[    0.000000] Booting Linux on physical CPU 0x0000000000 [0x410fd034]
[    0.000000] Linux version 5.10.0-98103-g2aa7ac113716 (jenkins@romlxbuild1.adlk.analog.com) (aarch64-xilinx-linux-gcc.real (GCC) 10.2.0, GNU ld (GNU Binutils) 2.35.0.20200730) #5577 SMP Wed Mar 23 07:28:49 GMT 2022
[    0.000000] Machine model: ZynqMP ZCU102 Rev1.0
[    0.000000] earlycon: cdns0 at MMIO 0x00000000ff000000 (options '115200n8')
[    0.000000] printk: bootconsole [cdns0] enabled
[    0.000000] efi: UEFI not found.
[    0.000000] cma: Reserved 256 MiB at 0x0000000070000000
[    0.000000] Zone ranges:
[    0.000000]   DMA      [mem 0x0000000000000000-0x000000003fffffff]
[    0.000000]   DMA32    [mem 0x0000000040000000-0x00000000ffffffff]
[    0.000000]   Normal   [mem 0x0000000100000000-0x000000087fffffff]
[    0.000000] Movable zone start for each node
[    0.000000] Early memory node ranges
[    0.000000]   node   0: [mem 0x0000000000000000-0x000000007fffffff]
[    0.000000]   node   0: [mem 0x0000000800000000-0x000000087fffffff]
[    0.000000] Initmem setup node 0 [mem 0x0000000000000000-0x000000087fffffff]
[    0.000000] On node 0 totalpages: 1048576
[    0.000000]   DMA zone: 3584 pages used for memmap
[    0.000000]   DMA zone: 0 pages reserved
[    0.000000]   DMA zone: 262144 pages, LIFO batch:63
[    0.000000]   DMA32 zone: 3584 pages used for memmap
[    0.000000]   DMA32 zone: 262144 pages, LIFO batch:63
[    0.000000]   Normal zone: 7168 pages used for memmap
[    0.000000]   Normal zone: 524288 pages, LIFO batch:63
[    0.000000] psci: probing for conduit method from DT.
[    0.000000] psci: PSCIv1.1 detected in firmware.
[    0.000000] psci: Using standard PSCI v0.2 function IDs
[    0.000000] psci: MIGRATE_INFO_TYPE not supported.
[    0.000000] psci: SMC Calling Convention v1.2
[    0.000000] percpu: Embedded 22 pages/cpu s49496 r8192 d32424 u90112
[    0.000000] pcpu-alloc: s49496 r8192 d32424 u90112 alloc=22*4096
[    0.000000] pcpu-alloc: [0] 0 [0] 1 [0] 2 [0] 3 
[    0.000000] Detected VIPT I-cache on CPU0
[    0.000000] CPU features: detected: ARM erratum 845719
[    0.000000] Built 1 zonelists, mobility grouping on.  Total pages: 1034240
[    0.000000] Kernel command line: console=ttyPS0,115200 root=/dev/mmcblk0p2 rw earlycon rootfstype=ext4 rootwait clk_ignore_unused cpuidle.off=1 root=/dev/mmcblk0p2 rw rootwait
[    0.000000] Dentry cache hash table entries: 524288 (order: 10, 4194304 bytes, linear)
[    0.000000] Inode-cache hash table entries: 262144 (order: 9, 2097152 bytes, linear)
[    0.000000] mem auto-init: stack:off, heap alloc:off, heap free:off
[    0.000000] software IO TLB: mapped [mem 0x000000003bfff000-0x000000003ffff000] (64MB)
[    0.000000] Memory: 3761904K/4194304K available (15296K kernel code, 1636K rwdata, 11876K rodata, 2560K init, 507K bss, 170256K reserved, 262144K cma-reserved)
[    0.000000] rcu: Hierarchical RCU implementation.
[    0.000000] rcu: 	RCU event tracing is enabled.
[    0.000000] rcu: 	RCU restricting CPUs from NR_CPUS=8 to nr_cpu_ids=4.
[    0.000000] rcu: RCU calculated value of scheduler-enlistment delay is 25 jiffies.
[    0.000000] rcu: Adjusting geometry for rcu_fanout_leaf=16, nr_cpu_ids=4
[    0.000000] NR_IRQS: 64, nr_irqs: 64, preallocated irqs: 0
[    0.000000] GIC: Adjusting CPU interface base to 0x00000000f902f000
[    0.000000] GIC: Using split EOI/Deactivate mode
[    0.000000] random: get_random_bytes called from start_kernel+0x31c/0x54c with crng_init=0
[    0.000000] arch_timer: cp15 timer(s) running at 100.00MHz (phys).
[    0.000000] clocksource: arch_sys_counter: mask: 0xffffffffffffff max_cycles: 0x171024e7e0, max_idle_ns: 440795205315 ns
[    0.000003] sched_clock: 56 bits at 100MHz, resolution 10ns, wraps every 4398046511100ns
[    0.008463] Console: colour dummy device 80x25
[    0.012482] Calibrating delay loop (skipped), value calculated using timer frequency.. 200.00 BogoMIPS (lpj=400000)
[    0.022841] pid_max: default: 32768 minimum: 301
[    0.027552] Mount-cache hash table entries: 8192 (order: 4, 65536 bytes, linear)
[    0.034789] Mountpoint-cache hash table entries: 8192 (order: 4, 65536 bytes, linear)
[    0.043398] rcu: Hierarchical SRCU implementation.
[    0.047560] EFI services will not be available.
[    0.051938] smp: Bringing up secondary CPUs ...
[    0.056657] Detected VIPT I-cache on CPU1
[    0.056696] CPU1: Booted secondary processor 0x0000000001 [0x410fd034]
[    0.057062] Detected VIPT I-cache on CPU2
[    0.057086] CPU2: Booted secondary processor 0x0000000002 [0x410fd034]
[    0.057426] Detected VIPT I-cache on CPU3
[    0.057449] CPU3: Booted secondary processor 0x0000000003 [0x410fd034]
[    0.057495] smp: Brought up 1 node, 4 CPUs
[    0.091780] SMP: Total of 4 processors activated.
[    0.096452] CPU features: detected: 32-bit EL0 Support
[    0.101556] CPU features: detected: CRC32 instructions
[    0.106696] CPU: All CPU(s) started at EL2
[    0.110736] alternatives: patching kernel code
[    0.116169] devtmpfs: initialized
[    0.124064] Registered cp15_barrier emulation handler
[    0.124115] Registered setend emulation handler
[    0.128091] clocksource: jiffies: mask: 0xffffffff max_cycles: 0xffffffff, max_idle_ns: 7645041785100000 ns
[    0.137670] futex hash table entries: 1024 (order: 4, 65536 bytes, linear)
[    0.151025] pinctrl core: initialized pinctrl subsystem
[    0.151674] NET: Registered protocol family 16
[    0.156094] DMA: preallocated 512 KiB GFP_KERNEL pool for atomic allocations
[    0.162108] DMA: preallocated 512 KiB GFP_KERNEL|GFP_DMA pool for atomic allocations
[    0.169834] DMA: preallocated 512 KiB GFP_KERNEL|GFP_DMA32 pool for atomic allocations
[    0.177636] audit: initializing netlink subsys (disabled)
[    0.183089] audit: type=2000 audit(0.116:1): state=initialized audit_enabled=0 res=1
[    0.183436] hw-breakpoint: found 6 breakpoint and 4 watchpoint registers.
[    0.197463] ASID allocator initialised with 65536 entries
[    0.224350] HugeTLB registered 1.00 GiB page size, pre-allocated 0 pages
[    0.225403] HugeTLB registered 32.0 MiB page size, pre-allocated 0 pages
[    0.232074] HugeTLB registered 2.00 MiB page size, pre-allocated 0 pages
[    0.238738] HugeTLB registered 64.0 KiB page size, pre-allocated 0 pages
[    1.304321] DRBG: Continuing without Jitter RNG
[    1.382133] raid6: neonx8   gen()  2145 MB/s
[    1.450180] raid6: neonx8   xor()  1599 MB/s
[    1.518242] raid6: neonx4   gen()  2194 MB/s
[    1.586289] raid6: neonx4   xor()  1566 MB/s
[    1.654362] raid6: neonx2   gen()  2075 MB/s
[    1.722409] raid6: neonx2   xor()  1440 MB/s
[    1.790473] raid6: neonx1   gen()  1772 MB/s
[    1.858517] raid6: neonx1   xor()  1220 MB/s
[    1.926578] raid6: int64x8  gen()  1438 MB/s
[    1.994633] raid6: int64x8  xor()   771 MB/s
[    2.062706] raid6: int64x4  gen()  1599 MB/s
[    2.130752] raid6: int64x4  xor()   818 MB/s
[    2.198834] raid6: int64x2  gen()  1397 MB/s
[    2.266871] raid6: int64x2  xor()   750 MB/s
[    2.334959] raid6: int64x1  gen()  1034 MB/s
[    2.403009] raid6: int64x1  xor()   517 MB/s
[    2.403048] raid6: using algorithm neonx4 gen() 2194 MB/s
[    2.407004] raid6: .... xor() 1566 MB/s, rmw enabled
[    2.411935] raid6: using neon recovery algorithm
[    2.416945] iommu: Default domain type: Translated 
[    2.421560] SCSI subsystem initialized
[    2.425104] libata version 3.00 loaded.
[    2.425229] usbcore: registered new interface driver usbfs
[    2.430561] usbcore: registered new interface driver hub
[    2.435834] usbcore: registered new device driver usb
[    2.440965] mc: Linux media interface: v0.10
[    2.445084] videodev: Linux video capture interface: v2.00
[    2.450574] EDAC MC: Ver: 3.0.0
[    2.454017] zynqmp-ipi-mbox mailbox@ff990400: Registered ZynqMP IPI mbox with TX/RX channels.
[    2.462530] jesd204: created con: id=0, topo=0, link=0, /axi/spi@ff050000/hmc7044@0 <-> /fpga-axi@0/axi-adxcvr-tx@84b60000
[    2.473103] jesd204: created con: id=1, topo=0, link=2, /axi/spi@ff050000/hmc7044@0 <-> /fpga-axi@0/axi-adxcvr-rx@84a60000
[    2.484087] jesd204: created con: id=2, topo=0, link=0, /fpga-axi@0/axi-adxcvr-tx@84b60000 <-> /fpga-axi@0/axi-jesd204-tx@84b90000
[    2.495763] jesd204: created con: id=3, topo=0, link=2, /fpga-axi@0/axi-adxcvr-rx@84a60000 <-> /fpga-axi@0/axi-jesd204-rx@84a90000
[    2.507440] jesd204: created con: id=4, topo=0, link=0, /fpga-axi@0/axi-jesd204-tx@84b90000 <-> /fpga-axi@0/axi-ad9081-tx-hpc@84b10000
[    2.519468] jesd204: created con: id=5, topo=0, link=2, /fpga-axi@0/axi-jesd204-rx@84a90000 <-> /fpga-axi@0/axi-ad9081-rx-hpc@84a10000
[    2.531490] jesd204: created con: id=6, topo=0, link=2, /fpga-axi@0/axi-ad9081-rx-hpc@84a10000 <-> /axi/spi@ff040000/ad9081@0
[    2.542732] jesd204: created con: id=7, topo=0, link=0, /fpga-axi@0/axi-ad9081-tx-hpc@84b10000 <-> /axi/spi@ff040000/ad9081@0
[    2.553982] jesd204: /axi/spi@ff040000/ad9081@0: JESD204[2] transition uninitialized -> initialized
[    2.562969] jesd204: /axi/spi@ff040000/ad9081@0: JESD204[0] transition uninitialized -> initialized
[    2.571960] jesd204: found 8 devices and 1 topologies
[    2.577004] FPGA manager framework
[    2.580482] Advanced Linux Sound Architecture Driver Initialized.
[    2.586775] Bluetooth: Core ver 2.22
[    2.589963] NET: Registered protocol family 31
[    2.594365] Bluetooth: HCI device and connection manager initialized
[    2.600681] Bluetooth: HCI socket layer initialized
[    2.605523] Bluetooth: L2CAP socket layer initialized
[    2.610547] Bluetooth: SCO socket layer initialized
[    2.615731] clocksource: Switched to clocksource arch_sys_counter
[    2.621538] VFS: Disk quotas dquot_6.6.0
[    2.625374] VFS: Dquot-cache hash table entries: 512 (order 0, 4096 bytes)
[    2.636088] NET: Registered protocol family 2
[    2.636818] tcp_listen_portaddr_hash hash table entries: 2048 (order: 3, 32768 bytes, linear)
[    2.645014] TCP established hash table entries: 32768 (order: 6, 262144 bytes, linear)
[    2.653040] TCP bind hash table entries: 32768 (order: 7, 524288 bytes, linear)
[    2.660484] TCP: Hash tables configured (established 32768 bind 32768)
[    2.666661] UDP hash table entries: 2048 (order: 4, 65536 bytes, linear)
[    2.673325] UDP-Lite hash table entries: 2048 (order: 4, 65536 bytes, linear)
[    2.680485] NET: Registered protocol family 1
[    2.684940] RPC: Registered named UNIX socket transport module.
[    2.690562] RPC: Registered udp transport module.
[    2.695226] RPC: Registered tcp transport module.
[    2.699896] RPC: Registered tcp NFSv4.1 backchannel transport module.
[    2.706886] PCI: CLS 0 bytes, default 64
[    2.710593] hw perfevents: no interrupt-affinity property for /pmu, guessing.
[    2.717447] hw perfevents: enabled with armv8_pmuv3 PMU driver, 7 counters available
[    2.725798] Initialise system trusted keyrings
[    2.729478] workingset: timestamp_bits=62 max_order=20 bucket_order=0
[    2.736375] NFS: Registering the id_resolver key type
[    2.740825] Key type id_resolver registered
[    2.744964] Key type id_legacy registered
[    2.748954] nfs4filelayout_init: NFSv4 File Layout Driver Registering...
[    2.755619] jffs2: version 2.2. (NAND) (SUMMARY)  Â© 2001-2006 Red Hat, Inc.
[    2.799164] NET: Registered protocol family 38
[    2.799207] xor: measuring software checksum speed
[    2.806894]    8regs           :  2363 MB/sec
[    2.810563]    32regs          :  2799 MB/sec
[    2.815505]    arm64_neon      :  2380 MB/sec
[    2.815695] xor: using function: 32regs (2799 MB/sec)
[    2.820721] Key type asymmetric registered
[    2.824782] Asymmetric key parser 'x509' registered
[    2.829643] Block layer SCSI generic (bsg) driver version 0.4 loaded (major 248)
[    2.836981] io scheduler mq-deadline registered
[    2.841477] io scheduler kyber registered
[    2.870889] Serial: 8250/16550 driver, 4 ports, IRQ sharing disabled
[    2.875528] cacheinfo: Unable to detect cache hierarchy for CPU 0
[    2.881869] brd: module loaded
[    2.886008] loop: module loaded
[    2.886553] Registered mathworks_ip class
[    2.889906] libphy: Fixed MDIO Bus: probed
[    2.892873] tun: Universal TUN/TAP device driver, 1.6
[    2.896942] CAN device driver interface
[    2.901477] usbcore: registered new interface driver asix
[    2.906076] usbcore: registered new interface driver ax88179_178a
[    2.912108] usbcore: registered new interface driver cdc_ether
[    2.917901] usbcore: registered new interface driver net1080
[    2.923527] usbcore: registered new interface driver cdc_subset
[    2.929407] usbcore: registered new interface driver zaurus
[    2.934950] usbcore: registered new interface driver cdc_ncm
[    2.941353] ehci_hcd: USB 2.0 'Enhanced' Host Controller (EHCI) Driver
[    2.947036] ehci-pci: EHCI PCI platform driver
[    2.951841] usbcore: registered new interface driver uas
[    2.956754] usbcore: registered new interface driver usb-storage
[    2.962741] usbcore: registered new interface driver usbserial_generic
[    2.969190] usbserial: USB Serial support registered for generic
[    2.975164] usbcore: registered new interface driver ftdi_sio
[    2.980867] usbserial: USB Serial support registered for FTDI USB Serial Device
[    2.988144] usbcore: registered new interface driver upd78f0730
[    2.994014] usbserial: USB Serial support registered for upd78f0730
[    3.001669] rtc_zynqmp ffa60000.rtc: registered as rtc0
[    3.005439] rtc_zynqmp ffa60000.rtc: setting system clock to 2022-03-26T00:41:02 UTC (1648255262)
[    3.014302] i2c /dev entries driver
[    3.019607] usbcore: registered new interface driver uvcvideo
[    3.023415] USB Video Class driver (1.1.1)
[    3.028990] Bluetooth: HCI UART driver ver 2.3
[    3.031897] Bluetooth: HCI UART protocol H4 registered
[    3.036995] Bluetooth: HCI UART protocol BCSP registered
[    3.042283] Bluetooth: HCI UART protocol LL registered
[    3.047374] Bluetooth: HCI UART protocol ATH3K registered
[    3.052749] Bluetooth: HCI UART protocol Three-wire (H5) registered
[    3.059001] Bluetooth: HCI UART protocol Intel registered
[    3.064339] Bluetooth: HCI UART protocol QCA registered
[    3.069544] usbcore: registered new interface driver bcm203x
[    3.075161] usbcore: registered new interface driver bpa10x
[    3.080697] usbcore: registered new interface driver bfusb
[    3.086150] usbcore: registered new interface driver btusb
[    3.091611] usbcore: registered new interface driver ath3k
[    3.097093] EDAC MC: ECC not enabled
[    3.100722] EDAC DEVICE0: Giving out device to module zynqmp-ocm-edac controller zynqmp_ocm: DEV ff960000.memory-controller (INTERRUPT)
[    3.113034] sdhci: Secure Digital Host Controller Interface driver
[    3.118824] sdhci: Copyright(c) Pierre Ossman
[    3.123146] sdhci-pltfm: SDHCI platform and OF driver helper
[    3.129201] ledtrig-cpu: registered to indicate activity on CPUs
[    3.134751] SMCCC: SOC_ID: ARCH_SOC_ID not implemented, skipping ....
[    3.141182] zynqmp_firmware_probe Platform Management API v1.1
[    3.146938] zynqmp_firmware_probe Trustzone version v1.0
[    3.186467] zynqmp-pinctrl firmware:zynqmp-firmware:pinctrl: zynqmp pinctrl initialized
[    3.234473] zynqmp-aes firmware:zynqmp-firmware:zynqmp-aes: will run requests pump with realtime priority
[    3.250299] alg: No test for xilinx-keccak-384 (zynqmp-keccak-384)
[    3.251010] alg: No test for xilinx-zynqmp-rsa (zynqmp-rsa)
[    3.256519] usbcore: registered new interface driver usbhid
[    3.261914] usbhid: USB HID core driver
[    3.273162] axi_sysid 85000000.axi-sysid-0: AXI System ID core version (1.01.a) found
[    3.275511] axi_sysid 85000000.axi-sysid-0: [ad9081_fmca_ebz] on [zcu102] git branch <master> git <084d44c9780640ca93fd847b1d9ec70dd65f5c67> clean [2022-03-18 04:17:50] UTC
[    3.291197] fpga_manager fpga0: Xilinx ZynqMP FPGA Manager registered
[    3.297553] usbcore: registered new interface driver snd-usb-audio
[    3.305007] pktgen: Packet Generator for packet performance testing. Version: 2.75
[    3.311191] Initializing XFRM netlink socket
[    3.315043] NET: Registered protocol family 10
[    3.319767] Segment Routing with IPv6
[    3.323131] sit: IPv6, IPv4 and MPLS over IPv4 tunneling driver
[    3.329210] NET: Registered protocol family 17
[    3.333316] NET: Registered protocol family 15
[    3.337810] can: controller area network core
[    3.342066] NET: Registered protocol family 29
[    3.346453] can: raw protocol
[    3.349389] can: broadcast manager protocol
[    3.353544] can: netlink gateway - max_hops=1
[    3.357938] Bluetooth: RFCOMM TTY layer initialized
[    3.362718] Bluetooth: RFCOMM socket layer initialized
[    3.367827] Bluetooth: RFCOMM ver 1.11
[    3.371531] Bluetooth: BNEP (Ethernet Emulation) ver 1.3
[    3.376808] Bluetooth: BNEP filters: protocol multicast
[    3.382002] Bluetooth: BNEP socket layer initialized
[    3.386929] Bluetooth: HIDP (Human Interface Emulation) ver 1.2
[    3.392813] Bluetooth: HIDP socket layer initialized
[    3.397867] 9pnet: Installing 9P2000 support
[    3.401989] NET: Registered protocol family 36
[    3.406407] Key type dns_resolver registered
[    3.410838] registered taskstats version 1
[    3.414703] Loading compiled-in X.509 certificates
[    3.419826] Btrfs loaded, crc32c=crc32c-generic
[    3.432225] ff000000.serial: ttyPS0 at MMIO 0xff000000 (irq = 49, base_baud = 6249999) is a xuartps
[    3.441246] printk: console [ttyPS0] enabled
[    3.445540] printk: bootconsole [cdns0] disabled
[    3.455168] ff010000.serial: ttyPS1 at MMIO 0xff010000 (irq = 50, base_baud = 6249999) is a xuartps
[    3.468419] of-fpga-region fpga-full: FPGA Region probed
[    3.475375] nwl-pcie fd0e0000.pcie: host bridge /axi/pcie@fd0e0000 ranges:
[    3.482271] nwl-pcie fd0e0000.pcie:      MEM 0x00e0000000..0x00efffffff -> 0x00e0000000
[    3.490272] nwl-pcie fd0e0000.pcie:      MEM 0x0600000000..0x07ffffffff -> 0x0600000000
[    3.498340] nwl-pcie fd0e0000.pcie: Link is DOWN
[    3.503098] nwl-pcie fd0e0000.pcie: PCI host bridge to bus 0000:00
[    3.509279] pci_bus 0000:00: root bus resource [bus 00-ff]
[    3.514759] pci_bus 0000:00: root bus resource [mem 0xe0000000-0xefffffff]
[    3.521624] pci_bus 0000:00: root bus resource [mem 0x600000000-0x7ffffffff pref]
[    3.529127] pci 0000:00:00.0: [10ee:d021] type 01 class 0x060400
[    3.535188] pci 0000:00:00.0: PME# supported from D0 D1 D2 D3hot
[    3.545631] pci 0000:00:00.0: PCI bridge to [bus 01-0c]
[    3.551609] xilinx-zynqmp-dma fd500000.dma: ZynqMP DMA driver Probe success
[    3.558786] xilinx-zynqmp-dma fd510000.dma: ZynqMP DMA driver Probe success
[    3.565963] xilinx-zynqmp-dma fd520000.dma: ZynqMP DMA driver Probe success
[    3.573129] xilinx-zynqmp-dma fd530000.dma: ZynqMP DMA driver Probe success
[    3.580297] xilinx-zynqmp-dma fd540000.dma: ZynqMP DMA driver Probe success
[    3.587466] xilinx-zynqmp-dma fd550000.dma: ZynqMP DMA driver Probe success
[    3.594637] xilinx-zynqmp-dma fd560000.dma: ZynqMP DMA driver Probe success
[    3.601806] xilinx-zynqmp-dma fd570000.dma: ZynqMP DMA driver Probe success
[    3.609203] xilinx-zynqmp-dpdma fd4c0000.dma-controller: Xilinx DPDMA engine is probed
[    3.617750] ahci-ceva fd0c0000.ahci: supply ahci not found, using dummy regulator
[    3.625299] ahci-ceva fd0c0000.ahci: supply phy not found, using dummy regulator
[    3.715901] hmc7044 spi2.0: PLL1: Acquisition, CLKIN0 @ 122880000 Hz, PFD: 80 kHz - PLL2: Locked @ 2424.000000 MHz
[    3.726618] jesd204: /axi/spi@ff050000/hmc7044@0,jesd204:1,parent=spi2.0: Using as SYSREF provider
[    3.736207] spi-nor spi0.0: SPI-NOR-UniqueID 100000235394732200270025081115266e
[    3.743517] spi-nor spi0.0: found n25q512a, expected m25p80
[    3.749721] spi-nor spi0.0: trying to lock already unlocked area
[    3.755728] spi-nor spi0.0: n25q512a (131072 Kbytes)
[    3.760711] 4 fixed-partitions partitions found on MTD device spi0.0
[    3.767059] Creating 4 MTD partitions on "spi0.0":
[    3.771845] 0x000000000000-0x000000100000 : "qspi-fsbl-uboot"
[    3.778334] 0x000000100000-0x000000600000 : "qspi-linux"
[    3.784290] 0x000000600000-0x000000620000 : "qspi-device-tree"
[    3.790762] 0x000000620000-0x000000c00000 : "qspi-rootfs"
[    3.799237] macb ff0e0000.ethernet: Not enabling partial store and forward
[    3.806762] libphy: MACB_mii_bus: probed
[    3.811833] macb ff0e0000.ethernet eth0: Cadence GEM rev 0x50070106 at 0xff0e0000 irq 30 (00:0a:35:04:8e:1b)
[    3.822036] xilinx-axipmon ffa00000.perf-monitor: Probed Xilinx APM
[    3.828612] xilinx-axipmon fd0b0000.perf-monitor: Probed Xilinx APM
[    3.835125] xilinx-axipmon fd490000.perf-monitor: Probed Xilinx APM
[    3.841668] xilinx-axipmon ffa10000.perf-monitor: Probed Xilinx APM
[    3.851666] pca953x 0-0020: supply vcc not found, using dummy regulator
[    3.858355] pca953x 0-0020: using no AI
[    3.862842] gpio-496 (sel0): hogged as output/low
[    3.867744] gpio-497 (sel1): hogged as output/high
[    3.872734] gpio-498 (sel2): hogged as output/high
[    3.877724] gpio-499 (sel3): hogged as output/high
[    3.882907] pca953x 0-0021: supply vcc not found, using dummy regulator
[    3.889581] pca953x 0-0021: using no AI
[    3.895352] ina2xx 2-0040: power monitor ina226 (Rshunt = 5000 uOhm)
[    3.902375] ina2xx 2-0041: power monitor ina226 (Rshunt = 5000 uOhm)
[    3.909419] ina2xx 2-0042: power monitor ina226 (Rshunt = 5000 uOhm)
[    3.916450] ina2xx 2-0043: power monitor ina226 (Rshunt = 5000 uOhm)
[    3.923474] ina2xx 2-0044: power monitor ina226 (Rshunt = 5000 uOhm)
[    3.930493] ina2xx 2-0045: power monitor ina226 (Rshunt = 5000 uOhm)
[    3.937523] ina2xx 2-0046: power monitor ina226 (Rshunt = 5000 uOhm)
[    3.944602] ina2xx 2-0047: power monitor ina226 (Rshunt = 5000 uOhm)
[    3.951624] ina2xx 2-004a: power monitor ina226 (Rshunt = 5000 uOhm)
[    3.958659] ina2xx 2-004b: power monitor ina226 (Rshunt = 5000 uOhm)
[    3.965067] i2c i2c-0: Added multiplexed i2c bus 2
[    3.970452] random: fast init done
[    3.973927] ina2xx 3-0040: power monitor ina226 (Rshunt = 2000 uOhm)
[    3.980953] ina2xx 3-0041: power monitor ina226 (Rshunt = 5000 uOhm)
[    3.987978] ina2xx 3-0042: power monitor ina226 (Rshunt = 5000 uOhm)
[    3.995014] ina2xx 3-0043: power monitor ina226 (Rshunt = 5000 uOhm)
[    4.002037] ina2xx 3-0044: power monitor ina226 (Rshunt = 5000 uOhm)
[    4.009064] ina2xx 3-0045: power monitor ina226 (Rshunt = 5000 uOhm)
[    4.016098] ina2xx 3-0046: power monitor ina226 (Rshunt = 5000 uOhm)
[    4.023125] ina2xx 3-0047: power monitor ina226 (Rshunt = 5000 uOhm)
[    4.029527] i2c i2c-0: Added multiplexed i2c bus 3
[    4.085639] i2c i2c-0: Added multiplexed i2c bus 4
[    4.090582] i2c i2c-0: Added multiplexed i2c bus 5
[    4.095369] pca954x 0-0075: registered 4 multiplexed busses for I2C mux pca9544
[    4.102719] cdns-i2c ff020000.i2c: 400 kHz mmio ff020000 irq 32
[    4.110443] at24 6-0054: supply vcc not found, using dummy regulator
[    4.117347] at24 6-0054: 1024 byte 24c08 EEPROM, writable, 1 bytes/write
[    4.124098] i2c i2c-1: Added multiplexed i2c bus 6
[    4.130531] si5341 7-0036: Chip: 5341 Grade: 1 Rev: 1
[    4.168236] i2c i2c-1: Added multiplexed i2c bus 7
[    4.175894] si570 8-005d: registered, current frequency 300000000 Hz
[    4.182295] i2c i2c-1: Added multiplexed i2c bus 8
[    4.202071] si570 9-005d: registered, current frequency 148500000 Hz
[    4.208476] i2c i2c-1: Added multiplexed i2c bus 9
[    4.213513] si5324 10-0069: si5328 probed
[    4.280097] si5324 10-0069: si5328 probe successful
[    4.285027] i2c i2c-1: Added multiplexed i2c bus 10
[    4.290053] i2c i2c-1: Added multiplexed i2c bus 11
[    4.295081] i2c i2c-1: Added multiplexed i2c bus 12
[    4.300101] i2c i2c-1: Added multiplexed i2c bus 13
[    4.304982] pca954x 1-0074: registered 8 multiplexed busses for I2C switch pca9548
[    4.313094] at24 14-0050: supply vcc not found, using dummy regulator
[    4.319881] at24 14-0050: 256 byte 24c02 EEPROM, writable, 1 bytes/write
[    4.326626] i2c i2c-1: Added multiplexed i2c bus 14
[    4.331667] i2c i2c-1: Added multiplexed i2c bus 15
[    4.336698] i2c i2c-1: Added multiplexed i2c bus 16
[    4.341734] i2c i2c-1: Added multiplexed i2c bus 17
[    4.346765] i2c i2c-1: Added multiplexed i2c bus 18
[    4.351817] i2c i2c-1: Added multiplexed i2c bus 19
[    4.356853] i2c i2c-1: Added multiplexed i2c bus 20
[    4.361891] i2c i2c-1: Added multiplexed i2c bus 21
[    4.366766] pca954x 1-0075: registered 8 multiplexed busses for I2C switch pca9548
[    4.374375] cdns-i2c ff030000.i2c: 400 kHz mmio ff030000 irq 33
[    4.384121] cdns-wdt fd4d0000.watchdog: Xilinx Watchdog Timer with timeout 60s
[    4.395065] axi_adxcvr 84a60000.axi-adxcvr-rx: AXI-ADXCVR-RX (17.05.a) using CPLL on GTH4 at 0x84A60000. Number of lanes: 4.
[    4.407240] axi_adxcvr 84b60000.axi-adxcvr-tx: AXI-ADXCVR-TX (17.05.a) using QPLL on GTH4 at 0x84B60000. Number of lanes: 4.
[    4.418864] axi-jesd204-rx 84a90000.axi-jesd204-rx: AXI-JESD204-RX (1.07.a) at 0x84A90000. Encoder 8b10b, width 4/4, lanes 4, jesd204-fsm.
[    4.426149] mmc0: SDHCI controller on ff170000.mmc [ff170000.mmc] using ADMA 64-bit
[    4.431708] axi-jesd204-tx 84b90000.axi-jesd204-tx: AXI-JESD204-TX (1.06.a) at 0x84B90000. Encoder 8b10b, width 4/4, lanes 4, jesd204-fsm.
[    4.452430] zynqmp-display fd4a0000.display: vtc bridge property not present
[    4.462089] xilinx-dp-snd-codec fd4a0000.display:zynqmp_dp_snd_codec0: Failed to get required clock freq
[    4.471597] xilinx-dp-snd-codec: probe of fd4a0000.display:zynqmp_dp_snd_codec0 failed with error -22
[    4.473516] mmc0: new high speed SDHC card at address 0001
[    4.481134] xilinx-dp-snd-pcm zynqmp_dp_snd_pcm0: Xilinx DisplayPort Sound PCM probed
[    4.486646] mmcblk0: mmc0:0001 EB1QT 29.8 GiB 
[    4.494451] xilinx-dp-snd-pcm zynqmp_dp_snd_pcm1: Xilinx DisplayPort Sound PCM probed
[    4.499806]  mmcblk0: p1 p2 p3
[    4.506753] OF: graph: no port node found in /axi/display@fd4a0000
[    4.515832] xlnx-drm xlnx-drm.0: bound fd4a0000.display (ops 0xffffffc010fcbdb8)
[    5.599748] zynqmp-display fd4a0000.display: [drm] Cannot find any crtc or sizes
[    5.607357] [drm] Initialized xlnx 1.0.0 20130509 for fd4a0000.display on minor 0
[    5.614848] zynqmp-display fd4a0000.display: ZynqMP DisplayPort Subsystem driver probed
[    5.623173] ahci-ceva fd0c0000.ahci: supply ahci not found, using dummy regulator
[    5.630719] ahci-ceva fd0c0000.ahci: supply phy not found, using dummy regulator
[    5.638178] ahci-ceva fd0c0000.ahci: supply target not found, using dummy regulator
[    5.656075] ahci-ceva fd0c0000.ahci: AHCI 0001.0301 32 slots 2 ports 6 Gbps 0x3 impl platform mode
[    5.665036] ahci-ceva fd0c0000.ahci: flags: 64bit ncq sntf pm clo only pmp fbs pio slum part ccc sds apst 
[    5.675661] scsi host0: ahci-ceva
[    5.679262] scsi host1: ahci-ceva
[    5.682688] ata1: SATA max UDMA/133 mmio [mem 0xfd0c0000-0xfd0c1fff] port 0x100 irq 45
[    5.690602] ata2: SATA max UDMA/133 mmio [mem 0xfd0c0000-0xfd0c1fff] port 0x180 irq 45
[    5.699204] ad9081 spi1.0: supply vdd not found, using dummy regulator
[    6.009948] ata2: SATA link down (SStatus 0 SControl 330)
[    6.015367] ata1: SATA link down (SStatus 0 SControl 330)
[    6.683750] zynqmp-display fd4a0000.display: [drm] Cannot find any crtc or sizes
[    6.881445] ad9081 spi1.0: Invalid param passed., "ref_clk_hz < 100000000ULL" in adi_ad9081_device_clk_config_set(...), line554 in drivers/iio/adc/ad9081/adi_ad9081_device.c
[    7.556059] ad9081 spi1.0: AD9081 Rev. 2 Grade 10 (API 1.2.2) probed
[    7.563265] xhci-hcd xhci-hcd.1.auto: xHCI Host Controller
[    7.568758] xhci-hcd xhci-hcd.1.auto: new USB bus registered, assigned bus number 1
[    7.576504] xhci-hcd xhci-hcd.1.auto: hcc params 0x0238f625 hci version 0x100 quirks 0x0000000002010810
[    7.585917] xhci-hcd xhci-hcd.1.auto: irq 59, io mem 0xfe200000
[    7.592023] usb usb1: New USB device found, idVendor=1d6b, idProduct=0002, bcdDevice= 5.10
[    7.600282] usb usb1: New USB device strings: Mfr=3, Product=2, SerialNumber=1
[    7.607500] usb usb1: Product: xHCI Host Controller
[    7.612368] usb usb1: Manufacturer: Linux 5.10.0-98103-g2aa7ac113716 xhci-hcd
[    7.619494] usb usb1: SerialNumber: xhci-hcd.1.auto
[    7.624659] hub 1-0:1.0: USB hub found
[    7.628422] hub 1-0:1.0: 1 port detected
[    7.632533] xhci-hcd xhci-hcd.1.auto: xHCI Host Controller
[    7.638015] xhci-hcd xhci-hcd.1.auto: new USB bus registered, assigned bus number 2
[    7.645671] xhci-hcd xhci-hcd.1.auto: Host supports USB 3.0 SuperSpeed
[    7.652292] usb usb2: New USB device found, idVendor=1d6b, idProduct=0003, bcdDevice= 5.10
[    7.660555] usb usb2: New USB device strings: Mfr=3, Product=2, SerialNumber=1
[    7.667775] usb usb2: Product: xHCI Host Controller
[    7.672643] usb usb2: Manufacturer: Linux 5.10.0-98103-g2aa7ac113716 xhci-hcd
[    7.679768] usb usb2: SerialNumber: xhci-hcd.1.auto
[    7.684876] hub 2-0:1.0: USB hub found
[    7.688640] hub 2-0:1.0: 1 port detected
[    7.718697] cf_axi_adc 84a10000.axi-ad9081-rx-hpc: ADI AIM (10.01.b) at 0x84A10000 mapped to 0x(____ptrval____), probed ADC AD9081 as MASTER
[    7.752577] cf_axi_dds 84b10000.axi-ad9081-tx-hpc: Analog Devices CF_AXI_DDS_DDS MASTER (9.01.b) at 0x84B10000 mapped to 0x(____ptrval____), probed DDS AD9081
[    7.766774] jesd204: /axi/spi@ff040000/ad9081@0,jesd204:0,parent=spi1.0: JESD204[2] transition initialized -> probed
[    7.777299] jesd204: /axi/spi@ff040000/ad9081@0,jesd204:0,parent=spi1.0: JESD204[0] transition initialized -> probed
[    7.787819] jesd204: /axi/spi@ff040000/ad9081@0,jesd204:0,parent=spi1.0: JESD204[2] transition probed -> idle
[    7.797729] jesd204: /axi/spi@ff040000/ad9081@0,jesd204:0,parent=spi1.0: JESD204[0] transition probed -> idle
[    7.807643] jesd204: /axi/spi@ff040000/ad9081@0,jesd204:0,parent=spi1.0: JESD204[2] transition idle -> device_init
[    7.817987] jesd204: /axi/spi@ff040000/ad9081@0,jesd204:0,parent=spi1.0: JESD204[0] transition idle -> device_init
[    7.828337] jesd204: /axi/spi@ff040000/ad9081@0,jesd204:0,parent=spi1.0: JESD204[2] transition device_init -> link_init
[    7.839113] jesd204: /axi/spi@ff040000/ad9081@0,jesd204:0,parent=spi1.0: JESD204[0] transition device_init -> link_init
[    7.849907] jesd204: /axi/spi@ff040000/ad9081@0,jesd204:0,parent=spi1.0: JESD204[2] transition link_init -> link_supported
[    7.860945] jesd204: /axi/spi@ff040000/ad9081@0,jesd204:0,parent=spi1.0: JESD204[0] transition link_init -> link_supported
[    7.872349] hmc7044 spi2.0: hmc7044_jesd204_link_pre_setup: Link2 forcing continuous SYSREF mode
[    7.881529] jesd204: /axi/spi@ff040000/ad9081@0,jesd204:0,parent=spi1.0: JESD204[2] transition link_supported -> link_pre_setup
[    7.893000] jesd204: /axi/spi@ff040000/ad9081@0,jesd204:0,parent=spi1.0: JESD204[0] transition link_supported -> link_pre_setup
[    7.916870] jesd204: /axi/spi@ff040000/ad9081@0,jesd204:0,parent=spi1.0: JESD204[2] transition link_pre_setup -> clk_sync_stage1
[    7.928432] jesd204: /axi/spi@ff040000/ad9081@0,jesd204:0,parent=spi1.0: JESD204[0] transition link_pre_setup -> clk_sync_stage1
[    7.939997] jesd204: /axi/spi@ff040000/ad9081@0,jesd204:0,parent=spi1.0: JESD204[2] transition clk_sync_stage1 -> clk_sync_stage2
[    7.951641] jesd204: /axi/spi@ff040000/ad9081@0,jesd204:0,parent=spi1.0: JESD204[0] transition clk_sync_stage1 -> clk_sync_stage2
[    7.963293] jesd204: /axi/spi@ff040000/ad9081@0,jesd204:0,parent=spi1.0: JESD204[2] transition clk_sync_stage2 -> clk_sync_stage3
[    7.974937] jesd204: /axi/spi@ff040000/ad9081@0,jesd204:0,parent=spi1.0: JESD204[0] transition clk_sync_stage2 -> clk_sync_stage3
[    7.988662] jesd204: /axi/spi@ff040000/ad9081@0,jesd204:0,parent=spi1.0: JESD204[2] transition clk_sync_stage3 -> link_setup
[    7.999876] jesd204: /axi/spi@ff040000/ad9081@0,jesd204:0,parent=spi1.0: JESD204[0] transition clk_sync_stage3 -> link_setup
[    8.015915] jesd204: /axi/spi@ff040000/ad9081@0,jesd204:0,parent=spi1.0: JESD204[2] transition link_setup -> opt_setup_stage1
[    8.027219] jesd204: /axi/spi@ff040000/ad9081@0,jesd204:0,parent=spi1.0: JESD204[0] transition link_setup -> opt_setup_stage1
[    8.043561] jesd204: /axi/spi@ff040000/ad9081@0,jesd204:0,parent=spi1.0: JESD204[2] transition opt_setup_stage1 -> opt_setup_stage2
[    8.055387] jesd204: /axi/spi@ff040000/ad9081@0,jesd204:0,parent=spi1.0: JESD204[0] transition opt_setup_stage1 -> opt_setup_stage2
[    8.067363] jesd204: /axi/spi@ff040000/ad9081@0,jesd204:0,parent=spi1.0: JESD204[2] transition opt_setup_stage2 -> opt_setup_stage3
[    8.079187] jesd204: /axi/spi@ff040000/ad9081@0,jesd204:0,parent=spi1.0: JESD204[0] transition opt_setup_stage2 -> opt_setup_stage3
[    8.091011] jesd204: /axi/spi@ff040000/ad9081@0,jesd204:0,parent=spi1.0: JESD204[2] transition opt_setup_stage3 -> opt_setup_stage4
[    8.102828] jesd204: /axi/spi@ff040000/ad9081@0,jesd204:0,parent=spi1.0: JESD204[0] transition opt_setup_stage3 -> opt_setup_stage4
[    8.114658] jesd204: /axi/spi@ff040000/ad9081@0,jesd204:0,parent=spi1.0: JESD204[2] transition opt_setup_stage4 -> opt_setup_stage5
[    8.126483] jesd204: /axi/spi@ff040000/ad9081@0,jesd204:0,parent=spi1.0: JESD204[0] transition opt_setup_stage4 -> opt_setup_stage5
[    8.142409] jesd204: /axi/spi@ff040000/ad9081@0,jesd204:0,parent=spi1.0: JESD204[2] transition opt_setup_stage5 -> clocks_enable
[    8.153973] jesd204: /axi/spi@ff040000/ad9081@0,jesd204:0,parent=spi1.0: JESD204[0] transition opt_setup_stage5 -> clocks_enable
[    8.188776] axi_adxcvr 84a60000.axi-adxcvr-rx: adxcvr_clk_enable: CPLL RX buffer underflow error, status: 0x61
[    8.198759] axi_adxcvr 84a60000.axi-adxcvr-rx: adxcvr_clk_enable: CPLL RX buffer overflow error, status: 0x61
[    8.208730] jesd204: /axi/spi@ff040000/ad9081@0,jesd204:0,parent=spi1.0: JESD204[2] transition clocks_enable -> link_enable
[    8.219855] jesd204: /axi/spi@ff040000/ad9081@0,jesd204:0,parent=spi1.0: JESD204[0] transition clocks_enable -> link_enable
[    8.251968] ad9081 spi1.0: JESD RX (JTX) Link2 in DATA, SYNC deasserted, PLL locked, PHASE established, MODE valid
[    8.262576] ad9081 spi1.0: JESD TX (JRX) Link0 0xF lanes in DATA
[    8.268585] jesd204: /axi/spi@ff040000/ad9081@0,jesd204:0,parent=spi1.0: JESD204[2] transition link_enable -> link_running
[    8.279624] jesd204: /axi/spi@ff040000/ad9081@0,jesd204:0,parent=spi1.0: JESD204[0] transition link_enable -> link_running
[    8.290668] jesd204: /axi/spi@ff040000/ad9081@0,jesd204:0,parent=spi1.0: JESD204[2] transition link_running -> opt_post_running_stage
[    8.302660] jesd204: /axi/spi@ff040000/ad9081@0,jesd204:0,parent=spi1.0: JESD204[0] transition link_running -> opt_post_running_stage
[    8.323880] input: gpio-keys as /devices/platform/gpio-keys/input/input0
[    8.330899] of_cfs_init
[    8.333362] of_cfs_init: OK
[    8.336303] cfg80211: Loading compiled-in X.509 certificates for regulatory database
[    8.474355] cfg80211: Loaded X.509 cert 'sforshee: 00b28ddf47aef9cea7'
[    8.480889] clk: Not disabling unused clocks
[    8.485419] ALSA device list:
[    8.488379]   No soundcards found.
[    8.492038] platform regulatory.0: Direct firmware load for regulatory.db failed with error -2
[    8.500652] cfg80211: failed to load regulatory.db
[    8.515616] EXT4-fs (mmcblk0p2): mounted filesystem with ordered data mode. Opts: (null)
[    8.523744] VFS: Mounted root (ext4 filesystem) on device 179:2.
[    8.537348] devtmpfs: mounted
[    8.541200] Freeing unused kernel memory: 2560K
[    8.559781] Run /sbin/init as init process
[    8.563873]   with arguments:
[    8.563876]     /sbin/init
[    8.563878]   with environment:
[    8.563880]     HOME=/
[    8.563882]     TERM=linux
[    9.132774] systemd[1]: systemd 241 running in system mode. (+PAM +AUDIT +SELINUX +IMA +APPARMOR +SMACK +SYSVINIT +UTMP +LIBCRYPTSETUP +GCRYPT +GNUTLS +ACL +XZ +LZ4 +SECCOMP +BLKID +ELFUTILS +KMOD -IDN2 +IDN -PCRE2 default-hierarchy=hybrid)
[    9.154635] systemd[1]: Detected architecture arm64.
[    9.176461] systemd[1]: Set hostname to <analog>.
[    9.362828] systemd[1]: File /lib/systemd/system/systemd-journald.service:12 configures an IP firewall (IPAddressDeny=any), but the local system does not support BPF/cgroup based firewalling.
[    9.379891] systemd[1]: Proceeding WITHOUT firewalling in effect! (This warning is only shown for the first loaded unit using IP firewalling.)
[    9.543882] systemd[1]: /etc/systemd/system/tof-server.service:1: Assignment outside of section. Ignoring.
[    9.553602] systemd[1]: /etc/systemd/system/tof-server.service:2: Assignment outside of section. Ignoring.
[    9.737514] random: systemd: uninitialized urandom read (16 bytes read)
[    9.752311] random: systemd: uninitialized urandom read (16 bytes read)
[    9.759299] systemd[1]: Listening on udev Kernel Socket.
[    9.779833] systemd[1]: Condition check resulted in Arbitrary Executable File Formats File System Automount Point being skipped.
[    9.791429] random: systemd: uninitialized urandom read (16 bytes read)
[    9.798608] systemd[1]: Created slice system-systemd\x2dfsck.slice.
[   10.447075] ------------[ cut here ]------------
[   10.447084] Enabling unprepared \xa0\xe9Q\x88\xff\xff\xffpQ\x88\xff\xff\xff
[   10.447130] WARNING: CPU: 2 PID: 112 at drivers/clk/clk.c:1012 clk_core_enable+0xa4/0xc0
[   10.447133] Modules linked in:
[   10.447143] CPU: 2 PID: 112 Comm: kworker/2:1H Not tainted 5.10.0-98103-g2aa7ac113716 #5577
[   10.447146] Hardware name: ZynqMP ZCU102 Rev1.0 (DT)
[   10.447156] Workqueue: kblockd blk_mq_run_work_fn
[   10.447163] pstate: 80000085 (Nzcv daIf -PAN -UAO -TCO BTYPE=--)
[   10.447169] pc : clk_core_enable+0xa4/0xc0
[   10.447174] lr : clk_core_enable+0xa4/0xc0
[   10.447177] sp : ffffffc0125bb2d0
[   10.447180] x29: ffffffc0125bb2d0 x28: ffffff8800330c10 
[   10.447187] x27: ffffff8800330d48 x26: 0000005000000101 
[   10.447194] x25: 0000000268c00ca0 x24: 0000000000000001 
[   10.447200] x23: ffffff88010e9380 x22: ffffff8801083220 
[   10.447207] x21: ffffff8801517000 x20: ffffff8801517008 
[   10.447213] x19: ffffff8801517008 x18: 0000000000000030 
[   10.447219] x17: 0000000000000003 x16: 0000ab1b0bc1af70 
[   10.447226] x15: ffffffffffff8840 x14: ffffffc011d3b1a0 
[   10.447233] x13: ffffffc011d3b1c8 x12: 00000000000005ee 
[   10.447239] x11: 00000000000001fa x10: ffffffc011d671c8 
[   10.447246] x9 : 00000000fffff800 x8 : ffffffc011d3b1c8 
[   10.447252] x7 : ffffffc011d671c8 x6 : 0000000000000001 
[   10.447259] x5 : ffffff887f7929e0 x4 : 0000000000000000 
[   10.447265] x3 : 0000000000000027 x2 : 0000000000000023 
[   10.447271] x1 : 6acdfb2231811f00 x0 : 0000000000000000 
[   10.447278] Call trace:
[   10.447284]  clk_core_enable+0xa4/0xc0
[   10.447289]  clk_enable+0x2c/0x60
[   10.447295]  zynqmp_runtime_resume+0x24/0x84
[   10.447302]  pm_generic_runtime_resume+0x30/0x50
[   10.447308]  __genpd_runtime_resume+0x30/0xb0
[   10.447314]  genpd_runtime_resume+0x90/0x250
[   10.447320]  __rpm_callback+0x10c/0x1e0
[   10.447325]  rpm_callback+0x5c/0x84
[   10.447330]  rpm_resume+0x4a4/0x74c
[   10.447335]  __pm_runtime_resume+0x78/0xc4
[   10.447340]  spi_mem_access_start.isra.0+0x30/0x80
[   10.447344]  spi_mem_exec_op+0x3b0/0x424
[   10.447349]  spi_nor_read_sr+0x78/0xe0
[   10.447354]  spi_nor_wait_till_ready_with_timeout+0xb4/0x2f0
[   10.447358]  spi_nor_read+0x188/0x380
[   10.447363]  mtd_read_oob_std+0x78/0x84
[   10.447368]  mtd_read_oob+0x7c/0x134
[   10.447372]  mtd_read+0x48/0x7c
[   10.447378]  mtdblock_readsect+0x6c/0x150
[   10.447383]  mtd_queue_rq+0x2cc/0x5a0
[   10.447389]  blk_mq_dispatch_rq_list+0x110/0x790
[   10.447395]  __blk_mq_do_dispatch_sched+0x200/0x274
[   10.447401]  __blk_mq_sched_dispatch_requests+0x1a8/0x1fc
[   10.447406]  blk_mq_sched_dispatch_requests+0x3c/0x7c
[   10.447411]  __blk_mq_run_hw_queue+0x98/0x100
[   10.447416]  blk_mq_run_work_fn+0x24/0x30
[   10.447421]  process_one_work+0x1d4/0x380
[   10.447425]  worker_thread+0x78/0x4e0
[   10.447431]  kthread+0x124/0x130
[   10.447436]  ret_from_fork+0x10/0x3c
[   10.447439] ---[ end trace 65ebc3a0f352fa11 ]---
[   10.447447] zynqmp-qspi ff0f0000.spi: Cannot enable APB clock.
[   10.447496] spi_master spi0: Failed to power device: -108
[   10.447506] blk_update_request: I/O error, dev mtdblock0, sector 8 op 0x0:(READ) flags 0x80700 phys_seg 1 prio class 0
[   10.447572] spi_master spi0: Failed to power device: -22
[   10.447579] blk_update_request: I/O error, dev mtdblock0, sector 8 op 0x0:(READ) flags 0x0 phys_seg 8 prio class 0
[   10.447584] Buffer I/O error on dev mtdblock0, logical block 8, async page read
[   10.447594] spi_master spi0: Failed to power device: -22
[   10.447599] blk_update_request: I/O error, dev mtdblock0, sector 9 op 0x0:(READ) flags 0x0 phys_seg 7 prio class 0
[   10.447603] Buffer I/O error on dev mtdblock0, logical block 9, async page read
[   10.447611] spi_master spi0: Failed to power device: -22
[   10.447616] blk_update_request: I/O error, dev mtdblock0, sector 10 op 0x0:(READ) flags 0x0 phys_seg 6 prio class 0
[   10.447620] Buffer I/O error on dev mtdblock0, logical block 10, async page read
[   10.447627] spi_master spi0: Failed to power device: -22
[   10.447633] blk_update_request: I/O error, dev mtdblock0, sector 11 op 0x0:(READ) flags 0x0 phys_seg 5 prio class 0
[   10.447637] Buffer I/O error on dev mtdblock0, logical block 11, async page read
[   10.447643] spi_master spi0: Failed to power device: -22
[   10.447649] blk_update_request: I/O error, dev mtdblock0, sector 12 op 0x0:(READ) flags 0x0 phys_seg 4 prio class 0
[   10.447653] Buffer I/O error on dev mtdblock0, logical block 12, async page read
[   10.447659] spi_master spi0: Failed to power device: -22
[   10.447665] blk_update_request: I/O error, dev mtdblock0, sector 13 op 0x0:(READ) flags 0x0 phys_seg 3 prio class 0
[   10.447669] Buffer I/O error on dev mtdblock0, logical block 13, async page read
[   10.447675] spi_master spi0: Failed to power device: -22
[   10.447681] blk_update_request: I/O error, dev mtdblock0, sector 14 op 0x0:(READ) flags 0x0 phys_seg 2 prio class 0
[   10.447685] Buffer I/O error on dev mtdblock0, logical block 14, async page read
[   10.447691] spi_master spi0: Failed to power device: -22
[   10.447697] blk_update_request: I/O error, dev mtdblock0, sector 15 op 0x0:(READ) flags 0x0 phys_seg 1 prio class 0
[   10.447701] Buffer I/O error on dev mtdblock0, logical block 15, async page read
[   10.448027] spi_master spi0: Failed to power device: -22
[   10.448034] blk_update_request: I/O error, dev mtdblock1, sector 10112 op 0x0:(READ) flags 0x80700 phys_seg 1 prio class 0
[   10.448079] spi_master spi0: Failed to power device: -22
[   10.448085] Buffer I/O error on dev mtdblock1, logical block 10112, async page read
[   10.448093] spi_master spi0: Failed to power device: -22
[   10.448098] Buffer I/O error on dev mtdblock1, logical block 10113, async page read
[   10.448105] spi_master spi0: Failed to power device: -22
[   10.448112] spi_master spi0: Failed to power device: -22
[   10.448120] spi_master spi0: Failed to power device: -22
[   10.448127] spi_master spi0: Failed to power device: -22
[   10.448134] spi_master spi0: Failed to power device: -22
[   10.448142] spi_master spi0: Failed to power device: -22
[   10.448385] spi_master spi0: Failed to power device: -22
[   10.448430] spi_master spi0: Failed to power device: -22
[   10.448439] spi_master spi0: Failed to power device: -22
[   10.448451] spi_master spi0: Failed to power device: -22
[   10.448459] spi_master spi0: Failed to power device: -22
[   10.448466] spi_master spi0: Failed to power device: -22
[   10.448473] spi_master spi0: Failed to power device: -22
[   10.448480] spi_master spi0: Failed to power device: -22
[   10.448487] spi_master spi0: Failed to power device: -22
[   10.448785] spi_master spi0: Failed to power device: -22
[   10.448829] spi_master spi0: Failed to power device: -22
[   10.448838] spi_master spi0: Failed to power device: -22
[   10.448846] spi_master spi0: Failed to power device: -22
[   10.448854] spi_master spi0: Failed to power device: -22
[   10.448862] spi_master spi0: Failed to power device: -22
[   10.448869] spi_master spi0: Failed to power device: -22
[   10.448876] spi_master spi0: Failed to power device: -22
[   10.448887] spi_master spi0: Failed to power device: -22
[   10.573462] EXT4-fs (mmcblk0p2): re-mounted. Opts: (null)
[   10.700563] systemd-journald[169]: Received request to flush runtime journal from PID 1
[   16.707509] macb ff0e0000.ethernet eth0: PHY [ff0e0000.ethernet-ffffffff:0c] driver [TI DP83867] (irq=POLL)
[   16.707522] macb ff0e0000.ethernet eth0: configuring for phy/rgmii-id link mode
[   17.843752] Adding 95228k swap on /var/swap.  Priority:-2 extents:2 across:661164k SS
[   18.723759] random: crng init done
[   18.723770] random: 7 urandom warning(s) missed due to ratelimiting
[   19.759541] broken atomic modeset userspace detected, disabling atomic
[   20.801348] macb ff0e0000.ethernet eth0: Link is Up - 1Gbps/Full - flow control off
[   20.801373] IPv6: ADDRCONF(NETDEV_CHANGE): eth0: link becomes ready
[   22.421530] broken atomic modeset userspace detected, disabling atomic
[   25.417763] broken atomic modeset userspace detected, disabling atomic
[   28.052806] broken atomic modeset userspace detected, disabling atomic