[    0.000000] Booting Linux on physical CPU 0x0000000000 [0x410fd034]
[    0.000000] Linux version 5.10.0-98103-g2aa7ac113716 (jenkins@romlxbuild1.adlk.analog.com) (aarch64-xilinx-linux-gcc.real (GCC) 10.2.0, GNU ld (GNU Binutils) 2.35.0.20200730) #5577 SMP Wed Mar 23 07:28:49 GMT 2022
[    0.000000] Machine model: ZynqMP ZCU102 Rev1.0
[    0.000000] earlycon: cdns0 at MMIO 0x00000000ff000000 (options '115200n8')
[    0.000000] printk: bootconsole [cdns0] enabled
[    0.000000] efi: UEFI not found.
[    0.000000] cma: Reserved 256 MiB at 0x0000000070000000
[    0.000000] Zone ranges:
[    0.000000]   DMA      [mem 0x0000000000000000-0x000000003fffffff]
[    0.000000]   DMA32    [mem 0x0000000040000000-0x00000000ffffffff]
[    0.000000]   Normal   [mem 0x0000000100000000-0x000000087fffffff]
[    0.000000] Movable zone start for each node
[    0.000000] Early memory node ranges
[    0.000000]   node   0: [mem 0x0000000000000000-0x000000007fffffff]
[    0.000000]   node   0: [mem 0x0000000800000000-0x000000087fffffff]
[    0.000000] Initmem setup node 0 [mem 0x0000000000000000-0x000000087fffffff]
[    0.000000] On node 0 totalpages: 1048576
[    0.000000]   DMA zone: 3584 pages used for memmap
[    0.000000]   DMA zone: 0 pages reserved
[    0.000000]   DMA zone: 262144 pages, LIFO batch:63
[    0.000000]   DMA32 zone: 3584 pages used for memmap
[    0.000000]   DMA32 zone: 262144 pages, LIFO batch:63
[    0.000000]   Normal zone: 7168 pages used for memmap
[    0.000000]   Normal zone: 524288 pages, LIFO batch:63
[    0.000000] psci: probing for conduit method from DT.
[    0.000000] psci: PSCIv1.1 detected in firmware.
[    0.000000] psci: Using standard PSCI v0.2 function IDs
[    0.000000] psci: MIGRATE_INFO_TYPE not supported.
[    0.000000] psci: SMC Calling Convention v1.2
[    0.000000] percpu: Embedded 22 pages/cpu s49496 r8192 d32424 u90112
[    0.000000] pcpu-alloc: s49496 r8192 d32424 u90112 alloc=22*4096
[    0.000000] pcpu-alloc: [0] 0 [0] 1 [0] 2 [0] 3 
[    0.000000] Detected VIPT I-cache on CPU0
[    0.000000] CPU features: detected: ARM erratum 845719
[    0.000000] Built 1 zonelists, mobility grouping on.  Total pages: 1034240
[    0.000000] Kernel command line: console=ttyPS0,115200 root=/dev/mmcblk0p2 rw earlycon rootfstype=ext4 rootwait clk_ignore_unused cpuidle.off=1 root=/dev/mmcblk0p2 rw rootwait
[    0.000000] Dentry cache hash table entries: 524288 (order: 10, 4194304 bytes, linear)
[    0.000000] Inode-cache hash table entries: 262144 (order: 9, 2097152 bytes, linear)
[    0.000000] mem auto-init: stack:off, heap alloc:off, heap free:off
[    0.000000] software IO TLB: mapped [mem 0x000000003bfff000-0x000000003ffff000] (64MB)
[    0.000000] Memory: 3761904K/4194304K available (15296K kernel code, 1636K rwdata, 11876K rodata, 2560K init, 507K bss, 170256K reserved, 262144K cma-reserved)
[    0.000000] rcu: Hierarchical RCU implementation.
[    0.000000] rcu: 	RCU event tracing is enabled.
[    0.000000] rcu: 	RCU restricting CPUs from NR_CPUS=8 to nr_cpu_ids=4.
[    0.000000] rcu: RCU calculated value of scheduler-enlistment delay is 25 jiffies.
[    0.000000] rcu: Adjusting geometry for rcu_fanout_leaf=16, nr_cpu_ids=4
[    0.000000] NR_IRQS: 64, nr_irqs: 64, preallocated irqs: 0
[    0.000000] GIC: Adjusting CPU interface base to 0x00000000f902f000
[    0.000000] GIC: Using split EOI/Deactivate mode
[    0.000000] random: get_random_bytes called from start_kernel+0x31c/0x54c with crng_init=0
[    0.000000] arch_timer: cp15 timer(s) running at 100.00MHz (phys).
[    0.000000] clocksource: arch_sys_counter: mask: 0xffffffffffffff max_cycles: 0x171024e7e0, max_idle_ns: 440795205315 ns
[    0.000003] sched_clock: 56 bits at 100MHz, resolution 10ns, wraps every 4398046511100ns
[    0.008462] Console: colour dummy device 80x25
[    0.012483] Calibrating delay loop (skipped), value calculated using timer frequency.. 200.00 BogoMIPS (lpj=400000)
[    0.022841] pid_max: default: 32768 minimum: 301
[    0.027549] Mount-cache hash table entries: 8192 (order: 4, 65536 bytes, linear)
[    0.034789] Mountpoint-cache hash table entries: 8192 (order: 4, 65536 bytes, linear)
[    0.043398] rcu: Hierarchical SRCU implementation.
[    0.047559] EFI services will not be available.
[    0.051939] smp: Bringing up secondary CPUs ...
[    0.056658] Detected VIPT I-cache on CPU1
[    0.056697] CPU1: Booted secondary processor 0x0000000001 [0x410fd034]
[    0.057063] Detected VIPT I-cache on CPU2
[    0.057087] CPU2: Booted secondary processor 0x0000000002 [0x410fd034]
[    0.057426] Detected VIPT I-cache on CPU3
[    0.057449] CPU3: Booted secondary processor 0x0000000003 [0x410fd034]
[    0.057495] smp: Brought up 1 node, 4 CPUs
[    0.091780] SMP: Total of 4 processors activated.
[    0.096452] CPU features: detected: 32-bit EL0 Support
[    0.101556] CPU features: detected: CRC32 instructions
[    0.106695] CPU: All CPU(s) started at EL2
[    0.110736] alternatives: patching kernel code
[    0.116170] devtmpfs: initialized
[    0.124065] Registered cp15_barrier emulation handler
[    0.124116] Registered setend emulation handler
[    0.128091] clocksource: jiffies: mask: 0xffffffff max_cycles: 0xffffffff, max_idle_ns: 7645041785100000 ns
[    0.137670] futex hash table entries: 1024 (order: 4, 65536 bytes, linear)
[    0.151012] pinctrl core: initialized pinctrl subsystem
[    0.151664] NET: Registered protocol family 16
[    0.156081] DMA: preallocated 512 KiB GFP_KERNEL pool for atomic allocations
[    0.162098] DMA: preallocated 512 KiB GFP_KERNEL|GFP_DMA pool for atomic allocations
[    0.169823] DMA: preallocated 512 KiB GFP_KERNEL|GFP_DMA32 pool for atomic allocations
[    0.177627] audit: initializing netlink subsys (disabled)
[    0.183079] audit: type=2000 audit(0.116:1): state=initialized audit_enabled=0 res=1
[    0.183426] hw-breakpoint: found 6 breakpoint and 4 watchpoint registers.
[    0.197455] ASID allocator initialised with 65536 entries
[    0.224354] HugeTLB registered 1.00 GiB page size, pre-allocated 0 pages
[    0.225412] HugeTLB registered 32.0 MiB page size, pre-allocated 0 pages
[    0.232082] HugeTLB registered 2.00 MiB page size, pre-allocated 0 pages
[    0.238746] HugeTLB registered 64.0 KiB page size, pre-allocated 0 pages
[    1.304337] DRBG: Continuing without Jitter RNG
[    1.382145] raid6: neonx8   gen()  2143 MB/s
[    1.450187] raid6: neonx8   xor()  1597 MB/s
[    1.518252] raid6: neonx4   gen()  2196 MB/s
[    1.586300] raid6: neonx4   xor()  1565 MB/s
[    1.654366] raid6: neonx2   gen()  2075 MB/s
[    1.722417] raid6: neonx2   xor()  1440 MB/s
[    1.790478] raid6: neonx1   gen()  1772 MB/s
[    1.858523] raid6: neonx1   xor()  1220 MB/s
[    1.926581] raid6: int64x8  gen()  1438 MB/s
[    1.994638] raid6: int64x8  xor()   771 MB/s
[    2.062716] raid6: int64x4  gen()  1598 MB/s
[    2.130757] raid6: int64x4  xor()   820 MB/s
[    2.198828] raid6: int64x2  gen()  1397 MB/s
[    2.266875] raid6: int64x2  xor()   750 MB/s
[    2.334946] raid6: int64x1  gen()  1034 MB/s
[    2.403012] raid6: int64x1  xor()   517 MB/s
[    2.403050] raid6: using algorithm neonx4 gen() 2196 MB/s
[    2.407004] raid6: .... xor() 1565 MB/s, rmw enabled
[    2.411934] raid6: using neon recovery algorithm
[    2.416945] iommu: Default domain type: Translated 
[    2.421560] SCSI subsystem initialized
[    2.425104] libata version 3.00 loaded.
[    2.425228] usbcore: registered new interface driver usbfs
[    2.430561] usbcore: registered new interface driver hub
[    2.435833] usbcore: registered new device driver usb
[    2.440965] mc: Linux media interface: v0.10
[    2.445083] videodev: Linux video capture interface: v2.00
[    2.450574] EDAC MC: Ver: 3.0.0
[    2.454013] zynqmp-ipi-mbox mailbox@ff990400: Registered ZynqMP IPI mbox with TX/RX channels.
[    2.462514] jesd204: created con: id=0, topo=0, link=0, /axi/spi@ff050000/hmc7044@0 <-> /fpga-axi@0/axi-adxcvr-tx@84b60000
[    2.473103] jesd204: created con: id=1, topo=0, link=2, /axi/spi@ff050000/hmc7044@0 <-> /fpga-axi@0/axi-adxcvr-rx@84a60000
[    2.484087] jesd204: created con: id=2, topo=0, link=0, /fpga-axi@0/axi-adxcvr-tx@84b60000 <-> /fpga-axi@0/axi-jesd204-tx@84b90000
[    2.495763] jesd204: created con: id=3, topo=0, link=2, /fpga-axi@0/axi-adxcvr-rx@84a60000 <-> /fpga-axi@0/axi-jesd204-rx@84a90000
[    2.507440] jesd204: created con: id=4, topo=0, link=0, /fpga-axi@0/axi-jesd204-tx@84b90000 <-> /fpga-axi@0/axi-ad9081-tx-hpc@84b10000
[    2.519468] jesd204: created con: id=5, topo=0, link=2, /fpga-axi@0/axi-jesd204-rx@84a90000 <-> /fpga-axi@0/axi-ad9081-rx-hpc@84a10000
[    2.531491] jesd204: created con: id=6, topo=0, link=2, /fpga-axi@0/axi-ad9081-rx-hpc@84a10000 <-> /axi/spi@ff040000/ad9081@0
[    2.542732] jesd204: created con: id=7, topo=0, link=0, /fpga-axi@0/axi-ad9081-tx-hpc@84b10000 <-> /axi/spi@ff040000/ad9081@0
[    2.553982] jesd204: /axi/spi@ff040000/ad9081@0: JESD204[2] transition uninitialized -> initialized
[    2.562968] jesd204: /axi/spi@ff040000/ad9081@0: JESD204[0] transition uninitialized -> initialized
[    2.571960] jesd204: found 8 devices and 1 topologies
[    2.577003] FPGA manager framework
[    2.580482] Advanced Linux Sound Architecture Driver Initialized.
[    2.586776] Bluetooth: Core ver 2.22
[    2.589963] NET: Registered protocol family 31
[    2.594364] Bluetooth: HCI device and connection manager initialized
[    2.600681] Bluetooth: HCI socket layer initialized
[    2.605523] Bluetooth: L2CAP socket layer initialized
[    2.610547] Bluetooth: SCO socket layer initialized
[    2.615728] clocksource: Switched to clocksource arch_sys_counter
[    2.621541] VFS: Disk quotas dquot_6.6.0
[    2.625374] VFS: Dquot-cache hash table entries: 512 (order 0, 4096 bytes)
[    2.636092] NET: Registered protocol family 2
[    2.636819] tcp_listen_portaddr_hash hash table entries: 2048 (order: 3, 32768 bytes, linear)
[    2.645014] TCP established hash table entries: 32768 (order: 6, 262144 bytes, linear)
[    2.653039] TCP bind hash table entries: 32768 (order: 7, 524288 bytes, linear)
[    2.660483] TCP: Hash tables configured (established 32768 bind 32768)
[    2.666659] UDP hash table entries: 2048 (order: 4, 65536 bytes, linear)
[    2.673324] UDP-Lite hash table entries: 2048 (order: 4, 65536 bytes, linear)
[    2.680485] NET: Registered protocol family 1
[    2.684939] RPC: Registered named UNIX socket transport module.
[    2.690562] RPC: Registered udp transport module.
[    2.695226] RPC: Registered tcp transport module.
[    2.699896] RPC: Registered tcp NFSv4.1 backchannel transport module.
[    2.706886] PCI: CLS 0 bytes, default 64
[    2.710593] hw perfevents: no interrupt-affinity property for /pmu, guessing.
[    2.717446] hw perfevents: enabled with armv8_pmuv3 PMU driver, 7 counters available
[    2.725800] Initialise system trusted keyrings
[    2.729475] workingset: timestamp_bits=62 max_order=20 bucket_order=0
[    2.736375] NFS: Registering the id_resolver key type
[    2.740825] Key type id_resolver registered
[    2.744964] Key type id_legacy registered
[    2.748953] nfs4filelayout_init: NFSv4 File Layout Driver Registering...
[    2.755619] jffs2: version 2.2. (NAND) (SUMMARY)  Â© 2001-2006 Red Hat, Inc.
[    2.797909] NET: Registered protocol family 38
[    2.797952] xor: measuring software checksum speed
[    2.805639]    8regs           :  2363 MB/sec
[    2.809308]    32regs          :  2799 MB/sec
[    2.814251]    arm64_neon      :  2380 MB/sec
[    2.814441] xor: using function: 32regs (2799 MB/sec)
[    2.819467] Key type asymmetric registered
[    2.823528] Asymmetric key parser 'x509' registered
[    2.828389] Block layer SCSI generic (bsg) driver version 0.4 loaded (major 248)
[    2.835726] io scheduler mq-deadline registered
[    2.840222] io scheduler kyber registered
[    2.869605] Serial: 8250/16550 driver, 4 ports, IRQ sharing disabled
[    2.874242] cacheinfo: Unable to detect cache hierarchy for CPU 0
[    2.880583] brd: module loaded
[    2.884734] loop: module loaded
[    2.885279] Registered mathworks_ip class
[    2.888614] libphy: Fixed MDIO Bus: probed
[    2.891579] tun: Universal TUN/TAP device driver, 1.6
[    2.895662] CAN device driver interface
[    2.900199] usbcore: registered new interface driver asix
[    2.904777] usbcore: registered new interface driver ax88179_178a
[    2.910819] usbcore: registered new interface driver cdc_ether
[    2.916613] usbcore: registered new interface driver net1080
[    2.922236] usbcore: registered new interface driver cdc_subset
[    2.928116] usbcore: registered new interface driver zaurus
[    2.933662] usbcore: registered new interface driver cdc_ncm
[    2.940071] ehci_hcd: USB 2.0 'Enhanced' Host Controller (EHCI) Driver
[    2.945745] ehci-pci: EHCI PCI platform driver
[    2.950545] usbcore: registered new interface driver uas
[    2.955465] usbcore: registered new interface driver usb-storage
[    2.961452] usbcore: registered new interface driver usbserial_generic
[    2.967901] usbserial: USB Serial support registered for generic
[    2.973875] usbcore: registered new interface driver ftdi_sio
[    2.979578] usbserial: USB Serial support registered for FTDI USB Serial Device
[    2.986854] usbcore: registered new interface driver upd78f0730
[    2.992725] usbserial: USB Serial support registered for upd78f0730
[    3.000389] rtc_zynqmp ffa60000.rtc: registered as rtc0
[    3.004150] rtc_zynqmp ffa60000.rtc: setting system clock to 2022-03-25T23:20:34 UTC (1648250434)
[    3.013013] i2c /dev entries driver
[    3.018319] usbcore: registered new interface driver uvcvideo
[    3.022126] USB Video Class driver (1.1.1)
[    3.027695] Bluetooth: HCI UART driver ver 2.3
[    3.030608] Bluetooth: HCI UART protocol H4 registered
[    3.035706] Bluetooth: HCI UART protocol BCSP registered
[    3.040995] Bluetooth: HCI UART protocol LL registered
[    3.046084] Bluetooth: HCI UART protocol ATH3K registered
[    3.051459] Bluetooth: HCI UART protocol Three-wire (H5) registered
[    3.057713] Bluetooth: HCI UART protocol Intel registered
[    3.063050] Bluetooth: HCI UART protocol QCA registered
[    3.068252] usbcore: registered new interface driver bcm203x
[    3.073874] usbcore: registered new interface driver bpa10x
[    3.079408] usbcore: registered new interface driver bfusb
[    3.084859] usbcore: registered new interface driver btusb
[    3.090323] usbcore: registered new interface driver ath3k
[    3.095806] EDAC MC: ECC not enabled
[    3.099425] EDAC DEVICE0: Giving out device to module zynqmp-ocm-edac controller zynqmp_ocm: DEV ff960000.memory-controller (INTERRUPT)
[    3.111753] sdhci: Secure Digital Host Controller Interface driver
[    3.117533] sdhci: Copyright(c) Pierre Ossman
[    3.121858] sdhci-pltfm: SDHCI platform and OF driver helper
[    3.127919] ledtrig-cpu: registered to indicate activity on CPUs
[    3.133463] SMCCC: SOC_ID: ARCH_SOC_ID not implemented, skipping ....
[    3.139891] zynqmp_firmware_probe Platform Management API v1.1
[    3.145649] zynqmp_firmware_probe Trustzone version v1.0
[    3.185193] zynqmp-pinctrl firmware:zynqmp-firmware:pinctrl: zynqmp pinctrl initialized
[    3.233173] zynqmp-aes firmware:zynqmp-firmware:zynqmp-aes: will run requests pump with realtime priority
[    3.249001] alg: No test for xilinx-keccak-384 (zynqmp-keccak-384)
[    3.249714] alg: No test for xilinx-zynqmp-rsa (zynqmp-rsa)
[    3.255225] usbcore: registered new interface driver usbhid
[    3.260616] usbhid: USB HID core driver
[    3.271839] axi_sysid 85000000.axi-sysid-0: AXI System ID core version (1.01.a) found
[    3.274188] axi_sysid 85000000.axi-sysid-0: [ad9081_fmca_ebz] on [zcu102] git branch <master> git <084d44c9780640ca93fd847b1d9ec70dd65f5c67> clean [2022-03-18 04:17:50] UTC
[    3.289880] fpga_manager fpga0: Xilinx ZynqMP FPGA Manager registered
[    3.296238] usbcore: registered new interface driver snd-usb-audio
[    3.303667] pktgen: Packet Generator for packet performance testing. Version: 2.75
[    3.309883] Initializing XFRM netlink socket
[    3.313716] NET: Registered protocol family 10
[    3.318435] Segment Routing with IPv6
[    3.321816] sit: IPv6, IPv4 and MPLS over IPv4 tunneling driver
[    3.327899] NET: Registered protocol family 17
[    3.331991] NET: Registered protocol family 15
[    3.336487] can: controller area network core
[    3.340742] NET: Registered protocol family 29
[    3.345129] can: raw protocol
[    3.348067] can: broadcast manager protocol
[    3.352220] can: netlink gateway - max_hops=1
[    3.356616] Bluetooth: RFCOMM TTY layer initialized
[    3.361395] Bluetooth: RFCOMM socket layer initialized
[    3.366502] Bluetooth: RFCOMM ver 1.11
[    3.370215] Bluetooth: BNEP (Ethernet Emulation) ver 1.3
[    3.375484] Bluetooth: BNEP filters: protocol multicast
[    3.380677] Bluetooth: BNEP socket layer initialized
[    3.385606] Bluetooth: HIDP (Human Interface Emulation) ver 1.2
[    3.391489] Bluetooth: HIDP socket layer initialized
[    3.396541] 9pnet: Installing 9P2000 support
[    3.400668] NET: Registered protocol family 36
[    3.405083] Key type dns_resolver registered
[    3.409519] registered taskstats version 1
[    3.413379] Loading compiled-in X.509 certificates
[    3.418493] Btrfs loaded, crc32c=crc32c-generic
[    3.430874] ff000000.serial: ttyPS0 at MMIO 0xff000000 (irq = 49, base_baud = 6249999) is a xuartps
[    3.439897] printk: console [ttyPS0] enabled
[    3.444192] printk: bootconsole [cdns0] disabled
[    3.453821] ff010000.serial: ttyPS1 at MMIO 0xff010000 (irq = 50, base_baud = 6249999) is a xuartps
[    3.467063] of-fpga-region fpga-full: FPGA Region probed
[    3.474024] nwl-pcie fd0e0000.pcie: host bridge /axi/pcie@fd0e0000 ranges:
[    3.480921] nwl-pcie fd0e0000.pcie:      MEM 0x00e0000000..0x00efffffff -> 0x00e0000000
[    3.488923] nwl-pcie fd0e0000.pcie:      MEM 0x0600000000..0x07ffffffff -> 0x0600000000
[    3.496984] nwl-pcie fd0e0000.pcie: Link is DOWN
[    3.501741] nwl-pcie fd0e0000.pcie: PCI host bridge to bus 0000:00
[    3.507920] pci_bus 0000:00: root bus resource [bus 00-ff]
[    3.513401] pci_bus 0000:00: root bus resource [mem 0xe0000000-0xefffffff]
[    3.520272] pci_bus 0000:00: root bus resource [mem 0x600000000-0x7ffffffff pref]
[    3.527775] pci 0000:00:00.0: [10ee:d021] type 01 class 0x060400
[    3.533831] pci 0000:00:00.0: PME# supported from D0 D1 D2 D3hot
[    3.544276] pci 0000:00:00.0: PCI bridge to [bus 01-0c]
[    3.550251] xilinx-zynqmp-dma fd500000.dma: ZynqMP DMA driver Probe success
[    3.557429] xilinx-zynqmp-dma fd510000.dma: ZynqMP DMA driver Probe success
[    3.564613] xilinx-zynqmp-dma fd520000.dma: ZynqMP DMA driver Probe success
[    3.571787] xilinx-zynqmp-dma fd530000.dma: ZynqMP DMA driver Probe success
[    3.578956] xilinx-zynqmp-dma fd540000.dma: ZynqMP DMA driver Probe success
[    3.586127] xilinx-zynqmp-dma fd550000.dma: ZynqMP DMA driver Probe success
[    3.593297] xilinx-zynqmp-dma fd560000.dma: ZynqMP DMA driver Probe success
[    3.600466] xilinx-zynqmp-dma fd570000.dma: ZynqMP DMA driver Probe success
[    3.607876] xilinx-zynqmp-dpdma fd4c0000.dma-controller: Xilinx DPDMA engine is probed
[    3.616421] ahci-ceva fd0c0000.ahci: supply ahci not found, using dummy regulator
[    3.623964] ahci-ceva fd0c0000.ahci: supply phy not found, using dummy regulator
[    3.711908] hmc7044 spi2.0: PLL1: Acquisition, CLKIN0 @ 122880000 Hz, PFD: 80 kHz - PLL2: Locked @ 2424.000000 MHz
[    3.722622] jesd204: /axi/spi@ff050000/hmc7044@0,jesd204:1,parent=spi2.0: Using as SYSREF provider
[    3.732206] spi-nor spi0.0: SPI-NOR-UniqueID 100000235394732200270025081115266e
[    3.739510] spi-nor spi0.0: found n25q512a, expected m25p80
[    3.745715] spi-nor spi0.0: trying to lock already unlocked area
[    3.751728] spi-nor spi0.0: n25q512a (131072 Kbytes)
[    3.756708] 4 fixed-partitions partitions found on MTD device spi0.0
[    3.763054] Creating 4 MTD partitions on "spi0.0":
[    3.767839] 0x000000000000-0x000000100000 : "qspi-fsbl-uboot"
[    3.774341] 0x000000100000-0x000000600000 : "qspi-linux"
[    3.780297] 0x000000600000-0x000000620000 : "qspi-device-tree"
[    3.786776] 0x000000620000-0x000000c00000 : "qspi-rootfs"
[    3.795248] macb ff0e0000.ethernet: Not enabling partial store and forward
[    3.802771] libphy: MACB_mii_bus: probed
[    3.807856] macb ff0e0000.ethernet eth0: Cadence GEM rev 0x50070106 at 0xff0e0000 irq 30 (00:0a:35:04:8e:1b)
[    3.818071] xilinx-axipmon ffa00000.perf-monitor: Probed Xilinx APM
[    3.824652] xilinx-axipmon fd0b0000.perf-monitor: Probed Xilinx APM
[    3.831170] xilinx-axipmon fd490000.perf-monitor: Probed Xilinx APM
[    3.837712] xilinx-axipmon ffa10000.perf-monitor: Probed Xilinx APM
[    3.847707] pca953x 0-0020: supply vcc not found, using dummy regulator
[    3.854390] pca953x 0-0020: using no AI
[    3.858877] gpio-496 (sel0): hogged as output/low
[    3.863782] gpio-497 (sel1): hogged as output/high
[    3.868773] gpio-498 (sel2): hogged as output/high
[    3.873761] gpio-499 (sel3): hogged as output/high
[    3.878937] pca953x 0-0021: supply vcc not found, using dummy regulator
[    3.885610] pca953x 0-0021: using no AI
[    3.891380] ina2xx 2-0040: power monitor ina226 (Rshunt = 5000 uOhm)
[    3.898409] ina2xx 2-0041: power monitor ina226 (Rshunt = 5000 uOhm)
[    3.905445] ina2xx 2-0042: power monitor ina226 (Rshunt = 5000 uOhm)
[    3.912479] ina2xx 2-0043: power monitor ina226 (Rshunt = 5000 uOhm)
[    3.919502] ina2xx 2-0044: power monitor ina226 (Rshunt = 5000 uOhm)
[    3.926522] ina2xx 2-0045: power monitor ina226 (Rshunt = 5000 uOhm)
[    3.933553] ina2xx 2-0046: power monitor ina226 (Rshunt = 5000 uOhm)
[    3.940632] ina2xx 2-0047: power monitor ina226 (Rshunt = 5000 uOhm)
[    3.947656] ina2xx 2-004a: power monitor ina226 (Rshunt = 5000 uOhm)
[    3.954698] ina2xx 2-004b: power monitor ina226 (Rshunt = 5000 uOhm)
[    3.961106] i2c i2c-0: Added multiplexed i2c bus 2
[    3.966489] random: fast init done
[    3.969965] ina2xx 3-0040: power monitor ina226 (Rshunt = 2000 uOhm)
[    3.976992] ina2xx 3-0041: power monitor ina226 (Rshunt = 5000 uOhm)
[    3.984016] ina2xx 3-0042: power monitor ina226 (Rshunt = 5000 uOhm)
[    3.991053] ina2xx 3-0043: power monitor ina226 (Rshunt = 5000 uOhm)
[    3.998076] ina2xx 3-0044: power monitor ina226 (Rshunt = 5000 uOhm)
[    4.005101] ina2xx 3-0045: power monitor ina226 (Rshunt = 5000 uOhm)
[    4.012135] ina2xx 3-0046: power monitor ina226 (Rshunt = 5000 uOhm)
[    4.019165] ina2xx 3-0047: power monitor ina226 (Rshunt = 5000 uOhm)
[    4.025565] i2c i2c-0: Added multiplexed i2c bus 3
[    4.081496] i2c i2c-0: Added multiplexed i2c bus 4
[    4.086435] i2c i2c-0: Added multiplexed i2c bus 5
[    4.091225] pca954x 0-0075: registered 4 multiplexed busses for I2C mux pca9544
[    4.098574] cdns-i2c ff020000.i2c: 400 kHz mmio ff020000 irq 32
[    4.106310] at24 6-0054: supply vcc not found, using dummy regulator
[    4.113210] at24 6-0054: 1024 byte 24c08 EEPROM, writable, 1 bytes/write
[    4.119962] i2c i2c-1: Added multiplexed i2c bus 6
[    4.126393] si5341 7-0036: Chip: 5341 Grade: 1 Rev: 1
[    4.164082] i2c i2c-1: Added multiplexed i2c bus 7
[    4.171738] si570 8-005d: registered, current frequency 300000000 Hz
[    4.178143] i2c i2c-1: Added multiplexed i2c bus 8
[    4.197919] si570 9-005d: registered, current frequency 148500000 Hz
[    4.204322] i2c i2c-1: Added multiplexed i2c bus 9
[    4.209353] si5324 10-0069: si5328 probed
[    4.276098] si5324 10-0069: si5328 probe successful
[    4.281030] i2c i2c-1: Added multiplexed i2c bus 10
[    4.286056] i2c i2c-1: Added multiplexed i2c bus 11
[    4.291087] i2c i2c-1: Added multiplexed i2c bus 12
[    4.296105] i2c i2c-1: Added multiplexed i2c bus 13
[    4.300985] pca954x 1-0074: registered 8 multiplexed busses for I2C switch pca9548
[    4.309096] at24 14-0050: supply vcc not found, using dummy regulator
[    4.315881] at24 14-0050: 256 byte 24c02 EEPROM, writable, 1 bytes/write
[    4.322629] i2c i2c-1: Added multiplexed i2c bus 14
[    4.327668] i2c i2c-1: Added multiplexed i2c bus 15
[    4.332702] i2c i2c-1: Added multiplexed i2c bus 16
[    4.337738] i2c i2c-1: Added multiplexed i2c bus 17
[    4.342774] i2c i2c-1: Added multiplexed i2c bus 18
[    4.347821] i2c i2c-1: Added multiplexed i2c bus 19
[    4.352857] i2c i2c-1: Added multiplexed i2c bus 20
[    4.357893] i2c i2c-1: Added multiplexed i2c bus 21
[    4.362769] pca954x 1-0075: registered 8 multiplexed busses for I2C switch pca9548
[    4.370378] cdns-i2c ff030000.i2c: 400 kHz mmio ff030000 irq 33
[    4.380124] cdns-wdt fd4d0000.watchdog: Xilinx Watchdog Timer with timeout 60s
[    4.391064] axi_adxcvr 84a60000.axi-adxcvr-rx: AXI-ADXCVR-RX (17.05.a) using CPLL on GTH4 at 0x84A60000. Number of lanes: 4.
[    4.403241] axi_adxcvr 84b60000.axi-adxcvr-tx: AXI-ADXCVR-TX (17.05.a) using QPLL on GTH4 at 0x84B60000. Number of lanes: 4.
[    4.414868] axi-jesd204-rx 84a90000.axi-jesd204-rx: AXI-JESD204-RX (1.07.a) at 0x84A90000. Encoder 8b10b, width 4/4, lanes 4, jesd204-fsm.
[    4.422146] mmc0: SDHCI controller on ff170000.mmc [ff170000.mmc] using ADMA 64-bit
[    4.427713] axi-jesd204-tx 84b90000.axi-jesd204-tx: AXI-JESD204-TX (1.06.a) at 0x84B90000. Encoder 8b10b, width 4/4, lanes 4, jesd204-fsm.
[    4.448439] zynqmp-display fd4a0000.display: vtc bridge property not present
[    4.458099] xilinx-dp-snd-codec fd4a0000.display:zynqmp_dp_snd_codec0: Failed to get required clock freq
[    4.467599] xilinx-dp-snd-codec: probe of fd4a0000.display:zynqmp_dp_snd_codec0 failed with error -22
[    4.469507] mmc0: new high speed SDHC card at address 0001
[    4.477137] xilinx-dp-snd-pcm zynqmp_dp_snd_pcm0: Xilinx DisplayPort Sound PCM probed
[    4.482650] mmcblk0: mmc0:0001 EB1QT 29.8 GiB 
[    4.490457] xilinx-dp-snd-pcm zynqmp_dp_snd_pcm1: Xilinx DisplayPort Sound PCM probed
[    4.495808]  mmcblk0: p1 p2 p3
[    4.502757] OF: graph: no port node found in /axi/display@fd4a0000
[    4.511836] xlnx-drm xlnx-drm.0: bound fd4a0000.display (ops 0xffffffc010fcbdb8)
[    5.595748] zynqmp-display fd4a0000.display: [drm] Cannot find any crtc or sizes
[    5.603359] [drm] Initialized xlnx 1.0.0 20130509 for fd4a0000.display on minor 0
[    5.610852] zynqmp-display fd4a0000.display: ZynqMP DisplayPort Subsystem driver probed
[    5.619177] ahci-ceva fd0c0000.ahci: supply ahci not found, using dummy regulator
[    5.626723] ahci-ceva fd0c0000.ahci: supply phy not found, using dummy regulator
[    5.634181] ahci-ceva fd0c0000.ahci: supply target not found, using dummy regulator
[    5.642018] ahci-ceva fd0c0000.ahci: AHCI 0001.0301 32 slots 2 ports 6 Gbps 0x3 impl platform mode
[    5.650975] ahci-ceva fd0c0000.ahci: flags: 64bit ncq sntf pm clo only pmp fbs pio slum part ccc sds apst 
[    5.661670] scsi host0: ahci-ceva
[    5.665276] scsi host1: ahci-ceva
[    5.668701] ata1: SATA max UDMA/133 mmio [mem 0xfd0c0000-0xfd0c1fff] port 0x100 irq 45
[    5.676615] ata2: SATA max UDMA/133 mmio [mem 0xfd0c0000-0xfd0c1fff] port 0x180 irq 45
[    5.685211] ad9081 spi1.0: supply vdd not found, using dummy regulator
[    5.997980] ata1: SATA link down (SStatus 0 SControl 330)
[    6.003396] ata2: SATA link down (SStatus 0 SControl 330)
[    6.679751] zynqmp-display fd4a0000.display: [drm] Cannot find any crtc or sizes
[    6.903210] ad9081 spi1.0: Invalid param passed., "ref_clk_hz < 100000000ULL" in adi_ad9081_device_clk_config_set(...), line554 in drivers/iio/adc/ad9081/adi_ad9081_device.c
[    7.608834] ad9081 spi1.0: AD9081 Rev. 2 Grade 10 (API 1.2.2) probed
[    7.616037] xhci-hcd xhci-hcd.1.auto: xHCI Host Controller
[    7.621528] xhci-hcd xhci-hcd.1.auto: new USB bus registered, assigned bus number 1
[    7.629276] xhci-hcd xhci-hcd.1.auto: hcc params 0x0238f625 hci version 0x100 quirks 0x0000000002010810
[    7.638689] xhci-hcd xhci-hcd.1.auto: irq 59, io mem 0xfe200000
[    7.644807] usb usb1: New USB device found, idVendor=1d6b, idProduct=0002, bcdDevice= 5.10
[    7.653071] usb usb1: New USB device strings: Mfr=3, Product=2, SerialNumber=1
[    7.660287] usb usb1: Product: xHCI Host Controller
[    7.665157] usb usb1: Manufacturer: Linux 5.10.0-98103-g2aa7ac113716 xhci-hcd
[    7.672283] usb usb1: SerialNumber: xhci-hcd.1.auto
[    7.677445] hub 1-0:1.0: USB hub found
[    7.681210] hub 1-0:1.0: 1 port detected
[    7.685316] xhci-hcd xhci-hcd.1.auto: xHCI Host Controller
[    7.690806] xhci-hcd xhci-hcd.1.auto: new USB bus registered, assigned bus number 2
[    7.698460] xhci-hcd xhci-hcd.1.auto: Host supports USB 3.0 SuperSpeed
[    7.705080] usb usb2: New USB device found, idVendor=1d6b, idProduct=0003, bcdDevice= 5.10
[    7.713343] usb usb2: New USB device strings: Mfr=3, Product=2, SerialNumber=1
[    7.720563] usb usb2: Product: xHCI Host Controller
[    7.725432] usb usb2: Manufacturer: Linux 5.10.0-98103-g2aa7ac113716 xhci-hcd
[    7.732561] usb usb2: SerialNumber: xhci-hcd.1.auto
[    7.737675] hub 2-0:1.0: USB hub found
[    7.741436] hub 2-0:1.0: 1 port detected
[    7.771499] cf_axi_adc 84a10000.axi-ad9081-rx-hpc: ADI AIM (10.01.b) at 0x84A10000 mapped to 0x(____ptrval____), probed ADC AD9081 as MASTER
[    7.804571] cf_axi_dds 84b10000.axi-ad9081-tx-hpc: Analog Devices CF_AXI_DDS_DDS MASTER (9.01.b) at 0x84B10000 mapped to 0x(____ptrval____), probed DDS AD9081
[    7.818775] jesd204: /axi/spi@ff040000/ad9081@0,jesd204:0,parent=spi1.0: JESD204[2] transition initialized -> probed
[    7.829295] jesd204: /axi/spi@ff040000/ad9081@0,jesd204:0,parent=spi1.0: JESD204[0] transition initialized -> probed
[    7.839818] jesd204: /axi/spi@ff040000/ad9081@0,jesd204:0,parent=spi1.0: JESD204[2] transition probed -> idle
[    7.849726] jesd204: /axi/spi@ff040000/ad9081@0,jesd204:0,parent=spi1.0: JESD204[0] transition probed -> idle
[    7.859641] jesd204: /axi/spi@ff040000/ad9081@0,jesd204:0,parent=spi1.0: JESD204[2] transition idle -> device_init
[    7.869984] jesd204: /axi/spi@ff040000/ad9081@0,jesd204:0,parent=spi1.0: JESD204[0] transition idle -> device_init
[    7.880339] jesd204: /axi/spi@ff040000/ad9081@0,jesd204:0,parent=spi1.0: JESD204[2] transition device_init -> link_init
[    7.891120] jesd204: /axi/spi@ff040000/ad9081@0,jesd204:0,parent=spi1.0: JESD204[0] transition device_init -> link_init
[    7.901912] jesd204: /axi/spi@ff040000/ad9081@0,jesd204:0,parent=spi1.0: JESD204[2] transition link_init -> link_supported
[    7.912957] jesd204: /axi/spi@ff040000/ad9081@0,jesd204:0,parent=spi1.0: JESD204[0] transition link_init -> link_supported
[    7.924496] hmc7044 spi2.0: hmc7044_jesd204_link_pre_setup: Link2 forcing continuous SYSREF mode
[    7.933675] jesd204: /axi/spi@ff040000/ad9081@0,jesd204:0,parent=spi1.0: JESD204[2] transition link_supported -> link_pre_setup
[    7.945155] jesd204: /axi/spi@ff040000/ad9081@0,jesd204:0,parent=spi1.0: JESD204[0] transition link_supported -> link_pre_setup
[    7.968985] jesd204: /axi/spi@ff040000/ad9081@0,jesd204:0,parent=spi1.0: JESD204[2] transition link_pre_setup -> clk_sync_stage1
[    7.980543] jesd204: /axi/spi@ff040000/ad9081@0,jesd204:0,parent=spi1.0: JESD204[0] transition link_pre_setup -> clk_sync_stage1
[    7.992106] jesd204: /axi/spi@ff040000/ad9081@0,jesd204:0,parent=spi1.0: JESD204[2] transition clk_sync_stage1 -> clk_sync_stage2
[    8.003751] jesd204: /axi/spi@ff040000/ad9081@0,jesd204:0,parent=spi1.0: JESD204[0] transition clk_sync_stage1 -> clk_sync_stage2
[    8.015404] jesd204: /axi/spi@ff040000/ad9081@0,jesd204:0,parent=spi1.0: JESD204[2] transition clk_sync_stage2 -> clk_sync_stage3
[    8.027048] jesd204: /axi/spi@ff040000/ad9081@0,jesd204:0,parent=spi1.0: JESD204[0] transition clk_sync_stage2 -> clk_sync_stage3
[    8.041726] jesd204: /axi/spi@ff040000/ad9081@0,jesd204:0,parent=spi1.0: JESD204[2] transition clk_sync_stage3 -> link_setup
[    8.052945] jesd204: /axi/spi@ff040000/ad9081@0,jesd204:0,parent=spi1.0: JESD204[0] transition clk_sync_stage3 -> link_setup
[    8.068931] jesd204: /axi/spi@ff040000/ad9081@0,jesd204:0,parent=spi1.0: JESD204[2] transition link_setup -> opt_setup_stage1
[    8.080233] jesd204: /axi/spi@ff040000/ad9081@0,jesd204:0,parent=spi1.0: JESD204[0] transition link_setup -> opt_setup_stage1
[    8.096759] jesd204: /axi/spi@ff040000/ad9081@0,jesd204:0,parent=spi1.0: JESD204[2] transition opt_setup_stage1 -> opt_setup_stage2
[    8.108582] jesd204: /axi/spi@ff040000/ad9081@0,jesd204:0,parent=spi1.0: JESD204[0] transition opt_setup_stage1 -> opt_setup_stage2
[    8.120558] jesd204: /axi/spi@ff040000/ad9081@0,jesd204:0,parent=spi1.0: JESD204[2] transition opt_setup_stage2 -> opt_setup_stage3
[    8.132384] jesd204: /axi/spi@ff040000/ad9081@0,jesd204:0,parent=spi1.0: JESD204[0] transition opt_setup_stage2 -> opt_setup_stage3
[    8.144206] jesd204: /axi/spi@ff040000/ad9081@0,jesd204:0,parent=spi1.0: JESD204[2] transition opt_setup_stage3 -> opt_setup_stage4
[    8.156025] jesd204: /axi/spi@ff040000/ad9081@0,jesd204:0,parent=spi1.0: JESD204[0] transition opt_setup_stage3 -> opt_setup_stage4
[    8.167854] jesd204: /axi/spi@ff040000/ad9081@0,jesd204:0,parent=spi1.0: JESD204[2] transition opt_setup_stage4 -> opt_setup_stage5
[    8.179683] jesd204: /axi/spi@ff040000/ad9081@0,jesd204:0,parent=spi1.0: JESD204[0] transition opt_setup_stage4 -> opt_setup_stage5
[    8.195660] jesd204: /axi/spi@ff040000/ad9081@0,jesd204:0,parent=spi1.0: JESD204[2] transition opt_setup_stage5 -> clocks_enable
[    8.207222] jesd204: /axi/spi@ff040000/ad9081@0,jesd204:0,parent=spi1.0: JESD204[0] transition opt_setup_stage5 -> clocks_enable
[    8.254159] axi_adxcvr 84a60000.axi-adxcvr-rx: adxcvr_clk_enable: CPLL RX buffer underflow error, status: 0x61
[    8.264142] axi_adxcvr 84a60000.axi-adxcvr-rx: adxcvr_clk_enable: CPLL RX buffer overflow error, status: 0x61
[    8.274132] jesd204: /axi/spi@ff040000/ad9081@0,jesd204:0,parent=spi1.0: JESD204[2] transition clocks_enable -> link_enable
[    8.285262] jesd204: /axi/spi@ff040000/ad9081@0,jesd204:0,parent=spi1.0: JESD204[0] transition clocks_enable -> link_enable
[    8.319982] ad9081 spi1.0: JESD RX (JTX) Link2 in DATA, SYNC deasserted, PLL locked, PHASE established, MODE valid
[    8.330591] ad9081 spi1.0: JESD TX (JRX) Link0 0xF lanes in DATA
[    8.336597] jesd204: /axi/spi@ff040000/ad9081@0,jesd204:0,parent=spi1.0: JESD204[2] transition link_enable -> link_running
[    8.347637] jesd204: /axi/spi@ff040000/ad9081@0,jesd204:0,parent=spi1.0: JESD204[0] transition link_enable -> link_running
[    8.358681] jesd204: /axi/spi@ff040000/ad9081@0,jesd204:0,parent=spi1.0: JESD204[2] transition link_running -> opt_post_running_stage
[    8.370672] jesd204: /axi/spi@ff040000/ad9081@0,jesd204:0,parent=spi1.0: JESD204[0] transition link_running -> opt_post_running_stage
[    8.391958] input: gpio-keys as /devices/platform/gpio-keys/input/input0
[    8.398975] of_cfs_init
[    8.401436] of_cfs_init: OK
[    8.404373] cfg80211: Loading compiled-in X.509 certificates for regulatory database
[    8.576036] cfg80211: Loaded X.509 cert 'sforshee: 00b28ddf47aef9cea7'
[    8.582561] clk: Not disabling unused clocks
[    8.587091] ALSA device list:
[    8.590053]   No soundcards found.
[    8.593713] platform regulatory.0: Direct firmware load for regulatory.db failed with error -2
[    8.602324] cfg80211: failed to load regulatory.db
[    8.609493] random: crng init done
[    8.616980] EXT4-fs (mmcblk0p2): mounted filesystem with ordered data mode. Opts: (null)
[    8.625096] VFS: Mounted root (ext4 filesystem) on device 179:2.
[    8.638550] devtmpfs: mounted
[    8.642375] Freeing unused kernel memory: 2560K
[    8.659780] Run /sbin/init as init process
[    8.663872]   with arguments:
[    8.663875]     /sbin/init
[    8.663877]   with environment:
[    8.663880]     HOME=/
[    8.663882]     TERM=linux
[    9.230518] systemd[1]: systemd 241 running in system mode. (+PAM +AUDIT +SELINUX +IMA +APPARMOR +SMACK +SYSVINIT +UTMP +LIBCRYPTSETUP +GCRYPT +GNUTLS +ACL +XZ +LZ4 +SECCOMP +BLKID +ELFUTILS +KMOD -IDN2 +IDN -PCRE2 default-hierarchy=hybrid)
[    9.252389] systemd[1]: Detected architecture arm64.
[    9.276452] systemd[1]: Set hostname to <analog>.
[    9.458506] systemd[1]: File /lib/systemd/system/systemd-journald.service:12 configures an IP firewall (IPAddressDeny=any), but the local system does not support BPF/cgroup based firewalling.
[    9.475594] systemd[1]: Proceeding WITHOUT firewalling in effect! (This warning is only shown for the first loaded unit using IP firewalling.)
[    9.639668] systemd[1]: /etc/systemd/system/tof-server.service:1: Assignment outside of section. Ignoring.
[    9.649366] systemd[1]: /etc/systemd/system/tof-server.service:2: Assignment outside of section. Ignoring.
[    9.841391] systemd[1]: Listening on fsck to fsckd communication Socket.
[    9.864386] systemd[1]: Created slice system-getty.slice.
[    9.883970] systemd[1]: Started Forward Password Requests to Wall Directory Watch.
[   10.428472] ------------[ cut here ]------------
[   10.428480] Enabling unprepared \xa0\xc9Q\x88\xff\xff\xffPQ\x88\xff\xff\xff
[   10.428525] WARNING: CPU: 3 PID: 126 at drivers/clk/clk.c:1012 clk_core_enable+0xa4/0xc0
[   10.428528] Modules linked in:
[   10.428539] CPU: 3 PID: 126 Comm: kworker/3:1H Not tainted 5.10.0-98103-g2aa7ac113716 #5577
[   10.428541] Hardware name: ZynqMP ZCU102 Rev1.0 (DT)
[   10.428550] Workqueue: kblockd blk_mq_run_work_fn
[   10.428558] pstate: 80000085 (Nzcv daIf -PAN -UAO -TCO BTYPE=--)
[   10.428564] pc : clk_core_enable+0xa4/0xc0
[   10.428573] lr : clk_core_enable+0xa4/0xc0
[   10.428576] sp : ffffffc0122732d0
[   10.428579] x29: ffffffc0122732d0 x28: ffffff8800330c10 
[   10.428586] x27: ffffff8800330d48 x26: 0000005000000101 
[   10.428593] x25: 0000000267a4331e x24: 0000000000000001 
[   10.428599] x23: ffffff88010e9380 x22: ffffff8801083220 
[   10.428606] x21: ffffff8801515000 x20: ffffff8801515008 
[   10.428613] x19: ffffff8801515008 x18: 0000000000000030 
[   10.428619] x17: 0000000000000001 x16: 0000b5604408b7ca 
[   10.428626] x15: ffffffffffff8760 x14: ffffffc011d3b1a0 
[   10.428632] x13: ffffffc011d3b1c8 x12: 00000000000005e8 
[   10.428638] x11: 00000000000001f8 x10: ffffffc011d671c8 
[   10.428645] x9 : 00000000fffff800 x8 : ffffffc011d3b1c8 
[   10.428651] x7 : ffffffc011d671c8 x6 : 0000000000000001 
[   10.428658] x5 : ffffff887f7a89e0 x4 : 0000000000000000 
[   10.428665] x3 : 0000000000000027 x2 : 0000000000000023 
[   10.428671] x1 : 590832557fe1df00 x0 : 0000000000000000 
[   10.428677] Call trace:
[   10.428684]  clk_core_enable+0xa4/0xc0
[   10.428689]  clk_enable+0x2c/0x60
[   10.428695]  zynqmp_runtime_resume+0x24/0x84
[   10.428701]  pm_generic_runtime_resume+0x30/0x50
[   10.428707]  __genpd_runtime_resume+0x30/0xb0
[   10.428713]  genpd_runtime_resume+0x90/0x250
[   10.428719]  __rpm_callback+0x10c/0x1e0
[   10.428724]  rpm_callback+0x5c/0x84
[   10.428729]  rpm_resume+0x4a4/0x74c
[   10.428735]  __pm_runtime_resume+0x78/0xc4
[   10.428739]  spi_mem_access_start.isra.0+0x30/0x80
[   10.428743]  spi_mem_exec_op+0x3b0/0x424
[   10.428748]  spi_nor_read_sr+0x78/0xe0
[   10.428753]  spi_nor_wait_till_ready_with_timeout+0xb4/0x2f0
[   10.428758]  spi_nor_read+0x188/0x380
[   10.428763]  mtd_read_oob_std+0x78/0x84
[   10.428767]  mtd_read_oob+0x7c/0x134
[   10.428772]  mtd_read+0x48/0x7c
[   10.428778]  mtdblock_readsect+0x6c/0x150
[   10.428783]  mtd_queue_rq+0x2cc/0x5a0
[   10.428789]  blk_mq_dispatch_rq_list+0x110/0x790
[   10.428795]  __blk_mq_do_dispatch_sched+0x200/0x274
[   10.428800]  __blk_mq_sched_dispatch_requests+0x1a8/0x1fc
[   10.428806]  blk_mq_sched_dispatch_requests+0x3c/0x7c
[   10.428811]  __blk_mq_run_hw_queue+0x98/0x100
[   10.428815]  blk_mq_run_work_fn+0x24/0x30
[   10.428825]  process_one_work+0x1d4/0x380
[   10.428829]  worker_thread+0x78/0x4e0
[   10.428834]  kthread+0x124/0x130
[   10.428840]  ret_from_fork+0x10/0x3c
[   10.428843] ---[ end trace fb68dcbb1568474c ]---
[   10.428851] zynqmp-qspi ff0f0000.spi: Cannot enable APB clock.
[   10.428900] spi_master spi0: Failed to power device: -108
[   10.428910] blk_update_request: I/O error, dev mtdblock0, sector 8 op 0x0:(READ) flags 0x80700 phys_seg 1 prio class 0
[   10.428991] spi_master spi0: Failed to power device: -22
[   10.428998] blk_update_request: I/O error, dev mtdblock0, sector 8 op 0x0:(READ) flags 0x0 phys_seg 8 prio class 0
[   10.429004] Buffer I/O error on dev mtdblock0, logical block 8, async page read
[   10.429013] spi_master spi0: Failed to power device: -22
[   10.429019] blk_update_request: I/O error, dev mtdblock0, sector 9 op 0x0:(READ) flags 0x0 phys_seg 7 prio class 0
[   10.429022] Buffer I/O error on dev mtdblock0, logical block 9, async page read
[   10.429029] spi_master spi0: Failed to power device: -22
[   10.429040] blk_update_request: I/O error, dev mtdblock0, sector 10 op 0x0:(READ) flags 0x0 phys_seg 6 prio class 0
[   10.429044] Buffer I/O error on dev mtdblock0, logical block 10, async page read
[   10.429051] spi_master spi0: Failed to power device: -22
[   10.429057] blk_update_request: I/O error, dev mtdblock0, sector 11 op 0x0:(READ) flags 0x0 phys_seg 5 prio class 0
[   10.429060] Buffer I/O error on dev mtdblock0, logical block 11, async page read
[   10.429067] spi_master spi0: Failed to power device: -22
[   10.429073] blk_update_request: I/O error, dev mtdblock0, sector 12 op 0x0:(READ) flags 0x0 phys_seg 4 prio class 0
[   10.429077] Buffer I/O error on dev mtdblock0, logical block 12, async page read
[   10.429084] spi_master spi0: Failed to power device: -22
[   10.429090] blk_update_request: I/O error, dev mtdblock0, sector 13 op 0x0:(READ) flags 0x0 phys_seg 3 prio class 0
[   10.429093] Buffer I/O error on dev mtdblock0, logical block 13, async page read
[   10.429100] spi_master spi0: Failed to power device: -22
[   10.429106] blk_update_request: I/O error, dev mtdblock0, sector 14 op 0x0:(READ) flags 0x0 phys_seg 2 prio class 0
[   10.429110] Buffer I/O error on dev mtdblock0, logical block 14, async page read
[   10.429116] spi_master spi0: Failed to power device: -22
[   10.429122] blk_update_request: I/O error, dev mtdblock0, sector 15 op 0x0:(READ) flags 0x0 phys_seg 1 prio class 0
[   10.429126] Buffer I/O error on dev mtdblock0, logical block 15, async page read
[   10.429471] spi_master spi0: Failed to power device: -22
[   10.429478] blk_update_request: I/O error, dev mtdblock1, sector 10112 op 0x0:(READ) flags 0x80700 phys_seg 1 prio class 0
[   10.429523] spi_master spi0: Failed to power device: -22
[   10.429528] Buffer I/O error on dev mtdblock1, logical block 10112, async page read
[   10.429536] spi_master spi0: Failed to power device: -22
[   10.429541] Buffer I/O error on dev mtdblock1, logical block 10113, async page read
[   10.429548] spi_master spi0: Failed to power device: -22
[   10.429555] spi_master spi0: Failed to power device: -22
[   10.429563] spi_master spi0: Failed to power device: -22
[   10.429570] spi_master spi0: Failed to power device: -22
[   10.429578] spi_master spi0: Failed to power device: -22
[   10.429585] spi_master spi0: Failed to power device: -22
[   10.429815] spi_master spi0: Failed to power device: -22
[   10.429860] spi_master spi0: Failed to power device: -22
[   10.429869] spi_master spi0: Failed to power device: -22
[   10.429877] spi_master spi0: Failed to power device: -22
[   10.429885] spi_master spi0: Failed to power device: -22
[   10.429892] spi_master spi0: Failed to power device: -22
[   10.429900] spi_master spi0: Failed to power device: -22
[   10.429907] spi_master spi0: Failed to power device: -22
[   10.429914] spi_master spi0: Failed to power device: -22
[   10.430177] spi_master spi0: Failed to power device: -22
[   10.430222] spi_master spi0: Failed to power device: -22
[   10.430231] spi_master spi0: Failed to power device: -22
[   10.430239] spi_master spi0: Failed to power device: -22
[   10.430247] spi_master spi0: Failed to power device: -22
[   10.430255] spi_master spi0: Failed to power device: -22
[   10.430262] spi_master spi0: Failed to power device: -22
[   10.430269] spi_master spi0: Failed to power device: -22
[   10.430276] spi_master spi0: Failed to power device: -22
[   10.557875] EXT4-fs (mmcblk0p2): re-mounted. Opts: (null)
[   10.852586] systemd-journald[169]: Received request to flush runtime journal from PID 1
[   16.753895] macb ff0e0000.ethernet eth0: PHY [ff0e0000.ethernet-ffffffff:0c] driver [TI DP83867] (irq=POLL)
[   16.753908] macb ff0e0000.ethernet eth0: configuring for phy/rgmii-id link mode
[   17.163777] Adding 96252k swap on /var/swap.  Priority:-2 extents:1 across:96252k SS
[   19.767246] broken atomic modeset userspace detected, disabling atomic
[   20.833359] macb ff0e0000.ethernet eth0: Link is Up - 1Gbps/Full - flow control off
[   20.833384] IPv6: ADDRCONF(NETDEV_CHANGE): eth0: link becomes ready
[   22.473976] broken atomic modeset userspace detected, disabling atomic
[   25.654517] broken atomic modeset userspace detected, disabling atomic