[    0.000000] Booting Linux on physical CPU 0x0000000000 [0x410fd034]
[    0.000000] Linux version 5.10.0-98103-g2aa7ac113716 (jenkins@romlxbuild1.adlk.analog.com) (aarch64-xilinx-linux-gcc.real (GCC) 10.2.0, GNU ld (GNU Binutils) 2.35.0.20200730) #5577 SMP Wed Mar 23 07:28:49 GMT 2022
[    0.000000] Machine model: ZynqMP ZCU102 Rev1.0
[    0.000000] earlycon: cdns0 at MMIO 0x00000000ff000000 (options '115200n8')
[    0.000000] printk: bootconsole [cdns0] enabled
[    0.000000] efi: UEFI not found.
[    0.000000] cma: Reserved 256 MiB at 0x0000000070000000
[    0.000000] Zone ranges:
[    0.000000]   DMA      [mem 0x0000000000000000-0x000000003fffffff]
[    0.000000]   DMA32    [mem 0x0000000040000000-0x00000000ffffffff]
[    0.000000]   Normal   [mem 0x0000000100000000-0x000000087fffffff]
[    0.000000] Movable zone start for each node
[    0.000000] Early memory node ranges
[    0.000000]   node   0: [mem 0x0000000000000000-0x000000007fffffff]
[    0.000000]   node   0: [mem 0x0000000800000000-0x000000087fffffff]
[    0.000000] Initmem setup node 0 [mem 0x0000000000000000-0x000000087fffffff]
[    0.000000] On node 0 totalpages: 1048576
[    0.000000]   DMA zone: 3584 pages used for memmap
[    0.000000]   DMA zone: 0 pages reserved
[    0.000000]   DMA zone: 262144 pages, LIFO batch:63
[    0.000000]   DMA32 zone: 3584 pages used for memmap
[    0.000000]   DMA32 zone: 262144 pages, LIFO batch:63
[    0.000000]   Normal zone: 7168 pages used for memmap
[    0.000000]   Normal zone: 524288 pages, LIFO batch:63
[    0.000000] psci: probing for conduit method from DT.
[    0.000000] psci: PSCIv1.1 detected in firmware.
[    0.000000] psci: Using standard PSCI v0.2 function IDs
[    0.000000] psci: MIGRATE_INFO_TYPE not supported.
[    0.000000] psci: SMC Calling Convention v1.2
[    0.000000] percpu: Embedded 22 pages/cpu s49496 r8192 d32424 u90112
[    0.000000] pcpu-alloc: s49496 r8192 d32424 u90112 alloc=22*4096
[    0.000000] pcpu-alloc: [0] 0 [0] 1 [0] 2 [0] 3 
[    0.000000] Detected VIPT I-cache on CPU0
[    0.000000] CPU features: detected: ARM erratum 845719
[    0.000000] Built 1 zonelists, mobility grouping on.  Total pages: 1034240
[    0.000000] Kernel command line: console=ttyPS0,115200 root=/dev/mmcblk0p2 rw earlycon rootfstype=ext4 rootwait clk_ignore_unused cpuidle.off=1 root=/dev/mmcblk0p2 rw rootwait
[    0.000000] Dentry cache hash table entries: 524288 (order: 10, 4194304 bytes, linear)
[    0.000000] Inode-cache hash table entries: 262144 (order: 9, 2097152 bytes, linear)
[    0.000000] mem auto-init: stack:off, heap alloc:off, heap free:off
[    0.000000] software IO TLB: mapped [mem 0x000000003bfff000-0x000000003ffff000] (64MB)
[    0.000000] Memory: 3761904K/4194304K available (15296K kernel code, 1636K rwdata, 11876K rodata, 2560K init, 507K bss, 170256K reserved, 262144K cma-reserved)
[    0.000000] rcu: Hierarchical RCU implementation.
[    0.000000] rcu: 	RCU event tracing is enabled.
[    0.000000] rcu: 	RCU restricting CPUs from NR_CPUS=8 to nr_cpu_ids=4.
[    0.000000] rcu: RCU calculated value of scheduler-enlistment delay is 25 jiffies.
[    0.000000] rcu: Adjusting geometry for rcu_fanout_leaf=16, nr_cpu_ids=4
[    0.000000] NR_IRQS: 64, nr_irqs: 64, preallocated irqs: 0
[    0.000000] GIC: Adjusting CPU interface base to 0x00000000f902f000
[    0.000000] GIC: Using split EOI/Deactivate mode
[    0.000000] random: get_random_bytes called from start_kernel+0x31c/0x54c with crng_init=0
[    0.000000] arch_timer: cp15 timer(s) running at 100.00MHz (phys).
[    0.000000] clocksource: arch_sys_counter: mask: 0xffffffffffffff max_cycles: 0x171024e7e0, max_idle_ns: 440795205315 ns
[    0.000003] sched_clock: 56 bits at 100MHz, resolution 10ns, wraps every 4398046511100ns
[    0.008460] Console: colour dummy device 80x25
[    0.012482] Calibrating delay loop (skipped), value calculated using timer frequency.. 200.00 BogoMIPS (lpj=400000)
[    0.022840] pid_max: default: 32768 minimum: 301
[    0.027549] Mount-cache hash table entries: 8192 (order: 4, 65536 bytes, linear)
[    0.034788] Mountpoint-cache hash table entries: 8192 (order: 4, 65536 bytes, linear)
[    0.043400] rcu: Hierarchical SRCU implementation.
[    0.047561] EFI services will not be available.
[    0.051938] smp: Bringing up secondary CPUs ...
[    0.056657] Detected VIPT I-cache on CPU1
[    0.056696] CPU1: Booted secondary processor 0x0000000001 [0x410fd034]
[    0.057061] Detected VIPT I-cache on CPU2
[    0.057086] CPU2: Booted secondary processor 0x0000000002 [0x410fd034]
[    0.057424] Detected VIPT I-cache on CPU3
[    0.057447] CPU3: Booted secondary processor 0x0000000003 [0x410fd034]
[    0.057494] smp: Brought up 1 node, 4 CPUs
[    0.091779] SMP: Total of 4 processors activated.
[    0.096452] CPU features: detected: 32-bit EL0 Support
[    0.101555] CPU features: detected: CRC32 instructions
[    0.106697] CPU: All CPU(s) started at EL2
[    0.110736] alternatives: patching kernel code
[    0.116169] devtmpfs: initialized
[    0.124059] Registered cp15_barrier emulation handler
[    0.124109] Registered setend emulation handler
[    0.128092] clocksource: jiffies: mask: 0xffffffff max_cycles: 0xffffffff, max_idle_ns: 7645041785100000 ns
[    0.137669] futex hash table entries: 1024 (order: 4, 65536 bytes, linear)
[    0.151031] pinctrl core: initialized pinctrl subsystem
[    0.151680] NET: Registered protocol family 16
[    0.156100] DMA: preallocated 512 KiB GFP_KERNEL pool for atomic allocations
[    0.162116] DMA: preallocated 512 KiB GFP_KERNEL|GFP_DMA pool for atomic allocations
[    0.169841] DMA: preallocated 512 KiB GFP_KERNEL|GFP_DMA32 pool for atomic allocations
[    0.177645] audit: initializing netlink subsys (disabled)
[    0.183096] audit: type=2000 audit(0.116:1): state=initialized audit_enabled=0 res=1
[    0.183437] hw-breakpoint: found 6 breakpoint and 4 watchpoint registers.
[    0.197472] ASID allocator initialised with 65536 entries
[    0.224353] HugeTLB registered 1.00 GiB page size, pre-allocated 0 pages
[    0.225411] HugeTLB registered 32.0 MiB page size, pre-allocated 0 pages
[    0.232082] HugeTLB registered 2.00 MiB page size, pre-allocated 0 pages
[    0.238746] HugeTLB registered 64.0 KiB page size, pre-allocated 0 pages
[    1.304343] DRBG: Continuing without Jitter RNG
[    1.382136] raid6: neonx8   gen()  2140 MB/s
[    1.450183] raid6: neonx8   xor()  1599 MB/s
[    1.518243] raid6: neonx4   gen()  2191 MB/s
[    1.586297] raid6: neonx4   xor()  1565 MB/s
[    1.654368] raid6: neonx2   gen()  2075 MB/s
[    1.722413] raid6: neonx2   xor()  1436 MB/s
[    1.790487] raid6: neonx1   gen()  1772 MB/s
[    1.858525] raid6: neonx1   xor()  1220 MB/s
[    1.926586] raid6: int64x8  gen()  1438 MB/s
[    1.994638] raid6: int64x8  xor()   771 MB/s
[    2.062716] raid6: int64x4  gen()  1598 MB/s
[    2.130766] raid6: int64x4  xor()   819 MB/s
[    2.198828] raid6: int64x2  gen()  1397 MB/s
[    2.266875] raid6: int64x2  xor()   750 MB/s
[    2.334951] raid6: int64x1  gen()  1034 MB/s
[    2.403014] raid6: int64x1  xor()   517 MB/s
[    2.403052] raid6: using algorithm neonx4 gen() 2191 MB/s
[    2.407004] raid6: .... xor() 1565 MB/s, rmw enabled
[    2.411934] raid6: using neon recovery algorithm
[    2.416944] iommu: Default domain type: Translated 
[    2.421559] SCSI subsystem initialized
[    2.425104] libata version 3.00 loaded.
[    2.425228] usbcore: registered new interface driver usbfs
[    2.430561] usbcore: registered new interface driver hub
[    2.435833] usbcore: registered new device driver usb
[    2.440966] mc: Linux media interface: v0.10
[    2.445083] videodev: Linux video capture interface: v2.00
[    2.450574] EDAC MC: Ver: 3.0.0
[    2.454015] zynqmp-ipi-mbox mailbox@ff990400: Registered ZynqMP IPI mbox with TX/RX channels.
[    2.462516] jesd204: created con: id=0, topo=0, link=0, /axi/spi@ff050000/hmc7044@0 <-> /fpga-axi@0/axi-adxcvr-tx@84b60000
[    2.473103] jesd204: created con: id=1, topo=0, link=2, /axi/spi@ff050000/hmc7044@0 <-> /fpga-axi@0/axi-adxcvr-rx@84a60000
[    2.484087] jesd204: created con: id=2, topo=0, link=0, /fpga-axi@0/axi-adxcvr-tx@84b60000 <-> /fpga-axi@0/axi-jesd204-tx@84b90000
[    2.495762] jesd204: created con: id=3, topo=0, link=2, /fpga-axi@0/axi-adxcvr-rx@84a60000 <-> /fpga-axi@0/axi-jesd204-rx@84a90000
[    2.507440] jesd204: created con: id=4, topo=0, link=0, /fpga-axi@0/axi-jesd204-tx@84b90000 <-> /fpga-axi@0/axi-ad9081-tx-hpc@84b10000
[    2.519467] jesd204: created con: id=5, topo=0, link=2, /fpga-axi@0/axi-jesd204-rx@84a90000 <-> /fpga-axi@0/axi-ad9081-rx-hpc@84a10000
[    2.531491] jesd204: created con: id=6, topo=0, link=2, /fpga-axi@0/axi-ad9081-rx-hpc@84a10000 <-> /axi/spi@ff040000/ad9081@0
[    2.542731] jesd204: created con: id=7, topo=0, link=0, /fpga-axi@0/axi-ad9081-tx-hpc@84b10000 <-> /axi/spi@ff040000/ad9081@0
[    2.553982] jesd204: /axi/spi@ff040000/ad9081@0: JESD204[2] transition uninitialized -> initialized
[    2.562968] jesd204: /axi/spi@ff040000/ad9081@0: JESD204[0] transition uninitialized -> initialized
[    2.571959] jesd204: found 8 devices and 1 topologies
[    2.577003] FPGA manager framework
[    2.580482] Advanced Linux Sound Architecture Driver Initialized.
[    2.586775] Bluetooth: Core ver 2.22
[    2.589963] NET: Registered protocol family 31
[    2.594364] Bluetooth: HCI device and connection manager initialized
[    2.600680] Bluetooth: HCI socket layer initialized
[    2.605523] Bluetooth: L2CAP socket layer initialized
[    2.610546] Bluetooth: SCO socket layer initialized
[    2.615733] clocksource: Switched to clocksource arch_sys_counter
[    2.621539] VFS: Disk quotas dquot_6.6.0
[    2.625373] VFS: Dquot-cache hash table entries: 512 (order 0, 4096 bytes)
[    2.636085] NET: Registered protocol family 2
[    2.636820] tcp_listen_portaddr_hash hash table entries: 2048 (order: 3, 32768 bytes, linear)
[    2.645014] TCP established hash table entries: 32768 (order: 6, 262144 bytes, linear)
[    2.653039] TCP bind hash table entries: 32768 (order: 7, 524288 bytes, linear)
[    2.660484] TCP: Hash tables configured (established 32768 bind 32768)
[    2.666658] UDP hash table entries: 2048 (order: 4, 65536 bytes, linear)
[    2.673324] UDP-Lite hash table entries: 2048 (order: 4, 65536 bytes, linear)
[    2.680484] NET: Registered protocol family 1
[    2.684941] RPC: Registered named UNIX socket transport module.
[    2.690561] RPC: Registered udp transport module.
[    2.695226] RPC: Registered tcp transport module.
[    2.699895] RPC: Registered tcp NFSv4.1 backchannel transport module.
[    2.706887] PCI: CLS 0 bytes, default 64
[    2.710592] hw perfevents: no interrupt-affinity property for /pmu, guessing.
[    2.717448] hw perfevents: enabled with armv8_pmuv3 PMU driver, 7 counters available
[    2.725799] Initialise system trusted keyrings
[    2.729475] workingset: timestamp_bits=62 max_order=20 bucket_order=0
[    2.736372] NFS: Registering the id_resolver key type
[    2.740825] Key type id_resolver registered
[    2.744963] Key type id_legacy registered
[    2.748953] nfs4filelayout_init: NFSv4 File Layout Driver Registering...
[    2.755619] jffs2: version 2.2. (NAND) (SUMMARY)  Â© 2001-2006 Red Hat, Inc.
[    2.798037] NET: Registered protocol family 38
[    2.798080] xor: measuring software checksum speed
[    2.805769]    8regs           :  2363 MB/sec
[    2.809438]    32regs          :  2799 MB/sec
[    2.814380]    arm64_neon      :  2380 MB/sec
[    2.814570] xor: using function: 32regs (2799 MB/sec)
[    2.819597] Key type asymmetric registered
[    2.823657] Asymmetric key parser 'x509' registered
[    2.828518] Block layer SCSI generic (bsg) driver version 0.4 loaded (major 248)
[    2.835855] io scheduler mq-deadline registered
[    2.840352] io scheduler kyber registered
[    2.869752] Serial: 8250/16550 driver, 4 ports, IRQ sharing disabled
[    2.874387] cacheinfo: Unable to detect cache hierarchy for CPU 0
[    2.880724] brd: module loaded
[    2.884869] loop: module loaded
[    2.885416] Registered mathworks_ip class
[    2.888756] libphy: Fixed MDIO Bus: probed
[    2.891743] tun: Universal TUN/TAP device driver, 1.6
[    2.895799] CAN device driver interface
[    2.900340] usbcore: registered new interface driver asix
[    2.904929] usbcore: registered new interface driver ax88179_178a
[    2.910964] usbcore: registered new interface driver cdc_ether
[    2.916758] usbcore: registered new interface driver net1080
[    2.922384] usbcore: registered new interface driver cdc_subset
[    2.928265] usbcore: registered new interface driver zaurus
[    2.933808] usbcore: registered new interface driver cdc_ncm
[    2.940219] ehci_hcd: USB 2.0 'Enhanced' Host Controller (EHCI) Driver
[    2.945894] ehci-pci: EHCI PCI platform driver
[    2.950691] usbcore: registered new interface driver uas
[    2.955612] usbcore: registered new interface driver usb-storage
[    2.961598] usbcore: registered new interface driver usbserial_generic
[    2.968049] usbserial: USB Serial support registered for generic
[    2.974021] usbcore: registered new interface driver ftdi_sio
[    2.979730] usbserial: USB Serial support registered for FTDI USB Serial Device
[    2.987001] usbcore: registered new interface driver upd78f0730
[    2.992872] usbserial: USB Serial support registered for upd78f0730
[    3.000537] rtc_zynqmp ffa60000.rtc: registered as rtc0
[    3.004298] rtc_zynqmp ffa60000.rtc: setting system clock to 2022-03-26T02:52:27 UTC (1648263147)
[    3.013160] i2c /dev entries driver
[    3.018468] usbcore: registered new interface driver uvcvideo
[    3.022273] USB Video Class driver (1.1.1)
[    3.027854] Bluetooth: HCI UART driver ver 2.3
[    3.030744] Bluetooth: HCI UART protocol H4 registered
[    3.035853] Bluetooth: HCI UART protocol BCSP registered
[    3.041142] Bluetooth: HCI UART protocol LL registered
[    3.046231] Bluetooth: HCI UART protocol ATH3K registered
[    3.051607] Bluetooth: HCI UART protocol Three-wire (H5) registered
[    3.057860] Bluetooth: HCI UART protocol Intel registered
[    3.063197] Bluetooth: HCI UART protocol QCA registered
[    3.068400] usbcore: registered new interface driver bcm203x
[    3.074021] usbcore: registered new interface driver bpa10x
[    3.079554] usbcore: registered new interface driver bfusb
[    3.085006] usbcore: registered new interface driver btusb
[    3.090470] usbcore: registered new interface driver ath3k
[    3.095953] EDAC MC: ECC not enabled
[    3.099572] EDAC DEVICE0: Giving out device to module zynqmp-ocm-edac controller zynqmp_ocm: DEV ff960000.memory-controller (INTERRUPT)
[    3.111899] sdhci: Secure Digital Host Controller Interface driver
[    3.117680] sdhci: Copyright(c) Pierre Ossman
[    3.122005] sdhci-pltfm: SDHCI platform and OF driver helper
[    3.128065] ledtrig-cpu: registered to indicate activity on CPUs
[    3.133610] SMCCC: SOC_ID: ARCH_SOC_ID not implemented, skipping ....
[    3.140038] zynqmp_firmware_probe Platform Management API v1.1
[    3.145796] zynqmp_firmware_probe Trustzone version v1.0
[    3.185338] zynqmp-pinctrl firmware:zynqmp-firmware:pinctrl: zynqmp pinctrl initialized
[    3.233333] zynqmp-aes firmware:zynqmp-firmware:zynqmp-aes: will run requests pump with realtime priority
[    3.249176] alg: No test for xilinx-keccak-384 (zynqmp-keccak-384)
[    3.249886] alg: No test for xilinx-zynqmp-rsa (zynqmp-rsa)
[    3.255397] usbcore: registered new interface driver usbhid
[    3.260788] usbhid: USB HID core driver
[    3.272028] axi_sysid 85000000.axi-sysid-0: AXI System ID core version (1.01.a) found
[    3.274378] axi_sysid 85000000.axi-sysid-0: [ad9081_fmca_ebz] on [zcu102] git branch <master> git <084d44c9780640ca93fd847b1d9ec70dd65f5c67> clean [2022-03-18 04:17:50] UTC
[    3.290067] fpga_manager fpga0: Xilinx ZynqMP FPGA Manager registered
[    3.296429] usbcore: registered new interface driver snd-usb-audio
[    3.303866] pktgen: Packet Generator for packet performance testing. Version: 2.75
[    3.310042] Initializing XFRM netlink socket
[    3.313912] NET: Registered protocol family 10
[    3.318623] Segment Routing with IPv6
[    3.322008] sit: IPv6, IPv4 and MPLS over IPv4 tunneling driver
[    3.328075] NET: Registered protocol family 17
[    3.332179] NET: Registered protocol family 15
[    3.336675] can: controller area network core
[    3.340930] NET: Registered protocol family 29
[    3.345320] can: raw protocol
[    3.348255] can: broadcast manager protocol
[    3.352411] can: netlink gateway - max_hops=1
[    3.356805] Bluetooth: RFCOMM TTY layer initialized
[    3.361584] Bluetooth: RFCOMM socket layer initialized
[    3.366695] Bluetooth: RFCOMM ver 1.11
[    3.370403] Bluetooth: BNEP (Ethernet Emulation) ver 1.3
[    3.375675] Bluetooth: BNEP filters: protocol multicast
[    3.380868] Bluetooth: BNEP socket layer initialized
[    3.385795] Bluetooth: HIDP (Human Interface Emulation) ver 1.2
[    3.391680] Bluetooth: HIDP socket layer initialized
[    3.396731] 9pnet: Installing 9P2000 support
[    3.400857] NET: Registered protocol family 36
[    3.405274] Key type dns_resolver registered
[    3.409708] registered taskstats version 1
[    3.413569] Loading compiled-in X.509 certificates
[    3.418681] Btrfs loaded, crc32c=crc32c-generic
[    3.431070] ff000000.serial: ttyPS0 at MMIO 0xff000000 (irq = 49, base_baud = 6249999) is a xuartps
[    3.440095] printk: console [ttyPS0] enabled
[    3.444390] printk: bootconsole [cdns0] disabled
[    3.454020] ff010000.serial: ttyPS1 at MMIO 0xff010000 (irq = 50, base_baud = 6249999) is a xuartps
[    3.467263] of-fpga-region fpga-full: FPGA Region probed
[    3.474223] nwl-pcie fd0e0000.pcie: host bridge /axi/pcie@fd0e0000 ranges:
[    3.481120] nwl-pcie fd0e0000.pcie:      MEM 0x00e0000000..0x00efffffff -> 0x00e0000000
[    3.489128] nwl-pcie fd0e0000.pcie:      MEM 0x0600000000..0x07ffffffff -> 0x0600000000
[    3.497192] nwl-pcie fd0e0000.pcie: Link is DOWN
[    3.501949] nwl-pcie fd0e0000.pcie: PCI host bridge to bus 0000:00
[    3.508127] pci_bus 0000:00: root bus resource [bus 00-ff]
[    3.513609] pci_bus 0000:00: root bus resource [mem 0xe0000000-0xefffffff]
[    3.520478] pci_bus 0000:00: root bus resource [mem 0x600000000-0x7ffffffff pref]
[    3.527983] pci 0000:00:00.0: [10ee:d021] type 01 class 0x060400
[    3.534041] pci 0000:00:00.0: PME# supported from D0 D1 D2 D3hot
[    3.544488] pci 0000:00:00.0: PCI bridge to [bus 01-0c]
[    3.550467] xilinx-zynqmp-dma fd500000.dma: ZynqMP DMA driver Probe success
[    3.557645] xilinx-zynqmp-dma fd510000.dma: ZynqMP DMA driver Probe success
[    3.564822] xilinx-zynqmp-dma fd520000.dma: ZynqMP DMA driver Probe success
[    3.571996] xilinx-zynqmp-dma fd530000.dma: ZynqMP DMA driver Probe success
[    3.579162] xilinx-zynqmp-dma fd540000.dma: ZynqMP DMA driver Probe success
[    3.586333] xilinx-zynqmp-dma fd550000.dma: ZynqMP DMA driver Probe success
[    3.593505] xilinx-zynqmp-dma fd560000.dma: ZynqMP DMA driver Probe success
[    3.600673] xilinx-zynqmp-dma fd570000.dma: ZynqMP DMA driver Probe success
[    3.608083] xilinx-zynqmp-dpdma fd4c0000.dma-controller: Xilinx DPDMA engine is probed
[    3.616630] ahci-ceva fd0c0000.ahci: supply ahci not found, using dummy regulator
[    3.624172] ahci-ceva fd0c0000.ahci: supply phy not found, using dummy regulator
[    3.711909] hmc7044 spi2.0: PLL1: Acquisition, CLKIN0 @ 122880000 Hz, PFD: 80 kHz - PLL2: Locked @ 2880.000000 MHz
[    3.722624] jesd204: /axi/spi@ff050000/hmc7044@0,jesd204:1,parent=spi2.0: Using as SYSREF provider
[    3.732214] spi-nor spi0.0: SPI-NOR-UniqueID 100000235394732200270025081115266e
[    3.739518] spi-nor spi0.0: found n25q512a, expected m25p80
[    3.745722] spi-nor spi0.0: trying to lock already unlocked area
[    3.751730] spi-nor spi0.0: n25q512a (131072 Kbytes)
[    3.756714] 4 fixed-partitions partitions found on MTD device spi0.0
[    3.763061] Creating 4 MTD partitions on "spi0.0":
[    3.767847] 0x000000000000-0x000000100000 : "qspi-fsbl-uboot"
[    3.774331] 0x000000100000-0x000000600000 : "qspi-linux"
[    3.780284] 0x000000600000-0x000000620000 : "qspi-device-tree"
[    3.786756] 0x000000620000-0x000000c00000 : "qspi-rootfs"
[    3.795224] macb ff0e0000.ethernet: Not enabling partial store and forward
[    3.802753] libphy: MACB_mii_bus: probed
[    3.807814] macb ff0e0000.ethernet eth0: Cadence GEM rev 0x50070106 at 0xff0e0000 irq 30 (00:0a:35:04:8e:1b)
[    3.818026] xilinx-axipmon ffa00000.perf-monitor: Probed Xilinx APM
[    3.824599] xilinx-axipmon fd0b0000.perf-monitor: Probed Xilinx APM
[    3.831116] xilinx-axipmon fd490000.perf-monitor: Probed Xilinx APM
[    3.837659] xilinx-axipmon ffa10000.perf-monitor: Probed Xilinx APM
[    3.847667] pca953x 0-0020: supply vcc not found, using dummy regulator
[    3.854355] pca953x 0-0020: using no AI
[    3.858845] gpio-496 (sel0): hogged as output/low
[    3.863746] gpio-497 (sel1): hogged as output/high
[    3.868735] gpio-498 (sel2): hogged as output/high
[    3.873725] gpio-499 (sel3): hogged as output/high
[    3.878901] pca953x 0-0021: supply vcc not found, using dummy regulator
[    3.885575] pca953x 0-0021: using no AI
[    3.891349] ina2xx 2-0040: power monitor ina226 (Rshunt = 5000 uOhm)
[    3.898380] ina2xx 2-0041: power monitor ina226 (Rshunt = 5000 uOhm)
[    3.905418] ina2xx 2-0042: power monitor ina226 (Rshunt = 5000 uOhm)
[    3.912450] ina2xx 2-0043: power monitor ina226 (Rshunt = 5000 uOhm)
[    3.919475] ina2xx 2-0044: power monitor ina226 (Rshunt = 5000 uOhm)
[    3.926495] ina2xx 2-0045: power monitor ina226 (Rshunt = 5000 uOhm)
[    3.933526] ina2xx 2-0046: power monitor ina226 (Rshunt = 5000 uOhm)
[    3.940605] ina2xx 2-0047: power monitor ina226 (Rshunt = 5000 uOhm)
[    3.947629] ina2xx 2-004a: power monitor ina226 (Rshunt = 5000 uOhm)
[    3.954668] ina2xx 2-004b: power monitor ina226 (Rshunt = 5000 uOhm)
[    3.961079] i2c i2c-0: Added multiplexed i2c bus 2
[    3.966463] random: fast init done
[    3.969936] ina2xx 3-0040: power monitor ina226 (Rshunt = 2000 uOhm)
[    3.976965] ina2xx 3-0041: power monitor ina226 (Rshunt = 5000 uOhm)
[    3.983996] ina2xx 3-0042: power monitor ina226 (Rshunt = 5000 uOhm)
[    3.991024] ina2xx 3-0043: power monitor ina226 (Rshunt = 5000 uOhm)
[    3.998050] ina2xx 3-0044: power monitor ina226 (Rshunt = 5000 uOhm)
[    4.005083] ina2xx 3-0045: power monitor ina226 (Rshunt = 5000 uOhm)
[    4.012117] ina2xx 3-0046: power monitor ina226 (Rshunt = 5000 uOhm)
[    4.019146] ina2xx 3-0047: power monitor ina226 (Rshunt = 5000 uOhm)
[    4.025547] i2c i2c-0: Added multiplexed i2c bus 3
[    4.081345] i2c i2c-0: Added multiplexed i2c bus 4
[    4.086289] i2c i2c-0: Added multiplexed i2c bus 5
[    4.091076] pca954x 0-0075: registered 4 multiplexed busses for I2C mux pca9544
[    4.098426] cdns-i2c ff020000.i2c: 400 kHz mmio ff020000 irq 32
[    4.106153] at24 6-0054: supply vcc not found, using dummy regulator
[    4.113051] at24 6-0054: 1024 byte 24c08 EEPROM, writable, 1 bytes/write
[    4.119806] i2c i2c-1: Added multiplexed i2c bus 6
[    4.126237] si5341 7-0036: Chip: 5341 Grade: 1 Rev: 1
[    4.163962] i2c i2c-1: Added multiplexed i2c bus 7
[    4.171614] si570 8-005d: registered, current frequency 300000000 Hz
[    4.178012] i2c i2c-1: Added multiplexed i2c bus 8
[    4.197796] si570 9-005d: registered, current frequency 148500000 Hz
[    4.204200] i2c i2c-1: Added multiplexed i2c bus 9
[    4.209230] si5324 10-0069: si5328 probed
[    4.276106] si5324 10-0069: si5328 probe successful
[    4.281037] i2c i2c-1: Added multiplexed i2c bus 10
[    4.286064] i2c i2c-1: Added multiplexed i2c bus 11
[    4.291093] i2c i2c-1: Added multiplexed i2c bus 12
[    4.296111] i2c i2c-1: Added multiplexed i2c bus 13
[    4.300985] pca954x 1-0074: registered 8 multiplexed busses for I2C switch pca9548
[    4.309094] at24 14-0050: supply vcc not found, using dummy regulator
[    4.315880] at24 14-0050: 256 byte 24c02 EEPROM, writable, 1 bytes/write
[    4.322628] i2c i2c-1: Added multiplexed i2c bus 14
[    4.327667] i2c i2c-1: Added multiplexed i2c bus 15
[    4.332700] i2c i2c-1: Added multiplexed i2c bus 16
[    4.337738] i2c i2c-1: Added multiplexed i2c bus 17
[    4.342772] i2c i2c-1: Added multiplexed i2c bus 18
[    4.347819] i2c i2c-1: Added multiplexed i2c bus 19
[    4.352855] i2c i2c-1: Added multiplexed i2c bus 20
[    4.357892] i2c i2c-1: Added multiplexed i2c bus 21
[    4.362768] pca954x 1-0075: registered 8 multiplexed busses for I2C switch pca9548
[    4.370377] cdns-i2c ff030000.i2c: 400 kHz mmio ff030000 irq 33
[    4.380125] cdns-wdt fd4d0000.watchdog: Xilinx Watchdog Timer with timeout 60s
[    4.391057] axi_adxcvr 84a60000.axi-adxcvr-rx: AXI-ADXCVR-RX (17.05.a) using CPLL on GTH4 at 0x84A60000. Number of lanes: 4.
[    4.403227] axi_adxcvr 84b60000.axi-adxcvr-tx: AXI-ADXCVR-TX (17.05.a) using QPLL on GTH4 at 0x84B60000. Number of lanes: 4.
[    4.414850] axi-jesd204-rx 84a90000.axi-jesd204-rx: AXI-JESD204-RX (1.07.a) at 0x84A90000. Encoder 8b10b, width 4/4, lanes 4, jesd204-fsm.
[    4.422145] mmc0: SDHCI controller on ff170000.mmc [ff170000.mmc] using ADMA 64-bit
[    4.427697] axi-jesd204-tx 84b90000.axi-jesd204-tx: AXI-JESD204-TX (1.06.a) at 0x84B90000. Encoder 8b10b, width 4/4, lanes 4, jesd204-fsm.
[    4.448420] zynqmp-display fd4a0000.display: vtc bridge property not present
[    4.458079] xilinx-dp-snd-codec fd4a0000.display:zynqmp_dp_snd_codec0: Failed to get required clock freq
[    4.467579] xilinx-dp-snd-codec: probe of fd4a0000.display:zynqmp_dp_snd_codec0 failed with error -22
[    4.469507] mmc0: new high speed SDHC card at address 0001
[    4.477119] xilinx-dp-snd-pcm zynqmp_dp_snd_pcm0: Xilinx DisplayPort Sound PCM probed
[    4.482632] mmcblk0: mmc0:0001 EB1QT 29.8 GiB 
[    4.490437] xilinx-dp-snd-pcm zynqmp_dp_snd_pcm1: Xilinx DisplayPort Sound PCM probed
[    4.495792]  mmcblk0: p1 p2 p3
[    4.502736] OF: graph: no port node found in /axi/display@fd4a0000
[    4.511807] xlnx-drm xlnx-drm.0: bound fd4a0000.display (ops 0xffffffc010fcbdb8)
[    5.595749] zynqmp-display fd4a0000.display: [drm] Cannot find any crtc or sizes
[    5.603359] [drm] Initialized xlnx 1.0.0 20130509 for fd4a0000.display on minor 0
[    5.610850] zynqmp-display fd4a0000.display: ZynqMP DisplayPort Subsystem driver probed
[    5.619175] ahci-ceva fd0c0000.ahci: supply ahci not found, using dummy regulator
[    5.626722] ahci-ceva fd0c0000.ahci: supply phy not found, using dummy regulator
[    5.634180] ahci-ceva fd0c0000.ahci: supply target not found, using dummy regulator
[    5.642019] ahci-ceva fd0c0000.ahci: AHCI 0001.0301 32 slots 2 ports 6 Gbps 0x3 impl platform mode
[    5.650975] ahci-ceva fd0c0000.ahci: flags: 64bit ncq sntf pm clo only pmp fbs pio slum part ccc sds apst 
[    5.661668] scsi host0: ahci-ceva
[    5.665274] scsi host1: ahci-ceva
[    5.668700] ata1: SATA max UDMA/133 mmio [mem 0xfd0c0000-0xfd0c1fff] port 0x100 irq 45
[    5.676614] ata2: SATA max UDMA/133 mmio [mem 0xfd0c0000-0xfd0c1fff] port 0x180 irq 45
[    5.685215] ad9081 spi1.0: supply vdd not found, using dummy regulator
[    5.997944] ata2: SATA link down (SStatus 0 SControl 330)
[    6.003352] ata1: SATA link down (SStatus 0 SControl 330)
[    6.679752] zynqmp-display fd4a0000.display: [drm] Cannot find any crtc or sizes
[    7.544594] ad9081 spi1.0: AD9081 Rev. 2 Grade 10 (API 1.2.2) probed
[    7.551801] xhci-hcd xhci-hcd.1.auto: xHCI Host Controller
[    7.557293] xhci-hcd xhci-hcd.1.auto: new USB bus registered, assigned bus number 1
[    7.565041] xhci-hcd xhci-hcd.1.auto: hcc params 0x0238f625 hci version 0x100 quirks 0x0000000002010810
[    7.574454] xhci-hcd xhci-hcd.1.auto: irq 59, io mem 0xfe200000
[    7.580565] usb usb1: New USB device found, idVendor=1d6b, idProduct=0002, bcdDevice= 5.10
[    7.588828] usb usb1: New USB device strings: Mfr=3, Product=2, SerialNumber=1
[    7.596046] usb usb1: Product: xHCI Host Controller
[    7.600916] usb usb1: Manufacturer: Linux 5.10.0-98103-g2aa7ac113716 xhci-hcd
[    7.608041] usb usb1: SerialNumber: xhci-hcd.1.auto
[    7.613208] hub 1-0:1.0: USB hub found
[    7.616969] hub 1-0:1.0: 1 port detected
[    7.621073] xhci-hcd xhci-hcd.1.auto: xHCI Host Controller
[    7.626563] xhci-hcd xhci-hcd.1.auto: new USB bus registered, assigned bus number 2
[    7.634217] xhci-hcd xhci-hcd.1.auto: Host supports USB 3.0 SuperSpeed
[    7.640844] usb usb2: New USB device found, idVendor=1d6b, idProduct=0003, bcdDevice= 5.10
[    7.649102] usb usb2: New USB device strings: Mfr=3, Product=2, SerialNumber=1
[    7.656325] usb usb2: Product: xHCI Host Controller
[    7.661198] usb usb2: Manufacturer: Linux 5.10.0-98103-g2aa7ac113716 xhci-hcd
[    7.668324] usb usb2: SerialNumber: xhci-hcd.1.auto
[    7.673433] hub 2-0:1.0: USB hub found
[    7.677194] hub 2-0:1.0: 1 port detected
[    7.707246] cf_axi_adc 84a10000.axi-ad9081-rx-hpc: ADI AIM (10.01.b) at 0x84A10000 mapped to 0x(____ptrval____), probed ADC AD9081 as MASTER
[    7.740573] cf_axi_dds 84b10000.axi-ad9081-tx-hpc: Analog Devices CF_AXI_DDS_DDS MASTER (9.01.b) at 0x84B10000 mapped to 0x(____ptrval____), probed DDS AD9081
[    7.754778] jesd204: /axi/spi@ff040000/ad9081@0,jesd204:0,parent=spi1.0: JESD204[2] transition initialized -> probed
[    7.765297] jesd204: /axi/spi@ff040000/ad9081@0,jesd204:0,parent=spi1.0: JESD204[0] transition initialized -> probed
[    7.775820] jesd204: /axi/spi@ff040000/ad9081@0,jesd204:0,parent=spi1.0: JESD204[2] transition probed -> idle
[    7.785727] jesd204: /axi/spi@ff040000/ad9081@0,jesd204:0,parent=spi1.0: JESD204[0] transition probed -> idle
[    7.795643] jesd204: /axi/spi@ff040000/ad9081@0,jesd204:0,parent=spi1.0: JESD204[2] transition idle -> device_init
[    7.805985] jesd204: /axi/spi@ff040000/ad9081@0,jesd204:0,parent=spi1.0: JESD204[0] transition idle -> device_init
[    7.816338] jesd204: /axi/spi@ff040000/ad9081@0,jesd204:0,parent=spi1.0: JESD204[2] transition device_init -> link_init
[    7.827112] jesd204: /axi/spi@ff040000/ad9081@0,jesd204:0,parent=spi1.0: JESD204[0] transition device_init -> link_init
[    7.837904] jesd204: /axi/spi@ff040000/ad9081@0,jesd204:0,parent=spi1.0: JESD204[2] transition link_init -> link_supported
[    7.848943] jesd204: /axi/spi@ff040000/ad9081@0,jesd204:0,parent=spi1.0: JESD204[0] transition link_init -> link_supported
[    7.860347] hmc7044 spi2.0: hmc7044_jesd204_link_pre_setup: Link2 forcing continuous SYSREF mode
[    7.869286] axi-jesd204-rx 84a90000.axi-jesd204-rx: axi_jesd204_rx_jesd204_link_pre_setup: Link2 set lane rate 14400000 kHz failed (-22)
[    7.881539] jesd204: /fpga-axi@0/axi-jesd204-rx@84a90000,jesd204:4,parent=84a90000.axi-jesd204-rx: JESD204[2] In link_pre_setup got error from cb: -22
[    7.895008] jesd204: /axi/spi@ff040000/ad9081@0,jesd204:0,parent=spi1.0: Rolling back from 'link_supported', got error -22
[    7.906059] jesd204: /axi/spi@ff040000/ad9081@0,jesd204:0,parent=spi1.0: JESD204[0] transition link_supported -> link_pre_setup
[    7.917532] jesd204: /axi/spi@ff040000/ad9081@0,jesd204:0,parent=spi1.0: JESD204[2] transition link_supported -> link_pre_setup
[    7.929010] jesd204: /axi/spi@ff040000/ad9081@0,jesd204:0,parent=spi1.0: JESD204[0] transition link_pre_setup -> link_supported
[    7.940483] jesd204: /axi/spi@ff040000/ad9081@0,jesd204:0,parent=spi1.0: JESD204[2] transition link_pre_setup -> link_supported
[    7.951960] jesd204: /axi/spi@ff040000/ad9081@0,jesd204:0,parent=spi1.0: JESD204[0] transition link_supported -> link_init
[    7.962997] jesd204: /axi/spi@ff040000/ad9081@0,jesd204:0,parent=spi1.0: JESD204[2] transition link_supported -> link_init
[    7.974044] jesd204: /axi/spi@ff040000/ad9081@0,jesd204:0,parent=spi1.0: JESD204[0] transition link_init -> device_init
[    7.984825] jesd204: /axi/spi@ff040000/ad9081@0,jesd204:0,parent=spi1.0: JESD204[2] transition link_init -> device_init
[    7.995602] jesd204: /axi/spi@ff040000/ad9081@0,jesd204:0,parent=spi1.0: JESD204[0] transition device_init -> idle
[    8.005947] jesd204: /axi/spi@ff040000/ad9081@0,jesd204:0,parent=spi1.0: JESD204[2] transition device_init -> idle
[    8.016298] jesd204: /axi/spi@ff040000/ad9081@0,jesd204:0,parent=spi1.0: JESD204[2] transition idle -> idle
[    8.026032] jesd204: /axi/spi@ff040000/ad9081@0,jesd204:0,parent=spi1.0: JESD204[0] transition idle -> idle
[    8.035780] jesd204: /axi/spi@ff040000/ad9081@0,jesd204:0,parent=spi1.0: JESD204[2] transition idle -> device_init
[    8.046126] jesd204: /axi/spi@ff040000/ad9081@0,jesd204:0,parent=spi1.0: JESD204[0] transition idle -> device_init
[    8.056477] jesd204: /axi/spi@ff040000/ad9081@0,jesd204:0,parent=spi1.0: JESD204[2] transition device_init -> link_init
[    8.067253] jesd204: /axi/spi@ff040000/ad9081@0,jesd204:0,parent=spi1.0: JESD204[0] transition device_init -> link_init
[    8.078041] jesd204: /axi/spi@ff040000/ad9081@0,jesd204:0,parent=spi1.0: JESD204[2] transition link_init -> link_supported
[    8.089084] jesd204: /axi/spi@ff040000/ad9081@0,jesd204:0,parent=spi1.0: JESD204[0] transition link_init -> link_supported
[    8.100310] axi-jesd204-rx 84a90000.axi-jesd204-rx: axi_jesd204_rx_jesd204_link_pre_setup: Link2 set lane rate 14400000 kHz failed (-22)
[    8.112571] jesd204: /fpga-axi@0/axi-jesd204-rx@84a90000,jesd204:4,parent=84a90000.axi-jesd204-rx: JESD204[2] In link_pre_setup got error from cb: -22
[    8.126044] jesd204: /axi/spi@ff040000/ad9081@0,jesd204:0,parent=spi1.0: Rolling back from 'link_supported', got error -22
[    8.137088] jesd204: /axi/spi@ff040000/ad9081@0,jesd204:0,parent=spi1.0: JESD204[0] transition link_supported -> link_pre_setup
[    8.148559] jesd204: /axi/spi@ff040000/ad9081@0,jesd204:0,parent=spi1.0: JESD204[2] transition link_supported -> link_pre_setup
[    8.160037] jesd204: /axi/spi@ff040000/ad9081@0,jesd204:0,parent=spi1.0: JESD204[0] transition link_pre_setup -> link_supported
[    8.171508] jesd204: /axi/spi@ff040000/ad9081@0,jesd204:0,parent=spi1.0: JESD204[2] transition link_pre_setup -> link_supported
[    8.182986] jesd204: /axi/spi@ff040000/ad9081@0,jesd204:0,parent=spi1.0: JESD204[0] transition link_supported -> link_init
[    8.194024] jesd204: /axi/spi@ff040000/ad9081@0,jesd204:0,parent=spi1.0: JESD204[2] transition link_supported -> link_init
[    8.205073] jesd204: /axi/spi@ff040000/ad9081@0,jesd204:0,parent=spi1.0: JESD204[0] transition link_init -> device_init
[    8.215855] jesd204: /axi/spi@ff040000/ad9081@0,jesd204:0,parent=spi1.0: JESD204[2] transition link_init -> device_init
[    8.226638] jesd204: /axi/spi@ff040000/ad9081@0,jesd204:0,parent=spi1.0: JESD204[0] transition device_init -> idle
[    8.236986] jesd204: /axi/spi@ff040000/ad9081@0,jesd204:0,parent=spi1.0: JESD204[2] transition device_init -> idle
[    8.247333] jesd204: /axi/spi@ff040000/ad9081@0,jesd204:0,parent=spi1.0: JESD204[2] transition idle -> idle
[    8.257067] jesd204: /axi/spi@ff040000/ad9081@0,jesd204:0,parent=spi1.0: JESD204[0] transition idle -> idle
[    8.266809] jesd204: /axi/spi@ff040000/ad9081@0,jesd204:0,parent=spi1.0: JESD204[2] transition idle -> device_init
[    8.277153] jesd204: /axi/spi@ff040000/ad9081@0,jesd204:0,parent=spi1.0: JESD204[0] transition idle -> device_init
[    8.287503] jesd204: /axi/spi@ff040000/ad9081@0,jesd204:0,parent=spi1.0: JESD204[2] transition device_init -> link_init
[    8.298280] jesd204: /axi/spi@ff040000/ad9081@0,jesd204:0,parent=spi1.0: JESD204[0] transition device_init -> link_init
[    8.309069] jesd204: /axi/spi@ff040000/ad9081@0,jesd204:0,parent=spi1.0: JESD204[2] transition link_init -> link_supported
[    8.320110] jesd204: /axi/spi@ff040000/ad9081@0,jesd204:0,parent=spi1.0: JESD204[0] transition link_init -> link_supported
[    8.331294] axi-jesd204-rx 84a90000.axi-jesd204-rx: axi_jesd204_rx_jesd204_link_pre_setup: Link2 set lane rate 14400000 kHz failed (-22)
[    8.343551] jesd204: /fpga-axi@0/axi-jesd204-rx@84a90000,jesd204:4,parent=84a90000.axi-jesd204-rx: JESD204[2] In link_pre_setup got error from cb: -22
[    8.357018] jesd204: /axi/spi@ff040000/ad9081@0,jesd204:0,parent=spi1.0: Rolling back from 'link_supported', got error -22
[    8.368066] jesd204: /axi/spi@ff040000/ad9081@0,jesd204:0,parent=spi1.0: JESD204[0] transition link_supported -> link_pre_setup
[    8.379542] jesd204: /axi/spi@ff040000/ad9081@0,jesd204:0,parent=spi1.0: JESD204[2] transition link_supported -> link_pre_setup
[    8.391020] jesd204: /axi/spi@ff040000/ad9081@0,jesd204:0,parent=spi1.0: JESD204[0] transition link_pre_setup -> link_supported
[    8.402492] jesd204: /axi/spi@ff040000/ad9081@0,jesd204:0,parent=spi1.0: JESD204[2] transition link_pre_setup -> link_supported
[    8.413970] jesd204: /axi/spi@ff040000/ad9081@0,jesd204:0,parent=spi1.0: JESD204[0] transition link_supported -> link_init
[    8.425010] jesd204: /axi/spi@ff040000/ad9081@0,jesd204:0,parent=spi1.0: JESD204[2] transition link_supported -> link_init
[    8.436054] jesd204: /axi/spi@ff040000/ad9081@0,jesd204:0,parent=spi1.0: JESD204[0] transition link_init -> device_init
[    8.446830] jesd204: /axi/spi@ff040000/ad9081@0,jesd204:0,parent=spi1.0: JESD204[2] transition link_init -> device_init
[    8.457614] jesd204: /axi/spi@ff040000/ad9081@0,jesd204:0,parent=spi1.0: JESD204[0] transition device_init -> idle
[    8.467956] jesd204: /axi/spi@ff040000/ad9081@0,jesd204:0,parent=spi1.0: JESD204[2] transition device_init -> idle
[    8.478307] jesd204: /axi/spi@ff040000/ad9081@0,jesd204:0,parent=spi1.0: JESD204[2] transition idle -> idle
[    8.488042] jesd204: /axi/spi@ff040000/ad9081@0,jesd204:0,parent=spi1.0: JESD204[0] transition idle -> idle
[    8.497788] jesd204: /axi/spi@ff040000/ad9081@0,jesd204:0,parent=spi1.0: JESD204[2] transition idle -> device_init
[    8.508137] jesd204: /axi/spi@ff040000/ad9081@0,jesd204:0,parent=spi1.0: JESD204[0] transition idle -> device_init
[    8.518488] jesd204: /axi/spi@ff040000/ad9081@0,jesd204:0,parent=spi1.0: JESD204[2] transition device_init -> link_init
[    8.529264] jesd204: /axi/spi@ff040000/ad9081@0,jesd204:0,parent=spi1.0: JESD204[0] transition device_init -> link_init
[    8.540051] jesd204: /axi/spi@ff040000/ad9081@0,jesd204:0,parent=spi1.0: JESD204[2] transition link_init -> link_supported
[    8.551094] jesd204: /axi/spi@ff040000/ad9081@0,jesd204:0,parent=spi1.0: JESD204[0] transition link_init -> link_supported
[    8.562282] axi-jesd204-rx 84a90000.axi-jesd204-rx: axi_jesd204_rx_jesd204_link_pre_setup: Link2 set lane rate 14400000 kHz failed (-22)
[    8.574541] jesd204: /fpga-axi@0/axi-jesd204-rx@84a90000,jesd204:4,parent=84a90000.axi-jesd204-rx: JESD204[2] In link_pre_setup got error from cb: -22
[    8.588010] jesd204: /axi/spi@ff040000/ad9081@0,jesd204:0,parent=spi1.0: Rolling back from 'link_supported', got error -22
[    8.599054] jesd204: /axi/spi@ff040000/ad9081@0,jesd204:0,parent=spi1.0: JESD204[0] transition link_supported -> link_pre_setup
[    8.610526] jesd204: /axi/spi@ff040000/ad9081@0,jesd204:0,parent=spi1.0: JESD204[2] transition link_supported -> link_pre_setup
[    8.622008] jesd204: /axi/spi@ff040000/ad9081@0,jesd204:0,parent=spi1.0: JESD204[0] transition link_pre_setup -> link_supported
[    8.633485] jesd204: /axi/spi@ff040000/ad9081@0,jesd204:0,parent=spi1.0: JESD204[2] transition link_pre_setup -> link_supported
[    8.644962] jesd204: /axi/spi@ff040000/ad9081@0,jesd204:0,parent=spi1.0: JESD204[0] transition link_supported -> link_init
[    8.656000] jesd204: /axi/spi@ff040000/ad9081@0,jesd204:0,parent=spi1.0: JESD204[2] transition link_supported -> link_init
[    8.667047] jesd204: /axi/spi@ff040000/ad9081@0,jesd204:0,parent=spi1.0: JESD204[0] transition link_init -> device_init
[    8.677822] jesd204: /axi/spi@ff040000/ad9081@0,jesd204:0,parent=spi1.0: JESD204[2] transition link_init -> device_init
[    8.688605] jesd204: /axi/spi@ff040000/ad9081@0,jesd204:0,parent=spi1.0: JESD204[0] transition device_init -> idle
[    8.698949] jesd204: /axi/spi@ff040000/ad9081@0,jesd204:0,parent=spi1.0: JESD204[2] transition device_init -> idle
[    8.709295] jesd204: /axi/spi@ff040000/ad9081@0,jesd204:0,parent=spi1.0: FSM completed with error -22
[    8.727717] input: gpio-keys as /devices/platform/gpio-keys/input/input0
[    8.734746] of_cfs_init
[    8.737209] of_cfs_init: OK
[    8.740151] cfg80211: Loading compiled-in X.509 certificates for regulatory database
[    8.878300] cfg80211: Loaded X.509 cert 'sforshee: 00b28ddf47aef9cea7'
[    8.884828] clk: Not disabling unused clocks
[    8.889355] ALSA device list:
[    8.892316]   No soundcards found.
[    8.895989] platform regulatory.0: Direct firmware load for regulatory.db failed with error -2
[    8.904596] cfg80211: failed to load regulatory.db
[    8.919173] EXT4-fs (mmcblk0p2): mounted filesystem with ordered data mode. Opts: (null)
[    8.927284] VFS: Mounted root (ext4 filesystem) on device 179:2.
[    8.940722] devtmpfs: mounted
[    8.944538] Freeing unused kernel memory: 2560K
[    8.959802] Run /sbin/init as init process
[    8.963894]   with arguments:
[    8.963897]     /sbin/init
[    8.963899]   with environment:
[    8.963902]     HOME=/
[    8.963904]     TERM=linux
[    9.528616] systemd[1]: systemd 241 running in system mode. (+PAM +AUDIT +SELINUX +IMA +APPARMOR +SMACK +SYSVINIT +UTMP +LIBCRYPTSETUP +GCRYPT +GNUTLS +ACL +XZ +LZ4 +SECCOMP +BLKID +ELFUTILS +KMOD -IDN2 +IDN -PCRE2 default-hierarchy=hybrid)
[    9.550483] systemd[1]: Detected architecture arm64.
[    9.572441] systemd[1]: Set hostname to <analog>.
[    9.764716] systemd[1]: File /lib/systemd/system/systemd-journald.service:12 configures an IP firewall (IPAddressDeny=any), but the local system does not support BPF/cgroup based firewalling.
[    9.781766] systemd[1]: Proceeding WITHOUT firewalling in effect! (This warning is only shown for the first loaded unit using IP firewalling.)
[    9.944579] systemd[1]: /etc/systemd/system/tof-server.service:1: Assignment outside of section. Ignoring.
[    9.954260] systemd[1]: /etc/systemd/system/tof-server.service:2: Assignment outside of section. Ignoring.
[   10.136786] random: systemd: uninitialized urandom read (16 bytes read)
[   10.151430] random: systemd: uninitialized urandom read (16 bytes read)
[   10.158645] systemd[1]: Created slice system-systemd\x2dfsck.slice.
[   10.179814] random: systemd: uninitialized urandom read (16 bytes read)
[   10.186600] systemd[1]: Listening on initctl Compatibility Named Pipe.
[   10.207942] systemd[1]: Started Forward Password Requests to Wall Directory Watch.
[   10.800117] ------------[ cut here ]------------
[   10.800128] Enabling unprepared \xa0\xc9Q\x88\xff\xff\xffPQ\x88\xff\xff\xff
[   10.800179] WARNING: CPU: 3 PID: 126 at drivers/clk/clk.c:1012 clk_core_enable+0xa4/0xc0
[   10.800182] Modules linked in:
[   10.800192] CPU: 3 PID: 126 Comm: kworker/3:1H Not tainted 5.10.0-98103-g2aa7ac113716 #5577
[   10.800195] Hardware name: ZynqMP ZCU102 Rev1.0 (DT)
[   10.800204] Workqueue: kblockd blk_mq_run_work_fn
[   10.800212] pstate: 80000085 (Nzcv daIf -PAN -UAO -TCO BTYPE=--)
[   10.800218] pc : clk_core_enable+0xa4/0xc0
[   10.800223] lr : clk_core_enable+0xa4/0xc0
[   10.800226] sp : ffffffc012b332d0
[   10.800229] x29: ffffffc012b332d0 x28: ffffff8800330c10 
[   10.800236] x27: ffffff8800330d48 x26: 0000005000000101 
[   10.800243] x25: 000000027dcafe34 x24: 0000000000000001 
[   10.800249] x23: ffffff88010e9380 x22: ffffff8801083220 
[   10.800256] x21: ffffff8801515000 x20: ffffff8801515008 
[   10.800262] x19: ffffff8801515008 x18: 0000000000000030 
[   10.800269] x17: 00000730c0f24548 x16: 0000000000000013 
[   10.800275] x15: ffffffffffff9c78 x14: ffffffc011d3b1a0 
[   10.800282] x13: ffffffc011d3b1c8 x12: 0000000000000672 
[   10.800288] x11: 0000000000000226 x10: ffffffc011d671c8 
[   10.800295] x9 : 00000000fffff800 x8 : ffffffc011d3b1c8 
[   10.800301] x7 : ffffffc011d671c8 x6 : 0000000000000001 
[   10.800308] x5 : ffffff887f7a89e0 x4 : 0000000000000000 
[   10.800314] x3 : 0000000000000027 x2 : 0000000000000023 
[   10.800320] x1 : a2e8fe969b129200 x0 : 0000000000000000 
[   10.800327] Call trace:
[   10.800334]  clk_core_enable+0xa4/0xc0
[   10.800339]  clk_enable+0x2c/0x60
[   10.800346]  zynqmp_runtime_resume+0x24/0x84
[   10.800353]  pm_generic_runtime_resume+0x30/0x50
[   10.800359]  __genpd_runtime_resume+0x30/0xb0
[   10.800365]  genpd_runtime_resume+0x90/0x250
[   10.800371]  __rpm_callback+0x10c/0x1e0
[   10.800376]  rpm_callback+0x5c/0x84
[   10.800382]  rpm_resume+0x4a4/0x74c
[   10.800387]  __pm_runtime_resume+0x78/0xc4
[   10.800392]  spi_mem_access_start.isra.0+0x30/0x80
[   10.800396]  spi_mem_exec_op+0x3b0/0x424
[   10.800401]  spi_nor_read_sr+0x78/0xe0
[   10.800406]  spi_nor_wait_till_ready_with_timeout+0xb4/0x2f0
[   10.800411]  spi_nor_read+0x188/0x380
[   10.800416]  mtd_read_oob_std+0x78/0x84
[   10.800421]  mtd_read_oob+0x7c/0x134
[   10.800425]  mtd_read+0x48/0x7c
[   10.800431]  mtdblock_readsect+0x6c/0x150
[   10.800436]  mtd_queue_rq+0x2cc/0x5a0
[   10.800442]  blk_mq_dispatch_rq_list+0x110/0x790
[   10.800448]  __blk_mq_do_dispatch_sched+0x200/0x274
[   10.800454]  __blk_mq_sched_dispatch_requests+0x1a8/0x1fc
[   10.800460]  blk_mq_sched_dispatch_requests+0x3c/0x7c
[   10.800465]  __blk_mq_run_hw_queue+0x98/0x100
[   10.800470]  blk_mq_run_work_fn+0x24/0x30
[   10.800476]  process_one_work+0x1d4/0x380
[   10.800480]  worker_thread+0x78/0x4e0
[   10.800486]  kthread+0x124/0x130
[   10.800492]  ret_from_fork+0x10/0x3c
[   10.800495] ---[ end trace 7dd8db98ffc0cb26 ]---
[   10.800504] zynqmp-qspi ff0f0000.spi: Cannot enable APB clock.
[   10.800556] spi_master spi0: Failed to power device: -108
[   10.800566] blk_update_request: I/O error, dev mtdblock0, sector 8 op 0x0:(READ) flags 0x80700 phys_seg 1 prio class 0
[   10.800639] spi_master spi0: Failed to power device: -22
[   10.800646] blk_update_request: I/O error, dev mtdblock0, sector 8 op 0x0:(READ) flags 0x0 phys_seg 8 prio class 0
[   10.800652] Buffer I/O error on dev mtdblock0, logical block 8, async page read
[   10.800662] spi_master spi0: Failed to power device: -22
[   10.800668] blk_update_request: I/O error, dev mtdblock0, sector 9 op 0x0:(READ) flags 0x0 phys_seg 7 prio class 0
[   10.800672] Buffer I/O error on dev mtdblock0, logical block 9, async page read
[   10.800679] spi_master spi0: Failed to power device: -22
[   10.800685] blk_update_request: I/O error, dev mtdblock0, sector 10 op 0x0:(READ) flags 0x0 phys_seg 6 prio class 0
[   10.800689] Buffer I/O error on dev mtdblock0, logical block 10, async page read
[   10.800696] spi_master spi0: Failed to power device: -22
[   10.800701] blk_update_request: I/O error, dev mtdblock0, sector 11 op 0x0:(READ) flags 0x0 phys_seg 5 prio class 0
[   10.800705] Buffer I/O error on dev mtdblock0, logical block 11, async page read
[   10.800712] spi_master spi0: Failed to power device: -22
[   10.800718] blk_update_request: I/O error, dev mtdblock0, sector 12 op 0x0:(READ) flags 0x0 phys_seg 4 prio class 0
[   10.800722] Buffer I/O error on dev mtdblock0, logical block 12, async page read
[   10.800729] spi_master spi0: Failed to power device: -22
[   10.800735] blk_update_request: I/O error, dev mtdblock0, sector 13 op 0x0:(READ) flags 0x0 phys_seg 3 prio class 0
[   10.800739] Buffer I/O error on dev mtdblock0, logical block 13, async page read
[   10.800745] spi_master spi0: Failed to power device: -22
[   10.800751] blk_update_request: I/O error, dev mtdblock0, sector 14 op 0x0:(READ) flags 0x0 phys_seg 2 prio class 0
[   10.800755] Buffer I/O error on dev mtdblock0, logical block 14, async page read
[   10.800762] spi_master spi0: Failed to power device: -22
[   10.800767] blk_update_request: I/O error, dev mtdblock0, sector 15 op 0x0:(READ) flags 0x0 phys_seg 1 prio class 0
[   10.800771] Buffer I/O error on dev mtdblock0, logical block 15, async page read
[   10.801115] spi_master spi0: Failed to power device: -22
[   10.801123] blk_update_request: I/O error, dev mtdblock1, sector 10112 op 0x0:(READ) flags 0x80700 phys_seg 1 prio class 0
[   10.801168] spi_master spi0: Failed to power device: -22
[   10.801174] Buffer I/O error on dev mtdblock1, logical block 10112, async page read
[   10.801182] spi_master spi0: Failed to power device: -22
[   10.801187] Buffer I/O error on dev mtdblock1, logical block 10113, async page read
[   10.801194] spi_master spi0: Failed to power device: -22
[   10.801202] spi_master spi0: Failed to power device: -22
[   10.801210] spi_master spi0: Failed to power device: -22
[   10.801217] spi_master spi0: Failed to power device: -22
[   10.801224] spi_master spi0: Failed to power device: -22
[   10.801232] spi_master spi0: Failed to power device: -22
[   10.801508] spi_master spi0: Failed to power device: -22
[   10.801554] spi_master spi0: Failed to power device: -22
[   10.801563] spi_master spi0: Failed to power device: -22
[   10.801571] spi_master spi0: Failed to power device: -22
[   10.801579] spi_master spi0: Failed to power device: -22
[   10.801586] spi_master spi0: Failed to power device: -22
[   10.801593] spi_master spi0: Failed to power device: -22
[   10.801600] spi_master spi0: Failed to power device: -22
[   10.801607] spi_master spi0: Failed to power device: -22
[   10.801933] spi_master spi0: Failed to power device: -22
[   10.801981] spi_master spi0: Failed to power device: -22
[   10.801990] spi_master spi0: Failed to power device: -22
[   10.801998] spi_master spi0: Failed to power device: -22
[   10.802006] spi_master spi0: Failed to power device: -22
[   10.802013] spi_master spi0: Failed to power device: -22
[   10.802020] spi_master spi0: Failed to power device: -22
[   10.802028] spi_master spi0: Failed to power device: -22
[   10.802035] spi_master spi0: Failed to power device: -22
[   10.925676] EXT4-fs (mmcblk0p2): re-mounted. Opts: (null)
[   11.056490] systemd-journald[154]: Received request to flush runtime journal from PID 1
[   16.993969] macb ff0e0000.ethernet eth0: PHY [ff0e0000.ethernet-ffffffff:0c] driver [TI DP83867] (irq=POLL)
[   16.993983] macb ff0e0000.ethernet eth0: configuring for phy/rgmii-id link mode
[   19.079750] random: crng init done
[   19.079760] random: 7 urandom warning(s) missed due to ratelimiting
[   21.089368] macb ff0e0000.ethernet eth0: Link is Up - 1Gbps/Full - flow control off
[   21.089396] IPv6: ADDRCONF(NETDEV_CHANGE): eth0: link becomes ready
[   22.155923] Adding 72700k swap on /var/swap.  Priority:-2 extents:2 across:89720k SS
[   24.124032] broken atomic modeset userspace detected, disabling atomic
[   26.795576] broken atomic modeset userspace detected, disabling atomic
[   29.909073] broken atomic modeset userspace detected, disabling atomic