[    0.000000] Booting Linux on physical CPU 0x0000000000 [0x410fd034]
[    0.000000] Linux version 5.10.0-98103-g2aa7ac113716 (jenkins@romlxbuild1.adlk.analog.com) (aarch64-xilinx-linux-gcc.real (GCC) 10.2.0, GNU ld (GNU Binutils) 2.35.0.20200730) #5577 SMP Wed Mar 23 07:28:49 GMT 2022
[    0.000000] Machine model: ZynqMP ZCU102 Rev1.0
[    0.000000] earlycon: cdns0 at MMIO 0x00000000ff000000 (options '115200n8')
[    0.000000] printk: bootconsole [cdns0] enabled
[    0.000000] efi: UEFI not found.
[    0.000000] cma: Reserved 256 MiB at 0x0000000070000000
[    0.000000] Zone ranges:
[    0.000000]   DMA      [mem 0x0000000000000000-0x000000003fffffff]
[    0.000000]   DMA32    [mem 0x0000000040000000-0x00000000ffffffff]
[    0.000000]   Normal   [mem 0x0000000100000000-0x000000087fffffff]
[    0.000000] Movable zone start for each node
[    0.000000] Early memory node ranges
[    0.000000]   node   0: [mem 0x0000000000000000-0x000000007fffffff]
[    0.000000]   node   0: [mem 0x0000000800000000-0x000000087fffffff]
[    0.000000] Initmem setup node 0 [mem 0x0000000000000000-0x000000087fffffff]
[    0.000000] On node 0 totalpages: 1048576
[    0.000000]   DMA zone: 3584 pages used for memmap
[    0.000000]   DMA zone: 0 pages reserved
[    0.000000]   DMA zone: 262144 pages, LIFO batch:63
[    0.000000]   DMA32 zone: 3584 pages used for memmap
[    0.000000]   DMA32 zone: 262144 pages, LIFO batch:63
[    0.000000]   Normal zone: 7168 pages used for memmap
[    0.000000]   Normal zone: 524288 pages, LIFO batch:63
[    0.000000] psci: probing for conduit method from DT.
[    0.000000] psci: PSCIv1.1 detected in firmware.
[    0.000000] psci: Using standard PSCI v0.2 function IDs
[    0.000000] psci: MIGRATE_INFO_TYPE not supported.
[    0.000000] psci: SMC Calling Convention v1.2
[    0.000000] percpu: Embedded 22 pages/cpu s49496 r8192 d32424 u90112
[    0.000000] pcpu-alloc: s49496 r8192 d32424 u90112 alloc=22*4096
[    0.000000] pcpu-alloc: [0] 0 [0] 1 [0] 2 [0] 3 
[    0.000000] Detected VIPT I-cache on CPU0
[    0.000000] CPU features: detected: ARM erratum 845719
[    0.000000] Built 1 zonelists, mobility grouping on.  Total pages: 1034240
[    0.000000] Kernel command line: console=ttyPS0,115200 root=/dev/mmcblk0p2 rw earlycon rootfstype=ext4 rootwait clk_ignore_unused cpuidle.off=1 root=/dev/mmcblk0p2 rw rootwait
[    0.000000] Dentry cache hash table entries: 524288 (order: 10, 4194304 bytes, linear)
[    0.000000] Inode-cache hash table entries: 262144 (order: 9, 2097152 bytes, linear)
[    0.000000] mem auto-init: stack:off, heap alloc:off, heap free:off
[    0.000000] software IO TLB: mapped [mem 0x000000003bfff000-0x000000003ffff000] (64MB)
[    0.000000] Memory: 3761904K/4194304K available (15296K kernel code, 1636K rwdata, 11876K rodata, 2560K init, 507K bss, 170256K reserved, 262144K cma-reserved)
[    0.000000] rcu: Hierarchical RCU implementation.
[    0.000000] rcu: 	RCU event tracing is enabled.
[    0.000000] rcu: 	RCU restricting CPUs from NR_CPUS=8 to nr_cpu_ids=4.
[    0.000000] rcu: RCU calculated value of scheduler-enlistment delay is 25 jiffies.
[    0.000000] rcu: Adjusting geometry for rcu_fanout_leaf=16, nr_cpu_ids=4
[    0.000000] NR_IRQS: 64, nr_irqs: 64, preallocated irqs: 0
[    0.000000] GIC: Adjusting CPU interface base to 0x00000000f902f000
[    0.000000] GIC: Using split EOI/Deactivate mode
[    0.000000] random: get_random_bytes called from start_kernel+0x31c/0x54c with crng_init=0
[    0.000000] arch_timer: cp15 timer(s) running at 100.00MHz (phys).
[    0.000000] clocksource: arch_sys_counter: mask: 0xffffffffffffff max_cycles: 0x171024e7e0, max_idle_ns: 440795205315 ns
[    0.000003] sched_clock: 56 bits at 100MHz, resolution 10ns, wraps every 4398046511100ns
[    0.008463] Console: colour dummy device 80x25
[    0.012483] Calibrating delay loop (skipped), value calculated using timer frequency.. 200.00 BogoMIPS (lpj=400000)
[    0.022841] pid_max: default: 32768 minimum: 301
[    0.027550] Mount-cache hash table entries: 8192 (order: 4, 65536 bytes, linear)
[    0.034788] Mountpoint-cache hash table entries: 8192 (order: 4, 65536 bytes, linear)
[    0.043400] rcu: Hierarchical SRCU implementation.
[    0.047559] EFI services will not be available.
[    0.051939] smp: Bringing up secondary CPUs ...
[    0.056658] Detected VIPT I-cache on CPU1
[    0.056696] CPU1: Booted secondary processor 0x0000000001 [0x410fd034]
[    0.057059] Detected VIPT I-cache on CPU2
[    0.057083] CPU2: Booted secondary processor 0x0000000002 [0x410fd034]
[    0.057420] Detected VIPT I-cache on CPU3
[    0.057443] CPU3: Booted secondary processor 0x0000000003 [0x410fd034]
[    0.057489] smp: Brought up 1 node, 4 CPUs
[    0.091779] SMP: Total of 4 processors activated.
[    0.096452] CPU features: detected: 32-bit EL0 Support
[    0.101555] CPU features: detected: CRC32 instructions
[    0.106695] CPU: All CPU(s) started at EL2
[    0.110736] alternatives: patching kernel code
[    0.116170] devtmpfs: initialized
[    0.124066] Registered cp15_barrier emulation handler
[    0.124116] Registered setend emulation handler
[    0.128091] clocksource: jiffies: mask: 0xffffffff max_cycles: 0xffffffff, max_idle_ns: 7645041785100000 ns
[    0.137670] futex hash table entries: 1024 (order: 4, 65536 bytes, linear)
[    0.151033] pinctrl core: initialized pinctrl subsystem
[    0.151681] NET: Registered protocol family 16
[    0.156104] DMA: preallocated 512 KiB GFP_KERNEL pool for atomic allocations
[    0.162116] DMA: preallocated 512 KiB GFP_KERNEL|GFP_DMA pool for atomic allocations
[    0.169840] DMA: preallocated 512 KiB GFP_KERNEL|GFP_DMA32 pool for atomic allocations
[    0.177644] audit: initializing netlink subsys (disabled)
[    0.183096] audit: type=2000 audit(0.116:1): state=initialized audit_enabled=0 res=1
[    0.183441] hw-breakpoint: found 6 breakpoint and 4 watchpoint registers.
[    0.197472] ASID allocator initialised with 65536 entries
[    0.224369] HugeTLB registered 1.00 GiB page size, pre-allocated 0 pages
[    0.225429] HugeTLB registered 32.0 MiB page size, pre-allocated 0 pages
[    0.232099] HugeTLB registered 2.00 MiB page size, pre-allocated 0 pages
[    0.238763] HugeTLB registered 64.0 KiB page size, pre-allocated 0 pages
[    1.304341] DRBG: Continuing without Jitter RNG
[    1.382149] raid6: neonx8   gen()  2144 MB/s
[    1.450199] raid6: neonx8   xor()  1597 MB/s
[    1.518257] raid6: neonx4   gen()  2197 MB/s
[    1.586310] raid6: neonx4   xor()  1567 MB/s
[    1.654381] raid6: neonx2   gen()  2074 MB/s
[    1.722428] raid6: neonx2   xor()  1434 MB/s
[    1.790498] raid6: neonx1   gen()  1772 MB/s
[    1.858537] raid6: neonx1   xor()  1220 MB/s
[    1.926600] raid6: int64x8  gen()  1438 MB/s
[    1.994651] raid6: int64x8  xor()   771 MB/s
[    2.062730] raid6: int64x4  gen()  1599 MB/s
[    2.130770] raid6: int64x4  xor()   817 MB/s
[    2.198844] raid6: int64x2  gen()  1397 MB/s
[    2.266889] raid6: int64x2  xor()   750 MB/s
[    2.334974] raid6: int64x1  gen()  1033 MB/s
[    2.403028] raid6: int64x1  xor()   517 MB/s
[    2.403066] raid6: using algorithm neonx4 gen() 2197 MB/s
[    2.407021] raid6: .... xor() 1567 MB/s, rmw enabled
[    2.411952] raid6: using neon recovery algorithm
[    2.416968] iommu: Default domain type: Translated 
[    2.421578] SCSI subsystem initialized
[    2.425120] libata version 3.00 loaded.
[    2.425245] usbcore: registered new interface driver usbfs
[    2.430576] usbcore: registered new interface driver hub
[    2.435850] usbcore: registered new device driver usb
[    2.440983] mc: Linux media interface: v0.10
[    2.445100] videodev: Linux video capture interface: v2.00
[    2.450592] EDAC MC: Ver: 3.0.0
[    2.454029] zynqmp-ipi-mbox mailbox@ff990400: Registered ZynqMP IPI mbox with TX/RX channels.
[    2.462549] jesd204: created con: id=0, topo=0, link=0, /axi/spi@ff050000/hmc7044@0 <-> /fpga-axi@0/axi-adxcvr-tx@84b60000
[    2.473120] jesd204: created con: id=1, topo=0, link=2, /axi/spi@ff050000/hmc7044@0 <-> /fpga-axi@0/axi-adxcvr-rx@84a60000
[    2.484104] jesd204: created con: id=2, topo=0, link=0, /fpga-axi@0/axi-adxcvr-tx@84b60000 <-> /fpga-axi@0/axi-jesd204-tx@84b90000
[    2.495780] jesd204: created con: id=3, topo=0, link=2, /fpga-axi@0/axi-adxcvr-rx@84a60000 <-> /fpga-axi@0/axi-jesd204-rx@84a90000
[    2.507457] jesd204: created con: id=4, topo=0, link=0, /fpga-axi@0/axi-jesd204-tx@84b90000 <-> /fpga-axi@0/axi-ad9081-tx-hpc@84b10000
[    2.519485] jesd204: created con: id=5, topo=0, link=2, /fpga-axi@0/axi-jesd204-rx@84a90000 <-> /fpga-axi@0/axi-ad9081-rx-hpc@84a10000
[    2.531508] jesd204: created con: id=6, topo=0, link=2, /fpga-axi@0/axi-ad9081-rx-hpc@84a10000 <-> /axi/spi@ff040000/ad9081@0
[    2.542749] jesd204: created con: id=7, topo=0, link=0, /fpga-axi@0/axi-ad9081-tx-hpc@84b10000 <-> /axi/spi@ff040000/ad9081@0
[    2.553998] jesd204: /axi/spi@ff040000/ad9081@0: JESD204[2] transition uninitialized -> initialized
[    2.562985] jesd204: /axi/spi@ff040000/ad9081@0: JESD204[0] transition uninitialized -> initialized
[    2.571977] jesd204: found 8 devices and 1 topologies
[    2.577021] FPGA manager framework
[    2.580497] Advanced Linux Sound Architecture Driver Initialized.
[    2.586789] Bluetooth: Core ver 2.22
[    2.589982] NET: Registered protocol family 31
[    2.594381] Bluetooth: HCI device and connection manager initialized
[    2.600698] Bluetooth: HCI socket layer initialized
[    2.605540] Bluetooth: L2CAP socket layer initialized
[    2.610564] Bluetooth: SCO socket layer initialized
[    2.615752] clocksource: Switched to clocksource arch_sys_counter
[    2.621554] VFS: Disk quotas dquot_6.6.0
[    2.625390] VFS: Dquot-cache hash table entries: 512 (order 0, 4096 bytes)
[    2.636103] NET: Registered protocol family 2
[    2.636835] tcp_listen_portaddr_hash hash table entries: 2048 (order: 3, 32768 bytes, linear)
[    2.645031] TCP established hash table entries: 32768 (order: 6, 262144 bytes, linear)
[    2.653057] TCP bind hash table entries: 32768 (order: 7, 524288 bytes, linear)
[    2.660501] TCP: Hash tables configured (established 32768 bind 32768)
[    2.666673] UDP hash table entries: 2048 (order: 4, 65536 bytes, linear)
[    2.673341] UDP-Lite hash table entries: 2048 (order: 4, 65536 bytes, linear)
[    2.680501] NET: Registered protocol family 1
[    2.684979] RPC: Registered named UNIX socket transport module.
[    2.690578] RPC: Registered udp transport module.
[    2.695243] RPC: Registered tcp transport module.
[    2.699911] RPC: Registered tcp NFSv4.1 backchannel transport module.
[    2.706896] PCI: CLS 0 bytes, default 64
[    2.710603] hw perfevents: no interrupt-affinity property for /pmu, guessing.
[    2.717466] hw perfevents: enabled with armv8_pmuv3 PMU driver, 7 counters available
[    2.725807] Initialise system trusted keyrings
[    2.729490] workingset: timestamp_bits=62 max_order=20 bucket_order=0
[    2.736389] NFS: Registering the id_resolver key type
[    2.740842] Key type id_resolver registered
[    2.744980] Key type id_legacy registered
[    2.748971] nfs4filelayout_init: NFSv4 File Layout Driver Registering...
[    2.755636] jffs2: version 2.2. (NAND) (SUMMARY)  Â© 2001-2006 Red Hat, Inc.
[    2.799071] NET: Registered protocol family 38
[    2.799114] xor: measuring software checksum speed
[    2.806799]    8regs           :  2363 MB/sec
[    2.810467]    32regs          :  2799 MB/sec
[    2.815411]    arm64_neon      :  2379 MB/sec
[    2.815600] xor: using function: 32regs (2799 MB/sec)
[    2.820626] Key type asymmetric registered
[    2.824687] Asymmetric key parser 'x509' registered
[    2.829548] Block layer SCSI generic (bsg) driver version 0.4 loaded (major 248)
[    2.836885] io scheduler mq-deadline registered
[    2.841381] io scheduler kyber registered
[    2.870763] Serial: 8250/16550 driver, 4 ports, IRQ sharing disabled
[    2.875398] cacheinfo: Unable to detect cache hierarchy for CPU 0
[    2.881724] brd: module loaded
[    2.885881] loop: module loaded
[    2.886426] Registered mathworks_ip class
[    2.889791] libphy: Fixed MDIO Bus: probed
[    2.892739] tun: Universal TUN/TAP device driver, 1.6
[    2.896821] CAN device driver interface
[    2.901344] usbcore: registered new interface driver asix
[    2.905948] usbcore: registered new interface driver ax88179_178a
[    2.911978] usbcore: registered new interface driver cdc_ether
[    2.917774] usbcore: registered new interface driver net1080
[    2.923393] usbcore: registered new interface driver cdc_subset
[    2.929275] usbcore: registered new interface driver zaurus
[    2.934822] usbcore: registered new interface driver cdc_ncm
[    2.941227] ehci_hcd: USB 2.0 'Enhanced' Host Controller (EHCI) Driver
[    2.946904] ehci-pci: EHCI PCI platform driver
[    2.951695] usbcore: registered new interface driver uas
[    2.956625] usbcore: registered new interface driver usb-storage
[    2.962611] usbcore: registered new interface driver usbserial_generic
[    2.969062] usbserial: USB Serial support registered for generic
[    2.975035] usbcore: registered new interface driver ftdi_sio
[    2.980737] usbserial: USB Serial support registered for FTDI USB Serial Device
[    2.988008] usbcore: registered new interface driver upd78f0730
[    2.993885] usbserial: USB Serial support registered for upd78f0730
[    3.001542] rtc_zynqmp ffa60000.rtc: registered as rtc0
[    3.005309] rtc_zynqmp ffa60000.rtc: setting system clock to 2022-03-26T02:29:17 UTC (1648261757)
[    3.014172] i2c /dev entries driver
[    3.019482] usbcore: registered new interface driver uvcvideo
[    3.023285] USB Video Class driver (1.1.1)
[    3.028862] Bluetooth: HCI UART driver ver 2.3
[    3.031769] Bluetooth: HCI UART protocol H4 registered
[    3.036866] Bluetooth: HCI UART protocol BCSP registered
[    3.042155] Bluetooth: HCI UART protocol LL registered
[    3.047243] Bluetooth: HCI UART protocol ATH3K registered
[    3.052617] Bluetooth: HCI UART protocol Three-wire (H5) registered
[    3.058875] Bluetooth: HCI UART protocol Intel registered
[    3.064211] Bluetooth: HCI UART protocol QCA registered
[    3.069409] usbcore: registered new interface driver bcm203x
[    3.075035] usbcore: registered new interface driver bpa10x
[    3.080571] usbcore: registered new interface driver bfusb
[    3.086016] usbcore: registered new interface driver btusb
[    3.091481] usbcore: registered new interface driver ath3k
[    3.096964] EDAC MC: ECC not enabled
[    3.100591] EDAC DEVICE0: Giving out device to module zynqmp-ocm-edac controller zynqmp_ocm: DEV ff960000.memory-controller (INTERRUPT)
[    3.112914] sdhci: Secure Digital Host Controller Interface driver
[    3.118702] sdhci: Copyright(c) Pierre Ossman
[    3.123020] sdhci-pltfm: SDHCI platform and OF driver helper
[    3.129073] ledtrig-cpu: registered to indicate activity on CPUs
[    3.134623] SMCCC: SOC_ID: ARCH_SOC_ID not implemented, skipping ....
[    3.141048] zynqmp_firmware_probe Platform Management API v1.1
[    3.146808] zynqmp_firmware_probe Trustzone version v1.0
[    3.186356] zynqmp-pinctrl firmware:zynqmp-firmware:pinctrl: zynqmp pinctrl initialized
[    3.234305] zynqmp-aes firmware:zynqmp-firmware:zynqmp-aes: will run requests pump with realtime priority
[    3.249998] alg: No test for xilinx-keccak-384 (zynqmp-keccak-384)
[    3.250707] alg: No test for xilinx-zynqmp-rsa (zynqmp-rsa)
[    3.256221] usbcore: registered new interface driver usbhid
[    3.261610] usbhid: USB HID core driver
[    3.272857] axi_sysid 85000000.axi-sysid-0: AXI System ID core version (1.01.a) found
[    3.275208] axi_sysid 85000000.axi-sysid-0: [ad9081_fmca_ebz] on [zcu102] git branch <master> git <084d44c9780640ca93fd847b1d9ec70dd65f5c67> clean [2022-03-18 04:17:50] UTC
[    3.290893] fpga_manager fpga0: Xilinx ZynqMP FPGA Manager registered
[    3.297255] usbcore: registered new interface driver snd-usb-audio
[    3.304699] pktgen: Packet Generator for packet performance testing. Version: 2.75
[    3.310903] Initializing XFRM netlink socket
[    3.314736] NET: Registered protocol family 10
[    3.319462] Segment Routing with IPv6
[    3.322829] sit: IPv6, IPv4 and MPLS over IPv4 tunneling driver
[    3.328906] NET: Registered protocol family 17
[    3.333011] NET: Registered protocol family 15
[    3.337501] can: controller area network core
[    3.341763] NET: Registered protocol family 29
[    3.346149] can: raw protocol
[    3.349088] can: broadcast manager protocol
[    3.353242] can: netlink gateway - max_hops=1
[    3.357638] Bluetooth: RFCOMM TTY layer initialized
[    3.362416] Bluetooth: RFCOMM socket layer initialized
[    3.367525] Bluetooth: RFCOMM ver 1.11
[    3.371237] Bluetooth: BNEP (Ethernet Emulation) ver 1.3
[    3.376506] Bluetooth: BNEP filters: protocol multicast
[    3.381697] Bluetooth: BNEP socket layer initialized
[    3.386627] Bluetooth: HIDP (Human Interface Emulation) ver 1.2
[    3.392511] Bluetooth: HIDP socket layer initialized
[    3.397565] 9pnet: Installing 9P2000 support
[    3.401688] NET: Registered protocol family 36
[    3.406102] Key type dns_resolver registered
[    3.410539] registered taskstats version 1
[    3.414400] Loading compiled-in X.509 certificates
[    3.419518] Btrfs loaded, crc32c=crc32c-generic
[    3.431925] ff000000.serial: ttyPS0 at MMIO 0xff000000 (irq = 49, base_baud = 6249999) is a xuartps
[    3.440944] printk: console [ttyPS0] enabled
[    3.445238] printk: bootconsole [cdns0] disabled
[    3.454871] ff010000.serial: ttyPS1 at MMIO 0xff010000 (irq = 50, base_baud = 6249999) is a xuartps
[    3.468123] of-fpga-region fpga-full: FPGA Region probed
[    3.475053] nwl-pcie fd0e0000.pcie: host bridge /axi/pcie@fd0e0000 ranges:
[    3.481950] nwl-pcie fd0e0000.pcie:      MEM 0x00e0000000..0x00efffffff -> 0x00e0000000
[    3.489958] nwl-pcie fd0e0000.pcie:      MEM 0x0600000000..0x07ffffffff -> 0x0600000000
[    3.498022] nwl-pcie fd0e0000.pcie: Link is DOWN
[    3.502781] nwl-pcie fd0e0000.pcie: PCI host bridge to bus 0000:00
[    3.508958] pci_bus 0000:00: root bus resource [bus 00-ff]
[    3.514439] pci_bus 0000:00: root bus resource [mem 0xe0000000-0xefffffff]
[    3.521309] pci_bus 0000:00: root bus resource [mem 0x600000000-0x7ffffffff pref]
[    3.528813] pci 0000:00:00.0: [10ee:d021] type 01 class 0x060400
[    3.534869] pci 0000:00:00.0: PME# supported from D0 D1 D2 D3hot
[    3.545307] pci 0000:00:00.0: PCI bridge to [bus 01-0c]
[    3.551280] xilinx-zynqmp-dma fd500000.dma: ZynqMP DMA driver Probe success
[    3.558455] xilinx-zynqmp-dma fd510000.dma: ZynqMP DMA driver Probe success
[    3.565623] xilinx-zynqmp-dma fd520000.dma: ZynqMP DMA driver Probe success
[    3.572794] xilinx-zynqmp-dma fd530000.dma: ZynqMP DMA driver Probe success
[    3.579964] xilinx-zynqmp-dma fd540000.dma: ZynqMP DMA driver Probe success
[    3.587128] xilinx-zynqmp-dma fd550000.dma: ZynqMP DMA driver Probe success
[    3.594301] xilinx-zynqmp-dma fd560000.dma: ZynqMP DMA driver Probe success
[    3.601467] xilinx-zynqmp-dma fd570000.dma: ZynqMP DMA driver Probe success
[    3.608881] xilinx-zynqmp-dpdma fd4c0000.dma-controller: Xilinx DPDMA engine is probed
[    3.617437] ahci-ceva fd0c0000.ahci: supply ahci not found, using dummy regulator
[    3.624974] ahci-ceva fd0c0000.ahci: supply phy not found, using dummy regulator
[    3.715922] hmc7044 spi2.0: PLL1: Acquisition, CLKIN0 @ 122880000 Hz, PFD: 80 kHz - PLL2: Locked @ 2664.000000 MHz
[    3.726638] jesd204: /axi/spi@ff050000/hmc7044@0,jesd204:1,parent=spi2.0: Using as SYSREF provider
[    3.736216] spi-nor spi0.0: SPI-NOR-UniqueID 100000235394732200270025081115266e
[    3.743526] spi-nor spi0.0: found n25q512a, expected m25p80
[    3.749723] spi-nor spi0.0: trying to lock already unlocked area
[    3.755728] spi-nor spi0.0: n25q512a (131072 Kbytes)
[    3.760706] 4 fixed-partitions partitions found on MTD device spi0.0
[    3.767052] Creating 4 MTD partitions on "spi0.0":
[    3.771837] 0x000000000000-0x000000100000 : "qspi-fsbl-uboot"
[    3.778317] 0x000000100000-0x000000600000 : "qspi-linux"
[    3.784277] 0x000000600000-0x000000620000 : "qspi-device-tree"
[    3.790754] 0x000000620000-0x000000c00000 : "qspi-rootfs"
[    3.799238] macb ff0e0000.ethernet: Not enabling partial store and forward
[    3.806755] libphy: MACB_mii_bus: probed
[    3.811808] macb ff0e0000.ethernet eth0: Cadence GEM rev 0x50070106 at 0xff0e0000 irq 30 (00:0a:35:04:8e:1b)
[    3.822012] xilinx-axipmon ffa00000.perf-monitor: Probed Xilinx APM
[    3.828585] xilinx-axipmon fd0b0000.perf-monitor: Probed Xilinx APM
[    3.835100] xilinx-axipmon fd490000.perf-monitor: Probed Xilinx APM
[    3.841644] xilinx-axipmon ffa10000.perf-monitor: Probed Xilinx APM
[    3.851640] pca953x 0-0020: supply vcc not found, using dummy regulator
[    3.858331] pca953x 0-0020: using no AI
[    3.862815] gpio-496 (sel0): hogged as output/low
[    3.867716] gpio-497 (sel1): hogged as output/high
[    3.872702] gpio-498 (sel2): hogged as output/high
[    3.877690] gpio-499 (sel3): hogged as output/high
[    3.882864] pca953x 0-0021: supply vcc not found, using dummy regulator
[    3.889548] pca953x 0-0021: using no AI
[    3.895317] ina2xx 2-0040: power monitor ina226 (Rshunt = 5000 uOhm)
[    3.902348] ina2xx 2-0041: power monitor ina226 (Rshunt = 5000 uOhm)
[    3.909380] ina2xx 2-0042: power monitor ina226 (Rshunt = 5000 uOhm)
[    3.916412] ina2xx 2-0043: power monitor ina226 (Rshunt = 5000 uOhm)
[    3.923439] ina2xx 2-0044: power monitor ina226 (Rshunt = 5000 uOhm)
[    3.930458] ina2xx 2-0045: power monitor ina226 (Rshunt = 5000 uOhm)
[    3.937495] ina2xx 2-0046: power monitor ina226 (Rshunt = 5000 uOhm)
[    3.944566] ina2xx 2-0047: power monitor ina226 (Rshunt = 5000 uOhm)
[    3.951592] ina2xx 2-004a: power monitor ina226 (Rshunt = 5000 uOhm)
[    3.958627] ina2xx 2-004b: power monitor ina226 (Rshunt = 5000 uOhm)
[    3.965034] i2c i2c-0: Added multiplexed i2c bus 2
[    3.970417] random: fast init done
[    3.973884] ina2xx 3-0040: power monitor ina226 (Rshunt = 2000 uOhm)
[    3.980915] ina2xx 3-0041: power monitor ina226 (Rshunt = 5000 uOhm)
[    3.987943] ina2xx 3-0042: power monitor ina226 (Rshunt = 5000 uOhm)
[    3.994964] ina2xx 3-0043: power monitor ina226 (Rshunt = 5000 uOhm)
[    4.001992] ina2xx 3-0044: power monitor ina226 (Rshunt = 5000 uOhm)
[    4.009021] ina2xx 3-0045: power monitor ina226 (Rshunt = 5000 uOhm)
[    4.016053] ina2xx 3-0046: power monitor ina226 (Rshunt = 5000 uOhm)
[    4.023083] ina2xx 3-0047: power monitor ina226 (Rshunt = 5000 uOhm)
[    4.029485] i2c i2c-0: Added multiplexed i2c bus 3
[    4.085580] i2c i2c-0: Added multiplexed i2c bus 4
[    4.090524] i2c i2c-0: Added multiplexed i2c bus 5
[    4.095318] pca954x 0-0075: registered 4 multiplexed busses for I2C mux pca9544
[    4.102670] cdns-i2c ff020000.i2c: 400 kHz mmio ff020000 irq 32
[    4.110390] at24 6-0054: supply vcc not found, using dummy regulator
[    4.117275] at24 6-0054: 1024 byte 24c08 EEPROM, writable, 1 bytes/write
[    4.124022] i2c i2c-1: Added multiplexed i2c bus 6
[    4.130451] si5341 7-0036: Chip: 5341 Grade: 1 Rev: 1
[    4.168136] i2c i2c-1: Added multiplexed i2c bus 7
[    4.175789] si570 8-005d: registered, current frequency 300000000 Hz
[    4.182195] i2c i2c-1: Added multiplexed i2c bus 8
[    4.201979] si570 9-005d: registered, current frequency 148500000 Hz
[    4.208382] i2c i2c-1: Added multiplexed i2c bus 9
[    4.213418] si5324 10-0069: si5328 probed
[    4.280105] si5324 10-0069: si5328 probe successful
[    4.285036] i2c i2c-1: Added multiplexed i2c bus 10
[    4.290062] i2c i2c-1: Added multiplexed i2c bus 11
[    4.295095] i2c i2c-1: Added multiplexed i2c bus 12
[    4.300127] i2c i2c-1: Added multiplexed i2c bus 13
[    4.305001] pca954x 1-0074: registered 8 multiplexed busses for I2C switch pca9548
[    4.313112] at24 14-0050: supply vcc not found, using dummy regulator
[    4.319891] at24 14-0050: 256 byte 24c02 EEPROM, writable, 1 bytes/write
[    4.326636] i2c i2c-1: Added multiplexed i2c bus 14
[    4.331676] i2c i2c-1: Added multiplexed i2c bus 15
[    4.336710] i2c i2c-1: Added multiplexed i2c bus 16
[    4.341743] i2c i2c-1: Added multiplexed i2c bus 17
[    4.346777] i2c i2c-1: Added multiplexed i2c bus 18
[    4.351823] i2c i2c-1: Added multiplexed i2c bus 19
[    4.356863] i2c i2c-1: Added multiplexed i2c bus 20
[    4.361903] i2c i2c-1: Added multiplexed i2c bus 21
[    4.366776] pca954x 1-0075: registered 8 multiplexed busses for I2C switch pca9548
[    4.374385] cdns-i2c ff030000.i2c: 400 kHz mmio ff030000 irq 33
[    4.384131] cdns-wdt fd4d0000.watchdog: Xilinx Watchdog Timer with timeout 60s
[    4.395704] axi_adxcvr 84a60000.axi-adxcvr-rx: AXI-ADXCVR-RX (17.05.a) using CPLL on GTH4 at 0x84A60000. Number of lanes: 4.
[    4.407883] axi_adxcvr 84b60000.axi-adxcvr-tx: AXI-ADXCVR-TX (17.05.a) using QPLL on GTH4 at 0x84B60000. Number of lanes: 4.
[    4.419519] axi-jesd204-rx 84a90000.axi-jesd204-rx: AXI-JESD204-RX (1.07.a) at 0x84A90000. Encoder 8b10b, width 4/4, lanes 4, jesd204-fsm.
[    4.426146] mmc0: SDHCI controller on ff170000.mmc [ff170000.mmc] using ADMA 64-bit
[    4.432359] axi-jesd204-tx 84b90000.axi-jesd204-tx: AXI-JESD204-TX (1.06.a) at 0x84B90000. Encoder 8b10b, width 4/4, lanes 4, jesd204-fsm.
[    4.453084] zynqmp-display fd4a0000.display: vtc bridge property not present
[    4.462720] xilinx-dp-snd-codec fd4a0000.display:zynqmp_dp_snd_codec0: Failed to get required clock freq
[    4.472221] xilinx-dp-snd-codec: probe of fd4a0000.display:zynqmp_dp_snd_codec0 failed with error -22
[    4.473528] mmc0: new high speed SDHC card at address 0001
[    4.481761] xilinx-dp-snd-pcm zynqmp_dp_snd_pcm0: Xilinx DisplayPort Sound PCM probed
[    4.487276] mmcblk0: mmc0:0001 EB1QT 29.8 GiB 
[    4.495080] xilinx-dp-snd-pcm zynqmp_dp_snd_pcm1: Xilinx DisplayPort Sound PCM probed
[    4.500460]  mmcblk0: p1 p2 p3
[    4.507378] OF: graph: no port node found in /axi/display@fd4a0000
[    4.516470] xlnx-drm xlnx-drm.0: bound fd4a0000.display (ops 0xffffffc010fcbdb8)
[    5.603768] zynqmp-display fd4a0000.display: [drm] Cannot find any crtc or sizes
[    5.611384] [drm] Initialized xlnx 1.0.0 20130509 for fd4a0000.display on minor 0
[    5.618877] zynqmp-display fd4a0000.display: ZynqMP DisplayPort Subsystem driver probed
[    5.627201] ahci-ceva fd0c0000.ahci: supply ahci not found, using dummy regulator
[    5.634746] ahci-ceva fd0c0000.ahci: supply phy not found, using dummy regulator
[    5.642198] ahci-ceva fd0c0000.ahci: supply target not found, using dummy regulator
[    5.650034] ahci-ceva fd0c0000.ahci: AHCI 0001.0301 32 slots 2 ports 6 Gbps 0x3 impl platform mode
[    5.658992] ahci-ceva fd0c0000.ahci: flags: 64bit ncq sntf pm clo only pmp fbs pio slum part ccc sds apst 
[    5.669693] scsi host0: ahci-ceva
[    5.673280] scsi host1: ahci-ceva
[    5.676711] ata1: SATA max UDMA/133 mmio [mem 0xfd0c0000-0xfd0c1fff] port 0x100 irq 45
[    5.684623] ata2: SATA max UDMA/133 mmio [mem 0xfd0c0000-0xfd0c1fff] port 0x180 irq 45
[    5.693225] ad9081 spi1.0: supply vdd not found, using dummy regulator
[    6.006002] ata1: SATA link down (SStatus 0 SControl 330)
[    6.011415] ata2: SATA link down (SStatus 0 SControl 330)
[    6.687769] zynqmp-display fd4a0000.display: [drm] Cannot find any crtc or sizes
[    7.524107] ad9081 spi1.0: AD9081 Rev. 2 Grade 10 (API 1.2.2) probed
[    7.531308] xhci-hcd xhci-hcd.1.auto: xHCI Host Controller
[    7.536799] xhci-hcd xhci-hcd.1.auto: new USB bus registered, assigned bus number 1
[    7.544551] xhci-hcd xhci-hcd.1.auto: hcc params 0x0238f625 hci version 0x100 quirks 0x0000000002010810
[    7.553968] xhci-hcd xhci-hcd.1.auto: irq 59, io mem 0xfe200000
[    7.560080] usb usb1: New USB device found, idVendor=1d6b, idProduct=0002, bcdDevice= 5.10
[    7.568341] usb usb1: New USB device strings: Mfr=3, Product=2, SerialNumber=1
[    7.575558] usb usb1: Product: xHCI Host Controller
[    7.580427] usb usb1: Manufacturer: Linux 5.10.0-98103-g2aa7ac113716 xhci-hcd
[    7.587553] usb usb1: SerialNumber: xhci-hcd.1.auto
[    7.592722] hub 1-0:1.0: USB hub found
[    7.596493] hub 1-0:1.0: 1 port detected
[    7.600594] xhci-hcd xhci-hcd.1.auto: xHCI Host Controller
[    7.606083] xhci-hcd xhci-hcd.1.auto: new USB bus registered, assigned bus number 2
[    7.613738] xhci-hcd xhci-hcd.1.auto: Host supports USB 3.0 SuperSpeed
[    7.620358] usb usb2: New USB device found, idVendor=1d6b, idProduct=0003, bcdDevice= 5.10
[    7.628614] usb usb2: New USB device strings: Mfr=3, Product=2, SerialNumber=1
[    7.635834] usb usb2: Product: xHCI Host Controller
[    7.640702] usb usb2: Manufacturer: Linux 5.10.0-98103-g2aa7ac113716 xhci-hcd
[    7.647827] usb usb2: SerialNumber: xhci-hcd.1.auto
[    7.652938] hub 2-0:1.0: USB hub found
[    7.656700] hub 2-0:1.0: 1 port detected
[    7.686780] cf_axi_adc 84a10000.axi-ad9081-rx-hpc: ADI AIM (10.01.b) at 0x84A10000 mapped to 0x(____ptrval____), probed ADC AD9081 as MASTER
[    7.720607] cf_axi_dds 84b10000.axi-ad9081-tx-hpc: Analog Devices CF_AXI_DDS_DDS MASTER (9.01.b) at 0x84B10000 mapped to 0x(____ptrval____), probed DDS AD9081
[    7.734808] jesd204: /axi/spi@ff040000/ad9081@0,jesd204:0,parent=spi1.0: JESD204[2] transition initialized -> probed
[    7.745329] jesd204: /axi/spi@ff040000/ad9081@0,jesd204:0,parent=spi1.0: JESD204[0] transition initialized -> probed
[    7.755853] jesd204: /axi/spi@ff040000/ad9081@0,jesd204:0,parent=spi1.0: JESD204[2] transition probed -> idle
[    7.765761] jesd204: /axi/spi@ff040000/ad9081@0,jesd204:0,parent=spi1.0: JESD204[0] transition probed -> idle
[    7.775676] jesd204: /axi/spi@ff040000/ad9081@0,jesd204:0,parent=spi1.0: JESD204[2] transition idle -> device_init
[    7.786020] jesd204: /axi/spi@ff040000/ad9081@0,jesd204:0,parent=spi1.0: JESD204[0] transition idle -> device_init
[    7.796373] jesd204: /axi/spi@ff040000/ad9081@0,jesd204:0,parent=spi1.0: JESD204[2] transition device_init -> link_init
[    7.807155] jesd204: /axi/spi@ff040000/ad9081@0,jesd204:0,parent=spi1.0: JESD204[0] transition device_init -> link_init
[    7.817947] jesd204: /axi/spi@ff040000/ad9081@0,jesd204:0,parent=spi1.0: JESD204[2] transition link_init -> link_supported
[    7.828985] jesd204: /axi/spi@ff040000/ad9081@0,jesd204:0,parent=spi1.0: JESD204[0] transition link_init -> link_supported
[    7.840392] hmc7044 spi2.0: hmc7044_jesd204_link_pre_setup: Link2 forcing continuous SYSREF mode
[    7.849335] axi-jesd204-rx 84a90000.axi-jesd204-rx: axi_jesd204_rx_jesd204_link_pre_setup: Link2 set lane rate 13320000 kHz failed (-22)
[    7.861590] jesd204: /fpga-axi@0/axi-jesd204-rx@84a90000,jesd204:4,parent=84a90000.axi-jesd204-rx: JESD204[2] In link_pre_setup got error from cb: -22
[    7.875059] jesd204: /axi/spi@ff040000/ad9081@0,jesd204:0,parent=spi1.0: Rolling back from 'link_supported', got error -22
[    7.886102] jesd204: /axi/spi@ff040000/ad9081@0,jesd204:0,parent=spi1.0: JESD204[0] transition link_supported -> link_pre_setup
[    7.897574] jesd204: /axi/spi@ff040000/ad9081@0,jesd204:0,parent=spi1.0: JESD204[2] transition link_supported -> link_pre_setup
[    7.909059] jesd204: /axi/spi@ff040000/ad9081@0,jesd204:0,parent=spi1.0: JESD204[0] transition link_pre_setup -> link_supported
[    7.920534] jesd204: /axi/spi@ff040000/ad9081@0,jesd204:0,parent=spi1.0: JESD204[2] transition link_pre_setup -> link_supported
[    7.932011] jesd204: /axi/spi@ff040000/ad9081@0,jesd204:0,parent=spi1.0: JESD204[0] transition link_supported -> link_init
[    7.943048] jesd204: /axi/spi@ff040000/ad9081@0,jesd204:0,parent=spi1.0: JESD204[2] transition link_supported -> link_init
[    7.954095] jesd204: /axi/spi@ff040000/ad9081@0,jesd204:0,parent=spi1.0: JESD204[0] transition link_init -> device_init
[    7.964871] jesd204: /axi/spi@ff040000/ad9081@0,jesd204:0,parent=spi1.0: JESD204[2] transition link_init -> device_init
[    7.975657] jesd204: /axi/spi@ff040000/ad9081@0,jesd204:0,parent=spi1.0: JESD204[0] transition device_init -> idle
[    7.986006] jesd204: /axi/spi@ff040000/ad9081@0,jesd204:0,parent=spi1.0: JESD204[2] transition device_init -> idle
[    7.996357] jesd204: /axi/spi@ff040000/ad9081@0,jesd204:0,parent=spi1.0: JESD204[2] transition idle -> idle
[    8.006091] jesd204: /axi/spi@ff040000/ad9081@0,jesd204:0,parent=spi1.0: JESD204[0] transition idle -> idle
[    8.015833] jesd204: /axi/spi@ff040000/ad9081@0,jesd204:0,parent=spi1.0: JESD204[2] transition idle -> device_init
[    8.026178] jesd204: /axi/spi@ff040000/ad9081@0,jesd204:0,parent=spi1.0: JESD204[0] transition idle -> device_init
[    8.036527] jesd204: /axi/spi@ff040000/ad9081@0,jesd204:0,parent=spi1.0: JESD204[2] transition device_init -> link_init
[    8.047304] jesd204: /axi/spi@ff040000/ad9081@0,jesd204:0,parent=spi1.0: JESD204[0] transition device_init -> link_init
[    8.058092] jesd204: /axi/spi@ff040000/ad9081@0,jesd204:0,parent=spi1.0: JESD204[2] transition link_init -> link_supported
[    8.069139] jesd204: /axi/spi@ff040000/ad9081@0,jesd204:0,parent=spi1.0: JESD204[0] transition link_init -> link_supported
[    8.080358] axi-jesd204-rx 84a90000.axi-jesd204-rx: axi_jesd204_rx_jesd204_link_pre_setup: Link2 set lane rate 13320000 kHz failed (-22)
[    8.092615] jesd204: /fpga-axi@0/axi-jesd204-rx@84a90000,jesd204:4,parent=84a90000.axi-jesd204-rx: JESD204[2] In link_pre_setup got error from cb: -22
[    8.106090] jesd204: /axi/spi@ff040000/ad9081@0,jesd204:0,parent=spi1.0: Rolling back from 'link_supported', got error -22
[    8.117130] jesd204: /axi/spi@ff040000/ad9081@0,jesd204:0,parent=spi1.0: JESD204[0] transition link_supported -> link_pre_setup
[    8.128601] jesd204: /axi/spi@ff040000/ad9081@0,jesd204:0,parent=spi1.0: JESD204[2] transition link_supported -> link_pre_setup
[    8.140079] jesd204: /axi/spi@ff040000/ad9081@0,jesd204:0,parent=spi1.0: JESD204[0] transition link_pre_setup -> link_supported
[    8.151553] jesd204: /axi/spi@ff040000/ad9081@0,jesd204:0,parent=spi1.0: JESD204[2] transition link_pre_setup -> link_supported
[    8.163029] jesd204: /axi/spi@ff040000/ad9081@0,jesd204:0,parent=spi1.0: JESD204[0] transition link_supported -> link_init
[    8.174066] jesd204: /axi/spi@ff040000/ad9081@0,jesd204:0,parent=spi1.0: JESD204[2] transition link_supported -> link_init
[    8.185114] jesd204: /axi/spi@ff040000/ad9081@0,jesd204:0,parent=spi1.0: JESD204[0] transition link_init -> device_init
[    8.195888] jesd204: /axi/spi@ff040000/ad9081@0,jesd204:0,parent=spi1.0: JESD204[2] transition link_init -> device_init
[    8.206672] jesd204: /axi/spi@ff040000/ad9081@0,jesd204:0,parent=spi1.0: JESD204[0] transition device_init -> idle
[    8.217015] jesd204: /axi/spi@ff040000/ad9081@0,jesd204:0,parent=spi1.0: JESD204[2] transition device_init -> idle
[    8.227367] jesd204: /axi/spi@ff040000/ad9081@0,jesd204:0,parent=spi1.0: JESD204[2] transition idle -> idle
[    8.237105] jesd204: /axi/spi@ff040000/ad9081@0,jesd204:0,parent=spi1.0: JESD204[0] transition idle -> idle
[    8.246843] jesd204: /axi/spi@ff040000/ad9081@0,jesd204:0,parent=spi1.0: JESD204[2] transition idle -> device_init
[    8.257186] jesd204: /axi/spi@ff040000/ad9081@0,jesd204:0,parent=spi1.0: JESD204[0] transition idle -> device_init
[    8.267537] jesd204: /axi/spi@ff040000/ad9081@0,jesd204:0,parent=spi1.0: JESD204[2] transition device_init -> link_init
[    8.278314] jesd204: /axi/spi@ff040000/ad9081@0,jesd204:0,parent=spi1.0: JESD204[0] transition device_init -> link_init
[    8.289101] jesd204: /axi/spi@ff040000/ad9081@0,jesd204:0,parent=spi1.0: JESD204[2] transition link_init -> link_supported
[    8.300144] jesd204: /axi/spi@ff040000/ad9081@0,jesd204:0,parent=spi1.0: JESD204[0] transition link_init -> link_supported
[    8.311331] axi-jesd204-rx 84a90000.axi-jesd204-rx: axi_jesd204_rx_jesd204_link_pre_setup: Link2 set lane rate 13320000 kHz failed (-22)
[    8.323591] jesd204: /fpga-axi@0/axi-jesd204-rx@84a90000,jesd204:4,parent=84a90000.axi-jesd204-rx: JESD204[2] In link_pre_setup got error from cb: -22
[    8.337061] jesd204: /axi/spi@ff040000/ad9081@0,jesd204:0,parent=spi1.0: Rolling back from 'link_supported', got error -22
[    8.348103] jesd204: /axi/spi@ff040000/ad9081@0,jesd204:0,parent=spi1.0: JESD204[0] transition link_supported -> link_pre_setup
[    8.359575] jesd204: /axi/spi@ff040000/ad9081@0,jesd204:0,parent=spi1.0: JESD204[2] transition link_supported -> link_pre_setup
[    8.371060] jesd204: /axi/spi@ff040000/ad9081@0,jesd204:0,parent=spi1.0: JESD204[0] transition link_pre_setup -> link_supported
[    8.382534] jesd204: /axi/spi@ff040000/ad9081@0,jesd204:0,parent=spi1.0: JESD204[2] transition link_pre_setup -> link_supported
[    8.394012] jesd204: /axi/spi@ff040000/ad9081@0,jesd204:0,parent=spi1.0: JESD204[0] transition link_supported -> link_init
[    8.405049] jesd204: /axi/spi@ff040000/ad9081@0,jesd204:0,parent=spi1.0: JESD204[2] transition link_supported -> link_init
[    8.416097] jesd204: /axi/spi@ff040000/ad9081@0,jesd204:0,parent=spi1.0: JESD204[0] transition link_init -> device_init
[    8.426872] jesd204: /axi/spi@ff040000/ad9081@0,jesd204:0,parent=spi1.0: JESD204[2] transition link_init -> device_init
[    8.437654] jesd204: /axi/spi@ff040000/ad9081@0,jesd204:0,parent=spi1.0: JESD204[0] transition device_init -> idle
[    8.448001] jesd204: /axi/spi@ff040000/ad9081@0,jesd204:0,parent=spi1.0: JESD204[2] transition device_init -> idle
[    8.458350] jesd204: /axi/spi@ff040000/ad9081@0,jesd204:0,parent=spi1.0: JESD204[2] transition idle -> idle
[    8.468084] jesd204: /axi/spi@ff040000/ad9081@0,jesd204:0,parent=spi1.0: JESD204[0] transition idle -> idle
[    8.477826] jesd204: /axi/spi@ff040000/ad9081@0,jesd204:0,parent=spi1.0: JESD204[2] transition idle -> device_init
[    8.488170] jesd204: /axi/spi@ff040000/ad9081@0,jesd204:0,parent=spi1.0: JESD204[0] transition idle -> device_init
[    8.498525] jesd204: /axi/spi@ff040000/ad9081@0,jesd204:0,parent=spi1.0: JESD204[2] transition device_init -> link_init
[    8.509305] jesd204: /axi/spi@ff040000/ad9081@0,jesd204:0,parent=spi1.0: JESD204[0] transition device_init -> link_init
[    8.520094] jesd204: /axi/spi@ff040000/ad9081@0,jesd204:0,parent=spi1.0: JESD204[2] transition link_init -> link_supported
[    8.531136] jesd204: /axi/spi@ff040000/ad9081@0,jesd204:0,parent=spi1.0: JESD204[0] transition link_init -> link_supported
[    8.542324] axi-jesd204-rx 84a90000.axi-jesd204-rx: axi_jesd204_rx_jesd204_link_pre_setup: Link2 set lane rate 13320000 kHz failed (-22)
[    8.554583] jesd204: /fpga-axi@0/axi-jesd204-rx@84a90000,jesd204:4,parent=84a90000.axi-jesd204-rx: JESD204[2] In link_pre_setup got error from cb: -22
[    8.568052] jesd204: /axi/spi@ff040000/ad9081@0,jesd204:0,parent=spi1.0: Rolling back from 'link_supported', got error -22
[    8.579096] jesd204: /axi/spi@ff040000/ad9081@0,jesd204:0,parent=spi1.0: JESD204[0] transition link_supported -> link_pre_setup
[    8.590568] jesd204: /axi/spi@ff040000/ad9081@0,jesd204:0,parent=spi1.0: JESD204[2] transition link_supported -> link_pre_setup
[    8.602045] jesd204: /axi/spi@ff040000/ad9081@0,jesd204:0,parent=spi1.0: JESD204[0] transition link_pre_setup -> link_supported
[    8.613516] jesd204: /axi/spi@ff040000/ad9081@0,jesd204:0,parent=spi1.0: JESD204[2] transition link_pre_setup -> link_supported
[    8.624999] jesd204: /axi/spi@ff040000/ad9081@0,jesd204:0,parent=spi1.0: JESD204[0] transition link_supported -> link_init
[    8.636034] jesd204: /axi/spi@ff040000/ad9081@0,jesd204:0,parent=spi1.0: JESD204[2] transition link_supported -> link_init
[    8.647080] jesd204: /axi/spi@ff040000/ad9081@0,jesd204:0,parent=spi1.0: JESD204[0] transition link_init -> device_init
[    8.657856] jesd204: /axi/spi@ff040000/ad9081@0,jesd204:0,parent=spi1.0: JESD204[2] transition link_init -> device_init
[    8.668638] jesd204: /axi/spi@ff040000/ad9081@0,jesd204:0,parent=spi1.0: JESD204[0] transition device_init -> idle
[    8.678982] jesd204: /axi/spi@ff040000/ad9081@0,jesd204:0,parent=spi1.0: JESD204[2] transition device_init -> idle
[    8.689329] jesd204: /axi/spi@ff040000/ad9081@0,jesd204:0,parent=spi1.0: FSM completed with error -22
[    8.707772] input: gpio-keys as /devices/platform/gpio-keys/input/input0
[    8.714784] of_cfs_init
[    8.717246] of_cfs_init: OK
[    8.720181] cfg80211: Loading compiled-in X.509 certificates for regulatory database
[    8.858314] cfg80211: Loaded X.509 cert 'sforshee: 00b28ddf47aef9cea7'
[    8.864847] clk: Not disabling unused clocks
[    8.869382] ALSA device list:
[    8.872341]   No soundcards found.
[    8.876031] platform regulatory.0: Direct firmware load for regulatory.db failed with error -2
[    8.884654] cfg80211: failed to load regulatory.db
[    8.898913] EXT4-fs (mmcblk0p2): mounted filesystem with ordered data mode. Opts: (null)
[    8.907023] VFS: Mounted root (ext4 filesystem) on device 179:2.
[    8.920731] devtmpfs: mounted
[    8.924573] Freeing unused kernel memory: 2560K
[    8.947801] Run /sbin/init as init process
[    8.951897]   with arguments:
[    8.951899]     /sbin/init
[    8.951901]   with environment:
[    8.951904]     HOME=/
[    8.951906]     TERM=linux
[    9.535828] systemd[1]: systemd 241 running in system mode. (+PAM +AUDIT +SELINUX +IMA +APPARMOR +SMACK +SYSVINIT +UTMP +LIBCRYPTSETUP +GCRYPT +GNUTLS +ACL +XZ +LZ4 +SECCOMP +BLKID +ELFUTILS +KMOD -IDN2 +IDN -PCRE2 default-hierarchy=hybrid)
[    9.557677] systemd[1]: Detected architecture arm64.
[    9.580491] systemd[1]: Set hostname to <analog>.
[    9.773499] systemd[1]: File /lib/systemd/system/systemd-journald.service:12 configures an IP firewall (IPAddressDeny=any), but the local system does not support BPF/cgroup based firewalling.
[    9.790557] systemd[1]: Proceeding WITHOUT firewalling in effect! (This warning is only shown for the first loaded unit using IP firewalling.)
[    9.956100] systemd[1]: /etc/systemd/system/tof-server.service:1: Assignment outside of section. Ignoring.
[    9.965818] systemd[1]: /etc/systemd/system/tof-server.service:2: Assignment outside of section. Ignoring.
[   10.151920] random: systemd: uninitialized urandom read (16 bytes read)
[   10.166722] random: systemd: uninitialized urandom read (16 bytes read)
[   10.173394] systemd[1]: Reached target Swap.
[   10.187836] random: systemd: uninitialized urandom read (16 bytes read)
[   10.195028] systemd[1]: Created slice system-getty.slice.
[   10.216231] systemd[1]: Listening on Journal Socket.
[   10.759560] ------------[ cut here ]------------
[   10.759568] Enabling unprepared \xa0\xb9R\x88\xff\xff\xff@R\x88\xff\xff\xff
[   10.759613] WARNING: CPU: 3 PID: 112 at drivers/clk/clk.c:1012 clk_core_enable+0xa4/0xc0
[   10.759616] Modules linked in:
[   10.759632] CPU: 3 PID: 112 Comm: kworker/3:1H Not tainted 5.10.0-98103-g2aa7ac113716 #5577
[   10.759635] Hardware name: ZynqMP ZCU102 Rev1.0 (DT)
[   10.759644] Workqueue: kblockd blk_mq_run_work_fn
[   10.759652] pstate: 80000085 (Nzcv daIf -PAN -UAO -TCO BTYPE=--)
[   10.759657] pc : clk_core_enable+0xa4/0xc0
[   10.759663] lr : clk_core_enable+0xa4/0xc0
[   10.759665] sp : ffffffc01276b2d0
[   10.759668] x29: ffffffc01276b2d0 x28: ffffff8800330c10 
[   10.759675] x27: ffffff8800330d48 x26: 0000005000000101 
[   10.759682] x25: 000000027b5fe8e4 x24: 0000000000000001 
[   10.759688] x23: ffffff8801100b00 x22: ffffff8801083220 
[   10.759695] x21: ffffff8801524000 x20: ffffff8801524008 
[   10.759701] x19: ffffff8801524008 x18: 0000000000000030 
[   10.759708] x17: 0000000000000004 x16: 0000a919ed461d70 
[   10.759715] x15: ffffffffffff9c30 x14: ffffffc011d3b1a0 
[   10.759721] x13: ffffffc011d3b1c8 x12: 0000000000000672 
[   10.759728] x11: 0000000000000226 x10: ffffffc011d671c8 
[   10.759734] x9 : 00000000fffff800 x8 : ffffffc011d3b1c8 
[   10.759741] x7 : ffffffc011d671c8 x6 : 0000000000000001 
[   10.759747] x5 : ffffff887f7a89e0 x4 : 0000000000000000 
[   10.759754] x3 : 0000000000000027 x2 : 0000000000000023 
[   10.759760] x1 : 875417f2c4489d00 x0 : 0000000000000000 
[   10.759767] Call trace:
[   10.759774]  clk_core_enable+0xa4/0xc0
[   10.759779]  clk_enable+0x2c/0x60
[   10.759785]  zynqmp_runtime_resume+0x24/0x84
[   10.759792]  pm_generic_runtime_resume+0x30/0x50
[   10.759798]  __genpd_runtime_resume+0x30/0xb0
[   10.759804]  genpd_runtime_resume+0x90/0x250
[   10.759811]  __rpm_callback+0x10c/0x1e0
[   10.759816]  rpm_callback+0x5c/0x84
[   10.759821]  rpm_resume+0x4a4/0x74c
[   10.759826]  __pm_runtime_resume+0x78/0xc4
[   10.759830]  spi_mem_access_start.isra.0+0x30/0x80
[   10.759834]  spi_mem_exec_op+0x3b0/0x424
[   10.759839]  spi_nor_read_sr+0x78/0xe0
[   10.759844]  spi_nor_wait_till_ready_with_timeout+0xb4/0x2f0
[   10.759849]  spi_nor_read+0x188/0x380
[   10.759855]  mtd_read_oob_std+0x78/0x84
[   10.759859]  mtd_read_oob+0x7c/0x134
[   10.759864]  mtd_read+0x48/0x7c
[   10.759870]  mtdblock_readsect+0x6c/0x150
[   10.759875]  mtd_queue_rq+0x2cc/0x5a0
[   10.759881]  blk_mq_dispatch_rq_list+0x110/0x790
[   10.759887]  __blk_mq_do_dispatch_sched+0x200/0x274
[   10.759893]  __blk_mq_sched_dispatch_requests+0x1a8/0x1fc
[   10.759899]  blk_mq_sched_dispatch_requests+0x3c/0x7c
[   10.759904]  __blk_mq_run_hw_queue+0x98/0x100
[   10.759908]  blk_mq_run_work_fn+0x24/0x30
[   10.759914]  process_one_work+0x1d4/0x380
[   10.759918]  worker_thread+0x78/0x4e0
[   10.759924]  kthread+0x124/0x130
[   10.759930]  ret_from_fork+0x10/0x3c
[   10.759933] ---[ end trace 44304e5681316d7f ]---
[   10.759969] zynqmp-qspi ff0f0000.spi: Cannot enable APB clock.
[   10.760021] spi_master spi0: Failed to power device: -108
[   10.760032] blk_update_request: I/O error, dev mtdblock0, sector 8 op 0x0:(READ) flags 0x80700 phys_seg 1 prio class 0
[   10.760108] spi_master spi0: Failed to power device: -22
[   10.760115] blk_update_request: I/O error, dev mtdblock0, sector 8 op 0x0:(READ) flags 0x0 phys_seg 8 prio class 0
[   10.760121] Buffer I/O error on dev mtdblock0, logical block 8, async page read
[   10.760131] spi_master spi0: Failed to power device: -22
[   10.760137] blk_update_request: I/O error, dev mtdblock0, sector 9 op 0x0:(READ) flags 0x0 phys_seg 7 prio class 0
[   10.760141] Buffer I/O error on dev mtdblock0, logical block 9, async page read
[   10.760148] spi_master spi0: Failed to power device: -22
[   10.760154] blk_update_request: I/O error, dev mtdblock0, sector 10 op 0x0:(READ) flags 0x0 phys_seg 6 prio class 0
[   10.760158] Buffer I/O error on dev mtdblock0, logical block 10, async page read
[   10.760165] spi_master spi0: Failed to power device: -22
[   10.760170] blk_update_request: I/O error, dev mtdblock0, sector 11 op 0x0:(READ) flags 0x0 phys_seg 5 prio class 0
[   10.760174] Buffer I/O error on dev mtdblock0, logical block 11, async page read
[   10.760181] spi_master spi0: Failed to power device: -22
[   10.760187] blk_update_request: I/O error, dev mtdblock0, sector 12 op 0x0:(READ) flags 0x0 phys_seg 4 prio class 0
[   10.760190] Buffer I/O error on dev mtdblock0, logical block 12, async page read
[   10.760197] spi_master spi0: Failed to power device: -22
[   10.760203] blk_update_request: I/O error, dev mtdblock0, sector 13 op 0x0:(READ) flags 0x0 phys_seg 3 prio class 0
[   10.760207] Buffer I/O error on dev mtdblock0, logical block 13, async page read
[   10.760213] spi_master spi0: Failed to power device: -22
[   10.760219] blk_update_request: I/O error, dev mtdblock0, sector 14 op 0x0:(READ) flags 0x0 phys_seg 2 prio class 0
[   10.760223] Buffer I/O error on dev mtdblock0, logical block 14, async page read
[   10.760230] spi_master spi0: Failed to power device: -22
[   10.760236] blk_update_request: I/O error, dev mtdblock0, sector 15 op 0x0:(READ) flags 0x0 phys_seg 1 prio class 0
[   10.760239] Buffer I/O error on dev mtdblock0, logical block 15, async page read
[   10.760602] spi_master spi0: Failed to power device: -22
[   10.760609] blk_update_request: I/O error, dev mtdblock1, sector 10112 op 0x0:(READ) flags 0x80700 phys_seg 1 prio class 0
[   10.760656] spi_master spi0: Failed to power device: -22
[   10.760665] Buffer I/O error on dev mtdblock1, logical block 10112, async page read
[   10.760673] spi_master spi0: Failed to power device: -22
[   10.760678] Buffer I/O error on dev mtdblock1, logical block 10113, async page read
[   10.760685] spi_master spi0: Failed to power device: -22
[   10.760693] spi_master spi0: Failed to power device: -22
[   10.760700] spi_master spi0: Failed to power device: -22
[   10.760707] spi_master spi0: Failed to power device: -22
[   10.760715] spi_master spi0: Failed to power device: -22
[   10.760721] spi_master spi0: Failed to power device: -22
[   10.760957] spi_master spi0: Failed to power device: -22
[   10.761002] spi_master spi0: Failed to power device: -22
[   10.761011] spi_master spi0: Failed to power device: -22
[   10.761019] spi_master spi0: Failed to power device: -22
[   10.761027] spi_master spi0: Failed to power device: -22
[   10.761034] spi_master spi0: Failed to power device: -22
[   10.761041] spi_master spi0: Failed to power device: -22
[   10.761049] spi_master spi0: Failed to power device: -22
[   10.761056] spi_master spi0: Failed to power device: -22
[   10.761323] spi_master spi0: Failed to power device: -22
[   10.761367] spi_master spi0: Failed to power device: -22
[   10.761376] spi_master spi0: Failed to power device: -22
[   10.761384] spi_master spi0: Failed to power device: -22
[   10.761391] spi_master spi0: Failed to power device: -22
[   10.761398] spi_master spi0: Failed to power device: -22
[   10.761406] spi_master spi0: Failed to power device: -22
[   10.761413] spi_master spi0: Failed to power device: -22
[   10.761420] spi_master spi0: Failed to power device: -22
[   10.888626] EXT4-fs (mmcblk0p2): re-mounted. Opts: (null)
[   10.971558] systemd-journald[169]: Received request to flush runtime journal from PID 1
[   16.977895] macb ff0e0000.ethernet eth0: PHY [ff0e0000.ethernet-ffffffff:0c] driver [TI DP83867] (irq=POLL)
[   16.977908] macb ff0e0000.ethernet eth0: configuring for phy/rgmii-id link mode
[   17.315797] Adding 76796k swap on /var/swap.  Priority:-2 extents:2 across:78900k SS
[   19.027774] random: crng init done
[   19.027785] random: 7 urandom warning(s) missed due to ratelimiting
[   19.909752] broken atomic modeset userspace detected, disabling atomic
[   21.057382] macb ff0e0000.ethernet eth0: Link is Up - 1Gbps/Full - flow control off
[   21.057407] IPv6: ADDRCONF(NETDEV_CHANGE): eth0: link becomes ready
[   22.578704] broken atomic modeset userspace detected, disabling atomic
[   25.454702] broken atomic modeset userspace detected, disabling atomic
[   28.103294] broken atomic modeset userspace detected, disabling atomic