[    0.000000] Booting Linux on physical CPU 0x0000000000 [0x410fd034]
[    0.000000] Linux version 5.10.0-98103-g2aa7ac113716 (jenkins@romlxbuild1.adlk.analog.com) (aarch64-xilinx-linux-gcc.real (GCC) 10.2.0, GNU ld (GNU Binutils) 2.35.0.20200730) #5577 SMP Wed Mar 23 07:28:49 GMT 2022
[    0.000000] Machine model: ZynqMP ZCU102 Rev1.0
[    0.000000] earlycon: cdns0 at MMIO 0x00000000ff000000 (options '115200n8')
[    0.000000] printk: bootconsole [cdns0] enabled
[    0.000000] efi: UEFI not found.
[    0.000000] cma: Reserved 256 MiB at 0x0000000070000000
[    0.000000] Zone ranges:
[    0.000000]   DMA      [mem 0x0000000000000000-0x000000003fffffff]
[    0.000000]   DMA32    [mem 0x0000000040000000-0x00000000ffffffff]
[    0.000000]   Normal   [mem 0x0000000100000000-0x000000087fffffff]
[    0.000000] Movable zone start for each node
[    0.000000] Early memory node ranges
[    0.000000]   node   0: [mem 0x0000000000000000-0x000000007fffffff]
[    0.000000]   node   0: [mem 0x0000000800000000-0x000000087fffffff]
[    0.000000] Initmem setup node 0 [mem 0x0000000000000000-0x000000087fffffff]
[    0.000000] On node 0 totalpages: 1048576
[    0.000000]   DMA zone: 3584 pages used for memmap
[    0.000000]   DMA zone: 0 pages reserved
[    0.000000]   DMA zone: 262144 pages, LIFO batch:63
[    0.000000]   DMA32 zone: 3584 pages used for memmap
[    0.000000]   DMA32 zone: 262144 pages, LIFO batch:63
[    0.000000]   Normal zone: 7168 pages used for memmap
[    0.000000]   Normal zone: 524288 pages, LIFO batch:63
[    0.000000] psci: probing for conduit method from DT.
[    0.000000] psci: PSCIv1.1 detected in firmware.
[    0.000000] psci: Using standard PSCI v0.2 function IDs
[    0.000000] psci: MIGRATE_INFO_TYPE not supported.
[    0.000000] psci: SMC Calling Convention v1.2
[    0.000000] percpu: Embedded 22 pages/cpu s49496 r8192 d32424 u90112
[    0.000000] pcpu-alloc: s49496 r8192 d32424 u90112 alloc=22*4096
[    0.000000] pcpu-alloc: [0] 0 [0] 1 [0] 2 [0] 3 
[    0.000000] Detected VIPT I-cache on CPU0
[    0.000000] CPU features: detected: ARM erratum 845719
[    0.000000] Built 1 zonelists, mobility grouping on.  Total pages: 1034240
[    0.000000] Kernel command line: console=ttyPS0,115200 root=/dev/mmcblk0p2 rw earlycon rootfstype=ext4 rootwait clk_ignore_unused cpuidle.off=1 root=/dev/mmcblk0p2 rw rootwait
[    0.000000] Dentry cache hash table entries: 524288 (order: 10, 4194304 bytes, linear)
[    0.000000] Inode-cache hash table entries: 262144 (order: 9, 2097152 bytes, linear)
[    0.000000] mem auto-init: stack:off, heap alloc:off, heap free:off
[    0.000000] software IO TLB: mapped [mem 0x000000003bfff000-0x000000003ffff000] (64MB)
[    0.000000] Memory: 3761904K/4194304K available (15296K kernel code, 1636K rwdata, 11876K rodata, 2560K init, 507K bss, 170256K reserved, 262144K cma-reserved)
[    0.000000] rcu: Hierarchical RCU implementation.
[    0.000000] rcu: 	RCU event tracing is enabled.
[    0.000000] rcu: 	RCU restricting CPUs from NR_CPUS=8 to nr_cpu_ids=4.
[    0.000000] rcu: RCU calculated value of scheduler-enlistment delay is 25 jiffies.
[    0.000000] rcu: Adjusting geometry for rcu_fanout_leaf=16, nr_cpu_ids=4
[    0.000000] NR_IRQS: 64, nr_irqs: 64, preallocated irqs: 0
[    0.000000] GIC: Adjusting CPU interface base to 0x00000000f902f000
[    0.000000] GIC: Using split EOI/Deactivate mode
[    0.000000] random: get_random_bytes called from start_kernel+0x31c/0x54c with crng_init=0
[    0.000000] arch_timer: cp15 timer(s) running at 100.00MHz (phys).
[    0.000000] clocksource: arch_sys_counter: mask: 0xffffffffffffff max_cycles: 0x171024e7e0, max_idle_ns: 440795205315 ns
[    0.000003] sched_clock: 56 bits at 100MHz, resolution 10ns, wraps every 4398046511100ns
[    0.008461] Console: colour dummy device 80x25
[    0.012483] Calibrating delay loop (skipped), value calculated using timer frequency.. 200.00 BogoMIPS (lpj=400000)
[    0.022841] pid_max: default: 32768 minimum: 301
[    0.027551] Mount-cache hash table entries: 8192 (order: 4, 65536 bytes, linear)
[    0.034789] Mountpoint-cache hash table entries: 8192 (order: 4, 65536 bytes, linear)
[    0.043400] rcu: Hierarchical SRCU implementation.
[    0.047560] EFI services will not be available.
[    0.051939] smp: Bringing up secondary CPUs ...
[    0.056657] Detected VIPT I-cache on CPU1
[    0.056696] CPU1: Booted secondary processor 0x0000000001 [0x410fd034]
[    0.057062] Detected VIPT I-cache on CPU2
[    0.057086] CPU2: Booted secondary processor 0x0000000002 [0x410fd034]
[    0.057425] Detected VIPT I-cache on CPU3
[    0.057448] CPU3: Booted secondary processor 0x0000000003 [0x410fd034]
[    0.057495] smp: Brought up 1 node, 4 CPUs
[    0.091780] SMP: Total of 4 processors activated.
[    0.096452] CPU features: detected: 32-bit EL0 Support
[    0.101556] CPU features: detected: CRC32 instructions
[    0.106697] CPU: All CPU(s) started at EL2
[    0.110736] alternatives: patching kernel code
[    0.116169] devtmpfs: initialized
[    0.124067] Registered cp15_barrier emulation handler
[    0.124118] Registered setend emulation handler
[    0.128102] clocksource: jiffies: mask: 0xffffffff max_cycles: 0xffffffff, max_idle_ns: 7645041785100000 ns
[    0.137680] futex hash table entries: 1024 (order: 4, 65536 bytes, linear)
[    0.151035] pinctrl core: initialized pinctrl subsystem
[    0.151680] NET: Registered protocol family 16
[    0.156104] DMA: preallocated 512 KiB GFP_KERNEL pool for atomic allocations
[    0.162116] DMA: preallocated 512 KiB GFP_KERNEL|GFP_DMA pool for atomic allocations
[    0.169841] DMA: preallocated 512 KiB GFP_KERNEL|GFP_DMA32 pool for atomic allocations
[    0.177645] audit: initializing netlink subsys (disabled)
[    0.183097] audit: type=2000 audit(0.116:1): state=initialized audit_enabled=0 res=1
[    0.183442] hw-breakpoint: found 6 breakpoint and 4 watchpoint registers.
[    0.197472] ASID allocator initialised with 65536 entries
[    0.224375] HugeTLB registered 1.00 GiB page size, pre-allocated 0 pages
[    0.225429] HugeTLB registered 32.0 MiB page size, pre-allocated 0 pages
[    0.232100] HugeTLB registered 2.00 MiB page size, pre-allocated 0 pages
[    0.238763] HugeTLB registered 64.0 KiB page size, pre-allocated 0 pages
[    1.304353] DRBG: Continuing without Jitter RNG
[    1.382153] raid6: neonx8   gen()  2143 MB/s
[    1.450202] raid6: neonx8   xor()  1597 MB/s
[    1.518268] raid6: neonx4   gen()  2194 MB/s
[    1.586316] raid6: neonx4   xor()  1567 MB/s
[    1.654383] raid6: neonx2   gen()  2075 MB/s
[    1.722430] raid6: neonx2   xor()  1434 MB/s
[    1.790491] raid6: neonx1   gen()  1772 MB/s
[    1.858538] raid6: neonx1   xor()  1220 MB/s
[    1.926597] raid6: int64x8  gen()  1438 MB/s
[    1.994654] raid6: int64x8  xor()   771 MB/s
[    2.062730] raid6: int64x4  gen()  1598 MB/s
[    2.130782] raid6: int64x4  xor()   819 MB/s
[    2.198842] raid6: int64x2  gen()  1397 MB/s
[    2.266890] raid6: int64x2  xor()   750 MB/s
[    2.334983] raid6: int64x1  gen()  1034 MB/s
[    2.403029] raid6: int64x1  xor()   517 MB/s
[    2.403067] raid6: using algorithm neonx4 gen() 2194 MB/s
[    2.407022] raid6: .... xor() 1567 MB/s, rmw enabled
[    2.411952] raid6: using neon recovery algorithm
[    2.416966] iommu: Default domain type: Translated 
[    2.421579] SCSI subsystem initialized
[    2.425121] libata version 3.00 loaded.
[    2.425245] usbcore: registered new interface driver usbfs
[    2.430576] usbcore: registered new interface driver hub
[    2.435850] usbcore: registered new device driver usb
[    2.440984] mc: Linux media interface: v0.10
[    2.445100] videodev: Linux video capture interface: v2.00
[    2.450592] EDAC MC: Ver: 3.0.0
[    2.454027] zynqmp-ipi-mbox mailbox@ff990400: Registered ZynqMP IPI mbox with TX/RX channels.
[    2.462535] jesd204: created con: id=0, topo=0, link=0, /axi/spi@ff050000/hmc7044@0 <-> /fpga-axi@0/axi-adxcvr-tx@84b60000
[    2.473121] jesd204: created con: id=1, topo=0, link=2, /axi/spi@ff050000/hmc7044@0 <-> /fpga-axi@0/axi-adxcvr-rx@84a60000
[    2.484105] jesd204: created con: id=2, topo=0, link=0, /fpga-axi@0/axi-adxcvr-tx@84b60000 <-> /fpga-axi@0/axi-jesd204-tx@84b90000
[    2.495780] jesd204: created con: id=3, topo=0, link=2, /fpga-axi@0/axi-adxcvr-rx@84a60000 <-> /fpga-axi@0/axi-jesd204-rx@84a90000
[    2.507458] jesd204: created con: id=4, topo=0, link=0, /fpga-axi@0/axi-jesd204-tx@84b90000 <-> /fpga-axi@0/axi-ad9081-tx-hpc@84b10000
[    2.519485] jesd204: created con: id=5, topo=0, link=2, /fpga-axi@0/axi-jesd204-rx@84a90000 <-> /fpga-axi@0/axi-ad9081-rx-hpc@84a10000
[    2.531508] jesd204: created con: id=6, topo=0, link=2, /fpga-axi@0/axi-ad9081-rx-hpc@84a10000 <-> /axi/spi@ff040000/ad9081@0
[    2.542749] jesd204: created con: id=7, topo=0, link=0, /fpga-axi@0/axi-ad9081-tx-hpc@84b10000 <-> /axi/spi@ff040000/ad9081@0
[    2.553999] jesd204: /axi/spi@ff040000/ad9081@0: JESD204[2] transition uninitialized -> initialized
[    2.562986] jesd204: /axi/spi@ff040000/ad9081@0: JESD204[0] transition uninitialized -> initialized
[    2.571978] jesd204: found 8 devices and 1 topologies
[    2.577021] FPGA manager framework
[    2.580498] Advanced Linux Sound Architecture Driver Initialized.
[    2.586797] Bluetooth: Core ver 2.22
[    2.589983] NET: Registered protocol family 31
[    2.594382] Bluetooth: HCI device and connection manager initialized
[    2.600698] Bluetooth: HCI socket layer initialized
[    2.605540] Bluetooth: L2CAP socket layer initialized
[    2.610564] Bluetooth: SCO socket layer initialized
[    2.615748] clocksource: Switched to clocksource arch_sys_counter
[    2.621554] VFS: Disk quotas dquot_6.6.0
[    2.625393] VFS: Dquot-cache hash table entries: 512 (order 0, 4096 bytes)
[    2.636100] NET: Registered protocol family 2
[    2.636835] tcp_listen_portaddr_hash hash table entries: 2048 (order: 3, 32768 bytes, linear)
[    2.645031] TCP established hash table entries: 32768 (order: 6, 262144 bytes, linear)
[    2.653057] TCP bind hash table entries: 32768 (order: 7, 524288 bytes, linear)
[    2.660502] TCP: Hash tables configured (established 32768 bind 32768)
[    2.666676] UDP hash table entries: 2048 (order: 4, 65536 bytes, linear)
[    2.673342] UDP-Lite hash table entries: 2048 (order: 4, 65536 bytes, linear)
[    2.680502] NET: Registered protocol family 1
[    2.684954] RPC: Registered named UNIX socket transport module.
[    2.690579] RPC: Registered udp transport module.
[    2.695243] RPC: Registered tcp transport module.
[    2.699913] RPC: Registered tcp NFSv4.1 backchannel transport module.
[    2.706906] PCI: CLS 0 bytes, default 64
[    2.710605] hw perfevents: no interrupt-affinity property for /pmu, guessing.
[    2.717476] hw perfevents: enabled with armv8_pmuv3 PMU driver, 7 counters available
[    2.725809] Initialise system trusted keyrings
[    2.729496] workingset: timestamp_bits=62 max_order=20 bucket_order=0
[    2.736390] NFS: Registering the id_resolver key type
[    2.740842] Key type id_resolver registered
[    2.744981] Key type id_legacy registered
[    2.748971] nfs4filelayout_init: NFSv4 File Layout Driver Registering...
[    2.755636] jffs2: version 2.2. (NAND) (SUMMARY)  Â© 2001-2006 Red Hat, Inc.
[    2.798779] NET: Registered protocol family 38
[    2.798821] xor: measuring software checksum speed
[    2.806514]    8regs           :  2363 MB/sec
[    2.810182]    32regs          :  2799 MB/sec
[    2.815125]    arm64_neon      :  2380 MB/sec
[    2.815315] xor: using function: 32regs (2799 MB/sec)
[    2.820340] Key type asymmetric registered
[    2.824402] Asymmetric key parser 'x509' registered
[    2.829264] Block layer SCSI generic (bsg) driver version 0.4 loaded (major 248)
[    2.836600] io scheduler mq-deadline registered
[    2.841096] io scheduler kyber registered
[    2.870515] Serial: 8250/16550 driver, 4 ports, IRQ sharing disabled
[    2.875151] cacheinfo: Unable to detect cache hierarchy for CPU 0
[    2.881482] brd: module loaded
[    2.885619] loop: module loaded
[    2.886167] Registered mathworks_ip class
[    2.889538] libphy: Fixed MDIO Bus: probed
[    2.892485] tun: Universal TUN/TAP device driver, 1.6
[    2.896562] CAN device driver interface
[    2.901096] usbcore: registered new interface driver asix
[    2.905695] usbcore: registered new interface driver ax88179_178a
[    2.911726] usbcore: registered new interface driver cdc_ether
[    2.917520] usbcore: registered new interface driver net1080
[    2.923146] usbcore: registered new interface driver cdc_subset
[    2.929026] usbcore: registered new interface driver zaurus
[    2.934570] usbcore: registered new interface driver cdc_ncm
[    2.940970] ehci_hcd: USB 2.0 'Enhanced' Host Controller (EHCI) Driver
[    2.946656] ehci-pci: EHCI PCI platform driver
[    2.951457] usbcore: registered new interface driver uas
[    2.956371] usbcore: registered new interface driver usb-storage
[    2.962359] usbcore: registered new interface driver usbserial_generic
[    2.968810] usbserial: USB Serial support registered for generic
[    2.974785] usbcore: registered new interface driver ftdi_sio
[    2.980488] usbserial: USB Serial support registered for FTDI USB Serial Device
[    2.987760] usbcore: registered new interface driver upd78f0730
[    2.993633] usbserial: USB Serial support registered for upd78f0730
[    3.001284] rtc_zynqmp ffa60000.rtc: registered as rtc0
[    3.005058] rtc_zynqmp ffa60000.rtc: setting system clock to 2022-03-26T02:12:55 UTC (1648260775)
[    3.013921] i2c /dev entries driver
[    3.019223] usbcore: registered new interface driver uvcvideo
[    3.023034] USB Video Class driver (1.1.1)
[    3.028615] Bluetooth: HCI UART driver ver 2.3
[    3.031506] Bluetooth: HCI UART protocol H4 registered
[    3.036615] Bluetooth: HCI UART protocol BCSP registered
[    3.041904] Bluetooth: HCI UART protocol LL registered
[    3.046993] Bluetooth: HCI UART protocol ATH3K registered
[    3.052367] Bluetooth: HCI UART protocol Three-wire (H5) registered
[    3.058622] Bluetooth: HCI UART protocol Intel registered
[    3.063960] Bluetooth: HCI UART protocol QCA registered
[    3.069161] usbcore: registered new interface driver bcm203x
[    3.074783] usbcore: registered new interface driver bpa10x
[    3.080317] usbcore: registered new interface driver bfusb
[    3.085768] usbcore: registered new interface driver btusb
[    3.091231] usbcore: registered new interface driver ath3k
[    3.096713] EDAC MC: ECC not enabled
[    3.100350] EDAC DEVICE0: Giving out device to module zynqmp-ocm-edac controller zynqmp_ocm: DEV ff960000.memory-controller (INTERRUPT)
[    3.112653] sdhci: Secure Digital Host Controller Interface driver
[    3.118442] sdhci: Copyright(c) Pierre Ossman
[    3.122767] sdhci-pltfm: SDHCI platform and OF driver helper
[    3.128820] ledtrig-cpu: registered to indicate activity on CPUs
[    3.134371] SMCCC: SOC_ID: ARCH_SOC_ID not implemented, skipping ....
[    3.140797] zynqmp_firmware_probe Platform Management API v1.1
[    3.146558] zynqmp_firmware_probe Trustzone version v1.0
[    3.186101] zynqmp-pinctrl firmware:zynqmp-firmware:pinctrl: zynqmp pinctrl initialized
[    3.234037] zynqmp-aes firmware:zynqmp-firmware:zynqmp-aes: will run requests pump with realtime priority
[    3.249786] alg: No test for xilinx-keccak-384 (zynqmp-keccak-384)
[    3.250491] alg: No test for xilinx-zynqmp-rsa (zynqmp-rsa)
[    3.256004] usbcore: registered new interface driver usbhid
[    3.261395] usbhid: USB HID core driver
[    3.272638] axi_sysid 85000000.axi-sysid-0: AXI System ID core version (1.01.a) found
[    3.274984] axi_sysid 85000000.axi-sysid-0: [ad9081_fmca_ebz] on [zcu102] git branch <master> git <084d44c9780640ca93fd847b1d9ec70dd65f5c67> clean [2022-03-18 04:17:50] UTC
[    3.290671] fpga_manager fpga0: Xilinx ZynqMP FPGA Manager registered
[    3.297029] usbcore: registered new interface driver snd-usb-audio
[    3.304479] pktgen: Packet Generator for packet performance testing. Version: 2.75
[    3.310660] Initializing XFRM netlink socket
[    3.314514] NET: Registered protocol family 10
[    3.319228] Segment Routing with IPv6
[    3.322614] sit: IPv6, IPv4 and MPLS over IPv4 tunneling driver
[    3.328681] NET: Registered protocol family 17
[    3.332788] NET: Registered protocol family 15
[    3.337281] can: controller area network core
[    3.341537] NET: Registered protocol family 29
[    3.345926] can: raw protocol
[    3.348862] can: broadcast manager protocol
[    3.353017] can: netlink gateway - max_hops=1
[    3.357413] Bluetooth: RFCOMM TTY layer initialized
[    3.362190] Bluetooth: RFCOMM socket layer initialized
[    3.367302] Bluetooth: RFCOMM ver 1.11
[    3.371009] Bluetooth: BNEP (Ethernet Emulation) ver 1.3
[    3.376280] Bluetooth: BNEP filters: protocol multicast
[    3.381474] Bluetooth: BNEP socket layer initialized
[    3.386401] Bluetooth: HIDP (Human Interface Emulation) ver 1.2
[    3.392285] Bluetooth: HIDP socket layer initialized
[    3.397342] 9pnet: Installing 9P2000 support
[    3.401462] NET: Registered protocol family 36
[    3.405880] Key type dns_resolver registered
[    3.410312] registered taskstats version 1
[    3.414175] Loading compiled-in X.509 certificates
[    3.419286] Btrfs loaded, crc32c=crc32c-generic
[    3.431688] ff000000.serial: ttyPS0 at MMIO 0xff000000 (irq = 49, base_baud = 6249999) is a xuartps
[    3.440710] printk: console [ttyPS0] enabled
[    3.445005] printk: bootconsole [cdns0] disabled
[    3.454633] ff010000.serial: ttyPS1 at MMIO 0xff010000 (irq = 50, base_baud = 6249999) is a xuartps
[    3.467898] of-fpga-region fpga-full: FPGA Region probed
[    3.474841] nwl-pcie fd0e0000.pcie: host bridge /axi/pcie@fd0e0000 ranges:
[    3.481733] nwl-pcie fd0e0000.pcie:      MEM 0x00e0000000..0x00efffffff -> 0x00e0000000
[    3.489742] nwl-pcie fd0e0000.pcie:      MEM 0x0600000000..0x07ffffffff -> 0x0600000000
[    3.497806] nwl-pcie fd0e0000.pcie: Link is DOWN
[    3.502565] nwl-pcie fd0e0000.pcie: PCI host bridge to bus 0000:00
[    3.508742] pci_bus 0000:00: root bus resource [bus 00-ff]
[    3.514223] pci_bus 0000:00: root bus resource [mem 0xe0000000-0xefffffff]
[    3.521093] pci_bus 0000:00: root bus resource [mem 0x600000000-0x7ffffffff pref]
[    3.528597] pci 0000:00:00.0: [10ee:d021] type 01 class 0x060400
[    3.534653] pci 0000:00:00.0: PME# supported from D0 D1 D2 D3hot
[    3.545104] pci 0000:00:00.0: PCI bridge to [bus 01-0c]
[    3.551081] xilinx-zynqmp-dma fd500000.dma: ZynqMP DMA driver Probe success
[    3.558260] xilinx-zynqmp-dma fd510000.dma: ZynqMP DMA driver Probe success
[    3.565433] xilinx-zynqmp-dma fd520000.dma: ZynqMP DMA driver Probe success
[    3.572603] xilinx-zynqmp-dma fd530000.dma: ZynqMP DMA driver Probe success
[    3.579776] xilinx-zynqmp-dma fd540000.dma: ZynqMP DMA driver Probe success
[    3.586946] xilinx-zynqmp-dma fd550000.dma: ZynqMP DMA driver Probe success
[    3.594119] xilinx-zynqmp-dma fd560000.dma: ZynqMP DMA driver Probe success
[    3.601289] xilinx-zynqmp-dma fd570000.dma: ZynqMP DMA driver Probe success
[    3.608687] xilinx-zynqmp-dpdma fd4c0000.dma-controller: Xilinx DPDMA engine is probed
[    3.617243] ahci-ceva fd0c0000.ahci: supply ahci not found, using dummy regulator
[    3.624788] ahci-ceva fd0c0000.ahci: supply phy not found, using dummy regulator
[    3.715917] hmc7044 spi2.0: PLL1: Acquisition, CLKIN0 @ 122880000 Hz, PFD: 80 kHz - PLL2: Locked @ 2496.000000 MHz
[    3.726630] jesd204: /axi/spi@ff050000/hmc7044@0,jesd204:1,parent=spi2.0: Using as SYSREF provider
[    3.736208] spi-nor spi0.0: SPI-NOR-UniqueID 100000235394732200270025081115266e
[    3.743518] spi-nor spi0.0: found n25q512a, expected m25p80
[    3.749723] spi-nor spi0.0: trying to lock already unlocked area
[    3.755729] spi-nor spi0.0: n25q512a (131072 Kbytes)
[    3.760707] 4 fixed-partitions partitions found on MTD device spi0.0
[    3.767052] Creating 4 MTD partitions on "spi0.0":
[    3.771838] 0x000000000000-0x000000100000 : "qspi-fsbl-uboot"
[    3.778327] 0x000000100000-0x000000600000 : "qspi-linux"
[    3.784286] 0x000000600000-0x000000620000 : "qspi-device-tree"
[    3.790762] 0x000000620000-0x000000c00000 : "qspi-rootfs"
[    3.799232] macb ff0e0000.ethernet: Not enabling partial store and forward
[    3.806754] libphy: MACB_mii_bus: probed
[    3.811829] macb ff0e0000.ethernet eth0: Cadence GEM rev 0x50070106 at 0xff0e0000 irq 30 (00:0a:35:04:8e:1b)
[    3.822041] xilinx-axipmon ffa00000.perf-monitor: Probed Xilinx APM
[    3.828611] xilinx-axipmon fd0b0000.perf-monitor: Probed Xilinx APM
[    3.835126] xilinx-axipmon fd490000.perf-monitor: Probed Xilinx APM
[    3.841668] xilinx-axipmon ffa10000.perf-monitor: Probed Xilinx APM
[    3.851663] pca953x 0-0020: supply vcc not found, using dummy regulator
[    3.858347] pca953x 0-0020: using no AI
[    3.862834] gpio-496 (sel0): hogged as output/low
[    3.867732] gpio-497 (sel1): hogged as output/high
[    3.872725] gpio-498 (sel2): hogged as output/high
[    3.877709] gpio-499 (sel3): hogged as output/high
[    3.882894] pca953x 0-0021: supply vcc not found, using dummy regulator
[    3.889564] pca953x 0-0021: using no AI
[    3.895321] ina2xx 2-0040: power monitor ina226 (Rshunt = 5000 uOhm)
[    3.902351] ina2xx 2-0041: power monitor ina226 (Rshunt = 5000 uOhm)
[    3.909386] ina2xx 2-0042: power monitor ina226 (Rshunt = 5000 uOhm)
[    3.916425] ina2xx 2-0043: power monitor ina226 (Rshunt = 5000 uOhm)
[    3.923448] ina2xx 2-0044: power monitor ina226 (Rshunt = 5000 uOhm)
[    3.930470] ina2xx 2-0045: power monitor ina226 (Rshunt = 5000 uOhm)
[    3.937502] ina2xx 2-0046: power monitor ina226 (Rshunt = 5000 uOhm)
[    3.944578] ina2xx 2-0047: power monitor ina226 (Rshunt = 5000 uOhm)
[    3.951610] ina2xx 2-004a: power monitor ina226 (Rshunt = 5000 uOhm)
[    3.958645] ina2xx 2-004b: power monitor ina226 (Rshunt = 5000 uOhm)
[    3.965054] i2c i2c-0: Added multiplexed i2c bus 2
[    3.970438] random: fast init done
[    3.973911] ina2xx 3-0040: power monitor ina226 (Rshunt = 2000 uOhm)
[    3.980940] ina2xx 3-0041: power monitor ina226 (Rshunt = 5000 uOhm)
[    3.987973] ina2xx 3-0042: power monitor ina226 (Rshunt = 5000 uOhm)
[    3.995001] ina2xx 3-0043: power monitor ina226 (Rshunt = 5000 uOhm)
[    4.002030] ina2xx 3-0044: power monitor ina226 (Rshunt = 5000 uOhm)
[    4.009059] ina2xx 3-0045: power monitor ina226 (Rshunt = 5000 uOhm)
[    4.016089] ina2xx 3-0046: power monitor ina226 (Rshunt = 5000 uOhm)
[    4.023119] ina2xx 3-0047: power monitor ina226 (Rshunt = 5000 uOhm)
[    4.029520] i2c i2c-0: Added multiplexed i2c bus 3
[    4.085071] i2c i2c-0: Added multiplexed i2c bus 4
[    4.090010] i2c i2c-0: Added multiplexed i2c bus 5
[    4.094798] pca954x 0-0075: registered 4 multiplexed busses for I2C mux pca9544
[    4.102148] cdns-i2c ff020000.i2c: 400 kHz mmio ff020000 irq 32
[    4.109883] at24 6-0054: supply vcc not found, using dummy regulator
[    4.116781] at24 6-0054: 1024 byte 24c08 EEPROM, writable, 1 bytes/write
[    4.123525] i2c i2c-1: Added multiplexed i2c bus 6
[    4.129957] si5341 7-0036: Chip: 5341 Grade: 1 Rev: 1
[    4.167653] i2c i2c-1: Added multiplexed i2c bus 7
[    4.175308] si570 8-005d: registered, current frequency 300000000 Hz
[    4.181708] i2c i2c-1: Added multiplexed i2c bus 8
[    4.201486] si570 9-005d: registered, current frequency 148500000 Hz
[    4.207888] i2c i2c-1: Added multiplexed i2c bus 9
[    4.212923] si5324 10-0069: si5328 probed
[    4.280114] si5324 10-0069: si5328 probe successful
[    4.285046] i2c i2c-1: Added multiplexed i2c bus 10
[    4.290073] i2c i2c-1: Added multiplexed i2c bus 11
[    4.295102] i2c i2c-1: Added multiplexed i2c bus 12
[    4.300123] i2c i2c-1: Added multiplexed i2c bus 13
[    4.305001] pca954x 1-0074: registered 8 multiplexed busses for I2C switch pca9548
[    4.313107] at24 14-0050: supply vcc not found, using dummy regulator
[    4.319895] at24 14-0050: 256 byte 24c02 EEPROM, writable, 1 bytes/write
[    4.326646] i2c i2c-1: Added multiplexed i2c bus 14
[    4.331686] i2c i2c-1: Added multiplexed i2c bus 15
[    4.336718] i2c i2c-1: Added multiplexed i2c bus 16
[    4.341754] i2c i2c-1: Added multiplexed i2c bus 17
[    4.346786] i2c i2c-1: Added multiplexed i2c bus 18
[    4.351835] i2c i2c-1: Added multiplexed i2c bus 19
[    4.356864] i2c i2c-1: Added multiplexed i2c bus 20
[    4.361904] i2c i2c-1: Added multiplexed i2c bus 21
[    4.366776] pca954x 1-0075: registered 8 multiplexed busses for I2C switch pca9548
[    4.374385] cdns-i2c ff030000.i2c: 400 kHz mmio ff030000 irq 33
[    4.384137] cdns-wdt fd4d0000.watchdog: Xilinx Watchdog Timer with timeout 60s
[    4.395085] axi_adxcvr 84a60000.axi-adxcvr-rx: AXI-ADXCVR-RX (17.05.a) using CPLL on GTH4 at 0x84A60000. Number of lanes: 4.
[    4.407249] axi_adxcvr 84b60000.axi-adxcvr-tx: AXI-ADXCVR-TX (17.05.a) using QPLL on GTH4 at 0x84B60000. Number of lanes: 4.
[    4.418882] axi-jesd204-rx 84a90000.axi-jesd204-rx: AXI-JESD204-RX (1.07.a) at 0x84A90000. Encoder 8b10b, width 4/4, lanes 4, jesd204-fsm.
[    4.426163] mmc0: SDHCI controller on ff170000.mmc [ff170000.mmc] using ADMA 64-bit
[    4.431722] axi-jesd204-tx 84b90000.axi-jesd204-tx: AXI-JESD204-TX (1.06.a) at 0x84B90000. Encoder 8b10b, width 4/4, lanes 4, jesd204-fsm.
[    4.452460] zynqmp-display fd4a0000.display: vtc bridge property not present
[    4.462109] xilinx-dp-snd-codec fd4a0000.display:zynqmp_dp_snd_codec0: Failed to get required clock freq
[    4.471615] xilinx-dp-snd-codec: probe of fd4a0000.display:zynqmp_dp_snd_codec0 failed with error -22
[    4.473530] mmc0: new high speed SDHC card at address 0001
[    4.481155] xilinx-dp-snd-pcm zynqmp_dp_snd_pcm0: Xilinx DisplayPort Sound PCM probed
[    4.486666] mmcblk0: mmc0:0001 EB1QT 29.8 GiB 
[    4.494472] xilinx-dp-snd-pcm zynqmp_dp_snd_pcm1: Xilinx DisplayPort Sound PCM probed
[    4.499816]  mmcblk0: p1 p2 p3
[    4.506777] OF: graph: no port node found in /axi/display@fd4a0000
[    4.515852] xlnx-drm xlnx-drm.0: bound fd4a0000.display (ops 0xffffffc010fcbdb8)
[    5.599763] zynqmp-display fd4a0000.display: [drm] Cannot find any crtc or sizes
[    5.607383] [drm] Initialized xlnx 1.0.0 20130509 for fd4a0000.display on minor 0
[    5.614876] zynqmp-display fd4a0000.display: ZynqMP DisplayPort Subsystem driver probed
[    5.623198] ahci-ceva fd0c0000.ahci: supply ahci not found, using dummy regulator
[    5.630744] ahci-ceva fd0c0000.ahci: supply phy not found, using dummy regulator
[    5.638198] ahci-ceva fd0c0000.ahci: supply target not found, using dummy regulator
[    5.656091] ahci-ceva fd0c0000.ahci: AHCI 0001.0301 32 slots 2 ports 6 Gbps 0x3 impl platform mode
[    5.665047] ahci-ceva fd0c0000.ahci: flags: 64bit ncq sntf pm clo only pmp fbs pio slum part ccc sds apst 
[    5.675679] scsi host0: ahci-ceva
[    5.679267] scsi host1: ahci-ceva
[    5.682692] ata1: SATA max UDMA/133 mmio [mem 0xfd0c0000-0xfd0c1fff] port 0x100 irq 45
[    5.690604] ata2: SATA max UDMA/133 mmio [mem 0xfd0c0000-0xfd0c1fff] port 0x180 irq 45
[    5.699204] ad9081 spi1.0: supply vdd not found, using dummy regulator
[    6.009965] ata1: SATA link down (SStatus 0 SControl 330)
[    6.015384] ata2: SATA link down (SStatus 0 SControl 330)
[    6.683766] zynqmp-display fd4a0000.display: [drm] Cannot find any crtc or sizes
[    7.520044] ad9081 spi1.0: AD9081 Rev. 2 Grade 10 (API 1.2.2) probed
[    7.527236] xhci-hcd xhci-hcd.1.auto: xHCI Host Controller
[    7.532734] xhci-hcd xhci-hcd.1.auto: new USB bus registered, assigned bus number 1
[    7.540479] xhci-hcd xhci-hcd.1.auto: hcc params 0x0238f625 hci version 0x100 quirks 0x0000000002010810
[    7.549898] xhci-hcd xhci-hcd.1.auto: irq 59, io mem 0xfe200000
[    7.556014] usb usb1: New USB device found, idVendor=1d6b, idProduct=0002, bcdDevice= 5.10
[    7.564272] usb usb1: New USB device strings: Mfr=3, Product=2, SerialNumber=1
[    7.571490] usb usb1: Product: xHCI Host Controller
[    7.576358] usb usb1: Manufacturer: Linux 5.10.0-98103-g2aa7ac113716 xhci-hcd
[    7.583483] usb usb1: SerialNumber: xhci-hcd.1.auto
[    7.588650] hub 1-0:1.0: USB hub found
[    7.592414] hub 1-0:1.0: 1 port detected
[    7.596515] xhci-hcd xhci-hcd.1.auto: xHCI Host Controller
[    7.602004] xhci-hcd xhci-hcd.1.auto: new USB bus registered, assigned bus number 2
[    7.609661] xhci-hcd xhci-hcd.1.auto: Host supports USB 3.0 SuperSpeed
[    7.616281] usb usb2: New USB device found, idVendor=1d6b, idProduct=0003, bcdDevice= 5.10
[    7.624544] usb usb2: New USB device strings: Mfr=3, Product=2, SerialNumber=1
[    7.631764] usb usb2: Product: xHCI Host Controller
[    7.636632] usb usb2: Manufacturer: Linux 5.10.0-98103-g2aa7ac113716 xhci-hcd
[    7.643757] usb usb2: SerialNumber: xhci-hcd.1.auto
[    7.648863] hub 2-0:1.0: USB hub found
[    7.652620] hub 2-0:1.0: 1 port detected
[    7.682734] cf_axi_adc 84a10000.axi-ad9081-rx-hpc: ADI AIM (10.01.b) at 0x84A10000 mapped to 0x(____ptrval____), probed ADC AD9081 as MASTER
[    7.716591] cf_axi_dds 84b10000.axi-ad9081-tx-hpc: Analog Devices CF_AXI_DDS_DDS MASTER (9.01.b) at 0x84B10000 mapped to 0x(____ptrval____), probed DDS AD9081
[    7.730790] jesd204: /axi/spi@ff040000/ad9081@0,jesd204:0,parent=spi1.0: JESD204[2] transition initialized -> probed
[    7.741313] jesd204: /axi/spi@ff040000/ad9081@0,jesd204:0,parent=spi1.0: JESD204[0] transition initialized -> probed
[    7.751835] jesd204: /axi/spi@ff040000/ad9081@0,jesd204:0,parent=spi1.0: JESD204[2] transition probed -> idle
[    7.761743] jesd204: /axi/spi@ff040000/ad9081@0,jesd204:0,parent=spi1.0: JESD204[0] transition probed -> idle
[    7.771658] jesd204: /axi/spi@ff040000/ad9081@0,jesd204:0,parent=spi1.0: JESD204[2] transition idle -> device_init
[    7.782000] jesd204: /axi/spi@ff040000/ad9081@0,jesd204:0,parent=spi1.0: JESD204[0] transition idle -> device_init
[    7.792356] jesd204: /axi/spi@ff040000/ad9081@0,jesd204:0,parent=spi1.0: JESD204[2] transition device_init -> link_init
[    7.803137] jesd204: /axi/spi@ff040000/ad9081@0,jesd204:0,parent=spi1.0: JESD204[0] transition device_init -> link_init
[    7.813929] jesd204: /axi/spi@ff040000/ad9081@0,jesd204:0,parent=spi1.0: JESD204[2] transition link_init -> link_supported
[    7.824968] jesd204: /axi/spi@ff040000/ad9081@0,jesd204:0,parent=spi1.0: JESD204[0] transition link_init -> link_supported
[    7.836379] hmc7044 spi2.0: hmc7044_jesd204_link_pre_setup: Link2 forcing continuous SYSREF mode
[    7.845559] jesd204: /axi/spi@ff040000/ad9081@0,jesd204:0,parent=spi1.0: JESD204[2] transition link_supported -> link_pre_setup
[    7.857033] jesd204: /axi/spi@ff040000/ad9081@0,jesd204:0,parent=spi1.0: JESD204[0] transition link_supported -> link_pre_setup
[    7.880876] jesd204: /axi/spi@ff040000/ad9081@0,jesd204:0,parent=spi1.0: JESD204[2] transition link_pre_setup -> clk_sync_stage1
[    7.892437] jesd204: /axi/spi@ff040000/ad9081@0,jesd204:0,parent=spi1.0: JESD204[0] transition link_pre_setup -> clk_sync_stage1
[    7.904010] jesd204: /axi/spi@ff040000/ad9081@0,jesd204:0,parent=spi1.0: JESD204[2] transition clk_sync_stage1 -> clk_sync_stage2
[    7.915656] jesd204: /axi/spi@ff040000/ad9081@0,jesd204:0,parent=spi1.0: JESD204[0] transition clk_sync_stage1 -> clk_sync_stage2
[    7.927308] jesd204: /axi/spi@ff040000/ad9081@0,jesd204:0,parent=spi1.0: JESD204[2] transition clk_sync_stage2 -> clk_sync_stage3
[    7.938951] jesd204: /axi/spi@ff040000/ad9081@0,jesd204:0,parent=spi1.0: JESD204[0] transition clk_sync_stage2 -> clk_sync_stage3
[    7.952624] jesd204: /axi/spi@ff040000/ad9081@0,jesd204:0,parent=spi1.0: JESD204[2] transition clk_sync_stage3 -> link_setup
[    7.963839] jesd204: /axi/spi@ff040000/ad9081@0,jesd204:0,parent=spi1.0: JESD204[0] transition clk_sync_stage3 -> link_setup
[    7.980004] jesd204: /axi/spi@ff040000/ad9081@0,jesd204:0,parent=spi1.0: JESD204[2] transition link_setup -> opt_setup_stage1
[    7.991304] jesd204: /axi/spi@ff040000/ad9081@0,jesd204:0,parent=spi1.0: JESD204[0] transition link_setup -> opt_setup_stage1
[    8.007644] jesd204: /axi/spi@ff040000/ad9081@0,jesd204:0,parent=spi1.0: JESD204[2] transition opt_setup_stage1 -> opt_setup_stage2
[    8.019470] jesd204: /axi/spi@ff040000/ad9081@0,jesd204:0,parent=spi1.0: JESD204[0] transition opt_setup_stage1 -> opt_setup_stage2
[    8.031443] jesd204: /axi/spi@ff040000/ad9081@0,jesd204:0,parent=spi1.0: JESD204[2] transition opt_setup_stage2 -> opt_setup_stage3
[    8.043263] jesd204: /axi/spi@ff040000/ad9081@0,jesd204:0,parent=spi1.0: JESD204[0] transition opt_setup_stage2 -> opt_setup_stage3
[    8.055086] jesd204: /axi/spi@ff040000/ad9081@0,jesd204:0,parent=spi1.0: JESD204[2] transition opt_setup_stage3 -> opt_setup_stage4
[    8.066909] jesd204: /axi/spi@ff040000/ad9081@0,jesd204:0,parent=spi1.0: JESD204[0] transition opt_setup_stage3 -> opt_setup_stage4
[    8.078734] jesd204: /axi/spi@ff040000/ad9081@0,jesd204:0,parent=spi1.0: JESD204[2] transition opt_setup_stage4 -> opt_setup_stage5
[    8.090558] jesd204: /axi/spi@ff040000/ad9081@0,jesd204:0,parent=spi1.0: JESD204[0] transition opt_setup_stage4 -> opt_setup_stage5
[    8.106488] jesd204: /axi/spi@ff040000/ad9081@0,jesd204:0,parent=spi1.0: JESD204[2] transition opt_setup_stage5 -> clocks_enable
[    8.118049] jesd204: /axi/spi@ff040000/ad9081@0,jesd204:0,parent=spi1.0: JESD204[0] transition opt_setup_stage5 -> clocks_enable
[    8.152817] axi_adxcvr 84a60000.axi-adxcvr-rx: adxcvr_clk_enable: CPLL RX buffer underflow error, status: 0x61
[    8.162800] axi_adxcvr 84a60000.axi-adxcvr-rx: adxcvr_clk_enable: CPLL RX buffer overflow error, status: 0x61
[    8.172781] jesd204: /axi/spi@ff040000/ad9081@0,jesd204:0,parent=spi1.0: JESD204[2] transition clocks_enable -> link_enable
[    8.183912] jesd204: /axi/spi@ff040000/ad9081@0,jesd204:0,parent=spi1.0: JESD204[0] transition clocks_enable -> link_enable
[    8.215991] ad9081 spi1.0: JESD RX (JTX) Link2 in DATA, SYNC deasserted, PLL locked, PHASE established, MODE valid
[    8.226602] ad9081 spi1.0: JESD TX (JRX) Link0 0xF lanes in DATA
[    8.232607] jesd204: /axi/spi@ff040000/ad9081@0,jesd204:0,parent=spi1.0: JESD204[2] transition link_enable -> link_running
[    8.243646] jesd204: /axi/spi@ff040000/ad9081@0,jesd204:0,parent=spi1.0: JESD204[0] transition link_enable -> link_running
[    8.254692] jesd204: /axi/spi@ff040000/ad9081@0,jesd204:0,parent=spi1.0: JESD204[2] transition link_running -> opt_post_running_stage
[    8.266682] jesd204: /axi/spi@ff040000/ad9081@0,jesd204:0,parent=spi1.0: JESD204[0] transition link_running -> opt_post_running_stage
[    8.287979] input: gpio-keys as /devices/platform/gpio-keys/input/input0
[    8.295003] of_cfs_init
[    8.297462] of_cfs_init: OK
[    8.300403] cfg80211: Loading compiled-in X.509 certificates for regulatory database
[    8.424768] random: crng init done
[    8.438757] cfg80211: Loaded X.509 cert 'sforshee: 00b28ddf47aef9cea7'
[    8.445288] clk: Not disabling unused clocks
[    8.449813] ALSA device list:
[    8.452777]   No soundcards found.
[    8.456452] platform regulatory.0: Direct firmware load for regulatory.db failed with error -2
[    8.465066] cfg80211: failed to load regulatory.db
[    8.483871] EXT4-fs (mmcblk0p2): mounted filesystem with ordered data mode. Opts: (null)
[    8.491979] VFS: Mounted root (ext4 filesystem) on device 179:2.
[    8.505001] devtmpfs: mounted
[    8.508864] Freeing unused kernel memory: 2560K
[    8.523796] Run /sbin/init as init process
[    8.527887]   with arguments:
[    8.527890]     /sbin/init
[    8.527892]   with environment:
[    8.527894]     HOME=/
[    8.527897]     TERM=linux
[    9.093693] systemd[1]: systemd 241 running in system mode. (+PAM +AUDIT +SELINUX +IMA +APPARMOR +SMACK +SYSVINIT +UTMP +LIBCRYPTSETUP +GCRYPT +GNUTLS +ACL +XZ +LZ4 +SECCOMP +BLKID +ELFUTILS +KMOD -IDN2 +IDN -PCRE2 default-hierarchy=hybrid)
[    9.115598] systemd[1]: Detected architecture arm64.
[    9.140588] systemd[1]: Set hostname to <analog>.
[    9.334974] systemd[1]: File /lib/systemd/system/systemd-journald.service:12 configures an IP firewall (IPAddressDeny=any), but the local system does not support BPF/cgroup based firewalling.
[    9.352029] systemd[1]: Proceeding WITHOUT firewalling in effect! (This warning is only shown for the first loaded unit using IP firewalling.)
[    9.515804] systemd[1]: /etc/systemd/system/tof-server.service:1: Assignment outside of section. Ignoring.
[    9.525484] systemd[1]: /etc/systemd/system/tof-server.service:2: Assignment outside of section. Ignoring.
[    9.717442] systemd[1]: Condition check resulted in Arbitrary Executable File Formats File System Automount Point being skipped.
[    9.729496] systemd[1]: Created slice User and Session Slice.
[    9.751833] systemd[1]: Reached target Swap.
[   10.635957] EXT4-fs (mmcblk0p2): re-mounted. Opts: (null)
[   10.840569] systemd-journald[147]: Received request to flush runtime journal from PID 1
[   19.765426] macb ff0e0000.ethernet eth0: PHY [ff0e0000.ethernet-ffffffff:0c] driver [TI DP83867] (irq=POLL)
[   19.765439] macb ff0e0000.ethernet eth0: configuring for phy/rgmii-id link mode
[   20.035788] Adding 79868k swap on /var/swap.  Priority:-2 extents:1 across:79868k SS
[   22.692436] broken atomic modeset userspace detected, disabling atomic
[   23.841377] macb ff0e0000.ethernet eth0: Link is Up - 1Gbps/Full - flow control off
[   23.841402] IPv6: ADDRCONF(NETDEV_CHANGE): eth0: link becomes ready
[   25.367519] broken atomic modeset userspace detected, disabling atomic
[   28.390035] broken atomic modeset userspace detected, disabling atomic
[   31.035420] broken atomic modeset userspace detected, disabling atomic