[    0.000000] Booting Linux on physical CPU 0x0000000000 [0x410fd034]
[    0.000000] Linux version 5.10.0-98103-g2aa7ac113716 (jenkins@romlxbuild1.adlk.analog.com) (aarch64-xilinx-linux-gcc.real (GCC) 10.2.0, GNU ld (GNU Binutils) 2.35.0.20200730) #5577 SMP Wed Mar 23 07:28:49 GMT 2022
[    0.000000] Machine model: ZynqMP ZCU102 Rev1.0
[    0.000000] earlycon: cdns0 at MMIO 0x00000000ff000000 (options '115200n8')
[    0.000000] printk: bootconsole [cdns0] enabled
[    0.000000] efi: UEFI not found.
[    0.000000] cma: Reserved 256 MiB at 0x0000000070000000
[    0.000000] Zone ranges:
[    0.000000]   DMA      [mem 0x0000000000000000-0x000000003fffffff]
[    0.000000]   DMA32    [mem 0x0000000040000000-0x00000000ffffffff]
[    0.000000]   Normal   [mem 0x0000000100000000-0x000000087fffffff]
[    0.000000] Movable zone start for each node
[    0.000000] Early memory node ranges
[    0.000000]   node   0: [mem 0x0000000000000000-0x000000007fffffff]
[    0.000000]   node   0: [mem 0x0000000800000000-0x000000087fffffff]
[    0.000000] Initmem setup node 0 [mem 0x0000000000000000-0x000000087fffffff]
[    0.000000] On node 0 totalpages: 1048576
[    0.000000]   DMA zone: 3584 pages used for memmap
[    0.000000]   DMA zone: 0 pages reserved
[    0.000000]   DMA zone: 262144 pages, LIFO batch:63
[    0.000000]   DMA32 zone: 3584 pages used for memmap
[    0.000000]   DMA32 zone: 262144 pages, LIFO batch:63
[    0.000000]   Normal zone: 7168 pages used for memmap
[    0.000000]   Normal zone: 524288 pages, LIFO batch:63
[    0.000000] psci: probing for conduit method from DT.
[    0.000000] psci: PSCIv1.1 detected in firmware.
[    0.000000] psci: Using standard PSCI v0.2 function IDs
[    0.000000] psci: MIGRATE_INFO_TYPE not supported.
[    0.000000] psci: SMC Calling Convention v1.2
[    0.000000] percpu: Embedded 22 pages/cpu s49496 r8192 d32424 u90112
[    0.000000] pcpu-alloc: s49496 r8192 d32424 u90112 alloc=22*4096
[    0.000000] pcpu-alloc: [0] 0 [0] 1 [0] 2 [0] 3 
[    0.000000] Detected VIPT I-cache on CPU0
[    0.000000] CPU features: detected: ARM erratum 845719
[    0.000000] Built 1 zonelists, mobility grouping on.  Total pages: 1034240
[    0.000000] Kernel command line: console=ttyPS0,115200 root=/dev/mmcblk0p2 rw earlycon rootfstype=ext4 rootwait clk_ignore_unused cpuidle.off=1 root=/dev/mmcblk0p2 rw rootwait
[    0.000000] Dentry cache hash table entries: 524288 (order: 10, 4194304 bytes, linear)
[    0.000000] Inode-cache hash table entries: 262144 (order: 9, 2097152 bytes, linear)
[    0.000000] mem auto-init: stack:off, heap alloc:off, heap free:off
[    0.000000] software IO TLB: mapped [mem 0x000000003bfff000-0x000000003ffff000] (64MB)
[    0.000000] Memory: 3761904K/4194304K available (15296K kernel code, 1636K rwdata, 11876K rodata, 2560K init, 507K bss, 170256K reserved, 262144K cma-reserved)
[    0.000000] rcu: Hierarchical RCU implementation.
[    0.000000] rcu: 	RCU event tracing is enabled.
[    0.000000] rcu: 	RCU restricting CPUs from NR_CPUS=8 to nr_cpu_ids=4.
[    0.000000] rcu: RCU calculated value of scheduler-enlistment delay is 25 jiffies.
[    0.000000] rcu: Adjusting geometry for rcu_fanout_leaf=16, nr_cpu_ids=4
[    0.000000] NR_IRQS: 64, nr_irqs: 64, preallocated irqs: 0
[    0.000000] GIC: Adjusting CPU interface base to 0x00000000f902f000
[    0.000000] GIC: Using split EOI/Deactivate mode
[    0.000000] random: get_random_bytes called from start_kernel+0x31c/0x54c with crng_init=0
[    0.000000] arch_timer: cp15 timer(s) running at 100.00MHz (phys).
[    0.000000] clocksource: arch_sys_counter: mask: 0xffffffffffffff max_cycles: 0x171024e7e0, max_idle_ns: 440795205315 ns
[    0.000003] sched_clock: 56 bits at 100MHz, resolution 10ns, wraps every 4398046511100ns
[    0.008464] Console: colour dummy device 80x25
[    0.012483] Calibrating delay loop (skipped), value calculated using timer frequency.. 200.00 BogoMIPS (lpj=400000)
[    0.022841] pid_max: default: 32768 minimum: 301
[    0.027551] Mount-cache hash table entries: 8192 (order: 4, 65536 bytes, linear)
[    0.034788] Mountpoint-cache hash table entries: 8192 (order: 4, 65536 bytes, linear)
[    0.043398] rcu: Hierarchical SRCU implementation.
[    0.047560] EFI services will not be available.
[    0.051938] smp: Bringing up secondary CPUs ...
[    0.056656] Detected VIPT I-cache on CPU1
[    0.056695] CPU1: Booted secondary processor 0x0000000001 [0x410fd034]
[    0.057058] Detected VIPT I-cache on CPU2
[    0.057082] CPU2: Booted secondary processor 0x0000000002 [0x410fd034]
[    0.057422] Detected VIPT I-cache on CPU3
[    0.057445] CPU3: Booted secondary processor 0x0000000003 [0x410fd034]
[    0.057492] smp: Brought up 1 node, 4 CPUs
[    0.091780] SMP: Total of 4 processors activated.
[    0.096452] CPU features: detected: 32-bit EL0 Support
[    0.101556] CPU features: detected: CRC32 instructions
[    0.106697] CPU: All CPU(s) started at EL2
[    0.110736] alternatives: patching kernel code
[    0.116168] devtmpfs: initialized
[    0.124071] Registered cp15_barrier emulation handler
[    0.124121] Registered setend emulation handler
[    0.128101] clocksource: jiffies: mask: 0xffffffff max_cycles: 0xffffffff, max_idle_ns: 7645041785100000 ns
[    0.137679] futex hash table entries: 1024 (order: 4, 65536 bytes, linear)
[    0.151034] pinctrl core: initialized pinctrl subsystem
[    0.151680] NET: Registered protocol family 16
[    0.156101] DMA: preallocated 512 KiB GFP_KERNEL pool for atomic allocations
[    0.162116] DMA: preallocated 512 KiB GFP_KERNEL|GFP_DMA pool for atomic allocations
[    0.169842] DMA: preallocated 512 KiB GFP_KERNEL|GFP_DMA32 pool for atomic allocations
[    0.177645] audit: initializing netlink subsys (disabled)
[    0.183098] audit: type=2000 audit(0.116:1): state=initialized audit_enabled=0 res=1
[    0.183441] hw-breakpoint: found 6 breakpoint and 4 watchpoint registers.
[    0.197472] ASID allocator initialised with 65536 entries
[    0.224375] HugeTLB registered 1.00 GiB page size, pre-allocated 0 pages
[    0.225429] HugeTLB registered 32.0 MiB page size, pre-allocated 0 pages
[    0.232100] HugeTLB registered 2.00 MiB page size, pre-allocated 0 pages
[    0.238763] HugeTLB registered 64.0 KiB page size, pre-allocated 0 pages
[    1.304331] DRBG: Continuing without Jitter RNG
[    1.382162] raid6: neonx8   gen()  2136 MB/s
[    1.450207] raid6: neonx8   xor()  1598 MB/s
[    1.518270] raid6: neonx4   gen()  2195 MB/s
[    1.586321] raid6: neonx4   xor()  1565 MB/s
[    1.654386] raid6: neonx2   gen()  2076 MB/s
[    1.722432] raid6: neonx2   xor()  1439 MB/s
[    1.790506] raid6: neonx1   gen()  1772 MB/s
[    1.858545] raid6: neonx1   xor()  1220 MB/s
[    1.926603] raid6: int64x8  gen()  1438 MB/s
[    1.994660] raid6: int64x8  xor()   771 MB/s
[    2.062731] raid6: int64x4  gen()  1599 MB/s
[    2.130776] raid6: int64x4  xor()   819 MB/s
[    2.198854] raid6: int64x2  gen()  1397 MB/s
[    2.266901] raid6: int64x2  xor()   746 MB/s
[    2.334965] raid6: int64x1  gen()  1033 MB/s
[    2.403034] raid6: int64x1  xor()   517 MB/s
[    2.403073] raid6: using algorithm neonx4 gen() 2195 MB/s
[    2.407030] raid6: .... xor() 1565 MB/s, rmw enabled
[    2.411961] raid6: using neon recovery algorithm
[    2.416971] iommu: Default domain type: Translated 
[    2.421586] SCSI subsystem initialized
[    2.425130] libata version 3.00 loaded.
[    2.425254] usbcore: registered new interface driver usbfs
[    2.430587] usbcore: registered new interface driver hub
[    2.435860] usbcore: registered new device driver usb
[    2.440993] mc: Linux media interface: v0.10
[    2.445110] videodev: Linux video capture interface: v2.00
[    2.450600] EDAC MC: Ver: 3.0.0
[    2.454038] zynqmp-ipi-mbox mailbox@ff990400: Registered ZynqMP IPI mbox with TX/RX channels.
[    2.462534] jesd204: created con: id=0, topo=0, link=0, /axi/spi@ff050000/hmc7044@0 <-> /fpga-axi@0/axi-adxcvr-tx@84b60000
[    2.473129] jesd204: created con: id=1, topo=0, link=2, /axi/spi@ff050000/hmc7044@0 <-> /fpga-axi@0/axi-adxcvr-rx@84a60000
[    2.484113] jesd204: created con: id=2, topo=0, link=0, /fpga-axi@0/axi-adxcvr-tx@84b60000 <-> /fpga-axi@0/axi-jesd204-tx@84b90000
[    2.495789] jesd204: created con: id=3, topo=0, link=2, /fpga-axi@0/axi-adxcvr-rx@84a60000 <-> /fpga-axi@0/axi-jesd204-rx@84a90000
[    2.507466] jesd204: created con: id=4, topo=0, link=0, /fpga-axi@0/axi-jesd204-tx@84b90000 <-> /fpga-axi@0/axi-ad9081-tx-hpc@84b10000
[    2.519494] jesd204: created con: id=5, topo=0, link=2, /fpga-axi@0/axi-jesd204-rx@84a90000 <-> /fpga-axi@0/axi-ad9081-rx-hpc@84a10000
[    2.531516] jesd204: created con: id=6, topo=0, link=2, /fpga-axi@0/axi-ad9081-rx-hpc@84a10000 <-> /axi/spi@ff040000/ad9081@0
[    2.542758] jesd204: created con: id=7, topo=0, link=0, /fpga-axi@0/axi-ad9081-tx-hpc@84b10000 <-> /axi/spi@ff040000/ad9081@0
[    2.554008] jesd204: /axi/spi@ff040000/ad9081@0: JESD204[2] transition uninitialized -> initialized
[    2.562994] jesd204: /axi/spi@ff040000/ad9081@0: JESD204[0] transition uninitialized -> initialized
[    2.571986] jesd204: found 8 devices and 1 topologies
[    2.577030] FPGA manager framework
[    2.580509] Advanced Linux Sound Architecture Driver Initialized.
[    2.586801] Bluetooth: Core ver 2.22
[    2.589988] NET: Registered protocol family 31
[    2.594390] Bluetooth: HCI device and connection manager initialized
[    2.600707] Bluetooth: HCI socket layer initialized
[    2.605549] Bluetooth: L2CAP socket layer initialized
[    2.610573] Bluetooth: SCO socket layer initialized
[    2.615759] clocksource: Switched to clocksource arch_sys_counter
[    2.621565] VFS: Disk quotas dquot_6.6.0
[    2.625400] VFS: Dquot-cache hash table entries: 512 (order 0, 4096 bytes)
[    2.636123] NET: Registered protocol family 2
[    2.636846] tcp_listen_portaddr_hash hash table entries: 2048 (order: 3, 32768 bytes, linear)
[    2.645040] TCP established hash table entries: 32768 (order: 6, 262144 bytes, linear)
[    2.653065] TCP bind hash table entries: 32768 (order: 7, 524288 bytes, linear)
[    2.660508] TCP: Hash tables configured (established 32768 bind 32768)
[    2.666687] UDP hash table entries: 2048 (order: 4, 65536 bytes, linear)
[    2.673352] UDP-Lite hash table entries: 2048 (order: 4, 65536 bytes, linear)
[    2.680512] NET: Registered protocol family 1
[    2.684969] RPC: Registered named UNIX socket transport module.
[    2.690588] RPC: Registered udp transport module.
[    2.695254] RPC: Registered tcp transport module.
[    2.699921] RPC: Registered tcp NFSv4.1 backchannel transport module.
[    2.706913] PCI: CLS 0 bytes, default 64
[    2.710617] hw perfevents: no interrupt-affinity property for /pmu, guessing.
[    2.717472] hw perfevents: enabled with armv8_pmuv3 PMU driver, 7 counters available
[    2.725822] Initialise system trusted keyrings
[    2.729501] workingset: timestamp_bits=62 max_order=20 bucket_order=0
[    2.736400] NFS: Registering the id_resolver key type
[    2.740851] Key type id_resolver registered
[    2.744990] Key type id_legacy registered
[    2.748979] nfs4filelayout_init: NFSv4 File Layout Driver Registering...
[    2.755645] jffs2: version 2.2. (NAND) (SUMMARY)  Â© 2001-2006 Red Hat, Inc.
[    2.798701] NET: Registered protocol family 38
[    2.798744] xor: measuring software checksum speed
[    2.806435]    8regs           :  2363 MB/sec
[    2.810104]    32regs          :  2799 MB/sec
[    2.815047]    arm64_neon      :  2380 MB/sec
[    2.815237] xor: using function: 32regs (2799 MB/sec)
[    2.820263] Key type asymmetric registered
[    2.824324] Asymmetric key parser 'x509' registered
[    2.829184] Block layer SCSI generic (bsg) driver version 0.4 loaded (major 248)
[    2.836522] io scheduler mq-deadline registered
[    2.841018] io scheduler kyber registered
[    2.870406] Serial: 8250/16550 driver, 4 ports, IRQ sharing disabled
[    2.875048] cacheinfo: Unable to detect cache hierarchy for CPU 0
[    2.881381] brd: module loaded
[    2.885527] loop: module loaded
[    2.886071] Registered mathworks_ip class
[    2.889412] libphy: Fixed MDIO Bus: probed
[    2.892400] tun: Universal TUN/TAP device driver, 1.6
[    2.896457] CAN device driver interface
[    2.900992] usbcore: registered new interface driver asix
[    2.905588] usbcore: registered new interface driver ax88179_178a
[    2.911622] usbcore: registered new interface driver cdc_ether
[    2.917416] usbcore: registered new interface driver net1080
[    2.923042] usbcore: registered new interface driver cdc_subset
[    2.928923] usbcore: registered new interface driver zaurus
[    2.934466] usbcore: registered new interface driver cdc_ncm
[    2.940869] ehci_hcd: USB 2.0 'Enhanced' Host Controller (EHCI) Driver
[    2.946552] ehci-pci: EHCI PCI platform driver
[    2.951348] usbcore: registered new interface driver uas
[    2.956267] usbcore: registered new interface driver usb-storage
[    2.962255] usbcore: registered new interface driver usbserial_generic
[    2.968706] usbserial: USB Serial support registered for generic
[    2.974679] usbcore: registered new interface driver ftdi_sio
[    2.980382] usbserial: USB Serial support registered for FTDI USB Serial Device
[    2.987658] usbcore: registered new interface driver upd78f0730
[    2.993530] usbserial: USB Serial support registered for upd78f0730
[    3.001188] rtc_zynqmp ffa60000.rtc: registered as rtc0
[    3.004955] rtc_zynqmp ffa60000.rtc: setting system clock to 2022-03-26T01:06:49 UTC (1648256809)
[    3.013817] i2c /dev entries driver
[    3.019124] usbcore: registered new interface driver uvcvideo
[    3.022931] USB Video Class driver (1.1.1)
[    3.028511] Bluetooth: HCI UART driver ver 2.3
[    3.031402] Bluetooth: HCI UART protocol H4 registered
[    3.036511] Bluetooth: HCI UART protocol BCSP registered
[    3.041800] Bluetooth: HCI UART protocol LL registered
[    3.046889] Bluetooth: HCI UART protocol ATH3K registered
[    3.052263] Bluetooth: HCI UART protocol Three-wire (H5) registered
[    3.058518] Bluetooth: HCI UART protocol Intel registered
[    3.063856] Bluetooth: HCI UART protocol QCA registered
[    3.069057] usbcore: registered new interface driver bcm203x
[    3.074678] usbcore: registered new interface driver bpa10x
[    3.080214] usbcore: registered new interface driver bfusb
[    3.085664] usbcore: registered new interface driver btusb
[    3.091127] usbcore: registered new interface driver ath3k
[    3.096611] EDAC MC: ECC not enabled
[    3.100236] EDAC DEVICE0: Giving out device to module zynqmp-ocm-edac controller zynqmp_ocm: DEV ff960000.memory-controller (INTERRUPT)
[    3.112552] sdhci: Secure Digital Host Controller Interface driver
[    3.118338] sdhci: Copyright(c) Pierre Ossman
[    3.122663] sdhci-pltfm: SDHCI platform and OF driver helper
[    3.128717] ledtrig-cpu: registered to indicate activity on CPUs
[    3.134267] SMCCC: SOC_ID: ARCH_SOC_ID not implemented, skipping ....
[    3.140694] zynqmp_firmware_probe Platform Management API v1.1
[    3.146454] zynqmp_firmware_probe Trustzone version v1.0
[    3.185992] zynqmp-pinctrl firmware:zynqmp-firmware:pinctrl: zynqmp pinctrl initialized
[    3.234002] zynqmp-aes firmware:zynqmp-firmware:zynqmp-aes: will run requests pump with realtime priority
[    3.249844] alg: No test for xilinx-keccak-384 (zynqmp-keccak-384)
[    3.250551] alg: No test for xilinx-zynqmp-rsa (zynqmp-rsa)
[    3.256065] usbcore: registered new interface driver usbhid
[    3.261455] usbhid: USB HID core driver
[    3.272697] axi_sysid 85000000.axi-sysid-0: AXI System ID core version (1.01.a) found
[    3.275044] axi_sysid 85000000.axi-sysid-0: [ad9081_fmca_ebz] on [zcu102] git branch <master> git <084d44c9780640ca93fd847b1d9ec70dd65f5c67> clean [2022-03-18 04:17:50] UTC
[    3.290730] fpga_manager fpga0: Xilinx ZynqMP FPGA Manager registered
[    3.297088] usbcore: registered new interface driver snd-usb-audio
[    3.304541] pktgen: Packet Generator for packet performance testing. Version: 2.75
[    3.310719] Initializing XFRM netlink socket
[    3.314572] NET: Registered protocol family 10
[    3.319290] Segment Routing with IPv6
[    3.322673] sit: IPv6, IPv4 and MPLS over IPv4 tunneling driver
[    3.328743] NET: Registered protocol family 17
[    3.332845] NET: Registered protocol family 15
[    3.337344] can: controller area network core
[    3.341597] NET: Registered protocol family 29
[    3.345984] can: raw protocol
[    3.348925] can: broadcast manager protocol
[    3.353076] can: netlink gateway - max_hops=1
[    3.357475] Bluetooth: RFCOMM TTY layer initialized
[    3.362251] Bluetooth: RFCOMM socket layer initialized
[    3.367358] Bluetooth: RFCOMM ver 1.11
[    3.371069] Bluetooth: BNEP (Ethernet Emulation) ver 1.3
[    3.376341] Bluetooth: BNEP filters: protocol multicast
[    3.381534] Bluetooth: BNEP socket layer initialized
[    3.386461] Bluetooth: HIDP (Human Interface Emulation) ver 1.2
[    3.392346] Bluetooth: HIDP socket layer initialized
[    3.397399] 9pnet: Installing 9P2000 support
[    3.401522] NET: Registered protocol family 36
[    3.405940] Key type dns_resolver registered
[    3.410369] registered taskstats version 1
[    3.414235] Loading compiled-in X.509 certificates
[    3.419350] Btrfs loaded, crc32c=crc32c-generic
[    3.431775] ff000000.serial: ttyPS0 at MMIO 0xff000000 (irq = 49, base_baud = 6249999) is a xuartps
[    3.440797] printk: console [ttyPS0] enabled
[    3.445092] printk: bootconsole [cdns0] disabled
[    3.454724] ff010000.serial: ttyPS1 at MMIO 0xff010000 (irq = 50, base_baud = 6249999) is a xuartps
[    3.467972] of-fpga-region fpga-full: FPGA Region probed
[    3.474925] nwl-pcie fd0e0000.pcie: host bridge /axi/pcie@fd0e0000 ranges:
[    3.481820] nwl-pcie fd0e0000.pcie:      MEM 0x00e0000000..0x00efffffff -> 0x00e0000000
[    3.489822] nwl-pcie fd0e0000.pcie:      MEM 0x0600000000..0x07ffffffff -> 0x0600000000
[    3.497883] nwl-pcie fd0e0000.pcie: Link is DOWN
[    3.502641] nwl-pcie fd0e0000.pcie: PCI host bridge to bus 0000:00
[    3.508820] pci_bus 0000:00: root bus resource [bus 00-ff]
[    3.514301] pci_bus 0000:00: root bus resource [mem 0xe0000000-0xefffffff]
[    3.521171] pci_bus 0000:00: root bus resource [mem 0x600000000-0x7ffffffff pref]
[    3.528674] pci 0000:00:00.0: [10ee:d021] type 01 class 0x060400
[    3.534731] pci 0000:00:00.0: PME# supported from D0 D1 D2 D3hot
[    3.545180] pci 0000:00:00.0: PCI bridge to [bus 01-0c]
[    3.551156] xilinx-zynqmp-dma fd500000.dma: ZynqMP DMA driver Probe success
[    3.558328] xilinx-zynqmp-dma fd510000.dma: ZynqMP DMA driver Probe success
[    3.565511] xilinx-zynqmp-dma fd520000.dma: ZynqMP DMA driver Probe success
[    3.572684] xilinx-zynqmp-dma fd530000.dma: ZynqMP DMA driver Probe success
[    3.579860] xilinx-zynqmp-dma fd540000.dma: ZynqMP DMA driver Probe success
[    3.587027] xilinx-zynqmp-dma fd550000.dma: ZynqMP DMA driver Probe success
[    3.594195] xilinx-zynqmp-dma fd560000.dma: ZynqMP DMA driver Probe success
[    3.601367] xilinx-zynqmp-dma fd570000.dma: ZynqMP DMA driver Probe success
[    3.608762] xilinx-zynqmp-dpdma fd4c0000.dma-controller: Xilinx DPDMA engine is probed
[    3.617307] ahci-ceva fd0c0000.ahci: supply ahci not found, using dummy regulator
[    3.624845] ahci-ceva fd0c0000.ahci: supply phy not found, using dummy regulator
[    3.715928] hmc7044 spi2.0: PLL1: Acquisition, CLKIN0 @ 122880000 Hz, PFD: 80 kHz - PLL2: Locked @ 2784.000000 MHz
[    3.726648] jesd204: /axi/spi@ff050000/hmc7044@0,jesd204:1,parent=spi2.0: Using as SYSREF provider
[    3.736235] spi-nor spi0.0: SPI-NOR-UniqueID 100000235394732200270025081115266e
[    3.743544] spi-nor spi0.0: found n25q512a, expected m25p80
[    3.749741] spi-nor spi0.0: trying to lock already unlocked area
[    3.755752] spi-nor spi0.0: n25q512a (131072 Kbytes)
[    3.760730] 4 fixed-partitions partitions found on MTD device spi0.0
[    3.767078] Creating 4 MTD partitions on "spi0.0":
[    3.771864] 0x000000000000-0x000000100000 : "qspi-fsbl-uboot"
[    3.778353] 0x000000100000-0x000000600000 : "qspi-linux"
[    3.784311] 0x000000600000-0x000000620000 : "qspi-device-tree"
[    3.790782] 0x000000620000-0x000000c00000 : "qspi-rootfs"
[    3.799246] macb ff0e0000.ethernet: Not enabling partial store and forward
[    3.806770] libphy: MACB_mii_bus: probed
[    3.811854] macb ff0e0000.ethernet eth0: Cadence GEM rev 0x50070106 at 0xff0e0000 irq 30 (00:0a:35:04:8e:1b)
[    3.822072] xilinx-axipmon ffa00000.perf-monitor: Probed Xilinx APM
[    3.828651] xilinx-axipmon fd0b0000.perf-monitor: Probed Xilinx APM
[    3.835169] xilinx-axipmon fd490000.perf-monitor: Probed Xilinx APM
[    3.841713] xilinx-axipmon ffa10000.perf-monitor: Probed Xilinx APM
[    3.851711] pca953x 0-0020: supply vcc not found, using dummy regulator
[    3.858397] pca953x 0-0020: using no AI
[    3.862887] gpio-496 (sel0): hogged as output/low
[    3.867787] gpio-497 (sel1): hogged as output/high
[    3.872768] gpio-498 (sel2): hogged as output/high
[    3.877752] gpio-499 (sel3): hogged as output/high
[    3.882935] pca953x 0-0021: supply vcc not found, using dummy regulator
[    3.889606] pca953x 0-0021: using no AI
[    3.895372] ina2xx 2-0040: power monitor ina226 (Rshunt = 5000 uOhm)
[    3.902402] ina2xx 2-0041: power monitor ina226 (Rshunt = 5000 uOhm)
[    3.909429] ina2xx 2-0042: power monitor ina226 (Rshunt = 5000 uOhm)
[    3.916459] ina2xx 2-0043: power monitor ina226 (Rshunt = 5000 uOhm)
[    3.923483] ina2xx 2-0044: power monitor ina226 (Rshunt = 5000 uOhm)
[    3.930503] ina2xx 2-0045: power monitor ina226 (Rshunt = 5000 uOhm)
[    3.937537] ina2xx 2-0046: power monitor ina226 (Rshunt = 5000 uOhm)
[    3.944612] ina2xx 2-0047: power monitor ina226 (Rshunt = 5000 uOhm)
[    3.951637] ina2xx 2-004a: power monitor ina226 (Rshunt = 5000 uOhm)
[    3.958679] ina2xx 2-004b: power monitor ina226 (Rshunt = 5000 uOhm)
[    3.965087] i2c i2c-0: Added multiplexed i2c bus 2
[    3.970473] random: fast init done
[    3.973946] ina2xx 3-0040: power monitor ina226 (Rshunt = 2000 uOhm)
[    3.980973] ina2xx 3-0041: power monitor ina226 (Rshunt = 5000 uOhm)
[    3.987999] ina2xx 3-0042: power monitor ina226 (Rshunt = 5000 uOhm)
[    3.995031] ina2xx 3-0043: power monitor ina226 (Rshunt = 5000 uOhm)
[    4.002057] ina2xx 3-0044: power monitor ina226 (Rshunt = 5000 uOhm)
[    4.009081] ina2xx 3-0045: power monitor ina226 (Rshunt = 5000 uOhm)
[    4.016118] ina2xx 3-0046: power monitor ina226 (Rshunt = 5000 uOhm)
[    4.023146] ina2xx 3-0047: power monitor ina226 (Rshunt = 5000 uOhm)
[    4.029546] i2c i2c-0: Added multiplexed i2c bus 3
[    4.085020] i2c i2c-0: Added multiplexed i2c bus 4
[    4.089957] i2c i2c-0: Added multiplexed i2c bus 5
[    4.094746] pca954x 0-0075: registered 4 multiplexed busses for I2C mux pca9544
[    4.102096] cdns-i2c ff020000.i2c: 400 kHz mmio ff020000 irq 32
[    4.109830] at24 6-0054: supply vcc not found, using dummy regulator
[    4.116730] at24 6-0054: 1024 byte 24c08 EEPROM, writable, 1 bytes/write
[    4.123481] i2c i2c-1: Added multiplexed i2c bus 6
[    4.129909] si5341 7-0036: Chip: 5341 Grade: 1 Rev: 1
[    4.167603] i2c i2c-1: Added multiplexed i2c bus 7
[    4.175264] si570 8-005d: registered, current frequency 300000000 Hz
[    4.181665] i2c i2c-1: Added multiplexed i2c bus 8
[    4.201448] si570 9-005d: registered, current frequency 148500000 Hz
[    4.207852] i2c i2c-1: Added multiplexed i2c bus 9
[    4.212891] si5324 10-0069: si5328 probed
[    4.280115] si5324 10-0069: si5328 probe successful
[    4.285046] i2c i2c-1: Added multiplexed i2c bus 10
[    4.290072] i2c i2c-1: Added multiplexed i2c bus 11
[    4.295101] i2c i2c-1: Added multiplexed i2c bus 12
[    4.300121] i2c i2c-1: Added multiplexed i2c bus 13
[    4.305001] pca954x 1-0074: registered 8 multiplexed busses for I2C switch pca9548
[    4.313112] at24 14-0050: supply vcc not found, using dummy regulator
[    4.319899] at24 14-0050: 256 byte 24c02 EEPROM, writable, 1 bytes/write
[    4.326645] i2c i2c-1: Added multiplexed i2c bus 14
[    4.331686] i2c i2c-1: Added multiplexed i2c bus 15
[    4.336717] i2c i2c-1: Added multiplexed i2c bus 16
[    4.341754] i2c i2c-1: Added multiplexed i2c bus 17
[    4.346786] i2c i2c-1: Added multiplexed i2c bus 18
[    4.351832] i2c i2c-1: Added multiplexed i2c bus 19
[    4.356869] i2c i2c-1: Added multiplexed i2c bus 20
[    4.361902] i2c i2c-1: Added multiplexed i2c bus 21
[    4.366776] pca954x 1-0075: registered 8 multiplexed busses for I2C switch pca9548
[    4.374385] cdns-i2c ff030000.i2c: 400 kHz mmio ff030000 irq 33
[    4.384144] cdns-wdt fd4d0000.watchdog: Xilinx Watchdog Timer with timeout 60s
[    4.395089] axi_adxcvr 84a60000.axi-adxcvr-rx: AXI-ADXCVR-RX (17.05.a) using CPLL on GTH4 at 0x84A60000. Number of lanes: 4.
[    4.407232] axi_adxcvr 84b60000.axi-adxcvr-tx: AXI-ADXCVR-TX (17.05.a) using QPLL on GTH4 at 0x84B60000. Number of lanes: 4.
[    4.418856] axi-jesd204-rx 84a90000.axi-jesd204-rx: AXI-JESD204-RX (1.07.a) at 0x84A90000. Encoder 8b10b, width 4/4, lanes 4, jesd204-fsm.
[    4.426180] mmc0: SDHCI controller on ff170000.mmc [ff170000.mmc] using ADMA 64-bit
[    4.431702] axi-jesd204-tx 84b90000.axi-jesd204-tx: AXI-JESD204-TX (1.06.a) at 0x84B90000. Encoder 8b10b, width 4/4, lanes 4, jesd204-fsm.
[    4.452427] zynqmp-display fd4a0000.display: vtc bridge property not present
[    4.462078] xilinx-dp-snd-codec fd4a0000.display:zynqmp_dp_snd_codec0: Failed to get required clock freq
[    4.471580] xilinx-dp-snd-codec: probe of fd4a0000.display:zynqmp_dp_snd_codec0 failed with error -22
[    4.473539] mmc0: new high speed SDHC card at address 0001
[    4.481119] xilinx-dp-snd-pcm zynqmp_dp_snd_pcm0: Xilinx DisplayPort Sound PCM probed
[    4.486633] mmcblk0: mmc0:0001 EB1QT 29.8 GiB 
[    4.494439] xilinx-dp-snd-pcm zynqmp_dp_snd_pcm1: Xilinx DisplayPort Sound PCM probed
[    4.499878]  mmcblk0: p1 p2 p3
[    4.506737] OF: graph: no port node found in /axi/display@fd4a0000
[    4.515818] xlnx-drm xlnx-drm.0: bound fd4a0000.display (ops 0xffffffc010fcbdb8)
[    5.599775] zynqmp-display fd4a0000.display: [drm] Cannot find any crtc or sizes
[    5.607383] [drm] Initialized xlnx 1.0.0 20130509 for fd4a0000.display on minor 0
[    5.614875] zynqmp-display fd4a0000.display: ZynqMP DisplayPort Subsystem driver probed
[    5.623200] ahci-ceva fd0c0000.ahci: supply ahci not found, using dummy regulator
[    5.630748] ahci-ceva fd0c0000.ahci: supply phy not found, using dummy regulator
[    5.638206] ahci-ceva fd0c0000.ahci: supply target not found, using dummy regulator
[    5.646044] ahci-ceva fd0c0000.ahci: AHCI 0001.0301 32 slots 2 ports 6 Gbps 0x3 impl platform mode
[    5.655000] ahci-ceva fd0c0000.ahci: flags: 64bit ncq sntf pm clo only pmp fbs pio slum part ccc sds apst 
[    5.665696] scsi host0: ahci-ceva
[    5.669294] scsi host1: ahci-ceva
[    5.672721] ata1: SATA max UDMA/133 mmio [mem 0xfd0c0000-0xfd0c1fff] port 0x100 irq 45
[    5.680631] ata2: SATA max UDMA/133 mmio [mem 0xfd0c0000-0xfd0c1fff] port 0x180 irq 45
[    5.689231] ad9081 spi1.0: supply vdd not found, using dummy regulator
[    6.002010] ata1: SATA link down (SStatus 0 SControl 330)
[    6.007429] ata2: SATA link down (SStatus 0 SControl 330)
[    6.683776] zynqmp-display fd4a0000.display: [drm] Cannot find any crtc or sizes
[    6.881256] ad9081 spi1.0: Invalid param passed., "ref_clk_hz < 100000000ULL" in adi_ad9081_device_clk_config_set(...), line554 in drivers/iio/adc/ad9081/adi_ad9081_device.c
[    7.548646] ad9081 spi1.0: AD9081 Rev. 2 Grade 10 (API 1.2.2) probed
[    7.555854] xhci-hcd xhci-hcd.1.auto: xHCI Host Controller
[    7.561345] xhci-hcd xhci-hcd.1.auto: new USB bus registered, assigned bus number 1
[    7.569092] xhci-hcd xhci-hcd.1.auto: hcc params 0x0238f625 hci version 0x100 quirks 0x0000000002010810
[    7.578506] xhci-hcd xhci-hcd.1.auto: irq 59, io mem 0xfe200000
[    7.584615] usb usb1: New USB device found, idVendor=1d6b, idProduct=0002, bcdDevice= 5.10
[    7.592880] usb usb1: New USB device strings: Mfr=3, Product=2, SerialNumber=1
[    7.600097] usb usb1: Product: xHCI Host Controller
[    7.604967] usb usb1: Manufacturer: Linux 5.10.0-98103-g2aa7ac113716 xhci-hcd
[    7.612093] usb usb1: SerialNumber: xhci-hcd.1.auto
[    7.617262] hub 1-0:1.0: USB hub found
[    7.621029] hub 1-0:1.0: 1 port detected
[    7.625133] xhci-hcd xhci-hcd.1.auto: xHCI Host Controller
[    7.630622] xhci-hcd xhci-hcd.1.auto: new USB bus registered, assigned bus number 2
[    7.638276] xhci-hcd xhci-hcd.1.auto: Host supports USB 3.0 SuperSpeed
[    7.644905] usb usb2: New USB device found, idVendor=1d6b, idProduct=0003, bcdDevice= 5.10
[    7.653161] usb usb2: New USB device strings: Mfr=3, Product=2, SerialNumber=1
[    7.660385] usb usb2: Product: xHCI Host Controller
[    7.665258] usb usb2: Manufacturer: Linux 5.10.0-98103-g2aa7ac113716 xhci-hcd
[    7.672384] usb usb2: SerialNumber: xhci-hcd.1.auto
[    7.677492] hub 2-0:1.0: USB hub found
[    7.681255] hub 2-0:1.0: 1 port detected
[    7.711352] cf_axi_adc 84a10000.axi-ad9081-rx-hpc: ADI AIM (10.01.b) at 0x84A10000 mapped to 0x(____ptrval____), probed ADC AD9081 as MASTER
[    7.744597] cf_axi_dds 84b10000.axi-ad9081-tx-hpc: Analog Devices CF_AXI_DDS_DDS MASTER (9.01.b) at 0x84B10000 mapped to 0x(____ptrval____), probed DDS AD9081
[    7.758803] jesd204: /axi/spi@ff040000/ad9081@0,jesd204:0,parent=spi1.0: JESD204[2] transition initialized -> probed
[    7.769324] jesd204: /axi/spi@ff040000/ad9081@0,jesd204:0,parent=spi1.0: JESD204[0] transition initialized -> probed
[    7.779844] jesd204: /axi/spi@ff040000/ad9081@0,jesd204:0,parent=spi1.0: JESD204[2] transition probed -> idle
[    7.789755] jesd204: /axi/spi@ff040000/ad9081@0,jesd204:0,parent=spi1.0: JESD204[0] transition probed -> idle
[    7.799669] jesd204: /axi/spi@ff040000/ad9081@0,jesd204:0,parent=spi1.0: JESD204[2] transition idle -> device_init
[    7.810011] jesd204: /axi/spi@ff040000/ad9081@0,jesd204:0,parent=spi1.0: JESD204[0] transition idle -> device_init
[    7.820363] jesd204: /axi/spi@ff040000/ad9081@0,jesd204:0,parent=spi1.0: JESD204[2] transition device_init -> link_init
[    7.831138] jesd204: /axi/spi@ff040000/ad9081@0,jesd204:0,parent=spi1.0: JESD204[0] transition device_init -> link_init
[    7.841930] jesd204: /axi/spi@ff040000/ad9081@0,jesd204:0,parent=spi1.0: JESD204[2] transition link_init -> link_supported
[    7.852968] jesd204: /axi/spi@ff040000/ad9081@0,jesd204:0,parent=spi1.0: JESD204[0] transition link_init -> link_supported
[    7.864384] hmc7044 spi2.0: hmc7044_jesd204_link_pre_setup: Link2 forcing continuous SYSREF mode
[    7.873537] axi-jesd204-tx 84b90000.axi-jesd204-tx: axi_jesd204_tx_jesd204_link_pre_setup: Link0 set lane rate 9280000 kHz failed (-22)
[    7.885712] jesd204: /fpga-axi@0/axi-jesd204-tx@84b90000,jesd204:5,parent=84b90000.axi-jesd204-tx: JESD204[0] In link_pre_setup got error from cb: -22
[    7.899182] jesd204: /axi/spi@ff040000/ad9081@0,jesd204:0,parent=spi1.0: Rolling back from 'link_supported', got error -22
[    7.910232] jesd204: /axi/spi@ff040000/ad9081@0,jesd204:0,parent=spi1.0: JESD204[0] transition link_supported -> link_pre_setup
[    7.921705] jesd204: /axi/spi@ff040000/ad9081@0,jesd204:0,parent=spi1.0: JESD204[2] transition link_supported -> link_pre_setup
[    7.933183] jesd204: /axi/spi@ff040000/ad9081@0,jesd204:0,parent=spi1.0: JESD204[0] transition link_pre_setup -> link_supported
[    7.944656] jesd204: /axi/spi@ff040000/ad9081@0,jesd204:0,parent=spi1.0: JESD204[2] transition link_pre_setup -> link_supported
[    7.956133] jesd204: /axi/spi@ff040000/ad9081@0,jesd204:0,parent=spi1.0: JESD204[0] transition link_supported -> link_init
[    7.967171] jesd204: /axi/spi@ff040000/ad9081@0,jesd204:0,parent=spi1.0: JESD204[2] transition link_supported -> link_init
[    7.978218] jesd204: /axi/spi@ff040000/ad9081@0,jesd204:0,parent=spi1.0: JESD204[0] transition link_init -> device_init
[    7.988996] jesd204: /axi/spi@ff040000/ad9081@0,jesd204:0,parent=spi1.0: JESD204[2] transition link_init -> device_init
[    7.999777] jesd204: /axi/spi@ff040000/ad9081@0,jesd204:0,parent=spi1.0: JESD204[0] transition device_init -> idle
[    8.010119] jesd204: /axi/spi@ff040000/ad9081@0,jesd204:0,parent=spi1.0: JESD204[2] transition device_init -> idle
[    8.020470] jesd204: /axi/spi@ff040000/ad9081@0,jesd204:0,parent=spi1.0: JESD204[2] transition idle -> idle
[    8.030206] jesd204: /axi/spi@ff040000/ad9081@0,jesd204:0,parent=spi1.0: JESD204[0] transition idle -> idle
[    8.039947] jesd204: /axi/spi@ff040000/ad9081@0,jesd204:0,parent=spi1.0: JESD204[2] transition idle -> device_init
[    8.050290] jesd204: /axi/spi@ff040000/ad9081@0,jesd204:0,parent=spi1.0: JESD204[0] transition idle -> device_init
[    8.060641] jesd204: /axi/spi@ff040000/ad9081@0,jesd204:0,parent=spi1.0: JESD204[2] transition device_init -> link_init
[    8.071423] jesd204: /axi/spi@ff040000/ad9081@0,jesd204:0,parent=spi1.0: JESD204[0] transition device_init -> link_init
[    8.082206] jesd204: /axi/spi@ff040000/ad9081@0,jesd204:0,parent=spi1.0: JESD204[2] transition link_init -> link_supported
[    8.093247] jesd204: /axi/spi@ff040000/ad9081@0,jesd204:0,parent=spi1.0: JESD204[0] transition link_init -> link_supported
[    8.104624] axi-jesd204-tx 84b90000.axi-jesd204-tx: axi_jesd204_tx_jesd204_link_pre_setup: Link0 set lane rate 9280000 kHz failed (-22)
[    8.116794] jesd204: /fpga-axi@0/axi-jesd204-tx@84b90000,jesd204:5,parent=84b90000.axi-jesd204-tx: JESD204[0] In link_pre_setup got error from cb: -22
[    8.130260] jesd204: /axi/spi@ff040000/ad9081@0,jesd204:0,parent=spi1.0: Rolling back from 'link_supported', got error -22
[    8.141304] jesd204: /axi/spi@ff040000/ad9081@0,jesd204:0,parent=spi1.0: JESD204[0] transition link_supported -> link_pre_setup
[    8.152778] jesd204: /axi/spi@ff040000/ad9081@0,jesd204:0,parent=spi1.0: JESD204[2] transition link_supported -> link_pre_setup
[    8.164254] jesd204: /axi/spi@ff040000/ad9081@0,jesd204:0,parent=spi1.0: JESD204[0] transition link_pre_setup -> link_supported
[    8.175725] jesd204: /axi/spi@ff040000/ad9081@0,jesd204:0,parent=spi1.0: JESD204[2] transition link_pre_setup -> link_supported
[    8.187203] jesd204: /axi/spi@ff040000/ad9081@0,jesd204:0,parent=spi1.0: JESD204[0] transition link_supported -> link_init
[    8.198239] jesd204: /axi/spi@ff040000/ad9081@0,jesd204:0,parent=spi1.0: JESD204[2] transition link_supported -> link_init
[    8.209288] jesd204: /axi/spi@ff040000/ad9081@0,jesd204:0,parent=spi1.0: JESD204[0] transition link_init -> device_init
[    8.220063] jesd204: /axi/spi@ff040000/ad9081@0,jesd204:0,parent=spi1.0: JESD204[2] transition link_init -> device_init
[    8.230846] jesd204: /axi/spi@ff040000/ad9081@0,jesd204:0,parent=spi1.0: JESD204[0] transition device_init -> idle
[    8.241194] jesd204: /axi/spi@ff040000/ad9081@0,jesd204:0,parent=spi1.0: JESD204[2] transition device_init -> idle
[    8.251542] jesd204: /axi/spi@ff040000/ad9081@0,jesd204:0,parent=spi1.0: JESD204[2] transition idle -> idle
[    8.261275] jesd204: /axi/spi@ff040000/ad9081@0,jesd204:0,parent=spi1.0: JESD204[0] transition idle -> idle
[    8.271017] jesd204: /axi/spi@ff040000/ad9081@0,jesd204:0,parent=spi1.0: JESD204[2] transition idle -> device_init
[    8.281361] jesd204: /axi/spi@ff040000/ad9081@0,jesd204:0,parent=spi1.0: JESD204[0] transition idle -> device_init
[    8.291711] jesd204: /axi/spi@ff040000/ad9081@0,jesd204:0,parent=spi1.0: JESD204[2] transition device_init -> link_init
[    8.302488] jesd204: /axi/spi@ff040000/ad9081@0,jesd204:0,parent=spi1.0: JESD204[0] transition device_init -> link_init
[    8.313276] jesd204: /axi/spi@ff040000/ad9081@0,jesd204:0,parent=spi1.0: JESD204[2] transition link_init -> link_supported
[    8.324319] jesd204: /axi/spi@ff040000/ad9081@0,jesd204:0,parent=spi1.0: JESD204[0] transition link_init -> link_supported
[    8.335655] axi-jesd204-tx 84b90000.axi-jesd204-tx: axi_jesd204_tx_jesd204_link_pre_setup: Link0 set lane rate 9280000 kHz failed (-22)
[    8.347826] jesd204: /fpga-axi@0/axi-jesd204-tx@84b90000,jesd204:5,parent=84b90000.axi-jesd204-tx: JESD204[0] In link_pre_setup got error from cb: -22
[    8.361296] jesd204: /axi/spi@ff040000/ad9081@0,jesd204:0,parent=spi1.0: Rolling back from 'link_supported', got error -22
[    8.372344] jesd204: /axi/spi@ff040000/ad9081@0,jesd204:0,parent=spi1.0: JESD204[0] transition link_supported -> link_pre_setup
[    8.383820] jesd204: /axi/spi@ff040000/ad9081@0,jesd204:0,parent=spi1.0: JESD204[2] transition link_supported -> link_pre_setup
[    8.395297] jesd204: /axi/spi@ff040000/ad9081@0,jesd204:0,parent=spi1.0: JESD204[0] transition link_pre_setup -> link_supported
[    8.406769] jesd204: /axi/spi@ff040000/ad9081@0,jesd204:0,parent=spi1.0: JESD204[2] transition link_pre_setup -> link_supported
[    8.418247] jesd204: /axi/spi@ff040000/ad9081@0,jesd204:0,parent=spi1.0: JESD204[0] transition link_supported -> link_init
[    8.429285] jesd204: /axi/spi@ff040000/ad9081@0,jesd204:0,parent=spi1.0: JESD204[2] transition link_supported -> link_init
[    8.440331] jesd204: /axi/spi@ff040000/ad9081@0,jesd204:0,parent=spi1.0: JESD204[0] transition link_init -> device_init
[    8.451109] jesd204: /axi/spi@ff040000/ad9081@0,jesd204:0,parent=spi1.0: JESD204[2] transition link_init -> device_init
[    8.461891] jesd204: /axi/spi@ff040000/ad9081@0,jesd204:0,parent=spi1.0: JESD204[0] transition device_init -> idle
[    8.472234] jesd204: /axi/spi@ff040000/ad9081@0,jesd204:0,parent=spi1.0: JESD204[2] transition device_init -> idle
[    8.482584] jesd204: /axi/spi@ff040000/ad9081@0,jesd204:0,parent=spi1.0: JESD204[2] transition idle -> idle
[    8.492319] jesd204: /axi/spi@ff040000/ad9081@0,jesd204:0,parent=spi1.0: JESD204[0] transition idle -> idle
[    8.502065] jesd204: /axi/spi@ff040000/ad9081@0,jesd204:0,parent=spi1.0: JESD204[2] transition idle -> device_init
[    8.512407] jesd204: /axi/spi@ff040000/ad9081@0,jesd204:0,parent=spi1.0: JESD204[0] transition idle -> device_init
[    8.522755] jesd204: /axi/spi@ff040000/ad9081@0,jesd204:0,parent=spi1.0: JESD204[2] transition device_init -> link_init
[    8.533532] jesd204: /axi/spi@ff040000/ad9081@0,jesd204:0,parent=spi1.0: JESD204[0] transition device_init -> link_init
[    8.544320] jesd204: /axi/spi@ff040000/ad9081@0,jesd204:0,parent=spi1.0: JESD204[2] transition link_init -> link_supported
[    8.555363] jesd204: /axi/spi@ff040000/ad9081@0,jesd204:0,parent=spi1.0: JESD204[0] transition link_init -> link_supported
[    8.566699] axi-jesd204-tx 84b90000.axi-jesd204-tx: axi_jesd204_tx_jesd204_link_pre_setup: Link0 set lane rate 9280000 kHz failed (-22)
[    8.578870] jesd204: /fpga-axi@0/axi-jesd204-tx@84b90000,jesd204:5,parent=84b90000.axi-jesd204-tx: JESD204[0] In link_pre_setup got error from cb: -22
[    8.592340] jesd204: /axi/spi@ff040000/ad9081@0,jesd204:0,parent=spi1.0: Rolling back from 'link_supported', got error -22
[    8.603382] jesd204: /axi/spi@ff040000/ad9081@0,jesd204:0,parent=spi1.0: JESD204[0] transition link_supported -> link_pre_setup
[    8.614854] jesd204: /axi/spi@ff040000/ad9081@0,jesd204:0,parent=spi1.0: JESD204[2] transition link_supported -> link_pre_setup
[    8.626337] jesd204: /axi/spi@ff040000/ad9081@0,jesd204:0,parent=spi1.0: JESD204[0] transition link_pre_setup -> link_supported
[    8.637814] jesd204: /axi/spi@ff040000/ad9081@0,jesd204:0,parent=spi1.0: JESD204[2] transition link_pre_setup -> link_supported
[    8.649291] jesd204: /axi/spi@ff040000/ad9081@0,jesd204:0,parent=spi1.0: JESD204[0] transition link_supported -> link_init
[    8.660329] jesd204: /axi/spi@ff040000/ad9081@0,jesd204:0,parent=spi1.0: JESD204[2] transition link_supported -> link_init
[    8.671376] jesd204: /axi/spi@ff040000/ad9081@0,jesd204:0,parent=spi1.0: JESD204[0] transition link_init -> device_init
[    8.682151] jesd204: /axi/spi@ff040000/ad9081@0,jesd204:0,parent=spi1.0: JESD204[2] transition link_init -> device_init
[    8.692934] jesd204: /axi/spi@ff040000/ad9081@0,jesd204:0,parent=spi1.0: JESD204[0] transition device_init -> idle
[    8.703278] jesd204: /axi/spi@ff040000/ad9081@0,jesd204:0,parent=spi1.0: JESD204[2] transition device_init -> idle
[    8.713624] jesd204: /axi/spi@ff040000/ad9081@0,jesd204:0,parent=spi1.0: FSM completed with error -22
[    8.732065] input: gpio-keys as /devices/platform/gpio-keys/input/input0
[    8.739082] of_cfs_init
[    8.741547] of_cfs_init: OK
[    8.744490] cfg80211: Loading compiled-in X.509 certificates for regulatory database
[    8.882701] cfg80211: Loaded X.509 cert 'sforshee: 00b28ddf47aef9cea7'
[    8.889237] clk: Not disabling unused clocks
[    8.893772] ALSA device list:
[    8.896732]   No soundcards found.
[    8.900405] platform regulatory.0: Direct firmware load for regulatory.db failed with error -2
[    8.909012] cfg80211: failed to load regulatory.db
[    8.925293] EXT4-fs (mmcblk0p2): mounted filesystem with ordered data mode. Opts: (null)
[    8.933415] VFS: Mounted root (ext4 filesystem) on device 179:2.
[    8.947839] devtmpfs: mounted
[    8.951642] Freeing unused kernel memory: 2560K
[    8.963813] Run /sbin/init as init process
[    8.967911]   with arguments:
[    8.967913]     /sbin/init
[    8.967916]   with environment:
[    8.967918]     HOME=/
[    8.967920]     TERM=linux
[    9.593650] systemd[1]: systemd 241 running in system mode. (+PAM +AUDIT +SELINUX +IMA +APPARMOR +SMACK +SYSVINIT +UTMP +LIBCRYPTSETUP +GCRYPT +GNUTLS +ACL +XZ +LZ4 +SECCOMP +BLKID +ELFUTILS +KMOD -IDN2 +IDN -PCRE2 default-hierarchy=hybrid)
[    9.615511] systemd[1]: Detected architecture arm64.
[    9.640565] systemd[1]: Set hostname to <analog>.
[    9.833628] systemd[1]: File /lib/systemd/system/systemd-journald.service:12 configures an IP firewall (IPAddressDeny=any), but the local system does not support BPF/cgroup based firewalling.
[    9.850704] systemd[1]: Proceeding WITHOUT firewalling in effect! (This warning is only shown for the first loaded unit using IP firewalling.)
[   10.022575] systemd[1]: /etc/systemd/system/tof-server.service:1: Assignment outside of section. Ignoring.
[   10.032270] systemd[1]: /etc/systemd/system/tof-server.service:2: Assignment outside of section. Ignoring.
[   10.224617] random: systemd: uninitialized urandom read (16 bytes read)
[   10.239625] random: systemd: uninitialized urandom read (16 bytes read)
[   10.246615] systemd[1]: Listening on udev Kernel Socket.
[   10.267840] random: systemd: uninitialized urandom read (16 bytes read)
[   10.275039] systemd[1]: Created slice system-serial\x2dgetty.slice.
[   10.296010] systemd[1]: Created slice User and Session Slice.
[   10.855220] ------------[ cut here ]------------
[   10.855229] Enabling unprepared \xa0\xe9Q\x88\xff\xff\xffpQ\x88\xff\xff\xff
[   10.855275] WARNING: CPU: 2 PID: 112 at drivers/clk/clk.c:1012 clk_core_enable+0xa4/0xc0
[   10.855278] Modules linked in:
[   10.855289] CPU: 2 PID: 112 Comm: kworker/2:1H Not tainted 5.10.0-98103-g2aa7ac113716 #5577
[   10.855292] Hardware name: ZynqMP ZCU102 Rev1.0 (DT)
[   10.855301] Workqueue: kblockd blk_mq_run_work_fn
[   10.855309] pstate: 80000085 (Nzcv daIf -PAN -UAO -TCO BTYPE=--)
[   10.855315] pc : clk_core_enable+0xa4/0xc0
[   10.855320] lr : clk_core_enable+0xa4/0xc0
[   10.855323] sp : ffffffc0125bb2d0
[   10.855326] x29: ffffffc0125bb2d0 x28: ffffff8800330c10 
[   10.855333] x27: ffffff8800330d48 x26: 0000005000000101 
[   10.855339] x25: 0000000281137260 x24: 0000000000000001 
[   10.855346] x23: ffffff88010e9380 x22: ffffff8801083220 
[   10.855352] x21: ffffff8801517000 x20: ffffff8801517008 
[   10.855359] x19: ffffff8801517008 x18: 0000000000000030 
[   10.855365] x17: 0000000000000003 x16: 0000ab255a95a90e 
[   10.855372] x15: ffffffffffff9d08 x14: ffffffc011d3b1a0 
[   10.855378] x13: ffffffc011d3b1c8 x12: 0000000000000675 
[   10.855385] x11: 0000000000000227 x10: ffffffc011d671c8 
[   10.855391] x9 : 00000000fffff800 x8 : ffffffc011d3b1c8 
[   10.855398] x7 : ffffffc011d671c8 x6 : 0000000000000001 
[   10.855404] x5 : ffffff887f7929e0 x4 : 0000000000000000 
[   10.855411] x3 : 0000000000000027 x2 : 0000000000000023 
[   10.855417] x1 : 45cbaf3325fdc700 x0 : 0000000000000000 
[   10.855424] Call trace:
[   10.855430]  clk_core_enable+0xa4/0xc0
[   10.855435]  clk_enable+0x2c/0x60
[   10.855441]  zynqmp_runtime_resume+0x24/0x84
[   10.855448]  pm_generic_runtime_resume+0x30/0x50
[   10.855453]  __genpd_runtime_resume+0x30/0xb0
[   10.855460]  genpd_runtime_resume+0x90/0x250
[   10.855466]  __rpm_callback+0x10c/0x1e0
[   10.855471]  rpm_callback+0x5c/0x84
[   10.855476]  rpm_resume+0x4a4/0x74c
[   10.855481]  __pm_runtime_resume+0x78/0xc4
[   10.855485]  spi_mem_access_start.isra.0+0x30/0x80
[   10.855489]  spi_mem_exec_op+0x3b0/0x424
[   10.855494]  spi_nor_read_sr+0x78/0xe0
[   10.855499]  spi_nor_wait_till_ready_with_timeout+0xb4/0x2f0
[   10.855504]  spi_nor_read+0x188/0x380
[   10.855509]  mtd_read_oob_std+0x78/0x84
[   10.855514]  mtd_read_oob+0x7c/0x134
[   10.855518]  mtd_read+0x48/0x7c
[   10.855524]  mtdblock_readsect+0x6c/0x150
[   10.855529]  mtd_queue_rq+0x2cc/0x5a0
[   10.855534]  blk_mq_dispatch_rq_list+0x110/0x790
[   10.855541]  __blk_mq_do_dispatch_sched+0x200/0x274
[   10.855546]  __blk_mq_sched_dispatch_requests+0x1a8/0x1fc
[   10.855552]  blk_mq_sched_dispatch_requests+0x3c/0x7c
[   10.855557]  __blk_mq_run_hw_queue+0x98/0x100
[   10.855562]  blk_mq_run_work_fn+0x24/0x30
[   10.855567]  process_one_work+0x1d4/0x380
[   10.855571]  worker_thread+0x78/0x4e0
[   10.855576]  kthread+0x124/0x130
[   10.855582]  ret_from_fork+0x10/0x3c
[   10.855586] ---[ end trace da899bd17ee8928e ]---
[   10.855594] zynqmp-qspi ff0f0000.spi: Cannot enable APB clock.
[   10.855643] spi_master spi0: Failed to power device: -108
[   10.855652] blk_update_request: I/O error, dev mtdblock0, sector 8 op 0x0:(READ) flags 0x80700 phys_seg 1 prio class 0
[   10.855722] spi_master spi0: Failed to power device: -22
[   10.855728] blk_update_request: I/O error, dev mtdblock0, sector 8 op 0x0:(READ) flags 0x0 phys_seg 8 prio class 0
[   10.855734] Buffer I/O error on dev mtdblock0, logical block 8, async page read
[   10.855743] spi_master spi0: Failed to power device: -22
[   10.855779] blk_update_request: I/O error, dev mtdblock0, sector 9 op 0x0:(READ) flags 0x0 phys_seg 7 prio class 0
[   10.855783] Buffer I/O error on dev mtdblock0, logical block 9, async page read
[   10.855791] spi_master spi0: Failed to power device: -22
[   10.855798] blk_update_request: I/O error, dev mtdblock0, sector 10 op 0x0:(READ) flags 0x0 phys_seg 6 prio class 0
[   10.855802] Buffer I/O error on dev mtdblock0, logical block 10, async page read
[   10.855809] spi_master spi0: Failed to power device: -22
[   10.855815] blk_update_request: I/O error, dev mtdblock0, sector 11 op 0x0:(READ) flags 0x0 phys_seg 5 prio class 0
[   10.855819] Buffer I/O error on dev mtdblock0, logical block 11, async page read
[   10.855826] spi_master spi0: Failed to power device: -22
[   10.855832] blk_update_request: I/O error, dev mtdblock0, sector 12 op 0x0:(READ) flags 0x0 phys_seg 4 prio class 0
[   10.855836] Buffer I/O error on dev mtdblock0, logical block 12, async page read
[   10.855843] spi_master spi0: Failed to power device: -22
[   10.855854] blk_update_request: I/O error, dev mtdblock0, sector 13 op 0x0:(READ) flags 0x0 phys_seg 3 prio class 0
[   10.855858] Buffer I/O error on dev mtdblock0, logical block 13, async page read
[   10.855865] spi_master spi0: Failed to power device: -22
[   10.855870] blk_update_request: I/O error, dev mtdblock0, sector 14 op 0x0:(READ) flags 0x0 phys_seg 2 prio class 0
[   10.855874] Buffer I/O error on dev mtdblock0, logical block 14, async page read
[   10.855881] spi_master spi0: Failed to power device: -22
[   10.855886] blk_update_request: I/O error, dev mtdblock0, sector 15 op 0x0:(READ) flags 0x0 phys_seg 1 prio class 0
[   10.855891] Buffer I/O error on dev mtdblock0, logical block 15, async page read
[   10.856213] spi_master spi0: Failed to power device: -22
[   10.856220] blk_update_request: I/O error, dev mtdblock1, sector 10112 op 0x0:(READ) flags 0x80700 phys_seg 1 prio class 0
[   10.856271] spi_master spi0: Failed to power device: -22
[   10.856277] Buffer I/O error on dev mtdblock1, logical block 10112, async page read
[   10.856285] spi_master spi0: Failed to power device: -22
[   10.856290] Buffer I/O error on dev mtdblock1, logical block 10113, async page read
[   10.856297] spi_master spi0: Failed to power device: -22
[   10.856305] spi_master spi0: Failed to power device: -22
[   10.856312] spi_master spi0: Failed to power device: -22
[   10.856319] spi_master spi0: Failed to power device: -22
[   10.856327] spi_master spi0: Failed to power device: -22
[   10.856334] spi_master spi0: Failed to power device: -22
[   10.856579] spi_master spi0: Failed to power device: -22
[   10.856625] spi_master spi0: Failed to power device: -22
[   10.856634] spi_master spi0: Failed to power device: -22
[   10.856642] spi_master spi0: Failed to power device: -22
[   10.856650] spi_master spi0: Failed to power device: -22
[   10.856657] spi_master spi0: Failed to power device: -22
[   10.856664] spi_master spi0: Failed to power device: -22
[   10.856671] spi_master spi0: Failed to power device: -22
[   10.856678] spi_master spi0: Failed to power device: -22
[   10.856950] spi_master spi0: Failed to power device: -22
[   10.857001] spi_master spi0: Failed to power device: -22
[   10.857010] spi_master spi0: Failed to power device: -22
[   10.857018] spi_master spi0: Failed to power device: -22
[   10.857025] spi_master spi0: Failed to power device: -22
[   10.857032] spi_master spi0: Failed to power device: -22
[   10.857040] spi_master spi0: Failed to power device: -22
[   10.857047] spi_master spi0: Failed to power device: -22
[   10.857054] spi_master spi0: Failed to power device: -22
[   10.992247] EXT4-fs (mmcblk0p2): re-mounted. Opts: (null)
[   11.198334] systemd-journald[169]: Received request to flush runtime journal from PID 1
[   16.990176] macb ff0e0000.ethernet eth0: PHY [ff0e0000.ethernet-ffffffff:0c] driver [TI DP83867] (irq=POLL)
[   16.990189] macb ff0e0000.ethernet eth0: configuring for phy/rgmii-id link mode
[   17.287797] Adding 91132k swap on /var/swap.  Priority:-2 extents:2 across:649196k SS
[   19.067785] random: crng init done
[   19.067796] random: 7 urandom warning(s) missed due to ratelimiting
[   20.036414] broken atomic modeset userspace detected, disabling atomic
[   21.089370] macb ff0e0000.ethernet eth0: Link is Up - 1Gbps/Full - flow control off
[   21.089394] IPv6: ADDRCONF(NETDEV_CHANGE): eth0: link becomes ready
[   22.713725] broken atomic modeset userspace detected, disabling atomic
[   25.811031] broken atomic modeset userspace detected, disabling atomic
[   28.442390] broken atomic modeset userspace detected, disabling atomic