[    0.000000] Booting Linux on physical CPU 0x0000000000 [0x410fd034]
[    0.000000] Linux version 5.10.0-98103-g2aa7ac113716 (jenkins@romlxbuild1.adlk.analog.com) (aarch64-xilinx-linux-gcc.real (GCC) 10.2.0, GNU ld (GNU Binutils) 2.35.0.20200730) #5577 SMP Wed Mar 23 07:28:49 GMT 2022
[    0.000000] Machine model: ZynqMP ZCU102 Rev1.0
[    0.000000] earlycon: cdns0 at MMIO 0x00000000ff000000 (options '115200n8')
[    0.000000] printk: bootconsole [cdns0] enabled
[    0.000000] efi: UEFI not found.
[    0.000000] cma: Reserved 256 MiB at 0x0000000070000000
[    0.000000] Zone ranges:
[    0.000000]   DMA      [mem 0x0000000000000000-0x000000003fffffff]
[    0.000000]   DMA32    [mem 0x0000000040000000-0x00000000ffffffff]
[    0.000000]   Normal   [mem 0x0000000100000000-0x000000087fffffff]
[    0.000000] Movable zone start for each node
[    0.000000] Early memory node ranges
[    0.000000]   node   0: [mem 0x0000000000000000-0x000000007fffffff]
[    0.000000]   node   0: [mem 0x0000000800000000-0x000000087fffffff]
[    0.000000] Initmem setup node 0 [mem 0x0000000000000000-0x000000087fffffff]
[    0.000000] On node 0 totalpages: 1048576
[    0.000000]   DMA zone: 3584 pages used for memmap
[    0.000000]   DMA zone: 0 pages reserved
[    0.000000]   DMA zone: 262144 pages, LIFO batch:63
[    0.000000]   DMA32 zone: 3584 pages used for memmap
[    0.000000]   DMA32 zone: 262144 pages, LIFO batch:63
[    0.000000]   Normal zone: 7168 pages used for memmap
[    0.000000]   Normal zone: 524288 pages, LIFO batch:63
[    0.000000] psci: probing for conduit method from DT.
[    0.000000] psci: PSCIv1.1 detected in firmware.
[    0.000000] psci: Using standard PSCI v0.2 function IDs
[    0.000000] psci: MIGRATE_INFO_TYPE not supported.
[    0.000000] psci: SMC Calling Convention v1.2
[    0.000000] percpu: Embedded 22 pages/cpu s49496 r8192 d32424 u90112
[    0.000000] pcpu-alloc: s49496 r8192 d32424 u90112 alloc=22*4096
[    0.000000] pcpu-alloc: [0] 0 [0] 1 [0] 2 [0] 3 
[    0.000000] Detected VIPT I-cache on CPU0
[    0.000000] CPU features: detected: ARM erratum 845719
[    0.000000] Built 1 zonelists, mobility grouping on.  Total pages: 1034240
[    0.000000] Kernel command line: console=ttyPS0,115200 root=/dev/mmcblk0p2 rw earlycon rootfstype=ext4 rootwait clk_ignore_unused cpuidle.off=1 root=/dev/mmcblk0p2 rw rootwait
[    0.000000] Dentry cache hash table entries: 524288 (order: 10, 4194304 bytes, linear)
[    0.000000] Inode-cache hash table entries: 262144 (order: 9, 2097152 bytes, linear)
[    0.000000] mem auto-init: stack:off, heap alloc:off, heap free:off
[    0.000000] software IO TLB: mapped [mem 0x000000003bfff000-0x000000003ffff000] (64MB)
[    0.000000] Memory: 3761904K/4194304K available (15296K kernel code, 1636K rwdata, 11876K rodata, 2560K init, 507K bss, 170256K reserved, 262144K cma-reserved)
[    0.000000] rcu: Hierarchical RCU implementation.
[    0.000000] rcu: 	RCU event tracing is enabled.
[    0.000000] rcu: 	RCU restricting CPUs from NR_CPUS=8 to nr_cpu_ids=4.
[    0.000000] rcu: RCU calculated value of scheduler-enlistment delay is 25 jiffies.
[    0.000000] rcu: Adjusting geometry for rcu_fanout_leaf=16, nr_cpu_ids=4
[    0.000000] NR_IRQS: 64, nr_irqs: 64, preallocated irqs: 0
[    0.000000] GIC: Adjusting CPU interface base to 0x00000000f902f000
[    0.000000] GIC: Using split EOI/Deactivate mode
[    0.000000] random: get_random_bytes called from start_kernel+0x31c/0x54c with crng_init=0
[    0.000000] arch_timer: cp15 timer(s) running at 100.00MHz (phys).
[    0.000000] clocksource: arch_sys_counter: mask: 0xffffffffffffff max_cycles: 0x171024e7e0, max_idle_ns: 440795205315 ns
[    0.000003] sched_clock: 56 bits at 100MHz, resolution 10ns, wraps every 4398046511100ns
[    0.008462] Console: colour dummy device 80x25
[    0.012482] Calibrating delay loop (skipped), value calculated using timer frequency.. 200.00 BogoMIPS (lpj=400000)
[    0.022840] pid_max: default: 32768 minimum: 301
[    0.027552] Mount-cache hash table entries: 8192 (order: 4, 65536 bytes, linear)
[    0.034789] Mountpoint-cache hash table entries: 8192 (order: 4, 65536 bytes, linear)
[    0.043392] rcu: Hierarchical SRCU implementation.
[    0.047561] EFI services will not be available.
[    0.051939] smp: Bringing up secondary CPUs ...
[    0.056657] Detected VIPT I-cache on CPU1
[    0.056695] CPU1: Booted secondary processor 0x0000000001 [0x410fd034]
[    0.057061] Detected VIPT I-cache on CPU2
[    0.057085] CPU2: Booted secondary processor 0x0000000002 [0x410fd034]
[    0.057423] Detected VIPT I-cache on CPU3
[    0.057446] CPU3: Booted secondary processor 0x0000000003 [0x410fd034]
[    0.057492] smp: Brought up 1 node, 4 CPUs
[    0.091780] SMP: Total of 4 processors activated.
[    0.096452] CPU features: detected: 32-bit EL0 Support
[    0.101556] CPU features: detected: CRC32 instructions
[    0.106696] CPU: All CPU(s) started at EL2
[    0.110736] alternatives: patching kernel code
[    0.116168] devtmpfs: initialized
[    0.124066] Registered cp15_barrier emulation handler
[    0.124116] Registered setend emulation handler
[    0.128091] clocksource: jiffies: mask: 0xffffffff max_cycles: 0xffffffff, max_idle_ns: 7645041785100000 ns
[    0.137670] futex hash table entries: 1024 (order: 4, 65536 bytes, linear)
[    0.151032] pinctrl core: initialized pinctrl subsystem
[    0.151681] NET: Registered protocol family 16
[    0.156101] DMA: preallocated 512 KiB GFP_KERNEL pool for atomic allocations
[    0.162116] DMA: preallocated 512 KiB GFP_KERNEL|GFP_DMA pool for atomic allocations
[    0.169841] DMA: preallocated 512 KiB GFP_KERNEL|GFP_DMA32 pool for atomic allocations
[    0.177645] audit: initializing netlink subsys (disabled)
[    0.183097] audit: type=2000 audit(0.116:1): state=initialized audit_enabled=0 res=1
[    0.183445] hw-breakpoint: found 6 breakpoint and 4 watchpoint registers.
[    0.197472] ASID allocator initialised with 65536 entries
[    0.224329] HugeTLB registered 1.00 GiB page size, pre-allocated 0 pages
[    0.225386] HugeTLB registered 32.0 MiB page size, pre-allocated 0 pages
[    0.232056] HugeTLB registered 2.00 MiB page size, pre-allocated 0 pages
[    0.238720] HugeTLB registered 64.0 KiB page size, pre-allocated 0 pages
[    1.304235] DRBG: Continuing without Jitter RNG
[    1.382112] raid6: neonx8   gen()  2145 MB/s
[    1.450170] raid6: neonx8   xor()  1601 MB/s
[    1.518228] raid6: neonx4   gen()  2195 MB/s
[    1.586270] raid6: neonx4   xor()  1563 MB/s
[    1.654339] raid6: neonx2   gen()  2076 MB/s
[    1.722388] raid6: neonx2   xor()  1437 MB/s
[    1.790459] raid6: neonx1   gen()  1772 MB/s
[    1.858499] raid6: neonx1   xor()  1220 MB/s
[    1.926558] raid6: int64x8  gen()  1438 MB/s
[    1.994615] raid6: int64x8  xor()   771 MB/s
[    2.062691] raid6: int64x4  gen()  1598 MB/s
[    2.130732] raid6: int64x4  xor()   817 MB/s
[    2.198810] raid6: int64x2  gen()  1397 MB/s
[    2.266851] raid6: int64x2  xor()   750 MB/s
[    2.334923] raid6: int64x1  gen()  1033 MB/s
[    2.402989] raid6: int64x1  xor()   517 MB/s
[    2.403027] raid6: using algorithm neonx4 gen() 2195 MB/s
[    2.406978] raid6: .... xor() 1563 MB/s, rmw enabled
[    2.411909] raid6: using neon recovery algorithm
[    2.416919] iommu: Default domain type: Translated 
[    2.421532] SCSI subsystem initialized
[    2.425078] libata version 3.00 loaded.
[    2.425203] usbcore: registered new interface driver usbfs
[    2.430535] usbcore: registered new interface driver hub
[    2.435808] usbcore: registered new device driver usb
[    2.440940] mc: Linux media interface: v0.10
[    2.445058] videodev: Linux video capture interface: v2.00
[    2.450548] EDAC MC: Ver: 3.0.0
[    2.453990] zynqmp-ipi-mbox mailbox@ff990400: Registered ZynqMP IPI mbox with TX/RX channels.
[    2.462491] jesd204: created con: id=0, topo=0, link=0, /axi/spi@ff050000/hmc7044@0 <-> /fpga-axi@0/axi-adxcvr-tx@84b60000
[    2.473077] jesd204: created con: id=1, topo=0, link=2, /axi/spi@ff050000/hmc7044@0 <-> /fpga-axi@0/axi-adxcvr-rx@84a60000
[    2.484061] jesd204: created con: id=2, topo=0, link=0, /fpga-axi@0/axi-adxcvr-tx@84b60000 <-> /fpga-axi@0/axi-jesd204-tx@84b90000
[    2.495737] jesd204: created con: id=3, topo=0, link=2, /fpga-axi@0/axi-adxcvr-rx@84a60000 <-> /fpga-axi@0/axi-jesd204-rx@84a90000
[    2.507414] jesd204: created con: id=4, topo=0, link=0, /fpga-axi@0/axi-jesd204-tx@84b90000 <-> /fpga-axi@0/axi-ad9081-tx-hpc@84b10000
[    2.519442] jesd204: created con: id=5, topo=0, link=2, /fpga-axi@0/axi-jesd204-rx@84a90000 <-> /fpga-axi@0/axi-ad9081-rx-hpc@84a10000
[    2.531465] jesd204: created con: id=6, topo=0, link=2, /fpga-axi@0/axi-ad9081-rx-hpc@84a10000 <-> /axi/spi@ff040000/ad9081@0
[    2.542706] jesd204: created con: id=7, topo=0, link=0, /fpga-axi@0/axi-ad9081-tx-hpc@84b10000 <-> /axi/spi@ff040000/ad9081@0
[    2.553956] jesd204: /axi/spi@ff040000/ad9081@0: JESD204[2] transition uninitialized -> initialized
[    2.562943] jesd204: /axi/spi@ff040000/ad9081@0: JESD204[0] transition uninitialized -> initialized
[    2.571934] jesd204: found 8 devices and 1 topologies
[    2.576978] FPGA manager framework
[    2.580457] Advanced Linux Sound Architecture Driver Initialized.
[    2.586752] Bluetooth: Core ver 2.22
[    2.589937] NET: Registered protocol family 31
[    2.594338] Bluetooth: HCI device and connection manager initialized
[    2.600655] Bluetooth: HCI socket layer initialized
[    2.605497] Bluetooth: L2CAP socket layer initialized
[    2.610521] Bluetooth: SCO socket layer initialized
[    2.615706] clocksource: Switched to clocksource arch_sys_counter
[    2.621513] VFS: Disk quotas dquot_6.6.0
[    2.625349] VFS: Dquot-cache hash table entries: 512 (order 0, 4096 bytes)
[    2.636061] NET: Registered protocol family 2
[    2.636794] tcp_listen_portaddr_hash hash table entries: 2048 (order: 3, 32768 bytes, linear)
[    2.644988] TCP established hash table entries: 32768 (order: 6, 262144 bytes, linear)
[    2.653013] TCP bind hash table entries: 32768 (order: 7, 524288 bytes, linear)
[    2.660459] TCP: Hash tables configured (established 32768 bind 32768)
[    2.666634] UDP hash table entries: 2048 (order: 4, 65536 bytes, linear)
[    2.673299] UDP-Lite hash table entries: 2048 (order: 4, 65536 bytes, linear)
[    2.680460] NET: Registered protocol family 1
[    2.684916] RPC: Registered named UNIX socket transport module.
[    2.690535] RPC: Registered udp transport module.
[    2.695200] RPC: Registered tcp transport module.
[    2.699870] RPC: Registered tcp NFSv4.1 backchannel transport module.
[    2.706861] PCI: CLS 0 bytes, default 64
[    2.710566] hw perfevents: no interrupt-affinity property for /pmu, guessing.
[    2.717422] hw perfevents: enabled with armv8_pmuv3 PMU driver, 7 counters available
[    2.725774] Initialise system trusted keyrings
[    2.729449] workingset: timestamp_bits=62 max_order=20 bucket_order=0
[    2.736347] NFS: Registering the id_resolver key type
[    2.740799] Key type id_resolver registered
[    2.744938] Key type id_legacy registered
[    2.748927] nfs4filelayout_init: NFSv4 File Layout Driver Registering...
[    2.755594] jffs2: version 2.2. (NAND) (SUMMARY)  Â© 2001-2006 Red Hat, Inc.
[    2.799284] NET: Registered protocol family 38
[    2.799326] xor: measuring software checksum speed
[    2.807015]    8regs           :  2363 MB/sec
[    2.810683]    32regs          :  2799 MB/sec
[    2.815627]    arm64_neon      :  2380 MB/sec
[    2.815820] xor: using function: 32regs (2799 MB/sec)
[    2.820842] Key type asymmetric registered
[    2.824903] Asymmetric key parser 'x509' registered
[    2.829765] Block layer SCSI generic (bsg) driver version 0.4 loaded (major 248)
[    2.837101] io scheduler mq-deadline registered
[    2.841598] io scheduler kyber registered
[    2.871002] Serial: 8250/16550 driver, 4 ports, IRQ sharing disabled
[    2.875641] cacheinfo: Unable to detect cache hierarchy for CPU 0
[    2.881982] brd: module loaded
[    2.886118] loop: module loaded
[    2.886663] Registered mathworks_ip class
[    2.890016] libphy: Fixed MDIO Bus: probed
[    2.892987] tun: Universal TUN/TAP device driver, 1.6
[    2.897055] CAN device driver interface
[    2.901588] usbcore: registered new interface driver asix
[    2.906188] usbcore: registered new interface driver ax88179_178a
[    2.912221] usbcore: registered new interface driver cdc_ether
[    2.918014] usbcore: registered new interface driver net1080
[    2.923639] usbcore: registered new interface driver cdc_subset
[    2.929519] usbcore: registered new interface driver zaurus
[    2.935063] usbcore: registered new interface driver cdc_ncm
[    2.941465] ehci_hcd: USB 2.0 'Enhanced' Host Controller (EHCI) Driver
[    2.947148] ehci-pci: EHCI PCI platform driver
[    2.951954] usbcore: registered new interface driver uas
[    2.956867] usbcore: registered new interface driver usb-storage
[    2.962854] usbcore: registered new interface driver usbserial_generic
[    2.969303] usbserial: USB Serial support registered for generic
[    2.975276] usbcore: registered new interface driver ftdi_sio
[    2.980979] usbserial: USB Serial support registered for FTDI USB Serial Device
[    2.988255] usbcore: registered new interface driver upd78f0730
[    2.994126] usbserial: USB Serial support registered for upd78f0730
[    3.001780] rtc_zynqmp ffa60000.rtc: registered as rtc0
[    3.005551] rtc_zynqmp ffa60000.rtc: setting system clock to 2022-03-25T23:23:32 UTC (1648250612)
[    3.014415] i2c /dev entries driver
[    3.019730] usbcore: registered new interface driver uvcvideo
[    3.023520] USB Video Class driver (1.1.1)
[    3.029106] Bluetooth: HCI UART driver ver 2.3
[    3.032009] Bluetooth: HCI UART protocol H4 registered
[    3.037108] Bluetooth: HCI UART protocol BCSP registered
[    3.042396] Bluetooth: HCI UART protocol LL registered
[    3.047487] Bluetooth: HCI UART protocol ATH3K registered
[    3.052862] Bluetooth: HCI UART protocol Three-wire (H5) registered
[    3.059114] Bluetooth: HCI UART protocol Intel registered
[    3.064452] Bluetooth: HCI UART protocol QCA registered
[    3.069656] usbcore: registered new interface driver bcm203x
[    3.075273] usbcore: registered new interface driver bpa10x
[    3.080809] usbcore: registered new interface driver bfusb
[    3.086262] usbcore: registered new interface driver btusb
[    3.091729] usbcore: registered new interface driver ath3k
[    3.097206] EDAC MC: ECC not enabled
[    3.100834] EDAC DEVICE0: Giving out device to module zynqmp-ocm-edac controller zynqmp_ocm: DEV ff960000.memory-controller (INTERRUPT)
[    3.113145] sdhci: Secure Digital Host Controller Interface driver
[    3.118936] sdhci: Copyright(c) Pierre Ossman
[    3.123258] sdhci-pltfm: SDHCI platform and OF driver helper
[    3.129313] ledtrig-cpu: registered to indicate activity on CPUs
[    3.134864] SMCCC: SOC_ID: ARCH_SOC_ID not implemented, skipping ....
[    3.141294] zynqmp_firmware_probe Platform Management API v1.1
[    3.147051] zynqmp_firmware_probe Trustzone version v1.0
[    3.186588] zynqmp-pinctrl firmware:zynqmp-firmware:pinctrl: zynqmp pinctrl initialized
[    3.234587] zynqmp-aes firmware:zynqmp-firmware:zynqmp-aes: will run requests pump with realtime priority
[    3.250431] alg: No test for xilinx-keccak-384 (zynqmp-keccak-384)
[    3.251141] alg: No test for xilinx-zynqmp-rsa (zynqmp-rsa)
[    3.256654] usbcore: registered new interface driver usbhid
[    3.262043] usbhid: USB HID core driver
[    3.273289] axi_sysid 85000000.axi-sysid-0: AXI System ID core version (1.01.a) found
[    3.275641] axi_sysid 85000000.axi-sysid-0: [ad9081_fmca_ebz] on [zcu102] git branch <master> git <084d44c9780640ca93fd847b1d9ec70dd65f5c67> clean [2022-03-18 04:17:50] UTC
[    3.291325] fpga_manager fpga0: Xilinx ZynqMP FPGA Manager registered
[    3.297683] usbcore: registered new interface driver snd-usb-audio
[    3.305137] pktgen: Packet Generator for packet performance testing. Version: 2.75
[    3.311318] Initializing XFRM netlink socket
[    3.315173] NET: Registered protocol family 10
[    3.319898] Segment Routing with IPv6
[    3.323260] sit: IPv6, IPv4 and MPLS over IPv4 tunneling driver
[    3.329342] NET: Registered protocol family 17
[    3.333443] NET: Registered protocol family 15
[    3.337943] can: controller area network core
[    3.342193] NET: Registered protocol family 29
[    3.346582] can: raw protocol
[    3.349520] can: broadcast manager protocol
[    3.353673] can: netlink gateway - max_hops=1
[    3.358070] Bluetooth: RFCOMM TTY layer initialized
[    3.362848] Bluetooth: RFCOMM socket layer initialized
[    3.367953] Bluetooth: RFCOMM ver 1.11
[    3.371661] Bluetooth: BNEP (Ethernet Emulation) ver 1.3
[    3.376938] Bluetooth: BNEP filters: protocol multicast
[    3.382131] Bluetooth: BNEP socket layer initialized
[    3.387059] Bluetooth: HIDP (Human Interface Emulation) ver 1.2
[    3.392942] Bluetooth: HIDP socket layer initialized
[    3.397996] 9pnet: Installing 9P2000 support
[    3.402120] NET: Registered protocol family 36
[    3.406538] Key type dns_resolver registered
[    3.410968] registered taskstats version 1
[    3.414832] Loading compiled-in X.509 certificates
[    3.419952] Btrfs loaded, crc32c=crc32c-generic
[    3.432352] ff000000.serial: ttyPS0 at MMIO 0xff000000 (irq = 49, base_baud = 6249999) is a xuartps
[    3.441376] printk: console [ttyPS0] enabled
[    3.445670] printk: bootconsole [cdns0] disabled
[    3.455297] ff010000.serial: ttyPS1 at MMIO 0xff010000 (irq = 50, base_baud = 6249999) is a xuartps
[    3.468548] of-fpga-region fpga-full: FPGA Region probed
[    3.475502] nwl-pcie fd0e0000.pcie: host bridge /axi/pcie@fd0e0000 ranges:
[    3.482400] nwl-pcie fd0e0000.pcie:      MEM 0x00e0000000..0x00efffffff -> 0x00e0000000
[    3.490402] nwl-pcie fd0e0000.pcie:      MEM 0x0600000000..0x07ffffffff -> 0x0600000000
[    3.498463] nwl-pcie fd0e0000.pcie: Link is DOWN
[    3.503220] nwl-pcie fd0e0000.pcie: PCI host bridge to bus 0000:00
[    3.509400] pci_bus 0000:00: root bus resource [bus 00-ff]
[    3.514881] pci_bus 0000:00: root bus resource [mem 0xe0000000-0xefffffff]
[    3.521746] pci_bus 0000:00: root bus resource [mem 0x600000000-0x7ffffffff pref]
[    3.529249] pci 0000:00:00.0: [10ee:d021] type 01 class 0x060400
[    3.535312] pci 0000:00:00.0: PME# supported from D0 D1 D2 D3hot
[    3.545749] pci 0000:00:00.0: PCI bridge to [bus 01-0c]
[    3.551738] xilinx-zynqmp-dma fd500000.dma: ZynqMP DMA driver Probe success
[    3.558916] xilinx-zynqmp-dma fd510000.dma: ZynqMP DMA driver Probe success
[    3.566098] xilinx-zynqmp-dma fd520000.dma: ZynqMP DMA driver Probe success
[    3.573271] xilinx-zynqmp-dma fd530000.dma: ZynqMP DMA driver Probe success
[    3.580436] xilinx-zynqmp-dma fd540000.dma: ZynqMP DMA driver Probe success
[    3.587606] xilinx-zynqmp-dma fd550000.dma: ZynqMP DMA driver Probe success
[    3.594776] xilinx-zynqmp-dma fd560000.dma: ZynqMP DMA driver Probe success
[    3.601946] xilinx-zynqmp-dma fd570000.dma: ZynqMP DMA driver Probe success
[    3.609342] xilinx-zynqmp-dpdma fd4c0000.dma-controller: Xilinx DPDMA engine is probed
[    3.617891] ahci-ceva fd0c0000.ahci: supply ahci not found, using dummy regulator
[    3.625431] ahci-ceva fd0c0000.ahci: supply phy not found, using dummy regulator
[    3.715877] hmc7044 spi2.0: PLL1: Acquisition, CLKIN0 @ 122880000 Hz, PFD: 80 kHz - PLL2: Locked @ 2520.000000 MHz
[    3.726591] jesd204: /axi/spi@ff050000/hmc7044@0,jesd204:1,parent=spi2.0: Using as SYSREF provider
[    3.736176] spi-nor spi0.0: SPI-NOR-UniqueID 100000235394732200270025081115266e
[    3.743481] spi-nor spi0.0: found n25q512a, expected m25p80
[    3.749688] spi-nor spi0.0: trying to lock already unlocked area
[    3.755691] spi-nor spi0.0: n25q512a (131072 Kbytes)
[    3.760676] 4 fixed-partitions partitions found on MTD device spi0.0
[    3.767024] Creating 4 MTD partitions on "spi0.0":
[    3.771809] 0x000000000000-0x000000100000 : "qspi-fsbl-uboot"
[    3.778296] 0x000000100000-0x000000600000 : "qspi-linux"
[    3.784256] 0x000000600000-0x000000620000 : "qspi-device-tree"
[    3.790727] 0x000000620000-0x000000c00000 : "qspi-rootfs"
[    3.799197] macb ff0e0000.ethernet: Not enabling partial store and forward
[    3.806722] libphy: MACB_mii_bus: probed
[    3.811779] macb ff0e0000.ethernet eth0: Cadence GEM rev 0x50070106 at 0xff0e0000 irq 30 (00:0a:35:04:8e:1b)
[    3.821982] xilinx-axipmon ffa00000.perf-monitor: Probed Xilinx APM
[    3.828561] xilinx-axipmon fd0b0000.perf-monitor: Probed Xilinx APM
[    3.835082] xilinx-axipmon fd490000.perf-monitor: Probed Xilinx APM
[    3.841621] xilinx-axipmon ffa10000.perf-monitor: Probed Xilinx APM
[    3.851598] pca953x 0-0020: supply vcc not found, using dummy regulator
[    3.858281] pca953x 0-0020: using no AI
[    3.862770] gpio-496 (sel0): hogged as output/low
[    3.867669] gpio-497 (sel1): hogged as output/high
[    3.872656] gpio-498 (sel2): hogged as output/high
[    3.877644] gpio-499 (sel3): hogged as output/high
[    3.882821] pca953x 0-0021: supply vcc not found, using dummy regulator
[    3.889494] pca953x 0-0021: using no AI
[    3.895263] ina2xx 2-0040: power monitor ina226 (Rshunt = 5000 uOhm)
[    3.902289] ina2xx 2-0041: power monitor ina226 (Rshunt = 5000 uOhm)
[    3.909329] ina2xx 2-0042: power monitor ina226 (Rshunt = 5000 uOhm)
[    3.916367] ina2xx 2-0043: power monitor ina226 (Rshunt = 5000 uOhm)
[    3.923394] ina2xx 2-0044: power monitor ina226 (Rshunt = 5000 uOhm)
[    3.930419] ina2xx 2-0045: power monitor ina226 (Rshunt = 5000 uOhm)
[    3.937449] ina2xx 2-0046: power monitor ina226 (Rshunt = 5000 uOhm)
[    3.944523] ina2xx 2-0047: power monitor ina226 (Rshunt = 5000 uOhm)
[    3.951548] ina2xx 2-004a: power monitor ina226 (Rshunt = 5000 uOhm)
[    3.958589] ina2xx 2-004b: power monitor ina226 (Rshunt = 5000 uOhm)
[    3.964998] i2c i2c-0: Added multiplexed i2c bus 2
[    3.970384] random: fast init done
[    3.973856] ina2xx 3-0040: power monitor ina226 (Rshunt = 2000 uOhm)
[    3.980883] ina2xx 3-0041: power monitor ina226 (Rshunt = 5000 uOhm)
[    3.987910] ina2xx 3-0042: power monitor ina226 (Rshunt = 5000 uOhm)
[    3.994941] ina2xx 3-0043: power monitor ina226 (Rshunt = 5000 uOhm)
[    4.001968] ina2xx 3-0044: power monitor ina226 (Rshunt = 5000 uOhm)
[    4.008993] ina2xx 3-0045: power monitor ina226 (Rshunt = 5000 uOhm)
[    4.016029] ina2xx 3-0046: power monitor ina226 (Rshunt = 5000 uOhm)
[    4.023057] ina2xx 3-0047: power monitor ina226 (Rshunt = 5000 uOhm)
[    4.029457] i2c i2c-0: Added multiplexed i2c bus 3
[    4.086087] i2c i2c-0: Added multiplexed i2c bus 4
[    4.091031] i2c i2c-0: Added multiplexed i2c bus 5
[    4.095820] pca954x 0-0075: registered 4 multiplexed busses for I2C mux pca9544
[    4.103170] cdns-i2c ff020000.i2c: 400 kHz mmio ff020000 irq 32
[    4.110901] at24 6-0054: supply vcc not found, using dummy regulator
[    4.117800] at24 6-0054: 1024 byte 24c08 EEPROM, writable, 1 bytes/write
[    4.124549] i2c i2c-1: Added multiplexed i2c bus 6
[    4.130976] si5341 7-0036: Chip: 5341 Grade: 1 Rev: 1
[    4.168662] i2c i2c-1: Added multiplexed i2c bus 7
[    4.176316] si570 8-005d: registered, current frequency 300000000 Hz
[    4.182721] i2c i2c-1: Added multiplexed i2c bus 8
[    4.202506] si570 9-005d: registered, current frequency 148500000 Hz
[    4.208909] i2c i2c-1: Added multiplexed i2c bus 9
[    4.213949] si5324 10-0069: si5328 probed
[    4.280055] si5324 10-0069: si5328 probe successful
[    4.284983] i2c i2c-1: Added multiplexed i2c bus 10
[    4.290009] i2c i2c-1: Added multiplexed i2c bus 11
[    4.295036] i2c i2c-1: Added multiplexed i2c bus 12
[    4.300057] i2c i2c-1: Added multiplexed i2c bus 13
[    4.304929] pca954x 1-0074: registered 8 multiplexed busses for I2C switch pca9548
[    4.313039] at24 14-0050: supply vcc not found, using dummy regulator
[    4.319827] at24 14-0050: 256 byte 24c02 EEPROM, writable, 1 bytes/write
[    4.326573] i2c i2c-1: Added multiplexed i2c bus 14
[    4.331614] i2c i2c-1: Added multiplexed i2c bus 15
[    4.336645] i2c i2c-1: Added multiplexed i2c bus 16
[    4.341683] i2c i2c-1: Added multiplexed i2c bus 17
[    4.346714] i2c i2c-1: Added multiplexed i2c bus 18
[    4.351761] i2c i2c-1: Added multiplexed i2c bus 19
[    4.356797] i2c i2c-1: Added multiplexed i2c bus 20
[    4.361831] i2c i2c-1: Added multiplexed i2c bus 21
[    4.366705] pca954x 1-0075: registered 8 multiplexed busses for I2C switch pca9548
[    4.374313] cdns-i2c ff030000.i2c: 400 kHz mmio ff030000 irq 33
[    4.384067] cdns-wdt fd4d0000.watchdog: Xilinx Watchdog Timer with timeout 60s
[    4.395002] axi_adxcvr 84a60000.axi-adxcvr-rx: AXI-ADXCVR-RX (17.05.a) using CPLL on GTH4 at 0x84A60000. Number of lanes: 4.
[    4.407148] axi_adxcvr 84b60000.axi-adxcvr-tx: AXI-ADXCVR-TX (17.05.a) using QPLL on GTH4 at 0x84B60000. Number of lanes: 4.
[    4.418770] axi-jesd204-rx 84a90000.axi-jesd204-rx: AXI-JESD204-RX (1.07.a) at 0x84A90000. Encoder 8b10b, width 4/4, lanes 4, jesd204-fsm.
[    4.426084] mmc0: SDHCI controller on ff170000.mmc [ff170000.mmc] using ADMA 64-bit
[    4.431615] axi-jesd204-tx 84b90000.axi-jesd204-tx: AXI-JESD204-TX (1.06.a) at 0x84B90000. Encoder 8b10b, width 4/4, lanes 4, jesd204-fsm.
[    4.452333] zynqmp-display fd4a0000.display: vtc bridge property not present
[    4.461984] xilinx-dp-snd-codec fd4a0000.display:zynqmp_dp_snd_codec0: Failed to get required clock freq
[    4.471490] xilinx-dp-snd-codec: probe of fd4a0000.display:zynqmp_dp_snd_codec0 failed with error -22
[    4.473487] mmc0: new high speed SDHC card at address 0001
[    4.481028] xilinx-dp-snd-pcm zynqmp_dp_snd_pcm0: Xilinx DisplayPort Sound PCM probed
[    4.486544] mmcblk0: mmc0:0001 EB1QT 29.8 GiB 
[    4.494347] xilinx-dp-snd-pcm zynqmp_dp_snd_pcm1: Xilinx DisplayPort Sound PCM probed
[    4.499708]  mmcblk0: p1 p2 p3
[    4.506648] OF: graph: no port node found in /axi/display@fd4a0000
[    4.515729] xlnx-drm xlnx-drm.0: bound fd4a0000.display (ops 0xffffffc010fcbdb8)
[    5.599723] zynqmp-display fd4a0000.display: [drm] Cannot find any crtc or sizes
[    5.607341] [drm] Initialized xlnx 1.0.0 20130509 for fd4a0000.display on minor 0
[    5.614830] zynqmp-display fd4a0000.display: ZynqMP DisplayPort Subsystem driver probed
[    5.623156] ahci-ceva fd0c0000.ahci: supply ahci not found, using dummy regulator
[    5.630701] ahci-ceva fd0c0000.ahci: supply phy not found, using dummy regulator
[    5.638151] ahci-ceva fd0c0000.ahci: supply target not found, using dummy regulator
[    5.645989] ahci-ceva fd0c0000.ahci: AHCI 0001.0301 32 slots 2 ports 6 Gbps 0x3 impl platform mode
[    5.654946] ahci-ceva fd0c0000.ahci: flags: 64bit ncq sntf pm clo only pmp fbs pio slum part ccc sds apst 
[    5.665644] scsi host0: ahci-ceva
[    5.669242] scsi host1: ahci-ceva
[    5.672673] ata1: SATA max UDMA/133 mmio [mem 0xfd0c0000-0xfd0c1fff] port 0x100 irq 45
[    5.680585] ata2: SATA max UDMA/133 mmio [mem 0xfd0c0000-0xfd0c1fff] port 0x180 irq 45
[    5.689185] ad9081 spi1.0: supply vdd not found, using dummy regulator
[    6.001955] ata1: SATA link down (SStatus 0 SControl 330)
[    6.007376] ata2: SATA link down (SStatus 0 SControl 330)
[    6.683724] zynqmp-display fd4a0000.display: [drm] Cannot find any crtc or sizes
[    6.881166] ad9081 spi1.0: Invalid param passed., "ref_clk_hz < 100000000ULL" in adi_ad9081_device_clk_config_set(...), line554 in drivers/iio/adc/ad9081/adi_ad9081_device.c
[    7.548465] ad9081 spi1.0: AD9081 Rev. 2 Grade 10 (API 1.2.2) probed
[    7.555683] xhci-hcd xhci-hcd.1.auto: xHCI Host Controller
[    7.561179] xhci-hcd xhci-hcd.1.auto: new USB bus registered, assigned bus number 1
[    7.568927] xhci-hcd xhci-hcd.1.auto: hcc params 0x0238f625 hci version 0x100 quirks 0x0000000002010810
[    7.578339] xhci-hcd xhci-hcd.1.auto: irq 59, io mem 0xfe200000
[    7.584445] usb usb1: New USB device found, idVendor=1d6b, idProduct=0002, bcdDevice= 5.10
[    7.592704] usb usb1: New USB device strings: Mfr=3, Product=2, SerialNumber=1
[    7.599922] usb usb1: Product: xHCI Host Controller
[    7.604791] usb usb1: Manufacturer: Linux 5.10.0-98103-g2aa7ac113716 xhci-hcd
[    7.611917] usb usb1: SerialNumber: xhci-hcd.1.auto
[    7.617084] hub 1-0:1.0: USB hub found
[    7.620845] hub 1-0:1.0: 1 port detected
[    7.624949] xhci-hcd xhci-hcd.1.auto: xHCI Host Controller
[    7.630437] xhci-hcd xhci-hcd.1.auto: new USB bus registered, assigned bus number 2
[    7.638093] xhci-hcd xhci-hcd.1.auto: Host supports USB 3.0 SuperSpeed
[    7.644721] usb usb2: New USB device found, idVendor=1d6b, idProduct=0003, bcdDevice= 5.10
[    7.652978] usb usb2: New USB device strings: Mfr=3, Product=2, SerialNumber=1
[    7.660201] usb usb2: Product: xHCI Host Controller
[    7.665074] usb usb2: Manufacturer: Linux 5.10.0-98103-g2aa7ac113716 xhci-hcd
[    7.672199] usb usb2: SerialNumber: xhci-hcd.1.auto
[    7.677306] hub 2-0:1.0: USB hub found
[    7.681061] hub 2-0:1.0: 1 port detected
[    7.711116] cf_axi_adc 84a10000.axi-ad9081-rx-hpc: ADI AIM (10.01.b) at 0x84A10000 mapped to 0x(____ptrval____), probed ADC AD9081 as MASTER
[    7.744542] cf_axi_dds 84b10000.axi-ad9081-tx-hpc: Analog Devices CF_AXI_DDS_DDS MASTER (9.01.b) at 0x84B10000 mapped to 0x(____ptrval____), probed DDS AD9081
[    7.758750] jesd204: /axi/spi@ff040000/ad9081@0,jesd204:0,parent=spi1.0: JESD204[2] transition initialized -> probed
[    7.769269] jesd204: /axi/spi@ff040000/ad9081@0,jesd204:0,parent=spi1.0: JESD204[0] transition initialized -> probed
[    7.779791] jesd204: /axi/spi@ff040000/ad9081@0,jesd204:0,parent=spi1.0: JESD204[2] transition probed -> idle
[    7.789700] jesd204: /axi/spi@ff040000/ad9081@0,jesd204:0,parent=spi1.0: JESD204[0] transition probed -> idle
[    7.799614] jesd204: /axi/spi@ff040000/ad9081@0,jesd204:0,parent=spi1.0: JESD204[2] transition idle -> device_init
[    7.809957] jesd204: /axi/spi@ff040000/ad9081@0,jesd204:0,parent=spi1.0: JESD204[0] transition idle -> device_init
[    7.820309] jesd204: /axi/spi@ff040000/ad9081@0,jesd204:0,parent=spi1.0: JESD204[2] transition device_init -> link_init
[    7.831084] jesd204: /axi/spi@ff040000/ad9081@0,jesd204:0,parent=spi1.0: JESD204[0] transition device_init -> link_init
[    7.841875] jesd204: /axi/spi@ff040000/ad9081@0,jesd204:0,parent=spi1.0: JESD204[2] transition link_init -> link_supported
[    7.852915] jesd204: /axi/spi@ff040000/ad9081@0,jesd204:0,parent=spi1.0: JESD204[0] transition link_init -> link_supported
[    7.864330] hmc7044 spi2.0: hmc7044_jesd204_link_pre_setup: Link2 forcing continuous SYSREF mode
[    7.873475] axi-jesd204-tx 84b90000.axi-jesd204-tx: axi_jesd204_tx_jesd204_link_pre_setup: Link0 set lane rate 4200000 kHz failed (-22)
[    7.885649] jesd204: /fpga-axi@0/axi-jesd204-tx@84b90000,jesd204:5,parent=84b90000.axi-jesd204-tx: JESD204[0] In link_pre_setup got error from cb: -22
[    7.899119] jesd204: /axi/spi@ff040000/ad9081@0,jesd204:0,parent=spi1.0: Rolling back from 'link_supported', got error -22
[    7.910168] jesd204: /axi/spi@ff040000/ad9081@0,jesd204:0,parent=spi1.0: JESD204[0] transition link_supported -> link_pre_setup
[    7.921642] jesd204: /axi/spi@ff040000/ad9081@0,jesd204:0,parent=spi1.0: JESD204[2] transition link_supported -> link_pre_setup
[    7.933120] jesd204: /axi/spi@ff040000/ad9081@0,jesd204:0,parent=spi1.0: JESD204[0] transition link_pre_setup -> link_supported
[    7.944593] jesd204: /axi/spi@ff040000/ad9081@0,jesd204:0,parent=spi1.0: JESD204[2] transition link_pre_setup -> link_supported
[    7.956070] jesd204: /axi/spi@ff040000/ad9081@0,jesd204:0,parent=spi1.0: JESD204[0] transition link_supported -> link_init
[    7.967108] jesd204: /axi/spi@ff040000/ad9081@0,jesd204:0,parent=spi1.0: JESD204[2] transition link_supported -> link_init
[    7.978155] jesd204: /axi/spi@ff040000/ad9081@0,jesd204:0,parent=spi1.0: JESD204[0] transition link_init -> device_init
[    7.988933] jesd204: /axi/spi@ff040000/ad9081@0,jesd204:0,parent=spi1.0: JESD204[2] transition link_init -> device_init
[    7.999714] jesd204: /axi/spi@ff040000/ad9081@0,jesd204:0,parent=spi1.0: JESD204[0] transition device_init -> idle
[    8.010057] jesd204: /axi/spi@ff040000/ad9081@0,jesd204:0,parent=spi1.0: JESD204[2] transition device_init -> idle
[    8.020408] jesd204: /axi/spi@ff040000/ad9081@0,jesd204:0,parent=spi1.0: JESD204[2] transition idle -> idle
[    8.030143] jesd204: /axi/spi@ff040000/ad9081@0,jesd204:0,parent=spi1.0: JESD204[0] transition idle -> idle
[    8.039884] jesd204: /axi/spi@ff040000/ad9081@0,jesd204:0,parent=spi1.0: JESD204[2] transition idle -> device_init
[    8.050228] jesd204: /axi/spi@ff040000/ad9081@0,jesd204:0,parent=spi1.0: JESD204[0] transition idle -> device_init
[    8.060578] jesd204: /axi/spi@ff040000/ad9081@0,jesd204:0,parent=spi1.0: JESD204[2] transition device_init -> link_init
[    8.071360] jesd204: /axi/spi@ff040000/ad9081@0,jesd204:0,parent=spi1.0: JESD204[0] transition device_init -> link_init
[    8.082143] jesd204: /axi/spi@ff040000/ad9081@0,jesd204:0,parent=spi1.0: JESD204[2] transition link_init -> link_supported
[    8.093184] jesd204: /axi/spi@ff040000/ad9081@0,jesd204:0,parent=spi1.0: JESD204[0] transition link_init -> link_supported
[    8.104562] axi-jesd204-tx 84b90000.axi-jesd204-tx: axi_jesd204_tx_jesd204_link_pre_setup: Link0 set lane rate 4200000 kHz failed (-22)
[    8.116731] jesd204: /fpga-axi@0/axi-jesd204-tx@84b90000,jesd204:5,parent=84b90000.axi-jesd204-tx: JESD204[0] In link_pre_setup got error from cb: -22
[    8.130197] jesd204: /axi/spi@ff040000/ad9081@0,jesd204:0,parent=spi1.0: Rolling back from 'link_supported', got error -22
[    8.141241] jesd204: /axi/spi@ff040000/ad9081@0,jesd204:0,parent=spi1.0: JESD204[0] transition link_supported -> link_pre_setup
[    8.152715] jesd204: /axi/spi@ff040000/ad9081@0,jesd204:0,parent=spi1.0: JESD204[2] transition link_supported -> link_pre_setup
[    8.164191] jesd204: /axi/spi@ff040000/ad9081@0,jesd204:0,parent=spi1.0: JESD204[0] transition link_pre_setup -> link_supported
[    8.175662] jesd204: /axi/spi@ff040000/ad9081@0,jesd204:0,parent=spi1.0: JESD204[2] transition link_pre_setup -> link_supported
[    8.187139] jesd204: /axi/spi@ff040000/ad9081@0,jesd204:0,parent=spi1.0: JESD204[0] transition link_supported -> link_init
[    8.198177] jesd204: /axi/spi@ff040000/ad9081@0,jesd204:0,parent=spi1.0: JESD204[2] transition link_supported -> link_init
[    8.209225] jesd204: /axi/spi@ff040000/ad9081@0,jesd204:0,parent=spi1.0: JESD204[0] transition link_init -> device_init
[    8.220000] jesd204: /axi/spi@ff040000/ad9081@0,jesd204:0,parent=spi1.0: JESD204[2] transition link_init -> device_init
[    8.230783] jesd204: /axi/spi@ff040000/ad9081@0,jesd204:0,parent=spi1.0: JESD204[0] transition device_init -> idle
[    8.241130] jesd204: /axi/spi@ff040000/ad9081@0,jesd204:0,parent=spi1.0: JESD204[2] transition device_init -> idle
[    8.251478] jesd204: /axi/spi@ff040000/ad9081@0,jesd204:0,parent=spi1.0: JESD204[2] transition idle -> idle
[    8.261212] jesd204: /axi/spi@ff040000/ad9081@0,jesd204:0,parent=spi1.0: JESD204[0] transition idle -> idle
[    8.270954] jesd204: /axi/spi@ff040000/ad9081@0,jesd204:0,parent=spi1.0: JESD204[2] transition idle -> device_init
[    8.281297] jesd204: /axi/spi@ff040000/ad9081@0,jesd204:0,parent=spi1.0: JESD204[0] transition idle -> device_init
[    8.291648] jesd204: /axi/spi@ff040000/ad9081@0,jesd204:0,parent=spi1.0: JESD204[2] transition device_init -> link_init
[    8.302425] jesd204: /axi/spi@ff040000/ad9081@0,jesd204:0,parent=spi1.0: JESD204[0] transition device_init -> link_init
[    8.313213] jesd204: /axi/spi@ff040000/ad9081@0,jesd204:0,parent=spi1.0: JESD204[2] transition link_init -> link_supported
[    8.324256] jesd204: /axi/spi@ff040000/ad9081@0,jesd204:0,parent=spi1.0: JESD204[0] transition link_init -> link_supported
[    8.335592] axi-jesd204-tx 84b90000.axi-jesd204-tx: axi_jesd204_tx_jesd204_link_pre_setup: Link0 set lane rate 4200000 kHz failed (-22)
[    8.347763] jesd204: /fpga-axi@0/axi-jesd204-tx@84b90000,jesd204:5,parent=84b90000.axi-jesd204-tx: JESD204[0] In link_pre_setup got error from cb: -22
[    8.361233] jesd204: /axi/spi@ff040000/ad9081@0,jesd204:0,parent=spi1.0: Rolling back from 'link_supported', got error -22
[    8.372281] jesd204: /axi/spi@ff040000/ad9081@0,jesd204:0,parent=spi1.0: JESD204[0] transition link_supported -> link_pre_setup
[    8.383757] jesd204: /axi/spi@ff040000/ad9081@0,jesd204:0,parent=spi1.0: JESD204[2] transition link_supported -> link_pre_setup
[    8.395235] jesd204: /axi/spi@ff040000/ad9081@0,jesd204:0,parent=spi1.0: JESD204[0] transition link_pre_setup -> link_supported
[    8.406706] jesd204: /axi/spi@ff040000/ad9081@0,jesd204:0,parent=spi1.0: JESD204[2] transition link_pre_setup -> link_supported
[    8.418184] jesd204: /axi/spi@ff040000/ad9081@0,jesd204:0,parent=spi1.0: JESD204[0] transition link_supported -> link_init
[    8.429222] jesd204: /axi/spi@ff040000/ad9081@0,jesd204:0,parent=spi1.0: JESD204[2] transition link_supported -> link_init
[    8.440268] jesd204: /axi/spi@ff040000/ad9081@0,jesd204:0,parent=spi1.0: JESD204[0] transition link_init -> device_init
[    8.451046] jesd204: /axi/spi@ff040000/ad9081@0,jesd204:0,parent=spi1.0: JESD204[2] transition link_init -> device_init
[    8.461828] jesd204: /axi/spi@ff040000/ad9081@0,jesd204:0,parent=spi1.0: JESD204[0] transition device_init -> idle
[    8.472171] jesd204: /axi/spi@ff040000/ad9081@0,jesd204:0,parent=spi1.0: JESD204[2] transition device_init -> idle
[    8.482521] jesd204: /axi/spi@ff040000/ad9081@0,jesd204:0,parent=spi1.0: JESD204[2] transition idle -> idle
[    8.492256] jesd204: /axi/spi@ff040000/ad9081@0,jesd204:0,parent=spi1.0: JESD204[0] transition idle -> idle
[    8.502002] jesd204: /axi/spi@ff040000/ad9081@0,jesd204:0,parent=spi1.0: JESD204[2] transition idle -> device_init
[    8.512343] jesd204: /axi/spi@ff040000/ad9081@0,jesd204:0,parent=spi1.0: JESD204[0] transition idle -> device_init
[    8.522692] jesd204: /axi/spi@ff040000/ad9081@0,jesd204:0,parent=spi1.0: JESD204[2] transition device_init -> link_init
[    8.533469] jesd204: /axi/spi@ff040000/ad9081@0,jesd204:0,parent=spi1.0: JESD204[0] transition device_init -> link_init
[    8.544257] jesd204: /axi/spi@ff040000/ad9081@0,jesd204:0,parent=spi1.0: JESD204[2] transition link_init -> link_supported
[    8.555300] jesd204: /axi/spi@ff040000/ad9081@0,jesd204:0,parent=spi1.0: JESD204[0] transition link_init -> link_supported
[    8.566636] axi-jesd204-tx 84b90000.axi-jesd204-tx: axi_jesd204_tx_jesd204_link_pre_setup: Link0 set lane rate 4200000 kHz failed (-22)
[    8.578807] jesd204: /fpga-axi@0/axi-jesd204-tx@84b90000,jesd204:5,parent=84b90000.axi-jesd204-tx: JESD204[0] In link_pre_setup got error from cb: -22
[    8.592277] jesd204: /axi/spi@ff040000/ad9081@0,jesd204:0,parent=spi1.0: Rolling back from 'link_supported', got error -22
[    8.603320] jesd204: /axi/spi@ff040000/ad9081@0,jesd204:0,parent=spi1.0: JESD204[0] transition link_supported -> link_pre_setup
[    8.614790] jesd204: /axi/spi@ff040000/ad9081@0,jesd204:0,parent=spi1.0: JESD204[2] transition link_supported -> link_pre_setup
[    8.626274] jesd204: /axi/spi@ff040000/ad9081@0,jesd204:0,parent=spi1.0: JESD204[0] transition link_pre_setup -> link_supported
[    8.637752] jesd204: /axi/spi@ff040000/ad9081@0,jesd204:0,parent=spi1.0: JESD204[2] transition link_pre_setup -> link_supported
[    8.649228] jesd204: /axi/spi@ff040000/ad9081@0,jesd204:0,parent=spi1.0: JESD204[0] transition link_supported -> link_init
[    8.660266] jesd204: /axi/spi@ff040000/ad9081@0,jesd204:0,parent=spi1.0: JESD204[2] transition link_supported -> link_init
[    8.671313] jesd204: /axi/spi@ff040000/ad9081@0,jesd204:0,parent=spi1.0: JESD204[0] transition link_init -> device_init
[    8.682088] jesd204: /axi/spi@ff040000/ad9081@0,jesd204:0,parent=spi1.0: JESD204[2] transition link_init -> device_init
[    8.692871] jesd204: /axi/spi@ff040000/ad9081@0,jesd204:0,parent=spi1.0: JESD204[0] transition device_init -> idle
[    8.703215] jesd204: /axi/spi@ff040000/ad9081@0,jesd204:0,parent=spi1.0: JESD204[2] transition device_init -> idle
[    8.713562] jesd204: /axi/spi@ff040000/ad9081@0,jesd204:0,parent=spi1.0: FSM completed with error -22
[    8.732005] input: gpio-keys as /devices/platform/gpio-keys/input/input0
[    8.739021] of_cfs_init
[    8.741485] of_cfs_init: OK
[    8.744427] cfg80211: Loading compiled-in X.509 certificates for regulatory database
[    8.882658] cfg80211: Loaded X.509 cert 'sforshee: 00b28ddf47aef9cea7'
[    8.889187] clk: Not disabling unused clocks
[    8.893714] ALSA device list:
[    8.896678]   No soundcards found.
[    8.900342] platform regulatory.0: Direct firmware load for regulatory.db failed with error -2
[    8.908949] cfg80211: failed to load regulatory.db
[    8.923652] EXT4-fs (mmcblk0p2): mounted filesystem with ordered data mode. Opts: (null)
[    8.931776] VFS: Mounted root (ext4 filesystem) on device 179:2.
[    8.945380] devtmpfs: mounted
[    8.949199] Freeing unused kernel memory: 2560K
[    8.955762] Run /sbin/init as init process
[    8.959856]   with arguments:
[    8.959858]     /sbin/init
[    8.959861]   with environment:
[    8.959863]     HOME=/
[    8.959865]     TERM=linux
[    9.532144] systemd[1]: systemd 241 running in system mode. (+PAM +AUDIT +SELINUX +IMA +APPARMOR +SMACK +SYSVINIT +UTMP +LIBCRYPTSETUP +GCRYPT +GNUTLS +ACL +XZ +LZ4 +SECCOMP +BLKID +ELFUTILS +KMOD -IDN2 +IDN -PCRE2 default-hierarchy=hybrid)
[    9.554025] systemd[1]: Detected architecture arm64.
[    9.576427] systemd[1]: Set hostname to <analog>.
[    9.761284] systemd[1]: File /lib/systemd/system/systemd-journald.service:12 configures an IP firewall (IPAddressDeny=any), but the local system does not support BPF/cgroup based firewalling.
[    9.778371] systemd[1]: Proceeding WITHOUT firewalling in effect! (This warning is only shown for the first loaded unit using IP firewalling.)
[    9.942982] systemd[1]: /etc/systemd/system/tof-server.service:1: Assignment outside of section. Ignoring.
[    9.952708] systemd[1]: /etc/systemd/system/tof-server.service:2: Assignment outside of section. Ignoring.
[   10.137070] random: systemd: uninitialized urandom read (16 bytes read)
[   10.151777] random: systemd: uninitialized urandom read (16 bytes read)
[   10.158809] systemd[1]: Listening on fsck to fsckd communication Socket.
[   10.179806] random: systemd: uninitialized urandom read (16 bytes read)
[   10.186677] systemd[1]: Listening on Syslog Socket.
[   10.204337] systemd[1]: Created slice system-getty.slice.
[   11.036979] EXT4-fs (mmcblk0p2): re-mounted. Opts: (null)
[   11.192476] systemd-journald[165]: Received request to flush runtime journal from PID 1
[   16.695516] random: crng init done
[   16.695525] random: 7 urandom warning(s) missed due to ratelimiting
[   17.053855] macb ff0e0000.ethernet eth0: PHY [ff0e0000.ethernet-ffffffff:0c] driver [TI DP83867] (irq=POLL)
[   17.053867] macb ff0e0000.ethernet eth0: configuring for phy/rgmii-id link mode
[   17.403751] Adding 95228k swap on /var/swap.  Priority:-2 extents:2 across:615420k SS
[   19.979570] broken atomic modeset userspace detected, disabling atomic
[   20.129318] macb ff0e0000.ethernet eth0: Link is Up - 1Gbps/Full - flow control off
[   20.129342] IPv6: ADDRCONF(NETDEV_CHANGE): eth0: link becomes ready
[   22.642525] broken atomic modeset userspace detected, disabling atomic
[   25.528596] broken atomic modeset userspace detected, disabling atomic