[    0.000000] Booting Linux on physical CPU 0x0000000000 [0x410fd034]
[    0.000000] Linux version 5.10.0-98103-g2aa7ac113716 (jenkins@romlxbuild1.adlk.analog.com) (aarch64-xilinx-linux-gcc.real (GCC) 10.2.0, GNU ld (GNU Binutils) 2.35.0.20200730) #5577 SMP Wed Mar 23 07:28:49 GMT 2022
[    0.000000] Machine model: ZynqMP ZCU102 Rev1.0
[    0.000000] earlycon: cdns0 at MMIO 0x00000000ff000000 (options '115200n8')
[    0.000000] printk: bootconsole [cdns0] enabled
[    0.000000] efi: UEFI not found.
[    0.000000] cma: Reserved 256 MiB at 0x0000000070000000
[    0.000000] Zone ranges:
[    0.000000]   DMA      [mem 0x0000000000000000-0x000000003fffffff]
[    0.000000]   DMA32    [mem 0x0000000040000000-0x00000000ffffffff]
[    0.000000]   Normal   [mem 0x0000000100000000-0x000000087fffffff]
[    0.000000] Movable zone start for each node
[    0.000000] Early memory node ranges
[    0.000000]   node   0: [mem 0x0000000000000000-0x000000007fffffff]
[    0.000000]   node   0: [mem 0x0000000800000000-0x000000087fffffff]
[    0.000000] Initmem setup node 0 [mem 0x0000000000000000-0x000000087fffffff]
[    0.000000] On node 0 totalpages: 1048576
[    0.000000]   DMA zone: 3584 pages used for memmap
[    0.000000]   DMA zone: 0 pages reserved
[    0.000000]   DMA zone: 262144 pages, LIFO batch:63
[    0.000000]   DMA32 zone: 3584 pages used for memmap
[    0.000000]   DMA32 zone: 262144 pages, LIFO batch:63
[    0.000000]   Normal zone: 7168 pages used for memmap
[    0.000000]   Normal zone: 524288 pages, LIFO batch:63
[    0.000000] psci: probing for conduit method from DT.
[    0.000000] psci: PSCIv1.1 detected in firmware.
[    0.000000] psci: Using standard PSCI v0.2 function IDs
[    0.000000] psci: MIGRATE_INFO_TYPE not supported.
[    0.000000] psci: SMC Calling Convention v1.2
[    0.000000] percpu: Embedded 22 pages/cpu s49496 r8192 d32424 u90112
[    0.000000] pcpu-alloc: s49496 r8192 d32424 u90112 alloc=22*4096
[    0.000000] pcpu-alloc: [0] 0 [0] 1 [0] 2 [0] 3 
[    0.000000] Detected VIPT I-cache on CPU0
[    0.000000] CPU features: detected: ARM erratum 845719
[    0.000000] Built 1 zonelists, mobility grouping on.  Total pages: 1034240
[    0.000000] Kernel command line: console=ttyPS0,115200 root=/dev/mmcblk0p2 rw earlycon rootfstype=ext4 rootwait clk_ignore_unused cpuidle.off=1 root=/dev/mmcblk0p2 rw rootwait
[    0.000000] Dentry cache hash table entries: 524288 (order: 10, 4194304 bytes, linear)
[    0.000000] Inode-cache hash table entries: 262144 (order: 9, 2097152 bytes, linear)
[    0.000000] mem auto-init: stack:off, heap alloc:off, heap free:off
[    0.000000] software IO TLB: mapped [mem 0x000000003bfff000-0x000000003ffff000] (64MB)
[    0.000000] Memory: 3761904K/4194304K available (15296K kernel code, 1636K rwdata, 11876K rodata, 2560K init, 507K bss, 170256K reserved, 262144K cma-reserved)
[    0.000000] rcu: Hierarchical RCU implementation.
[    0.000000] rcu: 	RCU event tracing is enabled.
[    0.000000] rcu: 	RCU restricting CPUs from NR_CPUS=8 to nr_cpu_ids=4.
[    0.000000] rcu: RCU calculated value of scheduler-enlistment delay is 25 jiffies.
[    0.000000] rcu: Adjusting geometry for rcu_fanout_leaf=16, nr_cpu_ids=4
[    0.000000] NR_IRQS: 64, nr_irqs: 64, preallocated irqs: 0
[    0.000000] GIC: Adjusting CPU interface base to 0x00000000f902f000
[    0.000000] GIC: Using split EOI/Deactivate mode
[    0.000000] random: get_random_bytes called from start_kernel+0x31c/0x54c with crng_init=0
[    0.000000] arch_timer: cp15 timer(s) running at 100.00MHz (phys).
[    0.000000] clocksource: arch_sys_counter: mask: 0xffffffffffffff max_cycles: 0x171024e7e0, max_idle_ns: 440795205315 ns
[    0.000003] sched_clock: 56 bits at 100MHz, resolution 10ns, wraps every 4398046511100ns
[    0.008462] Console: colour dummy device 80x25
[    0.012482] Calibrating delay loop (skipped), value calculated using timer frequency.. 200.00 BogoMIPS (lpj=400000)
[    0.022840] pid_max: default: 32768 minimum: 301
[    0.027552] Mount-cache hash table entries: 8192 (order: 4, 65536 bytes, linear)
[    0.034789] Mountpoint-cache hash table entries: 8192 (order: 4, 65536 bytes, linear)
[    0.043394] rcu: Hierarchical SRCU implementation.
[    0.047560] EFI services will not be available.
[    0.051939] smp: Bringing up secondary CPUs ...
[    0.056656] Detected VIPT I-cache on CPU1
[    0.056695] CPU1: Booted secondary processor 0x0000000001 [0x410fd034]
[    0.057060] Detected VIPT I-cache on CPU2
[    0.057084] CPU2: Booted secondary processor 0x0000000002 [0x410fd034]
[    0.057422] Detected VIPT I-cache on CPU3
[    0.057445] CPU3: Booted secondary processor 0x0000000003 [0x410fd034]
[    0.057491] smp: Brought up 1 node, 4 CPUs
[    0.091780] SMP: Total of 4 processors activated.
[    0.096452] CPU features: detected: 32-bit EL0 Support
[    0.101556] CPU features: detected: CRC32 instructions
[    0.106695] CPU: All CPU(s) started at EL2
[    0.110737] alternatives: patching kernel code
[    0.116168] devtmpfs: initialized
[    0.124067] Registered cp15_barrier emulation handler
[    0.124118] Registered setend emulation handler
[    0.128100] clocksource: jiffies: mask: 0xffffffff max_cycles: 0xffffffff, max_idle_ns: 7645041785100000 ns
[    0.137679] futex hash table entries: 1024 (order: 4, 65536 bytes, linear)
[    0.151039] pinctrl core: initialized pinctrl subsystem
[    0.151688] NET: Registered protocol family 16
[    0.156110] DMA: preallocated 512 KiB GFP_KERNEL pool for atomic allocations
[    0.162125] DMA: preallocated 512 KiB GFP_KERNEL|GFP_DMA pool for atomic allocations
[    0.169851] DMA: preallocated 512 KiB GFP_KERNEL|GFP_DMA32 pool for atomic allocations
[    0.177654] audit: initializing netlink subsys (disabled)
[    0.183107] audit: type=2000 audit(0.116:1): state=initialized audit_enabled=0 res=1
[    0.183453] hw-breakpoint: found 6 breakpoint and 4 watchpoint registers.
[    0.197481] ASID allocator initialised with 65536 entries
[    0.224387] HugeTLB registered 1.00 GiB page size, pre-allocated 0 pages
[    0.225447] HugeTLB registered 32.0 MiB page size, pre-allocated 0 pages
[    0.232117] HugeTLB registered 2.00 MiB page size, pre-allocated 0 pages
[    0.238781] HugeTLB registered 64.0 KiB page size, pre-allocated 0 pages
[    1.304393] DRBG: Continuing without Jitter RNG
[    1.382167] raid6: neonx8   gen()  2149 MB/s
[    1.450219] raid6: neonx8   xor()  1600 MB/s
[    1.518284] raid6: neonx4   gen()  2196 MB/s
[    1.586330] raid6: neonx4   xor()  1566 MB/s
[    1.654394] raid6: neonx2   gen()  2075 MB/s
[    1.722448] raid6: neonx2   xor()  1435 MB/s
[    1.790507] raid6: neonx1   gen()  1771 MB/s
[    1.858556] raid6: neonx1   xor()  1220 MB/s
[    1.926612] raid6: int64x8  gen()  1438 MB/s
[    1.994670] raid6: int64x8  xor()   771 MB/s
[    2.062744] raid6: int64x4  gen()  1599 MB/s
[    2.130794] raid6: int64x4  xor()   818 MB/s
[    2.198861] raid6: int64x2  gen()  1397 MB/s
[    2.266908] raid6: int64x2  xor()   745 MB/s
[    2.334985] raid6: int64x1  gen()  1034 MB/s
[    2.403043] raid6: int64x1  xor()   517 MB/s
[    2.403080] raid6: using algorithm neonx4 gen() 2196 MB/s
[    2.407039] raid6: .... xor() 1566 MB/s, rmw enabled
[    2.411970] raid6: using neon recovery algorithm
[    2.416980] iommu: Default domain type: Translated 
[    2.421594] SCSI subsystem initialized
[    2.425139] libata version 3.00 loaded.
[    2.425263] usbcore: registered new interface driver usbfs
[    2.430596] usbcore: registered new interface driver hub
[    2.435868] usbcore: registered new device driver usb
[    2.441003] mc: Linux media interface: v0.10
[    2.445116] videodev: Linux video capture interface: v2.00
[    2.450609] EDAC MC: Ver: 3.0.0
[    2.454045] zynqmp-ipi-mbox mailbox@ff990400: Registered ZynqMP IPI mbox with TX/RX channels.
[    2.462545] jesd204: created con: id=0, topo=0, link=0, /axi/spi@ff050000/hmc7044@0 <-> /fpga-axi@0/axi-adxcvr-tx@84b60000
[    2.473138] jesd204: created con: id=1, topo=0, link=2, /axi/spi@ff050000/hmc7044@0 <-> /fpga-axi@0/axi-adxcvr-rx@84a60000
[    2.484122] jesd204: created con: id=2, topo=0, link=0, /fpga-axi@0/axi-adxcvr-tx@84b60000 <-> /fpga-axi@0/axi-jesd204-tx@84b90000
[    2.495797] jesd204: created con: id=3, topo=0, link=2, /fpga-axi@0/axi-adxcvr-rx@84a60000 <-> /fpga-axi@0/axi-jesd204-rx@84a90000
[    2.507475] jesd204: created con: id=4, topo=0, link=0, /fpga-axi@0/axi-jesd204-tx@84b90000 <-> /fpga-axi@0/axi-ad9081-tx-hpc@84b10000
[    2.519503] jesd204: created con: id=5, topo=0, link=2, /fpga-axi@0/axi-jesd204-rx@84a90000 <-> /fpga-axi@0/axi-ad9081-rx-hpc@84a10000
[    2.531525] jesd204: created con: id=6, topo=0, link=2, /fpga-axi@0/axi-ad9081-rx-hpc@84a10000 <-> /axi/spi@ff040000/ad9081@0
[    2.542766] jesd204: created con: id=7, topo=0, link=0, /fpga-axi@0/axi-ad9081-tx-hpc@84b10000 <-> /axi/spi@ff040000/ad9081@0
[    2.554017] jesd204: /axi/spi@ff040000/ad9081@0: JESD204[2] transition uninitialized -> initialized
[    2.563003] jesd204: /axi/spi@ff040000/ad9081@0: JESD204[0] transition uninitialized -> initialized
[    2.571995] jesd204: found 8 devices and 1 topologies
[    2.577038] FPGA manager framework
[    2.580514] Advanced Linux Sound Architecture Driver Initialized.
[    2.586815] Bluetooth: Core ver 2.22
[    2.589998] NET: Registered protocol family 31
[    2.594400] Bluetooth: HCI device and connection manager initialized
[    2.600716] Bluetooth: HCI socket layer initialized
[    2.605558] Bluetooth: L2CAP socket layer initialized
[    2.610581] Bluetooth: SCO socket layer initialized
[    2.615765] clocksource: Switched to clocksource arch_sys_counter
[    2.621572] VFS: Disk quotas dquot_6.6.0
[    2.625409] VFS: Dquot-cache hash table entries: 512 (order 0, 4096 bytes)
[    2.636128] NET: Registered protocol family 2
[    2.636853] tcp_listen_portaddr_hash hash table entries: 2048 (order: 3, 32768 bytes, linear)
[    2.645053] TCP established hash table entries: 32768 (order: 6, 262144 bytes, linear)
[    2.653075] TCP bind hash table entries: 32768 (order: 7, 524288 bytes, linear)
[    2.660519] TCP: Hash tables configured (established 32768 bind 32768)
[    2.666694] UDP hash table entries: 2048 (order: 4, 65536 bytes, linear)
[    2.673359] UDP-Lite hash table entries: 2048 (order: 4, 65536 bytes, linear)
[    2.680521] NET: Registered protocol family 1
[    2.684970] RPC: Registered named UNIX socket transport module.
[    2.690595] RPC: Registered udp transport module.
[    2.695261] RPC: Registered tcp transport module.
[    2.699931] RPC: Registered tcp NFSv4.1 backchannel transport module.
[    2.706916] PCI: CLS 0 bytes, default 64
[    2.710614] hw perfevents: no interrupt-affinity property for /pmu, guessing.
[    2.717480] hw perfevents: enabled with armv8_pmuv3 PMU driver, 7 counters available
[    2.725824] Initialise system trusted keyrings
[    2.729507] workingset: timestamp_bits=62 max_order=20 bucket_order=0
[    2.736409] NFS: Registering the id_resolver key type
[    2.740855] Key type id_resolver registered
[    2.744996] Key type id_legacy registered
[    2.748988] nfs4filelayout_init: NFSv4 File Layout Driver Registering...
[    2.755653] jffs2: version 2.2. (NAND) (SUMMARY)  Â© 2001-2006 Red Hat, Inc.
[    2.798345] NET: Registered protocol family 38
[    2.798388] xor: measuring software checksum speed
[    2.806073]    8regs           :  2363 MB/sec
[    2.809741]    32regs          :  2799 MB/sec
[    2.814683]    arm64_neon      :  2380 MB/sec
[    2.814874] xor: using function: 32regs (2799 MB/sec)
[    2.819900] Key type asymmetric registered
[    2.823961] Asymmetric key parser 'x509' registered
[    2.828822] Block layer SCSI generic (bsg) driver version 0.4 loaded (major 248)
[    2.836159] io scheduler mq-deadline registered
[    2.840655] io scheduler kyber registered
[    2.870014] Serial: 8250/16550 driver, 4 ports, IRQ sharing disabled
[    2.874646] cacheinfo: Unable to detect cache hierarchy for CPU 0
[    2.880992] brd: module loaded
[    2.885142] loop: module loaded
[    2.885690] Registered mathworks_ip class
[    2.889024] libphy: Fixed MDIO Bus: probed
[    2.891997] tun: Universal TUN/TAP device driver, 1.6
[    2.896069] CAN device driver interface
[    2.900603] usbcore: registered new interface driver asix
[    2.905198] usbcore: registered new interface driver ax88179_178a
[    2.911233] usbcore: registered new interface driver cdc_ether
[    2.917029] usbcore: registered new interface driver net1080
[    2.922651] usbcore: registered new interface driver cdc_subset
[    2.928533] usbcore: registered new interface driver zaurus
[    2.934077] usbcore: registered new interface driver cdc_ncm
[    2.940486] ehci_hcd: USB 2.0 'Enhanced' Host Controller (EHCI) Driver
[    2.946163] ehci-pci: EHCI PCI platform driver
[    2.950965] usbcore: registered new interface driver uas
[    2.955878] usbcore: registered new interface driver usb-storage
[    2.961866] usbcore: registered new interface driver usbserial_generic
[    2.968319] usbserial: USB Serial support registered for generic
[    2.974290] usbcore: registered new interface driver ftdi_sio
[    2.979993] usbserial: USB Serial support registered for FTDI USB Serial Device
[    2.987266] usbcore: registered new interface driver upd78f0730
[    2.993141] usbserial: USB Serial support registered for upd78f0730
[    3.000810] rtc_zynqmp ffa60000.rtc: registered as rtc0
[    3.004566] rtc_zynqmp ffa60000.rtc: setting system clock to 2022-03-26T03:07:29 UTC (1648264049)
[    3.013429] i2c /dev entries driver
[    3.018736] usbcore: registered new interface driver uvcvideo
[    3.022541] USB Video Class driver (1.1.1)
[    3.028124] Bluetooth: HCI UART driver ver 2.3
[    3.031013] Bluetooth: HCI UART protocol H4 registered
[    3.036122] Bluetooth: HCI UART protocol BCSP registered
[    3.041412] Bluetooth: HCI UART protocol LL registered
[    3.046500] Bluetooth: HCI UART protocol ATH3K registered
[    3.051874] Bluetooth: HCI UART protocol Three-wire (H5) registered
[    3.058131] Bluetooth: HCI UART protocol Intel registered
[    3.063466] Bluetooth: HCI UART protocol QCA registered
[    3.068668] usbcore: registered new interface driver bcm203x
[    3.074290] usbcore: registered new interface driver bpa10x
[    3.079827] usbcore: registered new interface driver bfusb
[    3.085273] usbcore: registered new interface driver btusb
[    3.090738] usbcore: registered new interface driver ath3k
[    3.096221] EDAC MC: ECC not enabled
[    3.099849] EDAC DEVICE0: Giving out device to module zynqmp-ocm-edac controller zynqmp_ocm: DEV ff960000.memory-controller (INTERRUPT)
[    3.112160] sdhci: Secure Digital Host Controller Interface driver
[    3.117949] sdhci: Copyright(c) Pierre Ossman
[    3.122274] sdhci-pltfm: SDHCI platform and OF driver helper
[    3.128328] ledtrig-cpu: registered to indicate activity on CPUs
[    3.133880] SMCCC: SOC_ID: ARCH_SOC_ID not implemented, skipping ....
[    3.140309] zynqmp_firmware_probe Platform Management API v1.1
[    3.146065] zynqmp_firmware_probe Trustzone version v1.0
[    3.185602] zynqmp-pinctrl firmware:zynqmp-firmware:pinctrl: zynqmp pinctrl initialized
[    3.233495] zynqmp-aes firmware:zynqmp-firmware:zynqmp-aes: will run requests pump with realtime priority
[    3.249209] alg: No test for xilinx-keccak-384 (zynqmp-keccak-384)
[    3.249923] alg: No test for xilinx-zynqmp-rsa (zynqmp-rsa)
[    3.255432] usbcore: registered new interface driver usbhid
[    3.260824] usbhid: USB HID core driver
[    3.272059] axi_sysid 85000000.axi-sysid-0: AXI System ID core version (1.01.a) found
[    3.274405] axi_sysid 85000000.axi-sysid-0: [ad9081_fmca_ebz] on [zcu102] git branch <master> git <084d44c9780640ca93fd847b1d9ec70dd65f5c67> clean [2022-03-18 04:17:50] UTC
[    3.290098] fpga_manager fpga0: Xilinx ZynqMP FPGA Manager registered
[    3.296457] usbcore: registered new interface driver snd-usb-audio
[    3.303915] pktgen: Packet Generator for packet performance testing. Version: 2.75
[    3.310098] Initializing XFRM netlink socket
[    3.313930] NET: Registered protocol family 10
[    3.318652] Segment Routing with IPv6
[    3.322025] sit: IPv6, IPv4 and MPLS over IPv4 tunneling driver
[    3.328106] NET: Registered protocol family 17
[    3.332209] NET: Registered protocol family 15
[    3.336706] can: controller area network core
[    3.340957] NET: Registered protocol family 29
[    3.345346] can: raw protocol
[    3.348282] can: broadcast manager protocol
[    3.352437] can: netlink gateway - max_hops=1
[    3.356832] Bluetooth: RFCOMM TTY layer initialized
[    3.361611] Bluetooth: RFCOMM socket layer initialized
[    3.366719] Bluetooth: RFCOMM ver 1.11
[    3.370429] Bluetooth: BNEP (Ethernet Emulation) ver 1.3
[    3.375702] Bluetooth: BNEP filters: protocol multicast
[    3.380894] Bluetooth: BNEP socket layer initialized
[    3.385822] Bluetooth: HIDP (Human Interface Emulation) ver 1.2
[    3.391707] Bluetooth: HIDP socket layer initialized
[    3.396758] 9pnet: Installing 9P2000 support
[    3.400883] NET: Registered protocol family 36
[    3.405302] Key type dns_resolver registered
[    3.409744] registered taskstats version 1
[    3.413596] Loading compiled-in X.509 certificates
[    3.418711] Btrfs loaded, crc32c=crc32c-generic
[    3.431105] ff000000.serial: ttyPS0 at MMIO 0xff000000 (irq = 49, base_baud = 6249999) is a xuartps
[    3.440131] printk: console [ttyPS0] enabled
[    3.444426] printk: bootconsole [cdns0] disabled
[    3.454056] ff010000.serial: ttyPS1 at MMIO 0xff010000 (irq = 50, base_baud = 6249999) is a xuartps
[    3.467303] of-fpga-region fpga-full: FPGA Region probed
[    3.474259] nwl-pcie fd0e0000.pcie: host bridge /axi/pcie@fd0e0000 ranges:
[    3.481155] nwl-pcie fd0e0000.pcie:      MEM 0x00e0000000..0x00efffffff -> 0x00e0000000
[    3.489157] nwl-pcie fd0e0000.pcie:      MEM 0x0600000000..0x07ffffffff -> 0x0600000000
[    3.497219] nwl-pcie fd0e0000.pcie: Link is DOWN
[    3.501979] nwl-pcie fd0e0000.pcie: PCI host bridge to bus 0000:00
[    3.508154] pci_bus 0000:00: root bus resource [bus 00-ff]
[    3.513635] pci_bus 0000:00: root bus resource [mem 0xe0000000-0xefffffff]
[    3.520505] pci_bus 0000:00: root bus resource [mem 0x600000000-0x7ffffffff pref]
[    3.528009] pci 0000:00:00.0: [10ee:d021] type 01 class 0x060400
[    3.534065] pci 0000:00:00.0: PME# supported from D0 D1 D2 D3hot
[    3.544503] pci 0000:00:00.0: PCI bridge to [bus 01-0c]
[    3.550469] xilinx-zynqmp-dma fd500000.dma: ZynqMP DMA driver Probe success
[    3.557644] xilinx-zynqmp-dma fd510000.dma: ZynqMP DMA driver Probe success
[    3.564815] xilinx-zynqmp-dma fd520000.dma: ZynqMP DMA driver Probe success
[    3.571993] xilinx-zynqmp-dma fd530000.dma: ZynqMP DMA driver Probe success
[    3.579166] xilinx-zynqmp-dma fd540000.dma: ZynqMP DMA driver Probe success
[    3.586333] xilinx-zynqmp-dma fd550000.dma: ZynqMP DMA driver Probe success
[    3.593504] xilinx-zynqmp-dma fd560000.dma: ZynqMP DMA driver Probe success
[    3.600684] xilinx-zynqmp-dma fd570000.dma: ZynqMP DMA driver Probe success
[    3.608096] xilinx-zynqmp-dpdma fd4c0000.dma-controller: Xilinx DPDMA engine is probed
[    3.616637] ahci-ceva fd0c0000.ahci: supply ahci not found, using dummy regulator
[    3.624181] ahci-ceva fd0c0000.ahci: supply phy not found, using dummy regulator
[    3.711942] hmc7044 spi2.0: PLL1: Acquisition, CLKIN0 @ 122880000 Hz, PFD: 80 kHz - PLL2: Locked @ 3024.000000 MHz
[    3.722661] jesd204: /axi/spi@ff050000/hmc7044@0,jesd204:1,parent=spi2.0: Using as SYSREF provider
[    3.732243] spi-nor spi0.0: SPI-NOR-UniqueID 100000235394732200270025081115266e
[    3.739554] spi-nor spi0.0: found n25q512a, expected m25p80
[    3.745766] spi-nor spi0.0: trying to lock already unlocked area
[    3.751766] spi-nor spi0.0: n25q512a (131072 Kbytes)
[    3.756749] 4 fixed-partitions partitions found on MTD device spi0.0
[    3.763097] Creating 4 MTD partitions on "spi0.0":
[    3.767882] 0x000000000000-0x000000100000 : "qspi-fsbl-uboot"
[    3.774368] 0x000000100000-0x000000600000 : "qspi-linux"
[    3.780326] 0x000000600000-0x000000620000 : "qspi-device-tree"
[    3.786809] 0x000000620000-0x000000c00000 : "qspi-rootfs"
[    3.795266] macb ff0e0000.ethernet: Not enabling partial store and forward
[    3.802784] libphy: MACB_mii_bus: probed
[    3.807859] macb ff0e0000.ethernet eth0: Cadence GEM rev 0x50070106 at 0xff0e0000 irq 30 (00:0a:35:04:8e:1b)
[    3.818068] xilinx-axipmon ffa00000.perf-monitor: Probed Xilinx APM
[    3.824640] xilinx-axipmon fd0b0000.perf-monitor: Probed Xilinx APM
[    3.831155] xilinx-axipmon fd490000.perf-monitor: Probed Xilinx APM
[    3.837691] xilinx-axipmon ffa10000.perf-monitor: Probed Xilinx APM
[    3.847702] pca953x 0-0020: supply vcc not found, using dummy regulator
[    3.854378] pca953x 0-0020: using no AI
[    3.858861] gpio-496 (sel0): hogged as output/low
[    3.863777] gpio-497 (sel1): hogged as output/high
[    3.868763] gpio-498 (sel2): hogged as output/high
[    3.873755] gpio-499 (sel3): hogged as output/high
[    3.878935] pca953x 0-0021: supply vcc not found, using dummy regulator
[    3.885610] pca953x 0-0021: using no AI
[    3.891379] ina2xx 2-0040: power monitor ina226 (Rshunt = 5000 uOhm)
[    3.898409] ina2xx 2-0041: power monitor ina226 (Rshunt = 5000 uOhm)
[    3.905442] ina2xx 2-0042: power monitor ina226 (Rshunt = 5000 uOhm)
[    3.912465] ina2xx 2-0043: power monitor ina226 (Rshunt = 5000 uOhm)
[    3.919485] ina2xx 2-0044: power monitor ina226 (Rshunt = 5000 uOhm)
[    3.926505] ina2xx 2-0045: power monitor ina226 (Rshunt = 5000 uOhm)
[    3.933538] ina2xx 2-0046: power monitor ina226 (Rshunt = 5000 uOhm)
[    3.940607] ina2xx 2-0047: power monitor ina226 (Rshunt = 5000 uOhm)
[    3.947639] ina2xx 2-004a: power monitor ina226 (Rshunt = 5000 uOhm)
[    3.954672] ina2xx 2-004b: power monitor ina226 (Rshunt = 5000 uOhm)
[    3.961077] i2c i2c-0: Added multiplexed i2c bus 2
[    3.966462] random: fast init done
[    3.969929] ina2xx 3-0040: power monitor ina226 (Rshunt = 2000 uOhm)
[    3.976959] ina2xx 3-0041: power monitor ina226 (Rshunt = 5000 uOhm)
[    3.983988] ina2xx 3-0042: power monitor ina226 (Rshunt = 5000 uOhm)
[    3.991015] ina2xx 3-0043: power monitor ina226 (Rshunt = 5000 uOhm)
[    3.998046] ina2xx 3-0044: power monitor ina226 (Rshunt = 5000 uOhm)
[    4.005074] ina2xx 3-0045: power monitor ina226 (Rshunt = 5000 uOhm)
[    4.012106] ina2xx 3-0046: power monitor ina226 (Rshunt = 5000 uOhm)
[    4.019136] ina2xx 3-0047: power monitor ina226 (Rshunt = 5000 uOhm)
[    4.025538] i2c i2c-0: Added multiplexed i2c bus 3
[    4.081550] i2c i2c-0: Added multiplexed i2c bus 4
[    4.086491] i2c i2c-0: Added multiplexed i2c bus 5
[    4.091285] pca954x 0-0075: registered 4 multiplexed busses for I2C mux pca9544
[    4.098634] cdns-i2c ff020000.i2c: 400 kHz mmio ff020000 irq 32
[    4.106377] at24 6-0054: supply vcc not found, using dummy regulator
[    4.113272] at24 6-0054: 1024 byte 24c08 EEPROM, writable, 1 bytes/write
[    4.120022] i2c i2c-1: Added multiplexed i2c bus 6
[    4.126452] si5341 7-0036: Chip: 5341 Grade: 1 Rev: 1
[    4.164133] i2c i2c-1: Added multiplexed i2c bus 7
[    4.171794] si570 8-005d: registered, current frequency 300000000 Hz
[    4.178197] i2c i2c-1: Added multiplexed i2c bus 8
[    4.197978] si570 9-005d: registered, current frequency 148500000 Hz
[    4.204383] i2c i2c-1: Added multiplexed i2c bus 9
[    4.209418] si5324 10-0069: si5328 probed
[    4.276120] si5324 10-0069: si5328 probe successful
[    4.281048] i2c i2c-1: Added multiplexed i2c bus 10
[    4.286088] i2c i2c-1: Added multiplexed i2c bus 11
[    4.291122] i2c i2c-1: Added multiplexed i2c bus 12
[    4.296140] i2c i2c-1: Added multiplexed i2c bus 13
[    4.301020] pca954x 1-0074: registered 8 multiplexed busses for I2C switch pca9548
[    4.309131] at24 14-0050: supply vcc not found, using dummy regulator
[    4.315911] at24 14-0050: 256 byte 24c02 EEPROM, writable, 1 bytes/write
[    4.322655] i2c i2c-1: Added multiplexed i2c bus 14
[    4.327692] i2c i2c-1: Added multiplexed i2c bus 15
[    4.332729] i2c i2c-1: Added multiplexed i2c bus 16
[    4.337762] i2c i2c-1: Added multiplexed i2c bus 17
[    4.342803] i2c i2c-1: Added multiplexed i2c bus 18
[    4.347856] i2c i2c-1: Added multiplexed i2c bus 19
[    4.352893] i2c i2c-1: Added multiplexed i2c bus 20
[    4.357930] i2c i2c-1: Added multiplexed i2c bus 21
[    4.362804] pca954x 1-0075: registered 8 multiplexed busses for I2C switch pca9548
[    4.370413] cdns-i2c ff030000.i2c: 400 kHz mmio ff030000 irq 33
[    4.380164] cdns-wdt fd4d0000.watchdog: Xilinx Watchdog Timer with timeout 60s
[    4.390949] axi_adxcvr 84a60000.axi-adxcvr-rx: AXI-ADXCVR-RX (17.05.a) using CPLL on GTH4 at 0x84A60000. Number of lanes: 4.
[    4.403112] axi_adxcvr 84b60000.axi-adxcvr-tx: AXI-ADXCVR-TX (17.05.a) using QPLL on GTH4 at 0x84B60000. Number of lanes: 4.
[    4.414743] axi-jesd204-rx 84a90000.axi-jesd204-rx: AXI-JESD204-RX (1.07.a) at 0x84A90000. Encoder 8b10b, width 4/4, lanes 4, jesd204-fsm.
[    4.422245] mmc0: SDHCI controller on ff170000.mmc [ff170000.mmc] using ADMA 64-bit
[    4.427585] axi-jesd204-tx 84b90000.axi-jesd204-tx: AXI-JESD204-TX (1.06.a) at 0x84B90000. Encoder 8b10b, width 4/4, lanes 4, jesd204-fsm.
[    4.448320] zynqmp-display fd4a0000.display: vtc bridge property not present
[    4.457968] xilinx-dp-snd-codec fd4a0000.display:zynqmp_dp_snd_codec0: Failed to get required clock freq
[    4.467468] xilinx-dp-snd-codec: probe of fd4a0000.display:zynqmp_dp_snd_codec0 failed with error -22
[    4.469539] mmc0: new high speed SDHC card at address 0001
[    4.477005] xilinx-dp-snd-pcm zynqmp_dp_snd_pcm0: Xilinx DisplayPort Sound PCM probed
[    4.482521] mmcblk0: mmc0:0001 EB1QT 29.8 GiB 
[    4.490333] xilinx-dp-snd-pcm zynqmp_dp_snd_pcm1: Xilinx DisplayPort Sound PCM probed
[    4.495720]  mmcblk0: p1 p2 p3
[    4.502626] OF: graph: no port node found in /axi/display@fd4a0000
[    4.511692] xlnx-drm xlnx-drm.0: bound fd4a0000.display (ops 0xffffffc010fcbdb8)
[    5.595783] zynqmp-display fd4a0000.display: [drm] Cannot find any crtc or sizes
[    5.603397] [drm] Initialized xlnx 1.0.0 20130509 for fd4a0000.display on minor 0
[    5.610885] zynqmp-display fd4a0000.display: ZynqMP DisplayPort Subsystem driver probed
[    5.619211] ahci-ceva fd0c0000.ahci: supply ahci not found, using dummy regulator
[    5.626756] ahci-ceva fd0c0000.ahci: supply phy not found, using dummy regulator
[    5.634210] ahci-ceva fd0c0000.ahci: supply target not found, using dummy regulator
[    5.642043] ahci-ceva fd0c0000.ahci: AHCI 0001.0301 32 slots 2 ports 6 Gbps 0x3 impl platform mode
[    5.651001] ahci-ceva fd0c0000.ahci: flags: 64bit ncq sntf pm clo only pmp fbs pio slum part ccc sds apst 
[    5.661697] scsi host0: ahci-ceva
[    5.665282] scsi host1: ahci-ceva
[    5.668714] ata1: SATA max UDMA/133 mmio [mem 0xfd0c0000-0xfd0c1fff] port 0x100 irq 45
[    5.676623] ata2: SATA max UDMA/133 mmio [mem 0xfd0c0000-0xfd0c1fff] port 0x180 irq 45
[    5.685219] ad9081 spi1.0: supply vdd not found, using dummy regulator
[    5.998017] ata1: SATA link down (SStatus 0 SControl 330)
[    6.003431] ata2: SATA link down (SStatus 0 SControl 330)
[    6.679783] zynqmp-display fd4a0000.display: [drm] Cannot find any crtc or sizes
[    7.544584] ad9081 spi1.0: AD9081 Rev. 2 Grade 10 (API 1.2.2) probed
[    7.551778] xhci-hcd xhci-hcd.1.auto: xHCI Host Controller
[    7.557266] xhci-hcd xhci-hcd.1.auto: new USB bus registered, assigned bus number 1
[    7.565007] xhci-hcd xhci-hcd.1.auto: hcc params 0x0238f625 hci version 0x100 quirks 0x0000000002010810
[    7.574420] xhci-hcd xhci-hcd.1.auto: irq 59, io mem 0xfe200000
[    7.580526] usb usb1: New USB device found, idVendor=1d6b, idProduct=0002, bcdDevice= 5.10
[    7.588786] usb usb1: New USB device strings: Mfr=3, Product=2, SerialNumber=1
[    7.596003] usb usb1: Product: xHCI Host Controller
[    7.600871] usb usb1: Manufacturer: Linux 5.10.0-98103-g2aa7ac113716 xhci-hcd
[    7.607997] usb usb1: SerialNumber: xhci-hcd.1.auto
[    7.613165] hub 1-0:1.0: USB hub found
[    7.616928] hub 1-0:1.0: 1 port detected
[    7.621029] xhci-hcd xhci-hcd.1.auto: xHCI Host Controller
[    7.626512] xhci-hcd xhci-hcd.1.auto: new USB bus registered, assigned bus number 2
[    7.634166] xhci-hcd xhci-hcd.1.auto: Host supports USB 3.0 SuperSpeed
[    7.640791] usb usb2: New USB device found, idVendor=1d6b, idProduct=0003, bcdDevice= 5.10
[    7.649050] usb usb2: New USB device strings: Mfr=3, Product=2, SerialNumber=1
[    7.656270] usb usb2: Product: xHCI Host Controller
[    7.661138] usb usb2: Manufacturer: Linux 5.10.0-98103-g2aa7ac113716 xhci-hcd
[    7.668268] usb usb2: SerialNumber: xhci-hcd.1.auto
[    7.673383] hub 2-0:1.0: USB hub found
[    7.677146] hub 2-0:1.0: 1 port detected
[    7.707171] cf_axi_adc 84a10000.axi-ad9081-rx-hpc: ADI AIM (10.01.b) at 0x84A10000 mapped to 0x(____ptrval____), probed ADC AD9081 as MASTER
[    7.740615] cf_axi_dds 84b10000.axi-ad9081-tx-hpc: Analog Devices CF_AXI_DDS_DDS MASTER (9.01.b) at 0x84B10000 mapped to 0x(____ptrval____), probed DDS AD9081
[    7.754822] jesd204: /axi/spi@ff040000/ad9081@0,jesd204:0,parent=spi1.0: JESD204[2] transition initialized -> probed
[    7.765342] jesd204: /axi/spi@ff040000/ad9081@0,jesd204:0,parent=spi1.0: JESD204[0] transition initialized -> probed
[    7.775864] jesd204: /axi/spi@ff040000/ad9081@0,jesd204:0,parent=spi1.0: JESD204[2] transition probed -> idle
[    7.785782] jesd204: /axi/spi@ff040000/ad9081@0,jesd204:0,parent=spi1.0: JESD204[0] transition probed -> idle
[    7.795696] jesd204: /axi/spi@ff040000/ad9081@0,jesd204:0,parent=spi1.0: JESD204[2] transition idle -> device_init
[    7.806039] jesd204: /axi/spi@ff040000/ad9081@0,jesd204:0,parent=spi1.0: JESD204[0] transition idle -> device_init
[    7.816390] jesd204: /axi/spi@ff040000/ad9081@0,jesd204:0,parent=spi1.0: JESD204[2] transition device_init -> link_init
[    7.827166] jesd204: /axi/spi@ff040000/ad9081@0,jesd204:0,parent=spi1.0: JESD204[0] transition device_init -> link_init
[    7.837956] jesd204: /axi/spi@ff040000/ad9081@0,jesd204:0,parent=spi1.0: JESD204[2] transition link_init -> link_supported
[    7.848995] jesd204: /axi/spi@ff040000/ad9081@0,jesd204:0,parent=spi1.0: JESD204[0] transition link_init -> link_supported
[    7.860406] hmc7044 spi2.0: hmc7044_jesd204_link_pre_setup: Link2 forcing continuous SYSREF mode
[    7.869344] axi-jesd204-rx 84a90000.axi-jesd204-rx: axi_jesd204_rx_jesd204_link_pre_setup: Link2 set lane rate 15120000 kHz failed (-22)
[    7.881600] jesd204: /fpga-axi@0/axi-jesd204-rx@84a90000,jesd204:4,parent=84a90000.axi-jesd204-rx: JESD204[2] In link_pre_setup got error from cb: -22
[    7.895070] jesd204: /axi/spi@ff040000/ad9081@0,jesd204:0,parent=spi1.0: Rolling back from 'link_supported', got error -22
[    7.906120] jesd204: /axi/spi@ff040000/ad9081@0,jesd204:0,parent=spi1.0: JESD204[0] transition link_supported -> link_pre_setup
[    7.917594] jesd204: /axi/spi@ff040000/ad9081@0,jesd204:0,parent=spi1.0: JESD204[2] transition link_supported -> link_pre_setup
[    7.929072] jesd204: /axi/spi@ff040000/ad9081@0,jesd204:0,parent=spi1.0: JESD204[0] transition link_pre_setup -> link_supported
[    7.940544] jesd204: /axi/spi@ff040000/ad9081@0,jesd204:0,parent=spi1.0: JESD204[2] transition link_pre_setup -> link_supported
[    7.952021] jesd204: /axi/spi@ff040000/ad9081@0,jesd204:0,parent=spi1.0: JESD204[0] transition link_supported -> link_init
[    7.963059] jesd204: /axi/spi@ff040000/ad9081@0,jesd204:0,parent=spi1.0: JESD204[2] transition link_supported -> link_init
[    7.974106] jesd204: /axi/spi@ff040000/ad9081@0,jesd204:0,parent=spi1.0: JESD204[0] transition link_init -> device_init
[    7.984886] jesd204: /axi/spi@ff040000/ad9081@0,jesd204:0,parent=spi1.0: JESD204[2] transition link_init -> device_init
[    7.995665] jesd204: /axi/spi@ff040000/ad9081@0,jesd204:0,parent=spi1.0: JESD204[0] transition device_init -> idle
[    8.006008] jesd204: /axi/spi@ff040000/ad9081@0,jesd204:0,parent=spi1.0: JESD204[2] transition device_init -> idle
[    8.016359] jesd204: /axi/spi@ff040000/ad9081@0,jesd204:0,parent=spi1.0: JESD204[2] transition idle -> idle
[    8.026094] jesd204: /axi/spi@ff040000/ad9081@0,jesd204:0,parent=spi1.0: JESD204[0] transition idle -> idle
[    8.035840] jesd204: /axi/spi@ff040000/ad9081@0,jesd204:0,parent=spi1.0: JESD204[2] transition idle -> device_init
[    8.046188] jesd204: /axi/spi@ff040000/ad9081@0,jesd204:0,parent=spi1.0: JESD204[0] transition idle -> device_init
[    8.056538] jesd204: /axi/spi@ff040000/ad9081@0,jesd204:0,parent=spi1.0: JESD204[2] transition device_init -> link_init
[    8.067315] jesd204: /axi/spi@ff040000/ad9081@0,jesd204:0,parent=spi1.0: JESD204[0] transition device_init -> link_init
[    8.078103] jesd204: /axi/spi@ff040000/ad9081@0,jesd204:0,parent=spi1.0: JESD204[2] transition link_init -> link_supported
[    8.089145] jesd204: /axi/spi@ff040000/ad9081@0,jesd204:0,parent=spi1.0: JESD204[0] transition link_init -> link_supported
[    8.100367] axi-jesd204-rx 84a90000.axi-jesd204-rx: axi_jesd204_rx_jesd204_link_pre_setup: Link2 set lane rate 15120000 kHz failed (-22)
[    8.112632] jesd204: /fpga-axi@0/axi-jesd204-rx@84a90000,jesd204:4,parent=84a90000.axi-jesd204-rx: JESD204[2] In link_pre_setup got error from cb: -22
[    8.126106] jesd204: /axi/spi@ff040000/ad9081@0,jesd204:0,parent=spi1.0: Rolling back from 'link_supported', got error -22
[    8.137149] jesd204: /axi/spi@ff040000/ad9081@0,jesd204:0,parent=spi1.0: JESD204[0] transition link_supported -> link_pre_setup
[    8.148620] jesd204: /axi/spi@ff040000/ad9081@0,jesd204:0,parent=spi1.0: JESD204[2] transition link_supported -> link_pre_setup
[    8.160098] jesd204: /axi/spi@ff040000/ad9081@0,jesd204:0,parent=spi1.0: JESD204[0] transition link_pre_setup -> link_supported
[    8.171570] jesd204: /axi/spi@ff040000/ad9081@0,jesd204:0,parent=spi1.0: JESD204[2] transition link_pre_setup -> link_supported
[    8.183048] jesd204: /axi/spi@ff040000/ad9081@0,jesd204:0,parent=spi1.0: JESD204[0] transition link_supported -> link_init
[    8.194086] jesd204: /axi/spi@ff040000/ad9081@0,jesd204:0,parent=spi1.0: JESD204[2] transition link_supported -> link_init
[    8.205134] jesd204: /axi/spi@ff040000/ad9081@0,jesd204:0,parent=spi1.0: JESD204[0] transition link_init -> device_init
[    8.215917] jesd204: /axi/spi@ff040000/ad9081@0,jesd204:0,parent=spi1.0: JESD204[2] transition link_init -> device_init
[    8.226700] jesd204: /axi/spi@ff040000/ad9081@0,jesd204:0,parent=spi1.0: JESD204[0] transition device_init -> idle
[    8.237047] jesd204: /axi/spi@ff040000/ad9081@0,jesd204:0,parent=spi1.0: JESD204[2] transition device_init -> idle
[    8.247394] jesd204: /axi/spi@ff040000/ad9081@0,jesd204:0,parent=spi1.0: JESD204[2] transition idle -> idle
[    8.257129] jesd204: /axi/spi@ff040000/ad9081@0,jesd204:0,parent=spi1.0: JESD204[0] transition idle -> idle
[    8.266871] jesd204: /axi/spi@ff040000/ad9081@0,jesd204:0,parent=spi1.0: JESD204[2] transition idle -> device_init
[    8.277214] jesd204: /axi/spi@ff040000/ad9081@0,jesd204:0,parent=spi1.0: JESD204[0] transition idle -> device_init
[    8.287565] jesd204: /axi/spi@ff040000/ad9081@0,jesd204:0,parent=spi1.0: JESD204[2] transition device_init -> link_init
[    8.298342] jesd204: /axi/spi@ff040000/ad9081@0,jesd204:0,parent=spi1.0: JESD204[0] transition device_init -> link_init
[    8.309131] jesd204: /axi/spi@ff040000/ad9081@0,jesd204:0,parent=spi1.0: JESD204[2] transition link_init -> link_supported
[    8.320172] jesd204: /axi/spi@ff040000/ad9081@0,jesd204:0,parent=spi1.0: JESD204[0] transition link_init -> link_supported
[    8.331356] axi-jesd204-rx 84a90000.axi-jesd204-rx: axi_jesd204_rx_jesd204_link_pre_setup: Link2 set lane rate 15120000 kHz failed (-22)
[    8.343612] jesd204: /fpga-axi@0/axi-jesd204-rx@84a90000,jesd204:4,parent=84a90000.axi-jesd204-rx: JESD204[2] In link_pre_setup got error from cb: -22
[    8.357080] jesd204: /axi/spi@ff040000/ad9081@0,jesd204:0,parent=spi1.0: Rolling back from 'link_supported', got error -22
[    8.368127] jesd204: /axi/spi@ff040000/ad9081@0,jesd204:0,parent=spi1.0: JESD204[0] transition link_supported -> link_pre_setup
[    8.379604] jesd204: /axi/spi@ff040000/ad9081@0,jesd204:0,parent=spi1.0: JESD204[2] transition link_supported -> link_pre_setup
[    8.391082] jesd204: /axi/spi@ff040000/ad9081@0,jesd204:0,parent=spi1.0: JESD204[0] transition link_pre_setup -> link_supported
[    8.402553] jesd204: /axi/spi@ff040000/ad9081@0,jesd204:0,parent=spi1.0: JESD204[2] transition link_pre_setup -> link_supported
[    8.414032] jesd204: /axi/spi@ff040000/ad9081@0,jesd204:0,parent=spi1.0: JESD204[0] transition link_supported -> link_init
[    8.425071] jesd204: /axi/spi@ff040000/ad9081@0,jesd204:0,parent=spi1.0: JESD204[2] transition link_supported -> link_init
[    8.436116] jesd204: /axi/spi@ff040000/ad9081@0,jesd204:0,parent=spi1.0: JESD204[0] transition link_init -> device_init
[    8.446891] jesd204: /axi/spi@ff040000/ad9081@0,jesd204:0,parent=spi1.0: JESD204[2] transition link_init -> device_init
[    8.457675] jesd204: /axi/spi@ff040000/ad9081@0,jesd204:0,parent=spi1.0: JESD204[0] transition device_init -> idle
[    8.468018] jesd204: /axi/spi@ff040000/ad9081@0,jesd204:0,parent=spi1.0: JESD204[2] transition device_init -> idle
[    8.478369] jesd204: /axi/spi@ff040000/ad9081@0,jesd204:0,parent=spi1.0: JESD204[2] transition idle -> idle
[    8.488104] jesd204: /axi/spi@ff040000/ad9081@0,jesd204:0,parent=spi1.0: JESD204[0] transition idle -> idle
[    8.497849] jesd204: /axi/spi@ff040000/ad9081@0,jesd204:0,parent=spi1.0: JESD204[2] transition idle -> device_init
[    8.508198] jesd204: /axi/spi@ff040000/ad9081@0,jesd204:0,parent=spi1.0: JESD204[0] transition idle -> device_init
[    8.518548] jesd204: /axi/spi@ff040000/ad9081@0,jesd204:0,parent=spi1.0: JESD204[2] transition device_init -> link_init
[    8.529325] jesd204: /axi/spi@ff040000/ad9081@0,jesd204:0,parent=spi1.0: JESD204[0] transition device_init -> link_init
[    8.540113] jesd204: /axi/spi@ff040000/ad9081@0,jesd204:0,parent=spi1.0: JESD204[2] transition link_init -> link_supported
[    8.551155] jesd204: /axi/spi@ff040000/ad9081@0,jesd204:0,parent=spi1.0: JESD204[0] transition link_init -> link_supported
[    8.562343] axi-jesd204-rx 84a90000.axi-jesd204-rx: axi_jesd204_rx_jesd204_link_pre_setup: Link2 set lane rate 15120000 kHz failed (-22)
[    8.574603] jesd204: /fpga-axi@0/axi-jesd204-rx@84a90000,jesd204:4,parent=84a90000.axi-jesd204-rx: JESD204[2] In link_pre_setup got error from cb: -22
[    8.588072] jesd204: /axi/spi@ff040000/ad9081@0,jesd204:0,parent=spi1.0: Rolling back from 'link_supported', got error -22
[    8.599116] jesd204: /axi/spi@ff040000/ad9081@0,jesd204:0,parent=spi1.0: JESD204[0] transition link_supported -> link_pre_setup
[    8.610587] jesd204: /axi/spi@ff040000/ad9081@0,jesd204:0,parent=spi1.0: JESD204[2] transition link_supported -> link_pre_setup
[    8.622069] jesd204: /axi/spi@ff040000/ad9081@0,jesd204:0,parent=spi1.0: JESD204[0] transition link_pre_setup -> link_supported
[    8.633547] jesd204: /axi/spi@ff040000/ad9081@0,jesd204:0,parent=spi1.0: JESD204[2] transition link_pre_setup -> link_supported
[    8.645024] jesd204: /axi/spi@ff040000/ad9081@0,jesd204:0,parent=spi1.0: JESD204[0] transition link_supported -> link_init
[    8.656061] jesd204: /axi/spi@ff040000/ad9081@0,jesd204:0,parent=spi1.0: JESD204[2] transition link_supported -> link_init
[    8.667108] jesd204: /axi/spi@ff040000/ad9081@0,jesd204:0,parent=spi1.0: JESD204[0] transition link_init -> device_init
[    8.677884] jesd204: /axi/spi@ff040000/ad9081@0,jesd204:0,parent=spi1.0: JESD204[2] transition link_init -> device_init
[    8.688667] jesd204: /axi/spi@ff040000/ad9081@0,jesd204:0,parent=spi1.0: JESD204[0] transition device_init -> idle
[    8.699010] jesd204: /axi/spi@ff040000/ad9081@0,jesd204:0,parent=spi1.0: JESD204[2] transition device_init -> idle
[    8.709356] jesd204: /axi/spi@ff040000/ad9081@0,jesd204:0,parent=spi1.0: FSM completed with error -22
[    8.727809] input: gpio-keys as /devices/platform/gpio-keys/input/input0
[    8.734821] of_cfs_init
[    8.737279] of_cfs_init: OK
[    8.740220] cfg80211: Loading compiled-in X.509 certificates for regulatory database
[    8.878331] cfg80211: Loaded X.509 cert 'sforshee: 00b28ddf47aef9cea7'
[    8.884863] clk: Not disabling unused clocks
[    8.889393] ALSA device list:
[    8.892353]   No soundcards found.
[    8.896033] platform regulatory.0: Direct firmware load for regulatory.db failed with error -2
[    8.904657] cfg80211: failed to load regulatory.db
[    8.919066] EXT4-fs (mmcblk0p2): mounted filesystem with ordered data mode. Opts: (null)
[    8.927178] VFS: Mounted root (ext4 filesystem) on device 179:2.
[    8.941033] devtmpfs: mounted
[    8.944845] Freeing unused kernel memory: 2560K
[    8.955816] Run /sbin/init as init process
[    8.959905]   with arguments:
[    8.959908]     /sbin/init
[    8.959910]   with environment:
[    8.959912]     HOME=/
[    8.959914]     TERM=linux
[    9.547416] systemd[1]: systemd 241 running in system mode. (+PAM +AUDIT +SELINUX +IMA +APPARMOR +SMACK +SYSVINIT +UTMP +LIBCRYPTSETUP +GCRYPT +GNUTLS +ACL +XZ +LZ4 +SECCOMP +BLKID +ELFUTILS +KMOD -IDN2 +IDN -PCRE2 default-hierarchy=hybrid)
[    9.569279] systemd[1]: Detected architecture arm64.
[    9.592507] systemd[1]: Set hostname to <analog>.
[    9.781268] systemd[1]: File /lib/systemd/system/systemd-journald.service:12 configures an IP firewall (IPAddressDeny=any), but the local system does not support BPF/cgroup based firewalling.
[    9.798350] systemd[1]: Proceeding WITHOUT firewalling in effect! (This warning is only shown for the first loaded unit using IP firewalling.)
[    9.965089] systemd[1]: /etc/systemd/system/tof-server.service:1: Assignment outside of section. Ignoring.
[    9.974816] systemd[1]: /etc/systemd/system/tof-server.service:2: Assignment outside of section. Ignoring.
[   10.161687] random: systemd: uninitialized urandom read (16 bytes read)
[   10.176529] random: systemd: uninitialized urandom read (16 bytes read)
[   10.183608] systemd[1]: Listening on Journal Socket (/dev/log).
[   10.203838] random: systemd: uninitialized urandom read (16 bytes read)
[   10.211033] systemd[1]: Created slice system-systemd\x2dfsck.slice.
[   10.231972] systemd[1]: Started Forward Password Requests to Wall Directory Watch.
[   10.818505] ------------[ cut here ]------------
[   10.818514] Enabling unprepared \xa0)G\x88\xff\xff\xff\xa0F\x88\xff\xff\xff
[   10.818560] WARNING: CPU: 1 PID: 130 at drivers/clk/clk.c:1012 clk_core_enable+0xa4/0xc0
[   10.818563] Modules linked in:
[   10.818573] CPU: 1 PID: 130 Comm: kworker/1:1H Not tainted 5.10.0-98103-g2aa7ac113716 #5577
[   10.818575] Hardware name: ZynqMP ZCU102 Rev1.0 (DT)
[   10.818585] Workqueue: kblockd blk_mq_run_work_fn
[   10.818592] pstate: 80000085 (Nzcv daIf -PAN -UAO -TCO BTYPE=--)
[   10.818598] pc : clk_core_enable+0xa4/0xc0
[   10.818604] lr : clk_core_enable+0xa4/0xc0
[   10.818606] sp : ffffffc012b432d0
[   10.818609] x29: ffffffc012b432d0 x28: ffffff8800330c10 
[   10.818616] x27: ffffff8800330d48 x26: 0000005000000101 
[   10.818623] x25: 000000027ee31f72 x24: 0000000000000001 
[   10.818629] x23: ffffff8801106a80 x22: ffffff8801083220 
[   10.818636] x21: ffffff880146a000 x20: ffffff880146a008 
[   10.818642] x19: ffffff880146a008 x18: 0000000000000030 
[   10.818649] x17: 0000000000000003 x16: 0000adabf111ea22 
[   10.818656] x15: ffffffffffff9c70 x14: ffffffc011d3b1a0 
[   10.818662] x13: ffffffc011d3b1c8 x12: 0000000000000672 
[   10.818669] x11: 0000000000000226 x10: ffffffc011d671c8 
[   10.818675] x9 : 00000000fffff800 x8 : ffffffc011d3b1c8 
[   10.818681] x7 : ffffffc011d671c8 x6 : 0000000000000001 
[   10.818688] x5 : ffffff887f77c9e0 x4 : 0000000000000000 
[   10.818694] x3 : 0000000000000027 x2 : 0000000000000023 
[   10.818700] x1 : 51c3043a27042200 x0 : 0000000000000000 
[   10.818707] Call trace:
[   10.818714]  clk_core_enable+0xa4/0xc0
[   10.818719]  clk_enable+0x2c/0x60
[   10.818725]  zynqmp_runtime_resume+0x24/0x84
[   10.818732]  pm_generic_runtime_resume+0x30/0x50
[   10.818737]  __genpd_runtime_resume+0x30/0xb0
[   10.818744]  genpd_runtime_resume+0x90/0x250
[   10.818750]  __rpm_callback+0x10c/0x1e0
[   10.818755]  rpm_callback+0x5c/0x84
[   10.818760]  rpm_resume+0x4a4/0x74c
[   10.818765]  __pm_runtime_resume+0x78/0xc4
[   10.818770]  spi_mem_access_start.isra.0+0x30/0x80
[   10.818774]  spi_mem_exec_op+0x3b0/0x424
[   10.818779]  spi_nor_read_sr+0x78/0xe0
[   10.818784]  spi_nor_wait_till_ready_with_timeout+0xb4/0x2f0
[   10.818788]  spi_nor_read+0x188/0x380
[   10.818793]  mtd_read_oob_std+0x78/0x84
[   10.818798]  mtd_read_oob+0x7c/0x134
[   10.818802]  mtd_read+0x48/0x7c
[   10.818808]  mtdblock_readsect+0x6c/0x150
[   10.818813]  mtd_queue_rq+0x2cc/0x5a0
[   10.818819]  blk_mq_dispatch_rq_list+0x110/0x790
[   10.818825]  __blk_mq_do_dispatch_sched+0x200/0x274
[   10.818831]  __blk_mq_sched_dispatch_requests+0x1a8/0x1fc
[   10.818836]  blk_mq_sched_dispatch_requests+0x3c/0x7c
[   10.818841]  __blk_mq_run_hw_queue+0x98/0x100
[   10.818846]  blk_mq_run_work_fn+0x24/0x30
[   10.818851]  process_one_work+0x1d4/0x380
[   10.818855]  worker_thread+0x78/0x4e0
[   10.818860]  kthread+0x124/0x130
[   10.818866]  ret_from_fork+0x10/0x3c
[   10.818870] ---[ end trace ce0e9a076ae1059d ]---
[   10.818878] zynqmp-qspi ff0f0000.spi: Cannot enable APB clock.
[   10.818927] spi_master spi0: Failed to power device: -108
[   10.818938] blk_update_request: I/O error, dev mtdblock0, sector 8 op 0x0:(READ) flags 0x80700 phys_seg 1 prio class 0
[   10.819006] spi_master spi0: Failed to power device: -22
[   10.819013] blk_update_request: I/O error, dev mtdblock0, sector 8 op 0x0:(READ) flags 0x0 phys_seg 8 prio class 0
[   10.819018] Buffer I/O error on dev mtdblock0, logical block 8, async page read
[   10.819027] spi_master spi0: Failed to power device: -22
[   10.819033] blk_update_request: I/O error, dev mtdblock0, sector 9 op 0x0:(READ) flags 0x0 phys_seg 7 prio class 0
[   10.819037] Buffer I/O error on dev mtdblock0, logical block 9, async page read
[   10.819044] spi_master spi0: Failed to power device: -22
[   10.819050] blk_update_request: I/O error, dev mtdblock0, sector 10 op 0x0:(READ) flags 0x0 phys_seg 6 prio class 0
[   10.819053] Buffer I/O error on dev mtdblock0, logical block 10, async page read
[   10.819060] spi_master spi0: Failed to power device: -22
[   10.819066] blk_update_request: I/O error, dev mtdblock0, sector 11 op 0x0:(READ) flags 0x0 phys_seg 5 prio class 0
[   10.819070] Buffer I/O error on dev mtdblock0, logical block 11, async page read
[   10.819077] spi_master spi0: Failed to power device: -22
[   10.819082] blk_update_request: I/O error, dev mtdblock0, sector 12 op 0x0:(READ) flags 0x0 phys_seg 4 prio class 0
[   10.819086] Buffer I/O error on dev mtdblock0, logical block 12, async page read
[   10.819093] spi_master spi0: Failed to power device: -22
[   10.819099] blk_update_request: I/O error, dev mtdblock0, sector 13 op 0x0:(READ) flags 0x0 phys_seg 3 prio class 0
[   10.819102] Buffer I/O error on dev mtdblock0, logical block 13, async page read
[   10.819109] spi_master spi0: Failed to power device: -22
[   10.819115] blk_update_request: I/O error, dev mtdblock0, sector 14 op 0x0:(READ) flags 0x0 phys_seg 2 prio class 0
[   10.819119] Buffer I/O error on dev mtdblock0, logical block 14, async page read
[   10.819125] spi_master spi0: Failed to power device: -22
[   10.819131] blk_update_request: I/O error, dev mtdblock0, sector 15 op 0x0:(READ) flags 0x0 phys_seg 1 prio class 0
[   10.819134] Buffer I/O error on dev mtdblock0, logical block 15, async page read
[   10.819428] spi_master spi0: Failed to power device: -22
[   10.819436] blk_update_request: I/O error, dev mtdblock1, sector 10112 op 0x0:(READ) flags 0x80700 phys_seg 1 prio class 0
[   10.819479] spi_master spi0: Failed to power device: -22
[   10.819485] Buffer I/O error on dev mtdblock1, logical block 10112, async page read
[   10.819493] spi_master spi0: Failed to power device: -22
[   10.819497] Buffer I/O error on dev mtdblock1, logical block 10113, async page read
[   10.819504] spi_master spi0: Failed to power device: -22
[   10.819512] spi_master spi0: Failed to power device: -22
[   10.819519] spi_master spi0: Failed to power device: -22
[   10.819526] spi_master spi0: Failed to power device: -22
[   10.819534] spi_master spi0: Failed to power device: -22
[   10.819541] spi_master spi0: Failed to power device: -22
[   10.819810] spi_master spi0: Failed to power device: -22
[   10.819854] spi_master spi0: Failed to power device: -22
[   10.819864] spi_master spi0: Failed to power device: -22
[   10.819872] spi_master spi0: Failed to power device: -22
[   10.819879] spi_master spi0: Failed to power device: -22
[   10.819887] spi_master spi0: Failed to power device: -22
[   10.819894] spi_master spi0: Failed to power device: -22
[   10.819902] spi_master spi0: Failed to power device: -22
[   10.819909] spi_master spi0: Failed to power device: -22
[   10.820204] spi_master spi0: Failed to power device: -22
[   10.820249] spi_master spi0: Failed to power device: -22
[   10.820258] spi_master spi0: Failed to power device: -22
[   10.820266] spi_master spi0: Failed to power device: -22
[   10.820273] spi_master spi0: Failed to power device: -22
[   10.820281] spi_master spi0: Failed to power device: -22
[   10.820288] spi_master spi0: Failed to power device: -22
[   10.820295] spi_master spi0: Failed to power device: -22
[   10.820302] spi_master spi0: Failed to power device: -22
[   10.951222] EXT4-fs (mmcblk0p2): re-mounted. Opts: (null)
[   11.037704] systemd-journald[167]: Received request to flush runtime journal from PID 1
[   17.116345] macb ff0e0000.ethernet eth0: PHY [ff0e0000.ethernet-ffffffff:0c] driver [TI DP83867] (irq=POLL)
[   17.116358] macb ff0e0000.ethernet eth0: configuring for phy/rgmii-id link mode
[   17.411807] Adding 70652k swap on /var/swap.  Priority:-2 extents:2 across:87672k SS
[   19.147795] random: crng init done
[   19.147807] random: 7 urandom warning(s) missed due to ratelimiting
[   20.067400] broken atomic modeset userspace detected, disabling atomic
[   20.193400] macb ff0e0000.ethernet eth0: Link is Up - 1Gbps/Full - flow control off
[   20.193425] IPv6: ADDRCONF(NETDEV_CHANGE): eth0: link becomes ready
[   22.740935] broken atomic modeset userspace detected, disabling atomic
[   25.839976] broken atomic modeset userspace detected, disabling atomic