[    0.000000] Booting Linux on physical CPU 0x0000000000 [0x410fd034]
[    0.000000] Linux version 5.10.0-98103-g2aa7ac113716 (jenkins@romlxbuild1.adlk.analog.com) (aarch64-xilinx-linux-gcc.real (GCC) 10.2.0, GNU ld (GNU Binutils) 2.35.0.20200730) #5577 SMP Wed Mar 23 07:28:49 GMT 2022
[    0.000000] Machine model: ZynqMP ZCU102 Rev1.0
[    0.000000] earlycon: cdns0 at MMIO 0x00000000ff000000 (options '115200n8')
[    0.000000] printk: bootconsole [cdns0] enabled
[    0.000000] efi: UEFI not found.
[    0.000000] cma: Reserved 256 MiB at 0x0000000070000000
[    0.000000] Zone ranges:
[    0.000000]   DMA      [mem 0x0000000000000000-0x000000003fffffff]
[    0.000000]   DMA32    [mem 0x0000000040000000-0x00000000ffffffff]
[    0.000000]   Normal   [mem 0x0000000100000000-0x000000087fffffff]
[    0.000000] Movable zone start for each node
[    0.000000] Early memory node ranges
[    0.000000]   node   0: [mem 0x0000000000000000-0x000000007fffffff]
[    0.000000]   node   0: [mem 0x0000000800000000-0x000000087fffffff]
[    0.000000] Initmem setup node 0 [mem 0x0000000000000000-0x000000087fffffff]
[    0.000000] On node 0 totalpages: 1048576
[    0.000000]   DMA zone: 3584 pages used for memmap
[    0.000000]   DMA zone: 0 pages reserved
[    0.000000]   DMA zone: 262144 pages, LIFO batch:63
[    0.000000]   DMA32 zone: 3584 pages used for memmap
[    0.000000]   DMA32 zone: 262144 pages, LIFO batch:63
[    0.000000]   Normal zone: 7168 pages used for memmap
[    0.000000]   Normal zone: 524288 pages, LIFO batch:63
[    0.000000] psci: probing for conduit method from DT.
[    0.000000] psci: PSCIv1.1 detected in firmware.
[    0.000000] psci: Using standard PSCI v0.2 function IDs
[    0.000000] psci: MIGRATE_INFO_TYPE not supported.
[    0.000000] psci: SMC Calling Convention v1.2
[    0.000000] percpu: Embedded 22 pages/cpu s49496 r8192 d32424 u90112
[    0.000000] pcpu-alloc: s49496 r8192 d32424 u90112 alloc=22*4096
[    0.000000] pcpu-alloc: [0] 0 [0] 1 [0] 2 [0] 3 
[    0.000000] Detected VIPT I-cache on CPU0
[    0.000000] CPU features: detected: ARM erratum 845719
[    0.000000] Built 1 zonelists, mobility grouping on.  Total pages: 1034240
[    0.000000] Kernel command line: console=ttyPS0,115200 root=/dev/mmcblk0p2 rw earlycon rootfstype=ext4 rootwait clk_ignore_unused cpuidle.off=1 root=/dev/mmcblk0p2 rw rootwait
[    0.000000] Dentry cache hash table entries: 524288 (order: 10, 4194304 bytes, linear)
[    0.000000] Inode-cache hash table entries: 262144 (order: 9, 2097152 bytes, linear)
[    0.000000] mem auto-init: stack:off, heap alloc:off, heap free:off
[    0.000000] software IO TLB: mapped [mem 0x000000003bfff000-0x000000003ffff000] (64MB)
[    0.000000] Memory: 3761904K/4194304K available (15296K kernel code, 1636K rwdata, 11876K rodata, 2560K init, 507K bss, 170256K reserved, 262144K cma-reserved)
[    0.000000] rcu: Hierarchical RCU implementation.
[    0.000000] rcu: 	RCU event tracing is enabled.
[    0.000000] rcu: 	RCU restricting CPUs from NR_CPUS=8 to nr_cpu_ids=4.
[    0.000000] rcu: RCU calculated value of scheduler-enlistment delay is 25 jiffies.
[    0.000000] rcu: Adjusting geometry for rcu_fanout_leaf=16, nr_cpu_ids=4
[    0.000000] NR_IRQS: 64, nr_irqs: 64, preallocated irqs: 0
[    0.000000] GIC: Adjusting CPU interface base to 0x00000000f902f000
[    0.000000] GIC: Using split EOI/Deactivate mode
[    0.000000] random: get_random_bytes called from start_kernel+0x31c/0x54c with crng_init=0
[    0.000000] arch_timer: cp15 timer(s) running at 100.00MHz (phys).
[    0.000000] clocksource: arch_sys_counter: mask: 0xffffffffffffff max_cycles: 0x171024e7e0, max_idle_ns: 440795205315 ns
[    0.000003] sched_clock: 56 bits at 100MHz, resolution 10ns, wraps every 4398046511100ns
[    0.008461] Console: colour dummy device 80x25
[    0.012483] Calibrating delay loop (skipped), value calculated using timer frequency.. 200.00 BogoMIPS (lpj=400000)
[    0.022841] pid_max: default: 32768 minimum: 301
[    0.027549] Mount-cache hash table entries: 8192 (order: 4, 65536 bytes, linear)
[    0.034789] Mountpoint-cache hash table entries: 8192 (order: 4, 65536 bytes, linear)
[    0.043396] rcu: Hierarchical SRCU implementation.
[    0.047559] EFI services will not be available.
[    0.051939] smp: Bringing up secondary CPUs ...
[    0.056654] Detected VIPT I-cache on CPU1
[    0.056693] CPU1: Booted secondary processor 0x0000000001 [0x410fd034]
[    0.057057] Detected VIPT I-cache on CPU2
[    0.057082] CPU2: Booted secondary processor 0x0000000002 [0x410fd034]
[    0.057421] Detected VIPT I-cache on CPU3
[    0.057444] CPU3: Booted secondary processor 0x0000000003 [0x410fd034]
[    0.057490] smp: Brought up 1 node, 4 CPUs
[    0.091779] SMP: Total of 4 processors activated.
[    0.096452] CPU features: detected: 32-bit EL0 Support
[    0.101556] CPU features: detected: CRC32 instructions
[    0.106696] CPU: All CPU(s) started at EL2
[    0.110736] alternatives: patching kernel code
[    0.116167] devtmpfs: initialized
[    0.124063] Registered cp15_barrier emulation handler
[    0.124113] Registered setend emulation handler
[    0.128092] clocksource: jiffies: mask: 0xffffffff max_cycles: 0xffffffff, max_idle_ns: 7645041785100000 ns
[    0.137670] futex hash table entries: 1024 (order: 4, 65536 bytes, linear)
[    0.151024] pinctrl core: initialized pinctrl subsystem
[    0.151670] NET: Registered protocol family 16
[    0.156089] DMA: preallocated 512 KiB GFP_KERNEL pool for atomic allocations
[    0.162108] DMA: preallocated 512 KiB GFP_KERNEL|GFP_DMA pool for atomic allocations
[    0.169833] DMA: preallocated 512 KiB GFP_KERNEL|GFP_DMA32 pool for atomic allocations
[    0.177635] audit: initializing netlink subsys (disabled)
[    0.183088] audit: type=2000 audit(0.116:1): state=initialized audit_enabled=0 res=1
[    0.183436] hw-breakpoint: found 6 breakpoint and 4 watchpoint registers.
[    0.197464] ASID allocator initialised with 65536 entries
[    0.224362] HugeTLB registered 1.00 GiB page size, pre-allocated 0 pages
[    0.225420] HugeTLB registered 32.0 MiB page size, pre-allocated 0 pages
[    0.232090] HugeTLB registered 2.00 MiB page size, pre-allocated 0 pages
[    0.238754] HugeTLB registered 64.0 KiB page size, pre-allocated 0 pages
[    1.304282] DRBG: Continuing without Jitter RNG
[    1.382151] raid6: neonx8   gen()  2143 MB/s
[    1.450198] raid6: neonx8   xor()  1601 MB/s
[    1.518251] raid6: neonx4   gen()  2195 MB/s
[    1.586300] raid6: neonx4   xor()  1565 MB/s
[    1.654372] raid6: neonx2   gen()  2076 MB/s
[    1.722416] raid6: neonx2   xor()  1438 MB/s
[    1.790485] raid6: neonx1   gen()  1772 MB/s
[    1.858528] raid6: neonx1   xor()  1220 MB/s
[    1.926585] raid6: int64x8  gen()  1438 MB/s
[    1.994643] raid6: int64x8  xor()   771 MB/s
[    2.062720] raid6: int64x4  gen()  1599 MB/s
[    2.130763] raid6: int64x4  xor()   818 MB/s
[    2.198828] raid6: int64x2  gen()  1397 MB/s
[    2.266880] raid6: int64x2  xor()   750 MB/s
[    2.334955] raid6: int64x1  gen()  1033 MB/s
[    2.403018] raid6: int64x1  xor()   517 MB/s
[    2.403057] raid6: using algorithm neonx4 gen() 2195 MB/s
[    2.407012] raid6: .... xor() 1565 MB/s, rmw enabled
[    2.411943] raid6: using neon recovery algorithm
[    2.416957] iommu: Default domain type: Translated 
[    2.421570] SCSI subsystem initialized
[    2.425112] libata version 3.00 loaded.
[    2.425236] usbcore: registered new interface driver usbfs
[    2.430567] usbcore: registered new interface driver hub
[    2.435842] usbcore: registered new device driver usb
[    2.440974] mc: Linux media interface: v0.10
[    2.445091] videodev: Linux video capture interface: v2.00
[    2.450583] EDAC MC: Ver: 3.0.0
[    2.454015] zynqmp-ipi-mbox mailbox@ff990400: Registered ZynqMP IPI mbox with TX/RX channels.
[    2.462521] jesd204: created con: id=0, topo=0, link=0, /axi/spi@ff050000/hmc7044@0 <-> /fpga-axi@0/axi-adxcvr-tx@84b60000
[    2.473112] jesd204: created con: id=1, topo=0, link=2, /axi/spi@ff050000/hmc7044@0 <-> /fpga-axi@0/axi-adxcvr-rx@84a60000
[    2.484096] jesd204: created con: id=2, topo=0, link=0, /fpga-axi@0/axi-adxcvr-tx@84b60000 <-> /fpga-axi@0/axi-jesd204-tx@84b90000
[    2.495771] jesd204: created con: id=3, topo=0, link=2, /fpga-axi@0/axi-adxcvr-rx@84a60000 <-> /fpga-axi@0/axi-jesd204-rx@84a90000
[    2.507449] jesd204: created con: id=4, topo=0, link=0, /fpga-axi@0/axi-jesd204-tx@84b90000 <-> /fpga-axi@0/axi-ad9081-tx-hpc@84b10000
[    2.519476] jesd204: created con: id=5, topo=0, link=2, /fpga-axi@0/axi-jesd204-rx@84a90000 <-> /fpga-axi@0/axi-ad9081-rx-hpc@84a10000
[    2.531499] jesd204: created con: id=6, topo=0, link=2, /fpga-axi@0/axi-ad9081-rx-hpc@84a10000 <-> /axi/spi@ff040000/ad9081@0
[    2.542740] jesd204: created con: id=7, topo=0, link=0, /fpga-axi@0/axi-ad9081-tx-hpc@84b10000 <-> /axi/spi@ff040000/ad9081@0
[    2.553990] jesd204: /axi/spi@ff040000/ad9081@0: JESD204[2] transition uninitialized -> initialized
[    2.562977] jesd204: /axi/spi@ff040000/ad9081@0: JESD204[0] transition uninitialized -> initialized
[    2.571968] jesd204: found 8 devices and 1 topologies
[    2.577012] FPGA manager framework
[    2.580489] Advanced Linux Sound Architecture Driver Initialized.
[    2.586784] Bluetooth: Core ver 2.22
[    2.589973] NET: Registered protocol family 31
[    2.594373] Bluetooth: HCI device and connection manager initialized
[    2.600689] Bluetooth: HCI socket layer initialized
[    2.605531] Bluetooth: L2CAP socket layer initialized
[    2.610555] Bluetooth: SCO socket layer initialized
[    2.615744] clocksource: Switched to clocksource arch_sys_counter
[    2.621544] VFS: Disk quotas dquot_6.6.0
[    2.625382] VFS: Dquot-cache hash table entries: 512 (order 0, 4096 bytes)
[    2.636096] NET: Registered protocol family 2
[    2.636828] tcp_listen_portaddr_hash hash table entries: 2048 (order: 3, 32768 bytes, linear)
[    2.645022] TCP established hash table entries: 32768 (order: 6, 262144 bytes, linear)
[    2.653047] TCP bind hash table entries: 32768 (order: 7, 524288 bytes, linear)
[    2.660492] TCP: Hash tables configured (established 32768 bind 32768)
[    2.666665] UDP hash table entries: 2048 (order: 4, 65536 bytes, linear)
[    2.673333] UDP-Lite hash table entries: 2048 (order: 4, 65536 bytes, linear)
[    2.680493] NET: Registered protocol family 1
[    2.684968] RPC: Registered named UNIX socket transport module.
[    2.690569] RPC: Registered udp transport module.
[    2.695234] RPC: Registered tcp transport module.
[    2.699903] RPC: Registered tcp NFSv4.1 backchannel transport module.
[    2.706888] PCI: CLS 0 bytes, default 64
[    2.710592] hw perfevents: no interrupt-affinity property for /pmu, guessing.
[    2.717458] hw perfevents: enabled with armv8_pmuv3 PMU driver, 7 counters available
[    2.725801] Initialise system trusted keyrings
[    2.729481] workingset: timestamp_bits=62 max_order=20 bucket_order=0
[    2.736379] NFS: Registering the id_resolver key type
[    2.740833] Key type id_resolver registered
[    2.744971] Key type id_legacy registered
[    2.748962] nfs4filelayout_init: NFSv4 File Layout Driver Registering...
[    2.755628] jffs2: version 2.2. (NAND) (SUMMARY)  Â© 2001-2006 Red Hat, Inc.
[    2.798638] NET: Registered protocol family 38
[    2.798681] xor: measuring software checksum speed
[    2.806366]    8regs           :  2363 MB/sec
[    2.810035]    32regs          :  2799 MB/sec
[    2.814977]    arm64_neon      :  2380 MB/sec
[    2.815167] xor: using function: 32regs (2799 MB/sec)
[    2.820193] Key type asymmetric registered
[    2.824254] Asymmetric key parser 'x509' registered
[    2.829115] Block layer SCSI generic (bsg) driver version 0.4 loaded (major 248)
[    2.836453] io scheduler mq-deadline registered
[    2.840948] io scheduler kyber registered
[    2.870334] Serial: 8250/16550 driver, 4 ports, IRQ sharing disabled
[    2.874973] cacheinfo: Unable to detect cache hierarchy for CPU 0
[    2.881330] brd: module loaded
[    2.885469] loop: module loaded
[    2.886013] Registered mathworks_ip class
[    2.889371] libphy: Fixed MDIO Bus: probed
[    2.892314] tun: Universal TUN/TAP device driver, 1.6
[    2.896391] CAN device driver interface
[    2.900924] usbcore: registered new interface driver asix
[    2.905514] usbcore: registered new interface driver ax88179_178a
[    2.911552] usbcore: registered new interface driver cdc_ether
[    2.917349] usbcore: registered new interface driver net1080
[    2.922971] usbcore: registered new interface driver cdc_subset
[    2.928853] usbcore: registered new interface driver zaurus
[    2.934396] usbcore: registered new interface driver cdc_ncm
[    2.940802] ehci_hcd: USB 2.0 'Enhanced' Host Controller (EHCI) Driver
[    2.946482] ehci-pci: EHCI PCI platform driver
[    2.951272] usbcore: registered new interface driver uas
[    2.956199] usbcore: registered new interface driver usb-storage
[    2.962186] usbcore: registered new interface driver usbserial_generic
[    2.968638] usbserial: USB Serial support registered for generic
[    2.974610] usbcore: registered new interface driver ftdi_sio
[    2.980311] usbserial: USB Serial support registered for FTDI USB Serial Device
[    2.987584] usbcore: registered new interface driver upd78f0730
[    2.993460] usbserial: USB Serial support registered for upd78f0730
[    3.001125] rtc_zynqmp ffa60000.rtc: registered as rtc0
[    3.004890] rtc_zynqmp ffa60000.rtc: setting system clock to 2022-03-26T01:28:03 UTC (1648258083)
[    3.013749] i2c /dev entries driver
[    3.019057] usbcore: registered new interface driver uvcvideo
[    3.022861] USB Video Class driver (1.1.1)
[    3.028451] Bluetooth: HCI UART driver ver 2.3
[    3.031332] Bluetooth: HCI UART protocol H4 registered
[    3.036447] Bluetooth: HCI UART protocol BCSP registered
[    3.041733] Bluetooth: HCI UART protocol LL registered
[    3.046821] Bluetooth: HCI UART protocol ATH3K registered
[    3.052200] Bluetooth: HCI UART protocol Three-wire (H5) registered
[    3.058450] Bluetooth: HCI UART protocol Intel registered
[    3.063785] Bluetooth: HCI UART protocol QCA registered
[    3.068987] usbcore: registered new interface driver bcm203x
[    3.074609] usbcore: registered new interface driver bpa10x
[    3.080145] usbcore: registered new interface driver bfusb
[    3.085594] usbcore: registered new interface driver btusb
[    3.091055] usbcore: registered new interface driver ath3k
[    3.096538] EDAC MC: ECC not enabled
[    3.100168] EDAC DEVICE0: Giving out device to module zynqmp-ocm-edac controller zynqmp_ocm: DEV ff960000.memory-controller (INTERRUPT)
[    3.112487] sdhci: Secure Digital Host Controller Interface driver
[    3.118276] sdhci: Copyright(c) Pierre Ossman
[    3.122598] sdhci-pltfm: SDHCI platform and OF driver helper
[    3.128644] ledtrig-cpu: registered to indicate activity on CPUs
[    3.134201] SMCCC: SOC_ID: ARCH_SOC_ID not implemented, skipping ....
[    3.140623] zynqmp_firmware_probe Platform Management API v1.1
[    3.146384] zynqmp_firmware_probe Trustzone version v1.0
[    3.185930] zynqmp-pinctrl firmware:zynqmp-firmware:pinctrl: zynqmp pinctrl initialized
[    3.233856] zynqmp-aes firmware:zynqmp-firmware:zynqmp-aes: will run requests pump with realtime priority
[    3.249570] alg: No test for xilinx-keccak-384 (zynqmp-keccak-384)
[    3.250275] alg: No test for xilinx-zynqmp-rsa (zynqmp-rsa)
[    3.255800] usbcore: registered new interface driver usbhid
[    3.261175] usbhid: USB HID core driver
[    3.272415] axi_sysid 85000000.axi-sysid-0: AXI System ID core version (1.01.a) found
[    3.274767] axi_sysid 85000000.axi-sysid-0: [ad9081_fmca_ebz] on [zcu102] git branch <master> git <084d44c9780640ca93fd847b1d9ec70dd65f5c67> clean [2022-03-18 04:17:50] UTC
[    3.290455] fpga_manager fpga0: Xilinx ZynqMP FPGA Manager registered
[    3.296826] usbcore: registered new interface driver snd-usb-audio
[    3.304254] pktgen: Packet Generator for packet performance testing. Version: 2.75
[    3.310439] Initializing XFRM netlink socket
[    3.314293] NET: Registered protocol family 10
[    3.319022] Segment Routing with IPv6
[    3.322390] sit: IPv6, IPv4 and MPLS over IPv4 tunneling driver
[    3.328465] NET: Registered protocol family 17
[    3.332571] NET: Registered protocol family 15
[    3.337067] can: controller area network core
[    3.341320] NET: Registered protocol family 29
[    3.345706] can: raw protocol
[    3.348647] can: broadcast manager protocol
[    3.352799] can: netlink gateway - max_hops=1
[    3.357198] Bluetooth: RFCOMM TTY layer initialized
[    3.361974] Bluetooth: RFCOMM socket layer initialized
[    3.367084] Bluetooth: RFCOMM ver 1.11
[    3.370793] Bluetooth: BNEP (Ethernet Emulation) ver 1.3
[    3.376063] Bluetooth: BNEP filters: protocol multicast
[    3.381257] Bluetooth: BNEP socket layer initialized
[    3.386185] Bluetooth: HIDP (Human Interface Emulation) ver 1.2
[    3.392068] Bluetooth: HIDP socket layer initialized
[    3.397124] 9pnet: Installing 9P2000 support
[    3.401246] NET: Registered protocol family 36
[    3.405662] Key type dns_resolver registered
[    3.410097] registered taskstats version 1
[    3.413959] Loading compiled-in X.509 certificates
[    3.419083] Btrfs loaded, crc32c=crc32c-generic
[    3.431458] ff000000.serial: ttyPS0 at MMIO 0xff000000 (irq = 49, base_baud = 6249999) is a xuartps
[    3.440476] printk: console [ttyPS0] enabled
[    3.444771] printk: bootconsole [cdns0] disabled
[    3.454406] ff010000.serial: ttyPS1 at MMIO 0xff010000 (irq = 50, base_baud = 6249999) is a xuartps
[    3.467649] of-fpga-region fpga-full: FPGA Region probed
[    3.474605] nwl-pcie fd0e0000.pcie: host bridge /axi/pcie@fd0e0000 ranges:
[    3.481500] nwl-pcie fd0e0000.pcie:      MEM 0x00e0000000..0x00efffffff -> 0x00e0000000
[    3.489508] nwl-pcie fd0e0000.pcie:      MEM 0x0600000000..0x07ffffffff -> 0x0600000000
[    3.497572] nwl-pcie fd0e0000.pcie: Link is DOWN
[    3.502332] nwl-pcie fd0e0000.pcie: PCI host bridge to bus 0000:00
[    3.508507] pci_bus 0000:00: root bus resource [bus 00-ff]
[    3.513989] pci_bus 0000:00: root bus resource [mem 0xe0000000-0xefffffff]
[    3.520859] pci_bus 0000:00: root bus resource [mem 0x600000000-0x7ffffffff pref]
[    3.528362] pci 0000:00:00.0: [10ee:d021] type 01 class 0x060400
[    3.534418] pci 0000:00:00.0: PME# supported from D0 D1 D2 D3hot
[    3.544856] pci 0000:00:00.0: PCI bridge to [bus 01-0c]
[    3.550834] xilinx-zynqmp-dma fd500000.dma: ZynqMP DMA driver Probe success
[    3.558005] xilinx-zynqmp-dma fd510000.dma: ZynqMP DMA driver Probe success
[    3.565173] xilinx-zynqmp-dma fd520000.dma: ZynqMP DMA driver Probe success
[    3.572343] xilinx-zynqmp-dma fd530000.dma: ZynqMP DMA driver Probe success
[    3.579512] xilinx-zynqmp-dma fd540000.dma: ZynqMP DMA driver Probe success
[    3.586678] xilinx-zynqmp-dma fd550000.dma: ZynqMP DMA driver Probe success
[    3.593850] xilinx-zynqmp-dma fd560000.dma: ZynqMP DMA driver Probe success
[    3.601016] xilinx-zynqmp-dma fd570000.dma: ZynqMP DMA driver Probe success
[    3.608429] xilinx-zynqmp-dpdma fd4c0000.dma-controller: Xilinx DPDMA engine is probed
[    3.616987] ahci-ceva fd0c0000.ahci: supply ahci not found, using dummy regulator
[    3.624532] ahci-ceva fd0c0000.ahci: supply phy not found, using dummy regulator
[    3.711921] hmc7044 spi2.0: PLL1: Acquisition, CLKIN0 @ 122880000 Hz, PFD: 80 kHz - PLL2: Locked @ 3120.000000 MHz
[    3.722640] jesd204: /axi/spi@ff050000/hmc7044@0,jesd204:1,parent=spi2.0: Using as SYSREF provider
[    3.732217] spi-nor spi0.0: SPI-NOR-UniqueID 100000235394732200270025081115266e
[    3.739525] spi-nor spi0.0: found n25q512a, expected m25p80
[    3.745732] spi-nor spi0.0: trying to lock already unlocked area
[    3.751740] spi-nor spi0.0: n25q512a (131072 Kbytes)
[    3.756721] 4 fixed-partitions partitions found on MTD device spi0.0
[    3.763068] Creating 4 MTD partitions on "spi0.0":
[    3.767854] 0x000000000000-0x000000100000 : "qspi-fsbl-uboot"
[    3.774337] 0x000000100000-0x000000600000 : "qspi-linux"
[    3.780292] 0x000000600000-0x000000620000 : "qspi-device-tree"
[    3.786760] 0x000000620000-0x000000c00000 : "qspi-rootfs"
[    3.795234] macb ff0e0000.ethernet: Not enabling partial store and forward
[    3.802753] libphy: MACB_mii_bus: probed
[    3.807816] macb ff0e0000.ethernet eth0: Cadence GEM rev 0x50070106 at 0xff0e0000 irq 30 (00:0a:35:04:8e:1b)
[    3.818020] xilinx-axipmon ffa00000.perf-monitor: Probed Xilinx APM
[    3.824595] xilinx-axipmon fd0b0000.perf-monitor: Probed Xilinx APM
[    3.831107] xilinx-axipmon fd490000.perf-monitor: Probed Xilinx APM
[    3.837649] xilinx-axipmon ffa10000.perf-monitor: Probed Xilinx APM
[    3.847636] pca953x 0-0020: supply vcc not found, using dummy regulator
[    3.854319] pca953x 0-0020: using no AI
[    3.858804] gpio-496 (sel0): hogged as output/low
[    3.863708] gpio-497 (sel1): hogged as output/high
[    3.868692] gpio-498 (sel2): hogged as output/high
[    3.873683] gpio-499 (sel3): hogged as output/high
[    3.878863] pca953x 0-0021: supply vcc not found, using dummy regulator
[    3.885548] pca953x 0-0021: using no AI
[    3.891320] ina2xx 2-0040: power monitor ina226 (Rshunt = 5000 uOhm)
[    3.898353] ina2xx 2-0041: power monitor ina226 (Rshunt = 5000 uOhm)
[    3.905388] ina2xx 2-0042: power monitor ina226 (Rshunt = 5000 uOhm)
[    3.912417] ina2xx 2-0043: power monitor ina226 (Rshunt = 5000 uOhm)
[    3.919441] ina2xx 2-0044: power monitor ina226 (Rshunt = 5000 uOhm)
[    3.926458] ina2xx 2-0045: power monitor ina226 (Rshunt = 5000 uOhm)
[    3.933492] ina2xx 2-0046: power monitor ina226 (Rshunt = 5000 uOhm)
[    3.940565] ina2xx 2-0047: power monitor ina226 (Rshunt = 5000 uOhm)
[    3.947593] ina2xx 2-004a: power monitor ina226 (Rshunt = 5000 uOhm)
[    3.954627] ina2xx 2-004b: power monitor ina226 (Rshunt = 5000 uOhm)
[    3.961034] i2c i2c-0: Added multiplexed i2c bus 2
[    3.966415] random: fast init done
[    3.969883] ina2xx 3-0040: power monitor ina226 (Rshunt = 2000 uOhm)
[    3.976914] ina2xx 3-0041: power monitor ina226 (Rshunt = 5000 uOhm)
[    3.983944] ina2xx 3-0042: power monitor ina226 (Rshunt = 5000 uOhm)
[    3.990974] ina2xx 3-0043: power monitor ina226 (Rshunt = 5000 uOhm)
[    3.997998] ina2xx 3-0044: power monitor ina226 (Rshunt = 5000 uOhm)
[    4.005028] ina2xx 3-0045: power monitor ina226 (Rshunt = 5000 uOhm)
[    4.012061] ina2xx 3-0046: power monitor ina226 (Rshunt = 5000 uOhm)
[    4.019093] ina2xx 3-0047: power monitor ina226 (Rshunt = 5000 uOhm)
[    4.025493] i2c i2c-0: Added multiplexed i2c bus 3
[    4.080950] i2c i2c-0: Added multiplexed i2c bus 4
[    4.085890] i2c i2c-0: Added multiplexed i2c bus 5
[    4.090684] pca954x 0-0075: registered 4 multiplexed busses for I2C mux pca9544
[    4.098035] cdns-i2c ff020000.i2c: 400 kHz mmio ff020000 irq 32
[    4.105772] at24 6-0054: supply vcc not found, using dummy regulator
[    4.112658] at24 6-0054: 1024 byte 24c08 EEPROM, writable, 1 bytes/write
[    4.119402] i2c i2c-1: Added multiplexed i2c bus 6
[    4.125827] si5341 7-0036: Chip: 5341 Grade: 1 Rev: 1
[    4.163529] i2c i2c-1: Added multiplexed i2c bus 7
[    4.171184] si570 8-005d: registered, current frequency 300000000 Hz
[    4.177587] i2c i2c-1: Added multiplexed i2c bus 8
[    4.197371] si570 9-005d: registered, current frequency 148500000 Hz
[    4.203779] i2c i2c-1: Added multiplexed i2c bus 9
[    4.208811] si5324 10-0069: si5328 probed
[    4.276104] si5324 10-0069: si5328 probe successful
[    4.281036] i2c i2c-1: Added multiplexed i2c bus 10
[    4.286062] i2c i2c-1: Added multiplexed i2c bus 11
[    4.291095] i2c i2c-1: Added multiplexed i2c bus 12
[    4.296128] i2c i2c-1: Added multiplexed i2c bus 13
[    4.301000] pca954x 1-0074: registered 8 multiplexed busses for I2C switch pca9548
[    4.309114] at24 14-0050: supply vcc not found, using dummy regulator
[    4.315900] at24 14-0050: 256 byte 24c02 EEPROM, writable, 1 bytes/write
[    4.322644] i2c i2c-1: Added multiplexed i2c bus 14
[    4.327684] i2c i2c-1: Added multiplexed i2c bus 15
[    4.332719] i2c i2c-1: Added multiplexed i2c bus 16
[    4.337750] i2c i2c-1: Added multiplexed i2c bus 17
[    4.342786] i2c i2c-1: Added multiplexed i2c bus 18
[    4.347836] i2c i2c-1: Added multiplexed i2c bus 19
[    4.352873] i2c i2c-1: Added multiplexed i2c bus 20
[    4.357912] i2c i2c-1: Added multiplexed i2c bus 21
[    4.362784] pca954x 1-0075: registered 8 multiplexed busses for I2C switch pca9548
[    4.370393] cdns-i2c ff030000.i2c: 400 kHz mmio ff030000 irq 33
[    4.380141] cdns-wdt fd4d0000.watchdog: Xilinx Watchdog Timer with timeout 60s
[    4.391731] axi_adxcvr 84a60000.axi-adxcvr-rx: AXI-ADXCVR-RX (17.05.a) using CPLL on GTH4 at 0x84A60000. Number of lanes: 4.
[    4.403918] axi_adxcvr 84b60000.axi-adxcvr-tx: AXI-ADXCVR-TX (17.05.a) using QPLL on GTH4 at 0x84B60000. Number of lanes: 4.
[    4.415550] axi-jesd204-rx 84a90000.axi-jesd204-rx: AXI-JESD204-RX (1.07.a) at 0x84A90000. Encoder 8b10b, width 4/4, lanes 4, jesd204-fsm.
[    4.422179] mmc0: SDHCI controller on ff170000.mmc [ff170000.mmc] using ADMA 64-bit
[    4.428391] axi-jesd204-tx 84b90000.axi-jesd204-tx: AXI-JESD204-TX (1.06.a) at 0x84B90000. Encoder 8b10b, width 4/4, lanes 4, jesd204-fsm.
[    4.449112] zynqmp-display fd4a0000.display: vtc bridge property not present
[    4.458745] xilinx-dp-snd-codec fd4a0000.display:zynqmp_dp_snd_codec0: Failed to get required clock freq
[    4.468249] xilinx-dp-snd-codec: probe of fd4a0000.display:zynqmp_dp_snd_codec0 failed with error -22
[    4.469505] mmc0: new high speed SDHC card at address 0001
[    4.477787] xilinx-dp-snd-pcm zynqmp_dp_snd_pcm0: Xilinx DisplayPort Sound PCM probed
[    4.483304] mmcblk0: mmc0:0001 EB1QT 29.8 GiB 
[    4.491105] xilinx-dp-snd-pcm zynqmp_dp_snd_pcm1: Xilinx DisplayPort Sound PCM probed
[    4.496504]  mmcblk0: p1 p2 p3
[    4.503406] OF: graph: no port node found in /axi/display@fd4a0000
[    4.512485] xlnx-drm xlnx-drm.0: bound fd4a0000.display (ops 0xffffffc010fcbdb8)
[    5.599760] zynqmp-display fd4a0000.display: [drm] Cannot find any crtc or sizes
[    5.607385] [drm] Initialized xlnx 1.0.0 20130509 for fd4a0000.display on minor 0
[    5.614876] zynqmp-display fd4a0000.display: ZynqMP DisplayPort Subsystem driver probed
[    5.623197] ahci-ceva fd0c0000.ahci: supply ahci not found, using dummy regulator
[    5.630746] ahci-ceva fd0c0000.ahci: supply phy not found, using dummy regulator
[    5.638197] ahci-ceva fd0c0000.ahci: supply target not found, using dummy regulator
[    5.656091] ahci-ceva fd0c0000.ahci: AHCI 0001.0301 32 slots 2 ports 6 Gbps 0x3 impl platform mode
[    5.665047] ahci-ceva fd0c0000.ahci: flags: 64bit ncq sntf pm clo only pmp fbs pio slum part ccc sds apst 
[    5.675666] scsi host0: ahci-ceva
[    5.679246] scsi host1: ahci-ceva
[    5.682676] ata1: SATA max UDMA/133 mmio [mem 0xfd0c0000-0xfd0c1fff] port 0x100 irq 45
[    5.690587] ata2: SATA max UDMA/133 mmio [mem 0xfd0c0000-0xfd0c1fff] port 0x180 irq 45
[    5.699194] ad9081 spi1.0: supply vdd not found, using dummy regulator
[    6.009959] ata1: SATA link down (SStatus 0 SControl 330)
[    6.015362] ata2: SATA link down (SStatus 0 SControl 330)
[    6.683764] zynqmp-display fd4a0000.display: [drm] Cannot find any crtc or sizes
[    7.519998] ad9081 spi1.0: AD9081 Rev. 2 Grade 10 (API 1.2.2) probed
[    7.527189] xhci-hcd xhci-hcd.1.auto: xHCI Host Controller
[    7.532691] xhci-hcd xhci-hcd.1.auto: new USB bus registered, assigned bus number 1
[    7.540436] xhci-hcd xhci-hcd.1.auto: hcc params 0x0238f625 hci version 0x100 quirks 0x0000000002010810
[    7.549859] xhci-hcd xhci-hcd.1.auto: irq 59, io mem 0xfe200000
[    7.555967] usb usb1: New USB device found, idVendor=1d6b, idProduct=0002, bcdDevice= 5.10
[    7.564229] usb usb1: New USB device strings: Mfr=3, Product=2, SerialNumber=1
[    7.571446] usb usb1: Product: xHCI Host Controller
[    7.576315] usb usb1: Manufacturer: Linux 5.10.0-98103-g2aa7ac113716 xhci-hcd
[    7.583440] usb usb1: SerialNumber: xhci-hcd.1.auto
[    7.588607] hub 1-0:1.0: USB hub found
[    7.592371] hub 1-0:1.0: 1 port detected
[    7.596469] xhci-hcd xhci-hcd.1.auto: xHCI Host Controller
[    7.601952] xhci-hcd xhci-hcd.1.auto: new USB bus registered, assigned bus number 2
[    7.609606] xhci-hcd xhci-hcd.1.auto: Host supports USB 3.0 SuperSpeed
[    7.616230] usb usb2: New USB device found, idVendor=1d6b, idProduct=0003, bcdDevice= 5.10
[    7.624492] usb usb2: New USB device strings: Mfr=3, Product=2, SerialNumber=1
[    7.631710] usb usb2: Product: xHCI Host Controller
[    7.636580] usb usb2: Manufacturer: Linux 5.10.0-98103-g2aa7ac113716 xhci-hcd
[    7.643706] usb usb2: SerialNumber: xhci-hcd.1.auto
[    7.648816] hub 2-0:1.0: USB hub found
[    7.652579] hub 2-0:1.0: 1 port detected
[    7.682616] cf_axi_adc 84a10000.axi-ad9081-rx-hpc: ADI AIM (10.01.b) at 0x84A10000 mapped to 0x(____ptrval____), probed ADC AD9081 as MASTER
[    7.712594] cf_axi_dds 84b10000.axi-ad9081-tx-hpc: Analog Devices CF_AXI_DDS_DDS MASTER (9.01.b) at 0x84B10000 mapped to 0x(____ptrval____), probed DDS AD9081
[    7.726797] jesd204: /axi/spi@ff040000/ad9081@0,jesd204:0,parent=spi1.0: JESD204[2] transition initialized -> probed
[    7.737318] jesd204: /axi/spi@ff040000/ad9081@0,jesd204:0,parent=spi1.0: JESD204[0] transition initialized -> probed
[    7.747842] jesd204: /axi/spi@ff040000/ad9081@0,jesd204:0,parent=spi1.0: JESD204[2] transition probed -> idle
[    7.757749] jesd204: /axi/spi@ff040000/ad9081@0,jesd204:0,parent=spi1.0: JESD204[0] transition probed -> idle
[    7.767666] jesd204: /axi/spi@ff040000/ad9081@0,jesd204:0,parent=spi1.0: JESD204[2] transition idle -> device_init
[    7.778008] jesd204: /axi/spi@ff040000/ad9081@0,jesd204:0,parent=spi1.0: JESD204[0] transition idle -> device_init
[    7.788362] jesd204: /axi/spi@ff040000/ad9081@0,jesd204:0,parent=spi1.0: JESD204[2] transition device_init -> link_init
[    7.799145] jesd204: /axi/spi@ff040000/ad9081@0,jesd204:0,parent=spi1.0: JESD204[0] transition device_init -> link_init
[    7.809936] jesd204: /axi/spi@ff040000/ad9081@0,jesd204:0,parent=spi1.0: JESD204[2] transition link_init -> link_supported
[    7.820975] jesd204: /axi/spi@ff040000/ad9081@0,jesd204:0,parent=spi1.0: JESD204[0] transition link_init -> link_supported
[    7.832391] hmc7044 spi2.0: hmc7044_jesd204_link_pre_setup: Link2 forcing continuous SYSREF mode
[    7.841566] jesd204: /axi/spi@ff040000/ad9081@0,jesd204:0,parent=spi1.0: JESD204[2] transition link_supported -> link_pre_setup
[    7.853041] jesd204: /axi/spi@ff040000/ad9081@0,jesd204:0,parent=spi1.0: JESD204[0] transition link_supported -> link_pre_setup
[    7.876814] jesd204: /axi/spi@ff040000/ad9081@0,jesd204:0,parent=spi1.0: JESD204[2] transition link_pre_setup -> clk_sync_stage1
[    7.888376] jesd204: /axi/spi@ff040000/ad9081@0,jesd204:0,parent=spi1.0: JESD204[0] transition link_pre_setup -> clk_sync_stage1
[    7.899941] jesd204: /axi/spi@ff040000/ad9081@0,jesd204:0,parent=spi1.0: JESD204[2] transition clk_sync_stage1 -> clk_sync_stage2
[    7.911590] jesd204: /axi/spi@ff040000/ad9081@0,jesd204:0,parent=spi1.0: JESD204[0] transition clk_sync_stage1 -> clk_sync_stage2
[    7.923237] jesd204: /axi/spi@ff040000/ad9081@0,jesd204:0,parent=spi1.0: JESD204[2] transition clk_sync_stage2 -> clk_sync_stage3
[    7.934881] jesd204: /axi/spi@ff040000/ad9081@0,jesd204:0,parent=spi1.0: JESD204[0] transition clk_sync_stage2 -> clk_sync_stage3
[    7.948607] jesd204: /axi/spi@ff040000/ad9081@0,jesd204:0,parent=spi1.0: JESD204[2] transition clk_sync_stage3 -> link_setup
[    7.959824] jesd204: /axi/spi@ff040000/ad9081@0,jesd204:0,parent=spi1.0: JESD204[0] transition clk_sync_stage3 -> link_setup
[    7.975915] jesd204: /axi/spi@ff040000/ad9081@0,jesd204:0,parent=spi1.0: JESD204[2] transition link_setup -> opt_setup_stage1
[    7.987216] jesd204: /axi/spi@ff040000/ad9081@0,jesd204:0,parent=spi1.0: JESD204[0] transition link_setup -> opt_setup_stage1
[    8.003552] jesd204: /axi/spi@ff040000/ad9081@0,jesd204:0,parent=spi1.0: JESD204[2] transition opt_setup_stage1 -> opt_setup_stage2
[    8.015374] jesd204: /axi/spi@ff040000/ad9081@0,jesd204:0,parent=spi1.0: JESD204[0] transition opt_setup_stage1 -> opt_setup_stage2
[    8.027345] jesd204: /axi/spi@ff040000/ad9081@0,jesd204:0,parent=spi1.0: JESD204[2] transition opt_setup_stage2 -> opt_setup_stage3
[    8.039167] jesd204: /axi/spi@ff040000/ad9081@0,jesd204:0,parent=spi1.0: JESD204[0] transition opt_setup_stage2 -> opt_setup_stage3
[    8.050989] jesd204: /axi/spi@ff040000/ad9081@0,jesd204:0,parent=spi1.0: JESD204[2] transition opt_setup_stage3 -> opt_setup_stage4
[    8.062807] jesd204: /axi/spi@ff040000/ad9081@0,jesd204:0,parent=spi1.0: JESD204[0] transition opt_setup_stage3 -> opt_setup_stage4
[    8.074641] jesd204: /axi/spi@ff040000/ad9081@0,jesd204:0,parent=spi1.0: JESD204[2] transition opt_setup_stage4 -> opt_setup_stage5
[    8.086465] jesd204: /axi/spi@ff040000/ad9081@0,jesd204:0,parent=spi1.0: JESD204[0] transition opt_setup_stage4 -> opt_setup_stage5
[    8.102393] jesd204: /axi/spi@ff040000/ad9081@0,jesd204:0,parent=spi1.0: JESD204[2] transition opt_setup_stage5 -> clocks_enable
[    8.113952] jesd204: /axi/spi@ff040000/ad9081@0,jesd204:0,parent=spi1.0: JESD204[0] transition opt_setup_stage5 -> clocks_enable
[    8.148721] axi_adxcvr 84a60000.axi-adxcvr-rx: adxcvr_clk_enable: CPLL RX buffer underflow error, status: 0x61
[    8.158712] axi_adxcvr 84a60000.axi-adxcvr-rx: adxcvr_clk_enable: CPLL RX buffer overflow error, status: 0x61
[    8.168686] jesd204: /axi/spi@ff040000/ad9081@0,jesd204:0,parent=spi1.0: JESD204[2] transition clocks_enable -> link_enable
[    8.179816] jesd204: /axi/spi@ff040000/ad9081@0,jesd204:0,parent=spi1.0: JESD204[0] transition clocks_enable -> link_enable
[    8.211985] ad9081 spi1.0: JESD RX (JTX) Link2 in DATA, SYNC deasserted, PLL locked, PHASE established, MODE valid
[    8.222587] ad9081 spi1.0: JESD TX (JRX) Link0 0xF lanes in DATA
[    8.228599] jesd204: /axi/spi@ff040000/ad9081@0,jesd204:0,parent=spi1.0: JESD204[2] transition link_enable -> link_running
[    8.239637] jesd204: /axi/spi@ff040000/ad9081@0,jesd204:0,parent=spi1.0: JESD204[0] transition link_enable -> link_running
[    8.250682] jesd204: /axi/spi@ff040000/ad9081@0,jesd204:0,parent=spi1.0: JESD204[2] transition link_running -> opt_post_running_stage
[    8.262673] jesd204: /axi/spi@ff040000/ad9081@0,jesd204:0,parent=spi1.0: JESD204[0] transition link_running -> opt_post_running_stage
[    8.283896] input: gpio-keys as /devices/platform/gpio-keys/input/input0
[    8.290911] of_cfs_init
[    8.293378] of_cfs_init: OK
[    8.296317] cfg80211: Loading compiled-in X.509 certificates for regulatory database
[    8.434386] cfg80211: Loaded X.509 cert 'sforshee: 00b28ddf47aef9cea7'
[    8.440919] clk: Not disabling unused clocks
[    8.445451] ALSA device list:
[    8.448415]   No soundcards found.
[    8.452100] platform regulatory.0: Direct firmware load for regulatory.db failed with error -2
[    8.460715] cfg80211: failed to load regulatory.db
[    8.462704] EXT4-fs (mmcblk0p2): mounted filesystem with ordered data mode. Opts: (null)
[    8.473614] VFS: Mounted root (ext4 filesystem) on device 179:2.
[    8.487396] devtmpfs: mounted
[    8.491211] Freeing unused kernel memory: 2560K
[    8.503798] Run /sbin/init as init process
[    8.507895]   with arguments:
[    8.507898]     /sbin/init
[    8.507900]   with environment:
[    8.507902]     HOME=/
[    8.507904]     TERM=linux
[    9.093831] systemd[1]: systemd 241 running in system mode. (+PAM +AUDIT +SELINUX +IMA +APPARMOR +SMACK +SYSVINIT +UTMP +LIBCRYPTSETUP +GCRYPT +GNUTLS +ACL +XZ +LZ4 +SECCOMP +BLKID +ELFUTILS +KMOD -IDN2 +IDN -PCRE2 default-hierarchy=hybrid)
[    9.115686] systemd[1]: Detected architecture arm64.
[    9.140498] systemd[1]: Set hostname to <analog>.
[    9.335611] systemd[1]: File /lib/systemd/system/systemd-journald.service:12 configures an IP firewall (IPAddressDeny=any), but the local system does not support BPF/cgroup based firewalling.
[    9.352695] systemd[1]: Proceeding WITHOUT firewalling in effect! (This warning is only shown for the first loaded unit using IP firewalling.)
[    9.519385] systemd[1]: /etc/systemd/system/tof-server.service:1: Assignment outside of section. Ignoring.
[    9.529073] systemd[1]: /etc/systemd/system/tof-server.service:2: Assignment outside of section. Ignoring.
[    9.715239] random: systemd: uninitialized urandom read (16 bytes read)
[    9.730049] random: systemd: uninitialized urandom read (16 bytes read)
[    9.736977] systemd[1]: Started Forward Password Requests to Wall Directory Watch.
[    9.759819] random: systemd: uninitialized urandom read (16 bytes read)
[    9.767011] systemd[1]: Created slice system-systemd\x2dfsck.slice.
[    9.788156] systemd[1]: Listening on Syslog Socket.
[   10.350174] ------------[ cut here ]------------
[   10.350183] Enabling unprepared \xa0\xb9F\x88\xff\xff\xff@F\x88\xff\xff\xff
[   10.350229] WARNING: CPU: 2 PID: 126 at drivers/clk/clk.c:1012 clk_core_enable+0xa4/0xc0
[   10.350232] Modules linked in:
[   10.350242] CPU: 2 PID: 126 Comm: kworker/2:1H Not tainted 5.10.0-98103-g2aa7ac113716 #5577
[   10.350245] Hardware name: ZynqMP ZCU102 Rev1.0 (DT)
[   10.350255] Workqueue: kblockd blk_mq_run_work_fn
[   10.350263] pstate: 80000085 (Nzcv daIf -PAN -UAO -TCO BTYPE=--)
[   10.350268] pc : clk_core_enable+0xa4/0xc0
[   10.350274] lr : clk_core_enable+0xa4/0xc0
[   10.350276] sp : ffffffc012af32d0
[   10.350279] x29: ffffffc012af32d0 x28: ffffff8800330c10 
[   10.350286] x27: ffffff8800330d48 x26: 0000005000000101 
[   10.350293] x25: 0000000262f94778 x24: 0000000000000001 
[   10.350299] x23: ffffff8801100b00 x22: ffffff8801083220 
[   10.350306] x21: ffffff8801464000 x20: ffffff8801464008 
[   10.350312] x19: ffffff8801464008 x18: 0000000000000030 
[   10.350319] x17: 0000000000000002 x16: 0000b02f1d506bb0 
[   10.350325] x15: ffffffffffff8758 x14: ffffffc011d3b1a0 
[   10.350331] x13: ffffffc011d3b1c8 x12: 00000000000005eb 
[   10.350338] x11: 00000000000001f9 x10: ffffffc011d671c8 
[   10.350344] x9 : 00000000fffff800 x8 : ffffffc011d3b1c8 
[   10.350351] x7 : ffffffc011d671c8 x6 : 0000000000000001 
[   10.350357] x5 : ffffff887f7929e0 x4 : 0000000000000000 
[   10.350364] x3 : 0000000000000027 x2 : 0000000000000023 
[   10.350370] x1 : 6c436a23a8fac200 x0 : 0000000000000000 
[   10.350376] Call trace:
[   10.350383]  clk_core_enable+0xa4/0xc0
[   10.350387]  clk_enable+0x2c/0x60
[   10.350394]  zynqmp_runtime_resume+0x24/0x84
[   10.350401]  pm_generic_runtime_resume+0x30/0x50
[   10.350407]  __genpd_runtime_resume+0x30/0xb0
[   10.350413]  genpd_runtime_resume+0x90/0x250
[   10.350419]  __rpm_callback+0x10c/0x1e0
[   10.350424]  rpm_callback+0x5c/0x84
[   10.350429]  rpm_resume+0x4a4/0x74c
[   10.350434]  __pm_runtime_resume+0x78/0xc4
[   10.350438]  spi_mem_access_start.isra.0+0x30/0x80
[   10.350443]  spi_mem_exec_op+0x3b0/0x424
[   10.350448]  spi_nor_read_sr+0x78/0xe0
[   10.350453]  spi_nor_wait_till_ready_with_timeout+0xb4/0x2f0
[   10.350457]  spi_nor_read+0x188/0x380
[   10.350462]  mtd_read_oob_std+0x78/0x84
[   10.350467]  mtd_read_oob+0x7c/0x134
[   10.350471]  mtd_read+0x48/0x7c
[   10.350477]  mtdblock_readsect+0x6c/0x150
[   10.350482]  mtd_queue_rq+0x2cc/0x5a0
[   10.350488]  blk_mq_dispatch_rq_list+0x110/0x790
[   10.350494]  __blk_mq_do_dispatch_sched+0x200/0x274
[   10.350500]  __blk_mq_sched_dispatch_requests+0x1a8/0x1fc
[   10.350505]  blk_mq_sched_dispatch_requests+0x3c/0x7c
[   10.350510]  __blk_mq_run_hw_queue+0x98/0x100
[   10.350515]  blk_mq_run_work_fn+0x24/0x30
[   10.350520]  process_one_work+0x1d4/0x380
[   10.350525]  worker_thread+0x78/0x4e0
[   10.350530]  kthread+0x124/0x130
[   10.350535]  ret_from_fork+0x10/0x3c
[   10.350539] ---[ end trace f9ac5e41273e9cff ]---
[   10.350547] zynqmp-qspi ff0f0000.spi: Cannot enable APB clock.
[   10.350595] spi_master spi0: Failed to power device: -108
[   10.350605] blk_update_request: I/O error, dev mtdblock0, sector 8 op 0x0:(READ) flags 0x80700 phys_seg 1 prio class 0
[   10.350674] spi_master spi0: Failed to power device: -22
[   10.350681] blk_update_request: I/O error, dev mtdblock0, sector 8 op 0x0:(READ) flags 0x0 phys_seg 8 prio class 0
[   10.350686] Buffer I/O error on dev mtdblock0, logical block 8, async page read
[   10.350696] spi_master spi0: Failed to power device: -22
[   10.350701] blk_update_request: I/O error, dev mtdblock0, sector 9 op 0x0:(READ) flags 0x0 phys_seg 7 prio class 0
[   10.350705] Buffer I/O error on dev mtdblock0, logical block 9, async page read
[   10.350712] spi_master spi0: Failed to power device: -22
[   10.350718] blk_update_request: I/O error, dev mtdblock0, sector 10 op 0x0:(READ) flags 0x0 phys_seg 6 prio class 0
[   10.350722] Buffer I/O error on dev mtdblock0, logical block 10, async page read
[   10.350729] spi_master spi0: Failed to power device: -22
[   10.350735] blk_update_request: I/O error, dev mtdblock0, sector 11 op 0x0:(READ) flags 0x0 phys_seg 5 prio class 0
[   10.350739] Buffer I/O error on dev mtdblock0, logical block 11, async page read
[   10.350745] spi_master spi0: Failed to power device: -22
[   10.350751] blk_update_request: I/O error, dev mtdblock0, sector 12 op 0x0:(READ) flags 0x0 phys_seg 4 prio class 0
[   10.350755] Buffer I/O error on dev mtdblock0, logical block 12, async page read
[   10.350761] spi_master spi0: Failed to power device: -22
[   10.350767] blk_update_request: I/O error, dev mtdblock0, sector 13 op 0x0:(READ) flags 0x0 phys_seg 3 prio class 0
[   10.350771] Buffer I/O error on dev mtdblock0, logical block 13, async page read
[   10.350778] spi_master spi0: Failed to power device: -22
[   10.350783] blk_update_request: I/O error, dev mtdblock0, sector 14 op 0x0:(READ) flags 0x0 phys_seg 2 prio class 0
[   10.350787] Buffer I/O error on dev mtdblock0, logical block 14, async page read
[   10.350794] spi_master spi0: Failed to power device: -22
[   10.350799] blk_update_request: I/O error, dev mtdblock0, sector 15 op 0x0:(READ) flags 0x0 phys_seg 1 prio class 0
[   10.350803] Buffer I/O error on dev mtdblock0, logical block 15, async page read
[   10.351090] spi_master spi0: Failed to power device: -22
[   10.351097] blk_update_request: I/O error, dev mtdblock1, sector 10112 op 0x0:(READ) flags 0x80700 phys_seg 1 prio class 0
[   10.351141] spi_master spi0: Failed to power device: -22
[   10.351147] Buffer I/O error on dev mtdblock1, logical block 10112, async page read
[   10.351155] spi_master spi0: Failed to power device: -22
[   10.351159] Buffer I/O error on dev mtdblock1, logical block 10113, async page read
[   10.351166] spi_master spi0: Failed to power device: -22
[   10.351174] spi_master spi0: Failed to power device: -22
[   10.351182] spi_master spi0: Failed to power device: -22
[   10.351189] spi_master spi0: Failed to power device: -22
[   10.351196] spi_master spi0: Failed to power device: -22
[   10.351203] spi_master spi0: Failed to power device: -22
[   10.351446] spi_master spi0: Failed to power device: -22
[   10.351490] spi_master spi0: Failed to power device: -22
[   10.351499] spi_master spi0: Failed to power device: -22
[   10.351507] spi_master spi0: Failed to power device: -22
[   10.351514] spi_master spi0: Failed to power device: -22
[   10.351522] spi_master spi0: Failed to power device: -22
[   10.351529] spi_master spi0: Failed to power device: -22
[   10.351536] spi_master spi0: Failed to power device: -22
[   10.351543] spi_master spi0: Failed to power device: -22
[   10.352884] spi_master spi0: Failed to power device: -22
[   10.352934] spi_master spi0: Failed to power device: -22
[   10.352944] spi_master spi0: Failed to power device: -22
[   10.352952] spi_master spi0: Failed to power device: -22
[   10.352960] spi_master spi0: Failed to power device: -22
[   10.352967] spi_master spi0: Failed to power device: -22
[   10.352974] spi_master spi0: Failed to power device: -22
[   10.352982] spi_master spi0: Failed to power device: -22
[   10.352989] spi_master spi0: Failed to power device: -22
[   10.480917] EXT4-fs (mmcblk0p2): re-mounted. Opts: (null)
[   10.688553] systemd-journald[152]: Received request to flush runtime journal from PID 1
[   16.394709] macb ff0e0000.ethernet eth0: PHY [ff0e0000.ethernet-ffffffff:0c] driver [TI DP83867] (irq=POLL)
[   16.394720] macb ff0e0000.ethernet eth0: configuring for phy/rgmii-id link mode
[   17.623767] Adding 87036k swap on /var/swap.  Priority:-2 extents:1 across:87036k SS
[   18.571773] random: crng init done
[   18.571784] random: 7 urandom warning(s) missed due to ratelimiting
[   19.456561] broken atomic modeset userspace detected, disabling atomic
[   20.481387] macb ff0e0000.ethernet eth0: Link is Up - 1Gbps/Full - flow control off
[   20.481412] IPv6: ADDRCONF(NETDEV_CHANGE): eth0: link becomes ready
[   22.122927] broken atomic modeset userspace detected, disabling atomic
[   25.214899] broken atomic modeset userspace detected, disabling atomic
[   27.841747] broken atomic modeset userspace detected, disabling atomic