[    0.000000] Booting Linux on physical CPU 0x0000000000 [0x410fd034]
[    0.000000] Linux version 5.10.0-98103-g2aa7ac113716 (jenkins@romlxbuild1.adlk.analog.com) (aarch64-xilinx-linux-gcc.real (GCC) 10.2.0, GNU ld (GNU Binutils) 2.35.0.20200730) #5577 SMP Wed Mar 23 07:28:49 GMT 2022
[    0.000000] Machine model: ZynqMP ZCU102 Rev1.0
[    0.000000] earlycon: cdns0 at MMIO 0x00000000ff000000 (options '115200n8')
[    0.000000] printk: bootconsole [cdns0] enabled
[    0.000000] efi: UEFI not found.
[    0.000000] cma: Reserved 256 MiB at 0x0000000070000000
[    0.000000] Zone ranges:
[    0.000000]   DMA      [mem 0x0000000000000000-0x000000003fffffff]
[    0.000000]   DMA32    [mem 0x0000000040000000-0x00000000ffffffff]
[    0.000000]   Normal   [mem 0x0000000100000000-0x000000087fffffff]
[    0.000000] Movable zone start for each node
[    0.000000] Early memory node ranges
[    0.000000]   node   0: [mem 0x0000000000000000-0x000000007fffffff]
[    0.000000]   node   0: [mem 0x0000000800000000-0x000000087fffffff]
[    0.000000] Initmem setup node 0 [mem 0x0000000000000000-0x000000087fffffff]
[    0.000000] On node 0 totalpages: 1048576
[    0.000000]   DMA zone: 3584 pages used for memmap
[    0.000000]   DMA zone: 0 pages reserved
[    0.000000]   DMA zone: 262144 pages, LIFO batch:63
[    0.000000]   DMA32 zone: 3584 pages used for memmap
[    0.000000]   DMA32 zone: 262144 pages, LIFO batch:63
[    0.000000]   Normal zone: 7168 pages used for memmap
[    0.000000]   Normal zone: 524288 pages, LIFO batch:63
[    0.000000] psci: probing for conduit method from DT.
[    0.000000] psci: PSCIv1.1 detected in firmware.
[    0.000000] psci: Using standard PSCI v0.2 function IDs
[    0.000000] psci: MIGRATE_INFO_TYPE not supported.
[    0.000000] psci: SMC Calling Convention v1.2
[    0.000000] percpu: Embedded 22 pages/cpu s49496 r8192 d32424 u90112
[    0.000000] pcpu-alloc: s49496 r8192 d32424 u90112 alloc=22*4096
[    0.000000] pcpu-alloc: [0] 0 [0] 1 [0] 2 [0] 3 
[    0.000000] Detected VIPT I-cache on CPU0
[    0.000000] CPU features: detected: ARM erratum 845719
[    0.000000] Built 1 zonelists, mobility grouping on.  Total pages: 1034240
[    0.000000] Kernel command line: console=ttyPS0,115200 root=/dev/mmcblk0p2 rw earlycon rootfstype=ext4 rootwait clk_ignore_unused cpuidle.off=1 root=/dev/mmcblk0p2 rw rootwait
[    0.000000] Dentry cache hash table entries: 524288 (order: 10, 4194304 bytes, linear)
[    0.000000] Inode-cache hash table entries: 262144 (order: 9, 2097152 bytes, linear)
[    0.000000] mem auto-init: stack:off, heap alloc:off, heap free:off
[    0.000000] software IO TLB: mapped [mem 0x000000003bfff000-0x000000003ffff000] (64MB)
[    0.000000] Memory: 3761904K/4194304K available (15296K kernel code, 1636K rwdata, 11876K rodata, 2560K init, 507K bss, 170256K reserved, 262144K cma-reserved)
[    0.000000] rcu: Hierarchical RCU implementation.
[    0.000000] rcu: 	RCU event tracing is enabled.
[    0.000000] rcu: 	RCU restricting CPUs from NR_CPUS=8 to nr_cpu_ids=4.
[    0.000000] rcu: RCU calculated value of scheduler-enlistment delay is 25 jiffies.
[    0.000000] rcu: Adjusting geometry for rcu_fanout_leaf=16, nr_cpu_ids=4
[    0.000000] NR_IRQS: 64, nr_irqs: 64, preallocated irqs: 0
[    0.000000] GIC: Adjusting CPU interface base to 0x00000000f902f000
[    0.000000] GIC: Using split EOI/Deactivate mode
[    0.000000] random: get_random_bytes called from start_kernel+0x31c/0x54c with crng_init=0
[    0.000000] arch_timer: cp15 timer(s) running at 100.00MHz (phys).
[    0.000000] clocksource: arch_sys_counter: mask: 0xffffffffffffff max_cycles: 0x171024e7e0, max_idle_ns: 440795205315 ns
[    0.000004] sched_clock: 56 bits at 100MHz, resolution 10ns, wraps every 4398046511100ns
[    0.008462] Console: colour dummy device 80x25
[    0.012483] Calibrating delay loop (skipped), value calculated using timer frequency.. 200.00 BogoMIPS (lpj=400000)
[    0.022840] pid_max: default: 32768 minimum: 301
[    0.027549] Mount-cache hash table entries: 8192 (order: 4, 65536 bytes, linear)
[    0.034788] Mountpoint-cache hash table entries: 8192 (order: 4, 65536 bytes, linear)
[    0.043396] rcu: Hierarchical SRCU implementation.
[    0.047560] EFI services will not be available.
[    0.051939] smp: Bringing up secondary CPUs ...
[    0.056658] Detected VIPT I-cache on CPU1
[    0.056697] CPU1: Booted secondary processor 0x0000000001 [0x410fd034]
[    0.057062] Detected VIPT I-cache on CPU2
[    0.057086] CPU2: Booted secondary processor 0x0000000002 [0x410fd034]
[    0.057427] Detected VIPT I-cache on CPU3
[    0.057450] CPU3: Booted secondary processor 0x0000000003 [0x410fd034]
[    0.057496] smp: Brought up 1 node, 4 CPUs
[    0.091779] SMP: Total of 4 processors activated.
[    0.096452] CPU features: detected: 32-bit EL0 Support
[    0.101556] CPU features: detected: CRC32 instructions
[    0.106695] CPU: All CPU(s) started at EL2
[    0.110736] alternatives: patching kernel code
[    0.116168] devtmpfs: initialized
[    0.124067] Registered cp15_barrier emulation handler
[    0.124118] Registered setend emulation handler
[    0.128100] clocksource: jiffies: mask: 0xffffffff max_cycles: 0xffffffff, max_idle_ns: 7645041785100000 ns
[    0.137679] futex hash table entries: 1024 (order: 4, 65536 bytes, linear)
[    0.151038] pinctrl core: initialized pinctrl subsystem
[    0.151680] NET: Registered protocol family 16
[    0.156103] DMA: preallocated 512 KiB GFP_KERNEL pool for atomic allocations
[    0.162116] DMA: preallocated 512 KiB GFP_KERNEL|GFP_DMA pool for atomic allocations
[    0.169843] DMA: preallocated 512 KiB GFP_KERNEL|GFP_DMA32 pool for atomic allocations
[    0.177645] audit: initializing netlink subsys (disabled)
[    0.183098] audit: type=2000 audit(0.116:1): state=initialized audit_enabled=0 res=1
[    0.183445] hw-breakpoint: found 6 breakpoint and 4 watchpoint registers.
[    0.197471] ASID allocator initialised with 65536 entries
[    0.224364] HugeTLB registered 1.00 GiB page size, pre-allocated 0 pages
[    0.225421] HugeTLB registered 32.0 MiB page size, pre-allocated 0 pages
[    0.232091] HugeTLB registered 2.00 MiB page size, pre-allocated 0 pages
[    0.238754] HugeTLB registered 64.0 KiB page size, pre-allocated 0 pages
[    1.304318] DRBG: Continuing without Jitter RNG
[    1.382145] raid6: neonx8   gen()  2140 MB/s
[    1.450200] raid6: neonx8   xor()  1597 MB/s
[    1.518258] raid6: neonx4   gen()  2194 MB/s
[    1.586308] raid6: neonx4   xor()  1566 MB/s
[    1.654370] raid6: neonx2   gen()  2075 MB/s
[    1.722422] raid6: neonx2   xor()  1435 MB/s
[    1.790487] raid6: neonx1   gen()  1772 MB/s
[    1.858530] raid6: neonx1   xor()  1220 MB/s
[    1.926598] raid6: int64x8  gen()  1438 MB/s
[    1.994645] raid6: int64x8  xor()   771 MB/s
[    2.062717] raid6: int64x4  gen()  1599 MB/s
[    2.130772] raid6: int64x4  xor()   817 MB/s
[    2.198846] raid6: int64x2  gen()  1397 MB/s
[    2.266882] raid6: int64x2  xor()   750 MB/s
[    2.334974] raid6: int64x1  gen()  1034 MB/s
[    2.403021] raid6: int64x1  xor()   517 MB/s
[    2.403059] raid6: using algorithm neonx4 gen() 2194 MB/s
[    2.407013] raid6: .... xor() 1566 MB/s, rmw enabled
[    2.411943] raid6: using neon recovery algorithm
[    2.416951] iommu: Default domain type: Translated 
[    2.421568] SCSI subsystem initialized
[    2.425113] libata version 3.00 loaded.
[    2.425237] usbcore: registered new interface driver usbfs
[    2.430569] usbcore: registered new interface driver hub
[    2.435842] usbcore: registered new device driver usb
[    2.440976] mc: Linux media interface: v0.10
[    2.445092] videodev: Linux video capture interface: v2.00
[    2.450583] EDAC MC: Ver: 3.0.0
[    2.454024] zynqmp-ipi-mbox mailbox@ff990400: Registered ZynqMP IPI mbox with TX/RX channels.
[    2.462530] jesd204: created con: id=0, topo=0, link=0, /axi/spi@ff050000/hmc7044@0 <-> /fpga-axi@0/axi-adxcvr-tx@84b60000
[    2.473112] jesd204: created con: id=1, topo=0, link=2, /axi/spi@ff050000/hmc7044@0 <-> /fpga-axi@0/axi-adxcvr-rx@84a60000
[    2.484096] jesd204: created con: id=2, topo=0, link=0, /fpga-axi@0/axi-adxcvr-tx@84b60000 <-> /fpga-axi@0/axi-jesd204-tx@84b90000
[    2.495772] jesd204: created con: id=3, topo=0, link=2, /fpga-axi@0/axi-adxcvr-rx@84a60000 <-> /fpga-axi@0/axi-jesd204-rx@84a90000
[    2.507449] jesd204: created con: id=4, topo=0, link=0, /fpga-axi@0/axi-jesd204-tx@84b90000 <-> /fpga-axi@0/axi-ad9081-tx-hpc@84b10000
[    2.519476] jesd204: created con: id=5, topo=0, link=2, /fpga-axi@0/axi-jesd204-rx@84a90000 <-> /fpga-axi@0/axi-ad9081-rx-hpc@84a10000
[    2.531499] jesd204: created con: id=6, topo=0, link=2, /fpga-axi@0/axi-ad9081-rx-hpc@84a10000 <-> /axi/spi@ff040000/ad9081@0
[    2.542740] jesd204: created con: id=7, topo=0, link=0, /fpga-axi@0/axi-ad9081-tx-hpc@84b10000 <-> /axi/spi@ff040000/ad9081@0
[    2.553990] jesd204: /axi/spi@ff040000/ad9081@0: JESD204[2] transition uninitialized -> initialized
[    2.562977] jesd204: /axi/spi@ff040000/ad9081@0: JESD204[0] transition uninitialized -> initialized
[    2.571969] jesd204: found 8 devices and 1 topologies
[    2.577013] FPGA manager framework
[    2.580491] Advanced Linux Sound Architecture Driver Initialized.
[    2.586783] Bluetooth: Core ver 2.22
[    2.589971] NET: Registered protocol family 31
[    2.594373] Bluetooth: HCI device and connection manager initialized
[    2.600689] Bluetooth: HCI socket layer initialized
[    2.605532] Bluetooth: L2CAP socket layer initialized
[    2.610556] Bluetooth: SCO socket layer initialized
[    2.615742] clocksource: Switched to clocksource arch_sys_counter
[    2.621548] VFS: Disk quotas dquot_6.6.0
[    2.625382] VFS: Dquot-cache hash table entries: 512 (order 0, 4096 bytes)
[    2.636097] NET: Registered protocol family 2
[    2.636828] tcp_listen_portaddr_hash hash table entries: 2048 (order: 3, 32768 bytes, linear)
[    2.645022] TCP established hash table entries: 32768 (order: 6, 262144 bytes, linear)
[    2.653048] TCP bind hash table entries: 32768 (order: 7, 524288 bytes, linear)
[    2.660493] TCP: Hash tables configured (established 32768 bind 32768)
[    2.666667] UDP hash table entries: 2048 (order: 4, 65536 bytes, linear)
[    2.673333] UDP-Lite hash table entries: 2048 (order: 4, 65536 bytes, linear)
[    2.680494] NET: Registered protocol family 1
[    2.684949] RPC: Registered named UNIX socket transport module.
[    2.690570] RPC: Registered udp transport module.
[    2.695234] RPC: Registered tcp transport module.
[    2.699904] RPC: Registered tcp NFSv4.1 backchannel transport module.
[    2.706896] PCI: CLS 0 bytes, default 64
[    2.710602] hw perfevents: no interrupt-affinity property for /pmu, guessing.
[    2.717454] hw perfevents: enabled with armv8_pmuv3 PMU driver, 7 counters available
[    2.725811] Initialise system trusted keyrings
[    2.729483] workingset: timestamp_bits=62 max_order=20 bucket_order=0
[    2.736381] NFS: Registering the id_resolver key type
[    2.740836] Key type id_resolver registered
[    2.744973] Key type id_legacy registered
[    2.748962] nfs4filelayout_init: NFSv4 File Layout Driver Registering...
[    2.755628] jffs2: version 2.2. (NAND) (SUMMARY)  Â© 2001-2006 Red Hat, Inc.
[    2.799344] NET: Registered protocol family 38
[    2.799386] xor: measuring software checksum speed
[    2.807075]    8regs           :  2363 MB/sec
[    2.810744]    32regs          :  2799 MB/sec
[    2.815687]    arm64_neon      :  2380 MB/sec
[    2.815881] xor: using function: 32regs (2799 MB/sec)
[    2.820902] Key type asymmetric registered
[    2.824964] Asymmetric key parser 'x509' registered
[    2.829825] Block layer SCSI generic (bsg) driver version 0.4 loaded (major 248)
[    2.837162] io scheduler mq-deadline registered
[    2.841658] io scheduler kyber registered
[    2.871048] Serial: 8250/16550 driver, 4 ports, IRQ sharing disabled
[    2.875683] cacheinfo: Unable to detect cache hierarchy for CPU 0
[    2.882021] brd: module loaded
[    2.886164] loop: module loaded
[    2.886707] Registered mathworks_ip class
[    2.890060] libphy: Fixed MDIO Bus: probed
[    2.893030] tun: Universal TUN/TAP device driver, 1.6
[    2.897097] CAN device driver interface
[    2.901633] usbcore: registered new interface driver asix
[    2.906232] usbcore: registered new interface driver ax88179_178a
[    2.912263] usbcore: registered new interface driver cdc_ether
[    2.918056] usbcore: registered new interface driver net1080
[    2.923682] usbcore: registered new interface driver cdc_subset
[    2.929563] usbcore: registered new interface driver zaurus
[    2.935105] usbcore: registered new interface driver cdc_ncm
[    2.941509] ehci_hcd: USB 2.0 'Enhanced' Host Controller (EHCI) Driver
[    2.947191] ehci-pci: EHCI PCI platform driver
[    2.951995] usbcore: registered new interface driver uas
[    2.956910] usbcore: registered new interface driver usb-storage
[    2.962895] usbcore: registered new interface driver usbserial_generic
[    2.969346] usbserial: USB Serial support registered for generic
[    2.975319] usbcore: registered new interface driver ftdi_sio
[    2.981022] usbserial: USB Serial support registered for FTDI USB Serial Device
[    2.988299] usbcore: registered new interface driver upd78f0730
[    2.994169] usbserial: USB Serial support registered for upd78f0730
[    3.001826] rtc_zynqmp ffa60000.rtc: registered as rtc0
[    3.005595] rtc_zynqmp ffa60000.rtc: setting system clock to 2022-03-26T02:15:12 UTC (1648260912)
[    3.014458] i2c /dev entries driver
[    3.019769] usbcore: registered new interface driver uvcvideo
[    3.023563] USB Video Class driver (1.1.1)
[    3.029149] Bluetooth: HCI UART driver ver 2.3
[    3.032053] Bluetooth: HCI UART protocol H4 registered
[    3.037151] Bluetooth: HCI UART protocol BCSP registered
[    3.042439] Bluetooth: HCI UART protocol LL registered
[    3.047530] Bluetooth: HCI UART protocol ATH3K registered
[    3.052904] Bluetooth: HCI UART protocol Three-wire (H5) registered
[    3.059156] Bluetooth: HCI UART protocol Intel registered
[    3.064495] Bluetooth: HCI UART protocol QCA registered
[    3.069699] usbcore: registered new interface driver bcm203x
[    3.075317] usbcore: registered new interface driver bpa10x
[    3.080852] usbcore: registered new interface driver bfusb
[    3.086305] usbcore: registered new interface driver btusb
[    3.091769] usbcore: registered new interface driver ath3k
[    3.097249] EDAC MC: ECC not enabled
[    3.100877] EDAC DEVICE0: Giving out device to module zynqmp-ocm-edac controller zynqmp_ocm: DEV ff960000.memory-controller (INTERRUPT)
[    3.113187] sdhci: Secure Digital Host Controller Interface driver
[    3.118979] sdhci: Copyright(c) Pierre Ossman
[    3.123302] sdhci-pltfm: SDHCI platform and OF driver helper
[    3.129355] ledtrig-cpu: registered to indicate activity on CPUs
[    3.134907] SMCCC: SOC_ID: ARCH_SOC_ID not implemented, skipping ....
[    3.141338] zynqmp_firmware_probe Platform Management API v1.1
[    3.147094] zynqmp_firmware_probe Trustzone version v1.0
[    3.186668] zynqmp-pinctrl firmware:zynqmp-firmware:pinctrl: zynqmp pinctrl initialized
[    3.234644] zynqmp-aes firmware:zynqmp-firmware:zynqmp-aes: will run requests pump with realtime priority
[    3.250474] alg: No test for xilinx-keccak-384 (zynqmp-keccak-384)
[    3.251183] alg: No test for xilinx-zynqmp-rsa (zynqmp-rsa)
[    3.256697] usbcore: registered new interface driver usbhid
[    3.262086] usbhid: USB HID core driver
[    3.273334] axi_sysid 85000000.axi-sysid-0: AXI System ID core version (1.01.a) found
[    3.275684] axi_sysid 85000000.axi-sysid-0: [ad9081_fmca_ebz] on [zcu102] git branch <master> git <084d44c9780640ca93fd847b1d9ec70dd65f5c67> clean [2022-03-18 04:17:50] UTC
[    3.291376] fpga_manager fpga0: Xilinx ZynqMP FPGA Manager registered
[    3.297728] usbcore: registered new interface driver snd-usb-audio
[    3.305178] pktgen: Packet Generator for packet performance testing. Version: 2.75
[    3.311359] Initializing XFRM netlink socket
[    3.315216] NET: Registered protocol family 10
[    3.319940] Segment Routing with IPv6
[    3.323305] sit: IPv6, IPv4 and MPLS over IPv4 tunneling driver
[    3.329384] NET: Registered protocol family 17
[    3.333486] NET: Registered protocol family 15
[    3.337985] can: controller area network core
[    3.342236] NET: Registered protocol family 29
[    3.346625] can: raw protocol
[    3.349563] can: broadcast manager protocol
[    3.353716] can: netlink gateway - max_hops=1
[    3.358111] Bluetooth: RFCOMM TTY layer initialized
[    3.362890] Bluetooth: RFCOMM socket layer initialized
[    3.367996] Bluetooth: RFCOMM ver 1.11
[    3.371704] Bluetooth: BNEP (Ethernet Emulation) ver 1.3
[    3.376981] Bluetooth: BNEP filters: protocol multicast
[    3.382175] Bluetooth: BNEP socket layer initialized
[    3.387102] Bluetooth: HIDP (Human Interface Emulation) ver 1.2
[    3.392985] Bluetooth: HIDP socket layer initialized
[    3.398040] 9pnet: Installing 9P2000 support
[    3.402163] NET: Registered protocol family 36
[    3.406580] Key type dns_resolver registered
[    3.411009] registered taskstats version 1
[    3.414876] Loading compiled-in X.509 certificates
[    3.419997] Btrfs loaded, crc32c=crc32c-generic
[    3.432384] ff000000.serial: ttyPS0 at MMIO 0xff000000 (irq = 49, base_baud = 6249999) is a xuartps
[    3.441410] printk: console [ttyPS0] enabled
[    3.445704] printk: bootconsole [cdns0] disabled
[    3.455329] ff010000.serial: ttyPS1 at MMIO 0xff010000 (irq = 50, base_baud = 6249999) is a xuartps
[    3.468582] of-fpga-region fpga-full: FPGA Region probed
[    3.475529] nwl-pcie fd0e0000.pcie: host bridge /axi/pcie@fd0e0000 ranges:
[    3.482426] nwl-pcie fd0e0000.pcie:      MEM 0x00e0000000..0x00efffffff -> 0x00e0000000
[    3.490427] nwl-pcie fd0e0000.pcie:      MEM 0x0600000000..0x07ffffffff -> 0x0600000000
[    3.498489] nwl-pcie fd0e0000.pcie: Link is DOWN
[    3.503245] nwl-pcie fd0e0000.pcie: PCI host bridge to bus 0000:00
[    3.509426] pci_bus 0000:00: root bus resource [bus 00-ff]
[    3.514906] pci_bus 0000:00: root bus resource [mem 0xe0000000-0xefffffff]
[    3.521771] pci_bus 0000:00: root bus resource [mem 0x600000000-0x7ffffffff pref]
[    3.529274] pci 0000:00:00.0: [10ee:d021] type 01 class 0x060400
[    3.535336] pci 0000:00:00.0: PME# supported from D0 D1 D2 D3hot
[    3.545784] pci 0000:00:00.0: PCI bridge to [bus 01-0c]
[    3.551772] xilinx-zynqmp-dma fd500000.dma: ZynqMP DMA driver Probe success
[    3.558950] xilinx-zynqmp-dma fd510000.dma: ZynqMP DMA driver Probe success
[    3.566125] xilinx-zynqmp-dma fd520000.dma: ZynqMP DMA driver Probe success
[    3.573295] xilinx-zynqmp-dma fd530000.dma: ZynqMP DMA driver Probe success
[    3.580462] xilinx-zynqmp-dma fd540000.dma: ZynqMP DMA driver Probe success
[    3.587630] xilinx-zynqmp-dma fd550000.dma: ZynqMP DMA driver Probe success
[    3.594801] xilinx-zynqmp-dma fd560000.dma: ZynqMP DMA driver Probe success
[    3.601968] xilinx-zynqmp-dma fd570000.dma: ZynqMP DMA driver Probe success
[    3.609368] xilinx-zynqmp-dpdma fd4c0000.dma-controller: Xilinx DPDMA engine is probed
[    3.617916] ahci-ceva fd0c0000.ahci: supply ahci not found, using dummy regulator
[    3.625457] ahci-ceva fd0c0000.ahci: supply phy not found, using dummy regulator
[    3.715910] hmc7044 spi2.0: PLL1: Acquisition, CLKIN0 @ 122880000 Hz, PFD: 80 kHz - PLL2: Locked @ 2520.000000 MHz
[    3.726627] jesd204: /axi/spi@ff050000/hmc7044@0,jesd204:1,parent=spi2.0: Using as SYSREF provider
[    3.736213] spi-nor spi0.0: SPI-NOR-UniqueID 100000235394732200270025081115266e
[    3.743524] spi-nor spi0.0: found n25q512a, expected m25p80
[    3.749722] spi-nor spi0.0: trying to lock already unlocked area
[    3.755726] spi-nor spi0.0: n25q512a (131072 Kbytes)
[    3.760710] 4 fixed-partitions partitions found on MTD device spi0.0
[    3.767058] Creating 4 MTD partitions on "spi0.0":
[    3.771843] 0x000000000000-0x000000100000 : "qspi-fsbl-uboot"
[    3.778334] 0x000000100000-0x000000600000 : "qspi-linux"
[    3.784293] 0x000000600000-0x000000620000 : "qspi-device-tree"
[    3.790770] 0x000000620000-0x000000c00000 : "qspi-rootfs"
[    3.799237] macb ff0e0000.ethernet: Not enabling partial store and forward
[    3.806756] libphy: MACB_mii_bus: probed
[    3.811847] macb ff0e0000.ethernet eth0: Cadence GEM rev 0x50070106 at 0xff0e0000 irq 30 (00:0a:35:04:8e:1b)
[    3.822056] xilinx-axipmon ffa00000.perf-monitor: Probed Xilinx APM
[    3.828630] xilinx-axipmon fd0b0000.perf-monitor: Probed Xilinx APM
[    3.835150] xilinx-axipmon fd490000.perf-monitor: Probed Xilinx APM
[    3.841692] xilinx-axipmon ffa10000.perf-monitor: Probed Xilinx APM
[    3.851679] pca953x 0-0020: supply vcc not found, using dummy regulator
[    3.858359] pca953x 0-0020: using no AI
[    3.862848] gpio-496 (sel0): hogged as output/low
[    3.867752] gpio-497 (sel1): hogged as output/high
[    3.872739] gpio-498 (sel2): hogged as output/high
[    3.877723] gpio-499 (sel3): hogged as output/high
[    3.882895] pca953x 0-0021: supply vcc not found, using dummy regulator
[    3.889560] pca953x 0-0021: using no AI
[    3.895322] ina2xx 2-0040: power monitor ina226 (Rshunt = 5000 uOhm)
[    3.902348] ina2xx 2-0041: power monitor ina226 (Rshunt = 5000 uOhm)
[    3.909384] ina2xx 2-0042: power monitor ina226 (Rshunt = 5000 uOhm)
[    3.916417] ina2xx 2-0043: power monitor ina226 (Rshunt = 5000 uOhm)
[    3.923436] ina2xx 2-0044: power monitor ina226 (Rshunt = 5000 uOhm)
[    3.930458] ina2xx 2-0045: power monitor ina226 (Rshunt = 5000 uOhm)
[    3.937492] ina2xx 2-0046: power monitor ina226 (Rshunt = 5000 uOhm)
[    3.944566] ina2xx 2-0047: power monitor ina226 (Rshunt = 5000 uOhm)
[    3.951591] ina2xx 2-004a: power monitor ina226 (Rshunt = 5000 uOhm)
[    3.958632] ina2xx 2-004b: power monitor ina226 (Rshunt = 5000 uOhm)
[    3.965041] i2c i2c-0: Added multiplexed i2c bus 2
[    3.970429] random: fast init done
[    3.973899] ina2xx 3-0040: power monitor ina226 (Rshunt = 2000 uOhm)
[    3.980926] ina2xx 3-0041: power monitor ina226 (Rshunt = 5000 uOhm)
[    3.987955] ina2xx 3-0042: power monitor ina226 (Rshunt = 5000 uOhm)
[    3.994986] ina2xx 3-0043: power monitor ina226 (Rshunt = 5000 uOhm)
[    4.002010] ina2xx 3-0044: power monitor ina226 (Rshunt = 5000 uOhm)
[    4.009036] ina2xx 3-0045: power monitor ina226 (Rshunt = 5000 uOhm)
[    4.016072] ina2xx 3-0046: power monitor ina226 (Rshunt = 5000 uOhm)
[    4.023100] ina2xx 3-0047: power monitor ina226 (Rshunt = 5000 uOhm)
[    4.029500] i2c i2c-0: Added multiplexed i2c bus 3
[    4.085404] i2c i2c-0: Added multiplexed i2c bus 4
[    4.090346] i2c i2c-0: Added multiplexed i2c bus 5
[    4.095134] pca954x 0-0075: registered 4 multiplexed busses for I2C mux pca9544
[    4.102485] cdns-i2c ff020000.i2c: 400 kHz mmio ff020000 irq 32
[    4.110217] at24 6-0054: supply vcc not found, using dummy regulator
[    4.117119] at24 6-0054: 1024 byte 24c08 EEPROM, writable, 1 bytes/write
[    4.123871] i2c i2c-1: Added multiplexed i2c bus 6
[    4.130299] si5341 7-0036: Chip: 5341 Grade: 1 Rev: 1
[    4.167979] i2c i2c-1: Added multiplexed i2c bus 7
[    4.175627] si570 8-005d: registered, current frequency 300000000 Hz
[    4.182026] i2c i2c-1: Added multiplexed i2c bus 8
[    4.201801] si570 9-005d: registered, current frequency 148500000 Hz
[    4.208206] i2c i2c-1: Added multiplexed i2c bus 9
[    4.213244] si5324 10-0069: si5328 probed
[    4.280096] si5324 10-0069: si5328 probe successful
[    4.285025] i2c i2c-1: Added multiplexed i2c bus 10
[    4.290054] i2c i2c-1: Added multiplexed i2c bus 11
[    4.295080] i2c i2c-1: Added multiplexed i2c bus 12
[    4.300099] i2c i2c-1: Added multiplexed i2c bus 13
[    4.304972] pca954x 1-0074: registered 8 multiplexed busses for I2C switch pca9548
[    4.313085] at24 14-0050: supply vcc not found, using dummy regulator
[    4.319879] at24 14-0050: 256 byte 24c02 EEPROM, writable, 1 bytes/write
[    4.326625] i2c i2c-1: Added multiplexed i2c bus 14
[    4.331666] i2c i2c-1: Added multiplexed i2c bus 15
[    4.336697] i2c i2c-1: Added multiplexed i2c bus 16
[    4.341734] i2c i2c-1: Added multiplexed i2c bus 17
[    4.346764] i2c i2c-1: Added multiplexed i2c bus 18
[    4.351812] i2c i2c-1: Added multiplexed i2c bus 19
[    4.356850] i2c i2c-1: Added multiplexed i2c bus 20
[    4.361882] i2c i2c-1: Added multiplexed i2c bus 21
[    4.366756] pca954x 1-0075: registered 8 multiplexed busses for I2C switch pca9548
[    4.374365] cdns-i2c ff030000.i2c: 400 kHz mmio ff030000 irq 33
[    4.384120] cdns-wdt fd4d0000.watchdog: Xilinx Watchdog Timer with timeout 60s
[    4.395057] axi_adxcvr 84a60000.axi-adxcvr-rx: AXI-ADXCVR-RX (17.05.a) using CPLL on GTH4 at 0x84A60000. Number of lanes: 4.
[    4.407233] axi_adxcvr 84b60000.axi-adxcvr-tx: AXI-ADXCVR-TX (17.05.a) using QPLL on GTH4 at 0x84B60000. Number of lanes: 4.
[    4.418855] axi-jesd204-rx 84a90000.axi-jesd204-rx: AXI-JESD204-RX (1.07.a) at 0x84A90000. Encoder 8b10b, width 4/4, lanes 4, jesd204-fsm.
[    4.426143] mmc0: SDHCI controller on ff170000.mmc [ff170000.mmc] using ADMA 64-bit
[    4.431700] axi-jesd204-tx 84b90000.axi-jesd204-tx: AXI-JESD204-TX (1.06.a) at 0x84B90000. Encoder 8b10b, width 4/4, lanes 4, jesd204-fsm.
[    4.452414] zynqmp-display fd4a0000.display: vtc bridge property not present
[    4.462062] xilinx-dp-snd-codec fd4a0000.display:zynqmp_dp_snd_codec0: Failed to get required clock freq
[    4.471569] xilinx-dp-snd-codec: probe of fd4a0000.display:zynqmp_dp_snd_codec0 failed with error -22
[    4.473522] mmc0: new high speed SDHC card at address 0001
[    4.481108] xilinx-dp-snd-pcm zynqmp_dp_snd_pcm0: Xilinx DisplayPort Sound PCM probed
[    4.486622] mmcblk0: mmc0:0001 EB1QT 29.8 GiB 
[    4.494424] xilinx-dp-snd-pcm zynqmp_dp_snd_pcm1: Xilinx DisplayPort Sound PCM probed
[    4.499793]  mmcblk0: p1 p2 p3
[    4.506727] OF: graph: no port node found in /axi/display@fd4a0000
[    4.515797] xlnx-drm xlnx-drm.0: bound fd4a0000.display (ops 0xffffffc010fcbdb8)
[    5.599757] zynqmp-display fd4a0000.display: [drm] Cannot find any crtc or sizes
[    5.607373] [drm] Initialized xlnx 1.0.0 20130509 for fd4a0000.display on minor 0
[    5.614864] zynqmp-display fd4a0000.display: ZynqMP DisplayPort Subsystem driver probed
[    5.623189] ahci-ceva fd0c0000.ahci: supply ahci not found, using dummy regulator
[    5.630735] ahci-ceva fd0c0000.ahci: supply phy not found, using dummy regulator
[    5.638185] ahci-ceva fd0c0000.ahci: supply target not found, using dummy regulator
[    5.646023] ahci-ceva fd0c0000.ahci: AHCI 0001.0301 32 slots 2 ports 6 Gbps 0x3 impl platform mode
[    5.654980] ahci-ceva fd0c0000.ahci: flags: 64bit ncq sntf pm clo only pmp fbs pio slum part ccc sds apst 
[    5.665676] scsi host0: ahci-ceva
[    5.669271] scsi host1: ahci-ceva
[    5.672702] ata1: SATA max UDMA/133 mmio [mem 0xfd0c0000-0xfd0c1fff] port 0x100 irq 45
[    5.680611] ata2: SATA max UDMA/133 mmio [mem 0xfd0c0000-0xfd0c1fff] port 0x180 irq 45
[    5.689203] ad9081 spi1.0: supply vdd not found, using dummy regulator
[    6.001991] ata1: SATA link down (SStatus 0 SControl 330)
[    6.007410] ata2: SATA link down (SStatus 0 SControl 330)
[    6.683758] zynqmp-display fd4a0000.display: [drm] Cannot find any crtc or sizes
[    7.525752] ad9081 spi1.0: AD9081 Rev. 2 Grade 10 (API 1.2.2) probed
[    7.532943] xhci-hcd xhci-hcd.1.auto: xHCI Host Controller
[    7.538441] xhci-hcd xhci-hcd.1.auto: new USB bus registered, assigned bus number 1
[    7.546185] xhci-hcd xhci-hcd.1.auto: hcc params 0x0238f625 hci version 0x100 quirks 0x0000000002010810
[    7.555598] xhci-hcd xhci-hcd.1.auto: irq 59, io mem 0xfe200000
[    7.561711] usb usb1: New USB device found, idVendor=1d6b, idProduct=0002, bcdDevice= 5.10
[    7.569972] usb usb1: New USB device strings: Mfr=3, Product=2, SerialNumber=1
[    7.577190] usb usb1: Product: xHCI Host Controller
[    7.582057] usb usb1: Manufacturer: Linux 5.10.0-98103-g2aa7ac113716 xhci-hcd
[    7.589183] usb usb1: SerialNumber: xhci-hcd.1.auto
[    7.594353] hub 1-0:1.0: USB hub found
[    7.598120] hub 1-0:1.0: 1 port detected
[    7.602222] xhci-hcd xhci-hcd.1.auto: xHCI Host Controller
[    7.607705] xhci-hcd xhci-hcd.1.auto: new USB bus registered, assigned bus number 2
[    7.615359] xhci-hcd xhci-hcd.1.auto: Host supports USB 3.0 SuperSpeed
[    7.621980] usb usb2: New USB device found, idVendor=1d6b, idProduct=0003, bcdDevice= 5.10
[    7.630244] usb usb2: New USB device strings: Mfr=3, Product=2, SerialNumber=1
[    7.637463] usb usb2: Product: xHCI Host Controller
[    7.642336] usb usb2: Manufacturer: Linux 5.10.0-98103-g2aa7ac113716 xhci-hcd
[    7.649466] usb usb2: SerialNumber: xhci-hcd.1.auto
[    7.654574] hub 2-0:1.0: USB hub found
[    7.658336] hub 2-0:1.0: 1 port detected
[    7.688383] cf_axi_adc 84a10000.axi-ad9081-rx-hpc: ADI AIM (10.01.b) at 0x84A10000 mapped to 0x(____ptrval____), probed ADC AD9081 as MASTER
[    7.720580] cf_axi_dds 84b10000.axi-ad9081-tx-hpc: Analog Devices CF_AXI_DDS_DDS MASTER (9.01.b) at 0x84B10000 mapped to 0x(____ptrval____), probed DDS AD9081
[    7.734780] jesd204: /axi/spi@ff040000/ad9081@0,jesd204:0,parent=spi1.0: JESD204[2] transition initialized -> probed
[    7.745301] jesd204: /axi/spi@ff040000/ad9081@0,jesd204:0,parent=spi1.0: JESD204[0] transition initialized -> probed
[    7.755825] jesd204: /axi/spi@ff040000/ad9081@0,jesd204:0,parent=spi1.0: JESD204[2] transition probed -> idle
[    7.765733] jesd204: /axi/spi@ff040000/ad9081@0,jesd204:0,parent=spi1.0: JESD204[0] transition probed -> idle
[    7.775648] jesd204: /axi/spi@ff040000/ad9081@0,jesd204:0,parent=spi1.0: JESD204[2] transition idle -> device_init
[    7.785991] jesd204: /axi/spi@ff040000/ad9081@0,jesd204:0,parent=spi1.0: JESD204[0] transition idle -> device_init
[    7.796345] jesd204: /axi/spi@ff040000/ad9081@0,jesd204:0,parent=spi1.0: JESD204[2] transition device_init -> link_init
[    7.807127] jesd204: /axi/spi@ff040000/ad9081@0,jesd204:0,parent=spi1.0: JESD204[0] transition device_init -> link_init
[    7.817918] jesd204: /axi/spi@ff040000/ad9081@0,jesd204:0,parent=spi1.0: JESD204[2] transition link_init -> link_supported
[    7.828957] jesd204: /axi/spi@ff040000/ad9081@0,jesd204:0,parent=spi1.0: JESD204[0] transition link_init -> link_supported
[    7.840376] hmc7044 spi2.0: hmc7044_jesd204_link_pre_setup: Link2 forcing continuous SYSREF mode
[    7.849313] axi-jesd204-rx 84a90000.axi-jesd204-rx: axi_jesd204_rx_jesd204_link_pre_setup: Link2 set lane rate 12600000 kHz failed (-22)
[    7.861570] jesd204: /fpga-axi@0/axi-jesd204-rx@84a90000,jesd204:4,parent=84a90000.axi-jesd204-rx: JESD204[2] In link_pre_setup got error from cb: -22
[    7.875039] jesd204: /axi/spi@ff040000/ad9081@0,jesd204:0,parent=spi1.0: Rolling back from 'link_supported', got error -22
[    7.886083] jesd204: /axi/spi@ff040000/ad9081@0,jesd204:0,parent=spi1.0: JESD204[0] transition link_supported -> link_pre_setup
[    7.897555] jesd204: /axi/spi@ff040000/ad9081@0,jesd204:0,parent=spi1.0: JESD204[2] transition link_supported -> link_pre_setup
[    7.909039] jesd204: /axi/spi@ff040000/ad9081@0,jesd204:0,parent=spi1.0: JESD204[0] transition link_pre_setup -> link_supported
[    7.920514] jesd204: /axi/spi@ff040000/ad9081@0,jesd204:0,parent=spi1.0: JESD204[2] transition link_pre_setup -> link_supported
[    7.931990] jesd204: /axi/spi@ff040000/ad9081@0,jesd204:0,parent=spi1.0: JESD204[0] transition link_supported -> link_init
[    7.943029] jesd204: /axi/spi@ff040000/ad9081@0,jesd204:0,parent=spi1.0: JESD204[2] transition link_supported -> link_init
[    7.954076] jesd204: /axi/spi@ff040000/ad9081@0,jesd204:0,parent=spi1.0: JESD204[0] transition link_init -> device_init
[    7.964856] jesd204: /axi/spi@ff040000/ad9081@0,jesd204:0,parent=spi1.0: JESD204[2] transition link_init -> device_init
[    7.975634] jesd204: /axi/spi@ff040000/ad9081@0,jesd204:0,parent=spi1.0: JESD204[0] transition device_init -> idle
[    7.985978] jesd204: /axi/spi@ff040000/ad9081@0,jesd204:0,parent=spi1.0: JESD204[2] transition device_init -> idle
[    7.996329] jesd204: /axi/spi@ff040000/ad9081@0,jesd204:0,parent=spi1.0: JESD204[2] transition idle -> idle
[    8.006063] jesd204: /axi/spi@ff040000/ad9081@0,jesd204:0,parent=spi1.0: JESD204[0] transition idle -> idle
[    8.015805] jesd204: /axi/spi@ff040000/ad9081@0,jesd204:0,parent=spi1.0: JESD204[2] transition idle -> device_init
[    8.026149] jesd204: /axi/spi@ff040000/ad9081@0,jesd204:0,parent=spi1.0: JESD204[0] transition idle -> device_init
[    8.036499] jesd204: /axi/spi@ff040000/ad9081@0,jesd204:0,parent=spi1.0: JESD204[2] transition device_init -> link_init
[    8.047276] jesd204: /axi/spi@ff040000/ad9081@0,jesd204:0,parent=spi1.0: JESD204[0] transition device_init -> link_init
[    8.058064] jesd204: /axi/spi@ff040000/ad9081@0,jesd204:0,parent=spi1.0: JESD204[2] transition link_init -> link_supported
[    8.069111] jesd204: /axi/spi@ff040000/ad9081@0,jesd204:0,parent=spi1.0: JESD204[0] transition link_init -> link_supported
[    8.080331] axi-jesd204-rx 84a90000.axi-jesd204-rx: axi_jesd204_rx_jesd204_link_pre_setup: Link2 set lane rate 12600000 kHz failed (-22)
[    8.092589] jesd204: /fpga-axi@0/axi-jesd204-rx@84a90000,jesd204:4,parent=84a90000.axi-jesd204-rx: JESD204[2] In link_pre_setup got error from cb: -22
[    8.106058] jesd204: /axi/spi@ff040000/ad9081@0,jesd204:0,parent=spi1.0: Rolling back from 'link_supported', got error -22
[    8.117102] jesd204: /axi/spi@ff040000/ad9081@0,jesd204:0,parent=spi1.0: JESD204[0] transition link_supported -> link_pre_setup
[    8.128572] jesd204: /axi/spi@ff040000/ad9081@0,jesd204:0,parent=spi1.0: JESD204[2] transition link_supported -> link_pre_setup
[    8.140051] jesd204: /axi/spi@ff040000/ad9081@0,jesd204:0,parent=spi1.0: JESD204[0] transition link_pre_setup -> link_supported
[    8.151525] jesd204: /axi/spi@ff040000/ad9081@0,jesd204:0,parent=spi1.0: JESD204[2] transition link_pre_setup -> link_supported
[    8.163000] jesd204: /axi/spi@ff040000/ad9081@0,jesd204:0,parent=spi1.0: JESD204[0] transition link_supported -> link_init
[    8.174038] jesd204: /axi/spi@ff040000/ad9081@0,jesd204:0,parent=spi1.0: JESD204[2] transition link_supported -> link_init
[    8.185085] jesd204: /axi/spi@ff040000/ad9081@0,jesd204:0,parent=spi1.0: JESD204[0] transition link_init -> device_init
[    8.195860] jesd204: /axi/spi@ff040000/ad9081@0,jesd204:0,parent=spi1.0: JESD204[2] transition link_init -> device_init
[    8.206644] jesd204: /axi/spi@ff040000/ad9081@0,jesd204:0,parent=spi1.0: JESD204[0] transition device_init -> idle
[    8.216991] jesd204: /axi/spi@ff040000/ad9081@0,jesd204:0,parent=spi1.0: JESD204[2] transition device_init -> idle
[    8.227339] jesd204: /axi/spi@ff040000/ad9081@0,jesd204:0,parent=spi1.0: JESD204[2] transition idle -> idle
[    8.237073] jesd204: /axi/spi@ff040000/ad9081@0,jesd204:0,parent=spi1.0: JESD204[0] transition idle -> idle
[    8.246814] jesd204: /axi/spi@ff040000/ad9081@0,jesd204:0,parent=spi1.0: JESD204[2] transition idle -> device_init
[    8.257158] jesd204: /axi/spi@ff040000/ad9081@0,jesd204:0,parent=spi1.0: JESD204[0] transition idle -> device_init
[    8.267508] jesd204: /axi/spi@ff040000/ad9081@0,jesd204:0,parent=spi1.0: JESD204[2] transition device_init -> link_init
[    8.278286] jesd204: /axi/spi@ff040000/ad9081@0,jesd204:0,parent=spi1.0: JESD204[0] transition device_init -> link_init
[    8.289073] jesd204: /axi/spi@ff040000/ad9081@0,jesd204:0,parent=spi1.0: JESD204[2] transition link_init -> link_supported
[    8.300115] jesd204: /axi/spi@ff040000/ad9081@0,jesd204:0,parent=spi1.0: JESD204[0] transition link_init -> link_supported
[    8.311303] axi-jesd204-rx 84a90000.axi-jesd204-rx: axi_jesd204_rx_jesd204_link_pre_setup: Link2 set lane rate 12600000 kHz failed (-22)
[    8.323563] jesd204: /fpga-axi@0/axi-jesd204-rx@84a90000,jesd204:4,parent=84a90000.axi-jesd204-rx: JESD204[2] In link_pre_setup got error from cb: -22
[    8.337033] jesd204: /axi/spi@ff040000/ad9081@0,jesd204:0,parent=spi1.0: Rolling back from 'link_supported', got error -22
[    8.348079] jesd204: /axi/spi@ff040000/ad9081@0,jesd204:0,parent=spi1.0: JESD204[0] transition link_supported -> link_pre_setup
[    8.359548] jesd204: /axi/spi@ff040000/ad9081@0,jesd204:0,parent=spi1.0: JESD204[2] transition link_supported -> link_pre_setup
[    8.371028] jesd204: /axi/spi@ff040000/ad9081@0,jesd204:0,parent=spi1.0: JESD204[0] transition link_pre_setup -> link_supported
[    8.382497] jesd204: /axi/spi@ff040000/ad9081@0,jesd204:0,parent=spi1.0: JESD204[2] transition link_pre_setup -> link_supported
[    8.393975] jesd204: /axi/spi@ff040000/ad9081@0,jesd204:0,parent=spi1.0: JESD204[0] transition link_supported -> link_init
[    8.405013] jesd204: /axi/spi@ff040000/ad9081@0,jesd204:0,parent=spi1.0: JESD204[2] transition link_supported -> link_init
[    8.416060] jesd204: /axi/spi@ff040000/ad9081@0,jesd204:0,parent=spi1.0: JESD204[0] transition link_init -> device_init
[    8.426835] jesd204: /axi/spi@ff040000/ad9081@0,jesd204:0,parent=spi1.0: JESD204[2] transition link_init -> device_init
[    8.437618] jesd204: /axi/spi@ff040000/ad9081@0,jesd204:0,parent=spi1.0: JESD204[0] transition device_init -> idle
[    8.447964] jesd204: /axi/spi@ff040000/ad9081@0,jesd204:0,parent=spi1.0: JESD204[2] transition device_init -> idle
[    8.458313] jesd204: /axi/spi@ff040000/ad9081@0,jesd204:0,parent=spi1.0: JESD204[2] transition idle -> idle
[    8.468047] jesd204: /axi/spi@ff040000/ad9081@0,jesd204:0,parent=spi1.0: JESD204[0] transition idle -> idle
[    8.477793] jesd204: /axi/spi@ff040000/ad9081@0,jesd204:0,parent=spi1.0: JESD204[2] transition idle -> device_init
[    8.488134] jesd204: /axi/spi@ff040000/ad9081@0,jesd204:0,parent=spi1.0: JESD204[0] transition idle -> device_init
[    8.498483] jesd204: /axi/spi@ff040000/ad9081@0,jesd204:0,parent=spi1.0: JESD204[2] transition device_init -> link_init
[    8.509259] jesd204: /axi/spi@ff040000/ad9081@0,jesd204:0,parent=spi1.0: JESD204[0] transition device_init -> link_init
[    8.520048] jesd204: /axi/spi@ff040000/ad9081@0,jesd204:0,parent=spi1.0: JESD204[2] transition link_init -> link_supported
[    8.531091] jesd204: /axi/spi@ff040000/ad9081@0,jesd204:0,parent=spi1.0: JESD204[0] transition link_init -> link_supported
[    8.542277] axi-jesd204-rx 84a90000.axi-jesd204-rx: axi_jesd204_rx_jesd204_link_pre_setup: Link2 set lane rate 12600000 kHz failed (-22)
[    8.554538] jesd204: /fpga-axi@0/axi-jesd204-rx@84a90000,jesd204:4,parent=84a90000.axi-jesd204-rx: JESD204[2] In link_pre_setup got error from cb: -22
[    8.568008] jesd204: /axi/spi@ff040000/ad9081@0,jesd204:0,parent=spi1.0: Rolling back from 'link_supported', got error -22
[    8.579050] jesd204: /axi/spi@ff040000/ad9081@0,jesd204:0,parent=spi1.0: JESD204[0] transition link_supported -> link_pre_setup
[    8.590522] jesd204: /axi/spi@ff040000/ad9081@0,jesd204:0,parent=spi1.0: JESD204[2] transition link_supported -> link_pre_setup
[    8.602004] jesd204: /axi/spi@ff040000/ad9081@0,jesd204:0,parent=spi1.0: JESD204[0] transition link_pre_setup -> link_supported
[    8.613472] jesd204: /axi/spi@ff040000/ad9081@0,jesd204:0,parent=spi1.0: JESD204[2] transition link_pre_setup -> link_supported
[    8.624950] jesd204: /axi/spi@ff040000/ad9081@0,jesd204:0,parent=spi1.0: JESD204[0] transition link_supported -> link_init
[    8.635988] jesd204: /axi/spi@ff040000/ad9081@0,jesd204:0,parent=spi1.0: JESD204[2] transition link_supported -> link_init
[    8.647035] jesd204: /axi/spi@ff040000/ad9081@0,jesd204:0,parent=spi1.0: JESD204[0] transition link_init -> device_init
[    8.657810] jesd204: /axi/spi@ff040000/ad9081@0,jesd204:0,parent=spi1.0: JESD204[2] transition link_init -> device_init
[    8.668593] jesd204: /axi/spi@ff040000/ad9081@0,jesd204:0,parent=spi1.0: JESD204[0] transition device_init -> idle
[    8.678937] jesd204: /axi/spi@ff040000/ad9081@0,jesd204:0,parent=spi1.0: JESD204[2] transition device_init -> idle
[    8.689283] jesd204: /axi/spi@ff040000/ad9081@0,jesd204:0,parent=spi1.0: FSM completed with error -22
[    8.707714] input: gpio-keys as /devices/platform/gpio-keys/input/input0
[    8.714742] of_cfs_init
[    8.717210] of_cfs_init: OK
[    8.720145] cfg80211: Loading compiled-in X.509 certificates for regulatory database
[    8.858431] cfg80211: Loaded X.509 cert 'sforshee: 00b28ddf47aef9cea7'
[    8.864960] clk: Not disabling unused clocks
[    8.869486] ALSA device list:
[    8.872443]   No soundcards found.
[    8.876109] platform regulatory.0: Direct firmware load for regulatory.db failed with error -2
[    8.884724] cfg80211: failed to load regulatory.db
[    8.899527] EXT4-fs (mmcblk0p2): mounted filesystem with ordered data mode. Opts: (null)
[    8.907638] VFS: Mounted root (ext4 filesystem) on device 179:2.
[    8.920773] devtmpfs: mounted
[    8.924591] Freeing unused kernel memory: 2560K
[    8.939789] Run /sbin/init as init process
[    8.943885]   with arguments:
[    8.943887]     /sbin/init
[    8.943889]   with environment:
[    8.943892]     HOME=/
[    8.943894]     TERM=linux
[    9.522437] systemd[1]: systemd 241 running in system mode. (+PAM +AUDIT +SELINUX +IMA +APPARMOR +SMACK +SYSVINIT +UTMP +LIBCRYPTSETUP +GCRYPT +GNUTLS +ACL +XZ +LZ4 +SECCOMP +BLKID +ELFUTILS +KMOD -IDN2 +IDN -PCRE2 default-hierarchy=hybrid)
[    9.544314] systemd[1]: Detected architecture arm64.
[    9.568471] systemd[1]: Set hostname to <analog>.
[    9.751801] systemd[1]: File /lib/systemd/system/systemd-journald.service:12 configures an IP firewall (IPAddressDeny=any), but the local system does not support BPF/cgroup based firewalling.
[    9.768879] systemd[1]: Proceeding WITHOUT firewalling in effect! (This warning is only shown for the first loaded unit using IP firewalling.)
[    9.933910] systemd[1]: /etc/systemd/system/tof-server.service:1: Assignment outside of section. Ignoring.
[    9.943633] systemd[1]: /etc/systemd/system/tof-server.service:2: Assignment outside of section. Ignoring.
[   10.128679] random: systemd: uninitialized urandom read (16 bytes read)
[   10.143498] random: systemd: uninitialized urandom read (16 bytes read)
[   10.150550] systemd[1]: Created slice User and Session Slice.
[   10.171833] random: systemd: uninitialized urandom read (16 bytes read)
[   10.178829] systemd[1]: Listening on Journal Socket.
[   10.196150] systemd[1]: Listening on Syslog Socket.
[   11.005507] EXT4-fs (mmcblk0p2): re-mounted. Opts: (null)
[   11.208520] systemd-journald[158]: Received request to flush runtime journal from PID 1
[   16.609843] random: crng init done
[   16.609854] random: 7 urandom warning(s) missed due to ratelimiting
[   17.037175] macb ff0e0000.ethernet eth0: PHY [ff0e0000.ethernet-ffffffff:0c] driver [TI DP83867] (irq=POLL)
[   17.037188] macb ff0e0000.ethernet eth0: configuring for phy/rgmii-id link mode
[   17.327786] Adding 79868k swap on /var/swap.  Priority:-2 extents:1 across:79868k SS
[   19.934590] broken atomic modeset userspace detected, disabling atomic
[   21.121383] macb ff0e0000.ethernet eth0: Link is Up - 1Gbps/Full - flow control off
[   21.121408] IPv6: ADDRCONF(NETDEV_CHANGE): eth0: link becomes ready
[   22.602672] broken atomic modeset userspace detected, disabling atomic
[   25.624287] broken atomic modeset userspace detected, disabling atomic
[   28.256713] broken atomic modeset userspace detected, disabling atomic