[    0.000000] Booting Linux on physical CPU 0x0000000000 [0x410fd034]
[    0.000000] Linux version 5.10.0-98103-g2aa7ac113716 (jenkins@romlxbuild1.adlk.analog.com) (aarch64-xilinx-linux-gcc.real (GCC) 10.2.0, GNU ld (GNU Binutils) 2.35.0.20200730) #5577 SMP Wed Mar 23 07:28:49 GMT 2022
[    0.000000] Machine model: ZynqMP ZCU102 Rev1.0
[    0.000000] earlycon: cdns0 at MMIO 0x00000000ff000000 (options '115200n8')
[    0.000000] printk: bootconsole [cdns0] enabled
[    0.000000] efi: UEFI not found.
[    0.000000] cma: Reserved 256 MiB at 0x0000000070000000
[    0.000000] Zone ranges:
[    0.000000]   DMA      [mem 0x0000000000000000-0x000000003fffffff]
[    0.000000]   DMA32    [mem 0x0000000040000000-0x00000000ffffffff]
[    0.000000]   Normal   [mem 0x0000000100000000-0x000000087fffffff]
[    0.000000] Movable zone start for each node
[    0.000000] Early memory node ranges
[    0.000000]   node   0: [mem 0x0000000000000000-0x000000007fffffff]
[    0.000000]   node   0: [mem 0x0000000800000000-0x000000087fffffff]
[    0.000000] Initmem setup node 0 [mem 0x0000000000000000-0x000000087fffffff]
[    0.000000] On node 0 totalpages: 1048576
[    0.000000]   DMA zone: 3584 pages used for memmap
[    0.000000]   DMA zone: 0 pages reserved
[    0.000000]   DMA zone: 262144 pages, LIFO batch:63
[    0.000000]   DMA32 zone: 3584 pages used for memmap
[    0.000000]   DMA32 zone: 262144 pages, LIFO batch:63
[    0.000000]   Normal zone: 7168 pages used for memmap
[    0.000000]   Normal zone: 524288 pages, LIFO batch:63
[    0.000000] psci: probing for conduit method from DT.
[    0.000000] psci: PSCIv1.1 detected in firmware.
[    0.000000] psci: Using standard PSCI v0.2 function IDs
[    0.000000] psci: MIGRATE_INFO_TYPE not supported.
[    0.000000] psci: SMC Calling Convention v1.2
[    0.000000] percpu: Embedded 22 pages/cpu s49496 r8192 d32424 u90112
[    0.000000] pcpu-alloc: s49496 r8192 d32424 u90112 alloc=22*4096
[    0.000000] pcpu-alloc: [0] 0 [0] 1 [0] 2 [0] 3 
[    0.000000] Detected VIPT I-cache on CPU0
[    0.000000] CPU features: detected: ARM erratum 845719
[    0.000000] Built 1 zonelists, mobility grouping on.  Total pages: 1034240
[    0.000000] Kernel command line: console=ttyPS0,115200 root=/dev/mmcblk0p2 rw earlycon rootfstype=ext4 rootwait clk_ignore_unused cpuidle.off=1 root=/dev/mmcblk0p2 rw rootwait
[    0.000000] Dentry cache hash table entries: 524288 (order: 10, 4194304 bytes, linear)
[    0.000000] Inode-cache hash table entries: 262144 (order: 9, 2097152 bytes, linear)
[    0.000000] mem auto-init: stack:off, heap alloc:off, heap free:off
[    0.000000] software IO TLB: mapped [mem 0x000000003bfff000-0x000000003ffff000] (64MB)
[    0.000000] Memory: 3761904K/4194304K available (15296K kernel code, 1636K rwdata, 11876K rodata, 2560K init, 507K bss, 170256K reserved, 262144K cma-reserved)
[    0.000000] rcu: Hierarchical RCU implementation.
[    0.000000] rcu: 	RCU event tracing is enabled.
[    0.000000] rcu: 	RCU restricting CPUs from NR_CPUS=8 to nr_cpu_ids=4.
[    0.000000] rcu: RCU calculated value of scheduler-enlistment delay is 25 jiffies.
[    0.000000] rcu: Adjusting geometry for rcu_fanout_leaf=16, nr_cpu_ids=4
[    0.000000] NR_IRQS: 64, nr_irqs: 64, preallocated irqs: 0
[    0.000000] GIC: Adjusting CPU interface base to 0x00000000f902f000
[    0.000000] GIC: Using split EOI/Deactivate mode
[    0.000000] random: get_random_bytes called from start_kernel+0x31c/0x54c with crng_init=0
[    0.000000] arch_timer: cp15 timer(s) running at 100.00MHz (phys).
[    0.000000] clocksource: arch_sys_counter: mask: 0xffffffffffffff max_cycles: 0x171024e7e0, max_idle_ns: 440795205315 ns
[    0.000003] sched_clock: 56 bits at 100MHz, resolution 10ns, wraps every 4398046511100ns
[    0.008465] Console: colour dummy device 80x25
[    0.012483] Calibrating delay loop (skipped), value calculated using timer frequency.. 200.00 BogoMIPS (lpj=400000)
[    0.022841] pid_max: default: 32768 minimum: 301
[    0.027549] Mount-cache hash table entries: 8192 (order: 4, 65536 bytes, linear)
[    0.034788] Mountpoint-cache hash table entries: 8192 (order: 4, 65536 bytes, linear)
[    0.043394] rcu: Hierarchical SRCU implementation.
[    0.047559] EFI services will not be available.
[    0.051939] smp: Bringing up secondary CPUs ...
[    0.056658] Detected VIPT I-cache on CPU1
[    0.056696] CPU1: Booted secondary processor 0x0000000001 [0x410fd034]
[    0.057063] Detected VIPT I-cache on CPU2
[    0.057087] CPU2: Booted secondary processor 0x0000000002 [0x410fd034]
[    0.057425] Detected VIPT I-cache on CPU3
[    0.057448] CPU3: Booted secondary processor 0x0000000003 [0x410fd034]
[    0.057494] smp: Brought up 1 node, 4 CPUs
[    0.091779] SMP: Total of 4 processors activated.
[    0.096452] CPU features: detected: 32-bit EL0 Support
[    0.101555] CPU features: detected: CRC32 instructions
[    0.106696] CPU: All CPU(s) started at EL2
[    0.110737] alternatives: patching kernel code
[    0.116168] devtmpfs: initialized
[    0.124069] Registered cp15_barrier emulation handler
[    0.124119] Registered setend emulation handler
[    0.128101] clocksource: jiffies: mask: 0xffffffff max_cycles: 0xffffffff, max_idle_ns: 7645041785100000 ns
[    0.137679] futex hash table entries: 1024 (order: 4, 65536 bytes, linear)
[    0.151038] pinctrl core: initialized pinctrl subsystem
[    0.151689] NET: Registered protocol family 16
[    0.156111] DMA: preallocated 512 KiB GFP_KERNEL pool for atomic allocations
[    0.162125] DMA: preallocated 512 KiB GFP_KERNEL|GFP_DMA pool for atomic allocations
[    0.169850] DMA: preallocated 512 KiB GFP_KERNEL|GFP_DMA32 pool for atomic allocations
[    0.177653] audit: initializing netlink subsys (disabled)
[    0.183108] audit: type=2000 audit(0.116:1): state=initialized audit_enabled=0 res=1
[    0.183451] hw-breakpoint: found 6 breakpoint and 4 watchpoint registers.
[    0.197480] ASID allocator initialised with 65536 entries
[    0.224374] HugeTLB registered 1.00 GiB page size, pre-allocated 0 pages
[    0.225429] HugeTLB registered 32.0 MiB page size, pre-allocated 0 pages
[    0.232099] HugeTLB registered 2.00 MiB page size, pre-allocated 0 pages
[    0.238763] HugeTLB registered 64.0 KiB page size, pre-allocated 0 pages
[    1.304418] DRBG: Continuing without Jitter RNG
[    1.382149] raid6: neonx8   gen()  2144 MB/s
[    1.450199] raid6: neonx8   xor()  1598 MB/s
[    1.518267] raid6: neonx4   gen()  2187 MB/s
[    1.586312] raid6: neonx4   xor()  1567 MB/s
[    1.654384] raid6: neonx2   gen()  2076 MB/s
[    1.722430] raid6: neonx2   xor()  1437 MB/s
[    1.790493] raid6: neonx1   gen()  1772 MB/s
[    1.858537] raid6: neonx1   xor()  1220 MB/s
[    1.926609] raid6: int64x8  gen()  1438 MB/s
[    1.994653] raid6: int64x8  xor()   771 MB/s
[    2.062718] raid6: int64x4  gen()  1598 MB/s
[    2.130771] raid6: int64x4  xor()   818 MB/s
[    2.198855] raid6: int64x2  gen()  1397 MB/s
[    2.266890] raid6: int64x2  xor()   750 MB/s
[    2.334981] raid6: int64x1  gen()  1034 MB/s
[    2.403029] raid6: int64x1  xor()   517 MB/s
[    2.403067] raid6: using algorithm neonx4 gen() 2187 MB/s
[    2.407021] raid6: .... xor() 1567 MB/s, rmw enabled
[    2.411952] raid6: using neon recovery algorithm
[    2.416964] iommu: Default domain type: Translated 
[    2.421576] SCSI subsystem initialized
[    2.425122] libata version 3.00 loaded.
[    2.425247] usbcore: registered new interface driver usbfs
[    2.430578] usbcore: registered new interface driver hub
[    2.435851] usbcore: registered new device driver usb
[    2.440984] mc: Linux media interface: v0.10
[    2.445099] videodev: Linux video capture interface: v2.00
[    2.450591] EDAC MC: Ver: 3.0.0
[    2.454028] zynqmp-ipi-mbox mailbox@ff990400: Registered ZynqMP IPI mbox with TX/RX channels.
[    2.462532] jesd204: created con: id=0, topo=0, link=0, /axi/spi@ff050000/hmc7044@0 <-> /fpga-axi@0/axi-adxcvr-tx@84b60000
[    2.473121] jesd204: created con: id=1, topo=0, link=2, /axi/spi@ff050000/hmc7044@0 <-> /fpga-axi@0/axi-adxcvr-rx@84a60000
[    2.484105] jesd204: created con: id=2, topo=0, link=0, /fpga-axi@0/axi-adxcvr-tx@84b60000 <-> /fpga-axi@0/axi-jesd204-tx@84b90000
[    2.495780] jesd204: created con: id=3, topo=0, link=2, /fpga-axi@0/axi-adxcvr-rx@84a60000 <-> /fpga-axi@0/axi-jesd204-rx@84a90000
[    2.507457] jesd204: created con: id=4, topo=0, link=0, /fpga-axi@0/axi-jesd204-tx@84b90000 <-> /fpga-axi@0/axi-ad9081-tx-hpc@84b10000
[    2.519485] jesd204: created con: id=5, topo=0, link=2, /fpga-axi@0/axi-jesd204-rx@84a90000 <-> /fpga-axi@0/axi-ad9081-rx-hpc@84a10000
[    2.531507] jesd204: created con: id=6, topo=0, link=2, /fpga-axi@0/axi-ad9081-rx-hpc@84a10000 <-> /axi/spi@ff040000/ad9081@0
[    2.542749] jesd204: created con: id=7, topo=0, link=0, /fpga-axi@0/axi-ad9081-tx-hpc@84b10000 <-> /axi/spi@ff040000/ad9081@0
[    2.553999] jesd204: /axi/spi@ff040000/ad9081@0: JESD204[2] transition uninitialized -> initialized
[    2.562986] jesd204: /axi/spi@ff040000/ad9081@0: JESD204[0] transition uninitialized -> initialized
[    2.571977] jesd204: found 8 devices and 1 topologies
[    2.577020] FPGA manager framework
[    2.580496] Advanced Linux Sound Architecture Driver Initialized.
[    2.586797] Bluetooth: Core ver 2.22
[    2.589981] NET: Registered protocol family 31
[    2.594381] Bluetooth: HCI device and connection manager initialized
[    2.600698] Bluetooth: HCI socket layer initialized
[    2.605540] Bluetooth: L2CAP socket layer initialized
[    2.610564] Bluetooth: SCO socket layer initialized
[    2.615746] clocksource: Switched to clocksource arch_sys_counter
[    2.621555] VFS: Disk quotas dquot_6.6.0
[    2.625391] VFS: Dquot-cache hash table entries: 512 (order 0, 4096 bytes)
[    2.636106] NET: Registered protocol family 2
[    2.636835] tcp_listen_portaddr_hash hash table entries: 2048 (order: 3, 32768 bytes, linear)
[    2.645035] TCP established hash table entries: 32768 (order: 6, 262144 bytes, linear)
[    2.653056] TCP bind hash table entries: 32768 (order: 7, 524288 bytes, linear)
[    2.660502] TCP: Hash tables configured (established 32768 bind 32768)
[    2.666677] UDP hash table entries: 2048 (order: 4, 65536 bytes, linear)
[    2.673341] UDP-Lite hash table entries: 2048 (order: 4, 65536 bytes, linear)
[    2.680503] NET: Registered protocol family 1
[    2.684952] RPC: Registered named UNIX socket transport module.
[    2.690577] RPC: Registered udp transport module.
[    2.695243] RPC: Registered tcp transport module.
[    2.699913] RPC: Registered tcp NFSv4.1 backchannel transport module.
[    2.706897] PCI: CLS 0 bytes, default 64
[    2.710598] hw perfevents: no interrupt-affinity property for /pmu, guessing.
[    2.717461] hw perfevents: enabled with armv8_pmuv3 PMU driver, 7 counters available
[    2.725807] Initialise system trusted keyrings
[    2.729489] workingset: timestamp_bits=62 max_order=20 bucket_order=0
[    2.736388] NFS: Registering the id_resolver key type
[    2.740842] Key type id_resolver registered
[    2.744979] Key type id_legacy registered
[    2.748971] nfs4filelayout_init: NFSv4 File Layout Driver Registering...
[    2.755636] jffs2: version 2.2. (NAND) (SUMMARY)  Â© 2001-2006 Red Hat, Inc.
[    2.799647] NET: Registered protocol family 38
[    2.799689] xor: measuring software checksum speed
[    2.807378]    8regs           :  2363 MB/sec
[    2.811047]    32regs          :  2799 MB/sec
[    2.815993]    arm64_neon      :  2380 MB/sec
[    2.816180] xor: using function: 32regs (2799 MB/sec)
[    2.821205] Key type asymmetric registered
[    2.825267] Asymmetric key parser 'x509' registered
[    2.830128] Block layer SCSI generic (bsg) driver version 0.4 loaded (major 248)
[    2.837465] io scheduler mq-deadline registered
[    2.841961] io scheduler kyber registered
[    2.871340] Serial: 8250/16550 driver, 4 ports, IRQ sharing disabled
[    2.875983] cacheinfo: Unable to detect cache hierarchy for CPU 0
[    2.882305] brd: module loaded
[    2.886453] loop: module loaded
[    2.887002] Registered mathworks_ip class
[    2.890355] libphy: Fixed MDIO Bus: probed
[    2.893316] tun: Universal TUN/TAP device driver, 1.6
[    2.897394] CAN device driver interface
[    2.901926] usbcore: registered new interface driver asix
[    2.906526] usbcore: registered new interface driver ax88179_178a
[    2.912558] usbcore: registered new interface driver cdc_ether
[    2.918353] usbcore: registered new interface driver net1080
[    2.923973] usbcore: registered new interface driver cdc_subset
[    2.929856] usbcore: registered new interface driver zaurus
[    2.935400] usbcore: registered new interface driver cdc_ncm
[    2.941804] ehci_hcd: USB 2.0 'Enhanced' Host Controller (EHCI) Driver
[    2.947486] ehci-pci: EHCI PCI platform driver
[    2.952287] usbcore: registered new interface driver uas
[    2.957204] usbcore: registered new interface driver usb-storage
[    2.963191] usbcore: registered new interface driver usbserial_generic
[    2.969642] usbserial: USB Serial support registered for generic
[    2.975614] usbcore: registered new interface driver ftdi_sio
[    2.981316] usbserial: USB Serial support registered for FTDI USB Serial Device
[    2.988590] usbcore: registered new interface driver upd78f0730
[    2.994463] usbserial: USB Serial support registered for upd78f0730
[    3.002119] rtc_zynqmp ffa60000.rtc: registered as rtc0
[    3.005889] rtc_zynqmp ffa60000.rtc: setting system clock to 2022-03-26T03:21:15 UTC (1648264875)
[    3.014751] i2c /dev entries driver
[    3.020069] usbcore: registered new interface driver uvcvideo
[    3.023864] USB Video Class driver (1.1.1)
[    3.029439] Bluetooth: HCI UART driver ver 2.3
[    3.032347] Bluetooth: HCI UART protocol H4 registered
[    3.037445] Bluetooth: HCI UART protocol BCSP registered
[    3.042733] Bluetooth: HCI UART protocol LL registered
[    3.047823] Bluetooth: HCI UART protocol ATH3K registered
[    3.053198] Bluetooth: HCI UART protocol Three-wire (H5) registered
[    3.059453] Bluetooth: HCI UART protocol Intel registered
[    3.064789] Bluetooth: HCI UART protocol QCA registered
[    3.069993] usbcore: registered new interface driver bcm203x
[    3.075611] usbcore: registered new interface driver bpa10x
[    3.081148] usbcore: registered new interface driver bfusb
[    3.086598] usbcore: registered new interface driver btusb
[    3.092061] usbcore: registered new interface driver ath3k
[    3.097543] EDAC MC: ECC not enabled
[    3.101173] EDAC DEVICE0: Giving out device to module zynqmp-ocm-edac controller zynqmp_ocm: DEV ff960000.memory-controller (INTERRUPT)
[    3.113480] sdhci: Secure Digital Host Controller Interface driver
[    3.119274] sdhci: Copyright(c) Pierre Ossman
[    3.123596] sdhci-pltfm: SDHCI platform and OF driver helper
[    3.129647] ledtrig-cpu: registered to indicate activity on CPUs
[    3.135204] SMCCC: SOC_ID: ARCH_SOC_ID not implemented, skipping ....
[    3.141634] zynqmp_firmware_probe Platform Management API v1.1
[    3.147388] zynqmp_firmware_probe Trustzone version v1.0
[    3.186923] zynqmp-pinctrl firmware:zynqmp-firmware:pinctrl: zynqmp pinctrl initialized
[    3.234814] zynqmp-aes firmware:zynqmp-firmware:zynqmp-aes: will run requests pump with realtime priority
[    3.250564] alg: No test for xilinx-keccak-384 (zynqmp-keccak-384)
[    3.251272] alg: No test for xilinx-zynqmp-rsa (zynqmp-rsa)
[    3.256783] usbcore: registered new interface driver usbhid
[    3.262173] usbhid: USB HID core driver
[    3.273413] axi_sysid 85000000.axi-sysid-0: AXI System ID core version (1.01.a) found
[    3.275771] axi_sysid 85000000.axi-sysid-0: [ad9081_fmca_ebz] on [zcu102] git branch <master> git <084d44c9780640ca93fd847b1d9ec70dd65f5c67> clean [2022-03-18 04:17:50] UTC
[    3.291447] fpga_manager fpga0: Xilinx ZynqMP FPGA Manager registered
[    3.297808] usbcore: registered new interface driver snd-usb-audio
[    3.305268] pktgen: Packet Generator for packet performance testing. Version: 2.75
[    3.311449] Initializing XFRM netlink socket
[    3.315290] NET: Registered protocol family 10
[    3.320016] Segment Routing with IPv6
[    3.323372] sit: IPv6, IPv4 and MPLS over IPv4 tunneling driver
[    3.329465] NET: Registered protocol family 17
[    3.333565] NET: Registered protocol family 15
[    3.338057] can: controller area network core
[    3.342313] NET: Registered protocol family 29
[    3.346705] can: raw protocol
[    3.349642] can: broadcast manager protocol
[    3.353794] can: netlink gateway - max_hops=1
[    3.358186] Bluetooth: RFCOMM TTY layer initialized
[    3.362969] Bluetooth: RFCOMM socket layer initialized
[    3.368080] Bluetooth: RFCOMM ver 1.11
[    3.371790] Bluetooth: BNEP (Ethernet Emulation) ver 1.3
[    3.377059] Bluetooth: BNEP filters: protocol multicast
[    3.382252] Bluetooth: BNEP socket layer initialized
[    3.387180] Bluetooth: HIDP (Human Interface Emulation) ver 1.2
[    3.393063] Bluetooth: HIDP socket layer initialized
[    3.398116] 9pnet: Installing 9P2000 support
[    3.402240] NET: Registered protocol family 36
[    3.406657] Key type dns_resolver registered
[    3.411097] registered taskstats version 1
[    3.414953] Loading compiled-in X.509 certificates
[    3.420080] Btrfs loaded, crc32c=crc32c-generic
[    3.432471] ff000000.serial: ttyPS0 at MMIO 0xff000000 (irq = 49, base_baud = 6249999) is a xuartps
[    3.441497] printk: console [ttyPS0] enabled
[    3.445792] printk: bootconsole [cdns0] disabled
[    3.455421] ff010000.serial: ttyPS1 at MMIO 0xff010000 (irq = 50, base_baud = 6249999) is a xuartps
[    3.468669] of-fpga-region fpga-full: FPGA Region probed
[    3.475611] nwl-pcie fd0e0000.pcie: host bridge /axi/pcie@fd0e0000 ranges:
[    3.482504] nwl-pcie fd0e0000.pcie:      MEM 0x00e0000000..0x00efffffff -> 0x00e0000000
[    3.490505] nwl-pcie fd0e0000.pcie:      MEM 0x0600000000..0x07ffffffff -> 0x0600000000
[    3.498574] nwl-pcie fd0e0000.pcie: Link is DOWN
[    3.503335] nwl-pcie fd0e0000.pcie: PCI host bridge to bus 0000:00
[    3.509512] pci_bus 0000:00: root bus resource [bus 00-ff]
[    3.514993] pci_bus 0000:00: root bus resource [mem 0xe0000000-0xefffffff]
[    3.521858] pci_bus 0000:00: root bus resource [mem 0x600000000-0x7ffffffff pref]
[    3.529361] pci 0000:00:00.0: [10ee:d021] type 01 class 0x060400
[    3.535423] pci 0000:00:00.0: PME# supported from D0 D1 D2 D3hot
[    3.545869] pci 0000:00:00.0: PCI bridge to [bus 01-0c]
[    3.551858] xilinx-zynqmp-dma fd500000.dma: ZynqMP DMA driver Probe success
[    3.559038] xilinx-zynqmp-dma fd510000.dma: ZynqMP DMA driver Probe success
[    3.566211] xilinx-zynqmp-dma fd520000.dma: ZynqMP DMA driver Probe success
[    3.573383] xilinx-zynqmp-dma fd530000.dma: ZynqMP DMA driver Probe success
[    3.580549] xilinx-zynqmp-dma fd540000.dma: ZynqMP DMA driver Probe success
[    3.587726] xilinx-zynqmp-dma fd550000.dma: ZynqMP DMA driver Probe success
[    3.594897] xilinx-zynqmp-dma fd560000.dma: ZynqMP DMA driver Probe success
[    3.602066] xilinx-zynqmp-dma fd570000.dma: ZynqMP DMA driver Probe success
[    3.609466] xilinx-zynqmp-dpdma fd4c0000.dma-controller: Xilinx DPDMA engine is probed
[    3.618014] ahci-ceva fd0c0000.ahci: supply ahci not found, using dummy regulator
[    3.625559] ahci-ceva fd0c0000.ahci: supply phy not found, using dummy regulator
[    3.715921] hmc7044 spi2.0: PLL1: Acquisition, CLKIN0 @ 122880000 Hz, PFD: 80 kHz - PLL2: Locked @ 3128.000000 MHz
[    3.726640] jesd204: /axi/spi@ff050000/hmc7044@0,jesd204:1,parent=spi2.0: Using as SYSREF provider
[    3.736222] spi-nor spi0.0: SPI-NOR-UniqueID 100000235394732200270025081115266e
[    3.743533] spi-nor spi0.0: found n25q512a, expected m25p80
[    3.749738] spi-nor spi0.0: trying to lock already unlocked area
[    3.755747] spi-nor spi0.0: n25q512a (131072 Kbytes)
[    3.760727] 4 fixed-partitions partitions found on MTD device spi0.0
[    3.767075] Creating 4 MTD partitions on "spi0.0":
[    3.771861] 0x000000000000-0x000000100000 : "qspi-fsbl-uboot"
[    3.778340] 0x000000100000-0x000000600000 : "qspi-linux"
[    3.784299] 0x000000600000-0x000000620000 : "qspi-device-tree"
[    3.790776] 0x000000620000-0x000000c00000 : "qspi-rootfs"
[    3.799240] macb ff0e0000.ethernet: Not enabling partial store and forward
[    3.806760] libphy: MACB_mii_bus: probed
[    3.811833] macb ff0e0000.ethernet eth0: Cadence GEM rev 0x50070106 at 0xff0e0000 irq 30 (00:0a:35:04:8e:1b)
[    3.822047] xilinx-axipmon ffa00000.perf-monitor: Probed Xilinx APM
[    3.828618] xilinx-axipmon fd0b0000.perf-monitor: Probed Xilinx APM
[    3.835133] xilinx-axipmon fd490000.perf-monitor: Probed Xilinx APM
[    3.841672] xilinx-axipmon ffa10000.perf-monitor: Probed Xilinx APM
[    3.851669] pca953x 0-0020: supply vcc not found, using dummy regulator
[    3.858349] pca953x 0-0020: using no AI
[    3.862840] gpio-496 (sel0): hogged as output/low
[    3.867745] gpio-497 (sel1): hogged as output/high
[    3.872729] gpio-498 (sel2): hogged as output/high
[    3.877715] gpio-499 (sel3): hogged as output/high
[    3.882894] pca953x 0-0021: supply vcc not found, using dummy regulator
[    3.889560] pca953x 0-0021: using no AI
[    3.895318] ina2xx 2-0040: power monitor ina226 (Rshunt = 5000 uOhm)
[    3.902354] ina2xx 2-0041: power monitor ina226 (Rshunt = 5000 uOhm)
[    3.909381] ina2xx 2-0042: power monitor ina226 (Rshunt = 5000 uOhm)
[    3.916415] ina2xx 2-0043: power monitor ina226 (Rshunt = 5000 uOhm)
[    3.923437] ina2xx 2-0044: power monitor ina226 (Rshunt = 5000 uOhm)
[    3.930459] ina2xx 2-0045: power monitor ina226 (Rshunt = 5000 uOhm)
[    3.937492] ina2xx 2-0046: power monitor ina226 (Rshunt = 5000 uOhm)
[    3.944559] ina2xx 2-0047: power monitor ina226 (Rshunt = 5000 uOhm)
[    3.951592] ina2xx 2-004a: power monitor ina226 (Rshunt = 5000 uOhm)
[    3.958626] ina2xx 2-004b: power monitor ina226 (Rshunt = 5000 uOhm)
[    3.965032] i2c i2c-0: Added multiplexed i2c bus 2
[    3.970417] random: fast init done
[    3.973889] ina2xx 3-0040: power monitor ina226 (Rshunt = 2000 uOhm)
[    3.980920] ina2xx 3-0041: power monitor ina226 (Rshunt = 5000 uOhm)
[    3.987951] ina2xx 3-0042: power monitor ina226 (Rshunt = 5000 uOhm)
[    3.994982] ina2xx 3-0043: power monitor ina226 (Rshunt = 5000 uOhm)
[    4.002014] ina2xx 3-0044: power monitor ina226 (Rshunt = 5000 uOhm)
[    4.009045] ina2xx 3-0045: power monitor ina226 (Rshunt = 5000 uOhm)
[    4.016075] ina2xx 3-0046: power monitor ina226 (Rshunt = 5000 uOhm)
[    4.023109] ina2xx 3-0047: power monitor ina226 (Rshunt = 5000 uOhm)
[    4.029508] i2c i2c-0: Added multiplexed i2c bus 3
[    4.085227] i2c i2c-0: Added multiplexed i2c bus 4
[    4.090177] i2c i2c-0: Added multiplexed i2c bus 5
[    4.094969] pca954x 0-0075: registered 4 multiplexed busses for I2C mux pca9544
[    4.102318] cdns-i2c ff020000.i2c: 400 kHz mmio ff020000 irq 32
[    4.110060] at24 6-0054: supply vcc not found, using dummy regulator
[    4.116950] at24 6-0054: 1024 byte 24c08 EEPROM, writable, 1 bytes/write
[    4.123695] i2c i2c-1: Added multiplexed i2c bus 6
[    4.130121] si5341 7-0036: Chip: 5341 Grade: 1 Rev: 1
[    4.167820] i2c i2c-1: Added multiplexed i2c bus 7
[    4.175475] si570 8-005d: registered, current frequency 300000000 Hz
[    4.181881] i2c i2c-1: Added multiplexed i2c bus 8
[    4.201667] si570 9-005d: registered, current frequency 148500000 Hz
[    4.208067] i2c i2c-1: Added multiplexed i2c bus 9
[    4.213106] si5324 10-0069: si5328 probed
[    4.280098] si5324 10-0069: si5328 probe successful
[    4.285026] i2c i2c-1: Added multiplexed i2c bus 10
[    4.290067] i2c i2c-1: Added multiplexed i2c bus 11
[    4.295097] i2c i2c-1: Added multiplexed i2c bus 12
[    4.300117] i2c i2c-1: Added multiplexed i2c bus 13
[    4.304990] pca954x 1-0074: registered 8 multiplexed busses for I2C switch pca9548
[    4.313102] at24 14-0050: supply vcc not found, using dummy regulator
[    4.319893] at24 14-0050: 256 byte 24c02 EEPROM, writable, 1 bytes/write
[    4.326643] i2c i2c-1: Added multiplexed i2c bus 14
[    4.331682] i2c i2c-1: Added multiplexed i2c bus 15
[    4.336716] i2c i2c-1: Added multiplexed i2c bus 16
[    4.341752] i2c i2c-1: Added multiplexed i2c bus 17
[    4.346786] i2c i2c-1: Added multiplexed i2c bus 18
[    4.351827] i2c i2c-1: Added multiplexed i2c bus 19
[    4.356865] i2c i2c-1: Added multiplexed i2c bus 20
[    4.361902] i2c i2c-1: Added multiplexed i2c bus 21
[    4.366782] pca954x 1-0075: registered 8 multiplexed busses for I2C switch pca9548
[    4.374391] cdns-i2c ff030000.i2c: 400 kHz mmio ff030000 irq 33
[    4.384145] cdns-wdt fd4d0000.watchdog: Xilinx Watchdog Timer with timeout 60s
[    4.394929] axi_adxcvr 84a60000.axi-adxcvr-rx: AXI-ADXCVR-RX (17.05.a) using CPLL on GTH4 at 0x84A60000. Number of lanes: 4.
[    4.407093] axi_adxcvr 84b60000.axi-adxcvr-tx: AXI-ADXCVR-TX (17.05.a) using QPLL on GTH4 at 0x84B60000. Number of lanes: 4.
[    4.418722] axi-jesd204-rx 84a90000.axi-jesd204-rx: AXI-JESD204-RX (1.07.a) at 0x84A90000. Encoder 8b10b, width 4/4, lanes 4, jesd204-fsm.
[    4.426221] mmc0: SDHCI controller on ff170000.mmc [ff170000.mmc] using ADMA 64-bit
[    4.431563] axi-jesd204-tx 84b90000.axi-jesd204-tx: AXI-JESD204-TX (1.06.a) at 0x84B90000. Encoder 8b10b, width 4/4, lanes 4, jesd204-fsm.
[    4.452293] zynqmp-display fd4a0000.display: vtc bridge property not present
[    4.461938] xilinx-dp-snd-codec fd4a0000.display:zynqmp_dp_snd_codec0: Failed to get required clock freq
[    4.471445] xilinx-dp-snd-codec: probe of fd4a0000.display:zynqmp_dp_snd_codec0 failed with error -22
[    4.473532] mmc0: new high speed SDHC card at address 0001
[    4.480983] xilinx-dp-snd-pcm zynqmp_dp_snd_pcm0: Xilinx DisplayPort Sound PCM probed
[    4.486498] mmcblk0: mmc0:0001 EB1QT 29.8 GiB 
[    4.494312] xilinx-dp-snd-pcm zynqmp_dp_snd_pcm1: Xilinx DisplayPort Sound PCM probed
[    4.499641]  mmcblk0: p1 p2 p3
[    4.506605] OF: graph: no port node found in /axi/display@fd4a0000
[    4.515677] xlnx-drm xlnx-drm.0: bound fd4a0000.display (ops 0xffffffc010fcbdb8)
[    5.599769] zynqmp-display fd4a0000.display: [drm] Cannot find any crtc or sizes
[    5.607384] [drm] Initialized xlnx 1.0.0 20130509 for fd4a0000.display on minor 0
[    5.614873] zynqmp-display fd4a0000.display: ZynqMP DisplayPort Subsystem driver probed
[    5.623198] ahci-ceva fd0c0000.ahci: supply ahci not found, using dummy regulator
[    5.630742] ahci-ceva fd0c0000.ahci: supply phy not found, using dummy regulator
[    5.638196] ahci-ceva fd0c0000.ahci: supply target not found, using dummy regulator
[    5.656089] ahci-ceva fd0c0000.ahci: AHCI 0001.0301 32 slots 2 ports 6 Gbps 0x3 impl platform mode
[    5.665044] ahci-ceva fd0c0000.ahci: flags: 64bit ncq sntf pm clo only pmp fbs pio slum part ccc sds apst 
[    5.675668] scsi host0: ahci-ceva
[    5.679250] scsi host1: ahci-ceva
[    5.682682] ata1: SATA max UDMA/133 mmio [mem 0xfd0c0000-0xfd0c1fff] port 0x100 irq 45
[    5.690592] ata2: SATA max UDMA/133 mmio [mem 0xfd0c0000-0xfd0c1fff] port 0x180 irq 45
[    5.699197] ad9081 spi1.0: supply vdd not found, using dummy regulator
[    6.009967] ata2: SATA link down (SStatus 0 SControl 330)
[    6.015380] ata1: SATA link down (SStatus 0 SControl 330)
[    6.683769] zynqmp-display fd4a0000.display: [drm] Cannot find any crtc or sizes
[    7.519937] ad9081 spi1.0: AD9081 Rev. 2 Grade 10 (API 1.2.2) probed
[    7.527119] xhci-hcd xhci-hcd.1.auto: xHCI Host Controller
[    7.532617] xhci-hcd xhci-hcd.1.auto: new USB bus registered, assigned bus number 1
[    7.540362] xhci-hcd xhci-hcd.1.auto: hcc params 0x0238f625 hci version 0x100 quirks 0x0000000002010810
[    7.549782] xhci-hcd xhci-hcd.1.auto: irq 59, io mem 0xfe200000
[    7.555899] usb usb1: New USB device found, idVendor=1d6b, idProduct=0002, bcdDevice= 5.10
[    7.564165] usb usb1: New USB device strings: Mfr=3, Product=2, SerialNumber=1
[    7.571382] usb usb1: Product: xHCI Host Controller
[    7.576250] usb usb1: Manufacturer: Linux 5.10.0-98103-g2aa7ac113716 xhci-hcd
[    7.583375] usb usb1: SerialNumber: xhci-hcd.1.auto
[    7.588540] hub 1-0:1.0: USB hub found
[    7.592307] hub 1-0:1.0: 1 port detected
[    7.596409] xhci-hcd xhci-hcd.1.auto: xHCI Host Controller
[    7.601897] xhci-hcd xhci-hcd.1.auto: new USB bus registered, assigned bus number 2
[    7.609551] xhci-hcd xhci-hcd.1.auto: Host supports USB 3.0 SuperSpeed
[    7.616172] usb usb2: New USB device found, idVendor=1d6b, idProduct=0003, bcdDevice= 5.10
[    7.624428] usb usb2: New USB device strings: Mfr=3, Product=2, SerialNumber=1
[    7.631646] usb usb2: Product: xHCI Host Controller
[    7.636516] usb usb2: Manufacturer: Linux 5.10.0-98103-g2aa7ac113716 xhci-hcd
[    7.643642] usb usb2: SerialNumber: xhci-hcd.1.auto
[    7.648751] hub 2-0:1.0: USB hub found
[    7.652515] hub 2-0:1.0: 1 port detected
[    7.682586] cf_axi_adc 84a10000.axi-ad9081-rx-hpc: ADI AIM (10.01.b) at 0x84A10000 mapped to 0x(____ptrval____), probed ADC AD9081 as MASTER
[    7.712602] cf_axi_dds 84b10000.axi-ad9081-tx-hpc: Analog Devices CF_AXI_DDS_DDS MASTER (9.01.b) at 0x84B10000 mapped to 0x(____ptrval____), probed DDS AD9081
[    7.726803] jesd204: /axi/spi@ff040000/ad9081@0,jesd204:0,parent=spi1.0: JESD204[2] transition initialized -> probed
[    7.737324] jesd204: /axi/spi@ff040000/ad9081@0,jesd204:0,parent=spi1.0: JESD204[0] transition initialized -> probed
[    7.747848] jesd204: /axi/spi@ff040000/ad9081@0,jesd204:0,parent=spi1.0: JESD204[2] transition probed -> idle
[    7.757754] jesd204: /axi/spi@ff040000/ad9081@0,jesd204:0,parent=spi1.0: JESD204[0] transition probed -> idle
[    7.767672] jesd204: /axi/spi@ff040000/ad9081@0,jesd204:0,parent=spi1.0: JESD204[2] transition idle -> device_init
[    7.778013] jesd204: /axi/spi@ff040000/ad9081@0,jesd204:0,parent=spi1.0: JESD204[0] transition idle -> device_init
[    7.788367] jesd204: /axi/spi@ff040000/ad9081@0,jesd204:0,parent=spi1.0: JESD204[2] transition device_init -> link_init
[    7.799151] jesd204: /axi/spi@ff040000/ad9081@0,jesd204:0,parent=spi1.0: JESD204[0] transition device_init -> link_init
[    7.809942] jesd204: /axi/spi@ff040000/ad9081@0,jesd204:0,parent=spi1.0: JESD204[2] transition link_init -> link_supported
[    7.820980] jesd204: /axi/spi@ff040000/ad9081@0,jesd204:0,parent=spi1.0: JESD204[0] transition link_init -> link_supported
[    7.832383] hmc7044 spi2.0: hmc7044_jesd204_link_pre_setup: Link2 forcing continuous SYSREF mode
[    7.841328] axi-jesd204-rx 84a90000.axi-jesd204-rx: axi_jesd204_rx_jesd204_link_pre_setup: Link2 set lane rate 15640000 kHz failed (-22)
[    7.853584] jesd204: /fpga-axi@0/axi-jesd204-rx@84a90000,jesd204:4,parent=84a90000.axi-jesd204-rx: JESD204[2] In link_pre_setup got error from cb: -22
[    7.867054] jesd204: /axi/spi@ff040000/ad9081@0,jesd204:0,parent=spi1.0: Rolling back from 'link_supported', got error -22
[    7.878098] jesd204: /axi/spi@ff040000/ad9081@0,jesd204:0,parent=spi1.0: JESD204[0] transition link_supported -> link_pre_setup
[    7.889569] jesd204: /axi/spi@ff040000/ad9081@0,jesd204:0,parent=spi1.0: JESD204[2] transition link_supported -> link_pre_setup
[    7.901047] jesd204: /axi/spi@ff040000/ad9081@0,jesd204:0,parent=spi1.0: JESD204[0] transition link_pre_setup -> link_supported
[    7.912524] jesd204: /axi/spi@ff040000/ad9081@0,jesd204:0,parent=spi1.0: JESD204[2] transition link_pre_setup -> link_supported
[    7.923997] jesd204: /axi/spi@ff040000/ad9081@0,jesd204:0,parent=spi1.0: JESD204[0] transition link_supported -> link_init
[    7.935034] jesd204: /axi/spi@ff040000/ad9081@0,jesd204:0,parent=spi1.0: JESD204[2] transition link_supported -> link_init
[    7.946081] jesd204: /axi/spi@ff040000/ad9081@0,jesd204:0,parent=spi1.0: JESD204[0] transition link_init -> device_init
[    7.956861] jesd204: /axi/spi@ff040000/ad9081@0,jesd204:0,parent=spi1.0: JESD204[2] transition link_init -> device_init
[    7.967640] jesd204: /axi/spi@ff040000/ad9081@0,jesd204:0,parent=spi1.0: JESD204[0] transition device_init -> idle
[    7.977983] jesd204: /axi/spi@ff040000/ad9081@0,jesd204:0,parent=spi1.0: JESD204[2] transition device_init -> idle
[    7.988334] jesd204: /axi/spi@ff040000/ad9081@0,jesd204:0,parent=spi1.0: JESD204[2] transition idle -> idle
[    7.998068] jesd204: /axi/spi@ff040000/ad9081@0,jesd204:0,parent=spi1.0: JESD204[0] transition idle -> idle
[    8.007811] jesd204: /axi/spi@ff040000/ad9081@0,jesd204:0,parent=spi1.0: JESD204[2] transition idle -> device_init
[    8.018154] jesd204: /axi/spi@ff040000/ad9081@0,jesd204:0,parent=spi1.0: JESD204[0] transition idle -> device_init
[    8.028506] jesd204: /axi/spi@ff040000/ad9081@0,jesd204:0,parent=spi1.0: JESD204[2] transition device_init -> link_init
[    8.039282] jesd204: /axi/spi@ff040000/ad9081@0,jesd204:0,parent=spi1.0: JESD204[0] transition device_init -> link_init
[    8.050070] jesd204: /axi/spi@ff040000/ad9081@0,jesd204:0,parent=spi1.0: JESD204[2] transition link_init -> link_supported
[    8.061112] jesd204: /axi/spi@ff040000/ad9081@0,jesd204:0,parent=spi1.0: JESD204[0] transition link_init -> link_supported
[    8.072334] axi-jesd204-rx 84a90000.axi-jesd204-rx: axi_jesd204_rx_jesd204_link_pre_setup: Link2 set lane rate 15640000 kHz failed (-22)
[    8.084594] jesd204: /fpga-axi@0/axi-jesd204-rx@84a90000,jesd204:4,parent=84a90000.axi-jesd204-rx: JESD204[2] In link_pre_setup got error from cb: -22
[    8.098063] jesd204: /axi/spi@ff040000/ad9081@0,jesd204:0,parent=spi1.0: Rolling back from 'link_supported', got error -22
[    8.109107] jesd204: /axi/spi@ff040000/ad9081@0,jesd204:0,parent=spi1.0: JESD204[0] transition link_supported -> link_pre_setup
[    8.120578] jesd204: /axi/spi@ff040000/ad9081@0,jesd204:0,parent=spi1.0: JESD204[2] transition link_supported -> link_pre_setup
[    8.132056] jesd204: /axi/spi@ff040000/ad9081@0,jesd204:0,parent=spi1.0: JESD204[0] transition link_pre_setup -> link_supported
[    8.143528] jesd204: /axi/spi@ff040000/ad9081@0,jesd204:0,parent=spi1.0: JESD204[2] transition link_pre_setup -> link_supported
[    8.155008] jesd204: /axi/spi@ff040000/ad9081@0,jesd204:0,parent=spi1.0: JESD204[0] transition link_supported -> link_init
[    8.166044] jesd204: /axi/spi@ff040000/ad9081@0,jesd204:0,parent=spi1.0: JESD204[2] transition link_supported -> link_init
[    8.177091] jesd204: /axi/spi@ff040000/ad9081@0,jesd204:0,parent=spi1.0: JESD204[0] transition link_init -> device_init
[    8.187867] jesd204: /axi/spi@ff040000/ad9081@0,jesd204:0,parent=spi1.0: JESD204[2] transition link_init -> device_init
[    8.198649] jesd204: /axi/spi@ff040000/ad9081@0,jesd204:0,parent=spi1.0: JESD204[0] transition device_init -> idle
[    8.208997] jesd204: /axi/spi@ff040000/ad9081@0,jesd204:0,parent=spi1.0: JESD204[2] transition device_init -> idle
[    8.219344] jesd204: /axi/spi@ff040000/ad9081@0,jesd204:0,parent=spi1.0: JESD204[2] transition idle -> idle
[    8.229079] jesd204: /axi/spi@ff040000/ad9081@0,jesd204:0,parent=spi1.0: JESD204[0] transition idle -> idle
[    8.238820] jesd204: /axi/spi@ff040000/ad9081@0,jesd204:0,parent=spi1.0: JESD204[2] transition idle -> device_init
[    8.249164] jesd204: /axi/spi@ff040000/ad9081@0,jesd204:0,parent=spi1.0: JESD204[0] transition idle -> device_init
[    8.259514] jesd204: /axi/spi@ff040000/ad9081@0,jesd204:0,parent=spi1.0: JESD204[2] transition device_init -> link_init
[    8.270291] jesd204: /axi/spi@ff040000/ad9081@0,jesd204:0,parent=spi1.0: JESD204[0] transition device_init -> link_init
[    8.281079] jesd204: /axi/spi@ff040000/ad9081@0,jesd204:0,parent=spi1.0: JESD204[2] transition link_init -> link_supported
[    8.292121] jesd204: /axi/spi@ff040000/ad9081@0,jesd204:0,parent=spi1.0: JESD204[0] transition link_init -> link_supported
[    8.303308] axi-jesd204-rx 84a90000.axi-jesd204-rx: axi_jesd204_rx_jesd204_link_pre_setup: Link2 set lane rate 15640000 kHz failed (-22)
[    8.315568] jesd204: /fpga-axi@0/axi-jesd204-rx@84a90000,jesd204:4,parent=84a90000.axi-jesd204-rx: JESD204[2] In link_pre_setup got error from cb: -22
[    8.329038] jesd204: /axi/spi@ff040000/ad9081@0,jesd204:0,parent=spi1.0: Rolling back from 'link_supported', got error -22
[    8.340082] jesd204: /axi/spi@ff040000/ad9081@0,jesd204:0,parent=spi1.0: JESD204[0] transition link_supported -> link_pre_setup
[    8.351553] jesd204: /axi/spi@ff040000/ad9081@0,jesd204:0,parent=spi1.0: JESD204[2] transition link_supported -> link_pre_setup
[    8.363031] jesd204: /axi/spi@ff040000/ad9081@0,jesd204:0,parent=spi1.0: JESD204[0] transition link_pre_setup -> link_supported
[    8.374505] jesd204: /axi/spi@ff040000/ad9081@0,jesd204:0,parent=spi1.0: JESD204[2] transition link_pre_setup -> link_supported
[    8.385981] jesd204: /axi/spi@ff040000/ad9081@0,jesd204:0,parent=spi1.0: JESD204[0] transition link_supported -> link_init
[    8.397018] jesd204: /axi/spi@ff040000/ad9081@0,jesd204:0,parent=spi1.0: JESD204[2] transition link_supported -> link_init
[    8.408065] jesd204: /axi/spi@ff040000/ad9081@0,jesd204:0,parent=spi1.0: JESD204[0] transition link_init -> device_init
[    8.418842] jesd204: /axi/spi@ff040000/ad9081@0,jesd204:0,parent=spi1.0: JESD204[2] transition link_init -> device_init
[    8.429623] jesd204: /axi/spi@ff040000/ad9081@0,jesd204:0,parent=spi1.0: JESD204[0] transition device_init -> idle
[    8.439968] jesd204: /axi/spi@ff040000/ad9081@0,jesd204:0,parent=spi1.0: JESD204[2] transition device_init -> idle
[    8.450321] jesd204: /axi/spi@ff040000/ad9081@0,jesd204:0,parent=spi1.0: JESD204[2] transition idle -> idle
[    8.460057] jesd204: /axi/spi@ff040000/ad9081@0,jesd204:0,parent=spi1.0: JESD204[0] transition idle -> idle
[    8.469796] jesd204: /axi/spi@ff040000/ad9081@0,jesd204:0,parent=spi1.0: JESD204[2] transition idle -> device_init
[    8.480139] jesd204: /axi/spi@ff040000/ad9081@0,jesd204:0,parent=spi1.0: JESD204[0] transition idle -> device_init
[    8.490489] jesd204: /axi/spi@ff040000/ad9081@0,jesd204:0,parent=spi1.0: JESD204[2] transition device_init -> link_init
[    8.501266] jesd204: /axi/spi@ff040000/ad9081@0,jesd204:0,parent=spi1.0: JESD204[0] transition device_init -> link_init
[    8.512054] jesd204: /axi/spi@ff040000/ad9081@0,jesd204:0,parent=spi1.0: JESD204[2] transition link_init -> link_supported
[    8.523096] jesd204: /axi/spi@ff040000/ad9081@0,jesd204:0,parent=spi1.0: JESD204[0] transition link_init -> link_supported
[    8.534284] axi-jesd204-rx 84a90000.axi-jesd204-rx: axi_jesd204_rx_jesd204_link_pre_setup: Link2 set lane rate 15640000 kHz failed (-22)
[    8.546543] jesd204: /fpga-axi@0/axi-jesd204-rx@84a90000,jesd204:4,parent=84a90000.axi-jesd204-rx: JESD204[2] In link_pre_setup got error from cb: -22
[    8.560012] jesd204: /axi/spi@ff040000/ad9081@0,jesd204:0,parent=spi1.0: Rolling back from 'link_supported', got error -22
[    8.571057] jesd204: /axi/spi@ff040000/ad9081@0,jesd204:0,parent=spi1.0: JESD204[0] transition link_supported -> link_pre_setup
[    8.582528] jesd204: /axi/spi@ff040000/ad9081@0,jesd204:0,parent=spi1.0: JESD204[2] transition link_supported -> link_pre_setup
[    8.594006] jesd204: /axi/spi@ff040000/ad9081@0,jesd204:0,parent=spi1.0: JESD204[0] transition link_pre_setup -> link_supported
[    8.605477] jesd204: /axi/spi@ff040000/ad9081@0,jesd204:0,parent=spi1.0: JESD204[2] transition link_pre_setup -> link_supported
[    8.616955] jesd204: /axi/spi@ff040000/ad9081@0,jesd204:0,parent=spi1.0: JESD204[0] transition link_supported -> link_init
[    8.627994] jesd204: /axi/spi@ff040000/ad9081@0,jesd204:0,parent=spi1.0: JESD204[2] transition link_supported -> link_init
[    8.639040] jesd204: /axi/spi@ff040000/ad9081@0,jesd204:0,parent=spi1.0: JESD204[0] transition link_init -> device_init
[    8.649816] jesd204: /axi/spi@ff040000/ad9081@0,jesd204:0,parent=spi1.0: JESD204[2] transition link_init -> device_init
[    8.660598] jesd204: /axi/spi@ff040000/ad9081@0,jesd204:0,parent=spi1.0: JESD204[0] transition device_init -> idle
[    8.670942] jesd204: /axi/spi@ff040000/ad9081@0,jesd204:0,parent=spi1.0: JESD204[2] transition device_init -> idle
[    8.681288] jesd204: /axi/spi@ff040000/ad9081@0,jesd204:0,parent=spi1.0: FSM completed with error -22
[    8.699715] input: gpio-keys as /devices/platform/gpio-keys/input/input0
[    8.706735] of_cfs_init
[    8.709200] of_cfs_init: OK
[    8.712134] cfg80211: Loading compiled-in X.509 certificates for regulatory database
[    8.850235] cfg80211: Loaded X.509 cert 'sforshee: 00b28ddf47aef9cea7'
[    8.856770] clk: Not disabling unused clocks
[    8.861310] ALSA device list:
[    8.864267]   No soundcards found.
[    8.867953] platform regulatory.0: Direct firmware load for regulatory.db failed with error -2
[    8.876576] cfg80211: failed to load regulatory.db
[    8.891245] EXT4-fs (mmcblk0p2): mounted filesystem with ordered data mode. Opts: (null)
[    8.899361] VFS: Mounted root (ext4 filesystem) on device 179:2.
[    8.912749] devtmpfs: mounted
[    8.916562] Freeing unused kernel memory: 2560K
[    8.939799] Run /sbin/init as init process
[    8.943894]   with arguments:
[    8.943897]     /sbin/init
[    8.943899]   with environment:
[    8.943901]     HOME=/
[    8.943904]     TERM=linux
[    9.509279] systemd[1]: systemd 241 running in system mode. (+PAM +AUDIT +SELINUX +IMA +APPARMOR +SMACK +SYSVINIT +UTMP +LIBCRYPTSETUP +GCRYPT +GNUTLS +ACL +XZ +LZ4 +SECCOMP +BLKID +ELFUTILS +KMOD -IDN2 +IDN -PCRE2 default-hierarchy=hybrid)
[    9.531144] systemd[1]: Detected architecture arm64.
[    9.552455] systemd[1]: Set hostname to <analog>.
[    9.738529] systemd[1]: File /lib/systemd/system/systemd-journald.service:12 configures an IP firewall (IPAddressDeny=any), but the local system does not support BPF/cgroup based firewalling.
[    9.755588] systemd[1]: Proceeding WITHOUT firewalling in effect! (This warning is only shown for the first loaded unit using IP firewalling.)
[    9.918526] systemd[1]: /etc/systemd/system/tof-server.service:1: Assignment outside of section. Ignoring.
[    9.928248] systemd[1]: /etc/systemd/system/tof-server.service:2: Assignment outside of section. Ignoring.
[   10.110762] random: systemd: uninitialized urandom read (16 bytes read)
[   10.125526] random: systemd: uninitialized urandom read (16 bytes read)
[   10.132450] systemd[1]: Started Forward Password Requests to Wall Directory Watch.
[   10.155825] random: systemd: uninitialized urandom read (16 bytes read)
[   10.162798] systemd[1]: Listening on Journal Socket (/dev/log).
[   10.184245] systemd[1]: Created slice User and Session Slice.
[   10.743491] ------------[ cut here ]------------
[   10.743500] Enabling unprepared \xa0IG\x88\xff\xff\xff\xc0F\x88\xff\xff\xff
[   10.743546] WARNING: CPU: 2 PID: 112 at drivers/clk/clk.c:1012 clk_core_enable+0xa4/0xc0
[   10.743549] Modules linked in:
[   10.743559] CPU: 2 PID: 112 Comm: kworker/2:1H Not tainted 5.10.0-98103-g2aa7ac113716 #5577
[   10.743562] Hardware name: ZynqMP ZCU102 Rev1.0 (DT)
[   10.743572] Workqueue: kblockd blk_mq_run_work_fn
[   10.743579] pstate: 80000085 (Nzcv daIf -PAN -UAO -TCO BTYPE=--)
[   10.743584] pc : clk_core_enable+0xa4/0xc0
[   10.743590] lr : clk_core_enable+0xa4/0xc0
[   10.743593] sp : ffffffc0125eb2d0
[   10.743596] x29: ffffffc0125eb2d0 x28: ffffff8800330c10 
[   10.743603] x27: ffffff8800330d48 x26: 0000005000000101 
[   10.743609] x25: 000000027a6ab518 x24: 0000000000000001 
[   10.743616] x23: ffffff8801106a80 x22: ffffff8801083220 
[   10.743622] x21: ffffff880146c000 x20: ffffff880146c008 
[   10.743629] x19: ffffff880146c008 x18: 0000000000000030 
[   10.743635] x17: 0000000000000003 x16: 0000abd0d7165624 
[   10.743642] x15: ffffffffffff9c70 x14: ffffffc011d3b1a0 
[   10.743648] x13: ffffffc011d3b1c8 x12: 0000000000000672 
[   10.743655] x11: 0000000000000226 x10: ffffffc011d671c8 
[   10.743661] x9 : 00000000fffff800 x8 : ffffffc011d3b1c8 
[   10.743668] x7 : ffffffc011d671c8 x6 : 0000000000000001 
[   10.743674] x5 : ffffff887f7929e0 x4 : 0000000000000000 
[   10.743680] x3 : 0000000000000027 x2 : 0000000000000023 
[   10.743687] x1 : c1185cfd4dafa200 x0 : 0000000000000000 
[   10.743694] Call trace:
[   10.743700]  clk_core_enable+0xa4/0xc0
[   10.743705]  clk_enable+0x2c/0x60
[   10.743711]  zynqmp_runtime_resume+0x24/0x84
[   10.743718]  pm_generic_runtime_resume+0x30/0x50
[   10.743724]  __genpd_runtime_resume+0x30/0xb0
[   10.743730]  genpd_runtime_resume+0x90/0x250
[   10.743736]  __rpm_callback+0x10c/0x1e0
[   10.743741]  rpm_callback+0x5c/0x84
[   10.743746]  rpm_resume+0x4a4/0x74c
[   10.743751]  __pm_runtime_resume+0x78/0xc4
[   10.743756]  spi_mem_access_start.isra.0+0x30/0x80
[   10.743760]  spi_mem_exec_op+0x3b0/0x424
[   10.743766]  spi_nor_read_sr+0x78/0xe0
[   10.743771]  spi_nor_wait_till_ready_with_timeout+0xb4/0x2f0
[   10.743775]  spi_nor_read+0x188/0x380
[   10.743781]  mtd_read_oob_std+0x78/0x84
[   10.743785]  mtd_read_oob+0x7c/0x134
[   10.743790]  mtd_read+0x48/0x7c
[   10.743796]  mtdblock_readsect+0x6c/0x150
[   10.743801]  mtd_queue_rq+0x2cc/0x5a0
[   10.743807]  blk_mq_dispatch_rq_list+0x110/0x790
[   10.743813]  __blk_mq_do_dispatch_sched+0x200/0x274
[   10.743819]  __blk_mq_sched_dispatch_requests+0x1a8/0x1fc
[   10.743825]  blk_mq_sched_dispatch_requests+0x3c/0x7c
[   10.743830]  __blk_mq_run_hw_queue+0x98/0x100
[   10.743835]  blk_mq_run_work_fn+0x24/0x30
[   10.743840]  process_one_work+0x1d4/0x380
[   10.743845]  worker_thread+0x78/0x4e0
[   10.743850]  kthread+0x124/0x130
[   10.743856]  ret_from_fork+0x10/0x3c
[   10.743859] ---[ end trace f07f6a6f7275d771 ]---
[   10.743892] zynqmp-qspi ff0f0000.spi: Cannot enable APB clock.
[   10.743945] spi_master spi0: Failed to power device: -108
[   10.743956] blk_update_request: I/O error, dev mtdblock0, sector 8 op 0x0:(READ) flags 0x80700 phys_seg 1 prio class 0
[   10.744026] spi_master spi0: Failed to power device: -22
[   10.744033] blk_update_request: I/O error, dev mtdblock0, sector 8 op 0x0:(READ) flags 0x0 phys_seg 8 prio class 0
[   10.744039] Buffer I/O error on dev mtdblock0, logical block 8, async page read
[   10.744048] spi_master spi0: Failed to power device: -22
[   10.744054] blk_update_request: I/O error, dev mtdblock0, sector 9 op 0x0:(READ) flags 0x0 phys_seg 7 prio class 0
[   10.744058] Buffer I/O error on dev mtdblock0, logical block 9, async page read
[   10.744065] spi_master spi0: Failed to power device: -22
[   10.744071] blk_update_request: I/O error, dev mtdblock0, sector 10 op 0x0:(READ) flags 0x0 phys_seg 6 prio class 0
[   10.744075] Buffer I/O error on dev mtdblock0, logical block 10, async page read
[   10.744082] spi_master spi0: Failed to power device: -22
[   10.744087] blk_update_request: I/O error, dev mtdblock0, sector 11 op 0x0:(READ) flags 0x0 phys_seg 5 prio class 0
[   10.744091] Buffer I/O error on dev mtdblock0, logical block 11, async page read
[   10.744098] spi_master spi0: Failed to power device: -22
[   10.744104] blk_update_request: I/O error, dev mtdblock0, sector 12 op 0x0:(READ) flags 0x0 phys_seg 4 prio class 0
[   10.744108] Buffer I/O error on dev mtdblock0, logical block 12, async page read
[   10.744114] spi_master spi0: Failed to power device: -22
[   10.744120] blk_update_request: I/O error, dev mtdblock0, sector 13 op 0x0:(READ) flags 0x0 phys_seg 3 prio class 0
[   10.744124] Buffer I/O error on dev mtdblock0, logical block 13, async page read
[   10.744131] spi_master spi0: Failed to power device: -22
[   10.744137] blk_update_request: I/O error, dev mtdblock0, sector 14 op 0x0:(READ) flags 0x0 phys_seg 2 prio class 0
[   10.744141] Buffer I/O error on dev mtdblock0, logical block 14, async page read
[   10.744147] spi_master spi0: Failed to power device: -22
[   10.744153] blk_update_request: I/O error, dev mtdblock0, sector 15 op 0x0:(READ) flags 0x0 phys_seg 1 prio class 0
[   10.744157] Buffer I/O error on dev mtdblock0, logical block 15, async page read
[   10.744497] spi_master spi0: Failed to power device: -22
[   10.744504] blk_update_request: I/O error, dev mtdblock1, sector 10112 op 0x0:(READ) flags 0x80700 phys_seg 1 prio class 0
[   10.744550] spi_master spi0: Failed to power device: -22
[   10.744556] Buffer I/O error on dev mtdblock1, logical block 10112, async page read
[   10.744564] spi_master spi0: Failed to power device: -22
[   10.744569] Buffer I/O error on dev mtdblock1, logical block 10113, async page read
[   10.744576] spi_master spi0: Failed to power device: -22
[   10.744583] spi_master spi0: Failed to power device: -22
[   10.744591] spi_master spi0: Failed to power device: -22
[   10.744598] spi_master spi0: Failed to power device: -22
[   10.744605] spi_master spi0: Failed to power device: -22
[   10.744612] spi_master spi0: Failed to power device: -22
[   10.744887] spi_master spi0: Failed to power device: -22
[   10.744932] spi_master spi0: Failed to power device: -22
[   10.744941] spi_master spi0: Failed to power device: -22
[   10.744950] spi_master spi0: Failed to power device: -22
[   10.744958] spi_master spi0: Failed to power device: -22
[   10.744965] spi_master spi0: Failed to power device: -22
[   10.744973] spi_master spi0: Failed to power device: -22
[   10.744980] spi_master spi0: Failed to power device: -22
[   10.744987] spi_master spi0: Failed to power device: -22
[   10.745264] spi_master spi0: Failed to power device: -22
[   10.745308] spi_master spi0: Failed to power device: -22
[   10.745317] spi_master spi0: Failed to power device: -22
[   10.745325] spi_master spi0: Failed to power device: -22
[   10.745333] spi_master spi0: Failed to power device: -22
[   10.745340] spi_master spi0: Failed to power device: -22
[   10.745347] spi_master spi0: Failed to power device: -22
[   10.745355] spi_master spi0: Failed to power device: -22
[   10.745362] spi_master spi0: Failed to power device: -22
[   10.869051] EXT4-fs (mmcblk0p2): re-mounted. Opts: (null)
[   10.967727] systemd-journald[156]: Received request to flush runtime journal from PID 1
[   16.784513] macb ff0e0000.ethernet eth0: PHY [ff0e0000.ethernet-ffffffff:0c] driver [TI DP83867] (irq=POLL)
[   16.784526] macb ff0e0000.ethernet eth0: configuring for phy/rgmii-id link mode
[   17.135798] Adding 68604k swap on /var/swap.  Priority:-2 extents:2 across:3253180k SS
[   18.843775] random: crng init done
[   18.843787] random: 7 urandom warning(s) missed due to ratelimiting
[   19.666329] broken atomic modeset userspace detected, disabling atomic
[   20.865366] macb ff0e0000.ethernet eth0: Link is Up - 1Gbps/Full - flow control off
[   20.865392] IPv6: ADDRCONF(NETDEV_CHANGE): eth0: link becomes ready
[   22.332198] broken atomic modeset userspace detected, disabling atomic
[   25.255714] broken atomic modeset userspace detected, disabling atomic
[   27.885297] broken atomic modeset userspace detected, disabling atomic