[    0.000000] Booting Linux on physical CPU 0x0000000000 [0x410fd034]
[    0.000000] Linux version 5.10.0-98103-g2aa7ac113716 (jenkins@romlxbuild1.adlk.analog.com) (aarch64-xilinx-linux-gcc.real (GCC) 10.2.0, GNU ld (GNU Binutils) 2.35.0.20200730) #5577 SMP Wed Mar 23 07:28:49 GMT 2022
[    0.000000] Machine model: ZynqMP ZCU102 Rev1.0
[    0.000000] earlycon: cdns0 at MMIO 0x00000000ff000000 (options '115200n8')
[    0.000000] printk: bootconsole [cdns0] enabled
[    0.000000] efi: UEFI not found.
[    0.000000] cma: Reserved 256 MiB at 0x0000000070000000
[    0.000000] Zone ranges:
[    0.000000]   DMA      [mem 0x0000000000000000-0x000000003fffffff]
[    0.000000]   DMA32    [mem 0x0000000040000000-0x00000000ffffffff]
[    0.000000]   Normal   [mem 0x0000000100000000-0x000000087fffffff]
[    0.000000] Movable zone start for each node
[    0.000000] Early memory node ranges
[    0.000000]   node   0: [mem 0x0000000000000000-0x000000007fffffff]
[    0.000000]   node   0: [mem 0x0000000800000000-0x000000087fffffff]
[    0.000000] Initmem setup node 0 [mem 0x0000000000000000-0x000000087fffffff]
[    0.000000] On node 0 totalpages: 1048576
[    0.000000]   DMA zone: 3584 pages used for memmap
[    0.000000]   DMA zone: 0 pages reserved
[    0.000000]   DMA zone: 262144 pages, LIFO batch:63
[    0.000000]   DMA32 zone: 3584 pages used for memmap
[    0.000000]   DMA32 zone: 262144 pages, LIFO batch:63
[    0.000000]   Normal zone: 7168 pages used for memmap
[    0.000000]   Normal zone: 524288 pages, LIFO batch:63
[    0.000000] psci: probing for conduit method from DT.
[    0.000000] psci: PSCIv1.1 detected in firmware.
[    0.000000] psci: Using standard PSCI v0.2 function IDs
[    0.000000] psci: MIGRATE_INFO_TYPE not supported.
[    0.000000] psci: SMC Calling Convention v1.2
[    0.000000] percpu: Embedded 22 pages/cpu s49496 r8192 d32424 u90112
[    0.000000] pcpu-alloc: s49496 r8192 d32424 u90112 alloc=22*4096
[    0.000000] pcpu-alloc: [0] 0 [0] 1 [0] 2 [0] 3 
[    0.000000] Detected VIPT I-cache on CPU0
[    0.000000] CPU features: detected: ARM erratum 845719
[    0.000000] Built 1 zonelists, mobility grouping on.  Total pages: 1034240
[    0.000000] Kernel command line: console=ttyPS0,115200 root=/dev/mmcblk0p2 rw earlycon rootfstype=ext4 rootwait clk_ignore_unused cpuidle.off=1 root=/dev/mmcblk0p2 rw rootwait
[    0.000000] Dentry cache hash table entries: 524288 (order: 10, 4194304 bytes, linear)
[    0.000000] Inode-cache hash table entries: 262144 (order: 9, 2097152 bytes, linear)
[    0.000000] mem auto-init: stack:off, heap alloc:off, heap free:off
[    0.000000] software IO TLB: mapped [mem 0x000000003bfff000-0x000000003ffff000] (64MB)
[    0.000000] Memory: 3761904K/4194304K available (15296K kernel code, 1636K rwdata, 11876K rodata, 2560K init, 507K bss, 170256K reserved, 262144K cma-reserved)
[    0.000000] rcu: Hierarchical RCU implementation.
[    0.000000] rcu: 	RCU event tracing is enabled.
[    0.000000] rcu: 	RCU restricting CPUs from NR_CPUS=8 to nr_cpu_ids=4.
[    0.000000] rcu: RCU calculated value of scheduler-enlistment delay is 25 jiffies.
[    0.000000] rcu: Adjusting geometry for rcu_fanout_leaf=16, nr_cpu_ids=4
[    0.000000] NR_IRQS: 64, nr_irqs: 64, preallocated irqs: 0
[    0.000000] GIC: Adjusting CPU interface base to 0x00000000f902f000
[    0.000000] GIC: Using split EOI/Deactivate mode
[    0.000000] random: get_random_bytes called from start_kernel+0x31c/0x54c with crng_init=0
[    0.000000] arch_timer: cp15 timer(s) running at 100.00MHz (phys).
[    0.000000] clocksource: arch_sys_counter: mask: 0xffffffffffffff max_cycles: 0x171024e7e0, max_idle_ns: 440795205315 ns
[    0.000004] sched_clock: 56 bits at 100MHz, resolution 10ns, wraps every 4398046511100ns
[    0.008460] Console: colour dummy device 80x25
[    0.012483] Calibrating delay loop (skipped), value calculated using timer frequency.. 200.00 BogoMIPS (lpj=400000)
[    0.022840] pid_max: default: 32768 minimum: 301
[    0.027550] Mount-cache hash table entries: 8192 (order: 4, 65536 bytes, linear)
[    0.034789] Mountpoint-cache hash table entries: 8192 (order: 4, 65536 bytes, linear)
[    0.043397] rcu: Hierarchical SRCU implementation.
[    0.047561] EFI services will not be available.
[    0.051939] smp: Bringing up secondary CPUs ...
[    0.056654] Detected VIPT I-cache on CPU1
[    0.056694] CPU1: Booted secondary processor 0x0000000001 [0x410fd034]
[    0.057059] Detected VIPT I-cache on CPU2
[    0.057083] CPU2: Booted secondary processor 0x0000000002 [0x410fd034]
[    0.057423] Detected VIPT I-cache on CPU3
[    0.057446] CPU3: Booted secondary processor 0x0000000003 [0x410fd034]
[    0.057492] smp: Brought up 1 node, 4 CPUs
[    0.091780] SMP: Total of 4 processors activated.
[    0.096452] CPU features: detected: 32-bit EL0 Support
[    0.101556] CPU features: detected: CRC32 instructions
[    0.106695] CPU: All CPU(s) started at EL2
[    0.110736] alternatives: patching kernel code
[    0.116170] devtmpfs: initialized
[    0.124064] Registered cp15_barrier emulation handler
[    0.124114] Registered setend emulation handler
[    0.128091] clocksource: jiffies: mask: 0xffffffff max_cycles: 0xffffffff, max_idle_ns: 7645041785100000 ns
[    0.137671] futex hash table entries: 1024 (order: 4, 65536 bytes, linear)
[    0.151033] pinctrl core: initialized pinctrl subsystem
[    0.151686] NET: Registered protocol family 16
[    0.156101] DMA: preallocated 512 KiB GFP_KERNEL pool for atomic allocations
[    0.162117] DMA: preallocated 512 KiB GFP_KERNEL|GFP_DMA pool for atomic allocations
[    0.169842] DMA: preallocated 512 KiB GFP_KERNEL|GFP_DMA32 pool for atomic allocations
[    0.177644] audit: initializing netlink subsys (disabled)
[    0.183096] audit: type=2000 audit(0.116:1): state=initialized audit_enabled=0 res=1
[    0.183441] hw-breakpoint: found 6 breakpoint and 4 watchpoint registers.
[    0.197472] ASID allocator initialised with 65536 entries
[    0.224373] HugeTLB registered 1.00 GiB page size, pre-allocated 0 pages
[    0.225429] HugeTLB registered 32.0 MiB page size, pre-allocated 0 pages
[    0.232099] HugeTLB registered 2.00 MiB page size, pre-allocated 0 pages
[    0.238763] HugeTLB registered 64.0 KiB page size, pre-allocated 0 pages
[    1.304342] DRBG: Continuing without Jitter RNG
[    1.382158] raid6: neonx8   gen()  2141 MB/s
[    1.450201] raid6: neonx8   xor()  1595 MB/s
[    1.518261] raid6: neonx4   gen()  2196 MB/s
[    1.586309] raid6: neonx4   xor()  1567 MB/s
[    1.654373] raid6: neonx2   gen()  2074 MB/s
[    1.722424] raid6: neonx2   xor()  1438 MB/s
[    1.790493] raid6: neonx1   gen()  1772 MB/s
[    1.858538] raid6: neonx1   xor()  1220 MB/s
[    1.926595] raid6: int64x8  gen()  1438 MB/s
[    1.994653] raid6: int64x8  xor()   771 MB/s
[    2.062727] raid6: int64x4  gen()  1598 MB/s
[    2.130781] raid6: int64x4  xor()   818 MB/s
[    2.198842] raid6: int64x2  gen()  1397 MB/s
[    2.266890] raid6: int64x2  xor()   750 MB/s
[    2.334958] raid6: int64x1  gen()  1031 MB/s
[    2.403029] raid6: int64x1  xor()   517 MB/s
[    2.403067] raid6: using algorithm neonx4 gen() 2196 MB/s
[    2.407022] raid6: .... xor() 1567 MB/s, rmw enabled
[    2.411952] raid6: using neon recovery algorithm
[    2.416963] iommu: Default domain type: Translated 
[    2.421577] SCSI subsystem initialized
[    2.425122] libata version 3.00 loaded.
[    2.425246] usbcore: registered new interface driver usbfs
[    2.430578] usbcore: registered new interface driver hub
[    2.435851] usbcore: registered new device driver usb
[    2.440983] mc: Linux media interface: v0.10
[    2.445101] videodev: Linux video capture interface: v2.00
[    2.450591] EDAC MC: Ver: 3.0.0
[    2.454034] zynqmp-ipi-mbox mailbox@ff990400: Registered ZynqMP IPI mbox with TX/RX channels.
[    2.462523] jesd204: created con: id=0, topo=0, link=0, /axi/spi@ff050000/hmc7044@0 <-> /fpga-axi@0/axi-adxcvr-tx@84b60000
[    2.473121] jesd204: created con: id=1, topo=0, link=2, /axi/spi@ff050000/hmc7044@0 <-> /fpga-axi@0/axi-adxcvr-rx@84a60000
[    2.484105] jesd204: created con: id=2, topo=0, link=0, /fpga-axi@0/axi-adxcvr-tx@84b60000 <-> /fpga-axi@0/axi-jesd204-tx@84b90000
[    2.495781] jesd204: created con: id=3, topo=0, link=2, /fpga-axi@0/axi-adxcvr-rx@84a60000 <-> /fpga-axi@0/axi-jesd204-rx@84a90000
[    2.507457] jesd204: created con: id=4, topo=0, link=0, /fpga-axi@0/axi-jesd204-tx@84b90000 <-> /fpga-axi@0/axi-ad9081-tx-hpc@84b10000
[    2.519485] jesd204: created con: id=5, topo=0, link=2, /fpga-axi@0/axi-jesd204-rx@84a90000 <-> /fpga-axi@0/axi-ad9081-rx-hpc@84a10000
[    2.531508] jesd204: created con: id=6, topo=0, link=2, /fpga-axi@0/axi-ad9081-rx-hpc@84a10000 <-> /axi/spi@ff040000/ad9081@0
[    2.542749] jesd204: created con: id=7, topo=0, link=0, /fpga-axi@0/axi-ad9081-tx-hpc@84b10000 <-> /axi/spi@ff040000/ad9081@0
[    2.553999] jesd204: /axi/spi@ff040000/ad9081@0: JESD204[2] transition uninitialized -> initialized
[    2.562986] jesd204: /axi/spi@ff040000/ad9081@0: JESD204[0] transition uninitialized -> initialized
[    2.571977] jesd204: found 8 devices and 1 topologies
[    2.577021] FPGA manager framework
[    2.580500] Advanced Linux Sound Architecture Driver Initialized.
[    2.586794] Bluetooth: Core ver 2.22
[    2.589980] NET: Registered protocol family 31
[    2.594382] Bluetooth: HCI device and connection manager initialized
[    2.600698] Bluetooth: HCI socket layer initialized
[    2.605540] Bluetooth: L2CAP socket layer initialized
[    2.610564] Bluetooth: SCO socket layer initialized
[    2.615752] clocksource: Switched to clocksource arch_sys_counter
[    2.621557] VFS: Disk quotas dquot_6.6.0
[    2.625391] VFS: Dquot-cache hash table entries: 512 (order 0, 4096 bytes)
[    2.636104] NET: Registered protocol family 2
[    2.636835] tcp_listen_portaddr_hash hash table entries: 2048 (order: 3, 32768 bytes, linear)
[    2.645031] TCP established hash table entries: 32768 (order: 6, 262144 bytes, linear)
[    2.653057] TCP bind hash table entries: 32768 (order: 7, 524288 bytes, linear)
[    2.660501] TCP: Hash tables configured (established 32768 bind 32768)
[    2.666674] UDP hash table entries: 2048 (order: 4, 65536 bytes, linear)
[    2.673342] UDP-Lite hash table entries: 2048 (order: 4, 65536 bytes, linear)
[    2.680502] NET: Registered protocol family 1
[    2.684958] RPC: Registered named UNIX socket transport module.
[    2.690579] RPC: Registered udp transport module.
[    2.695243] RPC: Registered tcp transport module.
[    2.699913] RPC: Registered tcp NFSv4.1 backchannel transport module.
[    2.706904] PCI: CLS 0 bytes, default 64
[    2.710609] hw perfevents: no interrupt-affinity property for /pmu, guessing.
[    2.717464] hw perfevents: enabled with armv8_pmuv3 PMU driver, 7 counters available
[    2.725817] Initialise system trusted keyrings
[    2.729491] workingset: timestamp_bits=62 max_order=20 bucket_order=0
[    2.736390] NFS: Registering the id_resolver key type
[    2.740843] Key type id_resolver registered
[    2.744981] Key type id_legacy registered
[    2.748971] nfs4filelayout_init: NFSv4 File Layout Driver Registering...
[    2.755637] jffs2: version 2.2. (NAND) (SUMMARY)  Â© 2001-2006 Red Hat, Inc.
[    2.798860] NET: Registered protocol family 38
[    2.798903] xor: measuring software checksum speed
[    2.806591]    8regs           :  2363 MB/sec
[    2.810260]    32regs          :  2799 MB/sec
[    2.815203]    arm64_neon      :  2380 MB/sec
[    2.815392] xor: using function: 32regs (2799 MB/sec)
[    2.820419] Key type asymmetric registered
[    2.824480] Asymmetric key parser 'x509' registered
[    2.829340] Block layer SCSI generic (bsg) driver version 0.4 loaded (major 248)
[    2.836678] io scheduler mq-deadline registered
[    2.841174] io scheduler kyber registered
[    2.870584] Serial: 8250/16550 driver, 4 ports, IRQ sharing disabled
[    2.875209] cacheinfo: Unable to detect cache hierarchy for CPU 0
[    2.881565] brd: module loaded
[    2.885715] loop: module loaded
[    2.886258] Registered mathworks_ip class
[    2.889595] libphy: Fixed MDIO Bus: probed
[    2.892564] tun: Universal TUN/TAP device driver, 1.6
[    2.896632] CAN device driver interface
[    2.901163] usbcore: registered new interface driver asix
[    2.905764] usbcore: registered new interface driver ax88179_178a
[    2.911797] usbcore: registered new interface driver cdc_ether
[    2.917589] usbcore: registered new interface driver net1080
[    2.923215] usbcore: registered new interface driver cdc_subset
[    2.929096] usbcore: registered new interface driver zaurus
[    2.934639] usbcore: registered new interface driver cdc_ncm
[    2.941041] ehci_hcd: USB 2.0 'Enhanced' Host Controller (EHCI) Driver
[    2.946724] ehci-pci: EHCI PCI platform driver
[    2.951521] usbcore: registered new interface driver uas
[    2.956440] usbcore: registered new interface driver usb-storage
[    2.962428] usbcore: registered new interface driver usbserial_generic
[    2.968879] usbserial: USB Serial support registered for generic
[    2.974852] usbcore: registered new interface driver ftdi_sio
[    2.980555] usbserial: USB Serial support registered for FTDI USB Serial Device
[    2.987831] usbcore: registered new interface driver upd78f0730
[    2.993703] usbserial: USB Serial support registered for upd78f0730
[    3.001360] rtc_zynqmp ffa60000.rtc: registered as rtc0
[    3.005128] rtc_zynqmp ffa60000.rtc: setting system clock to 2022-03-26T00:30:39 UTC (1648254639)
[    3.013991] i2c /dev entries driver
[    3.019296] usbcore: registered new interface driver uvcvideo
[    3.023104] USB Video Class driver (1.1.1)
[    3.028687] Bluetooth: HCI UART driver ver 2.3
[    3.031575] Bluetooth: HCI UART protocol H4 registered
[    3.036684] Bluetooth: HCI UART protocol BCSP registered
[    3.041973] Bluetooth: HCI UART protocol LL registered
[    3.047062] Bluetooth: HCI UART protocol ATH3K registered
[    3.052436] Bluetooth: HCI UART protocol Three-wire (H5) registered
[    3.058691] Bluetooth: HCI UART protocol Intel registered
[    3.064029] Bluetooth: HCI UART protocol QCA registered
[    3.069230] usbcore: registered new interface driver bcm203x
[    3.074852] usbcore: registered new interface driver bpa10x
[    3.080387] usbcore: registered new interface driver bfusb
[    3.085837] usbcore: registered new interface driver btusb
[    3.091300] usbcore: registered new interface driver ath3k
[    3.096783] EDAC MC: ECC not enabled
[    3.100409] EDAC DEVICE0: Giving out device to module zynqmp-ocm-edac controller zynqmp_ocm: DEV ff960000.memory-controller (INTERRUPT)
[    3.112722] sdhci: Secure Digital Host Controller Interface driver
[    3.118511] sdhci: Copyright(c) Pierre Ossman
[    3.122836] sdhci-pltfm: SDHCI platform and OF driver helper
[    3.128889] ledtrig-cpu: registered to indicate activity on CPUs
[    3.134440] SMCCC: SOC_ID: ARCH_SOC_ID not implemented, skipping ....
[    3.140866] zynqmp_firmware_probe Platform Management API v1.1
[    3.146627] zynqmp_firmware_probe Trustzone version v1.0
[    3.186185] zynqmp-pinctrl firmware:zynqmp-firmware:pinctrl: zynqmp pinctrl initialized
[    3.234179] zynqmp-aes firmware:zynqmp-firmware:zynqmp-aes: will run requests pump with realtime priority
[    3.250003] alg: No test for xilinx-keccak-384 (zynqmp-keccak-384)
[    3.250717] alg: No test for xilinx-zynqmp-rsa (zynqmp-rsa)
[    3.256229] usbcore: registered new interface driver usbhid
[    3.261619] usbhid: USB HID core driver
[    3.272861] axi_sysid 85000000.axi-sysid-0: AXI System ID core version (1.01.a) found
[    3.275209] axi_sysid 85000000.axi-sysid-0: [ad9081_fmca_ebz] on [zcu102] git branch <master> git <084d44c9780640ca93fd847b1d9ec70dd65f5c67> clean [2022-03-18 04:17:50] UTC
[    3.290897] fpga_manager fpga0: Xilinx ZynqMP FPGA Manager registered
[    3.297251] usbcore: registered new interface driver snd-usb-audio
[    3.304706] pktgen: Packet Generator for packet performance testing. Version: 2.75
[    3.310888] Initializing XFRM netlink socket
[    3.314741] NET: Registered protocol family 10
[    3.319457] Segment Routing with IPv6
[    3.322840] sit: IPv6, IPv4 and MPLS over IPv4 tunneling driver
[    3.328909] NET: Registered protocol family 17
[    3.333013] NET: Registered protocol family 15
[    3.337507] can: controller area network core
[    3.341762] NET: Registered protocol family 29
[    3.346150] can: raw protocol
[    3.349086] can: broadcast manager protocol
[    3.353242] can: netlink gateway - max_hops=1
[    3.357635] Bluetooth: RFCOMM TTY layer initialized
[    3.362415] Bluetooth: RFCOMM socket layer initialized
[    3.367526] Bluetooth: RFCOMM ver 1.11
[    3.371234] Bluetooth: BNEP (Ethernet Emulation) ver 1.3
[    3.376505] Bluetooth: BNEP filters: protocol multicast
[    3.381699] Bluetooth: BNEP socket layer initialized
[    3.386626] Bluetooth: HIDP (Human Interface Emulation) ver 1.2
[    3.392510] Bluetooth: HIDP socket layer initialized
[    3.397563] 9pnet: Installing 9P2000 support
[    3.401687] NET: Registered protocol family 36
[    3.406103] Key type dns_resolver registered
[    3.410535] registered taskstats version 1
[    3.414400] Loading compiled-in X.509 certificates
[    3.419514] Btrfs loaded, crc32c=crc32c-generic
[    3.431927] ff000000.serial: ttyPS0 at MMIO 0xff000000 (irq = 49, base_baud = 6249999) is a xuartps
[    3.440952] printk: console [ttyPS0] enabled
[    3.445247] printk: bootconsole [cdns0] disabled
[    3.454878] ff010000.serial: ttyPS1 at MMIO 0xff010000 (irq = 50, base_baud = 6249999) is a xuartps
[    3.468132] of-fpga-region fpga-full: FPGA Region probed
[    3.475076] nwl-pcie fd0e0000.pcie: host bridge /axi/pcie@fd0e0000 ranges:
[    3.481968] nwl-pcie fd0e0000.pcie:      MEM 0x00e0000000..0x00efffffff -> 0x00e0000000
[    3.489976] nwl-pcie fd0e0000.pcie:      MEM 0x0600000000..0x07ffffffff -> 0x0600000000
[    3.498040] nwl-pcie fd0e0000.pcie: Link is DOWN
[    3.502797] nwl-pcie fd0e0000.pcie: PCI host bridge to bus 0000:00
[    3.508976] pci_bus 0000:00: root bus resource [bus 00-ff]
[    3.514457] pci_bus 0000:00: root bus resource [mem 0xe0000000-0xefffffff]
[    3.521327] pci_bus 0000:00: root bus resource [mem 0x600000000-0x7ffffffff pref]
[    3.528831] pci 0000:00:00.0: [10ee:d021] type 01 class 0x060400
[    3.534886] pci 0000:00:00.0: PME# supported from D0 D1 D2 D3hot
[    3.545336] pci 0000:00:00.0: PCI bridge to [bus 01-0c]
[    3.551317] xilinx-zynqmp-dma fd500000.dma: ZynqMP DMA driver Probe success
[    3.558493] xilinx-zynqmp-dma fd510000.dma: ZynqMP DMA driver Probe success
[    3.565672] xilinx-zynqmp-dma fd520000.dma: ZynqMP DMA driver Probe success
[    3.572845] xilinx-zynqmp-dma fd530000.dma: ZynqMP DMA driver Probe success
[    3.580013] xilinx-zynqmp-dma fd540000.dma: ZynqMP DMA driver Probe success
[    3.587182] xilinx-zynqmp-dma fd550000.dma: ZynqMP DMA driver Probe success
[    3.594354] xilinx-zynqmp-dma fd560000.dma: ZynqMP DMA driver Probe success
[    3.601521] xilinx-zynqmp-dma fd570000.dma: ZynqMP DMA driver Probe success
[    3.608919] xilinx-zynqmp-dpdma fd4c0000.dma-controller: Xilinx DPDMA engine is probed
[    3.617471] ahci-ceva fd0c0000.ahci: supply ahci not found, using dummy regulator
[    3.625008] ahci-ceva fd0c0000.ahci: supply phy not found, using dummy regulator
[    3.715921] hmc7044 spi2.0: PLL1: Acquisition, CLKIN0 @ 122880000 Hz, PFD: 80 kHz - PLL2: Locked @ 3024.000000 MHz
[    3.726636] jesd204: /axi/spi@ff050000/hmc7044@0,jesd204:1,parent=spi2.0: Using as SYSREF provider
[    3.736224] spi-nor spi0.0: SPI-NOR-UniqueID 100000235394732200270025081115266e
[    3.743535] spi-nor spi0.0: found n25q512a, expected m25p80
[    3.749735] spi-nor spi0.0: trying to lock already unlocked area
[    3.755737] spi-nor spi0.0: n25q512a (131072 Kbytes)
[    3.760721] 4 fixed-partitions partitions found on MTD device spi0.0
[    3.767069] Creating 4 MTD partitions on "spi0.0":
[    3.771855] 0x000000000000-0x000000100000 : "qspi-fsbl-uboot"
[    3.778340] 0x000000100000-0x000000600000 : "qspi-linux"
[    3.784302] 0x000000600000-0x000000620000 : "qspi-device-tree"
[    3.790780] 0x000000620000-0x000000c00000 : "qspi-rootfs"
[    3.799249] macb ff0e0000.ethernet: Not enabling partial store and forward
[    3.806784] libphy: MACB_mii_bus: probed
[    3.811872] macb ff0e0000.ethernet eth0: Cadence GEM rev 0x50070106 at 0xff0e0000 irq 30 (00:0a:35:04:8e:1b)
[    3.822087] xilinx-axipmon ffa00000.perf-monitor: Probed Xilinx APM
[    3.828666] xilinx-axipmon fd0b0000.perf-monitor: Probed Xilinx APM
[    3.835187] xilinx-axipmon fd490000.perf-monitor: Probed Xilinx APM
[    3.841729] xilinx-axipmon ffa10000.perf-monitor: Probed Xilinx APM
[    3.851720] pca953x 0-0020: supply vcc not found, using dummy regulator
[    3.858405] pca953x 0-0020: using no AI
[    3.862891] gpio-496 (sel0): hogged as output/low
[    3.867796] gpio-497 (sel1): hogged as output/high
[    3.872785] gpio-498 (sel2): hogged as output/high
[    3.877767] gpio-499 (sel3): hogged as output/high
[    3.882941] pca953x 0-0021: supply vcc not found, using dummy regulator
[    3.889608] pca953x 0-0021: using no AI
[    3.895371] ina2xx 2-0040: power monitor ina226 (Rshunt = 5000 uOhm)
[    3.902395] ina2xx 2-0041: power monitor ina226 (Rshunt = 5000 uOhm)
[    3.909434] ina2xx 2-0042: power monitor ina226 (Rshunt = 5000 uOhm)
[    3.916466] ina2xx 2-0043: power monitor ina226 (Rshunt = 5000 uOhm)
[    3.923492] ina2xx 2-0044: power monitor ina226 (Rshunt = 5000 uOhm)
[    3.930517] ina2xx 2-0045: power monitor ina226 (Rshunt = 5000 uOhm)
[    3.937550] ina2xx 2-0046: power monitor ina226 (Rshunt = 5000 uOhm)
[    3.944627] ina2xx 2-0047: power monitor ina226 (Rshunt = 5000 uOhm)
[    3.951653] ina2xx 2-004a: power monitor ina226 (Rshunt = 5000 uOhm)
[    3.958696] ina2xx 2-004b: power monitor ina226 (Rshunt = 5000 uOhm)
[    3.965103] i2c i2c-0: Added multiplexed i2c bus 2
[    3.970490] random: fast init done
[    3.973963] ina2xx 3-0040: power monitor ina226 (Rshunt = 2000 uOhm)
[    3.980988] ina2xx 3-0041: power monitor ina226 (Rshunt = 5000 uOhm)
[    3.988016] ina2xx 3-0042: power monitor ina226 (Rshunt = 5000 uOhm)
[    3.995048] ina2xx 3-0043: power monitor ina226 (Rshunt = 5000 uOhm)
[    4.002073] ina2xx 3-0044: power monitor ina226 (Rshunt = 5000 uOhm)
[    4.009101] ina2xx 3-0045: power monitor ina226 (Rshunt = 5000 uOhm)
[    4.016136] ina2xx 3-0046: power monitor ina226 (Rshunt = 5000 uOhm)
[    4.023162] ina2xx 3-0047: power monitor ina226 (Rshunt = 5000 uOhm)
[    4.029564] i2c i2c-0: Added multiplexed i2c bus 3
[    4.085552] i2c i2c-0: Added multiplexed i2c bus 4
[    4.090496] i2c i2c-0: Added multiplexed i2c bus 5
[    4.095284] pca954x 0-0075: registered 4 multiplexed busses for I2C mux pca9544
[    4.102634] cdns-i2c ff020000.i2c: 400 kHz mmio ff020000 irq 32
[    4.110359] at24 6-0054: supply vcc not found, using dummy regulator
[    4.117262] at24 6-0054: 1024 byte 24c08 EEPROM, writable, 1 bytes/write
[    4.124013] i2c i2c-1: Added multiplexed i2c bus 6
[    4.130443] si5341 7-0036: Chip: 5341 Grade: 1 Rev: 1
[    4.168113] i2c i2c-1: Added multiplexed i2c bus 7
[    4.175760] si570 8-005d: registered, current frequency 300000000 Hz
[    4.182158] i2c i2c-1: Added multiplexed i2c bus 8
[    4.201935] si570 9-005d: registered, current frequency 148500000 Hz
[    4.208338] i2c i2c-1: Added multiplexed i2c bus 9
[    4.213377] si5324 10-0069: si5328 probed
[    4.280107] si5324 10-0069: si5328 probe successful
[    4.285038] i2c i2c-1: Added multiplexed i2c bus 10
[    4.290063] i2c i2c-1: Added multiplexed i2c bus 11
[    4.295091] i2c i2c-1: Added multiplexed i2c bus 12
[    4.300111] i2c i2c-1: Added multiplexed i2c bus 13
[    4.304984] pca954x 1-0074: registered 8 multiplexed busses for I2C switch pca9548
[    4.313096] at24 14-0050: supply vcc not found, using dummy regulator
[    4.319880] at24 14-0050: 256 byte 24c02 EEPROM, writable, 1 bytes/write
[    4.326626] i2c i2c-1: Added multiplexed i2c bus 14
[    4.331669] i2c i2c-1: Added multiplexed i2c bus 15
[    4.336701] i2c i2c-1: Added multiplexed i2c bus 16
[    4.341737] i2c i2c-1: Added multiplexed i2c bus 17
[    4.346767] i2c i2c-1: Added multiplexed i2c bus 18
[    4.351815] i2c i2c-1: Added multiplexed i2c bus 19
[    4.356852] i2c i2c-1: Added multiplexed i2c bus 20
[    4.361886] i2c i2c-1: Added multiplexed i2c bus 21
[    4.366758] pca954x 1-0075: registered 8 multiplexed busses for I2C switch pca9548
[    4.374367] cdns-i2c ff030000.i2c: 400 kHz mmio ff030000 irq 33
[    4.384120] cdns-wdt fd4d0000.watchdog: Xilinx Watchdog Timer with timeout 60s
[    4.395061] axi_adxcvr 84a60000.axi-adxcvr-rx: AXI-ADXCVR-RX (17.05.a) using CPLL on GTH4 at 0x84A60000. Number of lanes: 4.
[    4.407232] axi_adxcvr 84b60000.axi-adxcvr-tx: AXI-ADXCVR-TX (17.05.a) using QPLL on GTH4 at 0x84B60000. Number of lanes: 4.
[    4.418857] axi-jesd204-rx 84a90000.axi-jesd204-rx: AXI-JESD204-RX (1.07.a) at 0x84A90000. Encoder 8b10b, width 4/4, lanes 4, jesd204-fsm.
[    4.426138] mmc0: SDHCI controller on ff170000.mmc [ff170000.mmc] using ADMA 64-bit
[    4.431702] axi-jesd204-tx 84b90000.axi-jesd204-tx: AXI-JESD204-TX (1.06.a) at 0x84B90000. Encoder 8b10b, width 4/4, lanes 4, jesd204-fsm.
[    4.452427] zynqmp-display fd4a0000.display: vtc bridge property not present
[    4.462085] xilinx-dp-snd-codec fd4a0000.display:zynqmp_dp_snd_codec0: Failed to get required clock freq
[    4.471588] xilinx-dp-snd-codec: probe of fd4a0000.display:zynqmp_dp_snd_codec0 failed with error -22
[    4.473530] mmc0: new high speed SDHC card at address 0001
[    4.481127] xilinx-dp-snd-pcm zynqmp_dp_snd_pcm0: Xilinx DisplayPort Sound PCM probed
[    4.486642] mmcblk0: mmc0:0001 EB1QT 29.8 GiB 
[    4.494445] xilinx-dp-snd-pcm zynqmp_dp_snd_pcm1: Xilinx DisplayPort Sound PCM probed
[    4.499790]  mmcblk0: p1 p2 p3
[    4.506745] OF: graph: no port node found in /axi/display@fd4a0000
[    4.515819] xlnx-drm xlnx-drm.0: bound fd4a0000.display (ops 0xffffffc010fcbdb8)
[    5.599767] zynqmp-display fd4a0000.display: [drm] Cannot find any crtc or sizes
[    5.607384] [drm] Initialized xlnx 1.0.0 20130509 for fd4a0000.display on minor 0
[    5.614876] zynqmp-display fd4a0000.display: ZynqMP DisplayPort Subsystem driver probed
[    5.623198] ahci-ceva fd0c0000.ahci: supply ahci not found, using dummy regulator
[    5.630747] ahci-ceva fd0c0000.ahci: supply phy not found, using dummy regulator
[    5.638206] ahci-ceva fd0c0000.ahci: supply target not found, using dummy regulator
[    5.646044] ahci-ceva fd0c0000.ahci: AHCI 0001.0301 32 slots 2 ports 6 Gbps 0x3 impl platform mode
[    5.655000] ahci-ceva fd0c0000.ahci: flags: 64bit ncq sntf pm clo only pmp fbs pio slum part ccc sds apst 
[    5.665695] scsi host0: ahci-ceva
[    5.669296] scsi host1: ahci-ceva
[    5.672726] ata1: SATA max UDMA/133 mmio [mem 0xfd0c0000-0xfd0c1fff] port 0x100 irq 45
[    5.680639] ata2: SATA max UDMA/133 mmio [mem 0xfd0c0000-0xfd0c1fff] port 0x180 irq 45
[    5.689239] ad9081 spi1.0: supply vdd not found, using dummy regulator
[    6.002003] ata1: SATA link down (SStatus 0 SControl 330)
[    6.007421] ata2: SATA link down (SStatus 0 SControl 330)
[    6.683771] zynqmp-display fd4a0000.display: [drm] Cannot find any crtc or sizes
[    7.527939] ad9081 spi1.0: AD9081 Rev. 2 Grade 10 (API 1.2.2) probed
[    7.535135] xhci-hcd xhci-hcd.1.auto: xHCI Host Controller
[    7.540631] xhci-hcd xhci-hcd.1.auto: new USB bus registered, assigned bus number 1
[    7.548378] xhci-hcd xhci-hcd.1.auto: hcc params 0x0238f625 hci version 0x100 quirks 0x0000000002010810
[    7.557801] xhci-hcd xhci-hcd.1.auto: irq 59, io mem 0xfe200000
[    7.563914] usb usb1: New USB device found, idVendor=1d6b, idProduct=0002, bcdDevice= 5.10
[    7.572178] usb usb1: New USB device strings: Mfr=3, Product=2, SerialNumber=1
[    7.579397] usb usb1: Product: xHCI Host Controller
[    7.584265] usb usb1: Manufacturer: Linux 5.10.0-98103-g2aa7ac113716 xhci-hcd
[    7.591389] usb usb1: SerialNumber: xhci-hcd.1.auto
[    7.596556] hub 1-0:1.0: USB hub found
[    7.600318] hub 1-0:1.0: 1 port detected
[    7.604424] xhci-hcd xhci-hcd.1.auto: xHCI Host Controller
[    7.609913] xhci-hcd xhci-hcd.1.auto: new USB bus registered, assigned bus number 2
[    7.617567] xhci-hcd xhci-hcd.1.auto: Host supports USB 3.0 SuperSpeed
[    7.624188] usb usb2: New USB device found, idVendor=1d6b, idProduct=0003, bcdDevice= 5.10
[    7.632451] usb usb2: New USB device strings: Mfr=3, Product=2, SerialNumber=1
[    7.639669] usb usb2: Product: xHCI Host Controller
[    7.644540] usb usb2: Manufacturer: Linux 5.10.0-98103-g2aa7ac113716 xhci-hcd
[    7.651664] usb usb2: SerialNumber: xhci-hcd.1.auto
[    7.656773] hub 2-0:1.0: USB hub found
[    7.660535] hub 2-0:1.0: 1 port detected
[    7.690616] cf_axi_adc 84a10000.axi-ad9081-rx-hpc: ADI AIM (10.01.b) at 0x84A10000 mapped to 0x(____ptrval____), probed ADC AD9081 as MASTER
[    7.720593] cf_axi_dds 84b10000.axi-ad9081-tx-hpc: Analog Devices CF_AXI_DDS_DDS MASTER (9.01.b) at 0x84B10000 mapped to 0x(____ptrval____), probed DDS AD9081
[    7.734791] jesd204: /axi/spi@ff040000/ad9081@0,jesd204:0,parent=spi1.0: JESD204[2] transition initialized -> probed
[    7.745312] jesd204: /axi/spi@ff040000/ad9081@0,jesd204:0,parent=spi1.0: JESD204[0] transition initialized -> probed
[    7.755836] jesd204: /axi/spi@ff040000/ad9081@0,jesd204:0,parent=spi1.0: JESD204[2] transition probed -> idle
[    7.765742] jesd204: /axi/spi@ff040000/ad9081@0,jesd204:0,parent=spi1.0: JESD204[0] transition probed -> idle
[    7.775660] jesd204: /axi/spi@ff040000/ad9081@0,jesd204:0,parent=spi1.0: JESD204[2] transition idle -> device_init
[    7.786002] jesd204: /axi/spi@ff040000/ad9081@0,jesd204:0,parent=spi1.0: JESD204[0] transition idle -> device_init
[    7.796356] jesd204: /axi/spi@ff040000/ad9081@0,jesd204:0,parent=spi1.0: JESD204[2] transition device_init -> link_init
[    7.807138] jesd204: /axi/spi@ff040000/ad9081@0,jesd204:0,parent=spi1.0: JESD204[0] transition device_init -> link_init
[    7.817929] jesd204: /axi/spi@ff040000/ad9081@0,jesd204:0,parent=spi1.0: JESD204[2] transition link_init -> link_supported
[    7.828967] jesd204: /axi/spi@ff040000/ad9081@0,jesd204:0,parent=spi1.0: JESD204[0] transition link_init -> link_supported
[    7.840378] hmc7044 spi2.0: hmc7044_jesd204_link_pre_setup: Link2 forcing continuous SYSREF mode
[    7.849546] jesd204: /axi/spi@ff040000/ad9081@0,jesd204:0,parent=spi1.0: JESD204[2] transition link_supported -> link_pre_setup
[    7.861026] jesd204: /axi/spi@ff040000/ad9081@0,jesd204:0,parent=spi1.0: JESD204[0] transition link_supported -> link_pre_setup
[    7.884842] jesd204: /axi/spi@ff040000/ad9081@0,jesd204:0,parent=spi1.0: JESD204[2] transition link_pre_setup -> clk_sync_stage1
[    7.896405] jesd204: /axi/spi@ff040000/ad9081@0,jesd204:0,parent=spi1.0: JESD204[0] transition link_pre_setup -> clk_sync_stage1
[    7.907975] jesd204: /axi/spi@ff040000/ad9081@0,jesd204:0,parent=spi1.0: JESD204[2] transition clk_sync_stage1 -> clk_sync_stage2
[    7.919621] jesd204: /axi/spi@ff040000/ad9081@0,jesd204:0,parent=spi1.0: JESD204[0] transition clk_sync_stage1 -> clk_sync_stage2
[    7.931273] jesd204: /axi/spi@ff040000/ad9081@0,jesd204:0,parent=spi1.0: JESD204[2] transition clk_sync_stage2 -> clk_sync_stage3
[    7.942919] jesd204: /axi/spi@ff040000/ad9081@0,jesd204:0,parent=spi1.0: JESD204[0] transition clk_sync_stage2 -> clk_sync_stage3
[    7.956653] jesd204: /axi/spi@ff040000/ad9081@0,jesd204:0,parent=spi1.0: JESD204[2] transition clk_sync_stage3 -> link_setup
[    7.967869] jesd204: /axi/spi@ff040000/ad9081@0,jesd204:0,parent=spi1.0: JESD204[0] transition clk_sync_stage3 -> link_setup
[    7.983917] jesd204: /axi/spi@ff040000/ad9081@0,jesd204:0,parent=spi1.0: JESD204[2] transition link_setup -> opt_setup_stage1
[    7.995218] jesd204: /axi/spi@ff040000/ad9081@0,jesd204:0,parent=spi1.0: JESD204[0] transition link_setup -> opt_setup_stage1
[    8.011560] jesd204: /axi/spi@ff040000/ad9081@0,jesd204:0,parent=spi1.0: JESD204[2] transition opt_setup_stage1 -> opt_setup_stage2
[    8.023384] jesd204: /axi/spi@ff040000/ad9081@0,jesd204:0,parent=spi1.0: JESD204[0] transition opt_setup_stage1 -> opt_setup_stage2
[    8.035357] jesd204: /axi/spi@ff040000/ad9081@0,jesd204:0,parent=spi1.0: JESD204[2] transition opt_setup_stage2 -> opt_setup_stage3
[    8.047176] jesd204: /axi/spi@ff040000/ad9081@0,jesd204:0,parent=spi1.0: JESD204[0] transition opt_setup_stage2 -> opt_setup_stage3
[    8.059000] jesd204: /axi/spi@ff040000/ad9081@0,jesd204:0,parent=spi1.0: JESD204[2] transition opt_setup_stage3 -> opt_setup_stage4
[    8.070823] jesd204: /axi/spi@ff040000/ad9081@0,jesd204:0,parent=spi1.0: JESD204[0] transition opt_setup_stage3 -> opt_setup_stage4
[    8.082647] jesd204: /axi/spi@ff040000/ad9081@0,jesd204:0,parent=spi1.0: JESD204[2] transition opt_setup_stage4 -> opt_setup_stage5
[    8.094475] jesd204: /axi/spi@ff040000/ad9081@0,jesd204:0,parent=spi1.0: JESD204[0] transition opt_setup_stage4 -> opt_setup_stage5
[    8.110403] jesd204: /axi/spi@ff040000/ad9081@0,jesd204:0,parent=spi1.0: JESD204[2] transition opt_setup_stage5 -> clocks_enable
[    8.121963] jesd204: /axi/spi@ff040000/ad9081@0,jesd204:0,parent=spi1.0: JESD204[0] transition opt_setup_stage5 -> clocks_enable
[    8.167889] axi_adxcvr 84a60000.axi-adxcvr-rx: adxcvr_clk_enable: CPLL RX buffer underflow error, status: 0x61
[    8.177876] axi_adxcvr 84a60000.axi-adxcvr-rx: adxcvr_clk_enable: CPLL RX buffer overflow error, status: 0x61
[    8.187862] jesd204: /axi/spi@ff040000/ad9081@0,jesd204:0,parent=spi1.0: JESD204[2] transition clocks_enable -> link_enable
[    8.198988] jesd204: /axi/spi@ff040000/ad9081@0,jesd204:0,parent=spi1.0: JESD204[0] transition clocks_enable -> link_enable
[    8.243996] ad9081 spi1.0: JESD RX (JTX) Link2 in DATA, SYNC deasserted, PLL locked, PHASE established, MODE valid
[    8.254607] ad9081 spi1.0: JESD TX (JRX) Link0 0xF lanes in DATA
[    8.260618] jesd204: /axi/spi@ff040000/ad9081@0,jesd204:0,parent=spi1.0: JESD204[2] transition link_enable -> link_running
[    8.271655] jesd204: /axi/spi@ff040000/ad9081@0,jesd204:0,parent=spi1.0: JESD204[0] transition link_enable -> link_running
[    8.282701] jesd204: /axi/spi@ff040000/ad9081@0,jesd204:0,parent=spi1.0: JESD204[2] transition link_running -> opt_post_running_stage
[    8.294691] jesd204: /axi/spi@ff040000/ad9081@0,jesd204:0,parent=spi1.0: JESD204[0] transition link_running -> opt_post_running_stage
[    8.315998] input: gpio-keys as /devices/platform/gpio-keys/input/input0
[    8.323019] of_cfs_init
[    8.325479] of_cfs_init: OK
[    8.328425] cfg80211: Loading compiled-in X.509 certificates for regulatory database
[    8.500233] cfg80211: Loaded X.509 cert 'sforshee: 00b28ddf47aef9cea7'
[    8.506764] clk: Not disabling unused clocks
[    8.511298] ALSA device list:
[    8.514257]   No soundcards found.
[    8.517927] platform regulatory.0: Direct firmware load for regulatory.db failed with error -2
[    8.524350] random: crng init done
[    8.526539] cfg80211: failed to load regulatory.db
[    8.544815] EXT4-fs (mmcblk0p2): mounted filesystem with ordered data mode. Opts: (null)
[    8.552926] VFS: Mounted root (ext4 filesystem) on device 179:2.
[    8.566362] devtmpfs: mounted
[    8.570189] Freeing unused kernel memory: 2560K
[    8.574804] Run /sbin/init as init process
[    8.578890]   with arguments:
[    8.578893]     /sbin/init
[    8.578895]   with environment:
[    8.578897]     HOME=/
[    8.578899]     TERM=linux
[    9.148184] systemd[1]: systemd 241 running in system mode. (+PAM +AUDIT +SELINUX +IMA +APPARMOR +SMACK +SYSVINIT +UTMP +LIBCRYPTSETUP +GCRYPT +GNUTLS +ACL +XZ +LZ4 +SECCOMP +BLKID +ELFUTILS +KMOD -IDN2 +IDN -PCRE2 default-hierarchy=hybrid)
[    9.170060] systemd[1]: Detected architecture arm64.
[    9.192484] systemd[1]: Set hostname to <analog>.
[    9.399072] systemd[1]: File /lib/systemd/system/systemd-journald.service:12 configures an IP firewall (IPAddressDeny=any), but the local system does not support BPF/cgroup based firewalling.
[    9.416128] systemd[1]: Proceeding WITHOUT firewalling in effect! (This warning is only shown for the first loaded unit using IP firewalling.)
[    9.580191] systemd[1]: /etc/systemd/system/tof-server.service:1: Assignment outside of section. Ignoring.
[    9.589876] systemd[1]: /etc/systemd/system/tof-server.service:2: Assignment outside of section. Ignoring.
[    9.781617] systemd[1]: Condition check resulted in Arbitrary Executable File Formats File System Automount Point being skipped.
[    9.793407] systemd[1]: Listening on initctl Compatibility Named Pipe.
[    9.815832] systemd[1]: Reached target Swap.
[   10.642105] EXT4-fs (mmcblk0p2): re-mounted. Opts: (null)
[   10.711765] systemd-journald[153]: Received request to flush runtime journal from PID 1
[   17.082142] macb ff0e0000.ethernet eth0: PHY [ff0e0000.ethernet-ffffffff:0c] driver [TI DP83867] (irq=POLL)
[   17.082155] macb ff0e0000.ethernet eth0: configuring for phy/rgmii-id link mode
[   17.371816] Adding 97276k swap on /var/swap.  Priority:-2 extents:2 across:662524k SS
[   19.933124] broken atomic modeset userspace detected, disabling atomic
[   20.161436] macb ff0e0000.ethernet eth0: Link is Up - 1Gbps/Full - flow control off
[   20.161487] IPv6: ADDRCONF(NETDEV_CHANGE): eth0: link becomes ready
[   22.678032] broken atomic modeset userspace detected, disabling atomic
[   25.687026] broken atomic modeset userspace detected, disabling atomic
[   28.357965] broken atomic modeset userspace detected, disabling atomic