[    0.000000] Booting Linux on physical CPU 0x0000000000 [0x410fd034]
[    0.000000] Linux version 5.10.0-98103-g2aa7ac113716 (jenkins@romlxbuild1.adlk.analog.com) (aarch64-xilinx-linux-gcc.real (GCC) 10.2.0, GNU ld (GNU Binutils) 2.35.0.20200730) #5577 SMP Wed Mar 23 07:28:49 GMT 2022
[    0.000000] Machine model: ZynqMP ZCU102 Rev1.0
[    0.000000] earlycon: cdns0 at MMIO 0x00000000ff000000 (options '115200n8')
[    0.000000] printk: bootconsole [cdns0] enabled
[    0.000000] efi: UEFI not found.
[    0.000000] cma: Reserved 256 MiB at 0x0000000070000000
[    0.000000] Zone ranges:
[    0.000000]   DMA      [mem 0x0000000000000000-0x000000003fffffff]
[    0.000000]   DMA32    [mem 0x0000000040000000-0x00000000ffffffff]
[    0.000000]   Normal   [mem 0x0000000100000000-0x000000087fffffff]
[    0.000000] Movable zone start for each node
[    0.000000] Early memory node ranges
[    0.000000]   node   0: [mem 0x0000000000000000-0x000000007fffffff]
[    0.000000]   node   0: [mem 0x0000000800000000-0x000000087fffffff]
[    0.000000] Initmem setup node 0 [mem 0x0000000000000000-0x000000087fffffff]
[    0.000000] On node 0 totalpages: 1048576
[    0.000000]   DMA zone: 3584 pages used for memmap
[    0.000000]   DMA zone: 0 pages reserved
[    0.000000]   DMA zone: 262144 pages, LIFO batch:63
[    0.000000]   DMA32 zone: 3584 pages used for memmap
[    0.000000]   DMA32 zone: 262144 pages, LIFO batch:63
[    0.000000]   Normal zone: 7168 pages used for memmap
[    0.000000]   Normal zone: 524288 pages, LIFO batch:63
[    0.000000] psci: probing for conduit method from DT.
[    0.000000] psci: PSCIv1.1 detected in firmware.
[    0.000000] psci: Using standard PSCI v0.2 function IDs
[    0.000000] psci: MIGRATE_INFO_TYPE not supported.
[    0.000000] psci: SMC Calling Convention v1.2
[    0.000000] percpu: Embedded 22 pages/cpu s49496 r8192 d32424 u90112
[    0.000000] pcpu-alloc: s49496 r8192 d32424 u90112 alloc=22*4096
[    0.000000] pcpu-alloc: [0] 0 [0] 1 [0] 2 [0] 3 
[    0.000000] Detected VIPT I-cache on CPU0
[    0.000000] CPU features: detected: ARM erratum 845719
[    0.000000] Built 1 zonelists, mobility grouping on.  Total pages: 1034240
[    0.000000] Kernel command line: console=ttyPS0,115200 root=/dev/mmcblk0p2 rw earlycon rootfstype=ext4 rootwait clk_ignore_unused cpuidle.off=1 root=/dev/mmcblk0p2 rw rootwait
[    0.000000] Dentry cache hash table entries: 524288 (order: 10, 4194304 bytes, linear)
[    0.000000] Inode-cache hash table entries: 262144 (order: 9, 2097152 bytes, linear)
[    0.000000] mem auto-init: stack:off, heap alloc:off, heap free:off
[    0.000000] software IO TLB: mapped [mem 0x000000003bfff000-0x000000003ffff000] (64MB)
[    0.000000] Memory: 3761904K/4194304K available (15296K kernel code, 1636K rwdata, 11876K rodata, 2560K init, 507K bss, 170256K reserved, 262144K cma-reserved)
[    0.000000] rcu: Hierarchical RCU implementation.
[    0.000000] rcu: 	RCU event tracing is enabled.
[    0.000000] rcu: 	RCU restricting CPUs from NR_CPUS=8 to nr_cpu_ids=4.
[    0.000000] rcu: RCU calculated value of scheduler-enlistment delay is 25 jiffies.
[    0.000000] rcu: Adjusting geometry for rcu_fanout_leaf=16, nr_cpu_ids=4
[    0.000000] NR_IRQS: 64, nr_irqs: 64, preallocated irqs: 0
[    0.000000] GIC: Adjusting CPU interface base to 0x00000000f902f000
[    0.000000] GIC: Using split EOI/Deactivate mode
[    0.000000] random: get_random_bytes called from start_kernel+0x31c/0x54c with crng_init=0
[    0.000000] arch_timer: cp15 timer(s) running at 100.00MHz (phys).
[    0.000000] clocksource: arch_sys_counter: mask: 0xffffffffffffff max_cycles: 0x171024e7e0, max_idle_ns: 440795205315 ns
[    0.000004] sched_clock: 56 bits at 100MHz, resolution 10ns, wraps every 4398046511100ns
[    0.008462] Console: colour dummy device 80x25
[    0.012483] Calibrating delay loop (skipped), value calculated using timer frequency.. 200.00 BogoMIPS (lpj=400000)
[    0.022840] pid_max: default: 32768 minimum: 301
[    0.027551] Mount-cache hash table entries: 8192 (order: 4, 65536 bytes, linear)
[    0.034789] Mountpoint-cache hash table entries: 8192 (order: 4, 65536 bytes, linear)
[    0.043393] rcu: Hierarchical SRCU implementation.
[    0.047561] EFI services will not be available.
[    0.051938] smp: Bringing up secondary CPUs ...
[    0.056655] Detected VIPT I-cache on CPU1
[    0.056693] CPU1: Booted secondary processor 0x0000000001 [0x410fd034]
[    0.057058] Detected VIPT I-cache on CPU2
[    0.057082] CPU2: Booted secondary processor 0x0000000002 [0x410fd034]
[    0.057420] Detected VIPT I-cache on CPU3
[    0.057443] CPU3: Booted secondary processor 0x0000000003 [0x410fd034]
[    0.057489] smp: Brought up 1 node, 4 CPUs
[    0.091779] SMP: Total of 4 processors activated.
[    0.096452] CPU features: detected: 32-bit EL0 Support
[    0.101556] CPU features: detected: CRC32 instructions
[    0.106696] CPU: All CPU(s) started at EL2
[    0.110736] alternatives: patching kernel code
[    0.116168] devtmpfs: initialized
[    0.124069] Registered cp15_barrier emulation handler
[    0.124119] Registered setend emulation handler
[    0.128100] clocksource: jiffies: mask: 0xffffffff max_cycles: 0xffffffff, max_idle_ns: 7645041785100000 ns
[    0.137680] futex hash table entries: 1024 (order: 4, 65536 bytes, linear)
[    0.151030] pinctrl core: initialized pinctrl subsystem
[    0.151676] NET: Registered protocol family 16
[    0.156104] DMA: preallocated 512 KiB GFP_KERNEL pool for atomic allocations
[    0.162116] DMA: preallocated 512 KiB GFP_KERNEL|GFP_DMA pool for atomic allocations
[    0.169841] DMA: preallocated 512 KiB GFP_KERNEL|GFP_DMA32 pool for atomic allocations
[    0.177645] audit: initializing netlink subsys (disabled)
[    0.183096] audit: type=2000 audit(0.116:1): state=initialized audit_enabled=0 res=1
[    0.183442] hw-breakpoint: found 6 breakpoint and 4 watchpoint registers.
[    0.197472] ASID allocator initialised with 65536 entries
[    0.224371] HugeTLB registered 1.00 GiB page size, pre-allocated 0 pages
[    0.225429] HugeTLB registered 32.0 MiB page size, pre-allocated 0 pages
[    0.232099] HugeTLB registered 2.00 MiB page size, pre-allocated 0 pages
[    0.238764] HugeTLB registered 64.0 KiB page size, pre-allocated 0 pages
[    1.304321] DRBG: Continuing without Jitter RNG
[    1.382149] raid6: neonx8   gen()  2142 MB/s
[    1.450203] raid6: neonx8   xor()  1599 MB/s
[    1.518262] raid6: neonx4   gen()  2197 MB/s
[    1.586306] raid6: neonx4   xor()  1567 MB/s
[    1.654371] raid6: neonx2   gen()  2076 MB/s
[    1.722426] raid6: neonx2   xor()  1438 MB/s
[    1.790499] raid6: neonx1   gen()  1772 MB/s
[    1.858543] raid6: neonx1   xor()  1220 MB/s
[    1.926599] raid6: int64x8  gen()  1438 MB/s
[    1.994651] raid6: int64x8  xor()   771 MB/s
[    2.062722] raid6: int64x4  gen()  1598 MB/s
[    2.130772] raid6: int64x4  xor()   821 MB/s
[    2.198846] raid6: int64x2  gen()  1397 MB/s
[    2.266887] raid6: int64x2  xor()   750 MB/s
[    2.334958] raid6: int64x1  gen()  1033 MB/s
[    2.403025] raid6: int64x1  xor()   517 MB/s
[    2.403063] raid6: using algorithm neonx4 gen() 2197 MB/s
[    2.407021] raid6: .... xor() 1567 MB/s, rmw enabled
[    2.411952] raid6: using neon recovery algorithm
[    2.416968] iommu: Default domain type: Translated 
[    2.421580] SCSI subsystem initialized
[    2.425121] libata version 3.00 loaded.
[    2.425244] usbcore: registered new interface driver usbfs
[    2.430576] usbcore: registered new interface driver hub
[    2.435851] usbcore: registered new device driver usb
[    2.440983] mc: Linux media interface: v0.10
[    2.445100] videodev: Linux video capture interface: v2.00
[    2.450591] EDAC MC: Ver: 3.0.0
[    2.454027] zynqmp-ipi-mbox mailbox@ff990400: Registered ZynqMP IPI mbox with TX/RX channels.
[    2.462532] jesd204: created con: id=0, topo=0, link=0, /axi/spi@ff050000/hmc7044@0 <-> /fpga-axi@0/axi-adxcvr-tx@84b60000
[    2.473121] jesd204: created con: id=1, topo=0, link=2, /axi/spi@ff050000/hmc7044@0 <-> /fpga-axi@0/axi-adxcvr-rx@84a60000
[    2.484104] jesd204: created con: id=2, topo=0, link=0, /fpga-axi@0/axi-adxcvr-tx@84b60000 <-> /fpga-axi@0/axi-jesd204-tx@84b90000
[    2.495780] jesd204: created con: id=3, topo=0, link=2, /fpga-axi@0/axi-adxcvr-rx@84a60000 <-> /fpga-axi@0/axi-jesd204-rx@84a90000
[    2.507457] jesd204: created con: id=4, topo=0, link=0, /fpga-axi@0/axi-jesd204-tx@84b90000 <-> /fpga-axi@0/axi-ad9081-tx-hpc@84b10000
[    2.519485] jesd204: created con: id=5, topo=0, link=2, /fpga-axi@0/axi-jesd204-rx@84a90000 <-> /fpga-axi@0/axi-ad9081-rx-hpc@84a10000
[    2.531508] jesd204: created con: id=6, topo=0, link=2, /fpga-axi@0/axi-ad9081-rx-hpc@84a10000 <-> /axi/spi@ff040000/ad9081@0
[    2.542749] jesd204: created con: id=7, topo=0, link=0, /fpga-axi@0/axi-ad9081-tx-hpc@84b10000 <-> /axi/spi@ff040000/ad9081@0
[    2.553999] jesd204: /axi/spi@ff040000/ad9081@0: JESD204[2] transition uninitialized -> initialized
[    2.562986] jesd204: /axi/spi@ff040000/ad9081@0: JESD204[0] transition uninitialized -> initialized
[    2.571977] jesd204: found 8 devices and 1 topologies
[    2.577021] FPGA manager framework
[    2.580497] Advanced Linux Sound Architecture Driver Initialized.
[    2.586792] Bluetooth: Core ver 2.22
[    2.589982] NET: Registered protocol family 31
[    2.594382] Bluetooth: HCI device and connection manager initialized
[    2.600698] Bluetooth: HCI socket layer initialized
[    2.605540] Bluetooth: L2CAP socket layer initialized
[    2.610564] Bluetooth: SCO socket layer initialized
[    2.615752] clocksource: Switched to clocksource arch_sys_counter
[    2.621556] VFS: Disk quotas dquot_6.6.0
[    2.625390] VFS: Dquot-cache hash table entries: 512 (order 0, 4096 bytes)
[    2.636102] NET: Registered protocol family 2
[    2.636837] tcp_listen_portaddr_hash hash table entries: 2048 (order: 3, 32768 bytes, linear)
[    2.645031] TCP established hash table entries: 32768 (order: 6, 262144 bytes, linear)
[    2.653057] TCP bind hash table entries: 32768 (order: 7, 524288 bytes, linear)
[    2.660503] TCP: Hash tables configured (established 32768 bind 32768)
[    2.666676] UDP hash table entries: 2048 (order: 4, 65536 bytes, linear)
[    2.673342] UDP-Lite hash table entries: 2048 (order: 4, 65536 bytes, linear)
[    2.680502] NET: Registered protocol family 1
[    2.684957] RPC: Registered named UNIX socket transport module.
[    2.690575] RPC: Registered udp transport module.
[    2.695243] RPC: Registered tcp transport module.
[    2.699911] RPC: Registered tcp NFSv4.1 backchannel transport module.
[    2.706903] PCI: CLS 0 bytes, default 64
[    2.710588] hw perfevents: no interrupt-affinity property for /pmu, guessing.
[    2.717475] hw perfevents: enabled with armv8_pmuv3 PMU driver, 7 counters available
[    2.725801] Initialise system trusted keyrings
[    2.729488] workingset: timestamp_bits=62 max_order=20 bucket_order=0
[    2.736391] NFS: Registering the id_resolver key type
[    2.740840] Key type id_resolver registered
[    2.744979] Key type id_legacy registered
[    2.748970] nfs4filelayout_init: NFSv4 File Layout Driver Registering...
[    2.755636] jffs2: version 2.2. (NAND) (SUMMARY)  Â© 2001-2006 Red Hat, Inc.
[    2.798566] NET: Registered protocol family 38
[    2.798608] xor: measuring software checksum speed
[    2.806297]    8regs           :  2363 MB/sec
[    2.809965]    32regs          :  2799 MB/sec
[    2.814908]    arm64_neon      :  2380 MB/sec
[    2.815098] xor: using function: 32regs (2799 MB/sec)
[    2.820124] Key type asymmetric registered
[    2.824185] Asymmetric key parser 'x509' registered
[    2.829047] Block layer SCSI generic (bsg) driver version 0.4 loaded (major 248)
[    2.836383] io scheduler mq-deadline registered
[    2.840880] io scheduler kyber registered
[    2.870236] Serial: 8250/16550 driver, 4 ports, IRQ sharing disabled
[    2.874872] cacheinfo: Unable to detect cache hierarchy for CPU 0
[    2.881209] brd: module loaded
[    2.885355] loop: module loaded
[    2.885898] Registered mathworks_ip class
[    2.889260] libphy: Fixed MDIO Bus: probed
[    2.892211] tun: Universal TUN/TAP device driver, 1.6
[    2.896284] CAN device driver interface
[    2.900819] usbcore: registered new interface driver asix
[    2.905414] usbcore: registered new interface driver ax88179_178a
[    2.911449] usbcore: registered new interface driver cdc_ether
[    2.917243] usbcore: registered new interface driver net1080
[    2.922869] usbcore: registered new interface driver cdc_subset
[    2.928749] usbcore: registered new interface driver zaurus
[    2.934293] usbcore: registered new interface driver cdc_ncm
[    2.940695] ehci_hcd: USB 2.0 'Enhanced' Host Controller (EHCI) Driver
[    2.946378] ehci-pci: EHCI PCI platform driver
[    2.951180] usbcore: registered new interface driver uas
[    2.956093] usbcore: registered new interface driver usb-storage
[    2.962081] usbcore: registered new interface driver usbserial_generic
[    2.968533] usbserial: USB Serial support registered for generic
[    2.974508] usbcore: registered new interface driver ftdi_sio
[    2.980211] usbserial: USB Serial support registered for FTDI USB Serial Device
[    2.987482] usbcore: registered new interface driver upd78f0730
[    2.993356] usbserial: USB Serial support registered for upd78f0730
[    3.001015] rtc_zynqmp ffa60000.rtc: registered as rtc0
[    3.004782] rtc_zynqmp ffa60000.rtc: setting system clock to 2022-03-26T00:35:36 UTC (1648254936)
[    3.013644] i2c /dev entries driver
[    3.018950] usbcore: registered new interface driver uvcvideo
[    3.022757] USB Video Class driver (1.1.1)
[    3.028341] Bluetooth: HCI UART driver ver 2.3
[    3.031229] Bluetooth: HCI UART protocol H4 registered
[    3.036338] Bluetooth: HCI UART protocol BCSP registered
[    3.041627] Bluetooth: HCI UART protocol LL registered
[    3.046715] Bluetooth: HCI UART protocol ATH3K registered
[    3.052090] Bluetooth: HCI UART protocol Three-wire (H5) registered
[    3.058346] Bluetooth: HCI UART protocol Intel registered
[    3.063682] Bluetooth: HCI UART protocol QCA registered
[    3.068885] usbcore: registered new interface driver bcm203x
[    3.074505] usbcore: registered new interface driver bpa10x
[    3.080040] usbcore: registered new interface driver bfusb
[    3.085491] usbcore: registered new interface driver btusb
[    3.090955] usbcore: registered new interface driver ath3k
[    3.096435] EDAC MC: ECC not enabled
[    3.100073] EDAC DEVICE0: Giving out device to module zynqmp-ocm-edac controller zynqmp_ocm: DEV ff960000.memory-controller (INTERRUPT)
[    3.112375] sdhci: Secure Digital Host Controller Interface driver
[    3.118165] sdhci: Copyright(c) Pierre Ossman
[    3.122490] sdhci-pltfm: SDHCI platform and OF driver helper
[    3.128544] ledtrig-cpu: registered to indicate activity on CPUs
[    3.134094] SMCCC: SOC_ID: ARCH_SOC_ID not implemented, skipping ....
[    3.140524] zynqmp_firmware_probe Platform Management API v1.1
[    3.146281] zynqmp_firmware_probe Trustzone version v1.0
[    3.185821] zynqmp-pinctrl firmware:zynqmp-firmware:pinctrl: zynqmp pinctrl initialized
[    3.233741] zynqmp-aes firmware:zynqmp-firmware:zynqmp-aes: will run requests pump with realtime priority
[    3.249501] alg: No test for xilinx-keccak-384 (zynqmp-keccak-384)
[    3.250206] alg: No test for xilinx-zynqmp-rsa (zynqmp-rsa)
[    3.255724] usbcore: registered new interface driver usbhid
[    3.261109] usbhid: USB HID core driver
[    3.272349] axi_sysid 85000000.axi-sysid-0: AXI System ID core version (1.01.a) found
[    3.274698] axi_sysid 85000000.axi-sysid-0: [ad9081_fmca_ebz] on [zcu102] git branch <master> git <084d44c9780640ca93fd847b1d9ec70dd65f5c67> clean [2022-03-18 04:17:50] UTC
[    3.290385] fpga_manager fpga0: Xilinx ZynqMP FPGA Manager registered
[    3.296753] usbcore: registered new interface driver snd-usb-audio
[    3.304191] pktgen: Packet Generator for packet performance testing. Version: 2.75
[    3.310366] Initializing XFRM netlink socket
[    3.314224] NET: Registered protocol family 10
[    3.318946] Segment Routing with IPv6
[    3.322330] sit: IPv6, IPv4 and MPLS over IPv4 tunneling driver
[    3.328398] NET: Registered protocol family 17
[    3.332501] NET: Registered protocol family 15
[    3.336994] can: controller area network core
[    3.341253] NET: Registered protocol family 29
[    3.345638] can: raw protocol
[    3.348578] can: broadcast manager protocol
[    3.352730] can: netlink gateway - max_hops=1
[    3.357131] Bluetooth: RFCOMM TTY layer initialized
[    3.361905] Bluetooth: RFCOMM socket layer initialized
[    3.367016] Bluetooth: RFCOMM ver 1.11
[    3.370726] Bluetooth: BNEP (Ethernet Emulation) ver 1.3
[    3.375996] Bluetooth: BNEP filters: protocol multicast
[    3.381187] Bluetooth: BNEP socket layer initialized
[    3.386117] Bluetooth: HIDP (Human Interface Emulation) ver 1.2
[    3.392000] Bluetooth: HIDP socket layer initialized
[    3.397052] 9pnet: Installing 9P2000 support
[    3.401178] NET: Registered protocol family 36
[    3.405591] Key type dns_resolver registered
[    3.410026] registered taskstats version 1
[    3.413890] Loading compiled-in X.509 certificates
[    3.419001] Btrfs loaded, crc32c=crc32c-generic
[    3.431404] ff000000.serial: ttyPS0 at MMIO 0xff000000 (irq = 49, base_baud = 6249999) is a xuartps
[    3.440424] printk: console [ttyPS0] enabled
[    3.444719] printk: bootconsole [cdns0] disabled
[    3.454347] ff010000.serial: ttyPS1 at MMIO 0xff010000 (irq = 50, base_baud = 6249999) is a xuartps
[    3.467605] of-fpga-region fpga-full: FPGA Region probed
[    3.474556] nwl-pcie fd0e0000.pcie: host bridge /axi/pcie@fd0e0000 ranges:
[    3.481448] nwl-pcie fd0e0000.pcie:      MEM 0x00e0000000..0x00efffffff -> 0x00e0000000
[    3.489456] nwl-pcie fd0e0000.pcie:      MEM 0x0600000000..0x07ffffffff -> 0x0600000000
[    3.497520] nwl-pcie fd0e0000.pcie: Link is DOWN
[    3.502278] nwl-pcie fd0e0000.pcie: PCI host bridge to bus 0000:00
[    3.508455] pci_bus 0000:00: root bus resource [bus 00-ff]
[    3.513937] pci_bus 0000:00: root bus resource [mem 0xe0000000-0xefffffff]
[    3.520808] pci_bus 0000:00: root bus resource [mem 0x600000000-0x7ffffffff pref]
[    3.528310] pci 0000:00:00.0: [10ee:d021] type 01 class 0x060400
[    3.534367] pci 0000:00:00.0: PME# supported from D0 D1 D2 D3hot
[    3.544809] pci 0000:00:00.0: PCI bridge to [bus 01-0c]
[    3.550787] xilinx-zynqmp-dma fd500000.dma: ZynqMP DMA driver Probe success
[    3.557964] xilinx-zynqmp-dma fd510000.dma: ZynqMP DMA driver Probe success
[    3.565139] xilinx-zynqmp-dma fd520000.dma: ZynqMP DMA driver Probe success
[    3.572307] xilinx-zynqmp-dma fd530000.dma: ZynqMP DMA driver Probe success
[    3.579475] xilinx-zynqmp-dma fd540000.dma: ZynqMP DMA driver Probe success
[    3.586641] xilinx-zynqmp-dma fd550000.dma: ZynqMP DMA driver Probe success
[    3.593807] xilinx-zynqmp-dma fd560000.dma: ZynqMP DMA driver Probe success
[    3.600975] xilinx-zynqmp-dma fd570000.dma: ZynqMP DMA driver Probe success
[    3.608376] xilinx-zynqmp-dpdma fd4c0000.dma-controller: Xilinx DPDMA engine is probed
[    3.616935] ahci-ceva fd0c0000.ahci: supply ahci not found, using dummy regulator
[    3.624474] ahci-ceva fd0c0000.ahci: supply phy not found, using dummy regulator
[    3.711928] hmc7044 spi2.0: PLL1: Acquisition, CLKIN0 @ 122880000 Hz, PFD: 80 kHz - PLL2: Locked @ 3120.000000 MHz
[    3.722650] jesd204: /axi/spi@ff050000/hmc7044@0,jesd204:1,parent=spi2.0: Using as SYSREF provider
[    3.732236] spi-nor spi0.0: SPI-NOR-UniqueID 100000235394732200270025081115266e
[    3.739543] spi-nor spi0.0: found n25q512a, expected m25p80
[    3.745752] spi-nor spi0.0: trying to lock already unlocked area
[    3.751755] spi-nor spi0.0: n25q512a (131072 Kbytes)
[    3.756739] 4 fixed-partitions partitions found on MTD device spi0.0
[    3.763086] Creating 4 MTD partitions on "spi0.0":
[    3.767872] 0x000000000000-0x000000100000 : "qspi-fsbl-uboot"
[    3.774360] 0x000000100000-0x000000600000 : "qspi-linux"
[    3.780321] 0x000000600000-0x000000620000 : "qspi-device-tree"
[    3.786797] 0x000000620000-0x000000c00000 : "qspi-rootfs"
[    3.795267] macb ff0e0000.ethernet: Not enabling partial store and forward
[    3.802795] libphy: MACB_mii_bus: probed
[    3.807861] macb ff0e0000.ethernet eth0: Cadence GEM rev 0x50070106 at 0xff0e0000 irq 30 (00:0a:35:04:8e:1b)
[    3.818074] xilinx-axipmon ffa00000.perf-monitor: Probed Xilinx APM
[    3.824648] xilinx-axipmon fd0b0000.perf-monitor: Probed Xilinx APM
[    3.831165] xilinx-axipmon fd490000.perf-monitor: Probed Xilinx APM
[    3.837701] xilinx-axipmon ffa10000.perf-monitor: Probed Xilinx APM
[    3.847705] pca953x 0-0020: supply vcc not found, using dummy regulator
[    3.854388] pca953x 0-0020: using no AI
[    3.858874] gpio-496 (sel0): hogged as output/low
[    3.863781] gpio-497 (sel1): hogged as output/high
[    3.868769] gpio-498 (sel2): hogged as output/high
[    3.873759] gpio-499 (sel3): hogged as output/high
[    3.878936] pca953x 0-0021: supply vcc not found, using dummy regulator
[    3.885608] pca953x 0-0021: using no AI
[    3.891377] ina2xx 2-0040: power monitor ina226 (Rshunt = 5000 uOhm)
[    3.898403] ina2xx 2-0041: power monitor ina226 (Rshunt = 5000 uOhm)
[    3.905443] ina2xx 2-0042: power monitor ina226 (Rshunt = 5000 uOhm)
[    3.912477] ina2xx 2-0043: power monitor ina226 (Rshunt = 5000 uOhm)
[    3.919498] ina2xx 2-0044: power monitor ina226 (Rshunt = 5000 uOhm)
[    3.926520] ina2xx 2-0045: power monitor ina226 (Rshunt = 5000 uOhm)
[    3.933553] ina2xx 2-0046: power monitor ina226 (Rshunt = 5000 uOhm)
[    3.940630] ina2xx 2-0047: power monitor ina226 (Rshunt = 5000 uOhm)
[    3.947660] ina2xx 2-004a: power monitor ina226 (Rshunt = 5000 uOhm)
[    3.954687] ina2xx 2-004b: power monitor ina226 (Rshunt = 5000 uOhm)
[    3.961092] i2c i2c-0: Added multiplexed i2c bus 2
[    3.966478] random: fast init done
[    3.969954] ina2xx 3-0040: power monitor ina226 (Rshunt = 2000 uOhm)
[    3.976983] ina2xx 3-0041: power monitor ina226 (Rshunt = 5000 uOhm)
[    3.984014] ina2xx 3-0042: power monitor ina226 (Rshunt = 5000 uOhm)
[    3.991047] ina2xx 3-0043: power monitor ina226 (Rshunt = 5000 uOhm)
[    3.998073] ina2xx 3-0044: power monitor ina226 (Rshunt = 5000 uOhm)
[    4.005101] ina2xx 3-0045: power monitor ina226 (Rshunt = 5000 uOhm)
[    4.012132] ina2xx 3-0046: power monitor ina226 (Rshunt = 5000 uOhm)
[    4.019160] ina2xx 3-0047: power monitor ina226 (Rshunt = 5000 uOhm)
[    4.025563] i2c i2c-0: Added multiplexed i2c bus 3
[    4.081334] i2c i2c-0: Added multiplexed i2c bus 4
[    4.086276] i2c i2c-0: Added multiplexed i2c bus 5
[    4.091066] pca954x 0-0075: registered 4 multiplexed busses for I2C mux pca9544
[    4.098416] cdns-i2c ff020000.i2c: 400 kHz mmio ff020000 irq 32
[    4.106156] at24 6-0054: supply vcc not found, using dummy regulator
[    4.113051] at24 6-0054: 1024 byte 24c08 EEPROM, writable, 1 bytes/write
[    4.119804] i2c i2c-1: Added multiplexed i2c bus 6
[    4.126235] si5341 7-0036: Chip: 5341 Grade: 1 Rev: 1
[    4.163933] i2c i2c-1: Added multiplexed i2c bus 7
[    4.171584] si570 8-005d: registered, current frequency 300000000 Hz
[    4.177985] i2c i2c-1: Added multiplexed i2c bus 8
[    4.197772] si570 9-005d: registered, current frequency 148500000 Hz
[    4.204173] i2c i2c-1: Added multiplexed i2c bus 9
[    4.209210] si5324 10-0069: si5328 probed
[    4.276114] si5324 10-0069: si5328 probe successful
[    4.281045] i2c i2c-1: Added multiplexed i2c bus 10
[    4.286072] i2c i2c-1: Added multiplexed i2c bus 11
[    4.291100] i2c i2c-1: Added multiplexed i2c bus 12
[    4.296122] i2c i2c-1: Added multiplexed i2c bus 13
[    4.301000] pca954x 1-0074: registered 8 multiplexed busses for I2C switch pca9548
[    4.309108] at24 14-0050: supply vcc not found, using dummy regulator
[    4.315896] at24 14-0050: 256 byte 24c02 EEPROM, writable, 1 bytes/write
[    4.322644] i2c i2c-1: Added multiplexed i2c bus 14
[    4.327685] i2c i2c-1: Added multiplexed i2c bus 15
[    4.332716] i2c i2c-1: Added multiplexed i2c bus 16
[    4.337754] i2c i2c-1: Added multiplexed i2c bus 17
[    4.342785] i2c i2c-1: Added multiplexed i2c bus 18
[    4.347838] i2c i2c-1: Added multiplexed i2c bus 19
[    4.352871] i2c i2c-1: Added multiplexed i2c bus 20
[    4.357912] i2c i2c-1: Added multiplexed i2c bus 21
[    4.362793] pca954x 1-0075: registered 8 multiplexed busses for I2C switch pca9548
[    4.370402] cdns-i2c ff030000.i2c: 400 kHz mmio ff030000 irq 33
[    4.380153] cdns-wdt fd4d0000.watchdog: Xilinx Watchdog Timer with timeout 60s
[    4.391101] axi_adxcvr 84a60000.axi-adxcvr-rx: AXI-ADXCVR-RX (17.05.a) using CPLL on GTH4 at 0x84A60000. Number of lanes: 4.
[    4.403274] axi_adxcvr 84b60000.axi-adxcvr-tx: AXI-ADXCVR-TX (17.05.a) using QPLL on GTH4 at 0x84B60000. Number of lanes: 4.
[    4.414905] axi-jesd204-rx 84a90000.axi-jesd204-rx: AXI-JESD204-RX (1.07.a) at 0x84A90000. Encoder 8b10b, width 4/4, lanes 4, jesd204-fsm.
[    4.422181] mmc0: SDHCI controller on ff170000.mmc [ff170000.mmc] using ADMA 64-bit
[    4.427741] axi-jesd204-tx 84b90000.axi-jesd204-tx: AXI-JESD204-TX (1.06.a) at 0x84B90000. Encoder 8b10b, width 4/4, lanes 4, jesd204-fsm.
[    4.448473] zynqmp-display fd4a0000.display: vtc bridge property not present
[    4.458128] xilinx-dp-snd-codec fd4a0000.display:zynqmp_dp_snd_codec0: Failed to get required clock freq
[    4.467630] xilinx-dp-snd-codec: probe of fd4a0000.display:zynqmp_dp_snd_codec0 failed with error -22
[    4.469525] mmc0: new high speed SDHC card at address 0001
[    4.477170] xilinx-dp-snd-pcm zynqmp_dp_snd_pcm0: Xilinx DisplayPort Sound PCM probed
[    4.482685] mmcblk0: mmc0:0001 EB1QT 29.8 GiB 
[    4.490487] xilinx-dp-snd-pcm zynqmp_dp_snd_pcm1: Xilinx DisplayPort Sound PCM probed
[    4.502790] OF: graph: no port node found in /axi/display@fd4a0000
[    4.503298]  mmcblk0: p1 p2 p3
[    4.509208] xlnx-drm xlnx-drm.0: bound fd4a0000.display (ops 0xffffffc010fcbdb8)
[    5.595767] zynqmp-display fd4a0000.display: [drm] Cannot find any crtc or sizes
[    5.603385] [drm] Initialized xlnx 1.0.0 20130509 for fd4a0000.display on minor 0
[    5.610876] zynqmp-display fd4a0000.display: ZynqMP DisplayPort Subsystem driver probed
[    5.619208] ahci-ceva fd0c0000.ahci: supply ahci not found, using dummy regulator
[    5.626753] ahci-ceva fd0c0000.ahci: supply phy not found, using dummy regulator
[    5.634205] ahci-ceva fd0c0000.ahci: supply target not found, using dummy regulator
[    5.642041] ahci-ceva fd0c0000.ahci: AHCI 0001.0301 32 slots 2 ports 6 Gbps 0x3 impl platform mode
[    5.650999] ahci-ceva fd0c0000.ahci: flags: 64bit ncq sntf pm clo only pmp fbs pio slum part ccc sds apst 
[    5.661714] scsi host0: ahci-ceva
[    5.665300] scsi host1: ahci-ceva
[    5.668726] ata1: SATA max UDMA/133 mmio [mem 0xfd0c0000-0xfd0c1fff] port 0x100 irq 45
[    5.676638] ata2: SATA max UDMA/133 mmio [mem 0xfd0c0000-0xfd0c1fff] port 0x180 irq 45
[    5.685237] ad9081 spi1.0: supply vdd not found, using dummy regulator
[    5.997962] ata2: SATA link down (SStatus 0 SControl 330)
[    6.003369] ata1: SATA link down (SStatus 0 SControl 330)
[    6.679770] zynqmp-display fd4a0000.display: [drm] Cannot find any crtc or sizes
[    7.544565] ad9081 spi1.0: AD9081 Rev. 2 Grade 10 (API 1.2.2) probed
[    7.551760] xhci-hcd xhci-hcd.1.auto: xHCI Host Controller
[    7.557247] xhci-hcd xhci-hcd.1.auto: new USB bus registered, assigned bus number 1
[    7.564989] xhci-hcd xhci-hcd.1.auto: hcc params 0x0238f625 hci version 0x100 quirks 0x0000000002010810
[    7.574400] xhci-hcd xhci-hcd.1.auto: irq 59, io mem 0xfe200000
[    7.580510] usb usb1: New USB device found, idVendor=1d6b, idProduct=0002, bcdDevice= 5.10
[    7.588775] usb usb1: New USB device strings: Mfr=3, Product=2, SerialNumber=1
[    7.595993] usb usb1: Product: xHCI Host Controller
[    7.600862] usb usb1: Manufacturer: Linux 5.10.0-98103-g2aa7ac113716 xhci-hcd
[    7.607988] usb usb1: SerialNumber: xhci-hcd.1.auto
[    7.613156] hub 1-0:1.0: USB hub found
[    7.616924] hub 1-0:1.0: 1 port detected
[    7.621026] xhci-hcd xhci-hcd.1.auto: xHCI Host Controller
[    7.626510] xhci-hcd xhci-hcd.1.auto: new USB bus registered, assigned bus number 2
[    7.634166] xhci-hcd xhci-hcd.1.auto: Host supports USB 3.0 SuperSpeed
[    7.640791] usb usb2: New USB device found, idVendor=1d6b, idProduct=0003, bcdDevice= 5.10
[    7.649048] usb usb2: New USB device strings: Mfr=3, Product=2, SerialNumber=1
[    7.656272] usb usb2: Product: xHCI Host Controller
[    7.661145] usb usb2: Manufacturer: Linux 5.10.0-98103-g2aa7ac113716 xhci-hcd
[    7.668270] usb usb2: SerialNumber: xhci-hcd.1.auto
[    7.673378] hub 2-0:1.0: USB hub found
[    7.677141] hub 2-0:1.0: 1 port detected
[    7.707229] cf_axi_adc 84a10000.axi-ad9081-rx-hpc: ADI AIM (10.01.b) at 0x84A10000 mapped to 0x(____ptrval____), probed ADC AD9081 as MASTER
[    7.740587] cf_axi_dds 84b10000.axi-ad9081-tx-hpc: Analog Devices CF_AXI_DDS_DDS MASTER (9.01.b) at 0x84B10000 mapped to 0x(____ptrval____), probed DDS AD9081
[    7.754793] jesd204: /axi/spi@ff040000/ad9081@0,jesd204:0,parent=spi1.0: JESD204[2] transition initialized -> probed
[    7.765313] jesd204: /axi/spi@ff040000/ad9081@0,jesd204:0,parent=spi1.0: JESD204[0] transition initialized -> probed
[    7.775836] jesd204: /axi/spi@ff040000/ad9081@0,jesd204:0,parent=spi1.0: JESD204[2] transition probed -> idle
[    7.785744] jesd204: /axi/spi@ff040000/ad9081@0,jesd204:0,parent=spi1.0: JESD204[0] transition probed -> idle
[    7.795659] jesd204: /axi/spi@ff040000/ad9081@0,jesd204:0,parent=spi1.0: JESD204[2] transition idle -> device_init
[    7.806002] jesd204: /axi/spi@ff040000/ad9081@0,jesd204:0,parent=spi1.0: JESD204[0] transition idle -> device_init
[    7.816354] jesd204: /axi/spi@ff040000/ad9081@0,jesd204:0,parent=spi1.0: JESD204[2] transition device_init -> link_init
[    7.827129] jesd204: /axi/spi@ff040000/ad9081@0,jesd204:0,parent=spi1.0: JESD204[0] transition device_init -> link_init
[    7.837920] jesd204: /axi/spi@ff040000/ad9081@0,jesd204:0,parent=spi1.0: JESD204[2] transition link_init -> link_supported
[    7.848959] jesd204: /axi/spi@ff040000/ad9081@0,jesd204:0,parent=spi1.0: JESD204[0] transition link_init -> link_supported
[    7.860369] hmc7044 spi2.0: hmc7044_jesd204_link_pre_setup: Link2 forcing continuous SYSREF mode
[    7.869539] jesd204: /axi/spi@ff040000/ad9081@0,jesd204:0,parent=spi1.0: JESD204[2] transition link_supported -> link_pre_setup
[    7.881017] jesd204: /axi/spi@ff040000/ad9081@0,jesd204:0,parent=spi1.0: JESD204[0] transition link_supported -> link_pre_setup
[    7.904858] jesd204: /axi/spi@ff040000/ad9081@0,jesd204:0,parent=spi1.0: JESD204[2] transition link_pre_setup -> clk_sync_stage1
[    7.916423] jesd204: /axi/spi@ff040000/ad9081@0,jesd204:0,parent=spi1.0: JESD204[0] transition link_pre_setup -> clk_sync_stage1
[    7.927987] jesd204: /axi/spi@ff040000/ad9081@0,jesd204:0,parent=spi1.0: JESD204[2] transition clk_sync_stage1 -> clk_sync_stage2
[    7.939629] jesd204: /axi/spi@ff040000/ad9081@0,jesd204:0,parent=spi1.0: JESD204[0] transition clk_sync_stage1 -> clk_sync_stage2
[    7.951282] jesd204: /axi/spi@ff040000/ad9081@0,jesd204:0,parent=spi1.0: JESD204[2] transition clk_sync_stage2 -> clk_sync_stage3
[    7.962927] jesd204: /axi/spi@ff040000/ad9081@0,jesd204:0,parent=spi1.0: JESD204[0] transition clk_sync_stage2 -> clk_sync_stage3
[    7.976599] jesd204: /axi/spi@ff040000/ad9081@0,jesd204:0,parent=spi1.0: JESD204[2] transition clk_sync_stage3 -> link_setup
[    7.987813] jesd204: /axi/spi@ff040000/ad9081@0,jesd204:0,parent=spi1.0: JESD204[0] transition clk_sync_stage3 -> link_setup
[    8.003805] jesd204: /axi/spi@ff040000/ad9081@0,jesd204:0,parent=spi1.0: JESD204[2] transition link_setup -> opt_setup_stage1
[    8.015105] jesd204: /axi/spi@ff040000/ad9081@0,jesd204:0,parent=spi1.0: JESD204[0] transition link_setup -> opt_setup_stage1
[    8.031176] jesd204: /axi/spi@ff040000/ad9081@0,jesd204:0,parent=spi1.0: JESD204[2] transition opt_setup_stage1 -> opt_setup_stage2
[    8.043009] jesd204: /axi/spi@ff040000/ad9081@0,jesd204:0,parent=spi1.0: JESD204[0] transition opt_setup_stage1 -> opt_setup_stage2
[    8.054984] jesd204: /axi/spi@ff040000/ad9081@0,jesd204:0,parent=spi1.0: JESD204[2] transition opt_setup_stage2 -> opt_setup_stage3
[    8.066804] jesd204: /axi/spi@ff040000/ad9081@0,jesd204:0,parent=spi1.0: JESD204[0] transition opt_setup_stage2 -> opt_setup_stage3
[    8.078626] jesd204: /axi/spi@ff040000/ad9081@0,jesd204:0,parent=spi1.0: JESD204[2] transition opt_setup_stage3 -> opt_setup_stage4
[    8.090445] jesd204: /axi/spi@ff040000/ad9081@0,jesd204:0,parent=spi1.0: JESD204[0] transition opt_setup_stage3 -> opt_setup_stage4
[    8.102273] jesd204: /axi/spi@ff040000/ad9081@0,jesd204:0,parent=spi1.0: JESD204[2] transition opt_setup_stage4 -> opt_setup_stage5
[    8.114091] jesd204: /axi/spi@ff040000/ad9081@0,jesd204:0,parent=spi1.0: JESD204[0] transition opt_setup_stage4 -> opt_setup_stage5
[    8.130079] jesd204: /axi/spi@ff040000/ad9081@0,jesd204:0,parent=spi1.0: JESD204[2] transition opt_setup_stage5 -> clocks_enable
[    8.141641] jesd204: /axi/spi@ff040000/ad9081@0,jesd204:0,parent=spi1.0: JESD204[0] transition opt_setup_stage5 -> clocks_enable
[    8.188577] axi_adxcvr 84a60000.axi-adxcvr-rx: adxcvr_clk_enable: CPLL RX buffer underflow error, status: 0x61
[    8.198562] axi_adxcvr 84a60000.axi-adxcvr-rx: adxcvr_clk_enable: CPLL RX buffer overflow error, status: 0x61
[    8.208538] jesd204: /axi/spi@ff040000/ad9081@0,jesd204:0,parent=spi1.0: JESD204[2] transition clocks_enable -> link_enable
[    8.219665] jesd204: /axi/spi@ff040000/ad9081@0,jesd204:0,parent=spi1.0: JESD204[0] transition clocks_enable -> link_enable
[    8.252001] ad9081 spi1.0: JESD RX (JTX) Link2 in DATA, SYNC deasserted, PLL locked, PHASE established, MODE valid
[    8.262608] ad9081 spi1.0: JESD TX (JRX) Link0 0xF lanes in DATA
[    8.268612] jesd204: /axi/spi@ff040000/ad9081@0,jesd204:0,parent=spi1.0: JESD204[2] transition link_enable -> link_running
[    8.279651] jesd204: /axi/spi@ff040000/ad9081@0,jesd204:0,parent=spi1.0: JESD204[0] transition link_enable -> link_running
[    8.290696] jesd204: /axi/spi@ff040000/ad9081@0,jesd204:0,parent=spi1.0: JESD204[2] transition link_running -> opt_post_running_stage
[    8.302687] jesd204: /axi/spi@ff040000/ad9081@0,jesd204:0,parent=spi1.0: JESD204[0] transition link_running -> opt_post_running_stage
[    8.323987] input: gpio-keys as /devices/platform/gpio-keys/input/input0
[    8.331044] of_cfs_init
[    8.333518] of_cfs_init: OK
[    8.336474] cfg80211: Loading compiled-in X.509 certificates for regulatory database
[    8.507880] cfg80211: Loaded X.509 cert 'sforshee: 00b28ddf47aef9cea7'
[    8.514415] clk: Not disabling unused clocks
[    8.518942] ALSA device list:
[    8.521906]   No soundcards found.
[    8.525584] platform regulatory.0: Direct firmware load for regulatory.db failed with error -2
[    8.534191] cfg80211: failed to load regulatory.db
[    8.542882] random: crng init done
[    8.549071] EXT4-fs (mmcblk0p2): mounted filesystem with ordered data mode. Opts: (null)
[    8.557191] VFS: Mounted root (ext4 filesystem) on device 179:2.
[    8.570642] devtmpfs: mounted
[    8.574474] Freeing unused kernel memory: 2560K
[    8.587805] Run /sbin/init as init process
[    8.591896]   with arguments:
[    8.591899]     /sbin/init
[    8.591901]   with environment:
[    8.591903]     HOME=/
[    8.591905]     TERM=linux
[    9.158132] systemd[1]: systemd 241 running in system mode. (+PAM +AUDIT +SELINUX +IMA +APPARMOR +SMACK +SYSVINIT +UTMP +LIBCRYPTSETUP +GCRYPT +GNUTLS +ACL +XZ +LZ4 +SECCOMP +BLKID +ELFUTILS +KMOD -IDN2 +IDN -PCRE2 default-hierarchy=hybrid)
[    9.180064] systemd[1]: Detected architecture arm64.
[    9.204475] systemd[1]: Set hostname to <analog>.
[    9.401071] systemd[1]: File /lib/systemd/system/systemd-journald.service:12 configures an IP firewall (IPAddressDeny=any), but the local system does not support BPF/cgroup based firewalling.
[    9.418117] systemd[1]: Proceeding WITHOUT firewalling in effect! (This warning is only shown for the first loaded unit using IP firewalling.)
[    9.582114] systemd[1]: /etc/systemd/system/tof-server.service:1: Assignment outside of section. Ignoring.
[    9.591806] systemd[1]: /etc/systemd/system/tof-server.service:2: Assignment outside of section. Ignoring.
[    9.783665] systemd[1]: Created slice system-getty.slice.
[    9.804105] systemd[1]: Created slice system-systemd\x2dfsck.slice.
[    9.828133] systemd[1]: Listening on Syslog Socket.
[   10.665248] EXT4-fs (mmcblk0p2): re-mounted. Opts: (null)
[   10.819127] systemd-journald[167]: Received request to flush runtime journal from PID 1
[   17.103411] macb ff0e0000.ethernet eth0: PHY [ff0e0000.ethernet-ffffffff:0c] driver [TI DP83867] (irq=POLL)
[   17.103424] macb ff0e0000.ethernet eth0: configuring for phy/rgmii-id link mode
[   17.397316] Adding 96252k swap on /var/swap.  Priority:-2 extents:1 across:96252k SS
[   20.009097] broken atomic modeset userspace detected, disabling atomic
[   21.185369] macb ff0e0000.ethernet eth0: Link is Up - 1Gbps/Full - flow control off
[   21.185394] IPv6: ADDRCONF(NETDEV_CHANGE): eth0: link becomes ready
[   22.688399] broken atomic modeset userspace detected, disabling atomic
[   25.830317] broken atomic modeset userspace detected, disabling atomic
[   28.457585] broken atomic modeset userspace detected, disabling atomic