[    0.000000] Booting Linux on physical CPU 0x0000000000 [0x410fd034]
[    0.000000] Linux version 5.10.0-98103-g2aa7ac113716 (jenkins@romlxbuild1.adlk.analog.com) (aarch64-xilinx-linux-gcc.real (GCC) 10.2.0, GNU ld (GNU Binutils) 2.35.0.20200730) #5577 SMP Wed Mar 23 07:28:49 GMT 2022
[    0.000000] Machine model: ZynqMP ZCU102 Rev1.0
[    0.000000] earlycon: cdns0 at MMIO 0x00000000ff000000 (options '115200n8')
[    0.000000] printk: bootconsole [cdns0] enabled
[    0.000000] efi: UEFI not found.
[    0.000000] cma: Reserved 256 MiB at 0x0000000070000000
[    0.000000] Zone ranges:
[    0.000000]   DMA      [mem 0x0000000000000000-0x000000003fffffff]
[    0.000000]   DMA32    [mem 0x0000000040000000-0x00000000ffffffff]
[    0.000000]   Normal   [mem 0x0000000100000000-0x000000087fffffff]
[    0.000000] Movable zone start for each node
[    0.000000] Early memory node ranges
[    0.000000]   node   0: [mem 0x0000000000000000-0x000000007fffffff]
[    0.000000]   node   0: [mem 0x0000000800000000-0x000000087fffffff]
[    0.000000] Initmem setup node 0 [mem 0x0000000000000000-0x000000087fffffff]
[    0.000000] On node 0 totalpages: 1048576
[    0.000000]   DMA zone: 3584 pages used for memmap
[    0.000000]   DMA zone: 0 pages reserved
[    0.000000]   DMA zone: 262144 pages, LIFO batch:63
[    0.000000]   DMA32 zone: 3584 pages used for memmap
[    0.000000]   DMA32 zone: 262144 pages, LIFO batch:63
[    0.000000]   Normal zone: 7168 pages used for memmap
[    0.000000]   Normal zone: 524288 pages, LIFO batch:63
[    0.000000] psci: probing for conduit method from DT.
[    0.000000] psci: PSCIv1.1 detected in firmware.
[    0.000000] psci: Using standard PSCI v0.2 function IDs
[    0.000000] psci: MIGRATE_INFO_TYPE not supported.
[    0.000000] psci: SMC Calling Convention v1.2
[    0.000000] percpu: Embedded 22 pages/cpu s49496 r8192 d32424 u90112
[    0.000000] pcpu-alloc: s49496 r8192 d32424 u90112 alloc=22*4096
[    0.000000] pcpu-alloc: [0] 0 [0] 1 [0] 2 [0] 3 
[    0.000000] Detected VIPT I-cache on CPU0
[    0.000000] CPU features: detected: ARM erratum 845719
[    0.000000] Built 1 zonelists, mobility grouping on.  Total pages: 1034240
[    0.000000] Kernel command line: console=ttyPS0,115200 root=/dev/mmcblk0p2 rw earlycon rootfstype=ext4 rootwait clk_ignore_unused cpuidle.off=1 root=/dev/mmcblk0p2 rw rootwait
[    0.000000] Dentry cache hash table entries: 524288 (order: 10, 4194304 bytes, linear)
[    0.000000] Inode-cache hash table entries: 262144 (order: 9, 2097152 bytes, linear)
[    0.000000] mem auto-init: stack:off, heap alloc:off, heap free:off
[    0.000000] software IO TLB: mapped [mem 0x000000003bfff000-0x000000003ffff000] (64MB)
[    0.000000] Memory: 3761904K/4194304K available (15296K kernel code, 1636K rwdata, 11876K rodata, 2560K init, 507K bss, 170256K reserved, 262144K cma-reserved)
[    0.000000] rcu: Hierarchical RCU implementation.
[    0.000000] rcu: 	RCU event tracing is enabled.
[    0.000000] rcu: 	RCU restricting CPUs from NR_CPUS=8 to nr_cpu_ids=4.
[    0.000000] rcu: RCU calculated value of scheduler-enlistment delay is 25 jiffies.
[    0.000000] rcu: Adjusting geometry for rcu_fanout_leaf=16, nr_cpu_ids=4
[    0.000000] NR_IRQS: 64, nr_irqs: 64, preallocated irqs: 0
[    0.000000] GIC: Adjusting CPU interface base to 0x00000000f902f000
[    0.000000] GIC: Using split EOI/Deactivate mode
[    0.000000] random: get_random_bytes called from start_kernel+0x31c/0x54c with crng_init=0
[    0.000000] arch_timer: cp15 timer(s) running at 100.00MHz (phys).
[    0.000000] clocksource: arch_sys_counter: mask: 0xffffffffffffff max_cycles: 0x171024e7e0, max_idle_ns: 440795205315 ns
[    0.000004] sched_clock: 56 bits at 100MHz, resolution 10ns, wraps every 4398046511100ns
[    0.008463] Console: colour dummy device 80x25
[    0.012483] Calibrating delay loop (skipped), value calculated using timer frequency.. 200.00 BogoMIPS (lpj=400000)
[    0.022841] pid_max: default: 32768 minimum: 301
[    0.027550] Mount-cache hash table entries: 8192 (order: 4, 65536 bytes, linear)
[    0.034789] Mountpoint-cache hash table entries: 8192 (order: 4, 65536 bytes, linear)
[    0.043394] rcu: Hierarchical SRCU implementation.
[    0.047559] EFI services will not be available.
[    0.051937] smp: Bringing up secondary CPUs ...
[    0.056658] Detected VIPT I-cache on CPU1
[    0.056696] CPU1: Booted secondary processor 0x0000000001 [0x410fd034]
[    0.057061] Detected VIPT I-cache on CPU2
[    0.057085] CPU2: Booted secondary processor 0x0000000002 [0x410fd034]
[    0.057425] Detected VIPT I-cache on CPU3
[    0.057449] CPU3: Booted secondary processor 0x0000000003 [0x410fd034]
[    0.057495] smp: Brought up 1 node, 4 CPUs
[    0.091780] SMP: Total of 4 processors activated.
[    0.096452] CPU features: detected: 32-bit EL0 Support
[    0.101556] CPU features: detected: CRC32 instructions
[    0.106695] CPU: All CPU(s) started at EL2
[    0.110736] alternatives: patching kernel code
[    0.116170] devtmpfs: initialized
[    0.124064] Registered cp15_barrier emulation handler
[    0.124115] Registered setend emulation handler
[    0.128091] clocksource: jiffies: mask: 0xffffffff max_cycles: 0xffffffff, max_idle_ns: 7645041785100000 ns
[    0.137671] futex hash table entries: 1024 (order: 4, 65536 bytes, linear)
[    0.151029] pinctrl core: initialized pinctrl subsystem
[    0.151675] NET: Registered protocol family 16
[    0.156094] DMA: preallocated 512 KiB GFP_KERNEL pool for atomic allocations
[    0.162107] DMA: preallocated 512 KiB GFP_KERNEL|GFP_DMA pool for atomic allocations
[    0.169834] DMA: preallocated 512 KiB GFP_KERNEL|GFP_DMA32 pool for atomic allocations
[    0.177635] audit: initializing netlink subsys (disabled)
[    0.183088] audit: type=2000 audit(0.116:1): state=initialized audit_enabled=0 res=1
[    0.183431] hw-breakpoint: found 6 breakpoint and 4 watchpoint registers.
[    0.197464] ASID allocator initialised with 65536 entries
[    0.224347] HugeTLB registered 1.00 GiB page size, pre-allocated 0 pages
[    0.225403] HugeTLB registered 32.0 MiB page size, pre-allocated 0 pages
[    0.232073] HugeTLB registered 2.00 MiB page size, pre-allocated 0 pages
[    0.238738] HugeTLB registered 64.0 KiB page size, pre-allocated 0 pages
[    1.304340] DRBG: Continuing without Jitter RNG
[    1.382136] raid6: neonx8   gen()  2143 MB/s
[    1.450181] raid6: neonx8   xor()  1600 MB/s
[    1.518235] raid6: neonx4   gen()  2198 MB/s
[    1.586288] raid6: neonx4   xor()  1568 MB/s
[    1.654358] raid6: neonx2   gen()  2076 MB/s
[    1.722399] raid6: neonx2   xor()  1440 MB/s
[    1.790472] raid6: neonx1   gen()  1772 MB/s
[    1.858515] raid6: neonx1   xor()  1220 MB/s
[    1.926572] raid6: int64x8  gen()  1438 MB/s
[    1.994627] raid6: int64x8  xor()   771 MB/s
[    2.062691] raid6: int64x4  gen()  1598 MB/s
[    2.130746] raid6: int64x4  xor()   820 MB/s
[    2.198817] raid6: int64x2  gen()  1397 MB/s
[    2.266865] raid6: int64x2  xor()   750 MB/s
[    2.334951] raid6: int64x1  gen()  1034 MB/s
[    2.403003] raid6: int64x1  xor()   517 MB/s
[    2.403041] raid6: using algorithm neonx4 gen() 2198 MB/s
[    2.406996] raid6: .... xor() 1568 MB/s, rmw enabled
[    2.411926] raid6: using neon recovery algorithm
[    2.416937] iommu: Default domain type: Translated 
[    2.421551] SCSI subsystem initialized
[    2.425096] libata version 3.00 loaded.
[    2.425220] usbcore: registered new interface driver usbfs
[    2.430553] usbcore: registered new interface driver hub
[    2.435825] usbcore: registered new device driver usb
[    2.440958] mc: Linux media interface: v0.10
[    2.445075] videodev: Linux video capture interface: v2.00
[    2.450565] EDAC MC: Ver: 3.0.0
[    2.453995] zynqmp-ipi-mbox mailbox@ff990400: Registered ZynqMP IPI mbox with TX/RX channels.
[    2.462506] jesd204: created con: id=0, topo=0, link=0, /axi/spi@ff050000/hmc7044@0 <-> /fpga-axi@0/axi-adxcvr-tx@84b60000
[    2.473096] jesd204: created con: id=1, topo=0, link=2, /axi/spi@ff050000/hmc7044@0 <-> /fpga-axi@0/axi-adxcvr-rx@84a60000
[    2.484078] jesd204: created con: id=2, topo=0, link=0, /fpga-axi@0/axi-adxcvr-tx@84b60000 <-> /fpga-axi@0/axi-jesd204-tx@84b90000
[    2.495755] jesd204: created con: id=3, topo=0, link=2, /fpga-axi@0/axi-adxcvr-rx@84a60000 <-> /fpga-axi@0/axi-jesd204-rx@84a90000
[    2.507432] jesd204: created con: id=4, topo=0, link=0, /fpga-axi@0/axi-jesd204-tx@84b90000 <-> /fpga-axi@0/axi-ad9081-tx-hpc@84b10000
[    2.519456] jesd204: created con: id=5, topo=0, link=2, /fpga-axi@0/axi-jesd204-rx@84a90000 <-> /fpga-axi@0/axi-ad9081-rx-hpc@84a10000
[    2.531484] jesd204: created con: id=6, topo=0, link=2, /fpga-axi@0/axi-ad9081-rx-hpc@84a10000 <-> /axi/spi@ff040000/ad9081@0
[    2.542725] jesd204: created con: id=7, topo=0, link=0, /fpga-axi@0/axi-ad9081-tx-hpc@84b10000 <-> /axi/spi@ff040000/ad9081@0
[    2.553974] jesd204: /axi/spi@ff040000/ad9081@0: JESD204[2] transition uninitialized -> initialized
[    2.562961] jesd204: /axi/spi@ff040000/ad9081@0: JESD204[0] transition uninitialized -> initialized
[    2.571952] jesd204: found 8 devices and 1 topologies
[    2.576998] FPGA manager framework
[    2.580475] Advanced Linux Sound Architecture Driver Initialized.
[    2.586767] Bluetooth: Core ver 2.22
[    2.589955] NET: Registered protocol family 31
[    2.594357] Bluetooth: HCI device and connection manager initialized
[    2.600673] Bluetooth: HCI socket layer initialized
[    2.605515] Bluetooth: L2CAP socket layer initialized
[    2.610537] Bluetooth: SCO socket layer initialized
[    2.615731] clocksource: Switched to clocksource arch_sys_counter
[    2.621528] VFS: Disk quotas dquot_6.6.0
[    2.625363] VFS: Dquot-cache hash table entries: 512 (order 0, 4096 bytes)
[    2.636104] NET: Registered protocol family 2
[    2.636806] tcp_listen_portaddr_hash hash table entries: 2048 (order: 3, 32768 bytes, linear)
[    2.645000] TCP established hash table entries: 32768 (order: 6, 262144 bytes, linear)
[    2.653031] TCP bind hash table entries: 32768 (order: 7, 524288 bytes, linear)
[    2.660480] TCP: Hash tables configured (established 32768 bind 32768)
[    2.666651] UDP hash table entries: 2048 (order: 4, 65536 bytes, linear)
[    2.673318] UDP-Lite hash table entries: 2048 (order: 4, 65536 bytes, linear)
[    2.680483] NET: Registered protocol family 1
[    2.684932] RPC: Registered named UNIX socket transport module.
[    2.690555] RPC: Registered udp transport module.
[    2.695216] RPC: Registered tcp transport module.
[    2.699886] RPC: Registered tcp NFSv4.1 backchannel transport module.
[    2.706867] PCI: CLS 0 bytes, default 64
[    2.710585] hw perfevents: no interrupt-affinity property for /pmu, guessing.
[    2.717450] hw perfevents: enabled with armv8_pmuv3 PMU driver, 7 counters available
[    2.725785] Initialise system trusted keyrings
[    2.729467] workingset: timestamp_bits=62 max_order=20 bucket_order=0
[    2.736381] NFS: Registering the id_resolver key type
[    2.740813] Key type id_resolver registered
[    2.744953] Key type id_legacy registered
[    2.748944] nfs4filelayout_init: NFSv4 File Layout Driver Registering...
[    2.755609] jffs2: version 2.2. (NAND) (SUMMARY)  Â© 2001-2006 Red Hat, Inc.
[    2.798515] NET: Registered protocol family 38
[    2.798557] xor: measuring software checksum speed
[    2.806245]    8regs           :  2363 MB/sec
[    2.809914]    32regs          :  2799 MB/sec
[    2.814856]    arm64_neon      :  2380 MB/sec
[    2.815047] xor: using function: 32regs (2799 MB/sec)
[    2.820073] Key type asymmetric registered
[    2.824134] Asymmetric key parser 'x509' registered
[    2.828994] Block layer SCSI generic (bsg) driver version 0.4 loaded (major 248)
[    2.836332] io scheduler mq-deadline registered
[    2.840828] io scheduler kyber registered
[    2.870250] Serial: 8250/16550 driver, 4 ports, IRQ sharing disabled
[    2.874901] cacheinfo: Unable to detect cache hierarchy for CPU 0
[    2.881222] brd: module loaded
[    2.885386] loop: module loaded
[    2.885929] Registered mathworks_ip class
[    2.889266] libphy: Fixed MDIO Bus: probed
[    2.892229] tun: Universal TUN/TAP device driver, 1.6
[    2.896303] CAN device driver interface
[    2.900835] usbcore: registered new interface driver asix
[    2.905428] usbcore: registered new interface driver ax88179_178a
[    2.911475] usbcore: registered new interface driver cdc_ether
[    2.917264] usbcore: registered new interface driver net1080
[    2.922885] usbcore: registered new interface driver cdc_subset
[    2.928767] usbcore: registered new interface driver zaurus
[    2.934311] usbcore: registered new interface driver cdc_ncm
[    2.940716] ehci_hcd: USB 2.0 'Enhanced' Host Controller (EHCI) Driver
[    2.946396] ehci-pci: EHCI PCI platform driver
[    2.951183] usbcore: registered new interface driver uas
[    2.956113] usbcore: registered new interface driver usb-storage
[    2.962109] usbcore: registered new interface driver usbserial_generic
[    2.968551] usbserial: USB Serial support registered for generic
[    2.974525] usbcore: registered new interface driver ftdi_sio
[    2.980225] usbserial: USB Serial support registered for FTDI USB Serial Device
[    2.987498] usbcore: registered new interface driver upd78f0730
[    2.993374] usbserial: USB Serial support registered for upd78f0730
[    3.001031] rtc_zynqmp ffa60000.rtc: registered as rtc0
[    3.004802] rtc_zynqmp ffa60000.rtc: setting system clock to 2022-03-26T01:48:09 UTC (1648259289)
[    3.013664] i2c /dev entries driver
[    3.018966] usbcore: registered new interface driver uvcvideo
[    3.022775] USB Video Class driver (1.1.1)
[    3.028351] Bluetooth: HCI UART driver ver 2.3
[    3.031246] Bluetooth: HCI UART protocol H4 registered
[    3.036359] Bluetooth: HCI UART protocol BCSP registered
[    3.041645] Bluetooth: HCI UART protocol LL registered
[    3.046733] Bluetooth: HCI UART protocol ATH3K registered
[    3.052107] Bluetooth: HCI UART protocol Three-wire (H5) registered
[    3.058362] Bluetooth: HCI UART protocol Intel registered
[    3.063702] Bluetooth: HCI UART protocol QCA registered
[    3.068899] usbcore: registered new interface driver bcm203x
[    3.074523] usbcore: registered new interface driver bpa10x
[    3.080058] usbcore: registered new interface driver bfusb
[    3.085508] usbcore: registered new interface driver btusb
[    3.090973] usbcore: registered new interface driver ath3k
[    3.096457] EDAC MC: ECC not enabled
[    3.100082] EDAC DEVICE0: Giving out device to module zynqmp-ocm-edac controller zynqmp_ocm: DEV ff960000.memory-controller (INTERRUPT)
[    3.112395] sdhci: Secure Digital Host Controller Interface driver
[    3.118183] sdhci: Copyright(c) Pierre Ossman
[    3.122508] sdhci-pltfm: SDHCI platform and OF driver helper
[    3.128556] ledtrig-cpu: registered to indicate activity on CPUs
[    3.134112] SMCCC: SOC_ID: ARCH_SOC_ID not implemented, skipping ....
[    3.140540] zynqmp_firmware_probe Platform Management API v1.1
[    3.146298] zynqmp_firmware_probe Trustzone version v1.0
[    3.185874] zynqmp-pinctrl firmware:zynqmp-firmware:pinctrl: zynqmp pinctrl initialized
[    3.233699] zynqmp-aes firmware:zynqmp-firmware:zynqmp-aes: will run requests pump with realtime priority
[    3.249419] alg: No test for xilinx-keccak-384 (zynqmp-keccak-384)
[    3.250123] alg: No test for xilinx-zynqmp-rsa (zynqmp-rsa)
[    3.255640] usbcore: registered new interface driver usbhid
[    3.261031] usbhid: USB HID core driver
[    3.272245] axi_sysid 85000000.axi-sysid-0: AXI System ID core version (1.01.a) found
[    3.274594] axi_sysid 85000000.axi-sysid-0: [ad9081_fmca_ebz] on [zcu102] git branch <master> git <084d44c9780640ca93fd847b1d9ec70dd65f5c67> clean [2022-03-18 04:17:50] UTC
[    3.290276] fpga_manager fpga0: Xilinx ZynqMP FPGA Manager registered
[    3.296650] usbcore: registered new interface driver snd-usb-audio
[    3.304073] pktgen: Packet Generator for packet performance testing. Version: 2.75
[    3.310271] Initializing XFRM netlink socket
[    3.314122] NET: Registered protocol family 10
[    3.318844] Segment Routing with IPv6
[    3.322214] sit: IPv6, IPv4 and MPLS over IPv4 tunneling driver
[    3.328293] NET: Registered protocol family 17
[    3.332394] NET: Registered protocol family 15
[    3.336888] can: controller area network core
[    3.341151] NET: Registered protocol family 29
[    3.345535] can: raw protocol
[    3.348473] can: broadcast manager protocol
[    3.352627] can: netlink gateway - max_hops=1
[    3.357025] Bluetooth: RFCOMM TTY layer initialized
[    3.361802] Bluetooth: RFCOMM socket layer initialized
[    3.366911] Bluetooth: RFCOMM ver 1.11
[    3.370621] Bluetooth: BNEP (Ethernet Emulation) ver 1.3
[    3.375892] Bluetooth: BNEP filters: protocol multicast
[    3.381084] Bluetooth: BNEP socket layer initialized
[    3.386013] Bluetooth: HIDP (Human Interface Emulation) ver 1.2
[    3.391897] Bluetooth: HIDP socket layer initialized
[    3.396947] 9pnet: Installing 9P2000 support
[    3.401074] NET: Registered protocol family 36
[    3.405488] Key type dns_resolver registered
[    3.409922] registered taskstats version 1
[    3.413787] Loading compiled-in X.509 certificates
[    3.418890] Btrfs loaded, crc32c=crc32c-generic
[    3.431307] ff000000.serial: ttyPS0 at MMIO 0xff000000 (irq = 49, base_baud = 6249999) is a xuartps
[    3.440328] printk: console [ttyPS0] enabled
[    3.444624] printk: bootconsole [cdns0] disabled
[    3.454255] ff010000.serial: ttyPS1 at MMIO 0xff010000 (irq = 50, base_baud = 6249999) is a xuartps
[    3.467482] of-fpga-region fpga-full: FPGA Region probed
[    3.474437] nwl-pcie fd0e0000.pcie: host bridge /axi/pcie@fd0e0000 ranges:
[    3.481335] nwl-pcie fd0e0000.pcie:      MEM 0x00e0000000..0x00efffffff -> 0x00e0000000
[    3.489343] nwl-pcie fd0e0000.pcie:      MEM 0x0600000000..0x07ffffffff -> 0x0600000000
[    3.497408] nwl-pcie fd0e0000.pcie: Link is DOWN
[    3.502165] nwl-pcie fd0e0000.pcie: PCI host bridge to bus 0000:00
[    3.508343] pci_bus 0000:00: root bus resource [bus 00-ff]
[    3.513825] pci_bus 0000:00: root bus resource [mem 0xe0000000-0xefffffff]
[    3.520695] pci_bus 0000:00: root bus resource [mem 0x600000000-0x7ffffffff pref]
[    3.528199] pci 0000:00:00.0: [10ee:d021] type 01 class 0x060400
[    3.534255] pci 0000:00:00.0: PME# supported from D0 D1 D2 D3hot
[    3.544696] pci 0000:00:00.0: PCI bridge to [bus 01-0c]
[    3.550672] xilinx-zynqmp-dma fd500000.dma: ZynqMP DMA driver Probe success
[    3.557844] xilinx-zynqmp-dma fd510000.dma: ZynqMP DMA driver Probe success
[    3.565015] xilinx-zynqmp-dma fd520000.dma: ZynqMP DMA driver Probe success
[    3.572192] xilinx-zynqmp-dma fd530000.dma: ZynqMP DMA driver Probe success
[    3.579364] xilinx-zynqmp-dma fd540000.dma: ZynqMP DMA driver Probe success
[    3.586541] xilinx-zynqmp-dma fd550000.dma: ZynqMP DMA driver Probe success
[    3.593709] xilinx-zynqmp-dma fd560000.dma: ZynqMP DMA driver Probe success
[    3.600883] xilinx-zynqmp-dma fd570000.dma: ZynqMP DMA driver Probe success
[    3.608275] xilinx-zynqmp-dpdma fd4c0000.dma-controller: Xilinx DPDMA engine is probed
[    3.616832] ahci-ceva fd0c0000.ahci: supply ahci not found, using dummy regulator
[    3.624379] ahci-ceva fd0c0000.ahci: supply phy not found, using dummy regulator
[    3.711904] hmc7044 spi2.0: PLL1: Acquisition, CLKIN0 @ 122880000 Hz, PFD: 80 kHz - PLL2: Locked @ 2860.000000 MHz
[    3.722630] jesd204: /axi/spi@ff050000/hmc7044@0,jesd204:1,parent=spi2.0: Using as SYSREF provider
[    3.732215] spi-nor spi0.0: SPI-NOR-UniqueID 100000235394732200270025081115266e
[    3.739525] spi-nor spi0.0: found n25q512a, expected m25p80
[    3.745623] spi-nor spi0.0: trying to lock already unlocked area
[    3.751624] spi-nor spi0.0: n25q512a (131072 Kbytes)
[    3.756610] 4 fixed-partitions partitions found on MTD device spi0.0
[    3.762956] Creating 4 MTD partitions on "spi0.0":
[    3.767740] 0x000000000000-0x000000100000 : "qspi-fsbl-uboot"
[    3.774220] 0x000000100000-0x000000600000 : "qspi-linux"
[    3.780178] 0x000000600000-0x000000620000 : "qspi-device-tree"
[    3.786651] 0x000000620000-0x000000c00000 : "qspi-rootfs"
[    3.795108] macb ff0e0000.ethernet: Not enabling partial store and forward
[    3.802621] libphy: MACB_mii_bus: probed
[    3.807672] macb ff0e0000.ethernet eth0: Cadence GEM rev 0x50070106 at 0xff0e0000 irq 30 (00:0a:35:04:8e:1b)
[    3.817885] xilinx-axipmon ffa00000.perf-monitor: Probed Xilinx APM
[    3.824458] xilinx-axipmon fd0b0000.perf-monitor: Probed Xilinx APM
[    3.830980] xilinx-axipmon fd490000.perf-monitor: Probed Xilinx APM
[    3.837515] xilinx-axipmon ffa10000.perf-monitor: Probed Xilinx APM
[    3.847505] pca953x 0-0020: supply vcc not found, using dummy regulator
[    3.854185] pca953x 0-0020: using no AI
[    3.858664] gpio-496 (sel0): hogged as output/low
[    3.863559] gpio-497 (sel1): hogged as output/high
[    3.868545] gpio-498 (sel2): hogged as output/high
[    3.873536] gpio-499 (sel3): hogged as output/high
[    3.878714] pca953x 0-0021: supply vcc not found, using dummy regulator
[    3.885377] pca953x 0-0021: using no AI
[    3.891142] ina2xx 2-0040: power monitor ina226 (Rshunt = 5000 uOhm)
[    3.898165] ina2xx 2-0041: power monitor ina226 (Rshunt = 5000 uOhm)
[    3.905189] ina2xx 2-0042: power monitor ina226 (Rshunt = 5000 uOhm)
[    3.912211] ina2xx 2-0043: power monitor ina226 (Rshunt = 5000 uOhm)
[    3.919230] ina2xx 2-0044: power monitor ina226 (Rshunt = 5000 uOhm)
[    3.926243] ina2xx 2-0045: power monitor ina226 (Rshunt = 5000 uOhm)
[    3.933270] ina2xx 2-0046: power monitor ina226 (Rshunt = 5000 uOhm)
[    3.940354] ina2xx 2-0047: power monitor ina226 (Rshunt = 5000 uOhm)
[    3.947392] ina2xx 2-004a: power monitor ina226 (Rshunt = 5000 uOhm)
[    3.954414] ina2xx 2-004b: power monitor ina226 (Rshunt = 5000 uOhm)
[    3.960817] i2c i2c-0: Added multiplexed i2c bus 2
[    3.966199] random: fast init done
[    3.969789] ina2xx 3-0040: power monitor ina226 (Rshunt = 2000 uOhm)
[    3.976814] ina2xx 3-0041: power monitor ina226 (Rshunt = 5000 uOhm)
[    3.983841] ina2xx 3-0042: power monitor ina226 (Rshunt = 5000 uOhm)
[    3.990864] ina2xx 3-0043: power monitor ina226 (Rshunt = 5000 uOhm)
[    3.997888] ina2xx 3-0044: power monitor ina226 (Rshunt = 5000 uOhm)
[    4.004910] ina2xx 3-0045: power monitor ina226 (Rshunt = 5000 uOhm)
[    4.011937] ina2xx 3-0046: power monitor ina226 (Rshunt = 5000 uOhm)
[    4.018974] ina2xx 3-0047: power monitor ina226 (Rshunt = 5000 uOhm)
[    4.025372] i2c i2c-0: Added multiplexed i2c bus 3
[    4.080829] i2c i2c-0: Added multiplexed i2c bus 4
[    4.085764] i2c i2c-0: Added multiplexed i2c bus 5
[    4.090555] pca954x 0-0075: registered 4 multiplexed busses for I2C mux pca9544
[    4.097904] cdns-i2c ff020000.i2c: 400 kHz mmio ff020000 irq 32
[    4.105629] at24 6-0054: supply vcc not found, using dummy regulator
[    4.112514] at24 6-0054: 1024 byte 24c08 EEPROM, writable, 1 bytes/write
[    4.119264] i2c i2c-1: Added multiplexed i2c bus 6
[    4.125682] si5341 7-0036: Chip: 5341 Grade: 1 Rev: 1
[    4.163078] i2c i2c-1: Added multiplexed i2c bus 7
[    4.170729] si570 8-005d: registered, current frequency 300000000 Hz
[    4.177137] i2c i2c-1: Added multiplexed i2c bus 8
[    4.196899] si570 9-005d: registered, current frequency 148500000 Hz
[    4.203303] i2c i2c-1: Added multiplexed i2c bus 9
[    4.208343] si5324 10-0069: si5328 probed
[    4.276036] si5324 10-0069: si5328 probe successful
[    4.280966] i2c i2c-1: Added multiplexed i2c bus 10
[    4.285994] i2c i2c-1: Added multiplexed i2c bus 11
[    4.291016] i2c i2c-1: Added multiplexed i2c bus 12
[    4.296043] i2c i2c-1: Added multiplexed i2c bus 13
[    4.300923] pca954x 1-0074: registered 8 multiplexed busses for I2C switch pca9548
[    4.309039] at24 14-0050: supply vcc not found, using dummy regulator
[    4.315828] at24 14-0050: 256 byte 24c02 EEPROM, writable, 1 bytes/write
[    4.322576] i2c i2c-1: Added multiplexed i2c bus 14
[    4.327610] i2c i2c-1: Added multiplexed i2c bus 15
[    4.332639] i2c i2c-1: Added multiplexed i2c bus 16
[    4.337677] i2c i2c-1: Added multiplexed i2c bus 17
[    4.342707] i2c i2c-1: Added multiplexed i2c bus 18
[    4.347752] i2c i2c-1: Added multiplexed i2c bus 19
[    4.352796] i2c i2c-1: Added multiplexed i2c bus 20
[    4.357828] i2c i2c-1: Added multiplexed i2c bus 21
[    4.362706] pca954x 1-0075: registered 8 multiplexed busses for I2C switch pca9548
[    4.370315] cdns-i2c ff030000.i2c: 400 kHz mmio ff030000 irq 33
[    4.380054] cdns-wdt fd4d0000.watchdog: Xilinx Watchdog Timer with timeout 60s
[    4.390840] axi_adxcvr 84a60000.axi-adxcvr-rx: AXI-ADXCVR-RX (17.05.a) using CPLL on GTH4 at 0x84A60000. Number of lanes: 4.
[    4.402993] axi_adxcvr 84b60000.axi-adxcvr-tx: AXI-ADXCVR-TX (17.05.a) using QPLL on GTH4 at 0x84B60000. Number of lanes: 4.
[    4.414627] axi-jesd204-rx 84a90000.axi-jesd204-rx: AXI-JESD204-RX (1.07.a) at 0x84A90000. Encoder 8b10b, width 4/4, lanes 4, jesd204-fsm.
[    4.422126] mmc0: SDHCI controller on ff170000.mmc [ff170000.mmc] using ADMA 64-bit
[    4.427459] axi-jesd204-tx 84b90000.axi-jesd204-tx: AXI-JESD204-TX (1.06.a) at 0x84B90000. Encoder 8b10b, width 4/4, lanes 4, jesd204-fsm.
[    4.448259] zynqmp-display fd4a0000.display: vtc bridge property not present
[    4.457906] xilinx-dp-snd-codec fd4a0000.display:zynqmp_dp_snd_codec0: Failed to get required clock freq
[    4.467415] xilinx-dp-snd-codec: probe of fd4a0000.display:zynqmp_dp_snd_codec0 failed with error -22
[    4.476955] xilinx-dp-snd-pcm zynqmp_dp_snd_pcm0: Xilinx DisplayPort Sound PCM probed
[    4.485113] xilinx-dp-snd-pcm zynqmp_dp_snd_pcm1: Xilinx DisplayPort Sound PCM probed
[    4.493313] OF: graph: no port node found in /axi/display@fd4a0000
[    4.499842] xlnx-drm xlnx-drm.0: bound fd4a0000.display (ops 0xffffffc010fcbdb8)
[    4.539910] mmc0: new high speed SDHC card at address 0001
[    4.545732] mmcblk0: mmc0:0001 EB1QT 29.8 GiB 
[    4.551431]  mmcblk0: p1 p2 p3
[    5.583750] zynqmp-display fd4a0000.display: [drm] Cannot find any crtc or sizes
[    5.591383] [drm] Initialized xlnx 1.0.0 20130509 for fd4a0000.display on minor 0
[    5.598875] zynqmp-display fd4a0000.display: ZynqMP DisplayPort Subsystem driver probed
[    5.607244] ahci-ceva fd0c0000.ahci: supply ahci not found, using dummy regulator
[    5.614793] ahci-ceva fd0c0000.ahci: supply phy not found, using dummy regulator
[    5.622245] ahci-ceva fd0c0000.ahci: supply target not found, using dummy regulator
[    5.630078] ahci-ceva fd0c0000.ahci: AHCI 0001.0301 32 slots 2 ports 6 Gbps 0x3 impl platform mode
[    5.639029] ahci-ceva fd0c0000.ahci: flags: 64bit ncq sntf pm clo only pmp fbs pio slum part ccc sds apst 
[    5.649675] scsi host0: ahci-ceva
[    5.653257] scsi host1: ahci-ceva
[    5.656686] ata1: SATA max UDMA/133 mmio [mem 0xfd0c0000-0xfd0c1fff] port 0x100 irq 45
[    5.664599] ata2: SATA max UDMA/133 mmio [mem 0xfd0c0000-0xfd0c1fff] port 0x180 irq 45
[    5.673204] ad9081 spi1.0: supply vdd not found, using dummy regulator
[    5.985981] ata1: SATA link down (SStatus 0 SControl 330)
[    5.991388] ata2: SATA link down (SStatus 0 SControl 330)
[    6.667749] zynqmp-display fd4a0000.display: [drm] Cannot find any crtc or sizes
[    6.877416] ad9081 spi1.0: Invalid param passed., "ref_clk_hz < 100000000ULL" in adi_ad9081_device_clk_config_set(...), line554 in drivers/iio/adc/ad9081/adi_ad9081_device.c
[    7.558802] ad9081 spi1.0: AD9081 Rev. 2 Grade 10 (API 1.2.2) probed
[    7.566001] xhci-hcd xhci-hcd.1.auto: xHCI Host Controller
[    7.571494] xhci-hcd xhci-hcd.1.auto: new USB bus registered, assigned bus number 1
[    7.579241] xhci-hcd xhci-hcd.1.auto: hcc params 0x0238f625 hci version 0x100 quirks 0x0000000002010810
[    7.588655] xhci-hcd xhci-hcd.1.auto: irq 59, io mem 0xfe200000
[    7.594769] usb usb1: New USB device found, idVendor=1d6b, idProduct=0002, bcdDevice= 5.10
[    7.603028] usb usb1: New USB device strings: Mfr=3, Product=2, SerialNumber=1
[    7.610246] usb usb1: Product: xHCI Host Controller
[    7.615115] usb usb1: Manufacturer: Linux 5.10.0-98103-g2aa7ac113716 xhci-hcd
[    7.622241] usb usb1: SerialNumber: xhci-hcd.1.auto
[    7.627421] hub 1-0:1.0: USB hub found
[    7.631187] hub 1-0:1.0: 1 port detected
[    7.635292] xhci-hcd xhci-hcd.1.auto: xHCI Host Controller
[    7.640782] xhci-hcd xhci-hcd.1.auto: new USB bus registered, assigned bus number 2
[    7.648437] xhci-hcd xhci-hcd.1.auto: Host supports USB 3.0 SuperSpeed
[    7.655056] usb usb2: New USB device found, idVendor=1d6b, idProduct=0003, bcdDevice= 5.10
[    7.663319] usb usb2: New USB device strings: Mfr=3, Product=2, SerialNumber=1
[    7.670538] usb usb2: Product: xHCI Host Controller
[    7.675406] usb usb2: Manufacturer: Linux 5.10.0-98103-g2aa7ac113716 xhci-hcd
[    7.682535] usb usb2: SerialNumber: xhci-hcd.1.auto
[    7.687641] hub 2-0:1.0: USB hub found
[    7.691406] hub 2-0:1.0: 1 port detected
[    7.721460] cf_axi_adc 84a10000.axi-ad9081-rx-hpc: ADI AIM (10.01.b) at 0x84A10000 mapped to 0x(____ptrval____), probed ADC AD9081 as MASTER
[    7.752570] cf_axi_dds 84b10000.axi-ad9081-tx-hpc: Analog Devices CF_AXI_DDS_DDS MASTER (9.01.b) at 0x84B10000 mapped to 0x(____ptrval____), probed DDS AD9081
[    7.766770] jesd204: /axi/spi@ff040000/ad9081@0,jesd204:0,parent=spi1.0: JESD204[2] transition initialized -> probed
[    7.777291] jesd204: /axi/spi@ff040000/ad9081@0,jesd204:0,parent=spi1.0: JESD204[0] transition initialized -> probed
[    7.787815] jesd204: /axi/spi@ff040000/ad9081@0,jesd204:0,parent=spi1.0: JESD204[2] transition probed -> idle
[    7.797723] jesd204: /axi/spi@ff040000/ad9081@0,jesd204:0,parent=spi1.0: JESD204[0] transition probed -> idle
[    7.807637] jesd204: /axi/spi@ff040000/ad9081@0,jesd204:0,parent=spi1.0: JESD204[2] transition idle -> device_init
[    7.817981] jesd204: /axi/spi@ff040000/ad9081@0,jesd204:0,parent=spi1.0: JESD204[0] transition idle -> device_init
[    7.828331] jesd204: /axi/spi@ff040000/ad9081@0,jesd204:0,parent=spi1.0: JESD204[2] transition device_init -> link_init
[    7.839110] jesd204: /axi/spi@ff040000/ad9081@0,jesd204:0,parent=spi1.0: JESD204[0] transition device_init -> link_init
[    7.849901] jesd204: /axi/spi@ff040000/ad9081@0,jesd204:0,parent=spi1.0: JESD204[2] transition link_init -> link_supported
[    7.860938] jesd204: /axi/spi@ff040000/ad9081@0,jesd204:0,parent=spi1.0: JESD204[0] transition link_init -> link_supported
[    7.872358] hmc7044 spi2.0: hmc7044_jesd204_link_pre_setup: Link2 forcing continuous SYSREF mode
[    7.881533] jesd204: /axi/spi@ff040000/ad9081@0,jesd204:0,parent=spi1.0: JESD204[2] transition link_supported -> link_pre_setup
[    7.893013] jesd204: /axi/spi@ff040000/ad9081@0,jesd204:0,parent=spi1.0: JESD204[0] transition link_supported -> link_pre_setup
[    7.916791] jesd204: /axi/spi@ff040000/ad9081@0,jesd204:0,parent=spi1.0: JESD204[2] transition link_pre_setup -> clk_sync_stage1
[    7.928357] jesd204: /axi/spi@ff040000/ad9081@0,jesd204:0,parent=spi1.0: JESD204[0] transition link_pre_setup -> clk_sync_stage1
[    7.939922] jesd204: /axi/spi@ff040000/ad9081@0,jesd204:0,parent=spi1.0: JESD204[2] transition clk_sync_stage1 -> clk_sync_stage2
[    7.951565] jesd204: /axi/spi@ff040000/ad9081@0,jesd204:0,parent=spi1.0: JESD204[0] transition clk_sync_stage1 -> clk_sync_stage2
[    7.963218] jesd204: /axi/spi@ff040000/ad9081@0,jesd204:0,parent=spi1.0: JESD204[2] transition clk_sync_stage2 -> clk_sync_stage3
[    7.974862] jesd204: /axi/spi@ff040000/ad9081@0,jesd204:0,parent=spi1.0: JESD204[0] transition clk_sync_stage2 -> clk_sync_stage3
[    7.988586] jesd204: /axi/spi@ff040000/ad9081@0,jesd204:0,parent=spi1.0: JESD204[2] transition clk_sync_stage3 -> link_setup
[    7.999805] jesd204: /axi/spi@ff040000/ad9081@0,jesd204:0,parent=spi1.0: JESD204[0] transition clk_sync_stage3 -> link_setup
[    8.015823] jesd204: /axi/spi@ff040000/ad9081@0,jesd204:0,parent=spi1.0: JESD204[2] transition link_setup -> opt_setup_stage1
[    8.027127] jesd204: /axi/spi@ff040000/ad9081@0,jesd204:0,parent=spi1.0: JESD204[0] transition link_setup -> opt_setup_stage1
[    8.043363] jesd204: /axi/spi@ff040000/ad9081@0,jesd204:0,parent=spi1.0: JESD204[2] transition opt_setup_stage1 -> opt_setup_stage2
[    8.055190] jesd204: /axi/spi@ff040000/ad9081@0,jesd204:0,parent=spi1.0: JESD204[0] transition opt_setup_stage1 -> opt_setup_stage2
[    8.067164] jesd204: /axi/spi@ff040000/ad9081@0,jesd204:0,parent=spi1.0: JESD204[2] transition opt_setup_stage2 -> opt_setup_stage3
[    8.078992] jesd204: /axi/spi@ff040000/ad9081@0,jesd204:0,parent=spi1.0: JESD204[0] transition opt_setup_stage2 -> opt_setup_stage3
[    8.090813] jesd204: /axi/spi@ff040000/ad9081@0,jesd204:0,parent=spi1.0: JESD204[2] transition opt_setup_stage3 -> opt_setup_stage4
[    8.102632] jesd204: /axi/spi@ff040000/ad9081@0,jesd204:0,parent=spi1.0: JESD204[0] transition opt_setup_stage3 -> opt_setup_stage4
[    8.114461] jesd204: /axi/spi@ff040000/ad9081@0,jesd204:0,parent=spi1.0: JESD204[2] transition opt_setup_stage4 -> opt_setup_stage5
[    8.126282] jesd204: /axi/spi@ff040000/ad9081@0,jesd204:0,parent=spi1.0: JESD204[0] transition opt_setup_stage4 -> opt_setup_stage5
[    8.142199] jesd204: /axi/spi@ff040000/ad9081@0,jesd204:0,parent=spi1.0: JESD204[2] transition opt_setup_stage5 -> clocks_enable
[    8.153759] jesd204: /axi/spi@ff040000/ad9081@0,jesd204:0,parent=spi1.0: JESD204[0] transition opt_setup_stage5 -> clocks_enable
[    8.188536] axi_adxcvr 84a60000.axi-adxcvr-rx: adxcvr_clk_enable: CPLL RX buffer underflow error, status: 0x61
[    8.198527] axi_adxcvr 84a60000.axi-adxcvr-rx: adxcvr_clk_enable: CPLL RX buffer overflow error, status: 0x61
[    8.208496] jesd204: /axi/spi@ff040000/ad9081@0,jesd204:0,parent=spi1.0: JESD204[2] transition clocks_enable -> link_enable
[    8.219623] jesd204: /axi/spi@ff040000/ad9081@0,jesd204:0,parent=spi1.0: JESD204[0] transition clocks_enable -> link_enable
[    8.251963] ad9081 spi1.0: JESD RX (JTX) Link2 in DATA, SYNC deasserted, PLL locked, PHASE established, MODE valid
[    8.262558] ad9081 spi1.0: JESD TX (JRX) Link0 0xF lanes in DATA
[    8.268562] jesd204: /axi/spi@ff040000/ad9081@0,jesd204:0,parent=spi1.0: JESD204[2] transition link_enable -> link_running
[    8.279601] jesd204: /axi/spi@ff040000/ad9081@0,jesd204:0,parent=spi1.0: JESD204[0] transition link_enable -> link_running
[    8.290646] jesd204: /axi/spi@ff040000/ad9081@0,jesd204:0,parent=spi1.0: JESD204[2] transition link_running -> opt_post_running_stage
[    8.302635] jesd204: /axi/spi@ff040000/ad9081@0,jesd204:0,parent=spi1.0: JESD204[0] transition link_running -> opt_post_running_stage
[    8.323861] input: gpio-keys as /devices/platform/gpio-keys/input/input0
[    8.330946] of_cfs_init
[    8.333409] of_cfs_init: OK
[    8.336364] cfg80211: Loading compiled-in X.509 certificates for regulatory database
[    8.474443] cfg80211: Loaded X.509 cert 'sforshee: 00b28ddf47aef9cea7'
[    8.480970] clk: Not disabling unused clocks
[    8.485501] ALSA device list:
[    8.488460]   No soundcards found.
[    8.492132] platform regulatory.0: Direct firmware load for regulatory.db failed with error -2
[    8.500742] cfg80211: failed to load regulatory.db
[    8.515289] EXT4-fs (mmcblk0p2): mounted filesystem with ordered data mode. Opts: (null)
[    8.523405] VFS: Mounted root (ext4 filesystem) on device 179:2.
[    8.536414] devtmpfs: mounted
[    8.540268] Freeing unused kernel memory: 2560K
[    8.551787] Run /sbin/init as init process
[    8.555883]   with arguments:
[    8.555886]     /sbin/init
[    8.555888]   with environment:
[    8.555890]     HOME=/
[    8.555892]     TERM=linux
[    9.124707] systemd[1]: systemd 241 running in system mode. (+PAM +AUDIT +SELINUX +IMA +APPARMOR +SMACK +SYSVINIT +UTMP +LIBCRYPTSETUP +GCRYPT +GNUTLS +ACL +XZ +LZ4 +SECCOMP +BLKID +ELFUTILS +KMOD -IDN2 +IDN -PCRE2 default-hierarchy=hybrid)
[    9.146578] systemd[1]: Detected architecture arm64.
[    9.168441] systemd[1]: Set hostname to <analog>.
[    9.359468] systemd[1]: File /lib/systemd/system/systemd-journald.service:12 configures an IP firewall (IPAddressDeny=any), but the local system does not support BPF/cgroup based firewalling.
[    9.376525] systemd[1]: Proceeding WITHOUT firewalling in effect! (This warning is only shown for the first loaded unit using IP firewalling.)
[    9.539973] systemd[1]: /etc/systemd/system/tof-server.service:1: Assignment outside of section. Ignoring.
[    9.549692] systemd[1]: /etc/systemd/system/tof-server.service:2: Assignment outside of section. Ignoring.
[    9.732201] random: systemd: uninitialized urandom read (16 bytes read)
[    9.746857] random: systemd: uninitialized urandom read (16 bytes read)
[    9.753794] systemd[1]: Started Forward Password Requests to Wall Directory Watch.
[    9.775846] systemd[1]: Condition check resulted in Arbitrary Executable File Formats File System Automount Point being skipped.
[    9.787446] random: systemd: uninitialized urandom read (16 bytes read)
[    9.794253] systemd[1]: Listening on initctl Compatibility Named Pipe.
[   10.366546] ------------[ cut here ]------------
[   10.366554] Enabling unprepared \xa0\xf1J\x88\xff\xff\xff\xa8J\x88\xff\xff\xff
[   10.366600] WARNING: CPU: 2 PID: 22 at drivers/clk/clk.c:1012 clk_core_enable+0xa4/0xc0
[   10.366603] Modules linked in:
[   10.366613] CPU: 2 PID: 22 Comm: kworker/2:0H Not tainted 5.10.0-98103-g2aa7ac113716 #5577
[   10.366616] Hardware name: ZynqMP ZCU102 Rev1.0 (DT)
[   10.366625] Workqueue: kblockd blk_mq_run_work_fn
[   10.366632] pstate: 80000085 (Nzcv daIf -PAN -UAO -TCO BTYPE=--)
[   10.366637] pc : clk_core_enable+0xa4/0xc0
[   10.366643] lr : clk_core_enable+0xa4/0xc0
[   10.366645] sp : ffffffc0120732d0
[   10.366648] x29: ffffffc0120732d0 x28: ffffff8800330c10 
[   10.366655] x27: ffffff8800330d48 x26: 0000005000000101 
[   10.366662] x25: 000000025e777936 x24: 0000000000000001 
[   10.366669] x23: ffffff8801157280 x22: ffffff88010c3220 
[   10.366675] x21: ffffff88014aa800 x20: ffffff88014aa808 
[   10.366682] x19: ffffff88014aa808 x18: 0000000000000030 
[   10.366688] x17: 0000000000000003 x16: 0000ad330ed06388 
[   10.366695] x15: ffffffffffff8860 x14: ffffffc011d3b1a0 
[   10.366701] x13: ffffffc011d3b1c8 x12: 00000000000005ee 
[   10.366707] x11: 00000000000001fa x10: ffffffc011d671c8 
[   10.366714] x9 : 00000000fffff800 x8 : ffffffc011d3b1c8 
[   10.366721] x7 : ffffffc011d671c8 x6 : 0000000000000001 
[   10.366727] x5 : ffffff887f7929e0 x4 : 0000000000000000 
[   10.366733] x3 : 0000000000000027 x2 : 0000000000000023 
[   10.366739] x1 : 7a650bbabec3c200 x0 : 0000000000000000 
[   10.366746] Call trace:
[   10.366753]  clk_core_enable+0xa4/0xc0
[   10.366757]  clk_enable+0x2c/0x60
[   10.366764]  zynqmp_runtime_resume+0x24/0x84
[   10.366771]  pm_generic_runtime_resume+0x30/0x50
[   10.366776]  __genpd_runtime_resume+0x30/0xb0
[   10.366783]  genpd_runtime_resume+0x90/0x250
[   10.366788]  __rpm_callback+0x10c/0x1e0
[   10.366793]  rpm_callback+0x5c/0x84
[   10.366798]  rpm_resume+0x4a4/0x74c
[   10.366803]  __pm_runtime_resume+0x78/0xc4
[   10.366808]  spi_mem_access_start.isra.0+0x30/0x80
[   10.366812]  spi_mem_exec_op+0x3b0/0x424
[   10.366818]  spi_nor_read_sr+0x78/0xe0
[   10.366822]  spi_nor_wait_till_ready_with_timeout+0xb4/0x2f0
[   10.366827]  spi_nor_read+0x188/0x380
[   10.366832]  mtd_read_oob_std+0x78/0x84
[   10.366836]  mtd_read_oob+0x7c/0x134
[   10.366841]  mtd_read+0x48/0x7c
[   10.366847]  mtdblock_readsect+0x6c/0x150
[   10.366852]  mtd_queue_rq+0x2cc/0x5a0
[   10.366858]  blk_mq_dispatch_rq_list+0x110/0x790
[   10.366864]  __blk_mq_do_dispatch_sched+0x200/0x274
[   10.366870]  __blk_mq_sched_dispatch_requests+0x1a8/0x1fc
[   10.366875]  blk_mq_sched_dispatch_requests+0x3c/0x7c
[   10.366880]  __blk_mq_run_hw_queue+0x98/0x100
[   10.366884]  blk_mq_run_work_fn+0x24/0x30
[   10.366890]  process_one_work+0x1d4/0x380
[   10.366894]  worker_thread+0x78/0x4e0
[   10.366899]  kthread+0x124/0x130
[   10.366905]  ret_from_fork+0x10/0x3c
[   10.366908] ---[ end trace dcdb26abc474721e ]---
[   10.366916] zynqmp-qspi ff0f0000.spi: Cannot enable APB clock.
[   10.366964] spi_master spi0: Failed to power device: -108
[   10.366974] blk_update_request: I/O error, dev mtdblock0, sector 8 op 0x0:(READ) flags 0x80700 phys_seg 1 prio class 0
[   10.367044] spi_master spi0: Failed to power device: -22
[   10.367050] blk_update_request: I/O error, dev mtdblock0, sector 8 op 0x0:(READ) flags 0x0 phys_seg 8 prio class 0
[   10.367056] Buffer I/O error on dev mtdblock0, logical block 8, async page read
[   10.367065] spi_master spi0: Failed to power device: -22
[   10.367071] blk_update_request: I/O error, dev mtdblock0, sector 9 op 0x0:(READ) flags 0x0 phys_seg 7 prio class 0
[   10.367075] Buffer I/O error on dev mtdblock0, logical block 9, async page read
[   10.367082] spi_master spi0: Failed to power device: -22
[   10.367088] blk_update_request: I/O error, dev mtdblock0, sector 10 op 0x0:(READ) flags 0x0 phys_seg 6 prio class 0
[   10.367092] Buffer I/O error on dev mtdblock0, logical block 10, async page read
[   10.367099] spi_master spi0: Failed to power device: -22
[   10.367104] blk_update_request: I/O error, dev mtdblock0, sector 11 op 0x0:(READ) flags 0x0 phys_seg 5 prio class 0
[   10.367108] Buffer I/O error on dev mtdblock0, logical block 11, async page read
[   10.367115] spi_master spi0: Failed to power device: -22
[   10.367121] blk_update_request: I/O error, dev mtdblock0, sector 12 op 0x0:(READ) flags 0x0 phys_seg 4 prio class 0
[   10.367124] Buffer I/O error on dev mtdblock0, logical block 12, async page read
[   10.367131] spi_master spi0: Failed to power device: -22
[   10.367137] blk_update_request: I/O error, dev mtdblock0, sector 13 op 0x0:(READ) flags 0x0 phys_seg 3 prio class 0
[   10.367140] Buffer I/O error on dev mtdblock0, logical block 13, async page read
[   10.367147] spi_master spi0: Failed to power device: -22
[   10.367153] blk_update_request: I/O error, dev mtdblock0, sector 14 op 0x0:(READ) flags 0x0 phys_seg 2 prio class 0
[   10.367156] Buffer I/O error on dev mtdblock0, logical block 14, async page read
[   10.367163] spi_master spi0: Failed to power device: -22
[   10.367169] blk_update_request: I/O error, dev mtdblock0, sector 15 op 0x0:(READ) flags 0x0 phys_seg 1 prio class 0
[   10.367172] Buffer I/O error on dev mtdblock0, logical block 15, async page read
[   10.367458] spi_master spi0: Failed to power device: -22
[   10.367465] blk_update_request: I/O error, dev mtdblock1, sector 10112 op 0x0:(READ) flags 0x80700 phys_seg 1 prio class 0
[   10.367508] spi_master spi0: Failed to power device: -22
[   10.367514] Buffer I/O error on dev mtdblock1, logical block 10112, async page read
[   10.367522] spi_master spi0: Failed to power device: -22
[   10.367526] Buffer I/O error on dev mtdblock1, logical block 10113, async page read
[   10.367533] spi_master spi0: Failed to power device: -22
[   10.367541] spi_master spi0: Failed to power device: -22
[   10.367549] spi_master spi0: Failed to power device: -22
[   10.367556] spi_master spi0: Failed to power device: -22
[   10.367563] spi_master spi0: Failed to power device: -22
[   10.367570] spi_master spi0: Failed to power device: -22
[   10.367843] spi_master spi0: Failed to power device: -22
[   10.367890] spi_master spi0: Failed to power device: -22
[   10.367899] spi_master spi0: Failed to power device: -22
[   10.367907] spi_master spi0: Failed to power device: -22
[   10.367915] spi_master spi0: Failed to power device: -22
[   10.367922] spi_master spi0: Failed to power device: -22
[   10.367929] spi_master spi0: Failed to power device: -22
[   10.367936] spi_master spi0: Failed to power device: -22
[   10.367943] spi_master spi0: Failed to power device: -22
[   10.368256] spi_master spi0: Failed to power device: -22
[   10.368303] spi_master spi0: Failed to power device: -22
[   10.368312] spi_master spi0: Failed to power device: -22
[   10.368321] spi_master spi0: Failed to power device: -22
[   10.368328] spi_master spi0: Failed to power device: -22
[   10.368335] spi_master spi0: Failed to power device: -22
[   10.368343] spi_master spi0: Failed to power device: -22
[   10.368350] spi_master spi0: Failed to power device: -22
[   10.368357] spi_master spi0: Failed to power device: -22
[   10.492655] EXT4-fs (mmcblk0p2): re-mounted. Opts: (null)
[   10.628541] systemd-journald[167]: Received request to flush runtime journal from PID 1
[   16.450161] macb ff0e0000.ethernet eth0: PHY [ff0e0000.ethernet-ffffffff:0c] driver [TI DP83867] (irq=POLL)
[   16.450173] macb ff0e0000.ethernet eth0: configuring for phy/rgmii-id link mode
[   16.723770] Adding 83964k swap on /var/swap.  Priority:-2 extents:1 across:83964k SS
[   18.379757] random: crng init done
[   18.379768] random: 7 urandom warning(s) missed due to ratelimiting
[   19.265945] broken atomic modeset userspace detected, disabling atomic
[   19.517367] macb ff0e0000.ethernet eth0: Link is Up - 1Gbps/Full - flow control off
[   19.517391] IPv6: ADDRCONF(NETDEV_CHANGE): eth0: link becomes ready
[   21.940230] broken atomic modeset userspace detected, disabling atomic
[   24.847445] broken atomic modeset userspace detected, disabling atomic
[   27.473424] broken atomic modeset userspace detected, disabling atomic