[    0.000000] Booting Linux on physical CPU 0x0000000000 [0x410fd034]
[    0.000000] Linux version 5.10.0-98103-g2aa7ac113716 (jenkins@romlxbuild1.adlk.analog.com) (aarch64-xilinx-linux-gcc.real (GCC) 10.2.0, GNU ld (GNU Binutils) 2.35.0.20200730) #5577 SMP Wed Mar 23 07:28:49 GMT 2022
[    0.000000] Machine model: ZynqMP ZCU102 Rev1.0
[    0.000000] earlycon: cdns0 at MMIO 0x00000000ff000000 (options '115200n8')
[    0.000000] printk: bootconsole [cdns0] enabled
[    0.000000] efi: UEFI not found.
[    0.000000] cma: Reserved 256 MiB at 0x0000000070000000
[    0.000000] Zone ranges:
[    0.000000]   DMA      [mem 0x0000000000000000-0x000000003fffffff]
[    0.000000]   DMA32    [mem 0x0000000040000000-0x00000000ffffffff]
[    0.000000]   Normal   [mem 0x0000000100000000-0x000000087fffffff]
[    0.000000] Movable zone start for each node
[    0.000000] Early memory node ranges
[    0.000000]   node   0: [mem 0x0000000000000000-0x000000007fffffff]
[    0.000000]   node   0: [mem 0x0000000800000000-0x000000087fffffff]
[    0.000000] Initmem setup node 0 [mem 0x0000000000000000-0x000000087fffffff]
[    0.000000] On node 0 totalpages: 1048576
[    0.000000]   DMA zone: 3584 pages used for memmap
[    0.000000]   DMA zone: 0 pages reserved
[    0.000000]   DMA zone: 262144 pages, LIFO batch:63
[    0.000000]   DMA32 zone: 3584 pages used for memmap
[    0.000000]   DMA32 zone: 262144 pages, LIFO batch:63
[    0.000000]   Normal zone: 7168 pages used for memmap
[    0.000000]   Normal zone: 524288 pages, LIFO batch:63
[    0.000000] psci: probing for conduit method from DT.
[    0.000000] psci: PSCIv1.1 detected in firmware.
[    0.000000] psci: Using standard PSCI v0.2 function IDs
[    0.000000] psci: MIGRATE_INFO_TYPE not supported.
[    0.000000] psci: SMC Calling Convention v1.2
[    0.000000] percpu: Embedded 22 pages/cpu s49496 r8192 d32424 u90112
[    0.000000] pcpu-alloc: s49496 r8192 d32424 u90112 alloc=22*4096
[    0.000000] pcpu-alloc: [0] 0 [0] 1 [0] 2 [0] 3 
[    0.000000] Detected VIPT I-cache on CPU0
[    0.000000] CPU features: detected: ARM erratum 845719
[    0.000000] Built 1 zonelists, mobility grouping on.  Total pages: 1034240
[    0.000000] Kernel command line: console=ttyPS0,115200 root=/dev/mmcblk0p2 rw earlycon rootfstype=ext4 rootwait clk_ignore_unused cpuidle.off=1 root=/dev/mmcblk0p2 rw rootwait
[    0.000000] Dentry cache hash table entries: 524288 (order: 10, 4194304 bytes, linear)
[    0.000000] Inode-cache hash table entries: 262144 (order: 9, 2097152 bytes, linear)
[    0.000000] mem auto-init: stack:off, heap alloc:off, heap free:off
[    0.000000] software IO TLB: mapped [mem 0x000000003bfff000-0x000000003ffff000] (64MB)
[    0.000000] Memory: 3761904K/4194304K available (15296K kernel code, 1636K rwdata, 11876K rodata, 2560K init, 507K bss, 170256K reserved, 262144K cma-reserved)
[    0.000000] rcu: Hierarchical RCU implementation.
[    0.000000] rcu: 	RCU event tracing is enabled.
[    0.000000] rcu: 	RCU restricting CPUs from NR_CPUS=8 to nr_cpu_ids=4.
[    0.000000] rcu: RCU calculated value of scheduler-enlistment delay is 25 jiffies.
[    0.000000] rcu: Adjusting geometry for rcu_fanout_leaf=16, nr_cpu_ids=4
[    0.000000] NR_IRQS: 64, nr_irqs: 64, preallocated irqs: 0
[    0.000000] GIC: Adjusting CPU interface base to 0x00000000f902f000
[    0.000000] GIC: Using split EOI/Deactivate mode
[    0.000000] random: get_random_bytes called from start_kernel+0x31c/0x54c with crng_init=0
[    0.000000] arch_timer: cp15 timer(s) running at 100.00MHz (phys).
[    0.000000] clocksource: arch_sys_counter: mask: 0xffffffffffffff max_cycles: 0x171024e7e0, max_idle_ns: 440795205315 ns
[    0.000003] sched_clock: 56 bits at 100MHz, resolution 10ns, wraps every 4398046511100ns
[    0.008464] Console: colour dummy device 80x25
[    0.012482] Calibrating delay loop (skipped), value calculated using timer frequency.. 200.00 BogoMIPS (lpj=400000)
[    0.022840] pid_max: default: 32768 minimum: 301
[    0.027550] Mount-cache hash table entries: 8192 (order: 4, 65536 bytes, linear)
[    0.034789] Mountpoint-cache hash table entries: 8192 (order: 4, 65536 bytes, linear)
[    0.043399] rcu: Hierarchical SRCU implementation.
[    0.047561] EFI services will not be available.
[    0.051938] smp: Bringing up secondary CPUs ...
[    0.056656] Detected VIPT I-cache on CPU1
[    0.056695] CPU1: Booted secondary processor 0x0000000001 [0x410fd034]
[    0.057062] Detected VIPT I-cache on CPU2
[    0.057085] CPU2: Booted secondary processor 0x0000000002 [0x410fd034]
[    0.057425] Detected VIPT I-cache on CPU3
[    0.057448] CPU3: Booted secondary processor 0x0000000003 [0x410fd034]
[    0.057494] smp: Brought up 1 node, 4 CPUs
[    0.091780] SMP: Total of 4 processors activated.
[    0.096452] CPU features: detected: 32-bit EL0 Support
[    0.101556] CPU features: detected: CRC32 instructions
[    0.106695] CPU: All CPU(s) started at EL2
[    0.110736] alternatives: patching kernel code
[    0.116170] devtmpfs: initialized
[    0.124066] Registered cp15_barrier emulation handler
[    0.124115] Registered setend emulation handler
[    0.128092] clocksource: jiffies: mask: 0xffffffff max_cycles: 0xffffffff, max_idle_ns: 7645041785100000 ns
[    0.137670] futex hash table entries: 1024 (order: 4, 65536 bytes, linear)
[    0.151030] pinctrl core: initialized pinctrl subsystem
[    0.151670] NET: Registered protocol family 16
[    0.156101] DMA: preallocated 512 KiB GFP_KERNEL pool for atomic allocations
[    0.162116] DMA: preallocated 512 KiB GFP_KERNEL|GFP_DMA pool for atomic allocations
[    0.169842] DMA: preallocated 512 KiB GFP_KERNEL|GFP_DMA32 pool for atomic allocations
[    0.177645] audit: initializing netlink subsys (disabled)
[    0.183098] audit: type=2000 audit(0.116:1): state=initialized audit_enabled=0 res=1
[    0.183443] hw-breakpoint: found 6 breakpoint and 4 watchpoint registers.
[    0.197472] ASID allocator initialised with 65536 entries
[    0.224349] HugeTLB registered 1.00 GiB page size, pre-allocated 0 pages
[    0.225403] HugeTLB registered 32.0 MiB page size, pre-allocated 0 pages
[    0.232073] HugeTLB registered 2.00 MiB page size, pre-allocated 0 pages
[    0.238738] HugeTLB registered 64.0 KiB page size, pre-allocated 0 pages
[    1.304300] DRBG: Continuing without Jitter RNG
[    1.382127] raid6: neonx8   gen()  2140 MB/s
[    1.450182] raid6: neonx8   xor()  1598 MB/s
[    1.518240] raid6: neonx4   gen()  2203 MB/s
[    1.586285] raid6: neonx4   xor()  1566 MB/s
[    1.654346] raid6: neonx2   gen()  2076 MB/s
[    1.722401] raid6: neonx2   xor()  1437 MB/s
[    1.790465] raid6: neonx1   gen()  1772 MB/s
[    1.858518] raid6: neonx1   xor()  1220 MB/s
[    1.926568] raid6: int64x8  gen()  1438 MB/s
[    1.994623] raid6: int64x8  xor()   771 MB/s
[    2.062696] raid6: int64x4  gen()  1599 MB/s
[    2.130741] raid6: int64x4  xor()   819 MB/s
[    2.198817] raid6: int64x2  gen()  1397 MB/s
[    2.266863] raid6: int64x2  xor()   745 MB/s
[    2.334954] raid6: int64x1  gen()  1034 MB/s
[    2.402999] raid6: int64x1  xor()   517 MB/s
[    2.403037] raid6: using algorithm neonx4 gen() 2203 MB/s
[    2.406995] raid6: .... xor() 1566 MB/s, rmw enabled
[    2.411926] raid6: using neon recovery algorithm
[    2.416936] iommu: Default domain type: Translated 
[    2.421551] SCSI subsystem initialized
[    2.425095] libata version 3.00 loaded.
[    2.425219] usbcore: registered new interface driver usbfs
[    2.430552] usbcore: registered new interface driver hub
[    2.435825] usbcore: registered new device driver usb
[    2.440957] mc: Linux media interface: v0.10
[    2.445075] videodev: Linux video capture interface: v2.00
[    2.450565] EDAC MC: Ver: 3.0.0
[    2.454008] zynqmp-ipi-mbox mailbox@ff990400: Registered ZynqMP IPI mbox with TX/RX channels.
[    2.462512] jesd204: created con: id=0, topo=0, link=0, /axi/spi@ff050000/hmc7044@0 <-> /fpga-axi@0/axi-adxcvr-tx@84b60000
[    2.473095] jesd204: created con: id=1, topo=0, link=2, /axi/spi@ff050000/hmc7044@0 <-> /fpga-axi@0/axi-adxcvr-rx@84a60000
[    2.484079] jesd204: created con: id=2, topo=0, link=0, /fpga-axi@0/axi-adxcvr-tx@84b60000 <-> /fpga-axi@0/axi-jesd204-tx@84b90000
[    2.495754] jesd204: created con: id=3, topo=0, link=2, /fpga-axi@0/axi-adxcvr-rx@84a60000 <-> /fpga-axi@0/axi-jesd204-rx@84a90000
[    2.507431] jesd204: created con: id=4, topo=0, link=0, /fpga-axi@0/axi-jesd204-tx@84b90000 <-> /fpga-axi@0/axi-ad9081-tx-hpc@84b10000
[    2.519459] jesd204: created con: id=5, topo=0, link=2, /fpga-axi@0/axi-jesd204-rx@84a90000 <-> /fpga-axi@0/axi-ad9081-rx-hpc@84a10000
[    2.531482] jesd204: created con: id=6, topo=0, link=2, /fpga-axi@0/axi-ad9081-rx-hpc@84a10000 <-> /axi/spi@ff040000/ad9081@0
[    2.542723] jesd204: created con: id=7, topo=0, link=0, /fpga-axi@0/axi-ad9081-tx-hpc@84b10000 <-> /axi/spi@ff040000/ad9081@0
[    2.553973] jesd204: /axi/spi@ff040000/ad9081@0: JESD204[2] transition uninitialized -> initialized
[    2.562960] jesd204: /axi/spi@ff040000/ad9081@0: JESD204[0] transition uninitialized -> initialized
[    2.571951] jesd204: found 8 devices and 1 topologies
[    2.576995] FPGA manager framework
[    2.580473] Advanced Linux Sound Architecture Driver Initialized.
[    2.586767] Bluetooth: Core ver 2.22
[    2.589954] NET: Registered protocol family 31
[    2.594355] Bluetooth: HCI device and connection manager initialized
[    2.600672] Bluetooth: HCI socket layer initialized
[    2.605514] Bluetooth: L2CAP socket layer initialized
[    2.610538] Bluetooth: SCO socket layer initialized
[    2.615725] clocksource: Switched to clocksource arch_sys_counter
[    2.621529] VFS: Disk quotas dquot_6.6.0
[    2.625365] VFS: Dquot-cache hash table entries: 512 (order 0, 4096 bytes)
[    2.636081] NET: Registered protocol family 2
[    2.636808] tcp_listen_portaddr_hash hash table entries: 2048 (order: 3, 32768 bytes, linear)
[    2.645006] TCP established hash table entries: 32768 (order: 6, 262144 bytes, linear)
[    2.653030] TCP bind hash table entries: 32768 (order: 7, 524288 bytes, linear)
[    2.660475] TCP: Hash tables configured (established 32768 bind 32768)
[    2.666650] UDP hash table entries: 2048 (order: 4, 65536 bytes, linear)
[    2.673316] UDP-Lite hash table entries: 2048 (order: 4, 65536 bytes, linear)
[    2.680475] NET: Registered protocol family 1
[    2.684932] RPC: Registered named UNIX socket transport module.
[    2.690553] RPC: Registered udp transport module.
[    2.695217] RPC: Registered tcp transport module.
[    2.699887] RPC: Registered tcp NFSv4.1 backchannel transport module.
[    2.706877] PCI: CLS 0 bytes, default 64
[    2.710586] hw perfevents: no interrupt-affinity property for /pmu, guessing.
[    2.717439] hw perfevents: enabled with armv8_pmuv3 PMU driver, 7 counters available
[    2.725791] Initialise system trusted keyrings
[    2.729466] workingset: timestamp_bits=62 max_order=20 bucket_order=0
[    2.736363] NFS: Registering the id_resolver key type
[    2.740816] Key type id_resolver registered
[    2.744955] Key type id_legacy registered
[    2.748945] nfs4filelayout_init: NFSv4 File Layout Driver Registering...
[    2.755610] jffs2: version 2.2. (NAND) (SUMMARY)  Â© 2001-2006 Red Hat, Inc.
[    2.799361] NET: Registered protocol family 38
[    2.799403] xor: measuring software checksum speed
[    2.807093]    8regs           :  2363 MB/sec
[    2.810762]    32regs          :  2799 MB/sec
[    2.815704]    arm64_neon      :  2380 MB/sec
[    2.815898] xor: using function: 32regs (2799 MB/sec)
[    2.820920] Key type asymmetric registered
[    2.824981] Asymmetric key parser 'x509' registered
[    2.829841] Block layer SCSI generic (bsg) driver version 0.4 loaded (major 248)
[    2.837179] io scheduler mq-deadline registered
[    2.841676] io scheduler kyber registered
[    2.871078] Serial: 8250/16550 driver, 4 ports, IRQ sharing disabled
[    2.875730] cacheinfo: Unable to detect cache hierarchy for CPU 0
[    2.882051] brd: module loaded
[    2.886191] loop: module loaded
[    2.886738] Registered mathworks_ip class
[    2.890094] libphy: Fixed MDIO Bus: probed
[    2.893064] tun: Universal TUN/TAP device driver, 1.6
[    2.897133] CAN device driver interface
[    2.901666] usbcore: registered new interface driver asix
[    2.906266] usbcore: registered new interface driver ax88179_178a
[    2.912298] usbcore: registered new interface driver cdc_ether
[    2.918091] usbcore: registered new interface driver net1080
[    2.923721] usbcore: registered new interface driver cdc_subset
[    2.929597] usbcore: registered new interface driver zaurus
[    2.935140] usbcore: registered new interface driver cdc_ncm
[    2.941542] ehci_hcd: USB 2.0 'Enhanced' Host Controller (EHCI) Driver
[    2.947226] ehci-pci: EHCI PCI platform driver
[    2.952031] usbcore: registered new interface driver uas
[    2.956944] usbcore: registered new interface driver usb-storage
[    2.962931] usbcore: registered new interface driver usbserial_generic
[    2.969380] usbserial: USB Serial support registered for generic
[    2.975354] usbcore: registered new interface driver ftdi_sio
[    2.981056] usbserial: USB Serial support registered for FTDI USB Serial Device
[    2.988334] usbcore: registered new interface driver upd78f0730
[    2.994204] usbserial: USB Serial support registered for upd78f0730
[    3.001862] rtc_zynqmp ffa60000.rtc: registered as rtc0
[    3.005630] rtc_zynqmp ffa60000.rtc: setting system clock to 2022-03-26T01:03:04 UTC (1648256584)
[    3.014493] i2c /dev entries driver
[    3.019809] usbcore: registered new interface driver uvcvideo
[    3.023598] USB Video Class driver (1.1.1)
[    3.029182] Bluetooth: HCI UART driver ver 2.3
[    3.032087] Bluetooth: HCI UART protocol H4 registered
[    3.037186] Bluetooth: HCI UART protocol BCSP registered
[    3.042474] Bluetooth: HCI UART protocol LL registered
[    3.047565] Bluetooth: HCI UART protocol ATH3K registered
[    3.052939] Bluetooth: HCI UART protocol Three-wire (H5) registered
[    3.059192] Bluetooth: HCI UART protocol Intel registered
[    3.064529] Bluetooth: HCI UART protocol QCA registered
[    3.069733] usbcore: registered new interface driver bcm203x
[    3.075352] usbcore: registered new interface driver bpa10x
[    3.080886] usbcore: registered new interface driver bfusb
[    3.086340] usbcore: registered new interface driver btusb
[    3.091802] usbcore: registered new interface driver ath3k
[    3.097283] EDAC MC: ECC not enabled
[    3.100913] EDAC DEVICE0: Giving out device to module zynqmp-ocm-edac controller zynqmp_ocm: DEV ff960000.memory-controller (INTERRUPT)
[    3.113220] sdhci: Secure Digital Host Controller Interface driver
[    3.119014] sdhci: Copyright(c) Pierre Ossman
[    3.123336] sdhci-pltfm: SDHCI platform and OF driver helper
[    3.129390] ledtrig-cpu: registered to indicate activity on CPUs
[    3.134942] SMCCC: SOC_ID: ARCH_SOC_ID not implemented, skipping ....
[    3.141372] zynqmp_firmware_probe Platform Management API v1.1
[    3.147128] zynqmp_firmware_probe Trustzone version v1.0
[    3.186642] zynqmp-pinctrl firmware:zynqmp-firmware:pinctrl: zynqmp pinctrl initialized
[    3.234628] zynqmp-aes firmware:zynqmp-firmware:zynqmp-aes: will run requests pump with realtime priority
[    3.250461] alg: No test for xilinx-keccak-384 (zynqmp-keccak-384)
[    3.251174] alg: No test for xilinx-zynqmp-rsa (zynqmp-rsa)
[    3.256689] usbcore: registered new interface driver usbhid
[    3.262078] usbhid: USB HID core driver
[    3.273328] axi_sysid 85000000.axi-sysid-0: AXI System ID core version (1.01.a) found
[    3.275675] axi_sysid 85000000.axi-sysid-0: [ad9081_fmca_ebz] on [zcu102] git branch <master> git <084d44c9780640ca93fd847b1d9ec70dd65f5c67> clean [2022-03-18 04:17:50] UTC
[    3.291361] fpga_manager fpga0: Xilinx ZynqMP FPGA Manager registered
[    3.297719] usbcore: registered new interface driver snd-usb-audio
[    3.305172] pktgen: Packet Generator for packet performance testing. Version: 2.75
[    3.311350] Initializing XFRM netlink socket
[    3.315209] NET: Registered protocol family 10
[    3.319934] Segment Routing with IPv6
[    3.323295] sit: IPv6, IPv4 and MPLS over IPv4 tunneling driver
[    3.329374] NET: Registered protocol family 17
[    3.333478] NET: Registered protocol family 15
[    3.337976] can: controller area network core
[    3.342227] NET: Registered protocol family 29
[    3.346616] can: raw protocol
[    3.349555] can: broadcast manager protocol
[    3.353707] can: netlink gateway - max_hops=1
[    3.358105] Bluetooth: RFCOMM TTY layer initialized
[    3.362882] Bluetooth: RFCOMM socket layer initialized
[    3.367987] Bluetooth: RFCOMM ver 1.11
[    3.371696] Bluetooth: BNEP (Ethernet Emulation) ver 1.3
[    3.376972] Bluetooth: BNEP filters: protocol multicast
[    3.382166] Bluetooth: BNEP socket layer initialized
[    3.387093] Bluetooth: HIDP (Human Interface Emulation) ver 1.2
[    3.392977] Bluetooth: HIDP socket layer initialized
[    3.398030] 9pnet: Installing 9P2000 support
[    3.402154] NET: Registered protocol family 36
[    3.406570] Key type dns_resolver registered
[    3.411000] registered taskstats version 1
[    3.414867] Loading compiled-in X.509 certificates
[    3.419989] Btrfs loaded, crc32c=crc32c-generic
[    3.432374] ff000000.serial: ttyPS0 at MMIO 0xff000000 (irq = 49, base_baud = 6249999) is a xuartps
[    3.441393] printk: console [ttyPS0] enabled
[    3.445687] printk: bootconsole [cdns0] disabled
[    3.455316] ff010000.serial: ttyPS1 at MMIO 0xff010000 (irq = 50, base_baud = 6249999) is a xuartps
[    3.468568] of-fpga-region fpga-full: FPGA Region probed
[    3.475520] nwl-pcie fd0e0000.pcie: host bridge /axi/pcie@fd0e0000 ranges:
[    3.482417] nwl-pcie fd0e0000.pcie:      MEM 0x00e0000000..0x00efffffff -> 0x00e0000000
[    3.490419] nwl-pcie fd0e0000.pcie:      MEM 0x0600000000..0x07ffffffff -> 0x0600000000
[    3.498481] nwl-pcie fd0e0000.pcie: Link is DOWN
[    3.503238] nwl-pcie fd0e0000.pcie: PCI host bridge to bus 0000:00
[    3.509418] pci_bus 0000:00: root bus resource [bus 00-ff]
[    3.514898] pci_bus 0000:00: root bus resource [mem 0xe0000000-0xefffffff]
[    3.521763] pci_bus 0000:00: root bus resource [mem 0x600000000-0x7ffffffff pref]
[    3.529266] pci 0000:00:00.0: [10ee:d021] type 01 class 0x060400
[    3.535327] pci 0000:00:00.0: PME# supported from D0 D1 D2 D3hot
[    3.545770] pci 0000:00:00.0: PCI bridge to [bus 01-0c]
[    3.551753] xilinx-zynqmp-dma fd500000.dma: ZynqMP DMA driver Probe success
[    3.558922] xilinx-zynqmp-dma fd510000.dma: ZynqMP DMA driver Probe success
[    3.566099] xilinx-zynqmp-dma fd520000.dma: ZynqMP DMA driver Probe success
[    3.573270] xilinx-zynqmp-dma fd530000.dma: ZynqMP DMA driver Probe success
[    3.580436] xilinx-zynqmp-dma fd540000.dma: ZynqMP DMA driver Probe success
[    3.587605] xilinx-zynqmp-dma fd550000.dma: ZynqMP DMA driver Probe success
[    3.594775] xilinx-zynqmp-dma fd560000.dma: ZynqMP DMA driver Probe success
[    3.601944] xilinx-zynqmp-dma fd570000.dma: ZynqMP DMA driver Probe success
[    3.609340] xilinx-zynqmp-dpdma fd4c0000.dma-controller: Xilinx DPDMA engine is probed
[    3.617886] ahci-ceva fd0c0000.ahci: supply ahci not found, using dummy regulator
[    3.625422] ahci-ceva fd0c0000.ahci: supply phy not found, using dummy regulator
[    3.715893] hmc7044 spi2.0: PLL1: Acquisition, CLKIN0 @ 122880000 Hz, PFD: 80 kHz - PLL2: Locked @ 2724.000000 MHz
[    3.726611] jesd204: /axi/spi@ff050000/hmc7044@0,jesd204:1,parent=spi2.0: Using as SYSREF provider
[    3.736196] spi-nor spi0.0: SPI-NOR-UniqueID 100000235394732200270025081115266e
[    3.743507] spi-nor spi0.0: found n25q512a, expected m25p80
[    3.749700] spi-nor spi0.0: trying to lock already unlocked area
[    3.755700] spi-nor spi0.0: n25q512a (131072 Kbytes)
[    3.760678] 4 fixed-partitions partitions found on MTD device spi0.0
[    3.767024] Creating 4 MTD partitions on "spi0.0":
[    3.771809] 0x000000000000-0x000000100000 : "qspi-fsbl-uboot"
[    3.778297] 0x000000100000-0x000000600000 : "qspi-linux"
[    3.784254] 0x000000600000-0x000000620000 : "qspi-device-tree"
[    3.790723] 0x000000620000-0x000000c00000 : "qspi-rootfs"
[    3.799190] macb ff0e0000.ethernet: Not enabling partial store and forward
[    3.806717] libphy: MACB_mii_bus: probed
[    3.811785] macb ff0e0000.ethernet eth0: Cadence GEM rev 0x50070106 at 0xff0e0000 irq 30 (00:0a:35:04:8e:1b)
[    3.821996] xilinx-axipmon ffa00000.perf-monitor: Probed Xilinx APM
[    3.828569] xilinx-axipmon fd0b0000.perf-monitor: Probed Xilinx APM
[    3.835090] xilinx-axipmon fd490000.perf-monitor: Probed Xilinx APM
[    3.841632] xilinx-axipmon ffa10000.perf-monitor: Probed Xilinx APM
[    3.851625] pca953x 0-0020: supply vcc not found, using dummy regulator
[    3.858308] pca953x 0-0020: using no AI
[    3.862797] gpio-496 (sel0): hogged as output/low
[    3.867695] gpio-497 (sel1): hogged as output/high
[    3.872683] gpio-498 (sel2): hogged as output/high
[    3.877671] gpio-499 (sel3): hogged as output/high
[    3.882845] pca953x 0-0021: supply vcc not found, using dummy regulator
[    3.889519] pca953x 0-0021: using no AI
[    3.895278] ina2xx 2-0040: power monitor ina226 (Rshunt = 5000 uOhm)
[    3.902306] ina2xx 2-0041: power monitor ina226 (Rshunt = 5000 uOhm)
[    3.909344] ina2xx 2-0042: power monitor ina226 (Rshunt = 5000 uOhm)
[    3.916374] ina2xx 2-0043: power monitor ina226 (Rshunt = 5000 uOhm)
[    3.923394] ina2xx 2-0044: power monitor ina226 (Rshunt = 5000 uOhm)
[    3.930418] ina2xx 2-0045: power monitor ina226 (Rshunt = 5000 uOhm)
[    3.937446] ina2xx 2-0046: power monitor ina226 (Rshunt = 5000 uOhm)
[    3.944521] ina2xx 2-0047: power monitor ina226 (Rshunt = 5000 uOhm)
[    3.951546] ina2xx 2-004a: power monitor ina226 (Rshunt = 5000 uOhm)
[    3.958581] ina2xx 2-004b: power monitor ina226 (Rshunt = 5000 uOhm)
[    3.964991] i2c i2c-0: Added multiplexed i2c bus 2
[    3.970374] random: fast init done
[    3.973848] ina2xx 3-0040: power monitor ina226 (Rshunt = 2000 uOhm)
[    3.980875] ina2xx 3-0041: power monitor ina226 (Rshunt = 5000 uOhm)
[    3.987902] ina2xx 3-0042: power monitor ina226 (Rshunt = 5000 uOhm)
[    3.994930] ina2xx 3-0043: power monitor ina226 (Rshunt = 5000 uOhm)
[    4.001957] ina2xx 3-0044: power monitor ina226 (Rshunt = 5000 uOhm)
[    4.008985] ina2xx 3-0045: power monitor ina226 (Rshunt = 5000 uOhm)
[    4.016019] ina2xx 3-0046: power monitor ina226 (Rshunt = 5000 uOhm)
[    4.023047] ina2xx 3-0047: power monitor ina226 (Rshunt = 5000 uOhm)
[    4.029448] i2c i2c-0: Added multiplexed i2c bus 3
[    4.084928] i2c i2c-0: Added multiplexed i2c bus 4
[    4.089869] i2c i2c-0: Added multiplexed i2c bus 5
[    4.094657] pca954x 0-0075: registered 4 multiplexed busses for I2C mux pca9544
[    4.102006] cdns-i2c ff020000.i2c: 400 kHz mmio ff020000 irq 32
[    4.109735] at24 6-0054: supply vcc not found, using dummy regulator
[    4.116635] at24 6-0054: 1024 byte 24c08 EEPROM, writable, 1 bytes/write
[    4.123383] i2c i2c-1: Added multiplexed i2c bus 6
[    4.129813] si5341 7-0036: Chip: 5341 Grade: 1 Rev: 1
[    4.167483] i2c i2c-1: Added multiplexed i2c bus 7
[    4.175134] si570 8-005d: registered, current frequency 300000000 Hz
[    4.181532] i2c i2c-1: Added multiplexed i2c bus 8
[    4.201319] si570 9-005d: registered, current frequency 148500000 Hz
[    4.207725] i2c i2c-1: Added multiplexed i2c bus 9
[    4.212756] si5324 10-0069: si5328 probed
[    4.280070] si5324 10-0069: si5328 probe successful
[    4.285000] i2c i2c-1: Added multiplexed i2c bus 10
[    4.290027] i2c i2c-1: Added multiplexed i2c bus 11
[    4.295054] i2c i2c-1: Added multiplexed i2c bus 12
[    4.300075] i2c i2c-1: Added multiplexed i2c bus 13
[    4.304955] pca954x 1-0074: registered 8 multiplexed busses for I2C switch pca9548
[    4.313062] at24 14-0050: supply vcc not found, using dummy regulator
[    4.319851] at24 14-0050: 256 byte 24c02 EEPROM, writable, 1 bytes/write
[    4.326598] i2c i2c-1: Added multiplexed i2c bus 14
[    4.331641] i2c i2c-1: Added multiplexed i2c bus 15
[    4.336672] i2c i2c-1: Added multiplexed i2c bus 16
[    4.341710] i2c i2c-1: Added multiplexed i2c bus 17
[    4.346739] i2c i2c-1: Added multiplexed i2c bus 18
[    4.351787] i2c i2c-1: Added multiplexed i2c bus 19
[    4.356822] i2c i2c-1: Added multiplexed i2c bus 20
[    4.361857] i2c i2c-1: Added multiplexed i2c bus 21
[    4.366730] pca954x 1-0075: registered 8 multiplexed busses for I2C switch pca9548
[    4.374340] cdns-i2c ff030000.i2c: 400 kHz mmio ff030000 irq 33
[    4.384082] cdns-wdt fd4d0000.watchdog: Xilinx Watchdog Timer with timeout 60s
[    4.395024] axi_adxcvr 84a60000.axi-adxcvr-rx: AXI-ADXCVR-RX (17.05.a) using CPLL on GTH4 at 0x84A60000. Number of lanes: 4.
[    4.407168] axi_adxcvr 84b60000.axi-adxcvr-tx: AXI-ADXCVR-TX (17.05.a) using QPLL on GTH4 at 0x84B60000. Number of lanes: 4.
[    4.418796] axi-jesd204-rx 84a90000.axi-jesd204-rx: AXI-JESD204-RX (1.07.a) at 0x84A90000. Encoder 8b10b, width 4/4, lanes 4, jesd204-fsm.
[    4.426108] mmc0: SDHCI controller on ff170000.mmc [ff170000.mmc] using ADMA 64-bit
[    4.431640] axi-jesd204-tx 84b90000.axi-jesd204-tx: AXI-JESD204-TX (1.06.a) at 0x84B90000. Encoder 8b10b, width 4/4, lanes 4, jesd204-fsm.
[    4.452367] zynqmp-display fd4a0000.display: vtc bridge property not present
[    4.462017] xilinx-dp-snd-codec fd4a0000.display:zynqmp_dp_snd_codec0: Failed to get required clock freq
[    4.471517] xilinx-dp-snd-codec: probe of fd4a0000.display:zynqmp_dp_snd_codec0 failed with error -22
[    4.473506] mmc0: new high speed SDHC card at address 0001
[    4.481056] xilinx-dp-snd-pcm zynqmp_dp_snd_pcm0: Xilinx DisplayPort Sound PCM probed
[    4.486570] mmcblk0: mmc0:0001 EB1QT 29.8 GiB 
[    4.494373] xilinx-dp-snd-pcm zynqmp_dp_snd_pcm1: Xilinx DisplayPort Sound PCM probed
[    4.499731]  mmcblk0: p1 p2 p3
[    4.506676] OF: graph: no port node found in /axi/display@fd4a0000
[    4.515753] xlnx-drm xlnx-drm.0: bound fd4a0000.display (ops 0xffffffc010fcbdb8)
[    5.599740] zynqmp-display fd4a0000.display: [drm] Cannot find any crtc or sizes
[    5.607358] [drm] Initialized xlnx 1.0.0 20130509 for fd4a0000.display on minor 0
[    5.614848] zynqmp-display fd4a0000.display: ZynqMP DisplayPort Subsystem driver probed
[    5.623174] ahci-ceva fd0c0000.ahci: supply ahci not found, using dummy regulator
[    5.630718] ahci-ceva fd0c0000.ahci: supply phy not found, using dummy regulator
[    5.638168] ahci-ceva fd0c0000.ahci: supply target not found, using dummy regulator
[    5.646007] ahci-ceva fd0c0000.ahci: AHCI 0001.0301 32 slots 2 ports 6 Gbps 0x3 impl platform mode
[    5.654963] ahci-ceva fd0c0000.ahci: flags: 64bit ncq sntf pm clo only pmp fbs pio slum part ccc sds apst 
[    5.665657] scsi host0: ahci-ceva
[    5.669261] scsi host1: ahci-ceva
[    5.672689] ata1: SATA max UDMA/133 mmio [mem 0xfd0c0000-0xfd0c1fff] port 0x100 irq 45
[    5.680602] ata2: SATA max UDMA/133 mmio [mem 0xfd0c0000-0xfd0c1fff] port 0x180 irq 45
[    5.689198] ad9081 spi1.0: supply vdd not found, using dummy regulator
[    6.001975] ata1: SATA link down (SStatus 0 SControl 330)
[    6.007395] ata2: SATA link down (SStatus 0 SControl 330)
[    6.683742] zynqmp-display fd4a0000.display: [drm] Cannot find any crtc or sizes
[    6.881226] ad9081 spi1.0: Invalid param passed., "ref_clk_hz < 100000000ULL" in adi_ad9081_device_clk_config_set(...), line554 in drivers/iio/adc/ad9081/adi_ad9081_device.c
[    7.548590] ad9081 spi1.0: AD9081 Rev. 2 Grade 10 (API 1.2.2) probed
[    7.555800] xhci-hcd xhci-hcd.1.auto: xHCI Host Controller
[    7.561290] xhci-hcd xhci-hcd.1.auto: new USB bus registered, assigned bus number 1
[    7.569029] xhci-hcd xhci-hcd.1.auto: hcc params 0x0238f625 hci version 0x100 quirks 0x0000000002010810
[    7.578442] xhci-hcd xhci-hcd.1.auto: irq 59, io mem 0xfe200000
[    7.584548] usb usb1: New USB device found, idVendor=1d6b, idProduct=0002, bcdDevice= 5.10
[    7.592808] usb usb1: New USB device strings: Mfr=3, Product=2, SerialNumber=1
[    7.600026] usb usb1: Product: xHCI Host Controller
[    7.604895] usb usb1: Manufacturer: Linux 5.10.0-98103-g2aa7ac113716 xhci-hcd
[    7.612022] usb usb1: SerialNumber: xhci-hcd.1.auto
[    7.617185] hub 1-0:1.0: USB hub found
[    7.620949] hub 1-0:1.0: 1 port detected
[    7.625053] xhci-hcd xhci-hcd.1.auto: xHCI Host Controller
[    7.630541] xhci-hcd xhci-hcd.1.auto: new USB bus registered, assigned bus number 2
[    7.638197] xhci-hcd xhci-hcd.1.auto: Host supports USB 3.0 SuperSpeed
[    7.644824] usb usb2: New USB device found, idVendor=1d6b, idProduct=0003, bcdDevice= 5.10
[    7.653082] usb usb2: New USB device strings: Mfr=3, Product=2, SerialNumber=1
[    7.660301] usb usb2: Product: xHCI Host Controller
[    7.665169] usb usb2: Manufacturer: Linux 5.10.0-98103-g2aa7ac113716 xhci-hcd
[    7.672299] usb usb2: SerialNumber: xhci-hcd.1.auto
[    7.677411] hub 2-0:1.0: USB hub found
[    7.681175] hub 2-0:1.0: 1 port detected
[    7.711210] cf_axi_adc 84a10000.axi-ad9081-rx-hpc: ADI AIM (10.01.b) at 0x84A10000 mapped to 0x(____ptrval____), probed ADC AD9081 as MASTER
[    7.744560] cf_axi_dds 84b10000.axi-ad9081-tx-hpc: Analog Devices CF_AXI_DDS_DDS MASTER (9.01.b) at 0x84B10000 mapped to 0x(____ptrval____), probed DDS AD9081
[    7.758766] jesd204: /axi/spi@ff040000/ad9081@0,jesd204:0,parent=spi1.0: JESD204[2] transition initialized -> probed
[    7.769286] jesd204: /axi/spi@ff040000/ad9081@0,jesd204:0,parent=spi1.0: JESD204[0] transition initialized -> probed
[    7.779807] jesd204: /axi/spi@ff040000/ad9081@0,jesd204:0,parent=spi1.0: JESD204[2] transition probed -> idle
[    7.789717] jesd204: /axi/spi@ff040000/ad9081@0,jesd204:0,parent=spi1.0: JESD204[0] transition probed -> idle
[    7.799631] jesd204: /axi/spi@ff040000/ad9081@0,jesd204:0,parent=spi1.0: JESD204[2] transition idle -> device_init
[    7.809974] jesd204: /axi/spi@ff040000/ad9081@0,jesd204:0,parent=spi1.0: JESD204[0] transition idle -> device_init
[    7.820326] jesd204: /axi/spi@ff040000/ad9081@0,jesd204:0,parent=spi1.0: JESD204[2] transition device_init -> link_init
[    7.831101] jesd204: /axi/spi@ff040000/ad9081@0,jesd204:0,parent=spi1.0: JESD204[0] transition device_init -> link_init
[    7.841893] jesd204: /axi/spi@ff040000/ad9081@0,jesd204:0,parent=spi1.0: JESD204[2] transition link_init -> link_supported
[    7.852931] jesd204: /axi/spi@ff040000/ad9081@0,jesd204:0,parent=spi1.0: JESD204[0] transition link_init -> link_supported
[    7.864342] hmc7044 spi2.0: hmc7044_jesd204_link_pre_setup: Link2 forcing continuous SYSREF mode
[    7.873490] axi-jesd204-tx 84b90000.axi-jesd204-tx: axi_jesd204_tx_jesd204_link_pre_setup: Link0 set lane rate 9080000 kHz failed (-22)
[    7.885657] jesd204: /fpga-axi@0/axi-jesd204-tx@84b90000,jesd204:5,parent=84b90000.axi-jesd204-tx: JESD204[0] In link_pre_setup got error from cb: -22
[    7.899127] jesd204: /axi/spi@ff040000/ad9081@0,jesd204:0,parent=spi1.0: Rolling back from 'link_supported', got error -22
[    7.910177] jesd204: /axi/spi@ff040000/ad9081@0,jesd204:0,parent=spi1.0: JESD204[0] transition link_supported -> link_pre_setup
[    7.921651] jesd204: /axi/spi@ff040000/ad9081@0,jesd204:0,parent=spi1.0: JESD204[2] transition link_supported -> link_pre_setup
[    7.933129] jesd204: /axi/spi@ff040000/ad9081@0,jesd204:0,parent=spi1.0: JESD204[0] transition link_pre_setup -> link_supported
[    7.944602] jesd204: /axi/spi@ff040000/ad9081@0,jesd204:0,parent=spi1.0: JESD204[2] transition link_pre_setup -> link_supported
[    7.956079] jesd204: /axi/spi@ff040000/ad9081@0,jesd204:0,parent=spi1.0: JESD204[0] transition link_supported -> link_init
[    7.967116] jesd204: /axi/spi@ff040000/ad9081@0,jesd204:0,parent=spi1.0: JESD204[2] transition link_supported -> link_init
[    7.978163] jesd204: /axi/spi@ff040000/ad9081@0,jesd204:0,parent=spi1.0: JESD204[0] transition link_init -> device_init
[    7.988942] jesd204: /axi/spi@ff040000/ad9081@0,jesd204:0,parent=spi1.0: JESD204[2] transition link_init -> device_init
[    7.999724] jesd204: /axi/spi@ff040000/ad9081@0,jesd204:0,parent=spi1.0: JESD204[0] transition device_init -> idle
[    8.010065] jesd204: /axi/spi@ff040000/ad9081@0,jesd204:0,parent=spi1.0: JESD204[2] transition device_init -> idle
[    8.020416] jesd204: /axi/spi@ff040000/ad9081@0,jesd204:0,parent=spi1.0: JESD204[2] transition idle -> idle
[    8.030151] jesd204: /axi/spi@ff040000/ad9081@0,jesd204:0,parent=spi1.0: JESD204[0] transition idle -> idle
[    8.039892] jesd204: /axi/spi@ff040000/ad9081@0,jesd204:0,parent=spi1.0: JESD204[2] transition idle -> device_init
[    8.050236] jesd204: /axi/spi@ff040000/ad9081@0,jesd204:0,parent=spi1.0: JESD204[0] transition idle -> device_init
[    8.060586] jesd204: /axi/spi@ff040000/ad9081@0,jesd204:0,parent=spi1.0: JESD204[2] transition device_init -> link_init
[    8.071368] jesd204: /axi/spi@ff040000/ad9081@0,jesd204:0,parent=spi1.0: JESD204[0] transition device_init -> link_init
[    8.082152] jesd204: /axi/spi@ff040000/ad9081@0,jesd204:0,parent=spi1.0: JESD204[2] transition link_init -> link_supported
[    8.093192] jesd204: /axi/spi@ff040000/ad9081@0,jesd204:0,parent=spi1.0: JESD204[0] transition link_init -> link_supported
[    8.104569] axi-jesd204-tx 84b90000.axi-jesd204-tx: axi_jesd204_tx_jesd204_link_pre_setup: Link0 set lane rate 9080000 kHz failed (-22)
[    8.116739] jesd204: /fpga-axi@0/axi-jesd204-tx@84b90000,jesd204:5,parent=84b90000.axi-jesd204-tx: JESD204[0] In link_pre_setup got error from cb: -22
[    8.130206] jesd204: /axi/spi@ff040000/ad9081@0,jesd204:0,parent=spi1.0: Rolling back from 'link_supported', got error -22
[    8.141249] jesd204: /axi/spi@ff040000/ad9081@0,jesd204:0,parent=spi1.0: JESD204[0] transition link_supported -> link_pre_setup
[    8.152724] jesd204: /axi/spi@ff040000/ad9081@0,jesd204:0,parent=spi1.0: JESD204[2] transition link_supported -> link_pre_setup
[    8.164199] jesd204: /axi/spi@ff040000/ad9081@0,jesd204:0,parent=spi1.0: JESD204[0] transition link_pre_setup -> link_supported
[    8.175671] jesd204: /axi/spi@ff040000/ad9081@0,jesd204:0,parent=spi1.0: JESD204[2] transition link_pre_setup -> link_supported
[    8.187148] jesd204: /axi/spi@ff040000/ad9081@0,jesd204:0,parent=spi1.0: JESD204[0] transition link_supported -> link_init
[    8.198185] jesd204: /axi/spi@ff040000/ad9081@0,jesd204:0,parent=spi1.0: JESD204[2] transition link_supported -> link_init
[    8.209234] jesd204: /axi/spi@ff040000/ad9081@0,jesd204:0,parent=spi1.0: JESD204[0] transition link_init -> device_init
[    8.220009] jesd204: /axi/spi@ff040000/ad9081@0,jesd204:0,parent=spi1.0: JESD204[2] transition link_init -> device_init
[    8.230791] jesd204: /axi/spi@ff040000/ad9081@0,jesd204:0,parent=spi1.0: JESD204[0] transition device_init -> idle
[    8.241140] jesd204: /axi/spi@ff040000/ad9081@0,jesd204:0,parent=spi1.0: JESD204[2] transition device_init -> idle
[    8.251487] jesd204: /axi/spi@ff040000/ad9081@0,jesd204:0,parent=spi1.0: JESD204[2] transition idle -> idle
[    8.261221] jesd204: /axi/spi@ff040000/ad9081@0,jesd204:0,parent=spi1.0: JESD204[0] transition idle -> idle
[    8.270963] jesd204: /axi/spi@ff040000/ad9081@0,jesd204:0,parent=spi1.0: JESD204[2] transition idle -> device_init
[    8.281306] jesd204: /axi/spi@ff040000/ad9081@0,jesd204:0,parent=spi1.0: JESD204[0] transition idle -> device_init
[    8.291657] jesd204: /axi/spi@ff040000/ad9081@0,jesd204:0,parent=spi1.0: JESD204[2] transition device_init -> link_init
[    8.302433] jesd204: /axi/spi@ff040000/ad9081@0,jesd204:0,parent=spi1.0: JESD204[0] transition device_init -> link_init
[    8.313222] jesd204: /axi/spi@ff040000/ad9081@0,jesd204:0,parent=spi1.0: JESD204[2] transition link_init -> link_supported
[    8.324265] jesd204: /axi/spi@ff040000/ad9081@0,jesd204:0,parent=spi1.0: JESD204[0] transition link_init -> link_supported
[    8.335600] axi-jesd204-tx 84b90000.axi-jesd204-tx: axi_jesd204_tx_jesd204_link_pre_setup: Link0 set lane rate 9080000 kHz failed (-22)
[    8.347772] jesd204: /fpga-axi@0/axi-jesd204-tx@84b90000,jesd204:5,parent=84b90000.axi-jesd204-tx: JESD204[0] In link_pre_setup got error from cb: -22
[    8.361242] jesd204: /axi/spi@ff040000/ad9081@0,jesd204:0,parent=spi1.0: Rolling back from 'link_supported', got error -22
[    8.372290] jesd204: /axi/spi@ff040000/ad9081@0,jesd204:0,parent=spi1.0: JESD204[0] transition link_supported -> link_pre_setup
[    8.383765] jesd204: /axi/spi@ff040000/ad9081@0,jesd204:0,parent=spi1.0: JESD204[2] transition link_supported -> link_pre_setup
[    8.395243] jesd204: /axi/spi@ff040000/ad9081@0,jesd204:0,parent=spi1.0: JESD204[0] transition link_pre_setup -> link_supported
[    8.406714] jesd204: /axi/spi@ff040000/ad9081@0,jesd204:0,parent=spi1.0: JESD204[2] transition link_pre_setup -> link_supported
[    8.418193] jesd204: /axi/spi@ff040000/ad9081@0,jesd204:0,parent=spi1.0: JESD204[0] transition link_supported -> link_init
[    8.429230] jesd204: /axi/spi@ff040000/ad9081@0,jesd204:0,parent=spi1.0: JESD204[2] transition link_supported -> link_init
[    8.440277] jesd204: /axi/spi@ff040000/ad9081@0,jesd204:0,parent=spi1.0: JESD204[0] transition link_init -> device_init
[    8.451055] jesd204: /axi/spi@ff040000/ad9081@0,jesd204:0,parent=spi1.0: JESD204[2] transition link_init -> device_init
[    8.461836] jesd204: /axi/spi@ff040000/ad9081@0,jesd204:0,parent=spi1.0: JESD204[0] transition device_init -> idle
[    8.472180] jesd204: /axi/spi@ff040000/ad9081@0,jesd204:0,parent=spi1.0: JESD204[2] transition device_init -> idle
[    8.482530] jesd204: /axi/spi@ff040000/ad9081@0,jesd204:0,parent=spi1.0: JESD204[2] transition idle -> idle
[    8.492265] jesd204: /axi/spi@ff040000/ad9081@0,jesd204:0,parent=spi1.0: JESD204[0] transition idle -> idle
[    8.502011] jesd204: /axi/spi@ff040000/ad9081@0,jesd204:0,parent=spi1.0: JESD204[2] transition idle -> device_init
[    8.512361] jesd204: /axi/spi@ff040000/ad9081@0,jesd204:0,parent=spi1.0: JESD204[0] transition idle -> device_init
[    8.522709] jesd204: /axi/spi@ff040000/ad9081@0,jesd204:0,parent=spi1.0: JESD204[2] transition device_init -> link_init
[    8.533486] jesd204: /axi/spi@ff040000/ad9081@0,jesd204:0,parent=spi1.0: JESD204[0] transition device_init -> link_init
[    8.544274] jesd204: /axi/spi@ff040000/ad9081@0,jesd204:0,parent=spi1.0: JESD204[2] transition link_init -> link_supported
[    8.555318] jesd204: /axi/spi@ff040000/ad9081@0,jesd204:0,parent=spi1.0: JESD204[0] transition link_init -> link_supported
[    8.566653] axi-jesd204-tx 84b90000.axi-jesd204-tx: axi_jesd204_tx_jesd204_link_pre_setup: Link0 set lane rate 9080000 kHz failed (-22)
[    8.578825] jesd204: /fpga-axi@0/axi-jesd204-tx@84b90000,jesd204:5,parent=84b90000.axi-jesd204-tx: JESD204[0] In link_pre_setup got error from cb: -22
[    8.592295] jesd204: /axi/spi@ff040000/ad9081@0,jesd204:0,parent=spi1.0: Rolling back from 'link_supported', got error -22
[    8.603337] jesd204: /axi/spi@ff040000/ad9081@0,jesd204:0,parent=spi1.0: JESD204[0] transition link_supported -> link_pre_setup
[    8.614808] jesd204: /axi/spi@ff040000/ad9081@0,jesd204:0,parent=spi1.0: JESD204[2] transition link_supported -> link_pre_setup
[    8.626291] jesd204: /axi/spi@ff040000/ad9081@0,jesd204:0,parent=spi1.0: JESD204[0] transition link_pre_setup -> link_supported
[    8.637769] jesd204: /axi/spi@ff040000/ad9081@0,jesd204:0,parent=spi1.0: JESD204[2] transition link_pre_setup -> link_supported
[    8.649246] jesd204: /axi/spi@ff040000/ad9081@0,jesd204:0,parent=spi1.0: JESD204[0] transition link_supported -> link_init
[    8.660283] jesd204: /axi/spi@ff040000/ad9081@0,jesd204:0,parent=spi1.0: JESD204[2] transition link_supported -> link_init
[    8.671330] jesd204: /axi/spi@ff040000/ad9081@0,jesd204:0,parent=spi1.0: JESD204[0] transition link_init -> device_init
[    8.682106] jesd204: /axi/spi@ff040000/ad9081@0,jesd204:0,parent=spi1.0: JESD204[2] transition link_init -> device_init
[    8.692888] jesd204: /axi/spi@ff040000/ad9081@0,jesd204:0,parent=spi1.0: JESD204[0] transition device_init -> idle
[    8.703232] jesd204: /axi/spi@ff040000/ad9081@0,jesd204:0,parent=spi1.0: JESD204[2] transition device_init -> idle
[    8.713579] jesd204: /axi/spi@ff040000/ad9081@0,jesd204:0,parent=spi1.0: FSM completed with error -22
[    8.732015] input: gpio-keys as /devices/platform/gpio-keys/input/input0
[    8.739028] of_cfs_init
[    8.741493] of_cfs_init: OK
[    8.744434] cfg80211: Loading compiled-in X.509 certificates for regulatory database
[    8.882635] cfg80211: Loaded X.509 cert 'sforshee: 00b28ddf47aef9cea7'
[    8.889165] clk: Not disabling unused clocks
[    8.893699] ALSA device list:
[    8.896660]   No soundcards found.
[    8.900326] platform regulatory.0: Direct firmware load for regulatory.db failed with error -2
[    8.908932] cfg80211: failed to load regulatory.db
[    8.923943] EXT4-fs (mmcblk0p2): mounted filesystem with ordered data mode. Opts: (null)
[    8.932057] VFS: Mounted root (ext4 filesystem) on device 179:2.
[    8.945601] devtmpfs: mounted
[    8.949413] Freeing unused kernel memory: 2560K
[    8.963776] Run /sbin/init as init process
[    8.967866]   with arguments:
[    8.967869]     /sbin/init
[    8.967871]   with environment:
[    8.967873]     HOME=/
[    8.967876]     TERM=linux
[    9.538137] systemd[1]: systemd 241 running in system mode. (+PAM +AUDIT +SELINUX +IMA +APPARMOR +SMACK +SYSVINIT +UTMP +LIBCRYPTSETUP +GCRYPT +GNUTLS +ACL +XZ +LZ4 +SECCOMP +BLKID +ELFUTILS +KMOD -IDN2 +IDN -PCRE2 default-hierarchy=hybrid)
[    9.560021] systemd[1]: Detected architecture arm64.
[    9.584443] systemd[1]: Set hostname to <analog>.
[    9.766837] systemd[1]: File /lib/systemd/system/systemd-journald.service:12 configures an IP firewall (IPAddressDeny=any), but the local system does not support BPF/cgroup based firewalling.
[    9.783901] systemd[1]: Proceeding WITHOUT firewalling in effect! (This warning is only shown for the first loaded unit using IP firewalling.)
[    9.948370] systemd[1]: /etc/systemd/system/tof-server.service:1: Assignment outside of section. Ignoring.
[    9.958094] systemd[1]: /etc/systemd/system/tof-server.service:2: Assignment outside of section. Ignoring.
[   10.145542] random: systemd: uninitialized urandom read (16 bytes read)
[   10.160327] random: systemd: uninitialized urandom read (16 bytes read)
[   10.167252] systemd[1]: Listening on Syslog Socket.
[   10.183861] systemd[1]: Condition check resulted in Arbitrary Executable File Formats File System Automount Point being skipped.
[   10.195485] random: systemd: uninitialized urandom read (16 bytes read)
[   10.202444] systemd[1]: Listening on Journal Socket.
[   10.774636] ------------[ cut here ]------------
[   10.774645] Enabling unprepared \xa0\xe9Q\x88\xff\xff\xffpQ\x88\xff\xff\xff
[   10.774690] WARNING: CPU: 1 PID: 131 at drivers/clk/clk.c:1012 clk_core_enable+0xa4/0xc0
[   10.774693] Modules linked in:
[   10.774704] CPU: 1 PID: 131 Comm: kworker/1:1H Not tainted 5.10.0-98103-g2aa7ac113716 #5577
[   10.774707] Hardware name: ZynqMP ZCU102 Rev1.0 (DT)
[   10.774716] Workqueue: kblockd blk_mq_run_work_fn
[   10.774724] pstate: 80000085 (Nzcv daIf -PAN -UAO -TCO BTYPE=--)
[   10.774729] pc : clk_core_enable+0xa4/0xc0
[   10.774735] lr : clk_core_enable+0xa4/0xc0
[   10.774737] sp : ffffffc012b5b2d0
[   10.774740] x29: ffffffc012b5b2d0 x28: ffffff8800330c10 
[   10.774747] x27: ffffff8800330d48 x26: 0000005000000101 
[   10.774757] x25: 000000027c465b1c x24: 0000000000000001 
[   10.774764] x23: ffffff88010e9380 x22: ffffff8801083220 
[   10.774770] x21: ffffff8801517000 x20: ffffff8801517008 
[   10.774777] x19: ffffff8801517008 x18: 0000000000000030 
[   10.774784] x17: 0000000000000003 x16: 0000adab012d3088 
[   10.774790] x15: ffffffffffff9d30 x14: ffffffc011d3b1a0 
[   10.774797] x13: ffffffc011d3b1c8 x12: 0000000000000675 
[   10.774803] x11: 0000000000000227 x10: ffffffc011d671c8 
[   10.774809] x9 : 00000000fffff800 x8 : ffffffc011d3b1c8 
[   10.774816] x7 : ffffffc011d671c8 x6 : 0000000000000001 
[   10.774822] x5 : ffffff887f77c9e0 x4 : 0000000000000000 
[   10.774829] x3 : 0000000000000027 x2 : 0000000000000023 
[   10.774835] x1 : a7b96f2b05460500 x0 : 0000000000000000 
[   10.774842] Call trace:
[   10.774848]  clk_core_enable+0xa4/0xc0
[   10.774853]  clk_enable+0x2c/0x60
[   10.774859]  zynqmp_runtime_resume+0x24/0x84
[   10.774869]  pm_generic_runtime_resume+0x30/0x50
[   10.774875]  __genpd_runtime_resume+0x30/0xb0
[   10.774881]  genpd_runtime_resume+0x90/0x250
[   10.774887]  __rpm_callback+0x10c/0x1e0
[   10.774892]  rpm_callback+0x5c/0x84
[   10.774897]  rpm_resume+0x4a4/0x74c
[   10.774902]  __pm_runtime_resume+0x78/0xc4
[   10.774907]  spi_mem_access_start.isra.0+0x30/0x80
[   10.774911]  spi_mem_exec_op+0x3b0/0x424
[   10.774916]  spi_nor_read_sr+0x78/0xe0
[   10.774921]  spi_nor_wait_till_ready_with_timeout+0xb4/0x2f0
[   10.774925]  spi_nor_read+0x188/0x380
[   10.774930]  mtd_read_oob_std+0x78/0x84
[   10.774935]  mtd_read_oob+0x7c/0x134
[   10.774939]  mtd_read+0x48/0x7c
[   10.774945]  mtdblock_readsect+0x6c/0x150
[   10.774950]  mtd_queue_rq+0x2cc/0x5a0
[   10.774955]  blk_mq_dispatch_rq_list+0x110/0x790
[   10.774962]  __blk_mq_do_dispatch_sched+0x200/0x274
[   10.774967]  __blk_mq_sched_dispatch_requests+0x1a8/0x1fc
[   10.774976]  blk_mq_sched_dispatch_requests+0x3c/0x7c
[   10.774981]  __blk_mq_run_hw_queue+0x98/0x100
[   10.774986]  blk_mq_run_work_fn+0x24/0x30
[   10.774991]  process_one_work+0x1d4/0x380
[   10.774995]  worker_thread+0x78/0x4e0
[   10.775001]  kthread+0x124/0x130
[   10.775006]  ret_from_fork+0x10/0x3c
[   10.775010] ---[ end trace f50f3e277b0a83ed ]---
[   10.775018] zynqmp-qspi ff0f0000.spi: Cannot enable APB clock.
[   10.775068] spi_master spi0: Failed to power device: -108
[   10.775078] blk_update_request: I/O error, dev mtdblock0, sector 8 op 0x0:(READ) flags 0x80700 phys_seg 1 prio class 0
[   10.775159] spi_master spi0: Failed to power device: -22
[   10.775166] blk_update_request: I/O error, dev mtdblock0, sector 8 op 0x0:(READ) flags 0x0 phys_seg 8 prio class 0
[   10.775171] Buffer I/O error on dev mtdblock0, logical block 8, async page read
[   10.775180] spi_master spi0: Failed to power device: -22
[   10.775186] blk_update_request: I/O error, dev mtdblock0, sector 9 op 0x0:(READ) flags 0x0 phys_seg 7 prio class 0
[   10.775190] Buffer I/O error on dev mtdblock0, logical block 9, async page read
[   10.775197] spi_master spi0: Failed to power device: -22
[   10.775206] blk_update_request: I/O error, dev mtdblock0, sector 10 op 0x0:(READ) flags 0x0 phys_seg 6 prio class 0
[   10.775210] Buffer I/O error on dev mtdblock0, logical block 10, async page read
[   10.775217] spi_master spi0: Failed to power device: -22
[   10.775222] blk_update_request: I/O error, dev mtdblock0, sector 11 op 0x0:(READ) flags 0x0 phys_seg 5 prio class 0
[   10.775226] Buffer I/O error on dev mtdblock0, logical block 11, async page read
[   10.775233] spi_master spi0: Failed to power device: -22
[   10.775239] blk_update_request: I/O error, dev mtdblock0, sector 12 op 0x0:(READ) flags 0x0 phys_seg 4 prio class 0
[   10.775243] Buffer I/O error on dev mtdblock0, logical block 12, async page read
[   10.775249] spi_master spi0: Failed to power device: -22
[   10.775255] blk_update_request: I/O error, dev mtdblock0, sector 13 op 0x0:(READ) flags 0x0 phys_seg 3 prio class 0
[   10.775259] Buffer I/O error on dev mtdblock0, logical block 13, async page read
[   10.775266] spi_master spi0: Failed to power device: -22
[   10.775271] blk_update_request: I/O error, dev mtdblock0, sector 14 op 0x0:(READ) flags 0x0 phys_seg 2 prio class 0
[   10.775275] Buffer I/O error on dev mtdblock0, logical block 14, async page read
[   10.775282] spi_master spi0: Failed to power device: -22
[   10.775287] blk_update_request: I/O error, dev mtdblock0, sector 15 op 0x0:(READ) flags 0x0 phys_seg 1 prio class 0
[   10.775291] Buffer I/O error on dev mtdblock0, logical block 15, async page read
[   10.775633] spi_master spi0: Failed to power device: -22
[   10.775640] blk_update_request: I/O error, dev mtdblock1, sector 10112 op 0x0:(READ) flags 0x80700 phys_seg 1 prio class 0
[   10.775684] spi_master spi0: Failed to power device: -22
[   10.775690] Buffer I/O error on dev mtdblock1, logical block 10112, async page read
[   10.775698] spi_master spi0: Failed to power device: -22
[   10.775703] Buffer I/O error on dev mtdblock1, logical block 10113, async page read
[   10.775736] spi_master spi0: Failed to power device: -22
[   10.775745] spi_master spi0: Failed to power device: -22
[   10.775753] spi_master spi0: Failed to power device: -22
[   10.775764] spi_master spi0: Failed to power device: -22
[   10.775771] spi_master spi0: Failed to power device: -22
[   10.775778] spi_master spi0: Failed to power device: -22
[   10.776010] spi_master spi0: Failed to power device: -22
[   10.776054] spi_master spi0: Failed to power device: -22
[   10.776063] spi_master spi0: Failed to power device: -22
[   10.776071] spi_master spi0: Failed to power device: -22
[   10.776079] spi_master spi0: Failed to power device: -22
[   10.776086] spi_master spi0: Failed to power device: -22
[   10.776093] spi_master spi0: Failed to power device: -22
[   10.776101] spi_master spi0: Failed to power device: -22
[   10.776108] spi_master spi0: Failed to power device: -22
[   10.776374] spi_master spi0: Failed to power device: -22
[   10.776422] spi_master spi0: Failed to power device: -22
[   10.776431] spi_master spi0: Failed to power device: -22
[   10.776439] spi_master spi0: Failed to power device: -22
[   10.776447] spi_master spi0: Failed to power device: -22
[   10.776454] spi_master spi0: Failed to power device: -22
[   10.776462] spi_master spi0: Failed to power device: -22
[   10.776469] spi_master spi0: Failed to power device: -22
[   10.776476] spi_master spi0: Failed to power device: -22
[   10.901374] EXT4-fs (mmcblk0p2): re-mounted. Opts: (null)
[   11.028510] systemd-journald[168]: Received request to flush runtime journal from PID 1
[   16.930761] macb ff0e0000.ethernet eth0: PHY [ff0e0000.ethernet-ffffffff:0c] driver [TI DP83867] (irq=POLL)
[   16.930773] macb ff0e0000.ethernet eth0: configuring for phy/rgmii-id link mode
[   17.215774] Adding 92156k swap on /var/swap.  Priority:-2 extents:1 across:92156k SS
[   19.047748] random: crng init done
[   19.047760] random: 7 urandom warning(s) missed due to ratelimiting
[   19.824314] broken atomic modeset userspace detected, disabling atomic
[   20.001333] macb ff0e0000.ethernet eth0: Link is Up - 1Gbps/Full - flow control off
[   20.001357] IPv6: ADDRCONF(NETDEV_CHANGE): eth0: link becomes ready
[   22.500406] broken atomic modeset userspace detected, disabling atomic
[   25.356770] broken atomic modeset userspace detected, disabling atomic
[   27.998042] broken atomic modeset userspace detected, disabling atomic