[    0.000000] Booting Linux on physical CPU 0x0000000000 [0x410fd034]
[    0.000000] Linux version 5.10.0-98103-g2aa7ac113716 (jenkins@romlxbuild1.adlk.analog.com) (aarch64-xilinx-linux-gcc.real (GCC) 10.2.0, GNU ld (GNU Binutils) 2.35.0.20200730) #5577 SMP Wed Mar 23 07:28:49 GMT 2022
[    0.000000] Machine model: ZynqMP ZCU102 Rev1.0
[    0.000000] earlycon: cdns0 at MMIO 0x00000000ff000000 (options '115200n8')
[    0.000000] printk: bootconsole [cdns0] enabled
[    0.000000] efi: UEFI not found.
[    0.000000] cma: Reserved 256 MiB at 0x0000000070000000
[    0.000000] Zone ranges:
[    0.000000]   DMA      [mem 0x0000000000000000-0x000000003fffffff]
[    0.000000]   DMA32    [mem 0x0000000040000000-0x00000000ffffffff]
[    0.000000]   Normal   [mem 0x0000000100000000-0x000000087fffffff]
[    0.000000] Movable zone start for each node
[    0.000000] Early memory node ranges
[    0.000000]   node   0: [mem 0x0000000000000000-0x000000007fffffff]
[    0.000000]   node   0: [mem 0x0000000800000000-0x000000087fffffff]
[    0.000000] Initmem setup node 0 [mem 0x0000000000000000-0x000000087fffffff]
[    0.000000] On node 0 totalpages: 1048576
[    0.000000]   DMA zone: 3584 pages used for memmap
[    0.000000]   DMA zone: 0 pages reserved
[    0.000000]   DMA zone: 262144 pages, LIFO batch:63
[    0.000000]   DMA32 zone: 3584 pages used for memmap
[    0.000000]   DMA32 zone: 262144 pages, LIFO batch:63
[    0.000000]   Normal zone: 7168 pages used for memmap
[    0.000000]   Normal zone: 524288 pages, LIFO batch:63
[    0.000000] psci: probing for conduit method from DT.
[    0.000000] psci: PSCIv1.1 detected in firmware.
[    0.000000] psci: Using standard PSCI v0.2 function IDs
[    0.000000] psci: MIGRATE_INFO_TYPE not supported.
[    0.000000] psci: SMC Calling Convention v1.2
[    0.000000] percpu: Embedded 22 pages/cpu s49496 r8192 d32424 u90112
[    0.000000] pcpu-alloc: s49496 r8192 d32424 u90112 alloc=22*4096
[    0.000000] pcpu-alloc: [0] 0 [0] 1 [0] 2 [0] 3 
[    0.000000] Detected VIPT I-cache on CPU0
[    0.000000] CPU features: detected: ARM erratum 845719
[    0.000000] Built 1 zonelists, mobility grouping on.  Total pages: 1034240
[    0.000000] Kernel command line: console=ttyPS0,115200 root=/dev/mmcblk0p2 rw earlycon rootfstype=ext4 rootwait clk_ignore_unused cpuidle.off=1 root=/dev/mmcblk0p2 rw rootwait
[    0.000000] Dentry cache hash table entries: 524288 (order: 10, 4194304 bytes, linear)
[    0.000000] Inode-cache hash table entries: 262144 (order: 9, 2097152 bytes, linear)
[    0.000000] mem auto-init: stack:off, heap alloc:off, heap free:off
[    0.000000] software IO TLB: mapped [mem 0x000000003bfff000-0x000000003ffff000] (64MB)
[    0.000000] Memory: 3761904K/4194304K available (15296K kernel code, 1636K rwdata, 11876K rodata, 2560K init, 507K bss, 170256K reserved, 262144K cma-reserved)
[    0.000000] rcu: Hierarchical RCU implementation.
[    0.000000] rcu: 	RCU event tracing is enabled.
[    0.000000] rcu: 	RCU restricting CPUs from NR_CPUS=8 to nr_cpu_ids=4.
[    0.000000] rcu: RCU calculated value of scheduler-enlistment delay is 25 jiffies.
[    0.000000] rcu: Adjusting geometry for rcu_fanout_leaf=16, nr_cpu_ids=4
[    0.000000] NR_IRQS: 64, nr_irqs: 64, preallocated irqs: 0
[    0.000000] GIC: Adjusting CPU interface base to 0x00000000f902f000
[    0.000000] GIC: Using split EOI/Deactivate mode
[    0.000000] random: get_random_bytes called from start_kernel+0x31c/0x54c with crng_init=0
[    0.000000] arch_timer: cp15 timer(s) running at 100.00MHz (phys).
[    0.000000] clocksource: arch_sys_counter: mask: 0xffffffffffffff max_cycles: 0x171024e7e0, max_idle_ns: 440795205315 ns
[    0.000003] sched_clock: 56 bits at 100MHz, resolution 10ns, wraps every 4398046511100ns
[    0.008462] Console: colour dummy device 80x25
[    0.012483] Calibrating delay loop (skipped), value calculated using timer frequency.. 200.00 BogoMIPS (lpj=400000)
[    0.022841] pid_max: default: 32768 minimum: 301
[    0.027550] Mount-cache hash table entries: 8192 (order: 4, 65536 bytes, linear)
[    0.034789] Mountpoint-cache hash table entries: 8192 (order: 4, 65536 bytes, linear)
[    0.043399] rcu: Hierarchical SRCU implementation.
[    0.047561] EFI services will not be available.
[    0.051940] smp: Bringing up secondary CPUs ...
[    0.056659] Detected VIPT I-cache on CPU1
[    0.056697] CPU1: Booted secondary processor 0x0000000001 [0x410fd034]
[    0.057063] Detected VIPT I-cache on CPU2
[    0.057088] CPU2: Booted secondary processor 0x0000000002 [0x410fd034]
[    0.057428] Detected VIPT I-cache on CPU3
[    0.057451] CPU3: Booted secondary processor 0x0000000003 [0x410fd034]
[    0.057497] smp: Brought up 1 node, 4 CPUs
[    0.091780] SMP: Total of 4 processors activated.
[    0.096452] CPU features: detected: 32-bit EL0 Support
[    0.101556] CPU features: detected: CRC32 instructions
[    0.106697] CPU: All CPU(s) started at EL2
[    0.110736] alternatives: patching kernel code
[    0.116171] devtmpfs: initialized
[    0.124066] Registered cp15_barrier emulation handler
[    0.124116] Registered setend emulation handler
[    0.128092] clocksource: jiffies: mask: 0xffffffff max_cycles: 0xffffffff, max_idle_ns: 7645041785100000 ns
[    0.137670] futex hash table entries: 1024 (order: 4, 65536 bytes, linear)
[    0.151029] pinctrl core: initialized pinctrl subsystem
[    0.151677] NET: Registered protocol family 16
[    0.156093] DMA: preallocated 512 KiB GFP_KERNEL pool for atomic allocations
[    0.162108] DMA: preallocated 512 KiB GFP_KERNEL|GFP_DMA pool for atomic allocations
[    0.169833] DMA: preallocated 512 KiB GFP_KERNEL|GFP_DMA32 pool for atomic allocations
[    0.177636] audit: initializing netlink subsys (disabled)
[    0.183088] audit: type=2000 audit(0.116:1): state=initialized audit_enabled=0 res=1
[    0.183434] hw-breakpoint: found 6 breakpoint and 4 watchpoint registers.
[    0.197464] ASID allocator initialised with 65536 entries
[    0.224347] HugeTLB registered 1.00 GiB page size, pre-allocated 0 pages
[    0.225403] HugeTLB registered 32.0 MiB page size, pre-allocated 0 pages
[    0.232073] HugeTLB registered 2.00 MiB page size, pre-allocated 0 pages
[    0.238738] HugeTLB registered 64.0 KiB page size, pre-allocated 0 pages
[    1.304315] DRBG: Continuing without Jitter RNG
[    1.382127] raid6: neonx8   gen()  2145 MB/s
[    1.450180] raid6: neonx8   xor()  1599 MB/s
[    1.518236] raid6: neonx4   gen()  2198 MB/s
[    1.586290] raid6: neonx4   xor()  1568 MB/s
[    1.654349] raid6: neonx2   gen()  2075 MB/s
[    1.722404] raid6: neonx2   xor()  1432 MB/s
[    1.790476] raid6: neonx1   gen()  1772 MB/s
[    1.858513] raid6: neonx1   xor()  1220 MB/s
[    1.926569] raid6: int64x8  gen()  1438 MB/s
[    1.994627] raid6: int64x8  xor()   771 MB/s
[    2.062700] raid6: int64x4  gen()  1598 MB/s
[    2.130745] raid6: int64x4  xor()   816 MB/s
[    2.198821] raid6: int64x2  gen()  1396 MB/s
[    2.266864] raid6: int64x2  xor()   750 MB/s
[    2.334934] raid6: int64x1  gen()  1033 MB/s
[    2.403002] raid6: int64x1  xor()   517 MB/s
[    2.403041] raid6: using algorithm neonx4 gen() 2198 MB/s
[    2.406996] raid6: .... xor() 1568 MB/s, rmw enabled
[    2.411926] raid6: using neon recovery algorithm
[    2.416937] iommu: Default domain type: Translated 
[    2.421549] SCSI subsystem initialized
[    2.425095] libata version 3.00 loaded.
[    2.425221] usbcore: registered new interface driver usbfs
[    2.430552] usbcore: registered new interface driver hub
[    2.435826] usbcore: registered new device driver usb
[    2.440957] mc: Linux media interface: v0.10
[    2.445075] videodev: Linux video capture interface: v2.00
[    2.450566] EDAC MC: Ver: 3.0.0
[    2.454006] zynqmp-ipi-mbox mailbox@ff990400: Registered ZynqMP IPI mbox with TX/RX channels.
[    2.462522] jesd204: created con: id=0, topo=0, link=0, /axi/spi@ff050000/hmc7044@0 <-> /fpga-axi@0/axi-adxcvr-tx@84b60000
[    2.473095] jesd204: created con: id=1, topo=0, link=2, /axi/spi@ff050000/hmc7044@0 <-> /fpga-axi@0/axi-adxcvr-rx@84a60000
[    2.484079] jesd204: created con: id=2, topo=0, link=0, /fpga-axi@0/axi-adxcvr-tx@84b60000 <-> /fpga-axi@0/axi-jesd204-tx@84b90000
[    2.495755] jesd204: created con: id=3, topo=0, link=2, /fpga-axi@0/axi-adxcvr-rx@84a60000 <-> /fpga-axi@0/axi-jesd204-rx@84a90000
[    2.507432] jesd204: created con: id=4, topo=0, link=0, /fpga-axi@0/axi-jesd204-tx@84b90000 <-> /fpga-axi@0/axi-ad9081-tx-hpc@84b10000
[    2.519459] jesd204: created con: id=5, topo=0, link=2, /fpga-axi@0/axi-jesd204-rx@84a90000 <-> /fpga-axi@0/axi-ad9081-rx-hpc@84a10000
[    2.531482] jesd204: created con: id=6, topo=0, link=2, /fpga-axi@0/axi-ad9081-rx-hpc@84a10000 <-> /axi/spi@ff040000/ad9081@0
[    2.542723] jesd204: created con: id=7, topo=0, link=0, /fpga-axi@0/axi-ad9081-tx-hpc@84b10000 <-> /axi/spi@ff040000/ad9081@0
[    2.553973] jesd204: /axi/spi@ff040000/ad9081@0: JESD204[2] transition uninitialized -> initialized
[    2.562960] jesd204: /axi/spi@ff040000/ad9081@0: JESD204[0] transition uninitialized -> initialized
[    2.571951] jesd204: found 8 devices and 1 topologies
[    2.576995] FPGA manager framework
[    2.580474] Advanced Linux Sound Architecture Driver Initialized.
[    2.586768] Bluetooth: Core ver 2.22
[    2.589954] NET: Registered protocol family 31
[    2.594356] Bluetooth: HCI device and connection manager initialized
[    2.600672] Bluetooth: HCI socket layer initialized
[    2.605515] Bluetooth: L2CAP socket layer initialized
[    2.610538] Bluetooth: SCO socket layer initialized
[    2.615716] clocksource: Switched to clocksource arch_sys_counter
[    2.621531] VFS: Disk quotas dquot_6.6.0
[    2.625365] VFS: Dquot-cache hash table entries: 512 (order 0, 4096 bytes)
[    2.636084] NET: Registered protocol family 2
[    2.636810] tcp_listen_portaddr_hash hash table entries: 2048 (order: 3, 32768 bytes, linear)
[    2.645005] TCP established hash table entries: 32768 (order: 6, 262144 bytes, linear)
[    2.653031] TCP bind hash table entries: 32768 (order: 7, 524288 bytes, linear)
[    2.660476] TCP: Hash tables configured (established 32768 bind 32768)
[    2.666649] UDP hash table entries: 2048 (order: 4, 65536 bytes, linear)
[    2.673316] UDP-Lite hash table entries: 2048 (order: 4, 65536 bytes, linear)
[    2.680476] NET: Registered protocol family 1
[    2.684933] RPC: Registered named UNIX socket transport module.
[    2.690553] RPC: Registered udp transport module.
[    2.695217] RPC: Registered tcp transport module.
[    2.699887] RPC: Registered tcp NFSv4.1 backchannel transport module.
[    2.706877] PCI: CLS 0 bytes, default 64
[    2.710585] hw perfevents: no interrupt-affinity property for /pmu, guessing.
[    2.717438] hw perfevents: enabled with armv8_pmuv3 PMU driver, 7 counters available
[    2.725789] Initialise system trusted keyrings
[    2.729466] workingset: timestamp_bits=62 max_order=20 bucket_order=0
[    2.736364] NFS: Registering the id_resolver key type
[    2.740816] Key type id_resolver registered
[    2.744955] Key type id_legacy registered
[    2.748945] nfs4filelayout_init: NFSv4 File Layout Driver Registering...
[    2.755611] jffs2: version 2.2. (NAND) (SUMMARY)  Â© 2001-2006 Red Hat, Inc.
[    2.799470] NET: Registered protocol family 38
[    2.799513] xor: measuring software checksum speed
[    2.807205]    8regs           :  2363 MB/sec
[    2.810874]    32regs          :  2799 MB/sec
[    2.815820]    arm64_neon      :  2380 MB/sec
[    2.816007] xor: using function: 32regs (2799 MB/sec)
[    2.821033] Key type asymmetric registered
[    2.825094] Asymmetric key parser 'x509' registered
[    2.829954] Block layer SCSI generic (bsg) driver version 0.4 loaded (major 248)
[    2.837292] io scheduler mq-deadline registered
[    2.841788] io scheduler kyber registered
[    2.871188] Serial: 8250/16550 driver, 4 ports, IRQ sharing disabled
[    2.875838] cacheinfo: Unable to detect cache hierarchy for CPU 0
[    2.882152] brd: module loaded
[    2.886293] loop: module loaded
[    2.886840] Registered mathworks_ip class
[    2.890199] libphy: Fixed MDIO Bus: probed
[    2.893174] tun: Universal TUN/TAP device driver, 1.6
[    2.897237] CAN device driver interface
[    2.901770] usbcore: registered new interface driver asix
[    2.906370] usbcore: registered new interface driver ax88179_178a
[    2.912402] usbcore: registered new interface driver cdc_ether
[    2.918194] usbcore: registered new interface driver net1080
[    2.923819] usbcore: registered new interface driver cdc_subset
[    2.929701] usbcore: registered new interface driver zaurus
[    2.935245] usbcore: registered new interface driver cdc_ncm
[    2.941647] ehci_hcd: USB 2.0 'Enhanced' Host Controller (EHCI) Driver
[    2.947330] ehci-pci: EHCI PCI platform driver
[    2.952128] usbcore: registered new interface driver uas
[    2.957049] usbcore: registered new interface driver usb-storage
[    2.963034] usbcore: registered new interface driver usbserial_generic
[    2.969484] usbserial: USB Serial support registered for generic
[    2.975457] usbcore: registered new interface driver ftdi_sio
[    2.981160] usbserial: USB Serial support registered for FTDI USB Serial Device
[    2.988437] usbcore: registered new interface driver upd78f0730
[    2.994308] usbserial: USB Serial support registered for upd78f0730
[    3.001954] rtc_zynqmp ffa60000.rtc: registered as rtc0
[    3.005734] rtc_zynqmp ffa60000.rtc: setting system clock to 2022-03-26T02:54:04 UTC (1648263244)
[    3.014596] i2c /dev entries driver
[    3.019913] usbcore: registered new interface driver uvcvideo
[    3.023702] USB Video Class driver (1.1.1)
[    3.029280] Bluetooth: HCI UART driver ver 2.3
[    3.032191] Bluetooth: HCI UART protocol H4 registered
[    3.037289] Bluetooth: HCI UART protocol BCSP registered
[    3.042578] Bluetooth: HCI UART protocol LL registered
[    3.047669] Bluetooth: HCI UART protocol ATH3K registered
[    3.053043] Bluetooth: HCI UART protocol Three-wire (H5) registered
[    3.059296] Bluetooth: HCI UART protocol Intel registered
[    3.064633] Bluetooth: HCI UART protocol QCA registered
[    3.069837] usbcore: registered new interface driver bcm203x
[    3.075455] usbcore: registered new interface driver bpa10x
[    3.080991] usbcore: registered new interface driver bfusb
[    3.086444] usbcore: registered new interface driver btusb
[    3.091906] usbcore: registered new interface driver ath3k
[    3.097388] EDAC MC: ECC not enabled
[    3.101015] EDAC DEVICE0: Giving out device to module zynqmp-ocm-edac controller zynqmp_ocm: DEV ff960000.memory-controller (INTERRUPT)
[    3.113328] sdhci: Secure Digital Host Controller Interface driver
[    3.119118] sdhci: Copyright(c) Pierre Ossman
[    3.123440] sdhci-pltfm: SDHCI platform and OF driver helper
[    3.129489] ledtrig-cpu: registered to indicate activity on CPUs
[    3.135046] SMCCC: SOC_ID: ARCH_SOC_ID not implemented, skipping ....
[    3.141478] zynqmp_firmware_probe Platform Management API v1.1
[    3.147233] zynqmp_firmware_probe Trustzone version v1.0
[    3.186796] zynqmp-pinctrl firmware:zynqmp-firmware:pinctrl: zynqmp pinctrl initialized
[    3.234793] zynqmp-aes firmware:zynqmp-firmware:zynqmp-aes: will run requests pump with realtime priority
[    3.250649] alg: No test for xilinx-keccak-384 (zynqmp-keccak-384)
[    3.251357] alg: No test for xilinx-zynqmp-rsa (zynqmp-rsa)
[    3.256868] usbcore: registered new interface driver usbhid
[    3.262260] usbhid: USB HID core driver
[    3.273511] axi_sysid 85000000.axi-sysid-0: AXI System ID core version (1.01.a) found
[    3.275866] axi_sysid 85000000.axi-sysid-0: [ad9081_fmca_ebz] on [zcu102] git branch <master> git <084d44c9780640ca93fd847b1d9ec70dd65f5c67> clean [2022-03-18 04:17:50] UTC
[    3.291540] fpga_manager fpga0: Xilinx ZynqMP FPGA Manager registered
[    3.297902] usbcore: registered new interface driver snd-usb-audio
[    3.305347] pktgen: Packet Generator for packet performance testing. Version: 2.75
[    3.311524] Initializing XFRM netlink socket
[    3.315382] NET: Registered protocol family 10
[    3.320104] Segment Routing with IPv6
[    3.323476] sit: IPv6, IPv4 and MPLS over IPv4 tunneling driver
[    3.329556] NET: Registered protocol family 17
[    3.333659] NET: Registered protocol family 15
[    3.338155] can: controller area network core
[    3.342408] NET: Registered protocol family 29
[    3.346801] can: raw protocol
[    3.349736] can: broadcast manager protocol
[    3.353890] can: netlink gateway - max_hops=1
[    3.358283] Bluetooth: RFCOMM TTY layer initialized
[    3.363064] Bluetooth: RFCOMM socket layer initialized
[    3.368170] Bluetooth: RFCOMM ver 1.11
[    3.371888] Bluetooth: BNEP (Ethernet Emulation) ver 1.3
[    3.377154] Bluetooth: BNEP filters: protocol multicast
[    3.382347] Bluetooth: BNEP socket layer initialized
[    3.387275] Bluetooth: HIDP (Human Interface Emulation) ver 1.2
[    3.393158] Bluetooth: HIDP socket layer initialized
[    3.398211] 9pnet: Installing 9P2000 support
[    3.402335] NET: Registered protocol family 36
[    3.406753] Key type dns_resolver registered
[    3.411182] registered taskstats version 1
[    3.415049] Loading compiled-in X.509 certificates
[    3.420164] Btrfs loaded, crc32c=crc32c-generic
[    3.432563] ff000000.serial: ttyPS0 at MMIO 0xff000000 (irq = 49, base_baud = 6249999) is a xuartps
[    3.441583] printk: console [ttyPS0] enabled
[    3.445879] printk: bootconsole [cdns0] disabled
[    3.455510] ff010000.serial: ttyPS1 at MMIO 0xff010000 (irq = 50, base_baud = 6249999) is a xuartps
[    3.468754] of-fpga-region fpga-full: FPGA Region probed
[    3.475702] nwl-pcie fd0e0000.pcie: host bridge /axi/pcie@fd0e0000 ranges:
[    3.482599] nwl-pcie fd0e0000.pcie:      MEM 0x00e0000000..0x00efffffff -> 0x00e0000000
[    3.490601] nwl-pcie fd0e0000.pcie:      MEM 0x0600000000..0x07ffffffff -> 0x0600000000
[    3.498669] nwl-pcie fd0e0000.pcie: Link is DOWN
[    3.503427] nwl-pcie fd0e0000.pcie: PCI host bridge to bus 0000:00
[    3.509608] pci_bus 0000:00: root bus resource [bus 00-ff]
[    3.515088] pci_bus 0000:00: root bus resource [mem 0xe0000000-0xefffffff]
[    3.521954] pci_bus 0000:00: root bus resource [mem 0x600000000-0x7ffffffff pref]
[    3.529456] pci 0000:00:00.0: [10ee:d021] type 01 class 0x060400
[    3.535517] pci 0000:00:00.0: PME# supported from D0 D1 D2 D3hot
[    3.545967] pci 0000:00:00.0: PCI bridge to [bus 01-0c]
[    3.551952] xilinx-zynqmp-dma fd500000.dma: ZynqMP DMA driver Probe success
[    3.559123] xilinx-zynqmp-dma fd510000.dma: ZynqMP DMA driver Probe success
[    3.566294] xilinx-zynqmp-dma fd520000.dma: ZynqMP DMA driver Probe success
[    3.573469] xilinx-zynqmp-dma fd530000.dma: ZynqMP DMA driver Probe success
[    3.580635] xilinx-zynqmp-dma fd540000.dma: ZynqMP DMA driver Probe success
[    3.587811] xilinx-zynqmp-dma fd550000.dma: ZynqMP DMA driver Probe success
[    3.594983] xilinx-zynqmp-dma fd560000.dma: ZynqMP DMA driver Probe success
[    3.602152] xilinx-zynqmp-dma fd570000.dma: ZynqMP DMA driver Probe success
[    3.609548] xilinx-zynqmp-dpdma fd4c0000.dma-controller: Xilinx DPDMA engine is probed
[    3.618101] ahci-ceva fd0c0000.ahci: supply ahci not found, using dummy regulator
[    3.625645] ahci-ceva fd0c0000.ahci: supply phy not found, using dummy regulator
[    3.715891] hmc7044 spi2.0: PLL1: Acquisition, CLKIN0 @ 122880000 Hz, PFD: 80 kHz - PLL2: Locked @ 2896.000000 MHz
[    3.726610] jesd204: /axi/spi@ff050000/hmc7044@0,jesd204:1,parent=spi2.0: Using as SYSREF provider
[    3.736198] spi-nor spi0.0: SPI-NOR-UniqueID 100000235394732200270025081115266e
[    3.743506] spi-nor spi0.0: found n25q512a, expected m25p80
[    3.749700] spi-nor spi0.0: trying to lock already unlocked area
[    3.755700] spi-nor spi0.0: n25q512a (131072 Kbytes)
[    3.760678] 4 fixed-partitions partitions found on MTD device spi0.0
[    3.767023] Creating 4 MTD partitions on "spi0.0":
[    3.771809] 0x000000000000-0x000000100000 : "qspi-fsbl-uboot"
[    3.778297] 0x000000100000-0x000000600000 : "qspi-linux"
[    3.784258] 0x000000600000-0x000000620000 : "qspi-device-tree"
[    3.790736] 0x000000620000-0x000000c00000 : "qspi-rootfs"
[    3.799200] macb ff0e0000.ethernet: Not enabling partial store and forward
[    3.806727] libphy: MACB_mii_bus: probed
[    3.811782] macb ff0e0000.ethernet eth0: Cadence GEM rev 0x50070106 at 0xff0e0000 irq 30 (00:0a:35:04:8e:1b)
[    3.821993] xilinx-axipmon ffa00000.perf-monitor: Probed Xilinx APM
[    3.828569] xilinx-axipmon fd0b0000.perf-monitor: Probed Xilinx APM
[    3.835090] xilinx-axipmon fd490000.perf-monitor: Probed Xilinx APM
[    3.841634] xilinx-axipmon ffa10000.perf-monitor: Probed Xilinx APM
[    3.851618] pca953x 0-0020: supply vcc not found, using dummy regulator
[    3.858299] pca953x 0-0020: using no AI
[    3.862787] gpio-496 (sel0): hogged as output/low
[    3.867686] gpio-497 (sel1): hogged as output/high
[    3.872672] gpio-498 (sel2): hogged as output/high
[    3.877661] gpio-499 (sel3): hogged as output/high
[    3.882837] pca953x 0-0021: supply vcc not found, using dummy regulator
[    3.889508] pca953x 0-0021: using no AI
[    3.895277] ina2xx 2-0040: power monitor ina226 (Rshunt = 5000 uOhm)
[    3.902306] ina2xx 2-0041: power monitor ina226 (Rshunt = 5000 uOhm)
[    3.909345] ina2xx 2-0042: power monitor ina226 (Rshunt = 5000 uOhm)
[    3.916382] ina2xx 2-0043: power monitor ina226 (Rshunt = 5000 uOhm)
[    3.923401] ina2xx 2-0044: power monitor ina226 (Rshunt = 5000 uOhm)
[    3.930422] ina2xx 2-0045: power monitor ina226 (Rshunt = 5000 uOhm)
[    3.937453] ina2xx 2-0046: power monitor ina226 (Rshunt = 5000 uOhm)
[    3.944531] ina2xx 2-0047: power monitor ina226 (Rshunt = 5000 uOhm)
[    3.951555] ina2xx 2-004a: power monitor ina226 (Rshunt = 5000 uOhm)
[    3.958598] ina2xx 2-004b: power monitor ina226 (Rshunt = 5000 uOhm)
[    3.965008] i2c i2c-0: Added multiplexed i2c bus 2
[    3.970392] random: fast init done
[    3.973864] ina2xx 3-0040: power monitor ina226 (Rshunt = 2000 uOhm)
[    3.980891] ina2xx 3-0041: power monitor ina226 (Rshunt = 5000 uOhm)
[    3.987918] ina2xx 3-0042: power monitor ina226 (Rshunt = 5000 uOhm)
[    3.994950] ina2xx 3-0043: power monitor ina226 (Rshunt = 5000 uOhm)
[    4.001977] ina2xx 3-0044: power monitor ina226 (Rshunt = 5000 uOhm)
[    4.009002] ina2xx 3-0045: power monitor ina226 (Rshunt = 5000 uOhm)
[    4.016035] ina2xx 3-0046: power monitor ina226 (Rshunt = 5000 uOhm)
[    4.023065] ina2xx 3-0047: power monitor ina226 (Rshunt = 5000 uOhm)
[    4.029465] i2c i2c-0: Added multiplexed i2c bus 3
[    4.084990] i2c i2c-0: Added multiplexed i2c bus 4
[    4.089928] i2c i2c-0: Added multiplexed i2c bus 5
[    4.094717] pca954x 0-0075: registered 4 multiplexed busses for I2C mux pca9544
[    4.102067] cdns-i2c ff020000.i2c: 400 kHz mmio ff020000 irq 32
[    4.109799] at24 6-0054: supply vcc not found, using dummy regulator
[    4.116694] at24 6-0054: 1024 byte 24c08 EEPROM, writable, 1 bytes/write
[    4.123443] i2c i2c-1: Added multiplexed i2c bus 6
[    4.129871] si5341 7-0036: Chip: 5341 Grade: 1 Rev: 1
[    4.167579] i2c i2c-1: Added multiplexed i2c bus 7
[    4.175229] si570 8-005d: registered, current frequency 300000000 Hz
[    4.181628] i2c i2c-1: Added multiplexed i2c bus 8
[    4.201423] si570 9-005d: registered, current frequency 148500000 Hz
[    4.207823] i2c i2c-1: Added multiplexed i2c bus 9
[    4.212853] si5324 10-0069: si5328 probed
[    4.280081] si5324 10-0069: si5328 probe successful
[    4.285008] i2c i2c-1: Added multiplexed i2c bus 10
[    4.290035] i2c i2c-1: Added multiplexed i2c bus 11
[    4.295062] i2c i2c-1: Added multiplexed i2c bus 12
[    4.300082] i2c i2c-1: Added multiplexed i2c bus 13
[    4.304955] pca954x 1-0074: registered 8 multiplexed busses for I2C switch pca9548
[    4.313066] at24 14-0050: supply vcc not found, using dummy regulator
[    4.319860] at24 14-0050: 256 byte 24c02 EEPROM, writable, 1 bytes/write
[    4.326606] i2c i2c-1: Added multiplexed i2c bus 14
[    4.331648] i2c i2c-1: Added multiplexed i2c bus 15
[    4.336680] i2c i2c-1: Added multiplexed i2c bus 16
[    4.341716] i2c i2c-1: Added multiplexed i2c bus 17
[    4.346748] i2c i2c-1: Added multiplexed i2c bus 18
[    4.351794] i2c i2c-1: Added multiplexed i2c bus 19
[    4.356833] i2c i2c-1: Added multiplexed i2c bus 20
[    4.361874] i2c i2c-1: Added multiplexed i2c bus 21
[    4.366747] pca954x 1-0075: registered 8 multiplexed busses for I2C switch pca9548
[    4.374357] cdns-i2c ff030000.i2c: 400 kHz mmio ff030000 irq 33
[    4.384104] cdns-wdt fd4d0000.watchdog: Xilinx Watchdog Timer with timeout 60s
[    4.395043] axi_adxcvr 84a60000.axi-adxcvr-rx: AXI-ADXCVR-RX (17.05.a) using CPLL on GTH4 at 0x84A60000. Number of lanes: 4.
[    4.407214] axi_adxcvr 84b60000.axi-adxcvr-tx: AXI-ADXCVR-TX (17.05.a) using QPLL on GTH4 at 0x84B60000. Number of lanes: 4.
[    4.418837] axi-jesd204-rx 84a90000.axi-jesd204-rx: AXI-JESD204-RX (1.07.a) at 0x84A90000. Encoder 8b10b, width 4/4, lanes 4, jesd204-fsm.
[    4.426132] mmc0: SDHCI controller on ff170000.mmc [ff170000.mmc] using ADMA 64-bit
[    4.431682] axi-jesd204-tx 84b90000.axi-jesd204-tx: AXI-JESD204-TX (1.06.a) at 0x84B90000. Encoder 8b10b, width 4/4, lanes 4, jesd204-fsm.
[    4.452406] zynqmp-display fd4a0000.display: vtc bridge property not present
[    4.462056] xilinx-dp-snd-codec fd4a0000.display:zynqmp_dp_snd_codec0: Failed to get required clock freq
[    4.471560] xilinx-dp-snd-codec: probe of fd4a0000.display:zynqmp_dp_snd_codec0 failed with error -22
[    4.473506] mmc0: new high speed SDHC card at address 0001
[    4.481099] xilinx-dp-snd-pcm zynqmp_dp_snd_pcm0: Xilinx DisplayPort Sound PCM probed
[    4.486615] mmcblk0: mmc0:0001 EB1QT 29.8 GiB 
[    4.494416] xilinx-dp-snd-pcm zynqmp_dp_snd_pcm1: Xilinx DisplayPort Sound PCM probed
[    4.499761]  mmcblk0: p1 p2 p3
[    4.506718] OF: graph: no port node found in /axi/display@fd4a0000
[    4.515789] xlnx-drm xlnx-drm.0: bound fd4a0000.display (ops 0xffffffc010fcbdb8)
[    5.599737] zynqmp-display fd4a0000.display: [drm] Cannot find any crtc or sizes
[    5.607348] [drm] Initialized xlnx 1.0.0 20130509 for fd4a0000.display on minor 0
[    5.614838] zynqmp-display fd4a0000.display: ZynqMP DisplayPort Subsystem driver probed
[    5.623165] ahci-ceva fd0c0000.ahci: supply ahci not found, using dummy regulator
[    5.630709] ahci-ceva fd0c0000.ahci: supply phy not found, using dummy regulator
[    5.638159] ahci-ceva fd0c0000.ahci: supply target not found, using dummy regulator
[    5.645997] ahci-ceva fd0c0000.ahci: AHCI 0001.0301 32 slots 2 ports 6 Gbps 0x3 impl platform mode
[    5.654954] ahci-ceva fd0c0000.ahci: flags: 64bit ncq sntf pm clo only pmp fbs pio slum part ccc sds apst 
[    5.665649] scsi host0: ahci-ceva
[    5.669251] scsi host1: ahci-ceva
[    5.672680] ata1: SATA max UDMA/133 mmio [mem 0xfd0c0000-0xfd0c1fff] port 0x100 irq 45
[    5.680593] ata2: SATA max UDMA/133 mmio [mem 0xfd0c0000-0xfd0c1fff] port 0x180 irq 45
[    5.689190] ad9081 spi1.0: supply vdd not found, using dummy regulator
[    6.001973] ata1: SATA link down (SStatus 0 SControl 330)
[    6.007393] ata2: SATA link down (SStatus 0 SControl 330)
[    6.683740] zynqmp-display fd4a0000.display: [drm] Cannot find any crtc or sizes
[    7.521893] ad9081 spi1.0: AD9081 Rev. 2 Grade 10 (API 1.2.2) probed
[    7.529095] xhci-hcd xhci-hcd.1.auto: xHCI Host Controller
[    7.534592] xhci-hcd xhci-hcd.1.auto: new USB bus registered, assigned bus number 1
[    7.542343] xhci-hcd xhci-hcd.1.auto: hcc params 0x0238f625 hci version 0x100 quirks 0x0000000002010810
[    7.551761] xhci-hcd xhci-hcd.1.auto: irq 59, io mem 0xfe200000
[    7.557876] usb usb1: New USB device found, idVendor=1d6b, idProduct=0002, bcdDevice= 5.10
[    7.566134] usb usb1: New USB device strings: Mfr=3, Product=2, SerialNumber=1
[    7.573351] usb usb1: Product: xHCI Host Controller
[    7.578221] usb usb1: Manufacturer: Linux 5.10.0-98103-g2aa7ac113716 xhci-hcd
[    7.585347] usb usb1: SerialNumber: xhci-hcd.1.auto
[    7.590514] hub 1-0:1.0: USB hub found
[    7.594272] hub 1-0:1.0: 1 port detected
[    7.598371] xhci-hcd xhci-hcd.1.auto: xHCI Host Controller
[    7.603861] xhci-hcd xhci-hcd.1.auto: new USB bus registered, assigned bus number 2
[    7.611514] xhci-hcd xhci-hcd.1.auto: Host supports USB 3.0 SuperSpeed
[    7.618136] usb usb2: New USB device found, idVendor=1d6b, idProduct=0003, bcdDevice= 5.10
[    7.626398] usb usb2: New USB device strings: Mfr=3, Product=2, SerialNumber=1
[    7.633618] usb usb2: Product: xHCI Host Controller
[    7.638486] usb usb2: Manufacturer: Linux 5.10.0-98103-g2aa7ac113716 xhci-hcd
[    7.645612] usb usb2: SerialNumber: xhci-hcd.1.auto
[    7.650719] hub 2-0:1.0: USB hub found
[    7.654474] hub 2-0:1.0: 1 port detected
[    7.684529] cf_axi_adc 84a10000.axi-ad9081-rx-hpc: ADI AIM (10.01.b) at 0x84A10000 mapped to 0x(____ptrval____), probed ADC AD9081 as MASTER
[    7.716560] cf_axi_dds 84b10000.axi-ad9081-tx-hpc: Analog Devices CF_AXI_DDS_DDS MASTER (9.01.b) at 0x84B10000 mapped to 0x(____ptrval____), probed DDS AD9081
[    7.730762] jesd204: /axi/spi@ff040000/ad9081@0,jesd204:0,parent=spi1.0: JESD204[2] transition initialized -> probed
[    7.741282] jesd204: /axi/spi@ff040000/ad9081@0,jesd204:0,parent=spi1.0: JESD204[0] transition initialized -> probed
[    7.751806] jesd204: /axi/spi@ff040000/ad9081@0,jesd204:0,parent=spi1.0: JESD204[2] transition probed -> idle
[    7.761714] jesd204: /axi/spi@ff040000/ad9081@0,jesd204:0,parent=spi1.0: JESD204[0] transition probed -> idle
[    7.771629] jesd204: /axi/spi@ff040000/ad9081@0,jesd204:0,parent=spi1.0: JESD204[2] transition idle -> device_init
[    7.781971] jesd204: /axi/spi@ff040000/ad9081@0,jesd204:0,parent=spi1.0: JESD204[0] transition idle -> device_init
[    7.792327] jesd204: /axi/spi@ff040000/ad9081@0,jesd204:0,parent=spi1.0: JESD204[2] transition device_init -> link_init
[    7.803108] jesd204: /axi/spi@ff040000/ad9081@0,jesd204:0,parent=spi1.0: JESD204[0] transition device_init -> link_init
[    7.813900] jesd204: /axi/spi@ff040000/ad9081@0,jesd204:0,parent=spi1.0: JESD204[2] transition link_init -> link_supported
[    7.824938] jesd204: /axi/spi@ff040000/ad9081@0,jesd204:0,parent=spi1.0: JESD204[0] transition link_init -> link_supported
[    7.836346] hmc7044 spi2.0: hmc7044_jesd204_link_pre_setup: Link2 forcing continuous SYSREF mode
[    7.845284] axi-jesd204-rx 84a90000.axi-jesd204-rx: axi_jesd204_rx_jesd204_link_pre_setup: Link2 set lane rate 14480000 kHz failed (-22)
[    7.857542] jesd204: /fpga-axi@0/axi-jesd204-rx@84a90000,jesd204:4,parent=84a90000.axi-jesd204-rx: JESD204[2] In link_pre_setup got error from cb: -22
[    7.871012] jesd204: /axi/spi@ff040000/ad9081@0,jesd204:0,parent=spi1.0: Rolling back from 'link_supported', got error -22
[    7.882057] jesd204: /axi/spi@ff040000/ad9081@0,jesd204:0,parent=spi1.0: JESD204[0] transition link_supported -> link_pre_setup
[    7.893527] jesd204: /axi/spi@ff040000/ad9081@0,jesd204:0,parent=spi1.0: JESD204[2] transition link_supported -> link_pre_setup
[    7.905011] jesd204: /axi/spi@ff040000/ad9081@0,jesd204:0,parent=spi1.0: JESD204[0] transition link_pre_setup -> link_supported
[    7.916486] jesd204: /axi/spi@ff040000/ad9081@0,jesd204:0,parent=spi1.0: JESD204[2] transition link_pre_setup -> link_supported
[    7.927963] jesd204: /axi/spi@ff040000/ad9081@0,jesd204:0,parent=spi1.0: JESD204[0] transition link_supported -> link_init
[    7.939000] jesd204: /axi/spi@ff040000/ad9081@0,jesd204:0,parent=spi1.0: JESD204[2] transition link_supported -> link_init
[    7.950048] jesd204: /axi/spi@ff040000/ad9081@0,jesd204:0,parent=spi1.0: JESD204[0] transition link_init -> device_init
[    7.960828] jesd204: /axi/spi@ff040000/ad9081@0,jesd204:0,parent=spi1.0: JESD204[2] transition link_init -> device_init
[    7.971607] jesd204: /axi/spi@ff040000/ad9081@0,jesd204:0,parent=spi1.0: JESD204[0] transition device_init -> idle
[    7.981950] jesd204: /axi/spi@ff040000/ad9081@0,jesd204:0,parent=spi1.0: JESD204[2] transition device_init -> idle
[    7.992301] jesd204: /axi/spi@ff040000/ad9081@0,jesd204:0,parent=spi1.0: JESD204[2] transition idle -> idle
[    8.002035] jesd204: /axi/spi@ff040000/ad9081@0,jesd204:0,parent=spi1.0: JESD204[0] transition idle -> idle
[    8.011778] jesd204: /axi/spi@ff040000/ad9081@0,jesd204:0,parent=spi1.0: JESD204[2] transition idle -> device_init
[    8.022121] jesd204: /axi/spi@ff040000/ad9081@0,jesd204:0,parent=spi1.0: JESD204[0] transition idle -> device_init
[    8.032472] jesd204: /axi/spi@ff040000/ad9081@0,jesd204:0,parent=spi1.0: JESD204[2] transition device_init -> link_init
[    8.043248] jesd204: /axi/spi@ff040000/ad9081@0,jesd204:0,parent=spi1.0: JESD204[0] transition device_init -> link_init
[    8.054036] jesd204: /axi/spi@ff040000/ad9081@0,jesd204:0,parent=spi1.0: JESD204[2] transition link_init -> link_supported
[    8.065084] jesd204: /axi/spi@ff040000/ad9081@0,jesd204:0,parent=spi1.0: JESD204[0] transition link_init -> link_supported
[    8.076304] axi-jesd204-rx 84a90000.axi-jesd204-rx: axi_jesd204_rx_jesd204_link_pre_setup: Link2 set lane rate 14480000 kHz failed (-22)
[    8.088563] jesd204: /fpga-axi@0/axi-jesd204-rx@84a90000,jesd204:4,parent=84a90000.axi-jesd204-rx: JESD204[2] In link_pre_setup got error from cb: -22
[    8.102031] jesd204: /axi/spi@ff040000/ad9081@0,jesd204:0,parent=spi1.0: Rolling back from 'link_supported', got error -22
[    8.113075] jesd204: /axi/spi@ff040000/ad9081@0,jesd204:0,parent=spi1.0: JESD204[0] transition link_supported -> link_pre_setup
[    8.124545] jesd204: /axi/spi@ff040000/ad9081@0,jesd204:0,parent=spi1.0: JESD204[2] transition link_supported -> link_pre_setup
[    8.136023] jesd204: /axi/spi@ff040000/ad9081@0,jesd204:0,parent=spi1.0: JESD204[0] transition link_pre_setup -> link_supported
[    8.147498] jesd204: /axi/spi@ff040000/ad9081@0,jesd204:0,parent=spi1.0: JESD204[2] transition link_pre_setup -> link_supported
[    8.158973] jesd204: /axi/spi@ff040000/ad9081@0,jesd204:0,parent=spi1.0: JESD204[0] transition link_supported -> link_init
[    8.170010] jesd204: /axi/spi@ff040000/ad9081@0,jesd204:0,parent=spi1.0: JESD204[2] transition link_supported -> link_init
[    8.181057] jesd204: /axi/spi@ff040000/ad9081@0,jesd204:0,parent=spi1.0: JESD204[0] transition link_init -> device_init
[    8.191833] jesd204: /axi/spi@ff040000/ad9081@0,jesd204:0,parent=spi1.0: JESD204[2] transition link_init -> device_init
[    8.202617] jesd204: /axi/spi@ff040000/ad9081@0,jesd204:0,parent=spi1.0: JESD204[0] transition device_init -> idle
[    8.212963] jesd204: /axi/spi@ff040000/ad9081@0,jesd204:0,parent=spi1.0: JESD204[2] transition device_init -> idle
[    8.223311] jesd204: /axi/spi@ff040000/ad9081@0,jesd204:0,parent=spi1.0: JESD204[2] transition idle -> idle
[    8.233045] jesd204: /axi/spi@ff040000/ad9081@0,jesd204:0,parent=spi1.0: JESD204[0] transition idle -> idle
[    8.242787] jesd204: /axi/spi@ff040000/ad9081@0,jesd204:0,parent=spi1.0: JESD204[2] transition idle -> device_init
[    8.253130] jesd204: /axi/spi@ff040000/ad9081@0,jesd204:0,parent=spi1.0: JESD204[0] transition idle -> device_init
[    8.263481] jesd204: /axi/spi@ff040000/ad9081@0,jesd204:0,parent=spi1.0: JESD204[2] transition device_init -> link_init
[    8.274258] jesd204: /axi/spi@ff040000/ad9081@0,jesd204:0,parent=spi1.0: JESD204[0] transition device_init -> link_init
[    8.285045] jesd204: /axi/spi@ff040000/ad9081@0,jesd204:0,parent=spi1.0: JESD204[2] transition link_init -> link_supported
[    8.296088] jesd204: /axi/spi@ff040000/ad9081@0,jesd204:0,parent=spi1.0: JESD204[0] transition link_init -> link_supported
[    8.307276] axi-jesd204-rx 84a90000.axi-jesd204-rx: axi_jesd204_rx_jesd204_link_pre_setup: Link2 set lane rate 14480000 kHz failed (-22)
[    8.319535] jesd204: /fpga-axi@0/axi-jesd204-rx@84a90000,jesd204:4,parent=84a90000.axi-jesd204-rx: JESD204[2] In link_pre_setup got error from cb: -22
[    8.333004] jesd204: /axi/spi@ff040000/ad9081@0,jesd204:0,parent=spi1.0: Rolling back from 'link_supported', got error -22
[    8.344052] jesd204: /axi/spi@ff040000/ad9081@0,jesd204:0,parent=spi1.0: JESD204[0] transition link_supported -> link_pre_setup
[    8.355529] jesd204: /axi/spi@ff040000/ad9081@0,jesd204:0,parent=spi1.0: JESD204[2] transition link_supported -> link_pre_setup
[    8.367009] jesd204: /axi/spi@ff040000/ad9081@0,jesd204:0,parent=spi1.0: JESD204[0] transition link_pre_setup -> link_supported
[    8.378478] jesd204: /axi/spi@ff040000/ad9081@0,jesd204:0,parent=spi1.0: JESD204[2] transition link_pre_setup -> link_supported
[    8.389956] jesd204: /axi/spi@ff040000/ad9081@0,jesd204:0,parent=spi1.0: JESD204[0] transition link_supported -> link_init
[    8.400994] jesd204: /axi/spi@ff040000/ad9081@0,jesd204:0,parent=spi1.0: JESD204[2] transition link_supported -> link_init
[    8.412042] jesd204: /axi/spi@ff040000/ad9081@0,jesd204:0,parent=spi1.0: JESD204[0] transition link_init -> device_init
[    8.422816] jesd204: /axi/spi@ff040000/ad9081@0,jesd204:0,parent=spi1.0: JESD204[2] transition link_init -> device_init
[    8.433599] jesd204: /axi/spi@ff040000/ad9081@0,jesd204:0,parent=spi1.0: JESD204[0] transition device_init -> idle
[    8.443945] jesd204: /axi/spi@ff040000/ad9081@0,jesd204:0,parent=spi1.0: JESD204[2] transition device_init -> idle
[    8.454295] jesd204: /axi/spi@ff040000/ad9081@0,jesd204:0,parent=spi1.0: JESD204[2] transition idle -> idle
[    8.464029] jesd204: /axi/spi@ff040000/ad9081@0,jesd204:0,parent=spi1.0: JESD204[0] transition idle -> idle
[    8.473774] jesd204: /axi/spi@ff040000/ad9081@0,jesd204:0,parent=spi1.0: JESD204[2] transition idle -> device_init
[    8.484115] jesd204: /axi/spi@ff040000/ad9081@0,jesd204:0,parent=spi1.0: JESD204[0] transition idle -> device_init
[    8.494464] jesd204: /axi/spi@ff040000/ad9081@0,jesd204:0,parent=spi1.0: JESD204[2] transition device_init -> link_init
[    8.505241] jesd204: /axi/spi@ff040000/ad9081@0,jesd204:0,parent=spi1.0: JESD204[0] transition device_init -> link_init
[    8.516029] jesd204: /axi/spi@ff040000/ad9081@0,jesd204:0,parent=spi1.0: JESD204[2] transition link_init -> link_supported
[    8.527072] jesd204: /axi/spi@ff040000/ad9081@0,jesd204:0,parent=spi1.0: JESD204[0] transition link_init -> link_supported
[    8.538259] axi-jesd204-rx 84a90000.axi-jesd204-rx: axi_jesd204_rx_jesd204_link_pre_setup: Link2 set lane rate 14480000 kHz failed (-22)
[    8.550518] jesd204: /fpga-axi@0/axi-jesd204-rx@84a90000,jesd204:4,parent=84a90000.axi-jesd204-rx: JESD204[2] In link_pre_setup got error from cb: -22
[    8.563989] jesd204: /axi/spi@ff040000/ad9081@0,jesd204:0,parent=spi1.0: Rolling back from 'link_supported', got error -22
[    8.575031] jesd204: /axi/spi@ff040000/ad9081@0,jesd204:0,parent=spi1.0: JESD204[0] transition link_supported -> link_pre_setup
[    8.586503] jesd204: /axi/spi@ff040000/ad9081@0,jesd204:0,parent=spi1.0: JESD204[2] transition link_supported -> link_pre_setup
[    8.597985] jesd204: /axi/spi@ff040000/ad9081@0,jesd204:0,parent=spi1.0: JESD204[0] transition link_pre_setup -> link_supported
[    8.609462] jesd204: /axi/spi@ff040000/ad9081@0,jesd204:0,parent=spi1.0: JESD204[2] transition link_pre_setup -> link_supported
[    8.620940] jesd204: /axi/spi@ff040000/ad9081@0,jesd204:0,parent=spi1.0: JESD204[0] transition link_supported -> link_init
[    8.631978] jesd204: /axi/spi@ff040000/ad9081@0,jesd204:0,parent=spi1.0: JESD204[2] transition link_supported -> link_init
[    8.643024] jesd204: /axi/spi@ff040000/ad9081@0,jesd204:0,parent=spi1.0: JESD204[0] transition link_init -> device_init
[    8.653800] jesd204: /axi/spi@ff040000/ad9081@0,jesd204:0,parent=spi1.0: JESD204[2] transition link_init -> device_init
[    8.664582] jesd204: /axi/spi@ff040000/ad9081@0,jesd204:0,parent=spi1.0: JESD204[0] transition device_init -> idle
[    8.674926] jesd204: /axi/spi@ff040000/ad9081@0,jesd204:0,parent=spi1.0: JESD204[2] transition device_init -> idle
[    8.685272] jesd204: /axi/spi@ff040000/ad9081@0,jesd204:0,parent=spi1.0: FSM completed with error -22
[    8.703701] input: gpio-keys as /devices/platform/gpio-keys/input/input0
[    8.710723] of_cfs_init
[    8.713187] of_cfs_init: OK
[    8.716130] cfg80211: Loading compiled-in X.509 certificates for regulatory database
[    8.854380] cfg80211: Loaded X.509 cert 'sforshee: 00b28ddf47aef9cea7'
[    8.860906] clk: Not disabling unused clocks
[    8.865437] ALSA device list:
[    8.868398]   No soundcards found.
[    8.872073] platform regulatory.0: Direct firmware load for regulatory.db failed with error -2
[    8.880677] cfg80211: failed to load regulatory.db
[    8.895238] EXT4-fs (mmcblk0p2): mounted filesystem with ordered data mode. Opts: (null)
[    8.903350] VFS: Mounted root (ext4 filesystem) on device 179:2.
[    8.916761] devtmpfs: mounted
[    8.920582] Freeing unused kernel memory: 2560K
[    8.939767] Run /sbin/init as init process
[    8.943860]   with arguments:
[    8.943862]     /sbin/init
[    8.943864]   with environment:
[    8.943867]     HOME=/
[    8.943869]     TERM=linux
[    9.508462] systemd[1]: systemd 241 running in system mode. (+PAM +AUDIT +SELINUX +IMA +APPARMOR +SMACK +SYSVINIT +UTMP +LIBCRYPTSETUP +GCRYPT +GNUTLS +ACL +XZ +LZ4 +SECCOMP +BLKID +ELFUTILS +KMOD -IDN2 +IDN -PCRE2 default-hierarchy=hybrid)
[    9.530324] systemd[1]: Detected architecture arm64.
[    9.552429] systemd[1]: Set hostname to <analog>.
[    9.729167] systemd[1]: File /lib/systemd/system/systemd-journald.service:12 configures an IP firewall (IPAddressDeny=any), but the local system does not support BPF/cgroup based firewalling.
[    9.746232] systemd[1]: Proceeding WITHOUT firewalling in effect! (This warning is only shown for the first loaded unit using IP firewalling.)
[    9.909389] systemd[1]: /etc/systemd/system/tof-server.service:1: Assignment outside of section. Ignoring.
[    9.919106] systemd[1]: /etc/systemd/system/tof-server.service:2: Assignment outside of section. Ignoring.
[   10.102118] random: systemd: uninitialized urandom read (16 bytes read)
[   10.116829] random: systemd: uninitialized urandom read (16 bytes read)
[   10.124054] systemd[1]: Created slice system-serial\x2dgetty.slice.
[   10.147821] random: systemd: uninitialized urandom read (16 bytes read)
[   10.154788] systemd[1]: Listening on udev Control Socket.
[   10.175933] systemd[1]: Listening on initctl Compatibility Named Pipe.
[   10.773555] ------------[ cut here ]------------
[   10.773565] Enabling unprepared \xa0\xe9Q\x88\xff\xff\xffpQ\x88\xff\xff\xff
[   10.773611] WARNING: CPU: 3 PID: 126 at drivers/clk/clk.c:1012 clk_core_enable+0xa4/0xc0
[   10.773614] Modules linked in:
[   10.773624] CPU: 3 PID: 126 Comm: kworker/3:1H Not tainted 5.10.0-98103-g2aa7ac113716 #5577
[   10.773627] Hardware name: ZynqMP ZCU102 Rev1.0 (DT)
[   10.773636] Workqueue: kblockd blk_mq_run_work_fn
[   10.773644] pstate: 80000085 (Nzcv daIf -PAN -UAO -TCO BTYPE=--)
[   10.773649] pc : clk_core_enable+0xa4/0xc0
[   10.773655] lr : clk_core_enable+0xa4/0xc0
[   10.773657] sp : ffffffc012b3b2d0
[   10.773661] x29: ffffffc012b3b2d0 x28: ffffff8800330c10 
[   10.773667] x27: ffffff8800330d48 x26: 0000005000000101 
[   10.773674] x25: 000000027c35e69c x24: 0000000000000001 
[   10.773681] x23: ffffff88010e9380 x22: ffffff8801083220 
[   10.773687] x21: ffffff8801517000 x20: ffffff8801517008 
[   10.773694] x19: ffffff8801517008 x18: 0000000000000030 
[   10.773700] x17: 0000000000000002 x16: 0000b17c5c4672e0 
[   10.773707] x15: ffffffffffff9c60 x14: ffffffc011d3b1a0 
[   10.773713] x13: ffffffc011d3b1c8 x12: 0000000000000672 
[   10.773720] x11: 0000000000000226 x10: ffffffc011d671c8 
[   10.773726] x9 : 00000000fffff800 x8 : ffffffc011d3b1c8 
[   10.773733] x7 : ffffffc011d671c8 x6 : 0000000000000001 
[   10.773739] x5 : ffffff887f7a89e0 x4 : 0000000000000000 
[   10.773745] x3 : 0000000000000027 x2 : 0000000000000023 
[   10.773752] x1 : 8733dc9fec77a900 x0 : 0000000000000000 
[   10.773758] Call trace:
[   10.773765]  clk_core_enable+0xa4/0xc0
[   10.773770]  clk_enable+0x2c/0x60
[   10.773776]  zynqmp_runtime_resume+0x24/0x84
[   10.773783]  pm_generic_runtime_resume+0x30/0x50
[   10.773789]  __genpd_runtime_resume+0x30/0xb0
[   10.773795]  genpd_runtime_resume+0x90/0x250
[   10.773801]  __rpm_callback+0x10c/0x1e0
[   10.773806]  rpm_callback+0x5c/0x84
[   10.773811]  rpm_resume+0x4a4/0x74c
[   10.773816]  __pm_runtime_resume+0x78/0xc4
[   10.773821]  spi_mem_access_start.isra.0+0x30/0x80
[   10.773825]  spi_mem_exec_op+0x3b0/0x424
[   10.773830]  spi_nor_read_sr+0x78/0xe0
[   10.773835]  spi_nor_wait_till_ready_with_timeout+0xb4/0x2f0
[   10.773839]  spi_nor_read+0x188/0x380
[   10.773844]  mtd_read_oob_std+0x78/0x84
[   10.773849]  mtd_read_oob+0x7c/0x134
[   10.773853]  mtd_read+0x48/0x7c
[   10.773859]  mtdblock_readsect+0x6c/0x150
[   10.773864]  mtd_queue_rq+0x2cc/0x5a0
[   10.773870]  blk_mq_dispatch_rq_list+0x110/0x790
[   10.773876]  __blk_mq_do_dispatch_sched+0x200/0x274
[   10.773881]  __blk_mq_sched_dispatch_requests+0x1a8/0x1fc
[   10.773887]  blk_mq_sched_dispatch_requests+0x3c/0x7c
[   10.773891]  __blk_mq_run_hw_queue+0x98/0x100
[   10.773896]  blk_mq_run_work_fn+0x24/0x30
[   10.773902]  process_one_work+0x1d4/0x380
[   10.773906]  worker_thread+0x78/0x4e0
[   10.773911]  kthread+0x124/0x130
[   10.773917]  ret_from_fork+0x10/0x3c
[   10.773920] ---[ end trace af6183409ac2a859 ]---
[   10.773929] zynqmp-qspi ff0f0000.spi: Cannot enable APB clock.
[   10.773977] spi_master spi0: Failed to power device: -108
[   10.773987] blk_update_request: I/O error, dev mtdblock0, sector 8 op 0x0:(READ) flags 0x80700 phys_seg 1 prio class 0
[   10.774058] spi_master spi0: Failed to power device: -22
[   10.774064] blk_update_request: I/O error, dev mtdblock0, sector 8 op 0x0:(READ) flags 0x0 phys_seg 8 prio class 0
[   10.774070] Buffer I/O error on dev mtdblock0, logical block 8, async page read
[   10.774079] spi_master spi0: Failed to power device: -22
[   10.774085] blk_update_request: I/O error, dev mtdblock0, sector 9 op 0x0:(READ) flags 0x0 phys_seg 7 prio class 0
[   10.774089] Buffer I/O error on dev mtdblock0, logical block 9, async page read
[   10.774096] spi_master spi0: Failed to power device: -22
[   10.774102] blk_update_request: I/O error, dev mtdblock0, sector 10 op 0x0:(READ) flags 0x0 phys_seg 6 prio class 0
[   10.774105] Buffer I/O error on dev mtdblock0, logical block 10, async page read
[   10.774112] spi_master spi0: Failed to power device: -22
[   10.774118] blk_update_request: I/O error, dev mtdblock0, sector 11 op 0x0:(READ) flags 0x0 phys_seg 5 prio class 0
[   10.774122] Buffer I/O error on dev mtdblock0, logical block 11, async page read
[   10.774129] spi_master spi0: Failed to power device: -22
[   10.774134] blk_update_request: I/O error, dev mtdblock0, sector 12 op 0x0:(READ) flags 0x0 phys_seg 4 prio class 0
[   10.774138] Buffer I/O error on dev mtdblock0, logical block 12, async page read
[   10.774145] spi_master spi0: Failed to power device: -22
[   10.774150] blk_update_request: I/O error, dev mtdblock0, sector 13 op 0x0:(READ) flags 0x0 phys_seg 3 prio class 0
[   10.774154] Buffer I/O error on dev mtdblock0, logical block 13, async page read
[   10.774160] spi_master spi0: Failed to power device: -22
[   10.774166] blk_update_request: I/O error, dev mtdblock0, sector 14 op 0x0:(READ) flags 0x0 phys_seg 2 prio class 0
[   10.774170] Buffer I/O error on dev mtdblock0, logical block 14, async page read
[   10.774176] spi_master spi0: Failed to power device: -22
[   10.774182] blk_update_request: I/O error, dev mtdblock0, sector 15 op 0x0:(READ) flags 0x0 phys_seg 1 prio class 0
[   10.774186] Buffer I/O error on dev mtdblock0, logical block 15, async page read
[   10.774492] spi_master spi0: Failed to power device: -22
[   10.774499] blk_update_request: I/O error, dev mtdblock1, sector 10112 op 0x0:(READ) flags 0x80700 phys_seg 1 prio class 0
[   10.774543] spi_master spi0: Failed to power device: -22
[   10.774548] Buffer I/O error on dev mtdblock1, logical block 10112, async page read
[   10.774556] spi_master spi0: Failed to power device: -22
[   10.774561] Buffer I/O error on dev mtdblock1, logical block 10113, async page read
[   10.774568] spi_master spi0: Failed to power device: -22
[   10.774575] spi_master spi0: Failed to power device: -22
[   10.774583] spi_master spi0: Failed to power device: -22
[   10.774590] spi_master spi0: Failed to power device: -22
[   10.774597] spi_master spi0: Failed to power device: -22
[   10.774604] spi_master spi0: Failed to power device: -22
[   10.774857] spi_master spi0: Failed to power device: -22
[   10.774903] spi_master spi0: Failed to power device: -22
[   10.774912] spi_master spi0: Failed to power device: -22
[   10.774920] spi_master spi0: Failed to power device: -22
[   10.774928] spi_master spi0: Failed to power device: -22
[   10.774935] spi_master spi0: Failed to power device: -22
[   10.774943] spi_master spi0: Failed to power device: -22
[   10.774950] spi_master spi0: Failed to power device: -22
[   10.774957] spi_master spi0: Failed to power device: -22
[   10.775222] spi_master spi0: Failed to power device: -22
[   10.775265] spi_master spi0: Failed to power device: -22
[   10.775274] spi_master spi0: Failed to power device: -22
[   10.775282] spi_master spi0: Failed to power device: -22
[   10.775289] spi_master spi0: Failed to power device: -22
[   10.775297] spi_master spi0: Failed to power device: -22
[   10.775304] spi_master spi0: Failed to power device: -22
[   10.775311] spi_master spi0: Failed to power device: -22
[   10.775318] spi_master spi0: Failed to power device: -22
[   10.899035] EXT4-fs (mmcblk0p2): re-mounted. Opts: (null)
[   10.987683] systemd-journald[167]: Received request to flush runtime journal from PID 1
[   16.885217] macb ff0e0000.ethernet eth0: PHY [ff0e0000.ethernet-ffffffff:0c] driver [TI DP83867] (irq=POLL)
[   16.885230] macb ff0e0000.ethernet eth0: configuring for phy/rgmii-id link mode
[   17.247811] Adding 72700k swap on /var/swap.  Priority:-2 extents:2 across:89720k SS
[   18.995746] random: crng init done
[   18.995759] random: 7 urandom warning(s) missed due to ratelimiting
[   19.785287] broken atomic modeset userspace detected, disabling atomic
[   20.961324] macb ff0e0000.ethernet eth0: Link is Up - 1Gbps/Full - flow control off
[   20.961351] IPv6: ADDRCONF(NETDEV_CHANGE): eth0: link becomes ready
[   22.441564] broken atomic modeset userspace detected, disabling atomic
[   25.391236] broken atomic modeset userspace detected, disabling atomic
[   28.023434] broken atomic modeset userspace detected, disabling atomic