[    0.000000] Booting Linux on physical CPU 0x0000000000 [0x410fd034]
[    0.000000] Linux version 5.10.0-98103-g2aa7ac113716 (jenkins@romlxbuild1.adlk.analog.com) (aarch64-xilinx-linux-gcc.real (GCC) 10.2.0, GNU ld (GNU Binutils) 2.35.0.20200730) #5577 SMP Wed Mar 23 07:28:49 GMT 2022
[    0.000000] Machine model: ZynqMP ZCU102 Rev1.0
[    0.000000] earlycon: cdns0 at MMIO 0x00000000ff000000 (options '115200n8')
[    0.000000] printk: bootconsole [cdns0] enabled
[    0.000000] efi: UEFI not found.
[    0.000000] cma: Reserved 256 MiB at 0x0000000070000000
[    0.000000] Zone ranges:
[    0.000000]   DMA      [mem 0x0000000000000000-0x000000003fffffff]
[    0.000000]   DMA32    [mem 0x0000000040000000-0x00000000ffffffff]
[    0.000000]   Normal   [mem 0x0000000100000000-0x000000087fffffff]
[    0.000000] Movable zone start for each node
[    0.000000] Early memory node ranges
[    0.000000]   node   0: [mem 0x0000000000000000-0x000000007fffffff]
[    0.000000]   node   0: [mem 0x0000000800000000-0x000000087fffffff]
[    0.000000] Initmem setup node 0 [mem 0x0000000000000000-0x000000087fffffff]
[    0.000000] On node 0 totalpages: 1048576
[    0.000000]   DMA zone: 3584 pages used for memmap
[    0.000000]   DMA zone: 0 pages reserved
[    0.000000]   DMA zone: 262144 pages, LIFO batch:63
[    0.000000]   DMA32 zone: 3584 pages used for memmap
[    0.000000]   DMA32 zone: 262144 pages, LIFO batch:63
[    0.000000]   Normal zone: 7168 pages used for memmap
[    0.000000]   Normal zone: 524288 pages, LIFO batch:63
[    0.000000] psci: probing for conduit method from DT.
[    0.000000] psci: PSCIv1.1 detected in firmware.
[    0.000000] psci: Using standard PSCI v0.2 function IDs
[    0.000000] psci: MIGRATE_INFO_TYPE not supported.
[    0.000000] psci: SMC Calling Convention v1.2
[    0.000000] percpu: Embedded 22 pages/cpu s49496 r8192 d32424 u90112
[    0.000000] pcpu-alloc: s49496 r8192 d32424 u90112 alloc=22*4096
[    0.000000] pcpu-alloc: [0] 0 [0] 1 [0] 2 [0] 3 
[    0.000000] Detected VIPT I-cache on CPU0
[    0.000000] CPU features: detected: ARM erratum 845719
[    0.000000] Built 1 zonelists, mobility grouping on.  Total pages: 1034240
[    0.000000] Kernel command line: console=ttyPS0,115200 root=/dev/mmcblk0p2 rw earlycon rootfstype=ext4 rootwait clk_ignore_unused cpuidle.off=1 root=/dev/mmcblk0p2 rw rootwait
[    0.000000] Dentry cache hash table entries: 524288 (order: 10, 4194304 bytes, linear)
[    0.000000] Inode-cache hash table entries: 262144 (order: 9, 2097152 bytes, linear)
[    0.000000] mem auto-init: stack:off, heap alloc:off, heap free:off
[    0.000000] software IO TLB: mapped [mem 0x000000003bfff000-0x000000003ffff000] (64MB)
[    0.000000] Memory: 3761904K/4194304K available (15296K kernel code, 1636K rwdata, 11876K rodata, 2560K init, 507K bss, 170256K reserved, 262144K cma-reserved)
[    0.000000] rcu: Hierarchical RCU implementation.
[    0.000000] rcu: 	RCU event tracing is enabled.
[    0.000000] rcu: 	RCU restricting CPUs from NR_CPUS=8 to nr_cpu_ids=4.
[    0.000000] rcu: RCU calculated value of scheduler-enlistment delay is 25 jiffies.
[    0.000000] rcu: Adjusting geometry for rcu_fanout_leaf=16, nr_cpu_ids=4
[    0.000000] NR_IRQS: 64, nr_irqs: 64, preallocated irqs: 0
[    0.000000] GIC: Adjusting CPU interface base to 0x00000000f902f000
[    0.000000] GIC: Using split EOI/Deactivate mode
[    0.000000] random: get_random_bytes called from start_kernel+0x31c/0x54c with crng_init=0
[    0.000000] arch_timer: cp15 timer(s) running at 100.00MHz (phys).
[    0.000000] clocksource: arch_sys_counter: mask: 0xffffffffffffff max_cycles: 0x171024e7e0, max_idle_ns: 440795205315 ns
[    0.000003] sched_clock: 56 bits at 100MHz, resolution 10ns, wraps every 4398046511100ns
[    0.008463] Console: colour dummy device 80x25
[    0.012483] Calibrating delay loop (skipped), value calculated using timer frequency.. 200.00 BogoMIPS (lpj=400000)
[    0.022840] pid_max: default: 32768 minimum: 301
[    0.027548] Mount-cache hash table entries: 8192 (order: 4, 65536 bytes, linear)
[    0.034788] Mountpoint-cache hash table entries: 8192 (order: 4, 65536 bytes, linear)
[    0.043398] rcu: Hierarchical SRCU implementation.
[    0.047560] EFI services will not be available.
[    0.051940] smp: Bringing up secondary CPUs ...
[    0.056656] Detected VIPT I-cache on CPU1
[    0.056695] CPU1: Booted secondary processor 0x0000000001 [0x410fd034]
[    0.057058] Detected VIPT I-cache on CPU2
[    0.057082] CPU2: Booted secondary processor 0x0000000002 [0x410fd034]
[    0.057420] Detected VIPT I-cache on CPU3
[    0.057444] CPU3: Booted secondary processor 0x0000000003 [0x410fd034]
[    0.057490] smp: Brought up 1 node, 4 CPUs
[    0.091780] SMP: Total of 4 processors activated.
[    0.096452] CPU features: detected: 32-bit EL0 Support
[    0.101555] CPU features: detected: CRC32 instructions
[    0.106694] CPU: All CPU(s) started at EL2
[    0.110736] alternatives: patching kernel code
[    0.116170] devtmpfs: initialized
[    0.124057] Registered cp15_barrier emulation handler
[    0.124108] Registered setend emulation handler
[    0.128084] clocksource: jiffies: mask: 0xffffffff max_cycles: 0xffffffff, max_idle_ns: 7645041785100000 ns
[    0.137662] futex hash table entries: 1024 (order: 4, 65536 bytes, linear)
[    0.151023] pinctrl core: initialized pinctrl subsystem
[    0.151673] NET: Registered protocol family 16
[    0.156095] DMA: preallocated 512 KiB GFP_KERNEL pool for atomic allocations
[    0.162107] DMA: preallocated 512 KiB GFP_KERNEL|GFP_DMA pool for atomic allocations
[    0.169832] DMA: preallocated 512 KiB GFP_KERNEL|GFP_DMA32 pool for atomic allocations
[    0.177636] audit: initializing netlink subsys (disabled)
[    0.183088] audit: type=2000 audit(0.116:1): state=initialized audit_enabled=0 res=1
[    0.183434] hw-breakpoint: found 6 breakpoint and 4 watchpoint registers.
[    0.197463] ASID allocator initialised with 65536 entries
[    0.224362] HugeTLB registered 1.00 GiB page size, pre-allocated 0 pages
[    0.225420] HugeTLB registered 32.0 MiB page size, pre-allocated 0 pages
[    0.232090] HugeTLB registered 2.00 MiB page size, pre-allocated 0 pages
[    0.238755] HugeTLB registered 64.0 KiB page size, pre-allocated 0 pages
[    1.304327] DRBG: Continuing without Jitter RNG
[    1.382149] raid6: neonx8   gen()  2142 MB/s
[    1.450190] raid6: neonx8   xor()  1598 MB/s
[    1.518254] raid6: neonx4   gen()  2200 MB/s
[    1.586299] raid6: neonx4   xor()  1566 MB/s
[    1.654373] raid6: neonx2   gen()  2076 MB/s
[    1.722416] raid6: neonx2   xor()  1438 MB/s
[    1.790486] raid6: neonx1   gen()  1772 MB/s
[    1.858526] raid6: neonx1   xor()  1220 MB/s
[    1.926585] raid6: int64x8  gen()  1438 MB/s
[    1.994641] raid6: int64x8  xor()   771 MB/s
[    2.062705] raid6: int64x4  gen()  1599 MB/s
[    2.130766] raid6: int64x4  xor()   820 MB/s
[    2.198826] raid6: int64x2  gen()  1397 MB/s
[    2.266877] raid6: int64x2  xor()   750 MB/s
[    2.334947] raid6: int64x1  gen()  1033 MB/s
[    2.403015] raid6: int64x1  xor()   517 MB/s
[    2.403053] raid6: using algorithm neonx4 gen() 2200 MB/s
[    2.407004] raid6: .... xor() 1566 MB/s, rmw enabled
[    2.411935] raid6: using neon recovery algorithm
[    2.416950] iommu: Default domain type: Translated 
[    2.421563] SCSI subsystem initialized
[    2.425103] libata version 3.00 loaded.
[    2.425227] usbcore: registered new interface driver usbfs
[    2.430559] usbcore: registered new interface driver hub
[    2.435833] usbcore: registered new device driver usb
[    2.440966] mc: Linux media interface: v0.10
[    2.445083] videodev: Linux video capture interface: v2.00
[    2.450573] EDAC MC: Ver: 3.0.0
[    2.454011] zynqmp-ipi-mbox mailbox@ff990400: Registered ZynqMP IPI mbox with TX/RX channels.
[    2.462518] jesd204: created con: id=0, topo=0, link=0, /axi/spi@ff050000/hmc7044@0 <-> /fpga-axi@0/axi-adxcvr-tx@84b60000
[    2.473103] jesd204: created con: id=1, topo=0, link=2, /axi/spi@ff050000/hmc7044@0 <-> /fpga-axi@0/axi-adxcvr-rx@84a60000
[    2.484087] jesd204: created con: id=2, topo=0, link=0, /fpga-axi@0/axi-adxcvr-tx@84b60000 <-> /fpga-axi@0/axi-jesd204-tx@84b90000
[    2.495763] jesd204: created con: id=3, topo=0, link=2, /fpga-axi@0/axi-adxcvr-rx@84a60000 <-> /fpga-axi@0/axi-jesd204-rx@84a90000
[    2.507440] jesd204: created con: id=4, topo=0, link=0, /fpga-axi@0/axi-jesd204-tx@84b90000 <-> /fpga-axi@0/axi-ad9081-tx-hpc@84b10000
[    2.519468] jesd204: created con: id=5, topo=0, link=2, /fpga-axi@0/axi-jesd204-rx@84a90000 <-> /fpga-axi@0/axi-ad9081-rx-hpc@84a10000
[    2.531490] jesd204: created con: id=6, topo=0, link=2, /fpga-axi@0/axi-ad9081-rx-hpc@84a10000 <-> /axi/spi@ff040000/ad9081@0
[    2.542732] jesd204: created con: id=7, topo=0, link=0, /fpga-axi@0/axi-ad9081-tx-hpc@84b10000 <-> /axi/spi@ff040000/ad9081@0
[    2.553981] jesd204: /axi/spi@ff040000/ad9081@0: JESD204[2] transition uninitialized -> initialized
[    2.562968] jesd204: /axi/spi@ff040000/ad9081@0: JESD204[0] transition uninitialized -> initialized
[    2.571960] jesd204: found 8 devices and 1 topologies
[    2.577004] FPGA manager framework
[    2.580480] Advanced Linux Sound Architecture Driver Initialized.
[    2.586777] Bluetooth: Core ver 2.22
[    2.589965] NET: Registered protocol family 31
[    2.594364] Bluetooth: HCI device and connection manager initialized
[    2.600681] Bluetooth: HCI socket layer initialized
[    2.605523] Bluetooth: L2CAP socket layer initialized
[    2.610547] Bluetooth: SCO socket layer initialized
[    2.615733] clocksource: Switched to clocksource arch_sys_counter
[    2.621538] VFS: Disk quotas dquot_6.6.0
[    2.625374] VFS: Dquot-cache hash table entries: 512 (order 0, 4096 bytes)
[    2.636086] NET: Registered protocol family 2
[    2.636817] tcp_listen_portaddr_hash hash table entries: 2048 (order: 3, 32768 bytes, linear)
[    2.645014] TCP established hash table entries: 32768 (order: 6, 262144 bytes, linear)
[    2.653039] TCP bind hash table entries: 32768 (order: 7, 524288 bytes, linear)
[    2.660484] TCP: Hash tables configured (established 32768 bind 32768)
[    2.666657] UDP hash table entries: 2048 (order: 4, 65536 bytes, linear)
[    2.673325] UDP-Lite hash table entries: 2048 (order: 4, 65536 bytes, linear)
[    2.680484] NET: Registered protocol family 1
[    2.684939] RPC: Registered named UNIX socket transport module.
[    2.690558] RPC: Registered udp transport module.
[    2.695226] RPC: Registered tcp transport module.
[    2.699894] RPC: Registered tcp NFSv4.1 backchannel transport module.
[    2.706888] PCI: CLS 0 bytes, default 64
[    2.710572] hw perfevents: no interrupt-affinity property for /pmu, guessing.
[    2.717456] hw perfevents: enabled with armv8_pmuv3 PMU driver, 7 counters available
[    2.725782] Initialise system trusted keyrings
[    2.729473] workingset: timestamp_bits=62 max_order=20 bucket_order=0
[    2.736378] NFS: Registering the id_resolver key type
[    2.740822] Key type id_resolver registered
[    2.744961] Key type id_legacy registered
[    2.748952] nfs4filelayout_init: NFSv4 File Layout Driver Registering...
[    2.755619] jffs2: version 2.2. (NAND) (SUMMARY)  Â© 2001-2006 Red Hat, Inc.
[    2.799040] NET: Registered protocol family 38
[    2.799082] xor: measuring software checksum speed
[    2.806773]    8regs           :  2363 MB/sec
[    2.810441]    32regs          :  2799 MB/sec
[    2.815384]    arm64_neon      :  2380 MB/sec
[    2.815574] xor: using function: 32regs (2799 MB/sec)
[    2.820600] Key type asymmetric registered
[    2.824661] Asymmetric key parser 'x509' registered
[    2.829524] Block layer SCSI generic (bsg) driver version 0.4 loaded (major 248)
[    2.836859] io scheduler mq-deadline registered
[    2.841355] io scheduler kyber registered
[    2.870761] Serial: 8250/16550 driver, 4 ports, IRQ sharing disabled
[    2.875393] cacheinfo: Unable to detect cache hierarchy for CPU 0
[    2.881736] brd: module loaded
[    2.885863] loop: module loaded
[    2.886410] Registered mathworks_ip class
[    2.889789] libphy: Fixed MDIO Bus: probed
[    2.892730] tun: Universal TUN/TAP device driver, 1.6
[    2.896813] CAN device driver interface
[    2.901347] usbcore: registered new interface driver asix
[    2.905945] usbcore: registered new interface driver ax88179_178a
[    2.911978] usbcore: registered new interface driver cdc_ether
[    2.917771] usbcore: registered new interface driver net1080
[    2.923397] usbcore: registered new interface driver cdc_subset
[    2.929277] usbcore: registered new interface driver zaurus
[    2.934821] usbcore: registered new interface driver cdc_ncm
[    2.941222] ehci_hcd: USB 2.0 'Enhanced' Host Controller (EHCI) Driver
[    2.946906] ehci-pci: EHCI PCI platform driver
[    2.951707] usbcore: registered new interface driver uas
[    2.956621] usbcore: registered new interface driver usb-storage
[    2.962609] usbcore: registered new interface driver usbserial_generic
[    2.969061] usbserial: USB Serial support registered for generic
[    2.975035] usbcore: registered new interface driver ftdi_sio
[    2.980738] usbserial: USB Serial support registered for FTDI USB Serial Device
[    2.988011] usbcore: registered new interface driver upd78f0730
[    2.993884] usbserial: USB Serial support registered for upd78f0730
[    3.001537] rtc_zynqmp ffa60000.rtc: registered as rtc0
[    3.005309] rtc_zynqmp ffa60000.rtc: setting system clock to 2022-03-25T23:43:16 UTC (1648251796)
[    3.014172] i2c /dev entries driver
[    3.019480] usbcore: registered new interface driver uvcvideo
[    3.023285] USB Video Class driver (1.1.1)
[    3.028857] Bluetooth: HCI UART driver ver 2.3
[    3.031767] Bluetooth: HCI UART protocol H4 registered
[    3.036866] Bluetooth: HCI UART protocol BCSP registered
[    3.042153] Bluetooth: HCI UART protocol LL registered
[    3.047245] Bluetooth: HCI UART protocol ATH3K registered
[    3.052619] Bluetooth: HCI UART protocol Three-wire (H5) registered
[    3.058871] Bluetooth: HCI UART protocol Intel registered
[    3.064210] Bluetooth: HCI UART protocol QCA registered
[    3.069414] usbcore: registered new interface driver bcm203x
[    3.075031] usbcore: registered new interface driver bpa10x
[    3.080567] usbcore: registered new interface driver bfusb
[    3.086021] usbcore: registered new interface driver btusb
[    3.091480] usbcore: registered new interface driver ath3k
[    3.096961] EDAC MC: ECC not enabled
[    3.100602] EDAC DEVICE0: Giving out device to module zynqmp-ocm-edac controller zynqmp_ocm: DEV ff960000.memory-controller (INTERRUPT)
[    3.112902] sdhci: Secure Digital Host Controller Interface driver
[    3.118694] sdhci: Copyright(c) Pierre Ossman
[    3.123016] sdhci-pltfm: SDHCI platform and OF driver helper
[    3.129071] ledtrig-cpu: registered to indicate activity on CPUs
[    3.134621] SMCCC: SOC_ID: ARCH_SOC_ID not implemented, skipping ....
[    3.141052] zynqmp_firmware_probe Platform Management API v1.1
[    3.146808] zynqmp_firmware_probe Trustzone version v1.0
[    3.186348] zynqmp-pinctrl firmware:zynqmp-firmware:pinctrl: zynqmp pinctrl initialized
[    3.234288] zynqmp-aes firmware:zynqmp-firmware:zynqmp-aes: will run requests pump with realtime priority
[    3.250038] alg: No test for xilinx-keccak-384 (zynqmp-keccak-384)
[    3.250752] alg: No test for xilinx-zynqmp-rsa (zynqmp-rsa)
[    3.256268] usbcore: registered new interface driver usbhid
[    3.261653] usbhid: USB HID core driver
[    3.272906] axi_sysid 85000000.axi-sysid-0: AXI System ID core version (1.01.a) found
[    3.275252] axi_sysid 85000000.axi-sysid-0: [ad9081_fmca_ebz] on [zcu102] git branch <master> git <084d44c9780640ca93fd847b1d9ec70dd65f5c67> clean [2022-03-18 04:17:50] UTC
[    3.290938] fpga_manager fpga0: Xilinx ZynqMP FPGA Manager registered
[    3.297293] usbcore: registered new interface driver snd-usb-audio
[    3.304747] pktgen: Packet Generator for packet performance testing. Version: 2.75
[    3.310925] Initializing XFRM netlink socket
[    3.314782] NET: Registered protocol family 10
[    3.319497] Segment Routing with IPv6
[    3.322882] sit: IPv6, IPv4 and MPLS over IPv4 tunneling driver
[    3.328951] NET: Registered protocol family 17
[    3.333055] NET: Registered protocol family 15
[    3.337548] can: controller area network core
[    3.341806] NET: Registered protocol family 29
[    3.346193] can: raw protocol
[    3.349130] can: broadcast manager protocol
[    3.353285] can: netlink gateway - max_hops=1
[    3.357681] Bluetooth: RFCOMM TTY layer initialized
[    3.362458] Bluetooth: RFCOMM socket layer initialized
[    3.367567] Bluetooth: RFCOMM ver 1.11
[    3.371277] Bluetooth: BNEP (Ethernet Emulation) ver 1.3
[    3.376548] Bluetooth: BNEP filters: protocol multicast
[    3.381742] Bluetooth: BNEP socket layer initialized
[    3.386669] Bluetooth: HIDP (Human Interface Emulation) ver 1.2
[    3.392553] Bluetooth: HIDP socket layer initialized
[    3.397607] 9pnet: Installing 9P2000 support
[    3.401730] NET: Registered protocol family 36
[    3.406147] Key type dns_resolver registered
[    3.410581] registered taskstats version 1
[    3.414443] Loading compiled-in X.509 certificates
[    3.419554] Btrfs loaded, crc32c=crc32c-generic
[    3.431957] ff000000.serial: ttyPS0 at MMIO 0xff000000 (irq = 49, base_baud = 6249999) is a xuartps
[    3.440978] printk: console [ttyPS0] enabled
[    3.445271] printk: bootconsole [cdns0] disabled
[    3.454897] ff010000.serial: ttyPS1 at MMIO 0xff010000 (irq = 50, base_baud = 6249999) is a xuartps
[    3.468166] of-fpga-region fpga-full: FPGA Region probed
[    3.475100] nwl-pcie fd0e0000.pcie: host bridge /axi/pcie@fd0e0000 ranges:
[    3.481994] nwl-pcie fd0e0000.pcie:      MEM 0x00e0000000..0x00efffffff -> 0x00e0000000
[    3.489995] nwl-pcie fd0e0000.pcie:      MEM 0x0600000000..0x07ffffffff -> 0x0600000000
[    3.498057] nwl-pcie fd0e0000.pcie: Link is DOWN
[    3.502812] nwl-pcie fd0e0000.pcie: PCI host bridge to bus 0000:00
[    3.508993] pci_bus 0000:00: root bus resource [bus 00-ff]
[    3.514474] pci_bus 0000:00: root bus resource [mem 0xe0000000-0xefffffff]
[    3.521344] pci_bus 0000:00: root bus resource [mem 0x600000000-0x7ffffffff pref]
[    3.528847] pci 0000:00:00.0: [10ee:d021] type 01 class 0x060400
[    3.534904] pci 0000:00:00.0: PME# supported from D0 D1 D2 D3hot
[    3.545351] pci 0000:00:00.0: PCI bridge to [bus 01-0c]
[    3.551332] xilinx-zynqmp-dma fd500000.dma: ZynqMP DMA driver Probe success
[    3.558508] xilinx-zynqmp-dma fd510000.dma: ZynqMP DMA driver Probe success
[    3.565682] xilinx-zynqmp-dma fd520000.dma: ZynqMP DMA driver Probe success
[    3.572853] xilinx-zynqmp-dma fd530000.dma: ZynqMP DMA driver Probe success
[    3.580020] xilinx-zynqmp-dma fd540000.dma: ZynqMP DMA driver Probe success
[    3.587188] xilinx-zynqmp-dma fd550000.dma: ZynqMP DMA driver Probe success
[    3.594362] xilinx-zynqmp-dma fd560000.dma: ZynqMP DMA driver Probe success
[    3.601528] xilinx-zynqmp-dma fd570000.dma: ZynqMP DMA driver Probe success
[    3.608928] xilinx-zynqmp-dpdma fd4c0000.dma-controller: Xilinx DPDMA engine is probed
[    3.617476] ahci-ceva fd0c0000.ahci: supply ahci not found, using dummy regulator
[    3.625019] ahci-ceva fd0c0000.ahci: supply phy not found, using dummy regulator
[    3.715903] hmc7044 spi2.0: PLL1: Acquisition, CLKIN0 @ 122880000 Hz, PFD: 80 kHz - PLL2: Locked @ 3144.000000 MHz
[    3.726620] jesd204: /axi/spi@ff050000/hmc7044@0,jesd204:1,parent=spi2.0: Using as SYSREF provider
[    3.736196] spi-nor spi0.0: SPI-NOR-UniqueID 100000235394732200270025081115266e
[    3.743500] spi-nor spi0.0: found n25q512a, expected m25p80
[    3.749691] spi-nor spi0.0: trying to lock already unlocked area
[    3.755693] spi-nor spi0.0: n25q512a (131072 Kbytes)
[    3.760672] 4 fixed-partitions partitions found on MTD device spi0.0
[    3.767016] Creating 4 MTD partitions on "spi0.0":
[    3.771802] 0x000000000000-0x000000100000 : "qspi-fsbl-uboot"
[    3.778289] 0x000000100000-0x000000600000 : "qspi-linux"
[    3.784253] 0x000000600000-0x000000620000 : "qspi-device-tree"
[    3.790725] 0x000000620000-0x000000c00000 : "qspi-rootfs"
[    3.799202] macb ff0e0000.ethernet: Not enabling partial store and forward
[    3.806721] libphy: MACB_mii_bus: probed
[    3.811793] macb ff0e0000.ethernet eth0: Cadence GEM rev 0x50070106 at 0xff0e0000 irq 30 (00:0a:35:04:8e:1b)
[    3.822004] xilinx-axipmon ffa00000.perf-monitor: Probed Xilinx APM
[    3.828576] xilinx-axipmon fd0b0000.perf-monitor: Probed Xilinx APM
[    3.835091] xilinx-axipmon fd490000.perf-monitor: Probed Xilinx APM
[    3.841633] xilinx-axipmon ffa10000.perf-monitor: Probed Xilinx APM
[    3.851636] pca953x 0-0020: supply vcc not found, using dummy regulator
[    3.858317] pca953x 0-0020: using no AI
[    3.862807] gpio-496 (sel0): hogged as output/low
[    3.867705] gpio-497 (sel1): hogged as output/high
[    3.872691] gpio-498 (sel2): hogged as output/high
[    3.877680] gpio-499 (sel3): hogged as output/high
[    3.882857] pca953x 0-0021: supply vcc not found, using dummy regulator
[    3.889527] pca953x 0-0021: using no AI
[    3.895285] ina2xx 2-0040: power monitor ina226 (Rshunt = 5000 uOhm)
[    3.902315] ina2xx 2-0041: power monitor ina226 (Rshunt = 5000 uOhm)
[    3.909351] ina2xx 2-0042: power monitor ina226 (Rshunt = 5000 uOhm)
[    3.916385] ina2xx 2-0043: power monitor ina226 (Rshunt = 5000 uOhm)
[    3.923403] ina2xx 2-0044: power monitor ina226 (Rshunt = 5000 uOhm)
[    3.930425] ina2xx 2-0045: power monitor ina226 (Rshunt = 5000 uOhm)
[    3.937455] ina2xx 2-0046: power monitor ina226 (Rshunt = 5000 uOhm)
[    3.944533] ina2xx 2-0047: power monitor ina226 (Rshunt = 5000 uOhm)
[    3.951564] ina2xx 2-004a: power monitor ina226 (Rshunt = 5000 uOhm)
[    3.958592] ina2xx 2-004b: power monitor ina226 (Rshunt = 5000 uOhm)
[    3.965000] i2c i2c-0: Added multiplexed i2c bus 2
[    3.970385] random: fast init done
[    3.973858] ina2xx 3-0040: power monitor ina226 (Rshunt = 2000 uOhm)
[    3.980886] ina2xx 3-0041: power monitor ina226 (Rshunt = 5000 uOhm)
[    3.987913] ina2xx 3-0042: power monitor ina226 (Rshunt = 5000 uOhm)
[    3.994939] ina2xx 3-0043: power monitor ina226 (Rshunt = 5000 uOhm)
[    4.001967] ina2xx 3-0044: power monitor ina226 (Rshunt = 5000 uOhm)
[    4.008997] ina2xx 3-0045: power monitor ina226 (Rshunt = 5000 uOhm)
[    4.016029] ina2xx 3-0046: power monitor ina226 (Rshunt = 5000 uOhm)
[    4.023057] ina2xx 3-0047: power monitor ina226 (Rshunt = 5000 uOhm)
[    4.029458] i2c i2c-0: Added multiplexed i2c bus 3
[    4.085311] i2c i2c-0: Added multiplexed i2c bus 4
[    4.090255] i2c i2c-0: Added multiplexed i2c bus 5
[    4.095048] pca954x 0-0075: registered 4 multiplexed busses for I2C mux pca9544
[    4.102399] cdns-i2c ff020000.i2c: 400 kHz mmio ff020000 irq 32
[    4.110131] at24 6-0054: supply vcc not found, using dummy regulator
[    4.117033] at24 6-0054: 1024 byte 24c08 EEPROM, writable, 1 bytes/write
[    4.123787] i2c i2c-1: Added multiplexed i2c bus 6
[    4.130216] si5341 7-0036: Chip: 5341 Grade: 1 Rev: 1
[    4.167910] i2c i2c-1: Added multiplexed i2c bus 7
[    4.175559] si570 8-005d: registered, current frequency 300000000 Hz
[    4.181958] i2c i2c-1: Added multiplexed i2c bus 8
[    4.201734] si570 9-005d: registered, current frequency 148500000 Hz
[    4.208138] i2c i2c-1: Added multiplexed i2c bus 9
[    4.213174] si5324 10-0069: si5328 probed
[    4.280085] si5324 10-0069: si5328 probe successful
[    4.285019] i2c i2c-1: Added multiplexed i2c bus 10
[    4.290047] i2c i2c-1: Added multiplexed i2c bus 11
[    4.295074] i2c i2c-1: Added multiplexed i2c bus 12
[    4.300094] i2c i2c-1: Added multiplexed i2c bus 13
[    4.304974] pca954x 1-0074: registered 8 multiplexed busses for I2C switch pca9548
[    4.313080] at24 14-0050: supply vcc not found, using dummy regulator
[    4.319876] at24 14-0050: 256 byte 24c02 EEPROM, writable, 1 bytes/write
[    4.326626] i2c i2c-1: Added multiplexed i2c bus 14
[    4.331666] i2c i2c-1: Added multiplexed i2c bus 15
[    4.336699] i2c i2c-1: Added multiplexed i2c bus 16
[    4.341736] i2c i2c-1: Added multiplexed i2c bus 17
[    4.346767] i2c i2c-1: Added multiplexed i2c bus 18
[    4.351819] i2c i2c-1: Added multiplexed i2c bus 19
[    4.356853] i2c i2c-1: Added multiplexed i2c bus 20
[    4.361893] i2c i2c-1: Added multiplexed i2c bus 21
[    4.366766] pca954x 1-0075: registered 8 multiplexed busses for I2C switch pca9548
[    4.374375] cdns-i2c ff030000.i2c: 400 kHz mmio ff030000 irq 33
[    4.384124] cdns-wdt fd4d0000.watchdog: Xilinx Watchdog Timer with timeout 60s
[    4.395061] axi_adxcvr 84a60000.axi-adxcvr-rx: AXI-ADXCVR-RX (17.05.a) using CPLL on GTH4 at 0x84A60000. Number of lanes: 4.
[    4.407230] axi_adxcvr 84b60000.axi-adxcvr-tx: AXI-ADXCVR-TX (17.05.a) using QPLL on GTH4 at 0x84B60000. Number of lanes: 4.
[    4.418863] axi-jesd204-rx 84a90000.axi-jesd204-rx: AXI-JESD204-RX (1.07.a) at 0x84A90000. Encoder 8b10b, width 4/4, lanes 4, jesd204-fsm.
[    4.426140] mmc0: SDHCI controller on ff170000.mmc [ff170000.mmc] using ADMA 64-bit
[    4.431704] axi-jesd204-tx 84b90000.axi-jesd204-tx: AXI-JESD204-TX (1.06.a) at 0x84B90000. Encoder 8b10b, width 4/4, lanes 4, jesd204-fsm.
[    4.452437] zynqmp-display fd4a0000.display: vtc bridge property not present
[    4.462099] xilinx-dp-snd-codec fd4a0000.display:zynqmp_dp_snd_codec0: Failed to get required clock freq
[    4.471605] xilinx-dp-snd-codec: probe of fd4a0000.display:zynqmp_dp_snd_codec0 failed with error -22
[    4.473515] mmc0: new high speed SDHC card at address 0001
[    4.481144] xilinx-dp-snd-pcm zynqmp_dp_snd_pcm0: Xilinx DisplayPort Sound PCM probed
[    4.486657] mmcblk0: mmc0:0001 EB1QT 29.8 GiB 
[    4.494461] xilinx-dp-snd-pcm zynqmp_dp_snd_pcm1: Xilinx DisplayPort Sound PCM probed
[    4.499828]  mmcblk0: p1 p2 p3
[    4.506764] OF: graph: no port node found in /axi/display@fd4a0000
[    4.515841] xlnx-drm xlnx-drm.0: bound fd4a0000.display (ops 0xffffffc010fcbdb8)
[    5.599749] zynqmp-display fd4a0000.display: [drm] Cannot find any crtc or sizes
[    5.607364] [drm] Initialized xlnx 1.0.0 20130509 for fd4a0000.display on minor 0
[    5.614858] zynqmp-display fd4a0000.display: ZynqMP DisplayPort Subsystem driver probed
[    5.623179] ahci-ceva fd0c0000.ahci: supply ahci not found, using dummy regulator
[    5.630727] ahci-ceva fd0c0000.ahci: supply phy not found, using dummy regulator
[    5.638179] ahci-ceva fd0c0000.ahci: supply target not found, using dummy regulator
[    5.646016] ahci-ceva fd0c0000.ahci: AHCI 0001.0301 32 slots 2 ports 6 Gbps 0x3 impl platform mode
[    5.654973] ahci-ceva fd0c0000.ahci: flags: 64bit ncq sntf pm clo only pmp fbs pio slum part ccc sds apst 
[    5.665675] scsi host0: ahci-ceva
[    5.669266] scsi host1: ahci-ceva
[    5.672692] ata1: SATA max UDMA/133 mmio [mem 0xfd0c0000-0xfd0c1fff] port 0x100 irq 45
[    5.680603] ata2: SATA max UDMA/133 mmio [mem 0xfd0c0000-0xfd0c1fff] port 0x180 irq 45
[    5.689199] ad9081 spi1.0: supply vdd not found, using dummy regulator
[    6.001985] ata1: SATA link down (SStatus 0 SControl 330)
[    6.007403] ata2: SATA link down (SStatus 0 SControl 330)
[    6.683750] zynqmp-display fd4a0000.display: [drm] Cannot find any crtc or sizes
[    7.527917] ad9081 spi1.0: AD9081 Rev. 2 Grade 10 (API 1.2.2) probed
[    7.535108] xhci-hcd xhci-hcd.1.auto: xHCI Host Controller
[    7.540605] xhci-hcd xhci-hcd.1.auto: new USB bus registered, assigned bus number 1
[    7.548349] xhci-hcd xhci-hcd.1.auto: hcc params 0x0238f625 hci version 0x100 quirks 0x0000000002010810
[    7.557770] xhci-hcd xhci-hcd.1.auto: irq 59, io mem 0xfe200000
[    7.563890] usb usb1: New USB device found, idVendor=1d6b, idProduct=0002, bcdDevice= 5.10
[    7.572151] usb usb1: New USB device strings: Mfr=3, Product=2, SerialNumber=1
[    7.579370] usb usb1: Product: xHCI Host Controller
[    7.584238] usb usb1: Manufacturer: Linux 5.10.0-98103-g2aa7ac113716 xhci-hcd
[    7.591364] usb usb1: SerialNumber: xhci-hcd.1.auto
[    7.596533] hub 1-0:1.0: USB hub found
[    7.600298] hub 1-0:1.0: 1 port detected
[    7.604397] xhci-hcd xhci-hcd.1.auto: xHCI Host Controller
[    7.609884] xhci-hcd xhci-hcd.1.auto: new USB bus registered, assigned bus number 2
[    7.617540] xhci-hcd xhci-hcd.1.auto: Host supports USB 3.0 SuperSpeed
[    7.624163] usb usb2: New USB device found, idVendor=1d6b, idProduct=0003, bcdDevice= 5.10
[    7.632424] usb usb2: New USB device strings: Mfr=3, Product=2, SerialNumber=1
[    7.639642] usb usb2: Product: xHCI Host Controller
[    7.644517] usb usb2: Manufacturer: Linux 5.10.0-98103-g2aa7ac113716 xhci-hcd
[    7.651647] usb usb2: SerialNumber: xhci-hcd.1.auto
[    7.656755] hub 2-0:1.0: USB hub found
[    7.660517] hub 2-0:1.0: 1 port detected
[    7.690563] cf_axi_adc 84a10000.axi-ad9081-rx-hpc: ADI AIM (10.01.b) at 0x84A10000 mapped to 0x(____ptrval____), probed ADC AD9081 as MASTER
[    7.720572] cf_axi_dds 84b10000.axi-ad9081-tx-hpc: Analog Devices CF_AXI_DDS_DDS MASTER (9.01.b) at 0x84B10000 mapped to 0x(____ptrval____), probed DDS AD9081
[    7.734773] jesd204: /axi/spi@ff040000/ad9081@0,jesd204:0,parent=spi1.0: JESD204[2] transition initialized -> probed
[    7.745294] jesd204: /axi/spi@ff040000/ad9081@0,jesd204:0,parent=spi1.0: JESD204[0] transition initialized -> probed
[    7.755818] jesd204: /axi/spi@ff040000/ad9081@0,jesd204:0,parent=spi1.0: JESD204[2] transition probed -> idle
[    7.765724] jesd204: /axi/spi@ff040000/ad9081@0,jesd204:0,parent=spi1.0: JESD204[0] transition probed -> idle
[    7.775642] jesd204: /axi/spi@ff040000/ad9081@0,jesd204:0,parent=spi1.0: JESD204[2] transition idle -> device_init
[    7.785984] jesd204: /axi/spi@ff040000/ad9081@0,jesd204:0,parent=spi1.0: JESD204[0] transition idle -> device_init
[    7.796338] jesd204: /axi/spi@ff040000/ad9081@0,jesd204:0,parent=spi1.0: JESD204[2] transition device_init -> link_init
[    7.807121] jesd204: /axi/spi@ff040000/ad9081@0,jesd204:0,parent=spi1.0: JESD204[0] transition device_init -> link_init
[    7.817911] jesd204: /axi/spi@ff040000/ad9081@0,jesd204:0,parent=spi1.0: JESD204[2] transition link_init -> link_supported
[    7.828950] jesd204: /axi/spi@ff040000/ad9081@0,jesd204:0,parent=spi1.0: JESD204[0] transition link_init -> link_supported
[    7.840363] hmc7044 spi2.0: hmc7044_jesd204_link_pre_setup: Link2 forcing continuous SYSREF mode
[    7.849543] jesd204: /axi/spi@ff040000/ad9081@0,jesd204:0,parent=spi1.0: JESD204[2] transition link_supported -> link_pre_setup
[    7.861016] jesd204: /axi/spi@ff040000/ad9081@0,jesd204:0,parent=spi1.0: JESD204[0] transition link_supported -> link_pre_setup
[    7.884852] jesd204: /axi/spi@ff040000/ad9081@0,jesd204:0,parent=spi1.0: JESD204[2] transition link_pre_setup -> clk_sync_stage1
[    7.896413] jesd204: /axi/spi@ff040000/ad9081@0,jesd204:0,parent=spi1.0: JESD204[0] transition link_pre_setup -> clk_sync_stage1
[    7.907984] jesd204: /axi/spi@ff040000/ad9081@0,jesd204:0,parent=spi1.0: JESD204[2] transition clk_sync_stage1 -> clk_sync_stage2
[    7.919630] jesd204: /axi/spi@ff040000/ad9081@0,jesd204:0,parent=spi1.0: JESD204[0] transition clk_sync_stage1 -> clk_sync_stage2
[    7.931282] jesd204: /axi/spi@ff040000/ad9081@0,jesd204:0,parent=spi1.0: JESD204[2] transition clk_sync_stage2 -> clk_sync_stage3
[    7.942927] jesd204: /axi/spi@ff040000/ad9081@0,jesd204:0,parent=spi1.0: JESD204[0] transition clk_sync_stage2 -> clk_sync_stage3
[    7.956598] jesd204: /axi/spi@ff040000/ad9081@0,jesd204:0,parent=spi1.0: JESD204[2] transition clk_sync_stage3 -> link_setup
[    7.967817] jesd204: /axi/spi@ff040000/ad9081@0,jesd204:0,parent=spi1.0: JESD204[0] transition clk_sync_stage3 -> link_setup
[    7.983868] jesd204: /axi/spi@ff040000/ad9081@0,jesd204:0,parent=spi1.0: JESD204[2] transition link_setup -> opt_setup_stage1
[    7.995174] jesd204: /axi/spi@ff040000/ad9081@0,jesd204:0,parent=spi1.0: JESD204[0] transition link_setup -> opt_setup_stage1
[    8.011515] jesd204: /axi/spi@ff040000/ad9081@0,jesd204:0,parent=spi1.0: JESD204[2] transition opt_setup_stage1 -> opt_setup_stage2
[    8.023340] jesd204: /axi/spi@ff040000/ad9081@0,jesd204:0,parent=spi1.0: JESD204[0] transition opt_setup_stage1 -> opt_setup_stage2
[    8.035313] jesd204: /axi/spi@ff040000/ad9081@0,jesd204:0,parent=spi1.0: JESD204[2] transition opt_setup_stage2 -> opt_setup_stage3
[    8.047133] jesd204: /axi/spi@ff040000/ad9081@0,jesd204:0,parent=spi1.0: JESD204[0] transition opt_setup_stage2 -> opt_setup_stage3
[    8.058956] jesd204: /axi/spi@ff040000/ad9081@0,jesd204:0,parent=spi1.0: JESD204[2] transition opt_setup_stage3 -> opt_setup_stage4
[    8.070779] jesd204: /axi/spi@ff040000/ad9081@0,jesd204:0,parent=spi1.0: JESD204[0] transition opt_setup_stage3 -> opt_setup_stage4
[    8.082603] jesd204: /axi/spi@ff040000/ad9081@0,jesd204:0,parent=spi1.0: JESD204[2] transition opt_setup_stage4 -> opt_setup_stage5
[    8.094432] jesd204: /axi/spi@ff040000/ad9081@0,jesd204:0,parent=spi1.0: JESD204[0] transition opt_setup_stage4 -> opt_setup_stage5
[    8.110416] jesd204: /axi/spi@ff040000/ad9081@0,jesd204:0,parent=spi1.0: JESD204[2] transition opt_setup_stage5 -> clocks_enable
[    8.121979] jesd204: /axi/spi@ff040000/ad9081@0,jesd204:0,parent=spi1.0: JESD204[0] transition opt_setup_stage5 -> clocks_enable
[    8.168915] axi_adxcvr 84a60000.axi-adxcvr-rx: adxcvr_clk_enable: CPLL RX buffer underflow error, status: 0x61
[    8.178900] axi_adxcvr 84a60000.axi-adxcvr-rx: adxcvr_clk_enable: CPLL RX buffer overflow error, status: 0x61
[    8.188874] jesd204: /axi/spi@ff040000/ad9081@0,jesd204:0,parent=spi1.0: JESD204[2] transition clocks_enable -> link_enable
[    8.200004] jesd204: /axi/spi@ff040000/ad9081@0,jesd204:0,parent=spi1.0: JESD204[0] transition clocks_enable -> link_enable
[    8.231973] ad9081 spi1.0: JESD RX (JTX) Link2 in DATA, SYNC deasserted, PLL locked, PHASE established, MODE valid
[    8.242575] ad9081 spi1.0: JESD TX (JRX) Link0 0xF lanes in DATA
[    8.248587] jesd204: /axi/spi@ff040000/ad9081@0,jesd204:0,parent=spi1.0: JESD204[2] transition link_enable -> link_running
[    8.259625] jesd204: /axi/spi@ff040000/ad9081@0,jesd204:0,parent=spi1.0: JESD204[0] transition link_enable -> link_running
[    8.270670] jesd204: /axi/spi@ff040000/ad9081@0,jesd204:0,parent=spi1.0: JESD204[2] transition link_running -> opt_post_running_stage
[    8.282663] jesd204: /axi/spi@ff040000/ad9081@0,jesd204:0,parent=spi1.0: JESD204[0] transition link_running -> opt_post_running_stage
[    8.303884] input: gpio-keys as /devices/platform/gpio-keys/input/input0
[    8.310901] of_cfs_init
[    8.313361] of_cfs_init: OK
[    8.316301] cfg80211: Loading compiled-in X.509 certificates for regulatory database
[    8.454590] cfg80211: Loaded X.509 cert 'sforshee: 00b28ddf47aef9cea7'
[    8.461119] clk: Not disabling unused clocks
[    8.465644] ALSA device list:
[    8.468608]   No soundcards found.
[    8.472265] platform regulatory.0: Direct firmware load for regulatory.db failed with error -2
[    8.480871] cfg80211: failed to load regulatory.db
[    8.496127] EXT4-fs (mmcblk0p2): mounted filesystem with ordered data mode. Opts: (null)
[    8.504243] VFS: Mounted root (ext4 filesystem) on device 179:2.
[    8.517987] devtmpfs: mounted
[    8.521800] Freeing unused kernel memory: 2560K
[    8.535787] Run /sbin/init as init process
[    8.539885]   with arguments:
[    8.539887]     /sbin/init
[    8.539889]   with environment:
[    8.539892]     HOME=/
[    8.539894]     TERM=linux
[    9.122624] systemd[1]: systemd 241 running in system mode. (+PAM +AUDIT +SELINUX +IMA +APPARMOR +SMACK +SYSVINIT +UTMP +LIBCRYPTSETUP +GCRYPT +GNUTLS +ACL +XZ +LZ4 +SECCOMP +BLKID +ELFUTILS +KMOD -IDN2 +IDN -PCRE2 default-hierarchy=hybrid)
[    9.144511] systemd[1]: Detected architecture arm64.
[    9.168473] systemd[1]: Set hostname to <analog>.
[    9.381344] systemd[1]: File /lib/systemd/system/systemd-journald.service:12 configures an IP firewall (IPAddressDeny=any), but the local system does not support BPF/cgroup based firewalling.
[    9.398406] systemd[1]: Proceeding WITHOUT firewalling in effect! (This warning is only shown for the first loaded unit using IP firewalling.)
[    9.564145] systemd[1]: /etc/systemd/system/tof-server.service:1: Assignment outside of section. Ignoring.
[    9.573865] systemd[1]: /etc/systemd/system/tof-server.service:2: Assignment outside of section. Ignoring.
[    9.760277] random: systemd: uninitialized urandom read (16 bytes read)
[    9.775109] systemd[1]: Condition check resulted in Arbitrary Executable File Formats File System Automount Point being skipped.
[    9.786724] random: systemd: uninitialized urandom read (16 bytes read)
[    9.793400] systemd[1]: Reached target Swap.
[    9.807877] random: systemd: uninitialized urandom read (16 bytes read)
[    9.814754] systemd[1]: Listening on udev Kernel Socket.
[   10.613385] EXT4-fs (mmcblk0p2): re-mounted. Opts: (null)
[   10.772644] systemd-journald[147]: Received request to flush runtime journal from PID 1
[   16.011599] random: crng init done
[   16.011609] random: 7 urandom warning(s) missed due to ratelimiting
[   16.818306] macb ff0e0000.ethernet eth0: PHY [ff0e0000.ethernet-ffffffff:0c] driver [TI DP83867] (irq=POLL)
[   16.818319] macb ff0e0000.ethernet eth0: configuring for phy/rgmii-id link mode
[   17.055844] Adding 92156k swap on /var/swap.  Priority:-2 extents:1 across:92156k SS
[   19.674275] broken atomic modeset userspace detected, disabling atomic
[   20.897361] macb ff0e0000.ethernet eth0: Link is Up - 1Gbps/Full - flow control off
[   20.897386] IPv6: ADDRCONF(NETDEV_CHANGE): eth0: link becomes ready
[   22.356497] broken atomic modeset userspace detected, disabling atomic
[   25.300543] broken atomic modeset userspace detected, disabling atomic
[   27.945210] broken atomic modeset userspace detected, disabling atomic