[    0.000000] Booting Linux on physical CPU 0x0000000000 [0x410fd034]
[    0.000000] Linux version 5.10.0-98103-g2aa7ac113716 (jenkins@romlxbuild1.adlk.analog.com) (aarch64-xilinx-linux-gcc.real (GCC) 10.2.0, GNU ld (GNU Binutils) 2.35.0.20200730) #5577 SMP Wed Mar 23 07:28:49 GMT 2022
[    0.000000] Machine model: ZynqMP ZCU102 Rev1.0
[    0.000000] earlycon: cdns0 at MMIO 0x00000000ff000000 (options '115200n8')
[    0.000000] printk: bootconsole [cdns0] enabled
[    0.000000] efi: UEFI not found.
[    0.000000] cma: Reserved 256 MiB at 0x0000000070000000
[    0.000000] Zone ranges:
[    0.000000]   DMA      [mem 0x0000000000000000-0x000000003fffffff]
[    0.000000]   DMA32    [mem 0x0000000040000000-0x00000000ffffffff]
[    0.000000]   Normal   [mem 0x0000000100000000-0x000000087fffffff]
[    0.000000] Movable zone start for each node
[    0.000000] Early memory node ranges
[    0.000000]   node   0: [mem 0x0000000000000000-0x000000007fffffff]
[    0.000000]   node   0: [mem 0x0000000800000000-0x000000087fffffff]
[    0.000000] Initmem setup node 0 [mem 0x0000000000000000-0x000000087fffffff]
[    0.000000] On node 0 totalpages: 1048576
[    0.000000]   DMA zone: 3584 pages used for memmap
[    0.000000]   DMA zone: 0 pages reserved
[    0.000000]   DMA zone: 262144 pages, LIFO batch:63
[    0.000000]   DMA32 zone: 3584 pages used for memmap
[    0.000000]   DMA32 zone: 262144 pages, LIFO batch:63
[    0.000000]   Normal zone: 7168 pages used for memmap
[    0.000000]   Normal zone: 524288 pages, LIFO batch:63
[    0.000000] psci: probing for conduit method from DT.
[    0.000000] psci: PSCIv1.1 detected in firmware.
[    0.000000] psci: Using standard PSCI v0.2 function IDs
[    0.000000] psci: MIGRATE_INFO_TYPE not supported.
[    0.000000] psci: SMC Calling Convention v1.2
[    0.000000] percpu: Embedded 22 pages/cpu s49496 r8192 d32424 u90112
[    0.000000] pcpu-alloc: s49496 r8192 d32424 u90112 alloc=22*4096
[    0.000000] pcpu-alloc: [0] 0 [0] 1 [0] 2 [0] 3 
[    0.000000] Detected VIPT I-cache on CPU0
[    0.000000] CPU features: detected: ARM erratum 845719
[    0.000000] Built 1 zonelists, mobility grouping on.  Total pages: 1034240
[    0.000000] Kernel command line: console=ttyPS0,115200 root=/dev/mmcblk0p2 rw earlycon rootfstype=ext4 rootwait clk_ignore_unused cpuidle.off=1 root=/dev/mmcblk0p2 rw rootwait
[    0.000000] Dentry cache hash table entries: 524288 (order: 10, 4194304 bytes, linear)
[    0.000000] Inode-cache hash table entries: 262144 (order: 9, 2097152 bytes, linear)
[    0.000000] mem auto-init: stack:off, heap alloc:off, heap free:off
[    0.000000] software IO TLB: mapped [mem 0x000000003bfff000-0x000000003ffff000] (64MB)
[    0.000000] Memory: 3761904K/4194304K available (15296K kernel code, 1636K rwdata, 11876K rodata, 2560K init, 507K bss, 170256K reserved, 262144K cma-reserved)
[    0.000000] rcu: Hierarchical RCU implementation.
[    0.000000] rcu: 	RCU event tracing is enabled.
[    0.000000] rcu: 	RCU restricting CPUs from NR_CPUS=8 to nr_cpu_ids=4.
[    0.000000] rcu: RCU calculated value of scheduler-enlistment delay is 25 jiffies.
[    0.000000] rcu: Adjusting geometry for rcu_fanout_leaf=16, nr_cpu_ids=4
[    0.000000] NR_IRQS: 64, nr_irqs: 64, preallocated irqs: 0
[    0.000000] GIC: Adjusting CPU interface base to 0x00000000f902f000
[    0.000000] GIC: Using split EOI/Deactivate mode
[    0.000000] random: get_random_bytes called from start_kernel+0x31c/0x54c with crng_init=0
[    0.000000] arch_timer: cp15 timer(s) running at 100.00MHz (phys).
[    0.000000] clocksource: arch_sys_counter: mask: 0xffffffffffffff max_cycles: 0x171024e7e0, max_idle_ns: 440795205315 ns
[    0.000003] sched_clock: 56 bits at 100MHz, resolution 10ns, wraps every 4398046511100ns
[    0.008460] Console: colour dummy device 80x25
[    0.012482] Calibrating delay loop (skipped), value calculated using timer frequency.. 200.00 BogoMIPS (lpj=400000)
[    0.022841] pid_max: default: 32768 minimum: 301
[    0.027549] Mount-cache hash table entries: 8192 (order: 4, 65536 bytes, linear)
[    0.034788] Mountpoint-cache hash table entries: 8192 (order: 4, 65536 bytes, linear)
[    0.043396] rcu: Hierarchical SRCU implementation.
[    0.047560] EFI services will not be available.
[    0.051940] smp: Bringing up secondary CPUs ...
[    0.056657] Detected VIPT I-cache on CPU1
[    0.056697] CPU1: Booted secondary processor 0x0000000001 [0x410fd034]
[    0.057062] Detected VIPT I-cache on CPU2
[    0.057086] CPU2: Booted secondary processor 0x0000000002 [0x410fd034]
[    0.057425] Detected VIPT I-cache on CPU3
[    0.057448] CPU3: Booted secondary processor 0x0000000003 [0x410fd034]
[    0.057494] smp: Brought up 1 node, 4 CPUs
[    0.091779] SMP: Total of 4 processors activated.
[    0.096452] CPU features: detected: 32-bit EL0 Support
[    0.101555] CPU features: detected: CRC32 instructions
[    0.106694] CPU: All CPU(s) started at EL2
[    0.110736] alternatives: patching kernel code
[    0.116168] devtmpfs: initialized
[    0.124067] Registered cp15_barrier emulation handler
[    0.124118] Registered setend emulation handler
[    0.128099] clocksource: jiffies: mask: 0xffffffff max_cycles: 0xffffffff, max_idle_ns: 7645041785100000 ns
[    0.137679] futex hash table entries: 1024 (order: 4, 65536 bytes, linear)
[    0.151042] pinctrl core: initialized pinctrl subsystem
[    0.151691] NET: Registered protocol family 16
[    0.156110] DMA: preallocated 512 KiB GFP_KERNEL pool for atomic allocations
[    0.162124] DMA: preallocated 512 KiB GFP_KERNEL|GFP_DMA pool for atomic allocations
[    0.169850] DMA: preallocated 512 KiB GFP_KERNEL|GFP_DMA32 pool for atomic allocations
[    0.177653] audit: initializing netlink subsys (disabled)
[    0.183104] audit: type=2000 audit(0.116:1): state=initialized audit_enabled=0 res=1
[    0.183450] hw-breakpoint: found 6 breakpoint and 4 watchpoint registers.
[    0.197480] ASID allocator initialised with 65536 entries
[    0.224375] HugeTLB registered 1.00 GiB page size, pre-allocated 0 pages
[    0.225429] HugeTLB registered 32.0 MiB page size, pre-allocated 0 pages
[    0.232099] HugeTLB registered 2.00 MiB page size, pre-allocated 0 pages
[    0.238763] HugeTLB registered 64.0 KiB page size, pre-allocated 0 pages
[    1.304328] DRBG: Continuing without Jitter RNG
[    1.382158] raid6: neonx8   gen()  2147 MB/s
[    1.450205] raid6: neonx8   xor()  1596 MB/s
[    1.518261] raid6: neonx4   gen()  2202 MB/s
[    1.586312] raid6: neonx4   xor()  1568 MB/s
[    1.654373] raid6: neonx2   gen()  2076 MB/s
[    1.722428] raid6: neonx2   xor()  1440 MB/s
[    1.790499] raid6: neonx1   gen()  1772 MB/s
[    1.858539] raid6: neonx1   xor()  1220 MB/s
[    1.926598] raid6: int64x8  gen()  1438 MB/s
[    1.994652] raid6: int64x8  xor()   771 MB/s
[    2.062718] raid6: int64x4  gen()  1598 MB/s
[    2.130777] raid6: int64x4  xor()   819 MB/s
[    2.198848] raid6: int64x2  gen()  1397 MB/s
[    2.266900] raid6: int64x2  xor()   749 MB/s
[    2.334957] raid6: int64x1  gen()  1034 MB/s
[    2.403027] raid6: int64x1  xor()   517 MB/s
[    2.403065] raid6: using algorithm neonx4 gen() 2202 MB/s
[    2.407021] raid6: .... xor() 1568 MB/s, rmw enabled
[    2.411952] raid6: using neon recovery algorithm
[    2.416965] iommu: Default domain type: Translated 
[    2.421577] SCSI subsystem initialized
[    2.425121] libata version 3.00 loaded.
[    2.425244] usbcore: registered new interface driver usbfs
[    2.430577] usbcore: registered new interface driver hub
[    2.435851] usbcore: registered new device driver usb
[    2.440982] mc: Linux media interface: v0.10
[    2.445100] videodev: Linux video capture interface: v2.00
[    2.450592] EDAC MC: Ver: 3.0.0
[    2.454029] zynqmp-ipi-mbox mailbox@ff990400: Registered ZynqMP IPI mbox with TX/RX channels.
[    2.462533] jesd204: created con: id=0, topo=0, link=0, /axi/spi@ff050000/hmc7044@0 <-> /fpga-axi@0/axi-adxcvr-tx@84b60000
[    2.473120] jesd204: created con: id=1, topo=0, link=2, /axi/spi@ff050000/hmc7044@0 <-> /fpga-axi@0/axi-adxcvr-rx@84a60000
[    2.484105] jesd204: created con: id=2, topo=0, link=0, /fpga-axi@0/axi-adxcvr-tx@84b60000 <-> /fpga-axi@0/axi-jesd204-tx@84b90000
[    2.495780] jesd204: created con: id=3, topo=0, link=2, /fpga-axi@0/axi-adxcvr-rx@84a60000 <-> /fpga-axi@0/axi-jesd204-rx@84a90000
[    2.507458] jesd204: created con: id=4, topo=0, link=0, /fpga-axi@0/axi-jesd204-tx@84b90000 <-> /fpga-axi@0/axi-ad9081-tx-hpc@84b10000
[    2.519485] jesd204: created con: id=5, topo=0, link=2, /fpga-axi@0/axi-jesd204-rx@84a90000 <-> /fpga-axi@0/axi-ad9081-rx-hpc@84a10000
[    2.531508] jesd204: created con: id=6, topo=0, link=2, /fpga-axi@0/axi-ad9081-rx-hpc@84a10000 <-> /axi/spi@ff040000/ad9081@0
[    2.542749] jesd204: created con: id=7, topo=0, link=0, /fpga-axi@0/axi-ad9081-tx-hpc@84b10000 <-> /axi/spi@ff040000/ad9081@0
[    2.553998] jesd204: /axi/spi@ff040000/ad9081@0: JESD204[2] transition uninitialized -> initialized
[    2.562985] jesd204: /axi/spi@ff040000/ad9081@0: JESD204[0] transition uninitialized -> initialized
[    2.571977] jesd204: found 8 devices and 1 topologies
[    2.577021] FPGA manager framework
[    2.580499] Advanced Linux Sound Architecture Driver Initialized.
[    2.586791] Bluetooth: Core ver 2.22
[    2.589980] NET: Registered protocol family 31
[    2.594382] Bluetooth: HCI device and connection manager initialized
[    2.600698] Bluetooth: HCI socket layer initialized
[    2.605540] Bluetooth: L2CAP socket layer initialized
[    2.610564] Bluetooth: SCO socket layer initialized
[    2.615745] clocksource: Switched to clocksource arch_sys_counter
[    2.621556] VFS: Disk quotas dquot_6.6.0
[    2.625392] VFS: Dquot-cache hash table entries: 512 (order 0, 4096 bytes)
[    2.636106] NET: Registered protocol family 2
[    2.636837] tcp_listen_portaddr_hash hash table entries: 2048 (order: 3, 32768 bytes, linear)
[    2.645031] TCP established hash table entries: 32768 (order: 6, 262144 bytes, linear)
[    2.653056] TCP bind hash table entries: 32768 (order: 7, 524288 bytes, linear)
[    2.660501] TCP: Hash tables configured (established 32768 bind 32768)
[    2.666675] UDP hash table entries: 2048 (order: 4, 65536 bytes, linear)
[    2.673342] UDP-Lite hash table entries: 2048 (order: 4, 65536 bytes, linear)
[    2.680501] NET: Registered protocol family 1
[    2.684960] RPC: Registered named UNIX socket transport module.
[    2.690575] RPC: Registered udp transport module.
[    2.695243] RPC: Registered tcp transport module.
[    2.699911] RPC: Registered tcp NFSv4.1 backchannel transport module.
[    2.706906] PCI: CLS 0 bytes, default 64
[    2.710593] hw perfevents: no interrupt-affinity property for /pmu, guessing.
[    2.717462] hw perfevents: enabled with armv8_pmuv3 PMU driver, 7 counters available
[    2.725811] Initialise system trusted keyrings
[    2.729488] workingset: timestamp_bits=62 max_order=20 bucket_order=0
[    2.736393] NFS: Registering the id_resolver key type
[    2.740839] Key type id_resolver registered
[    2.744979] Key type id_legacy registered
[    2.748970] nfs4filelayout_init: NFSv4 File Layout Driver Registering...
[    2.755636] jffs2: version 2.2. (NAND) (SUMMARY)  Â© 2001-2006 Red Hat, Inc.
[    2.798114] NET: Registered protocol family 38
[    2.798157] xor: measuring software checksum speed
[    2.805848]    8regs           :  2363 MB/sec
[    2.809516]    32regs          :  2799 MB/sec
[    2.814459]    arm64_neon      :  2380 MB/sec
[    2.814649] xor: using function: 32regs (2799 MB/sec)
[    2.819675] Key type asymmetric registered
[    2.823739] Asymmetric key parser 'x509' registered
[    2.828599] Block layer SCSI generic (bsg) driver version 0.4 loaded (major 248)
[    2.835934] io scheduler mq-deadline registered
[    2.840430] io scheduler kyber registered
[    2.869809] Serial: 8250/16550 driver, 4 ports, IRQ sharing disabled
[    2.874450] cacheinfo: Unable to detect cache hierarchy for CPU 0
[    2.880785] brd: module loaded
[    2.884935] loop: module loaded
[    2.885479] Registered mathworks_ip class
[    2.888822] libphy: Fixed MDIO Bus: probed
[    2.891802] tun: Universal TUN/TAP device driver, 1.6
[    2.895861] CAN device driver interface
[    2.900398] usbcore: registered new interface driver asix
[    2.904990] usbcore: registered new interface driver ax88179_178a
[    2.911025] usbcore: registered new interface driver cdc_ether
[    2.916819] usbcore: registered new interface driver net1080
[    2.922445] usbcore: registered new interface driver cdc_subset
[    2.928326] usbcore: registered new interface driver zaurus
[    2.933869] usbcore: registered new interface driver cdc_ncm
[    2.940279] ehci_hcd: USB 2.0 'Enhanced' Host Controller (EHCI) Driver
[    2.945955] ehci-pci: EHCI PCI platform driver
[    2.950751] usbcore: registered new interface driver uas
[    2.955673] usbcore: registered new interface driver usb-storage
[    2.961659] usbcore: registered new interface driver usbserial_generic
[    2.968109] usbserial: USB Serial support registered for generic
[    2.974082] usbcore: registered new interface driver ftdi_sio
[    2.979785] usbserial: USB Serial support registered for FTDI USB Serial Device
[    2.987061] usbcore: registered new interface driver upd78f0730
[    2.992933] usbserial: USB Serial support registered for upd78f0730
[    3.000595] rtc_zynqmp ffa60000.rtc: registered as rtc0
[    3.004359] rtc_zynqmp ffa60000.rtc: setting system clock to 2022-03-26T03:05:49 UTC (1648263949)
[    3.013220] i2c /dev entries driver
[    3.018530] usbcore: registered new interface driver uvcvideo
[    3.022334] USB Video Class driver (1.1.1)
[    3.027917] Bluetooth: HCI UART driver ver 2.3
[    3.030805] Bluetooth: HCI UART protocol H4 registered
[    3.035914] Bluetooth: HCI UART protocol BCSP registered
[    3.041203] Bluetooth: HCI UART protocol LL registered
[    3.046292] Bluetooth: HCI UART protocol ATH3K registered
[    3.051667] Bluetooth: HCI UART protocol Three-wire (H5) registered
[    3.057921] Bluetooth: HCI UART protocol Intel registered
[    3.063258] Bluetooth: HCI UART protocol QCA registered
[    3.068460] usbcore: registered new interface driver bcm203x
[    3.074081] usbcore: registered new interface driver bpa10x
[    3.079615] usbcore: registered new interface driver bfusb
[    3.085067] usbcore: registered new interface driver btusb
[    3.090530] usbcore: registered new interface driver ath3k
[    3.096012] EDAC MC: ECC not enabled
[    3.099634] EDAC DEVICE0: Giving out device to module zynqmp-ocm-edac controller zynqmp_ocm: DEV ff960000.memory-controller (INTERRUPT)
[    3.111964] sdhci: Secure Digital Host Controller Interface driver
[    3.117741] sdhci: Copyright(c) Pierre Ossman
[    3.122066] sdhci-pltfm: SDHCI platform and OF driver helper
[    3.128124] ledtrig-cpu: registered to indicate activity on CPUs
[    3.133671] SMCCC: SOC_ID: ARCH_SOC_ID not implemented, skipping ....
[    3.140100] zynqmp_firmware_probe Platform Management API v1.1
[    3.145857] zynqmp_firmware_probe Trustzone version v1.0
[    3.185415] zynqmp-pinctrl firmware:zynqmp-firmware:pinctrl: zynqmp pinctrl initialized
[    3.233333] zynqmp-aes firmware:zynqmp-firmware:zynqmp-aes: will run requests pump with realtime priority
[    3.249087] alg: No test for xilinx-keccak-384 (zynqmp-keccak-384)
[    3.249800] alg: No test for xilinx-zynqmp-rsa (zynqmp-rsa)
[    3.255311] usbcore: registered new interface driver usbhid
[    3.260702] usbhid: USB HID core driver
[    3.271937] axi_sysid 85000000.axi-sysid-0: AXI System ID core version (1.01.a) found
[    3.274283] axi_sysid 85000000.axi-sysid-0: [ad9081_fmca_ebz] on [zcu102] git branch <master> git <084d44c9780640ca93fd847b1d9ec70dd65f5c67> clean [2022-03-18 04:17:50] UTC
[    3.289974] fpga_manager fpga0: Xilinx ZynqMP FPGA Manager registered
[    3.296332] usbcore: registered new interface driver snd-usb-audio
[    3.303778] pktgen: Packet Generator for packet performance testing. Version: 2.75
[    3.309963] Initializing XFRM netlink socket
[    3.313812] NET: Registered protocol family 10
[    3.318532] Segment Routing with IPv6
[    3.321913] sit: IPv6, IPv4 and MPLS over IPv4 tunneling driver
[    3.327992] NET: Registered protocol family 17
[    3.332086] NET: Registered protocol family 15
[    3.336583] can: controller area network core
[    3.340837] NET: Registered protocol family 29
[    3.345224] can: raw protocol
[    3.348162] can: broadcast manager protocol
[    3.352315] can: netlink gateway - max_hops=1
[    3.356709] Bluetooth: RFCOMM TTY layer initialized
[    3.361490] Bluetooth: RFCOMM socket layer initialized
[    3.366597] Bluetooth: RFCOMM ver 1.11
[    3.370311] Bluetooth: BNEP (Ethernet Emulation) ver 1.3
[    3.375579] Bluetooth: BNEP filters: protocol multicast
[    3.380772] Bluetooth: BNEP socket layer initialized
[    3.385702] Bluetooth: HIDP (Human Interface Emulation) ver 1.2
[    3.391584] Bluetooth: HIDP socket layer initialized
[    3.396639] 9pnet: Installing 9P2000 support
[    3.400763] NET: Registered protocol family 36
[    3.405176] Key type dns_resolver registered
[    3.409613] registered taskstats version 1
[    3.413475] Loading compiled-in X.509 certificates
[    3.418588] Btrfs loaded, crc32c=crc32c-generic
[    3.430976] ff000000.serial: ttyPS0 at MMIO 0xff000000 (irq = 49, base_baud = 6249999) is a xuartps
[    3.440001] printk: console [ttyPS0] enabled
[    3.444296] printk: bootconsole [cdns0] disabled
[    3.453923] ff010000.serial: ttyPS1 at MMIO 0xff010000 (irq = 50, base_baud = 6249999) is a xuartps
[    3.467167] of-fpga-region fpga-full: FPGA Region probed
[    3.474131] nwl-pcie fd0e0000.pcie: host bridge /axi/pcie@fd0e0000 ranges:
[    3.481025] nwl-pcie fd0e0000.pcie:      MEM 0x00e0000000..0x00efffffff -> 0x00e0000000
[    3.489026] nwl-pcie fd0e0000.pcie:      MEM 0x0600000000..0x07ffffffff -> 0x0600000000
[    3.497088] nwl-pcie fd0e0000.pcie: Link is DOWN
[    3.501845] nwl-pcie fd0e0000.pcie: PCI host bridge to bus 0000:00
[    3.508023] pci_bus 0000:00: root bus resource [bus 00-ff]
[    3.513505] pci_bus 0000:00: root bus resource [mem 0xe0000000-0xefffffff]
[    3.520375] pci_bus 0000:00: root bus resource [mem 0x600000000-0x7ffffffff pref]
[    3.527879] pci 0000:00:00.0: [10ee:d021] type 01 class 0x060400
[    3.533935] pci 0000:00:00.0: PME# supported from D0 D1 D2 D3hot
[    3.544378] pci 0000:00:00.0: PCI bridge to [bus 01-0c]
[    3.550354] xilinx-zynqmp-dma fd500000.dma: ZynqMP DMA driver Probe success
[    3.557534] xilinx-zynqmp-dma fd510000.dma: ZynqMP DMA driver Probe success
[    3.564714] xilinx-zynqmp-dma fd520000.dma: ZynqMP DMA driver Probe success
[    3.571891] xilinx-zynqmp-dma fd530000.dma: ZynqMP DMA driver Probe success
[    3.579060] xilinx-zynqmp-dma fd540000.dma: ZynqMP DMA driver Probe success
[    3.586229] xilinx-zynqmp-dma fd550000.dma: ZynqMP DMA driver Probe success
[    3.593401] xilinx-zynqmp-dma fd560000.dma: ZynqMP DMA driver Probe success
[    3.600573] xilinx-zynqmp-dma fd570000.dma: ZynqMP DMA driver Probe success
[    3.607982] xilinx-zynqmp-dpdma fd4c0000.dma-controller: Xilinx DPDMA engine is probed
[    3.616526] ahci-ceva fd0c0000.ahci: supply ahci not found, using dummy regulator
[    3.624070] ahci-ceva fd0c0000.ahci: supply phy not found, using dummy regulator
[    3.711927] hmc7044 spi2.0: PLL1: Acquisition, CLKIN0 @ 122880000 Hz, PFD: 80 kHz - PLL2: Locked @ 3008.000000 MHz
[    3.722643] jesd204: /axi/spi@ff050000/hmc7044@0,jesd204:1,parent=spi2.0: Using as SYSREF provider
[    3.732228] spi-nor spi0.0: SPI-NOR-UniqueID 100000235394732200270025081115266e
[    3.739537] spi-nor spi0.0: found n25q512a, expected m25p80
[    3.745747] spi-nor spi0.0: trying to lock already unlocked area
[    3.751749] spi-nor spi0.0: n25q512a (131072 Kbytes)
[    3.756731] 4 fixed-partitions partitions found on MTD device spi0.0
[    3.763079] Creating 4 MTD partitions on "spi0.0":
[    3.767865] 0x000000000000-0x000000100000 : "qspi-fsbl-uboot"
[    3.774361] 0x000000100000-0x000000600000 : "qspi-linux"
[    3.780320] 0x000000600000-0x000000620000 : "qspi-device-tree"
[    3.786794] 0x000000620000-0x000000c00000 : "qspi-rootfs"
[    3.795262] macb ff0e0000.ethernet: Not enabling partial store and forward
[    3.802790] libphy: MACB_mii_bus: probed
[    3.807870] macb ff0e0000.ethernet eth0: Cadence GEM rev 0x50070106 at 0xff0e0000 irq 30 (00:0a:35:04:8e:1b)
[    3.818082] xilinx-axipmon ffa00000.perf-monitor: Probed Xilinx APM
[    3.824657] xilinx-axipmon fd0b0000.perf-monitor: Probed Xilinx APM
[    3.831167] xilinx-axipmon fd490000.perf-monitor: Probed Xilinx APM
[    3.837703] xilinx-axipmon ffa10000.perf-monitor: Probed Xilinx APM
[    3.847692] pca953x 0-0020: supply vcc not found, using dummy regulator
[    3.854374] pca953x 0-0020: using no AI
[    3.858858] gpio-496 (sel0): hogged as output/low
[    3.863763] gpio-497 (sel1): hogged as output/high
[    3.868754] gpio-498 (sel2): hogged as output/high
[    3.873744] gpio-499 (sel3): hogged as output/high
[    3.878920] pca953x 0-0021: supply vcc not found, using dummy regulator
[    3.885590] pca953x 0-0021: using no AI
[    3.891362] ina2xx 2-0040: power monitor ina226 (Rshunt = 5000 uOhm)
[    3.898390] ina2xx 2-0041: power monitor ina226 (Rshunt = 5000 uOhm)
[    3.905429] ina2xx 2-0042: power monitor ina226 (Rshunt = 5000 uOhm)
[    3.912460] ina2xx 2-0043: power monitor ina226 (Rshunt = 5000 uOhm)
[    3.919483] ina2xx 2-0044: power monitor ina226 (Rshunt = 5000 uOhm)
[    3.926503] ina2xx 2-0045: power monitor ina226 (Rshunt = 5000 uOhm)
[    3.933536] ina2xx 2-0046: power monitor ina226 (Rshunt = 5000 uOhm)
[    3.940611] ina2xx 2-0047: power monitor ina226 (Rshunt = 5000 uOhm)
[    3.947638] ina2xx 2-004a: power monitor ina226 (Rshunt = 5000 uOhm)
[    3.954679] ina2xx 2-004b: power monitor ina226 (Rshunt = 5000 uOhm)
[    3.961087] i2c i2c-0: Added multiplexed i2c bus 2
[    3.966471] random: fast init done
[    3.969946] ina2xx 3-0040: power monitor ina226 (Rshunt = 2000 uOhm)
[    3.976974] ina2xx 3-0041: power monitor ina226 (Rshunt = 5000 uOhm)
[    3.984002] ina2xx 3-0042: power monitor ina226 (Rshunt = 5000 uOhm)
[    3.991028] ina2xx 3-0043: power monitor ina226 (Rshunt = 5000 uOhm)
[    3.998050] ina2xx 3-0044: power monitor ina226 (Rshunt = 5000 uOhm)
[    4.005084] ina2xx 3-0045: power monitor ina226 (Rshunt = 5000 uOhm)
[    4.012117] ina2xx 3-0046: power monitor ina226 (Rshunt = 5000 uOhm)
[    4.019150] ina2xx 3-0047: power monitor ina226 (Rshunt = 5000 uOhm)
[    4.025546] i2c i2c-0: Added multiplexed i2c bus 3
[    4.081417] i2c i2c-0: Added multiplexed i2c bus 4
[    4.086357] i2c i2c-0: Added multiplexed i2c bus 5
[    4.091146] pca954x 0-0075: registered 4 multiplexed busses for I2C mux pca9544
[    4.098496] cdns-i2c ff020000.i2c: 400 kHz mmio ff020000 irq 32
[    4.106231] at24 6-0054: supply vcc not found, using dummy regulator
[    4.113131] at24 6-0054: 1024 byte 24c08 EEPROM, writable, 1 bytes/write
[    4.119883] i2c i2c-1: Added multiplexed i2c bus 6
[    4.126313] si5341 7-0036: Chip: 5341 Grade: 1 Rev: 1
[    4.164015] i2c i2c-1: Added multiplexed i2c bus 7
[    4.171669] si570 8-005d: registered, current frequency 300000000 Hz
[    4.178073] i2c i2c-1: Added multiplexed i2c bus 8
[    4.197848] si570 9-005d: registered, current frequency 148500000 Hz
[    4.204253] i2c i2c-1: Added multiplexed i2c bus 9
[    4.209291] si5324 10-0069: si5328 probed
[    4.276105] si5324 10-0069: si5328 probe successful
[    4.281030] i2c i2c-1: Added multiplexed i2c bus 10
[    4.286057] i2c i2c-1: Added multiplexed i2c bus 11
[    4.291088] i2c i2c-1: Added multiplexed i2c bus 12
[    4.296115] i2c i2c-1: Added multiplexed i2c bus 13
[    4.300994] pca954x 1-0074: registered 8 multiplexed busses for I2C switch pca9548
[    4.309104] at24 14-0050: supply vcc not found, using dummy regulator
[    4.315890] at24 14-0050: 256 byte 24c02 EEPROM, writable, 1 bytes/write
[    4.322638] i2c i2c-1: Added multiplexed i2c bus 14
[    4.327677] i2c i2c-1: Added multiplexed i2c bus 15
[    4.332710] i2c i2c-1: Added multiplexed i2c bus 16
[    4.337747] i2c i2c-1: Added multiplexed i2c bus 17
[    4.342781] i2c i2c-1: Added multiplexed i2c bus 18
[    4.347825] i2c i2c-1: Added multiplexed i2c bus 19
[    4.352862] i2c i2c-1: Added multiplexed i2c bus 20
[    4.357892] i2c i2c-1: Added multiplexed i2c bus 21
[    4.362769] pca954x 1-0075: registered 8 multiplexed busses for I2C switch pca9548
[    4.370378] cdns-i2c ff030000.i2c: 400 kHz mmio ff030000 irq 33
[    4.380119] cdns-wdt fd4d0000.watchdog: Xilinx Watchdog Timer with timeout 60s
[    4.391067] axi_adxcvr 84a60000.axi-adxcvr-rx: AXI-ADXCVR-RX (17.05.a) using CPLL on GTH4 at 0x84A60000. Number of lanes: 4.
[    4.403244] axi_adxcvr 84b60000.axi-adxcvr-tx: AXI-ADXCVR-TX (17.05.a) using QPLL on GTH4 at 0x84B60000. Number of lanes: 4.
[    4.414870] axi-jesd204-rx 84a90000.axi-jesd204-rx: AXI-JESD204-RX (1.07.a) at 0x84A90000. Encoder 8b10b, width 4/4, lanes 4, jesd204-fsm.
[    4.422151] mmc0: SDHCI controller on ff170000.mmc [ff170000.mmc] using ADMA 64-bit
[    4.427709] axi-jesd204-tx 84b90000.axi-jesd204-tx: AXI-JESD204-TX (1.06.a) at 0x84B90000. Encoder 8b10b, width 4/4, lanes 4, jesd204-fsm.
[    4.448443] zynqmp-display fd4a0000.display: vtc bridge property not present
[    4.458099] xilinx-dp-snd-codec fd4a0000.display:zynqmp_dp_snd_codec0: Failed to get required clock freq
[    4.467606] xilinx-dp-snd-codec: probe of fd4a0000.display:zynqmp_dp_snd_codec0 failed with error -22
[    4.469524] mmc0: new high speed SDHC card at address 0001
[    4.477149] xilinx-dp-snd-pcm zynqmp_dp_snd_pcm0: Xilinx DisplayPort Sound PCM probed
[    4.482660] mmcblk0: mmc0:0001 EB1QT 29.8 GiB 
[    4.490463] xilinx-dp-snd-pcm zynqmp_dp_snd_pcm1: Xilinx DisplayPort Sound PCM probed
[    4.495814]  mmcblk0: p1 p2 p3
[    4.502766] OF: graph: no port node found in /axi/display@fd4a0000
[    4.511840] xlnx-drm xlnx-drm.0: bound fd4a0000.display (ops 0xffffffc010fcbdb8)
[    5.595766] zynqmp-display fd4a0000.display: [drm] Cannot find any crtc or sizes
[    5.603379] [drm] Initialized xlnx 1.0.0 20130509 for fd4a0000.display on minor 0
[    5.610868] zynqmp-display fd4a0000.display: ZynqMP DisplayPort Subsystem driver probed
[    5.619192] ahci-ceva fd0c0000.ahci: supply ahci not found, using dummy regulator
[    5.626740] ahci-ceva fd0c0000.ahci: supply phy not found, using dummy regulator
[    5.634198] ahci-ceva fd0c0000.ahci: supply target not found, using dummy regulator
[    5.642035] ahci-ceva fd0c0000.ahci: AHCI 0001.0301 32 slots 2 ports 6 Gbps 0x3 impl platform mode
[    5.650992] ahci-ceva fd0c0000.ahci: flags: 64bit ncq sntf pm clo only pmp fbs pio slum part ccc sds apst 
[    5.661689] scsi host0: ahci-ceva
[    5.665295] scsi host1: ahci-ceva
[    5.668720] ata1: SATA max UDMA/133 mmio [mem 0xfd0c0000-0xfd0c1fff] port 0x100 irq 45
[    5.676632] ata2: SATA max UDMA/133 mmio [mem 0xfd0c0000-0xfd0c1fff] port 0x180 irq 45
[    5.685226] ad9081 spi1.0: supply vdd not found, using dummy regulator
[    5.997998] ata1: SATA link down (SStatus 0 SControl 330)
[    6.003413] ata2: SATA link down (SStatus 0 SControl 330)
[    6.679768] zynqmp-display fd4a0000.display: [drm] Cannot find any crtc or sizes
[    7.544704] ad9081 spi1.0: AD9081 Rev. 2 Grade 10 (API 1.2.2) probed
[    7.551909] xhci-hcd xhci-hcd.1.auto: xHCI Host Controller
[    7.557400] xhci-hcd xhci-hcd.1.auto: new USB bus registered, assigned bus number 1
[    7.565147] xhci-hcd xhci-hcd.1.auto: hcc params 0x0238f625 hci version 0x100 quirks 0x0000000002010810
[    7.574560] xhci-hcd xhci-hcd.1.auto: irq 59, io mem 0xfe200000
[    7.580670] usb usb1: New USB device found, idVendor=1d6b, idProduct=0002, bcdDevice= 5.10
[    7.588935] usb usb1: New USB device strings: Mfr=3, Product=2, SerialNumber=1
[    7.596151] usb usb1: Product: xHCI Host Controller
[    7.601020] usb usb1: Manufacturer: Linux 5.10.0-98103-g2aa7ac113716 xhci-hcd
[    7.608146] usb usb1: SerialNumber: xhci-hcd.1.auto
[    7.613316] hub 1-0:1.0: USB hub found
[    7.617082] hub 1-0:1.0: 1 port detected
[    7.621186] xhci-hcd xhci-hcd.1.auto: xHCI Host Controller
[    7.626666] xhci-hcd xhci-hcd.1.auto: new USB bus registered, assigned bus number 2
[    7.634322] xhci-hcd xhci-hcd.1.auto: Host supports USB 3.0 SuperSpeed
[    7.640950] usb usb2: New USB device found, idVendor=1d6b, idProduct=0003, bcdDevice= 5.10
[    7.649206] usb usb2: New USB device strings: Mfr=3, Product=2, SerialNumber=1
[    7.656426] usb usb2: Product: xHCI Host Controller
[    7.661294] usb usb2: Manufacturer: Linux 5.10.0-98103-g2aa7ac113716 xhci-hcd
[    7.668424] usb usb2: SerialNumber: xhci-hcd.1.auto
[    7.673536] hub 2-0:1.0: USB hub found
[    7.677299] hub 2-0:1.0: 1 port detected
[    7.707350] cf_axi_adc 84a10000.axi-ad9081-rx-hpc: ADI AIM (10.01.b) at 0x84A10000 mapped to 0x(____ptrval____), probed ADC AD9081 as MASTER
[    7.740586] cf_axi_dds 84b10000.axi-ad9081-tx-hpc: Analog Devices CF_AXI_DDS_DDS MASTER (9.01.b) at 0x84B10000 mapped to 0x(____ptrval____), probed DDS AD9081
[    7.754787] jesd204: /axi/spi@ff040000/ad9081@0,jesd204:0,parent=spi1.0: JESD204[2] transition initialized -> probed
[    7.765307] jesd204: /axi/spi@ff040000/ad9081@0,jesd204:0,parent=spi1.0: JESD204[0] transition initialized -> probed
[    7.775830] jesd204: /axi/spi@ff040000/ad9081@0,jesd204:0,parent=spi1.0: JESD204[2] transition probed -> idle
[    7.785746] jesd204: /axi/spi@ff040000/ad9081@0,jesd204:0,parent=spi1.0: JESD204[0] transition probed -> idle
[    7.795661] jesd204: /axi/spi@ff040000/ad9081@0,jesd204:0,parent=spi1.0: JESD204[2] transition idle -> device_init
[    7.806003] jesd204: /axi/spi@ff040000/ad9081@0,jesd204:0,parent=spi1.0: JESD204[0] transition idle -> device_init
[    7.816356] jesd204: /axi/spi@ff040000/ad9081@0,jesd204:0,parent=spi1.0: JESD204[2] transition device_init -> link_init
[    7.827131] jesd204: /axi/spi@ff040000/ad9081@0,jesd204:0,parent=spi1.0: JESD204[0] transition device_init -> link_init
[    7.837922] jesd204: /axi/spi@ff040000/ad9081@0,jesd204:0,parent=spi1.0: JESD204[2] transition link_init -> link_supported
[    7.848961] jesd204: /axi/spi@ff040000/ad9081@0,jesd204:0,parent=spi1.0: JESD204[0] transition link_init -> link_supported
[    7.860378] hmc7044 spi2.0: hmc7044_jesd204_link_pre_setup: Link2 forcing continuous SYSREF mode
[    7.869318] axi-jesd204-rx 84a90000.axi-jesd204-rx: axi_jesd204_rx_jesd204_link_pre_setup: Link2 set lane rate 15040000 kHz failed (-22)
[    7.881575] jesd204: /fpga-axi@0/axi-jesd204-rx@84a90000,jesd204:4,parent=84a90000.axi-jesd204-rx: JESD204[2] In link_pre_setup got error from cb: -22
[    7.895044] jesd204: /axi/spi@ff040000/ad9081@0,jesd204:0,parent=spi1.0: Rolling back from 'link_supported', got error -22
[    7.906094] jesd204: /axi/spi@ff040000/ad9081@0,jesd204:0,parent=spi1.0: JESD204[0] transition link_supported -> link_pre_setup
[    7.917568] jesd204: /axi/spi@ff040000/ad9081@0,jesd204:0,parent=spi1.0: JESD204[2] transition link_supported -> link_pre_setup
[    7.929045] jesd204: /axi/spi@ff040000/ad9081@0,jesd204:0,parent=spi1.0: JESD204[0] transition link_pre_setup -> link_supported
[    7.940518] jesd204: /axi/spi@ff040000/ad9081@0,jesd204:0,parent=spi1.0: JESD204[2] transition link_pre_setup -> link_supported
[    7.951995] jesd204: /axi/spi@ff040000/ad9081@0,jesd204:0,parent=spi1.0: JESD204[0] transition link_supported -> link_init
[    7.963033] jesd204: /axi/spi@ff040000/ad9081@0,jesd204:0,parent=spi1.0: JESD204[2] transition link_supported -> link_init
[    7.974080] jesd204: /axi/spi@ff040000/ad9081@0,jesd204:0,parent=spi1.0: JESD204[0] transition link_init -> device_init
[    7.984860] jesd204: /axi/spi@ff040000/ad9081@0,jesd204:0,parent=spi1.0: JESD204[2] transition link_init -> device_init
[    7.995637] jesd204: /axi/spi@ff040000/ad9081@0,jesd204:0,parent=spi1.0: JESD204[0] transition device_init -> idle
[    8.005982] jesd204: /axi/spi@ff040000/ad9081@0,jesd204:0,parent=spi1.0: JESD204[2] transition device_init -> idle
[    8.016333] jesd204: /axi/spi@ff040000/ad9081@0,jesd204:0,parent=spi1.0: JESD204[2] transition idle -> idle
[    8.026067] jesd204: /axi/spi@ff040000/ad9081@0,jesd204:0,parent=spi1.0: JESD204[0] transition idle -> idle
[    8.035815] jesd204: /axi/spi@ff040000/ad9081@0,jesd204:0,parent=spi1.0: JESD204[2] transition idle -> device_init
[    8.046162] jesd204: /axi/spi@ff040000/ad9081@0,jesd204:0,parent=spi1.0: JESD204[0] transition idle -> device_init
[    8.056512] jesd204: /axi/spi@ff040000/ad9081@0,jesd204:0,parent=spi1.0: JESD204[2] transition device_init -> link_init
[    8.067288] jesd204: /axi/spi@ff040000/ad9081@0,jesd204:0,parent=spi1.0: JESD204[0] transition device_init -> link_init
[    8.078077] jesd204: /axi/spi@ff040000/ad9081@0,jesd204:0,parent=spi1.0: JESD204[2] transition link_init -> link_supported
[    8.089119] jesd204: /axi/spi@ff040000/ad9081@0,jesd204:0,parent=spi1.0: JESD204[0] transition link_init -> link_supported
[    8.100344] axi-jesd204-rx 84a90000.axi-jesd204-rx: axi_jesd204_rx_jesd204_link_pre_setup: Link2 set lane rate 15040000 kHz failed (-22)
[    8.112606] jesd204: /fpga-axi@0/axi-jesd204-rx@84a90000,jesd204:4,parent=84a90000.axi-jesd204-rx: JESD204[2] In link_pre_setup got error from cb: -22
[    8.126080] jesd204: /axi/spi@ff040000/ad9081@0,jesd204:0,parent=spi1.0: Rolling back from 'link_supported', got error -22
[    8.137123] jesd204: /axi/spi@ff040000/ad9081@0,jesd204:0,parent=spi1.0: JESD204[0] transition link_supported -> link_pre_setup
[    8.148594] jesd204: /axi/spi@ff040000/ad9081@0,jesd204:0,parent=spi1.0: JESD204[2] transition link_supported -> link_pre_setup
[    8.160072] jesd204: /axi/spi@ff040000/ad9081@0,jesd204:0,parent=spi1.0: JESD204[0] transition link_pre_setup -> link_supported
[    8.171544] jesd204: /axi/spi@ff040000/ad9081@0,jesd204:0,parent=spi1.0: JESD204[2] transition link_pre_setup -> link_supported
[    8.183022] jesd204: /axi/spi@ff040000/ad9081@0,jesd204:0,parent=spi1.0: JESD204[0] transition link_supported -> link_init
[    8.194060] jesd204: /axi/spi@ff040000/ad9081@0,jesd204:0,parent=spi1.0: JESD204[2] transition link_supported -> link_init
[    8.205108] jesd204: /axi/spi@ff040000/ad9081@0,jesd204:0,parent=spi1.0: JESD204[0] transition link_init -> device_init
[    8.215891] jesd204: /axi/spi@ff040000/ad9081@0,jesd204:0,parent=spi1.0: JESD204[2] transition link_init -> device_init
[    8.226673] jesd204: /axi/spi@ff040000/ad9081@0,jesd204:0,parent=spi1.0: JESD204[0] transition device_init -> idle
[    8.237021] jesd204: /axi/spi@ff040000/ad9081@0,jesd204:0,parent=spi1.0: JESD204[2] transition device_init -> idle
[    8.247368] jesd204: /axi/spi@ff040000/ad9081@0,jesd204:0,parent=spi1.0: JESD204[2] transition idle -> idle
[    8.257103] jesd204: /axi/spi@ff040000/ad9081@0,jesd204:0,parent=spi1.0: JESD204[0] transition idle -> idle
[    8.266845] jesd204: /axi/spi@ff040000/ad9081@0,jesd204:0,parent=spi1.0: JESD204[2] transition idle -> device_init
[    8.277188] jesd204: /axi/spi@ff040000/ad9081@0,jesd204:0,parent=spi1.0: JESD204[0] transition idle -> device_init
[    8.287538] jesd204: /axi/spi@ff040000/ad9081@0,jesd204:0,parent=spi1.0: JESD204[2] transition device_init -> link_init
[    8.298316] jesd204: /axi/spi@ff040000/ad9081@0,jesd204:0,parent=spi1.0: JESD204[0] transition device_init -> link_init
[    8.309105] jesd204: /axi/spi@ff040000/ad9081@0,jesd204:0,parent=spi1.0: JESD204[2] transition link_init -> link_supported
[    8.320146] jesd204: /axi/spi@ff040000/ad9081@0,jesd204:0,parent=spi1.0: JESD204[0] transition link_init -> link_supported
[    8.331329] axi-jesd204-rx 84a90000.axi-jesd204-rx: axi_jesd204_rx_jesd204_link_pre_setup: Link2 set lane rate 15040000 kHz failed (-22)
[    8.343586] jesd204: /fpga-axi@0/axi-jesd204-rx@84a90000,jesd204:4,parent=84a90000.axi-jesd204-rx: JESD204[2] In link_pre_setup got error from cb: -22
[    8.357053] jesd204: /axi/spi@ff040000/ad9081@0,jesd204:0,parent=spi1.0: Rolling back from 'link_supported', got error -22
[    8.368101] jesd204: /axi/spi@ff040000/ad9081@0,jesd204:0,parent=spi1.0: JESD204[0] transition link_supported -> link_pre_setup
[    8.379578] jesd204: /axi/spi@ff040000/ad9081@0,jesd204:0,parent=spi1.0: JESD204[2] transition link_supported -> link_pre_setup
[    8.391055] jesd204: /axi/spi@ff040000/ad9081@0,jesd204:0,parent=spi1.0: JESD204[0] transition link_pre_setup -> link_supported
[    8.402527] jesd204: /axi/spi@ff040000/ad9081@0,jesd204:0,parent=spi1.0: JESD204[2] transition link_pre_setup -> link_supported
[    8.414006] jesd204: /axi/spi@ff040000/ad9081@0,jesd204:0,parent=spi1.0: JESD204[0] transition link_supported -> link_init
[    8.425045] jesd204: /axi/spi@ff040000/ad9081@0,jesd204:0,parent=spi1.0: JESD204[2] transition link_supported -> link_init
[    8.436090] jesd204: /axi/spi@ff040000/ad9081@0,jesd204:0,parent=spi1.0: JESD204[0] transition link_init -> device_init
[    8.446865] jesd204: /axi/spi@ff040000/ad9081@0,jesd204:0,parent=spi1.0: JESD204[2] transition link_init -> device_init
[    8.457649] jesd204: /axi/spi@ff040000/ad9081@0,jesd204:0,parent=spi1.0: JESD204[0] transition device_init -> idle
[    8.467992] jesd204: /axi/spi@ff040000/ad9081@0,jesd204:0,parent=spi1.0: JESD204[2] transition device_init -> idle
[    8.478343] jesd204: /axi/spi@ff040000/ad9081@0,jesd204:0,parent=spi1.0: JESD204[2] transition idle -> idle
[    8.488078] jesd204: /axi/spi@ff040000/ad9081@0,jesd204:0,parent=spi1.0: JESD204[0] transition idle -> idle
[    8.497823] jesd204: /axi/spi@ff040000/ad9081@0,jesd204:0,parent=spi1.0: JESD204[2] transition idle -> device_init
[    8.508173] jesd204: /axi/spi@ff040000/ad9081@0,jesd204:0,parent=spi1.0: JESD204[0] transition idle -> device_init
[    8.518523] jesd204: /axi/spi@ff040000/ad9081@0,jesd204:0,parent=spi1.0: JESD204[2] transition device_init -> link_init
[    8.529299] jesd204: /axi/spi@ff040000/ad9081@0,jesd204:0,parent=spi1.0: JESD204[0] transition device_init -> link_init
[    8.540087] jesd204: /axi/spi@ff040000/ad9081@0,jesd204:0,parent=spi1.0: JESD204[2] transition link_init -> link_supported
[    8.551130] jesd204: /axi/spi@ff040000/ad9081@0,jesd204:0,parent=spi1.0: JESD204[0] transition link_init -> link_supported
[    8.562317] axi-jesd204-rx 84a90000.axi-jesd204-rx: axi_jesd204_rx_jesd204_link_pre_setup: Link2 set lane rate 15040000 kHz failed (-22)
[    8.574576] jesd204: /fpga-axi@0/axi-jesd204-rx@84a90000,jesd204:4,parent=84a90000.axi-jesd204-rx: JESD204[2] In link_pre_setup got error from cb: -22
[    8.588046] jesd204: /axi/spi@ff040000/ad9081@0,jesd204:0,parent=spi1.0: Rolling back from 'link_supported', got error -22
[    8.599090] jesd204: /axi/spi@ff040000/ad9081@0,jesd204:0,parent=spi1.0: JESD204[0] transition link_supported -> link_pre_setup
[    8.610561] jesd204: /axi/spi@ff040000/ad9081@0,jesd204:0,parent=spi1.0: JESD204[2] transition link_supported -> link_pre_setup
[    8.622043] jesd204: /axi/spi@ff040000/ad9081@0,jesd204:0,parent=spi1.0: JESD204[0] transition link_pre_setup -> link_supported
[    8.633521] jesd204: /axi/spi@ff040000/ad9081@0,jesd204:0,parent=spi1.0: JESD204[2] transition link_pre_setup -> link_supported
[    8.644997] jesd204: /axi/spi@ff040000/ad9081@0,jesd204:0,parent=spi1.0: JESD204[0] transition link_supported -> link_init
[    8.656035] jesd204: /axi/spi@ff040000/ad9081@0,jesd204:0,parent=spi1.0: JESD204[2] transition link_supported -> link_init
[    8.667082] jesd204: /axi/spi@ff040000/ad9081@0,jesd204:0,parent=spi1.0: JESD204[0] transition link_init -> device_init
[    8.677857] jesd204: /axi/spi@ff040000/ad9081@0,jesd204:0,parent=spi1.0: JESD204[2] transition link_init -> device_init
[    8.688640] jesd204: /axi/spi@ff040000/ad9081@0,jesd204:0,parent=spi1.0: JESD204[0] transition device_init -> idle
[    8.698984] jesd204: /axi/spi@ff040000/ad9081@0,jesd204:0,parent=spi1.0: JESD204[2] transition device_init -> idle
[    8.709330] jesd204: /axi/spi@ff040000/ad9081@0,jesd204:0,parent=spi1.0: FSM completed with error -22
[    8.727767] input: gpio-keys as /devices/platform/gpio-keys/input/input0
[    8.734781] of_cfs_init
[    8.737244] of_cfs_init: OK
[    8.740186] cfg80211: Loading compiled-in X.509 certificates for regulatory database
[    8.878414] cfg80211: Loaded X.509 cert 'sforshee: 00b28ddf47aef9cea7'
[    8.884947] clk: Not disabling unused clocks
[    8.889475] ALSA device list:
[    8.892438]   No soundcards found.
[    8.896137] platform regulatory.0: Direct firmware load for regulatory.db failed with error -2
[    8.904752] cfg80211: failed to load regulatory.db
[    8.914306] EXT4-fs (mmcblk0p2): mounted filesystem with ordered data mode. Opts: (null)
[    8.922420] VFS: Mounted root (ext4 filesystem) on device 179:2.
[    8.935862] devtmpfs: mounted
[    8.939691] Freeing unused kernel memory: 2560K
[    8.951801] Run /sbin/init as init process
[    8.955897]   with arguments:
[    8.955900]     /sbin/init
[    8.955902]   with environment:
[    8.955904]     HOME=/
[    8.955907]     TERM=linux
[    9.520594] systemd[1]: systemd 241 running in system mode. (+PAM +AUDIT +SELINUX +IMA +APPARMOR +SMACK +SYSVINIT +UTMP +LIBCRYPTSETUP +GCRYPT +GNUTLS +ACL +XZ +LZ4 +SECCOMP +BLKID +ELFUTILS +KMOD -IDN2 +IDN -PCRE2 default-hierarchy=hybrid)
[    9.542457] systemd[1]: Detected architecture arm64.
[    9.564461] systemd[1]: Set hostname to <analog>.
[    9.754475] systemd[1]: File /lib/systemd/system/systemd-journald.service:12 configures an IP firewall (IPAddressDeny=any), but the local system does not support BPF/cgroup based firewalling.
[    9.771540] systemd[1]: Proceeding WITHOUT firewalling in effect! (This warning is only shown for the first loaded unit using IP firewalling.)
[    9.934763] systemd[1]: /etc/systemd/system/tof-server.service:1: Assignment outside of section. Ignoring.
[    9.944450] systemd[1]: /etc/systemd/system/tof-server.service:2: Assignment outside of section. Ignoring.
[   10.126952] random: systemd: uninitialized urandom read (16 bytes read)
[   10.141694] random: systemd: uninitialized urandom read (16 bytes read)
[   10.148351] systemd[1]: Reached target Swap.
[   10.163901] random: systemd: uninitialized urandom read (16 bytes read)
[   10.170823] systemd[1]: Listening on fsck to fsckd communication Socket.
[   10.191983] systemd[1]: Started Forward Password Requests to Wall Directory Watch.
[   10.969137] EXT4-fs (mmcblk0p2): re-mounted. Opts: (null)
[   11.056922] systemd-journald[166]: Received request to flush runtime journal from PID 1
[   16.561969] random: crng init done
[   16.561980] random: 7 urandom warning(s) missed due to ratelimiting
[   16.969865] macb ff0e0000.ethernet eth0: PHY [ff0e0000.ethernet-ffffffff:0c] driver [TI DP83867] (irq=POLL)
[   16.969878] macb ff0e0000.ethernet eth0: configuring for phy/rgmii-id link mode
[   17.279825] Adding 70652k swap on /var/swap.  Priority:-2 extents:2 across:87672k SS
[   21.057396] macb ff0e0000.ethernet eth0: Link is Up - 1Gbps/Full - flow control off
[   21.057425] IPv6: ADDRCONF(NETDEV_CHANGE): eth0: link becomes ready
[   21.179069] broken atomic modeset userspace detected, disabling atomic
[   24.168741] broken atomic modeset userspace detected, disabling atomic
[   27.309874] broken atomic modeset userspace detected, disabling atomic