[    0.000000] Booting Linux on physical CPU 0x0000000000 [0x410fd034]
[    0.000000] Linux version 5.10.0-98103-g2aa7ac113716 (jenkins@romlxbuild1.adlk.analog.com) (aarch64-xilinx-linux-gcc.real (GCC) 10.2.0, GNU ld (GNU Binutils) 2.35.0.20200730) #5577 SMP Wed Mar 23 07:28:49 GMT 2022
[    0.000000] Machine model: ZynqMP ZCU102 Rev1.0
[    0.000000] earlycon: cdns0 at MMIO 0x00000000ff000000 (options '115200n8')
[    0.000000] printk: bootconsole [cdns0] enabled
[    0.000000] efi: UEFI not found.
[    0.000000] cma: Reserved 256 MiB at 0x0000000070000000
[    0.000000] Zone ranges:
[    0.000000]   DMA      [mem 0x0000000000000000-0x000000003fffffff]
[    0.000000]   DMA32    [mem 0x0000000040000000-0x00000000ffffffff]
[    0.000000]   Normal   [mem 0x0000000100000000-0x000000087fffffff]
[    0.000000] Movable zone start for each node
[    0.000000] Early memory node ranges
[    0.000000]   node   0: [mem 0x0000000000000000-0x000000007fffffff]
[    0.000000]   node   0: [mem 0x0000000800000000-0x000000087fffffff]
[    0.000000] Initmem setup node 0 [mem 0x0000000000000000-0x000000087fffffff]
[    0.000000] On node 0 totalpages: 1048576
[    0.000000]   DMA zone: 3584 pages used for memmap
[    0.000000]   DMA zone: 0 pages reserved
[    0.000000]   DMA zone: 262144 pages, LIFO batch:63
[    0.000000]   DMA32 zone: 3584 pages used for memmap
[    0.000000]   DMA32 zone: 262144 pages, LIFO batch:63
[    0.000000]   Normal zone: 7168 pages used for memmap
[    0.000000]   Normal zone: 524288 pages, LIFO batch:63
[    0.000000] psci: probing for conduit method from DT.
[    0.000000] psci: PSCIv1.1 detected in firmware.
[    0.000000] psci: Using standard PSCI v0.2 function IDs
[    0.000000] psci: MIGRATE_INFO_TYPE not supported.
[    0.000000] psci: SMC Calling Convention v1.2
[    0.000000] percpu: Embedded 22 pages/cpu s49496 r8192 d32424 u90112
[    0.000000] pcpu-alloc: s49496 r8192 d32424 u90112 alloc=22*4096
[    0.000000] pcpu-alloc: [0] 0 [0] 1 [0] 2 [0] 3 
[    0.000000] Detected VIPT I-cache on CPU0
[    0.000000] CPU features: detected: ARM erratum 845719
[    0.000000] Built 1 zonelists, mobility grouping on.  Total pages: 1034240
[    0.000000] Kernel command line: console=ttyPS0,115200 root=/dev/mmcblk0p2 rw earlycon rootfstype=ext4 rootwait clk_ignore_unused cpuidle.off=1 root=/dev/mmcblk0p2 rw rootwait
[    0.000000] Dentry cache hash table entries: 524288 (order: 10, 4194304 bytes, linear)
[    0.000000] Inode-cache hash table entries: 262144 (order: 9, 2097152 bytes, linear)
[    0.000000] mem auto-init: stack:off, heap alloc:off, heap free:off
[    0.000000] software IO TLB: mapped [mem 0x000000003bfff000-0x000000003ffff000] (64MB)
[    0.000000] Memory: 3761904K/4194304K available (15296K kernel code, 1636K rwdata, 11876K rodata, 2560K init, 507K bss, 170256K reserved, 262144K cma-reserved)
[    0.000000] rcu: Hierarchical RCU implementation.
[    0.000000] rcu: 	RCU event tracing is enabled.
[    0.000000] rcu: 	RCU restricting CPUs from NR_CPUS=8 to nr_cpu_ids=4.
[    0.000000] rcu: RCU calculated value of scheduler-enlistment delay is 25 jiffies.
[    0.000000] rcu: Adjusting geometry for rcu_fanout_leaf=16, nr_cpu_ids=4
[    0.000000] NR_IRQS: 64, nr_irqs: 64, preallocated irqs: 0
[    0.000000] GIC: Adjusting CPU interface base to 0x00000000f902f000
[    0.000000] GIC: Using split EOI/Deactivate mode
[    0.000000] random: get_random_bytes called from start_kernel+0x31c/0x54c with crng_init=0
[    0.000000] arch_timer: cp15 timer(s) running at 100.00MHz (phys).
[    0.000000] clocksource: arch_sys_counter: mask: 0xffffffffffffff max_cycles: 0x171024e7e0, max_idle_ns: 440795205315 ns
[    0.000003] sched_clock: 56 bits at 100MHz, resolution 10ns, wraps every 4398046511100ns
[    0.008460] Console: colour dummy device 80x25
[    0.012483] Calibrating delay loop (skipped), value calculated using timer frequency.. 200.00 BogoMIPS (lpj=400000)
[    0.022841] pid_max: default: 32768 minimum: 301
[    0.027550] Mount-cache hash table entries: 8192 (order: 4, 65536 bytes, linear)
[    0.034789] Mountpoint-cache hash table entries: 8192 (order: 4, 65536 bytes, linear)
[    0.043397] rcu: Hierarchical SRCU implementation.
[    0.047559] EFI services will not be available.
[    0.051939] smp: Bringing up secondary CPUs ...
[    0.056656] Detected VIPT I-cache on CPU1
[    0.056695] CPU1: Booted secondary processor 0x0000000001 [0x410fd034]
[    0.057061] Detected VIPT I-cache on CPU2
[    0.057086] CPU2: Booted secondary processor 0x0000000002 [0x410fd034]
[    0.057425] Detected VIPT I-cache on CPU3
[    0.057448] CPU3: Booted secondary processor 0x0000000003 [0x410fd034]
[    0.057494] smp: Brought up 1 node, 4 CPUs
[    0.091780] SMP: Total of 4 processors activated.
[    0.096452] CPU features: detected: 32-bit EL0 Support
[    0.101556] CPU features: detected: CRC32 instructions
[    0.106695] CPU: All CPU(s) started at EL2
[    0.110736] alternatives: patching kernel code
[    0.116171] devtmpfs: initialized
[    0.124057] Registered cp15_barrier emulation handler
[    0.124108] Registered setend emulation handler
[    0.128083] clocksource: jiffies: mask: 0xffffffff max_cycles: 0xffffffff, max_idle_ns: 7645041785100000 ns
[    0.137661] futex hash table entries: 1024 (order: 4, 65536 bytes, linear)
[    0.151021] pinctrl core: initialized pinctrl subsystem
[    0.151668] NET: Registered protocol family 16
[    0.156083] DMA: preallocated 512 KiB GFP_KERNEL pool for atomic allocations
[    0.162099] DMA: preallocated 512 KiB GFP_KERNEL|GFP_DMA pool for atomic allocations
[    0.169824] DMA: preallocated 512 KiB GFP_KERNEL|GFP_DMA32 pool for atomic allocations
[    0.177628] audit: initializing netlink subsys (disabled)
[    0.183080] audit: type=2000 audit(0.116:1): state=initialized audit_enabled=0 res=1
[    0.183425] hw-breakpoint: found 6 breakpoint and 4 watchpoint registers.
[    0.197454] ASID allocator initialised with 65536 entries
[    0.224333] HugeTLB registered 1.00 GiB page size, pre-allocated 0 pages
[    0.225386] HugeTLB registered 32.0 MiB page size, pre-allocated 0 pages
[    0.232056] HugeTLB registered 2.00 MiB page size, pre-allocated 0 pages
[    0.238720] HugeTLB registered 64.0 KiB page size, pre-allocated 0 pages
[    1.304302] DRBG: Continuing without Jitter RNG
[    1.382115] raid6: neonx8   gen()  2144 MB/s
[    1.450166] raid6: neonx8   xor()  1598 MB/s
[    1.518230] raid6: neonx4   gen()  2191 MB/s
[    1.586278] raid6: neonx4   xor()  1565 MB/s
[    1.654336] raid6: neonx2   gen()  2075 MB/s
[    1.722394] raid6: neonx2   xor()  1433 MB/s
[    1.790459] raid6: neonx1   gen()  1771 MB/s
[    1.858502] raid6: neonx1   xor()  1220 MB/s
[    1.926566] raid6: int64x8  gen()  1438 MB/s
[    1.994617] raid6: int64x8  xor()   771 MB/s
[    2.062690] raid6: int64x4  gen()  1598 MB/s
[    2.130739] raid6: int64x4  xor()   815 MB/s
[    2.198814] raid6: int64x2  gen()  1397 MB/s
[    2.266853] raid6: int64x2  xor()   750 MB/s
[    2.334921] raid6: int64x1  gen()  1033 MB/s
[    2.402990] raid6: int64x1  xor()   517 MB/s
[    2.403028] raid6: using algorithm neonx4 gen() 2191 MB/s
[    2.406987] raid6: .... xor() 1565 MB/s, rmw enabled
[    2.411917] raid6: using neon recovery algorithm
[    2.416928] iommu: Default domain type: Translated 
[    2.421542] SCSI subsystem initialized
[    2.425087] libata version 3.00 loaded.
[    2.425210] usbcore: registered new interface driver usbfs
[    2.430544] usbcore: registered new interface driver hub
[    2.435816] usbcore: registered new device driver usb
[    2.440948] mc: Linux media interface: v0.10
[    2.445066] videodev: Linux video capture interface: v2.00
[    2.450557] EDAC MC: Ver: 3.0.0
[    2.453998] zynqmp-ipi-mbox mailbox@ff990400: Registered ZynqMP IPI mbox with TX/RX channels.
[    2.462502] jesd204: created con: id=0, topo=0, link=0, /axi/spi@ff050000/hmc7044@0 <-> /fpga-axi@0/axi-adxcvr-tx@84b60000
[    2.473086] jesd204: created con: id=1, topo=0, link=2, /axi/spi@ff050000/hmc7044@0 <-> /fpga-axi@0/axi-adxcvr-rx@84a60000
[    2.484070] jesd204: created con: id=2, topo=0, link=0, /fpga-axi@0/axi-adxcvr-tx@84b60000 <-> /fpga-axi@0/axi-jesd204-tx@84b90000
[    2.495746] jesd204: created con: id=3, topo=0, link=2, /fpga-axi@0/axi-adxcvr-rx@84a60000 <-> /fpga-axi@0/axi-jesd204-rx@84a90000
[    2.507423] jesd204: created con: id=4, topo=0, link=0, /fpga-axi@0/axi-jesd204-tx@84b90000 <-> /fpga-axi@0/axi-ad9081-tx-hpc@84b10000
[    2.519450] jesd204: created con: id=5, topo=0, link=2, /fpga-axi@0/axi-jesd204-rx@84a90000 <-> /fpga-axi@0/axi-ad9081-rx-hpc@84a10000
[    2.531473] jesd204: created con: id=6, topo=0, link=2, /fpga-axi@0/axi-ad9081-rx-hpc@84a10000 <-> /axi/spi@ff040000/ad9081@0
[    2.542715] jesd204: created con: id=7, topo=0, link=0, /fpga-axi@0/axi-ad9081-tx-hpc@84b10000 <-> /axi/spi@ff040000/ad9081@0
[    2.553965] jesd204: /axi/spi@ff040000/ad9081@0: JESD204[2] transition uninitialized -> initialized
[    2.562951] jesd204: /axi/spi@ff040000/ad9081@0: JESD204[0] transition uninitialized -> initialized
[    2.571943] jesd204: found 8 devices and 1 topologies
[    2.576987] FPGA manager framework
[    2.580465] Advanced Linux Sound Architecture Driver Initialized.
[    2.586758] Bluetooth: Core ver 2.22
[    2.589946] NET: Registered protocol family 31
[    2.594347] Bluetooth: HCI device and connection manager initialized
[    2.600663] Bluetooth: HCI socket layer initialized
[    2.605506] Bluetooth: L2CAP socket layer initialized
[    2.610530] Bluetooth: SCO socket layer initialized
[    2.615714] clocksource: Switched to clocksource arch_sys_counter
[    2.621522] VFS: Disk quotas dquot_6.6.0
[    2.625356] VFS: Dquot-cache hash table entries: 512 (order 0, 4096 bytes)
[    2.636070] NET: Registered protocol family 2
[    2.636801] tcp_listen_portaddr_hash hash table entries: 2048 (order: 3, 32768 bytes, linear)
[    2.644997] TCP established hash table entries: 32768 (order: 6, 262144 bytes, linear)
[    2.653022] TCP bind hash table entries: 32768 (order: 7, 524288 bytes, linear)
[    2.660467] TCP: Hash tables configured (established 32768 bind 32768)
[    2.666641] UDP hash table entries: 2048 (order: 4, 65536 bytes, linear)
[    2.673307] UDP-Lite hash table entries: 2048 (order: 4, 65536 bytes, linear)
[    2.680468] NET: Registered protocol family 1
[    2.684921] RPC: Registered named UNIX socket transport module.
[    2.690545] RPC: Registered udp transport module.
[    2.695209] RPC: Registered tcp transport module.
[    2.699878] RPC: Registered tcp NFSv4.1 backchannel transport module.
[    2.706869] PCI: CLS 0 bytes, default 64
[    2.710577] hw perfevents: no interrupt-affinity property for /pmu, guessing.
[    2.717430] hw perfevents: enabled with armv8_pmuv3 PMU driver, 7 counters available
[    2.725783] Initialise system trusted keyrings
[    2.729458] workingset: timestamp_bits=62 max_order=20 bucket_order=0
[    2.736359] NFS: Registering the id_resolver key type
[    2.740807] Key type id_resolver registered
[    2.744946] Key type id_legacy registered
[    2.748936] nfs4filelayout_init: NFSv4 File Layout Driver Registering...
[    2.755602] jffs2: version 2.2. (NAND) (SUMMARY)  Â© 2001-2006 Red Hat, Inc.
[    2.798733] NET: Registered protocol family 38
[    2.798776] xor: measuring software checksum speed
[    2.806462]    8regs           :  2363 MB/sec
[    2.810130]    32regs          :  2799 MB/sec
[    2.815073]    arm64_neon      :  2380 MB/sec
[    2.815263] xor: using function: 32regs (2799 MB/sec)
[    2.820289] Key type asymmetric registered
[    2.824350] Asymmetric key parser 'x509' registered
[    2.829210] Block layer SCSI generic (bsg) driver version 0.4 loaded (major 248)
[    2.836548] io scheduler mq-deadline registered
[    2.841044] io scheduler kyber registered
[    2.870434] Serial: 8250/16550 driver, 4 ports, IRQ sharing disabled
[    2.875077] cacheinfo: Unable to detect cache hierarchy for CPU 0
[    2.881407] brd: module loaded
[    2.885551] loop: module loaded
[    2.886095] Registered mathworks_ip class
[    2.889438] libphy: Fixed MDIO Bus: probed
[    2.892425] tun: Universal TUN/TAP device driver, 1.6
[    2.896483] CAN device driver interface
[    2.901019] usbcore: registered new interface driver asix
[    2.905613] usbcore: registered new interface driver ax88179_178a
[    2.911648] usbcore: registered new interface driver cdc_ether
[    2.917442] usbcore: registered new interface driver net1080
[    2.923068] usbcore: registered new interface driver cdc_subset
[    2.928948] usbcore: registered new interface driver zaurus
[    2.934491] usbcore: registered new interface driver cdc_ncm
[    2.940894] ehci_hcd: USB 2.0 'Enhanced' Host Controller (EHCI) Driver
[    2.946578] ehci-pci: EHCI PCI platform driver
[    2.951374] usbcore: registered new interface driver uas
[    2.956293] usbcore: registered new interface driver usb-storage
[    2.962281] usbcore: registered new interface driver usbserial_generic
[    2.968732] usbserial: USB Serial support registered for generic
[    2.974706] usbcore: registered new interface driver ftdi_sio
[    2.980408] usbserial: USB Serial support registered for FTDI USB Serial Device
[    2.987685] usbcore: registered new interface driver upd78f0730
[    2.993556] usbserial: USB Serial support registered for upd78f0730
[    3.001210] rtc_zynqmp ffa60000.rtc: registered as rtc0
[    3.004981] rtc_zynqmp ffa60000.rtc: setting system clock to 2022-03-26T02:24:47 UTC (1648261487)
[    3.013844] i2c /dev entries driver
[    3.019148] usbcore: registered new interface driver uvcvideo
[    3.022956] USB Video Class driver (1.1.1)
[    3.028538] Bluetooth: HCI UART driver ver 2.3
[    3.031428] Bluetooth: HCI UART protocol H4 registered
[    3.036537] Bluetooth: HCI UART protocol BCSP registered
[    3.041826] Bluetooth: HCI UART protocol LL registered
[    3.046915] Bluetooth: HCI UART protocol ATH3K registered
[    3.052289] Bluetooth: HCI UART protocol Three-wire (H5) registered
[    3.058544] Bluetooth: HCI UART protocol Intel registered
[    3.063882] Bluetooth: HCI UART protocol QCA registered
[    3.069083] usbcore: registered new interface driver bcm203x
[    3.074704] usbcore: registered new interface driver bpa10x
[    3.080240] usbcore: registered new interface driver bfusb
[    3.085690] usbcore: registered new interface driver btusb
[    3.091153] usbcore: registered new interface driver ath3k
[    3.096636] EDAC MC: ECC not enabled
[    3.100262] EDAC DEVICE0: Giving out device to module zynqmp-ocm-edac controller zynqmp_ocm: DEV ff960000.memory-controller (INTERRUPT)
[    3.112574] sdhci: Secure Digital Host Controller Interface driver
[    3.118364] sdhci: Copyright(c) Pierre Ossman
[    3.122689] sdhci-pltfm: SDHCI platform and OF driver helper
[    3.128741] ledtrig-cpu: registered to indicate activity on CPUs
[    3.134293] SMCCC: SOC_ID: ARCH_SOC_ID not implemented, skipping ....
[    3.140720] zynqmp_firmware_probe Platform Management API v1.1
[    3.146480] zynqmp_firmware_probe Trustzone version v1.0
[    3.186016] zynqmp-pinctrl firmware:zynqmp-firmware:pinctrl: zynqmp pinctrl initialized
[    3.234007] zynqmp-aes firmware:zynqmp-firmware:zynqmp-aes: will run requests pump with realtime priority
[    3.249841] alg: No test for xilinx-keccak-384 (zynqmp-keccak-384)
[    3.250552] alg: No test for xilinx-zynqmp-rsa (zynqmp-rsa)
[    3.256066] usbcore: registered new interface driver usbhid
[    3.261455] usbhid: USB HID core driver
[    3.272695] axi_sysid 85000000.axi-sysid-0: AXI System ID core version (1.01.a) found
[    3.275044] axi_sysid 85000000.axi-sysid-0: [ad9081_fmca_ebz] on [zcu102] git branch <master> git <084d44c9780640ca93fd847b1d9ec70dd65f5c67> clean [2022-03-18 04:17:50] UTC
[    3.290730] fpga_manager fpga0: Xilinx ZynqMP FPGA Manager registered
[    3.297087] usbcore: registered new interface driver snd-usb-audio
[    3.304541] pktgen: Packet Generator for packet performance testing. Version: 2.75
[    3.310723] Initializing XFRM netlink socket
[    3.314575] NET: Registered protocol family 10
[    3.319291] Segment Routing with IPv6
[    3.322676] sit: IPv6, IPv4 and MPLS over IPv4 tunneling driver
[    3.328743] NET: Registered protocol family 17
[    3.332849] NET: Registered protocol family 15
[    3.337343] can: controller area network core
[    3.341598] NET: Registered protocol family 29
[    3.345986] can: raw protocol
[    3.348922] can: broadcast manager protocol
[    3.353077] can: netlink gateway - max_hops=1
[    3.357472] Bluetooth: RFCOMM TTY layer initialized
[    3.362251] Bluetooth: RFCOMM socket layer initialized
[    3.367361] Bluetooth: RFCOMM ver 1.11
[    3.371070] Bluetooth: BNEP (Ethernet Emulation) ver 1.3
[    3.376341] Bluetooth: BNEP filters: protocol multicast
[    3.381535] Bluetooth: BNEP socket layer initialized
[    3.386462] Bluetooth: HIDP (Human Interface Emulation) ver 1.2
[    3.392345] Bluetooth: HIDP socket layer initialized
[    3.397400] 9pnet: Installing 9P2000 support
[    3.401523] NET: Registered protocol family 36
[    3.405940] Key type dns_resolver registered
[    3.410369] registered taskstats version 1
[    3.414236] Loading compiled-in X.509 certificates
[    3.419352] Btrfs loaded, crc32c=crc32c-generic
[    3.431759] ff000000.serial: ttyPS0 at MMIO 0xff000000 (irq = 49, base_baud = 6249999) is a xuartps
[    3.440779] printk: console [ttyPS0] enabled
[    3.445074] printk: bootconsole [cdns0] disabled
[    3.454703] ff010000.serial: ttyPS1 at MMIO 0xff010000 (irq = 50, base_baud = 6249999) is a xuartps
[    3.467956] of-fpga-region fpga-full: FPGA Region probed
[    3.474905] nwl-pcie fd0e0000.pcie: host bridge /axi/pcie@fd0e0000 ranges:
[    3.481804] nwl-pcie fd0e0000.pcie:      MEM 0x00e0000000..0x00efffffff -> 0x00e0000000
[    3.489812] nwl-pcie fd0e0000.pcie:      MEM 0x0600000000..0x07ffffffff -> 0x0600000000
[    3.497876] nwl-pcie fd0e0000.pcie: Link is DOWN
[    3.502633] nwl-pcie fd0e0000.pcie: PCI host bridge to bus 0000:00
[    3.508811] pci_bus 0000:00: root bus resource [bus 00-ff]
[    3.514293] pci_bus 0000:00: root bus resource [mem 0xe0000000-0xefffffff]
[    3.521163] pci_bus 0000:00: root bus resource [mem 0x600000000-0x7ffffffff pref]
[    3.528666] pci 0000:00:00.0: [10ee:d021] type 01 class 0x060400
[    3.534721] pci 0000:00:00.0: PME# supported from D0 D1 D2 D3hot
[    3.545170] pci 0000:00:00.0: PCI bridge to [bus 01-0c]
[    3.551149] xilinx-zynqmp-dma fd500000.dma: ZynqMP DMA driver Probe success
[    3.558320] xilinx-zynqmp-dma fd510000.dma: ZynqMP DMA driver Probe success
[    3.565498] xilinx-zynqmp-dma fd520000.dma: ZynqMP DMA driver Probe success
[    3.572674] xilinx-zynqmp-dma fd530000.dma: ZynqMP DMA driver Probe success
[    3.579844] xilinx-zynqmp-dma fd540000.dma: ZynqMP DMA driver Probe success
[    3.587008] xilinx-zynqmp-dma fd550000.dma: ZynqMP DMA driver Probe success
[    3.594181] xilinx-zynqmp-dma fd560000.dma: ZynqMP DMA driver Probe success
[    3.601350] xilinx-zynqmp-dma fd570000.dma: ZynqMP DMA driver Probe success
[    3.608746] xilinx-zynqmp-dpdma fd4c0000.dma-controller: Xilinx DPDMA engine is probed
[    3.617299] ahci-ceva fd0c0000.ahci: supply ahci not found, using dummy regulator
[    3.624834] ahci-ceva fd0c0000.ahci: supply phy not found, using dummy regulator
[    3.715883] hmc7044 spi2.0: PLL1: Acquisition, CLKIN0 @ 122880000 Hz, PFD: 80 kHz - PLL2: Locked @ 2616.000000 MHz
[    3.726596] jesd204: /axi/spi@ff050000/hmc7044@0,jesd204:1,parent=spi2.0: Using as SYSREF provider
[    3.736179] spi-nor spi0.0: SPI-NOR-UniqueID 100000235394732200270025081115266e
[    3.743484] spi-nor spi0.0: found n25q512a, expected m25p80
[    3.749680] spi-nor spi0.0: trying to lock already unlocked area
[    3.755685] spi-nor spi0.0: n25q512a (131072 Kbytes)
[    3.760663] 4 fixed-partitions partitions found on MTD device spi0.0
[    3.767009] Creating 4 MTD partitions on "spi0.0":
[    3.771794] 0x000000000000-0x000000100000 : "qspi-fsbl-uboot"
[    3.778282] 0x000000100000-0x000000600000 : "qspi-linux"
[    3.784243] 0x000000600000-0x000000620000 : "qspi-device-tree"
[    3.790722] 0x000000620000-0x000000c00000 : "qspi-rootfs"
[    3.799181] macb ff0e0000.ethernet: Not enabling partial store and forward
[    3.806714] libphy: MACB_mii_bus: probed
[    3.811784] macb ff0e0000.ethernet eth0: Cadence GEM rev 0x50070106 at 0xff0e0000 irq 30 (00:0a:35:04:8e:1b)
[    3.822000] xilinx-axipmon ffa00000.perf-monitor: Probed Xilinx APM
[    3.828580] xilinx-axipmon fd0b0000.perf-monitor: Probed Xilinx APM
[    3.835100] xilinx-axipmon fd490000.perf-monitor: Probed Xilinx APM
[    3.841643] xilinx-axipmon ffa10000.perf-monitor: Probed Xilinx APM
[    3.851632] pca953x 0-0020: supply vcc not found, using dummy regulator
[    3.858320] pca953x 0-0020: using no AI
[    3.862810] gpio-496 (sel0): hogged as output/low
[    3.867711] gpio-497 (sel1): hogged as output/high
[    3.872701] gpio-498 (sel2): hogged as output/high
[    3.877691] gpio-499 (sel3): hogged as output/high
[    3.882866] pca953x 0-0021: supply vcc not found, using dummy regulator
[    3.889539] pca953x 0-0021: using no AI
[    3.895306] ina2xx 2-0040: power monitor ina226 (Rshunt = 5000 uOhm)
[    3.902335] ina2xx 2-0041: power monitor ina226 (Rshunt = 5000 uOhm)
[    3.909376] ina2xx 2-0042: power monitor ina226 (Rshunt = 5000 uOhm)
[    3.916406] ina2xx 2-0043: power monitor ina226 (Rshunt = 5000 uOhm)
[    3.923431] ina2xx 2-0044: power monitor ina226 (Rshunt = 5000 uOhm)
[    3.930456] ina2xx 2-0045: power monitor ina226 (Rshunt = 5000 uOhm)
[    3.937484] ina2xx 2-0046: power monitor ina226 (Rshunt = 5000 uOhm)
[    3.944561] ina2xx 2-0047: power monitor ina226 (Rshunt = 5000 uOhm)
[    3.951584] ina2xx 2-004a: power monitor ina226 (Rshunt = 5000 uOhm)
[    3.958625] ina2xx 2-004b: power monitor ina226 (Rshunt = 5000 uOhm)
[    3.965038] i2c i2c-0: Added multiplexed i2c bus 2
[    3.970429] random: fast init done
[    3.973902] ina2xx 3-0040: power monitor ina226 (Rshunt = 2000 uOhm)
[    3.980929] ina2xx 3-0041: power monitor ina226 (Rshunt = 5000 uOhm)
[    3.987955] ina2xx 3-0042: power monitor ina226 (Rshunt = 5000 uOhm)
[    3.994987] ina2xx 3-0043: power monitor ina226 (Rshunt = 5000 uOhm)
[    4.002012] ina2xx 3-0044: power monitor ina226 (Rshunt = 5000 uOhm)
[    4.009038] ina2xx 3-0045: power monitor ina226 (Rshunt = 5000 uOhm)
[    4.016074] ina2xx 3-0046: power monitor ina226 (Rshunt = 5000 uOhm)
[    4.023103] ina2xx 3-0047: power monitor ina226 (Rshunt = 5000 uOhm)
[    4.029503] i2c i2c-0: Added multiplexed i2c bus 3
[    4.085648] i2c i2c-0: Added multiplexed i2c bus 4
[    4.090591] i2c i2c-0: Added multiplexed i2c bus 5
[    4.095379] pca954x 0-0075: registered 4 multiplexed busses for I2C mux pca9544
[    4.102730] cdns-i2c ff020000.i2c: 400 kHz mmio ff020000 irq 32
[    4.110454] at24 6-0054: supply vcc not found, using dummy regulator
[    4.117359] at24 6-0054: 1024 byte 24c08 EEPROM, writable, 1 bytes/write
[    4.124110] i2c i2c-1: Added multiplexed i2c bus 6
[    4.130541] si5341 7-0036: Chip: 5341 Grade: 1 Rev: 1
[    4.168246] i2c i2c-1: Added multiplexed i2c bus 7
[    4.175905] si570 8-005d: registered, current frequency 300000000 Hz
[    4.182307] i2c i2c-1: Added multiplexed i2c bus 8
[    4.202083] si570 9-005d: registered, current frequency 148500000 Hz
[    4.208486] i2c i2c-1: Added multiplexed i2c bus 9
[    4.213525] si5324 10-0069: si5328 probed
[    4.280078] si5324 10-0069: si5328 probe successful
[    4.285003] i2c i2c-1: Added multiplexed i2c bus 10
[    4.290029] i2c i2c-1: Added multiplexed i2c bus 11
[    4.295058] i2c i2c-1: Added multiplexed i2c bus 12
[    4.300077] i2c i2c-1: Added multiplexed i2c bus 13
[    4.304949] pca954x 1-0074: registered 8 multiplexed busses for I2C switch pca9548
[    4.313061] at24 14-0050: supply vcc not found, using dummy regulator
[    4.319854] at24 14-0050: 256 byte 24c02 EEPROM, writable, 1 bytes/write
[    4.326601] i2c i2c-1: Added multiplexed i2c bus 14
[    4.331643] i2c i2c-1: Added multiplexed i2c bus 15
[    4.336675] i2c i2c-1: Added multiplexed i2c bus 16
[    4.341712] i2c i2c-1: Added multiplexed i2c bus 17
[    4.346743] i2c i2c-1: Added multiplexed i2c bus 18
[    4.351789] i2c i2c-1: Added multiplexed i2c bus 19
[    4.356826] i2c i2c-1: Added multiplexed i2c bus 20
[    4.361860] i2c i2c-1: Added multiplexed i2c bus 21
[    4.366733] pca954x 1-0075: registered 8 multiplexed busses for I2C switch pca9548
[    4.374342] cdns-i2c ff030000.i2c: 400 kHz mmio ff030000 irq 33
[    4.384096] cdns-wdt fd4d0000.watchdog: Xilinx Watchdog Timer with timeout 60s
[    4.395031] axi_adxcvr 84a60000.axi-adxcvr-rx: AXI-ADXCVR-RX (17.05.a) using CPLL on GTH4 at 0x84A60000. Number of lanes: 4.
[    4.407203] axi_adxcvr 84b60000.axi-adxcvr-tx: AXI-ADXCVR-TX (17.05.a) using QPLL on GTH4 at 0x84B60000. Number of lanes: 4.
[    4.418825] axi-jesd204-rx 84a90000.axi-jesd204-rx: AXI-JESD204-RX (1.07.a) at 0x84A90000. Encoder 8b10b, width 4/4, lanes 4, jesd204-fsm.
[    4.426119] mmc0: SDHCI controller on ff170000.mmc [ff170000.mmc] using ADMA 64-bit
[    4.431668] axi-jesd204-tx 84b90000.axi-jesd204-tx: AXI-JESD204-TX (1.06.a) at 0x84B90000. Encoder 8b10b, width 4/4, lanes 4, jesd204-fsm.
[    4.452384] zynqmp-display fd4a0000.display: vtc bridge property not present
[    4.462044] xilinx-dp-snd-codec fd4a0000.display:zynqmp_dp_snd_codec0: Failed to get required clock freq
[    4.471546] xilinx-dp-snd-codec: probe of fd4a0000.display:zynqmp_dp_snd_codec0 failed with error -22
[    4.473497] mmc0: new high speed SDHC card at address 0001
[    4.481085] xilinx-dp-snd-pcm zynqmp_dp_snd_pcm0: Xilinx DisplayPort Sound PCM probed
[    4.486596] mmcblk0: mmc0:0001 EB1QT 29.8 GiB 
[    4.494401] xilinx-dp-snd-pcm zynqmp_dp_snd_pcm1: Xilinx DisplayPort Sound PCM probed
[    4.499751]  mmcblk0: p1 p2 p3
[    4.506702] OF: graph: no port node found in /axi/display@fd4a0000
[    4.515773] xlnx-drm xlnx-drm.0: bound fd4a0000.display (ops 0xffffffc010fcbdb8)
[    5.599731] zynqmp-display fd4a0000.display: [drm] Cannot find any crtc or sizes
[    5.607343] [drm] Initialized xlnx 1.0.0 20130509 for fd4a0000.display on minor 0
[    5.614833] zynqmp-display fd4a0000.display: ZynqMP DisplayPort Subsystem driver probed
[    5.623156] ahci-ceva fd0c0000.ahci: supply ahci not found, using dummy regulator
[    5.630703] ahci-ceva fd0c0000.ahci: supply phy not found, using dummy regulator
[    5.638154] ahci-ceva fd0c0000.ahci: supply target not found, using dummy regulator
[    5.656050] ahci-ceva fd0c0000.ahci: AHCI 0001.0301 32 slots 2 ports 6 Gbps 0x3 impl platform mode
[    5.665012] ahci-ceva fd0c0000.ahci: flags: 64bit ncq sntf pm clo only pmp fbs pio slum part ccc sds apst 
[    5.675634] scsi host0: ahci-ceva
[    5.679235] scsi host1: ahci-ceva
[    5.682664] ata1: SATA max UDMA/133 mmio [mem 0xfd0c0000-0xfd0c1fff] port 0x100 irq 45
[    5.690578] ata2: SATA max UDMA/133 mmio [mem 0xfd0c0000-0xfd0c1fff] port 0x180 irq 45
[    5.699186] ad9081 spi1.0: supply vdd not found, using dummy regulator
[    6.009929] ata2: SATA link down (SStatus 0 SControl 330)
[    6.015342] ata1: SATA link down (SStatus 0 SControl 330)
[    6.683732] zynqmp-display fd4a0000.display: [drm] Cannot find any crtc or sizes
[    7.519950] ad9081 spi1.0: AD9081 Rev. 2 Grade 10 (API 1.2.2) probed
[    7.527155] xhci-hcd xhci-hcd.1.auto: xHCI Host Controller
[    7.532656] xhci-hcd xhci-hcd.1.auto: new USB bus registered, assigned bus number 1
[    7.540401] xhci-hcd xhci-hcd.1.auto: hcc params 0x0238f625 hci version 0x100 quirks 0x0000000002010810
[    7.549820] xhci-hcd xhci-hcd.1.auto: irq 59, io mem 0xfe200000
[    7.555931] usb usb1: New USB device found, idVendor=1d6b, idProduct=0002, bcdDevice= 5.10
[    7.564194] usb usb1: New USB device strings: Mfr=3, Product=2, SerialNumber=1
[    7.571411] usb usb1: Product: xHCI Host Controller
[    7.576279] usb usb1: Manufacturer: Linux 5.10.0-98103-g2aa7ac113716 xhci-hcd
[    7.583405] usb usb1: SerialNumber: xhci-hcd.1.auto
[    7.588571] hub 1-0:1.0: USB hub found
[    7.592334] hub 1-0:1.0: 1 port detected
[    7.596438] xhci-hcd xhci-hcd.1.auto: xHCI Host Controller
[    7.601926] xhci-hcd xhci-hcd.1.auto: new USB bus registered, assigned bus number 2
[    7.609582] xhci-hcd xhci-hcd.1.auto: Host supports USB 3.0 SuperSpeed
[    7.616203] usb usb2: New USB device found, idVendor=1d6b, idProduct=0003, bcdDevice= 5.10
[    7.624466] usb usb2: New USB device strings: Mfr=3, Product=2, SerialNumber=1
[    7.631684] usb usb2: Product: xHCI Host Controller
[    7.636554] usb usb2: Manufacturer: Linux 5.10.0-98103-g2aa7ac113716 xhci-hcd
[    7.643680] usb usb2: SerialNumber: xhci-hcd.1.auto
[    7.648789] hub 2-0:1.0: USB hub found
[    7.652550] hub 2-0:1.0: 1 port detected
[    7.682666] cf_axi_adc 84a10000.axi-ad9081-rx-hpc: ADI AIM (10.01.b) at 0x84A10000 mapped to 0x(____ptrval____), probed ADC AD9081 as MASTER
[    7.712556] cf_axi_dds 84b10000.axi-ad9081-tx-hpc: Analog Devices CF_AXI_DDS_DDS MASTER (9.01.b) at 0x84B10000 mapped to 0x(____ptrval____), probed DDS AD9081
[    7.726754] jesd204: /axi/spi@ff040000/ad9081@0,jesd204:0,parent=spi1.0: JESD204[2] transition initialized -> probed
[    7.737275] jesd204: /axi/spi@ff040000/ad9081@0,jesd204:0,parent=spi1.0: JESD204[0] transition initialized -> probed
[    7.747799] jesd204: /axi/spi@ff040000/ad9081@0,jesd204:0,parent=spi1.0: JESD204[2] transition probed -> idle
[    7.757705] jesd204: /axi/spi@ff040000/ad9081@0,jesd204:0,parent=spi1.0: JESD204[0] transition probed -> idle
[    7.767623] jesd204: /axi/spi@ff040000/ad9081@0,jesd204:0,parent=spi1.0: JESD204[2] transition idle -> device_init
[    7.777964] jesd204: /axi/spi@ff040000/ad9081@0,jesd204:0,parent=spi1.0: JESD204[0] transition idle -> device_init
[    7.788318] jesd204: /axi/spi@ff040000/ad9081@0,jesd204:0,parent=spi1.0: JESD204[2] transition device_init -> link_init
[    7.799102] jesd204: /axi/spi@ff040000/ad9081@0,jesd204:0,parent=spi1.0: JESD204[0] transition device_init -> link_init
[    7.809893] jesd204: /axi/spi@ff040000/ad9081@0,jesd204:0,parent=spi1.0: JESD204[2] transition link_init -> link_supported
[    7.820932] jesd204: /axi/spi@ff040000/ad9081@0,jesd204:0,parent=spi1.0: JESD204[0] transition link_init -> link_supported
[    7.832337] hmc7044 spi2.0: hmc7044_jesd204_link_pre_setup: Link2 forcing continuous SYSREF mode
[    7.841279] axi-jesd204-rx 84a90000.axi-jesd204-rx: axi_jesd204_rx_jesd204_link_pre_setup: Link2 set lane rate 13080000 kHz failed (-22)
[    7.853536] jesd204: /fpga-axi@0/axi-jesd204-rx@84a90000,jesd204:4,parent=84a90000.axi-jesd204-rx: JESD204[2] In link_pre_setup got error from cb: -22
[    7.867006] jesd204: /axi/spi@ff040000/ad9081@0,jesd204:0,parent=spi1.0: Rolling back from 'link_supported', got error -22
[    7.878049] jesd204: /axi/spi@ff040000/ad9081@0,jesd204:0,parent=spi1.0: JESD204[0] transition link_supported -> link_pre_setup
[    7.889519] jesd204: /axi/spi@ff040000/ad9081@0,jesd204:0,parent=spi1.0: JESD204[2] transition link_supported -> link_pre_setup
[    7.900999] jesd204: /axi/spi@ff040000/ad9081@0,jesd204:0,parent=spi1.0: JESD204[0] transition link_pre_setup -> link_supported
[    7.912475] jesd204: /axi/spi@ff040000/ad9081@0,jesd204:0,parent=spi1.0: JESD204[2] transition link_pre_setup -> link_supported
[    7.923948] jesd204: /axi/spi@ff040000/ad9081@0,jesd204:0,parent=spi1.0: JESD204[0] transition link_supported -> link_init
[    7.934985] jesd204: /axi/spi@ff040000/ad9081@0,jesd204:0,parent=spi1.0: JESD204[2] transition link_supported -> link_init
[    7.946033] jesd204: /axi/spi@ff040000/ad9081@0,jesd204:0,parent=spi1.0: JESD204[0] transition link_init -> device_init
[    7.956821] jesd204: /axi/spi@ff040000/ad9081@0,jesd204:0,parent=spi1.0: JESD204[2] transition link_init -> device_init
[    7.967599] jesd204: /axi/spi@ff040000/ad9081@0,jesd204:0,parent=spi1.0: JESD204[0] transition device_init -> idle
[    7.977944] jesd204: /axi/spi@ff040000/ad9081@0,jesd204:0,parent=spi1.0: JESD204[2] transition device_init -> idle
[    7.988294] jesd204: /axi/spi@ff040000/ad9081@0,jesd204:0,parent=spi1.0: JESD204[2] transition idle -> idle
[    7.998027] jesd204: /axi/spi@ff040000/ad9081@0,jesd204:0,parent=spi1.0: JESD204[0] transition idle -> idle
[    8.007771] jesd204: /axi/spi@ff040000/ad9081@0,jesd204:0,parent=spi1.0: JESD204[2] transition idle -> device_init
[    8.018114] jesd204: /axi/spi@ff040000/ad9081@0,jesd204:0,parent=spi1.0: JESD204[0] transition idle -> device_init
[    8.028464] jesd204: /axi/spi@ff040000/ad9081@0,jesd204:0,parent=spi1.0: JESD204[2] transition device_init -> link_init
[    8.039242] jesd204: /axi/spi@ff040000/ad9081@0,jesd204:0,parent=spi1.0: JESD204[0] transition device_init -> link_init
[    8.050030] jesd204: /axi/spi@ff040000/ad9081@0,jesd204:0,parent=spi1.0: JESD204[2] transition link_init -> link_supported
[    8.061072] jesd204: /axi/spi@ff040000/ad9081@0,jesd204:0,parent=spi1.0: JESD204[0] transition link_init -> link_supported
[    8.072300] axi-jesd204-rx 84a90000.axi-jesd204-rx: axi_jesd204_rx_jesd204_link_pre_setup: Link2 set lane rate 13080000 kHz failed (-22)
[    8.084555] jesd204: /fpga-axi@0/axi-jesd204-rx@84a90000,jesd204:4,parent=84a90000.axi-jesd204-rx: JESD204[2] In link_pre_setup got error from cb: -22
[    8.098023] jesd204: /axi/spi@ff040000/ad9081@0,jesd204:0,parent=spi1.0: Rolling back from 'link_supported', got error -22
[    8.109067] jesd204: /axi/spi@ff040000/ad9081@0,jesd204:0,parent=spi1.0: JESD204[0] transition link_supported -> link_pre_setup
[    8.120539] jesd204: /axi/spi@ff040000/ad9081@0,jesd204:0,parent=spi1.0: JESD204[2] transition link_supported -> link_pre_setup
[    8.132016] jesd204: /axi/spi@ff040000/ad9081@0,jesd204:0,parent=spi1.0: JESD204[0] transition link_pre_setup -> link_supported
[    8.143488] jesd204: /axi/spi@ff040000/ad9081@0,jesd204:0,parent=spi1.0: JESD204[2] transition link_pre_setup -> link_supported
[    8.154968] jesd204: /axi/spi@ff040000/ad9081@0,jesd204:0,parent=spi1.0: JESD204[0] transition link_supported -> link_init
[    8.166004] jesd204: /axi/spi@ff040000/ad9081@0,jesd204:0,parent=spi1.0: JESD204[2] transition link_supported -> link_init
[    8.177051] jesd204: /axi/spi@ff040000/ad9081@0,jesd204:0,parent=spi1.0: JESD204[0] transition link_init -> device_init
[    8.187827] jesd204: /axi/spi@ff040000/ad9081@0,jesd204:0,parent=spi1.0: JESD204[2] transition link_init -> device_init
[    8.198609] jesd204: /axi/spi@ff040000/ad9081@0,jesd204:0,parent=spi1.0: JESD204[0] transition device_init -> idle
[    8.208957] jesd204: /axi/spi@ff040000/ad9081@0,jesd204:0,parent=spi1.0: JESD204[2] transition device_init -> idle
[    8.219303] jesd204: /axi/spi@ff040000/ad9081@0,jesd204:0,parent=spi1.0: JESD204[2] transition idle -> idle
[    8.229039] jesd204: /axi/spi@ff040000/ad9081@0,jesd204:0,parent=spi1.0: JESD204[0] transition idle -> idle
[    8.238780] jesd204: /axi/spi@ff040000/ad9081@0,jesd204:0,parent=spi1.0: JESD204[2] transition idle -> device_init
[    8.249123] jesd204: /axi/spi@ff040000/ad9081@0,jesd204:0,parent=spi1.0: JESD204[0] transition idle -> device_init
[    8.259473] jesd204: /axi/spi@ff040000/ad9081@0,jesd204:0,parent=spi1.0: JESD204[2] transition device_init -> link_init
[    8.270251] jesd204: /axi/spi@ff040000/ad9081@0,jesd204:0,parent=spi1.0: JESD204[0] transition device_init -> link_init
[    8.281038] jesd204: /axi/spi@ff040000/ad9081@0,jesd204:0,parent=spi1.0: JESD204[2] transition link_init -> link_supported
[    8.292081] jesd204: /axi/spi@ff040000/ad9081@0,jesd204:0,parent=spi1.0: JESD204[0] transition link_init -> link_supported
[    8.303268] axi-jesd204-rx 84a90000.axi-jesd204-rx: axi_jesd204_rx_jesd204_link_pre_setup: Link2 set lane rate 13080000 kHz failed (-22)
[    8.315528] jesd204: /fpga-axi@0/axi-jesd204-rx@84a90000,jesd204:4,parent=84a90000.axi-jesd204-rx: JESD204[2] In link_pre_setup got error from cb: -22
[    8.328997] jesd204: /axi/spi@ff040000/ad9081@0,jesd204:0,parent=spi1.0: Rolling back from 'link_supported', got error -22
[    8.340041] jesd204: /axi/spi@ff040000/ad9081@0,jesd204:0,parent=spi1.0: JESD204[0] transition link_supported -> link_pre_setup
[    8.351513] jesd204: /axi/spi@ff040000/ad9081@0,jesd204:0,parent=spi1.0: JESD204[2] transition link_supported -> link_pre_setup
[    8.362991] jesd204: /axi/spi@ff040000/ad9081@0,jesd204:0,parent=spi1.0: JESD204[0] transition link_pre_setup -> link_supported
[    8.374465] jesd204: /axi/spi@ff040000/ad9081@0,jesd204:0,parent=spi1.0: JESD204[2] transition link_pre_setup -> link_supported
[    8.385940] jesd204: /axi/spi@ff040000/ad9081@0,jesd204:0,parent=spi1.0: JESD204[0] transition link_supported -> link_init
[    8.396978] jesd204: /axi/spi@ff040000/ad9081@0,jesd204:0,parent=spi1.0: JESD204[2] transition link_supported -> link_init
[    8.408025] jesd204: /axi/spi@ff040000/ad9081@0,jesd204:0,parent=spi1.0: JESD204[0] transition link_init -> device_init
[    8.418802] jesd204: /axi/spi@ff040000/ad9081@0,jesd204:0,parent=spi1.0: JESD204[2] transition link_init -> device_init
[    8.429583] jesd204: /axi/spi@ff040000/ad9081@0,jesd204:0,parent=spi1.0: JESD204[0] transition device_init -> idle
[    8.439927] jesd204: /axi/spi@ff040000/ad9081@0,jesd204:0,parent=spi1.0: JESD204[2] transition device_init -> idle
[    8.450280] jesd204: /axi/spi@ff040000/ad9081@0,jesd204:0,parent=spi1.0: JESD204[2] transition idle -> idle
[    8.460017] jesd204: /axi/spi@ff040000/ad9081@0,jesd204:0,parent=spi1.0: JESD204[0] transition idle -> idle
[    8.469755] jesd204: /axi/spi@ff040000/ad9081@0,jesd204:0,parent=spi1.0: JESD204[2] transition idle -> device_init
[    8.480098] jesd204: /axi/spi@ff040000/ad9081@0,jesd204:0,parent=spi1.0: JESD204[0] transition idle -> device_init
[    8.490449] jesd204: /axi/spi@ff040000/ad9081@0,jesd204:0,parent=spi1.0: JESD204[2] transition device_init -> link_init
[    8.501225] jesd204: /axi/spi@ff040000/ad9081@0,jesd204:0,parent=spi1.0: JESD204[0] transition device_init -> link_init
[    8.512014] jesd204: /axi/spi@ff040000/ad9081@0,jesd204:0,parent=spi1.0: JESD204[2] transition link_init -> link_supported
[    8.523056] jesd204: /axi/spi@ff040000/ad9081@0,jesd204:0,parent=spi1.0: JESD204[0] transition link_init -> link_supported
[    8.534244] axi-jesd204-rx 84a90000.axi-jesd204-rx: axi_jesd204_rx_jesd204_link_pre_setup: Link2 set lane rate 13080000 kHz failed (-22)
[    8.546503] jesd204: /fpga-axi@0/axi-jesd204-rx@84a90000,jesd204:4,parent=84a90000.axi-jesd204-rx: JESD204[2] In link_pre_setup got error from cb: -22
[    8.559972] jesd204: /axi/spi@ff040000/ad9081@0,jesd204:0,parent=spi1.0: Rolling back from 'link_supported', got error -22
[    8.571017] jesd204: /axi/spi@ff040000/ad9081@0,jesd204:0,parent=spi1.0: JESD204[0] transition link_supported -> link_pre_setup
[    8.582487] jesd204: /axi/spi@ff040000/ad9081@0,jesd204:0,parent=spi1.0: JESD204[2] transition link_supported -> link_pre_setup
[    8.593966] jesd204: /axi/spi@ff040000/ad9081@0,jesd204:0,parent=spi1.0: JESD204[0] transition link_pre_setup -> link_supported
[    8.605437] jesd204: /axi/spi@ff040000/ad9081@0,jesd204:0,parent=spi1.0: JESD204[2] transition link_pre_setup -> link_supported
[    8.616915] jesd204: /axi/spi@ff040000/ad9081@0,jesd204:0,parent=spi1.0: JESD204[0] transition link_supported -> link_init
[    8.627954] jesd204: /axi/spi@ff040000/ad9081@0,jesd204:0,parent=spi1.0: JESD204[2] transition link_supported -> link_init
[    8.639000] jesd204: /axi/spi@ff040000/ad9081@0,jesd204:0,parent=spi1.0: JESD204[0] transition link_init -> device_init
[    8.649775] jesd204: /axi/spi@ff040000/ad9081@0,jesd204:0,parent=spi1.0: JESD204[2] transition link_init -> device_init
[    8.660558] jesd204: /axi/spi@ff040000/ad9081@0,jesd204:0,parent=spi1.0: JESD204[0] transition device_init -> idle
[    8.670902] jesd204: /axi/spi@ff040000/ad9081@0,jesd204:0,parent=spi1.0: JESD204[2] transition device_init -> idle
[    8.681248] jesd204: /axi/spi@ff040000/ad9081@0,jesd204:0,parent=spi1.0: FSM completed with error -22
[    8.699667] input: gpio-keys as /devices/platform/gpio-keys/input/input0
[    8.706689] of_cfs_init
[    8.709159] of_cfs_init: OK
[    8.712095] cfg80211: Loading compiled-in X.509 certificates for regulatory database
[    8.850170] cfg80211: Loaded X.509 cert 'sforshee: 00b28ddf47aef9cea7'
[    8.856703] clk: Not disabling unused clocks
[    8.861230] ALSA device list:
[    8.864191]   No soundcards found.
[    8.867854] platform regulatory.0: Direct firmware load for regulatory.db failed with error -2
[    8.876463] cfg80211: failed to load regulatory.db
[    8.891052] EXT4-fs (mmcblk0p2): mounted filesystem with ordered data mode. Opts: (null)
[    8.899170] VFS: Mounted root (ext4 filesystem) on device 179:2.
[    8.912169] devtmpfs: mounted
[    8.916010] Freeing unused kernel memory: 2560K
[    8.927768] Run /sbin/init as init process
[    8.931873]   with arguments:
[    8.931875]     /sbin/init
[    8.931877]   with environment:
[    8.931880]     HOME=/
[    8.931882]     TERM=linux
[    9.496051] systemd[1]: systemd 241 running in system mode. (+PAM +AUDIT +SELINUX +IMA +APPARMOR +SMACK +SYSVINIT +UTMP +LIBCRYPTSETUP +GCRYPT +GNUTLS +ACL +XZ +LZ4 +SECCOMP +BLKID +ELFUTILS +KMOD -IDN2 +IDN -PCRE2 default-hierarchy=hybrid)
[    9.517917] systemd[1]: Detected architecture arm64.
[    9.540423] systemd[1]: Set hostname to <analog>.
[    9.730686] systemd[1]: File /lib/systemd/system/systemd-journald.service:12 configures an IP firewall (IPAddressDeny=any), but the local system does not support BPF/cgroup based firewalling.
[    9.747794] systemd[1]: Proceeding WITHOUT firewalling in effect! (This warning is only shown for the first loaded unit using IP firewalling.)
[    9.910670] systemd[1]: /etc/systemd/system/tof-server.service:1: Assignment outside of section. Ignoring.
[    9.920356] systemd[1]: /etc/systemd/system/tof-server.service:2: Assignment outside of section. Ignoring.
[   10.103370] random: systemd: uninitialized urandom read (16 bytes read)
[   10.118082] random: systemd: uninitialized urandom read (16 bytes read)
[   10.124742] systemd[1]: Reached target Swap.
[   10.139812] random: systemd: uninitialized urandom read (16 bytes read)
[   10.147003] systemd[1]: Created slice system-systemd\x2dfsck.slice.
[   10.168092] systemd[1]: Listening on udev Kernel Socket.
[   10.765584] ------------[ cut here ]------------
[   10.765593] Enabling unprepared \xa0\xe9Q\x88\xff\xff\xffpQ\x88\xff\xff\xff
[   10.765638] WARNING: CPU: 1 PID: 131 at drivers/clk/clk.c:1012 clk_core_enable+0xa4/0xc0
[   10.765641] Modules linked in:
[   10.765651] CPU: 1 PID: 131 Comm: kworker/1:1H Not tainted 5.10.0-98103-g2aa7ac113716 #5577
[   10.765654] Hardware name: ZynqMP ZCU102 Rev1.0 (DT)
[   10.765662] Workqueue: kblockd blk_mq_run_work_fn
[   10.765670] pstate: 80000085 (Nzcv daIf -PAN -UAO -TCO BTYPE=--)
[   10.765675] pc : clk_core_enable+0xa4/0xc0
[   10.765681] lr : clk_core_enable+0xa4/0xc0
[   10.765683] sp : ffffffc012b532d0
[   10.765686] x29: ffffffc012b532d0 x28: ffffff8800330c10 
[   10.765693] x27: ffffff8800330d48 x26: 0000005000000101 
[   10.765700] x25: 000000027bbc66b4 x24: 0000000000000001 
[   10.765706] x23: ffffff88010e9380 x22: ffffff8801083220 
[   10.765713] x21: ffffff8801517000 x20: ffffff8801517008 
[   10.765719] x19: ffffff8801517008 x18: 0000000000000030 
[   10.765726] x17: 0000000000000001 x16: 0000b64f098f2f92 
[   10.765732] x15: ffffffffffff9c40 x14: ffffffc011d3b1a0 
[   10.765739] x13: ffffffc011d3b1c8 x12: 0000000000000672 
[   10.765745] x11: 0000000000000226 x10: ffffffc011d671c8 
[   10.765752] x9 : 00000000fffff800 x8 : ffffffc011d3b1c8 
[   10.765758] x7 : ffffffc011d671c8 x6 : 0000000000000001 
[   10.765764] x5 : ffffff887f77c9e0 x4 : 0000000000000000 
[   10.765771] x3 : 0000000000000027 x2 : 0000000000000023 
[   10.765777] x1 : 0745f348327e8b00 x0 : 0000000000000000 
[   10.765784] Call trace:
[   10.765790]  clk_core_enable+0xa4/0xc0
[   10.765795]  clk_enable+0x2c/0x60
[   10.765801]  zynqmp_runtime_resume+0x24/0x84
[   10.765808]  pm_generic_runtime_resume+0x30/0x50
[   10.765813]  __genpd_runtime_resume+0x30/0xb0
[   10.765820]  genpd_runtime_resume+0x90/0x250
[   10.765826]  __rpm_callback+0x10c/0x1e0
[   10.765831]  rpm_callback+0x5c/0x84
[   10.765836]  rpm_resume+0x4a4/0x74c
[   10.765841]  __pm_runtime_resume+0x78/0xc4
[   10.765845]  spi_mem_access_start.isra.0+0x30/0x80
[   10.765850]  spi_mem_exec_op+0x3b0/0x424
[   10.765855]  spi_nor_read_sr+0x78/0xe0
[   10.765860]  spi_nor_wait_till_ready_with_timeout+0xb4/0x2f0
[   10.765864]  spi_nor_read+0x188/0x380
[   10.765869]  mtd_read_oob_std+0x78/0x84
[   10.765874]  mtd_read_oob+0x7c/0x134
[   10.765878]  mtd_read+0x48/0x7c
[   10.765884]  mtdblock_readsect+0x6c/0x150
[   10.765889]  mtd_queue_rq+0x2cc/0x5a0
[   10.765895]  blk_mq_dispatch_rq_list+0x110/0x790
[   10.765901]  __blk_mq_do_dispatch_sched+0x200/0x274
[   10.765906]  __blk_mq_sched_dispatch_requests+0x1a8/0x1fc
[   10.765912]  blk_mq_sched_dispatch_requests+0x3c/0x7c
[   10.765917]  __blk_mq_run_hw_queue+0x98/0x100
[   10.765921]  blk_mq_run_work_fn+0x24/0x30
[   10.765927]  process_one_work+0x1d4/0x380
[   10.765931]  worker_thread+0x78/0x4e0
[   10.765936]  kthread+0x124/0x130
[   10.765942]  ret_from_fork+0x10/0x3c
[   10.765946] ---[ end trace 9385abacf2971abf ]---
[   10.765954] zynqmp-qspi ff0f0000.spi: Cannot enable APB clock.
[   10.766002] spi_master spi0: Failed to power device: -108
[   10.766011] blk_update_request: I/O error, dev mtdblock0, sector 8 op 0x0:(READ) flags 0x80700 phys_seg 1 prio class 0
[   10.766089] spi_master spi0: Failed to power device: -22
[   10.766096] blk_update_request: I/O error, dev mtdblock0, sector 8 op 0x0:(READ) flags 0x0 phys_seg 8 prio class 0
[   10.766101] Buffer I/O error on dev mtdblock0, logical block 8, async page read
[   10.766110] spi_master spi0: Failed to power device: -22
[   10.766117] blk_update_request: I/O error, dev mtdblock0, sector 9 op 0x0:(READ) flags 0x0 phys_seg 7 prio class 0
[   10.766120] Buffer I/O error on dev mtdblock0, logical block 9, async page read
[   10.766128] spi_master spi0: Failed to power device: -22
[   10.766133] blk_update_request: I/O error, dev mtdblock0, sector 10 op 0x0:(READ) flags 0x0 phys_seg 6 prio class 0
[   10.766137] Buffer I/O error on dev mtdblock0, logical block 10, async page read
[   10.766144] spi_master spi0: Failed to power device: -22
[   10.766150] blk_update_request: I/O error, dev mtdblock0, sector 11 op 0x0:(READ) flags 0x0 phys_seg 5 prio class 0
[   10.766153] Buffer I/O error on dev mtdblock0, logical block 11, async page read
[   10.766161] spi_master spi0: Failed to power device: -22
[   10.766166] blk_update_request: I/O error, dev mtdblock0, sector 12 op 0x0:(READ) flags 0x0 phys_seg 4 prio class 0
[   10.766170] Buffer I/O error on dev mtdblock0, logical block 12, async page read
[   10.766177] spi_master spi0: Failed to power device: -22
[   10.766182] blk_update_request: I/O error, dev mtdblock0, sector 13 op 0x0:(READ) flags 0x0 phys_seg 3 prio class 0
[   10.766186] Buffer I/O error on dev mtdblock0, logical block 13, async page read
[   10.766193] spi_master spi0: Failed to power device: -22
[   10.766198] blk_update_request: I/O error, dev mtdblock0, sector 14 op 0x0:(READ) flags 0x0 phys_seg 2 prio class 0
[   10.766202] Buffer I/O error on dev mtdblock0, logical block 14, async page read
[   10.766209] spi_master spi0: Failed to power device: -22
[   10.766215] blk_update_request: I/O error, dev mtdblock0, sector 15 op 0x0:(READ) flags 0x0 phys_seg 1 prio class 0
[   10.766218] Buffer I/O error on dev mtdblock0, logical block 15, async page read
[   10.766546] spi_master spi0: Failed to power device: -22
[   10.766553] blk_update_request: I/O error, dev mtdblock1, sector 10112 op 0x0:(READ) flags 0x80700 phys_seg 1 prio class 0
[   10.766597] spi_master spi0: Failed to power device: -22
[   10.766603] Buffer I/O error on dev mtdblock1, logical block 10112, async page read
[   10.766611] spi_master spi0: Failed to power device: -22
[   10.766616] Buffer I/O error on dev mtdblock1, logical block 10113, async page read
[   10.766623] spi_master spi0: Failed to power device: -22
[   10.766630] spi_master spi0: Failed to power device: -22
[   10.766638] spi_master spi0: Failed to power device: -22
[   10.766645] spi_master spi0: Failed to power device: -22
[   10.766652] spi_master spi0: Failed to power device: -22
[   10.766659] spi_master spi0: Failed to power device: -22
[   10.766885] spi_master spi0: Failed to power device: -22
[   10.766929] spi_master spi0: Failed to power device: -22
[   10.766938] spi_master spi0: Failed to power device: -22
[   10.766945] spi_master spi0: Failed to power device: -22
[   10.766953] spi_master spi0: Failed to power device: -22
[   10.766960] spi_master spi0: Failed to power device: -22
[   10.766967] spi_master spi0: Failed to power device: -22
[   10.766975] spi_master spi0: Failed to power device: -22
[   10.766982] spi_master spi0: Failed to power device: -22
[   10.767239] spi_master spi0: Failed to power device: -22
[   10.767282] spi_master spi0: Failed to power device: -22
[   10.767291] spi_master spi0: Failed to power device: -22
[   10.767299] spi_master spi0: Failed to power device: -22
[   10.767307] spi_master spi0: Failed to power device: -22
[   10.767314] spi_master spi0: Failed to power device: -22
[   10.767321] spi_master spi0: Failed to power device: -22
[   10.767329] spi_master spi0: Failed to power device: -22
[   10.767336] spi_master spi0: Failed to power device: -22
[   10.893750] EXT4-fs (mmcblk0p2): re-mounted. Opts: (null)
[   11.028648] systemd-journald[167]: Received request to flush runtime journal from PID 1
[   16.935104] macb ff0e0000.ethernet eth0: PHY [ff0e0000.ethernet-ffffffff:0c] driver [TI DP83867] (irq=POLL)
[   16.935117] macb ff0e0000.ethernet eth0: configuring for phy/rgmii-id link mode
[   17.231914] Adding 77820k swap on /var/swap.  Priority:-2 extents:1 across:77820k SS
[   19.083737] random: crng init done
[   19.083748] random: 7 urandom warning(s) missed due to ratelimiting
[   19.795435] broken atomic modeset userspace detected, disabling atomic
[   21.025326] macb ff0e0000.ethernet eth0: Link is Up - 1Gbps/Full - flow control off
[   21.025352] IPv6: ADDRCONF(NETDEV_CHANGE): eth0: link becomes ready
[   22.469122] broken atomic modeset userspace detected, disabling atomic
[   25.356592] broken atomic modeset userspace detected, disabling atomic
[   27.993806] broken atomic modeset userspace detected, disabling atomic