[    0.000000] Booting Linux on physical CPU 0x0000000000 [0x410fd034]
[    0.000000] Linux version 5.10.0-98103-g2aa7ac113716 (jenkins@romlxbuild1.adlk.analog.com) (aarch64-xilinx-linux-gcc.real (GCC) 10.2.0, GNU ld (GNU Binutils) 2.35.0.20200730) #5577 SMP Wed Mar 23 07:28:49 GMT 2022
[    0.000000] Machine model: ZynqMP ZCU102 Rev1.0
[    0.000000] earlycon: cdns0 at MMIO 0x00000000ff000000 (options '115200n8')
[    0.000000] printk: bootconsole [cdns0] enabled
[    0.000000] efi: UEFI not found.
[    0.000000] cma: Reserved 256 MiB at 0x0000000070000000
[    0.000000] Zone ranges:
[    0.000000]   DMA      [mem 0x0000000000000000-0x000000003fffffff]
[    0.000000]   DMA32    [mem 0x0000000040000000-0x00000000ffffffff]
[    0.000000]   Normal   [mem 0x0000000100000000-0x000000087fffffff]
[    0.000000] Movable zone start for each node
[    0.000000] Early memory node ranges
[    0.000000]   node   0: [mem 0x0000000000000000-0x000000007fffffff]
[    0.000000]   node   0: [mem 0x0000000800000000-0x000000087fffffff]
[    0.000000] Initmem setup node 0 [mem 0x0000000000000000-0x000000087fffffff]
[    0.000000] On node 0 totalpages: 1048576
[    0.000000]   DMA zone: 3584 pages used for memmap
[    0.000000]   DMA zone: 0 pages reserved
[    0.000000]   DMA zone: 262144 pages, LIFO batch:63
[    0.000000]   DMA32 zone: 3584 pages used for memmap
[    0.000000]   DMA32 zone: 262144 pages, LIFO batch:63
[    0.000000]   Normal zone: 7168 pages used for memmap
[    0.000000]   Normal zone: 524288 pages, LIFO batch:63
[    0.000000] psci: probing for conduit method from DT.
[    0.000000] psci: PSCIv1.1 detected in firmware.
[    0.000000] psci: Using standard PSCI v0.2 function IDs
[    0.000000] psci: MIGRATE_INFO_TYPE not supported.
[    0.000000] psci: SMC Calling Convention v1.2
[    0.000000] percpu: Embedded 22 pages/cpu s49496 r8192 d32424 u90112
[    0.000000] pcpu-alloc: s49496 r8192 d32424 u90112 alloc=22*4096
[    0.000000] pcpu-alloc: [0] 0 [0] 1 [0] 2 [0] 3 
[    0.000000] Detected VIPT I-cache on CPU0
[    0.000000] CPU features: detected: ARM erratum 845719
[    0.000000] Built 1 zonelists, mobility grouping on.  Total pages: 1034240
[    0.000000] Kernel command line: console=ttyPS0,115200 root=/dev/mmcblk0p2 rw earlycon rootfstype=ext4 rootwait clk_ignore_unused cpuidle.off=1 root=/dev/mmcblk0p2 rw rootwait
[    0.000000] Dentry cache hash table entries: 524288 (order: 10, 4194304 bytes, linear)
[    0.000000] Inode-cache hash table entries: 262144 (order: 9, 2097152 bytes, linear)
[    0.000000] mem auto-init: stack:off, heap alloc:off, heap free:off
[    0.000000] software IO TLB: mapped [mem 0x000000003bfff000-0x000000003ffff000] (64MB)
[    0.000000] Memory: 3761904K/4194304K available (15296K kernel code, 1636K rwdata, 11876K rodata, 2560K init, 507K bss, 170256K reserved, 262144K cma-reserved)
[    0.000000] rcu: Hierarchical RCU implementation.
[    0.000000] rcu: 	RCU event tracing is enabled.
[    0.000000] rcu: 	RCU restricting CPUs from NR_CPUS=8 to nr_cpu_ids=4.
[    0.000000] rcu: RCU calculated value of scheduler-enlistment delay is 25 jiffies.
[    0.000000] rcu: Adjusting geometry for rcu_fanout_leaf=16, nr_cpu_ids=4
[    0.000000] NR_IRQS: 64, nr_irqs: 64, preallocated irqs: 0
[    0.000000] GIC: Adjusting CPU interface base to 0x00000000f902f000
[    0.000000] GIC: Using split EOI/Deactivate mode
[    0.000000] random: get_random_bytes called from start_kernel+0x31c/0x54c with crng_init=0
[    0.000000] arch_timer: cp15 timer(s) running at 100.00MHz (phys).
[    0.000000] clocksource: arch_sys_counter: mask: 0xffffffffffffff max_cycles: 0x171024e7e0, max_idle_ns: 440795205315 ns
[    0.000003] sched_clock: 56 bits at 100MHz, resolution 10ns, wraps every 4398046511100ns
[    0.008461] Console: colour dummy device 80x25
[    0.012482] Calibrating delay loop (skipped), value calculated using timer frequency.. 200.00 BogoMIPS (lpj=400000)
[    0.022840] pid_max: default: 32768 minimum: 301
[    0.027552] Mount-cache hash table entries: 8192 (order: 4, 65536 bytes, linear)
[    0.034788] Mountpoint-cache hash table entries: 8192 (order: 4, 65536 bytes, linear)
[    0.043393] rcu: Hierarchical SRCU implementation.
[    0.047560] EFI services will not be available.
[    0.051939] smp: Bringing up secondary CPUs ...
[    0.056656] Detected VIPT I-cache on CPU1
[    0.056695] CPU1: Booted secondary processor 0x0000000001 [0x410fd034]
[    0.057061] Detected VIPT I-cache on CPU2
[    0.057085] CPU2: Booted secondary processor 0x0000000002 [0x410fd034]
[    0.057424] Detected VIPT I-cache on CPU3
[    0.057447] CPU3: Booted secondary processor 0x0000000003 [0x410fd034]
[    0.057493] smp: Brought up 1 node, 4 CPUs
[    0.091779] SMP: Total of 4 processors activated.
[    0.096452] CPU features: detected: 32-bit EL0 Support
[    0.101556] CPU features: detected: CRC32 instructions
[    0.106695] CPU: All CPU(s) started at EL2
[    0.110736] alternatives: patching kernel code
[    0.116168] devtmpfs: initialized
[    0.124061] Registered cp15_barrier emulation handler
[    0.124111] Registered setend emulation handler
[    0.128092] clocksource: jiffies: mask: 0xffffffff max_cycles: 0xffffffff, max_idle_ns: 7645041785100000 ns
[    0.137670] futex hash table entries: 1024 (order: 4, 65536 bytes, linear)
[    0.151029] pinctrl core: initialized pinctrl subsystem
[    0.151679] NET: Registered protocol family 16
[    0.156090] DMA: preallocated 512 KiB GFP_KERNEL pool for atomic allocations
[    0.162106] DMA: preallocated 512 KiB GFP_KERNEL|GFP_DMA pool for atomic allocations
[    0.169833] DMA: preallocated 512 KiB GFP_KERNEL|GFP_DMA32 pool for atomic allocations
[    0.177635] audit: initializing netlink subsys (disabled)
[    0.183087] audit: type=2000 audit(0.116:1): state=initialized audit_enabled=0 res=1
[    0.183432] hw-breakpoint: found 6 breakpoint and 4 watchpoint registers.
[    0.197463] ASID allocator initialised with 65536 entries
[    0.224351] HugeTLB registered 1.00 GiB page size, pre-allocated 0 pages
[    0.225403] HugeTLB registered 32.0 MiB page size, pre-allocated 0 pages
[    0.232074] HugeTLB registered 2.00 MiB page size, pre-allocated 0 pages
[    0.238736] HugeTLB registered 64.0 KiB page size, pre-allocated 0 pages
[    1.304294] DRBG: Continuing without Jitter RNG
[    1.382124] raid6: neonx8   gen()  2145 MB/s
[    1.450175] raid6: neonx8   xor()  1599 MB/s
[    1.518231] raid6: neonx4   gen()  2195 MB/s
[    1.586280] raid6: neonx4   xor()  1567 MB/s
[    1.654346] raid6: neonx2   gen()  2075 MB/s
[    1.722396] raid6: neonx2   xor()  1435 MB/s
[    1.790469] raid6: neonx1   gen()  1772 MB/s
[    1.858509] raid6: neonx1   xor()  1220 MB/s
[    1.926574] raid6: int64x8  gen()  1438 MB/s
[    1.994624] raid6: int64x8  xor()   771 MB/s
[    2.062689] raid6: int64x4  gen()  1599 MB/s
[    2.130742] raid6: int64x4  xor()   819 MB/s
[    2.198812] raid6: int64x2  gen()  1397 MB/s
[    2.266862] raid6: int64x2  xor()   750 MB/s
[    2.334929] raid6: int64x1  gen()  1033 MB/s
[    2.402999] raid6: int64x1  xor()   517 MB/s
[    2.403037] raid6: using algorithm neonx4 gen() 2195 MB/s
[    2.406995] raid6: .... xor() 1567 MB/s, rmw enabled
[    2.411926] raid6: using neon recovery algorithm
[    2.416936] iommu: Default domain type: Translated 
[    2.421550] SCSI subsystem initialized
[    2.425095] libata version 3.00 loaded.
[    2.425218] usbcore: registered new interface driver usbfs
[    2.430552] usbcore: registered new interface driver hub
[    2.435829] usbcore: registered new device driver usb
[    2.440954] mc: Linux media interface: v0.10
[    2.445073] videodev: Linux video capture interface: v2.00
[    2.450565] EDAC MC: Ver: 3.0.0
[    2.453980] zynqmp-ipi-mbox mailbox@ff990400: Registered ZynqMP IPI mbox with TX/RX channels.
[    2.462504] jesd204: created con: id=0, topo=0, link=0, /axi/spi@ff050000/hmc7044@0 <-> /fpga-axi@0/axi-adxcvr-tx@84b60000
[    2.473094] jesd204: created con: id=1, topo=0, link=2, /axi/spi@ff050000/hmc7044@0 <-> /fpga-axi@0/axi-adxcvr-rx@84a60000
[    2.484077] jesd204: created con: id=2, topo=0, link=0, /fpga-axi@0/axi-adxcvr-tx@84b60000 <-> /fpga-axi@0/axi-jesd204-tx@84b90000
[    2.495755] jesd204: created con: id=3, topo=0, link=2, /fpga-axi@0/axi-adxcvr-rx@84a60000 <-> /fpga-axi@0/axi-jesd204-rx@84a90000
[    2.507431] jesd204: created con: id=4, topo=0, link=0, /fpga-axi@0/axi-jesd204-tx@84b90000 <-> /fpga-axi@0/axi-ad9081-tx-hpc@84b10000
[    2.519459] jesd204: created con: id=5, topo=0, link=2, /fpga-axi@0/axi-jesd204-rx@84a90000 <-> /fpga-axi@0/axi-ad9081-rx-hpc@84a10000
[    2.531481] jesd204: created con: id=6, topo=0, link=2, /fpga-axi@0/axi-ad9081-rx-hpc@84a10000 <-> /axi/spi@ff040000/ad9081@0
[    2.542723] jesd204: created con: id=7, topo=0, link=0, /fpga-axi@0/axi-ad9081-tx-hpc@84b10000 <-> /axi/spi@ff040000/ad9081@0
[    2.553973] jesd204: /axi/spi@ff040000/ad9081@0: JESD204[2] transition uninitialized -> initialized
[    2.562959] jesd204: /axi/spi@ff040000/ad9081@0: JESD204[0] transition uninitialized -> initialized
[    2.571951] jesd204: found 8 devices and 1 topologies
[    2.576993] FPGA manager framework
[    2.580472] Advanced Linux Sound Architecture Driver Initialized.
[    2.586770] Bluetooth: Core ver 2.22
[    2.589954] NET: Registered protocol family 31
[    2.594355] Bluetooth: HCI device and connection manager initialized
[    2.600672] Bluetooth: HCI socket layer initialized
[    2.605514] Bluetooth: L2CAP socket layer initialized
[    2.610538] Bluetooth: SCO socket layer initialized
[    2.615729] clocksource: Switched to clocksource arch_sys_counter
[    2.621530] VFS: Disk quotas dquot_6.6.0
[    2.625363] VFS: Dquot-cache hash table entries: 512 (order 0, 4096 bytes)
[    2.636087] NET: Registered protocol family 2
[    2.636810] tcp_listen_portaddr_hash hash table entries: 2048 (order: 3, 32768 bytes, linear)
[    2.645008] TCP established hash table entries: 32768 (order: 6, 262144 bytes, linear)
[    2.653029] TCP bind hash table entries: 32768 (order: 7, 524288 bytes, linear)
[    2.660475] TCP: Hash tables configured (established 32768 bind 32768)
[    2.666650] UDP hash table entries: 2048 (order: 4, 65536 bytes, linear)
[    2.673316] UDP-Lite hash table entries: 2048 (order: 4, 65536 bytes, linear)
[    2.680476] NET: Registered protocol family 1
[    2.684927] RPC: Registered named UNIX socket transport module.
[    2.690549] RPC: Registered udp transport module.
[    2.695219] RPC: Registered tcp transport module.
[    2.699887] RPC: Registered tcp NFSv4.1 backchannel transport module.
[    2.706879] PCI: CLS 0 bytes, default 64
[    2.710572] hw perfevents: no interrupt-affinity property for /pmu, guessing.
[    2.717435] hw perfevents: enabled with armv8_pmuv3 PMU driver, 7 counters available
[    2.725780] Initialise system trusted keyrings
[    2.729463] workingset: timestamp_bits=62 max_order=20 bucket_order=0
[    2.736368] NFS: Registering the id_resolver key type
[    2.740814] Key type id_resolver registered
[    2.744953] Key type id_legacy registered
[    2.748944] nfs4filelayout_init: NFSv4 File Layout Driver Registering...
[    2.755609] jffs2: version 2.2. (NAND) (SUMMARY)  Â© 2001-2006 Red Hat, Inc.
[    2.799811] NET: Registered protocol family 38
[    2.799853] xor: measuring software checksum speed
[    2.807539]    8regs           :  2363 MB/sec
[    2.811213]    32regs          :  2799 MB/sec
[    2.816159]    arm64_neon      :  2380 MB/sec
[    2.816344] xor: using function: 32regs (2799 MB/sec)
[    2.821371] Key type asymmetric registered
[    2.825432] Asymmetric key parser 'x509' registered
[    2.830292] Block layer SCSI generic (bsg) driver version 0.4 loaded (major 248)
[    2.837629] io scheduler mq-deadline registered
[    2.842126] io scheduler kyber registered
[    2.871518] Serial: 8250/16550 driver, 4 ports, IRQ sharing disabled
[    2.876165] cacheinfo: Unable to detect cache hierarchy for CPU 0
[    2.882483] brd: module loaded
[    2.886630] loop: module loaded
[    2.887176] Registered mathworks_ip class
[    2.890544] libphy: Fixed MDIO Bus: probed
[    2.893505] tun: Universal TUN/TAP device driver, 1.6
[    2.897572] CAN device driver interface
[    2.902109] usbcore: registered new interface driver asix
[    2.906707] usbcore: registered new interface driver ax88179_178a
[    2.912742] usbcore: registered new interface driver cdc_ether
[    2.918532] usbcore: registered new interface driver net1080
[    2.924154] usbcore: registered new interface driver cdc_subset
[    2.930038] usbcore: registered new interface driver zaurus
[    2.935581] usbcore: registered new interface driver cdc_ncm
[    2.941984] ehci_hcd: USB 2.0 'Enhanced' Host Controller (EHCI) Driver
[    2.947667] ehci-pci: EHCI PCI platform driver
[    2.952469] usbcore: registered new interface driver uas
[    2.957385] usbcore: registered new interface driver usb-storage
[    2.963374] usbcore: registered new interface driver usbserial_generic
[    2.969821] usbserial: USB Serial support registered for generic
[    2.975794] usbcore: registered new interface driver ftdi_sio
[    2.981497] usbserial: USB Serial support registered for FTDI USB Serial Device
[    2.988771] usbcore: registered new interface driver upd78f0730
[    2.994645] usbserial: USB Serial support registered for upd78f0730
[    3.002299] rtc_zynqmp ffa60000.rtc: registered as rtc0
[    3.006071] rtc_zynqmp ffa60000.rtc: setting system clock to 2022-03-26T03:08:29 UTC (1648264109)
[    3.014933] i2c /dev entries driver
[    3.020252] usbcore: registered new interface driver uvcvideo
[    3.024046] USB Video Class driver (1.1.1)
[    3.029612] Bluetooth: HCI UART driver ver 2.3
[    3.032528] Bluetooth: HCI UART protocol H4 registered
[    3.037626] Bluetooth: HCI UART protocol BCSP registered
[    3.042916] Bluetooth: HCI UART protocol LL registered
[    3.048004] Bluetooth: HCI UART protocol ATH3K registered
[    3.053380] Bluetooth: HCI UART protocol Three-wire (H5) registered
[    3.059632] Bluetooth: HCI UART protocol Intel registered
[    3.064970] Bluetooth: HCI UART protocol QCA registered
[    3.070173] usbcore: registered new interface driver bcm203x
[    3.075796] usbcore: registered new interface driver bpa10x
[    3.081330] usbcore: registered new interface driver bfusb
[    3.086779] usbcore: registered new interface driver btusb
[    3.092241] usbcore: registered new interface driver ath3k
[    3.097728] EDAC MC: ECC not enabled
[    3.101350] EDAC DEVICE0: Giving out device to module zynqmp-ocm-edac controller zynqmp_ocm: DEV ff960000.memory-controller (INTERRUPT)
[    3.113661] sdhci: Secure Digital Host Controller Interface driver
[    3.119455] sdhci: Copyright(c) Pierre Ossman
[    3.123778] sdhci-pltfm: SDHCI platform and OF driver helper
[    3.129828] ledtrig-cpu: registered to indicate activity on CPUs
[    3.135383] SMCCC: SOC_ID: ARCH_SOC_ID not implemented, skipping ....
[    3.141817] zynqmp_firmware_probe Platform Management API v1.1
[    3.147569] zynqmp_firmware_probe Trustzone version v1.0
[    3.187128] zynqmp-pinctrl firmware:zynqmp-firmware:pinctrl: zynqmp pinctrl initialized
[    3.235039] zynqmp-aes firmware:zynqmp-firmware:zynqmp-aes: will run requests pump with realtime priority
[    3.250813] alg: No test for xilinx-keccak-384 (zynqmp-keccak-384)
[    3.251519] alg: No test for xilinx-zynqmp-rsa (zynqmp-rsa)
[    3.257036] usbcore: registered new interface driver usbhid
[    3.262423] usbhid: USB HID core driver
[    3.273669] axi_sysid 85000000.axi-sysid-0: AXI System ID core version (1.01.a) found
[    3.276032] axi_sysid 85000000.axi-sysid-0: [ad9081_fmca_ebz] on [zcu102] git branch <master> git <084d44c9780640ca93fd847b1d9ec70dd65f5c67> clean [2022-03-18 04:17:50] UTC
[    3.291704] fpga_manager fpga0: Xilinx ZynqMP FPGA Manager registered
[    3.298069] usbcore: registered new interface driver snd-usb-audio
[    3.305511] pktgen: Packet Generator for packet performance testing. Version: 2.75
[    3.311698] Initializing XFRM netlink socket
[    3.315544] NET: Registered protocol family 10
[    3.320272] Segment Routing with IPv6
[    3.323632] sit: IPv6, IPv4 and MPLS over IPv4 tunneling driver
[    3.329721] NET: Registered protocol family 17
[    3.333823] NET: Registered protocol family 15
[    3.338319] can: controller area network core
[    3.342572] NET: Registered protocol family 29
[    3.346966] can: raw protocol
[    3.349900] can: broadcast manager protocol
[    3.354054] can: netlink gateway - max_hops=1
[    3.358457] Bluetooth: RFCOMM TTY layer initialized
[    3.363227] Bluetooth: RFCOMM socket layer initialized
[    3.368338] Bluetooth: RFCOMM ver 1.11
[    3.372048] Bluetooth: BNEP (Ethernet Emulation) ver 1.3
[    3.377318] Bluetooth: BNEP filters: protocol multicast
[    3.382512] Bluetooth: BNEP socket layer initialized
[    3.387439] Bluetooth: HIDP (Human Interface Emulation) ver 1.2
[    3.393323] Bluetooth: HIDP socket layer initialized
[    3.398374] 9pnet: Installing 9P2000 support
[    3.402500] NET: Registered protocol family 36
[    3.406917] Key type dns_resolver registered
[    3.411349] registered taskstats version 1
[    3.415213] Loading compiled-in X.509 certificates
[    3.420329] Btrfs loaded, crc32c=crc32c-generic
[    3.432737] ff000000.serial: ttyPS0 at MMIO 0xff000000 (irq = 49, base_baud = 6249999) is a xuartps
[    3.441756] printk: console [ttyPS0] enabled
[    3.446051] printk: bootconsole [cdns0] disabled
[    3.455680] ff010000.serial: ttyPS1 at MMIO 0xff010000 (irq = 50, base_baud = 6249999) is a xuartps
[    3.468920] of-fpga-region fpga-full: FPGA Region probed
[    3.475874] nwl-pcie fd0e0000.pcie: host bridge /axi/pcie@fd0e0000 ranges:
[    3.482768] nwl-pcie fd0e0000.pcie:      MEM 0x00e0000000..0x00efffffff -> 0x00e0000000
[    3.490773] nwl-pcie fd0e0000.pcie:      MEM 0x0600000000..0x07ffffffff -> 0x0600000000
[    3.498841] nwl-pcie fd0e0000.pcie: Link is DOWN
[    3.503602] nwl-pcie fd0e0000.pcie: PCI host bridge to bus 0000:00
[    3.509780] pci_bus 0000:00: root bus resource [bus 00-ff]
[    3.515261] pci_bus 0000:00: root bus resource [mem 0xe0000000-0xefffffff]
[    3.522126] pci_bus 0000:00: root bus resource [mem 0x600000000-0x7ffffffff pref]
[    3.529629] pci 0000:00:00.0: [10ee:d021] type 01 class 0x060400
[    3.535691] pci 0000:00:00.0: PME# supported from D0 D1 D2 D3hot
[    3.546136] pci 0000:00:00.0: PCI bridge to [bus 01-0c]
[    3.552120] xilinx-zynqmp-dma fd500000.dma: ZynqMP DMA driver Probe success
[    3.559296] xilinx-zynqmp-dma fd510000.dma: ZynqMP DMA driver Probe success
[    3.566472] xilinx-zynqmp-dma fd520000.dma: ZynqMP DMA driver Probe success
[    3.573642] xilinx-zynqmp-dma fd530000.dma: ZynqMP DMA driver Probe success
[    3.580816] xilinx-zynqmp-dma fd540000.dma: ZynqMP DMA driver Probe success
[    3.587984] xilinx-zynqmp-dma fd550000.dma: ZynqMP DMA driver Probe success
[    3.595156] xilinx-zynqmp-dma fd560000.dma: ZynqMP DMA driver Probe success
[    3.602324] xilinx-zynqmp-dma fd570000.dma: ZynqMP DMA driver Probe success
[    3.609728] xilinx-zynqmp-dpdma fd4c0000.dma-controller: Xilinx DPDMA engine is probed
[    3.618279] ahci-ceva fd0c0000.ahci: supply ahci not found, using dummy regulator
[    3.625825] ahci-ceva fd0c0000.ahci: supply phy not found, using dummy regulator
[    3.715902] hmc7044 spi2.0: PLL1: Acquisition, CLKIN0 @ 122880000 Hz, PFD: 80 kHz - PLL2: Locked @ 3032.000000 MHz
[    3.726616] jesd204: /axi/spi@ff050000/hmc7044@0,jesd204:1,parent=spi2.0: Using as SYSREF provider
[    3.736193] spi-nor spi0.0: SPI-NOR-UniqueID 100000235394732200270025081115266e
[    3.743497] spi-nor spi0.0: found n25q512a, expected m25p80
[    3.749699] spi-nor spi0.0: trying to lock already unlocked area
[    3.755698] spi-nor spi0.0: n25q512a (131072 Kbytes)
[    3.760676] 4 fixed-partitions partitions found on MTD device spi0.0
[    3.767022] Creating 4 MTD partitions on "spi0.0":
[    3.771808] 0x000000000000-0x000000100000 : "qspi-fsbl-uboot"
[    3.778284] 0x000000100000-0x000000600000 : "qspi-linux"
[    3.784248] 0x000000600000-0x000000620000 : "qspi-device-tree"
[    3.790736] 0x000000620000-0x000000c00000 : "qspi-rootfs"
[    3.799199] macb ff0e0000.ethernet: Not enabling partial store and forward
[    3.806715] libphy: MACB_mii_bus: probed
[    3.811779] macb ff0e0000.ethernet eth0: Cadence GEM rev 0x50070106 at 0xff0e0000 irq 30 (00:0a:35:04:8e:1b)
[    3.821986] xilinx-axipmon ffa00000.perf-monitor: Probed Xilinx APM
[    3.828555] xilinx-axipmon fd0b0000.perf-monitor: Probed Xilinx APM
[    3.835071] xilinx-axipmon fd490000.perf-monitor: Probed Xilinx APM
[    3.841615] xilinx-axipmon ffa10000.perf-monitor: Probed Xilinx APM
[    3.851629] pca953x 0-0020: supply vcc not found, using dummy regulator
[    3.858315] pca953x 0-0020: using no AI
[    3.862804] gpio-496 (sel0): hogged as output/low
[    3.867702] gpio-497 (sel1): hogged as output/high
[    3.872689] gpio-498 (sel2): hogged as output/high
[    3.877679] gpio-499 (sel3): hogged as output/high
[    3.882856] pca953x 0-0021: supply vcc not found, using dummy regulator
[    3.889524] pca953x 0-0021: using no AI
[    3.895289] ina2xx 2-0040: power monitor ina226 (Rshunt = 5000 uOhm)
[    3.902317] ina2xx 2-0041: power monitor ina226 (Rshunt = 5000 uOhm)
[    3.909351] ina2xx 2-0042: power monitor ina226 (Rshunt = 5000 uOhm)
[    3.916379] ina2xx 2-0043: power monitor ina226 (Rshunt = 5000 uOhm)
[    3.923403] ina2xx 2-0044: power monitor ina226 (Rshunt = 5000 uOhm)
[    3.930425] ina2xx 2-0045: power monitor ina226 (Rshunt = 5000 uOhm)
[    3.937455] ina2xx 2-0046: power monitor ina226 (Rshunt = 5000 uOhm)
[    3.944523] ina2xx 2-0047: power monitor ina226 (Rshunt = 5000 uOhm)
[    3.951549] ina2xx 2-004a: power monitor ina226 (Rshunt = 5000 uOhm)
[    3.958577] ina2xx 2-004b: power monitor ina226 (Rshunt = 5000 uOhm)
[    3.964987] i2c i2c-0: Added multiplexed i2c bus 2
[    3.970371] random: fast init done
[    3.973846] ina2xx 3-0040: power monitor ina226 (Rshunt = 2000 uOhm)
[    3.980874] ina2xx 3-0041: power monitor ina226 (Rshunt = 5000 uOhm)
[    3.987897] ina2xx 3-0042: power monitor ina226 (Rshunt = 5000 uOhm)
[    3.994925] ina2xx 3-0043: power monitor ina226 (Rshunt = 5000 uOhm)
[    4.001951] ina2xx 3-0044: power monitor ina226 (Rshunt = 5000 uOhm)
[    4.008984] ina2xx 3-0045: power monitor ina226 (Rshunt = 5000 uOhm)
[    4.016017] ina2xx 3-0046: power monitor ina226 (Rshunt = 5000 uOhm)
[    4.023055] ina2xx 3-0047: power monitor ina226 (Rshunt = 5000 uOhm)
[    4.029456] i2c i2c-0: Added multiplexed i2c bus 3
[    4.085601] i2c i2c-0: Added multiplexed i2c bus 4
[    4.090545] i2c i2c-0: Added multiplexed i2c bus 5
[    4.095332] pca954x 0-0075: registered 4 multiplexed busses for I2C mux pca9544
[    4.102682] cdns-i2c ff020000.i2c: 400 kHz mmio ff020000 irq 32
[    4.110410] at24 6-0054: supply vcc not found, using dummy regulator
[    4.117301] at24 6-0054: 1024 byte 24c08 EEPROM, writable, 1 bytes/write
[    4.124053] i2c i2c-1: Added multiplexed i2c bus 6
[    4.130480] si5341 7-0036: Chip: 5341 Grade: 1 Rev: 1
[    4.168179] i2c i2c-1: Added multiplexed i2c bus 7
[    4.175833] si570 8-005d: registered, current frequency 300000000 Hz
[    4.182233] i2c i2c-1: Added multiplexed i2c bus 8
[    4.202009] si570 9-005d: registered, current frequency 148500000 Hz
[    4.208412] i2c i2c-1: Added multiplexed i2c bus 9
[    4.213450] si5324 10-0069: si5328 probed
[    4.280095] si5324 10-0069: si5328 probe successful
[    4.285028] i2c i2c-1: Added multiplexed i2c bus 10
[    4.290051] i2c i2c-1: Added multiplexed i2c bus 11
[    4.295077] i2c i2c-1: Added multiplexed i2c bus 12
[    4.300100] i2c i2c-1: Added multiplexed i2c bus 13
[    4.304980] pca954x 1-0074: registered 8 multiplexed busses for I2C switch pca9548
[    4.313093] at24 14-0050: supply vcc not found, using dummy regulator
[    4.319886] at24 14-0050: 256 byte 24c02 EEPROM, writable, 1 bytes/write
[    4.326633] i2c i2c-1: Added multiplexed i2c bus 14
[    4.331672] i2c i2c-1: Added multiplexed i2c bus 15
[    4.336708] i2c i2c-1: Added multiplexed i2c bus 16
[    4.341740] i2c i2c-1: Added multiplexed i2c bus 17
[    4.346774] i2c i2c-1: Added multiplexed i2c bus 18
[    4.351824] i2c i2c-1: Added multiplexed i2c bus 19
[    4.356862] i2c i2c-1: Added multiplexed i2c bus 20
[    4.361898] i2c i2c-1: Added multiplexed i2c bus 21
[    4.366772] pca954x 1-0075: registered 8 multiplexed busses for I2C switch pca9548
[    4.374383] cdns-i2c ff030000.i2c: 400 kHz mmio ff030000 irq 33
[    4.384138] cdns-wdt fd4d0000.watchdog: Xilinx Watchdog Timer with timeout 60s
[    4.394929] axi_adxcvr 84a60000.axi-adxcvr-rx: AXI-ADXCVR-RX (17.05.a) using CPLL on GTH4 at 0x84A60000. Number of lanes: 4.
[    4.407094] axi_adxcvr 84b60000.axi-adxcvr-tx: AXI-ADXCVR-TX (17.05.a) using QPLL on GTH4 at 0x84B60000. Number of lanes: 4.
[    4.418717] axi-jesd204-rx 84a90000.axi-jesd204-rx: AXI-JESD204-RX (1.07.a) at 0x84A90000. Encoder 8b10b, width 4/4, lanes 4, jesd204-fsm.
[    4.426238] mmc0: SDHCI controller on ff170000.mmc [ff170000.mmc] using ADMA 64-bit
[    4.431557] axi-jesd204-tx 84b90000.axi-jesd204-tx: AXI-JESD204-TX (1.06.a) at 0x84B90000. Encoder 8b10b, width 4/4, lanes 4, jesd204-fsm.
[    4.452298] zynqmp-display fd4a0000.display: vtc bridge property not present
[    4.461947] xilinx-dp-snd-codec fd4a0000.display:zynqmp_dp_snd_codec0: Failed to get required clock freq
[    4.471454] xilinx-dp-snd-codec: probe of fd4a0000.display:zynqmp_dp_snd_codec0 failed with error -22
[    4.473517] mmc0: new high speed SDHC card at address 0001
[    4.480992] xilinx-dp-snd-pcm zynqmp_dp_snd_pcm0: Xilinx DisplayPort Sound PCM probed
[    4.486504] mmcblk0: mmc0:0001 EB1QT 29.8 GiB 
[    4.494313] xilinx-dp-snd-pcm zynqmp_dp_snd_pcm1: Xilinx DisplayPort Sound PCM probed
[    4.499649]  mmcblk0: p1 p2 p3
[    4.506616] OF: graph: no port node found in /axi/display@fd4a0000
[    4.515694] xlnx-drm xlnx-drm.0: bound fd4a0000.display (ops 0xffffffc010fcbdb8)
[    5.599750] zynqmp-display fd4a0000.display: [drm] Cannot find any crtc or sizes
[    5.607366] [drm] Initialized xlnx 1.0.0 20130509 for fd4a0000.display on minor 0
[    5.614855] zynqmp-display fd4a0000.display: ZynqMP DisplayPort Subsystem driver probed
[    5.623179] ahci-ceva fd0c0000.ahci: supply ahci not found, using dummy regulator
[    5.630722] ahci-ceva fd0c0000.ahci: supply phy not found, using dummy regulator
[    5.638176] ahci-ceva fd0c0000.ahci: supply target not found, using dummy regulator
[    5.646012] ahci-ceva fd0c0000.ahci: AHCI 0001.0301 32 slots 2 ports 6 Gbps 0x3 impl platform mode
[    5.654970] ahci-ceva fd0c0000.ahci: flags: 64bit ncq sntf pm clo only pmp fbs pio slum part ccc sds apst 
[    5.665666] scsi host0: ahci-ceva
[    5.669255] scsi host1: ahci-ceva
[    5.672691] ata1: SATA max UDMA/133 mmio [mem 0xfd0c0000-0xfd0c1fff] port 0x100 irq 45
[    5.680601] ata2: SATA max UDMA/133 mmio [mem 0xfd0c0000-0xfd0c1fff] port 0x180 irq 45
[    5.689206] ad9081 spi1.0: supply vdd not found, using dummy regulator
[    6.001937] ata1: SATA link down (SStatus 0 SControl 330)
[    6.012418] ata2: SATA link down (SStatus 0 SControl 330)
[    6.683752] zynqmp-display fd4a0000.display: [drm] Cannot find any crtc or sizes
[    7.527873] ad9081 spi1.0: AD9081 Rev. 2 Grade 10 (API 1.2.2) probed
[    7.535062] xhci-hcd xhci-hcd.1.auto: xHCI Host Controller
[    7.540559] xhci-hcd xhci-hcd.1.auto: new USB bus registered, assigned bus number 1
[    7.548303] xhci-hcd xhci-hcd.1.auto: hcc params 0x0238f625 hci version 0x100 quirks 0x0000000002010810
[    7.557723] xhci-hcd xhci-hcd.1.auto: irq 59, io mem 0xfe200000
[    7.563838] usb usb1: New USB device found, idVendor=1d6b, idProduct=0002, bcdDevice= 5.10
[    7.572097] usb usb1: New USB device strings: Mfr=3, Product=2, SerialNumber=1
[    7.579314] usb usb1: Product: xHCI Host Controller
[    7.584183] usb usb1: Manufacturer: Linux 5.10.0-98103-g2aa7ac113716 xhci-hcd
[    7.591309] usb usb1: SerialNumber: xhci-hcd.1.auto
[    7.596478] hub 1-0:1.0: USB hub found
[    7.600243] hub 1-0:1.0: 1 port detected
[    7.604341] xhci-hcd xhci-hcd.1.auto: xHCI Host Controller
[    7.609829] xhci-hcd xhci-hcd.1.auto: new USB bus registered, assigned bus number 2
[    7.617485] xhci-hcd xhci-hcd.1.auto: Host supports USB 3.0 SuperSpeed
[    7.624103] usb usb2: New USB device found, idVendor=1d6b, idProduct=0003, bcdDevice= 5.10
[    7.632360] usb usb2: New USB device strings: Mfr=3, Product=2, SerialNumber=1
[    7.639578] usb usb2: Product: xHCI Host Controller
[    7.644454] usb usb2: Manufacturer: Linux 5.10.0-98103-g2aa7ac113716 xhci-hcd
[    7.651583] usb usb2: SerialNumber: xhci-hcd.1.auto
[    7.656694] hub 2-0:1.0: USB hub found
[    7.660455] hub 2-0:1.0: 1 port detected
[    7.690501] cf_axi_adc 84a10000.axi-ad9081-rx-hpc: ADI AIM (10.01.b) at 0x84A10000 mapped to 0x(____ptrval____), probed ADC AD9081 as MASTER
[    7.720581] cf_axi_dds 84b10000.axi-ad9081-tx-hpc: Analog Devices CF_AXI_DDS_DDS MASTER (9.01.b) at 0x84B10000 mapped to 0x(____ptrval____), probed DDS AD9081
[    7.734779] jesd204: /axi/spi@ff040000/ad9081@0,jesd204:0,parent=spi1.0: JESD204[2] transition initialized -> probed
[    7.745300] jesd204: /axi/spi@ff040000/ad9081@0,jesd204:0,parent=spi1.0: JESD204[0] transition initialized -> probed
[    7.755823] jesd204: /axi/spi@ff040000/ad9081@0,jesd204:0,parent=spi1.0: JESD204[2] transition probed -> idle
[    7.765730] jesd204: /axi/spi@ff040000/ad9081@0,jesd204:0,parent=spi1.0: JESD204[0] transition probed -> idle
[    7.775648] jesd204: /axi/spi@ff040000/ad9081@0,jesd204:0,parent=spi1.0: JESD204[2] transition idle -> device_init
[    7.785989] jesd204: /axi/spi@ff040000/ad9081@0,jesd204:0,parent=spi1.0: JESD204[0] transition idle -> device_init
[    7.796345] jesd204: /axi/spi@ff040000/ad9081@0,jesd204:0,parent=spi1.0: JESD204[2] transition device_init -> link_init
[    7.807126] jesd204: /axi/spi@ff040000/ad9081@0,jesd204:0,parent=spi1.0: JESD204[0] transition device_init -> link_init
[    7.817917] jesd204: /axi/spi@ff040000/ad9081@0,jesd204:0,parent=spi1.0: JESD204[2] transition link_init -> link_supported
[    7.828955] jesd204: /axi/spi@ff040000/ad9081@0,jesd204:0,parent=spi1.0: JESD204[0] transition link_init -> link_supported
[    7.840373] hmc7044 spi2.0: hmc7044_jesd204_link_pre_setup: Link2 forcing continuous SYSREF mode
[    7.849312] axi-jesd204-rx 84a90000.axi-jesd204-rx: axi_jesd204_rx_jesd204_link_pre_setup: Link2 set lane rate 15160000 kHz failed (-22)
[    7.861569] jesd204: /fpga-axi@0/axi-jesd204-rx@84a90000,jesd204:4,parent=84a90000.axi-jesd204-rx: JESD204[2] In link_pre_setup got error from cb: -22
[    7.875038] jesd204: /axi/spi@ff040000/ad9081@0,jesd204:0,parent=spi1.0: Rolling back from 'link_supported', got error -22
[    7.886083] jesd204: /axi/spi@ff040000/ad9081@0,jesd204:0,parent=spi1.0: JESD204[0] transition link_supported -> link_pre_setup
[    7.897554] jesd204: /axi/spi@ff040000/ad9081@0,jesd204:0,parent=spi1.0: JESD204[2] transition link_supported -> link_pre_setup
[    7.909037] jesd204: /axi/spi@ff040000/ad9081@0,jesd204:0,parent=spi1.0: JESD204[0] transition link_pre_setup -> link_supported
[    7.920513] jesd204: /axi/spi@ff040000/ad9081@0,jesd204:0,parent=spi1.0: JESD204[2] transition link_pre_setup -> link_supported
[    7.931990] jesd204: /axi/spi@ff040000/ad9081@0,jesd204:0,parent=spi1.0: JESD204[0] transition link_supported -> link_init
[    7.943028] jesd204: /axi/spi@ff040000/ad9081@0,jesd204:0,parent=spi1.0: JESD204[2] transition link_supported -> link_init
[    7.954075] jesd204: /axi/spi@ff040000/ad9081@0,jesd204:0,parent=spi1.0: JESD204[0] transition link_init -> device_init
[    7.964854] jesd204: /axi/spi@ff040000/ad9081@0,jesd204:0,parent=spi1.0: JESD204[2] transition link_init -> device_init
[    7.975633] jesd204: /axi/spi@ff040000/ad9081@0,jesd204:0,parent=spi1.0: JESD204[0] transition device_init -> idle
[    7.985976] jesd204: /axi/spi@ff040000/ad9081@0,jesd204:0,parent=spi1.0: JESD204[2] transition device_init -> idle
[    7.996328] jesd204: /axi/spi@ff040000/ad9081@0,jesd204:0,parent=spi1.0: JESD204[2] transition idle -> idle
[    8.006062] jesd204: /axi/spi@ff040000/ad9081@0,jesd204:0,parent=spi1.0: JESD204[0] transition idle -> idle
[    8.015804] jesd204: /axi/spi@ff040000/ad9081@0,jesd204:0,parent=spi1.0: JESD204[2] transition idle -> device_init
[    8.026147] jesd204: /axi/spi@ff040000/ad9081@0,jesd204:0,parent=spi1.0: JESD204[0] transition idle -> device_init
[    8.036498] jesd204: /axi/spi@ff040000/ad9081@0,jesd204:0,parent=spi1.0: JESD204[2] transition device_init -> link_init
[    8.047275] jesd204: /axi/spi@ff040000/ad9081@0,jesd204:0,parent=spi1.0: JESD204[0] transition device_init -> link_init
[    8.058062] jesd204: /axi/spi@ff040000/ad9081@0,jesd204:0,parent=spi1.0: JESD204[2] transition link_init -> link_supported
[    8.069110] jesd204: /axi/spi@ff040000/ad9081@0,jesd204:0,parent=spi1.0: JESD204[0] transition link_init -> link_supported
[    8.080327] axi-jesd204-rx 84a90000.axi-jesd204-rx: axi_jesd204_rx_jesd204_link_pre_setup: Link2 set lane rate 15160000 kHz failed (-22)
[    8.092590] jesd204: /fpga-axi@0/axi-jesd204-rx@84a90000,jesd204:4,parent=84a90000.axi-jesd204-rx: JESD204[2] In link_pre_setup got error from cb: -22
[    8.106057] jesd204: /axi/spi@ff040000/ad9081@0,jesd204:0,parent=spi1.0: Rolling back from 'link_supported', got error -22
[    8.117101] jesd204: /axi/spi@ff040000/ad9081@0,jesd204:0,parent=spi1.0: JESD204[0] transition link_supported -> link_pre_setup
[    8.128571] jesd204: /axi/spi@ff040000/ad9081@0,jesd204:0,parent=spi1.0: JESD204[2] transition link_supported -> link_pre_setup
[    8.140049] jesd204: /axi/spi@ff040000/ad9081@0,jesd204:0,parent=spi1.0: JESD204[0] transition link_pre_setup -> link_supported
[    8.151524] jesd204: /axi/spi@ff040000/ad9081@0,jesd204:0,parent=spi1.0: JESD204[2] transition link_pre_setup -> link_supported
[    8.162999] jesd204: /axi/spi@ff040000/ad9081@0,jesd204:0,parent=spi1.0: JESD204[0] transition link_supported -> link_init
[    8.174037] jesd204: /axi/spi@ff040000/ad9081@0,jesd204:0,parent=spi1.0: JESD204[2] transition link_supported -> link_init
[    8.185084] jesd204: /axi/spi@ff040000/ad9081@0,jesd204:0,parent=spi1.0: JESD204[0] transition link_init -> device_init
[    8.195859] jesd204: /axi/spi@ff040000/ad9081@0,jesd204:0,parent=spi1.0: JESD204[2] transition link_init -> device_init
[    8.206643] jesd204: /axi/spi@ff040000/ad9081@0,jesd204:0,parent=spi1.0: JESD204[0] transition device_init -> idle
[    8.216990] jesd204: /axi/spi@ff040000/ad9081@0,jesd204:0,parent=spi1.0: JESD204[2] transition device_init -> idle
[    8.227338] jesd204: /axi/spi@ff040000/ad9081@0,jesd204:0,parent=spi1.0: JESD204[2] transition idle -> idle
[    8.237072] jesd204: /axi/spi@ff040000/ad9081@0,jesd204:0,parent=spi1.0: JESD204[0] transition idle -> idle
[    8.246813] jesd204: /axi/spi@ff040000/ad9081@0,jesd204:0,parent=spi1.0: JESD204[2] transition idle -> device_init
[    8.257157] jesd204: /axi/spi@ff040000/ad9081@0,jesd204:0,parent=spi1.0: JESD204[0] transition idle -> device_init
[    8.267507] jesd204: /axi/spi@ff040000/ad9081@0,jesd204:0,parent=spi1.0: JESD204[2] transition device_init -> link_init
[    8.278284] jesd204: /axi/spi@ff040000/ad9081@0,jesd204:0,parent=spi1.0: JESD204[0] transition device_init -> link_init
[    8.289072] jesd204: /axi/spi@ff040000/ad9081@0,jesd204:0,parent=spi1.0: JESD204[2] transition link_init -> link_supported
[    8.300115] jesd204: /axi/spi@ff040000/ad9081@0,jesd204:0,parent=spi1.0: JESD204[0] transition link_init -> link_supported
[    8.311302] axi-jesd204-rx 84a90000.axi-jesd204-rx: axi_jesd204_rx_jesd204_link_pre_setup: Link2 set lane rate 15160000 kHz failed (-22)
[    8.323561] jesd204: /fpga-axi@0/axi-jesd204-rx@84a90000,jesd204:4,parent=84a90000.axi-jesd204-rx: JESD204[2] In link_pre_setup got error from cb: -22
[    8.337030] jesd204: /axi/spi@ff040000/ad9081@0,jesd204:0,parent=spi1.0: Rolling back from 'link_supported', got error -22
[    8.348079] jesd204: /axi/spi@ff040000/ad9081@0,jesd204:0,parent=spi1.0: JESD204[0] transition link_supported -> link_pre_setup
[    8.359555] jesd204: /axi/spi@ff040000/ad9081@0,jesd204:0,parent=spi1.0: JESD204[2] transition link_supported -> link_pre_setup
[    8.371035] jesd204: /axi/spi@ff040000/ad9081@0,jesd204:0,parent=spi1.0: JESD204[0] transition link_pre_setup -> link_supported
[    8.382505] jesd204: /axi/spi@ff040000/ad9081@0,jesd204:0,parent=spi1.0: JESD204[2] transition link_pre_setup -> link_supported
[    8.393982] jesd204: /axi/spi@ff040000/ad9081@0,jesd204:0,parent=spi1.0: JESD204[0] transition link_supported -> link_init
[    8.405020] jesd204: /axi/spi@ff040000/ad9081@0,jesd204:0,parent=spi1.0: JESD204[2] transition link_supported -> link_init
[    8.416068] jesd204: /axi/spi@ff040000/ad9081@0,jesd204:0,parent=spi1.0: JESD204[0] transition link_init -> device_init
[    8.426843] jesd204: /axi/spi@ff040000/ad9081@0,jesd204:0,parent=spi1.0: JESD204[2] transition link_init -> device_init
[    8.437626] jesd204: /axi/spi@ff040000/ad9081@0,jesd204:0,parent=spi1.0: JESD204[0] transition device_init -> idle
[    8.447971] jesd204: /axi/spi@ff040000/ad9081@0,jesd204:0,parent=spi1.0: JESD204[2] transition device_init -> idle
[    8.458322] jesd204: /axi/spi@ff040000/ad9081@0,jesd204:0,parent=spi1.0: JESD204[2] transition idle -> idle
[    8.468055] jesd204: /axi/spi@ff040000/ad9081@0,jesd204:0,parent=spi1.0: JESD204[0] transition idle -> idle
[    8.477801] jesd204: /axi/spi@ff040000/ad9081@0,jesd204:0,parent=spi1.0: JESD204[2] transition idle -> device_init
[    8.488150] jesd204: /axi/spi@ff040000/ad9081@0,jesd204:0,parent=spi1.0: JESD204[0] transition idle -> device_init
[    8.498499] jesd204: /axi/spi@ff040000/ad9081@0,jesd204:0,parent=spi1.0: JESD204[2] transition device_init -> link_init
[    8.509277] jesd204: /axi/spi@ff040000/ad9081@0,jesd204:0,parent=spi1.0: JESD204[0] transition device_init -> link_init
[    8.520064] jesd204: /axi/spi@ff040000/ad9081@0,jesd204:0,parent=spi1.0: JESD204[2] transition link_init -> link_supported
[    8.531107] jesd204: /axi/spi@ff040000/ad9081@0,jesd204:0,parent=spi1.0: JESD204[0] transition link_init -> link_supported
[    8.542294] axi-jesd204-rx 84a90000.axi-jesd204-rx: axi_jesd204_rx_jesd204_link_pre_setup: Link2 set lane rate 15160000 kHz failed (-22)
[    8.554554] jesd204: /fpga-axi@0/axi-jesd204-rx@84a90000,jesd204:4,parent=84a90000.axi-jesd204-rx: JESD204[2] In link_pre_setup got error from cb: -22
[    8.568024] jesd204: /axi/spi@ff040000/ad9081@0,jesd204:0,parent=spi1.0: Rolling back from 'link_supported', got error -22
[    8.579066] jesd204: /axi/spi@ff040000/ad9081@0,jesd204:0,parent=spi1.0: JESD204[0] transition link_supported -> link_pre_setup
[    8.590538] jesd204: /axi/spi@ff040000/ad9081@0,jesd204:0,parent=spi1.0: JESD204[2] transition link_supported -> link_pre_setup
[    8.602020] jesd204: /axi/spi@ff040000/ad9081@0,jesd204:0,parent=spi1.0: JESD204[0] transition link_pre_setup -> link_supported
[    8.613488] jesd204: /axi/spi@ff040000/ad9081@0,jesd204:0,parent=spi1.0: JESD204[2] transition link_pre_setup -> link_supported
[    8.624967] jesd204: /axi/spi@ff040000/ad9081@0,jesd204:0,parent=spi1.0: JESD204[0] transition link_supported -> link_init
[    8.636004] jesd204: /axi/spi@ff040000/ad9081@0,jesd204:0,parent=spi1.0: JESD204[2] transition link_supported -> link_init
[    8.647051] jesd204: /axi/spi@ff040000/ad9081@0,jesd204:0,parent=spi1.0: JESD204[0] transition link_init -> device_init
[    8.657826] jesd204: /axi/spi@ff040000/ad9081@0,jesd204:0,parent=spi1.0: JESD204[2] transition link_init -> device_init
[    8.668609] jesd204: /axi/spi@ff040000/ad9081@0,jesd204:0,parent=spi1.0: JESD204[0] transition device_init -> idle
[    8.678953] jesd204: /axi/spi@ff040000/ad9081@0,jesd204:0,parent=spi1.0: JESD204[2] transition device_init -> idle
[    8.689299] jesd204: /axi/spi@ff040000/ad9081@0,jesd204:0,parent=spi1.0: FSM completed with error -22
[    8.707751] input: gpio-keys as /devices/platform/gpio-keys/input/input0
[    8.714761] of_cfs_init
[    8.717222] of_cfs_init: OK
[    8.720165] cfg80211: Loading compiled-in X.509 certificates for regulatory database
[    8.858400] cfg80211: Loaded X.509 cert 'sforshee: 00b28ddf47aef9cea7'
[    8.864939] clk: Not disabling unused clocks
[    8.869473] ALSA device list:
[    8.872433]   No soundcards found.
[    8.876100] platform regulatory.0: Direct firmware load for regulatory.db failed with error -2
[    8.884717] cfg80211: failed to load regulatory.db
[    8.899273] EXT4-fs (mmcblk0p2): mounted filesystem with ordered data mode. Opts: (null)
[    8.907384] VFS: Mounted root (ext4 filesystem) on device 179:2.
[    8.920802] devtmpfs: mounted
[    8.924612] Freeing unused kernel memory: 2560K
[    8.943783] Run /sbin/init as init process
[    8.947874]   with arguments:
[    8.947877]     /sbin/init
[    8.947879]   with environment:
[    8.947881]     HOME=/
[    8.947884]     TERM=linux
[    9.512629] systemd[1]: systemd 241 running in system mode. (+PAM +AUDIT +SELINUX +IMA +APPARMOR +SMACK +SYSVINIT +UTMP +LIBCRYPTSETUP +GCRYPT +GNUTLS +ACL +XZ +LZ4 +SECCOMP +BLKID +ELFUTILS +KMOD -IDN2 +IDN -PCRE2 default-hierarchy=hybrid)
[    9.534497] systemd[1]: Detected architecture arm64.
[    9.556443] systemd[1]: Set hostname to <analog>.
[    9.733777] systemd[1]: File /lib/systemd/system/systemd-journald.service:12 configures an IP firewall (IPAddressDeny=any), but the local system does not support BPF/cgroup based firewalling.
[    9.750831] systemd[1]: Proceeding WITHOUT firewalling in effect! (This warning is only shown for the first loaded unit using IP firewalling.)
[    9.914031] systemd[1]: /etc/systemd/system/tof-server.service:1: Assignment outside of section. Ignoring.
[    9.923811] systemd[1]: /etc/systemd/system/tof-server.service:2: Assignment outside of section. Ignoring.
[   10.106840] random: systemd: uninitialized urandom read (16 bytes read)
[   10.121488] random: systemd: uninitialized urandom read (16 bytes read)
[   10.128308] systemd[1]: Listening on initctl Compatibility Named Pipe.
[   10.151851] random: systemd: uninitialized urandom read (16 bytes read)
[   10.159035] systemd[1]: Created slice system-serial\x2dgetty.slice.
[   10.180170] systemd[1]: Listening on Journal Socket (/dev/log).
[   10.952411] EXT4-fs (mmcblk0p2): re-mounted. Opts: (null)
[   11.076516] systemd-journald[156]: Received request to flush runtime journal from PID 1
[   16.649752] random: crng init done
[   16.649763] random: 7 urandom warning(s) missed due to ratelimiting
[   17.103394] macb ff0e0000.ethernet eth0: PHY [ff0e0000.ethernet-ffffffff:0c] driver [TI DP83867] (irq=POLL)
[   17.103407] macb ff0e0000.ethernet eth0: configuring for phy/rgmii-id link mode
[   18.659775] Adding 70652k swap on /var/swap.  Priority:-2 extents:2 across:87672k SS
[   21.185355] macb ff0e0000.ethernet eth0: Link is Up - 1Gbps/Full - flow control off
[   21.185381] IPv6: ADDRCONF(NETDEV_CHANGE): eth0: link becomes ready
[   26.925027] broken atomic modeset userspace detected, disabling atomic
[   29.593136] broken atomic modeset userspace detected, disabling atomic