[    0.000000] Booting Linux on physical CPU 0x0000000000 [0x410fd034]
[    0.000000] Linux version 5.10.0-98103-g2aa7ac113716 (jenkins@romlxbuild1.adlk.analog.com) (aarch64-xilinx-linux-gcc.real (GCC) 10.2.0, GNU ld (GNU Binutils) 2.35.0.20200730) #5577 SMP Wed Mar 23 07:28:49 GMT 2022
[    0.000000] Machine model: ZynqMP ZCU102 Rev1.0
[    0.000000] earlycon: cdns0 at MMIO 0x00000000ff000000 (options '115200n8')
[    0.000000] printk: bootconsole [cdns0] enabled
[    0.000000] efi: UEFI not found.
[    0.000000] cma: Reserved 256 MiB at 0x0000000070000000
[    0.000000] Zone ranges:
[    0.000000]   DMA      [mem 0x0000000000000000-0x000000003fffffff]
[    0.000000]   DMA32    [mem 0x0000000040000000-0x00000000ffffffff]
[    0.000000]   Normal   [mem 0x0000000100000000-0x000000087fffffff]
[    0.000000] Movable zone start for each node
[    0.000000] Early memory node ranges
[    0.000000]   node   0: [mem 0x0000000000000000-0x000000007fffffff]
[    0.000000]   node   0: [mem 0x0000000800000000-0x000000087fffffff]
[    0.000000] Initmem setup node 0 [mem 0x0000000000000000-0x000000087fffffff]
[    0.000000] On node 0 totalpages: 1048576
[    0.000000]   DMA zone: 3584 pages used for memmap
[    0.000000]   DMA zone: 0 pages reserved
[    0.000000]   DMA zone: 262144 pages, LIFO batch:63
[    0.000000]   DMA32 zone: 3584 pages used for memmap
[    0.000000]   DMA32 zone: 262144 pages, LIFO batch:63
[    0.000000]   Normal zone: 7168 pages used for memmap
[    0.000000]   Normal zone: 524288 pages, LIFO batch:63
[    0.000000] psci: probing for conduit method from DT.
[    0.000000] psci: PSCIv1.1 detected in firmware.
[    0.000000] psci: Using standard PSCI v0.2 function IDs
[    0.000000] psci: MIGRATE_INFO_TYPE not supported.
[    0.000000] psci: SMC Calling Convention v1.2
[    0.000000] percpu: Embedded 22 pages/cpu s49496 r8192 d32424 u90112
[    0.000000] pcpu-alloc: s49496 r8192 d32424 u90112 alloc=22*4096
[    0.000000] pcpu-alloc: [0] 0 [0] 1 [0] 2 [0] 3 
[    0.000000] Detected VIPT I-cache on CPU0
[    0.000000] CPU features: detected: ARM erratum 845719
[    0.000000] Built 1 zonelists, mobility grouping on.  Total pages: 1034240
[    0.000000] Kernel command line: console=ttyPS0,115200 root=/dev/mmcblk0p2 rw earlycon rootfstype=ext4 rootwait clk_ignore_unused cpuidle.off=1 root=/dev/mmcblk0p2 rw rootwait
[    0.000000] Dentry cache hash table entries: 524288 (order: 10, 4194304 bytes, linear)
[    0.000000] Inode-cache hash table entries: 262144 (order: 9, 2097152 bytes, linear)
[    0.000000] mem auto-init: stack:off, heap alloc:off, heap free:off
[    0.000000] software IO TLB: mapped [mem 0x000000003bfff000-0x000000003ffff000] (64MB)
[    0.000000] Memory: 3761904K/4194304K available (15296K kernel code, 1636K rwdata, 11876K rodata, 2560K init, 507K bss, 170256K reserved, 262144K cma-reserved)
[    0.000000] rcu: Hierarchical RCU implementation.
[    0.000000] rcu: 	RCU event tracing is enabled.
[    0.000000] rcu: 	RCU restricting CPUs from NR_CPUS=8 to nr_cpu_ids=4.
[    0.000000] rcu: RCU calculated value of scheduler-enlistment delay is 25 jiffies.
[    0.000000] rcu: Adjusting geometry for rcu_fanout_leaf=16, nr_cpu_ids=4
[    0.000000] NR_IRQS: 64, nr_irqs: 64, preallocated irqs: 0
[    0.000000] GIC: Adjusting CPU interface base to 0x00000000f902f000
[    0.000000] GIC: Using split EOI/Deactivate mode
[    0.000000] random: get_random_bytes called from start_kernel+0x31c/0x54c with crng_init=0
[    0.000000] arch_timer: cp15 timer(s) running at 100.00MHz (phys).
[    0.000000] clocksource: arch_sys_counter: mask: 0xffffffffffffff max_cycles: 0x171024e7e0, max_idle_ns: 440795205315 ns
[    0.000004] sched_clock: 56 bits at 100MHz, resolution 10ns, wraps every 4398046511100ns
[    0.008463] Console: colour dummy device 80x25
[    0.012483] Calibrating delay loop (skipped), value calculated using timer frequency.. 200.00 BogoMIPS (lpj=400000)
[    0.022841] pid_max: default: 32768 minimum: 301
[    0.027551] Mount-cache hash table entries: 8192 (order: 4, 65536 bytes, linear)
[    0.034789] Mountpoint-cache hash table entries: 8192 (order: 4, 65536 bytes, linear)
[    0.043398] rcu: Hierarchical SRCU implementation.
[    0.047559] EFI services will not be available.
[    0.051938] smp: Bringing up secondary CPUs ...
[    0.056654] Detected VIPT I-cache on CPU1
[    0.056692] CPU1: Booted secondary processor 0x0000000001 [0x410fd034]
[    0.057056] Detected VIPT I-cache on CPU2
[    0.057080] CPU2: Booted secondary processor 0x0000000002 [0x410fd034]
[    0.057418] Detected VIPT I-cache on CPU3
[    0.057441] CPU3: Booted secondary processor 0x0000000003 [0x410fd034]
[    0.057487] smp: Brought up 1 node, 4 CPUs
[    0.091780] SMP: Total of 4 processors activated.
[    0.096452] CPU features: detected: 32-bit EL0 Support
[    0.101556] CPU features: detected: CRC32 instructions
[    0.106697] CPU: All CPU(s) started at EL2
[    0.110736] alternatives: patching kernel code
[    0.116169] devtmpfs: initialized
[    0.124062] Registered cp15_barrier emulation handler
[    0.124112] Registered setend emulation handler
[    0.128093] clocksource: jiffies: mask: 0xffffffff max_cycles: 0xffffffff, max_idle_ns: 7645041785100000 ns
[    0.137670] futex hash table entries: 1024 (order: 4, 65536 bytes, linear)
[    0.151030] pinctrl core: initialized pinctrl subsystem
[    0.151678] NET: Registered protocol family 16
[    0.156102] DMA: preallocated 512 KiB GFP_KERNEL pool for atomic allocations
[    0.162116] DMA: preallocated 512 KiB GFP_KERNEL|GFP_DMA pool for atomic allocations
[    0.169841] DMA: preallocated 512 KiB GFP_KERNEL|GFP_DMA32 pool for atomic allocations
[    0.177645] audit: initializing netlink subsys (disabled)
[    0.183097] audit: type=2000 audit(0.116:1): state=initialized audit_enabled=0 res=1
[    0.183440] hw-breakpoint: found 6 breakpoint and 4 watchpoint registers.
[    0.197472] ASID allocator initialised with 65536 entries
[    0.224363] HugeTLB registered 1.00 GiB page size, pre-allocated 0 pages
[    0.225421] HugeTLB registered 32.0 MiB page size, pre-allocated 0 pages
[    0.232091] HugeTLB registered 2.00 MiB page size, pre-allocated 0 pages
[    0.238755] HugeTLB registered 64.0 KiB page size, pre-allocated 0 pages
[    1.304326] DRBG: Continuing without Jitter RNG
[    1.382149] raid6: neonx8   gen()  2145 MB/s
[    1.450197] raid6: neonx8   xor()  1598 MB/s
[    1.518255] raid6: neonx4   gen()  2200 MB/s
[    1.586301] raid6: neonx4   xor()  1568 MB/s
[    1.654375] raid6: neonx2   gen()  2076 MB/s
[    1.722421] raid6: neonx2   xor()  1441 MB/s
[    1.790484] raid6: neonx1   gen()  1772 MB/s
[    1.858536] raid6: neonx1   xor()  1220 MB/s
[    1.926588] raid6: int64x8  gen()  1438 MB/s
[    1.994642] raid6: int64x8  xor()   771 MB/s
[    2.062712] raid6: int64x4  gen()  1599 MB/s
[    2.130766] raid6: int64x4  xor()   816 MB/s
[    2.198829] raid6: int64x2  gen()  1397 MB/s
[    2.266879] raid6: int64x2  xor()   750 MB/s
[    2.334969] raid6: int64x1  gen()  1034 MB/s
[    2.403018] raid6: int64x1  xor()   517 MB/s
[    2.403055] raid6: using algorithm neonx4 gen() 2200 MB/s
[    2.407013] raid6: .... xor() 1568 MB/s, rmw enabled
[    2.411944] raid6: using neon recovery algorithm
[    2.416960] iommu: Default domain type: Translated 
[    2.421570] SCSI subsystem initialized
[    2.425112] libata version 3.00 loaded.
[    2.425236] usbcore: registered new interface driver usbfs
[    2.430568] usbcore: registered new interface driver hub
[    2.435842] usbcore: registered new device driver usb
[    2.440975] mc: Linux media interface: v0.10
[    2.445092] videodev: Linux video capture interface: v2.00
[    2.450583] EDAC MC: Ver: 3.0.0
[    2.454021] zynqmp-ipi-mbox mailbox@ff990400: Registered ZynqMP IPI mbox with TX/RX channels.
[    2.462529] jesd204: created con: id=0, topo=0, link=0, /axi/spi@ff050000/hmc7044@0 <-> /fpga-axi@0/axi-adxcvr-tx@84b60000
[    2.473112] jesd204: created con: id=1, topo=0, link=2, /axi/spi@ff050000/hmc7044@0 <-> /fpga-axi@0/axi-adxcvr-rx@84a60000
[    2.484096] jesd204: created con: id=2, topo=0, link=0, /fpga-axi@0/axi-adxcvr-tx@84b60000 <-> /fpga-axi@0/axi-jesd204-tx@84b90000
[    2.495772] jesd204: created con: id=3, topo=0, link=2, /fpga-axi@0/axi-adxcvr-rx@84a60000 <-> /fpga-axi@0/axi-jesd204-rx@84a90000
[    2.507449] jesd204: created con: id=4, topo=0, link=0, /fpga-axi@0/axi-jesd204-tx@84b90000 <-> /fpga-axi@0/axi-ad9081-tx-hpc@84b10000
[    2.519477] jesd204: created con: id=5, topo=0, link=2, /fpga-axi@0/axi-jesd204-rx@84a90000 <-> /fpga-axi@0/axi-ad9081-rx-hpc@84a10000
[    2.531500] jesd204: created con: id=6, topo=0, link=2, /fpga-axi@0/axi-ad9081-rx-hpc@84a10000 <-> /axi/spi@ff040000/ad9081@0
[    2.542741] jesd204: created con: id=7, topo=0, link=0, /fpga-axi@0/axi-ad9081-tx-hpc@84b10000 <-> /axi/spi@ff040000/ad9081@0
[    2.553991] jesd204: /axi/spi@ff040000/ad9081@0: JESD204[2] transition uninitialized -> initialized
[    2.562977] jesd204: /axi/spi@ff040000/ad9081@0: JESD204[0] transition uninitialized -> initialized
[    2.571969] jesd204: found 8 devices and 1 topologies
[    2.577014] FPGA manager framework
[    2.580489] Advanced Linux Sound Architecture Driver Initialized.
[    2.586784] Bluetooth: Core ver 2.22
[    2.589972] NET: Registered protocol family 31
[    2.594373] Bluetooth: HCI device and connection manager initialized
[    2.600689] Bluetooth: HCI socket layer initialized
[    2.605532] Bluetooth: L2CAP socket layer initialized
[    2.610556] Bluetooth: SCO socket layer initialized
[    2.615741] clocksource: Switched to clocksource arch_sys_counter
[    2.621545] VFS: Disk quotas dquot_6.6.0
[    2.625383] VFS: Dquot-cache hash table entries: 512 (order 0, 4096 bytes)
[    2.636100] NET: Registered protocol family 2
[    2.636827] tcp_listen_portaddr_hash hash table entries: 2048 (order: 3, 32768 bytes, linear)
[    2.645023] TCP established hash table entries: 32768 (order: 6, 262144 bytes, linear)
[    2.653048] TCP bind hash table entries: 32768 (order: 7, 524288 bytes, linear)
[    2.660493] TCP: Hash tables configured (established 32768 bind 32768)
[    2.666666] UDP hash table entries: 2048 (order: 4, 65536 bytes, linear)
[    2.673334] UDP-Lite hash table entries: 2048 (order: 4, 65536 bytes, linear)
[    2.680495] NET: Registered protocol family 1
[    2.684969] RPC: Registered named UNIX socket transport module.
[    2.690569] RPC: Registered udp transport module.
[    2.695235] RPC: Registered tcp transport module.
[    2.699903] RPC: Registered tcp NFSv4.1 backchannel transport module.
[    2.706891] PCI: CLS 0 bytes, default 64
[    2.710591] hw perfevents: no interrupt-affinity property for /pmu, guessing.
[    2.717458] hw perfevents: enabled with armv8_pmuv3 PMU driver, 7 counters available
[    2.725800] Initialise system trusted keyrings
[    2.729481] workingset: timestamp_bits=62 max_order=20 bucket_order=0
[    2.736385] NFS: Registering the id_resolver key type
[    2.740836] Key type id_resolver registered
[    2.744971] Key type id_legacy registered
[    2.748962] nfs4filelayout_init: NFSv4 File Layout Driver Registering...
[    2.755628] jffs2: version 2.2. (NAND) (SUMMARY)  Â© 2001-2006 Red Hat, Inc.
[    2.798944] NET: Registered protocol family 38
[    2.798986] xor: measuring software checksum speed
[    2.806678]    8regs           :  2363 MB/sec
[    2.810346]    32regs          :  2799 MB/sec
[    2.815289]    arm64_neon      :  2380 MB/sec
[    2.815479] xor: using function: 32regs (2799 MB/sec)
[    2.820505] Key type asymmetric registered
[    2.824566] Asymmetric key parser 'x509' registered
[    2.829427] Block layer SCSI generic (bsg) driver version 0.4 loaded (major 248)
[    2.836764] io scheduler mq-deadline registered
[    2.841261] io scheduler kyber registered
[    2.870708] Serial: 8250/16550 driver, 4 ports, IRQ sharing disabled
[    2.875342] cacheinfo: Unable to detect cache hierarchy for CPU 0
[    2.881680] brd: module loaded
[    2.885838] loop: module loaded
[    2.886383] Registered mathworks_ip class
[    2.889737] libphy: Fixed MDIO Bus: probed
[    2.892690] tun: Universal TUN/TAP device driver, 1.6
[    2.896766] CAN device driver interface
[    2.901293] usbcore: registered new interface driver asix
[    2.905896] usbcore: registered new interface driver ax88179_178a
[    2.911927] usbcore: registered new interface driver cdc_ether
[    2.917723] usbcore: registered new interface driver net1080
[    2.923342] usbcore: registered new interface driver cdc_subset
[    2.929224] usbcore: registered new interface driver zaurus
[    2.934773] usbcore: registered new interface driver cdc_ncm
[    2.941173] ehci_hcd: USB 2.0 'Enhanced' Host Controller (EHCI) Driver
[    2.946853] ehci-pci: EHCI PCI platform driver
[    2.951649] usbcore: registered new interface driver uas
[    2.956574] usbcore: registered new interface driver usb-storage
[    2.962560] usbcore: registered new interface driver usbserial_generic
[    2.969011] usbserial: USB Serial support registered for generic
[    2.974982] usbcore: registered new interface driver ftdi_sio
[    2.980685] usbserial: USB Serial support registered for FTDI USB Serial Device
[    2.987958] usbcore: registered new interface driver upd78f0730
[    2.993834] usbserial: USB Serial support registered for upd78f0730
[    3.001495] rtc_zynqmp ffa60000.rtc: registered as rtc0
[    3.005258] rtc_zynqmp ffa60000.rtc: setting system clock to 2022-03-26T00:39:33 UTC (1648255173)
[    3.014121] i2c /dev entries driver
[    3.019430] usbcore: registered new interface driver uvcvideo
[    3.023233] USB Video Class driver (1.1.1)
[    3.028814] Bluetooth: HCI UART driver ver 2.3
[    3.031705] Bluetooth: HCI UART protocol H4 registered
[    3.036820] Bluetooth: HCI UART protocol BCSP registered
[    3.042104] Bluetooth: HCI UART protocol LL registered
[    3.047194] Bluetooth: HCI UART protocol ATH3K registered
[    3.052567] Bluetooth: HCI UART protocol Three-wire (H5) registered
[    3.058822] Bluetooth: HCI UART protocol Intel registered
[    3.064158] Bluetooth: HCI UART protocol QCA registered
[    3.069360] usbcore: registered new interface driver bcm203x
[    3.074982] usbcore: registered new interface driver bpa10x
[    3.080517] usbcore: registered new interface driver bfusb
[    3.085967] usbcore: registered new interface driver btusb
[    3.091428] usbcore: registered new interface driver ath3k
[    3.096910] EDAC MC: ECC not enabled
[    3.100543] EDAC DEVICE0: Giving out device to module zynqmp-ocm-edac controller zynqmp_ocm: DEV ff960000.memory-controller (INTERRUPT)
[    3.112861] sdhci: Secure Digital Host Controller Interface driver
[    3.118652] sdhci: Copyright(c) Pierre Ossman
[    3.122967] sdhci-pltfm: SDHCI platform and OF driver helper
[    3.129021] ledtrig-cpu: registered to indicate activity on CPUs
[    3.134573] SMCCC: SOC_ID: ARCH_SOC_ID not implemented, skipping ....
[    3.140997] zynqmp_firmware_probe Platform Management API v1.1
[    3.146757] zynqmp_firmware_probe Trustzone version v1.0
[    3.186313] zynqmp-pinctrl firmware:zynqmp-firmware:pinctrl: zynqmp pinctrl initialized
[    3.234244] zynqmp-aes firmware:zynqmp-firmware:zynqmp-aes: will run requests pump with realtime priority
[    3.250346] alg: No test for xilinx-keccak-384 (zynqmp-keccak-384)
[    3.251060] alg: No test for xilinx-zynqmp-rsa (zynqmp-rsa)
[    3.256564] usbcore: registered new interface driver usbhid
[    3.261957] usbhid: USB HID core driver
[    3.273206] axi_sysid 85000000.axi-sysid-0: AXI System ID core version (1.01.a) found
[    3.275554] axi_sysid 85000000.axi-sysid-0: [ad9081_fmca_ebz] on [zcu102] git branch <master> git <084d44c9780640ca93fd847b1d9ec70dd65f5c67> clean [2022-03-18 04:17:50] UTC
[    3.291238] fpga_manager fpga0: Xilinx ZynqMP FPGA Manager registered
[    3.297600] usbcore: registered new interface driver snd-usb-audio
[    3.305063] pktgen: Packet Generator for packet performance testing. Version: 2.75
[    3.311225] Initializing XFRM netlink socket
[    3.315081] NET: Registered protocol family 10
[    3.319819] Segment Routing with IPv6
[    3.323164] sit: IPv6, IPv4 and MPLS over IPv4 tunneling driver
[    3.329254] NET: Registered protocol family 17
[    3.333357] NET: Registered protocol family 15
[    3.337850] can: controller area network core
[    3.342109] NET: Registered protocol family 29
[    3.346496] can: raw protocol
[    3.349434] can: broadcast manager protocol
[    3.353586] can: netlink gateway - max_hops=1
[    3.357993] Bluetooth: RFCOMM TTY layer initialized
[    3.362762] Bluetooth: RFCOMM socket layer initialized
[    3.367872] Bluetooth: RFCOMM ver 1.11
[    3.371575] Bluetooth: BNEP (Ethernet Emulation) ver 1.3
[    3.376853] Bluetooth: BNEP filters: protocol multicast
[    3.382045] Bluetooth: BNEP socket layer initialized
[    3.386972] Bluetooth: HIDP (Human Interface Emulation) ver 1.2
[    3.392856] Bluetooth: HIDP socket layer initialized
[    3.397916] 9pnet: Installing 9P2000 support
[    3.402033] NET: Registered protocol family 36
[    3.406449] Key type dns_resolver registered
[    3.410884] registered taskstats version 1
[    3.414747] Loading compiled-in X.509 certificates
[    3.419879] Btrfs loaded, crc32c=crc32c-generic
[    3.432267] ff000000.serial: ttyPS0 at MMIO 0xff000000 (irq = 49, base_baud = 6249999) is a xuartps
[    3.441290] printk: console [ttyPS0] enabled
[    3.445584] printk: bootconsole [cdns0] disabled
[    3.455218] ff010000.serial: ttyPS1 at MMIO 0xff010000 (irq = 50, base_baud = 6249999) is a xuartps
[    3.468460] of-fpga-region fpga-full: FPGA Region probed
[    3.475390] nwl-pcie fd0e0000.pcie: host bridge /axi/pcie@fd0e0000 ranges:
[    3.482287] nwl-pcie fd0e0000.pcie:      MEM 0x00e0000000..0x00efffffff -> 0x00e0000000
[    3.490289] nwl-pcie fd0e0000.pcie:      MEM 0x0600000000..0x07ffffffff -> 0x0600000000
[    3.498357] nwl-pcie fd0e0000.pcie: Link is DOWN
[    3.503118] nwl-pcie fd0e0000.pcie: PCI host bridge to bus 0000:00
[    3.509296] pci_bus 0000:00: root bus resource [bus 00-ff]
[    3.514776] pci_bus 0000:00: root bus resource [mem 0xe0000000-0xefffffff]
[    3.521642] pci_bus 0000:00: root bus resource [mem 0x600000000-0x7ffffffff pref]
[    3.529145] pci 0000:00:00.0: [10ee:d021] type 01 class 0x060400
[    3.535207] pci 0000:00:00.0: PME# supported from D0 D1 D2 D3hot
[    3.545644] pci 0000:00:00.0: PCI bridge to [bus 01-0c]
[    3.551624] xilinx-zynqmp-dma fd500000.dma: ZynqMP DMA driver Probe success
[    3.558796] xilinx-zynqmp-dma fd510000.dma: ZynqMP DMA driver Probe success
[    3.565970] xilinx-zynqmp-dma fd520000.dma: ZynqMP DMA driver Probe success
[    3.573140] xilinx-zynqmp-dma fd530000.dma: ZynqMP DMA driver Probe success
[    3.580307] xilinx-zynqmp-dma fd540000.dma: ZynqMP DMA driver Probe success
[    3.587476] xilinx-zynqmp-dma fd550000.dma: ZynqMP DMA driver Probe success
[    3.594646] xilinx-zynqmp-dma fd560000.dma: ZynqMP DMA driver Probe success
[    3.601814] xilinx-zynqmp-dma fd570000.dma: ZynqMP DMA driver Probe success
[    3.609228] xilinx-zynqmp-dpdma fd4c0000.dma-controller: Xilinx DPDMA engine is probed
[    3.617780] ahci-ceva fd0c0000.ahci: supply ahci not found, using dummy regulator
[    3.625322] ahci-ceva fd0c0000.ahci: supply phy not found, using dummy regulator
[    3.715915] hmc7044 spi2.0: PLL1: Acquisition, CLKIN0 @ 122880000 Hz, PFD: 80 kHz - PLL2: Locked @ 3200.000000 MHz
[    3.726630] jesd204: /axi/spi@ff050000/hmc7044@0,jesd204:1,parent=spi2.0: Using as SYSREF provider
[    3.736214] spi-nor spi0.0: SPI-NOR-UniqueID 100000235394732200270025081115266e
[    3.743525] spi-nor spi0.0: found n25q512a, expected m25p80
[    3.749731] spi-nor spi0.0: trying to lock already unlocked area
[    3.755741] spi-nor spi0.0: n25q512a (131072 Kbytes)
[    3.760723] 4 fixed-partitions partitions found on MTD device spi0.0
[    3.767068] Creating 4 MTD partitions on "spi0.0":
[    3.771853] 0x000000000000-0x000000100000 : "qspi-fsbl-uboot"
[    3.778344] 0x000000100000-0x000000600000 : "qspi-linux"
[    3.784302] 0x000000600000-0x000000620000 : "qspi-device-tree"
[    3.790777] 0x000000620000-0x000000c00000 : "qspi-rootfs"
[    3.799261] macb ff0e0000.ethernet: Not enabling partial store and forward
[    3.806780] libphy: MACB_mii_bus: probed
[    3.811865] macb ff0e0000.ethernet eth0: Cadence GEM rev 0x50070106 at 0xff0e0000 irq 30 (00:0a:35:04:8e:1b)
[    3.822072] xilinx-axipmon ffa00000.perf-monitor: Probed Xilinx APM
[    3.828643] xilinx-axipmon fd0b0000.perf-monitor: Probed Xilinx APM
[    3.835160] xilinx-axipmon fd490000.perf-monitor: Probed Xilinx APM
[    3.841696] xilinx-axipmon ffa10000.perf-monitor: Probed Xilinx APM
[    3.851683] pca953x 0-0020: supply vcc not found, using dummy regulator
[    3.858370] pca953x 0-0020: using no AI
[    3.862856] gpio-496 (sel0): hogged as output/low
[    3.867763] gpio-497 (sel1): hogged as output/high
[    3.872752] gpio-498 (sel2): hogged as output/high
[    3.877742] gpio-499 (sel3): hogged as output/high
[    3.882921] pca953x 0-0021: supply vcc not found, using dummy regulator
[    3.889589] pca953x 0-0021: using no AI
[    3.895364] ina2xx 2-0040: power monitor ina226 (Rshunt = 5000 uOhm)
[    3.902396] ina2xx 2-0041: power monitor ina226 (Rshunt = 5000 uOhm)
[    3.909429] ina2xx 2-0042: power monitor ina226 (Rshunt = 5000 uOhm)
[    3.916457] ina2xx 2-0043: power monitor ina226 (Rshunt = 5000 uOhm)
[    3.923482] ina2xx 2-0044: power monitor ina226 (Rshunt = 5000 uOhm)
[    3.930505] ina2xx 2-0045: power monitor ina226 (Rshunt = 5000 uOhm)
[    3.937535] ina2xx 2-0046: power monitor ina226 (Rshunt = 5000 uOhm)
[    3.944607] ina2xx 2-0047: power monitor ina226 (Rshunt = 5000 uOhm)
[    3.951635] ina2xx 2-004a: power monitor ina226 (Rshunt = 5000 uOhm)
[    3.958670] ina2xx 2-004b: power monitor ina226 (Rshunt = 5000 uOhm)
[    3.965074] i2c i2c-0: Added multiplexed i2c bus 2
[    3.970462] random: fast init done
[    3.973935] ina2xx 3-0040: power monitor ina226 (Rshunt = 2000 uOhm)
[    3.980963] ina2xx 3-0041: power monitor ina226 (Rshunt = 5000 uOhm)
[    3.987996] ina2xx 3-0042: power monitor ina226 (Rshunt = 5000 uOhm)
[    3.995025] ina2xx 3-0043: power monitor ina226 (Rshunt = 5000 uOhm)
[    4.002050] ina2xx 3-0044: power monitor ina226 (Rshunt = 5000 uOhm)
[    4.009077] ina2xx 3-0045: power monitor ina226 (Rshunt = 5000 uOhm)
[    4.016104] ina2xx 3-0046: power monitor ina226 (Rshunt = 5000 uOhm)
[    4.023136] ina2xx 3-0047: power monitor ina226 (Rshunt = 5000 uOhm)
[    4.029535] i2c i2c-0: Added multiplexed i2c bus 3
[    4.085166] i2c i2c-0: Added multiplexed i2c bus 4
[    4.090105] i2c i2c-0: Added multiplexed i2c bus 5
[    4.094891] pca954x 0-0075: registered 4 multiplexed busses for I2C mux pca9544
[    4.102243] cdns-i2c ff020000.i2c: 400 kHz mmio ff020000 irq 32
[    4.109978] at24 6-0054: supply vcc not found, using dummy regulator
[    4.116865] at24 6-0054: 1024 byte 24c08 EEPROM, writable, 1 bytes/write
[    4.123609] i2c i2c-1: Added multiplexed i2c bus 6
[    4.130035] si5341 7-0036: Chip: 5341 Grade: 1 Rev: 1
[    4.167721] i2c i2c-1: Added multiplexed i2c bus 7
[    4.175373] si570 8-005d: registered, current frequency 300000000 Hz
[    4.181778] i2c i2c-1: Added multiplexed i2c bus 8
[    4.201557] si570 9-005d: registered, current frequency 148500000 Hz
[    4.207963] i2c i2c-1: Added multiplexed i2c bus 9
[    4.213000] si5324 10-0069: si5328 probed
[    4.280099] si5324 10-0069: si5328 probe successful
[    4.285026] i2c i2c-1: Added multiplexed i2c bus 10
[    4.290053] i2c i2c-1: Added multiplexed i2c bus 11
[    4.295084] i2c i2c-1: Added multiplexed i2c bus 12
[    4.300109] i2c i2c-1: Added multiplexed i2c bus 13
[    4.304982] pca954x 1-0074: registered 8 multiplexed busses for I2C switch pca9548
[    4.313101] at24 14-0050: supply vcc not found, using dummy regulator
[    4.319890] at24 14-0050: 256 byte 24c02 EEPROM, writable, 1 bytes/write
[    4.326633] i2c i2c-1: Added multiplexed i2c bus 14
[    4.331674] i2c i2c-1: Added multiplexed i2c bus 15
[    4.336709] i2c i2c-1: Added multiplexed i2c bus 16
[    4.341742] i2c i2c-1: Added multiplexed i2c bus 17
[    4.346776] i2c i2c-1: Added multiplexed i2c bus 18
[    4.351822] i2c i2c-1: Added multiplexed i2c bus 19
[    4.356860] i2c i2c-1: Added multiplexed i2c bus 20
[    4.361901] i2c i2c-1: Added multiplexed i2c bus 21
[    4.366774] pca954x 1-0075: registered 8 multiplexed busses for I2C switch pca9548
[    4.374383] cdns-i2c ff030000.i2c: 400 kHz mmio ff030000 irq 33
[    4.384128] cdns-wdt fd4d0000.watchdog: Xilinx Watchdog Timer with timeout 60s
[    4.395079] axi_adxcvr 84a60000.axi-adxcvr-rx: AXI-ADXCVR-RX (17.05.a) using CPLL on GTH4 at 0x84A60000. Number of lanes: 4.
[    4.407243] axi_adxcvr 84b60000.axi-adxcvr-tx: AXI-ADXCVR-TX (17.05.a) using QPLL on GTH4 at 0x84B60000. Number of lanes: 4.
[    4.418869] axi-jesd204-rx 84a90000.axi-jesd204-rx: AXI-JESD204-RX (1.07.a) at 0x84A90000. Encoder 8b10b, width 4/4, lanes 4, jesd204-fsm.
[    4.426157] mmc0: SDHCI controller on ff170000.mmc [ff170000.mmc] using ADMA 64-bit
[    4.431713] axi-jesd204-tx 84b90000.axi-jesd204-tx: AXI-JESD204-TX (1.06.a) at 0x84B90000. Encoder 8b10b, width 4/4, lanes 4, jesd204-fsm.
[    4.452453] zynqmp-display fd4a0000.display: vtc bridge property not present
[    4.462105] xilinx-dp-snd-codec fd4a0000.display:zynqmp_dp_snd_codec0: Failed to get required clock freq
[    4.471611] xilinx-dp-snd-codec: probe of fd4a0000.display:zynqmp_dp_snd_codec0 failed with error -22
[    4.474081] mmc0: new high speed SDHC card at address 0001
[    4.481152] xilinx-dp-snd-pcm zynqmp_dp_snd_pcm0: Xilinx DisplayPort Sound PCM probed
[    4.486665] mmcblk0: mmc0:0001 EB1QT 29.8 GiB 
[    4.494471] xilinx-dp-snd-pcm zynqmp_dp_snd_pcm1: Xilinx DisplayPort Sound PCM probed
[    4.499831]  mmcblk0: p1 p2 p3
[    4.506777] OF: graph: no port node found in /axi/display@fd4a0000
[    4.515851] xlnx-drm xlnx-drm.0: bound fd4a0000.display (ops 0xffffffc010fcbdb8)
[    5.599761] zynqmp-display fd4a0000.display: [drm] Cannot find any crtc or sizes
[    5.607375] [drm] Initialized xlnx 1.0.0 20130509 for fd4a0000.display on minor 0
[    5.614865] zynqmp-display fd4a0000.display: ZynqMP DisplayPort Subsystem driver probed
[    5.623188] ahci-ceva fd0c0000.ahci: supply ahci not found, using dummy regulator
[    5.630735] ahci-ceva fd0c0000.ahci: supply phy not found, using dummy regulator
[    5.638189] ahci-ceva fd0c0000.ahci: supply target not found, using dummy regulator
[    5.656080] ahci-ceva fd0c0000.ahci: AHCI 0001.0301 32 slots 2 ports 6 Gbps 0x3 impl platform mode
[    5.665036] ahci-ceva fd0c0000.ahci: flags: 64bit ncq sntf pm clo only pmp fbs pio slum part ccc sds apst 
[    5.675653] scsi host0: ahci-ceva
[    5.679236] scsi host1: ahci-ceva
[    5.682662] ata1: SATA max UDMA/133 mmio [mem 0xfd0c0000-0xfd0c1fff] port 0x100 irq 45
[    5.690575] ata2: SATA max UDMA/133 mmio [mem 0xfd0c0000-0xfd0c1fff] port 0x180 irq 45
[    5.699193] ad9081 spi1.0: supply vdd not found, using dummy regulator
[    6.009960] ata2: SATA link down (SStatus 0 SControl 330)
[    6.015373] ata1: SATA link down (SStatus 0 SControl 330)
[    6.683764] zynqmp-display fd4a0000.display: [drm] Cannot find any crtc or sizes
[    7.519980] ad9081 spi1.0: AD9081 Rev. 2 Grade 10 (API 1.2.2) probed
[    7.527162] xhci-hcd xhci-hcd.1.auto: xHCI Host Controller
[    7.532662] xhci-hcd xhci-hcd.1.auto: new USB bus registered, assigned bus number 1
[    7.540407] xhci-hcd xhci-hcd.1.auto: hcc params 0x0238f625 hci version 0x100 quirks 0x0000000002010810
[    7.549826] xhci-hcd xhci-hcd.1.auto: irq 59, io mem 0xfe200000
[    7.555938] usb usb1: New USB device found, idVendor=1d6b, idProduct=0002, bcdDevice= 5.10
[    7.564200] usb usb1: New USB device strings: Mfr=3, Product=2, SerialNumber=1
[    7.571418] usb usb1: Product: xHCI Host Controller
[    7.576286] usb usb1: Manufacturer: Linux 5.10.0-98103-g2aa7ac113716 xhci-hcd
[    7.583411] usb usb1: SerialNumber: xhci-hcd.1.auto
[    7.588579] hub 1-0:1.0: USB hub found
[    7.592340] hub 1-0:1.0: 1 port detected
[    7.596443] xhci-hcd xhci-hcd.1.auto: xHCI Host Controller
[    7.601932] xhci-hcd xhci-hcd.1.auto: new USB bus registered, assigned bus number 2
[    7.609588] xhci-hcd xhci-hcd.1.auto: Host supports USB 3.0 SuperSpeed
[    7.616207] usb usb2: New USB device found, idVendor=1d6b, idProduct=0003, bcdDevice= 5.10
[    7.624463] usb usb2: New USB device strings: Mfr=3, Product=2, SerialNumber=1
[    7.631681] usb usb2: Product: xHCI Host Controller
[    7.636552] usb usb2: Manufacturer: Linux 5.10.0-98103-g2aa7ac113716 xhci-hcd
[    7.643678] usb usb2: SerialNumber: xhci-hcd.1.auto
[    7.648791] hub 2-0:1.0: USB hub found
[    7.652548] hub 2-0:1.0: 1 port detected
[    7.682592] cf_axi_adc 84a10000.axi-ad9081-rx-hpc: ADI AIM (10.01.b) at 0x84A10000 mapped to 0x(____ptrval____), probed ADC AD9081 as MASTER
[    7.712595] cf_axi_dds 84b10000.axi-ad9081-tx-hpc: Analog Devices CF_AXI_DDS_DDS MASTER (9.01.b) at 0x84B10000 mapped to 0x(____ptrval____), probed DDS AD9081
[    7.726795] jesd204: /axi/spi@ff040000/ad9081@0,jesd204:0,parent=spi1.0: JESD204[2] transition initialized -> probed
[    7.737316] jesd204: /axi/spi@ff040000/ad9081@0,jesd204:0,parent=spi1.0: JESD204[0] transition initialized -> probed
[    7.747840] jesd204: /axi/spi@ff040000/ad9081@0,jesd204:0,parent=spi1.0: JESD204[2] transition probed -> idle
[    7.757746] jesd204: /axi/spi@ff040000/ad9081@0,jesd204:0,parent=spi1.0: JESD204[0] transition probed -> idle
[    7.767665] jesd204: /axi/spi@ff040000/ad9081@0,jesd204:0,parent=spi1.0: JESD204[2] transition idle -> device_init
[    7.778005] jesd204: /axi/spi@ff040000/ad9081@0,jesd204:0,parent=spi1.0: JESD204[0] transition idle -> device_init
[    7.788359] jesd204: /axi/spi@ff040000/ad9081@0,jesd204:0,parent=spi1.0: JESD204[2] transition device_init -> link_init
[    7.799143] jesd204: /axi/spi@ff040000/ad9081@0,jesd204:0,parent=spi1.0: JESD204[0] transition device_init -> link_init
[    7.809933] jesd204: /axi/spi@ff040000/ad9081@0,jesd204:0,parent=spi1.0: JESD204[2] transition link_init -> link_supported
[    7.820972] jesd204: /axi/spi@ff040000/ad9081@0,jesd204:0,parent=spi1.0: JESD204[0] transition link_init -> link_supported
[    7.832374] hmc7044 spi2.0: hmc7044_jesd204_link_pre_setup: Link2 forcing continuous SYSREF mode
[    7.841548] jesd204: /axi/spi@ff040000/ad9081@0,jesd204:0,parent=spi1.0: JESD204[2] transition link_supported -> link_pre_setup
[    7.853021] jesd204: /axi/spi@ff040000/ad9081@0,jesd204:0,parent=spi1.0: JESD204[0] transition link_supported -> link_pre_setup
[    7.876795] jesd204: /axi/spi@ff040000/ad9081@0,jesd204:0,parent=spi1.0: JESD204[2] transition link_pre_setup -> clk_sync_stage1
[    7.888357] jesd204: /axi/spi@ff040000/ad9081@0,jesd204:0,parent=spi1.0: JESD204[0] transition link_pre_setup -> clk_sync_stage1
[    7.899921] jesd204: /axi/spi@ff040000/ad9081@0,jesd204:0,parent=spi1.0: JESD204[2] transition clk_sync_stage1 -> clk_sync_stage2
[    7.911570] jesd204: /axi/spi@ff040000/ad9081@0,jesd204:0,parent=spi1.0: JESD204[0] transition clk_sync_stage1 -> clk_sync_stage2
[    7.923217] jesd204: /axi/spi@ff040000/ad9081@0,jesd204:0,parent=spi1.0: JESD204[2] transition clk_sync_stage2 -> clk_sync_stage3
[    7.934862] jesd204: /axi/spi@ff040000/ad9081@0,jesd204:0,parent=spi1.0: JESD204[0] transition clk_sync_stage2 -> clk_sync_stage3
[    7.948587] jesd204: /axi/spi@ff040000/ad9081@0,jesd204:0,parent=spi1.0: JESD204[2] transition clk_sync_stage3 -> link_setup
[    7.959804] jesd204: /axi/spi@ff040000/ad9081@0,jesd204:0,parent=spi1.0: JESD204[0] transition clk_sync_stage3 -> link_setup
[    7.975844] jesd204: /axi/spi@ff040000/ad9081@0,jesd204:0,parent=spi1.0: JESD204[2] transition link_setup -> opt_setup_stage1
[    7.987144] jesd204: /axi/spi@ff040000/ad9081@0,jesd204:0,parent=spi1.0: JESD204[0] transition link_setup -> opt_setup_stage1
[    8.003487] jesd204: /axi/spi@ff040000/ad9081@0,jesd204:0,parent=spi1.0: JESD204[2] transition opt_setup_stage1 -> opt_setup_stage2
[    8.015310] jesd204: /axi/spi@ff040000/ad9081@0,jesd204:0,parent=spi1.0: JESD204[0] transition opt_setup_stage1 -> opt_setup_stage2
[    8.027283] jesd204: /axi/spi@ff040000/ad9081@0,jesd204:0,parent=spi1.0: JESD204[2] transition opt_setup_stage2 -> opt_setup_stage3
[    8.039103] jesd204: /axi/spi@ff040000/ad9081@0,jesd204:0,parent=spi1.0: JESD204[0] transition opt_setup_stage2 -> opt_setup_stage3
[    8.050925] jesd204: /axi/spi@ff040000/ad9081@0,jesd204:0,parent=spi1.0: JESD204[2] transition opt_setup_stage3 -> opt_setup_stage4
[    8.062744] jesd204: /axi/spi@ff040000/ad9081@0,jesd204:0,parent=spi1.0: JESD204[0] transition opt_setup_stage3 -> opt_setup_stage4
[    8.074578] jesd204: /axi/spi@ff040000/ad9081@0,jesd204:0,parent=spi1.0: JESD204[2] transition opt_setup_stage4 -> opt_setup_stage5
[    8.086398] jesd204: /axi/spi@ff040000/ad9081@0,jesd204:0,parent=spi1.0: JESD204[0] transition opt_setup_stage4 -> opt_setup_stage5
[    8.102328] jesd204: /axi/spi@ff040000/ad9081@0,jesd204:0,parent=spi1.0: JESD204[2] transition opt_setup_stage5 -> clocks_enable
[    8.113889] jesd204: /axi/spi@ff040000/ad9081@0,jesd204:0,parent=spi1.0: JESD204[0] transition opt_setup_stage5 -> clocks_enable
[    8.159823] axi_adxcvr 84a60000.axi-adxcvr-rx: adxcvr_clk_enable: CPLL RX buffer underflow error, status: 0x61
[    8.169811] axi_adxcvr 84a60000.axi-adxcvr-rx: adxcvr_clk_enable: CPLL RX buffer overflow error, status: 0x61
[    8.179796] jesd204: /axi/spi@ff040000/ad9081@0,jesd204:0,parent=spi1.0: JESD204[2] transition clocks_enable -> link_enable
[    8.190922] jesd204: /axi/spi@ff040000/ad9081@0,jesd204:0,parent=spi1.0: JESD204[0] transition clocks_enable -> link_enable
[    8.223989] ad9081 spi1.0: JESD RX (JTX) Link2 in DATA, SYNC deasserted, PLL locked, PHASE established, MODE valid
[    8.234594] ad9081 spi1.0: JESD TX (JRX) Link0 0xF lanes in DATA
[    8.240600] jesd204: /axi/spi@ff040000/ad9081@0,jesd204:0,parent=spi1.0: JESD204[2] transition link_enable -> link_running
[    8.251637] jesd204: /axi/spi@ff040000/ad9081@0,jesd204:0,parent=spi1.0: JESD204[0] transition link_enable -> link_running
[    8.262684] jesd204: /axi/spi@ff040000/ad9081@0,jesd204:0,parent=spi1.0: JESD204[2] transition link_running -> opt_post_running_stage
[    8.274674] jesd204: /axi/spi@ff040000/ad9081@0,jesd204:0,parent=spi1.0: JESD204[0] transition link_running -> opt_post_running_stage
[    8.295983] input: gpio-keys as /devices/platform/gpio-keys/input/input0
[    8.303004] of_cfs_init
[    8.305467] of_cfs_init: OK
[    8.308404] cfg80211: Loading compiled-in X.509 certificates for regulatory database
[    8.477186] cfg80211: Loaded X.509 cert 'sforshee: 00b28ddf47aef9cea7'
[    8.483718] clk: Not disabling unused clocks
[    8.488250] ALSA device list:
[    8.491203]   No soundcards found.
[    8.494869] platform regulatory.0: Direct firmware load for regulatory.db failed with error -2
[    8.503483] cfg80211: failed to load regulatory.db
[    8.511764] random: crng init done
[    8.518389] EXT4-fs (mmcblk0p2): mounted filesystem with ordered data mode. Opts: (null)
[    8.526499] VFS: Mounted root (ext4 filesystem) on device 179:2.
[    8.539934] devtmpfs: mounted
[    8.543821] Freeing unused kernel memory: 2560K
[    8.567796] Run /sbin/init as init process
[    8.571891]   with arguments:
[    8.571894]     /sbin/init
[    8.571896]   with environment:
[    8.571898]     HOME=/
[    8.571900]     TERM=linux
[    9.138149] systemd[1]: systemd 241 running in system mode. (+PAM +AUDIT +SELINUX +IMA +APPARMOR +SMACK +SYSVINIT +UTMP +LIBCRYPTSETUP +GCRYPT +GNUTLS +ACL +XZ +LZ4 +SECCOMP +BLKID +ELFUTILS +KMOD -IDN2 +IDN -PCRE2 default-hierarchy=hybrid)
[    9.160034] systemd[1]: Detected architecture arm64.
[    9.184458] systemd[1]: Set hostname to <analog>.
[    9.388870] systemd[1]: File /lib/systemd/system/systemd-journald.service:12 configures an IP firewall (IPAddressDeny=any), but the local system does not support BPF/cgroup based firewalling.
[    9.405929] systemd[1]: Proceeding WITHOUT firewalling in effect! (This warning is only shown for the first loaded unit using IP firewalling.)
[    9.570085] systemd[1]: /etc/systemd/system/tof-server.service:1: Assignment outside of section. Ignoring.
[    9.579778] systemd[1]: /etc/systemd/system/tof-server.service:2: Assignment outside of section. Ignoring.
[    9.772538] systemd[1]: Listening on Journal Socket.
[    9.788267] systemd[1]: Created slice User and Session Slice.
[    9.813542] systemd[1]: Mounting POSIX Message Queue File System...
[   10.443671] ------------[ cut here ]------------
[   10.443680] Enabling unprepared \xa0S\x88\xff\xff\xff\xa0R\x88\xff\xff\xff
[   10.443725] WARNING: CPU: 1 PID: 126 at drivers/clk/clk.c:1012 clk_core_enable+0xa4/0xc0
[   10.443728] Modules linked in:
[   10.443739] CPU: 1 PID: 126 Comm: kworker/1:1H Not tainted 5.10.0-98103-g2aa7ac113716 #5577
[   10.443741] Hardware name: ZynqMP ZCU102 Rev1.0 (DT)
[   10.443751] Workqueue: kblockd blk_mq_run_work_fn
[   10.443759] pstate: 80000085 (Nzcv daIf -PAN -UAO -TCO BTYPE=--)
[   10.443765] pc : clk_core_enable+0xa4/0xc0
[   10.443770] lr : clk_core_enable+0xa4/0xc0
[   10.443773] sp : ffffffc012abb2d0
[   10.443776] x29: ffffffc012abb2d0 x28: ffffff8800330c10 
[   10.443783] x27: ffffff8800330d48 x26: 0000005000000101 
[   10.443789] x25: 00000002688be4fc x24: 0000000000000001 
[   10.443796] x23: ffffff8801100b00 x22: ffffff8801083220 
[   10.443802] x21: ffffff880152a000 x20: ffffff880152a008 
[   10.443809] x19: ffffff880152a008 x18: 0000000000000030 
[   10.443815] x17: 00002dedffffd212 x16: 0000000000000000 
[   10.443821] x15: ffffffffffff8690 x14: ffffffc011d3b1a0 
[   10.443828] x13: ffffffc011d3b1c8 x12: 00000000000005e5 
[   10.443834] x11: 00000000000001f7 x10: ffffffc011d671c8 
[   10.443841] x9 : 00000000fffff800 x8 : ffffffc011d3b1c8 
[   10.443847] x7 : ffffffc011d671c8 x6 : 0000000000000001 
[   10.443854] x5 : ffffff887f77c9e0 x4 : 0000000000000000 
[   10.443860] x3 : 0000000000000027 x2 : 0000000000000023 
[   10.443866] x1 : dd946bedeafa3f00 x0 : 0000000000000000 
[   10.443872] Call trace:
[   10.443879]  clk_core_enable+0xa4/0xc0
[   10.443884]  clk_enable+0x2c/0x60
[   10.443890]  zynqmp_runtime_resume+0x24/0x84
[   10.443897]  pm_generic_runtime_resume+0x30/0x50
[   10.443903]  __genpd_runtime_resume+0x30/0xb0
[   10.443909]  genpd_runtime_resume+0x90/0x250
[   10.443915]  __rpm_callback+0x10c/0x1e0
[   10.443920]  rpm_callback+0x5c/0x84
[   10.443925]  rpm_resume+0x4a4/0x74c
[   10.443930]  __pm_runtime_resume+0x78/0xc4
[   10.443935]  spi_mem_access_start.isra.0+0x30/0x80
[   10.443939]  spi_mem_exec_op+0x3b0/0x424
[   10.443944]  spi_nor_read_sr+0x78/0xe0
[   10.443949]  spi_nor_wait_till_ready_with_timeout+0xb4/0x2f0
[   10.443953]  spi_nor_read+0x188/0x380
[   10.443958]  mtd_read_oob_std+0x78/0x84
[   10.443963]  mtd_read_oob+0x7c/0x134
[   10.443967]  mtd_read+0x48/0x7c
[   10.443973]  mtdblock_readsect+0x6c/0x150
[   10.443978]  mtd_queue_rq+0x2cc/0x5a0
[   10.443983]  blk_mq_dispatch_rq_list+0x110/0x790
[   10.443990]  __blk_mq_do_dispatch_sched+0x200/0x274
[   10.443996]  __blk_mq_sched_dispatch_requests+0x1a8/0x1fc
[   10.444001]  blk_mq_sched_dispatch_requests+0x3c/0x7c
[   10.444006]  __blk_mq_run_hw_queue+0x98/0x100
[   10.444010]  blk_mq_run_work_fn+0x24/0x30
[   10.444016]  process_one_work+0x1d4/0x380
[   10.444020]  worker_thread+0x78/0x4e0
[   10.444025]  kthread+0x124/0x130
[   10.444031]  ret_from_fork+0x10/0x3c
[   10.444034] ---[ end trace 2ecc22bda26fbf1f ]---
[   10.444079] zynqmp-qspi ff0f0000.spi: Cannot enable APB clock.
[   10.444135] spi_master spi0: Failed to power device: -108
[   10.444145] blk_update_request: I/O error, dev mtdblock0, sector 8 op 0x0:(READ) flags 0x80700 phys_seg 1 prio class 0
[   10.444250] spi_master spi0: Failed to power device: -22
[   10.444257] blk_update_request: I/O error, dev mtdblock0, sector 8 op 0x0:(READ) flags 0x0 phys_seg 8 prio class 0
[   10.444263] Buffer I/O error on dev mtdblock0, logical block 8, async page read
[   10.444273] spi_master spi0: Failed to power device: -22
[   10.444278] blk_update_request: I/O error, dev mtdblock0, sector 9 op 0x0:(READ) flags 0x0 phys_seg 7 prio class 0
[   10.444283] Buffer I/O error on dev mtdblock0, logical block 9, async page read
[   10.444290] spi_master spi0: Failed to power device: -22
[   10.444296] blk_update_request: I/O error, dev mtdblock0, sector 10 op 0x0:(READ) flags 0x0 phys_seg 6 prio class 0
[   10.444299] Buffer I/O error on dev mtdblock0, logical block 10, async page read
[   10.444306] spi_master spi0: Failed to power device: -22
[   10.444312] blk_update_request: I/O error, dev mtdblock0, sector 11 op 0x0:(READ) flags 0x0 phys_seg 5 prio class 0
[   10.444316] Buffer I/O error on dev mtdblock0, logical block 11, async page read
[   10.444323] spi_master spi0: Failed to power device: -22
[   10.444329] blk_update_request: I/O error, dev mtdblock0, sector 12 op 0x0:(READ) flags 0x0 phys_seg 4 prio class 0
[   10.444332] Buffer I/O error on dev mtdblock0, logical block 12, async page read
[   10.444339] spi_master spi0: Failed to power device: -22
[   10.444345] blk_update_request: I/O error, dev mtdblock0, sector 13 op 0x0:(READ) flags 0x0 phys_seg 3 prio class 0
[   10.444349] Buffer I/O error on dev mtdblock0, logical block 13, async page read
[   10.444355] spi_master spi0: Failed to power device: -22
[   10.444361] blk_update_request: I/O error, dev mtdblock0, sector 14 op 0x0:(READ) flags 0x0 phys_seg 2 prio class 0
[   10.444365] Buffer I/O error on dev mtdblock0, logical block 14, async page read
[   10.444372] spi_master spi0: Failed to power device: -22
[   10.444377] blk_update_request: I/O error, dev mtdblock0, sector 15 op 0x0:(READ) flags 0x0 phys_seg 1 prio class 0
[   10.444390] Buffer I/O error on dev mtdblock0, logical block 15, async page read
[   10.444802] spi_master spi0: Failed to power device: -22
[   10.444810] blk_update_request: I/O error, dev mtdblock1, sector 10112 op 0x0:(READ) flags 0x80700 phys_seg 1 prio class 0
[   10.444859] spi_master spi0: Failed to power device: -22
[   10.444865] Buffer I/O error on dev mtdblock1, logical block 10112, async page read
[   10.444876] spi_master spi0: Failed to power device: -22
[   10.444881] Buffer I/O error on dev mtdblock1, logical block 10113, async page read
[   10.444888] spi_master spi0: Failed to power device: -22
[   10.444896] spi_master spi0: Failed to power device: -22
[   10.444903] spi_master spi0: Failed to power device: -22
[   10.444910] spi_master spi0: Failed to power device: -22
[   10.444918] spi_master spi0: Failed to power device: -22
[   10.444925] spi_master spi0: Failed to power device: -22
[   10.445253] spi_master spi0: Failed to power device: -22
[   10.445302] spi_master spi0: Failed to power device: -22
[   10.445312] spi_master spi0: Failed to power device: -22
[   10.445323] spi_master spi0: Failed to power device: -22
[   10.445331] spi_master spi0: Failed to power device: -22
[   10.445338] spi_master spi0: Failed to power device: -22
[   10.445346] spi_master spi0: Failed to power device: -22
[   10.445353] spi_master spi0: Failed to power device: -22
[   10.445360] spi_master spi0: Failed to power device: -22
[   10.445709] spi_master spi0: Failed to power device: -22
[   10.445756] spi_master spi0: Failed to power device: -22
[   10.445765] spi_master spi0: Failed to power device: -22
[   10.445773] spi_master spi0: Failed to power device: -22
[   10.445780] spi_master spi0: Failed to power device: -22
[   10.445788] spi_master spi0: Failed to power device: -22
[   10.445795] spi_master spi0: Failed to power device: -22
[   10.445803] spi_master spi0: Failed to power device: -22
[   10.445810] spi_master spi0: Failed to power device: -22
[   10.574051] EXT4-fs (mmcblk0p2): re-mounted. Opts: (null)
[   10.708652] systemd-journald[168]: Received request to flush runtime journal from PID 1
[   17.175484] macb ff0e0000.ethernet eth0: PHY [ff0e0000.ethernet-ffffffff:0c] driver [TI DP83867] (irq=POLL)
[   17.175497] macb ff0e0000.ethernet eth0: configuring for phy/rgmii-id link mode
[   17.603782] Adding 96252k swap on /var/swap.  Priority:-2 extents:1 across:96252k SS
[   20.193931] broken atomic modeset userspace detected, disabling atomic
[   20.257425] macb ff0e0000.ethernet eth0: Link is Up - 1Gbps/Full - flow control off
[   20.257477] IPv6: ADDRCONF(NETDEV_CHANGE): eth0: link becomes ready
[   22.871960] broken atomic modeset userspace detected, disabling atomic
[   25.778550] broken atomic modeset userspace detected, disabling atomic