[    0.000000] Booting Linux on physical CPU 0x0000000000 [0x410fd034]
[    0.000000] Linux version 5.10.0-98103-g2aa7ac113716 (jenkins@romlxbuild1.adlk.analog.com) (aarch64-xilinx-linux-gcc.real (GCC) 10.2.0, GNU ld (GNU Binutils) 2.35.0.20200730) #5577 SMP Wed Mar 23 07:28:49 GMT 2022
[    0.000000] Machine model: ZynqMP ZCU102 Rev1.0
[    0.000000] earlycon: cdns0 at MMIO 0x00000000ff000000 (options '115200n8')
[    0.000000] printk: bootconsole [cdns0] enabled
[    0.000000] efi: UEFI not found.
[    0.000000] cma: Reserved 256 MiB at 0x0000000070000000
[    0.000000] Zone ranges:
[    0.000000]   DMA      [mem 0x0000000000000000-0x000000003fffffff]
[    0.000000]   DMA32    [mem 0x0000000040000000-0x00000000ffffffff]
[    0.000000]   Normal   [mem 0x0000000100000000-0x000000087fffffff]
[    0.000000] Movable zone start for each node
[    0.000000] Early memory node ranges
[    0.000000]   node   0: [mem 0x0000000000000000-0x000000007fffffff]
[    0.000000]   node   0: [mem 0x0000000800000000-0x000000087fffffff]
[    0.000000] Initmem setup node 0 [mem 0x0000000000000000-0x000000087fffffff]
[    0.000000] On node 0 totalpages: 1048576
[    0.000000]   DMA zone: 3584 pages used for memmap
[    0.000000]   DMA zone: 0 pages reserved
[    0.000000]   DMA zone: 262144 pages, LIFO batch:63
[    0.000000]   DMA32 zone: 3584 pages used for memmap
[    0.000000]   DMA32 zone: 262144 pages, LIFO batch:63
[    0.000000]   Normal zone: 7168 pages used for memmap
[    0.000000]   Normal zone: 524288 pages, LIFO batch:63
[    0.000000] psci: probing for conduit method from DT.
[    0.000000] psci: PSCIv1.1 detected in firmware.
[    0.000000] psci: Using standard PSCI v0.2 function IDs
[    0.000000] psci: MIGRATE_INFO_TYPE not supported.
[    0.000000] psci: SMC Calling Convention v1.2
[    0.000000] percpu: Embedded 22 pages/cpu s49496 r8192 d32424 u90112
[    0.000000] pcpu-alloc: s49496 r8192 d32424 u90112 alloc=22*4096
[    0.000000] pcpu-alloc: [0] 0 [0] 1 [0] 2 [0] 3 
[    0.000000] Detected VIPT I-cache on CPU0
[    0.000000] CPU features: detected: ARM erratum 845719
[    0.000000] Built 1 zonelists, mobility grouping on.  Total pages: 1034240
[    0.000000] Kernel command line: console=ttyPS0,115200 root=/dev/mmcblk0p2 rw earlycon rootfstype=ext4 rootwait clk_ignore_unused cpuidle.off=1 root=/dev/mmcblk0p2 rw rootwait
[    0.000000] Dentry cache hash table entries: 524288 (order: 10, 4194304 bytes, linear)
[    0.000000] Inode-cache hash table entries: 262144 (order: 9, 2097152 bytes, linear)
[    0.000000] mem auto-init: stack:off, heap alloc:off, heap free:off
[    0.000000] software IO TLB: mapped [mem 0x000000003bfff000-0x000000003ffff000] (64MB)
[    0.000000] Memory: 3761904K/4194304K available (15296K kernel code, 1636K rwdata, 11876K rodata, 2560K init, 507K bss, 170256K reserved, 262144K cma-reserved)
[    0.000000] rcu: Hierarchical RCU implementation.
[    0.000000] rcu: 	RCU event tracing is enabled.
[    0.000000] rcu: 	RCU restricting CPUs from NR_CPUS=8 to nr_cpu_ids=4.
[    0.000000] rcu: RCU calculated value of scheduler-enlistment delay is 25 jiffies.
[    0.000000] rcu: Adjusting geometry for rcu_fanout_leaf=16, nr_cpu_ids=4
[    0.000000] NR_IRQS: 64, nr_irqs: 64, preallocated irqs: 0
[    0.000000] GIC: Adjusting CPU interface base to 0x00000000f902f000
[    0.000000] GIC: Using split EOI/Deactivate mode
[    0.000000] random: get_random_bytes called from start_kernel+0x31c/0x54c with crng_init=0
[    0.000000] arch_timer: cp15 timer(s) running at 100.00MHz (phys).
[    0.000000] clocksource: arch_sys_counter: mask: 0xffffffffffffff max_cycles: 0x171024e7e0, max_idle_ns: 440795205315 ns
[    0.000004] sched_clock: 56 bits at 100MHz, resolution 10ns, wraps every 4398046511100ns
[    0.008465] Console: colour dummy device 80x25
[    0.012482] Calibrating delay loop (skipped), value calculated using timer frequency.. 200.00 BogoMIPS (lpj=400000)
[    0.022841] pid_max: default: 32768 minimum: 301
[    0.027551] Mount-cache hash table entries: 8192 (order: 4, 65536 bytes, linear)
[    0.034789] Mountpoint-cache hash table entries: 8192 (order: 4, 65536 bytes, linear)
[    0.043396] rcu: Hierarchical SRCU implementation.
[    0.047560] EFI services will not be available.
[    0.051938] smp: Bringing up secondary CPUs ...
[    0.056656] Detected VIPT I-cache on CPU1
[    0.056694] CPU1: Booted secondary processor 0x0000000001 [0x410fd034]
[    0.057059] Detected VIPT I-cache on CPU2
[    0.057083] CPU2: Booted secondary processor 0x0000000002 [0x410fd034]
[    0.057422] Detected VIPT I-cache on CPU3
[    0.057445] CPU3: Booted secondary processor 0x0000000003 [0x410fd034]
[    0.057491] smp: Brought up 1 node, 4 CPUs
[    0.091780] SMP: Total of 4 processors activated.
[    0.096452] CPU features: detected: 32-bit EL0 Support
[    0.101556] CPU features: detected: CRC32 instructions
[    0.106694] CPU: All CPU(s) started at EL2
[    0.110736] alternatives: patching kernel code
[    0.116169] devtmpfs: initialized
[    0.124064] Registered cp15_barrier emulation handler
[    0.124115] Registered setend emulation handler
[    0.128092] clocksource: jiffies: mask: 0xffffffff max_cycles: 0xffffffff, max_idle_ns: 7645041785100000 ns
[    0.137670] futex hash table entries: 1024 (order: 4, 65536 bytes, linear)
[    0.151035] pinctrl core: initialized pinctrl subsystem
[    0.151680] NET: Registered protocol family 16
[    0.156099] DMA: preallocated 512 KiB GFP_KERNEL pool for atomic allocations
[    0.162118] DMA: preallocated 512 KiB GFP_KERNEL|GFP_DMA pool for atomic allocations
[    0.169841] DMA: preallocated 512 KiB GFP_KERNEL|GFP_DMA32 pool for atomic allocations
[    0.177644] audit: initializing netlink subsys (disabled)
[    0.183097] audit: type=2000 audit(0.116:1): state=initialized audit_enabled=0 res=1
[    0.183443] hw-breakpoint: found 6 breakpoint and 4 watchpoint registers.
[    0.197472] ASID allocator initialised with 65536 entries
[    0.224380] HugeTLB registered 1.00 GiB page size, pre-allocated 0 pages
[    0.225438] HugeTLB registered 32.0 MiB page size, pre-allocated 0 pages
[    0.232108] HugeTLB registered 2.00 MiB page size, pre-allocated 0 pages
[    0.238772] HugeTLB registered 64.0 KiB page size, pre-allocated 0 pages
[    1.304571] DRBG: Continuing without Jitter RNG
[    1.382167] raid6: neonx8   gen()  2144 MB/s
[    1.450213] raid6: neonx8   xor()  1597 MB/s
[    1.518273] raid6: neonx4   gen()  2186 MB/s
[    1.586321] raid6: neonx4   xor()  1566 MB/s
[    1.654385] raid6: neonx2   gen()  2076 MB/s
[    1.722437] raid6: neonx2   xor()  1437 MB/s
[    1.790501] raid6: neonx1   gen()  1772 MB/s
[    1.858546] raid6: neonx1   xor()  1220 MB/s
[    1.926607] raid6: int64x8  gen()  1438 MB/s
[    1.994659] raid6: int64x8  xor()   771 MB/s
[    2.062723] raid6: int64x4  gen()  1599 MB/s
[    2.130778] raid6: int64x4  xor()   817 MB/s
[    2.198845] raid6: int64x2  gen()  1397 MB/s
[    2.266895] raid6: int64x2  xor()   750 MB/s
[    2.334982] raid6: int64x1  gen()  1034 MB/s
[    2.403033] raid6: int64x1  xor()   517 MB/s
[    2.403071] raid6: using algorithm neonx4 gen() 2186 MB/s
[    2.407030] raid6: .... xor() 1566 MB/s, rmw enabled
[    2.411961] raid6: using neon recovery algorithm
[    2.416972] iommu: Default domain type: Translated 
[    2.421586] SCSI subsystem initialized
[    2.425130] libata version 3.00 loaded.
[    2.425255] usbcore: registered new interface driver usbfs
[    2.430587] usbcore: registered new interface driver hub
[    2.435859] usbcore: registered new device driver usb
[    2.440992] mc: Linux media interface: v0.10
[    2.445110] videodev: Linux video capture interface: v2.00
[    2.450600] EDAC MC: Ver: 3.0.0
[    2.454038] zynqmp-ipi-mbox mailbox@ff990400: Registered ZynqMP IPI mbox with TX/RX channels.
[    2.462541] jesd204: created con: id=0, topo=0, link=0, /axi/spi@ff050000/hmc7044@0 <-> /fpga-axi@0/axi-adxcvr-tx@84b60000
[    2.473129] jesd204: created con: id=1, topo=0, link=2, /axi/spi@ff050000/hmc7044@0 <-> /fpga-axi@0/axi-adxcvr-rx@84a60000
[    2.484113] jesd204: created con: id=2, topo=0, link=0, /fpga-axi@0/axi-adxcvr-tx@84b60000 <-> /fpga-axi@0/axi-jesd204-tx@84b90000
[    2.495789] jesd204: created con: id=3, topo=0, link=2, /fpga-axi@0/axi-adxcvr-rx@84a60000 <-> /fpga-axi@0/axi-jesd204-rx@84a90000
[    2.507466] jesd204: created con: id=4, topo=0, link=0, /fpga-axi@0/axi-jesd204-tx@84b90000 <-> /fpga-axi@0/axi-ad9081-tx-hpc@84b10000
[    2.519494] jesd204: created con: id=5, topo=0, link=2, /fpga-axi@0/axi-jesd204-rx@84a90000 <-> /fpga-axi@0/axi-ad9081-rx-hpc@84a10000
[    2.531517] jesd204: created con: id=6, topo=0, link=2, /fpga-axi@0/axi-ad9081-rx-hpc@84a10000 <-> /axi/spi@ff040000/ad9081@0
[    2.542758] jesd204: created con: id=7, topo=0, link=0, /fpga-axi@0/axi-ad9081-tx-hpc@84b10000 <-> /axi/spi@ff040000/ad9081@0
[    2.554008] jesd204: /axi/spi@ff040000/ad9081@0: JESD204[2] transition uninitialized -> initialized
[    2.562995] jesd204: /axi/spi@ff040000/ad9081@0: JESD204[0] transition uninitialized -> initialized
[    2.571986] jesd204: found 8 devices and 1 topologies
[    2.577027] FPGA manager framework
[    2.580508] Advanced Linux Sound Architecture Driver Initialized.
[    2.586805] Bluetooth: Core ver 2.22
[    2.589989] NET: Registered protocol family 31
[    2.594390] Bluetooth: HCI device and connection manager initialized
[    2.600707] Bluetooth: HCI socket layer initialized
[    2.605549] Bluetooth: L2CAP socket layer initialized
[    2.610573] Bluetooth: SCO socket layer initialized
[    2.615755] clocksource: Switched to clocksource arch_sys_counter
[    2.621563] VFS: Disk quotas dquot_6.6.0
[    2.625399] VFS: Dquot-cache hash table entries: 512 (order 0, 4096 bytes)
[    2.636124] NET: Registered protocol family 2
[    2.636843] tcp_listen_portaddr_hash hash table entries: 2048 (order: 3, 32768 bytes, linear)
[    2.645038] TCP established hash table entries: 32768 (order: 6, 262144 bytes, linear)
[    2.653065] TCP bind hash table entries: 32768 (order: 7, 524288 bytes, linear)
[    2.660510] TCP: Hash tables configured (established 32768 bind 32768)
[    2.666683] UDP hash table entries: 2048 (order: 4, 65536 bytes, linear)
[    2.673350] UDP-Lite hash table entries: 2048 (order: 4, 65536 bytes, linear)
[    2.680512] NET: Registered protocol family 1
[    2.684964] RPC: Registered named UNIX socket transport module.
[    2.690586] RPC: Registered udp transport module.
[    2.695255] RPC: Registered tcp transport module.
[    2.699920] RPC: Registered tcp NFSv4.1 backchannel transport module.
[    2.706901] PCI: CLS 0 bytes, default 64
[    2.710618] hw perfevents: no interrupt-affinity property for /pmu, guessing.
[    2.717473] hw perfevents: enabled with armv8_pmuv3 PMU driver, 7 counters available
[    2.725827] Initialise system trusted keyrings
[    2.729503] workingset: timestamp_bits=62 max_order=20 bucket_order=0
[    2.736392] NFS: Registering the id_resolver key type
[    2.740850] Key type id_resolver registered
[    2.744990] Key type id_legacy registered
[    2.748982] nfs4filelayout_init: NFSv4 File Layout Driver Registering...
[    2.755646] jffs2: version 2.2. (NAND) (SUMMARY)  Â© 2001-2006 Red Hat, Inc.
[    2.798932] NET: Registered protocol family 38
[    2.798975] xor: measuring software checksum speed
[    2.806660]    8regs           :  2363 MB/sec
[    2.810329]    32regs          :  2799 MB/sec
[    2.815272]    arm64_neon      :  2380 MB/sec
[    2.815462] xor: using function: 32regs (2799 MB/sec)
[    2.820487] Key type asymmetric registered
[    2.824549] Asymmetric key parser 'x509' registered
[    2.829410] Block layer SCSI generic (bsg) driver version 0.4 loaded (major 248)
[    2.836747] io scheduler mq-deadline registered
[    2.841243] io scheduler kyber registered
[    2.870637] Serial: 8250/16550 driver, 4 ports, IRQ sharing disabled
[    2.875285] cacheinfo: Unable to detect cache hierarchy for CPU 0
[    2.881614] brd: module loaded
[    2.885756] loop: module loaded
[    2.886305] Registered mathworks_ip class
[    2.889653] libphy: Fixed MDIO Bus: probed
[    2.892625] tun: Universal TUN/TAP device driver, 1.6
[    2.896690] CAN device driver interface
[    2.901228] usbcore: registered new interface driver asix
[    2.905826] usbcore: registered new interface driver ax88179_178a
[    2.911860] usbcore: registered new interface driver cdc_ether
[    2.917650] usbcore: registered new interface driver net1080
[    2.923273] usbcore: registered new interface driver cdc_subset
[    2.929156] usbcore: registered new interface driver zaurus
[    2.934701] usbcore: registered new interface driver cdc_ncm
[    2.941103] ehci_hcd: USB 2.0 'Enhanced' Host Controller (EHCI) Driver
[    2.946785] ehci-pci: EHCI PCI platform driver
[    2.951582] usbcore: registered new interface driver uas
[    2.956500] usbcore: registered new interface driver usb-storage
[    2.962491] usbcore: registered new interface driver usbserial_generic
[    2.968940] usbserial: USB Serial support registered for generic
[    2.974913] usbcore: registered new interface driver ftdi_sio
[    2.980616] usbserial: USB Serial support registered for FTDI USB Serial Device
[    2.987889] usbcore: registered new interface driver upd78f0730
[    2.993763] usbserial: USB Serial support registered for upd78f0730
[    3.001414] rtc_zynqmp ffa60000.rtc: registered as rtc0
[    3.005188] rtc_zynqmp ffa60000.rtc: setting system clock to 2022-03-26T02:13:44 UTC (1648260824)
[    3.014051] i2c /dev entries driver
[    3.019359] usbcore: registered new interface driver uvcvideo
[    3.023164] USB Video Class driver (1.1.1)
[    3.028742] Bluetooth: HCI UART driver ver 2.3
[    3.031635] Bluetooth: HCI UART protocol H4 registered
[    3.036750] Bluetooth: HCI UART protocol BCSP registered
[    3.042037] Bluetooth: HCI UART protocol LL registered
[    3.047123] Bluetooth: HCI UART protocol ATH3K registered
[    3.052497] Bluetooth: HCI UART protocol Three-wire (H5) registered
[    3.058752] Bluetooth: HCI UART protocol Intel registered
[    3.064090] Bluetooth: HCI UART protocol QCA registered
[    3.069289] usbcore: registered new interface driver bcm203x
[    3.074911] usbcore: registered new interface driver bpa10x
[    3.080449] usbcore: registered new interface driver bfusb
[    3.085896] usbcore: registered new interface driver btusb
[    3.091361] usbcore: registered new interface driver ath3k
[    3.096846] EDAC MC: ECC not enabled
[    3.100469] EDAC DEVICE0: Giving out device to module zynqmp-ocm-edac controller zynqmp_ocm: DEV ff960000.memory-controller (INTERRUPT)
[    3.112785] sdhci: Secure Digital Host Controller Interface driver
[    3.118572] sdhci: Copyright(c) Pierre Ossman
[    3.122897] sdhci-pltfm: SDHCI platform and OF driver helper
[    3.128952] ledtrig-cpu: registered to indicate activity on CPUs
[    3.134500] SMCCC: SOC_ID: ARCH_SOC_ID not implemented, skipping ....
[    3.140931] zynqmp_firmware_probe Platform Management API v1.1
[    3.146688] zynqmp_firmware_probe Trustzone version v1.0
[    3.186242] zynqmp-pinctrl firmware:zynqmp-firmware:pinctrl: zynqmp pinctrl initialized
[    3.234233] zynqmp-aes firmware:zynqmp-firmware:zynqmp-aes: will run requests pump with realtime priority
[    3.249998] alg: No test for xilinx-keccak-384 (zynqmp-keccak-384)
[    3.250708] alg: No test for xilinx-zynqmp-rsa (zynqmp-rsa)
[    3.256220] usbcore: registered new interface driver usbhid
[    3.261611] usbhid: USB HID core driver
[    3.272845] axi_sysid 85000000.axi-sysid-0: AXI System ID core version (1.01.a) found
[    3.275191] axi_sysid 85000000.axi-sysid-0: [ad9081_fmca_ebz] on [zcu102] git branch <master> git <084d44c9780640ca93fd847b1d9ec70dd65f5c67> clean [2022-03-18 04:17:50] UTC
[    3.290889] fpga_manager fpga0: Xilinx ZynqMP FPGA Manager registered
[    3.297232] usbcore: registered new interface driver snd-usb-audio
[    3.304680] pktgen: Packet Generator for packet performance testing. Version: 2.75
[    3.310876] Initializing XFRM netlink socket
[    3.314721] NET: Registered protocol family 10
[    3.319434] Segment Routing with IPv6
[    3.322825] sit: IPv6, IPv4 and MPLS over IPv4 tunneling driver
[    3.328888] NET: Registered protocol family 17
[    3.332996] NET: Registered protocol family 15
[    3.337487] can: controller area network core
[    3.341745] NET: Registered protocol family 29
[    3.346133] can: raw protocol
[    3.349069] can: broadcast manager protocol
[    3.353224] can: netlink gateway - max_hops=1
[    3.357616] Bluetooth: RFCOMM TTY layer initialized
[    3.362398] Bluetooth: RFCOMM socket layer initialized
[    3.367509] Bluetooth: RFCOMM ver 1.11
[    3.371216] Bluetooth: BNEP (Ethernet Emulation) ver 1.3
[    3.376488] Bluetooth: BNEP filters: protocol multicast
[    3.381682] Bluetooth: BNEP socket layer initialized
[    3.386609] Bluetooth: HIDP (Human Interface Emulation) ver 1.2
[    3.392493] Bluetooth: HIDP socket layer initialized
[    3.397553] 9pnet: Installing 9P2000 support
[    3.401670] NET: Registered protocol family 36
[    3.406088] Key type dns_resolver registered
[    3.410517] registered taskstats version 1
[    3.414383] Loading compiled-in X.509 certificates
[    3.419496] Btrfs loaded, crc32c=crc32c-generic
[    3.431918] ff000000.serial: ttyPS0 at MMIO 0xff000000 (irq = 49, base_baud = 6249999) is a xuartps
[    3.440944] printk: console [ttyPS0] enabled
[    3.445239] printk: bootconsole [cdns0] disabled
[    3.454866] ff010000.serial: ttyPS1 at MMIO 0xff010000 (irq = 50, base_baud = 6249999) is a xuartps
[    3.468112] of-fpga-region fpga-full: FPGA Region probed
[    3.475060] nwl-pcie fd0e0000.pcie: host bridge /axi/pcie@fd0e0000 ranges:
[    3.481959] nwl-pcie fd0e0000.pcie:      MEM 0x00e0000000..0x00efffffff -> 0x00e0000000
[    3.489968] nwl-pcie fd0e0000.pcie:      MEM 0x0600000000..0x07ffffffff -> 0x0600000000
[    3.498031] nwl-pcie fd0e0000.pcie: Link is DOWN
[    3.502788] nwl-pcie fd0e0000.pcie: PCI host bridge to bus 0000:00
[    3.508967] pci_bus 0000:00: root bus resource [bus 00-ff]
[    3.514448] pci_bus 0000:00: root bus resource [mem 0xe0000000-0xefffffff]
[    3.521318] pci_bus 0000:00: root bus resource [mem 0x600000000-0x7ffffffff pref]
[    3.528821] pci 0000:00:00.0: [10ee:d021] type 01 class 0x060400
[    3.534877] pci 0000:00:00.0: PME# supported from D0 D1 D2 D3hot
[    3.545326] pci 0000:00:00.0: PCI bridge to [bus 01-0c]
[    3.551307] xilinx-zynqmp-dma fd500000.dma: ZynqMP DMA driver Probe success
[    3.558483] xilinx-zynqmp-dma fd510000.dma: ZynqMP DMA driver Probe success
[    3.565659] xilinx-zynqmp-dma fd520000.dma: ZynqMP DMA driver Probe success
[    3.572830] xilinx-zynqmp-dma fd530000.dma: ZynqMP DMA driver Probe success
[    3.579995] xilinx-zynqmp-dma fd540000.dma: ZynqMP DMA driver Probe success
[    3.587164] xilinx-zynqmp-dma fd550000.dma: ZynqMP DMA driver Probe success
[    3.594335] xilinx-zynqmp-dma fd560000.dma: ZynqMP DMA driver Probe success
[    3.601503] xilinx-zynqmp-dma fd570000.dma: ZynqMP DMA driver Probe success
[    3.608905] xilinx-zynqmp-dpdma fd4c0000.dma-controller: Xilinx DPDMA engine is probed
[    3.617457] ahci-ceva fd0c0000.ahci: supply ahci not found, using dummy regulator
[    3.625001] ahci-ceva fd0c0000.ahci: supply phy not found, using dummy regulator
[    3.715924] hmc7044 spi2.0: PLL1: Acquisition, CLKIN0 @ 122880000 Hz, PFD: 80 kHz - PLL2: Locked @ 2504.000000 MHz
[    3.726634] jesd204: /axi/spi@ff050000/hmc7044@0,jesd204:1,parent=spi2.0: Using as SYSREF provider
[    3.736218] spi-nor spi0.0: SPI-NOR-UniqueID 100000235394732200270025081115266e
[    3.743526] spi-nor spi0.0: found n25q512a, expected m25p80
[    3.749727] spi-nor spi0.0: trying to lock already unlocked area
[    3.755728] spi-nor spi0.0: n25q512a (131072 Kbytes)
[    3.760706] 4 fixed-partitions partitions found on MTD device spi0.0
[    3.767052] Creating 4 MTD partitions on "spi0.0":
[    3.771837] 0x000000000000-0x000000100000 : "qspi-fsbl-uboot"
[    3.778327] 0x000000100000-0x000000600000 : "qspi-linux"
[    3.784287] 0x000000600000-0x000000620000 : "qspi-device-tree"
[    3.790763] 0x000000620000-0x000000c00000 : "qspi-rootfs"
[    3.799234] macb ff0e0000.ethernet: Not enabling partial store and forward
[    3.806756] libphy: MACB_mii_bus: probed
[    3.811834] macb ff0e0000.ethernet eth0: Cadence GEM rev 0x50070106 at 0xff0e0000 irq 30 (00:0a:35:04:8e:1b)
[    3.822044] xilinx-axipmon ffa00000.perf-monitor: Probed Xilinx APM
[    3.828623] xilinx-axipmon fd0b0000.perf-monitor: Probed Xilinx APM
[    3.835140] xilinx-axipmon fd490000.perf-monitor: Probed Xilinx APM
[    3.841679] xilinx-axipmon ffa10000.perf-monitor: Probed Xilinx APM
[    3.851666] pca953x 0-0020: supply vcc not found, using dummy regulator
[    3.858355] pca953x 0-0020: using no AI
[    3.862843] gpio-496 (sel0): hogged as output/low
[    3.867740] gpio-497 (sel1): hogged as output/high
[    3.872731] gpio-498 (sel2): hogged as output/high
[    3.877716] gpio-499 (sel3): hogged as output/high
[    3.882884] pca953x 0-0021: supply vcc not found, using dummy regulator
[    3.889556] pca953x 0-0021: using no AI
[    3.895318] ina2xx 2-0040: power monitor ina226 (Rshunt = 5000 uOhm)
[    3.902344] ina2xx 2-0041: power monitor ina226 (Rshunt = 5000 uOhm)
[    3.909374] ina2xx 2-0042: power monitor ina226 (Rshunt = 5000 uOhm)
[    3.916414] ina2xx 2-0043: power monitor ina226 (Rshunt = 5000 uOhm)
[    3.923440] ina2xx 2-0044: power monitor ina226 (Rshunt = 5000 uOhm)
[    3.930458] ina2xx 2-0045: power monitor ina226 (Rshunt = 5000 uOhm)
[    3.937494] ina2xx 2-0046: power monitor ina226 (Rshunt = 5000 uOhm)
[    3.944565] ina2xx 2-0047: power monitor ina226 (Rshunt = 5000 uOhm)
[    3.951591] ina2xx 2-004a: power monitor ina226 (Rshunt = 5000 uOhm)
[    3.958622] ina2xx 2-004b: power monitor ina226 (Rshunt = 5000 uOhm)
[    3.965027] i2c i2c-0: Added multiplexed i2c bus 2
[    3.970417] random: fast init done
[    3.973883] ina2xx 3-0040: power monitor ina226 (Rshunt = 2000 uOhm)
[    3.980915] ina2xx 3-0041: power monitor ina226 (Rshunt = 5000 uOhm)
[    3.987940] ina2xx 3-0042: power monitor ina226 (Rshunt = 5000 uOhm)
[    3.994966] ina2xx 3-0043: power monitor ina226 (Rshunt = 5000 uOhm)
[    4.001997] ina2xx 3-0044: power monitor ina226 (Rshunt = 5000 uOhm)
[    4.009031] ina2xx 3-0045: power monitor ina226 (Rshunt = 5000 uOhm)
[    4.016059] ina2xx 3-0046: power monitor ina226 (Rshunt = 5000 uOhm)
[    4.023092] ina2xx 3-0047: power monitor ina226 (Rshunt = 5000 uOhm)
[    4.029494] i2c i2c-0: Added multiplexed i2c bus 3
[    4.085504] i2c i2c-0: Added multiplexed i2c bus 4
[    4.090444] i2c i2c-0: Added multiplexed i2c bus 5
[    4.095232] pca954x 0-0075: registered 4 multiplexed busses for I2C mux pca9544
[    4.102580] cdns-i2c ff020000.i2c: 400 kHz mmio ff020000 irq 32
[    4.110303] at24 6-0054: supply vcc not found, using dummy regulator
[    4.117205] at24 6-0054: 1024 byte 24c08 EEPROM, writable, 1 bytes/write
[    4.123953] i2c i2c-1: Added multiplexed i2c bus 6
[    4.130379] si5341 7-0036: Chip: 5341 Grade: 1 Rev: 1
[    4.168059] i2c i2c-1: Added multiplexed i2c bus 7
[    4.175704] si570 8-005d: registered, current frequency 300000000 Hz
[    4.182106] i2c i2c-1: Added multiplexed i2c bus 8
[    4.201894] si570 9-005d: registered, current frequency 148500000 Hz
[    4.208294] i2c i2c-1: Added multiplexed i2c bus 9
[    4.213332] si5324 10-0069: si5328 probed
[    4.280114] si5324 10-0069: si5328 probe successful
[    4.285046] i2c i2c-1: Added multiplexed i2c bus 10
[    4.290073] i2c i2c-1: Added multiplexed i2c bus 11
[    4.295098] i2c i2c-1: Added multiplexed i2c bus 12
[    4.300121] i2c i2c-1: Added multiplexed i2c bus 13
[    4.305001] pca954x 1-0074: registered 8 multiplexed busses for I2C switch pca9548
[    4.313112] at24 14-0050: supply vcc not found, using dummy regulator
[    4.319895] at24 14-0050: 256 byte 24c02 EEPROM, writable, 1 bytes/write
[    4.326645] i2c i2c-1: Added multiplexed i2c bus 14
[    4.331689] i2c i2c-1: Added multiplexed i2c bus 15
[    4.336723] i2c i2c-1: Added multiplexed i2c bus 16
[    4.341761] i2c i2c-1: Added multiplexed i2c bus 17
[    4.346796] i2c i2c-1: Added multiplexed i2c bus 18
[    4.351843] i2c i2c-1: Added multiplexed i2c bus 19
[    4.356875] i2c i2c-1: Added multiplexed i2c bus 20
[    4.361912] i2c i2c-1: Added multiplexed i2c bus 21
[    4.366784] pca954x 1-0075: registered 8 multiplexed busses for I2C switch pca9548
[    4.374393] cdns-i2c ff030000.i2c: 400 kHz mmio ff030000 irq 33
[    4.384145] cdns-wdt fd4d0000.watchdog: Xilinx Watchdog Timer with timeout 60s
[    4.394925] axi_adxcvr 84a60000.axi-adxcvr-rx: AXI-ADXCVR-RX (17.05.a) using CPLL on GTH4 at 0x84A60000. Number of lanes: 4.
[    4.407098] axi_adxcvr 84b60000.axi-adxcvr-tx: AXI-ADXCVR-TX (17.05.a) using QPLL on GTH4 at 0x84B60000. Number of lanes: 4.
[    4.418717] axi-jesd204-rx 84a90000.axi-jesd204-rx: AXI-JESD204-RX (1.07.a) at 0x84A90000. Encoder 8b10b, width 4/4, lanes 4, jesd204-fsm.
[    4.426246] mmc0: SDHCI controller on ff170000.mmc [ff170000.mmc] using ADMA 64-bit
[    4.431555] axi-jesd204-tx 84b90000.axi-jesd204-tx: AXI-JESD204-TX (1.06.a) at 0x84B90000. Encoder 8b10b, width 4/4, lanes 4, jesd204-fsm.
[    4.452280] zynqmp-display fd4a0000.display: vtc bridge property not present
[    4.461935] xilinx-dp-snd-codec fd4a0000.display:zynqmp_dp_snd_codec0: Failed to get required clock freq
[    4.471440] xilinx-dp-snd-codec: probe of fd4a0000.display:zynqmp_dp_snd_codec0 failed with error -22
[    4.473538] mmc0: new high speed SDHC card at address 0001
[    4.480981] xilinx-dp-snd-pcm zynqmp_dp_snd_pcm0: Xilinx DisplayPort Sound PCM probed
[    4.486494] mmcblk0: mmc0:0001 EB1QT 29.8 GiB 
[    4.494292] xilinx-dp-snd-pcm zynqmp_dp_snd_pcm1: Xilinx DisplayPort Sound PCM probed
[    4.499660]  mmcblk0: p1 p2 p3
[    4.506598] OF: graph: no port node found in /axi/display@fd4a0000
[    4.515669] xlnx-drm xlnx-drm.0: bound fd4a0000.display (ops 0xffffffc010fcbdb8)
[    5.599771] zynqmp-display fd4a0000.display: [drm] Cannot find any crtc or sizes
[    5.607390] [drm] Initialized xlnx 1.0.0 20130509 for fd4a0000.display on minor 0
[    5.614884] zynqmp-display fd4a0000.display: ZynqMP DisplayPort Subsystem driver probed
[    5.623211] ahci-ceva fd0c0000.ahci: supply ahci not found, using dummy regulator
[    5.630749] ahci-ceva fd0c0000.ahci: supply phy not found, using dummy regulator
[    5.638205] ahci-ceva fd0c0000.ahci: supply target not found, using dummy regulator
[    5.646043] ahci-ceva fd0c0000.ahci: AHCI 0001.0301 32 slots 2 ports 6 Gbps 0x3 impl platform mode
[    5.654999] ahci-ceva fd0c0000.ahci: flags: 64bit ncq sntf pm clo only pmp fbs pio slum part ccc sds apst 
[    5.665697] scsi host0: ahci-ceva
[    5.669294] scsi host1: ahci-ceva
[    5.672725] ata1: SATA max UDMA/133 mmio [mem 0xfd0c0000-0xfd0c1fff] port 0x100 irq 45
[    5.680639] ata2: SATA max UDMA/133 mmio [mem 0xfd0c0000-0xfd0c1fff] port 0x180 irq 45
[    5.689240] ad9081 spi1.0: supply vdd not found, using dummy regulator
[    6.002008] ata1: SATA link down (SStatus 0 SControl 330)
[    6.007430] ata2: SATA link down (SStatus 0 SControl 330)
[    6.683773] zynqmp-display fd4a0000.display: [drm] Cannot find any crtc or sizes
[    7.525876] ad9081 spi1.0: AD9081 Rev. 2 Grade 10 (API 1.2.2) probed
[    7.533061] xhci-hcd xhci-hcd.1.auto: xHCI Host Controller
[    7.538556] xhci-hcd xhci-hcd.1.auto: new USB bus registered, assigned bus number 1
[    7.546302] xhci-hcd xhci-hcd.1.auto: hcc params 0x0238f625 hci version 0x100 quirks 0x0000000002010810
[    7.555722] xhci-hcd xhci-hcd.1.auto: irq 59, io mem 0xfe200000
[    7.561840] usb usb1: New USB device found, idVendor=1d6b, idProduct=0002, bcdDevice= 5.10
[    7.570104] usb usb1: New USB device strings: Mfr=3, Product=2, SerialNumber=1
[    7.577322] usb usb1: Product: xHCI Host Controller
[    7.582190] usb usb1: Manufacturer: Linux 5.10.0-98103-g2aa7ac113716 xhci-hcd
[    7.589316] usb usb1: SerialNumber: xhci-hcd.1.auto
[    7.594481] hub 1-0:1.0: USB hub found
[    7.598244] hub 1-0:1.0: 1 port detected
[    7.602347] xhci-hcd xhci-hcd.1.auto: xHCI Host Controller
[    7.607829] xhci-hcd xhci-hcd.1.auto: new USB bus registered, assigned bus number 2
[    7.615482] xhci-hcd xhci-hcd.1.auto: Host supports USB 3.0 SuperSpeed
[    7.622105] usb usb2: New USB device found, idVendor=1d6b, idProduct=0003, bcdDevice= 5.10
[    7.630367] usb usb2: New USB device strings: Mfr=3, Product=2, SerialNumber=1
[    7.637587] usb usb2: Product: xHCI Host Controller
[    7.642455] usb usb2: Manufacturer: Linux 5.10.0-98103-g2aa7ac113716 xhci-hcd
[    7.649581] usb usb2: SerialNumber: xhci-hcd.1.auto
[    7.654689] hub 2-0:1.0: USB hub found
[    7.658451] hub 2-0:1.0: 1 port detected
[    7.688536] cf_axi_adc 84a10000.axi-ad9081-rx-hpc: ADI AIM (10.01.b) at 0x84A10000 mapped to 0x(____ptrval____), probed ADC AD9081 as MASTER
[    7.720593] cf_axi_dds 84b10000.axi-ad9081-tx-hpc: Analog Devices CF_AXI_DDS_DDS MASTER (9.01.b) at 0x84B10000 mapped to 0x(____ptrval____), probed DDS AD9081
[    7.734790] jesd204: /axi/spi@ff040000/ad9081@0,jesd204:0,parent=spi1.0: JESD204[2] transition initialized -> probed
[    7.745312] jesd204: /axi/spi@ff040000/ad9081@0,jesd204:0,parent=spi1.0: JESD204[0] transition initialized -> probed
[    7.755836] jesd204: /axi/spi@ff040000/ad9081@0,jesd204:0,parent=spi1.0: JESD204[2] transition probed -> idle
[    7.765744] jesd204: /axi/spi@ff040000/ad9081@0,jesd204:0,parent=spi1.0: JESD204[0] transition probed -> idle
[    7.775658] jesd204: /axi/spi@ff040000/ad9081@0,jesd204:0,parent=spi1.0: JESD204[2] transition idle -> device_init
[    7.786002] jesd204: /axi/spi@ff040000/ad9081@0,jesd204:0,parent=spi1.0: JESD204[0] transition idle -> device_init
[    7.796356] jesd204: /axi/spi@ff040000/ad9081@0,jesd204:0,parent=spi1.0: JESD204[2] transition device_init -> link_init
[    7.807137] jesd204: /axi/spi@ff040000/ad9081@0,jesd204:0,parent=spi1.0: JESD204[0] transition device_init -> link_init
[    7.817929] jesd204: /axi/spi@ff040000/ad9081@0,jesd204:0,parent=spi1.0: JESD204[2] transition link_init -> link_supported
[    7.828967] jesd204: /axi/spi@ff040000/ad9081@0,jesd204:0,parent=spi1.0: JESD204[0] transition link_init -> link_supported
[    7.840377] hmc7044 spi2.0: hmc7044_jesd204_link_pre_setup: Link2 forcing continuous SYSREF mode
[    7.849316] axi-jesd204-rx 84a90000.axi-jesd204-rx: axi_jesd204_rx_jesd204_link_pre_setup: Link2 set lane rate 12520000 kHz failed (-22)
[    7.861572] jesd204: /fpga-axi@0/axi-jesd204-rx@84a90000,jesd204:4,parent=84a90000.axi-jesd204-rx: JESD204[2] In link_pre_setup got error from cb: -22
[    7.875042] jesd204: /axi/spi@ff040000/ad9081@0,jesd204:0,parent=spi1.0: Rolling back from 'link_supported', got error -22
[    7.886084] jesd204: /axi/spi@ff040000/ad9081@0,jesd204:0,parent=spi1.0: JESD204[0] transition link_supported -> link_pre_setup
[    7.897556] jesd204: /axi/spi@ff040000/ad9081@0,jesd204:0,parent=spi1.0: JESD204[2] transition link_supported -> link_pre_setup
[    7.909041] jesd204: /axi/spi@ff040000/ad9081@0,jesd204:0,parent=spi1.0: JESD204[0] transition link_pre_setup -> link_supported
[    7.920516] jesd204: /axi/spi@ff040000/ad9081@0,jesd204:0,parent=spi1.0: JESD204[2] transition link_pre_setup -> link_supported
[    7.931993] jesd204: /axi/spi@ff040000/ad9081@0,jesd204:0,parent=spi1.0: JESD204[0] transition link_supported -> link_init
[    7.943031] jesd204: /axi/spi@ff040000/ad9081@0,jesd204:0,parent=spi1.0: JESD204[2] transition link_supported -> link_init
[    7.954078] jesd204: /axi/spi@ff040000/ad9081@0,jesd204:0,parent=spi1.0: JESD204[0] transition link_init -> device_init
[    7.964858] jesd204: /axi/spi@ff040000/ad9081@0,jesd204:0,parent=spi1.0: JESD204[2] transition link_init -> device_init
[    7.975636] jesd204: /axi/spi@ff040000/ad9081@0,jesd204:0,parent=spi1.0: JESD204[0] transition device_init -> idle
[    7.985980] jesd204: /axi/spi@ff040000/ad9081@0,jesd204:0,parent=spi1.0: JESD204[2] transition device_init -> idle
[    7.996331] jesd204: /axi/spi@ff040000/ad9081@0,jesd204:0,parent=spi1.0: JESD204[2] transition idle -> idle
[    8.006065] jesd204: /axi/spi@ff040000/ad9081@0,jesd204:0,parent=spi1.0: JESD204[0] transition idle -> idle
[    8.015807] jesd204: /axi/spi@ff040000/ad9081@0,jesd204:0,parent=spi1.0: JESD204[2] transition idle -> device_init
[    8.026151] jesd204: /axi/spi@ff040000/ad9081@0,jesd204:0,parent=spi1.0: JESD204[0] transition idle -> device_init
[    8.036501] jesd204: /axi/spi@ff040000/ad9081@0,jesd204:0,parent=spi1.0: JESD204[2] transition device_init -> link_init
[    8.047278] jesd204: /axi/spi@ff040000/ad9081@0,jesd204:0,parent=spi1.0: JESD204[0] transition device_init -> link_init
[    8.058066] jesd204: /axi/spi@ff040000/ad9081@0,jesd204:0,parent=spi1.0: JESD204[2] transition link_init -> link_supported
[    8.069114] jesd204: /axi/spi@ff040000/ad9081@0,jesd204:0,parent=spi1.0: JESD204[0] transition link_init -> link_supported
[    8.080332] axi-jesd204-rx 84a90000.axi-jesd204-rx: axi_jesd204_rx_jesd204_link_pre_setup: Link2 set lane rate 12520000 kHz failed (-22)
[    8.092591] jesd204: /fpga-axi@0/axi-jesd204-rx@84a90000,jesd204:4,parent=84a90000.axi-jesd204-rx: JESD204[2] In link_pre_setup got error from cb: -22
[    8.106061] jesd204: /axi/spi@ff040000/ad9081@0,jesd204:0,parent=spi1.0: Rolling back from 'link_supported', got error -22
[    8.117103] jesd204: /axi/spi@ff040000/ad9081@0,jesd204:0,parent=spi1.0: JESD204[0] transition link_supported -> link_pre_setup
[    8.128574] jesd204: /axi/spi@ff040000/ad9081@0,jesd204:0,parent=spi1.0: JESD204[2] transition link_supported -> link_pre_setup
[    8.140053] jesd204: /axi/spi@ff040000/ad9081@0,jesd204:0,parent=spi1.0: JESD204[0] transition link_pre_setup -> link_supported
[    8.151527] jesd204: /axi/spi@ff040000/ad9081@0,jesd204:0,parent=spi1.0: JESD204[2] transition link_pre_setup -> link_supported
[    8.163002] jesd204: /axi/spi@ff040000/ad9081@0,jesd204:0,parent=spi1.0: JESD204[0] transition link_supported -> link_init
[    8.174040] jesd204: /axi/spi@ff040000/ad9081@0,jesd204:0,parent=spi1.0: JESD204[2] transition link_supported -> link_init
[    8.185087] jesd204: /axi/spi@ff040000/ad9081@0,jesd204:0,parent=spi1.0: JESD204[0] transition link_init -> device_init
[    8.195862] jesd204: /axi/spi@ff040000/ad9081@0,jesd204:0,parent=spi1.0: JESD204[2] transition link_init -> device_init
[    8.206646] jesd204: /axi/spi@ff040000/ad9081@0,jesd204:0,parent=spi1.0: JESD204[0] transition device_init -> idle
[    8.216993] jesd204: /axi/spi@ff040000/ad9081@0,jesd204:0,parent=spi1.0: JESD204[2] transition device_init -> idle
[    8.227341] jesd204: /axi/spi@ff040000/ad9081@0,jesd204:0,parent=spi1.0: JESD204[2] transition idle -> idle
[    8.237075] jesd204: /axi/spi@ff040000/ad9081@0,jesd204:0,parent=spi1.0: JESD204[0] transition idle -> idle
[    8.246817] jesd204: /axi/spi@ff040000/ad9081@0,jesd204:0,parent=spi1.0: JESD204[2] transition idle -> device_init
[    8.257160] jesd204: /axi/spi@ff040000/ad9081@0,jesd204:0,parent=spi1.0: JESD204[0] transition idle -> device_init
[    8.267510] jesd204: /axi/spi@ff040000/ad9081@0,jesd204:0,parent=spi1.0: JESD204[2] transition device_init -> link_init
[    8.278288] jesd204: /axi/spi@ff040000/ad9081@0,jesd204:0,parent=spi1.0: JESD204[0] transition device_init -> link_init
[    8.289075] jesd204: /axi/spi@ff040000/ad9081@0,jesd204:0,parent=spi1.0: JESD204[2] transition link_init -> link_supported
[    8.300117] jesd204: /axi/spi@ff040000/ad9081@0,jesd204:0,parent=spi1.0: JESD204[0] transition link_init -> link_supported
[    8.311305] axi-jesd204-rx 84a90000.axi-jesd204-rx: axi_jesd204_rx_jesd204_link_pre_setup: Link2 set lane rate 12520000 kHz failed (-22)
[    8.323564] jesd204: /fpga-axi@0/axi-jesd204-rx@84a90000,jesd204:4,parent=84a90000.axi-jesd204-rx: JESD204[2] In link_pre_setup got error from cb: -22
[    8.337035] jesd204: /axi/spi@ff040000/ad9081@0,jesd204:0,parent=spi1.0: Rolling back from 'link_supported', got error -22
[    8.348081] jesd204: /axi/spi@ff040000/ad9081@0,jesd204:0,parent=spi1.0: JESD204[0] transition link_supported -> link_pre_setup
[    8.359549] jesd204: /axi/spi@ff040000/ad9081@0,jesd204:0,parent=spi1.0: JESD204[2] transition link_supported -> link_pre_setup
[    8.371030] jesd204: /axi/spi@ff040000/ad9081@0,jesd204:0,parent=spi1.0: JESD204[0] transition link_pre_setup -> link_supported
[    8.382499] jesd204: /axi/spi@ff040000/ad9081@0,jesd204:0,parent=spi1.0: JESD204[2] transition link_pre_setup -> link_supported
[    8.393977] jesd204: /axi/spi@ff040000/ad9081@0,jesd204:0,parent=spi1.0: JESD204[0] transition link_supported -> link_init
[    8.405014] jesd204: /axi/spi@ff040000/ad9081@0,jesd204:0,parent=spi1.0: JESD204[2] transition link_supported -> link_init
[    8.416062] jesd204: /axi/spi@ff040000/ad9081@0,jesd204:0,parent=spi1.0: JESD204[0] transition link_init -> device_init
[    8.426837] jesd204: /axi/spi@ff040000/ad9081@0,jesd204:0,parent=spi1.0: JESD204[2] transition link_init -> device_init
[    8.437620] jesd204: /axi/spi@ff040000/ad9081@0,jesd204:0,parent=spi1.0: JESD204[0] transition device_init -> idle
[    8.447966] jesd204: /axi/spi@ff040000/ad9081@0,jesd204:0,parent=spi1.0: JESD204[2] transition device_init -> idle
[    8.458315] jesd204: /axi/spi@ff040000/ad9081@0,jesd204:0,parent=spi1.0: JESD204[2] transition idle -> idle
[    8.468049] jesd204: /axi/spi@ff040000/ad9081@0,jesd204:0,parent=spi1.0: JESD204[0] transition idle -> idle
[    8.477795] jesd204: /axi/spi@ff040000/ad9081@0,jesd204:0,parent=spi1.0: JESD204[2] transition idle -> device_init
[    8.488136] jesd204: /axi/spi@ff040000/ad9081@0,jesd204:0,parent=spi1.0: JESD204[0] transition idle -> device_init
[    8.498485] jesd204: /axi/spi@ff040000/ad9081@0,jesd204:0,parent=spi1.0: JESD204[2] transition device_init -> link_init
[    8.509261] jesd204: /axi/spi@ff040000/ad9081@0,jesd204:0,parent=spi1.0: JESD204[0] transition device_init -> link_init
[    8.520051] jesd204: /axi/spi@ff040000/ad9081@0,jesd204:0,parent=spi1.0: JESD204[2] transition link_init -> link_supported
[    8.531093] jesd204: /axi/spi@ff040000/ad9081@0,jesd204:0,parent=spi1.0: JESD204[0] transition link_init -> link_supported
[    8.542279] axi-jesd204-rx 84a90000.axi-jesd204-rx: axi_jesd204_rx_jesd204_link_pre_setup: Link2 set lane rate 12520000 kHz failed (-22)
[    8.554539] jesd204: /fpga-axi@0/axi-jesd204-rx@84a90000,jesd204:4,parent=84a90000.axi-jesd204-rx: JESD204[2] In link_pre_setup got error from cb: -22
[    8.568010] jesd204: /axi/spi@ff040000/ad9081@0,jesd204:0,parent=spi1.0: Rolling back from 'link_supported', got error -22
[    8.579052] jesd204: /axi/spi@ff040000/ad9081@0,jesd204:0,parent=spi1.0: JESD204[0] transition link_supported -> link_pre_setup
[    8.590524] jesd204: /axi/spi@ff040000/ad9081@0,jesd204:0,parent=spi1.0: JESD204[2] transition link_supported -> link_pre_setup
[    8.602006] jesd204: /axi/spi@ff040000/ad9081@0,jesd204:0,parent=spi1.0: JESD204[0] transition link_pre_setup -> link_supported
[    8.613474] jesd204: /axi/spi@ff040000/ad9081@0,jesd204:0,parent=spi1.0: JESD204[2] transition link_pre_setup -> link_supported
[    8.624952] jesd204: /axi/spi@ff040000/ad9081@0,jesd204:0,parent=spi1.0: JESD204[0] transition link_supported -> link_init
[    8.635990] jesd204: /axi/spi@ff040000/ad9081@0,jesd204:0,parent=spi1.0: JESD204[2] transition link_supported -> link_init
[    8.647037] jesd204: /axi/spi@ff040000/ad9081@0,jesd204:0,parent=spi1.0: JESD204[0] transition link_init -> device_init
[    8.657812] jesd204: /axi/spi@ff040000/ad9081@0,jesd204:0,parent=spi1.0: JESD204[2] transition link_init -> device_init
[    8.668595] jesd204: /axi/spi@ff040000/ad9081@0,jesd204:0,parent=spi1.0: JESD204[0] transition device_init -> idle
[    8.678938] jesd204: /axi/spi@ff040000/ad9081@0,jesd204:0,parent=spi1.0: JESD204[2] transition device_init -> idle
[    8.689285] jesd204: /axi/spi@ff040000/ad9081@0,jesd204:0,parent=spi1.0: FSM completed with error -22
[    8.707707] input: gpio-keys as /devices/platform/gpio-keys/input/input0
[    8.714726] of_cfs_init
[    8.717194] of_cfs_init: OK
[    8.720129] cfg80211: Loading compiled-in X.509 certificates for regulatory database
[    8.858340] cfg80211: Loaded X.509 cert 'sforshee: 00b28ddf47aef9cea7'
[    8.864867] clk: Not disabling unused clocks
[    8.869394] ALSA device list:
[    8.872358]   No soundcards found.
[    8.876036] platform regulatory.0: Direct firmware load for regulatory.db failed with error -2
[    8.884648] cfg80211: failed to load regulatory.db
[    8.899493] EXT4-fs (mmcblk0p2): mounted filesystem with ordered data mode. Opts: (null)
[    8.907608] VFS: Mounted root (ext4 filesystem) on device 179:2.
[    8.920773] devtmpfs: mounted
[    8.924590] Freeing unused kernel memory: 2560K
[    8.935806] Run /sbin/init as init process
[    8.939901]   with arguments:
[    8.939904]     /sbin/init
[    8.939906]   with environment:
[    8.939908]     HOME=/
[    8.939910]     TERM=linux
[    9.519697] systemd[1]: systemd 241 running in system mode. (+PAM +AUDIT +SELINUX +IMA +APPARMOR +SMACK +SYSVINIT +UTMP +LIBCRYPTSETUP +GCRYPT +GNUTLS +ACL +XZ +LZ4 +SECCOMP +BLKID +ELFUTILS +KMOD -IDN2 +IDN -PCRE2 default-hierarchy=hybrid)
[    9.541600] systemd[1]: Detected architecture arm64.
[    9.564492] systemd[1]: Set hostname to <analog>.
[    9.757970] systemd[1]: File /lib/systemd/system/systemd-journald.service:12 configures an IP firewall (IPAddressDeny=any), but the local system does not support BPF/cgroup based firewalling.
[    9.775038] systemd[1]: Proceeding WITHOUT firewalling in effect! (This warning is only shown for the first loaded unit using IP firewalling.)
[    9.940350] systemd[1]: /etc/systemd/system/tof-server.service:1: Assignment outside of section. Ignoring.
[    9.950073] systemd[1]: /etc/systemd/system/tof-server.service:2: Assignment outside of section. Ignoring.
[   10.135895] random: systemd: uninitialized urandom read (16 bytes read)
[   10.150734] random: systemd: uninitialized urandom read (16 bytes read)
[   10.157776] systemd[1]: Listening on fsck to fsckd communication Socket.
[   10.179830] random: systemd: uninitialized urandom read (16 bytes read)
[   10.186840] systemd[1]: Created slice User and Session Slice.
[   10.207835] systemd[1]: Reached target Slices.
[   10.982684] EXT4-fs (mmcblk0p2): re-mounted. Opts: (null)
[   11.059997] systemd-journald[160]: Received request to flush runtime journal from PID 1
[   16.681679] random: crng init done
[   16.681688] random: 7 urandom warning(s) missed due to ratelimiting
[   17.096400] macb ff0e0000.ethernet eth0: PHY [ff0e0000.ethernet-ffffffff:0c] driver [TI DP83867] (irq=POLL)
[   17.096414] macb ff0e0000.ethernet eth0: configuring for phy/rgmii-id link mode
[   17.407800] Adding 79868k swap on /var/swap.  Priority:-2 extents:1 across:79868k SS
[   20.026552] broken atomic modeset userspace detected, disabling atomic
[   20.161377] macb ff0e0000.ethernet eth0: Link is Up - 1Gbps/Full - flow control off
[   20.161401] IPv6: ADDRCONF(NETDEV_CHANGE): eth0: link becomes ready
[   22.701716] broken atomic modeset userspace detected, disabling atomic
[   25.569775] broken atomic modeset userspace detected, disabling atomic