[    0.000000] Booting Linux on physical CPU 0x0000000000 [0x410fd034]
[    0.000000] Linux version 5.10.0-98103-g2aa7ac113716 (jenkins@romlxbuild1.adlk.analog.com) (aarch64-xilinx-linux-gcc.real (GCC) 10.2.0, GNU ld (GNU Binutils) 2.35.0.20200730) #5577 SMP Wed Mar 23 07:28:49 GMT 2022
[    0.000000] Machine model: ZynqMP ZCU102 Rev1.0
[    0.000000] earlycon: cdns0 at MMIO 0x00000000ff000000 (options '115200n8')
[    0.000000] printk: bootconsole [cdns0] enabled
[    0.000000] efi: UEFI not found.
[    0.000000] cma: Reserved 256 MiB at 0x0000000070000000
[    0.000000] Zone ranges:
[    0.000000]   DMA      [mem 0x0000000000000000-0x000000003fffffff]
[    0.000000]   DMA32    [mem 0x0000000040000000-0x00000000ffffffff]
[    0.000000]   Normal   [mem 0x0000000100000000-0x000000087fffffff]
[    0.000000] Movable zone start for each node
[    0.000000] Early memory node ranges
[    0.000000]   node   0: [mem 0x0000000000000000-0x000000007fffffff]
[    0.000000]   node   0: [mem 0x0000000800000000-0x000000087fffffff]
[    0.000000] Initmem setup node 0 [mem 0x0000000000000000-0x000000087fffffff]
[    0.000000] On node 0 totalpages: 1048576
[    0.000000]   DMA zone: 3584 pages used for memmap
[    0.000000]   DMA zone: 0 pages reserved
[    0.000000]   DMA zone: 262144 pages, LIFO batch:63
[    0.000000]   DMA32 zone: 3584 pages used for memmap
[    0.000000]   DMA32 zone: 262144 pages, LIFO batch:63
[    0.000000]   Normal zone: 7168 pages used for memmap
[    0.000000]   Normal zone: 524288 pages, LIFO batch:63
[    0.000000] psci: probing for conduit method from DT.
[    0.000000] psci: PSCIv1.1 detected in firmware.
[    0.000000] psci: Using standard PSCI v0.2 function IDs
[    0.000000] psci: MIGRATE_INFO_TYPE not supported.
[    0.000000] psci: SMC Calling Convention v1.2
[    0.000000] percpu: Embedded 22 pages/cpu s49496 r8192 d32424 u90112
[    0.000000] pcpu-alloc: s49496 r8192 d32424 u90112 alloc=22*4096
[    0.000000] pcpu-alloc: [0] 0 [0] 1 [0] 2 [0] 3 
[    0.000000] Detected VIPT I-cache on CPU0
[    0.000000] CPU features: detected: ARM erratum 845719
[    0.000000] Built 1 zonelists, mobility grouping on.  Total pages: 1034240
[    0.000000] Kernel command line: console=ttyPS0,115200 root=/dev/mmcblk0p2 rw earlycon rootfstype=ext4 rootwait clk_ignore_unused cpuidle.off=1 root=/dev/mmcblk0p2 rw rootwait
[    0.000000] Dentry cache hash table entries: 524288 (order: 10, 4194304 bytes, linear)
[    0.000000] Inode-cache hash table entries: 262144 (order: 9, 2097152 bytes, linear)
[    0.000000] mem auto-init: stack:off, heap alloc:off, heap free:off
[    0.000000] software IO TLB: mapped [mem 0x000000003bfff000-0x000000003ffff000] (64MB)
[    0.000000] Memory: 3761904K/4194304K available (15296K kernel code, 1636K rwdata, 11876K rodata, 2560K init, 507K bss, 170256K reserved, 262144K cma-reserved)
[    0.000000] rcu: Hierarchical RCU implementation.
[    0.000000] rcu: 	RCU event tracing is enabled.
[    0.000000] rcu: 	RCU restricting CPUs from NR_CPUS=8 to nr_cpu_ids=4.
[    0.000000] rcu: RCU calculated value of scheduler-enlistment delay is 25 jiffies.
[    0.000000] rcu: Adjusting geometry for rcu_fanout_leaf=16, nr_cpu_ids=4
[    0.000000] NR_IRQS: 64, nr_irqs: 64, preallocated irqs: 0
[    0.000000] GIC: Adjusting CPU interface base to 0x00000000f902f000
[    0.000000] GIC: Using split EOI/Deactivate mode
[    0.000000] random: get_random_bytes called from start_kernel+0x31c/0x54c with crng_init=0
[    0.000000] arch_timer: cp15 timer(s) running at 100.00MHz (phys).
[    0.000000] clocksource: arch_sys_counter: mask: 0xffffffffffffff max_cycles: 0x171024e7e0, max_idle_ns: 440795205315 ns
[    0.000004] sched_clock: 56 bits at 100MHz, resolution 10ns, wraps every 4398046511100ns
[    0.008461] Console: colour dummy device 80x25
[    0.012483] Calibrating delay loop (skipped), value calculated using timer frequency.. 200.00 BogoMIPS (lpj=400000)
[    0.022841] pid_max: default: 32768 minimum: 301
[    0.027548] Mount-cache hash table entries: 8192 (order: 4, 65536 bytes, linear)
[    0.034789] Mountpoint-cache hash table entries: 8192 (order: 4, 65536 bytes, linear)
[    0.043396] rcu: Hierarchical SRCU implementation.
[    0.047561] EFI services will not be available.
[    0.051939] smp: Bringing up secondary CPUs ...
[    0.056658] Detected VIPT I-cache on CPU1
[    0.056698] CPU1: Booted secondary processor 0x0000000001 [0x410fd034]
[    0.057062] Detected VIPT I-cache on CPU2
[    0.057087] CPU2: Booted secondary processor 0x0000000002 [0x410fd034]
[    0.057427] Detected VIPT I-cache on CPU3
[    0.057450] CPU3: Booted secondary processor 0x0000000003 [0x410fd034]
[    0.057496] smp: Brought up 1 node, 4 CPUs
[    0.091780] SMP: Total of 4 processors activated.
[    0.096452] CPU features: detected: 32-bit EL0 Support
[    0.101556] CPU features: detected: CRC32 instructions
[    0.106697] CPU: All CPU(s) started at EL2
[    0.110736] alternatives: patching kernel code
[    0.116168] devtmpfs: initialized
[    0.124066] Registered cp15_barrier emulation handler
[    0.124117] Registered setend emulation handler
[    0.128090] clocksource: jiffies: mask: 0xffffffff max_cycles: 0xffffffff, max_idle_ns: 7645041785100000 ns
[    0.137670] futex hash table entries: 1024 (order: 4, 65536 bytes, linear)
[    0.151027] pinctrl core: initialized pinctrl subsystem
[    0.151674] NET: Registered protocol family 16
[    0.156096] DMA: preallocated 512 KiB GFP_KERNEL pool for atomic allocations
[    0.162107] DMA: preallocated 512 KiB GFP_KERNEL|GFP_DMA pool for atomic allocations
[    0.169833] DMA: preallocated 512 KiB GFP_KERNEL|GFP_DMA32 pool for atomic allocations
[    0.177636] audit: initializing netlink subsys (disabled)
[    0.183089] audit: type=2000 audit(0.116:1): state=initialized audit_enabled=0 res=1
[    0.183433] hw-breakpoint: found 6 breakpoint and 4 watchpoint registers.
[    0.197463] ASID allocator initialised with 65536 entries
[    0.224356] HugeTLB registered 1.00 GiB page size, pre-allocated 0 pages
[    0.225412] HugeTLB registered 32.0 MiB page size, pre-allocated 0 pages
[    0.232082] HugeTLB registered 2.00 MiB page size, pre-allocated 0 pages
[    0.238746] HugeTLB registered 64.0 KiB page size, pre-allocated 0 pages
[    1.304313] DRBG: Continuing without Jitter RNG
[    1.382142] raid6: neonx8   gen()  2144 MB/s
[    1.450189] raid6: neonx8   xor()  1597 MB/s
[    1.518251] raid6: neonx4   gen()  2190 MB/s
[    1.586299] raid6: neonx4   xor()  1565 MB/s
[    1.654360] raid6: neonx2   gen()  2076 MB/s
[    1.722410] raid6: neonx2   xor()  1440 MB/s
[    1.790485] raid6: neonx1   gen()  1772 MB/s
[    1.858524] raid6: neonx1   xor()  1220 MB/s
[    1.926584] raid6: int64x8  gen()  1438 MB/s
[    1.994640] raid6: int64x8  xor()   771 MB/s
[    2.062708] raid6: int64x4  gen()  1598 MB/s
[    2.130759] raid6: int64x4  xor()   815 MB/s
[    2.198829] raid6: int64x2  gen()  1397 MB/s
[    2.266876] raid6: int64x2  xor()   750 MB/s
[    2.334964] raid6: int64x1  gen()  1034 MB/s
[    2.403015] raid6: int64x1  xor()   517 MB/s
[    2.403053] raid6: using algorithm neonx4 gen() 2190 MB/s
[    2.407004] raid6: .... xor() 1565 MB/s, rmw enabled
[    2.411935] raid6: using neon recovery algorithm
[    2.416946] iommu: Default domain type: Translated 
[    2.421561] SCSI subsystem initialized
[    2.425104] libata version 3.00 loaded.
[    2.425228] usbcore: registered new interface driver usbfs
[    2.430561] usbcore: registered new interface driver hub
[    2.435834] usbcore: registered new device driver usb
[    2.440966] mc: Linux media interface: v0.10
[    2.445084] videodev: Linux video capture interface: v2.00
[    2.450574] EDAC MC: Ver: 3.0.0
[    2.454013] zynqmp-ipi-mbox mailbox@ff990400: Registered ZynqMP IPI mbox with TX/RX channels.
[    2.462521] jesd204: created con: id=0, topo=0, link=0, /axi/spi@ff050000/hmc7044@0 <-> /fpga-axi@0/axi-adxcvr-tx@84b60000
[    2.473103] jesd204: created con: id=1, topo=0, link=2, /axi/spi@ff050000/hmc7044@0 <-> /fpga-axi@0/axi-adxcvr-rx@84a60000
[    2.484087] jesd204: created con: id=2, topo=0, link=0, /fpga-axi@0/axi-adxcvr-tx@84b60000 <-> /fpga-axi@0/axi-jesd204-tx@84b90000
[    2.495763] jesd204: created con: id=3, topo=0, link=2, /fpga-axi@0/axi-adxcvr-rx@84a60000 <-> /fpga-axi@0/axi-jesd204-rx@84a90000
[    2.507440] jesd204: created con: id=4, topo=0, link=0, /fpga-axi@0/axi-jesd204-tx@84b90000 <-> /fpga-axi@0/axi-ad9081-tx-hpc@84b10000
[    2.519468] jesd204: created con: id=5, topo=0, link=2, /fpga-axi@0/axi-jesd204-rx@84a90000 <-> /fpga-axi@0/axi-ad9081-rx-hpc@84a10000
[    2.531490] jesd204: created con: id=6, topo=0, link=2, /fpga-axi@0/axi-ad9081-rx-hpc@84a10000 <-> /axi/spi@ff040000/ad9081@0
[    2.542732] jesd204: created con: id=7, topo=0, link=0, /fpga-axi@0/axi-ad9081-tx-hpc@84b10000 <-> /axi/spi@ff040000/ad9081@0
[    2.553982] jesd204: /axi/spi@ff040000/ad9081@0: JESD204[2] transition uninitialized -> initialized
[    2.562968] jesd204: /axi/spi@ff040000/ad9081@0: JESD204[0] transition uninitialized -> initialized
[    2.571960] jesd204: found 8 devices and 1 topologies
[    2.577004] FPGA manager framework
[    2.580483] Advanced Linux Sound Architecture Driver Initialized.
[    2.586776] Bluetooth: Core ver 2.22
[    2.589963] NET: Registered protocol family 31
[    2.594364] Bluetooth: HCI device and connection manager initialized
[    2.600681] Bluetooth: HCI socket layer initialized
[    2.605523] Bluetooth: L2CAP socket layer initialized
[    2.610546] Bluetooth: SCO socket layer initialized
[    2.615727] clocksource: Switched to clocksource arch_sys_counter
[    2.621540] VFS: Disk quotas dquot_6.6.0
[    2.625373] VFS: Dquot-cache hash table entries: 512 (order 0, 4096 bytes)
[    2.636087] NET: Registered protocol family 2
[    2.636817] tcp_listen_portaddr_hash hash table entries: 2048 (order: 3, 32768 bytes, linear)
[    2.645015] TCP established hash table entries: 32768 (order: 6, 262144 bytes, linear)
[    2.653039] TCP bind hash table entries: 32768 (order: 7, 524288 bytes, linear)
[    2.660485] TCP: Hash tables configured (established 32768 bind 32768)
[    2.666658] UDP hash table entries: 2048 (order: 4, 65536 bytes, linear)
[    2.673325] UDP-Lite hash table entries: 2048 (order: 4, 65536 bytes, linear)
[    2.680485] NET: Registered protocol family 1
[    2.684941] RPC: Registered named UNIX socket transport module.
[    2.690562] RPC: Registered udp transport module.
[    2.695226] RPC: Registered tcp transport module.
[    2.699896] RPC: Registered tcp NFSv4.1 backchannel transport module.
[    2.706887] PCI: CLS 0 bytes, default 64
[    2.710591] hw perfevents: no interrupt-affinity property for /pmu, guessing.
[    2.717447] hw perfevents: enabled with armv8_pmuv3 PMU driver, 7 counters available
[    2.725796] Initialise system trusted keyrings
[    2.729474] workingset: timestamp_bits=62 max_order=20 bucket_order=0
[    2.736372] NFS: Registering the id_resolver key type
[    2.740825] Key type id_resolver registered
[    2.744964] Key type id_legacy registered
[    2.748953] nfs4filelayout_init: NFSv4 File Layout Driver Registering...
[    2.755619] jffs2: version 2.2. (NAND) (SUMMARY)  Â© 2001-2006 Red Hat, Inc.
[    2.798494] NET: Registered protocol family 38
[    2.798537] xor: measuring software checksum speed
[    2.806228]    8regs           :  2363 MB/sec
[    2.809896]    32regs          :  2799 MB/sec
[    2.814839]    arm64_neon      :  2380 MB/sec
[    2.815029] xor: using function: 32regs (2799 MB/sec)
[    2.820055] Key type asymmetric registered
[    2.824116] Asymmetric key parser 'x509' registered
[    2.828977] Block layer SCSI generic (bsg) driver version 0.4 loaded (major 248)
[    2.836314] io scheduler mq-deadline registered
[    2.840810] io scheduler kyber registered
[    2.870206] Serial: 8250/16550 driver, 4 ports, IRQ sharing disabled
[    2.874852] cacheinfo: Unable to detect cache hierarchy for CPU 0
[    2.881176] brd: module loaded
[    2.885326] loop: module loaded
[    2.885873] Registered mathworks_ip class
[    2.889212] libphy: Fixed MDIO Bus: probed
[    2.892202] tun: Universal TUN/TAP device driver, 1.6
[    2.896259] CAN device driver interface
[    2.900793] usbcore: registered new interface driver asix
[    2.905388] usbcore: registered new interface driver ax88179_178a
[    2.911424] usbcore: registered new interface driver cdc_ether
[    2.917217] usbcore: registered new interface driver net1080
[    2.922843] usbcore: registered new interface driver cdc_subset
[    2.928724] usbcore: registered new interface driver zaurus
[    2.934267] usbcore: registered new interface driver cdc_ncm
[    2.940670] ehci_hcd: USB 2.0 'Enhanced' Host Controller (EHCI) Driver
[    2.946353] ehci-pci: EHCI PCI platform driver
[    2.951149] usbcore: registered new interface driver uas
[    2.956069] usbcore: registered new interface driver usb-storage
[    2.962056] usbcore: registered new interface driver usbserial_generic
[    2.968507] usbserial: USB Serial support registered for generic
[    2.974480] usbcore: registered new interface driver ftdi_sio
[    2.980183] usbserial: USB Serial support registered for FTDI USB Serial Device
[    2.987460] usbcore: registered new interface driver upd78f0730
[    2.993331] usbserial: USB Serial support registered for upd78f0730
[    3.000992] rtc_zynqmp ffa60000.rtc: registered as rtc0
[    3.004755] rtc_zynqmp ffa60000.rtc: setting system clock to 2022-03-25T23:33:29 UTC (1648251209)
[    3.013618] i2c /dev entries driver
[    3.018924] usbcore: registered new interface driver uvcvideo
[    3.022732] USB Video Class driver (1.1.1)
[    3.028312] Bluetooth: HCI UART driver ver 2.3
[    3.031203] Bluetooth: HCI UART protocol H4 registered
[    3.036312] Bluetooth: HCI UART protocol BCSP registered
[    3.041601] Bluetooth: HCI UART protocol LL registered
[    3.046690] Bluetooth: HCI UART protocol ATH3K registered
[    3.052064] Bluetooth: HCI UART protocol Three-wire (H5) registered
[    3.058319] Bluetooth: HCI UART protocol Intel registered
[    3.063656] Bluetooth: HCI UART protocol QCA registered
[    3.068859] usbcore: registered new interface driver bcm203x
[    3.074480] usbcore: registered new interface driver bpa10x
[    3.080015] usbcore: registered new interface driver bfusb
[    3.085466] usbcore: registered new interface driver btusb
[    3.090928] usbcore: registered new interface driver ath3k
[    3.096411] EDAC MC: ECC not enabled
[    3.100037] EDAC DEVICE0: Giving out device to module zynqmp-ocm-edac controller zynqmp_ocm: DEV ff960000.memory-controller (INTERRUPT)
[    3.112350] sdhci: Secure Digital Host Controller Interface driver
[    3.118139] sdhci: Copyright(c) Pierre Ossman
[    3.122464] sdhci-pltfm: SDHCI platform and OF driver helper
[    3.128516] ledtrig-cpu: registered to indicate activity on CPUs
[    3.134068] SMCCC: SOC_ID: ARCH_SOC_ID not implemented, skipping ....
[    3.140498] zynqmp_firmware_probe Platform Management API v1.1
[    3.146255] zynqmp_firmware_probe Trustzone version v1.0
[    3.185796] zynqmp-pinctrl firmware:zynqmp-firmware:pinctrl: zynqmp pinctrl initialized
[    3.233783] zynqmp-aes firmware:zynqmp-firmware:zynqmp-aes: will run requests pump with realtime priority
[    3.249659] alg: No test for xilinx-keccak-384 (zynqmp-keccak-384)
[    3.250370] alg: No test for xilinx-zynqmp-rsa (zynqmp-rsa)
[    3.255882] usbcore: registered new interface driver usbhid
[    3.261273] usbhid: USB HID core driver
[    3.272500] axi_sysid 85000000.axi-sysid-0: AXI System ID core version (1.01.a) found
[    3.274845] axi_sysid 85000000.axi-sysid-0: [ad9081_fmca_ebz] on [zcu102] git branch <master> git <084d44c9780640ca93fd847b1d9ec70dd65f5c67> clean [2022-03-18 04:17:50] UTC
[    3.290541] fpga_manager fpga0: Xilinx ZynqMP FPGA Manager registered
[    3.296894] usbcore: registered new interface driver snd-usb-audio
[    3.304341] pktgen: Packet Generator for packet performance testing. Version: 2.75
[    3.310527] Initializing XFRM netlink socket
[    3.314372] NET: Registered protocol family 10
[    3.319090] Segment Routing with IPv6
[    3.322473] sit: IPv6, IPv4 and MPLS over IPv4 tunneling driver
[    3.328545] NET: Registered protocol family 17
[    3.332648] NET: Registered protocol family 15
[    3.337142] can: controller area network core
[    3.341400] NET: Registered protocol family 29
[    3.345786] can: raw protocol
[    3.348725] can: broadcast manager protocol
[    3.352877] can: netlink gateway - max_hops=1
[    3.357273] Bluetooth: RFCOMM TTY layer initialized
[    3.362052] Bluetooth: RFCOMM socket layer initialized
[    3.367162] Bluetooth: RFCOMM ver 1.11
[    3.370873] Bluetooth: BNEP (Ethernet Emulation) ver 1.3
[    3.376143] Bluetooth: BNEP filters: protocol multicast
[    3.381334] Bluetooth: BNEP socket layer initialized
[    3.386264] Bluetooth: HIDP (Human Interface Emulation) ver 1.2
[    3.392148] Bluetooth: HIDP socket layer initialized
[    3.397197] 9pnet: Installing 9P2000 support
[    3.401325] NET: Registered protocol family 36
[    3.405740] Key type dns_resolver registered
[    3.410174] registered taskstats version 1
[    3.414037] Loading compiled-in X.509 certificates
[    3.419149] Btrfs loaded, crc32c=crc32c-generic
[    3.431552] ff000000.serial: ttyPS0 at MMIO 0xff000000 (irq = 49, base_baud = 6249999) is a xuartps
[    3.440571] printk: console [ttyPS0] enabled
[    3.444867] printk: bootconsole [cdns0] disabled
[    3.454494] ff010000.serial: ttyPS1 at MMIO 0xff010000 (irq = 50, base_baud = 6249999) is a xuartps
[    3.467744] of-fpga-region fpga-full: FPGA Region probed
[    3.474704] nwl-pcie fd0e0000.pcie: host bridge /axi/pcie@fd0e0000 ranges:
[    3.481595] nwl-pcie fd0e0000.pcie:      MEM 0x00e0000000..0x00efffffff -> 0x00e0000000
[    3.489604] nwl-pcie fd0e0000.pcie:      MEM 0x0600000000..0x07ffffffff -> 0x0600000000
[    3.497668] nwl-pcie fd0e0000.pcie: Link is DOWN
[    3.502425] nwl-pcie fd0e0000.pcie: PCI host bridge to bus 0000:00
[    3.508603] pci_bus 0000:00: root bus resource [bus 00-ff]
[    3.514085] pci_bus 0000:00: root bus resource [mem 0xe0000000-0xefffffff]
[    3.520955] pci_bus 0000:00: root bus resource [mem 0x600000000-0x7ffffffff pref]
[    3.528459] pci 0000:00:00.0: [10ee:d021] type 01 class 0x060400
[    3.534514] pci 0000:00:00.0: PME# supported from D0 D1 D2 D3hot
[    3.544962] pci 0000:00:00.0: PCI bridge to [bus 01-0c]
[    3.550940] xilinx-zynqmp-dma fd500000.dma: ZynqMP DMA driver Probe success
[    3.558113] xilinx-zynqmp-dma fd510000.dma: ZynqMP DMA driver Probe success
[    3.565289] xilinx-zynqmp-dma fd520000.dma: ZynqMP DMA driver Probe success
[    3.572457] xilinx-zynqmp-dma fd530000.dma: ZynqMP DMA driver Probe success
[    3.579622] xilinx-zynqmp-dma fd540000.dma: ZynqMP DMA driver Probe success
[    3.586791] xilinx-zynqmp-dma fd550000.dma: ZynqMP DMA driver Probe success
[    3.593963] xilinx-zynqmp-dma fd560000.dma: ZynqMP DMA driver Probe success
[    3.601133] xilinx-zynqmp-dma fd570000.dma: ZynqMP DMA driver Probe success
[    3.608529] xilinx-zynqmp-dpdma fd4c0000.dma-controller: Xilinx DPDMA engine is probed
[    3.617084] ahci-ceva fd0c0000.ahci: supply ahci not found, using dummy regulator
[    3.624626] ahci-ceva fd0c0000.ahci: supply phy not found, using dummy regulator
[    3.715902] hmc7044 spi2.0: PLL1: Acquisition, CLKIN0 @ 122880000 Hz, PFD: 80 kHz - PLL2: Locked @ 2832.000000 MHz
[    3.726621] jesd204: /axi/spi@ff050000/hmc7044@0,jesd204:1,parent=spi2.0: Using as SYSREF provider
[    3.736206] spi-nor spi0.0: SPI-NOR-UniqueID 100000235394732200270025081115266e
[    3.743510] spi-nor spi0.0: found n25q512a, expected m25p80
[    3.749720] spi-nor spi0.0: trying to lock already unlocked area
[    3.755726] spi-nor spi0.0: n25q512a (131072 Kbytes)
[    3.760704] 4 fixed-partitions partitions found on MTD device spi0.0
[    3.767052] Creating 4 MTD partitions on "spi0.0":
[    3.771838] 0x000000000000-0x000000100000 : "qspi-fsbl-uboot"
[    3.778330] 0x000000100000-0x000000600000 : "qspi-linux"
[    3.784283] 0x000000600000-0x000000620000 : "qspi-device-tree"
[    3.790757] 0x000000620000-0x000000c00000 : "qspi-rootfs"
[    3.799225] macb ff0e0000.ethernet: Not enabling partial store and forward
[    3.806752] libphy: MACB_mii_bus: probed
[    3.811811] macb ff0e0000.ethernet eth0: Cadence GEM rev 0x50070106 at 0xff0e0000 irq 30 (00:0a:35:04:8e:1b)
[    3.822028] xilinx-axipmon ffa00000.perf-monitor: Probed Xilinx APM
[    3.828607] xilinx-axipmon fd0b0000.perf-monitor: Probed Xilinx APM
[    3.835127] xilinx-axipmon fd490000.perf-monitor: Probed Xilinx APM
[    3.841665] xilinx-axipmon ffa10000.perf-monitor: Probed Xilinx APM
[    3.851643] pca953x 0-0020: supply vcc not found, using dummy regulator
[    3.858327] pca953x 0-0020: using no AI
[    3.862816] gpio-496 (sel0): hogged as output/low
[    3.867716] gpio-497 (sel1): hogged as output/high
[    3.872708] gpio-498 (sel2): hogged as output/high
[    3.877691] gpio-499 (sel3): hogged as output/high
[    3.882865] pca953x 0-0021: supply vcc not found, using dummy regulator
[    3.889541] pca953x 0-0021: using no AI
[    3.895313] ina2xx 2-0040: power monitor ina226 (Rshunt = 5000 uOhm)
[    3.902344] ina2xx 2-0041: power monitor ina226 (Rshunt = 5000 uOhm)
[    3.909385] ina2xx 2-0042: power monitor ina226 (Rshunt = 5000 uOhm)
[    3.916416] ina2xx 2-0043: power monitor ina226 (Rshunt = 5000 uOhm)
[    3.923440] ina2xx 2-0044: power monitor ina226 (Rshunt = 5000 uOhm)
[    3.930463] ina2xx 2-0045: power monitor ina226 (Rshunt = 5000 uOhm)
[    3.937494] ina2xx 2-0046: power monitor ina226 (Rshunt = 5000 uOhm)
[    3.944570] ina2xx 2-0047: power monitor ina226 (Rshunt = 5000 uOhm)
[    3.951591] ina2xx 2-004a: power monitor ina226 (Rshunt = 5000 uOhm)
[    3.958624] ina2xx 2-004b: power monitor ina226 (Rshunt = 5000 uOhm)
[    3.965035] i2c i2c-0: Added multiplexed i2c bus 2
[    3.970419] random: fast init done
[    3.973894] ina2xx 3-0040: power monitor ina226 (Rshunt = 2000 uOhm)
[    3.980921] ina2xx 3-0041: power monitor ina226 (Rshunt = 5000 uOhm)
[    3.987945] ina2xx 3-0042: power monitor ina226 (Rshunt = 5000 uOhm)
[    3.994977] ina2xx 3-0043: power monitor ina226 (Rshunt = 5000 uOhm)
[    4.002004] ina2xx 3-0044: power monitor ina226 (Rshunt = 5000 uOhm)
[    4.009031] ina2xx 3-0045: power monitor ina226 (Rshunt = 5000 uOhm)
[    4.016065] ina2xx 3-0046: power monitor ina226 (Rshunt = 5000 uOhm)
[    4.023095] ina2xx 3-0047: power monitor ina226 (Rshunt = 5000 uOhm)
[    4.029494] i2c i2c-0: Added multiplexed i2c bus 3
[    4.085642] i2c i2c-0: Added multiplexed i2c bus 4
[    4.090584] i2c i2c-0: Added multiplexed i2c bus 5
[    4.095371] pca954x 0-0075: registered 4 multiplexed busses for I2C mux pca9544
[    4.102721] cdns-i2c ff020000.i2c: 400 kHz mmio ff020000 irq 32
[    4.110451] at24 6-0054: supply vcc not found, using dummy regulator
[    4.117348] at24 6-0054: 1024 byte 24c08 EEPROM, writable, 1 bytes/write
[    4.124101] i2c i2c-1: Added multiplexed i2c bus 6
[    4.130530] si5341 7-0036: Chip: 5341 Grade: 1 Rev: 1
[    4.168190] i2c i2c-1: Added multiplexed i2c bus 7
[    4.175846] si570 8-005d: registered, current frequency 300000000 Hz
[    4.182246] i2c i2c-1: Added multiplexed i2c bus 8
[    4.202018] si570 9-005d: registered, current frequency 148500000 Hz
[    4.208417] i2c i2c-1: Added multiplexed i2c bus 9
[    4.213456] si5324 10-0069: si5328 probed
[    4.280088] si5324 10-0069: si5328 probe successful
[    4.285020] i2c i2c-1: Added multiplexed i2c bus 10
[    4.290047] i2c i2c-1: Added multiplexed i2c bus 11
[    4.295078] i2c i2c-1: Added multiplexed i2c bus 12
[    4.300104] i2c i2c-1: Added multiplexed i2c bus 13
[    4.304984] pca954x 1-0074: registered 8 multiplexed busses for I2C switch pca9548
[    4.313097] at24 14-0050: supply vcc not found, using dummy regulator
[    4.319878] at24 14-0050: 256 byte 24c02 EEPROM, writable, 1 bytes/write
[    4.326629] i2c i2c-1: Added multiplexed i2c bus 14
[    4.331667] i2c i2c-1: Added multiplexed i2c bus 15
[    4.336700] i2c i2c-1: Added multiplexed i2c bus 16
[    4.341737] i2c i2c-1: Added multiplexed i2c bus 17
[    4.346771] i2c i2c-1: Added multiplexed i2c bus 18
[    4.351819] i2c i2c-1: Added multiplexed i2c bus 19
[    4.356855] i2c i2c-1: Added multiplexed i2c bus 20
[    4.361892] i2c i2c-1: Added multiplexed i2c bus 21
[    4.366768] pca954x 1-0075: registered 8 multiplexed busses for I2C switch pca9548
[    4.374377] cdns-i2c ff030000.i2c: 400 kHz mmio ff030000 irq 33
[    4.384128] cdns-wdt fd4d0000.watchdog: Xilinx Watchdog Timer with timeout 60s
[    4.395071] axi_adxcvr 84a60000.axi-adxcvr-rx: AXI-ADXCVR-RX (17.05.a) using CPLL on GTH4 at 0x84A60000. Number of lanes: 4.
[    4.407221] axi_adxcvr 84b60000.axi-adxcvr-tx: AXI-ADXCVR-TX (17.05.a) using QPLL on GTH4 at 0x84B60000. Number of lanes: 4.
[    4.418843] axi-jesd204-rx 84a90000.axi-jesd204-rx: AXI-JESD204-RX (1.07.a) at 0x84A90000. Encoder 8b10b, width 4/4, lanes 4, jesd204-fsm.
[    4.426158] mmc0: SDHCI controller on ff170000.mmc [ff170000.mmc] using ADMA 64-bit
[    4.431685] axi-jesd204-tx 84b90000.axi-jesd204-tx: AXI-JESD204-TX (1.06.a) at 0x84B90000. Encoder 8b10b, width 4/4, lanes 4, jesd204-fsm.
[    4.452412] zynqmp-display fd4a0000.display: vtc bridge property not present
[    4.462067] xilinx-dp-snd-codec fd4a0000.display:zynqmp_dp_snd_codec0: Failed to get required clock freq
[    4.471572] xilinx-dp-snd-codec: probe of fd4a0000.display:zynqmp_dp_snd_codec0 failed with error -22
[    4.473514] mmc0: new high speed SDHC card at address 0001
[    4.481109] xilinx-dp-snd-pcm zynqmp_dp_snd_pcm0: Xilinx DisplayPort Sound PCM probed
[    4.486628] mmcblk0: mmc0:0001 EB1QT 29.8 GiB 
[    4.494428] xilinx-dp-snd-pcm zynqmp_dp_snd_pcm1: Xilinx DisplayPort Sound PCM probed
[    4.499810]  mmcblk0: p1 p2 p3
[    4.506731] OF: graph: no port node found in /axi/display@fd4a0000
[    4.515799] xlnx-drm xlnx-drm.0: bound fd4a0000.display (ops 0xffffffc010fcbdb8)
[    5.599748] zynqmp-display fd4a0000.display: [drm] Cannot find any crtc or sizes
[    5.607360] [drm] Initialized xlnx 1.0.0 20130509 for fd4a0000.display on minor 0
[    5.614850] zynqmp-display fd4a0000.display: ZynqMP DisplayPort Subsystem driver probed
[    5.623176] ahci-ceva fd0c0000.ahci: supply ahci not found, using dummy regulator
[    5.630723] ahci-ceva fd0c0000.ahci: supply phy not found, using dummy regulator
[    5.638180] ahci-ceva fd0c0000.ahci: supply target not found, using dummy regulator
[    5.646019] ahci-ceva fd0c0000.ahci: AHCI 0001.0301 32 slots 2 ports 6 Gbps 0x3 impl platform mode
[    5.654974] ahci-ceva fd0c0000.ahci: flags: 64bit ncq sntf pm clo only pmp fbs pio slum part ccc sds apst 
[    5.665670] scsi host0: ahci-ceva
[    5.669271] scsi host1: ahci-ceva
[    5.672701] ata1: SATA max UDMA/133 mmio [mem 0xfd0c0000-0xfd0c1fff] port 0x100 irq 45
[    5.680613] ata2: SATA max UDMA/133 mmio [mem 0xfd0c0000-0xfd0c1fff] port 0x180 irq 45
[    5.689218] ad9081 spi1.0: supply vdd not found, using dummy regulator
[    6.001984] ata1: SATA link down (SStatus 0 SControl 330)
[    6.007405] ata2: SATA link down (SStatus 0 SControl 330)
[    6.683751] zynqmp-display fd4a0000.display: [drm] Cannot find any crtc or sizes
[    6.881193] ad9081 spi1.0: Invalid param passed., "ref_clk_hz < 100000000ULL" in adi_ad9081_device_clk_config_set(...), line554 in drivers/iio/adc/ad9081/adi_ad9081_device.c
[    7.548490] ad9081 spi1.0: AD9081 Rev. 2 Grade 10 (API 1.2.2) probed
[    7.555695] xhci-hcd xhci-hcd.1.auto: xHCI Host Controller
[    7.561190] xhci-hcd xhci-hcd.1.auto: new USB bus registered, assigned bus number 1
[    7.568937] xhci-hcd xhci-hcd.1.auto: hcc params 0x0238f625 hci version 0x100 quirks 0x0000000002010810
[    7.578350] xhci-hcd xhci-hcd.1.auto: irq 59, io mem 0xfe200000
[    7.584459] usb usb1: New USB device found, idVendor=1d6b, idProduct=0002, bcdDevice= 5.10
[    7.592724] usb usb1: New USB device strings: Mfr=3, Product=2, SerialNumber=1
[    7.599942] usb usb1: Product: xHCI Host Controller
[    7.604811] usb usb1: Manufacturer: Linux 5.10.0-98103-g2aa7ac113716 xhci-hcd
[    7.611937] usb usb1: SerialNumber: xhci-hcd.1.auto
[    7.617102] hub 1-0:1.0: USB hub found
[    7.620864] hub 1-0:1.0: 1 port detected
[    7.624971] xhci-hcd xhci-hcd.1.auto: xHCI Host Controller
[    7.630459] xhci-hcd xhci-hcd.1.auto: new USB bus registered, assigned bus number 2
[    7.638113] xhci-hcd xhci-hcd.1.auto: Host supports USB 3.0 SuperSpeed
[    7.644740] usb usb2: New USB device found, idVendor=1d6b, idProduct=0003, bcdDevice= 5.10
[    7.652997] usb usb2: New USB device strings: Mfr=3, Product=2, SerialNumber=1
[    7.660221] usb usb2: Product: xHCI Host Controller
[    7.665095] usb usb2: Manufacturer: Linux 5.10.0-98103-g2aa7ac113716 xhci-hcd
[    7.672219] usb usb2: SerialNumber: xhci-hcd.1.auto
[    7.677326] hub 2-0:1.0: USB hub found
[    7.681081] hub 2-0:1.0: 1 port detected
[    7.711132] cf_axi_adc 84a10000.axi-ad9081-rx-hpc: ADI AIM (10.01.b) at 0x84A10000 mapped to 0x(____ptrval____), probed ADC AD9081 as MASTER
[    7.744570] cf_axi_dds 84b10000.axi-ad9081-tx-hpc: Analog Devices CF_AXI_DDS_DDS MASTER (9.01.b) at 0x84B10000 mapped to 0x(____ptrval____), probed DDS AD9081
[    7.758768] jesd204: /axi/spi@ff040000/ad9081@0,jesd204:0,parent=spi1.0: JESD204[2] transition initialized -> probed
[    7.769289] jesd204: /axi/spi@ff040000/ad9081@0,jesd204:0,parent=spi1.0: JESD204[0] transition initialized -> probed
[    7.779810] jesd204: /axi/spi@ff040000/ad9081@0,jesd204:0,parent=spi1.0: JESD204[2] transition probed -> idle
[    7.789720] jesd204: /axi/spi@ff040000/ad9081@0,jesd204:0,parent=spi1.0: JESD204[0] transition probed -> idle
[    7.799634] jesd204: /axi/spi@ff040000/ad9081@0,jesd204:0,parent=spi1.0: JESD204[2] transition idle -> device_init
[    7.809977] jesd204: /axi/spi@ff040000/ad9081@0,jesd204:0,parent=spi1.0: JESD204[0] transition idle -> device_init
[    7.820329] jesd204: /axi/spi@ff040000/ad9081@0,jesd204:0,parent=spi1.0: JESD204[2] transition device_init -> link_init
[    7.831104] jesd204: /axi/spi@ff040000/ad9081@0,jesd204:0,parent=spi1.0: JESD204[0] transition device_init -> link_init
[    7.841895] jesd204: /axi/spi@ff040000/ad9081@0,jesd204:0,parent=spi1.0: JESD204[2] transition link_init -> link_supported
[    7.852934] jesd204: /axi/spi@ff040000/ad9081@0,jesd204:0,parent=spi1.0: JESD204[0] transition link_init -> link_supported
[    7.864336] hmc7044 spi2.0: hmc7044_jesd204_link_pre_setup: Link2 forcing continuous SYSREF mode
[    7.873485] axi-jesd204-tx 84b90000.axi-jesd204-tx: axi_jesd204_tx_jesd204_link_pre_setup: Link0 set lane rate 4720000 kHz failed (-22)
[    7.885651] jesd204: /fpga-axi@0/axi-jesd204-tx@84b90000,jesd204:5,parent=84b90000.axi-jesd204-tx: JESD204[0] In link_pre_setup got error from cb: -22
[    7.899121] jesd204: /axi/spi@ff040000/ad9081@0,jesd204:0,parent=spi1.0: Rolling back from 'link_supported', got error -22
[    7.910171] jesd204: /axi/spi@ff040000/ad9081@0,jesd204:0,parent=spi1.0: JESD204[0] transition link_supported -> link_pre_setup
[    7.921645] jesd204: /axi/spi@ff040000/ad9081@0,jesd204:0,parent=spi1.0: JESD204[2] transition link_supported -> link_pre_setup
[    7.933123] jesd204: /axi/spi@ff040000/ad9081@0,jesd204:0,parent=spi1.0: JESD204[0] transition link_pre_setup -> link_supported
[    7.944596] jesd204: /axi/spi@ff040000/ad9081@0,jesd204:0,parent=spi1.0: JESD204[2] transition link_pre_setup -> link_supported
[    7.956072] jesd204: /axi/spi@ff040000/ad9081@0,jesd204:0,parent=spi1.0: JESD204[0] transition link_supported -> link_init
[    7.967110] jesd204: /axi/spi@ff040000/ad9081@0,jesd204:0,parent=spi1.0: JESD204[2] transition link_supported -> link_init
[    7.978157] jesd204: /axi/spi@ff040000/ad9081@0,jesd204:0,parent=spi1.0: JESD204[0] transition link_init -> device_init
[    7.988936] jesd204: /axi/spi@ff040000/ad9081@0,jesd204:0,parent=spi1.0: JESD204[2] transition link_init -> device_init
[    7.999716] jesd204: /axi/spi@ff040000/ad9081@0,jesd204:0,parent=spi1.0: JESD204[0] transition device_init -> idle
[    8.010068] jesd204: /axi/spi@ff040000/ad9081@0,jesd204:0,parent=spi1.0: JESD204[2] transition device_init -> idle
[    8.020419] jesd204: /axi/spi@ff040000/ad9081@0,jesd204:0,parent=spi1.0: JESD204[2] transition idle -> idle
[    8.030154] jesd204: /axi/spi@ff040000/ad9081@0,jesd204:0,parent=spi1.0: JESD204[0] transition idle -> idle
[    8.039895] jesd204: /axi/spi@ff040000/ad9081@0,jesd204:0,parent=spi1.0: JESD204[2] transition idle -> device_init
[    8.050239] jesd204: /axi/spi@ff040000/ad9081@0,jesd204:0,parent=spi1.0: JESD204[0] transition idle -> device_init
[    8.060589] jesd204: /axi/spi@ff040000/ad9081@0,jesd204:0,parent=spi1.0: JESD204[2] transition device_init -> link_init
[    8.071371] jesd204: /axi/spi@ff040000/ad9081@0,jesd204:0,parent=spi1.0: JESD204[0] transition device_init -> link_init
[    8.082155] jesd204: /axi/spi@ff040000/ad9081@0,jesd204:0,parent=spi1.0: JESD204[2] transition link_init -> link_supported
[    8.093195] jesd204: /axi/spi@ff040000/ad9081@0,jesd204:0,parent=spi1.0: JESD204[0] transition link_init -> link_supported
[    8.104571] axi-jesd204-tx 84b90000.axi-jesd204-tx: axi_jesd204_tx_jesd204_link_pre_setup: Link0 set lane rate 4720000 kHz failed (-22)
[    8.116742] jesd204: /fpga-axi@0/axi-jesd204-tx@84b90000,jesd204:5,parent=84b90000.axi-jesd204-tx: JESD204[0] In link_pre_setup got error from cb: -22
[    8.130208] jesd204: /axi/spi@ff040000/ad9081@0,jesd204:0,parent=spi1.0: Rolling back from 'link_supported', got error -22
[    8.141252] jesd204: /axi/spi@ff040000/ad9081@0,jesd204:0,parent=spi1.0: JESD204[0] transition link_supported -> link_pre_setup
[    8.152726] jesd204: /axi/spi@ff040000/ad9081@0,jesd204:0,parent=spi1.0: JESD204[2] transition link_supported -> link_pre_setup
[    8.164202] jesd204: /axi/spi@ff040000/ad9081@0,jesd204:0,parent=spi1.0: JESD204[0] transition link_pre_setup -> link_supported
[    8.175673] jesd204: /axi/spi@ff040000/ad9081@0,jesd204:0,parent=spi1.0: JESD204[2] transition link_pre_setup -> link_supported
[    8.187151] jesd204: /axi/spi@ff040000/ad9081@0,jesd204:0,parent=spi1.0: JESD204[0] transition link_supported -> link_init
[    8.198188] jesd204: /axi/spi@ff040000/ad9081@0,jesd204:0,parent=spi1.0: JESD204[2] transition link_supported -> link_init
[    8.209237] jesd204: /axi/spi@ff040000/ad9081@0,jesd204:0,parent=spi1.0: JESD204[0] transition link_init -> device_init
[    8.220011] jesd204: /axi/spi@ff040000/ad9081@0,jesd204:0,parent=spi1.0: JESD204[2] transition link_init -> device_init
[    8.230794] jesd204: /axi/spi@ff040000/ad9081@0,jesd204:0,parent=spi1.0: JESD204[0] transition device_init -> idle
[    8.241143] jesd204: /axi/spi@ff040000/ad9081@0,jesd204:0,parent=spi1.0: JESD204[2] transition device_init -> idle
[    8.251490] jesd204: /axi/spi@ff040000/ad9081@0,jesd204:0,parent=spi1.0: JESD204[2] transition idle -> idle
[    8.261224] jesd204: /axi/spi@ff040000/ad9081@0,jesd204:0,parent=spi1.0: JESD204[0] transition idle -> idle
[    8.270965] jesd204: /axi/spi@ff040000/ad9081@0,jesd204:0,parent=spi1.0: JESD204[2] transition idle -> device_init
[    8.281309] jesd204: /axi/spi@ff040000/ad9081@0,jesd204:0,parent=spi1.0: JESD204[0] transition idle -> device_init
[    8.291659] jesd204: /axi/spi@ff040000/ad9081@0,jesd204:0,parent=spi1.0: JESD204[2] transition device_init -> link_init
[    8.302436] jesd204: /axi/spi@ff040000/ad9081@0,jesd204:0,parent=spi1.0: JESD204[0] transition device_init -> link_init
[    8.313224] jesd204: /axi/spi@ff040000/ad9081@0,jesd204:0,parent=spi1.0: JESD204[2] transition link_init -> link_supported
[    8.324267] jesd204: /axi/spi@ff040000/ad9081@0,jesd204:0,parent=spi1.0: JESD204[0] transition link_init -> link_supported
[    8.335604] axi-jesd204-tx 84b90000.axi-jesd204-tx: axi_jesd204_tx_jesd204_link_pre_setup: Link0 set lane rate 4720000 kHz failed (-22)
[    8.347774] jesd204: /fpga-axi@0/axi-jesd204-tx@84b90000,jesd204:5,parent=84b90000.axi-jesd204-tx: JESD204[0] In link_pre_setup got error from cb: -22
[    8.361244] jesd204: /axi/spi@ff040000/ad9081@0,jesd204:0,parent=spi1.0: Rolling back from 'link_supported', got error -22
[    8.372292] jesd204: /axi/spi@ff040000/ad9081@0,jesd204:0,parent=spi1.0: JESD204[0] transition link_supported -> link_pre_setup
[    8.383768] jesd204: /axi/spi@ff040000/ad9081@0,jesd204:0,parent=spi1.0: JESD204[2] transition link_supported -> link_pre_setup
[    8.395245] jesd204: /axi/spi@ff040000/ad9081@0,jesd204:0,parent=spi1.0: JESD204[0] transition link_pre_setup -> link_supported
[    8.406717] jesd204: /axi/spi@ff040000/ad9081@0,jesd204:0,parent=spi1.0: JESD204[2] transition link_pre_setup -> link_supported
[    8.418195] jesd204: /axi/spi@ff040000/ad9081@0,jesd204:0,parent=spi1.0: JESD204[0] transition link_supported -> link_init
[    8.429233] jesd204: /axi/spi@ff040000/ad9081@0,jesd204:0,parent=spi1.0: JESD204[2] transition link_supported -> link_init
[    8.440279] jesd204: /axi/spi@ff040000/ad9081@0,jesd204:0,parent=spi1.0: JESD204[0] transition link_init -> device_init
[    8.451058] jesd204: /axi/spi@ff040000/ad9081@0,jesd204:0,parent=spi1.0: JESD204[2] transition link_init -> device_init
[    8.461839] jesd204: /axi/spi@ff040000/ad9081@0,jesd204:0,parent=spi1.0: JESD204[0] transition device_init -> idle
[    8.472183] jesd204: /axi/spi@ff040000/ad9081@0,jesd204:0,parent=spi1.0: JESD204[2] transition device_init -> idle
[    8.482532] jesd204: /axi/spi@ff040000/ad9081@0,jesd204:0,parent=spi1.0: JESD204[2] transition idle -> idle
[    8.492268] jesd204: /axi/spi@ff040000/ad9081@0,jesd204:0,parent=spi1.0: JESD204[0] transition idle -> idle
[    8.502014] jesd204: /axi/spi@ff040000/ad9081@0,jesd204:0,parent=spi1.0: JESD204[2] transition idle -> device_init
[    8.512363] jesd204: /axi/spi@ff040000/ad9081@0,jesd204:0,parent=spi1.0: JESD204[0] transition idle -> device_init
[    8.522712] jesd204: /axi/spi@ff040000/ad9081@0,jesd204:0,parent=spi1.0: JESD204[2] transition device_init -> link_init
[    8.533489] jesd204: /axi/spi@ff040000/ad9081@0,jesd204:0,parent=spi1.0: JESD204[0] transition device_init -> link_init
[    8.544277] jesd204: /axi/spi@ff040000/ad9081@0,jesd204:0,parent=spi1.0: JESD204[2] transition link_init -> link_supported
[    8.555321] jesd204: /axi/spi@ff040000/ad9081@0,jesd204:0,parent=spi1.0: JESD204[0] transition link_init -> link_supported
[    8.566656] axi-jesd204-tx 84b90000.axi-jesd204-tx: axi_jesd204_tx_jesd204_link_pre_setup: Link0 set lane rate 4720000 kHz failed (-22)
[    8.578827] jesd204: /fpga-axi@0/axi-jesd204-tx@84b90000,jesd204:5,parent=84b90000.axi-jesd204-tx: JESD204[0] In link_pre_setup got error from cb: -22
[    8.592298] jesd204: /axi/spi@ff040000/ad9081@0,jesd204:0,parent=spi1.0: Rolling back from 'link_supported', got error -22
[    8.603339] jesd204: /axi/spi@ff040000/ad9081@0,jesd204:0,parent=spi1.0: JESD204[0] transition link_supported -> link_pre_setup
[    8.614811] jesd204: /axi/spi@ff040000/ad9081@0,jesd204:0,parent=spi1.0: JESD204[2] transition link_supported -> link_pre_setup
[    8.626294] jesd204: /axi/spi@ff040000/ad9081@0,jesd204:0,parent=spi1.0: JESD204[0] transition link_pre_setup -> link_supported
[    8.637771] jesd204: /axi/spi@ff040000/ad9081@0,jesd204:0,parent=spi1.0: JESD204[2] transition link_pre_setup -> link_supported
[    8.649248] jesd204: /axi/spi@ff040000/ad9081@0,jesd204:0,parent=spi1.0: JESD204[0] transition link_supported -> link_init
[    8.660286] jesd204: /axi/spi@ff040000/ad9081@0,jesd204:0,parent=spi1.0: JESD204[2] transition link_supported -> link_init
[    8.671333] jesd204: /axi/spi@ff040000/ad9081@0,jesd204:0,parent=spi1.0: JESD204[0] transition link_init -> device_init
[    8.682108] jesd204: /axi/spi@ff040000/ad9081@0,jesd204:0,parent=spi1.0: JESD204[2] transition link_init -> device_init
[    8.692891] jesd204: /axi/spi@ff040000/ad9081@0,jesd204:0,parent=spi1.0: JESD204[0] transition device_init -> idle
[    8.703235] jesd204: /axi/spi@ff040000/ad9081@0,jesd204:0,parent=spi1.0: JESD204[2] transition device_init -> idle
[    8.713581] jesd204: /axi/spi@ff040000/ad9081@0,jesd204:0,parent=spi1.0: FSM completed with error -22
[    8.732023] input: gpio-keys as /devices/platform/gpio-keys/input/input0
[    8.739038] of_cfs_init
[    8.741496] of_cfs_init: OK
[    8.744436] cfg80211: Loading compiled-in X.509 certificates for regulatory database
[    8.882658] cfg80211: Loaded X.509 cert 'sforshee: 00b28ddf47aef9cea7'
[    8.889190] clk: Not disabling unused clocks
[    8.893716] ALSA device list:
[    8.896680]   No soundcards found.
[    8.900340] platform regulatory.0: Direct firmware load for regulatory.db failed with error -2
[    8.908952] cfg80211: failed to load regulatory.db
[    8.923924] EXT4-fs (mmcblk0p2): mounted filesystem with ordered data mode. Opts: (null)
[    8.932045] VFS: Mounted root (ext4 filesystem) on device 179:2.
[    8.945843] devtmpfs: mounted
[    8.949658] Freeing unused kernel memory: 2560K
[    8.954274] Run /sbin/init as init process
[    8.958363]   with arguments:
[    8.958366]     /sbin/init
[    8.958368]   with environment:
[    8.958370]     HOME=/
[    8.958372]     TERM=linux
[    9.544335] systemd[1]: systemd 241 running in system mode. (+PAM +AUDIT +SELINUX +IMA +APPARMOR +SMACK +SYSVINIT +UTMP +LIBCRYPTSETUP +GCRYPT +GNUTLS +ACL +XZ +LZ4 +SECCOMP +BLKID +ELFUTILS +KMOD -IDN2 +IDN -PCRE2 default-hierarchy=hybrid)
[    9.566212] systemd[1]: Detected architecture arm64.
[    9.588477] systemd[1]: Set hostname to <analog>.
[    9.774604] systemd[1]: File /lib/systemd/system/systemd-journald.service:12 configures an IP firewall (IPAddressDeny=any), but the local system does not support BPF/cgroup based firewalling.
[    9.791782] systemd[1]: Proceeding WITHOUT firewalling in effect! (This warning is only shown for the first loaded unit using IP firewalling.)
[    9.958213] systemd[1]: /etc/systemd/system/tof-server.service:1: Assignment outside of section. Ignoring.
[    9.967942] systemd[1]: /etc/systemd/system/tof-server.service:2: Assignment outside of section. Ignoring.
[   10.154503] random: systemd: uninitialized urandom read (16 bytes read)
[   10.169309] random: systemd: uninitialized urandom read (16 bytes read)
[   10.176131] systemd[1]: Listening on initctl Compatibility Named Pipe.
[   10.199850] systemd[1]: Condition check resulted in Arbitrary Executable File Formats File System Automount Point being skipped.
[   10.211448] random: systemd: uninitialized urandom read (16 bytes read)
[   10.218638] systemd[1]: Created slice system-getty.slice.
[   11.019209] EXT4-fs (mmcblk0p2): re-mounted. Opts: (null)
[   11.114181] systemd-journald[147]: Received request to flush runtime journal from PID 1
[   16.709197] random: crng init done
[   16.709203] random: 7 urandom warning(s) missed due to ratelimiting
[   17.137130] macb ff0e0000.ethernet eth0: PHY [ff0e0000.ethernet-ffffffff:0c] driver [TI DP83867] (irq=POLL)
[   17.137142] macb ff0e0000.ethernet eth0: configuring for phy/rgmii-id link mode
[   17.431770] Adding 93180k swap on /var/swap.  Priority:-2 extents:2 across:624648k SS
[   20.082826] broken atomic modeset userspace detected, disabling atomic
[   21.217369] macb ff0e0000.ethernet eth0: Link is Up - 1Gbps/Full - flow control off
[   21.217394] IPv6: ADDRCONF(NETDEV_CHANGE): eth0: link becomes ready
[   22.767031] broken atomic modeset userspace detected, disabling atomic
[   25.862968] broken atomic modeset userspace detected, disabling atomic