[    0.000000] Booting Linux on physical CPU 0x0000000000 [0x410fd034]
[    0.000000] Linux version 5.10.0-98103-g2aa7ac113716 (jenkins@romlxbuild1.adlk.analog.com) (aarch64-xilinx-linux-gcc.real (GCC) 10.2.0, GNU ld (GNU Binutils) 2.35.0.20200730) #5577 SMP Wed Mar 23 07:28:49 GMT 2022
[    0.000000] Machine model: ZynqMP ZCU102 Rev1.0
[    0.000000] earlycon: cdns0 at MMIO 0x00000000ff000000 (options '115200n8')
[    0.000000] printk: bootconsole [cdns0] enabled
[    0.000000] efi: UEFI not found.
[    0.000000] cma: Reserved 256 MiB at 0x0000000070000000
[    0.000000] Zone ranges:
[    0.000000]   DMA      [mem 0x0000000000000000-0x000000003fffffff]
[    0.000000]   DMA32    [mem 0x0000000040000000-0x00000000ffffffff]
[    0.000000]   Normal   [mem 0x0000000100000000-0x000000087fffffff]
[    0.000000] Movable zone start for each node
[    0.000000] Early memory node ranges
[    0.000000]   node   0: [mem 0x0000000000000000-0x000000007fffffff]
[    0.000000]   node   0: [mem 0x0000000800000000-0x000000087fffffff]
[    0.000000] Initmem setup node 0 [mem 0x0000000000000000-0x000000087fffffff]
[    0.000000] On node 0 totalpages: 1048576
[    0.000000]   DMA zone: 3584 pages used for memmap
[    0.000000]   DMA zone: 0 pages reserved
[    0.000000]   DMA zone: 262144 pages, LIFO batch:63
[    0.000000]   DMA32 zone: 3584 pages used for memmap
[    0.000000]   DMA32 zone: 262144 pages, LIFO batch:63
[    0.000000]   Normal zone: 7168 pages used for memmap
[    0.000000]   Normal zone: 524288 pages, LIFO batch:63
[    0.000000] psci: probing for conduit method from DT.
[    0.000000] psci: PSCIv1.1 detected in firmware.
[    0.000000] psci: Using standard PSCI v0.2 function IDs
[    0.000000] psci: MIGRATE_INFO_TYPE not supported.
[    0.000000] psci: SMC Calling Convention v1.2
[    0.000000] percpu: Embedded 22 pages/cpu s49496 r8192 d32424 u90112
[    0.000000] pcpu-alloc: s49496 r8192 d32424 u90112 alloc=22*4096
[    0.000000] pcpu-alloc: [0] 0 [0] 1 [0] 2 [0] 3 
[    0.000000] Detected VIPT I-cache on CPU0
[    0.000000] CPU features: detected: ARM erratum 845719
[    0.000000] Built 1 zonelists, mobility grouping on.  Total pages: 1034240
[    0.000000] Kernel command line: console=ttyPS0,115200 root=/dev/mmcblk0p2 rw earlycon rootfstype=ext4 rootwait clk_ignore_unused cpuidle.off=1 root=/dev/mmcblk0p2 rw rootwait
[    0.000000] Dentry cache hash table entries: 524288 (order: 10, 4194304 bytes, linear)
[    0.000000] Inode-cache hash table entries: 262144 (order: 9, 2097152 bytes, linear)
[    0.000000] mem auto-init: stack:off, heap alloc:off, heap free:off
[    0.000000] software IO TLB: mapped [mem 0x000000003bfff000-0x000000003ffff000] (64MB)
[    0.000000] Memory: 3761904K/4194304K available (15296K kernel code, 1636K rwdata, 11876K rodata, 2560K init, 507K bss, 170256K reserved, 262144K cma-reserved)
[    0.000000] rcu: Hierarchical RCU implementation.
[    0.000000] rcu: 	RCU event tracing is enabled.
[    0.000000] rcu: 	RCU restricting CPUs from NR_CPUS=8 to nr_cpu_ids=4.
[    0.000000] rcu: RCU calculated value of scheduler-enlistment delay is 25 jiffies.
[    0.000000] rcu: Adjusting geometry for rcu_fanout_leaf=16, nr_cpu_ids=4
[    0.000000] NR_IRQS: 64, nr_irqs: 64, preallocated irqs: 0
[    0.000000] GIC: Adjusting CPU interface base to 0x00000000f902f000
[    0.000000] GIC: Using split EOI/Deactivate mode
[    0.000000] random: get_random_bytes called from start_kernel+0x31c/0x54c with crng_init=0
[    0.000000] arch_timer: cp15 timer(s) running at 100.00MHz (phys).
[    0.000000] clocksource: arch_sys_counter: mask: 0xffffffffffffff max_cycles: 0x171024e7e0, max_idle_ns: 440795205315 ns
[    0.000003] sched_clock: 56 bits at 100MHz, resolution 10ns, wraps every 4398046511100ns
[    0.008463] Console: colour dummy device 80x25
[    0.012483] Calibrating delay loop (skipped), value calculated using timer frequency.. 200.00 BogoMIPS (lpj=400000)
[    0.022841] pid_max: default: 32768 minimum: 301
[    0.027550] Mount-cache hash table entries: 8192 (order: 4, 65536 bytes, linear)
[    0.034789] Mountpoint-cache hash table entries: 8192 (order: 4, 65536 bytes, linear)
[    0.043394] rcu: Hierarchical SRCU implementation.
[    0.047559] EFI services will not be available.
[    0.051939] smp: Bringing up secondary CPUs ...
[    0.056657] Detected VIPT I-cache on CPU1
[    0.056695] CPU1: Booted secondary processor 0x0000000001 [0x410fd034]
[    0.057060] Detected VIPT I-cache on CPU2
[    0.057085] CPU2: Booted secondary processor 0x0000000002 [0x410fd034]
[    0.057424] Detected VIPT I-cache on CPU3
[    0.057447] CPU3: Booted secondary processor 0x0000000003 [0x410fd034]
[    0.057494] smp: Brought up 1 node, 4 CPUs
[    0.091780] SMP: Total of 4 processors activated.
[    0.096452] CPU features: detected: 32-bit EL0 Support
[    0.101556] CPU features: detected: CRC32 instructions
[    0.106695] CPU: All CPU(s) started at EL2
[    0.110737] alternatives: patching kernel code
[    0.116169] devtmpfs: initialized
[    0.124073] Registered cp15_barrier emulation handler
[    0.124124] Registered setend emulation handler
[    0.128100] clocksource: jiffies: mask: 0xffffffff max_cycles: 0xffffffff, max_idle_ns: 7645041785100000 ns
[    0.137678] futex hash table entries: 1024 (order: 4, 65536 bytes, linear)
[    0.151044] pinctrl core: initialized pinctrl subsystem
[    0.151694] NET: Registered protocol family 16
[    0.156112] DMA: preallocated 512 KiB GFP_KERNEL pool for atomic allocations
[    0.162125] DMA: preallocated 512 KiB GFP_KERNEL|GFP_DMA pool for atomic allocations
[    0.169850] DMA: preallocated 512 KiB GFP_KERNEL|GFP_DMA32 pool for atomic allocations
[    0.177653] audit: initializing netlink subsys (disabled)
[    0.183104] audit: type=2000 audit(0.116:1): state=initialized audit_enabled=0 res=1
[    0.183447] hw-breakpoint: found 6 breakpoint and 4 watchpoint registers.
[    0.197481] ASID allocator initialised with 65536 entries
[    0.224362] HugeTLB registered 1.00 GiB page size, pre-allocated 0 pages
[    0.225421] HugeTLB registered 32.0 MiB page size, pre-allocated 0 pages
[    0.232092] HugeTLB registered 2.00 MiB page size, pre-allocated 0 pages
[    0.238754] HugeTLB registered 64.0 KiB page size, pre-allocated 0 pages
[    1.304356] DRBG: Continuing without Jitter RNG
[    1.382147] raid6: neonx8   gen()  2139 MB/s
[    1.450195] raid6: neonx8   xor()  1599 MB/s
[    1.518255] raid6: neonx4   gen()  2193 MB/s
[    1.586307] raid6: neonx4   xor()  1561 MB/s
[    1.654379] raid6: neonx2   gen()  2076 MB/s
[    1.722421] raid6: neonx2   xor()  1440 MB/s
[    1.790486] raid6: neonx1   gen()  1772 MB/s
[    1.858532] raid6: neonx1   xor()  1220 MB/s
[    1.926592] raid6: int64x8  gen()  1438 MB/s
[    1.994647] raid6: int64x8  xor()   771 MB/s
[    2.062711] raid6: int64x4  gen()  1599 MB/s
[    2.130772] raid6: int64x4  xor()   820 MB/s
[    2.198843] raid6: int64x2  gen()  1397 MB/s
[    2.266885] raid6: int64x2  xor()   750 MB/s
[    2.334972] raid6: int64x1  gen()  1034 MB/s
[    2.403023] raid6: int64x1  xor()   517 MB/s
[    2.403062] raid6: using algorithm neonx4 gen() 2193 MB/s
[    2.407013] raid6: .... xor() 1561 MB/s, rmw enabled
[    2.411944] raid6: using neon recovery algorithm
[    2.416958] iommu: Default domain type: Translated 
[    2.421569] SCSI subsystem initialized
[    2.425113] libata version 3.00 loaded.
[    2.425237] usbcore: registered new interface driver usbfs
[    2.430568] usbcore: registered new interface driver hub
[    2.435842] usbcore: registered new device driver usb
[    2.440975] mc: Linux media interface: v0.10
[    2.445092] videodev: Linux video capture interface: v2.00
[    2.450583] EDAC MC: Ver: 3.0.0
[    2.454019] zynqmp-ipi-mbox mailbox@ff990400: Registered ZynqMP IPI mbox with TX/RX channels.
[    2.462529] jesd204: created con: id=0, topo=0, link=0, /axi/spi@ff050000/hmc7044@0 <-> /fpga-axi@0/axi-adxcvr-tx@84b60000
[    2.473112] jesd204: created con: id=1, topo=0, link=2, /axi/spi@ff050000/hmc7044@0 <-> /fpga-axi@0/axi-adxcvr-rx@84a60000
[    2.484096] jesd204: created con: id=2, topo=0, link=0, /fpga-axi@0/axi-adxcvr-tx@84b60000 <-> /fpga-axi@0/axi-jesd204-tx@84b90000
[    2.495772] jesd204: created con: id=3, topo=0, link=2, /fpga-axi@0/axi-adxcvr-rx@84a60000 <-> /fpga-axi@0/axi-jesd204-rx@84a90000
[    2.507449] jesd204: created con: id=4, topo=0, link=0, /fpga-axi@0/axi-jesd204-tx@84b90000 <-> /fpga-axi@0/axi-ad9081-tx-hpc@84b10000
[    2.519477] jesd204: created con: id=5, topo=0, link=2, /fpga-axi@0/axi-jesd204-rx@84a90000 <-> /fpga-axi@0/axi-ad9081-rx-hpc@84a10000
[    2.531499] jesd204: created con: id=6, topo=0, link=2, /fpga-axi@0/axi-ad9081-rx-hpc@84a10000 <-> /axi/spi@ff040000/ad9081@0
[    2.542741] jesd204: created con: id=7, topo=0, link=0, /fpga-axi@0/axi-ad9081-tx-hpc@84b10000 <-> /axi/spi@ff040000/ad9081@0
[    2.553990] jesd204: /axi/spi@ff040000/ad9081@0: JESD204[2] transition uninitialized -> initialized
[    2.562977] jesd204: /axi/spi@ff040000/ad9081@0: JESD204[0] transition uninitialized -> initialized
[    2.571969] jesd204: found 8 devices and 1 topologies
[    2.577013] FPGA manager framework
[    2.580488] Advanced Linux Sound Architecture Driver Initialized.
[    2.586786] Bluetooth: Core ver 2.22
[    2.589974] NET: Registered protocol family 31
[    2.594373] Bluetooth: HCI device and connection manager initialized
[    2.600690] Bluetooth: HCI socket layer initialized
[    2.605532] Bluetooth: L2CAP socket layer initialized
[    2.610556] Bluetooth: SCO socket layer initialized
[    2.615745] clocksource: Switched to clocksource arch_sys_counter
[    2.621545] VFS: Disk quotas dquot_6.6.0
[    2.625383] VFS: Dquot-cache hash table entries: 512 (order 0, 4096 bytes)
[    2.636096] NET: Registered protocol family 2
[    2.636828] tcp_listen_portaddr_hash hash table entries: 2048 (order: 3, 32768 bytes, linear)
[    2.645022] TCP established hash table entries: 32768 (order: 6, 262144 bytes, linear)
[    2.653048] TCP bind hash table entries: 32768 (order: 7, 524288 bytes, linear)
[    2.660493] TCP: Hash tables configured (established 32768 bind 32768)
[    2.666665] UDP hash table entries: 2048 (order: 4, 65536 bytes, linear)
[    2.673333] UDP-Lite hash table entries: 2048 (order: 4, 65536 bytes, linear)
[    2.680494] NET: Registered protocol family 1
[    2.684968] RPC: Registered named UNIX socket transport module.
[    2.690569] RPC: Registered udp transport module.
[    2.695235] RPC: Registered tcp transport module.
[    2.699903] RPC: Registered tcp NFSv4.1 backchannel transport module.
[    2.706889] PCI: CLS 0 bytes, default 64
[    2.710593] hw perfevents: no interrupt-affinity property for /pmu, guessing.
[    2.717457] hw perfevents: enabled with armv8_pmuv3 PMU driver, 7 counters available
[    2.725800] Initialise system trusted keyrings
[    2.729481] workingset: timestamp_bits=62 max_order=20 bucket_order=0
[    2.736380] NFS: Registering the id_resolver key type
[    2.740836] Key type id_resolver registered
[    2.744972] Key type id_legacy registered
[    2.748962] nfs4filelayout_init: NFSv4 File Layout Driver Registering...
[    2.755628] jffs2: version 2.2. (NAND) (SUMMARY)  Â© 2001-2006 Red Hat, Inc.
[    2.799006] NET: Registered protocol family 38
[    2.799048] xor: measuring software checksum speed
[    2.806738]    8regs           :  2363 MB/sec
[    2.810407]    32regs          :  2799 MB/sec
[    2.815350]    arm64_neon      :  2380 MB/sec
[    2.815540] xor: using function: 32regs (2799 MB/sec)
[    2.820566] Key type asymmetric registered
[    2.824627] Asymmetric key parser 'x509' registered
[    2.829488] Block layer SCSI generic (bsg) driver version 0.4 loaded (major 248)
[    2.836825] io scheduler mq-deadline registered
[    2.841321] io scheduler kyber registered
[    2.870712] Serial: 8250/16550 driver, 4 ports, IRQ sharing disabled
[    2.875347] cacheinfo: Unable to detect cache hierarchy for CPU 0
[    2.881678] brd: module loaded
[    2.885837] loop: module loaded
[    2.886382] Registered mathworks_ip class
[    2.889736] libphy: Fixed MDIO Bus: probed
[    2.892691] tun: Universal TUN/TAP device driver, 1.6
[    2.896766] CAN device driver interface
[    2.901293] usbcore: registered new interface driver asix
[    2.905896] usbcore: registered new interface driver ax88179_178a
[    2.911927] usbcore: registered new interface driver cdc_ether
[    2.917723] usbcore: registered new interface driver net1080
[    2.923342] usbcore: registered new interface driver cdc_subset
[    2.929223] usbcore: registered new interface driver zaurus
[    2.934770] usbcore: registered new interface driver cdc_ncm
[    2.941177] ehci_hcd: USB 2.0 'Enhanced' Host Controller (EHCI) Driver
[    2.946853] ehci-pci: EHCI PCI platform driver
[    2.951654] usbcore: registered new interface driver uas
[    2.956574] usbcore: registered new interface driver usb-storage
[    2.962559] usbcore: registered new interface driver usbserial_generic
[    2.969011] usbserial: USB Serial support registered for generic
[    2.974984] usbcore: registered new interface driver ftdi_sio
[    2.980685] usbserial: USB Serial support registered for FTDI USB Serial Device
[    2.987957] usbcore: registered new interface driver upd78f0730
[    2.993834] usbserial: USB Serial support registered for upd78f0730
[    3.001492] rtc_zynqmp ffa60000.rtc: registered as rtc0
[    3.005258] rtc_zynqmp ffa60000.rtc: setting system clock to 2022-03-25T23:47:47 UTC (1648252067)
[    3.014120] i2c /dev entries driver
[    3.019431] usbcore: registered new interface driver uvcvideo
[    3.023233] USB Video Class driver (1.1.1)
[    3.028817] Bluetooth: HCI UART driver ver 2.3
[    3.031705] Bluetooth: HCI UART protocol H4 registered
[    3.036820] Bluetooth: HCI UART protocol BCSP registered
[    3.042104] Bluetooth: HCI UART protocol LL registered
[    3.047194] Bluetooth: HCI UART protocol ATH3K registered
[    3.052570] Bluetooth: HCI UART protocol Three-wire (H5) registered
[    3.058821] Bluetooth: HCI UART protocol Intel registered
[    3.064158] Bluetooth: HCI UART protocol QCA registered
[    3.069360] usbcore: registered new interface driver bcm203x
[    3.074979] usbcore: registered new interface driver bpa10x
[    3.080518] usbcore: registered new interface driver bfusb
[    3.085967] usbcore: registered new interface driver btusb
[    3.091429] usbcore: registered new interface driver ath3k
[    3.096912] EDAC MC: ECC not enabled
[    3.100539] EDAC DEVICE0: Giving out device to module zynqmp-ocm-edac controller zynqmp_ocm: DEV ff960000.memory-controller (INTERRUPT)
[    3.112862] sdhci: Secure Digital Host Controller Interface driver
[    3.118652] sdhci: Copyright(c) Pierre Ossman
[    3.122967] sdhci-pltfm: SDHCI platform and OF driver helper
[    3.129025] ledtrig-cpu: registered to indicate activity on CPUs
[    3.134570] SMCCC: SOC_ID: ARCH_SOC_ID not implemented, skipping ....
[    3.141000] zynqmp_firmware_probe Platform Management API v1.1
[    3.146757] zynqmp_firmware_probe Trustzone version v1.0
[    3.186306] zynqmp-pinctrl firmware:zynqmp-firmware:pinctrl: zynqmp pinctrl initialized
[    3.234222] zynqmp-aes firmware:zynqmp-firmware:zynqmp-aes: will run requests pump with realtime priority
[    3.250306] alg: No test for xilinx-keccak-384 (zynqmp-keccak-384)
[    3.251015] alg: No test for xilinx-zynqmp-rsa (zynqmp-rsa)
[    3.256520] usbcore: registered new interface driver usbhid
[    3.261913] usbhid: USB HID core driver
[    3.273164] axi_sysid 85000000.axi-sysid-0: AXI System ID core version (1.01.a) found
[    3.275512] axi_sysid 85000000.axi-sysid-0: [ad9081_fmca_ebz] on [zcu102] git branch <master> git <084d44c9780640ca93fd847b1d9ec70dd65f5c67> clean [2022-03-18 04:17:50] UTC
[    3.291201] fpga_manager fpga0: Xilinx ZynqMP FPGA Manager registered
[    3.297554] usbcore: registered new interface driver snd-usb-audio
[    3.305008] pktgen: Packet Generator for packet performance testing. Version: 2.75
[    3.311185] Initializing XFRM netlink socket
[    3.315039] NET: Registered protocol family 10
[    3.319772] Segment Routing with IPv6
[    3.323121] sit: IPv6, IPv4 and MPLS over IPv4 tunneling driver
[    3.329209] NET: Registered protocol family 17
[    3.333315] NET: Registered protocol family 15
[    3.337819] can: controller area network core
[    3.342066] NET: Registered protocol family 29
[    3.346452] can: raw protocol
[    3.349391] can: broadcast manager protocol
[    3.353543] can: netlink gateway - max_hops=1
[    3.357936] Bluetooth: RFCOMM TTY layer initialized
[    3.362719] Bluetooth: RFCOMM socket layer initialized
[    3.367829] Bluetooth: RFCOMM ver 1.11
[    3.371532] Bluetooth: BNEP (Ethernet Emulation) ver 1.3
[    3.376810] Bluetooth: BNEP filters: protocol multicast
[    3.382002] Bluetooth: BNEP socket layer initialized
[    3.386929] Bluetooth: HIDP (Human Interface Emulation) ver 1.2
[    3.392813] Bluetooth: HIDP socket layer initialized
[    3.397866] 9pnet: Installing 9P2000 support
[    3.401990] NET: Registered protocol family 36
[    3.406407] Key type dns_resolver registered
[    3.410840] registered taskstats version 1
[    3.414703] Loading compiled-in X.509 certificates
[    3.419838] Btrfs loaded, crc32c=crc32c-generic
[    3.432230] ff000000.serial: ttyPS0 at MMIO 0xff000000 (irq = 49, base_baud = 6249999) is a xuartps
[    3.441255] printk: console [ttyPS0] enabled
[    3.445551] printk: bootconsole [cdns0] disabled
[    3.455180] ff010000.serial: ttyPS1 at MMIO 0xff010000 (irq = 50, base_baud = 6249999) is a xuartps
[    3.468425] of-fpga-region fpga-full: FPGA Region probed
[    3.475358] nwl-pcie fd0e0000.pcie: host bridge /axi/pcie@fd0e0000 ranges:
[    3.482253] nwl-pcie fd0e0000.pcie:      MEM 0x00e0000000..0x00efffffff -> 0x00e0000000
[    3.490255] nwl-pcie fd0e0000.pcie:      MEM 0x0600000000..0x07ffffffff -> 0x0600000000
[    3.498323] nwl-pcie fd0e0000.pcie: Link is DOWN
[    3.503084] nwl-pcie fd0e0000.pcie: PCI host bridge to bus 0000:00
[    3.509262] pci_bus 0000:00: root bus resource [bus 00-ff]
[    3.514742] pci_bus 0000:00: root bus resource [mem 0xe0000000-0xefffffff]
[    3.521608] pci_bus 0000:00: root bus resource [mem 0x600000000-0x7ffffffff pref]
[    3.529110] pci 0000:00:00.0: [10ee:d021] type 01 class 0x060400
[    3.535171] pci 0000:00:00.0: PME# supported from D0 D1 D2 D3hot
[    3.545625] pci 0000:00:00.0: PCI bridge to [bus 01-0c]
[    3.551600] xilinx-zynqmp-dma fd500000.dma: ZynqMP DMA driver Probe success
[    3.558776] xilinx-zynqmp-dma fd510000.dma: ZynqMP DMA driver Probe success
[    3.565942] xilinx-zynqmp-dma fd520000.dma: ZynqMP DMA driver Probe success
[    3.573114] xilinx-zynqmp-dma fd530000.dma: ZynqMP DMA driver Probe success
[    3.580282] xilinx-zynqmp-dma fd540000.dma: ZynqMP DMA driver Probe success
[    3.587449] xilinx-zynqmp-dma fd550000.dma: ZynqMP DMA driver Probe success
[    3.594621] xilinx-zynqmp-dma fd560000.dma: ZynqMP DMA driver Probe success
[    3.601788] xilinx-zynqmp-dma fd570000.dma: ZynqMP DMA driver Probe success
[    3.609200] xilinx-zynqmp-dpdma fd4c0000.dma-controller: Xilinx DPDMA engine is probed
[    3.617755] ahci-ceva fd0c0000.ahci: supply ahci not found, using dummy regulator
[    3.625300] ahci-ceva fd0c0000.ahci: supply phy not found, using dummy regulator
[    3.715915] hmc7044 spi2.0: PLL1: Acquisition, CLKIN0 @ 122880000 Hz, PFD: 80 kHz - PLL2: Locked @ 2700.000000 MHz
[    3.726630] jesd204: /axi/spi@ff050000/hmc7044@0,jesd204:1,parent=spi2.0: Using as SYSREF provider
[    3.736209] spi-nor spi0.0: SPI-NOR-UniqueID 100000235394732200270025081115266e
[    3.743517] spi-nor spi0.0: found n25q512a, expected m25p80
[    3.749707] spi-nor spi0.0: trying to lock already unlocked area
[    3.755709] spi-nor spi0.0: n25q512a (131072 Kbytes)
[    3.760687] 4 fixed-partitions partitions found on MTD device spi0.0
[    3.767033] Creating 4 MTD partitions on "spi0.0":
[    3.771818] 0x000000000000-0x000000100000 : "qspi-fsbl-uboot"
[    3.778300] 0x000000100000-0x000000600000 : "qspi-linux"
[    3.784253] 0x000000600000-0x000000620000 : "qspi-device-tree"
[    3.790734] 0x000000620000-0x000000c00000 : "qspi-rootfs"
[    3.799212] macb ff0e0000.ethernet: Not enabling partial store and forward
[    3.806728] libphy: MACB_mii_bus: probed
[    3.811807] macb ff0e0000.ethernet eth0: Cadence GEM rev 0x50070106 at 0xff0e0000 irq 30 (00:0a:35:04:8e:1b)
[    3.822011] xilinx-axipmon ffa00000.perf-monitor: Probed Xilinx APM
[    3.828585] xilinx-axipmon fd0b0000.perf-monitor: Probed Xilinx APM
[    3.835102] xilinx-axipmon fd490000.perf-monitor: Probed Xilinx APM
[    3.841639] xilinx-axipmon ffa10000.perf-monitor: Probed Xilinx APM
[    3.851627] pca953x 0-0020: supply vcc not found, using dummy regulator
[    3.858317] pca953x 0-0020: using no AI
[    3.862807] gpio-496 (sel0): hogged as output/low
[    3.867704] gpio-497 (sel1): hogged as output/high
[    3.872693] gpio-498 (sel2): hogged as output/high
[    3.877681] gpio-499 (sel3): hogged as output/high
[    3.882861] pca953x 0-0021: supply vcc not found, using dummy regulator
[    3.889529] pca953x 0-0021: using no AI
[    3.895298] ina2xx 2-0040: power monitor ina226 (Rshunt = 5000 uOhm)
[    3.902328] ina2xx 2-0041: power monitor ina226 (Rshunt = 5000 uOhm)
[    3.909361] ina2xx 2-0042: power monitor ina226 (Rshunt = 5000 uOhm)
[    3.916394] ina2xx 2-0043: power monitor ina226 (Rshunt = 5000 uOhm)
[    3.923425] ina2xx 2-0044: power monitor ina226 (Rshunt = 5000 uOhm)
[    3.930451] ina2xx 2-0045: power monitor ina226 (Rshunt = 5000 uOhm)
[    3.937484] ina2xx 2-0046: power monitor ina226 (Rshunt = 5000 uOhm)
[    3.944557] ina2xx 2-0047: power monitor ina226 (Rshunt = 5000 uOhm)
[    3.951584] ina2xx 2-004a: power monitor ina226 (Rshunt = 5000 uOhm)
[    3.958618] ina2xx 2-004b: power monitor ina226 (Rshunt = 5000 uOhm)
[    3.965025] i2c i2c-0: Added multiplexed i2c bus 2
[    3.970408] random: fast init done
[    3.973885] ina2xx 3-0040: power monitor ina226 (Rshunt = 2000 uOhm)
[    3.980910] ina2xx 3-0041: power monitor ina226 (Rshunt = 5000 uOhm)
[    3.987932] ina2xx 3-0042: power monitor ina226 (Rshunt = 5000 uOhm)
[    3.994955] ina2xx 3-0043: power monitor ina226 (Rshunt = 5000 uOhm)
[    4.001981] ina2xx 3-0044: power monitor ina226 (Rshunt = 5000 uOhm)
[    4.009012] ina2xx 3-0045: power monitor ina226 (Rshunt = 5000 uOhm)
[    4.016046] ina2xx 3-0046: power monitor ina226 (Rshunt = 5000 uOhm)
[    4.023071] ina2xx 3-0047: power monitor ina226 (Rshunt = 5000 uOhm)
[    4.029474] i2c i2c-0: Added multiplexed i2c bus 3
[    4.085185] i2c i2c-0: Added multiplexed i2c bus 4
[    4.090133] i2c i2c-0: Added multiplexed i2c bus 5
[    4.094926] pca954x 0-0075: registered 4 multiplexed busses for I2C mux pca9544
[    4.102277] cdns-i2c ff020000.i2c: 400 kHz mmio ff020000 irq 32
[    4.110006] at24 6-0054: supply vcc not found, using dummy regulator
[    4.116893] at24 6-0054: 1024 byte 24c08 EEPROM, writable, 1 bytes/write
[    4.123647] i2c i2c-1: Added multiplexed i2c bus 6
[    4.130073] si5341 7-0036: Chip: 5341 Grade: 1 Rev: 1
[    4.167798] i2c i2c-1: Added multiplexed i2c bus 7
[    4.175451] si570 8-005d: registered, current frequency 300000000 Hz
[    4.181855] i2c i2c-1: Added multiplexed i2c bus 8
[    4.201638] si570 9-005d: registered, current frequency 148500000 Hz
[    4.208042] i2c i2c-1: Added multiplexed i2c bus 9
[    4.213079] si5324 10-0069: si5328 probed
[    4.280117] si5324 10-0069: si5328 probe successful
[    4.285044] i2c i2c-1: Added multiplexed i2c bus 10
[    4.290073] i2c i2c-1: Added multiplexed i2c bus 11
[    4.295111] i2c i2c-1: Added multiplexed i2c bus 12
[    4.300136] i2c i2c-1: Added multiplexed i2c bus 13
[    4.305008] pca954x 1-0074: registered 8 multiplexed busses for I2C switch pca9548
[    4.313122] at24 14-0050: supply vcc not found, using dummy regulator
[    4.319908] at24 14-0050: 256 byte 24c02 EEPROM, writable, 1 bytes/write
[    4.326652] i2c i2c-1: Added multiplexed i2c bus 14
[    4.331694] i2c i2c-1: Added multiplexed i2c bus 15
[    4.336725] i2c i2c-1: Added multiplexed i2c bus 16
[    4.341759] i2c i2c-1: Added multiplexed i2c bus 17
[    4.346796] i2c i2c-1: Added multiplexed i2c bus 18
[    4.351844] i2c i2c-1: Added multiplexed i2c bus 19
[    4.356882] i2c i2c-1: Added multiplexed i2c bus 20
[    4.361920] i2c i2c-1: Added multiplexed i2c bus 21
[    4.366801] pca954x 1-0075: registered 8 multiplexed busses for I2C switch pca9548
[    4.374410] cdns-i2c ff030000.i2c: 400 kHz mmio ff030000 irq 33
[    4.384163] cdns-wdt fd4d0000.watchdog: Xilinx Watchdog Timer with timeout 60s
[    4.394955] axi_adxcvr 84a60000.axi-adxcvr-rx: AXI-ADXCVR-RX (17.05.a) using CPLL on GTH4 at 0x84A60000. Number of lanes: 4.
[    4.407124] axi_adxcvr 84b60000.axi-adxcvr-tx: AXI-ADXCVR-TX (17.05.a) using QPLL on GTH4 at 0x84B60000. Number of lanes: 4.
[    4.418747] axi-jesd204-rx 84a90000.axi-jesd204-rx: AXI-JESD204-RX (1.07.a) at 0x84A90000. Encoder 8b10b, width 4/4, lanes 4, jesd204-fsm.
[    4.426255] mmc0: SDHCI controller on ff170000.mmc [ff170000.mmc] using ADMA 64-bit
[    4.431582] axi-jesd204-tx 84b90000.axi-jesd204-tx: AXI-JESD204-TX (1.06.a) at 0x84B90000. Encoder 8b10b, width 4/4, lanes 4, jesd204-fsm.
[    4.452320] zynqmp-display fd4a0000.display: vtc bridge property not present
[    4.461968] xilinx-dp-snd-codec fd4a0000.display:zynqmp_dp_snd_codec0: Failed to get required clock freq
[    4.471472] xilinx-dp-snd-codec: probe of fd4a0000.display:zynqmp_dp_snd_codec0 failed with error -22
[    4.473520] mmc0: new high speed SDHC card at address 0001
[    4.481020] xilinx-dp-snd-pcm zynqmp_dp_snd_pcm0: Xilinx DisplayPort Sound PCM probed
[    4.486529] mmcblk0: mmc0:0001 EB1QT 29.8 GiB 
[    4.494331] xilinx-dp-snd-pcm zynqmp_dp_snd_pcm1: Xilinx DisplayPort Sound PCM probed
[    4.499721]  mmcblk0: p1 p2 p3
[    4.506631] OF: graph: no port node found in /axi/display@fd4a0000
[    4.515706] xlnx-drm xlnx-drm.0: bound fd4a0000.display (ops 0xffffffc010fcbdb8)
[    5.599760] zynqmp-display fd4a0000.display: [drm] Cannot find any crtc or sizes
[    5.607379] [drm] Initialized xlnx 1.0.0 20130509 for fd4a0000.display on minor 0
[    5.614875] zynqmp-display fd4a0000.display: ZynqMP DisplayPort Subsystem driver probed
[    5.623198] ahci-ceva fd0c0000.ahci: supply ahci not found, using dummy regulator
[    5.630744] ahci-ceva fd0c0000.ahci: supply phy not found, using dummy regulator
[    5.638195] ahci-ceva fd0c0000.ahci: supply target not found, using dummy regulator
[    5.646031] ahci-ceva fd0c0000.ahci: AHCI 0001.0301 32 slots 2 ports 6 Gbps 0x3 impl platform mode
[    5.654990] ahci-ceva fd0c0000.ahci: flags: 64bit ncq sntf pm clo only pmp fbs pio slum part ccc sds apst 
[    5.665686] scsi host0: ahci-ceva
[    5.669271] scsi host1: ahci-ceva
[    5.672699] ata1: SATA max UDMA/133 mmio [mem 0xfd0c0000-0xfd0c1fff] port 0x100 irq 45
[    5.680612] ata2: SATA max UDMA/133 mmio [mem 0xfd0c0000-0xfd0c1fff] port 0x180 irq 45
[    5.689224] ad9081 spi1.0: supply vdd not found, using dummy regulator
[    6.001994] ata1: SATA link down (SStatus 0 SControl 330)
[    6.007406] ata2: SATA link down (SStatus 0 SControl 330)
[    6.683764] zynqmp-display fd4a0000.display: [drm] Cannot find any crtc or sizes
[    6.881243] ad9081 spi1.0: Invalid param passed., "ref_clk_hz < 100000000ULL" in adi_ad9081_device_clk_config_set(...), line554 in drivers/iio/adc/ad9081/adi_ad9081_device.c
[    7.586429] ad9081 spi1.0: AD9081 Rev. 2 Grade 10 (API 1.2.2) probed
[    7.593615] xhci-hcd xhci-hcd.1.auto: xHCI Host Controller
[    7.599111] xhci-hcd xhci-hcd.1.auto: new USB bus registered, assigned bus number 1
[    7.606858] xhci-hcd xhci-hcd.1.auto: hcc params 0x0238f625 hci version 0x100 quirks 0x0000000002010810
[    7.616271] xhci-hcd xhci-hcd.1.auto: irq 59, io mem 0xfe200000
[    7.622375] usb usb1: New USB device found, idVendor=1d6b, idProduct=0002, bcdDevice= 5.10
[    7.630636] usb usb1: New USB device strings: Mfr=3, Product=2, SerialNumber=1
[    7.637854] usb usb1: Product: xHCI Host Controller
[    7.642725] usb usb1: Manufacturer: Linux 5.10.0-98103-g2aa7ac113716 xhci-hcd
[    7.649850] usb usb1: SerialNumber: xhci-hcd.1.auto
[    7.655017] hub 1-0:1.0: USB hub found
[    7.658776] hub 1-0:1.0: 1 port detected
[    7.662884] xhci-hcd xhci-hcd.1.auto: xHCI Host Controller
[    7.668371] xhci-hcd xhci-hcd.1.auto: new USB bus registered, assigned bus number 2
[    7.676024] xhci-hcd xhci-hcd.1.auto: Host supports USB 3.0 SuperSpeed
[    7.682644] usb usb2: New USB device found, idVendor=1d6b, idProduct=0003, bcdDevice= 5.10
[    7.690901] usb usb2: New USB device strings: Mfr=3, Product=2, SerialNumber=1
[    7.698121] usb usb2: Product: xHCI Host Controller
[    7.702989] usb usb2: Manufacturer: Linux 5.10.0-98103-g2aa7ac113716 xhci-hcd
[    7.710114] usb usb2: SerialNumber: xhci-hcd.1.auto
[    7.715228] hub 2-0:1.0: USB hub found
[    7.718985] hub 2-0:1.0: 1 port detected
[    7.749030] cf_axi_adc 84a10000.axi-ad9081-rx-hpc: ADI AIM (10.01.b) at 0x84A10000 mapped to 0x(____ptrval____), probed ADC AD9081 as MASTER
[    7.780584] cf_axi_dds 84b10000.axi-ad9081-tx-hpc: Analog Devices CF_AXI_DDS_DDS MASTER (9.01.b) at 0x84B10000 mapped to 0x(____ptrval____), probed DDS AD9081
[    7.794785] jesd204: /axi/spi@ff040000/ad9081@0,jesd204:0,parent=spi1.0: JESD204[2] transition initialized -> probed
[    7.805307] jesd204: /axi/spi@ff040000/ad9081@0,jesd204:0,parent=spi1.0: JESD204[0] transition initialized -> probed
[    7.815831] jesd204: /axi/spi@ff040000/ad9081@0,jesd204:0,parent=spi1.0: JESD204[2] transition probed -> idle
[    7.825739] jesd204: /axi/spi@ff040000/ad9081@0,jesd204:0,parent=spi1.0: JESD204[0] transition probed -> idle
[    7.835654] jesd204: /axi/spi@ff040000/ad9081@0,jesd204:0,parent=spi1.0: JESD204[2] transition idle -> device_init
[    7.845996] jesd204: /axi/spi@ff040000/ad9081@0,jesd204:0,parent=spi1.0: JESD204[0] transition idle -> device_init
[    7.856348] jesd204: /axi/spi@ff040000/ad9081@0,jesd204:0,parent=spi1.0: JESD204[2] transition device_init -> link_init
[    7.867126] jesd204: /axi/spi@ff040000/ad9081@0,jesd204:0,parent=spi1.0: JESD204[0] transition device_init -> link_init
[    7.877918] jesd204: /axi/spi@ff040000/ad9081@0,jesd204:0,parent=spi1.0: JESD204[2] transition link_init -> link_supported
[    7.888955] jesd204: /axi/spi@ff040000/ad9081@0,jesd204:0,parent=spi1.0: JESD204[0] transition link_init -> link_supported
[    7.900364] hmc7044 spi2.0: hmc7044_jesd204_link_pre_setup: Link2 forcing continuous SYSREF mode
[    7.909617] jesd204: /axi/spi@ff040000/ad9081@0,jesd204:0,parent=spi1.0: JESD204[2] transition link_supported -> link_pre_setup
[    7.921090] jesd204: /axi/spi@ff040000/ad9081@0,jesd204:0,parent=spi1.0: JESD204[0] transition link_supported -> link_pre_setup
[    7.944940] jesd204: /axi/spi@ff040000/ad9081@0,jesd204:0,parent=spi1.0: JESD204[2] transition link_pre_setup -> clk_sync_stage1
[    7.956504] jesd204: /axi/spi@ff040000/ad9081@0,jesd204:0,parent=spi1.0: JESD204[0] transition link_pre_setup -> clk_sync_stage1
[    7.968068] jesd204: /axi/spi@ff040000/ad9081@0,jesd204:0,parent=spi1.0: JESD204[2] transition clk_sync_stage1 -> clk_sync_stage2
[    7.979712] jesd204: /axi/spi@ff040000/ad9081@0,jesd204:0,parent=spi1.0: JESD204[0] transition clk_sync_stage1 -> clk_sync_stage2
[    7.991364] jesd204: /axi/spi@ff040000/ad9081@0,jesd204:0,parent=spi1.0: JESD204[2] transition clk_sync_stage2 -> clk_sync_stage3
[    8.003009] jesd204: /axi/spi@ff040000/ad9081@0,jesd204:0,parent=spi1.0: JESD204[0] transition clk_sync_stage2 -> clk_sync_stage3
[    8.016681] jesd204: /axi/spi@ff040000/ad9081@0,jesd204:0,parent=spi1.0: JESD204[2] transition clk_sync_stage3 -> link_setup
[    8.027900] jesd204: /axi/spi@ff040000/ad9081@0,jesd204:0,parent=spi1.0: JESD204[0] transition clk_sync_stage3 -> link_setup
[    8.043888] jesd204: /axi/spi@ff040000/ad9081@0,jesd204:0,parent=spi1.0: JESD204[2] transition link_setup -> opt_setup_stage1
[    8.055187] jesd204: /axi/spi@ff040000/ad9081@0,jesd204:0,parent=spi1.0: JESD204[0] transition link_setup -> opt_setup_stage1
[    8.071541] jesd204: /axi/spi@ff040000/ad9081@0,jesd204:0,parent=spi1.0: JESD204[2] transition opt_setup_stage1 -> opt_setup_stage2
[    8.083362] jesd204: /axi/spi@ff040000/ad9081@0,jesd204:0,parent=spi1.0: JESD204[0] transition opt_setup_stage1 -> opt_setup_stage2
[    8.095333] jesd204: /axi/spi@ff040000/ad9081@0,jesd204:0,parent=spi1.0: JESD204[2] transition opt_setup_stage2 -> opt_setup_stage3
[    8.107155] jesd204: /axi/spi@ff040000/ad9081@0,jesd204:0,parent=spi1.0: JESD204[0] transition opt_setup_stage2 -> opt_setup_stage3
[    8.118977] jesd204: /axi/spi@ff040000/ad9081@0,jesd204:0,parent=spi1.0: JESD204[2] transition opt_setup_stage3 -> opt_setup_stage4
[    8.130796] jesd204: /axi/spi@ff040000/ad9081@0,jesd204:0,parent=spi1.0: JESD204[0] transition opt_setup_stage3 -> opt_setup_stage4
[    8.142627] jesd204: /axi/spi@ff040000/ad9081@0,jesd204:0,parent=spi1.0: JESD204[2] transition opt_setup_stage4 -> opt_setup_stage5
[    8.154453] jesd204: /axi/spi@ff040000/ad9081@0,jesd204:0,parent=spi1.0: JESD204[0] transition opt_setup_stage4 -> opt_setup_stage5
[    8.170381] jesd204: /axi/spi@ff040000/ad9081@0,jesd204:0,parent=spi1.0: JESD204[2] transition opt_setup_stage5 -> clocks_enable
[    8.181940] jesd204: /axi/spi@ff040000/ad9081@0,jesd204:0,parent=spi1.0: JESD204[0] transition opt_setup_stage5 -> clocks_enable
[    8.228855] axi_adxcvr 84a60000.axi-adxcvr-rx: adxcvr_clk_enable: CPLL RX buffer underflow error, status: 0x61
[    8.238843] axi_adxcvr 84a60000.axi-adxcvr-rx: adxcvr_clk_enable: CPLL RX buffer overflow error, status: 0x61
[    8.248815] jesd204: /axi/spi@ff040000/ad9081@0,jesd204:0,parent=spi1.0: JESD204[2] transition clocks_enable -> link_enable
[    8.259939] jesd204: /axi/spi@ff040000/ad9081@0,jesd204:0,parent=spi1.0: JESD204[0] transition clocks_enable -> link_enable
[    8.291985] ad9081 spi1.0: JESD RX (JTX) Link2 in DATA, SYNC deasserted, PLL locked, PHASE established, MODE valid
[    8.302587] ad9081 spi1.0: JESD TX (JRX) Link0 0xF lanes in DATA
[    8.308591] jesd204: /axi/spi@ff040000/ad9081@0,jesd204:0,parent=spi1.0: JESD204[2] transition link_enable -> link_running
[    8.319629] jesd204: /axi/spi@ff040000/ad9081@0,jesd204:0,parent=spi1.0: JESD204[0] transition link_enable -> link_running
[    8.330675] jesd204: /axi/spi@ff040000/ad9081@0,jesd204:0,parent=spi1.0: JESD204[2] transition link_running -> opt_post_running_stage
[    8.342667] jesd204: /axi/spi@ff040000/ad9081@0,jesd204:0,parent=spi1.0: JESD204[0] transition link_running -> opt_post_running_stage
[    8.363890] input: gpio-keys as /devices/platform/gpio-keys/input/input0
[    8.370899] of_cfs_init
[    8.373362] of_cfs_init: OK
[    8.376299] cfg80211: Loading compiled-in X.509 certificates for regulatory database
[    8.514407] cfg80211: Loaded X.509 cert 'sforshee: 00b28ddf47aef9cea7'
[    8.520938] clk: Not disabling unused clocks
[    8.525469] ALSA device list:
[    8.528429]   No soundcards found.
[    8.532116] platform regulatory.0: Direct firmware load for regulatory.db failed with error -2
[    8.540726] cfg80211: failed to load regulatory.db
[    8.542670] EXT4-fs (mmcblk0p2): mounted filesystem with ordered data mode. Opts: (null)
[    8.553627] VFS: Mounted root (ext4 filesystem) on device 179:2.
[    8.567405] devtmpfs: mounted
[    8.571222] Freeing unused kernel memory: 2560K
[    8.599793] Run /sbin/init as init process
[    8.603888]   with arguments:
[    8.603890]     /sbin/init
[    8.603892]   with environment:
[    8.603895]     HOME=/
[    8.603897]     TERM=linux
[    9.187253] systemd[1]: systemd 241 running in system mode. (+PAM +AUDIT +SELINUX +IMA +APPARMOR +SMACK +SYSVINIT +UTMP +LIBCRYPTSETUP +GCRYPT +GNUTLS +ACL +XZ +LZ4 +SECCOMP +BLKID +ELFUTILS +KMOD -IDN2 +IDN -PCRE2 default-hierarchy=hybrid)
[    9.209114] systemd[1]: Detected architecture arm64.
[    9.232483] systemd[1]: Set hostname to <analog>.
[    9.417315] systemd[1]: File /lib/systemd/system/systemd-journald.service:12 configures an IP firewall (IPAddressDeny=any), but the local system does not support BPF/cgroup based firewalling.
[    9.434424] systemd[1]: Proceeding WITHOUT firewalling in effect! (This warning is only shown for the first loaded unit using IP firewalling.)
[    9.602666] systemd[1]: /etc/systemd/system/tof-server.service:1: Assignment outside of section. Ignoring.
[    9.612388] systemd[1]: /etc/systemd/system/tof-server.service:2: Assignment outside of section. Ignoring.
[    9.799078] random: systemd: uninitialized urandom read (16 bytes read)
[    9.813955] random: systemd: uninitialized urandom read (16 bytes read)
[    9.821185] systemd[1]: Created slice system-getty.slice.
[    9.843847] random: systemd: uninitialized urandom read (16 bytes read)
[    9.850808] systemd[1]: Listening on udev Control Socket.
[    9.872070] systemd[1]: Listening on fsck to fsckd communication Socket.
[   10.432884] ------------[ cut here ]------------
[   10.432894] Enabling unprepared \xa0)S\x88\xff\xff\xff\xb0R\x88\xff\xff\xff
[   10.432941] WARNING: CPU: 2 PID: 126 at drivers/clk/clk.c:1012 clk_core_enable+0xa4/0xc0
[   10.432945] Modules linked in:
[   10.432955] CPU: 2 PID: 126 Comm: kworker/2:1H Not tainted 5.10.0-98103-g2aa7ac113716 #5577
[   10.432958] Hardware name: ZynqMP ZCU102 Rev1.0 (DT)
[   10.432967] Workqueue: kblockd blk_mq_run_work_fn
[   10.432974] pstate: 80000085 (Nzcv daIf -PAN -UAO -TCO BTYPE=--)
[   10.432980] pc : clk_core_enable+0xa4/0xc0
[   10.432985] lr : clk_core_enable+0xa4/0xc0
[   10.432988] sp : ffffffc012b0b2d0
[   10.432991] x29: ffffffc012b0b2d0 x28: ffffff8800330c10 
[   10.432998] x27: ffffff8800330d48 x26: 0000005000000101 
[   10.433005] x25: 0000000267e74afa x24: 0000000000000001 
[   10.433011] x23: ffffff8801104a00 x22: ffffff8801083220 
[   10.433017] x21: ffffff880152b000 x20: ffffff880152b008 
[   10.433024] x19: ffffff880152b008 x18: 0000000000000030 
[   10.433030] x17: 0000000000000001 x16: 0000b4737389a5b6 
[   10.433037] x15: ffffffffffff8800 x14: ffffffc011d3b1a0 
[   10.433043] x13: ffffffc011d3b1c8 x12: 00000000000005ee 
[   10.433050] x11: 00000000000001fa x10: ffffffc011d671c8 
[   10.433056] x9 : 00000000fffff800 x8 : ffffffc011d3b1c8 
[   10.433063] x7 : ffffffc011d671c8 x6 : 0000000000000001 
[   10.433069] x5 : ffffff887f7929e0 x4 : 0000000000000000 
[   10.433076] x3 : 0000000000000027 x2 : 0000000000000023 
[   10.433082] x1 : 9a5bb91142f8fa00 x0 : 0000000000000000 
[   10.433088] Call trace:
[   10.433095]  clk_core_enable+0xa4/0xc0
[   10.433100]  clk_enable+0x2c/0x60
[   10.433106]  zynqmp_runtime_resume+0x24/0x84
[   10.433113]  pm_generic_runtime_resume+0x30/0x50
[   10.433119]  __genpd_runtime_resume+0x30/0xb0
[   10.433125]  genpd_runtime_resume+0x90/0x250
[   10.433131]  __rpm_callback+0x10c/0x1e0
[   10.433136]  rpm_callback+0x5c/0x84
[   10.433141]  rpm_resume+0x4a4/0x74c
[   10.433146]  __pm_runtime_resume+0x78/0xc4
[   10.433151]  spi_mem_access_start.isra.0+0x30/0x80
[   10.433155]  spi_mem_exec_op+0x3b0/0x424
[   10.433160]  spi_nor_read_sr+0x78/0xe0
[   10.433164]  spi_nor_wait_till_ready_with_timeout+0xb4/0x2f0
[   10.433169]  spi_nor_read+0x188/0x380
[   10.433174]  mtd_read_oob_std+0x78/0x84
[   10.433179]  mtd_read_oob+0x7c/0x134
[   10.433183]  mtd_read+0x48/0x7c
[   10.433189]  mtdblock_readsect+0x6c/0x150
[   10.433194]  mtd_queue_rq+0x2cc/0x5a0
[   10.433199]  blk_mq_dispatch_rq_list+0x110/0x790
[   10.433206]  __blk_mq_do_dispatch_sched+0x200/0x274
[   10.433211]  __blk_mq_sched_dispatch_requests+0x1a8/0x1fc
[   10.433217]  blk_mq_sched_dispatch_requests+0x3c/0x7c
[   10.433221]  __blk_mq_run_hw_queue+0x98/0x100
[   10.433226]  blk_mq_run_work_fn+0x24/0x30
[   10.433232]  process_one_work+0x1d4/0x380
[   10.433236]  worker_thread+0x78/0x4e0
[   10.433241]  kthread+0x124/0x130
[   10.433247]  ret_from_fork+0x10/0x3c
[   10.433250] ---[ end trace 4a02adba5657bfdd ]---
[   10.433258] zynqmp-qspi ff0f0000.spi: Cannot enable APB clock.
[   10.433306] spi_master spi0: Failed to power device: -108
[   10.433316] blk_update_request: I/O error, dev mtdblock0, sector 8 op 0x0:(READ) flags 0x80700 phys_seg 1 prio class 0
[   10.433393] spi_master spi0: Failed to power device: -22
[   10.433399] blk_update_request: I/O error, dev mtdblock0, sector 8 op 0x0:(READ) flags 0x0 phys_seg 8 prio class 0
[   10.433405] Buffer I/O error on dev mtdblock0, logical block 8, async page read
[   10.433414] spi_master spi0: Failed to power device: -22
[   10.433420] blk_update_request: I/O error, dev mtdblock0, sector 9 op 0x0:(READ) flags 0x0 phys_seg 7 prio class 0
[   10.433424] Buffer I/O error on dev mtdblock0, logical block 9, async page read
[   10.433431] spi_master spi0: Failed to power device: -22
[   10.433437] blk_update_request: I/O error, dev mtdblock0, sector 10 op 0x0:(READ) flags 0x0 phys_seg 6 prio class 0
[   10.433441] Buffer I/O error on dev mtdblock0, logical block 10, async page read
[   10.433448] spi_master spi0: Failed to power device: -22
[   10.433454] blk_update_request: I/O error, dev mtdblock0, sector 11 op 0x0:(READ) flags 0x0 phys_seg 5 prio class 0
[   10.433457] Buffer I/O error on dev mtdblock0, logical block 11, async page read
[   10.433464] spi_master spi0: Failed to power device: -22
[   10.433470] blk_update_request: I/O error, dev mtdblock0, sector 12 op 0x0:(READ) flags 0x0 phys_seg 4 prio class 0
[   10.433474] Buffer I/O error on dev mtdblock0, logical block 12, async page read
[   10.433480] spi_master spi0: Failed to power device: -22
[   10.433486] blk_update_request: I/O error, dev mtdblock0, sector 13 op 0x0:(READ) flags 0x0 phys_seg 3 prio class 0
[   10.433490] Buffer I/O error on dev mtdblock0, logical block 13, async page read
[   10.433496] spi_master spi0: Failed to power device: -22
[   10.433502] blk_update_request: I/O error, dev mtdblock0, sector 14 op 0x0:(READ) flags 0x0 phys_seg 2 prio class 0
[   10.433506] Buffer I/O error on dev mtdblock0, logical block 14, async page read
[   10.433512] spi_master spi0: Failed to power device: -22
[   10.433518] blk_update_request: I/O error, dev mtdblock0, sector 15 op 0x0:(READ) flags 0x0 phys_seg 1 prio class 0
[   10.433522] Buffer I/O error on dev mtdblock0, logical block 15, async page read
[   10.433845] spi_master spi0: Failed to power device: -22
[   10.433852] blk_update_request: I/O error, dev mtdblock1, sector 10112 op 0x0:(READ) flags 0x80700 phys_seg 1 prio class 0
[   10.433896] spi_master spi0: Failed to power device: -22
[   10.433901] Buffer I/O error on dev mtdblock1, logical block 10112, async page read
[   10.433909] spi_master spi0: Failed to power device: -22
[   10.433914] Buffer I/O error on dev mtdblock1, logical block 10113, async page read
[   10.433920] spi_master spi0: Failed to power device: -22
[   10.433928] spi_master spi0: Failed to power device: -22
[   10.433935] spi_master spi0: Failed to power device: -22
[   10.433942] spi_master spi0: Failed to power device: -22
[   10.433949] spi_master spi0: Failed to power device: -22
[   10.433956] spi_master spi0: Failed to power device: -22
[   10.434184] spi_master spi0: Failed to power device: -22
[   10.434228] spi_master spi0: Failed to power device: -22
[   10.434237] spi_master spi0: Failed to power device: -22
[   10.434245] spi_master spi0: Failed to power device: -22
[   10.434253] spi_master spi0: Failed to power device: -22
[   10.434260] spi_master spi0: Failed to power device: -22
[   10.434267] spi_master spi0: Failed to power device: -22
[   10.434274] spi_master spi0: Failed to power device: -22
[   10.434281] spi_master spi0: Failed to power device: -22
[   10.434546] spi_master spi0: Failed to power device: -22
[   10.434592] spi_master spi0: Failed to power device: -22
[   10.434601] spi_master spi0: Failed to power device: -22
[   10.434610] spi_master spi0: Failed to power device: -22
[   10.434617] spi_master spi0: Failed to power device: -22
[   10.434624] spi_master spi0: Failed to power device: -22
[   10.434631] spi_master spi0: Failed to power device: -22
[   10.434638] spi_master spi0: Failed to power device: -22
[   10.434645] spi_master spi0: Failed to power device: -22
[   10.561801] EXT4-fs (mmcblk0p2): re-mounted. Opts: (null)
[   10.652009] systemd-journald[169]: Received request to flush runtime journal from PID 1
[   16.539972] macb ff0e0000.ethernet eth0: PHY [ff0e0000.ethernet-ffffffff:0c] driver [TI DP83867] (irq=POLL)
[   16.539984] macb ff0e0000.ethernet eth0: configuring for phy/rgmii-id link mode
[   16.895809] Adding 91132k swap on /var/swap.  Priority:-2 extents:2 across:631856k SS
[   18.543773] random: crng init done
[   18.543783] random: 7 urandom warning(s) missed due to ratelimiting
[   19.489055] broken atomic modeset userspace detected, disabling atomic
[   19.617383] macb ff0e0000.ethernet eth0: Link is Up - 1Gbps/Full - flow control off
[   19.617407] IPv6: ADDRCONF(NETDEV_CHANGE): eth0: link becomes ready
[   22.174733] broken atomic modeset userspace detected, disabling atomic
[   25.263405] broken atomic modeset userspace detected, disabling atomic