[    0.000000] Booting Linux on physical CPU 0x0000000000 [0x410fd034]
[    0.000000] Linux version 5.10.0-98103-g2aa7ac113716 (jenkins@romlxbuild1.adlk.analog.com) (aarch64-xilinx-linux-gcc.real (GCC) 10.2.0, GNU ld (GNU Binutils) 2.35.0.20200730) #5577 SMP Wed Mar 23 07:28:49 GMT 2022
[    0.000000] Machine model: ZynqMP ZCU102 Rev1.0
[    0.000000] earlycon: cdns0 at MMIO 0x00000000ff000000 (options '115200n8')
[    0.000000] printk: bootconsole [cdns0] enabled
[    0.000000] efi: UEFI not found.
[    0.000000] cma: Reserved 256 MiB at 0x0000000070000000
[    0.000000] Zone ranges:
[    0.000000]   DMA      [mem 0x0000000000000000-0x000000003fffffff]
[    0.000000]   DMA32    [mem 0x0000000040000000-0x00000000ffffffff]
[    0.000000]   Normal   [mem 0x0000000100000000-0x000000087fffffff]
[    0.000000] Movable zone start for each node
[    0.000000] Early memory node ranges
[    0.000000]   node   0: [mem 0x0000000000000000-0x000000007fffffff]
[    0.000000]   node   0: [mem 0x0000000800000000-0x000000087fffffff]
[    0.000000] Initmem setup node 0 [mem 0x0000000000000000-0x000000087fffffff]
[    0.000000] On node 0 totalpages: 1048576
[    0.000000]   DMA zone: 3584 pages used for memmap
[    0.000000]   DMA zone: 0 pages reserved
[    0.000000]   DMA zone: 262144 pages, LIFO batch:63
[    0.000000]   DMA32 zone: 3584 pages used for memmap
[    0.000000]   DMA32 zone: 262144 pages, LIFO batch:63
[    0.000000]   Normal zone: 7168 pages used for memmap
[    0.000000]   Normal zone: 524288 pages, LIFO batch:63
[    0.000000] psci: probing for conduit method from DT.
[    0.000000] psci: PSCIv1.1 detected in firmware.
[    0.000000] psci: Using standard PSCI v0.2 function IDs
[    0.000000] psci: MIGRATE_INFO_TYPE not supported.
[    0.000000] psci: SMC Calling Convention v1.2
[    0.000000] percpu: Embedded 22 pages/cpu s49496 r8192 d32424 u90112
[    0.000000] pcpu-alloc: s49496 r8192 d32424 u90112 alloc=22*4096
[    0.000000] pcpu-alloc: [0] 0 [0] 1 [0] 2 [0] 3 
[    0.000000] Detected VIPT I-cache on CPU0
[    0.000000] CPU features: detected: ARM erratum 845719
[    0.000000] Built 1 zonelists, mobility grouping on.  Total pages: 1034240
[    0.000000] Kernel command line: console=ttyPS0,115200 root=/dev/mmcblk0p2 rw earlycon rootfstype=ext4 rootwait clk_ignore_unused cpuidle.off=1 root=/dev/mmcblk0p2 rw rootwait
[    0.000000] Dentry cache hash table entries: 524288 (order: 10, 4194304 bytes, linear)
[    0.000000] Inode-cache hash table entries: 262144 (order: 9, 2097152 bytes, linear)
[    0.000000] mem auto-init: stack:off, heap alloc:off, heap free:off
[    0.000000] software IO TLB: mapped [mem 0x000000003bfff000-0x000000003ffff000] (64MB)
[    0.000000] Memory: 3761904K/4194304K available (15296K kernel code, 1636K rwdata, 11876K rodata, 2560K init, 507K bss, 170256K reserved, 262144K cma-reserved)
[    0.000000] rcu: Hierarchical RCU implementation.
[    0.000000] rcu: 	RCU event tracing is enabled.
[    0.000000] rcu: 	RCU restricting CPUs from NR_CPUS=8 to nr_cpu_ids=4.
[    0.000000] rcu: RCU calculated value of scheduler-enlistment delay is 25 jiffies.
[    0.000000] rcu: Adjusting geometry for rcu_fanout_leaf=16, nr_cpu_ids=4
[    0.000000] NR_IRQS: 64, nr_irqs: 64, preallocated irqs: 0
[    0.000000] GIC: Adjusting CPU interface base to 0x00000000f902f000
[    0.000000] GIC: Using split EOI/Deactivate mode
[    0.000000] random: get_random_bytes called from start_kernel+0x31c/0x54c with crng_init=0
[    0.000000] arch_timer: cp15 timer(s) running at 100.00MHz (phys).
[    0.000000] clocksource: arch_sys_counter: mask: 0xffffffffffffff max_cycles: 0x171024e7e0, max_idle_ns: 440795205315 ns
[    0.000003] sched_clock: 56 bits at 100MHz, resolution 10ns, wraps every 4398046511100ns
[    0.008461] Console: colour dummy device 80x25
[    0.012484] Calibrating delay loop (skipped), value calculated using timer frequency.. 200.00 BogoMIPS (lpj=400000)
[    0.022841] pid_max: default: 32768 minimum: 301
[    0.027548] Mount-cache hash table entries: 8192 (order: 4, 65536 bytes, linear)
[    0.034789] Mountpoint-cache hash table entries: 8192 (order: 4, 65536 bytes, linear)
[    0.043396] rcu: Hierarchical SRCU implementation.
[    0.047561] EFI services will not be available.
[    0.051939] smp: Bringing up secondary CPUs ...
[    0.056657] Detected VIPT I-cache on CPU1
[    0.056695] CPU1: Booted secondary processor 0x0000000001 [0x410fd034]
[    0.057062] Detected VIPT I-cache on CPU2
[    0.057085] CPU2: Booted secondary processor 0x0000000002 [0x410fd034]
[    0.057423] Detected VIPT I-cache on CPU3
[    0.057446] CPU3: Booted secondary processor 0x0000000003 [0x410fd034]
[    0.057492] smp: Brought up 1 node, 4 CPUs
[    0.091780] SMP: Total of 4 processors activated.
[    0.096453] CPU features: detected: 32-bit EL0 Support
[    0.101556] CPU features: detected: CRC32 instructions
[    0.106694] CPU: All CPU(s) started at EL2
[    0.110737] alternatives: patching kernel code
[    0.116170] devtmpfs: initialized
[    0.124062] Registered cp15_barrier emulation handler
[    0.124112] Registered setend emulation handler
[    0.128091] clocksource: jiffies: mask: 0xffffffff max_cycles: 0xffffffff, max_idle_ns: 7645041785100000 ns
[    0.137670] futex hash table entries: 1024 (order: 4, 65536 bytes, linear)
[    0.151031] pinctrl core: initialized pinctrl subsystem
[    0.151674] NET: Registered protocol family 16
[    0.156104] DMA: preallocated 512 KiB GFP_KERNEL pool for atomic allocations
[    0.162117] DMA: preallocated 512 KiB GFP_KERNEL|GFP_DMA pool for atomic allocations
[    0.169842] DMA: preallocated 512 KiB GFP_KERNEL|GFP_DMA32 pool for atomic allocations
[    0.177645] audit: initializing netlink subsys (disabled)
[    0.183097] audit: type=2000 audit(0.116:1): state=initialized audit_enabled=0 res=1
[    0.183444] hw-breakpoint: found 6 breakpoint and 4 watchpoint registers.
[    0.197472] ASID allocator initialised with 65536 entries
[    0.224362] HugeTLB registered 1.00 GiB page size, pre-allocated 0 pages
[    0.225421] HugeTLB registered 32.0 MiB page size, pre-allocated 0 pages
[    0.232091] HugeTLB registered 2.00 MiB page size, pre-allocated 0 pages
[    0.238755] HugeTLB registered 64.0 KiB page size, pre-allocated 0 pages
[    1.304373] DRBG: Continuing without Jitter RNG
[    1.382148] raid6: neonx8   gen()  2141 MB/s
[    1.450193] raid6: neonx8   xor()  1599 MB/s
[    1.518254] raid6: neonx4   gen()  2199 MB/s
[    1.586301] raid6: neonx4   xor()  1565 MB/s
[    1.654369] raid6: neonx2   gen()  2075 MB/s
[    1.722413] raid6: neonx2   xor()  1432 MB/s
[    1.790478] raid6: neonx1   gen()  1772 MB/s
[    1.858525] raid6: neonx1   xor()  1220 MB/s
[    1.926588] raid6: int64x8  gen()  1438 MB/s
[    1.994640] raid6: int64x8  xor()   771 MB/s
[    2.062716] raid6: int64x4  gen()  1599 MB/s
[    2.130761] raid6: int64x4  xor()   818 MB/s
[    2.198833] raid6: int64x2  gen()  1397 MB/s
[    2.266877] raid6: int64x2  xor()   750 MB/s
[    2.334963] raid6: int64x1  gen()  1034 MB/s
[    2.403015] raid6: int64x1  xor()   517 MB/s
[    2.403053] raid6: using algorithm neonx4 gen() 2199 MB/s
[    2.407005] raid6: .... xor() 1565 MB/s, rmw enabled
[    2.411935] raid6: using neon recovery algorithm
[    2.416945] iommu: Default domain type: Translated 
[    2.421559] SCSI subsystem initialized
[    2.425104] libata version 3.00 loaded.
[    2.425228] usbcore: registered new interface driver usbfs
[    2.430561] usbcore: registered new interface driver hub
[    2.435834] usbcore: registered new device driver usb
[    2.440967] mc: Linux media interface: v0.10
[    2.445084] videodev: Linux video capture interface: v2.00
[    2.450574] EDAC MC: Ver: 3.0.0
[    2.454016] zynqmp-ipi-mbox mailbox@ff990400: Registered ZynqMP IPI mbox with TX/RX channels.
[    2.462520] jesd204: created con: id=0, topo=0, link=0, /axi/spi@ff050000/hmc7044@0 <-> /fpga-axi@0/axi-adxcvr-tx@84b60000
[    2.473104] jesd204: created con: id=1, topo=0, link=2, /axi/spi@ff050000/hmc7044@0 <-> /fpga-axi@0/axi-adxcvr-rx@84a60000
[    2.484088] jesd204: created con: id=2, topo=0, link=0, /fpga-axi@0/axi-adxcvr-tx@84b60000 <-> /fpga-axi@0/axi-jesd204-tx@84b90000
[    2.495763] jesd204: created con: id=3, topo=0, link=2, /fpga-axi@0/axi-adxcvr-rx@84a60000 <-> /fpga-axi@0/axi-jesd204-rx@84a90000
[    2.507441] jesd204: created con: id=4, topo=0, link=0, /fpga-axi@0/axi-jesd204-tx@84b90000 <-> /fpga-axi@0/axi-ad9081-tx-hpc@84b10000
[    2.519468] jesd204: created con: id=5, topo=0, link=2, /fpga-axi@0/axi-jesd204-rx@84a90000 <-> /fpga-axi@0/axi-ad9081-rx-hpc@84a10000
[    2.531491] jesd204: created con: id=6, topo=0, link=2, /fpga-axi@0/axi-ad9081-rx-hpc@84a10000 <-> /axi/spi@ff040000/ad9081@0
[    2.542732] jesd204: created con: id=7, topo=0, link=0, /fpga-axi@0/axi-ad9081-tx-hpc@84b10000 <-> /axi/spi@ff040000/ad9081@0
[    2.553982] jesd204: /axi/spi@ff040000/ad9081@0: JESD204[2] transition uninitialized -> initialized
[    2.562969] jesd204: /axi/spi@ff040000/ad9081@0: JESD204[0] transition uninitialized -> initialized
[    2.571961] jesd204: found 8 devices and 1 topologies
[    2.577004] FPGA manager framework
[    2.580482] Advanced Linux Sound Architecture Driver Initialized.
[    2.586775] Bluetooth: Core ver 2.22
[    2.589963] NET: Registered protocol family 31
[    2.594365] Bluetooth: HCI device and connection manager initialized
[    2.600681] Bluetooth: HCI socket layer initialized
[    2.605523] Bluetooth: L2CAP socket layer initialized
[    2.610547] Bluetooth: SCO socket layer initialized
[    2.615726] clocksource: Switched to clocksource arch_sys_counter
[    2.621540] VFS: Disk quotas dquot_6.6.0
[    2.625375] VFS: Dquot-cache hash table entries: 512 (order 0, 4096 bytes)
[    2.636092] NET: Registered protocol family 2
[    2.636819] tcp_listen_portaddr_hash hash table entries: 2048 (order: 3, 32768 bytes, linear)
[    2.645014] TCP established hash table entries: 32768 (order: 6, 262144 bytes, linear)
[    2.653040] TCP bind hash table entries: 32768 (order: 7, 524288 bytes, linear)
[    2.660485] TCP: Hash tables configured (established 32768 bind 32768)
[    2.666659] UDP hash table entries: 2048 (order: 4, 65536 bytes, linear)
[    2.673325] UDP-Lite hash table entries: 2048 (order: 4, 65536 bytes, linear)
[    2.680484] NET: Registered protocol family 1
[    2.684942] RPC: Registered named UNIX socket transport module.
[    2.690563] RPC: Registered udp transport module.
[    2.695227] RPC: Registered tcp transport module.
[    2.699896] RPC: Registered tcp NFSv4.1 backchannel transport module.
[    2.706888] PCI: CLS 0 bytes, default 64
[    2.710594] hw perfevents: no interrupt-affinity property for /pmu, guessing.
[    2.717447] hw perfevents: enabled with armv8_pmuv3 PMU driver, 7 counters available
[    2.725801] Initialise system trusted keyrings
[    2.729480] workingset: timestamp_bits=62 max_order=20 bucket_order=0
[    2.736372] NFS: Registering the id_resolver key type
[    2.740828] Key type id_resolver registered
[    2.744964] Key type id_legacy registered
[    2.748954] nfs4filelayout_init: NFSv4 File Layout Driver Registering...
[    2.755620] jffs2: version 2.2. (NAND) (SUMMARY)  Â© 2001-2006 Red Hat, Inc.
[    2.798969] NET: Registered protocol family 38
[    2.799012] xor: measuring software checksum speed
[    2.806704]    8regs           :  2363 MB/sec
[    2.810373]    32regs          :  2799 MB/sec
[    2.815315]    arm64_neon      :  2380 MB/sec
[    2.815505] xor: using function: 32regs (2799 MB/sec)
[    2.820531] Key type asymmetric registered
[    2.824592] Asymmetric key parser 'x509' registered
[    2.829453] Block layer SCSI generic (bsg) driver version 0.4 loaded (major 248)
[    2.836790] io scheduler mq-deadline registered
[    2.841287] io scheduler kyber registered
[    2.870676] Serial: 8250/16550 driver, 4 ports, IRQ sharing disabled
[    2.875312] cacheinfo: Unable to detect cache hierarchy for CPU 0
[    2.881647] brd: module loaded
[    2.885789] loop: module loaded
[    2.886337] Registered mathworks_ip class
[    2.889690] libphy: Fixed MDIO Bus: probed
[    2.892663] tun: Universal TUN/TAP device driver, 1.6
[    2.896728] CAN device driver interface
[    2.901260] usbcore: registered new interface driver asix
[    2.905860] usbcore: registered new interface driver ax88179_178a
[    2.911892] usbcore: registered new interface driver cdc_ether
[    2.917685] usbcore: registered new interface driver net1080
[    2.923310] usbcore: registered new interface driver cdc_subset
[    2.929191] usbcore: registered new interface driver zaurus
[    2.934734] usbcore: registered new interface driver cdc_ncm
[    2.941135] ehci_hcd: USB 2.0 'Enhanced' Host Controller (EHCI) Driver
[    2.946820] ehci-pci: EHCI PCI platform driver
[    2.951618] usbcore: registered new interface driver uas
[    2.956535] usbcore: registered new interface driver usb-storage
[    2.962524] usbcore: registered new interface driver usbserial_generic
[    2.968975] usbserial: USB Serial support registered for generic
[    2.974947] usbcore: registered new interface driver ftdi_sio
[    2.980651] usbserial: USB Serial support registered for FTDI USB Serial Device
[    2.987927] usbcore: registered new interface driver upd78f0730
[    2.993798] usbserial: USB Serial support registered for upd78f0730
[    3.001449] rtc_zynqmp ffa60000.rtc: registered as rtc0
[    3.005224] rtc_zynqmp ffa60000.rtc: setting system clock to 2022-03-26T01:35:33 UTC (1648258533)
[    3.014086] i2c /dev entries driver
[    3.019392] usbcore: registered new interface driver uvcvideo
[    3.023199] USB Video Class driver (1.1.1)
[    3.028773] Bluetooth: HCI UART driver ver 2.3
[    3.031670] Bluetooth: HCI UART protocol H4 registered
[    3.036785] Bluetooth: HCI UART protocol BCSP registered
[    3.042070] Bluetooth: HCI UART protocol LL registered
[    3.047157] Bluetooth: HCI UART protocol ATH3K registered
[    3.052531] Bluetooth: HCI UART protocol Three-wire (H5) registered
[    3.058787] Bluetooth: HCI UART protocol Intel registered
[    3.064125] Bluetooth: HCI UART protocol QCA registered
[    3.069326] usbcore: registered new interface driver bcm203x
[    3.074947] usbcore: registered new interface driver bpa10x
[    3.080482] usbcore: registered new interface driver bfusb
[    3.085932] usbcore: registered new interface driver btusb
[    3.091396] usbcore: registered new interface driver ath3k
[    3.096879] EDAC MC: ECC not enabled
[    3.100505] EDAC DEVICE0: Giving out device to module zynqmp-ocm-edac controller zynqmp_ocm: DEV ff960000.memory-controller (INTERRUPT)
[    3.112816] sdhci: Secure Digital Host Controller Interface driver
[    3.118607] sdhci: Copyright(c) Pierre Ossman
[    3.122932] sdhci-pltfm: SDHCI platform and OF driver helper
[    3.128986] ledtrig-cpu: registered to indicate activity on CPUs
[    3.134535] SMCCC: SOC_ID: ARCH_SOC_ID not implemented, skipping ....
[    3.140965] zynqmp_firmware_probe Platform Management API v1.1
[    3.146723] zynqmp_firmware_probe Trustzone version v1.0
[    3.186273] zynqmp-pinctrl firmware:zynqmp-firmware:pinctrl: zynqmp pinctrl initialized
[    3.234260] zynqmp-aes firmware:zynqmp-firmware:zynqmp-aes: will run requests pump with realtime priority
[    3.250106] alg: No test for xilinx-keccak-384 (zynqmp-keccak-384)
[    3.250811] alg: No test for xilinx-zynqmp-rsa (zynqmp-rsa)
[    3.256324] usbcore: registered new interface driver usbhid
[    3.261715] usbhid: USB HID core driver
[    3.272959] axi_sysid 85000000.axi-sysid-0: AXI System ID core version (1.01.a) found
[    3.275304] axi_sysid 85000000.axi-sysid-0: [ad9081_fmca_ebz] on [zcu102] git branch <master> git <084d44c9780640ca93fd847b1d9ec70dd65f5c67> clean [2022-03-18 04:17:50] UTC
[    3.290994] fpga_manager fpga0: Xilinx ZynqMP FPGA Manager registered
[    3.297346] usbcore: registered new interface driver snd-usb-audio
[    3.304798] pktgen: Packet Generator for packet performance testing. Version: 2.75
[    3.310979] Initializing XFRM netlink socket
[    3.314836] NET: Registered protocol family 10
[    3.319550] Segment Routing with IPv6
[    3.322934] sit: IPv6, IPv4 and MPLS over IPv4 tunneling driver
[    3.329004] NET: Registered protocol family 17
[    3.333108] NET: Registered protocol family 15
[    3.337603] can: controller area network core
[    3.341857] NET: Registered protocol family 29
[    3.346246] can: raw protocol
[    3.349182] can: broadcast manager protocol
[    3.353337] can: netlink gateway - max_hops=1
[    3.357730] Bluetooth: RFCOMM TTY layer initialized
[    3.362510] Bluetooth: RFCOMM socket layer initialized
[    3.367621] Bluetooth: RFCOMM ver 1.11
[    3.371330] Bluetooth: BNEP (Ethernet Emulation) ver 1.3
[    3.376601] Bluetooth: BNEP filters: protocol multicast
[    3.381795] Bluetooth: BNEP socket layer initialized
[    3.386722] Bluetooth: HIDP (Human Interface Emulation) ver 1.2
[    3.392605] Bluetooth: HIDP socket layer initialized
[    3.397660] 9pnet: Installing 9P2000 support
[    3.401782] NET: Registered protocol family 36
[    3.406199] Key type dns_resolver registered
[    3.410630] registered taskstats version 1
[    3.414495] Loading compiled-in X.509 certificates
[    3.419607] Btrfs loaded, crc32c=crc32c-generic
[    3.432021] ff000000.serial: ttyPS0 at MMIO 0xff000000 (irq = 49, base_baud = 6249999) is a xuartps
[    3.441047] printk: console [ttyPS0] enabled
[    3.445341] printk: bootconsole [cdns0] disabled
[    3.454966] ff010000.serial: ttyPS1 at MMIO 0xff010000 (irq = 50, base_baud = 6249999) is a xuartps
[    3.468219] of-fpga-region fpga-full: FPGA Region probed
[    3.475165] nwl-pcie fd0e0000.pcie: host bridge /axi/pcie@fd0e0000 ranges:
[    3.482063] nwl-pcie fd0e0000.pcie:      MEM 0x00e0000000..0x00efffffff -> 0x00e0000000
[    3.490070] nwl-pcie fd0e0000.pcie:      MEM 0x0600000000..0x07ffffffff -> 0x0600000000
[    3.498134] nwl-pcie fd0e0000.pcie: Link is DOWN
[    3.502892] nwl-pcie fd0e0000.pcie: PCI host bridge to bus 0000:00
[    3.509071] pci_bus 0000:00: root bus resource [bus 00-ff]
[    3.514552] pci_bus 0000:00: root bus resource [mem 0xe0000000-0xefffffff]
[    3.521422] pci_bus 0000:00: root bus resource [mem 0x600000000-0x7ffffffff pref]
[    3.528925] pci 0000:00:00.0: [10ee:d021] type 01 class 0x060400
[    3.534981] pci 0000:00:00.0: PME# supported from D0 D1 D2 D3hot
[    3.545431] pci 0000:00:00.0: PCI bridge to [bus 01-0c]
[    3.551409] xilinx-zynqmp-dma fd500000.dma: ZynqMP DMA driver Probe success
[    3.558588] xilinx-zynqmp-dma fd510000.dma: ZynqMP DMA driver Probe success
[    3.565764] xilinx-zynqmp-dma fd520000.dma: ZynqMP DMA driver Probe success
[    3.572931] xilinx-zynqmp-dma fd530000.dma: ZynqMP DMA driver Probe success
[    3.580097] xilinx-zynqmp-dma fd540000.dma: ZynqMP DMA driver Probe success
[    3.587267] xilinx-zynqmp-dma fd550000.dma: ZynqMP DMA driver Probe success
[    3.594438] xilinx-zynqmp-dma fd560000.dma: ZynqMP DMA driver Probe success
[    3.601607] xilinx-zynqmp-dma fd570000.dma: ZynqMP DMA driver Probe success
[    3.609005] xilinx-zynqmp-dpdma fd4c0000.dma-controller: Xilinx DPDMA engine is probed
[    3.617560] ahci-ceva fd0c0000.ahci: supply ahci not found, using dummy regulator
[    3.625102] ahci-ceva fd0c0000.ahci: supply phy not found, using dummy regulator
[    3.715899] hmc7044 spi2.0: PLL1: Acquisition, CLKIN0 @ 122880000 Hz, PFD: 80 kHz - PLL2: Locked @ 2700.000000 MHz
[    3.726611] jesd204: /axi/spi@ff050000/hmc7044@0,jesd204:1,parent=spi2.0: Using as SYSREF provider
[    3.736196] spi-nor spi0.0: SPI-NOR-UniqueID 100000235394732200270025081115266e
[    3.743500] spi-nor spi0.0: found n25q512a, expected m25p80
[    3.749701] spi-nor spi0.0: trying to lock already unlocked area
[    3.755701] spi-nor spi0.0: n25q512a (131072 Kbytes)
[    3.760680] 4 fixed-partitions partitions found on MTD device spi0.0
[    3.767025] Creating 4 MTD partitions on "spi0.0":
[    3.771811] 0x000000000000-0x000000100000 : "qspi-fsbl-uboot"
[    3.778300] 0x000000100000-0x000000600000 : "qspi-linux"
[    3.784256] 0x000000600000-0x000000620000 : "qspi-device-tree"
[    3.790728] 0x000000620000-0x000000c00000 : "qspi-rootfs"
[    3.799203] macb ff0e0000.ethernet: Not enabling partial store and forward
[    3.806726] libphy: MACB_mii_bus: probed
[    3.811794] macb ff0e0000.ethernet eth0: Cadence GEM rev 0x50070106 at 0xff0e0000 irq 30 (00:0a:35:04:8e:1b)
[    3.822002] xilinx-axipmon ffa00000.perf-monitor: Probed Xilinx APM
[    3.828578] xilinx-axipmon fd0b0000.perf-monitor: Probed Xilinx APM
[    3.835099] xilinx-axipmon fd490000.perf-monitor: Probed Xilinx APM
[    3.841640] xilinx-axipmon ffa10000.perf-monitor: Probed Xilinx APM
[    3.851635] pca953x 0-0020: supply vcc not found, using dummy regulator
[    3.858318] pca953x 0-0020: using no AI
[    3.862804] gpio-496 (sel0): hogged as output/low
[    3.867705] gpio-497 (sel1): hogged as output/high
[    3.872692] gpio-498 (sel2): hogged as output/high
[    3.877680] gpio-499 (sel3): hogged as output/high
[    3.882853] pca953x 0-0021: supply vcc not found, using dummy regulator
[    3.889519] pca953x 0-0021: using no AI
[    3.895274] ina2xx 2-0040: power monitor ina226 (Rshunt = 5000 uOhm)
[    3.902299] ina2xx 2-0041: power monitor ina226 (Rshunt = 5000 uOhm)
[    3.909335] ina2xx 2-0042: power monitor ina226 (Rshunt = 5000 uOhm)
[    3.916369] ina2xx 2-0043: power monitor ina226 (Rshunt = 5000 uOhm)
[    3.923395] ina2xx 2-0044: power monitor ina226 (Rshunt = 5000 uOhm)
[    3.930415] ina2xx 2-0045: power monitor ina226 (Rshunt = 5000 uOhm)
[    3.937447] ina2xx 2-0046: power monitor ina226 (Rshunt = 5000 uOhm)
[    3.944524] ina2xx 2-0047: power monitor ina226 (Rshunt = 5000 uOhm)
[    3.951550] ina2xx 2-004a: power monitor ina226 (Rshunt = 5000 uOhm)
[    3.958588] ina2xx 2-004b: power monitor ina226 (Rshunt = 5000 uOhm)
[    3.965002] i2c i2c-0: Added multiplexed i2c bus 2
[    3.970394] random: fast init done
[    3.973867] ina2xx 3-0040: power monitor ina226 (Rshunt = 2000 uOhm)
[    3.980893] ina2xx 3-0041: power monitor ina226 (Rshunt = 5000 uOhm)
[    3.987921] ina2xx 3-0042: power monitor ina226 (Rshunt = 5000 uOhm)
[    3.994951] ina2xx 3-0043: power monitor ina226 (Rshunt = 5000 uOhm)
[    4.001977] ina2xx 3-0044: power monitor ina226 (Rshunt = 5000 uOhm)
[    4.009005] ina2xx 3-0045: power monitor ina226 (Rshunt = 5000 uOhm)
[    4.016037] ina2xx 3-0046: power monitor ina226 (Rshunt = 5000 uOhm)
[    4.023067] ina2xx 3-0047: power monitor ina226 (Rshunt = 5000 uOhm)
[    4.029467] i2c i2c-0: Added multiplexed i2c bus 3
[    4.085403] i2c i2c-0: Added multiplexed i2c bus 4
[    4.090347] i2c i2c-0: Added multiplexed i2c bus 5
[    4.095135] pca954x 0-0075: registered 4 multiplexed busses for I2C mux pca9544
[    4.102485] cdns-i2c ff020000.i2c: 400 kHz mmio ff020000 irq 32
[    4.110218] at24 6-0054: supply vcc not found, using dummy regulator
[    4.117121] at24 6-0054: 1024 byte 24c08 EEPROM, writable, 1 bytes/write
[    4.123874] i2c i2c-1: Added multiplexed i2c bus 6
[    4.130303] si5341 7-0036: Chip: 5341 Grade: 1 Rev: 1
[    4.167976] i2c i2c-1: Added multiplexed i2c bus 7
[    4.175629] si570 8-005d: registered, current frequency 300000000 Hz
[    4.182028] i2c i2c-1: Added multiplexed i2c bus 8
[    4.201812] si570 9-005d: registered, current frequency 148500000 Hz
[    4.208216] i2c i2c-1: Added multiplexed i2c bus 9
[    4.213255] si5324 10-0069: si5328 probed
[    4.280087] si5324 10-0069: si5328 probe successful
[    4.285018] i2c i2c-1: Added multiplexed i2c bus 10
[    4.290046] i2c i2c-1: Added multiplexed i2c bus 11
[    4.295073] i2c i2c-1: Added multiplexed i2c bus 12
[    4.300093] i2c i2c-1: Added multiplexed i2c bus 13
[    4.304965] pca954x 1-0074: registered 8 multiplexed busses for I2C switch pca9548
[    4.313077] at24 14-0050: supply vcc not found, using dummy regulator
[    4.319871] at24 14-0050: 256 byte 24c02 EEPROM, writable, 1 bytes/write
[    4.326617] i2c i2c-1: Added multiplexed i2c bus 14
[    4.331659] i2c i2c-1: Added multiplexed i2c bus 15
[    4.336691] i2c i2c-1: Added multiplexed i2c bus 16
[    4.341728] i2c i2c-1: Added multiplexed i2c bus 17
[    4.346758] i2c i2c-1: Added multiplexed i2c bus 18
[    4.351805] i2c i2c-1: Added multiplexed i2c bus 19
[    4.356842] i2c i2c-1: Added multiplexed i2c bus 20
[    4.361875] i2c i2c-1: Added multiplexed i2c bus 21
[    4.366749] pca954x 1-0075: registered 8 multiplexed busses for I2C switch pca9548
[    4.374358] cdns-i2c ff030000.i2c: 400 kHz mmio ff030000 irq 33
[    4.384110] cdns-wdt fd4d0000.watchdog: Xilinx Watchdog Timer with timeout 60s
[    4.395051] axi_adxcvr 84a60000.axi-adxcvr-rx: AXI-ADXCVR-RX (17.05.a) using CPLL on GTH4 at 0x84A60000. Number of lanes: 4.
[    4.407225] axi_adxcvr 84b60000.axi-adxcvr-tx: AXI-ADXCVR-TX (17.05.a) using QPLL on GTH4 at 0x84B60000. Number of lanes: 4.
[    4.418846] axi-jesd204-rx 84a90000.axi-jesd204-rx: AXI-JESD204-RX (1.07.a) at 0x84A90000. Encoder 8b10b, width 4/4, lanes 4, jesd204-fsm.
[    4.426133] mmc0: SDHCI controller on ff170000.mmc [ff170000.mmc] using ADMA 64-bit
[    4.431693] axi-jesd204-tx 84b90000.axi-jesd204-tx: AXI-JESD204-TX (1.06.a) at 0x84B90000. Encoder 8b10b, width 4/4, lanes 4, jesd204-fsm.
[    4.452415] zynqmp-display fd4a0000.display: vtc bridge property not present
[    4.462070] xilinx-dp-snd-codec fd4a0000.display:zynqmp_dp_snd_codec0: Failed to get required clock freq
[    4.471571] xilinx-dp-snd-codec: probe of fd4a0000.display:zynqmp_dp_snd_codec0 failed with error -22
[    4.473513] mmc0: new high speed SDHC card at address 0001
[    4.481109] xilinx-dp-snd-pcm zynqmp_dp_snd_pcm0: Xilinx DisplayPort Sound PCM probed
[    4.486625] mmcblk0: mmc0:0001 EB1QT 29.8 GiB 
[    4.494426] xilinx-dp-snd-pcm zynqmp_dp_snd_pcm1: Xilinx DisplayPort Sound PCM probed
[    4.499778]  mmcblk0: p1 p2 p3
[    4.506730] OF: graph: no port node found in /axi/display@fd4a0000
[    4.515795] xlnx-drm xlnx-drm.0: bound fd4a0000.display (ops 0xffffffc010fcbdb8)
[    5.599746] zynqmp-display fd4a0000.display: [drm] Cannot find any crtc or sizes
[    5.607361] [drm] Initialized xlnx 1.0.0 20130509 for fd4a0000.display on minor 0
[    5.614848] zynqmp-display fd4a0000.display: ZynqMP DisplayPort Subsystem driver probed
[    5.623173] ahci-ceva fd0c0000.ahci: supply ahci not found, using dummy regulator
[    5.630720] ahci-ceva fd0c0000.ahci: supply phy not found, using dummy regulator
[    5.638178] ahci-ceva fd0c0000.ahci: supply target not found, using dummy regulator
[    5.656076] ahci-ceva fd0c0000.ahci: AHCI 0001.0301 32 slots 2 ports 6 Gbps 0x3 impl platform mode
[    5.665037] ahci-ceva fd0c0000.ahci: flags: 64bit ncq sntf pm clo only pmp fbs pio slum part ccc sds apst 
[    5.675660] scsi host0: ahci-ceva
[    5.679256] scsi host1: ahci-ceva
[    5.682684] ata1: SATA max UDMA/133 mmio [mem 0xfd0c0000-0xfd0c1fff] port 0x100 irq 45
[    5.690594] ata2: SATA max UDMA/133 mmio [mem 0xfd0c0000-0xfd0c1fff] port 0x180 irq 45
[    5.699194] ad9081 spi1.0: supply vdd not found, using dummy regulator
[    6.009947] ata2: SATA link down (SStatus 0 SControl 330)
[    6.015360] ata1: SATA link down (SStatus 0 SControl 330)
[    6.683749] zynqmp-display fd4a0000.display: [drm] Cannot find any crtc or sizes
[    6.881441] ad9081 spi1.0: Invalid param passed., "ref_clk_hz < 100000000ULL" in adi_ad9081_device_clk_config_set(...), line554 in drivers/iio/adc/ad9081/adi_ad9081_device.c
[    7.567845] ad9081 spi1.0: AD9081 Rev. 2 Grade 10 (API 1.2.2) probed
[    7.575057] xhci-hcd xhci-hcd.1.auto: xHCI Host Controller
[    7.580553] xhci-hcd xhci-hcd.1.auto: new USB bus registered, assigned bus number 1
[    7.588303] xhci-hcd xhci-hcd.1.auto: hcc params 0x0238f625 hci version 0x100 quirks 0x0000000002010810
[    7.597714] xhci-hcd xhci-hcd.1.auto: irq 59, io mem 0xfe200000
[    7.603829] usb usb1: New USB device found, idVendor=1d6b, idProduct=0002, bcdDevice= 5.10
[    7.612088] usb usb1: New USB device strings: Mfr=3, Product=2, SerialNumber=1
[    7.619305] usb usb1: Product: xHCI Host Controller
[    7.624173] usb usb1: Manufacturer: Linux 5.10.0-98103-g2aa7ac113716 xhci-hcd
[    7.631300] usb usb1: SerialNumber: xhci-hcd.1.auto
[    7.636472] hub 1-0:1.0: USB hub found
[    7.640236] hub 1-0:1.0: 1 port detected
[    7.644338] xhci-hcd xhci-hcd.1.auto: xHCI Host Controller
[    7.649821] xhci-hcd xhci-hcd.1.auto: new USB bus registered, assigned bus number 2
[    7.657476] xhci-hcd xhci-hcd.1.auto: Host supports USB 3.0 SuperSpeed
[    7.664098] usb usb2: New USB device found, idVendor=1d6b, idProduct=0003, bcdDevice= 5.10
[    7.672361] usb usb2: New USB device strings: Mfr=3, Product=2, SerialNumber=1
[    7.679579] usb usb2: Product: xHCI Host Controller
[    7.684447] usb usb2: Manufacturer: Linux 5.10.0-98103-g2aa7ac113716 xhci-hcd
[    7.691575] usb usb2: SerialNumber: xhci-hcd.1.auto
[    7.696686] hub 2-0:1.0: USB hub found
[    7.700445] hub 2-0:1.0: 1 port detected
[    7.730493] cf_axi_adc 84a10000.axi-ad9081-rx-hpc: ADI AIM (10.01.b) at 0x84A10000 mapped to 0x(____ptrval____), probed ADC AD9081 as MASTER
[    7.760569] cf_axi_dds 84b10000.axi-ad9081-tx-hpc: Analog Devices CF_AXI_DDS_DDS MASTER (9.01.b) at 0x84B10000 mapped to 0x(____ptrval____), probed DDS AD9081
[    7.774770] jesd204: /axi/spi@ff040000/ad9081@0,jesd204:0,parent=spi1.0: JESD204[2] transition initialized -> probed
[    7.785292] jesd204: /axi/spi@ff040000/ad9081@0,jesd204:0,parent=spi1.0: JESD204[0] transition initialized -> probed
[    7.795815] jesd204: /axi/spi@ff040000/ad9081@0,jesd204:0,parent=spi1.0: JESD204[2] transition probed -> idle
[    7.805722] jesd204: /axi/spi@ff040000/ad9081@0,jesd204:0,parent=spi1.0: JESD204[0] transition probed -> idle
[    7.815639] jesd204: /axi/spi@ff040000/ad9081@0,jesd204:0,parent=spi1.0: JESD204[2] transition idle -> device_init
[    7.825982] jesd204: /axi/spi@ff040000/ad9081@0,jesd204:0,parent=spi1.0: JESD204[0] transition idle -> device_init
[    7.836333] jesd204: /axi/spi@ff040000/ad9081@0,jesd204:0,parent=spi1.0: JESD204[2] transition device_init -> link_init
[    7.847111] jesd204: /axi/spi@ff040000/ad9081@0,jesd204:0,parent=spi1.0: JESD204[0] transition device_init -> link_init
[    7.857902] jesd204: /axi/spi@ff040000/ad9081@0,jesd204:0,parent=spi1.0: JESD204[2] transition link_init -> link_supported
[    7.868939] jesd204: /axi/spi@ff040000/ad9081@0,jesd204:0,parent=spi1.0: JESD204[0] transition link_init -> link_supported
[    7.880352] hmc7044 spi2.0: hmc7044_jesd204_link_pre_setup: Link2 forcing continuous SYSREF mode
[    7.889528] jesd204: /axi/spi@ff040000/ad9081@0,jesd204:0,parent=spi1.0: JESD204[2] transition link_supported -> link_pre_setup
[    7.901005] jesd204: /axi/spi@ff040000/ad9081@0,jesd204:0,parent=spi1.0: JESD204[0] transition link_supported -> link_pre_setup
[    7.924926] jesd204: /axi/spi@ff040000/ad9081@0,jesd204:0,parent=spi1.0: JESD204[2] transition link_pre_setup -> clk_sync_stage1
[    7.936487] jesd204: /axi/spi@ff040000/ad9081@0,jesd204:0,parent=spi1.0: JESD204[0] transition link_pre_setup -> clk_sync_stage1
[    7.948052] jesd204: /axi/spi@ff040000/ad9081@0,jesd204:0,parent=spi1.0: JESD204[2] transition clk_sync_stage1 -> clk_sync_stage2
[    7.959696] jesd204: /axi/spi@ff040000/ad9081@0,jesd204:0,parent=spi1.0: JESD204[0] transition clk_sync_stage1 -> clk_sync_stage2
[    7.971349] jesd204: /axi/spi@ff040000/ad9081@0,jesd204:0,parent=spi1.0: JESD204[2] transition clk_sync_stage2 -> clk_sync_stage3
[    7.982994] jesd204: /axi/spi@ff040000/ad9081@0,jesd204:0,parent=spi1.0: JESD204[0] transition clk_sync_stage2 -> clk_sync_stage3
[    7.996665] jesd204: /axi/spi@ff040000/ad9081@0,jesd204:0,parent=spi1.0: JESD204[2] transition clk_sync_stage3 -> link_setup
[    8.007883] jesd204: /axi/spi@ff040000/ad9081@0,jesd204:0,parent=spi1.0: JESD204[0] transition clk_sync_stage3 -> link_setup
[    8.023876] jesd204: /axi/spi@ff040000/ad9081@0,jesd204:0,parent=spi1.0: JESD204[2] transition link_setup -> opt_setup_stage1
[    8.035180] jesd204: /axi/spi@ff040000/ad9081@0,jesd204:0,parent=spi1.0: JESD204[0] transition link_setup -> opt_setup_stage1
[    8.051510] jesd204: /axi/spi@ff040000/ad9081@0,jesd204:0,parent=spi1.0: JESD204[2] transition opt_setup_stage1 -> opt_setup_stage2
[    8.063330] jesd204: /axi/spi@ff040000/ad9081@0,jesd204:0,parent=spi1.0: JESD204[0] transition opt_setup_stage1 -> opt_setup_stage2
[    8.075306] jesd204: /axi/spi@ff040000/ad9081@0,jesd204:0,parent=spi1.0: JESD204[2] transition opt_setup_stage2 -> opt_setup_stage3
[    8.087130] jesd204: /axi/spi@ff040000/ad9081@0,jesd204:0,parent=spi1.0: JESD204[0] transition opt_setup_stage2 -> opt_setup_stage3
[    8.098954] jesd204: /axi/spi@ff040000/ad9081@0,jesd204:0,parent=spi1.0: JESD204[2] transition opt_setup_stage3 -> opt_setup_stage4
[    8.110772] jesd204: /axi/spi@ff040000/ad9081@0,jesd204:0,parent=spi1.0: JESD204[0] transition opt_setup_stage3 -> opt_setup_stage4
[    8.122601] jesd204: /axi/spi@ff040000/ad9081@0,jesd204:0,parent=spi1.0: JESD204[2] transition opt_setup_stage4 -> opt_setup_stage5
[    8.134426] jesd204: /axi/spi@ff040000/ad9081@0,jesd204:0,parent=spi1.0: JESD204[0] transition opt_setup_stage4 -> opt_setup_stage5
[    8.150351] jesd204: /axi/spi@ff040000/ad9081@0,jesd204:0,parent=spi1.0: JESD204[2] transition opt_setup_stage5 -> clocks_enable
[    8.161916] jesd204: /axi/spi@ff040000/ad9081@0,jesd204:0,parent=spi1.0: JESD204[0] transition opt_setup_stage5 -> clocks_enable
[    8.196735] axi_adxcvr 84a60000.axi-adxcvr-rx: adxcvr_clk_enable: CPLL RX buffer underflow error, status: 0x61
[    8.206719] axi_adxcvr 84a60000.axi-adxcvr-rx: adxcvr_clk_enable: CPLL RX buffer overflow error, status: 0x61
[    8.216691] jesd204: /axi/spi@ff040000/ad9081@0,jesd204:0,parent=spi1.0: JESD204[2] transition clocks_enable -> link_enable
[    8.227815] jesd204: /axi/spi@ff040000/ad9081@0,jesd204:0,parent=spi1.0: JESD204[0] transition clocks_enable -> link_enable
[    8.259967] ad9081 spi1.0: JESD RX (JTX) Link2 in DATA, SYNC deasserted, PLL locked, PHASE established, MODE valid
[    8.270569] ad9081 spi1.0: JESD TX (JRX) Link0 0xF lanes in DATA
[    8.276580] jesd204: /axi/spi@ff040000/ad9081@0,jesd204:0,parent=spi1.0: JESD204[2] transition link_enable -> link_running
[    8.287619] jesd204: /axi/spi@ff040000/ad9081@0,jesd204:0,parent=spi1.0: JESD204[0] transition link_enable -> link_running
[    8.298664] jesd204: /axi/spi@ff040000/ad9081@0,jesd204:0,parent=spi1.0: JESD204[2] transition link_running -> opt_post_running_stage
[    8.310653] jesd204: /axi/spi@ff040000/ad9081@0,jesd204:0,parent=spi1.0: JESD204[0] transition link_running -> opt_post_running_stage
[    8.331868] input: gpio-keys as /devices/platform/gpio-keys/input/input0
[    8.338882] of_cfs_init
[    8.341348] of_cfs_init: OK
[    8.344288] cfg80211: Loading compiled-in X.509 certificates for regulatory database
[    8.482360] cfg80211: Loaded X.509 cert 'sforshee: 00b28ddf47aef9cea7'
[    8.488893] clk: Not disabling unused clocks
[    8.493424] ALSA device list:
[    8.496383]   No soundcards found.
[    8.500044] platform regulatory.0: Direct firmware load for regulatory.db failed with error -2
[    8.508656] cfg80211: failed to load regulatory.db
[    8.523522] EXT4-fs (mmcblk0p2): mounted filesystem with ordered data mode. Opts: (null)
[    8.531642] VFS: Mounted root (ext4 filesystem) on device 179:2.
[    8.545099] devtmpfs: mounted
[    8.548920] Freeing unused kernel memory: 2560K
[    8.559781] Run /sbin/init as init process
[    8.563874]   with arguments:
[    8.563876]     /sbin/init
[    8.563879]   with environment:
[    8.563881]     HOME=/
[    8.563883]     TERM=linux
[    9.130352] systemd[1]: systemd 241 running in system mode. (+PAM +AUDIT +SELINUX +IMA +APPARMOR +SMACK +SYSVINIT +UTMP +LIBCRYPTSETUP +GCRYPT +GNUTLS +ACL +XZ +LZ4 +SECCOMP +BLKID +ELFUTILS +KMOD -IDN2 +IDN -PCRE2 default-hierarchy=hybrid)
[    9.152239] systemd[1]: Detected architecture arm64.
[    9.176450] systemd[1]: Set hostname to <analog>.
[    9.368311] systemd[1]: File /lib/systemd/system/systemd-journald.service:12 configures an IP firewall (IPAddressDeny=any), but the local system does not support BPF/cgroup based firewalling.
[    9.385365] systemd[1]: Proceeding WITHOUT firewalling in effect! (This warning is only shown for the first loaded unit using IP firewalling.)
[    9.548492] systemd[1]: /etc/systemd/system/tof-server.service:1: Assignment outside of section. Ignoring.
[    9.558212] systemd[1]: /etc/systemd/system/tof-server.service:2: Assignment outside of section. Ignoring.
[    9.741238] random: systemd: uninitialized urandom read (16 bytes read)
[    9.755906] random: systemd: uninitialized urandom read (16 bytes read)
[    9.762984] systemd[1]: Listening on Journal Socket (/dev/log).
[    9.783809] random: systemd: uninitialized urandom read (16 bytes read)
[    9.790816] systemd[1]: Created slice User and Session Slice.
[    9.812064] systemd[1]: Listening on fsck to fsckd communication Socket.
[   10.383632] ------------[ cut here ]------------
[   10.383640] Enabling unprepared \xa0\xe9Q\x88\xff\xff\xffpQ\x88\xff\xff\xff
[   10.383687] WARNING: CPU: 1 PID: 131 at drivers/clk/clk.c:1012 clk_core_enable+0xa4/0xc0
[   10.383690] Modules linked in:
[   10.383700] CPU: 1 PID: 131 Comm: kworker/1:1H Not tainted 5.10.0-98103-g2aa7ac113716 #5577
[   10.383703] Hardware name: ZynqMP ZCU102 Rev1.0 (DT)
[   10.383713] Workqueue: kblockd blk_mq_run_work_fn
[   10.383721] pstate: 80000085 (Nzcv daIf -PAN -UAO -TCO BTYPE=--)
[   10.383727] pc : clk_core_enable+0xa4/0xc0
[   10.383732] lr : clk_core_enable+0xa4/0xc0
[   10.383735] sp : ffffffc012b532d0
[   10.383738] x29: ffffffc012b532d0 x28: ffffff8800330c10 
[   10.383745] x27: ffffff8800330d48 x26: 0000005000000101 
[   10.383752] x25: 0000000264f800c8 x24: 0000000000000001 
[   10.383759] x23: ffffff88010e9380 x22: ffffff8801083220 
[   10.383765] x21: ffffff8801517000 x20: ffffff8801517008 
[   10.383772] x19: ffffff8801517008 x18: 0000000000000030 
[   10.383778] x17: 0000000000000004 x16: 0000aa86e4fb5704 
[   10.383784] x15: ffffffffffff8810 x14: ffffffc011d3b1a0 
[   10.383791] x13: ffffffc011d3b1c8 x12: 00000000000005ee 
[   10.383797] x11: 00000000000001fa x10: ffffffc011d671c8 
[   10.383804] x9 : 00000000fffff800 x8 : ffffffc011d3b1c8 
[   10.383811] x7 : ffffffc011d671c8 x6 : 0000000000000001 
[   10.383817] x5 : ffffff887f77c9e0 x4 : 0000000000000000 
[   10.383823] x3 : 0000000000000027 x2 : 0000000000000023 
[   10.383829] x1 : d2809c7c975b9600 x0 : 0000000000000000 
[   10.383836] Call trace:
[   10.383843]  clk_core_enable+0xa4/0xc0
[   10.383848]  clk_enable+0x2c/0x60
[   10.383854]  zynqmp_runtime_resume+0x24/0x84
[   10.383861]  pm_generic_runtime_resume+0x30/0x50
[   10.383867]  __genpd_runtime_resume+0x30/0xb0
[   10.383874]  genpd_runtime_resume+0x90/0x250
[   10.383880]  __rpm_callback+0x10c/0x1e0
[   10.383885]  rpm_callback+0x5c/0x84
[   10.383890]  rpm_resume+0x4a4/0x74c
[   10.383895]  __pm_runtime_resume+0x78/0xc4
[   10.383900]  spi_mem_access_start.isra.0+0x30/0x80
[   10.383904]  spi_mem_exec_op+0x3b0/0x424
[   10.383909]  spi_nor_read_sr+0x78/0xe0
[   10.383915]  spi_nor_wait_till_ready_with_timeout+0xb4/0x2f0
[   10.383919]  spi_nor_read+0x188/0x380
[   10.383925]  mtd_read_oob_std+0x78/0x84
[   10.383929]  mtd_read_oob+0x7c/0x134
[   10.383933]  mtd_read+0x48/0x7c
[   10.383939]  mtdblock_readsect+0x6c/0x150
[   10.383944]  mtd_queue_rq+0x2cc/0x5a0
[   10.383950]  blk_mq_dispatch_rq_list+0x110/0x790
[   10.383956]  __blk_mq_do_dispatch_sched+0x200/0x274
[   10.383962]  __blk_mq_sched_dispatch_requests+0x1a8/0x1fc
[   10.383967]  blk_mq_sched_dispatch_requests+0x3c/0x7c
[   10.383973]  __blk_mq_run_hw_queue+0x98/0x100
[   10.383977]  blk_mq_run_work_fn+0x24/0x30
[   10.383983]  process_one_work+0x1d4/0x380
[   10.383987]  worker_thread+0x78/0x4e0
[   10.383993]  kthread+0x124/0x130
[   10.383999]  ret_from_fork+0x10/0x3c
[   10.384003] ---[ end trace 0d118e18e4515595 ]---
[   10.384041] zynqmp-qspi ff0f0000.spi: Cannot enable APB clock.
[   10.384094] spi_master spi0: Failed to power device: -108
[   10.384105] blk_update_request: I/O error, dev mtdblock0, sector 8 op 0x0:(READ) flags 0x80700 phys_seg 1 prio class 0
[   10.384189] spi_master spi0: Failed to power device: -22
[   10.384196] blk_update_request: I/O error, dev mtdblock0, sector 8 op 0x0:(READ) flags 0x0 phys_seg 8 prio class 0
[   10.384202] Buffer I/O error on dev mtdblock0, logical block 8, async page read
[   10.384211] spi_master spi0: Failed to power device: -22
[   10.384217] blk_update_request: I/O error, dev mtdblock0, sector 9 op 0x0:(READ) flags 0x0 phys_seg 7 prio class 0
[   10.384221] Buffer I/O error on dev mtdblock0, logical block 9, async page read
[   10.384228] spi_master spi0: Failed to power device: -22
[   10.384234] blk_update_request: I/O error, dev mtdblock0, sector 10 op 0x0:(READ) flags 0x0 phys_seg 6 prio class 0
[   10.384238] Buffer I/O error on dev mtdblock0, logical block 10, async page read
[   10.384245] spi_master spi0: Failed to power device: -22
[   10.384251] blk_update_request: I/O error, dev mtdblock0, sector 11 op 0x0:(READ) flags 0x0 phys_seg 5 prio class 0
[   10.384254] Buffer I/O error on dev mtdblock0, logical block 11, async page read
[   10.384261] spi_master spi0: Failed to power device: -22
[   10.384267] blk_update_request: I/O error, dev mtdblock0, sector 12 op 0x0:(READ) flags 0x0 phys_seg 4 prio class 0
[   10.384271] Buffer I/O error on dev mtdblock0, logical block 12, async page read
[   10.384278] spi_master spi0: Failed to power device: -22
[   10.384284] blk_update_request: I/O error, dev mtdblock0, sector 13 op 0x0:(READ) flags 0x0 phys_seg 3 prio class 0
[   10.384287] Buffer I/O error on dev mtdblock0, logical block 13, async page read
[   10.384294] spi_master spi0: Failed to power device: -22
[   10.384300] blk_update_request: I/O error, dev mtdblock0, sector 14 op 0x0:(READ) flags 0x0 phys_seg 2 prio class 0
[   10.384303] Buffer I/O error on dev mtdblock0, logical block 14, async page read
[   10.384310] spi_master spi0: Failed to power device: -22
[   10.384316] blk_update_request: I/O error, dev mtdblock0, sector 15 op 0x0:(READ) flags 0x0 phys_seg 1 prio class 0
[   10.384320] Buffer I/O error on dev mtdblock0, logical block 15, async page read
[   10.384658] spi_master spi0: Failed to power device: -22
[   10.384665] blk_update_request: I/O error, dev mtdblock1, sector 10112 op 0x0:(READ) flags 0x80700 phys_seg 1 prio class 0
[   10.384710] spi_master spi0: Failed to power device: -22
[   10.384716] Buffer I/O error on dev mtdblock1, logical block 10112, async page read
[   10.384723] spi_master spi0: Failed to power device: -22
[   10.384728] Buffer I/O error on dev mtdblock1, logical block 10113, async page read
[   10.384735] spi_master spi0: Failed to power device: -22
[   10.384743] spi_master spi0: Failed to power device: -22
[   10.384751] spi_master spi0: Failed to power device: -22
[   10.384758] spi_master spi0: Failed to power device: -22
[   10.384765] spi_master spi0: Failed to power device: -22
[   10.384772] spi_master spi0: Failed to power device: -22
[   10.385004] spi_master spi0: Failed to power device: -22
[   10.385049] spi_master spi0: Failed to power device: -22
[   10.385058] spi_master spi0: Failed to power device: -22
[   10.385066] spi_master spi0: Failed to power device: -22
[   10.385074] spi_master spi0: Failed to power device: -22
[   10.385081] spi_master spi0: Failed to power device: -22
[   10.385092] spi_master spi0: Failed to power device: -22
[   10.385099] spi_master spi0: Failed to power device: -22
[   10.385107] spi_master spi0: Failed to power device: -22
[   10.385386] spi_master spi0: Failed to power device: -22
[   10.385430] spi_master spi0: Failed to power device: -22
[   10.385439] spi_master spi0: Failed to power device: -22
[   10.385447] spi_master spi0: Failed to power device: -22
[   10.385454] spi_master spi0: Failed to power device: -22
[   10.385462] spi_master spi0: Failed to power device: -22
[   10.385469] spi_master spi0: Failed to power device: -22
[   10.385477] spi_master spi0: Failed to power device: -22
[   10.385484] spi_master spi0: Failed to power device: -22
[   10.509179] EXT4-fs (mmcblk0p2): re-mounted. Opts: (null)
[   10.672483] systemd-journald[159]: Received request to flush runtime journal from PID 1
[   16.557594] macb ff0e0000.ethernet eth0: PHY [ff0e0000.ethernet-ffffffff:0c] driver [TI DP83867] (irq=POLL)
[   16.557607] macb ff0e0000.ethernet eth0: configuring for phy/rgmii-id link mode
[   16.891780] Adding 86012k swap on /var/swap.  Priority:-2 extents:1 across:86012k SS
[   18.563765] random: crng init done
[   18.563776] random: 7 urandom warning(s) missed due to ratelimiting
[   19.442257] broken atomic modeset userspace detected, disabling atomic
[   20.641352] macb ff0e0000.ethernet eth0: Link is Up - 1Gbps/Full - flow control off
[   20.641377] IPv6: ADDRCONF(NETDEV_CHANGE): eth0: link becomes ready
[   22.121988] broken atomic modeset userspace detected, disabling atomic
[   25.031892] broken atomic modeset userspace detected, disabling atomic
[   27.672863] broken atomic modeset userspace detected, disabling atomic