[    0.000000] Booting Linux on physical CPU 0x0000000000 [0x410fd034]
[    0.000000] Linux version 5.10.0-98103-g2aa7ac113716 (jenkins@romlxbuild1.adlk.analog.com) (aarch64-xilinx-linux-gcc.real (GCC) 10.2.0, GNU ld (GNU Binutils) 2.35.0.20200730) #5577 SMP Wed Mar 23 07:28:49 GMT 2022
[    0.000000] Machine model: ZynqMP ZCU102 Rev1.0
[    0.000000] earlycon: cdns0 at MMIO 0x00000000ff000000 (options '115200n8')
[    0.000000] printk: bootconsole [cdns0] enabled
[    0.000000] efi: UEFI not found.
[    0.000000] cma: Reserved 256 MiB at 0x0000000070000000
[    0.000000] Zone ranges:
[    0.000000]   DMA      [mem 0x0000000000000000-0x000000003fffffff]
[    0.000000]   DMA32    [mem 0x0000000040000000-0x00000000ffffffff]
[    0.000000]   Normal   [mem 0x0000000100000000-0x000000087fffffff]
[    0.000000] Movable zone start for each node
[    0.000000] Early memory node ranges
[    0.000000]   node   0: [mem 0x0000000000000000-0x000000007fffffff]
[    0.000000]   node   0: [mem 0x0000000800000000-0x000000087fffffff]
[    0.000000] Initmem setup node 0 [mem 0x0000000000000000-0x000000087fffffff]
[    0.000000] On node 0 totalpages: 1048576
[    0.000000]   DMA zone: 3584 pages used for memmap
[    0.000000]   DMA zone: 0 pages reserved
[    0.000000]   DMA zone: 262144 pages, LIFO batch:63
[    0.000000]   DMA32 zone: 3584 pages used for memmap
[    0.000000]   DMA32 zone: 262144 pages, LIFO batch:63
[    0.000000]   Normal zone: 7168 pages used for memmap
[    0.000000]   Normal zone: 524288 pages, LIFO batch:63
[    0.000000] psci: probing for conduit method from DT.
[    0.000000] psci: PSCIv1.1 detected in firmware.
[    0.000000] psci: Using standard PSCI v0.2 function IDs
[    0.000000] psci: MIGRATE_INFO_TYPE not supported.
[    0.000000] psci: SMC Calling Convention v1.2
[    0.000000] percpu: Embedded 22 pages/cpu s49496 r8192 d32424 u90112
[    0.000000] pcpu-alloc: s49496 r8192 d32424 u90112 alloc=22*4096
[    0.000000] pcpu-alloc: [0] 0 [0] 1 [0] 2 [0] 3 
[    0.000000] Detected VIPT I-cache on CPU0
[    0.000000] CPU features: detected: ARM erratum 845719
[    0.000000] Built 1 zonelists, mobility grouping on.  Total pages: 1034240
[    0.000000] Kernel command line: console=ttyPS0,115200 root=/dev/mmcblk0p2 rw earlycon rootfstype=ext4 rootwait clk_ignore_unused cpuidle.off=1 root=/dev/mmcblk0p2 rw rootwait
[    0.000000] Dentry cache hash table entries: 524288 (order: 10, 4194304 bytes, linear)
[    0.000000] Inode-cache hash table entries: 262144 (order: 9, 2097152 bytes, linear)
[    0.000000] mem auto-init: stack:off, heap alloc:off, heap free:off
[    0.000000] software IO TLB: mapped [mem 0x000000003bfff000-0x000000003ffff000] (64MB)
[    0.000000] Memory: 3761904K/4194304K available (15296K kernel code, 1636K rwdata, 11876K rodata, 2560K init, 507K bss, 170256K reserved, 262144K cma-reserved)
[    0.000000] rcu: Hierarchical RCU implementation.
[    0.000000] rcu: 	RCU event tracing is enabled.
[    0.000000] rcu: 	RCU restricting CPUs from NR_CPUS=8 to nr_cpu_ids=4.
[    0.000000] rcu: RCU calculated value of scheduler-enlistment delay is 25 jiffies.
[    0.000000] rcu: Adjusting geometry for rcu_fanout_leaf=16, nr_cpu_ids=4
[    0.000000] NR_IRQS: 64, nr_irqs: 64, preallocated irqs: 0
[    0.000000] GIC: Adjusting CPU interface base to 0x00000000f902f000
[    0.000000] GIC: Using split EOI/Deactivate mode
[    0.000000] random: get_random_bytes called from start_kernel+0x31c/0x54c with crng_init=0
[    0.000000] arch_timer: cp15 timer(s) running at 100.00MHz (phys).
[    0.000000] clocksource: arch_sys_counter: mask: 0xffffffffffffff max_cycles: 0x171024e7e0, max_idle_ns: 440795205315 ns
[    0.000003] sched_clock: 56 bits at 100MHz, resolution 10ns, wraps every 4398046511100ns
[    0.008463] Console: colour dummy device 80x25
[    0.012483] Calibrating delay loop (skipped), value calculated using timer frequency.. 200.00 BogoMIPS (lpj=400000)
[    0.022840] pid_max: default: 32768 minimum: 301
[    0.027550] Mount-cache hash table entries: 8192 (order: 4, 65536 bytes, linear)
[    0.034788] Mountpoint-cache hash table entries: 8192 (order: 4, 65536 bytes, linear)
[    0.043398] rcu: Hierarchical SRCU implementation.
[    0.047559] EFI services will not be available.
[    0.051938] smp: Bringing up secondary CPUs ...
[    0.056657] Detected VIPT I-cache on CPU1
[    0.056696] CPU1: Booted secondary processor 0x0000000001 [0x410fd034]
[    0.057061] Detected VIPT I-cache on CPU2
[    0.057085] CPU2: Booted secondary processor 0x0000000002 [0x410fd034]
[    0.057425] Detected VIPT I-cache on CPU3
[    0.057448] CPU3: Booted secondary processor 0x0000000003 [0x410fd034]
[    0.057494] smp: Brought up 1 node, 4 CPUs
[    0.091780] SMP: Total of 4 processors activated.
[    0.096452] CPU features: detected: 32-bit EL0 Support
[    0.101556] CPU features: detected: CRC32 instructions
[    0.106696] CPU: All CPU(s) started at EL2
[    0.110736] alternatives: patching kernel code
[    0.116168] devtmpfs: initialized
[    0.124061] Registered cp15_barrier emulation handler
[    0.124111] Registered setend emulation handler
[    0.128093] clocksource: jiffies: mask: 0xffffffff max_cycles: 0xffffffff, max_idle_ns: 7645041785100000 ns
[    0.137670] futex hash table entries: 1024 (order: 4, 65536 bytes, linear)
[    0.151036] pinctrl core: initialized pinctrl subsystem
[    0.151683] NET: Registered protocol family 16
[    0.156103] DMA: preallocated 512 KiB GFP_KERNEL pool for atomic allocations
[    0.162116] DMA: preallocated 512 KiB GFP_KERNEL|GFP_DMA pool for atomic allocations
[    0.169842] DMA: preallocated 512 KiB GFP_KERNEL|GFP_DMA32 pool for atomic allocations
[    0.177645] audit: initializing netlink subsys (disabled)
[    0.183097] audit: type=2000 audit(0.116:1): state=initialized audit_enabled=0 res=1
[    0.183439] hw-breakpoint: found 6 breakpoint and 4 watchpoint registers.
[    0.197472] ASID allocator initialised with 65536 entries
[    0.224356] HugeTLB registered 1.00 GiB page size, pre-allocated 0 pages
[    0.225412] HugeTLB registered 32.0 MiB page size, pre-allocated 0 pages
[    0.232083] HugeTLB registered 2.00 MiB page size, pre-allocated 0 pages
[    0.238746] HugeTLB registered 64.0 KiB page size, pre-allocated 0 pages
[    1.304314] DRBG: Continuing without Jitter RNG
[    1.382139] raid6: neonx8   gen()  2143 MB/s
[    1.450182] raid6: neonx8   xor()  1600 MB/s
[    1.518249] raid6: neonx4   gen()  2197 MB/s
[    1.586293] raid6: neonx4   xor()  1567 MB/s
[    1.654356] raid6: neonx2   gen()  2074 MB/s
[    1.722404] raid6: neonx2   xor()  1438 MB/s
[    1.790472] raid6: neonx1   gen()  1772 MB/s
[    1.858528] raid6: neonx1   xor()  1220 MB/s
[    1.926575] raid6: int64x8  gen()  1438 MB/s
[    1.994632] raid6: int64x8  xor()   771 MB/s
[    2.062696] raid6: int64x4  gen()  1599 MB/s
[    2.130755] raid6: int64x4  xor()   817 MB/s
[    2.198825] raid6: int64x2  gen()  1397 MB/s
[    2.266869] raid6: int64x2  xor()   750 MB/s
[    2.334940] raid6: int64x1  gen()  1033 MB/s
[    2.403006] raid6: int64x1  xor()   517 MB/s
[    2.403045] raid6: using algorithm neonx4 gen() 2197 MB/s
[    2.406995] raid6: .... xor() 1567 MB/s, rmw enabled
[    2.411926] raid6: using neon recovery algorithm
[    2.416938] iommu: Default domain type: Translated 
[    2.421550] SCSI subsystem initialized
[    2.425095] libata version 3.00 loaded.
[    2.425219] usbcore: registered new interface driver usbfs
[    2.430553] usbcore: registered new interface driver hub
[    2.435825] usbcore: registered new device driver usb
[    2.440958] mc: Linux media interface: v0.10
[    2.445075] videodev: Linux video capture interface: v2.00
[    2.450565] EDAC MC: Ver: 3.0.0
[    2.454010] zynqmp-ipi-mbox mailbox@ff990400: Registered ZynqMP IPI mbox with TX/RX channels.
[    2.462514] jesd204: created con: id=0, topo=0, link=0, /axi/spi@ff050000/hmc7044@0 <-> /fpga-axi@0/axi-adxcvr-tx@84b60000
[    2.473095] jesd204: created con: id=1, topo=0, link=2, /axi/spi@ff050000/hmc7044@0 <-> /fpga-axi@0/axi-adxcvr-rx@84a60000
[    2.484079] jesd204: created con: id=2, topo=0, link=0, /fpga-axi@0/axi-adxcvr-tx@84b60000 <-> /fpga-axi@0/axi-jesd204-tx@84b90000
[    2.495754] jesd204: created con: id=3, topo=0, link=2, /fpga-axi@0/axi-adxcvr-rx@84a60000 <-> /fpga-axi@0/axi-jesd204-rx@84a90000
[    2.507432] jesd204: created con: id=4, topo=0, link=0, /fpga-axi@0/axi-jesd204-tx@84b90000 <-> /fpga-axi@0/axi-ad9081-tx-hpc@84b10000
[    2.519459] jesd204: created con: id=5, topo=0, link=2, /fpga-axi@0/axi-jesd204-rx@84a90000 <-> /fpga-axi@0/axi-ad9081-rx-hpc@84a10000
[    2.531482] jesd204: created con: id=6, topo=0, link=2, /fpga-axi@0/axi-ad9081-rx-hpc@84a10000 <-> /axi/spi@ff040000/ad9081@0
[    2.542723] jesd204: created con: id=7, topo=0, link=0, /fpga-axi@0/axi-ad9081-tx-hpc@84b10000 <-> /axi/spi@ff040000/ad9081@0
[    2.553973] jesd204: /axi/spi@ff040000/ad9081@0: JESD204[2] transition uninitialized -> initialized
[    2.562960] jesd204: /axi/spi@ff040000/ad9081@0: JESD204[0] transition uninitialized -> initialized
[    2.571951] jesd204: found 8 devices and 1 topologies
[    2.576995] FPGA manager framework
[    2.580474] Advanced Linux Sound Architecture Driver Initialized.
[    2.586768] Bluetooth: Core ver 2.22
[    2.589954] NET: Registered protocol family 31
[    2.594355] Bluetooth: HCI device and connection manager initialized
[    2.600672] Bluetooth: HCI socket layer initialized
[    2.605514] Bluetooth: L2CAP socket layer initialized
[    2.610538] Bluetooth: SCO socket layer initialized
[    2.615724] clocksource: Switched to clocksource arch_sys_counter
[    2.621530] VFS: Disk quotas dquot_6.6.0
[    2.625365] VFS: Dquot-cache hash table entries: 512 (order 0, 4096 bytes)
[    2.636084] NET: Registered protocol family 2
[    2.636810] tcp_listen_portaddr_hash hash table entries: 2048 (order: 3, 32768 bytes, linear)
[    2.645005] TCP established hash table entries: 32768 (order: 6, 262144 bytes, linear)
[    2.653030] TCP bind hash table entries: 32768 (order: 7, 524288 bytes, linear)
[    2.660475] TCP: Hash tables configured (established 32768 bind 32768)
[    2.666649] UDP hash table entries: 2048 (order: 4, 65536 bytes, linear)
[    2.673316] UDP-Lite hash table entries: 2048 (order: 4, 65536 bytes, linear)
[    2.680476] NET: Registered protocol family 1
[    2.684931] RPC: Registered named UNIX socket transport module.
[    2.690553] RPC: Registered udp transport module.
[    2.695217] RPC: Registered tcp transport module.
[    2.699887] RPC: Registered tcp NFSv4.1 backchannel transport module.
[    2.706881] PCI: CLS 0 bytes, default 64
[    2.710586] hw perfevents: no interrupt-affinity property for /pmu, guessing.
[    2.717439] hw perfevents: enabled with armv8_pmuv3 PMU driver, 7 counters available
[    2.725792] Initialise system trusted keyrings
[    2.729466] workingset: timestamp_bits=62 max_order=20 bucket_order=0
[    2.736366] NFS: Registering the id_resolver key type
[    2.740819] Key type id_resolver registered
[    2.744955] Key type id_legacy registered
[    2.748945] nfs4filelayout_init: NFSv4 File Layout Driver Registering...
[    2.755611] jffs2: version 2.2. (NAND) (SUMMARY)  Â© 2001-2006 Red Hat, Inc.
[    2.798940] NET: Registered protocol family 38
[    2.798982] xor: measuring software checksum speed
[    2.806669]    8regs           :  2363 MB/sec
[    2.810337]    32regs          :  2799 MB/sec
[    2.815280]    arm64_neon      :  2380 MB/sec
[    2.815470] xor: using function: 32regs (2799 MB/sec)
[    2.820496] Key type asymmetric registered
[    2.824557] Asymmetric key parser 'x509' registered
[    2.829418] Block layer SCSI generic (bsg) driver version 0.4 loaded (major 248)
[    2.836755] io scheduler mq-deadline registered
[    2.841251] io scheduler kyber registered
[    2.870661] Serial: 8250/16550 driver, 4 ports, IRQ sharing disabled
[    2.875296] cacheinfo: Unable to detect cache hierarchy for CPU 0
[    2.881635] brd: module loaded
[    2.885780] loop: module loaded
[    2.886325] Registered mathworks_ip class
[    2.889671] libphy: Fixed MDIO Bus: probed
[    2.892642] tun: Universal TUN/TAP device driver, 1.6
[    2.896709] CAN device driver interface
[    2.901244] usbcore: registered new interface driver asix
[    2.905842] usbcore: registered new interface driver ax88179_178a
[    2.911875] usbcore: registered new interface driver cdc_ether
[    2.917667] usbcore: registered new interface driver net1080
[    2.923293] usbcore: registered new interface driver cdc_subset
[    2.929173] usbcore: registered new interface driver zaurus
[    2.934716] usbcore: registered new interface driver cdc_ncm
[    2.941118] ehci_hcd: USB 2.0 'Enhanced' Host Controller (EHCI) Driver
[    2.946802] ehci-pci: EHCI PCI platform driver
[    2.951598] usbcore: registered new interface driver uas
[    2.956518] usbcore: registered new interface driver usb-storage
[    2.962504] usbcore: registered new interface driver usbserial_generic
[    2.968957] usbserial: USB Serial support registered for generic
[    2.974930] usbcore: registered new interface driver ftdi_sio
[    2.980633] usbserial: USB Serial support registered for FTDI USB Serial Device
[    2.987909] usbcore: registered new interface driver upd78f0730
[    2.993780] usbserial: USB Serial support registered for upd78f0730
[    3.001436] rtc_zynqmp ffa60000.rtc: registered as rtc0
[    3.005206] rtc_zynqmp ffa60000.rtc: setting system clock to 2022-03-26T02:55:45 UTC (1648263345)
[    3.014068] i2c /dev entries driver
[    3.019374] usbcore: registered new interface driver uvcvideo
[    3.023181] USB Video Class driver (1.1.1)
[    3.028760] Bluetooth: HCI UART driver ver 2.3
[    3.031652] Bluetooth: HCI UART protocol H4 registered
[    3.036766] Bluetooth: HCI UART protocol BCSP registered
[    3.042052] Bluetooth: HCI UART protocol LL registered
[    3.047140] Bluetooth: HCI UART protocol ATH3K registered
[    3.052514] Bluetooth: HCI UART protocol Three-wire (H5) registered
[    3.058769] Bluetooth: HCI UART protocol Intel registered
[    3.064107] Bluetooth: HCI UART protocol QCA registered
[    3.069308] usbcore: registered new interface driver bcm203x
[    3.074929] usbcore: registered new interface driver bpa10x
[    3.080465] usbcore: registered new interface driver bfusb
[    3.085915] usbcore: registered new interface driver btusb
[    3.091378] usbcore: registered new interface driver ath3k
[    3.096861] EDAC MC: ECC not enabled
[    3.100487] EDAC DEVICE0: Giving out device to module zynqmp-ocm-edac controller zynqmp_ocm: DEV ff960000.memory-controller (INTERRUPT)
[    3.112800] sdhci: Secure Digital Host Controller Interface driver
[    3.118589] sdhci: Copyright(c) Pierre Ossman
[    3.122914] sdhci-pltfm: SDHCI platform and OF driver helper
[    3.128965] ledtrig-cpu: registered to indicate activity on CPUs
[    3.134518] SMCCC: SOC_ID: ARCH_SOC_ID not implemented, skipping ....
[    3.140948] zynqmp_firmware_probe Platform Management API v1.1
[    3.146705] zynqmp_firmware_probe Trustzone version v1.0
[    3.186250] zynqmp-pinctrl firmware:zynqmp-firmware:pinctrl: zynqmp pinctrl initialized
[    3.234245] zynqmp-aes firmware:zynqmp-firmware:zynqmp-aes: will run requests pump with realtime priority
[    3.250068] alg: No test for xilinx-keccak-384 (zynqmp-keccak-384)
[    3.250778] alg: No test for xilinx-zynqmp-rsa (zynqmp-rsa)
[    3.256291] usbcore: registered new interface driver usbhid
[    3.261680] usbhid: USB HID core driver
[    3.272928] axi_sysid 85000000.axi-sysid-0: AXI System ID core version (1.01.a) found
[    3.275278] axi_sysid 85000000.axi-sysid-0: [ad9081_fmca_ebz] on [zcu102] git branch <master> git <084d44c9780640ca93fd847b1d9ec70dd65f5c67> clean [2022-03-18 04:17:50] UTC
[    3.290968] fpga_manager fpga0: Xilinx ZynqMP FPGA Manager registered
[    3.297322] usbcore: registered new interface driver snd-usb-audio
[    3.304773] pktgen: Packet Generator for packet performance testing. Version: 2.75
[    3.310951] Initializing XFRM netlink socket
[    3.314809] NET: Registered protocol family 10
[    3.319525] Segment Routing with IPv6
[    3.322909] sit: IPv6, IPv4 and MPLS over IPv4 tunneling driver
[    3.328978] NET: Registered protocol family 17
[    3.333082] NET: Registered protocol family 15
[    3.337578] can: controller area network core
[    3.341831] NET: Registered protocol family 29
[    3.346219] can: raw protocol
[    3.349156] can: broadcast manager protocol
[    3.353311] can: netlink gateway - max_hops=1
[    3.357705] Bluetooth: RFCOMM TTY layer initialized
[    3.362484] Bluetooth: RFCOMM socket layer initialized
[    3.367591] Bluetooth: RFCOMM ver 1.11
[    3.371303] Bluetooth: BNEP (Ethernet Emulation) ver 1.3
[    3.376574] Bluetooth: BNEP filters: protocol multicast
[    3.381768] Bluetooth: BNEP socket layer initialized
[    3.386695] Bluetooth: HIDP (Human Interface Emulation) ver 1.2
[    3.392579] Bluetooth: HIDP socket layer initialized
[    3.397634] 9pnet: Installing 9P2000 support
[    3.401756] NET: Registered protocol family 36
[    3.406174] Key type dns_resolver registered
[    3.410603] registered taskstats version 1
[    3.414469] Loading compiled-in X.509 certificates
[    3.419583] Btrfs loaded, crc32c=crc32c-generic
[    3.431985] ff000000.serial: ttyPS0 at MMIO 0xff000000 (irq = 49, base_baud = 6249999) is a xuartps
[    3.441004] printk: console [ttyPS0] enabled
[    3.445298] printk: bootconsole [cdns0] disabled
[    3.454929] ff010000.serial: ttyPS1 at MMIO 0xff010000 (irq = 50, base_baud = 6249999) is a xuartps
[    3.468175] of-fpga-region fpga-full: FPGA Region probed
[    3.475126] nwl-pcie fd0e0000.pcie: host bridge /axi/pcie@fd0e0000 ranges:
[    3.482019] nwl-pcie fd0e0000.pcie:      MEM 0x00e0000000..0x00efffffff -> 0x00e0000000
[    3.490021] nwl-pcie fd0e0000.pcie:      MEM 0x0600000000..0x07ffffffff -> 0x0600000000
[    3.498083] nwl-pcie fd0e0000.pcie: Link is DOWN
[    3.502839] nwl-pcie fd0e0000.pcie: PCI host bridge to bus 0000:00
[    3.509020] pci_bus 0000:00: root bus resource [bus 00-ff]
[    3.514500] pci_bus 0000:00: root bus resource [mem 0xe0000000-0xefffffff]
[    3.521370] pci_bus 0000:00: root bus resource [mem 0x600000000-0x7ffffffff pref]
[    3.528873] pci 0000:00:00.0: [10ee:d021] type 01 class 0x060400
[    3.534931] pci 0000:00:00.0: PME# supported from D0 D1 D2 D3hot
[    3.545379] pci 0000:00:00.0: PCI bridge to [bus 01-0c]
[    3.551357] xilinx-zynqmp-dma fd500000.dma: ZynqMP DMA driver Probe success
[    3.558535] xilinx-zynqmp-dma fd510000.dma: ZynqMP DMA driver Probe success
[    3.565719] xilinx-zynqmp-dma fd520000.dma: ZynqMP DMA driver Probe success
[    3.572888] xilinx-zynqmp-dma fd530000.dma: ZynqMP DMA driver Probe success
[    3.580055] xilinx-zynqmp-dma fd540000.dma: ZynqMP DMA driver Probe success
[    3.587224] xilinx-zynqmp-dma fd550000.dma: ZynqMP DMA driver Probe success
[    3.594395] xilinx-zynqmp-dma fd560000.dma: ZynqMP DMA driver Probe success
[    3.601564] xilinx-zynqmp-dma fd570000.dma: ZynqMP DMA driver Probe success
[    3.608960] xilinx-zynqmp-dpdma fd4c0000.dma-controller: Xilinx DPDMA engine is probed
[    3.617510] ahci-ceva fd0c0000.ahci: supply ahci not found, using dummy regulator
[    3.625050] ahci-ceva fd0c0000.ahci: supply phy not found, using dummy regulator
[    3.715894] hmc7044 spi2.0: PLL1: Acquisition, CLKIN0 @ 122880000 Hz, PFD: 80 kHz - PLL2: Locked @ 2912.000000 MHz
[    3.726610] jesd204: /axi/spi@ff050000/hmc7044@0,jesd204:1,parent=spi2.0: Using as SYSREF provider
[    3.736194] spi-nor spi0.0: SPI-NOR-UniqueID 100000235394732200270025081115266e
[    3.743500] spi-nor spi0.0: found n25q512a, expected m25p80
[    3.749708] spi-nor spi0.0: trying to lock already unlocked area
[    3.755716] spi-nor spi0.0: n25q512a (131072 Kbytes)
[    3.760694] 4 fixed-partitions partitions found on MTD device spi0.0
[    3.767042] Creating 4 MTD partitions on "spi0.0":
[    3.771828] 0x000000000000-0x000000100000 : "qspi-fsbl-uboot"
[    3.778316] 0x000000100000-0x000000600000 : "qspi-linux"
[    3.784275] 0x000000600000-0x000000620000 : "qspi-device-tree"
[    3.790745] 0x000000620000-0x000000c00000 : "qspi-rootfs"
[    3.799214] macb ff0e0000.ethernet: Not enabling partial store and forward
[    3.806746] libphy: MACB_mii_bus: probed
[    3.811791] macb ff0e0000.ethernet eth0: Cadence GEM rev 0x50070106 at 0xff0e0000 irq 30 (00:0a:35:04:8e:1b)
[    3.822004] xilinx-axipmon ffa00000.perf-monitor: Probed Xilinx APM
[    3.828578] xilinx-axipmon fd0b0000.perf-monitor: Probed Xilinx APM
[    3.835099] xilinx-axipmon fd490000.perf-monitor: Probed Xilinx APM
[    3.841644] xilinx-axipmon ffa10000.perf-monitor: Probed Xilinx APM
[    3.851634] pca953x 0-0020: supply vcc not found, using dummy regulator
[    3.858318] pca953x 0-0020: using no AI
[    3.862808] gpio-496 (sel0): hogged as output/low
[    3.867706] gpio-497 (sel1): hogged as output/high
[    3.872691] gpio-498 (sel2): hogged as output/high
[    3.877681] gpio-499 (sel3): hogged as output/high
[    3.882856] pca953x 0-0021: supply vcc not found, using dummy regulator
[    3.889530] pca953x 0-0021: using no AI
[    3.895301] ina2xx 2-0040: power monitor ina226 (Rshunt = 5000 uOhm)
[    3.902326] ina2xx 2-0041: power monitor ina226 (Rshunt = 5000 uOhm)
[    3.909364] ina2xx 2-0042: power monitor ina226 (Rshunt = 5000 uOhm)
[    3.916400] ina2xx 2-0043: power monitor ina226 (Rshunt = 5000 uOhm)
[    3.923421] ina2xx 2-0044: power monitor ina226 (Rshunt = 5000 uOhm)
[    3.930445] ina2xx 2-0045: power monitor ina226 (Rshunt = 5000 uOhm)
[    3.937475] ina2xx 2-0046: power monitor ina226 (Rshunt = 5000 uOhm)
[    3.944551] ina2xx 2-0047: power monitor ina226 (Rshunt = 5000 uOhm)
[    3.951575] ina2xx 2-004a: power monitor ina226 (Rshunt = 5000 uOhm)
[    3.958616] ina2xx 2-004b: power monitor ina226 (Rshunt = 5000 uOhm)
[    3.965027] i2c i2c-0: Added multiplexed i2c bus 2
[    3.970411] random: fast init done
[    3.973884] ina2xx 3-0040: power monitor ina226 (Rshunt = 2000 uOhm)
[    3.980910] ina2xx 3-0041: power monitor ina226 (Rshunt = 5000 uOhm)
[    3.987937] ina2xx 3-0042: power monitor ina226 (Rshunt = 5000 uOhm)
[    3.994968] ina2xx 3-0043: power monitor ina226 (Rshunt = 5000 uOhm)
[    4.001994] ina2xx 3-0044: power monitor ina226 (Rshunt = 5000 uOhm)
[    4.009022] ina2xx 3-0045: power monitor ina226 (Rshunt = 5000 uOhm)
[    4.016057] ina2xx 3-0046: power monitor ina226 (Rshunt = 5000 uOhm)
[    4.023084] ina2xx 3-0047: power monitor ina226 (Rshunt = 5000 uOhm)
[    4.029485] i2c i2c-0: Added multiplexed i2c bus 3
[    4.085333] i2c i2c-0: Added multiplexed i2c bus 4
[    4.090278] i2c i2c-0: Added multiplexed i2c bus 5
[    4.095066] pca954x 0-0075: registered 4 multiplexed busses for I2C mux pca9544
[    4.102416] cdns-i2c ff020000.i2c: 400 kHz mmio ff020000 irq 32
[    4.110144] at24 6-0054: supply vcc not found, using dummy regulator
[    4.117043] at24 6-0054: 1024 byte 24c08 EEPROM, writable, 1 bytes/write
[    4.123796] i2c i2c-1: Added multiplexed i2c bus 6
[    4.130225] si5341 7-0036: Chip: 5341 Grade: 1 Rev: 1
[    4.167953] i2c i2c-1: Added multiplexed i2c bus 7
[    4.175606] si570 8-005d: registered, current frequency 300000000 Hz
[    4.182011] i2c i2c-1: Added multiplexed i2c bus 8
[    4.201785] si570 9-005d: registered, current frequency 148500000 Hz
[    4.208190] i2c i2c-1: Added multiplexed i2c bus 9
[    4.213228] si5324 10-0069: si5328 probed
[    4.280089] si5324 10-0069: si5328 probe successful
[    4.285020] i2c i2c-1: Added multiplexed i2c bus 10
[    4.290047] i2c i2c-1: Added multiplexed i2c bus 11
[    4.295073] i2c i2c-1: Added multiplexed i2c bus 12
[    4.300093] i2c i2c-1: Added multiplexed i2c bus 13
[    4.304965] pca954x 1-0074: registered 8 multiplexed busses for I2C switch pca9548
[    4.313076] at24 14-0050: supply vcc not found, using dummy regulator
[    4.319861] at24 14-0050: 256 byte 24c02 EEPROM, writable, 1 bytes/write
[    4.326609] i2c i2c-1: Added multiplexed i2c bus 14
[    4.331649] i2c i2c-1: Added multiplexed i2c bus 15
[    4.336681] i2c i2c-1: Added multiplexed i2c bus 16
[    4.341719] i2c i2c-1: Added multiplexed i2c bus 17
[    4.346750] i2c i2c-1: Added multiplexed i2c bus 18
[    4.351797] i2c i2c-1: Added multiplexed i2c bus 19
[    4.356833] i2c i2c-1: Added multiplexed i2c bus 20
[    4.361866] i2c i2c-1: Added multiplexed i2c bus 21
[    4.366740] pca954x 1-0075: registered 8 multiplexed busses for I2C switch pca9548
[    4.374350] cdns-i2c ff030000.i2c: 400 kHz mmio ff030000 irq 33
[    4.384101] cdns-wdt fd4d0000.watchdog: Xilinx Watchdog Timer with timeout 60s
[    4.395049] axi_adxcvr 84a60000.axi-adxcvr-rx: AXI-ADXCVR-RX (17.05.a) using CPLL on GTH4 at 0x84A60000. Number of lanes: 4.
[    4.407220] axi_adxcvr 84b60000.axi-adxcvr-tx: AXI-ADXCVR-TX (17.05.a) using QPLL on GTH4 at 0x84B60000. Number of lanes: 4.
[    4.418836] axi-jesd204-rx 84a90000.axi-jesd204-rx: AXI-JESD204-RX (1.07.a) at 0x84A90000. Encoder 8b10b, width 4/4, lanes 4, jesd204-fsm.
[    4.426137] mmc0: SDHCI controller on ff170000.mmc [ff170000.mmc] using ADMA 64-bit
[    4.431683] axi-jesd204-tx 84b90000.axi-jesd204-tx: AXI-JESD204-TX (1.06.a) at 0x84B90000. Encoder 8b10b, width 4/4, lanes 4, jesd204-fsm.
[    4.452411] zynqmp-display fd4a0000.display: vtc bridge property not present
[    4.462070] xilinx-dp-snd-codec fd4a0000.display:zynqmp_dp_snd_codec0: Failed to get required clock freq
[    4.471570] xilinx-dp-snd-codec: probe of fd4a0000.display:zynqmp_dp_snd_codec0 failed with error -22
[    4.473508] mmc0: new high speed SDHC card at address 0001
[    4.481107] xilinx-dp-snd-pcm zynqmp_dp_snd_pcm0: Xilinx DisplayPort Sound PCM probed
[    4.486622] mmcblk0: mmc0:0001 EB1QT 29.8 GiB 
[    4.494425] xilinx-dp-snd-pcm zynqmp_dp_snd_pcm1: Xilinx DisplayPort Sound PCM probed
[    4.499776]  mmcblk0: p1 p2 p3
[    4.506729] OF: graph: no port node found in /axi/display@fd4a0000
[    4.515803] xlnx-drm xlnx-drm.0: bound fd4a0000.display (ops 0xffffffc010fcbdb8)
[    5.599740] zynqmp-display fd4a0000.display: [drm] Cannot find any crtc or sizes
[    5.607348] [drm] Initialized xlnx 1.0.0 20130509 for fd4a0000.display on minor 0
[    5.614841] zynqmp-display fd4a0000.display: ZynqMP DisplayPort Subsystem driver probed
[    5.623164] ahci-ceva fd0c0000.ahci: supply ahci not found, using dummy regulator
[    5.630710] ahci-ceva fd0c0000.ahci: supply phy not found, using dummy regulator
[    5.638161] ahci-ceva fd0c0000.ahci: supply target not found, using dummy regulator
[    5.645999] ahci-ceva fd0c0000.ahci: AHCI 0001.0301 32 slots 2 ports 6 Gbps 0x3 impl platform mode
[    5.654955] ahci-ceva fd0c0000.ahci: flags: 64bit ncq sntf pm clo only pmp fbs pio slum part ccc sds apst 
[    5.665651] scsi host0: ahci-ceva
[    5.669255] scsi host1: ahci-ceva
[    5.672682] ata1: SATA max UDMA/133 mmio [mem 0xfd0c0000-0xfd0c1fff] port 0x100 irq 45
[    5.680595] ata2: SATA max UDMA/133 mmio [mem 0xfd0c0000-0xfd0c1fff] port 0x180 irq 45
[    5.689193] ad9081 spi1.0: supply vdd not found, using dummy regulator
[    6.001975] ata1: SATA link down (SStatus 0 SControl 330)
[    6.007394] ata2: SATA link down (SStatus 0 SControl 330)
[    6.683743] zynqmp-display fd4a0000.display: [drm] Cannot find any crtc or sizes
[    7.521925] ad9081 spi1.0: AD9081 Rev. 2 Grade 10 (API 1.2.2) probed
[    7.529137] xhci-hcd xhci-hcd.1.auto: xHCI Host Controller
[    7.534628] xhci-hcd xhci-hcd.1.auto: new USB bus registered, assigned bus number 1
[    7.542379] xhci-hcd xhci-hcd.1.auto: hcc params 0x0238f625 hci version 0x100 quirks 0x0000000002010810
[    7.551799] xhci-hcd xhci-hcd.1.auto: irq 59, io mem 0xfe200000
[    7.557911] usb usb1: New USB device found, idVendor=1d6b, idProduct=0002, bcdDevice= 5.10
[    7.566170] usb usb1: New USB device strings: Mfr=3, Product=2, SerialNumber=1
[    7.573388] usb usb1: Product: xHCI Host Controller
[    7.578258] usb usb1: Manufacturer: Linux 5.10.0-98103-g2aa7ac113716 xhci-hcd
[    7.585383] usb usb1: SerialNumber: xhci-hcd.1.auto
[    7.590549] hub 1-0:1.0: USB hub found
[    7.594311] hub 1-0:1.0: 1 port detected
[    7.598416] xhci-hcd xhci-hcd.1.auto: xHCI Host Controller
[    7.603906] xhci-hcd xhci-hcd.1.auto: new USB bus registered, assigned bus number 2
[    7.611560] xhci-hcd xhci-hcd.1.auto: Host supports USB 3.0 SuperSpeed
[    7.618182] usb usb2: New USB device found, idVendor=1d6b, idProduct=0003, bcdDevice= 5.10
[    7.626444] usb usb2: New USB device strings: Mfr=3, Product=2, SerialNumber=1
[    7.633664] usb usb2: Product: xHCI Host Controller
[    7.638532] usb usb2: Manufacturer: Linux 5.10.0-98103-g2aa7ac113716 xhci-hcd
[    7.645657] usb usb2: SerialNumber: xhci-hcd.1.auto
[    7.650764] hub 2-0:1.0: USB hub found
[    7.654528] hub 2-0:1.0: 1 port detected
[    7.684632] cf_axi_adc 84a10000.axi-ad9081-rx-hpc: ADI AIM (10.01.b) at 0x84A10000 mapped to 0x(____ptrval____), probed ADC AD9081 as MASTER
[    7.716562] cf_axi_dds 84b10000.axi-ad9081-tx-hpc: Analog Devices CF_AXI_DDS_DDS MASTER (9.01.b) at 0x84B10000 mapped to 0x(____ptrval____), probed DDS AD9081
[    7.730762] jesd204: /axi/spi@ff040000/ad9081@0,jesd204:0,parent=spi1.0: JESD204[2] transition initialized -> probed
[    7.741284] jesd204: /axi/spi@ff040000/ad9081@0,jesd204:0,parent=spi1.0: JESD204[0] transition initialized -> probed
[    7.751808] jesd204: /axi/spi@ff040000/ad9081@0,jesd204:0,parent=spi1.0: JESD204[2] transition probed -> idle
[    7.761716] jesd204: /axi/spi@ff040000/ad9081@0,jesd204:0,parent=spi1.0: JESD204[0] transition probed -> idle
[    7.771631] jesd204: /axi/spi@ff040000/ad9081@0,jesd204:0,parent=spi1.0: JESD204[2] transition idle -> device_init
[    7.781973] jesd204: /axi/spi@ff040000/ad9081@0,jesd204:0,parent=spi1.0: JESD204[0] transition idle -> device_init
[    7.792328] jesd204: /axi/spi@ff040000/ad9081@0,jesd204:0,parent=spi1.0: JESD204[2] transition device_init -> link_init
[    7.803110] jesd204: /axi/spi@ff040000/ad9081@0,jesd204:0,parent=spi1.0: JESD204[0] transition device_init -> link_init
[    7.813902] jesd204: /axi/spi@ff040000/ad9081@0,jesd204:0,parent=spi1.0: JESD204[2] transition link_init -> link_supported
[    7.824940] jesd204: /axi/spi@ff040000/ad9081@0,jesd204:0,parent=spi1.0: JESD204[0] transition link_init -> link_supported
[    7.836343] hmc7044 spi2.0: hmc7044_jesd204_link_pre_setup: Link2 forcing continuous SYSREF mode
[    7.845282] axi-jesd204-rx 84a90000.axi-jesd204-rx: axi_jesd204_rx_jesd204_link_pre_setup: Link2 set lane rate 14560000 kHz failed (-22)
[    7.857536] jesd204: /fpga-axi@0/axi-jesd204-rx@84a90000,jesd204:4,parent=84a90000.axi-jesd204-rx: JESD204[2] In link_pre_setup got error from cb: -22
[    7.871005] jesd204: /axi/spi@ff040000/ad9081@0,jesd204:0,parent=spi1.0: Rolling back from 'link_supported', got error -22
[    7.882050] jesd204: /axi/spi@ff040000/ad9081@0,jesd204:0,parent=spi1.0: JESD204[0] transition link_supported -> link_pre_setup
[    7.893520] jesd204: /axi/spi@ff040000/ad9081@0,jesd204:0,parent=spi1.0: JESD204[2] transition link_supported -> link_pre_setup
[    7.905005] jesd204: /axi/spi@ff040000/ad9081@0,jesd204:0,parent=spi1.0: JESD204[0] transition link_pre_setup -> link_supported
[    7.916480] jesd204: /axi/spi@ff040000/ad9081@0,jesd204:0,parent=spi1.0: JESD204[2] transition link_pre_setup -> link_supported
[    7.927956] jesd204: /axi/spi@ff040000/ad9081@0,jesd204:0,parent=spi1.0: JESD204[0] transition link_supported -> link_init
[    7.938993] jesd204: /axi/spi@ff040000/ad9081@0,jesd204:0,parent=spi1.0: JESD204[2] transition link_supported -> link_init
[    7.950041] jesd204: /axi/spi@ff040000/ad9081@0,jesd204:0,parent=spi1.0: JESD204[0] transition link_init -> device_init
[    7.960821] jesd204: /axi/spi@ff040000/ad9081@0,jesd204:0,parent=spi1.0: JESD204[2] transition link_init -> device_init
[    7.971600] jesd204: /axi/spi@ff040000/ad9081@0,jesd204:0,parent=spi1.0: JESD204[0] transition device_init -> idle
[    7.981943] jesd204: /axi/spi@ff040000/ad9081@0,jesd204:0,parent=spi1.0: JESD204[2] transition device_init -> idle
[    7.992294] jesd204: /axi/spi@ff040000/ad9081@0,jesd204:0,parent=spi1.0: JESD204[2] transition idle -> idle
[    8.002029] jesd204: /axi/spi@ff040000/ad9081@0,jesd204:0,parent=spi1.0: JESD204[0] transition idle -> idle
[    8.011771] jesd204: /axi/spi@ff040000/ad9081@0,jesd204:0,parent=spi1.0: JESD204[2] transition idle -> device_init
[    8.022114] jesd204: /axi/spi@ff040000/ad9081@0,jesd204:0,parent=spi1.0: JESD204[0] transition idle -> device_init
[    8.032465] jesd204: /axi/spi@ff040000/ad9081@0,jesd204:0,parent=spi1.0: JESD204[2] transition device_init -> link_init
[    8.043241] jesd204: /axi/spi@ff040000/ad9081@0,jesd204:0,parent=spi1.0: JESD204[0] transition device_init -> link_init
[    8.054030] jesd204: /axi/spi@ff040000/ad9081@0,jesd204:0,parent=spi1.0: JESD204[2] transition link_init -> link_supported
[    8.065076] jesd204: /axi/spi@ff040000/ad9081@0,jesd204:0,parent=spi1.0: JESD204[0] transition link_init -> link_supported
[    8.076296] axi-jesd204-rx 84a90000.axi-jesd204-rx: axi_jesd204_rx_jesd204_link_pre_setup: Link2 set lane rate 14560000 kHz failed (-22)
[    8.088557] jesd204: /fpga-axi@0/axi-jesd204-rx@84a90000,jesd204:4,parent=84a90000.axi-jesd204-rx: JESD204[2] In link_pre_setup got error from cb: -22
[    8.102024] jesd204: /axi/spi@ff040000/ad9081@0,jesd204:0,parent=spi1.0: Rolling back from 'link_supported', got error -22
[    8.113067] jesd204: /axi/spi@ff040000/ad9081@0,jesd204:0,parent=spi1.0: JESD204[0] transition link_supported -> link_pre_setup
[    8.124538] jesd204: /axi/spi@ff040000/ad9081@0,jesd204:0,parent=spi1.0: JESD204[2] transition link_supported -> link_pre_setup
[    8.136016] jesd204: /axi/spi@ff040000/ad9081@0,jesd204:0,parent=spi1.0: JESD204[0] transition link_pre_setup -> link_supported
[    8.147491] jesd204: /axi/spi@ff040000/ad9081@0,jesd204:0,parent=spi1.0: JESD204[2] transition link_pre_setup -> link_supported
[    8.158966] jesd204: /axi/spi@ff040000/ad9081@0,jesd204:0,parent=spi1.0: JESD204[0] transition link_supported -> link_init
[    8.170004] jesd204: /axi/spi@ff040000/ad9081@0,jesd204:0,parent=spi1.0: JESD204[2] transition link_supported -> link_init
[    8.181050] jesd204: /axi/spi@ff040000/ad9081@0,jesd204:0,parent=spi1.0: JESD204[0] transition link_init -> device_init
[    8.191826] jesd204: /axi/spi@ff040000/ad9081@0,jesd204:0,parent=spi1.0: JESD204[2] transition link_init -> device_init
[    8.202610] jesd204: /axi/spi@ff040000/ad9081@0,jesd204:0,parent=spi1.0: JESD204[0] transition device_init -> idle
[    8.212957] jesd204: /axi/spi@ff040000/ad9081@0,jesd204:0,parent=spi1.0: JESD204[2] transition device_init -> idle
[    8.223305] jesd204: /axi/spi@ff040000/ad9081@0,jesd204:0,parent=spi1.0: JESD204[2] transition idle -> idle
[    8.233038] jesd204: /axi/spi@ff040000/ad9081@0,jesd204:0,parent=spi1.0: JESD204[0] transition idle -> idle
[    8.242780] jesd204: /axi/spi@ff040000/ad9081@0,jesd204:0,parent=spi1.0: JESD204[2] transition idle -> device_init
[    8.253124] jesd204: /axi/spi@ff040000/ad9081@0,jesd204:0,parent=spi1.0: JESD204[0] transition idle -> device_init
[    8.263473] jesd204: /axi/spi@ff040000/ad9081@0,jesd204:0,parent=spi1.0: JESD204[2] transition device_init -> link_init
[    8.274251] jesd204: /axi/spi@ff040000/ad9081@0,jesd204:0,parent=spi1.0: JESD204[0] transition device_init -> link_init
[    8.285039] jesd204: /axi/spi@ff040000/ad9081@0,jesd204:0,parent=spi1.0: JESD204[2] transition link_init -> link_supported
[    8.296081] jesd204: /axi/spi@ff040000/ad9081@0,jesd204:0,parent=spi1.0: JESD204[0] transition link_init -> link_supported
[    8.307269] axi-jesd204-rx 84a90000.axi-jesd204-rx: axi_jesd204_rx_jesd204_link_pre_setup: Link2 set lane rate 14560000 kHz failed (-22)
[    8.319528] jesd204: /fpga-axi@0/axi-jesd204-rx@84a90000,jesd204:4,parent=84a90000.axi-jesd204-rx: JESD204[2] In link_pre_setup got error from cb: -22
[    8.332997] jesd204: /axi/spi@ff040000/ad9081@0,jesd204:0,parent=spi1.0: Rolling back from 'link_supported', got error -22
[    8.344045] jesd204: /axi/spi@ff040000/ad9081@0,jesd204:0,parent=spi1.0: JESD204[0] transition link_supported -> link_pre_setup
[    8.355522] jesd204: /axi/spi@ff040000/ad9081@0,jesd204:0,parent=spi1.0: JESD204[2] transition link_supported -> link_pre_setup
[    8.367002] jesd204: /axi/spi@ff040000/ad9081@0,jesd204:0,parent=spi1.0: JESD204[0] transition link_pre_setup -> link_supported
[    8.378471] jesd204: /axi/spi@ff040000/ad9081@0,jesd204:0,parent=spi1.0: JESD204[2] transition link_pre_setup -> link_supported
[    8.389949] jesd204: /axi/spi@ff040000/ad9081@0,jesd204:0,parent=spi1.0: JESD204[0] transition link_supported -> link_init
[    8.400987] jesd204: /axi/spi@ff040000/ad9081@0,jesd204:0,parent=spi1.0: JESD204[2] transition link_supported -> link_init
[    8.412035] jesd204: /axi/spi@ff040000/ad9081@0,jesd204:0,parent=spi1.0: JESD204[0] transition link_init -> device_init
[    8.422809] jesd204: /axi/spi@ff040000/ad9081@0,jesd204:0,parent=spi1.0: JESD204[2] transition link_init -> device_init
[    8.433592] jesd204: /axi/spi@ff040000/ad9081@0,jesd204:0,parent=spi1.0: JESD204[0] transition device_init -> idle
[    8.443939] jesd204: /axi/spi@ff040000/ad9081@0,jesd204:0,parent=spi1.0: JESD204[2] transition device_init -> idle
[    8.454288] jesd204: /axi/spi@ff040000/ad9081@0,jesd204:0,parent=spi1.0: JESD204[2] transition idle -> idle
[    8.464022] jesd204: /axi/spi@ff040000/ad9081@0,jesd204:0,parent=spi1.0: JESD204[0] transition idle -> idle
[    8.473767] jesd204: /axi/spi@ff040000/ad9081@0,jesd204:0,parent=spi1.0: JESD204[2] transition idle -> device_init
[    8.484117] jesd204: /axi/spi@ff040000/ad9081@0,jesd204:0,parent=spi1.0: JESD204[0] transition idle -> device_init
[    8.494466] jesd204: /axi/spi@ff040000/ad9081@0,jesd204:0,parent=spi1.0: JESD204[2] transition device_init -> link_init
[    8.505244] jesd204: /axi/spi@ff040000/ad9081@0,jesd204:0,parent=spi1.0: JESD204[0] transition device_init -> link_init
[    8.516031] jesd204: /axi/spi@ff040000/ad9081@0,jesd204:0,parent=spi1.0: JESD204[2] transition link_init -> link_supported
[    8.527074] jesd204: /axi/spi@ff040000/ad9081@0,jesd204:0,parent=spi1.0: JESD204[0] transition link_init -> link_supported
[    8.538261] axi-jesd204-rx 84a90000.axi-jesd204-rx: axi_jesd204_rx_jesd204_link_pre_setup: Link2 set lane rate 14560000 kHz failed (-22)
[    8.550520] jesd204: /fpga-axi@0/axi-jesd204-rx@84a90000,jesd204:4,parent=84a90000.axi-jesd204-rx: JESD204[2] In link_pre_setup got error from cb: -22
[    8.563991] jesd204: /axi/spi@ff040000/ad9081@0,jesd204:0,parent=spi1.0: Rolling back from 'link_supported', got error -22
[    8.575033] jesd204: /axi/spi@ff040000/ad9081@0,jesd204:0,parent=spi1.0: JESD204[0] transition link_supported -> link_pre_setup
[    8.586505] jesd204: /axi/spi@ff040000/ad9081@0,jesd204:0,parent=spi1.0: JESD204[2] transition link_supported -> link_pre_setup
[    8.597987] jesd204: /axi/spi@ff040000/ad9081@0,jesd204:0,parent=spi1.0: JESD204[0] transition link_pre_setup -> link_supported
[    8.609464] jesd204: /axi/spi@ff040000/ad9081@0,jesd204:0,parent=spi1.0: JESD204[2] transition link_pre_setup -> link_supported
[    8.620942] jesd204: /axi/spi@ff040000/ad9081@0,jesd204:0,parent=spi1.0: JESD204[0] transition link_supported -> link_init
[    8.631980] jesd204: /axi/spi@ff040000/ad9081@0,jesd204:0,parent=spi1.0: JESD204[2] transition link_supported -> link_init
[    8.643026] jesd204: /axi/spi@ff040000/ad9081@0,jesd204:0,parent=spi1.0: JESD204[0] transition link_init -> device_init
[    8.653801] jesd204: /axi/spi@ff040000/ad9081@0,jesd204:0,parent=spi1.0: JESD204[2] transition link_init -> device_init
[    8.664584] jesd204: /axi/spi@ff040000/ad9081@0,jesd204:0,parent=spi1.0: JESD204[0] transition device_init -> idle
[    8.674928] jesd204: /axi/spi@ff040000/ad9081@0,jesd204:0,parent=spi1.0: JESD204[2] transition device_init -> idle
[    8.685275] jesd204: /axi/spi@ff040000/ad9081@0,jesd204:0,parent=spi1.0: FSM completed with error -22
[    8.703696] input: gpio-keys as /devices/platform/gpio-keys/input/input0
[    8.710713] of_cfs_init
[    8.713171] of_cfs_init: OK
[    8.716115] cfg80211: Loading compiled-in X.509 certificates for regulatory database
[    8.854368] cfg80211: Loaded X.509 cert 'sforshee: 00b28ddf47aef9cea7'
[    8.860899] clk: Not disabling unused clocks
[    8.865427] ALSA device list:
[    8.868391]   No soundcards found.
[    8.872051] platform regulatory.0: Direct firmware load for regulatory.db failed with error -2
[    8.880663] cfg80211: failed to load regulatory.db
[    8.895189] EXT4-fs (mmcblk0p2): mounted filesystem with ordered data mode. Opts: (null)
[    8.903299] VFS: Mounted root (ext4 filesystem) on device 179:2.
[    8.916712] devtmpfs: mounted
[    8.920532] Freeing unused kernel memory: 2560K
[    8.947772] Run /sbin/init as init process
[    8.951863]   with arguments:
[    8.951866]     /sbin/init
[    8.951867]   with environment:
[    8.951870]     HOME=/
[    8.951873]     TERM=linux
[    9.519960] systemd[1]: systemd 241 running in system mode. (+PAM +AUDIT +SELINUX +IMA +APPARMOR +SMACK +SYSVINIT +UTMP +LIBCRYPTSETUP +GCRYPT +GNUTLS +ACL +XZ +LZ4 +SECCOMP +BLKID +ELFUTILS +KMOD -IDN2 +IDN -PCRE2 default-hierarchy=hybrid)
[    9.541812] systemd[1]: Detected architecture arm64.
[    9.564428] systemd[1]: Set hostname to <analog>.
[    9.753160] systemd[1]: File /lib/systemd/system/systemd-journald.service:12 configures an IP firewall (IPAddressDeny=any), but the local system does not support BPF/cgroup based firewalling.
[    9.770240] systemd[1]: Proceeding WITHOUT firewalling in effect! (This warning is only shown for the first loaded unit using IP firewalling.)
[    9.933266] systemd[1]: /etc/systemd/system/tof-server.service:1: Assignment outside of section. Ignoring.
[    9.942984] systemd[1]: /etc/systemd/system/tof-server.service:2: Assignment outside of section. Ignoring.
[   10.125565] random: systemd: uninitialized urandom read (16 bytes read)
[   10.140299] random: systemd: uninitialized urandom read (16 bytes read)
[   10.147423] systemd[1]: Listening on Journal Socket.
[   10.163876] systemd[1]: Condition check resulted in Kernel Module supporting RPCSEC_GSS being skipped.
[   10.173276] random: systemd: uninitialized urandom read (16 bytes read)
[   10.180107] systemd[1]: Listening on udev Kernel Socket.
[   10.949635] EXT4-fs (mmcblk0p2): re-mounted. Opts: (null)
[   11.144502] systemd-journald[163]: Received request to flush runtime journal from PID 1
[   16.578822] random: crng init done
[   16.578831] random: 7 urandom warning(s) missed due to ratelimiting
[   16.948716] macb ff0e0000.ethernet eth0: PHY [ff0e0000.ethernet-ffffffff:0c] driver [TI DP83867] (irq=POLL)
[   16.948729] macb ff0e0000.ethernet eth0: configuring for phy/rgmii-id link mode
[   17.259761] Adding 72700k swap on /var/swap.  Priority:-2 extents:2 across:89720k SS
[   19.834116] broken atomic modeset userspace detected, disabling atomic
[   21.025330] macb ff0e0000.ethernet eth0: Link is Up - 1Gbps/Full - flow control off
[   21.025357] IPv6: ADDRCONF(NETDEV_CHANGE): eth0: link becomes ready
[   22.503890] broken atomic modeset userspace detected, disabling atomic
[   25.387797] broken atomic modeset userspace detected, disabling atomic
[   28.016185] broken atomic modeset userspace detected, disabling atomic