[    0.000000] Booting Linux on physical CPU 0x0000000000 [0x410fd034]
[    0.000000] Linux version 5.10.0-98103-g2aa7ac113716 (jenkins@romlxbuild1.adlk.analog.com) (aarch64-xilinx-linux-gcc.real (GCC) 10.2.0, GNU ld (GNU Binutils) 2.35.0.20200730) #5577 SMP Wed Mar 23 07:28:49 GMT 2022
[    0.000000] Machine model: ZynqMP ZCU102 Rev1.0
[    0.000000] earlycon: cdns0 at MMIO 0x00000000ff000000 (options '115200n8')
[    0.000000] printk: bootconsole [cdns0] enabled
[    0.000000] efi: UEFI not found.
[    0.000000] cma: Reserved 256 MiB at 0x0000000070000000
[    0.000000] Zone ranges:
[    0.000000]   DMA      [mem 0x0000000000000000-0x000000003fffffff]
[    0.000000]   DMA32    [mem 0x0000000040000000-0x00000000ffffffff]
[    0.000000]   Normal   [mem 0x0000000100000000-0x000000087fffffff]
[    0.000000] Movable zone start for each node
[    0.000000] Early memory node ranges
[    0.000000]   node   0: [mem 0x0000000000000000-0x000000007fffffff]
[    0.000000]   node   0: [mem 0x0000000800000000-0x000000087fffffff]
[    0.000000] Initmem setup node 0 [mem 0x0000000000000000-0x000000087fffffff]
[    0.000000] On node 0 totalpages: 1048576
[    0.000000]   DMA zone: 3584 pages used for memmap
[    0.000000]   DMA zone: 0 pages reserved
[    0.000000]   DMA zone: 262144 pages, LIFO batch:63
[    0.000000]   DMA32 zone: 3584 pages used for memmap
[    0.000000]   DMA32 zone: 262144 pages, LIFO batch:63
[    0.000000]   Normal zone: 7168 pages used for memmap
[    0.000000]   Normal zone: 524288 pages, LIFO batch:63
[    0.000000] psci: probing for conduit method from DT.
[    0.000000] psci: PSCIv1.1 detected in firmware.
[    0.000000] psci: Using standard PSCI v0.2 function IDs
[    0.000000] psci: MIGRATE_INFO_TYPE not supported.
[    0.000000] psci: SMC Calling Convention v1.2
[    0.000000] percpu: Embedded 22 pages/cpu s49496 r8192 d32424 u90112
[    0.000000] pcpu-alloc: s49496 r8192 d32424 u90112 alloc=22*4096
[    0.000000] pcpu-alloc: [0] 0 [0] 1 [0] 2 [0] 3 
[    0.000000] Detected VIPT I-cache on CPU0
[    0.000000] CPU features: detected: ARM erratum 845719
[    0.000000] Built 1 zonelists, mobility grouping on.  Total pages: 1034240
[    0.000000] Kernel command line: console=ttyPS0,115200 root=/dev/mmcblk0p2 rw earlycon rootfstype=ext4 rootwait clk_ignore_unused cpuidle.off=1 root=/dev/mmcblk0p2 rw rootwait
[    0.000000] Dentry cache hash table entries: 524288 (order: 10, 4194304 bytes, linear)
[    0.000000] Inode-cache hash table entries: 262144 (order: 9, 2097152 bytes, linear)
[    0.000000] mem auto-init: stack:off, heap alloc:off, heap free:off
[    0.000000] software IO TLB: mapped [mem 0x000000003bfff000-0x000000003ffff000] (64MB)
[    0.000000] Memory: 3761904K/4194304K available (15296K kernel code, 1636K rwdata, 11876K rodata, 2560K init, 507K bss, 170256K reserved, 262144K cma-reserved)
[    0.000000] rcu: Hierarchical RCU implementation.
[    0.000000] rcu: 	RCU event tracing is enabled.
[    0.000000] rcu: 	RCU restricting CPUs from NR_CPUS=8 to nr_cpu_ids=4.
[    0.000000] rcu: RCU calculated value of scheduler-enlistment delay is 25 jiffies.
[    0.000000] rcu: Adjusting geometry for rcu_fanout_leaf=16, nr_cpu_ids=4
[    0.000000] NR_IRQS: 64, nr_irqs: 64, preallocated irqs: 0
[    0.000000] GIC: Adjusting CPU interface base to 0x00000000f902f000
[    0.000000] GIC: Using split EOI/Deactivate mode
[    0.000000] random: get_random_bytes called from start_kernel+0x31c/0x54c with crng_init=0
[    0.000000] arch_timer: cp15 timer(s) running at 100.00MHz (phys).
[    0.000000] clocksource: arch_sys_counter: mask: 0xffffffffffffff max_cycles: 0x171024e7e0, max_idle_ns: 440795205315 ns
[    0.000003] sched_clock: 56 bits at 100MHz, resolution 10ns, wraps every 4398046511100ns
[    0.008460] Console: colour dummy device 80x25
[    0.012482] Calibrating delay loop (skipped), value calculated using timer frequency.. 200.00 BogoMIPS (lpj=400000)
[    0.022841] pid_max: default: 32768 minimum: 301
[    0.027548] Mount-cache hash table entries: 8192 (order: 4, 65536 bytes, linear)
[    0.034789] Mountpoint-cache hash table entries: 8192 (order: 4, 65536 bytes, linear)
[    0.043396] rcu: Hierarchical SRCU implementation.
[    0.047560] EFI services will not be available.
[    0.051939] smp: Bringing up secondary CPUs ...
[    0.056656] Detected VIPT I-cache on CPU1
[    0.056694] CPU1: Booted secondary processor 0x0000000001 [0x410fd034]
[    0.057059] Detected VIPT I-cache on CPU2
[    0.057083] CPU2: Booted secondary processor 0x0000000002 [0x410fd034]
[    0.057422] Detected VIPT I-cache on CPU3
[    0.057444] CPU3: Booted secondary processor 0x0000000003 [0x410fd034]
[    0.057491] smp: Brought up 1 node, 4 CPUs
[    0.091780] SMP: Total of 4 processors activated.
[    0.096452] CPU features: detected: 32-bit EL0 Support
[    0.101556] CPU features: detected: CRC32 instructions
[    0.106696] CPU: All CPU(s) started at EL2
[    0.110737] alternatives: patching kernel code
[    0.116169] devtmpfs: initialized
[    0.124064] Registered cp15_barrier emulation handler
[    0.124115] Registered setend emulation handler
[    0.128092] clocksource: jiffies: mask: 0xffffffff max_cycles: 0xffffffff, max_idle_ns: 7645041785100000 ns
[    0.137671] futex hash table entries: 1024 (order: 4, 65536 bytes, linear)
[    0.151036] pinctrl core: initialized pinctrl subsystem
[    0.151682] NET: Registered protocol family 16
[    0.156101] DMA: preallocated 512 KiB GFP_KERNEL pool for atomic allocations
[    0.162116] DMA: preallocated 512 KiB GFP_KERNEL|GFP_DMA pool for atomic allocations
[    0.169842] DMA: preallocated 512 KiB GFP_KERNEL|GFP_DMA32 pool for atomic allocations
[    0.177645] audit: initializing netlink subsys (disabled)
[    0.183097] audit: type=2000 audit(0.116:1): state=initialized audit_enabled=0 res=1
[    0.183444] hw-breakpoint: found 6 breakpoint and 4 watchpoint registers.
[    0.197471] ASID allocator initialised with 65536 entries
[    0.224380] HugeTLB registered 1.00 GiB page size, pre-allocated 0 pages
[    0.225438] HugeTLB registered 32.0 MiB page size, pre-allocated 0 pages
[    0.232108] HugeTLB registered 2.00 MiB page size, pre-allocated 0 pages
[    0.238772] HugeTLB registered 64.0 KiB page size, pre-allocated 0 pages
[    1.304397] DRBG: Continuing without Jitter RNG
[    1.382166] raid6: neonx8   gen()  2142 MB/s
[    1.450213] raid6: neonx8   xor()  1596 MB/s
[    1.518272] raid6: neonx4   gen()  2195 MB/s
[    1.586322] raid6: neonx4   xor()  1568 MB/s
[    1.654388] raid6: neonx2   gen()  2076 MB/s
[    1.722433] raid6: neonx2   xor()  1441 MB/s
[    1.790505] raid6: neonx1   gen()  1772 MB/s
[    1.858544] raid6: neonx1   xor()  1220 MB/s
[    1.926604] raid6: int64x8  gen()  1438 MB/s
[    1.994659] raid6: int64x8  xor()   771 MB/s
[    2.062735] raid6: int64x4  gen()  1598 MB/s
[    2.130779] raid6: int64x4  xor()   818 MB/s
[    2.198857] raid6: int64x2  gen()  1397 MB/s
[    2.266909] raid6: int64x2  xor()   749 MB/s
[    2.334987] raid6: int64x1  gen()  1034 MB/s
[    2.403035] raid6: int64x1  xor()   517 MB/s
[    2.403073] raid6: using algorithm neonx4 gen() 2195 MB/s
[    2.407030] raid6: .... xor() 1568 MB/s, rmw enabled
[    2.411961] raid6: using neon recovery algorithm
[    2.416971] iommu: Default domain type: Translated 
[    2.421584] SCSI subsystem initialized
[    2.425131] libata version 3.00 loaded.
[    2.425255] usbcore: registered new interface driver usbfs
[    2.430587] usbcore: registered new interface driver hub
[    2.435860] usbcore: registered new device driver usb
[    2.440994] mc: Linux media interface: v0.10
[    2.445108] videodev: Linux video capture interface: v2.00
[    2.450600] EDAC MC: Ver: 3.0.0
[    2.454039] zynqmp-ipi-mbox mailbox@ff990400: Registered ZynqMP IPI mbox with TX/RX channels.
[    2.462534] jesd204: created con: id=0, topo=0, link=0, /axi/spi@ff050000/hmc7044@0 <-> /fpga-axi@0/axi-adxcvr-tx@84b60000
[    2.473129] jesd204: created con: id=1, topo=0, link=2, /axi/spi@ff050000/hmc7044@0 <-> /fpga-axi@0/axi-adxcvr-rx@84a60000
[    2.484114] jesd204: created con: id=2, topo=0, link=0, /fpga-axi@0/axi-adxcvr-tx@84b60000 <-> /fpga-axi@0/axi-jesd204-tx@84b90000
[    2.495789] jesd204: created con: id=3, topo=0, link=2, /fpga-axi@0/axi-adxcvr-rx@84a60000 <-> /fpga-axi@0/axi-jesd204-rx@84a90000
[    2.507466] jesd204: created con: id=4, topo=0, link=0, /fpga-axi@0/axi-jesd204-tx@84b90000 <-> /fpga-axi@0/axi-ad9081-tx-hpc@84b10000
[    2.519494] jesd204: created con: id=5, topo=0, link=2, /fpga-axi@0/axi-jesd204-rx@84a90000 <-> /fpga-axi@0/axi-ad9081-rx-hpc@84a10000
[    2.531516] jesd204: created con: id=6, topo=0, link=2, /fpga-axi@0/axi-ad9081-rx-hpc@84a10000 <-> /axi/spi@ff040000/ad9081@0
[    2.542758] jesd204: created con: id=7, topo=0, link=0, /fpga-axi@0/axi-ad9081-tx-hpc@84b10000 <-> /axi/spi@ff040000/ad9081@0
[    2.554008] jesd204: /axi/spi@ff040000/ad9081@0: JESD204[2] transition uninitialized -> initialized
[    2.562994] jesd204: /axi/spi@ff040000/ad9081@0: JESD204[0] transition uninitialized -> initialized
[    2.571986] jesd204: found 8 devices and 1 topologies
[    2.577029] FPGA manager framework
[    2.580505] Advanced Linux Sound Architecture Driver Initialized.
[    2.586806] Bluetooth: Core ver 2.22
[    2.589988] NET: Registered protocol family 31
[    2.594391] Bluetooth: HCI device and connection manager initialized
[    2.600707] Bluetooth: HCI socket layer initialized
[    2.605549] Bluetooth: L2CAP socket layer initialized
[    2.610573] Bluetooth: SCO socket layer initialized
[    2.615757] clocksource: Switched to clocksource arch_sys_counter
[    2.621566] VFS: Disk quotas dquot_6.6.0
[    2.625400] VFS: Dquot-cache hash table entries: 512 (order 0, 4096 bytes)
[    2.636113] NET: Registered protocol family 2
[    2.636844] tcp_listen_portaddr_hash hash table entries: 2048 (order: 3, 32768 bytes, linear)
[    2.645044] TCP established hash table entries: 32768 (order: 6, 262144 bytes, linear)
[    2.653065] TCP bind hash table entries: 32768 (order: 7, 524288 bytes, linear)
[    2.660511] TCP: Hash tables configured (established 32768 bind 32768)
[    2.666685] UDP hash table entries: 2048 (order: 4, 65536 bytes, linear)
[    2.673350] UDP-Lite hash table entries: 2048 (order: 4, 65536 bytes, linear)
[    2.680512] NET: Registered protocol family 1
[    2.684962] RPC: Registered named UNIX socket transport module.
[    2.690586] RPC: Registered udp transport module.
[    2.695252] RPC: Registered tcp transport module.
[    2.699922] RPC: Registered tcp NFSv4.1 backchannel transport module.
[    2.706908] PCI: CLS 0 bytes, default 64
[    2.710609] hw perfevents: no interrupt-affinity property for /pmu, guessing.
[    2.717470] hw perfevents: enabled with armv8_pmuv3 PMU driver, 7 counters available
[    2.725817] Initialise system trusted keyrings
[    2.729498] workingset: timestamp_bits=62 max_order=20 bucket_order=0
[    2.736397] NFS: Registering the id_resolver key type
[    2.740847] Key type id_resolver registered
[    2.744987] Key type id_legacy registered
[    2.748980] nfs4filelayout_init: NFSv4 File Layout Driver Registering...
[    2.755645] jffs2: version 2.2. (NAND) (SUMMARY)  Â© 2001-2006 Red Hat, Inc.
[    2.797935] NET: Registered protocol family 38
[    2.797978] xor: measuring software checksum speed
[    2.805666]    8regs           :  2363 MB/sec
[    2.809334]    32regs          :  2799 MB/sec
[    2.814277]    arm64_neon      :  2380 MB/sec
[    2.814467] xor: using function: 32regs (2799 MB/sec)
[    2.819493] Key type asymmetric registered
[    2.823554] Asymmetric key parser 'x509' registered
[    2.828415] Block layer SCSI generic (bsg) driver version 0.4 loaded (major 248)
[    2.835752] io scheduler mq-deadline registered
[    2.840248] io scheduler kyber registered
[    2.869627] Serial: 8250/16550 driver, 4 ports, IRQ sharing disabled
[    2.874260] cacheinfo: Unable to detect cache hierarchy for CPU 0
[    2.880609] brd: module loaded
[    2.884765] loop: module loaded
[    2.885313] Registered mathworks_ip class
[    2.888640] libphy: Fixed MDIO Bus: probed
[    2.891588] tun: Universal TUN/TAP device driver, 1.6
[    2.895690] CAN device driver interface
[    2.900226] usbcore: registered new interface driver asix
[    2.904803] usbcore: registered new interface driver ax88179_178a
[    2.910845] usbcore: registered new interface driver cdc_ether
[    2.916641] usbcore: registered new interface driver net1080
[    2.922260] usbcore: registered new interface driver cdc_subset
[    2.928142] usbcore: registered new interface driver zaurus
[    2.933688] usbcore: registered new interface driver cdc_ncm
[    2.940100] ehci_hcd: USB 2.0 'Enhanced' Host Controller (EHCI) Driver
[    2.945771] ehci-pci: EHCI PCI platform driver
[    2.950577] usbcore: registered new interface driver uas
[    2.955491] usbcore: registered new interface driver usb-storage
[    2.961478] usbcore: registered new interface driver usbserial_generic
[    2.967930] usbserial: USB Serial support registered for generic
[    2.973901] usbcore: registered new interface driver ftdi_sio
[    2.979604] usbserial: USB Serial support registered for FTDI USB Serial Device
[    2.986877] usbcore: registered new interface driver upd78f0730
[    2.992751] usbserial: USB Serial support registered for upd78f0730
[    3.000419] rtc_zynqmp ffa60000.rtc: registered as rtc0
[    3.004177] rtc_zynqmp ffa60000.rtc: setting system clock to 2022-03-26T00:47:50 UTC (1648255670)
[    3.013039] i2c /dev entries driver
[    3.018345] usbcore: registered new interface driver uvcvideo
[    3.022152] USB Video Class driver (1.1.1)
[    3.027719] Bluetooth: HCI UART driver ver 2.3
[    3.030634] Bluetooth: HCI UART protocol H4 registered
[    3.035733] Bluetooth: HCI UART protocol BCSP registered
[    3.041021] Bluetooth: HCI UART protocol LL registered
[    3.046110] Bluetooth: HCI UART protocol ATH3K registered
[    3.051485] Bluetooth: HCI UART protocol Three-wire (H5) registered
[    3.057742] Bluetooth: HCI UART protocol Intel registered
[    3.063077] Bluetooth: HCI UART protocol QCA registered
[    3.068279] usbcore: registered new interface driver bcm203x
[    3.073900] usbcore: registered new interface driver bpa10x
[    3.079436] usbcore: registered new interface driver bfusb
[    3.084883] usbcore: registered new interface driver btusb
[    3.090349] usbcore: registered new interface driver ath3k
[    3.095831] EDAC MC: ECC not enabled
[    3.099453] EDAC DEVICE0: Giving out device to module zynqmp-ocm-edac controller zynqmp_ocm: DEV ff960000.memory-controller (INTERRUPT)
[    3.111777] sdhci: Secure Digital Host Controller Interface driver
[    3.117559] sdhci: Copyright(c) Pierre Ossman
[    3.121884] sdhci-pltfm: SDHCI platform and OF driver helper
[    3.127946] ledtrig-cpu: registered to indicate activity on CPUs
[    3.133491] SMCCC: SOC_ID: ARCH_SOC_ID not implemented, skipping ....
[    3.139919] zynqmp_firmware_probe Platform Management API v1.1
[    3.145676] zynqmp_firmware_probe Trustzone version v1.0
[    3.185255] zynqmp-pinctrl firmware:zynqmp-firmware:pinctrl: zynqmp pinctrl initialized
[    3.233134] zynqmp-aes firmware:zynqmp-firmware:zynqmp-aes: will run requests pump with realtime priority
[    3.248845] alg: No test for xilinx-keccak-384 (zynqmp-keccak-384)
[    3.249560] alg: No test for xilinx-zynqmp-rsa (zynqmp-rsa)
[    3.255073] usbcore: registered new interface driver usbhid
[    3.260460] usbhid: USB HID core driver
[    3.271675] axi_sysid 85000000.axi-sysid-0: AXI System ID core version (1.01.a) found
[    3.274038] axi_sysid 85000000.axi-sysid-0: [ad9081_fmca_ebz] on [zcu102] git branch <master> git <084d44c9780640ca93fd847b1d9ec70dd65f5c67> clean [2022-03-18 04:17:50] UTC
[    3.289714] fpga_manager fpga0: Xilinx ZynqMP FPGA Manager registered
[    3.296086] usbcore: registered new interface driver snd-usb-audio
[    3.303517] pktgen: Packet Generator for packet performance testing. Version: 2.75
[    3.309726] Initializing XFRM netlink socket
[    3.313548] NET: Registered protocol family 10
[    3.318269] Segment Routing with IPv6
[    3.321643] sit: IPv6, IPv4 and MPLS over IPv4 tunneling driver
[    3.327722] NET: Registered protocol family 17
[    3.331826] NET: Registered protocol family 15
[    3.336319] can: controller area network core
[    3.340578] NET: Registered protocol family 29
[    3.344965] can: raw protocol
[    3.347903] can: broadcast manager protocol
[    3.352055] can: netlink gateway - max_hops=1
[    3.356451] Bluetooth: RFCOMM TTY layer initialized
[    3.361231] Bluetooth: RFCOMM socket layer initialized
[    3.366338] Bluetooth: RFCOMM ver 1.11
[    3.370051] Bluetooth: BNEP (Ethernet Emulation) ver 1.3
[    3.375320] Bluetooth: BNEP filters: protocol multicast
[    3.380513] Bluetooth: BNEP socket layer initialized
[    3.385443] Bluetooth: HIDP (Human Interface Emulation) ver 1.2
[    3.391325] Bluetooth: HIDP socket layer initialized
[    3.396378] 9pnet: Installing 9P2000 support
[    3.400503] NET: Registered protocol family 36
[    3.404918] Key type dns_resolver registered
[    3.409363] registered taskstats version 1
[    3.413216] Loading compiled-in X.509 certificates
[    3.418330] Btrfs loaded, crc32c=crc32c-generic
[    3.430722] ff000000.serial: ttyPS0 at MMIO 0xff000000 (irq = 49, base_baud = 6249999) is a xuartps
[    3.439741] printk: console [ttyPS0] enabled
[    3.444045] printk: bootconsole [cdns0] disabled
[    3.453677] ff010000.serial: ttyPS1 at MMIO 0xff010000 (irq = 50, base_baud = 6249999) is a xuartps
[    3.466919] of-fpga-region fpga-full: FPGA Region probed
[    3.473871] nwl-pcie fd0e0000.pcie: host bridge /axi/pcie@fd0e0000 ranges:
[    3.480765] nwl-pcie fd0e0000.pcie:      MEM 0x00e0000000..0x00efffffff -> 0x00e0000000
[    3.488767] nwl-pcie fd0e0000.pcie:      MEM 0x0600000000..0x07ffffffff -> 0x0600000000
[    3.496829] nwl-pcie fd0e0000.pcie: Link is DOWN
[    3.501588] nwl-pcie fd0e0000.pcie: PCI host bridge to bus 0000:00
[    3.507764] pci_bus 0000:00: root bus resource [bus 00-ff]
[    3.513246] pci_bus 0000:00: root bus resource [mem 0xe0000000-0xefffffff]
[    3.520116] pci_bus 0000:00: root bus resource [mem 0x600000000-0x7ffffffff pref]
[    3.527619] pci 0000:00:00.0: [10ee:d021] type 01 class 0x060400
[    3.533676] pci 0000:00:00.0: PME# supported from D0 D1 D2 D3hot
[    3.544131] pci 0000:00:00.0: PCI bridge to [bus 01-0c]
[    3.550109] xilinx-zynqmp-dma fd500000.dma: ZynqMP DMA driver Probe success
[    3.557280] xilinx-zynqmp-dma fd510000.dma: ZynqMP DMA driver Probe success
[    3.564451] xilinx-zynqmp-dma fd520000.dma: ZynqMP DMA driver Probe success
[    3.571628] xilinx-zynqmp-dma fd530000.dma: ZynqMP DMA driver Probe success
[    3.578793] xilinx-zynqmp-dma fd540000.dma: ZynqMP DMA driver Probe success
[    3.585960] xilinx-zynqmp-dma fd550000.dma: ZynqMP DMA driver Probe success
[    3.593130] xilinx-zynqmp-dma fd560000.dma: ZynqMP DMA driver Probe success
[    3.600311] xilinx-zynqmp-dma fd570000.dma: ZynqMP DMA driver Probe success
[    3.607712] xilinx-zynqmp-dpdma fd4c0000.dma-controller: Xilinx DPDMA engine is probed
[    3.616275] ahci-ceva fd0c0000.ahci: supply ahci not found, using dummy regulator
[    3.623815] ahci-ceva fd0c0000.ahci: supply phy not found, using dummy regulator
[    3.711933] hmc7044 spi2.0: PLL1: Acquisition, CLKIN0 @ 122880000 Hz, PFD: 80 kHz - PLL2: Locked @ 2508.000000 MHz
[    3.722653] jesd204: /axi/spi@ff050000/hmc7044@0,jesd204:1,parent=spi2.0: Using as SYSREF provider
[    3.732235] spi-nor spi0.0: SPI-NOR-UniqueID 100000235394732200270025081115266e
[    3.739546] spi-nor spi0.0: found n25q512a, expected m25p80
[    3.745755] spi-nor spi0.0: trying to lock already unlocked area
[    3.751758] spi-nor spi0.0: n25q512a (131072 Kbytes)
[    3.756741] 4 fixed-partitions partitions found on MTD device spi0.0
[    3.763089] Creating 4 MTD partitions on "spi0.0":
[    3.767874] 0x000000000000-0x000000100000 : "qspi-fsbl-uboot"
[    3.774353] 0x000000100000-0x000000600000 : "qspi-linux"
[    3.780313] 0x000000600000-0x000000620000 : "qspi-device-tree"
[    3.786792] 0x000000620000-0x000000c00000 : "qspi-rootfs"
[    3.795256] macb ff0e0000.ethernet: Not enabling partial store and forward
[    3.802776] libphy: MACB_mii_bus: probed
[    3.807838] macb ff0e0000.ethernet eth0: Cadence GEM rev 0x50070106 at 0xff0e0000 irq 30 (00:0a:35:04:8e:1b)
[    3.818053] xilinx-axipmon ffa00000.perf-monitor: Probed Xilinx APM
[    3.824623] xilinx-axipmon fd0b0000.perf-monitor: Probed Xilinx APM
[    3.831137] xilinx-axipmon fd490000.perf-monitor: Probed Xilinx APM
[    3.837675] xilinx-axipmon ffa10000.perf-monitor: Probed Xilinx APM
[    3.847698] pca953x 0-0020: supply vcc not found, using dummy regulator
[    3.854381] pca953x 0-0020: using no AI
[    3.858871] gpio-496 (sel0): hogged as output/low
[    3.863772] gpio-497 (sel1): hogged as output/high
[    3.868763] gpio-498 (sel2): hogged as output/high
[    3.873756] gpio-499 (sel3): hogged as output/high
[    3.878935] pca953x 0-0021: supply vcc not found, using dummy regulator
[    3.885603] pca953x 0-0021: using no AI
[    3.891365] ina2xx 2-0040: power monitor ina226 (Rshunt = 5000 uOhm)
[    3.898397] ina2xx 2-0041: power monitor ina226 (Rshunt = 5000 uOhm)
[    3.905433] ina2xx 2-0042: power monitor ina226 (Rshunt = 5000 uOhm)
[    3.912458] ina2xx 2-0043: power monitor ina226 (Rshunt = 5000 uOhm)
[    3.919487] ina2xx 2-0044: power monitor ina226 (Rshunt = 5000 uOhm)
[    3.926508] ina2xx 2-0045: power monitor ina226 (Rshunt = 5000 uOhm)
[    3.933540] ina2xx 2-0046: power monitor ina226 (Rshunt = 5000 uOhm)
[    3.940609] ina2xx 2-0047: power monitor ina226 (Rshunt = 5000 uOhm)
[    3.947639] ina2xx 2-004a: power monitor ina226 (Rshunt = 5000 uOhm)
[    3.954674] ina2xx 2-004b: power monitor ina226 (Rshunt = 5000 uOhm)
[    3.961077] i2c i2c-0: Added multiplexed i2c bus 2
[    3.966461] random: fast init done
[    3.969930] ina2xx 3-0040: power monitor ina226 (Rshunt = 2000 uOhm)
[    3.976960] ina2xx 3-0041: power monitor ina226 (Rshunt = 5000 uOhm)
[    3.983989] ina2xx 3-0042: power monitor ina226 (Rshunt = 5000 uOhm)
[    3.991017] ina2xx 3-0043: power monitor ina226 (Rshunt = 5000 uOhm)
[    3.998046] ina2xx 3-0044: power monitor ina226 (Rshunt = 5000 uOhm)
[    4.005075] ina2xx 3-0045: power monitor ina226 (Rshunt = 5000 uOhm)
[    4.012105] ina2xx 3-0046: power monitor ina226 (Rshunt = 5000 uOhm)
[    4.019139] ina2xx 3-0047: power monitor ina226 (Rshunt = 5000 uOhm)
[    4.025539] i2c i2c-0: Added multiplexed i2c bus 3
[    4.081296] i2c i2c-0: Added multiplexed i2c bus 4
[    4.086242] i2c i2c-0: Added multiplexed i2c bus 5
[    4.091035] pca954x 0-0075: registered 4 multiplexed busses for I2C mux pca9544
[    4.098384] cdns-i2c ff020000.i2c: 400 kHz mmio ff020000 irq 32
[    4.106121] at24 6-0054: supply vcc not found, using dummy regulator
[    4.113011] at24 6-0054: 1024 byte 24c08 EEPROM, writable, 1 bytes/write
[    4.119769] i2c i2c-1: Added multiplexed i2c bus 6
[    4.126195] si5341 7-0036: Chip: 5341 Grade: 1 Rev: 1
[    4.163930] i2c i2c-1: Added multiplexed i2c bus 7
[    4.171586] si570 8-005d: registered, current frequency 300000000 Hz
[    4.177990] i2c i2c-1: Added multiplexed i2c bus 8
[    4.197777] si570 9-005d: registered, current frequency 148500000 Hz
[    4.204184] i2c i2c-1: Added multiplexed i2c bus 9
[    4.209220] si5324 10-0069: si5328 probed
[    4.276117] si5324 10-0069: si5328 probe successful
[    4.281048] i2c i2c-1: Added multiplexed i2c bus 10
[    4.286090] i2c i2c-1: Added multiplexed i2c bus 11
[    4.291122] i2c i2c-1: Added multiplexed i2c bus 12
[    4.296140] i2c i2c-1: Added multiplexed i2c bus 13
[    4.301020] pca954x 1-0074: registered 8 multiplexed busses for I2C switch pca9548
[    4.309131] at24 14-0050: supply vcc not found, using dummy regulator
[    4.315914] at24 14-0050: 256 byte 24c02 EEPROM, writable, 1 bytes/write
[    4.322665] i2c i2c-1: Added multiplexed i2c bus 14
[    4.327701] i2c i2c-1: Added multiplexed i2c bus 15
[    4.332739] i2c i2c-1: Added multiplexed i2c bus 16
[    4.337773] i2c i2c-1: Added multiplexed i2c bus 17
[    4.342811] i2c i2c-1: Added multiplexed i2c bus 18
[    4.347866] i2c i2c-1: Added multiplexed i2c bus 19
[    4.352906] i2c i2c-1: Added multiplexed i2c bus 20
[    4.357943] i2c i2c-1: Added multiplexed i2c bus 21
[    4.362823] pca954x 1-0075: registered 8 multiplexed busses for I2C switch pca9548
[    4.370431] cdns-i2c ff030000.i2c: 400 kHz mmio ff030000 irq 33
[    4.380172] cdns-wdt fd4d0000.watchdog: Xilinx Watchdog Timer with timeout 60s
[    4.390957] axi_adxcvr 84a60000.axi-adxcvr-rx: AXI-ADXCVR-RX (17.05.a) using CPLL on GTH4 at 0x84A60000. Number of lanes: 4.
[    4.403102] axi_adxcvr 84b60000.axi-adxcvr-tx: AXI-ADXCVR-TX (17.05.a) using QPLL on GTH4 at 0x84B60000. Number of lanes: 4.
[    4.414730] axi-jesd204-rx 84a90000.axi-jesd204-rx: AXI-JESD204-RX (1.07.a) at 0x84A90000. Encoder 8b10b, width 4/4, lanes 4, jesd204-fsm.
[    4.422258] mmc0: SDHCI controller on ff170000.mmc [ff170000.mmc] using ADMA 64-bit
[    4.427570] axi-jesd204-tx 84b90000.axi-jesd204-tx: AXI-JESD204-TX (1.06.a) at 0x84B90000. Encoder 8b10b, width 4/4, lanes 4, jesd204-fsm.
[    4.448282] zynqmp-display fd4a0000.display: vtc bridge property not present
[    4.457929] xilinx-dp-snd-codec fd4a0000.display:zynqmp_dp_snd_codec0: Failed to get required clock freq
[    4.467432] xilinx-dp-snd-codec: probe of fd4a0000.display:zynqmp_dp_snd_codec0 failed with error -22
[    4.469837] mmc0: new high speed SDHC card at address 0001
[    4.476971] xilinx-dp-snd-pcm zynqmp_dp_snd_pcm0: Xilinx DisplayPort Sound PCM probed
[    4.482486] mmcblk0: mmc0:0001 EB1QT 29.8 GiB 
[    4.490292] xilinx-dp-snd-pcm zynqmp_dp_snd_pcm1: Xilinx DisplayPort Sound PCM probed
[    4.495649]  mmcblk0: p1 p2 p3
[    4.502600] OF: graph: no port node found in /axi/display@fd4a0000
[    4.511661] xlnx-drm xlnx-drm.0: bound fd4a0000.display (ops 0xffffffc010fcbdb8)
[    5.595775] zynqmp-display fd4a0000.display: [drm] Cannot find any crtc or sizes
[    5.603389] [drm] Initialized xlnx 1.0.0 20130509 for fd4a0000.display on minor 0
[    5.610879] zynqmp-display fd4a0000.display: ZynqMP DisplayPort Subsystem driver probed
[    5.619202] ahci-ceva fd0c0000.ahci: supply ahci not found, using dummy regulator
[    5.626748] ahci-ceva fd0c0000.ahci: supply phy not found, using dummy regulator
[    5.634199] ahci-ceva fd0c0000.ahci: supply target not found, using dummy regulator
[    5.642037] ahci-ceva fd0c0000.ahci: AHCI 0001.0301 32 slots 2 ports 6 Gbps 0x3 impl platform mode
[    5.650993] ahci-ceva fd0c0000.ahci: flags: 64bit ncq sntf pm clo only pmp fbs pio slum part ccc sds apst 
[    5.661686] scsi host0: ahci-ceva
[    5.665275] scsi host1: ahci-ceva
[    5.668706] ata1: SATA max UDMA/133 mmio [mem 0xfd0c0000-0xfd0c1fff] port 0x100 irq 45
[    5.676616] ata2: SATA max UDMA/133 mmio [mem 0xfd0c0000-0xfd0c1fff] port 0x180 irq 45
[    5.685213] ad9081 spi1.0: supply vdd not found, using dummy regulator
[    5.998009] ata1: SATA link down (SStatus 0 SControl 330)
[    6.003423] ata2: SATA link down (SStatus 0 SControl 330)
[    6.679775] zynqmp-display fd4a0000.display: [drm] Cannot find any crtc or sizes
[    6.903224] ad9081 spi1.0: Invalid param passed., "ref_clk_hz < 100000000ULL" in adi_ad9081_device_clk_config_set(...), line554 in drivers/iio/adc/ad9081/adi_ad9081_device.c
[    7.607351] ad9081 spi1.0: AD9081 Rev. 2 Grade 10 (API 1.2.2) probed
[    7.614545] xhci-hcd xhci-hcd.1.auto: xHCI Host Controller
[    7.620036] xhci-hcd xhci-hcd.1.auto: new USB bus registered, assigned bus number 1
[    7.627788] xhci-hcd xhci-hcd.1.auto: hcc params 0x0238f625 hci version 0x100 quirks 0x0000000002010810
[    7.637202] xhci-hcd xhci-hcd.1.auto: irq 59, io mem 0xfe200000
[    7.643310] usb usb1: New USB device found, idVendor=1d6b, idProduct=0002, bcdDevice= 5.10
[    7.651572] usb usb1: New USB device strings: Mfr=3, Product=2, SerialNumber=1
[    7.658788] usb usb1: Product: xHCI Host Controller
[    7.663655] usb usb1: Manufacturer: Linux 5.10.0-98103-g2aa7ac113716 xhci-hcd
[    7.670786] usb usb1: SerialNumber: xhci-hcd.1.auto
[    7.675968] hub 1-0:1.0: USB hub found
[    7.679728] hub 1-0:1.0: 1 port detected
[    7.683839] xhci-hcd xhci-hcd.1.auto: xHCI Host Controller
[    7.689318] xhci-hcd xhci-hcd.1.auto: new USB bus registered, assigned bus number 2
[    7.696975] xhci-hcd xhci-hcd.1.auto: Host supports USB 3.0 SuperSpeed
[    7.703594] usb usb2: New USB device found, idVendor=1d6b, idProduct=0003, bcdDevice= 5.10
[    7.711851] usb usb2: New USB device strings: Mfr=3, Product=2, SerialNumber=1
[    7.719069] usb usb2: Product: xHCI Host Controller
[    7.723939] usb usb2: Manufacturer: Linux 5.10.0-98103-g2aa7ac113716 xhci-hcd
[    7.731064] usb usb2: SerialNumber: xhci-hcd.1.auto
[    7.736175] hub 2-0:1.0: USB hub found
[    7.739937] hub 2-0:1.0: 1 port detected
[    7.770007] cf_axi_adc 84a10000.axi-ad9081-rx-hpc: ADI AIM (10.01.b) at 0x84A10000 mapped to 0x(____ptrval____), probed ADC AD9081 as MASTER
[    7.800610] cf_axi_dds 84b10000.axi-ad9081-tx-hpc: Analog Devices CF_AXI_DDS_DDS MASTER (9.01.b) at 0x84B10000 mapped to 0x(____ptrval____), probed DDS AD9081
[    7.814808] jesd204: /axi/spi@ff040000/ad9081@0,jesd204:0,parent=spi1.0: JESD204[2] transition initialized -> probed
[    7.825329] jesd204: /axi/spi@ff040000/ad9081@0,jesd204:0,parent=spi1.0: JESD204[0] transition initialized -> probed
[    7.835852] jesd204: /axi/spi@ff040000/ad9081@0,jesd204:0,parent=spi1.0: JESD204[2] transition probed -> idle
[    7.845758] jesd204: /axi/spi@ff040000/ad9081@0,jesd204:0,parent=spi1.0: JESD204[0] transition probed -> idle
[    7.855676] jesd204: /axi/spi@ff040000/ad9081@0,jesd204:0,parent=spi1.0: JESD204[2] transition idle -> device_init
[    7.866018] jesd204: /axi/spi@ff040000/ad9081@0,jesd204:0,parent=spi1.0: JESD204[0] transition idle -> device_init
[    7.876369] jesd204: /axi/spi@ff040000/ad9081@0,jesd204:0,parent=spi1.0: JESD204[2] transition device_init -> link_init
[    7.887147] jesd204: /axi/spi@ff040000/ad9081@0,jesd204:0,parent=spi1.0: JESD204[0] transition device_init -> link_init
[    7.897938] jesd204: /axi/spi@ff040000/ad9081@0,jesd204:0,parent=spi1.0: JESD204[2] transition link_init -> link_supported
[    7.908982] jesd204: /axi/spi@ff040000/ad9081@0,jesd204:0,parent=spi1.0: JESD204[0] transition link_init -> link_supported
[    7.920509] hmc7044 spi2.0: hmc7044_jesd204_link_pre_setup: Link2 forcing continuous SYSREF mode
[    7.929669] axi-jesd204-tx 84b90000.axi-jesd204-tx: axi_jesd204_tx_jesd204_link_pre_setup: Link0 set lane rate 8360000 kHz failed (-22)
[    7.941841] jesd204: /fpga-axi@0/axi-jesd204-tx@84b90000,jesd204:5,parent=84b90000.axi-jesd204-tx: JESD204[0] In link_pre_setup got error from cb: -22
[    7.955310] jesd204: /axi/spi@ff040000/ad9081@0,jesd204:0,parent=spi1.0: Rolling back from 'link_supported', got error -22
[    7.966353] jesd204: /axi/spi@ff040000/ad9081@0,jesd204:0,parent=spi1.0: JESD204[0] transition link_supported -> link_pre_setup
[    7.977825] jesd204: /axi/spi@ff040000/ad9081@0,jesd204:0,parent=spi1.0: JESD204[2] transition link_supported -> link_pre_setup
[    7.989303] jesd204: /axi/spi@ff040000/ad9081@0,jesd204:0,parent=spi1.0: JESD204[0] transition link_pre_setup -> link_supported
[    8.000775] jesd204: /axi/spi@ff040000/ad9081@0,jesd204:0,parent=spi1.0: JESD204[2] transition link_pre_setup -> link_supported
[    8.012252] jesd204: /axi/spi@ff040000/ad9081@0,jesd204:0,parent=spi1.0: JESD204[0] transition link_supported -> link_init
[    8.023290] jesd204: /axi/spi@ff040000/ad9081@0,jesd204:0,parent=spi1.0: JESD204[2] transition link_supported -> link_init
[    8.034343] jesd204: /axi/spi@ff040000/ad9081@0,jesd204:0,parent=spi1.0: JESD204[0] transition link_init -> device_init
[    8.045126] jesd204: /axi/spi@ff040000/ad9081@0,jesd204:0,parent=spi1.0: JESD204[2] transition link_init -> device_init
[    8.055905] jesd204: /axi/spi@ff040000/ad9081@0,jesd204:0,parent=spi1.0: JESD204[0] transition device_init -> idle
[    8.066248] jesd204: /axi/spi@ff040000/ad9081@0,jesd204:0,parent=spi1.0: JESD204[2] transition device_init -> idle
[    8.076599] jesd204: /axi/spi@ff040000/ad9081@0,jesd204:0,parent=spi1.0: JESD204[2] transition idle -> idle
[    8.086334] jesd204: /axi/spi@ff040000/ad9081@0,jesd204:0,parent=spi1.0: JESD204[0] transition idle -> idle
[    8.096075] jesd204: /axi/spi@ff040000/ad9081@0,jesd204:0,parent=spi1.0: JESD204[2] transition idle -> device_init
[    8.106419] jesd204: /axi/spi@ff040000/ad9081@0,jesd204:0,parent=spi1.0: JESD204[0] transition idle -> device_init
[    8.116773] jesd204: /axi/spi@ff040000/ad9081@0,jesd204:0,parent=spi1.0: JESD204[2] transition device_init -> link_init
[    8.127555] jesd204: /axi/spi@ff040000/ad9081@0,jesd204:0,parent=spi1.0: JESD204[0] transition device_init -> link_init
[    8.138343] jesd204: /axi/spi@ff040000/ad9081@0,jesd204:0,parent=spi1.0: JESD204[2] transition link_init -> link_supported
[    8.149385] jesd204: /axi/spi@ff040000/ad9081@0,jesd204:0,parent=spi1.0: JESD204[0] transition link_init -> link_supported
[    8.160725] axi-jesd204-tx 84b90000.axi-jesd204-tx: axi_jesd204_tx_jesd204_link_pre_setup: Link0 set lane rate 8360000 kHz failed (-22)
[    8.172895] jesd204: /fpga-axi@0/axi-jesd204-tx@84b90000,jesd204:5,parent=84b90000.axi-jesd204-tx: JESD204[0] In link_pre_setup got error from cb: -22
[    8.186362] jesd204: /axi/spi@ff040000/ad9081@0,jesd204:0,parent=spi1.0: Rolling back from 'link_supported', got error -22
[    8.197406] jesd204: /axi/spi@ff040000/ad9081@0,jesd204:0,parent=spi1.0: JESD204[0] transition link_supported -> link_pre_setup
[    8.208877] jesd204: /axi/spi@ff040000/ad9081@0,jesd204:0,parent=spi1.0: JESD204[2] transition link_supported -> link_pre_setup
[    8.220355] jesd204: /axi/spi@ff040000/ad9081@0,jesd204:0,parent=spi1.0: JESD204[0] transition link_pre_setup -> link_supported
[    8.231828] jesd204: /axi/spi@ff040000/ad9081@0,jesd204:0,parent=spi1.0: JESD204[2] transition link_pre_setup -> link_supported
[    8.243305] jesd204: /axi/spi@ff040000/ad9081@0,jesd204:0,parent=spi1.0: JESD204[0] transition link_supported -> link_init
[    8.254343] jesd204: /axi/spi@ff040000/ad9081@0,jesd204:0,parent=spi1.0: JESD204[2] transition link_supported -> link_init
[    8.265390] jesd204: /axi/spi@ff040000/ad9081@0,jesd204:0,parent=spi1.0: JESD204[0] transition link_init -> device_init
[    8.276166] jesd204: /axi/spi@ff040000/ad9081@0,jesd204:0,parent=spi1.0: JESD204[2] transition link_init -> device_init
[    8.286948] jesd204: /axi/spi@ff040000/ad9081@0,jesd204:0,parent=spi1.0: JESD204[0] transition device_init -> idle
[    8.297296] jesd204: /axi/spi@ff040000/ad9081@0,jesd204:0,parent=spi1.0: JESD204[2] transition device_init -> idle
[    8.307642] jesd204: /axi/spi@ff040000/ad9081@0,jesd204:0,parent=spi1.0: JESD204[2] transition idle -> idle
[    8.317379] jesd204: /axi/spi@ff040000/ad9081@0,jesd204:0,parent=spi1.0: JESD204[0] transition idle -> idle
[    8.327120] jesd204: /axi/spi@ff040000/ad9081@0,jesd204:0,parent=spi1.0: JESD204[2] transition idle -> device_init
[    8.337466] jesd204: /axi/spi@ff040000/ad9081@0,jesd204:0,parent=spi1.0: JESD204[0] transition idle -> device_init
[    8.347814] jesd204: /axi/spi@ff040000/ad9081@0,jesd204:0,parent=spi1.0: JESD204[2] transition device_init -> link_init
[    8.358590] jesd204: /axi/spi@ff040000/ad9081@0,jesd204:0,parent=spi1.0: JESD204[0] transition device_init -> link_init
[    8.369378] jesd204: /axi/spi@ff040000/ad9081@0,jesd204:0,parent=spi1.0: JESD204[2] transition link_init -> link_supported
[    8.380421] jesd204: /axi/spi@ff040000/ad9081@0,jesd204:0,parent=spi1.0: JESD204[0] transition link_init -> link_supported
[    8.391766] axi-jesd204-tx 84b90000.axi-jesd204-tx: axi_jesd204_tx_jesd204_link_pre_setup: Link0 set lane rate 8360000 kHz failed (-22)
[    8.403935] jesd204: /fpga-axi@0/axi-jesd204-tx@84b90000,jesd204:5,parent=84b90000.axi-jesd204-tx: JESD204[0] In link_pre_setup got error from cb: -22
[    8.417409] jesd204: /axi/spi@ff040000/ad9081@0,jesd204:0,parent=spi1.0: Rolling back from 'link_supported', got error -22
[    8.428454] jesd204: /axi/spi@ff040000/ad9081@0,jesd204:0,parent=spi1.0: JESD204[0] transition link_supported -> link_pre_setup
[    8.439931] jesd204: /axi/spi@ff040000/ad9081@0,jesd204:0,parent=spi1.0: JESD204[2] transition link_supported -> link_pre_setup
[    8.451408] jesd204: /axi/spi@ff040000/ad9081@0,jesd204:0,parent=spi1.0: JESD204[0] transition link_pre_setup -> link_supported
[    8.462880] jesd204: /axi/spi@ff040000/ad9081@0,jesd204:0,parent=spi1.0: JESD204[2] transition link_pre_setup -> link_supported
[    8.474359] jesd204: /axi/spi@ff040000/ad9081@0,jesd204:0,parent=spi1.0: JESD204[0] transition link_supported -> link_init
[    8.485396] jesd204: /axi/spi@ff040000/ad9081@0,jesd204:0,parent=spi1.0: JESD204[2] transition link_supported -> link_init
[    8.496443] jesd204: /axi/spi@ff040000/ad9081@0,jesd204:0,parent=spi1.0: JESD204[0] transition link_init -> device_init
[    8.507219] jesd204: /axi/spi@ff040000/ad9081@0,jesd204:0,parent=spi1.0: JESD204[2] transition link_init -> device_init
[    8.518002] jesd204: /axi/spi@ff040000/ad9081@0,jesd204:0,parent=spi1.0: JESD204[0] transition device_init -> idle
[    8.528345] jesd204: /axi/spi@ff040000/ad9081@0,jesd204:0,parent=spi1.0: JESD204[2] transition device_init -> idle
[    8.538696] jesd204: /axi/spi@ff040000/ad9081@0,jesd204:0,parent=spi1.0: JESD204[2] transition idle -> idle
[    8.548431] jesd204: /axi/spi@ff040000/ad9081@0,jesd204:0,parent=spi1.0: JESD204[0] transition idle -> idle
[    8.558176] jesd204: /axi/spi@ff040000/ad9081@0,jesd204:0,parent=spi1.0: JESD204[2] transition idle -> device_init
[    8.568516] jesd204: /axi/spi@ff040000/ad9081@0,jesd204:0,parent=spi1.0: JESD204[0] transition idle -> device_init
[    8.578866] jesd204: /axi/spi@ff040000/ad9081@0,jesd204:0,parent=spi1.0: JESD204[2] transition device_init -> link_init
[    8.589643] jesd204: /axi/spi@ff040000/ad9081@0,jesd204:0,parent=spi1.0: JESD204[0] transition device_init -> link_init
[    8.600431] jesd204: /axi/spi@ff040000/ad9081@0,jesd204:0,parent=spi1.0: JESD204[2] transition link_init -> link_supported
[    8.611474] jesd204: /axi/spi@ff040000/ad9081@0,jesd204:0,parent=spi1.0: JESD204[0] transition link_init -> link_supported
[    8.622814] axi-jesd204-tx 84b90000.axi-jesd204-tx: axi_jesd204_tx_jesd204_link_pre_setup: Link0 set lane rate 8360000 kHz failed (-22)
[    8.634981] jesd204: /fpga-axi@0/axi-jesd204-tx@84b90000,jesd204:5,parent=84b90000.axi-jesd204-tx: JESD204[0] In link_pre_setup got error from cb: -22
[    8.648450] jesd204: /axi/spi@ff040000/ad9081@0,jesd204:0,parent=spi1.0: Rolling back from 'link_supported', got error -22
[    8.659494] jesd204: /axi/spi@ff040000/ad9081@0,jesd204:0,parent=spi1.0: JESD204[0] transition link_supported -> link_pre_setup
[    8.670966] jesd204: /axi/spi@ff040000/ad9081@0,jesd204:0,parent=spi1.0: JESD204[2] transition link_supported -> link_pre_setup
[    8.682448] jesd204: /axi/spi@ff040000/ad9081@0,jesd204:0,parent=spi1.0: JESD204[0] transition link_pre_setup -> link_supported
[    8.693925] jesd204: /axi/spi@ff040000/ad9081@0,jesd204:0,parent=spi1.0: JESD204[2] transition link_pre_setup -> link_supported
[    8.705402] jesd204: /axi/spi@ff040000/ad9081@0,jesd204:0,parent=spi1.0: JESD204[0] transition link_supported -> link_init
[    8.716440] jesd204: /axi/spi@ff040000/ad9081@0,jesd204:0,parent=spi1.0: JESD204[2] transition link_supported -> link_init
[    8.727488] jesd204: /axi/spi@ff040000/ad9081@0,jesd204:0,parent=spi1.0: JESD204[0] transition link_init -> device_init
[    8.738263] jesd204: /axi/spi@ff040000/ad9081@0,jesd204:0,parent=spi1.0: JESD204[2] transition link_init -> device_init
[    8.749045] jesd204: /axi/spi@ff040000/ad9081@0,jesd204:0,parent=spi1.0: JESD204[0] transition device_init -> idle
[    8.759389] jesd204: /axi/spi@ff040000/ad9081@0,jesd204:0,parent=spi1.0: JESD204[2] transition device_init -> idle
[    8.769736] jesd204: /axi/spi@ff040000/ad9081@0,jesd204:0,parent=spi1.0: FSM completed with error -22
[    8.788179] input: gpio-keys as /devices/platform/gpio-keys/input/input0
[    8.795191] of_cfs_init
[    8.797649] of_cfs_init: OK
[    8.800590] cfg80211: Loading compiled-in X.509 certificates for regulatory database
[    8.938555] cfg80211: Loaded X.509 cert 'sforshee: 00b28ddf47aef9cea7'
[    8.945083] clk: Not disabling unused clocks
[    8.949613] ALSA device list:
[    8.952574]   No soundcards found.
[    8.956236] platform regulatory.0: Direct firmware load for regulatory.db failed with error -2
[    8.964844] cfg80211: failed to load regulatory.db
[    8.979674] EXT4-fs (mmcblk0p2): mounted filesystem with ordered data mode. Opts: (null)
[    8.987786] VFS: Mounted root (ext4 filesystem) on device 179:2.
[    9.001224] devtmpfs: mounted
[    9.005041] Freeing unused kernel memory: 2560K
[    9.019804] Run /sbin/init as init process
[    9.023897]   with arguments:
[    9.023899]     /sbin/init
[    9.023902]   with environment:
[    9.023904]     HOME=/
[    9.023906]     TERM=linux
[    9.589235] systemd[1]: systemd 241 running in system mode. (+PAM +AUDIT +SELINUX +IMA +APPARMOR +SMACK +SYSVINIT +UTMP +LIBCRYPTSETUP +GCRYPT +GNUTLS +ACL +XZ +LZ4 +SECCOMP +BLKID +ELFUTILS +KMOD -IDN2 +IDN -PCRE2 default-hierarchy=hybrid)
[    9.611089] systemd[1]: Detected architecture arm64.
[    9.632466] systemd[1]: Set hostname to <analog>.
[    9.820620] systemd[1]: File /lib/systemd/system/systemd-journald.service:12 configures an IP firewall (IPAddressDeny=any), but the local system does not support BPF/cgroup based firewalling.
[    9.837667] systemd[1]: Proceeding WITHOUT firewalling in effect! (This warning is only shown for the first loaded unit using IP firewalling.)
[   10.001430] systemd[1]: /etc/systemd/system/tof-server.service:1: Assignment outside of section. Ignoring.
[   10.011154] systemd[1]: /etc/systemd/system/tof-server.service:2: Assignment outside of section. Ignoring.
[   10.194488] random: systemd: uninitialized urandom read (16 bytes read)
[   10.209229] random: systemd: uninitialized urandom read (16 bytes read)
[   10.216239] systemd[1]: Listening on udev Kernel Socket.
[   10.235843] random: systemd: uninitialized urandom read (16 bytes read)
[   10.243037] systemd[1]: Created slice system-systemd\x2dfsck.slice.
[   10.264037] systemd[1]: Created slice system-serial\x2dgetty.slice.
[   10.862626] ------------[ cut here ]------------
[   10.862635] Enabling unprepared \xa0)G\x88\xff\xff\xff\xa0F\x88\xff\xff\xff
[   10.862681] WARNING: CPU: 3 PID: 27 at drivers/clk/clk.c:1012 clk_core_enable+0xa4/0xc0
[   10.862684] Modules linked in:
[   10.862694] CPU: 3 PID: 27 Comm: kworker/3:0H Not tainted 5.10.0-98103-g2aa7ac113716 #5577
[   10.862697] Hardware name: ZynqMP ZCU102 Rev1.0 (DT)
[   10.862706] Workqueue: kblockd blk_mq_run_work_fn
[   10.862714] pstate: 80000085 (Nzcv daIf -PAN -UAO -TCO BTYPE=--)
[   10.862719] pc : clk_core_enable+0xa4/0xc0
[   10.862725] lr : clk_core_enable+0xa4/0xc0
[   10.862728] sp : ffffffc01209b2d0
[   10.862730] x29: ffffffc01209b2d0 x28: ffffff8800330c10 
[   10.862737] x27: ffffff8800330d48 x26: 0000005000000101 
[   10.862744] x25: 00000002818475e6 x24: 0000000000000001 
[   10.862751] x23: ffffff8801106a80 x22: ffffff8801083220 
[   10.862757] x21: ffffff880146a000 x20: ffffff880146a008 
[   10.862764] x19: ffffff880146a008 x18: 0000000000000030 
[   10.862770] x17: 0000000000000003 x16: 0000ad80d5f89076 
[   10.862777] x15: ffffffffffff9d08 x14: ffffffc011d3b1a0 
[   10.862783] x13: ffffffc011d3b1c8 x12: 0000000000000675 
[   10.862790] x11: 0000000000000227 x10: ffffffc011d671c8 
[   10.862796] x9 : 00000000fffff800 x8 : ffffffc011d3b1c8 
[   10.862803] x7 : ffffffc011d671c8 x6 : 0000000000000001 
[   10.862809] x5 : ffffff887f7a89e0 x4 : 0000000000000000 
[   10.862815] x3 : 0000000000000027 x2 : 0000000000000023 
[   10.862822] x1 : 78f303c6b4f9db00 x0 : 0000000000000000 
[   10.862828] Call trace:
[   10.862835]  clk_core_enable+0xa4/0xc0
[   10.862840]  clk_enable+0x2c/0x60
[   10.862846]  zynqmp_runtime_resume+0x24/0x84
[   10.862853]  pm_generic_runtime_resume+0x30/0x50
[   10.862858]  __genpd_runtime_resume+0x30/0xb0
[   10.862865]  genpd_runtime_resume+0x90/0x250
[   10.862871]  __rpm_callback+0x10c/0x1e0
[   10.862876]  rpm_callback+0x5c/0x84
[   10.862881]  rpm_resume+0x4a4/0x74c
[   10.862886]  __pm_runtime_resume+0x78/0xc4
[   10.862891]  spi_mem_access_start.isra.0+0x30/0x80
[   10.862895]  spi_mem_exec_op+0x3b0/0x424
[   10.862900]  spi_nor_read_sr+0x78/0xe0
[   10.862905]  spi_nor_wait_till_ready_with_timeout+0xb4/0x2f0
[   10.862910]  spi_nor_read+0x188/0x380
[   10.862915]  mtd_read_oob_std+0x78/0x84
[   10.862919]  mtd_read_oob+0x7c/0x134
[   10.862924]  mtd_read+0x48/0x7c
[   10.862929]  mtdblock_readsect+0x6c/0x150
[   10.862934]  mtd_queue_rq+0x2cc/0x5a0
[   10.862940]  blk_mq_dispatch_rq_list+0x110/0x790
[   10.862946]  __blk_mq_do_dispatch_sched+0x200/0x274
[   10.862952]  __blk_mq_sched_dispatch_requests+0x1a8/0x1fc
[   10.862957]  blk_mq_sched_dispatch_requests+0x3c/0x7c
[   10.862962]  __blk_mq_run_hw_queue+0x98/0x100
[   10.862967]  blk_mq_run_work_fn+0x24/0x30
[   10.862973]  process_one_work+0x1d4/0x380
[   10.862977]  worker_thread+0x78/0x4e0
[   10.862982]  kthread+0x124/0x130
[   10.862988]  ret_from_fork+0x10/0x3c
[   10.862991] ---[ end trace de01a1808f41fd27 ]---
[   10.863000] zynqmp-qspi ff0f0000.spi: Cannot enable APB clock.
[   10.863049] spi_master spi0: Failed to power device: -108
[   10.863059] blk_update_request: I/O error, dev mtdblock0, sector 8 op 0x0:(READ) flags 0x80700 phys_seg 1 prio class 0
[   10.863129] spi_master spi0: Failed to power device: -22
[   10.863135] blk_update_request: I/O error, dev mtdblock0, sector 8 op 0x0:(READ) flags 0x0 phys_seg 8 prio class 0
[   10.863141] Buffer I/O error on dev mtdblock0, logical block 8, async page read
[   10.863151] spi_master spi0: Failed to power device: -22
[   10.863156] blk_update_request: I/O error, dev mtdblock0, sector 9 op 0x0:(READ) flags 0x0 phys_seg 7 prio class 0
[   10.863160] Buffer I/O error on dev mtdblock0, logical block 9, async page read
[   10.863167] spi_master spi0: Failed to power device: -22
[   10.863173] blk_update_request: I/O error, dev mtdblock0, sector 10 op 0x0:(READ) flags 0x0 phys_seg 6 prio class 0
[   10.863177] Buffer I/O error on dev mtdblock0, logical block 10, async page read
[   10.863184] spi_master spi0: Failed to power device: -22
[   10.863190] blk_update_request: I/O error, dev mtdblock0, sector 11 op 0x0:(READ) flags 0x0 phys_seg 5 prio class 0
[   10.863194] Buffer I/O error on dev mtdblock0, logical block 11, async page read
[   10.863201] spi_master spi0: Failed to power device: -22
[   10.863206] blk_update_request: I/O error, dev mtdblock0, sector 12 op 0x0:(READ) flags 0x0 phys_seg 4 prio class 0
[   10.863210] Buffer I/O error on dev mtdblock0, logical block 12, async page read
[   10.863217] spi_master spi0: Failed to power device: -22
[   10.863222] blk_update_request: I/O error, dev mtdblock0, sector 13 op 0x0:(READ) flags 0x0 phys_seg 3 prio class 0
[   10.863226] Buffer I/O error on dev mtdblock0, logical block 13, async page read
[   10.863233] spi_master spi0: Failed to power device: -22
[   10.863238] blk_update_request: I/O error, dev mtdblock0, sector 14 op 0x0:(READ) flags 0x0 phys_seg 2 prio class 0
[   10.863242] Buffer I/O error on dev mtdblock0, logical block 14, async page read
[   10.863249] spi_master spi0: Failed to power device: -22
[   10.863254] blk_update_request: I/O error, dev mtdblock0, sector 15 op 0x0:(READ) flags 0x0 phys_seg 1 prio class 0
[   10.863258] Buffer I/O error on dev mtdblock0, logical block 15, async page read
[   10.863550] spi_master spi0: Failed to power device: -22
[   10.863557] blk_update_request: I/O error, dev mtdblock1, sector 10112 op 0x0:(READ) flags 0x80700 phys_seg 1 prio class 0
[   10.863600] spi_master spi0: Failed to power device: -22
[   10.863606] Buffer I/O error on dev mtdblock1, logical block 10112, async page read
[   10.863614] spi_master spi0: Failed to power device: -22
[   10.863619] Buffer I/O error on dev mtdblock1, logical block 10113, async page read
[   10.863626] spi_master spi0: Failed to power device: -22
[   10.863634] spi_master spi0: Failed to power device: -22
[   10.863641] spi_master spi0: Failed to power device: -22
[   10.863648] spi_master spi0: Failed to power device: -22
[   10.863655] spi_master spi0: Failed to power device: -22
[   10.863663] spi_master spi0: Failed to power device: -22
[   10.867974] spi_master spi0: Failed to power device: -22
[   10.868024] spi_master spi0: Failed to power device: -22
[   10.868035] spi_master spi0: Failed to power device: -22
[   10.868043] spi_master spi0: Failed to power device: -22
[   10.868050] spi_master spi0: Failed to power device: -22
[   10.868058] spi_master spi0: Failed to power device: -22
[   10.868065] spi_master spi0: Failed to power device: -22
[   10.868073] spi_master spi0: Failed to power device: -22
[   10.868080] spi_master spi0: Failed to power device: -22
[   10.868360] spi_master spi0: Failed to power device: -22
[   10.868404] spi_master spi0: Failed to power device: -22
[   10.868413] spi_master spi0: Failed to power device: -22
[   10.868421] spi_master spi0: Failed to power device: -22
[   10.868431] spi_master spi0: Failed to power device: -22
[   10.868439] spi_master spi0: Failed to power device: -22
[   10.868446] spi_master spi0: Failed to power device: -22
[   10.868453] spi_master spi0: Failed to power device: -22
[   10.868460] spi_master spi0: Failed to power device: -22
[   10.992091] EXT4-fs (mmcblk0p2): re-mounted. Opts: (null)
[   11.147167] systemd-journald[154]: Received request to flush runtime journal from PID 1
[   17.124956] macb ff0e0000.ethernet eth0: PHY [ff0e0000.ethernet-ffffffff:0c] driver [TI DP83867] (irq=POLL)
[   17.124969] macb ff0e0000.ethernet eth0: configuring for phy/rgmii-id link mode
[   18.363779] Adding 94204k swap on /var/swap.  Priority:-2 extents:1 across:94204k SS
[   19.239785] random: crng init done
[   19.239796] random: 7 urandom warning(s) missed due to ratelimiting
[   20.193416] macb ff0e0000.ethernet eth0: Link is Up - 1Gbps/Full - flow control off
[   20.193445] IPv6: ADDRCONF(NETDEV_CHANGE): eth0: link becomes ready
[   20.232292] broken atomic modeset userspace detected, disabling atomic
[   22.894981] broken atomic modeset userspace detected, disabling atomic
[   25.818867] broken atomic modeset userspace detected, disabling atomic
[   28.442178] broken atomic modeset userspace detected, disabling atomic