[    0.000000] Booting Linux on physical CPU 0x0000000000 [0x410fd034]
[    0.000000] Linux version 5.10.0-98103-g2aa7ac113716 (jenkins@romlxbuild1.adlk.analog.com) (aarch64-xilinx-linux-gcc.real (GCC) 10.2.0, GNU ld (GNU Binutils) 2.35.0.20200730) #5577 SMP Wed Mar 23 07:28:49 GMT 2022
[    0.000000] Machine model: ZynqMP ZCU102 Rev1.0
[    0.000000] earlycon: cdns0 at MMIO 0x00000000ff000000 (options '115200n8')
[    0.000000] printk: bootconsole [cdns0] enabled
[    0.000000] efi: UEFI not found.
[    0.000000] cma: Reserved 256 MiB at 0x0000000070000000
[    0.000000] Zone ranges:
[    0.000000]   DMA      [mem 0x0000000000000000-0x000000003fffffff]
[    0.000000]   DMA32    [mem 0x0000000040000000-0x00000000ffffffff]
[    0.000000]   Normal   [mem 0x0000000100000000-0x000000087fffffff]
[    0.000000] Movable zone start for each node
[    0.000000] Early memory node ranges
[    0.000000]   node   0: [mem 0x0000000000000000-0x000000007fffffff]
[    0.000000]   node   0: [mem 0x0000000800000000-0x000000087fffffff]
[    0.000000] Initmem setup node 0 [mem 0x0000000000000000-0x000000087fffffff]
[    0.000000] On node 0 totalpages: 1048576
[    0.000000]   DMA zone: 3584 pages used for memmap
[    0.000000]   DMA zone: 0 pages reserved
[    0.000000]   DMA zone: 262144 pages, LIFO batch:63
[    0.000000]   DMA32 zone: 3584 pages used for memmap
[    0.000000]   DMA32 zone: 262144 pages, LIFO batch:63
[    0.000000]   Normal zone: 7168 pages used for memmap
[    0.000000]   Normal zone: 524288 pages, LIFO batch:63
[    0.000000] psci: probing for conduit method from DT.
[    0.000000] psci: PSCIv1.1 detected in firmware.
[    0.000000] psci: Using standard PSCI v0.2 function IDs
[    0.000000] psci: MIGRATE_INFO_TYPE not supported.
[    0.000000] psci: SMC Calling Convention v1.2
[    0.000000] percpu: Embedded 22 pages/cpu s49496 r8192 d32424 u90112
[    0.000000] pcpu-alloc: s49496 r8192 d32424 u90112 alloc=22*4096
[    0.000000] pcpu-alloc: [0] 0 [0] 1 [0] 2 [0] 3 
[    0.000000] Detected VIPT I-cache on CPU0
[    0.000000] CPU features: detected: ARM erratum 845719
[    0.000000] Built 1 zonelists, mobility grouping on.  Total pages: 1034240
[    0.000000] Kernel command line: console=ttyPS0,115200 root=/dev/mmcblk0p2 rw earlycon rootfstype=ext4 rootwait clk_ignore_unused cpuidle.off=1 root=/dev/mmcblk0p2 rw rootwait
[    0.000000] Dentry cache hash table entries: 524288 (order: 10, 4194304 bytes, linear)
[    0.000000] Inode-cache hash table entries: 262144 (order: 9, 2097152 bytes, linear)
[    0.000000] mem auto-init: stack:off, heap alloc:off, heap free:off
[    0.000000] software IO TLB: mapped [mem 0x000000003bfff000-0x000000003ffff000] (64MB)
[    0.000000] Memory: 3761904K/4194304K available (15296K kernel code, 1636K rwdata, 11876K rodata, 2560K init, 507K bss, 170256K reserved, 262144K cma-reserved)
[    0.000000] rcu: Hierarchical RCU implementation.
[    0.000000] rcu: 	RCU event tracing is enabled.
[    0.000000] rcu: 	RCU restricting CPUs from NR_CPUS=8 to nr_cpu_ids=4.
[    0.000000] rcu: RCU calculated value of scheduler-enlistment delay is 25 jiffies.
[    0.000000] rcu: Adjusting geometry for rcu_fanout_leaf=16, nr_cpu_ids=4
[    0.000000] NR_IRQS: 64, nr_irqs: 64, preallocated irqs: 0
[    0.000000] GIC: Adjusting CPU interface base to 0x00000000f902f000
[    0.000000] GIC: Using split EOI/Deactivate mode
[    0.000000] random: get_random_bytes called from start_kernel+0x31c/0x54c with crng_init=0
[    0.000000] arch_timer: cp15 timer(s) running at 100.00MHz (phys).
[    0.000000] clocksource: arch_sys_counter: mask: 0xffffffffffffff max_cycles: 0x171024e7e0, max_idle_ns: 440795205315 ns
[    0.000004] sched_clock: 56 bits at 100MHz, resolution 10ns, wraps every 4398046511100ns
[    0.008464] Console: colour dummy device 80x25
[    0.012482] Calibrating delay loop (skipped), value calculated using timer frequency.. 200.00 BogoMIPS (lpj=400000)
[    0.022841] pid_max: default: 32768 minimum: 301
[    0.027550] Mount-cache hash table entries: 8192 (order: 4, 65536 bytes, linear)
[    0.034789] Mountpoint-cache hash table entries: 8192 (order: 4, 65536 bytes, linear)
[    0.043397] rcu: Hierarchical SRCU implementation.
[    0.047560] EFI services will not be available.
[    0.051940] smp: Bringing up secondary CPUs ...
[    0.056656] Detected VIPT I-cache on CPU1
[    0.056694] CPU1: Booted secondary processor 0x0000000001 [0x410fd034]
[    0.057059] Detected VIPT I-cache on CPU2
[    0.057083] CPU2: Booted secondary processor 0x0000000002 [0x410fd034]
[    0.057423] Detected VIPT I-cache on CPU3
[    0.057446] CPU3: Booted secondary processor 0x0000000003 [0x410fd034]
[    0.057492] smp: Brought up 1 node, 4 CPUs
[    0.091780] SMP: Total of 4 processors activated.
[    0.096452] CPU features: detected: 32-bit EL0 Support
[    0.101556] CPU features: detected: CRC32 instructions
[    0.106695] CPU: All CPU(s) started at EL2
[    0.110736] alternatives: patching kernel code
[    0.116167] devtmpfs: initialized
[    0.124068] Registered cp15_barrier emulation handler
[    0.124119] Registered setend emulation handler
[    0.128101] clocksource: jiffies: mask: 0xffffffff max_cycles: 0xffffffff, max_idle_ns: 7645041785100000 ns
[    0.137679] futex hash table entries: 1024 (order: 4, 65536 bytes, linear)
[    0.151036] pinctrl core: initialized pinctrl subsystem
[    0.151687] NET: Registered protocol family 16
[    0.156100] DMA: preallocated 512 KiB GFP_KERNEL pool for atomic allocations
[    0.162116] DMA: preallocated 512 KiB GFP_KERNEL|GFP_DMA pool for atomic allocations
[    0.169841] DMA: preallocated 512 KiB GFP_KERNEL|GFP_DMA32 pool for atomic allocations
[    0.177643] audit: initializing netlink subsys (disabled)
[    0.183097] audit: type=2000 audit(0.116:1): state=initialized audit_enabled=0 res=1
[    0.183444] hw-breakpoint: found 6 breakpoint and 4 watchpoint registers.
[    0.197472] ASID allocator initialised with 65536 entries
[    0.224358] HugeTLB registered 1.00 GiB page size, pre-allocated 0 pages
[    0.225412] HugeTLB registered 32.0 MiB page size, pre-allocated 0 pages
[    0.232082] HugeTLB registered 2.00 MiB page size, pre-allocated 0 pages
[    0.238746] HugeTLB registered 64.0 KiB page size, pre-allocated 0 pages
[    1.304346] DRBG: Continuing without Jitter RNG
[    1.382141] raid6: neonx8   gen()  2142 MB/s
[    1.450193] raid6: neonx8   xor()  1597 MB/s
[    1.518252] raid6: neonx4   gen()  2193 MB/s
[    1.586302] raid6: neonx4   xor()  1566 MB/s
[    1.654364] raid6: neonx2   gen()  2075 MB/s
[    1.722414] raid6: neonx2   xor()  1439 MB/s
[    1.790483] raid6: neonx1   gen()  1772 MB/s
[    1.858527] raid6: neonx1   xor()  1220 MB/s
[    1.926585] raid6: int64x8  gen()  1438 MB/s
[    1.994642] raid6: int64x8  xor()   771 MB/s
[    2.062720] raid6: int64x4  gen()  1599 MB/s
[    2.130762] raid6: int64x4  xor()   813 MB/s
[    2.198843] raid6: int64x2  gen()  1397 MB/s
[    2.266891] raid6: int64x2  xor()   749 MB/s
[    2.334949] raid6: int64x1  gen()  1033 MB/s
[    2.403017] raid6: int64x1  xor()   517 MB/s
[    2.403055] raid6: using algorithm neonx4 gen() 2193 MB/s
[    2.407013] raid6: .... xor() 1566 MB/s, rmw enabled
[    2.411944] raid6: using neon recovery algorithm
[    2.416954] iommu: Default domain type: Translated 
[    2.421568] SCSI subsystem initialized
[    2.425113] libata version 3.00 loaded.
[    2.425238] usbcore: registered new interface driver usbfs
[    2.430571] usbcore: registered new interface driver hub
[    2.435842] usbcore: registered new device driver usb
[    2.440976] mc: Linux media interface: v0.10
[    2.445091] videodev: Linux video capture interface: v2.00
[    2.450583] EDAC MC: Ver: 3.0.0
[    2.454021] zynqmp-ipi-mbox mailbox@ff990400: Registered ZynqMP IPI mbox with TX/RX channels.
[    2.462528] jesd204: created con: id=0, topo=0, link=0, /axi/spi@ff050000/hmc7044@0 <-> /fpga-axi@0/axi-adxcvr-tx@84b60000
[    2.473112] jesd204: created con: id=1, topo=0, link=2, /axi/spi@ff050000/hmc7044@0 <-> /fpga-axi@0/axi-adxcvr-rx@84a60000
[    2.484097] jesd204: created con: id=2, topo=0, link=0, /fpga-axi@0/axi-adxcvr-tx@84b60000 <-> /fpga-axi@0/axi-jesd204-tx@84b90000
[    2.495772] jesd204: created con: id=3, topo=0, link=2, /fpga-axi@0/axi-adxcvr-rx@84a60000 <-> /fpga-axi@0/axi-jesd204-rx@84a90000
[    2.507449] jesd204: created con: id=4, topo=0, link=0, /fpga-axi@0/axi-jesd204-tx@84b90000 <-> /fpga-axi@0/axi-ad9081-tx-hpc@84b10000
[    2.519476] jesd204: created con: id=5, topo=0, link=2, /fpga-axi@0/axi-jesd204-rx@84a90000 <-> /fpga-axi@0/axi-ad9081-rx-hpc@84a10000
[    2.531499] jesd204: created con: id=6, topo=0, link=2, /fpga-axi@0/axi-ad9081-rx-hpc@84a10000 <-> /axi/spi@ff040000/ad9081@0
[    2.542740] jesd204: created con: id=7, topo=0, link=0, /fpga-axi@0/axi-ad9081-tx-hpc@84b10000 <-> /axi/spi@ff040000/ad9081@0
[    2.553991] jesd204: /axi/spi@ff040000/ad9081@0: JESD204[2] transition uninitialized -> initialized
[    2.562977] jesd204: /axi/spi@ff040000/ad9081@0: JESD204[0] transition uninitialized -> initialized
[    2.571969] jesd204: found 8 devices and 1 topologies
[    2.577012] FPGA manager framework
[    2.580492] Advanced Linux Sound Architecture Driver Initialized.
[    2.586784] Bluetooth: Core ver 2.22
[    2.589972] NET: Registered protocol family 31
[    2.594373] Bluetooth: HCI device and connection manager initialized
[    2.600689] Bluetooth: HCI socket layer initialized
[    2.605531] Bluetooth: L2CAP socket layer initialized
[    2.610555] Bluetooth: SCO socket layer initialized
[    2.615745] clocksource: Switched to clocksource arch_sys_counter
[    2.621546] VFS: Disk quotas dquot_6.6.0
[    2.625383] VFS: Dquot-cache hash table entries: 512 (order 0, 4096 bytes)
[    2.636103] NET: Registered protocol family 2
[    2.636827] tcp_listen_portaddr_hash hash table entries: 2048 (order: 3, 32768 bytes, linear)
[    2.645023] TCP established hash table entries: 32768 (order: 6, 262144 bytes, linear)
[    2.653048] TCP bind hash table entries: 32768 (order: 7, 524288 bytes, linear)
[    2.660494] TCP: Hash tables configured (established 32768 bind 32768)
[    2.666666] UDP hash table entries: 2048 (order: 4, 65536 bytes, linear)
[    2.673333] UDP-Lite hash table entries: 2048 (order: 4, 65536 bytes, linear)
[    2.680494] NET: Registered protocol family 1
[    2.684966] RPC: Registered named UNIX socket transport module.
[    2.690569] RPC: Registered udp transport module.
[    2.695235] RPC: Registered tcp transport module.
[    2.699903] RPC: Registered tcp NFSv4.1 backchannel transport module.
[    2.706891] PCI: CLS 0 bytes, default 64
[    2.710595] hw perfevents: no interrupt-affinity property for /pmu, guessing.
[    2.717458] hw perfevents: enabled with armv8_pmuv3 PMU driver, 7 counters available
[    2.725796] Initialise system trusted keyrings
[    2.729480] workingset: timestamp_bits=62 max_order=20 bucket_order=0
[    2.736384] NFS: Registering the id_resolver key type
[    2.740832] Key type id_resolver registered
[    2.744971] Key type id_legacy registered
[    2.748962] nfs4filelayout_init: NFSv4 File Layout Driver Registering...
[    2.755628] jffs2: version 2.2. (NAND) (SUMMARY)  Â© 2001-2006 Red Hat, Inc.
[    2.799714] NET: Registered protocol family 38
[    2.799764] xor: measuring software checksum speed
[    2.807441]    8regs           :  2363 MB/sec
[    2.811116]    32regs          :  2799 MB/sec
[    2.816062]    arm64_neon      :  2380 MB/sec
[    2.816249] xor: using function: 32regs (2799 MB/sec)
[    2.821276] Key type asymmetric registered
[    2.825336] Asymmetric key parser 'x509' registered
[    2.830197] Block layer SCSI generic (bsg) driver version 0.4 loaded (major 248)
[    2.837534] io scheduler mq-deadline registered
[    2.842030] io scheduler kyber registered
[    2.871456] Serial: 8250/16550 driver, 4 ports, IRQ sharing disabled
[    2.876094] cacheinfo: Unable to detect cache hierarchy for CPU 0
[    2.882422] brd: module loaded
[    2.886564] loop: module loaded
[    2.887108] Registered mathworks_ip class
[    2.890482] libphy: Fixed MDIO Bus: probed
[    2.893438] tun: Universal TUN/TAP device driver, 1.6
[    2.897509] CAN device driver interface
[    2.902040] usbcore: registered new interface driver asix
[    2.906632] usbcore: registered new interface driver ax88179_178a
[    2.912677] usbcore: registered new interface driver cdc_ether
[    2.918469] usbcore: registered new interface driver net1080
[    2.924089] usbcore: registered new interface driver cdc_subset
[    2.929969] usbcore: registered new interface driver zaurus
[    2.935519] usbcore: registered new interface driver cdc_ncm
[    2.941952] ehci_hcd: USB 2.0 'Enhanced' Host Controller (EHCI) Driver
[    2.947600] ehci-pci: EHCI PCI platform driver
[    2.952407] usbcore: registered new interface driver uas
[    2.957313] usbcore: registered new interface driver usb-storage
[    2.963305] usbcore: registered new interface driver usbserial_generic
[    2.969752] usbserial: USB Serial support registered for generic
[    2.975726] usbcore: registered new interface driver ftdi_sio
[    2.981429] usbserial: USB Serial support registered for FTDI USB Serial Device
[    2.988701] usbcore: registered new interface driver upd78f0730
[    2.994576] usbserial: USB Serial support registered for upd78f0730
[    3.002236] rtc_zynqmp ffa60000.rtc: registered as rtc0
[    3.006002] rtc_zynqmp ffa60000.rtc: setting system clock to 2022-03-26T00:52:29 UTC (1648255949)
[    3.014866] i2c /dev entries driver
[    3.020178] usbcore: registered new interface driver uvcvideo
[    3.023977] USB Video Class driver (1.1.1)
[    3.029546] Bluetooth: HCI UART driver ver 2.3
[    3.032460] Bluetooth: HCI UART protocol H4 registered
[    3.037558] Bluetooth: HCI UART protocol BCSP registered
[    3.042846] Bluetooth: HCI UART protocol LL registered
[    3.047935] Bluetooth: HCI UART protocol ATH3K registered
[    3.053314] Bluetooth: HCI UART protocol Three-wire (H5) registered
[    3.059564] Bluetooth: HCI UART protocol Intel registered
[    3.064902] Bluetooth: HCI UART protocol QCA registered
[    3.070105] usbcore: registered new interface driver bcm203x
[    3.075724] usbcore: registered new interface driver bpa10x
[    3.081261] usbcore: registered new interface driver bfusb
[    3.086711] usbcore: registered new interface driver btusb
[    3.092171] usbcore: registered new interface driver ath3k
[    3.097658] EDAC MC: ECC not enabled
[    3.101282] EDAC DEVICE0: Giving out device to module zynqmp-ocm-edac controller zynqmp_ocm: DEV ff960000.memory-controller (INTERRUPT)
[    3.113596] sdhci: Secure Digital Host Controller Interface driver
[    3.119386] sdhci: Copyright(c) Pierre Ossman
[    3.123708] sdhci-pltfm: SDHCI platform and OF driver helper
[    3.129762] ledtrig-cpu: registered to indicate activity on CPUs
[    3.135314] SMCCC: SOC_ID: ARCH_SOC_ID not implemented, skipping ....
[    3.141746] zynqmp_firmware_probe Platform Management API v1.1
[    3.147500] zynqmp_firmware_probe Trustzone version v1.0
[    3.187039] zynqmp-pinctrl firmware:zynqmp-firmware:pinctrl: zynqmp pinctrl initialized
[    3.234995] zynqmp-aes firmware:zynqmp-firmware:zynqmp-aes: will run requests pump with realtime priority
[    3.250692] alg: No test for xilinx-keccak-384 (zynqmp-keccak-384)
[    3.251405] alg: No test for xilinx-zynqmp-rsa (zynqmp-rsa)
[    3.256914] usbcore: registered new interface driver usbhid
[    3.262303] usbhid: USB HID core driver
[    3.273538] axi_sysid 85000000.axi-sysid-0: AXI System ID core version (1.01.a) found
[    3.275892] axi_sysid 85000000.axi-sysid-0: [ad9081_fmca_ebz] on [zcu102] git branch <master> git <084d44c9780640ca93fd847b1d9ec70dd65f5c67> clean [2022-03-18 04:17:50] UTC
[    3.291558] fpga_manager fpga0: Xilinx ZynqMP FPGA Manager registered
[    3.297932] usbcore: registered new interface driver snd-usb-audio
[    3.305369] pktgen: Packet Generator for packet performance testing. Version: 2.75
[    3.311574] Initializing XFRM netlink socket
[    3.315411] NET: Registered protocol family 10
[    3.320127] Segment Routing with IPv6
[    3.323494] sit: IPv6, IPv4 and MPLS over IPv4 tunneling driver
[    3.329585] NET: Registered protocol family 17
[    3.333685] NET: Registered protocol family 15
[    3.338172] can: controller area network core
[    3.342434] NET: Registered protocol family 29
[    3.346827] can: raw protocol
[    3.349762] can: broadcast manager protocol
[    3.353916] can: netlink gateway - max_hops=1
[    3.358308] Bluetooth: RFCOMM TTY layer initialized
[    3.363103] Bluetooth: RFCOMM socket layer initialized
[    3.368200] Bluetooth: RFCOMM ver 1.11
[    3.371910] Bluetooth: BNEP (Ethernet Emulation) ver 1.3
[    3.377180] Bluetooth: BNEP filters: protocol multicast
[    3.382374] Bluetooth: BNEP socket layer initialized
[    3.387301] Bluetooth: HIDP (Human Interface Emulation) ver 1.2
[    3.393184] Bluetooth: HIDP socket layer initialized
[    3.398242] 9pnet: Installing 9P2000 support
[    3.402362] NET: Registered protocol family 36
[    3.406778] Key type dns_resolver registered
[    3.411218] registered taskstats version 1
[    3.415076] Loading compiled-in X.509 certificates
[    3.420189] Btrfs loaded, crc32c=crc32c-generic
[    3.432591] ff000000.serial: ttyPS0 at MMIO 0xff000000 (irq = 49, base_baud = 6249999) is a xuartps
[    3.441609] printk: console [ttyPS0] enabled
[    3.445905] printk: bootconsole [cdns0] disabled
[    3.455515] ff010000.serial: ttyPS1 at MMIO 0xff010000 (irq = 50, base_baud = 6249999) is a xuartps
[    3.468764] of-fpga-region fpga-full: FPGA Region probed
[    3.475701] nwl-pcie fd0e0000.pcie: host bridge /axi/pcie@fd0e0000 ranges:
[    3.482600] nwl-pcie fd0e0000.pcie:      MEM 0x00e0000000..0x00efffffff -> 0x00e0000000
[    3.490601] nwl-pcie fd0e0000.pcie:      MEM 0x0600000000..0x07ffffffff -> 0x0600000000
[    3.498665] nwl-pcie fd0e0000.pcie: Link is DOWN
[    3.503419] nwl-pcie fd0e0000.pcie: PCI host bridge to bus 0000:00
[    3.509599] pci_bus 0000:00: root bus resource [bus 00-ff]
[    3.515079] pci_bus 0000:00: root bus resource [mem 0xe0000000-0xefffffff]
[    3.521945] pci_bus 0000:00: root bus resource [mem 0x600000000-0x7ffffffff pref]
[    3.529448] pci 0000:00:00.0: [10ee:d021] type 01 class 0x060400
[    3.535510] pci 0000:00:00.0: PME# supported from D0 D1 D2 D3hot
[    3.545942] pci 0000:00:00.0: PCI bridge to [bus 01-0c]
[    3.551932] xilinx-zynqmp-dma fd500000.dma: ZynqMP DMA driver Probe success
[    3.559103] xilinx-zynqmp-dma fd510000.dma: ZynqMP DMA driver Probe success
[    3.566272] xilinx-zynqmp-dma fd520000.dma: ZynqMP DMA driver Probe success
[    3.573441] xilinx-zynqmp-dma fd530000.dma: ZynqMP DMA driver Probe success
[    3.580610] xilinx-zynqmp-dma fd540000.dma: ZynqMP DMA driver Probe success
[    3.587796] xilinx-zynqmp-dma fd550000.dma: ZynqMP DMA driver Probe success
[    3.594964] xilinx-zynqmp-dma fd560000.dma: ZynqMP DMA driver Probe success
[    3.602134] xilinx-zynqmp-dma fd570000.dma: ZynqMP DMA driver Probe success
[    3.609530] xilinx-zynqmp-dpdma fd4c0000.dma-controller: Xilinx DPDMA engine is probed
[    3.618083] ahci-ceva fd0c0000.ahci: supply ahci not found, using dummy regulator
[    3.625632] ahci-ceva fd0c0000.ahci: supply phy not found, using dummy regulator
[    3.715915] hmc7044 spi2.0: PLL1: Acquisition, CLKIN0 @ 122880000 Hz, PFD: 80 kHz - PLL2: Locked @ 2580.000000 MHz
[    3.726630] jesd204: /axi/spi@ff050000/hmc7044@0,jesd204:1,parent=spi2.0: Using as SYSREF provider
[    3.736218] spi-nor spi0.0: SPI-NOR-UniqueID 100000235394732200270025081115266e
[    3.743524] spi-nor spi0.0: found n25q512a, expected m25p80
[    3.749724] spi-nor spi0.0: trying to lock already unlocked area
[    3.755725] spi-nor spi0.0: n25q512a (131072 Kbytes)
[    3.760704] 4 fixed-partitions partitions found on MTD device spi0.0
[    3.767049] Creating 4 MTD partitions on "spi0.0":
[    3.771837] 0x000000000000-0x000000100000 : "qspi-fsbl-uboot"
[    3.778329] 0x000000100000-0x000000600000 : "qspi-linux"
[    3.784309] 0x000000600000-0x000000620000 : "qspi-device-tree"
[    3.790801] 0x000000620000-0x000000c00000 : "qspi-rootfs"
[    3.799283] macb ff0e0000.ethernet: Not enabling partial store and forward
[    3.806799] libphy: MACB_mii_bus: probed
[    3.811855] macb ff0e0000.ethernet eth0: Cadence GEM rev 0x50070106 at 0xff0e0000 irq 30 (00:0a:35:04:8e:1b)
[    3.822051] xilinx-axipmon ffa00000.perf-monitor: Probed Xilinx APM
[    3.828622] xilinx-axipmon fd0b0000.perf-monitor: Probed Xilinx APM
[    3.835139] xilinx-axipmon fd490000.perf-monitor: Probed Xilinx APM
[    3.841671] xilinx-axipmon ffa10000.perf-monitor: Probed Xilinx APM
[    3.851647] pca953x 0-0020: supply vcc not found, using dummy regulator
[    3.858341] pca953x 0-0020: using no AI
[    3.862835] gpio-496 (sel0): hogged as output/low
[    3.867738] gpio-497 (sel1): hogged as output/high
[    3.872721] gpio-498 (sel2): hogged as output/high
[    3.877708] gpio-499 (sel3): hogged as output/high
[    3.882888] pca953x 0-0021: supply vcc not found, using dummy regulator
[    3.889555] pca953x 0-0021: using no AI
[    3.895323] ina2xx 2-0040: power monitor ina226 (Rshunt = 5000 uOhm)
[    3.902349] ina2xx 2-0041: power monitor ina226 (Rshunt = 5000 uOhm)
[    3.909375] ina2xx 2-0042: power monitor ina226 (Rshunt = 5000 uOhm)
[    3.916407] ina2xx 2-0043: power monitor ina226 (Rshunt = 5000 uOhm)
[    3.923435] ina2xx 2-0044: power monitor ina226 (Rshunt = 5000 uOhm)
[    3.930457] ina2xx 2-0045: power monitor ina226 (Rshunt = 5000 uOhm)
[    3.937486] ina2xx 2-0046: power monitor ina226 (Rshunt = 5000 uOhm)
[    3.944567] ina2xx 2-0047: power monitor ina226 (Rshunt = 5000 uOhm)
[    3.951600] ina2xx 2-004a: power monitor ina226 (Rshunt = 5000 uOhm)
[    3.958628] ina2xx 2-004b: power monitor ina226 (Rshunt = 5000 uOhm)
[    3.965032] i2c i2c-0: Added multiplexed i2c bus 2
[    3.970417] random: fast init done
[    3.973891] ina2xx 3-0040: power monitor ina226 (Rshunt = 2000 uOhm)
[    3.980921] ina2xx 3-0041: power monitor ina226 (Rshunt = 5000 uOhm)
[    3.987950] ina2xx 3-0042: power monitor ina226 (Rshunt = 5000 uOhm)
[    3.994979] ina2xx 3-0043: power monitor ina226 (Rshunt = 5000 uOhm)
[    4.002005] ina2xx 3-0044: power monitor ina226 (Rshunt = 5000 uOhm)
[    4.009035] ina2xx 3-0045: power monitor ina226 (Rshunt = 5000 uOhm)
[    4.016067] ina2xx 3-0046: power monitor ina226 (Rshunt = 5000 uOhm)
[    4.023099] ina2xx 3-0047: power monitor ina226 (Rshunt = 5000 uOhm)
[    4.029500] i2c i2c-0: Added multiplexed i2c bus 3
[    4.085594] i2c i2c-0: Added multiplexed i2c bus 4
[    4.090543] i2c i2c-0: Added multiplexed i2c bus 5
[    4.095333] pca954x 0-0075: registered 4 multiplexed busses for I2C mux pca9544
[    4.102683] cdns-i2c ff020000.i2c: 400 kHz mmio ff020000 irq 32
[    4.110418] at24 6-0054: supply vcc not found, using dummy regulator
[    4.117309] at24 6-0054: 1024 byte 24c08 EEPROM, writable, 1 bytes/write
[    4.124065] i2c i2c-1: Added multiplexed i2c bus 6
[    4.130488] si5341 7-0036: Chip: 5341 Grade: 1 Rev: 1
[    4.168216] i2c i2c-1: Added multiplexed i2c bus 7
[    4.175881] si570 8-005d: registered, current frequency 300000000 Hz
[    4.182286] i2c i2c-1: Added multiplexed i2c bus 8
[    4.202063] si570 9-005d: registered, current frequency 148500000 Hz
[    4.208465] i2c i2c-1: Added multiplexed i2c bus 9
[    4.213510] si5324 10-0069: si5328 probed
[    4.280106] si5324 10-0069: si5328 probe successful
[    4.285033] i2c i2c-1: Added multiplexed i2c bus 10
[    4.290073] i2c i2c-1: Added multiplexed i2c bus 11
[    4.295109] i2c i2c-1: Added multiplexed i2c bus 12
[    4.300127] i2c i2c-1: Added multiplexed i2c bus 13
[    4.305007] pca954x 1-0074: registered 8 multiplexed busses for I2C switch pca9548
[    4.313116] at24 14-0050: supply vcc not found, using dummy regulator
[    4.319902] at24 14-0050: 256 byte 24c02 EEPROM, writable, 1 bytes/write
[    4.326653] i2c i2c-1: Added multiplexed i2c bus 14
[    4.331694] i2c i2c-1: Added multiplexed i2c bus 15
[    4.336726] i2c i2c-1: Added multiplexed i2c bus 16
[    4.341759] i2c i2c-1: Added multiplexed i2c bus 17
[    4.346793] i2c i2c-1: Added multiplexed i2c bus 18
[    4.351841] i2c i2c-1: Added multiplexed i2c bus 19
[    4.356879] i2c i2c-1: Added multiplexed i2c bus 20
[    4.361917] i2c i2c-1: Added multiplexed i2c bus 21
[    4.366791] pca954x 1-0075: registered 8 multiplexed busses for I2C switch pca9548
[    4.374400] cdns-i2c ff030000.i2c: 400 kHz mmio ff030000 irq 33
[    4.384149] cdns-wdt fd4d0000.watchdog: Xilinx Watchdog Timer with timeout 60s
[    4.395100] axi_adxcvr 84a60000.axi-adxcvr-rx: AXI-ADXCVR-RX (17.05.a) using CPLL on GTH4 at 0x84A60000. Number of lanes: 4.
[    4.407236] axi_adxcvr 84b60000.axi-adxcvr-tx: AXI-ADXCVR-TX (17.05.a) using QPLL on GTH4 at 0x84B60000. Number of lanes: 4.
[    4.418861] axi-jesd204-rx 84a90000.axi-jesd204-rx: AXI-JESD204-RX (1.07.a) at 0x84A90000. Encoder 8b10b, width 4/4, lanes 4, jesd204-fsm.
[    4.426178] mmc0: SDHCI controller on ff170000.mmc [ff170000.mmc] using ADMA 64-bit
[    4.431704] axi-jesd204-tx 84b90000.axi-jesd204-tx: AXI-JESD204-TX (1.06.a) at 0x84B90000. Encoder 8b10b, width 4/4, lanes 4, jesd204-fsm.
[    4.452433] zynqmp-display fd4a0000.display: vtc bridge property not present
[    4.462077] xilinx-dp-snd-codec fd4a0000.display:zynqmp_dp_snd_codec0: Failed to get required clock freq
[    4.471584] xilinx-dp-snd-codec: probe of fd4a0000.display:zynqmp_dp_snd_codec0 failed with error -22
[    4.474070] mmc0: new high speed SDHC card at address 0001
[    4.481123] xilinx-dp-snd-pcm zynqmp_dp_snd_pcm0: Xilinx DisplayPort Sound PCM probed
[    4.486623] mmcblk0: mmc0:0001 EB1QT 29.8 GiB 
[    4.494442] xilinx-dp-snd-pcm zynqmp_dp_snd_pcm1: Xilinx DisplayPort Sound PCM probed
[    4.499827]  mmcblk0: p1 p2 p3
[    4.506750] OF: graph: no port node found in /axi/display@fd4a0000
[    4.515794] xlnx-drm xlnx-drm.0: bound fd4a0000.display (ops 0xffffffc010fcbdb8)
[    5.599760] zynqmp-display fd4a0000.display: [drm] Cannot find any crtc or sizes
[    5.607376] [drm] Initialized xlnx 1.0.0 20130509 for fd4a0000.display on minor 0
[    5.614864] zynqmp-display fd4a0000.display: ZynqMP DisplayPort Subsystem driver probed
[    5.623185] ahci-ceva fd0c0000.ahci: supply ahci not found, using dummy regulator
[    5.630737] ahci-ceva fd0c0000.ahci: supply phy not found, using dummy regulator
[    5.638191] ahci-ceva fd0c0000.ahci: supply target not found, using dummy regulator
[    5.646018] ahci-ceva fd0c0000.ahci: AHCI 0001.0301 32 slots 2 ports 6 Gbps 0x3 impl platform mode
[    5.654971] ahci-ceva fd0c0000.ahci: flags: 64bit ncq sntf pm clo only pmp fbs pio slum part ccc sds apst 
[    5.665613] scsi host0: ahci-ceva
[    5.669205] scsi host1: ahci-ceva
[    5.672637] ata1: SATA max UDMA/133 mmio [mem 0xfd0c0000-0xfd0c1fff] port 0x100 irq 45
[    5.680549] ata2: SATA max UDMA/133 mmio [mem 0xfd0c0000-0xfd0c1fff] port 0x180 irq 45
[    5.689148] ad9081 spi1.0: supply vdd not found, using dummy regulator
[    6.001998] ata1: SATA link down (SStatus 0 SControl 330)
[    6.007412] ata2: SATA link down (SStatus 0 SControl 330)
[    6.683763] zynqmp-display fd4a0000.display: [drm] Cannot find any crtc or sizes
[    6.881449] ad9081 spi1.0: Invalid param passed., "ref_clk_hz < 100000000ULL" in adi_ad9081_device_clk_config_set(...), line554 in drivers/iio/adc/ad9081/adi_ad9081_device.c
[    7.548533] ad9081 spi1.0: AD9081 Rev. 2 Grade 10 (API 1.2.2) probed
[    7.555753] xhci-hcd xhci-hcd.1.auto: xHCI Host Controller
[    7.561245] xhci-hcd xhci-hcd.1.auto: new USB bus registered, assigned bus number 1
[    7.568986] xhci-hcd xhci-hcd.1.auto: hcc params 0x0238f625 hci version 0x100 quirks 0x0000000002010810
[    7.578400] xhci-hcd xhci-hcd.1.auto: irq 59, io mem 0xfe200000
[    7.584506] usb usb1: New USB device found, idVendor=1d6b, idProduct=0002, bcdDevice= 5.10
[    7.592764] usb usb1: New USB device strings: Mfr=3, Product=2, SerialNumber=1
[    7.599981] usb usb1: Product: xHCI Host Controller
[    7.604849] usb usb1: Manufacturer: Linux 5.10.0-98103-g2aa7ac113716 xhci-hcd
[    7.611976] usb usb1: SerialNumber: xhci-hcd.1.auto
[    7.617143] hub 1-0:1.0: USB hub found
[    7.620906] hub 1-0:1.0: 1 port detected
[    7.625009] xhci-hcd xhci-hcd.1.auto: xHCI Host Controller
[    7.630497] xhci-hcd xhci-hcd.1.auto: new USB bus registered, assigned bus number 2
[    7.638153] xhci-hcd xhci-hcd.1.auto: Host supports USB 3.0 SuperSpeed
[    7.644780] usb usb2: New USB device found, idVendor=1d6b, idProduct=0003, bcdDevice= 5.10
[    7.653037] usb usb2: New USB device strings: Mfr=3, Product=2, SerialNumber=1
[    7.660261] usb usb2: Product: xHCI Host Controller
[    7.665134] usb usb2: Manufacturer: Linux 5.10.0-98103-g2aa7ac113716 xhci-hcd
[    7.672259] usb usb2: SerialNumber: xhci-hcd.1.auto
[    7.677383] hub 2-0:1.0: USB hub found
[    7.681142] hub 2-0:1.0: 1 port detected
[    7.711235] cf_axi_adc 84a10000.axi-ad9081-rx-hpc: ADI AIM (10.01.b) at 0x84A10000 mapped to 0x(____ptrval____), probed ADC AD9081 as MASTER
[    7.744583] cf_axi_dds 84b10000.axi-ad9081-tx-hpc: Analog Devices CF_AXI_DDS_DDS MASTER (9.01.b) at 0x84B10000 mapped to 0x(____ptrval____), probed DDS AD9081
[    7.758787] jesd204: /axi/spi@ff040000/ad9081@0,jesd204:0,parent=spi1.0: JESD204[2] transition initialized -> probed
[    7.769312] jesd204: /axi/spi@ff040000/ad9081@0,jesd204:0,parent=spi1.0: JESD204[0] transition initialized -> probed
[    7.779832] jesd204: /axi/spi@ff040000/ad9081@0,jesd204:0,parent=spi1.0: JESD204[2] transition probed -> idle
[    7.789743] jesd204: /axi/spi@ff040000/ad9081@0,jesd204:0,parent=spi1.0: JESD204[0] transition probed -> idle
[    7.799657] jesd204: /axi/spi@ff040000/ad9081@0,jesd204:0,parent=spi1.0: JESD204[2] transition idle -> device_init
[    7.809999] jesd204: /axi/spi@ff040000/ad9081@0,jesd204:0,parent=spi1.0: JESD204[0] transition idle -> device_init
[    7.820352] jesd204: /axi/spi@ff040000/ad9081@0,jesd204:0,parent=spi1.0: JESD204[2] transition device_init -> link_init
[    7.831126] jesd204: /axi/spi@ff040000/ad9081@0,jesd204:0,parent=spi1.0: JESD204[0] transition device_init -> link_init
[    7.841917] jesd204: /axi/spi@ff040000/ad9081@0,jesd204:0,parent=spi1.0: JESD204[2] transition link_init -> link_supported
[    7.852957] jesd204: /axi/spi@ff040000/ad9081@0,jesd204:0,parent=spi1.0: JESD204[0] transition link_init -> link_supported
[    7.864374] hmc7044 spi2.0: hmc7044_jesd204_link_pre_setup: Link2 forcing continuous SYSREF mode
[    7.873527] axi-jesd204-tx 84b90000.axi-jesd204-tx: axi_jesd204_tx_jesd204_link_pre_setup: Link0 set lane rate 8600000 kHz failed (-22)
[    7.885700] jesd204: /fpga-axi@0/axi-jesd204-tx@84b90000,jesd204:5,parent=84b90000.axi-jesd204-tx: JESD204[0] In link_pre_setup got error from cb: -22
[    7.899170] jesd204: /axi/spi@ff040000/ad9081@0,jesd204:0,parent=spi1.0: Rolling back from 'link_supported', got error -22
[    7.910220] jesd204: /axi/spi@ff040000/ad9081@0,jesd204:0,parent=spi1.0: JESD204[0] transition link_supported -> link_pre_setup
[    7.921693] jesd204: /axi/spi@ff040000/ad9081@0,jesd204:0,parent=spi1.0: JESD204[2] transition link_supported -> link_pre_setup
[    7.933171] jesd204: /axi/spi@ff040000/ad9081@0,jesd204:0,parent=spi1.0: JESD204[0] transition link_pre_setup -> link_supported
[    7.944644] jesd204: /axi/spi@ff040000/ad9081@0,jesd204:0,parent=spi1.0: JESD204[2] transition link_pre_setup -> link_supported
[    7.956121] jesd204: /axi/spi@ff040000/ad9081@0,jesd204:0,parent=spi1.0: JESD204[0] transition link_supported -> link_init
[    7.967159] jesd204: /axi/spi@ff040000/ad9081@0,jesd204:0,parent=spi1.0: JESD204[2] transition link_supported -> link_init
[    7.978206] jesd204: /axi/spi@ff040000/ad9081@0,jesd204:0,parent=spi1.0: JESD204[0] transition link_init -> device_init
[    7.988984] jesd204: /axi/spi@ff040000/ad9081@0,jesd204:0,parent=spi1.0: JESD204[2] transition link_init -> device_init
[    7.999764] jesd204: /axi/spi@ff040000/ad9081@0,jesd204:0,parent=spi1.0: JESD204[0] transition device_init -> idle
[    8.010108] jesd204: /axi/spi@ff040000/ad9081@0,jesd204:0,parent=spi1.0: JESD204[2] transition device_init -> idle
[    8.020459] jesd204: /axi/spi@ff040000/ad9081@0,jesd204:0,parent=spi1.0: JESD204[2] transition idle -> idle
[    8.030194] jesd204: /axi/spi@ff040000/ad9081@0,jesd204:0,parent=spi1.0: JESD204[0] transition idle -> idle
[    8.039935] jesd204: /axi/spi@ff040000/ad9081@0,jesd204:0,parent=spi1.0: JESD204[2] transition idle -> device_init
[    8.050279] jesd204: /axi/spi@ff040000/ad9081@0,jesd204:0,parent=spi1.0: JESD204[0] transition idle -> device_init
[    8.060629] jesd204: /axi/spi@ff040000/ad9081@0,jesd204:0,parent=spi1.0: JESD204[2] transition device_init -> link_init
[    8.071411] jesd204: /axi/spi@ff040000/ad9081@0,jesd204:0,parent=spi1.0: JESD204[0] transition device_init -> link_init
[    8.082194] jesd204: /axi/spi@ff040000/ad9081@0,jesd204:0,parent=spi1.0: JESD204[2] transition link_init -> link_supported
[    8.093235] jesd204: /axi/spi@ff040000/ad9081@0,jesd204:0,parent=spi1.0: JESD204[0] transition link_init -> link_supported
[    8.104601] axi-jesd204-tx 84b90000.axi-jesd204-tx: axi_jesd204_tx_jesd204_link_pre_setup: Link0 set lane rate 8600000 kHz failed (-22)
[    8.116773] jesd204: /fpga-axi@0/axi-jesd204-tx@84b90000,jesd204:5,parent=84b90000.axi-jesd204-tx: JESD204[0] In link_pre_setup got error from cb: -22
[    8.130240] jesd204: /axi/spi@ff040000/ad9081@0,jesd204:0,parent=spi1.0: Rolling back from 'link_supported', got error -22
[    8.141283] jesd204: /axi/spi@ff040000/ad9081@0,jesd204:0,parent=spi1.0: JESD204[0] transition link_supported -> link_pre_setup
[    8.152757] jesd204: /axi/spi@ff040000/ad9081@0,jesd204:0,parent=spi1.0: JESD204[2] transition link_supported -> link_pre_setup
[    8.164233] jesd204: /axi/spi@ff040000/ad9081@0,jesd204:0,parent=spi1.0: JESD204[0] transition link_pre_setup -> link_supported
[    8.175705] jesd204: /axi/spi@ff040000/ad9081@0,jesd204:0,parent=spi1.0: JESD204[2] transition link_pre_setup -> link_supported
[    8.187182] jesd204: /axi/spi@ff040000/ad9081@0,jesd204:0,parent=spi1.0: JESD204[0] transition link_supported -> link_init
[    8.198220] jesd204: /axi/spi@ff040000/ad9081@0,jesd204:0,parent=spi1.0: JESD204[2] transition link_supported -> link_init
[    8.209268] jesd204: /axi/spi@ff040000/ad9081@0,jesd204:0,parent=spi1.0: JESD204[0] transition link_init -> device_init
[    8.220042] jesd204: /axi/spi@ff040000/ad9081@0,jesd204:0,parent=spi1.0: JESD204[2] transition link_init -> device_init
[    8.230825] jesd204: /axi/spi@ff040000/ad9081@0,jesd204:0,parent=spi1.0: JESD204[0] transition device_init -> idle
[    8.241173] jesd204: /axi/spi@ff040000/ad9081@0,jesd204:0,parent=spi1.0: JESD204[2] transition device_init -> idle
[    8.251520] jesd204: /axi/spi@ff040000/ad9081@0,jesd204:0,parent=spi1.0: JESD204[2] transition idle -> idle
[    8.261255] jesd204: /axi/spi@ff040000/ad9081@0,jesd204:0,parent=spi1.0: JESD204[0] transition idle -> idle
[    8.270997] jesd204: /axi/spi@ff040000/ad9081@0,jesd204:0,parent=spi1.0: JESD204[2] transition idle -> device_init
[    8.281340] jesd204: /axi/spi@ff040000/ad9081@0,jesd204:0,parent=spi1.0: JESD204[0] transition idle -> device_init
[    8.291690] jesd204: /axi/spi@ff040000/ad9081@0,jesd204:0,parent=spi1.0: JESD204[2] transition device_init -> link_init
[    8.302467] jesd204: /axi/spi@ff040000/ad9081@0,jesd204:0,parent=spi1.0: JESD204[0] transition device_init -> link_init
[    8.313256] jesd204: /axi/spi@ff040000/ad9081@0,jesd204:0,parent=spi1.0: JESD204[2] transition link_init -> link_supported
[    8.324299] jesd204: /axi/spi@ff040000/ad9081@0,jesd204:0,parent=spi1.0: JESD204[0] transition link_init -> link_supported
[    8.335637] axi-jesd204-tx 84b90000.axi-jesd204-tx: axi_jesd204_tx_jesd204_link_pre_setup: Link0 set lane rate 8600000 kHz failed (-22)
[    8.347806] jesd204: /fpga-axi@0/axi-jesd204-tx@84b90000,jesd204:5,parent=84b90000.axi-jesd204-tx: JESD204[0] In link_pre_setup got error from cb: -22
[    8.361276] jesd204: /axi/spi@ff040000/ad9081@0,jesd204:0,parent=spi1.0: Rolling back from 'link_supported', got error -22
[    8.372324] jesd204: /axi/spi@ff040000/ad9081@0,jesd204:0,parent=spi1.0: JESD204[0] transition link_supported -> link_pre_setup
[    8.383799] jesd204: /axi/spi@ff040000/ad9081@0,jesd204:0,parent=spi1.0: JESD204[2] transition link_supported -> link_pre_setup
[    8.395277] jesd204: /axi/spi@ff040000/ad9081@0,jesd204:0,parent=spi1.0: JESD204[0] transition link_pre_setup -> link_supported
[    8.406748] jesd204: /axi/spi@ff040000/ad9081@0,jesd204:0,parent=spi1.0: JESD204[2] transition link_pre_setup -> link_supported
[    8.418227] jesd204: /axi/spi@ff040000/ad9081@0,jesd204:0,parent=spi1.0: JESD204[0] transition link_supported -> link_init
[    8.429264] jesd204: /axi/spi@ff040000/ad9081@0,jesd204:0,parent=spi1.0: JESD204[2] transition link_supported -> link_init
[    8.440311] jesd204: /axi/spi@ff040000/ad9081@0,jesd204:0,parent=spi1.0: JESD204[0] transition link_init -> device_init
[    8.451089] jesd204: /axi/spi@ff040000/ad9081@0,jesd204:0,parent=spi1.0: JESD204[2] transition link_init -> device_init
[    8.461870] jesd204: /axi/spi@ff040000/ad9081@0,jesd204:0,parent=spi1.0: JESD204[0] transition device_init -> idle
[    8.472214] jesd204: /axi/spi@ff040000/ad9081@0,jesd204:0,parent=spi1.0: JESD204[2] transition device_init -> idle
[    8.482564] jesd204: /axi/spi@ff040000/ad9081@0,jesd204:0,parent=spi1.0: JESD204[2] transition idle -> idle
[    8.492299] jesd204: /axi/spi@ff040000/ad9081@0,jesd204:0,parent=spi1.0: JESD204[0] transition idle -> idle
[    8.502044] jesd204: /axi/spi@ff040000/ad9081@0,jesd204:0,parent=spi1.0: JESD204[2] transition idle -> device_init
[    8.512386] jesd204: /axi/spi@ff040000/ad9081@0,jesd204:0,parent=spi1.0: JESD204[0] transition idle -> device_init
[    8.522735] jesd204: /axi/spi@ff040000/ad9081@0,jesd204:0,parent=spi1.0: JESD204[2] transition device_init -> link_init
[    8.533512] jesd204: /axi/spi@ff040000/ad9081@0,jesd204:0,parent=spi1.0: JESD204[0] transition device_init -> link_init
[    8.544300] jesd204: /axi/spi@ff040000/ad9081@0,jesd204:0,parent=spi1.0: JESD204[2] transition link_init -> link_supported
[    8.555342] jesd204: /axi/spi@ff040000/ad9081@0,jesd204:0,parent=spi1.0: JESD204[0] transition link_init -> link_supported
[    8.566681] axi-jesd204-tx 84b90000.axi-jesd204-tx: axi_jesd204_tx_jesd204_link_pre_setup: Link0 set lane rate 8600000 kHz failed (-22)
[    8.578850] jesd204: /fpga-axi@0/axi-jesd204-tx@84b90000,jesd204:5,parent=84b90000.axi-jesd204-tx: JESD204[0] In link_pre_setup got error from cb: -22
[    8.592319] jesd204: /axi/spi@ff040000/ad9081@0,jesd204:0,parent=spi1.0: Rolling back from 'link_supported', got error -22
[    8.603363] jesd204: /axi/spi@ff040000/ad9081@0,jesd204:0,parent=spi1.0: JESD204[0] transition link_supported -> link_pre_setup
[    8.614833] jesd204: /axi/spi@ff040000/ad9081@0,jesd204:0,parent=spi1.0: JESD204[2] transition link_supported -> link_pre_setup
[    8.626317] jesd204: /axi/spi@ff040000/ad9081@0,jesd204:0,parent=spi1.0: JESD204[0] transition link_pre_setup -> link_supported
[    8.637794] jesd204: /axi/spi@ff040000/ad9081@0,jesd204:0,parent=spi1.0: JESD204[2] transition link_pre_setup -> link_supported
[    8.649271] jesd204: /axi/spi@ff040000/ad9081@0,jesd204:0,parent=spi1.0: JESD204[0] transition link_supported -> link_init
[    8.660309] jesd204: /axi/spi@ff040000/ad9081@0,jesd204:0,parent=spi1.0: JESD204[2] transition link_supported -> link_init
[    8.671356] jesd204: /axi/spi@ff040000/ad9081@0,jesd204:0,parent=spi1.0: JESD204[0] transition link_init -> device_init
[    8.682131] jesd204: /axi/spi@ff040000/ad9081@0,jesd204:0,parent=spi1.0: JESD204[2] transition link_init -> device_init
[    8.692914] jesd204: /axi/spi@ff040000/ad9081@0,jesd204:0,parent=spi1.0: JESD204[0] transition device_init -> idle
[    8.703258] jesd204: /axi/spi@ff040000/ad9081@0,jesd204:0,parent=spi1.0: JESD204[2] transition device_init -> idle
[    8.713604] jesd204: /axi/spi@ff040000/ad9081@0,jesd204:0,parent=spi1.0: FSM completed with error -22
[    8.732054] input: gpio-keys as /devices/platform/gpio-keys/input/input0
[    8.739068] of_cfs_init
[    8.741527] of_cfs_init: OK
[    8.744467] cfg80211: Loading compiled-in X.509 certificates for regulatory database
[    8.882693] cfg80211: Loaded X.509 cert 'sforshee: 00b28ddf47aef9cea7'
[    8.889222] clk: Not disabling unused clocks
[    8.893757] ALSA device list:
[    8.896724]   No soundcards found.
[    8.900396] platform regulatory.0: Direct firmware load for regulatory.db failed with error -2
[    8.909009] cfg80211: failed to load regulatory.db
[    8.924119] EXT4-fs (mmcblk0p2): mounted filesystem with ordered data mode. Opts: (null)
[    8.932236] VFS: Mounted root (ext4 filesystem) on device 179:2.
[    8.945853] devtmpfs: mounted
[    8.949666] Freeing unused kernel memory: 2560K
[    8.954283] Run /sbin/init as init process
[    8.958373]   with arguments:
[    8.958376]     /sbin/init
[    8.958378]   with environment:
[    8.958380]     HOME=/
[    8.958382]     TERM=linux
[    9.531570] systemd[1]: systemd 241 running in system mode. (+PAM +AUDIT +SELINUX +IMA +APPARMOR +SMACK +SYSVINIT +UTMP +LIBCRYPTSETUP +GCRYPT +GNUTLS +ACL +XZ +LZ4 +SECCOMP +BLKID +ELFUTILS +KMOD -IDN2 +IDN -PCRE2 default-hierarchy=hybrid)
[    9.553472] systemd[1]: Detected architecture arm64.
[    9.576464] systemd[1]: Set hostname to <analog>.
[    9.767746] systemd[1]: File /lib/systemd/system/systemd-journald.service:12 configures an IP firewall (IPAddressDeny=any), but the local system does not support BPF/cgroup based firewalling.
[    9.784788] systemd[1]: Proceeding WITHOUT firewalling in effect! (This warning is only shown for the first loaded unit using IP firewalling.)
[    9.949669] systemd[1]: /etc/systemd/system/tof-server.service:1: Assignment outside of section. Ignoring.
[    9.959369] systemd[1]: /etc/systemd/system/tof-server.service:2: Assignment outside of section. Ignoring.
[   10.144140] random: systemd: uninitialized urandom read (16 bytes read)
[   10.158886] random: systemd: uninitialized urandom read (16 bytes read)
[   10.165877] systemd[1]: Listening on udev Kernel Socket.
[   10.187814] random: systemd: uninitialized urandom read (16 bytes read)
[   10.194822] systemd[1]: Created slice User and Session Slice.
[   10.216112] systemd[1]: Listening on udev Control Socket.
[   10.808864] ------------[ cut here ]------------
[   10.808873] Enabling unprepared \xa0QF\x88\xff\xff\xffF\x88\xff\xff\xff
[   10.808919] WARNING: CPU: 0 PID: 113 at drivers/clk/clk.c:1012 clk_core_enable+0xa4/0xc0
[   10.808922] Modules linked in:
[   10.808932] CPU: 0 PID: 113 Comm: kworker/0:1H Not tainted 5.10.0-98103-g2aa7ac113716 #5577
[   10.808935] Hardware name: ZynqMP ZCU102 Rev1.0 (DT)
[   10.808945] Workqueue: kblockd blk_mq_run_work_fn
[   10.808952] pstate: 80000085 (Nzcv daIf -PAN -UAO -TCO BTYPE=--)
[   10.808958] pc : clk_core_enable+0xa4/0xc0
[   10.808963] lr : clk_core_enable+0xa4/0xc0
[   10.808966] sp : ffffffc01276b2d0
[   10.808969] x29: ffffffc01276b2d0 x28: ffffff8800330c10 
[   10.808976] x27: ffffff8800330d48 x26: 0000005000000101 
[   10.808983] x25: 000000027e5053d6 x24: 0000000000000001 
[   10.808989] x23: ffffff88010cc700 x22: ffffff8801043220 
[   10.808995] x21: ffffff8801461800 x20: ffffff8801461808 
[   10.809002] x19: ffffff8801461808 x18: 0000000000000030 
[   10.809008] x17: 0000000000000001 x16: 0000b2d67e70d25a 
[   10.809015] x15: ffffffffffff9d00 x14: ffffffc011d3b1a0 
[   10.809022] x13: ffffffc011d3b1c8 x12: 0000000000000675 
[   10.809028] x11: 0000000000000227 x10: ffffffc011d671c8 
[   10.809035] x9 : 00000000fffff800 x8 : ffffffc011d3b1c8 
[   10.809041] x7 : ffffffc011d671c8 x6 : 0000000000000001 
[   10.809047] x5 : ffffff887f7669e0 x4 : 0000000000000000 
[   10.809054] x3 : 0000000000000027 x2 : 0000000000000023 
[   10.809060] x1 : 99835c6248556b00 x0 : 0000000000000000 
[   10.809067] Call trace:
[   10.809073]  clk_core_enable+0xa4/0xc0
[   10.809078]  clk_enable+0x2c/0x60
[   10.809085]  zynqmp_runtime_resume+0x24/0x84
[   10.809091]  pm_generic_runtime_resume+0x30/0x50
[   10.809097]  __genpd_runtime_resume+0x30/0xb0
[   10.809103]  genpd_runtime_resume+0x90/0x250
[   10.809109]  __rpm_callback+0x10c/0x1e0
[   10.809114]  rpm_callback+0x5c/0x84
[   10.809119]  rpm_resume+0x4a4/0x74c
[   10.809124]  __pm_runtime_resume+0x78/0xc4
[   10.809129]  spi_mem_access_start.isra.0+0x30/0x80
[   10.809133]  spi_mem_exec_op+0x3b0/0x424
[   10.809138]  spi_nor_read_sr+0x78/0xe0
[   10.809143]  spi_nor_wait_till_ready_with_timeout+0xb4/0x2f0
[   10.809147]  spi_nor_read+0x188/0x380
[   10.809153]  mtd_read_oob_std+0x78/0x84
[   10.809157]  mtd_read_oob+0x7c/0x134
[   10.809161]  mtd_read+0x48/0x7c
[   10.809167]  mtdblock_readsect+0x6c/0x150
[   10.809172]  mtd_queue_rq+0x2cc/0x5a0
[   10.809178]  blk_mq_dispatch_rq_list+0x110/0x790
[   10.809184]  __blk_mq_do_dispatch_sched+0x200/0x274
[   10.809190]  __blk_mq_sched_dispatch_requests+0x1a8/0x1fc
[   10.809195]  blk_mq_sched_dispatch_requests+0x3c/0x7c
[   10.809200]  __blk_mq_run_hw_queue+0x98/0x100
[   10.809205]  blk_mq_run_work_fn+0x24/0x30
[   10.809210]  process_one_work+0x1d4/0x380
[   10.809214]  worker_thread+0x78/0x4e0
[   10.809219]  kthread+0x124/0x130
[   10.809225]  ret_from_fork+0x10/0x3c
[   10.809228] ---[ end trace d660c009293abe6a ]---
[   10.809236] zynqmp-qspi ff0f0000.spi: Cannot enable APB clock.
[   10.809287] spi_master spi0: Failed to power device: -108
[   10.809297] blk_update_request: I/O error, dev mtdblock0, sector 8 op 0x0:(READ) flags 0x80700 phys_seg 1 prio class 0
[   10.809365] spi_master spi0: Failed to power device: -22
[   10.809372] blk_update_request: I/O error, dev mtdblock0, sector 8 op 0x0:(READ) flags 0x0 phys_seg 8 prio class 0
[   10.809377] Buffer I/O error on dev mtdblock0, logical block 8, async page read
[   10.809386] spi_master spi0: Failed to power device: -22
[   10.809392] blk_update_request: I/O error, dev mtdblock0, sector 9 op 0x0:(READ) flags 0x0 phys_seg 7 prio class 0
[   10.809396] Buffer I/O error on dev mtdblock0, logical block 9, async page read
[   10.809403] spi_master spi0: Failed to power device: -22
[   10.809409] blk_update_request: I/O error, dev mtdblock0, sector 10 op 0x0:(READ) flags 0x0 phys_seg 6 prio class 0
[   10.809412] Buffer I/O error on dev mtdblock0, logical block 10, async page read
[   10.809419] spi_master spi0: Failed to power device: -22
[   10.809425] blk_update_request: I/O error, dev mtdblock0, sector 11 op 0x0:(READ) flags 0x0 phys_seg 5 prio class 0
[   10.809429] Buffer I/O error on dev mtdblock0, logical block 11, async page read
[   10.809436] spi_master spi0: Failed to power device: -22
[   10.809441] blk_update_request: I/O error, dev mtdblock0, sector 12 op 0x0:(READ) flags 0x0 phys_seg 4 prio class 0
[   10.809445] Buffer I/O error on dev mtdblock0, logical block 12, async page read
[   10.809452] spi_master spi0: Failed to power device: -22
[   10.809457] blk_update_request: I/O error, dev mtdblock0, sector 13 op 0x0:(READ) flags 0x0 phys_seg 3 prio class 0
[   10.809461] Buffer I/O error on dev mtdblock0, logical block 13, async page read
[   10.809468] spi_master spi0: Failed to power device: -22
[   10.809474] blk_update_request: I/O error, dev mtdblock0, sector 14 op 0x0:(READ) flags 0x0 phys_seg 2 prio class 0
[   10.809477] Buffer I/O error on dev mtdblock0, logical block 14, async page read
[   10.809484] spi_master spi0: Failed to power device: -22
[   10.809490] blk_update_request: I/O error, dev mtdblock0, sector 15 op 0x0:(READ) flags 0x0 phys_seg 1 prio class 0
[   10.809494] Buffer I/O error on dev mtdblock0, logical block 15, async page read
[   10.809802] spi_master spi0: Failed to power device: -22
[   10.809810] blk_update_request: I/O error, dev mtdblock1, sector 10112 op 0x0:(READ) flags 0x80700 phys_seg 1 prio class 0
[   10.809853] spi_master spi0: Failed to power device: -22
[   10.809859] Buffer I/O error on dev mtdblock1, logical block 10112, async page read
[   10.809867] spi_master spi0: Failed to power device: -22
[   10.809871] Buffer I/O error on dev mtdblock1, logical block 10113, async page read
[   10.809878] spi_master spi0: Failed to power device: -22
[   10.809886] spi_master spi0: Failed to power device: -22
[   10.809894] spi_master spi0: Failed to power device: -22
[   10.809901] spi_master spi0: Failed to power device: -22
[   10.809908] spi_master spi0: Failed to power device: -22
[   10.809915] spi_master spi0: Failed to power device: -22
[   10.810169] spi_master spi0: Failed to power device: -22
[   10.810212] spi_master spi0: Failed to power device: -22
[   10.810222] spi_master spi0: Failed to power device: -22
[   10.810229] spi_master spi0: Failed to power device: -22
[   10.810237] spi_master spi0: Failed to power device: -22
[   10.810244] spi_master spi0: Failed to power device: -22
[   10.810252] spi_master spi0: Failed to power device: -22
[   10.810259] spi_master spi0: Failed to power device: -22
[   10.810266] spi_master spi0: Failed to power device: -22
[   10.810541] spi_master spi0: Failed to power device: -22
[   10.810585] spi_master spi0: Failed to power device: -22
[   10.810595] spi_master spi0: Failed to power device: -22
[   10.810602] spi_master spi0: Failed to power device: -22
[   10.810610] spi_master spi0: Failed to power device: -22
[   10.810617] spi_master spi0: Failed to power device: -22
[   10.810625] spi_master spi0: Failed to power device: -22
[   10.810632] spi_master spi0: Failed to power device: -22
[   10.810639] spi_master spi0: Failed to power device: -22
[   10.936154] EXT4-fs (mmcblk0p2): re-mounted. Opts: (null)
[   11.132563] systemd-journald[167]: Received request to flush runtime journal from PID 1
[   16.974073] macb ff0e0000.ethernet eth0: PHY [ff0e0000.ethernet-ffffffff:0c] driver [TI DP83867] (irq=POLL)
[   16.974086] macb ff0e0000.ethernet eth0: configuring for phy/rgmii-id link mode
[   17.299905] Adding 94204k swap on /var/swap.  Priority:-2 extents:1 across:94204k SS
[   18.991778] random: crng init done
[   18.991789] random: 7 urandom warning(s) missed due to ratelimiting
[   19.886548] broken atomic modeset userspace detected, disabling atomic
[   21.057366] macb ff0e0000.ethernet eth0: Link is Up - 1Gbps/Full - flow control off
[   21.057391] IPv6: ADDRCONF(NETDEV_CHANGE): eth0: link becomes ready
[   22.559606] broken atomic modeset userspace detected, disabling atomic
[   25.420117] broken atomic modeset userspace detected, disabling atomic
[   28.062940] broken atomic modeset userspace detected, disabling atomic