[    0.000000] Booting Linux on physical CPU 0x0000000000 [0x410fd034]
[    0.000000] Linux version 5.10.0-98103-g2aa7ac113716 (jenkins@romlxbuild1.adlk.analog.com) (aarch64-xilinx-linux-gcc.real (GCC) 10.2.0, GNU ld (GNU Binutils) 2.35.0.20200730) #5577 SMP Wed Mar 23 07:28:49 GMT 2022
[    0.000000] Machine model: ZynqMP ZCU102 Rev1.0
[    0.000000] earlycon: cdns0 at MMIO 0x00000000ff000000 (options '115200n8')
[    0.000000] printk: bootconsole [cdns0] enabled
[    0.000000] efi: UEFI not found.
[    0.000000] cma: Reserved 256 MiB at 0x0000000070000000
[    0.000000] Zone ranges:
[    0.000000]   DMA      [mem 0x0000000000000000-0x000000003fffffff]
[    0.000000]   DMA32    [mem 0x0000000040000000-0x00000000ffffffff]
[    0.000000]   Normal   [mem 0x0000000100000000-0x000000087fffffff]
[    0.000000] Movable zone start for each node
[    0.000000] Early memory node ranges
[    0.000000]   node   0: [mem 0x0000000000000000-0x000000007fffffff]
[    0.000000]   node   0: [mem 0x0000000800000000-0x000000087fffffff]
[    0.000000] Initmem setup node 0 [mem 0x0000000000000000-0x000000087fffffff]
[    0.000000] On node 0 totalpages: 1048576
[    0.000000]   DMA zone: 3584 pages used for memmap
[    0.000000]   DMA zone: 0 pages reserved
[    0.000000]   DMA zone: 262144 pages, LIFO batch:63
[    0.000000]   DMA32 zone: 3584 pages used for memmap
[    0.000000]   DMA32 zone: 262144 pages, LIFO batch:63
[    0.000000]   Normal zone: 7168 pages used for memmap
[    0.000000]   Normal zone: 524288 pages, LIFO batch:63
[    0.000000] psci: probing for conduit method from DT.
[    0.000000] psci: PSCIv1.1 detected in firmware.
[    0.000000] psci: Using standard PSCI v0.2 function IDs
[    0.000000] psci: MIGRATE_INFO_TYPE not supported.
[    0.000000] psci: SMC Calling Convention v1.2
[    0.000000] percpu: Embedded 22 pages/cpu s49496 r8192 d32424 u90112
[    0.000000] pcpu-alloc: s49496 r8192 d32424 u90112 alloc=22*4096
[    0.000000] pcpu-alloc: [0] 0 [0] 1 [0] 2 [0] 3 
[    0.000000] Detected VIPT I-cache on CPU0
[    0.000000] CPU features: detected: ARM erratum 845719
[    0.000000] Built 1 zonelists, mobility grouping on.  Total pages: 1034240
[    0.000000] Kernel command line: console=ttyPS0,115200 root=/dev/mmcblk0p2 rw earlycon rootfstype=ext4 rootwait clk_ignore_unused cpuidle.off=1 root=/dev/mmcblk0p2 rw rootwait
[    0.000000] Dentry cache hash table entries: 524288 (order: 10, 4194304 bytes, linear)
[    0.000000] Inode-cache hash table entries: 262144 (order: 9, 2097152 bytes, linear)
[    0.000000] mem auto-init: stack:off, heap alloc:off, heap free:off
[    0.000000] software IO TLB: mapped [mem 0x000000003bfff000-0x000000003ffff000] (64MB)
[    0.000000] Memory: 3761904K/4194304K available (15296K kernel code, 1636K rwdata, 11876K rodata, 2560K init, 507K bss, 170256K reserved, 262144K cma-reserved)
[    0.000000] rcu: Hierarchical RCU implementation.
[    0.000000] rcu: 	RCU event tracing is enabled.
[    0.000000] rcu: 	RCU restricting CPUs from NR_CPUS=8 to nr_cpu_ids=4.
[    0.000000] rcu: RCU calculated value of scheduler-enlistment delay is 25 jiffies.
[    0.000000] rcu: Adjusting geometry for rcu_fanout_leaf=16, nr_cpu_ids=4
[    0.000000] NR_IRQS: 64, nr_irqs: 64, preallocated irqs: 0
[    0.000000] GIC: Adjusting CPU interface base to 0x00000000f902f000
[    0.000000] GIC: Using split EOI/Deactivate mode
[    0.000000] random: get_random_bytes called from start_kernel+0x31c/0x54c with crng_init=0
[    0.000000] arch_timer: cp15 timer(s) running at 100.00MHz (phys).
[    0.000000] clocksource: arch_sys_counter: mask: 0xffffffffffffff max_cycles: 0x171024e7e0, max_idle_ns: 440795205315 ns
[    0.000003] sched_clock: 56 bits at 100MHz, resolution 10ns, wraps every 4398046511100ns
[    0.008462] Console: colour dummy device 80x25
[    0.012482] Calibrating delay loop (skipped), value calculated using timer frequency.. 200.00 BogoMIPS (lpj=400000)
[    0.022840] pid_max: default: 32768 minimum: 301
[    0.027549] Mount-cache hash table entries: 8192 (order: 4, 65536 bytes, linear)
[    0.034788] Mountpoint-cache hash table entries: 8192 (order: 4, 65536 bytes, linear)
[    0.043396] rcu: Hierarchical SRCU implementation.
[    0.047561] EFI services will not be available.
[    0.051938] smp: Bringing up secondary CPUs ...
[    0.056657] Detected VIPT I-cache on CPU1
[    0.056696] CPU1: Booted secondary processor 0x0000000001 [0x410fd034]
[    0.057061] Detected VIPT I-cache on CPU2
[    0.057085] CPU2: Booted secondary processor 0x0000000002 [0x410fd034]
[    0.057424] Detected VIPT I-cache on CPU3
[    0.057447] CPU3: Booted secondary processor 0x0000000003 [0x410fd034]
[    0.057493] smp: Brought up 1 node, 4 CPUs
[    0.091779] SMP: Total of 4 processors activated.
[    0.096452] CPU features: detected: 32-bit EL0 Support
[    0.101555] CPU features: detected: CRC32 instructions
[    0.106694] CPU: All CPU(s) started at EL2
[    0.110736] alternatives: patching kernel code
[    0.116170] devtmpfs: initialized
[    0.124075] Registered cp15_barrier emulation handler
[    0.124125] Registered setend emulation handler
[    0.128099] clocksource: jiffies: mask: 0xffffffff max_cycles: 0xffffffff, max_idle_ns: 7645041785100000 ns
[    0.137678] futex hash table entries: 1024 (order: 4, 65536 bytes, linear)
[    0.151041] pinctrl core: initialized pinctrl subsystem
[    0.151686] NET: Registered protocol family 16
[    0.156110] DMA: preallocated 512 KiB GFP_KERNEL pool for atomic allocations
[    0.162124] DMA: preallocated 512 KiB GFP_KERNEL|GFP_DMA pool for atomic allocations
[    0.169850] DMA: preallocated 512 KiB GFP_KERNEL|GFP_DMA32 pool for atomic allocations
[    0.177653] audit: initializing netlink subsys (disabled)
[    0.183104] audit: type=2000 audit(0.116:1): state=initialized audit_enabled=0 res=1
[    0.183449] hw-breakpoint: found 6 breakpoint and 4 watchpoint registers.
[    0.197480] ASID allocator initialised with 65536 entries
[    0.224377] HugeTLB registered 1.00 GiB page size, pre-allocated 0 pages
[    0.225438] HugeTLB registered 32.0 MiB page size, pre-allocated 0 pages
[    0.232108] HugeTLB registered 2.00 MiB page size, pre-allocated 0 pages
[    0.238772] HugeTLB registered 64.0 KiB page size, pre-allocated 0 pages
[    1.304383] DRBG: Continuing without Jitter RNG
[    1.382165] raid6: neonx8   gen()  2146 MB/s
[    1.450213] raid6: neonx8   xor()  1599 MB/s
[    1.518271] raid6: neonx4   gen()  2196 MB/s
[    1.586322] raid6: neonx4   xor()  1567 MB/s
[    1.654382] raid6: neonx2   gen()  2075 MB/s
[    1.722439] raid6: neonx2   xor()  1435 MB/s
[    1.790504] raid6: neonx1   gen()  1772 MB/s
[    1.858545] raid6: neonx1   xor()  1220 MB/s
[    1.926602] raid6: int64x8  gen()  1438 MB/s
[    1.994661] raid6: int64x8  xor()   771 MB/s
[    2.062729] raid6: int64x4  gen()  1598 MB/s
[    2.130786] raid6: int64x4  xor()   817 MB/s
[    2.198860] raid6: int64x2  gen()  1397 MB/s
[    2.266898] raid6: int64x2  xor()   750 MB/s
[    2.334974] raid6: int64x1  gen()  1034 MB/s
[    2.403035] raid6: int64x1  xor()   517 MB/s
[    2.403074] raid6: using algorithm neonx4 gen() 2196 MB/s
[    2.407030] raid6: .... xor() 1567 MB/s, rmw enabled
[    2.411960] raid6: using neon recovery algorithm
[    2.416970] iommu: Default domain type: Translated 
[    2.421586] SCSI subsystem initialized
[    2.425130] libata version 3.00 loaded.
[    2.425253] usbcore: registered new interface driver usbfs
[    2.430586] usbcore: registered new interface driver hub
[    2.435860] usbcore: registered new device driver usb
[    2.440994] mc: Linux media interface: v0.10
[    2.445107] videodev: Linux video capture interface: v2.00
[    2.450599] EDAC MC: Ver: 3.0.0
[    2.454032] zynqmp-ipi-mbox mailbox@ff990400: Registered ZynqMP IPI mbox with TX/RX channels.
[    2.462542] jesd204: created con: id=0, topo=0, link=0, /axi/spi@ff050000/hmc7044@0 <-> /fpga-axi@0/axi-adxcvr-tx@84b60000
[    2.473128] jesd204: created con: id=1, topo=0, link=2, /axi/spi@ff050000/hmc7044@0 <-> /fpga-axi@0/axi-adxcvr-rx@84a60000
[    2.484113] jesd204: created con: id=2, topo=0, link=0, /fpga-axi@0/axi-adxcvr-tx@84b60000 <-> /fpga-axi@0/axi-jesd204-tx@84b90000
[    2.495788] jesd204: created con: id=3, topo=0, link=2, /fpga-axi@0/axi-adxcvr-rx@84a60000 <-> /fpga-axi@0/axi-jesd204-rx@84a90000
[    2.507466] jesd204: created con: id=4, topo=0, link=0, /fpga-axi@0/axi-jesd204-tx@84b90000 <-> /fpga-axi@0/axi-ad9081-tx-hpc@84b10000
[    2.519493] jesd204: created con: id=5, topo=0, link=2, /fpga-axi@0/axi-jesd204-rx@84a90000 <-> /fpga-axi@0/axi-ad9081-rx-hpc@84a10000
[    2.531516] jesd204: created con: id=6, topo=0, link=2, /fpga-axi@0/axi-ad9081-rx-hpc@84a10000 <-> /axi/spi@ff040000/ad9081@0
[    2.542757] jesd204: created con: id=7, topo=0, link=0, /fpga-axi@0/axi-ad9081-tx-hpc@84b10000 <-> /axi/spi@ff040000/ad9081@0
[    2.554007] jesd204: /axi/spi@ff040000/ad9081@0: JESD204[2] transition uninitialized -> initialized
[    2.562994] jesd204: /axi/spi@ff040000/ad9081@0: JESD204[0] transition uninitialized -> initialized
[    2.571985] jesd204: found 8 devices and 1 topologies
[    2.577029] FPGA manager framework
[    2.580504] Advanced Linux Sound Architecture Driver Initialized.
[    2.586805] Bluetooth: Core ver 2.22
[    2.589988] NET: Registered protocol family 31
[    2.594390] Bluetooth: HCI device and connection manager initialized
[    2.600706] Bluetooth: HCI socket layer initialized
[    2.605548] Bluetooth: L2CAP socket layer initialized
[    2.610572] Bluetooth: SCO socket layer initialized
[    2.615760] clocksource: Switched to clocksource arch_sys_counter
[    2.621561] VFS: Disk quotas dquot_6.6.0
[    2.625399] VFS: Dquot-cache hash table entries: 512 (order 0, 4096 bytes)
[    2.636112] NET: Registered protocol family 2
[    2.636846] tcp_listen_portaddr_hash hash table entries: 2048 (order: 3, 32768 bytes, linear)
[    2.645042] TCP established hash table entries: 32768 (order: 6, 262144 bytes, linear)
[    2.653065] TCP bind hash table entries: 32768 (order: 7, 524288 bytes, linear)
[    2.660509] TCP: Hash tables configured (established 32768 bind 32768)
[    2.666687] UDP hash table entries: 2048 (order: 4, 65536 bytes, linear)
[    2.673351] UDP-Lite hash table entries: 2048 (order: 4, 65536 bytes, linear)
[    2.680514] NET: Registered protocol family 1
[    2.684975] RPC: Registered named UNIX socket transport module.
[    2.690588] RPC: Registered udp transport module.
[    2.695254] RPC: Registered tcp transport module.
[    2.699921] RPC: Registered tcp NFSv4.1 backchannel transport module.
[    2.706908] PCI: CLS 0 bytes, default 64
[    2.710620] hw perfevents: no interrupt-affinity property for /pmu, guessing.
[    2.717472] hw perfevents: enabled with armv8_pmuv3 PMU driver, 7 counters available
[    2.725821] Initialise system trusted keyrings
[    2.729496] workingset: timestamp_bits=62 max_order=20 bucket_order=0
[    2.736404] NFS: Registering the id_resolver key type
[    2.740848] Key type id_resolver registered
[    2.744988] Key type id_legacy registered
[    2.748981] nfs4filelayout_init: NFSv4 File Layout Driver Registering...
[    2.755645] jffs2: version 2.2. (NAND) (SUMMARY)  Â© 2001-2006 Red Hat, Inc.
[    2.798497] NET: Registered protocol family 38
[    2.798539] xor: measuring software checksum speed
[    2.806228]    8regs           :  2363 MB/sec
[    2.809896]    32regs          :  2799 MB/sec
[    2.814839]    arm64_neon      :  2380 MB/sec
[    2.815029] xor: using function: 32regs (2799 MB/sec)
[    2.820055] Key type asymmetric registered
[    2.824116] Asymmetric key parser 'x509' registered
[    2.828977] Block layer SCSI generic (bsg) driver version 0.4 loaded (major 248)
[    2.836314] io scheduler mq-deadline registered
[    2.840810] io scheduler kyber registered
[    2.870195] Serial: 8250/16550 driver, 4 ports, IRQ sharing disabled
[    2.874845] cacheinfo: Unable to detect cache hierarchy for CPU 0
[    2.881190] brd: module loaded
[    2.885346] loop: module loaded
[    2.885894] Registered mathworks_ip class
[    2.889215] libphy: Fixed MDIO Bus: probed
[    2.892185] tun: Universal TUN/TAP device driver, 1.6
[    2.896249] CAN device driver interface
[    2.900787] usbcore: registered new interface driver asix
[    2.905377] usbcore: registered new interface driver ax88179_178a
[    2.911414] usbcore: registered new interface driver cdc_ether
[    2.917208] usbcore: registered new interface driver net1080
[    2.922832] usbcore: registered new interface driver cdc_subset
[    2.928714] usbcore: registered new interface driver zaurus
[    2.934260] usbcore: registered new interface driver cdc_ncm
[    2.940663] ehci_hcd: USB 2.0 'Enhanced' Host Controller (EHCI) Driver
[    2.946344] ehci-pci: EHCI PCI platform driver
[    2.951147] usbcore: registered new interface driver uas
[    2.956061] usbcore: registered new interface driver usb-storage
[    2.962048] usbcore: registered new interface driver usbserial_generic
[    2.968498] usbserial: USB Serial support registered for generic
[    2.974470] usbcore: registered new interface driver ftdi_sio
[    2.980173] usbserial: USB Serial support registered for FTDI USB Serial Device
[    2.987446] usbcore: registered new interface driver upd78f0730
[    2.993322] usbserial: USB Serial support registered for upd78f0730
[    3.000982] rtc_zynqmp ffa60000.rtc: registered as rtc0
[    3.004749] rtc_zynqmp ffa60000.rtc: setting system clock to 2022-03-25T23:31:58 UTC (1648251118)
[    3.013612] i2c /dev entries driver
[    3.018914] usbcore: registered new interface driver uvcvideo
[    3.022723] USB Video Class driver (1.1.1)
[    3.028303] Bluetooth: HCI UART driver ver 2.3
[    3.031194] Bluetooth: HCI UART protocol H4 registered
[    3.036303] Bluetooth: HCI UART protocol BCSP registered
[    3.041595] Bluetooth: HCI UART protocol LL registered
[    3.046681] Bluetooth: HCI UART protocol ATH3K registered
[    3.052054] Bluetooth: HCI UART protocol Three-wire (H5) registered
[    3.058310] Bluetooth: HCI UART protocol Intel registered
[    3.063647] Bluetooth: HCI UART protocol QCA registered
[    3.068847] usbcore: registered new interface driver bcm203x
[    3.074473] usbcore: registered new interface driver bpa10x
[    3.080006] usbcore: registered new interface driver bfusb
[    3.085454] usbcore: registered new interface driver btusb
[    3.090921] usbcore: registered new interface driver ath3k
[    3.096404] EDAC MC: ECC not enabled
[    3.100027] EDAC DEVICE0: Giving out device to module zynqmp-ocm-edac controller zynqmp_ocm: DEV ff960000.memory-controller (INTERRUPT)
[    3.112342] sdhci: Secure Digital Host Controller Interface driver
[    3.118130] sdhci: Copyright(c) Pierre Ossman
[    3.122455] sdhci-pltfm: SDHCI platform and OF driver helper
[    3.128521] ledtrig-cpu: registered to indicate activity on CPUs
[    3.134059] SMCCC: SOC_ID: ARCH_SOC_ID not implemented, skipping ....
[    3.140489] zynqmp_firmware_probe Platform Management API v1.1
[    3.146246] zynqmp_firmware_probe Trustzone version v1.0
[    3.185778] zynqmp-pinctrl firmware:zynqmp-firmware:pinctrl: zynqmp pinctrl initialized
[    3.233671] zynqmp-aes firmware:zynqmp-firmware:zynqmp-aes: will run requests pump with realtime priority
[    3.249444] alg: No test for xilinx-keccak-384 (zynqmp-keccak-384)
[    3.250155] alg: No test for xilinx-zynqmp-rsa (zynqmp-rsa)
[    3.255670] usbcore: registered new interface driver usbhid
[    3.261056] usbhid: USB HID core driver
[    3.272280] axi_sysid 85000000.axi-sysid-0: AXI System ID core version (1.01.a) found
[    3.274629] axi_sysid 85000000.axi-sysid-0: [ad9081_fmca_ebz] on [zcu102] git branch <master> git <084d44c9780640ca93fd847b1d9ec70dd65f5c67> clean [2022-03-18 04:17:50] UTC
[    3.290320] fpga_manager fpga0: Xilinx ZynqMP FPGA Manager registered
[    3.296685] usbcore: registered new interface driver snd-usb-audio
[    3.304127] pktgen: Packet Generator for packet performance testing. Version: 2.75
[    3.310301] Initializing XFRM netlink socket
[    3.314155] NET: Registered protocol family 10
[    3.318877] Segment Routing with IPv6
[    3.322255] sit: IPv6, IPv4 and MPLS over IPv4 tunneling driver
[    3.328331] NET: Registered protocol family 17
[    3.332432] NET: Registered protocol family 15
[    3.336932] can: controller area network core
[    3.341181] NET: Registered protocol family 29
[    3.345570] can: raw protocol
[    3.348506] can: broadcast manager protocol
[    3.352661] can: netlink gateway - max_hops=1
[    3.357056] Bluetooth: RFCOMM TTY layer initialized
[    3.361836] Bluetooth: RFCOMM socket layer initialized
[    3.366945] Bluetooth: RFCOMM ver 1.11
[    3.370655] Bluetooth: BNEP (Ethernet Emulation) ver 1.3
[    3.375926] Bluetooth: BNEP filters: protocol multicast
[    3.381117] Bluetooth: BNEP socket layer initialized
[    3.386047] Bluetooth: HIDP (Human Interface Emulation) ver 1.2
[    3.391931] Bluetooth: HIDP socket layer initialized
[    3.396987] 9pnet: Installing 9P2000 support
[    3.401108] NET: Registered protocol family 36
[    3.405522] Key type dns_resolver registered
[    3.409956] registered taskstats version 1
[    3.413821] Loading compiled-in X.509 certificates
[    3.418927] Btrfs loaded, crc32c=crc32c-generic
[    3.431340] ff000000.serial: ttyPS0 at MMIO 0xff000000 (irq = 49, base_baud = 6249999) is a xuartps
[    3.440363] printk: console [ttyPS0] enabled
[    3.444659] printk: bootconsole [cdns0] disabled
[    3.454284] ff010000.serial: ttyPS1 at MMIO 0xff010000 (irq = 50, base_baud = 6249999) is a xuartps
[    3.467543] of-fpga-region fpga-full: FPGA Region probed
[    3.474502] nwl-pcie fd0e0000.pcie: host bridge /axi/pcie@fd0e0000 ranges:
[    3.481396] nwl-pcie fd0e0000.pcie:      MEM 0x00e0000000..0x00efffffff -> 0x00e0000000
[    3.489404] nwl-pcie fd0e0000.pcie:      MEM 0x0600000000..0x07ffffffff -> 0x0600000000
[    3.497468] nwl-pcie fd0e0000.pcie: Link is DOWN
[    3.502225] nwl-pcie fd0e0000.pcie: PCI host bridge to bus 0000:00
[    3.508404] pci_bus 0000:00: root bus resource [bus 00-ff]
[    3.513885] pci_bus 0000:00: root bus resource [mem 0xe0000000-0xefffffff]
[    3.520755] pci_bus 0000:00: root bus resource [mem 0x600000000-0x7ffffffff pref]
[    3.528259] pci 0000:00:00.0: [10ee:d021] type 01 class 0x060400
[    3.534315] pci 0000:00:00.0: PME# supported from D0 D1 D2 D3hot
[    3.544764] pci 0000:00:00.0: PCI bridge to [bus 01-0c]
[    3.550742] xilinx-zynqmp-dma fd500000.dma: ZynqMP DMA driver Probe success
[    3.557912] xilinx-zynqmp-dma fd510000.dma: ZynqMP DMA driver Probe success
[    3.565088] xilinx-zynqmp-dma fd520000.dma: ZynqMP DMA driver Probe success
[    3.572260] xilinx-zynqmp-dma fd530000.dma: ZynqMP DMA driver Probe success
[    3.579430] xilinx-zynqmp-dma fd540000.dma: ZynqMP DMA driver Probe success
[    3.586600] xilinx-zynqmp-dma fd550000.dma: ZynqMP DMA driver Probe success
[    3.593772] xilinx-zynqmp-dma fd560000.dma: ZynqMP DMA driver Probe success
[    3.600943] xilinx-zynqmp-dma fd570000.dma: ZynqMP DMA driver Probe success
[    3.608337] xilinx-zynqmp-dpdma fd4c0000.dma-controller: Xilinx DPDMA engine is probed
[    3.616891] ahci-ceva fd0c0000.ahci: supply ahci not found, using dummy regulator
[    3.624429] ahci-ceva fd0c0000.ahci: supply phy not found, using dummy regulator
[    3.711937] hmc7044 spi2.0: PLL1: Acquisition, CLKIN0 @ 122880000 Hz, PFD: 80 kHz - PLL2: Locked @ 2784.000000 MHz
[    3.722654] jesd204: /axi/spi@ff050000/hmc7044@0,jesd204:1,parent=spi2.0: Using as SYSREF provider
[    3.732233] spi-nor spi0.0: SPI-NOR-UniqueID 100000235394732200270025081115266e
[    3.739544] spi-nor spi0.0: found n25q512a, expected m25p80
[    3.745742] spi-nor spi0.0: trying to lock already unlocked area
[    3.751745] spi-nor spi0.0: n25q512a (131072 Kbytes)
[    3.756730] 4 fixed-partitions partitions found on MTD device spi0.0
[    3.763077] Creating 4 MTD partitions on "spi0.0":
[    3.767863] 0x000000000000-0x000000100000 : "qspi-fsbl-uboot"
[    3.774350] 0x000000100000-0x000000600000 : "qspi-linux"
[    3.780310] 0x000000600000-0x000000620000 : "qspi-device-tree"
[    3.786792] 0x000000620000-0x000000c00000 : "qspi-rootfs"
[    3.795261] macb ff0e0000.ethernet: Not enabling partial store and forward
[    3.802789] libphy: MACB_mii_bus: probed
[    3.807856] macb ff0e0000.ethernet eth0: Cadence GEM rev 0x50070106 at 0xff0e0000 irq 30 (00:0a:35:04:8e:1b)
[    3.818062] xilinx-axipmon ffa00000.perf-monitor: Probed Xilinx APM
[    3.824641] xilinx-axipmon fd0b0000.perf-monitor: Probed Xilinx APM
[    3.831155] xilinx-axipmon fd490000.perf-monitor: Probed Xilinx APM
[    3.837699] xilinx-axipmon ffa10000.perf-monitor: Probed Xilinx APM
[    3.847700] pca953x 0-0020: supply vcc not found, using dummy regulator
[    3.854389] pca953x 0-0020: using no AI
[    3.858879] gpio-496 (sel0): hogged as output/low
[    3.863780] gpio-497 (sel1): hogged as output/high
[    3.868770] gpio-498 (sel2): hogged as output/high
[    3.873759] gpio-499 (sel3): hogged as output/high
[    3.878931] pca953x 0-0021: supply vcc not found, using dummy regulator
[    3.885600] pca953x 0-0021: using no AI
[    3.891368] ina2xx 2-0040: power monitor ina226 (Rshunt = 5000 uOhm)
[    3.898399] ina2xx 2-0041: power monitor ina226 (Rshunt = 5000 uOhm)
[    3.905429] ina2xx 2-0042: power monitor ina226 (Rshunt = 5000 uOhm)
[    3.912459] ina2xx 2-0043: power monitor ina226 (Rshunt = 5000 uOhm)
[    3.919480] ina2xx 2-0044: power monitor ina226 (Rshunt = 5000 uOhm)
[    3.926501] ina2xx 2-0045: power monitor ina226 (Rshunt = 5000 uOhm)
[    3.933536] ina2xx 2-0046: power monitor ina226 (Rshunt = 5000 uOhm)
[    3.940609] ina2xx 2-0047: power monitor ina226 (Rshunt = 5000 uOhm)
[    3.947638] ina2xx 2-004a: power monitor ina226 (Rshunt = 5000 uOhm)
[    3.954678] ina2xx 2-004b: power monitor ina226 (Rshunt = 5000 uOhm)
[    3.961084] i2c i2c-0: Added multiplexed i2c bus 2
[    3.966472] random: fast init done
[    3.969943] ina2xx 3-0040: power monitor ina226 (Rshunt = 2000 uOhm)
[    3.976974] ina2xx 3-0041: power monitor ina226 (Rshunt = 5000 uOhm)
[    3.984002] ina2xx 3-0042: power monitor ina226 (Rshunt = 5000 uOhm)
[    3.991035] ina2xx 3-0043: power monitor ina226 (Rshunt = 5000 uOhm)
[    3.998062] ina2xx 3-0044: power monitor ina226 (Rshunt = 5000 uOhm)
[    4.005089] ina2xx 3-0045: power monitor ina226 (Rshunt = 5000 uOhm)
[    4.012124] ina2xx 3-0046: power monitor ina226 (Rshunt = 5000 uOhm)
[    4.019152] ina2xx 3-0047: power monitor ina226 (Rshunt = 5000 uOhm)
[    4.025554] i2c i2c-0: Added multiplexed i2c bus 3
[    4.081796] i2c i2c-0: Added multiplexed i2c bus 4
[    4.086740] i2c i2c-0: Added multiplexed i2c bus 5
[    4.091526] pca954x 0-0075: registered 4 multiplexed busses for I2C mux pca9544
[    4.098876] cdns-i2c ff020000.i2c: 400 kHz mmio ff020000 irq 32
[    4.106615] at24 6-0054: supply vcc not found, using dummy regulator
[    4.113511] at24 6-0054: 1024 byte 24c08 EEPROM, writable, 1 bytes/write
[    4.120265] i2c i2c-1: Added multiplexed i2c bus 6
[    4.126690] si5341 7-0036: Chip: 5341 Grade: 1 Rev: 1
[    4.164389] i2c i2c-1: Added multiplexed i2c bus 7
[    4.172044] si570 8-005d: registered, current frequency 300000000 Hz
[    4.178445] i2c i2c-1: Added multiplexed i2c bus 8
[    4.198221] si570 9-005d: registered, current frequency 148500000 Hz
[    4.204624] i2c i2c-1: Added multiplexed i2c bus 9
[    4.209662] si5324 10-0069: si5328 probed
[    4.276120] si5324 10-0069: si5328 probe successful
[    4.281045] i2c i2c-1: Added multiplexed i2c bus 10
[    4.286073] i2c i2c-1: Added multiplexed i2c bus 11
[    4.291100] i2c i2c-1: Added multiplexed i2c bus 12
[    4.296121] i2c i2c-1: Added multiplexed i2c bus 13
[    4.301001] pca954x 1-0074: registered 8 multiplexed busses for I2C switch pca9548
[    4.309110] at24 14-0050: supply vcc not found, using dummy regulator
[    4.315904] at24 14-0050: 256 byte 24c02 EEPROM, writable, 1 bytes/write
[    4.322652] i2c i2c-1: Added multiplexed i2c bus 14
[    4.327692] i2c i2c-1: Added multiplexed i2c bus 15
[    4.332725] i2c i2c-1: Added multiplexed i2c bus 16
[    4.337764] i2c i2c-1: Added multiplexed i2c bus 17
[    4.342796] i2c i2c-1: Added multiplexed i2c bus 18
[    4.347843] i2c i2c-1: Added multiplexed i2c bus 19
[    4.352875] i2c i2c-1: Added multiplexed i2c bus 20
[    4.357910] i2c i2c-1: Added multiplexed i2c bus 21
[    4.362784] pca954x 1-0075: registered 8 multiplexed busses for I2C switch pca9548
[    4.370393] cdns-i2c ff030000.i2c: 400 kHz mmio ff030000 irq 33
[    4.380143] cdns-wdt fd4d0000.watchdog: Xilinx Watchdog Timer with timeout 60s
[    4.390929] axi_adxcvr 84a60000.axi-adxcvr-rx: AXI-ADXCVR-RX (17.05.a) using CPLL on GTH4 at 0x84A60000. Number of lanes: 4.
[    4.403077] axi_adxcvr 84b60000.axi-adxcvr-tx: AXI-ADXCVR-TX (17.05.a) using QPLL on GTH4 at 0x84B60000. Number of lanes: 4.
[    4.414705] axi-jesd204-rx 84a90000.axi-jesd204-rx: AXI-JESD204-RX (1.07.a) at 0x84A90000. Encoder 8b10b, width 4/4, lanes 4, jesd204-fsm.
[    4.422240] mmc0: SDHCI controller on ff170000.mmc [ff170000.mmc] using ADMA 64-bit
[    4.427541] axi-jesd204-tx 84b90000.axi-jesd204-tx: AXI-JESD204-TX (1.06.a) at 0x84B90000. Encoder 8b10b, width 4/4, lanes 4, jesd204-fsm.
[    4.448273] zynqmp-display fd4a0000.display: vtc bridge property not present
[    4.457930] xilinx-dp-snd-codec fd4a0000.display:zynqmp_dp_snd_codec0: Failed to get required clock freq
[    4.467431] xilinx-dp-snd-codec: probe of fd4a0000.display:zynqmp_dp_snd_codec0 failed with error -22
[    4.469541] mmc0: new high speed SDHC card at address 0001
[    4.476972] xilinx-dp-snd-pcm zynqmp_dp_snd_pcm0: Xilinx DisplayPort Sound PCM probed
[    4.482493] mmcblk0: mmc0:0001 EB1QT 29.8 GiB 
[    4.490288] xilinx-dp-snd-pcm zynqmp_dp_snd_pcm1: Xilinx DisplayPort Sound PCM probed
[    4.495610]  mmcblk0: p1 p2 p3
[    4.502592] OF: graph: no port node found in /axi/display@fd4a0000
[    4.511658] xlnx-drm xlnx-drm.0: bound fd4a0000.display (ops 0xffffffc010fcbdb8)
[    5.595777] zynqmp-display fd4a0000.display: [drm] Cannot find any crtc or sizes
[    5.603399] [drm] Initialized xlnx 1.0.0 20130509 for fd4a0000.display on minor 0
[    5.610892] zynqmp-display fd4a0000.display: ZynqMP DisplayPort Subsystem driver probed
[    5.619218] ahci-ceva fd0c0000.ahci: supply ahci not found, using dummy regulator
[    5.626761] ahci-ceva fd0c0000.ahci: supply phy not found, using dummy regulator
[    5.634217] ahci-ceva fd0c0000.ahci: supply target not found, using dummy regulator
[    5.652107] ahci-ceva fd0c0000.ahci: AHCI 0001.0301 32 slots 2 ports 6 Gbps 0x3 impl platform mode
[    5.661063] ahci-ceva fd0c0000.ahci: flags: 64bit ncq sntf pm clo only pmp fbs pio slum part ccc sds apst 
[    5.671690] scsi host0: ahci-ceva
[    5.675271] scsi host1: ahci-ceva
[    5.678700] ata1: SATA max UDMA/133 mmio [mem 0xfd0c0000-0xfd0c1fff] port 0x100 irq 45
[    5.686612] ata2: SATA max UDMA/133 mmio [mem 0xfd0c0000-0xfd0c1fff] port 0x180 irq 45
[    5.695209] ad9081 spi1.0: supply vdd not found, using dummy regulator
[    6.006012] ata1: SATA link down (SStatus 0 SControl 330)
[    6.011432] ata2: SATA link down (SStatus 0 SControl 330)
[    6.679779] zynqmp-display fd4a0000.display: [drm] Cannot find any crtc or sizes
[    6.901428] ad9081 spi1.0: Invalid param passed., "ref_clk_hz < 100000000ULL" in adi_ad9081_device_clk_config_set(...), line554 in drivers/iio/adc/ad9081/adi_ad9081_device.c
[    7.580945] ad9081 spi1.0: AD9081 Rev. 2 Grade 10 (API 1.2.2) probed
[    7.588156] xhci-hcd xhci-hcd.1.auto: xHCI Host Controller
[    7.593646] xhci-hcd xhci-hcd.1.auto: new USB bus registered, assigned bus number 1
[    7.601396] xhci-hcd xhci-hcd.1.auto: hcc params 0x0238f625 hci version 0x100 quirks 0x0000000002010810
[    7.610815] xhci-hcd xhci-hcd.1.auto: irq 59, io mem 0xfe200000
[    7.616922] usb usb1: New USB device found, idVendor=1d6b, idProduct=0002, bcdDevice= 5.10
[    7.625179] usb usb1: New USB device strings: Mfr=3, Product=2, SerialNumber=1
[    7.632399] usb usb1: Product: xHCI Host Controller
[    7.637266] usb usb1: Manufacturer: Linux 5.10.0-98103-g2aa7ac113716 xhci-hcd
[    7.644392] usb usb1: SerialNumber: xhci-hcd.1.auto
[    7.649552] hub 1-0:1.0: USB hub found
[    7.653320] hub 1-0:1.0: 1 port detected
[    7.657423] xhci-hcd xhci-hcd.1.auto: xHCI Host Controller
[    7.662915] xhci-hcd xhci-hcd.1.auto: new USB bus registered, assigned bus number 2
[    7.670569] xhci-hcd xhci-hcd.1.auto: Host supports USB 3.0 SuperSpeed
[    7.677189] usb usb2: New USB device found, idVendor=1d6b, idProduct=0003, bcdDevice= 5.10
[    7.685451] usb usb2: New USB device strings: Mfr=3, Product=2, SerialNumber=1
[    7.692662] usb usb2: Product: xHCI Host Controller
[    7.697531] usb usb2: Manufacturer: Linux 5.10.0-98103-g2aa7ac113716 xhci-hcd
[    7.704661] usb usb2: SerialNumber: xhci-hcd.1.auto
[    7.709783] hub 2-0:1.0: USB hub found
[    7.713545] hub 2-0:1.0: 1 port detected
[    7.743573] cf_axi_adc 84a10000.axi-ad9081-rx-hpc: ADI AIM (10.01.b) at 0x84A10000 mapped to 0x(____ptrval____), probed ADC AD9081 as MASTER
[    7.776600] cf_axi_dds 84b10000.axi-ad9081-tx-hpc: Analog Devices CF_AXI_DDS_DDS MASTER (9.01.b) at 0x84B10000 mapped to 0x(____ptrval____), probed DDS AD9081
[    7.790806] jesd204: /axi/spi@ff040000/ad9081@0,jesd204:0,parent=spi1.0: JESD204[2] transition initialized -> probed
[    7.801326] jesd204: /axi/spi@ff040000/ad9081@0,jesd204:0,parent=spi1.0: JESD204[0] transition initialized -> probed
[    7.811849] jesd204: /axi/spi@ff040000/ad9081@0,jesd204:0,parent=spi1.0: JESD204[2] transition probed -> idle
[    7.821757] jesd204: /axi/spi@ff040000/ad9081@0,jesd204:0,parent=spi1.0: JESD204[0] transition probed -> idle
[    7.831672] jesd204: /axi/spi@ff040000/ad9081@0,jesd204:0,parent=spi1.0: JESD204[2] transition idle -> device_init
[    7.842015] jesd204: /axi/spi@ff040000/ad9081@0,jesd204:0,parent=spi1.0: JESD204[0] transition idle -> device_init
[    7.852367] jesd204: /axi/spi@ff040000/ad9081@0,jesd204:0,parent=spi1.0: JESD204[2] transition device_init -> link_init
[    7.863145] jesd204: /axi/spi@ff040000/ad9081@0,jesd204:0,parent=spi1.0: JESD204[0] transition device_init -> link_init
[    7.873934] jesd204: /axi/spi@ff040000/ad9081@0,jesd204:0,parent=spi1.0: JESD204[2] transition link_init -> link_supported
[    7.884971] jesd204: /axi/spi@ff040000/ad9081@0,jesd204:0,parent=spi1.0: JESD204[0] transition link_init -> link_supported
[    7.896373] hmc7044 spi2.0: hmc7044_jesd204_link_pre_setup: Link2 forcing continuous SYSREF mode
[    7.905596] axi-jesd204-tx 84b90000.axi-jesd204-tx: axi_jesd204_tx_jesd204_link_pre_setup: Link0 set lane rate 4640000 kHz failed (-22)
[    7.917769] jesd204: /fpga-axi@0/axi-jesd204-tx@84b90000,jesd204:5,parent=84b90000.axi-jesd204-tx: JESD204[0] In link_pre_setup got error from cb: -22
[    7.931237] jesd204: /axi/spi@ff040000/ad9081@0,jesd204:0,parent=spi1.0: Rolling back from 'link_supported', got error -22
[    7.942281] jesd204: /axi/spi@ff040000/ad9081@0,jesd204:0,parent=spi1.0: JESD204[0] transition link_supported -> link_pre_setup
[    7.953752] jesd204: /axi/spi@ff040000/ad9081@0,jesd204:0,parent=spi1.0: JESD204[2] transition link_supported -> link_pre_setup
[    7.965230] jesd204: /axi/spi@ff040000/ad9081@0,jesd204:0,parent=spi1.0: JESD204[0] transition link_pre_setup -> link_supported
[    7.976703] jesd204: /axi/spi@ff040000/ad9081@0,jesd204:0,parent=spi1.0: JESD204[2] transition link_pre_setup -> link_supported
[    7.988179] jesd204: /axi/spi@ff040000/ad9081@0,jesd204:0,parent=spi1.0: JESD204[0] transition link_supported -> link_init
[    7.999218] jesd204: /axi/spi@ff040000/ad9081@0,jesd204:0,parent=spi1.0: JESD204[2] transition link_supported -> link_init
[    8.010265] jesd204: /axi/spi@ff040000/ad9081@0,jesd204:0,parent=spi1.0: JESD204[0] transition link_init -> device_init
[    8.021045] jesd204: /axi/spi@ff040000/ad9081@0,jesd204:0,parent=spi1.0: JESD204[2] transition link_init -> device_init
[    8.031829] jesd204: /axi/spi@ff040000/ad9081@0,jesd204:0,parent=spi1.0: JESD204[0] transition device_init -> idle
[    8.042176] jesd204: /axi/spi@ff040000/ad9081@0,jesd204:0,parent=spi1.0: JESD204[2] transition device_init -> idle
[    8.052527] jesd204: /axi/spi@ff040000/ad9081@0,jesd204:0,parent=spi1.0: JESD204[2] transition idle -> idle
[    8.062261] jesd204: /axi/spi@ff040000/ad9081@0,jesd204:0,parent=spi1.0: JESD204[0] transition idle -> idle
[    8.072004] jesd204: /axi/spi@ff040000/ad9081@0,jesd204:0,parent=spi1.0: JESD204[2] transition idle -> device_init
[    8.082347] jesd204: /axi/spi@ff040000/ad9081@0,jesd204:0,parent=spi1.0: JESD204[0] transition idle -> device_init
[    8.092696] jesd204: /axi/spi@ff040000/ad9081@0,jesd204:0,parent=spi1.0: JESD204[2] transition device_init -> link_init
[    8.103475] jesd204: /axi/spi@ff040000/ad9081@0,jesd204:0,parent=spi1.0: JESD204[0] transition device_init -> link_init
[    8.114265] jesd204: /axi/spi@ff040000/ad9081@0,jesd204:0,parent=spi1.0: JESD204[2] transition link_init -> link_supported
[    8.125305] jesd204: /axi/spi@ff040000/ad9081@0,jesd204:0,parent=spi1.0: JESD204[0] transition link_init -> link_supported
[    8.136640] axi-jesd204-tx 84b90000.axi-jesd204-tx: axi_jesd204_tx_jesd204_link_pre_setup: Link0 set lane rate 4640000 kHz failed (-22)
[    8.148814] jesd204: /fpga-axi@0/axi-jesd204-tx@84b90000,jesd204:5,parent=84b90000.axi-jesd204-tx: JESD204[0] In link_pre_setup got error from cb: -22
[    8.162282] jesd204: /axi/spi@ff040000/ad9081@0,jesd204:0,parent=spi1.0: Rolling back from 'link_supported', got error -22
[    8.173324] jesd204: /axi/spi@ff040000/ad9081@0,jesd204:0,parent=spi1.0: JESD204[0] transition link_supported -> link_pre_setup
[    8.184796] jesd204: /axi/spi@ff040000/ad9081@0,jesd204:0,parent=spi1.0: JESD204[2] transition link_supported -> link_pre_setup
[    8.196274] jesd204: /axi/spi@ff040000/ad9081@0,jesd204:0,parent=spi1.0: JESD204[0] transition link_pre_setup -> link_supported
[    8.207746] jesd204: /axi/spi@ff040000/ad9081@0,jesd204:0,parent=spi1.0: JESD204[2] transition link_pre_setup -> link_supported
[    8.219224] jesd204: /axi/spi@ff040000/ad9081@0,jesd204:0,parent=spi1.0: JESD204[0] transition link_supported -> link_init
[    8.230262] jesd204: /axi/spi@ff040000/ad9081@0,jesd204:0,parent=spi1.0: JESD204[2] transition link_supported -> link_init
[    8.241310] jesd204: /axi/spi@ff040000/ad9081@0,jesd204:0,parent=spi1.0: JESD204[0] transition link_init -> device_init
[    8.252094] jesd204: /axi/spi@ff040000/ad9081@0,jesd204:0,parent=spi1.0: JESD204[2] transition link_init -> device_init
[    8.262876] jesd204: /axi/spi@ff040000/ad9081@0,jesd204:0,parent=spi1.0: JESD204[0] transition device_init -> idle
[    8.273224] jesd204: /axi/spi@ff040000/ad9081@0,jesd204:0,parent=spi1.0: JESD204[2] transition device_init -> idle
[    8.283571] jesd204: /axi/spi@ff040000/ad9081@0,jesd204:0,parent=spi1.0: JESD204[2] transition idle -> idle
[    8.293305] jesd204: /axi/spi@ff040000/ad9081@0,jesd204:0,parent=spi1.0: JESD204[0] transition idle -> idle
[    8.303047] jesd204: /axi/spi@ff040000/ad9081@0,jesd204:0,parent=spi1.0: JESD204[2] transition idle -> device_init
[    8.313391] jesd204: /axi/spi@ff040000/ad9081@0,jesd204:0,parent=spi1.0: JESD204[0] transition idle -> device_init
[    8.323741] jesd204: /axi/spi@ff040000/ad9081@0,jesd204:0,parent=spi1.0: JESD204[2] transition device_init -> link_init
[    8.334520] jesd204: /axi/spi@ff040000/ad9081@0,jesd204:0,parent=spi1.0: JESD204[0] transition device_init -> link_init
[    8.345307] jesd204: /axi/spi@ff040000/ad9081@0,jesd204:0,parent=spi1.0: JESD204[2] transition link_init -> link_supported
[    8.356348] jesd204: /axi/spi@ff040000/ad9081@0,jesd204:0,parent=spi1.0: JESD204[0] transition link_init -> link_supported
[    8.367684] axi-jesd204-tx 84b90000.axi-jesd204-tx: axi_jesd204_tx_jesd204_link_pre_setup: Link0 set lane rate 4640000 kHz failed (-22)
[    8.379857] jesd204: /fpga-axi@0/axi-jesd204-tx@84b90000,jesd204:5,parent=84b90000.axi-jesd204-tx: JESD204[0] In link_pre_setup got error from cb: -22
[    8.393325] jesd204: /axi/spi@ff040000/ad9081@0,jesd204:0,parent=spi1.0: Rolling back from 'link_supported', got error -22
[    8.404371] jesd204: /axi/spi@ff040000/ad9081@0,jesd204:0,parent=spi1.0: JESD204[0] transition link_supported -> link_pre_setup
[    8.415845] jesd204: /axi/spi@ff040000/ad9081@0,jesd204:0,parent=spi1.0: JESD204[2] transition link_supported -> link_pre_setup
[    8.427319] jesd204: /axi/spi@ff040000/ad9081@0,jesd204:0,parent=spi1.0: JESD204[0] transition link_pre_setup -> link_supported
[    8.438790] jesd204: /axi/spi@ff040000/ad9081@0,jesd204:0,parent=spi1.0: JESD204[2] transition link_pre_setup -> link_supported
[    8.450267] jesd204: /axi/spi@ff040000/ad9081@0,jesd204:0,parent=spi1.0: JESD204[0] transition link_supported -> link_init
[    8.461307] jesd204: /axi/spi@ff040000/ad9081@0,jesd204:0,parent=spi1.0: JESD204[2] transition link_supported -> link_init
[    8.472353] jesd204: /axi/spi@ff040000/ad9081@0,jesd204:0,parent=spi1.0: JESD204[0] transition link_init -> device_init
[    8.483129] jesd204: /axi/spi@ff040000/ad9081@0,jesd204:0,parent=spi1.0: JESD204[2] transition link_init -> device_init
[    8.493911] jesd204: /axi/spi@ff040000/ad9081@0,jesd204:0,parent=spi1.0: JESD204[0] transition device_init -> idle
[    8.504255] jesd204: /axi/spi@ff040000/ad9081@0,jesd204:0,parent=spi1.0: JESD204[2] transition device_init -> idle
[    8.514606] jesd204: /axi/spi@ff040000/ad9081@0,jesd204:0,parent=spi1.0: JESD204[2] transition idle -> idle
[    8.524341] jesd204: /axi/spi@ff040000/ad9081@0,jesd204:0,parent=spi1.0: JESD204[0] transition idle -> idle
[    8.534087] jesd204: /axi/spi@ff040000/ad9081@0,jesd204:0,parent=spi1.0: JESD204[2] transition idle -> device_init
[    8.544435] jesd204: /axi/spi@ff040000/ad9081@0,jesd204:0,parent=spi1.0: JESD204[0] transition idle -> device_init
[    8.554785] jesd204: /axi/spi@ff040000/ad9081@0,jesd204:0,parent=spi1.0: JESD204[2] transition device_init -> link_init
[    8.565562] jesd204: /axi/spi@ff040000/ad9081@0,jesd204:0,parent=spi1.0: JESD204[0] transition device_init -> link_init
[    8.576350] jesd204: /axi/spi@ff040000/ad9081@0,jesd204:0,parent=spi1.0: JESD204[2] transition link_init -> link_supported
[    8.587392] jesd204: /axi/spi@ff040000/ad9081@0,jesd204:0,parent=spi1.0: JESD204[0] transition link_init -> link_supported
[    8.598728] axi-jesd204-tx 84b90000.axi-jesd204-tx: axi_jesd204_tx_jesd204_link_pre_setup: Link0 set lane rate 4640000 kHz failed (-22)
[    8.610900] jesd204: /fpga-axi@0/axi-jesd204-tx@84b90000,jesd204:5,parent=84b90000.axi-jesd204-tx: JESD204[0] In link_pre_setup got error from cb: -22
[    8.624370] jesd204: /axi/spi@ff040000/ad9081@0,jesd204:0,parent=spi1.0: Rolling back from 'link_supported', got error -22
[    8.635413] jesd204: /axi/spi@ff040000/ad9081@0,jesd204:0,parent=spi1.0: JESD204[0] transition link_supported -> link_pre_setup
[    8.646885] jesd204: /axi/spi@ff040000/ad9081@0,jesd204:0,parent=spi1.0: JESD204[2] transition link_supported -> link_pre_setup
[    8.658367] jesd204: /axi/spi@ff040000/ad9081@0,jesd204:0,parent=spi1.0: JESD204[0] transition link_pre_setup -> link_supported
[    8.669835] jesd204: /axi/spi@ff040000/ad9081@0,jesd204:0,parent=spi1.0: JESD204[2] transition link_pre_setup -> link_supported
[    8.681312] jesd204: /axi/spi@ff040000/ad9081@0,jesd204:0,parent=spi1.0: JESD204[0] transition link_supported -> link_init
[    8.692351] jesd204: /axi/spi@ff040000/ad9081@0,jesd204:0,parent=spi1.0: JESD204[2] transition link_supported -> link_init
[    8.703398] jesd204: /axi/spi@ff040000/ad9081@0,jesd204:0,parent=spi1.0: JESD204[0] transition link_init -> device_init
[    8.714173] jesd204: /axi/spi@ff040000/ad9081@0,jesd204:0,parent=spi1.0: JESD204[2] transition link_init -> device_init
[    8.724956] jesd204: /axi/spi@ff040000/ad9081@0,jesd204:0,parent=spi1.0: JESD204[0] transition device_init -> idle
[    8.735300] jesd204: /axi/spi@ff040000/ad9081@0,jesd204:0,parent=spi1.0: JESD204[2] transition device_init -> idle
[    8.745645] jesd204: /axi/spi@ff040000/ad9081@0,jesd204:0,parent=spi1.0: FSM completed with error -22
[    8.764089] input: gpio-keys as /devices/platform/gpio-keys/input/input0
[    8.771094] of_cfs_init
[    8.773561] of_cfs_init: OK
[    8.776507] cfg80211: Loading compiled-in X.509 certificates for regulatory database
[    8.914543] cfg80211: Loaded X.509 cert 'sforshee: 00b28ddf47aef9cea7'
[    8.921073] clk: Not disabling unused clocks
[    8.925598] ALSA device list:
[    8.928568]   No soundcards found.
[    8.932252] platform regulatory.0: Direct firmware load for regulatory.db failed with error -2
[    8.940861] cfg80211: failed to load regulatory.db
[    8.955561] EXT4-fs (mmcblk0p2): mounted filesystem with ordered data mode. Opts: (null)
[    8.963679] VFS: Mounted root (ext4 filesystem) on device 179:2.
[    8.977227] devtmpfs: mounted
[    8.981046] Freeing unused kernel memory: 2560K
[    8.985660] Run /sbin/init as init process
[    8.989750]   with arguments:
[    8.989753]     /sbin/init
[    8.989755]   with environment:
[    8.989758]     HOME=/
[    8.989760]     TERM=linux
[    9.561057] systemd[1]: systemd 241 running in system mode. (+PAM +AUDIT +SELINUX +IMA +APPARMOR +SMACK +SYSVINIT +UTMP +LIBCRYPTSETUP +GCRYPT +GNUTLS +ACL +XZ +LZ4 +SECCOMP +BLKID +ELFUTILS +KMOD -IDN2 +IDN -PCRE2 default-hierarchy=hybrid)
[    9.582958] systemd[1]: Detected architecture arm64.
[    9.604481] systemd[1]: Set hostname to <analog>.
[    9.809350] systemd[1]: File /lib/systemd/system/systemd-journald.service:12 configures an IP firewall (IPAddressDeny=any), but the local system does not support BPF/cgroup based firewalling.
[    9.826459] systemd[1]: Proceeding WITHOUT firewalling in effect! (This warning is only shown for the first loaded unit using IP firewalling.)
[    9.990809] systemd[1]: /etc/systemd/system/tof-server.service:1: Assignment outside of section. Ignoring.
[   10.000537] systemd[1]: /etc/systemd/system/tof-server.service:2: Assignment outside of section. Ignoring.
[   10.184204] random: systemd: uninitialized urandom read (16 bytes read)
[   10.198908] random: systemd: uninitialized urandom read (16 bytes read)
[   10.205583] systemd[1]: Reached target Swap.
[   10.219893] random: systemd: uninitialized urandom read (16 bytes read)
[   10.227077] systemd[1]: Created slice system-serial\x2dgetty.slice.
[   10.248187] systemd[1]: Listening on udev Control Socket.
[   11.013286] EXT4-fs (mmcblk0p2): re-mounted. Opts: (null)
[   11.091976] systemd-journald[158]: Received request to flush runtime journal from PID 1
[   16.610877] random: crng init done
[   16.610889] random: 7 urandom warning(s) missed due to ratelimiting
[   17.028282] macb ff0e0000.ethernet eth0: PHY [ff0e0000.ethernet-ffffffff:0c] driver [TI DP83867] (irq=POLL)
[   17.028296] macb ff0e0000.ethernet eth0: configuring for phy/rgmii-id link mode
[   17.315820] Adding 94204k swap on /var/swap.  Priority:-2 extents:1 across:94204k SS
[   19.882142] broken atomic modeset userspace detected, disabling atomic
[   21.121372] macb ff0e0000.ethernet eth0: Link is Up - 1Gbps/Full - flow control off
[   21.121397] IPv6: ADDRCONF(NETDEV_CHANGE): eth0: link becomes ready
[   22.557016] broken atomic modeset userspace detected, disabling atomic
[   25.413686] broken atomic modeset userspace detected, disabling atomic
[   28.058027] broken atomic modeset userspace detected, disabling atomic