[    0.000000] Booting Linux on physical CPU 0x0000000000 [0x410fd034]
[    0.000000] Linux version 5.10.0-98103-g2aa7ac113716 (jenkins@romlxbuild1.adlk.analog.com) (aarch64-xilinx-linux-gcc.real (GCC) 10.2.0, GNU ld (GNU Binutils) 2.35.0.20200730) #5577 SMP Wed Mar 23 07:28:49 GMT 2022
[    0.000000] Machine model: ZynqMP ZCU102 Rev1.0
[    0.000000] earlycon: cdns0 at MMIO 0x00000000ff000000 (options '115200n8')
[    0.000000] printk: bootconsole [cdns0] enabled
[    0.000000] efi: UEFI not found.
[    0.000000] cma: Reserved 256 MiB at 0x0000000070000000
[    0.000000] Zone ranges:
[    0.000000]   DMA      [mem 0x0000000000000000-0x000000003fffffff]
[    0.000000]   DMA32    [mem 0x0000000040000000-0x00000000ffffffff]
[    0.000000]   Normal   [mem 0x0000000100000000-0x000000087fffffff]
[    0.000000] Movable zone start for each node
[    0.000000] Early memory node ranges
[    0.000000]   node   0: [mem 0x0000000000000000-0x000000007fffffff]
[    0.000000]   node   0: [mem 0x0000000800000000-0x000000087fffffff]
[    0.000000] Initmem setup node 0 [mem 0x0000000000000000-0x000000087fffffff]
[    0.000000] On node 0 totalpages: 1048576
[    0.000000]   DMA zone: 3584 pages used for memmap
[    0.000000]   DMA zone: 0 pages reserved
[    0.000000]   DMA zone: 262144 pages, LIFO batch:63
[    0.000000]   DMA32 zone: 3584 pages used for memmap
[    0.000000]   DMA32 zone: 262144 pages, LIFO batch:63
[    0.000000]   Normal zone: 7168 pages used for memmap
[    0.000000]   Normal zone: 524288 pages, LIFO batch:63
[    0.000000] psci: probing for conduit method from DT.
[    0.000000] psci: PSCIv1.1 detected in firmware.
[    0.000000] psci: Using standard PSCI v0.2 function IDs
[    0.000000] psci: MIGRATE_INFO_TYPE not supported.
[    0.000000] psci: SMC Calling Convention v1.2
[    0.000000] percpu: Embedded 22 pages/cpu s49496 r8192 d32424 u90112
[    0.000000] pcpu-alloc: s49496 r8192 d32424 u90112 alloc=22*4096
[    0.000000] pcpu-alloc: [0] 0 [0] 1 [0] 2 [0] 3 
[    0.000000] Detected VIPT I-cache on CPU0
[    0.000000] CPU features: detected: ARM erratum 845719
[    0.000000] Built 1 zonelists, mobility grouping on.  Total pages: 1034240
[    0.000000] Kernel command line: console=ttyPS0,115200 root=/dev/mmcblk0p2 rw earlycon rootfstype=ext4 rootwait clk_ignore_unused cpuidle.off=1 root=/dev/mmcblk0p2 rw rootwait
[    0.000000] Dentry cache hash table entries: 524288 (order: 10, 4194304 bytes, linear)
[    0.000000] Inode-cache hash table entries: 262144 (order: 9, 2097152 bytes, linear)
[    0.000000] mem auto-init: stack:off, heap alloc:off, heap free:off
[    0.000000] software IO TLB: mapped [mem 0x000000003bfff000-0x000000003ffff000] (64MB)
[    0.000000] Memory: 3761904K/4194304K available (15296K kernel code, 1636K rwdata, 11876K rodata, 2560K init, 507K bss, 170256K reserved, 262144K cma-reserved)
[    0.000000] rcu: Hierarchical RCU implementation.
[    0.000000] rcu: 	RCU event tracing is enabled.
[    0.000000] rcu: 	RCU restricting CPUs from NR_CPUS=8 to nr_cpu_ids=4.
[    0.000000] rcu: RCU calculated value of scheduler-enlistment delay is 25 jiffies.
[    0.000000] rcu: Adjusting geometry for rcu_fanout_leaf=16, nr_cpu_ids=4
[    0.000000] NR_IRQS: 64, nr_irqs: 64, preallocated irqs: 0
[    0.000000] GIC: Adjusting CPU interface base to 0x00000000f902f000
[    0.000000] GIC: Using split EOI/Deactivate mode
[    0.000000] random: get_random_bytes called from start_kernel+0x31c/0x54c with crng_init=0
[    0.000000] arch_timer: cp15 timer(s) running at 100.00MHz (phys).
[    0.000000] clocksource: arch_sys_counter: mask: 0xffffffffffffff max_cycles: 0x171024e7e0, max_idle_ns: 440795205315 ns
[    0.000003] sched_clock: 56 bits at 100MHz, resolution 10ns, wraps every 4398046511100ns
[    0.008462] Console: colour dummy device 80x25
[    0.012483] Calibrating delay loop (skipped), value calculated using timer frequency.. 200.00 BogoMIPS (lpj=400000)
[    0.022841] pid_max: default: 32768 minimum: 301
[    0.027550] Mount-cache hash table entries: 8192 (order: 4, 65536 bytes, linear)
[    0.034789] Mountpoint-cache hash table entries: 8192 (order: 4, 65536 bytes, linear)
[    0.043396] rcu: Hierarchical SRCU implementation.
[    0.047561] EFI services will not be available.
[    0.051939] smp: Bringing up secondary CPUs ...
[    0.056655] Detected VIPT I-cache on CPU1
[    0.056694] CPU1: Booted secondary processor 0x0000000001 [0x410fd034]
[    0.057060] Detected VIPT I-cache on CPU2
[    0.057084] CPU2: Booted secondary processor 0x0000000002 [0x410fd034]
[    0.057422] Detected VIPT I-cache on CPU3
[    0.057446] CPU3: Booted secondary processor 0x0000000003 [0x410fd034]
[    0.057491] smp: Brought up 1 node, 4 CPUs
[    0.091780] SMP: Total of 4 processors activated.
[    0.096452] CPU features: detected: 32-bit EL0 Support
[    0.101556] CPU features: detected: CRC32 instructions
[    0.106696] CPU: All CPU(s) started at EL2
[    0.110737] alternatives: patching kernel code
[    0.116169] devtmpfs: initialized
[    0.124064] Registered cp15_barrier emulation handler
[    0.124115] Registered setend emulation handler
[    0.128092] clocksource: jiffies: mask: 0xffffffff max_cycles: 0xffffffff, max_idle_ns: 7645041785100000 ns
[    0.137670] futex hash table entries: 1024 (order: 4, 65536 bytes, linear)
[    0.151033] pinctrl core: initialized pinctrl subsystem
[    0.151677] NET: Registered protocol family 16
[    0.156103] DMA: preallocated 512 KiB GFP_KERNEL pool for atomic allocations
[    0.162116] DMA: preallocated 512 KiB GFP_KERNEL|GFP_DMA pool for atomic allocations
[    0.169843] DMA: preallocated 512 KiB GFP_KERNEL|GFP_DMA32 pool for atomic allocations
[    0.177645] audit: initializing netlink subsys (disabled)
[    0.183097] audit: type=2000 audit(0.116:1): state=initialized audit_enabled=0 res=1
[    0.183441] hw-breakpoint: found 6 breakpoint and 4 watchpoint registers.
[    0.197472] ASID allocator initialised with 65536 entries
[    0.224372] HugeTLB registered 1.00 GiB page size, pre-allocated 0 pages
[    0.225429] HugeTLB registered 32.0 MiB page size, pre-allocated 0 pages
[    0.232099] HugeTLB registered 2.00 MiB page size, pre-allocated 0 pages
[    0.238764] HugeTLB registered 64.0 KiB page size, pre-allocated 0 pages
[    1.304340] DRBG: Continuing without Jitter RNG
[    1.382155] raid6: neonx8   gen()  2144 MB/s
[    1.450206] raid6: neonx8   xor()  1599 MB/s
[    1.518266] raid6: neonx4   gen()  2191 MB/s
[    1.586315] raid6: neonx4   xor()  1566 MB/s
[    1.654385] raid6: neonx2   gen()  2076 MB/s
[    1.722425] raid6: neonx2   xor()  1436 MB/s
[    1.790500] raid6: neonx1   gen()  1772 MB/s
[    1.858540] raid6: neonx1   xor()  1220 MB/s
[    1.926601] raid6: int64x8  gen()  1438 MB/s
[    1.994654] raid6: int64x8  xor()   771 MB/s
[    2.062721] raid6: int64x4  gen()  1599 MB/s
[    2.130778] raid6: int64x4  xor()   817 MB/s
[    2.198840] raid6: int64x2  gen()  1397 MB/s
[    2.266890] raid6: int64x2  xor()   750 MB/s
[    2.334960] raid6: int64x1  gen()  1033 MB/s
[    2.403028] raid6: int64x1  xor()   517 MB/s
[    2.403066] raid6: using algorithm neonx4 gen() 2191 MB/s
[    2.407022] raid6: .... xor() 1566 MB/s, rmw enabled
[    2.411952] raid6: using neon recovery algorithm
[    2.416963] iommu: Default domain type: Translated 
[    2.421578] SCSI subsystem initialized
[    2.425122] libata version 3.00 loaded.
[    2.425246] usbcore: registered new interface driver usbfs
[    2.430578] usbcore: registered new interface driver hub
[    2.435851] usbcore: registered new device driver usb
[    2.440984] mc: Linux media interface: v0.10
[    2.445101] videodev: Linux video capture interface: v2.00
[    2.450592] EDAC MC: Ver: 3.0.0
[    2.454032] zynqmp-ipi-mbox mailbox@ff990400: Registered ZynqMP IPI mbox with TX/RX channels.
[    2.462534] jesd204: created con: id=0, topo=0, link=0, /axi/spi@ff050000/hmc7044@0 <-> /fpga-axi@0/axi-adxcvr-tx@84b60000
[    2.473121] jesd204: created con: id=1, topo=0, link=2, /axi/spi@ff050000/hmc7044@0 <-> /fpga-axi@0/axi-adxcvr-rx@84a60000
[    2.484105] jesd204: created con: id=2, topo=0, link=0, /fpga-axi@0/axi-adxcvr-tx@84b60000 <-> /fpga-axi@0/axi-jesd204-tx@84b90000
[    2.495781] jesd204: created con: id=3, topo=0, link=2, /fpga-axi@0/axi-adxcvr-rx@84a60000 <-> /fpga-axi@0/axi-jesd204-rx@84a90000
[    2.507458] jesd204: created con: id=4, topo=0, link=0, /fpga-axi@0/axi-jesd204-tx@84b90000 <-> /fpga-axi@0/axi-ad9081-tx-hpc@84b10000
[    2.519485] jesd204: created con: id=5, topo=0, link=2, /fpga-axi@0/axi-jesd204-rx@84a90000 <-> /fpga-axi@0/axi-ad9081-rx-hpc@84a10000
[    2.531508] jesd204: created con: id=6, topo=0, link=2, /fpga-axi@0/axi-ad9081-rx-hpc@84a10000 <-> /axi/spi@ff040000/ad9081@0
[    2.542750] jesd204: created con: id=7, topo=0, link=0, /fpga-axi@0/axi-ad9081-tx-hpc@84b10000 <-> /axi/spi@ff040000/ad9081@0
[    2.554000] jesd204: /axi/spi@ff040000/ad9081@0: JESD204[2] transition uninitialized -> initialized
[    2.562986] jesd204: /axi/spi@ff040000/ad9081@0: JESD204[0] transition uninitialized -> initialized
[    2.571978] jesd204: found 8 devices and 1 topologies
[    2.577022] FPGA manager framework
[    2.580499] Advanced Linux Sound Architecture Driver Initialized.
[    2.586795] Bluetooth: Core ver 2.22
[    2.589981] NET: Registered protocol family 31
[    2.594382] Bluetooth: HCI device and connection manager initialized
[    2.600698] Bluetooth: HCI socket layer initialized
[    2.605540] Bluetooth: L2CAP socket layer initialized
[    2.610564] Bluetooth: SCO socket layer initialized
[    2.615746] clocksource: Switched to clocksource arch_sys_counter
[    2.621556] VFS: Disk quotas dquot_6.6.0
[    2.625392] VFS: Dquot-cache hash table entries: 512 (order 0, 4096 bytes)
[    2.636104] NET: Registered protocol family 2
[    2.636839] tcp_listen_portaddr_hash hash table entries: 2048 (order: 3, 32768 bytes, linear)
[    2.645031] TCP established hash table entries: 32768 (order: 6, 262144 bytes, linear)
[    2.653057] TCP bind hash table entries: 32768 (order: 7, 524288 bytes, linear)
[    2.660501] TCP: Hash tables configured (established 32768 bind 32768)
[    2.666676] UDP hash table entries: 2048 (order: 4, 65536 bytes, linear)
[    2.673342] UDP-Lite hash table entries: 2048 (order: 4, 65536 bytes, linear)
[    2.680503] NET: Registered protocol family 1
[    2.684960] RPC: Registered named UNIX socket transport module.
[    2.690579] RPC: Registered udp transport module.
[    2.695243] RPC: Registered tcp transport module.
[    2.699913] RPC: Registered tcp NFSv4.1 backchannel transport module.
[    2.706903] PCI: CLS 0 bytes, default 64
[    2.710611] hw perfevents: no interrupt-affinity property for /pmu, guessing.
[    2.717464] hw perfevents: enabled with armv8_pmuv3 PMU driver, 7 counters available
[    2.725820] Initialise system trusted keyrings
[    2.729497] workingset: timestamp_bits=62 max_order=20 bucket_order=0
[    2.736395] NFS: Registering the id_resolver key type
[    2.740843] Key type id_resolver registered
[    2.744981] Key type id_legacy registered
[    2.748971] nfs4filelayout_init: NFSv4 File Layout Driver Registering...
[    2.755636] jffs2: version 2.2. (NAND) (SUMMARY)  Â© 2001-2006 Red Hat, Inc.
[    2.798678] NET: Registered protocol family 38
[    2.798721] xor: measuring software checksum speed
[    2.806409]    8regs           :  2363 MB/sec
[    2.810078]    32regs          :  2799 MB/sec
[    2.815021]    arm64_neon      :  2380 MB/sec
[    2.815211] xor: using function: 32regs (2799 MB/sec)
[    2.820237] Key type asymmetric registered
[    2.824298] Asymmetric key parser 'x509' registered
[    2.829159] Block layer SCSI generic (bsg) driver version 0.4 loaded (major 248)
[    2.836496] io scheduler mq-deadline registered
[    2.840992] io scheduler kyber registered
[    2.870405] Serial: 8250/16550 driver, 4 ports, IRQ sharing disabled
[    2.875043] cacheinfo: Unable to detect cache hierarchy for CPU 0
[    2.881382] brd: module loaded
[    2.885526] loop: module loaded
[    2.886073] Registered mathworks_ip class
[    2.889409] libphy: Fixed MDIO Bus: probed
[    2.892400] tun: Universal TUN/TAP device driver, 1.6
[    2.896457] CAN device driver interface
[    2.900991] usbcore: registered new interface driver asix
[    2.905587] usbcore: registered new interface driver ax88179_178a
[    2.911622] usbcore: registered new interface driver cdc_ether
[    2.917416] usbcore: registered new interface driver net1080
[    2.923042] usbcore: registered new interface driver cdc_subset
[    2.928922] usbcore: registered new interface driver zaurus
[    2.934466] usbcore: registered new interface driver cdc_ncm
[    2.940866] ehci_hcd: USB 2.0 'Enhanced' Host Controller (EHCI) Driver
[    2.946552] ehci-pci: EHCI PCI platform driver
[    2.951349] usbcore: registered new interface driver uas
[    2.956268] usbcore: registered new interface driver usb-storage
[    2.962255] usbcore: registered new interface driver usbserial_generic
[    2.968706] usbserial: USB Serial support registered for generic
[    2.974679] usbcore: registered new interface driver ftdi_sio
[    2.980382] usbserial: USB Serial support registered for FTDI USB Serial Device
[    2.987659] usbcore: registered new interface driver upd78f0730
[    2.993529] usbserial: USB Serial support registered for upd78f0730
[    3.001184] rtc_zynqmp ffa60000.rtc: registered as rtc0
[    3.004955] rtc_zynqmp ffa60000.rtc: setting system clock to 2022-03-26T00:33:55 UTC (1648254835)
[    3.013817] i2c /dev entries driver
[    3.019125] usbcore: registered new interface driver uvcvideo
[    3.022930] USB Video Class driver (1.1.1)
[    3.028511] Bluetooth: HCI UART driver ver 2.3
[    3.031402] Bluetooth: HCI UART protocol H4 registered
[    3.036511] Bluetooth: HCI UART protocol BCSP registered
[    3.041800] Bluetooth: HCI UART protocol LL registered
[    3.046889] Bluetooth: HCI UART protocol ATH3K registered
[    3.052262] Bluetooth: HCI UART protocol Three-wire (H5) registered
[    3.058518] Bluetooth: HCI UART protocol Intel registered
[    3.063857] Bluetooth: HCI UART protocol QCA registered
[    3.069057] usbcore: registered new interface driver bcm203x
[    3.074678] usbcore: registered new interface driver bpa10x
[    3.080214] usbcore: registered new interface driver bfusb
[    3.085664] usbcore: registered new interface driver btusb
[    3.091128] usbcore: registered new interface driver ath3k
[    3.096611] EDAC MC: ECC not enabled
[    3.100236] EDAC DEVICE0: Giving out device to module zynqmp-ocm-edac controller zynqmp_ocm: DEV ff960000.memory-controller (INTERRUPT)
[    3.112548] sdhci: Secure Digital Host Controller Interface driver
[    3.118338] sdhci: Copyright(c) Pierre Ossman
[    3.122663] sdhci-pltfm: SDHCI platform and OF driver helper
[    3.128714] ledtrig-cpu: registered to indicate activity on CPUs
[    3.134267] SMCCC: SOC_ID: ARCH_SOC_ID not implemented, skipping ....
[    3.140694] zynqmp_firmware_probe Platform Management API v1.1
[    3.146454] zynqmp_firmware_probe Trustzone version v1.0
[    3.185994] zynqmp-pinctrl firmware:zynqmp-firmware:pinctrl: zynqmp pinctrl initialized
[    3.234006] zynqmp-aes firmware:zynqmp-firmware:zynqmp-aes: will run requests pump with realtime priority
[    3.249828] alg: No test for xilinx-keccak-384 (zynqmp-keccak-384)
[    3.250535] alg: No test for xilinx-zynqmp-rsa (zynqmp-rsa)
[    3.256050] usbcore: registered new interface driver usbhid
[    3.261438] usbhid: USB HID core driver
[    3.272680] axi_sysid 85000000.axi-sysid-0: AXI System ID core version (1.01.a) found
[    3.275027] axi_sysid 85000000.axi-sysid-0: [ad9081_fmca_ebz] on [zcu102] git branch <master> git <084d44c9780640ca93fd847b1d9ec70dd65f5c67> clean [2022-03-18 04:17:50] UTC
[    3.290717] fpga_manager fpga0: Xilinx ZynqMP FPGA Manager registered
[    3.297069] usbcore: registered new interface driver snd-usb-audio
[    3.304522] pktgen: Packet Generator for packet performance testing. Version: 2.75
[    3.310702] Initializing XFRM netlink socket
[    3.314557] NET: Registered protocol family 10
[    3.319274] Segment Routing with IPv6
[    3.322659] sit: IPv6, IPv4 and MPLS over IPv4 tunneling driver
[    3.328728] NET: Registered protocol family 17
[    3.332831] NET: Registered protocol family 15
[    3.337327] can: controller area network core
[    3.341580] NET: Registered protocol family 29
[    3.345969] can: raw protocol
[    3.348905] can: broadcast manager protocol
[    3.353060] can: netlink gateway - max_hops=1
[    3.357454] Bluetooth: RFCOMM TTY layer initialized
[    3.362233] Bluetooth: RFCOMM socket layer initialized
[    3.367340] Bluetooth: RFCOMM ver 1.11
[    3.371052] Bluetooth: BNEP (Ethernet Emulation) ver 1.3
[    3.376323] Bluetooth: BNEP filters: protocol multicast
[    3.381517] Bluetooth: BNEP socket layer initialized
[    3.386444] Bluetooth: HIDP (Human Interface Emulation) ver 1.2
[    3.392328] Bluetooth: HIDP socket layer initialized
[    3.397383] 9pnet: Installing 9P2000 support
[    3.401506] NET: Registered protocol family 36
[    3.405921] Key type dns_resolver registered
[    3.410351] registered taskstats version 1
[    3.414218] Loading compiled-in X.509 certificates
[    3.419330] Btrfs loaded, crc32c=crc32c-generic
[    3.431720] ff000000.serial: ttyPS0 at MMIO 0xff000000 (irq = 49, base_baud = 6249999) is a xuartps
[    3.440745] printk: console [ttyPS0] enabled
[    3.445040] printk: bootconsole [cdns0] disabled
[    3.454667] ff010000.serial: ttyPS1 at MMIO 0xff010000 (irq = 50, base_baud = 6249999) is a xuartps
[    3.467921] of-fpga-region fpga-full: FPGA Region probed
[    3.474872] nwl-pcie fd0e0000.pcie: host bridge /axi/pcie@fd0e0000 ranges:
[    3.481769] nwl-pcie fd0e0000.pcie:      MEM 0x00e0000000..0x00efffffff -> 0x00e0000000
[    3.489771] nwl-pcie fd0e0000.pcie:      MEM 0x0600000000..0x07ffffffff -> 0x0600000000
[    3.497832] nwl-pcie fd0e0000.pcie: Link is DOWN
[    3.502589] nwl-pcie fd0e0000.pcie: PCI host bridge to bus 0000:00
[    3.508768] pci_bus 0000:00: root bus resource [bus 00-ff]
[    3.514249] pci_bus 0000:00: root bus resource [mem 0xe0000000-0xefffffff]
[    3.521119] pci_bus 0000:00: root bus resource [mem 0x600000000-0x7ffffffff pref]
[    3.528623] pci 0000:00:00.0: [10ee:d021] type 01 class 0x060400
[    3.534679] pci 0000:00:00.0: PME# supported from D0 D1 D2 D3hot
[    3.545124] pci 0000:00:00.0: PCI bridge to [bus 01-0c]
[    3.551097] xilinx-zynqmp-dma fd500000.dma: ZynqMP DMA driver Probe success
[    3.558268] xilinx-zynqmp-dma fd510000.dma: ZynqMP DMA driver Probe success
[    3.565449] xilinx-zynqmp-dma fd520000.dma: ZynqMP DMA driver Probe success
[    3.572623] xilinx-zynqmp-dma fd530000.dma: ZynqMP DMA driver Probe success
[    3.579793] xilinx-zynqmp-dma fd540000.dma: ZynqMP DMA driver Probe success
[    3.586956] xilinx-zynqmp-dma fd550000.dma: ZynqMP DMA driver Probe success
[    3.594125] xilinx-zynqmp-dma fd560000.dma: ZynqMP DMA driver Probe success
[    3.601297] xilinx-zynqmp-dma fd570000.dma: ZynqMP DMA driver Probe success
[    3.608691] xilinx-zynqmp-dpdma fd4c0000.dma-controller: Xilinx DPDMA engine is probed
[    3.617239] ahci-ceva fd0c0000.ahci: supply ahci not found, using dummy regulator
[    3.624784] ahci-ceva fd0c0000.ahci: supply phy not found, using dummy regulator
[    3.715921] hmc7044 spi2.0: PLL1: Acquisition, CLKIN0 @ 122880000 Hz, PFD: 80 kHz - PLL2: Locked @ 3088.000000 MHz
[    3.726641] jesd204: /axi/spi@ff050000/hmc7044@0,jesd204:1,parent=spi2.0: Using as SYSREF provider
[    3.736222] spi-nor spi0.0: SPI-NOR-UniqueID 100000235394732200270025081115266e
[    3.743527] spi-nor spi0.0: found n25q512a, expected m25p80
[    3.749731] spi-nor spi0.0: trying to lock already unlocked area
[    3.755744] spi-nor spi0.0: n25q512a (131072 Kbytes)
[    3.760722] 4 fixed-partitions partitions found on MTD device spi0.0
[    3.767070] Creating 4 MTD partitions on "spi0.0":
[    3.771855] 0x000000000000-0x000000100000 : "qspi-fsbl-uboot"
[    3.778347] 0x000000100000-0x000000600000 : "qspi-linux"
[    3.784303] 0x000000600000-0x000000620000 : "qspi-device-tree"
[    3.790780] 0x000000620000-0x000000c00000 : "qspi-rootfs"
[    3.799247] macb ff0e0000.ethernet: Not enabling partial store and forward
[    3.806775] libphy: MACB_mii_bus: probed
[    3.811834] macb ff0e0000.ethernet eth0: Cadence GEM rev 0x50070106 at 0xff0e0000 irq 30 (00:0a:35:04:8e:1b)
[    3.822042] xilinx-axipmon ffa00000.perf-monitor: Probed Xilinx APM
[    3.828613] xilinx-axipmon fd0b0000.perf-monitor: Probed Xilinx APM
[    3.835127] xilinx-axipmon fd490000.perf-monitor: Probed Xilinx APM
[    3.841670] xilinx-axipmon ffa10000.perf-monitor: Probed Xilinx APM
[    3.851650] pca953x 0-0020: supply vcc not found, using dummy regulator
[    3.858337] pca953x 0-0020: using no AI
[    3.862827] gpio-496 (sel0): hogged as output/low
[    3.867723] gpio-497 (sel1): hogged as output/high
[    3.872710] gpio-498 (sel2): hogged as output/high
[    3.877700] gpio-499 (sel3): hogged as output/high
[    3.882874] pca953x 0-0021: supply vcc not found, using dummy regulator
[    3.889546] pca953x 0-0021: using no AI
[    3.895306] ina2xx 2-0040: power monitor ina226 (Rshunt = 5000 uOhm)
[    3.902335] ina2xx 2-0041: power monitor ina226 (Rshunt = 5000 uOhm)
[    3.909377] ina2xx 2-0042: power monitor ina226 (Rshunt = 5000 uOhm)
[    3.916412] ina2xx 2-0043: power monitor ina226 (Rshunt = 5000 uOhm)
[    3.923432] ina2xx 2-0044: power monitor ina226 (Rshunt = 5000 uOhm)
[    3.930451] ina2xx 2-0045: power monitor ina226 (Rshunt = 5000 uOhm)
[    3.937483] ina2xx 2-0046: power monitor ina226 (Rshunt = 5000 uOhm)
[    3.944560] ina2xx 2-0047: power monitor ina226 (Rshunt = 5000 uOhm)
[    3.951585] ina2xx 2-004a: power monitor ina226 (Rshunt = 5000 uOhm)
[    3.958626] ina2xx 2-004b: power monitor ina226 (Rshunt = 5000 uOhm)
[    3.965039] i2c i2c-0: Added multiplexed i2c bus 2
[    3.970428] random: fast init done
[    3.973903] ina2xx 3-0040: power monitor ina226 (Rshunt = 2000 uOhm)
[    3.980928] ina2xx 3-0041: power monitor ina226 (Rshunt = 5000 uOhm)
[    3.987957] ina2xx 3-0042: power monitor ina226 (Rshunt = 5000 uOhm)
[    3.994986] ina2xx 3-0043: power monitor ina226 (Rshunt = 5000 uOhm)
[    4.002013] ina2xx 3-0044: power monitor ina226 (Rshunt = 5000 uOhm)
[    4.009039] ina2xx 3-0045: power monitor ina226 (Rshunt = 5000 uOhm)
[    4.016074] ina2xx 3-0046: power monitor ina226 (Rshunt = 5000 uOhm)
[    4.023101] ina2xx 3-0047: power monitor ina226 (Rshunt = 5000 uOhm)
[    4.029503] i2c i2c-0: Added multiplexed i2c bus 3
[    4.085149] i2c i2c-0: Added multiplexed i2c bus 4
[    4.090091] i2c i2c-0: Added multiplexed i2c bus 5
[    4.094885] pca954x 0-0075: registered 4 multiplexed busses for I2C mux pca9544
[    4.102235] cdns-i2c ff020000.i2c: 400 kHz mmio ff020000 irq 32
[    4.109960] at24 6-0054: supply vcc not found, using dummy regulator
[    4.116862] at24 6-0054: 1024 byte 24c08 EEPROM, writable, 1 bytes/write
[    4.123612] i2c i2c-1: Added multiplexed i2c bus 6
[    4.130041] si5341 7-0036: Chip: 5341 Grade: 1 Rev: 1
[    4.167732] i2c i2c-1: Added multiplexed i2c bus 7
[    4.175384] si570 8-005d: registered, current frequency 300000000 Hz
[    4.181787] i2c i2c-1: Added multiplexed i2c bus 8
[    4.201571] si570 9-005d: registered, current frequency 148500000 Hz
[    4.207974] i2c i2c-1: Added multiplexed i2c bus 9
[    4.213012] si5324 10-0069: si5328 probed
[    4.280114] si5324 10-0069: si5328 probe successful
[    4.285047] i2c i2c-1: Added multiplexed i2c bus 10
[    4.290073] i2c i2c-1: Added multiplexed i2c bus 11
[    4.295101] i2c i2c-1: Added multiplexed i2c bus 12
[    4.300120] i2c i2c-1: Added multiplexed i2c bus 13
[    4.304993] pca954x 1-0074: registered 8 multiplexed busses for I2C switch pca9548
[    4.313100] at24 14-0050: supply vcc not found, using dummy regulator
[    4.319889] at24 14-0050: 256 byte 24c02 EEPROM, writable, 1 bytes/write
[    4.326637] i2c i2c-1: Added multiplexed i2c bus 14
[    4.331677] i2c i2c-1: Added multiplexed i2c bus 15
[    4.336709] i2c i2c-1: Added multiplexed i2c bus 16
[    4.341746] i2c i2c-1: Added multiplexed i2c bus 17
[    4.346776] i2c i2c-1: Added multiplexed i2c bus 18
[    4.351824] i2c i2c-1: Added multiplexed i2c bus 19
[    4.356862] i2c i2c-1: Added multiplexed i2c bus 20
[    4.361894] i2c i2c-1: Added multiplexed i2c bus 21
[    4.366768] pca954x 1-0075: registered 8 multiplexed busses for I2C switch pca9548
[    4.374377] cdns-i2c ff030000.i2c: 400 kHz mmio ff030000 irq 33
[    4.384126] cdns-wdt fd4d0000.watchdog: Xilinx Watchdog Timer with timeout 60s
[    4.395066] axi_adxcvr 84a60000.axi-adxcvr-rx: AXI-ADXCVR-RX (17.05.a) using CPLL on GTH4 at 0x84A60000. Number of lanes: 4.
[    4.407237] axi_adxcvr 84b60000.axi-adxcvr-tx: AXI-ADXCVR-TX (17.05.a) using QPLL on GTH4 at 0x84B60000. Number of lanes: 4.
[    4.418856] axi-jesd204-rx 84a90000.axi-jesd204-rx: AXI-JESD204-RX (1.07.a) at 0x84A90000. Encoder 8b10b, width 4/4, lanes 4, jesd204-fsm.
[    4.426156] mmc0: SDHCI controller on ff170000.mmc [ff170000.mmc] using ADMA 64-bit
[    4.431702] axi-jesd204-tx 84b90000.axi-jesd204-tx: AXI-JESD204-TX (1.06.a) at 0x84B90000. Encoder 8b10b, width 4/4, lanes 4, jesd204-fsm.
[    4.452425] zynqmp-display fd4a0000.display: vtc bridge property not present
[    4.462076] xilinx-dp-snd-codec fd4a0000.display:zynqmp_dp_snd_codec0: Failed to get required clock freq
[    4.471580] xilinx-dp-snd-codec: probe of fd4a0000.display:zynqmp_dp_snd_codec0 failed with error -22
[    4.473534] mmc0: new high speed SDHC card at address 0001
[    4.481118] xilinx-dp-snd-pcm zynqmp_dp_snd_pcm0: Xilinx DisplayPort Sound PCM probed
[    4.486631] mmcblk0: mmc0:0001 EB1QT 29.8 GiB 
[    4.494435] xilinx-dp-snd-pcm zynqmp_dp_snd_pcm1: Xilinx DisplayPort Sound PCM probed
[    4.499786]  mmcblk0: p1 p2 p3
[    4.506738] OF: graph: no port node found in /axi/display@fd4a0000
[    4.515810] xlnx-drm xlnx-drm.0: bound fd4a0000.display (ops 0xffffffc010fcbdb8)
[    5.599767] zynqmp-display fd4a0000.display: [drm] Cannot find any crtc or sizes
[    5.607377] [drm] Initialized xlnx 1.0.0 20130509 for fd4a0000.display on minor 0
[    5.614867] zynqmp-display fd4a0000.display: ZynqMP DisplayPort Subsystem driver probed
[    5.623192] ahci-ceva fd0c0000.ahci: supply ahci not found, using dummy regulator
[    5.630740] ahci-ceva fd0c0000.ahci: supply phy not found, using dummy regulator
[    5.638197] ahci-ceva fd0c0000.ahci: supply target not found, using dummy regulator
[    5.656094] ahci-ceva fd0c0000.ahci: AHCI 0001.0301 32 slots 2 ports 6 Gbps 0x3 impl platform mode
[    5.665056] ahci-ceva fd0c0000.ahci: flags: 64bit ncq sntf pm clo only pmp fbs pio slum part ccc sds apst 
[    5.675677] scsi host0: ahci-ceva
[    5.679278] scsi host1: ahci-ceva
[    5.682707] ata1: SATA max UDMA/133 mmio [mem 0xfd0c0000-0xfd0c1fff] port 0x100 irq 45
[    5.690621] ata2: SATA max UDMA/133 mmio [mem 0xfd0c0000-0xfd0c1fff] port 0x180 irq 45
[    5.699225] ad9081 spi1.0: supply vdd not found, using dummy regulator
[    6.009968] ata2: SATA link down (SStatus 0 SControl 330)
[    6.015387] ata1: SATA link down (SStatus 0 SControl 330)
[    6.683771] zynqmp-display fd4a0000.display: [drm] Cannot find any crtc or sizes
[    7.519591] ad9081 spi1.0: AD9081 Rev. 2 Grade 10 (API 1.2.2) probed
[    7.526796] xhci-hcd xhci-hcd.1.auto: xHCI Host Controller
[    7.532291] xhci-hcd xhci-hcd.1.auto: new USB bus registered, assigned bus number 1
[    7.540036] xhci-hcd xhci-hcd.1.auto: hcc params 0x0238f625 hci version 0x100 quirks 0x0000000002010810
[    7.549457] xhci-hcd xhci-hcd.1.auto: irq 59, io mem 0xfe200000
[    7.555567] usb usb1: New USB device found, idVendor=1d6b, idProduct=0002, bcdDevice= 5.10
[    7.563830] usb usb1: New USB device strings: Mfr=3, Product=2, SerialNumber=1
[    7.571047] usb usb1: Product: xHCI Host Controller
[    7.575915] usb usb1: Manufacturer: Linux 5.10.0-98103-g2aa7ac113716 xhci-hcd
[    7.583040] usb usb1: SerialNumber: xhci-hcd.1.auto
[    7.588205] hub 1-0:1.0: USB hub found
[    7.591970] hub 1-0:1.0: 1 port detected
[    7.596073] xhci-hcd xhci-hcd.1.auto: xHCI Host Controller
[    7.601561] xhci-hcd xhci-hcd.1.auto: new USB bus registered, assigned bus number 2
[    7.609217] xhci-hcd xhci-hcd.1.auto: Host supports USB 3.0 SuperSpeed
[    7.615842] usb usb2: New USB device found, idVendor=1d6b, idProduct=0003, bcdDevice= 5.10
[    7.624101] usb usb2: New USB device strings: Mfr=3, Product=2, SerialNumber=1
[    7.631319] usb usb2: Product: xHCI Host Controller
[    7.636190] usb usb2: Manufacturer: Linux 5.10.0-98103-g2aa7ac113716 xhci-hcd
[    7.643315] usb usb2: SerialNumber: xhci-hcd.1.auto
[    7.648423] hub 2-0:1.0: USB hub found
[    7.652186] hub 2-0:1.0: 1 port detected
[    7.682297] cf_axi_adc 84a10000.axi-ad9081-rx-hpc: ADI AIM (10.01.b) at 0x84A10000 mapped to 0x(____ptrval____), probed ADC AD9081 as MASTER
[    7.712589] cf_axi_dds 84b10000.axi-ad9081-tx-hpc: Analog Devices CF_AXI_DDS_DDS MASTER (9.01.b) at 0x84B10000 mapped to 0x(____ptrval____), probed DDS AD9081
[    7.726788] jesd204: /axi/spi@ff040000/ad9081@0,jesd204:0,parent=spi1.0: JESD204[2] transition initialized -> probed
[    7.737310] jesd204: /axi/spi@ff040000/ad9081@0,jesd204:0,parent=spi1.0: JESD204[0] transition initialized -> probed
[    7.747833] jesd204: /axi/spi@ff040000/ad9081@0,jesd204:0,parent=spi1.0: JESD204[2] transition probed -> idle
[    7.757740] jesd204: /axi/spi@ff040000/ad9081@0,jesd204:0,parent=spi1.0: JESD204[0] transition probed -> idle
[    7.767660] jesd204: /axi/spi@ff040000/ad9081@0,jesd204:0,parent=spi1.0: JESD204[2] transition idle -> device_init
[    7.778010] jesd204: /axi/spi@ff040000/ad9081@0,jesd204:0,parent=spi1.0: JESD204[0] transition idle -> device_init
[    7.788359] jesd204: /axi/spi@ff040000/ad9081@0,jesd204:0,parent=spi1.0: JESD204[2] transition device_init -> link_init
[    7.799136] jesd204: /axi/spi@ff040000/ad9081@0,jesd204:0,parent=spi1.0: JESD204[0] transition device_init -> link_init
[    7.809927] jesd204: /axi/spi@ff040000/ad9081@0,jesd204:0,parent=spi1.0: JESD204[2] transition link_init -> link_supported
[    7.820966] jesd204: /axi/spi@ff040000/ad9081@0,jesd204:0,parent=spi1.0: JESD204[0] transition link_init -> link_supported
[    7.832370] hmc7044 spi2.0: hmc7044_jesd204_link_pre_setup: Link2 forcing continuous SYSREF mode
[    7.841550] jesd204: /axi/spi@ff040000/ad9081@0,jesd204:0,parent=spi1.0: JESD204[2] transition link_supported -> link_pre_setup
[    7.853023] jesd204: /axi/spi@ff040000/ad9081@0,jesd204:0,parent=spi1.0: JESD204[0] transition link_supported -> link_pre_setup
[    7.876868] jesd204: /axi/spi@ff040000/ad9081@0,jesd204:0,parent=spi1.0: JESD204[2] transition link_pre_setup -> clk_sync_stage1
[    7.888428] jesd204: /axi/spi@ff040000/ad9081@0,jesd204:0,parent=spi1.0: JESD204[0] transition link_pre_setup -> clk_sync_stage1
[    7.899993] jesd204: /axi/spi@ff040000/ad9081@0,jesd204:0,parent=spi1.0: JESD204[2] transition clk_sync_stage1 -> clk_sync_stage2
[    7.911642] jesd204: /axi/spi@ff040000/ad9081@0,jesd204:0,parent=spi1.0: JESD204[0] transition clk_sync_stage1 -> clk_sync_stage2
[    7.923289] jesd204: /axi/spi@ff040000/ad9081@0,jesd204:0,parent=spi1.0: JESD204[2] transition clk_sync_stage2 -> clk_sync_stage3
[    7.934934] jesd204: /axi/spi@ff040000/ad9081@0,jesd204:0,parent=spi1.0: JESD204[0] transition clk_sync_stage2 -> clk_sync_stage3
[    7.948605] jesd204: /axi/spi@ff040000/ad9081@0,jesd204:0,parent=spi1.0: JESD204[2] transition clk_sync_stage3 -> link_setup
[    7.959824] jesd204: /axi/spi@ff040000/ad9081@0,jesd204:0,parent=spi1.0: JESD204[0] transition clk_sync_stage3 -> link_setup
[    7.975939] jesd204: /axi/spi@ff040000/ad9081@0,jesd204:0,parent=spi1.0: JESD204[2] transition link_setup -> opt_setup_stage1
[    7.987242] jesd204: /axi/spi@ff040000/ad9081@0,jesd204:0,parent=spi1.0: JESD204[0] transition link_setup -> opt_setup_stage1
[    8.003586] jesd204: /axi/spi@ff040000/ad9081@0,jesd204:0,parent=spi1.0: JESD204[2] transition opt_setup_stage1 -> opt_setup_stage2
[    8.015408] jesd204: /axi/spi@ff040000/ad9081@0,jesd204:0,parent=spi1.0: JESD204[0] transition opt_setup_stage1 -> opt_setup_stage2
[    8.027380] jesd204: /axi/spi@ff040000/ad9081@0,jesd204:0,parent=spi1.0: JESD204[2] transition opt_setup_stage2 -> opt_setup_stage3
[    8.039201] jesd204: /axi/spi@ff040000/ad9081@0,jesd204:0,parent=spi1.0: JESD204[0] transition opt_setup_stage2 -> opt_setup_stage3
[    8.051023] jesd204: /axi/spi@ff040000/ad9081@0,jesd204:0,parent=spi1.0: JESD204[2] transition opt_setup_stage3 -> opt_setup_stage4
[    8.062842] jesd204: /axi/spi@ff040000/ad9081@0,jesd204:0,parent=spi1.0: JESD204[0] transition opt_setup_stage3 -> opt_setup_stage4
[    8.074676] jesd204: /axi/spi@ff040000/ad9081@0,jesd204:0,parent=spi1.0: JESD204[2] transition opt_setup_stage4 -> opt_setup_stage5
[    8.086496] jesd204: /axi/spi@ff040000/ad9081@0,jesd204:0,parent=spi1.0: JESD204[0] transition opt_setup_stage4 -> opt_setup_stage5
[    8.102427] jesd204: /axi/spi@ff040000/ad9081@0,jesd204:0,parent=spi1.0: JESD204[2] transition opt_setup_stage5 -> clocks_enable
[    8.113987] jesd204: /axi/spi@ff040000/ad9081@0,jesd204:0,parent=spi1.0: JESD204[0] transition opt_setup_stage5 -> clocks_enable
[    8.159912] axi_adxcvr 84a60000.axi-adxcvr-rx: adxcvr_clk_enable: CPLL RX buffer underflow error, status: 0x61
[    8.169900] axi_adxcvr 84a60000.axi-adxcvr-rx: adxcvr_clk_enable: CPLL RX buffer overflow error, status: 0x61
[    8.179874] jesd204: /axi/spi@ff040000/ad9081@0,jesd204:0,parent=spi1.0: JESD204[2] transition clocks_enable -> link_enable
[    8.191005] jesd204: /axi/spi@ff040000/ad9081@0,jesd204:0,parent=spi1.0: JESD204[0] transition clocks_enable -> link_enable
[    8.223988] ad9081 spi1.0: JESD RX (JTX) Link2 in DATA, SYNC deasserted, PLL locked, PHASE established, MODE valid
[    8.234591] ad9081 spi1.0: JESD TX (JRX) Link0 0xF lanes in DATA
[    8.240594] jesd204: /axi/spi@ff040000/ad9081@0,jesd204:0,parent=spi1.0: JESD204[2] transition link_enable -> link_running
[    8.251632] jesd204: /axi/spi@ff040000/ad9081@0,jesd204:0,parent=spi1.0: JESD204[0] transition link_enable -> link_running
[    8.262677] jesd204: /axi/spi@ff040000/ad9081@0,jesd204:0,parent=spi1.0: JESD204[2] transition link_running -> opt_post_running_stage
[    8.274670] jesd204: /axi/spi@ff040000/ad9081@0,jesd204:0,parent=spi1.0: JESD204[0] transition link_running -> opt_post_running_stage
[    8.295890] input: gpio-keys as /devices/platform/gpio-keys/input/input0
[    8.302911] of_cfs_init
[    8.305374] of_cfs_init: OK
[    8.308311] cfg80211: Loading compiled-in X.509 certificates for regulatory database
[    8.446395] cfg80211: Loaded X.509 cert 'sforshee: 00b28ddf47aef9cea7'
[    8.452924] clk: Not disabling unused clocks
[    8.457453] ALSA device list:
[    8.460415]   No soundcards found.
[    8.464087] platform regulatory.0: Direct firmware load for regulatory.db failed with error -2
[    8.472695] cfg80211: failed to load regulatory.db
[    8.487283] EXT4-fs (mmcblk0p2): mounted filesystem with ordered data mode. Opts: (null)
[    8.495398] VFS: Mounted root (ext4 filesystem) on device 179:2.
[    8.508861] devtmpfs: mounted
[    8.512679] Freeing unused kernel memory: 2560K
[    8.531802] Run /sbin/init as init process
[    8.535894]   with arguments:
[    8.535897]     /sbin/init
[    8.535899]   with environment:
[    8.535901]     HOME=/
[    8.535903]     TERM=linux
[    9.104749] systemd[1]: systemd 241 running in system mode. (+PAM +AUDIT +SELINUX +IMA +APPARMOR +SMACK +SYSVINIT +UTMP +LIBCRYPTSETUP +GCRYPT +GNUTLS +ACL +XZ +LZ4 +SECCOMP +BLKID +ELFUTILS +KMOD -IDN2 +IDN -PCRE2 default-hierarchy=hybrid)
[    9.126605] systemd[1]: Detected architecture arm64.
[    9.148466] systemd[1]: Set hostname to <analog>.
[    9.336770] systemd[1]: File /lib/systemd/system/systemd-journald.service:12 configures an IP firewall (IPAddressDeny=any), but the local system does not support BPF/cgroup based firewalling.
[    9.353847] systemd[1]: Proceeding WITHOUT firewalling in effect! (This warning is only shown for the first loaded unit using IP firewalling.)
[    9.516659] systemd[1]: /etc/systemd/system/tof-server.service:1: Assignment outside of section. Ignoring.
[    9.526360] systemd[1]: /etc/systemd/system/tof-server.service:2: Assignment outside of section. Ignoring.
[    9.708575] random: systemd: uninitialized urandom read (16 bytes read)
[    9.723337] random: systemd: uninitialized urandom read (16 bytes read)
[    9.730276] systemd[1]: Listening on Syslog Socket.
[    9.743857] random: systemd: uninitialized urandom read (16 bytes read)
[    9.750752] systemd[1]: Listening on Journal Socket (/dev/log).
[    9.772444] systemd[1]: Created slice system-systemd\x2dfsck.slice.
[   10.352444] ------------[ cut here ]------------
[   10.352453] Enabling unprepared \xa0\xe9Q\x88\xff\xff\xffpQ\x88\xff\xff\xff
[   10.352498] WARNING: CPU: 0 PID: 135 at drivers/clk/clk.c:1012 clk_core_enable+0xa4/0xc0
[   10.352501] Modules linked in:
[   10.352511] CPU: 0 PID: 135 Comm: kworker/0:2H Not tainted 5.10.0-98103-g2aa7ac113716 #5577
[   10.352514] Hardware name: ZynqMP ZCU102 Rev1.0 (DT)
[   10.352524] Workqueue: kblockd blk_mq_run_work_fn
[   10.352531] pstate: 80000085 (Nzcv daIf -PAN -UAO -TCO BTYPE=--)
[   10.352537] pc : clk_core_enable+0xa4/0xc0
[   10.352542] lr : clk_core_enable+0xa4/0xc0
[   10.352545] sp : ffffffc012b7b2d0
[   10.352548] x29: ffffffc012b7b2d0 x28: ffffff8800330c10 
[   10.352555] x27: ffffff8800330d48 x26: 0000005000000101 
[   10.352561] x25: 00000002631bce92 x24: 0000000000000001 
[   10.352568] x23: ffffff88010e9380 x22: ffffff8801083220 
[   10.352574] x21: ffffff8801517000 x20: ffffff8801517008 
[   10.352581] x19: ffffff8801517008 x18: 0000000000000030 
[   10.352587] x17: 0002b923fffd46dc x16: 0000000000000000 
[   10.352594] x15: ffffffffffff8748 x14: ffffffc011d3b1a0 
[   10.352600] x13: ffffffc011d3b1c8 x12: 00000000000005eb 
[   10.352606] x11: 00000000000001f9 x10: ffffffc011d671c8 
[   10.352613] x9 : 00000000fffff800 x8 : ffffffc011d3b1c8 
[   10.352620] x7 : ffffffc011d671c8 x6 : 0000000000000001 
[   10.352626] x5 : ffffff887f7669e0 x4 : 0000000000000000 
[   10.352632] x3 : 0000000000000027 x2 : 0000000000000023 
[   10.352639] x1 : 55bdcd9c72e37e00 x0 : 0000000000000000 
[   10.352645] Call trace:
[   10.352651]  clk_core_enable+0xa4/0xc0
[   10.352656]  clk_enable+0x2c/0x60
[   10.352662]  zynqmp_runtime_resume+0x24/0x84
[   10.352670]  pm_generic_runtime_resume+0x30/0x50
[   10.352675]  __genpd_runtime_resume+0x30/0xb0
[   10.352682]  genpd_runtime_resume+0x90/0x250
[   10.352687]  __rpm_callback+0x10c/0x1e0
[   10.352693]  rpm_callback+0x5c/0x84
[   10.352697]  rpm_resume+0x4a4/0x74c
[   10.352703]  __pm_runtime_resume+0x78/0xc4
[   10.352707]  spi_mem_access_start.isra.0+0x30/0x80
[   10.352711]  spi_mem_exec_op+0x3b0/0x424
[   10.352716]  spi_nor_read_sr+0x78/0xe0
[   10.352721]  spi_nor_wait_till_ready_with_timeout+0xb4/0x2f0
[   10.352725]  spi_nor_read+0x188/0x380
[   10.352731]  mtd_read_oob_std+0x78/0x84
[   10.352735]  mtd_read_oob+0x7c/0x134
[   10.352740]  mtd_read+0x48/0x7c
[   10.352746]  mtdblock_readsect+0x6c/0x150
[   10.352751]  mtd_queue_rq+0x2cc/0x5a0
[   10.352757]  blk_mq_dispatch_rq_list+0x110/0x790
[   10.352763]  __blk_mq_do_dispatch_sched+0x200/0x274
[   10.352769]  __blk_mq_sched_dispatch_requests+0x1a8/0x1fc
[   10.352774]  blk_mq_sched_dispatch_requests+0x3c/0x7c
[   10.352779]  __blk_mq_run_hw_queue+0x98/0x100
[   10.352784]  blk_mq_run_work_fn+0x24/0x30
[   10.352789]  process_one_work+0x1d4/0x380
[   10.352793]  worker_thread+0x78/0x4e0
[   10.352799]  kthread+0x124/0x130
[   10.352804]  ret_from_fork+0x10/0x3c
[   10.352808] ---[ end trace 44979780f25579a0 ]---
[   10.352815] zynqmp-qspi ff0f0000.spi: Cannot enable APB clock.
[   10.352864] spi_master spi0: Failed to power device: -108
[   10.352874] blk_update_request: I/O error, dev mtdblock0, sector 8 op 0x0:(READ) flags 0x80700 phys_seg 1 prio class 0
[   10.352950] spi_master spi0: Failed to power device: -22
[   10.352957] blk_update_request: I/O error, dev mtdblock0, sector 8 op 0x0:(READ) flags 0x0 phys_seg 8 prio class 0
[   10.352962] Buffer I/O error on dev mtdblock0, logical block 8, async page read
[   10.352971] spi_master spi0: Failed to power device: -22
[   10.352977] blk_update_request: I/O error, dev mtdblock0, sector 9 op 0x0:(READ) flags 0x0 phys_seg 7 prio class 0
[   10.352981] Buffer I/O error on dev mtdblock0, logical block 9, async page read
[   10.352989] spi_master spi0: Failed to power device: -22
[   10.352994] blk_update_request: I/O error, dev mtdblock0, sector 10 op 0x0:(READ) flags 0x0 phys_seg 6 prio class 0
[   10.352998] Buffer I/O error on dev mtdblock0, logical block 10, async page read
[   10.353005] spi_master spi0: Failed to power device: -22
[   10.353011] blk_update_request: I/O error, dev mtdblock0, sector 11 op 0x0:(READ) flags 0x0 phys_seg 5 prio class 0
[   10.353014] Buffer I/O error on dev mtdblock0, logical block 11, async page read
[   10.353021] spi_master spi0: Failed to power device: -22
[   10.353027] blk_update_request: I/O error, dev mtdblock0, sector 12 op 0x0:(READ) flags 0x0 phys_seg 4 prio class 0
[   10.353031] Buffer I/O error on dev mtdblock0, logical block 12, async page read
[   10.353037] spi_master spi0: Failed to power device: -22
[   10.353043] blk_update_request: I/O error, dev mtdblock0, sector 13 op 0x0:(READ) flags 0x0 phys_seg 3 prio class 0
[   10.353047] Buffer I/O error on dev mtdblock0, logical block 13, async page read
[   10.353054] spi_master spi0: Failed to power device: -22
[   10.353059] blk_update_request: I/O error, dev mtdblock0, sector 14 op 0x0:(READ) flags 0x0 phys_seg 2 prio class 0
[   10.353063] Buffer I/O error on dev mtdblock0, logical block 14, async page read
[   10.353070] spi_master spi0: Failed to power device: -22
[   10.353075] blk_update_request: I/O error, dev mtdblock0, sector 15 op 0x0:(READ) flags 0x0 phys_seg 1 prio class 0
[   10.353079] Buffer I/O error on dev mtdblock0, logical block 15, async page read
[   10.353407] spi_master spi0: Failed to power device: -22
[   10.353415] blk_update_request: I/O error, dev mtdblock1, sector 10112 op 0x0:(READ) flags 0x80700 phys_seg 1 prio class 0
[   10.353458] spi_master spi0: Failed to power device: -22
[   10.353464] Buffer I/O error on dev mtdblock1, logical block 10112, async page read
[   10.353471] spi_master spi0: Failed to power device: -22
[   10.353476] Buffer I/O error on dev mtdblock1, logical block 10113, async page read
[   10.353483] spi_master spi0: Failed to power device: -22
[   10.353491] spi_master spi0: Failed to power device: -22
[   10.353498] spi_master spi0: Failed to power device: -22
[   10.353506] spi_master spi0: Failed to power device: -22
[   10.353513] spi_master spi0: Failed to power device: -22
[   10.353520] spi_master spi0: Failed to power device: -22
[   10.353758] spi_master spi0: Failed to power device: -22
[   10.353802] spi_master spi0: Failed to power device: -22
[   10.353812] spi_master spi0: Failed to power device: -22
[   10.353819] spi_master spi0: Failed to power device: -22
[   10.353827] spi_master spi0: Failed to power device: -22
[   10.353834] spi_master spi0: Failed to power device: -22
[   10.353841] spi_master spi0: Failed to power device: -22
[   10.353849] spi_master spi0: Failed to power device: -22
[   10.353855] spi_master spi0: Failed to power device: -22
[   10.354120] spi_master spi0: Failed to power device: -22
[   10.354164] spi_master spi0: Failed to power device: -22
[   10.354173] spi_master spi0: Failed to power device: -22
[   10.354181] spi_master spi0: Failed to power device: -22
[   10.354188] spi_master spi0: Failed to power device: -22
[   10.354196] spi_master spi0: Failed to power device: -22
[   10.354203] spi_master spi0: Failed to power device: -22
[   10.354210] spi_master spi0: Failed to power device: -22
[   10.354217] spi_master spi0: Failed to power device: -22
[   10.478222] EXT4-fs (mmcblk0p2): re-mounted. Opts: (null)
[   10.616490] systemd-journald[166]: Received request to flush runtime journal from PID 1
[   16.456460] macb ff0e0000.ethernet eth0: PHY [ff0e0000.ethernet-ffffffff:0c] driver [TI DP83867] (irq=POLL)
[   16.456473] macb ff0e0000.ethernet eth0: configuring for phy/rgmii-id link mode
[   16.759779] Adding 97276k swap on /var/swap.  Priority:-2 extents:2 across:662524k SS
[   18.447775] random: crng init done
[   18.447786] random: 7 urandom warning(s) missed due to ratelimiting
[   19.318686] broken atomic modeset userspace detected, disabling atomic
[   20.545368] macb ff0e0000.ethernet eth0: Link is Up - 1Gbps/Full - flow control off
[   20.545393] IPv6: ADDRCONF(NETDEV_CHANGE): eth0: link becomes ready
[   22.004399] broken atomic modeset userspace detected, disabling atomic
[   24.887071] broken atomic modeset userspace detected, disabling atomic
[   27.534987] broken atomic modeset userspace detected, disabling atomic