[    0.000000] Booting Linux on physical CPU 0x0000000000 [0x410fd034]
[    0.000000] Linux version 5.10.0-98103-g2aa7ac113716 (jenkins@romlxbuild1.adlk.analog.com) (aarch64-xilinx-linux-gcc.real (GCC) 10.2.0, GNU ld (GNU Binutils) 2.35.0.20200730) #5577 SMP Wed Mar 23 07:28:49 GMT 2022
[    0.000000] Machine model: ZynqMP ZCU102 Rev1.0
[    0.000000] earlycon: cdns0 at MMIO 0x00000000ff000000 (options '115200n8')
[    0.000000] printk: bootconsole [cdns0] enabled
[    0.000000] efi: UEFI not found.
[    0.000000] cma: Reserved 256 MiB at 0x0000000070000000
[    0.000000] Zone ranges:
[    0.000000]   DMA      [mem 0x0000000000000000-0x000000003fffffff]
[    0.000000]   DMA32    [mem 0x0000000040000000-0x00000000ffffffff]
[    0.000000]   Normal   [mem 0x0000000100000000-0x000000087fffffff]
[    0.000000] Movable zone start for each node
[    0.000000] Early memory node ranges
[    0.000000]   node   0: [mem 0x0000000000000000-0x000000007fffffff]
[    0.000000]   node   0: [mem 0x0000000800000000-0x000000087fffffff]
[    0.000000] Initmem setup node 0 [mem 0x0000000000000000-0x000000087fffffff]
[    0.000000] On node 0 totalpages: 1048576
[    0.000000]   DMA zone: 3584 pages used for memmap
[    0.000000]   DMA zone: 0 pages reserved
[    0.000000]   DMA zone: 262144 pages, LIFO batch:63
[    0.000000]   DMA32 zone: 3584 pages used for memmap
[    0.000000]   DMA32 zone: 262144 pages, LIFO batch:63
[    0.000000]   Normal zone: 7168 pages used for memmap
[    0.000000]   Normal zone: 524288 pages, LIFO batch:63
[    0.000000] psci: probing for conduit method from DT.
[    0.000000] psci: PSCIv1.1 detected in firmware.
[    0.000000] psci: Using standard PSCI v0.2 function IDs
[    0.000000] psci: MIGRATE_INFO_TYPE not supported.
[    0.000000] psci: SMC Calling Convention v1.2
[    0.000000] percpu: Embedded 22 pages/cpu s49496 r8192 d32424 u90112
[    0.000000] pcpu-alloc: s49496 r8192 d32424 u90112 alloc=22*4096
[    0.000000] pcpu-alloc: [0] 0 [0] 1 [0] 2 [0] 3 
[    0.000000] Detected VIPT I-cache on CPU0
[    0.000000] CPU features: detected: ARM erratum 845719
[    0.000000] Built 1 zonelists, mobility grouping on.  Total pages: 1034240
[    0.000000] Kernel command line: console=ttyPS0,115200 root=/dev/mmcblk0p2 rw earlycon rootfstype=ext4 rootwait clk_ignore_unused cpuidle.off=1 root=/dev/mmcblk0p2 rw rootwait
[    0.000000] Dentry cache hash table entries: 524288 (order: 10, 4194304 bytes, linear)
[    0.000000] Inode-cache hash table entries: 262144 (order: 9, 2097152 bytes, linear)
[    0.000000] mem auto-init: stack:off, heap alloc:off, heap free:off
[    0.000000] software IO TLB: mapped [mem 0x000000003bfff000-0x000000003ffff000] (64MB)
[    0.000000] Memory: 3761904K/4194304K available (15296K kernel code, 1636K rwdata, 11876K rodata, 2560K init, 507K bss, 170256K reserved, 262144K cma-reserved)
[    0.000000] rcu: Hierarchical RCU implementation.
[    0.000000] rcu: 	RCU event tracing is enabled.
[    0.000000] rcu: 	RCU restricting CPUs from NR_CPUS=8 to nr_cpu_ids=4.
[    0.000000] rcu: RCU calculated value of scheduler-enlistment delay is 25 jiffies.
[    0.000000] rcu: Adjusting geometry for rcu_fanout_leaf=16, nr_cpu_ids=4
[    0.000000] NR_IRQS: 64, nr_irqs: 64, preallocated irqs: 0
[    0.000000] GIC: Adjusting CPU interface base to 0x00000000f902f000
[    0.000000] GIC: Using split EOI/Deactivate mode
[    0.000000] random: get_random_bytes called from start_kernel+0x31c/0x54c with crng_init=0
[    0.000000] arch_timer: cp15 timer(s) running at 100.00MHz (phys).
[    0.000000] clocksource: arch_sys_counter: mask: 0xffffffffffffff max_cycles: 0x171024e7e0, max_idle_ns: 440795205315 ns
[    0.000003] sched_clock: 56 bits at 100MHz, resolution 10ns, wraps every 4398046511100ns
[    0.008461] Console: colour dummy device 80x25
[    0.012482] Calibrating delay loop (skipped), value calculated using timer frequency.. 200.00 BogoMIPS (lpj=400000)
[    0.022840] pid_max: default: 32768 minimum: 301
[    0.027550] Mount-cache hash table entries: 8192 (order: 4, 65536 bytes, linear)
[    0.034789] Mountpoint-cache hash table entries: 8192 (order: 4, 65536 bytes, linear)
[    0.043396] rcu: Hierarchical SRCU implementation.
[    0.047559] EFI services will not be available.
[    0.051939] smp: Bringing up secondary CPUs ...
[    0.056655] Detected VIPT I-cache on CPU1
[    0.056693] CPU1: Booted secondary processor 0x0000000001 [0x410fd034]
[    0.057057] Detected VIPT I-cache on CPU2
[    0.057081] CPU2: Booted secondary processor 0x0000000002 [0x410fd034]
[    0.057420] Detected VIPT I-cache on CPU3
[    0.057443] CPU3: Booted secondary processor 0x0000000003 [0x410fd034]
[    0.057489] smp: Brought up 1 node, 4 CPUs
[    0.091779] SMP: Total of 4 processors activated.
[    0.096452] CPU features: detected: 32-bit EL0 Support
[    0.101556] CPU features: detected: CRC32 instructions
[    0.106694] CPU: All CPU(s) started at EL2
[    0.110736] alternatives: patching kernel code
[    0.116169] devtmpfs: initialized
[    0.124065] Registered cp15_barrier emulation handler
[    0.124116] Registered setend emulation handler
[    0.128091] clocksource: jiffies: mask: 0xffffffff max_cycles: 0xffffffff, max_idle_ns: 7645041785100000 ns
[    0.137670] futex hash table entries: 1024 (order: 4, 65536 bytes, linear)
[    0.151021] pinctrl core: initialized pinctrl subsystem
[    0.151669] NET: Registered protocol family 16
[    0.156080] DMA: preallocated 512 KiB GFP_KERNEL pool for atomic allocations
[    0.162099] DMA: preallocated 512 KiB GFP_KERNEL|GFP_DMA pool for atomic allocations
[    0.169824] DMA: preallocated 512 KiB GFP_KERNEL|GFP_DMA32 pool for atomic allocations
[    0.177627] audit: initializing netlink subsys (disabled)
[    0.183080] audit: type=2000 audit(0.116:1): state=initialized audit_enabled=0 res=1
[    0.183425] hw-breakpoint: found 6 breakpoint and 4 watchpoint registers.
[    0.197454] ASID allocator initialised with 65536 entries
[    0.224364] HugeTLB registered 1.00 GiB page size, pre-allocated 0 pages
[    0.225420] HugeTLB registered 32.0 MiB page size, pre-allocated 0 pages
[    0.232091] HugeTLB registered 2.00 MiB page size, pre-allocated 0 pages
[    0.238754] HugeTLB registered 64.0 KiB page size, pre-allocated 0 pages
[    1.304333] DRBG: Continuing without Jitter RNG
[    1.382150] raid6: neonx8   gen()  2143 MB/s
[    1.450196] raid6: neonx8   xor()  1600 MB/s
[    1.518258] raid6: neonx4   gen()  2193 MB/s
[    1.586311] raid6: neonx4   xor()  1567 MB/s
[    1.654375] raid6: neonx2   gen()  2076 MB/s
[    1.722423] raid6: neonx2   xor()  1436 MB/s
[    1.790491] raid6: neonx1   gen()  1772 MB/s
[    1.858534] raid6: neonx1   xor()  1220 MB/s
[    1.926593] raid6: int64x8  gen()  1438 MB/s
[    1.994650] raid6: int64x8  xor()   771 MB/s
[    2.062727] raid6: int64x4  gen()  1599 MB/s
[    2.130772] raid6: int64x4  xor()   818 MB/s
[    2.198839] raid6: int64x2  gen()  1397 MB/s
[    2.266888] raid6: int64x2  xor()   750 MB/s
[    2.334967] raid6: int64x1  gen()  1034 MB/s
[    2.403024] raid6: int64x1  xor()   517 MB/s
[    2.403062] raid6: using algorithm neonx4 gen() 2193 MB/s
[    2.407021] raid6: .... xor() 1567 MB/s, rmw enabled
[    2.411952] raid6: using neon recovery algorithm
[    2.416961] iommu: Default domain type: Translated 
[    2.421576] SCSI subsystem initialized
[    2.425121] libata version 3.00 loaded.
[    2.425246] usbcore: registered new interface driver usbfs
[    2.430578] usbcore: registered new interface driver hub
[    2.435851] usbcore: registered new device driver usb
[    2.440983] mc: Linux media interface: v0.10
[    2.445100] videodev: Linux video capture interface: v2.00
[    2.450591] EDAC MC: Ver: 3.0.0
[    2.454033] zynqmp-ipi-mbox mailbox@ff990400: Registered ZynqMP IPI mbox with TX/RX channels.
[    2.462539] jesd204: created con: id=0, topo=0, link=0, /axi/spi@ff050000/hmc7044@0 <-> /fpga-axi@0/axi-adxcvr-tx@84b60000
[    2.473120] jesd204: created con: id=1, topo=0, link=2, /axi/spi@ff050000/hmc7044@0 <-> /fpga-axi@0/axi-adxcvr-rx@84a60000
[    2.484104] jesd204: created con: id=2, topo=0, link=0, /fpga-axi@0/axi-adxcvr-tx@84b60000 <-> /fpga-axi@0/axi-jesd204-tx@84b90000
[    2.495780] jesd204: created con: id=3, topo=0, link=2, /fpga-axi@0/axi-adxcvr-rx@84a60000 <-> /fpga-axi@0/axi-jesd204-rx@84a90000
[    2.507457] jesd204: created con: id=4, topo=0, link=0, /fpga-axi@0/axi-jesd204-tx@84b90000 <-> /fpga-axi@0/axi-ad9081-tx-hpc@84b10000
[    2.519485] jesd204: created con: id=5, topo=0, link=2, /fpga-axi@0/axi-jesd204-rx@84a90000 <-> /fpga-axi@0/axi-ad9081-rx-hpc@84a10000
[    2.531508] jesd204: created con: id=6, topo=0, link=2, /fpga-axi@0/axi-ad9081-rx-hpc@84a10000 <-> /axi/spi@ff040000/ad9081@0
[    2.542749] jesd204: created con: id=7, topo=0, link=0, /fpga-axi@0/axi-ad9081-tx-hpc@84b10000 <-> /axi/spi@ff040000/ad9081@0
[    2.553999] jesd204: /axi/spi@ff040000/ad9081@0: JESD204[2] transition uninitialized -> initialized
[    2.562986] jesd204: /axi/spi@ff040000/ad9081@0: JESD204[0] transition uninitialized -> initialized
[    2.571977] jesd204: found 8 devices and 1 topologies
[    2.577021] FPGA manager framework
[    2.580500] Advanced Linux Sound Architecture Driver Initialized.
[    2.586791] Bluetooth: Core ver 2.22
[    2.589980] NET: Registered protocol family 31
[    2.594381] Bluetooth: HCI device and connection manager initialized
[    2.600698] Bluetooth: HCI socket layer initialized
[    2.605540] Bluetooth: L2CAP socket layer initialized
[    2.610564] Bluetooth: SCO socket layer initialized
[    2.615748] clocksource: Switched to clocksource arch_sys_counter
[    2.621557] VFS: Disk quotas dquot_6.6.0
[    2.625392] VFS: Dquot-cache hash table entries: 512 (order 0, 4096 bytes)
[    2.636112] NET: Registered protocol family 2
[    2.636835] tcp_listen_portaddr_hash hash table entries: 2048 (order: 3, 32768 bytes, linear)
[    2.645031] TCP established hash table entries: 32768 (order: 6, 262144 bytes, linear)
[    2.653056] TCP bind hash table entries: 32768 (order: 7, 524288 bytes, linear)
[    2.660501] TCP: Hash tables configured (established 32768 bind 32768)
[    2.666676] UDP hash table entries: 2048 (order: 4, 65536 bytes, linear)
[    2.673342] UDP-Lite hash table entries: 2048 (order: 4, 65536 bytes, linear)
[    2.680502] NET: Registered protocol family 1
[    2.684956] RPC: Registered named UNIX socket transport module.
[    2.690577] RPC: Registered udp transport module.
[    2.695245] RPC: Registered tcp transport module.
[    2.699913] RPC: Registered tcp NFSv4.1 backchannel transport module.
[    2.706902] PCI: CLS 0 bytes, default 64
[    2.710610] hw perfevents: no interrupt-affinity property for /pmu, guessing.
[    2.717465] hw perfevents: enabled with armv8_pmuv3 PMU driver, 7 counters available
[    2.725820] Initialise system trusted keyrings
[    2.729496] workingset: timestamp_bits=62 max_order=20 bucket_order=0
[    2.736391] NFS: Registering the id_resolver key type
[    2.740842] Key type id_resolver registered
[    2.744981] Key type id_legacy registered
[    2.748970] nfs4filelayout_init: NFSv4 File Layout Driver Registering...
[    2.755636] jffs2: version 2.2. (NAND) (SUMMARY)  Â© 2001-2006 Red Hat, Inc.
[    2.798611] NET: Registered protocol family 38
[    2.798654] xor: measuring software checksum speed
[    2.806340]    8regs           :  2363 MB/sec
[    2.810009]    32regs          :  2799 MB/sec
[    2.814951]    arm64_neon      :  2380 MB/sec
[    2.815141] xor: using function: 32regs (2799 MB/sec)
[    2.820168] Key type asymmetric registered
[    2.824228] Asymmetric key parser 'x509' registered
[    2.829089] Block layer SCSI generic (bsg) driver version 0.4 loaded (major 248)
[    2.836426] io scheduler mq-deadline registered
[    2.840923] io scheduler kyber registered
[    2.870323] Serial: 8250/16550 driver, 4 ports, IRQ sharing disabled
[    2.874957] cacheinfo: Unable to detect cache hierarchy for CPU 0
[    2.881292] brd: module loaded
[    2.885437] loop: module loaded
[    2.885987] Registered mathworks_ip class
[    2.889328] libphy: Fixed MDIO Bus: probed
[    2.892315] tun: Universal TUN/TAP device driver, 1.6
[    2.896370] CAN device driver interface
[    2.900905] usbcore: registered new interface driver asix
[    2.905500] usbcore: registered new interface driver ax88179_178a
[    2.911535] usbcore: registered new interface driver cdc_ether
[    2.917329] usbcore: registered new interface driver net1080
[    2.922955] usbcore: registered new interface driver cdc_subset
[    2.928836] usbcore: registered new interface driver zaurus
[    2.934379] usbcore: registered new interface driver cdc_ncm
[    2.940781] ehci_hcd: USB 2.0 'Enhanced' Host Controller (EHCI) Driver
[    2.946465] ehci-pci: EHCI PCI platform driver
[    2.951263] usbcore: registered new interface driver uas
[    2.956180] usbcore: registered new interface driver usb-storage
[    2.962167] usbcore: registered new interface driver usbserial_generic
[    2.968619] usbserial: USB Serial support registered for generic
[    2.974592] usbcore: registered new interface driver ftdi_sio
[    2.980295] usbserial: USB Serial support registered for FTDI USB Serial Device
[    2.987572] usbcore: registered new interface driver upd78f0730
[    2.993443] usbserial: USB Serial support registered for upd78f0730
[    3.001109] rtc_zynqmp ffa60000.rtc: registered as rtc0
[    3.004868] rtc_zynqmp ffa60000.rtc: setting system clock to 2022-03-26T03:16:50 UTC (1648264610)
[    3.013731] i2c /dev entries driver
[    3.019035] usbcore: registered new interface driver uvcvideo
[    3.022844] USB Video Class driver (1.1.1)
[    3.028426] Bluetooth: HCI UART driver ver 2.3
[    3.031315] Bluetooth: HCI UART protocol H4 registered
[    3.036424] Bluetooth: HCI UART protocol BCSP registered
[    3.041714] Bluetooth: HCI UART protocol LL registered
[    3.046802] Bluetooth: HCI UART protocol ATH3K registered
[    3.052176] Bluetooth: HCI UART protocol Three-wire (H5) registered
[    3.058431] Bluetooth: HCI UART protocol Intel registered
[    3.063770] Bluetooth: HCI UART protocol QCA registered
[    3.068971] usbcore: registered new interface driver bcm203x
[    3.074591] usbcore: registered new interface driver bpa10x
[    3.080127] usbcore: registered new interface driver bfusb
[    3.085577] usbcore: registered new interface driver btusb
[    3.091040] usbcore: registered new interface driver ath3k
[    3.096524] EDAC MC: ECC not enabled
[    3.100149] EDAC DEVICE0: Giving out device to module zynqmp-ocm-edac controller zynqmp_ocm: DEV ff960000.memory-controller (INTERRUPT)
[    3.112463] sdhci: Secure Digital Host Controller Interface driver
[    3.118251] sdhci: Copyright(c) Pierre Ossman
[    3.122577] sdhci-pltfm: SDHCI platform and OF driver helper
[    3.128630] ledtrig-cpu: registered to indicate activity on CPUs
[    3.134180] SMCCC: SOC_ID: ARCH_SOC_ID not implemented, skipping ....
[    3.140609] zynqmp_firmware_probe Platform Management API v1.1
[    3.146367] zynqmp_firmware_probe Trustzone version v1.0
[    3.185918] zynqmp-pinctrl firmware:zynqmp-firmware:pinctrl: zynqmp pinctrl initialized
[    3.233924] zynqmp-aes firmware:zynqmp-firmware:zynqmp-aes: will run requests pump with realtime priority
[    3.249801] alg: No test for xilinx-keccak-384 (zynqmp-keccak-384)
[    3.250510] alg: No test for xilinx-zynqmp-rsa (zynqmp-rsa)
[    3.256023] usbcore: registered new interface driver usbhid
[    3.261412] usbhid: USB HID core driver
[    3.272663] axi_sysid 85000000.axi-sysid-0: AXI System ID core version (1.01.a) found
[    3.275009] axi_sysid 85000000.axi-sysid-0: [ad9081_fmca_ebz] on [zcu102] git branch <master> git <084d44c9780640ca93fd847b1d9ec70dd65f5c67> clean [2022-03-18 04:17:50] UTC
[    3.290698] fpga_manager fpga0: Xilinx ZynqMP FPGA Manager registered
[    3.297053] usbcore: registered new interface driver snd-usb-audio
[    3.304509] pktgen: Packet Generator for packet performance testing. Version: 2.75
[    3.310686] Initializing XFRM netlink socket
[    3.314540] NET: Registered protocol family 10
[    3.319256] Segment Routing with IPv6
[    3.322640] sit: IPv6, IPv4 and MPLS over IPv4 tunneling driver
[    3.328707] NET: Registered protocol family 17
[    3.332813] NET: Registered protocol family 15
[    3.337307] can: controller area network core
[    3.341562] NET: Registered protocol family 29
[    3.345951] can: raw protocol
[    3.348887] can: broadcast manager protocol
[    3.353042] can: netlink gateway - max_hops=1
[    3.357437] Bluetooth: RFCOMM TTY layer initialized
[    3.362216] Bluetooth: RFCOMM socket layer initialized
[    3.367322] Bluetooth: RFCOMM ver 1.11
[    3.371034] Bluetooth: BNEP (Ethernet Emulation) ver 1.3
[    3.376306] Bluetooth: BNEP filters: protocol multicast
[    3.381500] Bluetooth: BNEP socket layer initialized
[    3.386427] Bluetooth: HIDP (Human Interface Emulation) ver 1.2
[    3.392311] Bluetooth: HIDP socket layer initialized
[    3.397366] 9pnet: Installing 9P2000 support
[    3.401488] NET: Registered protocol family 36
[    3.405905] Key type dns_resolver registered
[    3.410333] registered taskstats version 1
[    3.414201] Loading compiled-in X.509 certificates
[    3.419315] Btrfs loaded, crc32c=crc32c-generic
[    3.431706] ff000000.serial: ttyPS0 at MMIO 0xff000000 (irq = 49, base_baud = 6249999) is a xuartps
[    3.440727] printk: console [ttyPS0] enabled
[    3.445022] printk: bootconsole [cdns0] disabled
[    3.454653] ff010000.serial: ttyPS1 at MMIO 0xff010000 (irq = 50, base_baud = 6249999) is a xuartps
[    3.467908] of-fpga-region fpga-full: FPGA Region probed
[    3.474868] nwl-pcie fd0e0000.pcie: host bridge /axi/pcie@fd0e0000 ranges:
[    3.481768] nwl-pcie fd0e0000.pcie:      MEM 0x00e0000000..0x00efffffff -> 0x00e0000000
[    3.489770] nwl-pcie fd0e0000.pcie:      MEM 0x0600000000..0x07ffffffff -> 0x0600000000
[    3.497832] nwl-pcie fd0e0000.pcie: Link is DOWN
[    3.502590] nwl-pcie fd0e0000.pcie: PCI host bridge to bus 0000:00
[    3.508767] pci_bus 0000:00: root bus resource [bus 00-ff]
[    3.514249] pci_bus 0000:00: root bus resource [mem 0xe0000000-0xefffffff]
[    3.521119] pci_bus 0000:00: root bus resource [mem 0x600000000-0x7ffffffff pref]
[    3.528623] pci 0000:00:00.0: [10ee:d021] type 01 class 0x060400
[    3.534679] pci 0000:00:00.0: PME# supported from D0 D1 D2 D3hot
[    3.545123] pci 0000:00:00.0: PCI bridge to [bus 01-0c]
[    3.551099] xilinx-zynqmp-dma fd500000.dma: ZynqMP DMA driver Probe success
[    3.558277] xilinx-zynqmp-dma fd510000.dma: ZynqMP DMA driver Probe success
[    3.565458] xilinx-zynqmp-dma fd520000.dma: ZynqMP DMA driver Probe success
[    3.572631] xilinx-zynqmp-dma fd530000.dma: ZynqMP DMA driver Probe success
[    3.579799] xilinx-zynqmp-dma fd540000.dma: ZynqMP DMA driver Probe success
[    3.586965] xilinx-zynqmp-dma fd550000.dma: ZynqMP DMA driver Probe success
[    3.594133] xilinx-zynqmp-dma fd560000.dma: ZynqMP DMA driver Probe success
[    3.601306] xilinx-zynqmp-dma fd570000.dma: ZynqMP DMA driver Probe success
[    3.608701] xilinx-zynqmp-dpdma fd4c0000.dma-controller: Xilinx DPDMA engine is probed
[    3.617249] ahci-ceva fd0c0000.ahci: supply ahci not found, using dummy regulator
[    3.624791] ahci-ceva fd0c0000.ahci: supply phy not found, using dummy regulator
[    3.715918] hmc7044 spi2.0: PLL1: Acquisition, CLKIN0 @ 122880000 Hz, PFD: 80 kHz - PLL2: Locked @ 3112.000000 MHz
[    3.726637] jesd204: /axi/spi@ff050000/hmc7044@0,jesd204:1,parent=spi2.0: Using as SYSREF provider
[    3.736219] spi-nor spi0.0: SPI-NOR-UniqueID 100000235394732200270025081115266e
[    3.743527] spi-nor spi0.0: found n25q512a, expected m25p80
[    3.749734] spi-nor spi0.0: trying to lock already unlocked area
[    3.755743] spi-nor spi0.0: n25q512a (131072 Kbytes)
[    3.760723] 4 fixed-partitions partitions found on MTD device spi0.0
[    3.767070] Creating 4 MTD partitions on "spi0.0":
[    3.771855] 0x000000000000-0x000000100000 : "qspi-fsbl-uboot"
[    3.778354] 0x000000100000-0x000000600000 : "qspi-linux"
[    3.784309] 0x000000600000-0x000000620000 : "qspi-device-tree"
[    3.790780] 0x000000620000-0x000000c00000 : "qspi-rootfs"
[    3.799258] macb ff0e0000.ethernet: Not enabling partial store and forward
[    3.806792] libphy: MACB_mii_bus: probed
[    3.811857] macb ff0e0000.ethernet eth0: Cadence GEM rev 0x50070106 at 0xff0e0000 irq 30 (00:0a:35:04:8e:1b)
[    3.822068] xilinx-axipmon ffa00000.perf-monitor: Probed Xilinx APM
[    3.828641] xilinx-axipmon fd0b0000.perf-monitor: Probed Xilinx APM
[    3.835160] xilinx-axipmon fd490000.perf-monitor: Probed Xilinx APM
[    3.841706] xilinx-axipmon ffa10000.perf-monitor: Probed Xilinx APM
[    3.851687] pca953x 0-0020: supply vcc not found, using dummy regulator
[    3.858372] pca953x 0-0020: using no AI
[    3.862860] gpio-496 (sel0): hogged as output/low
[    3.867759] gpio-497 (sel1): hogged as output/high
[    3.872742] gpio-498 (sel2): hogged as output/high
[    3.877725] gpio-499 (sel3): hogged as output/high
[    3.882900] pca953x 0-0021: supply vcc not found, using dummy regulator
[    3.889571] pca953x 0-0021: using no AI
[    3.895334] ina2xx 2-0040: power monitor ina226 (Rshunt = 5000 uOhm)
[    3.902360] ina2xx 2-0041: power monitor ina226 (Rshunt = 5000 uOhm)
[    3.909400] ina2xx 2-0042: power monitor ina226 (Rshunt = 5000 uOhm)
[    3.916433] ina2xx 2-0043: power monitor ina226 (Rshunt = 5000 uOhm)
[    3.923457] ina2xx 2-0044: power monitor ina226 (Rshunt = 5000 uOhm)
[    3.930478] ina2xx 2-0045: power monitor ina226 (Rshunt = 5000 uOhm)
[    3.937509] ina2xx 2-0046: power monitor ina226 (Rshunt = 5000 uOhm)
[    3.944586] ina2xx 2-0047: power monitor ina226 (Rshunt = 5000 uOhm)
[    3.951610] ina2xx 2-004a: power monitor ina226 (Rshunt = 5000 uOhm)
[    3.958652] ina2xx 2-004b: power monitor ina226 (Rshunt = 5000 uOhm)
[    3.965062] i2c i2c-0: Added multiplexed i2c bus 2
[    3.970446] random: fast init done
[    3.973919] ina2xx 3-0040: power monitor ina226 (Rshunt = 2000 uOhm)
[    3.980946] ina2xx 3-0041: power monitor ina226 (Rshunt = 5000 uOhm)
[    3.987972] ina2xx 3-0042: power monitor ina226 (Rshunt = 5000 uOhm)
[    3.995005] ina2xx 3-0043: power monitor ina226 (Rshunt = 5000 uOhm)
[    4.002029] ina2xx 3-0044: power monitor ina226 (Rshunt = 5000 uOhm)
[    4.009056] ina2xx 3-0045: power monitor ina226 (Rshunt = 5000 uOhm)
[    4.016092] ina2xx 3-0046: power monitor ina226 (Rshunt = 5000 uOhm)
[    4.023118] ina2xx 3-0047: power monitor ina226 (Rshunt = 5000 uOhm)
[    4.029520] i2c i2c-0: Added multiplexed i2c bus 3
[    4.085106] i2c i2c-0: Added multiplexed i2c bus 4
[    4.090042] i2c i2c-0: Added multiplexed i2c bus 5
[    4.094833] pca954x 0-0075: registered 4 multiplexed busses for I2C mux pca9544
[    4.102183] cdns-i2c ff020000.i2c: 400 kHz mmio ff020000 irq 32
[    4.109914] at24 6-0054: supply vcc not found, using dummy regulator
[    4.116810] at24 6-0054: 1024 byte 24c08 EEPROM, writable, 1 bytes/write
[    4.123561] i2c i2c-1: Added multiplexed i2c bus 6
[    4.129996] si5341 7-0036: Chip: 5341 Grade: 1 Rev: 1
[    4.167712] i2c i2c-1: Added multiplexed i2c bus 7
[    4.175363] si570 8-005d: registered, current frequency 300000000 Hz
[    4.181768] i2c i2c-1: Added multiplexed i2c bus 8
[    4.201547] si570 9-005d: registered, current frequency 148500000 Hz
[    4.207948] i2c i2c-1: Added multiplexed i2c bus 9
[    4.212986] si5324 10-0069: si5328 probed
[    4.280115] si5324 10-0069: si5328 probe successful
[    4.285045] i2c i2c-1: Added multiplexed i2c bus 10
[    4.290072] i2c i2c-1: Added multiplexed i2c bus 11
[    4.295100] i2c i2c-1: Added multiplexed i2c bus 12
[    4.300120] i2c i2c-1: Added multiplexed i2c bus 13
[    4.304992] pca954x 1-0074: registered 8 multiplexed busses for I2C switch pca9548
[    4.313105] at24 14-0050: supply vcc not found, using dummy regulator
[    4.319898] at24 14-0050: 256 byte 24c02 EEPROM, writable, 1 bytes/write
[    4.326645] i2c i2c-1: Added multiplexed i2c bus 14
[    4.331685] i2c i2c-1: Added multiplexed i2c bus 15
[    4.336718] i2c i2c-1: Added multiplexed i2c bus 16
[    4.341755] i2c i2c-1: Added multiplexed i2c bus 17
[    4.346785] i2c i2c-1: Added multiplexed i2c bus 18
[    4.351837] i2c i2c-1: Added multiplexed i2c bus 19
[    4.356873] i2c i2c-1: Added multiplexed i2c bus 20
[    4.361913] i2c i2c-1: Added multiplexed i2c bus 21
[    4.366793] pca954x 1-0075: registered 8 multiplexed busses for I2C switch pca9548
[    4.374403] cdns-i2c ff030000.i2c: 400 kHz mmio ff030000 irq 33
[    4.384153] cdns-wdt fd4d0000.watchdog: Xilinx Watchdog Timer with timeout 60s
[    4.395099] axi_adxcvr 84a60000.axi-adxcvr-rx: AXI-ADXCVR-RX (17.05.a) using CPLL on GTH4 at 0x84A60000. Number of lanes: 4.
[    4.407269] axi_adxcvr 84b60000.axi-adxcvr-tx: AXI-ADXCVR-TX (17.05.a) using QPLL on GTH4 at 0x84B60000. Number of lanes: 4.
[    4.418890] axi-jesd204-rx 84a90000.axi-jesd204-rx: AXI-JESD204-RX (1.07.a) at 0x84A90000. Encoder 8b10b, width 4/4, lanes 4, jesd204-fsm.
[    4.426180] mmc0: SDHCI controller on ff170000.mmc [ff170000.mmc] using ADMA 64-bit
[    4.431736] axi-jesd204-tx 84b90000.axi-jesd204-tx: AXI-JESD204-TX (1.06.a) at 0x84B90000. Encoder 8b10b, width 4/4, lanes 4, jesd204-fsm.
[    4.452461] zynqmp-display fd4a0000.display: vtc bridge property not present
[    4.462111] xilinx-dp-snd-codec fd4a0000.display:zynqmp_dp_snd_codec0: Failed to get required clock freq
[    4.471615] xilinx-dp-snd-codec: probe of fd4a0000.display:zynqmp_dp_snd_codec0 failed with error -22
[    4.473529] mmc0: new high speed SDHC card at address 0001
[    4.481153] xilinx-dp-snd-pcm zynqmp_dp_snd_pcm0: Xilinx DisplayPort Sound PCM probed
[    4.486669] mmcblk0: mmc0:0001 EB1QT 29.8 GiB 
[    4.494471] xilinx-dp-snd-pcm zynqmp_dp_snd_pcm1: Xilinx DisplayPort Sound PCM probed
[    4.499916]  mmcblk0: p1 p2 p3
[    4.506773] OF: graph: no port node found in /axi/display@fd4a0000
[    4.515851] xlnx-drm xlnx-drm.0: bound fd4a0000.display (ops 0xffffffc010fcbdb8)
[    5.599764] zynqmp-display fd4a0000.display: [drm] Cannot find any crtc or sizes
[    5.607375] [drm] Initialized xlnx 1.0.0 20130509 for fd4a0000.display on minor 0
[    5.614867] zynqmp-display fd4a0000.display: ZynqMP DisplayPort Subsystem driver probed
[    5.623193] ahci-ceva fd0c0000.ahci: supply ahci not found, using dummy regulator
[    5.630738] ahci-ceva fd0c0000.ahci: supply phy not found, using dummy regulator
[    5.638188] ahci-ceva fd0c0000.ahci: supply target not found, using dummy regulator
[    5.646027] ahci-ceva fd0c0000.ahci: AHCI 0001.0301 32 slots 2 ports 6 Gbps 0x3 impl platform mode
[    5.654982] ahci-ceva fd0c0000.ahci: flags: 64bit ncq sntf pm clo only pmp fbs pio slum part ccc sds apst 
[    5.665677] scsi host0: ahci-ceva
[    5.669280] scsi host1: ahci-ceva
[    5.672710] ata1: SATA max UDMA/133 mmio [mem 0xfd0c0000-0xfd0c1fff] port 0x100 irq 45
[    5.680622] ata2: SATA max UDMA/133 mmio [mem 0xfd0c0000-0xfd0c1fff] port 0x180 irq 45
[    5.689217] ad9081 spi1.0: supply vdd not found, using dummy regulator
[    6.001999] ata1: SATA link down (SStatus 0 SControl 330)
[    6.007422] ata2: SATA link down (SStatus 0 SControl 330)
[    6.683766] zynqmp-display fd4a0000.display: [drm] Cannot find any crtc or sizes
[    7.527605] ad9081 spi1.0: AD9081 Rev. 2 Grade 10 (API 1.2.2) probed
[    7.534807] xhci-hcd xhci-hcd.1.auto: xHCI Host Controller
[    7.540302] xhci-hcd xhci-hcd.1.auto: new USB bus registered, assigned bus number 1
[    7.548048] xhci-hcd xhci-hcd.1.auto: hcc params 0x0238f625 hci version 0x100 quirks 0x0000000002010810
[    7.557471] xhci-hcd xhci-hcd.1.auto: irq 59, io mem 0xfe200000
[    7.563578] usb usb1: New USB device found, idVendor=1d6b, idProduct=0002, bcdDevice= 5.10
[    7.571839] usb usb1: New USB device strings: Mfr=3, Product=2, SerialNumber=1
[    7.579059] usb usb1: Product: xHCI Host Controller
[    7.583926] usb usb1: Manufacturer: Linux 5.10.0-98103-g2aa7ac113716 xhci-hcd
[    7.591051] usb usb1: SerialNumber: xhci-hcd.1.auto
[    7.596219] hub 1-0:1.0: USB hub found
[    7.599980] hub 1-0:1.0: 1 port detected
[    7.604084] xhci-hcd xhci-hcd.1.auto: xHCI Host Controller
[    7.609572] xhci-hcd xhci-hcd.1.auto: new USB bus registered, assigned bus number 2
[    7.617229] xhci-hcd xhci-hcd.1.auto: Host supports USB 3.0 SuperSpeed
[    7.623851] usb usb2: New USB device found, idVendor=1d6b, idProduct=0003, bcdDevice= 5.10
[    7.632113] usb usb2: New USB device strings: Mfr=3, Product=2, SerialNumber=1
[    7.639331] usb usb2: Product: xHCI Host Controller
[    7.644201] usb usb2: Manufacturer: Linux 5.10.0-98103-g2aa7ac113716 xhci-hcd
[    7.651326] usb usb2: SerialNumber: xhci-hcd.1.auto
[    7.656433] hub 2-0:1.0: USB hub found
[    7.660197] hub 2-0:1.0: 1 port detected
[    7.690314] cf_axi_adc 84a10000.axi-ad9081-rx-hpc: ADI AIM (10.01.b) at 0x84A10000 mapped to 0x(____ptrval____), probed ADC AD9081 as MASTER
[    7.720586] cf_axi_dds 84b10000.axi-ad9081-tx-hpc: Analog Devices CF_AXI_DDS_DDS MASTER (9.01.b) at 0x84B10000 mapped to 0x(____ptrval____), probed DDS AD9081
[    7.734782] jesd204: /axi/spi@ff040000/ad9081@0,jesd204:0,parent=spi1.0: JESD204[2] transition initialized -> probed
[    7.745304] jesd204: /axi/spi@ff040000/ad9081@0,jesd204:0,parent=spi1.0: JESD204[0] transition initialized -> probed
[    7.755827] jesd204: /axi/spi@ff040000/ad9081@0,jesd204:0,parent=spi1.0: JESD204[2] transition probed -> idle
[    7.765734] jesd204: /axi/spi@ff040000/ad9081@0,jesd204:0,parent=spi1.0: JESD204[0] transition probed -> idle
[    7.775654] jesd204: /axi/spi@ff040000/ad9081@0,jesd204:0,parent=spi1.0: JESD204[2] transition idle -> device_init
[    7.786004] jesd204: /axi/spi@ff040000/ad9081@0,jesd204:0,parent=spi1.0: JESD204[0] transition idle -> device_init
[    7.796354] jesd204: /axi/spi@ff040000/ad9081@0,jesd204:0,parent=spi1.0: JESD204[2] transition device_init -> link_init
[    7.807129] jesd204: /axi/spi@ff040000/ad9081@0,jesd204:0,parent=spi1.0: JESD204[0] transition device_init -> link_init
[    7.817921] jesd204: /axi/spi@ff040000/ad9081@0,jesd204:0,parent=spi1.0: JESD204[2] transition link_init -> link_supported
[    7.828959] jesd204: /axi/spi@ff040000/ad9081@0,jesd204:0,parent=spi1.0: JESD204[0] transition link_init -> link_supported
[    7.840377] hmc7044 spi2.0: hmc7044_jesd204_link_pre_setup: Link2 forcing continuous SYSREF mode
[    7.849315] axi-jesd204-rx 84a90000.axi-jesd204-rx: axi_jesd204_rx_jesd204_link_pre_setup: Link2 set lane rate 15560000 kHz failed (-22)
[    7.861573] jesd204: /fpga-axi@0/axi-jesd204-rx@84a90000,jesd204:4,parent=84a90000.axi-jesd204-rx: JESD204[2] In link_pre_setup got error from cb: -22
[    7.875042] jesd204: /axi/spi@ff040000/ad9081@0,jesd204:0,parent=spi1.0: Rolling back from 'link_supported', got error -22
[    7.886085] jesd204: /axi/spi@ff040000/ad9081@0,jesd204:0,parent=spi1.0: JESD204[0] transition link_supported -> link_pre_setup
[    7.897557] jesd204: /axi/spi@ff040000/ad9081@0,jesd204:0,parent=spi1.0: JESD204[2] transition link_supported -> link_pre_setup
[    7.909041] jesd204: /axi/spi@ff040000/ad9081@0,jesd204:0,parent=spi1.0: JESD204[0] transition link_pre_setup -> link_supported
[    7.920517] jesd204: /axi/spi@ff040000/ad9081@0,jesd204:0,parent=spi1.0: JESD204[2] transition link_pre_setup -> link_supported
[    7.931994] jesd204: /axi/spi@ff040000/ad9081@0,jesd204:0,parent=spi1.0: JESD204[0] transition link_supported -> link_init
[    7.943032] jesd204: /axi/spi@ff040000/ad9081@0,jesd204:0,parent=spi1.0: JESD204[2] transition link_supported -> link_init
[    7.954078] jesd204: /axi/spi@ff040000/ad9081@0,jesd204:0,parent=spi1.0: JESD204[0] transition link_init -> device_init
[    7.964858] jesd204: /axi/spi@ff040000/ad9081@0,jesd204:0,parent=spi1.0: JESD204[2] transition link_init -> device_init
[    7.975637] jesd204: /axi/spi@ff040000/ad9081@0,jesd204:0,parent=spi1.0: JESD204[0] transition device_init -> idle
[    7.985980] jesd204: /axi/spi@ff040000/ad9081@0,jesd204:0,parent=spi1.0: JESD204[2] transition device_init -> idle
[    7.996331] jesd204: /axi/spi@ff040000/ad9081@0,jesd204:0,parent=spi1.0: JESD204[2] transition idle -> idle
[    8.006066] jesd204: /axi/spi@ff040000/ad9081@0,jesd204:0,parent=spi1.0: JESD204[0] transition idle -> idle
[    8.015808] jesd204: /axi/spi@ff040000/ad9081@0,jesd204:0,parent=spi1.0: JESD204[2] transition idle -> device_init
[    8.026152] jesd204: /axi/spi@ff040000/ad9081@0,jesd204:0,parent=spi1.0: JESD204[0] transition idle -> device_init
[    8.036502] jesd204: /axi/spi@ff040000/ad9081@0,jesd204:0,parent=spi1.0: JESD204[2] transition device_init -> link_init
[    8.047278] jesd204: /axi/spi@ff040000/ad9081@0,jesd204:0,parent=spi1.0: JESD204[0] transition device_init -> link_init
[    8.058066] jesd204: /axi/spi@ff040000/ad9081@0,jesd204:0,parent=spi1.0: JESD204[2] transition link_init -> link_supported
[    8.069114] jesd204: /axi/spi@ff040000/ad9081@0,jesd204:0,parent=spi1.0: JESD204[0] transition link_init -> link_supported
[    8.080333] axi-jesd204-rx 84a90000.axi-jesd204-rx: axi_jesd204_rx_jesd204_link_pre_setup: Link2 set lane rate 15560000 kHz failed (-22)
[    8.092592] jesd204: /fpga-axi@0/axi-jesd204-rx@84a90000,jesd204:4,parent=84a90000.axi-jesd204-rx: JESD204[2] In link_pre_setup got error from cb: -22
[    8.106061] jesd204: /axi/spi@ff040000/ad9081@0,jesd204:0,parent=spi1.0: Rolling back from 'link_supported', got error -22
[    8.117104] jesd204: /axi/spi@ff040000/ad9081@0,jesd204:0,parent=spi1.0: JESD204[0] transition link_supported -> link_pre_setup
[    8.128575] jesd204: /axi/spi@ff040000/ad9081@0,jesd204:0,parent=spi1.0: JESD204[2] transition link_supported -> link_pre_setup
[    8.140053] jesd204: /axi/spi@ff040000/ad9081@0,jesd204:0,parent=spi1.0: JESD204[0] transition link_pre_setup -> link_supported
[    8.151528] jesd204: /axi/spi@ff040000/ad9081@0,jesd204:0,parent=spi1.0: JESD204[2] transition link_pre_setup -> link_supported
[    8.163003] jesd204: /axi/spi@ff040000/ad9081@0,jesd204:0,parent=spi1.0: JESD204[0] transition link_supported -> link_init
[    8.174040] jesd204: /axi/spi@ff040000/ad9081@0,jesd204:0,parent=spi1.0: JESD204[2] transition link_supported -> link_init
[    8.185088] jesd204: /axi/spi@ff040000/ad9081@0,jesd204:0,parent=spi1.0: JESD204[0] transition link_init -> device_init
[    8.195863] jesd204: /axi/spi@ff040000/ad9081@0,jesd204:0,parent=spi1.0: JESD204[2] transition link_init -> device_init
[    8.206646] jesd204: /axi/spi@ff040000/ad9081@0,jesd204:0,parent=spi1.0: JESD204[0] transition device_init -> idle
[    8.216993] jesd204: /axi/spi@ff040000/ad9081@0,jesd204:0,parent=spi1.0: JESD204[2] transition device_init -> idle
[    8.227342] jesd204: /axi/spi@ff040000/ad9081@0,jesd204:0,parent=spi1.0: JESD204[2] transition idle -> idle
[    8.237075] jesd204: /axi/spi@ff040000/ad9081@0,jesd204:0,parent=spi1.0: JESD204[0] transition idle -> idle
[    8.246817] jesd204: /axi/spi@ff040000/ad9081@0,jesd204:0,parent=spi1.0: JESD204[2] transition idle -> device_init
[    8.257161] jesd204: /axi/spi@ff040000/ad9081@0,jesd204:0,parent=spi1.0: JESD204[0] transition idle -> device_init
[    8.267511] jesd204: /axi/spi@ff040000/ad9081@0,jesd204:0,parent=spi1.0: JESD204[2] transition device_init -> link_init
[    8.278288] jesd204: /axi/spi@ff040000/ad9081@0,jesd204:0,parent=spi1.0: JESD204[0] transition device_init -> link_init
[    8.289075] jesd204: /axi/spi@ff040000/ad9081@0,jesd204:0,parent=spi1.0: JESD204[2] transition link_init -> link_supported
[    8.300118] jesd204: /axi/spi@ff040000/ad9081@0,jesd204:0,parent=spi1.0: JESD204[0] transition link_init -> link_supported
[    8.311306] axi-jesd204-rx 84a90000.axi-jesd204-rx: axi_jesd204_rx_jesd204_link_pre_setup: Link2 set lane rate 15560000 kHz failed (-22)
[    8.323565] jesd204: /fpga-axi@0/axi-jesd204-rx@84a90000,jesd204:4,parent=84a90000.axi-jesd204-rx: JESD204[2] In link_pre_setup got error from cb: -22
[    8.337035] jesd204: /axi/spi@ff040000/ad9081@0,jesd204:0,parent=spi1.0: Rolling back from 'link_supported', got error -22
[    8.348082] jesd204: /axi/spi@ff040000/ad9081@0,jesd204:0,parent=spi1.0: JESD204[0] transition link_supported -> link_pre_setup
[    8.359550] jesd204: /axi/spi@ff040000/ad9081@0,jesd204:0,parent=spi1.0: JESD204[2] transition link_supported -> link_pre_setup
[    8.371031] jesd204: /axi/spi@ff040000/ad9081@0,jesd204:0,parent=spi1.0: JESD204[0] transition link_pre_setup -> link_supported
[    8.382500] jesd204: /axi/spi@ff040000/ad9081@0,jesd204:0,parent=spi1.0: JESD204[2] transition link_pre_setup -> link_supported
[    8.393977] jesd204: /axi/spi@ff040000/ad9081@0,jesd204:0,parent=spi1.0: JESD204[0] transition link_supported -> link_init
[    8.405015] jesd204: /axi/spi@ff040000/ad9081@0,jesd204:0,parent=spi1.0: JESD204[2] transition link_supported -> link_init
[    8.416062] jesd204: /axi/spi@ff040000/ad9081@0,jesd204:0,parent=spi1.0: JESD204[0] transition link_init -> device_init
[    8.426837] jesd204: /axi/spi@ff040000/ad9081@0,jesd204:0,parent=spi1.0: JESD204[2] transition link_init -> device_init
[    8.437620] jesd204: /axi/spi@ff040000/ad9081@0,jesd204:0,parent=spi1.0: JESD204[0] transition device_init -> idle
[    8.447966] jesd204: /axi/spi@ff040000/ad9081@0,jesd204:0,parent=spi1.0: JESD204[2] transition device_init -> idle
[    8.458316] jesd204: /axi/spi@ff040000/ad9081@0,jesd204:0,parent=spi1.0: JESD204[2] transition idle -> idle
[    8.468050] jesd204: /axi/spi@ff040000/ad9081@0,jesd204:0,parent=spi1.0: JESD204[0] transition idle -> idle
[    8.477796] jesd204: /axi/spi@ff040000/ad9081@0,jesd204:0,parent=spi1.0: JESD204[2] transition idle -> device_init
[    8.488136] jesd204: /axi/spi@ff040000/ad9081@0,jesd204:0,parent=spi1.0: JESD204[0] transition idle -> device_init
[    8.498485] jesd204: /axi/spi@ff040000/ad9081@0,jesd204:0,parent=spi1.0: JESD204[2] transition device_init -> link_init
[    8.509262] jesd204: /axi/spi@ff040000/ad9081@0,jesd204:0,parent=spi1.0: JESD204[0] transition device_init -> link_init
[    8.520051] jesd204: /axi/spi@ff040000/ad9081@0,jesd204:0,parent=spi1.0: JESD204[2] transition link_init -> link_supported
[    8.531094] jesd204: /axi/spi@ff040000/ad9081@0,jesd204:0,parent=spi1.0: JESD204[0] transition link_init -> link_supported
[    8.542281] axi-jesd204-rx 84a90000.axi-jesd204-rx: axi_jesd204_rx_jesd204_link_pre_setup: Link2 set lane rate 15560000 kHz failed (-22)
[    8.554540] jesd204: /fpga-axi@0/axi-jesd204-rx@84a90000,jesd204:4,parent=84a90000.axi-jesd204-rx: JESD204[2] In link_pre_setup got error from cb: -22
[    8.568010] jesd204: /axi/spi@ff040000/ad9081@0,jesd204:0,parent=spi1.0: Rolling back from 'link_supported', got error -22
[    8.579053] jesd204: /axi/spi@ff040000/ad9081@0,jesd204:0,parent=spi1.0: JESD204[0] transition link_supported -> link_pre_setup
[    8.590525] jesd204: /axi/spi@ff040000/ad9081@0,jesd204:0,parent=spi1.0: JESD204[2] transition link_supported -> link_pre_setup
[    8.602006] jesd204: /axi/spi@ff040000/ad9081@0,jesd204:0,parent=spi1.0: JESD204[0] transition link_pre_setup -> link_supported
[    8.613474] jesd204: /axi/spi@ff040000/ad9081@0,jesd204:0,parent=spi1.0: JESD204[2] transition link_pre_setup -> link_supported
[    8.624952] jesd204: /axi/spi@ff040000/ad9081@0,jesd204:0,parent=spi1.0: JESD204[0] transition link_supported -> link_init
[    8.635990] jesd204: /axi/spi@ff040000/ad9081@0,jesd204:0,parent=spi1.0: JESD204[2] transition link_supported -> link_init
[    8.647037] jesd204: /axi/spi@ff040000/ad9081@0,jesd204:0,parent=spi1.0: JESD204[0] transition link_init -> device_init
[    8.657812] jesd204: /axi/spi@ff040000/ad9081@0,jesd204:0,parent=spi1.0: JESD204[2] transition link_init -> device_init
[    8.668595] jesd204: /axi/spi@ff040000/ad9081@0,jesd204:0,parent=spi1.0: JESD204[0] transition device_init -> idle
[    8.678939] jesd204: /axi/spi@ff040000/ad9081@0,jesd204:0,parent=spi1.0: JESD204[2] transition device_init -> idle
[    8.689286] jesd204: /axi/spi@ff040000/ad9081@0,jesd204:0,parent=spi1.0: FSM completed with error -22
[    8.707713] input: gpio-keys as /devices/platform/gpio-keys/input/input0
[    8.714733] of_cfs_init
[    8.717194] of_cfs_init: OK
[    8.720131] cfg80211: Loading compiled-in X.509 certificates for regulatory database
[    8.858369] cfg80211: Loaded X.509 cert 'sforshee: 00b28ddf47aef9cea7'
[    8.864901] clk: Not disabling unused clocks
[    8.869429] ALSA device list:
[    8.872393]   No soundcards found.
[    8.876057] platform regulatory.0: Direct firmware load for regulatory.db failed with error -2
[    8.884666] cfg80211: failed to load regulatory.db
[    8.901618] EXT4-fs (mmcblk0p2): mounted filesystem with ordered data mode. Opts: (null)
[    8.909731] VFS: Mounted root (ext4 filesystem) on device 179:2.
[    8.924216] devtmpfs: mounted
[    8.928059] Freeing unused kernel memory: 2560K
[    8.939797] Run /sbin/init as init process
[    8.943896]   with arguments:
[    8.943899]     /sbin/init
[    8.943901]   with environment:
[    8.943903]     HOME=/
[    8.943905]     TERM=linux
[    9.569513] systemd[1]: systemd 241 running in system mode. (+PAM +AUDIT +SELINUX +IMA +APPARMOR +SMACK +SYSVINIT +UTMP +LIBCRYPTSETUP +GCRYPT +GNUTLS +ACL +XZ +LZ4 +SECCOMP +BLKID +ELFUTILS +KMOD -IDN2 +IDN -PCRE2 default-hierarchy=hybrid)
[    9.591375] systemd[1]: Detected architecture arm64.
[    9.616564] systemd[1]: Set hostname to <analog>.
[    9.813452] systemd[1]: File /lib/systemd/system/systemd-journald.service:12 configures an IP firewall (IPAddressDeny=any), but the local system does not support BPF/cgroup based firewalling.
[    9.830535] systemd[1]: Proceeding WITHOUT firewalling in effect! (This warning is only shown for the first loaded unit using IP firewalling.)
[   10.007405] systemd[1]: /etc/systemd/system/tof-server.service:1: Assignment outside of section. Ignoring.
[   10.017127] systemd[1]: /etc/systemd/system/tof-server.service:2: Assignment outside of section. Ignoring.
[   10.210887] random: systemd: uninitialized urandom read (16 bytes read)
[   10.225863] random: systemd: uninitialized urandom read (16 bytes read)
[   10.232970] systemd[1]: Listening on Journal Socket (/dev/log).
[   10.256116] random: systemd: uninitialized urandom read (16 bytes read)
[   10.262937] systemd[1]: Listening on Journal Audit Socket.
[   10.284113] systemd[1]: Listening on Journal Socket.
[   11.068549] EXT4-fs (mmcblk0p2): re-mounted. Opts: (null)
[   11.236528] systemd-journald[148]: Received request to flush runtime journal from PID 1
[   16.747473] random: crng init done
[   16.747486] random: 7 urandom warning(s) missed due to ratelimiting
[   17.190614] macb ff0e0000.ethernet eth0: PHY [ff0e0000.ethernet-ffffffff:0c] driver [TI DP83867] (irq=POLL)
[   17.190627] macb ff0e0000.ethernet eth0: configuring for phy/rgmii-id link mode
[   17.511765] Adding 69628k swap on /var/swap.  Priority:-2 extents:1 across:69628k SS
[   20.257420] macb ff0e0000.ethernet eth0: Link is Up - 1Gbps/Full - flow control off
[   20.257446] IPv6: ADDRCONF(NETDEV_CHANGE): eth0: link becomes ready
[   20.275177] broken atomic modeset userspace detected, disabling atomic
[   22.954549] broken atomic modeset userspace detected, disabling atomic
[   26.040474] broken atomic modeset userspace detected, disabling atomic
[   28.694461] broken atomic modeset userspace detected, disabling atomic