[    0.000000] Booting Linux on physical CPU 0x0000000000 [0x410fd034]
[    0.000000] Linux version 5.10.0-98103-g2aa7ac113716 (jenkins@romlxbuild1.adlk.analog.com) (aarch64-xilinx-linux-gcc.real (GCC) 10.2.0, GNU ld (GNU Binutils) 2.35.0.20200730) #5577 SMP Wed Mar 23 07:28:49 GMT 2022
[    0.000000] Machine model: ZynqMP ZCU102 Rev1.0
[    0.000000] earlycon: cdns0 at MMIO 0x00000000ff000000 (options '115200n8')
[    0.000000] printk: bootconsole [cdns0] enabled
[    0.000000] efi: UEFI not found.
[    0.000000] cma: Reserved 256 MiB at 0x0000000070000000
[    0.000000] Zone ranges:
[    0.000000]   DMA      [mem 0x0000000000000000-0x000000003fffffff]
[    0.000000]   DMA32    [mem 0x0000000040000000-0x00000000ffffffff]
[    0.000000]   Normal   [mem 0x0000000100000000-0x000000087fffffff]
[    0.000000] Movable zone start for each node
[    0.000000] Early memory node ranges
[    0.000000]   node   0: [mem 0x0000000000000000-0x000000007fffffff]
[    0.000000]   node   0: [mem 0x0000000800000000-0x000000087fffffff]
[    0.000000] Initmem setup node 0 [mem 0x0000000000000000-0x000000087fffffff]
[    0.000000] On node 0 totalpages: 1048576
[    0.000000]   DMA zone: 3584 pages used for memmap
[    0.000000]   DMA zone: 0 pages reserved
[    0.000000]   DMA zone: 262144 pages, LIFO batch:63
[    0.000000]   DMA32 zone: 3584 pages used for memmap
[    0.000000]   DMA32 zone: 262144 pages, LIFO batch:63
[    0.000000]   Normal zone: 7168 pages used for memmap
[    0.000000]   Normal zone: 524288 pages, LIFO batch:63
[    0.000000] psci: probing for conduit method from DT.
[    0.000000] psci: PSCIv1.1 detected in firmware.
[    0.000000] psci: Using standard PSCI v0.2 function IDs
[    0.000000] psci: MIGRATE_INFO_TYPE not supported.
[    0.000000] psci: SMC Calling Convention v1.2
[    0.000000] percpu: Embedded 22 pages/cpu s49496 r8192 d32424 u90112
[    0.000000] pcpu-alloc: s49496 r8192 d32424 u90112 alloc=22*4096
[    0.000000] pcpu-alloc: [0] 0 [0] 1 [0] 2 [0] 3 
[    0.000000] Detected VIPT I-cache on CPU0
[    0.000000] CPU features: detected: ARM erratum 845719
[    0.000000] Built 1 zonelists, mobility grouping on.  Total pages: 1034240
[    0.000000] Kernel command line: console=ttyPS0,115200 root=/dev/mmcblk0p2 rw earlycon rootfstype=ext4 rootwait clk_ignore_unused cpuidle.off=1 root=/dev/mmcblk0p2 rw rootwait
[    0.000000] Dentry cache hash table entries: 524288 (order: 10, 4194304 bytes, linear)
[    0.000000] Inode-cache hash table entries: 262144 (order: 9, 2097152 bytes, linear)
[    0.000000] mem auto-init: stack:off, heap alloc:off, heap free:off
[    0.000000] software IO TLB: mapped [mem 0x000000003bfff000-0x000000003ffff000] (64MB)
[    0.000000] Memory: 3761904K/4194304K available (15296K kernel code, 1636K rwdata, 11876K rodata, 2560K init, 507K bss, 170256K reserved, 262144K cma-reserved)
[    0.000000] rcu: Hierarchical RCU implementation.
[    0.000000] rcu: 	RCU event tracing is enabled.
[    0.000000] rcu: 	RCU restricting CPUs from NR_CPUS=8 to nr_cpu_ids=4.
[    0.000000] rcu: RCU calculated value of scheduler-enlistment delay is 25 jiffies.
[    0.000000] rcu: Adjusting geometry for rcu_fanout_leaf=16, nr_cpu_ids=4
[    0.000000] NR_IRQS: 64, nr_irqs: 64, preallocated irqs: 0
[    0.000000] GIC: Adjusting CPU interface base to 0x00000000f902f000
[    0.000000] GIC: Using split EOI/Deactivate mode
[    0.000000] random: get_random_bytes called from start_kernel+0x31c/0x54c with crng_init=0
[    0.000000] arch_timer: cp15 timer(s) running at 100.00MHz (phys).
[    0.000000] clocksource: arch_sys_counter: mask: 0xffffffffffffff max_cycles: 0x171024e7e0, max_idle_ns: 440795205315 ns
[    0.000004] sched_clock: 56 bits at 100MHz, resolution 10ns, wraps every 4398046511100ns
[    0.008462] Console: colour dummy device 80x25
[    0.012483] Calibrating delay loop (skipped), value calculated using timer frequency.. 200.00 BogoMIPS (lpj=400000)
[    0.022841] pid_max: default: 32768 minimum: 301
[    0.027551] Mount-cache hash table entries: 8192 (order: 4, 65536 bytes, linear)
[    0.034789] Mountpoint-cache hash table entries: 8192 (order: 4, 65536 bytes, linear)
[    0.043396] rcu: Hierarchical SRCU implementation.
[    0.047560] EFI services will not be available.
[    0.051939] smp: Bringing up secondary CPUs ...
[    0.056655] Detected VIPT I-cache on CPU1
[    0.056694] CPU1: Booted secondary processor 0x0000000001 [0x410fd034]
[    0.057059] Detected VIPT I-cache on CPU2
[    0.057083] CPU2: Booted secondary processor 0x0000000002 [0x410fd034]
[    0.057422] Detected VIPT I-cache on CPU3
[    0.057445] CPU3: Booted secondary processor 0x0000000003 [0x410fd034]
[    0.057490] smp: Brought up 1 node, 4 CPUs
[    0.091779] SMP: Total of 4 processors activated.
[    0.096452] CPU features: detected: 32-bit EL0 Support
[    0.101556] CPU features: detected: CRC32 instructions
[    0.106697] CPU: All CPU(s) started at EL2
[    0.110736] alternatives: patching kernel code
[    0.116169] devtmpfs: initialized
[    0.124059] Registered cp15_barrier emulation handler
[    0.124109] Registered setend emulation handler
[    0.128091] clocksource: jiffies: mask: 0xffffffff max_cycles: 0xffffffff, max_idle_ns: 7645041785100000 ns
[    0.137670] futex hash table entries: 1024 (order: 4, 65536 bytes, linear)
[    0.151032] pinctrl core: initialized pinctrl subsystem
[    0.151679] NET: Registered protocol family 16
[    0.156102] DMA: preallocated 512 KiB GFP_KERNEL pool for atomic allocations
[    0.162116] DMA: preallocated 512 KiB GFP_KERNEL|GFP_DMA pool for atomic allocations
[    0.169841] DMA: preallocated 512 KiB GFP_KERNEL|GFP_DMA32 pool for atomic allocations
[    0.177645] audit: initializing netlink subsys (disabled)
[    0.183100] audit: type=2000 audit(0.116:1): state=initialized audit_enabled=0 res=1
[    0.183443] hw-breakpoint: found 6 breakpoint and 4 watchpoint registers.
[    0.197472] ASID allocator initialised with 65536 entries
[    0.224365] HugeTLB registered 1.00 GiB page size, pre-allocated 0 pages
[    0.225421] HugeTLB registered 32.0 MiB page size, pre-allocated 0 pages
[    0.232092] HugeTLB registered 2.00 MiB page size, pre-allocated 0 pages
[    0.238754] HugeTLB registered 64.0 KiB page size, pre-allocated 0 pages
[    1.304327] DRBG: Continuing without Jitter RNG
[    1.382153] raid6: neonx8   gen()  2147 MB/s
[    1.450195] raid6: neonx8   xor()  1595 MB/s
[    1.518262] raid6: neonx4   gen()  2202 MB/s
[    1.586306] raid6: neonx4   xor()  1566 MB/s
[    1.654367] raid6: neonx2   gen()  2075 MB/s
[    1.722420] raid6: neonx2   xor()  1437 MB/s
[    1.790480] raid6: neonx1   gen()  1772 MB/s
[    1.858531] raid6: neonx1   xor()  1220 MB/s
[    1.926588] raid6: int64x8  gen()  1438 MB/s
[    1.994645] raid6: int64x8  xor()   771 MB/s
[    2.062708] raid6: int64x4  gen()  1598 MB/s
[    2.130768] raid6: int64x4  xor()   820 MB/s
[    2.198842] raid6: int64x2  gen()  1397 MB/s
[    2.266881] raid6: int64x2  xor()   750 MB/s
[    2.334958] raid6: int64x1  gen()  1033 MB/s
[    2.403019] raid6: int64x1  xor()   517 MB/s
[    2.403058] raid6: using algorithm neonx4 gen() 2202 MB/s
[    2.407013] raid6: .... xor() 1566 MB/s, rmw enabled
[    2.411943] raid6: using neon recovery algorithm
[    2.416955] iommu: Default domain type: Translated 
[    2.421567] SCSI subsystem initialized
[    2.425113] libata version 3.00 loaded.
[    2.425237] usbcore: registered new interface driver usbfs
[    2.430569] usbcore: registered new interface driver hub
[    2.435842] usbcore: registered new device driver usb
[    2.440975] mc: Linux media interface: v0.10
[    2.445093] videodev: Linux video capture interface: v2.00
[    2.450584] EDAC MC: Ver: 3.0.0
[    2.454023] zynqmp-ipi-mbox mailbox@ff990400: Registered ZynqMP IPI mbox with TX/RX channels.
[    2.462525] jesd204: created con: id=0, topo=0, link=0, /axi/spi@ff050000/hmc7044@0 <-> /fpga-axi@0/axi-adxcvr-tx@84b60000
[    2.473112] jesd204: created con: id=1, topo=0, link=2, /axi/spi@ff050000/hmc7044@0 <-> /fpga-axi@0/axi-adxcvr-rx@84a60000
[    2.484096] jesd204: created con: id=2, topo=0, link=0, /fpga-axi@0/axi-adxcvr-tx@84b60000 <-> /fpga-axi@0/axi-jesd204-tx@84b90000
[    2.495772] jesd204: created con: id=3, topo=0, link=2, /fpga-axi@0/axi-adxcvr-rx@84a60000 <-> /fpga-axi@0/axi-jesd204-rx@84a90000
[    2.507449] jesd204: created con: id=4, topo=0, link=0, /fpga-axi@0/axi-jesd204-tx@84b90000 <-> /fpga-axi@0/axi-ad9081-tx-hpc@84b10000
[    2.519477] jesd204: created con: id=5, topo=0, link=2, /fpga-axi@0/axi-jesd204-rx@84a90000 <-> /fpga-axi@0/axi-ad9081-rx-hpc@84a10000
[    2.531499] jesd204: created con: id=6, topo=0, link=2, /fpga-axi@0/axi-ad9081-rx-hpc@84a10000 <-> /axi/spi@ff040000/ad9081@0
[    2.542740] jesd204: created con: id=7, topo=0, link=0, /fpga-axi@0/axi-ad9081-tx-hpc@84b10000 <-> /axi/spi@ff040000/ad9081@0
[    2.553990] jesd204: /axi/spi@ff040000/ad9081@0: JESD204[2] transition uninitialized -> initialized
[    2.562977] jesd204: /axi/spi@ff040000/ad9081@0: JESD204[0] transition uninitialized -> initialized
[    2.571969] jesd204: found 8 devices and 1 topologies
[    2.577013] FPGA manager framework
[    2.580491] Advanced Linux Sound Architecture Driver Initialized.
[    2.586784] Bluetooth: Core ver 2.22
[    2.589971] NET: Registered protocol family 31
[    2.594373] Bluetooth: HCI device and connection manager initialized
[    2.600689] Bluetooth: HCI socket layer initialized
[    2.605532] Bluetooth: L2CAP socket layer initialized
[    2.610555] Bluetooth: SCO socket layer initialized
[    2.615743] clocksource: Switched to clocksource arch_sys_counter
[    2.621548] VFS: Disk quotas dquot_6.6.0
[    2.625382] VFS: Dquot-cache hash table entries: 512 (order 0, 4096 bytes)
[    2.636096] NET: Registered protocol family 2
[    2.636830] tcp_listen_portaddr_hash hash table entries: 2048 (order: 3, 32768 bytes, linear)
[    2.645022] TCP established hash table entries: 32768 (order: 6, 262144 bytes, linear)
[    2.653048] TCP bind hash table entries: 32768 (order: 7, 524288 bytes, linear)
[    2.660492] TCP: Hash tables configured (established 32768 bind 32768)
[    2.666668] UDP hash table entries: 2048 (order: 4, 65536 bytes, linear)
[    2.673334] UDP-Lite hash table entries: 2048 (order: 4, 65536 bytes, linear)
[    2.680494] NET: Registered protocol family 1
[    2.684951] RPC: Registered named UNIX socket transport module.
[    2.690570] RPC: Registered udp transport module.
[    2.695235] RPC: Registered tcp transport module.
[    2.699904] RPC: Registered tcp NFSv4.1 backchannel transport module.
[    2.706897] PCI: CLS 0 bytes, default 64
[    2.710604] hw perfevents: no interrupt-affinity property for /pmu, guessing.
[    2.717455] hw perfevents: enabled with armv8_pmuv3 PMU driver, 7 counters available
[    2.725808] Initialise system trusted keyrings
[    2.729483] workingset: timestamp_bits=62 max_order=20 bucket_order=0
[    2.736383] NFS: Registering the id_resolver key type
[    2.740834] Key type id_resolver registered
[    2.744972] Key type id_legacy registered
[    2.748962] nfs4filelayout_init: NFSv4 File Layout Driver Registering...
[    2.755627] jffs2: version 2.2. (NAND) (SUMMARY)  Â© 2001-2006 Red Hat, Inc.
[    2.798908] NET: Registered protocol family 38
[    2.798950] xor: measuring software checksum speed
[    2.806643]    8regs           :  2363 MB/sec
[    2.810312]    32regs          :  2799 MB/sec
[    2.815254]    arm64_neon      :  2380 MB/sec
[    2.815444] xor: using function: 32regs (2799 MB/sec)
[    2.820471] Key type asymmetric registered
[    2.824532] Asymmetric key parser 'x509' registered
[    2.829393] Block layer SCSI generic (bsg) driver version 0.4 loaded (major 248)
[    2.836729] io scheduler mq-deadline registered
[    2.841226] io scheduler kyber registered
[    2.870615] Serial: 8250/16550 driver, 4 ports, IRQ sharing disabled
[    2.875254] cacheinfo: Unable to detect cache hierarchy for CPU 0
[    2.881587] brd: module loaded
[    2.885725] loop: module loaded
[    2.886269] Registered mathworks_ip class
[    2.889624] libphy: Fixed MDIO Bus: probed
[    2.892599] tun: Universal TUN/TAP device driver, 1.6
[    2.896666] CAN device driver interface
[    2.901200] usbcore: registered new interface driver asix
[    2.905799] usbcore: registered new interface driver ax88179_178a
[    2.911832] usbcore: registered new interface driver cdc_ether
[    2.917623] usbcore: registered new interface driver net1080
[    2.923250] usbcore: registered new interface driver cdc_subset
[    2.929130] usbcore: registered new interface driver zaurus
[    2.934673] usbcore: registered new interface driver cdc_ncm
[    2.941078] ehci_hcd: USB 2.0 'Enhanced' Host Controller (EHCI) Driver
[    2.946759] ehci-pci: EHCI PCI platform driver
[    2.951558] usbcore: registered new interface driver uas
[    2.956474] usbcore: registered new interface driver usb-storage
[    2.962462] usbcore: registered new interface driver usbserial_generic
[    2.968914] usbserial: USB Serial support registered for generic
[    2.974887] usbcore: registered new interface driver ftdi_sio
[    2.980590] usbserial: USB Serial support registered for FTDI USB Serial Device
[    2.987867] usbcore: registered new interface driver upd78f0730
[    2.993737] usbserial: USB Serial support registered for upd78f0730
[    3.001394] rtc_zynqmp ffa60000.rtc: registered as rtc0
[    3.005162] rtc_zynqmp ffa60000.rtc: setting system clock to 2022-03-26T02:22:32 UTC (1648261352)
[    3.014025] i2c /dev entries driver
[    3.019329] usbcore: registered new interface driver uvcvideo
[    3.023138] USB Video Class driver (1.1.1)
[    3.028716] Bluetooth: HCI UART driver ver 2.3
[    3.031609] Bluetooth: HCI UART protocol H4 registered
[    3.036724] Bluetooth: HCI UART protocol BCSP registered
[    3.042009] Bluetooth: HCI UART protocol LL registered
[    3.047097] Bluetooth: HCI UART protocol ATH3K registered
[    3.052470] Bluetooth: HCI UART protocol Three-wire (H5) registered
[    3.058726] Bluetooth: HCI UART protocol Intel registered
[    3.064065] Bluetooth: HCI UART protocol QCA registered
[    3.069265] usbcore: registered new interface driver bcm203x
[    3.074886] usbcore: registered new interface driver bpa10x
[    3.080421] usbcore: registered new interface driver bfusb
[    3.085871] usbcore: registered new interface driver btusb
[    3.091335] usbcore: registered new interface driver ath3k
[    3.096818] EDAC MC: ECC not enabled
[    3.100444] EDAC DEVICE0: Giving out device to module zynqmp-ocm-edac controller zynqmp_ocm: DEV ff960000.memory-controller (INTERRUPT)
[    3.112758] sdhci: Secure Digital Host Controller Interface driver
[    3.118546] sdhci: Copyright(c) Pierre Ossman
[    3.122871] sdhci-pltfm: SDHCI platform and OF driver helper
[    3.128923] ledtrig-cpu: registered to indicate activity on CPUs
[    3.134474] SMCCC: SOC_ID: ARCH_SOC_ID not implemented, skipping ....
[    3.140905] zynqmp_firmware_probe Platform Management API v1.1
[    3.146661] zynqmp_firmware_probe Trustzone version v1.0
[    3.186219] zynqmp-pinctrl firmware:zynqmp-firmware:pinctrl: zynqmp pinctrl initialized
[    3.234220] zynqmp-aes firmware:zynqmp-firmware:zynqmp-aes: will run requests pump with realtime priority
[    3.250038] alg: No test for xilinx-keccak-384 (zynqmp-keccak-384)
[    3.250750] alg: No test for xilinx-zynqmp-rsa (zynqmp-rsa)
[    3.256266] usbcore: registered new interface driver usbhid
[    3.261654] usbhid: USB HID core driver
[    3.272905] axi_sysid 85000000.axi-sysid-0: AXI System ID core version (1.01.a) found
[    3.275252] axi_sysid 85000000.axi-sysid-0: [ad9081_fmca_ebz] on [zcu102] git branch <master> git <084d44c9780640ca93fd847b1d9ec70dd65f5c67> clean [2022-03-18 04:17:50] UTC
[    3.290941] fpga_manager fpga0: Xilinx ZynqMP FPGA Manager registered
[    3.297291] usbcore: registered new interface driver snd-usb-audio
[    3.304748] pktgen: Packet Generator for packet performance testing. Version: 2.75
[    3.310921] Initializing XFRM netlink socket
[    3.314778] NET: Registered protocol family 10
[    3.319495] Segment Routing with IPv6
[    3.322884] sit: IPv6, IPv4 and MPLS over IPv4 tunneling driver
[    3.328949] NET: Registered protocol family 17
[    3.333053] NET: Registered protocol family 15
[    3.337551] can: controller area network core
[    3.341806] NET: Registered protocol family 29
[    3.346193] can: raw protocol
[    3.349131] can: broadcast manager protocol
[    3.353284] can: netlink gateway - max_hops=1
[    3.357680] Bluetooth: RFCOMM TTY layer initialized
[    3.362460] Bluetooth: RFCOMM socket layer initialized
[    3.367565] Bluetooth: RFCOMM ver 1.11
[    3.371279] Bluetooth: BNEP (Ethernet Emulation) ver 1.3
[    3.376554] Bluetooth: BNEP filters: protocol multicast
[    3.381741] Bluetooth: BNEP socket layer initialized
[    3.386671] Bluetooth: HIDP (Human Interface Emulation) ver 1.2
[    3.392554] Bluetooth: HIDP socket layer initialized
[    3.397606] 9pnet: Installing 9P2000 support
[    3.401731] NET: Registered protocol family 36
[    3.406146] Key type dns_resolver registered
[    3.410579] registered taskstats version 1
[    3.414444] Loading compiled-in X.509 certificates
[    3.419558] Btrfs loaded, crc32c=crc32c-generic
[    3.431967] ff000000.serial: ttyPS0 at MMIO 0xff000000 (irq = 49, base_baud = 6249999) is a xuartps
[    3.440987] printk: console [ttyPS0] enabled
[    3.445283] printk: bootconsole [cdns0] disabled
[    3.454914] ff010000.serial: ttyPS1 at MMIO 0xff010000 (irq = 50, base_baud = 6249999) is a xuartps
[    3.468162] of-fpga-region fpga-full: FPGA Region probed
[    3.475112] nwl-pcie fd0e0000.pcie: host bridge /axi/pcie@fd0e0000 ranges:
[    3.482011] nwl-pcie fd0e0000.pcie:      MEM 0x00e0000000..0x00efffffff -> 0x00e0000000
[    3.490013] nwl-pcie fd0e0000.pcie:      MEM 0x0600000000..0x07ffffffff -> 0x0600000000
[    3.498076] nwl-pcie fd0e0000.pcie: Link is DOWN
[    3.502837] nwl-pcie fd0e0000.pcie: PCI host bridge to bus 0000:00
[    3.509020] pci_bus 0000:00: root bus resource [bus 00-ff]
[    3.514501] pci_bus 0000:00: root bus resource [mem 0xe0000000-0xefffffff]
[    3.521371] pci_bus 0000:00: root bus resource [mem 0x600000000-0x7ffffffff pref]
[    3.528874] pci 0000:00:00.0: [10ee:d021] type 01 class 0x060400
[    3.534930] pci 0000:00:00.0: PME# supported from D0 D1 D2 D3hot
[    3.545376] pci 0000:00:00.0: PCI bridge to [bus 01-0c]
[    3.551347] xilinx-zynqmp-dma fd500000.dma: ZynqMP DMA driver Probe success
[    3.558518] xilinx-zynqmp-dma fd510000.dma: ZynqMP DMA driver Probe success
[    3.565695] xilinx-zynqmp-dma fd520000.dma: ZynqMP DMA driver Probe success
[    3.572862] xilinx-zynqmp-dma fd530000.dma: ZynqMP DMA driver Probe success
[    3.580029] xilinx-zynqmp-dma fd540000.dma: ZynqMP DMA driver Probe success
[    3.587198] xilinx-zynqmp-dma fd550000.dma: ZynqMP DMA driver Probe success
[    3.594369] xilinx-zynqmp-dma fd560000.dma: ZynqMP DMA driver Probe success
[    3.601540] xilinx-zynqmp-dma fd570000.dma: ZynqMP DMA driver Probe success
[    3.608936] xilinx-zynqmp-dpdma fd4c0000.dma-controller: Xilinx DPDMA engine is probed
[    3.617484] ahci-ceva fd0c0000.ahci: supply ahci not found, using dummy regulator
[    3.625032] ahci-ceva fd0c0000.ahci: supply phy not found, using dummy regulator
[    3.715912] hmc7044 spi2.0: PLL1: Acquisition, CLKIN0 @ 122880000 Hz, PFD: 80 kHz - PLL2: Locked @ 2592.000000 MHz
[    3.726629] jesd204: /axi/spi@ff050000/hmc7044@0,jesd204:1,parent=spi2.0: Using as SYSREF provider
[    3.736214] spi-nor spi0.0: SPI-NOR-UniqueID 100000235394732200270025081115266e
[    3.743518] spi-nor spi0.0: found n25q512a, expected m25p80
[    3.749718] spi-nor spi0.0: trying to lock already unlocked area
[    3.755719] spi-nor spi0.0: n25q512a (131072 Kbytes)
[    3.760697] 4 fixed-partitions partitions found on MTD device spi0.0
[    3.767043] Creating 4 MTD partitions on "spi0.0":
[    3.771828] 0x000000000000-0x000000100000 : "qspi-fsbl-uboot"
[    3.778316] 0x000000100000-0x000000600000 : "qspi-linux"
[    3.784275] 0x000000600000-0x000000620000 : "qspi-device-tree"
[    3.790745] 0x000000620000-0x000000c00000 : "qspi-rootfs"
[    3.799218] macb ff0e0000.ethernet: Not enabling partial store and forward
[    3.806744] libphy: MACB_mii_bus: probed
[    3.811819] macb ff0e0000.ethernet eth0: Cadence GEM rev 0x50070106 at 0xff0e0000 irq 30 (00:0a:35:04:8e:1b)
[    3.822034] xilinx-axipmon ffa00000.perf-monitor: Probed Xilinx APM
[    3.828604] xilinx-axipmon fd0b0000.perf-monitor: Probed Xilinx APM
[    3.835117] xilinx-axipmon fd490000.perf-monitor: Probed Xilinx APM
[    3.841659] xilinx-axipmon ffa10000.perf-monitor: Probed Xilinx APM
[    3.851648] pca953x 0-0020: supply vcc not found, using dummy regulator
[    3.858336] pca953x 0-0020: using no AI
[    3.862825] gpio-496 (sel0): hogged as output/low
[    3.867723] gpio-497 (sel1): hogged as output/high
[    3.872710] gpio-498 (sel2): hogged as output/high
[    3.877698] gpio-499 (sel3): hogged as output/high
[    3.882872] pca953x 0-0021: supply vcc not found, using dummy regulator
[    3.889545] pca953x 0-0021: using no AI
[    3.895307] ina2xx 2-0040: power monitor ina226 (Rshunt = 5000 uOhm)
[    3.902335] ina2xx 2-0041: power monitor ina226 (Rshunt = 5000 uOhm)
[    3.909368] ina2xx 2-0042: power monitor ina226 (Rshunt = 5000 uOhm)
[    3.916405] ina2xx 2-0043: power monitor ina226 (Rshunt = 5000 uOhm)
[    3.923431] ina2xx 2-0044: power monitor ina226 (Rshunt = 5000 uOhm)
[    3.930453] ina2xx 2-0045: power monitor ina226 (Rshunt = 5000 uOhm)
[    3.937483] ina2xx 2-0046: power monitor ina226 (Rshunt = 5000 uOhm)
[    3.944560] ina2xx 2-0047: power monitor ina226 (Rshunt = 5000 uOhm)
[    3.951583] ina2xx 2-004a: power monitor ina226 (Rshunt = 5000 uOhm)
[    3.958626] ina2xx 2-004b: power monitor ina226 (Rshunt = 5000 uOhm)
[    3.965038] i2c i2c-0: Added multiplexed i2c bus 2
[    3.970431] random: fast init done
[    3.973902] ina2xx 3-0040: power monitor ina226 (Rshunt = 2000 uOhm)
[    3.980928] ina2xx 3-0041: power monitor ina226 (Rshunt = 5000 uOhm)
[    3.987956] ina2xx 3-0042: power monitor ina226 (Rshunt = 5000 uOhm)
[    3.994986] ina2xx 3-0043: power monitor ina226 (Rshunt = 5000 uOhm)
[    4.002013] ina2xx 3-0044: power monitor ina226 (Rshunt = 5000 uOhm)
[    4.009039] ina2xx 3-0045: power monitor ina226 (Rshunt = 5000 uOhm)
[    4.016074] ina2xx 3-0046: power monitor ina226 (Rshunt = 5000 uOhm)
[    4.023102] ina2xx 3-0047: power monitor ina226 (Rshunt = 5000 uOhm)
[    4.029502] i2c i2c-0: Added multiplexed i2c bus 3
[    4.085311] i2c i2c-0: Added multiplexed i2c bus 4
[    4.090251] i2c i2c-0: Added multiplexed i2c bus 5
[    4.095040] pca954x 0-0075: registered 4 multiplexed busses for I2C mux pca9544
[    4.102390] cdns-i2c ff020000.i2c: 400 kHz mmio ff020000 irq 32
[    4.110121] at24 6-0054: supply vcc not found, using dummy regulator
[    4.117016] at24 6-0054: 1024 byte 24c08 EEPROM, writable, 1 bytes/write
[    4.123774] i2c i2c-1: Added multiplexed i2c bus 6
[    4.130201] si5341 7-0036: Chip: 5341 Grade: 1 Rev: 1
[    4.167923] i2c i2c-1: Added multiplexed i2c bus 7
[    4.175582] si570 8-005d: registered, current frequency 300000000 Hz
[    4.181987] i2c i2c-1: Added multiplexed i2c bus 8
[    4.201774] si570 9-005d: registered, current frequency 148500000 Hz
[    4.208172] i2c i2c-1: Added multiplexed i2c bus 9
[    4.213203] si5324 10-0069: si5328 probed
[    4.280105] si5324 10-0069: si5328 probe successful
[    4.285037] i2c i2c-1: Added multiplexed i2c bus 10
[    4.290065] i2c i2c-1: Added multiplexed i2c bus 11
[    4.295091] i2c i2c-1: Added multiplexed i2c bus 12
[    4.300111] i2c i2c-1: Added multiplexed i2c bus 13
[    4.304983] pca954x 1-0074: registered 8 multiplexed busses for I2C switch pca9548
[    4.313094] at24 14-0050: supply vcc not found, using dummy regulator
[    4.319882] at24 14-0050: 256 byte 24c02 EEPROM, writable, 1 bytes/write
[    4.326627] i2c i2c-1: Added multiplexed i2c bus 14
[    4.331668] i2c i2c-1: Added multiplexed i2c bus 15
[    4.336699] i2c i2c-1: Added multiplexed i2c bus 16
[    4.341737] i2c i2c-1: Added multiplexed i2c bus 17
[    4.346767] i2c i2c-1: Added multiplexed i2c bus 18
[    4.351815] i2c i2c-1: Added multiplexed i2c bus 19
[    4.356852] i2c i2c-1: Added multiplexed i2c bus 20
[    4.361885] i2c i2c-1: Added multiplexed i2c bus 21
[    4.366758] pca954x 1-0075: registered 8 multiplexed busses for I2C switch pca9548
[    4.374368] cdns-i2c ff030000.i2c: 400 kHz mmio ff030000 irq 33
[    4.384117] cdns-wdt fd4d0000.watchdog: Xilinx Watchdog Timer with timeout 60s
[    4.395068] axi_adxcvr 84a60000.axi-adxcvr-rx: AXI-ADXCVR-RX (17.05.a) using CPLL on GTH4 at 0x84A60000. Number of lanes: 4.
[    4.407246] axi_adxcvr 84b60000.axi-adxcvr-tx: AXI-ADXCVR-TX (17.05.a) using QPLL on GTH4 at 0x84B60000. Number of lanes: 4.
[    4.418866] axi-jesd204-rx 84a90000.axi-jesd204-rx: AXI-JESD204-RX (1.07.a) at 0x84A90000. Encoder 8b10b, width 4/4, lanes 4, jesd204-fsm.
[    4.426153] mmc0: SDHCI controller on ff170000.mmc [ff170000.mmc] using ADMA 64-bit
[    4.431711] axi-jesd204-tx 84b90000.axi-jesd204-tx: AXI-JESD204-TX (1.06.a) at 0x84B90000. Encoder 8b10b, width 4/4, lanes 4, jesd204-fsm.
[    4.452437] zynqmp-display fd4a0000.display: vtc bridge property not present
[    4.462099] xilinx-dp-snd-codec fd4a0000.display:zynqmp_dp_snd_codec0: Failed to get required clock freq
[    4.471606] xilinx-dp-snd-codec: probe of fd4a0000.display:zynqmp_dp_snd_codec0 failed with error -22
[    4.473525] mmc0: new high speed SDHC card at address 0001
[    4.481145] xilinx-dp-snd-pcm zynqmp_dp_snd_pcm0: Xilinx DisplayPort Sound PCM probed
[    4.486658] mmcblk0: mmc0:0001 EB1QT 29.8 GiB 
[    4.494460] xilinx-dp-snd-pcm zynqmp_dp_snd_pcm1: Xilinx DisplayPort Sound PCM probed
[    4.499839]  mmcblk0: p1 p2 p3
[    4.506766] OF: graph: no port node found in /axi/display@fd4a0000
[    4.515841] xlnx-drm xlnx-drm.0: bound fd4a0000.display (ops 0xffffffc010fcbdb8)
[    5.599758] zynqmp-display fd4a0000.display: [drm] Cannot find any crtc or sizes
[    5.607368] [drm] Initialized xlnx 1.0.0 20130509 for fd4a0000.display on minor 0
[    5.614858] zynqmp-display fd4a0000.display: ZynqMP DisplayPort Subsystem driver probed
[    5.623184] ahci-ceva fd0c0000.ahci: supply ahci not found, using dummy regulator
[    5.630729] ahci-ceva fd0c0000.ahci: supply phy not found, using dummy regulator
[    5.638188] ahci-ceva fd0c0000.ahci: supply target not found, using dummy regulator
[    5.646026] ahci-ceva fd0c0000.ahci: AHCI 0001.0301 32 slots 2 ports 6 Gbps 0x3 impl platform mode
[    5.654982] ahci-ceva fd0c0000.ahci: flags: 64bit ncq sntf pm clo only pmp fbs pio slum part ccc sds apst 
[    5.665680] scsi host0: ahci-ceva
[    5.669277] scsi host1: ahci-ceva
[    5.672701] ata1: SATA max UDMA/133 mmio [mem 0xfd0c0000-0xfd0c1fff] port 0x100 irq 45
[    5.680613] ata2: SATA max UDMA/133 mmio [mem 0xfd0c0000-0xfd0c1fff] port 0x180 irq 45
[    5.689212] ad9081 spi1.0: supply vdd not found, using dummy regulator
[    6.001995] ata1: SATA link down (SStatus 0 SControl 330)
[    6.007413] ata2: SATA link down (SStatus 0 SControl 330)
[    6.683760] zynqmp-display fd4a0000.display: [drm] Cannot find any crtc or sizes
[    7.526015] ad9081 spi1.0: AD9081 Rev. 2 Grade 10 (API 1.2.2) probed
[    7.533203] xhci-hcd xhci-hcd.1.auto: xHCI Host Controller
[    7.538705] xhci-hcd xhci-hcd.1.auto: new USB bus registered, assigned bus number 1
[    7.546450] xhci-hcd xhci-hcd.1.auto: hcc params 0x0238f625 hci version 0x100 quirks 0x0000000002010810
[    7.555873] xhci-hcd xhci-hcd.1.auto: irq 59, io mem 0xfe200000
[    7.561983] usb usb1: New USB device found, idVendor=1d6b, idProduct=0002, bcdDevice= 5.10
[    7.570243] usb usb1: New USB device strings: Mfr=3, Product=2, SerialNumber=1
[    7.577461] usb usb1: Product: xHCI Host Controller
[    7.582329] usb usb1: Manufacturer: Linux 5.10.0-98103-g2aa7ac113716 xhci-hcd
[    7.589455] usb usb1: SerialNumber: xhci-hcd.1.auto
[    7.594625] hub 1-0:1.0: USB hub found
[    7.598391] hub 1-0:1.0: 1 port detected
[    7.602495] xhci-hcd xhci-hcd.1.auto: xHCI Host Controller
[    7.607977] xhci-hcd xhci-hcd.1.auto: new USB bus registered, assigned bus number 2
[    7.615630] xhci-hcd xhci-hcd.1.auto: Host supports USB 3.0 SuperSpeed
[    7.622252] usb usb2: New USB device found, idVendor=1d6b, idProduct=0003, bcdDevice= 5.10
[    7.630515] usb usb2: New USB device strings: Mfr=3, Product=2, SerialNumber=1
[    7.637735] usb usb2: Product: xHCI Host Controller
[    7.642604] usb usb2: Manufacturer: Linux 5.10.0-98103-g2aa7ac113716 xhci-hcd
[    7.649729] usb usb2: SerialNumber: xhci-hcd.1.auto
[    7.654838] hub 2-0:1.0: USB hub found
[    7.658599] hub 2-0:1.0: 1 port detected
[    7.688658] cf_axi_adc 84a10000.axi-ad9081-rx-hpc: ADI AIM (10.01.b) at 0x84A10000 mapped to 0x(____ptrval____), probed ADC AD9081 as MASTER
[    7.720583] cf_axi_dds 84b10000.axi-ad9081-tx-hpc: Analog Devices CF_AXI_DDS_DDS MASTER (9.01.b) at 0x84B10000 mapped to 0x(____ptrval____), probed DDS AD9081
[    7.734782] jesd204: /axi/spi@ff040000/ad9081@0,jesd204:0,parent=spi1.0: JESD204[2] transition initialized -> probed
[    7.745303] jesd204: /axi/spi@ff040000/ad9081@0,jesd204:0,parent=spi1.0: JESD204[0] transition initialized -> probed
[    7.755827] jesd204: /axi/spi@ff040000/ad9081@0,jesd204:0,parent=spi1.0: JESD204[2] transition probed -> idle
[    7.765735] jesd204: /axi/spi@ff040000/ad9081@0,jesd204:0,parent=spi1.0: JESD204[0] transition probed -> idle
[    7.775650] jesd204: /axi/spi@ff040000/ad9081@0,jesd204:0,parent=spi1.0: JESD204[2] transition idle -> device_init
[    7.785994] jesd204: /axi/spi@ff040000/ad9081@0,jesd204:0,parent=spi1.0: JESD204[0] transition idle -> device_init
[    7.796347] jesd204: /axi/spi@ff040000/ad9081@0,jesd204:0,parent=spi1.0: JESD204[2] transition device_init -> link_init
[    7.807129] jesd204: /axi/spi@ff040000/ad9081@0,jesd204:0,parent=spi1.0: JESD204[0] transition device_init -> link_init
[    7.817921] jesd204: /axi/spi@ff040000/ad9081@0,jesd204:0,parent=spi1.0: JESD204[2] transition link_init -> link_supported
[    7.828959] jesd204: /axi/spi@ff040000/ad9081@0,jesd204:0,parent=spi1.0: JESD204[0] transition link_init -> link_supported
[    7.840374] hmc7044 spi2.0: hmc7044_jesd204_link_pre_setup: Link2 forcing continuous SYSREF mode
[    7.849316] axi-jesd204-rx 84a90000.axi-jesd204-rx: axi_jesd204_rx_jesd204_link_pre_setup: Link2 set lane rate 12960000 kHz failed (-22)
[    7.861573] jesd204: /fpga-axi@0/axi-jesd204-rx@84a90000,jesd204:4,parent=84a90000.axi-jesd204-rx: JESD204[2] In link_pre_setup got error from cb: -22
[    7.875042] jesd204: /axi/spi@ff040000/ad9081@0,jesd204:0,parent=spi1.0: Rolling back from 'link_supported', got error -22
[    7.886085] jesd204: /axi/spi@ff040000/ad9081@0,jesd204:0,parent=spi1.0: JESD204[0] transition link_supported -> link_pre_setup
[    7.897557] jesd204: /axi/spi@ff040000/ad9081@0,jesd204:0,parent=spi1.0: JESD204[2] transition link_supported -> link_pre_setup
[    7.909041] jesd204: /axi/spi@ff040000/ad9081@0,jesd204:0,parent=spi1.0: JESD204[0] transition link_pre_setup -> link_supported
[    7.920516] jesd204: /axi/spi@ff040000/ad9081@0,jesd204:0,parent=spi1.0: JESD204[2] transition link_pre_setup -> link_supported
[    7.931993] jesd204: /axi/spi@ff040000/ad9081@0,jesd204:0,parent=spi1.0: JESD204[0] transition link_supported -> link_init
[    7.943031] jesd204: /axi/spi@ff040000/ad9081@0,jesd204:0,parent=spi1.0: JESD204[2] transition link_supported -> link_init
[    7.954078] jesd204: /axi/spi@ff040000/ad9081@0,jesd204:0,parent=spi1.0: JESD204[0] transition link_init -> device_init
[    7.964858] jesd204: /axi/spi@ff040000/ad9081@0,jesd204:0,parent=spi1.0: JESD204[2] transition link_init -> device_init
[    7.975637] jesd204: /axi/spi@ff040000/ad9081@0,jesd204:0,parent=spi1.0: JESD204[0] transition device_init -> idle
[    7.985980] jesd204: /axi/spi@ff040000/ad9081@0,jesd204:0,parent=spi1.0: JESD204[2] transition device_init -> idle
[    7.996331] jesd204: /axi/spi@ff040000/ad9081@0,jesd204:0,parent=spi1.0: JESD204[2] transition idle -> idle
[    8.006065] jesd204: /axi/spi@ff040000/ad9081@0,jesd204:0,parent=spi1.0: JESD204[0] transition idle -> idle
[    8.015807] jesd204: /axi/spi@ff040000/ad9081@0,jesd204:0,parent=spi1.0: JESD204[2] transition idle -> device_init
[    8.026152] jesd204: /axi/spi@ff040000/ad9081@0,jesd204:0,parent=spi1.0: JESD204[0] transition idle -> device_init
[    8.036501] jesd204: /axi/spi@ff040000/ad9081@0,jesd204:0,parent=spi1.0: JESD204[2] transition device_init -> link_init
[    8.047278] jesd204: /axi/spi@ff040000/ad9081@0,jesd204:0,parent=spi1.0: JESD204[0] transition device_init -> link_init
[    8.058066] jesd204: /axi/spi@ff040000/ad9081@0,jesd204:0,parent=spi1.0: JESD204[2] transition link_init -> link_supported
[    8.069113] jesd204: /axi/spi@ff040000/ad9081@0,jesd204:0,parent=spi1.0: JESD204[0] transition link_init -> link_supported
[    8.080333] axi-jesd204-rx 84a90000.axi-jesd204-rx: axi_jesd204_rx_jesd204_link_pre_setup: Link2 set lane rate 12960000 kHz failed (-22)
[    8.092592] jesd204: /fpga-axi@0/axi-jesd204-rx@84a90000,jesd204:4,parent=84a90000.axi-jesd204-rx: JESD204[2] In link_pre_setup got error from cb: -22
[    8.106061] jesd204: /axi/spi@ff040000/ad9081@0,jesd204:0,parent=spi1.0: Rolling back from 'link_supported', got error -22
[    8.117104] jesd204: /axi/spi@ff040000/ad9081@0,jesd204:0,parent=spi1.0: JESD204[0] transition link_supported -> link_pre_setup
[    8.128575] jesd204: /axi/spi@ff040000/ad9081@0,jesd204:0,parent=spi1.0: JESD204[2] transition link_supported -> link_pre_setup
[    8.140053] jesd204: /axi/spi@ff040000/ad9081@0,jesd204:0,parent=spi1.0: JESD204[0] transition link_pre_setup -> link_supported
[    8.151527] jesd204: /axi/spi@ff040000/ad9081@0,jesd204:0,parent=spi1.0: JESD204[2] transition link_pre_setup -> link_supported
[    8.163002] jesd204: /axi/spi@ff040000/ad9081@0,jesd204:0,parent=spi1.0: JESD204[0] transition link_supported -> link_init
[    8.174040] jesd204: /axi/spi@ff040000/ad9081@0,jesd204:0,parent=spi1.0: JESD204[2] transition link_supported -> link_init
[    8.185087] jesd204: /axi/spi@ff040000/ad9081@0,jesd204:0,parent=spi1.0: JESD204[0] transition link_init -> device_init
[    8.195862] jesd204: /axi/spi@ff040000/ad9081@0,jesd204:0,parent=spi1.0: JESD204[2] transition link_init -> device_init
[    8.206646] jesd204: /axi/spi@ff040000/ad9081@0,jesd204:0,parent=spi1.0: JESD204[0] transition device_init -> idle
[    8.216993] jesd204: /axi/spi@ff040000/ad9081@0,jesd204:0,parent=spi1.0: JESD204[2] transition device_init -> idle
[    8.227341] jesd204: /axi/spi@ff040000/ad9081@0,jesd204:0,parent=spi1.0: JESD204[2] transition idle -> idle
[    8.237075] jesd204: /axi/spi@ff040000/ad9081@0,jesd204:0,parent=spi1.0: JESD204[0] transition idle -> idle
[    8.246817] jesd204: /axi/spi@ff040000/ad9081@0,jesd204:0,parent=spi1.0: JESD204[2] transition idle -> device_init
[    8.257161] jesd204: /axi/spi@ff040000/ad9081@0,jesd204:0,parent=spi1.0: JESD204[0] transition idle -> device_init
[    8.267510] jesd204: /axi/spi@ff040000/ad9081@0,jesd204:0,parent=spi1.0: JESD204[2] transition device_init -> link_init
[    8.278288] jesd204: /axi/spi@ff040000/ad9081@0,jesd204:0,parent=spi1.0: JESD204[0] transition device_init -> link_init
[    8.289075] jesd204: /axi/spi@ff040000/ad9081@0,jesd204:0,parent=spi1.0: JESD204[2] transition link_init -> link_supported
[    8.300117] jesd204: /axi/spi@ff040000/ad9081@0,jesd204:0,parent=spi1.0: JESD204[0] transition link_init -> link_supported
[    8.311305] axi-jesd204-rx 84a90000.axi-jesd204-rx: axi_jesd204_rx_jesd204_link_pre_setup: Link2 set lane rate 12960000 kHz failed (-22)
[    8.323565] jesd204: /fpga-axi@0/axi-jesd204-rx@84a90000,jesd204:4,parent=84a90000.axi-jesd204-rx: JESD204[2] In link_pre_setup got error from cb: -22
[    8.337035] jesd204: /axi/spi@ff040000/ad9081@0,jesd204:0,parent=spi1.0: Rolling back from 'link_supported', got error -22
[    8.348081] jesd204: /axi/spi@ff040000/ad9081@0,jesd204:0,parent=spi1.0: JESD204[0] transition link_supported -> link_pre_setup
[    8.359550] jesd204: /axi/spi@ff040000/ad9081@0,jesd204:0,parent=spi1.0: JESD204[2] transition link_supported -> link_pre_setup
[    8.371030] jesd204: /axi/spi@ff040000/ad9081@0,jesd204:0,parent=spi1.0: JESD204[0] transition link_pre_setup -> link_supported
[    8.382499] jesd204: /axi/spi@ff040000/ad9081@0,jesd204:0,parent=spi1.0: JESD204[2] transition link_pre_setup -> link_supported
[    8.393977] jesd204: /axi/spi@ff040000/ad9081@0,jesd204:0,parent=spi1.0: JESD204[0] transition link_supported -> link_init
[    8.405015] jesd204: /axi/spi@ff040000/ad9081@0,jesd204:0,parent=spi1.0: JESD204[2] transition link_supported -> link_init
[    8.416063] jesd204: /axi/spi@ff040000/ad9081@0,jesd204:0,parent=spi1.0: JESD204[0] transition link_init -> device_init
[    8.426838] jesd204: /axi/spi@ff040000/ad9081@0,jesd204:0,parent=spi1.0: JESD204[2] transition link_init -> device_init
[    8.437620] jesd204: /axi/spi@ff040000/ad9081@0,jesd204:0,parent=spi1.0: JESD204[0] transition device_init -> idle
[    8.447966] jesd204: /axi/spi@ff040000/ad9081@0,jesd204:0,parent=spi1.0: JESD204[2] transition device_init -> idle
[    8.458315] jesd204: /axi/spi@ff040000/ad9081@0,jesd204:0,parent=spi1.0: JESD204[2] transition idle -> idle
[    8.468050] jesd204: /axi/spi@ff040000/ad9081@0,jesd204:0,parent=spi1.0: JESD204[0] transition idle -> idle
[    8.477796] jesd204: /axi/spi@ff040000/ad9081@0,jesd204:0,parent=spi1.0: JESD204[2] transition idle -> device_init
[    8.488145] jesd204: /axi/spi@ff040000/ad9081@0,jesd204:0,parent=spi1.0: JESD204[0] transition idle -> device_init
[    8.498494] jesd204: /axi/spi@ff040000/ad9081@0,jesd204:0,parent=spi1.0: JESD204[2] transition device_init -> link_init
[    8.509270] jesd204: /axi/spi@ff040000/ad9081@0,jesd204:0,parent=spi1.0: JESD204[0] transition device_init -> link_init
[    8.520059] jesd204: /axi/spi@ff040000/ad9081@0,jesd204:0,parent=spi1.0: JESD204[2] transition link_init -> link_supported
[    8.531102] jesd204: /axi/spi@ff040000/ad9081@0,jesd204:0,parent=spi1.0: JESD204[0] transition link_init -> link_supported
[    8.542288] axi-jesd204-rx 84a90000.axi-jesd204-rx: axi_jesd204_rx_jesd204_link_pre_setup: Link2 set lane rate 12960000 kHz failed (-22)
[    8.554548] jesd204: /fpga-axi@0/axi-jesd204-rx@84a90000,jesd204:4,parent=84a90000.axi-jesd204-rx: JESD204[2] In link_pre_setup got error from cb: -22
[    8.568019] jesd204: /axi/spi@ff040000/ad9081@0,jesd204:0,parent=spi1.0: Rolling back from 'link_supported', got error -22
[    8.579061] jesd204: /axi/spi@ff040000/ad9081@0,jesd204:0,parent=spi1.0: JESD204[0] transition link_supported -> link_pre_setup
[    8.590533] jesd204: /axi/spi@ff040000/ad9081@0,jesd204:0,parent=spi1.0: JESD204[2] transition link_supported -> link_pre_setup
[    8.602015] jesd204: /axi/spi@ff040000/ad9081@0,jesd204:0,parent=spi1.0: JESD204[0] transition link_pre_setup -> link_supported
[    8.613491] jesd204: /axi/spi@ff040000/ad9081@0,jesd204:0,parent=spi1.0: JESD204[2] transition link_pre_setup -> link_supported
[    8.624969] jesd204: /axi/spi@ff040000/ad9081@0,jesd204:0,parent=spi1.0: JESD204[0] transition link_supported -> link_init
[    8.636008] jesd204: /axi/spi@ff040000/ad9081@0,jesd204:0,parent=spi1.0: JESD204[2] transition link_supported -> link_init
[    8.647054] jesd204: /axi/spi@ff040000/ad9081@0,jesd204:0,parent=spi1.0: JESD204[0] transition link_init -> device_init
[    8.657829] jesd204: /axi/spi@ff040000/ad9081@0,jesd204:0,parent=spi1.0: JESD204[2] transition link_init -> device_init
[    8.668612] jesd204: /axi/spi@ff040000/ad9081@0,jesd204:0,parent=spi1.0: JESD204[0] transition device_init -> idle
[    8.678956] jesd204: /axi/spi@ff040000/ad9081@0,jesd204:0,parent=spi1.0: JESD204[2] transition device_init -> idle
[    8.689302] jesd204: /axi/spi@ff040000/ad9081@0,jesd204:0,parent=spi1.0: FSM completed with error -22
[    8.707727] input: gpio-keys as /devices/platform/gpio-keys/input/input0
[    8.714763] of_cfs_init
[    8.717228] of_cfs_init: OK
[    8.720164] cfg80211: Loading compiled-in X.509 certificates for regulatory database
[    8.858395] cfg80211: Loaded X.509 cert 'sforshee: 00b28ddf47aef9cea7'
[    8.864918] clk: Not disabling unused clocks
[    8.869450] ALSA device list:
[    8.872410]   No soundcards found.
[    8.876068] platform regulatory.0: Direct firmware load for regulatory.db failed with error -2
[    8.884682] cfg80211: failed to load regulatory.db
[    8.899518] EXT4-fs (mmcblk0p2): mounted filesystem with ordered data mode. Opts: (null)
[    8.907635] VFS: Mounted root (ext4 filesystem) on device 179:2.
[    8.920787] devtmpfs: mounted
[    8.924600] Freeing unused kernel memory: 2560K
[    8.947792] Run /sbin/init as init process
[    8.951889]   with arguments:
[    8.951891]     /sbin/init
[    8.951893]   with environment:
[    8.951896]     HOME=/
[    8.951898]     TERM=linux
[    9.531080] systemd[1]: systemd 241 running in system mode. (+PAM +AUDIT +SELINUX +IMA +APPARMOR +SMACK +SYSVINIT +UTMP +LIBCRYPTSETUP +GCRYPT +GNUTLS +ACL +XZ +LZ4 +SECCOMP +BLKID +ELFUTILS +KMOD -IDN2 +IDN -PCRE2 default-hierarchy=hybrid)
[    9.552947] systemd[1]: Detected architecture arm64.
[    9.576475] systemd[1]: Set hostname to <analog>.
[    9.764181] systemd[1]: File /lib/systemd/system/systemd-journald.service:12 configures an IP firewall (IPAddressDeny=any), but the local system does not support BPF/cgroup based firewalling.
[    9.781221] systemd[1]: Proceeding WITHOUT firewalling in effect! (This warning is only shown for the first loaded unit using IP firewalling.)
[    9.946564] systemd[1]: /etc/systemd/system/tof-server.service:1: Assignment outside of section. Ignoring.
[    9.956246] systemd[1]: /etc/systemd/system/tof-server.service:2: Assignment outside of section. Ignoring.
[   10.141330] random: systemd: uninitialized urandom read (16 bytes read)
[   10.156539] random: systemd: uninitialized urandom read (16 bytes read)
[   10.163410] systemd[1]: Listening on Journal Audit Socket.
[   10.183817] random: systemd: uninitialized urandom read (16 bytes read)
[   10.190688] systemd[1]: Listening on fsck to fsckd communication Socket.
[   10.211851] systemd[1]: Condition check resulted in Arbitrary Executable File Formats File System Automount Point being skipped.
[   10.819092] ------------[ cut here ]------------
[   10.819101] Enabling unprepared \xa0\xe9Q\x88\xff\xff\xffpQ\x88\xff\xff\xff
[   10.819148] WARNING: CPU: 0 PID: 113 at drivers/clk/clk.c:1012 clk_core_enable+0xa4/0xc0
[   10.819151] Modules linked in:
[   10.819162] CPU: 0 PID: 113 Comm: kworker/0:1H Not tainted 5.10.0-98103-g2aa7ac113716 #5577
[   10.819164] Hardware name: ZynqMP ZCU102 Rev1.0 (DT)
[   10.819173] Workqueue: kblockd blk_mq_run_work_fn
[   10.819181] pstate: 80000085 (Nzcv daIf -PAN -UAO -TCO BTYPE=--)
[   10.819186] pc : clk_core_enable+0xa4/0xc0
[   10.819191] lr : clk_core_enable+0xa4/0xc0
[   10.819194] sp : ffffffc0127cb2d0
[   10.819197] x29: ffffffc0127cb2d0 x28: ffffff8800330c10 
[   10.819204] x27: ffffff8800330d48 x26: 0000005000000101 
[   10.819211] x25: 000000027eec6924 x24: 0000000000000001 
[   10.819217] x23: ffffff88010e9380 x22: ffffff8801083220 
[   10.819224] x21: ffffff8801517000 x20: ffffff8801517008 
[   10.819231] x19: ffffff8801517008 x18: 0000000000000030 
[   10.819237] x17: 0000000000000003 x16: 0000ad9c02e196e8 
[   10.819244] x15: ffffffffffff9ca0 x14: ffffffc011d3b1a0 
[   10.819250] x13: ffffffc011d3b1c8 x12: 0000000000000672 
[   10.819257] x11: 0000000000000226 x10: ffffffc011d671c8 
[   10.819263] x9 : 00000000fffff800 x8 : ffffffc011d3b1c8 
[   10.819270] x7 : ffffffc011d671c8 x6 : 0000000000000001 
[   10.819276] x5 : ffffff887f7669e0 x4 : 0000000000000000 
[   10.819282] x3 : 0000000000000027 x2 : 0000000000000023 
[   10.819289] x1 : 6119a5292f167700 x0 : 0000000000000000 
[   10.819295] Call trace:
[   10.819302]  clk_core_enable+0xa4/0xc0
[   10.819307]  clk_enable+0x2c/0x60
[   10.819313]  zynqmp_runtime_resume+0x24/0x84
[   10.819320]  pm_generic_runtime_resume+0x30/0x50
[   10.819326]  __genpd_runtime_resume+0x30/0xb0
[   10.819332]  genpd_runtime_resume+0x90/0x250
[   10.819338]  __rpm_callback+0x10c/0x1e0
[   10.819343]  rpm_callback+0x5c/0x84
[   10.819348]  rpm_resume+0x4a4/0x74c
[   10.819353]  __pm_runtime_resume+0x78/0xc4
[   10.819357]  spi_mem_access_start.isra.0+0x30/0x80
[   10.819362]  spi_mem_exec_op+0x3b0/0x424
[   10.819367]  spi_nor_read_sr+0x78/0xe0
[   10.819372]  spi_nor_wait_till_ready_with_timeout+0xb4/0x2f0
[   10.819376]  spi_nor_read+0x188/0x380
[   10.819382]  mtd_read_oob_std+0x78/0x84
[   10.819386]  mtd_read_oob+0x7c/0x134
[   10.819390]  mtd_read+0x48/0x7c
[   10.819396]  mtdblock_readsect+0x6c/0x150
[   10.819401]  mtd_queue_rq+0x2cc/0x5a0
[   10.819407]  blk_mq_dispatch_rq_list+0x110/0x790
[   10.819413]  __blk_mq_do_dispatch_sched+0x200/0x274
[   10.819419]  __blk_mq_sched_dispatch_requests+0x1a8/0x1fc
[   10.819424]  blk_mq_sched_dispatch_requests+0x3c/0x7c
[   10.819429]  __blk_mq_run_hw_queue+0x98/0x100
[   10.819434]  blk_mq_run_work_fn+0x24/0x30
[   10.819440]  process_one_work+0x1d4/0x380
[   10.819443]  worker_thread+0x78/0x4e0
[   10.819449]  kthread+0x124/0x130
[   10.819454]  ret_from_fork+0x10/0x3c
[   10.819458] ---[ end trace d4e9b3b75c818323 ]---
[   10.819466] zynqmp-qspi ff0f0000.spi: Cannot enable APB clock.
[   10.819514] spi_master spi0: Failed to power device: -108
[   10.819524] blk_update_request: I/O error, dev mtdblock0, sector 8 op 0x0:(READ) flags 0x80700 phys_seg 1 prio class 0
[   10.819594] spi_master spi0: Failed to power device: -22
[   10.819601] blk_update_request: I/O error, dev mtdblock0, sector 8 op 0x0:(READ) flags 0x0 phys_seg 8 prio class 0
[   10.819606] Buffer I/O error on dev mtdblock0, logical block 8, async page read
[   10.819616] spi_master spi0: Failed to power device: -22
[   10.819622] blk_update_request: I/O error, dev mtdblock0, sector 9 op 0x0:(READ) flags 0x0 phys_seg 7 prio class 0
[   10.819626] Buffer I/O error on dev mtdblock0, logical block 9, async page read
[   10.819633] spi_master spi0: Failed to power device: -22
[   10.819638] blk_update_request: I/O error, dev mtdblock0, sector 10 op 0x0:(READ) flags 0x0 phys_seg 6 prio class 0
[   10.819642] Buffer I/O error on dev mtdblock0, logical block 10, async page read
[   10.819649] spi_master spi0: Failed to power device: -22
[   10.819655] blk_update_request: I/O error, dev mtdblock0, sector 11 op 0x0:(READ) flags 0x0 phys_seg 5 prio class 0
[   10.819658] Buffer I/O error on dev mtdblock0, logical block 11, async page read
[   10.819666] spi_master spi0: Failed to power device: -22
[   10.819671] blk_update_request: I/O error, dev mtdblock0, sector 12 op 0x0:(READ) flags 0x0 phys_seg 4 prio class 0
[   10.819675] Buffer I/O error on dev mtdblock0, logical block 12, async page read
[   10.819682] spi_master spi0: Failed to power device: -22
[   10.819687] blk_update_request: I/O error, dev mtdblock0, sector 13 op 0x0:(READ) flags 0x0 phys_seg 3 prio class 0
[   10.819691] Buffer I/O error on dev mtdblock0, logical block 13, async page read
[   10.819698] spi_master spi0: Failed to power device: -22
[   10.819703] blk_update_request: I/O error, dev mtdblock0, sector 14 op 0x0:(READ) flags 0x0 phys_seg 2 prio class 0
[   10.819707] Buffer I/O error on dev mtdblock0, logical block 14, async page read
[   10.819714] spi_master spi0: Failed to power device: -22
[   10.819720] blk_update_request: I/O error, dev mtdblock0, sector 15 op 0x0:(READ) flags 0x0 phys_seg 1 prio class 0
[   10.819723] Buffer I/O error on dev mtdblock0, logical block 15, async page read
[   10.820216] spi_master spi0: Failed to power device: -22
[   10.820225] blk_update_request: I/O error, dev mtdblock1, sector 10112 op 0x0:(READ) flags 0x80700 phys_seg 1 prio class 0
[   10.820273] spi_master spi0: Failed to power device: -22
[   10.820279] Buffer I/O error on dev mtdblock1, logical block 10112, async page read
[   10.820287] spi_master spi0: Failed to power device: -22
[   10.820291] Buffer I/O error on dev mtdblock1, logical block 10113, async page read
[   10.820298] spi_master spi0: Failed to power device: -22
[   10.820306] spi_master spi0: Failed to power device: -22
[   10.820313] spi_master spi0: Failed to power device: -22
[   10.820321] spi_master spi0: Failed to power device: -22
[   10.820328] spi_master spi0: Failed to power device: -22
[   10.820335] spi_master spi0: Failed to power device: -22
[   10.820592] spi_master spi0: Failed to power device: -22
[   10.820636] spi_master spi0: Failed to power device: -22
[   10.820646] spi_master spi0: Failed to power device: -22
[   10.820654] spi_master spi0: Failed to power device: -22
[   10.820661] spi_master spi0: Failed to power device: -22
[   10.820669] spi_master spi0: Failed to power device: -22
[   10.820676] spi_master spi0: Failed to power device: -22
[   10.820683] spi_master spi0: Failed to power device: -22
[   10.820690] spi_master spi0: Failed to power device: -22
[   10.820986] spi_master spi0: Failed to power device: -22
[   10.821029] spi_master spi0: Failed to power device: -22
[   10.821039] spi_master spi0: Failed to power device: -22
[   10.821047] spi_master spi0: Failed to power device: -22
[   10.821054] spi_master spi0: Failed to power device: -22
[   10.821062] spi_master spi0: Failed to power device: -22
[   10.821069] spi_master spi0: Failed to power device: -22
[   10.821076] spi_master spi0: Failed to power device: -22
[   10.821084] spi_master spi0: Failed to power device: -22
[   10.947759] EXT4-fs (mmcblk0p2): re-mounted. Opts: (null)
[   11.064519] systemd-journald[150]: Received request to flush runtime journal from PID 1
[   16.995438] macb ff0e0000.ethernet eth0: PHY [ff0e0000.ethernet-ffffffff:0c] driver [TI DP83867] (irq=POLL)
[   16.995451] macb ff0e0000.ethernet eth0: configuring for phy/rgmii-id link mode
[   18.187848] Adding 77820k swap on /var/swap.  Priority:-2 extents:1 across:77820k SS
[   19.015773] random: crng init done
[   19.015782] random: 7 urandom warning(s) missed due to ratelimiting
[   20.065389] macb ff0e0000.ethernet eth0: Link is Up - 1Gbps/Full - flow control off
[   20.065441] IPv6: ADDRCONF(NETDEV_CHANGE): eth0: link becomes ready
[   20.069186] broken atomic modeset userspace detected, disabling atomic
[   22.740412] broken atomic modeset userspace detected, disabling atomic
[   26.800759] broken atomic modeset userspace detected, disabling atomic