[    0.000000] Booting Linux on physical CPU 0x0000000000 [0x410fd034]
[    0.000000] Linux version 5.10.0-98103-g2aa7ac113716 (jenkins@romlxbuild1.adlk.analog.com) (aarch64-xilinx-linux-gcc.real (GCC) 10.2.0, GNU ld (GNU Binutils) 2.35.0.20200730) #5577 SMP Wed Mar 23 07:28:49 GMT 2022
[    0.000000] Machine model: ZynqMP ZCU102 Rev1.0
[    0.000000] earlycon: cdns0 at MMIO 0x00000000ff000000 (options '115200n8')
[    0.000000] printk: bootconsole [cdns0] enabled
[    0.000000] efi: UEFI not found.
[    0.000000] cma: Reserved 256 MiB at 0x0000000070000000
[    0.000000] Zone ranges:
[    0.000000]   DMA      [mem 0x0000000000000000-0x000000003fffffff]
[    0.000000]   DMA32    [mem 0x0000000040000000-0x00000000ffffffff]
[    0.000000]   Normal   [mem 0x0000000100000000-0x000000087fffffff]
[    0.000000] Movable zone start for each node
[    0.000000] Early memory node ranges
[    0.000000]   node   0: [mem 0x0000000000000000-0x000000007fffffff]
[    0.000000]   node   0: [mem 0x0000000800000000-0x000000087fffffff]
[    0.000000] Initmem setup node 0 [mem 0x0000000000000000-0x000000087fffffff]
[    0.000000] On node 0 totalpages: 1048576
[    0.000000]   DMA zone: 3584 pages used for memmap
[    0.000000]   DMA zone: 0 pages reserved
[    0.000000]   DMA zone: 262144 pages, LIFO batch:63
[    0.000000]   DMA32 zone: 3584 pages used for memmap
[    0.000000]   DMA32 zone: 262144 pages, LIFO batch:63
[    0.000000]   Normal zone: 7168 pages used for memmap
[    0.000000]   Normal zone: 524288 pages, LIFO batch:63
[    0.000000] psci: probing for conduit method from DT.
[    0.000000] psci: PSCIv1.1 detected in firmware.
[    0.000000] psci: Using standard PSCI v0.2 function IDs
[    0.000000] psci: MIGRATE_INFO_TYPE not supported.
[    0.000000] psci: SMC Calling Convention v1.2
[    0.000000] percpu: Embedded 22 pages/cpu s49496 r8192 d32424 u90112
[    0.000000] pcpu-alloc: s49496 r8192 d32424 u90112 alloc=22*4096
[    0.000000] pcpu-alloc: [0] 0 [0] 1 [0] 2 [0] 3 
[    0.000000] Detected VIPT I-cache on CPU0
[    0.000000] CPU features: detected: ARM erratum 845719
[    0.000000] Built 1 zonelists, mobility grouping on.  Total pages: 1034240
[    0.000000] Kernel command line: console=ttyPS0,115200 root=/dev/mmcblk0p2 rw earlycon rootfstype=ext4 rootwait clk_ignore_unused cpuidle.off=1 root=/dev/mmcblk0p2 rw rootwait
[    0.000000] Dentry cache hash table entries: 524288 (order: 10, 4194304 bytes, linear)
[    0.000000] Inode-cache hash table entries: 262144 (order: 9, 2097152 bytes, linear)
[    0.000000] mem auto-init: stack:off, heap alloc:off, heap free:off
[    0.000000] software IO TLB: mapped [mem 0x000000003bfff000-0x000000003ffff000] (64MB)
[    0.000000] Memory: 3761904K/4194304K available (15296K kernel code, 1636K rwdata, 11876K rodata, 2560K init, 507K bss, 170256K reserved, 262144K cma-reserved)
[    0.000000] rcu: Hierarchical RCU implementation.
[    0.000000] rcu: 	RCU event tracing is enabled.
[    0.000000] rcu: 	RCU restricting CPUs from NR_CPUS=8 to nr_cpu_ids=4.
[    0.000000] rcu: RCU calculated value of scheduler-enlistment delay is 25 jiffies.
[    0.000000] rcu: Adjusting geometry for rcu_fanout_leaf=16, nr_cpu_ids=4
[    0.000000] NR_IRQS: 64, nr_irqs: 64, preallocated irqs: 0
[    0.000000] GIC: Adjusting CPU interface base to 0x00000000f902f000
[    0.000000] GIC: Using split EOI/Deactivate mode
[    0.000000] random: get_random_bytes called from start_kernel+0x31c/0x54c with crng_init=0
[    0.000000] arch_timer: cp15 timer(s) running at 100.00MHz (phys).
[    0.000000] clocksource: arch_sys_counter: mask: 0xffffffffffffff max_cycles: 0x171024e7e0, max_idle_ns: 440795205315 ns
[    0.000003] sched_clock: 56 bits at 100MHz, resolution 10ns, wraps every 4398046511100ns
[    0.008461] Console: colour dummy device 80x25
[    0.012483] Calibrating delay loop (skipped), value calculated using timer frequency.. 200.00 BogoMIPS (lpj=400000)
[    0.022841] pid_max: default: 32768 minimum: 301
[    0.027549] Mount-cache hash table entries: 8192 (order: 4, 65536 bytes, linear)
[    0.034789] Mountpoint-cache hash table entries: 8192 (order: 4, 65536 bytes, linear)
[    0.043394] rcu: Hierarchical SRCU implementation.
[    0.047558] EFI services will not be available.
[    0.051939] smp: Bringing up secondary CPUs ...
[    0.056656] Detected VIPT I-cache on CPU1
[    0.056694] CPU1: Booted secondary processor 0x0000000001 [0x410fd034]
[    0.057059] Detected VIPT I-cache on CPU2
[    0.057083] CPU2: Booted secondary processor 0x0000000002 [0x410fd034]
[    0.057423] Detected VIPT I-cache on CPU3
[    0.057446] CPU3: Booted secondary processor 0x0000000003 [0x410fd034]
[    0.057492] smp: Brought up 1 node, 4 CPUs
[    0.091780] SMP: Total of 4 processors activated.
[    0.096452] CPU features: detected: 32-bit EL0 Support
[    0.101556] CPU features: detected: CRC32 instructions
[    0.106698] CPU: All CPU(s) started at EL2
[    0.110736] alternatives: patching kernel code
[    0.116168] devtmpfs: initialized
[    0.124066] Registered cp15_barrier emulation handler
[    0.124116] Registered setend emulation handler
[    0.128092] clocksource: jiffies: mask: 0xffffffff max_cycles: 0xffffffff, max_idle_ns: 7645041785100000 ns
[    0.137670] futex hash table entries: 1024 (order: 4, 65536 bytes, linear)
[    0.151021] pinctrl core: initialized pinctrl subsystem
[    0.151665] NET: Registered protocol family 16
[    0.156083] DMA: preallocated 512 KiB GFP_KERNEL pool for atomic allocations
[    0.162098] DMA: preallocated 512 KiB GFP_KERNEL|GFP_DMA pool for atomic allocations
[    0.169824] DMA: preallocated 512 KiB GFP_KERNEL|GFP_DMA32 pool for atomic allocations
[    0.177628] audit: initializing netlink subsys (disabled)
[    0.183081] audit: type=2000 audit(0.116:1): state=initialized audit_enabled=0 res=1
[    0.183424] hw-breakpoint: found 6 breakpoint and 4 watchpoint registers.
[    0.197455] ASID allocator initialised with 65536 entries
[    0.224349] HugeTLB registered 1.00 GiB page size, pre-allocated 0 pages
[    0.225403] HugeTLB registered 32.0 MiB page size, pre-allocated 0 pages
[    0.232074] HugeTLB registered 2.00 MiB page size, pre-allocated 0 pages
[    0.238738] HugeTLB registered 64.0 KiB page size, pre-allocated 0 pages
[    1.304328] DRBG: Continuing without Jitter RNG
[    1.382126] raid6: neonx8   gen()  2144 MB/s
[    1.450175] raid6: neonx8   xor()  1599 MB/s
[    1.518238] raid6: neonx4   gen()  2200 MB/s
[    1.586280] raid6: neonx4   xor()  1567 MB/s
[    1.654344] raid6: neonx2   gen()  2075 MB/s
[    1.722392] raid6: neonx2   xor()  1442 MB/s
[    1.790469] raid6: neonx1   gen()  1772 MB/s
[    1.858507] raid6: neonx1   xor()  1220 MB/s
[    1.926563] raid6: int64x8  gen()  1438 MB/s
[    1.994622] raid6: int64x8  xor()   771 MB/s
[    2.062685] raid6: int64x4  gen()  1598 MB/s
[    2.130743] raid6: int64x4  xor()   819 MB/s
[    2.198814] raid6: int64x2  gen()  1397 MB/s
[    2.266858] raid6: int64x2  xor()   750 MB/s
[    2.334946] raid6: int64x1  gen()  1034 MB/s
[    2.402995] raid6: int64x1  xor()   517 MB/s
[    2.403033] raid6: using algorithm neonx4 gen() 2200 MB/s
[    2.406987] raid6: .... xor() 1567 MB/s, rmw enabled
[    2.411918] raid6: using neon recovery algorithm
[    2.416932] iommu: Default domain type: Translated 
[    2.421541] SCSI subsystem initialized
[    2.425087] libata version 3.00 loaded.
[    2.425211] usbcore: registered new interface driver usbfs
[    2.430544] usbcore: registered new interface driver hub
[    2.435816] usbcore: registered new device driver usb
[    2.440949] mc: Linux media interface: v0.10
[    2.445066] videodev: Linux video capture interface: v2.00
[    2.450557] EDAC MC: Ver: 3.0.0
[    2.453998] zynqmp-ipi-mbox mailbox@ff990400: Registered ZynqMP IPI mbox with TX/RX channels.
[    2.462496] jesd204: created con: id=0, topo=0, link=0, /axi/spi@ff050000/hmc7044@0 <-> /fpga-axi@0/axi-adxcvr-tx@84b60000
[    2.473087] jesd204: created con: id=1, topo=0, link=2, /axi/spi@ff050000/hmc7044@0 <-> /fpga-axi@0/axi-adxcvr-rx@84a60000
[    2.484071] jesd204: created con: id=2, topo=0, link=0, /fpga-axi@0/axi-adxcvr-tx@84b60000 <-> /fpga-axi@0/axi-jesd204-tx@84b90000
[    2.495746] jesd204: created con: id=3, topo=0, link=2, /fpga-axi@0/axi-adxcvr-rx@84a60000 <-> /fpga-axi@0/axi-jesd204-rx@84a90000
[    2.507423] jesd204: created con: id=4, topo=0, link=0, /fpga-axi@0/axi-jesd204-tx@84b90000 <-> /fpga-axi@0/axi-ad9081-tx-hpc@84b10000
[    2.519451] jesd204: created con: id=5, topo=0, link=2, /fpga-axi@0/axi-jesd204-rx@84a90000 <-> /fpga-axi@0/axi-ad9081-rx-hpc@84a10000
[    2.531473] jesd204: created con: id=6, topo=0, link=2, /fpga-axi@0/axi-ad9081-rx-hpc@84a10000 <-> /axi/spi@ff040000/ad9081@0
[    2.542715] jesd204: created con: id=7, topo=0, link=0, /fpga-axi@0/axi-ad9081-tx-hpc@84b10000 <-> /axi/spi@ff040000/ad9081@0
[    2.553964] jesd204: /axi/spi@ff040000/ad9081@0: JESD204[2] transition uninitialized -> initialized
[    2.562951] jesd204: /axi/spi@ff040000/ad9081@0: JESD204[0] transition uninitialized -> initialized
[    2.571943] jesd204: found 8 devices and 1 topologies
[    2.576987] FPGA manager framework
[    2.580465] Advanced Linux Sound Architecture Driver Initialized.
[    2.586761] Bluetooth: Core ver 2.22
[    2.589946] NET: Registered protocol family 31
[    2.594347] Bluetooth: HCI device and connection manager initialized
[    2.600664] Bluetooth: HCI socket layer initialized
[    2.605506] Bluetooth: L2CAP socket layer initialized
[    2.610530] Bluetooth: SCO socket layer initialized
[    2.615712] clocksource: Switched to clocksource arch_sys_counter
[    2.621521] VFS: Disk quotas dquot_6.6.0
[    2.625358] VFS: Dquot-cache hash table entries: 512 (order 0, 4096 bytes)
[    2.636074] NET: Registered protocol family 2
[    2.636803] tcp_listen_portaddr_hash hash table entries: 2048 (order: 3, 32768 bytes, linear)
[    2.644997] TCP established hash table entries: 32768 (order: 6, 262144 bytes, linear)
[    2.653022] TCP bind hash table entries: 32768 (order: 7, 524288 bytes, linear)
[    2.660467] TCP: Hash tables configured (established 32768 bind 32768)
[    2.666642] UDP hash table entries: 2048 (order: 4, 65536 bytes, linear)
[    2.673307] UDP-Lite hash table entries: 2048 (order: 4, 65536 bytes, linear)
[    2.680467] NET: Registered protocol family 1
[    2.684925] RPC: Registered named UNIX socket transport module.
[    2.690545] RPC: Registered udp transport module.
[    2.695209] RPC: Registered tcp transport module.
[    2.699879] RPC: Registered tcp NFSv4.1 backchannel transport module.
[    2.706871] PCI: CLS 0 bytes, default 64
[    2.710574] hw perfevents: no interrupt-affinity property for /pmu, guessing.
[    2.717430] hw perfevents: enabled with armv8_pmuv3 PMU driver, 7 counters available
[    2.725779] Initialise system trusted keyrings
[    2.729461] workingset: timestamp_bits=62 max_order=20 bucket_order=0
[    2.736358] NFS: Registering the id_resolver key type
[    2.740809] Key type id_resolver registered
[    2.744947] Key type id_legacy registered
[    2.748936] nfs4filelayout_init: NFSv4 File Layout Driver Registering...
[    2.755602] jffs2: version 2.2. (NAND) (SUMMARY)  Â© 2001-2006 Red Hat, Inc.
[    2.798879] NET: Registered protocol family 38
[    2.798921] xor: measuring software checksum speed
[    2.806609]    8regs           :  2363 MB/sec
[    2.810277]    32regs          :  2799 MB/sec
[    2.815220]    arm64_neon      :  2380 MB/sec
[    2.815410] xor: using function: 32regs (2799 MB/sec)
[    2.820436] Key type asymmetric registered
[    2.824497] Asymmetric key parser 'x509' registered
[    2.829357] Block layer SCSI generic (bsg) driver version 0.4 loaded (major 248)
[    2.836695] io scheduler mq-deadline registered
[    2.841191] io scheduler kyber registered
[    2.870580] Serial: 8250/16550 driver, 4 ports, IRQ sharing disabled
[    2.875218] cacheinfo: Unable to detect cache hierarchy for CPU 0
[    2.881559] brd: module loaded
[    2.885697] loop: module loaded
[    2.886243] Registered mathworks_ip class
[    2.889593] libphy: Fixed MDIO Bus: probed
[    2.892563] tun: Universal TUN/TAP device driver, 1.6
[    2.896632] CAN device driver interface
[    2.901167] usbcore: registered new interface driver asix
[    2.905765] usbcore: registered new interface driver ax88179_178a
[    2.911797] usbcore: registered new interface driver cdc_ether
[    2.917590] usbcore: registered new interface driver net1080
[    2.923215] usbcore: registered new interface driver cdc_subset
[    2.929095] usbcore: registered new interface driver zaurus
[    2.934639] usbcore: registered new interface driver cdc_ncm
[    2.941041] ehci_hcd: USB 2.0 'Enhanced' Host Controller (EHCI) Driver
[    2.946725] ehci-pci: EHCI PCI platform driver
[    2.951520] usbcore: registered new interface driver uas
[    2.956440] usbcore: registered new interface driver usb-storage
[    2.962428] usbcore: registered new interface driver usbserial_generic
[    2.968879] usbserial: USB Serial support registered for generic
[    2.974853] usbcore: registered new interface driver ftdi_sio
[    2.980555] usbserial: USB Serial support registered for FTDI USB Serial Device
[    2.987832] usbcore: registered new interface driver upd78f0730
[    2.993703] usbserial: USB Serial support registered for upd78f0730
[    3.001358] rtc_zynqmp ffa60000.rtc: registered as rtc0
[    3.005128] rtc_zynqmp ffa60000.rtc: setting system clock to 2022-03-26T01:18:01 UTC (1648257481)
[    3.013991] i2c /dev entries driver
[    3.019298] usbcore: registered new interface driver uvcvideo
[    3.023104] USB Video Class driver (1.1.1)
[    3.028678] Bluetooth: HCI UART driver ver 2.3
[    3.031575] Bluetooth: HCI UART protocol H4 registered
[    3.036689] Bluetooth: HCI UART protocol BCSP registered
[    3.041974] Bluetooth: HCI UART protocol LL registered
[    3.047062] Bluetooth: HCI UART protocol ATH3K registered
[    3.052436] Bluetooth: HCI UART protocol Three-wire (H5) registered
[    3.058692] Bluetooth: HCI UART protocol Intel registered
[    3.064030] Bluetooth: HCI UART protocol QCA registered
[    3.069231] usbcore: registered new interface driver bcm203x
[    3.074851] usbcore: registered new interface driver bpa10x
[    3.080387] usbcore: registered new interface driver bfusb
[    3.085837] usbcore: registered new interface driver btusb
[    3.091300] usbcore: registered new interface driver ath3k
[    3.096784] EDAC MC: ECC not enabled
[    3.100408] EDAC DEVICE0: Giving out device to module zynqmp-ocm-edac controller zynqmp_ocm: DEV ff960000.memory-controller (INTERRUPT)
[    3.112723] sdhci: Secure Digital Host Controller Interface driver
[    3.118512] sdhci: Copyright(c) Pierre Ossman
[    3.122836] sdhci-pltfm: SDHCI platform and OF driver helper
[    3.128888] ledtrig-cpu: registered to indicate activity on CPUs
[    3.134440] SMCCC: SOC_ID: ARCH_SOC_ID not implemented, skipping ....
[    3.140871] zynqmp_firmware_probe Platform Management API v1.1
[    3.146627] zynqmp_firmware_probe Trustzone version v1.0
[    3.186163] zynqmp-pinctrl firmware:zynqmp-firmware:pinctrl: zynqmp pinctrl initialized
[    3.234157] zynqmp-aes firmware:zynqmp-firmware:zynqmp-aes: will run requests pump with realtime priority
[    3.249980] alg: No test for xilinx-keccak-384 (zynqmp-keccak-384)
[    3.250691] alg: No test for xilinx-zynqmp-rsa (zynqmp-rsa)
[    3.256206] usbcore: registered new interface driver usbhid
[    3.261593] usbhid: USB HID core driver
[    3.272841] axi_sysid 85000000.axi-sysid-0: AXI System ID core version (1.01.a) found
[    3.275192] axi_sysid 85000000.axi-sysid-0: [ad9081_fmca_ebz] on [zcu102] git branch <master> git <084d44c9780640ca93fd847b1d9ec70dd65f5c67> clean [2022-03-18 04:17:50] UTC
[    3.290881] fpga_manager fpga0: Xilinx ZynqMP FPGA Manager registered
[    3.297234] usbcore: registered new interface driver snd-usb-audio
[    3.304691] pktgen: Packet Generator for packet performance testing. Version: 2.75
[    3.310864] Initializing XFRM netlink socket
[    3.314717] NET: Registered protocol family 10
[    3.319432] Segment Routing with IPv6
[    3.322822] sit: IPv6, IPv4 and MPLS over IPv4 tunneling driver
[    3.328888] NET: Registered protocol family 17
[    3.332993] NET: Registered protocol family 15
[    3.337490] can: controller area network core
[    3.341746] NET: Registered protocol family 29
[    3.346132] can: raw protocol
[    3.349071] can: broadcast manager protocol
[    3.353223] can: netlink gateway - max_hops=1
[    3.357619] Bluetooth: RFCOMM TTY layer initialized
[    3.362399] Bluetooth: RFCOMM socket layer initialized
[    3.367508] Bluetooth: RFCOMM ver 1.11
[    3.371219] Bluetooth: BNEP (Ethernet Emulation) ver 1.3
[    3.376489] Bluetooth: BNEP filters: protocol multicast
[    3.381680] Bluetooth: BNEP socket layer initialized
[    3.386610] Bluetooth: HIDP (Human Interface Emulation) ver 1.2
[    3.392494] Bluetooth: HIDP socket layer initialized
[    3.397548] 9pnet: Installing 9P2000 support
[    3.401671] NET: Registered protocol family 36
[    3.406085] Key type dns_resolver registered
[    3.410518] registered taskstats version 1
[    3.414383] Loading compiled-in X.509 certificates
[    3.419496] Btrfs loaded, crc32c=crc32c-generic
[    3.431908] ff000000.serial: ttyPS0 at MMIO 0xff000000 (irq = 49, base_baud = 6249999) is a xuartps
[    3.440935] printk: console [ttyPS0] enabled
[    3.445230] printk: bootconsole [cdns0] disabled
[    3.454862] ff010000.serial: ttyPS1 at MMIO 0xff010000 (irq = 50, base_baud = 6249999) is a xuartps
[    3.468109] of-fpga-region fpga-full: FPGA Region probed
[    3.475061] nwl-pcie fd0e0000.pcie: host bridge /axi/pcie@fd0e0000 ranges:
[    3.481959] nwl-pcie fd0e0000.pcie:      MEM 0x00e0000000..0x00efffffff -> 0x00e0000000
[    3.489968] nwl-pcie fd0e0000.pcie:      MEM 0x0600000000..0x07ffffffff -> 0x0600000000
[    3.498032] nwl-pcie fd0e0000.pcie: Link is DOWN
[    3.502788] nwl-pcie fd0e0000.pcie: PCI host bridge to bus 0000:00
[    3.508967] pci_bus 0000:00: root bus resource [bus 00-ff]
[    3.514448] pci_bus 0000:00: root bus resource [mem 0xe0000000-0xefffffff]
[    3.521319] pci_bus 0000:00: root bus resource [mem 0x600000000-0x7ffffffff pref]
[    3.528822] pci 0000:00:00.0: [10ee:d021] type 01 class 0x060400
[    3.534879] pci 0000:00:00.0: PME# supported from D0 D1 D2 D3hot
[    3.545320] pci 0000:00:00.0: PCI bridge to [bus 01-0c]
[    3.551298] xilinx-zynqmp-dma fd500000.dma: ZynqMP DMA driver Probe success
[    3.558475] xilinx-zynqmp-dma fd510000.dma: ZynqMP DMA driver Probe success
[    3.565652] xilinx-zynqmp-dma fd520000.dma: ZynqMP DMA driver Probe success
[    3.572820] xilinx-zynqmp-dma fd530000.dma: ZynqMP DMA driver Probe success
[    3.579985] xilinx-zynqmp-dma fd540000.dma: ZynqMP DMA driver Probe success
[    3.587155] xilinx-zynqmp-dma fd550000.dma: ZynqMP DMA driver Probe success
[    3.594325] xilinx-zynqmp-dma fd560000.dma: ZynqMP DMA driver Probe success
[    3.601496] xilinx-zynqmp-dma fd570000.dma: ZynqMP DMA driver Probe success
[    3.608891] xilinx-zynqmp-dpdma fd4c0000.dma-controller: Xilinx DPDMA engine is probed
[    3.617444] ahci-ceva fd0c0000.ahci: supply ahci not found, using dummy regulator
[    3.624982] ahci-ceva fd0c0000.ahci: supply phy not found, using dummy regulator
[    3.715883] hmc7044 spi2.0: PLL1: Acquisition, CLKIN0 @ 122880000 Hz, PFD: 80 kHz - PLL2: Locked @ 2964.000000 MHz
[    3.726595] jesd204: /axi/spi@ff050000/hmc7044@0,jesd204:1,parent=spi2.0: Using as SYSREF provider
[    3.736179] spi-nor spi0.0: SPI-NOR-UniqueID 100000235394732200270025081115266e
[    3.743483] spi-nor spi0.0: found n25q512a, expected m25p80
[    3.749680] spi-nor spi0.0: trying to lock already unlocked area
[    3.755685] spi-nor spi0.0: n25q512a (131072 Kbytes)
[    3.760671] 4 fixed-partitions partitions found on MTD device spi0.0
[    3.767017] Creating 4 MTD partitions on "spi0.0":
[    3.771803] 0x000000000000-0x000000100000 : "qspi-fsbl-uboot"
[    3.778292] 0x000000100000-0x000000600000 : "qspi-linux"
[    3.784250] 0x000000600000-0x000000620000 : "qspi-device-tree"
[    3.790718] 0x000000620000-0x000000c00000 : "qspi-rootfs"
[    3.799184] macb ff0e0000.ethernet: Not enabling partial store and forward
[    3.806713] libphy: MACB_mii_bus: probed
[    3.811773] macb ff0e0000.ethernet eth0: Cadence GEM rev 0x50070106 at 0xff0e0000 irq 30 (00:0a:35:04:8e:1b)
[    3.821978] xilinx-axipmon ffa00000.perf-monitor: Probed Xilinx APM
[    3.828553] xilinx-axipmon fd0b0000.perf-monitor: Probed Xilinx APM
[    3.835074] xilinx-axipmon fd490000.perf-monitor: Probed Xilinx APM
[    3.841617] xilinx-axipmon ffa10000.perf-monitor: Probed Xilinx APM
[    3.851601] pca953x 0-0020: supply vcc not found, using dummy regulator
[    3.858284] pca953x 0-0020: using no AI
[    3.862772] gpio-496 (sel0): hogged as output/low
[    3.867672] gpio-497 (sel1): hogged as output/high
[    3.872657] gpio-498 (sel2): hogged as output/high
[    3.877645] gpio-499 (sel3): hogged as output/high
[    3.882820] pca953x 0-0021: supply vcc not found, using dummy regulator
[    3.889486] pca953x 0-0021: using no AI
[    3.895250] ina2xx 2-0040: power monitor ina226 (Rshunt = 5000 uOhm)
[    3.902283] ina2xx 2-0041: power monitor ina226 (Rshunt = 5000 uOhm)
[    3.909322] ina2xx 2-0042: power monitor ina226 (Rshunt = 5000 uOhm)
[    3.916362] ina2xx 2-0043: power monitor ina226 (Rshunt = 5000 uOhm)
[    3.923386] ina2xx 2-0044: power monitor ina226 (Rshunt = 5000 uOhm)
[    3.930409] ina2xx 2-0045: power monitor ina226 (Rshunt = 5000 uOhm)
[    3.937438] ina2xx 2-0046: power monitor ina226 (Rshunt = 5000 uOhm)
[    3.944515] ina2xx 2-0047: power monitor ina226 (Rshunt = 5000 uOhm)
[    3.951541] ina2xx 2-004a: power monitor ina226 (Rshunt = 5000 uOhm)
[    3.958581] ina2xx 2-004b: power monitor ina226 (Rshunt = 5000 uOhm)
[    3.964995] i2c i2c-0: Added multiplexed i2c bus 2
[    3.970385] random: fast init done
[    3.973859] ina2xx 3-0040: power monitor ina226 (Rshunt = 2000 uOhm)
[    3.980884] ina2xx 3-0041: power monitor ina226 (Rshunt = 5000 uOhm)
[    3.987911] ina2xx 3-0042: power monitor ina226 (Rshunt = 5000 uOhm)
[    3.994941] ina2xx 3-0043: power monitor ina226 (Rshunt = 5000 uOhm)
[    4.001969] ina2xx 3-0044: power monitor ina226 (Rshunt = 5000 uOhm)
[    4.008994] ina2xx 3-0045: power monitor ina226 (Rshunt = 5000 uOhm)
[    4.016031] ina2xx 3-0046: power monitor ina226 (Rshunt = 5000 uOhm)
[    4.023058] ina2xx 3-0047: power monitor ina226 (Rshunt = 5000 uOhm)
[    4.029459] i2c i2c-0: Added multiplexed i2c bus 3
[    4.085779] i2c i2c-0: Added multiplexed i2c bus 4
[    4.090720] i2c i2c-0: Added multiplexed i2c bus 5
[    4.095509] pca954x 0-0075: registered 4 multiplexed busses for I2C mux pca9544
[    4.102859] cdns-i2c ff020000.i2c: 400 kHz mmio ff020000 irq 32
[    4.110593] at24 6-0054: supply vcc not found, using dummy regulator
[    4.117498] at24 6-0054: 1024 byte 24c08 EEPROM, writable, 1 bytes/write
[    4.124246] i2c i2c-1: Added multiplexed i2c bus 6
[    4.130680] si5341 7-0036: Chip: 5341 Grade: 1 Rev: 1
[    4.168368] i2c i2c-1: Added multiplexed i2c bus 7
[    4.176022] si570 8-005d: registered, current frequency 300000000 Hz
[    4.182419] i2c i2c-1: Added multiplexed i2c bus 8
[    4.202194] si570 9-005d: registered, current frequency 148500000 Hz
[    4.208599] i2c i2c-1: Added multiplexed i2c bus 9
[    4.213637] si5324 10-0069: si5328 probed
[    4.280067] si5324 10-0069: si5328 probe successful
[    4.284994] i2c i2c-1: Added multiplexed i2c bus 10
[    4.290020] i2c i2c-1: Added multiplexed i2c bus 11
[    4.295048] i2c i2c-1: Added multiplexed i2c bus 12
[    4.300067] i2c i2c-1: Added multiplexed i2c bus 13
[    4.304940] pca954x 1-0074: registered 8 multiplexed busses for I2C switch pca9548
[    4.313052] at24 14-0050: supply vcc not found, using dummy regulator
[    4.319836] at24 14-0050: 256 byte 24c02 EEPROM, writable, 1 bytes/write
[    4.326584] i2c i2c-1: Added multiplexed i2c bus 14
[    4.331625] i2c i2c-1: Added multiplexed i2c bus 15
[    4.336657] i2c i2c-1: Added multiplexed i2c bus 16
[    4.341693] i2c i2c-1: Added multiplexed i2c bus 17
[    4.346724] i2c i2c-1: Added multiplexed i2c bus 18
[    4.351771] i2c i2c-1: Added multiplexed i2c bus 19
[    4.356807] i2c i2c-1: Added multiplexed i2c bus 20
[    4.361841] i2c i2c-1: Added multiplexed i2c bus 21
[    4.366715] pca954x 1-0075: registered 8 multiplexed busses for I2C switch pca9548
[    4.374325] cdns-i2c ff030000.i2c: 400 kHz mmio ff030000 irq 33
[    4.384069] cdns-wdt fd4d0000.watchdog: Xilinx Watchdog Timer with timeout 60s
[    4.395004] axi_adxcvr 84a60000.axi-adxcvr-rx: AXI-ADXCVR-RX (17.05.a) using CPLL on GTH4 at 0x84A60000. Number of lanes: 4.
[    4.407175] axi_adxcvr 84b60000.axi-adxcvr-tx: AXI-ADXCVR-TX (17.05.a) using QPLL on GTH4 at 0x84B60000. Number of lanes: 4.
[    4.418799] axi-jesd204-rx 84a90000.axi-jesd204-rx: AXI-JESD204-RX (1.07.a) at 0x84A90000. Encoder 8b10b, width 4/4, lanes 4, jesd204-fsm.
[    4.426086] mmc0: SDHCI controller on ff170000.mmc [ff170000.mmc] using ADMA 64-bit
[    4.431640] axi-jesd204-tx 84b90000.axi-jesd204-tx: AXI-JESD204-TX (1.06.a) at 0x84B90000. Encoder 8b10b, width 4/4, lanes 4, jesd204-fsm.
[    4.452361] zynqmp-display fd4a0000.display: vtc bridge property not present
[    4.462015] xilinx-dp-snd-codec fd4a0000.display:zynqmp_dp_snd_codec0: Failed to get required clock freq
[    4.471519] xilinx-dp-snd-codec: probe of fd4a0000.display:zynqmp_dp_snd_codec0 failed with error -22
[    4.473492] mmc0: new high speed SDHC card at address 0001
[    4.481059] xilinx-dp-snd-pcm zynqmp_dp_snd_pcm0: Xilinx DisplayPort Sound PCM probed
[    4.486570] mmcblk0: mmc0:0001 EB1QT 29.8 GiB 
[    4.494377] xilinx-dp-snd-pcm zynqmp_dp_snd_pcm1: Xilinx DisplayPort Sound PCM probed
[    4.499752]  mmcblk0: p1 p2 p3
[    4.506677] OF: graph: no port node found in /axi/display@fd4a0000
[    4.515755] xlnx-drm xlnx-drm.0: bound fd4a0000.display (ops 0xffffffc010fcbdb8)
[    5.599728] zynqmp-display fd4a0000.display: [drm] Cannot find any crtc or sizes
[    5.607341] [drm] Initialized xlnx 1.0.0 20130509 for fd4a0000.display on minor 0
[    5.614832] zynqmp-display fd4a0000.display: ZynqMP DisplayPort Subsystem driver probed
[    5.623157] ahci-ceva fd0c0000.ahci: supply ahci not found, using dummy regulator
[    5.630703] ahci-ceva fd0c0000.ahci: supply phy not found, using dummy regulator
[    5.638152] ahci-ceva fd0c0000.ahci: supply target not found, using dummy regulator
[    5.645990] ahci-ceva fd0c0000.ahci: AHCI 0001.0301 32 slots 2 ports 6 Gbps 0x3 impl platform mode
[    5.654947] ahci-ceva fd0c0000.ahci: flags: 64bit ncq sntf pm clo only pmp fbs pio slum part ccc sds apst 
[    5.665641] scsi host0: ahci-ceva
[    5.669244] scsi host1: ahci-ceva
[    5.672674] ata1: SATA max UDMA/133 mmio [mem 0xfd0c0000-0xfd0c1fff] port 0x100 irq 45
[    5.680587] ata2: SATA max UDMA/133 mmio [mem 0xfd0c0000-0xfd0c1fff] port 0x180 irq 45
[    5.689188] ad9081 spi1.0: supply vdd not found, using dummy regulator
[    6.001965] ata1: SATA link down (SStatus 0 SControl 330)
[    6.007385] ata2: SATA link down (SStatus 0 SControl 330)
[    6.683730] zynqmp-display fd4a0000.display: [drm] Cannot find any crtc or sizes
[    7.521741] ad9081 spi1.0: AD9081 Rev. 2 Grade 10 (API 1.2.2) probed
[    7.528958] xhci-hcd xhci-hcd.1.auto: xHCI Host Controller
[    7.534446] xhci-hcd xhci-hcd.1.auto: new USB bus registered, assigned bus number 1
[    7.542197] xhci-hcd xhci-hcd.1.auto: hcc params 0x0238f625 hci version 0x100 quirks 0x0000000002010810
[    7.551617] xhci-hcd xhci-hcd.1.auto: irq 59, io mem 0xfe200000
[    7.557729] usb usb1: New USB device found, idVendor=1d6b, idProduct=0002, bcdDevice= 5.10
[    7.565989] usb usb1: New USB device strings: Mfr=3, Product=2, SerialNumber=1
[    7.573207] usb usb1: Product: xHCI Host Controller
[    7.578076] usb usb1: Manufacturer: Linux 5.10.0-98103-g2aa7ac113716 xhci-hcd
[    7.585202] usb usb1: SerialNumber: xhci-hcd.1.auto
[    7.590369] hub 1-0:1.0: USB hub found
[    7.594127] hub 1-0:1.0: 1 port detected
[    7.598226] xhci-hcd xhci-hcd.1.auto: xHCI Host Controller
[    7.603714] xhci-hcd xhci-hcd.1.auto: new USB bus registered, assigned bus number 2
[    7.611370] xhci-hcd xhci-hcd.1.auto: Host supports USB 3.0 SuperSpeed
[    7.617990] usb usb2: New USB device found, idVendor=1d6b, idProduct=0003, bcdDevice= 5.10
[    7.626253] usb usb2: New USB device strings: Mfr=3, Product=2, SerialNumber=1
[    7.633473] usb usb2: Product: xHCI Host Controller
[    7.638341] usb usb2: Manufacturer: Linux 5.10.0-98103-g2aa7ac113716 xhci-hcd
[    7.645467] usb usb2: SerialNumber: xhci-hcd.1.auto
[    7.650574] hub 2-0:1.0: USB hub found
[    7.654337] hub 2-0:1.0: 1 port detected
[    7.684397] cf_axi_adc 84a10000.axi-ad9081-rx-hpc: ADI AIM (10.01.b) at 0x84A10000 mapped to 0x(____ptrval____), probed ADC AD9081 as MASTER
[    7.716552] cf_axi_dds 84b10000.axi-ad9081-tx-hpc: Analog Devices CF_AXI_DDS_DDS MASTER (9.01.b) at 0x84B10000 mapped to 0x(____ptrval____), probed DDS AD9081
[    7.730754] jesd204: /axi/spi@ff040000/ad9081@0,jesd204:0,parent=spi1.0: JESD204[2] transition initialized -> probed
[    7.741276] jesd204: /axi/spi@ff040000/ad9081@0,jesd204:0,parent=spi1.0: JESD204[0] transition initialized -> probed
[    7.751800] jesd204: /axi/spi@ff040000/ad9081@0,jesd204:0,parent=spi1.0: JESD204[2] transition probed -> idle
[    7.761708] jesd204: /axi/spi@ff040000/ad9081@0,jesd204:0,parent=spi1.0: JESD204[0] transition probed -> idle
[    7.771623] jesd204: /axi/spi@ff040000/ad9081@0,jesd204:0,parent=spi1.0: JESD204[2] transition idle -> device_init
[    7.781965] jesd204: /axi/spi@ff040000/ad9081@0,jesd204:0,parent=spi1.0: JESD204[0] transition idle -> device_init
[    7.792320] jesd204: /axi/spi@ff040000/ad9081@0,jesd204:0,parent=spi1.0: JESD204[2] transition device_init -> link_init
[    7.803102] jesd204: /axi/spi@ff040000/ad9081@0,jesd204:0,parent=spi1.0: JESD204[0] transition device_init -> link_init
[    7.813894] jesd204: /axi/spi@ff040000/ad9081@0,jesd204:0,parent=spi1.0: JESD204[2] transition link_init -> link_supported
[    7.824932] jesd204: /axi/spi@ff040000/ad9081@0,jesd204:0,parent=spi1.0: JESD204[0] transition link_init -> link_supported
[    7.836342] hmc7044 spi2.0: hmc7044_jesd204_link_pre_setup: Link2 forcing continuous SYSREF mode
[    7.845514] jesd204: /axi/spi@ff040000/ad9081@0,jesd204:0,parent=spi1.0: JESD204[2] transition link_supported -> link_pre_setup
[    7.856990] jesd204: /axi/spi@ff040000/ad9081@0,jesd204:0,parent=spi1.0: JESD204[0] transition link_supported -> link_pre_setup
[    7.880826] jesd204: /axi/spi@ff040000/ad9081@0,jesd204:0,parent=spi1.0: JESD204[2] transition link_pre_setup -> clk_sync_stage1
[    7.892386] jesd204: /axi/spi@ff040000/ad9081@0,jesd204:0,parent=spi1.0: JESD204[0] transition link_pre_setup -> clk_sync_stage1
[    7.903956] jesd204: /axi/spi@ff040000/ad9081@0,jesd204:0,parent=spi1.0: JESD204[2] transition clk_sync_stage1 -> clk_sync_stage2
[    7.915604] jesd204: /axi/spi@ff040000/ad9081@0,jesd204:0,parent=spi1.0: JESD204[0] transition clk_sync_stage1 -> clk_sync_stage2
[    7.927255] jesd204: /axi/spi@ff040000/ad9081@0,jesd204:0,parent=spi1.0: JESD204[2] transition clk_sync_stage2 -> clk_sync_stage3
[    7.938899] jesd204: /axi/spi@ff040000/ad9081@0,jesd204:0,parent=spi1.0: JESD204[0] transition clk_sync_stage2 -> clk_sync_stage3
[    7.952572] jesd204: /axi/spi@ff040000/ad9081@0,jesd204:0,parent=spi1.0: JESD204[2] transition clk_sync_stage3 -> link_setup
[    7.963790] jesd204: /axi/spi@ff040000/ad9081@0,jesd204:0,parent=spi1.0: JESD204[0] transition clk_sync_stage3 -> link_setup
[    7.979786] jesd204: /axi/spi@ff040000/ad9081@0,jesd204:0,parent=spi1.0: JESD204[2] transition link_setup -> opt_setup_stage1
[    7.991085] jesd204: /axi/spi@ff040000/ad9081@0,jesd204:0,parent=spi1.0: JESD204[0] transition link_setup -> opt_setup_stage1
[    8.007421] jesd204: /axi/spi@ff040000/ad9081@0,jesd204:0,parent=spi1.0: JESD204[2] transition opt_setup_stage1 -> opt_setup_stage2
[    8.019244] jesd204: /axi/spi@ff040000/ad9081@0,jesd204:0,parent=spi1.0: JESD204[0] transition opt_setup_stage1 -> opt_setup_stage2
[    8.031217] jesd204: /axi/spi@ff040000/ad9081@0,jesd204:0,parent=spi1.0: JESD204[2] transition opt_setup_stage2 -> opt_setup_stage3
[    8.043036] jesd204: /axi/spi@ff040000/ad9081@0,jesd204:0,parent=spi1.0: JESD204[0] transition opt_setup_stage2 -> opt_setup_stage3
[    8.054859] jesd204: /axi/spi@ff040000/ad9081@0,jesd204:0,parent=spi1.0: JESD204[2] transition opt_setup_stage3 -> opt_setup_stage4
[    8.066683] jesd204: /axi/spi@ff040000/ad9081@0,jesd204:0,parent=spi1.0: JESD204[0] transition opt_setup_stage3 -> opt_setup_stage4
[    8.078507] jesd204: /axi/spi@ff040000/ad9081@0,jesd204:0,parent=spi1.0: JESD204[2] transition opt_setup_stage4 -> opt_setup_stage5
[    8.090336] jesd204: /axi/spi@ff040000/ad9081@0,jesd204:0,parent=spi1.0: JESD204[0] transition opt_setup_stage4 -> opt_setup_stage5
[    8.106263] jesd204: /axi/spi@ff040000/ad9081@0,jesd204:0,parent=spi1.0: JESD204[2] transition opt_setup_stage5 -> clocks_enable
[    8.117822] jesd204: /axi/spi@ff040000/ad9081@0,jesd204:0,parent=spi1.0: JESD204[0] transition opt_setup_stage5 -> clocks_enable
[    8.152635] axi_adxcvr 84a60000.axi-adxcvr-rx: adxcvr_clk_enable: CPLL RX buffer underflow error, status: 0x61
[    8.162626] axi_adxcvr 84a60000.axi-adxcvr-rx: adxcvr_clk_enable: CPLL RX buffer overflow error, status: 0x61
[    8.172606] jesd204: /axi/spi@ff040000/ad9081@0,jesd204:0,parent=spi1.0: JESD204[2] transition clocks_enable -> link_enable
[    8.183729] jesd204: /axi/spi@ff040000/ad9081@0,jesd204:0,parent=spi1.0: JESD204[0] transition clocks_enable -> link_enable
[    8.215961] ad9081 spi1.0: JESD RX (JTX) Link2 in DATA, SYNC deasserted, PLL locked, PHASE established, MODE valid
[    8.226567] ad9081 spi1.0: JESD TX (JRX) Link0 0xF lanes in DATA
[    8.232572] jesd204: /axi/spi@ff040000/ad9081@0,jesd204:0,parent=spi1.0: JESD204[2] transition link_enable -> link_running
[    8.243610] jesd204: /axi/spi@ff040000/ad9081@0,jesd204:0,parent=spi1.0: JESD204[0] transition link_enable -> link_running
[    8.254655] jesd204: /axi/spi@ff040000/ad9081@0,jesd204:0,parent=spi1.0: JESD204[2] transition link_running -> opt_post_running_stage
[    8.266647] jesd204: /axi/spi@ff040000/ad9081@0,jesd204:0,parent=spi1.0: JESD204[0] transition link_running -> opt_post_running_stage
[    8.287960] input: gpio-keys as /devices/platform/gpio-keys/input/input0
[    8.294980] of_cfs_init
[    8.297446] of_cfs_init: OK
[    8.300387] cfg80211: Loading compiled-in X.509 certificates for regulatory database
[    8.472022] cfg80211: Loaded X.509 cert 'sforshee: 00b28ddf47aef9cea7'
[    8.478545] clk: Not disabling unused clocks
[    8.483077] ALSA device list:
[    8.486038]   No soundcards found.
[    8.489712] platform regulatory.0: Direct firmware load for regulatory.db failed with error -2
[    8.498320] cfg80211: failed to load regulatory.db
[    8.507399] random: crng init done
[    8.513656] EXT4-fs (mmcblk0p2): mounted filesystem with ordered data mode. Opts: (null)
[    8.521772] VFS: Mounted root (ext4 filesystem) on device 179:2.
[    8.535527] devtmpfs: mounted
[    8.539347] Freeing unused kernel memory: 2560K
[    8.551762] Run /sbin/init as init process
[    8.555853]   with arguments:
[    8.555855]     /sbin/init
[    8.555858]   with environment:
[    8.555860]     HOME=/
[    8.555862]     TERM=linux
[    9.141516] systemd[1]: systemd 241 running in system mode. (+PAM +AUDIT +SELINUX +IMA +APPARMOR +SMACK +SYSVINIT +UTMP +LIBCRYPTSETUP +GCRYPT +GNUTLS +ACL +XZ +LZ4 +SECCOMP +BLKID +ELFUTILS +KMOD -IDN2 +IDN -PCRE2 default-hierarchy=hybrid)
[    9.163373] systemd[1]: Detected architecture arm64.
[    9.188482] systemd[1]: Set hostname to <analog>.
[    9.387540] systemd[1]: File /lib/systemd/system/systemd-journald.service:12 configures an IP firewall (IPAddressDeny=any), but the local system does not support BPF/cgroup based firewalling.
[    9.404590] systemd[1]: Proceeding WITHOUT firewalling in effect! (This warning is only shown for the first loaded unit using IP firewalling.)
[    9.570874] systemd[1]: /etc/systemd/system/tof-server.service:1: Assignment outside of section. Ignoring.
[    9.580572] systemd[1]: /etc/systemd/system/tof-server.service:2: Assignment outside of section. Ignoring.
[    9.775762] systemd[1]: Listening on Journal Socket.
[    9.793695] systemd[1]: Mounting POSIX Message Queue File System...
[    9.816179] systemd[1]: Listening on udev Kernel Socket.
[   10.390585] ------------[ cut here ]------------
[   10.390594] Enabling unprepared \xa0\xe9Q\x88\xff\xff\xffpQ\x88\xff\xff\xff
[   10.390640] WARNING: CPU: 2 PID: 112 at drivers/clk/clk.c:1012 clk_core_enable+0xa4/0xc0
[   10.390643] Modules linked in:
[   10.390653] CPU: 2 PID: 112 Comm: kworker/2:1H Not tainted 5.10.0-98103-g2aa7ac113716 #5577
[   10.390656] Hardware name: ZynqMP ZCU102 Rev1.0 (DT)
[   10.390665] Workqueue: kblockd blk_mq_run_work_fn
[   10.390673] pstate: 80000085 (Nzcv daIf -PAN -UAO -TCO BTYPE=--)
[   10.390679] pc : clk_core_enable+0xa4/0xc0
[   10.390684] lr : clk_core_enable+0xa4/0xc0
[   10.390687] sp : ffffffc01257b2d0
[   10.390690] x29: ffffffc01257b2d0 x28: ffffff8800330c10 
[   10.390697] x27: ffffff8800330d48 x26: 0000005000000101 
[   10.390703] x25: 0000000265625f0e x24: 0000000000000001 
[   10.390710] x23: ffffff88010e9380 x22: ffffff8801083220 
[   10.390716] x21: ffffff8801517000 x20: ffffff8801517008 
[   10.390723] x19: ffffff8801517008 x18: 0000000000000030 
[   10.390729] x17: 0000000000000003 x16: 0000acd199e4fcf8 
[   10.390736] x15: ffffffffffff8688 x14: ffffffc011d3b1a0 
[   10.390742] x13: ffffffc011d3b1c8 x12: 00000000000005e5 
[   10.390749] x11: 00000000000001f7 x10: ffffffc011d671c8 
[   10.390755] x9 : 00000000fffff800 x8 : ffffffc011d3b1c8 
[   10.390762] x7 : ffffffc011d671c8 x6 : 0000000000000001 
[   10.390768] x5 : ffffff887f7929e0 x4 : 0000000000000000 
[   10.390775] x3 : 0000000000000027 x2 : 0000000000000023 
[   10.390781] x1 : 10b8f1d677c2d300 x0 : 0000000000000000 
[   10.390787] Call trace:
[   10.390794]  clk_core_enable+0xa4/0xc0
[   10.390799]  clk_enable+0x2c/0x60
[   10.390805]  zynqmp_runtime_resume+0x24/0x84
[   10.390812]  pm_generic_runtime_resume+0x30/0x50
[   10.390818]  __genpd_runtime_resume+0x30/0xb0
[   10.390824]  genpd_runtime_resume+0x90/0x250
[   10.390830]  __rpm_callback+0x10c/0x1e0
[   10.390835]  rpm_callback+0x5c/0x84
[   10.390840]  rpm_resume+0x4a4/0x74c
[   10.390845]  __pm_runtime_resume+0x78/0xc4
[   10.390850]  spi_mem_access_start.isra.0+0x30/0x80
[   10.390854]  spi_mem_exec_op+0x3b0/0x424
[   10.390859]  spi_nor_read_sr+0x78/0xe0
[   10.390864]  spi_nor_wait_till_ready_with_timeout+0xb4/0x2f0
[   10.390869]  spi_nor_read+0x188/0x380
[   10.390874]  mtd_read_oob_std+0x78/0x84
[   10.390879]  mtd_read_oob+0x7c/0x134
[   10.390883]  mtd_read+0x48/0x7c
[   10.390889]  mtdblock_readsect+0x6c/0x150
[   10.390894]  mtd_queue_rq+0x2cc/0x5a0
[   10.390900]  blk_mq_dispatch_rq_list+0x110/0x790
[   10.390907]  __blk_mq_do_dispatch_sched+0x200/0x274
[   10.390912]  __blk_mq_sched_dispatch_requests+0x1a8/0x1fc
[   10.390918]  blk_mq_sched_dispatch_requests+0x3c/0x7c
[   10.390922]  __blk_mq_run_hw_queue+0x98/0x100
[   10.390927]  blk_mq_run_work_fn+0x24/0x30
[   10.390933]  process_one_work+0x1d4/0x380
[   10.390937]  worker_thread+0x78/0x4e0
[   10.390942]  kthread+0x124/0x130
[   10.390948]  ret_from_fork+0x10/0x3c
[   10.390951] ---[ end trace 565d5d660279d464 ]---
[   10.390959] zynqmp-qspi ff0f0000.spi: Cannot enable APB clock.
[   10.391007] spi_master spi0: Failed to power device: -108
[   10.391018] blk_update_request: I/O error, dev mtdblock0, sector 8 op 0x0:(READ) flags 0x80700 phys_seg 1 prio class 0
[   10.391095] spi_master spi0: Failed to power device: -22
[   10.391102] blk_update_request: I/O error, dev mtdblock0, sector 8 op 0x0:(READ) flags 0x0 phys_seg 8 prio class 0
[   10.391108] Buffer I/O error on dev mtdblock0, logical block 8, async page read
[   10.391117] spi_master spi0: Failed to power device: -22
[   10.391123] blk_update_request: I/O error, dev mtdblock0, sector 9 op 0x0:(READ) flags 0x0 phys_seg 7 prio class 0
[   10.391127] Buffer I/O error on dev mtdblock0, logical block 9, async page read
[   10.391134] spi_master spi0: Failed to power device: -22
[   10.391139] blk_update_request: I/O error, dev mtdblock0, sector 10 op 0x0:(READ) flags 0x0 phys_seg 6 prio class 0
[   10.391143] Buffer I/O error on dev mtdblock0, logical block 10, async page read
[   10.391150] spi_master spi0: Failed to power device: -22
[   10.391156] blk_update_request: I/O error, dev mtdblock0, sector 11 op 0x0:(READ) flags 0x0 phys_seg 5 prio class 0
[   10.391160] Buffer I/O error on dev mtdblock0, logical block 11, async page read
[   10.391166] spi_master spi0: Failed to power device: -22
[   10.391172] blk_update_request: I/O error, dev mtdblock0, sector 12 op 0x0:(READ) flags 0x0 phys_seg 4 prio class 0
[   10.391176] Buffer I/O error on dev mtdblock0, logical block 12, async page read
[   10.391182] spi_master spi0: Failed to power device: -22
[   10.391188] blk_update_request: I/O error, dev mtdblock0, sector 13 op 0x0:(READ) flags 0x0 phys_seg 3 prio class 0
[   10.391192] Buffer I/O error on dev mtdblock0, logical block 13, async page read
[   10.391198] spi_master spi0: Failed to power device: -22
[   10.391204] blk_update_request: I/O error, dev mtdblock0, sector 14 op 0x0:(READ) flags 0x0 phys_seg 2 prio class 0
[   10.391208] Buffer I/O error on dev mtdblock0, logical block 14, async page read
[   10.391214] spi_master spi0: Failed to power device: -22
[   10.391220] blk_update_request: I/O error, dev mtdblock0, sector 15 op 0x0:(READ) flags 0x0 phys_seg 1 prio class 0
[   10.391224] Buffer I/O error on dev mtdblock0, logical block 15, async page read
[   10.391559] spi_master spi0: Failed to power device: -22
[   10.391567] blk_update_request: I/O error, dev mtdblock1, sector 10112 op 0x0:(READ) flags 0x80700 phys_seg 1 prio class 0
[   10.391611] spi_master spi0: Failed to power device: -22
[   10.391617] Buffer I/O error on dev mtdblock1, logical block 10112, async page read
[   10.391624] spi_master spi0: Failed to power device: -22
[   10.391629] Buffer I/O error on dev mtdblock1, logical block 10113, async page read
[   10.391636] spi_master spi0: Failed to power device: -22
[   10.391644] spi_master spi0: Failed to power device: -22
[   10.391651] spi_master spi0: Failed to power device: -22
[   10.391658] spi_master spi0: Failed to power device: -22
[   10.391666] spi_master spi0: Failed to power device: -22
[   10.391673] spi_master spi0: Failed to power device: -22
[   10.391935] spi_master spi0: Failed to power device: -22
[   10.391981] spi_master spi0: Failed to power device: -22
[   10.391991] spi_master spi0: Failed to power device: -22
[   10.391999] spi_master spi0: Failed to power device: -22
[   10.392007] spi_master spi0: Failed to power device: -22
[   10.392023] spi_master spi0: Failed to power device: -22
[   10.392031] spi_master spi0: Failed to power device: -22
[   10.392038] spi_master spi0: Failed to power device: -22
[   10.392046] spi_master spi0: Failed to power device: -22
[   10.392316] spi_master spi0: Failed to power device: -22
[   10.392361] spi_master spi0: Failed to power device: -22
[   10.392370] spi_master spi0: Failed to power device: -22
[   10.392378] spi_master spi0: Failed to power device: -22
[   10.392386] spi_master spi0: Failed to power device: -22
[   10.392393] spi_master spi0: Failed to power device: -22
[   10.392401] spi_master spi0: Failed to power device: -22
[   10.392408] spi_master spi0: Failed to power device: -22
[   10.392415] spi_master spi0: Failed to power device: -22
[   10.519826] EXT4-fs (mmcblk0p2): re-mounted. Opts: (null)
[   10.593329] systemd-journald[168]: Received request to flush runtime journal from PID 1
[   16.995821] macb ff0e0000.ethernet eth0: PHY [ff0e0000.ethernet-ffffffff:0c] driver [TI DP83867] (irq=POLL)
[   16.995834] macb ff0e0000.ethernet eth0: configuring for phy/rgmii-id link mode
[   17.269313] Adding 89084k swap on /var/swap.  Priority:-2 extents:1 across:89084k SS
[   19.991475] broken atomic modeset userspace detected, disabling atomic
[   20.065342] macb ff0e0000.ethernet eth0: Link is Up - 1Gbps/Full - flow control off
[   20.065366] IPv6: ADDRCONF(NETDEV_CHANGE): eth0: link becomes ready
[   22.678430] broken atomic modeset userspace detected, disabling atomic
[   25.814978] broken atomic modeset userspace detected, disabling atomic