[    0.000000] Booting Linux on physical CPU 0x0000000000 [0x410fd034]
[    0.000000] Linux version 5.10.0-98103-g2aa7ac113716 (jenkins@romlxbuild1.adlk.analog.com) (aarch64-xilinx-linux-gcc.real (GCC) 10.2.0, GNU ld (GNU Binutils) 2.35.0.20200730) #5577 SMP Wed Mar 23 07:28:49 GMT 2022
[    0.000000] Machine model: ZynqMP ZCU102 Rev1.0
[    0.000000] earlycon: cdns0 at MMIO 0x00000000ff000000 (options '115200n8')
[    0.000000] printk: bootconsole [cdns0] enabled
[    0.000000] efi: UEFI not found.
[    0.000000] cma: Reserved 256 MiB at 0x0000000070000000
[    0.000000] Zone ranges:
[    0.000000]   DMA      [mem 0x0000000000000000-0x000000003fffffff]
[    0.000000]   DMA32    [mem 0x0000000040000000-0x00000000ffffffff]
[    0.000000]   Normal   [mem 0x0000000100000000-0x000000087fffffff]
[    0.000000] Movable zone start for each node
[    0.000000] Early memory node ranges
[    0.000000]   node   0: [mem 0x0000000000000000-0x000000007fffffff]
[    0.000000]   node   0: [mem 0x0000000800000000-0x000000087fffffff]
[    0.000000] Initmem setup node 0 [mem 0x0000000000000000-0x000000087fffffff]
[    0.000000] On node 0 totalpages: 1048576
[    0.000000]   DMA zone: 3584 pages used for memmap
[    0.000000]   DMA zone: 0 pages reserved
[    0.000000]   DMA zone: 262144 pages, LIFO batch:63
[    0.000000]   DMA32 zone: 3584 pages used for memmap
[    0.000000]   DMA32 zone: 262144 pages, LIFO batch:63
[    0.000000]   Normal zone: 7168 pages used for memmap
[    0.000000]   Normal zone: 524288 pages, LIFO batch:63
[    0.000000] psci: probing for conduit method from DT.
[    0.000000] psci: PSCIv1.1 detected in firmware.
[    0.000000] psci: Using standard PSCI v0.2 function IDs
[    0.000000] psci: MIGRATE_INFO_TYPE not supported.
[    0.000000] psci: SMC Calling Convention v1.2
[    0.000000] percpu: Embedded 22 pages/cpu s49496 r8192 d32424 u90112
[    0.000000] pcpu-alloc: s49496 r8192 d32424 u90112 alloc=22*4096
[    0.000000] pcpu-alloc: [0] 0 [0] 1 [0] 2 [0] 3 
[    0.000000] Detected VIPT I-cache on CPU0
[    0.000000] CPU features: detected: ARM erratum 845719
[    0.000000] Built 1 zonelists, mobility grouping on.  Total pages: 1034240
[    0.000000] Kernel command line: console=ttyPS0,115200 root=/dev/mmcblk0p2 rw earlycon rootfstype=ext4 rootwait clk_ignore_unused cpuidle.off=1 root=/dev/mmcblk0p2 rw rootwait
[    0.000000] Dentry cache hash table entries: 524288 (order: 10, 4194304 bytes, linear)
[    0.000000] Inode-cache hash table entries: 262144 (order: 9, 2097152 bytes, linear)
[    0.000000] mem auto-init: stack:off, heap alloc:off, heap free:off
[    0.000000] software IO TLB: mapped [mem 0x000000003bfff000-0x000000003ffff000] (64MB)
[    0.000000] Memory: 3761904K/4194304K available (15296K kernel code, 1636K rwdata, 11876K rodata, 2560K init, 507K bss, 170256K reserved, 262144K cma-reserved)
[    0.000000] rcu: Hierarchical RCU implementation.
[    0.000000] rcu: 	RCU event tracing is enabled.
[    0.000000] rcu: 	RCU restricting CPUs from NR_CPUS=8 to nr_cpu_ids=4.
[    0.000000] rcu: RCU calculated value of scheduler-enlistment delay is 25 jiffies.
[    0.000000] rcu: Adjusting geometry for rcu_fanout_leaf=16, nr_cpu_ids=4
[    0.000000] NR_IRQS: 64, nr_irqs: 64, preallocated irqs: 0
[    0.000000] GIC: Adjusting CPU interface base to 0x00000000f902f000
[    0.000000] GIC: Using split EOI/Deactivate mode
[    0.000000] random: get_random_bytes called from start_kernel+0x31c/0x54c with crng_init=0
[    0.000000] arch_timer: cp15 timer(s) running at 100.00MHz (phys).
[    0.000000] clocksource: arch_sys_counter: mask: 0xffffffffffffff max_cycles: 0x171024e7e0, max_idle_ns: 440795205315 ns
[    0.000003] sched_clock: 56 bits at 100MHz, resolution 10ns, wraps every 4398046511100ns
[    0.008462] Console: colour dummy device 80x25
[    0.012482] Calibrating delay loop (skipped), value calculated using timer frequency.. 200.00 BogoMIPS (lpj=400000)
[    0.022841] pid_max: default: 32768 minimum: 301
[    0.027550] Mount-cache hash table entries: 8192 (order: 4, 65536 bytes, linear)
[    0.034789] Mountpoint-cache hash table entries: 8192 (order: 4, 65536 bytes, linear)
[    0.043392] rcu: Hierarchical SRCU implementation.
[    0.047560] EFI services will not be available.
[    0.051938] smp: Bringing up secondary CPUs ...
[    0.056655] Detected VIPT I-cache on CPU1
[    0.056695] CPU1: Booted secondary processor 0x0000000001 [0x410fd034]
[    0.057061] Detected VIPT I-cache on CPU2
[    0.057085] CPU2: Booted secondary processor 0x0000000002 [0x410fd034]
[    0.057425] Detected VIPT I-cache on CPU3
[    0.057448] CPU3: Booted secondary processor 0x0000000003 [0x410fd034]
[    0.057494] smp: Brought up 1 node, 4 CPUs
[    0.091780] SMP: Total of 4 processors activated.
[    0.096452] CPU features: detected: 32-bit EL0 Support
[    0.101556] CPU features: detected: CRC32 instructions
[    0.106695] CPU: All CPU(s) started at EL2
[    0.110736] alternatives: patching kernel code
[    0.116170] devtmpfs: initialized
[    0.124058] Registered cp15_barrier emulation handler
[    0.124109] Registered setend emulation handler
[    0.128093] clocksource: jiffies: mask: 0xffffffff max_cycles: 0xffffffff, max_idle_ns: 7645041785100000 ns
[    0.137670] futex hash table entries: 1024 (order: 4, 65536 bytes, linear)
[    0.151031] pinctrl core: initialized pinctrl subsystem
[    0.151677] NET: Registered protocol family 16
[    0.156104] DMA: preallocated 512 KiB GFP_KERNEL pool for atomic allocations
[    0.162117] DMA: preallocated 512 KiB GFP_KERNEL|GFP_DMA pool for atomic allocations
[    0.169842] DMA: preallocated 512 KiB GFP_KERNEL|GFP_DMA32 pool for atomic allocations
[    0.177645] audit: initializing netlink subsys (disabled)
[    0.183097] audit: type=2000 audit(0.116:1): state=initialized audit_enabled=0 res=1
[    0.183443] hw-breakpoint: found 6 breakpoint and 4 watchpoint registers.
[    0.197471] ASID allocator initialised with 65536 entries
[    0.224355] HugeTLB registered 1.00 GiB page size, pre-allocated 0 pages
[    0.225412] HugeTLB registered 32.0 MiB page size, pre-allocated 0 pages
[    0.232083] HugeTLB registered 2.00 MiB page size, pre-allocated 0 pages
[    0.238745] HugeTLB registered 64.0 KiB page size, pre-allocated 0 pages
[    1.304361] DRBG: Continuing without Jitter RNG
[    1.382141] raid6: neonx8   gen()  2145 MB/s
[    1.450187] raid6: neonx8   xor()  1600 MB/s
[    1.518246] raid6: neonx4   gen()  2193 MB/s
[    1.586298] raid6: neonx4   xor()  1566 MB/s
[    1.654370] raid6: neonx2   gen()  2075 MB/s
[    1.722414] raid6: neonx2   xor()  1444 MB/s
[    1.790484] raid6: neonx1   gen()  1772 MB/s
[    1.858524] raid6: neonx1   xor()  1220 MB/s
[    1.926580] raid6: int64x8  gen()  1438 MB/s
[    1.994637] raid6: int64x8  xor()   771 MB/s
[    2.062710] raid6: int64x4  gen()  1598 MB/s
[    2.130759] raid6: int64x4  xor()   818 MB/s
[    2.198821] raid6: int64x2  gen()  1397 MB/s
[    2.266874] raid6: int64x2  xor()   750 MB/s
[    2.334962] raid6: int64x1  gen()  1034 MB/s
[    2.403012] raid6: int64x1  xor()   517 MB/s
[    2.403051] raid6: using algorithm neonx4 gen() 2193 MB/s
[    2.407004] raid6: .... xor() 1566 MB/s, rmw enabled
[    2.411935] raid6: using neon recovery algorithm
[    2.416948] iommu: Default domain type: Translated 
[    2.421561] SCSI subsystem initialized
[    2.425103] libata version 3.00 loaded.
[    2.425227] usbcore: registered new interface driver usbfs
[    2.430558] usbcore: registered new interface driver hub
[    2.435834] usbcore: registered new device driver usb
[    2.440967] mc: Linux media interface: v0.10
[    2.445083] videodev: Linux video capture interface: v2.00
[    2.450574] EDAC MC: Ver: 3.0.0
[    2.454011] zynqmp-ipi-mbox mailbox@ff990400: Registered ZynqMP IPI mbox with TX/RX channels.
[    2.462518] jesd204: created con: id=0, topo=0, link=0, /axi/spi@ff050000/hmc7044@0 <-> /fpga-axi@0/axi-adxcvr-tx@84b60000
[    2.473103] jesd204: created con: id=1, topo=0, link=2, /axi/spi@ff050000/hmc7044@0 <-> /fpga-axi@0/axi-adxcvr-rx@84a60000
[    2.484088] jesd204: created con: id=2, topo=0, link=0, /fpga-axi@0/axi-adxcvr-tx@84b60000 <-> /fpga-axi@0/axi-jesd204-tx@84b90000
[    2.495763] jesd204: created con: id=3, topo=0, link=2, /fpga-axi@0/axi-adxcvr-rx@84a60000 <-> /fpga-axi@0/axi-jesd204-rx@84a90000
[    2.507440] jesd204: created con: id=4, topo=0, link=0, /fpga-axi@0/axi-jesd204-tx@84b90000 <-> /fpga-axi@0/axi-ad9081-tx-hpc@84b10000
[    2.519468] jesd204: created con: id=5, topo=0, link=2, /fpga-axi@0/axi-jesd204-rx@84a90000 <-> /fpga-axi@0/axi-ad9081-rx-hpc@84a10000
[    2.531490] jesd204: created con: id=6, topo=0, link=2, /fpga-axi@0/axi-ad9081-rx-hpc@84a10000 <-> /axi/spi@ff040000/ad9081@0
[    2.542732] jesd204: created con: id=7, topo=0, link=0, /fpga-axi@0/axi-ad9081-tx-hpc@84b10000 <-> /axi/spi@ff040000/ad9081@0
[    2.553981] jesd204: /axi/spi@ff040000/ad9081@0: JESD204[2] transition uninitialized -> initialized
[    2.562968] jesd204: /axi/spi@ff040000/ad9081@0: JESD204[0] transition uninitialized -> initialized
[    2.571960] jesd204: found 8 devices and 1 topologies
[    2.577006] FPGA manager framework
[    2.580479] Advanced Linux Sound Architecture Driver Initialized.
[    2.586774] Bluetooth: Core ver 2.22
[    2.589963] NET: Registered protocol family 31
[    2.594364] Bluetooth: HCI device and connection manager initialized
[    2.600681] Bluetooth: HCI socket layer initialized
[    2.605523] Bluetooth: L2CAP socket layer initialized
[    2.610547] Bluetooth: SCO socket layer initialized
[    2.615733] clocksource: Switched to clocksource arch_sys_counter
[    2.621536] VFS: Disk quotas dquot_6.6.0
[    2.625374] VFS: Dquot-cache hash table entries: 512 (order 0, 4096 bytes)
[    2.636084] NET: Registered protocol family 2
[    2.636819] tcp_listen_portaddr_hash hash table entries: 2048 (order: 3, 32768 bytes, linear)
[    2.645014] TCP established hash table entries: 32768 (order: 6, 262144 bytes, linear)
[    2.653039] TCP bind hash table entries: 32768 (order: 7, 524288 bytes, linear)
[    2.660483] TCP: Hash tables configured (established 32768 bind 32768)
[    2.666660] UDP hash table entries: 2048 (order: 4, 65536 bytes, linear)
[    2.673325] UDP-Lite hash table entries: 2048 (order: 4, 65536 bytes, linear)
[    2.680485] NET: Registered protocol family 1
[    2.684960] RPC: Registered named UNIX socket transport module.
[    2.690560] RPC: Registered udp transport module.
[    2.695226] RPC: Registered tcp transport module.
[    2.699896] RPC: Registered tcp NFSv4.1 backchannel transport module.
[    2.706883] PCI: CLS 0 bytes, default 64
[    2.710585] hw perfevents: no interrupt-affinity property for /pmu, guessing.
[    2.717449] hw perfevents: enabled with armv8_pmuv3 PMU driver, 7 counters available
[    2.725791] Initialise system trusted keyrings
[    2.729472] workingset: timestamp_bits=62 max_order=20 bucket_order=0
[    2.736374] NFS: Registering the id_resolver key type
[    2.740824] Key type id_resolver registered
[    2.744962] Key type id_legacy registered
[    2.748954] nfs4filelayout_init: NFSv4 File Layout Driver Registering...
[    2.755619] jffs2: version 2.2. (NAND) (SUMMARY)  Â© 2001-2006 Red Hat, Inc.
[    2.798524] NET: Registered protocol family 38
[    2.798566] xor: measuring software checksum speed
[    2.806254]    8regs           :  2363 MB/sec
[    2.809922]    32regs          :  2799 MB/sec
[    2.814865]    arm64_neon      :  2380 MB/sec
[    2.815055] xor: using function: 32regs (2799 MB/sec)
[    2.820082] Key type asymmetric registered
[    2.824142] Asymmetric key parser 'x509' registered
[    2.829004] Block layer SCSI generic (bsg) driver version 0.4 loaded (major 248)
[    2.836340] io scheduler mq-deadline registered
[    2.840836] io scheduler kyber registered
[    2.870298] Serial: 8250/16550 driver, 4 ports, IRQ sharing disabled
[    2.874939] cacheinfo: Unable to detect cache hierarchy for CPU 0
[    2.881281] brd: module loaded
[    2.885444] loop: module loaded
[    2.885989] Registered mathworks_ip class
[    2.889320] libphy: Fixed MDIO Bus: probed
[    2.892275] tun: Universal TUN/TAP device driver, 1.6
[    2.896350] CAN device driver interface
[    2.900878] usbcore: registered new interface driver asix
[    2.905481] usbcore: registered new interface driver ax88179_178a
[    2.911513] usbcore: registered new interface driver cdc_ether
[    2.917308] usbcore: registered new interface driver net1080
[    2.922927] usbcore: registered new interface driver cdc_subset
[    2.928808] usbcore: registered new interface driver zaurus
[    2.934357] usbcore: registered new interface driver cdc_ncm
[    2.940759] ehci_hcd: USB 2.0 'Enhanced' Host Controller (EHCI) Driver
[    2.946438] ehci-pci: EHCI PCI platform driver
[    2.951228] usbcore: registered new interface driver uas
[    2.956157] usbcore: registered new interface driver usb-storage
[    2.962145] usbcore: registered new interface driver usbserial_generic
[    2.968596] usbserial: USB Serial support registered for generic
[    2.974567] usbcore: registered new interface driver ftdi_sio
[    2.980270] usbserial: USB Serial support registered for FTDI USB Serial Device
[    2.987544] usbcore: registered new interface driver upd78f0730
[    2.993417] usbserial: USB Serial support registered for upd78f0730
[    3.001086] rtc_zynqmp ffa60000.rtc: registered as rtc0
[    3.004843] rtc_zynqmp ffa60000.rtc: setting system clock to 2022-03-26T02:44:34 UTC (1648262674)
[    3.013705] i2c /dev entries driver
[    3.019012] usbcore: registered new interface driver uvcvideo
[    3.022818] USB Video Class driver (1.1.1)
[    3.028404] Bluetooth: HCI UART driver ver 2.3
[    3.031289] Bluetooth: HCI UART protocol H4 registered
[    3.036399] Bluetooth: HCI UART protocol BCSP registered
[    3.041688] Bluetooth: HCI UART protocol LL registered
[    3.046776] Bluetooth: HCI UART protocol ATH3K registered
[    3.052151] Bluetooth: HCI UART protocol Three-wire (H5) registered
[    3.058408] Bluetooth: HCI UART protocol Intel registered
[    3.063744] Bluetooth: HCI UART protocol QCA registered
[    3.068943] usbcore: registered new interface driver bcm203x
[    3.074565] usbcore: registered new interface driver bpa10x
[    3.080105] usbcore: registered new interface driver bfusb
[    3.085550] usbcore: registered new interface driver btusb
[    3.091015] usbcore: registered new interface driver ath3k
[    3.096497] EDAC MC: ECC not enabled
[    3.100123] EDAC DEVICE0: Giving out device to module zynqmp-ocm-edac controller zynqmp_ocm: DEV ff960000.memory-controller (INTERRUPT)
[    3.112436] sdhci: Secure Digital Host Controller Interface driver
[    3.118226] sdhci: Copyright(c) Pierre Ossman
[    3.122555] sdhci-pltfm: SDHCI platform and OF driver helper
[    3.128604] ledtrig-cpu: registered to indicate activity on CPUs
[    3.134155] SMCCC: SOC_ID: ARCH_SOC_ID not implemented, skipping ....
[    3.140586] zynqmp_firmware_probe Platform Management API v1.1
[    3.146342] zynqmp_firmware_probe Trustzone version v1.0
[    3.185888] zynqmp-pinctrl firmware:zynqmp-firmware:pinctrl: zynqmp pinctrl initialized
[    3.233792] zynqmp-aes firmware:zynqmp-firmware:zynqmp-aes: will run requests pump with realtime priority
[    3.249553] alg: No test for xilinx-keccak-384 (zynqmp-keccak-384)
[    3.250252] alg: No test for xilinx-zynqmp-rsa (zynqmp-rsa)
[    3.255779] usbcore: registered new interface driver usbhid
[    3.261158] usbhid: USB HID core driver
[    3.272389] axi_sysid 85000000.axi-sysid-0: AXI System ID core version (1.01.a) found
[    3.274733] axi_sysid 85000000.axi-sysid-0: [ad9081_fmca_ebz] on [zcu102] git branch <master> git <084d44c9780640ca93fd847b1d9ec70dd65f5c67> clean [2022-03-18 04:17:50] UTC
[    3.290422] fpga_manager fpga0: Xilinx ZynqMP FPGA Manager registered
[    3.296790] usbcore: registered new interface driver snd-usb-audio
[    3.304222] pktgen: Packet Generator for packet performance testing. Version: 2.75
[    3.310401] Initializing XFRM netlink socket
[    3.314258] NET: Registered protocol family 10
[    3.319002] Segment Routing with IPv6
[    3.322354] sit: IPv6, IPv4 and MPLS over IPv4 tunneling driver
[    3.328430] NET: Registered protocol family 17
[    3.332536] NET: Registered protocol family 15
[    3.337028] can: controller area network core
[    3.341287] NET: Registered protocol family 29
[    3.345674] can: raw protocol
[    3.348611] can: broadcast manager protocol
[    3.352766] can: netlink gateway - max_hops=1
[    3.357165] Bluetooth: RFCOMM TTY layer initialized
[    3.361939] Bluetooth: RFCOMM socket layer initialized
[    3.367050] Bluetooth: RFCOMM ver 1.11
[    3.370758] Bluetooth: BNEP (Ethernet Emulation) ver 1.3
[    3.376029] Bluetooth: BNEP filters: protocol multicast
[    3.381223] Bluetooth: BNEP socket layer initialized
[    3.386150] Bluetooth: HIDP (Human Interface Emulation) ver 1.2
[    3.392034] Bluetooth: HIDP socket layer initialized
[    3.397090] 9pnet: Installing 9P2000 support
[    3.401212] NET: Registered protocol family 36
[    3.405628] Key type dns_resolver registered
[    3.410061] registered taskstats version 1
[    3.413923] Loading compiled-in X.509 certificates
[    3.419046] Btrfs loaded, crc32c=crc32c-generic
[    3.431433] ff000000.serial: ttyPS0 at MMIO 0xff000000 (irq = 49, base_baud = 6249999) is a xuartps
[    3.440459] printk: console [ttyPS0] enabled
[    3.444755] printk: bootconsole [cdns0] disabled
[    3.454381] ff010000.serial: ttyPS1 at MMIO 0xff010000 (irq = 50, base_baud = 6249999) is a xuartps
[    3.467633] of-fpga-region fpga-full: FPGA Region probed
[    3.474585] nwl-pcie fd0e0000.pcie: host bridge /axi/pcie@fd0e0000 ranges:
[    3.481483] nwl-pcie fd0e0000.pcie:      MEM 0x00e0000000..0x00efffffff -> 0x00e0000000
[    3.489491] nwl-pcie fd0e0000.pcie:      MEM 0x0600000000..0x07ffffffff -> 0x0600000000
[    3.497556] nwl-pcie fd0e0000.pcie: Link is DOWN
[    3.502316] nwl-pcie fd0e0000.pcie: PCI host bridge to bus 0000:00
[    3.508491] pci_bus 0000:00: root bus resource [bus 00-ff]
[    3.513972] pci_bus 0000:00: root bus resource [mem 0xe0000000-0xefffffff]
[    3.520843] pci_bus 0000:00: root bus resource [mem 0x600000000-0x7ffffffff pref]
[    3.528346] pci 0000:00:00.0: [10ee:d021] type 01 class 0x060400
[    3.534404] pci 0000:00:00.0: PME# supported from D0 D1 D2 D3hot
[    3.544840] pci 0000:00:00.0: PCI bridge to [bus 01-0c]
[    3.550820] xilinx-zynqmp-dma fd500000.dma: ZynqMP DMA driver Probe success
[    3.557990] xilinx-zynqmp-dma fd510000.dma: ZynqMP DMA driver Probe success
[    3.565157] xilinx-zynqmp-dma fd520000.dma: ZynqMP DMA driver Probe success
[    3.572328] xilinx-zynqmp-dma fd530000.dma: ZynqMP DMA driver Probe success
[    3.579493] xilinx-zynqmp-dma fd540000.dma: ZynqMP DMA driver Probe success
[    3.586663] xilinx-zynqmp-dma fd550000.dma: ZynqMP DMA driver Probe success
[    3.593832] xilinx-zynqmp-dma fd560000.dma: ZynqMP DMA driver Probe success
[    3.600999] xilinx-zynqmp-dma fd570000.dma: ZynqMP DMA driver Probe success
[    3.608404] xilinx-zynqmp-dpdma fd4c0000.dma-controller: Xilinx DPDMA engine is probed
[    3.616963] ahci-ceva fd0c0000.ahci: supply ahci not found, using dummy regulator
[    3.624505] ahci-ceva fd0c0000.ahci: supply phy not found, using dummy regulator
[    3.711914] hmc7044 spi2.0: PLL1: Acquisition, CLKIN0 @ 122880000 Hz, PFD: 80 kHz - PLL2: Locked @ 2808.000000 MHz
[    3.722633] jesd204: /axi/spi@ff050000/hmc7044@0,jesd204:1,parent=spi2.0: Using as SYSREF provider
[    3.732223] spi-nor spi0.0: SPI-NOR-UniqueID 100000235394732200270025081115266e
[    3.739527] spi-nor spi0.0: found n25q512a, expected m25p80
[    3.745716] spi-nor spi0.0: trying to lock already unlocked area
[    3.751719] spi-nor spi0.0: n25q512a (131072 Kbytes)
[    3.756698] 4 fixed-partitions partitions found on MTD device spi0.0
[    3.763043] Creating 4 MTD partitions on "spi0.0":
[    3.767828] 0x000000000000-0x000000100000 : "qspi-fsbl-uboot"
[    3.774310] 0x000000100000-0x000000600000 : "qspi-linux"
[    3.780265] 0x000000600000-0x000000620000 : "qspi-device-tree"
[    3.786737] 0x000000620000-0x000000c00000 : "qspi-rootfs"
[    3.795217] macb ff0e0000.ethernet: Not enabling partial store and forward
[    3.802737] libphy: MACB_mii_bus: probed
[    3.807796] macb ff0e0000.ethernet eth0: Cadence GEM rev 0x50070106 at 0xff0e0000 irq 30 (00:0a:35:04:8e:1b)
[    3.818010] xilinx-axipmon ffa00000.perf-monitor: Probed Xilinx APM
[    3.824587] xilinx-axipmon fd0b0000.perf-monitor: Probed Xilinx APM
[    3.831098] xilinx-axipmon fd490000.perf-monitor: Probed Xilinx APM
[    3.837641] xilinx-axipmon ffa10000.perf-monitor: Probed Xilinx APM
[    3.847618] pca953x 0-0020: supply vcc not found, using dummy regulator
[    3.854300] pca953x 0-0020: using no AI
[    3.858789] gpio-496 (sel0): hogged as output/low
[    3.863691] gpio-497 (sel1): hogged as output/high
[    3.868675] gpio-498 (sel2): hogged as output/high
[    3.873666] gpio-499 (sel3): hogged as output/high
[    3.878847] pca953x 0-0021: supply vcc not found, using dummy regulator
[    3.885519] pca953x 0-0021: using no AI
[    3.891281] ina2xx 2-0040: power monitor ina226 (Rshunt = 5000 uOhm)
[    3.898309] ina2xx 2-0041: power monitor ina226 (Rshunt = 5000 uOhm)
[    3.905353] ina2xx 2-0042: power monitor ina226 (Rshunt = 5000 uOhm)
[    3.912384] ina2xx 2-0043: power monitor ina226 (Rshunt = 5000 uOhm)
[    3.919407] ina2xx 2-0044: power monitor ina226 (Rshunt = 5000 uOhm)
[    3.926423] ina2xx 2-0045: power monitor ina226 (Rshunt = 5000 uOhm)
[    3.933457] ina2xx 2-0046: power monitor ina226 (Rshunt = 5000 uOhm)
[    3.940528] ina2xx 2-0047: power monitor ina226 (Rshunt = 5000 uOhm)
[    3.947558] ina2xx 2-004a: power monitor ina226 (Rshunt = 5000 uOhm)
[    3.954593] ina2xx 2-004b: power monitor ina226 (Rshunt = 5000 uOhm)
[    3.960999] i2c i2c-0: Added multiplexed i2c bus 2
[    3.966383] random: fast init done
[    3.969850] ina2xx 3-0040: power monitor ina226 (Rshunt = 2000 uOhm)
[    3.976880] ina2xx 3-0041: power monitor ina226 (Rshunt = 5000 uOhm)
[    3.983911] ina2xx 3-0042: power monitor ina226 (Rshunt = 5000 uOhm)
[    3.990941] ina2xx 3-0043: power monitor ina226 (Rshunt = 5000 uOhm)
[    3.997972] ina2xx 3-0044: power monitor ina226 (Rshunt = 5000 uOhm)
[    4.005001] ina2xx 3-0045: power monitor ina226 (Rshunt = 5000 uOhm)
[    4.012029] ina2xx 3-0046: power monitor ina226 (Rshunt = 5000 uOhm)
[    4.019057] ina2xx 3-0047: power monitor ina226 (Rshunt = 5000 uOhm)
[    4.025459] i2c i2c-0: Added multiplexed i2c bus 3
[    4.081058] i2c i2c-0: Added multiplexed i2c bus 4
[    4.086003] i2c i2c-0: Added multiplexed i2c bus 5
[    4.090798] pca954x 0-0075: registered 4 multiplexed busses for I2C mux pca9544
[    4.098147] cdns-i2c ff020000.i2c: 400 kHz mmio ff020000 irq 32
[    4.105884] at24 6-0054: supply vcc not found, using dummy regulator
[    4.112773] at24 6-0054: 1024 byte 24c08 EEPROM, writable, 1 bytes/write
[    4.119524] i2c i2c-1: Added multiplexed i2c bus 6
[    4.125951] si5341 7-0036: Chip: 5341 Grade: 1 Rev: 1
[    4.163657] i2c i2c-1: Added multiplexed i2c bus 7
[    4.171311] si570 8-005d: registered, current frequency 300000000 Hz
[    4.177719] i2c i2c-1: Added multiplexed i2c bus 8
[    4.197496] si570 9-005d: registered, current frequency 148500000 Hz
[    4.203895] i2c i2c-1: Added multiplexed i2c bus 9
[    4.208933] si5324 10-0069: si5328 probed
[    4.276097] si5324 10-0069: si5328 probe successful
[    4.281029] i2c i2c-1: Added multiplexed i2c bus 10
[    4.286055] i2c i2c-1: Added multiplexed i2c bus 11
[    4.291085] i2c i2c-1: Added multiplexed i2c bus 12
[    4.296102] i2c i2c-1: Added multiplexed i2c bus 13
[    4.300975] pca954x 1-0074: registered 8 multiplexed busses for I2C switch pca9548
[    4.309098] at24 14-0050: supply vcc not found, using dummy regulator
[    4.315887] at24 14-0050: 256 byte 24c02 EEPROM, writable, 1 bytes/write
[    4.322637] i2c i2c-1: Added multiplexed i2c bus 14
[    4.327675] i2c i2c-1: Added multiplexed i2c bus 15
[    4.332712] i2c i2c-1: Added multiplexed i2c bus 16
[    4.337742] i2c i2c-1: Added multiplexed i2c bus 17
[    4.342778] i2c i2c-1: Added multiplexed i2c bus 18
[    4.347829] i2c i2c-1: Added multiplexed i2c bus 19
[    4.352865] i2c i2c-1: Added multiplexed i2c bus 20
[    4.357903] i2c i2c-1: Added multiplexed i2c bus 21
[    4.362776] pca954x 1-0075: registered 8 multiplexed busses for I2C switch pca9548
[    4.370385] cdns-i2c ff030000.i2c: 400 kHz mmio ff030000 irq 33
[    4.380129] cdns-wdt fd4d0000.watchdog: Xilinx Watchdog Timer with timeout 60s
[    4.390916] axi_adxcvr 84a60000.axi-adxcvr-rx: AXI-ADXCVR-RX (17.05.a) using CPLL on GTH4 at 0x84A60000. Number of lanes: 4.
[    4.403074] axi_adxcvr 84b60000.axi-adxcvr-tx: AXI-ADXCVR-TX (17.05.a) using QPLL on GTH4 at 0x84B60000. Number of lanes: 4.
[    4.414701] axi-jesd204-rx 84a90000.axi-jesd204-rx: AXI-JESD204-RX (1.07.a) at 0x84A90000. Encoder 8b10b, width 4/4, lanes 4, jesd204-fsm.
[    4.422211] mmc0: SDHCI controller on ff170000.mmc [ff170000.mmc] using ADMA 64-bit
[    4.427540] axi-jesd204-tx 84b90000.axi-jesd204-tx: AXI-JESD204-TX (1.06.a) at 0x84B90000. Encoder 8b10b, width 4/4, lanes 4, jesd204-fsm.
[    4.448268] zynqmp-display fd4a0000.display: vtc bridge property not present
[    4.457917] xilinx-dp-snd-codec fd4a0000.display:zynqmp_dp_snd_codec0: Failed to get required clock freq
[    4.467420] xilinx-dp-snd-codec: probe of fd4a0000.display:zynqmp_dp_snd_codec0 failed with error -22
[    4.469675] mmc0: new high speed SDHC card at address 0001
[    4.476961] xilinx-dp-snd-pcm zynqmp_dp_snd_pcm0: Xilinx DisplayPort Sound PCM probed
[    4.482481] mmcblk0: mmc0:0001 EB1QT 29.8 GiB 
[    4.490284] xilinx-dp-snd-pcm zynqmp_dp_snd_pcm1: Xilinx DisplayPort Sound PCM probed
[    4.495631]  mmcblk0: p1 p2 p3
[    4.502581] OF: graph: no port node found in /axi/display@fd4a0000
[    4.511670] xlnx-drm xlnx-drm.0: bound fd4a0000.display (ops 0xffffffc010fcbdb8)
[    5.595754] zynqmp-display fd4a0000.display: [drm] Cannot find any crtc or sizes
[    5.603371] [drm] Initialized xlnx 1.0.0 20130509 for fd4a0000.display on minor 0
[    5.610867] zynqmp-display fd4a0000.display: ZynqMP DisplayPort Subsystem driver probed
[    5.619192] ahci-ceva fd0c0000.ahci: supply ahci not found, using dummy regulator
[    5.626738] ahci-ceva fd0c0000.ahci: supply phy not found, using dummy regulator
[    5.634197] ahci-ceva fd0c0000.ahci: supply target not found, using dummy regulator
[    5.642032] ahci-ceva fd0c0000.ahci: AHCI 0001.0301 32 slots 2 ports 6 Gbps 0x3 impl platform mode
[    5.650990] ahci-ceva fd0c0000.ahci: flags: 64bit ncq sntf pm clo only pmp fbs pio slum part ccc sds apst 
[    5.661687] scsi host0: ahci-ceva
[    5.665275] scsi host1: ahci-ceva
[    5.668703] ata1: SATA max UDMA/133 mmio [mem 0xfd0c0000-0xfd0c1fff] port 0x100 irq 45
[    5.676613] ata2: SATA max UDMA/133 mmio [mem 0xfd0c0000-0xfd0c1fff] port 0x180 irq 45
[    5.685213] ad9081 spi1.0: supply vdd not found, using dummy regulator
[    5.997988] ata1: SATA link down (SStatus 0 SControl 330)
[    6.003397] ata2: SATA link down (SStatus 0 SControl 330)
[    6.679755] zynqmp-display fd4a0000.display: [drm] Cannot find any crtc or sizes
[    7.544592] ad9081 spi1.0: AD9081 Rev. 2 Grade 10 (API 1.2.2) probed
[    7.551806] xhci-hcd xhci-hcd.1.auto: xHCI Host Controller
[    7.557302] xhci-hcd xhci-hcd.1.auto: new USB bus registered, assigned bus number 1
[    7.565051] xhci-hcd xhci-hcd.1.auto: hcc params 0x0238f625 hci version 0x100 quirks 0x0000000002010810
[    7.574461] xhci-hcd xhci-hcd.1.auto: irq 59, io mem 0xfe200000
[    7.580570] usb usb1: New USB device found, idVendor=1d6b, idProduct=0002, bcdDevice= 5.10
[    7.588829] usb usb1: New USB device strings: Mfr=3, Product=2, SerialNumber=1
[    7.596046] usb usb1: Product: xHCI Host Controller
[    7.600914] usb usb1: Manufacturer: Linux 5.10.0-98103-g2aa7ac113716 xhci-hcd
[    7.608041] usb usb1: SerialNumber: xhci-hcd.1.auto
[    7.613205] hub 1-0:1.0: USB hub found
[    7.616968] hub 1-0:1.0: 1 port detected
[    7.621072] xhci-hcd xhci-hcd.1.auto: xHCI Host Controller
[    7.626561] xhci-hcd xhci-hcd.1.auto: new USB bus registered, assigned bus number 2
[    7.634214] xhci-hcd xhci-hcd.1.auto: Host supports USB 3.0 SuperSpeed
[    7.640843] usb usb2: New USB device found, idVendor=1d6b, idProduct=0003, bcdDevice= 5.10
[    7.649101] usb usb2: New USB device strings: Mfr=3, Product=2, SerialNumber=1
[    7.656324] usb usb2: Product: xHCI Host Controller
[    7.661197] usb usb2: Manufacturer: Linux 5.10.0-98103-g2aa7ac113716 xhci-hcd
[    7.668323] usb usb2: SerialNumber: xhci-hcd.1.auto
[    7.673431] hub 2-0:1.0: USB hub found
[    7.677196] hub 2-0:1.0: 1 port detected
[    7.707224] cf_axi_adc 84a10000.axi-ad9081-rx-hpc: ADI AIM (10.01.b) at 0x84A10000 mapped to 0x(____ptrval____), probed ADC AD9081 as MASTER
[    7.740587] cf_axi_dds 84b10000.axi-ad9081-tx-hpc: Analog Devices CF_AXI_DDS_DDS MASTER (9.01.b) at 0x84B10000 mapped to 0x(____ptrval____), probed DDS AD9081
[    7.754793] jesd204: /axi/spi@ff040000/ad9081@0,jesd204:0,parent=spi1.0: JESD204[2] transition initialized -> probed
[    7.765314] jesd204: /axi/spi@ff040000/ad9081@0,jesd204:0,parent=spi1.0: JESD204[0] transition initialized -> probed
[    7.775837] jesd204: /axi/spi@ff040000/ad9081@0,jesd204:0,parent=spi1.0: JESD204[2] transition probed -> idle
[    7.785745] jesd204: /axi/spi@ff040000/ad9081@0,jesd204:0,parent=spi1.0: JESD204[0] transition probed -> idle
[    7.795659] jesd204: /axi/spi@ff040000/ad9081@0,jesd204:0,parent=spi1.0: JESD204[2] transition idle -> device_init
[    7.806002] jesd204: /axi/spi@ff040000/ad9081@0,jesd204:0,parent=spi1.0: JESD204[0] transition idle -> device_init
[    7.816355] jesd204: /axi/spi@ff040000/ad9081@0,jesd204:0,parent=spi1.0: JESD204[2] transition device_init -> link_init
[    7.827129] jesd204: /axi/spi@ff040000/ad9081@0,jesd204:0,parent=spi1.0: JESD204[0] transition device_init -> link_init
[    7.837921] jesd204: /axi/spi@ff040000/ad9081@0,jesd204:0,parent=spi1.0: JESD204[2] transition link_init -> link_supported
[    7.848959] jesd204: /axi/spi@ff040000/ad9081@0,jesd204:0,parent=spi1.0: JESD204[0] transition link_init -> link_supported
[    7.860377] hmc7044 spi2.0: hmc7044_jesd204_link_pre_setup: Link2 forcing continuous SYSREF mode
[    7.869316] axi-jesd204-rx 84a90000.axi-jesd204-rx: axi_jesd204_rx_jesd204_link_pre_setup: Link2 set lane rate 14040000 kHz failed (-22)
[    7.881573] jesd204: /fpga-axi@0/axi-jesd204-rx@84a90000,jesd204:4,parent=84a90000.axi-jesd204-rx: JESD204[2] In link_pre_setup got error from cb: -22
[    7.895042] jesd204: /axi/spi@ff040000/ad9081@0,jesd204:0,parent=spi1.0: Rolling back from 'link_supported', got error -22
[    7.906093] jesd204: /axi/spi@ff040000/ad9081@0,jesd204:0,parent=spi1.0: JESD204[0] transition link_supported -> link_pre_setup
[    7.917566] jesd204: /axi/spi@ff040000/ad9081@0,jesd204:0,parent=spi1.0: JESD204[2] transition link_supported -> link_pre_setup
[    7.929044] jesd204: /axi/spi@ff040000/ad9081@0,jesd204:0,parent=spi1.0: JESD204[0] transition link_pre_setup -> link_supported
[    7.940517] jesd204: /axi/spi@ff040000/ad9081@0,jesd204:0,parent=spi1.0: JESD204[2] transition link_pre_setup -> link_supported
[    7.951994] jesd204: /axi/spi@ff040000/ad9081@0,jesd204:0,parent=spi1.0: JESD204[0] transition link_supported -> link_init
[    7.963031] jesd204: /axi/spi@ff040000/ad9081@0,jesd204:0,parent=spi1.0: JESD204[2] transition link_supported -> link_init
[    7.974078] jesd204: /axi/spi@ff040000/ad9081@0,jesd204:0,parent=spi1.0: JESD204[0] transition link_init -> device_init
[    7.984858] jesd204: /axi/spi@ff040000/ad9081@0,jesd204:0,parent=spi1.0: JESD204[2] transition link_init -> device_init
[    7.995637] jesd204: /axi/spi@ff040000/ad9081@0,jesd204:0,parent=spi1.0: JESD204[0] transition device_init -> idle
[    8.005980] jesd204: /axi/spi@ff040000/ad9081@0,jesd204:0,parent=spi1.0: JESD204[2] transition device_init -> idle
[    8.016331] jesd204: /axi/spi@ff040000/ad9081@0,jesd204:0,parent=spi1.0: JESD204[2] transition idle -> idle
[    8.026067] jesd204: /axi/spi@ff040000/ad9081@0,jesd204:0,parent=spi1.0: JESD204[0] transition idle -> idle
[    8.035813] jesd204: /axi/spi@ff040000/ad9081@0,jesd204:0,parent=spi1.0: JESD204[2] transition idle -> device_init
[    8.046160] jesd204: /axi/spi@ff040000/ad9081@0,jesd204:0,parent=spi1.0: JESD204[0] transition idle -> device_init
[    8.056510] jesd204: /axi/spi@ff040000/ad9081@0,jesd204:0,parent=spi1.0: JESD204[2] transition device_init -> link_init
[    8.067288] jesd204: /axi/spi@ff040000/ad9081@0,jesd204:0,parent=spi1.0: JESD204[0] transition device_init -> link_init
[    8.078076] jesd204: /axi/spi@ff040000/ad9081@0,jesd204:0,parent=spi1.0: JESD204[2] transition link_init -> link_supported
[    8.089118] jesd204: /axi/spi@ff040000/ad9081@0,jesd204:0,parent=spi1.0: JESD204[0] transition link_init -> link_supported
[    8.100341] axi-jesd204-rx 84a90000.axi-jesd204-rx: axi_jesd204_rx_jesd204_link_pre_setup: Link2 set lane rate 14040000 kHz failed (-22)
[    8.112606] jesd204: /fpga-axi@0/axi-jesd204-rx@84a90000,jesd204:4,parent=84a90000.axi-jesd204-rx: JESD204[2] In link_pre_setup got error from cb: -22
[    8.126078] jesd204: /axi/spi@ff040000/ad9081@0,jesd204:0,parent=spi1.0: Rolling back from 'link_supported', got error -22
[    8.137121] jesd204: /axi/spi@ff040000/ad9081@0,jesd204:0,parent=spi1.0: JESD204[0] transition link_supported -> link_pre_setup
[    8.148592] jesd204: /axi/spi@ff040000/ad9081@0,jesd204:0,parent=spi1.0: JESD204[2] transition link_supported -> link_pre_setup
[    8.160071] jesd204: /axi/spi@ff040000/ad9081@0,jesd204:0,parent=spi1.0: JESD204[0] transition link_pre_setup -> link_supported
[    8.171542] jesd204: /axi/spi@ff040000/ad9081@0,jesd204:0,parent=spi1.0: JESD204[2] transition link_pre_setup -> link_supported
[    8.183020] jesd204: /axi/spi@ff040000/ad9081@0,jesd204:0,parent=spi1.0: JESD204[0] transition link_supported -> link_init
[    8.194058] jesd204: /axi/spi@ff040000/ad9081@0,jesd204:0,parent=spi1.0: JESD204[2] transition link_supported -> link_init
[    8.205105] jesd204: /axi/spi@ff040000/ad9081@0,jesd204:0,parent=spi1.0: JESD204[0] transition link_init -> device_init
[    8.215880] jesd204: /axi/spi@ff040000/ad9081@0,jesd204:0,parent=spi1.0: JESD204[2] transition link_init -> device_init
[    8.226663] jesd204: /axi/spi@ff040000/ad9081@0,jesd204:0,parent=spi1.0: JESD204[0] transition device_init -> idle
[    8.237012] jesd204: /axi/spi@ff040000/ad9081@0,jesd204:0,parent=spi1.0: JESD204[2] transition device_init -> idle
[    8.247358] jesd204: /axi/spi@ff040000/ad9081@0,jesd204:0,parent=spi1.0: JESD204[2] transition idle -> idle
[    8.257093] jesd204: /axi/spi@ff040000/ad9081@0,jesd204:0,parent=spi1.0: JESD204[0] transition idle -> idle
[    8.266835] jesd204: /axi/spi@ff040000/ad9081@0,jesd204:0,parent=spi1.0: JESD204[2] transition idle -> device_init
[    8.277178] jesd204: /axi/spi@ff040000/ad9081@0,jesd204:0,parent=spi1.0: JESD204[0] transition idle -> device_init
[    8.287528] jesd204: /axi/spi@ff040000/ad9081@0,jesd204:0,parent=spi1.0: JESD204[2] transition device_init -> link_init
[    8.298306] jesd204: /axi/spi@ff040000/ad9081@0,jesd204:0,parent=spi1.0: JESD204[0] transition device_init -> link_init
[    8.309094] jesd204: /axi/spi@ff040000/ad9081@0,jesd204:0,parent=spi1.0: JESD204[2] transition link_init -> link_supported
[    8.320136] jesd204: /axi/spi@ff040000/ad9081@0,jesd204:0,parent=spi1.0: JESD204[0] transition link_init -> link_supported
[    8.331319] axi-jesd204-rx 84a90000.axi-jesd204-rx: axi_jesd204_rx_jesd204_link_pre_setup: Link2 set lane rate 14040000 kHz failed (-22)
[    8.343576] jesd204: /fpga-axi@0/axi-jesd204-rx@84a90000,jesd204:4,parent=84a90000.axi-jesd204-rx: JESD204[2] In link_pre_setup got error from cb: -22
[    8.357043] jesd204: /axi/spi@ff040000/ad9081@0,jesd204:0,parent=spi1.0: Rolling back from 'link_supported', got error -22
[    8.368091] jesd204: /axi/spi@ff040000/ad9081@0,jesd204:0,parent=spi1.0: JESD204[0] transition link_supported -> link_pre_setup
[    8.379568] jesd204: /axi/spi@ff040000/ad9081@0,jesd204:0,parent=spi1.0: JESD204[2] transition link_supported -> link_pre_setup
[    8.391045] jesd204: /axi/spi@ff040000/ad9081@0,jesd204:0,parent=spi1.0: JESD204[0] transition link_pre_setup -> link_supported
[    8.402517] jesd204: /axi/spi@ff040000/ad9081@0,jesd204:0,parent=spi1.0: JESD204[2] transition link_pre_setup -> link_supported
[    8.413995] jesd204: /axi/spi@ff040000/ad9081@0,jesd204:0,parent=spi1.0: JESD204[0] transition link_supported -> link_init
[    8.425035] jesd204: /axi/spi@ff040000/ad9081@0,jesd204:0,parent=spi1.0: JESD204[2] transition link_supported -> link_init
[    8.436080] jesd204: /axi/spi@ff040000/ad9081@0,jesd204:0,parent=spi1.0: JESD204[0] transition link_init -> device_init
[    8.446856] jesd204: /axi/spi@ff040000/ad9081@0,jesd204:0,parent=spi1.0: JESD204[2] transition link_init -> device_init
[    8.457638] jesd204: /axi/spi@ff040000/ad9081@0,jesd204:0,parent=spi1.0: JESD204[0] transition device_init -> idle
[    8.467982] jesd204: /axi/spi@ff040000/ad9081@0,jesd204:0,parent=spi1.0: JESD204[2] transition device_init -> idle
[    8.478332] jesd204: /axi/spi@ff040000/ad9081@0,jesd204:0,parent=spi1.0: JESD204[2] transition idle -> idle
[    8.488068] jesd204: /axi/spi@ff040000/ad9081@0,jesd204:0,parent=spi1.0: JESD204[0] transition idle -> idle
[    8.497813] jesd204: /axi/spi@ff040000/ad9081@0,jesd204:0,parent=spi1.0: JESD204[2] transition idle -> device_init
[    8.508152] jesd204: /axi/spi@ff040000/ad9081@0,jesd204:0,parent=spi1.0: JESD204[0] transition idle -> device_init
[    8.518503] jesd204: /axi/spi@ff040000/ad9081@0,jesd204:0,parent=spi1.0: JESD204[2] transition device_init -> link_init
[    8.529281] jesd204: /axi/spi@ff040000/ad9081@0,jesd204:0,parent=spi1.0: JESD204[0] transition device_init -> link_init
[    8.540068] jesd204: /axi/spi@ff040000/ad9081@0,jesd204:0,parent=spi1.0: JESD204[2] transition link_init -> link_supported
[    8.551110] jesd204: /axi/spi@ff040000/ad9081@0,jesd204:0,parent=spi1.0: JESD204[0] transition link_init -> link_supported
[    8.562298] axi-jesd204-rx 84a90000.axi-jesd204-rx: axi_jesd204_rx_jesd204_link_pre_setup: Link2 set lane rate 14040000 kHz failed (-22)
[    8.574558] jesd204: /fpga-axi@0/axi-jesd204-rx@84a90000,jesd204:4,parent=84a90000.axi-jesd204-rx: JESD204[2] In link_pre_setup got error from cb: -22
[    8.588027] jesd204: /axi/spi@ff040000/ad9081@0,jesd204:0,parent=spi1.0: Rolling back from 'link_supported', got error -22
[    8.599071] jesd204: /axi/spi@ff040000/ad9081@0,jesd204:0,parent=spi1.0: JESD204[0] transition link_supported -> link_pre_setup
[    8.610542] jesd204: /axi/spi@ff040000/ad9081@0,jesd204:0,parent=spi1.0: JESD204[2] transition link_supported -> link_pre_setup
[    8.622024] jesd204: /axi/spi@ff040000/ad9081@0,jesd204:0,parent=spi1.0: JESD204[0] transition link_pre_setup -> link_supported
[    8.633502] jesd204: /axi/spi@ff040000/ad9081@0,jesd204:0,parent=spi1.0: JESD204[2] transition link_pre_setup -> link_supported
[    8.644978] jesd204: /axi/spi@ff040000/ad9081@0,jesd204:0,parent=spi1.0: JESD204[0] transition link_supported -> link_init
[    8.656017] jesd204: /axi/spi@ff040000/ad9081@0,jesd204:0,parent=spi1.0: JESD204[2] transition link_supported -> link_init
[    8.667063] jesd204: /axi/spi@ff040000/ad9081@0,jesd204:0,parent=spi1.0: JESD204[0] transition link_init -> device_init
[    8.677839] jesd204: /axi/spi@ff040000/ad9081@0,jesd204:0,parent=spi1.0: JESD204[2] transition link_init -> device_init
[    8.688622] jesd204: /axi/spi@ff040000/ad9081@0,jesd204:0,parent=spi1.0: JESD204[0] transition device_init -> idle
[    8.698965] jesd204: /axi/spi@ff040000/ad9081@0,jesd204:0,parent=spi1.0: JESD204[2] transition device_init -> idle
[    8.709312] jesd204: /axi/spi@ff040000/ad9081@0,jesd204:0,parent=spi1.0: FSM completed with error -22
[    8.727743] input: gpio-keys as /devices/platform/gpio-keys/input/input0
[    8.734762] of_cfs_init
[    8.737228] of_cfs_init: OK
[    8.740172] cfg80211: Loading compiled-in X.509 certificates for regulatory database
[    8.878241] cfg80211: Loaded X.509 cert 'sforshee: 00b28ddf47aef9cea7'
[    8.884778] clk: Not disabling unused clocks
[    8.889314] ALSA device list:
[    8.892272]   No soundcards found.
[    8.895932] platform regulatory.0: Direct firmware load for regulatory.db failed with error -2
[    8.904545] cfg80211: failed to load regulatory.db
[    8.919063] EXT4-fs (mmcblk0p2): mounted filesystem with ordered data mode. Opts: (null)
[    8.927184] VFS: Mounted root (ext4 filesystem) on device 179:2.
[    8.940627] devtmpfs: mounted
[    8.944443] Freeing unused kernel memory: 2560K
[    8.955784] Run /sbin/init as init process
[    8.959881]   with arguments:
[    8.959883]     /sbin/init
[    8.959885]   with environment:
[    8.959888]     HOME=/
[    8.959890]     TERM=linux
[    9.528340] systemd[1]: systemd 241 running in system mode. (+PAM +AUDIT +SELINUX +IMA +APPARMOR +SMACK +SYSVINIT +UTMP +LIBCRYPTSETUP +GCRYPT +GNUTLS +ACL +XZ +LZ4 +SECCOMP +BLKID +ELFUTILS +KMOD -IDN2 +IDN -PCRE2 default-hierarchy=hybrid)
[    9.550202] systemd[1]: Detected architecture arm64.
[    9.572452] systemd[1]: Set hostname to <analog>.
[    9.758518] systemd[1]: File /lib/systemd/system/systemd-journald.service:12 configures an IP firewall (IPAddressDeny=any), but the local system does not support BPF/cgroup based firewalling.
[    9.775581] systemd[1]: Proceeding WITHOUT firewalling in effect! (This warning is only shown for the first loaded unit using IP firewalling.)
[    9.940798] systemd[1]: /etc/systemd/system/tof-server.service:1: Assignment outside of section. Ignoring.
[    9.950496] systemd[1]: /etc/systemd/system/tof-server.service:2: Assignment outside of section. Ignoring.
[   10.133169] random: systemd: uninitialized urandom read (16 bytes read)
[   10.147881] random: systemd: uninitialized urandom read (16 bytes read)
[   10.155087] systemd[1]: Created slice system-serial\x2dgetty.slice.
[   10.175811] random: systemd: uninitialized urandom read (16 bytes read)
[   10.182623] systemd[1]: Created slice User and Session Slice.
[   10.203837] systemd[1]: Reached target Slices.
[   10.766525] ------------[ cut here ]------------
[   10.766535] Enabling unprepared \xa0yR\x88\xff\xff\xff
[   10.766587] WARNING: CPU: 2 PID: 132 at drivers/clk/clk.c:1012 clk_core_enable+0xa4/0xc0
[   10.766590] Modules linked in:
[   10.766602] CPU: 2 PID: 132 Comm: kworker/2:1H Not tainted 5.10.0-98103-g2aa7ac113716 #5577
[   10.766604] Hardware name: ZynqMP ZCU102 Rev1.0 (DT)
[   10.766615] Workqueue: kblockd blk_mq_run_work_fn
[   10.766622] pstate: 80000085 (Nzcv daIf -PAN -UAO -TCO BTYPE=--)
[   10.766628] pc : clk_core_enable+0xa4/0xc0
[   10.766634] lr : clk_core_enable+0xa4/0xc0
[   10.766636] sp : ffffffc012b0b2d0
[   10.766639] x29: ffffffc012b0b2d0 x28: ffffff8800330c10 
[   10.766646] x27: ffffff8800330d48 x26: 0000005000000101 
[   10.766653] x25: 000000027bca5ad0 x24: 0000000000000001 
[   10.766659] x23: ffffff88010fcc00 x22: ffffff8801083220 
[   10.766666] x21: ffffff8801520000 x20: ffffff8801520008 
[   10.766672] x19: ffffff8801520008 x18: 0000000000000028 
[   10.766679] x17: 0000000000000002 x16: 0000af1c48493244 
[   10.766685] x15: ffffffffffff9c48 x14: ffffffc011d3b1a0 
[   10.766692] x13: ffffffc011d3b1c8 x12: 0000000000000672 
[   10.766699] x11: 0000000000000226 x10: ffffffc011d671c8 
[   10.766705] x9 : 00000000fffff800 x8 : ffffffc011d3b1c8 
[   10.766711] x7 : ffffffc011d671c8 x6 : 0000000000000001 
[   10.766718] x5 : ffffff887f7929e0 x4 : 0000000000000000 
[   10.766724] x3 : 0000000000000027 x2 : 0000000000000023 
[   10.766730] x1 : 3c7f69d0ff349700 x0 : 0000000000000000 
[   10.766737] Call trace:
[   10.766743]  clk_core_enable+0xa4/0xc0
[   10.766749]  clk_enable+0x2c/0x60
[   10.766755]  zynqmp_runtime_resume+0x24/0x84
[   10.766762]  pm_generic_runtime_resume+0x30/0x50
[   10.766768]  __genpd_runtime_resume+0x30/0xb0
[   10.766774]  genpd_runtime_resume+0x90/0x250
[   10.766780]  __rpm_callback+0x10c/0x1e0
[   10.766785]  rpm_callback+0x5c/0x84
[   10.766790]  rpm_resume+0x4a4/0x74c
[   10.766795]  __pm_runtime_resume+0x78/0xc4
[   10.766800]  spi_mem_access_start.isra.0+0x30/0x80
[   10.766804]  spi_mem_exec_op+0x3b0/0x424
[   10.766809]  spi_nor_read_sr+0x78/0xe0
[   10.766813]  spi_nor_wait_till_ready_with_timeout+0xb4/0x2f0
[   10.766818]  spi_nor_read+0x188/0x380
[   10.766823]  mtd_read_oob_std+0x78/0x84
[   10.766828]  mtd_read_oob+0x7c/0x134
[   10.766832]  mtd_read+0x48/0x7c
[   10.766838]  mtdblock_readsect+0x6c/0x150
[   10.766843]  mtd_queue_rq+0x2cc/0x5a0
[   10.766848]  blk_mq_dispatch_rq_list+0x110/0x790
[   10.766854]  __blk_mq_do_dispatch_sched+0x200/0x274
[   10.766860]  __blk_mq_sched_dispatch_requests+0x1a8/0x1fc
[   10.766866]  blk_mq_sched_dispatch_requests+0x3c/0x7c
[   10.766870]  __blk_mq_run_hw_queue+0x98/0x100
[   10.766875]  blk_mq_run_work_fn+0x24/0x30
[   10.766881]  process_one_work+0x1d4/0x380
[   10.766885]  worker_thread+0x78/0x4e0
[   10.766890]  kthread+0x124/0x130
[   10.766895]  ret_from_fork+0x10/0x3c
[   10.766899] ---[ end trace 76c0f459a97a023c ]---
[   10.766907] zynqmp-qspi ff0f0000.spi: Cannot enable APB clock.
[   10.766957] spi_master spi0: Failed to power device: -108
[   10.766968] blk_update_request: I/O error, dev mtdblock0, sector 8 op 0x0:(READ) flags 0x80700 phys_seg 1 prio class 0
[   10.767037] spi_master spi0: Failed to power device: -22
[   10.767043] blk_update_request: I/O error, dev mtdblock0, sector 8 op 0x0:(READ) flags 0x0 phys_seg 8 prio class 0
[   10.767049] Buffer I/O error on dev mtdblock0, logical block 8, async page read
[   10.767058] spi_master spi0: Failed to power device: -22
[   10.767064] blk_update_request: I/O error, dev mtdblock0, sector 9 op 0x0:(READ) flags 0x0 phys_seg 7 prio class 0
[   10.767068] Buffer I/O error on dev mtdblock0, logical block 9, async page read
[   10.767075] spi_master spi0: Failed to power device: -22
[   10.767081] blk_update_request: I/O error, dev mtdblock0, sector 10 op 0x0:(READ) flags 0x0 phys_seg 6 prio class 0
[   10.767084] Buffer I/O error on dev mtdblock0, logical block 10, async page read
[   10.767091] spi_master spi0: Failed to power device: -22
[   10.767097] blk_update_request: I/O error, dev mtdblock0, sector 11 op 0x0:(READ) flags 0x0 phys_seg 5 prio class 0
[   10.767101] Buffer I/O error on dev mtdblock0, logical block 11, async page read
[   10.767108] spi_master spi0: Failed to power device: -22
[   10.767114] blk_update_request: I/O error, dev mtdblock0, sector 12 op 0x0:(READ) flags 0x0 phys_seg 4 prio class 0
[   10.767117] Buffer I/O error on dev mtdblock0, logical block 12, async page read
[   10.767124] spi_master spi0: Failed to power device: -22
[   10.767129] blk_update_request: I/O error, dev mtdblock0, sector 13 op 0x0:(READ) flags 0x0 phys_seg 3 prio class 0
[   10.767133] Buffer I/O error on dev mtdblock0, logical block 13, async page read
[   10.767140] spi_master spi0: Failed to power device: -22
[   10.767145] blk_update_request: I/O error, dev mtdblock0, sector 14 op 0x0:(READ) flags 0x0 phys_seg 2 prio class 0
[   10.767149] Buffer I/O error on dev mtdblock0, logical block 14, async page read
[   10.767156] spi_master spi0: Failed to power device: -22
[   10.767161] blk_update_request: I/O error, dev mtdblock0, sector 15 op 0x0:(READ) flags 0x0 phys_seg 1 prio class 0
[   10.767165] Buffer I/O error on dev mtdblock0, logical block 15, async page read
[   10.767467] spi_master spi0: Failed to power device: -22
[   10.767474] blk_update_request: I/O error, dev mtdblock1, sector 10112 op 0x0:(READ) flags 0x80700 phys_seg 1 prio class 0
[   10.767517] spi_master spi0: Failed to power device: -22
[   10.767522] Buffer I/O error on dev mtdblock1, logical block 10112, async page read
[   10.767530] spi_master spi0: Failed to power device: -22
[   10.767535] Buffer I/O error on dev mtdblock1, logical block 10113, async page read
[   10.767542] spi_master spi0: Failed to power device: -22
[   10.767550] spi_master spi0: Failed to power device: -22
[   10.767557] spi_master spi0: Failed to power device: -22
[   10.767564] spi_master spi0: Failed to power device: -22
[   10.767571] spi_master spi0: Failed to power device: -22
[   10.767578] spi_master spi0: Failed to power device: -22
[   10.768030] spi_master spi0: Failed to power device: -22
[   10.768075] spi_master spi0: Failed to power device: -22
[   10.768084] spi_master spi0: Failed to power device: -22
[   10.768092] spi_master spi0: Failed to power device: -22
[   10.768100] spi_master spi0: Failed to power device: -22
[   10.768107] spi_master spi0: Failed to power device: -22
[   10.768114] spi_master spi0: Failed to power device: -22
[   10.768122] spi_master spi0: Failed to power device: -22
[   10.768129] spi_master spi0: Failed to power device: -22
[   10.768395] spi_master spi0: Failed to power device: -22
[   10.768439] spi_master spi0: Failed to power device: -22
[   10.768448] spi_master spi0: Failed to power device: -22
[   10.768456] spi_master spi0: Failed to power device: -22
[   10.768464] spi_master spi0: Failed to power device: -22
[   10.768471] spi_master spi0: Failed to power device: -22
[   10.768478] spi_master spi0: Failed to power device: -22
[   10.768486] spi_master spi0: Failed to power device: -22
[   10.768493] spi_master spi0: Failed to power device: -22
[   10.892287] EXT4-fs (mmcblk0p2): re-mounted. Opts: (null)
[   10.965756] systemd-journald[154]: Received request to flush runtime journal from PID 1
[   16.848588] macb ff0e0000.ethernet eth0: PHY [ff0e0000.ethernet-ffffffff:0c] driver [TI DP83867] (irq=POLL)
[   16.848602] macb ff0e0000.ethernet eth0: configuring for phy/rgmii-id link mode
[   17.140061] Adding 74748k swap on /var/swap.  Priority:-2 extents:2 across:78844k SS
[   18.979762] random: crng init done
[   18.979774] random: 7 urandom warning(s) missed due to ratelimiting
[   19.700158] broken atomic modeset userspace detected, disabling atomic
[   20.929374] macb ff0e0000.ethernet eth0: Link is Up - 1Gbps/Full - flow control off
[   20.929399] IPv6: ADDRCONF(NETDEV_CHANGE): eth0: link becomes ready
[   22.383188] broken atomic modeset userspace detected, disabling atomic
[   25.267129] broken atomic modeset userspace detected, disabling atomic
[   27.897098] broken atomic modeset userspace detected, disabling atomic