[    0.000000] Booting Linux on physical CPU 0x0000000000 [0x410fd034]
[    0.000000] Linux version 5.10.0-98103-g2aa7ac113716 (jenkins@romlxbuild1.adlk.analog.com) (aarch64-xilinx-linux-gcc.real (GCC) 10.2.0, GNU ld (GNU Binutils) 2.35.0.20200730) #5577 SMP Wed Mar 23 07:28:49 GMT 2022
[    0.000000] Machine model: ZynqMP ZCU102 Rev1.0
[    0.000000] earlycon: cdns0 at MMIO 0x00000000ff000000 (options '115200n8')
[    0.000000] printk: bootconsole [cdns0] enabled
[    0.000000] efi: UEFI not found.
[    0.000000] cma: Reserved 256 MiB at 0x0000000070000000
[    0.000000] Zone ranges:
[    0.000000]   DMA      [mem 0x0000000000000000-0x000000003fffffff]
[    0.000000]   DMA32    [mem 0x0000000040000000-0x00000000ffffffff]
[    0.000000]   Normal   [mem 0x0000000100000000-0x000000087fffffff]
[    0.000000] Movable zone start for each node
[    0.000000] Early memory node ranges
[    0.000000]   node   0: [mem 0x0000000000000000-0x000000007fffffff]
[    0.000000]   node   0: [mem 0x0000000800000000-0x000000087fffffff]
[    0.000000] Initmem setup node 0 [mem 0x0000000000000000-0x000000087fffffff]
[    0.000000] On node 0 totalpages: 1048576
[    0.000000]   DMA zone: 3584 pages used for memmap
[    0.000000]   DMA zone: 0 pages reserved
[    0.000000]   DMA zone: 262144 pages, LIFO batch:63
[    0.000000]   DMA32 zone: 3584 pages used for memmap
[    0.000000]   DMA32 zone: 262144 pages, LIFO batch:63
[    0.000000]   Normal zone: 7168 pages used for memmap
[    0.000000]   Normal zone: 524288 pages, LIFO batch:63
[    0.000000] psci: probing for conduit method from DT.
[    0.000000] psci: PSCIv1.1 detected in firmware.
[    0.000000] psci: Using standard PSCI v0.2 function IDs
[    0.000000] psci: MIGRATE_INFO_TYPE not supported.
[    0.000000] psci: SMC Calling Convention v1.2
[    0.000000] percpu: Embedded 22 pages/cpu s49496 r8192 d32424 u90112
[    0.000000] pcpu-alloc: s49496 r8192 d32424 u90112 alloc=22*4096
[    0.000000] pcpu-alloc: [0] 0 [0] 1 [0] 2 [0] 3 
[    0.000000] Detected VIPT I-cache on CPU0
[    0.000000] CPU features: detected: ARM erratum 845719
[    0.000000] Built 1 zonelists, mobility grouping on.  Total pages: 1034240
[    0.000000] Kernel command line: console=ttyPS0,115200 root=/dev/mmcblk0p2 rw earlycon rootfstype=ext4 rootwait clk_ignore_unused cpuidle.off=1 root=/dev/mmcblk0p2 rw rootwait
[    0.000000] Dentry cache hash table entries: 524288 (order: 10, 4194304 bytes, linear)
[    0.000000] Inode-cache hash table entries: 262144 (order: 9, 2097152 bytes, linear)
[    0.000000] mem auto-init: stack:off, heap alloc:off, heap free:off
[    0.000000] software IO TLB: mapped [mem 0x000000003bfff000-0x000000003ffff000] (64MB)
[    0.000000] Memory: 3761904K/4194304K available (15296K kernel code, 1636K rwdata, 11876K rodata, 2560K init, 507K bss, 170256K reserved, 262144K cma-reserved)
[    0.000000] rcu: Hierarchical RCU implementation.
[    0.000000] rcu: 	RCU event tracing is enabled.
[    0.000000] rcu: 	RCU restricting CPUs from NR_CPUS=8 to nr_cpu_ids=4.
[    0.000000] rcu: RCU calculated value of scheduler-enlistment delay is 25 jiffies.
[    0.000000] rcu: Adjusting geometry for rcu_fanout_leaf=16, nr_cpu_ids=4
[    0.000000] NR_IRQS: 64, nr_irqs: 64, preallocated irqs: 0
[    0.000000] GIC: Adjusting CPU interface base to 0x00000000f902f000
[    0.000000] GIC: Using split EOI/Deactivate mode
[    0.000000] random: get_random_bytes called from start_kernel+0x31c/0x54c with crng_init=0
[    0.000000] arch_timer: cp15 timer(s) running at 100.00MHz (phys).
[    0.000000] clocksource: arch_sys_counter: mask: 0xffffffffffffff max_cycles: 0x171024e7e0, max_idle_ns: 440795205315 ns
[    0.000003] sched_clock: 56 bits at 100MHz, resolution 10ns, wraps every 4398046511100ns
[    0.008463] Console: colour dummy device 80x25
[    0.012483] Calibrating delay loop (skipped), value calculated using timer frequency.. 200.00 BogoMIPS (lpj=400000)
[    0.022841] pid_max: default: 32768 minimum: 301
[    0.027549] Mount-cache hash table entries: 8192 (order: 4, 65536 bytes, linear)
[    0.034789] Mountpoint-cache hash table entries: 8192 (order: 4, 65536 bytes, linear)
[    0.043400] rcu: Hierarchical SRCU implementation.
[    0.047560] EFI services will not be available.
[    0.051938] smp: Bringing up secondary CPUs ...
[    0.056658] Detected VIPT I-cache on CPU1
[    0.056697] CPU1: Booted secondary processor 0x0000000001 [0x410fd034]
[    0.057061] Detected VIPT I-cache on CPU2
[    0.057085] CPU2: Booted secondary processor 0x0000000002 [0x410fd034]
[    0.057424] Detected VIPT I-cache on CPU3
[    0.057447] CPU3: Booted secondary processor 0x0000000003 [0x410fd034]
[    0.057493] smp: Brought up 1 node, 4 CPUs
[    0.091780] SMP: Total of 4 processors activated.
[    0.096452] CPU features: detected: 32-bit EL0 Support
[    0.101556] CPU features: detected: CRC32 instructions
[    0.106697] CPU: All CPU(s) started at EL2
[    0.110736] alternatives: patching kernel code
[    0.116168] devtmpfs: initialized
[    0.124058] Registered cp15_barrier emulation handler
[    0.124109] Registered setend emulation handler
[    0.128083] clocksource: jiffies: mask: 0xffffffff max_cycles: 0xffffffff, max_idle_ns: 7645041785100000 ns
[    0.137662] futex hash table entries: 1024 (order: 4, 65536 bytes, linear)
[    0.151007] pinctrl core: initialized pinctrl subsystem
[    0.151653] NET: Registered protocol family 16
[    0.156076] DMA: preallocated 512 KiB GFP_KERNEL pool for atomic allocations
[    0.162090] DMA: preallocated 512 KiB GFP_KERNEL|GFP_DMA pool for atomic allocations
[    0.169816] DMA: preallocated 512 KiB GFP_KERNEL|GFP_DMA32 pool for atomic allocations
[    0.177618] audit: initializing netlink subsys (disabled)
[    0.183070] audit: type=2000 audit(0.116:1): state=initialized audit_enabled=0 res=1
[    0.183417] hw-breakpoint: found 6 breakpoint and 4 watchpoint registers.
[    0.197446] ASID allocator initialised with 65536 entries
[    0.224343] HugeTLB registered 1.00 GiB page size, pre-allocated 0 pages
[    0.225394] HugeTLB registered 32.0 MiB page size, pre-allocated 0 pages
[    0.232065] HugeTLB registered 2.00 MiB page size, pre-allocated 0 pages
[    0.238729] HugeTLB registered 64.0 KiB page size, pre-allocated 0 pages
[    1.304275] DRBG: Continuing without Jitter RNG
[    1.382126] raid6: neonx8   gen()  2144 MB/s
[    1.450172] raid6: neonx8   xor()  1597 MB/s
[    1.518233] raid6: neonx4   gen()  2197 MB/s
[    1.586278] raid6: neonx4   xor()  1565 MB/s
[    1.654345] raid6: neonx2   gen()  2075 MB/s
[    1.722395] raid6: neonx2   xor()  1441 MB/s
[    1.790468] raid6: neonx1   gen()  1772 MB/s
[    1.858505] raid6: neonx1   xor()  1220 MB/s
[    1.926564] raid6: int64x8  gen()  1438 MB/s
[    1.994619] raid6: int64x8  xor()   771 MB/s
[    2.062697] raid6: int64x4  gen()  1598 MB/s
[    2.130738] raid6: int64x4  xor()   818 MB/s
[    2.198811] raid6: int64x2  gen()  1397 MB/s
[    2.266856] raid6: int64x2  xor()   750 MB/s
[    2.334928] raid6: int64x1  gen()  1033 MB/s
[    2.402994] raid6: int64x1  xor()   517 MB/s
[    2.403032] raid6: using algorithm neonx4 gen() 2197 MB/s
[    2.406987] raid6: .... xor() 1565 MB/s, rmw enabled
[    2.411918] raid6: using neon recovery algorithm
[    2.416926] iommu: Default domain type: Translated 
[    2.421543] SCSI subsystem initialized
[    2.425087] libata version 3.00 loaded.
[    2.425212] usbcore: registered new interface driver usbfs
[    2.430544] usbcore: registered new interface driver hub
[    2.435817] usbcore: registered new device driver usb
[    2.440949] mc: Linux media interface: v0.10
[    2.445066] videodev: Linux video capture interface: v2.00
[    2.450557] EDAC MC: Ver: 3.0.0
[    2.453997] zynqmp-ipi-mbox mailbox@ff990400: Registered ZynqMP IPI mbox with TX/RX channels.
[    2.462514] jesd204: created con: id=0, topo=0, link=0, /axi/spi@ff050000/hmc7044@0 <-> /fpga-axi@0/axi-adxcvr-tx@84b60000
[    2.473086] jesd204: created con: id=1, topo=0, link=2, /axi/spi@ff050000/hmc7044@0 <-> /fpga-axi@0/axi-adxcvr-rx@84a60000
[    2.484070] jesd204: created con: id=2, topo=0, link=0, /fpga-axi@0/axi-adxcvr-tx@84b60000 <-> /fpga-axi@0/axi-jesd204-tx@84b90000
[    2.495746] jesd204: created con: id=3, topo=0, link=2, /fpga-axi@0/axi-adxcvr-rx@84a60000 <-> /fpga-axi@0/axi-jesd204-rx@84a90000
[    2.507423] jesd204: created con: id=4, topo=0, link=0, /fpga-axi@0/axi-jesd204-tx@84b90000 <-> /fpga-axi@0/axi-ad9081-tx-hpc@84b10000
[    2.519451] jesd204: created con: id=5, topo=0, link=2, /fpga-axi@0/axi-jesd204-rx@84a90000 <-> /fpga-axi@0/axi-ad9081-rx-hpc@84a10000
[    2.531473] jesd204: created con: id=6, topo=0, link=2, /fpga-axi@0/axi-ad9081-rx-hpc@84a10000 <-> /axi/spi@ff040000/ad9081@0
[    2.542715] jesd204: created con: id=7, topo=0, link=0, /fpga-axi@0/axi-ad9081-tx-hpc@84b10000 <-> /axi/spi@ff040000/ad9081@0
[    2.553964] jesd204: /axi/spi@ff040000/ad9081@0: JESD204[2] transition uninitialized -> initialized
[    2.562951] jesd204: /axi/spi@ff040000/ad9081@0: JESD204[0] transition uninitialized -> initialized
[    2.571943] jesd204: found 8 devices and 1 topologies
[    2.576987] FPGA manager framework
[    2.580466] Advanced Linux Sound Architecture Driver Initialized.
[    2.586757] Bluetooth: Core ver 2.22
[    2.589945] NET: Registered protocol family 31
[    2.594347] Bluetooth: HCI device and connection manager initialized
[    2.600663] Bluetooth: HCI socket layer initialized
[    2.605506] Bluetooth: L2CAP socket layer initialized
[    2.610529] Bluetooth: SCO socket layer initialized
[    2.615715] clocksource: Switched to clocksource arch_sys_counter
[    2.621522] VFS: Disk quotas dquot_6.6.0
[    2.625356] VFS: Dquot-cache hash table entries: 512 (order 0, 4096 bytes)
[    2.636073] NET: Registered protocol family 2
[    2.636801] tcp_listen_portaddr_hash hash table entries: 2048 (order: 3, 32768 bytes, linear)
[    2.644997] TCP established hash table entries: 32768 (order: 6, 262144 bytes, linear)
[    2.653022] TCP bind hash table entries: 32768 (order: 7, 524288 bytes, linear)
[    2.660467] TCP: Hash tables configured (established 32768 bind 32768)
[    2.666643] UDP hash table entries: 2048 (order: 4, 65536 bytes, linear)
[    2.673309] UDP-Lite hash table entries: 2048 (order: 4, 65536 bytes, linear)
[    2.680469] NET: Registered protocol family 1
[    2.684924] RPC: Registered named UNIX socket transport module.
[    2.690544] RPC: Registered udp transport module.
[    2.695211] RPC: Registered tcp transport module.
[    2.699878] RPC: Registered tcp NFSv4.1 backchannel transport module.
[    2.706872] PCI: CLS 0 bytes, default 64
[    2.710577] hw perfevents: no interrupt-affinity property for /pmu, guessing.
[    2.717430] hw perfevents: enabled with armv8_pmuv3 PMU driver, 7 counters available
[    2.725782] Initialise system trusted keyrings
[    2.729461] workingset: timestamp_bits=62 max_order=20 bucket_order=0
[    2.736355] NFS: Registering the id_resolver key type
[    2.740807] Key type id_resolver registered
[    2.744946] Key type id_legacy registered
[    2.748936] nfs4filelayout_init: NFSv4 File Layout Driver Registering...
[    2.755602] jffs2: version 2.2. (NAND) (SUMMARY)  Â© 2001-2006 Red Hat, Inc.
[    2.798075] NET: Registered protocol family 38
[    2.798118] xor: measuring software checksum speed
[    2.805804]    8regs           :  2363 MB/sec
[    2.809473]    32regs          :  2799 MB/sec
[    2.814415]    arm64_neon      :  2380 MB/sec
[    2.814605] xor: using function: 32regs (2799 MB/sec)
[    2.819631] Key type asymmetric registered
[    2.823693] Asymmetric key parser 'x509' registered
[    2.828554] Block layer SCSI generic (bsg) driver version 0.4 loaded (major 248)
[    2.835890] io scheduler mq-deadline registered
[    2.840387] io scheduler kyber registered
[    2.869797] Serial: 8250/16550 driver, 4 ports, IRQ sharing disabled
[    2.874435] cacheinfo: Unable to detect cache hierarchy for CPU 0
[    2.880755] brd: module loaded
[    2.884899] loop: module loaded
[    2.885452] Registered mathworks_ip class
[    2.888797] libphy: Fixed MDIO Bus: probed
[    2.891772] tun: Universal TUN/TAP device driver, 1.6
[    2.895840] CAN device driver interface
[    2.900381] usbcore: registered new interface driver asix
[    2.904974] usbcore: registered new interface driver ax88179_178a
[    2.911011] usbcore: registered new interface driver cdc_ether
[    2.916802] usbcore: registered new interface driver net1080
[    2.922426] usbcore: registered new interface driver cdc_subset
[    2.928308] usbcore: registered new interface driver zaurus
[    2.933854] usbcore: registered new interface driver cdc_ncm
[    2.940261] ehci_hcd: USB 2.0 'Enhanced' Host Controller (EHCI) Driver
[    2.945937] ehci-pci: EHCI PCI platform driver
[    2.950734] usbcore: registered new interface driver uas
[    2.955656] usbcore: registered new interface driver usb-storage
[    2.961644] usbcore: registered new interface driver usbserial_generic
[    2.968092] usbserial: USB Serial support registered for generic
[    2.974065] usbcore: registered new interface driver ftdi_sio
[    2.979768] usbserial: USB Serial support registered for FTDI USB Serial Device
[    2.987043] usbcore: registered new interface driver upd78f0730
[    2.992916] usbserial: USB Serial support registered for upd78f0730
[    3.000588] rtc_zynqmp ffa60000.rtc: registered as rtc0
[    3.004340] rtc_zynqmp ffa60000.rtc: setting system clock to 2022-03-26T03:29:37 UTC (1648265377)
[    3.013203] i2c /dev entries driver
[    3.018516] usbcore: registered new interface driver uvcvideo
[    3.022316] USB Video Class driver (1.1.1)
[    3.027892] Bluetooth: HCI UART driver ver 2.3
[    3.030788] Bluetooth: HCI UART protocol H4 registered
[    3.035897] Bluetooth: HCI UART protocol BCSP registered
[    3.041187] Bluetooth: HCI UART protocol LL registered
[    3.046275] Bluetooth: HCI UART protocol ATH3K registered
[    3.051650] Bluetooth: HCI UART protocol Three-wire (H5) registered
[    3.057904] Bluetooth: HCI UART protocol Intel registered
[    3.063241] Bluetooth: HCI UART protocol QCA registered
[    3.068441] usbcore: registered new interface driver bcm203x
[    3.074067] usbcore: registered new interface driver bpa10x
[    3.079599] usbcore: registered new interface driver bfusb
[    3.085048] usbcore: registered new interface driver btusb
[    3.090516] usbcore: registered new interface driver ath3k
[    3.095998] EDAC MC: ECC not enabled
[    3.099614] EDAC DEVICE0: Giving out device to module zynqmp-ocm-edac controller zynqmp_ocm: DEV ff960000.memory-controller (INTERRUPT)
[    3.111939] sdhci: Secure Digital Host Controller Interface driver
[    3.117724] sdhci: Copyright(c) Pierre Ossman
[    3.122049] sdhci-pltfm: SDHCI platform and OF driver helper
[    3.128110] ledtrig-cpu: registered to indicate activity on CPUs
[    3.133654] SMCCC: SOC_ID: ARCH_SOC_ID not implemented, skipping ....
[    3.140082] zynqmp_firmware_probe Platform Management API v1.1
[    3.145840] zynqmp_firmware_probe Trustzone version v1.0
[    3.185403] zynqmp-pinctrl firmware:zynqmp-firmware:pinctrl: zynqmp pinctrl initialized
[    3.233359] zynqmp-aes firmware:zynqmp-firmware:zynqmp-aes: will run requests pump with realtime priority
[    3.249216] alg: No test for xilinx-keccak-384 (zynqmp-keccak-384)
[    3.249930] alg: No test for xilinx-zynqmp-rsa (zynqmp-rsa)
[    3.255439] usbcore: registered new interface driver usbhid
[    3.260832] usbhid: USB HID core driver
[    3.272075] axi_sysid 85000000.axi-sysid-0: AXI System ID core version (1.01.a) found
[    3.274422] axi_sysid 85000000.axi-sysid-0: [ad9081_fmca_ebz] on [zcu102] git branch <master> git <084d44c9780640ca93fd847b1d9ec70dd65f5c67> clean [2022-03-18 04:17:50] UTC
[    3.290111] fpga_manager fpga0: Xilinx ZynqMP FPGA Manager registered
[    3.296474] usbcore: registered new interface driver snd-usb-audio
[    3.303922] pktgen: Packet Generator for packet performance testing. Version: 2.75
[    3.310116] Initializing XFRM netlink socket
[    3.313949] NET: Registered protocol family 10
[    3.318673] Segment Routing with IPv6
[    3.322041] sit: IPv6, IPv4 and MPLS over IPv4 tunneling driver
[    3.328121] NET: Registered protocol family 17
[    3.332225] NET: Registered protocol family 15
[    3.336722] can: controller area network core
[    3.340974] NET: Registered protocol family 29
[    3.345364] can: raw protocol
[    3.348300] can: broadcast manager protocol
[    3.352454] can: netlink gateway - max_hops=1
[    3.356850] Bluetooth: RFCOMM TTY layer initialized
[    3.361628] Bluetooth: RFCOMM socket layer initialized
[    3.366737] Bluetooth: RFCOMM ver 1.11
[    3.370446] Bluetooth: BNEP (Ethernet Emulation) ver 1.3
[    3.375718] Bluetooth: BNEP filters: protocol multicast
[    3.380912] Bluetooth: BNEP socket layer initialized
[    3.385839] Bluetooth: HIDP (Human Interface Emulation) ver 1.2
[    3.391723] Bluetooth: HIDP socket layer initialized
[    3.396780] 9pnet: Installing 9P2000 support
[    3.400901] NET: Registered protocol family 36
[    3.405317] Key type dns_resolver registered
[    3.409758] registered taskstats version 1
[    3.413613] Loading compiled-in X.509 certificates
[    3.418726] Btrfs loaded, crc32c=crc32c-generic
[    3.431117] ff000000.serial: ttyPS0 at MMIO 0xff000000 (irq = 49, base_baud = 6249999) is a xuartps
[    3.440139] printk: console [ttyPS0] enabled
[    3.444434] printk: bootconsole [cdns0] disabled
[    3.454058] ff010000.serial: ttyPS1 at MMIO 0xff010000 (irq = 50, base_baud = 6249999) is a xuartps
[    3.467297] of-fpga-region fpga-full: FPGA Region probed
[    3.474266] nwl-pcie fd0e0000.pcie: host bridge /axi/pcie@fd0e0000 ranges:
[    3.481163] nwl-pcie fd0e0000.pcie:      MEM 0x00e0000000..0x00efffffff -> 0x00e0000000
[    3.489165] nwl-pcie fd0e0000.pcie:      MEM 0x0600000000..0x07ffffffff -> 0x0600000000
[    3.497227] nwl-pcie fd0e0000.pcie: Link is DOWN
[    3.501984] nwl-pcie fd0e0000.pcie: PCI host bridge to bus 0000:00
[    3.508162] pci_bus 0000:00: root bus resource [bus 00-ff]
[    3.513644] pci_bus 0000:00: root bus resource [mem 0xe0000000-0xefffffff]
[    3.520514] pci_bus 0000:00: root bus resource [mem 0x600000000-0x7ffffffff pref]
[    3.528018] pci 0000:00:00.0: [10ee:d021] type 01 class 0x060400
[    3.534073] pci 0000:00:00.0: PME# supported from D0 D1 D2 D3hot
[    3.544509] pci 0000:00:00.0: PCI bridge to [bus 01-0c]
[    3.550485] xilinx-zynqmp-dma fd500000.dma: ZynqMP DMA driver Probe success
[    3.557662] xilinx-zynqmp-dma fd510000.dma: ZynqMP DMA driver Probe success
[    3.564842] xilinx-zynqmp-dma fd520000.dma: ZynqMP DMA driver Probe success
[    3.572017] xilinx-zynqmp-dma fd530000.dma: ZynqMP DMA driver Probe success
[    3.579180] xilinx-zynqmp-dma fd540000.dma: ZynqMP DMA driver Probe success
[    3.586363] xilinx-zynqmp-dma fd550000.dma: ZynqMP DMA driver Probe success
[    3.593531] xilinx-zynqmp-dma fd560000.dma: ZynqMP DMA driver Probe success
[    3.600696] xilinx-zynqmp-dma fd570000.dma: ZynqMP DMA driver Probe success
[    3.608103] xilinx-zynqmp-dpdma fd4c0000.dma-controller: Xilinx DPDMA engine is probed
[    3.616648] ahci-ceva fd0c0000.ahci: supply ahci not found, using dummy regulator
[    3.624188] ahci-ceva fd0c0000.ahci: supply phy not found, using dummy regulator
[    3.711892] hmc7044 spi2.0: PLL1: Acquisition, CLKIN0 @ 122880000 Hz, PFD: 80 kHz - PLL2: Locked @ 2412.000000 MHz
[    3.722608] jesd204: /axi/spi@ff050000/hmc7044@0,jesd204:1,parent=spi2.0: Using as SYSREF provider
[    3.732195] spi-nor spi0.0: SPI-NOR-UniqueID 100000235394732200270025081115266e
[    3.739501] spi-nor spi0.0: found n25q512a, expected m25p80
[    3.745708] spi-nor spi0.0: trying to lock already unlocked area
[    3.751713] spi-nor spi0.0: n25q512a (131072 Kbytes)
[    3.756698] 4 fixed-partitions partitions found on MTD device spi0.0
[    3.763044] Creating 4 MTD partitions on "spi0.0":
[    3.767830] 0x000000000000-0x000000100000 : "qspi-fsbl-uboot"
[    3.774313] 0x000000100000-0x000000600000 : "qspi-linux"
[    3.780263] 0x000000600000-0x000000620000 : "qspi-device-tree"
[    3.786739] 0x000000620000-0x000000c00000 : "qspi-rootfs"
[    3.795213] macb ff0e0000.ethernet: Not enabling partial store and forward
[    3.802726] libphy: MACB_mii_bus: probed
[    3.807787] macb ff0e0000.ethernet eth0: Cadence GEM rev 0x50070106 at 0xff0e0000 irq 30 (00:0a:35:04:8e:1b)
[    3.818002] xilinx-axipmon ffa00000.perf-monitor: Probed Xilinx APM
[    3.824583] xilinx-axipmon fd0b0000.perf-monitor: Probed Xilinx APM
[    3.831096] xilinx-axipmon fd490000.perf-monitor: Probed Xilinx APM
[    3.837633] xilinx-axipmon ffa10000.perf-monitor: Probed Xilinx APM
[    3.847659] pca953x 0-0020: supply vcc not found, using dummy regulator
[    3.854344] pca953x 0-0020: using no AI
[    3.858838] gpio-496 (sel0): hogged as output/low
[    3.863738] gpio-497 (sel1): hogged as output/high
[    3.868728] gpio-498 (sel2): hogged as output/high
[    3.873717] gpio-499 (sel3): hogged as output/high
[    3.878885] pca953x 0-0021: supply vcc not found, using dummy regulator
[    3.885557] pca953x 0-0021: using no AI
[    3.891318] ina2xx 2-0040: power monitor ina226 (Rshunt = 5000 uOhm)
[    3.898349] ina2xx 2-0041: power monitor ina226 (Rshunt = 5000 uOhm)
[    3.905382] ina2xx 2-0042: power monitor ina226 (Rshunt = 5000 uOhm)
[    3.912416] ina2xx 2-0043: power monitor ina226 (Rshunt = 5000 uOhm)
[    3.919443] ina2xx 2-0044: power monitor ina226 (Rshunt = 5000 uOhm)
[    3.926455] ina2xx 2-0045: power monitor ina226 (Rshunt = 5000 uOhm)
[    3.933483] ina2xx 2-0046: power monitor ina226 (Rshunt = 5000 uOhm)
[    3.940555] ina2xx 2-0047: power monitor ina226 (Rshunt = 5000 uOhm)
[    3.947591] ina2xx 2-004a: power monitor ina226 (Rshunt = 5000 uOhm)
[    3.954616] ina2xx 2-004b: power monitor ina226 (Rshunt = 5000 uOhm)
[    3.961025] i2c i2c-0: Added multiplexed i2c bus 2
[    3.966410] random: fast init done
[    3.969886] ina2xx 3-0040: power monitor ina226 (Rshunt = 2000 uOhm)
[    3.976916] ina2xx 3-0041: power monitor ina226 (Rshunt = 5000 uOhm)
[    3.983946] ina2xx 3-0042: power monitor ina226 (Rshunt = 5000 uOhm)
[    3.990981] ina2xx 3-0043: power monitor ina226 (Rshunt = 5000 uOhm)
[    3.998008] ina2xx 3-0044: power monitor ina226 (Rshunt = 5000 uOhm)
[    4.005039] ina2xx 3-0045: power monitor ina226 (Rshunt = 5000 uOhm)
[    4.012070] ina2xx 3-0046: power monitor ina226 (Rshunt = 5000 uOhm)
[    4.019114] ina2xx 3-0047: power monitor ina226 (Rshunt = 5000 uOhm)
[    4.025512] i2c i2c-0: Added multiplexed i2c bus 3
[    4.081244] i2c i2c-0: Added multiplexed i2c bus 4
[    4.086180] i2c i2c-0: Added multiplexed i2c bus 5
[    4.090974] pca954x 0-0075: registered 4 multiplexed busses for I2C mux pca9544
[    4.098322] cdns-i2c ff020000.i2c: 400 kHz mmio ff020000 irq 32
[    4.106055] at24 6-0054: supply vcc not found, using dummy regulator
[    4.112947] at24 6-0054: 1024 byte 24c08 EEPROM, writable, 1 bytes/write
[    4.119699] i2c i2c-1: Added multiplexed i2c bus 6
[    4.126129] si5341 7-0036: Chip: 5341 Grade: 1 Rev: 1
[    4.163847] i2c i2c-1: Added multiplexed i2c bus 7
[    4.171497] si570 8-005d: registered, current frequency 300000000 Hz
[    4.177899] i2c i2c-1: Added multiplexed i2c bus 8
[    4.197671] si570 9-005d: registered, current frequency 148500000 Hz
[    4.204070] i2c i2c-1: Added multiplexed i2c bus 9
[    4.209108] si5324 10-0069: si5328 probed
[    4.276081] si5324 10-0069: si5328 probe successful
[    4.281024] i2c i2c-1: Added multiplexed i2c bus 10
[    4.286048] i2c i2c-1: Added multiplexed i2c bus 11
[    4.291073] i2c i2c-1: Added multiplexed i2c bus 12
[    4.296097] i2c i2c-1: Added multiplexed i2c bus 13
[    4.300976] pca954x 1-0074: registered 8 multiplexed busses for I2C switch pca9548
[    4.309091] at24 14-0050: supply vcc not found, using dummy regulator
[    4.315879] at24 14-0050: 256 byte 24c02 EEPROM, writable, 1 bytes/write
[    4.322629] i2c i2c-1: Added multiplexed i2c bus 14
[    4.327667] i2c i2c-1: Added multiplexed i2c bus 15
[    4.332704] i2c i2c-1: Added multiplexed i2c bus 16
[    4.337735] i2c i2c-1: Added multiplexed i2c bus 17
[    4.342774] i2c i2c-1: Added multiplexed i2c bus 18
[    4.347819] i2c i2c-1: Added multiplexed i2c bus 19
[    4.352848] i2c i2c-1: Added multiplexed i2c bus 20
[    4.357885] i2c i2c-1: Added multiplexed i2c bus 21
[    4.362760] pca954x 1-0075: registered 8 multiplexed busses for I2C switch pca9548
[    4.370369] cdns-i2c ff030000.i2c: 400 kHz mmio ff030000 irq 33
[    4.380113] cdns-wdt fd4d0000.watchdog: Xilinx Watchdog Timer with timeout 60s
[    4.390904] axi_adxcvr 84a60000.axi-adxcvr-rx: AXI-ADXCVR-RX (17.05.a) using CPLL on GTH4 at 0x84A60000. Number of lanes: 4.
[    4.403080] axi_adxcvr 84b60000.axi-adxcvr-tx: AXI-ADXCVR-TX (17.05.a) using QPLL on GTH4 at 0x84B60000. Number of lanes: 4.
[    4.414704] axi-jesd204-rx 84a90000.axi-jesd204-rx: AXI-JESD204-RX (1.07.a) at 0x84A90000. Encoder 8b10b, width 4/4, lanes 4, jesd204-fsm.
[    4.422218] mmc0: SDHCI controller on ff170000.mmc [ff170000.mmc] using ADMA 64-bit
[    4.427541] axi-jesd204-tx 84b90000.axi-jesd204-tx: AXI-JESD204-TX (1.06.a) at 0x84B90000. Encoder 8b10b, width 4/4, lanes 4, jesd204-fsm.
[    4.448272] zynqmp-display fd4a0000.display: vtc bridge property not present
[    4.457920] xilinx-dp-snd-codec fd4a0000.display:zynqmp_dp_snd_codec0: Failed to get required clock freq
[    4.467424] xilinx-dp-snd-codec: probe of fd4a0000.display:zynqmp_dp_snd_codec0 failed with error -22
[    4.469496] mmc0: new high speed SDHC card at address 0001
[    4.476964] xilinx-dp-snd-pcm zynqmp_dp_snd_pcm0: Xilinx DisplayPort Sound PCM probed
[    4.482476] mmcblk0: mmc0:0001 EB1QT 29.8 GiB 
[    4.490287] xilinx-dp-snd-pcm zynqmp_dp_snd_pcm1: Xilinx DisplayPort Sound PCM probed
[    4.495646]  mmcblk0: p1 p2 p3
[    4.502581] OF: graph: no port node found in /axi/display@fd4a0000
[    4.511653] xlnx-drm xlnx-drm.0: bound fd4a0000.display (ops 0xffffffc010fcbdb8)
[    5.595730] zynqmp-display fd4a0000.display: [drm] Cannot find any crtc or sizes
[    5.603345] [drm] Initialized xlnx 1.0.0 20130509 for fd4a0000.display on minor 0
[    5.610833] zynqmp-display fd4a0000.display: ZynqMP DisplayPort Subsystem driver probed
[    5.619157] ahci-ceva fd0c0000.ahci: supply ahci not found, using dummy regulator
[    5.626701] ahci-ceva fd0c0000.ahci: supply phy not found, using dummy regulator
[    5.634155] ahci-ceva fd0c0000.ahci: supply target not found, using dummy regulator
[    5.641991] ahci-ceva fd0c0000.ahci: AHCI 0001.0301 32 slots 2 ports 6 Gbps 0x3 impl platform mode
[    5.650948] ahci-ceva fd0c0000.ahci: flags: 64bit ncq sntf pm clo only pmp fbs pio slum part ccc sds apst 
[    5.661649] scsi host0: ahci-ceva
[    5.665237] scsi host1: ahci-ceva
[    5.668667] ata1: SATA max UDMA/133 mmio [mem 0xfd0c0000-0xfd0c1fff] port 0x100 irq 45
[    5.676579] ata2: SATA max UDMA/133 mmio [mem 0xfd0c0000-0xfd0c1fff] port 0x180 irq 45
[    5.685188] ad9081 spi1.0: supply vdd not found, using dummy regulator
[    5.997967] ata1: SATA link down (SStatus 0 SControl 330)
[    6.003388] ata2: SATA link down (SStatus 0 SControl 330)
[    6.679733] zynqmp-display fd4a0000.display: [drm] Cannot find any crtc or sizes
[    6.903180] ad9081 spi1.0: Invalid param passed., "ref_clk_hz < 100000000ULL" in adi_ad9081_device_clk_config_set(...), line554 in drivers/iio/adc/ad9081/adi_ad9081_device.c
[    7.586120] ad9081 spi1.0: AD9081 Rev. 2 Grade 10 (API 1.2.2) probed
[    7.593324] xhci-hcd xhci-hcd.1.auto: xHCI Host Controller
[    7.598820] xhci-hcd xhci-hcd.1.auto: new USB bus registered, assigned bus number 1
[    7.606568] xhci-hcd xhci-hcd.1.auto: hcc params 0x0238f625 hci version 0x100 quirks 0x0000000002010810
[    7.615979] xhci-hcd xhci-hcd.1.auto: irq 59, io mem 0xfe200000
[    7.622088] usb usb1: New USB device found, idVendor=1d6b, idProduct=0002, bcdDevice= 5.10
[    7.630345] usb usb1: New USB device strings: Mfr=3, Product=2, SerialNumber=1
[    7.637563] usb usb1: Product: xHCI Host Controller
[    7.642432] usb usb1: Manufacturer: Linux 5.10.0-98103-g2aa7ac113716 xhci-hcd
[    7.649562] usb usb1: SerialNumber: xhci-hcd.1.auto
[    7.654738] hub 1-0:1.0: USB hub found
[    7.658503] hub 1-0:1.0: 1 port detected
[    7.662606] xhci-hcd xhci-hcd.1.auto: xHCI Host Controller
[    7.668093] xhci-hcd xhci-hcd.1.auto: new USB bus registered, assigned bus number 2
[    7.675743] xhci-hcd xhci-hcd.1.auto: Host supports USB 3.0 SuperSpeed
[    7.682361] usb usb2: New USB device found, idVendor=1d6b, idProduct=0003, bcdDevice= 5.10
[    7.690618] usb usb2: New USB device strings: Mfr=3, Product=2, SerialNumber=1
[    7.697838] usb usb2: Product: xHCI Host Controller
[    7.702707] usb usb2: Manufacturer: Linux 5.10.0-98103-g2aa7ac113716 xhci-hcd
[    7.709832] usb usb2: SerialNumber: xhci-hcd.1.auto
[    7.714945] hub 2-0:1.0: USB hub found
[    7.718703] hub 2-0:1.0: 1 port detected
[    7.748760] cf_axi_adc 84a10000.axi-ad9081-rx-hpc: ADI AIM (10.01.b) at 0x84A10000 mapped to 0x(____ptrval____), probed ADC AD9081 as MASTER
[    7.780567] cf_axi_dds 84b10000.axi-ad9081-tx-hpc: Analog Devices CF_AXI_DDS_DDS MASTER (9.01.b) at 0x84B10000 mapped to 0x(____ptrval____), probed DDS AD9081
[    7.794764] jesd204: /axi/spi@ff040000/ad9081@0,jesd204:0,parent=spi1.0: JESD204[2] transition initialized -> probed
[    7.805285] jesd204: /axi/spi@ff040000/ad9081@0,jesd204:0,parent=spi1.0: JESD204[0] transition initialized -> probed
[    7.815808] jesd204: /axi/spi@ff040000/ad9081@0,jesd204:0,parent=spi1.0: JESD204[2] transition probed -> idle
[    7.825717] jesd204: /axi/spi@ff040000/ad9081@0,jesd204:0,parent=spi1.0: JESD204[0] transition probed -> idle
[    7.835631] jesd204: /axi/spi@ff040000/ad9081@0,jesd204:0,parent=spi1.0: JESD204[2] transition idle -> device_init
[    7.845974] jesd204: /axi/spi@ff040000/ad9081@0,jesd204:0,parent=spi1.0: JESD204[0] transition idle -> device_init
[    7.856326] jesd204: /axi/spi@ff040000/ad9081@0,jesd204:0,parent=spi1.0: JESD204[2] transition device_init -> link_init
[    7.867104] jesd204: /axi/spi@ff040000/ad9081@0,jesd204:0,parent=spi1.0: JESD204[0] transition device_init -> link_init
[    7.877895] jesd204: /axi/spi@ff040000/ad9081@0,jesd204:0,parent=spi1.0: JESD204[2] transition link_init -> link_supported
[    7.888932] jesd204: /axi/spi@ff040000/ad9081@0,jesd204:0,parent=spi1.0: JESD204[0] transition link_init -> link_supported
[    7.900334] hmc7044 spi2.0: hmc7044_jesd204_link_pre_setup: Link2 forcing continuous SYSREF mode
[    7.909358] axi-jesd204-rx 84a90000.axi-jesd204-rx: axi_jesd204_rx_jesd204_link_pre_setup: Link2 set lane rate 16080000 kHz failed (-22)
[    7.921615] jesd204: /fpga-axi@0/axi-jesd204-rx@84a90000,jesd204:4,parent=84a90000.axi-jesd204-rx: JESD204[2] In link_pre_setup got error from cb: -22
[    7.935084] jesd204: /axi/spi@ff040000/ad9081@0,jesd204:0,parent=spi1.0: Rolling back from 'link_supported', got error -22
[    7.946129] jesd204: /axi/spi@ff040000/ad9081@0,jesd204:0,parent=spi1.0: JESD204[0] transition link_supported -> link_pre_setup
[    7.957599] jesd204: /axi/spi@ff040000/ad9081@0,jesd204:0,parent=spi1.0: JESD204[2] transition link_supported -> link_pre_setup
[    7.969077] jesd204: /axi/spi@ff040000/ad9081@0,jesd204:0,parent=spi1.0: JESD204[0] transition link_pre_setup -> link_supported
[    7.980550] jesd204: /axi/spi@ff040000/ad9081@0,jesd204:0,parent=spi1.0: JESD204[2] transition link_pre_setup -> link_supported
[    7.992027] jesd204: /axi/spi@ff040000/ad9081@0,jesd204:0,parent=spi1.0: JESD204[0] transition link_supported -> link_init
[    8.003064] jesd204: /axi/spi@ff040000/ad9081@0,jesd204:0,parent=spi1.0: JESD204[2] transition link_supported -> link_init
[    8.014111] jesd204: /axi/spi@ff040000/ad9081@0,jesd204:0,parent=spi1.0: JESD204[0] transition link_init -> device_init
[    8.024892] jesd204: /axi/spi@ff040000/ad9081@0,jesd204:0,parent=spi1.0: JESD204[2] transition link_init -> device_init
[    8.035675] jesd204: /axi/spi@ff040000/ad9081@0,jesd204:0,parent=spi1.0: JESD204[0] transition device_init -> idle
[    8.046022] jesd204: /axi/spi@ff040000/ad9081@0,jesd204:0,parent=spi1.0: JESD204[2] transition device_init -> idle
[    8.056373] jesd204: /axi/spi@ff040000/ad9081@0,jesd204:0,parent=spi1.0: JESD204[2] transition idle -> idle
[    8.066109] jesd204: /axi/spi@ff040000/ad9081@0,jesd204:0,parent=spi1.0: JESD204[0] transition idle -> idle
[    8.075850] jesd204: /axi/spi@ff040000/ad9081@0,jesd204:0,parent=spi1.0: JESD204[2] transition idle -> device_init
[    8.086193] jesd204: /axi/spi@ff040000/ad9081@0,jesd204:0,parent=spi1.0: JESD204[0] transition idle -> device_init
[    8.096545] jesd204: /axi/spi@ff040000/ad9081@0,jesd204:0,parent=spi1.0: JESD204[2] transition device_init -> link_init
[    8.107321] jesd204: /axi/spi@ff040000/ad9081@0,jesd204:0,parent=spi1.0: JESD204[0] transition device_init -> link_init
[    8.118111] jesd204: /axi/spi@ff040000/ad9081@0,jesd204:0,parent=spi1.0: JESD204[2] transition link_init -> link_supported
[    8.129151] jesd204: /axi/spi@ff040000/ad9081@0,jesd204:0,parent=spi1.0: JESD204[0] transition link_init -> link_supported
[    8.140340] axi-jesd204-rx 84a90000.axi-jesd204-rx: axi_jesd204_rx_jesd204_link_pre_setup: Link2 set lane rate 16080000 kHz failed (-22)
[    8.152600] jesd204: /fpga-axi@0/axi-jesd204-rx@84a90000,jesd204:4,parent=84a90000.axi-jesd204-rx: JESD204[2] In link_pre_setup got error from cb: -22
[    8.166067] jesd204: /axi/spi@ff040000/ad9081@0,jesd204:0,parent=spi1.0: Rolling back from 'link_supported', got error -22
[    8.177112] jesd204: /axi/spi@ff040000/ad9081@0,jesd204:0,parent=spi1.0: JESD204[0] transition link_supported -> link_pre_setup
[    8.188582] jesd204: /axi/spi@ff040000/ad9081@0,jesd204:0,parent=spi1.0: JESD204[2] transition link_supported -> link_pre_setup
[    8.200060] jesd204: /axi/spi@ff040000/ad9081@0,jesd204:0,parent=spi1.0: JESD204[0] transition link_pre_setup -> link_supported
[    8.211532] jesd204: /axi/spi@ff040000/ad9081@0,jesd204:0,parent=spi1.0: JESD204[2] transition link_pre_setup -> link_supported
[    8.223011] jesd204: /axi/spi@ff040000/ad9081@0,jesd204:0,parent=spi1.0: JESD204[0] transition link_supported -> link_init
[    8.234048] jesd204: /axi/spi@ff040000/ad9081@0,jesd204:0,parent=spi1.0: JESD204[2] transition link_supported -> link_init
[    8.245095] jesd204: /axi/spi@ff040000/ad9081@0,jesd204:0,parent=spi1.0: JESD204[0] transition link_init -> device_init
[    8.255871] jesd204: /axi/spi@ff040000/ad9081@0,jesd204:0,parent=spi1.0: JESD204[2] transition link_init -> device_init
[    8.266653] jesd204: /axi/spi@ff040000/ad9081@0,jesd204:0,parent=spi1.0: JESD204[0] transition device_init -> idle
[    8.277001] jesd204: /axi/spi@ff040000/ad9081@0,jesd204:0,parent=spi1.0: JESD204[2] transition device_init -> idle
[    8.287348] jesd204: /axi/spi@ff040000/ad9081@0,jesd204:0,parent=spi1.0: JESD204[2] transition idle -> idle
[    8.297083] jesd204: /axi/spi@ff040000/ad9081@0,jesd204:0,parent=spi1.0: JESD204[0] transition idle -> idle
[    8.306825] jesd204: /axi/spi@ff040000/ad9081@0,jesd204:0,parent=spi1.0: JESD204[2] transition idle -> device_init
[    8.317168] jesd204: /axi/spi@ff040000/ad9081@0,jesd204:0,parent=spi1.0: JESD204[0] transition idle -> device_init
[    8.327518] jesd204: /axi/spi@ff040000/ad9081@0,jesd204:0,parent=spi1.0: JESD204[2] transition device_init -> link_init
[    8.338298] jesd204: /axi/spi@ff040000/ad9081@0,jesd204:0,parent=spi1.0: JESD204[0] transition device_init -> link_init
[    8.349084] jesd204: /axi/spi@ff040000/ad9081@0,jesd204:0,parent=spi1.0: JESD204[2] transition link_init -> link_supported
[    8.360125] jesd204: /axi/spi@ff040000/ad9081@0,jesd204:0,parent=spi1.0: JESD204[0] transition link_init -> link_supported
[    8.371313] axi-jesd204-rx 84a90000.axi-jesd204-rx: axi_jesd204_rx_jesd204_link_pre_setup: Link2 set lane rate 16080000 kHz failed (-22)
[    8.383572] jesd204: /fpga-axi@0/axi-jesd204-rx@84a90000,jesd204:4,parent=84a90000.axi-jesd204-rx: JESD204[2] In link_pre_setup got error from cb: -22
[    8.397042] jesd204: /axi/spi@ff040000/ad9081@0,jesd204:0,parent=spi1.0: Rolling back from 'link_supported', got error -22
[    8.408089] jesd204: /axi/spi@ff040000/ad9081@0,jesd204:0,parent=spi1.0: JESD204[0] transition link_supported -> link_pre_setup
[    8.419569] jesd204: /axi/spi@ff040000/ad9081@0,jesd204:0,parent=spi1.0: JESD204[2] transition link_supported -> link_pre_setup
[    8.431044] jesd204: /axi/spi@ff040000/ad9081@0,jesd204:0,parent=spi1.0: JESD204[0] transition link_pre_setup -> link_supported
[    8.442516] jesd204: /axi/spi@ff040000/ad9081@0,jesd204:0,parent=spi1.0: JESD204[2] transition link_pre_setup -> link_supported
[    8.453994] jesd204: /axi/spi@ff040000/ad9081@0,jesd204:0,parent=spi1.0: JESD204[0] transition link_supported -> link_init
[    8.465031] jesd204: /axi/spi@ff040000/ad9081@0,jesd204:0,parent=spi1.0: JESD204[2] transition link_supported -> link_init
[    8.476079] jesd204: /axi/spi@ff040000/ad9081@0,jesd204:0,parent=spi1.0: JESD204[0] transition link_init -> device_init
[    8.486854] jesd204: /axi/spi@ff040000/ad9081@0,jesd204:0,parent=spi1.0: JESD204[2] transition link_init -> device_init
[    8.497637] jesd204: /axi/spi@ff040000/ad9081@0,jesd204:0,parent=spi1.0: JESD204[0] transition device_init -> idle
[    8.507980] jesd204: /axi/spi@ff040000/ad9081@0,jesd204:0,parent=spi1.0: JESD204[2] transition device_init -> idle
[    8.518332] jesd204: /axi/spi@ff040000/ad9081@0,jesd204:0,parent=spi1.0: JESD204[2] transition idle -> idle
[    8.528066] jesd204: /axi/spi@ff040000/ad9081@0,jesd204:0,parent=spi1.0: JESD204[0] transition idle -> idle
[    8.537812] jesd204: /axi/spi@ff040000/ad9081@0,jesd204:0,parent=spi1.0: JESD204[2] transition idle -> device_init
[    8.548152] jesd204: /axi/spi@ff040000/ad9081@0,jesd204:0,parent=spi1.0: JESD204[0] transition idle -> device_init
[    8.558501] jesd204: /axi/spi@ff040000/ad9081@0,jesd204:0,parent=spi1.0: JESD204[2] transition device_init -> link_init
[    8.569278] jesd204: /axi/spi@ff040000/ad9081@0,jesd204:0,parent=spi1.0: JESD204[0] transition device_init -> link_init
[    8.580066] jesd204: /axi/spi@ff040000/ad9081@0,jesd204:0,parent=spi1.0: JESD204[2] transition link_init -> link_supported
[    8.591109] jesd204: /axi/spi@ff040000/ad9081@0,jesd204:0,parent=spi1.0: JESD204[0] transition link_init -> link_supported
[    8.602297] axi-jesd204-rx 84a90000.axi-jesd204-rx: axi_jesd204_rx_jesd204_link_pre_setup: Link2 set lane rate 16080000 kHz failed (-22)
[    8.614554] jesd204: /fpga-axi@0/axi-jesd204-rx@84a90000,jesd204:4,parent=84a90000.axi-jesd204-rx: JESD204[2] In link_pre_setup got error from cb: -22
[    8.628025] jesd204: /axi/spi@ff040000/ad9081@0,jesd204:0,parent=spi1.0: Rolling back from 'link_supported', got error -22
[    8.639070] jesd204: /axi/spi@ff040000/ad9081@0,jesd204:0,parent=spi1.0: JESD204[0] transition link_supported -> link_pre_setup
[    8.650541] jesd204: /axi/spi@ff040000/ad9081@0,jesd204:0,parent=spi1.0: JESD204[2] transition link_supported -> link_pre_setup
[    8.662022] jesd204: /axi/spi@ff040000/ad9081@0,jesd204:0,parent=spi1.0: JESD204[0] transition link_pre_setup -> link_supported
[    8.673499] jesd204: /axi/spi@ff040000/ad9081@0,jesd204:0,parent=spi1.0: JESD204[2] transition link_pre_setup -> link_supported
[    8.684977] jesd204: /axi/spi@ff040000/ad9081@0,jesd204:0,parent=spi1.0: JESD204[0] transition link_supported -> link_init
[    8.696015] jesd204: /axi/spi@ff040000/ad9081@0,jesd204:0,parent=spi1.0: JESD204[2] transition link_supported -> link_init
[    8.707062] jesd204: /axi/spi@ff040000/ad9081@0,jesd204:0,parent=spi1.0: JESD204[0] transition link_init -> device_init
[    8.717837] jesd204: /axi/spi@ff040000/ad9081@0,jesd204:0,parent=spi1.0: JESD204[2] transition link_init -> device_init
[    8.728620] jesd204: /axi/spi@ff040000/ad9081@0,jesd204:0,parent=spi1.0: JESD204[0] transition device_init -> idle
[    8.738964] jesd204: /axi/spi@ff040000/ad9081@0,jesd204:0,parent=spi1.0: JESD204[2] transition device_init -> idle
[    8.749310] jesd204: /axi/spi@ff040000/ad9081@0,jesd204:0,parent=spi1.0: FSM completed with error -22
[    8.767755] input: gpio-keys as /devices/platform/gpio-keys/input/input0
[    8.774760] of_cfs_init
[    8.777224] of_cfs_init: OK
[    8.780164] cfg80211: Loading compiled-in X.509 certificates for regulatory database
[    8.918402] cfg80211: Loaded X.509 cert 'sforshee: 00b28ddf47aef9cea7'
[    8.924932] clk: Not disabling unused clocks
[    8.929466] ALSA device list:
[    8.932426]   No soundcards found.
[    8.936106] platform regulatory.0: Direct firmware load for regulatory.db failed with error -2
[    8.944716] cfg80211: failed to load regulatory.db
[    8.959534] EXT4-fs (mmcblk0p2): mounted filesystem with ordered data mode. Opts: (null)
[    8.967646] VFS: Mounted root (ext4 filesystem) on device 179:2.
[    8.981296] devtmpfs: mounted
[    8.985110] Freeing unused kernel memory: 2560K
[    8.995776] Run /sbin/init as init process
[    8.999865]   with arguments:
[    8.999868]     /sbin/init
[    8.999870]   with environment:
[    8.999873]     HOME=/
[    8.999875]     TERM=linux
[    9.579151] systemd[1]: systemd 241 running in system mode. (+PAM +AUDIT +SELINUX +IMA +APPARMOR +SMACK +SYSVINIT +UTMP +LIBCRYPTSETUP +GCRYPT +GNUTLS +ACL +XZ +LZ4 +SECCOMP +BLKID +ELFUTILS +KMOD -IDN2 +IDN -PCRE2 default-hierarchy=hybrid)
[    9.601009] systemd[1]: Detected architecture arm64.
[    9.624449] systemd[1]: Set hostname to <analog>.
[    9.837653] systemd[1]: File /lib/systemd/system/systemd-journald.service:12 configures an IP firewall (IPAddressDeny=any), but the local system does not support BPF/cgroup based firewalling.
[    9.854717] systemd[1]: Proceeding WITHOUT firewalling in effect! (This warning is only shown for the first loaded unit using IP firewalling.)
[   10.020324] systemd[1]: /etc/systemd/system/tof-server.service:1: Assignment outside of section. Ignoring.
[   10.030025] systemd[1]: /etc/systemd/system/tof-server.service:2: Assignment outside of section. Ignoring.
[   10.218918] random: systemd: uninitialized urandom read (16 bytes read)
[   10.233837] random: systemd: uninitialized urandom read (16 bytes read)
[   10.241049] systemd[1]: Created slice system-serial\x2dgetty.slice.
[   10.263791] random: systemd: uninitialized urandom read (16 bytes read)
[   10.270759] systemd[1]: Listening on Journal Socket (/dev/log).
[   10.292028] systemd[1]: Created slice system-systemd\x2dfsck.slice.
[   10.888109] ------------[ cut here ]------------
[   10.888118] Enabling unprepared \xa0\x99P\x88\xff\xff\xff P\x88\xff\xff\xff
[   10.888166] WARNING: CPU: 1 PID: 130 at drivers/clk/clk.c:1012 clk_core_enable+0xa4/0xc0
[   10.888169] Modules linked in:
[   10.888179] CPU: 1 PID: 130 Comm: kworker/1:1H Not tainted 5.10.0-98103-g2aa7ac113716 #5577
[   10.888183] Hardware name: ZynqMP ZCU102 Rev1.0 (DT)
[   10.888192] Workqueue: kblockd blk_mq_run_work_fn
[   10.888200] pstate: 80000085 (Nzcv daIf -PAN -UAO -TCO BTYPE=--)
[   10.888205] pc : clk_core_enable+0xa4/0xc0
[   10.888211] lr : clk_core_enable+0xa4/0xc0
[   10.888214] sp : ffffffc012b532d0
[   10.888217] x29: ffffffc012b532d0 x28: ffffff8800330c10 
[   10.888224] x27: ffffff8800330d48 x26: 0000005000000101 
[   10.888230] x25: 000000028309f206 x24: 0000000000000001 
[   10.888237] x23: ffffff88010d3800 x22: ffffff8801043220 
[   10.888243] x21: ffffff8801502000 x20: ffffff8801502008 
[   10.888250] x19: ffffff8801502008 x18: 0000000000000030 
[   10.888257] x17: 000001b9a7d7783e x16: 000000000000001c 
[   10.888263] x15: ffffffffffff9d10 x14: ffffffc011d3b1a0 
[   10.888270] x13: ffffffc011d3b1c8 x12: 0000000000000675 
[   10.888276] x11: 0000000000000227 x10: ffffffc011d671c8 
[   10.888283] x9 : 00000000fffff800 x8 : ffffffc011d3b1c8 
[   10.888289] x7 : ffffffc011d671c8 x6 : 0000000000000001 
[   10.888296] x5 : ffffff887f77c9e0 x4 : 0000000000000000 
[   10.888302] x3 : 0000000000000027 x2 : 0000000000000023 
[   10.888308] x1 : 519fe77305a37500 x0 : 0000000000000000 
[   10.888315] Call trace:
[   10.888322]  clk_core_enable+0xa4/0xc0
[   10.888327]  clk_enable+0x2c/0x60
[   10.888334]  zynqmp_runtime_resume+0x24/0x84
[   10.888341]  pm_generic_runtime_resume+0x30/0x50
[   10.888346]  __genpd_runtime_resume+0x30/0xb0
[   10.888353]  genpd_runtime_resume+0x90/0x250
[   10.888359]  __rpm_callback+0x10c/0x1e0
[   10.888364]  rpm_callback+0x5c/0x84
[   10.888369]  rpm_resume+0x4a4/0x74c
[   10.888374]  __pm_runtime_resume+0x78/0xc4
[   10.888379]  spi_mem_access_start.isra.0+0x30/0x80
[   10.888383]  spi_mem_exec_op+0x3b0/0x424
[   10.888388]  spi_nor_read_sr+0x78/0xe0
[   10.888393]  spi_nor_wait_till_ready_with_timeout+0xb4/0x2f0
[   10.888397]  spi_nor_read+0x188/0x380
[   10.888402]  mtd_read_oob_std+0x78/0x84
[   10.888407]  mtd_read_oob+0x7c/0x134
[   10.888411]  mtd_read+0x48/0x7c
[   10.888417]  mtdblock_readsect+0x6c/0x150
[   10.888422]  mtd_queue_rq+0x2cc/0x5a0
[   10.888427]  blk_mq_dispatch_rq_list+0x110/0x790
[   10.888434]  __blk_mq_do_dispatch_sched+0x200/0x274
[   10.888439]  __blk_mq_sched_dispatch_requests+0x1a8/0x1fc
[   10.888444]  blk_mq_sched_dispatch_requests+0x3c/0x7c
[   10.888449]  __blk_mq_run_hw_queue+0x98/0x100
[   10.888454]  blk_mq_run_work_fn+0x24/0x30
[   10.888460]  process_one_work+0x1d4/0x380
[   10.888464]  worker_thread+0x78/0x4e0
[   10.888469]  kthread+0x124/0x130
[   10.888475]  ret_from_fork+0x10/0x3c
[   10.888478] ---[ end trace caf8403f5624971e ]---
[   10.888486] zynqmp-qspi ff0f0000.spi: Cannot enable APB clock.
[   10.888536] spi_master spi0: Failed to power device: -108
[   10.888545] blk_update_request: I/O error, dev mtdblock0, sector 8 op 0x0:(READ) flags 0x80700 phys_seg 1 prio class 0
[   10.888615] spi_master spi0: Failed to power device: -22
[   10.888622] blk_update_request: I/O error, dev mtdblock0, sector 8 op 0x0:(READ) flags 0x0 phys_seg 8 prio class 0
[   10.888628] Buffer I/O error on dev mtdblock0, logical block 8, async page read
[   10.888637] spi_master spi0: Failed to power device: -22
[   10.888643] blk_update_request: I/O error, dev mtdblock0, sector 9 op 0x0:(READ) flags 0x0 phys_seg 7 prio class 0
[   10.888647] Buffer I/O error on dev mtdblock0, logical block 9, async page read
[   10.888654] spi_master spi0: Failed to power device: -22
[   10.888660] blk_update_request: I/O error, dev mtdblock0, sector 10 op 0x0:(READ) flags 0x0 phys_seg 6 prio class 0
[   10.888664] Buffer I/O error on dev mtdblock0, logical block 10, async page read
[   10.888671] spi_master spi0: Failed to power device: -22
[   10.888676] blk_update_request: I/O error, dev mtdblock0, sector 11 op 0x0:(READ) flags 0x0 phys_seg 5 prio class 0
[   10.888680] Buffer I/O error on dev mtdblock0, logical block 11, async page read
[   10.888687] spi_master spi0: Failed to power device: -22
[   10.888693] blk_update_request: I/O error, dev mtdblock0, sector 12 op 0x0:(READ) flags 0x0 phys_seg 4 prio class 0
[   10.888697] Buffer I/O error on dev mtdblock0, logical block 12, async page read
[   10.888703] spi_master spi0: Failed to power device: -22
[   10.888709] blk_update_request: I/O error, dev mtdblock0, sector 13 op 0x0:(READ) flags 0x0 phys_seg 3 prio class 0
[   10.888713] Buffer I/O error on dev mtdblock0, logical block 13, async page read
[   10.888719] spi_master spi0: Failed to power device: -22
[   10.888725] blk_update_request: I/O error, dev mtdblock0, sector 14 op 0x0:(READ) flags 0x0 phys_seg 2 prio class 0
[   10.888729] Buffer I/O error on dev mtdblock0, logical block 14, async page read
[   10.888736] spi_master spi0: Failed to power device: -22
[   10.888741] blk_update_request: I/O error, dev mtdblock0, sector 15 op 0x0:(READ) flags 0x0 phys_seg 1 prio class 0
[   10.888745] Buffer I/O error on dev mtdblock0, logical block 15, async page read
[   10.889065] spi_master spi0: Failed to power device: -22
[   10.889072] blk_update_request: I/O error, dev mtdblock1, sector 10112 op 0x0:(READ) flags 0x80700 phys_seg 1 prio class 0
[   10.889117] spi_master spi0: Failed to power device: -22
[   10.889123] Buffer I/O error on dev mtdblock1, logical block 10112, async page read
[   10.889131] spi_master spi0: Failed to power device: -22
[   10.889136] Buffer I/O error on dev mtdblock1, logical block 10113, async page read
[   10.889142] spi_master spi0: Failed to power device: -22
[   10.889150] spi_master spi0: Failed to power device: -22
[   10.889158] spi_master spi0: Failed to power device: -22
[   10.889165] spi_master spi0: Failed to power device: -22
[   10.889172] spi_master spi0: Failed to power device: -22
[   10.889180] spi_master spi0: Failed to power device: -22
[   10.889411] spi_master spi0: Failed to power device: -22
[   10.889455] spi_master spi0: Failed to power device: -22
[   10.889464] spi_master spi0: Failed to power device: -22
[   10.889472] spi_master spi0: Failed to power device: -22
[   10.889480] spi_master spi0: Failed to power device: -22
[   10.889487] spi_master spi0: Failed to power device: -22
[   10.889494] spi_master spi0: Failed to power device: -22
[   10.889502] spi_master spi0: Failed to power device: -22
[   10.889509] spi_master spi0: Failed to power device: -22
[   10.889776] spi_master spi0: Failed to power device: -22
[   10.889820] spi_master spi0: Failed to power device: -22
[   10.889829] spi_master spi0: Failed to power device: -22
[   10.889837] spi_master spi0: Failed to power device: -22
[   10.889844] spi_master spi0: Failed to power device: -22
[   10.889851] spi_master spi0: Failed to power device: -22
[   10.889859] spi_master spi0: Failed to power device: -22
[   10.889866] spi_master spi0: Failed to power device: -22
[   10.889873] spi_master spi0: Failed to power device: -22
[   11.016746] EXT4-fs (mmcblk0p2): re-mounted. Opts: (null)
[   11.192629] systemd-journald[169]: Received request to flush runtime journal from PID 1
[   17.109211] macb ff0e0000.ethernet eth0: PHY [ff0e0000.ethernet-ffffffff:0c] driver [TI DP83867] (irq=POLL)
[   17.109223] macb ff0e0000.ethernet eth0: configuring for phy/rgmii-id link mode
[   17.379748] Adding 67580k swap on /var/swap.  Priority:-2 extents:1 across:67580k SS
[   19.087738] random: crng init done
[   19.087749] random: 7 urandom warning(s) missed due to ratelimiting
[   19.969304] broken atomic modeset userspace detected, disabling atomic
[   21.185339] macb ff0e0000.ethernet eth0: Link is Up - 1Gbps/Full - flow control off
[   21.185366] IPv6: ADDRCONF(NETDEV_CHANGE): eth0: link becomes ready
[   22.631479] broken atomic modeset userspace detected, disabling atomic
[   25.500432] broken atomic modeset userspace detected, disabling atomic
[   28.132768] broken atomic modeset userspace detected, disabling atomic