[    0.000000] Booting Linux on physical CPU 0x0000000000 [0x410fd034]
[    0.000000] Linux version 5.10.0-98103-g2aa7ac113716 (jenkins@romlxbuild1.adlk.analog.com) (aarch64-xilinx-linux-gcc.real (GCC) 10.2.0, GNU ld (GNU Binutils) 2.35.0.20200730) #5577 SMP Wed Mar 23 07:28:49 GMT 2022
[    0.000000] Machine model: ZynqMP ZCU102 Rev1.0
[    0.000000] earlycon: cdns0 at MMIO 0x00000000ff000000 (options '115200n8')
[    0.000000] printk: bootconsole [cdns0] enabled
[    0.000000] efi: UEFI not found.
[    0.000000] cma: Reserved 256 MiB at 0x0000000070000000
[    0.000000] Zone ranges:
[    0.000000]   DMA      [mem 0x0000000000000000-0x000000003fffffff]
[    0.000000]   DMA32    [mem 0x0000000040000000-0x00000000ffffffff]
[    0.000000]   Normal   [mem 0x0000000100000000-0x000000087fffffff]
[    0.000000] Movable zone start for each node
[    0.000000] Early memory node ranges
[    0.000000]   node   0: [mem 0x0000000000000000-0x000000007fffffff]
[    0.000000]   node   0: [mem 0x0000000800000000-0x000000087fffffff]
[    0.000000] Initmem setup node 0 [mem 0x0000000000000000-0x000000087fffffff]
[    0.000000] On node 0 totalpages: 1048576
[    0.000000]   DMA zone: 3584 pages used for memmap
[    0.000000]   DMA zone: 0 pages reserved
[    0.000000]   DMA zone: 262144 pages, LIFO batch:63
[    0.000000]   DMA32 zone: 3584 pages used for memmap
[    0.000000]   DMA32 zone: 262144 pages, LIFO batch:63
[    0.000000]   Normal zone: 7168 pages used for memmap
[    0.000000]   Normal zone: 524288 pages, LIFO batch:63
[    0.000000] psci: probing for conduit method from DT.
[    0.000000] psci: PSCIv1.1 detected in firmware.
[    0.000000] psci: Using standard PSCI v0.2 function IDs
[    0.000000] psci: MIGRATE_INFO_TYPE not supported.
[    0.000000] psci: SMC Calling Convention v1.2
[    0.000000] percpu: Embedded 22 pages/cpu s49496 r8192 d32424 u90112
[    0.000000] pcpu-alloc: s49496 r8192 d32424 u90112 alloc=22*4096
[    0.000000] pcpu-alloc: [0] 0 [0] 1 [0] 2 [0] 3 
[    0.000000] Detected VIPT I-cache on CPU0
[    0.000000] CPU features: detected: ARM erratum 845719
[    0.000000] Built 1 zonelists, mobility grouping on.  Total pages: 1034240
[    0.000000] Kernel command line: console=ttyPS0,115200 root=/dev/mmcblk0p2 rw earlycon rootfstype=ext4 rootwait clk_ignore_unused cpuidle.off=1 root=/dev/mmcblk0p2 rw rootwait
[    0.000000] Dentry cache hash table entries: 524288 (order: 10, 4194304 bytes, linear)
[    0.000000] Inode-cache hash table entries: 262144 (order: 9, 2097152 bytes, linear)
[    0.000000] mem auto-init: stack:off, heap alloc:off, heap free:off
[    0.000000] software IO TLB: mapped [mem 0x000000003bfff000-0x000000003ffff000] (64MB)
[    0.000000] Memory: 3761904K/4194304K available (15296K kernel code, 1636K rwdata, 11876K rodata, 2560K init, 507K bss, 170256K reserved, 262144K cma-reserved)
[    0.000000] rcu: Hierarchical RCU implementation.
[    0.000000] rcu: 	RCU event tracing is enabled.
[    0.000000] rcu: 	RCU restricting CPUs from NR_CPUS=8 to nr_cpu_ids=4.
[    0.000000] rcu: RCU calculated value of scheduler-enlistment delay is 25 jiffies.
[    0.000000] rcu: Adjusting geometry for rcu_fanout_leaf=16, nr_cpu_ids=4
[    0.000000] NR_IRQS: 64, nr_irqs: 64, preallocated irqs: 0
[    0.000000] GIC: Adjusting CPU interface base to 0x00000000f902f000
[    0.000000] GIC: Using split EOI/Deactivate mode
[    0.000000] random: get_random_bytes called from start_kernel+0x31c/0x54c with crng_init=0
[    0.000000] arch_timer: cp15 timer(s) running at 100.00MHz (phys).
[    0.000000] clocksource: arch_sys_counter: mask: 0xffffffffffffff max_cycles: 0x171024e7e0, max_idle_ns: 440795205315 ns
[    0.000003] sched_clock: 56 bits at 100MHz, resolution 10ns, wraps every 4398046511100ns
[    0.008465] Console: colour dummy device 80x25
[    0.012482] Calibrating delay loop (skipped), value calculated using timer frequency.. 200.00 BogoMIPS (lpj=400000)
[    0.022841] pid_max: default: 32768 minimum: 301
[    0.027550] Mount-cache hash table entries: 8192 (order: 4, 65536 bytes, linear)
[    0.034789] Mountpoint-cache hash table entries: 8192 (order: 4, 65536 bytes, linear)
[    0.043396] rcu: Hierarchical SRCU implementation.
[    0.047561] EFI services will not be available.
[    0.051937] smp: Bringing up secondary CPUs ...
[    0.056657] Detected VIPT I-cache on CPU1
[    0.056696] CPU1: Booted secondary processor 0x0000000001 [0x410fd034]
[    0.057059] Detected VIPT I-cache on CPU2
[    0.057083] CPU2: Booted secondary processor 0x0000000002 [0x410fd034]
[    0.057422] Detected VIPT I-cache on CPU3
[    0.057445] CPU3: Booted secondary processor 0x0000000003 [0x410fd034]
[    0.057491] smp: Brought up 1 node, 4 CPUs
[    0.091780] SMP: Total of 4 processors activated.
[    0.096452] CPU features: detected: 32-bit EL0 Support
[    0.101556] CPU features: detected: CRC32 instructions
[    0.106695] CPU: All CPU(s) started at EL2
[    0.110736] alternatives: patching kernel code
[    0.116171] devtmpfs: initialized
[    0.124066] Registered cp15_barrier emulation handler
[    0.124116] Registered setend emulation handler
[    0.128093] clocksource: jiffies: mask: 0xffffffff max_cycles: 0xffffffff, max_idle_ns: 7645041785100000 ns
[    0.137670] futex hash table entries: 1024 (order: 4, 65536 bytes, linear)
[    0.151024] pinctrl core: initialized pinctrl subsystem
[    0.151670] NET: Registered protocol family 16
[    0.156095] DMA: preallocated 512 KiB GFP_KERNEL pool for atomic allocations
[    0.162108] DMA: preallocated 512 KiB GFP_KERNEL|GFP_DMA pool for atomic allocations
[    0.169833] DMA: preallocated 512 KiB GFP_KERNEL|GFP_DMA32 pool for atomic allocations
[    0.177637] audit: initializing netlink subsys (disabled)
[    0.183089] audit: type=2000 audit(0.116:1): state=initialized audit_enabled=0 res=1
[    0.183436] hw-breakpoint: found 6 breakpoint and 4 watchpoint registers.
[    0.197464] ASID allocator initialised with 65536 entries
[    0.224367] HugeTLB registered 1.00 GiB page size, pre-allocated 0 pages
[    0.225421] HugeTLB registered 32.0 MiB page size, pre-allocated 0 pages
[    0.232091] HugeTLB registered 2.00 MiB page size, pre-allocated 0 pages
[    0.238755] HugeTLB registered 64.0 KiB page size, pre-allocated 0 pages
[    1.304330] DRBG: Continuing without Jitter RNG
[    1.382148] raid6: neonx8   gen()  2144 MB/s
[    1.450195] raid6: neonx8   xor()  1599 MB/s
[    1.518255] raid6: neonx4   gen()  2193 MB/s
[    1.586306] raid6: neonx4   xor()  1567 MB/s
[    1.654368] raid6: neonx2   gen()  2076 MB/s
[    1.722424] raid6: neonx2   xor()  1439 MB/s
[    1.790480] raid6: neonx1   gen()  1772 MB/s
[    1.858532] raid6: neonx1   xor()  1220 MB/s
[    1.926588] raid6: int64x8  gen()  1438 MB/s
[    1.994645] raid6: int64x8  xor()   771 MB/s
[    2.062710] raid6: int64x4  gen()  1599 MB/s
[    2.130768] raid6: int64x4  xor()   817 MB/s
[    2.198831] raid6: int64x2  gen()  1397 MB/s
[    2.266881] raid6: int64x2  xor()   750 MB/s
[    2.334966] raid6: int64x1  gen()  1033 MB/s
[    2.403019] raid6: int64x1  xor()   517 MB/s
[    2.403057] raid6: using algorithm neonx4 gen() 2193 MB/s
[    2.407013] raid6: .... xor() 1567 MB/s, rmw enabled
[    2.411944] raid6: using neon recovery algorithm
[    2.416958] iommu: Default domain type: Translated 
[    2.421571] SCSI subsystem initialized
[    2.425112] libata version 3.00 loaded.
[    2.425236] usbcore: registered new interface driver usbfs
[    2.430567] usbcore: registered new interface driver hub
[    2.435841] usbcore: registered new device driver usb
[    2.440974] mc: Linux media interface: v0.10
[    2.445092] videodev: Linux video capture interface: v2.00
[    2.450583] EDAC MC: Ver: 3.0.0
[    2.454021] zynqmp-ipi-mbox mailbox@ff990400: Registered ZynqMP IPI mbox with TX/RX channels.
[    2.462525] jesd204: created con: id=0, topo=0, link=0, /axi/spi@ff050000/hmc7044@0 <-> /fpga-axi@0/axi-adxcvr-tx@84b60000
[    2.473112] jesd204: created con: id=1, topo=0, link=2, /axi/spi@ff050000/hmc7044@0 <-> /fpga-axi@0/axi-adxcvr-rx@84a60000
[    2.484096] jesd204: created con: id=2, topo=0, link=0, /fpga-axi@0/axi-adxcvr-tx@84b60000 <-> /fpga-axi@0/axi-jesd204-tx@84b90000
[    2.495771] jesd204: created con: id=3, topo=0, link=2, /fpga-axi@0/axi-adxcvr-rx@84a60000 <-> /fpga-axi@0/axi-jesd204-rx@84a90000
[    2.507449] jesd204: created con: id=4, topo=0, link=0, /fpga-axi@0/axi-jesd204-tx@84b90000 <-> /fpga-axi@0/axi-ad9081-tx-hpc@84b10000
[    2.519477] jesd204: created con: id=5, topo=0, link=2, /fpga-axi@0/axi-jesd204-rx@84a90000 <-> /fpga-axi@0/axi-ad9081-rx-hpc@84a10000
[    2.531499] jesd204: created con: id=6, topo=0, link=2, /fpga-axi@0/axi-ad9081-rx-hpc@84a10000 <-> /axi/spi@ff040000/ad9081@0
[    2.542741] jesd204: created con: id=7, topo=0, link=0, /fpga-axi@0/axi-ad9081-tx-hpc@84b10000 <-> /axi/spi@ff040000/ad9081@0
[    2.553991] jesd204: /axi/spi@ff040000/ad9081@0: JESD204[2] transition uninitialized -> initialized
[    2.562977] jesd204: /axi/spi@ff040000/ad9081@0: JESD204[0] transition uninitialized -> initialized
[    2.571969] jesd204: found 8 devices and 1 topologies
[    2.577013] FPGA manager framework
[    2.580487] Advanced Linux Sound Architecture Driver Initialized.
[    2.586786] Bluetooth: Core ver 2.22
[    2.589974] NET: Registered protocol family 31
[    2.594373] Bluetooth: HCI device and connection manager initialized
[    2.600690] Bluetooth: HCI socket layer initialized
[    2.605532] Bluetooth: L2CAP socket layer initialized
[    2.610555] Bluetooth: SCO socket layer initialized
[    2.615738] clocksource: Switched to clocksource arch_sys_counter
[    2.621543] VFS: Disk quotas dquot_6.6.0
[    2.625384] VFS: Dquot-cache hash table entries: 512 (order 0, 4096 bytes)
[    2.636098] NET: Registered protocol family 2
[    2.636828] tcp_listen_portaddr_hash hash table entries: 2048 (order: 3, 32768 bytes, linear)
[    2.645022] TCP established hash table entries: 32768 (order: 6, 262144 bytes, linear)
[    2.653048] TCP bind hash table entries: 32768 (order: 7, 524288 bytes, linear)
[    2.660493] TCP: Hash tables configured (established 32768 bind 32768)
[    2.666667] UDP hash table entries: 2048 (order: 4, 65536 bytes, linear)
[    2.673334] UDP-Lite hash table entries: 2048 (order: 4, 65536 bytes, linear)
[    2.680492] NET: Registered protocol family 1
[    2.684947] RPC: Registered named UNIX socket transport module.
[    2.690571] RPC: Registered udp transport module.
[    2.695234] RPC: Registered tcp transport module.
[    2.699905] RPC: Registered tcp NFSv4.1 backchannel transport module.
[    2.706896] PCI: CLS 0 bytes, default 64
[    2.710596] hw perfevents: no interrupt-affinity property for /pmu, guessing.
[    2.717466] hw perfevents: enabled with armv8_pmuv3 PMU driver, 7 counters available
[    2.725798] Initialise system trusted keyrings
[    2.729487] workingset: timestamp_bits=62 max_order=20 bucket_order=0
[    2.736382] NFS: Registering the id_resolver key type
[    2.740832] Key type id_resolver registered
[    2.744972] Key type id_legacy registered
[    2.748962] nfs4filelayout_init: NFSv4 File Layout Driver Registering...
[    2.755628] jffs2: version 2.2. (NAND) (SUMMARY)  Â© 2001-2006 Red Hat, Inc.
[    2.798503] NET: Registered protocol family 38
[    2.798545] xor: measuring software checksum speed
[    2.806237]    8regs           :  2363 MB/sec
[    2.809905]    32regs          :  2799 MB/sec
[    2.814848]    arm64_neon      :  2380 MB/sec
[    2.815038] xor: using function: 32regs (2799 MB/sec)
[    2.820064] Key type asymmetric registered
[    2.824125] Asymmetric key parser 'x509' registered
[    2.828988] Block layer SCSI generic (bsg) driver version 0.4 loaded (major 248)
[    2.836323] io scheduler mq-deadline registered
[    2.840819] io scheduler kyber registered
[    2.870225] Serial: 8250/16550 driver, 4 ports, IRQ sharing disabled
[    2.874861] cacheinfo: Unable to detect cache hierarchy for CPU 0
[    2.881199] brd: module loaded
[    2.885340] loop: module loaded
[    2.885888] Registered mathworks_ip class
[    2.889251] libphy: Fixed MDIO Bus: probed
[    2.892204] tun: Universal TUN/TAP device driver, 1.6
[    2.896274] CAN device driver interface
[    2.900812] usbcore: registered new interface driver asix
[    2.905405] usbcore: registered new interface driver ax88179_178a
[    2.911441] usbcore: registered new interface driver cdc_ether
[    2.917235] usbcore: registered new interface driver net1080
[    2.922861] usbcore: registered new interface driver cdc_subset
[    2.928741] usbcore: registered new interface driver zaurus
[    2.934285] usbcore: registered new interface driver cdc_ncm
[    2.940687] ehci_hcd: USB 2.0 'Enhanced' Host Controller (EHCI) Driver
[    2.946370] ehci-pci: EHCI PCI platform driver
[    2.951174] usbcore: registered new interface driver uas
[    2.956085] usbcore: registered new interface driver usb-storage
[    2.962073] usbcore: registered new interface driver usbserial_generic
[    2.968524] usbserial: USB Serial support registered for generic
[    2.974499] usbcore: registered new interface driver ftdi_sio
[    2.980203] usbserial: USB Serial support registered for FTDI USB Serial Device
[    2.987474] usbcore: registered new interface driver upd78f0730
[    2.993348] usbserial: USB Serial support registered for upd78f0730
[    3.001006] rtc_zynqmp ffa60000.rtc: registered as rtc0
[    3.004774] rtc_zynqmp ffa60000.rtc: setting system clock to 2022-03-26T02:46:59 UTC (1648262819)
[    3.013636] i2c /dev entries driver
[    3.018943] usbcore: registered new interface driver uvcvideo
[    3.022749] USB Video Class driver (1.1.1)
[    3.028334] Bluetooth: HCI UART driver ver 2.3
[    3.031220] Bluetooth: HCI UART protocol H4 registered
[    3.036330] Bluetooth: HCI UART protocol BCSP registered
[    3.041619] Bluetooth: HCI UART protocol LL registered
[    3.046707] Bluetooth: HCI UART protocol ATH3K registered
[    3.052081] Bluetooth: HCI UART protocol Three-wire (H5) registered
[    3.058337] Bluetooth: HCI UART protocol Intel registered
[    3.063673] Bluetooth: HCI UART protocol QCA registered
[    3.068876] usbcore: registered new interface driver bcm203x
[    3.074497] usbcore: registered new interface driver bpa10x
[    3.080032] usbcore: registered new interface driver bfusb
[    3.085483] usbcore: registered new interface driver btusb
[    3.090946] usbcore: registered new interface driver ath3k
[    3.096427] EDAC MC: ECC not enabled
[    3.100065] EDAC DEVICE0: Giving out device to module zynqmp-ocm-edac controller zynqmp_ocm: DEV ff960000.memory-controller (INTERRUPT)
[    3.112367] sdhci: Secure Digital Host Controller Interface driver
[    3.118156] sdhci: Copyright(c) Pierre Ossman
[    3.122482] sdhci-pltfm: SDHCI platform and OF driver helper
[    3.128534] ledtrig-cpu: registered to indicate activity on CPUs
[    3.134085] SMCCC: SOC_ID: ARCH_SOC_ID not implemented, skipping ....
[    3.140515] zynqmp_firmware_probe Platform Management API v1.1
[    3.146272] zynqmp_firmware_probe Trustzone version v1.0
[    3.185821] zynqmp-pinctrl firmware:zynqmp-firmware:pinctrl: zynqmp pinctrl initialized
[    3.233743] zynqmp-aes firmware:zynqmp-firmware:zynqmp-aes: will run requests pump with realtime priority
[    3.249532] alg: No test for xilinx-keccak-384 (zynqmp-keccak-384)
[    3.250241] alg: No test for xilinx-zynqmp-rsa (zynqmp-rsa)
[    3.255761] usbcore: registered new interface driver usbhid
[    3.261141] usbhid: USB HID core driver
[    3.272369] axi_sysid 85000000.axi-sysid-0: AXI System ID core version (1.01.a) found
[    3.274716] axi_sysid 85000000.axi-sysid-0: [ad9081_fmca_ebz] on [zcu102] git branch <master> git <084d44c9780640ca93fd847b1d9ec70dd65f5c67> clean [2022-03-18 04:17:50] UTC
[    3.290407] fpga_manager fpga0: Xilinx ZynqMP FPGA Manager registered
[    3.296769] usbcore: registered new interface driver snd-usb-audio
[    3.304205] pktgen: Packet Generator for packet performance testing. Version: 2.75
[    3.310378] Initializing XFRM netlink socket
[    3.314249] NET: Registered protocol family 10
[    3.318957] Segment Routing with IPv6
[    3.322347] sit: IPv6, IPv4 and MPLS over IPv4 tunneling driver
[    3.328411] NET: Registered protocol family 17
[    3.332517] NET: Registered protocol family 15
[    3.337011] can: controller area network core
[    3.341270] NET: Registered protocol family 29
[    3.345657] can: raw protocol
[    3.348593] can: broadcast manager protocol
[    3.352748] can: netlink gateway - max_hops=1
[    3.357144] Bluetooth: RFCOMM TTY layer initialized
[    3.361922] Bluetooth: RFCOMM socket layer initialized
[    3.367034] Bluetooth: RFCOMM ver 1.11
[    3.370741] Bluetooth: BNEP (Ethernet Emulation) ver 1.3
[    3.376012] Bluetooth: BNEP filters: protocol multicast
[    3.381206] Bluetooth: BNEP socket layer initialized
[    3.386133] Bluetooth: HIDP (Human Interface Emulation) ver 1.2
[    3.392016] Bluetooth: HIDP socket layer initialized
[    3.397071] 9pnet: Installing 9P2000 support
[    3.401194] NET: Registered protocol family 36
[    3.405610] Key type dns_resolver registered
[    3.410046] registered taskstats version 1
[    3.413907] Loading compiled-in X.509 certificates
[    3.419021] Btrfs loaded, crc32c=crc32c-generic
[    3.431417] ff000000.serial: ttyPS0 at MMIO 0xff000000 (irq = 49, base_baud = 6249999) is a xuartps
[    3.440442] printk: console [ttyPS0] enabled
[    3.444736] printk: bootconsole [cdns0] disabled
[    3.454365] ff010000.serial: ttyPS1 at MMIO 0xff010000 (irq = 50, base_baud = 6249999) is a xuartps
[    3.467620] of-fpga-region fpga-full: FPGA Region probed
[    3.474568] nwl-pcie fd0e0000.pcie: host bridge /axi/pcie@fd0e0000 ranges:
[    3.481465] nwl-pcie fd0e0000.pcie:      MEM 0x00e0000000..0x00efffffff -> 0x00e0000000
[    3.489474] nwl-pcie fd0e0000.pcie:      MEM 0x0600000000..0x07ffffffff -> 0x0600000000
[    3.497538] nwl-pcie fd0e0000.pcie: Link is DOWN
[    3.502296] nwl-pcie fd0e0000.pcie: PCI host bridge to bus 0000:00
[    3.508473] pci_bus 0000:00: root bus resource [bus 00-ff]
[    3.513955] pci_bus 0000:00: root bus resource [mem 0xe0000000-0xefffffff]
[    3.520825] pci_bus 0000:00: root bus resource [mem 0x600000000-0x7ffffffff pref]
[    3.528328] pci 0000:00:00.0: [10ee:d021] type 01 class 0x060400
[    3.534385] pci 0000:00:00.0: PME# supported from D0 D1 D2 D3hot
[    3.544827] pci 0000:00:00.0: PCI bridge to [bus 01-0c]
[    3.550805] xilinx-zynqmp-dma fd500000.dma: ZynqMP DMA driver Probe success
[    3.557981] xilinx-zynqmp-dma fd510000.dma: ZynqMP DMA driver Probe success
[    3.565149] xilinx-zynqmp-dma fd520000.dma: ZynqMP DMA driver Probe success
[    3.572317] xilinx-zynqmp-dma fd530000.dma: ZynqMP DMA driver Probe success
[    3.579484] xilinx-zynqmp-dma fd540000.dma: ZynqMP DMA driver Probe success
[    3.586652] xilinx-zynqmp-dma fd550000.dma: ZynqMP DMA driver Probe success
[    3.593826] xilinx-zynqmp-dma fd560000.dma: ZynqMP DMA driver Probe success
[    3.600993] xilinx-zynqmp-dma fd570000.dma: ZynqMP DMA driver Probe success
[    3.608391] xilinx-zynqmp-dpdma fd4c0000.dma-controller: Xilinx DPDMA engine is probed
[    3.616950] ahci-ceva fd0c0000.ahci: supply ahci not found, using dummy regulator
[    3.624490] ahci-ceva fd0c0000.ahci: supply phy not found, using dummy regulator
[    3.711913] hmc7044 spi2.0: PLL1: Acquisition, CLKIN0 @ 122880000 Hz, PFD: 80 kHz - PLL2: Locked @ 2832.000000 MHz
[    3.722633] jesd204: /axi/spi@ff050000/hmc7044@0,jesd204:1,parent=spi2.0: Using as SYSREF provider
[    3.732215] spi-nor spi0.0: SPI-NOR-UniqueID 100000235394732200270025081115266e
[    3.739526] spi-nor spi0.0: found n25q512a, expected m25p80
[    3.745720] spi-nor spi0.0: trying to lock already unlocked area
[    3.751719] spi-nor spi0.0: n25q512a (131072 Kbytes)
[    3.756706] 4 fixed-partitions partitions found on MTD device spi0.0
[    3.763052] Creating 4 MTD partitions on "spi0.0":
[    3.767837] 0x000000000000-0x000000100000 : "qspi-fsbl-uboot"
[    3.774334] 0x000000100000-0x000000600000 : "qspi-linux"
[    3.780292] 0x000000600000-0x000000620000 : "qspi-device-tree"
[    3.786765] 0x000000620000-0x000000c00000 : "qspi-rootfs"
[    3.795233] macb ff0e0000.ethernet: Not enabling partial store and forward
[    3.802758] libphy: MACB_mii_bus: probed
[    3.807818] macb ff0e0000.ethernet eth0: Cadence GEM rev 0x50070106 at 0xff0e0000 irq 30 (00:0a:35:04:8e:1b)
[    3.818036] xilinx-axipmon ffa00000.perf-monitor: Probed Xilinx APM
[    3.824613] xilinx-axipmon fd0b0000.perf-monitor: Probed Xilinx APM
[    3.831134] xilinx-axipmon fd490000.perf-monitor: Probed Xilinx APM
[    3.837673] xilinx-axipmon ffa10000.perf-monitor: Probed Xilinx APM
[    3.847676] pca953x 0-0020: supply vcc not found, using dummy regulator
[    3.854362] pca953x 0-0020: using no AI
[    3.858848] gpio-496 (sel0): hogged as output/low
[    3.863756] gpio-497 (sel1): hogged as output/high
[    3.868744] gpio-498 (sel2): hogged as output/high
[    3.873733] gpio-499 (sel3): hogged as output/high
[    3.878912] pca953x 0-0021: supply vcc not found, using dummy regulator
[    3.885583] pca953x 0-0021: using no AI
[    3.891354] ina2xx 2-0040: power monitor ina226 (Rshunt = 5000 uOhm)
[    3.898388] ina2xx 2-0041: power monitor ina226 (Rshunt = 5000 uOhm)
[    3.905429] ina2xx 2-0042: power monitor ina226 (Rshunt = 5000 uOhm)
[    3.912460] ina2xx 2-0043: power monitor ina226 (Rshunt = 5000 uOhm)
[    3.919480] ina2xx 2-0044: power monitor ina226 (Rshunt = 5000 uOhm)
[    3.926501] ina2xx 2-0045: power monitor ina226 (Rshunt = 5000 uOhm)
[    3.933536] ina2xx 2-0046: power monitor ina226 (Rshunt = 5000 uOhm)
[    3.940611] ina2xx 2-0047: power monitor ina226 (Rshunt = 5000 uOhm)
[    3.947642] ina2xx 2-004a: power monitor ina226 (Rshunt = 5000 uOhm)
[    3.954669] ina2xx 2-004b: power monitor ina226 (Rshunt = 5000 uOhm)
[    3.961075] i2c i2c-0: Added multiplexed i2c bus 2
[    3.966462] random: fast init done
[    3.969937] ina2xx 3-0040: power monitor ina226 (Rshunt = 2000 uOhm)
[    3.976964] ina2xx 3-0041: power monitor ina226 (Rshunt = 5000 uOhm)
[    3.983990] ina2xx 3-0042: power monitor ina226 (Rshunt = 5000 uOhm)
[    3.991017] ina2xx 3-0043: power monitor ina226 (Rshunt = 5000 uOhm)
[    3.998039] ina2xx 3-0044: power monitor ina226 (Rshunt = 5000 uOhm)
[    4.005064] ina2xx 3-0045: power monitor ina226 (Rshunt = 5000 uOhm)
[    4.012100] ina2xx 3-0046: power monitor ina226 (Rshunt = 5000 uOhm)
[    4.019127] ina2xx 3-0047: power monitor ina226 (Rshunt = 5000 uOhm)
[    4.025529] i2c i2c-0: Added multiplexed i2c bus 3
[    4.081802] i2c i2c-0: Added multiplexed i2c bus 4
[    4.086747] i2c i2c-0: Added multiplexed i2c bus 5
[    4.091535] pca954x 0-0075: registered 4 multiplexed busses for I2C mux pca9544
[    4.098885] cdns-i2c ff020000.i2c: 400 kHz mmio ff020000 irq 32
[    4.106621] at24 6-0054: supply vcc not found, using dummy regulator
[    4.113519] at24 6-0054: 1024 byte 24c08 EEPROM, writable, 1 bytes/write
[    4.120274] i2c i2c-1: Added multiplexed i2c bus 6
[    4.126703] si5341 7-0036: Chip: 5341 Grade: 1 Rev: 1
[    4.164393] i2c i2c-1: Added multiplexed i2c bus 7
[    4.172048] si570 8-005d: registered, current frequency 300000000 Hz
[    4.178454] i2c i2c-1: Added multiplexed i2c bus 8
[    4.198226] si570 9-005d: registered, current frequency 148500000 Hz
[    4.204625] i2c i2c-1: Added multiplexed i2c bus 9
[    4.209660] si5324 10-0069: si5328 probed
[    4.276093] si5324 10-0069: si5328 probe successful
[    4.281020] i2c i2c-1: Added multiplexed i2c bus 10
[    4.286048] i2c i2c-1: Added multiplexed i2c bus 11
[    4.291077] i2c i2c-1: Added multiplexed i2c bus 12
[    4.296105] i2c i2c-1: Added multiplexed i2c bus 13
[    4.300983] pca954x 1-0074: registered 8 multiplexed busses for I2C switch pca9548
[    4.309092] at24 14-0050: supply vcc not found, using dummy regulator
[    4.315879] at24 14-0050: 256 byte 24c02 EEPROM, writable, 1 bytes/write
[    4.322628] i2c i2c-1: Added multiplexed i2c bus 14
[    4.327665] i2c i2c-1: Added multiplexed i2c bus 15
[    4.332701] i2c i2c-1: Added multiplexed i2c bus 16
[    4.337737] i2c i2c-1: Added multiplexed i2c bus 17
[    4.342771] i2c i2c-1: Added multiplexed i2c bus 18
[    4.347813] i2c i2c-1: Added multiplexed i2c bus 19
[    4.352852] i2c i2c-1: Added multiplexed i2c bus 20
[    4.357881] i2c i2c-1: Added multiplexed i2c bus 21
[    4.362758] pca954x 1-0075: registered 8 multiplexed busses for I2C switch pca9548
[    4.370367] cdns-i2c ff030000.i2c: 400 kHz mmio ff030000 irq 33
[    4.380116] cdns-wdt fd4d0000.watchdog: Xilinx Watchdog Timer with timeout 60s
[    4.391063] axi_adxcvr 84a60000.axi-adxcvr-rx: AXI-ADXCVR-RX (17.05.a) using CPLL on GTH4 at 0x84A60000. Number of lanes: 4.
[    4.403228] axi_adxcvr 84b60000.axi-adxcvr-tx: AXI-ADXCVR-TX (17.05.a) using QPLL on GTH4 at 0x84B60000. Number of lanes: 4.
[    4.414853] axi-jesd204-rx 84a90000.axi-jesd204-rx: AXI-JESD204-RX (1.07.a) at 0x84A90000. Encoder 8b10b, width 4/4, lanes 4, jesd204-fsm.
[    4.422141] mmc0: SDHCI controller on ff170000.mmc [ff170000.mmc] using ADMA 64-bit
[    4.427691] axi-jesd204-tx 84b90000.axi-jesd204-tx: AXI-JESD204-TX (1.06.a) at 0x84B90000. Encoder 8b10b, width 4/4, lanes 4, jesd204-fsm.
[    4.448426] zynqmp-display fd4a0000.display: vtc bridge property not present
[    4.458074] xilinx-dp-snd-codec fd4a0000.display:zynqmp_dp_snd_codec0: Failed to get required clock freq
[    4.467579] xilinx-dp-snd-codec: probe of fd4a0000.display:zynqmp_dp_snd_codec0 failed with error -22
[    4.469518] mmc0: new high speed SDHC card at address 0001
[    4.477120] xilinx-dp-snd-pcm zynqmp_dp_snd_pcm0: Xilinx DisplayPort Sound PCM probed
[    4.482632] mmcblk0: mmc0:0001 EB1QT 29.8 GiB 
[    4.490437] xilinx-dp-snd-pcm zynqmp_dp_snd_pcm1: Xilinx DisplayPort Sound PCM probed
[    4.495776]  mmcblk0: p1 p2 p3
[    4.502738] OF: graph: no port node found in /axi/display@fd4a0000
[    4.511805] xlnx-drm xlnx-drm.0: bound fd4a0000.display (ops 0xffffffc010fcbdb8)
[    5.595754] zynqmp-display fd4a0000.display: [drm] Cannot find any crtc or sizes
[    5.603371] [drm] Initialized xlnx 1.0.0 20130509 for fd4a0000.display on minor 0
[    5.610858] zynqmp-display fd4a0000.display: ZynqMP DisplayPort Subsystem driver probed
[    5.619181] ahci-ceva fd0c0000.ahci: supply ahci not found, using dummy regulator
[    5.626727] ahci-ceva fd0c0000.ahci: supply phy not found, using dummy regulator
[    5.634178] ahci-ceva fd0c0000.ahci: supply target not found, using dummy regulator
[    5.642016] ahci-ceva fd0c0000.ahci: AHCI 0001.0301 32 slots 2 ports 6 Gbps 0x3 impl platform mode
[    5.650973] ahci-ceva fd0c0000.ahci: flags: 64bit ncq sntf pm clo only pmp fbs pio slum part ccc sds apst 
[    5.661676] scsi host0: ahci-ceva
[    5.665269] scsi host1: ahci-ceva
[    5.668701] ata1: SATA max UDMA/133 mmio [mem 0xfd0c0000-0xfd0c1fff] port 0x100 irq 45
[    5.676613] ata2: SATA max UDMA/133 mmio [mem 0xfd0c0000-0xfd0c1fff] port 0x180 irq 45
[    5.685209] ad9081 spi1.0: supply vdd not found, using dummy regulator
[    5.997991] ata1: SATA link down (SStatus 0 SControl 330)
[    6.003412] ata2: SATA link down (SStatus 0 SControl 330)
[    6.679756] zynqmp-display fd4a0000.display: [drm] Cannot find any crtc or sizes
[    7.544551] ad9081 spi1.0: AD9081 Rev. 2 Grade 10 (API 1.2.2) probed
[    7.551762] xhci-hcd xhci-hcd.1.auto: xHCI Host Controller
[    7.557257] xhci-hcd xhci-hcd.1.auto: new USB bus registered, assigned bus number 1
[    7.564996] xhci-hcd xhci-hcd.1.auto: hcc params 0x0238f625 hci version 0x100 quirks 0x0000000002010810
[    7.574409] xhci-hcd xhci-hcd.1.auto: irq 59, io mem 0xfe200000
[    7.580516] usb usb1: New USB device found, idVendor=1d6b, idProduct=0002, bcdDevice= 5.10
[    7.588775] usb usb1: New USB device strings: Mfr=3, Product=2, SerialNumber=1
[    7.595993] usb usb1: Product: xHCI Host Controller
[    7.600863] usb usb1: Manufacturer: Linux 5.10.0-98103-g2aa7ac113716 xhci-hcd
[    7.607988] usb usb1: SerialNumber: xhci-hcd.1.auto
[    7.613155] hub 1-0:1.0: USB hub found
[    7.616915] hub 1-0:1.0: 1 port detected
[    7.621018] xhci-hcd xhci-hcd.1.auto: xHCI Host Controller
[    7.626502] xhci-hcd xhci-hcd.1.auto: new USB bus registered, assigned bus number 2
[    7.634157] xhci-hcd xhci-hcd.1.auto: Host supports USB 3.0 SuperSpeed
[    7.640784] usb usb2: New USB device found, idVendor=1d6b, idProduct=0003, bcdDevice= 5.10
[    7.649040] usb usb2: New USB device strings: Mfr=3, Product=2, SerialNumber=1
[    7.656263] usb usb2: Product: xHCI Host Controller
[    7.661138] usb usb2: Manufacturer: Linux 5.10.0-98103-g2aa7ac113716 xhci-hcd
[    7.668262] usb usb2: SerialNumber: xhci-hcd.1.auto
[    7.673370] hub 2-0:1.0: USB hub found
[    7.677133] hub 2-0:1.0: 1 port detected
[    7.707232] cf_axi_adc 84a10000.axi-ad9081-rx-hpc: ADI AIM (10.01.b) at 0x84A10000 mapped to 0x(____ptrval____), probed ADC AD9081 as MASTER
[    7.740578] cf_axi_dds 84b10000.axi-ad9081-tx-hpc: Analog Devices CF_AXI_DDS_DDS MASTER (9.01.b) at 0x84B10000 mapped to 0x(____ptrval____), probed DDS AD9081
[    7.754784] jesd204: /axi/spi@ff040000/ad9081@0,jesd204:0,parent=spi1.0: JESD204[2] transition initialized -> probed
[    7.765305] jesd204: /axi/spi@ff040000/ad9081@0,jesd204:0,parent=spi1.0: JESD204[0] transition initialized -> probed
[    7.775828] jesd204: /axi/spi@ff040000/ad9081@0,jesd204:0,parent=spi1.0: JESD204[2] transition probed -> idle
[    7.785737] jesd204: /axi/spi@ff040000/ad9081@0,jesd204:0,parent=spi1.0: JESD204[0] transition probed -> idle
[    7.795650] jesd204: /axi/spi@ff040000/ad9081@0,jesd204:0,parent=spi1.0: JESD204[2] transition idle -> device_init
[    7.805993] jesd204: /axi/spi@ff040000/ad9081@0,jesd204:0,parent=spi1.0: JESD204[0] transition idle -> device_init
[    7.816346] jesd204: /axi/spi@ff040000/ad9081@0,jesd204:0,parent=spi1.0: JESD204[2] transition device_init -> link_init
[    7.827120] jesd204: /axi/spi@ff040000/ad9081@0,jesd204:0,parent=spi1.0: JESD204[0] transition device_init -> link_init
[    7.837913] jesd204: /axi/spi@ff040000/ad9081@0,jesd204:0,parent=spi1.0: JESD204[2] transition link_init -> link_supported
[    7.848951] jesd204: /axi/spi@ff040000/ad9081@0,jesd204:0,parent=spi1.0: JESD204[0] transition link_init -> link_supported
[    7.860362] hmc7044 spi2.0: hmc7044_jesd204_link_pre_setup: Link2 forcing continuous SYSREF mode
[    7.869300] axi-jesd204-rx 84a90000.axi-jesd204-rx: axi_jesd204_rx_jesd204_link_pre_setup: Link2 set lane rate 14160000 kHz failed (-22)
[    7.881555] jesd204: /fpga-axi@0/axi-jesd204-rx@84a90000,jesd204:4,parent=84a90000.axi-jesd204-rx: JESD204[2] In link_pre_setup got error from cb: -22
[    7.895024] jesd204: /axi/spi@ff040000/ad9081@0,jesd204:0,parent=spi1.0: Rolling back from 'link_supported', got error -22
[    7.906076] jesd204: /axi/spi@ff040000/ad9081@0,jesd204:0,parent=spi1.0: JESD204[0] transition link_supported -> link_pre_setup
[    7.917549] jesd204: /axi/spi@ff040000/ad9081@0,jesd204:0,parent=spi1.0: JESD204[2] transition link_supported -> link_pre_setup
[    7.929026] jesd204: /axi/spi@ff040000/ad9081@0,jesd204:0,parent=spi1.0: JESD204[0] transition link_pre_setup -> link_supported
[    7.940499] jesd204: /axi/spi@ff040000/ad9081@0,jesd204:0,parent=spi1.0: JESD204[2] transition link_pre_setup -> link_supported
[    7.951976] jesd204: /axi/spi@ff040000/ad9081@0,jesd204:0,parent=spi1.0: JESD204[0] transition link_supported -> link_init
[    7.963014] jesd204: /axi/spi@ff040000/ad9081@0,jesd204:0,parent=spi1.0: JESD204[2] transition link_supported -> link_init
[    7.974061] jesd204: /axi/spi@ff040000/ad9081@0,jesd204:0,parent=spi1.0: JESD204[0] transition link_init -> device_init
[    7.984841] jesd204: /axi/spi@ff040000/ad9081@0,jesd204:0,parent=spi1.0: JESD204[2] transition link_init -> device_init
[    7.995619] jesd204: /axi/spi@ff040000/ad9081@0,jesd204:0,parent=spi1.0: JESD204[0] transition device_init -> idle
[    8.005963] jesd204: /axi/spi@ff040000/ad9081@0,jesd204:0,parent=spi1.0: JESD204[2] transition device_init -> idle
[    8.016314] jesd204: /axi/spi@ff040000/ad9081@0,jesd204:0,parent=spi1.0: JESD204[2] transition idle -> idle
[    8.026049] jesd204: /axi/spi@ff040000/ad9081@0,jesd204:0,parent=spi1.0: JESD204[0] transition idle -> idle
[    8.035795] jesd204: /axi/spi@ff040000/ad9081@0,jesd204:0,parent=spi1.0: JESD204[2] transition idle -> device_init
[    8.046143] jesd204: /axi/spi@ff040000/ad9081@0,jesd204:0,parent=spi1.0: JESD204[0] transition idle -> device_init
[    8.056492] jesd204: /axi/spi@ff040000/ad9081@0,jesd204:0,parent=spi1.0: JESD204[2] transition device_init -> link_init
[    8.067270] jesd204: /axi/spi@ff040000/ad9081@0,jesd204:0,parent=spi1.0: JESD204[0] transition device_init -> link_init
[    8.078058] jesd204: /axi/spi@ff040000/ad9081@0,jesd204:0,parent=spi1.0: JESD204[2] transition link_init -> link_supported
[    8.089100] jesd204: /axi/spi@ff040000/ad9081@0,jesd204:0,parent=spi1.0: JESD204[0] transition link_init -> link_supported
[    8.100326] axi-jesd204-rx 84a90000.axi-jesd204-rx: axi_jesd204_rx_jesd204_link_pre_setup: Link2 set lane rate 14160000 kHz failed (-22)
[    8.112587] jesd204: /fpga-axi@0/axi-jesd204-rx@84a90000,jesd204:4,parent=84a90000.axi-jesd204-rx: JESD204[2] In link_pre_setup got error from cb: -22
[    8.126060] jesd204: /axi/spi@ff040000/ad9081@0,jesd204:0,parent=spi1.0: Rolling back from 'link_supported', got error -22
[    8.137104] jesd204: /axi/spi@ff040000/ad9081@0,jesd204:0,parent=spi1.0: JESD204[0] transition link_supported -> link_pre_setup
[    8.148575] jesd204: /axi/spi@ff040000/ad9081@0,jesd204:0,parent=spi1.0: JESD204[2] transition link_supported -> link_pre_setup
[    8.160053] jesd204: /axi/spi@ff040000/ad9081@0,jesd204:0,parent=spi1.0: JESD204[0] transition link_pre_setup -> link_supported
[    8.171525] jesd204: /axi/spi@ff040000/ad9081@0,jesd204:0,parent=spi1.0: JESD204[2] transition link_pre_setup -> link_supported
[    8.183002] jesd204: /axi/spi@ff040000/ad9081@0,jesd204:0,parent=spi1.0: JESD204[0] transition link_supported -> link_init
[    8.194040] jesd204: /axi/spi@ff040000/ad9081@0,jesd204:0,parent=spi1.0: JESD204[2] transition link_supported -> link_init
[    8.205088] jesd204: /axi/spi@ff040000/ad9081@0,jesd204:0,parent=spi1.0: JESD204[0] transition link_init -> device_init
[    8.215863] jesd204: /axi/spi@ff040000/ad9081@0,jesd204:0,parent=spi1.0: JESD204[2] transition link_init -> device_init
[    8.226645] jesd204: /axi/spi@ff040000/ad9081@0,jesd204:0,parent=spi1.0: JESD204[0] transition device_init -> idle
[    8.236994] jesd204: /axi/spi@ff040000/ad9081@0,jesd204:0,parent=spi1.0: JESD204[2] transition device_init -> idle
[    8.247341] jesd204: /axi/spi@ff040000/ad9081@0,jesd204:0,parent=spi1.0: JESD204[2] transition idle -> idle
[    8.257075] jesd204: /axi/spi@ff040000/ad9081@0,jesd204:0,parent=spi1.0: JESD204[0] transition idle -> idle
[    8.266817] jesd204: /axi/spi@ff040000/ad9081@0,jesd204:0,parent=spi1.0: JESD204[2] transition idle -> device_init
[    8.277160] jesd204: /axi/spi@ff040000/ad9081@0,jesd204:0,parent=spi1.0: JESD204[0] transition idle -> device_init
[    8.287511] jesd204: /axi/spi@ff040000/ad9081@0,jesd204:0,parent=spi1.0: JESD204[2] transition device_init -> link_init
[    8.298288] jesd204: /axi/spi@ff040000/ad9081@0,jesd204:0,parent=spi1.0: JESD204[0] transition device_init -> link_init
[    8.309077] jesd204: /axi/spi@ff040000/ad9081@0,jesd204:0,parent=spi1.0: JESD204[2] transition link_init -> link_supported
[    8.320118] jesd204: /axi/spi@ff040000/ad9081@0,jesd204:0,parent=spi1.0: JESD204[0] transition link_init -> link_supported
[    8.331302] axi-jesd204-rx 84a90000.axi-jesd204-rx: axi_jesd204_rx_jesd204_link_pre_setup: Link2 set lane rate 14160000 kHz failed (-22)
[    8.343559] jesd204: /fpga-axi@0/axi-jesd204-rx@84a90000,jesd204:4,parent=84a90000.axi-jesd204-rx: JESD204[2] In link_pre_setup got error from cb: -22
[    8.357026] jesd204: /axi/spi@ff040000/ad9081@0,jesd204:0,parent=spi1.0: Rolling back from 'link_supported', got error -22
[    8.368074] jesd204: /axi/spi@ff040000/ad9081@0,jesd204:0,parent=spi1.0: JESD204[0] transition link_supported -> link_pre_setup
[    8.379550] jesd204: /axi/spi@ff040000/ad9081@0,jesd204:0,parent=spi1.0: JESD204[2] transition link_supported -> link_pre_setup
[    8.391028] jesd204: /axi/spi@ff040000/ad9081@0,jesd204:0,parent=spi1.0: JESD204[0] transition link_pre_setup -> link_supported
[    8.402499] jesd204: /axi/spi@ff040000/ad9081@0,jesd204:0,parent=spi1.0: JESD204[2] transition link_pre_setup -> link_supported
[    8.413978] jesd204: /axi/spi@ff040000/ad9081@0,jesd204:0,parent=spi1.0: JESD204[0] transition link_supported -> link_init
[    8.425017] jesd204: /axi/spi@ff040000/ad9081@0,jesd204:0,parent=spi1.0: JESD204[2] transition link_supported -> link_init
[    8.436062] jesd204: /axi/spi@ff040000/ad9081@0,jesd204:0,parent=spi1.0: JESD204[0] transition link_init -> device_init
[    8.446837] jesd204: /axi/spi@ff040000/ad9081@0,jesd204:0,parent=spi1.0: JESD204[2] transition link_init -> device_init
[    8.457621] jesd204: /axi/spi@ff040000/ad9081@0,jesd204:0,parent=spi1.0: JESD204[0] transition device_init -> idle
[    8.467964] jesd204: /axi/spi@ff040000/ad9081@0,jesd204:0,parent=spi1.0: JESD204[2] transition device_init -> idle
[    8.478315] jesd204: /axi/spi@ff040000/ad9081@0,jesd204:0,parent=spi1.0: JESD204[2] transition idle -> idle
[    8.488050] jesd204: /axi/spi@ff040000/ad9081@0,jesd204:0,parent=spi1.0: JESD204[0] transition idle -> idle
[    8.497796] jesd204: /axi/spi@ff040000/ad9081@0,jesd204:0,parent=spi1.0: JESD204[2] transition idle -> device_init
[    8.508144] jesd204: /axi/spi@ff040000/ad9081@0,jesd204:0,parent=spi1.0: JESD204[0] transition idle -> device_init
[    8.518494] jesd204: /axi/spi@ff040000/ad9081@0,jesd204:0,parent=spi1.0: JESD204[2] transition device_init -> link_init
[    8.529271] jesd204: /axi/spi@ff040000/ad9081@0,jesd204:0,parent=spi1.0: JESD204[0] transition device_init -> link_init
[    8.540059] jesd204: /axi/spi@ff040000/ad9081@0,jesd204:0,parent=spi1.0: JESD204[2] transition link_init -> link_supported
[    8.551103] jesd204: /axi/spi@ff040000/ad9081@0,jesd204:0,parent=spi1.0: JESD204[0] transition link_init -> link_supported
[    8.562290] axi-jesd204-rx 84a90000.axi-jesd204-rx: axi_jesd204_rx_jesd204_link_pre_setup: Link2 set lane rate 14160000 kHz failed (-22)
[    8.574549] jesd204: /fpga-axi@0/axi-jesd204-rx@84a90000,jesd204:4,parent=84a90000.axi-jesd204-rx: JESD204[2] In link_pre_setup got error from cb: -22
[    8.588019] jesd204: /axi/spi@ff040000/ad9081@0,jesd204:0,parent=spi1.0: Rolling back from 'link_supported', got error -22
[    8.599061] jesd204: /axi/spi@ff040000/ad9081@0,jesd204:0,parent=spi1.0: JESD204[0] transition link_supported -> link_pre_setup
[    8.610533] jesd204: /axi/spi@ff040000/ad9081@0,jesd204:0,parent=spi1.0: JESD204[2] transition link_supported -> link_pre_setup
[    8.622015] jesd204: /axi/spi@ff040000/ad9081@0,jesd204:0,parent=spi1.0: JESD204[0] transition link_pre_setup -> link_supported
[    8.633484] jesd204: /axi/spi@ff040000/ad9081@0,jesd204:0,parent=spi1.0: JESD204[2] transition link_pre_setup -> link_supported
[    8.644961] jesd204: /axi/spi@ff040000/ad9081@0,jesd204:0,parent=spi1.0: JESD204[0] transition link_supported -> link_init
[    8.655999] jesd204: /axi/spi@ff040000/ad9081@0,jesd204:0,parent=spi1.0: JESD204[2] transition link_supported -> link_init
[    8.667046] jesd204: /axi/spi@ff040000/ad9081@0,jesd204:0,parent=spi1.0: JESD204[0] transition link_init -> device_init
[    8.677821] jesd204: /axi/spi@ff040000/ad9081@0,jesd204:0,parent=spi1.0: JESD204[2] transition link_init -> device_init
[    8.688604] jesd204: /axi/spi@ff040000/ad9081@0,jesd204:0,parent=spi1.0: JESD204[0] transition device_init -> idle
[    8.698948] jesd204: /axi/spi@ff040000/ad9081@0,jesd204:0,parent=spi1.0: JESD204[2] transition device_init -> idle
[    8.709294] jesd204: /axi/spi@ff040000/ad9081@0,jesd204:0,parent=spi1.0: FSM completed with error -22
[    8.727747] input: gpio-keys as /devices/platform/gpio-keys/input/input0
[    8.734764] of_cfs_init
[    8.737225] of_cfs_init: OK
[    8.740167] cfg80211: Loading compiled-in X.509 certificates for regulatory database
[    8.878419] cfg80211: Loaded X.509 cert 'sforshee: 00b28ddf47aef9cea7'
[    8.884948] clk: Not disabling unused clocks
[    8.889471] ALSA device list:
[    8.892428]   No soundcards found.
[    8.896108] platform regulatory.0: Direct firmware load for regulatory.db failed with error -2
[    8.904717] cfg80211: failed to load regulatory.db
[    8.919552] EXT4-fs (mmcblk0p2): mounted filesystem with ordered data mode. Opts: (null)
[    8.927670] VFS: Mounted root (ext4 filesystem) on device 179:2.
[    8.941115] devtmpfs: mounted
[    8.944929] Freeing unused kernel memory: 2560K
[    8.963790] Run /sbin/init as init process
[    8.967888]   with arguments:
[    8.967890]     /sbin/init
[    8.967892]   with environment:
[    8.967895]     HOME=/
[    8.967897]     TERM=linux
[    9.533119] systemd[1]: systemd 241 running in system mode. (+PAM +AUDIT +SELINUX +IMA +APPARMOR +SMACK +SYSVINIT +UTMP +LIBCRYPTSETUP +GCRYPT +GNUTLS +ACL +XZ +LZ4 +SECCOMP +BLKID +ELFUTILS +KMOD -IDN2 +IDN -PCRE2 default-hierarchy=hybrid)
[    9.554985] systemd[1]: Detected architecture arm64.
[    9.576457] systemd[1]: Set hostname to <analog>.
[    9.772933] systemd[1]: File /lib/systemd/system/systemd-journald.service:12 configures an IP firewall (IPAddressDeny=any), but the local system does not support BPF/cgroup based firewalling.
[    9.790012] systemd[1]: Proceeding WITHOUT firewalling in effect! (This warning is only shown for the first loaded unit using IP firewalling.)
[    9.953625] systemd[1]: /etc/systemd/system/tof-server.service:1: Assignment outside of section. Ignoring.
[    9.963326] systemd[1]: /etc/systemd/system/tof-server.service:2: Assignment outside of section. Ignoring.
[   10.146415] random: systemd: uninitialized urandom read (16 bytes read)
[   10.161093] random: systemd: uninitialized urandom read (16 bytes read)
[   10.168155] systemd[1]: Created slice User and Session Slice.
[   10.191820] random: systemd: uninitialized urandom read (16 bytes read)
[   10.198588] systemd[1]: Started Forward Password Requests to Wall Directory Watch.
[   10.224336] systemd[1]: Listening on Journal Audit Socket.
[   11.023754] EXT4-fs (mmcblk0p2): re-mounted. Opts: (null)
[   11.120685] systemd-journald[169]: Received request to flush runtime journal from PID 1
[   16.671154] random: crng init done
[   16.671164] random: 7 urandom warning(s) missed due to ratelimiting
[   17.052442] macb ff0e0000.ethernet eth0: PHY [ff0e0000.ethernet-ffffffff:0c] driver [TI DP83867] (irq=POLL)
[   17.052455] macb ff0e0000.ethernet eth0: configuring for phy/rgmii-id link mode
[   17.359832] Adding 73724k swap on /var/swap.  Priority:-2 extents:1 across:73724k SS
[   19.883089] broken atomic modeset userspace detected, disabling atomic
[   20.129344] macb ff0e0000.ethernet eth0: Link is Up - 1Gbps/Full - flow control off
[   20.129368] IPv6: ADDRCONF(NETDEV_CHANGE): eth0: link becomes ready
[   22.554236] broken atomic modeset userspace detected, disabling atomic
[   25.474322] broken atomic modeset userspace detected, disabling atomic