[    0.000000] Booting Linux on physical CPU 0x0000000000 [0x410fd034]
[    0.000000] Linux version 5.10.0-98103-g2aa7ac113716 (jenkins@romlxbuild1.adlk.analog.com) (aarch64-xilinx-linux-gcc.real (GCC) 10.2.0, GNU ld (GNU Binutils) 2.35.0.20200730) #5577 SMP Wed Mar 23 07:28:49 GMT 2022
[    0.000000] Machine model: ZynqMP ZCU102 Rev1.0
[    0.000000] earlycon: cdns0 at MMIO 0x00000000ff000000 (options '115200n8')
[    0.000000] printk: bootconsole [cdns0] enabled
[    0.000000] efi: UEFI not found.
[    0.000000] cma: Reserved 256 MiB at 0x0000000070000000
[    0.000000] Zone ranges:
[    0.000000]   DMA      [mem 0x0000000000000000-0x000000003fffffff]
[    0.000000]   DMA32    [mem 0x0000000040000000-0x00000000ffffffff]
[    0.000000]   Normal   [mem 0x0000000100000000-0x000000087fffffff]
[    0.000000] Movable zone start for each node
[    0.000000] Early memory node ranges
[    0.000000]   node   0: [mem 0x0000000000000000-0x000000007fffffff]
[    0.000000]   node   0: [mem 0x0000000800000000-0x000000087fffffff]
[    0.000000] Initmem setup node 0 [mem 0x0000000000000000-0x000000087fffffff]
[    0.000000] On node 0 totalpages: 1048576
[    0.000000]   DMA zone: 3584 pages used for memmap
[    0.000000]   DMA zone: 0 pages reserved
[    0.000000]   DMA zone: 262144 pages, LIFO batch:63
[    0.000000]   DMA32 zone: 3584 pages used for memmap
[    0.000000]   DMA32 zone: 262144 pages, LIFO batch:63
[    0.000000]   Normal zone: 7168 pages used for memmap
[    0.000000]   Normal zone: 524288 pages, LIFO batch:63
[    0.000000] psci: probing for conduit method from DT.
[    0.000000] psci: PSCIv1.1 detected in firmware.
[    0.000000] psci: Using standard PSCI v0.2 function IDs
[    0.000000] psci: MIGRATE_INFO_TYPE not supported.
[    0.000000] psci: SMC Calling Convention v1.2
[    0.000000] percpu: Embedded 22 pages/cpu s49496 r8192 d32424 u90112
[    0.000000] pcpu-alloc: s49496 r8192 d32424 u90112 alloc=22*4096
[    0.000000] pcpu-alloc: [0] 0 [0] 1 [0] 2 [0] 3 
[    0.000000] Detected VIPT I-cache on CPU0
[    0.000000] CPU features: detected: ARM erratum 845719
[    0.000000] Built 1 zonelists, mobility grouping on.  Total pages: 1034240
[    0.000000] Kernel command line: console=ttyPS0,115200 root=/dev/mmcblk0p2 rw earlycon rootfstype=ext4 rootwait clk_ignore_unused cpuidle.off=1 root=/dev/mmcblk0p2 rw rootwait
[    0.000000] Dentry cache hash table entries: 524288 (order: 10, 4194304 bytes, linear)
[    0.000000] Inode-cache hash table entries: 262144 (order: 9, 2097152 bytes, linear)
[    0.000000] mem auto-init: stack:off, heap alloc:off, heap free:off
[    0.000000] software IO TLB: mapped [mem 0x000000003bfff000-0x000000003ffff000] (64MB)
[    0.000000] Memory: 3761904K/4194304K available (15296K kernel code, 1636K rwdata, 11876K rodata, 2560K init, 507K bss, 170256K reserved, 262144K cma-reserved)
[    0.000000] rcu: Hierarchical RCU implementation.
[    0.000000] rcu: 	RCU event tracing is enabled.
[    0.000000] rcu: 	RCU restricting CPUs from NR_CPUS=8 to nr_cpu_ids=4.
[    0.000000] rcu: RCU calculated value of scheduler-enlistment delay is 25 jiffies.
[    0.000000] rcu: Adjusting geometry for rcu_fanout_leaf=16, nr_cpu_ids=4
[    0.000000] NR_IRQS: 64, nr_irqs: 64, preallocated irqs: 0
[    0.000000] GIC: Adjusting CPU interface base to 0x00000000f902f000
[    0.000000] GIC: Using split EOI/Deactivate mode
[    0.000000] random: get_random_bytes called from start_kernel+0x31c/0x54c with crng_init=0
[    0.000000] arch_timer: cp15 timer(s) running at 100.00MHz (phys).
[    0.000000] clocksource: arch_sys_counter: mask: 0xffffffffffffff max_cycles: 0x171024e7e0, max_idle_ns: 440795205315 ns
[    0.000003] sched_clock: 56 bits at 100MHz, resolution 10ns, wraps every 4398046511100ns
[    0.008463] Console: colour dummy device 80x25
[    0.012482] Calibrating delay loop (skipped), value calculated using timer frequency.. 200.00 BogoMIPS (lpj=400000)
[    0.022841] pid_max: default: 32768 minimum: 301
[    0.027551] Mount-cache hash table entries: 8192 (order: 4, 65536 bytes, linear)
[    0.034788] Mountpoint-cache hash table entries: 8192 (order: 4, 65536 bytes, linear)
[    0.043393] rcu: Hierarchical SRCU implementation.
[    0.047559] EFI services will not be available.
[    0.051937] smp: Bringing up secondary CPUs ...
[    0.056655] Detected VIPT I-cache on CPU1
[    0.056694] CPU1: Booted secondary processor 0x0000000001 [0x410fd034]
[    0.057059] Detected VIPT I-cache on CPU2
[    0.057083] CPU2: Booted secondary processor 0x0000000002 [0x410fd034]
[    0.057424] Detected VIPT I-cache on CPU3
[    0.057447] CPU3: Booted secondary processor 0x0000000003 [0x410fd034]
[    0.057493] smp: Brought up 1 node, 4 CPUs
[    0.091779] SMP: Total of 4 processors activated.
[    0.096452] CPU features: detected: 32-bit EL0 Support
[    0.101556] CPU features: detected: CRC32 instructions
[    0.106694] CPU: All CPU(s) started at EL2
[    0.110736] alternatives: patching kernel code
[    0.116169] devtmpfs: initialized
[    0.124076] Registered cp15_barrier emulation handler
[    0.124126] Registered setend emulation handler
[    0.128108] clocksource: jiffies: mask: 0xffffffff max_cycles: 0xffffffff, max_idle_ns: 7645041785100000 ns
[    0.137687] futex hash table entries: 1024 (order: 4, 65536 bytes, linear)
[    0.151044] pinctrl core: initialized pinctrl subsystem
[    0.151692] NET: Registered protocol family 16
[    0.156111] DMA: preallocated 512 KiB GFP_KERNEL pool for atomic allocations
[    0.162125] DMA: preallocated 512 KiB GFP_KERNEL|GFP_DMA pool for atomic allocations
[    0.169851] DMA: preallocated 512 KiB GFP_KERNEL|GFP_DMA32 pool for atomic allocations
[    0.177653] audit: initializing netlink subsys (disabled)
[    0.183105] audit: type=2000 audit(0.116:1): state=initialized audit_enabled=0 res=1
[    0.183451] hw-breakpoint: found 6 breakpoint and 4 watchpoint registers.
[    0.197481] ASID allocator initialised with 65536 entries
[    0.224367] HugeTLB registered 1.00 GiB page size, pre-allocated 0 pages
[    0.225420] HugeTLB registered 32.0 MiB page size, pre-allocated 0 pages
[    0.232091] HugeTLB registered 2.00 MiB page size, pre-allocated 0 pages
[    0.238755] HugeTLB registered 64.0 KiB page size, pre-allocated 0 pages
[    1.304312] DRBG: Continuing without Jitter RNG
[    1.382143] raid6: neonx8   gen()  2141 MB/s
[    1.450191] raid6: neonx8   xor()  1599 MB/s
[    1.518254] raid6: neonx4   gen()  2194 MB/s
[    1.586302] raid6: neonx4   xor()  1566 MB/s
[    1.654367] raid6: neonx2   gen()  2076 MB/s
[    1.722419] raid6: neonx2   xor()  1437 MB/s
[    1.790485] raid6: neonx1   gen()  1772 MB/s
[    1.858529] raid6: neonx1   xor()  1220 MB/s
[    1.926592] raid6: int64x8  gen()  1438 MB/s
[    1.994643] raid6: int64x8  xor()   771 MB/s
[    2.062719] raid6: int64x4  gen()  1598 MB/s
[    2.130766] raid6: int64x4  xor()   818 MB/s
[    2.198828] raid6: int64x2  gen()  1397 MB/s
[    2.266880] raid6: int64x2  xor()   750 MB/s
[    2.334971] raid6: int64x1  gen()  1034 MB/s
[    2.403018] raid6: int64x1  xor()   517 MB/s
[    2.403056] raid6: using algorithm neonx4 gen() 2194 MB/s
[    2.407013] raid6: .... xor() 1566 MB/s, rmw enabled
[    2.411943] raid6: using neon recovery algorithm
[    2.416953] iommu: Default domain type: Translated 
[    2.421568] SCSI subsystem initialized
[    2.425112] libata version 3.00 loaded.
[    2.425237] usbcore: registered new interface driver usbfs
[    2.430569] usbcore: registered new interface driver hub
[    2.435843] usbcore: registered new device driver usb
[    2.440976] mc: Linux media interface: v0.10
[    2.445093] videodev: Linux video capture interface: v2.00
[    2.450582] EDAC MC: Ver: 3.0.0
[    2.454025] zynqmp-ipi-mbox mailbox@ff990400: Registered ZynqMP IPI mbox with TX/RX channels.
[    2.462535] jesd204: created con: id=0, topo=0, link=0, /axi/spi@ff050000/hmc7044@0 <-> /fpga-axi@0/axi-adxcvr-tx@84b60000
[    2.473112] jesd204: created con: id=1, topo=0, link=2, /axi/spi@ff050000/hmc7044@0 <-> /fpga-axi@0/axi-adxcvr-rx@84a60000
[    2.484095] jesd204: created con: id=2, topo=0, link=0, /fpga-axi@0/axi-adxcvr-tx@84b60000 <-> /fpga-axi@0/axi-jesd204-tx@84b90000
[    2.495771] jesd204: created con: id=3, topo=0, link=2, /fpga-axi@0/axi-adxcvr-rx@84a60000 <-> /fpga-axi@0/axi-jesd204-rx@84a90000
[    2.507449] jesd204: created con: id=4, topo=0, link=0, /fpga-axi@0/axi-jesd204-tx@84b90000 <-> /fpga-axi@0/axi-ad9081-tx-hpc@84b10000
[    2.519476] jesd204: created con: id=5, topo=0, link=2, /fpga-axi@0/axi-jesd204-rx@84a90000 <-> /fpga-axi@0/axi-ad9081-rx-hpc@84a10000
[    2.531499] jesd204: created con: id=6, topo=0, link=2, /fpga-axi@0/axi-ad9081-rx-hpc@84a10000 <-> /axi/spi@ff040000/ad9081@0
[    2.542740] jesd204: created con: id=7, topo=0, link=0, /fpga-axi@0/axi-ad9081-tx-hpc@84b10000 <-> /axi/spi@ff040000/ad9081@0
[    2.553990] jesd204: /axi/spi@ff040000/ad9081@0: JESD204[2] transition uninitialized -> initialized
[    2.562977] jesd204: /axi/spi@ff040000/ad9081@0: JESD204[0] transition uninitialized -> initialized
[    2.571969] jesd204: found 8 devices and 1 topologies
[    2.577013] FPGA manager framework
[    2.580490] Advanced Linux Sound Architecture Driver Initialized.
[    2.586786] Bluetooth: Core ver 2.22
[    2.589972] NET: Registered protocol family 31
[    2.594373] Bluetooth: HCI device and connection manager initialized
[    2.600690] Bluetooth: HCI socket layer initialized
[    2.605532] Bluetooth: L2CAP socket layer initialized
[    2.610555] Bluetooth: SCO socket layer initialized
[    2.615739] clocksource: Switched to clocksource arch_sys_counter
[    2.621548] VFS: Disk quotas dquot_6.6.0
[    2.625382] VFS: Dquot-cache hash table entries: 512 (order 0, 4096 bytes)
[    2.636099] NET: Registered protocol family 2
[    2.636829] tcp_listen_portaddr_hash hash table entries: 2048 (order: 3, 32768 bytes, linear)
[    2.645022] TCP established hash table entries: 32768 (order: 6, 262144 bytes, linear)
[    2.653048] TCP bind hash table entries: 32768 (order: 7, 524288 bytes, linear)
[    2.660493] TCP: Hash tables configured (established 32768 bind 32768)
[    2.666667] UDP hash table entries: 2048 (order: 4, 65536 bytes, linear)
[    2.673333] UDP-Lite hash table entries: 2048 (order: 4, 65536 bytes, linear)
[    2.680493] NET: Registered protocol family 1
[    2.684950] RPC: Registered named UNIX socket transport module.
[    2.690571] RPC: Registered udp transport module.
[    2.695235] RPC: Registered tcp transport module.
[    2.699904] RPC: Registered tcp NFSv4.1 backchannel transport module.
[    2.706897] PCI: CLS 0 bytes, default 64
[    2.710599] hw perfevents: no interrupt-affinity property for /pmu, guessing.
[    2.717458] hw perfevents: enabled with armv8_pmuv3 PMU driver, 7 counters available
[    2.725805] Initialise system trusted keyrings
[    2.729482] workingset: timestamp_bits=62 max_order=20 bucket_order=0
[    2.736384] NFS: Registering the id_resolver key type
[    2.740833] Key type id_resolver registered
[    2.744972] Key type id_legacy registered
[    2.748962] nfs4filelayout_init: NFSv4 File Layout Driver Registering...
[    2.755628] jffs2: version 2.2. (NAND) (SUMMARY)  Â© 2001-2006 Red Hat, Inc.
[    2.798527] NET: Registered protocol family 38
[    2.798569] xor: measuring software checksum speed
[    2.806262]    8regs           :  2363 MB/sec
[    2.809931]    32regs          :  2799 MB/sec
[    2.814874]    arm64_neon      :  2380 MB/sec
[    2.815064] xor: using function: 32regs (2799 MB/sec)
[    2.820090] Key type asymmetric registered
[    2.824151] Asymmetric key parser 'x509' registered
[    2.829012] Block layer SCSI generic (bsg) driver version 0.4 loaded (major 248)
[    2.836349] io scheduler mq-deadline registered
[    2.840845] io scheduler kyber registered
[    2.870251] Serial: 8250/16550 driver, 4 ports, IRQ sharing disabled
[    2.874889] cacheinfo: Unable to detect cache hierarchy for CPU 0
[    2.881229] brd: module loaded
[    2.885375] loop: module loaded
[    2.885920] Registered mathworks_ip class
[    2.889257] libphy: Fixed MDIO Bus: probed
[    2.892243] tun: Universal TUN/TAP device driver, 1.6
[    2.896301] CAN device driver interface
[    2.900835] usbcore: registered new interface driver asix
[    2.905431] usbcore: registered new interface driver ax88179_178a
[    2.911466] usbcore: registered new interface driver cdc_ether
[    2.917260] usbcore: registered new interface driver net1080
[    2.922886] usbcore: registered new interface driver cdc_subset
[    2.928766] usbcore: registered new interface driver zaurus
[    2.934311] usbcore: registered new interface driver cdc_ncm
[    2.940711] ehci_hcd: USB 2.0 'Enhanced' Host Controller (EHCI) Driver
[    2.946396] ehci-pci: EHCI PCI platform driver
[    2.951191] usbcore: registered new interface driver uas
[    2.956111] usbcore: registered new interface driver usb-storage
[    2.962099] usbcore: registered new interface driver usbserial_generic
[    2.968550] usbserial: USB Serial support registered for generic
[    2.974523] usbcore: registered new interface driver ftdi_sio
[    2.980226] usbserial: USB Serial support registered for FTDI USB Serial Device
[    2.987503] usbcore: registered new interface driver upd78f0730
[    2.993374] usbserial: USB Serial support registered for upd78f0730
[    3.001034] rtc_zynqmp ffa60000.rtc: registered as rtc0
[    3.004799] rtc_zynqmp ffa60000.rtc: setting system clock to 2022-03-26T00:40:18 UTC (1648255218)
[    3.013662] i2c /dev entries driver
[    3.018967] usbcore: registered new interface driver uvcvideo
[    3.022775] USB Video Class driver (1.1.1)
[    3.028357] Bluetooth: HCI UART driver ver 2.3
[    3.031246] Bluetooth: HCI UART protocol H4 registered
[    3.036355] Bluetooth: HCI UART protocol BCSP registered
[    3.041644] Bluetooth: HCI UART protocol LL registered
[    3.046733] Bluetooth: HCI UART protocol ATH3K registered
[    3.052107] Bluetooth: HCI UART protocol Three-wire (H5) registered
[    3.058363] Bluetooth: HCI UART protocol Intel registered
[    3.063699] Bluetooth: HCI UART protocol QCA registered
[    3.068902] usbcore: registered new interface driver bcm203x
[    3.074523] usbcore: registered new interface driver bpa10x
[    3.080058] usbcore: registered new interface driver bfusb
[    3.085508] usbcore: registered new interface driver btusb
[    3.090972] usbcore: registered new interface driver ath3k
[    3.096455] EDAC MC: ECC not enabled
[    3.100080] EDAC DEVICE0: Giving out device to module zynqmp-ocm-edac controller zynqmp_ocm: DEV ff960000.memory-controller (INTERRUPT)
[    3.112393] sdhci: Secure Digital Host Controller Interface driver
[    3.118182] sdhci: Copyright(c) Pierre Ossman
[    3.122507] sdhci-pltfm: SDHCI platform and OF driver helper
[    3.128559] ledtrig-cpu: registered to indicate activity on CPUs
[    3.134111] SMCCC: SOC_ID: ARCH_SOC_ID not implemented, skipping ....
[    3.140541] zynqmp_firmware_probe Platform Management API v1.1
[    3.146298] zynqmp_firmware_probe Trustzone version v1.0
[    3.185834] zynqmp-pinctrl firmware:zynqmp-firmware:pinctrl: zynqmp pinctrl initialized
[    3.233820] zynqmp-aes firmware:zynqmp-firmware:zynqmp-aes: will run requests pump with realtime priority
[    3.249694] alg: No test for xilinx-keccak-384 (zynqmp-keccak-384)
[    3.250405] alg: No test for xilinx-zynqmp-rsa (zynqmp-rsa)
[    3.255918] usbcore: registered new interface driver usbhid
[    3.261308] usbhid: USB HID core driver
[    3.272530] axi_sysid 85000000.axi-sysid-0: AXI System ID core version (1.01.a) found
[    3.274880] axi_sysid 85000000.axi-sysid-0: [ad9081_fmca_ebz] on [zcu102] git branch <master> git <084d44c9780640ca93fd847b1d9ec70dd65f5c67> clean [2022-03-18 04:17:50] UTC
[    3.290570] fpga_manager fpga0: Xilinx ZynqMP FPGA Manager registered
[    3.296932] usbcore: registered new interface driver snd-usb-audio
[    3.304368] pktgen: Packet Generator for packet performance testing. Version: 2.75
[    3.310549] Initializing XFRM netlink socket
[    3.314412] NET: Registered protocol family 10
[    3.319124] Segment Routing with IPv6
[    3.322508] sit: IPv6, IPv4 and MPLS over IPv4 tunneling driver
[    3.328576] NET: Registered protocol family 17
[    3.332681] NET: Registered protocol family 15
[    3.337179] can: controller area network core
[    3.341434] NET: Registered protocol family 29
[    3.345821] can: raw protocol
[    3.348759] can: broadcast manager protocol
[    3.352911] can: netlink gateway - max_hops=1
[    3.357308] Bluetooth: RFCOMM TTY layer initialized
[    3.362088] Bluetooth: RFCOMM socket layer initialized
[    3.367192] Bluetooth: RFCOMM ver 1.11
[    3.370907] Bluetooth: BNEP (Ethernet Emulation) ver 1.3
[    3.376181] Bluetooth: BNEP filters: protocol multicast
[    3.381369] Bluetooth: BNEP socket layer initialized
[    3.386299] Bluetooth: HIDP (Human Interface Emulation) ver 1.2
[    3.392182] Bluetooth: HIDP socket layer initialized
[    3.397232] 9pnet: Installing 9P2000 support
[    3.401360] NET: Registered protocol family 36
[    3.405773] Key type dns_resolver registered
[    3.410209] registered taskstats version 1
[    3.414071] Loading compiled-in X.509 certificates
[    3.419186] Btrfs loaded, crc32c=crc32c-generic
[    3.431584] ff000000.serial: ttyPS0 at MMIO 0xff000000 (irq = 49, base_baud = 6249999) is a xuartps
[    3.440606] printk: console [ttyPS0] enabled
[    3.444901] printk: bootconsole [cdns0] disabled
[    3.454529] ff010000.serial: ttyPS1 at MMIO 0xff010000 (irq = 50, base_baud = 6249999) is a xuartps
[    3.467782] of-fpga-region fpga-full: FPGA Region probed
[    3.474748] nwl-pcie fd0e0000.pcie: host bridge /axi/pcie@fd0e0000 ranges:
[    3.481639] nwl-pcie fd0e0000.pcie:      MEM 0x00e0000000..0x00efffffff -> 0x00e0000000
[    3.489641] nwl-pcie fd0e0000.pcie:      MEM 0x0600000000..0x07ffffffff -> 0x0600000000
[    3.497703] nwl-pcie fd0e0000.pcie: Link is DOWN
[    3.502466] nwl-pcie fd0e0000.pcie: PCI host bridge to bus 0000:00
[    3.508646] pci_bus 0000:00: root bus resource [bus 00-ff]
[    3.514128] pci_bus 0000:00: root bus resource [mem 0xe0000000-0xefffffff]
[    3.520998] pci_bus 0000:00: root bus resource [mem 0x600000000-0x7ffffffff pref]
[    3.528502] pci 0000:00:00.0: [10ee:d021] type 01 class 0x060400
[    3.534558] pci 0000:00:00.0: PME# supported from D0 D1 D2 D3hot
[    3.545007] pci 0000:00:00.0: PCI bridge to [bus 01-0c]
[    3.550985] xilinx-zynqmp-dma fd500000.dma: ZynqMP DMA driver Probe success
[    3.558165] xilinx-zynqmp-dma fd510000.dma: ZynqMP DMA driver Probe success
[    3.565340] xilinx-zynqmp-dma fd520000.dma: ZynqMP DMA driver Probe success
[    3.572508] xilinx-zynqmp-dma fd530000.dma: ZynqMP DMA driver Probe success
[    3.579674] xilinx-zynqmp-dma fd540000.dma: ZynqMP DMA driver Probe success
[    3.586845] xilinx-zynqmp-dma fd550000.dma: ZynqMP DMA driver Probe success
[    3.594015] xilinx-zynqmp-dma fd560000.dma: ZynqMP DMA driver Probe success
[    3.601184] xilinx-zynqmp-dma fd570000.dma: ZynqMP DMA driver Probe success
[    3.608581] xilinx-zynqmp-dpdma fd4c0000.dma-controller: Xilinx DPDMA engine is probed
[    3.617128] ahci-ceva fd0c0000.ahci: supply ahci not found, using dummy regulator
[    3.624675] ahci-ceva fd0c0000.ahci: supply phy not found, using dummy regulator
[    3.715908] hmc7044 spi2.0: PLL1: Acquisition, CLKIN0 @ 122880000 Hz, PFD: 80 kHz - PLL2: Locked @ 2412.000000 MHz
[    3.726620] jesd204: /axi/spi@ff050000/hmc7044@0,jesd204:1,parent=spi2.0: Using as SYSREF provider
[    3.736204] spi-nor spi0.0: SPI-NOR-UniqueID 100000235394732200270025081115266e
[    3.743510] spi-nor spi0.0: found n25q512a, expected m25p80
[    3.749708] spi-nor spi0.0: trying to lock already unlocked area
[    3.755711] spi-nor spi0.0: n25q512a (131072 Kbytes)
[    3.760690] 4 fixed-partitions partitions found on MTD device spi0.0
[    3.767035] Creating 4 MTD partitions on "spi0.0":
[    3.771821] 0x000000000000-0x000000100000 : "qspi-fsbl-uboot"
[    3.778311] 0x000000100000-0x000000600000 : "qspi-linux"
[    3.784266] 0x000000600000-0x000000620000 : "qspi-device-tree"
[    3.790739] 0x000000620000-0x000000c00000 : "qspi-rootfs"
[    3.799206] macb ff0e0000.ethernet: Not enabling partial store and forward
[    3.806735] libphy: MACB_mii_bus: probed
[    3.811802] macb ff0e0000.ethernet eth0: Cadence GEM rev 0x50070106 at 0xff0e0000 irq 30 (00:0a:35:04:8e:1b)
[    3.822018] xilinx-axipmon ffa00000.perf-monitor: Probed Xilinx APM
[    3.828598] xilinx-axipmon fd0b0000.perf-monitor: Probed Xilinx APM
[    3.835117] xilinx-axipmon fd490000.perf-monitor: Probed Xilinx APM
[    3.841658] xilinx-axipmon ffa10000.perf-monitor: Probed Xilinx APM
[    3.851645] pca953x 0-0020: supply vcc not found, using dummy regulator
[    3.858328] pca953x 0-0020: using no AI
[    3.862817] gpio-496 (sel0): hogged as output/low
[    3.867715] gpio-497 (sel1): hogged as output/high
[    3.872702] gpio-498 (sel2): hogged as output/high
[    3.877690] gpio-499 (sel3): hogged as output/high
[    3.882865] pca953x 0-0021: supply vcc not found, using dummy regulator
[    3.889540] pca953x 0-0021: using no AI
[    3.895304] ina2xx 2-0040: power monitor ina226 (Rshunt = 5000 uOhm)
[    3.902336] ina2xx 2-0041: power monitor ina226 (Rshunt = 5000 uOhm)
[    3.909373] ina2xx 2-0042: power monitor ina226 (Rshunt = 5000 uOhm)
[    3.916403] ina2xx 2-0043: power monitor ina226 (Rshunt = 5000 uOhm)
[    3.923422] ina2xx 2-0044: power monitor ina226 (Rshunt = 5000 uOhm)
[    3.930446] ina2xx 2-0045: power monitor ina226 (Rshunt = 5000 uOhm)
[    3.937477] ina2xx 2-0046: power monitor ina226 (Rshunt = 5000 uOhm)
[    3.944552] ina2xx 2-0047: power monitor ina226 (Rshunt = 5000 uOhm)
[    3.951575] ina2xx 2-004a: power monitor ina226 (Rshunt = 5000 uOhm)
[    3.958608] ina2xx 2-004b: power monitor ina226 (Rshunt = 5000 uOhm)
[    3.965019] i2c i2c-0: Added multiplexed i2c bus 2
[    3.970402] random: fast init done
[    3.973877] ina2xx 3-0040: power monitor ina226 (Rshunt = 2000 uOhm)
[    3.980902] ina2xx 3-0041: power monitor ina226 (Rshunt = 5000 uOhm)
[    3.987930] ina2xx 3-0042: power monitor ina226 (Rshunt = 5000 uOhm)
[    3.994961] ina2xx 3-0043: power monitor ina226 (Rshunt = 5000 uOhm)
[    4.001986] ina2xx 3-0044: power monitor ina226 (Rshunt = 5000 uOhm)
[    4.009013] ina2xx 3-0045: power monitor ina226 (Rshunt = 5000 uOhm)
[    4.016045] ina2xx 3-0046: power monitor ina226 (Rshunt = 5000 uOhm)
[    4.023078] ina2xx 3-0047: power monitor ina226 (Rshunt = 5000 uOhm)
[    4.029477] i2c i2c-0: Added multiplexed i2c bus 3
[    4.085084] i2c i2c-0: Added multiplexed i2c bus 4
[    4.090029] i2c i2c-0: Added multiplexed i2c bus 5
[    4.094816] pca954x 0-0075: registered 4 multiplexed busses for I2C mux pca9544
[    4.102165] cdns-i2c ff020000.i2c: 400 kHz mmio ff020000 irq 32
[    4.109899] at24 6-0054: supply vcc not found, using dummy regulator
[    4.116803] at24 6-0054: 1024 byte 24c08 EEPROM, writable, 1 bytes/write
[    4.123551] i2c i2c-1: Added multiplexed i2c bus 6
[    4.129981] si5341 7-0036: Chip: 5341 Grade: 1 Rev: 1
[    4.167678] i2c i2c-1: Added multiplexed i2c bus 7
[    4.175328] si570 8-005d: registered, current frequency 300000000 Hz
[    4.181734] i2c i2c-1: Added multiplexed i2c bus 8
[    4.201514] si570 9-005d: registered, current frequency 148500000 Hz
[    4.207914] i2c i2c-1: Added multiplexed i2c bus 9
[    4.212953] si5324 10-0069: si5328 probed
[    4.280096] si5324 10-0069: si5328 probe successful
[    4.285029] i2c i2c-1: Added multiplexed i2c bus 10
[    4.290056] i2c i2c-1: Added multiplexed i2c bus 11
[    4.295087] i2c i2c-1: Added multiplexed i2c bus 12
[    4.300112] i2c i2c-1: Added multiplexed i2c bus 13
[    4.304993] pca954x 1-0074: registered 8 multiplexed busses for I2C switch pca9548
[    4.313106] at24 14-0050: supply vcc not found, using dummy regulator
[    4.319896] at24 14-0050: 256 byte 24c02 EEPROM, writable, 1 bytes/write
[    4.326646] i2c i2c-1: Added multiplexed i2c bus 14
[    4.331685] i2c i2c-1: Added multiplexed i2c bus 15
[    4.336718] i2c i2c-1: Added multiplexed i2c bus 16
[    4.341755] i2c i2c-1: Added multiplexed i2c bus 17
[    4.346790] i2c i2c-1: Added multiplexed i2c bus 18
[    4.351838] i2c i2c-1: Added multiplexed i2c bus 19
[    4.356874] i2c i2c-1: Added multiplexed i2c bus 20
[    4.361909] i2c i2c-1: Added multiplexed i2c bus 21
[    4.366785] pca954x 1-0075: registered 8 multiplexed busses for I2C switch pca9548
[    4.374395] cdns-i2c ff030000.i2c: 400 kHz mmio ff030000 irq 33
[    4.384146] cdns-wdt fd4d0000.watchdog: Xilinx Watchdog Timer with timeout 60s
[    4.395090] axi_adxcvr 84a60000.axi-adxcvr-rx: AXI-ADXCVR-RX (17.05.a) using CPLL on GTH4 at 0x84A60000. Number of lanes: 4.
[    4.407268] axi_adxcvr 84b60000.axi-adxcvr-tx: AXI-ADXCVR-TX (17.05.a) using QPLL on GTH4 at 0x84B60000. Number of lanes: 4.
[    4.418893] axi-jesd204-rx 84a90000.axi-jesd204-rx: AXI-JESD204-RX (1.07.a) at 0x84A90000. Encoder 8b10b, width 4/4, lanes 4, jesd204-fsm.
[    4.426178] mmc0: SDHCI controller on ff170000.mmc [ff170000.mmc] using ADMA 64-bit
[    4.431744] axi-jesd204-tx 84b90000.axi-jesd204-tx: AXI-JESD204-TX (1.06.a) at 0x84B90000. Encoder 8b10b, width 4/4, lanes 4, jesd204-fsm.
[    4.452467] zynqmp-display fd4a0000.display: vtc bridge property not present
[    4.462122] xilinx-dp-snd-codec fd4a0000.display:zynqmp_dp_snd_codec0: Failed to get required clock freq
[    4.471624] xilinx-dp-snd-codec: probe of fd4a0000.display:zynqmp_dp_snd_codec0 failed with error -22
[    4.473520] mmc0: new high speed SDHC card at address 0001
[    4.481163] xilinx-dp-snd-pcm zynqmp_dp_snd_pcm0: Xilinx DisplayPort Sound PCM probed
[    4.486675] mmcblk0: mmc0:0001 EB1QT 29.8 GiB 
[    4.494480] xilinx-dp-snd-pcm zynqmp_dp_snd_pcm1: Xilinx DisplayPort Sound PCM probed
[    4.499833]  mmcblk0: p1 p2 p3
[    4.506781] OF: graph: no port node found in /axi/display@fd4a0000
[    4.515860] xlnx-drm xlnx-drm.0: bound fd4a0000.display (ops 0xffffffc010fcbdb8)
[    5.599756] zynqmp-display fd4a0000.display: [drm] Cannot find any crtc or sizes
[    5.607368] [drm] Initialized xlnx 1.0.0 20130509 for fd4a0000.display on minor 0
[    5.614859] zynqmp-display fd4a0000.display: ZynqMP DisplayPort Subsystem driver probed
[    5.623181] ahci-ceva fd0c0000.ahci: supply ahci not found, using dummy regulator
[    5.630731] ahci-ceva fd0c0000.ahci: supply phy not found, using dummy regulator
[    5.638189] ahci-ceva fd0c0000.ahci: supply target not found, using dummy regulator
[    5.656085] ahci-ceva fd0c0000.ahci: AHCI 0001.0301 32 slots 2 ports 6 Gbps 0x3 impl platform mode
[    5.665047] ahci-ceva fd0c0000.ahci: flags: 64bit ncq sntf pm clo only pmp fbs pio slum part ccc sds apst 
[    5.675670] scsi host0: ahci-ceva
[    5.679272] scsi host1: ahci-ceva
[    5.682699] ata1: SATA max UDMA/133 mmio [mem 0xfd0c0000-0xfd0c1fff] port 0x100 irq 45
[    5.690613] ata2: SATA max UDMA/133 mmio [mem 0xfd0c0000-0xfd0c1fff] port 0x180 irq 45
[    5.699221] ad9081 spi1.0: supply vdd not found, using dummy regulator
[    6.009956] ata2: SATA link down (SStatus 0 SControl 330)
[    6.015369] ata1: SATA link down (SStatus 0 SControl 330)
[    6.683758] zynqmp-display fd4a0000.display: [drm] Cannot find any crtc or sizes
[    6.881453] ad9081 spi1.0: Invalid param passed., "ref_clk_hz < 100000000ULL" in adi_ad9081_device_clk_config_set(...), line554 in drivers/iio/adc/ad9081/adi_ad9081_device.c
[    7.586887] ad9081 spi1.0: AD9081 Rev. 2 Grade 10 (API 1.2.2) probed
[    7.594092] xhci-hcd xhci-hcd.1.auto: xHCI Host Controller
[    7.599580] xhci-hcd xhci-hcd.1.auto: new USB bus registered, assigned bus number 1
[    7.607331] xhci-hcd xhci-hcd.1.auto: hcc params 0x0238f625 hci version 0x100 quirks 0x0000000002010810
[    7.616749] xhci-hcd xhci-hcd.1.auto: irq 59, io mem 0xfe200000
[    7.622851] usb usb1: New USB device found, idVendor=1d6b, idProduct=0002, bcdDevice= 5.10
[    7.631115] usb usb1: New USB device strings: Mfr=3, Product=2, SerialNumber=1
[    7.638336] usb usb1: Product: xHCI Host Controller
[    7.643203] usb usb1: Manufacturer: Linux 5.10.0-98103-g2aa7ac113716 xhci-hcd
[    7.650329] usb usb1: SerialNumber: xhci-hcd.1.auto
[    7.655493] hub 1-0:1.0: USB hub found
[    7.659256] hub 1-0:1.0: 1 port detected
[    7.663361] xhci-hcd xhci-hcd.1.auto: xHCI Host Controller
[    7.668851] xhci-hcd xhci-hcd.1.auto: new USB bus registered, assigned bus number 2
[    7.676505] xhci-hcd xhci-hcd.1.auto: Host supports USB 3.0 SuperSpeed
[    7.683125] usb usb2: New USB device found, idVendor=1d6b, idProduct=0003, bcdDevice= 5.10
[    7.691389] usb usb2: New USB device strings: Mfr=3, Product=2, SerialNumber=1
[    7.698609] usb usb2: Product: xHCI Host Controller
[    7.703477] usb usb2: Manufacturer: Linux 5.10.0-98103-g2aa7ac113716 xhci-hcd
[    7.710602] usb usb2: SerialNumber: xhci-hcd.1.auto
[    7.715710] hub 2-0:1.0: USB hub found
[    7.719473] hub 2-0:1.0: 1 port detected
[    7.749525] cf_axi_adc 84a10000.axi-ad9081-rx-hpc: ADI AIM (10.01.b) at 0x84A10000 mapped to 0x(____ptrval____), probed ADC AD9081 as MASTER
[    7.780586] cf_axi_dds 84b10000.axi-ad9081-tx-hpc: Analog Devices CF_AXI_DDS_DDS MASTER (9.01.b) at 0x84B10000 mapped to 0x(____ptrval____), probed DDS AD9081
[    7.794788] jesd204: /axi/spi@ff040000/ad9081@0,jesd204:0,parent=spi1.0: JESD204[2] transition initialized -> probed
[    7.805311] jesd204: /axi/spi@ff040000/ad9081@0,jesd204:0,parent=spi1.0: JESD204[0] transition initialized -> probed
[    7.815833] jesd204: /axi/spi@ff040000/ad9081@0,jesd204:0,parent=spi1.0: JESD204[2] transition probed -> idle
[    7.825741] jesd204: /axi/spi@ff040000/ad9081@0,jesd204:0,parent=spi1.0: JESD204[0] transition probed -> idle
[    7.835656] jesd204: /axi/spi@ff040000/ad9081@0,jesd204:0,parent=spi1.0: JESD204[2] transition idle -> device_init
[    7.845998] jesd204: /axi/spi@ff040000/ad9081@0,jesd204:0,parent=spi1.0: JESD204[0] transition idle -> device_init
[    7.856350] jesd204: /axi/spi@ff040000/ad9081@0,jesd204:0,parent=spi1.0: JESD204[2] transition device_init -> link_init
[    7.867128] jesd204: /axi/spi@ff040000/ad9081@0,jesd204:0,parent=spi1.0: JESD204[0] transition device_init -> link_init
[    7.877919] jesd204: /axi/spi@ff040000/ad9081@0,jesd204:0,parent=spi1.0: JESD204[2] transition link_init -> link_supported
[    7.888957] jesd204: /axi/spi@ff040000/ad9081@0,jesd204:0,parent=spi1.0: JESD204[0] transition link_init -> link_supported
[    7.900354] hmc7044 spi2.0: hmc7044_jesd204_link_pre_setup: Link2 forcing continuous SYSREF mode
[    7.909617] jesd204: /axi/spi@ff040000/ad9081@0,jesd204:0,parent=spi1.0: JESD204[2] transition link_supported -> link_pre_setup
[    7.921092] jesd204: /axi/spi@ff040000/ad9081@0,jesd204:0,parent=spi1.0: JESD204[0] transition link_supported -> link_pre_setup
[    7.944867] jesd204: /axi/spi@ff040000/ad9081@0,jesd204:0,parent=spi1.0: JESD204[2] transition link_pre_setup -> clk_sync_stage1
[    7.956428] jesd204: /axi/spi@ff040000/ad9081@0,jesd204:0,parent=spi1.0: JESD204[0] transition link_pre_setup -> clk_sync_stage1
[    7.967992] jesd204: /axi/spi@ff040000/ad9081@0,jesd204:0,parent=spi1.0: JESD204[2] transition clk_sync_stage1 -> clk_sync_stage2
[    7.979636] jesd204: /axi/spi@ff040000/ad9081@0,jesd204:0,parent=spi1.0: JESD204[0] transition clk_sync_stage1 -> clk_sync_stage2
[    7.991288] jesd204: /axi/spi@ff040000/ad9081@0,jesd204:0,parent=spi1.0: JESD204[2] transition clk_sync_stage2 -> clk_sync_stage3
[    8.002933] jesd204: /axi/spi@ff040000/ad9081@0,jesd204:0,parent=spi1.0: JESD204[0] transition clk_sync_stage2 -> clk_sync_stage3
[    8.016660] jesd204: /axi/spi@ff040000/ad9081@0,jesd204:0,parent=spi1.0: JESD204[2] transition clk_sync_stage3 -> link_setup
[    8.027872] jesd204: /axi/spi@ff040000/ad9081@0,jesd204:0,parent=spi1.0: JESD204[0] transition clk_sync_stage3 -> link_setup
[    8.043859] jesd204: /axi/spi@ff040000/ad9081@0,jesd204:0,parent=spi1.0: JESD204[2] transition link_setup -> opt_setup_stage1
[    8.055162] jesd204: /axi/spi@ff040000/ad9081@0,jesd204:0,parent=spi1.0: JESD204[0] transition link_setup -> opt_setup_stage1
[    8.071495] jesd204: /axi/spi@ff040000/ad9081@0,jesd204:0,parent=spi1.0: JESD204[2] transition opt_setup_stage1 -> opt_setup_stage2
[    8.083321] jesd204: /axi/spi@ff040000/ad9081@0,jesd204:0,parent=spi1.0: JESD204[0] transition opt_setup_stage1 -> opt_setup_stage2
[    8.095292] jesd204: /axi/spi@ff040000/ad9081@0,jesd204:0,parent=spi1.0: JESD204[2] transition opt_setup_stage2 -> opt_setup_stage3
[    8.107113] jesd204: /axi/spi@ff040000/ad9081@0,jesd204:0,parent=spi1.0: JESD204[0] transition opt_setup_stage2 -> opt_setup_stage3
[    8.118937] jesd204: /axi/spi@ff040000/ad9081@0,jesd204:0,parent=spi1.0: JESD204[2] transition opt_setup_stage3 -> opt_setup_stage4
[    8.130754] jesd204: /axi/spi@ff040000/ad9081@0,jesd204:0,parent=spi1.0: JESD204[0] transition opt_setup_stage3 -> opt_setup_stage4
[    8.142585] jesd204: /axi/spi@ff040000/ad9081@0,jesd204:0,parent=spi1.0: JESD204[2] transition opt_setup_stage4 -> opt_setup_stage5
[    8.154409] jesd204: /axi/spi@ff040000/ad9081@0,jesd204:0,parent=spi1.0: JESD204[0] transition opt_setup_stage4 -> opt_setup_stage5
[    8.170362] jesd204: /axi/spi@ff040000/ad9081@0,jesd204:0,parent=spi1.0: JESD204[2] transition opt_setup_stage5 -> clocks_enable
[    8.181925] jesd204: /axi/spi@ff040000/ad9081@0,jesd204:0,parent=spi1.0: JESD204[0] transition opt_setup_stage5 -> clocks_enable
[    8.228861] axi_adxcvr 84a60000.axi-adxcvr-rx: adxcvr_clk_enable: CPLL RX buffer underflow error, status: 0x61
[    8.238845] axi_adxcvr 84a60000.axi-adxcvr-rx: adxcvr_clk_enable: CPLL RX buffer overflow error, status: 0x61
[    8.248817] jesd204: /axi/spi@ff040000/ad9081@0,jesd204:0,parent=spi1.0: JESD204[2] transition clocks_enable -> link_enable
[    8.259941] jesd204: /axi/spi@ff040000/ad9081@0,jesd204:0,parent=spi1.0: JESD204[0] transition clocks_enable -> link_enable
[    8.291976] ad9081 spi1.0: JESD RX (JTX) Link2 in DATA, SYNC deasserted, PLL locked, PHASE established, MODE valid
[    8.302582] ad9081 spi1.0: JESD TX (JRX) Link0 0xF lanes in DATA
[    8.308592] jesd204: /axi/spi@ff040000/ad9081@0,jesd204:0,parent=spi1.0: JESD204[2] transition link_enable -> link_running
[    8.319632] jesd204: /axi/spi@ff040000/ad9081@0,jesd204:0,parent=spi1.0: JESD204[0] transition link_enable -> link_running
[    8.330677] jesd204: /axi/spi@ff040000/ad9081@0,jesd204:0,parent=spi1.0: JESD204[2] transition link_running -> opt_post_running_stage
[    8.342669] jesd204: /axi/spi@ff040000/ad9081@0,jesd204:0,parent=spi1.0: JESD204[0] transition link_running -> opt_post_running_stage
[    8.363887] input: gpio-keys as /devices/platform/gpio-keys/input/input0
[    8.370904] of_cfs_init
[    8.373373] of_cfs_init: OK
[    8.376314] cfg80211: Loading compiled-in X.509 certificates for regulatory database
[    8.514377] cfg80211: Loaded X.509 cert 'sforshee: 00b28ddf47aef9cea7'
[    8.520909] clk: Not disabling unused clocks
[    8.525436] ALSA device list:
[    8.528396]   No soundcards found.
[    8.532073] platform regulatory.0: Direct firmware load for regulatory.db failed with error -2
[    8.540690] cfg80211: failed to load regulatory.db
[    8.555642] EXT4-fs (mmcblk0p2): mounted filesystem with ordered data mode. Opts: (null)
[    8.563770] VFS: Mounted root (ext4 filesystem) on device 179:2.
[    8.577364] devtmpfs: mounted
[    8.581213] Freeing unused kernel memory: 2560K
[    8.595792] Run /sbin/init as init process
[    8.599891]   with arguments:
[    8.599893]     /sbin/init
[    8.599895]   with environment:
[    8.599898]     HOME=/
[    8.599900]     TERM=linux
[    9.167922] systemd[1]: systemd 241 running in system mode. (+PAM +AUDIT +SELINUX +IMA +APPARMOR +SMACK +SYSVINIT +UTMP +LIBCRYPTSETUP +GCRYPT +GNUTLS +ACL +XZ +LZ4 +SECCOMP +BLKID +ELFUTILS +KMOD -IDN2 +IDN -PCRE2 default-hierarchy=hybrid)
[    9.189782] systemd[1]: Detected architecture arm64.
[    9.212463] systemd[1]: Set hostname to <analog>.
[    9.397561] systemd[1]: File /lib/systemd/system/systemd-journald.service:12 configures an IP firewall (IPAddressDeny=any), but the local system does not support BPF/cgroup based firewalling.
[    9.414648] systemd[1]: Proceeding WITHOUT firewalling in effect! (This warning is only shown for the first loaded unit using IP firewalling.)
[    9.578204] systemd[1]: /etc/systemd/system/tof-server.service:1: Assignment outside of section. Ignoring.
[    9.587924] systemd[1]: /etc/systemd/system/tof-server.service:2: Assignment outside of section. Ignoring.
[    9.770969] random: systemd: uninitialized urandom read (16 bytes read)
[    9.785749] random: systemd: uninitialized urandom read (16 bytes read)
[    9.792803] systemd[1]: Listening on fsck to fsckd communication Socket.
[    9.815813] random: systemd: uninitialized urandom read (16 bytes read)
[    9.822597] systemd[1]: Listening on initctl Compatibility Named Pipe.
[    9.843822] systemd[1]: Reached target Swap.
[   10.421580] ------------[ cut here ]------------
[   10.421586] Enabling unprepared \xa0\xc9Q\x88\xff\xff\xffPQ\x88\xff\xff\xff
[   10.421632] WARNING: CPU: 3 PID: 126 at drivers/clk/clk.c:1012 clk_core_enable+0xa4/0xc0
[   10.421635] Modules linked in:
[   10.421645] CPU: 3 PID: 126 Comm: kworker/3:1H Not tainted 5.10.0-98103-g2aa7ac113716 #5577
[   10.421648] Hardware name: ZynqMP ZCU102 Rev1.0 (DT)
[   10.421658] Workqueue: kblockd blk_mq_run_work_fn
[   10.421665] pstate: 80000085 (Nzcv daIf -PAN -UAO -TCO BTYPE=--)
[   10.421670] pc : clk_core_enable+0xa4/0xc0
[   10.421676] lr : clk_core_enable+0xa4/0xc0
[   10.421679] sp : ffffffc012b332d0
[   10.421682] x29: ffffffc012b332d0 x28: ffffff8800330c10 
[   10.421689] x27: ffffff8800330d48 x26: 0000005000000101 
[   10.421695] x25: 00000002673ae85a x24: 0000000000000001 
[   10.421702] x23: ffffff88010e9380 x22: ffffff8801083220 
[   10.421708] x21: ffffff8801515000 x20: ffffff8801515008 
[   10.421715] x19: ffffff8801515008 x18: 0000000000000030 
[   10.421721] x17: 0000000000000000 x16: 0000000000000000 
[   10.421728] x15: ffffffffffff8800 x14: ffffffc011d3b1a0 
[   10.421734] x13: ffffffc011d3b1c8 x12: 00000000000005ee 
[   10.421741] x11: 00000000000001fa x10: ffffffc011d671c8 
[   10.421747] x9 : 00000000fffff800 x8 : ffffffc011d3b1c8 
[   10.421754] x7 : ffffffc011d671c8 x6 : 0000000000000001 
[   10.421760] x5 : ffffff887f7a89e0 x4 : 0000000000000000 
[   10.421766] x3 : 0000000000000027 x2 : 0000000000000023 
[   10.421772] x1 : 92854fd614d52c00 x0 : 0000000000000000 
[   10.421779] Call trace:
[   10.421786]  clk_core_enable+0xa4/0xc0
[   10.421790]  clk_enable+0x2c/0x60
[   10.421797]  zynqmp_runtime_resume+0x24/0x84
[   10.421803]  pm_generic_runtime_resume+0x30/0x50
[   10.421809]  __genpd_runtime_resume+0x30/0xb0
[   10.421815]  genpd_runtime_resume+0x90/0x250
[   10.421820]  __rpm_callback+0x10c/0x1e0
[   10.421825]  rpm_callback+0x5c/0x84
[   10.421830]  rpm_resume+0x4a4/0x74c
[   10.421835]  __pm_runtime_resume+0x78/0xc4
[   10.421840]  spi_mem_access_start.isra.0+0x30/0x80
[   10.421844]  spi_mem_exec_op+0x3b0/0x424
[   10.421849]  spi_nor_read_sr+0x78/0xe0
[   10.421854]  spi_nor_wait_till_ready_with_timeout+0xb4/0x2f0
[   10.421859]  spi_nor_read+0x188/0x380
[   10.421864]  mtd_read_oob_std+0x78/0x84
[   10.421868]  mtd_read_oob+0x7c/0x134
[   10.421873]  mtd_read+0x48/0x7c
[   10.421879]  mtdblock_readsect+0x6c/0x150
[   10.421884]  mtd_queue_rq+0x2cc/0x5a0
[   10.421890]  blk_mq_dispatch_rq_list+0x110/0x790
[   10.421896]  __blk_mq_do_dispatch_sched+0x200/0x274
[   10.421901]  __blk_mq_sched_dispatch_requests+0x1a8/0x1fc
[   10.421907]  blk_mq_sched_dispatch_requests+0x3c/0x7c
[   10.421911]  __blk_mq_run_hw_queue+0x98/0x100
[   10.421916]  blk_mq_run_work_fn+0x24/0x30
[   10.421922]  process_one_work+0x1d4/0x380
[   10.421926]  worker_thread+0x78/0x4e0
[   10.421931]  kthread+0x124/0x130
[   10.421937]  ret_from_fork+0x10/0x3c
[   10.421940] ---[ end trace cea59ec86b2f6e0f ]---
[   10.421948] zynqmp-qspi ff0f0000.spi: Cannot enable APB clock.
[   10.421996] spi_master spi0: Failed to power device: -108
[   10.422006] blk_update_request: I/O error, dev mtdblock0, sector 8 op 0x0:(READ) flags 0x80700 phys_seg 1 prio class 0
[   10.422080] spi_master spi0: Failed to power device: -22
[   10.422087] blk_update_request: I/O error, dev mtdblock0, sector 8 op 0x0:(READ) flags 0x0 phys_seg 8 prio class 0
[   10.422092] Buffer I/O error on dev mtdblock0, logical block 8, async page read
[   10.422102] spi_master spi0: Failed to power device: -22
[   10.422108] blk_update_request: I/O error, dev mtdblock0, sector 9 op 0x0:(READ) flags 0x0 phys_seg 7 prio class 0
[   10.422112] Buffer I/O error on dev mtdblock0, logical block 9, async page read
[   10.422119] spi_master spi0: Failed to power device: -22
[   10.422125] blk_update_request: I/O error, dev mtdblock0, sector 10 op 0x0:(READ) flags 0x0 phys_seg 6 prio class 0
[   10.422129] Buffer I/O error on dev mtdblock0, logical block 10, async page read
[   10.422136] spi_master spi0: Failed to power device: -22
[   10.422141] blk_update_request: I/O error, dev mtdblock0, sector 11 op 0x0:(READ) flags 0x0 phys_seg 5 prio class 0
[   10.422145] Buffer I/O error on dev mtdblock0, logical block 11, async page read
[   10.422152] spi_master spi0: Failed to power device: -22
[   10.422157] blk_update_request: I/O error, dev mtdblock0, sector 12 op 0x0:(READ) flags 0x0 phys_seg 4 prio class 0
[   10.422161] Buffer I/O error on dev mtdblock0, logical block 12, async page read
[   10.422168] spi_master spi0: Failed to power device: -22
[   10.422173] blk_update_request: I/O error, dev mtdblock0, sector 13 op 0x0:(READ) flags 0x0 phys_seg 3 prio class 0
[   10.422177] Buffer I/O error on dev mtdblock0, logical block 13, async page read
[   10.422184] spi_master spi0: Failed to power device: -22
[   10.422190] blk_update_request: I/O error, dev mtdblock0, sector 14 op 0x0:(READ) flags 0x0 phys_seg 2 prio class 0
[   10.422193] Buffer I/O error on dev mtdblock0, logical block 14, async page read
[   10.422200] spi_master spi0: Failed to power device: -22
[   10.422205] blk_update_request: I/O error, dev mtdblock0, sector 15 op 0x0:(READ) flags 0x0 phys_seg 1 prio class 0
[   10.422209] Buffer I/O error on dev mtdblock0, logical block 15, async page read
[   10.422558] spi_master spi0: Failed to power device: -22
[   10.422565] blk_update_request: I/O error, dev mtdblock1, sector 10112 op 0x0:(READ) flags 0x80700 phys_seg 1 prio class 0
[   10.422609] spi_master spi0: Failed to power device: -22
[   10.422615] Buffer I/O error on dev mtdblock1, logical block 10112, async page read
[   10.422623] spi_master spi0: Failed to power device: -22
[   10.422628] Buffer I/O error on dev mtdblock1, logical block 10113, async page read
[   10.422635] spi_master spi0: Failed to power device: -22
[   10.422643] spi_master spi0: Failed to power device: -22
[   10.422650] spi_master spi0: Failed to power device: -22
[   10.422657] spi_master spi0: Failed to power device: -22
[   10.422665] spi_master spi0: Failed to power device: -22
[   10.422672] spi_master spi0: Failed to power device: -22
[   10.422933] spi_master spi0: Failed to power device: -22
[   10.422978] spi_master spi0: Failed to power device: -22
[   10.422987] spi_master spi0: Failed to power device: -22
[   10.422995] spi_master spi0: Failed to power device: -22
[   10.423003] spi_master spi0: Failed to power device: -22
[   10.423010] spi_master spi0: Failed to power device: -22
[   10.423018] spi_master spi0: Failed to power device: -22
[   10.423025] spi_master spi0: Failed to power device: -22
[   10.423032] spi_master spi0: Failed to power device: -22
[   10.423297] spi_master spi0: Failed to power device: -22
[   10.423341] spi_master spi0: Failed to power device: -22
[   10.423350] spi_master spi0: Failed to power device: -22
[   10.423358] spi_master spi0: Failed to power device: -22
[   10.423366] spi_master spi0: Failed to power device: -22
[   10.423373] spi_master spi0: Failed to power device: -22
[   10.423380] spi_master spi0: Failed to power device: -22
[   10.423388] spi_master spi0: Failed to power device: -22
[   10.423395] spi_master spi0: Failed to power device: -22
[   10.547677] EXT4-fs (mmcblk0p2): re-mounted. Opts: (null)
[   10.748572] systemd-journald[146]: Received request to flush runtime journal from PID 1
[   16.529439] macb ff0e0000.ethernet eth0: PHY [ff0e0000.ethernet-ffffffff:0c] driver [TI DP83867] (irq=POLL)
[   16.529452] macb ff0e0000.ethernet eth0: configuring for phy/rgmii-id link mode
[   16.828369] Adding 96252k swap on /var/swap.  Priority:-2 extents:1 across:96252k SS
[   18.511762] random: crng init done
[   18.511773] random: 7 urandom warning(s) missed due to ratelimiting
[   19.361656] broken atomic modeset userspace detected, disabling atomic
[   20.609363] macb ff0e0000.ethernet eth0: Link is Up - 1Gbps/Full - flow control off
[   20.609389] IPv6: ADDRCONF(NETDEV_CHANGE): eth0: link becomes ready
[   22.040157] broken atomic modeset userspace detected, disabling atomic
[   24.953917] broken atomic modeset userspace detected, disabling atomic