[    0.000000] Booting Linux on physical CPU 0x0000000000 [0x410fd034]
[    0.000000] Linux version 5.10.0-98103-g2aa7ac113716 (jenkins@romlxbuild1.adlk.analog.com) (aarch64-xilinx-linux-gcc.real (GCC) 10.2.0, GNU ld (GNU Binutils) 2.35.0.20200730) #5577 SMP Wed Mar 23 07:28:49 GMT 2022
[    0.000000] Machine model: ZynqMP ZCU102 Rev1.0
[    0.000000] earlycon: cdns0 at MMIO 0x00000000ff000000 (options '115200n8')
[    0.000000] printk: bootconsole [cdns0] enabled
[    0.000000] efi: UEFI not found.
[    0.000000] cma: Reserved 256 MiB at 0x0000000070000000
[    0.000000] Zone ranges:
[    0.000000]   DMA      [mem 0x0000000000000000-0x000000003fffffff]
[    0.000000]   DMA32    [mem 0x0000000040000000-0x00000000ffffffff]
[    0.000000]   Normal   [mem 0x0000000100000000-0x000000087fffffff]
[    0.000000] Movable zone start for each node
[    0.000000] Early memory node ranges
[    0.000000]   node   0: [mem 0x0000000000000000-0x000000007fffffff]
[    0.000000]   node   0: [mem 0x0000000800000000-0x000000087fffffff]
[    0.000000] Initmem setup node 0 [mem 0x0000000000000000-0x000000087fffffff]
[    0.000000] On node 0 totalpages: 1048576
[    0.000000]   DMA zone: 3584 pages used for memmap
[    0.000000]   DMA zone: 0 pages reserved
[    0.000000]   DMA zone: 262144 pages, LIFO batch:63
[    0.000000]   DMA32 zone: 3584 pages used for memmap
[    0.000000]   DMA32 zone: 262144 pages, LIFO batch:63
[    0.000000]   Normal zone: 7168 pages used for memmap
[    0.000000]   Normal zone: 524288 pages, LIFO batch:63
[    0.000000] psci: probing for conduit method from DT.
[    0.000000] psci: PSCIv1.1 detected in firmware.
[    0.000000] psci: Using standard PSCI v0.2 function IDs
[    0.000000] psci: MIGRATE_INFO_TYPE not supported.
[    0.000000] psci: SMC Calling Convention v1.2
[    0.000000] percpu: Embedded 22 pages/cpu s49496 r8192 d32424 u90112
[    0.000000] pcpu-alloc: s49496 r8192 d32424 u90112 alloc=22*4096
[    0.000000] pcpu-alloc: [0] 0 [0] 1 [0] 2 [0] 3 
[    0.000000] Detected VIPT I-cache on CPU0
[    0.000000] CPU features: detected: ARM erratum 845719
[    0.000000] Built 1 zonelists, mobility grouping on.  Total pages: 1034240
[    0.000000] Kernel command line: console=ttyPS0,115200 root=/dev/mmcblk0p2 rw earlycon rootfstype=ext4 rootwait clk_ignore_unused cpuidle.off=1 root=/dev/mmcblk0p2 rw rootwait
[    0.000000] Dentry cache hash table entries: 524288 (order: 10, 4194304 bytes, linear)
[    0.000000] Inode-cache hash table entries: 262144 (order: 9, 2097152 bytes, linear)
[    0.000000] mem auto-init: stack:off, heap alloc:off, heap free:off
[    0.000000] software IO TLB: mapped [mem 0x000000003bfff000-0x000000003ffff000] (64MB)
[    0.000000] Memory: 3761904K/4194304K available (15296K kernel code, 1636K rwdata, 11876K rodata, 2560K init, 507K bss, 170256K reserved, 262144K cma-reserved)
[    0.000000] rcu: Hierarchical RCU implementation.
[    0.000000] rcu: 	RCU event tracing is enabled.
[    0.000000] rcu: 	RCU restricting CPUs from NR_CPUS=8 to nr_cpu_ids=4.
[    0.000000] rcu: RCU calculated value of scheduler-enlistment delay is 25 jiffies.
[    0.000000] rcu: Adjusting geometry for rcu_fanout_leaf=16, nr_cpu_ids=4
[    0.000000] NR_IRQS: 64, nr_irqs: 64, preallocated irqs: 0
[    0.000000] GIC: Adjusting CPU interface base to 0x00000000f902f000
[    0.000000] GIC: Using split EOI/Deactivate mode
[    0.000000] random: get_random_bytes called from start_kernel+0x31c/0x54c with crng_init=0
[    0.000000] arch_timer: cp15 timer(s) running at 100.00MHz (phys).
[    0.000000] clocksource: arch_sys_counter: mask: 0xffffffffffffff max_cycles: 0x171024e7e0, max_idle_ns: 440795205315 ns
[    0.000004] sched_clock: 56 bits at 100MHz, resolution 10ns, wraps every 4398046511100ns
[    0.008460] Console: colour dummy device 80x25
[    0.012483] Calibrating delay loop (skipped), value calculated using timer frequency.. 200.00 BogoMIPS (lpj=400000)
[    0.022840] pid_max: default: 32768 minimum: 301
[    0.027550] Mount-cache hash table entries: 8192 (order: 4, 65536 bytes, linear)
[    0.034789] Mountpoint-cache hash table entries: 8192 (order: 4, 65536 bytes, linear)
[    0.043395] rcu: Hierarchical SRCU implementation.
[    0.047560] EFI services will not be available.
[    0.051939] smp: Bringing up secondary CPUs ...
[    0.056657] Detected VIPT I-cache on CPU1
[    0.056695] CPU1: Booted secondary processor 0x0000000001 [0x410fd034]
[    0.057061] Detected VIPT I-cache on CPU2
[    0.057085] CPU2: Booted secondary processor 0x0000000002 [0x410fd034]
[    0.057425] Detected VIPT I-cache on CPU3
[    0.057448] CPU3: Booted secondary processor 0x0000000003 [0x410fd034]
[    0.057494] smp: Brought up 1 node, 4 CPUs
[    0.091780] SMP: Total of 4 processors activated.
[    0.096452] CPU features: detected: 32-bit EL0 Support
[    0.101556] CPU features: detected: CRC32 instructions
[    0.106696] CPU: All CPU(s) started at EL2
[    0.110737] alternatives: patching kernel code
[    0.116170] devtmpfs: initialized
[    0.124065] Registered cp15_barrier emulation handler
[    0.124116] Registered setend emulation handler
[    0.128093] clocksource: jiffies: mask: 0xffffffff max_cycles: 0xffffffff, max_idle_ns: 7645041785100000 ns
[    0.137670] futex hash table entries: 1024 (order: 4, 65536 bytes, linear)
[    0.151014] pinctrl core: initialized pinctrl subsystem
[    0.151664] NET: Registered protocol family 16
[    0.156083] DMA: preallocated 512 KiB GFP_KERNEL pool for atomic allocations
[    0.162099] DMA: preallocated 512 KiB GFP_KERNEL|GFP_DMA pool for atomic allocations
[    0.169824] DMA: preallocated 512 KiB GFP_KERNEL|GFP_DMA32 pool for atomic allocations
[    0.177627] audit: initializing netlink subsys (disabled)
[    0.183079] audit: type=2000 audit(0.116:1): state=initialized audit_enabled=0 res=1
[    0.183424] hw-breakpoint: found 6 breakpoint and 4 watchpoint registers.
[    0.197454] ASID allocator initialised with 65536 entries
[    0.224350] HugeTLB registered 1.00 GiB page size, pre-allocated 0 pages
[    0.225404] HugeTLB registered 32.0 MiB page size, pre-allocated 0 pages
[    0.232074] HugeTLB registered 2.00 MiB page size, pre-allocated 0 pages
[    0.238738] HugeTLB registered 64.0 KiB page size, pre-allocated 0 pages
[    1.304318] DRBG: Continuing without Jitter RNG
[    1.382135] raid6: neonx8   gen()  2140 MB/s
[    1.450180] raid6: neonx8   xor()  1598 MB/s
[    1.518234] raid6: neonx4   gen()  2197 MB/s
[    1.586284] raid6: neonx4   xor()  1564 MB/s
[    1.654356] raid6: neonx2   gen()  2076 MB/s
[    1.722402] raid6: neonx2   xor()  1439 MB/s
[    1.790462] raid6: neonx1   gen()  1772 MB/s
[    1.858510] raid6: neonx1   xor()  1220 MB/s
[    1.926576] raid6: int64x8  gen()  1438 MB/s
[    1.994627] raid6: int64x8  xor()   771 MB/s
[    2.062704] raid6: int64x4  gen()  1599 MB/s
[    2.130750] raid6: int64x4  xor()   818 MB/s
[    2.198810] raid6: int64x2  gen()  1397 MB/s
[    2.266863] raid6: int64x2  xor()   750 MB/s
[    2.334955] raid6: int64x1  gen()  1034 MB/s
[    2.403001] raid6: int64x1  xor()   517 MB/s
[    2.403040] raid6: using algorithm neonx4 gen() 2197 MB/s
[    2.406996] raid6: .... xor() 1564 MB/s, rmw enabled
[    2.411926] raid6: using neon recovery algorithm
[    2.416939] iommu: Default domain type: Translated 
[    2.421551] SCSI subsystem initialized
[    2.425095] libata version 3.00 loaded.
[    2.425220] usbcore: registered new interface driver usbfs
[    2.430552] usbcore: registered new interface driver hub
[    2.435825] usbcore: registered new device driver usb
[    2.440958] mc: Linux media interface: v0.10
[    2.445076] videodev: Linux video capture interface: v2.00
[    2.450566] EDAC MC: Ver: 3.0.0
[    2.454007] zynqmp-ipi-mbox mailbox@ff990400: Registered ZynqMP IPI mbox with TX/RX channels.
[    2.462525] jesd204: created con: id=0, topo=0, link=0, /axi/spi@ff050000/hmc7044@0 <-> /fpga-axi@0/axi-adxcvr-tx@84b60000
[    2.473095] jesd204: created con: id=1, topo=0, link=2, /axi/spi@ff050000/hmc7044@0 <-> /fpga-axi@0/axi-adxcvr-rx@84a60000
[    2.484079] jesd204: created con: id=2, topo=0, link=0, /fpga-axi@0/axi-adxcvr-tx@84b60000 <-> /fpga-axi@0/axi-jesd204-tx@84b90000
[    2.495754] jesd204: created con: id=3, topo=0, link=2, /fpga-axi@0/axi-adxcvr-rx@84a60000 <-> /fpga-axi@0/axi-jesd204-rx@84a90000
[    2.507432] jesd204: created con: id=4, topo=0, link=0, /fpga-axi@0/axi-jesd204-tx@84b90000 <-> /fpga-axi@0/axi-ad9081-tx-hpc@84b10000
[    2.519459] jesd204: created con: id=5, topo=0, link=2, /fpga-axi@0/axi-jesd204-rx@84a90000 <-> /fpga-axi@0/axi-ad9081-rx-hpc@84a10000
[    2.531482] jesd204: created con: id=6, topo=0, link=2, /fpga-axi@0/axi-ad9081-rx-hpc@84a10000 <-> /axi/spi@ff040000/ad9081@0
[    2.542724] jesd204: created con: id=7, topo=0, link=0, /fpga-axi@0/axi-ad9081-tx-hpc@84b10000 <-> /axi/spi@ff040000/ad9081@0
[    2.553973] jesd204: /axi/spi@ff040000/ad9081@0: JESD204[2] transition uninitialized -> initialized
[    2.562960] jesd204: /axi/spi@ff040000/ad9081@0: JESD204[0] transition uninitialized -> initialized
[    2.571951] jesd204: found 8 devices and 1 topologies
[    2.576995] FPGA manager framework
[    2.580472] Advanced Linux Sound Architecture Driver Initialized.
[    2.586767] Bluetooth: Core ver 2.22
[    2.589954] NET: Registered protocol family 31
[    2.594356] Bluetooth: HCI device and connection manager initialized
[    2.600672] Bluetooth: HCI socket layer initialized
[    2.605514] Bluetooth: L2CAP socket layer initialized
[    2.610538] Bluetooth: SCO socket layer initialized
[    2.615722] clocksource: Switched to clocksource arch_sys_counter
[    2.621530] VFS: Disk quotas dquot_6.6.0
[    2.625367] VFS: Dquot-cache hash table entries: 512 (order 0, 4096 bytes)
[    2.636080] NET: Registered protocol family 2
[    2.636811] tcp_listen_portaddr_hash hash table entries: 2048 (order: 3, 32768 bytes, linear)
[    2.645005] TCP established hash table entries: 32768 (order: 6, 262144 bytes, linear)
[    2.653031] TCP bind hash table entries: 32768 (order: 7, 524288 bytes, linear)
[    2.660476] TCP: Hash tables configured (established 32768 bind 32768)
[    2.666650] UDP hash table entries: 2048 (order: 4, 65536 bytes, linear)
[    2.673316] UDP-Lite hash table entries: 2048 (order: 4, 65536 bytes, linear)
[    2.680476] NET: Registered protocol family 1
[    2.684933] RPC: Registered named UNIX socket transport module.
[    2.690553] RPC: Registered udp transport module.
[    2.695218] RPC: Registered tcp transport module.
[    2.699887] RPC: Registered tcp NFSv4.1 backchannel transport module.
[    2.706876] PCI: CLS 0 bytes, default 64
[    2.710587] hw perfevents: no interrupt-affinity property for /pmu, guessing.
[    2.717437] hw perfevents: enabled with armv8_pmuv3 PMU driver, 7 counters available
[    2.725790] Initialise system trusted keyrings
[    2.729466] workingset: timestamp_bits=62 max_order=20 bucket_order=0
[    2.736367] NFS: Registering the id_resolver key type
[    2.740817] Key type id_resolver registered
[    2.744955] Key type id_legacy registered
[    2.748945] nfs4filelayout_init: NFSv4 File Layout Driver Registering...
[    2.755611] jffs2: version 2.2. (NAND) (SUMMARY)  Â© 2001-2006 Red Hat, Inc.
[    2.798406] NET: Registered protocol family 38
[    2.798449] xor: measuring software checksum speed
[    2.806142]    8regs           :  2363 MB/sec
[    2.809810]    32regs          :  2799 MB/sec
[    2.814753]    arm64_neon      :  2380 MB/sec
[    2.814943] xor: using function: 32regs (2799 MB/sec)
[    2.819969] Key type asymmetric registered
[    2.824030] Asymmetric key parser 'x509' registered
[    2.828891] Block layer SCSI generic (bsg) driver version 0.4 loaded (major 248)
[    2.836228] io scheduler mq-deadline registered
[    2.840724] io scheduler kyber registered
[    2.870116] Serial: 8250/16550 driver, 4 ports, IRQ sharing disabled
[    2.874753] cacheinfo: Unable to detect cache hierarchy for CPU 0
[    2.881087] brd: module loaded
[    2.885236] loop: module loaded
[    2.885782] Registered mathworks_ip class
[    2.889121] libphy: Fixed MDIO Bus: probed
[    2.892106] tun: Universal TUN/TAP device driver, 1.6
[    2.896162] CAN device driver interface
[    2.900698] usbcore: registered new interface driver asix
[    2.905293] usbcore: registered new interface driver ax88179_178a
[    2.911328] usbcore: registered new interface driver cdc_ether
[    2.917122] usbcore: registered new interface driver net1080
[    2.922748] usbcore: registered new interface driver cdc_subset
[    2.928629] usbcore: registered new interface driver zaurus
[    2.934171] usbcore: registered new interface driver cdc_ncm
[    2.940575] ehci_hcd: USB 2.0 'Enhanced' Host Controller (EHCI) Driver
[    2.946257] ehci-pci: EHCI PCI platform driver
[    2.951053] usbcore: registered new interface driver uas
[    2.955973] usbcore: registered new interface driver usb-storage
[    2.961961] usbcore: registered new interface driver usbserial_generic
[    2.968412] usbserial: USB Serial support registered for generic
[    2.974385] usbcore: registered new interface driver ftdi_sio
[    2.980088] usbserial: USB Serial support registered for FTDI USB Serial Device
[    2.987365] usbcore: registered new interface driver upd78f0730
[    2.993236] usbserial: USB Serial support registered for upd78f0730
[    3.000898] rtc_zynqmp ffa60000.rtc: registered as rtc0
[    3.004661] rtc_zynqmp ffa60000.rtc: setting system clock to 2022-03-25T23:57:36 UTC (1648252656)
[    3.013523] i2c /dev entries driver
[    3.018827] usbcore: registered new interface driver uvcvideo
[    3.022636] USB Video Class driver (1.1.1)
[    3.028218] Bluetooth: HCI UART driver ver 2.3
[    3.031108] Bluetooth: HCI UART protocol H4 registered
[    3.036217] Bluetooth: HCI UART protocol BCSP registered
[    3.041507] Bluetooth: HCI UART protocol LL registered
[    3.046595] Bluetooth: HCI UART protocol ATH3K registered
[    3.051969] Bluetooth: HCI UART protocol Three-wire (H5) registered
[    3.058224] Bluetooth: HCI UART protocol Intel registered
[    3.063561] Bluetooth: HCI UART protocol QCA registered
[    3.068763] usbcore: registered new interface driver bcm203x
[    3.074385] usbcore: registered new interface driver bpa10x
[    3.079920] usbcore: registered new interface driver bfusb
[    3.085370] usbcore: registered new interface driver btusb
[    3.090833] usbcore: registered new interface driver ath3k
[    3.096316] EDAC MC: ECC not enabled
[    3.099941] EDAC DEVICE0: Giving out device to module zynqmp-ocm-edac controller zynqmp_ocm: DEV ff960000.memory-controller (INTERRUPT)
[    3.112255] sdhci: Secure Digital Host Controller Interface driver
[    3.118044] sdhci: Copyright(c) Pierre Ossman
[    3.122369] sdhci-pltfm: SDHCI platform and OF driver helper
[    3.128424] ledtrig-cpu: registered to indicate activity on CPUs
[    3.133973] SMCCC: SOC_ID: ARCH_SOC_ID not implemented, skipping ....
[    3.140403] zynqmp_firmware_probe Platform Management API v1.1
[    3.146160] zynqmp_firmware_probe Trustzone version v1.0
[    3.185714] zynqmp-pinctrl firmware:zynqmp-firmware:pinctrl: zynqmp pinctrl initialized
[    3.233701] zynqmp-aes firmware:zynqmp-firmware:zynqmp-aes: will run requests pump with realtime priority
[    3.249469] alg: No test for xilinx-keccak-384 (zynqmp-keccak-384)
[    3.250181] alg: No test for xilinx-zynqmp-rsa (zynqmp-rsa)
[    3.255697] usbcore: registered new interface driver usbhid
[    3.261083] usbhid: USB HID core driver
[    3.272316] axi_sysid 85000000.axi-sysid-0: AXI System ID core version (1.01.a) found
[    3.274664] axi_sysid 85000000.axi-sysid-0: [ad9081_fmca_ebz] on [zcu102] git branch <master> git <084d44c9780640ca93fd847b1d9ec70dd65f5c67> clean [2022-03-18 04:17:50] UTC
[    3.290356] fpga_manager fpga0: Xilinx ZynqMP FPGA Manager registered
[    3.296720] usbcore: registered new interface driver snd-usb-audio
[    3.304150] pktgen: Packet Generator for packet performance testing. Version: 2.75
[    3.310332] Initializing XFRM netlink socket
[    3.314200] NET: Registered protocol family 10
[    3.318907] Segment Routing with IPv6
[    3.322297] sit: IPv6, IPv4 and MPLS over IPv4 tunneling driver
[    3.328361] NET: Registered protocol family 17
[    3.332464] NET: Registered protocol family 15
[    3.336962] can: controller area network core
[    3.341217] NET: Registered protocol family 29
[    3.345605] can: raw protocol
[    3.348542] can: broadcast manager protocol
[    3.352695] can: netlink gateway - max_hops=1
[    3.357093] Bluetooth: RFCOMM TTY layer initialized
[    3.361871] Bluetooth: RFCOMM socket layer initialized
[    3.366981] Bluetooth: RFCOMM ver 1.11
[    3.370691] Bluetooth: BNEP (Ethernet Emulation) ver 1.3
[    3.375962] Bluetooth: BNEP filters: protocol multicast
[    3.381153] Bluetooth: BNEP socket layer initialized
[    3.386082] Bluetooth: HIDP (Human Interface Emulation) ver 1.2
[    3.391966] Bluetooth: HIDP socket layer initialized
[    3.397018] 9pnet: Installing 9P2000 support
[    3.401143] NET: Registered protocol family 36
[    3.405559] Key type dns_resolver registered
[    3.409990] registered taskstats version 1
[    3.413855] Loading compiled-in X.509 certificates
[    3.418969] Btrfs loaded, crc32c=crc32c-generic
[    3.431369] ff000000.serial: ttyPS0 at MMIO 0xff000000 (irq = 49, base_baud = 6249999) is a xuartps
[    3.440390] printk: console [ttyPS0] enabled
[    3.444685] printk: bootconsole [cdns0] disabled
[    3.454317] ff010000.serial: ttyPS1 at MMIO 0xff010000 (irq = 50, base_baud = 6249999) is a xuartps
[    3.467562] of-fpga-region fpga-full: FPGA Region probed
[    3.474518] nwl-pcie fd0e0000.pcie: host bridge /axi/pcie@fd0e0000 ranges:
[    3.481414] nwl-pcie fd0e0000.pcie:      MEM 0x00e0000000..0x00efffffff -> 0x00e0000000
[    3.489422] nwl-pcie fd0e0000.pcie:      MEM 0x0600000000..0x07ffffffff -> 0x0600000000
[    3.497487] nwl-pcie fd0e0000.pcie: Link is DOWN
[    3.502244] nwl-pcie fd0e0000.pcie: PCI host bridge to bus 0000:00
[    3.508422] pci_bus 0000:00: root bus resource [bus 00-ff]
[    3.513903] pci_bus 0000:00: root bus resource [mem 0xe0000000-0xefffffff]
[    3.520773] pci_bus 0000:00: root bus resource [mem 0x600000000-0x7ffffffff pref]
[    3.528277] pci 0000:00:00.0: [10ee:d021] type 01 class 0x060400
[    3.534334] pci 0000:00:00.0: PME# supported from D0 D1 D2 D3hot
[    3.544770] pci 0000:00:00.0: PCI bridge to [bus 01-0c]
[    3.550741] xilinx-zynqmp-dma fd500000.dma: ZynqMP DMA driver Probe success
[    3.557913] xilinx-zynqmp-dma fd510000.dma: ZynqMP DMA driver Probe success
[    3.565093] xilinx-zynqmp-dma fd520000.dma: ZynqMP DMA driver Probe success
[    3.572266] xilinx-zynqmp-dma fd530000.dma: ZynqMP DMA driver Probe success
[    3.579433] xilinx-zynqmp-dma fd540000.dma: ZynqMP DMA driver Probe success
[    3.586602] xilinx-zynqmp-dma fd550000.dma: ZynqMP DMA driver Probe success
[    3.593772] xilinx-zynqmp-dma fd560000.dma: ZynqMP DMA driver Probe success
[    3.600943] xilinx-zynqmp-dma fd570000.dma: ZynqMP DMA driver Probe success
[    3.608339] xilinx-zynqmp-dpdma fd4c0000.dma-controller: Xilinx DPDMA engine is probed
[    3.616890] ahci-ceva fd0c0000.ahci: supply ahci not found, using dummy regulator
[    3.624428] ahci-ceva fd0c0000.ahci: supply phy not found, using dummy regulator
[    3.711899] hmc7044 spi2.0: PLL1: Acquisition, CLKIN0 @ 122880000 Hz, PFD: 80 kHz - PLL2: Locked @ 2664.000000 MHz
[    3.722616] jesd204: /axi/spi@ff050000/hmc7044@0,jesd204:1,parent=spi2.0: Using as SYSREF provider
[    3.732208] spi-nor spi0.0: SPI-NOR-UniqueID 100000235394732200270025081115266e
[    3.739518] spi-nor spi0.0: found n25q512a, expected m25p80
[    3.745721] spi-nor spi0.0: trying to lock already unlocked area
[    3.751722] spi-nor spi0.0: n25q512a (131072 Kbytes)
[    3.756705] 4 fixed-partitions partitions found on MTD device spi0.0
[    3.763052] Creating 4 MTD partitions on "spi0.0":
[    3.767838] 0x000000000000-0x000000100000 : "qspi-fsbl-uboot"
[    3.774324] 0x000000100000-0x000000600000 : "qspi-linux"
[    3.780285] 0x000000600000-0x000000620000 : "qspi-device-tree"
[    3.786765] 0x000000620000-0x000000c00000 : "qspi-rootfs"
[    3.795236] macb ff0e0000.ethernet: Not enabling partial store and forward
[    3.802765] libphy: MACB_mii_bus: probed
[    3.807829] macb ff0e0000.ethernet eth0: Cadence GEM rev 0x50070106 at 0xff0e0000 irq 30 (00:0a:35:04:8e:1b)
[    3.818041] xilinx-axipmon ffa00000.perf-monitor: Probed Xilinx APM
[    3.824617] xilinx-axipmon fd0b0000.perf-monitor: Probed Xilinx APM
[    3.831133] xilinx-axipmon fd490000.perf-monitor: Probed Xilinx APM
[    3.837678] xilinx-axipmon ffa10000.perf-monitor: Probed Xilinx APM
[    3.847696] pca953x 0-0020: supply vcc not found, using dummy regulator
[    3.854381] pca953x 0-0020: using no AI
[    3.858867] gpio-496 (sel0): hogged as output/low
[    3.863772] gpio-497 (sel1): hogged as output/high
[    3.868763] gpio-498 (sel2): hogged as output/high
[    3.873752] gpio-499 (sel3): hogged as output/high
[    3.878934] pca953x 0-0021: supply vcc not found, using dummy regulator
[    3.885608] pca953x 0-0021: using no AI
[    3.891377] ina2xx 2-0040: power monitor ina226 (Rshunt = 5000 uOhm)
[    3.898405] ina2xx 2-0041: power monitor ina226 (Rshunt = 5000 uOhm)
[    3.905444] ina2xx 2-0042: power monitor ina226 (Rshunt = 5000 uOhm)
[    3.912475] ina2xx 2-0043: power monitor ina226 (Rshunt = 5000 uOhm)
[    3.919501] ina2xx 2-0044: power monitor ina226 (Rshunt = 5000 uOhm)
[    3.926520] ina2xx 2-0045: power monitor ina226 (Rshunt = 5000 uOhm)
[    3.933550] ina2xx 2-0046: power monitor ina226 (Rshunt = 5000 uOhm)
[    3.940629] ina2xx 2-0047: power monitor ina226 (Rshunt = 5000 uOhm)
[    3.947655] ina2xx 2-004a: power monitor ina226 (Rshunt = 5000 uOhm)
[    3.954694] ina2xx 2-004b: power monitor ina226 (Rshunt = 5000 uOhm)
[    3.961104] i2c i2c-0: Added multiplexed i2c bus 2
[    3.966488] random: fast init done
[    3.969964] ina2xx 3-0040: power monitor ina226 (Rshunt = 2000 uOhm)
[    3.976991] ina2xx 3-0041: power monitor ina226 (Rshunt = 5000 uOhm)
[    3.984018] ina2xx 3-0042: power monitor ina226 (Rshunt = 5000 uOhm)
[    3.991051] ina2xx 3-0043: power monitor ina226 (Rshunt = 5000 uOhm)
[    3.998074] ina2xx 3-0044: power monitor ina226 (Rshunt = 5000 uOhm)
[    4.005100] ina2xx 3-0045: power monitor ina226 (Rshunt = 5000 uOhm)
[    4.012135] ina2xx 3-0046: power monitor ina226 (Rshunt = 5000 uOhm)
[    4.019164] ina2xx 3-0047: power monitor ina226 (Rshunt = 5000 uOhm)
[    4.025563] i2c i2c-0: Added multiplexed i2c bus 3
[    4.081386] i2c i2c-0: Added multiplexed i2c bus 4
[    4.086330] i2c i2c-0: Added multiplexed i2c bus 5
[    4.091119] pca954x 0-0075: registered 4 multiplexed busses for I2C mux pca9544
[    4.098469] cdns-i2c ff020000.i2c: 400 kHz mmio ff020000 irq 32
[    4.106208] at24 6-0054: supply vcc not found, using dummy regulator
[    4.113107] at24 6-0054: 1024 byte 24c08 EEPROM, writable, 1 bytes/write
[    4.119856] i2c i2c-1: Added multiplexed i2c bus 6
[    4.126288] si5341 7-0036: Chip: 5341 Grade: 1 Rev: 1
[    4.163982] i2c i2c-1: Added multiplexed i2c bus 7
[    4.171630] si570 8-005d: registered, current frequency 300000000 Hz
[    4.178029] i2c i2c-1: Added multiplexed i2c bus 8
[    4.197816] si570 9-005d: registered, current frequency 148500000 Hz
[    4.204217] i2c i2c-1: Added multiplexed i2c bus 9
[    4.209257] si5324 10-0069: si5328 probed
[    4.276081] si5324 10-0069: si5328 probe successful
[    4.281011] i2c i2c-1: Added multiplexed i2c bus 10
[    4.286038] i2c i2c-1: Added multiplexed i2c bus 11
[    4.291065] i2c i2c-1: Added multiplexed i2c bus 12
[    4.296086] i2c i2c-1: Added multiplexed i2c bus 13
[    4.300967] pca954x 1-0074: registered 8 multiplexed busses for I2C switch pca9548
[    4.309075] at24 14-0050: supply vcc not found, using dummy regulator
[    4.315863] at24 14-0050: 256 byte 24c02 EEPROM, writable, 1 bytes/write
[    4.322611] i2c i2c-1: Added multiplexed i2c bus 14
[    4.327650] i2c i2c-1: Added multiplexed i2c bus 15
[    4.332683] i2c i2c-1: Added multiplexed i2c bus 16
[    4.337721] i2c i2c-1: Added multiplexed i2c bus 17
[    4.342750] i2c i2c-1: Added multiplexed i2c bus 18
[    4.347797] i2c i2c-1: Added multiplexed i2c bus 19
[    4.352834] i2c i2c-1: Added multiplexed i2c bus 20
[    4.357868] i2c i2c-1: Added multiplexed i2c bus 21
[    4.362742] pca954x 1-0075: registered 8 multiplexed busses for I2C switch pca9548
[    4.370351] cdns-i2c ff030000.i2c: 400 kHz mmio ff030000 irq 33
[    4.380102] cdns-wdt fd4d0000.watchdog: Xilinx Watchdog Timer with timeout 60s
[    4.391047] axi_adxcvr 84a60000.axi-adxcvr-rx: AXI-ADXCVR-RX (17.05.a) using CPLL on GTH4 at 0x84A60000. Number of lanes: 4.
[    4.403224] axi_adxcvr 84b60000.axi-adxcvr-tx: AXI-ADXCVR-TX (17.05.a) using QPLL on GTH4 at 0x84B60000. Number of lanes: 4.
[    4.414852] axi-jesd204-rx 84a90000.axi-jesd204-rx: AXI-JESD204-RX (1.07.a) at 0x84A90000. Encoder 8b10b, width 4/4, lanes 4, jesd204-fsm.
[    4.422130] mmc0: SDHCI controller on ff170000.mmc [ff170000.mmc] using ADMA 64-bit
[    4.427693] axi-jesd204-tx 84b90000.axi-jesd204-tx: AXI-JESD204-TX (1.06.a) at 0x84B90000. Encoder 8b10b, width 4/4, lanes 4, jesd204-fsm.
[    4.448422] zynqmp-display fd4a0000.display: vtc bridge property not present
[    4.458080] xilinx-dp-snd-codec fd4a0000.display:zynqmp_dp_snd_codec0: Failed to get required clock freq
[    4.467579] xilinx-dp-snd-codec: probe of fd4a0000.display:zynqmp_dp_snd_codec0 failed with error -22
[    4.469497] mmc0: new high speed SDHC card at address 0001
[    4.477120] xilinx-dp-snd-pcm zynqmp_dp_snd_pcm0: Xilinx DisplayPort Sound PCM probed
[    4.482631] mmcblk0: mmc0:0001 EB1QT 29.8 GiB 
[    4.490437] xilinx-dp-snd-pcm zynqmp_dp_snd_pcm1: Xilinx DisplayPort Sound PCM probed
[    4.495827]  mmcblk0: p1 p2 p3
[    4.502738] OF: graph: no port node found in /axi/display@fd4a0000
[    4.511813] xlnx-drm xlnx-drm.0: bound fd4a0000.display (ops 0xffffffc010fcbdb8)
[    5.595737] zynqmp-display fd4a0000.display: [drm] Cannot find any crtc or sizes
[    5.603351] [drm] Initialized xlnx 1.0.0 20130509 for fd4a0000.display on minor 0
[    5.610841] zynqmp-display fd4a0000.display: ZynqMP DisplayPort Subsystem driver probed
[    5.619170] ahci-ceva fd0c0000.ahci: supply ahci not found, using dummy regulator
[    5.626721] ahci-ceva fd0c0000.ahci: supply phy not found, using dummy regulator
[    5.634181] ahci-ceva fd0c0000.ahci: supply target not found, using dummy regulator
[    5.642017] ahci-ceva fd0c0000.ahci: AHCI 0001.0301 32 slots 2 ports 6 Gbps 0x3 impl platform mode
[    5.650974] ahci-ceva fd0c0000.ahci: flags: 64bit ncq sntf pm clo only pmp fbs pio slum part ccc sds apst 
[    5.661668] scsi host0: ahci-ceva
[    5.665274] scsi host1: ahci-ceva
[    5.668701] ata1: SATA max UDMA/133 mmio [mem 0xfd0c0000-0xfd0c1fff] port 0x100 irq 45
[    5.676613] ata2: SATA max UDMA/133 mmio [mem 0xfd0c0000-0xfd0c1fff] port 0x180 irq 45
[    5.685207] ad9081 spi1.0: supply vdd not found, using dummy regulator
[    5.997972] ata1: SATA link down (SStatus 0 SControl 330)
[    6.003387] ata2: SATA link down (SStatus 0 SControl 330)
[    6.679739] zynqmp-display fd4a0000.display: [drm] Cannot find any crtc or sizes
[    6.903205] ad9081 spi1.0: Invalid param passed., "ref_clk_hz < 100000000ULL" in adi_ad9081_device_clk_config_set(...), line554 in drivers/iio/adc/ad9081/adi_ad9081_device.c
[    7.580782] ad9081 spi1.0: AD9081 Rev. 2 Grade 10 (API 1.2.2) probed
[    7.588002] xhci-hcd xhci-hcd.1.auto: xHCI Host Controller
[    7.593499] xhci-hcd xhci-hcd.1.auto: new USB bus registered, assigned bus number 1
[    7.601247] xhci-hcd xhci-hcd.1.auto: hcc params 0x0238f625 hci version 0x100 quirks 0x0000000002010810
[    7.610660] xhci-hcd xhci-hcd.1.auto: irq 59, io mem 0xfe200000
[    7.616766] usb usb1: New USB device found, idVendor=1d6b, idProduct=0002, bcdDevice= 5.10
[    7.625025] usb usb1: New USB device strings: Mfr=3, Product=2, SerialNumber=1
[    7.632241] usb usb1: Product: xHCI Host Controller
[    7.637111] usb usb1: Manufacturer: Linux 5.10.0-98103-g2aa7ac113716 xhci-hcd
[    7.644240] usb usb1: SerialNumber: xhci-hcd.1.auto
[    7.649413] hub 1-0:1.0: USB hub found
[    7.653182] hub 1-0:1.0: 1 port detected
[    7.657287] xhci-hcd xhci-hcd.1.auto: xHCI Host Controller
[    7.662776] xhci-hcd xhci-hcd.1.auto: new USB bus registered, assigned bus number 2
[    7.670434] xhci-hcd xhci-hcd.1.auto: Host supports USB 3.0 SuperSpeed
[    7.677052] usb usb2: New USB device found, idVendor=1d6b, idProduct=0003, bcdDevice= 5.10
[    7.685314] usb usb2: New USB device strings: Mfr=3, Product=2, SerialNumber=1
[    7.692534] usb usb2: Product: xHCI Host Controller
[    7.697402] usb usb2: Manufacturer: Linux 5.10.0-98103-g2aa7ac113716 xhci-hcd
[    7.704527] usb usb2: SerialNumber: xhci-hcd.1.auto
[    7.709633] hub 2-0:1.0: USB hub found
[    7.713390] hub 2-0:1.0: 1 port detected
[    7.743457] cf_axi_adc 84a10000.axi-ad9081-rx-hpc: ADI AIM (10.01.b) at 0x84A10000 mapped to 0x(____ptrval____), probed ADC AD9081 as MASTER
[    7.776561] cf_axi_dds 84b10000.axi-ad9081-tx-hpc: Analog Devices CF_AXI_DDS_DDS MASTER (9.01.b) at 0x84B10000 mapped to 0x(____ptrval____), probed DDS AD9081
[    7.790762] jesd204: /axi/spi@ff040000/ad9081@0,jesd204:0,parent=spi1.0: JESD204[2] transition initialized -> probed
[    7.801283] jesd204: /axi/spi@ff040000/ad9081@0,jesd204:0,parent=spi1.0: JESD204[0] transition initialized -> probed
[    7.811806] jesd204: /axi/spi@ff040000/ad9081@0,jesd204:0,parent=spi1.0: JESD204[2] transition probed -> idle
[    7.821715] jesd204: /axi/spi@ff040000/ad9081@0,jesd204:0,parent=spi1.0: JESD204[0] transition probed -> idle
[    7.831629] jesd204: /axi/spi@ff040000/ad9081@0,jesd204:0,parent=spi1.0: JESD204[2] transition idle -> device_init
[    7.841972] jesd204: /axi/spi@ff040000/ad9081@0,jesd204:0,parent=spi1.0: JESD204[0] transition idle -> device_init
[    7.852323] jesd204: /axi/spi@ff040000/ad9081@0,jesd204:0,parent=spi1.0: JESD204[2] transition device_init -> link_init
[    7.863102] jesd204: /axi/spi@ff040000/ad9081@0,jesd204:0,parent=spi1.0: JESD204[0] transition device_init -> link_init
[    7.873892] jesd204: /axi/spi@ff040000/ad9081@0,jesd204:0,parent=spi1.0: JESD204[2] transition link_init -> link_supported
[    7.884929] jesd204: /axi/spi@ff040000/ad9081@0,jesd204:0,parent=spi1.0: JESD204[0] transition link_init -> link_supported
[    7.896341] hmc7044 spi2.0: hmc7044_jesd204_link_pre_setup: Link2 forcing continuous SYSREF mode
[    7.905613] jesd204: /axi/spi@ff040000/ad9081@0,jesd204:0,parent=spi1.0: JESD204[2] transition link_supported -> link_pre_setup
[    7.917092] jesd204: /axi/spi@ff040000/ad9081@0,jesd204:0,parent=spi1.0: JESD204[0] transition link_supported -> link_pre_setup
[    7.940942] jesd204: /axi/spi@ff040000/ad9081@0,jesd204:0,parent=spi1.0: JESD204[2] transition link_pre_setup -> clk_sync_stage1
[    7.952506] jesd204: /axi/spi@ff040000/ad9081@0,jesd204:0,parent=spi1.0: JESD204[0] transition link_pre_setup -> clk_sync_stage1
[    7.964069] jesd204: /axi/spi@ff040000/ad9081@0,jesd204:0,parent=spi1.0: JESD204[2] transition clk_sync_stage1 -> clk_sync_stage2
[    7.975718] jesd204: /axi/spi@ff040000/ad9081@0,jesd204:0,parent=spi1.0: JESD204[0] transition clk_sync_stage1 -> clk_sync_stage2
[    7.987366] jesd204: /axi/spi@ff040000/ad9081@0,jesd204:0,parent=spi1.0: JESD204[2] transition clk_sync_stage2 -> clk_sync_stage3
[    7.999011] jesd204: /axi/spi@ff040000/ad9081@0,jesd204:0,parent=spi1.0: JESD204[0] transition clk_sync_stage2 -> clk_sync_stage3
[    8.012682] jesd204: /axi/spi@ff040000/ad9081@0,jesd204:0,parent=spi1.0: JESD204[2] transition clk_sync_stage3 -> link_setup
[    8.023901] jesd204: /axi/spi@ff040000/ad9081@0,jesd204:0,parent=spi1.0: JESD204[0] transition clk_sync_stage3 -> link_setup
[    8.039946] jesd204: /axi/spi@ff040000/ad9081@0,jesd204:0,parent=spi1.0: JESD204[2] transition link_setup -> opt_setup_stage1
[    8.051250] jesd204: /axi/spi@ff040000/ad9081@0,jesd204:0,parent=spi1.0: JESD204[0] transition link_setup -> opt_setup_stage1
[    8.067590] jesd204: /axi/spi@ff040000/ad9081@0,jesd204:0,parent=spi1.0: JESD204[2] transition opt_setup_stage1 -> opt_setup_stage2
[    8.079416] jesd204: /axi/spi@ff040000/ad9081@0,jesd204:0,parent=spi1.0: JESD204[0] transition opt_setup_stage1 -> opt_setup_stage2
[    8.091389] jesd204: /axi/spi@ff040000/ad9081@0,jesd204:0,parent=spi1.0: JESD204[2] transition opt_setup_stage2 -> opt_setup_stage3
[    8.103208] jesd204: /axi/spi@ff040000/ad9081@0,jesd204:0,parent=spi1.0: JESD204[0] transition opt_setup_stage2 -> opt_setup_stage3
[    8.115033] jesd204: /axi/spi@ff040000/ad9081@0,jesd204:0,parent=spi1.0: JESD204[2] transition opt_setup_stage3 -> opt_setup_stage4
[    8.126850] jesd204: /axi/spi@ff040000/ad9081@0,jesd204:0,parent=spi1.0: JESD204[0] transition opt_setup_stage3 -> opt_setup_stage4
[    8.138679] jesd204: /axi/spi@ff040000/ad9081@0,jesd204:0,parent=spi1.0: JESD204[2] transition opt_setup_stage4 -> opt_setup_stage5
[    8.150507] jesd204: /axi/spi@ff040000/ad9081@0,jesd204:0,parent=spi1.0: JESD204[0] transition opt_setup_stage4 -> opt_setup_stage5
[    8.166467] jesd204: /axi/spi@ff040000/ad9081@0,jesd204:0,parent=spi1.0: JESD204[2] transition opt_setup_stage5 -> clocks_enable
[    8.178029] jesd204: /axi/spi@ff040000/ad9081@0,jesd204:0,parent=spi1.0: JESD204[0] transition opt_setup_stage5 -> clocks_enable
[    8.224967] axi_adxcvr 84a60000.axi-adxcvr-rx: adxcvr_clk_enable: CPLL RX buffer underflow error, status: 0x61
[    8.234958] axi_adxcvr 84a60000.axi-adxcvr-rx: adxcvr_clk_enable: CPLL RX buffer overflow error, status: 0x61
[    8.244940] jesd204: /axi/spi@ff040000/ad9081@0,jesd204:0,parent=spi1.0: JESD204[2] transition clocks_enable -> link_enable
[    8.256069] jesd204: /axi/spi@ff040000/ad9081@0,jesd204:0,parent=spi1.0: JESD204[0] transition clocks_enable -> link_enable
[    8.287971] ad9081 spi1.0: JESD RX (JTX) Link2 in DATA, SYNC deasserted, PLL locked, PHASE established, MODE valid
[    8.298586] ad9081 spi1.0: JESD TX (JRX) Link0 0xF lanes in DATA
[    8.304592] jesd204: /axi/spi@ff040000/ad9081@0,jesd204:0,parent=spi1.0: JESD204[2] transition link_enable -> link_running
[    8.315630] jesd204: /axi/spi@ff040000/ad9081@0,jesd204:0,parent=spi1.0: JESD204[0] transition link_enable -> link_running
[    8.326676] jesd204: /axi/spi@ff040000/ad9081@0,jesd204:0,parent=spi1.0: JESD204[2] transition link_running -> opt_post_running_stage
[    8.338669] jesd204: /axi/spi@ff040000/ad9081@0,jesd204:0,parent=spi1.0: JESD204[0] transition link_running -> opt_post_running_stage
[    8.359970] input: gpio-keys as /devices/platform/gpio-keys/input/input0
[    8.366991] of_cfs_init
[    8.369455] of_cfs_init: OK
[    8.372398] cfg80211: Loading compiled-in X.509 certificates for regulatory database
[    8.536714] cfg80211: Loaded X.509 cert 'sforshee: 00b28ddf47aef9cea7'
[    8.543242] clk: Not disabling unused clocks
[    8.547775] ALSA device list:
[    8.550735]   No soundcards found.
[    8.554408] platform regulatory.0: Direct firmware load for regulatory.db failed with error -2
[    8.563019] cfg80211: failed to load regulatory.db
[    8.563222] random: crng init done
[    8.581555] EXT4-fs (mmcblk0p2): mounted filesystem with ordered data mode. Opts: (null)
[    8.589671] VFS: Mounted root (ext4 filesystem) on device 179:2.
[    8.603584] devtmpfs: mounted
[    8.607409] Freeing unused kernel memory: 2560K
[    8.619772] Run /sbin/init as init process
[    8.623866]   with arguments:
[    8.623869]     /sbin/init
[    8.623871]   with environment:
[    8.623873]     HOME=/
[    8.623875]     TERM=linux
[    9.216221] systemd[1]: systemd 241 running in system mode. (+PAM +AUDIT +SELINUX +IMA +APPARMOR +SMACK +SYSVINIT +UTMP +LIBCRYPTSETUP +GCRYPT +GNUTLS +ACL +XZ +LZ4 +SECCOMP +BLKID +ELFUTILS +KMOD -IDN2 +IDN -PCRE2 default-hierarchy=hybrid)
[    9.238109] systemd[1]: Detected architecture arm64.
[    9.260493] systemd[1]: Set hostname to <analog>.
[    9.472349] systemd[1]: File /lib/systemd/system/systemd-journald.service:12 configures an IP firewall (IPAddressDeny=any), but the local system does not support BPF/cgroup based firewalling.
[    9.489404] systemd[1]: Proceeding WITHOUT firewalling in effect! (This warning is only shown for the first loaded unit using IP firewalling.)
[    9.656973] systemd[1]: /etc/systemd/system/tof-server.service:1: Assignment outside of section. Ignoring.
[    9.666658] systemd[1]: /etc/systemd/system/tof-server.service:2: Assignment outside of section. Ignoring.
[    9.863182] systemd[1]: Listening on Syslog Socket.
[    9.879865] systemd[1]: Condition check resulted in Arbitrary Executable File Formats File System Automount Point being skipped.
[    9.891872] systemd[1]: Listening on fsck to fsckd communication Socket.
[   10.488180] ------------[ cut here ]------------
[   10.488189] Enabling unprepared \xa0\xd9Q\x88\xff\xff\xff`Q\x88\xff\xff\xff
[   10.488238] WARNING: CPU: 1 PID: 131 at drivers/clk/clk.c:1012 clk_core_enable+0xa4/0xc0
[   10.488241] Modules linked in:
[   10.488251] CPU: 1 PID: 131 Comm: kworker/1:1H Not tainted 5.10.0-98103-g2aa7ac113716 #5577
[   10.488254] Hardware name: ZynqMP ZCU102 Rev1.0 (DT)
[   10.488263] Workqueue: kblockd blk_mq_run_work_fn
[   10.488271] pstate: 80000085 (Nzcv daIf -PAN -UAO -TCO BTYPE=--)
[   10.488276] pc : clk_core_enable+0xa4/0xc0
[   10.488282] lr : clk_core_enable+0xa4/0xc0
[   10.488285] sp : ffffffc012b432d0
[   10.488288] x29: ffffffc012b432d0 x28: ffffff8800330c10 
[   10.488294] x27: ffffff8800330d48 x26: 0000005000000101 
[   10.488301] x25: 000000026b3369c8 x24: 0000000000000001 
[   10.488308] x23: ffffff88010e9380 x22: ffffff8801083220 
[   10.488315] x21: ffffff8801516000 x20: ffffff8801516008 
[   10.488321] x19: ffffff8801516008 x18: 0000000000000030 
[   10.488327] x17: 0000000000000001 x16: 0000b5f407b73660 
[   10.488334] x15: ffffffffffff8788 x14: ffffffc011d3b1a0 
[   10.488341] x13: ffffffc011d3b1c8 x12: 00000000000005e8 
[   10.488347] x11: 00000000000001f8 x10: ffffffc011d671c8 
[   10.488354] x9 : 00000000fffff800 x8 : ffffffc011d3b1c8 
[   10.488360] x7 : ffffffc011d671c8 x6 : 0000000000000001 
[   10.488367] x5 : ffffff887f77c9e0 x4 : 0000000000000000 
[   10.488373] x3 : 0000000000000027 x2 : 0000000000000023 
[   10.488379] x1 : aa5d6a5823c9dc00 x0 : 0000000000000000 
[   10.488386] Call trace:
[   10.488392]  clk_core_enable+0xa4/0xc0
[   10.488397]  clk_enable+0x2c/0x60
[   10.488403]  zynqmp_runtime_resume+0x24/0x84
[   10.488410]  pm_generic_runtime_resume+0x30/0x50
[   10.488416]  __genpd_runtime_resume+0x30/0xb0
[   10.488422]  genpd_runtime_resume+0x90/0x250
[   10.488428]  __rpm_callback+0x10c/0x1e0
[   10.488434]  rpm_callback+0x5c/0x84
[   10.488439]  rpm_resume+0x4a4/0x74c
[   10.488444]  __pm_runtime_resume+0x78/0xc4
[   10.488448]  spi_mem_access_start.isra.0+0x30/0x80
[   10.488452]  spi_mem_exec_op+0x3b0/0x424
[   10.488457]  spi_nor_read_sr+0x78/0xe0
[   10.488462]  spi_nor_wait_till_ready_with_timeout+0xb4/0x2f0
[   10.488466]  spi_nor_read+0x188/0x380
[   10.488472]  mtd_read_oob_std+0x78/0x84
[   10.488476]  mtd_read_oob+0x7c/0x134
[   10.488481]  mtd_read+0x48/0x7c
[   10.488487]  mtdblock_readsect+0x6c/0x150
[   10.488492]  mtd_queue_rq+0x2cc/0x5a0
[   10.488497]  blk_mq_dispatch_rq_list+0x110/0x790
[   10.488503]  __blk_mq_do_dispatch_sched+0x200/0x274
[   10.488509]  __blk_mq_sched_dispatch_requests+0x1a8/0x1fc
[   10.488515]  blk_mq_sched_dispatch_requests+0x3c/0x7c
[   10.488519]  __blk_mq_run_hw_queue+0x98/0x100
[   10.488524]  blk_mq_run_work_fn+0x24/0x30
[   10.488530]  process_one_work+0x1d4/0x380
[   10.488534]  worker_thread+0x78/0x4e0
[   10.488540]  kthread+0x124/0x130
[   10.488545]  ret_from_fork+0x10/0x3c
[   10.488548] ---[ end trace 1af447cfa1ad2e60 ]---
[   10.488556] zynqmp-qspi ff0f0000.spi: Cannot enable APB clock.
[   10.488606] spi_master spi0: Failed to power device: -108
[   10.488616] blk_update_request: I/O error, dev mtdblock0, sector 8 op 0x0:(READ) flags 0x80700 phys_seg 1 prio class 0
[   10.488683] spi_master spi0: Failed to power device: -22
[   10.488690] blk_update_request: I/O error, dev mtdblock0, sector 8 op 0x0:(READ) flags 0x0 phys_seg 8 prio class 0
[   10.488696] Buffer I/O error on dev mtdblock0, logical block 8, async page read
[   10.488705] spi_master spi0: Failed to power device: -22
[   10.488711] blk_update_request: I/O error, dev mtdblock0, sector 9 op 0x0:(READ) flags 0x0 phys_seg 7 prio class 0
[   10.488715] Buffer I/O error on dev mtdblock0, logical block 9, async page read
[   10.488722] spi_master spi0: Failed to power device: -22
[   10.488728] blk_update_request: I/O error, dev mtdblock0, sector 10 op 0x0:(READ) flags 0x0 phys_seg 6 prio class 0
[   10.488731] Buffer I/O error on dev mtdblock0, logical block 10, async page read
[   10.488738] spi_master spi0: Failed to power device: -22
[   10.488744] blk_update_request: I/O error, dev mtdblock0, sector 11 op 0x0:(READ) flags 0x0 phys_seg 5 prio class 0
[   10.488748] Buffer I/O error on dev mtdblock0, logical block 11, async page read
[   10.488755] spi_master spi0: Failed to power device: -22
[   10.488761] blk_update_request: I/O error, dev mtdblock0, sector 12 op 0x0:(READ) flags 0x0 phys_seg 4 prio class 0
[   10.488764] Buffer I/O error on dev mtdblock0, logical block 12, async page read
[   10.488771] spi_master spi0: Failed to power device: -22
[   10.488777] blk_update_request: I/O error, dev mtdblock0, sector 13 op 0x0:(READ) flags 0x0 phys_seg 3 prio class 0
[   10.488780] Buffer I/O error on dev mtdblock0, logical block 13, async page read
[   10.488788] spi_master spi0: Failed to power device: -22
[   10.488793] blk_update_request: I/O error, dev mtdblock0, sector 14 op 0x0:(READ) flags 0x0 phys_seg 2 prio class 0
[   10.488797] Buffer I/O error on dev mtdblock0, logical block 14, async page read
[   10.488804] spi_master spi0: Failed to power device: -22
[   10.488809] blk_update_request: I/O error, dev mtdblock0, sector 15 op 0x0:(READ) flags 0x0 phys_seg 1 prio class 0
[   10.488813] Buffer I/O error on dev mtdblock0, logical block 15, async page read
[   10.489127] spi_master spi0: Failed to power device: -22
[   10.489135] blk_update_request: I/O error, dev mtdblock1, sector 10112 op 0x0:(READ) flags 0x80700 phys_seg 1 prio class 0
[   10.489178] spi_master spi0: Failed to power device: -22
[   10.489184] Buffer I/O error on dev mtdblock1, logical block 10112, async page read
[   10.489192] spi_master spi0: Failed to power device: -22
[   10.489197] Buffer I/O error on dev mtdblock1, logical block 10113, async page read
[   10.489204] spi_master spi0: Failed to power device: -22
[   10.489212] spi_master spi0: Failed to power device: -22
[   10.489219] spi_master spi0: Failed to power device: -22
[   10.489226] spi_master spi0: Failed to power device: -22
[   10.489234] spi_master spi0: Failed to power device: -22
[   10.489241] spi_master spi0: Failed to power device: -22
[   10.489500] spi_master spi0: Failed to power device: -22
[   10.489544] spi_master spi0: Failed to power device: -22
[   10.489553] spi_master spi0: Failed to power device: -22
[   10.489561] spi_master spi0: Failed to power device: -22
[   10.489568] spi_master spi0: Failed to power device: -22
[   10.489575] spi_master spi0: Failed to power device: -22
[   10.489583] spi_master spi0: Failed to power device: -22
[   10.489590] spi_master spi0: Failed to power device: -22
[   10.489597] spi_master spi0: Failed to power device: -22
[   10.489862] spi_master spi0: Failed to power device: -22
[   10.489906] spi_master spi0: Failed to power device: -22
[   10.489915] spi_master spi0: Failed to power device: -22
[   10.489923] spi_master spi0: Failed to power device: -22
[   10.489931] spi_master spi0: Failed to power device: -22
[   10.489939] spi_master spi0: Failed to power device: -22
[   10.489946] spi_master spi0: Failed to power device: -22
[   10.489953] spi_master spi0: Failed to power device: -22
[   10.489960] spi_master spi0: Failed to power device: -22
[   10.619401] EXT4-fs (mmcblk0p2): re-mounted. Opts: (null)
[   10.711484] systemd-journald[169]: Received request to flush runtime journal from PID 1
[   16.969245] macb ff0e0000.ethernet eth0: PHY [ff0e0000.ethernet-ffffffff:0c] driver [TI DP83867] (irq=POLL)
[   16.969258] macb ff0e0000.ethernet eth0: configuring for phy/rgmii-id link mode
[   17.263771] Adding 89084k swap on /var/swap.  Priority:-2 extents:2 across:613500k SS
[   19.970313] broken atomic modeset userspace detected, disabling atomic
[   21.057355] macb ff0e0000.ethernet eth0: Link is Up - 1Gbps/Full - flow control off
[   21.057382] IPv6: ADDRCONF(NETDEV_CHANGE): eth0: link becomes ready
[   22.661063] broken atomic modeset userspace detected, disabling atomic
[   25.595284] broken atomic modeset userspace detected, disabling atomic
[   28.254369] broken atomic modeset userspace detected, disabling atomic