[    0.000000] Booting Linux on physical CPU 0x0000000000 [0x410fd034]
[    0.000000] Linux version 5.10.0-98103-g2aa7ac113716 (jenkins@romlxbuild1.adlk.analog.com) (aarch64-xilinx-linux-gcc.real (GCC) 10.2.0, GNU ld (GNU Binutils) 2.35.0.20200730) #5577 SMP Wed Mar 23 07:28:49 GMT 2022
[    0.000000] Machine model: ZynqMP ZCU102 Rev1.0
[    0.000000] earlycon: cdns0 at MMIO 0x00000000ff000000 (options '115200n8')
[    0.000000] printk: bootconsole [cdns0] enabled
[    0.000000] efi: UEFI not found.
[    0.000000] cma: Reserved 256 MiB at 0x0000000070000000
[    0.000000] Zone ranges:
[    0.000000]   DMA      [mem 0x0000000000000000-0x000000003fffffff]
[    0.000000]   DMA32    [mem 0x0000000040000000-0x00000000ffffffff]
[    0.000000]   Normal   [mem 0x0000000100000000-0x000000087fffffff]
[    0.000000] Movable zone start for each node
[    0.000000] Early memory node ranges
[    0.000000]   node   0: [mem 0x0000000000000000-0x000000007fffffff]
[    0.000000]   node   0: [mem 0x0000000800000000-0x000000087fffffff]
[    0.000000] Initmem setup node 0 [mem 0x0000000000000000-0x000000087fffffff]
[    0.000000] On node 0 totalpages: 1048576
[    0.000000]   DMA zone: 3584 pages used for memmap
[    0.000000]   DMA zone: 0 pages reserved
[    0.000000]   DMA zone: 262144 pages, LIFO batch:63
[    0.000000]   DMA32 zone: 3584 pages used for memmap
[    0.000000]   DMA32 zone: 262144 pages, LIFO batch:63
[    0.000000]   Normal zone: 7168 pages used for memmap
[    0.000000]   Normal zone: 524288 pages, LIFO batch:63
[    0.000000] psci: probing for conduit method from DT.
[    0.000000] psci: PSCIv1.1 detected in firmware.
[    0.000000] psci: Using standard PSCI v0.2 function IDs
[    0.000000] psci: MIGRATE_INFO_TYPE not supported.
[    0.000000] psci: SMC Calling Convention v1.2
[    0.000000] percpu: Embedded 22 pages/cpu s49496 r8192 d32424 u90112
[    0.000000] pcpu-alloc: s49496 r8192 d32424 u90112 alloc=22*4096
[    0.000000] pcpu-alloc: [0] 0 [0] 1 [0] 2 [0] 3 
[    0.000000] Detected VIPT I-cache on CPU0
[    0.000000] CPU features: detected: ARM erratum 845719
[    0.000000] Built 1 zonelists, mobility grouping on.  Total pages: 1034240
[    0.000000] Kernel command line: console=ttyPS0,115200 root=/dev/mmcblk0p2 rw earlycon rootfstype=ext4 rootwait clk_ignore_unused cpuidle.off=1 root=/dev/mmcblk0p2 rw rootwait
[    0.000000] Dentry cache hash table entries: 524288 (order: 10, 4194304 bytes, linear)
[    0.000000] Inode-cache hash table entries: 262144 (order: 9, 2097152 bytes, linear)
[    0.000000] mem auto-init: stack:off, heap alloc:off, heap free:off
[    0.000000] software IO TLB: mapped [mem 0x000000003bfff000-0x000000003ffff000] (64MB)
[    0.000000] Memory: 3761904K/4194304K available (15296K kernel code, 1636K rwdata, 11876K rodata, 2560K init, 507K bss, 170256K reserved, 262144K cma-reserved)
[    0.000000] rcu: Hierarchical RCU implementation.
[    0.000000] rcu: 	RCU event tracing is enabled.
[    0.000000] rcu: 	RCU restricting CPUs from NR_CPUS=8 to nr_cpu_ids=4.
[    0.000000] rcu: RCU calculated value of scheduler-enlistment delay is 25 jiffies.
[    0.000000] rcu: Adjusting geometry for rcu_fanout_leaf=16, nr_cpu_ids=4
[    0.000000] NR_IRQS: 64, nr_irqs: 64, preallocated irqs: 0
[    0.000000] GIC: Adjusting CPU interface base to 0x00000000f902f000
[    0.000000] GIC: Using split EOI/Deactivate mode
[    0.000000] random: get_random_bytes called from start_kernel+0x31c/0x54c with crng_init=0
[    0.000000] arch_timer: cp15 timer(s) running at 100.00MHz (phys).
[    0.000000] clocksource: arch_sys_counter: mask: 0xffffffffffffff max_cycles: 0x171024e7e0, max_idle_ns: 440795205315 ns
[    0.000003] sched_clock: 56 bits at 100MHz, resolution 10ns, wraps every 4398046511100ns
[    0.008462] Console: colour dummy device 80x25
[    0.012482] Calibrating delay loop (skipped), value calculated using timer frequency.. 200.00 BogoMIPS (lpj=400000)
[    0.022840] pid_max: default: 32768 minimum: 301
[    0.027551] Mount-cache hash table entries: 8192 (order: 4, 65536 bytes, linear)
[    0.034788] Mountpoint-cache hash table entries: 8192 (order: 4, 65536 bytes, linear)
[    0.043392] rcu: Hierarchical SRCU implementation.
[    0.047560] EFI services will not be available.
[    0.051938] smp: Bringing up secondary CPUs ...
[    0.056655] Detected VIPT I-cache on CPU1
[    0.056694] CPU1: Booted secondary processor 0x0000000001 [0x410fd034]
[    0.057061] Detected VIPT I-cache on CPU2
[    0.057085] CPU2: Booted secondary processor 0x0000000002 [0x410fd034]
[    0.057422] Detected VIPT I-cache on CPU3
[    0.057445] CPU3: Booted secondary processor 0x0000000003 [0x410fd034]
[    0.057491] smp: Brought up 1 node, 4 CPUs
[    0.091779] SMP: Total of 4 processors activated.
[    0.096452] CPU features: detected: 32-bit EL0 Support
[    0.101556] CPU features: detected: CRC32 instructions
[    0.106694] CPU: All CPU(s) started at EL2
[    0.110736] alternatives: patching kernel code
[    0.116170] devtmpfs: initialized
[    0.124053] Registered cp15_barrier emulation handler
[    0.124103] Registered setend emulation handler
[    0.128084] clocksource: jiffies: mask: 0xffffffff max_cycles: 0xffffffff, max_idle_ns: 7645041785100000 ns
[    0.137662] futex hash table entries: 1024 (order: 4, 65536 bytes, linear)
[    0.151018] pinctrl core: initialized pinctrl subsystem
[    0.151667] NET: Registered protocol family 16
[    0.156083] DMA: preallocated 512 KiB GFP_KERNEL pool for atomic allocations
[    0.162098] DMA: preallocated 512 KiB GFP_KERNEL|GFP_DMA pool for atomic allocations
[    0.169824] DMA: preallocated 512 KiB GFP_KERNEL|GFP_DMA32 pool for atomic allocations
[    0.177628] audit: initializing netlink subsys (disabled)
[    0.183080] audit: type=2000 audit(0.116:1): state=initialized audit_enabled=0 res=1
[    0.183425] hw-breakpoint: found 6 breakpoint and 4 watchpoint registers.
[    0.197454] ASID allocator initialised with 65536 entries
[    0.224349] HugeTLB registered 1.00 GiB page size, pre-allocated 0 pages
[    0.225403] HugeTLB registered 32.0 MiB page size, pre-allocated 0 pages
[    0.232073] HugeTLB registered 2.00 MiB page size, pre-allocated 0 pages
[    0.238737] HugeTLB registered 64.0 KiB page size, pre-allocated 0 pages
[    1.304307] DRBG: Continuing without Jitter RNG
[    1.382132] raid6: neonx8   gen()  2141 MB/s
[    1.450181] raid6: neonx8   xor()  1598 MB/s
[    1.518242] raid6: neonx4   gen()  2197 MB/s
[    1.586289] raid6: neonx4   xor()  1567 MB/s
[    1.654355] raid6: neonx2   gen()  2075 MB/s
[    1.722405] raid6: neonx2   xor()  1438 MB/s
[    1.790469] raid6: neonx1   gen()  1772 MB/s
[    1.858524] raid6: neonx1   xor()  1220 MB/s
[    1.926576] raid6: int64x8  gen()  1438 MB/s
[    1.994629] raid6: int64x8  xor()   771 MB/s
[    2.062691] raid6: int64x4  gen()  1599 MB/s
[    2.130755] raid6: int64x4  xor()   817 MB/s
[    2.198824] raid6: int64x2  gen()  1397 MB/s
[    2.266866] raid6: int64x2  xor()   750 MB/s
[    2.334934] raid6: int64x1  gen()  1033 MB/s
[    2.403004] raid6: int64x1  xor()   517 MB/s
[    2.403042] raid6: using algorithm neonx4 gen() 2197 MB/s
[    2.406995] raid6: .... xor() 1567 MB/s, rmw enabled
[    2.411926] raid6: using neon recovery algorithm
[    2.416937] iommu: Default domain type: Translated 
[    2.421551] SCSI subsystem initialized
[    2.425095] libata version 3.00 loaded.
[    2.425220] usbcore: registered new interface driver usbfs
[    2.430552] usbcore: registered new interface driver hub
[    2.435825] usbcore: registered new device driver usb
[    2.440956] mc: Linux media interface: v0.10
[    2.445074] videodev: Linux video capture interface: v2.00
[    2.450565] EDAC MC: Ver: 3.0.0
[    2.454006] zynqmp-ipi-mbox mailbox@ff990400: Registered ZynqMP IPI mbox with TX/RX channels.
[    2.462500] jesd204: created con: id=0, topo=0, link=0, /axi/spi@ff050000/hmc7044@0 <-> /fpga-axi@0/axi-adxcvr-tx@84b60000
[    2.473094] jesd204: created con: id=1, topo=0, link=2, /axi/spi@ff050000/hmc7044@0 <-> /fpga-axi@0/axi-adxcvr-rx@84a60000
[    2.484078] jesd204: created con: id=2, topo=0, link=0, /fpga-axi@0/axi-adxcvr-tx@84b60000 <-> /fpga-axi@0/axi-jesd204-tx@84b90000
[    2.495754] jesd204: created con: id=3, topo=0, link=2, /fpga-axi@0/axi-adxcvr-rx@84a60000 <-> /fpga-axi@0/axi-jesd204-rx@84a90000
[    2.507431] jesd204: created con: id=4, topo=0, link=0, /fpga-axi@0/axi-jesd204-tx@84b90000 <-> /fpga-axi@0/axi-ad9081-tx-hpc@84b10000
[    2.519459] jesd204: created con: id=5, topo=0, link=2, /fpga-axi@0/axi-jesd204-rx@84a90000 <-> /fpga-axi@0/axi-ad9081-rx-hpc@84a10000
[    2.531481] jesd204: created con: id=6, topo=0, link=2, /fpga-axi@0/axi-ad9081-rx-hpc@84a10000 <-> /axi/spi@ff040000/ad9081@0
[    2.542723] jesd204: created con: id=7, topo=0, link=0, /fpga-axi@0/axi-ad9081-tx-hpc@84b10000 <-> /axi/spi@ff040000/ad9081@0
[    2.553973] jesd204: /axi/spi@ff040000/ad9081@0: JESD204[2] transition uninitialized -> initialized
[    2.562959] jesd204: /axi/spi@ff040000/ad9081@0: JESD204[0] transition uninitialized -> initialized
[    2.571951] jesd204: found 8 devices and 1 topologies
[    2.576995] FPGA manager framework
[    2.580473] Advanced Linux Sound Architecture Driver Initialized.
[    2.586765] Bluetooth: Core ver 2.22
[    2.589954] NET: Registered protocol family 31
[    2.594355] Bluetooth: HCI device and connection manager initialized
[    2.600672] Bluetooth: HCI socket layer initialized
[    2.605514] Bluetooth: L2CAP socket layer initialized
[    2.610538] Bluetooth: SCO socket layer initialized
[    2.615724] clocksource: Switched to clocksource arch_sys_counter
[    2.621531] VFS: Disk quotas dquot_6.6.0
[    2.625365] VFS: Dquot-cache hash table entries: 512 (order 0, 4096 bytes)
[    2.636084] NET: Registered protocol family 2
[    2.636809] tcp_listen_portaddr_hash hash table entries: 2048 (order: 3, 32768 bytes, linear)
[    2.645005] TCP established hash table entries: 32768 (order: 6, 262144 bytes, linear)
[    2.653030] TCP bind hash table entries: 32768 (order: 7, 524288 bytes, linear)
[    2.660474] TCP: Hash tables configured (established 32768 bind 32768)
[    2.666651] UDP hash table entries: 2048 (order: 4, 65536 bytes, linear)
[    2.673316] UDP-Lite hash table entries: 2048 (order: 4, 65536 bytes, linear)
[    2.680477] NET: Registered protocol family 1
[    2.684933] RPC: Registered named UNIX socket transport module.
[    2.690553] RPC: Registered udp transport module.
[    2.695217] RPC: Registered tcp transport module.
[    2.699887] RPC: Registered tcp NFSv4.1 backchannel transport module.
[    2.706879] PCI: CLS 0 bytes, default 64
[    2.710584] hw perfevents: no interrupt-affinity property for /pmu, guessing.
[    2.717438] hw perfevents: enabled with armv8_pmuv3 PMU driver, 7 counters available
[    2.725791] Initialise system trusted keyrings
[    2.729470] workingset: timestamp_bits=62 max_order=20 bucket_order=0
[    2.736368] NFS: Registering the id_resolver key type
[    2.740816] Key type id_resolver registered
[    2.744955] Key type id_legacy registered
[    2.748944] nfs4filelayout_init: NFSv4 File Layout Driver Registering...
[    2.755610] jffs2: version 2.2. (NAND) (SUMMARY)  Â© 2001-2006 Red Hat, Inc.
[    2.799097] NET: Registered protocol family 38
[    2.799140] xor: measuring software checksum speed
[    2.806833]    8regs           :  2363 MB/sec
[    2.810502]    32regs          :  2799 MB/sec
[    2.815445]    arm64_neon      :  2380 MB/sec
[    2.815634] xor: using function: 32regs (2799 MB/sec)
[    2.820660] Key type asymmetric registered
[    2.824721] Asymmetric key parser 'x509' registered
[    2.829583] Block layer SCSI generic (bsg) driver version 0.4 loaded (major 248)
[    2.836920] io scheduler mq-deadline registered
[    2.841416] io scheduler kyber registered
[    2.870798] Serial: 8250/16550 driver, 4 ports, IRQ sharing disabled
[    2.875437] cacheinfo: Unable to detect cache hierarchy for CPU 0
[    2.881775] brd: module loaded
[    2.885913] loop: module loaded
[    2.886461] Registered mathworks_ip class
[    2.889811] libphy: Fixed MDIO Bus: probed
[    2.892782] tun: Universal TUN/TAP device driver, 1.6
[    2.896848] CAN device driver interface
[    2.901381] usbcore: registered new interface driver asix
[    2.905981] usbcore: registered new interface driver ax88179_178a
[    2.912013] usbcore: registered new interface driver cdc_ether
[    2.917805] usbcore: registered new interface driver net1080
[    2.923431] usbcore: registered new interface driver cdc_subset
[    2.929311] usbcore: registered new interface driver zaurus
[    2.934855] usbcore: registered new interface driver cdc_ncm
[    2.941257] ehci_hcd: USB 2.0 'Enhanced' Host Controller (EHCI) Driver
[    2.946940] ehci-pci: EHCI PCI platform driver
[    2.951749] usbcore: registered new interface driver uas
[    2.956656] usbcore: registered new interface driver usb-storage
[    2.962643] usbcore: registered new interface driver usbserial_generic
[    2.969095] usbserial: USB Serial support registered for generic
[    2.975068] usbcore: registered new interface driver ftdi_sio
[    2.980771] usbserial: USB Serial support registered for FTDI USB Serial Device
[    2.988047] usbcore: registered new interface driver upd78f0730
[    2.993919] usbserial: USB Serial support registered for upd78f0730
[    3.001573] rtc_zynqmp ffa60000.rtc: registered as rtc0
[    3.005344] rtc_zynqmp ffa60000.rtc: setting system clock to 2022-03-25T23:36:26 UTC (1648251386)
[    3.014206] i2c /dev entries driver
[    3.019514] usbcore: registered new interface driver uvcvideo
[    3.023319] USB Video Class driver (1.1.1)
[    3.028899] Bluetooth: HCI UART driver ver 2.3
[    3.031801] Bluetooth: HCI UART protocol H4 registered
[    3.036900] Bluetooth: HCI UART protocol BCSP registered
[    3.042187] Bluetooth: HCI UART protocol LL registered
[    3.047279] Bluetooth: HCI UART protocol ATH3K registered
[    3.052653] Bluetooth: HCI UART protocol Three-wire (H5) registered
[    3.058906] Bluetooth: HCI UART protocol Intel registered
[    3.064244] Bluetooth: HCI UART protocol QCA registered
[    3.069448] usbcore: registered new interface driver bcm203x
[    3.075066] usbcore: registered new interface driver bpa10x
[    3.080601] usbcore: registered new interface driver bfusb
[    3.086055] usbcore: registered new interface driver btusb
[    3.091515] usbcore: registered new interface driver ath3k
[    3.096998] EDAC MC: ECC not enabled
[    3.100626] EDAC DEVICE0: Giving out device to module zynqmp-ocm-edac controller zynqmp_ocm: DEV ff960000.memory-controller (INTERRUPT)
[    3.112937] sdhci: Secure Digital Host Controller Interface driver
[    3.118729] sdhci: Copyright(c) Pierre Ossman
[    3.123051] sdhci-pltfm: SDHCI platform and OF driver helper
[    3.129106] ledtrig-cpu: registered to indicate activity on CPUs
[    3.134655] SMCCC: SOC_ID: ARCH_SOC_ID not implemented, skipping ....
[    3.141086] zynqmp_firmware_probe Platform Management API v1.1
[    3.146843] zynqmp_firmware_probe Trustzone version v1.0
[    3.186410] zynqmp-pinctrl firmware:zynqmp-firmware:pinctrl: zynqmp pinctrl initialized
[    3.234408] zynqmp-aes firmware:zynqmp-firmware:zynqmp-aes: will run requests pump with realtime priority
[    3.250245] alg: No test for xilinx-keccak-384 (zynqmp-keccak-384)
[    3.250958] alg: No test for xilinx-zynqmp-rsa (zynqmp-rsa)
[    3.256468] usbcore: registered new interface driver usbhid
[    3.261861] usbhid: USB HID core driver
[    3.273111] axi_sysid 85000000.axi-sysid-0: AXI System ID core version (1.01.a) found
[    3.275458] axi_sysid 85000000.axi-sysid-0: [ad9081_fmca_ebz] on [zcu102] git branch <master> git <084d44c9780640ca93fd847b1d9ec70dd65f5c67> clean [2022-03-18 04:17:50] UTC
[    3.291145] fpga_manager fpga0: Xilinx ZynqMP FPGA Manager registered
[    3.297503] usbcore: registered new interface driver snd-usb-audio
[    3.304952] pktgen: Packet Generator for packet performance testing. Version: 2.75
[    3.311137] Initializing XFRM netlink socket
[    3.314989] NET: Registered protocol family 10
[    3.319705] Segment Routing with IPv6
[    3.323090] sit: IPv6, IPv4 and MPLS over IPv4 tunneling driver
[    3.329157] NET: Registered protocol family 17
[    3.333264] NET: Registered protocol family 15
[    3.337759] can: controller area network core
[    3.342013] NET: Registered protocol family 29
[    3.346401] can: raw protocol
[    3.349337] can: broadcast manager protocol
[    3.353492] can: netlink gateway - max_hops=1
[    3.357885] Bluetooth: RFCOMM TTY layer initialized
[    3.362665] Bluetooth: RFCOMM socket layer initialized
[    3.367775] Bluetooth: RFCOMM ver 1.11
[    3.371480] Bluetooth: BNEP (Ethernet Emulation) ver 1.3
[    3.376756] Bluetooth: BNEP filters: protocol multicast
[    3.381949] Bluetooth: BNEP socket layer initialized
[    3.386877] Bluetooth: HIDP (Human Interface Emulation) ver 1.2
[    3.392760] Bluetooth: HIDP socket layer initialized
[    3.397816] 9pnet: Installing 9P2000 support
[    3.401938] NET: Registered protocol family 36
[    3.406355] Key type dns_resolver registered
[    3.410785] registered taskstats version 1
[    3.414651] Loading compiled-in X.509 certificates
[    3.419771] Btrfs loaded, crc32c=crc32c-generic
[    3.432167] ff000000.serial: ttyPS0 at MMIO 0xff000000 (irq = 49, base_baud = 6249999) is a xuartps
[    3.441193] printk: console [ttyPS0] enabled
[    3.445488] printk: bootconsole [cdns0] disabled
[    3.455117] ff010000.serial: ttyPS1 at MMIO 0xff010000 (irq = 50, base_baud = 6249999) is a xuartps
[    3.468366] of-fpga-region fpga-full: FPGA Region probed
[    3.475325] nwl-pcie fd0e0000.pcie: host bridge /axi/pcie@fd0e0000 ranges:
[    3.482219] nwl-pcie fd0e0000.pcie:      MEM 0x00e0000000..0x00efffffff -> 0x00e0000000
[    3.490220] nwl-pcie fd0e0000.pcie:      MEM 0x0600000000..0x07ffffffff -> 0x0600000000
[    3.498288] nwl-pcie fd0e0000.pcie: Link is DOWN
[    3.503047] nwl-pcie fd0e0000.pcie: PCI host bridge to bus 0000:00
[    3.509227] pci_bus 0000:00: root bus resource [bus 00-ff]
[    3.514707] pci_bus 0000:00: root bus resource [mem 0xe0000000-0xefffffff]
[    3.521572] pci_bus 0000:00: root bus resource [mem 0x600000000-0x7ffffffff pref]
[    3.529076] pci 0000:00:00.0: [10ee:d021] type 01 class 0x060400
[    3.535138] pci 0000:00:00.0: PME# supported from D0 D1 D2 D3hot
[    3.545575] pci 0000:00:00.0: PCI bridge to [bus 01-0c]
[    3.551557] xilinx-zynqmp-dma fd500000.dma: ZynqMP DMA driver Probe success
[    3.558734] xilinx-zynqmp-dma fd510000.dma: ZynqMP DMA driver Probe success
[    3.565912] xilinx-zynqmp-dma fd520000.dma: ZynqMP DMA driver Probe success
[    3.573079] xilinx-zynqmp-dma fd530000.dma: ZynqMP DMA driver Probe success
[    3.580246] xilinx-zynqmp-dma fd540000.dma: ZynqMP DMA driver Probe success
[    3.587414] xilinx-zynqmp-dma fd550000.dma: ZynqMP DMA driver Probe success
[    3.594584] xilinx-zynqmp-dma fd560000.dma: ZynqMP DMA driver Probe success
[    3.601754] xilinx-zynqmp-dma fd570000.dma: ZynqMP DMA driver Probe success
[    3.609152] xilinx-zynqmp-dpdma fd4c0000.dma-controller: Xilinx DPDMA engine is probed
[    3.617704] ahci-ceva fd0c0000.ahci: supply ahci not found, using dummy regulator
[    3.625246] ahci-ceva fd0c0000.ahci: supply phy not found, using dummy regulator
[    3.715894] hmc7044 spi2.0: PLL1: Acquisition, CLKIN0 @ 122880000 Hz, PFD: 80 kHz - PLL2: Locked @ 2928.000000 MHz
[    3.726610] jesd204: /axi/spi@ff050000/hmc7044@0,jesd204:1,parent=spi2.0: Using as SYSREF provider
[    3.736195] spi-nor spi0.0: SPI-NOR-UniqueID 100000235394732200270025081115266e
[    3.743499] spi-nor spi0.0: found n25q512a, expected m25p80
[    3.749687] spi-nor spi0.0: trying to lock already unlocked area
[    3.755691] spi-nor spi0.0: n25q512a (131072 Kbytes)
[    3.760669] 4 fixed-partitions partitions found on MTD device spi0.0
[    3.767015] Creating 4 MTD partitions on "spi0.0":
[    3.771801] 0x000000000000-0x000000100000 : "qspi-fsbl-uboot"
[    3.778290] 0x000000100000-0x000000600000 : "qspi-linux"
[    3.784250] 0x000000600000-0x000000620000 : "qspi-device-tree"
[    3.790727] 0x000000620000-0x000000c00000 : "qspi-rootfs"
[    3.799191] macb ff0e0000.ethernet: Not enabling partial store and forward
[    3.806719] libphy: MACB_mii_bus: probed
[    3.811788] macb ff0e0000.ethernet eth0: Cadence GEM rev 0x50070106 at 0xff0e0000 irq 30 (00:0a:35:04:8e:1b)
[    3.821996] xilinx-axipmon ffa00000.perf-monitor: Probed Xilinx APM
[    3.828569] xilinx-axipmon fd0b0000.perf-monitor: Probed Xilinx APM
[    3.835088] xilinx-axipmon fd490000.perf-monitor: Probed Xilinx APM
[    3.841632] xilinx-axipmon ffa10000.perf-monitor: Probed Xilinx APM
[    3.851625] pca953x 0-0020: supply vcc not found, using dummy regulator
[    3.858307] pca953x 0-0020: using no AI
[    3.862797] gpio-496 (sel0): hogged as output/low
[    3.867695] gpio-497 (sel1): hogged as output/high
[    3.872682] gpio-498 (sel2): hogged as output/high
[    3.877671] gpio-499 (sel3): hogged as output/high
[    3.882843] pca953x 0-0021: supply vcc not found, using dummy regulator
[    3.889508] pca953x 0-0021: using no AI
[    3.895272] ina2xx 2-0040: power monitor ina226 (Rshunt = 5000 uOhm)
[    3.902295] ina2xx 2-0041: power monitor ina226 (Rshunt = 5000 uOhm)
[    3.909324] ina2xx 2-0042: power monitor ina226 (Rshunt = 5000 uOhm)
[    3.916359] ina2xx 2-0043: power monitor ina226 (Rshunt = 5000 uOhm)
[    3.923387] ina2xx 2-0044: power monitor ina226 (Rshunt = 5000 uOhm)
[    3.930405] ina2xx 2-0045: power monitor ina226 (Rshunt = 5000 uOhm)
[    3.937439] ina2xx 2-0046: power monitor ina226 (Rshunt = 5000 uOhm)
[    3.944514] ina2xx 2-0047: power monitor ina226 (Rshunt = 5000 uOhm)
[    3.951539] ina2xx 2-004a: power monitor ina226 (Rshunt = 5000 uOhm)
[    3.958579] ina2xx 2-004b: power monitor ina226 (Rshunt = 5000 uOhm)
[    3.964993] i2c i2c-0: Added multiplexed i2c bus 2
[    3.970385] random: fast init done
[    3.973857] ina2xx 3-0040: power monitor ina226 (Rshunt = 2000 uOhm)
[    3.980882] ina2xx 3-0041: power monitor ina226 (Rshunt = 5000 uOhm)
[    3.987911] ina2xx 3-0042: power monitor ina226 (Rshunt = 5000 uOhm)
[    3.994941] ina2xx 3-0043: power monitor ina226 (Rshunt = 5000 uOhm)
[    4.001967] ina2xx 3-0044: power monitor ina226 (Rshunt = 5000 uOhm)
[    4.008994] ina2xx 3-0045: power monitor ina226 (Rshunt = 5000 uOhm)
[    4.016028] ina2xx 3-0046: power monitor ina226 (Rshunt = 5000 uOhm)
[    4.023058] ina2xx 3-0047: power monitor ina226 (Rshunt = 5000 uOhm)
[    4.029458] i2c i2c-0: Added multiplexed i2c bus 3
[    4.085415] i2c i2c-0: Added multiplexed i2c bus 4
[    4.090356] i2c i2c-0: Added multiplexed i2c bus 5
[    4.095143] pca954x 0-0075: registered 4 multiplexed busses for I2C mux pca9544
[    4.102493] cdns-i2c ff020000.i2c: 400 kHz mmio ff020000 irq 32
[    4.110222] at24 6-0054: supply vcc not found, using dummy regulator
[    4.117119] at24 6-0054: 1024 byte 24c08 EEPROM, writable, 1 bytes/write
[    4.123872] i2c i2c-1: Added multiplexed i2c bus 6
[    4.130302] si5341 7-0036: Chip: 5341 Grade: 1 Rev: 1
[    4.167975] i2c i2c-1: Added multiplexed i2c bus 7
[    4.175628] si570 8-005d: registered, current frequency 300000000 Hz
[    4.182027] i2c i2c-1: Added multiplexed i2c bus 8
[    4.201811] si570 9-005d: registered, current frequency 148500000 Hz
[    4.208215] i2c i2c-1: Added multiplexed i2c bus 9
[    4.213253] si5324 10-0069: si5328 probed
[    4.280085] si5324 10-0069: si5328 probe successful
[    4.285009] i2c i2c-1: Added multiplexed i2c bus 10
[    4.290037] i2c i2c-1: Added multiplexed i2c bus 11
[    4.295064] i2c i2c-1: Added multiplexed i2c bus 12
[    4.300084] i2c i2c-1: Added multiplexed i2c bus 13
[    4.304964] pca954x 1-0074: registered 8 multiplexed busses for I2C switch pca9548
[    4.313073] at24 14-0050: supply vcc not found, using dummy regulator
[    4.319861] at24 14-0050: 256 byte 24c02 EEPROM, writable, 1 bytes/write
[    4.326609] i2c i2c-1: Added multiplexed i2c bus 14
[    4.331650] i2c i2c-1: Added multiplexed i2c bus 15
[    4.336680] i2c i2c-1: Added multiplexed i2c bus 16
[    4.341718] i2c i2c-1: Added multiplexed i2c bus 17
[    4.346749] i2c i2c-1: Added multiplexed i2c bus 18
[    4.351795] i2c i2c-1: Added multiplexed i2c bus 19
[    4.356834] i2c i2c-1: Added multiplexed i2c bus 20
[    4.361874] i2c i2c-1: Added multiplexed i2c bus 21
[    4.366748] pca954x 1-0075: registered 8 multiplexed busses for I2C switch pca9548
[    4.374357] cdns-i2c ff030000.i2c: 400 kHz mmio ff030000 irq 33
[    4.384108] cdns-wdt fd4d0000.watchdog: Xilinx Watchdog Timer with timeout 60s
[    4.395054] axi_adxcvr 84a60000.axi-adxcvr-rx: AXI-ADXCVR-RX (17.05.a) using CPLL on GTH4 at 0x84A60000. Number of lanes: 4.
[    4.407199] axi_adxcvr 84b60000.axi-adxcvr-tx: AXI-ADXCVR-TX (17.05.a) using QPLL on GTH4 at 0x84B60000. Number of lanes: 4.
[    4.418824] axi-jesd204-rx 84a90000.axi-jesd204-rx: AXI-JESD204-RX (1.07.a) at 0x84A90000. Encoder 8b10b, width 4/4, lanes 4, jesd204-fsm.
[    4.426137] mmc0: SDHCI controller on ff170000.mmc [ff170000.mmc] using ADMA 64-bit
[    4.431665] axi-jesd204-tx 84b90000.axi-jesd204-tx: AXI-JESD204-TX (1.06.a) at 0x84B90000. Encoder 8b10b, width 4/4, lanes 4, jesd204-fsm.
[    4.452384] zynqmp-display fd4a0000.display: vtc bridge property not present
[    4.462042] xilinx-dp-snd-codec fd4a0000.display:zynqmp_dp_snd_codec0: Failed to get required clock freq
[    4.471544] xilinx-dp-snd-codec: probe of fd4a0000.display:zynqmp_dp_snd_codec0 failed with error -22
[    4.473507] mmc0: new high speed SDHC card at address 0001
[    4.481083] xilinx-dp-snd-pcm zynqmp_dp_snd_pcm0: Xilinx DisplayPort Sound PCM probed
[    4.486598] mmcblk0: mmc0:0001 EB1QT 29.8 GiB 
[    4.494398] xilinx-dp-snd-pcm zynqmp_dp_snd_pcm1: Xilinx DisplayPort Sound PCM probed
[    4.499744]  mmcblk0: p1 p2 p3
[    4.506701] OF: graph: no port node found in /axi/display@fd4a0000
[    4.515783] xlnx-drm xlnx-drm.0: bound fd4a0000.display (ops 0xffffffc010fcbdb8)
[    5.599740] zynqmp-display fd4a0000.display: [drm] Cannot find any crtc or sizes
[    5.607357] [drm] Initialized xlnx 1.0.0 20130509 for fd4a0000.display on minor 0
[    5.614847] zynqmp-display fd4a0000.display: ZynqMP DisplayPort Subsystem driver probed
[    5.623169] ahci-ceva fd0c0000.ahci: supply ahci not found, using dummy regulator
[    5.630719] ahci-ceva fd0c0000.ahci: supply phy not found, using dummy regulator
[    5.638169] ahci-ceva fd0c0000.ahci: supply target not found, using dummy regulator
[    5.646007] ahci-ceva fd0c0000.ahci: AHCI 0001.0301 32 slots 2 ports 6 Gbps 0x3 impl platform mode
[    5.654963] ahci-ceva fd0c0000.ahci: flags: 64bit ncq sntf pm clo only pmp fbs pio slum part ccc sds apst 
[    5.665657] scsi host0: ahci-ceva
[    5.669255] scsi host1: ahci-ceva
[    5.672685] ata1: SATA max UDMA/133 mmio [mem 0xfd0c0000-0xfd0c1fff] port 0x100 irq 45
[    5.680594] ata2: SATA max UDMA/133 mmio [mem 0xfd0c0000-0xfd0c1fff] port 0x180 irq 45
[    5.689186] ad9081 spi1.0: supply vdd not found, using dummy regulator
[    6.001976] ata1: SATA link down (SStatus 0 SControl 330)
[    6.007394] ata2: SATA link down (SStatus 0 SControl 330)
[    6.683743] zynqmp-display fd4a0000.display: [drm] Cannot find any crtc or sizes
[    7.527997] ad9081 spi1.0: AD9081 Rev. 2 Grade 10 (API 1.2.2) probed
[    7.535186] xhci-hcd xhci-hcd.1.auto: xHCI Host Controller
[    7.540682] xhci-hcd xhci-hcd.1.auto: new USB bus registered, assigned bus number 1
[    7.548426] xhci-hcd xhci-hcd.1.auto: hcc params 0x0238f625 hci version 0x100 quirks 0x0000000002010810
[    7.557851] xhci-hcd xhci-hcd.1.auto: irq 59, io mem 0xfe200000
[    7.563961] usb usb1: New USB device found, idVendor=1d6b, idProduct=0002, bcdDevice= 5.10
[    7.572219] usb usb1: New USB device strings: Mfr=3, Product=2, SerialNumber=1
[    7.579439] usb usb1: Product: xHCI Host Controller
[    7.584306] usb usb1: Manufacturer: Linux 5.10.0-98103-g2aa7ac113716 xhci-hcd
[    7.591431] usb usb1: SerialNumber: xhci-hcd.1.auto
[    7.596603] hub 1-0:1.0: USB hub found
[    7.600368] hub 1-0:1.0: 1 port detected
[    7.604472] xhci-hcd xhci-hcd.1.auto: xHCI Host Controller
[    7.609954] xhci-hcd xhci-hcd.1.auto: new USB bus registered, assigned bus number 2
[    7.617608] xhci-hcd xhci-hcd.1.auto: Host supports USB 3.0 SuperSpeed
[    7.624230] usb usb2: New USB device found, idVendor=1d6b, idProduct=0003, bcdDevice= 5.10
[    7.632492] usb usb2: New USB device strings: Mfr=3, Product=2, SerialNumber=1
[    7.639716] usb usb2: Product: xHCI Host Controller
[    7.644590] usb usb2: Manufacturer: Linux 5.10.0-98103-g2aa7ac113716 xhci-hcd
[    7.651717] usb usb2: SerialNumber: xhci-hcd.1.auto
[    7.656826] hub 2-0:1.0: USB hub found
[    7.660586] hub 2-0:1.0: 1 port detected
[    7.690689] cf_axi_adc 84a10000.axi-ad9081-rx-hpc: ADI AIM (10.01.b) at 0x84A10000 mapped to 0x(____ptrval____), probed ADC AD9081 as MASTER
[    7.720562] cf_axi_dds 84b10000.axi-ad9081-tx-hpc: Analog Devices CF_AXI_DDS_DDS MASTER (9.01.b) at 0x84B10000 mapped to 0x(____ptrval____), probed DDS AD9081
[    7.734763] jesd204: /axi/spi@ff040000/ad9081@0,jesd204:0,parent=spi1.0: JESD204[2] transition initialized -> probed
[    7.745284] jesd204: /axi/spi@ff040000/ad9081@0,jesd204:0,parent=spi1.0: JESD204[0] transition initialized -> probed
[    7.755808] jesd204: /axi/spi@ff040000/ad9081@0,jesd204:0,parent=spi1.0: JESD204[2] transition probed -> idle
[    7.765714] jesd204: /axi/spi@ff040000/ad9081@0,jesd204:0,parent=spi1.0: JESD204[0] transition probed -> idle
[    7.775633] jesd204: /axi/spi@ff040000/ad9081@0,jesd204:0,parent=spi1.0: JESD204[2] transition idle -> device_init
[    7.785975] jesd204: /axi/spi@ff040000/ad9081@0,jesd204:0,parent=spi1.0: JESD204[0] transition idle -> device_init
[    7.796328] jesd204: /axi/spi@ff040000/ad9081@0,jesd204:0,parent=spi1.0: JESD204[2] transition device_init -> link_init
[    7.807110] jesd204: /axi/spi@ff040000/ad9081@0,jesd204:0,parent=spi1.0: JESD204[0] transition device_init -> link_init
[    7.817902] jesd204: /axi/spi@ff040000/ad9081@0,jesd204:0,parent=spi1.0: JESD204[2] transition link_init -> link_supported
[    7.828940] jesd204: /axi/spi@ff040000/ad9081@0,jesd204:0,parent=spi1.0: JESD204[0] transition link_init -> link_supported
[    7.840356] hmc7044 spi2.0: hmc7044_jesd204_link_pre_setup: Link2 forcing continuous SYSREF mode
[    7.849506] axi-jesd204-tx 84b90000.axi-jesd204-tx: axi_jesd204_tx_jesd204_link_pre_setup: Link0 set lane rate 4880000 kHz failed (-22)
[    7.861676] jesd204: /fpga-axi@0/axi-jesd204-tx@84b90000,jesd204:5,parent=84b90000.axi-jesd204-tx: JESD204[0] In link_pre_setup got error from cb: -22
[    7.875144] jesd204: /axi/spi@ff040000/ad9081@0,jesd204:0,parent=spi1.0: Rolling back from 'link_supported', got error -22
[    7.886186] jesd204: /axi/spi@ff040000/ad9081@0,jesd204:0,parent=spi1.0: JESD204[0] transition link_supported -> link_pre_setup
[    7.897659] jesd204: /axi/spi@ff040000/ad9081@0,jesd204:0,parent=spi1.0: JESD204[2] transition link_supported -> link_pre_setup
[    7.909144] jesd204: /axi/spi@ff040000/ad9081@0,jesd204:0,parent=spi1.0: JESD204[0] transition link_pre_setup -> link_supported
[    7.920619] jesd204: /axi/spi@ff040000/ad9081@0,jesd204:0,parent=spi1.0: JESD204[2] transition link_pre_setup -> link_supported
[    7.932096] jesd204: /axi/spi@ff040000/ad9081@0,jesd204:0,parent=spi1.0: JESD204[0] transition link_supported -> link_init
[    7.943134] jesd204: /axi/spi@ff040000/ad9081@0,jesd204:0,parent=spi1.0: JESD204[2] transition link_supported -> link_init
[    7.954181] jesd204: /axi/spi@ff040000/ad9081@0,jesd204:0,parent=spi1.0: JESD204[0] transition link_init -> device_init
[    7.964961] jesd204: /axi/spi@ff040000/ad9081@0,jesd204:0,parent=spi1.0: JESD204[2] transition link_init -> device_init
[    7.975739] jesd204: /axi/spi@ff040000/ad9081@0,jesd204:0,parent=spi1.0: JESD204[0] transition device_init -> idle
[    7.986082] jesd204: /axi/spi@ff040000/ad9081@0,jesd204:0,parent=spi1.0: JESD204[2] transition device_init -> idle
[    7.996434] jesd204: /axi/spi@ff040000/ad9081@0,jesd204:0,parent=spi1.0: JESD204[2] transition idle -> idle
[    8.006168] jesd204: /axi/spi@ff040000/ad9081@0,jesd204:0,parent=spi1.0: JESD204[0] transition idle -> idle
[    8.015910] jesd204: /axi/spi@ff040000/ad9081@0,jesd204:0,parent=spi1.0: JESD204[2] transition idle -> device_init
[    8.026254] jesd204: /axi/spi@ff040000/ad9081@0,jesd204:0,parent=spi1.0: JESD204[0] transition idle -> device_init
[    8.036604] jesd204: /axi/spi@ff040000/ad9081@0,jesd204:0,parent=spi1.0: JESD204[2] transition device_init -> link_init
[    8.047380] jesd204: /axi/spi@ff040000/ad9081@0,jesd204:0,parent=spi1.0: JESD204[0] transition device_init -> link_init
[    8.058169] jesd204: /axi/spi@ff040000/ad9081@0,jesd204:0,parent=spi1.0: JESD204[2] transition link_init -> link_supported
[    8.069216] jesd204: /axi/spi@ff040000/ad9081@0,jesd204:0,parent=spi1.0: JESD204[0] transition link_init -> link_supported
[    8.080584] axi-jesd204-tx 84b90000.axi-jesd204-tx: axi_jesd204_tx_jesd204_link_pre_setup: Link0 set lane rate 4880000 kHz failed (-22)
[    8.092755] jesd204: /fpga-axi@0/axi-jesd204-tx@84b90000,jesd204:5,parent=84b90000.axi-jesd204-tx: JESD204[0] In link_pre_setup got error from cb: -22
[    8.106224] jesd204: /axi/spi@ff040000/ad9081@0,jesd204:0,parent=spi1.0: Rolling back from 'link_supported', got error -22
[    8.117267] jesd204: /axi/spi@ff040000/ad9081@0,jesd204:0,parent=spi1.0: JESD204[0] transition link_supported -> link_pre_setup
[    8.128738] jesd204: /axi/spi@ff040000/ad9081@0,jesd204:0,parent=spi1.0: JESD204[2] transition link_supported -> link_pre_setup
[    8.140216] jesd204: /axi/spi@ff040000/ad9081@0,jesd204:0,parent=spi1.0: JESD204[0] transition link_pre_setup -> link_supported
[    8.151690] jesd204: /axi/spi@ff040000/ad9081@0,jesd204:0,parent=spi1.0: JESD204[2] transition link_pre_setup -> link_supported
[    8.163166] jesd204: /axi/spi@ff040000/ad9081@0,jesd204:0,parent=spi1.0: JESD204[0] transition link_supported -> link_init
[    8.174204] jesd204: /axi/spi@ff040000/ad9081@0,jesd204:0,parent=spi1.0: JESD204[2] transition link_supported -> link_init
[    8.185250] jesd204: /axi/spi@ff040000/ad9081@0,jesd204:0,parent=spi1.0: JESD204[0] transition link_init -> device_init
[    8.196026] jesd204: /axi/spi@ff040000/ad9081@0,jesd204:0,parent=spi1.0: JESD204[2] transition link_init -> device_init
[    8.206809] jesd204: /axi/spi@ff040000/ad9081@0,jesd204:0,parent=spi1.0: JESD204[0] transition device_init -> idle
[    8.217157] jesd204: /axi/spi@ff040000/ad9081@0,jesd204:0,parent=spi1.0: JESD204[2] transition device_init -> idle
[    8.227505] jesd204: /axi/spi@ff040000/ad9081@0,jesd204:0,parent=spi1.0: JESD204[2] transition idle -> idle
[    8.237238] jesd204: /axi/spi@ff040000/ad9081@0,jesd204:0,parent=spi1.0: JESD204[0] transition idle -> idle
[    8.246980] jesd204: /axi/spi@ff040000/ad9081@0,jesd204:0,parent=spi1.0: JESD204[2] transition idle -> device_init
[    8.257324] jesd204: /axi/spi@ff040000/ad9081@0,jesd204:0,parent=spi1.0: JESD204[0] transition idle -> device_init
[    8.267674] jesd204: /axi/spi@ff040000/ad9081@0,jesd204:0,parent=spi1.0: JESD204[2] transition device_init -> link_init
[    8.278451] jesd204: /axi/spi@ff040000/ad9081@0,jesd204:0,parent=spi1.0: JESD204[0] transition device_init -> link_init
[    8.289239] jesd204: /axi/spi@ff040000/ad9081@0,jesd204:0,parent=spi1.0: JESD204[2] transition link_init -> link_supported
[    8.300281] jesd204: /axi/spi@ff040000/ad9081@0,jesd204:0,parent=spi1.0: JESD204[0] transition link_init -> link_supported
[    8.311616] axi-jesd204-tx 84b90000.axi-jesd204-tx: axi_jesd204_tx_jesd204_link_pre_setup: Link0 set lane rate 4880000 kHz failed (-22)
[    8.323789] jesd204: /fpga-axi@0/axi-jesd204-tx@84b90000,jesd204:5,parent=84b90000.axi-jesd204-tx: JESD204[0] In link_pre_setup got error from cb: -22
[    8.337259] jesd204: /axi/spi@ff040000/ad9081@0,jesd204:0,parent=spi1.0: Rolling back from 'link_supported', got error -22
[    8.348305] jesd204: /axi/spi@ff040000/ad9081@0,jesd204:0,parent=spi1.0: JESD204[0] transition link_supported -> link_pre_setup
[    8.359774] jesd204: /axi/spi@ff040000/ad9081@0,jesd204:0,parent=spi1.0: JESD204[2] transition link_supported -> link_pre_setup
[    8.371254] jesd204: /axi/spi@ff040000/ad9081@0,jesd204:0,parent=spi1.0: JESD204[0] transition link_pre_setup -> link_supported
[    8.382723] jesd204: /axi/spi@ff040000/ad9081@0,jesd204:0,parent=spi1.0: JESD204[2] transition link_pre_setup -> link_supported
[    8.394201] jesd204: /axi/spi@ff040000/ad9081@0,jesd204:0,parent=spi1.0: JESD204[0] transition link_supported -> link_init
[    8.405239] jesd204: /axi/spi@ff040000/ad9081@0,jesd204:0,parent=spi1.0: JESD204[2] transition link_supported -> link_init
[    8.416286] jesd204: /axi/spi@ff040000/ad9081@0,jesd204:0,parent=spi1.0: JESD204[0] transition link_init -> device_init
[    8.427061] jesd204: /axi/spi@ff040000/ad9081@0,jesd204:0,parent=spi1.0: JESD204[2] transition link_init -> device_init
[    8.437844] jesd204: /axi/spi@ff040000/ad9081@0,jesd204:0,parent=spi1.0: JESD204[0] transition device_init -> idle
[    8.448191] jesd204: /axi/spi@ff040000/ad9081@0,jesd204:0,parent=spi1.0: JESD204[2] transition device_init -> idle
[    8.458539] jesd204: /axi/spi@ff040000/ad9081@0,jesd204:0,parent=spi1.0: JESD204[2] transition idle -> idle
[    8.468274] jesd204: /axi/spi@ff040000/ad9081@0,jesd204:0,parent=spi1.0: JESD204[0] transition idle -> idle
[    8.478019] jesd204: /axi/spi@ff040000/ad9081@0,jesd204:0,parent=spi1.0: JESD204[2] transition idle -> device_init
[    8.488360] jesd204: /axi/spi@ff040000/ad9081@0,jesd204:0,parent=spi1.0: JESD204[0] transition idle -> device_init
[    8.498709] jesd204: /axi/spi@ff040000/ad9081@0,jesd204:0,parent=spi1.0: JESD204[2] transition device_init -> link_init
[    8.509485] jesd204: /axi/spi@ff040000/ad9081@0,jesd204:0,parent=spi1.0: JESD204[0] transition device_init -> link_init
[    8.520274] jesd204: /axi/spi@ff040000/ad9081@0,jesd204:0,parent=spi1.0: JESD204[2] transition link_init -> link_supported
[    8.531318] jesd204: /axi/spi@ff040000/ad9081@0,jesd204:0,parent=spi1.0: JESD204[0] transition link_init -> link_supported
[    8.542652] axi-jesd204-tx 84b90000.axi-jesd204-tx: axi_jesd204_tx_jesd204_link_pre_setup: Link0 set lane rate 4880000 kHz failed (-22)
[    8.554825] jesd204: /fpga-axi@0/axi-jesd204-tx@84b90000,jesd204:5,parent=84b90000.axi-jesd204-tx: JESD204[0] In link_pre_setup got error from cb: -22
[    8.568295] jesd204: /axi/spi@ff040000/ad9081@0,jesd204:0,parent=spi1.0: Rolling back from 'link_supported', got error -22
[    8.579337] jesd204: /axi/spi@ff040000/ad9081@0,jesd204:0,parent=spi1.0: JESD204[0] transition link_supported -> link_pre_setup
[    8.590809] jesd204: /axi/spi@ff040000/ad9081@0,jesd204:0,parent=spi1.0: JESD204[2] transition link_supported -> link_pre_setup
[    8.602291] jesd204: /axi/spi@ff040000/ad9081@0,jesd204:0,parent=spi1.0: JESD204[0] transition link_pre_setup -> link_supported
[    8.613759] jesd204: /axi/spi@ff040000/ad9081@0,jesd204:0,parent=spi1.0: JESD204[2] transition link_pre_setup -> link_supported
[    8.625237] jesd204: /axi/spi@ff040000/ad9081@0,jesd204:0,parent=spi1.0: JESD204[0] transition link_supported -> link_init
[    8.636275] jesd204: /axi/spi@ff040000/ad9081@0,jesd204:0,parent=spi1.0: JESD204[2] transition link_supported -> link_init
[    8.647322] jesd204: /axi/spi@ff040000/ad9081@0,jesd204:0,parent=spi1.0: JESD204[0] transition link_init -> device_init
[    8.658097] jesd204: /axi/spi@ff040000/ad9081@0,jesd204:0,parent=spi1.0: JESD204[2] transition link_init -> device_init
[    8.668880] jesd204: /axi/spi@ff040000/ad9081@0,jesd204:0,parent=spi1.0: JESD204[0] transition device_init -> idle
[    8.679224] jesd204: /axi/spi@ff040000/ad9081@0,jesd204:0,parent=spi1.0: JESD204[2] transition device_init -> idle
[    8.689570] jesd204: /axi/spi@ff040000/ad9081@0,jesd204:0,parent=spi1.0: FSM completed with error -22
[    8.708018] input: gpio-keys as /devices/platform/gpio-keys/input/input0
[    8.715031] of_cfs_init
[    8.717496] of_cfs_init: OK
[    8.720432] cfg80211: Loading compiled-in X.509 certificates for regulatory database
[    8.858687] cfg80211: Loaded X.509 cert 'sforshee: 00b28ddf47aef9cea7'
[    8.865217] clk: Not disabling unused clocks
[    8.869753] ALSA device list:
[    8.872712]   No soundcards found.
[    8.876375] platform regulatory.0: Direct firmware load for regulatory.db failed with error -2
[    8.884985] cfg80211: failed to load regulatory.db
[    8.900273] EXT4-fs (mmcblk0p2): mounted filesystem with ordered data mode. Opts: (null)
[    8.908384] VFS: Mounted root (ext4 filesystem) on device 179:2.
[    8.921818] devtmpfs: mounted
[    8.925639] Freeing unused kernel memory: 2560K
[    8.939775] Run /sbin/init as init process
[    8.943867]   with arguments:
[    8.943870]     /sbin/init
[    8.943872]   with environment:
[    8.943875]     HOME=/
[    8.943877]     TERM=linux
[    9.509521] systemd[1]: systemd 241 running in system mode. (+PAM +AUDIT +SELINUX +IMA +APPARMOR +SMACK +SYSVINIT +UTMP +LIBCRYPTSETUP +GCRYPT +GNUTLS +ACL +XZ +LZ4 +SECCOMP +BLKID +ELFUTILS +KMOD -IDN2 +IDN -PCRE2 default-hierarchy=hybrid)
[    9.531383] systemd[1]: Detected architecture arm64.
[    9.556436] systemd[1]: Set hostname to <analog>.
[    9.752545] systemd[1]: File /lib/systemd/system/systemd-journald.service:12 configures an IP firewall (IPAddressDeny=any), but the local system does not support BPF/cgroup based firewalling.
[    9.769613] systemd[1]: Proceeding WITHOUT firewalling in effect! (This warning is only shown for the first loaded unit using IP firewalling.)
[    9.932785] systemd[1]: /etc/systemd/system/tof-server.service:1: Assignment outside of section. Ignoring.
[    9.942482] systemd[1]: /etc/systemd/system/tof-server.service:2: Assignment outside of section. Ignoring.
[   10.125545] random: systemd: uninitialized urandom read (16 bytes read)
[   10.140189] random: systemd: uninitialized urandom read (16 bytes read)
[   10.146844] systemd[1]: Reached target Swap.
[   10.159802] random: systemd: uninitialized urandom read (16 bytes read)
[   10.166571] systemd[1]: Started Forward Password Requests to Wall Directory Watch.
[   10.192065] systemd[1]: Listening on udev Kernel Socket.
[   10.795683] ------------[ cut here ]------------
[   10.795692] Enabling unprepared \xa0\xe9Q\x88\xff\xff\xffpQ\x88\xff\xff\xff
[   10.795745] WARNING: CPU: 3 PID: 126 at drivers/clk/clk.c:1012 clk_core_enable+0xa4/0xc0
[   10.795748] Modules linked in:
[   10.795759] CPU: 3 PID: 126 Comm: kworker/3:1H Not tainted 5.10.0-98103-g2aa7ac113716 #5577
[   10.795762] Hardware name: ZynqMP ZCU102 Rev1.0 (DT)
[   10.795773] Workqueue: kblockd blk_mq_run_work_fn
[   10.795781] pstate: 80000085 (Nzcv daIf -PAN -UAO -TCO BTYPE=--)
[   10.795786] pc : clk_core_enable+0xa4/0xc0
[   10.795792] lr : clk_core_enable+0xa4/0xc0
[   10.795795] sp : ffffffc012b2b2d0
[   10.795798] x29: ffffffc012b2b2d0 x28: ffffff8800330c10 
[   10.795805] x27: ffffff8800330d48 x26: 0000005000000101 
[   10.795811] x25: 000000027d877e70 x24: 0000000000000001 
[   10.795818] x23: ffffff88010e9380 x22: ffffff8801083220 
[   10.795824] x21: ffffff8801517000 x20: ffffff8801517008 
[   10.795831] x19: ffffff8801517008 x18: 0000000000000030 
[   10.795837] x17: 0000000000000004 x16: 0000aa3c9dfc683e 
[   10.795844] x15: ffffffffffff9c50 x14: ffffffc011d3b1a0 
[   10.795850] x13: ffffffc011d3b1c8 x12: 0000000000000672 
[   10.795857] x11: 0000000000000226 x10: ffffffc011d671c8 
[   10.795864] x9 : 00000000fffff800 x8 : ffffffc011d3b1c8 
[   10.795870] x7 : ffffffc011d671c8 x6 : 0000000000000001 
[   10.795877] x5 : ffffff887f7a89e0 x4 : 0000000000000000 
[   10.795883] x3 : 0000000000000027 x2 : 0000000000000023 
[   10.795890] x1 : 5ea8150fae2ec500 x0 : 0000000000000000 
[   10.795896] Call trace:
[   10.795903]  clk_core_enable+0xa4/0xc0
[   10.795908]  clk_enable+0x2c/0x60
[   10.795914]  zynqmp_runtime_resume+0x24/0x84
[   10.795921]  pm_generic_runtime_resume+0x30/0x50
[   10.795926]  __genpd_runtime_resume+0x30/0xb0
[   10.795933]  genpd_runtime_resume+0x90/0x250
[   10.795939]  __rpm_callback+0x10c/0x1e0
[   10.795944]  rpm_callback+0x5c/0x84
[   10.795949]  rpm_resume+0x4a4/0x74c
[   10.795954]  __pm_runtime_resume+0x78/0xc4
[   10.795959]  spi_mem_access_start.isra.0+0x30/0x80
[   10.795963]  spi_mem_exec_op+0x3b0/0x424
[   10.795968]  spi_nor_read_sr+0x78/0xe0
[   10.795973]  spi_nor_wait_till_ready_with_timeout+0xb4/0x2f0
[   10.795977]  spi_nor_read+0x188/0x380
[   10.795983]  mtd_read_oob_std+0x78/0x84
[   10.795987]  mtd_read_oob+0x7c/0x134
[   10.795991]  mtd_read+0x48/0x7c
[   10.795997]  mtdblock_readsect+0x6c/0x150
[   10.796002]  mtd_queue_rq+0x2cc/0x5a0
[   10.796008]  blk_mq_dispatch_rq_list+0x110/0x790
[   10.796014]  __blk_mq_do_dispatch_sched+0x200/0x274
[   10.796020]  __blk_mq_sched_dispatch_requests+0x1a8/0x1fc
[   10.796025]  blk_mq_sched_dispatch_requests+0x3c/0x7c
[   10.796030]  __blk_mq_run_hw_queue+0x98/0x100
[   10.796035]  blk_mq_run_work_fn+0x24/0x30
[   10.796040]  process_one_work+0x1d4/0x380
[   10.796044]  worker_thread+0x78/0x4e0
[   10.796050]  kthread+0x124/0x130
[   10.796055]  ret_from_fork+0x10/0x3c
[   10.796059] ---[ end trace b5e3fffa2ed24f97 ]---
[   10.796098] zynqmp-qspi ff0f0000.spi: Cannot enable APB clock.
[   10.796150] spi_master spi0: Failed to power device: -108
[   10.796160] blk_update_request: I/O error, dev mtdblock0, sector 8 op 0x0:(READ) flags 0x80700 phys_seg 1 prio class 0
[   10.796758] spi_master spi0: Failed to power device: -22
[   10.796766] blk_update_request: I/O error, dev mtdblock0, sector 8 op 0x0:(READ) flags 0x0 phys_seg 8 prio class 0
[   10.796772] Buffer I/O error on dev mtdblock0, logical block 8, async page read
[   10.796781] spi_master spi0: Failed to power device: -22
[   10.796792] blk_update_request: I/O error, dev mtdblock0, sector 9 op 0x0:(READ) flags 0x0 phys_seg 7 prio class 0
[   10.796795] Buffer I/O error on dev mtdblock0, logical block 9, async page read
[   10.796802] spi_master spi0: Failed to power device: -22
[   10.796808] blk_update_request: I/O error, dev mtdblock0, sector 10 op 0x0:(READ) flags 0x0 phys_seg 6 prio class 0
[   10.796812] Buffer I/O error on dev mtdblock0, logical block 10, async page read
[   10.796819] spi_master spi0: Failed to power device: -22
[   10.796825] blk_update_request: I/O error, dev mtdblock0, sector 11 op 0x0:(READ) flags 0x0 phys_seg 5 prio class 0
[   10.796828] Buffer I/O error on dev mtdblock0, logical block 11, async page read
[   10.796836] spi_master spi0: Failed to power device: -22
[   10.796841] blk_update_request: I/O error, dev mtdblock0, sector 12 op 0x0:(READ) flags 0x0 phys_seg 4 prio class 0
[   10.796845] Buffer I/O error on dev mtdblock0, logical block 12, async page read
[   10.796852] spi_master spi0: Failed to power device: -22
[   10.796857] blk_update_request: I/O error, dev mtdblock0, sector 13 op 0x0:(READ) flags 0x0 phys_seg 3 prio class 0
[   10.796861] Buffer I/O error on dev mtdblock0, logical block 13, async page read
[   10.796868] spi_master spi0: Failed to power device: -22
[   10.796873] blk_update_request: I/O error, dev mtdblock0, sector 14 op 0x0:(READ) flags 0x0 phys_seg 2 prio class 0
[   10.796877] Buffer I/O error on dev mtdblock0, logical block 14, async page read
[   10.796884] spi_master spi0: Failed to power device: -22
[   10.796889] blk_update_request: I/O error, dev mtdblock0, sector 15 op 0x0:(READ) flags 0x0 phys_seg 1 prio class 0
[   10.796893] Buffer I/O error on dev mtdblock0, logical block 15, async page read
[   10.797235] spi_master spi0: Failed to power device: -22
[   10.797242] blk_update_request: I/O error, dev mtdblock1, sector 10112 op 0x0:(READ) flags 0x80700 phys_seg 1 prio class 0
[   10.797287] spi_master spi0: Failed to power device: -22
[   10.797292] Buffer I/O error on dev mtdblock1, logical block 10112, async page read
[   10.797300] spi_master spi0: Failed to power device: -22
[   10.797305] Buffer I/O error on dev mtdblock1, logical block 10113, async page read
[   10.797312] spi_master spi0: Failed to power device: -22
[   10.797319] spi_master spi0: Failed to power device: -22
[   10.797327] spi_master spi0: Failed to power device: -22
[   10.797334] spi_master spi0: Failed to power device: -22
[   10.797341] spi_master spi0: Failed to power device: -22
[   10.797348] spi_master spi0: Failed to power device: -22
[   10.797600] spi_master spi0: Failed to power device: -22
[   10.797644] spi_master spi0: Failed to power device: -22
[   10.797653] spi_master spi0: Failed to power device: -22
[   10.797661] spi_master spi0: Failed to power device: -22
[   10.797668] spi_master spi0: Failed to power device: -22
[   10.797675] spi_master spi0: Failed to power device: -22
[   10.797683] spi_master spi0: Failed to power device: -22
[   10.797690] spi_master spi0: Failed to power device: -22
[   10.797697] spi_master spi0: Failed to power device: -22
[   10.797999] spi_master spi0: Failed to power device: -22
[   10.798043] spi_master spi0: Failed to power device: -22
[   10.798054] spi_master spi0: Failed to power device: -22
[   10.798062] spi_master spi0: Failed to power device: -22
[   10.798070] spi_master spi0: Failed to power device: -22
[   10.798077] spi_master spi0: Failed to power device: -22
[   10.798084] spi_master spi0: Failed to power device: -22
[   10.798092] spi_master spi0: Failed to power device: -22
[   10.798099] spi_master spi0: Failed to power device: -22
[   10.922031] EXT4-fs (mmcblk0p2): re-mounted. Opts: (null)
[   11.015751] systemd-journald[149]: Received request to flush runtime journal from PID 1
[   16.938762] macb ff0e0000.ethernet eth0: PHY [ff0e0000.ethernet-ffffffff:0c] driver [TI DP83867] (irq=POLL)
[   16.938776] macb ff0e0000.ethernet eth0: configuring for phy/rgmii-id link mode
[   17.228327] Adding 93180k swap on /var/swap.  Priority:-2 extents:2 across:624648k SS
[   19.083746] random: crng init done
[   19.083758] random: 7 urandom warning(s) missed due to ratelimiting
[   19.798368] broken atomic modeset userspace detected, disabling atomic
[   21.025357] macb ff0e0000.ethernet eth0: Link is Up - 1Gbps/Full - flow control off
[   21.025382] IPv6: ADDRCONF(NETDEV_CHANGE): eth0: link becomes ready
[   22.480598] broken atomic modeset userspace detected, disabling atomic
[   25.371878] broken atomic modeset userspace detected, disabling atomic
[   28.017992] broken atomic modeset userspace detected, disabling atomic