[    0.000000] Booting Linux on physical CPU 0x0000000000 [0x410fd034]
[    0.000000] Linux version 5.10.0-98103-g2aa7ac113716 (jenkins@romlxbuild1.adlk.analog.com) (aarch64-xilinx-linux-gcc.real (GCC) 10.2.0, GNU ld (GNU Binutils) 2.35.0.20200730) #5577 SMP Wed Mar 23 07:28:49 GMT 2022
[    0.000000] Machine model: ZynqMP ZCU102 Rev1.0
[    0.000000] earlycon: cdns0 at MMIO 0x00000000ff000000 (options '115200n8')
[    0.000000] printk: bootconsole [cdns0] enabled
[    0.000000] efi: UEFI not found.
[    0.000000] cma: Reserved 256 MiB at 0x0000000070000000
[    0.000000] Zone ranges:
[    0.000000]   DMA      [mem 0x0000000000000000-0x000000003fffffff]
[    0.000000]   DMA32    [mem 0x0000000040000000-0x00000000ffffffff]
[    0.000000]   Normal   [mem 0x0000000100000000-0x000000087fffffff]
[    0.000000] Movable zone start for each node
[    0.000000] Early memory node ranges
[    0.000000]   node   0: [mem 0x0000000000000000-0x000000007fffffff]
[    0.000000]   node   0: [mem 0x0000000800000000-0x000000087fffffff]
[    0.000000] Initmem setup node 0 [mem 0x0000000000000000-0x000000087fffffff]
[    0.000000] On node 0 totalpages: 1048576
[    0.000000]   DMA zone: 3584 pages used for memmap
[    0.000000]   DMA zone: 0 pages reserved
[    0.000000]   DMA zone: 262144 pages, LIFO batch:63
[    0.000000]   DMA32 zone: 3584 pages used for memmap
[    0.000000]   DMA32 zone: 262144 pages, LIFO batch:63
[    0.000000]   Normal zone: 7168 pages used for memmap
[    0.000000]   Normal zone: 524288 pages, LIFO batch:63
[    0.000000] psci: probing for conduit method from DT.
[    0.000000] psci: PSCIv1.1 detected in firmware.
[    0.000000] psci: Using standard PSCI v0.2 function IDs
[    0.000000] psci: MIGRATE_INFO_TYPE not supported.
[    0.000000] psci: SMC Calling Convention v1.2
[    0.000000] percpu: Embedded 22 pages/cpu s49496 r8192 d32424 u90112
[    0.000000] pcpu-alloc: s49496 r8192 d32424 u90112 alloc=22*4096
[    0.000000] pcpu-alloc: [0] 0 [0] 1 [0] 2 [0] 3 
[    0.000000] Detected VIPT I-cache on CPU0
[    0.000000] CPU features: detected: ARM erratum 845719
[    0.000000] Built 1 zonelists, mobility grouping on.  Total pages: 1034240
[    0.000000] Kernel command line: console=ttyPS0,115200 root=/dev/mmcblk0p2 rw earlycon rootfstype=ext4 rootwait clk_ignore_unused cpuidle.off=1 root=/dev/mmcblk0p2 rw rootwait
[    0.000000] Dentry cache hash table entries: 524288 (order: 10, 4194304 bytes, linear)
[    0.000000] Inode-cache hash table entries: 262144 (order: 9, 2097152 bytes, linear)
[    0.000000] mem auto-init: stack:off, heap alloc:off, heap free:off
[    0.000000] software IO TLB: mapped [mem 0x000000003bfff000-0x000000003ffff000] (64MB)
[    0.000000] Memory: 3761904K/4194304K available (15296K kernel code, 1636K rwdata, 11876K rodata, 2560K init, 507K bss, 170256K reserved, 262144K cma-reserved)
[    0.000000] rcu: Hierarchical RCU implementation.
[    0.000000] rcu: 	RCU event tracing is enabled.
[    0.000000] rcu: 	RCU restricting CPUs from NR_CPUS=8 to nr_cpu_ids=4.
[    0.000000] rcu: RCU calculated value of scheduler-enlistment delay is 25 jiffies.
[    0.000000] rcu: Adjusting geometry for rcu_fanout_leaf=16, nr_cpu_ids=4
[    0.000000] NR_IRQS: 64, nr_irqs: 64, preallocated irqs: 0
[    0.000000] GIC: Adjusting CPU interface base to 0x00000000f902f000
[    0.000000] GIC: Using split EOI/Deactivate mode
[    0.000000] random: get_random_bytes called from start_kernel+0x31c/0x54c with crng_init=0
[    0.000000] arch_timer: cp15 timer(s) running at 100.00MHz (phys).
[    0.000000] clocksource: arch_sys_counter: mask: 0xffffffffffffff max_cycles: 0x171024e7e0, max_idle_ns: 440795205315 ns
[    0.000003] sched_clock: 56 bits at 100MHz, resolution 10ns, wraps every 4398046511100ns
[    0.008464] Console: colour dummy device 80x25
[    0.012483] Calibrating delay loop (skipped), value calculated using timer frequency.. 200.00 BogoMIPS (lpj=400000)
[    0.022840] pid_max: default: 32768 minimum: 301
[    0.027550] Mount-cache hash table entries: 8192 (order: 4, 65536 bytes, linear)
[    0.034788] Mountpoint-cache hash table entries: 8192 (order: 4, 65536 bytes, linear)
[    0.043396] rcu: Hierarchical SRCU implementation.
[    0.047560] EFI services will not be available.
[    0.051938] smp: Bringing up secondary CPUs ...
[    0.056657] Detected VIPT I-cache on CPU1
[    0.056696] CPU1: Booted secondary processor 0x0000000001 [0x410fd034]
[    0.057064] Detected VIPT I-cache on CPU2
[    0.057087] CPU2: Booted secondary processor 0x0000000002 [0x410fd034]
[    0.057427] Detected VIPT I-cache on CPU3
[    0.057450] CPU3: Booted secondary processor 0x0000000003 [0x410fd034]
[    0.057496] smp: Brought up 1 node, 4 CPUs
[    0.091780] SMP: Total of 4 processors activated.
[    0.096452] CPU features: detected: 32-bit EL0 Support
[    0.101556] CPU features: detected: CRC32 instructions
[    0.106694] CPU: All CPU(s) started at EL2
[    0.110736] alternatives: patching kernel code
[    0.116168] devtmpfs: initialized
[    0.124066] Registered cp15_barrier emulation handler
[    0.124116] Registered setend emulation handler
[    0.128091] clocksource: jiffies: mask: 0xffffffff max_cycles: 0xffffffff, max_idle_ns: 7645041785100000 ns
[    0.137670] futex hash table entries: 1024 (order: 4, 65536 bytes, linear)
[    0.151032] pinctrl core: initialized pinctrl subsystem
[    0.151678] NET: Registered protocol family 16
[    0.156101] DMA: preallocated 512 KiB GFP_KERNEL pool for atomic allocations
[    0.162117] DMA: preallocated 512 KiB GFP_KERNEL|GFP_DMA pool for atomic allocations
[    0.169842] DMA: preallocated 512 KiB GFP_KERNEL|GFP_DMA32 pool for atomic allocations
[    0.177645] audit: initializing netlink subsys (disabled)
[    0.183096] audit: type=2000 audit(0.116:1): state=initialized audit_enabled=0 res=1
[    0.183441] hw-breakpoint: found 6 breakpoint and 4 watchpoint registers.
[    0.197472] ASID allocator initialised with 65536 entries
[    0.224360] HugeTLB registered 1.00 GiB page size, pre-allocated 0 pages
[    0.225412] HugeTLB registered 32.0 MiB page size, pre-allocated 0 pages
[    0.232084] HugeTLB registered 2.00 MiB page size, pre-allocated 0 pages
[    0.238746] HugeTLB registered 64.0 KiB page size, pre-allocated 0 pages
[    1.304267] DRBG: Continuing without Jitter RNG
[    1.382135] raid6: neonx8   gen()  2143 MB/s
[    1.450181] raid6: neonx8   xor()  1598 MB/s
[    1.518239] raid6: neonx4   gen()  2202 MB/s
[    1.586293] raid6: neonx4   xor()  1565 MB/s
[    1.654363] raid6: neonx2   gen()  2076 MB/s
[    1.722408] raid6: neonx2   xor()  1437 MB/s
[    1.790473] raid6: neonx1   gen()  1772 MB/s
[    1.858519] raid6: neonx1   xor()  1220 MB/s
[    1.926577] raid6: int64x8  gen()  1438 MB/s
[    1.994633] raid6: int64x8  xor()   771 MB/s
[    2.062701] raid6: int64x4  gen()  1598 MB/s
[    2.130752] raid6: int64x4  xor()   816 MB/s
[    2.198831] raid6: int64x2  gen()  1397 MB/s
[    2.266871] raid6: int64x2  xor()   750 MB/s
[    2.334941] raid6: int64x1  gen()  1033 MB/s
[    2.403008] raid6: int64x1  xor()   517 MB/s
[    2.403046] raid6: using algorithm neonx4 gen() 2202 MB/s
[    2.407004] raid6: .... xor() 1565 MB/s, rmw enabled
[    2.411935] raid6: using neon recovery algorithm
[    2.416945] iommu: Default domain type: Translated 
[    2.421560] SCSI subsystem initialized
[    2.425104] libata version 3.00 loaded.
[    2.425228] usbcore: registered new interface driver usbfs
[    2.430561] usbcore: registered new interface driver hub
[    2.435837] usbcore: registered new device driver usb
[    2.440964] mc: Linux media interface: v0.10
[    2.445082] videodev: Linux video capture interface: v2.00
[    2.450574] EDAC MC: Ver: 3.0.0
[    2.453989] zynqmp-ipi-mbox mailbox@ff990400: Registered ZynqMP IPI mbox with TX/RX channels.
[    2.462510] jesd204: created con: id=0, topo=0, link=0, /axi/spi@ff050000/hmc7044@0 <-> /fpga-axi@0/axi-adxcvr-tx@84b60000
[    2.473103] jesd204: created con: id=1, topo=0, link=2, /axi/spi@ff050000/hmc7044@0 <-> /fpga-axi@0/axi-adxcvr-rx@84a60000
[    2.484085] jesd204: created con: id=2, topo=0, link=0, /fpga-axi@0/axi-adxcvr-tx@84b60000 <-> /fpga-axi@0/axi-jesd204-tx@84b90000
[    2.495764] jesd204: created con: id=3, topo=0, link=2, /fpga-axi@0/axi-adxcvr-rx@84a60000 <-> /fpga-axi@0/axi-jesd204-rx@84a90000
[    2.507441] jesd204: created con: id=4, topo=0, link=0, /fpga-axi@0/axi-jesd204-tx@84b90000 <-> /fpga-axi@0/axi-ad9081-tx-hpc@84b10000
[    2.519468] jesd204: created con: id=5, topo=0, link=2, /fpga-axi@0/axi-jesd204-rx@84a90000 <-> /fpga-axi@0/axi-ad9081-rx-hpc@84a10000
[    2.531490] jesd204: created con: id=6, topo=0, link=2, /fpga-axi@0/axi-ad9081-rx-hpc@84a10000 <-> /axi/spi@ff040000/ad9081@0
[    2.542732] jesd204: created con: id=7, topo=0, link=0, /fpga-axi@0/axi-ad9081-tx-hpc@84b10000 <-> /axi/spi@ff040000/ad9081@0
[    2.553981] jesd204: /axi/spi@ff040000/ad9081@0: JESD204[2] transition uninitialized -> initialized
[    2.562968] jesd204: /axi/spi@ff040000/ad9081@0: JESD204[0] transition uninitialized -> initialized
[    2.571960] jesd204: found 8 devices and 1 topologies
[    2.577001] FPGA manager framework
[    2.580480] Advanced Linux Sound Architecture Driver Initialized.
[    2.586779] Bluetooth: Core ver 2.22
[    2.589963] NET: Registered protocol family 31
[    2.594364] Bluetooth: HCI device and connection manager initialized
[    2.600681] Bluetooth: HCI socket layer initialized
[    2.605523] Bluetooth: L2CAP socket layer initialized
[    2.610547] Bluetooth: SCO socket layer initialized
[    2.615739] clocksource: Switched to clocksource arch_sys_counter
[    2.621539] VFS: Disk quotas dquot_6.6.0
[    2.625373] VFS: Dquot-cache hash table entries: 512 (order 0, 4096 bytes)
[    2.636107] NET: Registered protocol family 2
[    2.636819] tcp_listen_portaddr_hash hash table entries: 2048 (order: 3, 32768 bytes, linear)
[    2.645017] TCP established hash table entries: 32768 (order: 6, 262144 bytes, linear)
[    2.653039] TCP bind hash table entries: 32768 (order: 7, 524288 bytes, linear)
[    2.660484] TCP: Hash tables configured (established 32768 bind 32768)
[    2.666660] UDP hash table entries: 2048 (order: 4, 65536 bytes, linear)
[    2.673325] UDP-Lite hash table entries: 2048 (order: 4, 65536 bytes, linear)
[    2.680483] NET: Registered protocol family 1
[    2.684935] RPC: Registered named UNIX socket transport module.
[    2.690560] RPC: Registered udp transport module.
[    2.695227] RPC: Registered tcp transport module.
[    2.699896] RPC: Registered tcp NFSv4.1 backchannel transport module.
[    2.706878] PCI: CLS 0 bytes, default 64
[    2.710594] hw perfevents: no interrupt-affinity property for /pmu, guessing.
[    2.717446] hw perfevents: enabled with armv8_pmuv3 PMU driver, 7 counters available
[    2.725795] Initialise system trusted keyrings
[    2.729475] workingset: timestamp_bits=62 max_order=20 bucket_order=0
[    2.736370] NFS: Registering the id_resolver key type
[    2.740825] Key type id_resolver registered
[    2.744964] Key type id_legacy registered
[    2.748954] nfs4filelayout_init: NFSv4 File Layout Driver Registering...
[    2.755618] jffs2: version 2.2. (NAND) (SUMMARY)  Â© 2001-2006 Red Hat, Inc.
[    2.798426] NET: Registered protocol family 38
[    2.798469] xor: measuring software checksum speed
[    2.806159]    8regs           :  2363 MB/sec
[    2.809827]    32regs          :  2799 MB/sec
[    2.814770]    arm64_neon      :  2380 MB/sec
[    2.814960] xor: using function: 32regs (2799 MB/sec)
[    2.819986] Key type asymmetric registered
[    2.824047] Asymmetric key parser 'x509' registered
[    2.828908] Block layer SCSI generic (bsg) driver version 0.4 loaded (major 248)
[    2.836245] io scheduler mq-deadline registered
[    2.840741] io scheduler kyber registered
[    2.870159] Serial: 8250/16550 driver, 4 ports, IRQ sharing disabled
[    2.874794] cacheinfo: Unable to detect cache hierarchy for CPU 0
[    2.881125] brd: module loaded
[    2.885286] loop: module loaded
[    2.885836] Registered mathworks_ip class
[    2.889166] libphy: Fixed MDIO Bus: probed
[    2.892141] tun: Universal TUN/TAP device driver, 1.6
[    2.896204] CAN device driver interface
[    2.900743] usbcore: registered new interface driver asix
[    2.905336] usbcore: registered new interface driver ax88179_178a
[    2.911373] usbcore: registered new interface driver cdc_ether
[    2.917165] usbcore: registered new interface driver net1080
[    2.922789] usbcore: registered new interface driver cdc_subset
[    2.928671] usbcore: registered new interface driver zaurus
[    2.934215] usbcore: registered new interface driver cdc_ncm
[    2.940618] ehci_hcd: USB 2.0 'Enhanced' Host Controller (EHCI) Driver
[    2.946301] ehci-pci: EHCI PCI platform driver
[    2.951098] usbcore: registered new interface driver uas
[    2.956016] usbcore: registered new interface driver usb-storage
[    2.962006] usbcore: registered new interface driver usbserial_generic
[    2.968455] usbserial: USB Serial support registered for generic
[    2.974428] usbcore: registered new interface driver ftdi_sio
[    2.980131] usbserial: USB Serial support registered for FTDI USB Serial Device
[    2.987404] usbcore: registered new interface driver upd78f0730
[    2.993279] usbserial: USB Serial support registered for upd78f0730
[    3.000945] rtc_zynqmp ffa60000.rtc: registered as rtc0
[    3.004704] rtc_zynqmp ffa60000.rtc: setting system clock to 2022-03-26T00:46:19 UTC (1648255579)
[    3.013567] i2c /dev entries driver
[    3.018877] usbcore: registered new interface driver uvcvideo
[    3.022680] USB Video Class driver (1.1.1)
[    3.028264] Bluetooth: HCI UART driver ver 2.3
[    3.031151] Bluetooth: HCI UART protocol H4 registered
[    3.036260] Bluetooth: HCI UART protocol BCSP registered
[    3.041552] Bluetooth: HCI UART protocol LL registered
[    3.046638] Bluetooth: HCI UART protocol ATH3K registered
[    3.052012] Bluetooth: HCI UART protocol Three-wire (H5) registered
[    3.058267] Bluetooth: HCI UART protocol Intel registered
[    3.063604] Bluetooth: HCI UART protocol QCA registered
[    3.068804] usbcore: registered new interface driver bcm203x
[    3.074429] usbcore: registered new interface driver bpa10x
[    3.079965] usbcore: registered new interface driver bfusb
[    3.085411] usbcore: registered new interface driver btusb
[    3.090874] usbcore: registered new interface driver ath3k
[    3.096363] EDAC MC: ECC not enabled
[    3.099983] EDAC DEVICE0: Giving out device to module zynqmp-ocm-edac controller zynqmp_ocm: DEV ff960000.memory-controller (INTERRUPT)
[    3.112295] sdhci: Secure Digital Host Controller Interface driver
[    3.118087] sdhci: Copyright(c) Pierre Ossman
[    3.122412] sdhci-pltfm: SDHCI platform and OF driver helper
[    3.128469] ledtrig-cpu: registered to indicate activity on CPUs
[    3.134016] SMCCC: SOC_ID: ARCH_SOC_ID not implemented, skipping ....
[    3.140449] zynqmp_firmware_probe Platform Management API v1.1
[    3.146203] zynqmp_firmware_probe Trustzone version v1.0
[    3.185744] zynqmp-pinctrl firmware:zynqmp-firmware:pinctrl: zynqmp pinctrl initialized
[    3.233669] zynqmp-aes firmware:zynqmp-firmware:zynqmp-aes: will run requests pump with realtime priority
[    3.249407] alg: No test for xilinx-keccak-384 (zynqmp-keccak-384)
[    3.250117] alg: No test for xilinx-zynqmp-rsa (zynqmp-rsa)
[    3.255637] usbcore: registered new interface driver usbhid
[    3.261022] usbhid: USB HID core driver
[    3.272257] axi_sysid 85000000.axi-sysid-0: AXI System ID core version (1.01.a) found
[    3.274603] axi_sysid 85000000.axi-sysid-0: [ad9081_fmca_ebz] on [zcu102] git branch <master> git <084d44c9780640ca93fd847b1d9ec70dd65f5c67> clean [2022-03-18 04:17:50] UTC
[    3.290293] fpga_manager fpga0: Xilinx ZynqMP FPGA Manager registered
[    3.296654] usbcore: registered new interface driver snd-usb-audio
[    3.304091] pktgen: Packet Generator for packet performance testing. Version: 2.75
[    3.310263] Initializing XFRM netlink socket
[    3.314135] NET: Registered protocol family 10
[    3.318854] Segment Routing with IPv6
[    3.322224] sit: IPv6, IPv4 and MPLS over IPv4 tunneling driver
[    3.328302] NET: Registered protocol family 17
[    3.332405] NET: Registered protocol family 15
[    3.336896] can: controller area network core
[    3.341157] NET: Registered protocol family 29
[    3.345545] can: raw protocol
[    3.348481] can: broadcast manager protocol
[    3.352636] can: netlink gateway - max_hops=1
[    3.357030] Bluetooth: RFCOMM TTY layer initialized
[    3.361810] Bluetooth: RFCOMM socket layer initialized
[    3.366921] Bluetooth: RFCOMM ver 1.11
[    3.370628] Bluetooth: BNEP (Ethernet Emulation) ver 1.3
[    3.375899] Bluetooth: BNEP filters: protocol multicast
[    3.381093] Bluetooth: BNEP socket layer initialized
[    3.386020] Bluetooth: HIDP (Human Interface Emulation) ver 1.2
[    3.391904] Bluetooth: HIDP socket layer initialized
[    3.396958] 9pnet: Installing 9P2000 support
[    3.401081] NET: Registered protocol family 36
[    3.405497] Key type dns_resolver registered
[    3.409948] registered taskstats version 1
[    3.413795] Loading compiled-in X.509 certificates
[    3.418909] Btrfs loaded, crc32c=crc32c-generic
[    3.431292] ff000000.serial: ttyPS0 at MMIO 0xff000000 (irq = 49, base_baud = 6249999) is a xuartps
[    3.440312] printk: console [ttyPS0] enabled
[    3.444607] printk: bootconsole [cdns0] disabled
[    3.454236] ff010000.serial: ttyPS1 at MMIO 0xff010000 (irq = 50, base_baud = 6249999) is a xuartps
[    3.467471] of-fpga-region fpga-full: FPGA Region probed
[    3.474424] nwl-pcie fd0e0000.pcie: host bridge /axi/pcie@fd0e0000 ranges:
[    3.481319] nwl-pcie fd0e0000.pcie:      MEM 0x00e0000000..0x00efffffff -> 0x00e0000000
[    3.489327] nwl-pcie fd0e0000.pcie:      MEM 0x0600000000..0x07ffffffff -> 0x0600000000
[    3.497391] nwl-pcie fd0e0000.pcie: Link is DOWN
[    3.502149] nwl-pcie fd0e0000.pcie: PCI host bridge to bus 0000:00
[    3.508327] pci_bus 0000:00: root bus resource [bus 00-ff]
[    3.513808] pci_bus 0000:00: root bus resource [mem 0xe0000000-0xefffffff]
[    3.520678] pci_bus 0000:00: root bus resource [mem 0x600000000-0x7ffffffff pref]
[    3.528181] pci 0000:00:00.0: [10ee:d021] type 01 class 0x060400
[    3.534239] pci 0000:00:00.0: PME# supported from D0 D1 D2 D3hot
[    3.544678] pci 0000:00:00.0: PCI bridge to [bus 01-0c]
[    3.550657] xilinx-zynqmp-dma fd500000.dma: ZynqMP DMA driver Probe success
[    3.557832] xilinx-zynqmp-dma fd510000.dma: ZynqMP DMA driver Probe success
[    3.565000] xilinx-zynqmp-dma fd520000.dma: ZynqMP DMA driver Probe success
[    3.572173] xilinx-zynqmp-dma fd530000.dma: ZynqMP DMA driver Probe success
[    3.579337] xilinx-zynqmp-dma fd540000.dma: ZynqMP DMA driver Probe success
[    3.586514] xilinx-zynqmp-dma fd550000.dma: ZynqMP DMA driver Probe success
[    3.593685] xilinx-zynqmp-dma fd560000.dma: ZynqMP DMA driver Probe success
[    3.600856] xilinx-zynqmp-dma fd570000.dma: ZynqMP DMA driver Probe success
[    3.608258] xilinx-zynqmp-dpdma fd4c0000.dma-controller: Xilinx DPDMA engine is probed
[    3.616810] ahci-ceva fd0c0000.ahci: supply ahci not found, using dummy regulator
[    3.624349] ahci-ceva fd0c0000.ahci: supply phy not found, using dummy regulator
[    3.711921] hmc7044 spi2.0: PLL1: Acquisition, CLKIN0 @ 122880000 Hz, PFD: 80 kHz - PLL2: Locked @ 2484.000000 MHz
[    3.722637] jesd204: /axi/spi@ff050000/hmc7044@0,jesd204:1,parent=spi2.0: Using as SYSREF provider
[    3.732216] spi-nor spi0.0: SPI-NOR-UniqueID 100000235394732200270025081115266e
[    3.739527] spi-nor spi0.0: found n25q512a, expected m25p80
[    3.745728] spi-nor spi0.0: trying to lock already unlocked area
[    3.751728] spi-nor spi0.0: n25q512a (131072 Kbytes)
[    3.756714] 4 fixed-partitions partitions found on MTD device spi0.0
[    3.763061] Creating 4 MTD partitions on "spi0.0":
[    3.767846] 0x000000000000-0x000000100000 : "qspi-fsbl-uboot"
[    3.774322] 0x000000100000-0x000000600000 : "qspi-linux"
[    3.780280] 0x000000600000-0x000000620000 : "qspi-device-tree"
[    3.786767] 0x000000620000-0x000000c00000 : "qspi-rootfs"
[    3.795226] macb ff0e0000.ethernet: Not enabling partial store and forward
[    3.802743] libphy: MACB_mii_bus: probed
[    3.807804] macb ff0e0000.ethernet eth0: Cadence GEM rev 0x50070106 at 0xff0e0000 irq 30 (00:0a:35:04:8e:1b)
[    3.818019] xilinx-axipmon ffa00000.perf-monitor: Probed Xilinx APM
[    3.824596] xilinx-axipmon fd0b0000.perf-monitor: Probed Xilinx APM
[    3.831109] xilinx-axipmon fd490000.perf-monitor: Probed Xilinx APM
[    3.837648] xilinx-axipmon ffa10000.perf-monitor: Probed Xilinx APM
[    3.847628] pca953x 0-0020: supply vcc not found, using dummy regulator
[    3.854310] pca953x 0-0020: using no AI
[    3.858798] gpio-496 (sel0): hogged as output/low
[    3.863700] gpio-497 (sel1): hogged as output/high
[    3.868693] gpio-498 (sel2): hogged as output/high
[    3.873684] gpio-499 (sel3): hogged as output/high
[    3.878861] pca953x 0-0021: supply vcc not found, using dummy regulator
[    3.885527] pca953x 0-0021: using no AI
[    3.891286] ina2xx 2-0040: power monitor ina226 (Rshunt = 5000 uOhm)
[    3.898321] ina2xx 2-0041: power monitor ina226 (Rshunt = 5000 uOhm)
[    3.905353] ina2xx 2-0042: power monitor ina226 (Rshunt = 5000 uOhm)
[    3.912384] ina2xx 2-0043: power monitor ina226 (Rshunt = 5000 uOhm)
[    3.919409] ina2xx 2-0044: power monitor ina226 (Rshunt = 5000 uOhm)
[    3.926436] ina2xx 2-0045: power monitor ina226 (Rshunt = 5000 uOhm)
[    3.933466] ina2xx 2-0046: power monitor ina226 (Rshunt = 5000 uOhm)
[    3.940538] ina2xx 2-0047: power monitor ina226 (Rshunt = 5000 uOhm)
[    3.947570] ina2xx 2-004a: power monitor ina226 (Rshunt = 5000 uOhm)
[    3.954599] ina2xx 2-004b: power monitor ina226 (Rshunt = 5000 uOhm)
[    3.961009] i2c i2c-0: Added multiplexed i2c bus 2
[    3.966390] random: fast init done
[    3.969858] ina2xx 3-0040: power monitor ina226 (Rshunt = 2000 uOhm)
[    3.976890] ina2xx 3-0041: power monitor ina226 (Rshunt = 5000 uOhm)
[    3.983919] ina2xx 3-0042: power monitor ina226 (Rshunt = 5000 uOhm)
[    3.990948] ina2xx 3-0043: power monitor ina226 (Rshunt = 5000 uOhm)
[    3.997973] ina2xx 3-0044: power monitor ina226 (Rshunt = 5000 uOhm)
[    4.005003] ina2xx 3-0045: power monitor ina226 (Rshunt = 5000 uOhm)
[    4.012035] ina2xx 3-0046: power monitor ina226 (Rshunt = 5000 uOhm)
[    4.019078] ina2xx 3-0047: power monitor ina226 (Rshunt = 5000 uOhm)
[    4.025476] i2c i2c-0: Added multiplexed i2c bus 3
[    4.081361] i2c i2c-0: Added multiplexed i2c bus 4
[    4.086304] i2c i2c-0: Added multiplexed i2c bus 5
[    4.091093] pca954x 0-0075: registered 4 multiplexed busses for I2C mux pca9544
[    4.098442] cdns-i2c ff020000.i2c: 400 kHz mmio ff020000 irq 32
[    4.106184] at24 6-0054: supply vcc not found, using dummy regulator
[    4.113081] at24 6-0054: 1024 byte 24c08 EEPROM, writable, 1 bytes/write
[    4.119832] i2c i2c-1: Added multiplexed i2c bus 6
[    4.126258] si5341 7-0036: Chip: 5341 Grade: 1 Rev: 1
[    4.163986] i2c i2c-1: Added multiplexed i2c bus 7
[    4.171643] si570 8-005d: registered, current frequency 300000000 Hz
[    4.178047] i2c i2c-1: Added multiplexed i2c bus 8
[    4.197831] si570 9-005d: registered, current frequency 148500000 Hz
[    4.204234] i2c i2c-1: Added multiplexed i2c bus 9
[    4.209262] si5324 10-0069: si5328 probed
[    4.276118] si5324 10-0069: si5328 probe successful
[    4.281049] i2c i2c-1: Added multiplexed i2c bus 10
[    4.286072] i2c i2c-1: Added multiplexed i2c bus 11
[    4.291102] i2c i2c-1: Added multiplexed i2c bus 12
[    4.296121] i2c i2c-1: Added multiplexed i2c bus 13
[    4.301001] pca954x 1-0074: registered 8 multiplexed busses for I2C switch pca9548
[    4.309114] at24 14-0050: supply vcc not found, using dummy regulator
[    4.315894] at24 14-0050: 256 byte 24c02 EEPROM, writable, 1 bytes/write
[    4.322645] i2c i2c-1: Added multiplexed i2c bus 14
[    4.327681] i2c i2c-1: Added multiplexed i2c bus 15
[    4.332720] i2c i2c-1: Added multiplexed i2c bus 16
[    4.337752] i2c i2c-1: Added multiplexed i2c bus 17
[    4.342791] i2c i2c-1: Added multiplexed i2c bus 18
[    4.347839] i2c i2c-1: Added multiplexed i2c bus 19
[    4.352874] i2c i2c-1: Added multiplexed i2c bus 20
[    4.357906] i2c i2c-1: Added multiplexed i2c bus 21
[    4.362785] pca954x 1-0075: registered 8 multiplexed busses for I2C switch pca9548
[    4.370396] cdns-i2c ff030000.i2c: 400 kHz mmio ff030000 irq 33
[    4.380140] cdns-wdt fd4d0000.watchdog: Xilinx Watchdog Timer with timeout 60s
[    4.391101] axi_adxcvr 84a60000.axi-adxcvr-rx: AXI-ADXCVR-RX (17.05.a) using CPLL on GTH4 at 0x84A60000. Number of lanes: 4.
[    4.403231] axi_adxcvr 84b60000.axi-adxcvr-tx: AXI-ADXCVR-TX (17.05.a) using QPLL on GTH4 at 0x84B60000. Number of lanes: 4.
[    4.414863] axi-jesd204-rx 84a90000.axi-jesd204-rx: AXI-JESD204-RX (1.07.a) at 0x84A90000. Encoder 8b10b, width 4/4, lanes 4, jesd204-fsm.
[    4.422181] mmc0: SDHCI controller on ff170000.mmc [ff170000.mmc] using ADMA 64-bit
[    4.427710] axi-jesd204-tx 84b90000.axi-jesd204-tx: AXI-JESD204-TX (1.06.a) at 0x84B90000. Encoder 8b10b, width 4/4, lanes 4, jesd204-fsm.
[    4.448449] zynqmp-display fd4a0000.display: vtc bridge property not present
[    4.458114] xilinx-dp-snd-codec fd4a0000.display:zynqmp_dp_snd_codec0: Failed to get required clock freq
[    4.467613] xilinx-dp-snd-codec: probe of fd4a0000.display:zynqmp_dp_snd_codec0 failed with error -22
[    4.470079] mmc0: new high speed SDHC card at address 0001
[    4.477150] xilinx-dp-snd-pcm zynqmp_dp_snd_pcm0: Xilinx DisplayPort Sound PCM probed
[    4.482668] mmcblk0: mmc0:0001 EB1QT 29.8 GiB 
[    4.490472] xilinx-dp-snd-pcm zynqmp_dp_snd_pcm1: Xilinx DisplayPort Sound PCM probed
[    4.495834]  mmcblk0: p1 p2 p3
[    4.502773] OF: graph: no port node found in /axi/display@fd4a0000
[    4.511864] xlnx-drm xlnx-drm.0: bound fd4a0000.display (ops 0xffffffc010fcbdb8)
[    5.595762] zynqmp-display fd4a0000.display: [drm] Cannot find any crtc or sizes
[    5.603377] [drm] Initialized xlnx 1.0.0 20130509 for fd4a0000.display on minor 0
[    5.610867] zynqmp-display fd4a0000.display: ZynqMP DisplayPort Subsystem driver probed
[    5.619187] ahci-ceva fd0c0000.ahci: supply ahci not found, using dummy regulator
[    5.626734] ahci-ceva fd0c0000.ahci: supply phy not found, using dummy regulator
[    5.634188] ahci-ceva fd0c0000.ahci: supply target not found, using dummy regulator
[    5.642025] ahci-ceva fd0c0000.ahci: AHCI 0001.0301 32 slots 2 ports 6 Gbps 0x3 impl platform mode
[    5.650983] ahci-ceva fd0c0000.ahci: flags: 64bit ncq sntf pm clo only pmp fbs pio slum part ccc sds apst 
[    5.661678] scsi host0: ahci-ceva
[    5.665264] scsi host1: ahci-ceva
[    5.668695] ata1: SATA max UDMA/133 mmio [mem 0xfd0c0000-0xfd0c1fff] port 0x100 irq 45
[    5.676605] ata2: SATA max UDMA/133 mmio [mem 0xfd0c0000-0xfd0c1fff] port 0x180 irq 45
[    5.685217] ad9081 spi1.0: supply vdd not found, using dummy regulator
[    5.997992] ata1: SATA link down (SStatus 0 SControl 330)
[    6.003412] ata2: SATA link down (SStatus 0 SControl 330)
[    6.679762] zynqmp-display fd4a0000.display: [drm] Cannot find any crtc or sizes
[    6.903217] ad9081 spi1.0: Invalid param passed., "ref_clk_hz < 100000000ULL" in adi_ad9081_device_clk_config_set(...), line554 in drivers/iio/adc/ad9081/adi_ad9081_device.c
[    7.608442] ad9081 spi1.0: AD9081 Rev. 2 Grade 10 (API 1.2.2) probed
[    7.615641] xhci-hcd xhci-hcd.1.auto: xHCI Host Controller
[    7.621135] xhci-hcd xhci-hcd.1.auto: new USB bus registered, assigned bus number 1
[    7.628884] xhci-hcd xhci-hcd.1.auto: hcc params 0x0238f625 hci version 0x100 quirks 0x0000000002010810
[    7.638294] xhci-hcd xhci-hcd.1.auto: irq 59, io mem 0xfe200000
[    7.644403] usb usb1: New USB device found, idVendor=1d6b, idProduct=0002, bcdDevice= 5.10
[    7.652661] usb usb1: New USB device strings: Mfr=3, Product=2, SerialNumber=1
[    7.659878] usb usb1: Product: xHCI Host Controller
[    7.664750] usb usb1: Manufacturer: Linux 5.10.0-98103-g2aa7ac113716 xhci-hcd
[    7.671873] usb usb1: SerialNumber: xhci-hcd.1.auto
[    7.677042] hub 1-0:1.0: USB hub found
[    7.680812] hub 1-0:1.0: 1 port detected
[    7.684914] xhci-hcd xhci-hcd.1.auto: xHCI Host Controller
[    7.690394] xhci-hcd xhci-hcd.1.auto: new USB bus registered, assigned bus number 2
[    7.698049] xhci-hcd xhci-hcd.1.auto: Host supports USB 3.0 SuperSpeed
[    7.704667] usb usb2: New USB device found, idVendor=1d6b, idProduct=0003, bcdDevice= 5.10
[    7.712925] usb usb2: New USB device strings: Mfr=3, Product=2, SerialNumber=1
[    7.720145] usb usb2: Product: xHCI Host Controller
[    7.725013] usb usb2: Manufacturer: Linux 5.10.0-98103-g2aa7ac113716 xhci-hcd
[    7.732138] usb usb2: SerialNumber: xhci-hcd.1.auto
[    7.737247] hub 2-0:1.0: USB hub found
[    7.741011] hub 2-0:1.0: 1 port detected
[    7.771047] cf_axi_adc 84a10000.axi-ad9081-rx-hpc: ADI AIM (10.01.b) at 0x84A10000 mapped to 0x(____ptrval____), probed ADC AD9081 as MASTER
[    7.804589] cf_axi_dds 84b10000.axi-ad9081-tx-hpc: Analog Devices CF_AXI_DDS_DDS MASTER (9.01.b) at 0x84B10000 mapped to 0x(____ptrval____), probed DDS AD9081
[    7.818789] jesd204: /axi/spi@ff040000/ad9081@0,jesd204:0,parent=spi1.0: JESD204[2] transition initialized -> probed
[    7.829311] jesd204: /axi/spi@ff040000/ad9081@0,jesd204:0,parent=spi1.0: JESD204[0] transition initialized -> probed
[    7.839834] jesd204: /axi/spi@ff040000/ad9081@0,jesd204:0,parent=spi1.0: JESD204[2] transition probed -> idle
[    7.849742] jesd204: /axi/spi@ff040000/ad9081@0,jesd204:0,parent=spi1.0: JESD204[0] transition probed -> idle
[    7.859656] jesd204: /axi/spi@ff040000/ad9081@0,jesd204:0,parent=spi1.0: JESD204[2] transition idle -> device_init
[    7.870000] jesd204: /axi/spi@ff040000/ad9081@0,jesd204:0,parent=spi1.0: JESD204[0] transition idle -> device_init
[    7.880354] jesd204: /axi/spi@ff040000/ad9081@0,jesd204:0,parent=spi1.0: JESD204[2] transition device_init -> link_init
[    7.891137] jesd204: /axi/spi@ff040000/ad9081@0,jesd204:0,parent=spi1.0: JESD204[0] transition device_init -> link_init
[    7.901927] jesd204: /axi/spi@ff040000/ad9081@0,jesd204:0,parent=spi1.0: JESD204[2] transition link_init -> link_supported
[    7.912971] jesd204: /axi/spi@ff040000/ad9081@0,jesd204:0,parent=spi1.0: JESD204[0] transition link_init -> link_supported
[    7.924488] hmc7044 spi2.0: hmc7044_jesd204_link_pre_setup: Link2 forcing continuous SYSREF mode
[    7.933642] axi-jesd204-tx 84b90000.axi-jesd204-tx: axi_jesd204_tx_jesd204_link_pre_setup: Link0 set lane rate 8280000 kHz failed (-22)
[    7.945815] jesd204: /fpga-axi@0/axi-jesd204-tx@84b90000,jesd204:5,parent=84b90000.axi-jesd204-tx: JESD204[0] In link_pre_setup got error from cb: -22
[    7.959283] jesd204: /axi/spi@ff040000/ad9081@0,jesd204:0,parent=spi1.0: Rolling back from 'link_supported', got error -22
[    7.970326] jesd204: /axi/spi@ff040000/ad9081@0,jesd204:0,parent=spi1.0: JESD204[0] transition link_supported -> link_pre_setup
[    7.981799] jesd204: /axi/spi@ff040000/ad9081@0,jesd204:0,parent=spi1.0: JESD204[2] transition link_supported -> link_pre_setup
[    7.993276] jesd204: /axi/spi@ff040000/ad9081@0,jesd204:0,parent=spi1.0: JESD204[0] transition link_pre_setup -> link_supported
[    8.004748] jesd204: /axi/spi@ff040000/ad9081@0,jesd204:0,parent=spi1.0: JESD204[2] transition link_pre_setup -> link_supported
[    8.016226] jesd204: /axi/spi@ff040000/ad9081@0,jesd204:0,parent=spi1.0: JESD204[0] transition link_supported -> link_init
[    8.027265] jesd204: /axi/spi@ff040000/ad9081@0,jesd204:0,parent=spi1.0: JESD204[2] transition link_supported -> link_init
[    8.038315] jesd204: /axi/spi@ff040000/ad9081@0,jesd204:0,parent=spi1.0: JESD204[0] transition link_init -> device_init
[    8.049100] jesd204: /axi/spi@ff040000/ad9081@0,jesd204:0,parent=spi1.0: JESD204[2] transition link_init -> device_init
[    8.059879] jesd204: /axi/spi@ff040000/ad9081@0,jesd204:0,parent=spi1.0: JESD204[0] transition device_init -> idle
[    8.070221] jesd204: /axi/spi@ff040000/ad9081@0,jesd204:0,parent=spi1.0: JESD204[2] transition device_init -> idle
[    8.080573] jesd204: /axi/spi@ff040000/ad9081@0,jesd204:0,parent=spi1.0: JESD204[2] transition idle -> idle
[    8.090307] jesd204: /axi/spi@ff040000/ad9081@0,jesd204:0,parent=spi1.0: JESD204[0] transition idle -> idle
[    8.100049] jesd204: /axi/spi@ff040000/ad9081@0,jesd204:0,parent=spi1.0: JESD204[2] transition idle -> device_init
[    8.110392] jesd204: /axi/spi@ff040000/ad9081@0,jesd204:0,parent=spi1.0: JESD204[0] transition idle -> device_init
[    8.120745] jesd204: /axi/spi@ff040000/ad9081@0,jesd204:0,parent=spi1.0: JESD204[2] transition device_init -> link_init
[    8.131519] jesd204: /axi/spi@ff040000/ad9081@0,jesd204:0,parent=spi1.0: JESD204[0] transition device_init -> link_init
[    8.142308] jesd204: /axi/spi@ff040000/ad9081@0,jesd204:0,parent=spi1.0: JESD204[2] transition link_init -> link_supported
[    8.153350] jesd204: /axi/spi@ff040000/ad9081@0,jesd204:0,parent=spi1.0: JESD204[0] transition link_init -> link_supported
[    8.164690] axi-jesd204-tx 84b90000.axi-jesd204-tx: axi_jesd204_tx_jesd204_link_pre_setup: Link0 set lane rate 8280000 kHz failed (-22)
[    8.176860] jesd204: /fpga-axi@0/axi-jesd204-tx@84b90000,jesd204:5,parent=84b90000.axi-jesd204-tx: JESD204[0] In link_pre_setup got error from cb: -22
[    8.190327] jesd204: /axi/spi@ff040000/ad9081@0,jesd204:0,parent=spi1.0: Rolling back from 'link_supported', got error -22
[    8.201370] jesd204: /axi/spi@ff040000/ad9081@0,jesd204:0,parent=spi1.0: JESD204[0] transition link_supported -> link_pre_setup
[    8.212842] jesd204: /axi/spi@ff040000/ad9081@0,jesd204:0,parent=spi1.0: JESD204[2] transition link_supported -> link_pre_setup
[    8.224320] jesd204: /axi/spi@ff040000/ad9081@0,jesd204:0,parent=spi1.0: JESD204[0] transition link_pre_setup -> link_supported
[    8.235793] jesd204: /axi/spi@ff040000/ad9081@0,jesd204:0,parent=spi1.0: JESD204[2] transition link_pre_setup -> link_supported
[    8.247270] jesd204: /axi/spi@ff040000/ad9081@0,jesd204:0,parent=spi1.0: JESD204[0] transition link_supported -> link_init
[    8.258308] jesd204: /axi/spi@ff040000/ad9081@0,jesd204:0,parent=spi1.0: JESD204[2] transition link_supported -> link_init
[    8.269355] jesd204: /axi/spi@ff040000/ad9081@0,jesd204:0,parent=spi1.0: JESD204[0] transition link_init -> device_init
[    8.280130] jesd204: /axi/spi@ff040000/ad9081@0,jesd204:0,parent=spi1.0: JESD204[2] transition link_init -> device_init
[    8.290913] jesd204: /axi/spi@ff040000/ad9081@0,jesd204:0,parent=spi1.0: JESD204[0] transition device_init -> idle
[    8.301260] jesd204: /axi/spi@ff040000/ad9081@0,jesd204:0,parent=spi1.0: JESD204[2] transition device_init -> idle
[    8.311609] jesd204: /axi/spi@ff040000/ad9081@0,jesd204:0,parent=spi1.0: JESD204[2] transition idle -> idle
[    8.321343] jesd204: /axi/spi@ff040000/ad9081@0,jesd204:0,parent=spi1.0: JESD204[0] transition idle -> idle
[    8.331085] jesd204: /axi/spi@ff040000/ad9081@0,jesd204:0,parent=spi1.0: JESD204[2] transition idle -> device_init
[    8.341431] jesd204: /axi/spi@ff040000/ad9081@0,jesd204:0,parent=spi1.0: JESD204[0] transition idle -> device_init
[    8.351778] jesd204: /axi/spi@ff040000/ad9081@0,jesd204:0,parent=spi1.0: JESD204[2] transition device_init -> link_init
[    8.362555] jesd204: /axi/spi@ff040000/ad9081@0,jesd204:0,parent=spi1.0: JESD204[0] transition device_init -> link_init
[    8.373343] jesd204: /axi/spi@ff040000/ad9081@0,jesd204:0,parent=spi1.0: JESD204[2] transition link_init -> link_supported
[    8.384385] jesd204: /axi/spi@ff040000/ad9081@0,jesd204:0,parent=spi1.0: JESD204[0] transition link_init -> link_supported
[    8.395725] axi-jesd204-tx 84b90000.axi-jesd204-tx: axi_jesd204_tx_jesd204_link_pre_setup: Link0 set lane rate 8280000 kHz failed (-22)
[    8.407893] jesd204: /fpga-axi@0/axi-jesd204-tx@84b90000,jesd204:5,parent=84b90000.axi-jesd204-tx: JESD204[0] In link_pre_setup got error from cb: -22
[    8.421365] jesd204: /axi/spi@ff040000/ad9081@0,jesd204:0,parent=spi1.0: Rolling back from 'link_supported', got error -22
[    8.432410] jesd204: /axi/spi@ff040000/ad9081@0,jesd204:0,parent=spi1.0: JESD204[0] transition link_supported -> link_pre_setup
[    8.443887] jesd204: /axi/spi@ff040000/ad9081@0,jesd204:0,parent=spi1.0: JESD204[2] transition link_supported -> link_pre_setup
[    8.455365] jesd204: /axi/spi@ff040000/ad9081@0,jesd204:0,parent=spi1.0: JESD204[0] transition link_pre_setup -> link_supported
[    8.466836] jesd204: /axi/spi@ff040000/ad9081@0,jesd204:0,parent=spi1.0: JESD204[2] transition link_pre_setup -> link_supported
[    8.478315] jesd204: /axi/spi@ff040000/ad9081@0,jesd204:0,parent=spi1.0: JESD204[0] transition link_supported -> link_init
[    8.489352] jesd204: /axi/spi@ff040000/ad9081@0,jesd204:0,parent=spi1.0: JESD204[2] transition link_supported -> link_init
[    8.500399] jesd204: /axi/spi@ff040000/ad9081@0,jesd204:0,parent=spi1.0: JESD204[0] transition link_init -> device_init
[    8.511173] jesd204: /axi/spi@ff040000/ad9081@0,jesd204:0,parent=spi1.0: JESD204[2] transition link_init -> device_init
[    8.521958] jesd204: /axi/spi@ff040000/ad9081@0,jesd204:0,parent=spi1.0: JESD204[0] transition device_init -> idle
[    8.532301] jesd204: /axi/spi@ff040000/ad9081@0,jesd204:0,parent=spi1.0: JESD204[2] transition device_init -> idle
[    8.542651] jesd204: /axi/spi@ff040000/ad9081@0,jesd204:0,parent=spi1.0: JESD204[2] transition idle -> idle
[    8.552387] jesd204: /axi/spi@ff040000/ad9081@0,jesd204:0,parent=spi1.0: JESD204[0] transition idle -> idle
[    8.562132] jesd204: /axi/spi@ff040000/ad9081@0,jesd204:0,parent=spi1.0: JESD204[2] transition idle -> device_init
[    8.572472] jesd204: /axi/spi@ff040000/ad9081@0,jesd204:0,parent=spi1.0: JESD204[0] transition idle -> device_init
[    8.582822] jesd204: /axi/spi@ff040000/ad9081@0,jesd204:0,parent=spi1.0: JESD204[2] transition device_init -> link_init
[    8.593600] jesd204: /axi/spi@ff040000/ad9081@0,jesd204:0,parent=spi1.0: JESD204[0] transition device_init -> link_init
[    8.604387] jesd204: /axi/spi@ff040000/ad9081@0,jesd204:0,parent=spi1.0: JESD204[2] transition link_init -> link_supported
[    8.615429] jesd204: /axi/spi@ff040000/ad9081@0,jesd204:0,parent=spi1.0: JESD204[0] transition link_init -> link_supported
[    8.626770] axi-jesd204-tx 84b90000.axi-jesd204-tx: axi_jesd204_tx_jesd204_link_pre_setup: Link0 set lane rate 8280000 kHz failed (-22)
[    8.638937] jesd204: /fpga-axi@0/axi-jesd204-tx@84b90000,jesd204:5,parent=84b90000.axi-jesd204-tx: JESD204[0] In link_pre_setup got error from cb: -22
[    8.652407] jesd204: /axi/spi@ff040000/ad9081@0,jesd204:0,parent=spi1.0: Rolling back from 'link_supported', got error -22
[    8.663449] jesd204: /axi/spi@ff040000/ad9081@0,jesd204:0,parent=spi1.0: JESD204[0] transition link_supported -> link_pre_setup
[    8.674922] jesd204: /axi/spi@ff040000/ad9081@0,jesd204:0,parent=spi1.0: JESD204[2] transition link_supported -> link_pre_setup
[    8.686404] jesd204: /axi/spi@ff040000/ad9081@0,jesd204:0,parent=spi1.0: JESD204[0] transition link_pre_setup -> link_supported
[    8.697881] jesd204: /axi/spi@ff040000/ad9081@0,jesd204:0,parent=spi1.0: JESD204[2] transition link_pre_setup -> link_supported
[    8.709358] jesd204: /axi/spi@ff040000/ad9081@0,jesd204:0,parent=spi1.0: JESD204[0] transition link_supported -> link_init
[    8.720397] jesd204: /axi/spi@ff040000/ad9081@0,jesd204:0,parent=spi1.0: JESD204[2] transition link_supported -> link_init
[    8.731443] jesd204: /axi/spi@ff040000/ad9081@0,jesd204:0,parent=spi1.0: JESD204[0] transition link_init -> device_init
[    8.742218] jesd204: /axi/spi@ff040000/ad9081@0,jesd204:0,parent=spi1.0: JESD204[2] transition link_init -> device_init
[    8.753001] jesd204: /axi/spi@ff040000/ad9081@0,jesd204:0,parent=spi1.0: JESD204[0] transition device_init -> idle
[    8.763345] jesd204: /axi/spi@ff040000/ad9081@0,jesd204:0,parent=spi1.0: JESD204[2] transition device_init -> idle
[    8.773691] jesd204: /axi/spi@ff040000/ad9081@0,jesd204:0,parent=spi1.0: FSM completed with error -22
[    8.792128] input: gpio-keys as /devices/platform/gpio-keys/input/input0
[    8.799137] of_cfs_init
[    8.801597] of_cfs_init: OK
[    8.804537] cfg80211: Loading compiled-in X.509 certificates for regulatory database
[    8.942740] cfg80211: Loaded X.509 cert 'sforshee: 00b28ddf47aef9cea7'
[    8.949272] clk: Not disabling unused clocks
[    8.953800] ALSA device list:
[    8.956756]   No soundcards found.
[    8.960429] platform regulatory.0: Direct firmware load for regulatory.db failed with error -2
[    8.969035] cfg80211: failed to load regulatory.db
[    8.983910] EXT4-fs (mmcblk0p2): mounted filesystem with ordered data mode. Opts: (null)
[    8.992023] VFS: Mounted root (ext4 filesystem) on device 179:2.
[    9.005467] devtmpfs: mounted
[    9.009283] Freeing unused kernel memory: 2560K
[    9.015799] Run /sbin/init as init process
[    9.019893]   with arguments:
[    9.019896]     /sbin/init
[    9.019898]   with environment:
[    9.019900]     HOME=/
[    9.019902]     TERM=linux
[    9.584757] systemd[1]: systemd 241 running in system mode. (+PAM +AUDIT +SELINUX +IMA +APPARMOR +SMACK +SYSVINIT +UTMP +LIBCRYPTSETUP +GCRYPT +GNUTLS +ACL +XZ +LZ4 +SECCOMP +BLKID +ELFUTILS +KMOD -IDN2 +IDN -PCRE2 default-hierarchy=hybrid)
[    9.606638] systemd[1]: Detected architecture arm64.
[    9.628455] systemd[1]: Set hostname to <analog>.
[    9.816996] systemd[1]: File /lib/systemd/system/systemd-journald.service:12 configures an IP firewall (IPAddressDeny=any), but the local system does not support BPF/cgroup based firewalling.
[    9.834085] systemd[1]: Proceeding WITHOUT firewalling in effect! (This warning is only shown for the first loaded unit using IP firewalling.)
[    9.997486] systemd[1]: /etc/systemd/system/tof-server.service:1: Assignment outside of section. Ignoring.
[   10.007207] systemd[1]: /etc/systemd/system/tof-server.service:2: Assignment outside of section. Ignoring.
[   10.190142] random: systemd: uninitialized urandom read (16 bytes read)
[   10.204840] random: systemd: uninitialized urandom read (16 bytes read)
[   10.211988] systemd[1]: Listening on Journal Socket.
[   10.227887] systemd[1]: Condition check resulted in Kernel Module supporting RPCSEC_GSS being skipped.
[   10.237515] random: systemd: uninitialized urandom read (16 bytes read)
[   10.245732] systemd[1]: Mounting Kernel Debug File System...
[   11.047653] EXT4-fs (mmcblk0p2): re-mounted. Opts: (null)
[   11.216550] systemd-journald[164]: Received request to flush runtime journal from PID 1
[   16.640266] random: crng init done
[   16.640276] random: 7 urandom warning(s) missed due to ratelimiting
[   17.089395] macb ff0e0000.ethernet eth0: PHY [ff0e0000.ethernet-ffffffff:0c] driver [TI DP83867] (irq=POLL)
[   17.089408] macb ff0e0000.ethernet eth0: configuring for phy/rgmii-id link mode
[   17.344387] Adding 95228k swap on /var/swap.  Priority:-2 extents:2 across:661164k SS
[   20.106023] broken atomic modeset userspace detected, disabling atomic
[   21.185369] macb ff0e0000.ethernet eth0: Link is Up - 1Gbps/Full - flow control off
[   21.185394] IPv6: ADDRCONF(NETDEV_CHANGE): eth0: link becomes ready
[   22.782157] broken atomic modeset userspace detected, disabling atomic
[   25.842331] broken atomic modeset userspace detected, disabling atomic
[   28.473580] broken atomic modeset userspace detected, disabling atomic