[    0.000000] Booting Linux on physical CPU 0x0000000000 [0x410fd034]
[    0.000000] Linux version 5.10.0-98103-g2aa7ac113716 (jenkins@romlxbuild1.adlk.analog.com) (aarch64-xilinx-linux-gcc.real (GCC) 10.2.0, GNU ld (GNU Binutils) 2.35.0.20200730) #5577 SMP Wed Mar 23 07:28:49 GMT 2022
[    0.000000] Machine model: ZynqMP ZCU102 Rev1.0
[    0.000000] earlycon: cdns0 at MMIO 0x00000000ff000000 (options '115200n8')
[    0.000000] printk: bootconsole [cdns0] enabled
[    0.000000] efi: UEFI not found.
[    0.000000] cma: Reserved 256 MiB at 0x0000000070000000
[    0.000000] Zone ranges:
[    0.000000]   DMA      [mem 0x0000000000000000-0x000000003fffffff]
[    0.000000]   DMA32    [mem 0x0000000040000000-0x00000000ffffffff]
[    0.000000]   Normal   [mem 0x0000000100000000-0x000000087fffffff]
[    0.000000] Movable zone start for each node
[    0.000000] Early memory node ranges
[    0.000000]   node   0: [mem 0x0000000000000000-0x000000007fffffff]
[    0.000000]   node   0: [mem 0x0000000800000000-0x000000087fffffff]
[    0.000000] Initmem setup node 0 [mem 0x0000000000000000-0x000000087fffffff]
[    0.000000] On node 0 totalpages: 1048576
[    0.000000]   DMA zone: 3584 pages used for memmap
[    0.000000]   DMA zone: 0 pages reserved
[    0.000000]   DMA zone: 262144 pages, LIFO batch:63
[    0.000000]   DMA32 zone: 3584 pages used for memmap
[    0.000000]   DMA32 zone: 262144 pages, LIFO batch:63
[    0.000000]   Normal zone: 7168 pages used for memmap
[    0.000000]   Normal zone: 524288 pages, LIFO batch:63
[    0.000000] psci: probing for conduit method from DT.
[    0.000000] psci: PSCIv1.1 detected in firmware.
[    0.000000] psci: Using standard PSCI v0.2 function IDs
[    0.000000] psci: MIGRATE_INFO_TYPE not supported.
[    0.000000] psci: SMC Calling Convention v1.2
[    0.000000] percpu: Embedded 22 pages/cpu s49496 r8192 d32424 u90112
[    0.000000] pcpu-alloc: s49496 r8192 d32424 u90112 alloc=22*4096
[    0.000000] pcpu-alloc: [0] 0 [0] 1 [0] 2 [0] 3 
[    0.000000] Detected VIPT I-cache on CPU0
[    0.000000] CPU features: detected: ARM erratum 845719
[    0.000000] Built 1 zonelists, mobility grouping on.  Total pages: 1034240
[    0.000000] Kernel command line: console=ttyPS0,115200 root=/dev/mmcblk0p2 rw earlycon rootfstype=ext4 rootwait clk_ignore_unused cpuidle.off=1 root=/dev/mmcblk0p2 rw rootwait
[    0.000000] Dentry cache hash table entries: 524288 (order: 10, 4194304 bytes, linear)
[    0.000000] Inode-cache hash table entries: 262144 (order: 9, 2097152 bytes, linear)
[    0.000000] mem auto-init: stack:off, heap alloc:off, heap free:off
[    0.000000] software IO TLB: mapped [mem 0x000000003bfff000-0x000000003ffff000] (64MB)
[    0.000000] Memory: 3761904K/4194304K available (15296K kernel code, 1636K rwdata, 11876K rodata, 2560K init, 507K bss, 170256K reserved, 262144K cma-reserved)
[    0.000000] rcu: Hierarchical RCU implementation.
[    0.000000] rcu: 	RCU event tracing is enabled.
[    0.000000] rcu: 	RCU restricting CPUs from NR_CPUS=8 to nr_cpu_ids=4.
[    0.000000] rcu: RCU calculated value of scheduler-enlistment delay is 25 jiffies.
[    0.000000] rcu: Adjusting geometry for rcu_fanout_leaf=16, nr_cpu_ids=4
[    0.000000] NR_IRQS: 64, nr_irqs: 64, preallocated irqs: 0
[    0.000000] GIC: Adjusting CPU interface base to 0x00000000f902f000
[    0.000000] GIC: Using split EOI/Deactivate mode
[    0.000000] random: get_random_bytes called from start_kernel+0x31c/0x54c with crng_init=0
[    0.000000] arch_timer: cp15 timer(s) running at 100.00MHz (phys).
[    0.000000] clocksource: arch_sys_counter: mask: 0xffffffffffffff max_cycles: 0x171024e7e0, max_idle_ns: 440795205315 ns
[    0.000003] sched_clock: 56 bits at 100MHz, resolution 10ns, wraps every 4398046511100ns
[    0.008461] Console: colour dummy device 80x25
[    0.012483] Calibrating delay loop (skipped), value calculated using timer frequency.. 200.00 BogoMIPS (lpj=400000)
[    0.022841] pid_max: default: 32768 minimum: 301
[    0.027551] Mount-cache hash table entries: 8192 (order: 4, 65536 bytes, linear)
[    0.034789] Mountpoint-cache hash table entries: 8192 (order: 4, 65536 bytes, linear)
[    0.043396] rcu: Hierarchical SRCU implementation.
[    0.047560] EFI services will not be available.
[    0.051938] smp: Bringing up secondary CPUs ...
[    0.056655] Detected VIPT I-cache on CPU1
[    0.056694] CPU1: Booted secondary processor 0x0000000001 [0x410fd034]
[    0.057058] Detected VIPT I-cache on CPU2
[    0.057083] CPU2: Booted secondary processor 0x0000000002 [0x410fd034]
[    0.057422] Detected VIPT I-cache on CPU3
[    0.057444] CPU3: Booted secondary processor 0x0000000003 [0x410fd034]
[    0.057490] smp: Brought up 1 node, 4 CPUs
[    0.091780] SMP: Total of 4 processors activated.
[    0.096453] CPU features: detected: 32-bit EL0 Support
[    0.101556] CPU features: detected: CRC32 instructions
[    0.106696] CPU: All CPU(s) started at EL2
[    0.110736] alternatives: patching kernel code
[    0.116166] devtmpfs: initialized
[    0.124067] Registered cp15_barrier emulation handler
[    0.124117] Registered setend emulation handler
[    0.128092] clocksource: jiffies: mask: 0xffffffff max_cycles: 0xffffffff, max_idle_ns: 7645041785100000 ns
[    0.137671] futex hash table entries: 1024 (order: 4, 65536 bytes, linear)
[    0.151033] pinctrl core: initialized pinctrl subsystem
[    0.151683] NET: Registered protocol family 16
[    0.156100] DMA: preallocated 512 KiB GFP_KERNEL pool for atomic allocations
[    0.162116] DMA: preallocated 512 KiB GFP_KERNEL|GFP_DMA pool for atomic allocations
[    0.169842] DMA: preallocated 512 KiB GFP_KERNEL|GFP_DMA32 pool for atomic allocations
[    0.177645] audit: initializing netlink subsys (disabled)
[    0.183098] audit: type=2000 audit(0.116:1): state=initialized audit_enabled=0 res=1
[    0.183444] hw-breakpoint: found 6 breakpoint and 4 watchpoint registers.
[    0.197472] ASID allocator initialised with 65536 entries
[    0.224365] HugeTLB registered 1.00 GiB page size, pre-allocated 0 pages
[    0.225421] HugeTLB registered 32.0 MiB page size, pre-allocated 0 pages
[    0.232091] HugeTLB registered 2.00 MiB page size, pre-allocated 0 pages
[    0.238755] HugeTLB registered 64.0 KiB page size, pre-allocated 0 pages
[    1.304321] DRBG: Continuing without Jitter RNG
[    1.382155] raid6: neonx8   gen()  2141 MB/s
[    1.450197] raid6: neonx8   xor()  1600 MB/s
[    1.518258] raid6: neonx4   gen()  2196 MB/s
[    1.586304] raid6: neonx4   xor()  1566 MB/s
[    1.654378] raid6: neonx2   gen()  2076 MB/s
[    1.722421] raid6: neonx2   xor()  1438 MB/s
[    1.790489] raid6: neonx1   gen()  1772 MB/s
[    1.858532] raid6: neonx1   xor()  1220 MB/s
[    1.926591] raid6: int64x8  gen()  1438 MB/s
[    1.994647] raid6: int64x8  xor()   771 MB/s
[    2.062723] raid6: int64x4  gen()  1598 MB/s
[    2.130765] raid6: int64x4  xor()   815 MB/s
[    2.198843] raid6: int64x2  gen()  1397 MB/s
[    2.266883] raid6: int64x2  xor()   750 MB/s
[    2.334972] raid6: int64x1  gen()  1034 MB/s
[    2.403022] raid6: int64x1  xor()   517 MB/s
[    2.403061] raid6: using algorithm neonx4 gen() 2196 MB/s
[    2.407013] raid6: .... xor() 1566 MB/s, rmw enabled
[    2.411944] raid6: using neon recovery algorithm
[    2.416954] iommu: Default domain type: Translated 
[    2.421569] SCSI subsystem initialized
[    2.425113] libata version 3.00 loaded.
[    2.425236] usbcore: registered new interface driver usbfs
[    2.430570] usbcore: registered new interface driver hub
[    2.435843] usbcore: registered new device driver usb
[    2.440975] mc: Linux media interface: v0.10
[    2.445092] videodev: Linux video capture interface: v2.00
[    2.450584] EDAC MC: Ver: 3.0.0
[    2.454026] zynqmp-ipi-mbox mailbox@ff990400: Registered ZynqMP IPI mbox with TX/RX channels.
[    2.462535] jesd204: created con: id=0, topo=0, link=0, /axi/spi@ff050000/hmc7044@0 <-> /fpga-axi@0/axi-adxcvr-tx@84b60000
[    2.473112] jesd204: created con: id=1, topo=0, link=2, /axi/spi@ff050000/hmc7044@0 <-> /fpga-axi@0/axi-adxcvr-rx@84a60000
[    2.484097] jesd204: created con: id=2, topo=0, link=0, /fpga-axi@0/axi-adxcvr-tx@84b60000 <-> /fpga-axi@0/axi-jesd204-tx@84b90000
[    2.495772] jesd204: created con: id=3, topo=0, link=2, /fpga-axi@0/axi-adxcvr-rx@84a60000 <-> /fpga-axi@0/axi-jesd204-rx@84a90000
[    2.507449] jesd204: created con: id=4, topo=0, link=0, /fpga-axi@0/axi-jesd204-tx@84b90000 <-> /fpga-axi@0/axi-ad9081-tx-hpc@84b10000
[    2.519477] jesd204: created con: id=5, topo=0, link=2, /fpga-axi@0/axi-jesd204-rx@84a90000 <-> /fpga-axi@0/axi-ad9081-rx-hpc@84a10000
[    2.531499] jesd204: created con: id=6, topo=0, link=2, /fpga-axi@0/axi-ad9081-rx-hpc@84a10000 <-> /axi/spi@ff040000/ad9081@0
[    2.542741] jesd204: created con: id=7, topo=0, link=0, /fpga-axi@0/axi-ad9081-tx-hpc@84b10000 <-> /axi/spi@ff040000/ad9081@0
[    2.553990] jesd204: /axi/spi@ff040000/ad9081@0: JESD204[2] transition uninitialized -> initialized
[    2.562977] jesd204: /axi/spi@ff040000/ad9081@0: JESD204[0] transition uninitialized -> initialized
[    2.571969] jesd204: found 8 devices and 1 topologies
[    2.577013] FPGA manager framework
[    2.580491] Advanced Linux Sound Architecture Driver Initialized.
[    2.586782] Bluetooth: Core ver 2.22
[    2.589972] NET: Registered protocol family 31
[    2.594373] Bluetooth: HCI device and connection manager initialized
[    2.600690] Bluetooth: HCI socket layer initialized
[    2.605532] Bluetooth: L2CAP socket layer initialized
[    2.610556] Bluetooth: SCO socket layer initialized
[    2.615742] clocksource: Switched to clocksource arch_sys_counter
[    2.621548] VFS: Disk quotas dquot_6.6.0
[    2.625383] VFS: Dquot-cache hash table entries: 512 (order 0, 4096 bytes)
[    2.636105] NET: Registered protocol family 2
[    2.636829] tcp_listen_portaddr_hash hash table entries: 2048 (order: 3, 32768 bytes, linear)
[    2.645023] TCP established hash table entries: 32768 (order: 6, 262144 bytes, linear)
[    2.653048] TCP bind hash table entries: 32768 (order: 7, 524288 bytes, linear)
[    2.660493] TCP: Hash tables configured (established 32768 bind 32768)
[    2.666667] UDP hash table entries: 2048 (order: 4, 65536 bytes, linear)
[    2.673334] UDP-Lite hash table entries: 2048 (order: 4, 65536 bytes, linear)
[    2.680494] NET: Registered protocol family 1
[    2.684951] RPC: Registered named UNIX socket transport module.
[    2.690571] RPC: Registered udp transport module.
[    2.695235] RPC: Registered tcp transport module.
[    2.699905] RPC: Registered tcp NFSv4.1 backchannel transport module.
[    2.706896] PCI: CLS 0 bytes, default 64
[    2.710603] hw perfevents: no interrupt-affinity property for /pmu, guessing.
[    2.717456] hw perfevents: enabled with armv8_pmuv3 PMU driver, 7 counters available
[    2.725808] Initialise system trusted keyrings
[    2.729484] workingset: timestamp_bits=62 max_order=20 bucket_order=0
[    2.736384] NFS: Registering the id_resolver key type
[    2.740833] Key type id_resolver registered
[    2.744972] Key type id_legacy registered
[    2.748962] nfs4filelayout_init: NFSv4 File Layout Driver Registering...
[    2.755627] jffs2: version 2.2. (NAND) (SUMMARY)  Â© 2001-2006 Red Hat, Inc.
[    2.798800] NET: Registered protocol family 38
[    2.798843] xor: measuring software checksum speed
[    2.806531]    8regs           :  2363 MB/sec
[    2.810199]    32regs          :  2799 MB/sec
[    2.815142]    arm64_neon      :  2380 MB/sec
[    2.815332] xor: using function: 32regs (2799 MB/sec)
[    2.820358] Key type asymmetric registered
[    2.824419] Asymmetric key parser 'x509' registered
[    2.829280] Block layer SCSI generic (bsg) driver version 0.4 loaded (major 248)
[    2.836617] io scheduler mq-deadline registered
[    2.841113] io scheduler kyber registered
[    2.870506] Serial: 8250/16550 driver, 4 ports, IRQ sharing disabled
[    2.875142] cacheinfo: Unable to detect cache hierarchy for CPU 0
[    2.881474] brd: module loaded
[    2.885612] loop: module loaded
[    2.886156] Registered mathworks_ip class
[    2.889510] libphy: Fixed MDIO Bus: probed
[    2.892488] tun: Universal TUN/TAP device driver, 1.6
[    2.896553] CAN device driver interface
[    2.901085] usbcore: registered new interface driver asix
[    2.905686] usbcore: registered new interface driver ax88179_178a
[    2.911718] usbcore: registered new interface driver cdc_ether
[    2.917512] usbcore: registered new interface driver net1080
[    2.923138] usbcore: registered new interface driver cdc_subset
[    2.929018] usbcore: registered new interface driver zaurus
[    2.934561] usbcore: registered new interface driver cdc_ncm
[    2.940964] ehci_hcd: USB 2.0 'Enhanced' Host Controller (EHCI) Driver
[    2.946647] ehci-pci: EHCI PCI platform driver
[    2.951442] usbcore: registered new interface driver uas
[    2.956362] usbcore: registered new interface driver usb-storage
[    2.962350] usbcore: registered new interface driver usbserial_generic
[    2.968801] usbserial: USB Serial support registered for generic
[    2.974775] usbcore: registered new interface driver ftdi_sio
[    2.980478] usbserial: USB Serial support registered for FTDI USB Serial Device
[    2.987754] usbcore: registered new interface driver upd78f0730
[    2.993625] usbserial: USB Serial support registered for upd78f0730
[    3.001282] rtc_zynqmp ffa60000.rtc: registered as rtc0
[    3.005051] rtc_zynqmp ffa60000.rtc: setting system clock to 2022-03-25T23:42:32 UTC (1648251752)
[    3.013913] i2c /dev entries driver
[    3.019219] usbcore: registered new interface driver uvcvideo
[    3.023026] USB Video Class driver (1.1.1)
[    3.028610] Bluetooth: HCI UART driver ver 2.3
[    3.031497] Bluetooth: HCI UART protocol H4 registered
[    3.036607] Bluetooth: HCI UART protocol BCSP registered
[    3.041896] Bluetooth: HCI UART protocol LL registered
[    3.046984] Bluetooth: HCI UART protocol ATH3K registered
[    3.052358] Bluetooth: HCI UART protocol Three-wire (H5) registered
[    3.058614] Bluetooth: HCI UART protocol Intel registered
[    3.063952] Bluetooth: HCI UART protocol QCA registered
[    3.069153] usbcore: registered new interface driver bcm203x
[    3.074773] usbcore: registered new interface driver bpa10x
[    3.080309] usbcore: registered new interface driver bfusb
[    3.085760] usbcore: registered new interface driver btusb
[    3.091222] usbcore: registered new interface driver ath3k
[    3.096706] EDAC MC: ECC not enabled
[    3.100332] EDAC DEVICE0: Giving out device to module zynqmp-ocm-edac controller zynqmp_ocm: DEV ff960000.memory-controller (INTERRUPT)
[    3.112644] sdhci: Secure Digital Host Controller Interface driver
[    3.118433] sdhci: Copyright(c) Pierre Ossman
[    3.122758] sdhci-pltfm: SDHCI platform and OF driver helper
[    3.128811] ledtrig-cpu: registered to indicate activity on CPUs
[    3.134363] SMCCC: SOC_ID: ARCH_SOC_ID not implemented, skipping ....
[    3.140789] zynqmp_firmware_probe Platform Management API v1.1
[    3.146549] zynqmp_firmware_probe Trustzone version v1.0
[    3.186108] zynqmp-pinctrl firmware:zynqmp-firmware:pinctrl: zynqmp pinctrl initialized
[    3.234114] zynqmp-aes firmware:zynqmp-firmware:zynqmp-aes: will run requests pump with realtime priority
[    3.249955] alg: No test for xilinx-keccak-384 (zynqmp-keccak-384)
[    3.250666] alg: No test for xilinx-zynqmp-rsa (zynqmp-rsa)
[    3.256176] usbcore: registered new interface driver usbhid
[    3.261567] usbhid: USB HID core driver
[    3.272809] axi_sysid 85000000.axi-sysid-0: AXI System ID core version (1.01.a) found
[    3.275157] axi_sysid 85000000.axi-sysid-0: [ad9081_fmca_ebz] on [zcu102] git branch <master> git <084d44c9780640ca93fd847b1d9ec70dd65f5c67> clean [2022-03-18 04:17:50] UTC
[    3.290846] fpga_manager fpga0: Xilinx ZynqMP FPGA Manager registered
[    3.297201] usbcore: registered new interface driver snd-usb-audio
[    3.304651] pktgen: Packet Generator for packet performance testing. Version: 2.75
[    3.310834] Initializing XFRM netlink socket
[    3.314689] NET: Registered protocol family 10
[    3.319403] Segment Routing with IPv6
[    3.322786] sit: IPv6, IPv4 and MPLS over IPv4 tunneling driver
[    3.328855] NET: Registered protocol family 17
[    3.332961] NET: Registered protocol family 15
[    3.337454] can: controller area network core
[    3.341711] NET: Registered protocol family 29
[    3.346099] can: raw protocol
[    3.349035] can: broadcast manager protocol
[    3.353190] can: netlink gateway - max_hops=1
[    3.357584] Bluetooth: RFCOMM TTY layer initialized
[    3.362363] Bluetooth: RFCOMM socket layer initialized
[    3.367470] Bluetooth: RFCOMM ver 1.11
[    3.371182] Bluetooth: BNEP (Ethernet Emulation) ver 1.3
[    3.376458] Bluetooth: BNEP filters: protocol multicast
[    3.381648] Bluetooth: BNEP socket layer initialized
[    3.386575] Bluetooth: HIDP (Human Interface Emulation) ver 1.2
[    3.392458] Bluetooth: HIDP socket layer initialized
[    3.397515] 9pnet: Installing 9P2000 support
[    3.401635] NET: Registered protocol family 36
[    3.406051] Key type dns_resolver registered
[    3.410482] registered taskstats version 1
[    3.414348] Loading compiled-in X.509 certificates
[    3.419462] Btrfs loaded, crc32c=crc32c-generic
[    3.431890] ff000000.serial: ttyPS0 at MMIO 0xff000000 (irq = 49, base_baud = 6249999) is a xuartps
[    3.440908] printk: console [ttyPS0] enabled
[    3.445204] printk: bootconsole [cdns0] disabled
[    3.454835] ff010000.serial: ttyPS1 at MMIO 0xff010000 (irq = 50, base_baud = 6249999) is a xuartps
[    3.468086] of-fpga-region fpga-full: FPGA Region probed
[    3.475034] nwl-pcie fd0e0000.pcie: host bridge /axi/pcie@fd0e0000 ranges:
[    3.481933] nwl-pcie fd0e0000.pcie:      MEM 0x00e0000000..0x00efffffff -> 0x00e0000000
[    3.489935] nwl-pcie fd0e0000.pcie:      MEM 0x0600000000..0x07ffffffff -> 0x0600000000
[    3.497997] nwl-pcie fd0e0000.pcie: Link is DOWN
[    3.502761] nwl-pcie fd0e0000.pcie: PCI host bridge to bus 0000:00
[    3.508941] pci_bus 0000:00: root bus resource [bus 00-ff]
[    3.514422] pci_bus 0000:00: root bus resource [mem 0xe0000000-0xefffffff]
[    3.521292] pci_bus 0000:00: root bus resource [mem 0x600000000-0x7ffffffff pref]
[    3.528796] pci 0000:00:00.0: [10ee:d021] type 01 class 0x060400
[    3.534852] pci 0000:00:00.0: PME# supported from D0 D1 D2 D3hot
[    3.545292] pci 0000:00:00.0: PCI bridge to [bus 01-0c]
[    3.551270] xilinx-zynqmp-dma fd500000.dma: ZynqMP DMA driver Probe success
[    3.558448] xilinx-zynqmp-dma fd510000.dma: ZynqMP DMA driver Probe success
[    3.565619] xilinx-zynqmp-dma fd520000.dma: ZynqMP DMA driver Probe success
[    3.572794] xilinx-zynqmp-dma fd530000.dma: ZynqMP DMA driver Probe success
[    3.579960] xilinx-zynqmp-dma fd540000.dma: ZynqMP DMA driver Probe success
[    3.587128] xilinx-zynqmp-dma fd550000.dma: ZynqMP DMA driver Probe success
[    3.594300] xilinx-zynqmp-dma fd560000.dma: ZynqMP DMA driver Probe success
[    3.601469] xilinx-zynqmp-dma fd570000.dma: ZynqMP DMA driver Probe success
[    3.608865] xilinx-zynqmp-dpdma fd4c0000.dma-controller: Xilinx DPDMA engine is probed
[    3.617416] ahci-ceva fd0c0000.ahci: supply ahci not found, using dummy regulator
[    3.624962] ahci-ceva fd0c0000.ahci: supply phy not found, using dummy regulator
[    3.715911] hmc7044 spi2.0: PLL1: Acquisition, CLKIN0 @ 122880000 Hz, PFD: 80 kHz - PLL2: Locked @ 3120.000000 MHz
[    3.726629] jesd204: /axi/spi@ff050000/hmc7044@0,jesd204:1,parent=spi2.0: Using as SYSREF provider
[    3.736213] spi-nor spi0.0: SPI-NOR-UniqueID 100000235394732200270025081115266e
[    3.743518] spi-nor spi0.0: found n25q512a, expected m25p80
[    3.749722] spi-nor spi0.0: trying to lock already unlocked area
[    3.755734] spi-nor spi0.0: n25q512a (131072 Kbytes)
[    3.760713] 4 fixed-partitions partitions found on MTD device spi0.0
[    3.767060] Creating 4 MTD partitions on "spi0.0":
[    3.771846] 0x000000000000-0x000000100000 : "qspi-fsbl-uboot"
[    3.778332] 0x000000100000-0x000000600000 : "qspi-linux"
[    3.784295] 0x000000600000-0x000000620000 : "qspi-device-tree"
[    3.790772] 0x000000620000-0x000000c00000 : "qspi-rootfs"
[    3.799241] macb ff0e0000.ethernet: Not enabling partial store and forward
[    3.806769] libphy: MACB_mii_bus: probed
[    3.811850] macb ff0e0000.ethernet eth0: Cadence GEM rev 0x50070106 at 0xff0e0000 irq 30 (00:0a:35:04:8e:1b)
[    3.822058] xilinx-axipmon ffa00000.perf-monitor: Probed Xilinx APM
[    3.828633] xilinx-axipmon fd0b0000.perf-monitor: Probed Xilinx APM
[    3.835151] xilinx-axipmon fd490000.perf-monitor: Probed Xilinx APM
[    3.841694] xilinx-axipmon ffa10000.perf-monitor: Probed Xilinx APM
[    3.851684] pca953x 0-0020: supply vcc not found, using dummy regulator
[    3.858370] pca953x 0-0020: using no AI
[    3.862860] gpio-496 (sel0): hogged as output/low
[    3.867761] gpio-497 (sel1): hogged as output/high
[    3.872749] gpio-498 (sel2): hogged as output/high
[    3.877733] gpio-499 (sel3): hogged as output/high
[    3.882905] pca953x 0-0021: supply vcc not found, using dummy regulator
[    3.889572] pca953x 0-0021: using no AI
[    3.895336] ina2xx 2-0040: power monitor ina226 (Rshunt = 5000 uOhm)
[    3.902360] ina2xx 2-0041: power monitor ina226 (Rshunt = 5000 uOhm)
[    3.909395] ina2xx 2-0042: power monitor ina226 (Rshunt = 5000 uOhm)
[    3.916426] ina2xx 2-0043: power monitor ina226 (Rshunt = 5000 uOhm)
[    3.923447] ina2xx 2-0044: power monitor ina226 (Rshunt = 5000 uOhm)
[    3.930470] ina2xx 2-0045: power monitor ina226 (Rshunt = 5000 uOhm)
[    3.937499] ina2xx 2-0046: power monitor ina226 (Rshunt = 5000 uOhm)
[    3.944576] ina2xx 2-0047: power monitor ina226 (Rshunt = 5000 uOhm)
[    3.951601] ina2xx 2-004a: power monitor ina226 (Rshunt = 5000 uOhm)
[    3.958642] ina2xx 2-004b: power monitor ina226 (Rshunt = 5000 uOhm)
[    3.965052] i2c i2c-0: Added multiplexed i2c bus 2
[    3.970438] random: fast init done
[    3.973910] ina2xx 3-0040: power monitor ina226 (Rshunt = 2000 uOhm)
[    3.980937] ina2xx 3-0041: power monitor ina226 (Rshunt = 5000 uOhm)
[    3.987964] ina2xx 3-0042: power monitor ina226 (Rshunt = 5000 uOhm)
[    3.994997] ina2xx 3-0043: power monitor ina226 (Rshunt = 5000 uOhm)
[    4.002021] ina2xx 3-0044: power monitor ina226 (Rshunt = 5000 uOhm)
[    4.009048] ina2xx 3-0045: power monitor ina226 (Rshunt = 5000 uOhm)
[    4.016083] ina2xx 3-0046: power monitor ina226 (Rshunt = 5000 uOhm)
[    4.023111] ina2xx 3-0047: power monitor ina226 (Rshunt = 5000 uOhm)
[    4.029511] i2c i2c-0: Added multiplexed i2c bus 3
[    4.085324] i2c i2c-0: Added multiplexed i2c bus 4
[    4.090262] i2c i2c-0: Added multiplexed i2c bus 5
[    4.095049] pca954x 0-0075: registered 4 multiplexed busses for I2C mux pca9544
[    4.102399] cdns-i2c ff020000.i2c: 400 kHz mmio ff020000 irq 32
[    4.110136] at24 6-0054: supply vcc not found, using dummy regulator
[    4.117040] at24 6-0054: 1024 byte 24c08 EEPROM, writable, 1 bytes/write
[    4.123790] i2c i2c-1: Added multiplexed i2c bus 6
[    4.130218] si5341 7-0036: Chip: 5341 Grade: 1 Rev: 1
[    4.167962] i2c i2c-1: Added multiplexed i2c bus 7
[    4.175607] si570 8-005d: registered, current frequency 300000000 Hz
[    4.182011] i2c i2c-1: Added multiplexed i2c bus 8
[    4.201794] si570 9-005d: registered, current frequency 148500000 Hz
[    4.208199] i2c i2c-1: Added multiplexed i2c bus 9
[    4.213238] si5324 10-0069: si5328 probed
[    4.280106] si5324 10-0069: si5328 probe successful
[    4.285037] i2c i2c-1: Added multiplexed i2c bus 10
[    4.290064] i2c i2c-1: Added multiplexed i2c bus 11
[    4.295091] i2c i2c-1: Added multiplexed i2c bus 12
[    4.300111] i2c i2c-1: Added multiplexed i2c bus 13
[    4.304984] pca954x 1-0074: registered 8 multiplexed busses for I2C switch pca9548
[    4.313094] at24 14-0050: supply vcc not found, using dummy regulator
[    4.319878] at24 14-0050: 256 byte 24c02 EEPROM, writable, 1 bytes/write
[    4.326627] i2c i2c-1: Added multiplexed i2c bus 14
[    4.331669] i2c i2c-1: Added multiplexed i2c bus 15
[    4.336699] i2c i2c-1: Added multiplexed i2c bus 16
[    4.341736] i2c i2c-1: Added multiplexed i2c bus 17
[    4.346767] i2c i2c-1: Added multiplexed i2c bus 18
[    4.351815] i2c i2c-1: Added multiplexed i2c bus 19
[    4.356851] i2c i2c-1: Added multiplexed i2c bus 20
[    4.361885] i2c i2c-1: Added multiplexed i2c bus 21
[    4.366758] pca954x 1-0075: registered 8 multiplexed busses for I2C switch pca9548
[    4.374367] cdns-i2c ff030000.i2c: 400 kHz mmio ff030000 irq 33
[    4.384121] cdns-wdt fd4d0000.watchdog: Xilinx Watchdog Timer with timeout 60s
[    4.395067] axi_adxcvr 84a60000.axi-adxcvr-rx: AXI-ADXCVR-RX (17.05.a) using CPLL on GTH4 at 0x84A60000. Number of lanes: 4.
[    4.407247] axi_adxcvr 84b60000.axi-adxcvr-tx: AXI-ADXCVR-TX (17.05.a) using QPLL on GTH4 at 0x84B60000. Number of lanes: 4.
[    4.418864] axi-jesd204-rx 84a90000.axi-jesd204-rx: AXI-JESD204-RX (1.07.a) at 0x84A90000. Encoder 8b10b, width 4/4, lanes 4, jesd204-fsm.
[    4.426144] mmc0: SDHCI controller on ff170000.mmc [ff170000.mmc] using ADMA 64-bit
[    4.431708] axi-jesd204-tx 84b90000.axi-jesd204-tx: AXI-JESD204-TX (1.06.a) at 0x84B90000. Encoder 8b10b, width 4/4, lanes 4, jesd204-fsm.
[    4.452427] zynqmp-display fd4a0000.display: vtc bridge property not present
[    4.462087] xilinx-dp-snd-codec fd4a0000.display:zynqmp_dp_snd_codec0: Failed to get required clock freq
[    4.471589] xilinx-dp-snd-codec: probe of fd4a0000.display:zynqmp_dp_snd_codec0 failed with error -22
[    4.473523] mmc0: new high speed SDHC card at address 0001
[    4.481127] xilinx-dp-snd-pcm zynqmp_dp_snd_pcm0: Xilinx DisplayPort Sound PCM probed
[    4.486642] mmcblk0: mmc0:0001 EB1QT 29.8 GiB 
[    4.494444] xilinx-dp-snd-pcm zynqmp_dp_snd_pcm1: Xilinx DisplayPort Sound PCM probed
[    4.499795]  mmcblk0: p1 p2 p3
[    4.506745] OF: graph: no port node found in /axi/display@fd4a0000
[    4.515822] xlnx-drm xlnx-drm.0: bound fd4a0000.display (ops 0xffffffc010fcbdb8)
[    5.599757] zynqmp-display fd4a0000.display: [drm] Cannot find any crtc or sizes
[    5.607369] [drm] Initialized xlnx 1.0.0 20130509 for fd4a0000.display on minor 0
[    5.614857] zynqmp-display fd4a0000.display: ZynqMP DisplayPort Subsystem driver probed
[    5.623185] ahci-ceva fd0c0000.ahci: supply ahci not found, using dummy regulator
[    5.630729] ahci-ceva fd0c0000.ahci: supply phy not found, using dummy regulator
[    5.638179] ahci-ceva fd0c0000.ahci: supply target not found, using dummy regulator
[    5.656075] ahci-ceva fd0c0000.ahci: AHCI 0001.0301 32 slots 2 ports 6 Gbps 0x3 impl platform mode
[    5.665038] ahci-ceva fd0c0000.ahci: flags: 64bit ncq sntf pm clo only pmp fbs pio slum part ccc sds apst 
[    5.675661] scsi host0: ahci-ceva
[    5.679256] scsi host1: ahci-ceva
[    5.682683] ata1: SATA max UDMA/133 mmio [mem 0xfd0c0000-0xfd0c1fff] port 0x100 irq 45
[    5.690594] ata2: SATA max UDMA/133 mmio [mem 0xfd0c0000-0xfd0c1fff] port 0x180 irq 45
[    5.699197] ad9081 spi1.0: supply vdd not found, using dummy regulator
[    6.009959] ata1: SATA link down (SStatus 0 SControl 330)
[    6.015384] ata2: SATA link down (SStatus 0 SControl 330)
[    6.683759] zynqmp-display fd4a0000.display: [drm] Cannot find any crtc or sizes
[    7.520126] ad9081 spi1.0: AD9081 Rev. 2 Grade 10 (API 1.2.2) probed
[    7.527315] xhci-hcd xhci-hcd.1.auto: xHCI Host Controller
[    7.532811] xhci-hcd xhci-hcd.1.auto: new USB bus registered, assigned bus number 1
[    7.540557] xhci-hcd xhci-hcd.1.auto: hcc params 0x0238f625 hci version 0x100 quirks 0x0000000002010810
[    7.549976] xhci-hcd xhci-hcd.1.auto: irq 59, io mem 0xfe200000
[    7.556090] usb usb1: New USB device found, idVendor=1d6b, idProduct=0002, bcdDevice= 5.10
[    7.564350] usb usb1: New USB device strings: Mfr=3, Product=2, SerialNumber=1
[    7.571567] usb usb1: Product: xHCI Host Controller
[    7.576435] usb usb1: Manufacturer: Linux 5.10.0-98103-g2aa7ac113716 xhci-hcd
[    7.583560] usb usb1: SerialNumber: xhci-hcd.1.auto
[    7.588731] hub 1-0:1.0: USB hub found
[    7.592497] hub 1-0:1.0: 1 port detected
[    7.596599] xhci-hcd xhci-hcd.1.auto: xHCI Host Controller
[    7.602083] xhci-hcd xhci-hcd.1.auto: new USB bus registered, assigned bus number 2
[    7.609736] xhci-hcd xhci-hcd.1.auto: Host supports USB 3.0 SuperSpeed
[    7.616358] usb usb2: New USB device found, idVendor=1d6b, idProduct=0003, bcdDevice= 5.10
[    7.624621] usb usb2: New USB device strings: Mfr=3, Product=2, SerialNumber=1
[    7.631841] usb usb2: Product: xHCI Host Controller
[    7.636710] usb usb2: Manufacturer: Linux 5.10.0-98103-g2aa7ac113716 xhci-hcd
[    7.643835] usb usb2: SerialNumber: xhci-hcd.1.auto
[    7.648944] hub 2-0:1.0: USB hub found
[    7.652706] hub 2-0:1.0: 1 port detected
[    7.682776] cf_axi_adc 84a10000.axi-ad9081-rx-hpc: ADI AIM (10.01.b) at 0x84A10000 mapped to 0x(____ptrval____), probed ADC AD9081 as MASTER
[    7.716586] cf_axi_dds 84b10000.axi-ad9081-tx-hpc: Analog Devices CF_AXI_DDS_DDS MASTER (9.01.b) at 0x84B10000 mapped to 0x(____ptrval____), probed DDS AD9081
[    7.730789] jesd204: /axi/spi@ff040000/ad9081@0,jesd204:0,parent=spi1.0: JESD204[2] transition initialized -> probed
[    7.741312] jesd204: /axi/spi@ff040000/ad9081@0,jesd204:0,parent=spi1.0: JESD204[0] transition initialized -> probed
[    7.751835] jesd204: /axi/spi@ff040000/ad9081@0,jesd204:0,parent=spi1.0: JESD204[2] transition probed -> idle
[    7.761742] jesd204: /axi/spi@ff040000/ad9081@0,jesd204:0,parent=spi1.0: JESD204[0] transition probed -> idle
[    7.771657] jesd204: /axi/spi@ff040000/ad9081@0,jesd204:0,parent=spi1.0: JESD204[2] transition idle -> device_init
[    7.782000] jesd204: /axi/spi@ff040000/ad9081@0,jesd204:0,parent=spi1.0: JESD204[0] transition idle -> device_init
[    7.792356] jesd204: /axi/spi@ff040000/ad9081@0,jesd204:0,parent=spi1.0: JESD204[2] transition device_init -> link_init
[    7.803137] jesd204: /axi/spi@ff040000/ad9081@0,jesd204:0,parent=spi1.0: JESD204[0] transition device_init -> link_init
[    7.813928] jesd204: /axi/spi@ff040000/ad9081@0,jesd204:0,parent=spi1.0: JESD204[2] transition link_init -> link_supported
[    7.824967] jesd204: /axi/spi@ff040000/ad9081@0,jesd204:0,parent=spi1.0: JESD204[0] transition link_init -> link_supported
[    7.836376] hmc7044 spi2.0: hmc7044_jesd204_link_pre_setup: Link2 forcing continuous SYSREF mode
[    7.845551] jesd204: /axi/spi@ff040000/ad9081@0,jesd204:0,parent=spi1.0: JESD204[2] transition link_supported -> link_pre_setup
[    7.857024] jesd204: /axi/spi@ff040000/ad9081@0,jesd204:0,parent=spi1.0: JESD204[0] transition link_supported -> link_pre_setup
[    7.880807] jesd204: /axi/spi@ff040000/ad9081@0,jesd204:0,parent=spi1.0: JESD204[2] transition link_pre_setup -> clk_sync_stage1
[    7.892367] jesd204: /axi/spi@ff040000/ad9081@0,jesd204:0,parent=spi1.0: JESD204[0] transition link_pre_setup -> clk_sync_stage1
[    7.903940] jesd204: /axi/spi@ff040000/ad9081@0,jesd204:0,parent=spi1.0: JESD204[2] transition clk_sync_stage1 -> clk_sync_stage2
[    7.915585] jesd204: /axi/spi@ff040000/ad9081@0,jesd204:0,parent=spi1.0: JESD204[0] transition clk_sync_stage1 -> clk_sync_stage2
[    7.927238] jesd204: /axi/spi@ff040000/ad9081@0,jesd204:0,parent=spi1.0: JESD204[2] transition clk_sync_stage2 -> clk_sync_stage3
[    7.938881] jesd204: /axi/spi@ff040000/ad9081@0,jesd204:0,parent=spi1.0: JESD204[0] transition clk_sync_stage2 -> clk_sync_stage3
[    7.952616] jesd204: /axi/spi@ff040000/ad9081@0,jesd204:0,parent=spi1.0: JESD204[2] transition clk_sync_stage3 -> link_setup
[    7.963830] jesd204: /axi/spi@ff040000/ad9081@0,jesd204:0,parent=spi1.0: JESD204[0] transition clk_sync_stage3 -> link_setup
[    7.979936] jesd204: /axi/spi@ff040000/ad9081@0,jesd204:0,parent=spi1.0: JESD204[2] transition link_setup -> opt_setup_stage1
[    7.991242] jesd204: /axi/spi@ff040000/ad9081@0,jesd204:0,parent=spi1.0: JESD204[0] transition link_setup -> opt_setup_stage1
[    8.007582] jesd204: /axi/spi@ff040000/ad9081@0,jesd204:0,parent=spi1.0: JESD204[2] transition opt_setup_stage1 -> opt_setup_stage2
[    8.019400] jesd204: /axi/spi@ff040000/ad9081@0,jesd204:0,parent=spi1.0: JESD204[0] transition opt_setup_stage1 -> opt_setup_stage2
[    8.031372] jesd204: /axi/spi@ff040000/ad9081@0,jesd204:0,parent=spi1.0: JESD204[2] transition opt_setup_stage2 -> opt_setup_stage3
[    8.043193] jesd204: /axi/spi@ff040000/ad9081@0,jesd204:0,parent=spi1.0: JESD204[0] transition opt_setup_stage2 -> opt_setup_stage3
[    8.055015] jesd204: /axi/spi@ff040000/ad9081@0,jesd204:0,parent=spi1.0: JESD204[2] transition opt_setup_stage3 -> opt_setup_stage4
[    8.066839] jesd204: /axi/spi@ff040000/ad9081@0,jesd204:0,parent=spi1.0: JESD204[0] transition opt_setup_stage3 -> opt_setup_stage4
[    8.078663] jesd204: /axi/spi@ff040000/ad9081@0,jesd204:0,parent=spi1.0: JESD204[2] transition opt_setup_stage4 -> opt_setup_stage5
[    8.090489] jesd204: /axi/spi@ff040000/ad9081@0,jesd204:0,parent=spi1.0: JESD204[0] transition opt_setup_stage4 -> opt_setup_stage5
[    8.106465] jesd204: /axi/spi@ff040000/ad9081@0,jesd204:0,parent=spi1.0: JESD204[2] transition opt_setup_stage5 -> clocks_enable
[    8.118031] jesd204: /axi/spi@ff040000/ad9081@0,jesd204:0,parent=spi1.0: JESD204[0] transition opt_setup_stage5 -> clocks_enable
[    8.164963] axi_adxcvr 84a60000.axi-adxcvr-rx: adxcvr_clk_enable: CPLL RX buffer underflow error, status: 0x61
[    8.174951] axi_adxcvr 84a60000.axi-adxcvr-rx: adxcvr_clk_enable: CPLL RX buffer overflow error, status: 0x61
[    8.184925] jesd204: /axi/spi@ff040000/ad9081@0,jesd204:0,parent=spi1.0: JESD204[2] transition clocks_enable -> link_enable
[    8.196056] jesd204: /axi/spi@ff040000/ad9081@0,jesd204:0,parent=spi1.0: JESD204[0] transition clocks_enable -> link_enable
[    8.227978] ad9081 spi1.0: JESD RX (JTX) Link2 in DATA, SYNC deasserted, PLL locked, PHASE established, MODE valid
[    8.238585] ad9081 spi1.0: JESD TX (JRX) Link0 0xF lanes in DATA
[    8.244595] jesd204: /axi/spi@ff040000/ad9081@0,jesd204:0,parent=spi1.0: JESD204[2] transition link_enable -> link_running
[    8.255633] jesd204: /axi/spi@ff040000/ad9081@0,jesd204:0,parent=spi1.0: JESD204[0] transition link_enable -> link_running
[    8.266678] jesd204: /axi/spi@ff040000/ad9081@0,jesd204:0,parent=spi1.0: JESD204[2] transition link_running -> opt_post_running_stage
[    8.278671] jesd204: /axi/spi@ff040000/ad9081@0,jesd204:0,parent=spi1.0: JESD204[0] transition link_running -> opt_post_running_stage
[    8.299894] input: gpio-keys as /devices/platform/gpio-keys/input/input0
[    8.306905] of_cfs_init
[    8.309375] of_cfs_init: OK
[    8.312316] cfg80211: Loading compiled-in X.509 certificates for regulatory database
[    8.450599] cfg80211: Loaded X.509 cert 'sforshee: 00b28ddf47aef9cea7'
[    8.457139] clk: Not disabling unused clocks
[    8.461669] ALSA device list:
[    8.464633]   No soundcards found.
[    8.468325] platform regulatory.0: Direct firmware load for regulatory.db failed with error -2
[    8.476937] cfg80211: failed to load regulatory.db
[    8.478400] EXT4-fs (mmcblk0p2): mounted filesystem with ordered data mode. Opts: (null)
[    8.489828] VFS: Mounted root (ext4 filesystem) on device 179:2.
[    8.503257] devtmpfs: mounted
[    8.507102] Freeing unused kernel memory: 2560K
[    8.535789] Run /sbin/init as init process
[    8.539880]   with arguments:
[    8.539882]     /sbin/init
[    8.539884]   with environment:
[    8.539887]     HOME=/
[    8.539889]     TERM=linux
[    9.105702] systemd[1]: systemd 241 running in system mode. (+PAM +AUDIT +SELINUX +IMA +APPARMOR +SMACK +SYSVINIT +UTMP +LIBCRYPTSETUP +GCRYPT +GNUTLS +ACL +XZ +LZ4 +SECCOMP +BLKID +ELFUTILS +KMOD -IDN2 +IDN -PCRE2 default-hierarchy=hybrid)
[    9.127576] systemd[1]: Detected architecture arm64.
[    9.152458] systemd[1]: Set hostname to <analog>.
[    9.338580] systemd[1]: File /lib/systemd/system/systemd-journald.service:12 configures an IP firewall (IPAddressDeny=any), but the local system does not support BPF/cgroup based firewalling.
[    9.355645] systemd[1]: Proceeding WITHOUT firewalling in effect! (This warning is only shown for the first loaded unit using IP firewalling.)
[    9.519252] systemd[1]: /etc/systemd/system/tof-server.service:1: Assignment outside of section. Ignoring.
[    9.528946] systemd[1]: /etc/systemd/system/tof-server.service:2: Assignment outside of section. Ignoring.
[    9.712407] random: systemd: uninitialized urandom read (16 bytes read)
[    9.727193] systemd[1]: Condition check resulted in Arbitrary Executable File Formats File System Automount Point being skipped.
[    9.738843] random: systemd: uninitialized urandom read (16 bytes read)
[    9.745942] systemd[1]: Listening on Journal Socket (/dev/log).
[    9.767837] random: systemd: uninitialized urandom read (16 bytes read)
[    9.774729] systemd[1]: Listening on udev Control Socket.
[   10.586566] EXT4-fs (mmcblk0p2): re-mounted. Opts: (null)
[   10.724533] systemd-journald[167]: Received request to flush runtime journal from PID 1
[   15.741498] random: crng init done
[   15.741508] random: 7 urandom warning(s) missed due to ratelimiting
[   16.544729] macb ff0e0000.ethernet eth0: PHY [ff0e0000.ethernet-ffffffff:0c] driver [TI DP83867] (irq=POLL)
[   16.544742] macb ff0e0000.ethernet eth0: configuring for phy/rgmii-id link mode
[   16.843803] Adding 92156k swap on /var/swap.  Priority:-2 extents:1 across:92156k SS
[   19.597925] broken atomic modeset userspace detected, disabling atomic
[   19.617367] macb ff0e0000.ethernet eth0: Link is Up - 1Gbps/Full - flow control off
[   19.617392] IPv6: ADDRCONF(NETDEV_CHANGE): eth0: link becomes ready
[   22.286854] broken atomic modeset userspace detected, disabling atomic
[   25.388867] broken atomic modeset userspace detected, disabling atomic