[    0.000000] Booting Linux on physical CPU 0x0000000000 [0x410fd034]
[    0.000000] Linux version 5.10.0-98103-g2aa7ac113716 (jenkins@romlxbuild1.adlk.analog.com) (aarch64-xilinx-linux-gcc.real (GCC) 10.2.0, GNU ld (GNU Binutils) 2.35.0.20200730) #5577 SMP Wed Mar 23 07:28:49 GMT 2022
[    0.000000] Machine model: ZynqMP ZCU102 Rev1.0
[    0.000000] earlycon: cdns0 at MMIO 0x00000000ff000000 (options '115200n8')
[    0.000000] printk: bootconsole [cdns0] enabled
[    0.000000] efi: UEFI not found.
[    0.000000] cma: Reserved 256 MiB at 0x0000000070000000
[    0.000000] Zone ranges:
[    0.000000]   DMA      [mem 0x0000000000000000-0x000000003fffffff]
[    0.000000]   DMA32    [mem 0x0000000040000000-0x00000000ffffffff]
[    0.000000]   Normal   [mem 0x0000000100000000-0x000000087fffffff]
[    0.000000] Movable zone start for each node
[    0.000000] Early memory node ranges
[    0.000000]   node   0: [mem 0x0000000000000000-0x000000007fffffff]
[    0.000000]   node   0: [mem 0x0000000800000000-0x000000087fffffff]
[    0.000000] Initmem setup node 0 [mem 0x0000000000000000-0x000000087fffffff]
[    0.000000] On node 0 totalpages: 1048576
[    0.000000]   DMA zone: 3584 pages used for memmap
[    0.000000]   DMA zone: 0 pages reserved
[    0.000000]   DMA zone: 262144 pages, LIFO batch:63
[    0.000000]   DMA32 zone: 3584 pages used for memmap
[    0.000000]   DMA32 zone: 262144 pages, LIFO batch:63
[    0.000000]   Normal zone: 7168 pages used for memmap
[    0.000000]   Normal zone: 524288 pages, LIFO batch:63
[    0.000000] psci: probing for conduit method from DT.
[    0.000000] psci: PSCIv1.1 detected in firmware.
[    0.000000] psci: Using standard PSCI v0.2 function IDs
[    0.000000] psci: MIGRATE_INFO_TYPE not supported.
[    0.000000] psci: SMC Calling Convention v1.2
[    0.000000] percpu: Embedded 22 pages/cpu s49496 r8192 d32424 u90112
[    0.000000] pcpu-alloc: s49496 r8192 d32424 u90112 alloc=22*4096
[    0.000000] pcpu-alloc: [0] 0 [0] 1 [0] 2 [0] 3 
[    0.000000] Detected VIPT I-cache on CPU0
[    0.000000] CPU features: detected: ARM erratum 845719
[    0.000000] Built 1 zonelists, mobility grouping on.  Total pages: 1034240
[    0.000000] Kernel command line: console=ttyPS0,115200 root=/dev/mmcblk0p2 rw earlycon rootfstype=ext4 rootwait clk_ignore_unused cpuidle.off=1 root=/dev/mmcblk0p2 rw rootwait
[    0.000000] Dentry cache hash table entries: 524288 (order: 10, 4194304 bytes, linear)
[    0.000000] Inode-cache hash table entries: 262144 (order: 9, 2097152 bytes, linear)
[    0.000000] mem auto-init: stack:off, heap alloc:off, heap free:off
[    0.000000] software IO TLB: mapped [mem 0x000000003bfff000-0x000000003ffff000] (64MB)
[    0.000000] Memory: 3761904K/4194304K available (15296K kernel code, 1636K rwdata, 11876K rodata, 2560K init, 507K bss, 170256K reserved, 262144K cma-reserved)
[    0.000000] rcu: Hierarchical RCU implementation.
[    0.000000] rcu: 	RCU event tracing is enabled.
[    0.000000] rcu: 	RCU restricting CPUs from NR_CPUS=8 to nr_cpu_ids=4.
[    0.000000] rcu: RCU calculated value of scheduler-enlistment delay is 25 jiffies.
[    0.000000] rcu: Adjusting geometry for rcu_fanout_leaf=16, nr_cpu_ids=4
[    0.000000] NR_IRQS: 64, nr_irqs: 64, preallocated irqs: 0
[    0.000000] GIC: Adjusting CPU interface base to 0x00000000f902f000
[    0.000000] GIC: Using split EOI/Deactivate mode
[    0.000000] random: get_random_bytes called from start_kernel+0x31c/0x54c with crng_init=0
[    0.000000] arch_timer: cp15 timer(s) running at 100.00MHz (phys).
[    0.000000] clocksource: arch_sys_counter: mask: 0xffffffffffffff max_cycles: 0x171024e7e0, max_idle_ns: 440795205315 ns
[    0.000003] sched_clock: 56 bits at 100MHz, resolution 10ns, wraps every 4398046511100ns
[    0.008459] Console: colour dummy device 80x25
[    0.012483] Calibrating delay loop (skipped), value calculated using timer frequency.. 200.00 BogoMIPS (lpj=400000)
[    0.022841] pid_max: default: 32768 minimum: 301
[    0.027549] Mount-cache hash table entries: 8192 (order: 4, 65536 bytes, linear)
[    0.034788] Mountpoint-cache hash table entries: 8192 (order: 4, 65536 bytes, linear)
[    0.043398] rcu: Hierarchical SRCU implementation.
[    0.047559] EFI services will not be available.
[    0.051940] smp: Bringing up secondary CPUs ...
[    0.056655] Detected VIPT I-cache on CPU1
[    0.056693] CPU1: Booted secondary processor 0x0000000001 [0x410fd034]
[    0.057060] Detected VIPT I-cache on CPU2
[    0.057084] CPU2: Booted secondary processor 0x0000000002 [0x410fd034]
[    0.057424] Detected VIPT I-cache on CPU3
[    0.057447] CPU3: Booted secondary processor 0x0000000003 [0x410fd034]
[    0.057493] smp: Brought up 1 node, 4 CPUs
[    0.091780] SMP: Total of 4 processors activated.
[    0.096452] CPU features: detected: 32-bit EL0 Support
[    0.101555] CPU features: detected: CRC32 instructions
[    0.106696] CPU: All CPU(s) started at EL2
[    0.110736] alternatives: patching kernel code
[    0.116168] devtmpfs: initialized
[    0.124065] Registered cp15_barrier emulation handler
[    0.124115] Registered setend emulation handler
[    0.128092] clocksource: jiffies: mask: 0xffffffff max_cycles: 0xffffffff, max_idle_ns: 7645041785100000 ns
[    0.137670] futex hash table entries: 1024 (order: 4, 65536 bytes, linear)
[    0.151028] pinctrl core: initialized pinctrl subsystem
[    0.151677] NET: Registered protocol family 16
[    0.156093] DMA: preallocated 512 KiB GFP_KERNEL pool for atomic allocations
[    0.162107] DMA: preallocated 512 KiB GFP_KERNEL|GFP_DMA pool for atomic allocations
[    0.169833] DMA: preallocated 512 KiB GFP_KERNEL|GFP_DMA32 pool for atomic allocations
[    0.177637] audit: initializing netlink subsys (disabled)
[    0.183087] audit: type=2000 audit(0.116:1): state=initialized audit_enabled=0 res=1
[    0.183433] hw-breakpoint: found 6 breakpoint and 4 watchpoint registers.
[    0.197463] ASID allocator initialised with 65536 entries
[    0.224357] HugeTLB registered 1.00 GiB page size, pre-allocated 0 pages
[    0.225411] HugeTLB registered 32.0 MiB page size, pre-allocated 0 pages
[    0.232082] HugeTLB registered 2.00 MiB page size, pre-allocated 0 pages
[    0.238746] HugeTLB registered 64.0 KiB page size, pre-allocated 0 pages
[    1.304302] DRBG: Continuing without Jitter RNG
[    1.382144] raid6: neonx8   gen()  2137 MB/s
[    1.450191] raid6: neonx8   xor()  1598 MB/s
[    1.518254] raid6: neonx4   gen()  2192 MB/s
[    1.586296] raid6: neonx4   xor()  1565 MB/s
[    1.654367] raid6: neonx2   gen()  2074 MB/s
[    1.722415] raid6: neonx2   xor()  1434 MB/s
[    1.790488] raid6: neonx1   gen()  1772 MB/s
[    1.858533] raid6: neonx1   xor()  1220 MB/s
[    1.926589] raid6: int64x8  gen()  1438 MB/s
[    1.994639] raid6: int64x8  xor()   771 MB/s
[    2.062712] raid6: int64x4  gen()  1597 MB/s
[    2.130754] raid6: int64x4  xor()   819 MB/s
[    2.198839] raid6: int64x2  gen()  1397 MB/s
[    2.266891] raid6: int64x2  xor()   750 MB/s
[    2.334961] raid6: int64x1  gen()  1033 MB/s
[    2.403014] raid6: int64x1  xor()   517 MB/s
[    2.403052] raid6: using algorithm neonx4 gen() 2192 MB/s
[    2.407004] raid6: .... xor() 1565 MB/s, rmw enabled
[    2.411934] raid6: using neon recovery algorithm
[    2.416948] iommu: Default domain type: Translated 
[    2.421559] SCSI subsystem initialized
[    2.425104] libata version 3.00 loaded.
[    2.425228] usbcore: registered new interface driver usbfs
[    2.430560] usbcore: registered new interface driver hub
[    2.435833] usbcore: registered new device driver usb
[    2.440967] mc: Linux media interface: v0.10
[    2.445084] videodev: Linux video capture interface: v2.00
[    2.450574] EDAC MC: Ver: 3.0.0
[    2.454016] zynqmp-ipi-mbox mailbox@ff990400: Registered ZynqMP IPI mbox with TX/RX channels.
[    2.462530] jesd204: created con: id=0, topo=0, link=0, /axi/spi@ff050000/hmc7044@0 <-> /fpga-axi@0/axi-adxcvr-tx@84b60000
[    2.473103] jesd204: created con: id=1, topo=0, link=2, /axi/spi@ff050000/hmc7044@0 <-> /fpga-axi@0/axi-adxcvr-rx@84a60000
[    2.484087] jesd204: created con: id=2, topo=0, link=0, /fpga-axi@0/axi-adxcvr-tx@84b60000 <-> /fpga-axi@0/axi-jesd204-tx@84b90000
[    2.495763] jesd204: created con: id=3, topo=0, link=2, /fpga-axi@0/axi-adxcvr-rx@84a60000 <-> /fpga-axi@0/axi-jesd204-rx@84a90000
[    2.507440] jesd204: created con: id=4, topo=0, link=0, /fpga-axi@0/axi-jesd204-tx@84b90000 <-> /fpga-axi@0/axi-ad9081-tx-hpc@84b10000
[    2.519468] jesd204: created con: id=5, topo=0, link=2, /fpga-axi@0/axi-jesd204-rx@84a90000 <-> /fpga-axi@0/axi-ad9081-rx-hpc@84a10000
[    2.531490] jesd204: created con: id=6, topo=0, link=2, /fpga-axi@0/axi-ad9081-rx-hpc@84a10000 <-> /axi/spi@ff040000/ad9081@0
[    2.542732] jesd204: created con: id=7, topo=0, link=0, /fpga-axi@0/axi-ad9081-tx-hpc@84b10000 <-> /axi/spi@ff040000/ad9081@0
[    2.553981] jesd204: /axi/spi@ff040000/ad9081@0: JESD204[2] transition uninitialized -> initialized
[    2.562968] jesd204: /axi/spi@ff040000/ad9081@0: JESD204[0] transition uninitialized -> initialized
[    2.571960] jesd204: found 8 devices and 1 topologies
[    2.577003] FPGA manager framework
[    2.580481] Advanced Linux Sound Architecture Driver Initialized.
[    2.586775] Bluetooth: Core ver 2.22
[    2.589963] NET: Registered protocol family 31
[    2.594364] Bluetooth: HCI device and connection manager initialized
[    2.600681] Bluetooth: HCI socket layer initialized
[    2.605523] Bluetooth: L2CAP socket layer initialized
[    2.610546] Bluetooth: SCO socket layer initialized
[    2.615732] clocksource: Switched to clocksource arch_sys_counter
[    2.621538] VFS: Disk quotas dquot_6.6.0
[    2.625375] VFS: Dquot-cache hash table entries: 512 (order 0, 4096 bytes)
[    2.636082] NET: Registered protocol family 2
[    2.636817] tcp_listen_portaddr_hash hash table entries: 2048 (order: 3, 32768 bytes, linear)
[    2.645013] TCP established hash table entries: 32768 (order: 6, 262144 bytes, linear)
[    2.653039] TCP bind hash table entries: 32768 (order: 7, 524288 bytes, linear)
[    2.660484] TCP: Hash tables configured (established 32768 bind 32768)
[    2.666659] UDP hash table entries: 2048 (order: 4, 65536 bytes, linear)
[    2.673326] UDP-Lite hash table entries: 2048 (order: 4, 65536 bytes, linear)
[    2.680487] NET: Registered protocol family 1
[    2.684941] RPC: Registered named UNIX socket transport module.
[    2.690562] RPC: Registered udp transport module.
[    2.695228] RPC: Registered tcp transport module.
[    2.699896] RPC: Registered tcp NFSv4.1 backchannel transport module.
[    2.706887] PCI: CLS 0 bytes, default 64
[    2.710592] hw perfevents: no interrupt-affinity property for /pmu, guessing.
[    2.717446] hw perfevents: enabled with armv8_pmuv3 PMU driver, 7 counters available
[    2.725799] Initialise system trusted keyrings
[    2.729476] workingset: timestamp_bits=62 max_order=20 bucket_order=0
[    2.736373] NFS: Registering the id_resolver key type
[    2.740825] Key type id_resolver registered
[    2.744964] Key type id_legacy registered
[    2.748953] nfs4filelayout_init: NFSv4 File Layout Driver Registering...
[    2.755619] jffs2: version 2.2. (NAND) (SUMMARY)  Â© 2001-2006 Red Hat, Inc.
[    2.798759] NET: Registered protocol family 38
[    2.798802] xor: measuring software checksum speed
[    2.806487]    8regs           :  2363 MB/sec
[    2.810156]    32regs          :  2799 MB/sec
[    2.815098]    arm64_neon      :  2380 MB/sec
[    2.815289] xor: using function: 32regs (2799 MB/sec)
[    2.820315] Key type asymmetric registered
[    2.824376] Asymmetric key parser 'x509' registered
[    2.829237] Block layer SCSI generic (bsg) driver version 0.4 loaded (major 248)
[    2.836574] io scheduler mq-deadline registered
[    2.841070] io scheduler kyber registered
[    2.870483] Serial: 8250/16550 driver, 4 ports, IRQ sharing disabled
[    2.875119] cacheinfo: Unable to detect cache hierarchy for CPU 0
[    2.881459] brd: module loaded
[    2.885604] loop: module loaded
[    2.886151] Registered mathworks_ip class
[    2.889490] libphy: Fixed MDIO Bus: probed
[    2.892469] tun: Universal TUN/TAP device driver, 1.6
[    2.896537] CAN device driver interface
[    2.901069] usbcore: registered new interface driver asix
[    2.905669] usbcore: registered new interface driver ax88179_178a
[    2.911700] usbcore: registered new interface driver cdc_ether
[    2.917494] usbcore: registered new interface driver net1080
[    2.923121] usbcore: registered new interface driver cdc_subset
[    2.929000] usbcore: registered new interface driver zaurus
[    2.934544] usbcore: registered new interface driver cdc_ncm
[    2.940945] ehci_hcd: USB 2.0 'Enhanced' Host Controller (EHCI) Driver
[    2.946629] ehci-pci: EHCI PCI platform driver
[    2.951426] usbcore: registered new interface driver uas
[    2.956345] usbcore: registered new interface driver usb-storage
[    2.962333] usbcore: registered new interface driver usbserial_generic
[    2.968784] usbserial: USB Serial support registered for generic
[    2.974757] usbcore: registered new interface driver ftdi_sio
[    2.980460] usbserial: USB Serial support registered for FTDI USB Serial Device
[    2.987741] usbcore: registered new interface driver upd78f0730
[    2.993607] usbserial: USB Serial support registered for upd78f0730
[    3.001261] rtc_zynqmp ffa60000.rtc: registered as rtc0
[    3.005033] rtc_zynqmp ffa60000.rtc: setting system clock to 2022-03-26T01:07:34 UTC (1648256854)
[    3.013895] i2c /dev entries driver
[    3.019201] usbcore: registered new interface driver uvcvideo
[    3.023008] USB Video Class driver (1.1.1)
[    3.028587] Bluetooth: HCI UART driver ver 2.3
[    3.031479] Bluetooth: HCI UART protocol H4 registered
[    3.036589] Bluetooth: HCI UART protocol BCSP registered
[    3.041878] Bluetooth: HCI UART protocol LL registered
[    3.046967] Bluetooth: HCI UART protocol ATH3K registered
[    3.052340] Bluetooth: HCI UART protocol Three-wire (H5) registered
[    3.058596] Bluetooth: HCI UART protocol Intel registered
[    3.063934] Bluetooth: HCI UART protocol QCA registered
[    3.069135] usbcore: registered new interface driver bcm203x
[    3.074756] usbcore: registered new interface driver bpa10x
[    3.080292] usbcore: registered new interface driver bfusb
[    3.085742] usbcore: registered new interface driver btusb
[    3.091205] usbcore: registered new interface driver ath3k
[    3.096688] EDAC MC: ECC not enabled
[    3.100313] EDAC DEVICE0: Giving out device to module zynqmp-ocm-edac controller zynqmp_ocm: DEV ff960000.memory-controller (INTERRUPT)
[    3.112629] sdhci: Secure Digital Host Controller Interface driver
[    3.118416] sdhci: Copyright(c) Pierre Ossman
[    3.122741] sdhci-pltfm: SDHCI platform and OF driver helper
[    3.128792] ledtrig-cpu: registered to indicate activity on CPUs
[    3.134344] SMCCC: SOC_ID: ARCH_SOC_ID not implemented, skipping ....
[    3.140771] zynqmp_firmware_probe Platform Management API v1.1
[    3.146532] zynqmp_firmware_probe Trustzone version v1.0
[    3.186079] zynqmp-pinctrl firmware:zynqmp-firmware:pinctrl: zynqmp pinctrl initialized
[    3.234078] zynqmp-aes firmware:zynqmp-firmware:zynqmp-aes: will run requests pump with realtime priority
[    3.249906] alg: No test for xilinx-keccak-384 (zynqmp-keccak-384)
[    3.250611] alg: No test for xilinx-zynqmp-rsa (zynqmp-rsa)
[    3.256128] usbcore: registered new interface driver usbhid
[    3.261515] usbhid: USB HID core driver
[    3.272762] axi_sysid 85000000.axi-sysid-0: AXI System ID core version (1.01.a) found
[    3.275113] axi_sysid 85000000.axi-sysid-0: [ad9081_fmca_ebz] on [zcu102] git branch <master> git <084d44c9780640ca93fd847b1d9ec70dd65f5c67> clean [2022-03-18 04:17:50] UTC
[    3.290804] fpga_manager fpga0: Xilinx ZynqMP FPGA Manager registered
[    3.297158] usbcore: registered new interface driver snd-usb-audio
[    3.304610] pktgen: Packet Generator for packet performance testing. Version: 2.75
[    3.310785] Initializing XFRM netlink socket
[    3.314640] NET: Registered protocol family 10
[    3.319354] Segment Routing with IPv6
[    3.322742] sit: IPv6, IPv4 and MPLS over IPv4 tunneling driver
[    3.328811] NET: Registered protocol family 17
[    3.332915] NET: Registered protocol family 15
[    3.337411] can: controller area network core
[    3.341668] NET: Registered protocol family 29
[    3.346054] can: raw protocol
[    3.348993] can: broadcast manager protocol
[    3.353145] can: netlink gateway - max_hops=1
[    3.357542] Bluetooth: RFCOMM TTY layer initialized
[    3.362321] Bluetooth: RFCOMM socket layer initialized
[    3.367431] Bluetooth: RFCOMM ver 1.11
[    3.371141] Bluetooth: BNEP (Ethernet Emulation) ver 1.3
[    3.376411] Bluetooth: BNEP filters: protocol multicast
[    3.381602] Bluetooth: BNEP socket layer initialized
[    3.386532] Bluetooth: HIDP (Human Interface Emulation) ver 1.2
[    3.392416] Bluetooth: HIDP socket layer initialized
[    3.397471] 9pnet: Installing 9P2000 support
[    3.401593] NET: Registered protocol family 36
[    3.406007] Key type dns_resolver registered
[    3.410440] registered taskstats version 1
[    3.414304] Loading compiled-in X.509 certificates
[    3.419419] Btrfs loaded, crc32c=crc32c-generic
[    3.431846] ff000000.serial: ttyPS0 at MMIO 0xff000000 (irq = 49, base_baud = 6249999) is a xuartps
[    3.440865] printk: console [ttyPS0] enabled
[    3.445161] printk: bootconsole [cdns0] disabled
[    3.454794] ff010000.serial: ttyPS1 at MMIO 0xff010000 (irq = 50, base_baud = 6249999) is a xuartps
[    3.468043] of-fpga-region fpga-full: FPGA Region probed
[    3.474991] nwl-pcie fd0e0000.pcie: host bridge /axi/pcie@fd0e0000 ranges:
[    3.481890] nwl-pcie fd0e0000.pcie:      MEM 0x00e0000000..0x00efffffff -> 0x00e0000000
[    3.489898] nwl-pcie fd0e0000.pcie:      MEM 0x0600000000..0x07ffffffff -> 0x0600000000
[    3.497962] nwl-pcie fd0e0000.pcie: Link is DOWN
[    3.502719] nwl-pcie fd0e0000.pcie: PCI host bridge to bus 0000:00
[    3.508897] pci_bus 0000:00: root bus resource [bus 00-ff]
[    3.514379] pci_bus 0000:00: root bus resource [mem 0xe0000000-0xefffffff]
[    3.521249] pci_bus 0000:00: root bus resource [mem 0x600000000-0x7ffffffff pref]
[    3.528753] pci 0000:00:00.0: [10ee:d021] type 01 class 0x060400
[    3.534809] pci 0000:00:00.0: PME# supported from D0 D1 D2 D3hot
[    3.545249] pci 0000:00:00.0: PCI bridge to [bus 01-0c]
[    3.551225] xilinx-zynqmp-dma fd500000.dma: ZynqMP DMA driver Probe success
[    3.558396] xilinx-zynqmp-dma fd510000.dma: ZynqMP DMA driver Probe success
[    3.565574] xilinx-zynqmp-dma fd520000.dma: ZynqMP DMA driver Probe success
[    3.572742] xilinx-zynqmp-dma fd530000.dma: ZynqMP DMA driver Probe success
[    3.579913] xilinx-zynqmp-dma fd540000.dma: ZynqMP DMA driver Probe success
[    3.587078] xilinx-zynqmp-dma fd550000.dma: ZynqMP DMA driver Probe success
[    3.594247] xilinx-zynqmp-dma fd560000.dma: ZynqMP DMA driver Probe success
[    3.601418] xilinx-zynqmp-dma fd570000.dma: ZynqMP DMA driver Probe success
[    3.608813] xilinx-zynqmp-dpdma fd4c0000.dma-controller: Xilinx DPDMA engine is probed
[    3.617366] ahci-ceva fd0c0000.ahci: supply ahci not found, using dummy regulator
[    3.624903] ahci-ceva fd0c0000.ahci: supply phy not found, using dummy regulator
[    3.715902] hmc7044 spi2.0: PLL1: Acquisition, CLKIN0 @ 122880000 Hz, PFD: 80 kHz - PLL2: Locked @ 2796.000000 MHz
[    3.726620] jesd204: /axi/spi@ff050000/hmc7044@0,jesd204:1,parent=spi2.0: Using as SYSREF provider
[    3.736204] spi-nor spi0.0: SPI-NOR-UniqueID 100000235394732200270025081115266e
[    3.743509] spi-nor spi0.0: found n25q512a, expected m25p80
[    3.749720] spi-nor spi0.0: trying to lock already unlocked area
[    3.755725] spi-nor spi0.0: n25q512a (131072 Kbytes)
[    3.760704] 4 fixed-partitions partitions found on MTD device spi0.0
[    3.767051] Creating 4 MTD partitions on "spi0.0":
[    3.771837] 0x000000000000-0x000000100000 : "qspi-fsbl-uboot"
[    3.778326] 0x000000100000-0x000000600000 : "qspi-linux"
[    3.784286] 0x000000600000-0x000000620000 : "qspi-device-tree"
[    3.790763] 0x000000620000-0x000000c00000 : "qspi-rootfs"
[    3.799231] macb ff0e0000.ethernet: Not enabling partial store and forward
[    3.806756] libphy: MACB_mii_bus: probed
[    3.811807] macb ff0e0000.ethernet eth0: Cadence GEM rev 0x50070106 at 0xff0e0000 irq 30 (00:0a:35:04:8e:1b)
[    3.822014] xilinx-axipmon ffa00000.perf-monitor: Probed Xilinx APM
[    3.828586] xilinx-axipmon fd0b0000.perf-monitor: Probed Xilinx APM
[    3.835099] xilinx-axipmon fd490000.perf-monitor: Probed Xilinx APM
[    3.841643] xilinx-axipmon ffa10000.perf-monitor: Probed Xilinx APM
[    3.851634] pca953x 0-0020: supply vcc not found, using dummy regulator
[    3.858323] pca953x 0-0020: using no AI
[    3.862809] gpio-496 (sel0): hogged as output/low
[    3.867708] gpio-497 (sel1): hogged as output/high
[    3.872701] gpio-498 (sel2): hogged as output/high
[    3.877692] gpio-499 (sel3): hogged as output/high
[    3.882873] pca953x 0-0021: supply vcc not found, using dummy regulator
[    3.889546] pca953x 0-0021: using no AI
[    3.895313] ina2xx 2-0040: power monitor ina226 (Rshunt = 5000 uOhm)
[    3.902343] ina2xx 2-0041: power monitor ina226 (Rshunt = 5000 uOhm)
[    3.909378] ina2xx 2-0042: power monitor ina226 (Rshunt = 5000 uOhm)
[    3.916406] ina2xx 2-0043: power monitor ina226 (Rshunt = 5000 uOhm)
[    3.923430] ina2xx 2-0044: power monitor ina226 (Rshunt = 5000 uOhm)
[    3.930452] ina2xx 2-0045: power monitor ina226 (Rshunt = 5000 uOhm)
[    3.937483] ina2xx 2-0046: power monitor ina226 (Rshunt = 5000 uOhm)
[    3.944560] ina2xx 2-0047: power monitor ina226 (Rshunt = 5000 uOhm)
[    3.951584] ina2xx 2-004a: power monitor ina226 (Rshunt = 5000 uOhm)
[    3.958627] ina2xx 2-004b: power monitor ina226 (Rshunt = 5000 uOhm)
[    3.965037] i2c i2c-0: Added multiplexed i2c bus 2
[    3.970422] random: fast init done
[    3.973893] ina2xx 3-0040: power monitor ina226 (Rshunt = 2000 uOhm)
[    3.980919] ina2xx 3-0041: power monitor ina226 (Rshunt = 5000 uOhm)
[    3.987945] ina2xx 3-0042: power monitor ina226 (Rshunt = 5000 uOhm)
[    3.994974] ina2xx 3-0043: power monitor ina226 (Rshunt = 5000 uOhm)
[    4.002004] ina2xx 3-0044: power monitor ina226 (Rshunt = 5000 uOhm)
[    4.009030] ina2xx 3-0045: power monitor ina226 (Rshunt = 5000 uOhm)
[    4.016066] ina2xx 3-0046: power monitor ina226 (Rshunt = 5000 uOhm)
[    4.023093] ina2xx 3-0047: power monitor ina226 (Rshunt = 5000 uOhm)
[    4.029493] i2c i2c-0: Added multiplexed i2c bus 3
[    4.085282] i2c i2c-0: Added multiplexed i2c bus 4
[    4.090227] i2c i2c-0: Added multiplexed i2c bus 5
[    4.095014] pca954x 0-0075: registered 4 multiplexed busses for I2C mux pca9544
[    4.102364] cdns-i2c ff020000.i2c: 400 kHz mmio ff020000 irq 32
[    4.110101] at24 6-0054: supply vcc not found, using dummy regulator
[    4.117002] at24 6-0054: 1024 byte 24c08 EEPROM, writable, 1 bytes/write
[    4.123758] i2c i2c-1: Added multiplexed i2c bus 6
[    4.130182] si5341 7-0036: Chip: 5341 Grade: 1 Rev: 1
[    4.167894] i2c i2c-1: Added multiplexed i2c bus 7
[    4.175545] si570 8-005d: registered, current frequency 300000000 Hz
[    4.181950] i2c i2c-1: Added multiplexed i2c bus 8
[    4.201737] si570 9-005d: registered, current frequency 148500000 Hz
[    4.208138] i2c i2c-1: Added multiplexed i2c bus 9
[    4.213169] si5324 10-0069: si5328 probed
[    4.280095] si5324 10-0069: si5328 probe successful
[    4.285028] i2c i2c-1: Added multiplexed i2c bus 10
[    4.290055] i2c i2c-1: Added multiplexed i2c bus 11
[    4.295082] i2c i2c-1: Added multiplexed i2c bus 12
[    4.300102] i2c i2c-1: Added multiplexed i2c bus 13
[    4.304983] pca954x 1-0074: registered 8 multiplexed busses for I2C switch pca9548
[    4.313093] at24 14-0050: supply vcc not found, using dummy regulator
[    4.319880] at24 14-0050: 256 byte 24c02 EEPROM, writable, 1 bytes/write
[    4.326627] i2c i2c-1: Added multiplexed i2c bus 14
[    4.331668] i2c i2c-1: Added multiplexed i2c bus 15
[    4.336700] i2c i2c-1: Added multiplexed i2c bus 16
[    4.341737] i2c i2c-1: Added multiplexed i2c bus 17
[    4.346768] i2c i2c-1: Added multiplexed i2c bus 18
[    4.351818] i2c i2c-1: Added multiplexed i2c bus 19
[    4.356855] i2c i2c-1: Added multiplexed i2c bus 20
[    4.361894] i2c i2c-1: Added multiplexed i2c bus 21
[    4.366767] pca954x 1-0075: registered 8 multiplexed busses for I2C switch pca9548
[    4.374376] cdns-i2c ff030000.i2c: 400 kHz mmio ff030000 irq 33
[    4.384124] cdns-wdt fd4d0000.watchdog: Xilinx Watchdog Timer with timeout 60s
[    4.395062] axi_adxcvr 84a60000.axi-adxcvr-rx: AXI-ADXCVR-RX (17.05.a) using CPLL on GTH4 at 0x84A60000. Number of lanes: 4.
[    4.407212] axi_adxcvr 84b60000.axi-adxcvr-tx: AXI-ADXCVR-TX (17.05.a) using QPLL on GTH4 at 0x84B60000. Number of lanes: 4.
[    4.418832] axi-jesd204-rx 84a90000.axi-jesd204-rx: AXI-JESD204-RX (1.07.a) at 0x84A90000. Encoder 8b10b, width 4/4, lanes 4, jesd204-fsm.
[    4.426139] mmc0: SDHCI controller on ff170000.mmc [ff170000.mmc] using ADMA 64-bit
[    4.431675] axi-jesd204-tx 84b90000.axi-jesd204-tx: AXI-JESD204-TX (1.06.a) at 0x84B90000. Encoder 8b10b, width 4/4, lanes 4, jesd204-fsm.
[    4.452395] zynqmp-display fd4a0000.display: vtc bridge property not present
[    4.462055] xilinx-dp-snd-codec fd4a0000.display:zynqmp_dp_snd_codec0: Failed to get required clock freq
[    4.471562] xilinx-dp-snd-codec: probe of fd4a0000.display:zynqmp_dp_snd_codec0 failed with error -22
[    4.473512] mmc0: new high speed SDHC card at address 0001
[    4.481101] xilinx-dp-snd-pcm zynqmp_dp_snd_pcm0: Xilinx DisplayPort Sound PCM probed
[    4.486617] mmcblk0: mmc0:0001 EB1QT 29.8 GiB 
[    4.494421] xilinx-dp-snd-pcm zynqmp_dp_snd_pcm1: Xilinx DisplayPort Sound PCM probed
[    4.499808]  mmcblk0: p1 p2 p3
[    4.506720] OF: graph: no port node found in /axi/display@fd4a0000
[    4.515790] xlnx-drm xlnx-drm.0: bound fd4a0000.display (ops 0xffffffc010fcbdb8)
[    5.599748] zynqmp-display fd4a0000.display: [drm] Cannot find any crtc or sizes
[    5.607358] [drm] Initialized xlnx 1.0.0 20130509 for fd4a0000.display on minor 0
[    5.614849] zynqmp-display fd4a0000.display: ZynqMP DisplayPort Subsystem driver probed
[    5.623173] ahci-ceva fd0c0000.ahci: supply ahci not found, using dummy regulator
[    5.630721] ahci-ceva fd0c0000.ahci: supply phy not found, using dummy regulator
[    5.638179] ahci-ceva fd0c0000.ahci: supply target not found, using dummy regulator
[    5.646018] ahci-ceva fd0c0000.ahci: AHCI 0001.0301 32 slots 2 ports 6 Gbps 0x3 impl platform mode
[    5.654973] ahci-ceva fd0c0000.ahci: flags: 64bit ncq sntf pm clo only pmp fbs pio slum part ccc sds apst 
[    5.665664] scsi host0: ahci-ceva
[    5.669257] scsi host1: ahci-ceva
[    5.672686] ata1: SATA max UDMA/133 mmio [mem 0xfd0c0000-0xfd0c1fff] port 0x100 irq 45
[    5.680595] ata2: SATA max UDMA/133 mmio [mem 0xfd0c0000-0xfd0c1fff] port 0x180 irq 45
[    5.689194] ad9081 spi1.0: supply vdd not found, using dummy regulator
[    6.001984] ata1: SATA link down (SStatus 0 SControl 330)
[    6.007403] ata2: SATA link down (SStatus 0 SControl 330)
[    6.683750] zynqmp-display fd4a0000.display: [drm] Cannot find any crtc or sizes
[    6.881232] ad9081 spi1.0: Invalid param passed., "ref_clk_hz < 100000000ULL" in adi_ad9081_device_clk_config_set(...), line554 in drivers/iio/adc/ad9081/adi_ad9081_device.c
[    7.548518] ad9081 spi1.0: AD9081 Rev. 2 Grade 10 (API 1.2.2) probed
[    7.555735] xhci-hcd xhci-hcd.1.auto: xHCI Host Controller
[    7.561221] xhci-hcd xhci-hcd.1.auto: new USB bus registered, assigned bus number 1
[    7.568962] xhci-hcd xhci-hcd.1.auto: hcc params 0x0238f625 hci version 0x100 quirks 0x0000000002010810
[    7.578375] xhci-hcd xhci-hcd.1.auto: irq 59, io mem 0xfe200000
[    7.584485] usb usb1: New USB device found, idVendor=1d6b, idProduct=0002, bcdDevice= 5.10
[    7.592749] usb usb1: New USB device strings: Mfr=3, Product=2, SerialNumber=1
[    7.599967] usb usb1: Product: xHCI Host Controller
[    7.604837] usb usb1: Manufacturer: Linux 5.10.0-98103-g2aa7ac113716 xhci-hcd
[    7.611962] usb usb1: SerialNumber: xhci-hcd.1.auto
[    7.617131] hub 1-0:1.0: USB hub found
[    7.620898] hub 1-0:1.0: 1 port detected
[    7.625001] xhci-hcd xhci-hcd.1.auto: xHCI Host Controller
[    7.630482] xhci-hcd xhci-hcd.1.auto: new USB bus registered, assigned bus number 2
[    7.638136] xhci-hcd xhci-hcd.1.auto: Host supports USB 3.0 SuperSpeed
[    7.644765] usb usb2: New USB device found, idVendor=1d6b, idProduct=0003, bcdDevice= 5.10
[    7.653022] usb usb2: New USB device strings: Mfr=3, Product=2, SerialNumber=1
[    7.660246] usb usb2: Product: xHCI Host Controller
[    7.665119] usb usb2: Manufacturer: Linux 5.10.0-98103-g2aa7ac113716 xhci-hcd
[    7.672244] usb usb2: SerialNumber: xhci-hcd.1.auto
[    7.677353] hub 2-0:1.0: USB hub found
[    7.681115] hub 2-0:1.0: 1 port detected
[    7.711157] cf_axi_adc 84a10000.axi-ad9081-rx-hpc: ADI AIM (10.01.b) at 0x84A10000 mapped to 0x(____ptrval____), probed ADC AD9081 as MASTER
[    7.744570] cf_axi_dds 84b10000.axi-ad9081-tx-hpc: Analog Devices CF_AXI_DDS_DDS MASTER (9.01.b) at 0x84B10000 mapped to 0x(____ptrval____), probed DDS AD9081
[    7.758776] jesd204: /axi/spi@ff040000/ad9081@0,jesd204:0,parent=spi1.0: JESD204[2] transition initialized -> probed
[    7.769297] jesd204: /axi/spi@ff040000/ad9081@0,jesd204:0,parent=spi1.0: JESD204[0] transition initialized -> probed
[    7.779818] jesd204: /axi/spi@ff040000/ad9081@0,jesd204:0,parent=spi1.0: JESD204[2] transition probed -> idle
[    7.789728] jesd204: /axi/spi@ff040000/ad9081@0,jesd204:0,parent=spi1.0: JESD204[0] transition probed -> idle
[    7.799642] jesd204: /axi/spi@ff040000/ad9081@0,jesd204:0,parent=spi1.0: JESD204[2] transition idle -> device_init
[    7.809984] jesd204: /axi/spi@ff040000/ad9081@0,jesd204:0,parent=spi1.0: JESD204[0] transition idle -> device_init
[    7.820336] jesd204: /axi/spi@ff040000/ad9081@0,jesd204:0,parent=spi1.0: JESD204[2] transition device_init -> link_init
[    7.831111] jesd204: /axi/spi@ff040000/ad9081@0,jesd204:0,parent=spi1.0: JESD204[0] transition device_init -> link_init
[    7.841903] jesd204: /axi/spi@ff040000/ad9081@0,jesd204:0,parent=spi1.0: JESD204[2] transition link_init -> link_supported
[    7.852942] jesd204: /axi/spi@ff040000/ad9081@0,jesd204:0,parent=spi1.0: JESD204[0] transition link_init -> link_supported
[    7.864351] hmc7044 spi2.0: hmc7044_jesd204_link_pre_setup: Link2 forcing continuous SYSREF mode
[    7.873503] axi-jesd204-tx 84b90000.axi-jesd204-tx: axi_jesd204_tx_jesd204_link_pre_setup: Link0 set lane rate 9320000 kHz failed (-22)
[    7.885676] jesd204: /fpga-axi@0/axi-jesd204-tx@84b90000,jesd204:5,parent=84b90000.axi-jesd204-tx: JESD204[0] In link_pre_setup got error from cb: -22
[    7.899147] jesd204: /axi/spi@ff040000/ad9081@0,jesd204:0,parent=spi1.0: Rolling back from 'link_supported', got error -22
[    7.910196] jesd204: /axi/spi@ff040000/ad9081@0,jesd204:0,parent=spi1.0: JESD204[0] transition link_supported -> link_pre_setup
[    7.921670] jesd204: /axi/spi@ff040000/ad9081@0,jesd204:0,parent=spi1.0: JESD204[2] transition link_supported -> link_pre_setup
[    7.933148] jesd204: /axi/spi@ff040000/ad9081@0,jesd204:0,parent=spi1.0: JESD204[0] transition link_pre_setup -> link_supported
[    7.944621] jesd204: /axi/spi@ff040000/ad9081@0,jesd204:0,parent=spi1.0: JESD204[2] transition link_pre_setup -> link_supported
[    7.956097] jesd204: /axi/spi@ff040000/ad9081@0,jesd204:0,parent=spi1.0: JESD204[0] transition link_supported -> link_init
[    7.967135] jesd204: /axi/spi@ff040000/ad9081@0,jesd204:0,parent=spi1.0: JESD204[2] transition link_supported -> link_init
[    7.978182] jesd204: /axi/spi@ff040000/ad9081@0,jesd204:0,parent=spi1.0: JESD204[0] transition link_init -> device_init
[    7.988961] jesd204: /axi/spi@ff040000/ad9081@0,jesd204:0,parent=spi1.0: JESD204[2] transition link_init -> device_init
[    7.999741] jesd204: /axi/spi@ff040000/ad9081@0,jesd204:0,parent=spi1.0: JESD204[0] transition device_init -> idle
[    8.010084] jesd204: /axi/spi@ff040000/ad9081@0,jesd204:0,parent=spi1.0: JESD204[2] transition device_init -> idle
[    8.020435] jesd204: /axi/spi@ff040000/ad9081@0,jesd204:0,parent=spi1.0: JESD204[2] transition idle -> idle
[    8.030171] jesd204: /axi/spi@ff040000/ad9081@0,jesd204:0,parent=spi1.0: JESD204[0] transition idle -> idle
[    8.039912] jesd204: /axi/spi@ff040000/ad9081@0,jesd204:0,parent=spi1.0: JESD204[2] transition idle -> device_init
[    8.050255] jesd204: /axi/spi@ff040000/ad9081@0,jesd204:0,parent=spi1.0: JESD204[0] transition idle -> device_init
[    8.060605] jesd204: /axi/spi@ff040000/ad9081@0,jesd204:0,parent=spi1.0: JESD204[2] transition device_init -> link_init
[    8.071387] jesd204: /axi/spi@ff040000/ad9081@0,jesd204:0,parent=spi1.0: JESD204[0] transition device_init -> link_init
[    8.082171] jesd204: /axi/spi@ff040000/ad9081@0,jesd204:0,parent=spi1.0: JESD204[2] transition link_init -> link_supported
[    8.093212] jesd204: /axi/spi@ff040000/ad9081@0,jesd204:0,parent=spi1.0: JESD204[0] transition link_init -> link_supported
[    8.104590] axi-jesd204-tx 84b90000.axi-jesd204-tx: axi_jesd204_tx_jesd204_link_pre_setup: Link0 set lane rate 9320000 kHz failed (-22)
[    8.116767] jesd204: /fpga-axi@0/axi-jesd204-tx@84b90000,jesd204:5,parent=84b90000.axi-jesd204-tx: JESD204[0] In link_pre_setup got error from cb: -22
[    8.130234] jesd204: /axi/spi@ff040000/ad9081@0,jesd204:0,parent=spi1.0: Rolling back from 'link_supported', got error -22
[    8.141276] jesd204: /axi/spi@ff040000/ad9081@0,jesd204:0,parent=spi1.0: JESD204[0] transition link_supported -> link_pre_setup
[    8.152751] jesd204: /axi/spi@ff040000/ad9081@0,jesd204:0,parent=spi1.0: JESD204[2] transition link_supported -> link_pre_setup
[    8.164227] jesd204: /axi/spi@ff040000/ad9081@0,jesd204:0,parent=spi1.0: JESD204[0] transition link_pre_setup -> link_supported
[    8.175698] jesd204: /axi/spi@ff040000/ad9081@0,jesd204:0,parent=spi1.0: JESD204[2] transition link_pre_setup -> link_supported
[    8.187175] jesd204: /axi/spi@ff040000/ad9081@0,jesd204:0,parent=spi1.0: JESD204[0] transition link_supported -> link_init
[    8.198213] jesd204: /axi/spi@ff040000/ad9081@0,jesd204:0,parent=spi1.0: JESD204[2] transition link_supported -> link_init
[    8.209262] jesd204: /axi/spi@ff040000/ad9081@0,jesd204:0,parent=spi1.0: JESD204[0] transition link_init -> device_init
[    8.220036] jesd204: /axi/spi@ff040000/ad9081@0,jesd204:0,parent=spi1.0: JESD204[2] transition link_init -> device_init
[    8.230819] jesd204: /axi/spi@ff040000/ad9081@0,jesd204:0,parent=spi1.0: JESD204[0] transition device_init -> idle
[    8.241168] jesd204: /axi/spi@ff040000/ad9081@0,jesd204:0,parent=spi1.0: JESD204[2] transition device_init -> idle
[    8.251515] jesd204: /axi/spi@ff040000/ad9081@0,jesd204:0,parent=spi1.0: JESD204[2] transition idle -> idle
[    8.261249] jesd204: /axi/spi@ff040000/ad9081@0,jesd204:0,parent=spi1.0: JESD204[0] transition idle -> idle
[    8.270990] jesd204: /axi/spi@ff040000/ad9081@0,jesd204:0,parent=spi1.0: JESD204[2] transition idle -> device_init
[    8.281334] jesd204: /axi/spi@ff040000/ad9081@0,jesd204:0,parent=spi1.0: JESD204[0] transition idle -> device_init
[    8.291684] jesd204: /axi/spi@ff040000/ad9081@0,jesd204:0,parent=spi1.0: JESD204[2] transition device_init -> link_init
[    8.302461] jesd204: /axi/spi@ff040000/ad9081@0,jesd204:0,parent=spi1.0: JESD204[0] transition device_init -> link_init
[    8.313249] jesd204: /axi/spi@ff040000/ad9081@0,jesd204:0,parent=spi1.0: JESD204[2] transition link_init -> link_supported
[    8.324292] jesd204: /axi/spi@ff040000/ad9081@0,jesd204:0,parent=spi1.0: JESD204[0] transition link_init -> link_supported
[    8.335631] axi-jesd204-tx 84b90000.axi-jesd204-tx: axi_jesd204_tx_jesd204_link_pre_setup: Link0 set lane rate 9320000 kHz failed (-22)
[    8.347799] jesd204: /fpga-axi@0/axi-jesd204-tx@84b90000,jesd204:5,parent=84b90000.axi-jesd204-tx: JESD204[0] In link_pre_setup got error from cb: -22
[    8.361269] jesd204: /axi/spi@ff040000/ad9081@0,jesd204:0,parent=spi1.0: Rolling back from 'link_supported', got error -22
[    8.372318] jesd204: /axi/spi@ff040000/ad9081@0,jesd204:0,parent=spi1.0: JESD204[0] transition link_supported -> link_pre_setup
[    8.383793] jesd204: /axi/spi@ff040000/ad9081@0,jesd204:0,parent=spi1.0: JESD204[2] transition link_supported -> link_pre_setup
[    8.395270] jesd204: /axi/spi@ff040000/ad9081@0,jesd204:0,parent=spi1.0: JESD204[0] transition link_pre_setup -> link_supported
[    8.406742] jesd204: /axi/spi@ff040000/ad9081@0,jesd204:0,parent=spi1.0: JESD204[2] transition link_pre_setup -> link_supported
[    8.418220] jesd204: /axi/spi@ff040000/ad9081@0,jesd204:0,parent=spi1.0: JESD204[0] transition link_supported -> link_init
[    8.429258] jesd204: /axi/spi@ff040000/ad9081@0,jesd204:0,parent=spi1.0: JESD204[2] transition link_supported -> link_init
[    8.440305] jesd204: /axi/spi@ff040000/ad9081@0,jesd204:0,parent=spi1.0: JESD204[0] transition link_init -> device_init
[    8.451082] jesd204: /axi/spi@ff040000/ad9081@0,jesd204:0,parent=spi1.0: JESD204[2] transition link_init -> device_init
[    8.461864] jesd204: /axi/spi@ff040000/ad9081@0,jesd204:0,parent=spi1.0: JESD204[0] transition device_init -> idle
[    8.472207] jesd204: /axi/spi@ff040000/ad9081@0,jesd204:0,parent=spi1.0: JESD204[2] transition device_init -> idle
[    8.482558] jesd204: /axi/spi@ff040000/ad9081@0,jesd204:0,parent=spi1.0: JESD204[2] transition idle -> idle
[    8.492293] jesd204: /axi/spi@ff040000/ad9081@0,jesd204:0,parent=spi1.0: JESD204[0] transition idle -> idle
[    8.502039] jesd204: /axi/spi@ff040000/ad9081@0,jesd204:0,parent=spi1.0: JESD204[2] transition idle -> device_init
[    8.512388] jesd204: /axi/spi@ff040000/ad9081@0,jesd204:0,parent=spi1.0: JESD204[0] transition idle -> device_init
[    8.522737] jesd204: /axi/spi@ff040000/ad9081@0,jesd204:0,parent=spi1.0: JESD204[2] transition device_init -> link_init
[    8.533514] jesd204: /axi/spi@ff040000/ad9081@0,jesd204:0,parent=spi1.0: JESD204[0] transition device_init -> link_init
[    8.544302] jesd204: /axi/spi@ff040000/ad9081@0,jesd204:0,parent=spi1.0: JESD204[2] transition link_init -> link_supported
[    8.555345] jesd204: /axi/spi@ff040000/ad9081@0,jesd204:0,parent=spi1.0: JESD204[0] transition link_init -> link_supported
[    8.566682] axi-jesd204-tx 84b90000.axi-jesd204-tx: axi_jesd204_tx_jesd204_link_pre_setup: Link0 set lane rate 9320000 kHz failed (-22)
[    8.578852] jesd204: /fpga-axi@0/axi-jesd204-tx@84b90000,jesd204:5,parent=84b90000.axi-jesd204-tx: JESD204[0] In link_pre_setup got error from cb: -22
[    8.592323] jesd204: /axi/spi@ff040000/ad9081@0,jesd204:0,parent=spi1.0: Rolling back from 'link_supported', got error -22
[    8.603364] jesd204: /axi/spi@ff040000/ad9081@0,jesd204:0,parent=spi1.0: JESD204[0] transition link_supported -> link_pre_setup
[    8.614836] jesd204: /axi/spi@ff040000/ad9081@0,jesd204:0,parent=spi1.0: JESD204[2] transition link_supported -> link_pre_setup
[    8.626319] jesd204: /axi/spi@ff040000/ad9081@0,jesd204:0,parent=spi1.0: JESD204[0] transition link_pre_setup -> link_supported
[    8.637796] jesd204: /axi/spi@ff040000/ad9081@0,jesd204:0,parent=spi1.0: JESD204[2] transition link_pre_setup -> link_supported
[    8.649273] jesd204: /axi/spi@ff040000/ad9081@0,jesd204:0,parent=spi1.0: JESD204[0] transition link_supported -> link_init
[    8.660311] jesd204: /axi/spi@ff040000/ad9081@0,jesd204:0,parent=spi1.0: JESD204[2] transition link_supported -> link_init
[    8.671358] jesd204: /axi/spi@ff040000/ad9081@0,jesd204:0,parent=spi1.0: JESD204[0] transition link_init -> device_init
[    8.682133] jesd204: /axi/spi@ff040000/ad9081@0,jesd204:0,parent=spi1.0: JESD204[2] transition link_init -> device_init
[    8.692916] jesd204: /axi/spi@ff040000/ad9081@0,jesd204:0,parent=spi1.0: JESD204[0] transition device_init -> idle
[    8.703260] jesd204: /axi/spi@ff040000/ad9081@0,jesd204:0,parent=spi1.0: JESD204[2] transition device_init -> idle
[    8.713606] jesd204: /axi/spi@ff040000/ad9081@0,jesd204:0,parent=spi1.0: FSM completed with error -22
[    8.732036] input: gpio-keys as /devices/platform/gpio-keys/input/input0
[    8.739048] of_cfs_init
[    8.741512] of_cfs_init: OK
[    8.744455] cfg80211: Loading compiled-in X.509 certificates for regulatory database
[    8.882702] cfg80211: Loaded X.509 cert 'sforshee: 00b28ddf47aef9cea7'
[    8.889232] clk: Not disabling unused clocks
[    8.893762] ALSA device list:
[    8.896723]   No soundcards found.
[    8.900380] platform regulatory.0: Direct firmware load for regulatory.db failed with error -2
[    8.908984] cfg80211: failed to load regulatory.db
[    8.924359] EXT4-fs (mmcblk0p2): mounted filesystem with ordered data mode. Opts: (null)
[    8.932479] VFS: Mounted root (ext4 filesystem) on device 179:2.
[    8.946285] devtmpfs: mounted
[    8.950101] Freeing unused kernel memory: 2560K
[    8.963785] Run /sbin/init as init process
[    8.967878]   with arguments:
[    8.967880]     /sbin/init
[    8.967883]   with environment:
[    8.967885]     HOME=/
[    8.967887]     TERM=linux
[    9.556660] systemd[1]: systemd 241 running in system mode. (+PAM +AUDIT +SELINUX +IMA +APPARMOR +SMACK +SYSVINIT +UTMP +LIBCRYPTSETUP +GCRYPT +GNUTLS +ACL +XZ +LZ4 +SECCOMP +BLKID +ELFUTILS +KMOD -IDN2 +IDN -PCRE2 default-hierarchy=hybrid)
[    9.578527] systemd[1]: Detected architecture arm64.
[    9.600478] systemd[1]: Set hostname to <analog>.
[    9.792028] systemd[1]: File /lib/systemd/system/systemd-journald.service:12 configures an IP firewall (IPAddressDeny=any), but the local system does not support BPF/cgroup based firewalling.
[    9.809077] systemd[1]: Proceeding WITHOUT firewalling in effect! (This warning is only shown for the first loaded unit using IP firewalling.)
[    9.975748] systemd[1]: /etc/systemd/system/tof-server.service:1: Assignment outside of section. Ignoring.
[    9.985449] systemd[1]: /etc/systemd/system/tof-server.service:2: Assignment outside of section. Ignoring.
[   10.175450] random: systemd: uninitialized urandom read (16 bytes read)
[   10.190181] random: systemd: uninitialized urandom read (16 bytes read)
[   10.197427] systemd[1]: Created slice system-getty.slice.
[   10.219833] random: systemd: uninitialized urandom read (16 bytes read)
[   10.226791] systemd[1]: Listening on udev Control Socket.
[   10.248032] systemd[1]: Created slice system-serial\x2dgetty.slice.
[   10.865854] ------------[ cut here ]------------
[   10.865863] Enabling unprepared \xa0\xe9Q\x88\xff\xff\xffpQ\x88\xff\xff\xff
[   10.865908] WARNING: CPU: 1 PID: 131 at drivers/clk/clk.c:1012 clk_core_enable+0xa4/0xc0
[   10.865911] Modules linked in:
[   10.865921] CPU: 1 PID: 131 Comm: kworker/1:1H Not tainted 5.10.0-98103-g2aa7ac113716 #5577
[   10.865924] Hardware name: ZynqMP ZCU102 Rev1.0 (DT)
[   10.865933] Workqueue: kblockd blk_mq_run_work_fn
[   10.865941] pstate: 80000085 (Nzcv daIf -PAN -UAO -TCO BTYPE=--)
[   10.865946] pc : clk_core_enable+0xa4/0xc0
[   10.865952] lr : clk_core_enable+0xa4/0xc0
[   10.865954] sp : ffffffc012b5b2d0
[   10.865957] x29: ffffffc012b5b2d0 x28: ffffff8800330c10 
[   10.865964] x27: ffffff8800330d48 x26: 0000005000000101 
[   10.865971] x25: 0000000281b61c86 x24: 0000000000000001 
[   10.865977] x23: ffffff88010e9380 x22: ffffff8801083220 
[   10.865984] x21: ffffff8801517000 x20: ffffff8801517008 
[   10.865991] x19: ffffff8801517008 x18: 0000000000000030 
[   10.865997] x17: 0000000000000002 x16: 0000b0da8686e0ac 
[   10.866004] x15: ffffffffffff9d00 x14: ffffffc011d3b1a0 
[   10.866010] x13: ffffffc011d3b1c8 x12: 0000000000000675 
[   10.866017] x11: 0000000000000227 x10: ffffffc011d671c8 
[   10.866023] x9 : 00000000fffff800 x8 : ffffffc011d3b1c8 
[   10.866029] x7 : ffffffc011d671c8 x6 : 0000000000000001 
[   10.866036] x5 : ffffff887f77c9e0 x4 : 0000000000000000 
[   10.866042] x3 : 0000000000000027 x2 : 0000000000000023 
[   10.866048] x1 : e34b3d220990ef00 x0 : 0000000000000000 
[   10.866055] Call trace:
[   10.866061]  clk_core_enable+0xa4/0xc0
[   10.866066]  clk_enable+0x2c/0x60
[   10.866073]  zynqmp_runtime_resume+0x24/0x84
[   10.866080]  pm_generic_runtime_resume+0x30/0x50
[   10.866085]  __genpd_runtime_resume+0x30/0xb0
[   10.866092]  genpd_runtime_resume+0x90/0x250
[   10.866098]  __rpm_callback+0x10c/0x1e0
[   10.866103]  rpm_callback+0x5c/0x84
[   10.866108]  rpm_resume+0x4a4/0x74c
[   10.866113]  __pm_runtime_resume+0x78/0xc4
[   10.866118]  spi_mem_access_start.isra.0+0x30/0x80
[   10.866122]  spi_mem_exec_op+0x3b0/0x424
[   10.866127]  spi_nor_read_sr+0x78/0xe0
[   10.866132]  spi_nor_wait_till_ready_with_timeout+0xb4/0x2f0
[   10.866137]  spi_nor_read+0x188/0x380
[   10.866142]  mtd_read_oob_std+0x78/0x84
[   10.866146]  mtd_read_oob+0x7c/0x134
[   10.866151]  mtd_read+0x48/0x7c
[   10.866156]  mtdblock_readsect+0x6c/0x150
[   10.866161]  mtd_queue_rq+0x2cc/0x5a0
[   10.866167]  blk_mq_dispatch_rq_list+0x110/0x790
[   10.866173]  __blk_mq_do_dispatch_sched+0x200/0x274
[   10.866178]  __blk_mq_sched_dispatch_requests+0x1a8/0x1fc
[   10.866184]  blk_mq_sched_dispatch_requests+0x3c/0x7c
[   10.866189]  __blk_mq_run_hw_queue+0x98/0x100
[   10.866193]  blk_mq_run_work_fn+0x24/0x30
[   10.866199]  process_one_work+0x1d4/0x380
[   10.866203]  worker_thread+0x78/0x4e0
[   10.866208]  kthread+0x124/0x130
[   10.866214]  ret_from_fork+0x10/0x3c
[   10.866217] ---[ end trace 845f8b90b3046412 ]---
[   10.866225] zynqmp-qspi ff0f0000.spi: Cannot enable APB clock.
[   10.866273] spi_master spi0: Failed to power device: -108
[   10.866283] blk_update_request: I/O error, dev mtdblock0, sector 8 op 0x0:(READ) flags 0x80700 phys_seg 1 prio class 0
[   10.866350] spi_master spi0: Failed to power device: -22
[   10.866357] blk_update_request: I/O error, dev mtdblock0, sector 8 op 0x0:(READ) flags 0x0 phys_seg 8 prio class 0
[   10.866362] Buffer I/O error on dev mtdblock0, logical block 8, async page read
[   10.866372] spi_master spi0: Failed to power device: -22
[   10.866377] blk_update_request: I/O error, dev mtdblock0, sector 9 op 0x0:(READ) flags 0x0 phys_seg 7 prio class 0
[   10.866381] Buffer I/O error on dev mtdblock0, logical block 9, async page read
[   10.866388] spi_master spi0: Failed to power device: -22
[   10.866394] blk_update_request: I/O error, dev mtdblock0, sector 10 op 0x0:(READ) flags 0x0 phys_seg 6 prio class 0
[   10.866398] Buffer I/O error on dev mtdblock0, logical block 10, async page read
[   10.866404] spi_master spi0: Failed to power device: -22
[   10.866410] blk_update_request: I/O error, dev mtdblock0, sector 11 op 0x0:(READ) flags 0x0 phys_seg 5 prio class 0
[   10.866414] Buffer I/O error on dev mtdblock0, logical block 11, async page read
[   10.866421] spi_master spi0: Failed to power device: -22
[   10.866426] blk_update_request: I/O error, dev mtdblock0, sector 12 op 0x0:(READ) flags 0x0 phys_seg 4 prio class 0
[   10.866430] Buffer I/O error on dev mtdblock0, logical block 12, async page read
[   10.866437] spi_master spi0: Failed to power device: -22
[   10.866442] blk_update_request: I/O error, dev mtdblock0, sector 13 op 0x0:(READ) flags 0x0 phys_seg 3 prio class 0
[   10.866446] Buffer I/O error on dev mtdblock0, logical block 13, async page read
[   10.866453] spi_master spi0: Failed to power device: -22
[   10.866458] blk_update_request: I/O error, dev mtdblock0, sector 14 op 0x0:(READ) flags 0x0 phys_seg 2 prio class 0
[   10.866462] Buffer I/O error on dev mtdblock0, logical block 14, async page read
[   10.866468] spi_master spi0: Failed to power device: -22
[   10.866474] blk_update_request: I/O error, dev mtdblock0, sector 15 op 0x0:(READ) flags 0x0 phys_seg 1 prio class 0
[   10.866478] Buffer I/O error on dev mtdblock0, logical block 15, async page read
[   10.866771] spi_master spi0: Failed to power device: -22
[   10.866779] blk_update_request: I/O error, dev mtdblock1, sector 10112 op 0x0:(READ) flags 0x80700 phys_seg 1 prio class 0
[   10.866822] spi_master spi0: Failed to power device: -22
[   10.866828] Buffer I/O error on dev mtdblock1, logical block 10112, async page read
[   10.866835] spi_master spi0: Failed to power device: -22
[   10.866840] Buffer I/O error on dev mtdblock1, logical block 10113, async page read
[   10.866847] spi_master spi0: Failed to power device: -22
[   10.866855] spi_master spi0: Failed to power device: -22
[   10.866862] spi_master spi0: Failed to power device: -22
[   10.866869] spi_master spi0: Failed to power device: -22
[   10.866876] spi_master spi0: Failed to power device: -22
[   10.866884] spi_master spi0: Failed to power device: -22
[   10.867110] spi_master spi0: Failed to power device: -22
[   10.867154] spi_master spi0: Failed to power device: -22
[   10.867164] spi_master spi0: Failed to power device: -22
[   10.867171] spi_master spi0: Failed to power device: -22
[   10.867179] spi_master spi0: Failed to power device: -22
[   10.867186] spi_master spi0: Failed to power device: -22
[   10.867193] spi_master spi0: Failed to power device: -22
[   10.867200] spi_master spi0: Failed to power device: -22
[   10.867207] spi_master spi0: Failed to power device: -22
[   10.867469] spi_master spi0: Failed to power device: -22
[   10.867512] spi_master spi0: Failed to power device: -22
[   10.867521] spi_master spi0: Failed to power device: -22
[   10.867529] spi_master spi0: Failed to power device: -22
[   10.867537] spi_master spi0: Failed to power device: -22
[   10.867544] spi_master spi0: Failed to power device: -22
[   10.867551] spi_master spi0: Failed to power device: -22
[   10.867558] spi_master spi0: Failed to power device: -22
[   10.867566] spi_master spi0: Failed to power device: -22
[   10.995437] EXT4-fs (mmcblk0p2): re-mounted. Opts: (null)
[   11.092003] systemd-journald[167]: Received request to flush runtime journal from PID 1
[   17.052558] macb ff0e0000.ethernet eth0: PHY [ff0e0000.ethernet-ffffffff:0c] driver [TI DP83867] (irq=POLL)
[   17.052571] macb ff0e0000.ethernet eth0: configuring for phy/rgmii-id link mode
[   17.363801] Adding 91132k swap on /var/swap.  Priority:-2 extents:2 across:649196k SS
[   19.087759] random: crng init done
[   19.087770] random: 7 urandom warning(s) missed due to ratelimiting
[   19.984384] broken atomic modeset userspace detected, disabling atomic
[   20.129353] macb ff0e0000.ethernet eth0: Link is Up - 1Gbps/Full - flow control off
[   20.129377] IPv6: ADDRCONF(NETDEV_CHANGE): eth0: link becomes ready
[   22.666424] broken atomic modeset userspace detected, disabling atomic
[   25.766295] broken atomic modeset userspace detected, disabling atomic