[    0.000000] Booting Linux on physical CPU 0x0000000000 [0x410fd034]
[    0.000000] Linux version 5.10.0-98103-g2aa7ac113716 (jenkins@romlxbuild1.adlk.analog.com) (aarch64-xilinx-linux-gcc.real (GCC) 10.2.0, GNU ld (GNU Binutils) 2.35.0.20200730) #5577 SMP Wed Mar 23 07:28:49 GMT 2022
[    0.000000] Machine model: ZynqMP ZCU102 Rev1.0
[    0.000000] earlycon: cdns0 at MMIO 0x00000000ff000000 (options '115200n8')
[    0.000000] printk: bootconsole [cdns0] enabled
[    0.000000] efi: UEFI not found.
[    0.000000] cma: Reserved 256 MiB at 0x0000000070000000
[    0.000000] Zone ranges:
[    0.000000]   DMA      [mem 0x0000000000000000-0x000000003fffffff]
[    0.000000]   DMA32    [mem 0x0000000040000000-0x00000000ffffffff]
[    0.000000]   Normal   [mem 0x0000000100000000-0x000000087fffffff]
[    0.000000] Movable zone start for each node
[    0.000000] Early memory node ranges
[    0.000000]   node   0: [mem 0x0000000000000000-0x000000007fffffff]
[    0.000000]   node   0: [mem 0x0000000800000000-0x000000087fffffff]
[    0.000000] Initmem setup node 0 [mem 0x0000000000000000-0x000000087fffffff]
[    0.000000] On node 0 totalpages: 1048576
[    0.000000]   DMA zone: 3584 pages used for memmap
[    0.000000]   DMA zone: 0 pages reserved
[    0.000000]   DMA zone: 262144 pages, LIFO batch:63
[    0.000000]   DMA32 zone: 3584 pages used for memmap
[    0.000000]   DMA32 zone: 262144 pages, LIFO batch:63
[    0.000000]   Normal zone: 7168 pages used for memmap
[    0.000000]   Normal zone: 524288 pages, LIFO batch:63
[    0.000000] psci: probing for conduit method from DT.
[    0.000000] psci: PSCIv1.1 detected in firmware.
[    0.000000] psci: Using standard PSCI v0.2 function IDs
[    0.000000] psci: MIGRATE_INFO_TYPE not supported.
[    0.000000] psci: SMC Calling Convention v1.2
[    0.000000] percpu: Embedded 22 pages/cpu s49496 r8192 d32424 u90112
[    0.000000] pcpu-alloc: s49496 r8192 d32424 u90112 alloc=22*4096
[    0.000000] pcpu-alloc: [0] 0 [0] 1 [0] 2 [0] 3 
[    0.000000] Detected VIPT I-cache on CPU0
[    0.000000] CPU features: detected: ARM erratum 845719
[    0.000000] Built 1 zonelists, mobility grouping on.  Total pages: 1034240
[    0.000000] Kernel command line: console=ttyPS0,115200 root=/dev/mmcblk0p2 rw earlycon rootfstype=ext4 rootwait clk_ignore_unused cpuidle.off=1 root=/dev/mmcblk0p2 rw rootwait
[    0.000000] Dentry cache hash table entries: 524288 (order: 10, 4194304 bytes, linear)
[    0.000000] Inode-cache hash table entries: 262144 (order: 9, 2097152 bytes, linear)
[    0.000000] mem auto-init: stack:off, heap alloc:off, heap free:off
[    0.000000] software IO TLB: mapped [mem 0x000000003bfff000-0x000000003ffff000] (64MB)
[    0.000000] Memory: 3761904K/4194304K available (15296K kernel code, 1636K rwdata, 11876K rodata, 2560K init, 507K bss, 170256K reserved, 262144K cma-reserved)
[    0.000000] rcu: Hierarchical RCU implementation.
[    0.000000] rcu: 	RCU event tracing is enabled.
[    0.000000] rcu: 	RCU restricting CPUs from NR_CPUS=8 to nr_cpu_ids=4.
[    0.000000] rcu: RCU calculated value of scheduler-enlistment delay is 25 jiffies.
[    0.000000] rcu: Adjusting geometry for rcu_fanout_leaf=16, nr_cpu_ids=4
[    0.000000] NR_IRQS: 64, nr_irqs: 64, preallocated irqs: 0
[    0.000000] GIC: Adjusting CPU interface base to 0x00000000f902f000
[    0.000000] GIC: Using split EOI/Deactivate mode
[    0.000000] random: get_random_bytes called from start_kernel+0x31c/0x54c with crng_init=0
[    0.000000] arch_timer: cp15 timer(s) running at 100.00MHz (phys).
[    0.000000] clocksource: arch_sys_counter: mask: 0xffffffffffffff max_cycles: 0x171024e7e0, max_idle_ns: 440795205315 ns
[    0.000003] sched_clock: 56 bits at 100MHz, resolution 10ns, wraps every 4398046511100ns
[    0.008461] Console: colour dummy device 80x25
[    0.012483] Calibrating delay loop (skipped), value calculated using timer frequency.. 200.00 BogoMIPS (lpj=400000)
[    0.022840] pid_max: default: 32768 minimum: 301
[    0.027548] Mount-cache hash table entries: 8192 (order: 4, 65536 bytes, linear)
[    0.034788] Mountpoint-cache hash table entries: 8192 (order: 4, 65536 bytes, linear)
[    0.043395] rcu: Hierarchical SRCU implementation.
[    0.047560] EFI services will not be available.
[    0.051939] smp: Bringing up secondary CPUs ...
[    0.056658] Detected VIPT I-cache on CPU1
[    0.056697] CPU1: Booted secondary processor 0x0000000001 [0x410fd034]
[    0.057063] Detected VIPT I-cache on CPU2
[    0.057088] CPU2: Booted secondary processor 0x0000000002 [0x410fd034]
[    0.057428] Detected VIPT I-cache on CPU3
[    0.057451] CPU3: Booted secondary processor 0x0000000003 [0x410fd034]
[    0.057497] smp: Brought up 1 node, 4 CPUs
[    0.091779] SMP: Total of 4 processors activated.
[    0.096452] CPU features: detected: 32-bit EL0 Support
[    0.101555] CPU features: detected: CRC32 instructions
[    0.106695] CPU: All CPU(s) started at EL2
[    0.110736] alternatives: patching kernel code
[    0.116170] devtmpfs: initialized
[    0.124070] Registered cp15_barrier emulation handler
[    0.124121] Registered setend emulation handler
[    0.128099] clocksource: jiffies: mask: 0xffffffff max_cycles: 0xffffffff, max_idle_ns: 7645041785100000 ns
[    0.137678] futex hash table entries: 1024 (order: 4, 65536 bytes, linear)
[    0.151040] pinctrl core: initialized pinctrl subsystem
[    0.151690] NET: Registered protocol family 16
[    0.156107] DMA: preallocated 512 KiB GFP_KERNEL pool for atomic allocations
[    0.162124] DMA: preallocated 512 KiB GFP_KERNEL|GFP_DMA pool for atomic allocations
[    0.169850] DMA: preallocated 512 KiB GFP_KERNEL|GFP_DMA32 pool for atomic allocations
[    0.177654] audit: initializing netlink subsys (disabled)
[    0.183107] audit: type=2000 audit(0.116:1): state=initialized audit_enabled=0 res=1
[    0.183452] hw-breakpoint: found 6 breakpoint and 4 watchpoint registers.
[    0.197480] ASID allocator initialised with 65536 entries
[    0.224367] HugeTLB registered 1.00 GiB page size, pre-allocated 0 pages
[    0.225420] HugeTLB registered 32.0 MiB page size, pre-allocated 0 pages
[    0.232091] HugeTLB registered 2.00 MiB page size, pre-allocated 0 pages
[    0.238754] HugeTLB registered 64.0 KiB page size, pre-allocated 0 pages
[    1.304316] DRBG: Continuing without Jitter RNG
[    1.382145] raid6: neonx8   gen()  2144 MB/s
[    1.450198] raid6: neonx8   xor()  1600 MB/s
[    1.518257] raid6: neonx4   gen()  2196 MB/s
[    1.586304] raid6: neonx4   xor()  1567 MB/s
[    1.654375] raid6: neonx2   gen()  2076 MB/s
[    1.722419] raid6: neonx2   xor()  1434 MB/s
[    1.790488] raid6: neonx1   gen()  1772 MB/s
[    1.858530] raid6: neonx1   xor()  1220 MB/s
[    1.926587] raid6: int64x8  gen()  1438 MB/s
[    1.994643] raid6: int64x8  xor()   771 MB/s
[    2.062720] raid6: int64x4  gen()  1599 MB/s
[    2.130759] raid6: int64x4  xor()   818 MB/s
[    2.198829] raid6: int64x2  gen()  1397 MB/s
[    2.266879] raid6: int64x2  xor()   750 MB/s
[    2.334961] raid6: int64x1  gen()  1034 MB/s
[    2.403017] raid6: int64x1  xor()   517 MB/s
[    2.403055] raid6: using algorithm neonx4 gen() 2196 MB/s
[    2.407013] raid6: .... xor() 1567 MB/s, rmw enabled
[    2.411943] raid6: using neon recovery algorithm
[    2.416955] iommu: Default domain type: Translated 
[    2.421567] SCSI subsystem initialized
[    2.425112] libata version 3.00 loaded.
[    2.425236] usbcore: registered new interface driver usbfs
[    2.430569] usbcore: registered new interface driver hub
[    2.435842] usbcore: registered new device driver usb
[    2.440975] mc: Linux media interface: v0.10
[    2.445092] videodev: Linux video capture interface: v2.00
[    2.450583] EDAC MC: Ver: 3.0.0
[    2.454024] zynqmp-ipi-mbox mailbox@ff990400: Registered ZynqMP IPI mbox with TX/RX channels.
[    2.462530] jesd204: created con: id=0, topo=0, link=0, /axi/spi@ff050000/hmc7044@0 <-> /fpga-axi@0/axi-adxcvr-tx@84b60000
[    2.473112] jesd204: created con: id=1, topo=0, link=2, /axi/spi@ff050000/hmc7044@0 <-> /fpga-axi@0/axi-adxcvr-rx@84a60000
[    2.484096] jesd204: created con: id=2, topo=0, link=0, /fpga-axi@0/axi-adxcvr-tx@84b60000 <-> /fpga-axi@0/axi-jesd204-tx@84b90000
[    2.495771] jesd204: created con: id=3, topo=0, link=2, /fpga-axi@0/axi-adxcvr-rx@84a60000 <-> /fpga-axi@0/axi-jesd204-rx@84a90000
[    2.507448] jesd204: created con: id=4, topo=0, link=0, /fpga-axi@0/axi-jesd204-tx@84b90000 <-> /fpga-axi@0/axi-ad9081-tx-hpc@84b10000
[    2.519476] jesd204: created con: id=5, topo=0, link=2, /fpga-axi@0/axi-jesd204-rx@84a90000 <-> /fpga-axi@0/axi-ad9081-rx-hpc@84a10000
[    2.531499] jesd204: created con: id=6, topo=0, link=2, /fpga-axi@0/axi-ad9081-rx-hpc@84a10000 <-> /axi/spi@ff040000/ad9081@0
[    2.542740] jesd204: created con: id=7, topo=0, link=0, /fpga-axi@0/axi-ad9081-tx-hpc@84b10000 <-> /axi/spi@ff040000/ad9081@0
[    2.553990] jesd204: /axi/spi@ff040000/ad9081@0: JESD204[2] transition uninitialized -> initialized
[    2.562977] jesd204: /axi/spi@ff040000/ad9081@0: JESD204[0] transition uninitialized -> initialized
[    2.571968] jesd204: found 8 devices and 1 topologies
[    2.577012] FPGA manager framework
[    2.580490] Advanced Linux Sound Architecture Driver Initialized.
[    2.586785] Bluetooth: Core ver 2.22
[    2.589971] NET: Registered protocol family 31
[    2.594373] Bluetooth: HCI device and connection manager initialized
[    2.600689] Bluetooth: HCI socket layer initialized
[    2.605532] Bluetooth: L2CAP socket layer initialized
[    2.610555] Bluetooth: SCO socket layer initialized
[    2.615733] clocksource: Switched to clocksource arch_sys_counter
[    2.621548] VFS: Disk quotas dquot_6.6.0
[    2.625383] VFS: Dquot-cache hash table entries: 512 (order 0, 4096 bytes)
[    2.636101] NET: Registered protocol family 2
[    2.636828] tcp_listen_portaddr_hash hash table entries: 2048 (order: 3, 32768 bytes, linear)
[    2.645022] TCP established hash table entries: 32768 (order: 6, 262144 bytes, linear)
[    2.653047] TCP bind hash table entries: 32768 (order: 7, 524288 bytes, linear)
[    2.660492] TCP: Hash tables configured (established 32768 bind 32768)
[    2.666668] UDP hash table entries: 2048 (order: 4, 65536 bytes, linear)
[    2.673333] UDP-Lite hash table entries: 2048 (order: 4, 65536 bytes, linear)
[    2.680494] NET: Registered protocol family 1
[    2.684949] RPC: Registered named UNIX socket transport module.
[    2.690570] RPC: Registered udp transport module.
[    2.695234] RPC: Registered tcp transport module.
[    2.699904] RPC: Registered tcp NFSv4.1 backchannel transport module.
[    2.706897] PCI: CLS 0 bytes, default 64
[    2.710603] hw perfevents: no interrupt-affinity property for /pmu, guessing.
[    2.717455] hw perfevents: enabled with armv8_pmuv3 PMU driver, 7 counters available
[    2.725811] Initialise system trusted keyrings
[    2.729486] workingset: timestamp_bits=62 max_order=20 bucket_order=0
[    2.736384] NFS: Registering the id_resolver key type
[    2.740837] Key type id_resolver registered
[    2.744972] Key type id_legacy registered
[    2.748962] nfs4filelayout_init: NFSv4 File Layout Driver Registering...
[    2.755627] jffs2: version 2.2. (NAND) (SUMMARY)  Â© 2001-2006 Red Hat, Inc.
[    2.799844] NET: Registered protocol family 38
[    2.799886] xor: measuring software checksum speed
[    2.807574]    8regs           :  2363 MB/sec
[    2.811248]    32regs          :  2799 MB/sec
[    2.816193]    arm64_neon      :  2380 MB/sec
[    2.816378] xor: using function: 32regs (2799 MB/sec)
[    2.821405] Key type asymmetric registered
[    2.825467] Asymmetric key parser 'x509' registered
[    2.830326] Block layer SCSI generic (bsg) driver version 0.4 loaded (major 248)
[    2.837663] io scheduler mq-deadline registered
[    2.842161] io scheduler kyber registered
[    2.871564] Serial: 8250/16550 driver, 4 ports, IRQ sharing disabled
[    2.876212] cacheinfo: Unable to detect cache hierarchy for CPU 0
[    2.882535] brd: module loaded
[    2.886670] loop: module loaded
[    2.887219] Registered mathworks_ip class
[    2.890587] libphy: Fixed MDIO Bus: probed
[    2.893553] tun: Universal TUN/TAP device driver, 1.6
[    2.897617] CAN device driver interface
[    2.902150] usbcore: registered new interface driver asix
[    2.906750] usbcore: registered new interface driver ax88179_178a
[    2.912782] usbcore: registered new interface driver cdc_ether
[    2.918575] usbcore: registered new interface driver net1080
[    2.924200] usbcore: registered new interface driver cdc_subset
[    2.930081] usbcore: registered new interface driver zaurus
[    2.935624] usbcore: registered new interface driver cdc_ncm
[    2.942024] ehci_hcd: USB 2.0 'Enhanced' Host Controller (EHCI) Driver
[    2.947710] ehci-pci: EHCI PCI platform driver
[    2.952508] usbcore: registered new interface driver uas
[    2.957429] usbcore: registered new interface driver usb-storage
[    2.963416] usbcore: registered new interface driver usbserial_generic
[    2.969865] usbserial: USB Serial support registered for generic
[    2.975838] usbcore: registered new interface driver ftdi_sio
[    2.981541] usbserial: USB Serial support registered for FTDI USB Serial Device
[    2.988817] usbcore: registered new interface driver upd78f0730
[    2.994689] usbserial: USB Serial support registered for upd78f0730
[    3.002339] rtc_zynqmp ffa60000.rtc: registered as rtc0
[    3.006114] rtc_zynqmp ffa60000.rtc: setting system clock to 2022-03-26T02:40:40 UTC (1648262440)
[    3.014977] i2c /dev entries driver
[    3.020296] usbcore: registered new interface driver uvcvideo
[    3.024089] USB Video Class driver (1.1.1)
[    3.029663] Bluetooth: HCI UART driver ver 2.3
[    3.032571] Bluetooth: HCI UART protocol H4 registered
[    3.037670] Bluetooth: HCI UART protocol BCSP registered
[    3.042957] Bluetooth: HCI UART protocol LL registered
[    3.048048] Bluetooth: HCI UART protocol ATH3K registered
[    3.053423] Bluetooth: HCI UART protocol Three-wire (H5) registered
[    3.059676] Bluetooth: HCI UART protocol Intel registered
[    3.065014] Bluetooth: HCI UART protocol QCA registered
[    3.070218] usbcore: registered new interface driver bcm203x
[    3.075837] usbcore: registered new interface driver bpa10x
[    3.081371] usbcore: registered new interface driver bfusb
[    3.086824] usbcore: registered new interface driver btusb
[    3.092286] usbcore: registered new interface driver ath3k
[    3.097768] EDAC MC: ECC not enabled
[    3.101397] EDAC DEVICE0: Giving out device to module zynqmp-ocm-edac controller zynqmp_ocm: DEV ff960000.memory-controller (INTERRUPT)
[    3.113707] sdhci: Secure Digital Host Controller Interface driver
[    3.119498] sdhci: Copyright(c) Pierre Ossman
[    3.123822] sdhci-pltfm: SDHCI platform and OF driver helper
[    3.129871] ledtrig-cpu: registered to indicate activity on CPUs
[    3.135427] SMCCC: SOC_ID: ARCH_SOC_ID not implemented, skipping ....
[    3.141859] zynqmp_firmware_probe Platform Management API v1.1
[    3.147613] zynqmp_firmware_probe Trustzone version v1.0
[    3.187159] zynqmp-pinctrl firmware:zynqmp-firmware:pinctrl: zynqmp pinctrl initialized
[    3.235138] zynqmp-aes firmware:zynqmp-firmware:zynqmp-aes: will run requests pump with realtime priority
[    3.250971] alg: No test for xilinx-keccak-384 (zynqmp-keccak-384)
[    3.251676] alg: No test for xilinx-zynqmp-rsa (zynqmp-rsa)
[    3.257185] usbcore: registered new interface driver usbhid
[    3.262579] usbhid: USB HID core driver
[    3.273826] axi_sysid 85000000.axi-sysid-0: AXI System ID core version (1.01.a) found
[    3.276188] axi_sysid 85000000.axi-sysid-0: [ad9081_fmca_ebz] on [zcu102] git branch <master> git <084d44c9780640ca93fd847b1d9ec70dd65f5c67> clean [2022-03-18 04:17:50] UTC
[    3.291874] fpga_manager fpga0: Xilinx ZynqMP FPGA Manager registered
[    3.298221] usbcore: registered new interface driver snd-usb-audio
[    3.305661] pktgen: Packet Generator for packet performance testing. Version: 2.75
[    3.311867] Initializing XFRM netlink socket
[    3.315694] NET: Registered protocol family 10
[    3.320425] Segment Routing with IPv6
[    3.323803] sit: IPv6, IPv4 and MPLS over IPv4 tunneling driver
[    3.329878] NET: Registered protocol family 17
[    3.333978] NET: Registered protocol family 15
[    3.338482] can: controller area network core
[    3.342725] NET: Registered protocol family 29
[    3.347118] can: raw protocol
[    3.350057] can: broadcast manager protocol
[    3.354209] can: netlink gateway - max_hops=1
[    3.358603] Bluetooth: RFCOMM TTY layer initialized
[    3.363383] Bluetooth: RFCOMM socket layer initialized
[    3.368490] Bluetooth: RFCOMM ver 1.11
[    3.372204] Bluetooth: BNEP (Ethernet Emulation) ver 1.3
[    3.377473] Bluetooth: BNEP filters: protocol multicast
[    3.382667] Bluetooth: BNEP socket layer initialized
[    3.387595] Bluetooth: HIDP (Human Interface Emulation) ver 1.2
[    3.393478] Bluetooth: HIDP socket layer initialized
[    3.398535] 9pnet: Installing 9P2000 support
[    3.402656] NET: Registered protocol family 36
[    3.407072] Key type dns_resolver registered
[    3.411502] registered taskstats version 1
[    3.415368] Loading compiled-in X.509 certificates
[    3.420481] Btrfs loaded, crc32c=crc32c-generic
[    3.432875] ff000000.serial: ttyPS0 at MMIO 0xff000000 (irq = 49, base_baud = 6249999) is a xuartps
[    3.441894] printk: console [ttyPS0] enabled
[    3.446190] printk: bootconsole [cdns0] disabled
[    3.455825] ff010000.serial: ttyPS1 at MMIO 0xff010000 (irq = 50, base_baud = 6249999) is a xuartps
[    3.469065] of-fpga-region fpga-full: FPGA Region probed
[    3.476022] nwl-pcie fd0e0000.pcie: host bridge /axi/pcie@fd0e0000 ranges:
[    3.482916] nwl-pcie fd0e0000.pcie:      MEM 0x00e0000000..0x00efffffff -> 0x00e0000000
[    3.490920] nwl-pcie fd0e0000.pcie:      MEM 0x0600000000..0x07ffffffff -> 0x0600000000
[    3.498982] nwl-pcie fd0e0000.pcie: Link is DOWN
[    3.503745] nwl-pcie fd0e0000.pcie: PCI host bridge to bus 0000:00
[    3.509925] pci_bus 0000:00: root bus resource [bus 00-ff]
[    3.515407] pci_bus 0000:00: root bus resource [mem 0xe0000000-0xefffffff]
[    3.522273] pci_bus 0000:00: root bus resource [mem 0x600000000-0x7ffffffff pref]
[    3.529776] pci 0000:00:00.0: [10ee:d021] type 01 class 0x060400
[    3.535839] pci 0000:00:00.0: PME# supported from D0 D1 D2 D3hot
[    3.546282] pci 0000:00:00.0: PCI bridge to [bus 01-0c]
[    3.552264] xilinx-zynqmp-dma fd500000.dma: ZynqMP DMA driver Probe success
[    3.559435] xilinx-zynqmp-dma fd510000.dma: ZynqMP DMA driver Probe success
[    3.566618] xilinx-zynqmp-dma fd520000.dma: ZynqMP DMA driver Probe success
[    3.573788] xilinx-zynqmp-dma fd530000.dma: ZynqMP DMA driver Probe success
[    3.580954] xilinx-zynqmp-dma fd540000.dma: ZynqMP DMA driver Probe success
[    3.588123] xilinx-zynqmp-dma fd550000.dma: ZynqMP DMA driver Probe success
[    3.595295] xilinx-zynqmp-dma fd560000.dma: ZynqMP DMA driver Probe success
[    3.602463] xilinx-zynqmp-dma fd570000.dma: ZynqMP DMA driver Probe success
[    3.609864] xilinx-zynqmp-dpdma fd4c0000.dma-controller: Xilinx DPDMA engine is probed
[    3.618409] ahci-ceva fd0c0000.ahci: supply ahci not found, using dummy regulator
[    3.625950] ahci-ceva fd0c0000.ahci: supply phy not found, using dummy regulator
[    3.715907] hmc7044 spi2.0: PLL1: Acquisition, CLKIN0 @ 122880000 Hz, PFD: 80 kHz - PLL2: Locked @ 2768.000000 MHz
[    3.726626] jesd204: /axi/spi@ff050000/hmc7044@0,jesd204:1,parent=spi2.0: Using as SYSREF provider
[    3.736209] spi-nor spi0.0: SPI-NOR-UniqueID 100000235394732200270025081115266e
[    3.743514] spi-nor spi0.0: found n25q512a, expected m25p80
[    3.749709] spi-nor spi0.0: trying to lock already unlocked area
[    3.755715] spi-nor spi0.0: n25q512a (131072 Kbytes)
[    3.760694] 4 fixed-partitions partitions found on MTD device spi0.0
[    3.767039] Creating 4 MTD partitions on "spi0.0":
[    3.771825] 0x000000000000-0x000000100000 : "qspi-fsbl-uboot"
[    3.778315] 0x000000100000-0x000000600000 : "qspi-linux"
[    3.784271] 0x000000600000-0x000000620000 : "qspi-device-tree"
[    3.790743] 0x000000620000-0x000000c00000 : "qspi-rootfs"
[    3.799205] macb ff0e0000.ethernet: Not enabling partial store and forward
[    3.806733] libphy: MACB_mii_bus: probed
[    3.811809] macb ff0e0000.ethernet eth0: Cadence GEM rev 0x50070106 at 0xff0e0000 irq 30 (00:0a:35:04:8e:1b)
[    3.822018] xilinx-axipmon ffa00000.perf-monitor: Probed Xilinx APM
[    3.828593] xilinx-axipmon fd0b0000.perf-monitor: Probed Xilinx APM
[    3.835115] xilinx-axipmon fd490000.perf-monitor: Probed Xilinx APM
[    3.841657] xilinx-axipmon ffa10000.perf-monitor: Probed Xilinx APM
[    3.851655] pca953x 0-0020: supply vcc not found, using dummy regulator
[    3.858343] pca953x 0-0020: using no AI
[    3.862831] gpio-496 (sel0): hogged as output/low
[    3.867746] gpio-497 (sel1): hogged as output/high
[    3.872730] gpio-498 (sel2): hogged as output/high
[    3.877712] gpio-499 (sel3): hogged as output/high
[    3.882886] pca953x 0-0021: supply vcc not found, using dummy regulator
[    3.889559] pca953x 0-0021: using no AI
[    3.895322] ina2xx 2-0040: power monitor ina226 (Rshunt = 5000 uOhm)
[    3.902350] ina2xx 2-0041: power monitor ina226 (Rshunt = 5000 uOhm)
[    3.909383] ina2xx 2-0042: power monitor ina226 (Rshunt = 5000 uOhm)
[    3.916415] ina2xx 2-0043: power monitor ina226 (Rshunt = 5000 uOhm)
[    3.923436] ina2xx 2-0044: power monitor ina226 (Rshunt = 5000 uOhm)
[    3.930455] ina2xx 2-0045: power monitor ina226 (Rshunt = 5000 uOhm)
[    3.937487] ina2xx 2-0046: power monitor ina226 (Rshunt = 5000 uOhm)
[    3.944564] ina2xx 2-0047: power monitor ina226 (Rshunt = 5000 uOhm)
[    3.951589] ina2xx 2-004a: power monitor ina226 (Rshunt = 5000 uOhm)
[    3.958631] ina2xx 2-004b: power monitor ina226 (Rshunt = 5000 uOhm)
[    3.965041] i2c i2c-0: Added multiplexed i2c bus 2
[    3.970426] random: fast init done
[    3.973898] ina2xx 3-0040: power monitor ina226 (Rshunt = 2000 uOhm)
[    3.980925] ina2xx 3-0041: power monitor ina226 (Rshunt = 5000 uOhm)
[    3.987952] ina2xx 3-0042: power monitor ina226 (Rshunt = 5000 uOhm)
[    3.994981] ina2xx 3-0043: power monitor ina226 (Rshunt = 5000 uOhm)
[    4.002007] ina2xx 3-0044: power monitor ina226 (Rshunt = 5000 uOhm)
[    4.009033] ina2xx 3-0045: power monitor ina226 (Rshunt = 5000 uOhm)
[    4.016069] ina2xx 3-0046: power monitor ina226 (Rshunt = 5000 uOhm)
[    4.023097] ina2xx 3-0047: power monitor ina226 (Rshunt = 5000 uOhm)
[    4.029499] i2c i2c-0: Added multiplexed i2c bus 3
[    4.085164] i2c i2c-0: Added multiplexed i2c bus 4
[    4.090100] i2c i2c-0: Added multiplexed i2c bus 5
[    4.094889] pca954x 0-0075: registered 4 multiplexed busses for I2C mux pca9544
[    4.102239] cdns-i2c ff020000.i2c: 400 kHz mmio ff020000 irq 32
[    4.109971] at24 6-0054: supply vcc not found, using dummy regulator
[    4.116869] at24 6-0054: 1024 byte 24c08 EEPROM, writable, 1 bytes/write
[    4.123615] i2c i2c-1: Added multiplexed i2c bus 6
[    4.130043] si5341 7-0036: Chip: 5341 Grade: 1 Rev: 1
[    4.167741] i2c i2c-1: Added multiplexed i2c bus 7
[    4.175390] si570 8-005d: registered, current frequency 300000000 Hz
[    4.181790] i2c i2c-1: Added multiplexed i2c bus 8
[    4.201569] si570 9-005d: registered, current frequency 148500000 Hz
[    4.207970] i2c i2c-1: Added multiplexed i2c bus 9
[    4.213009] si5324 10-0069: si5328 probed
[    4.280090] si5324 10-0069: si5328 probe successful
[    4.285016] i2c i2c-1: Added multiplexed i2c bus 10
[    4.290043] i2c i2c-1: Added multiplexed i2c bus 11
[    4.295069] i2c i2c-1: Added multiplexed i2c bus 12
[    4.300089] i2c i2c-1: Added multiplexed i2c bus 13
[    4.304962] pca954x 1-0074: registered 8 multiplexed busses for I2C switch pca9548
[    4.313069] at24 14-0050: supply vcc not found, using dummy regulator
[    4.319860] at24 14-0050: 256 byte 24c02 EEPROM, writable, 1 bytes/write
[    4.326607] i2c i2c-1: Added multiplexed i2c bus 14
[    4.331646] i2c i2c-1: Added multiplexed i2c bus 15
[    4.336678] i2c i2c-1: Added multiplexed i2c bus 16
[    4.341716] i2c i2c-1: Added multiplexed i2c bus 17
[    4.346746] i2c i2c-1: Added multiplexed i2c bus 18
[    4.351792] i2c i2c-1: Added multiplexed i2c bus 19
[    4.356830] i2c i2c-1: Added multiplexed i2c bus 20
[    4.361863] i2c i2c-1: Added multiplexed i2c bus 21
[    4.366737] pca954x 1-0075: registered 8 multiplexed busses for I2C switch pca9548
[    4.374346] cdns-i2c ff030000.i2c: 400 kHz mmio ff030000 irq 33
[    4.384091] cdns-wdt fd4d0000.watchdog: Xilinx Watchdog Timer with timeout 60s
[    4.395036] axi_adxcvr 84a60000.axi-adxcvr-rx: AXI-ADXCVR-RX (17.05.a) using CPLL on GTH4 at 0x84A60000. Number of lanes: 4.
[    4.407205] axi_adxcvr 84b60000.axi-adxcvr-tx: AXI-ADXCVR-TX (17.05.a) using QPLL on GTH4 at 0x84B60000. Number of lanes: 4.
[    4.418828] axi-jesd204-rx 84a90000.axi-jesd204-rx: AXI-JESD204-RX (1.07.a) at 0x84A90000. Encoder 8b10b, width 4/4, lanes 4, jesd204-fsm.
[    4.426124] mmc0: SDHCI controller on ff170000.mmc [ff170000.mmc] using ADMA 64-bit
[    4.431673] axi-jesd204-tx 84b90000.axi-jesd204-tx: AXI-JESD204-TX (1.06.a) at 0x84B90000. Encoder 8b10b, width 4/4, lanes 4, jesd204-fsm.
[    4.452392] zynqmp-display fd4a0000.display: vtc bridge property not present
[    4.462044] xilinx-dp-snd-codec fd4a0000.display:zynqmp_dp_snd_codec0: Failed to get required clock freq
[    4.471550] xilinx-dp-snd-codec: probe of fd4a0000.display:zynqmp_dp_snd_codec0 failed with error -22
[    4.473520] mmc0: new high speed SDHC card at address 0001
[    4.481088] xilinx-dp-snd-pcm zynqmp_dp_snd_pcm0: Xilinx DisplayPort Sound PCM probed
[    4.486605] mmcblk0: mmc0:0001 EB1QT 29.8 GiB 
[    4.494406] xilinx-dp-snd-pcm zynqmp_dp_snd_pcm1: Xilinx DisplayPort Sound PCM probed
[    4.499778]  mmcblk0: p1 p2 p3
[    4.506709] OF: graph: no port node found in /axi/display@fd4a0000
[    4.515789] xlnx-drm xlnx-drm.0: bound fd4a0000.display (ops 0xffffffc010fcbdb8)
[    5.599754] zynqmp-display fd4a0000.display: [drm] Cannot find any crtc or sizes
[    5.607362] [drm] Initialized xlnx 1.0.0 20130509 for fd4a0000.display on minor 0
[    5.614854] zynqmp-display fd4a0000.display: ZynqMP DisplayPort Subsystem driver probed
[    5.623180] ahci-ceva fd0c0000.ahci: supply ahci not found, using dummy regulator
[    5.630725] ahci-ceva fd0c0000.ahci: supply phy not found, using dummy regulator
[    5.638184] ahci-ceva fd0c0000.ahci: supply target not found, using dummy regulator
[    5.656081] ahci-ceva fd0c0000.ahci: AHCI 0001.0301 32 slots 2 ports 6 Gbps 0x3 impl platform mode
[    5.665042] ahci-ceva fd0c0000.ahci: flags: 64bit ncq sntf pm clo only pmp fbs pio slum part ccc sds apst 
[    5.675664] scsi host0: ahci-ceva
[    5.679260] scsi host1: ahci-ceva
[    5.682689] ata1: SATA max UDMA/133 mmio [mem 0xfd0c0000-0xfd0c1fff] port 0x100 irq 45
[    5.690599] ata2: SATA max UDMA/133 mmio [mem 0xfd0c0000-0xfd0c1fff] port 0x180 irq 45
[    5.699203] ad9081 spi1.0: supply vdd not found, using dummy regulator
[    6.009952] ata1: SATA link down (SStatus 0 SControl 330)
[    6.015372] ata2: SATA link down (SStatus 0 SControl 330)
[    6.683756] zynqmp-display fd4a0000.display: [drm] Cannot find any crtc or sizes
[    7.519908] ad9081 spi1.0: AD9081 Rev. 2 Grade 10 (API 1.2.2) probed
[    7.527095] xhci-hcd xhci-hcd.1.auto: xHCI Host Controller
[    7.532590] xhci-hcd xhci-hcd.1.auto: new USB bus registered, assigned bus number 1
[    7.540335] xhci-hcd xhci-hcd.1.auto: hcc params 0x0238f625 hci version 0x100 quirks 0x0000000002010810
[    7.549759] xhci-hcd xhci-hcd.1.auto: irq 59, io mem 0xfe200000
[    7.555876] usb usb1: New USB device found, idVendor=1d6b, idProduct=0002, bcdDevice= 5.10
[    7.564138] usb usb1: New USB device strings: Mfr=3, Product=2, SerialNumber=1
[    7.571355] usb usb1: Product: xHCI Host Controller
[    7.576223] usb usb1: Manufacturer: Linux 5.10.0-98103-g2aa7ac113716 xhci-hcd
[    7.583348] usb usb1: SerialNumber: xhci-hcd.1.auto
[    7.588518] hub 1-0:1.0: USB hub found
[    7.592286] hub 1-0:1.0: 1 port detected
[    7.596389] xhci-hcd xhci-hcd.1.auto: xHCI Host Controller
[    7.601880] xhci-hcd xhci-hcd.1.auto: new USB bus registered, assigned bus number 2
[    7.609533] xhci-hcd xhci-hcd.1.auto: Host supports USB 3.0 SuperSpeed
[    7.616155] usb usb2: New USB device found, idVendor=1d6b, idProduct=0003, bcdDevice= 5.10
[    7.624418] usb usb2: New USB device strings: Mfr=3, Product=2, SerialNumber=1
[    7.631636] usb usb2: Product: xHCI Host Controller
[    7.636506] usb usb2: Manufacturer: Linux 5.10.0-98103-g2aa7ac113716 xhci-hcd
[    7.643631] usb usb2: SerialNumber: xhci-hcd.1.auto
[    7.648741] hub 2-0:1.0: USB hub found
[    7.652503] hub 2-0:1.0: 1 port detected
[    7.682607] cf_axi_adc 84a10000.axi-ad9081-rx-hpc: ADI AIM (10.01.b) at 0x84A10000 mapped to 0x(____ptrval____), probed ADC AD9081 as MASTER
[    7.712580] cf_axi_dds 84b10000.axi-ad9081-tx-hpc: Analog Devices CF_AXI_DDS_DDS MASTER (9.01.b) at 0x84B10000 mapped to 0x(____ptrval____), probed DDS AD9081
[    7.726783] jesd204: /axi/spi@ff040000/ad9081@0,jesd204:0,parent=spi1.0: JESD204[2] transition initialized -> probed
[    7.737305] jesd204: /axi/spi@ff040000/ad9081@0,jesd204:0,parent=spi1.0: JESD204[0] transition initialized -> probed
[    7.747829] jesd204: /axi/spi@ff040000/ad9081@0,jesd204:0,parent=spi1.0: JESD204[2] transition probed -> idle
[    7.757735] jesd204: /axi/spi@ff040000/ad9081@0,jesd204:0,parent=spi1.0: JESD204[0] transition probed -> idle
[    7.767653] jesd204: /axi/spi@ff040000/ad9081@0,jesd204:0,parent=spi1.0: JESD204[2] transition idle -> device_init
[    7.777994] jesd204: /axi/spi@ff040000/ad9081@0,jesd204:0,parent=spi1.0: JESD204[0] transition idle -> device_init
[    7.788349] jesd204: /axi/spi@ff040000/ad9081@0,jesd204:0,parent=spi1.0: JESD204[2] transition device_init -> link_init
[    7.799131] jesd204: /axi/spi@ff040000/ad9081@0,jesd204:0,parent=spi1.0: JESD204[0] transition device_init -> link_init
[    7.809923] jesd204: /axi/spi@ff040000/ad9081@0,jesd204:0,parent=spi1.0: JESD204[2] transition link_init -> link_supported
[    7.820962] jesd204: /axi/spi@ff040000/ad9081@0,jesd204:0,parent=spi1.0: JESD204[0] transition link_init -> link_supported
[    7.832376] hmc7044 spi2.0: hmc7044_jesd204_link_pre_setup: Link2 forcing continuous SYSREF mode
[    7.841318] axi-jesd204-rx 84a90000.axi-jesd204-rx: axi_jesd204_rx_jesd204_link_pre_setup: Link2 set lane rate 13840000 kHz failed (-22)
[    7.853574] jesd204: /fpga-axi@0/axi-jesd204-rx@84a90000,jesd204:4,parent=84a90000.axi-jesd204-rx: JESD204[2] In link_pre_setup got error from cb: -22
[    7.867044] jesd204: /axi/spi@ff040000/ad9081@0,jesd204:0,parent=spi1.0: Rolling back from 'link_supported', got error -22
[    7.878088] jesd204: /axi/spi@ff040000/ad9081@0,jesd204:0,parent=spi1.0: JESD204[0] transition link_supported -> link_pre_setup
[    7.889559] jesd204: /axi/spi@ff040000/ad9081@0,jesd204:0,parent=spi1.0: JESD204[2] transition link_supported -> link_pre_setup
[    7.901038] jesd204: /axi/spi@ff040000/ad9081@0,jesd204:0,parent=spi1.0: JESD204[0] transition link_pre_setup -> link_supported
[    7.912514] jesd204: /axi/spi@ff040000/ad9081@0,jesd204:0,parent=spi1.0: JESD204[2] transition link_pre_setup -> link_supported
[    7.923987] jesd204: /axi/spi@ff040000/ad9081@0,jesd204:0,parent=spi1.0: JESD204[0] transition link_supported -> link_init
[    7.935024] jesd204: /axi/spi@ff040000/ad9081@0,jesd204:0,parent=spi1.0: JESD204[2] transition link_supported -> link_init
[    7.946072] jesd204: /axi/spi@ff040000/ad9081@0,jesd204:0,parent=spi1.0: JESD204[0] transition link_init -> device_init
[    7.956860] jesd204: /axi/spi@ff040000/ad9081@0,jesd204:0,parent=spi1.0: JESD204[2] transition link_init -> device_init
[    7.967639] jesd204: /axi/spi@ff040000/ad9081@0,jesd204:0,parent=spi1.0: JESD204[0] transition device_init -> idle
[    7.977982] jesd204: /axi/spi@ff040000/ad9081@0,jesd204:0,parent=spi1.0: JESD204[2] transition device_init -> idle
[    7.988333] jesd204: /axi/spi@ff040000/ad9081@0,jesd204:0,parent=spi1.0: JESD204[2] transition idle -> idle
[    7.998066] jesd204: /axi/spi@ff040000/ad9081@0,jesd204:0,parent=spi1.0: JESD204[0] transition idle -> idle
[    8.007809] jesd204: /axi/spi@ff040000/ad9081@0,jesd204:0,parent=spi1.0: JESD204[2] transition idle -> device_init
[    8.018153] jesd204: /axi/spi@ff040000/ad9081@0,jesd204:0,parent=spi1.0: JESD204[0] transition idle -> device_init
[    8.028504] jesd204: /axi/spi@ff040000/ad9081@0,jesd204:0,parent=spi1.0: JESD204[2] transition device_init -> link_init
[    8.039280] jesd204: /axi/spi@ff040000/ad9081@0,jesd204:0,parent=spi1.0: JESD204[0] transition device_init -> link_init
[    8.050068] jesd204: /axi/spi@ff040000/ad9081@0,jesd204:0,parent=spi1.0: JESD204[2] transition link_init -> link_supported
[    8.061110] jesd204: /axi/spi@ff040000/ad9081@0,jesd204:0,parent=spi1.0: JESD204[0] transition link_init -> link_supported
[    8.072341] axi-jesd204-rx 84a90000.axi-jesd204-rx: axi_jesd204_rx_jesd204_link_pre_setup: Link2 set lane rate 13840000 kHz failed (-22)
[    8.084604] jesd204: /fpga-axi@0/axi-jesd204-rx@84a90000,jesd204:4,parent=84a90000.axi-jesd204-rx: JESD204[2] In link_pre_setup got error from cb: -22
[    8.098071] jesd204: /axi/spi@ff040000/ad9081@0,jesd204:0,parent=spi1.0: Rolling back from 'link_supported', got error -22
[    8.109115] jesd204: /axi/spi@ff040000/ad9081@0,jesd204:0,parent=spi1.0: JESD204[0] transition link_supported -> link_pre_setup
[    8.120585] jesd204: /axi/spi@ff040000/ad9081@0,jesd204:0,parent=spi1.0: JESD204[2] transition link_supported -> link_pre_setup
[    8.132063] jesd204: /axi/spi@ff040000/ad9081@0,jesd204:0,parent=spi1.0: JESD204[0] transition link_pre_setup -> link_supported
[    8.143535] jesd204: /axi/spi@ff040000/ad9081@0,jesd204:0,parent=spi1.0: JESD204[2] transition link_pre_setup -> link_supported
[    8.155016] jesd204: /axi/spi@ff040000/ad9081@0,jesd204:0,parent=spi1.0: JESD204[0] transition link_supported -> link_init
[    8.166051] jesd204: /axi/spi@ff040000/ad9081@0,jesd204:0,parent=spi1.0: JESD204[2] transition link_supported -> link_init
[    8.177098] jesd204: /axi/spi@ff040000/ad9081@0,jesd204:0,parent=spi1.0: JESD204[0] transition link_init -> device_init
[    8.187874] jesd204: /axi/spi@ff040000/ad9081@0,jesd204:0,parent=spi1.0: JESD204[2] transition link_init -> device_init
[    8.198656] jesd204: /axi/spi@ff040000/ad9081@0,jesd204:0,parent=spi1.0: JESD204[0] transition device_init -> idle
[    8.209004] jesd204: /axi/spi@ff040000/ad9081@0,jesd204:0,parent=spi1.0: JESD204[2] transition device_init -> idle
[    8.219351] jesd204: /axi/spi@ff040000/ad9081@0,jesd204:0,parent=spi1.0: JESD204[2] transition idle -> idle
[    8.229086] jesd204: /axi/spi@ff040000/ad9081@0,jesd204:0,parent=spi1.0: JESD204[0] transition idle -> idle
[    8.238827] jesd204: /axi/spi@ff040000/ad9081@0,jesd204:0,parent=spi1.0: JESD204[2] transition idle -> device_init
[    8.249171] jesd204: /axi/spi@ff040000/ad9081@0,jesd204:0,parent=spi1.0: JESD204[0] transition idle -> device_init
[    8.259521] jesd204: /axi/spi@ff040000/ad9081@0,jesd204:0,parent=spi1.0: JESD204[2] transition device_init -> link_init
[    8.270298] jesd204: /axi/spi@ff040000/ad9081@0,jesd204:0,parent=spi1.0: JESD204[0] transition device_init -> link_init
[    8.281086] jesd204: /axi/spi@ff040000/ad9081@0,jesd204:0,parent=spi1.0: JESD204[2] transition link_init -> link_supported
[    8.292128] jesd204: /axi/spi@ff040000/ad9081@0,jesd204:0,parent=spi1.0: JESD204[0] transition link_init -> link_supported
[    8.303316] axi-jesd204-rx 84a90000.axi-jesd204-rx: axi_jesd204_rx_jesd204_link_pre_setup: Link2 set lane rate 13840000 kHz failed (-22)
[    8.315575] jesd204: /fpga-axi@0/axi-jesd204-rx@84a90000,jesd204:4,parent=84a90000.axi-jesd204-rx: JESD204[2] In link_pre_setup got error from cb: -22
[    8.329045] jesd204: /axi/spi@ff040000/ad9081@0,jesd204:0,parent=spi1.0: Rolling back from 'link_supported', got error -22
[    8.340092] jesd204: /axi/spi@ff040000/ad9081@0,jesd204:0,parent=spi1.0: JESD204[0] transition link_supported -> link_pre_setup
[    8.351569] jesd204: /axi/spi@ff040000/ad9081@0,jesd204:0,parent=spi1.0: JESD204[2] transition link_supported -> link_pre_setup
[    8.363047] jesd204: /axi/spi@ff040000/ad9081@0,jesd204:0,parent=spi1.0: JESD204[0] transition link_pre_setup -> link_supported
[    8.374521] jesd204: /axi/spi@ff040000/ad9081@0,jesd204:0,parent=spi1.0: JESD204[2] transition link_pre_setup -> link_supported
[    8.385996] jesd204: /axi/spi@ff040000/ad9081@0,jesd204:0,parent=spi1.0: JESD204[0] transition link_supported -> link_init
[    8.397034] jesd204: /axi/spi@ff040000/ad9081@0,jesd204:0,parent=spi1.0: JESD204[2] transition link_supported -> link_init
[    8.408081] jesd204: /axi/spi@ff040000/ad9081@0,jesd204:0,parent=spi1.0: JESD204[0] transition link_init -> device_init
[    8.418858] jesd204: /axi/spi@ff040000/ad9081@0,jesd204:0,parent=spi1.0: JESD204[2] transition link_init -> device_init
[    8.429640] jesd204: /axi/spi@ff040000/ad9081@0,jesd204:0,parent=spi1.0: JESD204[0] transition device_init -> idle
[    8.439983] jesd204: /axi/spi@ff040000/ad9081@0,jesd204:0,parent=spi1.0: JESD204[2] transition device_init -> idle
[    8.450336] jesd204: /axi/spi@ff040000/ad9081@0,jesd204:0,parent=spi1.0: JESD204[2] transition idle -> idle
[    8.460069] jesd204: /axi/spi@ff040000/ad9081@0,jesd204:0,parent=spi1.0: JESD204[0] transition idle -> idle
[    8.469815] jesd204: /axi/spi@ff040000/ad9081@0,jesd204:0,parent=spi1.0: JESD204[2] transition idle -> device_init
[    8.480155] jesd204: /axi/spi@ff040000/ad9081@0,jesd204:0,parent=spi1.0: JESD204[0] transition idle -> device_init
[    8.490505] jesd204: /axi/spi@ff040000/ad9081@0,jesd204:0,parent=spi1.0: JESD204[2] transition device_init -> link_init
[    8.501282] jesd204: /axi/spi@ff040000/ad9081@0,jesd204:0,parent=spi1.0: JESD204[0] transition device_init -> link_init
[    8.512071] jesd204: /axi/spi@ff040000/ad9081@0,jesd204:0,parent=spi1.0: JESD204[2] transition link_init -> link_supported
[    8.523112] jesd204: /axi/spi@ff040000/ad9081@0,jesd204:0,parent=spi1.0: JESD204[0] transition link_init -> link_supported
[    8.534300] axi-jesd204-rx 84a90000.axi-jesd204-rx: axi_jesd204_rx_jesd204_link_pre_setup: Link2 set lane rate 13840000 kHz failed (-22)
[    8.546559] jesd204: /fpga-axi@0/axi-jesd204-rx@84a90000,jesd204:4,parent=84a90000.axi-jesd204-rx: JESD204[2] In link_pre_setup got error from cb: -22
[    8.560028] jesd204: /axi/spi@ff040000/ad9081@0,jesd204:0,parent=spi1.0: Rolling back from 'link_supported', got error -22
[    8.571072] jesd204: /axi/spi@ff040000/ad9081@0,jesd204:0,parent=spi1.0: JESD204[0] transition link_supported -> link_pre_setup
[    8.582544] jesd204: /axi/spi@ff040000/ad9081@0,jesd204:0,parent=spi1.0: JESD204[2] transition link_supported -> link_pre_setup
[    8.594025] jesd204: /axi/spi@ff040000/ad9081@0,jesd204:0,parent=spi1.0: JESD204[0] transition link_pre_setup -> link_supported
[    8.605493] jesd204: /axi/spi@ff040000/ad9081@0,jesd204:0,parent=spi1.0: JESD204[2] transition link_pre_setup -> link_supported
[    8.616971] jesd204: /axi/spi@ff040000/ad9081@0,jesd204:0,parent=spi1.0: JESD204[0] transition link_supported -> link_init
[    8.628010] jesd204: /axi/spi@ff040000/ad9081@0,jesd204:0,parent=spi1.0: JESD204[2] transition link_supported -> link_init
[    8.639056] jesd204: /axi/spi@ff040000/ad9081@0,jesd204:0,parent=spi1.0: JESD204[0] transition link_init -> device_init
[    8.649831] jesd204: /axi/spi@ff040000/ad9081@0,jesd204:0,parent=spi1.0: JESD204[2] transition link_init -> device_init
[    8.660614] jesd204: /axi/spi@ff040000/ad9081@0,jesd204:0,parent=spi1.0: JESD204[0] transition device_init -> idle
[    8.670958] jesd204: /axi/spi@ff040000/ad9081@0,jesd204:0,parent=spi1.0: JESD204[2] transition device_init -> idle
[    8.681304] jesd204: /axi/spi@ff040000/ad9081@0,jesd204:0,parent=spi1.0: FSM completed with error -22
[    8.699748] input: gpio-keys as /devices/platform/gpio-keys/input/input0
[    8.706760] of_cfs_init
[    8.709218] of_cfs_init: OK
[    8.712158] cfg80211: Loading compiled-in X.509 certificates for regulatory database
[    8.850440] cfg80211: Loaded X.509 cert 'sforshee: 00b28ddf47aef9cea7'
[    8.856965] clk: Not disabling unused clocks
[    8.861495] ALSA device list:
[    8.864456]   No soundcards found.
[    8.868130] platform regulatory.0: Direct firmware load for regulatory.db failed with error -2
[    8.876737] cfg80211: failed to load regulatory.db
[    8.891858] EXT4-fs (mmcblk0p2): mounted filesystem with ordered data mode. Opts: (null)
[    8.899968] VFS: Mounted root (ext4 filesystem) on device 179:2.
[    8.913595] devtmpfs: mounted
[    8.917408] Freeing unused kernel memory: 2560K
[    8.931810] Run /sbin/init as init process
[    8.935904]   with arguments:
[    8.935906]     /sbin/init
[    8.935909]   with environment:
[    8.935911]     HOME=/
[    8.935913]     TERM=linux
[    9.512221] systemd[1]: systemd 241 running in system mode. (+PAM +AUDIT +SELINUX +IMA +APPARMOR +SMACK +SYSVINIT +UTMP +LIBCRYPTSETUP +GCRYPT +GNUTLS +ACL +XZ +LZ4 +SECCOMP +BLKID +ELFUTILS +KMOD -IDN2 +IDN -PCRE2 default-hierarchy=hybrid)
[    9.534072] systemd[1]: Detected architecture arm64.
[    9.556498] systemd[1]: Set hostname to <analog>.
[    9.747394] systemd[1]: File /lib/systemd/system/systemd-journald.service:12 configures an IP firewall (IPAddressDeny=any), but the local system does not support BPF/cgroup based firewalling.
[    9.764486] systemd[1]: Proceeding WITHOUT firewalling in effect! (This warning is only shown for the first loaded unit using IP firewalling.)
[    9.929765] systemd[1]: /etc/systemd/system/tof-server.service:1: Assignment outside of section. Ignoring.
[    9.939449] systemd[1]: /etc/systemd/system/tof-server.service:2: Assignment outside of section. Ignoring.
[   10.124795] random: systemd: uninitialized urandom read (16 bytes read)
[   10.139577] random: systemd: uninitialized urandom read (16 bytes read)
[   10.146788] systemd[1]: Created slice system-serial\x2dgetty.slice.
[   10.167825] random: systemd: uninitialized urandom read (16 bytes read)
[   10.174602] systemd[1]: Started Forward Password Requests to Wall Directory Watch.
[   10.200088] systemd[1]: Created slice system-systemd\x2dfsck.slice.
[   10.759181] ------------[ cut here ]------------
[   10.759192] Enabling unprepared \xa0\xe9Q\x88\xff\xff\xffpQ\x88\xff\xff\xff
[   10.759239] WARNING: CPU: 2 PID: 112 at drivers/clk/clk.c:1012 clk_core_enable+0xa4/0xc0
[   10.759242] Modules linked in:
[   10.759253] CPU: 2 PID: 112 Comm: kworker/2:1H Not tainted 5.10.0-98103-g2aa7ac113716 #5577
[   10.759256] Hardware name: ZynqMP ZCU102 Rev1.0 (DT)
[   10.759266] Workqueue: kblockd blk_mq_run_work_fn
[   10.759274] pstate: 80000085 (Nzcv daIf -PAN -UAO -TCO BTYPE=--)
[   10.759279] pc : clk_core_enable+0xa4/0xc0
[   10.759285] lr : clk_core_enable+0xa4/0xc0
[   10.759288] sp : ffffffc0125bb2d0
[   10.759291] x29: ffffffc0125bb2d0 x28: ffffff8800330c10 
[   10.759298] x27: ffffff8800330d48 x26: 0000005000000101 
[   10.759304] x25: 000000027b5a4f60 x24: 0000000000000001 
[   10.759311] x23: ffffff88010e9380 x22: ffffff8801083220 
[   10.759317] x21: ffffff8801517000 x20: ffffff8801517008 
[   10.759324] x19: ffffff8801517008 x18: 0000000000000030 
[   10.759331] x17: 0000000000000002 x16: 0000b11aaf569ce8 
[   10.759338] x15: ffffffffffff9c70 x14: ffffffc011d3b1a0 
[   10.759344] x13: ffffffc011d3b1c8 x12: 0000000000000672 
[   10.759350] x11: 0000000000000226 x10: ffffffc011d671c8 
[   10.759357] x9 : 00000000fffff800 x8 : ffffffc011d3b1c8 
[   10.759363] x7 : ffffffc011d671c8 x6 : 0000000000000001 
[   10.759370] x5 : ffffff887f7929e0 x4 : 0000000000000000 
[   10.759376] x3 : 0000000000000027 x2 : 0000000000000023 
[   10.759383] x1 : 6ed2cd5a8fcd8f00 x0 : 0000000000000000 
[   10.759389] Call trace:
[   10.759396]  clk_core_enable+0xa4/0xc0
[   10.759401]  clk_enable+0x2c/0x60
[   10.759407]  zynqmp_runtime_resume+0x24/0x84
[   10.759413]  pm_generic_runtime_resume+0x30/0x50
[   10.759419]  __genpd_runtime_resume+0x30/0xb0
[   10.759425]  genpd_runtime_resume+0x90/0x250
[   10.759431]  __rpm_callback+0x10c/0x1e0
[   10.759437]  rpm_callback+0x5c/0x84
[   10.759442]  rpm_resume+0x4a4/0x74c
[   10.759447]  __pm_runtime_resume+0x78/0xc4
[   10.759452]  spi_mem_access_start.isra.0+0x30/0x80
[   10.759456]  spi_mem_exec_op+0x3b0/0x424
[   10.759461]  spi_nor_read_sr+0x78/0xe0
[   10.759466]  spi_nor_wait_till_ready_with_timeout+0xb4/0x2f0
[   10.759470]  spi_nor_read+0x188/0x380
[   10.759476]  mtd_read_oob_std+0x78/0x84
[   10.759480]  mtd_read_oob+0x7c/0x134
[   10.759485]  mtd_read+0x48/0x7c
[   10.759490]  mtdblock_readsect+0x6c/0x150
[   10.759495]  mtd_queue_rq+0x2cc/0x5a0
[   10.759501]  blk_mq_dispatch_rq_list+0x110/0x790
[   10.759507]  __blk_mq_do_dispatch_sched+0x200/0x274
[   10.759512]  __blk_mq_sched_dispatch_requests+0x1a8/0x1fc
[   10.759518]  blk_mq_sched_dispatch_requests+0x3c/0x7c
[   10.759523]  __blk_mq_run_hw_queue+0x98/0x100
[   10.759528]  blk_mq_run_work_fn+0x24/0x30
[   10.759533]  process_one_work+0x1d4/0x380
[   10.759537]  worker_thread+0x78/0x4e0
[   10.759543]  kthread+0x124/0x130
[   10.759548]  ret_from_fork+0x10/0x3c
[   10.759552] ---[ end trace e4bbbd60d9187903 ]---
[   10.759560] zynqmp-qspi ff0f0000.spi: Cannot enable APB clock.
[   10.759610] spi_master spi0: Failed to power device: -108
[   10.759620] blk_update_request: I/O error, dev mtdblock0, sector 8 op 0x0:(READ) flags 0x80700 phys_seg 1 prio class 0
[   10.759701] spi_master spi0: Failed to power device: -22
[   10.759707] blk_update_request: I/O error, dev mtdblock0, sector 8 op 0x0:(READ) flags 0x0 phys_seg 8 prio class 0
[   10.759713] Buffer I/O error on dev mtdblock0, logical block 8, async page read
[   10.759722] spi_master spi0: Failed to power device: -22
[   10.759810] blk_update_request: I/O error, dev mtdblock0, sector 9 op 0x0:(READ) flags 0x0 phys_seg 7 prio class 0
[   10.759814] Buffer I/O error on dev mtdblock0, logical block 9, async page read
[   10.759828] spi_master spi0: Failed to power device: -22
[   10.759834] blk_update_request: I/O error, dev mtdblock0, sector 10 op 0x0:(READ) flags 0x0 phys_seg 6 prio class 0
[   10.759838] Buffer I/O error on dev mtdblock0, logical block 10, async page read
[   10.759845] spi_master spi0: Failed to power device: -22
[   10.759851] blk_update_request: I/O error, dev mtdblock0, sector 11 op 0x0:(READ) flags 0x0 phys_seg 5 prio class 0
[   10.759854] Buffer I/O error on dev mtdblock0, logical block 11, async page read
[   10.759862] spi_master spi0: Failed to power device: -22
[   10.759867] blk_update_request: I/O error, dev mtdblock0, sector 12 op 0x0:(READ) flags 0x0 phys_seg 4 prio class 0
[   10.759871] Buffer I/O error on dev mtdblock0, logical block 12, async page read
[   10.759878] spi_master spi0: Failed to power device: -22
[   10.759883] blk_update_request: I/O error, dev mtdblock0, sector 13 op 0x0:(READ) flags 0x0 phys_seg 3 prio class 0
[   10.759887] Buffer I/O error on dev mtdblock0, logical block 13, async page read
[   10.759894] spi_master spi0: Failed to power device: -22
[   10.759900] blk_update_request: I/O error, dev mtdblock0, sector 14 op 0x0:(READ) flags 0x0 phys_seg 2 prio class 0
[   10.759904] Buffer I/O error on dev mtdblock0, logical block 14, async page read
[   10.759910] spi_master spi0: Failed to power device: -22
[   10.759916] blk_update_request: I/O error, dev mtdblock0, sector 15 op 0x0:(READ) flags 0x0 phys_seg 1 prio class 0
[   10.759919] Buffer I/O error on dev mtdblock0, logical block 15, async page read
[   10.760365] spi_master spi0: Failed to power device: -22
[   10.760373] blk_update_request: I/O error, dev mtdblock1, sector 10112 op 0x0:(READ) flags 0x80700 phys_seg 1 prio class 0
[   10.760418] spi_master spi0: Failed to power device: -22
[   10.760423] Buffer I/O error on dev mtdblock1, logical block 10112, async page read
[   10.760431] spi_master spi0: Failed to power device: -22
[   10.760436] Buffer I/O error on dev mtdblock1, logical block 10113, async page read
[   10.760443] spi_master spi0: Failed to power device: -22
[   10.760451] spi_master spi0: Failed to power device: -22
[   10.760459] spi_master spi0: Failed to power device: -22
[   10.760466] spi_master spi0: Failed to power device: -22
[   10.760473] spi_master spi0: Failed to power device: -22
[   10.760484] spi_master spi0: Failed to power device: -22
[   10.760717] spi_master spi0: Failed to power device: -22
[   10.760762] spi_master spi0: Failed to power device: -22
[   10.760771] spi_master spi0: Failed to power device: -22
[   10.760779] spi_master spi0: Failed to power device: -22
[   10.760786] spi_master spi0: Failed to power device: -22
[   10.760794] spi_master spi0: Failed to power device: -22
[   10.760801] spi_master spi0: Failed to power device: -22
[   10.760808] spi_master spi0: Failed to power device: -22
[   10.760815] spi_master spi0: Failed to power device: -22
[   10.761087] spi_master spi0: Failed to power device: -22
[   10.761131] spi_master spi0: Failed to power device: -22
[   10.761141] spi_master spi0: Failed to power device: -22
[   10.761148] spi_master spi0: Failed to power device: -22
[   10.761156] spi_master spi0: Failed to power device: -22
[   10.761163] spi_master spi0: Failed to power device: -22
[   10.761170] spi_master spi0: Failed to power device: -22
[   10.761177] spi_master spi0: Failed to power device: -22
[   10.761185] spi_master spi0: Failed to power device: -22
[   10.887127] EXT4-fs (mmcblk0p2): re-mounted. Opts: (null)
[   11.020541] systemd-journald[154]: Received request to flush runtime journal from PID 1
[   16.921655] macb ff0e0000.ethernet eth0: PHY [ff0e0000.ethernet-ffffffff:0c] driver [TI DP83867] (irq=POLL)
[   16.921667] macb ff0e0000.ethernet eth0: configuring for phy/rgmii-id link mode
[   18.180163] Adding 74748k swap on /var/swap.  Priority:-2 extents:2 across:78844k SS
[   19.115765] random: crng init done
[   19.115777] random: 7 urandom warning(s) missed due to ratelimiting
[   20.001395] macb ff0e0000.ethernet eth0: Link is Up - 1Gbps/Full - flow control off
[   20.001422] IPv6: ADDRCONF(NETDEV_CHANGE): eth0: link becomes ready
[   20.046296] broken atomic modeset userspace detected, disabling atomic
[   22.711882] broken atomic modeset userspace detected, disabling atomic
[   25.823973] broken atomic modeset userspace detected, disabling atomic