[    0.000000] Booting Linux on physical CPU 0x0000000000 [0x410fd034]
[    0.000000] Linux version 5.10.0-98103-g2aa7ac113716 (jenkins@romlxbuild1.adlk.analog.com) (aarch64-xilinx-linux-gcc.real (GCC) 10.2.0, GNU ld (GNU Binutils) 2.35.0.20200730) #5577 SMP Wed Mar 23 07:28:49 GMT 2022
[    0.000000] Machine model: ZynqMP ZCU102 Rev1.0
[    0.000000] earlycon: cdns0 at MMIO 0x00000000ff000000 (options '115200n8')
[    0.000000] printk: bootconsole [cdns0] enabled
[    0.000000] efi: UEFI not found.
[    0.000000] cma: Reserved 256 MiB at 0x0000000070000000
[    0.000000] Zone ranges:
[    0.000000]   DMA      [mem 0x0000000000000000-0x000000003fffffff]
[    0.000000]   DMA32    [mem 0x0000000040000000-0x00000000ffffffff]
[    0.000000]   Normal   [mem 0x0000000100000000-0x000000087fffffff]
[    0.000000] Movable zone start for each node
[    0.000000] Early memory node ranges
[    0.000000]   node   0: [mem 0x0000000000000000-0x000000007fffffff]
[    0.000000]   node   0: [mem 0x0000000800000000-0x000000087fffffff]
[    0.000000] Initmem setup node 0 [mem 0x0000000000000000-0x000000087fffffff]
[    0.000000] On node 0 totalpages: 1048576
[    0.000000]   DMA zone: 3584 pages used for memmap
[    0.000000]   DMA zone: 0 pages reserved
[    0.000000]   DMA zone: 262144 pages, LIFO batch:63
[    0.000000]   DMA32 zone: 3584 pages used for memmap
[    0.000000]   DMA32 zone: 262144 pages, LIFO batch:63
[    0.000000]   Normal zone: 7168 pages used for memmap
[    0.000000]   Normal zone: 524288 pages, LIFO batch:63
[    0.000000] psci: probing for conduit method from DT.
[    0.000000] psci: PSCIv1.1 detected in firmware.
[    0.000000] psci: Using standard PSCI v0.2 function IDs
[    0.000000] psci: MIGRATE_INFO_TYPE not supported.
[    0.000000] psci: SMC Calling Convention v1.2
[    0.000000] percpu: Embedded 22 pages/cpu s49496 r8192 d32424 u90112
[    0.000000] pcpu-alloc: s49496 r8192 d32424 u90112 alloc=22*4096
[    0.000000] pcpu-alloc: [0] 0 [0] 1 [0] 2 [0] 3 
[    0.000000] Detected VIPT I-cache on CPU0
[    0.000000] CPU features: detected: ARM erratum 845719
[    0.000000] Built 1 zonelists, mobility grouping on.  Total pages: 1034240
[    0.000000] Kernel command line: console=ttyPS0,115200 root=/dev/mmcblk0p2 rw earlycon rootfstype=ext4 rootwait clk_ignore_unused cpuidle.off=1 root=/dev/mmcblk0p2 rw rootwait
[    0.000000] Dentry cache hash table entries: 524288 (order: 10, 4194304 bytes, linear)
[    0.000000] Inode-cache hash table entries: 262144 (order: 9, 2097152 bytes, linear)
[    0.000000] mem auto-init: stack:off, heap alloc:off, heap free:off
[    0.000000] software IO TLB: mapped [mem 0x000000003bfff000-0x000000003ffff000] (64MB)
[    0.000000] Memory: 3761904K/4194304K available (15296K kernel code, 1636K rwdata, 11876K rodata, 2560K init, 507K bss, 170256K reserved, 262144K cma-reserved)
[    0.000000] rcu: Hierarchical RCU implementation.
[    0.000000] rcu: 	RCU event tracing is enabled.
[    0.000000] rcu: 	RCU restricting CPUs from NR_CPUS=8 to nr_cpu_ids=4.
[    0.000000] rcu: RCU calculated value of scheduler-enlistment delay is 25 jiffies.
[    0.000000] rcu: Adjusting geometry for rcu_fanout_leaf=16, nr_cpu_ids=4
[    0.000000] NR_IRQS: 64, nr_irqs: 64, preallocated irqs: 0
[    0.000000] GIC: Adjusting CPU interface base to 0x00000000f902f000
[    0.000000] GIC: Using split EOI/Deactivate mode
[    0.000000] random: get_random_bytes called from start_kernel+0x31c/0x54c with crng_init=0
[    0.000000] arch_timer: cp15 timer(s) running at 100.00MHz (phys).
[    0.000000] clocksource: arch_sys_counter: mask: 0xffffffffffffff max_cycles: 0x171024e7e0, max_idle_ns: 440795205315 ns
[    0.000004] sched_clock: 56 bits at 100MHz, resolution 10ns, wraps every 4398046511100ns
[    0.008462] Console: colour dummy device 80x25
[    0.012483] Calibrating delay loop (skipped), value calculated using timer frequency.. 200.00 BogoMIPS (lpj=400000)
[    0.022841] pid_max: default: 32768 minimum: 301
[    0.027550] Mount-cache hash table entries: 8192 (order: 4, 65536 bytes, linear)
[    0.034788] Mountpoint-cache hash table entries: 8192 (order: 4, 65536 bytes, linear)
[    0.043391] rcu: Hierarchical SRCU implementation.
[    0.047560] EFI services will not be available.
[    0.051938] smp: Bringing up secondary CPUs ...
[    0.056656] Detected VIPT I-cache on CPU1
[    0.056694] CPU1: Booted secondary processor 0x0000000001 [0x410fd034]
[    0.057061] Detected VIPT I-cache on CPU2
[    0.057086] CPU2: Booted secondary processor 0x0000000002 [0x410fd034]
[    0.057426] Detected VIPT I-cache on CPU3
[    0.057449] CPU3: Booted secondary processor 0x0000000003 [0x410fd034]
[    0.057495] smp: Brought up 1 node, 4 CPUs
[    0.091780] SMP: Total of 4 processors activated.
[    0.096452] CPU features: detected: 32-bit EL0 Support
[    0.101556] CPU features: detected: CRC32 instructions
[    0.106696] CPU: All CPU(s) started at EL2
[    0.110736] alternatives: patching kernel code
[    0.116168] devtmpfs: initialized
[    0.124066] Registered cp15_barrier emulation handler
[    0.124117] Registered setend emulation handler
[    0.128092] clocksource: jiffies: mask: 0xffffffff max_cycles: 0xffffffff, max_idle_ns: 7645041785100000 ns
[    0.137671] futex hash table entries: 1024 (order: 4, 65536 bytes, linear)
[    0.151028] pinctrl core: initialized pinctrl subsystem
[    0.151677] NET: Registered protocol family 16
[    0.156093] DMA: preallocated 512 KiB GFP_KERNEL pool for atomic allocations
[    0.162108] DMA: preallocated 512 KiB GFP_KERNEL|GFP_DMA pool for atomic allocations
[    0.169832] DMA: preallocated 512 KiB GFP_KERNEL|GFP_DMA32 pool for atomic allocations
[    0.177635] audit: initializing netlink subsys (disabled)
[    0.183088] audit: type=2000 audit(0.116:1): state=initialized audit_enabled=0 res=1
[    0.183430] hw-breakpoint: found 6 breakpoint and 4 watchpoint registers.
[    0.197463] ASID allocator initialised with 65536 entries
[    0.224353] HugeTLB registered 1.00 GiB page size, pre-allocated 0 pages
[    0.225411] HugeTLB registered 32.0 MiB page size, pre-allocated 0 pages
[    0.232082] HugeTLB registered 2.00 MiB page size, pre-allocated 0 pages
[    0.238746] HugeTLB registered 64.0 KiB page size, pre-allocated 0 pages
[    1.304338] DRBG: Continuing without Jitter RNG
[    1.382138] raid6: neonx8   gen()  2143 MB/s
[    1.450189] raid6: neonx8   xor()  1597 MB/s
[    1.518254] raid6: neonx4   gen()  2193 MB/s
[    1.586297] raid6: neonx4   xor()  1564 MB/s
[    1.654365] raid6: neonx2   gen()  2076 MB/s
[    1.722413] raid6: neonx2   xor()  1435 MB/s
[    1.790479] raid6: neonx1   gen()  1772 MB/s
[    1.858525] raid6: neonx1   xor()  1220 MB/s
[    1.926582] raid6: int64x8  gen()  1438 MB/s
[    1.994640] raid6: int64x8  xor()   771 MB/s
[    2.062706] raid6: int64x4  gen()  1599 MB/s
[    2.130761] raid6: int64x4  xor()   816 MB/s
[    2.198823] raid6: int64x2  gen()  1397 MB/s
[    2.266875] raid6: int64x2  xor()   750 MB/s
[    2.334958] raid6: int64x1  gen()  1034 MB/s
[    2.403013] raid6: int64x1  xor()   517 MB/s
[    2.403051] raid6: using algorithm neonx4 gen() 2193 MB/s
[    2.407004] raid6: .... xor() 1564 MB/s, rmw enabled
[    2.411935] raid6: using neon recovery algorithm
[    2.416944] iommu: Default domain type: Translated 
[    2.421558] SCSI subsystem initialized
[    2.425104] libata version 3.00 loaded.
[    2.425228] usbcore: registered new interface driver usbfs
[    2.430561] usbcore: registered new interface driver hub
[    2.435834] usbcore: registered new device driver usb
[    2.440967] mc: Linux media interface: v0.10
[    2.445084] videodev: Linux video capture interface: v2.00
[    2.450574] EDAC MC: Ver: 3.0.0
[    2.454005] zynqmp-ipi-mbox mailbox@ff990400: Registered ZynqMP IPI mbox with TX/RX channels.
[    2.462522] jesd204: created con: id=0, topo=0, link=0, /axi/spi@ff050000/hmc7044@0 <-> /fpga-axi@0/axi-adxcvr-tx@84b60000
[    2.473105] jesd204: created con: id=1, topo=0, link=2, /axi/spi@ff050000/hmc7044@0 <-> /fpga-axi@0/axi-adxcvr-rx@84a60000
[    2.484086] jesd204: created con: id=2, topo=0, link=0, /fpga-axi@0/axi-adxcvr-tx@84b60000 <-> /fpga-axi@0/axi-jesd204-tx@84b90000
[    2.495764] jesd204: created con: id=3, topo=0, link=2, /fpga-axi@0/axi-adxcvr-rx@84a60000 <-> /fpga-axi@0/axi-jesd204-rx@84a90000
[    2.507441] jesd204: created con: id=4, topo=0, link=0, /fpga-axi@0/axi-jesd204-tx@84b90000 <-> /fpga-axi@0/axi-ad9081-tx-hpc@84b10000
[    2.519464] jesd204: created con: id=5, topo=0, link=2, /fpga-axi@0/axi-jesd204-rx@84a90000 <-> /fpga-axi@0/axi-ad9081-rx-hpc@84a10000
[    2.531493] jesd204: created con: id=6, topo=0, link=2, /fpga-axi@0/axi-ad9081-rx-hpc@84a10000 <-> /axi/spi@ff040000/ad9081@0
[    2.542733] jesd204: created con: id=7, topo=0, link=0, /fpga-axi@0/axi-ad9081-tx-hpc@84b10000 <-> /axi/spi@ff040000/ad9081@0
[    2.553983] jesd204: /axi/spi@ff040000/ad9081@0: JESD204[2] transition uninitialized -> initialized
[    2.562969] jesd204: /axi/spi@ff040000/ad9081@0: JESD204[0] transition uninitialized -> initialized
[    2.571961] jesd204: found 8 devices and 1 topologies
[    2.577006] FPGA manager framework
[    2.580485] Advanced Linux Sound Architecture Driver Initialized.
[    2.586776] Bluetooth: Core ver 2.22
[    2.589963] NET: Registered protocol family 31
[    2.594365] Bluetooth: HCI device and connection manager initialized
[    2.600682] Bluetooth: HCI socket layer initialized
[    2.605524] Bluetooth: L2CAP socket layer initialized
[    2.610546] Bluetooth: SCO socket layer initialized
[    2.615735] clocksource: Switched to clocksource arch_sys_counter
[    2.621537] VFS: Disk quotas dquot_6.6.0
[    2.625372] VFS: Dquot-cache hash table entries: 512 (order 0, 4096 bytes)
[    2.636110] NET: Registered protocol family 2
[    2.636816] tcp_listen_portaddr_hash hash table entries: 2048 (order: 3, 32768 bytes, linear)
[    2.645008] TCP established hash table entries: 32768 (order: 6, 262144 bytes, linear)
[    2.653040] TCP bind hash table entries: 32768 (order: 7, 524288 bytes, linear)
[    2.660488] TCP: Hash tables configured (established 32768 bind 32768)
[    2.666660] UDP hash table entries: 2048 (order: 4, 65536 bytes, linear)
[    2.673327] UDP-Lite hash table entries: 2048 (order: 4, 65536 bytes, linear)
[    2.680491] NET: Registered protocol family 1
[    2.684939] RPC: Registered named UNIX socket transport module.
[    2.690563] RPC: Registered udp transport module.
[    2.695225] RPC: Registered tcp transport module.
[    2.699894] RPC: Registered tcp NFSv4.1 backchannel transport module.
[    2.706873] PCI: CLS 0 bytes, default 64
[    2.710594] hw perfevents: no interrupt-affinity property for /pmu, guessing.
[    2.717458] hw perfevents: enabled with armv8_pmuv3 PMU driver, 7 counters available
[    2.725794] Initialise system trusted keyrings
[    2.729475] workingset: timestamp_bits=62 max_order=20 bucket_order=0
[    2.736393] NFS: Registering the id_resolver key type
[    2.740822] Key type id_resolver registered
[    2.744961] Key type id_legacy registered
[    2.748953] nfs4filelayout_init: NFSv4 File Layout Driver Registering...
[    2.755617] jffs2: version 2.2. (NAND) (SUMMARY)  Â© 2001-2006 Red Hat, Inc.
[    2.797962] NET: Registered protocol family 38
[    2.798004] xor: measuring software checksum speed
[    2.805691]    8regs           :  2363 MB/sec
[    2.809360]    32regs          :  2799 MB/sec
[    2.814303]    arm64_neon      :  2380 MB/sec
[    2.814493] xor: using function: 32regs (2799 MB/sec)
[    2.819519] Key type asymmetric registered
[    2.823580] Asymmetric key parser 'x509' registered
[    2.828441] Block layer SCSI generic (bsg) driver version 0.4 loaded (major 248)
[    2.835778] io scheduler mq-deadline registered
[    2.840274] io scheduler kyber registered
[    2.869715] Serial: 8250/16550 driver, 4 ports, IRQ sharing disabled
[    2.874354] cacheinfo: Unable to detect cache hierarchy for CPU 0
[    2.880695] brd: module loaded
[    2.884854] loop: module loaded
[    2.885397] Registered mathworks_ip class
[    2.888728] libphy: Fixed MDIO Bus: probed
[    2.891679] tun: Universal TUN/TAP device driver, 1.6
[    2.895779] CAN device driver interface
[    2.900295] usbcore: registered new interface driver asix
[    2.904901] usbcore: registered new interface driver ax88179_178a
[    2.910938] usbcore: registered new interface driver cdc_ether
[    2.916728] usbcore: registered new interface driver net1080
[    2.922348] usbcore: registered new interface driver cdc_subset
[    2.928230] usbcore: registered new interface driver zaurus
[    2.933773] usbcore: registered new interface driver cdc_ncm
[    2.940189] ehci_hcd: USB 2.0 'Enhanced' Host Controller (EHCI) Driver
[    2.945859] ehci-pci: EHCI PCI platform driver
[    2.950650] usbcore: registered new interface driver uas
[    2.955579] usbcore: registered new interface driver usb-storage
[    2.961577] usbcore: registered new interface driver usbserial_generic
[    2.968014] usbserial: USB Serial support registered for generic
[    2.973988] usbcore: registered new interface driver ftdi_sio
[    2.979691] usbserial: USB Serial support registered for FTDI USB Serial Device
[    2.986962] usbcore: registered new interface driver upd78f0730
[    2.992837] usbserial: USB Serial support registered for upd78f0730
[    3.000494] rtc_zynqmp ffa60000.rtc: registered as rtc0
[    3.004266] rtc_zynqmp ffa60000.rtc: setting system clock to 2022-03-26T00:26:53 UTC (1648254413)
[    3.013128] i2c /dev entries driver
[    3.018433] usbcore: registered new interface driver uvcvideo
[    3.022239] USB Video Class driver (1.1.1)
[    3.027811] Bluetooth: HCI UART driver ver 2.3
[    3.030710] Bluetooth: HCI UART protocol H4 registered
[    3.035823] Bluetooth: HCI UART protocol BCSP registered
[    3.041108] Bluetooth: HCI UART protocol LL registered
[    3.046197] Bluetooth: HCI UART protocol ATH3K registered
[    3.051572] Bluetooth: HCI UART protocol Three-wire (H5) registered
[    3.057826] Bluetooth: HCI UART protocol Intel registered
[    3.063165] Bluetooth: HCI UART protocol QCA registered
[    3.068363] usbcore: registered new interface driver bcm203x
[    3.073986] usbcore: registered new interface driver bpa10x
[    3.079520] usbcore: registered new interface driver bfusb
[    3.084973] usbcore: registered new interface driver btusb
[    3.090436] usbcore: registered new interface driver ath3k
[    3.095920] EDAC MC: ECC not enabled
[    3.099540] EDAC DEVICE0: Giving out device to module zynqmp-ocm-edac controller zynqmp_ocm: DEV ff960000.memory-controller (INTERRUPT)
[    3.111864] sdhci: Secure Digital Host Controller Interface driver
[    3.117646] sdhci: Copyright(c) Pierre Ossman
[    3.121971] sdhci-pltfm: SDHCI platform and OF driver helper
[    3.128026] ledtrig-cpu: registered to indicate activity on CPUs
[    3.133576] SMCCC: SOC_ID: ARCH_SOC_ID not implemented, skipping ....
[    3.140003] zynqmp_firmware_probe Platform Management API v1.1
[    3.145762] zynqmp_firmware_probe Trustzone version v1.0
[    3.185326] zynqmp-pinctrl firmware:zynqmp-firmware:pinctrl: zynqmp pinctrl initialized
[    3.233204] zynqmp-aes firmware:zynqmp-firmware:zynqmp-aes: will run requests pump with realtime priority
[    3.248917] alg: No test for xilinx-keccak-384 (zynqmp-keccak-384)
[    3.249626] alg: No test for xilinx-zynqmp-rsa (zynqmp-rsa)
[    3.255141] usbcore: registered new interface driver usbhid
[    3.260529] usbhid: USB HID core driver
[    3.271744] axi_sysid 85000000.axi-sysid-0: AXI System ID core version (1.01.a) found
[    3.274093] axi_sysid 85000000.axi-sysid-0: [ad9081_fmca_ebz] on [zcu102] git branch <master> git <084d44c9780640ca93fd847b1d9ec70dd65f5c67> clean [2022-03-18 04:17:50] UTC
[    3.289775] fpga_manager fpga0: Xilinx ZynqMP FPGA Manager registered
[    3.296160] usbcore: registered new interface driver snd-usb-audio
[    3.303563] pktgen: Packet Generator for packet performance testing. Version: 2.75
[    3.309781] Initializing XFRM netlink socket
[    3.313621] NET: Registered protocol family 10
[    3.318336] Segment Routing with IPv6
[    3.321715] sit: IPv6, IPv4 and MPLS over IPv4 tunneling driver
[    3.327803] NET: Registered protocol family 17
[    3.331890] NET: Registered protocol family 15
[    3.336388] can: controller area network core
[    3.340649] NET: Registered protocol family 29
[    3.345035] can: raw protocol
[    3.347970] can: broadcast manager protocol
[    3.352126] can: netlink gateway - max_hops=1
[    3.356525] Bluetooth: RFCOMM TTY layer initialized
[    3.361300] Bluetooth: RFCOMM socket layer initialized
[    3.366410] Bluetooth: RFCOMM ver 1.11
[    3.370119] Bluetooth: BNEP (Ethernet Emulation) ver 1.3
[    3.375389] Bluetooth: BNEP filters: protocol multicast
[    3.380582] Bluetooth: BNEP socket layer initialized
[    3.385512] Bluetooth: HIDP (Human Interface Emulation) ver 1.2
[    3.391394] Bluetooth: HIDP socket layer initialized
[    3.396446] 9pnet: Installing 9P2000 support
[    3.400572] NET: Registered protocol family 36
[    3.404987] Key type dns_resolver registered
[    3.409420] registered taskstats version 1
[    3.413284] Loading compiled-in X.509 certificates
[    3.418388] Btrfs loaded, crc32c=crc32c-generic
[    3.430804] ff000000.serial: ttyPS0 at MMIO 0xff000000 (irq = 49, base_baud = 6249999) is a xuartps
[    3.439827] printk: console [ttyPS0] enabled
[    3.444123] printk: bootconsole [cdns0] disabled
[    3.453754] ff010000.serial: ttyPS1 at MMIO 0xff010000 (irq = 50, base_baud = 6249999) is a xuartps
[    3.466982] of-fpga-region fpga-full: FPGA Region probed
[    3.473947] nwl-pcie fd0e0000.pcie: host bridge /axi/pcie@fd0e0000 ranges:
[    3.480843] nwl-pcie fd0e0000.pcie:      MEM 0x00e0000000..0x00efffffff -> 0x00e0000000
[    3.488850] nwl-pcie fd0e0000.pcie:      MEM 0x0600000000..0x07ffffffff -> 0x0600000000
[    3.496915] nwl-pcie fd0e0000.pcie: Link is DOWN
[    3.501673] nwl-pcie fd0e0000.pcie: PCI host bridge to bus 0000:00
[    3.507850] pci_bus 0000:00: root bus resource [bus 00-ff]
[    3.513331] pci_bus 0000:00: root bus resource [mem 0xe0000000-0xefffffff]
[    3.520202] pci_bus 0000:00: root bus resource [mem 0x600000000-0x7ffffffff pref]
[    3.527707] pci 0000:00:00.0: [10ee:d021] type 01 class 0x060400
[    3.533761] pci 0000:00:00.0: PME# supported from D0 D1 D2 D3hot
[    3.544203] pci 0000:00:00.0: PCI bridge to [bus 01-0c]
[    3.550176] xilinx-zynqmp-dma fd500000.dma: ZynqMP DMA driver Probe success
[    3.557352] xilinx-zynqmp-dma fd510000.dma: ZynqMP DMA driver Probe success
[    3.564525] xilinx-zynqmp-dma fd520000.dma: ZynqMP DMA driver Probe success
[    3.571699] xilinx-zynqmp-dma fd530000.dma: ZynqMP DMA driver Probe success
[    3.578870] xilinx-zynqmp-dma fd540000.dma: ZynqMP DMA driver Probe success
[    3.586047] xilinx-zynqmp-dma fd550000.dma: ZynqMP DMA driver Probe success
[    3.593217] xilinx-zynqmp-dma fd560000.dma: ZynqMP DMA driver Probe success
[    3.600389] xilinx-zynqmp-dma fd570000.dma: ZynqMP DMA driver Probe success
[    3.607796] xilinx-zynqmp-dpdma fd4c0000.dma-controller: Xilinx DPDMA engine is probed
[    3.616346] ahci-ceva fd0c0000.ahci: supply ahci not found, using dummy regulator
[    3.623888] ahci-ceva fd0c0000.ahci: supply phy not found, using dummy regulator
[    3.711913] hmc7044 spi2.0: PLL1: Acquisition, CLKIN0 @ 122880000 Hz, PFD: 80 kHz - PLL2: Locked @ 2944.000000 MHz
[    3.722644] jesd204: /axi/spi@ff050000/hmc7044@0,jesd204:1,parent=spi2.0: Using as SYSREF provider
[    3.732234] spi-nor spi0.0: SPI-NOR-UniqueID 100000235394732200270025081115266e
[    3.739544] spi-nor spi0.0: found n25q512a, expected m25p80
[    3.745641] spi-nor spi0.0: trying to lock already unlocked area
[    3.751643] spi-nor spi0.0: n25q512a (131072 Kbytes)
[    3.756621] 4 fixed-partitions partitions found on MTD device spi0.0
[    3.762967] Creating 4 MTD partitions on "spi0.0":
[    3.767750] 0x000000000000-0x000000100000 : "qspi-fsbl-uboot"
[    3.774233] 0x000000100000-0x000000600000 : "qspi-linux"
[    3.780186] 0x000000600000-0x000000620000 : "qspi-device-tree"
[    3.786662] 0x000000620000-0x000000c00000 : "qspi-rootfs"
[    3.795118] macb ff0e0000.ethernet: Not enabling partial store and forward
[    3.802631] libphy: MACB_mii_bus: probed
[    3.807692] macb ff0e0000.ethernet eth0: Cadence GEM rev 0x50070106 at 0xff0e0000 irq 30 (00:0a:35:04:8e:1b)
[    3.817902] xilinx-axipmon ffa00000.perf-monitor: Probed Xilinx APM
[    3.824478] xilinx-axipmon fd0b0000.perf-monitor: Probed Xilinx APM
[    3.830999] xilinx-axipmon fd490000.perf-monitor: Probed Xilinx APM
[    3.837533] xilinx-axipmon ffa10000.perf-monitor: Probed Xilinx APM
[    3.847542] pca953x 0-0020: supply vcc not found, using dummy regulator
[    3.854226] pca953x 0-0020: using no AI
[    3.858709] gpio-496 (sel0): hogged as output/low
[    3.863605] gpio-497 (sel1): hogged as output/high
[    3.868589] gpio-498 (sel2): hogged as output/high
[    3.873579] gpio-499 (sel3): hogged as output/high
[    3.878748] pca953x 0-0021: supply vcc not found, using dummy regulator
[    3.885413] pca953x 0-0021: using no AI
[    3.891178] ina2xx 2-0040: power monitor ina226 (Rshunt = 5000 uOhm)
[    3.898201] ina2xx 2-0041: power monitor ina226 (Rshunt = 5000 uOhm)
[    3.905227] ina2xx 2-0042: power monitor ina226 (Rshunt = 5000 uOhm)
[    3.912258] ina2xx 2-0043: power monitor ina226 (Rshunt = 5000 uOhm)
[    3.919285] ina2xx 2-0044: power monitor ina226 (Rshunt = 5000 uOhm)
[    3.926302] ina2xx 2-0045: power monitor ina226 (Rshunt = 5000 uOhm)
[    3.933330] ina2xx 2-0046: power monitor ina226 (Rshunt = 5000 uOhm)
[    3.940410] ina2xx 2-0047: power monitor ina226 (Rshunt = 5000 uOhm)
[    3.947447] ina2xx 2-004a: power monitor ina226 (Rshunt = 5000 uOhm)
[    3.954475] ina2xx 2-004b: power monitor ina226 (Rshunt = 5000 uOhm)
[    3.960880] i2c i2c-0: Added multiplexed i2c bus 2
[    3.966263] random: fast init done
[    3.969851] ina2xx 3-0040: power monitor ina226 (Rshunt = 2000 uOhm)
[    3.976876] ina2xx 3-0041: power monitor ina226 (Rshunt = 5000 uOhm)
[    3.983901] ina2xx 3-0042: power monitor ina226 (Rshunt = 5000 uOhm)
[    3.990920] ina2xx 3-0043: power monitor ina226 (Rshunt = 5000 uOhm)
[    3.997944] ina2xx 3-0044: power monitor ina226 (Rshunt = 5000 uOhm)
[    4.004963] ina2xx 3-0045: power monitor ina226 (Rshunt = 5000 uOhm)
[    4.011997] ina2xx 3-0046: power monitor ina226 (Rshunt = 5000 uOhm)
[    4.019019] ina2xx 3-0047: power monitor ina226 (Rshunt = 5000 uOhm)
[    4.025417] i2c i2c-0: Added multiplexed i2c bus 3
[    4.081293] i2c i2c-0: Added multiplexed i2c bus 4
[    4.086234] i2c i2c-0: Added multiplexed i2c bus 5
[    4.091025] pca954x 0-0075: registered 4 multiplexed busses for I2C mux pca9544
[    4.098374] cdns-i2c ff020000.i2c: 400 kHz mmio ff020000 irq 32
[    4.106103] at24 6-0054: supply vcc not found, using dummy regulator
[    4.112990] at24 6-0054: 1024 byte 24c08 EEPROM, writable, 1 bytes/write
[    4.119743] i2c i2c-1: Added multiplexed i2c bus 6
[    4.126156] si5341 7-0036: Chip: 5341 Grade: 1 Rev: 1
[    4.163528] i2c i2c-1: Added multiplexed i2c bus 7
[    4.171178] si570 8-005d: registered, current frequency 300000000 Hz
[    4.177579] i2c i2c-1: Added multiplexed i2c bus 8
[    4.197337] si570 9-005d: registered, current frequency 148500000 Hz
[    4.203746] i2c i2c-1: Added multiplexed i2c bus 9
[    4.208786] si5324 10-0069: si5328 probed
[    4.276048] si5324 10-0069: si5328 probe successful
[    4.280975] i2c i2c-1: Added multiplexed i2c bus 10
[    4.286005] i2c i2c-1: Added multiplexed i2c bus 11
[    4.291027] i2c i2c-1: Added multiplexed i2c bus 12
[    4.296053] i2c i2c-1: Added multiplexed i2c bus 13
[    4.300933] pca954x 1-0074: registered 8 multiplexed busses for I2C switch pca9548
[    4.309046] at24 14-0050: supply vcc not found, using dummy regulator
[    4.315838] at24 14-0050: 256 byte 24c02 EEPROM, writable, 1 bytes/write
[    4.322585] i2c i2c-1: Added multiplexed i2c bus 14
[    4.327621] i2c i2c-1: Added multiplexed i2c bus 15
[    4.332649] i2c i2c-1: Added multiplexed i2c bus 16
[    4.337690] i2c i2c-1: Added multiplexed i2c bus 17
[    4.342727] i2c i2c-1: Added multiplexed i2c bus 18
[    4.347772] i2c i2c-1: Added multiplexed i2c bus 19
[    4.352816] i2c i2c-1: Added multiplexed i2c bus 20
[    4.357848] i2c i2c-1: Added multiplexed i2c bus 21
[    4.362725] pca954x 1-0075: registered 8 multiplexed busses for I2C switch pca9548
[    4.370335] cdns-i2c ff030000.i2c: 400 kHz mmio ff030000 irq 33
[    4.380079] cdns-wdt fd4d0000.watchdog: Xilinx Watchdog Timer with timeout 60s
[    4.390868] axi_adxcvr 84a60000.axi-adxcvr-rx: AXI-ADXCVR-RX (17.05.a) using CPLL on GTH4 at 0x84A60000. Number of lanes: 4.
[    4.403035] axi_adxcvr 84b60000.axi-adxcvr-tx: AXI-ADXCVR-TX (17.05.a) using QPLL on GTH4 at 0x84B60000. Number of lanes: 4.
[    4.414670] axi-jesd204-rx 84a90000.axi-jesd204-rx: AXI-JESD204-RX (1.07.a) at 0x84A90000. Encoder 8b10b, width 4/4, lanes 4, jesd204-fsm.
[    4.422172] mmc0: SDHCI controller on ff170000.mmc [ff170000.mmc] using ADMA 64-bit
[    4.427505] axi-jesd204-tx 84b90000.axi-jesd204-tx: AXI-JESD204-TX (1.06.a) at 0x84B90000. Encoder 8b10b, width 4/4, lanes 4, jesd204-fsm.
[    4.448318] zynqmp-display fd4a0000.display: vtc bridge property not present
[    4.457976] xilinx-dp-snd-codec fd4a0000.display:zynqmp_dp_snd_codec0: Failed to get required clock freq
[    4.467479] xilinx-dp-snd-codec: probe of fd4a0000.display:zynqmp_dp_snd_codec0 failed with error -22
[    4.477010] xilinx-dp-snd-pcm zynqmp_dp_snd_pcm0: Xilinx DisplayPort Sound PCM probed
[    4.485168] xilinx-dp-snd-pcm zynqmp_dp_snd_pcm1: Xilinx DisplayPort Sound PCM probed
[    4.493366] OF: graph: no port node found in /axi/display@fd4a0000
[    4.499891] xlnx-drm xlnx-drm.0: bound fd4a0000.display (ops 0xffffffc010fcbdb8)
[    4.539943] mmc0: new high speed SDHC card at address 0001
[    4.545777] mmcblk0: mmc0:0001 EB1QT 29.8 GiB 
[    4.551502]  mmcblk0: p1 p2 p3
[    5.583759] zynqmp-display fd4a0000.display: [drm] Cannot find any crtc or sizes
[    5.591379] [drm] Initialized xlnx 1.0.0 20130509 for fd4a0000.display on minor 0
[    5.598875] zynqmp-display fd4a0000.display: ZynqMP DisplayPort Subsystem driver probed
[    5.607235] ahci-ceva fd0c0000.ahci: supply ahci not found, using dummy regulator
[    5.614778] ahci-ceva fd0c0000.ahci: supply phy not found, using dummy regulator
[    5.622231] ahci-ceva fd0c0000.ahci: supply target not found, using dummy regulator
[    5.640121] ahci-ceva fd0c0000.ahci: AHCI 0001.0301 32 slots 2 ports 6 Gbps 0x3 impl platform mode
[    5.649078] ahci-ceva fd0c0000.ahci: flags: 64bit ncq sntf pm clo only pmp fbs pio slum part ccc sds apst 
[    5.659693] scsi host0: ahci-ceva
[    5.663276] scsi host1: ahci-ceva
[    5.666712] ata1: SATA max UDMA/133 mmio [mem 0xfd0c0000-0xfd0c1fff] port 0x100 irq 45
[    5.674627] ata2: SATA max UDMA/133 mmio [mem 0xfd0c0000-0xfd0c1fff] port 0x180 irq 45
[    5.683230] ad9081 spi1.0: supply vdd not found, using dummy regulator
[    5.993997] ata1: SATA link down (SStatus 0 SControl 330)
[    5.999404] ata2: SATA link down (SStatus 0 SControl 330)
[    6.667757] zynqmp-display fd4a0000.display: [drm] Cannot find any crtc or sizes
[    7.524157] ad9081 spi1.0: AD9081 Rev. 2 Grade 10 (API 1.2.2) probed
[    7.531346] xhci-hcd xhci-hcd.1.auto: xHCI Host Controller
[    7.536840] xhci-hcd xhci-hcd.1.auto: new USB bus registered, assigned bus number 1
[    7.544587] xhci-hcd xhci-hcd.1.auto: hcc params 0x0238f625 hci version 0x100 quirks 0x0000000002010810
[    7.554006] xhci-hcd xhci-hcd.1.auto: irq 59, io mem 0xfe200000
[    7.560122] usb usb1: New USB device found, idVendor=1d6b, idProduct=0002, bcdDevice= 5.10
[    7.568379] usb usb1: New USB device strings: Mfr=3, Product=2, SerialNumber=1
[    7.575597] usb usb1: Product: xHCI Host Controller
[    7.580466] usb usb1: Manufacturer: Linux 5.10.0-98103-g2aa7ac113716 xhci-hcd
[    7.587592] usb usb1: SerialNumber: xhci-hcd.1.auto
[    7.592760] hub 1-0:1.0: USB hub found
[    7.596528] hub 1-0:1.0: 1 port detected
[    7.600630] xhci-hcd xhci-hcd.1.auto: xHCI Host Controller
[    7.606115] xhci-hcd xhci-hcd.1.auto: new USB bus registered, assigned bus number 2
[    7.613767] xhci-hcd xhci-hcd.1.auto: Host supports USB 3.0 SuperSpeed
[    7.620394] usb usb2: New USB device found, idVendor=1d6b, idProduct=0003, bcdDevice= 5.10
[    7.628652] usb usb2: New USB device strings: Mfr=3, Product=2, SerialNumber=1
[    7.635877] usb usb2: Product: xHCI Host Controller
[    7.640749] usb usb2: Manufacturer: Linux 5.10.0-98103-g2aa7ac113716 xhci-hcd
[    7.647874] usb usb2: SerialNumber: xhci-hcd.1.auto
[    7.652983] hub 2-0:1.0: USB hub found
[    7.656745] hub 2-0:1.0: 1 port detected
[    7.686783] cf_axi_adc 84a10000.axi-ad9081-rx-hpc: ADI AIM (10.01.b) at 0x84A10000 mapped to 0x(____ptrval____), probed ADC AD9081 as MASTER
[    7.720584] cf_axi_dds 84b10000.axi-ad9081-tx-hpc: Analog Devices CF_AXI_DDS_DDS MASTER (9.01.b) at 0x84B10000 mapped to 0x(____ptrval____), probed DDS AD9081
[    7.734790] jesd204: /axi/spi@ff040000/ad9081@0,jesd204:0,parent=spi1.0: JESD204[2] transition initialized -> probed
[    7.745316] jesd204: /axi/spi@ff040000/ad9081@0,jesd204:0,parent=spi1.0: JESD204[0] transition initialized -> probed
[    7.755839] jesd204: /axi/spi@ff040000/ad9081@0,jesd204:0,parent=spi1.0: JESD204[2] transition probed -> idle
[    7.765748] jesd204: /axi/spi@ff040000/ad9081@0,jesd204:0,parent=spi1.0: JESD204[0] transition probed -> idle
[    7.775662] jesd204: /axi/spi@ff040000/ad9081@0,jesd204:0,parent=spi1.0: JESD204[2] transition idle -> device_init
[    7.786005] jesd204: /axi/spi@ff040000/ad9081@0,jesd204:0,parent=spi1.0: JESD204[0] transition idle -> device_init
[    7.796357] jesd204: /axi/spi@ff040000/ad9081@0,jesd204:0,parent=spi1.0: JESD204[2] transition device_init -> link_init
[    7.807132] jesd204: /axi/spi@ff040000/ad9081@0,jesd204:0,parent=spi1.0: JESD204[0] transition device_init -> link_init
[    7.817924] jesd204: /axi/spi@ff040000/ad9081@0,jesd204:0,parent=spi1.0: JESD204[2] transition link_init -> link_supported
[    7.828962] jesd204: /axi/spi@ff040000/ad9081@0,jesd204:0,parent=spi1.0: JESD204[0] transition link_init -> link_supported
[    7.840376] hmc7044 spi2.0: hmc7044_jesd204_link_pre_setup: Link2 forcing continuous SYSREF mode
[    7.849555] jesd204: /axi/spi@ff040000/ad9081@0,jesd204:0,parent=spi1.0: JESD204[2] transition link_supported -> link_pre_setup
[    7.861029] jesd204: /axi/spi@ff040000/ad9081@0,jesd204:0,parent=spi1.0: JESD204[0] transition link_supported -> link_pre_setup
[    7.884862] jesd204: /axi/spi@ff040000/ad9081@0,jesd204:0,parent=spi1.0: JESD204[2] transition link_pre_setup -> clk_sync_stage1
[    7.896425] jesd204: /axi/spi@ff040000/ad9081@0,jesd204:0,parent=spi1.0: JESD204[0] transition link_pre_setup -> clk_sync_stage1
[    7.907989] jesd204: /axi/spi@ff040000/ad9081@0,jesd204:0,parent=spi1.0: JESD204[2] transition clk_sync_stage1 -> clk_sync_stage2
[    7.919634] jesd204: /axi/spi@ff040000/ad9081@0,jesd204:0,parent=spi1.0: JESD204[0] transition clk_sync_stage1 -> clk_sync_stage2
[    7.931286] jesd204: /axi/spi@ff040000/ad9081@0,jesd204:0,parent=spi1.0: JESD204[2] transition clk_sync_stage2 -> clk_sync_stage3
[    7.942930] jesd204: /axi/spi@ff040000/ad9081@0,jesd204:0,parent=spi1.0: JESD204[0] transition clk_sync_stage2 -> clk_sync_stage3
[    7.956602] jesd204: /axi/spi@ff040000/ad9081@0,jesd204:0,parent=spi1.0: JESD204[2] transition clk_sync_stage3 -> link_setup
[    7.967816] jesd204: /axi/spi@ff040000/ad9081@0,jesd204:0,parent=spi1.0: JESD204[0] transition clk_sync_stage3 -> link_setup
[    7.983788] jesd204: /axi/spi@ff040000/ad9081@0,jesd204:0,parent=spi1.0: JESD204[2] transition link_setup -> opt_setup_stage1
[    7.995091] jesd204: /axi/spi@ff040000/ad9081@0,jesd204:0,parent=spi1.0: JESD204[0] transition link_setup -> opt_setup_stage1
[    8.011259] jesd204: /axi/spi@ff040000/ad9081@0,jesd204:0,parent=spi1.0: JESD204[2] transition opt_setup_stage1 -> opt_setup_stage2
[    8.023084] jesd204: /axi/spi@ff040000/ad9081@0,jesd204:0,parent=spi1.0: JESD204[0] transition opt_setup_stage1 -> opt_setup_stage2
[    8.035105] jesd204: /axi/spi@ff040000/ad9081@0,jesd204:0,parent=spi1.0: JESD204[2] transition opt_setup_stage2 -> opt_setup_stage3
[    8.046929] jesd204: /axi/spi@ff040000/ad9081@0,jesd204:0,parent=spi1.0: JESD204[0] transition opt_setup_stage2 -> opt_setup_stage3
[    8.058751] jesd204: /axi/spi@ff040000/ad9081@0,jesd204:0,parent=spi1.0: JESD204[2] transition opt_setup_stage3 -> opt_setup_stage4
[    8.070575] jesd204: /axi/spi@ff040000/ad9081@0,jesd204:0,parent=spi1.0: JESD204[0] transition opt_setup_stage3 -> opt_setup_stage4
[    8.082399] jesd204: /axi/spi@ff040000/ad9081@0,jesd204:0,parent=spi1.0: JESD204[2] transition opt_setup_stage4 -> opt_setup_stage5
[    8.094223] jesd204: /axi/spi@ff040000/ad9081@0,jesd204:0,parent=spi1.0: JESD204[0] transition opt_setup_stage4 -> opt_setup_stage5
[    8.110156] jesd204: /axi/spi@ff040000/ad9081@0,jesd204:0,parent=spi1.0: JESD204[2] transition opt_setup_stage5 -> clocks_enable
[    8.121714] jesd204: /axi/spi@ff040000/ad9081@0,jesd204:0,parent=spi1.0: JESD204[0] transition opt_setup_stage5 -> clocks_enable
[    8.168601] axi_adxcvr 84a60000.axi-adxcvr-rx: adxcvr_clk_enable: CPLL RX buffer underflow error, status: 0x61
[    8.178591] axi_adxcvr 84a60000.axi-adxcvr-rx: adxcvr_clk_enable: CPLL RX buffer overflow error, status: 0x61
[    8.188564] jesd204: /axi/spi@ff040000/ad9081@0,jesd204:0,parent=spi1.0: JESD204[2] transition clocks_enable -> link_enable
[    8.199694] jesd204: /axi/spi@ff040000/ad9081@0,jesd204:0,parent=spi1.0: JESD204[0] transition clocks_enable -> link_enable
[    8.231971] ad9081 spi1.0: JESD RX (JTX) Link2 in DATA, SYNC deasserted, PLL locked, PHASE established, MODE valid
[    8.242561] ad9081 spi1.0: JESD TX (JRX) Link0 0xF lanes in DATA
[    8.248565] jesd204: /axi/spi@ff040000/ad9081@0,jesd204:0,parent=spi1.0: JESD204[2] transition link_enable -> link_running
[    8.259603] jesd204: /axi/spi@ff040000/ad9081@0,jesd204:0,parent=spi1.0: JESD204[0] transition link_enable -> link_running
[    8.270648] jesd204: /axi/spi@ff040000/ad9081@0,jesd204:0,parent=spi1.0: JESD204[2] transition link_running -> opt_post_running_stage
[    8.282641] jesd204: /axi/spi@ff040000/ad9081@0,jesd204:0,parent=spi1.0: JESD204[0] transition link_running -> opt_post_running_stage
[    8.303848] input: gpio-keys as /devices/platform/gpio-keys/input/input0
[    8.310860] of_cfs_init
[    8.313322] of_cfs_init: OK
[    8.316262] cfg80211: Loading compiled-in X.509 certificates for regulatory database
[    8.454414] cfg80211: Loaded X.509 cert 'sforshee: 00b28ddf47aef9cea7'
[    8.460948] clk: Not disabling unused clocks
[    8.465478] ALSA device list:
[    8.468439]   No soundcards found.
[    8.472126] platform regulatory.0: Direct firmware load for regulatory.db failed with error -2
[    8.480734] cfg80211: failed to load regulatory.db
[    8.482154] EXT4-fs (mmcblk0p2): mounted filesystem with ordered data mode. Opts: (null)
[    8.493635] VFS: Mounted root (ext4 filesystem) on device 179:2.
[    8.507334] devtmpfs: mounted
[    8.511147] Freeing unused kernel memory: 2560K
[    8.531790] Run /sbin/init as init process
[    8.535882]   with arguments:
[    8.535885]     /sbin/init
[    8.535887]   with environment:
[    8.535889]     HOME=/
[    8.535891]     TERM=linux
[    9.115799] systemd[1]: systemd 241 running in system mode. (+PAM +AUDIT +SELINUX +IMA +APPARMOR +SMACK +SYSVINIT +UTMP +LIBCRYPTSETUP +GCRYPT +GNUTLS +ACL +XZ +LZ4 +SECCOMP +BLKID +ELFUTILS +KMOD -IDN2 +IDN -PCRE2 default-hierarchy=hybrid)
[    9.137672] systemd[1]: Detected architecture arm64.
[    9.160475] systemd[1]: Set hostname to <analog>.
[    9.346047] systemd[1]: File /lib/systemd/system/systemd-journald.service:12 configures an IP firewall (IPAddressDeny=any), but the local system does not support BPF/cgroup based firewalling.
[    9.363098] systemd[1]: Proceeding WITHOUT firewalling in effect! (This warning is only shown for the first loaded unit using IP firewalling.)
[    9.528431] systemd[1]: /etc/systemd/system/tof-server.service:1: Assignment outside of section. Ignoring.
[    9.538127] systemd[1]: /etc/systemd/system/tof-server.service:2: Assignment outside of section. Ignoring.
[    9.723543] random: systemd: uninitialized urandom read (16 bytes read)
[    9.738371] random: systemd: uninitialized urandom read (16 bytes read)
[    9.745580] systemd[1]: Created slice system-systemd\x2dfsck.slice.
[    9.767844] random: systemd: uninitialized urandom read (16 bytes read)
[    9.774613] systemd[1]: Started Forward Password Requests to Wall Directory Watch.
[    9.800002] systemd[1]: Listening on initctl Compatibility Named Pipe.
[   10.402489] ------------[ cut here ]------------
[   10.402499] Enabling unprepared \xa0\xe1O\x88\xff\xff\xff\x98O\x88\xff\xff\xff
[   10.402544] WARNING: CPU: 1 PID: 131 at drivers/clk/clk.c:1012 clk_core_enable+0xa4/0xc0
[   10.402547] Modules linked in:
[   10.402558] CPU: 1 PID: 131 Comm: kworker/1:1H Not tainted 5.10.0-98103-g2aa7ac113716 #5577
[   10.402561] Hardware name: ZynqMP ZCU102 Rev1.0 (DT)
[   10.402570] Workqueue: kblockd blk_mq_run_work_fn
[   10.402578] pstate: 80000085 (Nzcv daIf -PAN -UAO -TCO BTYPE=--)
[   10.402583] pc : clk_core_enable+0xa4/0xc0
[   10.402588] lr : clk_core_enable+0xa4/0xc0
[   10.402591] sp : ffffffc012aeb2d0
[   10.402594] x29: ffffffc012aeb2d0 x28: ffffff8800330c10 
[   10.402601] x27: ffffff8800330d48 x26: 0000005000000101 
[   10.402607] x25: 00000002609bcd3e x24: 0000000000000001 
[   10.402614] x23: ffffff8801157280 x22: ffffff88010c3220 
[   10.402620] x21: ffffff88014f9800 x20: ffffff88014f9808 
[   10.402627] x19: ffffff88014f9808 x18: 0000000000000030 
[   10.402633] x17: 0000000000000003 x16: 0000ae9186f78a84 
[   10.402640] x15: ffffffffffff8770 x14: ffffffc011d3b1a0 
[   10.402646] x13: ffffffc011d3b1c8 x12: 00000000000005eb 
[   10.402653] x11: 00000000000001f9 x10: ffffffc011d671c8 
[   10.402659] x9 : 00000000fffff800 x8 : ffffffc011d3b1c8 
[   10.402666] x7 : ffffffc011d671c8 x6 : 0000000000000001 
[   10.402672] x5 : ffffff887f77c9e0 x4 : 0000000000000000 
[   10.402678] x3 : 0000000000000027 x2 : 0000000000000023 
[   10.402685] x1 : 64f487cd69937100 x0 : 0000000000000000 
[   10.402691] Call trace:
[   10.402698]  clk_core_enable+0xa4/0xc0
[   10.402702]  clk_enable+0x2c/0x60
[   10.402709]  zynqmp_runtime_resume+0x24/0x84
[   10.402715]  pm_generic_runtime_resume+0x30/0x50
[   10.402721]  __genpd_runtime_resume+0x30/0xb0
[   10.402728]  genpd_runtime_resume+0x90/0x250
[   10.402734]  __rpm_callback+0x10c/0x1e0
[   10.402739]  rpm_callback+0x5c/0x84
[   10.402744]  rpm_resume+0x4a4/0x74c
[   10.402749]  __pm_runtime_resume+0x78/0xc4
[   10.402753]  spi_mem_access_start.isra.0+0x30/0x80
[   10.402758]  spi_mem_exec_op+0x3b0/0x424
[   10.402763]  spi_nor_read_sr+0x78/0xe0
[   10.402768]  spi_nor_wait_till_ready_with_timeout+0xb4/0x2f0
[   10.402772]  spi_nor_read+0x188/0x380
[   10.402777]  mtd_read_oob_std+0x78/0x84
[   10.402782]  mtd_read_oob+0x7c/0x134
[   10.402786]  mtd_read+0x48/0x7c
[   10.402792]  mtdblock_readsect+0x6c/0x150
[   10.402797]  mtd_queue_rq+0x2cc/0x5a0
[   10.402803]  blk_mq_dispatch_rq_list+0x110/0x790
[   10.402809]  __blk_mq_do_dispatch_sched+0x200/0x274
[   10.402814]  __blk_mq_sched_dispatch_requests+0x1a8/0x1fc
[   10.402820]  blk_mq_sched_dispatch_requests+0x3c/0x7c
[   10.402825]  __blk_mq_run_hw_queue+0x98/0x100
[   10.402830]  blk_mq_run_work_fn+0x24/0x30
[   10.402835]  process_one_work+0x1d4/0x380
[   10.402839]  worker_thread+0x78/0x4e0
[   10.402845]  kthread+0x124/0x130
[   10.402850]  ret_from_fork+0x10/0x3c
[   10.402854] ---[ end trace 6fd08d2e1a0cc49f ]---
[   10.402862] zynqmp-qspi ff0f0000.spi: Cannot enable APB clock.
[   10.402912] spi_master spi0: Failed to power device: -108
[   10.402922] blk_update_request: I/O error, dev mtdblock0, sector 8 op 0x0:(READ) flags 0x80700 phys_seg 1 prio class 0
[   10.402991] spi_master spi0: Failed to power device: -22
[   10.402997] blk_update_request: I/O error, dev mtdblock0, sector 8 op 0x0:(READ) flags 0x0 phys_seg 8 prio class 0
[   10.403003] Buffer I/O error on dev mtdblock0, logical block 8, async page read
[   10.403012] spi_master spi0: Failed to power device: -22
[   10.403018] blk_update_request: I/O error, dev mtdblock0, sector 9 op 0x0:(READ) flags 0x0 phys_seg 7 prio class 0
[   10.403022] Buffer I/O error on dev mtdblock0, logical block 9, async page read
[   10.403029] spi_master spi0: Failed to power device: -22
[   10.403035] blk_update_request: I/O error, dev mtdblock0, sector 10 op 0x0:(READ) flags 0x0 phys_seg 6 prio class 0
[   10.403038] Buffer I/O error on dev mtdblock0, logical block 10, async page read
[   10.403046] spi_master spi0: Failed to power device: -22
[   10.403051] blk_update_request: I/O error, dev mtdblock0, sector 11 op 0x0:(READ) flags 0x0 phys_seg 5 prio class 0
[   10.403055] Buffer I/O error on dev mtdblock0, logical block 11, async page read
[   10.403062] spi_master spi0: Failed to power device: -22
[   10.403067] blk_update_request: I/O error, dev mtdblock0, sector 12 op 0x0:(READ) flags 0x0 phys_seg 4 prio class 0
[   10.403071] Buffer I/O error on dev mtdblock0, logical block 12, async page read
[   10.403078] spi_master spi0: Failed to power device: -22
[   10.403084] blk_update_request: I/O error, dev mtdblock0, sector 13 op 0x0:(READ) flags 0x0 phys_seg 3 prio class 0
[   10.403088] Buffer I/O error on dev mtdblock0, logical block 13, async page read
[   10.403094] spi_master spi0: Failed to power device: -22
[   10.403100] blk_update_request: I/O error, dev mtdblock0, sector 14 op 0x0:(READ) flags 0x0 phys_seg 2 prio class 0
[   10.403104] Buffer I/O error on dev mtdblock0, logical block 14, async page read
[   10.403110] spi_master spi0: Failed to power device: -22
[   10.403116] blk_update_request: I/O error, dev mtdblock0, sector 15 op 0x0:(READ) flags 0x0 phys_seg 1 prio class 0
[   10.403119] Buffer I/O error on dev mtdblock0, logical block 15, async page read
[   10.403422] spi_master spi0: Failed to power device: -22
[   10.403430] blk_update_request: I/O error, dev mtdblock1, sector 10112 op 0x0:(READ) flags 0x80700 phys_seg 1 prio class 0
[   10.403472] spi_master spi0: Failed to power device: -22
[   10.403478] Buffer I/O error on dev mtdblock1, logical block 10112, async page read
[   10.403486] spi_master spi0: Failed to power device: -22
[   10.403491] Buffer I/O error on dev mtdblock1, logical block 10113, async page read
[   10.403498] spi_master spi0: Failed to power device: -22
[   10.403505] spi_master spi0: Failed to power device: -22
[   10.403513] spi_master spi0: Failed to power device: -22
[   10.403520] spi_master spi0: Failed to power device: -22
[   10.403527] spi_master spi0: Failed to power device: -22
[   10.403534] spi_master spi0: Failed to power device: -22
[   10.407909] spi_master spi0: Failed to power device: -22
[   10.407962] spi_master spi0: Failed to power device: -22
[   10.407972] spi_master spi0: Failed to power device: -22
[   10.407980] spi_master spi0: Failed to power device: -22
[   10.407987] spi_master spi0: Failed to power device: -22
[   10.407995] spi_master spi0: Failed to power device: -22
[   10.408003] spi_master spi0: Failed to power device: -22
[   10.408010] spi_master spi0: Failed to power device: -22
[   10.408017] spi_master spi0: Failed to power device: -22
[   10.408307] spi_master spi0: Failed to power device: -22
[   10.408351] spi_master spi0: Failed to power device: -22
[   10.408360] spi_master spi0: Failed to power device: -22
[   10.408368] spi_master spi0: Failed to power device: -22
[   10.408376] spi_master spi0: Failed to power device: -22
[   10.408384] spi_master spi0: Failed to power device: -22
[   10.408391] spi_master spi0: Failed to power device: -22
[   10.408398] spi_master spi0: Failed to power device: -22
[   10.408406] spi_master spi0: Failed to power device: -22
[   10.534857] EXT4-fs (mmcblk0p2): re-mounted. Opts: (null)
[   10.623779] systemd-journald[168]: Received request to flush runtime journal from PID 1
[   16.519732] macb ff0e0000.ethernet eth0: PHY [ff0e0000.ethernet-ffffffff:0c] driver [TI DP83867] (irq=POLL)
[   16.519767] macb ff0e0000.ethernet eth0: configuring for phy/rgmii-id link mode
[   16.795772] Adding 98300k swap on /var/swap.  Priority:-2 extents:1 across:98300k SS
[   18.503763] random: crng init done
[   18.503775] random: 7 urandom warning(s) missed due to ratelimiting
[   19.398381] broken atomic modeset userspace detected, disabling atomic
[   20.605376] macb ff0e0000.ethernet eth0: Link is Up - 1Gbps/Full - flow control off
[   20.605401] IPv6: ADDRCONF(NETDEV_CHANGE): eth0: link becomes ready
[   22.062487] broken atomic modeset userspace detected, disabling atomic
[   24.938536] broken atomic modeset userspace detected, disabling atomic
[   27.582870] broken atomic modeset userspace detected, disabling atomic