[    0.000000] Booting Linux on physical CPU 0x0000000000 [0x410fd034]
[    0.000000] Linux version 5.10.0-98103-g2aa7ac113716 (jenkins@romlxbuild1.adlk.analog.com) (aarch64-xilinx-linux-gcc.real (GCC) 10.2.0, GNU ld (GNU Binutils) 2.35.0.20200730) #5577 SMP Wed Mar 23 07:28:49 GMT 2022
[    0.000000] Machine model: ZynqMP ZCU102 Rev1.0
[    0.000000] earlycon: cdns0 at MMIO 0x00000000ff000000 (options '115200n8')
[    0.000000] printk: bootconsole [cdns0] enabled
[    0.000000] efi: UEFI not found.
[    0.000000] cma: Reserved 256 MiB at 0x0000000070000000
[    0.000000] Zone ranges:
[    0.000000]   DMA      [mem 0x0000000000000000-0x000000003fffffff]
[    0.000000]   DMA32    [mem 0x0000000040000000-0x00000000ffffffff]
[    0.000000]   Normal   [mem 0x0000000100000000-0x000000087fffffff]
[    0.000000] Movable zone start for each node
[    0.000000] Early memory node ranges
[    0.000000]   node   0: [mem 0x0000000000000000-0x000000007fffffff]
[    0.000000]   node   0: [mem 0x0000000800000000-0x000000087fffffff]
[    0.000000] Initmem setup node 0 [mem 0x0000000000000000-0x000000087fffffff]
[    0.000000] On node 0 totalpages: 1048576
[    0.000000]   DMA zone: 3584 pages used for memmap
[    0.000000]   DMA zone: 0 pages reserved
[    0.000000]   DMA zone: 262144 pages, LIFO batch:63
[    0.000000]   DMA32 zone: 3584 pages used for memmap
[    0.000000]   DMA32 zone: 262144 pages, LIFO batch:63
[    0.000000]   Normal zone: 7168 pages used for memmap
[    0.000000]   Normal zone: 524288 pages, LIFO batch:63
[    0.000000] psci: probing for conduit method from DT.
[    0.000000] psci: PSCIv1.1 detected in firmware.
[    0.000000] psci: Using standard PSCI v0.2 function IDs
[    0.000000] psci: MIGRATE_INFO_TYPE not supported.
[    0.000000] psci: SMC Calling Convention v1.2
[    0.000000] percpu: Embedded 22 pages/cpu s49496 r8192 d32424 u90112
[    0.000000] pcpu-alloc: s49496 r8192 d32424 u90112 alloc=22*4096
[    0.000000] pcpu-alloc: [0] 0 [0] 1 [0] 2 [0] 3 
[    0.000000] Detected VIPT I-cache on CPU0
[    0.000000] CPU features: detected: ARM erratum 845719
[    0.000000] Built 1 zonelists, mobility grouping on.  Total pages: 1034240
[    0.000000] Kernel command line: console=ttyPS0,115200 root=/dev/mmcblk0p2 rw earlycon rootfstype=ext4 rootwait clk_ignore_unused cpuidle.off=1 root=/dev/mmcblk0p2 rw rootwait
[    0.000000] Dentry cache hash table entries: 524288 (order: 10, 4194304 bytes, linear)
[    0.000000] Inode-cache hash table entries: 262144 (order: 9, 2097152 bytes, linear)
[    0.000000] mem auto-init: stack:off, heap alloc:off, heap free:off
[    0.000000] software IO TLB: mapped [mem 0x000000003bfff000-0x000000003ffff000] (64MB)
[    0.000000] Memory: 3761904K/4194304K available (15296K kernel code, 1636K rwdata, 11876K rodata, 2560K init, 507K bss, 170256K reserved, 262144K cma-reserved)
[    0.000000] rcu: Hierarchical RCU implementation.
[    0.000000] rcu: 	RCU event tracing is enabled.
[    0.000000] rcu: 	RCU restricting CPUs from NR_CPUS=8 to nr_cpu_ids=4.
[    0.000000] rcu: RCU calculated value of scheduler-enlistment delay is 25 jiffies.
[    0.000000] rcu: Adjusting geometry for rcu_fanout_leaf=16, nr_cpu_ids=4
[    0.000000] NR_IRQS: 64, nr_irqs: 64, preallocated irqs: 0
[    0.000000] GIC: Adjusting CPU interface base to 0x00000000f902f000
[    0.000000] GIC: Using split EOI/Deactivate mode
[    0.000000] random: get_random_bytes called from start_kernel+0x31c/0x54c with crng_init=0
[    0.000000] arch_timer: cp15 timer(s) running at 100.00MHz (phys).
[    0.000000] clocksource: arch_sys_counter: mask: 0xffffffffffffff max_cycles: 0x171024e7e0, max_idle_ns: 440795205315 ns
[    0.000003] sched_clock: 56 bits at 100MHz, resolution 10ns, wraps every 4398046511100ns
[    0.008461] Console: colour dummy device 80x25
[    0.012482] Calibrating delay loop (skipped), value calculated using timer frequency.. 200.00 BogoMIPS (lpj=400000)
[    0.022841] pid_max: default: 32768 minimum: 301
[    0.027549] Mount-cache hash table entries: 8192 (order: 4, 65536 bytes, linear)
[    0.034789] Mountpoint-cache hash table entries: 8192 (order: 4, 65536 bytes, linear)
[    0.043397] rcu: Hierarchical SRCU implementation.
[    0.047560] EFI services will not be available.
[    0.051940] smp: Bringing up secondary CPUs ...
[    0.056656] Detected VIPT I-cache on CPU1
[    0.056695] CPU1: Booted secondary processor 0x0000000001 [0x410fd034]
[    0.057062] Detected VIPT I-cache on CPU2
[    0.057087] CPU2: Booted secondary processor 0x0000000002 [0x410fd034]
[    0.057426] Detected VIPT I-cache on CPU3
[    0.057448] CPU3: Booted secondary processor 0x0000000003 [0x410fd034]
[    0.057495] smp: Brought up 1 node, 4 CPUs
[    0.091780] SMP: Total of 4 processors activated.
[    0.096452] CPU features: detected: 32-bit EL0 Support
[    0.101556] CPU features: detected: CRC32 instructions
[    0.106695] CPU: All CPU(s) started at EL2
[    0.110736] alternatives: patching kernel code
[    0.116168] devtmpfs: initialized
[    0.124064] Registered cp15_barrier emulation handler
[    0.124115] Registered setend emulation handler
[    0.128091] clocksource: jiffies: mask: 0xffffffff max_cycles: 0xffffffff, max_idle_ns: 7645041785100000 ns
[    0.137671] futex hash table entries: 1024 (order: 4, 65536 bytes, linear)
[    0.151031] pinctrl core: initialized pinctrl subsystem
[    0.151678] NET: Registered protocol family 16
[    0.156105] DMA: preallocated 512 KiB GFP_KERNEL pool for atomic allocations
[    0.162117] DMA: preallocated 512 KiB GFP_KERNEL|GFP_DMA pool for atomic allocations
[    0.169842] DMA: preallocated 512 KiB GFP_KERNEL|GFP_DMA32 pool for atomic allocations
[    0.177644] audit: initializing netlink subsys (disabled)
[    0.183096] audit: type=2000 audit(0.116:1): state=initialized audit_enabled=0 res=1
[    0.183442] hw-breakpoint: found 6 breakpoint and 4 watchpoint registers.
[    0.197472] ASID allocator initialised with 65536 entries
[    0.224366] HugeTLB registered 1.00 GiB page size, pre-allocated 0 pages
[    0.225420] HugeTLB registered 32.0 MiB page size, pre-allocated 0 pages
[    0.232091] HugeTLB registered 2.00 MiB page size, pre-allocated 0 pages
[    0.238755] HugeTLB registered 64.0 KiB page size, pre-allocated 0 pages
[    1.304337] DRBG: Continuing without Jitter RNG
[    1.382151] raid6: neonx8   gen()  2143 MB/s
[    1.450194] raid6: neonx8   xor()  1598 MB/s
[    1.518252] raid6: neonx4   gen()  2200 MB/s
[    1.586299] raid6: neonx4   xor()  1567 MB/s
[    1.654369] raid6: neonx2   gen()  2077 MB/s
[    1.722418] raid6: neonx2   xor()  1436 MB/s
[    1.790481] raid6: neonx1   gen()  1772 MB/s
[    1.858535] raid6: neonx1   xor()  1220 MB/s
[    1.926582] raid6: int64x8  gen()  1438 MB/s
[    1.994642] raid6: int64x8  xor()   771 MB/s
[    2.062719] raid6: int64x4  gen()  1599 MB/s
[    2.130767] raid6: int64x4  xor()   814 MB/s
[    2.198842] raid6: int64x2  gen()  1397 MB/s
[    2.266891] raid6: int64x2  xor()   749 MB/s
[    2.334967] raid6: int64x1  gen()  1034 MB/s
[    2.403018] raid6: int64x1  xor()   517 MB/s
[    2.403056] raid6: using algorithm neonx4 gen() 2200 MB/s
[    2.407013] raid6: .... xor() 1567 MB/s, rmw enabled
[    2.411943] raid6: using neon recovery algorithm
[    2.416957] iommu: Default domain type: Translated 
[    2.421566] SCSI subsystem initialized
[    2.425112] libata version 3.00 loaded.
[    2.425236] usbcore: registered new interface driver usbfs
[    2.430569] usbcore: registered new interface driver hub
[    2.435843] usbcore: registered new device driver usb
[    2.440976] mc: Linux media interface: v0.10
[    2.445092] videodev: Linux video capture interface: v2.00
[    2.450583] EDAC MC: Ver: 3.0.0
[    2.454025] zynqmp-ipi-mbox mailbox@ff990400: Registered ZynqMP IPI mbox with TX/RX channels.
[    2.462517] jesd204: created con: id=0, topo=0, link=0, /axi/spi@ff050000/hmc7044@0 <-> /fpga-axi@0/axi-adxcvr-tx@84b60000
[    2.473112] jesd204: created con: id=1, topo=0, link=2, /axi/spi@ff050000/hmc7044@0 <-> /fpga-axi@0/axi-adxcvr-rx@84a60000
[    2.484096] jesd204: created con: id=2, topo=0, link=0, /fpga-axi@0/axi-adxcvr-tx@84b60000 <-> /fpga-axi@0/axi-jesd204-tx@84b90000
[    2.495771] jesd204: created con: id=3, topo=0, link=2, /fpga-axi@0/axi-adxcvr-rx@84a60000 <-> /fpga-axi@0/axi-jesd204-rx@84a90000
[    2.507449] jesd204: created con: id=4, topo=0, link=0, /fpga-axi@0/axi-jesd204-tx@84b90000 <-> /fpga-axi@0/axi-ad9081-tx-hpc@84b10000
[    2.519477] jesd204: created con: id=5, topo=0, link=2, /fpga-axi@0/axi-jesd204-rx@84a90000 <-> /fpga-axi@0/axi-ad9081-rx-hpc@84a10000
[    2.531499] jesd204: created con: id=6, topo=0, link=2, /fpga-axi@0/axi-ad9081-rx-hpc@84a10000 <-> /axi/spi@ff040000/ad9081@0
[    2.542740] jesd204: created con: id=7, topo=0, link=0, /fpga-axi@0/axi-ad9081-tx-hpc@84b10000 <-> /axi/spi@ff040000/ad9081@0
[    2.553990] jesd204: /axi/spi@ff040000/ad9081@0: JESD204[2] transition uninitialized -> initialized
[    2.562977] jesd204: /axi/spi@ff040000/ad9081@0: JESD204[0] transition uninitialized -> initialized
[    2.571969] jesd204: found 8 devices and 1 topologies
[    2.577013] FPGA manager framework
[    2.580491] Advanced Linux Sound Architecture Driver Initialized.
[    2.586782] Bluetooth: Core ver 2.22
[    2.589972] NET: Registered protocol family 31
[    2.594373] Bluetooth: HCI device and connection manager initialized
[    2.600690] Bluetooth: HCI socket layer initialized
[    2.605532] Bluetooth: L2CAP socket layer initialized
[    2.610556] Bluetooth: SCO socket layer initialized
[    2.615733] clocksource: Switched to clocksource arch_sys_counter
[    2.621548] VFS: Disk quotas dquot_6.6.0
[    2.625383] VFS: Dquot-cache hash table entries: 512 (order 0, 4096 bytes)
[    2.636108] NET: Registered protocol family 2
[    2.636829] tcp_listen_portaddr_hash hash table entries: 2048 (order: 3, 32768 bytes, linear)
[    2.645022] TCP established hash table entries: 32768 (order: 6, 262144 bytes, linear)
[    2.653048] TCP bind hash table entries: 32768 (order: 7, 524288 bytes, linear)
[    2.660492] TCP: Hash tables configured (established 32768 bind 32768)
[    2.666667] UDP hash table entries: 2048 (order: 4, 65536 bytes, linear)
[    2.673333] UDP-Lite hash table entries: 2048 (order: 4, 65536 bytes, linear)
[    2.680494] NET: Registered protocol family 1
[    2.684949] RPC: Registered named UNIX socket transport module.
[    2.690571] RPC: Registered udp transport module.
[    2.695234] RPC: Registered tcp transport module.
[    2.699904] RPC: Registered tcp NFSv4.1 backchannel transport module.
[    2.706896] PCI: CLS 0 bytes, default 64
[    2.710603] hw perfevents: no interrupt-affinity property for /pmu, guessing.
[    2.717456] hw perfevents: enabled with armv8_pmuv3 PMU driver, 7 counters available
[    2.725808] Initialise system trusted keyrings
[    2.729482] workingset: timestamp_bits=62 max_order=20 bucket_order=0
[    2.736386] NFS: Registering the id_resolver key type
[    2.740833] Key type id_resolver registered
[    2.744973] Key type id_legacy registered
[    2.748962] nfs4filelayout_init: NFSv4 File Layout Driver Registering...
[    2.755628] jffs2: version 2.2. (NAND) (SUMMARY)  Â© 2001-2006 Red Hat, Inc.
[    2.799840] NET: Registered protocol family 38
[    2.799883] xor: measuring software checksum speed
[    2.807565]    8regs           :  2363 MB/sec
[    2.811240]    32regs          :  2799 MB/sec
[    2.816185]    arm64_neon      :  2380 MB/sec
[    2.816370] xor: using function: 32regs (2799 MB/sec)
[    2.821396] Key type asymmetric registered
[    2.825458] Asymmetric key parser 'x509' registered
[    2.830318] Block layer SCSI generic (bsg) driver version 0.4 loaded (major 248)
[    2.837655] io scheduler mq-deadline registered
[    2.842152] io scheduler kyber registered
[    2.871540] Serial: 8250/16550 driver, 4 ports, IRQ sharing disabled
[    2.876188] cacheinfo: Unable to detect cache hierarchy for CPU 0
[    2.882507] brd: module loaded
[    2.886639] loop: module loaded
[    2.887185] Registered mathworks_ip class
[    2.890554] libphy: Fixed MDIO Bus: probed
[    2.893532] tun: Universal TUN/TAP device driver, 1.6
[    2.897592] CAN device driver interface
[    2.902124] usbcore: registered new interface driver asix
[    2.906725] usbcore: registered new interface driver ax88179_178a
[    2.912757] usbcore: registered new interface driver cdc_ether
[    2.918549] usbcore: registered new interface driver net1080
[    2.924174] usbcore: registered new interface driver cdc_subset
[    2.930056] usbcore: registered new interface driver zaurus
[    2.935599] usbcore: registered new interface driver cdc_ncm
[    2.942000] ehci_hcd: USB 2.0 'Enhanced' Host Controller (EHCI) Driver
[    2.947685] ehci-pci: EHCI PCI platform driver
[    2.952484] usbcore: registered new interface driver uas
[    2.957403] usbcore: registered new interface driver usb-storage
[    2.963390] usbcore: registered new interface driver usbserial_generic
[    2.969839] usbserial: USB Serial support registered for generic
[    2.975812] usbcore: registered new interface driver ftdi_sio
[    2.981515] usbserial: USB Serial support registered for FTDI USB Serial Device
[    2.988792] usbcore: registered new interface driver upd78f0730
[    2.994663] usbserial: USB Serial support registered for upd78f0730
[    3.002310] rtc_zynqmp ffa60000.rtc: registered as rtc0
[    3.006088] rtc_zynqmp ffa60000.rtc: setting system clock to 2022-03-26T00:50:08 UTC (1648255808)
[    3.014951] i2c /dev entries driver
[    3.020268] usbcore: registered new interface driver uvcvideo
[    3.024063] USB Video Class driver (1.1.1)
[    3.029635] Bluetooth: HCI UART driver ver 2.3
[    3.032546] Bluetooth: HCI UART protocol H4 registered
[    3.037644] Bluetooth: HCI UART protocol BCSP registered
[    3.042932] Bluetooth: HCI UART protocol LL registered
[    3.048022] Bluetooth: HCI UART protocol ATH3K registered
[    3.053397] Bluetooth: HCI UART protocol Three-wire (H5) registered
[    3.059650] Bluetooth: HCI UART protocol Intel registered
[    3.064988] Bluetooth: HCI UART protocol QCA registered
[    3.070192] usbcore: registered new interface driver bcm203x
[    3.075811] usbcore: registered new interface driver bpa10x
[    3.081345] usbcore: registered new interface driver bfusb
[    3.086799] usbcore: registered new interface driver btusb
[    3.092261] usbcore: registered new interface driver ath3k
[    3.097742] EDAC MC: ECC not enabled
[    3.101370] EDAC DEVICE0: Giving out device to module zynqmp-ocm-edac controller zynqmp_ocm: DEV ff960000.memory-controller (INTERRUPT)
[    3.113682] sdhci: Secure Digital Host Controller Interface driver
[    3.119473] sdhci: Copyright(c) Pierre Ossman
[    3.123796] sdhci-pltfm: SDHCI platform and OF driver helper
[    3.129848] ledtrig-cpu: registered to indicate activity on CPUs
[    3.135401] SMCCC: SOC_ID: ARCH_SOC_ID not implemented, skipping ....
[    3.141833] zynqmp_firmware_probe Platform Management API v1.1
[    3.147587] zynqmp_firmware_probe Trustzone version v1.0
[    3.187143] zynqmp-pinctrl firmware:zynqmp-firmware:pinctrl: zynqmp pinctrl initialized
[    3.235140] zynqmp-aes firmware:zynqmp-firmware:zynqmp-aes: will run requests pump with realtime priority
[    3.250991] alg: No test for xilinx-keccak-384 (zynqmp-keccak-384)
[    3.251702] alg: No test for xilinx-zynqmp-rsa (zynqmp-rsa)
[    3.257211] usbcore: registered new interface driver usbhid
[    3.262605] usbhid: USB HID core driver
[    3.273855] axi_sysid 85000000.axi-sysid-0: AXI System ID core version (1.01.a) found
[    3.276214] axi_sysid 85000000.axi-sysid-0: [ad9081_fmca_ebz] on [zcu102] git branch <master> git <084d44c9780640ca93fd847b1d9ec70dd65f5c67> clean [2022-03-18 04:17:50] UTC
[    3.291902] fpga_manager fpga0: Xilinx ZynqMP FPGA Manager registered
[    3.298247] usbcore: registered new interface driver snd-usb-audio
[    3.305684] pktgen: Packet Generator for packet performance testing. Version: 2.75
[    3.311889] Initializing XFRM netlink socket
[    3.315720] NET: Registered protocol family 10
[    3.320450] Segment Routing with IPv6
[    3.323833] sit: IPv6, IPv4 and MPLS over IPv4 tunneling driver
[    3.329901] NET: Registered protocol family 17
[    3.334004] NET: Registered protocol family 15
[    3.338507] can: controller area network core
[    3.342752] NET: Registered protocol family 29
[    3.347144] can: raw protocol
[    3.350082] can: broadcast manager protocol
[    3.354235] can: netlink gateway - max_hops=1
[    3.358629] Bluetooth: RFCOMM TTY layer initialized
[    3.363410] Bluetooth: RFCOMM socket layer initialized
[    3.368516] Bluetooth: RFCOMM ver 1.11
[    3.372230] Bluetooth: BNEP (Ethernet Emulation) ver 1.3
[    3.377500] Bluetooth: BNEP filters: protocol multicast
[    3.382694] Bluetooth: BNEP socket layer initialized
[    3.387621] Bluetooth: HIDP (Human Interface Emulation) ver 1.2
[    3.393504] Bluetooth: HIDP socket layer initialized
[    3.398560] 9pnet: Installing 9P2000 support
[    3.402682] NET: Registered protocol family 36
[    3.407099] Key type dns_resolver registered
[    3.411530] registered taskstats version 1
[    3.415395] Loading compiled-in X.509 certificates
[    3.420512] Btrfs loaded, crc32c=crc32c-generic
[    3.432904] ff000000.serial: ttyPS0 at MMIO 0xff000000 (irq = 49, base_baud = 6249999) is a xuartps
[    3.441929] printk: console [ttyPS0] enabled
[    3.446225] printk: bootconsole [cdns0] disabled
[    3.455859] ff010000.serial: ttyPS1 at MMIO 0xff010000 (irq = 50, base_baud = 6249999) is a xuartps
[    3.469099] of-fpga-region fpga-full: FPGA Region probed
[    3.476049] nwl-pcie fd0e0000.pcie: host bridge /axi/pcie@fd0e0000 ranges:
[    3.482942] nwl-pcie fd0e0000.pcie:      MEM 0x00e0000000..0x00efffffff -> 0x00e0000000
[    3.490946] nwl-pcie fd0e0000.pcie:      MEM 0x0600000000..0x07ffffffff -> 0x0600000000
[    3.499008] nwl-pcie fd0e0000.pcie: Link is DOWN
[    3.503773] nwl-pcie fd0e0000.pcie: PCI host bridge to bus 0000:00
[    3.509952] pci_bus 0000:00: root bus resource [bus 00-ff]
[    3.515434] pci_bus 0000:00: root bus resource [mem 0xe0000000-0xefffffff]
[    3.522299] pci_bus 0000:00: root bus resource [mem 0x600000000-0x7ffffffff pref]
[    3.529802] pci 0000:00:00.0: [10ee:d021] type 01 class 0x060400
[    3.535864] pci 0000:00:00.0: PME# supported from D0 D1 D2 D3hot
[    3.546309] pci 0000:00:00.0: PCI bridge to [bus 01-0c]
[    3.552289] xilinx-zynqmp-dma fd500000.dma: ZynqMP DMA driver Probe success
[    3.559461] xilinx-zynqmp-dma fd510000.dma: ZynqMP DMA driver Probe success
[    3.566643] xilinx-zynqmp-dma fd520000.dma: ZynqMP DMA driver Probe success
[    3.573816] xilinx-zynqmp-dma fd530000.dma: ZynqMP DMA driver Probe success
[    3.580980] xilinx-zynqmp-dma fd540000.dma: ZynqMP DMA driver Probe success
[    3.588149] xilinx-zynqmp-dma fd550000.dma: ZynqMP DMA driver Probe success
[    3.595319] xilinx-zynqmp-dma fd560000.dma: ZynqMP DMA driver Probe success
[    3.602490] xilinx-zynqmp-dma fd570000.dma: ZynqMP DMA driver Probe success
[    3.609888] xilinx-zynqmp-dpdma fd4c0000.dma-controller: Xilinx DPDMA engine is probed
[    3.618437] ahci-ceva fd0c0000.ahci: supply ahci not found, using dummy regulator
[    3.625976] ahci-ceva fd0c0000.ahci: supply phy not found, using dummy regulator
[    3.715908] hmc7044 spi2.0: PLL1: Acquisition, CLKIN0 @ 122880000 Hz, PFD: 80 kHz - PLL2: Locked @ 2544.000000 MHz
[    3.726627] jesd204: /axi/spi@ff050000/hmc7044@0,jesd204:1,parent=spi2.0: Using as SYSREF provider
[    3.736211] spi-nor spi0.0: SPI-NOR-UniqueID 100000235394732200270025081115266e
[    3.743522] spi-nor spi0.0: found n25q512a, expected m25p80
[    3.749719] spi-nor spi0.0: trying to lock already unlocked area
[    3.755730] spi-nor spi0.0: n25q512a (131072 Kbytes)
[    3.760709] 4 fixed-partitions partitions found on MTD device spi0.0
[    3.767056] Creating 4 MTD partitions on "spi0.0":
[    3.771842] 0x000000000000-0x000000100000 : "qspi-fsbl-uboot"
[    3.778329] 0x000000100000-0x000000600000 : "qspi-linux"
[    3.784287] 0x000000600000-0x000000620000 : "qspi-device-tree"
[    3.790758] 0x000000620000-0x000000c00000 : "qspi-rootfs"
[    3.799230] macb ff0e0000.ethernet: Not enabling partial store and forward
[    3.806760] libphy: MACB_mii_bus: probed
[    3.811836] macb ff0e0000.ethernet eth0: Cadence GEM rev 0x50070106 at 0xff0e0000 irq 30 (00:0a:35:04:8e:1b)
[    3.822047] xilinx-axipmon ffa00000.perf-monitor: Probed Xilinx APM
[    3.828620] xilinx-axipmon fd0b0000.perf-monitor: Probed Xilinx APM
[    3.835140] xilinx-axipmon fd490000.perf-monitor: Probed Xilinx APM
[    3.841681] xilinx-axipmon ffa10000.perf-monitor: Probed Xilinx APM
[    3.851662] pca953x 0-0020: supply vcc not found, using dummy regulator
[    3.858349] pca953x 0-0020: using no AI
[    3.862842] gpio-496 (sel0): hogged as output/low
[    3.867749] gpio-497 (sel1): hogged as output/high
[    3.872738] gpio-498 (sel2): hogged as output/high
[    3.877720] gpio-499 (sel3): hogged as output/high
[    3.882897] pca953x 0-0021: supply vcc not found, using dummy regulator
[    3.889569] pca953x 0-0021: using no AI
[    3.895328] ina2xx 2-0040: power monitor ina226 (Rshunt = 5000 uOhm)
[    3.902356] ina2xx 2-0041: power monitor ina226 (Rshunt = 5000 uOhm)
[    3.909395] ina2xx 2-0042: power monitor ina226 (Rshunt = 5000 uOhm)
[    3.916429] ina2xx 2-0043: power monitor ina226 (Rshunt = 5000 uOhm)
[    3.923453] ina2xx 2-0044: power monitor ina226 (Rshunt = 5000 uOhm)
[    3.930475] ina2xx 2-0045: power monitor ina226 (Rshunt = 5000 uOhm)
[    3.937506] ina2xx 2-0046: power monitor ina226 (Rshunt = 5000 uOhm)
[    3.944582] ina2xx 2-0047: power monitor ina226 (Rshunt = 5000 uOhm)
[    3.951607] ina2xx 2-004a: power monitor ina226 (Rshunt = 5000 uOhm)
[    3.958648] ina2xx 2-004b: power monitor ina226 (Rshunt = 5000 uOhm)
[    3.965055] i2c i2c-0: Added multiplexed i2c bus 2
[    3.970440] random: fast init done
[    3.973906] ina2xx 3-0040: power monitor ina226 (Rshunt = 2000 uOhm)
[    3.980932] ina2xx 3-0041: power monitor ina226 (Rshunt = 5000 uOhm)
[    3.987960] ina2xx 3-0042: power monitor ina226 (Rshunt = 5000 uOhm)
[    3.994994] ina2xx 3-0043: power monitor ina226 (Rshunt = 5000 uOhm)
[    4.002018] ina2xx 3-0044: power monitor ina226 (Rshunt = 5000 uOhm)
[    4.009043] ina2xx 3-0045: power monitor ina226 (Rshunt = 5000 uOhm)
[    4.016080] ina2xx 3-0046: power monitor ina226 (Rshunt = 5000 uOhm)
[    4.023107] ina2xx 3-0047: power monitor ina226 (Rshunt = 5000 uOhm)
[    4.029507] i2c i2c-0: Added multiplexed i2c bus 3
[    4.085424] i2c i2c-0: Added multiplexed i2c bus 4
[    4.090360] i2c i2c-0: Added multiplexed i2c bus 5
[    4.095150] pca954x 0-0075: registered 4 multiplexed busses for I2C mux pca9544
[    4.102499] cdns-i2c ff020000.i2c: 400 kHz mmio ff020000 irq 32
[    4.110229] at24 6-0054: supply vcc not found, using dummy regulator
[    4.117130] at24 6-0054: 1024 byte 24c08 EEPROM, writable, 1 bytes/write
[    4.123878] i2c i2c-1: Added multiplexed i2c bus 6
[    4.130310] si5341 7-0036: Chip: 5341 Grade: 1 Rev: 1
[    4.167997] i2c i2c-1: Added multiplexed i2c bus 7
[    4.175640] si570 8-005d: registered, current frequency 300000000 Hz
[    4.182042] i2c i2c-1: Added multiplexed i2c bus 8
[    4.201820] si570 9-005d: registered, current frequency 148500000 Hz
[    4.208221] i2c i2c-1: Added multiplexed i2c bus 9
[    4.213251] si5324 10-0069: si5328 probed
[    4.280097] si5324 10-0069: si5328 probe successful
[    4.285024] i2c i2c-1: Added multiplexed i2c bus 10
[    4.290051] i2c i2c-1: Added multiplexed i2c bus 11
[    4.295078] i2c i2c-1: Added multiplexed i2c bus 12
[    4.300098] i2c i2c-1: Added multiplexed i2c bus 13
[    4.304971] pca954x 1-0074: registered 8 multiplexed busses for I2C switch pca9548
[    4.313080] at24 14-0050: supply vcc not found, using dummy regulator
[    4.319867] at24 14-0050: 256 byte 24c02 EEPROM, writable, 1 bytes/write
[    4.326614] i2c i2c-1: Added multiplexed i2c bus 14
[    4.331655] i2c i2c-1: Added multiplexed i2c bus 15
[    4.336688] i2c i2c-1: Added multiplexed i2c bus 16
[    4.341724] i2c i2c-1: Added multiplexed i2c bus 17
[    4.346756] i2c i2c-1: Added multiplexed i2c bus 18
[    4.351802] i2c i2c-1: Added multiplexed i2c bus 19
[    4.356840] i2c i2c-1: Added multiplexed i2c bus 20
[    4.361880] i2c i2c-1: Added multiplexed i2c bus 21
[    4.366754] pca954x 1-0075: registered 8 multiplexed busses for I2C switch pca9548
[    4.374364] cdns-i2c ff030000.i2c: 400 kHz mmio ff030000 irq 33
[    4.384116] cdns-wdt fd4d0000.watchdog: Xilinx Watchdog Timer with timeout 60s
[    4.395057] axi_adxcvr 84a60000.axi-adxcvr-rx: AXI-ADXCVR-RX (17.05.a) using CPLL on GTH4 at 0x84A60000. Number of lanes: 4.
[    4.407208] axi_adxcvr 84b60000.axi-adxcvr-tx: AXI-ADXCVR-TX (17.05.a) using QPLL on GTH4 at 0x84B60000. Number of lanes: 4.
[    4.418828] axi-jesd204-rx 84a90000.axi-jesd204-rx: AXI-JESD204-RX (1.07.a) at 0x84A90000. Encoder 8b10b, width 4/4, lanes 4, jesd204-fsm.
[    4.426137] mmc0: SDHCI controller on ff170000.mmc [ff170000.mmc] using ADMA 64-bit
[    4.431672] axi-jesd204-tx 84b90000.axi-jesd204-tx: AXI-JESD204-TX (1.06.a) at 0x84B90000. Encoder 8b10b, width 4/4, lanes 4, jesd204-fsm.
[    4.452396] zynqmp-display fd4a0000.display: vtc bridge property not present
[    4.462048] xilinx-dp-snd-codec fd4a0000.display:zynqmp_dp_snd_codec0: Failed to get required clock freq
[    4.471550] xilinx-dp-snd-codec: probe of fd4a0000.display:zynqmp_dp_snd_codec0 failed with error -22
[    4.473522] mmc0: new high speed SDHC card at address 0001
[    4.481087] xilinx-dp-snd-pcm zynqmp_dp_snd_pcm0: Xilinx DisplayPort Sound PCM probed
[    4.486600] mmcblk0: mmc0:0001 EB1QT 29.8 GiB 
[    4.494405] xilinx-dp-snd-pcm zynqmp_dp_snd_pcm1: Xilinx DisplayPort Sound PCM probed
[    4.499748]  mmcblk0: p1 p2 p3
[    4.506708] OF: graph: no port node found in /axi/display@fd4a0000
[    4.515787] xlnx-drm xlnx-drm.0: bound fd4a0000.display (ops 0xffffffc010fcbdb8)
[    5.599753] zynqmp-display fd4a0000.display: [drm] Cannot find any crtc or sizes
[    5.607364] [drm] Initialized xlnx 1.0.0 20130509 for fd4a0000.display on minor 0
[    5.614854] zynqmp-display fd4a0000.display: ZynqMP DisplayPort Subsystem driver probed
[    5.623177] ahci-ceva fd0c0000.ahci: supply ahci not found, using dummy regulator
[    5.630725] ahci-ceva fd0c0000.ahci: supply phy not found, using dummy regulator
[    5.638184] ahci-ceva fd0c0000.ahci: supply target not found, using dummy regulator
[    5.646024] ahci-ceva fd0c0000.ahci: AHCI 0001.0301 32 slots 2 ports 6 Gbps 0x3 impl platform mode
[    5.654978] ahci-ceva fd0c0000.ahci: flags: 64bit ncq sntf pm clo only pmp fbs pio slum part ccc sds apst 
[    5.665675] scsi host0: ahci-ceva
[    5.669276] scsi host1: ahci-ceva
[    5.672704] ata1: SATA max UDMA/133 mmio [mem 0xfd0c0000-0xfd0c1fff] port 0x100 irq 45
[    5.680618] ata2: SATA max UDMA/133 mmio [mem 0xfd0c0000-0xfd0c1fff] port 0x180 irq 45
[    5.689218] ad9081 spi1.0: supply vdd not found, using dummy regulator
[    6.001990] ata1: SATA link down (SStatus 0 SControl 330)
[    6.007410] ata2: SATA link down (SStatus 0 SControl 330)
[    6.683756] zynqmp-display fd4a0000.display: [drm] Cannot find any crtc or sizes
[    6.881209] ad9081 spi1.0: Invalid param passed., "ref_clk_hz < 100000000ULL" in adi_ad9081_device_clk_config_set(...), line554 in drivers/iio/adc/ad9081/adi_ad9081_device.c
[    7.548616] ad9081 spi1.0: AD9081 Rev. 2 Grade 10 (API 1.2.2) probed
[    7.555825] xhci-hcd xhci-hcd.1.auto: xHCI Host Controller
[    7.561314] xhci-hcd xhci-hcd.1.auto: new USB bus registered, assigned bus number 1
[    7.569063] xhci-hcd xhci-hcd.1.auto: hcc params 0x0238f625 hci version 0x100 quirks 0x0000000002010810
[    7.578475] xhci-hcd xhci-hcd.1.auto: irq 59, io mem 0xfe200000
[    7.584582] usb usb1: New USB device found, idVendor=1d6b, idProduct=0002, bcdDevice= 5.10
[    7.592841] usb usb1: New USB device strings: Mfr=3, Product=2, SerialNumber=1
[    7.600058] usb usb1: Product: xHCI Host Controller
[    7.604928] usb usb1: Manufacturer: Linux 5.10.0-98103-g2aa7ac113716 xhci-hcd
[    7.612054] usb usb1: SerialNumber: xhci-hcd.1.auto
[    7.617219] hub 1-0:1.0: USB hub found
[    7.620981] hub 1-0:1.0: 1 port detected
[    7.625087] xhci-hcd xhci-hcd.1.auto: xHCI Host Controller
[    7.630574] xhci-hcd xhci-hcd.1.auto: new USB bus registered, assigned bus number 2
[    7.638230] xhci-hcd xhci-hcd.1.auto: Host supports USB 3.0 SuperSpeed
[    7.644857] usb usb2: New USB device found, idVendor=1d6b, idProduct=0003, bcdDevice= 5.10
[    7.653114] usb usb2: New USB device strings: Mfr=3, Product=2, SerialNumber=1
[    7.660338] usb usb2: Product: xHCI Host Controller
[    7.665211] usb usb2: Manufacturer: Linux 5.10.0-98103-g2aa7ac113716 xhci-hcd
[    7.672336] usb usb2: SerialNumber: xhci-hcd.1.auto
[    7.677444] hub 2-0:1.0: USB hub found
[    7.681207] hub 2-0:1.0: 1 port detected
[    7.711268] cf_axi_adc 84a10000.axi-ad9081-rx-hpc: ADI AIM (10.01.b) at 0x84A10000 mapped to 0x(____ptrval____), probed ADC AD9081 as MASTER
[    7.744576] cf_axi_dds 84b10000.axi-ad9081-tx-hpc: Analog Devices CF_AXI_DDS_DDS MASTER (9.01.b) at 0x84B10000 mapped to 0x(____ptrval____), probed DDS AD9081
[    7.758782] jesd204: /axi/spi@ff040000/ad9081@0,jesd204:0,parent=spi1.0: JESD204[2] transition initialized -> probed
[    7.769301] jesd204: /axi/spi@ff040000/ad9081@0,jesd204:0,parent=spi1.0: JESD204[0] transition initialized -> probed
[    7.779823] jesd204: /axi/spi@ff040000/ad9081@0,jesd204:0,parent=spi1.0: JESD204[2] transition probed -> idle
[    7.789733] jesd204: /axi/spi@ff040000/ad9081@0,jesd204:0,parent=spi1.0: JESD204[0] transition probed -> idle
[    7.799647] jesd204: /axi/spi@ff040000/ad9081@0,jesd204:0,parent=spi1.0: JESD204[2] transition idle -> device_init
[    7.809989] jesd204: /axi/spi@ff040000/ad9081@0,jesd204:0,parent=spi1.0: JESD204[0] transition idle -> device_init
[    7.820342] jesd204: /axi/spi@ff040000/ad9081@0,jesd204:0,parent=spi1.0: JESD204[2] transition device_init -> link_init
[    7.831116] jesd204: /axi/spi@ff040000/ad9081@0,jesd204:0,parent=spi1.0: JESD204[0] transition device_init -> link_init
[    7.841908] jesd204: /axi/spi@ff040000/ad9081@0,jesd204:0,parent=spi1.0: JESD204[2] transition link_init -> link_supported
[    7.852947] jesd204: /axi/spi@ff040000/ad9081@0,jesd204:0,parent=spi1.0: JESD204[0] transition link_init -> link_supported
[    7.864364] hmc7044 spi2.0: hmc7044_jesd204_link_pre_setup: Link2 forcing continuous SYSREF mode
[    7.873515] axi-jesd204-tx 84b90000.axi-jesd204-tx: axi_jesd204_tx_jesd204_link_pre_setup: Link0 set lane rate 8480000 kHz failed (-22)
[    7.885681] jesd204: /fpga-axi@0/axi-jesd204-tx@84b90000,jesd204:5,parent=84b90000.axi-jesd204-tx: JESD204[0] In link_pre_setup got error from cb: -22
[    7.899151] jesd204: /axi/spi@ff040000/ad9081@0,jesd204:0,parent=spi1.0: Rolling back from 'link_supported', got error -22
[    7.910201] jesd204: /axi/spi@ff040000/ad9081@0,jesd204:0,parent=spi1.0: JESD204[0] transition link_supported -> link_pre_setup
[    7.921675] jesd204: /axi/spi@ff040000/ad9081@0,jesd204:0,parent=spi1.0: JESD204[2] transition link_supported -> link_pre_setup
[    7.933153] jesd204: /axi/spi@ff040000/ad9081@0,jesd204:0,parent=spi1.0: JESD204[0] transition link_pre_setup -> link_supported
[    7.944625] jesd204: /axi/spi@ff040000/ad9081@0,jesd204:0,parent=spi1.0: JESD204[2] transition link_pre_setup -> link_supported
[    7.956102] jesd204: /axi/spi@ff040000/ad9081@0,jesd204:0,parent=spi1.0: JESD204[0] transition link_supported -> link_init
[    7.967140] jesd204: /axi/spi@ff040000/ad9081@0,jesd204:0,parent=spi1.0: JESD204[2] transition link_supported -> link_init
[    7.978187] jesd204: /axi/spi@ff040000/ad9081@0,jesd204:0,parent=spi1.0: JESD204[0] transition link_init -> device_init
[    7.988966] jesd204: /axi/spi@ff040000/ad9081@0,jesd204:0,parent=spi1.0: JESD204[2] transition link_init -> device_init
[    7.999746] jesd204: /axi/spi@ff040000/ad9081@0,jesd204:0,parent=spi1.0: JESD204[0] transition device_init -> idle
[    8.010089] jesd204: /axi/spi@ff040000/ad9081@0,jesd204:0,parent=spi1.0: JESD204[2] transition device_init -> idle
[    8.020440] jesd204: /axi/spi@ff040000/ad9081@0,jesd204:0,parent=spi1.0: JESD204[2] transition idle -> idle
[    8.030176] jesd204: /axi/spi@ff040000/ad9081@0,jesd204:0,parent=spi1.0: JESD204[0] transition idle -> idle
[    8.039917] jesd204: /axi/spi@ff040000/ad9081@0,jesd204:0,parent=spi1.0: JESD204[2] transition idle -> device_init
[    8.050260] jesd204: /axi/spi@ff040000/ad9081@0,jesd204:0,parent=spi1.0: JESD204[0] transition idle -> device_init
[    8.060610] jesd204: /axi/spi@ff040000/ad9081@0,jesd204:0,parent=spi1.0: JESD204[2] transition device_init -> link_init
[    8.071393] jesd204: /axi/spi@ff040000/ad9081@0,jesd204:0,parent=spi1.0: JESD204[0] transition device_init -> link_init
[    8.082176] jesd204: /axi/spi@ff040000/ad9081@0,jesd204:0,parent=spi1.0: JESD204[2] transition link_init -> link_supported
[    8.093217] jesd204: /axi/spi@ff040000/ad9081@0,jesd204:0,parent=spi1.0: JESD204[0] transition link_init -> link_supported
[    8.104594] axi-jesd204-tx 84b90000.axi-jesd204-tx: axi_jesd204_tx_jesd204_link_pre_setup: Link0 set lane rate 8480000 kHz failed (-22)
[    8.116764] jesd204: /fpga-axi@0/axi-jesd204-tx@84b90000,jesd204:5,parent=84b90000.axi-jesd204-tx: JESD204[0] In link_pre_setup got error from cb: -22
[    8.130230] jesd204: /axi/spi@ff040000/ad9081@0,jesd204:0,parent=spi1.0: Rolling back from 'link_supported', got error -22
[    8.141273] jesd204: /axi/spi@ff040000/ad9081@0,jesd204:0,parent=spi1.0: JESD204[0] transition link_supported -> link_pre_setup
[    8.152748] jesd204: /axi/spi@ff040000/ad9081@0,jesd204:0,parent=spi1.0: JESD204[2] transition link_supported -> link_pre_setup
[    8.164223] jesd204: /axi/spi@ff040000/ad9081@0,jesd204:0,parent=spi1.0: JESD204[0] transition link_pre_setup -> link_supported
[    8.175695] jesd204: /axi/spi@ff040000/ad9081@0,jesd204:0,parent=spi1.0: JESD204[2] transition link_pre_setup -> link_supported
[    8.187172] jesd204: /axi/spi@ff040000/ad9081@0,jesd204:0,parent=spi1.0: JESD204[0] transition link_supported -> link_init
[    8.198209] jesd204: /axi/spi@ff040000/ad9081@0,jesd204:0,parent=spi1.0: JESD204[2] transition link_supported -> link_init
[    8.209258] jesd204: /axi/spi@ff040000/ad9081@0,jesd204:0,parent=spi1.0: JESD204[0] transition link_init -> device_init
[    8.220033] jesd204: /axi/spi@ff040000/ad9081@0,jesd204:0,parent=spi1.0: JESD204[2] transition link_init -> device_init
[    8.230816] jesd204: /axi/spi@ff040000/ad9081@0,jesd204:0,parent=spi1.0: JESD204[0] transition device_init -> idle
[    8.241164] jesd204: /axi/spi@ff040000/ad9081@0,jesd204:0,parent=spi1.0: JESD204[2] transition device_init -> idle
[    8.251511] jesd204: /axi/spi@ff040000/ad9081@0,jesd204:0,parent=spi1.0: JESD204[2] transition idle -> idle
[    8.261245] jesd204: /axi/spi@ff040000/ad9081@0,jesd204:0,parent=spi1.0: JESD204[0] transition idle -> idle
[    8.270987] jesd204: /axi/spi@ff040000/ad9081@0,jesd204:0,parent=spi1.0: JESD204[2] transition idle -> device_init
[    8.281330] jesd204: /axi/spi@ff040000/ad9081@0,jesd204:0,parent=spi1.0: JESD204[0] transition idle -> device_init
[    8.291680] jesd204: /axi/spi@ff040000/ad9081@0,jesd204:0,parent=spi1.0: JESD204[2] transition device_init -> link_init
[    8.302457] jesd204: /axi/spi@ff040000/ad9081@0,jesd204:0,parent=spi1.0: JESD204[0] transition device_init -> link_init
[    8.313246] jesd204: /axi/spi@ff040000/ad9081@0,jesd204:0,parent=spi1.0: JESD204[2] transition link_init -> link_supported
[    8.324289] jesd204: /axi/spi@ff040000/ad9081@0,jesd204:0,parent=spi1.0: JESD204[0] transition link_init -> link_supported
[    8.335626] axi-jesd204-tx 84b90000.axi-jesd204-tx: axi_jesd204_tx_jesd204_link_pre_setup: Link0 set lane rate 8480000 kHz failed (-22)
[    8.347796] jesd204: /fpga-axi@0/axi-jesd204-tx@84b90000,jesd204:5,parent=84b90000.axi-jesd204-tx: JESD204[0] In link_pre_setup got error from cb: -22
[    8.361266] jesd204: /axi/spi@ff040000/ad9081@0,jesd204:0,parent=spi1.0: Rolling back from 'link_supported', got error -22
[    8.372314] jesd204: /axi/spi@ff040000/ad9081@0,jesd204:0,parent=spi1.0: JESD204[0] transition link_supported -> link_pre_setup
[    8.383789] jesd204: /axi/spi@ff040000/ad9081@0,jesd204:0,parent=spi1.0: JESD204[2] transition link_supported -> link_pre_setup
[    8.395267] jesd204: /axi/spi@ff040000/ad9081@0,jesd204:0,parent=spi1.0: JESD204[0] transition link_pre_setup -> link_supported
[    8.406738] jesd204: /axi/spi@ff040000/ad9081@0,jesd204:0,parent=spi1.0: JESD204[2] transition link_pre_setup -> link_supported
[    8.418217] jesd204: /axi/spi@ff040000/ad9081@0,jesd204:0,parent=spi1.0: JESD204[0] transition link_supported -> link_init
[    8.429254] jesd204: /axi/spi@ff040000/ad9081@0,jesd204:0,parent=spi1.0: JESD204[2] transition link_supported -> link_init
[    8.440301] jesd204: /axi/spi@ff040000/ad9081@0,jesd204:0,parent=spi1.0: JESD204[0] transition link_init -> device_init
[    8.451079] jesd204: /axi/spi@ff040000/ad9081@0,jesd204:0,parent=spi1.0: JESD204[2] transition link_init -> device_init
[    8.461860] jesd204: /axi/spi@ff040000/ad9081@0,jesd204:0,parent=spi1.0: JESD204[0] transition device_init -> idle
[    8.472204] jesd204: /axi/spi@ff040000/ad9081@0,jesd204:0,parent=spi1.0: JESD204[2] transition device_init -> idle
[    8.482554] jesd204: /axi/spi@ff040000/ad9081@0,jesd204:0,parent=spi1.0: JESD204[2] transition idle -> idle
[    8.492289] jesd204: /axi/spi@ff040000/ad9081@0,jesd204:0,parent=spi1.0: JESD204[0] transition idle -> idle
[    8.502035] jesd204: /axi/spi@ff040000/ad9081@0,jesd204:0,parent=spi1.0: JESD204[2] transition idle -> device_init
[    8.512376] jesd204: /axi/spi@ff040000/ad9081@0,jesd204:0,parent=spi1.0: JESD204[0] transition idle -> device_init
[    8.522725] jesd204: /axi/spi@ff040000/ad9081@0,jesd204:0,parent=spi1.0: JESD204[2] transition device_init -> link_init
[    8.533502] jesd204: /axi/spi@ff040000/ad9081@0,jesd204:0,parent=spi1.0: JESD204[0] transition device_init -> link_init
[    8.544290] jesd204: /axi/spi@ff040000/ad9081@0,jesd204:0,parent=spi1.0: JESD204[2] transition link_init -> link_supported
[    8.555333] jesd204: /axi/spi@ff040000/ad9081@0,jesd204:0,parent=spi1.0: JESD204[0] transition link_init -> link_supported
[    8.566669] axi-jesd204-tx 84b90000.axi-jesd204-tx: axi_jesd204_tx_jesd204_link_pre_setup: Link0 set lane rate 8480000 kHz failed (-22)
[    8.578840] jesd204: /fpga-axi@0/axi-jesd204-tx@84b90000,jesd204:5,parent=84b90000.axi-jesd204-tx: JESD204[0] In link_pre_setup got error from cb: -22
[    8.592310] jesd204: /axi/spi@ff040000/ad9081@0,jesd204:0,parent=spi1.0: Rolling back from 'link_supported', got error -22
[    8.603352] jesd204: /axi/spi@ff040000/ad9081@0,jesd204:0,parent=spi1.0: JESD204[0] transition link_supported -> link_pre_setup
[    8.614823] jesd204: /axi/spi@ff040000/ad9081@0,jesd204:0,parent=spi1.0: JESD204[2] transition link_supported -> link_pre_setup
[    8.626307] jesd204: /axi/spi@ff040000/ad9081@0,jesd204:0,parent=spi1.0: JESD204[0] transition link_pre_setup -> link_supported
[    8.637784] jesd204: /axi/spi@ff040000/ad9081@0,jesd204:0,parent=spi1.0: JESD204[2] transition link_pre_setup -> link_supported
[    8.649261] jesd204: /axi/spi@ff040000/ad9081@0,jesd204:0,parent=spi1.0: JESD204[0] transition link_supported -> link_init
[    8.660299] jesd204: /axi/spi@ff040000/ad9081@0,jesd204:0,parent=spi1.0: JESD204[2] transition link_supported -> link_init
[    8.671346] jesd204: /axi/spi@ff040000/ad9081@0,jesd204:0,parent=spi1.0: JESD204[0] transition link_init -> device_init
[    8.682121] jesd204: /axi/spi@ff040000/ad9081@0,jesd204:0,parent=spi1.0: JESD204[2] transition link_init -> device_init
[    8.692904] jesd204: /axi/spi@ff040000/ad9081@0,jesd204:0,parent=spi1.0: JESD204[0] transition device_init -> idle
[    8.703248] jesd204: /axi/spi@ff040000/ad9081@0,jesd204:0,parent=spi1.0: JESD204[2] transition device_init -> idle
[    8.713594] jesd204: /axi/spi@ff040000/ad9081@0,jesd204:0,parent=spi1.0: FSM completed with error -22
[    8.732027] input: gpio-keys as /devices/platform/gpio-keys/input/input0
[    8.739044] of_cfs_init
[    8.741508] of_cfs_init: OK
[    8.744453] cfg80211: Loading compiled-in X.509 certificates for regulatory database
[    8.882717] cfg80211: Loaded X.509 cert 'sforshee: 00b28ddf47aef9cea7'
[    8.889251] clk: Not disabling unused clocks
[    8.893781] ALSA device list:
[    8.896745]   No soundcards found.
[    8.900414] platform regulatory.0: Direct firmware load for regulatory.db failed with error -2
[    8.909025] cfg80211: failed to load regulatory.db
[    8.923912] EXT4-fs (mmcblk0p2): mounted filesystem with ordered data mode. Opts: (null)
[    8.932029] VFS: Mounted root (ext4 filesystem) on device 179:2.
[    8.945493] devtmpfs: mounted
[    8.949305] Freeing unused kernel memory: 2560K
[    8.963791] Run /sbin/init as init process
[    8.967881]   with arguments:
[    8.967884]     /sbin/init
[    8.967886]   with environment:
[    8.967888]     HOME=/
[    8.967890]     TERM=linux
[    9.533565] systemd[1]: systemd 241 running in system mode. (+PAM +AUDIT +SELINUX +IMA +APPARMOR +SMACK +SYSVINIT +UTMP +LIBCRYPTSETUP +GCRYPT +GNUTLS +ACL +XZ +LZ4 +SECCOMP +BLKID +ELFUTILS +KMOD -IDN2 +IDN -PCRE2 default-hierarchy=hybrid)
[    9.555434] systemd[1]: Detected architecture arm64.
[    9.580449] systemd[1]: Set hostname to <analog>.
[    9.761449] systemd[1]: File /lib/systemd/system/systemd-journald.service:12 configures an IP firewall (IPAddressDeny=any), but the local system does not support BPF/cgroup based firewalling.
[    9.778533] systemd[1]: Proceeding WITHOUT firewalling in effect! (This warning is only shown for the first loaded unit using IP firewalling.)
[    9.941466] systemd[1]: /etc/systemd/system/tof-server.service:1: Assignment outside of section. Ignoring.
[    9.951184] systemd[1]: /etc/systemd/system/tof-server.service:2: Assignment outside of section. Ignoring.
[   10.134483] random: systemd: uninitialized urandom read (16 bytes read)
[   10.149595] random: systemd: uninitialized urandom read (16 bytes read)
[   10.156483] systemd[1]: Listening on Journal Audit Socket.
[   10.179822] random: systemd: uninitialized urandom read (16 bytes read)
[   10.186703] systemd[1]: Listening on Syslog Socket.
[   10.204081] systemd[1]: Listening on udev Control Socket.
[   11.017753] EXT4-fs (mmcblk0p2): re-mounted. Opts: (null)
[   11.119457] systemd-journald[161]: Received request to flush runtime journal from PID 1
[   16.685662] random: crng init done
[   16.685671] random: 7 urandom warning(s) missed due to ratelimiting
[   17.126656] macb ff0e0000.ethernet eth0: PHY [ff0e0000.ethernet-ffffffff:0c] driver [TI DP83867] (irq=POLL)
[   17.126669] macb ff0e0000.ethernet eth0: configuring for phy/rgmii-id link mode
[   17.379900] Adding 94204k swap on /var/swap.  Priority:-2 extents:1 across:94204k SS
[   19.937782] broken atomic modeset userspace detected, disabling atomic
[   21.217363] macb ff0e0000.ethernet eth0: Link is Up - 1Gbps/Full - flow control off
[   21.217389] IPv6: ADDRCONF(NETDEV_CHANGE): eth0: link becomes ready
[   22.610331] broken atomic modeset userspace detected, disabling atomic
[   25.505065] broken atomic modeset userspace detected, disabling atomic
[   28.143000] broken atomic modeset userspace detected, disabling atomic