[    0.000000] Booting Linux on physical CPU 0x0000000000 [0x410fd034]
[    0.000000] Linux version 5.10.0-98103-g2aa7ac113716 (jenkins@romlxbuild1.adlk.analog.com) (aarch64-xilinx-linux-gcc.real (GCC) 10.2.0, GNU ld (GNU Binutils) 2.35.0.20200730) #5577 SMP Wed Mar 23 07:28:49 GMT 2022
[    0.000000] Machine model: ZynqMP ZCU102 Rev1.0
[    0.000000] earlycon: cdns0 at MMIO 0x00000000ff000000 (options '115200n8')
[    0.000000] printk: bootconsole [cdns0] enabled
[    0.000000] efi: UEFI not found.
[    0.000000] cma: Reserved 256 MiB at 0x0000000070000000
[    0.000000] Zone ranges:
[    0.000000]   DMA      [mem 0x0000000000000000-0x000000003fffffff]
[    0.000000]   DMA32    [mem 0x0000000040000000-0x00000000ffffffff]
[    0.000000]   Normal   [mem 0x0000000100000000-0x000000087fffffff]
[    0.000000] Movable zone start for each node
[    0.000000] Early memory node ranges
[    0.000000]   node   0: [mem 0x0000000000000000-0x000000007fffffff]
[    0.000000]   node   0: [mem 0x0000000800000000-0x000000087fffffff]
[    0.000000] Initmem setup node 0 [mem 0x0000000000000000-0x000000087fffffff]
[    0.000000] On node 0 totalpages: 1048576
[    0.000000]   DMA zone: 3584 pages used for memmap
[    0.000000]   DMA zone: 0 pages reserved
[    0.000000]   DMA zone: 262144 pages, LIFO batch:63
[    0.000000]   DMA32 zone: 3584 pages used for memmap
[    0.000000]   DMA32 zone: 262144 pages, LIFO batch:63
[    0.000000]   Normal zone: 7168 pages used for memmap
[    0.000000]   Normal zone: 524288 pages, LIFO batch:63
[    0.000000] psci: probing for conduit method from DT.
[    0.000000] psci: PSCIv1.1 detected in firmware.
[    0.000000] psci: Using standard PSCI v0.2 function IDs
[    0.000000] psci: MIGRATE_INFO_TYPE not supported.
[    0.000000] psci: SMC Calling Convention v1.2
[    0.000000] percpu: Embedded 22 pages/cpu s49496 r8192 d32424 u90112
[    0.000000] pcpu-alloc: s49496 r8192 d32424 u90112 alloc=22*4096
[    0.000000] pcpu-alloc: [0] 0 [0] 1 [0] 2 [0] 3 
[    0.000000] Detected VIPT I-cache on CPU0
[    0.000000] CPU features: detected: ARM erratum 845719
[    0.000000] Built 1 zonelists, mobility grouping on.  Total pages: 1034240
[    0.000000] Kernel command line: console=ttyPS0,115200 root=/dev/mmcblk0p2 rw earlycon rootfstype=ext4 rootwait clk_ignore_unused cpuidle.off=1 root=/dev/mmcblk0p2 rw rootwait
[    0.000000] Dentry cache hash table entries: 524288 (order: 10, 4194304 bytes, linear)
[    0.000000] Inode-cache hash table entries: 262144 (order: 9, 2097152 bytes, linear)
[    0.000000] mem auto-init: stack:off, heap alloc:off, heap free:off
[    0.000000] software IO TLB: mapped [mem 0x000000003bfff000-0x000000003ffff000] (64MB)
[    0.000000] Memory: 3761904K/4194304K available (15296K kernel code, 1636K rwdata, 11876K rodata, 2560K init, 507K bss, 170256K reserved, 262144K cma-reserved)
[    0.000000] rcu: Hierarchical RCU implementation.
[    0.000000] rcu: 	RCU event tracing is enabled.
[    0.000000] rcu: 	RCU restricting CPUs from NR_CPUS=8 to nr_cpu_ids=4.
[    0.000000] rcu: RCU calculated value of scheduler-enlistment delay is 25 jiffies.
[    0.000000] rcu: Adjusting geometry for rcu_fanout_leaf=16, nr_cpu_ids=4
[    0.000000] NR_IRQS: 64, nr_irqs: 64, preallocated irqs: 0
[    0.000000] GIC: Adjusting CPU interface base to 0x00000000f902f000
[    0.000000] GIC: Using split EOI/Deactivate mode
[    0.000000] random: get_random_bytes called from start_kernel+0x31c/0x54c with crng_init=0
[    0.000000] arch_timer: cp15 timer(s) running at 100.00MHz (phys).
[    0.000000] clocksource: arch_sys_counter: mask: 0xffffffffffffff max_cycles: 0x171024e7e0, max_idle_ns: 440795205315 ns
[    0.000003] sched_clock: 56 bits at 100MHz, resolution 10ns, wraps every 4398046511100ns
[    0.008461] Console: colour dummy device 80x25
[    0.012483] Calibrating delay loop (skipped), value calculated using timer frequency.. 200.00 BogoMIPS (lpj=400000)
[    0.022840] pid_max: default: 32768 minimum: 301
[    0.027549] Mount-cache hash table entries: 8192 (order: 4, 65536 bytes, linear)
[    0.034788] Mountpoint-cache hash table entries: 8192 (order: 4, 65536 bytes, linear)
[    0.043395] rcu: Hierarchical SRCU implementation.
[    0.047557] EFI services will not be available.
[    0.051939] smp: Bringing up secondary CPUs ...
[    0.056658] Detected VIPT I-cache on CPU1
[    0.056698] CPU1: Booted secondary processor 0x0000000001 [0x410fd034]
[    0.057062] Detected VIPT I-cache on CPU2
[    0.057086] CPU2: Booted secondary processor 0x0000000002 [0x410fd034]
[    0.057423] Detected VIPT I-cache on CPU3
[    0.057446] CPU3: Booted secondary processor 0x0000000003 [0x410fd034]
[    0.057492] smp: Brought up 1 node, 4 CPUs
[    0.091779] SMP: Total of 4 processors activated.
[    0.096452] CPU features: detected: 32-bit EL0 Support
[    0.101555] CPU features: detected: CRC32 instructions
[    0.106694] CPU: All CPU(s) started at EL2
[    0.110736] alternatives: patching kernel code
[    0.116167] devtmpfs: initialized
[    0.124072] Registered cp15_barrier emulation handler
[    0.124123] Registered setend emulation handler
[    0.128100] clocksource: jiffies: mask: 0xffffffff max_cycles: 0xffffffff, max_idle_ns: 7645041785100000 ns
[    0.137679] futex hash table entries: 1024 (order: 4, 65536 bytes, linear)
[    0.151038] pinctrl core: initialized pinctrl subsystem
[    0.151683] NET: Registered protocol family 16
[    0.156101] DMA: preallocated 512 KiB GFP_KERNEL pool for atomic allocations
[    0.162116] DMA: preallocated 512 KiB GFP_KERNEL|GFP_DMA pool for atomic allocations
[    0.169841] DMA: preallocated 512 KiB GFP_KERNEL|GFP_DMA32 pool for atomic allocations
[    0.177645] audit: initializing netlink subsys (disabled)
[    0.183095] audit: type=2000 audit(0.116:1): state=initialized audit_enabled=0 res=1
[    0.183440] hw-breakpoint: found 6 breakpoint and 4 watchpoint registers.
[    0.197472] ASID allocator initialised with 65536 entries
[    0.224380] HugeTLB registered 1.00 GiB page size, pre-allocated 0 pages
[    0.225437] HugeTLB registered 32.0 MiB page size, pre-allocated 0 pages
[    0.232108] HugeTLB registered 2.00 MiB page size, pre-allocated 0 pages
[    0.238772] HugeTLB registered 64.0 KiB page size, pre-allocated 0 pages
[    1.304389] DRBG: Continuing without Jitter RNG
[    1.382167] raid6: neonx8   gen()  2147 MB/s
[    1.450215] raid6: neonx8   xor()  1598 MB/s
[    1.518276] raid6: neonx4   gen()  2197 MB/s
[    1.586318] raid6: neonx4   xor()  1569 MB/s
[    1.654385] raid6: neonx2   gen()  2075 MB/s
[    1.722432] raid6: neonx2   xor()  1436 MB/s
[    1.790499] raid6: neonx1   gen()  1772 MB/s
[    1.858545] raid6: neonx1   xor()  1220 MB/s
[    1.926604] raid6: int64x8  gen()  1438 MB/s
[    1.994661] raid6: int64x8  xor()   771 MB/s
[    2.062739] raid6: int64x4  gen()  1599 MB/s
[    2.130779] raid6: int64x4  xor()   818 MB/s
[    2.198847] raid6: int64x2  gen()  1397 MB/s
[    2.266897] raid6: int64x2  xor()   750 MB/s
[    2.334989] raid6: int64x1  gen()  1034 MB/s
[    2.403036] raid6: int64x1  xor()   517 MB/s
[    2.403074] raid6: using algorithm neonx4 gen() 2197 MB/s
[    2.407030] raid6: .... xor() 1569 MB/s, rmw enabled
[    2.411961] raid6: using neon recovery algorithm
[    2.416971] iommu: Default domain type: Translated 
[    2.421583] SCSI subsystem initialized
[    2.425129] libata version 3.00 loaded.
[    2.425254] usbcore: registered new interface driver usbfs
[    2.430586] usbcore: registered new interface driver hub
[    2.435859] usbcore: registered new device driver usb
[    2.440994] mc: Linux media interface: v0.10
[    2.445107] videodev: Linux video capture interface: v2.00
[    2.450600] EDAC MC: Ver: 3.0.0
[    2.454030] zynqmp-ipi-mbox mailbox@ff990400: Registered ZynqMP IPI mbox with TX/RX channels.
[    2.462541] jesd204: created con: id=0, topo=0, link=0, /axi/spi@ff050000/hmc7044@0 <-> /fpga-axi@0/axi-adxcvr-tx@84b60000
[    2.473129] jesd204: created con: id=1, topo=0, link=2, /axi/spi@ff050000/hmc7044@0 <-> /fpga-axi@0/axi-adxcvr-rx@84a60000
[    2.484113] jesd204: created con: id=2, topo=0, link=0, /fpga-axi@0/axi-adxcvr-tx@84b60000 <-> /fpga-axi@0/axi-jesd204-tx@84b90000
[    2.495788] jesd204: created con: id=3, topo=0, link=2, /fpga-axi@0/axi-adxcvr-rx@84a60000 <-> /fpga-axi@0/axi-jesd204-rx@84a90000
[    2.507466] jesd204: created con: id=4, topo=0, link=0, /fpga-axi@0/axi-jesd204-tx@84b90000 <-> /fpga-axi@0/axi-ad9081-tx-hpc@84b10000
[    2.519494] jesd204: created con: id=5, topo=0, link=2, /fpga-axi@0/axi-jesd204-rx@84a90000 <-> /fpga-axi@0/axi-ad9081-rx-hpc@84a10000
[    2.531516] jesd204: created con: id=6, topo=0, link=2, /fpga-axi@0/axi-ad9081-rx-hpc@84a10000 <-> /axi/spi@ff040000/ad9081@0
[    2.542758] jesd204: created con: id=7, topo=0, link=0, /fpga-axi@0/axi-ad9081-tx-hpc@84b10000 <-> /axi/spi@ff040000/ad9081@0
[    2.554007] jesd204: /axi/spi@ff040000/ad9081@0: JESD204[2] transition uninitialized -> initialized
[    2.562994] jesd204: /axi/spi@ff040000/ad9081@0: JESD204[0] transition uninitialized -> initialized
[    2.571985] jesd204: found 8 devices and 1 topologies
[    2.577029] FPGA manager framework
[    2.580505] Advanced Linux Sound Architecture Driver Initialized.
[    2.586803] Bluetooth: Core ver 2.22
[    2.589988] NET: Registered protocol family 31
[    2.594390] Bluetooth: HCI device and connection manager initialized
[    2.600707] Bluetooth: HCI socket layer initialized
[    2.605549] Bluetooth: L2CAP socket layer initialized
[    2.610572] Bluetooth: SCO socket layer initialized
[    2.615762] clocksource: Switched to clocksource arch_sys_counter
[    2.621562] VFS: Disk quotas dquot_6.6.0
[    2.625400] VFS: Dquot-cache hash table entries: 512 (order 0, 4096 bytes)
[    2.636124] NET: Registered protocol family 2
[    2.636845] tcp_listen_portaddr_hash hash table entries: 2048 (order: 3, 32768 bytes, linear)
[    2.645042] TCP established hash table entries: 32768 (order: 6, 262144 bytes, linear)
[    2.653065] TCP bind hash table entries: 32768 (order: 7, 524288 bytes, linear)
[    2.660509] TCP: Hash tables configured (established 32768 bind 32768)
[    2.666685] UDP hash table entries: 2048 (order: 4, 65536 bytes, linear)
[    2.673352] UDP-Lite hash table entries: 2048 (order: 4, 65536 bytes, linear)
[    2.680512] NET: Registered protocol family 1
[    2.684976] RPC: Registered named UNIX socket transport module.
[    2.690588] RPC: Registered udp transport module.
[    2.695254] RPC: Registered tcp transport module.
[    2.699921] RPC: Registered tcp NFSv4.1 backchannel transport module.
[    2.706909] PCI: CLS 0 bytes, default 64
[    2.710616] hw perfevents: no interrupt-affinity property for /pmu, guessing.
[    2.717473] hw perfevents: enabled with armv8_pmuv3 PMU driver, 7 counters available
[    2.725822] Initialise system trusted keyrings
[    2.729509] workingset: timestamp_bits=62 max_order=20 bucket_order=0
[    2.736399] NFS: Registering the id_resolver key type
[    2.740848] Key type id_resolver registered
[    2.744988] Key type id_legacy registered
[    2.748982] nfs4filelayout_init: NFSv4 File Layout Driver Registering...
[    2.755644] jffs2: version 2.2. (NAND) (SUMMARY)  Â© 2001-2006 Red Hat, Inc.
[    2.798190] NET: Registered protocol family 38
[    2.798233] xor: measuring software checksum speed
[    2.805925]    8regs           :  2363 MB/sec
[    2.809593]    32regs          :  2799 MB/sec
[    2.814536]    arm64_neon      :  2380 MB/sec
[    2.814726] xor: using function: 32regs (2799 MB/sec)
[    2.819756] Key type asymmetric registered
[    2.823813] Asymmetric key parser 'x509' registered
[    2.828674] Block layer SCSI generic (bsg) driver version 0.4 loaded (major 248)
[    2.836011] io scheduler mq-deadline registered
[    2.840507] io scheduler kyber registered
[    2.869908] Serial: 8250/16550 driver, 4 ports, IRQ sharing disabled
[    2.874556] cacheinfo: Unable to detect cache hierarchy for CPU 0
[    2.880897] brd: module loaded
[    2.885050] loop: module loaded
[    2.885597] Registered mathworks_ip class
[    2.888921] libphy: Fixed MDIO Bus: probed
[    2.891895] tun: Universal TUN/TAP device driver, 1.6
[    2.895955] CAN device driver interface
[    2.900486] usbcore: registered new interface driver asix
[    2.905092] usbcore: registered new interface driver ax88179_178a
[    2.911120] usbcore: registered new interface driver cdc_ether
[    2.916914] usbcore: registered new interface driver net1080
[    2.922538] usbcore: registered new interface driver cdc_subset
[    2.928420] usbcore: registered new interface driver zaurus
[    2.933966] usbcore: registered new interface driver cdc_ncm
[    2.940377] ehci_hcd: USB 2.0 'Enhanced' Host Controller (EHCI) Driver
[    2.946049] ehci-pci: EHCI PCI platform driver
[    2.950855] usbcore: registered new interface driver uas
[    2.955778] usbcore: registered new interface driver usb-storage
[    2.961754] usbcore: registered new interface driver usbserial_generic
[    2.968203] usbserial: USB Serial support registered for generic
[    2.974177] usbcore: registered new interface driver ftdi_sio
[    2.979880] usbserial: USB Serial support registered for FTDI USB Serial Device
[    2.987150] usbcore: registered new interface driver upd78f0730
[    2.993026] usbserial: USB Serial support registered for upd78f0730
[    3.000693] rtc_zynqmp ffa60000.rtc: registered as rtc0
[    3.004461] rtc_zynqmp ffa60000.rtc: setting system clock to 2022-03-26T02:49:42 UTC (1648262982)
[    3.013318] i2c /dev entries driver
[    3.018624] usbcore: registered new interface driver uvcvideo
[    3.022428] USB Video Class driver (1.1.1)
[    3.028005] Bluetooth: HCI UART driver ver 2.3
[    3.030900] Bluetooth: HCI UART protocol H4 registered
[    3.036009] Bluetooth: HCI UART protocol BCSP registered
[    3.041298] Bluetooth: HCI UART protocol LL registered
[    3.046387] Bluetooth: HCI UART protocol ATH3K registered
[    3.051764] Bluetooth: HCI UART protocol Three-wire (H5) registered
[    3.058016] Bluetooth: HCI UART protocol Intel registered
[    3.063353] Bluetooth: HCI UART protocol QCA registered
[    3.068553] usbcore: registered new interface driver bcm203x
[    3.074178] usbcore: registered new interface driver bpa10x
[    3.079711] usbcore: registered new interface driver bfusb
[    3.085160] usbcore: registered new interface driver btusb
[    3.090626] usbcore: registered new interface driver ath3k
[    3.096108] EDAC MC: ECC not enabled
[    3.099726] EDAC DEVICE0: Giving out device to module zynqmp-ocm-edac controller zynqmp_ocm: DEV ff960000.memory-controller (INTERRUPT)
[    3.112063] sdhci: Secure Digital Host Controller Interface driver
[    3.117836] sdhci: Copyright(c) Pierre Ossman
[    3.122161] sdhci-pltfm: SDHCI platform and OF driver helper
[    3.128217] ledtrig-cpu: registered to indicate activity on CPUs
[    3.133765] SMCCC: SOC_ID: ARCH_SOC_ID not implemented, skipping ....
[    3.140196] zynqmp_firmware_probe Platform Management API v1.1
[    3.145952] zynqmp_firmware_probe Trustzone version v1.0
[    3.185501] zynqmp-pinctrl firmware:zynqmp-firmware:pinctrl: zynqmp pinctrl initialized
[    3.233464] zynqmp-aes firmware:zynqmp-firmware:zynqmp-aes: will run requests pump with realtime priority
[    3.249208] alg: No test for xilinx-keccak-384 (zynqmp-keccak-384)
[    3.249921] alg: No test for xilinx-zynqmp-rsa (zynqmp-rsa)
[    3.255432] usbcore: registered new interface driver usbhid
[    3.260823] usbhid: USB HID core driver
[    3.272055] axi_sysid 85000000.axi-sysid-0: AXI System ID core version (1.01.a) found
[    3.274404] axi_sysid 85000000.axi-sysid-0: [ad9081_fmca_ebz] on [zcu102] git branch <master> git <084d44c9780640ca93fd847b1d9ec70dd65f5c67> clean [2022-03-18 04:17:50] UTC
[    3.290091] fpga_manager fpga0: Xilinx ZynqMP FPGA Manager registered
[    3.296458] usbcore: registered new interface driver snd-usb-audio
[    3.303899] pktgen: Packet Generator for packet performance testing. Version: 2.75
[    3.310074] Initializing XFRM netlink socket
[    3.313930] NET: Registered protocol family 10
[    3.318652] Segment Routing with IPv6
[    3.322030] sit: IPv6, IPv4 and MPLS over IPv4 tunneling driver
[    3.328105] NET: Registered protocol family 17
[    3.332207] NET: Registered protocol family 15
[    3.336707] can: controller area network core
[    3.340955] NET: Registered protocol family 29
[    3.345345] can: raw protocol
[    3.348282] can: broadcast manager protocol
[    3.352437] can: netlink gateway - max_hops=1
[    3.356831] Bluetooth: RFCOMM TTY layer initialized
[    3.361612] Bluetooth: RFCOMM socket layer initialized
[    3.366720] Bluetooth: RFCOMM ver 1.11
[    3.370430] Bluetooth: BNEP (Ethernet Emulation) ver 1.3
[    3.375700] Bluetooth: BNEP filters: protocol multicast
[    3.380893] Bluetooth: BNEP socket layer initialized
[    3.385823] Bluetooth: HIDP (Human Interface Emulation) ver 1.2
[    3.391705] Bluetooth: HIDP socket layer initialized
[    3.396762] 9pnet: Installing 9P2000 support
[    3.400884] NET: Registered protocol family 36
[    3.405300] Key type dns_resolver registered
[    3.409731] registered taskstats version 1
[    3.413596] Loading compiled-in X.509 certificates
[    3.418703] Btrfs loaded, crc32c=crc32c-generic
[    3.431105] ff000000.serial: ttyPS0 at MMIO 0xff000000 (irq = 49, base_baud = 6249999) is a xuartps
[    3.440130] printk: console [ttyPS0] enabled
[    3.444425] printk: bootconsole [cdns0] disabled
[    3.454056] ff010000.serial: ttyPS1 at MMIO 0xff010000 (irq = 50, base_baud = 6249999) is a xuartps
[    3.467310] of-fpga-region fpga-full: FPGA Region probed
[    3.474269] nwl-pcie fd0e0000.pcie: host bridge /axi/pcie@fd0e0000 ranges:
[    3.481162] nwl-pcie fd0e0000.pcie:      MEM 0x00e0000000..0x00efffffff -> 0x00e0000000
[    3.489171] nwl-pcie fd0e0000.pcie:      MEM 0x0600000000..0x07ffffffff -> 0x0600000000
[    3.497235] nwl-pcie fd0e0000.pcie: Link is DOWN
[    3.501991] nwl-pcie fd0e0000.pcie: PCI host bridge to bus 0000:00
[    3.508170] pci_bus 0000:00: root bus resource [bus 00-ff]
[    3.513651] pci_bus 0000:00: root bus resource [mem 0xe0000000-0xefffffff]
[    3.520522] pci_bus 0000:00: root bus resource [mem 0x600000000-0x7ffffffff pref]
[    3.528025] pci 0000:00:00.0: [10ee:d021] type 01 class 0x060400
[    3.534080] pci 0000:00:00.0: PME# supported from D0 D1 D2 D3hot
[    3.544524] pci 0000:00:00.0: PCI bridge to [bus 01-0c]
[    3.550495] xilinx-zynqmp-dma fd500000.dma: ZynqMP DMA driver Probe success
[    3.557671] xilinx-zynqmp-dma fd510000.dma: ZynqMP DMA driver Probe success
[    3.564845] xilinx-zynqmp-dma fd520000.dma: ZynqMP DMA driver Probe success
[    3.572016] xilinx-zynqmp-dma fd530000.dma: ZynqMP DMA driver Probe success
[    3.579179] xilinx-zynqmp-dma fd540000.dma: ZynqMP DMA driver Probe success
[    3.586349] xilinx-zynqmp-dma fd550000.dma: ZynqMP DMA driver Probe success
[    3.593519] xilinx-zynqmp-dma fd560000.dma: ZynqMP DMA driver Probe success
[    3.600691] xilinx-zynqmp-dma fd570000.dma: ZynqMP DMA driver Probe success
[    3.608101] xilinx-zynqmp-dpdma fd4c0000.dma-controller: Xilinx DPDMA engine is probed
[    3.616647] ahci-ceva fd0c0000.ahci: supply ahci not found, using dummy regulator
[    3.624189] ahci-ceva fd0c0000.ahci: supply phy not found, using dummy regulator
[    3.711938] hmc7044 spi2.0: PLL1: Acquisition, CLKIN0 @ 122880000 Hz, PFD: 80 kHz - PLL2: Locked @ 2856.000000 MHz
[    3.722659] jesd204: /axi/spi@ff050000/hmc7044@0,jesd204:1,parent=spi2.0: Using as SYSREF provider
[    3.732249] spi-nor spi0.0: SPI-NOR-UniqueID 100000235394732200270025081115266e
[    3.739552] spi-nor spi0.0: found n25q512a, expected m25p80
[    3.745762] spi-nor spi0.0: trying to lock already unlocked area
[    3.751764] spi-nor spi0.0: n25q512a (131072 Kbytes)
[    3.756749] 4 fixed-partitions partitions found on MTD device spi0.0
[    3.763095] Creating 4 MTD partitions on "spi0.0":
[    3.767881] 0x000000000000-0x000000100000 : "qspi-fsbl-uboot"
[    3.774365] 0x000000100000-0x000000600000 : "qspi-linux"
[    3.780331] 0x000000600000-0x000000620000 : "qspi-device-tree"
[    3.786807] 0x000000620000-0x000000c00000 : "qspi-rootfs"
[    3.795283] macb ff0e0000.ethernet: Not enabling partial store and forward
[    3.802811] libphy: MACB_mii_bus: probed
[    3.807885] macb ff0e0000.ethernet eth0: Cadence GEM rev 0x50070106 at 0xff0e0000 irq 30 (00:0a:35:04:8e:1b)
[    3.818092] xilinx-axipmon ffa00000.perf-monitor: Probed Xilinx APM
[    3.824669] xilinx-axipmon fd0b0000.perf-monitor: Probed Xilinx APM
[    3.831185] xilinx-axipmon fd490000.perf-monitor: Probed Xilinx APM
[    3.837731] xilinx-axipmon ffa10000.perf-monitor: Probed Xilinx APM
[    3.847741] pca953x 0-0020: supply vcc not found, using dummy regulator
[    3.854422] pca953x 0-0020: using no AI
[    3.858913] gpio-496 (sel0): hogged as output/low
[    3.863815] gpio-497 (sel1): hogged as output/high
[    3.868807] gpio-498 (sel2): hogged as output/high
[    3.873794] gpio-499 (sel3): hogged as output/high
[    3.878967] pca953x 0-0021: supply vcc not found, using dummy regulator
[    3.885635] pca953x 0-0021: using no AI
[    3.891398] ina2xx 2-0040: power monitor ina226 (Rshunt = 5000 uOhm)
[    3.898434] ina2xx 2-0041: power monitor ina226 (Rshunt = 5000 uOhm)
[    3.905466] ina2xx 2-0042: power monitor ina226 (Rshunt = 5000 uOhm)
[    3.912496] ina2xx 2-0043: power monitor ina226 (Rshunt = 5000 uOhm)
[    3.919516] ina2xx 2-0044: power monitor ina226 (Rshunt = 5000 uOhm)
[    3.926537] ina2xx 2-0045: power monitor ina226 (Rshunt = 5000 uOhm)
[    3.933572] ina2xx 2-0046: power monitor ina226 (Rshunt = 5000 uOhm)
[    3.940644] ina2xx 2-0047: power monitor ina226 (Rshunt = 5000 uOhm)
[    3.947683] ina2xx 2-004a: power monitor ina226 (Rshunt = 5000 uOhm)
[    3.954712] ina2xx 2-004b: power monitor ina226 (Rshunt = 5000 uOhm)
[    3.961118] i2c i2c-0: Added multiplexed i2c bus 2
[    3.966507] random: fast init done
[    3.969978] ina2xx 3-0040: power monitor ina226 (Rshunt = 2000 uOhm)
[    3.977010] ina2xx 3-0041: power monitor ina226 (Rshunt = 5000 uOhm)
[    3.984036] ina2xx 3-0042: power monitor ina226 (Rshunt = 5000 uOhm)
[    3.991069] ina2xx 3-0043: power monitor ina226 (Rshunt = 5000 uOhm)
[    3.998091] ina2xx 3-0044: power monitor ina226 (Rshunt = 5000 uOhm)
[    4.005115] ina2xx 3-0045: power monitor ina226 (Rshunt = 5000 uOhm)
[    4.012159] ina2xx 3-0046: power monitor ina226 (Rshunt = 5000 uOhm)
[    4.019187] ina2xx 3-0047: power monitor ina226 (Rshunt = 5000 uOhm)
[    4.025589] i2c i2c-0: Added multiplexed i2c bus 3
[    4.081623] i2c i2c-0: Added multiplexed i2c bus 4
[    4.086567] i2c i2c-0: Added multiplexed i2c bus 5
[    4.091353] pca954x 0-0075: registered 4 multiplexed busses for I2C mux pca9544
[    4.098703] cdns-i2c ff020000.i2c: 400 kHz mmio ff020000 irq 32
[    4.106452] at24 6-0054: supply vcc not found, using dummy regulator
[    4.113337] at24 6-0054: 1024 byte 24c08 EEPROM, writable, 1 bytes/write
[    4.120092] i2c i2c-1: Added multiplexed i2c bus 6
[    4.126519] si5341 7-0036: Chip: 5341 Grade: 1 Rev: 1
[    4.164248] i2c i2c-1: Added multiplexed i2c bus 7
[    4.171906] si570 8-005d: registered, current frequency 300000000 Hz
[    4.178308] i2c i2c-1: Added multiplexed i2c bus 8
[    4.198098] si570 9-005d: registered, current frequency 148500000 Hz
[    4.204502] i2c i2c-1: Added multiplexed i2c bus 9
[    4.209533] si5324 10-0069: si5328 probed
[    4.276119] si5324 10-0069: si5328 probe successful
[    4.281047] i2c i2c-1: Added multiplexed i2c bus 10
[    4.286072] i2c i2c-1: Added multiplexed i2c bus 11
[    4.291101] i2c i2c-1: Added multiplexed i2c bus 12
[    4.296121] i2c i2c-1: Added multiplexed i2c bus 13
[    4.301001] pca954x 1-0074: registered 8 multiplexed busses for I2C switch pca9548
[    4.309113] at24 14-0050: supply vcc not found, using dummy regulator
[    4.315903] at24 14-0050: 256 byte 24c02 EEPROM, writable, 1 bytes/write
[    4.322653] i2c i2c-1: Added multiplexed i2c bus 14
[    4.327692] i2c i2c-1: Added multiplexed i2c bus 15
[    4.332727] i2c i2c-1: Added multiplexed i2c bus 16
[    4.337762] i2c i2c-1: Added multiplexed i2c bus 17
[    4.342796] i2c i2c-1: Added multiplexed i2c bus 18
[    4.347837] i2c i2c-1: Added multiplexed i2c bus 19
[    4.352882] i2c i2c-1: Added multiplexed i2c bus 20
[    4.357919] i2c i2c-1: Added multiplexed i2c bus 21
[    4.362793] pca954x 1-0075: registered 8 multiplexed busses for I2C switch pca9548
[    4.370403] cdns-i2c ff030000.i2c: 400 kHz mmio ff030000 irq 33
[    4.380150] cdns-wdt fd4d0000.watchdog: Xilinx Watchdog Timer with timeout 60s
[    4.391080] axi_adxcvr 84a60000.axi-adxcvr-rx: AXI-ADXCVR-RX (17.05.a) using CPLL on GTH4 at 0x84A60000. Number of lanes: 4.
[    4.403239] axi_adxcvr 84b60000.axi-adxcvr-tx: AXI-ADXCVR-TX (17.05.a) using QPLL on GTH4 at 0x84B60000. Number of lanes: 4.
[    4.414861] axi-jesd204-rx 84a90000.axi-jesd204-rx: AXI-JESD204-RX (1.07.a) at 0x84A90000. Encoder 8b10b, width 4/4, lanes 4, jesd204-fsm.
[    4.422177] mmc0: SDHCI controller on ff170000.mmc [ff170000.mmc] using ADMA 64-bit
[    4.427697] axi-jesd204-tx 84b90000.axi-jesd204-tx: AXI-JESD204-TX (1.06.a) at 0x84B90000. Encoder 8b10b, width 4/4, lanes 4, jesd204-fsm.
[    4.448436] zynqmp-display fd4a0000.display: vtc bridge property not present
[    4.458094] xilinx-dp-snd-codec fd4a0000.display:zynqmp_dp_snd_codec0: Failed to get required clock freq
[    4.467598] xilinx-dp-snd-codec: probe of fd4a0000.display:zynqmp_dp_snd_codec0 failed with error -22
[    4.469548] mmc0: new high speed SDHC card at address 0001
[    4.477136] xilinx-dp-snd-pcm zynqmp_dp_snd_pcm0: Xilinx DisplayPort Sound PCM probed
[    4.482656] mmcblk0: mmc0:0001 EB1QT 29.8 GiB 
[    4.490452] xilinx-dp-snd-pcm zynqmp_dp_snd_pcm1: Xilinx DisplayPort Sound PCM probed
[    4.495763]  mmcblk0: p1 p2 p3
[    4.502756] OF: graph: no port node found in /axi/display@fd4a0000
[    4.511829] xlnx-drm xlnx-drm.0: bound fd4a0000.display (ops 0xffffffc010fcbdb8)
[    5.595779] zynqmp-display fd4a0000.display: [drm] Cannot find any crtc or sizes
[    5.603400] [drm] Initialized xlnx 1.0.0 20130509 for fd4a0000.display on minor 0
[    5.610893] zynqmp-display fd4a0000.display: ZynqMP DisplayPort Subsystem driver probed
[    5.619220] ahci-ceva fd0c0000.ahci: supply ahci not found, using dummy regulator
[    5.626762] ahci-ceva fd0c0000.ahci: supply phy not found, using dummy regulator
[    5.634216] ahci-ceva fd0c0000.ahci: supply target not found, using dummy regulator
[    5.642051] ahci-ceva fd0c0000.ahci: AHCI 0001.0301 32 slots 2 ports 6 Gbps 0x3 impl platform mode
[    5.651008] ahci-ceva fd0c0000.ahci: flags: 64bit ncq sntf pm clo only pmp fbs pio slum part ccc sds apst 
[    5.661706] scsi host0: ahci-ceva
[    5.665309] scsi host1: ahci-ceva
[    5.668734] ata1: SATA max UDMA/133 mmio [mem 0xfd0c0000-0xfd0c1fff] port 0x100 irq 45
[    5.676651] ata2: SATA max UDMA/133 mmio [mem 0xfd0c0000-0xfd0c1fff] port 0x180 irq 45
[    5.685257] ad9081 spi1.0: supply vdd not found, using dummy regulator
[    5.998012] ata1: SATA link down (SStatus 0 SControl 330)
[    6.003428] ata2: SATA link down (SStatus 0 SControl 330)
[    6.679781] zynqmp-display fd4a0000.display: [drm] Cannot find any crtc or sizes
[    7.544502] ad9081 spi1.0: AD9081 Rev. 2 Grade 10 (API 1.2.2) probed
[    7.551700] xhci-hcd xhci-hcd.1.auto: xHCI Host Controller
[    7.557193] xhci-hcd xhci-hcd.1.auto: new USB bus registered, assigned bus number 1
[    7.564940] xhci-hcd xhci-hcd.1.auto: hcc params 0x0238f625 hci version 0x100 quirks 0x0000000002010810
[    7.574358] xhci-hcd xhci-hcd.1.auto: irq 59, io mem 0xfe200000
[    7.580467] usb usb1: New USB device found, idVendor=1d6b, idProduct=0002, bcdDevice= 5.10
[    7.588732] usb usb1: New USB device strings: Mfr=3, Product=2, SerialNumber=1
[    7.595950] usb usb1: Product: xHCI Host Controller
[    7.600819] usb usb1: Manufacturer: Linux 5.10.0-98103-g2aa7ac113716 xhci-hcd
[    7.607945] usb usb1: SerialNumber: xhci-hcd.1.auto
[    7.613102] hub 1-0:1.0: USB hub found
[    7.616864] hub 1-0:1.0: 1 port detected
[    7.620969] xhci-hcd xhci-hcd.1.auto: xHCI Host Controller
[    7.626456] xhci-hcd xhci-hcd.1.auto: new USB bus registered, assigned bus number 2
[    7.634111] xhci-hcd xhci-hcd.1.auto: Host supports USB 3.0 SuperSpeed
[    7.640739] usb usb2: New USB device found, idVendor=1d6b, idProduct=0003, bcdDevice= 5.10
[    7.648997] usb usb2: New USB device strings: Mfr=3, Product=2, SerialNumber=1
[    7.656216] usb usb2: Product: xHCI Host Controller
[    7.661084] usb usb2: Manufacturer: Linux 5.10.0-98103-g2aa7ac113716 xhci-hcd
[    7.668210] usb usb2: SerialNumber: xhci-hcd.1.auto
[    7.673322] hub 2-0:1.0: USB hub found
[    7.677083] hub 2-0:1.0: 1 port detected
[    7.707199] cf_axi_adc 84a10000.axi-ad9081-rx-hpc: ADI AIM (10.01.b) at 0x84A10000 mapped to 0x(____ptrval____), probed ADC AD9081 as MASTER
[    7.740603] cf_axi_dds 84b10000.axi-ad9081-tx-hpc: Analog Devices CF_AXI_DDS_DDS MASTER (9.01.b) at 0x84B10000 mapped to 0x(____ptrval____), probed DDS AD9081
[    7.754805] jesd204: /axi/spi@ff040000/ad9081@0,jesd204:0,parent=spi1.0: JESD204[2] transition initialized -> probed
[    7.765331] jesd204: /axi/spi@ff040000/ad9081@0,jesd204:0,parent=spi1.0: JESD204[0] transition initialized -> probed
[    7.775854] jesd204: /axi/spi@ff040000/ad9081@0,jesd204:0,parent=spi1.0: JESD204[2] transition probed -> idle
[    7.785763] jesd204: /axi/spi@ff040000/ad9081@0,jesd204:0,parent=spi1.0: JESD204[0] transition probed -> idle
[    7.795677] jesd204: /axi/spi@ff040000/ad9081@0,jesd204:0,parent=spi1.0: JESD204[2] transition idle -> device_init
[    7.806019] jesd204: /axi/spi@ff040000/ad9081@0,jesd204:0,parent=spi1.0: JESD204[0] transition idle -> device_init
[    7.816372] jesd204: /axi/spi@ff040000/ad9081@0,jesd204:0,parent=spi1.0: JESD204[2] transition device_init -> link_init
[    7.827146] jesd204: /axi/spi@ff040000/ad9081@0,jesd204:0,parent=spi1.0: JESD204[0] transition device_init -> link_init
[    7.837938] jesd204: /axi/spi@ff040000/ad9081@0,jesd204:0,parent=spi1.0: JESD204[2] transition link_init -> link_supported
[    7.848977] jesd204: /axi/spi@ff040000/ad9081@0,jesd204:0,parent=spi1.0: JESD204[0] transition link_init -> link_supported
[    7.860397] hmc7044 spi2.0: hmc7044_jesd204_link_pre_setup: Link2 forcing continuous SYSREF mode
[    7.869334] axi-jesd204-rx 84a90000.axi-jesd204-rx: axi_jesd204_rx_jesd204_link_pre_setup: Link2 set lane rate 14280000 kHz failed (-22)
[    7.881590] jesd204: /fpga-axi@0/axi-jesd204-rx@84a90000,jesd204:4,parent=84a90000.axi-jesd204-rx: JESD204[2] In link_pre_setup got error from cb: -22
[    7.895060] jesd204: /axi/spi@ff040000/ad9081@0,jesd204:0,parent=spi1.0: Rolling back from 'link_supported', got error -22
[    7.906110] jesd204: /axi/spi@ff040000/ad9081@0,jesd204:0,parent=spi1.0: JESD204[0] transition link_supported -> link_pre_setup
[    7.917584] jesd204: /axi/spi@ff040000/ad9081@0,jesd204:0,parent=spi1.0: JESD204[2] transition link_supported -> link_pre_setup
[    7.929061] jesd204: /axi/spi@ff040000/ad9081@0,jesd204:0,parent=spi1.0: JESD204[0] transition link_pre_setup -> link_supported
[    7.940534] jesd204: /axi/spi@ff040000/ad9081@0,jesd204:0,parent=spi1.0: JESD204[2] transition link_pre_setup -> link_supported
[    7.952011] jesd204: /axi/spi@ff040000/ad9081@0,jesd204:0,parent=spi1.0: JESD204[0] transition link_supported -> link_init
[    7.963049] jesd204: /axi/spi@ff040000/ad9081@0,jesd204:0,parent=spi1.0: JESD204[2] transition link_supported -> link_init
[    7.974096] jesd204: /axi/spi@ff040000/ad9081@0,jesd204:0,parent=spi1.0: JESD204[0] transition link_init -> device_init
[    7.984876] jesd204: /axi/spi@ff040000/ad9081@0,jesd204:0,parent=spi1.0: JESD204[2] transition link_init -> device_init
[    7.995655] jesd204: /axi/spi@ff040000/ad9081@0,jesd204:0,parent=spi1.0: JESD204[0] transition device_init -> idle
[    8.005998] jesd204: /axi/spi@ff040000/ad9081@0,jesd204:0,parent=spi1.0: JESD204[2] transition device_init -> idle
[    8.016349] jesd204: /axi/spi@ff040000/ad9081@0,jesd204:0,parent=spi1.0: JESD204[2] transition idle -> idle
[    8.026084] jesd204: /axi/spi@ff040000/ad9081@0,jesd204:0,parent=spi1.0: JESD204[0] transition idle -> idle
[    8.035831] jesd204: /axi/spi@ff040000/ad9081@0,jesd204:0,parent=spi1.0: JESD204[2] transition idle -> device_init
[    8.046177] jesd204: /axi/spi@ff040000/ad9081@0,jesd204:0,parent=spi1.0: JESD204[0] transition idle -> device_init
[    8.056528] jesd204: /axi/spi@ff040000/ad9081@0,jesd204:0,parent=spi1.0: JESD204[2] transition device_init -> link_init
[    8.067305] jesd204: /axi/spi@ff040000/ad9081@0,jesd204:0,parent=spi1.0: JESD204[0] transition device_init -> link_init
[    8.078094] jesd204: /axi/spi@ff040000/ad9081@0,jesd204:0,parent=spi1.0: JESD204[2] transition link_init -> link_supported
[    8.089135] jesd204: /axi/spi@ff040000/ad9081@0,jesd204:0,parent=spi1.0: JESD204[0] transition link_init -> link_supported
[    8.100358] axi-jesd204-rx 84a90000.axi-jesd204-rx: axi_jesd204_rx_jesd204_link_pre_setup: Link2 set lane rate 14280000 kHz failed (-22)
[    8.112623] jesd204: /fpga-axi@0/axi-jesd204-rx@84a90000,jesd204:4,parent=84a90000.axi-jesd204-rx: JESD204[2] In link_pre_setup got error from cb: -22
[    8.126096] jesd204: /axi/spi@ff040000/ad9081@0,jesd204:0,parent=spi1.0: Rolling back from 'link_supported', got error -22
[    8.137139] jesd204: /axi/spi@ff040000/ad9081@0,jesd204:0,parent=spi1.0: JESD204[0] transition link_supported -> link_pre_setup
[    8.148610] jesd204: /axi/spi@ff040000/ad9081@0,jesd204:0,parent=spi1.0: JESD204[2] transition link_supported -> link_pre_setup
[    8.160088] jesd204: /axi/spi@ff040000/ad9081@0,jesd204:0,parent=spi1.0: JESD204[0] transition link_pre_setup -> link_supported
[    8.171560] jesd204: /axi/spi@ff040000/ad9081@0,jesd204:0,parent=spi1.0: JESD204[2] transition link_pre_setup -> link_supported
[    8.183037] jesd204: /axi/spi@ff040000/ad9081@0,jesd204:0,parent=spi1.0: JESD204[0] transition link_supported -> link_init
[    8.194075] jesd204: /axi/spi@ff040000/ad9081@0,jesd204:0,parent=spi1.0: JESD204[2] transition link_supported -> link_init
[    8.205123] jesd204: /axi/spi@ff040000/ad9081@0,jesd204:0,parent=spi1.0: JESD204[0] transition link_init -> device_init
[    8.215898] jesd204: /axi/spi@ff040000/ad9081@0,jesd204:0,parent=spi1.0: JESD204[2] transition link_init -> device_init
[    8.226680] jesd204: /axi/spi@ff040000/ad9081@0,jesd204:0,parent=spi1.0: JESD204[0] transition device_init -> idle
[    8.237029] jesd204: /axi/spi@ff040000/ad9081@0,jesd204:0,parent=spi1.0: JESD204[2] transition device_init -> idle
[    8.247376] jesd204: /axi/spi@ff040000/ad9081@0,jesd204:0,parent=spi1.0: JESD204[2] transition idle -> idle
[    8.257110] jesd204: /axi/spi@ff040000/ad9081@0,jesd204:0,parent=spi1.0: JESD204[0] transition idle -> idle
[    8.266852] jesd204: /axi/spi@ff040000/ad9081@0,jesd204:0,parent=spi1.0: JESD204[2] transition idle -> device_init
[    8.277196] jesd204: /axi/spi@ff040000/ad9081@0,jesd204:0,parent=spi1.0: JESD204[0] transition idle -> device_init
[    8.287546] jesd204: /axi/spi@ff040000/ad9081@0,jesd204:0,parent=spi1.0: JESD204[2] transition device_init -> link_init
[    8.298323] jesd204: /axi/spi@ff040000/ad9081@0,jesd204:0,parent=spi1.0: JESD204[0] transition device_init -> link_init
[    8.309112] jesd204: /axi/spi@ff040000/ad9081@0,jesd204:0,parent=spi1.0: JESD204[2] transition link_init -> link_supported
[    8.320153] jesd204: /axi/spi@ff040000/ad9081@0,jesd204:0,parent=spi1.0: JESD204[0] transition link_init -> link_supported
[    8.331337] axi-jesd204-rx 84a90000.axi-jesd204-rx: axi_jesd204_rx_jesd204_link_pre_setup: Link2 set lane rate 14280000 kHz failed (-22)
[    8.343594] jesd204: /fpga-axi@0/axi-jesd204-rx@84a90000,jesd204:4,parent=84a90000.axi-jesd204-rx: JESD204[2] In link_pre_setup got error from cb: -22
[    8.357061] jesd204: /axi/spi@ff040000/ad9081@0,jesd204:0,parent=spi1.0: Rolling back from 'link_supported', got error -22
[    8.368109] jesd204: /axi/spi@ff040000/ad9081@0,jesd204:0,parent=spi1.0: JESD204[0] transition link_supported -> link_pre_setup
[    8.379585] jesd204: /axi/spi@ff040000/ad9081@0,jesd204:0,parent=spi1.0: JESD204[2] transition link_supported -> link_pre_setup
[    8.391063] jesd204: /axi/spi@ff040000/ad9081@0,jesd204:0,parent=spi1.0: JESD204[0] transition link_pre_setup -> link_supported
[    8.402535] jesd204: /axi/spi@ff040000/ad9081@0,jesd204:0,parent=spi1.0: JESD204[2] transition link_pre_setup -> link_supported
[    8.414012] jesd204: /axi/spi@ff040000/ad9081@0,jesd204:0,parent=spi1.0: JESD204[0] transition link_supported -> link_init
[    8.425053] jesd204: /axi/spi@ff040000/ad9081@0,jesd204:0,parent=spi1.0: JESD204[2] transition link_supported -> link_init
[    8.436097] jesd204: /axi/spi@ff040000/ad9081@0,jesd204:0,parent=spi1.0: JESD204[0] transition link_init -> device_init
[    8.446873] jesd204: /axi/spi@ff040000/ad9081@0,jesd204:0,parent=spi1.0: JESD204[2] transition link_init -> device_init
[    8.457656] jesd204: /axi/spi@ff040000/ad9081@0,jesd204:0,parent=spi1.0: JESD204[0] transition device_init -> idle
[    8.467999] jesd204: /axi/spi@ff040000/ad9081@0,jesd204:0,parent=spi1.0: JESD204[2] transition device_init -> idle
[    8.478350] jesd204: /axi/spi@ff040000/ad9081@0,jesd204:0,parent=spi1.0: JESD204[2] transition idle -> idle
[    8.488086] jesd204: /axi/spi@ff040000/ad9081@0,jesd204:0,parent=spi1.0: JESD204[0] transition idle -> idle
[    8.497831] jesd204: /axi/spi@ff040000/ad9081@0,jesd204:0,parent=spi1.0: JESD204[2] transition idle -> device_init
[    8.508178] jesd204: /axi/spi@ff040000/ad9081@0,jesd204:0,parent=spi1.0: JESD204[0] transition idle -> device_init
[    8.518530] jesd204: /axi/spi@ff040000/ad9081@0,jesd204:0,parent=spi1.0: JESD204[2] transition device_init -> link_init
[    8.529307] jesd204: /axi/spi@ff040000/ad9081@0,jesd204:0,parent=spi1.0: JESD204[0] transition device_init -> link_init
[    8.540094] jesd204: /axi/spi@ff040000/ad9081@0,jesd204:0,parent=spi1.0: JESD204[2] transition link_init -> link_supported
[    8.551137] jesd204: /axi/spi@ff040000/ad9081@0,jesd204:0,parent=spi1.0: JESD204[0] transition link_init -> link_supported
[    8.562324] axi-jesd204-rx 84a90000.axi-jesd204-rx: axi_jesd204_rx_jesd204_link_pre_setup: Link2 set lane rate 14280000 kHz failed (-22)
[    8.574583] jesd204: /fpga-axi@0/axi-jesd204-rx@84a90000,jesd204:4,parent=84a90000.axi-jesd204-rx: JESD204[2] In link_pre_setup got error from cb: -22
[    8.588053] jesd204: /axi/spi@ff040000/ad9081@0,jesd204:0,parent=spi1.0: Rolling back from 'link_supported', got error -22
[    8.599097] jesd204: /axi/spi@ff040000/ad9081@0,jesd204:0,parent=spi1.0: JESD204[0] transition link_supported -> link_pre_setup
[    8.610568] jesd204: /axi/spi@ff040000/ad9081@0,jesd204:0,parent=spi1.0: JESD204[2] transition link_supported -> link_pre_setup
[    8.622050] jesd204: /axi/spi@ff040000/ad9081@0,jesd204:0,parent=spi1.0: JESD204[0] transition link_pre_setup -> link_supported
[    8.633528] jesd204: /axi/spi@ff040000/ad9081@0,jesd204:0,parent=spi1.0: JESD204[2] transition link_pre_setup -> link_supported
[    8.645005] jesd204: /axi/spi@ff040000/ad9081@0,jesd204:0,parent=spi1.0: JESD204[0] transition link_supported -> link_init
[    8.656043] jesd204: /axi/spi@ff040000/ad9081@0,jesd204:0,parent=spi1.0: JESD204[2] transition link_supported -> link_init
[    8.667089] jesd204: /axi/spi@ff040000/ad9081@0,jesd204:0,parent=spi1.0: JESD204[0] transition link_init -> device_init
[    8.677864] jesd204: /axi/spi@ff040000/ad9081@0,jesd204:0,parent=spi1.0: JESD204[2] transition link_init -> device_init
[    8.688648] jesd204: /axi/spi@ff040000/ad9081@0,jesd204:0,parent=spi1.0: JESD204[0] transition device_init -> idle
[    8.698991] jesd204: /axi/spi@ff040000/ad9081@0,jesd204:0,parent=spi1.0: JESD204[2] transition device_init -> idle
[    8.709339] jesd204: /axi/spi@ff040000/ad9081@0,jesd204:0,parent=spi1.0: FSM completed with error -22
[    8.727785] input: gpio-keys as /devices/platform/gpio-keys/input/input0
[    8.734791] of_cfs_init
[    8.737248] of_cfs_init: OK
[    8.740187] cfg80211: Loading compiled-in X.509 certificates for regulatory database
[    8.878280] cfg80211: Loaded X.509 cert 'sforshee: 00b28ddf47aef9cea7'
[    8.884810] clk: Not disabling unused clocks
[    8.889334] ALSA device list:
[    8.892298]   No soundcards found.
[    8.895956] platform regulatory.0: Direct firmware load for regulatory.db failed with error -2
[    8.904563] cfg80211: failed to load regulatory.db
[    8.919115] EXT4-fs (mmcblk0p2): mounted filesystem with ordered data mode. Opts: (null)
[    8.927234] VFS: Mounted root (ext4 filesystem) on device 179:2.
[    8.940648] devtmpfs: mounted
[    8.944465] Freeing unused kernel memory: 2560K
[    8.971811] Run /sbin/init as init process
[    8.975909]   with arguments:
[    8.975912]     /sbin/init
[    8.975914]   with environment:
[    8.975916]     HOME=/
[    8.975919]     TERM=linux
[    9.539237] systemd[1]: systemd 241 running in system mode. (+PAM +AUDIT +SELINUX +IMA +APPARMOR +SMACK +SYSVINIT +UTMP +LIBCRYPTSETUP +GCRYPT +GNUTLS +ACL +XZ +LZ4 +SECCOMP +BLKID +ELFUTILS +KMOD -IDN2 +IDN -PCRE2 default-hierarchy=hybrid)
[    9.561114] systemd[1]: Detected architecture arm64.
[    9.584469] systemd[1]: Set hostname to <analog>.
[    9.798392] systemd[1]: File /lib/systemd/system/systemd-journald.service:12 configures an IP firewall (IPAddressDeny=any), but the local system does not support BPF/cgroup based firewalling.
[    9.815455] systemd[1]: Proceeding WITHOUT firewalling in effect! (This warning is only shown for the first loaded unit using IP firewalling.)
[    9.978359] systemd[1]: /etc/systemd/system/tof-server.service:1: Assignment outside of section. Ignoring.
[    9.988073] systemd[1]: /etc/systemd/system/tof-server.service:2: Assignment outside of section. Ignoring.
[   10.170299] random: systemd: uninitialized urandom read (16 bytes read)
[   10.184928] random: systemd: uninitialized urandom read (16 bytes read)
[   10.191990] systemd[1]: Created slice User and Session Slice.
[   10.215845] random: systemd: uninitialized urandom read (16 bytes read)
[   10.222856] systemd[1]: Created slice system-systemd\x2dfsck.slice.
[   10.243845] systemd[1]: Reached target Swap.
[   11.047183] EXT4-fs (mmcblk0p2): re-mounted. Opts: (null)
[   11.151644] systemd-journald[168]: Received request to flush runtime journal from PID 1
[   16.651611] random: crng init done
[   16.651620] random: 7 urandom warning(s) missed due to ratelimiting
[   17.052596] macb ff0e0000.ethernet eth0: PHY [ff0e0000.ethernet-ffffffff:0c] driver [TI DP83867] (irq=POLL)
[   17.052609] macb ff0e0000.ethernet eth0: configuring for phy/rgmii-id link mode
[   17.327802] Adding 73724k swap on /var/swap.  Priority:-2 extents:1 across:73724k SS
[   19.876754] broken atomic modeset userspace detected, disabling atomic
[   20.129392] macb ff0e0000.ethernet eth0: Link is Up - 1Gbps/Full - flow control off
[   20.129416] IPv6: ADDRCONF(NETDEV_CHANGE): eth0: link becomes ready
[   22.560171] broken atomic modeset userspace detected, disabling atomic
[   25.459809] broken atomic modeset userspace detected, disabling atomic
[   28.111865] broken atomic modeset userspace detected, disabling atomic