[    0.000000] Booting Linux on physical CPU 0x0000000000 [0x410fd034]
[    0.000000] Linux version 5.10.0-98103-g2aa7ac113716 (jenkins@romlxbuild1.adlk.analog.com) (aarch64-xilinx-linux-gcc.real (GCC) 10.2.0, GNU ld (GNU Binutils) 2.35.0.20200730) #5577 SMP Wed Mar 23 07:28:49 GMT 2022
[    0.000000] Machine model: ZynqMP ZCU102 Rev1.0
[    0.000000] earlycon: cdns0 at MMIO 0x00000000ff000000 (options '115200n8')
[    0.000000] printk: bootconsole [cdns0] enabled
[    0.000000] efi: UEFI not found.
[    0.000000] cma: Reserved 256 MiB at 0x0000000070000000
[    0.000000] Zone ranges:
[    0.000000]   DMA      [mem 0x0000000000000000-0x000000003fffffff]
[    0.000000]   DMA32    [mem 0x0000000040000000-0x00000000ffffffff]
[    0.000000]   Normal   [mem 0x0000000100000000-0x000000087fffffff]
[    0.000000] Movable zone start for each node
[    0.000000] Early memory node ranges
[    0.000000]   node   0: [mem 0x0000000000000000-0x000000007fffffff]
[    0.000000]   node   0: [mem 0x0000000800000000-0x000000087fffffff]
[    0.000000] Initmem setup node 0 [mem 0x0000000000000000-0x000000087fffffff]
[    0.000000] On node 0 totalpages: 1048576
[    0.000000]   DMA zone: 3584 pages used for memmap
[    0.000000]   DMA zone: 0 pages reserved
[    0.000000]   DMA zone: 262144 pages, LIFO batch:63
[    0.000000]   DMA32 zone: 3584 pages used for memmap
[    0.000000]   DMA32 zone: 262144 pages, LIFO batch:63
[    0.000000]   Normal zone: 7168 pages used for memmap
[    0.000000]   Normal zone: 524288 pages, LIFO batch:63
[    0.000000] psci: probing for conduit method from DT.
[    0.000000] psci: PSCIv1.1 detected in firmware.
[    0.000000] psci: Using standard PSCI v0.2 function IDs
[    0.000000] psci: MIGRATE_INFO_TYPE not supported.
[    0.000000] psci: SMC Calling Convention v1.2
[    0.000000] percpu: Embedded 22 pages/cpu s49496 r8192 d32424 u90112
[    0.000000] pcpu-alloc: s49496 r8192 d32424 u90112 alloc=22*4096
[    0.000000] pcpu-alloc: [0] 0 [0] 1 [0] 2 [0] 3 
[    0.000000] Detected VIPT I-cache on CPU0
[    0.000000] CPU features: detected: ARM erratum 845719
[    0.000000] Built 1 zonelists, mobility grouping on.  Total pages: 1034240
[    0.000000] Kernel command line: console=ttyPS0,115200 root=/dev/mmcblk0p2 rw earlycon rootfstype=ext4 rootwait clk_ignore_unused cpuidle.off=1 root=/dev/mmcblk0p2 rw rootwait
[    0.000000] Dentry cache hash table entries: 524288 (order: 10, 4194304 bytes, linear)
[    0.000000] Inode-cache hash table entries: 262144 (order: 9, 2097152 bytes, linear)
[    0.000000] mem auto-init: stack:off, heap alloc:off, heap free:off
[    0.000000] software IO TLB: mapped [mem 0x000000003bfff000-0x000000003ffff000] (64MB)
[    0.000000] Memory: 3761904K/4194304K available (15296K kernel code, 1636K rwdata, 11876K rodata, 2560K init, 507K bss, 170256K reserved, 262144K cma-reserved)
[    0.000000] rcu: Hierarchical RCU implementation.
[    0.000000] rcu: 	RCU event tracing is enabled.
[    0.000000] rcu: 	RCU restricting CPUs from NR_CPUS=8 to nr_cpu_ids=4.
[    0.000000] rcu: RCU calculated value of scheduler-enlistment delay is 25 jiffies.
[    0.000000] rcu: Adjusting geometry for rcu_fanout_leaf=16, nr_cpu_ids=4
[    0.000000] NR_IRQS: 64, nr_irqs: 64, preallocated irqs: 0
[    0.000000] GIC: Adjusting CPU interface base to 0x00000000f902f000
[    0.000000] GIC: Using split EOI/Deactivate mode
[    0.000000] random: get_random_bytes called from start_kernel+0x31c/0x54c with crng_init=0
[    0.000000] arch_timer: cp15 timer(s) running at 100.00MHz (phys).
[    0.000000] clocksource: arch_sys_counter: mask: 0xffffffffffffff max_cycles: 0x171024e7e0, max_idle_ns: 440795205315 ns
[    0.000003] sched_clock: 56 bits at 100MHz, resolution 10ns, wraps every 4398046511100ns
[    0.008463] Console: colour dummy device 80x25
[    0.012483] Calibrating delay loop (skipped), value calculated using timer frequency.. 200.00 BogoMIPS (lpj=400000)
[    0.022840] pid_max: default: 32768 minimum: 301
[    0.027548] Mount-cache hash table entries: 8192 (order: 4, 65536 bytes, linear)
[    0.034788] Mountpoint-cache hash table entries: 8192 (order: 4, 65536 bytes, linear)
[    0.043395] rcu: Hierarchical SRCU implementation.
[    0.047558] EFI services will not be available.
[    0.051937] smp: Bringing up secondary CPUs ...
[    0.056654] Detected VIPT I-cache on CPU1
[    0.056692] CPU1: Booted secondary processor 0x0000000001 [0x410fd034]
[    0.057058] Detected VIPT I-cache on CPU2
[    0.057082] CPU2: Booted secondary processor 0x0000000002 [0x410fd034]
[    0.057421] Detected VIPT I-cache on CPU3
[    0.057444] CPU3: Booted secondary processor 0x0000000003 [0x410fd034]
[    0.057490] smp: Brought up 1 node, 4 CPUs
[    0.091779] SMP: Total of 4 processors activated.
[    0.096452] CPU features: detected: 32-bit EL0 Support
[    0.101555] CPU features: detected: CRC32 instructions
[    0.106696] CPU: All CPU(s) started at EL2
[    0.110736] alternatives: patching kernel code
[    0.116167] devtmpfs: initialized
[    0.124064] Registered cp15_barrier emulation handler
[    0.124115] Registered setend emulation handler
[    0.128090] clocksource: jiffies: mask: 0xffffffff max_cycles: 0xffffffff, max_idle_ns: 7645041785100000 ns
[    0.137670] futex hash table entries: 1024 (order: 4, 65536 bytes, linear)
[    0.151026] pinctrl core: initialized pinctrl subsystem
[    0.151675] NET: Registered protocol family 16
[    0.156091] DMA: preallocated 512 KiB GFP_KERNEL pool for atomic allocations
[    0.162107] DMA: preallocated 512 KiB GFP_KERNEL|GFP_DMA pool for atomic allocations
[    0.169833] DMA: preallocated 512 KiB GFP_KERNEL|GFP_DMA32 pool for atomic allocations
[    0.177635] audit: initializing netlink subsys (disabled)
[    0.183086] audit: type=2000 audit(0.116:1): state=initialized audit_enabled=0 res=1
[    0.183429] hw-breakpoint: found 6 breakpoint and 4 watchpoint registers.
[    0.197462] ASID allocator initialised with 65536 entries
[    0.224368] HugeTLB registered 1.00 GiB page size, pre-allocated 0 pages
[    0.225420] HugeTLB registered 32.0 MiB page size, pre-allocated 0 pages
[    0.232090] HugeTLB registered 2.00 MiB page size, pre-allocated 0 pages
[    0.238755] HugeTLB registered 64.0 KiB page size, pre-allocated 0 pages
[    1.304299] DRBG: Continuing without Jitter RNG
[    1.382149] raid6: neonx8   gen()  2137 MB/s
[    1.450197] raid6: neonx8   xor()  1600 MB/s
[    1.518248] raid6: neonx4   gen()  2196 MB/s
[    1.586304] raid6: neonx4   xor()  1566 MB/s
[    1.654372] raid6: neonx2   gen()  2076 MB/s
[    1.722417] raid6: neonx2   xor()  1441 MB/s
[    1.790476] raid6: neonx1   gen()  1772 MB/s
[    1.858528] raid6: neonx1   xor()  1220 MB/s
[    1.926585] raid6: int64x8  gen()  1438 MB/s
[    1.994641] raid6: int64x8  xor()   771 MB/s
[    2.062706] raid6: int64x4  gen()  1598 MB/s
[    2.130756] raid6: int64x4  xor()   817 MB/s
[    2.198827] raid6: int64x2  gen()  1397 MB/s
[    2.266878] raid6: int64x2  xor()   750 MB/s
[    2.334957] raid6: int64x1  gen()  1034 MB/s
[    2.403015] raid6: int64x1  xor()   517 MB/s
[    2.403053] raid6: using algorithm neonx4 gen() 2196 MB/s
[    2.407012] raid6: .... xor() 1566 MB/s, rmw enabled
[    2.411943] raid6: using neon recovery algorithm
[    2.416952] iommu: Default domain type: Translated 
[    2.421567] SCSI subsystem initialized
[    2.425111] libata version 3.00 loaded.
[    2.425237] usbcore: registered new interface driver usbfs
[    2.430569] usbcore: registered new interface driver hub
[    2.435842] usbcore: registered new device driver usb
[    2.440974] mc: Linux media interface: v0.10
[    2.445092] videodev: Linux video capture interface: v2.00
[    2.450582] EDAC MC: Ver: 3.0.0
[    2.454024] zynqmp-ipi-mbox mailbox@ff990400: Registered ZynqMP IPI mbox with TX/RX channels.
[    2.462523] jesd204: created con: id=0, topo=0, link=0, /axi/spi@ff050000/hmc7044@0 <-> /fpga-axi@0/axi-adxcvr-tx@84b60000
[    2.473111] jesd204: created con: id=1, topo=0, link=2, /axi/spi@ff050000/hmc7044@0 <-> /fpga-axi@0/axi-adxcvr-rx@84a60000
[    2.484096] jesd204: created con: id=2, topo=0, link=0, /fpga-axi@0/axi-adxcvr-tx@84b60000 <-> /fpga-axi@0/axi-jesd204-tx@84b90000
[    2.495771] jesd204: created con: id=3, topo=0, link=2, /fpga-axi@0/axi-adxcvr-rx@84a60000 <-> /fpga-axi@0/axi-jesd204-rx@84a90000
[    2.507448] jesd204: created con: id=4, topo=0, link=0, /fpga-axi@0/axi-jesd204-tx@84b90000 <-> /fpga-axi@0/axi-ad9081-tx-hpc@84b10000
[    2.519476] jesd204: created con: id=5, topo=0, link=2, /fpga-axi@0/axi-jesd204-rx@84a90000 <-> /fpga-axi@0/axi-ad9081-rx-hpc@84a10000
[    2.531499] jesd204: created con: id=6, topo=0, link=2, /fpga-axi@0/axi-ad9081-rx-hpc@84a10000 <-> /axi/spi@ff040000/ad9081@0
[    2.542740] jesd204: created con: id=7, topo=0, link=0, /fpga-axi@0/axi-ad9081-tx-hpc@84b10000 <-> /axi/spi@ff040000/ad9081@0
[    2.553989] jesd204: /axi/spi@ff040000/ad9081@0: JESD204[2] transition uninitialized -> initialized
[    2.562977] jesd204: /axi/spi@ff040000/ad9081@0: JESD204[0] transition uninitialized -> initialized
[    2.571968] jesd204: found 8 devices and 1 topologies
[    2.577012] FPGA manager framework
[    2.580490] Advanced Linux Sound Architecture Driver Initialized.
[    2.586787] Bluetooth: Core ver 2.22
[    2.589971] NET: Registered protocol family 31
[    2.594373] Bluetooth: HCI device and connection manager initialized
[    2.600689] Bluetooth: HCI socket layer initialized
[    2.605531] Bluetooth: L2CAP socket layer initialized
[    2.610555] Bluetooth: SCO socket layer initialized
[    2.615738] clocksource: Switched to clocksource arch_sys_counter
[    2.621547] VFS: Disk quotas dquot_6.6.0
[    2.625382] VFS: Dquot-cache hash table entries: 512 (order 0, 4096 bytes)
[    2.636097] NET: Registered protocol family 2
[    2.636825] tcp_listen_portaddr_hash hash table entries: 2048 (order: 3, 32768 bytes, linear)
[    2.645022] TCP established hash table entries: 32768 (order: 6, 262144 bytes, linear)
[    2.653048] TCP bind hash table entries: 32768 (order: 7, 524288 bytes, linear)
[    2.660493] TCP: Hash tables configured (established 32768 bind 32768)
[    2.666668] UDP hash table entries: 2048 (order: 4, 65536 bytes, linear)
[    2.673332] UDP-Lite hash table entries: 2048 (order: 4, 65536 bytes, linear)
[    2.680494] NET: Registered protocol family 1
[    2.684947] RPC: Registered named UNIX socket transport module.
[    2.690571] RPC: Registered udp transport module.
[    2.695234] RPC: Registered tcp transport module.
[    2.699904] RPC: Registered tcp NFSv4.1 backchannel transport module.
[    2.706894] PCI: CLS 0 bytes, default 64
[    2.710605] hw perfevents: no interrupt-affinity property for /pmu, guessing.
[    2.717455] hw perfevents: enabled with armv8_pmuv3 PMU driver, 7 counters available
[    2.725812] Initialise system trusted keyrings
[    2.729486] workingset: timestamp_bits=62 max_order=20 bucket_order=0
[    2.736381] NFS: Registering the id_resolver key type
[    2.740834] Key type id_resolver registered
[    2.744972] Key type id_legacy registered
[    2.748963] nfs4filelayout_init: NFSv4 File Layout Driver Registering...
[    2.755629] jffs2: version 2.2. (NAND) (SUMMARY)  Â© 2001-2006 Red Hat, Inc.
[    2.797425] NET: Registered protocol family 38
[    2.797467] xor: measuring software checksum speed
[    2.805154]    8regs           :  2363 MB/sec
[    2.808823]    32regs          :  2799 MB/sec
[    2.813766]    arm64_neon      :  2380 MB/sec
[    2.813956] xor: using function: 32regs (2799 MB/sec)
[    2.818982] Key type asymmetric registered
[    2.823043] Asymmetric key parser 'x509' registered
[    2.827904] Block layer SCSI generic (bsg) driver version 0.4 loaded (major 248)
[    2.835241] io scheduler mq-deadline registered
[    2.839737] io scheduler kyber registered
[    2.869168] Serial: 8250/16550 driver, 4 ports, IRQ sharing disabled
[    2.873814] cacheinfo: Unable to detect cache hierarchy for CPU 0
[    2.880139] brd: module loaded
[    2.884286] loop: module loaded
[    2.884835] Registered mathworks_ip class
[    2.888177] libphy: Fixed MDIO Bus: probed
[    2.891146] tun: Universal TUN/TAP device driver, 1.6
[    2.895229] CAN device driver interface
[    2.899763] usbcore: registered new interface driver asix
[    2.904344] usbcore: registered new interface driver ax88179_178a
[    2.910386] usbcore: registered new interface driver cdc_ether
[    2.916180] usbcore: registered new interface driver net1080
[    2.921803] usbcore: registered new interface driver cdc_subset
[    2.927685] usbcore: registered new interface driver zaurus
[    2.933229] usbcore: registered new interface driver cdc_ncm
[    2.939631] ehci_hcd: USB 2.0 'Enhanced' Host Controller (EHCI) Driver
[    2.945313] ehci-pci: EHCI PCI platform driver
[    2.950112] usbcore: registered new interface driver uas
[    2.955032] usbcore: registered new interface driver usb-storage
[    2.961020] usbcore: registered new interface driver usbserial_generic
[    2.967468] usbserial: USB Serial support registered for generic
[    2.973441] usbcore: registered new interface driver ftdi_sio
[    2.979144] usbserial: USB Serial support registered for FTDI USB Serial Device
[    2.986420] usbcore: registered new interface driver upd78f0730
[    2.992292] usbserial: USB Serial support registered for upd78f0730
[    2.999955] rtc_zynqmp ffa60000.rtc: registered as rtc0
[    3.003711] rtc_zynqmp ffa60000.rtc: setting system clock to 2022-03-26T03:17:37 UTC (1648264657)
[    3.012582] i2c /dev entries driver
[    3.017884] usbcore: registered new interface driver uvcvideo
[    3.021693] USB Video Class driver (1.1.1)
[    3.027266] Bluetooth: HCI UART driver ver 2.3
[    3.030175] Bluetooth: HCI UART protocol H4 registered
[    3.035274] Bluetooth: HCI UART protocol BCSP registered
[    3.040563] Bluetooth: HCI UART protocol LL registered
[    3.045651] Bluetooth: HCI UART protocol ATH3K registered
[    3.051027] Bluetooth: HCI UART protocol Three-wire (H5) registered
[    3.057281] Bluetooth: HCI UART protocol Intel registered
[    3.062618] Bluetooth: HCI UART protocol QCA registered
[    3.067820] usbcore: registered new interface driver bcm203x
[    3.073441] usbcore: registered new interface driver bpa10x
[    3.078975] usbcore: registered new interface driver bfusb
[    3.084427] usbcore: registered new interface driver btusb
[    3.089890] usbcore: registered new interface driver ath3k
[    3.095371] EDAC MC: ECC not enabled
[    3.099001] EDAC DEVICE0: Giving out device to module zynqmp-ocm-edac controller zynqmp_ocm: DEV ff960000.memory-controller (INTERRUPT)
[    3.111311] sdhci: Secure Digital Host Controller Interface driver
[    3.117100] sdhci: Copyright(c) Pierre Ossman
[    3.121426] sdhci-pltfm: SDHCI platform and OF driver helper
[    3.127479] ledtrig-cpu: registered to indicate activity on CPUs
[    3.133034] SMCCC: SOC_ID: ARCH_SOC_ID not implemented, skipping ....
[    3.139455] zynqmp_firmware_probe Platform Management API v1.1
[    3.145217] zynqmp_firmware_probe Trustzone version v1.0
[    3.184779] zynqmp-pinctrl firmware:zynqmp-firmware:pinctrl: zynqmp pinctrl initialized
[    3.232761] zynqmp-aes firmware:zynqmp-firmware:zynqmp-aes: will run requests pump with realtime priority
[    3.248571] alg: No test for xilinx-keccak-384 (zynqmp-keccak-384)
[    3.249278] alg: No test for xilinx-zynqmp-rsa (zynqmp-rsa)
[    3.254789] usbcore: registered new interface driver usbhid
[    3.260183] usbhid: USB HID core driver
[    3.271398] axi_sysid 85000000.axi-sysid-0: AXI System ID core version (1.01.a) found
[    3.273761] axi_sysid 85000000.axi-sysid-0: [ad9081_fmca_ebz] on [zcu102] git branch <master> git <084d44c9780640ca93fd847b1d9ec70dd65f5c67> clean [2022-03-18 04:17:50] UTC
[    3.289430] fpga_manager fpga0: Xilinx ZynqMP FPGA Manager registered
[    3.295808] usbcore: registered new interface driver snd-usb-audio
[    3.303219] pktgen: Packet Generator for packet performance testing. Version: 2.75
[    3.309440] Initializing XFRM netlink socket
[    3.313270] NET: Registered protocol family 10
[    3.317992] Segment Routing with IPv6
[    3.321373] sit: IPv6, IPv4 and MPLS over IPv4 tunneling driver
[    3.327449] NET: Registered protocol family 17
[    3.331547] NET: Registered protocol family 15
[    3.336045] can: controller area network core
[    3.340300] NET: Registered protocol family 29
[    3.344687] can: raw protocol
[    3.347619] can: broadcast manager protocol
[    3.351779] can: netlink gateway - max_hops=1
[    3.356176] Bluetooth: RFCOMM TTY layer initialized
[    3.360953] Bluetooth: RFCOMM socket layer initialized
[    3.366062] Bluetooth: RFCOMM ver 1.11
[    3.369771] Bluetooth: BNEP (Ethernet Emulation) ver 1.3
[    3.375044] Bluetooth: BNEP filters: protocol multicast
[    3.380237] Bluetooth: BNEP socket layer initialized
[    3.385164] Bluetooth: HIDP (Human Interface Emulation) ver 1.2
[    3.391049] Bluetooth: HIDP socket layer initialized
[    3.396102] 9pnet: Installing 9P2000 support
[    3.400224] NET: Registered protocol family 36
[    3.404643] Key type dns_resolver registered
[    3.409076] registered taskstats version 1
[    3.412939] Loading compiled-in X.509 certificates
[    3.418042] Btrfs loaded, crc32c=crc32c-generic
[    3.430448] ff000000.serial: ttyPS0 at MMIO 0xff000000 (irq = 49, base_baud = 6249999) is a xuartps
[    3.439472] printk: console [ttyPS0] enabled
[    3.443771] printk: bootconsole [cdns0] disabled
[    3.453395] ff010000.serial: ttyPS1 at MMIO 0xff010000 (irq = 50, base_baud = 6249999) is a xuartps
[    3.466636] of-fpga-region fpga-full: FPGA Region probed
[    3.473599] nwl-pcie fd0e0000.pcie: host bridge /axi/pcie@fd0e0000 ranges:
[    3.480501] nwl-pcie fd0e0000.pcie:      MEM 0x00e0000000..0x00efffffff -> 0x00e0000000
[    3.488507] nwl-pcie fd0e0000.pcie:      MEM 0x0600000000..0x07ffffffff -> 0x0600000000
[    3.496569] nwl-pcie fd0e0000.pcie: Link is DOWN
[    3.501326] nwl-pcie fd0e0000.pcie: PCI host bridge to bus 0000:00
[    3.507504] pci_bus 0000:00: root bus resource [bus 00-ff]
[    3.512985] pci_bus 0000:00: root bus resource [mem 0xe0000000-0xefffffff]
[    3.519856] pci_bus 0000:00: root bus resource [mem 0x600000000-0x7ffffffff pref]
[    3.527360] pci 0000:00:00.0: [10ee:d021] type 01 class 0x060400
[    3.533417] pci 0000:00:00.0: PME# supported from D0 D1 D2 D3hot
[    3.543872] pci 0000:00:00.0: PCI bridge to [bus 01-0c]
[    3.549851] xilinx-zynqmp-dma fd500000.dma: ZynqMP DMA driver Probe success
[    3.557029] xilinx-zynqmp-dma fd510000.dma: ZynqMP DMA driver Probe success
[    3.564199] xilinx-zynqmp-dma fd520000.dma: ZynqMP DMA driver Probe success
[    3.571366] xilinx-zynqmp-dma fd530000.dma: ZynqMP DMA driver Probe success
[    3.578534] xilinx-zynqmp-dma fd540000.dma: ZynqMP DMA driver Probe success
[    3.585701] xilinx-zynqmp-dma fd550000.dma: ZynqMP DMA driver Probe success
[    3.592872] xilinx-zynqmp-dma fd560000.dma: ZynqMP DMA driver Probe success
[    3.600043] xilinx-zynqmp-dma fd570000.dma: ZynqMP DMA driver Probe success
[    3.607444] xilinx-zynqmp-dpdma fd4c0000.dma-controller: Xilinx DPDMA engine is probed
[    3.616007] ahci-ceva fd0c0000.ahci: supply ahci not found, using dummy regulator
[    3.623543] ahci-ceva fd0c0000.ahci: supply phy not found, using dummy regulator
[    3.711907] hmc7044 spi2.0: PLL1: Acquisition, CLKIN0 @ 122880000 Hz, PFD: 80 kHz - PLL2: Locked @ 3120.000000 MHz
[    3.722625] jesd204: /axi/spi@ff050000/hmc7044@0,jesd204:1,parent=spi2.0: Using as SYSREF provider
[    3.732209] spi-nor spi0.0: SPI-NOR-UniqueID 100000235394732200270025081115266e
[    3.739521] spi-nor spi0.0: found n25q512a, expected m25p80
[    3.745720] spi-nor spi0.0: trying to lock already unlocked area
[    3.751722] spi-nor spi0.0: n25q512a (131072 Kbytes)
[    3.756707] 4 fixed-partitions partitions found on MTD device spi0.0
[    3.763054] Creating 4 MTD partitions on "spi0.0":
[    3.767840] 0x000000000000-0x000000100000 : "qspi-fsbl-uboot"
[    3.774335] 0x000000100000-0x000000600000 : "qspi-linux"
[    3.780291] 0x000000600000-0x000000620000 : "qspi-device-tree"
[    3.786770] 0x000000620000-0x000000c00000 : "qspi-rootfs"
[    3.795233] macb ff0e0000.ethernet: Not enabling partial store and forward
[    3.802753] libphy: MACB_mii_bus: probed
[    3.807822] macb ff0e0000.ethernet eth0: Cadence GEM rev 0x50070106 at 0xff0e0000 irq 30 (00:0a:35:04:8e:1b)
[    3.818038] xilinx-axipmon ffa00000.perf-monitor: Probed Xilinx APM
[    3.824618] xilinx-axipmon fd0b0000.perf-monitor: Probed Xilinx APM
[    3.831135] xilinx-axipmon fd490000.perf-monitor: Probed Xilinx APM
[    3.837679] xilinx-axipmon ffa10000.perf-monitor: Probed Xilinx APM
[    3.847666] pca953x 0-0020: supply vcc not found, using dummy regulator
[    3.854345] pca953x 0-0020: using no AI
[    3.858830] gpio-496 (sel0): hogged as output/low
[    3.863745] gpio-497 (sel1): hogged as output/high
[    3.868729] gpio-498 (sel2): hogged as output/high
[    3.873718] gpio-499 (sel3): hogged as output/high
[    3.878893] pca953x 0-0021: supply vcc not found, using dummy regulator
[    3.885567] pca953x 0-0021: using no AI
[    3.891330] ina2xx 2-0040: power monitor ina226 (Rshunt = 5000 uOhm)
[    3.898355] ina2xx 2-0041: power monitor ina226 (Rshunt = 5000 uOhm)
[    3.905398] ina2xx 2-0042: power monitor ina226 (Rshunt = 5000 uOhm)
[    3.912424] ina2xx 2-0043: power monitor ina226 (Rshunt = 5000 uOhm)
[    3.919452] ina2xx 2-0044: power monitor ina226 (Rshunt = 5000 uOhm)
[    3.926469] ina2xx 2-0045: power monitor ina226 (Rshunt = 5000 uOhm)
[    3.933504] ina2xx 2-0046: power monitor ina226 (Rshunt = 5000 uOhm)
[    3.940580] ina2xx 2-0047: power monitor ina226 (Rshunt = 5000 uOhm)
[    3.947604] ina2xx 2-004a: power monitor ina226 (Rshunt = 5000 uOhm)
[    3.954645] ina2xx 2-004b: power monitor ina226 (Rshunt = 5000 uOhm)
[    3.961058] i2c i2c-0: Added multiplexed i2c bus 2
[    3.966447] random: fast init done
[    3.969920] ina2xx 3-0040: power monitor ina226 (Rshunt = 2000 uOhm)
[    3.976950] ina2xx 3-0041: power monitor ina226 (Rshunt = 5000 uOhm)
[    3.983985] ina2xx 3-0042: power monitor ina226 (Rshunt = 5000 uOhm)
[    3.991015] ina2xx 3-0043: power monitor ina226 (Rshunt = 5000 uOhm)
[    3.998041] ina2xx 3-0044: power monitor ina226 (Rshunt = 5000 uOhm)
[    4.005069] ina2xx 3-0045: power monitor ina226 (Rshunt = 5000 uOhm)
[    4.012099] ina2xx 3-0046: power monitor ina226 (Rshunt = 5000 uOhm)
[    4.019132] ina2xx 3-0047: power monitor ina226 (Rshunt = 5000 uOhm)
[    4.025530] i2c i2c-0: Added multiplexed i2c bus 3
[    4.081483] i2c i2c-0: Added multiplexed i2c bus 4
[    4.086431] i2c i2c-0: Added multiplexed i2c bus 5
[    4.091225] pca954x 0-0075: registered 4 multiplexed busses for I2C mux pca9544
[    4.098574] cdns-i2c ff020000.i2c: 400 kHz mmio ff020000 irq 32
[    4.106301] at24 6-0054: supply vcc not found, using dummy regulator
[    4.113204] at24 6-0054: 1024 byte 24c08 EEPROM, writable, 1 bytes/write
[    4.119955] i2c i2c-1: Added multiplexed i2c bus 6
[    4.126385] si5341 7-0036: Chip: 5341 Grade: 1 Rev: 1
[    4.164040] i2c i2c-1: Added multiplexed i2c bus 7
[    4.171689] si570 8-005d: registered, current frequency 300000000 Hz
[    4.178093] i2c i2c-1: Added multiplexed i2c bus 8
[    4.197871] si570 9-005d: registered, current frequency 148500000 Hz
[    4.204272] i2c i2c-1: Added multiplexed i2c bus 9
[    4.209310] si5324 10-0069: si5328 probed
[    4.276090] si5324 10-0069: si5328 probe successful
[    4.281023] i2c i2c-1: Added multiplexed i2c bus 10
[    4.286051] i2c i2c-1: Added multiplexed i2c bus 11
[    4.291079] i2c i2c-1: Added multiplexed i2c bus 12
[    4.296097] i2c i2c-1: Added multiplexed i2c bus 13
[    4.300978] pca954x 1-0074: registered 8 multiplexed busses for I2C switch pca9548
[    4.309090] at24 14-0050: supply vcc not found, using dummy regulator
[    4.315881] at24 14-0050: 256 byte 24c02 EEPROM, writable, 1 bytes/write
[    4.322629] i2c i2c-1: Added multiplexed i2c bus 14
[    4.327667] i2c i2c-1: Added multiplexed i2c bus 15
[    4.332702] i2c i2c-1: Added multiplexed i2c bus 16
[    4.337740] i2c i2c-1: Added multiplexed i2c bus 17
[    4.342775] i2c i2c-1: Added multiplexed i2c bus 18
[    4.347822] i2c i2c-1: Added multiplexed i2c bus 19
[    4.352859] i2c i2c-1: Added multiplexed i2c bus 20
[    4.357893] i2c i2c-1: Added multiplexed i2c bus 21
[    4.362770] pca954x 1-0075: registered 8 multiplexed busses for I2C switch pca9548
[    4.370379] cdns-i2c ff030000.i2c: 400 kHz mmio ff030000 irq 33
[    4.380124] cdns-wdt fd4d0000.watchdog: Xilinx Watchdog Timer with timeout 60s
[    4.390908] axi_adxcvr 84a60000.axi-adxcvr-rx: AXI-ADXCVR-RX (17.05.a) using CPLL on GTH4 at 0x84A60000. Number of lanes: 4.
[    4.403082] axi_adxcvr 84b60000.axi-adxcvr-tx: AXI-ADXCVR-TX (17.05.a) using QPLL on GTH4 at 0x84B60000. Number of lanes: 4.
[    4.414704] axi-jesd204-rx 84a90000.axi-jesd204-rx: AXI-JESD204-RX (1.07.a) at 0x84A90000. Encoder 8b10b, width 4/4, lanes 4, jesd204-fsm.
[    4.422227] mmc0: SDHCI controller on ff170000.mmc [ff170000.mmc] using ADMA 64-bit
[    4.427546] axi-jesd204-tx 84b90000.axi-jesd204-tx: AXI-JESD204-TX (1.06.a) at 0x84B90000. Encoder 8b10b, width 4/4, lanes 4, jesd204-fsm.
[    4.448268] zynqmp-display fd4a0000.display: vtc bridge property not present
[    4.457918] xilinx-dp-snd-codec fd4a0000.display:zynqmp_dp_snd_codec0: Failed to get required clock freq
[    4.467425] xilinx-dp-snd-codec: probe of fd4a0000.display:zynqmp_dp_snd_codec0 failed with error -22
[    4.469519] mmc0: new high speed SDHC card at address 0001
[    4.476962] xilinx-dp-snd-pcm zynqmp_dp_snd_pcm0: Xilinx DisplayPort Sound PCM probed
[    4.482476] mmcblk0: mmc0:0001 EB1QT 29.8 GiB 
[    4.490278] xilinx-dp-snd-pcm zynqmp_dp_snd_pcm1: Xilinx DisplayPort Sound PCM probed
[    4.495620]  mmcblk0: p1 p2 p3
[    4.502580] OF: graph: no port node found in /axi/display@fd4a0000
[    4.511656] xlnx-drm xlnx-drm.0: bound fd4a0000.display (ops 0xffffffc010fcbdb8)
[    5.595754] zynqmp-display fd4a0000.display: [drm] Cannot find any crtc or sizes
[    5.603374] [drm] Initialized xlnx 1.0.0 20130509 for fd4a0000.display on minor 0
[    5.610861] zynqmp-display fd4a0000.display: ZynqMP DisplayPort Subsystem driver probed
[    5.619189] ahci-ceva fd0c0000.ahci: supply ahci not found, using dummy regulator
[    5.626740] ahci-ceva fd0c0000.ahci: supply phy not found, using dummy regulator
[    5.634200] ahci-ceva fd0c0000.ahci: supply target not found, using dummy regulator
[    5.652095] ahci-ceva fd0c0000.ahci: AHCI 0001.0301 32 slots 2 ports 6 Gbps 0x3 impl platform mode
[    5.661058] ahci-ceva fd0c0000.ahci: flags: 64bit ncq sntf pm clo only pmp fbs pio slum part ccc sds apst 
[    5.671686] scsi host0: ahci-ceva
[    5.675290] scsi host1: ahci-ceva
[    5.678719] ata1: SATA max UDMA/133 mmio [mem 0xfd0c0000-0xfd0c1fff] port 0x100 irq 45
[    5.686632] ata2: SATA max UDMA/133 mmio [mem 0xfd0c0000-0xfd0c1fff] port 0x180 irq 45
[    5.695239] ad9081 spi1.0: supply vdd not found, using dummy regulator
[    6.005953] ata2: SATA link down (SStatus 0 SControl 330)
[    6.011381] ata1: SATA link down (SStatus 0 SControl 330)
[    6.679756] zynqmp-display fd4a0000.display: [drm] Cannot find any crtc or sizes
[    7.536588] ad9081 spi1.0: AD9081 Rev. 2 Grade 10 (API 1.2.2) probed
[    7.543793] xhci-hcd xhci-hcd.1.auto: xHCI Host Controller
[    7.549283] xhci-hcd xhci-hcd.1.auto: new USB bus registered, assigned bus number 1
[    7.557033] xhci-hcd xhci-hcd.1.auto: hcc params 0x0238f625 hci version 0x100 quirks 0x0000000002010810
[    7.566444] xhci-hcd xhci-hcd.1.auto: irq 59, io mem 0xfe200000
[    7.572556] usb usb1: New USB device found, idVendor=1d6b, idProduct=0002, bcdDevice= 5.10
[    7.580818] usb usb1: New USB device strings: Mfr=3, Product=2, SerialNumber=1
[    7.588036] usb usb1: Product: xHCI Host Controller
[    7.592906] usb usb1: Manufacturer: Linux 5.10.0-98103-g2aa7ac113716 xhci-hcd
[    7.600032] usb usb1: SerialNumber: xhci-hcd.1.auto
[    7.605195] hub 1-0:1.0: USB hub found
[    7.608960] hub 1-0:1.0: 1 port detected
[    7.613064] xhci-hcd xhci-hcd.1.auto: xHCI Host Controller
[    7.618553] xhci-hcd xhci-hcd.1.auto: new USB bus registered, assigned bus number 2
[    7.626207] xhci-hcd xhci-hcd.1.auto: Host supports USB 3.0 SuperSpeed
[    7.632835] usb usb2: New USB device found, idVendor=1d6b, idProduct=0003, bcdDevice= 5.10
[    7.641092] usb usb2: New USB device strings: Mfr=3, Product=2, SerialNumber=1
[    7.648315] usb usb2: Product: xHCI Host Controller
[    7.653190] usb usb2: Manufacturer: Linux 5.10.0-98103-g2aa7ac113716 xhci-hcd
[    7.660314] usb usb2: SerialNumber: xhci-hcd.1.auto
[    7.665420] hub 2-0:1.0: USB hub found
[    7.669176] hub 2-0:1.0: 1 port detected
[    7.699252] cf_axi_adc 84a10000.axi-ad9081-rx-hpc: ADI AIM (10.01.b) at 0x84A10000 mapped to 0x(____ptrval____), probed ADC AD9081 as MASTER
[    7.732575] cf_axi_dds 84b10000.axi-ad9081-tx-hpc: Analog Devices CF_AXI_DDS_DDS MASTER (9.01.b) at 0x84B10000 mapped to 0x(____ptrval____), probed DDS AD9081
[    7.746777] jesd204: /axi/spi@ff040000/ad9081@0,jesd204:0,parent=spi1.0: JESD204[2] transition initialized -> probed
[    7.757296] jesd204: /axi/spi@ff040000/ad9081@0,jesd204:0,parent=spi1.0: JESD204[0] transition initialized -> probed
[    7.767819] jesd204: /axi/spi@ff040000/ad9081@0,jesd204:0,parent=spi1.0: JESD204[2] transition probed -> idle
[    7.777727] jesd204: /axi/spi@ff040000/ad9081@0,jesd204:0,parent=spi1.0: JESD204[0] transition probed -> idle
[    7.787641] jesd204: /axi/spi@ff040000/ad9081@0,jesd204:0,parent=spi1.0: JESD204[2] transition idle -> device_init
[    7.797985] jesd204: /axi/spi@ff040000/ad9081@0,jesd204:0,parent=spi1.0: JESD204[0] transition idle -> device_init
[    7.808337] jesd204: /axi/spi@ff040000/ad9081@0,jesd204:0,parent=spi1.0: JESD204[2] transition device_init -> link_init
[    7.819111] jesd204: /axi/spi@ff040000/ad9081@0,jesd204:0,parent=spi1.0: JESD204[0] transition device_init -> link_init
[    7.829902] jesd204: /axi/spi@ff040000/ad9081@0,jesd204:0,parent=spi1.0: JESD204[2] transition link_init -> link_supported
[    7.840941] jesd204: /axi/spi@ff040000/ad9081@0,jesd204:0,parent=spi1.0: JESD204[0] transition link_init -> link_supported
[    7.852359] hmc7044 spi2.0: hmc7044_jesd204_link_pre_setup: Link2 forcing continuous SYSREF mode
[    7.861299] axi-jesd204-rx 84a90000.axi-jesd204-rx: axi_jesd204_rx_jesd204_link_pre_setup: Link2 set lane rate 15600000 kHz failed (-22)
[    7.873555] jesd204: /fpga-axi@0/axi-jesd204-rx@84a90000,jesd204:4,parent=84a90000.axi-jesd204-rx: JESD204[2] In link_pre_setup got error from cb: -22
[    7.887023] jesd204: /axi/spi@ff040000/ad9081@0,jesd204:0,parent=spi1.0: Rolling back from 'link_supported', got error -22
[    7.898069] jesd204: /axi/spi@ff040000/ad9081@0,jesd204:0,parent=spi1.0: JESD204[0] transition link_supported -> link_pre_setup
[    7.909546] jesd204: /axi/spi@ff040000/ad9081@0,jesd204:0,parent=spi1.0: JESD204[2] transition link_supported -> link_pre_setup
[    7.921019] jesd204: /axi/spi@ff040000/ad9081@0,jesd204:0,parent=spi1.0: JESD204[0] transition link_pre_setup -> link_supported
[    7.932489] jesd204: /axi/spi@ff040000/ad9081@0,jesd204:0,parent=spi1.0: JESD204[2] transition link_pre_setup -> link_supported
[    7.943967] jesd204: /axi/spi@ff040000/ad9081@0,jesd204:0,parent=spi1.0: JESD204[0] transition link_supported -> link_init
[    7.955005] jesd204: /axi/spi@ff040000/ad9081@0,jesd204:0,parent=spi1.0: JESD204[2] transition link_supported -> link_init
[    7.966053] jesd204: /axi/spi@ff040000/ad9081@0,jesd204:0,parent=spi1.0: JESD204[0] transition link_init -> device_init
[    7.976832] jesd204: /axi/spi@ff040000/ad9081@0,jesd204:0,parent=spi1.0: JESD204[2] transition link_init -> device_init
[    7.987611] jesd204: /axi/spi@ff040000/ad9081@0,jesd204:0,parent=spi1.0: JESD204[0] transition device_init -> idle
[    7.997954] jesd204: /axi/spi@ff040000/ad9081@0,jesd204:0,parent=spi1.0: JESD204[2] transition device_init -> idle
[    8.008305] jesd204: /axi/spi@ff040000/ad9081@0,jesd204:0,parent=spi1.0: JESD204[2] transition idle -> idle
[    8.018039] jesd204: /axi/spi@ff040000/ad9081@0,jesd204:0,parent=spi1.0: JESD204[0] transition idle -> idle
[    8.027782] jesd204: /axi/spi@ff040000/ad9081@0,jesd204:0,parent=spi1.0: JESD204[2] transition idle -> device_init
[    8.038130] jesd204: /axi/spi@ff040000/ad9081@0,jesd204:0,parent=spi1.0: JESD204[0] transition idle -> device_init
[    8.048476] jesd204: /axi/spi@ff040000/ad9081@0,jesd204:0,parent=spi1.0: JESD204[2] transition device_init -> link_init
[    8.059252] jesd204: /axi/spi@ff040000/ad9081@0,jesd204:0,parent=spi1.0: JESD204[0] transition device_init -> link_init
[    8.070041] jesd204: /axi/spi@ff040000/ad9081@0,jesd204:0,parent=spi1.0: JESD204[2] transition link_init -> link_supported
[    8.081082] jesd204: /axi/spi@ff040000/ad9081@0,jesd204:0,parent=spi1.0: JESD204[0] transition link_init -> link_supported
[    8.092306] axi-jesd204-rx 84a90000.axi-jesd204-rx: axi_jesd204_rx_jesd204_link_pre_setup: Link2 set lane rate 15600000 kHz failed (-22)
[    8.104568] jesd204: /fpga-axi@0/axi-jesd204-rx@84a90000,jesd204:4,parent=84a90000.axi-jesd204-rx: JESD204[2] In link_pre_setup got error from cb: -22
[    8.118037] jesd204: /axi/spi@ff040000/ad9081@0,jesd204:0,parent=spi1.0: Rolling back from 'link_supported', got error -22
[    8.129077] jesd204: /axi/spi@ff040000/ad9081@0,jesd204:0,parent=spi1.0: JESD204[0] transition link_supported -> link_pre_setup
[    8.140549] jesd204: /axi/spi@ff040000/ad9081@0,jesd204:0,parent=spi1.0: JESD204[2] transition link_supported -> link_pre_setup
[    8.152027] jesd204: /axi/spi@ff040000/ad9081@0,jesd204:0,parent=spi1.0: JESD204[0] transition link_pre_setup -> link_supported
[    8.163498] jesd204: /axi/spi@ff040000/ad9081@0,jesd204:0,parent=spi1.0: JESD204[2] transition link_pre_setup -> link_supported
[    8.174976] jesd204: /axi/spi@ff040000/ad9081@0,jesd204:0,parent=spi1.0: JESD204[0] transition link_supported -> link_init
[    8.186014] jesd204: /axi/spi@ff040000/ad9081@0,jesd204:0,parent=spi1.0: JESD204[2] transition link_supported -> link_init
[    8.197061] jesd204: /axi/spi@ff040000/ad9081@0,jesd204:0,parent=spi1.0: JESD204[0] transition link_init -> device_init
[    8.207838] jesd204: /axi/spi@ff040000/ad9081@0,jesd204:0,parent=spi1.0: JESD204[2] transition link_init -> device_init
[    8.218620] jesd204: /axi/spi@ff040000/ad9081@0,jesd204:0,parent=spi1.0: JESD204[0] transition device_init -> idle
[    8.228967] jesd204: /axi/spi@ff040000/ad9081@0,jesd204:0,parent=spi1.0: JESD204[2] transition device_init -> idle
[    8.239315] jesd204: /axi/spi@ff040000/ad9081@0,jesd204:0,parent=spi1.0: JESD204[2] transition idle -> idle
[    8.249049] jesd204: /axi/spi@ff040000/ad9081@0,jesd204:0,parent=spi1.0: JESD204[0] transition idle -> idle
[    8.258791] jesd204: /axi/spi@ff040000/ad9081@0,jesd204:0,parent=spi1.0: JESD204[2] transition idle -> device_init
[    8.269134] jesd204: /axi/spi@ff040000/ad9081@0,jesd204:0,parent=spi1.0: JESD204[0] transition idle -> device_init
[    8.279484] jesd204: /axi/spi@ff040000/ad9081@0,jesd204:0,parent=spi1.0: JESD204[2] transition device_init -> link_init
[    8.290262] jesd204: /axi/spi@ff040000/ad9081@0,jesd204:0,parent=spi1.0: JESD204[0] transition device_init -> link_init
[    8.301050] jesd204: /axi/spi@ff040000/ad9081@0,jesd204:0,parent=spi1.0: JESD204[2] transition link_init -> link_supported
[    8.312092] jesd204: /axi/spi@ff040000/ad9081@0,jesd204:0,parent=spi1.0: JESD204[0] transition link_init -> link_supported
[    8.323279] axi-jesd204-rx 84a90000.axi-jesd204-rx: axi_jesd204_rx_jesd204_link_pre_setup: Link2 set lane rate 15600000 kHz failed (-22)
[    8.335539] jesd204: /fpga-axi@0/axi-jesd204-rx@84a90000,jesd204:4,parent=84a90000.axi-jesd204-rx: JESD204[2] In link_pre_setup got error from cb: -22
[    8.349012] jesd204: /axi/spi@ff040000/ad9081@0,jesd204:0,parent=spi1.0: Rolling back from 'link_supported', got error -22
[    8.360056] jesd204: /axi/spi@ff040000/ad9081@0,jesd204:0,parent=spi1.0: JESD204[0] transition link_supported -> link_pre_setup
[    8.371533] jesd204: /axi/spi@ff040000/ad9081@0,jesd204:0,parent=spi1.0: JESD204[2] transition link_supported -> link_pre_setup
[    8.383011] jesd204: /axi/spi@ff040000/ad9081@0,jesd204:0,parent=spi1.0: JESD204[0] transition link_pre_setup -> link_supported
[    8.394482] jesd204: /axi/spi@ff040000/ad9081@0,jesd204:0,parent=spi1.0: JESD204[2] transition link_pre_setup -> link_supported
[    8.405960] jesd204: /axi/spi@ff040000/ad9081@0,jesd204:0,parent=spi1.0: JESD204[0] transition link_supported -> link_init
[    8.416998] jesd204: /axi/spi@ff040000/ad9081@0,jesd204:0,parent=spi1.0: JESD204[2] transition link_supported -> link_init
[    8.428046] jesd204: /axi/spi@ff040000/ad9081@0,jesd204:0,parent=spi1.0: JESD204[0] transition link_init -> device_init
[    8.438829] jesd204: /axi/spi@ff040000/ad9081@0,jesd204:0,parent=spi1.0: JESD204[2] transition link_init -> device_init
[    8.449612] jesd204: /axi/spi@ff040000/ad9081@0,jesd204:0,parent=spi1.0: JESD204[0] transition device_init -> idle
[    8.459956] jesd204: /axi/spi@ff040000/ad9081@0,jesd204:0,parent=spi1.0: JESD204[2] transition device_init -> idle
[    8.470306] jesd204: /axi/spi@ff040000/ad9081@0,jesd204:0,parent=spi1.0: JESD204[2] transition idle -> idle
[    8.480041] jesd204: /axi/spi@ff040000/ad9081@0,jesd204:0,parent=spi1.0: JESD204[0] transition idle -> idle
[    8.489787] jesd204: /axi/spi@ff040000/ad9081@0,jesd204:0,parent=spi1.0: JESD204[2] transition idle -> device_init
[    8.500127] jesd204: /axi/spi@ff040000/ad9081@0,jesd204:0,parent=spi1.0: JESD204[0] transition idle -> device_init
[    8.510476] jesd204: /axi/spi@ff040000/ad9081@0,jesd204:0,parent=spi1.0: JESD204[2] transition device_init -> link_init
[    8.521254] jesd204: /axi/spi@ff040000/ad9081@0,jesd204:0,parent=spi1.0: JESD204[0] transition device_init -> link_init
[    8.532043] jesd204: /axi/spi@ff040000/ad9081@0,jesd204:0,parent=spi1.0: JESD204[2] transition link_init -> link_supported
[    8.543084] jesd204: /axi/spi@ff040000/ad9081@0,jesd204:0,parent=spi1.0: JESD204[0] transition link_init -> link_supported
[    8.554271] axi-jesd204-rx 84a90000.axi-jesd204-rx: axi_jesd204_rx_jesd204_link_pre_setup: Link2 set lane rate 15600000 kHz failed (-22)
[    8.566531] jesd204: /fpga-axi@0/axi-jesd204-rx@84a90000,jesd204:4,parent=84a90000.axi-jesd204-rx: JESD204[2] In link_pre_setup got error from cb: -22
[    8.580001] jesd204: /axi/spi@ff040000/ad9081@0,jesd204:0,parent=spi1.0: Rolling back from 'link_supported', got error -22
[    8.591044] jesd204: /axi/spi@ff040000/ad9081@0,jesd204:0,parent=spi1.0: JESD204[0] transition link_supported -> link_pre_setup
[    8.602516] jesd204: /axi/spi@ff040000/ad9081@0,jesd204:0,parent=spi1.0: JESD204[2] transition link_supported -> link_pre_setup
[    8.613996] jesd204: /axi/spi@ff040000/ad9081@0,jesd204:0,parent=spi1.0: JESD204[0] transition link_pre_setup -> link_supported
[    8.625466] jesd204: /axi/spi@ff040000/ad9081@0,jesd204:0,parent=spi1.0: JESD204[2] transition link_pre_setup -> link_supported
[    8.636943] jesd204: /axi/spi@ff040000/ad9081@0,jesd204:0,parent=spi1.0: JESD204[0] transition link_supported -> link_init
[    8.647982] jesd204: /axi/spi@ff040000/ad9081@0,jesd204:0,parent=spi1.0: JESD204[2] transition link_supported -> link_init
[    8.659029] jesd204: /axi/spi@ff040000/ad9081@0,jesd204:0,parent=spi1.0: JESD204[0] transition link_init -> device_init
[    8.669803] jesd204: /axi/spi@ff040000/ad9081@0,jesd204:0,parent=spi1.0: JESD204[2] transition link_init -> device_init
[    8.680586] jesd204: /axi/spi@ff040000/ad9081@0,jesd204:0,parent=spi1.0: JESD204[0] transition device_init -> idle
[    8.690930] jesd204: /axi/spi@ff040000/ad9081@0,jesd204:0,parent=spi1.0: JESD204[2] transition device_init -> idle
[    8.701277] jesd204: /axi/spi@ff040000/ad9081@0,jesd204:0,parent=spi1.0: FSM completed with error -22
[    8.719704] input: gpio-keys as /devices/platform/gpio-keys/input/input0
[    8.726721] of_cfs_init
[    8.729185] of_cfs_init: OK
[    8.732124] cfg80211: Loading compiled-in X.509 certificates for regulatory database
[    8.870353] cfg80211: Loaded X.509 cert 'sforshee: 00b28ddf47aef9cea7'
[    8.876888] clk: Not disabling unused clocks
[    8.881411] ALSA device list:
[    8.884376]   No soundcards found.
[    8.888040] platform regulatory.0: Direct firmware load for regulatory.db failed with error -2
[    8.896647] cfg80211: failed to load regulatory.db
[    8.911205] EXT4-fs (mmcblk0p2): mounted filesystem with ordered data mode. Opts: (null)
[    8.919320] VFS: Mounted root (ext4 filesystem) on device 179:2.
[    8.932753] devtmpfs: mounted
[    8.936573] Freeing unused kernel memory: 2560K
[    8.955787] Run /sbin/init as init process
[    8.959884]   with arguments:
[    8.959887]     /sbin/init
[    8.959889]   with environment:
[    8.959891]     HOME=/
[    8.959894]     TERM=linux
[    9.524453] systemd[1]: systemd 241 running in system mode. (+PAM +AUDIT +SELINUX +IMA +APPARMOR +SMACK +SYSVINIT +UTMP +LIBCRYPTSETUP +GCRYPT +GNUTLS +ACL +XZ +LZ4 +SECCOMP +BLKID +ELFUTILS +KMOD -IDN2 +IDN -PCRE2 default-hierarchy=hybrid)
[    9.546308] systemd[1]: Detected architecture arm64.
[    9.568447] systemd[1]: Set hostname to <analog>.
[    9.751295] systemd[1]: File /lib/systemd/system/systemd-journald.service:12 configures an IP firewall (IPAddressDeny=any), but the local system does not support BPF/cgroup based firewalling.
[    9.768358] systemd[1]: Proceeding WITHOUT firewalling in effect! (This warning is only shown for the first loaded unit using IP firewalling.)
[    9.931350] systemd[1]: /etc/systemd/system/tof-server.service:1: Assignment outside of section. Ignoring.
[    9.941048] systemd[1]: /etc/systemd/system/tof-server.service:2: Assignment outside of section. Ignoring.
[   10.123964] random: systemd: uninitialized urandom read (16 bytes read)
[   10.138625] random: systemd: uninitialized urandom read (16 bytes read)
[   10.145707] systemd[1]: Listening on udev Control Socket.
[   10.167815] random: systemd: uninitialized urandom read (16 bytes read)
[   10.174819] systemd[1]: Created slice User and Session Slice.
[   10.196174] systemd[1]: Created slice system-systemd\x2dfsck.slice.
[   10.979980] EXT4-fs (mmcblk0p2): re-mounted. Opts: (null)
[   11.080066] systemd-journald[156]: Received request to flush runtime journal from PID 1
[   16.578101] random: crng init done
[   16.578111] random: 7 urandom warning(s) missed due to ratelimiting
[   17.026744] macb ff0e0000.ethernet eth0: PHY [ff0e0000.ethernet-ffffffff:0c] driver [TI DP83867] (irq=POLL)
[   17.026757] macb ff0e0000.ethernet eth0: configuring for phy/rgmii-id link mode
[   17.299883] Adding 68604k swap on /var/swap.  Priority:-2 extents:2 across:3253180k SS
[   20.097388] macb ff0e0000.ethernet eth0: Link is Up - 1Gbps/Full - flow control off
[   20.097416] IPv6: ADDRCONF(NETDEV_CHANGE): eth0: link becomes ready
[   21.207128] broken atomic modeset userspace detected, disabling atomic
[   23.895032] broken atomic modeset userspace detected, disabling atomic
[   33.190828] broken atomic modeset userspace detected, disabling atomic