[    0.000000] Booting Linux on physical CPU 0x0000000000 [0x410fd034]
[    0.000000] Linux version 5.10.0-98103-g2aa7ac113716 (jenkins@romlxbuild1.adlk.analog.com) (aarch64-xilinx-linux-gcc.real (GCC) 10.2.0, GNU ld (GNU Binutils) 2.35.0.20200730) #5577 SMP Wed Mar 23 07:28:49 GMT 2022
[    0.000000] Machine model: ZynqMP ZCU102 Rev1.0
[    0.000000] earlycon: cdns0 at MMIO 0x00000000ff000000 (options '115200n8')
[    0.000000] printk: bootconsole [cdns0] enabled
[    0.000000] efi: UEFI not found.
[    0.000000] cma: Reserved 256 MiB at 0x0000000070000000
[    0.000000] Zone ranges:
[    0.000000]   DMA      [mem 0x0000000000000000-0x000000003fffffff]
[    0.000000]   DMA32    [mem 0x0000000040000000-0x00000000ffffffff]
[    0.000000]   Normal   [mem 0x0000000100000000-0x000000087fffffff]
[    0.000000] Movable zone start for each node
[    0.000000] Early memory node ranges
[    0.000000]   node   0: [mem 0x0000000000000000-0x000000007fffffff]
[    0.000000]   node   0: [mem 0x0000000800000000-0x000000087fffffff]
[    0.000000] Initmem setup node 0 [mem 0x0000000000000000-0x000000087fffffff]
[    0.000000] On node 0 totalpages: 1048576
[    0.000000]   DMA zone: 3584 pages used for memmap
[    0.000000]   DMA zone: 0 pages reserved
[    0.000000]   DMA zone: 262144 pages, LIFO batch:63
[    0.000000]   DMA32 zone: 3584 pages used for memmap
[    0.000000]   DMA32 zone: 262144 pages, LIFO batch:63
[    0.000000]   Normal zone: 7168 pages used for memmap
[    0.000000]   Normal zone: 524288 pages, LIFO batch:63
[    0.000000] psci: probing for conduit method from DT.
[    0.000000] psci: PSCIv1.1 detected in firmware.
[    0.000000] psci: Using standard PSCI v0.2 function IDs
[    0.000000] psci: MIGRATE_INFO_TYPE not supported.
[    0.000000] psci: SMC Calling Convention v1.2
[    0.000000] percpu: Embedded 22 pages/cpu s49496 r8192 d32424 u90112
[    0.000000] pcpu-alloc: s49496 r8192 d32424 u90112 alloc=22*4096
[    0.000000] pcpu-alloc: [0] 0 [0] 1 [0] 2 [0] 3 
[    0.000000] Detected VIPT I-cache on CPU0
[    0.000000] CPU features: detected: ARM erratum 845719
[    0.000000] Built 1 zonelists, mobility grouping on.  Total pages: 1034240
[    0.000000] Kernel command line: console=ttyPS0,115200 root=/dev/mmcblk0p2 rw earlycon rootfstype=ext4 rootwait clk_ignore_unused cpuidle.off=1 root=/dev/mmcblk0p2 rw rootwait
[    0.000000] Dentry cache hash table entries: 524288 (order: 10, 4194304 bytes, linear)
[    0.000000] Inode-cache hash table entries: 262144 (order: 9, 2097152 bytes, linear)
[    0.000000] mem auto-init: stack:off, heap alloc:off, heap free:off
[    0.000000] software IO TLB: mapped [mem 0x000000003bfff000-0x000000003ffff000] (64MB)
[    0.000000] Memory: 3761904K/4194304K available (15296K kernel code, 1636K rwdata, 11876K rodata, 2560K init, 507K bss, 170256K reserved, 262144K cma-reserved)
[    0.000000] rcu: Hierarchical RCU implementation.
[    0.000000] rcu: 	RCU event tracing is enabled.
[    0.000000] rcu: 	RCU restricting CPUs from NR_CPUS=8 to nr_cpu_ids=4.
[    0.000000] rcu: RCU calculated value of scheduler-enlistment delay is 25 jiffies.
[    0.000000] rcu: Adjusting geometry for rcu_fanout_leaf=16, nr_cpu_ids=4
[    0.000000] NR_IRQS: 64, nr_irqs: 64, preallocated irqs: 0
[    0.000000] GIC: Adjusting CPU interface base to 0x00000000f902f000
[    0.000000] GIC: Using split EOI/Deactivate mode
[    0.000000] random: get_random_bytes called from start_kernel+0x31c/0x54c with crng_init=0
[    0.000000] arch_timer: cp15 timer(s) running at 100.00MHz (phys).
[    0.000000] clocksource: arch_sys_counter: mask: 0xffffffffffffff max_cycles: 0x171024e7e0, max_idle_ns: 440795205315 ns
[    0.000003] sched_clock: 56 bits at 100MHz, resolution 10ns, wraps every 4398046511100ns
[    0.008460] Console: colour dummy device 80x25
[    0.012484] Calibrating delay loop (skipped), value calculated using timer frequency.. 200.00 BogoMIPS (lpj=400000)
[    0.022841] pid_max: default: 32768 minimum: 301
[    0.027552] Mount-cache hash table entries: 8192 (order: 4, 65536 bytes, linear)
[    0.034788] Mountpoint-cache hash table entries: 8192 (order: 4, 65536 bytes, linear)
[    0.043395] rcu: Hierarchical SRCU implementation.
[    0.047561] EFI services will not be available.
[    0.051938] smp: Bringing up secondary CPUs ...
[    0.056657] Detected VIPT I-cache on CPU1
[    0.056695] CPU1: Booted secondary processor 0x0000000001 [0x410fd034]
[    0.057060] Detected VIPT I-cache on CPU2
[    0.057084] CPU2: Booted secondary processor 0x0000000002 [0x410fd034]
[    0.057424] Detected VIPT I-cache on CPU3
[    0.057447] CPU3: Booted secondary processor 0x0000000003 [0x410fd034]
[    0.057493] smp: Brought up 1 node, 4 CPUs
[    0.091780] SMP: Total of 4 processors activated.
[    0.096452] CPU features: detected: 32-bit EL0 Support
[    0.101556] CPU features: detected: CRC32 instructions
[    0.106696] CPU: All CPU(s) started at EL2
[    0.110736] alternatives: patching kernel code
[    0.116170] devtmpfs: initialized
[    0.124065] Registered cp15_barrier emulation handler
[    0.124116] Registered setend emulation handler
[    0.128093] clocksource: jiffies: mask: 0xffffffff max_cycles: 0xffffffff, max_idle_ns: 7645041785100000 ns
[    0.137670] futex hash table entries: 1024 (order: 4, 65536 bytes, linear)
[    0.151031] pinctrl core: initialized pinctrl subsystem
[    0.151680] NET: Registered protocol family 16
[    0.156105] DMA: preallocated 512 KiB GFP_KERNEL pool for atomic allocations
[    0.162117] DMA: preallocated 512 KiB GFP_KERNEL|GFP_DMA pool for atomic allocations
[    0.169842] DMA: preallocated 512 KiB GFP_KERNEL|GFP_DMA32 pool for atomic allocations
[    0.177645] audit: initializing netlink subsys (disabled)
[    0.183097] audit: type=2000 audit(0.116:1): state=initialized audit_enabled=0 res=1
[    0.183441] hw-breakpoint: found 6 breakpoint and 4 watchpoint registers.
[    0.197473] ASID allocator initialised with 65536 entries
[    0.224360] HugeTLB registered 1.00 GiB page size, pre-allocated 0 pages
[    0.225412] HugeTLB registered 32.0 MiB page size, pre-allocated 0 pages
[    0.232082] HugeTLB registered 2.00 MiB page size, pre-allocated 0 pages
[    0.238746] HugeTLB registered 64.0 KiB page size, pre-allocated 0 pages
[    1.304309] DRBG: Continuing without Jitter RNG
[    1.382139] raid6: neonx8   gen()  2139 MB/s
[    1.450190] raid6: neonx8   xor()  1598 MB/s
[    1.518247] raid6: neonx4   gen()  2195 MB/s
[    1.586291] raid6: neonx4   xor()  1565 MB/s
[    1.654367] raid6: neonx2   gen()  2076 MB/s
[    1.722407] raid6: neonx2   xor()  1432 MB/s
[    1.790481] raid6: neonx1   gen()  1772 MB/s
[    1.858522] raid6: neonx1   xor()  1220 MB/s
[    1.926580] raid6: int64x8  gen()  1438 MB/s
[    1.994635] raid6: int64x8  xor()   771 MB/s
[    2.062697] raid6: int64x4  gen()  1598 MB/s
[    2.130755] raid6: int64x4  xor()   819 MB/s
[    2.198832] raid6: int64x2  gen()  1397 MB/s
[    2.266871] raid6: int64x2  xor()   750 MB/s
[    2.334959] raid6: int64x1  gen()  1034 MB/s
[    2.403010] raid6: int64x1  xor()   517 MB/s
[    2.403049] raid6: using algorithm neonx4 gen() 2195 MB/s
[    2.407004] raid6: .... xor() 1565 MB/s, rmw enabled
[    2.411935] raid6: using neon recovery algorithm
[    2.416948] iommu: Default domain type: Translated 
[    2.421559] SCSI subsystem initialized
[    2.425105] libata version 3.00 loaded.
[    2.425228] usbcore: registered new interface driver usbfs
[    2.430561] usbcore: registered new interface driver hub
[    2.435833] usbcore: registered new device driver usb
[    2.440967] mc: Linux media interface: v0.10
[    2.445084] videodev: Linux video capture interface: v2.00
[    2.450574] EDAC MC: Ver: 3.0.0
[    2.454014] zynqmp-ipi-mbox mailbox@ff990400: Registered ZynqMP IPI mbox with TX/RX channels.
[    2.462527] jesd204: created con: id=0, topo=0, link=0, /axi/spi@ff050000/hmc7044@0 <-> /fpga-axi@0/axi-adxcvr-tx@84b60000
[    2.473104] jesd204: created con: id=1, topo=0, link=2, /axi/spi@ff050000/hmc7044@0 <-> /fpga-axi@0/axi-adxcvr-rx@84a60000
[    2.484088] jesd204: created con: id=2, topo=0, link=0, /fpga-axi@0/axi-adxcvr-tx@84b60000 <-> /fpga-axi@0/axi-jesd204-tx@84b90000
[    2.495763] jesd204: created con: id=3, topo=0, link=2, /fpga-axi@0/axi-adxcvr-rx@84a60000 <-> /fpga-axi@0/axi-jesd204-rx@84a90000
[    2.507440] jesd204: created con: id=4, topo=0, link=0, /fpga-axi@0/axi-jesd204-tx@84b90000 <-> /fpga-axi@0/axi-ad9081-tx-hpc@84b10000
[    2.519468] jesd204: created con: id=5, topo=0, link=2, /fpga-axi@0/axi-jesd204-rx@84a90000 <-> /fpga-axi@0/axi-ad9081-rx-hpc@84a10000
[    2.531490] jesd204: created con: id=6, topo=0, link=2, /fpga-axi@0/axi-ad9081-rx-hpc@84a10000 <-> /axi/spi@ff040000/ad9081@0
[    2.542732] jesd204: created con: id=7, topo=0, link=0, /fpga-axi@0/axi-ad9081-tx-hpc@84b10000 <-> /axi/spi@ff040000/ad9081@0
[    2.553982] jesd204: /axi/spi@ff040000/ad9081@0: JESD204[2] transition uninitialized -> initialized
[    2.562968] jesd204: /axi/spi@ff040000/ad9081@0: JESD204[0] transition uninitialized -> initialized
[    2.571960] jesd204: found 8 devices and 1 topologies
[    2.577003] FPGA manager framework
[    2.580483] Advanced Linux Sound Architecture Driver Initialized.
[    2.586773] Bluetooth: Core ver 2.22
[    2.589963] NET: Registered protocol family 31
[    2.594365] Bluetooth: HCI device and connection manager initialized
[    2.600681] Bluetooth: HCI socket layer initialized
[    2.605523] Bluetooth: L2CAP socket layer initialized
[    2.610547] Bluetooth: SCO socket layer initialized
[    2.615733] clocksource: Switched to clocksource arch_sys_counter
[    2.621540] VFS: Disk quotas dquot_6.6.0
[    2.625374] VFS: Dquot-cache hash table entries: 512 (order 0, 4096 bytes)
[    2.636090] NET: Registered protocol family 2
[    2.636819] tcp_listen_portaddr_hash hash table entries: 2048 (order: 3, 32768 bytes, linear)
[    2.645014] TCP established hash table entries: 32768 (order: 6, 262144 bytes, linear)
[    2.653040] TCP bind hash table entries: 32768 (order: 7, 524288 bytes, linear)
[    2.660485] TCP: Hash tables configured (established 32768 bind 32768)
[    2.666658] UDP hash table entries: 2048 (order: 4, 65536 bytes, linear)
[    2.673325] UDP-Lite hash table entries: 2048 (order: 4, 65536 bytes, linear)
[    2.680485] NET: Registered protocol family 1
[    2.684941] RPC: Registered named UNIX socket transport module.
[    2.690562] RPC: Registered udp transport module.
[    2.695226] RPC: Registered tcp transport module.
[    2.699896] RPC: Registered tcp NFSv4.1 backchannel transport module.
[    2.706889] PCI: CLS 0 bytes, default 64
[    2.710596] hw perfevents: no interrupt-affinity property for /pmu, guessing.
[    2.717448] hw perfevents: enabled with armv8_pmuv3 PMU driver, 7 counters available
[    2.725801] Initialise system trusted keyrings
[    2.729475] workingset: timestamp_bits=62 max_order=20 bucket_order=0
[    2.736374] NFS: Registering the id_resolver key type
[    2.740831] Key type id_resolver registered
[    2.744963] Key type id_legacy registered
[    2.748954] nfs4filelayout_init: NFSv4 File Layout Driver Registering...
[    2.755619] jffs2: version 2.2. (NAND) (SUMMARY)  Â© 2001-2006 Red Hat, Inc.
[    2.798747] NET: Registered protocol family 38
[    2.798790] xor: measuring software checksum speed
[    2.806479]    8regs           :  2363 MB/sec
[    2.810147]    32regs          :  2799 MB/sec
[    2.815090]    arm64_neon      :  2380 MB/sec
[    2.815280] xor: using function: 32regs (2799 MB/sec)
[    2.820306] Key type asymmetric registered
[    2.824367] Asymmetric key parser 'x509' registered
[    2.829228] Block layer SCSI generic (bsg) driver version 0.4 loaded (major 248)
[    2.836565] io scheduler mq-deadline registered
[    2.841061] io scheduler kyber registered
[    2.870453] Serial: 8250/16550 driver, 4 ports, IRQ sharing disabled
[    2.875094] cacheinfo: Unable to detect cache hierarchy for CPU 0
[    2.881422] brd: module loaded
[    2.885571] loop: module loaded
[    2.886118] Registered mathworks_ip class
[    2.889456] libphy: Fixed MDIO Bus: probed
[    2.892441] tun: Universal TUN/TAP device driver, 1.6
[    2.896501] CAN device driver interface
[    2.901035] usbcore: registered new interface driver asix
[    2.905630] usbcore: registered new interface driver ax88179_178a
[    2.911665] usbcore: registered new interface driver cdc_ether
[    2.917460] usbcore: registered new interface driver net1080
[    2.923086] usbcore: registered new interface driver cdc_subset
[    2.928966] usbcore: registered new interface driver zaurus
[    2.934510] usbcore: registered new interface driver cdc_ncm
[    2.940911] ehci_hcd: USB 2.0 'Enhanced' Host Controller (EHCI) Driver
[    2.946595] ehci-pci: EHCI PCI platform driver
[    2.951390] usbcore: registered new interface driver uas
[    2.956311] usbcore: registered new interface driver usb-storage
[    2.962298] usbcore: registered new interface driver usbserial_generic
[    2.968750] usbserial: USB Serial support registered for generic
[    2.974723] usbcore: registered new interface driver ftdi_sio
[    2.980425] usbserial: USB Serial support registered for FTDI USB Serial Device
[    2.987702] usbcore: registered new interface driver upd78f0730
[    2.993573] usbserial: USB Serial support registered for upd78f0730
[    3.001229] rtc_zynqmp ffa60000.rtc: registered as rtc0
[    3.004999] rtc_zynqmp ffa60000.rtc: setting system clock to 2022-03-26T02:26:19 UTC (1648261579)
[    3.013861] i2c /dev entries driver
[    3.019165] usbcore: registered new interface driver uvcvideo
[    3.022974] USB Video Class driver (1.1.1)
[    3.028558] Bluetooth: HCI UART driver ver 2.3
[    3.031445] Bluetooth: HCI UART protocol H4 registered
[    3.036555] Bluetooth: HCI UART protocol BCSP registered
[    3.041844] Bluetooth: HCI UART protocol LL registered
[    3.046932] Bluetooth: HCI UART protocol ATH3K registered
[    3.052306] Bluetooth: HCI UART protocol Three-wire (H5) registered
[    3.058561] Bluetooth: HCI UART protocol Intel registered
[    3.063900] Bluetooth: HCI UART protocol QCA registered
[    3.069100] usbcore: registered new interface driver bcm203x
[    3.074721] usbcore: registered new interface driver bpa10x
[    3.080257] usbcore: registered new interface driver bfusb
[    3.085707] usbcore: registered new interface driver btusb
[    3.091170] usbcore: registered new interface driver ath3k
[    3.096653] EDAC MC: ECC not enabled
[    3.100279] EDAC DEVICE0: Giving out device to module zynqmp-ocm-edac controller zynqmp_ocm: DEV ff960000.memory-controller (INTERRUPT)
[    3.112594] sdhci: Secure Digital Host Controller Interface driver
[    3.118381] sdhci: Copyright(c) Pierre Ossman
[    3.122707] sdhci-pltfm: SDHCI platform and OF driver helper
[    3.128759] ledtrig-cpu: registered to indicate activity on CPUs
[    3.134310] SMCCC: SOC_ID: ARCH_SOC_ID not implemented, skipping ....
[    3.140736] zynqmp_firmware_probe Platform Management API v1.1
[    3.146498] zynqmp_firmware_probe Trustzone version v1.0
[    3.186031] zynqmp-pinctrl firmware:zynqmp-firmware:pinctrl: zynqmp pinctrl initialized
[    3.234030] zynqmp-aes firmware:zynqmp-firmware:zynqmp-aes: will run requests pump with realtime priority
[    3.249871] alg: No test for xilinx-keccak-384 (zynqmp-keccak-384)
[    3.250577] alg: No test for xilinx-zynqmp-rsa (zynqmp-rsa)
[    3.256088] usbcore: registered new interface driver usbhid
[    3.261481] usbhid: USB HID core driver
[    3.272721] axi_sysid 85000000.axi-sysid-0: AXI System ID core version (1.01.a) found
[    3.275070] axi_sysid 85000000.axi-sysid-0: [ad9081_fmca_ebz] on [zcu102] git branch <master> git <084d44c9780640ca93fd847b1d9ec70dd65f5c67> clean [2022-03-18 04:17:50] UTC
[    3.290760] fpga_manager fpga0: Xilinx ZynqMP FPGA Manager registered
[    3.297114] usbcore: registered new interface driver snd-usb-audio
[    3.304566] pktgen: Packet Generator for packet performance testing. Version: 2.75
[    3.310748] Initializing XFRM netlink socket
[    3.314602] NET: Registered protocol family 10
[    3.319317] Segment Routing with IPv6
[    3.322699] sit: IPv6, IPv4 and MPLS over IPv4 tunneling driver
[    3.328771] NET: Registered protocol family 17
[    3.332874] NET: Registered protocol family 15
[    3.337369] can: controller area network core
[    3.341624] NET: Registered protocol family 29
[    3.346012] can: raw protocol
[    3.348948] can: broadcast manager protocol
[    3.353103] can: netlink gateway - max_hops=1
[    3.357496] Bluetooth: RFCOMM TTY layer initialized
[    3.362276] Bluetooth: RFCOMM socket layer initialized
[    3.367387] Bluetooth: RFCOMM ver 1.11
[    3.371096] Bluetooth: BNEP (Ethernet Emulation) ver 1.3
[    3.376367] Bluetooth: BNEP filters: protocol multicast
[    3.381561] Bluetooth: BNEP socket layer initialized
[    3.386488] Bluetooth: HIDP (Human Interface Emulation) ver 1.2
[    3.392371] Bluetooth: HIDP socket layer initialized
[    3.397426] 9pnet: Installing 9P2000 support
[    3.401548] NET: Registered protocol family 36
[    3.405966] Key type dns_resolver registered
[    3.410395] registered taskstats version 1
[    3.414261] Loading compiled-in X.509 certificates
[    3.419375] Btrfs loaded, crc32c=crc32c-generic
[    3.431789] ff000000.serial: ttyPS0 at MMIO 0xff000000 (irq = 49, base_baud = 6249999) is a xuartps
[    3.440813] printk: console [ttyPS0] enabled
[    3.445109] printk: bootconsole [cdns0] disabled
[    3.454744] ff010000.serial: ttyPS1 at MMIO 0xff010000 (irq = 50, base_baud = 6249999) is a xuartps
[    3.467990] of-fpga-region fpga-full: FPGA Region probed
[    3.474939] nwl-pcie fd0e0000.pcie: host bridge /axi/pcie@fd0e0000 ranges:
[    3.481838] nwl-pcie fd0e0000.pcie:      MEM 0x00e0000000..0x00efffffff -> 0x00e0000000
[    3.489846] nwl-pcie fd0e0000.pcie:      MEM 0x0600000000..0x07ffffffff -> 0x0600000000
[    3.497910] nwl-pcie fd0e0000.pcie: Link is DOWN
[    3.502667] nwl-pcie fd0e0000.pcie: PCI host bridge to bus 0000:00
[    3.508845] pci_bus 0000:00: root bus resource [bus 00-ff]
[    3.514327] pci_bus 0000:00: root bus resource [mem 0xe0000000-0xefffffff]
[    3.521197] pci_bus 0000:00: root bus resource [mem 0x600000000-0x7ffffffff pref]
[    3.528701] pci 0000:00:00.0: [10ee:d021] type 01 class 0x060400
[    3.534757] pci 0000:00:00.0: PME# supported from D0 D1 D2 D3hot
[    3.545198] pci 0000:00:00.0: PCI bridge to [bus 01-0c]
[    3.551174] xilinx-zynqmp-dma fd500000.dma: ZynqMP DMA driver Probe success
[    3.558345] xilinx-zynqmp-dma fd510000.dma: ZynqMP DMA driver Probe success
[    3.565521] xilinx-zynqmp-dma fd520000.dma: ZynqMP DMA driver Probe success
[    3.572691] xilinx-zynqmp-dma fd530000.dma: ZynqMP DMA driver Probe success
[    3.579861] xilinx-zynqmp-dma fd540000.dma: ZynqMP DMA driver Probe success
[    3.587025] xilinx-zynqmp-dma fd550000.dma: ZynqMP DMA driver Probe success
[    3.594196] xilinx-zynqmp-dma fd560000.dma: ZynqMP DMA driver Probe success
[    3.601366] xilinx-zynqmp-dma fd570000.dma: ZynqMP DMA driver Probe success
[    3.608761] xilinx-zynqmp-dpdma fd4c0000.dma-controller: Xilinx DPDMA engine is probed
[    3.617316] ahci-ceva fd0c0000.ahci: supply ahci not found, using dummy regulator
[    3.624851] ahci-ceva fd0c0000.ahci: supply phy not found, using dummy regulator
[    3.715902] hmc7044 spi2.0: PLL1: Acquisition, CLKIN0 @ 122880000 Hz, PFD: 80 kHz - PLL2: Locked @ 2632.000000 MHz
[    3.726620] jesd204: /axi/spi@ff050000/hmc7044@0,jesd204:1,parent=spi2.0: Using as SYSREF provider
[    3.736205] spi-nor spi0.0: SPI-NOR-UniqueID 100000235394732200270025081115266e
[    3.743509] spi-nor spi0.0: found n25q512a, expected m25p80
[    3.749705] spi-nor spi0.0: trying to lock already unlocked area
[    3.755711] spi-nor spi0.0: n25q512a (131072 Kbytes)
[    3.760689] 4 fixed-partitions partitions found on MTD device spi0.0
[    3.767035] Creating 4 MTD partitions on "spi0.0":
[    3.771820] 0x000000000000-0x000000100000 : "qspi-fsbl-uboot"
[    3.778310] 0x000000100000-0x000000600000 : "qspi-linux"
[    3.784269] 0x000000600000-0x000000620000 : "qspi-device-tree"
[    3.790747] 0x000000620000-0x000000c00000 : "qspi-rootfs"
[    3.799212] macb ff0e0000.ethernet: Not enabling partial store and forward
[    3.806740] libphy: MACB_mii_bus: probed
[    3.811810] macb ff0e0000.ethernet eth0: Cadence GEM rev 0x50070106 at 0xff0e0000 irq 30 (00:0a:35:04:8e:1b)
[    3.822024] xilinx-axipmon ffa00000.perf-monitor: Probed Xilinx APM
[    3.828597] xilinx-axipmon fd0b0000.perf-monitor: Probed Xilinx APM
[    3.835117] xilinx-axipmon fd490000.perf-monitor: Probed Xilinx APM
[    3.841660] xilinx-axipmon ffa10000.perf-monitor: Probed Xilinx APM
[    3.851653] pca953x 0-0020: supply vcc not found, using dummy regulator
[    3.858336] pca953x 0-0020: using no AI
[    3.862823] gpio-496 (sel0): hogged as output/low
[    3.867739] gpio-497 (sel1): hogged as output/high
[    3.872724] gpio-498 (sel2): hogged as output/high
[    3.877708] gpio-499 (sel3): hogged as output/high
[    3.882890] pca953x 0-0021: supply vcc not found, using dummy regulator
[    3.889562] pca953x 0-0021: using no AI
[    3.895323] ina2xx 2-0040: power monitor ina226 (Rshunt = 5000 uOhm)
[    3.902351] ina2xx 2-0041: power monitor ina226 (Rshunt = 5000 uOhm)
[    3.909386] ina2xx 2-0042: power monitor ina226 (Rshunt = 5000 uOhm)
[    3.916414] ina2xx 2-0043: power monitor ina226 (Rshunt = 5000 uOhm)
[    3.923439] ina2xx 2-0044: power monitor ina226 (Rshunt = 5000 uOhm)
[    3.930460] ina2xx 2-0045: power monitor ina226 (Rshunt = 5000 uOhm)
[    3.937491] ina2xx 2-0046: power monitor ina226 (Rshunt = 5000 uOhm)
[    3.944568] ina2xx 2-0047: power monitor ina226 (Rshunt = 5000 uOhm)
[    3.951593] ina2xx 2-004a: power monitor ina226 (Rshunt = 5000 uOhm)
[    3.958633] ina2xx 2-004b: power monitor ina226 (Rshunt = 5000 uOhm)
[    3.965045] i2c i2c-0: Added multiplexed i2c bus 2
[    3.970430] random: fast init done
[    3.973902] ina2xx 3-0040: power monitor ina226 (Rshunt = 2000 uOhm)
[    3.980929] ina2xx 3-0041: power monitor ina226 (Rshunt = 5000 uOhm)
[    3.987956] ina2xx 3-0042: power monitor ina226 (Rshunt = 5000 uOhm)
[    3.994986] ina2xx 3-0043: power monitor ina226 (Rshunt = 5000 uOhm)
[    4.002012] ina2xx 3-0044: power monitor ina226 (Rshunt = 5000 uOhm)
[    4.009038] ina2xx 3-0045: power monitor ina226 (Rshunt = 5000 uOhm)
[    4.016074] ina2xx 3-0046: power monitor ina226 (Rshunt = 5000 uOhm)
[    4.023102] ina2xx 3-0047: power monitor ina226 (Rshunt = 5000 uOhm)
[    4.029503] i2c i2c-0: Added multiplexed i2c bus 3
[    4.084803] i2c i2c-0: Added multiplexed i2c bus 4
[    4.089741] i2c i2c-0: Added multiplexed i2c bus 5
[    4.094528] pca954x 0-0075: registered 4 multiplexed busses for I2C mux pca9544
[    4.101879] cdns-i2c ff020000.i2c: 400 kHz mmio ff020000 irq 32
[    4.109608] at24 6-0054: supply vcc not found, using dummy regulator
[    4.116505] at24 6-0054: 1024 byte 24c08 EEPROM, writable, 1 bytes/write
[    4.123255] i2c i2c-1: Added multiplexed i2c bus 6
[    4.129683] si5341 7-0036: Chip: 5341 Grade: 1 Rev: 1
[    4.167372] i2c i2c-1: Added multiplexed i2c bus 7
[    4.175023] si570 8-005d: registered, current frequency 300000000 Hz
[    4.181421] i2c i2c-1: Added multiplexed i2c bus 8
[    4.201197] si570 9-005d: registered, current frequency 148500000 Hz
[    4.207600] i2c i2c-1: Added multiplexed i2c bus 9
[    4.212640] si5324 10-0069: si5328 probed
[    4.280101] si5324 10-0069: si5328 probe successful
[    4.285028] i2c i2c-1: Added multiplexed i2c bus 10
[    4.290054] i2c i2c-1: Added multiplexed i2c bus 11
[    4.295082] i2c i2c-1: Added multiplexed i2c bus 12
[    4.300102] i2c i2c-1: Added multiplexed i2c bus 13
[    4.304975] pca954x 1-0074: registered 8 multiplexed busses for I2C switch pca9548
[    4.313084] at24 14-0050: supply vcc not found, using dummy regulator
[    4.319872] at24 14-0050: 256 byte 24c02 EEPROM, writable, 1 bytes/write
[    4.326619] i2c i2c-1: Added multiplexed i2c bus 14
[    4.331660] i2c i2c-1: Added multiplexed i2c bus 15
[    4.336692] i2c i2c-1: Added multiplexed i2c bus 16
[    4.341729] i2c i2c-1: Added multiplexed i2c bus 17
[    4.346759] i2c i2c-1: Added multiplexed i2c bus 18
[    4.351806] i2c i2c-1: Added multiplexed i2c bus 19
[    4.356843] i2c i2c-1: Added multiplexed i2c bus 20
[    4.361877] i2c i2c-1: Added multiplexed i2c bus 21
[    4.366750] pca954x 1-0075: registered 8 multiplexed busses for I2C switch pca9548
[    4.374359] cdns-i2c ff030000.i2c: 400 kHz mmio ff030000 irq 33
[    4.384114] cdns-wdt fd4d0000.watchdog: Xilinx Watchdog Timer with timeout 60s
[    4.395054] axi_adxcvr 84a60000.axi-adxcvr-rx: AXI-ADXCVR-RX (17.05.a) using CPLL on GTH4 at 0x84A60000. Number of lanes: 4.
[    4.407233] axi_adxcvr 84b60000.axi-adxcvr-tx: AXI-ADXCVR-TX (17.05.a) using QPLL on GTH4 at 0x84B60000. Number of lanes: 4.
[    4.418861] axi-jesd204-rx 84a90000.axi-jesd204-rx: AXI-JESD204-RX (1.07.a) at 0x84A90000. Encoder 8b10b, width 4/4, lanes 4, jesd204-fsm.
[    4.426142] mmc0: SDHCI controller on ff170000.mmc [ff170000.mmc] using ADMA 64-bit
[    4.431703] axi-jesd204-tx 84b90000.axi-jesd204-tx: AXI-JESD204-TX (1.06.a) at 0x84B90000. Encoder 8b10b, width 4/4, lanes 4, jesd204-fsm.
[    4.452427] zynqmp-display fd4a0000.display: vtc bridge property not present
[    4.462078] xilinx-dp-snd-codec fd4a0000.display:zynqmp_dp_snd_codec0: Failed to get required clock freq
[    4.471580] xilinx-dp-snd-codec: probe of fd4a0000.display:zynqmp_dp_snd_codec0 failed with error -22
[    4.473515] mmc0: new high speed SDHC card at address 0001
[    4.481117] xilinx-dp-snd-pcm zynqmp_dp_snd_pcm0: Xilinx DisplayPort Sound PCM probed
[    4.486635] mmcblk0: mmc0:0001 EB1QT 29.8 GiB 
[    4.494437] xilinx-dp-snd-pcm zynqmp_dp_snd_pcm1: Xilinx DisplayPort Sound PCM probed
[    4.499801]  mmcblk0: p1 p2 p3
[    4.506738] OF: graph: no port node found in /axi/display@fd4a0000
[    4.515814] xlnx-drm xlnx-drm.0: bound fd4a0000.display (ops 0xffffffc010fcbdb8)
[    5.599749] zynqmp-display fd4a0000.display: [drm] Cannot find any crtc or sizes
[    5.607360] [drm] Initialized xlnx 1.0.0 20130509 for fd4a0000.display on minor 0
[    5.614849] zynqmp-display fd4a0000.display: ZynqMP DisplayPort Subsystem driver probed
[    5.623173] ahci-ceva fd0c0000.ahci: supply ahci not found, using dummy regulator
[    5.630720] ahci-ceva fd0c0000.ahci: supply phy not found, using dummy regulator
[    5.638180] ahci-ceva fd0c0000.ahci: supply target not found, using dummy regulator
[    5.646018] ahci-ceva fd0c0000.ahci: AHCI 0001.0301 32 slots 2 ports 6 Gbps 0x3 impl platform mode
[    5.654973] ahci-ceva fd0c0000.ahci: flags: 64bit ncq sntf pm clo only pmp fbs pio slum part ccc sds apst 
[    5.665670] scsi host0: ahci-ceva
[    5.669267] scsi host1: ahci-ceva
[    5.672694] ata1: SATA max UDMA/133 mmio [mem 0xfd0c0000-0xfd0c1fff] port 0x100 irq 45
[    5.680604] ata2: SATA max UDMA/133 mmio [mem 0xfd0c0000-0xfd0c1fff] port 0x180 irq 45
[    5.689199] ad9081 spi1.0: supply vdd not found, using dummy regulator
[    6.001985] ata1: SATA link down (SStatus 0 SControl 330)
[    6.007404] ata2: SATA link down (SStatus 0 SControl 330)
[    6.683751] zynqmp-display fd4a0000.display: [drm] Cannot find any crtc or sizes
[    7.524789] ad9081 spi1.0: AD9081 Rev. 2 Grade 10 (API 1.2.2) probed
[    7.531976] xhci-hcd xhci-hcd.1.auto: xHCI Host Controller
[    7.537471] xhci-hcd xhci-hcd.1.auto: new USB bus registered, assigned bus number 1
[    7.545216] xhci-hcd xhci-hcd.1.auto: hcc params 0x0238f625 hci version 0x100 quirks 0x0000000002010810
[    7.554637] xhci-hcd xhci-hcd.1.auto: irq 59, io mem 0xfe200000
[    7.560754] usb usb1: New USB device found, idVendor=1d6b, idProduct=0002, bcdDevice= 5.10
[    7.569020] usb usb1: New USB device strings: Mfr=3, Product=2, SerialNumber=1
[    7.576237] usb usb1: Product: xHCI Host Controller
[    7.581105] usb usb1: Manufacturer: Linux 5.10.0-98103-g2aa7ac113716 xhci-hcd
[    7.588231] usb usb1: SerialNumber: xhci-hcd.1.auto
[    7.593403] hub 1-0:1.0: USB hub found
[    7.597167] hub 1-0:1.0: 1 port detected
[    7.601270] xhci-hcd xhci-hcd.1.auto: xHCI Host Controller
[    7.606753] xhci-hcd xhci-hcd.1.auto: new USB bus registered, assigned bus number 2
[    7.614406] xhci-hcd xhci-hcd.1.auto: Host supports USB 3.0 SuperSpeed
[    7.621028] usb usb2: New USB device found, idVendor=1d6b, idProduct=0003, bcdDevice= 5.10
[    7.629292] usb usb2: New USB device strings: Mfr=3, Product=2, SerialNumber=1
[    7.636511] usb usb2: Product: xHCI Host Controller
[    7.641380] usb usb2: Manufacturer: Linux 5.10.0-98103-g2aa7ac113716 xhci-hcd
[    7.648505] usb usb2: SerialNumber: xhci-hcd.1.auto
[    7.653613] hub 2-0:1.0: USB hub found
[    7.657376] hub 2-0:1.0: 1 port detected
[    7.687430] cf_axi_adc 84a10000.axi-ad9081-rx-hpc: ADI AIM (10.01.b) at 0x84A10000 mapped to 0x(____ptrval____), probed ADC AD9081 as MASTER
[    7.720571] cf_axi_dds 84b10000.axi-ad9081-tx-hpc: Analog Devices CF_AXI_DDS_DDS MASTER (9.01.b) at 0x84B10000 mapped to 0x(____ptrval____), probed DDS AD9081
[    7.734775] jesd204: /axi/spi@ff040000/ad9081@0,jesd204:0,parent=spi1.0: JESD204[2] transition initialized -> probed
[    7.745295] jesd204: /axi/spi@ff040000/ad9081@0,jesd204:0,parent=spi1.0: JESD204[0] transition initialized -> probed
[    7.755818] jesd204: /axi/spi@ff040000/ad9081@0,jesd204:0,parent=spi1.0: JESD204[2] transition probed -> idle
[    7.765727] jesd204: /axi/spi@ff040000/ad9081@0,jesd204:0,parent=spi1.0: JESD204[0] transition probed -> idle
[    7.775641] jesd204: /axi/spi@ff040000/ad9081@0,jesd204:0,parent=spi1.0: JESD204[2] transition idle -> device_init
[    7.785985] jesd204: /axi/spi@ff040000/ad9081@0,jesd204:0,parent=spi1.0: JESD204[0] transition idle -> device_init
[    7.796339] jesd204: /axi/spi@ff040000/ad9081@0,jesd204:0,parent=spi1.0: JESD204[2] transition device_init -> link_init
[    7.807120] jesd204: /axi/spi@ff040000/ad9081@0,jesd204:0,parent=spi1.0: JESD204[0] transition device_init -> link_init
[    7.817912] jesd204: /axi/spi@ff040000/ad9081@0,jesd204:0,parent=spi1.0: JESD204[2] transition link_init -> link_supported
[    7.828951] jesd204: /axi/spi@ff040000/ad9081@0,jesd204:0,parent=spi1.0: JESD204[0] transition link_init -> link_supported
[    7.840366] hmc7044 spi2.0: hmc7044_jesd204_link_pre_setup: Link2 forcing continuous SYSREF mode
[    7.849307] axi-jesd204-rx 84a90000.axi-jesd204-rx: axi_jesd204_rx_jesd204_link_pre_setup: Link2 set lane rate 13160000 kHz failed (-22)
[    7.861564] jesd204: /fpga-axi@0/axi-jesd204-rx@84a90000,jesd204:4,parent=84a90000.axi-jesd204-rx: JESD204[2] In link_pre_setup got error from cb: -22
[    7.875033] jesd204: /axi/spi@ff040000/ad9081@0,jesd204:0,parent=spi1.0: Rolling back from 'link_supported', got error -22
[    7.886076] jesd204: /axi/spi@ff040000/ad9081@0,jesd204:0,parent=spi1.0: JESD204[0] transition link_supported -> link_pre_setup
[    7.897548] jesd204: /axi/spi@ff040000/ad9081@0,jesd204:0,parent=spi1.0: JESD204[2] transition link_supported -> link_pre_setup
[    7.909033] jesd204: /axi/spi@ff040000/ad9081@0,jesd204:0,parent=spi1.0: JESD204[0] transition link_pre_setup -> link_supported
[    7.920508] jesd204: /axi/spi@ff040000/ad9081@0,jesd204:0,parent=spi1.0: JESD204[2] transition link_pre_setup -> link_supported
[    7.931985] jesd204: /axi/spi@ff040000/ad9081@0,jesd204:0,parent=spi1.0: JESD204[0] transition link_supported -> link_init
[    7.943023] jesd204: /axi/spi@ff040000/ad9081@0,jesd204:0,parent=spi1.0: JESD204[2] transition link_supported -> link_init
[    7.954070] jesd204: /axi/spi@ff040000/ad9081@0,jesd204:0,parent=spi1.0: JESD204[0] transition link_init -> device_init
[    7.964850] jesd204: /axi/spi@ff040000/ad9081@0,jesd204:0,parent=spi1.0: JESD204[2] transition link_init -> device_init
[    7.975628] jesd204: /axi/spi@ff040000/ad9081@0,jesd204:0,parent=spi1.0: JESD204[0] transition device_init -> idle
[    7.985971] jesd204: /axi/spi@ff040000/ad9081@0,jesd204:0,parent=spi1.0: JESD204[2] transition device_init -> idle
[    7.996322] jesd204: /axi/spi@ff040000/ad9081@0,jesd204:0,parent=spi1.0: JESD204[2] transition idle -> idle
[    8.006057] jesd204: /axi/spi@ff040000/ad9081@0,jesd204:0,parent=spi1.0: JESD204[0] transition idle -> idle
[    8.015799] jesd204: /axi/spi@ff040000/ad9081@0,jesd204:0,parent=spi1.0: JESD204[2] transition idle -> device_init
[    8.026143] jesd204: /axi/spi@ff040000/ad9081@0,jesd204:0,parent=spi1.0: JESD204[0] transition idle -> device_init
[    8.036493] jesd204: /axi/spi@ff040000/ad9081@0,jesd204:0,parent=spi1.0: JESD204[2] transition device_init -> link_init
[    8.047270] jesd204: /axi/spi@ff040000/ad9081@0,jesd204:0,parent=spi1.0: JESD204[0] transition device_init -> link_init
[    8.058058] jesd204: /axi/spi@ff040000/ad9081@0,jesd204:0,parent=spi1.0: JESD204[2] transition link_init -> link_supported
[    8.069105] jesd204: /axi/spi@ff040000/ad9081@0,jesd204:0,parent=spi1.0: JESD204[0] transition link_init -> link_supported
[    8.080325] axi-jesd204-rx 84a90000.axi-jesd204-rx: axi_jesd204_rx_jesd204_link_pre_setup: Link2 set lane rate 13160000 kHz failed (-22)
[    8.092583] jesd204: /fpga-axi@0/axi-jesd204-rx@84a90000,jesd204:4,parent=84a90000.axi-jesd204-rx: JESD204[2] In link_pre_setup got error from cb: -22
[    8.106052] jesd204: /axi/spi@ff040000/ad9081@0,jesd204:0,parent=spi1.0: Rolling back from 'link_supported', got error -22
[    8.117096] jesd204: /axi/spi@ff040000/ad9081@0,jesd204:0,parent=spi1.0: JESD204[0] transition link_supported -> link_pre_setup
[    8.128566] jesd204: /axi/spi@ff040000/ad9081@0,jesd204:0,parent=spi1.0: JESD204[2] transition link_supported -> link_pre_setup
[    8.140044] jesd204: /axi/spi@ff040000/ad9081@0,jesd204:0,parent=spi1.0: JESD204[0] transition link_pre_setup -> link_supported
[    8.151519] jesd204: /axi/spi@ff040000/ad9081@0,jesd204:0,parent=spi1.0: JESD204[2] transition link_pre_setup -> link_supported
[    8.162994] jesd204: /axi/spi@ff040000/ad9081@0,jesd204:0,parent=spi1.0: JESD204[0] transition link_supported -> link_init
[    8.174032] jesd204: /axi/spi@ff040000/ad9081@0,jesd204:0,parent=spi1.0: JESD204[2] transition link_supported -> link_init
[    8.185079] jesd204: /axi/spi@ff040000/ad9081@0,jesd204:0,parent=spi1.0: JESD204[0] transition link_init -> device_init
[    8.195854] jesd204: /axi/spi@ff040000/ad9081@0,jesd204:0,parent=spi1.0: JESD204[2] transition link_init -> device_init
[    8.206637] jesd204: /axi/spi@ff040000/ad9081@0,jesd204:0,parent=spi1.0: JESD204[0] transition device_init -> idle
[    8.216985] jesd204: /axi/spi@ff040000/ad9081@0,jesd204:0,parent=spi1.0: JESD204[2] transition device_init -> idle
[    8.227333] jesd204: /axi/spi@ff040000/ad9081@0,jesd204:0,parent=spi1.0: JESD204[2] transition idle -> idle
[    8.237067] jesd204: /axi/spi@ff040000/ad9081@0,jesd204:0,parent=spi1.0: JESD204[0] transition idle -> idle
[    8.246808] jesd204: /axi/spi@ff040000/ad9081@0,jesd204:0,parent=spi1.0: JESD204[2] transition idle -> device_init
[    8.257152] jesd204: /axi/spi@ff040000/ad9081@0,jesd204:0,parent=spi1.0: JESD204[0] transition idle -> device_init
[    8.267502] jesd204: /axi/spi@ff040000/ad9081@0,jesd204:0,parent=spi1.0: JESD204[2] transition device_init -> link_init
[    8.278279] jesd204: /axi/spi@ff040000/ad9081@0,jesd204:0,parent=spi1.0: JESD204[0] transition device_init -> link_init
[    8.289067] jesd204: /axi/spi@ff040000/ad9081@0,jesd204:0,parent=spi1.0: JESD204[2] transition link_init -> link_supported
[    8.300109] jesd204: /axi/spi@ff040000/ad9081@0,jesd204:0,parent=spi1.0: JESD204[0] transition link_init -> link_supported
[    8.311297] axi-jesd204-rx 84a90000.axi-jesd204-rx: axi_jesd204_rx_jesd204_link_pre_setup: Link2 set lane rate 13160000 kHz failed (-22)
[    8.323556] jesd204: /fpga-axi@0/axi-jesd204-rx@84a90000,jesd204:4,parent=84a90000.axi-jesd204-rx: JESD204[2] In link_pre_setup got error from cb: -22
[    8.337027] jesd204: /axi/spi@ff040000/ad9081@0,jesd204:0,parent=spi1.0: Rolling back from 'link_supported', got error -22
[    8.348073] jesd204: /axi/spi@ff040000/ad9081@0,jesd204:0,parent=spi1.0: JESD204[0] transition link_supported -> link_pre_setup
[    8.359550] jesd204: /axi/spi@ff040000/ad9081@0,jesd204:0,parent=spi1.0: JESD204[2] transition link_supported -> link_pre_setup
[    8.371031] jesd204: /axi/spi@ff040000/ad9081@0,jesd204:0,parent=spi1.0: JESD204[0] transition link_pre_setup -> link_supported
[    8.382500] jesd204: /axi/spi@ff040000/ad9081@0,jesd204:0,parent=spi1.0: JESD204[2] transition link_pre_setup -> link_supported
[    8.393977] jesd204: /axi/spi@ff040000/ad9081@0,jesd204:0,parent=spi1.0: JESD204[0] transition link_supported -> link_init
[    8.405015] jesd204: /axi/spi@ff040000/ad9081@0,jesd204:0,parent=spi1.0: JESD204[2] transition link_supported -> link_init
[    8.416062] jesd204: /axi/spi@ff040000/ad9081@0,jesd204:0,parent=spi1.0: JESD204[0] transition link_init -> device_init
[    8.426837] jesd204: /axi/spi@ff040000/ad9081@0,jesd204:0,parent=spi1.0: JESD204[2] transition link_init -> device_init
[    8.437620] jesd204: /axi/spi@ff040000/ad9081@0,jesd204:0,parent=spi1.0: JESD204[0] transition device_init -> idle
[    8.447967] jesd204: /axi/spi@ff040000/ad9081@0,jesd204:0,parent=spi1.0: JESD204[2] transition device_init -> idle
[    8.458316] jesd204: /axi/spi@ff040000/ad9081@0,jesd204:0,parent=spi1.0: JESD204[2] transition idle -> idle
[    8.468050] jesd204: /axi/spi@ff040000/ad9081@0,jesd204:0,parent=spi1.0: JESD204[0] transition idle -> idle
[    8.477796] jesd204: /axi/spi@ff040000/ad9081@0,jesd204:0,parent=spi1.0: JESD204[2] transition idle -> device_init
[    8.488137] jesd204: /axi/spi@ff040000/ad9081@0,jesd204:0,parent=spi1.0: JESD204[0] transition idle -> device_init
[    8.498486] jesd204: /axi/spi@ff040000/ad9081@0,jesd204:0,parent=spi1.0: JESD204[2] transition device_init -> link_init
[    8.509261] jesd204: /axi/spi@ff040000/ad9081@0,jesd204:0,parent=spi1.0: JESD204[0] transition device_init -> link_init
[    8.520051] jesd204: /axi/spi@ff040000/ad9081@0,jesd204:0,parent=spi1.0: JESD204[2] transition link_init -> link_supported
[    8.531094] jesd204: /axi/spi@ff040000/ad9081@0,jesd204:0,parent=spi1.0: JESD204[0] transition link_init -> link_supported
[    8.542280] axi-jesd204-rx 84a90000.axi-jesd204-rx: axi_jesd204_rx_jesd204_link_pre_setup: Link2 set lane rate 13160000 kHz failed (-22)
[    8.554540] jesd204: /fpga-axi@0/axi-jesd204-rx@84a90000,jesd204:4,parent=84a90000.axi-jesd204-rx: JESD204[2] In link_pre_setup got error from cb: -22
[    8.568010] jesd204: /axi/spi@ff040000/ad9081@0,jesd204:0,parent=spi1.0: Rolling back from 'link_supported', got error -22
[    8.579053] jesd204: /axi/spi@ff040000/ad9081@0,jesd204:0,parent=spi1.0: JESD204[0] transition link_supported -> link_pre_setup
[    8.590524] jesd204: /axi/spi@ff040000/ad9081@0,jesd204:0,parent=spi1.0: JESD204[2] transition link_supported -> link_pre_setup
[    8.602006] jesd204: /axi/spi@ff040000/ad9081@0,jesd204:0,parent=spi1.0: JESD204[0] transition link_pre_setup -> link_supported
[    8.613474] jesd204: /axi/spi@ff040000/ad9081@0,jesd204:0,parent=spi1.0: JESD204[2] transition link_pre_setup -> link_supported
[    8.624952] jesd204: /axi/spi@ff040000/ad9081@0,jesd204:0,parent=spi1.0: JESD204[0] transition link_supported -> link_init
[    8.635991] jesd204: /axi/spi@ff040000/ad9081@0,jesd204:0,parent=spi1.0: JESD204[2] transition link_supported -> link_init
[    8.647037] jesd204: /axi/spi@ff040000/ad9081@0,jesd204:0,parent=spi1.0: JESD204[0] transition link_init -> device_init
[    8.657812] jesd204: /axi/spi@ff040000/ad9081@0,jesd204:0,parent=spi1.0: JESD204[2] transition link_init -> device_init
[    8.668595] jesd204: /axi/spi@ff040000/ad9081@0,jesd204:0,parent=spi1.0: JESD204[0] transition device_init -> idle
[    8.678939] jesd204: /axi/spi@ff040000/ad9081@0,jesd204:0,parent=spi1.0: JESD204[2] transition device_init -> idle
[    8.689285] jesd204: /axi/spi@ff040000/ad9081@0,jesd204:0,parent=spi1.0: FSM completed with error -22
[    8.707709] input: gpio-keys as /devices/platform/gpio-keys/input/input0
[    8.714732] of_cfs_init
[    8.717195] of_cfs_init: OK
[    8.720131] cfg80211: Loading compiled-in X.509 certificates for regulatory database
[    8.858395] cfg80211: Loaded X.509 cert 'sforshee: 00b28ddf47aef9cea7'
[    8.864927] clk: Not disabling unused clocks
[    8.869458] ALSA device list:
[    8.872419]   No soundcards found.
[    8.876092] platform regulatory.0: Direct firmware load for regulatory.db failed with error -2
[    8.884700] cfg80211: failed to load regulatory.db
[    8.899395] EXT4-fs (mmcblk0p2): mounted filesystem with ordered data mode. Opts: (null)
[    8.907511] VFS: Mounted root (ext4 filesystem) on device 179:2.
[    8.920577] devtmpfs: mounted
[    8.924399] Freeing unused kernel memory: 2560K
[    8.939783] Run /sbin/init as init process
[    8.943877]   with arguments:
[    8.943880]     /sbin/init
[    8.943882]   with environment:
[    8.943884]     HOME=/
[    8.943887]     TERM=linux
[    9.515071] systemd[1]: systemd 241 running in system mode. (+PAM +AUDIT +SELINUX +IMA +APPARMOR +SMACK +SYSVINIT +UTMP +LIBCRYPTSETUP +GCRYPT +GNUTLS +ACL +XZ +LZ4 +SECCOMP +BLKID +ELFUTILS +KMOD -IDN2 +IDN -PCRE2 default-hierarchy=hybrid)
[    9.536932] systemd[1]: Detected architecture arm64.
[    9.560453] systemd[1]: Set hostname to <analog>.
[    9.748324] systemd[1]: File /lib/systemd/system/systemd-journald.service:12 configures an IP firewall (IPAddressDeny=any), but the local system does not support BPF/cgroup based firewalling.
[    9.765419] systemd[1]: Proceeding WITHOUT firewalling in effect! (This warning is only shown for the first loaded unit using IP firewalling.)
[    9.933137] systemd[1]: /etc/systemd/system/tof-server.service:1: Assignment outside of section. Ignoring.
[    9.942856] systemd[1]: /etc/systemd/system/tof-server.service:2: Assignment outside of section. Ignoring.
[   10.126877] random: systemd: uninitialized urandom read (16 bytes read)
[   10.141582] random: systemd: uninitialized urandom read (16 bytes read)
[   10.148631] systemd[1]: Created slice User and Session Slice.
[   10.171839] random: systemd: uninitialized urandom read (16 bytes read)
[   10.178859] systemd[1]: Listening on Journal Socket.
[   10.196566] systemd[1]: Condition check resulted in Create list of required static device nodes for the current kernel being skipped.
[   10.787840] ------------[ cut here ]------------
[   10.787849] Enabling unprepared \xa0\xe9Q\x88\xff\xff\xffpQ\x88\xff\xff\xff
[   10.787894] WARNING: CPU: 2 PID: 112 at drivers/clk/clk.c:1012 clk_core_enable+0xa4/0xc0
[   10.787897] Modules linked in:
[   10.787908] CPU: 2 PID: 112 Comm: kworker/2:1H Not tainted 5.10.0-98103-g2aa7ac113716 #5577
[   10.787911] Hardware name: ZynqMP ZCU102 Rev1.0 (DT)
[   10.787920] Workqueue: kblockd blk_mq_run_work_fn
[   10.787928] pstate: 80000085 (Nzcv daIf -PAN -UAO -TCO BTYPE=--)
[   10.787933] pc : clk_core_enable+0xa4/0xc0
[   10.787938] lr : clk_core_enable+0xa4/0xc0
[   10.787941] sp : ffffffc0125bb2d0
[   10.787945] x29: ffffffc0125bb2d0 x28: ffffff8800330c10 
[   10.787951] x27: ffffff8800330d48 x26: 0000005000000101 
[   10.787958] x25: 000000027d0fb16a x24: 0000000000000001 
[   10.787965] x23: ffffff88010e9380 x22: ffffff8801083220 
[   10.787971] x21: ffffff8801517000 x20: ffffff8801517008 
[   10.787978] x19: ffffff8801517008 x18: 0000000000000030 
[   10.787984] x17: 0000000000000001 x16: 0000b667806ba6dc 
[   10.787991] x15: ffffffffffff9c98 x14: ffffffc011d3b1a0 
[   10.787997] x13: ffffffc011d3b1c8 x12: 0000000000000672 
[   10.788004] x11: 0000000000000226 x10: ffffffc011d671c8 
[   10.788010] x9 : 00000000fffff800 x8 : ffffffc011d3b1c8 
[   10.788017] x7 : ffffffc011d671c8 x6 : 0000000000000001 
[   10.788023] x5 : ffffff887f7929e0 x4 : 0000000000000000 
[   10.788029] x3 : 0000000000000027 x2 : 0000000000000023 
[   10.788036] x1 : c89f3d5d95e8fc00 x0 : 0000000000000000 
[   10.788042] Call trace:
[   10.788049]  clk_core_enable+0xa4/0xc0
[   10.788054]  clk_enable+0x2c/0x60
[   10.788060]  zynqmp_runtime_resume+0x24/0x84
[   10.788067]  pm_generic_runtime_resume+0x30/0x50
[   10.788073]  __genpd_runtime_resume+0x30/0xb0
[   10.788079]  genpd_runtime_resume+0x90/0x250
[   10.788085]  __rpm_callback+0x10c/0x1e0
[   10.788090]  rpm_callback+0x5c/0x84
[   10.788095]  rpm_resume+0x4a4/0x74c
[   10.788100]  __pm_runtime_resume+0x78/0xc4
[   10.788104]  spi_mem_access_start.isra.0+0x30/0x80
[   10.788108]  spi_mem_exec_op+0x3b0/0x424
[   10.788113]  spi_nor_read_sr+0x78/0xe0
[   10.788118]  spi_nor_wait_till_ready_with_timeout+0xb4/0x2f0
[   10.788123]  spi_nor_read+0x188/0x380
[   10.788128]  mtd_read_oob_std+0x78/0x84
[   10.788133]  mtd_read_oob+0x7c/0x134
[   10.788137]  mtd_read+0x48/0x7c
[   10.788142]  mtdblock_readsect+0x6c/0x150
[   10.788148]  mtd_queue_rq+0x2cc/0x5a0
[   10.788153]  blk_mq_dispatch_rq_list+0x110/0x790
[   10.788159]  __blk_mq_do_dispatch_sched+0x200/0x274
[   10.788165]  __blk_mq_sched_dispatch_requests+0x1a8/0x1fc
[   10.788170]  blk_mq_sched_dispatch_requests+0x3c/0x7c
[   10.788175]  __blk_mq_run_hw_queue+0x98/0x100
[   10.788180]  blk_mq_run_work_fn+0x24/0x30
[   10.788186]  process_one_work+0x1d4/0x380
[   10.788190]  worker_thread+0x78/0x4e0
[   10.788195]  kthread+0x124/0x130
[   10.788200]  ret_from_fork+0x10/0x3c
[   10.788204] ---[ end trace 83414722a6bc80a9 ]---
[   10.788212] zynqmp-qspi ff0f0000.spi: Cannot enable APB clock.
[   10.788261] spi_master spi0: Failed to power device: -108
[   10.788270] blk_update_request: I/O error, dev mtdblock0, sector 8 op 0x0:(READ) flags 0x80700 phys_seg 1 prio class 0
[   10.788337] spi_master spi0: Failed to power device: -22
[   10.788344] blk_update_request: I/O error, dev mtdblock0, sector 8 op 0x0:(READ) flags 0x0 phys_seg 8 prio class 0
[   10.788349] Buffer I/O error on dev mtdblock0, logical block 8, async page read
[   10.788358] spi_master spi0: Failed to power device: -22
[   10.788364] blk_update_request: I/O error, dev mtdblock0, sector 9 op 0x0:(READ) flags 0x0 phys_seg 7 prio class 0
[   10.788368] Buffer I/O error on dev mtdblock0, logical block 9, async page read
[   10.788375] spi_master spi0: Failed to power device: -22
[   10.788381] blk_update_request: I/O error, dev mtdblock0, sector 10 op 0x0:(READ) flags 0x0 phys_seg 6 prio class 0
[   10.788384] Buffer I/O error on dev mtdblock0, logical block 10, async page read
[   10.788391] spi_master spi0: Failed to power device: -22
[   10.788397] blk_update_request: I/O error, dev mtdblock0, sector 11 op 0x0:(READ) flags 0x0 phys_seg 5 prio class 0
[   10.788401] Buffer I/O error on dev mtdblock0, logical block 11, async page read
[   10.788408] spi_master spi0: Failed to power device: -22
[   10.788414] blk_update_request: I/O error, dev mtdblock0, sector 12 op 0x0:(READ) flags 0x0 phys_seg 4 prio class 0
[   10.788418] Buffer I/O error on dev mtdblock0, logical block 12, async page read
[   10.788424] spi_master spi0: Failed to power device: -22
[   10.788430] blk_update_request: I/O error, dev mtdblock0, sector 13 op 0x0:(READ) flags 0x0 phys_seg 3 prio class 0
[   10.788433] Buffer I/O error on dev mtdblock0, logical block 13, async page read
[   10.788440] spi_master spi0: Failed to power device: -22
[   10.788446] blk_update_request: I/O error, dev mtdblock0, sector 14 op 0x0:(READ) flags 0x0 phys_seg 2 prio class 0
[   10.788450] Buffer I/O error on dev mtdblock0, logical block 14, async page read
[   10.788456] spi_master spi0: Failed to power device: -22
[   10.788462] blk_update_request: I/O error, dev mtdblock0, sector 15 op 0x0:(READ) flags 0x0 phys_seg 1 prio class 0
[   10.788465] Buffer I/O error on dev mtdblock0, logical block 15, async page read
[   10.788756] spi_master spi0: Failed to power device: -22
[   10.788763] blk_update_request: I/O error, dev mtdblock1, sector 10112 op 0x0:(READ) flags 0x80700 phys_seg 1 prio class 0
[   10.788806] spi_master spi0: Failed to power device: -22
[   10.788812] Buffer I/O error on dev mtdblock1, logical block 10112, async page read
[   10.788820] spi_master spi0: Failed to power device: -22
[   10.788825] Buffer I/O error on dev mtdblock1, logical block 10113, async page read
[   10.788832] spi_master spi0: Failed to power device: -22
[   10.788839] spi_master spi0: Failed to power device: -22
[   10.788846] spi_master spi0: Failed to power device: -22
[   10.788854] spi_master spi0: Failed to power device: -22
[   10.788861] spi_master spi0: Failed to power device: -22
[   10.788868] spi_master spi0: Failed to power device: -22
[   10.789105] spi_master spi0: Failed to power device: -22
[   10.789151] spi_master spi0: Failed to power device: -22
[   10.789160] spi_master spi0: Failed to power device: -22
[   10.789168] spi_master spi0: Failed to power device: -22
[   10.789176] spi_master spi0: Failed to power device: -22
[   10.789183] spi_master spi0: Failed to power device: -22
[   10.789190] spi_master spi0: Failed to power device: -22
[   10.789197] spi_master spi0: Failed to power device: -22
[   10.789204] spi_master spi0: Failed to power device: -22
[   10.789486] spi_master spi0: Failed to power device: -22
[   10.789529] spi_master spi0: Failed to power device: -22
[   10.789539] spi_master spi0: Failed to power device: -22
[   10.789546] spi_master spi0: Failed to power device: -22
[   10.789554] spi_master spi0: Failed to power device: -22
[   10.789561] spi_master spi0: Failed to power device: -22
[   10.789568] spi_master spi0: Failed to power device: -22
[   10.789575] spi_master spi0: Failed to power device: -22
[   10.789583] spi_master spi0: Failed to power device: -22
[   10.918450] EXT4-fs (mmcblk0p2): re-mounted. Opts: (null)
[   11.108644] systemd-journald[167]: Received request to flush runtime journal from PID 1
[   16.872724] macb ff0e0000.ethernet eth0: PHY [ff0e0000.ethernet-ffffffff:0c] driver [TI DP83867] (irq=POLL)
[   16.872736] macb ff0e0000.ethernet eth0: configuring for phy/rgmii-id link mode
[   17.263773] Adding 77820k swap on /var/swap.  Priority:-2 extents:1 across:77820k SS
[   19.051757] random: crng init done
[   19.051768] random: 7 urandom warning(s) missed due to ratelimiting
[   19.813999] broken atomic modeset userspace detected, disabling atomic
[   20.961345] macb ff0e0000.ethernet eth0: Link is Up - 1Gbps/Full - flow control off
[   20.961371] IPv6: ADDRCONF(NETDEV_CHANGE): eth0: link becomes ready
[   22.478754] broken atomic modeset userspace detected, disabling atomic
[   25.393455] broken atomic modeset userspace detected, disabling atomic