[    0.000000] Booting Linux on physical CPU 0x0000000000 [0x410fd034]
[    0.000000] Linux version 5.10.0-98103-g2aa7ac113716 (jenkins@romlxbuild1.adlk.analog.com) (aarch64-xilinx-linux-gcc.real (GCC) 10.2.0, GNU ld (GNU Binutils) 2.35.0.20200730) #5577 SMP Wed Mar 23 07:28:49 GMT 2022
[    0.000000] Machine model: ZynqMP ZCU102 Rev1.0
[    0.000000] earlycon: cdns0 at MMIO 0x00000000ff000000 (options '115200n8')
[    0.000000] printk: bootconsole [cdns0] enabled
[    0.000000] efi: UEFI not found.
[    0.000000] cma: Reserved 256 MiB at 0x0000000070000000
[    0.000000] Zone ranges:
[    0.000000]   DMA      [mem 0x0000000000000000-0x000000003fffffff]
[    0.000000]   DMA32    [mem 0x0000000040000000-0x00000000ffffffff]
[    0.000000]   Normal   [mem 0x0000000100000000-0x000000087fffffff]
[    0.000000] Movable zone start for each node
[    0.000000] Early memory node ranges
[    0.000000]   node   0: [mem 0x0000000000000000-0x000000007fffffff]
[    0.000000]   node   0: [mem 0x0000000800000000-0x000000087fffffff]
[    0.000000] Initmem setup node 0 [mem 0x0000000000000000-0x000000087fffffff]
[    0.000000] On node 0 totalpages: 1048576
[    0.000000]   DMA zone: 3584 pages used for memmap
[    0.000000]   DMA zone: 0 pages reserved
[    0.000000]   DMA zone: 262144 pages, LIFO batch:63
[    0.000000]   DMA32 zone: 3584 pages used for memmap
[    0.000000]   DMA32 zone: 262144 pages, LIFO batch:63
[    0.000000]   Normal zone: 7168 pages used for memmap
[    0.000000]   Normal zone: 524288 pages, LIFO batch:63
[    0.000000] psci: probing for conduit method from DT.
[    0.000000] psci: PSCIv1.1 detected in firmware.
[    0.000000] psci: Using standard PSCI v0.2 function IDs
[    0.000000] psci: MIGRATE_INFO_TYPE not supported.
[    0.000000] psci: SMC Calling Convention v1.2
[    0.000000] percpu: Embedded 22 pages/cpu s49496 r8192 d32424 u90112
[    0.000000] pcpu-alloc: s49496 r8192 d32424 u90112 alloc=22*4096
[    0.000000] pcpu-alloc: [0] 0 [0] 1 [0] 2 [0] 3 
[    0.000000] Detected VIPT I-cache on CPU0
[    0.000000] CPU features: detected: ARM erratum 845719
[    0.000000] Built 1 zonelists, mobility grouping on.  Total pages: 1034240
[    0.000000] Kernel command line: console=ttyPS0,115200 root=/dev/mmcblk0p2 rw earlycon rootfstype=ext4 rootwait clk_ignore_unused cpuidle.off=1 root=/dev/mmcblk0p2 rw rootwait
[    0.000000] Dentry cache hash table entries: 524288 (order: 10, 4194304 bytes, linear)
[    0.000000] Inode-cache hash table entries: 262144 (order: 9, 2097152 bytes, linear)
[    0.000000] mem auto-init: stack:off, heap alloc:off, heap free:off
[    0.000000] software IO TLB: mapped [mem 0x000000003bfff000-0x000000003ffff000] (64MB)
[    0.000000] Memory: 3761904K/4194304K available (15296K kernel code, 1636K rwdata, 11876K rodata, 2560K init, 507K bss, 170256K reserved, 262144K cma-reserved)
[    0.000000] rcu: Hierarchical RCU implementation.
[    0.000000] rcu: 	RCU event tracing is enabled.
[    0.000000] rcu: 	RCU restricting CPUs from NR_CPUS=8 to nr_cpu_ids=4.
[    0.000000] rcu: RCU calculated value of scheduler-enlistment delay is 25 jiffies.
[    0.000000] rcu: Adjusting geometry for rcu_fanout_leaf=16, nr_cpu_ids=4
[    0.000000] NR_IRQS: 64, nr_irqs: 64, preallocated irqs: 0
[    0.000000] GIC: Adjusting CPU interface base to 0x00000000f902f000
[    0.000000] GIC: Using split EOI/Deactivate mode
[    0.000000] random: get_random_bytes called from start_kernel+0x31c/0x54c with crng_init=0
[    0.000000] arch_timer: cp15 timer(s) running at 100.00MHz (phys).
[    0.000000] clocksource: arch_sys_counter: mask: 0xffffffffffffff max_cycles: 0x171024e7e0, max_idle_ns: 440795205315 ns
[    0.000003] sched_clock: 56 bits at 100MHz, resolution 10ns, wraps every 4398046511100ns
[    0.008464] Console: colour dummy device 80x25
[    0.012482] Calibrating delay loop (skipped), value calculated using timer frequency.. 200.00 BogoMIPS (lpj=400000)
[    0.022841] pid_max: default: 32768 minimum: 301
[    0.027549] Mount-cache hash table entries: 8192 (order: 4, 65536 bytes, linear)
[    0.034789] Mountpoint-cache hash table entries: 8192 (order: 4, 65536 bytes, linear)
[    0.043398] rcu: Hierarchical SRCU implementation.
[    0.047559] EFI services will not be available.
[    0.051939] smp: Bringing up secondary CPUs ...
[    0.056656] Detected VIPT I-cache on CPU1
[    0.056695] CPU1: Booted secondary processor 0x0000000001 [0x410fd034]
[    0.057061] Detected VIPT I-cache on CPU2
[    0.057084] CPU2: Booted secondary processor 0x0000000002 [0x410fd034]
[    0.057422] Detected VIPT I-cache on CPU3
[    0.057445] CPU3: Booted secondary processor 0x0000000003 [0x410fd034]
[    0.057491] smp: Brought up 1 node, 4 CPUs
[    0.091780] SMP: Total of 4 processors activated.
[    0.096452] CPU features: detected: 32-bit EL0 Support
[    0.101556] CPU features: detected: CRC32 instructions
[    0.106694] CPU: All CPU(s) started at EL2
[    0.110736] alternatives: patching kernel code
[    0.116169] devtmpfs: initialized
[    0.124073] Registered cp15_barrier emulation handler
[    0.124123] Registered setend emulation handler
[    0.128100] clocksource: jiffies: mask: 0xffffffff max_cycles: 0xffffffff, max_idle_ns: 7645041785100000 ns
[    0.137678] futex hash table entries: 1024 (order: 4, 65536 bytes, linear)
[    0.151033] pinctrl core: initialized pinctrl subsystem
[    0.151681] NET: Registered protocol family 16
[    0.156103] DMA: preallocated 512 KiB GFP_KERNEL pool for atomic allocations
[    0.162116] DMA: preallocated 512 KiB GFP_KERNEL|GFP_DMA pool for atomic allocations
[    0.169841] DMA: preallocated 512 KiB GFP_KERNEL|GFP_DMA32 pool for atomic allocations
[    0.177645] audit: initializing netlink subsys (disabled)
[    0.183097] audit: type=2000 audit(0.116:1): state=initialized audit_enabled=0 res=1
[    0.183443] hw-breakpoint: found 6 breakpoint and 4 watchpoint registers.
[    0.197471] ASID allocator initialised with 65536 entries
[    0.224348] HugeTLB registered 1.00 GiB page size, pre-allocated 0 pages
[    0.225403] HugeTLB registered 32.0 MiB page size, pre-allocated 0 pages
[    0.232075] HugeTLB registered 2.00 MiB page size, pre-allocated 0 pages
[    0.238737] HugeTLB registered 64.0 KiB page size, pre-allocated 0 pages
[    1.304308] DRBG: Continuing without Jitter RNG
[    1.382135] raid6: neonx8   gen()  2141 MB/s
[    1.450179] raid6: neonx8   xor()  1595 MB/s
[    1.518240] raid6: neonx4   gen()  2197 MB/s
[    1.586281] raid6: neonx4   xor()  1568 MB/s
[    1.654348] raid6: neonx2   gen()  2076 MB/s
[    1.722395] raid6: neonx2   xor()  1441 MB/s
[    1.790469] raid6: neonx1   gen()  1772 MB/s
[    1.858510] raid6: neonx1   xor()  1220 MB/s
[    1.926568] raid6: int64x8  gen()  1438 MB/s
[    1.994625] raid6: int64x8  xor()   771 MB/s
[    2.062698] raid6: int64x4  gen()  1599 MB/s
[    2.130752] raid6: int64x4  xor()   818 MB/s
[    2.198825] raid6: int64x2  gen()  1397 MB/s
[    2.266861] raid6: int64x2  xor()   750 MB/s
[    2.334947] raid6: int64x1  gen()  1034 MB/s
[    2.403001] raid6: int64x1  xor()   517 MB/s
[    2.403039] raid6: using algorithm neonx4 gen() 2197 MB/s
[    2.406996] raid6: .... xor() 1568 MB/s, rmw enabled
[    2.411926] raid6: using neon recovery algorithm
[    2.416936] iommu: Default domain type: Translated 
[    2.421551] SCSI subsystem initialized
[    2.425095] libata version 3.00 loaded.
[    2.425220] usbcore: registered new interface driver usbfs
[    2.430551] usbcore: registered new interface driver hub
[    2.435825] usbcore: registered new device driver usb
[    2.440958] mc: Linux media interface: v0.10
[    2.445075] videodev: Linux video capture interface: v2.00
[    2.450565] EDAC MC: Ver: 3.0.0
[    2.454006] zynqmp-ipi-mbox mailbox@ff990400: Registered ZynqMP IPI mbox with TX/RX channels.
[    2.462515] jesd204: created con: id=0, topo=0, link=0, /axi/spi@ff050000/hmc7044@0 <-> /fpga-axi@0/axi-adxcvr-tx@84b60000
[    2.473094] jesd204: created con: id=1, topo=0, link=2, /axi/spi@ff050000/hmc7044@0 <-> /fpga-axi@0/axi-adxcvr-rx@84a60000
[    2.484078] jesd204: created con: id=2, topo=0, link=0, /fpga-axi@0/axi-adxcvr-tx@84b60000 <-> /fpga-axi@0/axi-jesd204-tx@84b90000
[    2.495754] jesd204: created con: id=3, topo=0, link=2, /fpga-axi@0/axi-adxcvr-rx@84a60000 <-> /fpga-axi@0/axi-jesd204-rx@84a90000
[    2.507431] jesd204: created con: id=4, topo=0, link=0, /fpga-axi@0/axi-jesd204-tx@84b90000 <-> /fpga-axi@0/axi-ad9081-tx-hpc@84b10000
[    2.519459] jesd204: created con: id=5, topo=0, link=2, /fpga-axi@0/axi-jesd204-rx@84a90000 <-> /fpga-axi@0/axi-ad9081-rx-hpc@84a10000
[    2.531482] jesd204: created con: id=6, topo=0, link=2, /fpga-axi@0/axi-ad9081-rx-hpc@84a10000 <-> /axi/spi@ff040000/ad9081@0
[    2.542723] jesd204: created con: id=7, topo=0, link=0, /fpga-axi@0/axi-ad9081-tx-hpc@84b10000 <-> /axi/spi@ff040000/ad9081@0
[    2.553973] jesd204: /axi/spi@ff040000/ad9081@0: JESD204[2] transition uninitialized -> initialized
[    2.562960] jesd204: /axi/spi@ff040000/ad9081@0: JESD204[0] transition uninitialized -> initialized
[    2.571951] jesd204: found 8 devices and 1 topologies
[    2.576995] FPGA manager framework
[    2.580474] Advanced Linux Sound Architecture Driver Initialized.
[    2.586765] Bluetooth: Core ver 2.22
[    2.589955] NET: Registered protocol family 31
[    2.594356] Bluetooth: HCI device and connection manager initialized
[    2.600672] Bluetooth: HCI socket layer initialized
[    2.605514] Bluetooth: L2CAP socket layer initialized
[    2.610538] Bluetooth: SCO socket layer initialized
[    2.615723] clocksource: Switched to clocksource arch_sys_counter
[    2.621532] VFS: Disk quotas dquot_6.6.0
[    2.625365] VFS: Dquot-cache hash table entries: 512 (order 0, 4096 bytes)
[    2.636087] NET: Registered protocol family 2
[    2.636810] tcp_listen_portaddr_hash hash table entries: 2048 (order: 3, 32768 bytes, linear)
[    2.645005] TCP established hash table entries: 32768 (order: 6, 262144 bytes, linear)
[    2.653030] TCP bind hash table entries: 32768 (order: 7, 524288 bytes, linear)
[    2.660475] TCP: Hash tables configured (established 32768 bind 32768)
[    2.666649] UDP hash table entries: 2048 (order: 4, 65536 bytes, linear)
[    2.673316] UDP-Lite hash table entries: 2048 (order: 4, 65536 bytes, linear)
[    2.680475] NET: Registered protocol family 1
[    2.684932] RPC: Registered named UNIX socket transport module.
[    2.690553] RPC: Registered udp transport module.
[    2.695217] RPC: Registered tcp transport module.
[    2.699887] RPC: Registered tcp NFSv4.1 backchannel transport module.
[    2.706879] PCI: CLS 0 bytes, default 64
[    2.710584] hw perfevents: no interrupt-affinity property for /pmu, guessing.
[    2.717438] hw perfevents: enabled with armv8_pmuv3 PMU driver, 7 counters available
[    2.725790] Initialise system trusted keyrings
[    2.729465] workingset: timestamp_bits=62 max_order=20 bucket_order=0
[    2.736368] NFS: Registering the id_resolver key type
[    2.740816] Key type id_resolver registered
[    2.744955] Key type id_legacy registered
[    2.748944] nfs4filelayout_init: NFSv4 File Layout Driver Registering...
[    2.755610] jffs2: version 2.2. (NAND) (SUMMARY)  Â© 2001-2006 Red Hat, Inc.
[    2.798154] NET: Registered protocol family 38
[    2.798197] xor: measuring software checksum speed
[    2.805881]    8regs           :  2363 MB/sec
[    2.809550]    32regs          :  2799 MB/sec
[    2.814493]    arm64_neon      :  2380 MB/sec
[    2.814683] xor: using function: 32regs (2799 MB/sec)
[    2.819712] Key type asymmetric registered
[    2.823770] Asymmetric key parser 'x509' registered
[    2.828631] Block layer SCSI generic (bsg) driver version 0.4 loaded (major 248)
[    2.835968] io scheduler mq-deadline registered
[    2.840464] io scheduler kyber registered
[    2.869878] Serial: 8250/16550 driver, 4 ports, IRQ sharing disabled
[    2.874517] cacheinfo: Unable to detect cache hierarchy for CPU 0
[    2.880856] brd: module loaded
[    2.885003] loop: module loaded
[    2.885546] Registered mathworks_ip class
[    2.888881] libphy: Fixed MDIO Bus: probed
[    2.891872] tun: Universal TUN/TAP device driver, 1.6
[    2.895928] CAN device driver interface
[    2.900466] usbcore: registered new interface driver asix
[    2.905059] usbcore: registered new interface driver ax88179_178a
[    2.911094] usbcore: registered new interface driver cdc_ether
[    2.916888] usbcore: registered new interface driver net1080
[    2.922515] usbcore: registered new interface driver cdc_subset
[    2.928395] usbcore: registered new interface driver zaurus
[    2.933938] usbcore: registered new interface driver cdc_ncm
[    2.940348] ehci_hcd: USB 2.0 'Enhanced' Host Controller (EHCI) Driver
[    2.946024] ehci-pci: EHCI PCI platform driver
[    2.950820] usbcore: registered new interface driver uas
[    2.955743] usbcore: registered new interface driver usb-storage
[    2.961729] usbcore: registered new interface driver usbserial_generic
[    2.968179] usbserial: USB Serial support registered for generic
[    2.974151] usbcore: registered new interface driver ftdi_sio
[    2.979855] usbserial: USB Serial support registered for FTDI USB Serial Device
[    2.987131] usbcore: registered new interface driver upd78f0730
[    2.993002] usbserial: USB Serial support registered for upd78f0730
[    3.000663] rtc_zynqmp ffa60000.rtc: registered as rtc0
[    3.004427] rtc_zynqmp ffa60000.rtc: setting system clock to 2022-03-26T03:23:31 UTC (1648265011)
[    3.013290] i2c /dev entries driver
[    3.018599] usbcore: registered new interface driver uvcvideo
[    3.022403] USB Video Class driver (1.1.1)
[    3.027986] Bluetooth: HCI UART driver ver 2.3
[    3.030874] Bluetooth: HCI UART protocol H4 registered
[    3.035983] Bluetooth: HCI UART protocol BCSP registered
[    3.041273] Bluetooth: HCI UART protocol LL registered
[    3.046361] Bluetooth: HCI UART protocol ATH3K registered
[    3.051735] Bluetooth: HCI UART protocol Three-wire (H5) registered
[    3.057990] Bluetooth: HCI UART protocol Intel registered
[    3.063327] Bluetooth: HCI UART protocol QCA registered
[    3.068530] usbcore: registered new interface driver bcm203x
[    3.074151] usbcore: registered new interface driver bpa10x
[    3.079684] usbcore: registered new interface driver bfusb
[    3.085136] usbcore: registered new interface driver btusb
[    3.090600] usbcore: registered new interface driver ath3k
[    3.096083] EDAC MC: ECC not enabled
[    3.099701] EDAC DEVICE0: Giving out device to module zynqmp-ocm-edac controller zynqmp_ocm: DEV ff960000.memory-controller (INTERRUPT)
[    3.112028] sdhci: Secure Digital Host Controller Interface driver
[    3.117810] sdhci: Copyright(c) Pierre Ossman
[    3.122135] sdhci-pltfm: SDHCI platform and OF driver helper
[    3.128188] ledtrig-cpu: registered to indicate activity on CPUs
[    3.133739] SMCCC: SOC_ID: ARCH_SOC_ID not implemented, skipping ....
[    3.140170] zynqmp_firmware_probe Platform Management API v1.1
[    3.145926] zynqmp_firmware_probe Trustzone version v1.0
[    3.185496] zynqmp-pinctrl firmware:zynqmp-firmware:pinctrl: zynqmp pinctrl initialized
[    3.233486] zynqmp-aes firmware:zynqmp-firmware:zynqmp-aes: will run requests pump with realtime priority
[    3.249304] alg: No test for xilinx-keccak-384 (zynqmp-keccak-384)
[    3.250017] alg: No test for xilinx-zynqmp-rsa (zynqmp-rsa)
[    3.255531] usbcore: registered new interface driver usbhid
[    3.260919] usbhid: USB HID core driver
[    3.272149] axi_sysid 85000000.axi-sysid-0: AXI System ID core version (1.01.a) found
[    3.274499] axi_sysid 85000000.axi-sysid-0: [ad9081_fmca_ebz] on [zcu102] git branch <master> git <084d44c9780640ca93fd847b1d9ec70dd65f5c67> clean [2022-03-18 04:17:50] UTC
[    3.290193] fpga_manager fpga0: Xilinx ZynqMP FPGA Manager registered
[    3.296551] usbcore: registered new interface driver snd-usb-audio
[    3.303986] pktgen: Packet Generator for packet performance testing. Version: 2.75
[    3.310161] Initializing XFRM netlink socket
[    3.314031] NET: Registered protocol family 10
[    3.318743] Segment Routing with IPv6
[    3.322128] sit: IPv6, IPv4 and MPLS over IPv4 tunneling driver
[    3.328198] NET: Registered protocol family 17
[    3.332299] NET: Registered protocol family 15
[    3.336798] can: controller area network core
[    3.341052] NET: Registered protocol family 29
[    3.345440] can: raw protocol
[    3.348377] can: broadcast manager protocol
[    3.352533] can: netlink gateway - max_hops=1
[    3.356927] Bluetooth: RFCOMM TTY layer initialized
[    3.361706] Bluetooth: RFCOMM socket layer initialized
[    3.366816] Bluetooth: RFCOMM ver 1.11
[    3.370524] Bluetooth: BNEP (Ethernet Emulation) ver 1.3
[    3.375796] Bluetooth: BNEP filters: protocol multicast
[    3.380990] Bluetooth: BNEP socket layer initialized
[    3.385917] Bluetooth: HIDP (Human Interface Emulation) ver 1.2
[    3.391800] Bluetooth: HIDP socket layer initialized
[    3.396853] 9pnet: Installing 9P2000 support
[    3.400978] NET: Registered protocol family 36
[    3.405395] Key type dns_resolver registered
[    3.409828] registered taskstats version 1
[    3.413691] Loading compiled-in X.509 certificates
[    3.418804] Btrfs loaded, crc32c=crc32c-generic
[    3.431193] ff000000.serial: ttyPS0 at MMIO 0xff000000 (irq = 49, base_baud = 6249999) is a xuartps
[    3.440216] printk: console [ttyPS0] enabled
[    3.444511] printk: bootconsole [cdns0] disabled
[    3.454139] ff010000.serial: ttyPS1 at MMIO 0xff010000 (irq = 50, base_baud = 6249999) is a xuartps
[    3.467382] of-fpga-region fpga-full: FPGA Region probed
[    3.474345] nwl-pcie fd0e0000.pcie: host bridge /axi/pcie@fd0e0000 ranges:
[    3.481241] nwl-pcie fd0e0000.pcie:      MEM 0x00e0000000..0x00efffffff -> 0x00e0000000
[    3.489249] nwl-pcie fd0e0000.pcie:      MEM 0x0600000000..0x07ffffffff -> 0x0600000000
[    3.497314] nwl-pcie fd0e0000.pcie: Link is DOWN
[    3.502070] nwl-pcie fd0e0000.pcie: PCI host bridge to bus 0000:00
[    3.508248] pci_bus 0000:00: root bus resource [bus 00-ff]
[    3.513729] pci_bus 0000:00: root bus resource [mem 0xe0000000-0xefffffff]
[    3.520600] pci_bus 0000:00: root bus resource [mem 0x600000000-0x7ffffffff pref]
[    3.528103] pci 0000:00:00.0: [10ee:d021] type 01 class 0x060400
[    3.534160] pci 0000:00:00.0: PME# supported from D0 D1 D2 D3hot
[    3.544609] pci 0000:00:00.0: PCI bridge to [bus 01-0c]
[    3.550586] xilinx-zynqmp-dma fd500000.dma: ZynqMP DMA driver Probe success
[    3.557755] xilinx-zynqmp-dma fd510000.dma: ZynqMP DMA driver Probe success
[    3.564925] xilinx-zynqmp-dma fd520000.dma: ZynqMP DMA driver Probe success
[    3.572093] xilinx-zynqmp-dma fd530000.dma: ZynqMP DMA driver Probe success
[    3.579258] xilinx-zynqmp-dma fd540000.dma: ZynqMP DMA driver Probe success
[    3.586427] xilinx-zynqmp-dma fd550000.dma: ZynqMP DMA driver Probe success
[    3.593599] xilinx-zynqmp-dma fd560000.dma: ZynqMP DMA driver Probe success
[    3.600769] xilinx-zynqmp-dma fd570000.dma: ZynqMP DMA driver Probe success
[    3.608165] xilinx-zynqmp-dpdma fd4c0000.dma-controller: Xilinx DPDMA engine is probed
[    3.616720] ahci-ceva fd0c0000.ahci: supply ahci not found, using dummy regulator
[    3.624263] ahci-ceva fd0c0000.ahci: supply phy not found, using dummy regulator
[    3.711900] hmc7044 spi2.0: PLL1: Acquisition, CLKIN0 @ 122880000 Hz, PFD: 80 kHz - PLL2: Locked @ 3152.000000 MHz
[    3.722613] jesd204: /axi/spi@ff050000/hmc7044@0,jesd204:1,parent=spi2.0: Using as SYSREF provider
[    3.732198] spi-nor spi0.0: SPI-NOR-UniqueID 100000235394732200270025081115266e
[    3.739509] spi-nor spi0.0: found n25q512a, expected m25p80
[    3.745715] spi-nor spi0.0: trying to lock already unlocked area
[    3.751721] spi-nor spi0.0: n25q512a (131072 Kbytes)
[    3.756705] 4 fixed-partitions partitions found on MTD device spi0.0
[    3.763052] Creating 4 MTD partitions on "spi0.0":
[    3.767837] 0x000000000000-0x000000100000 : "qspi-fsbl-uboot"
[    3.774329] 0x000000100000-0x000000600000 : "qspi-linux"
[    3.780281] 0x000000600000-0x000000620000 : "qspi-device-tree"
[    3.786755] 0x000000620000-0x000000c00000 : "qspi-rootfs"
[    3.795222] macb ff0e0000.ethernet: Not enabling partial store and forward
[    3.802746] libphy: MACB_mii_bus: probed
[    3.807802] macb ff0e0000.ethernet eth0: Cadence GEM rev 0x50070106 at 0xff0e0000 irq 30 (00:0a:35:04:8e:1b)
[    3.818019] xilinx-axipmon ffa00000.perf-monitor: Probed Xilinx APM
[    3.824600] xilinx-axipmon fd0b0000.perf-monitor: Probed Xilinx APM
[    3.831115] xilinx-axipmon fd490000.perf-monitor: Probed Xilinx APM
[    3.837647] xilinx-axipmon ffa10000.perf-monitor: Probed Xilinx APM
[    3.847648] pca953x 0-0020: supply vcc not found, using dummy regulator
[    3.854328] pca953x 0-0020: using no AI
[    3.858815] gpio-496 (sel0): hogged as output/low
[    3.863734] gpio-497 (sel1): hogged as output/high
[    3.868718] gpio-498 (sel2): hogged as output/high
[    3.873707] gpio-499 (sel3): hogged as output/high
[    3.878883] pca953x 0-0021: supply vcc not found, using dummy regulator
[    3.885557] pca953x 0-0021: using no AI
[    3.891331] ina2xx 2-0040: power monitor ina226 (Rshunt = 5000 uOhm)
[    3.898362] ina2xx 2-0041: power monitor ina226 (Rshunt = 5000 uOhm)
[    3.905402] ina2xx 2-0042: power monitor ina226 (Rshunt = 5000 uOhm)
[    3.912434] ina2xx 2-0043: power monitor ina226 (Rshunt = 5000 uOhm)
[    3.919457] ina2xx 2-0044: power monitor ina226 (Rshunt = 5000 uOhm)
[    3.926477] ina2xx 2-0045: power monitor ina226 (Rshunt = 5000 uOhm)
[    3.933508] ina2xx 2-0046: power monitor ina226 (Rshunt = 5000 uOhm)
[    3.940585] ina2xx 2-0047: power monitor ina226 (Rshunt = 5000 uOhm)
[    3.947610] ina2xx 2-004a: power monitor ina226 (Rshunt = 5000 uOhm)
[    3.954651] ina2xx 2-004b: power monitor ina226 (Rshunt = 5000 uOhm)
[    3.961060] i2c i2c-0: Added multiplexed i2c bus 2
[    3.966443] random: fast init done
[    3.969911] ina2xx 3-0040: power monitor ina226 (Rshunt = 2000 uOhm)
[    3.976938] ina2xx 3-0041: power monitor ina226 (Rshunt = 5000 uOhm)
[    3.983962] ina2xx 3-0042: power monitor ina226 (Rshunt = 5000 uOhm)
[    3.990998] ina2xx 3-0043: power monitor ina226 (Rshunt = 5000 uOhm)
[    3.998022] ina2xx 3-0044: power monitor ina226 (Rshunt = 5000 uOhm)
[    4.005047] ina2xx 3-0045: power monitor ina226 (Rshunt = 5000 uOhm)
[    4.012081] ina2xx 3-0046: power monitor ina226 (Rshunt = 5000 uOhm)
[    4.019111] ina2xx 3-0047: power monitor ina226 (Rshunt = 5000 uOhm)
[    4.025511] i2c i2c-0: Added multiplexed i2c bus 3
[    4.081414] i2c i2c-0: Added multiplexed i2c bus 4
[    4.086356] i2c i2c-0: Added multiplexed i2c bus 5
[    4.091145] pca954x 0-0075: registered 4 multiplexed busses for I2C mux pca9544
[    4.098495] cdns-i2c ff020000.i2c: 400 kHz mmio ff020000 irq 32
[    4.106223] at24 6-0054: supply vcc not found, using dummy regulator
[    4.113123] at24 6-0054: 1024 byte 24c08 EEPROM, writable, 1 bytes/write
[    4.119874] i2c i2c-1: Added multiplexed i2c bus 6
[    4.126303] si5341 7-0036: Chip: 5341 Grade: 1 Rev: 1
[    4.163979] i2c i2c-1: Added multiplexed i2c bus 7
[    4.171628] si570 8-005d: registered, current frequency 300000000 Hz
[    4.178029] i2c i2c-1: Added multiplexed i2c bus 8
[    4.197812] si570 9-005d: registered, current frequency 148500000 Hz
[    4.204217] i2c i2c-1: Added multiplexed i2c bus 9
[    4.209255] si5324 10-0069: si5328 probed
[    4.276070] si5324 10-0069: si5328 probe successful
[    4.281002] i2c i2c-1: Added multiplexed i2c bus 10
[    4.286030] i2c i2c-1: Added multiplexed i2c bus 11
[    4.291060] i2c i2c-1: Added multiplexed i2c bus 12
[    4.296085] i2c i2c-1: Added multiplexed i2c bus 13
[    4.300958] pca954x 1-0074: registered 8 multiplexed busses for I2C switch pca9548
[    4.309068] at24 14-0050: supply vcc not found, using dummy regulator
[    4.315861] at24 14-0050: 256 byte 24c02 EEPROM, writable, 1 bytes/write
[    4.322609] i2c i2c-1: Added multiplexed i2c bus 14
[    4.327649] i2c i2c-1: Added multiplexed i2c bus 15
[    4.332683] i2c i2c-1: Added multiplexed i2c bus 16
[    4.337720] i2c i2c-1: Added multiplexed i2c bus 17
[    4.342754] i2c i2c-1: Added multiplexed i2c bus 18
[    4.347798] i2c i2c-1: Added multiplexed i2c bus 19
[    4.352834] i2c i2c-1: Added multiplexed i2c bus 20
[    4.357864] i2c i2c-1: Added multiplexed i2c bus 21
[    4.362741] pca954x 1-0075: registered 8 multiplexed busses for I2C switch pca9548
[    4.370350] cdns-i2c ff030000.i2c: 400 kHz mmio ff030000 irq 33
[    4.380087] cdns-wdt fd4d0000.watchdog: Xilinx Watchdog Timer with timeout 60s
[    4.391028] axi_adxcvr 84a60000.axi-adxcvr-rx: AXI-ADXCVR-RX (17.05.a) using CPLL on GTH4 at 0x84A60000. Number of lanes: 4.
[    4.403200] axi_adxcvr 84b60000.axi-adxcvr-tx: AXI-ADXCVR-TX (17.05.a) using QPLL on GTH4 at 0x84B60000. Number of lanes: 4.
[    4.414824] axi-jesd204-rx 84a90000.axi-jesd204-rx: AXI-JESD204-RX (1.07.a) at 0x84A90000. Encoder 8b10b, width 4/4, lanes 4, jesd204-fsm.
[    4.422116] mmc0: SDHCI controller on ff170000.mmc [ff170000.mmc] using ADMA 64-bit
[    4.427668] axi-jesd204-tx 84b90000.axi-jesd204-tx: AXI-JESD204-TX (1.06.a) at 0x84B90000. Encoder 8b10b, width 4/4, lanes 4, jesd204-fsm.
[    4.448393] zynqmp-display fd4a0000.display: vtc bridge property not present
[    4.458039] xilinx-dp-snd-codec fd4a0000.display:zynqmp_dp_snd_codec0: Failed to get required clock freq
[    4.467546] xilinx-dp-snd-codec: probe of fd4a0000.display:zynqmp_dp_snd_codec0 failed with error -22
[    4.469502] mmc0: new high speed SDHC card at address 0001
[    4.477082] xilinx-dp-snd-pcm zynqmp_dp_snd_pcm0: Xilinx DisplayPort Sound PCM probed
[    4.482597] mmcblk0: mmc0:0001 EB1QT 29.8 GiB 
[    4.490401] xilinx-dp-snd-pcm zynqmp_dp_snd_pcm1: Xilinx DisplayPort Sound PCM probed
[    4.495747]  mmcblk0: p1 p2 p3
[    4.502702] OF: graph: no port node found in /axi/display@fd4a0000
[    4.511783] xlnx-drm xlnx-drm.0: bound fd4a0000.display (ops 0xffffffc010fcbdb8)
[    5.595739] zynqmp-display fd4a0000.display: [drm] Cannot find any crtc or sizes
[    5.603349] [drm] Initialized xlnx 1.0.0 20130509 for fd4a0000.display on minor 0
[    5.610841] zynqmp-display fd4a0000.display: ZynqMP DisplayPort Subsystem driver probed
[    5.619169] ahci-ceva fd0c0000.ahci: supply ahci not found, using dummy regulator
[    5.626721] ahci-ceva fd0c0000.ahci: supply phy not found, using dummy regulator
[    5.634179] ahci-ceva fd0c0000.ahci: supply target not found, using dummy regulator
[    5.642017] ahci-ceva fd0c0000.ahci: AHCI 0001.0301 32 slots 2 ports 6 Gbps 0x3 impl platform mode
[    5.650974] ahci-ceva fd0c0000.ahci: flags: 64bit ncq sntf pm clo only pmp fbs pio slum part ccc sds apst 
[    5.661669] scsi host0: ahci-ceva
[    5.665273] scsi host1: ahci-ceva
[    5.668699] ata1: SATA max UDMA/133 mmio [mem 0xfd0c0000-0xfd0c1fff] port 0x100 irq 45
[    5.676613] ata2: SATA max UDMA/133 mmio [mem 0xfd0c0000-0xfd0c1fff] port 0x180 irq 45
[    5.685210] ad9081 spi1.0: supply vdd not found, using dummy regulator
[    5.997975] ata1: SATA link down (SStatus 0 SControl 330)
[    6.003395] ata2: SATA link down (SStatus 0 SControl 330)
[    6.679742] zynqmp-display fd4a0000.display: [drm] Cannot find any crtc or sizes
[    7.544569] ad9081 spi1.0: AD9081 Rev. 2 Grade 10 (API 1.2.2) probed
[    7.551779] xhci-hcd xhci-hcd.1.auto: xHCI Host Controller
[    7.557267] xhci-hcd xhci-hcd.1.auto: new USB bus registered, assigned bus number 1
[    7.565017] xhci-hcd xhci-hcd.1.auto: hcc params 0x0238f625 hci version 0x100 quirks 0x0000000002010810
[    7.574436] xhci-hcd xhci-hcd.1.auto: irq 59, io mem 0xfe200000
[    7.580547] usb usb1: New USB device found, idVendor=1d6b, idProduct=0002, bcdDevice= 5.10
[    7.588812] usb usb1: New USB device strings: Mfr=3, Product=2, SerialNumber=1
[    7.596028] usb usb1: Product: xHCI Host Controller
[    7.600897] usb usb1: Manufacturer: Linux 5.10.0-98103-g2aa7ac113716 xhci-hcd
[    7.608023] usb usb1: SerialNumber: xhci-hcd.1.auto
[    7.613188] hub 1-0:1.0: USB hub found
[    7.616951] hub 1-0:1.0: 1 port detected
[    7.621056] xhci-hcd xhci-hcd.1.auto: xHCI Host Controller
[    7.626544] xhci-hcd xhci-hcd.1.auto: new USB bus registered, assigned bus number 2
[    7.634199] xhci-hcd xhci-hcd.1.auto: Host supports USB 3.0 SuperSpeed
[    7.640826] usb usb2: New USB device found, idVendor=1d6b, idProduct=0003, bcdDevice= 5.10
[    7.649084] usb usb2: New USB device strings: Mfr=3, Product=2, SerialNumber=1
[    7.656303] usb usb2: Product: xHCI Host Controller
[    7.661171] usb usb2: Manufacturer: Linux 5.10.0-98103-g2aa7ac113716 xhci-hcd
[    7.668301] usb usb2: SerialNumber: xhci-hcd.1.auto
[    7.673416] hub 2-0:1.0: USB hub found
[    7.677177] hub 2-0:1.0: 1 port detected
[    7.707265] cf_axi_adc 84a10000.axi-ad9081-rx-hpc: ADI AIM (10.01.b) at 0x84A10000 mapped to 0x(____ptrval____), probed ADC AD9081 as MASTER
[    7.740563] cf_axi_dds 84b10000.axi-ad9081-tx-hpc: Analog Devices CF_AXI_DDS_DDS MASTER (9.01.b) at 0x84B10000 mapped to 0x(____ptrval____), probed DDS AD9081
[    7.754769] jesd204: /axi/spi@ff040000/ad9081@0,jesd204:0,parent=spi1.0: JESD204[2] transition initialized -> probed
[    7.765289] jesd204: /axi/spi@ff040000/ad9081@0,jesd204:0,parent=spi1.0: JESD204[0] transition initialized -> probed
[    7.775811] jesd204: /axi/spi@ff040000/ad9081@0,jesd204:0,parent=spi1.0: JESD204[2] transition probed -> idle
[    7.785720] jesd204: /axi/spi@ff040000/ad9081@0,jesd204:0,parent=spi1.0: JESD204[0] transition probed -> idle
[    7.795634] jesd204: /axi/spi@ff040000/ad9081@0,jesd204:0,parent=spi1.0: JESD204[2] transition idle -> device_init
[    7.805976] jesd204: /axi/spi@ff040000/ad9081@0,jesd204:0,parent=spi1.0: JESD204[0] transition idle -> device_init
[    7.816328] jesd204: /axi/spi@ff040000/ad9081@0,jesd204:0,parent=spi1.0: JESD204[2] transition device_init -> link_init
[    7.827103] jesd204: /axi/spi@ff040000/ad9081@0,jesd204:0,parent=spi1.0: JESD204[0] transition device_init -> link_init
[    7.837894] jesd204: /axi/spi@ff040000/ad9081@0,jesd204:0,parent=spi1.0: JESD204[2] transition link_init -> link_supported
[    7.848934] jesd204: /axi/spi@ff040000/ad9081@0,jesd204:0,parent=spi1.0: JESD204[0] transition link_init -> link_supported
[    7.860344] hmc7044 spi2.0: hmc7044_jesd204_link_pre_setup: Link2 forcing continuous SYSREF mode
[    7.869281] axi-jesd204-rx 84a90000.axi-jesd204-rx: axi_jesd204_rx_jesd204_link_pre_setup: Link2 set lane rate 15760000 kHz failed (-22)
[    7.881539] jesd204: /fpga-axi@0/axi-jesd204-rx@84a90000,jesd204:4,parent=84a90000.axi-jesd204-rx: JESD204[2] In link_pre_setup got error from cb: -22
[    7.895008] jesd204: /axi/spi@ff040000/ad9081@0,jesd204:0,parent=spi1.0: Rolling back from 'link_supported', got error -22
[    7.906059] jesd204: /axi/spi@ff040000/ad9081@0,jesd204:0,parent=spi1.0: JESD204[0] transition link_supported -> link_pre_setup
[    7.917532] jesd204: /axi/spi@ff040000/ad9081@0,jesd204:0,parent=spi1.0: JESD204[2] transition link_supported -> link_pre_setup
[    7.929009] jesd204: /axi/spi@ff040000/ad9081@0,jesd204:0,parent=spi1.0: JESD204[0] transition link_pre_setup -> link_supported
[    7.940482] jesd204: /axi/spi@ff040000/ad9081@0,jesd204:0,parent=spi1.0: JESD204[2] transition link_pre_setup -> link_supported
[    7.951959] jesd204: /axi/spi@ff040000/ad9081@0,jesd204:0,parent=spi1.0: JESD204[0] transition link_supported -> link_init
[    7.962997] jesd204: /axi/spi@ff040000/ad9081@0,jesd204:0,parent=spi1.0: JESD204[2] transition link_supported -> link_init
[    7.974044] jesd204: /axi/spi@ff040000/ad9081@0,jesd204:0,parent=spi1.0: JESD204[0] transition link_init -> device_init
[    7.984824] jesd204: /axi/spi@ff040000/ad9081@0,jesd204:0,parent=spi1.0: JESD204[2] transition link_init -> device_init
[    7.995603] jesd204: /axi/spi@ff040000/ad9081@0,jesd204:0,parent=spi1.0: JESD204[0] transition device_init -> idle
[    8.005946] jesd204: /axi/spi@ff040000/ad9081@0,jesd204:0,parent=spi1.0: JESD204[2] transition device_init -> idle
[    8.016297] jesd204: /axi/spi@ff040000/ad9081@0,jesd204:0,parent=spi1.0: JESD204[2] transition idle -> idle
[    8.026032] jesd204: /axi/spi@ff040000/ad9081@0,jesd204:0,parent=spi1.0: JESD204[0] transition idle -> idle
[    8.035778] jesd204: /axi/spi@ff040000/ad9081@0,jesd204:0,parent=spi1.0: JESD204[2] transition idle -> device_init
[    8.046126] jesd204: /axi/spi@ff040000/ad9081@0,jesd204:0,parent=spi1.0: JESD204[0] transition idle -> device_init
[    8.056476] jesd204: /axi/spi@ff040000/ad9081@0,jesd204:0,parent=spi1.0: JESD204[2] transition device_init -> link_init
[    8.067252] jesd204: /axi/spi@ff040000/ad9081@0,jesd204:0,parent=spi1.0: JESD204[0] transition device_init -> link_init
[    8.078041] jesd204: /axi/spi@ff040000/ad9081@0,jesd204:0,parent=spi1.0: JESD204[2] transition link_init -> link_supported
[    8.089083] jesd204: /axi/spi@ff040000/ad9081@0,jesd204:0,parent=spi1.0: JESD204[0] transition link_init -> link_supported
[    8.100309] axi-jesd204-rx 84a90000.axi-jesd204-rx: axi_jesd204_rx_jesd204_link_pre_setup: Link2 set lane rate 15760000 kHz failed (-22)
[    8.112571] jesd204: /fpga-axi@0/axi-jesd204-rx@84a90000,jesd204:4,parent=84a90000.axi-jesd204-rx: JESD204[2] In link_pre_setup got error from cb: -22
[    8.126044] jesd204: /axi/spi@ff040000/ad9081@0,jesd204:0,parent=spi1.0: Rolling back from 'link_supported', got error -22
[    8.137088] jesd204: /axi/spi@ff040000/ad9081@0,jesd204:0,parent=spi1.0: JESD204[0] transition link_supported -> link_pre_setup
[    8.148558] jesd204: /axi/spi@ff040000/ad9081@0,jesd204:0,parent=spi1.0: JESD204[2] transition link_supported -> link_pre_setup
[    8.160036] jesd204: /axi/spi@ff040000/ad9081@0,jesd204:0,parent=spi1.0: JESD204[0] transition link_pre_setup -> link_supported
[    8.171508] jesd204: /axi/spi@ff040000/ad9081@0,jesd204:0,parent=spi1.0: JESD204[2] transition link_pre_setup -> link_supported
[    8.182985] jesd204: /axi/spi@ff040000/ad9081@0,jesd204:0,parent=spi1.0: JESD204[0] transition link_supported -> link_init
[    8.194024] jesd204: /axi/spi@ff040000/ad9081@0,jesd204:0,parent=spi1.0: JESD204[2] transition link_supported -> link_init
[    8.205071] jesd204: /axi/spi@ff040000/ad9081@0,jesd204:0,parent=spi1.0: JESD204[0] transition link_init -> device_init
[    8.215855] jesd204: /axi/spi@ff040000/ad9081@0,jesd204:0,parent=spi1.0: JESD204[2] transition link_init -> device_init
[    8.226637] jesd204: /axi/spi@ff040000/ad9081@0,jesd204:0,parent=spi1.0: JESD204[0] transition device_init -> idle
[    8.236985] jesd204: /axi/spi@ff040000/ad9081@0,jesd204:0,parent=spi1.0: JESD204[2] transition device_init -> idle
[    8.247332] jesd204: /axi/spi@ff040000/ad9081@0,jesd204:0,parent=spi1.0: JESD204[2] transition idle -> idle
[    8.257067] jesd204: /axi/spi@ff040000/ad9081@0,jesd204:0,parent=spi1.0: JESD204[0] transition idle -> idle
[    8.266809] jesd204: /axi/spi@ff040000/ad9081@0,jesd204:0,parent=spi1.0: JESD204[2] transition idle -> device_init
[    8.277152] jesd204: /axi/spi@ff040000/ad9081@0,jesd204:0,parent=spi1.0: JESD204[0] transition idle -> device_init
[    8.287502] jesd204: /axi/spi@ff040000/ad9081@0,jesd204:0,parent=spi1.0: JESD204[2] transition device_init -> link_init
[    8.298280] jesd204: /axi/spi@ff040000/ad9081@0,jesd204:0,parent=spi1.0: JESD204[0] transition device_init -> link_init
[    8.309068] jesd204: /axi/spi@ff040000/ad9081@0,jesd204:0,parent=spi1.0: JESD204[2] transition link_init -> link_supported
[    8.320110] jesd204: /axi/spi@ff040000/ad9081@0,jesd204:0,parent=spi1.0: JESD204[0] transition link_init -> link_supported
[    8.331293] axi-jesd204-rx 84a90000.axi-jesd204-rx: axi_jesd204_rx_jesd204_link_pre_setup: Link2 set lane rate 15760000 kHz failed (-22)
[    8.343550] jesd204: /fpga-axi@0/axi-jesd204-rx@84a90000,jesd204:4,parent=84a90000.axi-jesd204-rx: JESD204[2] In link_pre_setup got error from cb: -22
[    8.357017] jesd204: /axi/spi@ff040000/ad9081@0,jesd204:0,parent=spi1.0: Rolling back from 'link_supported', got error -22
[    8.368066] jesd204: /axi/spi@ff040000/ad9081@0,jesd204:0,parent=spi1.0: JESD204[0] transition link_supported -> link_pre_setup
[    8.379542] jesd204: /axi/spi@ff040000/ad9081@0,jesd204:0,parent=spi1.0: JESD204[2] transition link_supported -> link_pre_setup
[    8.391020] jesd204: /axi/spi@ff040000/ad9081@0,jesd204:0,parent=spi1.0: JESD204[0] transition link_pre_setup -> link_supported
[    8.402491] jesd204: /axi/spi@ff040000/ad9081@0,jesd204:0,parent=spi1.0: JESD204[2] transition link_pre_setup -> link_supported
[    8.413970] jesd204: /axi/spi@ff040000/ad9081@0,jesd204:0,parent=spi1.0: JESD204[0] transition link_supported -> link_init
[    8.425009] jesd204: /axi/spi@ff040000/ad9081@0,jesd204:0,parent=spi1.0: JESD204[2] transition link_supported -> link_init
[    8.436054] jesd204: /axi/spi@ff040000/ad9081@0,jesd204:0,parent=spi1.0: JESD204[0] transition link_init -> device_init
[    8.446829] jesd204: /axi/spi@ff040000/ad9081@0,jesd204:0,parent=spi1.0: JESD204[2] transition link_init -> device_init
[    8.457613] jesd204: /axi/spi@ff040000/ad9081@0,jesd204:0,parent=spi1.0: JESD204[0] transition device_init -> idle
[    8.467956] jesd204: /axi/spi@ff040000/ad9081@0,jesd204:0,parent=spi1.0: JESD204[2] transition device_init -> idle
[    8.478307] jesd204: /axi/spi@ff040000/ad9081@0,jesd204:0,parent=spi1.0: JESD204[2] transition idle -> idle
[    8.488042] jesd204: /axi/spi@ff040000/ad9081@0,jesd204:0,parent=spi1.0: JESD204[0] transition idle -> idle
[    8.497788] jesd204: /axi/spi@ff040000/ad9081@0,jesd204:0,parent=spi1.0: JESD204[2] transition idle -> device_init
[    8.508136] jesd204: /axi/spi@ff040000/ad9081@0,jesd204:0,parent=spi1.0: JESD204[0] transition idle -> device_init
[    8.518486] jesd204: /axi/spi@ff040000/ad9081@0,jesd204:0,parent=spi1.0: JESD204[2] transition device_init -> link_init
[    8.529263] jesd204: /axi/spi@ff040000/ad9081@0,jesd204:0,parent=spi1.0: JESD204[0] transition device_init -> link_init
[    8.540051] jesd204: /axi/spi@ff040000/ad9081@0,jesd204:0,parent=spi1.0: JESD204[2] transition link_init -> link_supported
[    8.551093] jesd204: /axi/spi@ff040000/ad9081@0,jesd204:0,parent=spi1.0: JESD204[0] transition link_init -> link_supported
[    8.562281] axi-jesd204-rx 84a90000.axi-jesd204-rx: axi_jesd204_rx_jesd204_link_pre_setup: Link2 set lane rate 15760000 kHz failed (-22)
[    8.574540] jesd204: /fpga-axi@0/axi-jesd204-rx@84a90000,jesd204:4,parent=84a90000.axi-jesd204-rx: JESD204[2] In link_pre_setup got error from cb: -22
[    8.588010] jesd204: /axi/spi@ff040000/ad9081@0,jesd204:0,parent=spi1.0: Rolling back from 'link_supported', got error -22
[    8.599054] jesd204: /axi/spi@ff040000/ad9081@0,jesd204:0,parent=spi1.0: JESD204[0] transition link_supported -> link_pre_setup
[    8.610525] jesd204: /axi/spi@ff040000/ad9081@0,jesd204:0,parent=spi1.0: JESD204[2] transition link_supported -> link_pre_setup
[    8.622007] jesd204: /axi/spi@ff040000/ad9081@0,jesd204:0,parent=spi1.0: JESD204[0] transition link_pre_setup -> link_supported
[    8.633484] jesd204: /axi/spi@ff040000/ad9081@0,jesd204:0,parent=spi1.0: JESD204[2] transition link_pre_setup -> link_supported
[    8.644961] jesd204: /axi/spi@ff040000/ad9081@0,jesd204:0,parent=spi1.0: JESD204[0] transition link_supported -> link_init
[    8.655999] jesd204: /axi/spi@ff040000/ad9081@0,jesd204:0,parent=spi1.0: JESD204[2] transition link_supported -> link_init
[    8.667046] jesd204: /axi/spi@ff040000/ad9081@0,jesd204:0,parent=spi1.0: JESD204[0] transition link_init -> device_init
[    8.677821] jesd204: /axi/spi@ff040000/ad9081@0,jesd204:0,parent=spi1.0: JESD204[2] transition link_init -> device_init
[    8.688604] jesd204: /axi/spi@ff040000/ad9081@0,jesd204:0,parent=spi1.0: JESD204[0] transition device_init -> idle
[    8.698948] jesd204: /axi/spi@ff040000/ad9081@0,jesd204:0,parent=spi1.0: JESD204[2] transition device_init -> idle
[    8.709295] jesd204: /axi/spi@ff040000/ad9081@0,jesd204:0,parent=spi1.0: FSM completed with error -22
[    8.727728] input: gpio-keys as /devices/platform/gpio-keys/input/input0
[    8.734741] of_cfs_init
[    8.737201] of_cfs_init: OK
[    8.740141] cfg80211: Loading compiled-in X.509 certificates for regulatory database
[    8.878488] cfg80211: Loaded X.509 cert 'sforshee: 00b28ddf47aef9cea7'
[    8.885017] clk: Not disabling unused clocks
[    8.889543] ALSA device list:
[    8.892506]   No soundcards found.
[    8.896171] platform regulatory.0: Direct firmware load for regulatory.db failed with error -2
[    8.904778] cfg80211: failed to load regulatory.db
[    8.919315] EXT4-fs (mmcblk0p2): mounted filesystem with ordered data mode. Opts: (null)
[    8.927435] VFS: Mounted root (ext4 filesystem) on device 179:2.
[    8.940895] devtmpfs: mounted
[    8.944714] Freeing unused kernel memory: 2560K
[    8.963775] Run /sbin/init as init process
[    8.967870]   with arguments:
[    8.967873]     /sbin/init
[    8.967875]   with environment:
[    8.967877]     HOME=/
[    8.967880]     TERM=linux
[    9.534948] systemd[1]: systemd 241 running in system mode. (+PAM +AUDIT +SELINUX +IMA +APPARMOR +SMACK +SYSVINIT +UTMP +LIBCRYPTSETUP +GCRYPT +GNUTLS +ACL +XZ +LZ4 +SECCOMP +BLKID +ELFUTILS +KMOD -IDN2 +IDN -PCRE2 default-hierarchy=hybrid)
[    9.556824] systemd[1]: Detected architecture arm64.
[    9.580434] systemd[1]: Set hostname to <analog>.
[    9.765617] systemd[1]: File /lib/systemd/system/systemd-journald.service:12 configures an IP firewall (IPAddressDeny=any), but the local system does not support BPF/cgroup based firewalling.
[    9.782675] systemd[1]: Proceeding WITHOUT firewalling in effect! (This warning is only shown for the first loaded unit using IP firewalling.)
[    9.946313] systemd[1]: /etc/systemd/system/tof-server.service:1: Assignment outside of section. Ignoring.
[    9.956031] systemd[1]: /etc/systemd/system/tof-server.service:2: Assignment outside of section. Ignoring.
[   10.139507] random: systemd: uninitialized urandom read (16 bytes read)
[   10.154255] random: systemd: uninitialized urandom read (16 bytes read)
[   10.161317] systemd[1]: Listening on fsck to fsckd communication Socket.
[   10.183802] random: systemd: uninitialized urandom read (16 bytes read)
[   10.190577] systemd[1]: Listening on initctl Compatibility Named Pipe.
[   10.212032] systemd[1]: Listening on Syslog Socket.
[   11.002152] EXT4-fs (mmcblk0p2): re-mounted. Opts: (null)
[   11.208484] systemd-journald[165]: Received request to flush runtime journal from PID 1
[   16.648266] random: crng init done
[   16.648274] random: 7 urandom warning(s) missed due to ratelimiting
[   17.065421] macb ff0e0000.ethernet eth0: PHY [ff0e0000.ethernet-ffffffff:0c] driver [TI DP83867] (irq=POLL)
[   17.065434] macb ff0e0000.ethernet eth0: configuring for phy/rgmii-id link mode
[   17.319822] Adding 68604k swap on /var/swap.  Priority:-2 extents:2 across:3253180k SS
[   19.870035] broken atomic modeset userspace detected, disabling atomic
[   21.153342] macb ff0e0000.ethernet eth0: Link is Up - 1Gbps/Full - flow control off
[   21.153369] IPv6: ADDRCONF(NETDEV_CHANGE): eth0: link becomes ready
[   22.552205] broken atomic modeset userspace detected, disabling atomic
[   25.452843] broken atomic modeset userspace detected, disabling atomic
[   28.083565] broken atomic modeset userspace detected, disabling atomic