[    0.000000] Booting Linux on physical CPU 0x0000000000 [0x410fd034]
[    0.000000] Linux version 5.10.0-98103-g2aa7ac113716 (jenkins@romlxbuild1.adlk.analog.com) (aarch64-xilinx-linux-gcc.real (GCC) 10.2.0, GNU ld (GNU Binutils) 2.35.0.20200730) #5577 SMP Wed Mar 23 07:28:49 GMT 2022
[    0.000000] Machine model: ZynqMP ZCU102 Rev1.0
[    0.000000] earlycon: cdns0 at MMIO 0x00000000ff000000 (options '115200n8')
[    0.000000] printk: bootconsole [cdns0] enabled
[    0.000000] efi: UEFI not found.
[    0.000000] cma: Reserved 256 MiB at 0x0000000070000000
[    0.000000] Zone ranges:
[    0.000000]   DMA      [mem 0x0000000000000000-0x000000003fffffff]
[    0.000000]   DMA32    [mem 0x0000000040000000-0x00000000ffffffff]
[    0.000000]   Normal   [mem 0x0000000100000000-0x000000087fffffff]
[    0.000000] Movable zone start for each node
[    0.000000] Early memory node ranges
[    0.000000]   node   0: [mem 0x0000000000000000-0x000000007fffffff]
[    0.000000]   node   0: [mem 0x0000000800000000-0x000000087fffffff]
[    0.000000] Initmem setup node 0 [mem 0x0000000000000000-0x000000087fffffff]
[    0.000000] On node 0 totalpages: 1048576
[    0.000000]   DMA zone: 3584 pages used for memmap
[    0.000000]   DMA zone: 0 pages reserved
[    0.000000]   DMA zone: 262144 pages, LIFO batch:63
[    0.000000]   DMA32 zone: 3584 pages used for memmap
[    0.000000]   DMA32 zone: 262144 pages, LIFO batch:63
[    0.000000]   Normal zone: 7168 pages used for memmap
[    0.000000]   Normal zone: 524288 pages, LIFO batch:63
[    0.000000] psci: probing for conduit method from DT.
[    0.000000] psci: PSCIv1.1 detected in firmware.
[    0.000000] psci: Using standard PSCI v0.2 function IDs
[    0.000000] psci: MIGRATE_INFO_TYPE not supported.
[    0.000000] psci: SMC Calling Convention v1.2
[    0.000000] percpu: Embedded 22 pages/cpu s49496 r8192 d32424 u90112
[    0.000000] pcpu-alloc: s49496 r8192 d32424 u90112 alloc=22*4096
[    0.000000] pcpu-alloc: [0] 0 [0] 1 [0] 2 [0] 3 
[    0.000000] Detected VIPT I-cache on CPU0
[    0.000000] CPU features: detected: ARM erratum 845719
[    0.000000] Built 1 zonelists, mobility grouping on.  Total pages: 1034240
[    0.000000] Kernel command line: console=ttyPS0,115200 root=/dev/mmcblk0p2 rw earlycon rootfstype=ext4 rootwait clk_ignore_unused cpuidle.off=1 root=/dev/mmcblk0p2 rw rootwait
[    0.000000] Dentry cache hash table entries: 524288 (order: 10, 4194304 bytes, linear)
[    0.000000] Inode-cache hash table entries: 262144 (order: 9, 2097152 bytes, linear)
[    0.000000] mem auto-init: stack:off, heap alloc:off, heap free:off
[    0.000000] software IO TLB: mapped [mem 0x000000003bfff000-0x000000003ffff000] (64MB)
[    0.000000] Memory: 3761904K/4194304K available (15296K kernel code, 1636K rwdata, 11876K rodata, 2560K init, 507K bss, 170256K reserved, 262144K cma-reserved)
[    0.000000] rcu: Hierarchical RCU implementation.
[    0.000000] rcu: 	RCU event tracing is enabled.
[    0.000000] rcu: 	RCU restricting CPUs from NR_CPUS=8 to nr_cpu_ids=4.
[    0.000000] rcu: RCU calculated value of scheduler-enlistment delay is 25 jiffies.
[    0.000000] rcu: Adjusting geometry for rcu_fanout_leaf=16, nr_cpu_ids=4
[    0.000000] NR_IRQS: 64, nr_irqs: 64, preallocated irqs: 0
[    0.000000] GIC: Adjusting CPU interface base to 0x00000000f902f000
[    0.000000] GIC: Using split EOI/Deactivate mode
[    0.000000] random: get_random_bytes called from start_kernel+0x31c/0x54c with crng_init=0
[    0.000000] arch_timer: cp15 timer(s) running at 100.00MHz (phys).
[    0.000000] clocksource: arch_sys_counter: mask: 0xffffffffffffff max_cycles: 0x171024e7e0, max_idle_ns: 440795205315 ns
[    0.000003] sched_clock: 56 bits at 100MHz, resolution 10ns, wraps every 4398046511100ns
[    0.008462] Console: colour dummy device 80x25
[    0.012483] Calibrating delay loop (skipped), value calculated using timer frequency.. 200.00 BogoMIPS (lpj=400000)
[    0.022840] pid_max: default: 32768 minimum: 301
[    0.027548] Mount-cache hash table entries: 8192 (order: 4, 65536 bytes, linear)
[    0.034789] Mountpoint-cache hash table entries: 8192 (order: 4, 65536 bytes, linear)
[    0.043398] rcu: Hierarchical SRCU implementation.
[    0.047560] EFI services will not be available.
[    0.051939] smp: Bringing up secondary CPUs ...
[    0.056658] Detected VIPT I-cache on CPU1
[    0.056696] CPU1: Booted secondary processor 0x0000000001 [0x410fd034]
[    0.057060] Detected VIPT I-cache on CPU2
[    0.057085] CPU2: Booted secondary processor 0x0000000002 [0x410fd034]
[    0.057424] Detected VIPT I-cache on CPU3
[    0.057447] CPU3: Booted secondary processor 0x0000000003 [0x410fd034]
[    0.057493] smp: Brought up 1 node, 4 CPUs
[    0.091780] SMP: Total of 4 processors activated.
[    0.096452] CPU features: detected: 32-bit EL0 Support
[    0.101556] CPU features: detected: CRC32 instructions
[    0.106696] CPU: All CPU(s) started at EL2
[    0.110736] alternatives: patching kernel code
[    0.116170] devtmpfs: initialized
[    0.124062] Registered cp15_barrier emulation handler
[    0.124113] Registered setend emulation handler
[    0.128090] clocksource: jiffies: mask: 0xffffffff max_cycles: 0xffffffff, max_idle_ns: 7645041785100000 ns
[    0.137670] futex hash table entries: 1024 (order: 4, 65536 bytes, linear)
[    0.151023] pinctrl core: initialized pinctrl subsystem
[    0.151673] NET: Registered protocol family 16
[    0.156094] DMA: preallocated 512 KiB GFP_KERNEL pool for atomic allocations
[    0.162109] DMA: preallocated 512 KiB GFP_KERNEL|GFP_DMA pool for atomic allocations
[    0.169833] DMA: preallocated 512 KiB GFP_KERNEL|GFP_DMA32 pool for atomic allocations
[    0.177637] audit: initializing netlink subsys (disabled)
[    0.183090] audit: type=2000 audit(0.116:1): state=initialized audit_enabled=0 res=1
[    0.183432] hw-breakpoint: found 6 breakpoint and 4 watchpoint registers.
[    0.197463] ASID allocator initialised with 65536 entries
[    0.224352] HugeTLB registered 1.00 GiB page size, pre-allocated 0 pages
[    0.225412] HugeTLB registered 32.0 MiB page size, pre-allocated 0 pages
[    0.232083] HugeTLB registered 2.00 MiB page size, pre-allocated 0 pages
[    0.238746] HugeTLB registered 64.0 KiB page size, pre-allocated 0 pages
[    1.304334] DRBG: Continuing without Jitter RNG
[    1.382145] raid6: neonx8   gen()  2145 MB/s
[    1.450190] raid6: neonx8   xor()  1599 MB/s
[    1.518243] raid6: neonx4   gen()  2197 MB/s
[    1.586296] raid6: neonx4   xor()  1565 MB/s
[    1.654364] raid6: neonx2   gen()  2076 MB/s
[    1.722414] raid6: neonx2   xor()  1437 MB/s
[    1.790480] raid6: neonx1   gen()  1772 MB/s
[    1.858522] raid6: neonx1   xor()  1220 MB/s
[    1.926586] raid6: int64x8  gen()  1438 MB/s
[    1.994638] raid6: int64x8  xor()   771 MB/s
[    2.062713] raid6: int64x4  gen()  1599 MB/s
[    2.130756] raid6: int64x4  xor()   817 MB/s
[    2.198828] raid6: int64x2  gen()  1397 MB/s
[    2.266874] raid6: int64x2  xor()   750 MB/s
[    2.334953] raid6: int64x1  gen()  1034 MB/s
[    2.403012] raid6: int64x1  xor()   517 MB/s
[    2.403050] raid6: using algorithm neonx4 gen() 2197 MB/s
[    2.407004] raid6: .... xor() 1565 MB/s, rmw enabled
[    2.411935] raid6: using neon recovery algorithm
[    2.416947] iommu: Default domain type: Translated 
[    2.421559] SCSI subsystem initialized
[    2.425104] libata version 3.00 loaded.
[    2.425228] usbcore: registered new interface driver usbfs
[    2.430561] usbcore: registered new interface driver hub
[    2.435835] usbcore: registered new device driver usb
[    2.440966] mc: Linux media interface: v0.10
[    2.445084] videodev: Linux video capture interface: v2.00
[    2.450574] EDAC MC: Ver: 3.0.0
[    2.454016] zynqmp-ipi-mbox mailbox@ff990400: Registered ZynqMP IPI mbox with TX/RX channels.
[    2.462525] jesd204: created con: id=0, topo=0, link=0, /axi/spi@ff050000/hmc7044@0 <-> /fpga-axi@0/axi-adxcvr-tx@84b60000
[    2.473103] jesd204: created con: id=1, topo=0, link=2, /axi/spi@ff050000/hmc7044@0 <-> /fpga-axi@0/axi-adxcvr-rx@84a60000
[    2.484087] jesd204: created con: id=2, topo=0, link=0, /fpga-axi@0/axi-adxcvr-tx@84b60000 <-> /fpga-axi@0/axi-jesd204-tx@84b90000
[    2.495763] jesd204: created con: id=3, topo=0, link=2, /fpga-axi@0/axi-adxcvr-rx@84a60000 <-> /fpga-axi@0/axi-jesd204-rx@84a90000
[    2.507440] jesd204: created con: id=4, topo=0, link=0, /fpga-axi@0/axi-jesd204-tx@84b90000 <-> /fpga-axi@0/axi-ad9081-tx-hpc@84b10000
[    2.519468] jesd204: created con: id=5, topo=0, link=2, /fpga-axi@0/axi-jesd204-rx@84a90000 <-> /fpga-axi@0/axi-ad9081-rx-hpc@84a10000
[    2.531490] jesd204: created con: id=6, topo=0, link=2, /fpga-axi@0/axi-ad9081-rx-hpc@84a10000 <-> /axi/spi@ff040000/ad9081@0
[    2.542732] jesd204: created con: id=7, topo=0, link=0, /fpga-axi@0/axi-ad9081-tx-hpc@84b10000 <-> /axi/spi@ff040000/ad9081@0
[    2.553982] jesd204: /axi/spi@ff040000/ad9081@0: JESD204[2] transition uninitialized -> initialized
[    2.562968] jesd204: /axi/spi@ff040000/ad9081@0: JESD204[0] transition uninitialized -> initialized
[    2.571960] jesd204: found 8 devices and 1 topologies
[    2.577004] FPGA manager framework
[    2.580483] Advanced Linux Sound Architecture Driver Initialized.
[    2.586775] Bluetooth: Core ver 2.22
[    2.589963] NET: Registered protocol family 31
[    2.594364] Bluetooth: HCI device and connection manager initialized
[    2.600681] Bluetooth: HCI socket layer initialized
[    2.605523] Bluetooth: L2CAP socket layer initialized
[    2.610547] Bluetooth: SCO socket layer initialized
[    2.615727] clocksource: Switched to clocksource arch_sys_counter
[    2.621540] VFS: Disk quotas dquot_6.6.0
[    2.625375] VFS: Dquot-cache hash table entries: 512 (order 0, 4096 bytes)
[    2.636089] NET: Registered protocol family 2
[    2.636820] tcp_listen_portaddr_hash hash table entries: 2048 (order: 3, 32768 bytes, linear)
[    2.645014] TCP established hash table entries: 32768 (order: 6, 262144 bytes, linear)
[    2.653039] TCP bind hash table entries: 32768 (order: 7, 524288 bytes, linear)
[    2.660486] TCP: Hash tables configured (established 32768 bind 32768)
[    2.666661] UDP hash table entries: 2048 (order: 4, 65536 bytes, linear)
[    2.673325] UDP-Lite hash table entries: 2048 (order: 4, 65536 bytes, linear)
[    2.680485] NET: Registered protocol family 1
[    2.684942] RPC: Registered named UNIX socket transport module.
[    2.690562] RPC: Registered udp transport module.
[    2.695226] RPC: Registered tcp transport module.
[    2.699896] RPC: Registered tcp NFSv4.1 backchannel transport module.
[    2.706889] PCI: CLS 0 bytes, default 64
[    2.710594] hw perfevents: no interrupt-affinity property for /pmu, guessing.
[    2.717448] hw perfevents: enabled with armv8_pmuv3 PMU driver, 7 counters available
[    2.725804] Initialise system trusted keyrings
[    2.729478] workingset: timestamp_bits=62 max_order=20 bucket_order=0
[    2.736377] NFS: Registering the id_resolver key type
[    2.740827] Key type id_resolver registered
[    2.744964] Key type id_legacy registered
[    2.748953] nfs4filelayout_init: NFSv4 File Layout Driver Registering...
[    2.755619] jffs2: version 2.2. (NAND) (SUMMARY)  Â© 2001-2006 Red Hat, Inc.
[    2.798788] NET: Registered protocol family 38
[    2.798830] xor: measuring software checksum speed
[    2.806522]    8regs           :  2363 MB/sec
[    2.810191]    32regs          :  2799 MB/sec
[    2.815134]    arm64_neon      :  2380 MB/sec
[    2.815323] xor: using function: 32regs (2799 MB/sec)
[    2.820349] Key type asymmetric registered
[    2.824411] Asymmetric key parser 'x509' registered
[    2.829272] Block layer SCSI generic (bsg) driver version 0.4 loaded (major 248)
[    2.836609] io scheduler mq-deadline registered
[    2.841105] io scheduler kyber registered
[    2.870506] Serial: 8250/16550 driver, 4 ports, IRQ sharing disabled
[    2.875136] cacheinfo: Unable to detect cache hierarchy for CPU 0
[    2.881471] brd: module loaded
[    2.885614] loop: module loaded
[    2.886157] Registered mathworks_ip class
[    2.889509] libphy: Fixed MDIO Bus: probed
[    2.892489] tun: Universal TUN/TAP device driver, 1.6
[    2.896553] CAN device driver interface
[    2.901086] usbcore: registered new interface driver asix
[    2.905687] usbcore: registered new interface driver ax88179_178a
[    2.911717] usbcore: registered new interface driver cdc_ether
[    2.917511] usbcore: registered new interface driver net1080
[    2.923137] usbcore: registered new interface driver cdc_subset
[    2.929018] usbcore: registered new interface driver zaurus
[    2.934561] usbcore: registered new interface driver cdc_ncm
[    2.940962] ehci_hcd: USB 2.0 'Enhanced' Host Controller (EHCI) Driver
[    2.946647] ehci-pci: EHCI PCI platform driver
[    2.951443] usbcore: registered new interface driver uas
[    2.956362] usbcore: registered new interface driver usb-storage
[    2.962351] usbcore: registered new interface driver usbserial_generic
[    2.968801] usbserial: USB Serial support registered for generic
[    2.974774] usbcore: registered new interface driver ftdi_sio
[    2.980477] usbserial: USB Serial support registered for FTDI USB Serial Device
[    2.987754] usbcore: registered new interface driver upd78f0730
[    2.993625] usbserial: USB Serial support registered for upd78f0730
[    3.001280] rtc_zynqmp ffa60000.rtc: registered as rtc0
[    3.005051] rtc_zynqmp ffa60000.rtc: setting system clock to 2022-03-26T03:10:57 UTC (1648264257)
[    3.013913] i2c /dev entries driver
[    3.019220] usbcore: registered new interface driver uvcvideo
[    3.023026] USB Video Class driver (1.1.1)
[    3.028606] Bluetooth: HCI UART driver ver 2.3
[    3.031497] Bluetooth: HCI UART protocol H4 registered
[    3.036607] Bluetooth: HCI UART protocol BCSP registered
[    3.041895] Bluetooth: HCI UART protocol LL registered
[    3.046984] Bluetooth: HCI UART protocol ATH3K registered
[    3.052358] Bluetooth: HCI UART protocol Three-wire (H5) registered
[    3.058614] Bluetooth: HCI UART protocol Intel registered
[    3.063952] Bluetooth: HCI UART protocol QCA registered
[    3.069152] usbcore: registered new interface driver bcm203x
[    3.074773] usbcore: registered new interface driver bpa10x
[    3.080308] usbcore: registered new interface driver bfusb
[    3.085759] usbcore: registered new interface driver btusb
[    3.091222] usbcore: registered new interface driver ath3k
[    3.096706] EDAC MC: ECC not enabled
[    3.100330] EDAC DEVICE0: Giving out device to module zynqmp-ocm-edac controller zynqmp_ocm: DEV ff960000.memory-controller (INTERRUPT)
[    3.112643] sdhci: Secure Digital Host Controller Interface driver
[    3.118433] sdhci: Copyright(c) Pierre Ossman
[    3.122758] sdhci-pltfm: SDHCI platform and OF driver helper
[    3.128811] ledtrig-cpu: registered to indicate activity on CPUs
[    3.134362] SMCCC: SOC_ID: ARCH_SOC_ID not implemented, skipping ....
[    3.140789] zynqmp_firmware_probe Platform Management API v1.1
[    3.146549] zynqmp_firmware_probe Trustzone version v1.0
[    3.186085] zynqmp-pinctrl firmware:zynqmp-firmware:pinctrl: zynqmp pinctrl initialized
[    3.234085] zynqmp-aes firmware:zynqmp-firmware:zynqmp-aes: will run requests pump with realtime priority
[    3.249918] alg: No test for xilinx-keccak-384 (zynqmp-keccak-384)
[    3.250630] alg: No test for xilinx-zynqmp-rsa (zynqmp-rsa)
[    3.256142] usbcore: registered new interface driver usbhid
[    3.261534] usbhid: USB HID core driver
[    3.272770] axi_sysid 85000000.axi-sysid-0: AXI System ID core version (1.01.a) found
[    3.275122] axi_sysid 85000000.axi-sysid-0: [ad9081_fmca_ebz] on [zcu102] git branch <master> git <084d44c9780640ca93fd847b1d9ec70dd65f5c67> clean [2022-03-18 04:17:50] UTC
[    3.290809] fpga_manager fpga0: Xilinx ZynqMP FPGA Manager registered
[    3.297166] usbcore: registered new interface driver snd-usb-audio
[    3.304616] pktgen: Packet Generator for packet performance testing. Version: 2.75
[    3.310796] Initializing XFRM netlink socket
[    3.314652] NET: Registered protocol family 10
[    3.319370] Segment Routing with IPv6
[    3.322753] sit: IPv6, IPv4 and MPLS over IPv4 tunneling driver
[    3.328819] NET: Registered protocol family 17
[    3.332926] NET: Registered protocol family 15
[    3.337422] can: controller area network core
[    3.341676] NET: Registered protocol family 29
[    3.346064] can: raw protocol
[    3.349000] can: broadcast manager protocol
[    3.353155] can: netlink gateway - max_hops=1
[    3.357549] Bluetooth: RFCOMM TTY layer initialized
[    3.362328] Bluetooth: RFCOMM socket layer initialized
[    3.367439] Bluetooth: RFCOMM ver 1.11
[    3.371147] Bluetooth: BNEP (Ethernet Emulation) ver 1.3
[    3.376419] Bluetooth: BNEP filters: protocol multicast
[    3.381613] Bluetooth: BNEP socket layer initialized
[    3.386540] Bluetooth: HIDP (Human Interface Emulation) ver 1.2
[    3.392423] Bluetooth: HIDP socket layer initialized
[    3.397479] 9pnet: Installing 9P2000 support
[    3.401601] NET: Registered protocol family 36
[    3.406017] Key type dns_resolver registered
[    3.410446] registered taskstats version 1
[    3.414314] Loading compiled-in X.509 certificates
[    3.419429] Btrfs loaded, crc32c=crc32c-generic
[    3.431846] ff000000.serial: ttyPS0 at MMIO 0xff000000 (irq = 49, base_baud = 6249999) is a xuartps
[    3.440865] printk: console [ttyPS0] enabled
[    3.445161] printk: bootconsole [cdns0] disabled
[    3.454791] ff010000.serial: ttyPS1 at MMIO 0xff010000 (irq = 50, base_baud = 6249999) is a xuartps
[    3.468044] of-fpga-region fpga-full: FPGA Region probed
[    3.474989] nwl-pcie fd0e0000.pcie: host bridge /axi/pcie@fd0e0000 ranges:
[    3.481882] nwl-pcie fd0e0000.pcie:      MEM 0x00e0000000..0x00efffffff -> 0x00e0000000
[    3.489889] nwl-pcie fd0e0000.pcie:      MEM 0x0600000000..0x07ffffffff -> 0x0600000000
[    3.497954] nwl-pcie fd0e0000.pcie: Link is DOWN
[    3.502710] nwl-pcie fd0e0000.pcie: PCI host bridge to bus 0000:00
[    3.508889] pci_bus 0000:00: root bus resource [bus 00-ff]
[    3.514370] pci_bus 0000:00: root bus resource [mem 0xe0000000-0xefffffff]
[    3.521240] pci_bus 0000:00: root bus resource [mem 0x600000000-0x7ffffffff pref]
[    3.528745] pci 0000:00:00.0: [10ee:d021] type 01 class 0x060400
[    3.534800] pci 0000:00:00.0: PME# supported from D0 D1 D2 D3hot
[    3.545250] pci 0000:00:00.0: PCI bridge to [bus 01-0c]
[    3.551227] xilinx-zynqmp-dma fd500000.dma: ZynqMP DMA driver Probe success
[    3.558406] xilinx-zynqmp-dma fd510000.dma: ZynqMP DMA driver Probe success
[    3.565583] xilinx-zynqmp-dma fd520000.dma: ZynqMP DMA driver Probe success
[    3.572751] xilinx-zynqmp-dma fd530000.dma: ZynqMP DMA driver Probe success
[    3.579922] xilinx-zynqmp-dma fd540000.dma: ZynqMP DMA driver Probe success
[    3.587086] xilinx-zynqmp-dma fd550000.dma: ZynqMP DMA driver Probe success
[    3.594257] xilinx-zynqmp-dma fd560000.dma: ZynqMP DMA driver Probe success
[    3.601427] xilinx-zynqmp-dma fd570000.dma: ZynqMP DMA driver Probe success
[    3.608821] xilinx-zynqmp-dpdma fd4c0000.dma-controller: Xilinx DPDMA engine is probed
[    3.617375] ahci-ceva fd0c0000.ahci: supply ahci not found, using dummy regulator
[    3.624912] ahci-ceva fd0c0000.ahci: supply phy not found, using dummy regulator
[    3.715901] hmc7044 spi2.0: PLL1: Acquisition, CLKIN0 @ 122880000 Hz, PFD: 80 kHz - PLL2: Locked @ 3056.000000 MHz
[    3.726621] jesd204: /axi/spi@ff050000/hmc7044@0,jesd204:1,parent=spi2.0: Using as SYSREF provider
[    3.736206] spi-nor spi0.0: SPI-NOR-UniqueID 100000235394732200270025081115266e
[    3.743518] spi-nor spi0.0: found n25q512a, expected m25p80
[    3.749714] spi-nor spi0.0: trying to lock already unlocked area
[    3.755725] spi-nor spi0.0: n25q512a (131072 Kbytes)
[    3.760704] 4 fixed-partitions partitions found on MTD device spi0.0
[    3.767051] Creating 4 MTD partitions on "spi0.0":
[    3.771837] 0x000000000000-0x000000100000 : "qspi-fsbl-uboot"
[    3.778328] 0x000000100000-0x000000600000 : "qspi-linux"
[    3.784287] 0x000000600000-0x000000620000 : "qspi-device-tree"
[    3.790762] 0x000000620000-0x000000c00000 : "qspi-rootfs"
[    3.799234] macb ff0e0000.ethernet: Not enabling partial store and forward
[    3.806763] libphy: MACB_mii_bus: probed
[    3.811847] macb ff0e0000.ethernet eth0: Cadence GEM rev 0x50070106 at 0xff0e0000 irq 30 (00:0a:35:04:8e:1b)
[    3.822059] xilinx-axipmon ffa00000.perf-monitor: Probed Xilinx APM
[    3.828632] xilinx-axipmon fd0b0000.perf-monitor: Probed Xilinx APM
[    3.835153] xilinx-axipmon fd490000.perf-monitor: Probed Xilinx APM
[    3.841694] xilinx-axipmon ffa10000.perf-monitor: Probed Xilinx APM
[    3.851687] pca953x 0-0020: supply vcc not found, using dummy regulator
[    3.858373] pca953x 0-0020: using no AI
[    3.862860] gpio-496 (sel0): hogged as output/low
[    3.867760] gpio-497 (sel1): hogged as output/high
[    3.872742] gpio-498 (sel2): hogged as output/high
[    3.877725] gpio-499 (sel3): hogged as output/high
[    3.882899] pca953x 0-0021: supply vcc not found, using dummy regulator
[    3.889571] pca953x 0-0021: using no AI
[    3.895334] ina2xx 2-0040: power monitor ina226 (Rshunt = 5000 uOhm)
[    3.902362] ina2xx 2-0041: power monitor ina226 (Rshunt = 5000 uOhm)
[    3.909395] ina2xx 2-0042: power monitor ina226 (Rshunt = 5000 uOhm)
[    3.916422] ina2xx 2-0043: power monitor ina226 (Rshunt = 5000 uOhm)
[    3.923447] ina2xx 2-0044: power monitor ina226 (Rshunt = 5000 uOhm)
[    3.930468] ina2xx 2-0045: power monitor ina226 (Rshunt = 5000 uOhm)
[    3.937498] ina2xx 2-0046: power monitor ina226 (Rshunt = 5000 uOhm)
[    3.944576] ina2xx 2-0047: power monitor ina226 (Rshunt = 5000 uOhm)
[    3.951600] ina2xx 2-004a: power monitor ina226 (Rshunt = 5000 uOhm)
[    3.958642] ina2xx 2-004b: power monitor ina226 (Rshunt = 5000 uOhm)
[    3.965053] i2c i2c-0: Added multiplexed i2c bus 2
[    3.970439] random: fast init done
[    3.973911] ina2xx 3-0040: power monitor ina226 (Rshunt = 2000 uOhm)
[    3.980938] ina2xx 3-0041: power monitor ina226 (Rshunt = 5000 uOhm)
[    3.987965] ina2xx 3-0042: power monitor ina226 (Rshunt = 5000 uOhm)
[    3.994998] ina2xx 3-0043: power monitor ina226 (Rshunt = 5000 uOhm)
[    4.002023] ina2xx 3-0044: power monitor ina226 (Rshunt = 5000 uOhm)
[    4.009055] ina2xx 3-0045: power monitor ina226 (Rshunt = 5000 uOhm)
[    4.016092] ina2xx 3-0046: power monitor ina226 (Rshunt = 5000 uOhm)
[    4.023117] ina2xx 3-0047: power monitor ina226 (Rshunt = 5000 uOhm)
[    4.029519] i2c i2c-0: Added multiplexed i2c bus 3
[    4.085694] i2c i2c-0: Added multiplexed i2c bus 4
[    4.090635] i2c i2c-0: Added multiplexed i2c bus 5
[    4.095422] pca954x 0-0075: registered 4 multiplexed busses for I2C mux pca9544
[    4.102772] cdns-i2c ff020000.i2c: 400 kHz mmio ff020000 irq 32
[    4.110502] at24 6-0054: supply vcc not found, using dummy regulator
[    4.117400] at24 6-0054: 1024 byte 24c08 EEPROM, writable, 1 bytes/write
[    4.124152] i2c i2c-1: Added multiplexed i2c bus 6
[    4.130584] si5341 7-0036: Chip: 5341 Grade: 1 Rev: 1
[    4.168251] i2c i2c-1: Added multiplexed i2c bus 7
[    4.175902] si570 8-005d: registered, current frequency 300000000 Hz
[    4.182306] i2c i2c-1: Added multiplexed i2c bus 8
[    4.202084] si570 9-005d: registered, current frequency 148500000 Hz
[    4.208486] i2c i2c-1: Added multiplexed i2c bus 9
[    4.213524] si5324 10-0069: si5328 probed
[    4.280097] si5324 10-0069: si5328 probe successful
[    4.285028] i2c i2c-1: Added multiplexed i2c bus 10
[    4.290056] i2c i2c-1: Added multiplexed i2c bus 11
[    4.295083] i2c i2c-1: Added multiplexed i2c bus 12
[    4.300103] i2c i2c-1: Added multiplexed i2c bus 13
[    4.304983] pca954x 1-0074: registered 8 multiplexed busses for I2C switch pca9548
[    4.313096] at24 14-0050: supply vcc not found, using dummy regulator
[    4.319881] at24 14-0050: 256 byte 24c02 EEPROM, writable, 1 bytes/write
[    4.326628] i2c i2c-1: Added multiplexed i2c bus 14
[    4.331669] i2c i2c-1: Added multiplexed i2c bus 15
[    4.336699] i2c i2c-1: Added multiplexed i2c bus 16
[    4.341737] i2c i2c-1: Added multiplexed i2c bus 17
[    4.346768] i2c i2c-1: Added multiplexed i2c bus 18
[    4.351818] i2c i2c-1: Added multiplexed i2c bus 19
[    4.356854] i2c i2c-1: Added multiplexed i2c bus 20
[    4.361894] i2c i2c-1: Added multiplexed i2c bus 21
[    4.366767] pca954x 1-0075: registered 8 multiplexed busses for I2C switch pca9548
[    4.374376] cdns-i2c ff030000.i2c: 400 kHz mmio ff030000 irq 33
[    4.384124] cdns-wdt fd4d0000.watchdog: Xilinx Watchdog Timer with timeout 60s
[    4.395058] axi_adxcvr 84a60000.axi-adxcvr-rx: AXI-ADXCVR-RX (17.05.a) using CPLL on GTH4 at 0x84A60000. Number of lanes: 4.
[    4.407238] axi_adxcvr 84b60000.axi-adxcvr-tx: AXI-ADXCVR-TX (17.05.a) using QPLL on GTH4 at 0x84B60000. Number of lanes: 4.
[    4.418859] axi-jesd204-rx 84a90000.axi-jesd204-rx: AXI-JESD204-RX (1.07.a) at 0x84A90000. Encoder 8b10b, width 4/4, lanes 4, jesd204-fsm.
[    4.426135] mmc0: SDHCI controller on ff170000.mmc [ff170000.mmc] using ADMA 64-bit
[    4.431704] axi-jesd204-tx 84b90000.axi-jesd204-tx: AXI-JESD204-TX (1.06.a) at 0x84B90000. Encoder 8b10b, width 4/4, lanes 4, jesd204-fsm.
[    4.452424] zynqmp-display fd4a0000.display: vtc bridge property not present
[    4.462081] xilinx-dp-snd-codec fd4a0000.display:zynqmp_dp_snd_codec0: Failed to get required clock freq
[    4.471589] xilinx-dp-snd-codec: probe of fd4a0000.display:zynqmp_dp_snd_codec0 failed with error -22
[    4.473514] mmc0: new high speed SDHC card at address 0001
[    4.481127] xilinx-dp-snd-pcm zynqmp_dp_snd_pcm0: Xilinx DisplayPort Sound PCM probed
[    4.486643] mmcblk0: mmc0:0001 EB1QT 29.8 GiB 
[    4.494444] xilinx-dp-snd-pcm zynqmp_dp_snd_pcm1: Xilinx DisplayPort Sound PCM probed
[    4.499834]  mmcblk0: p1 p2 p3
[    4.506745] OF: graph: no port node found in /axi/display@fd4a0000
[    4.515819] xlnx-drm xlnx-drm.0: bound fd4a0000.display (ops 0xffffffc010fcbdb8)
[    5.599748] zynqmp-display fd4a0000.display: [drm] Cannot find any crtc or sizes
[    5.607359] [drm] Initialized xlnx 1.0.0 20130509 for fd4a0000.display on minor 0
[    5.614849] zynqmp-display fd4a0000.display: ZynqMP DisplayPort Subsystem driver probed
[    5.623175] ahci-ceva fd0c0000.ahci: supply ahci not found, using dummy regulator
[    5.630720] ahci-ceva fd0c0000.ahci: supply phy not found, using dummy regulator
[    5.638170] ahci-ceva fd0c0000.ahci: supply target not found, using dummy regulator
[    5.646011] ahci-ceva fd0c0000.ahci: AHCI 0001.0301 32 slots 2 ports 6 Gbps 0x3 impl platform mode
[    5.654965] ahci-ceva fd0c0000.ahci: flags: 64bit ncq sntf pm clo only pmp fbs pio slum part ccc sds apst 
[    5.665658] scsi host0: ahci-ceva
[    5.669258] scsi host1: ahci-ceva
[    5.672685] ata1: SATA max UDMA/133 mmio [mem 0xfd0c0000-0xfd0c1fff] port 0x100 irq 45
[    5.680595] ata2: SATA max UDMA/133 mmio [mem 0xfd0c0000-0xfd0c1fff] port 0x180 irq 45
[    5.689191] ad9081 spi1.0: supply vdd not found, using dummy regulator
[    6.001984] ata1: SATA link down (SStatus 0 SControl 330)
[    6.007403] ata2: SATA link down (SStatus 0 SControl 330)
[    6.683751] zynqmp-display fd4a0000.display: [drm] Cannot find any crtc or sizes
[    7.527975] ad9081 spi1.0: AD9081 Rev. 2 Grade 10 (API 1.2.2) probed
[    7.535167] xhci-hcd xhci-hcd.1.auto: xHCI Host Controller
[    7.540666] xhci-hcd xhci-hcd.1.auto: new USB bus registered, assigned bus number 1
[    7.548412] xhci-hcd xhci-hcd.1.auto: hcc params 0x0238f625 hci version 0x100 quirks 0x0000000002010810
[    7.557832] xhci-hcd xhci-hcd.1.auto: irq 59, io mem 0xfe200000
[    7.563943] usb usb1: New USB device found, idVendor=1d6b, idProduct=0002, bcdDevice= 5.10
[    7.572203] usb usb1: New USB device strings: Mfr=3, Product=2, SerialNumber=1
[    7.579423] usb usb1: Product: xHCI Host Controller
[    7.584291] usb usb1: Manufacturer: Linux 5.10.0-98103-g2aa7ac113716 xhci-hcd
[    7.591415] usb usb1: SerialNumber: xhci-hcd.1.auto
[    7.596584] hub 1-0:1.0: USB hub found
[    7.600344] hub 1-0:1.0: 1 port detected
[    7.604448] xhci-hcd xhci-hcd.1.auto: xHCI Host Controller
[    7.609930] xhci-hcd xhci-hcd.1.auto: new USB bus registered, assigned bus number 2
[    7.617583] xhci-hcd xhci-hcd.1.auto: Host supports USB 3.0 SuperSpeed
[    7.624205] usb usb2: New USB device found, idVendor=1d6b, idProduct=0003, bcdDevice= 5.10
[    7.632468] usb usb2: New USB device strings: Mfr=3, Product=2, SerialNumber=1
[    7.639686] usb usb2: Product: xHCI Host Controller
[    7.644557] usb usb2: Manufacturer: Linux 5.10.0-98103-g2aa7ac113716 xhci-hcd
[    7.651686] usb usb2: SerialNumber: xhci-hcd.1.auto
[    7.656800] hub 2-0:1.0: USB hub found
[    7.660561] hub 2-0:1.0: 1 port detected
[    7.690636] cf_axi_adc 84a10000.axi-ad9081-rx-hpc: ADI AIM (10.01.b) at 0x84A10000 mapped to 0x(____ptrval____), probed ADC AD9081 as MASTER
[    7.720574] cf_axi_dds 84b10000.axi-ad9081-tx-hpc: Analog Devices CF_AXI_DDS_DDS MASTER (9.01.b) at 0x84B10000 mapped to 0x(____ptrval____), probed DDS AD9081
[    7.734773] jesd204: /axi/spi@ff040000/ad9081@0,jesd204:0,parent=spi1.0: JESD204[2] transition initialized -> probed
[    7.745295] jesd204: /axi/spi@ff040000/ad9081@0,jesd204:0,parent=spi1.0: JESD204[0] transition initialized -> probed
[    7.755819] jesd204: /axi/spi@ff040000/ad9081@0,jesd204:0,parent=spi1.0: JESD204[2] transition probed -> idle
[    7.765725] jesd204: /axi/spi@ff040000/ad9081@0,jesd204:0,parent=spi1.0: JESD204[0] transition probed -> idle
[    7.775642] jesd204: /axi/spi@ff040000/ad9081@0,jesd204:0,parent=spi1.0: JESD204[2] transition idle -> device_init
[    7.785985] jesd204: /axi/spi@ff040000/ad9081@0,jesd204:0,parent=spi1.0: JESD204[0] transition idle -> device_init
[    7.796339] jesd204: /axi/spi@ff040000/ad9081@0,jesd204:0,parent=spi1.0: JESD204[2] transition device_init -> link_init
[    7.807122] jesd204: /axi/spi@ff040000/ad9081@0,jesd204:0,parent=spi1.0: JESD204[0] transition device_init -> link_init
[    7.817913] jesd204: /axi/spi@ff040000/ad9081@0,jesd204:0,parent=spi1.0: JESD204[2] transition link_init -> link_supported
[    7.828950] jesd204: /axi/spi@ff040000/ad9081@0,jesd204:0,parent=spi1.0: JESD204[0] transition link_init -> link_supported
[    7.840371] hmc7044 spi2.0: hmc7044_jesd204_link_pre_setup: Link2 forcing continuous SYSREF mode
[    7.849316] axi-jesd204-rx 84a90000.axi-jesd204-rx: axi_jesd204_rx_jesd204_link_pre_setup: Link2 set lane rate 15280000 kHz failed (-22)
[    7.861573] jesd204: /fpga-axi@0/axi-jesd204-rx@84a90000,jesd204:4,parent=84a90000.axi-jesd204-rx: JESD204[2] In link_pre_setup got error from cb: -22
[    7.875042] jesd204: /axi/spi@ff040000/ad9081@0,jesd204:0,parent=spi1.0: Rolling back from 'link_supported', got error -22
[    7.886084] jesd204: /axi/spi@ff040000/ad9081@0,jesd204:0,parent=spi1.0: JESD204[0] transition link_supported -> link_pre_setup
[    7.897557] jesd204: /axi/spi@ff040000/ad9081@0,jesd204:0,parent=spi1.0: JESD204[2] transition link_supported -> link_pre_setup
[    7.909040] jesd204: /axi/spi@ff040000/ad9081@0,jesd204:0,parent=spi1.0: JESD204[0] transition link_pre_setup -> link_supported
[    7.920516] jesd204: /axi/spi@ff040000/ad9081@0,jesd204:0,parent=spi1.0: JESD204[2] transition link_pre_setup -> link_supported
[    7.931993] jesd204: /axi/spi@ff040000/ad9081@0,jesd204:0,parent=spi1.0: JESD204[0] transition link_supported -> link_init
[    7.943031] jesd204: /axi/spi@ff040000/ad9081@0,jesd204:0,parent=spi1.0: JESD204[2] transition link_supported -> link_init
[    7.954078] jesd204: /axi/spi@ff040000/ad9081@0,jesd204:0,parent=spi1.0: JESD204[0] transition link_init -> device_init
[    7.964858] jesd204: /axi/spi@ff040000/ad9081@0,jesd204:0,parent=spi1.0: JESD204[2] transition link_init -> device_init
[    7.975637] jesd204: /axi/spi@ff040000/ad9081@0,jesd204:0,parent=spi1.0: JESD204[0] transition device_init -> idle
[    7.985980] jesd204: /axi/spi@ff040000/ad9081@0,jesd204:0,parent=spi1.0: JESD204[2] transition device_init -> idle
[    7.996331] jesd204: /axi/spi@ff040000/ad9081@0,jesd204:0,parent=spi1.0: JESD204[2] transition idle -> idle
[    8.006065] jesd204: /axi/spi@ff040000/ad9081@0,jesd204:0,parent=spi1.0: JESD204[0] transition idle -> idle
[    8.015807] jesd204: /axi/spi@ff040000/ad9081@0,jesd204:0,parent=spi1.0: JESD204[2] transition idle -> device_init
[    8.026152] jesd204: /axi/spi@ff040000/ad9081@0,jesd204:0,parent=spi1.0: JESD204[0] transition idle -> device_init
[    8.036501] jesd204: /axi/spi@ff040000/ad9081@0,jesd204:0,parent=spi1.0: JESD204[2] transition device_init -> link_init
[    8.047278] jesd204: /axi/spi@ff040000/ad9081@0,jesd204:0,parent=spi1.0: JESD204[0] transition device_init -> link_init
[    8.058066] jesd204: /axi/spi@ff040000/ad9081@0,jesd204:0,parent=spi1.0: JESD204[2] transition link_init -> link_supported
[    8.069113] jesd204: /axi/spi@ff040000/ad9081@0,jesd204:0,parent=spi1.0: JESD204[0] transition link_init -> link_supported
[    8.080334] axi-jesd204-rx 84a90000.axi-jesd204-rx: axi_jesd204_rx_jesd204_link_pre_setup: Link2 set lane rate 15280000 kHz failed (-22)
[    8.092592] jesd204: /fpga-axi@0/axi-jesd204-rx@84a90000,jesd204:4,parent=84a90000.axi-jesd204-rx: JESD204[2] In link_pre_setup got error from cb: -22
[    8.106061] jesd204: /axi/spi@ff040000/ad9081@0,jesd204:0,parent=spi1.0: Rolling back from 'link_supported', got error -22
[    8.117104] jesd204: /axi/spi@ff040000/ad9081@0,jesd204:0,parent=spi1.0: JESD204[0] transition link_supported -> link_pre_setup
[    8.128575] jesd204: /axi/spi@ff040000/ad9081@0,jesd204:0,parent=spi1.0: JESD204[2] transition link_supported -> link_pre_setup
[    8.140053] jesd204: /axi/spi@ff040000/ad9081@0,jesd204:0,parent=spi1.0: JESD204[0] transition link_pre_setup -> link_supported
[    8.151527] jesd204: /axi/spi@ff040000/ad9081@0,jesd204:0,parent=spi1.0: JESD204[2] transition link_pre_setup -> link_supported
[    8.163002] jesd204: /axi/spi@ff040000/ad9081@0,jesd204:0,parent=spi1.0: JESD204[0] transition link_supported -> link_init
[    8.174040] jesd204: /axi/spi@ff040000/ad9081@0,jesd204:0,parent=spi1.0: JESD204[2] transition link_supported -> link_init
[    8.185087] jesd204: /axi/spi@ff040000/ad9081@0,jesd204:0,parent=spi1.0: JESD204[0] transition link_init -> device_init
[    8.195862] jesd204: /axi/spi@ff040000/ad9081@0,jesd204:0,parent=spi1.0: JESD204[2] transition link_init -> device_init
[    8.206646] jesd204: /axi/spi@ff040000/ad9081@0,jesd204:0,parent=spi1.0: JESD204[0] transition device_init -> idle
[    8.216993] jesd204: /axi/spi@ff040000/ad9081@0,jesd204:0,parent=spi1.0: JESD204[2] transition device_init -> idle
[    8.227341] jesd204: /axi/spi@ff040000/ad9081@0,jesd204:0,parent=spi1.0: JESD204[2] transition idle -> idle
[    8.237075] jesd204: /axi/spi@ff040000/ad9081@0,jesd204:0,parent=spi1.0: JESD204[0] transition idle -> idle
[    8.246817] jesd204: /axi/spi@ff040000/ad9081@0,jesd204:0,parent=spi1.0: JESD204[2] transition idle -> device_init
[    8.257160] jesd204: /axi/spi@ff040000/ad9081@0,jesd204:0,parent=spi1.0: JESD204[0] transition idle -> device_init
[    8.267510] jesd204: /axi/spi@ff040000/ad9081@0,jesd204:0,parent=spi1.0: JESD204[2] transition device_init -> link_init
[    8.278288] jesd204: /axi/spi@ff040000/ad9081@0,jesd204:0,parent=spi1.0: JESD204[0] transition device_init -> link_init
[    8.289076] jesd204: /axi/spi@ff040000/ad9081@0,jesd204:0,parent=spi1.0: JESD204[2] transition link_init -> link_supported
[    8.300117] jesd204: /axi/spi@ff040000/ad9081@0,jesd204:0,parent=spi1.0: JESD204[0] transition link_init -> link_supported
[    8.311305] axi-jesd204-rx 84a90000.axi-jesd204-rx: axi_jesd204_rx_jesd204_link_pre_setup: Link2 set lane rate 15280000 kHz failed (-22)
[    8.323565] jesd204: /fpga-axi@0/axi-jesd204-rx@84a90000,jesd204:4,parent=84a90000.axi-jesd204-rx: JESD204[2] In link_pre_setup got error from cb: -22
[    8.337035] jesd204: /axi/spi@ff040000/ad9081@0,jesd204:0,parent=spi1.0: Rolling back from 'link_supported', got error -22
[    8.348081] jesd204: /axi/spi@ff040000/ad9081@0,jesd204:0,parent=spi1.0: JESD204[0] transition link_supported -> link_pre_setup
[    8.359550] jesd204: /axi/spi@ff040000/ad9081@0,jesd204:0,parent=spi1.0: JESD204[2] transition link_supported -> link_pre_setup
[    8.371030] jesd204: /axi/spi@ff040000/ad9081@0,jesd204:0,parent=spi1.0: JESD204[0] transition link_pre_setup -> link_supported
[    8.382499] jesd204: /axi/spi@ff040000/ad9081@0,jesd204:0,parent=spi1.0: JESD204[2] transition link_pre_setup -> link_supported
[    8.393977] jesd204: /axi/spi@ff040000/ad9081@0,jesd204:0,parent=spi1.0: JESD204[0] transition link_supported -> link_init
[    8.405015] jesd204: /axi/spi@ff040000/ad9081@0,jesd204:0,parent=spi1.0: JESD204[2] transition link_supported -> link_init
[    8.416062] jesd204: /axi/spi@ff040000/ad9081@0,jesd204:0,parent=spi1.0: JESD204[0] transition link_init -> device_init
[    8.426837] jesd204: /axi/spi@ff040000/ad9081@0,jesd204:0,parent=spi1.0: JESD204[2] transition link_init -> device_init
[    8.437620] jesd204: /axi/spi@ff040000/ad9081@0,jesd204:0,parent=spi1.0: JESD204[0] transition device_init -> idle
[    8.447966] jesd204: /axi/spi@ff040000/ad9081@0,jesd204:0,parent=spi1.0: JESD204[2] transition device_init -> idle
[    8.458315] jesd204: /axi/spi@ff040000/ad9081@0,jesd204:0,parent=spi1.0: JESD204[2] transition idle -> idle
[    8.468050] jesd204: /axi/spi@ff040000/ad9081@0,jesd204:0,parent=spi1.0: JESD204[0] transition idle -> idle
[    8.477795] jesd204: /axi/spi@ff040000/ad9081@0,jesd204:0,parent=spi1.0: JESD204[2] transition idle -> device_init
[    8.488145] jesd204: /axi/spi@ff040000/ad9081@0,jesd204:0,parent=spi1.0: JESD204[0] transition idle -> device_init
[    8.498494] jesd204: /axi/spi@ff040000/ad9081@0,jesd204:0,parent=spi1.0: JESD204[2] transition device_init -> link_init
[    8.509270] jesd204: /axi/spi@ff040000/ad9081@0,jesd204:0,parent=spi1.0: JESD204[0] transition device_init -> link_init
[    8.520059] jesd204: /axi/spi@ff040000/ad9081@0,jesd204:0,parent=spi1.0: JESD204[2] transition link_init -> link_supported
[    8.531102] jesd204: /axi/spi@ff040000/ad9081@0,jesd204:0,parent=spi1.0: JESD204[0] transition link_init -> link_supported
[    8.542289] axi-jesd204-rx 84a90000.axi-jesd204-rx: axi_jesd204_rx_jesd204_link_pre_setup: Link2 set lane rate 15280000 kHz failed (-22)
[    8.554548] jesd204: /fpga-axi@0/axi-jesd204-rx@84a90000,jesd204:4,parent=84a90000.axi-jesd204-rx: JESD204[2] In link_pre_setup got error from cb: -22
[    8.568019] jesd204: /axi/spi@ff040000/ad9081@0,jesd204:0,parent=spi1.0: Rolling back from 'link_supported', got error -22
[    8.579061] jesd204: /axi/spi@ff040000/ad9081@0,jesd204:0,parent=spi1.0: JESD204[0] transition link_supported -> link_pre_setup
[    8.590533] jesd204: /axi/spi@ff040000/ad9081@0,jesd204:0,parent=spi1.0: JESD204[2] transition link_supported -> link_pre_setup
[    8.602015] jesd204: /axi/spi@ff040000/ad9081@0,jesd204:0,parent=spi1.0: JESD204[0] transition link_pre_setup -> link_supported
[    8.613491] jesd204: /axi/spi@ff040000/ad9081@0,jesd204:0,parent=spi1.0: JESD204[2] transition link_pre_setup -> link_supported
[    8.624970] jesd204: /axi/spi@ff040000/ad9081@0,jesd204:0,parent=spi1.0: JESD204[0] transition link_supported -> link_init
[    8.636008] jesd204: /axi/spi@ff040000/ad9081@0,jesd204:0,parent=spi1.0: JESD204[2] transition link_supported -> link_init
[    8.647054] jesd204: /axi/spi@ff040000/ad9081@0,jesd204:0,parent=spi1.0: JESD204[0] transition link_init -> device_init
[    8.657829] jesd204: /axi/spi@ff040000/ad9081@0,jesd204:0,parent=spi1.0: JESD204[2] transition link_init -> device_init
[    8.668612] jesd204: /axi/spi@ff040000/ad9081@0,jesd204:0,parent=spi1.0: JESD204[0] transition device_init -> idle
[    8.678956] jesd204: /axi/spi@ff040000/ad9081@0,jesd204:0,parent=spi1.0: JESD204[2] transition device_init -> idle
[    8.689302] jesd204: /axi/spi@ff040000/ad9081@0,jesd204:0,parent=spi1.0: FSM completed with error -22
[    8.707750] input: gpio-keys as /devices/platform/gpio-keys/input/input0
[    8.714760] of_cfs_init
[    8.717228] of_cfs_init: OK
[    8.720166] cfg80211: Loading compiled-in X.509 certificates for regulatory database
[    8.858403] cfg80211: Loaded X.509 cert 'sforshee: 00b28ddf47aef9cea7'
[    8.864927] clk: Not disabling unused clocks
[    8.869458] ALSA device list:
[    8.872419]   No soundcards found.
[    8.876093] platform regulatory.0: Direct firmware load for regulatory.db failed with error -2
[    8.884700] cfg80211: failed to load regulatory.db
[    8.899774] EXT4-fs (mmcblk0p2): mounted filesystem with ordered data mode. Opts: (null)
[    8.907893] VFS: Mounted root (ext4 filesystem) on device 179:2.
[    8.921775] devtmpfs: mounted
[    8.925592] Freeing unused kernel memory: 2560K
[    8.947779] Run /sbin/init as init process
[    8.951872]   with arguments:
[    8.951874]     /sbin/init
[    8.951876]   with environment:
[    8.951879]     HOME=/
[    8.951881]     TERM=linux
[    9.541958] systemd[1]: systemd 241 running in system mode. (+PAM +AUDIT +SELINUX +IMA +APPARMOR +SMACK +SYSVINIT +UTMP +LIBCRYPTSETUP +GCRYPT +GNUTLS +ACL +XZ +LZ4 +SECCOMP +BLKID +ELFUTILS +KMOD -IDN2 +IDN -PCRE2 default-hierarchy=hybrid)
[    9.563876] systemd[1]: Detected architecture arm64.
[    9.588496] systemd[1]: Set hostname to <analog>.
[    9.777844] systemd[1]: File /lib/systemd/system/systemd-journald.service:12 configures an IP firewall (IPAddressDeny=any), but the local system does not support BPF/cgroup based firewalling.
[    9.794901] systemd[1]: Proceeding WITHOUT firewalling in effect! (This warning is only shown for the first loaded unit using IP firewalling.)
[    9.962106] systemd[1]: /etc/systemd/system/tof-server.service:1: Assignment outside of section. Ignoring.
[    9.971829] systemd[1]: /etc/systemd/system/tof-server.service:2: Assignment outside of section. Ignoring.
[   10.159505] random: systemd: uninitialized urandom read (16 bytes read)
[   10.174465] random: systemd: uninitialized urandom read (16 bytes read)
[   10.181635] systemd[1]: Listening on Journal Socket.
[   10.195880] systemd[1]: Condition check resulted in Kernel Module supporting RPCSEC_GSS being skipped.
[   10.205236] random: systemd: uninitialized urandom read (16 bytes read)
[   10.212097] systemd[1]: Listening on Syslog Socket.
[   10.787534] ------------[ cut here ]------------
[   10.787542] Enabling unprepared \xa0\xe9Q\x88\xff\xff\xffpQ\x88\xff\xff\xff
[   10.787586] WARNING: CPU: 3 PID: 126 at drivers/clk/clk.c:1012 clk_core_enable+0xa4/0xc0
[   10.787589] Modules linked in:
[   10.787599] CPU: 3 PID: 126 Comm: kworker/3:1H Not tainted 5.10.0-98103-g2aa7ac113716 #5577
[   10.787606] Hardware name: ZynqMP ZCU102 Rev1.0 (DT)
[   10.787615] Workqueue: kblockd blk_mq_run_work_fn
[   10.787622] pstate: 80000085 (Nzcv daIf -PAN -UAO -TCO BTYPE=--)
[   10.787628] pc : clk_core_enable+0xa4/0xc0
[   10.787633] lr : clk_core_enable+0xa4/0xc0
[   10.787636] sp : ffffffc012b2b2d0
[   10.787639] x29: ffffffc012b2b2d0 x28: ffffff8800330c10 
[   10.787646] x27: ffffff8800330d48 x26: 0000005000000101 
[   10.787653] x25: 000000027d0b0ce6 x24: 0000000000000001 
[   10.787659] x23: ffffff88010e9380 x22: ffffff8801083220 
[   10.787666] x21: ffffff8801517000 x20: ffffff8801517008 
[   10.787672] x19: ffffff8801517008 x18: 0000000000000030 
[   10.787679] x17: 0000000000000003 x16: 0000aba5bbfcfc78 
[   10.787685] x15: ffffffffffff9c68 x14: ffffffc011d3b1a0 
[   10.787691] x13: ffffffc011d3b1c8 x12: 0000000000000672 
[   10.787698] x11: 0000000000000226 x10: ffffffc011d671c8 
[   10.787704] x9 : 00000000fffff800 x8 : ffffffc011d3b1c8 
[   10.787710] x7 : ffffffc011d671c8 x6 : 0000000000000001 
[   10.787717] x5 : ffffff887f7a89e0 x4 : 0000000000000000 
[   10.787723] x3 : 0000000000000027 x2 : 0000000000000023 
[   10.787730] x1 : 03263a02aaf20c00 x0 : 0000000000000000 
[   10.787737] Call trace:
[   10.787743]  clk_core_enable+0xa4/0xc0
[   10.787752]  clk_enable+0x2c/0x60
[   10.787759]  zynqmp_runtime_resume+0x24/0x84
[   10.787765]  pm_generic_runtime_resume+0x30/0x50
[   10.787771]  __genpd_runtime_resume+0x30/0xb0
[   10.787777]  genpd_runtime_resume+0x90/0x250
[   10.787783]  __rpm_callback+0x10c/0x1e0
[   10.787788]  rpm_callback+0x5c/0x84
[   10.787793]  rpm_resume+0x4a4/0x74c
[   10.787798]  __pm_runtime_resume+0x78/0xc4
[   10.787803]  spi_mem_access_start.isra.0+0x30/0x80
[   10.787807]  spi_mem_exec_op+0x3b0/0x424
[   10.787812]  spi_nor_read_sr+0x78/0xe0
[   10.787816]  spi_nor_wait_till_ready_with_timeout+0xb4/0x2f0
[   10.787822]  spi_nor_read+0x188/0x380
[   10.787827]  mtd_read_oob_std+0x78/0x84
[   10.787831]  mtd_read_oob+0x7c/0x134
[   10.787836]  mtd_read+0x48/0x7c
[   10.787841]  mtdblock_readsect+0x6c/0x150
[   10.787846]  mtd_queue_rq+0x2cc/0x5a0
[   10.787852]  blk_mq_dispatch_rq_list+0x110/0x790
[   10.787858]  __blk_mq_do_dispatch_sched+0x200/0x274
[   10.787867]  __blk_mq_sched_dispatch_requests+0x1a8/0x1fc
[   10.787872]  blk_mq_sched_dispatch_requests+0x3c/0x7c
[   10.787877]  __blk_mq_run_hw_queue+0x98/0x100
[   10.787882]  blk_mq_run_work_fn+0x24/0x30
[   10.787887]  process_one_work+0x1d4/0x380
[   10.787891]  worker_thread+0x78/0x4e0
[   10.787897]  kthread+0x124/0x130
[   10.787902]  ret_from_fork+0x10/0x3c
[   10.787906] ---[ end trace d32257984f1bb25e ]---
[   10.787961] zynqmp-qspi ff0f0000.spi: Cannot enable APB clock.
[   10.788011] spi_master spi0: Failed to power device: -108
[   10.788021] blk_update_request: I/O error, dev mtdblock0, sector 8 op 0x0:(READ) flags 0x80700 phys_seg 1 prio class 0
[   10.788118] spi_master spi0: Failed to power device: -22
[   10.788125] blk_update_request: I/O error, dev mtdblock0, sector 8 op 0x0:(READ) flags 0x0 phys_seg 8 prio class 0
[   10.788130] Buffer I/O error on dev mtdblock0, logical block 8, async page read
[   10.788140] spi_master spi0: Failed to power device: -22
[   10.788146] blk_update_request: I/O error, dev mtdblock0, sector 9 op 0x0:(READ) flags 0x0 phys_seg 7 prio class 0
[   10.788150] Buffer I/O error on dev mtdblock0, logical block 9, async page read
[   10.788157] spi_master spi0: Failed to power device: -22
[   10.788162] blk_update_request: I/O error, dev mtdblock0, sector 10 op 0x0:(READ) flags 0x0 phys_seg 6 prio class 0
[   10.788166] Buffer I/O error on dev mtdblock0, logical block 10, async page read
[   10.788173] spi_master spi0: Failed to power device: -22
[   10.788179] blk_update_request: I/O error, dev mtdblock0, sector 11 op 0x0:(READ) flags 0x0 phys_seg 5 prio class 0
[   10.788182] Buffer I/O error on dev mtdblock0, logical block 11, async page read
[   10.788189] spi_master spi0: Failed to power device: -22
[   10.788195] blk_update_request: I/O error, dev mtdblock0, sector 12 op 0x0:(READ) flags 0x0 phys_seg 4 prio class 0
[   10.788199] Buffer I/O error on dev mtdblock0, logical block 12, async page read
[   10.788206] spi_master spi0: Failed to power device: -22
[   10.788211] blk_update_request: I/O error, dev mtdblock0, sector 13 op 0x0:(READ) flags 0x0 phys_seg 3 prio class 0
[   10.788215] Buffer I/O error on dev mtdblock0, logical block 13, async page read
[   10.788221] spi_master spi0: Failed to power device: -22
[   10.788227] blk_update_request: I/O error, dev mtdblock0, sector 14 op 0x0:(READ) flags 0x0 phys_seg 2 prio class 0
[   10.788231] Buffer I/O error on dev mtdblock0, logical block 14, async page read
[   10.788238] spi_master spi0: Failed to power device: -22
[   10.788243] blk_update_request: I/O error, dev mtdblock0, sector 15 op 0x0:(READ) flags 0x0 phys_seg 1 prio class 0
[   10.788247] Buffer I/O error on dev mtdblock0, logical block 15, async page read
[   10.788563] spi_master spi0: Failed to power device: -22
[   10.788570] blk_update_request: I/O error, dev mtdblock1, sector 10112 op 0x0:(READ) flags 0x80700 phys_seg 1 prio class 0
[   10.788614] spi_master spi0: Failed to power device: -22
[   10.788620] Buffer I/O error on dev mtdblock1, logical block 10112, async page read
[   10.788632] spi_master spi0: Failed to power device: -22
[   10.788636] Buffer I/O error on dev mtdblock1, logical block 10113, async page read
[   10.788643] spi_master spi0: Failed to power device: -22
[   10.788651] spi_master spi0: Failed to power device: -22
[   10.788658] spi_master spi0: Failed to power device: -22
[   10.788666] spi_master spi0: Failed to power device: -22
[   10.788673] spi_master spi0: Failed to power device: -22
[   10.788680] spi_master spi0: Failed to power device: -22
[   10.788948] spi_master spi0: Failed to power device: -22
[   10.788993] spi_master spi0: Failed to power device: -22
[   10.789003] spi_master spi0: Failed to power device: -22
[   10.789010] spi_master spi0: Failed to power device: -22
[   10.789018] spi_master spi0: Failed to power device: -22
[   10.789025] spi_master spi0: Failed to power device: -22
[   10.789032] spi_master spi0: Failed to power device: -22
[   10.789039] spi_master spi0: Failed to power device: -22
[   10.789046] spi_master spi0: Failed to power device: -22
[   10.789306] spi_master spi0: Failed to power device: -22
[   10.789352] spi_master spi0: Failed to power device: -22
[   10.789361] spi_master spi0: Failed to power device: -22
[   10.789369] spi_master spi0: Failed to power device: -22
[   10.789376] spi_master spi0: Failed to power device: -22
[   10.789384] spi_master spi0: Failed to power device: -22
[   10.789391] spi_master spi0: Failed to power device: -22
[   10.789398] spi_master spi0: Failed to power device: -22
[   10.789406] spi_master spi0: Failed to power device: -22
[   10.918274] EXT4-fs (mmcblk0p2): re-mounted. Opts: (null)
[   10.999804] systemd-journald[169]: Received request to flush runtime journal from PID 1
[   16.949835] macb ff0e0000.ethernet eth0: PHY [ff0e0000.ethernet-ffffffff:0c] driver [TI DP83867] (irq=POLL)
[   16.949848] macb ff0e0000.ethernet eth0: configuring for phy/rgmii-id link mode
[   17.243833] Adding 70652k swap on /var/swap.  Priority:-2 extents:2 across:87672k SS
[   19.099757] random: crng init done
[   19.099769] random: 7 urandom warning(s) missed due to ratelimiting
[   19.890890] broken atomic modeset userspace detected, disabling atomic
[   20.033348] macb ff0e0000.ethernet eth0: Link is Up - 1Gbps/Full - flow control off
[   20.033372] IPv6: ADDRCONF(NETDEV_CHANGE): eth0: link becomes ready
[   22.571474] broken atomic modeset userspace detected, disabling atomic
[   25.668010] broken atomic modeset userspace detected, disabling atomic
[   28.305132] broken atomic modeset userspace detected, disabling atomic