[    0.000000] Zone ranges:
[    0.000000]   DMA      [mem 0x0000000000000000-0x000000003fffffff]
[    0.000000]   DMA32    [mem 0x0000000040000000-0x00000000ffffffff]
[    0.000000]   Normal   [mem 0x0000000100000000-0x000000087fffffff]
[    0.000000] Movable zone start for each node
[    0.000000] Early memory node ranges
[    0.000000]   node   0: [mem 0x0000000000000000-0x000000007fffffff]
[    0.000000]   node   0: [mem 0x0000000800000000-0x000000087fffffff]
[    0.000000] Initmem setup node 0 [mem 0x0000000000000000-0x000000087fffffff]
[    0.000000] On node 0 totalpages: 1048576
[    0.000000]   DMA zone: 3584 pages used for memmap
[    0.000000]   DMA zone: 0 pages reserved
[    0.000000]   DMA zone: 262144 pages, LIFO batch:63
[    0.000000]   DMA32 zone: 3584 pages used for memmap
[    0.000000]   DMA32 zone: 262144 pages, LIFO batch:63
[    0.000000]   Normal zone: 7168 pages used for memmap
[    0.000000]   Normal zone: 524288 pages, LIFO batch:63
[    0.000000] psci: probing for conduit method from DT.
[    0.000000] psci: PSCIv1.1 detected in firmware.
[    0.000000] psci: Using standard PSCI v0.2 function IDs
[    0.000000] psci: MIGRATE_INFO_TYPE not supported.
[    0.000000] psci: SMC Calling Convention v1.2
[    0.000000] percpu: Embedded 22 pages/cpu s49496 r8192 d32424 u90112
[    0.000000] pcpu-alloc: s49496 r8192 d32424 u90112 alloc=22*4096
[    0.000000] pcpu-alloc: [0] 0 [0] 1 [0] 2 [0] 3 
[    0.000000] Detected VIPT I-cache on CPU0
[    0.000000] CPU features: detected: ARM erratum 845719
[    0.000000] Built 1 zonelists, mobility grouping on.  Total pages: 1034240
[    0.000000] Kernel command line: console=ttyPS0,115200 root=/dev/mmcblk0p2 rw earlycon rootfstype=ext4 rootwait clk_ignore_unused cpuidle.off=1 root=/dev/mmcblk0p2 rw rootwait
[    0.000000] Dentry cache hash table entries: 524288 (order: 10, 4194304 bytes, linear)
[    0.000000] Inode-cache hash table entries: 262144 (order: 9, 2097152 bytes, linear)
[    0.000000] mem auto-init: stack:off, heap alloc:off, heap free:off
[    0.000000] software IO TLB: mapped [mem 0x000000003bfff000-0x000000003ffff000] (64MB)
[    0.000000] Memory: 3761904K/4194304K available (15296K kernel code, 1636K rwdata, 11876K rodata, 2560K init, 507K bss, 170256K reserved, 262144K cma-reserved)
[    0.000000] rcu: Hierarchical RCU implementation.
[    0.000000] rcu: 	RCU event tracing is enabled.
[    0.000000] rcu: 	RCU restricting CPUs from NR_CPUS=8 to nr_cpu_ids=4.
[    0.000000] rcu: RCU calculated value of scheduler-enlistment delay is 25 jiffies.
[    0.000000] rcu: Adjusting geometry for rcu_fanout_leaf=16, nr_cpu_ids=4
[    0.000000] NR_IRQS: 64, nr_irqs: 64, preallocated irqs: 0
[    0.000000] GIC: Adjusting CPU interface base to 0x00000000f902f000
[    0.000000] GIC: Using split EOI/Deactivate mode
[    0.000000] random: get_random_bytes called from start_kernel+0x31c/0x54c with crng_init=0
[    0.000000] arch_timer: cp15 timer(s) running at 100.00MHz (phys).
[    0.000000] clocksource: arch_sys_counter: mask: 0xffffffffffffff max_cycles: 0x171024e7e0, max_idle_ns: 440795205315 ns
[    0.000003] sched_clock: 56 bits at 100MHz, resolution 10ns, wraps every 4398046511100ns
[    0.008462] Console: colour dummy device 80x25
[    0.012483] Calibrating delay loop (skipped), value calculated using timer frequency.. 200.00 BogoMIPS (lpj=400000)
[    0.022841] pid_max: default: 32768 minimum: 301
[    0.027550] Mount-cache hash table entries: 8192 (order: 4, 65536 bytes, linear)
[    0.034789] Mountpoint-cache hash table entries: 8192 (order: 4, 65536 bytes, linear)
[    0.043398] rcu: Hierarchical SRCU implementation.
[    0.047561] EFI services will not be available.
[    0.051938] smp: Bringing up secondary CPUs ...
[    0.056655] Detected VIPT I-cache on CPU1
[    0.056693] CPU1: Booted secondary processor 0x0000000001 [0x410fd034]
[    0.057058] Detected VIPT I-cache on CPU2
[    0.057083] CPU2: Booted secondary processor 0x0000000002 [0x410fd034]
[    0.057422] Detected VIPT I-cache on CPU3
[    0.057445] CPU3: Booted secondary processor 0x0000000003 [0x410fd034]
[    0.057491] smp: Brought up 1 node, 4 CPUs
[    0.091780] SMP: Total of 4 processors activated.
[    0.096452] CPU features: detected: 32-bit EL0 Support
[    0.101556] CPU features: detected: CRC32 instructions
[    0.106696] CPU: All CPU(s) started at EL2
[    0.110737] alternatives: patching kernel code
[    0.116169] devtmpfs: initialized
[    0.124067] Registered cp15_barrier emulation handler
[    0.124117] Registered setend emulation handler
[    0.128101] clocksource: jiffies: mask: 0xffffffff max_cycles: 0xffffffff, max_idle_ns: 7645041785100000 ns
[    0.137679] futex hash table entries: 1024 (order: 4, 65536 bytes, linear)
[    0.151041] pinctrl core: initialized pinctrl subsystem
[    0.151687] NET: Registered protocol family 16
[    0.156111] DMA: preallocated 512 KiB GFP_KERNEL pool for atomic allocations
[    0.162125] DMA: preallocated 512 KiB GFP_KERNEL|GFP_DMA pool for atomic allocations
[    0.169851] DMA: preallocated 512 KiB GFP_KERNEL|GFP_DMA32 pool for atomic allocations
[    0.177654] audit: initializing netlink subsys (disabled)
[    0.183105] audit: type=2000 audit(0.116:1): state=initialized audit_enabled=0 res=1
[    0.183450] hw-breakpoint: found 6 breakpoint and 4 watchpoint registers.
[    0.197481] ASID allocator initialised with 65536 entries
[    0.224384] HugeTLB registered 1.00 GiB page size, pre-allocated 0 pages
[    0.225438] HugeTLB registered 32.0 MiB page size, pre-allocated 0 pages
[    0.232108] HugeTLB registered 2.00 MiB page size, pre-allocated 0 pages
[    0.238772] HugeTLB registered 64.0 KiB page size, pre-allocated 0 pages
[    1.304361] DRBG: Continuing without Jitter RNG
[    1.382165] raid6: neonx8   gen()  2140 MB/s
[    1.450212] raid6: neonx8   xor()  1599 MB/s
[    1.518273] raid6: neonx4   gen()  2195 MB/s
[    1.586323] raid6: neonx4   xor()  1568 MB/s
[    1.654394] raid6: neonx2   gen()  2075 MB/s
[    1.722432] raid6: neonx2   xor()  1438 MB/s
[    1.790502] raid6: neonx1   gen()  1772 MB/s
[    1.858548] raid6: neonx1   xor()  1220 MB/s
[    1.926611] raid6: int64x8  gen()  1438 MB/s
[    1.994662] raid6: int64x8  xor()   771 MB/s
[    2.062729] raid6: int64x4  gen()  1598 MB/s
[    2.130780] raid6: int64x4  xor()   818 MB/s
[    2.198855] raid6: int64x2  gen()  1397 MB/s
[    2.266898] raid6: int64x2  xor()   750 MB/s
[    2.334990] raid6: int64x1  gen()  1034 MB/s
[    2.403037] raid6: int64x1  xor()   517 MB/s
[    2.403074] raid6: using algorithm neonx4 gen() 2195 MB/s
[    2.407030] raid6: .... xor() 1568 MB/s, rmw enabled
[    2.411961] raid6: using neon recovery algorithm
[    2.416976] iommu: Default domain type: Translated 
[    2.421585] SCSI subsystem initialized
[    2.425130] libata version 3.00 loaded.
[    2.425255] usbcore: registered new interface driver usbfs
[    2.430584] usbcore: registered new interface driver hub
[    2.435859] usbcore: registered new device driver usb
[    2.440992] mc: Linux media interface: v0.10
[    2.445109] videodev: Linux video capture interface: v2.00
[    2.450600] EDAC MC: Ver: 3.0.0
[    2.454039] zynqmp-ipi-mbox mailbox@ff990400: Registered ZynqMP IPI mbox with TX/RX channels.
[    2.462549] jesd204: created con: id=0, topo=0, link=0, /axi/spi@ff050000/hmc7044@0 <-> /fpga-axi@0/axi-adxcvr-tx@84b60000
[    2.473129] jesd204: created con: id=1, topo=0, link=2, /axi/spi@ff050000/hmc7044@0 <-> /fpga-axi@0/axi-adxcvr-rx@84a60000
[    2.484114] jesd204: created con: id=2, topo=0, link=0, /fpga-axi@0/axi-adxcvr-tx@84b60000 <-> /fpga-axi@0/axi-jesd204-tx@84b90000
[    2.495789] jesd204: created con: id=3, topo=0, link=2, /fpga-axi@0/axi-adxcvr-rx@84a60000 <-> /fpga-axi@0/axi-jesd204-rx@84a90000
[    2.507467] jesd204: created con: id=4, topo=0, link=0, /fpga-axi@0/axi-jesd204-tx@84b90000 <-> /fpga-axi@0/axi-ad9081-tx-hpc@84b10000
[    2.519494] jesd204: created con: id=5, topo=0, link=2, /fpga-axi@0/axi-jesd204-rx@84a90000 <-> /fpga-axi@0/axi-ad9081-rx-hpc@84a10000
[    2.531516] jesd204: created con: id=6, topo=0, link=2, /fpga-axi@0/axi-ad9081-rx-hpc@84a10000 <-> /axi/spi@ff040000/ad9081@0
[    2.542758] jesd204: created con: id=7, topo=0, link=0, /fpga-axi@0/axi-ad9081-tx-hpc@84b10000 <-> /axi/spi@ff040000/ad9081@0
[    2.554008] jesd204: /axi/spi@ff040000/ad9081@0: JESD204[2] transition uninitialized -> initialized
[    2.562995] jesd204: /axi/spi@ff040000/ad9081@0: JESD204[0] transition uninitialized -> initialized
[    2.571986] jesd204: found 8 devices and 1 topologies
[    2.577030] FPGA manager framework
[    2.580507] Advanced Linux Sound Architecture Driver Initialized.
[    2.586804] Bluetooth: Core ver 2.22
[    2.589989] NET: Registered protocol family 31
[    2.594390] Bluetooth: HCI device and connection manager initialized
[    2.600707] Bluetooth: HCI socket layer initialized
[    2.605549] Bluetooth: L2CAP socket layer initialized
[    2.610573] Bluetooth: SCO socket layer initialized
[    2.615753] clocksource: Switched to clocksource arch_sys_counter
[    2.621563] VFS: Disk quotas dquot_6.6.0
[    2.625399] VFS: Dquot-cache hash table entries: 512 (order 0, 4096 bytes)
[    2.636119] NET: Registered protocol family 2
[    2.636845] tcp_listen_portaddr_hash hash table entries: 2048 (order: 3, 32768 bytes, linear)
[    2.645040] TCP established hash table entries: 32768 (order: 6, 262144 bytes, linear)
[    2.653065] TCP bind hash table entries: 32768 (order: 7, 524288 bytes, linear)
[    2.660509] TCP: Hash tables configured (established 32768 bind 32768)
[    2.666683] UDP hash table entries: 2048 (order: 4, 65536 bytes, linear)
[    2.673351] UDP-Lite hash table entries: 2048 (order: 4, 65536 bytes, linear)
[    2.680511] NET: Registered protocol family 1
[    2.684969] RPC: Registered named UNIX socket transport module.
[    2.690584] RPC: Registered udp transport module.
[    2.695252] RPC: Registered tcp transport module.
[    2.699920] RPC: Registered tcp NFSv4.1 backchannel transport module.
[    2.706916] PCI: CLS 0 bytes, default 64
[    2.710599] hw perfevents: no interrupt-affinity property for /pmu, guessing.
[    2.717471] hw perfevents: enabled with armv8_pmuv3 PMU driver, 7 counters available
[    2.725823] Initialise system trusted keyrings
[    2.729497] workingset: timestamp_bits=62 max_order=20 bucket_order=0
[    2.736403] NFS: Registering the id_resolver key type
[    2.740849] Key type id_resolver registered
[    2.744988] Key type id_legacy registered
[    2.748979] nfs4filelayout_init: NFSv4 File Layout Driver Registering...
[    2.755645] jffs2: version 2.2. (NAND) (SUMMARY)  Â© 2001-2006 Red Hat, Inc.
[    2.798279] NET: Registered protocol family 38
[    2.798322] xor: measuring software checksum speed
[    2.806012]    8regs           :  2363 MB/sec
[    2.809680]    32regs          :  2799 MB/sec
[    2.814623]    arm64_neon      :  2380 MB/sec
[    2.814813] xor: using function: 32regs (2799 MB/sec)
[    2.819839] Key type asymmetric registered
[    2.823900] Asymmetric key parser 'x509' registered
[    2.828763] Block layer SCSI generic (bsg) driver version 0.4 loaded (major 248)
[    2.836098] io scheduler mq-deadline registered
[    2.840594] io scheduler kyber registered
[    2.869989] Serial: 8250/16550 driver, 4 ports, IRQ sharing disabled
[    2.874633] cacheinfo: Unable to detect cache hierarchy for CPU 0
[    2.880964] brd: module loaded
[    2.885116] loop: module loaded
[    2.885662] Registered mathworks_ip class
[    2.889002] libphy: Fixed MDIO Bus: probed
[    2.891977] tun: Universal TUN/TAP device driver, 1.6
[    2.896042] CAN device driver interface
[    2.900579] usbcore: registered new interface driver asix
[    2.905172] usbcore: registered new interface driver ax88179_178a
[    2.911207] usbcore: registered new interface driver cdc_ether
[    2.917001] usbcore: registered new interface driver net1080
[    2.922627] usbcore: registered new interface driver cdc_subset
[    2.928508] usbcore: registered new interface driver zaurus
[    2.934050] usbcore: registered new interface driver cdc_ncm
[    2.940461] ehci_hcd: USB 2.0 'Enhanced' Host Controller (EHCI) Driver
[    2.946136] ehci-pci: EHCI PCI platform driver
[    2.950934] usbcore: registered new interface driver uas
[    2.955852] usbcore: registered new interface driver usb-storage
[    2.961839] usbcore: registered new interface driver usbserial_generic
[    2.968291] usbserial: USB Serial support registered for generic
[    2.974264] usbcore: registered new interface driver ftdi_sio
[    2.979967] usbserial: USB Serial support registered for FTDI USB Serial Device
[    2.987244] usbcore: registered new interface driver upd78f0730
[    2.993115] usbserial: USB Serial support registered for upd78f0730
[    3.000776] rtc_zynqmp ffa60000.rtc: registered as rtc0
[    3.004540] rtc_zynqmp ffa60000.rtc: setting system clock to 2022-03-26T01:57:27 UTC (1648259847)
[    3.013402] i2c /dev entries driver
[    3.018709] usbcore: registered new interface driver uvcvideo
[    3.022515] USB Video Class driver (1.1.1)
[    3.028100] Bluetooth: HCI UART driver ver 2.3
[    3.030987] Bluetooth: HCI UART protocol H4 registered
[    3.036096] Bluetooth: HCI UART protocol BCSP registered
[    3.041386] Bluetooth: HCI UART protocol LL registered
[    3.046474] Bluetooth: HCI UART protocol ATH3K registered
[    3.051847] Bluetooth: HCI UART protocol Three-wire (H5) registered
[    3.058103] Bluetooth: HCI UART protocol Intel registered
[    3.063440] Bluetooth: HCI UART protocol QCA registered
[    3.068642] usbcore: registered new interface driver bcm203x
[    3.074263] usbcore: registered new interface driver bpa10x
[    3.079799] usbcore: registered new interface driver bfusb
[    3.085250] usbcore: registered new interface driver btusb
[    3.090712] usbcore: registered new interface driver ath3k
[    3.096194] EDAC MC: ECC not enabled
[    3.099823] EDAC DEVICE0: Giving out device to module zynqmp-ocm-edac controller zynqmp_ocm: DEV ff960000.memory-controller (INTERRUPT)
[    3.112142] sdhci: Secure Digital Host Controller Interface driver
[    3.117923] sdhci: Copyright(c) Pierre Ossman
[    3.122248] sdhci-pltfm: SDHCI platform and OF driver helper
[    3.128303] ledtrig-cpu: registered to indicate activity on CPUs
[    3.133852] SMCCC: SOC_ID: ARCH_SOC_ID not implemented, skipping ....
[    3.140282] zynqmp_firmware_probe Platform Management API v1.1
[    3.146039] zynqmp_firmware_probe Trustzone version v1.0
[    3.185577] zynqmp-pinctrl firmware:zynqmp-firmware:pinctrl: zynqmp pinctrl initialized
[    3.233487] zynqmp-aes firmware:zynqmp-firmware:zynqmp-aes: will run requests pump with realtime priority
[    3.249239] alg: No test for xilinx-keccak-384 (zynqmp-keccak-384)
[    3.249946] alg: No test for xilinx-zynqmp-rsa (zynqmp-rsa)
[    3.255459] usbcore: registered new interface driver usbhid
[    3.260849] usbhid: USB HID core driver
[    3.272076] axi_sysid 85000000.axi-sysid-0: AXI System ID core version (1.01.a) found
[    3.274421] axi_sysid 85000000.axi-sysid-0: [ad9081_fmca_ebz] on [zcu102] git branch <master> git <084d44c9780640ca93fd847b1d9ec70dd65f5c67> clean [2022-03-18 04:17:50] UTC
[    3.290113] fpga_manager fpga0: Xilinx ZynqMP FPGA Manager registered
[    3.296471] usbcore: registered new interface driver snd-usb-audio
[    3.303920] pktgen: Packet Generator for packet performance testing. Version: 2.75
[    3.310105] Initializing XFRM netlink socket
[    3.313950] NET: Registered protocol family 10
[    3.318669] Segment Routing with IPv6
[    3.322050] sit: IPv6, IPv4 and MPLS over IPv4 tunneling driver
[    3.328121] NET: Registered protocol family 17
[    3.332224] NET: Registered protocol family 15
[    3.336724] can: controller area network core
[    3.340973] NET: Registered protocol family 29
[    3.345364] can: raw protocol
[    3.348299] can: broadcast manager protocol
[    3.352454] can: netlink gateway - max_hops=1
[    3.356849] Bluetooth: RFCOMM TTY layer initialized
[    3.361628] Bluetooth: RFCOMM socket layer initialized
[    3.366736] Bluetooth: RFCOMM ver 1.11
[    3.370447] Bluetooth: BNEP (Ethernet Emulation) ver 1.3
[    3.375719] Bluetooth: BNEP filters: protocol multicast
[    3.380911] Bluetooth: BNEP socket layer initialized
[    3.385839] Bluetooth: HIDP (Human Interface Emulation) ver 1.2
[    3.391724] Bluetooth: HIDP socket layer initialized
[    3.396776] 9pnet: Installing 9P2000 support
[    3.400900] NET: Registered protocol family 36
[    3.405317] Key type dns_resolver registered
[    3.409750] registered taskstats version 1
[    3.413613] Loading compiled-in X.509 certificates
[    3.418728] Btrfs loaded, crc32c=crc32c-generic
[    3.431121] ff000000.serial: ttyPS0 at MMIO 0xff000000 (irq = 49, base_baud = 6249999) is a xuartps
[    3.440140] printk: console [ttyPS0] enabled
[    3.444434] printk: bootconsole [cdns0] disabled
[    3.454062] ff010000.serial: ttyPS1 at MMIO 0xff010000 (irq = 50, base_baud = 6249999) is a xuartps
[    3.467306] of-fpga-region fpga-full: FPGA Region probed
[    3.474268] nwl-pcie fd0e0000.pcie: host bridge /axi/pcie@fd0e0000 ranges:
[    3.481163] nwl-pcie fd0e0000.pcie:      MEM 0x00e0000000..0x00efffffff -> 0x00e0000000
[    3.489165] nwl-pcie fd0e0000.pcie:      MEM 0x0600000000..0x07ffffffff -> 0x0600000000
[    3.497227] nwl-pcie fd0e0000.pcie: Link is DOWN
[    3.501984] nwl-pcie fd0e0000.pcie: PCI host bridge to bus 0000:00
[    3.508162] pci_bus 0000:00: root bus resource [bus 00-ff]
[    3.513644] pci_bus 0000:00: root bus resource [mem 0xe0000000-0xefffffff]
[    3.520514] pci_bus 0000:00: root bus resource [mem 0x600000000-0x7ffffffff pref]
[    3.528017] pci 0000:00:00.0: [10ee:d021] type 01 class 0x060400
[    3.534073] pci 0000:00:00.0: PME# supported from D0 D1 D2 D3hot
[    3.544511] pci 0000:00:00.0: PCI bridge to [bus 01-0c]
[    3.550493] xilinx-zynqmp-dma fd500000.dma: ZynqMP DMA driver Probe success
[    3.557671] xilinx-zynqmp-dma fd510000.dma: ZynqMP DMA driver Probe success
[    3.564851] xilinx-zynqmp-dma fd520000.dma: ZynqMP DMA driver Probe success
[    3.572022] xilinx-zynqmp-dma fd530000.dma: ZynqMP DMA driver Probe success
[    3.579189] xilinx-zynqmp-dma fd540000.dma: ZynqMP DMA driver Probe success
[    3.586360] xilinx-zynqmp-dma fd550000.dma: ZynqMP DMA driver Probe success
[    3.593531] xilinx-zynqmp-dma fd560000.dma: ZynqMP DMA driver Probe success
[    3.600702] xilinx-zynqmp-dma fd570000.dma: ZynqMP DMA driver Probe success
[    3.608108] xilinx-zynqmp-dpdma fd4c0000.dma-controller: Xilinx DPDMA engine is probed
[    3.616646] ahci-ceva fd0c0000.ahci: supply ahci not found, using dummy regulator
[    3.624191] ahci-ceva fd0c0000.ahci: supply phy not found, using dummy regulator
[    3.711935] hmc7044 spi2.0: PLL1: Acquisition, CLKIN0 @ 122880000 Hz, PFD: 80 kHz - PLL2: Locked @ 2970.000000 MHz
[    3.722649] jesd204: /axi/spi@ff050000/hmc7044@0,jesd204:1,parent=spi2.0: Using as SYSREF provider
[    3.732229] spi-nor spi0.0: SPI-NOR-UniqueID 100000235394732200270025081115266e
[    3.739536] spi-nor spi0.0: found n25q512a, expected m25p80
[    3.745743] spi-nor spi0.0: trying to lock already unlocked area
[    3.751752] spi-nor spi0.0: n25q512a (131072 Kbytes)
[    3.756731] 4 fixed-partitions partitions found on MTD device spi0.0
[    3.763079] Creating 4 MTD partitions on "spi0.0":
[    3.767864] 0x000000000000-0x000000100000 : "qspi-fsbl-uboot"
[    3.774356] 0x000000100000-0x000000600000 : "qspi-linux"
[    3.780307] 0x000000600000-0x000000620000 : "qspi-device-tree"
[    3.786783] 0x000000620000-0x000000c00000 : "qspi-rootfs"
[    3.795257] macb ff0e0000.ethernet: Not enabling partial store and forward
[    3.802780] libphy: MACB_mii_bus: probed
[    3.807839] macb ff0e0000.ethernet eth0: Cadence GEM rev 0x50070106 at 0xff0e0000 irq 30 (00:0a:35:04:8e:1b)
[    3.818055] xilinx-axipmon ffa00000.perf-monitor: Probed Xilinx APM
[    3.824630] xilinx-axipmon fd0b0000.perf-monitor: Probed Xilinx APM
[    3.831142] xilinx-axipmon fd490000.perf-monitor: Probed Xilinx APM
[    3.837675] xilinx-axipmon ffa10000.perf-monitor: Probed Xilinx APM
[    3.847688] pca953x 0-0020: supply vcc not found, using dummy regulator
[    3.854372] pca953x 0-0020: using no AI
[    3.858859] gpio-496 (sel0): hogged as output/low
[    3.863771] gpio-497 (sel1): hogged as output/high
[    3.868762] gpio-498 (sel2): hogged as output/high
[    3.873752] gpio-499 (sel3): hogged as output/high
[    3.878929] pca953x 0-0021: supply vcc not found, using dummy regulator
[    3.885598] pca953x 0-0021: using no AI
[    3.891368] ina2xx 2-0040: power monitor ina226 (Rshunt = 5000 uOhm)
[    3.898398] ina2xx 2-0041: power monitor ina226 (Rshunt = 5000 uOhm)
[    3.905437] ina2xx 2-0042: power monitor ina226 (Rshunt = 5000 uOhm)
[    3.912468] ina2xx 2-0043: power monitor ina226 (Rshunt = 5000 uOhm)
[    3.919491] ina2xx 2-0044: power monitor ina226 (Rshunt = 5000 uOhm)
[    3.926512] ina2xx 2-0045: power monitor ina226 (Rshunt = 5000 uOhm)
[    3.933545] ina2xx 2-0046: power monitor ina226 (Rshunt = 5000 uOhm)
[    3.940620] ina2xx 2-0047: power monitor ina226 (Rshunt = 5000 uOhm)
[    3.947647] ina2xx 2-004a: power monitor ina226 (Rshunt = 5000 uOhm)
[    3.954689] ina2xx 2-004b: power monitor ina226 (Rshunt = 5000 uOhm)
[    3.961096] i2c i2c-0: Added multiplexed i2c bus 2
[    3.966480] random: fast init done
[    3.969955] ina2xx 3-0040: power monitor ina226 (Rshunt = 2000 uOhm)
[    3.976981] ina2xx 3-0041: power monitor ina226 (Rshunt = 5000 uOhm)
[    3.984011] ina2xx 3-0042: power monitor ina226 (Rshunt = 5000 uOhm)
[    3.991036] ina2xx 3-0043: power monitor ina226 (Rshunt = 5000 uOhm)
[    3.998057] ina2xx 3-0044: power monitor ina226 (Rshunt = 5000 uOhm)
[    4.005084] ina2xx 3-0045: power monitor ina226 (Rshunt = 5000 uOhm)
[    4.012117] ina2xx 3-0046: power monitor ina226 (Rshunt = 5000 uOhm)
[    4.019149] ina2xx 3-0047: power monitor ina226 (Rshunt = 5000 uOhm)
[    4.025546] i2c i2c-0: Added multiplexed i2c bus 3
[    4.081155] i2c i2c-0: Added multiplexed i2c bus 4
[    4.086098] i2c i2c-0: Added multiplexed i2c bus 5
[    4.090885] pca954x 0-0075: registered 4 multiplexed busses for I2C mux pca9544
[    4.098235] cdns-i2c ff020000.i2c: 400 kHz mmio ff020000 irq 32
[    4.105974] at24 6-0054: supply vcc not found, using dummy regulator
[    4.112868] at24 6-0054: 1024 byte 24c08 EEPROM, writable, 1 bytes/write
[    4.119612] i2c i2c-1: Added multiplexed i2c bus 6
[    4.126038] si5341 7-0036: Chip: 5341 Grade: 1 Rev: 1
[    4.163728] i2c i2c-1: Added multiplexed i2c bus 7
[    4.171389] si570 8-005d: registered, current frequency 300000000 Hz
[    4.177787] i2c i2c-1: Added multiplexed i2c bus 8
[    4.197567] si570 9-005d: registered, current frequency 148500000 Hz
[    4.203966] i2c i2c-1: Added multiplexed i2c bus 9
[    4.208997] si5324 10-0069: si5328 probed
[    4.276114] si5324 10-0069: si5328 probe successful
[    4.281047] i2c i2c-1: Added multiplexed i2c bus 10
[    4.286074] i2c i2c-1: Added multiplexed i2c bus 11
[    4.291104] i2c i2c-1: Added multiplexed i2c bus 12
[    4.296133] i2c i2c-1: Added multiplexed i2c bus 13
[    4.301011] pca954x 1-0074: registered 8 multiplexed busses for I2C switch pca9548
[    4.309116] at24 14-0050: supply vcc not found, using dummy regulator
[    4.315905] at24 14-0050: 256 byte 24c02 EEPROM, writable, 1 bytes/write
[    4.322655] i2c i2c-1: Added multiplexed i2c bus 14
[    4.327694] i2c i2c-1: Added multiplexed i2c bus 15
[    4.332726] i2c i2c-1: Added multiplexed i2c bus 16
[    4.337765] i2c i2c-1: Added multiplexed i2c bus 17
[    4.342798] i2c i2c-1: Added multiplexed i2c bus 18
[    4.347847] i2c i2c-1: Added multiplexed i2c bus 19
[    4.352883] i2c i2c-1: Added multiplexed i2c bus 20
[    4.357919] i2c i2c-1: Added multiplexed i2c bus 21
[    4.362794] pca954x 1-0075: registered 8 multiplexed busses for I2C switch pca9548
[    4.370403] cdns-i2c ff030000.i2c: 400 kHz mmio ff030000 irq 33
[    4.380146] cdns-wdt fd4d0000.watchdog: Xilinx Watchdog Timer with timeout 60s
[    4.391091] axi_adxcvr 84a60000.axi-adxcvr-rx: AXI-ADXCVR-RX (17.05.a) using CPLL on GTH4 at 0x84A60000. Number of lanes: 4.
[    4.403267] axi_adxcvr 84b60000.axi-adxcvr-tx: AXI-ADXCVR-TX (17.05.a) using QPLL on GTH4 at 0x84B60000. Number of lanes: 4.
[    4.414897] axi-jesd204-rx 84a90000.axi-jesd204-rx: AXI-JESD204-RX (1.07.a) at 0x84A90000. Encoder 8b10b, width 4/4, lanes 4, jesd204-fsm.
[    4.422177] mmc0: SDHCI controller on ff170000.mmc [ff170000.mmc] using ADMA 64-bit
[    4.427735] axi-jesd204-tx 84b90000.axi-jesd204-tx: AXI-JESD204-TX (1.06.a) at 0x84B90000. Encoder 8b10b, width 4/4, lanes 4, jesd204-fsm.
[    4.448466] zynqmp-display fd4a0000.display: vtc bridge property not present
[    4.458124] xilinx-dp-snd-codec fd4a0000.display:zynqmp_dp_snd_codec0: Failed to get required clock freq
[    4.467623] xilinx-dp-snd-codec: probe of fd4a0000.display:zynqmp_dp_snd_codec0 failed with error -22
[    4.469534] mmc0: new high speed SDHC card at address 0001
[    4.477164] xilinx-dp-snd-pcm zynqmp_dp_snd_pcm0: Xilinx DisplayPort Sound PCM probed
[    4.482676] mmcblk0: mmc0:0001 EB1QT 29.8 GiB 
[    4.490481] xilinx-dp-snd-pcm zynqmp_dp_snd_pcm1: Xilinx DisplayPort Sound PCM probed
[    4.495829]  mmcblk0: p1 p2 p3
[    4.502781] OF: graph: no port node found in /axi/display@fd4a0000
[    4.511863] xlnx-drm xlnx-drm.0: bound fd4a0000.display (ops 0xffffffc010fcbdb8)
[    5.595773] zynqmp-display fd4a0000.display: [drm] Cannot find any crtc or sizes
[    5.603387] [drm] Initialized xlnx 1.0.0 20130509 for fd4a0000.display on minor 0
[    5.610877] zynqmp-display fd4a0000.display: ZynqMP DisplayPort Subsystem driver probed
[    5.619199] ahci-ceva fd0c0000.ahci: supply ahci not found, using dummy regulator
[    5.626747] ahci-ceva fd0c0000.ahci: supply phy not found, using dummy regulator
[    5.634197] ahci-ceva fd0c0000.ahci: supply target not found, using dummy regulator
[    5.642034] ahci-ceva fd0c0000.ahci: AHCI 0001.0301 32 slots 2 ports 6 Gbps 0x3 impl platform mode
[    5.650992] ahci-ceva fd0c0000.ahci: flags: 64bit ncq sntf pm clo only pmp fbs pio slum part ccc sds apst 
[    5.661692] scsi host0: ahci-ceva
[    5.665294] scsi host1: ahci-ceva
[    5.668719] ata1: SATA max UDMA/133 mmio [mem 0xfd0c0000-0xfd0c1fff] port 0x100 irq 45
[    5.676631] ata2: SATA max UDMA/133 mmio [mem 0xfd0c0000-0xfd0c1fff] port 0x180 irq 45
[    5.685225] ad9081 spi1.0: supply vdd not found, using dummy regulator
[    5.998006] ata1: SATA link down (SStatus 0 SControl 330)
[    6.003422] ata2: SATA link down (SStatus 0 SControl 330)
[    6.679776] zynqmp-display fd4a0000.display: [drm] Cannot find any crtc or sizes
[    6.903218] ad9081 spi1.0: Invalid param passed., "ref_clk_hz < 100000000ULL" in adi_ad9081_device_clk_config_set(...), line554 in drivers/iio/adc/ad9081/adi_ad9081_device.c
[    7.587304] ad9081 spi1.0: AD9081 Rev. 2 Grade 10 (API 1.2.2) probed
[    7.594498] xhci-hcd xhci-hcd.1.auto: xHCI Host Controller
[    7.599992] xhci-hcd xhci-hcd.1.auto: new USB bus registered, assigned bus number 1
[    7.607739] xhci-hcd xhci-hcd.1.auto: hcc params 0x0238f625 hci version 0x100 quirks 0x0000000002010810
[    7.617150] xhci-hcd xhci-hcd.1.auto: irq 59, io mem 0xfe200000
[    7.623262] usb usb1: New USB device found, idVendor=1d6b, idProduct=0002, bcdDevice= 5.10
[    7.631526] usb usb1: New USB device strings: Mfr=3, Product=2, SerialNumber=1
[    7.638744] usb usb1: Product: xHCI Host Controller
[    7.643613] usb usb1: Manufacturer: Linux 5.10.0-98103-g2aa7ac113716 xhci-hcd
[    7.650742] usb usb1: SerialNumber: xhci-hcd.1.auto
[    7.655923] hub 1-0:1.0: USB hub found
[    7.659683] hub 1-0:1.0: 1 port detected
[    7.663802] xhci-hcd xhci-hcd.1.auto: xHCI Host Controller
[    7.669284] xhci-hcd xhci-hcd.1.auto: new USB bus registered, assigned bus number 2
[    7.676941] xhci-hcd xhci-hcd.1.auto: Host supports USB 3.0 SuperSpeed
[    7.683561] usb usb2: New USB device found, idVendor=1d6b, idProduct=0003, bcdDevice= 5.10
[    7.691825] usb usb2: New USB device strings: Mfr=3, Product=2, SerialNumber=1
[    7.699043] usb usb2: Product: xHCI Host Controller
[    7.703913] usb usb2: Manufacturer: Linux 5.10.0-98103-g2aa7ac113716 xhci-hcd
[    7.711038] usb usb2: SerialNumber: xhci-hcd.1.auto
[    7.716148] hub 2-0:1.0: USB hub found
[    7.719909] hub 2-0:1.0: 1 port detected
[    7.749936] cf_axi_adc 84a10000.axi-ad9081-rx-hpc: ADI AIM (10.01.b) at 0x84A10000 mapped to 0x(____ptrval____), probed ADC AD9081 as MASTER
[    7.780597] cf_axi_dds 84b10000.axi-ad9081-tx-hpc: Analog Devices CF_AXI_DDS_DDS MASTER (9.01.b) at 0x84B10000 mapped to 0x(____ptrval____), probed DDS AD9081
[    7.794798] jesd204: /axi/spi@ff040000/ad9081@0,jesd204:0,parent=spi1.0: JESD204[2] transition initialized -> probed
[    7.805320] jesd204: /axi/spi@ff040000/ad9081@0,jesd204:0,parent=spi1.0: JESD204[0] transition initialized -> probed
[    7.815843] jesd204: /axi/spi@ff040000/ad9081@0,jesd204:0,parent=spi1.0: JESD204[2] transition probed -> idle
[    7.825750] jesd204: /axi/spi@ff040000/ad9081@0,jesd204:0,parent=spi1.0: JESD204[0] transition probed -> idle
[    7.835668] jesd204: /axi/spi@ff040000/ad9081@0,jesd204:0,parent=spi1.0: JESD204[2] transition idle -> device_init
[    7.846009] jesd204: /axi/spi@ff040000/ad9081@0,jesd204:0,parent=spi1.0: JESD204[0] transition idle -> device_init
[    7.856360] jesd204: /axi/spi@ff040000/ad9081@0,jesd204:0,parent=spi1.0: JESD204[2] transition device_init -> link_init
[    7.867138] jesd204: /axi/spi@ff040000/ad9081@0,jesd204:0,parent=spi1.0: JESD204[0] transition device_init -> link_init
[    7.877929] jesd204: /axi/spi@ff040000/ad9081@0,jesd204:0,parent=spi1.0: JESD204[2] transition link_init -> link_supported
[    7.888966] jesd204: /axi/spi@ff040000/ad9081@0,jesd204:0,parent=spi1.0: JESD204[0] transition link_init -> link_supported
[    7.900368] hmc7044 spi2.0: hmc7044_jesd204_link_pre_setup: Link2 forcing continuous SYSREF mode
[    7.909634] jesd204: /axi/spi@ff040000/ad9081@0,jesd204:0,parent=spi1.0: JESD204[2] transition link_supported -> link_pre_setup
[    7.921112] jesd204: /axi/spi@ff040000/ad9081@0,jesd204:0,parent=spi1.0: JESD204[0] transition link_supported -> link_pre_setup
[    7.944913] jesd204: /axi/spi@ff040000/ad9081@0,jesd204:0,parent=spi1.0: JESD204[2] transition link_pre_setup -> clk_sync_stage1
[    7.956473] jesd204: /axi/spi@ff040000/ad9081@0,jesd204:0,parent=spi1.0: JESD204[0] transition link_pre_setup -> clk_sync_stage1
[    7.968036] jesd204: /axi/spi@ff040000/ad9081@0,jesd204:0,parent=spi1.0: JESD204[2] transition clk_sync_stage1 -> clk_sync_stage2
[    7.979682] jesd204: /axi/spi@ff040000/ad9081@0,jesd204:0,parent=spi1.0: JESD204[0] transition clk_sync_stage1 -> clk_sync_stage2
[    7.991334] jesd204: /axi/spi@ff040000/ad9081@0,jesd204:0,parent=spi1.0: JESD204[2] transition clk_sync_stage2 -> clk_sync_stage3
[    8.002978] jesd204: /axi/spi@ff040000/ad9081@0,jesd204:0,parent=spi1.0: JESD204[0] transition clk_sync_stage2 -> clk_sync_stage3
[    8.016650] jesd204: /axi/spi@ff040000/ad9081@0,jesd204:0,parent=spi1.0: JESD204[2] transition clk_sync_stage3 -> link_setup
[    8.027868] jesd204: /axi/spi@ff040000/ad9081@0,jesd204:0,parent=spi1.0: JESD204[0] transition clk_sync_stage3 -> link_setup
[    8.043810] jesd204: /axi/spi@ff040000/ad9081@0,jesd204:0,parent=spi1.0: JESD204[2] transition link_setup -> opt_setup_stage1
[    8.055112] jesd204: /axi/spi@ff040000/ad9081@0,jesd204:0,parent=spi1.0: JESD204[0] transition link_setup -> opt_setup_stage1
[    8.071457] jesd204: /axi/spi@ff040000/ad9081@0,jesd204:0,parent=spi1.0: JESD204[2] transition opt_setup_stage1 -> opt_setup_stage2
[    8.083279] jesd204: /axi/spi@ff040000/ad9081@0,jesd204:0,parent=spi1.0: JESD204[0] transition opt_setup_stage1 -> opt_setup_stage2
[    8.095252] jesd204: /axi/spi@ff040000/ad9081@0,jesd204:0,parent=spi1.0: JESD204[2] transition opt_setup_stage2 -> opt_setup_stage3
[    8.107071] jesd204: /axi/spi@ff040000/ad9081@0,jesd204:0,parent=spi1.0: JESD204[0] transition opt_setup_stage2 -> opt_setup_stage3
[    8.118897] jesd204: /axi/spi@ff040000/ad9081@0,jesd204:0,parent=spi1.0: JESD204[2] transition opt_setup_stage3 -> opt_setup_stage4
[    8.130713] jesd204: /axi/spi@ff040000/ad9081@0,jesd204:0,parent=spi1.0: JESD204[0] transition opt_setup_stage3 -> opt_setup_stage4
[    8.142543] jesd204: /axi/spi@ff040000/ad9081@0,jesd204:0,parent=spi1.0: JESD204[2] transition opt_setup_stage4 -> opt_setup_stage5
[    8.154370] jesd204: /axi/spi@ff040000/ad9081@0,jesd204:0,parent=spi1.0: JESD204[0] transition opt_setup_stage4 -> opt_setup_stage5
[    8.170297] jesd204: /axi/spi@ff040000/ad9081@0,jesd204:0,parent=spi1.0: JESD204[2] transition opt_setup_stage5 -> clocks_enable
[    8.181858] jesd204: /axi/spi@ff040000/ad9081@0,jesd204:0,parent=spi1.0: JESD204[0] transition opt_setup_stage5 -> clocks_enable
[    8.216670] axi_adxcvr 84a60000.axi-adxcvr-rx: adxcvr_clk_enable: CPLL RX buffer underflow error, status: 0x61
[    8.226660] axi_adxcvr 84a60000.axi-adxcvr-rx: adxcvr_clk_enable: CPLL RX buffer overflow error, status: 0x61
[    8.236633] jesd204: /axi/spi@ff040000/ad9081@0,jesd204:0,parent=spi1.0: JESD204[2] transition clocks_enable -> link_enable
[    8.247765] jesd204: /axi/spi@ff040000/ad9081@0,jesd204:0,parent=spi1.0: JESD204[0] transition clocks_enable -> link_enable
[    8.387759] axi-jesd204-rx 84a90000.axi-jesd204-rx: axi_jesd204_rx_jesd204_link_running: Link2 status failed (CGS)
[    8.398102] jesd204: /fpga-axi@0/axi-jesd204-rx@84a90000,jesd204:4,parent=84a90000.axi-jesd204-rx: JESD204[2] In link_running got error from cb: -1
[    8.411311] jesd204: /axi/spi@ff040000/ad9081@0,jesd204:0,parent=spi1.0: Rolling back from 'link_enable', got error -1
[    8.422012] jesd204: /axi/spi@ff040000/ad9081@0,jesd204:0,parent=spi1.0: JESD204[0] transition link_enable -> link_running
[    8.433055] jesd204: /axi/spi@ff040000/ad9081@0,jesd204:0,parent=spi1.0: JESD204[2] transition link_enable -> link_running
[    8.444157] jesd204: /axi/spi@ff040000/ad9081@0,jesd204:0,parent=spi1.0: JESD204[0] transition link_running -> link_enable
[    8.455200] jesd204: /axi/spi@ff040000/ad9081@0,jesd204:0,parent=spi1.0: JESD204[2] transition link_running -> link_enable
[    8.470293] jesd204: /axi/spi@ff040000/ad9081@0,jesd204:0,parent=spi1.0: JESD204[0] transition link_enable -> clocks_enable
[    8.481424] jesd204: /axi/spi@ff040000/ad9081@0,jesd204:0,parent=spi1.0: JESD204[2] transition link_enable -> clocks_enable
[    8.492552] jesd204: /axi/spi@ff040000/ad9081@0,jesd204:0,parent=spi1.0: JESD204[0] transition clocks_enable -> opt_setup_stage5
[    8.504109] jesd204: /axi/spi@ff040000/ad9081@0,jesd204:0,parent=spi1.0: JESD204[2] transition clocks_enable -> opt_setup_stage5
[    8.515677] jesd204: /axi/spi@ff040000/ad9081@0,jesd204:0,parent=spi1.0: JESD204[0] transition opt_setup_stage5 -> opt_setup_stage4
[    8.527494] jesd204: /axi/spi@ff040000/ad9081@0,jesd204:0,parent=spi1.0: JESD204[2] transition opt_setup_stage5 -> opt_setup_stage4
[    8.539319] jesd204: /axi/spi@ff040000/ad9081@0,jesd204:0,parent=spi1.0: JESD204[0] transition opt_setup_stage4 -> opt_setup_stage3
[    8.551138] jesd204: /axi/spi@ff040000/ad9081@0,jesd204:0,parent=spi1.0: JESD204[2] transition opt_setup_stage4 -> opt_setup_stage3
[    8.562962] jesd204: /axi/spi@ff040000/ad9081@0,jesd204:0,parent=spi1.0: JESD204[0] transition opt_setup_stage3 -> opt_setup_stage2
[    8.574782] jesd204: /axi/spi@ff040000/ad9081@0,jesd204:0,parent=spi1.0: JESD204[2] transition opt_setup_stage3 -> opt_setup_stage2
[    8.586607] jesd204: /axi/spi@ff040000/ad9081@0,jesd204:0,parent=spi1.0: JESD204[0] transition opt_setup_stage2 -> opt_setup_stage1
[    8.598426] jesd204: /axi/spi@ff040000/ad9081@0,jesd204:0,parent=spi1.0: JESD204[2] transition opt_setup_stage2 -> opt_setup_stage1
[    8.610253] jesd204: /axi/spi@ff040000/ad9081@0,jesd204:0,parent=spi1.0: JESD204[0] transition opt_setup_stage1 -> link_setup
[    8.621551] jesd204: /axi/spi@ff040000/ad9081@0,jesd204:0,parent=spi1.0: JESD204[2] transition opt_setup_stage1 -> link_setup
[    8.632854] jesd204: /axi/spi@ff040000/ad9081@0,jesd204:0,parent=spi1.0: JESD204[0] transition link_setup -> clk_sync_stage3
[    8.644069] jesd204: /axi/spi@ff040000/ad9081@0,jesd204:0,parent=spi1.0: JESD204[2] transition link_setup -> clk_sync_stage3
[    8.655283] jesd204: /axi/spi@ff040000/ad9081@0,jesd204:0,parent=spi1.0: JESD204[0] transition clk_sync_stage3 -> clk_sync_stage2
[    8.666929] jesd204: /axi/spi@ff040000/ad9081@0,jesd204:0,parent=spi1.0: JESD204[2] transition clk_sync_stage3 -> clk_sync_stage2
[    8.678580] jesd204: /axi/spi@ff040000/ad9081@0,jesd204:0,parent=spi1.0: JESD204[0] transition clk_sync_stage2 -> clk_sync_stage1
[    8.690226] jesd204: /axi/spi@ff040000/ad9081@0,jesd204:0,parent=spi1.0: JESD204[2] transition clk_sync_stage2 -> clk_sync_stage1
[    8.701877] jesd204: /axi/spi@ff040000/ad9081@0,jesd204:0,parent=spi1.0: JESD204[0] transition clk_sync_stage1 -> link_pre_setup
[    8.713436] jesd204: /axi/spi@ff040000/ad9081@0,jesd204:0,parent=spi1.0: JESD204[2] transition clk_sync_stage1 -> link_pre_setup
[    8.725002] jesd204: /axi/spi@ff040000/ad9081@0,jesd204:0,parent=spi1.0: JESD204[0] transition link_pre_setup -> link_supported
[    8.736473] jesd204: /axi/spi@ff040000/ad9081@0,jesd204:0,parent=spi1.0: JESD204[2] transition link_pre_setup -> link_supported
[    8.747951] jesd204: /axi/spi@ff040000/ad9081@0,jesd204:0,parent=spi1.0: JESD204[0] transition link_supported -> link_init
[    8.758989] jesd204: /axi/spi@ff040000/ad9081@0,jesd204:0,parent=spi1.0: JESD204[2] transition link_supported -> link_init
[    8.770036] jesd204: /axi/spi@ff040000/ad9081@0,jesd204:0,parent=spi1.0: JESD204[0] transition link_init -> device_init
[    8.780810] jesd204: /axi/spi@ff040000/ad9081@0,jesd204:0,parent=spi1.0: JESD204[2] transition link_init -> device_init
[    8.791593] jesd204: /axi/spi@ff040000/ad9081@0,jesd204:0,parent=spi1.0: JESD204[0] transition device_init -> idle
[    8.801937] jesd204: /axi/spi@ff040000/ad9081@0,jesd204:0,parent=spi1.0: JESD204[2] transition device_init -> idle
[    8.812288] jesd204: /axi/spi@ff040000/ad9081@0,jesd204:0,parent=spi1.0: JESD204[2] transition idle -> idle
[    8.822023] jesd204: /axi/spi@ff040000/ad9081@0,jesd204:0,parent=spi1.0: JESD204[0] transition idle -> idle
[    8.831766] jesd204: /axi/spi@ff040000/ad9081@0,jesd204:0,parent=spi1.0: JESD204[2] transition idle -> device_init
[    8.842109] jesd204: /axi/spi@ff040000/ad9081@0,jesd204:0,parent=spi1.0: JESD204[0] transition idle -> device_init
[    8.852459] jesd204: /axi/spi@ff040000/ad9081@0,jesd204:0,parent=spi1.0: JESD204[2] transition device_init -> link_init
[    8.863235] jesd204: /axi/spi@ff040000/ad9081@0,jesd204:0,parent=spi1.0: JESD204[0] transition device_init -> link_init
[    8.874024] jesd204: /axi/spi@ff040000/ad9081@0,jesd204:0,parent=spi1.0: JESD204[2] transition link_init -> link_supported
[    8.885066] jesd204: /axi/spi@ff040000/ad9081@0,jesd204:0,parent=spi1.0: JESD204[0] transition link_init -> link_supported
[    8.896397] jesd204: /axi/spi@ff040000/ad9081@0,jesd204:0,parent=spi1.0: JESD204[2] transition link_supported -> link_pre_setup
[    8.907871] jesd204: /axi/spi@ff040000/ad9081@0,jesd204:0,parent=spi1.0: JESD204[0] transition link_supported -> link_pre_setup
[    8.931718] jesd204: /axi/spi@ff040000/ad9081@0,jesd204:0,parent=spi1.0: JESD204[2] transition link_pre_setup -> clk_sync_stage1
[    8.943285] jesd204: /axi/spi@ff040000/ad9081@0,jesd204:0,parent=spi1.0: JESD204[0] transition link_pre_setup -> clk_sync_stage1
[    8.954848] jesd204: /axi/spi@ff040000/ad9081@0,jesd204:0,parent=spi1.0: JESD204[2] transition clk_sync_stage1 -> clk_sync_stage2
[    8.966493] jesd204: /axi/spi@ff040000/ad9081@0,jesd204:0,parent=spi1.0: JESD204[0] transition clk_sync_stage1 -> clk_sync_stage2
[    8.978144] jesd204: /axi/spi@ff040000/ad9081@0,jesd204:0,parent=spi1.0: JESD204[2] transition clk_sync_stage2 -> clk_sync_stage3
[    8.989790] jesd204: /axi/spi@ff040000/ad9081@0,jesd204:0,parent=spi1.0: JESD204[0] transition clk_sync_stage2 -> clk_sync_stage3
[    9.003454] jesd204: /axi/spi@ff040000/ad9081@0,jesd204:0,parent=spi1.0: JESD204[2] transition clk_sync_stage3 -> link_setup
[    9.014667] jesd204: /axi/spi@ff040000/ad9081@0,jesd204:0,parent=spi1.0: JESD204[0] transition clk_sync_stage3 -> link_setup
[    9.030595] jesd204: /axi/spi@ff040000/ad9081@0,jesd204:0,parent=spi1.0: JESD204[2] transition link_setup -> opt_setup_stage1
[    9.041898] jesd204: /axi/spi@ff040000/ad9081@0,jesd204:0,parent=spi1.0: JESD204[0] transition link_setup -> opt_setup_stage1
[    9.058203] jesd204: /axi/spi@ff040000/ad9081@0,jesd204:0,parent=spi1.0: JESD204[2] transition opt_setup_stage1 -> opt_setup_stage2
[    9.070022] jesd204: /axi/spi@ff040000/ad9081@0,jesd204:0,parent=spi1.0: JESD204[0] transition opt_setup_stage1 -> opt_setup_stage2
[    9.081992] jesd204: /axi/spi@ff040000/ad9081@0,jesd204:0,parent=spi1.0: JESD204[2] transition opt_setup_stage2 -> opt_setup_stage3
[    9.093814] jesd204: /axi/spi@ff040000/ad9081@0,jesd204:0,parent=spi1.0: JESD204[0] transition opt_setup_stage2 -> opt_setup_stage3
[    9.105637] jesd204: /axi/spi@ff040000/ad9081@0,jesd204:0,parent=spi1.0: JESD204[2] transition opt_setup_stage3 -> opt_setup_stage4
[    9.117455] jesd204: /axi/spi@ff040000/ad9081@0,jesd204:0,parent=spi1.0: JESD204[0] transition opt_setup_stage3 -> opt_setup_stage4
[    9.129283] jesd204: /axi/spi@ff040000/ad9081@0,jesd204:0,parent=spi1.0: JESD204[2] transition opt_setup_stage4 -> opt_setup_stage5
[    9.141101] jesd204: /axi/spi@ff040000/ad9081@0,jesd204:0,parent=spi1.0: JESD204[0] transition opt_setup_stage4 -> opt_setup_stage5
[    9.157066] jesd204: /axi/spi@ff040000/ad9081@0,jesd204:0,parent=spi1.0: JESD204[2] transition opt_setup_stage5 -> clocks_enable
[    9.168626] jesd204: /axi/spi@ff040000/ad9081@0,jesd204:0,parent=spi1.0: JESD204[0] transition opt_setup_stage5 -> clocks_enable
[    9.203440] axi_adxcvr 84a60000.axi-adxcvr-rx: adxcvr_clk_enable: CPLL RX buffer underflow error, status: 0x61
[    9.213429] axi_adxcvr 84a60000.axi-adxcvr-rx: adxcvr_clk_enable: CPLL RX buffer overflow error, status: 0x61
[    9.223397] jesd204: /axi/spi@ff040000/ad9081@0,jesd204:0,parent=spi1.0: JESD204[2] transition clocks_enable -> link_enable
[    9.234525] jesd204: /axi/spi@ff040000/ad9081@0,jesd204:0,parent=spi1.0: JESD204[0] transition clocks_enable -> link_enable
[    9.375759] axi-jesd204-rx 84a90000.axi-jesd204-rx: axi_jesd204_rx_jesd204_link_running: Link2 status failed (CGS)
[    9.386103] jesd204: /fpga-axi@0/axi-jesd204-rx@84a90000,jesd204:4,parent=84a90000.axi-jesd204-rx: JESD204[2] In link_running got error from cb: -1
[    9.399314] jesd204: /axi/spi@ff040000/ad9081@0,jesd204:0,parent=spi1.0: Rolling back from 'link_enable', got error -1
[    9.410009] jesd204: /axi/spi@ff040000/ad9081@0,jesd204:0,parent=spi1.0: JESD204[0] transition link_enable -> link_running
[    9.421047] jesd204: /axi/spi@ff040000/ad9081@0,jesd204:0,parent=spi1.0: JESD204[2] transition link_enable -> link_running
[    9.432145] jesd204: /axi/spi@ff040000/ad9081@0,jesd204:0,parent=spi1.0: JESD204[0] transition link_running -> link_enable
[    9.443183] jesd204: /axi/spi@ff040000/ad9081@0,jesd204:0,parent=spi1.0: JESD204[2] transition link_running -> link_enable
[    9.458278] jesd204: /axi/spi@ff040000/ad9081@0,jesd204:0,parent=spi1.0: JESD204[0] transition link_enable -> clocks_enable
[    9.469407] jesd204: /axi/spi@ff040000/ad9081@0,jesd204:0,parent=spi1.0: JESD204[2] transition link_enable -> clocks_enable
[    9.480535] jesd204: /axi/spi@ff040000/ad9081@0,jesd204:0,parent=spi1.0: JESD204[0] transition clocks_enable -> opt_setup_stage5
[    9.492093] jesd204: /axi/spi@ff040000/ad9081@0,jesd204:0,parent=spi1.0: JESD204[2] transition clocks_enable -> opt_setup_stage5
[    9.503661] jesd204: /axi/spi@ff040000/ad9081@0,jesd204:0,parent=spi1.0: JESD204[0] transition opt_setup_stage5 -> opt_setup_stage4
[    9.515478] jesd204: /axi/spi@ff040000/ad9081@0,jesd204:0,parent=spi1.0: JESD204[2] transition opt_setup_stage5 -> opt_setup_stage4
[    9.527302] jesd204: /axi/spi@ff040000/ad9081@0,jesd204:0,parent=spi1.0: JESD204[0] transition opt_setup_stage4 -> opt_setup_stage3
[    9.539121] jesd204: /axi/spi@ff040000/ad9081@0,jesd204:0,parent=spi1.0: JESD204[2] transition opt_setup_stage4 -> opt_setup_stage3
[    9.550949] jesd204: /axi/spi@ff040000/ad9081@0,jesd204:0,parent=spi1.0: JESD204[0] transition opt_setup_stage3 -> opt_setup_stage2
[    9.562767] jesd204: /axi/spi@ff040000/ad9081@0,jesd204:0,parent=spi1.0: JESD204[2] transition opt_setup_stage3 -> opt_setup_stage2
[    9.574590] jesd204: /axi/spi@ff040000/ad9081@0,jesd204:0,parent=spi1.0: JESD204[0] transition opt_setup_stage2 -> opt_setup_stage1
[    9.586410] jesd204: /axi/spi@ff040000/ad9081@0,jesd204:0,parent=spi1.0: JESD204[2] transition opt_setup_stage2 -> opt_setup_stage1
[    9.598237] jesd204: /axi/spi@ff040000/ad9081@0,jesd204:0,parent=spi1.0: JESD204[0] transition opt_setup_stage1 -> link_setup
[    9.609533] jesd204: /axi/spi@ff040000/ad9081@0,jesd204:0,parent=spi1.0: JESD204[2] transition opt_setup_stage1 -> link_setup
[    9.620837] jesd204: /axi/spi@ff040000/ad9081@0,jesd204:0,parent=spi1.0: JESD204[0] transition link_setup -> clk_sync_stage3
[    9.632055] jesd204: /axi/spi@ff040000/ad9081@0,jesd204:0,parent=spi1.0: JESD204[2] transition link_setup -> clk_sync_stage3
[    9.643267] jesd204: /axi/spi@ff040000/ad9081@0,jesd204:0,parent=spi1.0: JESD204[0] transition clk_sync_stage3 -> clk_sync_stage2
[    9.654912] jesd204: /axi/spi@ff040000/ad9081@0,jesd204:0,parent=spi1.0: JESD204[2] transition clk_sync_stage3 -> clk_sync_stage2
[    9.666565] jesd204: /axi/spi@ff040000/ad9081@0,jesd204:0,parent=spi1.0: JESD204[0] transition clk_sync_stage2 -> clk_sync_stage1
[    9.678209] jesd204: /axi/spi@ff040000/ad9081@0,jesd204:0,parent=spi1.0: JESD204[2] transition clk_sync_stage2 -> clk_sync_stage1
[    9.689861] jesd204: /axi/spi@ff040000/ad9081@0,jesd204:0,parent=spi1.0: JESD204[0] transition clk_sync_stage1 -> link_pre_setup
[    9.701420] jesd204: /axi/spi@ff040000/ad9081@0,jesd204:0,parent=spi1.0: JESD204[2] transition clk_sync_stage1 -> link_pre_setup
[    9.712984] jesd204: /axi/spi@ff040000/ad9081@0,jesd204:0,parent=spi1.0: JESD204[0] transition link_pre_setup -> link_supported
[    9.724456] jesd204: /axi/spi@ff040000/ad9081@0,jesd204:0,parent=spi1.0: JESD204[2] transition link_pre_setup -> link_supported
[    9.735934] jesd204: /axi/spi@ff040000/ad9081@0,jesd204:0,parent=spi1.0: JESD204[0] transition link_supported -> link_init
[    9.746972] jesd204: /axi/spi@ff040000/ad9081@0,jesd204:0,parent=spi1.0: JESD204[2] transition link_supported -> link_init
[    9.758021] jesd204: /axi/spi@ff040000/ad9081@0,jesd204:0,parent=spi1.0: JESD204[0] transition link_init -> device_init
[    9.768803] jesd204: /axi/spi@ff040000/ad9081@0,jesd204:0,parent=spi1.0: JESD204[2] transition link_init -> device_init
[    9.779585] jesd204: /axi/spi@ff040000/ad9081@0,jesd204:0,parent=spi1.0: JESD204[0] transition device_init -> idle
[    9.789930] jesd204: /axi/spi@ff040000/ad9081@0,jesd204:0,parent=spi1.0: JESD204[2] transition device_init -> idle
[    9.800281] jesd204: /axi/spi@ff040000/ad9081@0,jesd204:0,parent=spi1.0: JESD204[2] transition idle -> idle
[    9.810015] jesd204: /axi/spi@ff040000/ad9081@0,jesd204:0,parent=spi1.0: JESD204[0] transition idle -> idle
[    9.819760] jesd204: /axi/spi@ff040000/ad9081@0,jesd204:0,parent=spi1.0: JESD204[2] transition idle -> device_init
[    9.830100] jesd204: /axi/spi@ff040000/ad9081@0,jesd204:0,parent=spi1.0: JESD204[0] transition idle -> device_init
[    9.840450] jesd204: /axi/spi@ff040000/ad9081@0,jesd204:0,parent=spi1.0: JESD204[2] transition device_init -> link_init
[    9.851228] jesd204: /axi/spi@ff040000/ad9081@0,jesd204:0,parent=spi1.0: JESD204[0] transition device_init -> link_init
[    9.862016] jesd204: /axi/spi@ff040000/ad9081@0,jesd204:0,parent=spi1.0: JESD204[2] transition link_init -> link_supported
[    9.873059] jesd204: /axi/spi@ff040000/ad9081@0,jesd204:0,parent=spi1.0: JESD204[0] transition link_init -> link_supported
[    9.884389] jesd204: /axi/spi@ff040000/ad9081@0,jesd204:0,parent=spi1.0: JESD204[2] transition link_supported -> link_pre_setup
[    9.895863] jesd204: /axi/spi@ff040000/ad9081@0,jesd204:0,parent=spi1.0: JESD204[0] transition link_supported -> link_pre_setup
[    9.919662] jesd204: /axi/spi@ff040000/ad9081@0,jesd204:0,parent=spi1.0: JESD204[2] transition link_pre_setup -> clk_sync_stage1
[    9.931228] jesd204: /axi/spi@ff040000/ad9081@0,jesd204:0,parent=spi1.0: JESD204[0] transition link_pre_setup -> clk_sync_stage1
[    9.942789] jesd204: /axi/spi@ff040000/ad9081@0,jesd204:0,parent=spi1.0: JESD204[2] transition clk_sync_stage1 -> clk_sync_stage2
[    9.954433] jesd204: /axi/spi@ff040000/ad9081@0,jesd204:0,parent=spi1.0: JESD204[0] transition clk_sync_stage1 -> clk_sync_stage2
[    9.966084] jesd204: /axi/spi@ff040000/ad9081@0,jesd204:0,parent=spi1.0: JESD204[2] transition clk_sync_stage2 -> clk_sync_stage3
[    9.977730] jesd204: /axi/spi@ff040000/ad9081@0,jesd204:0,parent=spi1.0: JESD204[0] transition clk_sync_stage2 -> clk_sync_stage3
[    9.991393] jesd204: /axi/spi@ff040000/ad9081@0,jesd204:0,parent=spi1.0: JESD204[2] transition clk_sync_stage3 -> link_setup
[   10.002608] jesd204: /axi/spi@ff040000/ad9081@0,jesd204:0,parent=spi1.0: JESD204[0] transition clk_sync_stage3 -> link_setup
[   10.018571] jesd204: /axi/spi@ff040000/ad9081@0,jesd204:0,parent=spi1.0: JESD204[2] transition link_setup -> opt_setup_stage1
[   10.029873] jesd204: /axi/spi@ff040000/ad9081@0,jesd204:0,parent=spi1.0: JESD204[0] transition link_setup -> opt_setup_stage1
[   10.046165] jesd204: /axi/spi@ff040000/ad9081@0,jesd204:0,parent=spi1.0: JESD204[2] transition opt_setup_stage1 -> opt_setup_stage2
[   10.057989] jesd204: /axi/spi@ff040000/ad9081@0,jesd204:0,parent=spi1.0: JESD204[0] transition opt_setup_stage1 -> opt_setup_stage2
[   10.069959] jesd204: /axi/spi@ff040000/ad9081@0,jesd204:0,parent=spi1.0: JESD204[2] transition opt_setup_stage2 -> opt_setup_stage3
[   10.081780] jesd204: /axi/spi@ff040000/ad9081@0,jesd204:0,parent=spi1.0: JESD204[0] transition opt_setup_stage2 -> opt_setup_stage3
[   10.093604] jesd204: /axi/spi@ff040000/ad9081@0,jesd204:0,parent=spi1.0: JESD204[2] transition opt_setup_stage3 -> opt_setup_stage4
[   10.105422] jesd204: /axi/spi@ff040000/ad9081@0,jesd204:0,parent=spi1.0: JESD204[0] transition opt_setup_stage3 -> opt_setup_stage4
[   10.117250] jesd204: /axi/spi@ff040000/ad9081@0,jesd204:0,parent=spi1.0: JESD204[2] transition opt_setup_stage4 -> opt_setup_stage5
[   10.129067] jesd204: /axi/spi@ff040000/ad9081@0,jesd204:0,parent=spi1.0: JESD204[0] transition opt_setup_stage4 -> opt_setup_stage5
[   10.145022] jesd204: /axi/spi@ff040000/ad9081@0,jesd204:0,parent=spi1.0: JESD204[2] transition opt_setup_stage5 -> clocks_enable
[   10.156584] jesd204: /axi/spi@ff040000/ad9081@0,jesd204:0,parent=spi1.0: JESD204[0] transition opt_setup_stage5 -> clocks_enable
[   10.191395] axi_adxcvr 84a60000.axi-adxcvr-rx: adxcvr_clk_enable: CPLL RX buffer underflow error, status: 0x61
[   10.201387] axi_adxcvr 84a60000.axi-adxcvr-rx: adxcvr_clk_enable: CPLL RX buffer overflow error, status: 0x61
[   10.211354] jesd204: /axi/spi@ff040000/ad9081@0,jesd204:0,parent=spi1.0: JESD204[2] transition clocks_enable -> link_enable
[   10.222482] jesd204: /axi/spi@ff040000/ad9081@0,jesd204:0,parent=spi1.0: JESD204[0] transition clocks_enable -> link_enable
[   10.363759] axi-jesd204-rx 84a90000.axi-jesd204-rx: axi_jesd204_rx_jesd204_link_running: Link2 status failed (CGS)
[   10.374104] jesd204: /fpga-axi@0/axi-jesd204-rx@84a90000,jesd204:4,parent=84a90000.axi-jesd204-rx: JESD204[2] In link_running got error from cb: -1
[   10.387313] jesd204: /axi/spi@ff040000/ad9081@0,jesd204:0,parent=spi1.0: Rolling back from 'link_enable', got error -1
[   10.398010] jesd204: /axi/spi@ff040000/ad9081@0,jesd204:0,parent=spi1.0: JESD204[0] transition link_enable -> link_running
[   10.409048] jesd204: /axi/spi@ff040000/ad9081@0,jesd204:0,parent=spi1.0: JESD204[2] transition link_enable -> link_running
[   10.420147] jesd204: /axi/spi@ff040000/ad9081@0,jesd204:0,parent=spi1.0: JESD204[0] transition link_running -> link_enable
[   10.431193] jesd204: /axi/spi@ff040000/ad9081@0,jesd204:0,parent=spi1.0: JESD204[2] transition link_running -> link_enable
[   10.446301] jesd204: /axi/spi@ff040000/ad9081@0,jesd204:0,parent=spi1.0: JESD204[0] transition link_enable -> clocks_enable
[   10.457434] jesd204: /axi/spi@ff040000/ad9081@0,jesd204:0,parent=spi1.0: JESD204[2] transition link_enable -> clocks_enable
[   10.468565] jesd204: /axi/spi@ff040000/ad9081@0,jesd204:0,parent=spi1.0: JESD204[0] transition clocks_enable -> opt_setup_stage5
[   10.480120] jesd204: /axi/spi@ff040000/ad9081@0,jesd204:0,parent=spi1.0: JESD204[2] transition clocks_enable -> opt_setup_stage5
[   10.491687] jesd204: /axi/spi@ff040000/ad9081@0,jesd204:0,parent=spi1.0: JESD204[0] transition opt_setup_stage5 -> opt_setup_stage4
[   10.503505] jesd204: /axi/spi@ff040000/ad9081@0,jesd204:0,parent=spi1.0: JESD204[2] transition opt_setup_stage5 -> opt_setup_stage4
[   10.515329] jesd204: /axi/spi@ff040000/ad9081@0,jesd204:0,parent=spi1.0: JESD204[0] transition opt_setup_stage4 -> opt_setup_stage3
[   10.527148] jesd204: /axi/spi@ff040000/ad9081@0,jesd204:0,parent=spi1.0: JESD204[2] transition opt_setup_stage4 -> opt_setup_stage3
[   10.538973] jesd204: /axi/spi@ff040000/ad9081@0,jesd204:0,parent=spi1.0: JESD204[0] transition opt_setup_stage3 -> opt_setup_stage2
[   10.550795] jesd204: /axi/spi@ff040000/ad9081@0,jesd204:0,parent=spi1.0: JESD204[2] transition opt_setup_stage3 -> opt_setup_stage2
[   10.562617] jesd204: /axi/spi@ff040000/ad9081@0,jesd204:0,parent=spi1.0: JESD204[0] transition opt_setup_stage2 -> opt_setup_stage1
[   10.574437] jesd204: /axi/spi@ff040000/ad9081@0,jesd204:0,parent=spi1.0: JESD204[2] transition opt_setup_stage2 -> opt_setup_stage1
[   10.586264] jesd204: /axi/spi@ff040000/ad9081@0,jesd204:0,parent=spi1.0: JESD204[0] transition opt_setup_stage1 -> link_setup
[   10.597561] jesd204: /axi/spi@ff040000/ad9081@0,jesd204:0,parent=spi1.0: JESD204[2] transition opt_setup_stage1 -> link_setup
[   10.608865] jesd204: /axi/spi@ff040000/ad9081@0,jesd204:0,parent=spi1.0: JESD204[0] transition link_setup -> clk_sync_stage3
[   10.620080] jesd204: /axi/spi@ff040000/ad9081@0,jesd204:0,parent=spi1.0: JESD204[2] transition link_setup -> clk_sync_stage3
[   10.631295] jesd204: /axi/spi@ff040000/ad9081@0,jesd204:0,parent=spi1.0: JESD204[0] transition clk_sync_stage3 -> clk_sync_stage2
[   10.642939] jesd204: /axi/spi@ff040000/ad9081@0,jesd204:0,parent=spi1.0: JESD204[2] transition clk_sync_stage3 -> clk_sync_stage2
[   10.654591] jesd204: /axi/spi@ff040000/ad9081@0,jesd204:0,parent=spi1.0: JESD204[0] transition clk_sync_stage2 -> clk_sync_stage1
[   10.666237] jesd204: /axi/spi@ff040000/ad9081@0,jesd204:0,parent=spi1.0: JESD204[2] transition clk_sync_stage2 -> clk_sync_stage1
[   10.677888] jesd204: /axi/spi@ff040000/ad9081@0,jesd204:0,parent=spi1.0: JESD204[0] transition clk_sync_stage1 -> link_pre_setup
[   10.689448] jesd204: /axi/spi@ff040000/ad9081@0,jesd204:0,parent=spi1.0: JESD204[2] transition clk_sync_stage1 -> link_pre_setup
[   10.701012] jesd204: /axi/spi@ff040000/ad9081@0,jesd204:0,parent=spi1.0: JESD204[0] transition link_pre_setup -> link_supported
[   10.712484] jesd204: /axi/spi@ff040000/ad9081@0,jesd204:0,parent=spi1.0: JESD204[2] transition link_pre_setup -> link_supported
[   10.723962] jesd204: /axi/spi@ff040000/ad9081@0,jesd204:0,parent=spi1.0: JESD204[0] transition link_supported -> link_init
[   10.734999] jesd204: /axi/spi@ff040000/ad9081@0,jesd204:0,parent=spi1.0: JESD204[2] transition link_supported -> link_init
[   10.746046] jesd204: /axi/spi@ff040000/ad9081@0,jesd204:0,parent=spi1.0: JESD204[0] transition link_init -> device_init
[   10.756824] jesd204: /axi/spi@ff040000/ad9081@0,jesd204:0,parent=spi1.0: JESD204[2] transition link_init -> device_init
[   10.767604] jesd204: /axi/spi@ff040000/ad9081@0,jesd204:0,parent=spi1.0: JESD204[0] transition device_init -> idle
[   10.777948] jesd204: /axi/spi@ff040000/ad9081@0,jesd204:0,parent=spi1.0: JESD204[2] transition device_init -> idle
[   10.788298] jesd204: /axi/spi@ff040000/ad9081@0,jesd204:0,parent=spi1.0: JESD204[2] transition idle -> idle
[   10.798034] jesd204: /axi/spi@ff040000/ad9081@0,jesd204:0,parent=spi1.0: JESD204[0] transition idle -> idle
[   10.807776] jesd204: /axi/spi@ff040000/ad9081@0,jesd204:0,parent=spi1.0: JESD204[2] transition idle -> device_init
[   10.818119] jesd204: /axi/spi@ff040000/ad9081@0,jesd204:0,parent=spi1.0: JESD204[0] transition idle -> device_init
[   10.828469] jesd204: /axi/spi@ff040000/ad9081@0,jesd204:0,parent=spi1.0: JESD204[2] transition device_init -> link_init
[   10.839248] jesd204: /axi/spi@ff040000/ad9081@0,jesd204:0,parent=spi1.0: JESD204[0] transition device_init -> link_init
[   10.850034] jesd204: /axi/spi@ff040000/ad9081@0,jesd204:0,parent=spi1.0: JESD204[2] transition link_init -> link_supported
[   10.861077] jesd204: /axi/spi@ff040000/ad9081@0,jesd204:0,parent=spi1.0: JESD204[0] transition link_init -> link_supported
[   10.872406] jesd204: /axi/spi@ff040000/ad9081@0,jesd204:0,parent=spi1.0: JESD204[2] transition link_supported -> link_pre_setup
[   10.883882] jesd204: /axi/spi@ff040000/ad9081@0,jesd204:0,parent=spi1.0: JESD204[0] transition link_supported -> link_pre_setup
[   10.907662] jesd204: /axi/spi@ff040000/ad9081@0,jesd204:0,parent=spi1.0: JESD204[2] transition link_pre_setup -> clk_sync_stage1
[   10.919228] jesd204: /axi/spi@ff040000/ad9081@0,jesd204:0,parent=spi1.0: JESD204[0] transition link_pre_setup -> clk_sync_stage1
[   10.930789] jesd204: /axi/spi@ff040000/ad9081@0,jesd204:0,parent=spi1.0: JESD204[2] transition clk_sync_stage1 -> clk_sync_stage2
[   10.942435] jesd204: /axi/spi@ff040000/ad9081@0,jesd204:0,parent=spi1.0: JESD204[0] transition clk_sync_stage1 -> clk_sync_stage2
[   10.954086] jesd204: /axi/spi@ff040000/ad9081@0,jesd204:0,parent=spi1.0: JESD204[2] transition clk_sync_stage2 -> clk_sync_stage3
[   10.965731] jesd204: /axi/spi@ff040000/ad9081@0,jesd204:0,parent=spi1.0: JESD204[0] transition clk_sync_stage2 -> clk_sync_stage3
[   10.979451] jesd204: /axi/spi@ff040000/ad9081@0,jesd204:0,parent=spi1.0: JESD204[2] transition clk_sync_stage3 -> link_setup
[   10.990662] jesd204: /axi/spi@ff040000/ad9081@0,jesd204:0,parent=spi1.0: JESD204[0] transition clk_sync_stage3 -> link_setup
[   11.006634] jesd204: /axi/spi@ff040000/ad9081@0,jesd204:0,parent=spi1.0: JESD204[2] transition link_setup -> opt_setup_stage1
[   11.017935] jesd204: /axi/spi@ff040000/ad9081@0,jesd204:0,parent=spi1.0: JESD204[0] transition link_setup -> opt_setup_stage1
[   11.034233] jesd204: /axi/spi@ff040000/ad9081@0,jesd204:0,parent=spi1.0: JESD204[2] transition opt_setup_stage1 -> opt_setup_stage2
[   11.046059] jesd204: /axi/spi@ff040000/ad9081@0,jesd204:0,parent=spi1.0: JESD204[0] transition opt_setup_stage1 -> opt_setup_stage2
[   11.058029] jesd204: /axi/spi@ff040000/ad9081@0,jesd204:0,parent=spi1.0: JESD204[2] transition opt_setup_stage2 -> opt_setup_stage3
[   11.069850] jesd204: /axi/spi@ff040000/ad9081@0,jesd204:0,parent=spi1.0: JESD204[0] transition opt_setup_stage2 -> opt_setup_stage3
[   11.081674] jesd204: /axi/spi@ff040000/ad9081@0,jesd204:0,parent=spi1.0: JESD204[2] transition opt_setup_stage3 -> opt_setup_stage4
[   11.093492] jesd204: /axi/spi@ff040000/ad9081@0,jesd204:0,parent=spi1.0: JESD204[0] transition opt_setup_stage3 -> opt_setup_stage4
[   11.105320] jesd204: /axi/spi@ff040000/ad9081@0,jesd204:0,parent=spi1.0: JESD204[2] transition opt_setup_stage4 -> opt_setup_stage5
[   11.117137] jesd204: /axi/spi@ff040000/ad9081@0,jesd204:0,parent=spi1.0: JESD204[0] transition opt_setup_stage4 -> opt_setup_stage5
[   11.133069] jesd204: /axi/spi@ff040000/ad9081@0,jesd204:0,parent=spi1.0: JESD204[2] transition opt_setup_stage5 -> clocks_enable
[   11.144628] jesd204: /axi/spi@ff040000/ad9081@0,jesd204:0,parent=spi1.0: JESD204[0] transition opt_setup_stage5 -> clocks_enable
[   11.179388] axi_adxcvr 84a60000.axi-adxcvr-rx: adxcvr_clk_enable: CPLL RX buffer underflow error, status: 0x61
[   11.189379] axi_adxcvr 84a60000.axi-adxcvr-rx: adxcvr_clk_enable: CPLL RX buffer overflow error, status: 0x61
[   11.199347] jesd204: /axi/spi@ff040000/ad9081@0,jesd204:0,parent=spi1.0: JESD204[2] transition clocks_enable -> link_enable
[   11.210475] jesd204: /axi/spi@ff040000/ad9081@0,jesd204:0,parent=spi1.0: JESD204[0] transition clocks_enable -> link_enable
[   11.351759] axi-jesd204-rx 84a90000.axi-jesd204-rx: axi_jesd204_rx_jesd204_link_running: Link2 status failed (CGS)
[   11.362105] jesd204: /fpga-axi@0/axi-jesd204-rx@84a90000,jesd204:4,parent=84a90000.axi-jesd204-rx: JESD204[2] In link_running got error from cb: -1
[   11.375316] jesd204: /axi/spi@ff040000/ad9081@0,jesd204:0,parent=spi1.0: Rolling back from 'link_enable', got error -1
[   11.386011] jesd204: /axi/spi@ff040000/ad9081@0,jesd204:0,parent=spi1.0: JESD204[0] transition link_enable -> link_running
[   11.397049] jesd204: /axi/spi@ff040000/ad9081@0,jesd204:0,parent=spi1.0: JESD204[2] transition link_enable -> link_running
[   11.408147] jesd204: /axi/spi@ff040000/ad9081@0,jesd204:0,parent=spi1.0: JESD204[0] transition link_running -> link_enable
[   11.419185] jesd204: /axi/spi@ff040000/ad9081@0,jesd204:0,parent=spi1.0: JESD204[2] transition link_running -> link_enable
[   11.434280] jesd204: /axi/spi@ff040000/ad9081@0,jesd204:0,parent=spi1.0: JESD204[0] transition link_enable -> clocks_enable
[   11.445409] jesd204: /axi/spi@ff040000/ad9081@0,jesd204:0,parent=spi1.0: JESD204[2] transition link_enable -> clocks_enable
[   11.456536] jesd204: /axi/spi@ff040000/ad9081@0,jesd204:0,parent=spi1.0: JESD204[0] transition clocks_enable -> opt_setup_stage5
[   11.468095] jesd204: /axi/spi@ff040000/ad9081@0,jesd204:0,parent=spi1.0: JESD204[2] transition clocks_enable -> opt_setup_stage5
[   11.479663] jesd204: /axi/spi@ff040000/ad9081@0,jesd204:0,parent=spi1.0: JESD204[0] transition opt_setup_stage5 -> opt_setup_stage4
[   11.491488] jesd204: /axi/spi@ff040000/ad9081@0,jesd204:0,parent=spi1.0: JESD204[2] transition opt_setup_stage5 -> opt_setup_stage4
[   11.503312] jesd204: /axi/spi@ff040000/ad9081@0,jesd204:0,parent=spi1.0: JESD204[0] transition opt_setup_stage4 -> opt_setup_stage3
[   11.515132] jesd204: /axi/spi@ff040000/ad9081@0,jesd204:0,parent=spi1.0: JESD204[2] transition opt_setup_stage4 -> opt_setup_stage3
[   11.526958] jesd204: /axi/spi@ff040000/ad9081@0,jesd204:0,parent=spi1.0: JESD204[0] transition opt_setup_stage3 -> opt_setup_stage2
[   11.538776] jesd204: /axi/spi@ff040000/ad9081@0,jesd204:0,parent=spi1.0: JESD204[2] transition opt_setup_stage3 -> opt_setup_stage2
[   11.550601] jesd204: /axi/spi@ff040000/ad9081@0,jesd204:0,parent=spi1.0: JESD204[0] transition opt_setup_stage2 -> opt_setup_stage1
[   11.562421] jesd204: /axi/spi@ff040000/ad9081@0,jesd204:0,parent=spi1.0: JESD204[2] transition opt_setup_stage2 -> opt_setup_stage1
[   11.574248] jesd204: /axi/spi@ff040000/ad9081@0,jesd204:0,parent=spi1.0: JESD204[0] transition opt_setup_stage1 -> link_setup
[   11.585547] jesd204: /axi/spi@ff040000/ad9081@0,jesd204:0,parent=spi1.0: JESD204[2] transition opt_setup_stage1 -> link_setup
[   11.596848] jesd204: /axi/spi@ff040000/ad9081@0,jesd204:0,parent=spi1.0: JESD204[0] transition link_setup -> clk_sync_stage3
[   11.608064] jesd204: /axi/spi@ff040000/ad9081@0,jesd204:0,parent=spi1.0: JESD204[2] transition link_setup -> clk_sync_stage3
[   11.619277] jesd204: /axi/spi@ff040000/ad9081@0,jesd204:0,parent=spi1.0: JESD204[0] transition clk_sync_stage3 -> clk_sync_stage2
[   11.630924] jesd204: /axi/spi@ff040000/ad9081@0,jesd204:0,parent=spi1.0: JESD204[2] transition clk_sync_stage3 -> clk_sync_stage2
[   11.642574] jesd204: /axi/spi@ff040000/ad9081@0,jesd204:0,parent=spi1.0: JESD204[0] transition clk_sync_stage2 -> clk_sync_stage1
[   11.654220] jesd204: /axi/spi@ff040000/ad9081@0,jesd204:0,parent=spi1.0: JESD204[2] transition clk_sync_stage2 -> clk_sync_stage1
[   11.665875] jesd204: /axi/spi@ff040000/ad9081@0,jesd204:0,parent=spi1.0: JESD204[0] transition clk_sync_stage1 -> link_pre_setup
[   11.677430] jesd204: /axi/spi@ff040000/ad9081@0,jesd204:0,parent=spi1.0: JESD204[2] transition clk_sync_stage1 -> link_pre_setup
[   11.688995] jesd204: /axi/spi@ff040000/ad9081@0,jesd204:0,parent=spi1.0: JESD204[0] transition link_pre_setup -> link_supported
[   11.700467] jesd204: /axi/spi@ff040000/ad9081@0,jesd204:0,parent=spi1.0: JESD204[2] transition link_pre_setup -> link_supported
[   11.711945] jesd204: /axi/spi@ff040000/ad9081@0,jesd204:0,parent=spi1.0: JESD204[0] transition link_supported -> link_init
[   11.722983] jesd204: /axi/spi@ff040000/ad9081@0,jesd204:0,parent=spi1.0: JESD204[2] transition link_supported -> link_init
[   11.734030] jesd204: /axi/spi@ff040000/ad9081@0,jesd204:0,parent=spi1.0: JESD204[0] transition link_init -> device_init
[   11.744806] jesd204: /axi/spi@ff040000/ad9081@0,jesd204:0,parent=spi1.0: JESD204[2] transition link_init -> device_init
[   11.755588] jesd204: /axi/spi@ff040000/ad9081@0,jesd204:0,parent=spi1.0: JESD204[0] transition device_init -> idle
[   11.765931] jesd204: /axi/spi@ff040000/ad9081@0,jesd204:0,parent=spi1.0: JESD204[2] transition device_init -> idle
[   11.776278] jesd204: /axi/spi@ff040000/ad9081@0,jesd204:0,parent=spi1.0: FSM completed with error -1
[   11.794668] input: gpio-keys as /devices/platform/gpio-keys/input/input0
[   11.801706] of_cfs_init
[   11.804165] of_cfs_init: OK
[   11.807100] cfg80211: Loading compiled-in X.509 certificates for regulatory database
[   11.945276] cfg80211: Loaded X.509 cert 'sforshee: 00b28ddf47aef9cea7'
[   11.951808] clk: Not disabling unused clocks
[   11.956335] ALSA device list:
[   11.959293]   No soundcards found.
[   11.962978] platform regulatory.0: Direct firmware load for regulatory.db failed with error -2
[   11.971590] cfg80211: failed to load regulatory.db
[   11.985907] EXT4-fs (mmcblk0p2): mounted filesystem with ordered data mode. Opts: (null)
[   11.994028] VFS: Mounted root (ext4 filesystem) on device 179:2.
[   12.007039] devtmpfs: mounted
[   12.010882] Freeing unused kernel memory: 2560K
[   12.023810] Run /sbin/init as init process
[   12.027902]   with arguments:
[   12.027905]     /sbin/init
[   12.027907]   with environment:
[   12.027910]     HOME=/
[   12.027912]     TERM=linux
[   12.592411] systemd[1]: systemd 241 running in system mode. (+PAM +AUDIT +SELINUX +IMA +APPARMOR +SMACK +SYSVINIT +UTMP +LIBCRYPTSETUP +GCRYPT +GNUTLS +ACL +XZ +LZ4 +SECCOMP +BLKID +ELFUTILS +KMOD -IDN2 +IDN -PCRE2 default-hierarchy=hybrid)
[   12.614288] systemd[1]: Detected architecture arm64.
[   12.636467] systemd[1]: Set hostname to <analog>.
[   12.821995] systemd[1]: File /lib/systemd/system/systemd-journald.service:12 configures an IP firewall (IPAddressDeny=any), but the local system does not support BPF/cgroup based firewalling.
[   12.839092] systemd[1]: Proceeding WITHOUT firewalling in effect! (This warning is only shown for the first loaded unit using IP firewalling.)
[   13.002155] systemd[1]: /etc/systemd/system/tof-server.service:1: Assignment outside of section. Ignoring.
[   13.011874] systemd[1]: /etc/systemd/system/tof-server.service:2: Assignment outside of section. Ignoring.
[   13.194783] random: systemd: uninitialized urandom read (16 bytes read)
[   13.209503] systemd[1]: Condition check resulted in Arbitrary Executable File Formats File System Automount Point being skipped.
[   13.221148] random: systemd: uninitialized urandom read (16 bytes read)
[   13.228062] systemd[1]: Listening on Syslog Socket.
[   13.243843] random: systemd: uninitialized urandom read (16 bytes read)
[   13.251035] systemd[1]: Created slice system-serial\x2dgetty.slice.
[   14.035084] EXT4-fs (mmcblk0p2): re-mounted. Opts: (null)
[   14.119907] systemd-journald[148]: Received request to flush runtime journal from PID 1
[   15.683614] random: crng init done
[   15.683627] random: 7 urandom warning(s) missed due to ratelimiting
[   19.994105] macb ff0e0000.ethernet eth0: PHY [ff0e0000.ethernet-ffffffff:0c] driver [TI DP83867] (irq=POLL)
[   19.994119] macb ff0e0000.ethernet eth0: configuring for phy/rgmii-id link mode
[   20.304059] Adding 82940k swap on /var/swap.  Priority:-2 extents:1 across:82940k SS
[   22.889554] broken atomic modeset userspace detected, disabling atomic
[   23.073364] macb ff0e0000.ethernet eth0: Link is Up - 1Gbps/Full - flow control off
[   23.073388] IPv6: ADDRCONF(NETDEV_CHANGE): eth0: link becomes ready
[   25.557024] broken atomic modeset userspace detected, disabling atomic
[   28.438193] broken atomic modeset userspace detected, disabling atomic