[    0.000000] Booting Linux on physical CPU 0x0000000000 [0x410fd034]
[    0.000000] Linux version 5.10.0-98103-g2aa7ac113716 (jenkins@romlxbuild1.adlk.analog.com) (aarch64-xilinx-linux-gcc.real (GCC) 10.2.0, GNU ld (GNU Binutils) 2.35.0.20200730) #5577 SMP Wed Mar 23 07:28:49 GMT 2022
[    0.000000] Machine model: ZynqMP ZCU102 Rev1.0
[    0.000000] earlycon: cdns0 at MMIO 0x00000000ff000000 (options '115200n8')
[    0.000000] printk: bootconsole [cdns0] enabled
[    0.000000] efi: UEFI not found.
[    0.000000] cma: Reserved 256 MiB at 0x0000000070000000
[    0.000000] Zone ranges:
[    0.000000]   DMA      [mem 0x0000000000000000-0x000000003fffffff]
[    0.000000]   DMA32    [mem 0x0000000040000000-0x00000000ffffffff]
[    0.000000]   Normal   [mem 0x0000000100000000-0x000000087fffffff]
[    0.000000] Movable zone start for each node
[    0.000000] Early memory node ranges
[    0.000000]   node   0: [mem 0x0000000000000000-0x000000007fffffff]
[    0.000000]   node   0: [mem 0x0000000800000000-0x000000087fffffff]
[    0.000000] Initmem setup node 0 [mem 0x0000000000000000-0x000000087fffffff]
[    0.000000] On node 0 totalpages: 1048576
[    0.000000]   DMA zone: 3584 pages used for memmap
[    0.000000]   DMA zone: 0 pages reserved
[    0.000000]   DMA zone: 262144 pages, LIFO batch:63
[    0.000000]   DMA32 zone: 3584 pages used for memmap
[    0.000000]   DMA32 zone: 262144 pages, LIFO batch:63
[    0.000000]   Normal zone: 7168 pages used for memmap
[    0.000000]   Normal zone: 524288 pages, LIFO batch:63
[    0.000000] psci: probing for conduit method from DT.
[    0.000000] psci: PSCIv1.1 detected in firmware.
[    0.000000] psci: Using standard PSCI v0.2 function IDs
[    0.000000] psci: MIGRATE_INFO_TYPE not supported.
[    0.000000] psci: SMC Calling Convention v1.2
[    0.000000] percpu: Embedded 22 pages/cpu s49496 r8192 d32424 u90112
[    0.000000] pcpu-alloc: s49496 r8192 d32424 u90112 alloc=22*4096
[    0.000000] pcpu-alloc: [0] 0 [0] 1 [0] 2 [0] 3 
[    0.000000] Detected VIPT I-cache on CPU0
[    0.000000] CPU features: detected: ARM erratum 845719
[    0.000000] Built 1 zonelists, mobility grouping on.  Total pages: 1034240
[    0.000000] Kernel command line: console=ttyPS0,115200 root=/dev/mmcblk0p2 rw earlycon rootfstype=ext4 rootwait clk_ignore_unused cpuidle.off=1 root=/dev/mmcblk0p2 rw rootwait
[    0.000000] Dentry cache hash table entries: 524288 (order: 10, 4194304 bytes, linear)
[    0.000000] Inode-cache hash table entries: 262144 (order: 9, 2097152 bytes, linear)
[    0.000000] mem auto-init: stack:off, heap alloc:off, heap free:off
[    0.000000] software IO TLB: mapped [mem 0x000000003bfff000-0x000000003ffff000] (64MB)
[    0.000000] Memory: 3761904K/4194304K available (15296K kernel code, 1636K rwdata, 11876K rodata, 2560K init, 507K bss, 170256K reserved, 262144K cma-reserved)
[    0.000000] rcu: Hierarchical RCU implementation.
[    0.000000] rcu: 	RCU event tracing is enabled.
[    0.000000] rcu: 	RCU restricting CPUs from NR_CPUS=8 to nr_cpu_ids=4.
[    0.000000] rcu: RCU calculated value of scheduler-enlistment delay is 25 jiffies.
[    0.000000] rcu: Adjusting geometry for rcu_fanout_leaf=16, nr_cpu_ids=4
[    0.000000] NR_IRQS: 64, nr_irqs: 64, preallocated irqs: 0
[    0.000000] GIC: Adjusting CPU interface base to 0x00000000f902f000
[    0.000000] GIC: Using split EOI/Deactivate mode
[    0.000000] random: get_random_bytes called from start_kernel+0x31c/0x54c with crng_init=0
[    0.000000] arch_timer: cp15 timer(s) running at 100.00MHz (phys).
[    0.000000] clocksource: arch_sys_counter: mask: 0xffffffffffffff max_cycles: 0x171024e7e0, max_idle_ns: 440795205315 ns
[    0.000003] sched_clock: 56 bits at 100MHz, resolution 10ns, wraps every 4398046511100ns
[    0.008462] Console: colour dummy device 80x25
[    0.012483] Calibrating delay loop (skipped), value calculated using timer frequency.. 200.00 BogoMIPS (lpj=400000)
[    0.022841] pid_max: default: 32768 minimum: 301
[    0.027549] Mount-cache hash table entries: 8192 (order: 4, 65536 bytes, linear)
[    0.034789] Mountpoint-cache hash table entries: 8192 (order: 4, 65536 bytes, linear)
[    0.043394] rcu: Hierarchical SRCU implementation.
[    0.047561] EFI services will not be available.
[    0.051939] smp: Bringing up secondary CPUs ...
[    0.056655] Detected VIPT I-cache on CPU1
[    0.056694] CPU1: Booted secondary processor 0x0000000001 [0x410fd034]
[    0.057058] Detected VIPT I-cache on CPU2
[    0.057083] CPU2: Booted secondary processor 0x0000000002 [0x410fd034]
[    0.057422] Detected VIPT I-cache on CPU3
[    0.057445] CPU3: Booted secondary processor 0x0000000003 [0x410fd034]
[    0.057491] smp: Brought up 1 node, 4 CPUs
[    0.091780] SMP: Total of 4 processors activated.
[    0.096452] CPU features: detected: 32-bit EL0 Support
[    0.101556] CPU features: detected: CRC32 instructions
[    0.106697] CPU: All CPU(s) started at EL2
[    0.110736] alternatives: patching kernel code
[    0.116169] devtmpfs: initialized
[    0.124064] Registered cp15_barrier emulation handler
[    0.124114] Registered setend emulation handler
[    0.128094] clocksource: jiffies: mask: 0xffffffff max_cycles: 0xffffffff, max_idle_ns: 7645041785100000 ns
[    0.137670] futex hash table entries: 1024 (order: 4, 65536 bytes, linear)
[    0.151030] pinctrl core: initialized pinctrl subsystem
[    0.151677] NET: Registered protocol family 16
[    0.156095] DMA: preallocated 512 KiB GFP_KERNEL pool for atomic allocations
[    0.162107] DMA: preallocated 512 KiB GFP_KERNEL|GFP_DMA pool for atomic allocations
[    0.169833] DMA: preallocated 512 KiB GFP_KERNEL|GFP_DMA32 pool for atomic allocations
[    0.177637] audit: initializing netlink subsys (disabled)
[    0.183088] audit: type=2000 audit(0.116:1): state=initialized audit_enabled=0 res=1
[    0.183431] hw-breakpoint: found 6 breakpoint and 4 watchpoint registers.
[    0.197463] ASID allocator initialised with 65536 entries
[    0.224340] HugeTLB registered 1.00 GiB page size, pre-allocated 0 pages
[    0.225395] HugeTLB registered 32.0 MiB page size, pre-allocated 0 pages
[    0.232065] HugeTLB registered 2.00 MiB page size, pre-allocated 0 pages
[    0.238729] HugeTLB registered 64.0 KiB page size, pre-allocated 0 pages
[    1.304317] DRBG: Continuing without Jitter RNG
[    1.382125] raid6: neonx8   gen()  2142 MB/s
[    1.450171] raid6: neonx8   xor()  1600 MB/s
[    1.518236] raid6: neonx4   gen()  2190 MB/s
[    1.586280] raid6: neonx4   xor()  1564 MB/s
[    1.654341] raid6: neonx2   gen()  2076 MB/s
[    1.722396] raid6: neonx2   xor()  1435 MB/s
[    1.790466] raid6: neonx1   gen()  1772 MB/s
[    1.858506] raid6: neonx1   xor()  1220 MB/s
[    1.926566] raid6: int64x8  gen()  1438 MB/s
[    1.994621] raid6: int64x8  xor()   771 MB/s
[    2.062698] raid6: int64x4  gen()  1599 MB/s
[    2.130749] raid6: int64x4  xor()   818 MB/s
[    2.198804] raid6: int64x2  gen()  1397 MB/s
[    2.266869] raid6: int64x2  xor()   749 MB/s
[    2.334943] raid6: int64x1  gen()  1034 MB/s
[    2.402994] raid6: int64x1  xor()   517 MB/s
[    2.403032] raid6: using algorithm neonx4 gen() 2190 MB/s
[    2.406987] raid6: .... xor() 1564 MB/s, rmw enabled
[    2.411918] raid6: using neon recovery algorithm
[    2.416928] iommu: Default domain type: Translated 
[    2.421541] SCSI subsystem initialized
[    2.425087] libata version 3.00 loaded.
[    2.425211] usbcore: registered new interface driver usbfs
[    2.430544] usbcore: registered new interface driver hub
[    2.435817] usbcore: registered new device driver usb
[    2.440950] mc: Linux media interface: v0.10
[    2.445066] videodev: Linux video capture interface: v2.00
[    2.450557] EDAC MC: Ver: 3.0.0
[    2.453998] zynqmp-ipi-mbox mailbox@ff990400: Registered ZynqMP IPI mbox with TX/RX channels.
[    2.462503] jesd204: created con: id=0, topo=0, link=0, /axi/spi@ff050000/hmc7044@0 <-> /fpga-axi@0/axi-adxcvr-tx@84b60000
[    2.473086] jesd204: created con: id=1, topo=0, link=2, /axi/spi@ff050000/hmc7044@0 <-> /fpga-axi@0/axi-adxcvr-rx@84a60000
[    2.484070] jesd204: created con: id=2, topo=0, link=0, /fpga-axi@0/axi-adxcvr-tx@84b60000 <-> /fpga-axi@0/axi-jesd204-tx@84b90000
[    2.495746] jesd204: created con: id=3, topo=0, link=2, /fpga-axi@0/axi-adxcvr-rx@84a60000 <-> /fpga-axi@0/axi-jesd204-rx@84a90000
[    2.507423] jesd204: created con: id=4, topo=0, link=0, /fpga-axi@0/axi-jesd204-tx@84b90000 <-> /fpga-axi@0/axi-ad9081-tx-hpc@84b10000
[    2.519451] jesd204: created con: id=5, topo=0, link=2, /fpga-axi@0/axi-jesd204-rx@84a90000 <-> /fpga-axi@0/axi-ad9081-rx-hpc@84a10000
[    2.531473] jesd204: created con: id=6, topo=0, link=2, /fpga-axi@0/axi-ad9081-rx-hpc@84a10000 <-> /axi/spi@ff040000/ad9081@0
[    2.542715] jesd204: created con: id=7, topo=0, link=0, /fpga-axi@0/axi-ad9081-tx-hpc@84b10000 <-> /axi/spi@ff040000/ad9081@0
[    2.553965] jesd204: /axi/spi@ff040000/ad9081@0: JESD204[2] transition uninitialized -> initialized
[    2.562951] jesd204: /axi/spi@ff040000/ad9081@0: JESD204[0] transition uninitialized -> initialized
[    2.571943] jesd204: found 8 devices and 1 topologies
[    2.576987] FPGA manager framework
[    2.580466] Advanced Linux Sound Architecture Driver Initialized.
[    2.586760] Bluetooth: Core ver 2.22
[    2.589946] NET: Registered protocol family 31
[    2.594347] Bluetooth: HCI device and connection manager initialized
[    2.600663] Bluetooth: HCI socket layer initialized
[    2.605506] Bluetooth: L2CAP socket layer initialized
[    2.610530] Bluetooth: SCO socket layer initialized
[    2.615708] clocksource: Switched to clocksource arch_sys_counter
[    2.621521] VFS: Disk quotas dquot_6.6.0
[    2.625357] VFS: Dquot-cache hash table entries: 512 (order 0, 4096 bytes)
[    2.636076] NET: Registered protocol family 2
[    2.636800] tcp_listen_portaddr_hash hash table entries: 2048 (order: 3, 32768 bytes, linear)
[    2.644997] TCP established hash table entries: 32768 (order: 6, 262144 bytes, linear)
[    2.653022] TCP bind hash table entries: 32768 (order: 7, 524288 bytes, linear)
[    2.660467] TCP: Hash tables configured (established 32768 bind 32768)
[    2.666641] UDP hash table entries: 2048 (order: 4, 65536 bytes, linear)
[    2.673308] UDP-Lite hash table entries: 2048 (order: 4, 65536 bytes, linear)
[    2.680470] NET: Registered protocol family 1
[    2.684924] RPC: Registered named UNIX socket transport module.
[    2.690545] RPC: Registered udp transport module.
[    2.695209] RPC: Registered tcp transport module.
[    2.699879] RPC: Registered tcp NFSv4.1 backchannel transport module.
[    2.706870] PCI: CLS 0 bytes, default 64
[    2.710575] hw perfevents: no interrupt-affinity property for /pmu, guessing.
[    2.717430] hw perfevents: enabled with armv8_pmuv3 PMU driver, 7 counters available
[    2.725787] Initialise system trusted keyrings
[    2.729458] workingset: timestamp_bits=62 max_order=20 bucket_order=0
[    2.736354] NFS: Registering the id_resolver key type
[    2.740808] Key type id_resolver registered
[    2.744946] Key type id_legacy registered
[    2.748938] nfs4filelayout_init: NFSv4 File Layout Driver Registering...
[    2.755603] jffs2: version 2.2. (NAND) (SUMMARY)  Â© 2001-2006 Red Hat, Inc.
[    2.799639] NET: Registered protocol family 38
[    2.799681] xor: measuring software checksum speed
[    2.807370]    8regs           :  2363 MB/sec
[    2.811038]    32regs          :  2799 MB/sec
[    2.815985]    arm64_neon      :  2380 MB/sec
[    2.816171] xor: using function: 32regs (2799 MB/sec)
[    2.821197] Key type asymmetric registered
[    2.825258] Asymmetric key parser 'x509' registered
[    2.830119] Block layer SCSI generic (bsg) driver version 0.4 loaded (major 248)
[    2.837456] io scheduler mq-deadline registered
[    2.841953] io scheduler kyber registered
[    2.871373] Serial: 8250/16550 driver, 4 ports, IRQ sharing disabled
[    2.876028] cacheinfo: Unable to detect cache hierarchy for CPU 0
[    2.882342] brd: module loaded
[    2.886473] loop: module loaded
[    2.887022] Registered mathworks_ip class
[    2.890385] libphy: Fixed MDIO Bus: probed
[    2.893364] tun: Universal TUN/TAP device driver, 1.6
[    2.897428] CAN device driver interface
[    2.901960] usbcore: registered new interface driver asix
[    2.906561] usbcore: registered new interface driver ax88179_178a
[    2.912593] usbcore: registered new interface driver cdc_ether
[    2.918385] usbcore: registered new interface driver net1080
[    2.924010] usbcore: registered new interface driver cdc_subset
[    2.929891] usbcore: registered new interface driver zaurus
[    2.935435] usbcore: registered new interface driver cdc_ncm
[    2.941839] ehci_hcd: USB 2.0 'Enhanced' Host Controller (EHCI) Driver
[    2.947521] ehci-pci: EHCI PCI platform driver
[    2.952320] usbcore: registered new interface driver uas
[    2.957238] usbcore: registered new interface driver usb-storage
[    2.963226] usbcore: registered new interface driver usbserial_generic
[    2.969675] usbserial: USB Serial support registered for generic
[    2.975648] usbcore: registered new interface driver ftdi_sio
[    2.981351] usbserial: USB Serial support registered for FTDI USB Serial Device
[    2.988627] usbcore: registered new interface driver upd78f0730
[    2.994499] usbserial: USB Serial support registered for upd78f0730
[    3.002148] rtc_zynqmp ffa60000.rtc: registered as rtc0
[    3.005924] rtc_zynqmp ffa60000.rtc: setting system clock to 2022-03-26T02:12:08 UTC (1648260728)
[    3.014786] i2c /dev entries driver
[    3.020104] usbcore: registered new interface driver uvcvideo
[    3.023899] USB Video Class driver (1.1.1)
[    3.029470] Bluetooth: HCI UART driver ver 2.3
[    3.032381] Bluetooth: HCI UART protocol H4 registered
[    3.037480] Bluetooth: HCI UART protocol BCSP registered
[    3.042768] Bluetooth: HCI UART protocol LL registered
[    3.047858] Bluetooth: HCI UART protocol ATH3K registered
[    3.053233] Bluetooth: HCI UART protocol Three-wire (H5) registered
[    3.059486] Bluetooth: HCI UART protocol Intel registered
[    3.064824] Bluetooth: HCI UART protocol QCA registered
[    3.070028] usbcore: registered new interface driver bcm203x
[    3.075646] usbcore: registered new interface driver bpa10x
[    3.081181] usbcore: registered new interface driver bfusb
[    3.086634] usbcore: registered new interface driver btusb
[    3.092096] usbcore: registered new interface driver ath3k
[    3.097577] EDAC MC: ECC not enabled
[    3.101207] EDAC DEVICE0: Giving out device to module zynqmp-ocm-edac controller zynqmp_ocm: DEV ff960000.memory-controller (INTERRUPT)
[    3.113516] sdhci: Secure Digital Host Controller Interface driver
[    3.119308] sdhci: Copyright(c) Pierre Ossman
[    3.123631] sdhci-pltfm: SDHCI platform and OF driver helper
[    3.129682] ledtrig-cpu: registered to indicate activity on CPUs
[    3.135237] SMCCC: SOC_ID: ARCH_SOC_ID not implemented, skipping ....
[    3.141669] zynqmp_firmware_probe Platform Management API v1.1
[    3.147423] zynqmp_firmware_probe Trustzone version v1.0
[    3.186970] zynqmp-pinctrl firmware:zynqmp-firmware:pinctrl: zynqmp pinctrl initialized
[    3.234960] zynqmp-aes firmware:zynqmp-firmware:zynqmp-aes: will run requests pump with realtime priority
[    3.250762] alg: No test for xilinx-keccak-384 (zynqmp-keccak-384)
[    3.251468] alg: No test for xilinx-zynqmp-rsa (zynqmp-rsa)
[    3.256982] usbcore: registered new interface driver usbhid
[    3.262372] usbhid: USB HID core driver
[    3.273635] axi_sysid 85000000.axi-sysid-0: AXI System ID core version (1.01.a) found
[    3.275998] axi_sysid 85000000.axi-sysid-0: [ad9081_fmca_ebz] on [zcu102] git branch <master> git <084d44c9780640ca93fd847b1d9ec70dd65f5c67> clean [2022-03-18 04:17:50] UTC
[    3.291671] fpga_manager fpga0: Xilinx ZynqMP FPGA Manager registered
[    3.298030] usbcore: registered new interface driver snd-usb-audio
[    3.305476] pktgen: Packet Generator for packet performance testing. Version: 2.75
[    3.311652] Initializing XFRM netlink socket
[    3.315512] NET: Registered protocol family 10
[    3.320232] Segment Routing with IPv6
[    3.323609] sit: IPv6, IPv4 and MPLS over IPv4 tunneling driver
[    3.329689] NET: Registered protocol family 17
[    3.333787] NET: Registered protocol family 15
[    3.338286] can: controller area network core
[    3.342537] NET: Registered protocol family 29
[    3.346932] can: raw protocol
[    3.349866] can: broadcast manager protocol
[    3.354021] can: netlink gateway - max_hops=1
[    3.358412] Bluetooth: RFCOMM TTY layer initialized
[    3.363193] Bluetooth: RFCOMM socket layer initialized
[    3.368304] Bluetooth: RFCOMM ver 1.11
[    3.372014] Bluetooth: BNEP (Ethernet Emulation) ver 1.3
[    3.377284] Bluetooth: BNEP filters: protocol multicast
[    3.382478] Bluetooth: BNEP socket layer initialized
[    3.387405] Bluetooth: HIDP (Human Interface Emulation) ver 1.2
[    3.393288] Bluetooth: HIDP socket layer initialized
[    3.398344] 9pnet: Installing 9P2000 support
[    3.402466] NET: Registered protocol family 36
[    3.406884] Key type dns_resolver registered
[    3.411313] registered taskstats version 1
[    3.415179] Loading compiled-in X.509 certificates
[    3.420293] Btrfs loaded, crc32c=crc32c-generic
[    3.432684] ff000000.serial: ttyPS0 at MMIO 0xff000000 (irq = 49, base_baud = 6249999) is a xuartps
[    3.441705] printk: console [ttyPS0] enabled
[    3.446000] printk: bootconsole [cdns0] disabled
[    3.455625] ff010000.serial: ttyPS1 at MMIO 0xff010000 (irq = 50, base_baud = 6249999) is a xuartps
[    3.468877] of-fpga-region fpga-full: FPGA Region probed
[    3.475830] nwl-pcie fd0e0000.pcie: host bridge /axi/pcie@fd0e0000 ranges:
[    3.482727] nwl-pcie fd0e0000.pcie:      MEM 0x00e0000000..0x00efffffff -> 0x00e0000000
[    3.490731] nwl-pcie fd0e0000.pcie:      MEM 0x0600000000..0x07ffffffff -> 0x0600000000
[    3.498800] nwl-pcie fd0e0000.pcie: Link is DOWN
[    3.503557] nwl-pcie fd0e0000.pcie: PCI host bridge to bus 0000:00
[    3.509738] pci_bus 0000:00: root bus resource [bus 00-ff]
[    3.515219] pci_bus 0000:00: root bus resource [mem 0xe0000000-0xefffffff]
[    3.522084] pci_bus 0000:00: root bus resource [mem 0x600000000-0x7ffffffff pref]
[    3.529586] pci 0000:00:00.0: [10ee:d021] type 01 class 0x060400
[    3.535648] pci 0000:00:00.0: PME# supported from D0 D1 D2 D3hot
[    3.546087] pci 0000:00:00.0: PCI bridge to [bus 01-0c]
[    3.552076] xilinx-zynqmp-dma fd500000.dma: ZynqMP DMA driver Probe success
[    3.559253] xilinx-zynqmp-dma fd510000.dma: ZynqMP DMA driver Probe success
[    3.566421] xilinx-zynqmp-dma fd520000.dma: ZynqMP DMA driver Probe success
[    3.573590] xilinx-zynqmp-dma fd530000.dma: ZynqMP DMA driver Probe success
[    3.580757] xilinx-zynqmp-dma fd540000.dma: ZynqMP DMA driver Probe success
[    3.587925] xilinx-zynqmp-dma fd550000.dma: ZynqMP DMA driver Probe success
[    3.595095] xilinx-zynqmp-dma fd560000.dma: ZynqMP DMA driver Probe success
[    3.602265] xilinx-zynqmp-dma fd570000.dma: ZynqMP DMA driver Probe success
[    3.609662] xilinx-zynqmp-dpdma fd4c0000.dma-controller: Xilinx DPDMA engine is probed
[    3.618215] ahci-ceva fd0c0000.ahci: supply ahci not found, using dummy regulator
[    3.625758] ahci-ceva fd0c0000.ahci: supply phy not found, using dummy regulator
[    3.715882] hmc7044 spi2.0: PLL1: Acquisition, CLKIN0 @ 122880000 Hz, PFD: 80 kHz - PLL2: Locked @ 2488.000000 MHz
[    3.726599] jesd204: /axi/spi@ff050000/hmc7044@0,jesd204:1,parent=spi2.0: Using as SYSREF provider
[    3.736183] spi-nor spi0.0: SPI-NOR-UniqueID 100000235394732200270025081115266e
[    3.743489] spi-nor spi0.0: found n25q512a, expected m25p80
[    3.749688] spi-nor spi0.0: trying to lock already unlocked area
[    3.755691] spi-nor spi0.0: n25q512a (131072 Kbytes)
[    3.760670] 4 fixed-partitions partitions found on MTD device spi0.0
[    3.767015] Creating 4 MTD partitions on "spi0.0":
[    3.771800] 0x000000000000-0x000000100000 : "qspi-fsbl-uboot"
[    3.778288] 0x000000100000-0x000000600000 : "qspi-linux"
[    3.784244] 0x000000600000-0x000000620000 : "qspi-device-tree"
[    3.790718] 0x000000620000-0x000000c00000 : "qspi-rootfs"
[    3.799183] macb ff0e0000.ethernet: Not enabling partial store and forward
[    3.806707] libphy: MACB_mii_bus: probed
[    3.811776] macb ff0e0000.ethernet eth0: Cadence GEM rev 0x50070106 at 0xff0e0000 irq 30 (00:0a:35:04:8e:1b)
[    3.821982] xilinx-axipmon ffa00000.perf-monitor: Probed Xilinx APM
[    3.828559] xilinx-axipmon fd0b0000.perf-monitor: Probed Xilinx APM
[    3.835079] xilinx-axipmon fd490000.perf-monitor: Probed Xilinx APM
[    3.841623] xilinx-axipmon ffa10000.perf-monitor: Probed Xilinx APM
[    3.851622] pca953x 0-0020: supply vcc not found, using dummy regulator
[    3.858309] pca953x 0-0020: using no AI
[    3.862798] gpio-496 (sel0): hogged as output/low
[    3.867694] gpio-497 (sel1): hogged as output/high
[    3.872682] gpio-498 (sel2): hogged as output/high
[    3.877671] gpio-499 (sel3): hogged as output/high
[    3.882852] pca953x 0-0021: supply vcc not found, using dummy regulator
[    3.889517] pca953x 0-0021: using no AI
[    3.895280] ina2xx 2-0040: power monitor ina226 (Rshunt = 5000 uOhm)
[    3.902305] ina2xx 2-0041: power monitor ina226 (Rshunt = 5000 uOhm)
[    3.909342] ina2xx 2-0042: power monitor ina226 (Rshunt = 5000 uOhm)
[    3.916371] ina2xx 2-0043: power monitor ina226 (Rshunt = 5000 uOhm)
[    3.923392] ina2xx 2-0044: power monitor ina226 (Rshunt = 5000 uOhm)
[    3.930415] ina2xx 2-0045: power monitor ina226 (Rshunt = 5000 uOhm)
[    3.937447] ina2xx 2-0046: power monitor ina226 (Rshunt = 5000 uOhm)
[    3.944523] ina2xx 2-0047: power monitor ina226 (Rshunt = 5000 uOhm)
[    3.951548] ina2xx 2-004a: power monitor ina226 (Rshunt = 5000 uOhm)
[    3.958589] ina2xx 2-004b: power monitor ina226 (Rshunt = 5000 uOhm)
[    3.965001] i2c i2c-0: Added multiplexed i2c bus 2
[    3.970393] random: fast init done
[    3.973865] ina2xx 3-0040: power monitor ina226 (Rshunt = 2000 uOhm)
[    3.980893] ina2xx 3-0041: power monitor ina226 (Rshunt = 5000 uOhm)
[    3.987917] ina2xx 3-0042: power monitor ina226 (Rshunt = 5000 uOhm)
[    3.994948] ina2xx 3-0043: power monitor ina226 (Rshunt = 5000 uOhm)
[    4.001976] ina2xx 3-0044: power monitor ina226 (Rshunt = 5000 uOhm)
[    4.009002] ina2xx 3-0045: power monitor ina226 (Rshunt = 5000 uOhm)
[    4.016036] ina2xx 3-0046: power monitor ina226 (Rshunt = 5000 uOhm)
[    4.023064] ina2xx 3-0047: power monitor ina226 (Rshunt = 5000 uOhm)
[    4.029466] i2c i2c-0: Added multiplexed i2c bus 3
[    4.085389] i2c i2c-0: Added multiplexed i2c bus 4
[    4.090328] i2c i2c-0: Added multiplexed i2c bus 5
[    4.095116] pca954x 0-0075: registered 4 multiplexed busses for I2C mux pca9544
[    4.102466] cdns-i2c ff020000.i2c: 400 kHz mmio ff020000 irq 32
[    4.110201] at24 6-0054: supply vcc not found, using dummy regulator
[    4.117104] at24 6-0054: 1024 byte 24c08 EEPROM, writable, 1 bytes/write
[    4.123853] i2c i2c-1: Added multiplexed i2c bus 6
[    4.130285] si5341 7-0036: Chip: 5341 Grade: 1 Rev: 1
[    4.167971] i2c i2c-1: Added multiplexed i2c bus 7
[    4.175620] si570 8-005d: registered, current frequency 300000000 Hz
[    4.182028] i2c i2c-1: Added multiplexed i2c bus 8
[    4.201811] si570 9-005d: registered, current frequency 148500000 Hz
[    4.208213] i2c i2c-1: Added multiplexed i2c bus 9
[    4.213243] si5324 10-0069: si5328 probed
[    4.280066] si5324 10-0069: si5328 probe successful
[    4.284991] i2c i2c-1: Added multiplexed i2c bus 10
[    4.290020] i2c i2c-1: Added multiplexed i2c bus 11
[    4.295045] i2c i2c-1: Added multiplexed i2c bus 12
[    4.300065] i2c i2c-1: Added multiplexed i2c bus 13
[    4.304937] pca954x 1-0074: registered 8 multiplexed busses for I2C switch pca9548
[    4.313050] at24 14-0050: supply vcc not found, using dummy regulator
[    4.319836] at24 14-0050: 256 byte 24c02 EEPROM, writable, 1 bytes/write
[    4.326581] i2c i2c-1: Added multiplexed i2c bus 14
[    4.331621] i2c i2c-1: Added multiplexed i2c bus 15
[    4.336654] i2c i2c-1: Added multiplexed i2c bus 16
[    4.341691] i2c i2c-1: Added multiplexed i2c bus 17
[    4.346723] i2c i2c-1: Added multiplexed i2c bus 18
[    4.351767] i2c i2c-1: Added multiplexed i2c bus 19
[    4.356806] i2c i2c-1: Added multiplexed i2c bus 20
[    4.361839] i2c i2c-1: Added multiplexed i2c bus 21
[    4.366713] pca954x 1-0075: registered 8 multiplexed busses for I2C switch pca9548
[    4.374322] cdns-i2c ff030000.i2c: 400 kHz mmio ff030000 irq 33
[    4.384068] cdns-wdt fd4d0000.watchdog: Xilinx Watchdog Timer with timeout 60s
[    4.395004] axi_adxcvr 84a60000.axi-adxcvr-rx: AXI-ADXCVR-RX (17.05.a) using CPLL on GTH4 at 0x84A60000. Number of lanes: 4.
[    4.407181] axi_adxcvr 84b60000.axi-adxcvr-tx: AXI-ADXCVR-TX (17.05.a) using QPLL on GTH4 at 0x84B60000. Number of lanes: 4.
[    4.418803] axi-jesd204-rx 84a90000.axi-jesd204-rx: AXI-JESD204-RX (1.07.a) at 0x84A90000. Encoder 8b10b, width 4/4, lanes 4, jesd204-fsm.
[    4.426092] mmc0: SDHCI controller on ff170000.mmc [ff170000.mmc] using ADMA 64-bit
[    4.431644] axi-jesd204-tx 84b90000.axi-jesd204-tx: AXI-JESD204-TX (1.06.a) at 0x84B90000. Encoder 8b10b, width 4/4, lanes 4, jesd204-fsm.
[    4.452371] zynqmp-display fd4a0000.display: vtc bridge property not present
[    4.462017] xilinx-dp-snd-codec fd4a0000.display:zynqmp_dp_snd_codec0: Failed to get required clock freq
[    4.471525] xilinx-dp-snd-codec: probe of fd4a0000.display:zynqmp_dp_snd_codec0 failed with error -22
[    4.473497] mmc0: new high speed SDHC card at address 0001
[    4.481062] xilinx-dp-snd-pcm zynqmp_dp_snd_pcm0: Xilinx DisplayPort Sound PCM probed
[    4.486580] mmcblk0: mmc0:0001 EB1QT 29.8 GiB 
[    4.494379] xilinx-dp-snd-pcm zynqmp_dp_snd_pcm1: Xilinx DisplayPort Sound PCM probed
[    4.499725]  mmcblk0: p1 p2 p3
[    4.506683] OF: graph: no port node found in /axi/display@fd4a0000
[    4.515764] xlnx-drm xlnx-drm.0: bound fd4a0000.display (ops 0xffffffc010fcbdb8)
[    5.599728] zynqmp-display fd4a0000.display: [drm] Cannot find any crtc or sizes
[    5.607342] [drm] Initialized xlnx 1.0.0 20130509 for fd4a0000.display on minor 0
[    5.614829] zynqmp-display fd4a0000.display: ZynqMP DisplayPort Subsystem driver probed
[    5.623155] ahci-ceva fd0c0000.ahci: supply ahci not found, using dummy regulator
[    5.630700] ahci-ceva fd0c0000.ahci: supply phy not found, using dummy regulator
[    5.638152] ahci-ceva fd0c0000.ahci: supply target not found, using dummy regulator
[    5.656047] ahci-ceva fd0c0000.ahci: AHCI 0001.0301 32 slots 2 ports 6 Gbps 0x3 impl platform mode
[    5.665009] ahci-ceva fd0c0000.ahci: flags: 64bit ncq sntf pm clo only pmp fbs pio slum part ccc sds apst 
[    5.675632] scsi host0: ahci-ceva
[    5.679228] scsi host1: ahci-ceva
[    5.682654] ata1: SATA max UDMA/133 mmio [mem 0xfd0c0000-0xfd0c1fff] port 0x100 irq 45
[    5.690566] ata2: SATA max UDMA/133 mmio [mem 0xfd0c0000-0xfd0c1fff] port 0x180 irq 45
[    5.699169] ad9081 spi1.0: supply vdd not found, using dummy regulator
[    6.009930] ata1: SATA link down (SStatus 0 SControl 330)
[    6.015356] ata2: SATA link down (SStatus 0 SControl 330)
[    6.683732] zynqmp-display fd4a0000.display: [drm] Cannot find any crtc or sizes
[    7.519907] ad9081 spi1.0: AD9081 Rev. 2 Grade 10 (API 1.2.2) probed
[    7.527100] xhci-hcd xhci-hcd.1.auto: xHCI Host Controller
[    7.532600] xhci-hcd xhci-hcd.1.auto: new USB bus registered, assigned bus number 1
[    7.540346] xhci-hcd xhci-hcd.1.auto: hcc params 0x0238f625 hci version 0x100 quirks 0x0000000002010810
[    7.549765] xhci-hcd xhci-hcd.1.auto: irq 59, io mem 0xfe200000
[    7.555886] usb usb1: New USB device found, idVendor=1d6b, idProduct=0002, bcdDevice= 5.10
[    7.564147] usb usb1: New USB device strings: Mfr=3, Product=2, SerialNumber=1
[    7.571365] usb usb1: Product: xHCI Host Controller
[    7.576233] usb usb1: Manufacturer: Linux 5.10.0-98103-g2aa7ac113716 xhci-hcd
[    7.583358] usb usb1: SerialNumber: xhci-hcd.1.auto
[    7.588529] hub 1-0:1.0: USB hub found
[    7.592297] hub 1-0:1.0: 1 port detected
[    7.596400] xhci-hcd xhci-hcd.1.auto: xHCI Host Controller
[    7.601882] xhci-hcd xhci-hcd.1.auto: new USB bus registered, assigned bus number 2
[    7.609535] xhci-hcd xhci-hcd.1.auto: Host supports USB 3.0 SuperSpeed
[    7.616157] usb usb2: New USB device found, idVendor=1d6b, idProduct=0003, bcdDevice= 5.10
[    7.624419] usb usb2: New USB device strings: Mfr=3, Product=2, SerialNumber=1
[    7.631638] usb usb2: Product: xHCI Host Controller
[    7.636509] usb usb2: Manufacturer: Linux 5.10.0-98103-g2aa7ac113716 xhci-hcd
[    7.643633] usb usb2: SerialNumber: xhci-hcd.1.auto
[    7.648744] hub 2-0:1.0: USB hub found
[    7.652504] hub 2-0:1.0: 1 port detected
[    7.682597] cf_axi_adc 84a10000.axi-ad9081-rx-hpc: ADI AIM (10.01.b) at 0x84A10000 mapped to 0x(____ptrval____), probed ADC AD9081 as MASTER
[    7.712553] cf_axi_dds 84b10000.axi-ad9081-tx-hpc: Analog Devices CF_AXI_DDS_DDS MASTER (9.01.b) at 0x84B10000 mapped to 0x(____ptrval____), probed DDS AD9081
[    7.726751] jesd204: /axi/spi@ff040000/ad9081@0,jesd204:0,parent=spi1.0: JESD204[2] transition initialized -> probed
[    7.737272] jesd204: /axi/spi@ff040000/ad9081@0,jesd204:0,parent=spi1.0: JESD204[0] transition initialized -> probed
[    7.747795] jesd204: /axi/spi@ff040000/ad9081@0,jesd204:0,parent=spi1.0: JESD204[2] transition probed -> idle
[    7.757702] jesd204: /axi/spi@ff040000/ad9081@0,jesd204:0,parent=spi1.0: JESD204[0] transition probed -> idle
[    7.767621] jesd204: /axi/spi@ff040000/ad9081@0,jesd204:0,parent=spi1.0: JESD204[2] transition idle -> device_init
[    7.777961] jesd204: /axi/spi@ff040000/ad9081@0,jesd204:0,parent=spi1.0: JESD204[0] transition idle -> device_init
[    7.788316] jesd204: /axi/spi@ff040000/ad9081@0,jesd204:0,parent=spi1.0: JESD204[2] transition device_init -> link_init
[    7.799098] jesd204: /axi/spi@ff040000/ad9081@0,jesd204:0,parent=spi1.0: JESD204[0] transition device_init -> link_init
[    7.809889] jesd204: /axi/spi@ff040000/ad9081@0,jesd204:0,parent=spi1.0: JESD204[2] transition link_init -> link_supported
[    7.820929] jesd204: /axi/spi@ff040000/ad9081@0,jesd204:0,parent=spi1.0: JESD204[0] transition link_init -> link_supported
[    7.832338] hmc7044 spi2.0: hmc7044_jesd204_link_pre_setup: Link2 forcing continuous SYSREF mode
[    7.841510] jesd204: /axi/spi@ff040000/ad9081@0,jesd204:0,parent=spi1.0: JESD204[2] transition link_supported -> link_pre_setup
[    7.852985] jesd204: /axi/spi@ff040000/ad9081@0,jesd204:0,parent=spi1.0: JESD204[0] transition link_supported -> link_pre_setup
[    7.876827] jesd204: /axi/spi@ff040000/ad9081@0,jesd204:0,parent=spi1.0: JESD204[2] transition link_pre_setup -> clk_sync_stage1
[    7.888391] jesd204: /axi/spi@ff040000/ad9081@0,jesd204:0,parent=spi1.0: JESD204[0] transition link_pre_setup -> clk_sync_stage1
[    7.899955] jesd204: /axi/spi@ff040000/ad9081@0,jesd204:0,parent=spi1.0: JESD204[2] transition clk_sync_stage1 -> clk_sync_stage2
[    7.911604] jesd204: /axi/spi@ff040000/ad9081@0,jesd204:0,parent=spi1.0: JESD204[0] transition clk_sync_stage1 -> clk_sync_stage2
[    7.923251] jesd204: /axi/spi@ff040000/ad9081@0,jesd204:0,parent=spi1.0: JESD204[2] transition clk_sync_stage2 -> clk_sync_stage3
[    7.934896] jesd204: /axi/spi@ff040000/ad9081@0,jesd204:0,parent=spi1.0: JESD204[0] transition clk_sync_stage2 -> clk_sync_stage3
[    7.948567] jesd204: /axi/spi@ff040000/ad9081@0,jesd204:0,parent=spi1.0: JESD204[2] transition clk_sync_stage3 -> link_setup
[    7.959786] jesd204: /axi/spi@ff040000/ad9081@0,jesd204:0,parent=spi1.0: JESD204[0] transition clk_sync_stage3 -> link_setup
[    7.975834] jesd204: /axi/spi@ff040000/ad9081@0,jesd204:0,parent=spi1.0: JESD204[2] transition link_setup -> opt_setup_stage1
[    7.987135] jesd204: /axi/spi@ff040000/ad9081@0,jesd204:0,parent=spi1.0: JESD204[0] transition link_setup -> opt_setup_stage1
[    8.003473] jesd204: /axi/spi@ff040000/ad9081@0,jesd204:0,parent=spi1.0: JESD204[2] transition opt_setup_stage1 -> opt_setup_stage2
[    8.015292] jesd204: /axi/spi@ff040000/ad9081@0,jesd204:0,parent=spi1.0: JESD204[0] transition opt_setup_stage1 -> opt_setup_stage2
[    8.027264] jesd204: /axi/spi@ff040000/ad9081@0,jesd204:0,parent=spi1.0: JESD204[2] transition opt_setup_stage2 -> opt_setup_stage3
[    8.039085] jesd204: /axi/spi@ff040000/ad9081@0,jesd204:0,parent=spi1.0: JESD204[0] transition opt_setup_stage2 -> opt_setup_stage3
[    8.050907] jesd204: /axi/spi@ff040000/ad9081@0,jesd204:0,parent=spi1.0: JESD204[2] transition opt_setup_stage3 -> opt_setup_stage4
[    8.062726] jesd204: /axi/spi@ff040000/ad9081@0,jesd204:0,parent=spi1.0: JESD204[0] transition opt_setup_stage3 -> opt_setup_stage4
[    8.074560] jesd204: /axi/spi@ff040000/ad9081@0,jesd204:0,parent=spi1.0: JESD204[2] transition opt_setup_stage4 -> opt_setup_stage5
[    8.086380] jesd204: /axi/spi@ff040000/ad9081@0,jesd204:0,parent=spi1.0: JESD204[0] transition opt_setup_stage4 -> opt_setup_stage5
[    8.102340] jesd204: /axi/spi@ff040000/ad9081@0,jesd204:0,parent=spi1.0: JESD204[2] transition opt_setup_stage5 -> clocks_enable
[    8.113906] jesd204: /axi/spi@ff040000/ad9081@0,jesd204:0,parent=spi1.0: JESD204[0] transition opt_setup_stage5 -> clocks_enable
[    8.148714] axi_adxcvr 84a60000.axi-adxcvr-rx: adxcvr_clk_enable: CPLL RX buffer underflow error, status: 0x61
[    8.158700] axi_adxcvr 84a60000.axi-adxcvr-rx: adxcvr_clk_enable: CPLL RX buffer overflow error, status: 0x61
[    8.168680] jesd204: /axi/spi@ff040000/ad9081@0,jesd204:0,parent=spi1.0: JESD204[2] transition clocks_enable -> link_enable
[    8.179803] jesd204: /axi/spi@ff040000/ad9081@0,jesd204:0,parent=spi1.0: JESD204[0] transition clocks_enable -> link_enable
[    8.263954] ad9081 spi1.0: JESD RX (JTX) Link2 in DATA, SYNC deasserted, PLL locked, PHASE established, MODE valid
[    8.274575] ad9081 spi1.0: JESD TX (JRX) Link0 0xF lanes in DATA
[    8.280579] jesd204: /axi/spi@ff040000/ad9081@0,jesd204:0,parent=spi1.0: JESD204[2] transition link_enable -> link_running
[    8.291617] jesd204: /axi/spi@ff040000/ad9081@0,jesd204:0,parent=spi1.0: JESD204[0] transition link_enable -> link_running
[    8.302663] jesd204: /axi/spi@ff040000/ad9081@0,jesd204:0,parent=spi1.0: JESD204[2] transition link_running -> opt_post_running_stage
[    8.314657] jesd204: /axi/spi@ff040000/ad9081@0,jesd204:0,parent=spi1.0: JESD204[0] transition link_running -> opt_post_running_stage
[    8.335948] input: gpio-keys as /devices/platform/gpio-keys/input/input0
[    8.342968] of_cfs_init
[    8.345434] of_cfs_init: OK
[    8.348374] cfg80211: Loading compiled-in X.509 certificates for regulatory database
[    8.512830] random: crng init done
[    8.519455] cfg80211: Loaded X.509 cert 'sforshee: 00b28ddf47aef9cea7'
[    8.525983] clk: Not disabling unused clocks
[    8.530512] ALSA device list:
[    8.533472]   No soundcards found.
[    8.537152] platform regulatory.0: Direct firmware load for regulatory.db failed with error -2
[    8.545759] cfg80211: failed to load regulatory.db
[    8.560412] EXT4-fs (mmcblk0p2): mounted filesystem with ordered data mode. Opts: (null)
[    8.568527] VFS: Mounted root (ext4 filesystem) on device 179:2.
[    8.581681] devtmpfs: mounted
[    8.585510] Freeing unused kernel memory: 2560K
[    8.611763] Run /sbin/init as init process
[    8.615858]   with arguments:
[    8.615860]     /sbin/init
[    8.615862]   with environment:
[    8.615865]     HOME=/
[    8.615867]     TERM=linux
[    9.182113] systemd[1]: systemd 241 running in system mode. (+PAM +AUDIT +SELINUX +IMA +APPARMOR +SMACK +SYSVINIT +UTMP +LIBCRYPTSETUP +GCRYPT +GNUTLS +ACL +XZ +LZ4 +SECCOMP +BLKID +ELFUTILS +KMOD -IDN2 +IDN -PCRE2 default-hierarchy=hybrid)
[    9.204029] systemd[1]: Detected architecture arm64.
[    9.228441] systemd[1]: Set hostname to <analog>.
[    9.428657] systemd[1]: File /lib/systemd/system/systemd-journald.service:12 configures an IP firewall (IPAddressDeny=any), but the local system does not support BPF/cgroup based firewalling.
[    9.445770] systemd[1]: Proceeding WITHOUT firewalling in effect! (This warning is only shown for the first loaded unit using IP firewalling.)
[    9.609613] systemd[1]: /etc/systemd/system/tof-server.service:1: Assignment outside of section. Ignoring.
[    9.619313] systemd[1]: /etc/systemd/system/tof-server.service:2: Assignment outside of section. Ignoring.
[    9.811579] systemd[1]: Listening on fsck to fsckd communication Socket.
[    9.835938] systemd[1]: Listening on initctl Compatibility Named Pipe.
[    9.860053] systemd[1]: Listening on Syslog Socket.
[   10.423305] ------------[ cut here ]------------
[   10.423314] Enabling unprepared \xa0\xf9Q\x88\xff\xff\xff\x80Q\x88\xff\xff\xff
[   10.423359] WARNING: CPU: 3 PID: 126 at drivers/clk/clk.c:1012 clk_core_enable+0xa4/0xc0
[   10.423362] Modules linked in:
[   10.423372] CPU: 3 PID: 126 Comm: kworker/3:1H Not tainted 5.10.0-98103-g2aa7ac113716 #5577
[   10.423375] Hardware name: ZynqMP ZCU102 Rev1.0 (DT)
[   10.423385] Workqueue: kblockd blk_mq_run_work_fn
[   10.423393] pstate: 80000085 (Nzcv daIf -PAN -UAO -TCO BTYPE=--)
[   10.423399] pc : clk_core_enable+0xa4/0xc0
[   10.423404] lr : clk_core_enable+0xa4/0xc0
[   10.423407] sp : ffffffc0122732d0
[   10.423410] x29: ffffffc0122732d0 x28: ffffff8800330c10 
[   10.423417] x27: ffffff8800330d48 x26: 0000005000000101 
[   10.423423] x25: 000000026755a3fc x24: 0000000000000001 
[   10.423430] x23: ffffff88010e7380 x22: ffffff8801083220 
[   10.423437] x21: ffffff8801518000 x20: ffffff8801518008 
[   10.423443] x19: ffffff8801518008 x18: 0000000000000030 
[   10.423450] x17: 0000000000000003 x16: 0000ab084de32f68 
[   10.423456] x15: ffffffffffff86a0 x14: ffffffc011d3b1a0 
[   10.423463] x13: ffffffc011d3b1c8 x12: 00000000000005e5 
[   10.423469] x11: 00000000000001f7 x10: ffffffc011d671c8 
[   10.423476] x9 : 00000000fffff800 x8 : ffffffc011d3b1c8 
[   10.423482] x7 : ffffffc011d671c8 x6 : 0000000000000001 
[   10.423489] x5 : ffffff887f7a89e0 x4 : 0000000000000000 
[   10.423495] x3 : 0000000000000027 x2 : 0000000000000023 
[   10.423502] x1 : e1129d913d31f800 x0 : 0000000000000000 
[   10.423508] Call trace:
[   10.423515]  clk_core_enable+0xa4/0xc0
[   10.423520]  clk_enable+0x2c/0x60
[   10.423526]  zynqmp_runtime_resume+0x24/0x84
[   10.423533]  pm_generic_runtime_resume+0x30/0x50
[   10.423538]  __genpd_runtime_resume+0x30/0xb0
[   10.423545]  genpd_runtime_resume+0x90/0x250
[   10.423551]  __rpm_callback+0x10c/0x1e0
[   10.423555]  rpm_callback+0x5c/0x84
[   10.423560]  rpm_resume+0x4a4/0x74c
[   10.423565]  __pm_runtime_resume+0x78/0xc4
[   10.423570]  spi_mem_access_start.isra.0+0x30/0x80
[   10.423574]  spi_mem_exec_op+0x3b0/0x424
[   10.423579]  spi_nor_read_sr+0x78/0xe0
[   10.423584]  spi_nor_wait_till_ready_with_timeout+0xb4/0x2f0
[   10.423589]  spi_nor_read+0x188/0x380
[   10.423594]  mtd_read_oob_std+0x78/0x84
[   10.423598]  mtd_read_oob+0x7c/0x134
[   10.423603]  mtd_read+0x48/0x7c
[   10.423609]  mtdblock_readsect+0x6c/0x150
[   10.423614]  mtd_queue_rq+0x2cc/0x5a0
[   10.423619]  blk_mq_dispatch_rq_list+0x110/0x790
[   10.423626]  __blk_mq_do_dispatch_sched+0x200/0x274
[   10.423631]  __blk_mq_sched_dispatch_requests+0x1a8/0x1fc
[   10.423637]  blk_mq_sched_dispatch_requests+0x3c/0x7c
[   10.423642]  __blk_mq_run_hw_queue+0x98/0x100
[   10.423646]  blk_mq_run_work_fn+0x24/0x30
[   10.423652]  process_one_work+0x1d4/0x380
[   10.423656]  worker_thread+0x78/0x4e0
[   10.423661]  kthread+0x124/0x130
[   10.423667]  ret_from_fork+0x10/0x3c
[   10.423670] ---[ end trace 4c7271d4d221ebfb ]---
[   10.423678] zynqmp-qspi ff0f0000.spi: Cannot enable APB clock.
[   10.423751] spi_master spi0: Failed to power device: -108
[   10.423763] blk_update_request: I/O error, dev mtdblock0, sector 8 op 0x0:(READ) flags 0x80700 phys_seg 1 prio class 0
[   10.423847] spi_master spi0: Failed to power device: -22
[   10.423854] blk_update_request: I/O error, dev mtdblock0, sector 8 op 0x0:(READ) flags 0x0 phys_seg 8 prio class 0
[   10.423861] Buffer I/O error on dev mtdblock0, logical block 8, async page read
[   10.423871] spi_master spi0: Failed to power device: -22
[   10.423876] blk_update_request: I/O error, dev mtdblock0, sector 9 op 0x0:(READ) flags 0x0 phys_seg 7 prio class 0
[   10.423881] Buffer I/O error on dev mtdblock0, logical block 9, async page read
[   10.423888] spi_master spi0: Failed to power device: -22
[   10.423894] blk_update_request: I/O error, dev mtdblock0, sector 10 op 0x0:(READ) flags 0x0 phys_seg 6 prio class 0
[   10.423898] Buffer I/O error on dev mtdblock0, logical block 10, async page read
[   10.423905] spi_master spi0: Failed to power device: -22
[   10.423910] blk_update_request: I/O error, dev mtdblock0, sector 11 op 0x0:(READ) flags 0x0 phys_seg 5 prio class 0
[   10.423914] Buffer I/O error on dev mtdblock0, logical block 11, async page read
[   10.423921] spi_master spi0: Failed to power device: -22
[   10.423927] blk_update_request: I/O error, dev mtdblock0, sector 12 op 0x0:(READ) flags 0x0 phys_seg 4 prio class 0
[   10.423931] Buffer I/O error on dev mtdblock0, logical block 12, async page read
[   10.423938] spi_master spi0: Failed to power device: -22
[   10.423944] blk_update_request: I/O error, dev mtdblock0, sector 13 op 0x0:(READ) flags 0x0 phys_seg 3 prio class 0
[   10.423947] Buffer I/O error on dev mtdblock0, logical block 13, async page read
[   10.423954] spi_master spi0: Failed to power device: -22
[   10.423960] blk_update_request: I/O error, dev mtdblock0, sector 14 op 0x0:(READ) flags 0x0 phys_seg 2 prio class 0
[   10.423964] Buffer I/O error on dev mtdblock0, logical block 14, async page read
[   10.423970] spi_master spi0: Failed to power device: -22
[   10.423976] blk_update_request: I/O error, dev mtdblock0, sector 15 op 0x0:(READ) flags 0x0 phys_seg 1 prio class 0
[   10.423980] Buffer I/O error on dev mtdblock0, logical block 15, async page read
[   10.424361] spi_master spi0: Failed to power device: -22
[   10.424368] blk_update_request: I/O error, dev mtdblock1, sector 10112 op 0x0:(READ) flags 0x80700 phys_seg 1 prio class 0
[   10.424413] spi_master spi0: Failed to power device: -22
[   10.424419] Buffer I/O error on dev mtdblock1, logical block 10112, async page read
[   10.424427] spi_master spi0: Failed to power device: -22
[   10.424431] Buffer I/O error on dev mtdblock1, logical block 10113, async page read
[   10.424439] spi_master spi0: Failed to power device: -22
[   10.424447] spi_master spi0: Failed to power device: -22
[   10.424454] spi_master spi0: Failed to power device: -22
[   10.424462] spi_master spi0: Failed to power device: -22
[   10.424469] spi_master spi0: Failed to power device: -22
[   10.424477] spi_master spi0: Failed to power device: -22
[   10.424713] spi_master spi0: Failed to power device: -22
[   10.424757] spi_master spi0: Failed to power device: -22
[   10.424766] spi_master spi0: Failed to power device: -22
[   10.424774] spi_master spi0: Failed to power device: -22
[   10.424782] spi_master spi0: Failed to power device: -22
[   10.424789] spi_master spi0: Failed to power device: -22
[   10.424797] spi_master spi0: Failed to power device: -22
[   10.424804] spi_master spi0: Failed to power device: -22
[   10.424811] spi_master spi0: Failed to power device: -22
[   10.425078] spi_master spi0: Failed to power device: -22
[   10.425122] spi_master spi0: Failed to power device: -22
[   10.425132] spi_master spi0: Failed to power device: -22
[   10.425140] spi_master spi0: Failed to power device: -22
[   10.425147] spi_master spi0: Failed to power device: -22
[   10.425155] spi_master spi0: Failed to power device: -22
[   10.425162] spi_master spi0: Failed to power device: -22
[   10.425169] spi_master spi0: Failed to power device: -22
[   10.425177] spi_master spi0: Failed to power device: -22
[   10.550099] EXT4-fs (mmcblk0p2): re-mounted. Opts: (null)
[   10.704602] systemd-journald[167]: Received request to flush runtime journal from PID 1
[   16.938831] macb ff0e0000.ethernet eth0: PHY [ff0e0000.ethernet-ffffffff:0c] driver [TI DP83867] (irq=POLL)
[   16.938844] macb ff0e0000.ethernet eth0: configuring for phy/rgmii-id link mode
[   17.175782] Adding 79868k swap on /var/swap.  Priority:-2 extents:1 across:79868k SS
[   19.760232] broken atomic modeset userspace detected, disabling atomic
[   21.025334] macb ff0e0000.ethernet eth0: Link is Up - 1Gbps/Full - flow control off
[   21.025360] IPv6: ADDRCONF(NETDEV_CHANGE): eth0: link becomes ready
[   22.451736] broken atomic modeset userspace detected, disabling atomic
[   25.721018] broken atomic modeset userspace detected, disabling atomic
[   28.366698] broken atomic modeset userspace detected, disabling atomic