[    0.000000] Booting Linux on physical CPU 0x0000000000 [0x410fd034]
[    0.000000] Linux version 5.10.0-98103-g2aa7ac113716 (jenkins@romlxbuild1.adlk.analog.com) (aarch64-xilinx-linux-gcc.real (GCC) 10.2.0, GNU ld (GNU Binutils) 2.35.0.20200730) #5577 SMP Wed Mar 23 07:28:49 GMT 2022
[    0.000000] Machine model: ZynqMP ZCU102 Rev1.0
[    0.000000] earlycon: cdns0 at MMIO 0x00000000ff000000 (options '115200n8')
[    0.000000] printk: bootconsole [cdns0] enabled
[    0.000000] efi: UEFI not found.
[    0.000000] cma: Reserved 256 MiB at 0x0000000070000000
[    0.000000] Zone ranges:
[    0.000000]   DMA      [mem 0x0000000000000000-0x000000003fffffff]
[    0.000000]   DMA32    [mem 0x0000000040000000-0x00000000ffffffff]
[    0.000000]   Normal   [mem 0x0000000100000000-0x000000087fffffff]
[    0.000000] Movable zone start for each node
[    0.000000] Early memory node ranges
[    0.000000]   node   0: [mem 0x0000000000000000-0x000000007fffffff]
[    0.000000]   node   0: [mem 0x0000000800000000-0x000000087fffffff]
[    0.000000] Initmem setup node 0 [mem 0x0000000000000000-0x000000087fffffff]
[    0.000000] On node 0 totalpages: 1048576
[    0.000000]   DMA zone: 3584 pages used for memmap
[    0.000000]   DMA zone: 0 pages reserved
[    0.000000]   DMA zone: 262144 pages, LIFO batch:63
[    0.000000]   DMA32 zone: 3584 pages used for memmap
[    0.000000]   DMA32 zone: 262144 pages, LIFO batch:63
[    0.000000]   Normal zone: 7168 pages used for memmap
[    0.000000]   Normal zone: 524288 pages, LIFO batch:63
[    0.000000] psci: probing for conduit method from DT.
[    0.000000] psci: PSCIv1.1 detected in firmware.
[    0.000000] psci: Using standard PSCI v0.2 function IDs
[    0.000000] psci: MIGRATE_INFO_TYPE not supported.
[    0.000000] psci: SMC Calling Convention v1.2
[    0.000000] percpu: Embedded 22 pages/cpu s49496 r8192 d32424 u90112
[    0.000000] pcpu-alloc: s49496 r8192 d32424 u90112 alloc=22*4096
[    0.000000] pcpu-alloc: [0] 0 [0] 1 [0] 2 [0] 3 
[    0.000000] Detected VIPT I-cache on CPU0
[    0.000000] CPU features: detected: ARM erratum 845719
[    0.000000] Built 1 zonelists, mobility grouping on.  Total pages: 1034240
[    0.000000] Kernel command line: console=ttyPS0,115200 root=/dev/mmcblk0p2 rw earlycon rootfstype=ext4 rootwait clk_ignore_unused cpuidle.off=1 root=/dev/mmcblk0p2 rw rootwait
[    0.000000] Dentry cache hash table entries: 524288 (order: 10, 4194304 bytes, linear)
[    0.000000] Inode-cache hash table entries: 262144 (order: 9, 2097152 bytes, linear)
[    0.000000] mem auto-init: stack:off, heap alloc:off, heap free:off
[    0.000000] software IO TLB: mapped [mem 0x000000003bfff000-0x000000003ffff000] (64MB)
[    0.000000] Memory: 3761904K/4194304K available (15296K kernel code, 1636K rwdata, 11876K rodata, 2560K init, 507K bss, 170256K reserved, 262144K cma-reserved)
[    0.000000] rcu: Hierarchical RCU implementation.
[    0.000000] rcu: 	RCU event tracing is enabled.
[    0.000000] rcu: 	RCU restricting CPUs from NR_CPUS=8 to nr_cpu_ids=4.
[    0.000000] rcu: RCU calculated value of scheduler-enlistment delay is 25 jiffies.
[    0.000000] rcu: Adjusting geometry for rcu_fanout_leaf=16, nr_cpu_ids=4
[    0.000000] NR_IRQS: 64, nr_irqs: 64, preallocated irqs: 0
[    0.000000] GIC: Adjusting CPU interface base to 0x00000000f902f000
[    0.000000] GIC: Using split EOI/Deactivate mode
[    0.000000] random: get_random_bytes called from start_kernel+0x31c/0x54c with crng_init=0
[    0.000000] arch_timer: cp15 timer(s) running at 100.00MHz (phys).
[    0.000000] clocksource: arch_sys_counter: mask: 0xffffffffffffff max_cycles: 0x171024e7e0, max_idle_ns: 440795205315 ns
[    0.000003] sched_clock: 56 bits at 100MHz, resolution 10ns, wraps every 4398046511100ns
[    0.008463] Console: colour dummy device 80x25
[    0.012483] Calibrating delay loop (skipped), value calculated using timer frequency.. 200.00 BogoMIPS (lpj=400000)
[    0.022841] pid_max: default: 32768 minimum: 301
[    0.027549] Mount-cache hash table entries: 8192 (order: 4, 65536 bytes, linear)
[    0.034789] Mountpoint-cache hash table entries: 8192 (order: 4, 65536 bytes, linear)
[    0.043397] rcu: Hierarchical SRCU implementation.
[    0.047561] EFI services will not be available.
[    0.051938] smp: Bringing up secondary CPUs ...
[    0.056657] Detected VIPT I-cache on CPU1
[    0.056695] CPU1: Booted secondary processor 0x0000000001 [0x410fd034]
[    0.057061] Detected VIPT I-cache on CPU2
[    0.057085] CPU2: Booted secondary processor 0x0000000002 [0x410fd034]
[    0.057425] Detected VIPT I-cache on CPU3
[    0.057448] CPU3: Booted secondary processor 0x0000000003 [0x410fd034]
[    0.057495] smp: Brought up 1 node, 4 CPUs
[    0.091780] SMP: Total of 4 processors activated.
[    0.096452] CPU features: detected: 32-bit EL0 Support
[    0.101556] CPU features: detected: CRC32 instructions
[    0.106695] CPU: All CPU(s) started at EL2
[    0.110736] alternatives: patching kernel code
[    0.116169] devtmpfs: initialized
[    0.124059] Registered cp15_barrier emulation handler
[    0.124110] Registered setend emulation handler
[    0.128091] clocksource: jiffies: mask: 0xffffffff max_cycles: 0xffffffff, max_idle_ns: 7645041785100000 ns
[    0.137671] futex hash table entries: 1024 (order: 4, 65536 bytes, linear)
[    0.151042] pinctrl core: initialized pinctrl subsystem
[    0.151688] NET: Registered protocol family 16
[    0.156106] DMA: preallocated 512 KiB GFP_KERNEL pool for atomic allocations
[    0.162124] DMA: preallocated 512 KiB GFP_KERNEL|GFP_DMA pool for atomic allocations
[    0.169850] DMA: preallocated 512 KiB GFP_KERNEL|GFP_DMA32 pool for atomic allocations
[    0.177654] audit: initializing netlink subsys (disabled)
[    0.183105] audit: type=2000 audit(0.116:1): state=initialized audit_enabled=0 res=1
[    0.183450] hw-breakpoint: found 6 breakpoint and 4 watchpoint registers.
[    0.197482] ASID allocator initialised with 65536 entries
[    0.224339] HugeTLB registered 1.00 GiB page size, pre-allocated 0 pages
[    0.225394] HugeTLB registered 32.0 MiB page size, pre-allocated 0 pages
[    0.232066] HugeTLB registered 2.00 MiB page size, pre-allocated 0 pages
[    0.238728] HugeTLB registered 64.0 KiB page size, pre-allocated 0 pages
[    1.304313] DRBG: Continuing without Jitter RNG
[    1.382117] raid6: neonx8   gen()  2140 MB/s
[    1.450171] raid6: neonx8   xor()  1601 MB/s
[    1.518227] raid6: neonx4   gen()  2199 MB/s
[    1.586273] raid6: neonx4   xor()  1565 MB/s
[    1.654339] raid6: neonx2   gen()  2075 MB/s
[    1.722389] raid6: neonx2   xor()  1439 MB/s
[    1.790463] raid6: neonx1   gen()  1772 MB/s
[    1.858503] raid6: neonx1   xor()  1220 MB/s
[    1.926562] raid6: int64x8  gen()  1438 MB/s
[    1.994617] raid6: int64x8  xor()   771 MB/s
[    2.062690] raid6: int64x4  gen()  1598 MB/s
[    2.130737] raid6: int64x4  xor()   819 MB/s
[    2.198811] raid6: int64x2  gen()  1397 MB/s
[    2.266854] raid6: int64x2  xor()   750 MB/s
[    2.334922] raid6: int64x1  gen()  1033 MB/s
[    2.402993] raid6: int64x1  xor()   517 MB/s
[    2.403031] raid6: using algorithm neonx4 gen() 2199 MB/s
[    2.406987] raid6: .... xor() 1565 MB/s, rmw enabled
[    2.411917] raid6: using neon recovery algorithm
[    2.416929] iommu: Default domain type: Translated 
[    2.421541] SCSI subsystem initialized
[    2.425087] libata version 3.00 loaded.
[    2.425212] usbcore: registered new interface driver usbfs
[    2.430544] usbcore: registered new interface driver hub
[    2.435817] usbcore: registered new device driver usb
[    2.440949] mc: Linux media interface: v0.10
[    2.445066] videodev: Linux video capture interface: v2.00
[    2.450556] EDAC MC: Ver: 3.0.0
[    2.453995] zynqmp-ipi-mbox mailbox@ff990400: Registered ZynqMP IPI mbox with TX/RX channels.
[    2.462502] jesd204: created con: id=0, topo=0, link=0, /axi/spi@ff050000/hmc7044@0 <-> /fpga-axi@0/axi-adxcvr-tx@84b60000
[    2.473086] jesd204: created con: id=1, topo=0, link=2, /axi/spi@ff050000/hmc7044@0 <-> /fpga-axi@0/axi-adxcvr-rx@84a60000
[    2.484070] jesd204: created con: id=2, topo=0, link=0, /fpga-axi@0/axi-adxcvr-tx@84b60000 <-> /fpga-axi@0/axi-jesd204-tx@84b90000
[    2.495746] jesd204: created con: id=3, topo=0, link=2, /fpga-axi@0/axi-adxcvr-rx@84a60000 <-> /fpga-axi@0/axi-jesd204-rx@84a90000
[    2.507423] jesd204: created con: id=4, topo=0, link=0, /fpga-axi@0/axi-jesd204-tx@84b90000 <-> /fpga-axi@0/axi-ad9081-tx-hpc@84b10000
[    2.519451] jesd204: created con: id=5, topo=0, link=2, /fpga-axi@0/axi-jesd204-rx@84a90000 <-> /fpga-axi@0/axi-ad9081-rx-hpc@84a10000
[    2.531473] jesd204: created con: id=6, topo=0, link=2, /fpga-axi@0/axi-ad9081-rx-hpc@84a10000 <-> /axi/spi@ff040000/ad9081@0
[    2.542715] jesd204: created con: id=7, topo=0, link=0, /fpga-axi@0/axi-ad9081-tx-hpc@84b10000 <-> /axi/spi@ff040000/ad9081@0
[    2.553964] jesd204: /axi/spi@ff040000/ad9081@0: JESD204[2] transition uninitialized -> initialized
[    2.562951] jesd204: /axi/spi@ff040000/ad9081@0: JESD204[0] transition uninitialized -> initialized
[    2.571943] jesd204: found 8 devices and 1 topologies
[    2.576987] FPGA manager framework
[    2.580465] Advanced Linux Sound Architecture Driver Initialized.
[    2.586758] Bluetooth: Core ver 2.22
[    2.589945] NET: Registered protocol family 31
[    2.594347] Bluetooth: HCI device and connection manager initialized
[    2.600664] Bluetooth: HCI socket layer initialized
[    2.605506] Bluetooth: L2CAP socket layer initialized
[    2.610529] Bluetooth: SCO socket layer initialized
[    2.615709] clocksource: Switched to clocksource arch_sys_counter
[    2.621521] VFS: Disk quotas dquot_6.6.0
[    2.625357] VFS: Dquot-cache hash table entries: 512 (order 0, 4096 bytes)
[    2.636074] NET: Registered protocol family 2
[    2.636800] tcp_listen_portaddr_hash hash table entries: 2048 (order: 3, 32768 bytes, linear)
[    2.644998] TCP established hash table entries: 32768 (order: 6, 262144 bytes, linear)
[    2.653022] TCP bind hash table entries: 32768 (order: 7, 524288 bytes, linear)
[    2.660467] TCP: Hash tables configured (established 32768 bind 32768)
[    2.666641] UDP hash table entries: 2048 (order: 4, 65536 bytes, linear)
[    2.673307] UDP-Lite hash table entries: 2048 (order: 4, 65536 bytes, linear)
[    2.680470] NET: Registered protocol family 1
[    2.684927] RPC: Registered named UNIX socket transport module.
[    2.690544] RPC: Registered udp transport module.
[    2.695209] RPC: Registered tcp transport module.
[    2.699878] RPC: Registered tcp NFSv4.1 backchannel transport module.
[    2.706870] PCI: CLS 0 bytes, default 64
[    2.710577] hw perfevents: no interrupt-affinity property for /pmu, guessing.
[    2.717430] hw perfevents: enabled with armv8_pmuv3 PMU driver, 7 counters available
[    2.725781] Initialise system trusted keyrings
[    2.729461] workingset: timestamp_bits=62 max_order=20 bucket_order=0
[    2.736357] NFS: Registering the id_resolver key type
[    2.740807] Key type id_resolver registered
[    2.744946] Key type id_legacy registered
[    2.748937] nfs4filelayout_init: NFSv4 File Layout Driver Registering...
[    2.755603] jffs2: version 2.2. (NAND) (SUMMARY)  Â© 2001-2006 Red Hat, Inc.
[    2.798582] NET: Registered protocol family 38
[    2.798624] xor: measuring software checksum speed
[    2.806314]    8regs           :  2363 MB/sec
[    2.809983]    32regs          :  2799 MB/sec
[    2.814926]    arm64_neon      :  2380 MB/sec
[    2.815116] xor: using function: 32regs (2799 MB/sec)
[    2.820142] Key type asymmetric registered
[    2.824203] Asymmetric key parser 'x509' registered
[    2.829064] Block layer SCSI generic (bsg) driver version 0.4 loaded (major 248)
[    2.836401] io scheduler mq-deadline registered
[    2.840897] io scheduler kyber registered
[    2.870288] Serial: 8250/16550 driver, 4 ports, IRQ sharing disabled
[    2.874925] cacheinfo: Unable to detect cache hierarchy for CPU 0
[    2.881267] brd: module loaded
[    2.885402] loop: module loaded
[    2.885954] Registered mathworks_ip class
[    2.889293] libphy: Fixed MDIO Bus: probed
[    2.892275] tun: Universal TUN/TAP device driver, 1.6
[    2.896336] CAN device driver interface
[    2.900873] usbcore: registered new interface driver asix
[    2.905467] usbcore: registered new interface driver ax88179_178a
[    2.911501] usbcore: registered new interface driver cdc_ether
[    2.917295] usbcore: registered new interface driver net1080
[    2.922921] usbcore: registered new interface driver cdc_subset
[    2.928801] usbcore: registered new interface driver zaurus
[    2.934344] usbcore: registered new interface driver cdc_ncm
[    2.940747] ehci_hcd: USB 2.0 'Enhanced' Host Controller (EHCI) Driver
[    2.946431] ehci-pci: EHCI PCI platform driver
[    2.951228] usbcore: registered new interface driver uas
[    2.956146] usbcore: registered new interface driver usb-storage
[    2.962135] usbcore: registered new interface driver usbserial_generic
[    2.968585] usbserial: USB Serial support registered for generic
[    2.974558] usbcore: registered new interface driver ftdi_sio
[    2.980261] usbserial: USB Serial support registered for FTDI USB Serial Device
[    2.987537] usbcore: registered new interface driver upd78f0730
[    2.993408] usbserial: USB Serial support registered for upd78f0730
[    3.001070] rtc_zynqmp ffa60000.rtc: registered as rtc0
[    3.004834] rtc_zynqmp ffa60000.rtc: setting system clock to 2022-03-25T23:55:17 UTC (1648252517)
[    3.013696] i2c /dev entries driver
[    3.019002] usbcore: registered new interface driver uvcvideo
[    3.022809] USB Video Class driver (1.1.1)
[    3.028393] Bluetooth: HCI UART driver ver 2.3
[    3.031281] Bluetooth: HCI UART protocol H4 registered
[    3.036390] Bluetooth: HCI UART protocol BCSP registered
[    3.041679] Bluetooth: HCI UART protocol LL registered
[    3.046768] Bluetooth: HCI UART protocol ATH3K registered
[    3.052142] Bluetooth: HCI UART protocol Three-wire (H5) registered
[    3.058397] Bluetooth: HCI UART protocol Intel registered
[    3.063735] Bluetooth: HCI UART protocol QCA registered
[    3.068936] usbcore: registered new interface driver bcm203x
[    3.074558] usbcore: registered new interface driver bpa10x
[    3.080093] usbcore: registered new interface driver bfusb
[    3.085544] usbcore: registered new interface driver btusb
[    3.091006] usbcore: registered new interface driver ath3k
[    3.096489] EDAC MC: ECC not enabled
[    3.100116] EDAC DEVICE0: Giving out device to module zynqmp-ocm-edac controller zynqmp_ocm: DEV ff960000.memory-controller (INTERRUPT)
[    3.112427] sdhci: Secure Digital Host Controller Interface driver
[    3.118217] sdhci: Copyright(c) Pierre Ossman
[    3.122542] sdhci-pltfm: SDHCI platform and OF driver helper
[    3.128596] ledtrig-cpu: registered to indicate activity on CPUs
[    3.134146] SMCCC: SOC_ID: ARCH_SOC_ID not implemented, skipping ....
[    3.140574] zynqmp_firmware_probe Platform Management API v1.1
[    3.146333] zynqmp_firmware_probe Trustzone version v1.0
[    3.185889] zynqmp-pinctrl firmware:zynqmp-firmware:pinctrl: zynqmp pinctrl initialized
[    3.233899] zynqmp-aes firmware:zynqmp-firmware:zynqmp-aes: will run requests pump with realtime priority
[    3.249707] alg: No test for xilinx-keccak-384 (zynqmp-keccak-384)
[    3.250413] alg: No test for xilinx-zynqmp-rsa (zynqmp-rsa)
[    3.255928] usbcore: registered new interface driver usbhid
[    3.261317] usbhid: USB HID core driver
[    3.272571] axi_sysid 85000000.axi-sysid-0: AXI System ID core version (1.01.a) found
[    3.274924] axi_sysid 85000000.axi-sysid-0: [ad9081_fmca_ebz] on [zcu102] git branch <master> git <084d44c9780640ca93fd847b1d9ec70dd65f5c67> clean [2022-03-18 04:17:50] UTC
[    3.290611] fpga_manager fpga0: Xilinx ZynqMP FPGA Manager registered
[    3.296964] usbcore: registered new interface driver snd-usb-audio
[    3.304418] pktgen: Packet Generator for packet performance testing. Version: 2.75
[    3.310593] Initializing XFRM netlink socket
[    3.314449] NET: Registered protocol family 10
[    3.319164] Segment Routing with IPv6
[    3.322554] sit: IPv6, IPv4 and MPLS over IPv4 tunneling driver
[    3.328619] NET: Registered protocol family 17
[    3.332725] NET: Registered protocol family 15
[    3.337223] can: controller area network core
[    3.341477] NET: Registered protocol family 29
[    3.345864] can: raw protocol
[    3.348802] can: broadcast manager protocol
[    3.352955] can: netlink gateway - max_hops=1
[    3.357349] Bluetooth: RFCOMM TTY layer initialized
[    3.362131] Bluetooth: RFCOMM socket layer initialized
[    3.367241] Bluetooth: RFCOMM ver 1.11
[    3.370951] Bluetooth: BNEP (Ethernet Emulation) ver 1.3
[    3.376221] Bluetooth: BNEP filters: protocol multicast
[    3.381412] Bluetooth: BNEP socket layer initialized
[    3.386342] Bluetooth: HIDP (Human Interface Emulation) ver 1.2
[    3.392226] Bluetooth: HIDP socket layer initialized
[    3.397281] 9pnet: Installing 9P2000 support
[    3.401403] NET: Registered protocol family 36
[    3.405819] Key type dns_resolver registered
[    3.410249] registered taskstats version 1
[    3.414114] Loading compiled-in X.509 certificates
[    3.419226] Btrfs loaded, crc32c=crc32c-generic
[    3.431620] ff000000.serial: ttyPS0 at MMIO 0xff000000 (irq = 49, base_baud = 6249999) is a xuartps
[    3.440641] printk: console [ttyPS0] enabled
[    3.444936] printk: bootconsole [cdns0] disabled
[    3.454566] ff010000.serial: ttyPS1 at MMIO 0xff010000 (irq = 50, base_baud = 6249999) is a xuartps
[    3.467822] of-fpga-region fpga-full: FPGA Region probed
[    3.474778] nwl-pcie fd0e0000.pcie: host bridge /axi/pcie@fd0e0000 ranges:
[    3.481674] nwl-pcie fd0e0000.pcie:      MEM 0x00e0000000..0x00efffffff -> 0x00e0000000
[    3.489682] nwl-pcie fd0e0000.pcie:      MEM 0x0600000000..0x07ffffffff -> 0x0600000000
[    3.497746] nwl-pcie fd0e0000.pcie: Link is DOWN
[    3.502503] nwl-pcie fd0e0000.pcie: PCI host bridge to bus 0000:00
[    3.508682] pci_bus 0000:00: root bus resource [bus 00-ff]
[    3.514163] pci_bus 0000:00: root bus resource [mem 0xe0000000-0xefffffff]
[    3.521033] pci_bus 0000:00: root bus resource [mem 0x600000000-0x7ffffffff pref]
[    3.528537] pci 0000:00:00.0: [10ee:d021] type 01 class 0x060400
[    3.534593] pci 0000:00:00.0: PME# supported from D0 D1 D2 D3hot
[    3.545039] pci 0000:00:00.0: PCI bridge to [bus 01-0c]
[    3.551020] xilinx-zynqmp-dma fd500000.dma: ZynqMP DMA driver Probe success
[    3.558199] xilinx-zynqmp-dma fd510000.dma: ZynqMP DMA driver Probe success
[    3.565376] xilinx-zynqmp-dma fd520000.dma: ZynqMP DMA driver Probe success
[    3.572544] xilinx-zynqmp-dma fd530000.dma: ZynqMP DMA driver Probe success
[    3.579716] xilinx-zynqmp-dma fd540000.dma: ZynqMP DMA driver Probe success
[    3.586886] xilinx-zynqmp-dma fd550000.dma: ZynqMP DMA driver Probe success
[    3.594057] xilinx-zynqmp-dma fd560000.dma: ZynqMP DMA driver Probe success
[    3.601229] xilinx-zynqmp-dma fd570000.dma: ZynqMP DMA driver Probe success
[    3.608623] xilinx-zynqmp-dpdma fd4c0000.dma-controller: Xilinx DPDMA engine is probed
[    3.617179] ahci-ceva fd0c0000.ahci: supply ahci not found, using dummy regulator
[    3.624724] ahci-ceva fd0c0000.ahci: supply phy not found, using dummy regulator
[    3.715884] hmc7044 spi2.0: PLL1: Acquisition, CLKIN0 @ 122880000 Hz, PFD: 80 kHz - PLL2: Locked @ 2610.000000 MHz
[    3.726595] jesd204: /axi/spi@ff050000/hmc7044@0,jesd204:1,parent=spi2.0: Using as SYSREF provider
[    3.736178] spi-nor spi0.0: SPI-NOR-UniqueID 100000235394732200270025081115266e
[    3.743484] spi-nor spi0.0: found n25q512a, expected m25p80
[    3.749686] spi-nor spi0.0: trying to lock already unlocked area
[    3.755686] spi-nor spi0.0: n25q512a (131072 Kbytes)
[    3.760664] 4 fixed-partitions partitions found on MTD device spi0.0
[    3.767009] Creating 4 MTD partitions on "spi0.0":
[    3.771794] 0x000000000000-0x000000100000 : "qspi-fsbl-uboot"
[    3.778286] 0x000000100000-0x000000600000 : "qspi-linux"
[    3.784242] 0x000000600000-0x000000620000 : "qspi-device-tree"
[    3.790714] 0x000000620000-0x000000c00000 : "qspi-rootfs"
[    3.799180] macb ff0e0000.ethernet: Not enabling partial store and forward
[    3.806714] libphy: MACB_mii_bus: probed
[    3.811781] macb ff0e0000.ethernet eth0: Cadence GEM rev 0x50070106 at 0xff0e0000 irq 30 (00:0a:35:04:8e:1b)
[    3.821993] xilinx-axipmon ffa00000.perf-monitor: Probed Xilinx APM
[    3.828571] xilinx-axipmon fd0b0000.perf-monitor: Probed Xilinx APM
[    3.835083] xilinx-axipmon fd490000.perf-monitor: Probed Xilinx APM
[    3.841624] xilinx-axipmon ffa10000.perf-monitor: Probed Xilinx APM
[    3.851611] pca953x 0-0020: supply vcc not found, using dummy regulator
[    3.858293] pca953x 0-0020: using no AI
[    3.862784] gpio-496 (sel0): hogged as output/low
[    3.867680] gpio-497 (sel1): hogged as output/high
[    3.872667] gpio-498 (sel2): hogged as output/high
[    3.877657] gpio-499 (sel3): hogged as output/high
[    3.882838] pca953x 0-0021: supply vcc not found, using dummy regulator
[    3.889503] pca953x 0-0021: using no AI
[    3.895262] ina2xx 2-0040: power monitor ina226 (Rshunt = 5000 uOhm)
[    3.902293] ina2xx 2-0041: power monitor ina226 (Rshunt = 5000 uOhm)
[    3.909333] ina2xx 2-0042: power monitor ina226 (Rshunt = 5000 uOhm)
[    3.916368] ina2xx 2-0043: power monitor ina226 (Rshunt = 5000 uOhm)
[    3.923388] ina2xx 2-0044: power monitor ina226 (Rshunt = 5000 uOhm)
[    3.930408] ina2xx 2-0045: power monitor ina226 (Rshunt = 5000 uOhm)
[    3.937443] ina2xx 2-0046: power monitor ina226 (Rshunt = 5000 uOhm)
[    3.944514] ina2xx 2-0047: power monitor ina226 (Rshunt = 5000 uOhm)
[    3.951540] ina2xx 2-004a: power monitor ina226 (Rshunt = 5000 uOhm)
[    3.958573] ina2xx 2-004b: power monitor ina226 (Rshunt = 5000 uOhm)
[    3.964984] i2c i2c-0: Added multiplexed i2c bus 2
[    3.970369] random: fast init done
[    3.973842] ina2xx 3-0040: power monitor ina226 (Rshunt = 2000 uOhm)
[    3.980871] ina2xx 3-0041: power monitor ina226 (Rshunt = 5000 uOhm)
[    3.987904] ina2xx 3-0042: power monitor ina226 (Rshunt = 5000 uOhm)
[    3.994934] ina2xx 3-0043: power monitor ina226 (Rshunt = 5000 uOhm)
[    4.001961] ina2xx 3-0044: power monitor ina226 (Rshunt = 5000 uOhm)
[    4.008989] ina2xx 3-0045: power monitor ina226 (Rshunt = 5000 uOhm)
[    4.016020] ina2xx 3-0046: power monitor ina226 (Rshunt = 5000 uOhm)
[    4.023049] ina2xx 3-0047: power monitor ina226 (Rshunt = 5000 uOhm)
[    4.029451] i2c i2c-0: Added multiplexed i2c bus 3
[    4.085102] i2c i2c-0: Added multiplexed i2c bus 4
[    4.090046] i2c i2c-0: Added multiplexed i2c bus 5
[    4.094834] pca954x 0-0075: registered 4 multiplexed busses for I2C mux pca9544
[    4.102182] cdns-i2c ff020000.i2c: 400 kHz mmio ff020000 irq 32
[    4.109907] at24 6-0054: supply vcc not found, using dummy regulator
[    4.116803] at24 6-0054: 1024 byte 24c08 EEPROM, writable, 1 bytes/write
[    4.123551] i2c i2c-1: Added multiplexed i2c bus 6
[    4.129978] si5341 7-0036: Chip: 5341 Grade: 1 Rev: 1
[    4.167670] i2c i2c-1: Added multiplexed i2c bus 7
[    4.175328] si570 8-005d: registered, current frequency 300000000 Hz
[    4.181726] i2c i2c-1: Added multiplexed i2c bus 8
[    4.201510] si570 9-005d: registered, current frequency 148500000 Hz
[    4.207913] i2c i2c-1: Added multiplexed i2c bus 9
[    4.212951] si5324 10-0069: si5328 probed
[    4.280080] si5324 10-0069: si5328 probe successful
[    4.285012] i2c i2c-1: Added multiplexed i2c bus 10
[    4.290040] i2c i2c-1: Added multiplexed i2c bus 11
[    4.295064] i2c i2c-1: Added multiplexed i2c bus 12
[    4.300086] i2c i2c-1: Added multiplexed i2c bus 13
[    4.304958] pca954x 1-0074: registered 8 multiplexed busses for I2C switch pca9548
[    4.313072] at24 14-0050: supply vcc not found, using dummy regulator
[    4.319865] at24 14-0050: 256 byte 24c02 EEPROM, writable, 1 bytes/write
[    4.326611] i2c i2c-1: Added multiplexed i2c bus 14
[    4.331651] i2c i2c-1: Added multiplexed i2c bus 15
[    4.336683] i2c i2c-1: Added multiplexed i2c bus 16
[    4.341721] i2c i2c-1: Added multiplexed i2c bus 17
[    4.346752] i2c i2c-1: Added multiplexed i2c bus 18
[    4.351801] i2c i2c-1: Added multiplexed i2c bus 19
[    4.356830] i2c i2c-1: Added multiplexed i2c bus 20
[    4.361869] i2c i2c-1: Added multiplexed i2c bus 21
[    4.366742] pca954x 1-0075: registered 8 multiplexed busses for I2C switch pca9548
[    4.374351] cdns-i2c ff030000.i2c: 400 kHz mmio ff030000 irq 33
[    4.384099] cdns-wdt fd4d0000.watchdog: Xilinx Watchdog Timer with timeout 60s
[    4.395037] axi_adxcvr 84a60000.axi-adxcvr-rx: AXI-ADXCVR-RX (17.05.a) using CPLL on GTH4 at 0x84A60000. Number of lanes: 4.
[    4.407210] axi_adxcvr 84b60000.axi-adxcvr-tx: AXI-ADXCVR-TX (17.05.a) using QPLL on GTH4 at 0x84B60000. Number of lanes: 4.
[    4.418830] axi-jesd204-rx 84a90000.axi-jesd204-rx: AXI-JESD204-RX (1.07.a) at 0x84A90000. Encoder 8b10b, width 4/4, lanes 4, jesd204-fsm.
[    4.426122] mmc0: SDHCI controller on ff170000.mmc [ff170000.mmc] using ADMA 64-bit
[    4.431675] axi-jesd204-tx 84b90000.axi-jesd204-tx: AXI-JESD204-TX (1.06.a) at 0x84B90000. Encoder 8b10b, width 4/4, lanes 4, jesd204-fsm.
[    4.452398] zynqmp-display fd4a0000.display: vtc bridge property not present
[    4.462051] xilinx-dp-snd-codec fd4a0000.display:zynqmp_dp_snd_codec0: Failed to get required clock freq
[    4.471555] xilinx-dp-snd-codec: probe of fd4a0000.display:zynqmp_dp_snd_codec0 failed with error -22
[    4.473497] mmc0: new high speed SDHC card at address 0001
[    4.481090] xilinx-dp-snd-pcm zynqmp_dp_snd_pcm0: Xilinx DisplayPort Sound PCM probed
[    4.486606] mmcblk0: mmc0:0001 EB1QT 29.8 GiB 
[    4.494408] xilinx-dp-snd-pcm zynqmp_dp_snd_pcm1: Xilinx DisplayPort Sound PCM probed
[    4.499785]  mmcblk0: p1 p2 p3
[    4.506713] OF: graph: no port node found in /axi/display@fd4a0000
[    4.515789] xlnx-drm xlnx-drm.0: bound fd4a0000.display (ops 0xffffffc010fcbdb8)
[    5.599731] zynqmp-display fd4a0000.display: [drm] Cannot find any crtc or sizes
[    5.607345] [drm] Initialized xlnx 1.0.0 20130509 for fd4a0000.display on minor 0
[    5.614833] zynqmp-display fd4a0000.display: ZynqMP DisplayPort Subsystem driver probed
[    5.623157] ahci-ceva fd0c0000.ahci: supply ahci not found, using dummy regulator
[    5.630704] ahci-ceva fd0c0000.ahci: supply phy not found, using dummy regulator
[    5.638162] ahci-ceva fd0c0000.ahci: supply target not found, using dummy regulator
[    5.646002] ahci-ceva fd0c0000.ahci: AHCI 0001.0301 32 slots 2 ports 6 Gbps 0x3 impl platform mode
[    5.654957] ahci-ceva fd0c0000.ahci: flags: 64bit ncq sntf pm clo only pmp fbs pio slum part ccc sds apst 
[    5.665647] scsi host0: ahci-ceva
[    5.669244] scsi host1: ahci-ceva
[    5.672675] ata1: SATA max UDMA/133 mmio [mem 0xfd0c0000-0xfd0c1fff] port 0x100 irq 45
[    5.680588] ata2: SATA max UDMA/133 mmio [mem 0xfd0c0000-0xfd0c1fff] port 0x180 irq 45
[    5.689182] ad9081 spi1.0: supply vdd not found, using dummy regulator
[    6.001965] ata1: SATA link down (SStatus 0 SControl 330)
[    6.007387] ata2: SATA link down (SStatus 0 SControl 330)
[    6.683732] zynqmp-display fd4a0000.display: [drm] Cannot find any crtc or sizes
[    6.881181] ad9081 spi1.0: Invalid param passed., "ref_clk_hz < 100000000ULL" in adi_ad9081_device_clk_config_set(...), line554 in drivers/iio/adc/ad9081/adi_ad9081_device.c
[    7.548446] ad9081 spi1.0: AD9081 Rev. 2 Grade 10 (API 1.2.2) probed
[    7.555645] xhci-hcd xhci-hcd.1.auto: xHCI Host Controller
[    7.561138] xhci-hcd xhci-hcd.1.auto: new USB bus registered, assigned bus number 1
[    7.568885] xhci-hcd xhci-hcd.1.auto: hcc params 0x0238f625 hci version 0x100 quirks 0x0000000002010810
[    7.578298] xhci-hcd xhci-hcd.1.auto: irq 59, io mem 0xfe200000
[    7.584406] usb usb1: New USB device found, idVendor=1d6b, idProduct=0002, bcdDevice= 5.10
[    7.592663] usb usb1: New USB device strings: Mfr=3, Product=2, SerialNumber=1
[    7.599881] usb usb1: Product: xHCI Host Controller
[    7.604751] usb usb1: Manufacturer: Linux 5.10.0-98103-g2aa7ac113716 xhci-hcd
[    7.611877] usb usb1: SerialNumber: xhci-hcd.1.auto
[    7.617043] hub 1-0:1.0: USB hub found
[    7.620804] hub 1-0:1.0: 1 port detected
[    7.624907] xhci-hcd xhci-hcd.1.auto: xHCI Host Controller
[    7.630388] xhci-hcd xhci-hcd.1.auto: new USB bus registered, assigned bus number 2
[    7.638044] xhci-hcd xhci-hcd.1.auto: Host supports USB 3.0 SuperSpeed
[    7.644671] usb usb2: New USB device found, idVendor=1d6b, idProduct=0003, bcdDevice= 5.10
[    7.652928] usb usb2: New USB device strings: Mfr=3, Product=2, SerialNumber=1
[    7.660152] usb usb2: Product: xHCI Host Controller
[    7.665025] usb usb2: Manufacturer: Linux 5.10.0-98103-g2aa7ac113716 xhci-hcd
[    7.672150] usb usb2: SerialNumber: xhci-hcd.1.auto
[    7.677257] hub 2-0:1.0: USB hub found
[    7.681021] hub 2-0:1.0: 1 port detected
[    7.711059] cf_axi_adc 84a10000.axi-ad9081-rx-hpc: ADI AIM (10.01.b) at 0x84A10000 mapped to 0x(____ptrval____), probed ADC AD9081 as MASTER
[    7.744550] cf_axi_dds 84b10000.axi-ad9081-tx-hpc: Analog Devices CF_AXI_DDS_DDS MASTER (9.01.b) at 0x84B10000 mapped to 0x(____ptrval____), probed DDS AD9081
[    7.758752] jesd204: /axi/spi@ff040000/ad9081@0,jesd204:0,parent=spi1.0: JESD204[2] transition initialized -> probed
[    7.769272] jesd204: /axi/spi@ff040000/ad9081@0,jesd204:0,parent=spi1.0: JESD204[0] transition initialized -> probed
[    7.779792] jesd204: /axi/spi@ff040000/ad9081@0,jesd204:0,parent=spi1.0: JESD204[2] transition probed -> idle
[    7.789703] jesd204: /axi/spi@ff040000/ad9081@0,jesd204:0,parent=spi1.0: JESD204[0] transition probed -> idle
[    7.799617] jesd204: /axi/spi@ff040000/ad9081@0,jesd204:0,parent=spi1.0: JESD204[2] transition idle -> device_init
[    7.809959] jesd204: /axi/spi@ff040000/ad9081@0,jesd204:0,parent=spi1.0: JESD204[0] transition idle -> device_init
[    7.820312] jesd204: /axi/spi@ff040000/ad9081@0,jesd204:0,parent=spi1.0: JESD204[2] transition device_init -> link_init
[    7.831086] jesd204: /axi/spi@ff040000/ad9081@0,jesd204:0,parent=spi1.0: JESD204[0] transition device_init -> link_init
[    7.841879] jesd204: /axi/spi@ff040000/ad9081@0,jesd204:0,parent=spi1.0: JESD204[2] transition link_init -> link_supported
[    7.852917] jesd204: /axi/spi@ff040000/ad9081@0,jesd204:0,parent=spi1.0: JESD204[0] transition link_init -> link_supported
[    7.864326] hmc7044 spi2.0: hmc7044_jesd204_link_pre_setup: Link2 forcing continuous SYSREF mode
[    7.873501] jesd204: /axi/spi@ff040000/ad9081@0,jesd204:0,parent=spi1.0: JESD204[2] transition link_supported -> link_pre_setup
[    7.884973] jesd204: /axi/spi@ff040000/ad9081@0,jesd204:0,parent=spi1.0: JESD204[0] transition link_supported -> link_pre_setup
[    7.908917] jesd204: /axi/spi@ff040000/ad9081@0,jesd204:0,parent=spi1.0: JESD204[2] transition link_pre_setup -> clk_sync_stage1
[    7.920476] jesd204: /axi/spi@ff040000/ad9081@0,jesd204:0,parent=spi1.0: JESD204[0] transition link_pre_setup -> clk_sync_stage1
[    7.932039] jesd204: /axi/spi@ff040000/ad9081@0,jesd204:0,parent=spi1.0: JESD204[2] transition clk_sync_stage1 -> clk_sync_stage2
[    7.943685] jesd204: /axi/spi@ff040000/ad9081@0,jesd204:0,parent=spi1.0: JESD204[0] transition clk_sync_stage1 -> clk_sync_stage2
[    7.955336] jesd204: /axi/spi@ff040000/ad9081@0,jesd204:0,parent=spi1.0: JESD204[2] transition clk_sync_stage2 -> clk_sync_stage3
[    7.966980] jesd204: /axi/spi@ff040000/ad9081@0,jesd204:0,parent=spi1.0: JESD204[0] transition clk_sync_stage2 -> clk_sync_stage3
[    7.980703] jesd204: /axi/spi@ff040000/ad9081@0,jesd204:0,parent=spi1.0: JESD204[2] transition clk_sync_stage3 -> link_setup
[    7.991923] jesd204: /axi/spi@ff040000/ad9081@0,jesd204:0,parent=spi1.0: JESD204[0] transition clk_sync_stage3 -> link_setup
[    8.007931] jesd204: /axi/spi@ff040000/ad9081@0,jesd204:0,parent=spi1.0: JESD204[2] transition link_setup -> opt_setup_stage1
[    8.019236] jesd204: /axi/spi@ff040000/ad9081@0,jesd204:0,parent=spi1.0: JESD204[0] transition link_setup -> opt_setup_stage1
[    8.035538] jesd204: /axi/spi@ff040000/ad9081@0,jesd204:0,parent=spi1.0: JESD204[2] transition opt_setup_stage1 -> opt_setup_stage2
[    8.047360] jesd204: /axi/spi@ff040000/ad9081@0,jesd204:0,parent=spi1.0: JESD204[0] transition opt_setup_stage1 -> opt_setup_stage2
[    8.059331] jesd204: /axi/spi@ff040000/ad9081@0,jesd204:0,parent=spi1.0: JESD204[2] transition opt_setup_stage2 -> opt_setup_stage3
[    8.071156] jesd204: /axi/spi@ff040000/ad9081@0,jesd204:0,parent=spi1.0: JESD204[0] transition opt_setup_stage2 -> opt_setup_stage3
[    8.082984] jesd204: /axi/spi@ff040000/ad9081@0,jesd204:0,parent=spi1.0: JESD204[2] transition opt_setup_stage3 -> opt_setup_stage4
[    8.094801] jesd204: /axi/spi@ff040000/ad9081@0,jesd204:0,parent=spi1.0: JESD204[0] transition opt_setup_stage3 -> opt_setup_stage4
[    8.106631] jesd204: /axi/spi@ff040000/ad9081@0,jesd204:0,parent=spi1.0: JESD204[2] transition opt_setup_stage4 -> opt_setup_stage5
[    8.118460] jesd204: /axi/spi@ff040000/ad9081@0,jesd204:0,parent=spi1.0: JESD204[0] transition opt_setup_stage4 -> opt_setup_stage5
[    8.134387] jesd204: /axi/spi@ff040000/ad9081@0,jesd204:0,parent=spi1.0: JESD204[2] transition opt_setup_stage5 -> clocks_enable
[    8.145949] jesd204: /axi/spi@ff040000/ad9081@0,jesd204:0,parent=spi1.0: JESD204[0] transition opt_setup_stage5 -> clocks_enable
[    8.192886] axi_adxcvr 84a60000.axi-adxcvr-rx: adxcvr_clk_enable: CPLL RX buffer underflow error, status: 0x61
[    8.202876] axi_adxcvr 84a60000.axi-adxcvr-rx: adxcvr_clk_enable: CPLL RX buffer overflow error, status: 0x61
[    8.212846] jesd204: /axi/spi@ff040000/ad9081@0,jesd204:0,parent=spi1.0: JESD204[2] transition clocks_enable -> link_enable
[    8.223971] jesd204: /axi/spi@ff040000/ad9081@0,jesd204:0,parent=spi1.0: JESD204[0] transition clocks_enable -> link_enable
[    8.255953] ad9081 spi1.0: JESD RX (JTX) Link2 in DATA, SYNC deasserted, PLL locked, PHASE established, MODE valid
[    8.266559] ad9081 spi1.0: JESD TX (JRX) Link0 0xF lanes in DATA
[    8.272563] jesd204: /axi/spi@ff040000/ad9081@0,jesd204:0,parent=spi1.0: JESD204[2] transition link_enable -> link_running
[    8.283601] jesd204: /axi/spi@ff040000/ad9081@0,jesd204:0,parent=spi1.0: JESD204[0] transition link_enable -> link_running
[    8.294647] jesd204: /axi/spi@ff040000/ad9081@0,jesd204:0,parent=spi1.0: JESD204[2] transition link_running -> opt_post_running_stage
[    8.306638] jesd204: /axi/spi@ff040000/ad9081@0,jesd204:0,parent=spi1.0: JESD204[0] transition link_running -> opt_post_running_stage
[    8.327848] input: gpio-keys as /devices/platform/gpio-keys/input/input0
[    8.334865] of_cfs_init
[    8.337328] of_cfs_init: OK
[    8.340258] cfg80211: Loading compiled-in X.509 certificates for regulatory database
[    8.478505] cfg80211: Loaded X.509 cert 'sforshee: 00b28ddf47aef9cea7'
[    8.485034] clk: Not disabling unused clocks
[    8.489558] ALSA device list:
[    8.492522]   No soundcards found.
[    8.496198] platform regulatory.0: Direct firmware load for regulatory.db failed with error -2
[    8.504811] cfg80211: failed to load regulatory.db
[    8.519667] EXT4-fs (mmcblk0p2): mounted filesystem with ordered data mode. Opts: (null)
[    8.527778] VFS: Mounted root (ext4 filesystem) on device 179:2.
[    8.541501] devtmpfs: mounted
[    8.545317] Freeing unused kernel memory: 2560K
[    8.567761] Run /sbin/init as init process
[    8.571851]   with arguments:
[    8.571853]     /sbin/init
[    8.571856]   with environment:
[    8.571858]     HOME=/
[    8.571860]     TERM=linux
[    9.152907] systemd[1]: systemd 241 running in system mode. (+PAM +AUDIT +SELINUX +IMA +APPARMOR +SMACK +SYSVINIT +UTMP +LIBCRYPTSETUP +GCRYPT +GNUTLS +ACL +XZ +LZ4 +SECCOMP +BLKID +ELFUTILS +KMOD -IDN2 +IDN -PCRE2 default-hierarchy=hybrid)
[    9.174804] systemd[1]: Detected architecture arm64.
[    9.196453] systemd[1]: Set hostname to <analog>.
[    9.386558] systemd[1]: File /lib/systemd/system/systemd-journald.service:12 configures an IP firewall (IPAddressDeny=any), but the local system does not support BPF/cgroup based firewalling.
[    9.403610] systemd[1]: Proceeding WITHOUT firewalling in effect! (This warning is only shown for the first loaded unit using IP firewalling.)
[    9.569025] systemd[1]: /etc/systemd/system/tof-server.service:1: Assignment outside of section. Ignoring.
[    9.578711] systemd[1]: /etc/systemd/system/tof-server.service:2: Assignment outside of section. Ignoring.
[    9.764068] random: systemd: uninitialized urandom read (16 bytes read)
[    9.779160] random: systemd: uninitialized urandom read (16 bytes read)
[    9.786048] systemd[1]: Listening on Journal Audit Socket.
[    9.807814] random: systemd: uninitialized urandom read (16 bytes read)
[    9.814639] systemd[1]: Listening on udev Kernel Socket.
[    9.835802] systemd[1]: Reached target Swap.
[   10.647037] EXT4-fs (mmcblk0p2): re-mounted. Opts: (null)
[   10.788636] systemd-journald[168]: Received request to flush runtime journal from PID 1
[   16.009899] random: crng init done
[   16.009909] random: 7 urandom warning(s) missed due to ratelimiting
[   16.814663] macb ff0e0000.ethernet eth0: PHY [ff0e0000.ethernet-ffffffff:0c] driver [TI DP83867] (irq=POLL)
[   16.814676] macb ff0e0000.ethernet eth0: configuring for phy/rgmii-id link mode
[   17.111803] Adding 90108k swap on /var/swap.  Priority:-2 extents:1 across:90108k SS
[   19.689945] broken atomic modeset userspace detected, disabling atomic
[   20.897345] macb ff0e0000.ethernet eth0: Link is Up - 1Gbps/Full - flow control off
[   20.897371] IPv6: ADDRCONF(NETDEV_CHANGE): eth0: link becomes ready
[   22.363220] broken atomic modeset userspace detected, disabling atomic
[   25.211674] broken atomic modeset userspace detected, disabling atomic
[   27.838868] broken atomic modeset userspace detected, disabling atomic