[    0.000000] Booting Linux on physical CPU 0x0000000000 [0x410fd034]
[    0.000000] Linux version 5.10.0-98103-g2aa7ac113716 (jenkins@romlxbuild1.adlk.analog.com) (aarch64-xilinx-linux-gcc.real (GCC) 10.2.0, GNU ld (GNU Binutils) 2.35.0.20200730) #5577 SMP Wed Mar 23 07:28:49 GMT 2022
[    0.000000] Machine model: ZynqMP ZCU102 Rev1.0
[    0.000000] earlycon: cdns0 at MMIO 0x00000000ff000000 (options '115200n8')
[    0.000000] printk: bootconsole [cdns0] enabled
[    0.000000] efi: UEFI not found.
[    0.000000] cma: Reserved 256 MiB at 0x0000000070000000
[    0.000000] Zone ranges:
[    0.000000]   DMA      [mem 0x0000000000000000-0x000000003fffffff]
[    0.000000]   DMA32    [mem 0x0000000040000000-0x00000000ffffffff]
[    0.000000]   Normal   [mem 0x0000000100000000-0x000000087fffffff]
[    0.000000] Movable zone start for each node
[    0.000000] Early memory node ranges
[    0.000000]   node   0: [mem 0x0000000000000000-0x000000007fffffff]
[    0.000000]   node   0: [mem 0x0000000800000000-0x000000087fffffff]
[    0.000000] Initmem setup node 0 [mem 0x0000000000000000-0x000000087fffffff]
[    0.000000] On node 0 totalpages: 1048576
[    0.000000]   DMA zone: 3584 pages used for memmap
[    0.000000]   DMA zone: 0 pages reserved
[    0.000000]   DMA zone: 262144 pages, LIFO batch:63
[    0.000000]   DMA32 zone: 3584 pages used for memmap
[    0.000000]   DMA32 zone: 262144 pages, LIFO batch:63
[    0.000000]   Normal zone: 7168 pages used for memmap
[    0.000000]   Normal zone: 524288 pages, LIFO batch:63
[    0.000000] psci: probing for conduit method from DT.
[    0.000000] psci: PSCIv1.1 detected in firmware.
[    0.000000] psci: Using standard PSCI v0.2 function IDs
[    0.000000] psci: MIGRATE_INFO_TYPE not supported.
[    0.000000] psci: SMC Calling Convention v1.2
[    0.000000] percpu: Embedded 22 pages/cpu s49496 r8192 d32424 u90112
[    0.000000] pcpu-alloc: s49496 r8192 d32424 u90112 alloc=22*4096
[    0.000000] pcpu-alloc: [0] 0 [0] 1 [0] 2 [0] 3 
[    0.000000] Detected VIPT I-cache on CPU0
[    0.000000] CPU features: detected: ARM erratum 845719
[    0.000000] Built 1 zonelists, mobility grouping on.  Total pages: 1034240
[    0.000000] Kernel command line: console=ttyPS0,115200 root=/dev/mmcblk0p2 rw earlycon rootfstype=ext4 rootwait clk_ignore_unused cpuidle.off=1 root=/dev/mmcblk0p2 rw rootwait
[    0.000000] Dentry cache hash table entries: 524288 (order: 10, 4194304 bytes, linear)
[    0.000000] Inode-cache hash table entries: 262144 (order: 9, 2097152 bytes, linear)
[    0.000000] mem auto-init: stack:off, heap alloc:off, heap free:off
[    0.000000] software IO TLB: mapped [mem 0x000000003bfff000-0x000000003ffff000] (64MB)
[    0.000000] Memory: 3761904K/4194304K available (15296K kernel code, 1636K rwdata, 11876K rodata, 2560K init, 507K bss, 170256K reserved, 262144K cma-reserved)
[    0.000000] rcu: Hierarchical RCU implementation.
[    0.000000] rcu: 	RCU event tracing is enabled.
[    0.000000] rcu: 	RCU restricting CPUs from NR_CPUS=8 to nr_cpu_ids=4.
[    0.000000] rcu: RCU calculated value of scheduler-enlistment delay is 25 jiffies.
[    0.000000] rcu: Adjusting geometry for rcu_fanout_leaf=16, nr_cpu_ids=4
[    0.000000] NR_IRQS: 64, nr_irqs: 64, preallocated irqs: 0
[    0.000000] GIC: Adjusting CPU interface base to 0x00000000f902f000
[    0.000000] GIC: Using split EOI/Deactivate mode
[    0.000000] random: get_random_bytes called from start_kernel+0x31c/0x54c with crng_init=0
[    0.000000] arch_timer: cp15 timer(s) running at 100.00MHz (phys).
[    0.000000] clocksource: arch_sys_counter: mask: 0xffffffffffffff max_cycles: 0x171024e7e0, max_idle_ns: 440795205315 ns
[    0.000003] sched_clock: 56 bits at 100MHz, resolution 10ns, wraps every 4398046511100ns
[    0.008464] Console: colour dummy device 80x25
[    0.012483] Calibrating delay loop (skipped), value calculated using timer frequency.. 200.00 BogoMIPS (lpj=400000)
[    0.022841] pid_max: default: 32768 minimum: 301
[    0.027549] Mount-cache hash table entries: 8192 (order: 4, 65536 bytes, linear)
[    0.034789] Mountpoint-cache hash table entries: 8192 (order: 4, 65536 bytes, linear)
[    0.043394] rcu: Hierarchical SRCU implementation.
[    0.047560] EFI services will not be available.
[    0.051938] smp: Bringing up secondary CPUs ...
[    0.056654] Detected VIPT I-cache on CPU1
[    0.056693] CPU1: Booted secondary processor 0x0000000001 [0x410fd034]
[    0.057059] Detected VIPT I-cache on CPU2
[    0.057083] CPU2: Booted secondary processor 0x0000000002 [0x410fd034]
[    0.057422] Detected VIPT I-cache on CPU3
[    0.057445] CPU3: Booted secondary processor 0x0000000003 [0x410fd034]
[    0.057491] smp: Brought up 1 node, 4 CPUs
[    0.091780] SMP: Total of 4 processors activated.
[    0.096452] CPU features: detected: 32-bit EL0 Support
[    0.101556] CPU features: detected: CRC32 instructions
[    0.106694] CPU: All CPU(s) started at EL2
[    0.110737] alternatives: patching kernel code
[    0.116169] devtmpfs: initialized
[    0.124055] Registered cp15_barrier emulation handler
[    0.124105] Registered setend emulation handler
[    0.128085] clocksource: jiffies: mask: 0xffffffff max_cycles: 0xffffffff, max_idle_ns: 7645041785100000 ns
[    0.137662] futex hash table entries: 1024 (order: 4, 65536 bytes, linear)
[    0.151008] pinctrl core: initialized pinctrl subsystem
[    0.151656] NET: Registered protocol family 16
[    0.156073] DMA: preallocated 512 KiB GFP_KERNEL pool for atomic allocations
[    0.162089] DMA: preallocated 512 KiB GFP_KERNEL|GFP_DMA pool for atomic allocations
[    0.169815] DMA: preallocated 512 KiB GFP_KERNEL|GFP_DMA32 pool for atomic allocations
[    0.177619] audit: initializing netlink subsys (disabled)
[    0.183068] audit: type=2000 audit(0.116:1): state=initialized audit_enabled=0 res=1
[    0.183416] hw-breakpoint: found 6 breakpoint and 4 watchpoint registers.
[    0.197446] ASID allocator initialised with 65536 entries
[    0.224342] HugeTLB registered 1.00 GiB page size, pre-allocated 0 pages
[    0.225395] HugeTLB registered 32.0 MiB page size, pre-allocated 0 pages
[    0.232066] HugeTLB registered 2.00 MiB page size, pre-allocated 0 pages
[    0.238728] HugeTLB registered 64.0 KiB page size, pre-allocated 0 pages
[    1.304364] DRBG: Continuing without Jitter RNG
[    1.382120] raid6: neonx8   gen()  2143 MB/s
[    1.450172] raid6: neonx8   xor()  1597 MB/s
[    1.518228] raid6: neonx4   gen()  2202 MB/s
[    1.586278] raid6: neonx4   xor()  1566 MB/s
[    1.654350] raid6: neonx2   gen()  2076 MB/s
[    1.722394] raid6: neonx2   xor()  1441 MB/s
[    1.790462] raid6: neonx1   gen()  1772 MB/s
[    1.858503] raid6: neonx1   xor()  1220 MB/s
[    1.926565] raid6: int64x8  gen()  1438 MB/s
[    1.994618] raid6: int64x8  xor()   771 MB/s
[    2.062692] raid6: int64x4  gen()  1599 MB/s
[    2.130747] raid6: int64x4  xor()   818 MB/s
[    2.198809] raid6: int64x2  gen()  1397 MB/s
[    2.266866] raid6: int64x2  xor()   749 MB/s
[    2.334936] raid6: int64x1  gen()  1034 MB/s
[    2.402993] raid6: int64x1  xor()   517 MB/s
[    2.403032] raid6: using algorithm neonx4 gen() 2202 MB/s
[    2.406987] raid6: .... xor() 1566 MB/s, rmw enabled
[    2.411917] raid6: using neon recovery algorithm
[    2.416929] iommu: Default domain type: Translated 
[    2.421543] SCSI subsystem initialized
[    2.425087] libata version 3.00 loaded.
[    2.425212] usbcore: registered new interface driver usbfs
[    2.430543] usbcore: registered new interface driver hub
[    2.435816] usbcore: registered new device driver usb
[    2.440950] mc: Linux media interface: v0.10
[    2.445066] videodev: Linux video capture interface: v2.00
[    2.450557] EDAC MC: Ver: 3.0.0
[    2.454000] zynqmp-ipi-mbox mailbox@ff990400: Registered ZynqMP IPI mbox with TX/RX channels.
[    2.462500] jesd204: created con: id=0, topo=0, link=0, /axi/spi@ff050000/hmc7044@0 <-> /fpga-axi@0/axi-adxcvr-tx@84b60000
[    2.473086] jesd204: created con: id=1, topo=0, link=2, /axi/spi@ff050000/hmc7044@0 <-> /fpga-axi@0/axi-adxcvr-rx@84a60000
[    2.484070] jesd204: created con: id=2, topo=0, link=0, /fpga-axi@0/axi-adxcvr-tx@84b60000 <-> /fpga-axi@0/axi-jesd204-tx@84b90000
[    2.495746] jesd204: created con: id=3, topo=0, link=2, /fpga-axi@0/axi-adxcvr-rx@84a60000 <-> /fpga-axi@0/axi-jesd204-rx@84a90000
[    2.507423] jesd204: created con: id=4, topo=0, link=0, /fpga-axi@0/axi-jesd204-tx@84b90000 <-> /fpga-axi@0/axi-ad9081-tx-hpc@84b10000
[    2.519451] jesd204: created con: id=5, topo=0, link=2, /fpga-axi@0/axi-jesd204-rx@84a90000 <-> /fpga-axi@0/axi-ad9081-rx-hpc@84a10000
[    2.531473] jesd204: created con: id=6, topo=0, link=2, /fpga-axi@0/axi-ad9081-rx-hpc@84a10000 <-> /axi/spi@ff040000/ad9081@0
[    2.542714] jesd204: created con: id=7, topo=0, link=0, /fpga-axi@0/axi-ad9081-tx-hpc@84b10000 <-> /axi/spi@ff040000/ad9081@0
[    2.553964] jesd204: /axi/spi@ff040000/ad9081@0: JESD204[2] transition uninitialized -> initialized
[    2.562951] jesd204: /axi/spi@ff040000/ad9081@0: JESD204[0] transition uninitialized -> initialized
[    2.571943] jesd204: found 8 devices and 1 topologies
[    2.576986] FPGA manager framework
[    2.580465] Advanced Linux Sound Architecture Driver Initialized.
[    2.586758] Bluetooth: Core ver 2.22
[    2.589945] NET: Registered protocol family 31
[    2.594347] Bluetooth: HCI device and connection manager initialized
[    2.600664] Bluetooth: HCI socket layer initialized
[    2.605506] Bluetooth: L2CAP socket layer initialized
[    2.610529] Bluetooth: SCO socket layer initialized
[    2.615712] clocksource: Switched to clocksource arch_sys_counter
[    2.621522] VFS: Disk quotas dquot_6.6.0
[    2.625357] VFS: Dquot-cache hash table entries: 512 (order 0, 4096 bytes)
[    2.636074] NET: Registered protocol family 2
[    2.636803] tcp_listen_portaddr_hash hash table entries: 2048 (order: 3, 32768 bytes, linear)
[    2.644997] TCP established hash table entries: 32768 (order: 6, 262144 bytes, linear)
[    2.653022] TCP bind hash table entries: 32768 (order: 7, 524288 bytes, linear)
[    2.660468] TCP: Hash tables configured (established 32768 bind 32768)
[    2.666641] UDP hash table entries: 2048 (order: 4, 65536 bytes, linear)
[    2.673308] UDP-Lite hash table entries: 2048 (order: 4, 65536 bytes, linear)
[    2.680467] NET: Registered protocol family 1
[    2.684923] RPC: Registered named UNIX socket transport module.
[    2.690544] RPC: Registered udp transport module.
[    2.695209] RPC: Registered tcp transport module.
[    2.699878] RPC: Registered tcp NFSv4.1 backchannel transport module.
[    2.706870] PCI: CLS 0 bytes, default 64
[    2.710577] hw perfevents: no interrupt-affinity property for /pmu, guessing.
[    2.717430] hw perfevents: enabled with armv8_pmuv3 PMU driver, 7 counters available
[    2.725788] Initialise system trusted keyrings
[    2.729457] workingset: timestamp_bits=62 max_order=20 bucket_order=0
[    2.736356] NFS: Registering the id_resolver key type
[    2.740809] Key type id_resolver registered
[    2.744947] Key type id_legacy registered
[    2.748937] nfs4filelayout_init: NFSv4 File Layout Driver Registering...
[    2.755602] jffs2: version 2.2. (NAND) (SUMMARY)  Â© 2001-2006 Red Hat, Inc.
[    2.797896] NET: Registered protocol family 38
[    2.797939] xor: measuring software checksum speed
[    2.805631]    8regs           :  2363 MB/sec
[    2.809300]    32regs          :  2799 MB/sec
[    2.814242]    arm64_neon      :  2380 MB/sec
[    2.814432] xor: using function: 32regs (2799 MB/sec)
[    2.819458] Key type asymmetric registered
[    2.823520] Asymmetric key parser 'x509' registered
[    2.828380] Block layer SCSI generic (bsg) driver version 0.4 loaded (major 248)
[    2.835718] io scheduler mq-deadline registered
[    2.840214] io scheduler kyber registered
[    2.869643] Serial: 8250/16550 driver, 4 ports, IRQ sharing disabled
[    2.874288] cacheinfo: Unable to detect cache hierarchy for CPU 0
[    2.880619] brd: module loaded
[    2.884762] loop: module loaded
[    2.885309] Registered mathworks_ip class
[    2.888652] libphy: Fixed MDIO Bus: probed
[    2.891621] tun: Universal TUN/TAP device driver, 1.6
[    2.895712] CAN device driver interface
[    2.900229] usbcore: registered new interface driver asix
[    2.904820] usbcore: registered new interface driver ax88179_178a
[    2.910862] usbcore: registered new interface driver cdc_ether
[    2.916657] usbcore: registered new interface driver net1080
[    2.922279] usbcore: registered new interface driver cdc_subset
[    2.928160] usbcore: registered new interface driver zaurus
[    2.933706] usbcore: registered new interface driver cdc_ncm
[    2.940113] ehci_hcd: USB 2.0 'Enhanced' Host Controller (EHCI) Driver
[    2.945788] ehci-pci: EHCI PCI platform driver
[    2.950591] usbcore: registered new interface driver uas
[    2.955509] usbcore: registered new interface driver usb-storage
[    2.961495] usbcore: registered new interface driver usbserial_generic
[    2.967945] usbserial: USB Serial support registered for generic
[    2.973918] usbcore: registered new interface driver ftdi_sio
[    2.979621] usbserial: USB Serial support registered for FTDI USB Serial Device
[    2.986898] usbcore: registered new interface driver upd78f0730
[    2.992769] usbserial: USB Serial support registered for upd78f0730
[    3.000430] rtc_zynqmp ffa60000.rtc: registered as rtc0
[    3.004194] rtc_zynqmp ffa60000.rtc: setting system clock to 2022-03-26T01:09:49 UTC (1648256989)
[    3.013057] i2c /dev entries driver
[    3.018362] usbcore: registered new interface driver uvcvideo
[    3.022170] USB Video Class driver (1.1.1)
[    3.027749] Bluetooth: HCI UART driver ver 2.3
[    3.030641] Bluetooth: HCI UART protocol H4 registered
[    3.035750] Bluetooth: HCI UART protocol BCSP registered
[    3.041039] Bluetooth: HCI UART protocol LL registered
[    3.046127] Bluetooth: HCI UART protocol ATH3K registered
[    3.051503] Bluetooth: HCI UART protocol Three-wire (H5) registered
[    3.057757] Bluetooth: HCI UART protocol Intel registered
[    3.063094] Bluetooth: HCI UART protocol QCA registered
[    3.068296] usbcore: registered new interface driver bcm203x
[    3.073917] usbcore: registered new interface driver bpa10x
[    3.079451] usbcore: registered new interface driver bfusb
[    3.084903] usbcore: registered new interface driver btusb
[    3.090366] usbcore: registered new interface driver ath3k
[    3.095848] EDAC MC: ECC not enabled
[    3.099469] EDAC DEVICE0: Giving out device to module zynqmp-ocm-edac controller zynqmp_ocm: DEV ff960000.memory-controller (INTERRUPT)
[    3.111795] sdhci: Secure Digital Host Controller Interface driver
[    3.117576] sdhci: Copyright(c) Pierre Ossman
[    3.121902] sdhci-pltfm: SDHCI platform and OF driver helper
[    3.127964] ledtrig-cpu: registered to indicate activity on CPUs
[    3.133507] SMCCC: SOC_ID: ARCH_SOC_ID not implemented, skipping ....
[    3.139934] zynqmp_firmware_probe Platform Management API v1.1
[    3.145693] zynqmp_firmware_probe Trustzone version v1.0
[    3.185231] zynqmp-pinctrl firmware:zynqmp-firmware:pinctrl: zynqmp pinctrl initialized
[    3.233233] zynqmp-aes firmware:zynqmp-firmware:zynqmp-aes: will run requests pump with realtime priority
[    3.249063] alg: No test for xilinx-keccak-384 (zynqmp-keccak-384)
[    3.249774] alg: No test for xilinx-zynqmp-rsa (zynqmp-rsa)
[    3.255289] usbcore: registered new interface driver usbhid
[    3.260676] usbhid: USB HID core driver
[    3.271912] axi_sysid 85000000.axi-sysid-0: AXI System ID core version (1.01.a) found
[    3.274257] axi_sysid 85000000.axi-sysid-0: [ad9081_fmca_ebz] on [zcu102] git branch <master> git <084d44c9780640ca93fd847b1d9ec70dd65f5c67> clean [2022-03-18 04:17:50] UTC
[    3.289943] fpga_manager fpga0: Xilinx ZynqMP FPGA Manager registered
[    3.296310] usbcore: registered new interface driver snd-usb-audio
[    3.303742] pktgen: Packet Generator for packet performance testing. Version: 2.75
[    3.309921] Initializing XFRM netlink socket
[    3.313790] NET: Registered protocol family 10
[    3.318503] Segment Routing with IPv6
[    3.321887] sit: IPv6, IPv4 and MPLS over IPv4 tunneling driver
[    3.327965] NET: Registered protocol family 17
[    3.332057] NET: Registered protocol family 15
[    3.336555] can: controller area network core
[    3.340810] NET: Registered protocol family 29
[    3.345198] can: raw protocol
[    3.348135] can: broadcast manager protocol
[    3.352290] can: netlink gateway - max_hops=1
[    3.356684] Bluetooth: RFCOMM TTY layer initialized
[    3.361464] Bluetooth: RFCOMM socket layer initialized
[    3.366575] Bluetooth: RFCOMM ver 1.11
[    3.370282] Bluetooth: BNEP (Ethernet Emulation) ver 1.3
[    3.375555] Bluetooth: BNEP filters: protocol multicast
[    3.380747] Bluetooth: BNEP socket layer initialized
[    3.385675] Bluetooth: HIDP (Human Interface Emulation) ver 1.2
[    3.391559] Bluetooth: HIDP socket layer initialized
[    3.396610] 9pnet: Installing 9P2000 support
[    3.400735] NET: Registered protocol family 36
[    3.405152] Key type dns_resolver registered
[    3.409586] registered taskstats version 1
[    3.413448] Loading compiled-in X.509 certificates
[    3.418562] Btrfs loaded, crc32c=crc32c-generic
[    3.430933] ff000000.serial: ttyPS0 at MMIO 0xff000000 (irq = 49, base_baud = 6249999) is a xuartps
[    3.439958] printk: console [ttyPS0] enabled
[    3.444253] printk: bootconsole [cdns0] disabled
[    3.453880] ff010000.serial: ttyPS1 at MMIO 0xff010000 (irq = 50, base_baud = 6249999) is a xuartps
[    3.467125] of-fpga-region fpga-full: FPGA Region probed
[    3.474089] nwl-pcie fd0e0000.pcie: host bridge /axi/pcie@fd0e0000 ranges:
[    3.480982] nwl-pcie fd0e0000.pcie:      MEM 0x00e0000000..0x00efffffff -> 0x00e0000000
[    3.488990] nwl-pcie fd0e0000.pcie:      MEM 0x0600000000..0x07ffffffff -> 0x0600000000
[    3.497055] nwl-pcie fd0e0000.pcie: Link is DOWN
[    3.501811] nwl-pcie fd0e0000.pcie: PCI host bridge to bus 0000:00
[    3.507989] pci_bus 0000:00: root bus resource [bus 00-ff]
[    3.513471] pci_bus 0000:00: root bus resource [mem 0xe0000000-0xefffffff]
[    3.520341] pci_bus 0000:00: root bus resource [mem 0x600000000-0x7ffffffff pref]
[    3.527845] pci 0000:00:00.0: [10ee:d021] type 01 class 0x060400
[    3.533900] pci 0000:00:00.0: PME# supported from D0 D1 D2 D3hot
[    3.544345] pci 0000:00:00.0: PCI bridge to [bus 01-0c]
[    3.550322] xilinx-zynqmp-dma fd500000.dma: ZynqMP DMA driver Probe success
[    3.557498] xilinx-zynqmp-dma fd510000.dma: ZynqMP DMA driver Probe success
[    3.564675] xilinx-zynqmp-dma fd520000.dma: ZynqMP DMA driver Probe success
[    3.571849] xilinx-zynqmp-dma fd530000.dma: ZynqMP DMA driver Probe success
[    3.579016] xilinx-zynqmp-dma fd540000.dma: ZynqMP DMA driver Probe success
[    3.586188] xilinx-zynqmp-dma fd550000.dma: ZynqMP DMA driver Probe success
[    3.593357] xilinx-zynqmp-dma fd560000.dma: ZynqMP DMA driver Probe success
[    3.600529] xilinx-zynqmp-dma fd570000.dma: ZynqMP DMA driver Probe success
[    3.607936] xilinx-zynqmp-dpdma fd4c0000.dma-controller: Xilinx DPDMA engine is probed
[    3.616481] ahci-ceva fd0c0000.ahci: supply ahci not found, using dummy regulator
[    3.624024] ahci-ceva fd0c0000.ahci: supply phy not found, using dummy regulator
[    3.711889] hmc7044 spi2.0: PLL1: Acquisition, CLKIN0 @ 122880000 Hz, PFD: 80 kHz - PLL2: Locked @ 2832.000000 MHz
[    3.722606] jesd204: /axi/spi@ff050000/hmc7044@0,jesd204:1,parent=spi2.0: Using as SYSREF provider
[    3.732191] spi-nor spi0.0: SPI-NOR-UniqueID 100000235394732200270025081115266e
[    3.739502] spi-nor spi0.0: found n25q512a, expected m25p80
[    3.745709] spi-nor spi0.0: trying to lock already unlocked area
[    3.751715] spi-nor spi0.0: n25q512a (131072 Kbytes)
[    3.756698] 4 fixed-partitions partitions found on MTD device spi0.0
[    3.763045] Creating 4 MTD partitions on "spi0.0":
[    3.767830] 0x000000000000-0x000000100000 : "qspi-fsbl-uboot"
[    3.774322] 0x000000100000-0x000000600000 : "qspi-linux"
[    3.780273] 0x000000600000-0x000000620000 : "qspi-device-tree"
[    3.786749] 0x000000620000-0x000000c00000 : "qspi-rootfs"
[    3.795218] macb ff0e0000.ethernet: Not enabling partial store and forward
[    3.802746] libphy: MACB_mii_bus: probed
[    3.807809] macb ff0e0000.ethernet eth0: Cadence GEM rev 0x50070106 at 0xff0e0000 irq 30 (00:0a:35:04:8e:1b)
[    3.818020] xilinx-axipmon ffa00000.perf-monitor: Probed Xilinx APM
[    3.824601] xilinx-axipmon fd0b0000.perf-monitor: Probed Xilinx APM
[    3.831117] xilinx-axipmon fd490000.perf-monitor: Probed Xilinx APM
[    3.837660] xilinx-axipmon ffa10000.perf-monitor: Probed Xilinx APM
[    3.847661] pca953x 0-0020: supply vcc not found, using dummy regulator
[    3.854348] pca953x 0-0020: using no AI
[    3.858836] gpio-496 (sel0): hogged as output/low
[    3.863740] gpio-497 (sel1): hogged as output/high
[    3.868729] gpio-498 (sel2): hogged as output/high
[    3.873719] gpio-499 (sel3): hogged as output/high
[    3.878901] pca953x 0-0021: supply vcc not found, using dummy regulator
[    3.885575] pca953x 0-0021: using no AI
[    3.891348] ina2xx 2-0040: power monitor ina226 (Rshunt = 5000 uOhm)
[    3.898383] ina2xx 2-0041: power monitor ina226 (Rshunt = 5000 uOhm)
[    3.905421] ina2xx 2-0042: power monitor ina226 (Rshunt = 5000 uOhm)
[    3.912453] ina2xx 2-0043: power monitor ina226 (Rshunt = 5000 uOhm)
[    3.919476] ina2xx 2-0044: power monitor ina226 (Rshunt = 5000 uOhm)
[    3.926499] ina2xx 2-0045: power monitor ina226 (Rshunt = 5000 uOhm)
[    3.933528] ina2xx 2-0046: power monitor ina226 (Rshunt = 5000 uOhm)
[    3.940606] ina2xx 2-0047: power monitor ina226 (Rshunt = 5000 uOhm)
[    3.947630] ina2xx 2-004a: power monitor ina226 (Rshunt = 5000 uOhm)
[    3.954671] ina2xx 2-004b: power monitor ina226 (Rshunt = 5000 uOhm)
[    3.961078] i2c i2c-0: Added multiplexed i2c bus 2
[    3.966462] random: fast init done
[    3.969938] ina2xx 3-0040: power monitor ina226 (Rshunt = 2000 uOhm)
[    3.976967] ina2xx 3-0041: power monitor ina226 (Rshunt = 5000 uOhm)
[    3.984002] ina2xx 3-0042: power monitor ina226 (Rshunt = 5000 uOhm)
[    3.991034] ina2xx 3-0043: power monitor ina226 (Rshunt = 5000 uOhm)
[    3.998057] ina2xx 3-0044: power monitor ina226 (Rshunt = 5000 uOhm)
[    4.005084] ina2xx 3-0045: power monitor ina226 (Rshunt = 5000 uOhm)
[    4.012119] ina2xx 3-0046: power monitor ina226 (Rshunt = 5000 uOhm)
[    4.019148] ina2xx 3-0047: power monitor ina226 (Rshunt = 5000 uOhm)
[    4.025548] i2c i2c-0: Added multiplexed i2c bus 3
[    4.081480] i2c i2c-0: Added multiplexed i2c bus 4
[    4.086420] i2c i2c-0: Added multiplexed i2c bus 5
[    4.091208] pca954x 0-0075: registered 4 multiplexed busses for I2C mux pca9544
[    4.098557] cdns-i2c ff020000.i2c: 400 kHz mmio ff020000 irq 32
[    4.106290] at24 6-0054: supply vcc not found, using dummy regulator
[    4.113190] at24 6-0054: 1024 byte 24c08 EEPROM, writable, 1 bytes/write
[    4.119937] i2c i2c-1: Added multiplexed i2c bus 6
[    4.126367] si5341 7-0036: Chip: 5341 Grade: 1 Rev: 1
[    4.164073] i2c i2c-1: Added multiplexed i2c bus 7
[    4.171732] si570 8-005d: registered, current frequency 300000000 Hz
[    4.178134] i2c i2c-1: Added multiplexed i2c bus 8
[    4.197908] si570 9-005d: registered, current frequency 148500000 Hz
[    4.204314] i2c i2c-1: Added multiplexed i2c bus 9
[    4.209352] si5324 10-0069: si5328 probed
[    4.276072] si5324 10-0069: si5328 probe successful
[    4.281004] i2c i2c-1: Added multiplexed i2c bus 10
[    4.286031] i2c i2c-1: Added multiplexed i2c bus 11
[    4.291062] i2c i2c-1: Added multiplexed i2c bus 12
[    4.296088] i2c i2c-1: Added multiplexed i2c bus 13
[    4.300968] pca954x 1-0074: registered 8 multiplexed busses for I2C switch pca9548
[    4.309078] at24 14-0050: supply vcc not found, using dummy regulator
[    4.315863] at24 14-0050: 256 byte 24c02 EEPROM, writable, 1 bytes/write
[    4.322612] i2c i2c-1: Added multiplexed i2c bus 14
[    4.327650] i2c i2c-1: Added multiplexed i2c bus 15
[    4.332685] i2c i2c-1: Added multiplexed i2c bus 16
[    4.337721] i2c i2c-1: Added multiplexed i2c bus 17
[    4.342756] i2c i2c-1: Added multiplexed i2c bus 18
[    4.347804] i2c i2c-1: Added multiplexed i2c bus 19
[    4.352839] i2c i2c-1: Added multiplexed i2c bus 20
[    4.357876] i2c i2c-1: Added multiplexed i2c bus 21
[    4.362752] pca954x 1-0075: registered 8 multiplexed busses for I2C switch pca9548
[    4.370361] cdns-i2c ff030000.i2c: 400 kHz mmio ff030000 irq 33
[    4.380109] cdns-wdt fd4d0000.watchdog: Xilinx Watchdog Timer with timeout 60s
[    4.391046] axi_adxcvr 84a60000.axi-adxcvr-rx: AXI-ADXCVR-RX (17.05.a) using CPLL on GTH4 at 0x84A60000. Number of lanes: 4.
[    4.403195] axi_adxcvr 84b60000.axi-adxcvr-tx: AXI-ADXCVR-TX (17.05.a) using QPLL on GTH4 at 0x84B60000. Number of lanes: 4.
[    4.414816] axi-jesd204-rx 84a90000.axi-jesd204-rx: AXI-JESD204-RX (1.07.a) at 0x84A90000. Encoder 8b10b, width 4/4, lanes 4, jesd204-fsm.
[    4.422131] mmc0: SDHCI controller on ff170000.mmc [ff170000.mmc] using ADMA 64-bit
[    4.427662] axi-jesd204-tx 84b90000.axi-jesd204-tx: AXI-JESD204-TX (1.06.a) at 0x84B90000. Encoder 8b10b, width 4/4, lanes 4, jesd204-fsm.
[    4.448387] zynqmp-display fd4a0000.display: vtc bridge property not present
[    4.458046] xilinx-dp-snd-codec fd4a0000.display:zynqmp_dp_snd_codec0: Failed to get required clock freq
[    4.467547] xilinx-dp-snd-codec: probe of fd4a0000.display:zynqmp_dp_snd_codec0 failed with error -22
[    4.469493] mmc0: new high speed SDHC card at address 0001
[    4.477086] xilinx-dp-snd-pcm zynqmp_dp_snd_pcm0: Xilinx DisplayPort Sound PCM probed
[    4.482602] mmcblk0: mmc0:0001 EB1QT 29.8 GiB 
[    4.490402] xilinx-dp-snd-pcm zynqmp_dp_snd_pcm1: Xilinx DisplayPort Sound PCM probed
[    4.495781]  mmcblk0: p1 p2 p3
[    4.502702] OF: graph: no port node found in /axi/display@fd4a0000
[    4.511786] xlnx-drm xlnx-drm.0: bound fd4a0000.display (ops 0xffffffc010fcbdb8)
[    5.595728] zynqmp-display fd4a0000.display: [drm] Cannot find any crtc or sizes
[    5.603344] [drm] Initialized xlnx 1.0.0 20130509 for fd4a0000.display on minor 0
[    5.610834] zynqmp-display fd4a0000.display: ZynqMP DisplayPort Subsystem driver probed
[    5.619161] ahci-ceva fd0c0000.ahci: supply ahci not found, using dummy regulator
[    5.626705] ahci-ceva fd0c0000.ahci: supply phy not found, using dummy regulator
[    5.634155] ahci-ceva fd0c0000.ahci: supply target not found, using dummy regulator
[    5.641993] ahci-ceva fd0c0000.ahci: AHCI 0001.0301 32 slots 2 ports 6 Gbps 0x3 impl platform mode
[    5.650949] ahci-ceva fd0c0000.ahci: flags: 64bit ncq sntf pm clo only pmp fbs pio slum part ccc sds apst 
[    5.661646] scsi host0: ahci-ceva
[    5.665250] scsi host1: ahci-ceva
[    5.668678] ata1: SATA max UDMA/133 mmio [mem 0xfd0c0000-0xfd0c1fff] port 0x100 irq 45
[    5.676589] ata2: SATA max UDMA/133 mmio [mem 0xfd0c0000-0xfd0c1fff] port 0x180 irq 45
[    5.685193] ad9081 spi1.0: supply vdd not found, using dummy regulator
[    5.997966] ata1: SATA link down (SStatus 0 SControl 330)
[    6.003388] ata2: SATA link down (SStatus 0 SControl 330)
[    6.679730] zynqmp-display fd4a0000.display: [drm] Cannot find any crtc or sizes
[    6.903187] ad9081 spi1.0: Invalid param passed., "ref_clk_hz < 100000000ULL" in adi_ad9081_device_clk_config_set(...), line554 in drivers/iio/adc/ad9081/adi_ad9081_device.c
[    7.580713] ad9081 spi1.0: AD9081 Rev. 2 Grade 10 (API 1.2.2) probed
[    7.587919] xhci-hcd xhci-hcd.1.auto: xHCI Host Controller
[    7.593413] xhci-hcd xhci-hcd.1.auto: new USB bus registered, assigned bus number 1
[    7.601163] xhci-hcd xhci-hcd.1.auto: hcc params 0x0238f625 hci version 0x100 quirks 0x0000000002010810
[    7.610583] xhci-hcd xhci-hcd.1.auto: irq 59, io mem 0xfe200000
[    7.616691] usb usb1: New USB device found, idVendor=1d6b, idProduct=0002, bcdDevice= 5.10
[    7.624957] usb usb1: New USB device strings: Mfr=3, Product=2, SerialNumber=1
[    7.632173] usb usb1: Product: xHCI Host Controller
[    7.637043] usb usb1: Manufacturer: Linux 5.10.0-98103-g2aa7ac113716 xhci-hcd
[    7.644172] usb usb1: SerialNumber: xhci-hcd.1.auto
[    7.649345] hub 1-0:1.0: USB hub found
[    7.653113] hub 1-0:1.0: 1 port detected
[    7.657219] xhci-hcd xhci-hcd.1.auto: xHCI Host Controller
[    7.662708] xhci-hcd xhci-hcd.1.auto: new USB bus registered, assigned bus number 2
[    7.670362] xhci-hcd xhci-hcd.1.auto: Host supports USB 3.0 SuperSpeed
[    7.676983] usb usb2: New USB device found, idVendor=1d6b, idProduct=0003, bcdDevice= 5.10
[    7.685246] usb usb2: New USB device strings: Mfr=3, Product=2, SerialNumber=1
[    7.692470] usb usb2: Product: xHCI Host Controller
[    7.697344] usb usb2: Manufacturer: Linux 5.10.0-98103-g2aa7ac113716 xhci-hcd
[    7.704468] usb usb2: SerialNumber: xhci-hcd.1.auto
[    7.709578] hub 2-0:1.0: USB hub found
[    7.713339] hub 2-0:1.0: 1 port detected
[    7.743406] cf_axi_adc 84a10000.axi-ad9081-rx-hpc: ADI AIM (10.01.b) at 0x84A10000 mapped to 0x(____ptrval____), probed ADC AD9081 as MASTER
[    7.776554] cf_axi_dds 84b10000.axi-ad9081-tx-hpc: Analog Devices CF_AXI_DDS_DDS MASTER (9.01.b) at 0x84B10000 mapped to 0x(____ptrval____), probed DDS AD9081
[    7.790755] jesd204: /axi/spi@ff040000/ad9081@0,jesd204:0,parent=spi1.0: JESD204[2] transition initialized -> probed
[    7.801276] jesd204: /axi/spi@ff040000/ad9081@0,jesd204:0,parent=spi1.0: JESD204[0] transition initialized -> probed
[    7.811800] jesd204: /axi/spi@ff040000/ad9081@0,jesd204:0,parent=spi1.0: JESD204[2] transition probed -> idle
[    7.821707] jesd204: /axi/spi@ff040000/ad9081@0,jesd204:0,parent=spi1.0: JESD204[0] transition probed -> idle
[    7.831622] jesd204: /axi/spi@ff040000/ad9081@0,jesd204:0,parent=spi1.0: JESD204[2] transition idle -> device_init
[    7.841965] jesd204: /axi/spi@ff040000/ad9081@0,jesd204:0,parent=spi1.0: JESD204[0] transition idle -> device_init
[    7.852317] jesd204: /axi/spi@ff040000/ad9081@0,jesd204:0,parent=spi1.0: JESD204[2] transition device_init -> link_init
[    7.863095] jesd204: /axi/spi@ff040000/ad9081@0,jesd204:0,parent=spi1.0: JESD204[0] transition device_init -> link_init
[    7.873885] jesd204: /axi/spi@ff040000/ad9081@0,jesd204:0,parent=spi1.0: JESD204[2] transition link_init -> link_supported
[    7.884922] jesd204: /axi/spi@ff040000/ad9081@0,jesd204:0,parent=spi1.0: JESD204[0] transition link_init -> link_supported
[    7.896327] hmc7044 spi2.0: hmc7044_jesd204_link_pre_setup: Link2 forcing continuous SYSREF mode
[    7.905572] axi-jesd204-tx 84b90000.axi-jesd204-tx: axi_jesd204_tx_jesd204_link_pre_setup: Link0 set lane rate 9440000 kHz failed (-22)
[    7.917745] jesd204: /fpga-axi@0/axi-jesd204-tx@84b90000,jesd204:5,parent=84b90000.axi-jesd204-tx: JESD204[0] In link_pre_setup got error from cb: -22
[    7.931214] jesd204: /axi/spi@ff040000/ad9081@0,jesd204:0,parent=spi1.0: Rolling back from 'link_supported', got error -22
[    7.942258] jesd204: /axi/spi@ff040000/ad9081@0,jesd204:0,parent=spi1.0: JESD204[0] transition link_supported -> link_pre_setup
[    7.953729] jesd204: /axi/spi@ff040000/ad9081@0,jesd204:0,parent=spi1.0: JESD204[2] transition link_supported -> link_pre_setup
[    7.965207] jesd204: /axi/spi@ff040000/ad9081@0,jesd204:0,parent=spi1.0: JESD204[0] transition link_pre_setup -> link_supported
[    7.976679] jesd204: /axi/spi@ff040000/ad9081@0,jesd204:0,parent=spi1.0: JESD204[2] transition link_pre_setup -> link_supported
[    7.988155] jesd204: /axi/spi@ff040000/ad9081@0,jesd204:0,parent=spi1.0: JESD204[0] transition link_supported -> link_init
[    7.999194] jesd204: /axi/spi@ff040000/ad9081@0,jesd204:0,parent=spi1.0: JESD204[2] transition link_supported -> link_init
[    8.010241] jesd204: /axi/spi@ff040000/ad9081@0,jesd204:0,parent=spi1.0: JESD204[0] transition link_init -> device_init
[    8.021021] jesd204: /axi/spi@ff040000/ad9081@0,jesd204:0,parent=spi1.0: JESD204[2] transition link_init -> device_init
[    8.031805] jesd204: /axi/spi@ff040000/ad9081@0,jesd204:0,parent=spi1.0: JESD204[0] transition device_init -> idle
[    8.042152] jesd204: /axi/spi@ff040000/ad9081@0,jesd204:0,parent=spi1.0: JESD204[2] transition device_init -> idle
[    8.052503] jesd204: /axi/spi@ff040000/ad9081@0,jesd204:0,parent=spi1.0: JESD204[2] transition idle -> idle
[    8.062238] jesd204: /axi/spi@ff040000/ad9081@0,jesd204:0,parent=spi1.0: JESD204[0] transition idle -> idle
[    8.071979] jesd204: /axi/spi@ff040000/ad9081@0,jesd204:0,parent=spi1.0: JESD204[2] transition idle -> device_init
[    8.082323] jesd204: /axi/spi@ff040000/ad9081@0,jesd204:0,parent=spi1.0: JESD204[0] transition idle -> device_init
[    8.092673] jesd204: /axi/spi@ff040000/ad9081@0,jesd204:0,parent=spi1.0: JESD204[2] transition device_init -> link_init
[    8.103450] jesd204: /axi/spi@ff040000/ad9081@0,jesd204:0,parent=spi1.0: JESD204[0] transition device_init -> link_init
[    8.114241] jesd204: /axi/spi@ff040000/ad9081@0,jesd204:0,parent=spi1.0: JESD204[2] transition link_init -> link_supported
[    8.125280] jesd204: /axi/spi@ff040000/ad9081@0,jesd204:0,parent=spi1.0: JESD204[0] transition link_init -> link_supported
[    8.136621] axi-jesd204-tx 84b90000.axi-jesd204-tx: axi_jesd204_tx_jesd204_link_pre_setup: Link0 set lane rate 9440000 kHz failed (-22)
[    8.148791] jesd204: /fpga-axi@0/axi-jesd204-tx@84b90000,jesd204:5,parent=84b90000.axi-jesd204-tx: JESD204[0] In link_pre_setup got error from cb: -22
[    8.162258] jesd204: /axi/spi@ff040000/ad9081@0,jesd204:0,parent=spi1.0: Rolling back from 'link_supported', got error -22
[    8.173301] jesd204: /axi/spi@ff040000/ad9081@0,jesd204:0,parent=spi1.0: JESD204[0] transition link_supported -> link_pre_setup
[    8.184773] jesd204: /axi/spi@ff040000/ad9081@0,jesd204:0,parent=spi1.0: JESD204[2] transition link_supported -> link_pre_setup
[    8.196250] jesd204: /axi/spi@ff040000/ad9081@0,jesd204:0,parent=spi1.0: JESD204[0] transition link_pre_setup -> link_supported
[    8.207724] jesd204: /axi/spi@ff040000/ad9081@0,jesd204:0,parent=spi1.0: JESD204[2] transition link_pre_setup -> link_supported
[    8.219200] jesd204: /axi/spi@ff040000/ad9081@0,jesd204:0,parent=spi1.0: JESD204[0] transition link_supported -> link_init
[    8.230238] jesd204: /axi/spi@ff040000/ad9081@0,jesd204:0,parent=spi1.0: JESD204[2] transition link_supported -> link_init
[    8.241286] jesd204: /axi/spi@ff040000/ad9081@0,jesd204:0,parent=spi1.0: JESD204[0] transition link_init -> device_init
[    8.252061] jesd204: /axi/spi@ff040000/ad9081@0,jesd204:0,parent=spi1.0: JESD204[2] transition link_init -> device_init
[    8.262843] jesd204: /axi/spi@ff040000/ad9081@0,jesd204:0,parent=spi1.0: JESD204[0] transition device_init -> idle
[    8.273191] jesd204: /axi/spi@ff040000/ad9081@0,jesd204:0,parent=spi1.0: JESD204[2] transition device_init -> idle
[    8.283538] jesd204: /axi/spi@ff040000/ad9081@0,jesd204:0,parent=spi1.0: JESD204[2] transition idle -> idle
[    8.293273] jesd204: /axi/spi@ff040000/ad9081@0,jesd204:0,parent=spi1.0: JESD204[0] transition idle -> idle
[    8.303014] jesd204: /axi/spi@ff040000/ad9081@0,jesd204:0,parent=spi1.0: JESD204[2] transition idle -> device_init
[    8.313359] jesd204: /axi/spi@ff040000/ad9081@0,jesd204:0,parent=spi1.0: JESD204[0] transition idle -> device_init
[    8.323713] jesd204: /axi/spi@ff040000/ad9081@0,jesd204:0,parent=spi1.0: JESD204[2] transition device_init -> link_init
[    8.334497] jesd204: /axi/spi@ff040000/ad9081@0,jesd204:0,parent=spi1.0: JESD204[0] transition device_init -> link_init
[    8.345283] jesd204: /axi/spi@ff040000/ad9081@0,jesd204:0,parent=spi1.0: JESD204[2] transition link_init -> link_supported
[    8.356325] jesd204: /axi/spi@ff040000/ad9081@0,jesd204:0,parent=spi1.0: JESD204[0] transition link_init -> link_supported
[    8.367665] axi-jesd204-tx 84b90000.axi-jesd204-tx: axi_jesd204_tx_jesd204_link_pre_setup: Link0 set lane rate 9440000 kHz failed (-22)
[    8.379832] jesd204: /fpga-axi@0/axi-jesd204-tx@84b90000,jesd204:5,parent=84b90000.axi-jesd204-tx: JESD204[0] In link_pre_setup got error from cb: -22
[    8.393302] jesd204: /axi/spi@ff040000/ad9081@0,jesd204:0,parent=spi1.0: Rolling back from 'link_supported', got error -22
[    8.404347] jesd204: /axi/spi@ff040000/ad9081@0,jesd204:0,parent=spi1.0: JESD204[0] transition link_supported -> link_pre_setup
[    8.415820] jesd204: /axi/spi@ff040000/ad9081@0,jesd204:0,parent=spi1.0: JESD204[2] transition link_supported -> link_pre_setup
[    8.427295] jesd204: /axi/spi@ff040000/ad9081@0,jesd204:0,parent=spi1.0: JESD204[0] transition link_pre_setup -> link_supported
[    8.438767] jesd204: /axi/spi@ff040000/ad9081@0,jesd204:0,parent=spi1.0: JESD204[2] transition link_pre_setup -> link_supported
[    8.450243] jesd204: /axi/spi@ff040000/ad9081@0,jesd204:0,parent=spi1.0: JESD204[0] transition link_supported -> link_init
[    8.461283] jesd204: /axi/spi@ff040000/ad9081@0,jesd204:0,parent=spi1.0: JESD204[2] transition link_supported -> link_init
[    8.472330] jesd204: /axi/spi@ff040000/ad9081@0,jesd204:0,parent=spi1.0: JESD204[0] transition link_init -> device_init
[    8.483105] jesd204: /axi/spi@ff040000/ad9081@0,jesd204:0,parent=spi1.0: JESD204[2] transition link_init -> device_init
[    8.493889] jesd204: /axi/spi@ff040000/ad9081@0,jesd204:0,parent=spi1.0: JESD204[0] transition device_init -> idle
[    8.504233] jesd204: /axi/spi@ff040000/ad9081@0,jesd204:0,parent=spi1.0: JESD204[2] transition device_init -> idle
[    8.514583] jesd204: /axi/spi@ff040000/ad9081@0,jesd204:0,parent=spi1.0: JESD204[2] transition idle -> idle
[    8.524317] jesd204: /axi/spi@ff040000/ad9081@0,jesd204:0,parent=spi1.0: JESD204[0] transition idle -> idle
[    8.534063] jesd204: /axi/spi@ff040000/ad9081@0,jesd204:0,parent=spi1.0: JESD204[2] transition idle -> device_init
[    8.544412] jesd204: /axi/spi@ff040000/ad9081@0,jesd204:0,parent=spi1.0: JESD204[0] transition idle -> device_init
[    8.554761] jesd204: /axi/spi@ff040000/ad9081@0,jesd204:0,parent=spi1.0: JESD204[2] transition device_init -> link_init
[    8.565538] jesd204: /axi/spi@ff040000/ad9081@0,jesd204:0,parent=spi1.0: JESD204[0] transition device_init -> link_init
[    8.576326] jesd204: /axi/spi@ff040000/ad9081@0,jesd204:0,parent=spi1.0: JESD204[2] transition link_init -> link_supported
[    8.587369] jesd204: /axi/spi@ff040000/ad9081@0,jesd204:0,parent=spi1.0: JESD204[0] transition link_init -> link_supported
[    8.598709] axi-jesd204-tx 84b90000.axi-jesd204-tx: axi_jesd204_tx_jesd204_link_pre_setup: Link0 set lane rate 9440000 kHz failed (-22)
[    8.610877] jesd204: /fpga-axi@0/axi-jesd204-tx@84b90000,jesd204:5,parent=84b90000.axi-jesd204-tx: JESD204[0] In link_pre_setup got error from cb: -22
[    8.624346] jesd204: /axi/spi@ff040000/ad9081@0,jesd204:0,parent=spi1.0: Rolling back from 'link_supported', got error -22
[    8.635390] jesd204: /axi/spi@ff040000/ad9081@0,jesd204:0,parent=spi1.0: JESD204[0] transition link_supported -> link_pre_setup
[    8.646861] jesd204: /axi/spi@ff040000/ad9081@0,jesd204:0,parent=spi1.0: JESD204[2] transition link_supported -> link_pre_setup
[    8.658343] jesd204: /axi/spi@ff040000/ad9081@0,jesd204:0,parent=spi1.0: JESD204[0] transition link_pre_setup -> link_supported
[    8.669811] jesd204: /axi/spi@ff040000/ad9081@0,jesd204:0,parent=spi1.0: JESD204[2] transition link_pre_setup -> link_supported
[    8.681289] jesd204: /axi/spi@ff040000/ad9081@0,jesd204:0,parent=spi1.0: JESD204[0] transition link_supported -> link_init
[    8.692327] jesd204: /axi/spi@ff040000/ad9081@0,jesd204:0,parent=spi1.0: JESD204[2] transition link_supported -> link_init
[    8.703374] jesd204: /axi/spi@ff040000/ad9081@0,jesd204:0,parent=spi1.0: JESD204[0] transition link_init -> device_init
[    8.714149] jesd204: /axi/spi@ff040000/ad9081@0,jesd204:0,parent=spi1.0: JESD204[2] transition link_init -> device_init
[    8.724933] jesd204: /axi/spi@ff040000/ad9081@0,jesd204:0,parent=spi1.0: JESD204[0] transition device_init -> idle
[    8.735276] jesd204: /axi/spi@ff040000/ad9081@0,jesd204:0,parent=spi1.0: JESD204[2] transition device_init -> idle
[    8.745622] jesd204: /axi/spi@ff040000/ad9081@0,jesd204:0,parent=spi1.0: FSM completed with error -22
[    8.764060] input: gpio-keys as /devices/platform/gpio-keys/input/input0
[    8.771069] of_cfs_init
[    8.773528] of_cfs_init: OK
[    8.776467] cfg80211: Loading compiled-in X.509 certificates for regulatory database
[    8.914706] cfg80211: Loaded X.509 cert 'sforshee: 00b28ddf47aef9cea7'
[    8.921237] clk: Not disabling unused clocks
[    8.925768] ALSA device list:
[    8.928730]   No soundcards found.
[    8.932397] platform regulatory.0: Direct firmware load for regulatory.db failed with error -2
[    8.941012] cfg80211: failed to load regulatory.db
[    8.956226] EXT4-fs (mmcblk0p2): mounted filesystem with ordered data mode. Opts: (null)
[    8.964340] VFS: Mounted root (ext4 filesystem) on device 179:2.
[    8.978043] devtmpfs: mounted
[    8.981857] Freeing unused kernel memory: 2560K
[    8.991769] Run /sbin/init as init process
[    8.995866]   with arguments:
[    8.995869]     /sbin/init
[    8.995871]   with environment:
[    8.995873]     HOME=/
[    8.995875]     TERM=linux
[    9.575944] systemd[1]: systemd 241 running in system mode. (+PAM +AUDIT +SELINUX +IMA +APPARMOR +SMACK +SYSVINIT +UTMP +LIBCRYPTSETUP +GCRYPT +GNUTLS +ACL +XZ +LZ4 +SECCOMP +BLKID +ELFUTILS +KMOD -IDN2 +IDN -PCRE2 default-hierarchy=hybrid)
[    9.597807] systemd[1]: Detected architecture arm64.
[    9.620448] systemd[1]: Set hostname to <analog>.
[    9.805108] systemd[1]: File /lib/systemd/system/systemd-journald.service:12 configures an IP firewall (IPAddressDeny=any), but the local system does not support BPF/cgroup based firewalling.
[    9.822193] systemd[1]: Proceeding WITHOUT firewalling in effect! (This warning is only shown for the first loaded unit using IP firewalling.)
[    9.987813] systemd[1]: /etc/systemd/system/tof-server.service:1: Assignment outside of section. Ignoring.
[    9.997509] systemd[1]: /etc/systemd/system/tof-server.service:2: Assignment outside of section. Ignoring.
[   10.184709] random: systemd: uninitialized urandom read (16 bytes read)
[   10.199483] random: systemd: uninitialized urandom read (16 bytes read)
[   10.206717] systemd[1]: Created slice system-systemd\x2dfsck.slice.
[   10.227842] random: systemd: uninitialized urandom read (16 bytes read)
[   10.234850] systemd[1]: Listening on Journal Socket.
[   10.254887] systemd[1]: Starting Load Kernel Modules...
[   11.055660] EXT4-fs (mmcblk0p2): re-mounted. Opts: (null)
[   11.183156] systemd-journald[169]: Received request to flush runtime journal from PID 1
[   16.600594] random: crng init done
[   16.600603] random: 7 urandom warning(s) missed due to ratelimiting
[   17.047327] macb ff0e0000.ethernet eth0: PHY [ff0e0000.ethernet-ffffffff:0c] driver [TI DP83867] (irq=POLL)
[   17.047341] macb ff0e0000.ethernet eth0: configuring for phy/rgmii-id link mode
[   17.319800] Adding 91132k swap on /var/swap.  Priority:-2 extents:2 across:649196k SS
[   19.897978] broken atomic modeset userspace detected, disabling atomic
[   20.129337] macb ff0e0000.ethernet eth0: Link is Up - 1Gbps/Full - flow control off
[   20.129361] IPv6: ADDRCONF(NETDEV_CHANGE): eth0: link becomes ready
[   22.569987] broken atomic modeset userspace detected, disabling atomic
[   25.434771] broken atomic modeset userspace detected, disabling atomic
[   28.073543] broken atomic modeset userspace detected, disabling atomic