[    0.000000] Booting Linux on physical CPU 0x0000000000 [0x410fd034]
[    0.000000] Linux version 5.10.0-98103-g2aa7ac113716 (jenkins@romlxbuild1.adlk.analog.com) (aarch64-xilinx-linux-gcc.real (GCC) 10.2.0, GNU ld (GNU Binutils) 2.35.0.20200730) #5577 SMP Wed Mar 23 07:28:49 GMT 2022
[    0.000000] Machine model: ZynqMP ZCU102 Rev1.0
[    0.000000] earlycon: cdns0 at MMIO 0x00000000ff000000 (options '115200n8')
[    0.000000] printk: bootconsole [cdns0] enabled
[    0.000000] efi: UEFI not found.
[    0.000000] cma: Reserved 256 MiB at 0x0000000070000000
[    0.000000] Zone ranges:
[    0.000000]   DMA      [mem 0x0000000000000000-0x000000003fffffff]
[    0.000000]   DMA32    [mem 0x0000000040000000-0x00000000ffffffff]
[    0.000000]   Normal   [mem 0x0000000100000000-0x000000087fffffff]
[    0.000000] Movable zone start for each node
[    0.000000] Early memory node ranges
[    0.000000]   node   0: [mem 0x0000000000000000-0x000000007fffffff]
[    0.000000]   node   0: [mem 0x0000000800000000-0x000000087fffffff]
[    0.000000] Initmem setup node 0 [mem 0x0000000000000000-0x000000087fffffff]
[    0.000000] On node 0 totalpages: 1048576
[    0.000000]   DMA zone: 3584 pages used for memmap
[    0.000000]   DMA zone: 0 pages reserved
[    0.000000]   DMA zone: 262144 pages, LIFO batch:63
[    0.000000]   DMA32 zone: 3584 pages used for memmap
[    0.000000]   DMA32 zone: 262144 pages, LIFO batch:63
[    0.000000]   Normal zone: 7168 pages used for memmap
[    0.000000]   Normal zone: 524288 pages, LIFO batch:63
[    0.000000] psci: probing for conduit method from DT.
[    0.000000] psci: PSCIv1.1 detected in firmware.
[    0.000000] psci: Using standard PSCI v0.2 function IDs
[    0.000000] psci: MIGRATE_INFO_TYPE not supported.
[    0.000000] psci: SMC Calling Convention v1.2
[    0.000000] percpu: Embedded 22 pages/cpu s49496 r8192 d32424 u90112
[    0.000000] pcpu-alloc: s49496 r8192 d32424 u90112 alloc=22*4096
[    0.000000] pcpu-alloc: [0] 0 [0] 1 [0] 2 [0] 3 
[    0.000000] Detected VIPT I-cache on CPU0
[    0.000000] CPU features: detected: ARM erratum 845719
[    0.000000] Built 1 zonelists, mobility grouping on.  Total pages: 1034240
[    0.000000] Kernel command line: console=ttyPS0,115200 root=/dev/mmcblk0p2 rw earlycon rootfstype=ext4 rootwait clk_ignore_unused cpuidle.off=1 root=/dev/mmcblk0p2 rw rootwait
[    0.000000] Dentry cache hash table entries: 524288 (order: 10, 4194304 bytes, linear)
[    0.000000] Inode-cache hash table entries: 262144 (order: 9, 2097152 bytes, linear)
[    0.000000] mem auto-init: stack:off, heap alloc:off, heap free:off
[    0.000000] software IO TLB: mapped [mem 0x000000003bfff000-0x000000003ffff000] (64MB)
[    0.000000] Memory: 3761904K/4194304K available (15296K kernel code, 1636K rwdata, 11876K rodata, 2560K init, 507K bss, 170256K reserved, 262144K cma-reserved)
[    0.000000] rcu: Hierarchical RCU implementation.
[    0.000000] rcu: 	RCU event tracing is enabled.
[    0.000000] rcu: 	RCU restricting CPUs from NR_CPUS=8 to nr_cpu_ids=4.
[    0.000000] rcu: RCU calculated value of scheduler-enlistment delay is 25 jiffies.
[    0.000000] rcu: Adjusting geometry for rcu_fanout_leaf=16, nr_cpu_ids=4
[    0.000000] NR_IRQS: 64, nr_irqs: 64, preallocated irqs: 0
[    0.000000] GIC: Adjusting CPU interface base to 0x00000000f902f000
[    0.000000] GIC: Using split EOI/Deactivate mode
[    0.000000] random: get_random_bytes called from start_kernel+0x31c/0x54c with crng_init=0
[    0.000000] arch_timer: cp15 timer(s) running at 100.00MHz (phys).
[    0.000000] clocksource: arch_sys_counter: mask: 0xffffffffffffff max_cycles: 0x171024e7e0, max_idle_ns: 440795205315 ns
[    0.000003] sched_clock: 56 bits at 100MHz, resolution 10ns, wraps every 4398046511100ns
[    0.008465] Console: colour dummy device 80x25
[    0.012482] Calibrating delay loop (skipped), value calculated using timer frequency.. 200.00 BogoMIPS (lpj=400000)
[    0.022841] pid_max: default: 32768 minimum: 301
[    0.027550] Mount-cache hash table entries: 8192 (order: 4, 65536 bytes, linear)
[    0.034788] Mountpoint-cache hash table entries: 8192 (order: 4, 65536 bytes, linear)
[    0.043392] rcu: Hierarchical SRCU implementation.
[    0.047560] EFI services will not be available.
[    0.051937] smp: Bringing up secondary CPUs ...
[    0.056656] Detected VIPT I-cache on CPU1
[    0.056695] CPU1: Booted secondary processor 0x0000000001 [0x410fd034]
[    0.057060] Detected VIPT I-cache on CPU2
[    0.057085] CPU2: Booted secondary processor 0x0000000002 [0x410fd034]
[    0.057425] Detected VIPT I-cache on CPU3
[    0.057448] CPU3: Booted secondary processor 0x0000000003 [0x410fd034]
[    0.057494] smp: Brought up 1 node, 4 CPUs
[    0.091779] SMP: Total of 4 processors activated.
[    0.096452] CPU features: detected: 32-bit EL0 Support
[    0.101555] CPU features: detected: CRC32 instructions
[    0.106695] CPU: All CPU(s) started at EL2
[    0.110736] alternatives: patching kernel code
[    0.116169] devtmpfs: initialized
[    0.124067] Registered cp15_barrier emulation handler
[    0.124117] Registered setend emulation handler
[    0.128102] clocksource: jiffies: mask: 0xffffffff max_cycles: 0xffffffff, max_idle_ns: 7645041785100000 ns
[    0.137678] futex hash table entries: 1024 (order: 4, 65536 bytes, linear)
[    0.151042] pinctrl core: initialized pinctrl subsystem
[    0.151691] NET: Registered protocol family 16
[    0.156106] DMA: preallocated 512 KiB GFP_KERNEL pool for atomic allocations
[    0.162125] DMA: preallocated 512 KiB GFP_KERNEL|GFP_DMA pool for atomic allocations
[    0.169850] DMA: preallocated 512 KiB GFP_KERNEL|GFP_DMA32 pool for atomic allocations
[    0.177653] audit: initializing netlink subsys (disabled)
[    0.183103] audit: type=2000 audit(0.116:1): state=initialized audit_enabled=0 res=1
[    0.183449] hw-breakpoint: found 6 breakpoint and 4 watchpoint registers.
[    0.197480] ASID allocator initialised with 65536 entries
[    0.224391] HugeTLB registered 1.00 GiB page size, pre-allocated 0 pages
[    0.225446] HugeTLB registered 32.0 MiB page size, pre-allocated 0 pages
[    0.232117] HugeTLB registered 2.00 MiB page size, pre-allocated 0 pages
[    0.238781] HugeTLB registered 64.0 KiB page size, pre-allocated 0 pages
[    1.304354] DRBG: Continuing without Jitter RNG
[    1.382169] raid6: neonx8   gen()  2140 MB/s
[    1.450225] raid6: neonx8   xor()  1600 MB/s
[    1.518284] raid6: neonx4   gen()  2192 MB/s
[    1.586330] raid6: neonx4   xor()  1567 MB/s
[    1.654398] raid6: neonx2   gen()  2076 MB/s
[    1.722446] raid6: neonx2   xor()  1440 MB/s
[    1.790510] raid6: neonx1   gen()  1772 MB/s
[    1.858554] raid6: neonx1   xor()  1220 MB/s
[    1.926613] raid6: int64x8  gen()  1438 MB/s
[    1.994670] raid6: int64x8  xor()   771 MB/s
[    2.062737] raid6: int64x4  gen()  1599 MB/s
[    2.130797] raid6: int64x4  xor()   815 MB/s
[    2.198870] raid6: int64x2  gen()  1397 MB/s
[    2.266906] raid6: int64x2  xor()   750 MB/s
[    2.334995] raid6: int64x1  gen()  1034 MB/s
[    2.403045] raid6: int64x1  xor()   517 MB/s
[    2.403083] raid6: using algorithm neonx4 gen() 2192 MB/s
[    2.407038] raid6: .... xor() 1567 MB/s, rmw enabled
[    2.411969] raid6: using neon recovery algorithm
[    2.416983] iommu: Default domain type: Translated 
[    2.421594] SCSI subsystem initialized
[    2.425138] libata version 3.00 loaded.
[    2.425262] usbcore: registered new interface driver usbfs
[    2.430593] usbcore: registered new interface driver hub
[    2.435867] usbcore: registered new device driver usb
[    2.441000] mc: Linux media interface: v0.10
[    2.445117] videodev: Linux video capture interface: v2.00
[    2.450608] EDAC MC: Ver: 3.0.0
[    2.454044] zynqmp-ipi-mbox mailbox@ff990400: Registered ZynqMP IPI mbox with TX/RX channels.
[    2.462558] jesd204: created con: id=0, topo=0, link=0, /axi/spi@ff050000/hmc7044@0 <-> /fpga-axi@0/axi-adxcvr-tx@84b60000
[    2.473137] jesd204: created con: id=1, topo=0, link=2, /axi/spi@ff050000/hmc7044@0 <-> /fpga-axi@0/axi-adxcvr-rx@84a60000
[    2.484122] jesd204: created con: id=2, topo=0, link=0, /fpga-axi@0/axi-adxcvr-tx@84b60000 <-> /fpga-axi@0/axi-jesd204-tx@84b90000
[    2.495797] jesd204: created con: id=3, topo=0, link=2, /fpga-axi@0/axi-adxcvr-rx@84a60000 <-> /fpga-axi@0/axi-jesd204-rx@84a90000
[    2.507474] jesd204: created con: id=4, topo=0, link=0, /fpga-axi@0/axi-jesd204-tx@84b90000 <-> /fpga-axi@0/axi-ad9081-tx-hpc@84b10000
[    2.519502] jesd204: created con: id=5, topo=0, link=2, /fpga-axi@0/axi-jesd204-rx@84a90000 <-> /fpga-axi@0/axi-ad9081-rx-hpc@84a10000
[    2.531524] jesd204: created con: id=6, topo=0, link=2, /fpga-axi@0/axi-ad9081-rx-hpc@84a10000 <-> /axi/spi@ff040000/ad9081@0
[    2.542766] jesd204: created con: id=7, topo=0, link=0, /fpga-axi@0/axi-ad9081-tx-hpc@84b10000 <-> /axi/spi@ff040000/ad9081@0
[    2.554016] jesd204: /axi/spi@ff040000/ad9081@0: JESD204[2] transition uninitialized -> initialized
[    2.563003] jesd204: /axi/spi@ff040000/ad9081@0: JESD204[0] transition uninitialized -> initialized
[    2.571994] jesd204: found 8 devices and 1 topologies
[    2.577039] FPGA manager framework
[    2.580515] Advanced Linux Sound Architecture Driver Initialized.
[    2.586811] Bluetooth: Core ver 2.22
[    2.589999] NET: Registered protocol family 31
[    2.594399] Bluetooth: HCI device and connection manager initialized
[    2.600715] Bluetooth: HCI socket layer initialized
[    2.605557] Bluetooth: L2CAP socket layer initialized
[    2.610581] Bluetooth: SCO socket layer initialized
[    2.615767] clocksource: Switched to clocksource arch_sys_counter
[    2.621570] VFS: Disk quotas dquot_6.6.0
[    2.625408] VFS: Dquot-cache hash table entries: 512 (order 0, 4096 bytes)
[    2.636118] NET: Registered protocol family 2
[    2.636853] tcp_listen_portaddr_hash hash table entries: 2048 (order: 3, 32768 bytes, linear)
[    2.645048] TCP established hash table entries: 32768 (order: 6, 262144 bytes, linear)
[    2.653074] TCP bind hash table entries: 32768 (order: 7, 524288 bytes, linear)
[    2.660518] TCP: Hash tables configured (established 32768 bind 32768)
[    2.666692] UDP hash table entries: 2048 (order: 4, 65536 bytes, linear)
[    2.673359] UDP-Lite hash table entries: 2048 (order: 4, 65536 bytes, linear)
[    2.680519] NET: Registered protocol family 1
[    2.684972] RPC: Registered named UNIX socket transport module.
[    2.690595] RPC: Registered udp transport module.
[    2.695261] RPC: Registered tcp transport module.
[    2.699930] RPC: Registered tcp NFSv4.1 backchannel transport module.
[    2.706920] PCI: CLS 0 bytes, default 64
[    2.710620] hw perfevents: no interrupt-affinity property for /pmu, guessing.
[    2.717493] hw perfevents: enabled with armv8_pmuv3 PMU driver, 7 counters available
[    2.725820] Initialise system trusted keyrings
[    2.729514] workingset: timestamp_bits=62 max_order=20 bucket_order=0
[    2.736410] NFS: Registering the id_resolver key type
[    2.740860] Key type id_resolver registered
[    2.744998] Key type id_legacy registered
[    2.748988] nfs4filelayout_init: NFSv4 File Layout Driver Registering...
[    2.755653] jffs2: version 2.2. (NAND) (SUMMARY)  Â© 2001-2006 Red Hat, Inc.
[    2.798629] NET: Registered protocol family 38
[    2.798672] xor: measuring software checksum speed
[    2.806357]    8regs           :  2363 MB/sec
[    2.810026]    32regs          :  2799 MB/sec
[    2.814968]    arm64_neon      :  2380 MB/sec
[    2.815159] xor: using function: 32regs (2799 MB/sec)
[    2.820184] Key type asymmetric registered
[    2.824246] Asymmetric key parser 'x509' registered
[    2.829108] Block layer SCSI generic (bsg) driver version 0.4 loaded (major 248)
[    2.836444] io scheduler mq-deadline registered
[    2.840940] io scheduler kyber registered
[    2.870363] Serial: 8250/16550 driver, 4 ports, IRQ sharing disabled
[    2.875002] cacheinfo: Unable to detect cache hierarchy for CPU 0
[    2.881336] brd: module loaded
[    2.885481] loop: module loaded
[    2.886027] Registered mathworks_ip class
[    2.889388] libphy: Fixed MDIO Bus: probed
[    2.892342] tun: Universal TUN/TAP device driver, 1.6
[    2.896413] CAN device driver interface
[    2.900950] usbcore: registered new interface driver asix
[    2.905544] usbcore: registered new interface driver ax88179_178a
[    2.911578] usbcore: registered new interface driver cdc_ether
[    2.917373] usbcore: registered new interface driver net1080
[    2.922999] usbcore: registered new interface driver cdc_subset
[    2.928879] usbcore: registered new interface driver zaurus
[    2.934422] usbcore: registered new interface driver cdc_ncm
[    2.940824] ehci_hcd: USB 2.0 'Enhanced' Host Controller (EHCI) Driver
[    2.946508] ehci-pci: EHCI PCI platform driver
[    2.951310] usbcore: registered new interface driver uas
[    2.956224] usbcore: registered new interface driver usb-storage
[    2.962211] usbcore: registered new interface driver usbserial_generic
[    2.968663] usbserial: USB Serial support registered for generic
[    2.974637] usbcore: registered new interface driver ftdi_sio
[    2.980341] usbserial: USB Serial support registered for FTDI USB Serial Device
[    2.987612] usbcore: registered new interface driver upd78f0730
[    2.993486] usbserial: USB Serial support registered for upd78f0730
[    3.001144] rtc_zynqmp ffa60000.rtc: registered as rtc0
[    3.004912] rtc_zynqmp ffa60000.rtc: setting system clock to 2022-03-26T01:52:11 UTC (1648259531)
[    3.013774] i2c /dev entries driver
[    3.019079] usbcore: registered new interface driver uvcvideo
[    3.022887] USB Video Class driver (1.1.1)
[    3.028469] Bluetooth: HCI UART driver ver 2.3
[    3.031358] Bluetooth: HCI UART protocol H4 registered
[    3.036468] Bluetooth: HCI UART protocol BCSP registered
[    3.041757] Bluetooth: HCI UART protocol LL registered
[    3.046845] Bluetooth: HCI UART protocol ATH3K registered
[    3.052219] Bluetooth: HCI UART protocol Three-wire (H5) registered
[    3.058474] Bluetooth: HCI UART protocol Intel registered
[    3.063813] Bluetooth: HCI UART protocol QCA registered
[    3.069014] usbcore: registered new interface driver bcm203x
[    3.074635] usbcore: registered new interface driver bpa10x
[    3.080171] usbcore: registered new interface driver bfusb
[    3.085621] usbcore: registered new interface driver btusb
[    3.091084] usbcore: registered new interface driver ath3k
[    3.096565] EDAC MC: ECC not enabled
[    3.100202] EDAC DEVICE0: Giving out device to module zynqmp-ocm-edac controller zynqmp_ocm: DEV ff960000.memory-controller (INTERRUPT)
[    3.112506] sdhci: Secure Digital Host Controller Interface driver
[    3.118295] sdhci: Copyright(c) Pierre Ossman
[    3.122620] sdhci-pltfm: SDHCI platform and OF driver helper
[    3.128674] ledtrig-cpu: registered to indicate activity on CPUs
[    3.134223] SMCCC: SOC_ID: ARCH_SOC_ID not implemented, skipping ....
[    3.140652] zynqmp_firmware_probe Platform Management API v1.1
[    3.146410] zynqmp_firmware_probe Trustzone version v1.0
[    3.185951] zynqmp-pinctrl firmware:zynqmp-firmware:pinctrl: zynqmp pinctrl initialized
[    3.233877] zynqmp-aes firmware:zynqmp-firmware:zynqmp-aes: will run requests pump with realtime priority
[    3.249672] alg: No test for xilinx-keccak-384 (zynqmp-keccak-384)
[    3.250379] alg: No test for xilinx-zynqmp-rsa (zynqmp-rsa)
[    3.255901] usbcore: registered new interface driver usbhid
[    3.261282] usbhid: USB HID core driver
[    3.272520] axi_sysid 85000000.axi-sysid-0: AXI System ID core version (1.01.a) found
[    3.274871] axi_sysid 85000000.axi-sysid-0: [ad9081_fmca_ebz] on [zcu102] git branch <master> git <084d44c9780640ca93fd847b1d9ec70dd65f5c67> clean [2022-03-18 04:17:50] UTC
[    3.290562] fpga_manager fpga0: Xilinx ZynqMP FPGA Manager registered
[    3.296922] usbcore: registered new interface driver snd-usb-audio
[    3.304366] pktgen: Packet Generator for packet performance testing. Version: 2.75
[    3.310549] Initializing XFRM netlink socket
[    3.314398] NET: Registered protocol family 10
[    3.319114] Segment Routing with IPv6
[    3.322502] sit: IPv6, IPv4 and MPLS over IPv4 tunneling driver
[    3.328569] NET: Registered protocol family 17
[    3.332674] NET: Registered protocol family 15
[    3.337166] can: controller area network core
[    3.341425] NET: Registered protocol family 29
[    3.345811] can: raw protocol
[    3.348750] can: broadcast manager protocol
[    3.352903] can: netlink gateway - max_hops=1
[    3.357300] Bluetooth: RFCOMM TTY layer initialized
[    3.362078] Bluetooth: RFCOMM socket layer initialized
[    3.367188] Bluetooth: RFCOMM ver 1.11
[    3.370899] Bluetooth: BNEP (Ethernet Emulation) ver 1.3
[    3.376169] Bluetooth: BNEP filters: protocol multicast
[    3.381360] Bluetooth: BNEP socket layer initialized
[    3.386290] Bluetooth: HIDP (Human Interface Emulation) ver 1.2
[    3.392173] Bluetooth: HIDP socket layer initialized
[    3.397225] 9pnet: Installing 9P2000 support
[    3.401351] NET: Registered protocol family 36
[    3.405765] Key type dns_resolver registered
[    3.410204] registered taskstats version 1
[    3.414063] Loading compiled-in X.509 certificates
[    3.419174] Btrfs loaded, crc32c=crc32c-generic
[    3.431574] ff000000.serial: ttyPS0 at MMIO 0xff000000 (irq = 49, base_baud = 6249999) is a xuartps
[    3.440597] printk: console [ttyPS0] enabled
[    3.444893] printk: bootconsole [cdns0] disabled
[    3.454526] ff010000.serial: ttyPS1 at MMIO 0xff010000 (irq = 50, base_baud = 6249999) is a xuartps
[    3.467783] of-fpga-region fpga-full: FPGA Region probed
[    3.474729] nwl-pcie fd0e0000.pcie: host bridge /axi/pcie@fd0e0000 ranges:
[    3.481622] nwl-pcie fd0e0000.pcie:      MEM 0x00e0000000..0x00efffffff -> 0x00e0000000
[    3.489629] nwl-pcie fd0e0000.pcie:      MEM 0x0600000000..0x07ffffffff -> 0x0600000000
[    3.497693] nwl-pcie fd0e0000.pcie: Link is DOWN
[    3.502451] nwl-pcie fd0e0000.pcie: PCI host bridge to bus 0000:00
[    3.508629] pci_bus 0000:00: root bus resource [bus 00-ff]
[    3.514110] pci_bus 0000:00: root bus resource [mem 0xe0000000-0xefffffff]
[    3.520981] pci_bus 0000:00: root bus resource [mem 0x600000000-0x7ffffffff pref]
[    3.528484] pci 0000:00:00.0: [10ee:d021] type 01 class 0x060400
[    3.534541] pci 0000:00:00.0: PME# supported from D0 D1 D2 D3hot
[    3.544984] pci 0000:00:00.0: PCI bridge to [bus 01-0c]
[    3.550959] xilinx-zynqmp-dma fd500000.dma: ZynqMP DMA driver Probe success
[    3.558137] xilinx-zynqmp-dma fd510000.dma: ZynqMP DMA driver Probe success
[    3.565313] xilinx-zynqmp-dma fd520000.dma: ZynqMP DMA driver Probe success
[    3.572482] xilinx-zynqmp-dma fd530000.dma: ZynqMP DMA driver Probe success
[    3.579649] xilinx-zynqmp-dma fd540000.dma: ZynqMP DMA driver Probe success
[    3.586818] xilinx-zynqmp-dma fd550000.dma: ZynqMP DMA driver Probe success
[    3.593990] xilinx-zynqmp-dma fd560000.dma: ZynqMP DMA driver Probe success
[    3.601156] xilinx-zynqmp-dma fd570000.dma: ZynqMP DMA driver Probe success
[    3.608555] xilinx-zynqmp-dpdma fd4c0000.dma-controller: Xilinx DPDMA engine is probed
[    3.617107] ahci-ceva fd0c0000.ahci: supply ahci not found, using dummy regulator
[    3.624646] ahci-ceva fd0c0000.ahci: supply phy not found, using dummy regulator
[    3.711947] hmc7044 spi2.0: PLL1: Acquisition, CLKIN0 @ 122880000 Hz, PFD: 80 kHz - PLL2: Locked @ 2910.000000 MHz
[    3.722668] jesd204: /axi/spi@ff050000/hmc7044@0,jesd204:1,parent=spi2.0: Using as SYSREF provider
[    3.732250] spi-nor spi0.0: SPI-NOR-UniqueID 100000235394732200270025081115266e
[    3.739560] spi-nor spi0.0: found n25q512a, expected m25p80
[    3.745758] spi-nor spi0.0: trying to lock already unlocked area
[    3.751764] spi-nor spi0.0: n25q512a (131072 Kbytes)
[    3.756747] 4 fixed-partitions partitions found on MTD device spi0.0
[    3.763094] Creating 4 MTD partitions on "spi0.0":
[    3.767880] 0x000000000000-0x000000100000 : "qspi-fsbl-uboot"
[    3.774372] 0x000000100000-0x000000600000 : "qspi-linux"
[    3.780325] 0x000000600000-0x000000620000 : "qspi-device-tree"
[    3.786800] 0x000000620000-0x000000c00000 : "qspi-rootfs"
[    3.795268] macb ff0e0000.ethernet: Not enabling partial store and forward
[    3.802791] libphy: MACB_mii_bus: probed
[    3.807852] macb ff0e0000.ethernet eth0: Cadence GEM rev 0x50070106 at 0xff0e0000 irq 30 (00:0a:35:04:8e:1b)
[    3.818069] xilinx-axipmon ffa00000.perf-monitor: Probed Xilinx APM
[    3.824647] xilinx-axipmon fd0b0000.perf-monitor: Probed Xilinx APM
[    3.831159] xilinx-axipmon fd490000.perf-monitor: Probed Xilinx APM
[    3.837693] xilinx-axipmon ffa10000.perf-monitor: Probed Xilinx APM
[    3.847670] pca953x 0-0020: supply vcc not found, using dummy regulator
[    3.854353] pca953x 0-0020: using no AI
[    3.858841] gpio-496 (sel0): hogged as output/low
[    3.863743] gpio-497 (sel1): hogged as output/high
[    3.868737] gpio-498 (sel2): hogged as output/high
[    3.873726] gpio-499 (sel3): hogged as output/high
[    3.878908] pca953x 0-0021: supply vcc not found, using dummy regulator
[    3.885580] pca953x 0-0021: using no AI
[    3.891349] ina2xx 2-0040: power monitor ina226 (Rshunt = 5000 uOhm)
[    3.898377] ina2xx 2-0041: power monitor ina226 (Rshunt = 5000 uOhm)
[    3.905417] ina2xx 2-0042: power monitor ina226 (Rshunt = 5000 uOhm)
[    3.912451] ina2xx 2-0043: power monitor ina226 (Rshunt = 5000 uOhm)
[    3.919475] ina2xx 2-0044: power monitor ina226 (Rshunt = 5000 uOhm)
[    3.926493] ina2xx 2-0045: power monitor ina226 (Rshunt = 5000 uOhm)
[    3.933530] ina2xx 2-0046: power monitor ina226 (Rshunt = 5000 uOhm)
[    3.940611] ina2xx 2-0047: power monitor ina226 (Rshunt = 5000 uOhm)
[    3.947642] ina2xx 2-004a: power monitor ina226 (Rshunt = 5000 uOhm)
[    3.954669] ina2xx 2-004b: power monitor ina226 (Rshunt = 5000 uOhm)
[    3.961075] i2c i2c-0: Added multiplexed i2c bus 2
[    3.966459] random: fast init done
[    3.969926] ina2xx 3-0040: power monitor ina226 (Rshunt = 2000 uOhm)
[    3.976956] ina2xx 3-0041: power monitor ina226 (Rshunt = 5000 uOhm)
[    3.983991] ina2xx 3-0042: power monitor ina226 (Rshunt = 5000 uOhm)
[    3.991014] ina2xx 3-0043: power monitor ina226 (Rshunt = 5000 uOhm)
[    3.998039] ina2xx 3-0044: power monitor ina226 (Rshunt = 5000 uOhm)
[    4.005064] ina2xx 3-0045: power monitor ina226 (Rshunt = 5000 uOhm)
[    4.012100] ina2xx 3-0046: power monitor ina226 (Rshunt = 5000 uOhm)
[    4.019127] ina2xx 3-0047: power monitor ina226 (Rshunt = 5000 uOhm)
[    4.025527] i2c i2c-0: Added multiplexed i2c bus 3
[    4.080775] i2c i2c-0: Added multiplexed i2c bus 4
[    4.085714] i2c i2c-0: Added multiplexed i2c bus 5
[    4.090502] pca954x 0-0075: registered 4 multiplexed busses for I2C mux pca9544
[    4.097851] cdns-i2c ff020000.i2c: 400 kHz mmio ff020000 irq 32
[    4.105586] at24 6-0054: supply vcc not found, using dummy regulator
[    4.112483] at24 6-0054: 1024 byte 24c08 EEPROM, writable, 1 bytes/write
[    4.119228] i2c i2c-1: Added multiplexed i2c bus 6
[    4.125658] si5341 7-0036: Chip: 5341 Grade: 1 Rev: 1
[    4.163322] i2c i2c-1: Added multiplexed i2c bus 7
[    4.170971] si570 8-005d: registered, current frequency 300000000 Hz
[    4.177377] i2c i2c-1: Added multiplexed i2c bus 8
[    4.197148] si570 9-005d: registered, current frequency 148500000 Hz
[    4.203547] i2c i2c-1: Added multiplexed i2c bus 9
[    4.208576] si5324 10-0069: si5328 probed
[    4.276126] si5324 10-0069: si5328 probe successful
[    4.281054] i2c i2c-1: Added multiplexed i2c bus 10
[    4.286080] i2c i2c-1: Added multiplexed i2c bus 11
[    4.291111] i2c i2c-1: Added multiplexed i2c bus 12
[    4.296138] i2c i2c-1: Added multiplexed i2c bus 13
[    4.301017] pca954x 1-0074: registered 8 multiplexed busses for I2C switch pca9548
[    4.309126] at24 14-0050: supply vcc not found, using dummy regulator
[    4.315914] at24 14-0050: 256 byte 24c02 EEPROM, writable, 1 bytes/write
[    4.322661] i2c i2c-1: Added multiplexed i2c bus 14
[    4.327699] i2c i2c-1: Added multiplexed i2c bus 15
[    4.332734] i2c i2c-1: Added multiplexed i2c bus 16
[    4.337770] i2c i2c-1: Added multiplexed i2c bus 17
[    4.342805] i2c i2c-1: Added multiplexed i2c bus 18
[    4.347854] i2c i2c-1: Added multiplexed i2c bus 19
[    4.352889] i2c i2c-1: Added multiplexed i2c bus 20
[    4.357925] i2c i2c-1: Added multiplexed i2c bus 21
[    4.362801] pca954x 1-0075: registered 8 multiplexed busses for I2C switch pca9548
[    4.370410] cdns-i2c ff030000.i2c: 400 kHz mmio ff030000 irq 33
[    4.380167] cdns-wdt fd4d0000.watchdog: Xilinx Watchdog Timer with timeout 60s
[    4.391112] axi_adxcvr 84a60000.axi-adxcvr-rx: AXI-ADXCVR-RX (17.05.a) using CPLL on GTH4 at 0x84A60000. Number of lanes: 4.
[    4.403284] axi_adxcvr 84b60000.axi-adxcvr-tx: AXI-ADXCVR-TX (17.05.a) using QPLL on GTH4 at 0x84B60000. Number of lanes: 4.
[    4.414913] axi-jesd204-rx 84a90000.axi-jesd204-rx: AXI-JESD204-RX (1.07.a) at 0x84A90000. Encoder 8b10b, width 4/4, lanes 4, jesd204-fsm.
[    4.422199] mmc0: SDHCI controller on ff170000.mmc [ff170000.mmc] using ADMA 64-bit
[    4.427765] axi-jesd204-tx 84b90000.axi-jesd204-tx: AXI-JESD204-TX (1.06.a) at 0x84B90000. Encoder 8b10b, width 4/4, lanes 4, jesd204-fsm.
[    4.448497] zynqmp-display fd4a0000.display: vtc bridge property not present
[    4.458155] xilinx-dp-snd-codec fd4a0000.display:zynqmp_dp_snd_codec0: Failed to get required clock freq
[    4.467656] xilinx-dp-snd-codec: probe of fd4a0000.display:zynqmp_dp_snd_codec0 failed with error -22
[    4.469541] mmc0: new high speed SDHC card at address 0001
[    4.477194] xilinx-dp-snd-pcm zynqmp_dp_snd_pcm0: Xilinx DisplayPort Sound PCM probed
[    4.482711] mmcblk0: mmc0:0001 EB1QT 29.8 GiB 
[    4.490515] xilinx-dp-snd-pcm zynqmp_dp_snd_pcm1: Xilinx DisplayPort Sound PCM probed
[    4.495854]  mmcblk0: p1 p2 p3
[    4.502818] OF: graph: no port node found in /axi/display@fd4a0000
[    4.511891] xlnx-drm xlnx-drm.0: bound fd4a0000.display (ops 0xffffffc010fcbdb8)
[    5.595782] zynqmp-display fd4a0000.display: [drm] Cannot find any crtc or sizes
[    5.603396] [drm] Initialized xlnx 1.0.0 20130509 for fd4a0000.display on minor 0
[    5.610884] zynqmp-display fd4a0000.display: ZynqMP DisplayPort Subsystem driver probed
[    5.619204] ahci-ceva fd0c0000.ahci: supply ahci not found, using dummy regulator
[    5.626753] ahci-ceva fd0c0000.ahci: supply phy not found, using dummy regulator
[    5.634205] ahci-ceva fd0c0000.ahci: supply target not found, using dummy regulator
[    5.652099] ahci-ceva fd0c0000.ahci: AHCI 0001.0301 32 slots 2 ports 6 Gbps 0x3 impl platform mode
[    5.661057] ahci-ceva fd0c0000.ahci: flags: 64bit ncq sntf pm clo only pmp fbs pio slum part ccc sds apst 
[    5.671700] scsi host0: ahci-ceva
[    5.675292] scsi host1: ahci-ceva
[    5.678716] ata1: SATA max UDMA/133 mmio [mem 0xfd0c0000-0xfd0c1fff] port 0x100 irq 45
[    5.686628] ata2: SATA max UDMA/133 mmio [mem 0xfd0c0000-0xfd0c1fff] port 0x180 irq 45
[    5.695230] ad9081 spi1.0: supply vdd not found, using dummy regulator
[    6.005981] ata1: SATA link down (SStatus 0 SControl 330)
[    6.011400] ata2: SATA link down (SStatus 0 SControl 330)
[    6.679783] zynqmp-display fd4a0000.display: [drm] Cannot find any crtc or sizes
[    6.907163] ad9081 spi1.0: Invalid param passed., "ref_clk_hz < 100000000ULL" in adi_ad9081_device_clk_config_set(...), line554 in drivers/iio/adc/ad9081/adi_ad9081_device.c
[    7.591204] ad9081 spi1.0: AD9081 Rev. 2 Grade 10 (API 1.2.2) probed
[    7.598406] xhci-hcd xhci-hcd.1.auto: xHCI Host Controller
[    7.603899] xhci-hcd xhci-hcd.1.auto: new USB bus registered, assigned bus number 1
[    7.611643] xhci-hcd xhci-hcd.1.auto: hcc params 0x0238f625 hci version 0x100 quirks 0x0000000002010810
[    7.621054] xhci-hcd xhci-hcd.1.auto: irq 59, io mem 0xfe200000
[    7.627156] usb usb1: New USB device found, idVendor=1d6b, idProduct=0002, bcdDevice= 5.10
[    7.635412] usb usb1: New USB device strings: Mfr=3, Product=2, SerialNumber=1
[    7.642630] usb usb1: Product: xHCI Host Controller
[    7.647499] usb usb1: Manufacturer: Linux 5.10.0-98103-g2aa7ac113716 xhci-hcd
[    7.654629] usb usb1: SerialNumber: xhci-hcd.1.auto
[    7.659814] hub 1-0:1.0: USB hub found
[    7.663571] hub 1-0:1.0: 1 port detected
[    7.667674] xhci-hcd xhci-hcd.1.auto: xHCI Host Controller
[    7.673157] xhci-hcd xhci-hcd.1.auto: new USB bus registered, assigned bus number 2
[    7.680812] xhci-hcd xhci-hcd.1.auto: Host supports USB 3.0 SuperSpeed
[    7.687433] usb usb2: New USB device found, idVendor=1d6b, idProduct=0003, bcdDevice= 5.10
[    7.695694] usb usb2: New USB device strings: Mfr=3, Product=2, SerialNumber=1
[    7.702914] usb usb2: Product: xHCI Host Controller
[    7.707783] usb usb2: Manufacturer: Linux 5.10.0-98103-g2aa7ac113716 xhci-hcd
[    7.714912] usb usb2: SerialNumber: xhci-hcd.1.auto
[    7.720023] hub 2-0:1.0: USB hub found
[    7.723778] hub 2-0:1.0: 1 port detected
[    7.753821] cf_axi_adc 84a10000.axi-ad9081-rx-hpc: ADI AIM (10.01.b) at 0x84A10000 mapped to 0x(____ptrval____), probed ADC AD9081 as MASTER
[    7.784605] cf_axi_dds 84b10000.axi-ad9081-tx-hpc: Analog Devices CF_AXI_DDS_DDS MASTER (9.01.b) at 0x84B10000 mapped to 0x(____ptrval____), probed DDS AD9081
[    7.798807] jesd204: /axi/spi@ff040000/ad9081@0,jesd204:0,parent=spi1.0: JESD204[2] transition initialized -> probed
[    7.809329] jesd204: /axi/spi@ff040000/ad9081@0,jesd204:0,parent=spi1.0: JESD204[0] transition initialized -> probed
[    7.819851] jesd204: /axi/spi@ff040000/ad9081@0,jesd204:0,parent=spi1.0: JESD204[2] transition probed -> idle
[    7.829758] jesd204: /axi/spi@ff040000/ad9081@0,jesd204:0,parent=spi1.0: JESD204[0] transition probed -> idle
[    7.839676] jesd204: /axi/spi@ff040000/ad9081@0,jesd204:0,parent=spi1.0: JESD204[2] transition idle -> device_init
[    7.850018] jesd204: /axi/spi@ff040000/ad9081@0,jesd204:0,parent=spi1.0: JESD204[0] transition idle -> device_init
[    7.860369] jesd204: /axi/spi@ff040000/ad9081@0,jesd204:0,parent=spi1.0: JESD204[2] transition device_init -> link_init
[    7.871147] jesd204: /axi/spi@ff040000/ad9081@0,jesd204:0,parent=spi1.0: JESD204[0] transition device_init -> link_init
[    7.881938] jesd204: /axi/spi@ff040000/ad9081@0,jesd204:0,parent=spi1.0: JESD204[2] transition link_init -> link_supported
[    7.892975] jesd204: /axi/spi@ff040000/ad9081@0,jesd204:0,parent=spi1.0: JESD204[0] transition link_init -> link_supported
[    7.904520] hmc7044 spi2.0: hmc7044_jesd204_link_pre_setup: Link2 forcing continuous SYSREF mode
[    7.913698] jesd204: /axi/spi@ff040000/ad9081@0,jesd204:0,parent=spi1.0: JESD204[2] transition link_supported -> link_pre_setup
[    7.925172] jesd204: /axi/spi@ff040000/ad9081@0,jesd204:0,parent=spi1.0: JESD204[0] transition link_supported -> link_pre_setup
[    7.949009] jesd204: /axi/spi@ff040000/ad9081@0,jesd204:0,parent=spi1.0: JESD204[2] transition link_pre_setup -> clk_sync_stage1
[    7.960568] jesd204: /axi/spi@ff040000/ad9081@0,jesd204:0,parent=spi1.0: JESD204[0] transition link_pre_setup -> clk_sync_stage1
[    7.972133] jesd204: /axi/spi@ff040000/ad9081@0,jesd204:0,parent=spi1.0: JESD204[2] transition clk_sync_stage1 -> clk_sync_stage2
[    7.983776] jesd204: /axi/spi@ff040000/ad9081@0,jesd204:0,parent=spi1.0: JESD204[0] transition clk_sync_stage1 -> clk_sync_stage2
[    7.995427] jesd204: /axi/spi@ff040000/ad9081@0,jesd204:0,parent=spi1.0: JESD204[2] transition clk_sync_stage2 -> clk_sync_stage3
[    8.007073] jesd204: /axi/spi@ff040000/ad9081@0,jesd204:0,parent=spi1.0: JESD204[0] transition clk_sync_stage2 -> clk_sync_stage3
[    8.020745] jesd204: /axi/spi@ff040000/ad9081@0,jesd204:0,parent=spi1.0: JESD204[2] transition clk_sync_stage3 -> link_setup
[    8.031969] jesd204: /axi/spi@ff040000/ad9081@0,jesd204:0,parent=spi1.0: JESD204[0] transition clk_sync_stage3 -> link_setup
[    8.047908] jesd204: /axi/spi@ff040000/ad9081@0,jesd204:0,parent=spi1.0: JESD204[2] transition link_setup -> opt_setup_stage1
[    8.059208] jesd204: /axi/spi@ff040000/ad9081@0,jesd204:0,parent=spi1.0: JESD204[0] transition link_setup -> opt_setup_stage1
[    8.075552] jesd204: /axi/spi@ff040000/ad9081@0,jesd204:0,parent=spi1.0: JESD204[2] transition opt_setup_stage1 -> opt_setup_stage2
[    8.087375] jesd204: /axi/spi@ff040000/ad9081@0,jesd204:0,parent=spi1.0: JESD204[0] transition opt_setup_stage1 -> opt_setup_stage2
[    8.099347] jesd204: /axi/spi@ff040000/ad9081@0,jesd204:0,parent=spi1.0: JESD204[2] transition opt_setup_stage2 -> opt_setup_stage3
[    8.111169] jesd204: /axi/spi@ff040000/ad9081@0,jesd204:0,parent=spi1.0: JESD204[0] transition opt_setup_stage2 -> opt_setup_stage3
[    8.122991] jesd204: /axi/spi@ff040000/ad9081@0,jesd204:0,parent=spi1.0: JESD204[2] transition opt_setup_stage3 -> opt_setup_stage4
[    8.134808] jesd204: /axi/spi@ff040000/ad9081@0,jesd204:0,parent=spi1.0: JESD204[0] transition opt_setup_stage3 -> opt_setup_stage4
[    8.146637] jesd204: /axi/spi@ff040000/ad9081@0,jesd204:0,parent=spi1.0: JESD204[2] transition opt_setup_stage4 -> opt_setup_stage5
[    8.158466] jesd204: /axi/spi@ff040000/ad9081@0,jesd204:0,parent=spi1.0: JESD204[0] transition opt_setup_stage4 -> opt_setup_stage5
[    8.174394] jesd204: /axi/spi@ff040000/ad9081@0,jesd204:0,parent=spi1.0: JESD204[2] transition opt_setup_stage5 -> clocks_enable
[    8.185953] jesd204: /axi/spi@ff040000/ad9081@0,jesd204:0,parent=spi1.0: JESD204[0] transition opt_setup_stage5 -> clocks_enable
[    8.220766] axi_adxcvr 84a60000.axi-adxcvr-rx: adxcvr_clk_enable: CPLL RX buffer underflow error, status: 0x61
[    8.230756] axi_adxcvr 84a60000.axi-adxcvr-rx: adxcvr_clk_enable: CPLL RX buffer overflow error, status: 0x61
[    8.240735] jesd204: /axi/spi@ff040000/ad9081@0,jesd204:0,parent=spi1.0: JESD204[2] transition clocks_enable -> link_enable
[    8.251859] jesd204: /axi/spi@ff040000/ad9081@0,jesd204:0,parent=spi1.0: JESD204[0] transition clocks_enable -> link_enable
[    8.284017] ad9081 spi1.0: JESD RX (JTX) Link2 in DATA, SYNC deasserted, PLL locked, PHASE established, MODE valid
[    8.294628] ad9081 spi1.0: JESD TX (JRX) Link0 0xF lanes in DATA
[    8.300633] jesd204: /axi/spi@ff040000/ad9081@0,jesd204:0,parent=spi1.0: JESD204[2] transition link_enable -> link_running
[    8.311671] jesd204: /axi/spi@ff040000/ad9081@0,jesd204:0,parent=spi1.0: JESD204[0] transition link_enable -> link_running
[    8.322717] jesd204: /axi/spi@ff040000/ad9081@0,jesd204:0,parent=spi1.0: JESD204[2] transition link_running -> opt_post_running_stage
[    8.334710] jesd204: /axi/spi@ff040000/ad9081@0,jesd204:0,parent=spi1.0: JESD204[0] transition link_running -> opt_post_running_stage
[    8.356031] input: gpio-keys as /devices/platform/gpio-keys/input/input0
[    8.363058] of_cfs_init
[    8.365524] of_cfs_init: OK
[    8.368465] cfg80211: Loading compiled-in X.509 certificates for regulatory database
[    8.493521] random: crng init done
[    8.506753] cfg80211: Loaded X.509 cert 'sforshee: 00b28ddf47aef9cea7'
[    8.513288] clk: Not disabling unused clocks
[    8.517813] ALSA device list:
[    8.520776]   No soundcards found.
[    8.524450] platform regulatory.0: Direct firmware load for regulatory.db failed with error -2
[    8.533060] cfg80211: failed to load regulatory.db
[    8.543633] EXT4-fs (mmcblk0p2): mounted filesystem with ordered data mode. Opts: (null)
[    8.551748] VFS: Mounted root (ext4 filesystem) on device 179:2.
[    8.564774] devtmpfs: mounted
[    8.568634] Freeing unused kernel memory: 2560K
[    8.587818] Run /sbin/init as init process
[    8.591914]   with arguments:
[    8.591916]     /sbin/init
[    8.591918]   with environment:
[    8.591921]     HOME=/
[    8.591923]     TERM=linux
[    9.166648] systemd[1]: systemd 241 running in system mode. (+PAM +AUDIT +SELINUX +IMA +APPARMOR +SMACK +SYSVINIT +UTMP +LIBCRYPTSETUP +GCRYPT +GNUTLS +ACL +XZ +LZ4 +SECCOMP +BLKID +ELFUTILS +KMOD -IDN2 +IDN -PCRE2 default-hierarchy=hybrid)
[    9.188548] systemd[1]: Detected architecture arm64.
[    9.212486] systemd[1]: Set hostname to <analog>.
[    9.414808] systemd[1]: File /lib/systemd/system/systemd-journald.service:12 configures an IP firewall (IPAddressDeny=any), but the local system does not support BPF/cgroup based firewalling.
[    9.431879] systemd[1]: Proceeding WITHOUT firewalling in effect! (This warning is only shown for the first loaded unit using IP firewalling.)
[    9.595929] systemd[1]: /etc/systemd/system/tof-server.service:1: Assignment outside of section. Ignoring.
[    9.605625] systemd[1]: /etc/systemd/system/tof-server.service:2: Assignment outside of section. Ignoring.
[    9.798009] systemd[1]: Listening on Journal Socket (/dev/log).
[    9.820160] systemd[1]: Listening on udev Control Socket.
[    9.840233] systemd[1]: Created slice User and Session Slice.
[   10.616930] EXT4-fs (mmcblk0p2): re-mounted. Opts: (null)
[   10.701666] systemd-journald[151]: Received request to flush runtime journal from PID 1
[   17.345031] macb ff0e0000.ethernet eth0: PHY [ff0e0000.ethernet-ffffffff:0c] driver [TI DP83867] (irq=POLL)
[   17.345045] macb ff0e0000.ethernet eth0: configuring for phy/rgmii-id link mode
[   17.604104] Adding 83964k swap on /var/swap.  Priority:-2 extents:1 across:83964k SS
[   20.248617] broken atomic modeset userspace detected, disabling atomic
[   20.417397] macb ff0e0000.ethernet eth0: Link is Up - 1Gbps/Full - flow control off
[   20.417422] IPv6: ADDRCONF(NETDEV_CHANGE): eth0: link becomes ready
[   22.932826] broken atomic modeset userspace detected, disabling atomic
[   25.832882] broken atomic modeset userspace detected, disabling atomic