[    0.000000] Booting Linux on physical CPU 0x0000000000 [0x410fd034]
[    0.000000] Linux version 5.10.0-98103-g2aa7ac113716 (jenkins@romlxbuild1.adlk.analog.com) (aarch64-xilinx-linux-gcc.real (GCC) 10.2.0, GNU ld (GNU Binutils) 2.35.0.20200730) #5577 SMP Wed Mar 23 07:28:49 GMT 2022
[    0.000000] Machine model: ZynqMP ZCU102 Rev1.0
[    0.000000] earlycon: cdns0 at MMIO 0x00000000ff000000 (options '115200n8')
[    0.000000] printk: bootconsole [cdns0] enabled
[    0.000000] efi: UEFI not found.
[    0.000000] cma: Reserved 256 MiB at 0x0000000070000000
[    0.000000] Zone ranges:
[    0.000000]   DMA      [mem 0x0000000000000000-0x000000003fffffff]
[    0.000000]   DMA32    [mem 0x0000000040000000-0x00000000ffffffff]
[    0.000000]   Normal   [mem 0x0000000100000000-0x000000087fffffff]
[    0.000000] Movable zone start for each node
[    0.000000] Early memory node ranges
[    0.000000]   node   0: [mem 0x0000000000000000-0x000000007fffffff]
[    0.000000]   node   0: [mem 0x0000000800000000-0x000000087fffffff]
[    0.000000] Initmem setup node 0 [mem 0x0000000000000000-0x000000087fffffff]
[    0.000000] On node 0 totalpages: 1048576
[    0.000000]   DMA zone: 3584 pages used for memmap
[    0.000000]   DMA zone: 0 pages reserved
[    0.000000]   DMA zone: 262144 pages, LIFO batch:63
[    0.000000]   DMA32 zone: 3584 pages used for memmap
[    0.000000]   DMA32 zone: 262144 pages, LIFO batch:63
[    0.000000]   Normal zone: 7168 pages used for memmap
[    0.000000]   Normal zone: 524288 pages, LIFO batch:63
[    0.000000] psci: probing for conduit method from DT.
[    0.000000] psci: PSCIv1.1 detected in firmware.
[    0.000000] psci: Using standard PSCI v0.2 function IDs
[    0.000000] psci: MIGRATE_INFO_TYPE not supported.
[    0.000000] psci: SMC Calling Convention v1.2
[    0.000000] percpu: Embedded 22 pages/cpu s49496 r8192 d32424 u90112
[    0.000000] pcpu-alloc: s49496 r8192 d32424 u90112 alloc=22*4096
[    0.000000] pcpu-alloc: [0] 0 [0] 1 [0] 2 [0] 3 
[    0.000000] Detected VIPT I-cache on CPU0
[    0.000000] CPU features: detected: ARM erratum 845719
[    0.000000] Built 1 zonelists, mobility grouping on.  Total pages: 1034240
[    0.000000] Kernel command line: console=ttyPS0,115200 root=/dev/mmcblk0p2 rw earlycon rootfstype=ext4 rootwait clk_ignore_unused cpuidle.off=1 root=/dev/mmcblk0p2 rw rootwait
[    0.000000] Dentry cache hash table entries: 524288 (order: 10, 4194304 bytes, linear)
[    0.000000] Inode-cache hash table entries: 262144 (order: 9, 2097152 bytes, linear)
[    0.000000] mem auto-init: stack:off, heap alloc:off, heap free:off
[    0.000000] software IO TLB: mapped [mem 0x000000003bfff000-0x000000003ffff000] (64MB)
[    0.000000] Memory: 3761904K/4194304K available (15296K kernel code, 1636K rwdata, 11876K rodata, 2560K init, 507K bss, 170256K reserved, 262144K cma-reserved)
[    0.000000] rcu: Hierarchical RCU implementation.
[    0.000000] rcu: 	RCU event tracing is enabled.
[    0.000000] rcu: 	RCU restricting CPUs from NR_CPUS=8 to nr_cpu_ids=4.
[    0.000000] rcu: RCU calculated value of scheduler-enlistment delay is 25 jiffies.
[    0.000000] rcu: Adjusting geometry for rcu_fanout_leaf=16, nr_cpu_ids=4
[    0.000000] NR_IRQS: 64, nr_irqs: 64, preallocated irqs: 0
[    0.000000] GIC: Adjusting CPU interface base to 0x00000000f902f000
[    0.000000] GIC: Using split EOI/Deactivate mode
[    0.000000] random: get_random_bytes called from start_kernel+0x31c/0x54c with crng_init=0
[    0.000000] arch_timer: cp15 timer(s) running at 100.00MHz (phys).
[    0.000000] clocksource: arch_sys_counter: mask: 0xffffffffffffff max_cycles: 0x171024e7e0, max_idle_ns: 440795205315 ns
[    0.000004] sched_clock: 56 bits at 100MHz, resolution 10ns, wraps every 4398046511100ns
[    0.008461] Console: colour dummy device 80x25
[    0.012483] Calibrating delay loop (skipped), value calculated using timer frequency.. 200.00 BogoMIPS (lpj=400000)
[    0.022840] pid_max: default: 32768 minimum: 301
[    0.027549] Mount-cache hash table entries: 8192 (order: 4, 65536 bytes, linear)
[    0.034789] Mountpoint-cache hash table entries: 8192 (order: 4, 65536 bytes, linear)
[    0.043395] rcu: Hierarchical SRCU implementation.
[    0.047561] EFI services will not be available.
[    0.051940] smp: Bringing up secondary CPUs ...
[    0.056656] Detected VIPT I-cache on CPU1
[    0.056695] CPU1: Booted secondary processor 0x0000000001 [0x410fd034]
[    0.057059] Detected VIPT I-cache on CPU2
[    0.057084] CPU2: Booted secondary processor 0x0000000002 [0x410fd034]
[    0.057422] Detected VIPT I-cache on CPU3
[    0.057445] CPU3: Booted secondary processor 0x0000000003 [0x410fd034]
[    0.057492] smp: Brought up 1 node, 4 CPUs
[    0.091780] SMP: Total of 4 processors activated.
[    0.096453] CPU features: detected: 32-bit EL0 Support
[    0.101556] CPU features: detected: CRC32 instructions
[    0.106695] CPU: All CPU(s) started at EL2
[    0.110736] alternatives: patching kernel code
[    0.116167] devtmpfs: initialized
[    0.124062] Registered cp15_barrier emulation handler
[    0.124112] Registered setend emulation handler
[    0.128091] clocksource: jiffies: mask: 0xffffffff max_cycles: 0xffffffff, max_idle_ns: 7645041785100000 ns
[    0.137670] futex hash table entries: 1024 (order: 4, 65536 bytes, linear)
[    0.151026] pinctrl core: initialized pinctrl subsystem
[    0.151674] NET: Registered protocol family 16
[    0.156093] DMA: preallocated 512 KiB GFP_KERNEL pool for atomic allocations
[    0.162108] DMA: preallocated 512 KiB GFP_KERNEL|GFP_DMA pool for atomic allocations
[    0.169834] DMA: preallocated 512 KiB GFP_KERNEL|GFP_DMA32 pool for atomic allocations
[    0.177637] audit: initializing netlink subsys (disabled)
[    0.183088] audit: type=2000 audit(0.116:1): state=initialized audit_enabled=0 res=1
[    0.183434] hw-breakpoint: found 6 breakpoint and 4 watchpoint registers.
[    0.197463] ASID allocator initialised with 65536 entries
[    0.224342] HugeTLB registered 1.00 GiB page size, pre-allocated 0 pages
[    0.225395] HugeTLB registered 32.0 MiB page size, pre-allocated 0 pages
[    0.232065] HugeTLB registered 2.00 MiB page size, pre-allocated 0 pages
[    0.238729] HugeTLB registered 64.0 KiB page size, pre-allocated 0 pages
[    1.304314] DRBG: Continuing without Jitter RNG
[    1.382116] raid6: neonx8   gen()  2142 MB/s
[    1.450170] raid6: neonx8   xor()  1600 MB/s
[    1.518221] raid6: neonx4   gen()  2196 MB/s
[    1.586278] raid6: neonx4   xor()  1568 MB/s
[    1.654347] raid6: neonx2   gen()  2076 MB/s
[    1.722391] raid6: neonx2   xor()  1442 MB/s
[    1.790453] raid6: neonx1   gen()  1772 MB/s
[    1.858501] raid6: neonx1   xor()  1220 MB/s
[    1.926558] raid6: int64x8  gen()  1438 MB/s
[    1.994615] raid6: int64x8  xor()   771 MB/s
[    2.062681] raid6: int64x4  gen()  1598 MB/s
[    2.130736] raid6: int64x4  xor()   815 MB/s
[    2.198813] raid6: int64x2  gen()  1397 MB/s
[    2.266852] raid6: int64x2  xor()   750 MB/s
[    2.334920] raid6: int64x1  gen()  1033 MB/s
[    2.402990] raid6: int64x1  xor()   517 MB/s
[    2.403028] raid6: using algorithm neonx4 gen() 2196 MB/s
[    2.406987] raid6: .... xor() 1568 MB/s, rmw enabled
[    2.411917] raid6: using neon recovery algorithm
[    2.416931] iommu: Default domain type: Translated 
[    2.421541] SCSI subsystem initialized
[    2.425087] libata version 3.00 loaded.
[    2.425212] usbcore: registered new interface driver usbfs
[    2.430544] usbcore: registered new interface driver hub
[    2.435817] usbcore: registered new device driver usb
[    2.440948] mc: Linux media interface: v0.10
[    2.445067] videodev: Linux video capture interface: v2.00
[    2.450557] EDAC MC: Ver: 3.0.0
[    2.453999] zynqmp-ipi-mbox mailbox@ff990400: Registered ZynqMP IPI mbox with TX/RX channels.
[    2.462490] jesd204: created con: id=0, topo=0, link=0, /axi/spi@ff050000/hmc7044@0 <-> /fpga-axi@0/axi-adxcvr-tx@84b60000
[    2.473086] jesd204: created con: id=1, topo=0, link=2, /axi/spi@ff050000/hmc7044@0 <-> /fpga-axi@0/axi-adxcvr-rx@84a60000
[    2.484070] jesd204: created con: id=2, topo=0, link=0, /fpga-axi@0/axi-adxcvr-tx@84b60000 <-> /fpga-axi@0/axi-jesd204-tx@84b90000
[    2.495746] jesd204: created con: id=3, topo=0, link=2, /fpga-axi@0/axi-adxcvr-rx@84a60000 <-> /fpga-axi@0/axi-jesd204-rx@84a90000
[    2.507423] jesd204: created con: id=4, topo=0, link=0, /fpga-axi@0/axi-jesd204-tx@84b90000 <-> /fpga-axi@0/axi-ad9081-tx-hpc@84b10000
[    2.519451] jesd204: created con: id=5, topo=0, link=2, /fpga-axi@0/axi-jesd204-rx@84a90000 <-> /fpga-axi@0/axi-ad9081-rx-hpc@84a10000
[    2.531473] jesd204: created con: id=6, topo=0, link=2, /fpga-axi@0/axi-ad9081-rx-hpc@84a10000 <-> /axi/spi@ff040000/ad9081@0
[    2.542715] jesd204: created con: id=7, topo=0, link=0, /fpga-axi@0/axi-ad9081-tx-hpc@84b10000 <-> /axi/spi@ff040000/ad9081@0
[    2.553964] jesd204: /axi/spi@ff040000/ad9081@0: JESD204[2] transition uninitialized -> initialized
[    2.562951] jesd204: /axi/spi@ff040000/ad9081@0: JESD204[0] transition uninitialized -> initialized
[    2.571943] jesd204: found 8 devices and 1 topologies
[    2.576986] FPGA manager framework
[    2.580464] Advanced Linux Sound Architecture Driver Initialized.
[    2.586757] Bluetooth: Core ver 2.22
[    2.589946] NET: Registered protocol family 31
[    2.594347] Bluetooth: HCI device and connection manager initialized
[    2.600663] Bluetooth: HCI socket layer initialized
[    2.605506] Bluetooth: L2CAP socket layer initialized
[    2.610530] Bluetooth: SCO socket layer initialized
[    2.615714] clocksource: Switched to clocksource arch_sys_counter
[    2.621522] VFS: Disk quotas dquot_6.6.0
[    2.625357] VFS: Dquot-cache hash table entries: 512 (order 0, 4096 bytes)
[    2.636068] NET: Registered protocol family 2
[    2.636803] tcp_listen_portaddr_hash hash table entries: 2048 (order: 3, 32768 bytes, linear)
[    2.644996] TCP established hash table entries: 32768 (order: 6, 262144 bytes, linear)
[    2.653022] TCP bind hash table entries: 32768 (order: 7, 524288 bytes, linear)
[    2.660466] TCP: Hash tables configured (established 32768 bind 32768)
[    2.666642] UDP hash table entries: 2048 (order: 4, 65536 bytes, linear)
[    2.673308] UDP-Lite hash table entries: 2048 (order: 4, 65536 bytes, linear)
[    2.680467] NET: Registered protocol family 1
[    2.684925] RPC: Registered named UNIX socket transport module.
[    2.690545] RPC: Registered udp transport module.
[    2.695209] RPC: Registered tcp transport module.
[    2.699879] RPC: Registered tcp NFSv4.1 backchannel transport module.
[    2.706870] PCI: CLS 0 bytes, default 64
[    2.710575] hw perfevents: no interrupt-affinity property for /pmu, guessing.
[    2.717429] hw perfevents: enabled with armv8_pmuv3 PMU driver, 7 counters available
[    2.725783] Initialise system trusted keyrings
[    2.729458] workingset: timestamp_bits=62 max_order=20 bucket_order=0
[    2.736359] NFS: Registering the id_resolver key type
[    2.740809] Key type id_resolver registered
[    2.744946] Key type id_legacy registered
[    2.748936] nfs4filelayout_init: NFSv4 File Layout Driver Registering...
[    2.755602] jffs2: version 2.2. (NAND) (SUMMARY)  Â© 2001-2006 Red Hat, Inc.
[    2.798648] NET: Registered protocol family 38
[    2.798690] xor: measuring software checksum speed
[    2.806375]    8regs           :  2363 MB/sec
[    2.810044]    32regs          :  2799 MB/sec
[    2.814986]    arm64_neon      :  2380 MB/sec
[    2.815176] xor: using function: 32regs (2799 MB/sec)
[    2.820203] Key type asymmetric registered
[    2.824263] Asymmetric key parser 'x509' registered
[    2.829124] Block layer SCSI generic (bsg) driver version 0.4 loaded (major 248)
[    2.836461] io scheduler mq-deadline registered
[    2.840958] io scheduler kyber registered
[    2.870350] Serial: 8250/16550 driver, 4 ports, IRQ sharing disabled
[    2.874987] cacheinfo: Unable to detect cache hierarchy for CPU 0
[    2.881319] brd: module loaded
[    2.885467] loop: module loaded
[    2.886015] Registered mathworks_ip class
[    2.889358] libphy: Fixed MDIO Bus: probed
[    2.892337] tun: Universal TUN/TAP device driver, 1.6
[    2.896396] CAN device driver interface
[    2.900934] usbcore: registered new interface driver asix
[    2.905527] usbcore: registered new interface driver ax88179_178a
[    2.911562] usbcore: registered new interface driver cdc_ether
[    2.917355] usbcore: registered new interface driver net1080
[    2.922982] usbcore: registered new interface driver cdc_subset
[    2.928862] usbcore: registered new interface driver zaurus
[    2.934406] usbcore: registered new interface driver cdc_ncm
[    2.940808] ehci_hcd: USB 2.0 'Enhanced' Host Controller (EHCI) Driver
[    2.946491] ehci-pci: EHCI PCI platform driver
[    2.951288] usbcore: registered new interface driver uas
[    2.956206] usbcore: registered new interface driver usb-storage
[    2.962194] usbcore: registered new interface driver usbserial_generic
[    2.968646] usbserial: USB Serial support registered for generic
[    2.974619] usbcore: registered new interface driver ftdi_sio
[    2.980322] usbserial: USB Serial support registered for FTDI USB Serial Device
[    2.987598] usbcore: registered new interface driver upd78f0730
[    2.993469] usbserial: USB Serial support registered for upd78f0730
[    3.001131] rtc_zynqmp ffa60000.rtc: registered as rtc0
[    3.004895] rtc_zynqmp ffa60000.rtc: setting system clock to 2022-03-26T01:15:47 UTC (1648257347)
[    3.013757] i2c /dev entries driver
[    3.019062] usbcore: registered new interface driver uvcvideo
[    3.022870] USB Video Class driver (1.1.1)
[    3.028450] Bluetooth: HCI UART driver ver 2.3
[    3.031342] Bluetooth: HCI UART protocol H4 registered
[    3.036451] Bluetooth: HCI UART protocol BCSP registered
[    3.041740] Bluetooth: HCI UART protocol LL registered
[    3.046828] Bluetooth: HCI UART protocol ATH3K registered
[    3.052202] Bluetooth: HCI UART protocol Three-wire (H5) registered
[    3.058458] Bluetooth: HCI UART protocol Intel registered
[    3.063796] Bluetooth: HCI UART protocol QCA registered
[    3.068997] usbcore: registered new interface driver bcm203x
[    3.074618] usbcore: registered new interface driver bpa10x
[    3.080153] usbcore: registered new interface driver bfusb
[    3.085603] usbcore: registered new interface driver btusb
[    3.091066] usbcore: registered new interface driver ath3k
[    3.096550] EDAC MC: ECC not enabled
[    3.100175] EDAC DEVICE0: Giving out device to module zynqmp-ocm-edac controller zynqmp_ocm: DEV ff960000.memory-controller (INTERRUPT)
[    3.112490] sdhci: Secure Digital Host Controller Interface driver
[    3.118278] sdhci: Copyright(c) Pierre Ossman
[    3.122603] sdhci-pltfm: SDHCI platform and OF driver helper
[    3.128655] ledtrig-cpu: registered to indicate activity on CPUs
[    3.134207] SMCCC: SOC_ID: ARCH_SOC_ID not implemented, skipping ....
[    3.140633] zynqmp_firmware_probe Platform Management API v1.1
[    3.146393] zynqmp_firmware_probe Trustzone version v1.0
[    3.185961] zynqmp-pinctrl firmware:zynqmp-firmware:pinctrl: zynqmp pinctrl initialized
[    3.233945] zynqmp-aes firmware:zynqmp-firmware:zynqmp-aes: will run requests pump with realtime priority
[    3.249806] alg: No test for xilinx-keccak-384 (zynqmp-keccak-384)
[    3.250519] alg: No test for xilinx-zynqmp-rsa (zynqmp-rsa)
[    3.256032] usbcore: registered new interface driver usbhid
[    3.261421] usbhid: USB HID core driver
[    3.272668] axi_sysid 85000000.axi-sysid-0: AXI System ID core version (1.01.a) found
[    3.275018] axi_sysid 85000000.axi-sysid-0: [ad9081_fmca_ebz] on [zcu102] git branch <master> git <084d44c9780640ca93fd847b1d9ec70dd65f5c67> clean [2022-03-18 04:17:50] UTC
[    3.290709] fpga_manager fpga0: Xilinx ZynqMP FPGA Manager registered
[    3.297062] usbcore: registered new interface driver snd-usb-audio
[    3.304517] pktgen: Packet Generator for packet performance testing. Version: 2.75
[    3.310690] Initializing XFRM netlink socket
[    3.314547] NET: Registered protocol family 10
[    3.319265] Segment Routing with IPv6
[    3.322646] sit: IPv6, IPv4 and MPLS over IPv4 tunneling driver
[    3.328720] NET: Registered protocol family 17
[    3.332820] NET: Registered protocol family 15
[    3.337317] can: controller area network core
[    3.341571] NET: Registered protocol family 29
[    3.345958] can: raw protocol
[    3.348899] can: broadcast manager protocol
[    3.353050] can: netlink gateway - max_hops=1
[    3.357448] Bluetooth: RFCOMM TTY layer initialized
[    3.362225] Bluetooth: RFCOMM socket layer initialized
[    3.367332] Bluetooth: RFCOMM ver 1.11
[    3.371044] Bluetooth: BNEP (Ethernet Emulation) ver 1.3
[    3.376315] Bluetooth: BNEP filters: protocol multicast
[    3.381508] Bluetooth: BNEP socket layer initialized
[    3.386436] Bluetooth: HIDP (Human Interface Emulation) ver 1.2
[    3.392320] Bluetooth: HIDP socket layer initialized
[    3.397377] 9pnet: Installing 9P2000 support
[    3.401497] NET: Registered protocol family 36
[    3.405913] Key type dns_resolver registered
[    3.410346] registered taskstats version 1
[    3.414209] Loading compiled-in X.509 certificates
[    3.419324] Btrfs loaded, crc32c=crc32c-generic
[    3.431704] ff000000.serial: ttyPS0 at MMIO 0xff000000 (irq = 49, base_baud = 6249999) is a xuartps
[    3.440745] printk: console [ttyPS0] enabled
[    3.445039] printk: bootconsole [cdns0] disabled
[    3.454671] ff010000.serial: ttyPS1 at MMIO 0xff010000 (irq = 50, base_baud = 6249999) is a xuartps
[    3.467920] of-fpga-region fpga-full: FPGA Region probed
[    3.474872] nwl-pcie fd0e0000.pcie: host bridge /axi/pcie@fd0e0000 ranges:
[    3.481769] nwl-pcie fd0e0000.pcie:      MEM 0x00e0000000..0x00efffffff -> 0x00e0000000
[    3.489770] nwl-pcie fd0e0000.pcie:      MEM 0x0600000000..0x07ffffffff -> 0x0600000000
[    3.497832] nwl-pcie fd0e0000.pcie: Link is DOWN
[    3.502590] nwl-pcie fd0e0000.pcie: PCI host bridge to bus 0000:00
[    3.508767] pci_bus 0000:00: root bus resource [bus 00-ff]
[    3.514249] pci_bus 0000:00: root bus resource [mem 0xe0000000-0xefffffff]
[    3.521119] pci_bus 0000:00: root bus resource [mem 0x600000000-0x7ffffffff pref]
[    3.528623] pci 0000:00:00.0: [10ee:d021] type 01 class 0x060400
[    3.534679] pci 0000:00:00.0: PME# supported from D0 D1 D2 D3hot
[    3.545113] pci 0000:00:00.0: PCI bridge to [bus 01-0c]
[    3.551089] xilinx-zynqmp-dma fd500000.dma: ZynqMP DMA driver Probe success
[    3.558269] xilinx-zynqmp-dma fd510000.dma: ZynqMP DMA driver Probe success
[    3.565450] xilinx-zynqmp-dma fd520000.dma: ZynqMP DMA driver Probe success
[    3.572623] xilinx-zynqmp-dma fd530000.dma: ZynqMP DMA driver Probe success
[    3.579791] xilinx-zynqmp-dma fd540000.dma: ZynqMP DMA driver Probe success
[    3.586956] xilinx-zynqmp-dma fd550000.dma: ZynqMP DMA driver Probe success
[    3.594125] xilinx-zynqmp-dma fd560000.dma: ZynqMP DMA driver Probe success
[    3.601298] xilinx-zynqmp-dma fd570000.dma: ZynqMP DMA driver Probe success
[    3.608692] xilinx-zynqmp-dpdma fd4c0000.dma-controller: Xilinx DPDMA engine is probed
[    3.617243] ahci-ceva fd0c0000.ahci: supply ahci not found, using dummy regulator
[    3.624784] ahci-ceva fd0c0000.ahci: supply phy not found, using dummy regulator
[    3.715884] hmc7044 spi2.0: PLL1: Acquisition, CLKIN0 @ 122880000 Hz, PFD: 80 kHz - PLL2: Locked @ 2928.000000 MHz
[    3.726594] jesd204: /axi/spi@ff050000/hmc7044@0,jesd204:1,parent=spi2.0: Using as SYSREF provider
[    3.736181] spi-nor spi0.0: SPI-NOR-UniqueID 100000235394732200270025081115266e
[    3.743492] spi-nor spi0.0: found n25q512a, expected m25p80
[    3.749695] spi-nor spi0.0: trying to lock already unlocked area
[    3.755694] spi-nor spi0.0: n25q512a (131072 Kbytes)
[    3.760673] 4 fixed-partitions partitions found on MTD device spi0.0
[    3.767017] Creating 4 MTD partitions on "spi0.0":
[    3.771803] 0x000000000000-0x000000100000 : "qspi-fsbl-uboot"
[    3.778287] 0x000000100000-0x000000600000 : "qspi-linux"
[    3.784251] 0x000000600000-0x000000620000 : "qspi-device-tree"
[    3.790728] 0x000000620000-0x000000c00000 : "qspi-rootfs"
[    3.799196] macb ff0e0000.ethernet: Not enabling partial store and forward
[    3.806721] libphy: MACB_mii_bus: probed
[    3.811778] macb ff0e0000.ethernet eth0: Cadence GEM rev 0x50070106 at 0xff0e0000 irq 30 (00:0a:35:04:8e:1b)
[    3.821990] xilinx-axipmon ffa00000.perf-monitor: Probed Xilinx APM
[    3.828563] xilinx-axipmon fd0b0000.perf-monitor: Probed Xilinx APM
[    3.835082] xilinx-axipmon fd490000.perf-monitor: Probed Xilinx APM
[    3.841625] xilinx-axipmon ffa10000.perf-monitor: Probed Xilinx APM
[    3.851606] pca953x 0-0020: supply vcc not found, using dummy regulator
[    3.858292] pca953x 0-0020: using no AI
[    3.862783] gpio-496 (sel0): hogged as output/low
[    3.867680] gpio-497 (sel1): hogged as output/high
[    3.872668] gpio-498 (sel2): hogged as output/high
[    3.877656] gpio-499 (sel3): hogged as output/high
[    3.882838] pca953x 0-0021: supply vcc not found, using dummy regulator
[    3.889511] pca953x 0-0021: using no AI
[    3.895269] ina2xx 2-0040: power monitor ina226 (Rshunt = 5000 uOhm)
[    3.902300] ina2xx 2-0041: power monitor ina226 (Rshunt = 5000 uOhm)
[    3.909335] ina2xx 2-0042: power monitor ina226 (Rshunt = 5000 uOhm)
[    3.916367] ina2xx 2-0043: power monitor ina226 (Rshunt = 5000 uOhm)
[    3.923387] ina2xx 2-0044: power monitor ina226 (Rshunt = 5000 uOhm)
[    3.930409] ina2xx 2-0045: power monitor ina226 (Rshunt = 5000 uOhm)
[    3.937439] ina2xx 2-0046: power monitor ina226 (Rshunt = 5000 uOhm)
[    3.944516] ina2xx 2-0047: power monitor ina226 (Rshunt = 5000 uOhm)
[    3.951542] ina2xx 2-004a: power monitor ina226 (Rshunt = 5000 uOhm)
[    3.958582] ina2xx 2-004b: power monitor ina226 (Rshunt = 5000 uOhm)
[    3.964995] i2c i2c-0: Added multiplexed i2c bus 2
[    3.970387] random: fast init done
[    3.973859] ina2xx 3-0040: power monitor ina226 (Rshunt = 2000 uOhm)
[    3.980887] ina2xx 3-0041: power monitor ina226 (Rshunt = 5000 uOhm)
[    3.987911] ina2xx 3-0042: power monitor ina226 (Rshunt = 5000 uOhm)
[    3.994943] ina2xx 3-0043: power monitor ina226 (Rshunt = 5000 uOhm)
[    4.001970] ina2xx 3-0044: power monitor ina226 (Rshunt = 5000 uOhm)
[    4.008995] ina2xx 3-0045: power monitor ina226 (Rshunt = 5000 uOhm)
[    4.016031] ina2xx 3-0046: power monitor ina226 (Rshunt = 5000 uOhm)
[    4.023058] ina2xx 3-0047: power monitor ina226 (Rshunt = 5000 uOhm)
[    4.029459] i2c i2c-0: Added multiplexed i2c bus 3
[    4.085756] i2c i2c-0: Added multiplexed i2c bus 4
[    4.090696] i2c i2c-0: Added multiplexed i2c bus 5
[    4.095484] pca954x 0-0075: registered 4 multiplexed busses for I2C mux pca9544
[    4.102833] cdns-i2c ff020000.i2c: 400 kHz mmio ff020000 irq 32
[    4.110569] at24 6-0054: supply vcc not found, using dummy regulator
[    4.117467] at24 6-0054: 1024 byte 24c08 EEPROM, writable, 1 bytes/write
[    4.124222] i2c i2c-1: Added multiplexed i2c bus 6
[    4.130652] si5341 7-0036: Chip: 5341 Grade: 1 Rev: 1
[    4.168329] i2c i2c-1: Added multiplexed i2c bus 7
[    4.175980] si570 8-005d: registered, current frequency 300000000 Hz
[    4.182385] i2c i2c-1: Added multiplexed i2c bus 8
[    4.202163] si570 9-005d: registered, current frequency 148500000 Hz
[    4.208564] i2c i2c-1: Added multiplexed i2c bus 9
[    4.213603] si5324 10-0069: si5328 probed
[    4.280073] si5324 10-0069: si5328 probe successful
[    4.285002] i2c i2c-1: Added multiplexed i2c bus 10
[    4.290030] i2c i2c-1: Added multiplexed i2c bus 11
[    4.295056] i2c i2c-1: Added multiplexed i2c bus 12
[    4.300078] i2c i2c-1: Added multiplexed i2c bus 13
[    4.304958] pca954x 1-0074: registered 8 multiplexed busses for I2C switch pca9548
[    4.313068] at24 14-0050: supply vcc not found, using dummy regulator
[    4.319856] at24 14-0050: 256 byte 24c02 EEPROM, writable, 1 bytes/write
[    4.326602] i2c i2c-1: Added multiplexed i2c bus 14
[    4.331643] i2c i2c-1: Added multiplexed i2c bus 15
[    4.336675] i2c i2c-1: Added multiplexed i2c bus 16
[    4.341711] i2c i2c-1: Added multiplexed i2c bus 17
[    4.346743] i2c i2c-1: Added multiplexed i2c bus 18
[    4.351789] i2c i2c-1: Added multiplexed i2c bus 19
[    4.356828] i2c i2c-1: Added multiplexed i2c bus 20
[    4.361867] i2c i2c-1: Added multiplexed i2c bus 21
[    4.366742] pca954x 1-0075: registered 8 multiplexed busses for I2C switch pca9548
[    4.374350] cdns-i2c ff030000.i2c: 400 kHz mmio ff030000 irq 33
[    4.384105] cdns-wdt fd4d0000.watchdog: Xilinx Watchdog Timer with timeout 60s
[    4.395042] axi_adxcvr 84a60000.axi-adxcvr-rx: AXI-ADXCVR-RX (17.05.a) using CPLL on GTH4 at 0x84A60000. Number of lanes: 4.
[    4.407193] axi_adxcvr 84b60000.axi-adxcvr-tx: AXI-ADXCVR-TX (17.05.a) using QPLL on GTH4 at 0x84B60000. Number of lanes: 4.
[    4.418811] axi-jesd204-rx 84a90000.axi-jesd204-rx: AXI-JESD204-RX (1.07.a) at 0x84A90000. Encoder 8b10b, width 4/4, lanes 4, jesd204-fsm.
[    4.426124] mmc0: SDHCI controller on ff170000.mmc [ff170000.mmc] using ADMA 64-bit
[    4.431657] axi-jesd204-tx 84b90000.axi-jesd204-tx: AXI-JESD204-TX (1.06.a) at 0x84B90000. Encoder 8b10b, width 4/4, lanes 4, jesd204-fsm.
[    4.452384] zynqmp-display fd4a0000.display: vtc bridge property not present
[    4.462032] xilinx-dp-snd-codec fd4a0000.display:zynqmp_dp_snd_codec0: Failed to get required clock freq
[    4.471537] xilinx-dp-snd-codec: probe of fd4a0000.display:zynqmp_dp_snd_codec0 failed with error -22
[    4.473496] mmc0: new high speed SDHC card at address 0001
[    4.481075] xilinx-dp-snd-pcm zynqmp_dp_snd_pcm0: Xilinx DisplayPort Sound PCM probed
[    4.486593] mmcblk0: mmc0:0001 EB1QT 29.8 GiB 
[    4.494392] xilinx-dp-snd-pcm zynqmp_dp_snd_pcm1: Xilinx DisplayPort Sound PCM probed
[    4.499756]  mmcblk0: p1 p2 p3
[    4.506696] OF: graph: no port node found in /axi/display@fd4a0000
[    4.515771] xlnx-drm xlnx-drm.0: bound fd4a0000.display (ops 0xffffffc010fcbdb8)
[    5.599730] zynqmp-display fd4a0000.display: [drm] Cannot find any crtc or sizes
[    5.607341] [drm] Initialized xlnx 1.0.0 20130509 for fd4a0000.display on minor 0
[    5.614832] zynqmp-display fd4a0000.display: ZynqMP DisplayPort Subsystem driver probed
[    5.623157] ahci-ceva fd0c0000.ahci: supply ahci not found, using dummy regulator
[    5.630705] ahci-ceva fd0c0000.ahci: supply phy not found, using dummy regulator
[    5.638162] ahci-ceva fd0c0000.ahci: supply target not found, using dummy regulator
[    5.646001] ahci-ceva fd0c0000.ahci: AHCI 0001.0301 32 slots 2 ports 6 Gbps 0x3 impl platform mode
[    5.654956] ahci-ceva fd0c0000.ahci: flags: 64bit ncq sntf pm clo only pmp fbs pio slum part ccc sds apst 
[    5.665656] scsi host0: ahci-ceva
[    5.669249] scsi host1: ahci-ceva
[    5.672677] ata1: SATA max UDMA/133 mmio [mem 0xfd0c0000-0xfd0c1fff] port 0x100 irq 45
[    5.680588] ata2: SATA max UDMA/133 mmio [mem 0xfd0c0000-0xfd0c1fff] port 0x180 irq 45
[    5.689184] ad9081 spi1.0: supply vdd not found, using dummy regulator
[    6.001967] ata1: SATA link down (SStatus 0 SControl 330)
[    6.007386] ata2: SATA link down (SStatus 0 SControl 330)
[    6.683732] zynqmp-display fd4a0000.display: [drm] Cannot find any crtc or sizes
[    6.881218] ad9081 spi1.0: Invalid param passed., "ref_clk_hz < 100000000ULL" in adi_ad9081_device_clk_config_set(...), line554 in drivers/iio/adc/ad9081/adi_ad9081_device.c
[    7.548571] ad9081 spi1.0: AD9081 Rev. 2 Grade 10 (API 1.2.2) probed
[    7.555771] xhci-hcd xhci-hcd.1.auto: xHCI Host Controller
[    7.561266] xhci-hcd xhci-hcd.1.auto: new USB bus registered, assigned bus number 1
[    7.569015] xhci-hcd xhci-hcd.1.auto: hcc params 0x0238f625 hci version 0x100 quirks 0x0000000002010810
[    7.578427] xhci-hcd xhci-hcd.1.auto: irq 59, io mem 0xfe200000
[    7.584539] usb usb1: New USB device found, idVendor=1d6b, idProduct=0002, bcdDevice= 5.10
[    7.592802] usb usb1: New USB device strings: Mfr=3, Product=2, SerialNumber=1
[    7.600019] usb usb1: Product: xHCI Host Controller
[    7.604889] usb usb1: Manufacturer: Linux 5.10.0-98103-g2aa7ac113716 xhci-hcd
[    7.612015] usb usb1: SerialNumber: xhci-hcd.1.auto
[    7.617184] hub 1-0:1.0: USB hub found
[    7.620951] hub 1-0:1.0: 1 port detected
[    7.625055] xhci-hcd xhci-hcd.1.auto: xHCI Host Controller
[    7.630544] xhci-hcd xhci-hcd.1.auto: new USB bus registered, assigned bus number 2
[    7.638198] xhci-hcd xhci-hcd.1.auto: Host supports USB 3.0 SuperSpeed
[    7.644826] usb usb2: New USB device found, idVendor=1d6b, idProduct=0003, bcdDevice= 5.10
[    7.653084] usb usb2: New USB device strings: Mfr=3, Product=2, SerialNumber=1
[    7.660308] usb usb2: Product: xHCI Host Controller
[    7.665181] usb usb2: Manufacturer: Linux 5.10.0-98103-g2aa7ac113716 xhci-hcd
[    7.672306] usb usb2: SerialNumber: xhci-hcd.1.auto
[    7.677415] hub 2-0:1.0: USB hub found
[    7.681176] hub 2-0:1.0: 1 port detected
[    7.711240] cf_axi_adc 84a10000.axi-ad9081-rx-hpc: ADI AIM (10.01.b) at 0x84A10000 mapped to 0x(____ptrval____), probed ADC AD9081 as MASTER
[    7.744552] cf_axi_dds 84b10000.axi-ad9081-tx-hpc: Analog Devices CF_AXI_DDS_DDS MASTER (9.01.b) at 0x84B10000 mapped to 0x(____ptrval____), probed DDS AD9081
[    7.758760] jesd204: /axi/spi@ff040000/ad9081@0,jesd204:0,parent=spi1.0: JESD204[2] transition initialized -> probed
[    7.769280] jesd204: /axi/spi@ff040000/ad9081@0,jesd204:0,parent=spi1.0: JESD204[0] transition initialized -> probed
[    7.779801] jesd204: /axi/spi@ff040000/ad9081@0,jesd204:0,parent=spi1.0: JESD204[2] transition probed -> idle
[    7.789711] jesd204: /axi/spi@ff040000/ad9081@0,jesd204:0,parent=spi1.0: JESD204[0] transition probed -> idle
[    7.799625] jesd204: /axi/spi@ff040000/ad9081@0,jesd204:0,parent=spi1.0: JESD204[2] transition idle -> device_init
[    7.809968] jesd204: /axi/spi@ff040000/ad9081@0,jesd204:0,parent=spi1.0: JESD204[0] transition idle -> device_init
[    7.820320] jesd204: /axi/spi@ff040000/ad9081@0,jesd204:0,parent=spi1.0: JESD204[2] transition device_init -> link_init
[    7.831095] jesd204: /axi/spi@ff040000/ad9081@0,jesd204:0,parent=spi1.0: JESD204[0] transition device_init -> link_init
[    7.841887] jesd204: /axi/spi@ff040000/ad9081@0,jesd204:0,parent=spi1.0: JESD204[2] transition link_init -> link_supported
[    7.852925] jesd204: /axi/spi@ff040000/ad9081@0,jesd204:0,parent=spi1.0: JESD204[0] transition link_init -> link_supported
[    7.864334] hmc7044 spi2.0: hmc7044_jesd204_link_pre_setup: Link2 forcing continuous SYSREF mode
[    7.873484] axi-jesd204-tx 84b90000.axi-jesd204-tx: axi_jesd204_tx_jesd204_link_pre_setup: Link0 set lane rate 9760000 kHz failed (-22)
[    7.885651] jesd204: /fpga-axi@0/axi-jesd204-tx@84b90000,jesd204:5,parent=84b90000.axi-jesd204-tx: JESD204[0] In link_pre_setup got error from cb: -22
[    7.899121] jesd204: /axi/spi@ff040000/ad9081@0,jesd204:0,parent=spi1.0: Rolling back from 'link_supported', got error -22
[    7.910171] jesd204: /axi/spi@ff040000/ad9081@0,jesd204:0,parent=spi1.0: JESD204[0] transition link_supported -> link_pre_setup
[    7.921644] jesd204: /axi/spi@ff040000/ad9081@0,jesd204:0,parent=spi1.0: JESD204[2] transition link_supported -> link_pre_setup
[    7.933122] jesd204: /axi/spi@ff040000/ad9081@0,jesd204:0,parent=spi1.0: JESD204[0] transition link_pre_setup -> link_supported
[    7.944595] jesd204: /axi/spi@ff040000/ad9081@0,jesd204:0,parent=spi1.0: JESD204[2] transition link_pre_setup -> link_supported
[    7.956072] jesd204: /axi/spi@ff040000/ad9081@0,jesd204:0,parent=spi1.0: JESD204[0] transition link_supported -> link_init
[    7.967110] jesd204: /axi/spi@ff040000/ad9081@0,jesd204:0,parent=spi1.0: JESD204[2] transition link_supported -> link_init
[    7.978157] jesd204: /axi/spi@ff040000/ad9081@0,jesd204:0,parent=spi1.0: JESD204[0] transition link_init -> device_init
[    7.988935] jesd204: /axi/spi@ff040000/ad9081@0,jesd204:0,parent=spi1.0: JESD204[2] transition link_init -> device_init
[    7.999716] jesd204: /axi/spi@ff040000/ad9081@0,jesd204:0,parent=spi1.0: JESD204[0] transition device_init -> idle
[    8.010059] jesd204: /axi/spi@ff040000/ad9081@0,jesd204:0,parent=spi1.0: JESD204[2] transition device_init -> idle
[    8.020410] jesd204: /axi/spi@ff040000/ad9081@0,jesd204:0,parent=spi1.0: JESD204[2] transition idle -> idle
[    8.030145] jesd204: /axi/spi@ff040000/ad9081@0,jesd204:0,parent=spi1.0: JESD204[0] transition idle -> idle
[    8.039886] jesd204: /axi/spi@ff040000/ad9081@0,jesd204:0,parent=spi1.0: JESD204[2] transition idle -> device_init
[    8.050230] jesd204: /axi/spi@ff040000/ad9081@0,jesd204:0,parent=spi1.0: JESD204[0] transition idle -> device_init
[    8.060580] jesd204: /axi/spi@ff040000/ad9081@0,jesd204:0,parent=spi1.0: JESD204[2] transition device_init -> link_init
[    8.071363] jesd204: /axi/spi@ff040000/ad9081@0,jesd204:0,parent=spi1.0: JESD204[0] transition device_init -> link_init
[    8.082146] jesd204: /axi/spi@ff040000/ad9081@0,jesd204:0,parent=spi1.0: JESD204[2] transition link_init -> link_supported
[    8.093186] jesd204: /axi/spi@ff040000/ad9081@0,jesd204:0,parent=spi1.0: JESD204[0] transition link_init -> link_supported
[    8.104564] axi-jesd204-tx 84b90000.axi-jesd204-tx: axi_jesd204_tx_jesd204_link_pre_setup: Link0 set lane rate 9760000 kHz failed (-22)
[    8.116733] jesd204: /fpga-axi@0/axi-jesd204-tx@84b90000,jesd204:5,parent=84b90000.axi-jesd204-tx: JESD204[0] In link_pre_setup got error from cb: -22
[    8.130200] jesd204: /axi/spi@ff040000/ad9081@0,jesd204:0,parent=spi1.0: Rolling back from 'link_supported', got error -22
[    8.141243] jesd204: /axi/spi@ff040000/ad9081@0,jesd204:0,parent=spi1.0: JESD204[0] transition link_supported -> link_pre_setup
[    8.152717] jesd204: /axi/spi@ff040000/ad9081@0,jesd204:0,parent=spi1.0: JESD204[2] transition link_supported -> link_pre_setup
[    8.164193] jesd204: /axi/spi@ff040000/ad9081@0,jesd204:0,parent=spi1.0: JESD204[0] transition link_pre_setup -> link_supported
[    8.175664] jesd204: /axi/spi@ff040000/ad9081@0,jesd204:0,parent=spi1.0: JESD204[2] transition link_pre_setup -> link_supported
[    8.187142] jesd204: /axi/spi@ff040000/ad9081@0,jesd204:0,parent=spi1.0: JESD204[0] transition link_supported -> link_init
[    8.198179] jesd204: /axi/spi@ff040000/ad9081@0,jesd204:0,parent=spi1.0: JESD204[2] transition link_supported -> link_init
[    8.209227] jesd204: /axi/spi@ff040000/ad9081@0,jesd204:0,parent=spi1.0: JESD204[0] transition link_init -> device_init
[    8.220002] jesd204: /axi/spi@ff040000/ad9081@0,jesd204:0,parent=spi1.0: JESD204[2] transition link_init -> device_init
[    8.230785] jesd204: /axi/spi@ff040000/ad9081@0,jesd204:0,parent=spi1.0: JESD204[0] transition device_init -> idle
[    8.241134] jesd204: /axi/spi@ff040000/ad9081@0,jesd204:0,parent=spi1.0: JESD204[2] transition device_init -> idle
[    8.251481] jesd204: /axi/spi@ff040000/ad9081@0,jesd204:0,parent=spi1.0: JESD204[2] transition idle -> idle
[    8.261215] jesd204: /axi/spi@ff040000/ad9081@0,jesd204:0,parent=spi1.0: JESD204[0] transition idle -> idle
[    8.270956] jesd204: /axi/spi@ff040000/ad9081@0,jesd204:0,parent=spi1.0: JESD204[2] transition idle -> device_init
[    8.281300] jesd204: /axi/spi@ff040000/ad9081@0,jesd204:0,parent=spi1.0: JESD204[0] transition idle -> device_init
[    8.291650] jesd204: /axi/spi@ff040000/ad9081@0,jesd204:0,parent=spi1.0: JESD204[2] transition device_init -> link_init
[    8.302427] jesd204: /axi/spi@ff040000/ad9081@0,jesd204:0,parent=spi1.0: JESD204[0] transition device_init -> link_init
[    8.313216] jesd204: /axi/spi@ff040000/ad9081@0,jesd204:0,parent=spi1.0: JESD204[2] transition link_init -> link_supported
[    8.324258] jesd204: /axi/spi@ff040000/ad9081@0,jesd204:0,parent=spi1.0: JESD204[0] transition link_init -> link_supported
[    8.335594] axi-jesd204-tx 84b90000.axi-jesd204-tx: axi_jesd204_tx_jesd204_link_pre_setup: Link0 set lane rate 9760000 kHz failed (-22)
[    8.347765] jesd204: /fpga-axi@0/axi-jesd204-tx@84b90000,jesd204:5,parent=84b90000.axi-jesd204-tx: JESD204[0] In link_pre_setup got error from cb: -22
[    8.361235] jesd204: /axi/spi@ff040000/ad9081@0,jesd204:0,parent=spi1.0: Rolling back from 'link_supported', got error -22
[    8.372284] jesd204: /axi/spi@ff040000/ad9081@0,jesd204:0,parent=spi1.0: JESD204[0] transition link_supported -> link_pre_setup
[    8.383759] jesd204: /axi/spi@ff040000/ad9081@0,jesd204:0,parent=spi1.0: JESD204[2] transition link_supported -> link_pre_setup
[    8.395237] jesd204: /axi/spi@ff040000/ad9081@0,jesd204:0,parent=spi1.0: JESD204[0] transition link_pre_setup -> link_supported
[    8.406708] jesd204: /axi/spi@ff040000/ad9081@0,jesd204:0,parent=spi1.0: JESD204[2] transition link_pre_setup -> link_supported
[    8.418186] jesd204: /axi/spi@ff040000/ad9081@0,jesd204:0,parent=spi1.0: JESD204[0] transition link_supported -> link_init
[    8.429224] jesd204: /axi/spi@ff040000/ad9081@0,jesd204:0,parent=spi1.0: JESD204[2] transition link_supported -> link_init
[    8.440271] jesd204: /axi/spi@ff040000/ad9081@0,jesd204:0,parent=spi1.0: JESD204[0] transition link_init -> device_init
[    8.451048] jesd204: /axi/spi@ff040000/ad9081@0,jesd204:0,parent=spi1.0: JESD204[2] transition link_init -> device_init
[    8.461830] jesd204: /axi/spi@ff040000/ad9081@0,jesd204:0,parent=spi1.0: JESD204[0] transition device_init -> idle
[    8.472173] jesd204: /axi/spi@ff040000/ad9081@0,jesd204:0,parent=spi1.0: JESD204[2] transition device_init -> idle
[    8.482524] jesd204: /axi/spi@ff040000/ad9081@0,jesd204:0,parent=spi1.0: JESD204[2] transition idle -> idle
[    8.492259] jesd204: /axi/spi@ff040000/ad9081@0,jesd204:0,parent=spi1.0: JESD204[0] transition idle -> idle
[    8.502005] jesd204: /axi/spi@ff040000/ad9081@0,jesd204:0,parent=spi1.0: JESD204[2] transition idle -> device_init
[    8.512354] jesd204: /axi/spi@ff040000/ad9081@0,jesd204:0,parent=spi1.0: JESD204[0] transition idle -> device_init
[    8.522703] jesd204: /axi/spi@ff040000/ad9081@0,jesd204:0,parent=spi1.0: JESD204[2] transition device_init -> link_init
[    8.533480] jesd204: /axi/spi@ff040000/ad9081@0,jesd204:0,parent=spi1.0: JESD204[0] transition device_init -> link_init
[    8.544268] jesd204: /axi/spi@ff040000/ad9081@0,jesd204:0,parent=spi1.0: JESD204[2] transition link_init -> link_supported
[    8.555311] jesd204: /axi/spi@ff040000/ad9081@0,jesd204:0,parent=spi1.0: JESD204[0] transition link_init -> link_supported
[    8.566647] axi-jesd204-tx 84b90000.axi-jesd204-tx: axi_jesd204_tx_jesd204_link_pre_setup: Link0 set lane rate 9760000 kHz failed (-22)
[    8.578818] jesd204: /fpga-axi@0/axi-jesd204-tx@84b90000,jesd204:5,parent=84b90000.axi-jesd204-tx: JESD204[0] In link_pre_setup got error from cb: -22
[    8.592289] jesd204: /axi/spi@ff040000/ad9081@0,jesd204:0,parent=spi1.0: Rolling back from 'link_supported', got error -22
[    8.603330] jesd204: /axi/spi@ff040000/ad9081@0,jesd204:0,parent=spi1.0: JESD204[0] transition link_supported -> link_pre_setup
[    8.614802] jesd204: /axi/spi@ff040000/ad9081@0,jesd204:0,parent=spi1.0: JESD204[2] transition link_supported -> link_pre_setup
[    8.626285] jesd204: /axi/spi@ff040000/ad9081@0,jesd204:0,parent=spi1.0: JESD204[0] transition link_pre_setup -> link_supported
[    8.637763] jesd204: /axi/spi@ff040000/ad9081@0,jesd204:0,parent=spi1.0: JESD204[2] transition link_pre_setup -> link_supported
[    8.649239] jesd204: /axi/spi@ff040000/ad9081@0,jesd204:0,parent=spi1.0: JESD204[0] transition link_supported -> link_init
[    8.660277] jesd204: /axi/spi@ff040000/ad9081@0,jesd204:0,parent=spi1.0: JESD204[2] transition link_supported -> link_init
[    8.671324] jesd204: /axi/spi@ff040000/ad9081@0,jesd204:0,parent=spi1.0: JESD204[0] transition link_init -> device_init
[    8.682099] jesd204: /axi/spi@ff040000/ad9081@0,jesd204:0,parent=spi1.0: JESD204[2] transition link_init -> device_init
[    8.692882] jesd204: /axi/spi@ff040000/ad9081@0,jesd204:0,parent=spi1.0: JESD204[0] transition device_init -> idle
[    8.703226] jesd204: /axi/spi@ff040000/ad9081@0,jesd204:0,parent=spi1.0: JESD204[2] transition device_init -> idle
[    8.713572] jesd204: /axi/spi@ff040000/ad9081@0,jesd204:0,parent=spi1.0: FSM completed with error -22
[    8.732009] input: gpio-keys as /devices/platform/gpio-keys/input/input0
[    8.739024] of_cfs_init
[    8.741486] of_cfs_init: OK
[    8.744430] cfg80211: Loading compiled-in X.509 certificates for regulatory database
[    8.882653] cfg80211: Loaded X.509 cert 'sforshee: 00b28ddf47aef9cea7'
[    8.889185] clk: Not disabling unused clocks
[    8.893720] ALSA device list:
[    8.896680]   No soundcards found.
[    8.900355] platform regulatory.0: Direct firmware load for regulatory.db failed with error -2
[    8.908960] cfg80211: failed to load regulatory.db
[    8.924011] EXT4-fs (mmcblk0p2): mounted filesystem with ordered data mode. Opts: (null)
[    8.932128] VFS: Mounted root (ext4 filesystem) on device 179:2.
[    8.945686] devtmpfs: mounted
[    8.949502] Freeing unused kernel memory: 2560K
[    8.967764] Run /sbin/init as init process
[    8.971862]   with arguments:
[    8.971864]     /sbin/init
[    8.971867]   with environment:
[    8.971869]     HOME=/
[    8.971871]     TERM=linux
[    9.542997] systemd[1]: systemd 241 running in system mode. (+PAM +AUDIT +SELINUX +IMA +APPARMOR +SMACK +SYSVINIT +UTMP +LIBCRYPTSETUP +GCRYPT +GNUTLS +ACL +XZ +LZ4 +SECCOMP +BLKID +ELFUTILS +KMOD -IDN2 +IDN -PCRE2 default-hierarchy=hybrid)
[    9.564869] systemd[1]: Detected architecture arm64.
[    9.588431] systemd[1]: Set hostname to <analog>.
[    9.772194] systemd[1]: File /lib/systemd/system/systemd-journald.service:12 configures an IP firewall (IPAddressDeny=any), but the local system does not support BPF/cgroup based firewalling.
[    9.789246] systemd[1]: Proceeding WITHOUT firewalling in effect! (This warning is only shown for the first loaded unit using IP firewalling.)
[    9.953295] systemd[1]: /etc/systemd/system/tof-server.service:1: Assignment outside of section. Ignoring.
[    9.963017] systemd[1]: /etc/systemd/system/tof-server.service:2: Assignment outside of section. Ignoring.
[   10.147329] random: systemd: uninitialized urandom read (16 bytes read)
[   10.162100] random: systemd: uninitialized urandom read (16 bytes read)
[   10.169316] systemd[1]: Created slice system-getty.slice.
[   10.191803] random: systemd: uninitialized urandom read (16 bytes read)
[   10.198581] systemd[1]: Started Forward Password Requests to Wall Directory Watch.
[   10.223812] systemd[1]: Condition check resulted in Arbitrary Executable File Formats File System Automount Point being skipped.
[   10.869117] ------------[ cut here ]------------
[   10.869126] Enabling unprepared \xa0\xe9Q\x88\xff\xff\xffpQ\x88\xff\xff\xff
[   10.869171] WARNING: CPU: 0 PID: 113 at drivers/clk/clk.c:1012 clk_core_enable+0xa4/0xc0
[   10.869174] Modules linked in:
[   10.869185] CPU: 0 PID: 113 Comm: kworker/0:1H Not tainted 5.10.0-98103-g2aa7ac113716 #5577
[   10.869188] Hardware name: ZynqMP ZCU102 Rev1.0 (DT)
[   10.869197] Workqueue: kblockd blk_mq_run_work_fn
[   10.869205] pstate: 80000085 (Nzcv daIf -PAN -UAO -TCO BTYPE=--)
[   10.869211] pc : clk_core_enable+0xa4/0xc0
[   10.869216] lr : clk_core_enable+0xa4/0xc0
[   10.869219] sp : ffffffc0127cb2d0
[   10.869222] x29: ffffffc0127cb2d0 x28: ffffff8800330c10 
[   10.869229] x27: ffffff8800330d48 x26: 0000005000000101 
[   10.869235] x25: 0000000281e82c58 x24: 0000000000000001 
[   10.869242] x23: ffffff88010e9380 x22: ffffff8801083220 
[   10.869248] x21: ffffff8801517000 x20: ffffff8801517008 
[   10.869255] x19: ffffff8801517008 x18: 0000000000000030 
[   10.869262] x17: 0000000000000001 x16: 0000b3b985cae7ea 
[   10.869268] x15: ffffffffffff9d58 x14: ffffffc011d3b1a0 
[   10.869275] x13: ffffffc011d3b1c8 x12: 0000000000000675 
[   10.869281] x11: 0000000000000227 x10: ffffffc011d671c8 
[   10.869287] x9 : 00000000fffff800 x8 : ffffffc011d3b1c8 
[   10.869294] x7 : ffffffc011d671c8 x6 : 0000000000000001 
[   10.869300] x5 : ffffff887f7669e0 x4 : 0000000000000000 
[   10.869307] x3 : 0000000000000027 x2 : 0000000000000023 
[   10.869313] x1 : 210ac117e0878300 x0 : 0000000000000000 
[   10.869320] Call trace:
[   10.869326]  clk_core_enable+0xa4/0xc0
[   10.869331]  clk_enable+0x2c/0x60
[   10.869338]  zynqmp_runtime_resume+0x24/0x84
[   10.869345]  pm_generic_runtime_resume+0x30/0x50
[   10.869350]  __genpd_runtime_resume+0x30/0xb0
[   10.869357]  genpd_runtime_resume+0x90/0x250
[   10.869363]  __rpm_callback+0x10c/0x1e0
[   10.869368]  rpm_callback+0x5c/0x84
[   10.869373]  rpm_resume+0x4a4/0x74c
[   10.869378]  __pm_runtime_resume+0x78/0xc4
[   10.869383]  spi_mem_access_start.isra.0+0x30/0x80
[   10.869387]  spi_mem_exec_op+0x3b0/0x424
[   10.869392]  spi_nor_read_sr+0x78/0xe0
[   10.869397]  spi_nor_wait_till_ready_with_timeout+0xb4/0x2f0
[   10.869402]  spi_nor_read+0x188/0x380
[   10.869407]  mtd_read_oob_std+0x78/0x84
[   10.869412]  mtd_read_oob+0x7c/0x134
[   10.869416]  mtd_read+0x48/0x7c
[   10.869422]  mtdblock_readsect+0x6c/0x150
[   10.869427]  mtd_queue_rq+0x2cc/0x5a0
[   10.869433]  blk_mq_dispatch_rq_list+0x110/0x790
[   10.869439]  __blk_mq_do_dispatch_sched+0x200/0x274
[   10.869445]  __blk_mq_sched_dispatch_requests+0x1a8/0x1fc
[   10.869450]  blk_mq_sched_dispatch_requests+0x3c/0x7c
[   10.869455]  __blk_mq_run_hw_queue+0x98/0x100
[   10.869460]  blk_mq_run_work_fn+0x24/0x30
[   10.869465]  process_one_work+0x1d4/0x380
[   10.869469]  worker_thread+0x78/0x4e0
[   10.869474]  kthread+0x124/0x130
[   10.869480]  ret_from_fork+0x10/0x3c
[   10.869484] ---[ end trace 74f178b488d272dc ]---
[   10.869492] zynqmp-qspi ff0f0000.spi: Cannot enable APB clock.
[   10.869541] spi_master spi0: Failed to power device: -108
[   10.869551] blk_update_request: I/O error, dev mtdblock0, sector 8 op 0x0:(READ) flags 0x80700 phys_seg 1 prio class 0
[   10.869616] spi_master spi0: Failed to power device: -22
[   10.869623] blk_update_request: I/O error, dev mtdblock0, sector 8 op 0x0:(READ) flags 0x0 phys_seg 8 prio class 0
[   10.869629] Buffer I/O error on dev mtdblock0, logical block 8, async page read
[   10.869638] spi_master spi0: Failed to power device: -22
[   10.869643] blk_update_request: I/O error, dev mtdblock0, sector 9 op 0x0:(READ) flags 0x0 phys_seg 7 prio class 0
[   10.869647] Buffer I/O error on dev mtdblock0, logical block 9, async page read
[   10.869654] spi_master spi0: Failed to power device: -22
[   10.869660] blk_update_request: I/O error, dev mtdblock0, sector 10 op 0x0:(READ) flags 0x0 phys_seg 6 prio class 0
[   10.869664] Buffer I/O error on dev mtdblock0, logical block 10, async page read
[   10.869671] spi_master spi0: Failed to power device: -22
[   10.869677] blk_update_request: I/O error, dev mtdblock0, sector 11 op 0x0:(READ) flags 0x0 phys_seg 5 prio class 0
[   10.869681] Buffer I/O error on dev mtdblock0, logical block 11, async page read
[   10.869687] spi_master spi0: Failed to power device: -22
[   10.869693] blk_update_request: I/O error, dev mtdblock0, sector 12 op 0x0:(READ) flags 0x0 phys_seg 4 prio class 0
[   10.869697] Buffer I/O error on dev mtdblock0, logical block 12, async page read
[   10.869703] spi_master spi0: Failed to power device: -22
[   10.869709] blk_update_request: I/O error, dev mtdblock0, sector 13 op 0x0:(READ) flags 0x0 phys_seg 3 prio class 0
[   10.869713] Buffer I/O error on dev mtdblock0, logical block 13, async page read
[   10.869720] spi_master spi0: Failed to power device: -22
[   10.869726] blk_update_request: I/O error, dev mtdblock0, sector 14 op 0x0:(READ) flags 0x0 phys_seg 2 prio class 0
[   10.869729] Buffer I/O error on dev mtdblock0, logical block 14, async page read
[   10.869736] spi_master spi0: Failed to power device: -22
[   10.869741] blk_update_request: I/O error, dev mtdblock0, sector 15 op 0x0:(READ) flags 0x0 phys_seg 1 prio class 0
[   10.869745] Buffer I/O error on dev mtdblock0, logical block 15, async page read
[   10.870034] spi_master spi0: Failed to power device: -22
[   10.870041] blk_update_request: I/O error, dev mtdblock1, sector 10112 op 0x0:(READ) flags 0x80700 phys_seg 1 prio class 0
[   10.870086] spi_master spi0: Failed to power device: -22
[   10.870092] Buffer I/O error on dev mtdblock1, logical block 10112, async page read
[   10.870099] spi_master spi0: Failed to power device: -22
[   10.870104] Buffer I/O error on dev mtdblock1, logical block 10113, async page read
[   10.870111] spi_master spi0: Failed to power device: -22
[   10.870118] spi_master spi0: Failed to power device: -22
[   10.870126] spi_master spi0: Failed to power device: -22
[   10.870133] spi_master spi0: Failed to power device: -22
[   10.870140] spi_master spi0: Failed to power device: -22
[   10.870147] spi_master spi0: Failed to power device: -22
[   10.870388] spi_master spi0: Failed to power device: -22
[   10.870432] spi_master spi0: Failed to power device: -22
[   10.870441] spi_master spi0: Failed to power device: -22
[   10.870449] spi_master spi0: Failed to power device: -22
[   10.870457] spi_master spi0: Failed to power device: -22
[   10.870464] spi_master spi0: Failed to power device: -22
[   10.870471] spi_master spi0: Failed to power device: -22
[   10.870479] spi_master spi0: Failed to power device: -22
[   10.870486] spi_master spi0: Failed to power device: -22
[   10.870780] spi_master spi0: Failed to power device: -22
[   10.870824] spi_master spi0: Failed to power device: -22
[   10.870833] spi_master spi0: Failed to power device: -22
[   10.870841] spi_master spi0: Failed to power device: -22
[   10.870848] spi_master spi0: Failed to power device: -22
[   10.870856] spi_master spi0: Failed to power device: -22
[   10.870863] spi_master spi0: Failed to power device: -22
[   10.870870] spi_master spi0: Failed to power device: -22
[   10.870877] spi_master spi0: Failed to power device: -22
[   10.996004] EXT4-fs (mmcblk0p2): re-mounted. Opts: (null)
[   11.192506] systemd-journald[168]: Received request to flush runtime journal from PID 1
[   17.094403] macb ff0e0000.ethernet eth0: PHY [ff0e0000.ethernet-ffffffff:0c] driver [TI DP83867] (irq=POLL)
[   17.094416] macb ff0e0000.ethernet eth0: configuring for phy/rgmii-id link mode
[   17.364259] Adding 90108k swap on /var/swap.  Priority:-2 extents:1 across:90108k SS
[   19.187739] random: crng init done
[   19.187751] random: 7 urandom warning(s) missed due to ratelimiting
[   19.918046] broken atomic modeset userspace detected, disabling atomic
[   20.161336] macb ff0e0000.ethernet eth0: Link is Up - 1Gbps/Full - flow control off
[   20.161361] IPv6: ADDRCONF(NETDEV_CHANGE): eth0: link becomes ready
[   22.577415] broken atomic modeset userspace detected, disabling atomic
[   25.485157] broken atomic modeset userspace detected, disabling atomic
[   28.124674] broken atomic modeset userspace detected, disabling atomic