[    0.000000] Booting Linux on physical CPU 0x0000000000 [0x410fd034]
[    0.000000] Linux version 5.10.0-98103-g2aa7ac113716 (jenkins@romlxbuild1.adlk.analog.com) (aarch64-xilinx-linux-gcc.real (GCC) 10.2.0, GNU ld (GNU Binutils) 2.35.0.20200730) #5577 SMP Wed Mar 23 07:28:49 GMT 2022
[    0.000000] Machine model: ZynqMP ZCU102 Rev1.0
[    0.000000] earlycon: cdns0 at MMIO 0x00000000ff000000 (options '115200n8')
[    0.000000] printk: bootconsole [cdns0] enabled
[    0.000000] efi: UEFI not found.
[    0.000000] cma: Reserved 256 MiB at 0x0000000070000000
[    0.000000] Zone ranges:
[    0.000000]   DMA      [mem 0x0000000000000000-0x000000003fffffff]
[    0.000000]   DMA32    [mem 0x0000000040000000-0x00000000ffffffff]
[    0.000000]   Normal   [mem 0x0000000100000000-0x000000087fffffff]
[    0.000000] Movable zone start for each node
[    0.000000] Early memory node ranges
[    0.000000]   node   0: [mem 0x0000000000000000-0x000000007fffffff]
[    0.000000]   node   0: [mem 0x0000000800000000-0x000000087fffffff]
[    0.000000] Initmem setup node 0 [mem 0x0000000000000000-0x000000087fffffff]
[    0.000000] On node 0 totalpages: 1048576
[    0.000000]   DMA zone: 3584 pages used for memmap
[    0.000000]   DMA zone: 0 pages reserved
[    0.000000]   DMA zone: 262144 pages, LIFO batch:63
[    0.000000]   DMA32 zone: 3584 pages used for memmap
[    0.000000]   DMA32 zone: 262144 pages, LIFO batch:63
[    0.000000]   Normal zone: 7168 pages used for memmap
[    0.000000]   Normal zone: 524288 pages, LIFO batch:63
[    0.000000] psci: probing for conduit method from DT.
[    0.000000] psci: PSCIv1.1 detected in firmware.
[    0.000000] psci: Using standard PSCI v0.2 function IDs
[    0.000000] psci: MIGRATE_INFO_TYPE not supported.
[    0.000000] psci: SMC Calling Convention v1.2
[    0.000000] percpu: Embedded 22 pages/cpu s49496 r8192 d32424 u90112
[    0.000000] pcpu-alloc: s49496 r8192 d32424 u90112 alloc=22*4096
[    0.000000] pcpu-alloc: [0] 0 [0] 1 [0] 2 [0] 3 
[    0.000000] Detected VIPT I-cache on CPU0
[    0.000000] CPU features: detected: ARM erratum 845719
[    0.000000] Built 1 zonelists, mobility grouping on.  Total pages: 1034240
[    0.000000] Kernel command line: console=ttyPS0,115200 root=/dev/mmcblk0p2 rw earlycon rootfstype=ext4 rootwait clk_ignore_unused cpuidle.off=1 root=/dev/mmcblk0p2 rw rootwait
[    0.000000] Dentry cache hash table entries: 524288 (order: 10, 4194304 bytes, linear)
[    0.000000] Inode-cache hash table entries: 262144 (order: 9, 2097152 bytes, linear)
[    0.000000] mem auto-init: stack:off, heap alloc:off, heap free:off
[    0.000000] software IO TLB: mapped [mem 0x000000003bfff000-0x000000003ffff000] (64MB)
[    0.000000] Memory: 3761904K/4194304K available (15296K kernel code, 1636K rwdata, 11876K rodata, 2560K init, 507K bss, 170256K reserved, 262144K cma-reserved)
[    0.000000] rcu: Hierarchical RCU implementation.
[    0.000000] rcu: 	RCU event tracing is enabled.
[    0.000000] rcu: 	RCU restricting CPUs from NR_CPUS=8 to nr_cpu_ids=4.
[    0.000000] rcu: RCU calculated value of scheduler-enlistment delay is 25 jiffies.
[    0.000000] rcu: Adjusting geometry for rcu_fanout_leaf=16, nr_cpu_ids=4
[    0.000000] NR_IRQS: 64, nr_irqs: 64, preallocated irqs: 0
[    0.000000] GIC: Adjusting CPU interface base to 0x00000000f902f000
[    0.000000] GIC: Using split EOI/Deactivate mode
[    0.000000] random: get_random_bytes called from start_kernel+0x31c/0x54c with crng_init=0
[    0.000000] arch_timer: cp15 timer(s) running at 100.00MHz (phys).
[    0.000000] clocksource: arch_sys_counter: mask: 0xffffffffffffff max_cycles: 0x171024e7e0, max_idle_ns: 440795205315 ns
[    0.000003] sched_clock: 56 bits at 100MHz, resolution 10ns, wraps every 4398046511100ns
[    0.008462] Console: colour dummy device 80x25
[    0.012482] Calibrating delay loop (skipped), value calculated using timer frequency.. 200.00 BogoMIPS (lpj=400000)
[    0.022841] pid_max: default: 32768 minimum: 301
[    0.027550] Mount-cache hash table entries: 8192 (order: 4, 65536 bytes, linear)
[    0.034789] Mountpoint-cache hash table entries: 8192 (order: 4, 65536 bytes, linear)
[    0.043394] rcu: Hierarchical SRCU implementation.
[    0.047559] EFI services will not be available.
[    0.051939] smp: Bringing up secondary CPUs ...
[    0.056658] Detected VIPT I-cache on CPU1
[    0.056697] CPU1: Booted secondary processor 0x0000000001 [0x410fd034]
[    0.057065] Detected VIPT I-cache on CPU2
[    0.057090] CPU2: Booted secondary processor 0x0000000002 [0x410fd034]
[    0.057430] Detected VIPT I-cache on CPU3
[    0.057453] CPU3: Booted secondary processor 0x0000000003 [0x410fd034]
[    0.057499] smp: Brought up 1 node, 4 CPUs
[    0.091780] SMP: Total of 4 processors activated.
[    0.096452] CPU features: detected: 32-bit EL0 Support
[    0.101556] CPU features: detected: CRC32 instructions
[    0.106695] CPU: All CPU(s) started at EL2
[    0.110737] alternatives: patching kernel code
[    0.116171] devtmpfs: initialized
[    0.124058] Registered cp15_barrier emulation handler
[    0.124109] Registered setend emulation handler
[    0.128093] clocksource: jiffies: mask: 0xffffffff max_cycles: 0xffffffff, max_idle_ns: 7645041785100000 ns
[    0.137671] futex hash table entries: 1024 (order: 4, 65536 bytes, linear)
[    0.151029] pinctrl core: initialized pinctrl subsystem
[    0.151676] NET: Registered protocol family 16
[    0.156094] DMA: preallocated 512 KiB GFP_KERNEL pool for atomic allocations
[    0.162108] DMA: preallocated 512 KiB GFP_KERNEL|GFP_DMA pool for atomic allocations
[    0.169833] DMA: preallocated 512 KiB GFP_KERNEL|GFP_DMA32 pool for atomic allocations
[    0.177637] audit: initializing netlink subsys (disabled)
[    0.183087] audit: type=2000 audit(0.116:1): state=initialized audit_enabled=0 res=1
[    0.183433] hw-breakpoint: found 6 breakpoint and 4 watchpoint registers.
[    0.197463] ASID allocator initialised with 65536 entries
[    0.224355] HugeTLB registered 1.00 GiB page size, pre-allocated 0 pages
[    0.225412] HugeTLB registered 32.0 MiB page size, pre-allocated 0 pages
[    0.232083] HugeTLB registered 2.00 MiB page size, pre-allocated 0 pages
[    0.238746] HugeTLB registered 64.0 KiB page size, pre-allocated 0 pages
[    1.304326] DRBG: Continuing without Jitter RNG
[    1.382131] raid6: neonx8   gen()  2140 MB/s
[    1.450186] raid6: neonx8   xor()  1598 MB/s
[    1.518248] raid6: neonx4   gen()  2197 MB/s
[    1.586290] raid6: neonx4   xor()  1565 MB/s
[    1.654359] raid6: neonx2   gen()  2076 MB/s
[    1.722409] raid6: neonx2   xor()  1436 MB/s
[    1.790483] raid6: neonx1   gen()  1772 MB/s
[    1.858518] raid6: neonx1   xor()  1220 MB/s
[    1.926574] raid6: int64x8  gen()  1438 MB/s
[    1.994633] raid6: int64x8  xor()   771 MB/s
[    2.062704] raid6: int64x4  gen()  1599 MB/s
[    2.130758] raid6: int64x4  xor()   816 MB/s
[    2.198826] raid6: int64x2  gen()  1397 MB/s
[    2.266870] raid6: int64x2  xor()   750 MB/s
[    2.334959] raid6: int64x1  gen()  1034 MB/s
[    2.403008] raid6: int64x1  xor()   517 MB/s
[    2.403046] raid6: using algorithm neonx4 gen() 2197 MB/s
[    2.407004] raid6: .... xor() 1565 MB/s, rmw enabled
[    2.411935] raid6: using neon recovery algorithm
[    2.416948] iommu: Default domain type: Translated 
[    2.421560] SCSI subsystem initialized
[    2.425104] libata version 3.00 loaded.
[    2.425229] usbcore: registered new interface driver usbfs
[    2.430561] usbcore: registered new interface driver hub
[    2.435833] usbcore: registered new device driver usb
[    2.440967] mc: Linux media interface: v0.10
[    2.445084] videodev: Linux video capture interface: v2.00
[    2.450575] EDAC MC: Ver: 3.0.0
[    2.454016] zynqmp-ipi-mbox mailbox@ff990400: Registered ZynqMP IPI mbox with TX/RX channels.
[    2.462520] jesd204: created con: id=0, topo=0, link=0, /axi/spi@ff050000/hmc7044@0 <-> /fpga-axi@0/axi-adxcvr-tx@84b60000
[    2.473104] jesd204: created con: id=1, topo=0, link=2, /axi/spi@ff050000/hmc7044@0 <-> /fpga-axi@0/axi-adxcvr-rx@84a60000
[    2.484088] jesd204: created con: id=2, topo=0, link=0, /fpga-axi@0/axi-adxcvr-tx@84b60000 <-> /fpga-axi@0/axi-jesd204-tx@84b90000
[    2.495763] jesd204: created con: id=3, topo=0, link=2, /fpga-axi@0/axi-adxcvr-rx@84a60000 <-> /fpga-axi@0/axi-jesd204-rx@84a90000
[    2.507441] jesd204: created con: id=4, topo=0, link=0, /fpga-axi@0/axi-jesd204-tx@84b90000 <-> /fpga-axi@0/axi-ad9081-tx-hpc@84b10000
[    2.519468] jesd204: created con: id=5, topo=0, link=2, /fpga-axi@0/axi-jesd204-rx@84a90000 <-> /fpga-axi@0/axi-ad9081-rx-hpc@84a10000
[    2.531491] jesd204: created con: id=6, topo=0, link=2, /fpga-axi@0/axi-ad9081-rx-hpc@84a10000 <-> /axi/spi@ff040000/ad9081@0
[    2.542732] jesd204: created con: id=7, topo=0, link=0, /fpga-axi@0/axi-ad9081-tx-hpc@84b10000 <-> /axi/spi@ff040000/ad9081@0
[    2.553982] jesd204: /axi/spi@ff040000/ad9081@0: JESD204[2] transition uninitialized -> initialized
[    2.562969] jesd204: /axi/spi@ff040000/ad9081@0: JESD204[0] transition uninitialized -> initialized
[    2.571960] jesd204: found 8 devices and 1 topologies
[    2.577004] FPGA manager framework
[    2.580483] Advanced Linux Sound Architecture Driver Initialized.
[    2.586776] Bluetooth: Core ver 2.22
[    2.589963] NET: Registered protocol family 31
[    2.594365] Bluetooth: HCI device and connection manager initialized
[    2.600681] Bluetooth: HCI socket layer initialized
[    2.605523] Bluetooth: L2CAP socket layer initialized
[    2.610547] Bluetooth: SCO socket layer initialized
[    2.615732] clocksource: Switched to clocksource arch_sys_counter
[    2.621539] VFS: Disk quotas dquot_6.6.0
[    2.625375] VFS: Dquot-cache hash table entries: 512 (order 0, 4096 bytes)
[    2.636083] NET: Registered protocol family 2
[    2.636822] tcp_listen_portaddr_hash hash table entries: 2048 (order: 3, 32768 bytes, linear)
[    2.645014] TCP established hash table entries: 32768 (order: 6, 262144 bytes, linear)
[    2.653040] TCP bind hash table entries: 32768 (order: 7, 524288 bytes, linear)
[    2.660485] TCP: Hash tables configured (established 32768 bind 32768)
[    2.666662] UDP hash table entries: 2048 (order: 4, 65536 bytes, linear)
[    2.673327] UDP-Lite hash table entries: 2048 (order: 4, 65536 bytes, linear)
[    2.680487] NET: Registered protocol family 1
[    2.684943] RPC: Registered named UNIX socket transport module.
[    2.690562] RPC: Registered udp transport module.
[    2.695229] RPC: Registered tcp transport module.
[    2.699896] RPC: Registered tcp NFSv4.1 backchannel transport module.
[    2.706887] PCI: CLS 0 bytes, default 64
[    2.710591] hw perfevents: no interrupt-affinity property for /pmu, guessing.
[    2.717448] hw perfevents: enabled with armv8_pmuv3 PMU driver, 7 counters available
[    2.725798] Initialise system trusted keyrings
[    2.729475] workingset: timestamp_bits=62 max_order=20 bucket_order=0
[    2.736374] NFS: Registering the id_resolver key type
[    2.740825] Key type id_resolver registered
[    2.744964] Key type id_legacy registered
[    2.748953] nfs4filelayout_init: NFSv4 File Layout Driver Registering...
[    2.755619] jffs2: version 2.2. (NAND) (SUMMARY)  Â© 2001-2006 Red Hat, Inc.
[    2.798668] NET: Registered protocol family 38
[    2.798710] xor: measuring software checksum speed
[    2.806401]    8regs           :  2363 MB/sec
[    2.810070]    32regs          :  2799 MB/sec
[    2.815012]    arm64_neon      :  2380 MB/sec
[    2.815202] xor: using function: 32regs (2799 MB/sec)
[    2.820229] Key type asymmetric registered
[    2.824290] Asymmetric key parser 'x509' registered
[    2.829151] Block layer SCSI generic (bsg) driver version 0.4 loaded (major 248)
[    2.836488] io scheduler mq-deadline registered
[    2.840984] io scheduler kyber registered
[    2.870368] Serial: 8250/16550 driver, 4 ports, IRQ sharing disabled
[    2.875011] cacheinfo: Unable to detect cache hierarchy for CPU 0
[    2.881344] brd: module loaded
[    2.885491] loop: module loaded
[    2.886040] Registered mathworks_ip class
[    2.889380] libphy: Fixed MDIO Bus: probed
[    2.892364] tun: Universal TUN/TAP device driver, 1.6
[    2.896422] CAN device driver interface
[    2.900955] usbcore: registered new interface driver asix
[    2.905553] usbcore: registered new interface driver ax88179_178a
[    2.911587] usbcore: registered new interface driver cdc_ether
[    2.917382] usbcore: registered new interface driver net1080
[    2.923008] usbcore: registered new interface driver cdc_subset
[    2.928888] usbcore: registered new interface driver zaurus
[    2.934431] usbcore: registered new interface driver cdc_ncm
[    2.940832] ehci_hcd: USB 2.0 'Enhanced' Host Controller (EHCI) Driver
[    2.946517] ehci-pci: EHCI PCI platform driver
[    2.951314] usbcore: registered new interface driver uas
[    2.956233] usbcore: registered new interface driver usb-storage
[    2.962220] usbcore: registered new interface driver usbserial_generic
[    2.968672] usbserial: USB Serial support registered for generic
[    2.974645] usbcore: registered new interface driver ftdi_sio
[    2.980347] usbserial: USB Serial support registered for FTDI USB Serial Device
[    2.987624] usbcore: registered new interface driver upd78f0730
[    2.993495] usbserial: USB Serial support registered for upd78f0730
[    3.001155] rtc_zynqmp ffa60000.rtc: registered as rtc0
[    3.004921] rtc_zynqmp ffa60000.rtc: setting system clock to 2022-03-26T02:24:03 UTC (1648261443)
[    3.013783] i2c /dev entries driver
[    3.019090] usbcore: registered new interface driver uvcvideo
[    3.022896] USB Video Class driver (1.1.1)
[    3.028476] Bluetooth: HCI UART driver ver 2.3
[    3.031367] Bluetooth: HCI UART protocol H4 registered
[    3.036477] Bluetooth: HCI UART protocol BCSP registered
[    3.041766] Bluetooth: HCI UART protocol LL registered
[    3.046854] Bluetooth: HCI UART protocol ATH3K registered
[    3.052229] Bluetooth: HCI UART protocol Three-wire (H5) registered
[    3.058484] Bluetooth: HCI UART protocol Intel registered
[    3.063822] Bluetooth: HCI UART protocol QCA registered
[    3.069023] usbcore: registered new interface driver bcm203x
[    3.074644] usbcore: registered new interface driver bpa10x
[    3.080180] usbcore: registered new interface driver bfusb
[    3.085629] usbcore: registered new interface driver btusb
[    3.091093] usbcore: registered new interface driver ath3k
[    3.096576] EDAC MC: ECC not enabled
[    3.100202] EDAC DEVICE0: Giving out device to module zynqmp-ocm-edac controller zynqmp_ocm: DEV ff960000.memory-controller (INTERRUPT)
[    3.112517] sdhci: Secure Digital Host Controller Interface driver
[    3.118304] sdhci: Copyright(c) Pierre Ossman
[    3.122629] sdhci-pltfm: SDHCI platform and OF driver helper
[    3.128681] ledtrig-cpu: registered to indicate activity on CPUs
[    3.134233] SMCCC: SOC_ID: ARCH_SOC_ID not implemented, skipping ....
[    3.140659] zynqmp_firmware_probe Platform Management API v1.1
[    3.146419] zynqmp_firmware_probe Trustzone version v1.0
[    3.185978] zynqmp-pinctrl firmware:zynqmp-firmware:pinctrl: zynqmp pinctrl initialized
[    3.233973] zynqmp-aes firmware:zynqmp-firmware:zynqmp-aes: will run requests pump with realtime priority
[    3.249837] alg: No test for xilinx-keccak-384 (zynqmp-keccak-384)
[    3.250543] alg: No test for xilinx-zynqmp-rsa (zynqmp-rsa)
[    3.256057] usbcore: registered new interface driver usbhid
[    3.261447] usbhid: USB HID core driver
[    3.272694] axi_sysid 85000000.axi-sysid-0: AXI System ID core version (1.01.a) found
[    3.275045] axi_sysid 85000000.axi-sysid-0: [ad9081_fmca_ebz] on [zcu102] git branch <master> git <084d44c9780640ca93fd847b1d9ec70dd65f5c67> clean [2022-03-18 04:17:50] UTC
[    3.290736] fpga_manager fpga0: Xilinx ZynqMP FPGA Manager registered
[    3.297088] usbcore: registered new interface driver snd-usb-audio
[    3.304539] pktgen: Packet Generator for packet performance testing. Version: 2.75
[    3.310723] Initializing XFRM netlink socket
[    3.314572] NET: Registered protocol family 10
[    3.319290] Segment Routing with IPv6
[    3.322676] sit: IPv6, IPv4 and MPLS over IPv4 tunneling driver
[    3.328745] NET: Registered protocol family 17
[    3.332847] NET: Registered protocol family 15
[    3.337345] can: controller area network core
[    3.341598] NET: Registered protocol family 29
[    3.345985] can: raw protocol
[    3.348923] can: broadcast manager protocol
[    3.353076] can: netlink gateway - max_hops=1
[    3.357471] Bluetooth: RFCOMM TTY layer initialized
[    3.362253] Bluetooth: RFCOMM socket layer initialized
[    3.367359] Bluetooth: RFCOMM ver 1.11
[    3.371070] Bluetooth: BNEP (Ethernet Emulation) ver 1.3
[    3.376341] Bluetooth: BNEP filters: protocol multicast
[    3.381534] Bluetooth: BNEP socket layer initialized
[    3.386462] Bluetooth: HIDP (Human Interface Emulation) ver 1.2
[    3.392346] Bluetooth: HIDP socket layer initialized
[    3.397399] 9pnet: Installing 9P2000 support
[    3.401522] NET: Registered protocol family 36
[    3.405940] Key type dns_resolver registered
[    3.410370] registered taskstats version 1
[    3.414237] Loading compiled-in X.509 certificates
[    3.419340] Btrfs loaded, crc32c=crc32c-generic
[    3.431773] ff000000.serial: ttyPS0 at MMIO 0xff000000 (irq = 49, base_baud = 6249999) is a xuartps
[    3.440796] printk: console [ttyPS0] enabled
[    3.445091] printk: bootconsole [cdns0] disabled
[    3.454724] ff010000.serial: ttyPS1 at MMIO 0xff010000 (irq = 50, base_baud = 6249999) is a xuartps
[    3.467974] of-fpga-region fpga-full: FPGA Region probed
[    3.474920] nwl-pcie fd0e0000.pcie: host bridge /axi/pcie@fd0e0000 ranges:
[    3.481812] nwl-pcie fd0e0000.pcie:      MEM 0x00e0000000..0x00efffffff -> 0x00e0000000
[    3.489814] nwl-pcie fd0e0000.pcie:      MEM 0x0600000000..0x07ffffffff -> 0x0600000000
[    3.497875] nwl-pcie fd0e0000.pcie: Link is DOWN
[    3.502633] nwl-pcie fd0e0000.pcie: PCI host bridge to bus 0000:00
[    3.508811] pci_bus 0000:00: root bus resource [bus 00-ff]
[    3.514292] pci_bus 0000:00: root bus resource [mem 0xe0000000-0xefffffff]
[    3.521163] pci_bus 0000:00: root bus resource [mem 0x600000000-0x7ffffffff pref]
[    3.528667] pci 0000:00:00.0: [10ee:d021] type 01 class 0x060400
[    3.534722] pci 0000:00:00.0: PME# supported from D0 D1 D2 D3hot
[    3.545165] pci 0000:00:00.0: PCI bridge to [bus 01-0c]
[    3.551142] xilinx-zynqmp-dma fd500000.dma: ZynqMP DMA driver Probe success
[    3.558319] xilinx-zynqmp-dma fd510000.dma: ZynqMP DMA driver Probe success
[    3.565495] xilinx-zynqmp-dma fd520000.dma: ZynqMP DMA driver Probe success
[    3.572664] xilinx-zynqmp-dma fd530000.dma: ZynqMP DMA driver Probe success
[    3.579838] xilinx-zynqmp-dma fd540000.dma: ZynqMP DMA driver Probe success
[    3.587009] xilinx-zynqmp-dma fd550000.dma: ZynqMP DMA driver Probe success
[    3.594181] xilinx-zynqmp-dma fd560000.dma: ZynqMP DMA driver Probe success
[    3.601347] xilinx-zynqmp-dma fd570000.dma: ZynqMP DMA driver Probe success
[    3.608747] xilinx-zynqmp-dpdma fd4c0000.dma-controller: Xilinx DPDMA engine is probed
[    3.617291] ahci-ceva fd0c0000.ahci: supply ahci not found, using dummy regulator
[    3.624834] ahci-ceva fd0c0000.ahci: supply phy not found, using dummy regulator
[    3.715901] hmc7044 spi2.0: PLL1: Acquisition, CLKIN0 @ 122880000 Hz, PFD: 80 kHz - PLL2: Locked @ 2608.000000 MHz
[    3.726620] jesd204: /axi/spi@ff050000/hmc7044@0,jesd204:1,parent=spi2.0: Using as SYSREF provider
[    3.736203] spi-nor spi0.0: SPI-NOR-UniqueID 100000235394732200270025081115266e
[    3.743509] spi-nor spi0.0: found n25q512a, expected m25p80
[    3.749712] spi-nor spi0.0: trying to lock already unlocked area
[    3.755711] spi-nor spi0.0: n25q512a (131072 Kbytes)
[    3.760689] 4 fixed-partitions partitions found on MTD device spi0.0
[    3.767035] Creating 4 MTD partitions on "spi0.0":
[    3.771821] 0x000000000000-0x000000100000 : "qspi-fsbl-uboot"
[    3.778307] 0x000000100000-0x000000600000 : "qspi-linux"
[    3.784269] 0x000000600000-0x000000620000 : "qspi-device-tree"
[    3.790746] 0x000000620000-0x000000c00000 : "qspi-rootfs"
[    3.799211] macb ff0e0000.ethernet: Not enabling partial store and forward
[    3.806739] libphy: MACB_mii_bus: probed
[    3.811794] macb ff0e0000.ethernet eth0: Cadence GEM rev 0x50070106 at 0xff0e0000 irq 30 (00:0a:35:04:8e:1b)
[    3.822007] xilinx-axipmon ffa00000.perf-monitor: Probed Xilinx APM
[    3.828581] xilinx-axipmon fd0b0000.perf-monitor: Probed Xilinx APM
[    3.835100] xilinx-axipmon fd490000.perf-monitor: Probed Xilinx APM
[    3.841642] xilinx-axipmon ffa10000.perf-monitor: Probed Xilinx APM
[    3.851628] pca953x 0-0020: supply vcc not found, using dummy regulator
[    3.858311] pca953x 0-0020: using no AI
[    3.862800] gpio-496 (sel0): hogged as output/low
[    3.867701] gpio-497 (sel1): hogged as output/high
[    3.872693] gpio-498 (sel2): hogged as output/high
[    3.877685] gpio-499 (sel3): hogged as output/high
[    3.882865] pca953x 0-0021: supply vcc not found, using dummy regulator
[    3.889536] pca953x 0-0021: using no AI
[    3.895300] ina2xx 2-0040: power monitor ina226 (Rshunt = 5000 uOhm)
[    3.902327] ina2xx 2-0041: power monitor ina226 (Rshunt = 5000 uOhm)
[    3.909360] ina2xx 2-0042: power monitor ina226 (Rshunt = 5000 uOhm)
[    3.916396] ina2xx 2-0043: power monitor ina226 (Rshunt = 5000 uOhm)
[    3.923423] ina2xx 2-0044: power monitor ina226 (Rshunt = 5000 uOhm)
[    3.930445] ina2xx 2-0045: power monitor ina226 (Rshunt = 5000 uOhm)
[    3.937475] ina2xx 2-0046: power monitor ina226 (Rshunt = 5000 uOhm)
[    3.944550] ina2xx 2-0047: power monitor ina226 (Rshunt = 5000 uOhm)
[    3.951575] ina2xx 2-004a: power monitor ina226 (Rshunt = 5000 uOhm)
[    3.958618] ina2xx 2-004b: power monitor ina226 (Rshunt = 5000 uOhm)
[    3.965029] i2c i2c-0: Added multiplexed i2c bus 2
[    3.970420] random: fast init done
[    3.973893] ina2xx 3-0040: power monitor ina226 (Rshunt = 2000 uOhm)
[    3.980922] ina2xx 3-0041: power monitor ina226 (Rshunt = 5000 uOhm)
[    3.987945] ina2xx 3-0042: power monitor ina226 (Rshunt = 5000 uOhm)
[    3.994978] ina2xx 3-0043: power monitor ina226 (Rshunt = 5000 uOhm)
[    4.002005] ina2xx 3-0044: power monitor ina226 (Rshunt = 5000 uOhm)
[    4.009031] ina2xx 3-0045: power monitor ina226 (Rshunt = 5000 uOhm)
[    4.016066] ina2xx 3-0046: power monitor ina226 (Rshunt = 5000 uOhm)
[    4.023094] ina2xx 3-0047: power monitor ina226 (Rshunt = 5000 uOhm)
[    4.029494] i2c i2c-0: Added multiplexed i2c bus 3
[    4.085752] i2c i2c-0: Added multiplexed i2c bus 4
[    4.090696] i2c i2c-0: Added multiplexed i2c bus 5
[    4.095484] pca954x 0-0075: registered 4 multiplexed busses for I2C mux pca9544
[    4.102834] cdns-i2c ff020000.i2c: 400 kHz mmio ff020000 irq 32
[    4.110565] at24 6-0054: supply vcc not found, using dummy regulator
[    4.117462] at24 6-0054: 1024 byte 24c08 EEPROM, writable, 1 bytes/write
[    4.124213] i2c i2c-1: Added multiplexed i2c bus 6
[    4.130643] si5341 7-0036: Chip: 5341 Grade: 1 Rev: 1
[    4.168322] i2c i2c-1: Added multiplexed i2c bus 7
[    4.175972] si570 8-005d: registered, current frequency 300000000 Hz
[    4.182376] i2c i2c-1: Added multiplexed i2c bus 8
[    4.202153] si570 9-005d: registered, current frequency 148500000 Hz
[    4.208556] i2c i2c-1: Added multiplexed i2c bus 9
[    4.213595] si5324 10-0069: si5328 probed
[    4.280086] si5324 10-0069: si5328 probe successful
[    4.285011] i2c i2c-1: Added multiplexed i2c bus 10
[    4.290039] i2c i2c-1: Added multiplexed i2c bus 11
[    4.295066] i2c i2c-1: Added multiplexed i2c bus 12
[    4.300086] i2c i2c-1: Added multiplexed i2c bus 13
[    4.304958] pca954x 1-0074: registered 8 multiplexed busses for I2C switch pca9548
[    4.313071] at24 14-0050: supply vcc not found, using dummy regulator
[    4.319871] at24 14-0050: 256 byte 24c02 EEPROM, writable, 1 bytes/write
[    4.326618] i2c i2c-1: Added multiplexed i2c bus 14
[    4.331659] i2c i2c-1: Added multiplexed i2c bus 15
[    4.336692] i2c i2c-1: Added multiplexed i2c bus 16
[    4.341729] i2c i2c-1: Added multiplexed i2c bus 17
[    4.346760] i2c i2c-1: Added multiplexed i2c bus 18
[    4.351807] i2c i2c-1: Added multiplexed i2c bus 19
[    4.356844] i2c i2c-1: Added multiplexed i2c bus 20
[    4.361885] i2c i2c-1: Added multiplexed i2c bus 21
[    4.366759] pca954x 1-0075: registered 8 multiplexed busses for I2C switch pca9548
[    4.374368] cdns-i2c ff030000.i2c: 400 kHz mmio ff030000 irq 33
[    4.384128] cdns-wdt fd4d0000.watchdog: Xilinx Watchdog Timer with timeout 60s
[    4.395064] axi_adxcvr 84a60000.axi-adxcvr-rx: AXI-ADXCVR-RX (17.05.a) using CPLL on GTH4 at 0x84A60000. Number of lanes: 4.
[    4.407237] axi_adxcvr 84b60000.axi-adxcvr-tx: AXI-ADXCVR-TX (17.05.a) using QPLL on GTH4 at 0x84B60000. Number of lanes: 4.
[    4.418858] axi-jesd204-rx 84a90000.axi-jesd204-rx: AXI-JESD204-RX (1.07.a) at 0x84A90000. Encoder 8b10b, width 4/4, lanes 4, jesd204-fsm.
[    4.426148] mmc0: SDHCI controller on ff170000.mmc [ff170000.mmc] using ADMA 64-bit
[    4.431702] axi-jesd204-tx 84b90000.axi-jesd204-tx: AXI-JESD204-TX (1.06.a) at 0x84B90000. Encoder 8b10b, width 4/4, lanes 4, jesd204-fsm.
[    4.452421] zynqmp-display fd4a0000.display: vtc bridge property not present
[    4.462076] xilinx-dp-snd-codec fd4a0000.display:zynqmp_dp_snd_codec0: Failed to get required clock freq
[    4.471581] xilinx-dp-snd-codec: probe of fd4a0000.display:zynqmp_dp_snd_codec0 failed with error -22
[    4.473513] mmc0: new high speed SDHC card at address 0001
[    4.481120] xilinx-dp-snd-pcm zynqmp_dp_snd_pcm0: Xilinx DisplayPort Sound PCM probed
[    4.486635] mmcblk0: mmc0:0001 EB1QT 29.8 GiB 
[    4.494437] xilinx-dp-snd-pcm zynqmp_dp_snd_pcm1: Xilinx DisplayPort Sound PCM probed
[    4.499787]  mmcblk0: p1 p2 p3
[    4.506739] OF: graph: no port node found in /axi/display@fd4a0000
[    4.515808] xlnx-drm xlnx-drm.0: bound fd4a0000.display (ops 0xffffffc010fcbdb8)
[    5.599746] zynqmp-display fd4a0000.display: [drm] Cannot find any crtc or sizes
[    5.607359] [drm] Initialized xlnx 1.0.0 20130509 for fd4a0000.display on minor 0
[    5.614849] zynqmp-display fd4a0000.display: ZynqMP DisplayPort Subsystem driver probed
[    5.623176] ahci-ceva fd0c0000.ahci: supply ahci not found, using dummy regulator
[    5.630721] ahci-ceva fd0c0000.ahci: supply phy not found, using dummy regulator
[    5.638179] ahci-ceva fd0c0000.ahci: supply target not found, using dummy regulator
[    5.656076] ahci-ceva fd0c0000.ahci: AHCI 0001.0301 32 slots 2 ports 6 Gbps 0x3 impl platform mode
[    5.665038] ahci-ceva fd0c0000.ahci: flags: 64bit ncq sntf pm clo only pmp fbs pio slum part ccc sds apst 
[    5.675663] scsi host0: ahci-ceva
[    5.679258] scsi host1: ahci-ceva
[    5.682686] ata1: SATA max UDMA/133 mmio [mem 0xfd0c0000-0xfd0c1fff] port 0x100 irq 45
[    5.690595] ata2: SATA max UDMA/133 mmio [mem 0xfd0c0000-0xfd0c1fff] port 0x180 irq 45
[    5.699198] ad9081 spi1.0: supply vdd not found, using dummy regulator
[    6.009947] ata1: SATA link down (SStatus 0 SControl 330)
[    6.015367] ata2: SATA link down (SStatus 0 SControl 330)
[    6.683750] zynqmp-display fd4a0000.display: [drm] Cannot find any crtc or sizes
[    7.519625] ad9081 spi1.0: AD9081 Rev. 2 Grade 10 (API 1.2.2) probed
[    7.526815] xhci-hcd xhci-hcd.1.auto: xHCI Host Controller
[    7.532317] xhci-hcd xhci-hcd.1.auto: new USB bus registered, assigned bus number 1
[    7.540062] xhci-hcd xhci-hcd.1.auto: hcc params 0x0238f625 hci version 0x100 quirks 0x0000000002010810
[    7.549481] xhci-hcd xhci-hcd.1.auto: irq 59, io mem 0xfe200000
[    7.555596] usb usb1: New USB device found, idVendor=1d6b, idProduct=0002, bcdDevice= 5.10
[    7.563856] usb usb1: New USB device strings: Mfr=3, Product=2, SerialNumber=1
[    7.571073] usb usb1: Product: xHCI Host Controller
[    7.575941] usb usb1: Manufacturer: Linux 5.10.0-98103-g2aa7ac113716 xhci-hcd
[    7.583066] usb usb1: SerialNumber: xhci-hcd.1.auto
[    7.588238] hub 1-0:1.0: USB hub found
[    7.592003] hub 1-0:1.0: 1 port detected
[    7.596106] xhci-hcd xhci-hcd.1.auto: xHCI Host Controller
[    7.601589] xhci-hcd xhci-hcd.1.auto: new USB bus registered, assigned bus number 2
[    7.609242] xhci-hcd xhci-hcd.1.auto: Host supports USB 3.0 SuperSpeed
[    7.615864] usb usb2: New USB device found, idVendor=1d6b, idProduct=0003, bcdDevice= 5.10
[    7.624127] usb usb2: New USB device strings: Mfr=3, Product=2, SerialNumber=1
[    7.631346] usb usb2: Product: xHCI Host Controller
[    7.636217] usb usb2: Manufacturer: Linux 5.10.0-98103-g2aa7ac113716 xhci-hcd
[    7.643341] usb usb2: SerialNumber: xhci-hcd.1.auto
[    7.648451] hub 2-0:1.0: USB hub found
[    7.652212] hub 2-0:1.0: 1 port detected
[    7.682268] cf_axi_adc 84a10000.axi-ad9081-rx-hpc: ADI AIM (10.01.b) at 0x84A10000 mapped to 0x(____ptrval____), probed ADC AD9081 as MASTER
[    7.712571] cf_axi_dds 84b10000.axi-ad9081-tx-hpc: Analog Devices CF_AXI_DDS_DDS MASTER (9.01.b) at 0x84B10000 mapped to 0x(____ptrval____), probed DDS AD9081
[    7.726771] jesd204: /axi/spi@ff040000/ad9081@0,jesd204:0,parent=spi1.0: JESD204[2] transition initialized -> probed
[    7.737292] jesd204: /axi/spi@ff040000/ad9081@0,jesd204:0,parent=spi1.0: JESD204[0] transition initialized -> probed
[    7.747816] jesd204: /axi/spi@ff040000/ad9081@0,jesd204:0,parent=spi1.0: JESD204[2] transition probed -> idle
[    7.757723] jesd204: /axi/spi@ff040000/ad9081@0,jesd204:0,parent=spi1.0: JESD204[0] transition probed -> idle
[    7.767642] jesd204: /axi/spi@ff040000/ad9081@0,jesd204:0,parent=spi1.0: JESD204[2] transition idle -> device_init
[    7.777992] jesd204: /axi/spi@ff040000/ad9081@0,jesd204:0,parent=spi1.0: JESD204[0] transition idle -> device_init
[    7.788341] jesd204: /axi/spi@ff040000/ad9081@0,jesd204:0,parent=spi1.0: JESD204[2] transition device_init -> link_init
[    7.799119] jesd204: /axi/spi@ff040000/ad9081@0,jesd204:0,parent=spi1.0: JESD204[0] transition device_init -> link_init
[    7.809910] jesd204: /axi/spi@ff040000/ad9081@0,jesd204:0,parent=spi1.0: JESD204[2] transition link_init -> link_supported
[    7.820948] jesd204: /axi/spi@ff040000/ad9081@0,jesd204:0,parent=spi1.0: JESD204[0] transition link_init -> link_supported
[    7.832359] hmc7044 spi2.0: hmc7044_jesd204_link_pre_setup: Link2 forcing continuous SYSREF mode
[    7.841291] axi-jesd204-rx 84a90000.axi-jesd204-rx: axi_jesd204_rx_jesd204_link_pre_setup: Link2 set lane rate 13040000 kHz failed (-22)
[    7.853544] jesd204: /fpga-axi@0/axi-jesd204-rx@84a90000,jesd204:4,parent=84a90000.axi-jesd204-rx: JESD204[2] In link_pre_setup got error from cb: -22
[    7.867013] jesd204: /axi/spi@ff040000/ad9081@0,jesd204:0,parent=spi1.0: Rolling back from 'link_supported', got error -22
[    7.878058] jesd204: /axi/spi@ff040000/ad9081@0,jesd204:0,parent=spi1.0: JESD204[0] transition link_supported -> link_pre_setup
[    7.889528] jesd204: /axi/spi@ff040000/ad9081@0,jesd204:0,parent=spi1.0: JESD204[2] transition link_supported -> link_pre_setup
[    7.901007] jesd204: /axi/spi@ff040000/ad9081@0,jesd204:0,parent=spi1.0: JESD204[0] transition link_pre_setup -> link_supported
[    7.912485] jesd204: /axi/spi@ff040000/ad9081@0,jesd204:0,parent=spi1.0: JESD204[2] transition link_pre_setup -> link_supported
[    7.923965] jesd204: /axi/spi@ff040000/ad9081@0,jesd204:0,parent=spi1.0: JESD204[0] transition link_supported -> link_init
[    7.935002] jesd204: /axi/spi@ff040000/ad9081@0,jesd204:0,parent=spi1.0: JESD204[2] transition link_supported -> link_init
[    7.946050] jesd204: /axi/spi@ff040000/ad9081@0,jesd204:0,parent=spi1.0: JESD204[0] transition link_init -> device_init
[    7.956829] jesd204: /axi/spi@ff040000/ad9081@0,jesd204:0,parent=spi1.0: JESD204[2] transition link_init -> device_init
[    7.967608] jesd204: /axi/spi@ff040000/ad9081@0,jesd204:0,parent=spi1.0: JESD204[0] transition device_init -> idle
[    7.977952] jesd204: /axi/spi@ff040000/ad9081@0,jesd204:0,parent=spi1.0: JESD204[2] transition device_init -> idle
[    7.988303] jesd204: /axi/spi@ff040000/ad9081@0,jesd204:0,parent=spi1.0: JESD204[2] transition idle -> idle
[    7.998036] jesd204: /axi/spi@ff040000/ad9081@0,jesd204:0,parent=spi1.0: JESD204[0] transition idle -> idle
[    8.007779] jesd204: /axi/spi@ff040000/ad9081@0,jesd204:0,parent=spi1.0: JESD204[2] transition idle -> device_init
[    8.018123] jesd204: /axi/spi@ff040000/ad9081@0,jesd204:0,parent=spi1.0: JESD204[0] transition idle -> device_init
[    8.028472] jesd204: /axi/spi@ff040000/ad9081@0,jesd204:0,parent=spi1.0: JESD204[2] transition device_init -> link_init
[    8.039250] jesd204: /axi/spi@ff040000/ad9081@0,jesd204:0,parent=spi1.0: JESD204[0] transition device_init -> link_init
[    8.050038] jesd204: /axi/spi@ff040000/ad9081@0,jesd204:0,parent=spi1.0: JESD204[2] transition link_init -> link_supported
[    8.061080] jesd204: /axi/spi@ff040000/ad9081@0,jesd204:0,parent=spi1.0: JESD204[0] transition link_init -> link_supported
[    8.072311] axi-jesd204-rx 84a90000.axi-jesd204-rx: axi_jesd204_rx_jesd204_link_pre_setup: Link2 set lane rate 13040000 kHz failed (-22)
[    8.084571] jesd204: /fpga-axi@0/axi-jesd204-rx@84a90000,jesd204:4,parent=84a90000.axi-jesd204-rx: JESD204[2] In link_pre_setup got error from cb: -22
[    8.098040] jesd204: /axi/spi@ff040000/ad9081@0,jesd204:0,parent=spi1.0: Rolling back from 'link_supported', got error -22
[    8.109084] jesd204: /axi/spi@ff040000/ad9081@0,jesd204:0,parent=spi1.0: JESD204[0] transition link_supported -> link_pre_setup
[    8.120555] jesd204: /axi/spi@ff040000/ad9081@0,jesd204:0,parent=spi1.0: JESD204[2] transition link_supported -> link_pre_setup
[    8.132033] jesd204: /axi/spi@ff040000/ad9081@0,jesd204:0,parent=spi1.0: JESD204[0] transition link_pre_setup -> link_supported
[    8.143505] jesd204: /axi/spi@ff040000/ad9081@0,jesd204:0,parent=spi1.0: JESD204[2] transition link_pre_setup -> link_supported
[    8.154986] jesd204: /axi/spi@ff040000/ad9081@0,jesd204:0,parent=spi1.0: JESD204[0] transition link_supported -> link_init
[    8.166021] jesd204: /axi/spi@ff040000/ad9081@0,jesd204:0,parent=spi1.0: JESD204[2] transition link_supported -> link_init
[    8.177068] jesd204: /axi/spi@ff040000/ad9081@0,jesd204:0,parent=spi1.0: JESD204[0] transition link_init -> device_init
[    8.187844] jesd204: /axi/spi@ff040000/ad9081@0,jesd204:0,parent=spi1.0: JESD204[2] transition link_init -> device_init
[    8.198626] jesd204: /axi/spi@ff040000/ad9081@0,jesd204:0,parent=spi1.0: JESD204[0] transition device_init -> idle
[    8.208974] jesd204: /axi/spi@ff040000/ad9081@0,jesd204:0,parent=spi1.0: JESD204[2] transition device_init -> idle
[    8.219321] jesd204: /axi/spi@ff040000/ad9081@0,jesd204:0,parent=spi1.0: JESD204[2] transition idle -> idle
[    8.229056] jesd204: /axi/spi@ff040000/ad9081@0,jesd204:0,parent=spi1.0: JESD204[0] transition idle -> idle
[    8.238797] jesd204: /axi/spi@ff040000/ad9081@0,jesd204:0,parent=spi1.0: JESD204[2] transition idle -> device_init
[    8.249141] jesd204: /axi/spi@ff040000/ad9081@0,jesd204:0,parent=spi1.0: JESD204[0] transition idle -> device_init
[    8.259491] jesd204: /axi/spi@ff040000/ad9081@0,jesd204:0,parent=spi1.0: JESD204[2] transition device_init -> link_init
[    8.270268] jesd204: /axi/spi@ff040000/ad9081@0,jesd204:0,parent=spi1.0: JESD204[0] transition device_init -> link_init
[    8.281056] jesd204: /axi/spi@ff040000/ad9081@0,jesd204:0,parent=spi1.0: JESD204[2] transition link_init -> link_supported
[    8.292098] jesd204: /axi/spi@ff040000/ad9081@0,jesd204:0,parent=spi1.0: JESD204[0] transition link_init -> link_supported
[    8.303286] axi-jesd204-rx 84a90000.axi-jesd204-rx: axi_jesd204_rx_jesd204_link_pre_setup: Link2 set lane rate 13040000 kHz failed (-22)
[    8.315545] jesd204: /fpga-axi@0/axi-jesd204-rx@84a90000,jesd204:4,parent=84a90000.axi-jesd204-rx: JESD204[2] In link_pre_setup got error from cb: -22
[    8.329015] jesd204: /axi/spi@ff040000/ad9081@0,jesd204:0,parent=spi1.0: Rolling back from 'link_supported', got error -22
[    8.340059] jesd204: /axi/spi@ff040000/ad9081@0,jesd204:0,parent=spi1.0: JESD204[0] transition link_supported -> link_pre_setup
[    8.351530] jesd204: /axi/spi@ff040000/ad9081@0,jesd204:0,parent=spi1.0: JESD204[2] transition link_supported -> link_pre_setup
[    8.363008] jesd204: /axi/spi@ff040000/ad9081@0,jesd204:0,parent=spi1.0: JESD204[0] transition link_pre_setup -> link_supported
[    8.374482] jesd204: /axi/spi@ff040000/ad9081@0,jesd204:0,parent=spi1.0: JESD204[2] transition link_pre_setup -> link_supported
[    8.385957] jesd204: /axi/spi@ff040000/ad9081@0,jesd204:0,parent=spi1.0: JESD204[0] transition link_supported -> link_init
[    8.396995] jesd204: /axi/spi@ff040000/ad9081@0,jesd204:0,parent=spi1.0: JESD204[2] transition link_supported -> link_init
[    8.408042] jesd204: /axi/spi@ff040000/ad9081@0,jesd204:0,parent=spi1.0: JESD204[0] transition link_init -> device_init
[    8.418819] jesd204: /axi/spi@ff040000/ad9081@0,jesd204:0,parent=spi1.0: JESD204[2] transition link_init -> device_init
[    8.429601] jesd204: /axi/spi@ff040000/ad9081@0,jesd204:0,parent=spi1.0: JESD204[0] transition device_init -> idle
[    8.439944] jesd204: /axi/spi@ff040000/ad9081@0,jesd204:0,parent=spi1.0: JESD204[2] transition device_init -> idle
[    8.450297] jesd204: /axi/spi@ff040000/ad9081@0,jesd204:0,parent=spi1.0: JESD204[2] transition idle -> idle
[    8.460035] jesd204: /axi/spi@ff040000/ad9081@0,jesd204:0,parent=spi1.0: JESD204[0] transition idle -> idle
[    8.469772] jesd204: /axi/spi@ff040000/ad9081@0,jesd204:0,parent=spi1.0: JESD204[2] transition idle -> device_init
[    8.480116] jesd204: /axi/spi@ff040000/ad9081@0,jesd204:0,parent=spi1.0: JESD204[0] transition idle -> device_init
[    8.490466] jesd204: /axi/spi@ff040000/ad9081@0,jesd204:0,parent=spi1.0: JESD204[2] transition device_init -> link_init
[    8.501243] jesd204: /axi/spi@ff040000/ad9081@0,jesd204:0,parent=spi1.0: JESD204[0] transition device_init -> link_init
[    8.512031] jesd204: /axi/spi@ff040000/ad9081@0,jesd204:0,parent=spi1.0: JESD204[2] transition link_init -> link_supported
[    8.523073] jesd204: /axi/spi@ff040000/ad9081@0,jesd204:0,parent=spi1.0: JESD204[0] transition link_init -> link_supported
[    8.534262] axi-jesd204-rx 84a90000.axi-jesd204-rx: axi_jesd204_rx_jesd204_link_pre_setup: Link2 set lane rate 13040000 kHz failed (-22)
[    8.546520] jesd204: /fpga-axi@0/axi-jesd204-rx@84a90000,jesd204:4,parent=84a90000.axi-jesd204-rx: JESD204[2] In link_pre_setup got error from cb: -22
[    8.559989] jesd204: /axi/spi@ff040000/ad9081@0,jesd204:0,parent=spi1.0: Rolling back from 'link_supported', got error -22
[    8.571033] jesd204: /axi/spi@ff040000/ad9081@0,jesd204:0,parent=spi1.0: JESD204[0] transition link_supported -> link_pre_setup
[    8.582505] jesd204: /axi/spi@ff040000/ad9081@0,jesd204:0,parent=spi1.0: JESD204[2] transition link_supported -> link_pre_setup
[    8.593983] jesd204: /axi/spi@ff040000/ad9081@0,jesd204:0,parent=spi1.0: JESD204[0] transition link_pre_setup -> link_supported
[    8.605454] jesd204: /axi/spi@ff040000/ad9081@0,jesd204:0,parent=spi1.0: JESD204[2] transition link_pre_setup -> link_supported
[    8.616932] jesd204: /axi/spi@ff040000/ad9081@0,jesd204:0,parent=spi1.0: JESD204[0] transition link_supported -> link_init
[    8.627972] jesd204: /axi/spi@ff040000/ad9081@0,jesd204:0,parent=spi1.0: JESD204[2] transition link_supported -> link_init
[    8.639017] jesd204: /axi/spi@ff040000/ad9081@0,jesd204:0,parent=spi1.0: JESD204[0] transition link_init -> device_init
[    8.649793] jesd204: /axi/spi@ff040000/ad9081@0,jesd204:0,parent=spi1.0: JESD204[2] transition link_init -> device_init
[    8.660575] jesd204: /axi/spi@ff040000/ad9081@0,jesd204:0,parent=spi1.0: JESD204[0] transition device_init -> idle
[    8.670919] jesd204: /axi/spi@ff040000/ad9081@0,jesd204:0,parent=spi1.0: JESD204[2] transition device_init -> idle
[    8.681266] jesd204: /axi/spi@ff040000/ad9081@0,jesd204:0,parent=spi1.0: FSM completed with error -22
[    8.699679] input: gpio-keys as /devices/platform/gpio-keys/input/input0
[    8.706700] of_cfs_init
[    8.709162] of_cfs_init: OK
[    8.712104] cfg80211: Loading compiled-in X.509 certificates for regulatory database
[    8.850351] cfg80211: Loaded X.509 cert 'sforshee: 00b28ddf47aef9cea7'
[    8.856882] clk: Not disabling unused clocks
[    8.861412] ALSA device list:
[    8.864373]   No soundcards found.
[    8.868038] platform regulatory.0: Direct firmware load for regulatory.db failed with error -2
[    8.876645] cfg80211: failed to load regulatory.db
[    8.891158] EXT4-fs (mmcblk0p2): mounted filesystem with ordered data mode. Opts: (null)
[    8.899272] VFS: Mounted root (ext4 filesystem) on device 179:2.
[    8.912274] devtmpfs: mounted
[    8.916111] Freeing unused kernel memory: 2560K
[    8.935779] Run /sbin/init as init process
[    8.939876]   with arguments:
[    8.939879]     /sbin/init
[    8.939881]   with environment:
[    8.939884]     HOME=/
[    8.939886]     TERM=linux
[    9.503141] systemd[1]: systemd 241 running in system mode. (+PAM +AUDIT +SELINUX +IMA +APPARMOR +SMACK +SYSVINIT +UTMP +LIBCRYPTSETUP +GCRYPT +GNUTLS +ACL +XZ +LZ4 +SECCOMP +BLKID +ELFUTILS +KMOD -IDN2 +IDN -PCRE2 default-hierarchy=hybrid)
[    9.524996] systemd[1]: Detected architecture arm64.
[    9.548438] systemd[1]: Set hostname to <analog>.
[    9.723595] systemd[1]: File /lib/systemd/system/systemd-journald.service:12 configures an IP firewall (IPAddressDeny=any), but the local system does not support BPF/cgroup based firewalling.
[    9.740670] systemd[1]: Proceeding WITHOUT firewalling in effect! (This warning is only shown for the first loaded unit using IP firewalling.)
[    9.903828] systemd[1]: /etc/systemd/system/tof-server.service:1: Assignment outside of section. Ignoring.
[    9.913548] systemd[1]: /etc/systemd/system/tof-server.service:2: Assignment outside of section. Ignoring.
[   10.096518] random: systemd: uninitialized urandom read (16 bytes read)
[   10.111193] random: systemd: uninitialized urandom read (16 bytes read)
[   10.118137] systemd[1]: Listening on Syslog Socket.
[   10.131826] random: systemd: uninitialized urandom read (16 bytes read)
[   10.138838] systemd[1]: Created slice User and Session Slice.
[   10.159877] systemd[1]: Condition check resulted in Arbitrary Executable File Formats File System Automount Point being skipped.
[   10.788191] ------------[ cut here ]------------
[   10.788199] Enabling unprepared \xa0\xe9Q\x88\xff\xff\xffpQ\x88\xff\xff\xff
[   10.788246] WARNING: CPU: 3 PID: 27 at drivers/clk/clk.c:1012 clk_core_enable+0xa4/0xc0
[   10.788249] Modules linked in:
[   10.788260] CPU: 3 PID: 27 Comm: kworker/3:0H Not tainted 5.10.0-98103-g2aa7ac113716 #5577
[   10.788263] Hardware name: ZynqMP ZCU102 Rev1.0 (DT)
[   10.788272] Workqueue: kblockd blk_mq_run_work_fn
[   10.788280] pstate: 80000085 (Nzcv daIf -PAN -UAO -TCO BTYPE=--)
[   10.788285] pc : clk_core_enable+0xa4/0xc0
[   10.788290] lr : clk_core_enable+0xa4/0xc0
[   10.788293] sp : ffffffc01209b2d0
[   10.788296] x29: ffffffc01209b2d0 x28: ffffff8800330c10 
[   10.788303] x27: ffffff8800330d48 x26: 0000005000000101 
[   10.788310] x25: 000000027d15120e x24: 0000000000000001 
[   10.788316] x23: ffffff88010e9380 x22: ffffff8801083220 
[   10.788323] x21: ffffff8801517000 x20: ffffff8801517008 
[   10.788329] x19: ffffff8801517008 x18: 0000000000000030 
[   10.788336] x17: 0000254a9deb8818 x16: 0000000000000019 
[   10.788342] x15: ffffffffffff9c90 x14: ffffffc011d3b1a0 
[   10.788349] x13: ffffffc011d3b1c8 x12: 0000000000000672 
[   10.788355] x11: 0000000000000226 x10: ffffffc011d671c8 
[   10.788361] x9 : 00000000fffff800 x8 : ffffffc011d3b1c8 
[   10.788368] x7 : ffffffc011d671c8 x6 : 0000000000000001 
[   10.788374] x5 : ffffff887f7a89e0 x4 : 0000000000000000 
[   10.788380] x3 : 0000000000000027 x2 : 0000000000000023 
[   10.788387] x1 : e01b1d0e54791f00 x0 : 0000000000000000 
[   10.788393] Call trace:
[   10.788400]  clk_core_enable+0xa4/0xc0
[   10.788405]  clk_enable+0x2c/0x60
[   10.788411]  zynqmp_runtime_resume+0x24/0x84
[   10.788418]  pm_generic_runtime_resume+0x30/0x50
[   10.788423]  __genpd_runtime_resume+0x30/0xb0
[   10.788430]  genpd_runtime_resume+0x90/0x250
[   10.788436]  __rpm_callback+0x10c/0x1e0
[   10.788441]  rpm_callback+0x5c/0x84
[   10.788446]  rpm_resume+0x4a4/0x74c
[   10.788451]  __pm_runtime_resume+0x78/0xc4
[   10.788456]  spi_mem_access_start.isra.0+0x30/0x80
[   10.788460]  spi_mem_exec_op+0x3b0/0x424
[   10.788465]  spi_nor_read_sr+0x78/0xe0
[   10.788470]  spi_nor_wait_till_ready_with_timeout+0xb4/0x2f0
[   10.788475]  spi_nor_read+0x188/0x380
[   10.788480]  mtd_read_oob_std+0x78/0x84
[   10.788484]  mtd_read_oob+0x7c/0x134
[   10.788489]  mtd_read+0x48/0x7c
[   10.788494]  mtdblock_readsect+0x6c/0x150
[   10.788499]  mtd_queue_rq+0x2cc/0x5a0
[   10.788505]  blk_mq_dispatch_rq_list+0x110/0x790
[   10.788511]  __blk_mq_do_dispatch_sched+0x200/0x274
[   10.788517]  __blk_mq_sched_dispatch_requests+0x1a8/0x1fc
[   10.788522]  blk_mq_sched_dispatch_requests+0x3c/0x7c
[   10.788527]  __blk_mq_run_hw_queue+0x98/0x100
[   10.788532]  blk_mq_run_work_fn+0x24/0x30
[   10.788538]  process_one_work+0x1d4/0x380
[   10.788542]  worker_thread+0x78/0x4e0
[   10.788547]  kthread+0x124/0x130
[   10.788552]  ret_from_fork+0x10/0x3c
[   10.788556] ---[ end trace a082faab831ee792 ]---
[   10.788564] zynqmp-qspi ff0f0000.spi: Cannot enable APB clock.
[   10.788613] spi_master spi0: Failed to power device: -108
[   10.788624] blk_update_request: I/O error, dev mtdblock0, sector 8 op 0x0:(READ) flags 0x80700 phys_seg 1 prio class 0
[   10.788701] spi_master spi0: Failed to power device: -22
[   10.788708] blk_update_request: I/O error, dev mtdblock0, sector 8 op 0x0:(READ) flags 0x0 phys_seg 8 prio class 0
[   10.788713] Buffer I/O error on dev mtdblock0, logical block 8, async page read
[   10.788723] spi_master spi0: Failed to power device: -22
[   10.788729] blk_update_request: I/O error, dev mtdblock0, sector 9 op 0x0:(READ) flags 0x0 phys_seg 7 prio class 0
[   10.788732] Buffer I/O error on dev mtdblock0, logical block 9, async page read
[   10.788740] spi_master spi0: Failed to power device: -22
[   10.788745] blk_update_request: I/O error, dev mtdblock0, sector 10 op 0x0:(READ) flags 0x0 phys_seg 6 prio class 0
[   10.788749] Buffer I/O error on dev mtdblock0, logical block 10, async page read
[   10.788756] spi_master spi0: Failed to power device: -22
[   10.788762] blk_update_request: I/O error, dev mtdblock0, sector 11 op 0x0:(READ) flags 0x0 phys_seg 5 prio class 0
[   10.788765] Buffer I/O error on dev mtdblock0, logical block 11, async page read
[   10.788772] spi_master spi0: Failed to power device: -22
[   10.788778] blk_update_request: I/O error, dev mtdblock0, sector 12 op 0x0:(READ) flags 0x0 phys_seg 4 prio class 0
[   10.788782] Buffer I/O error on dev mtdblock0, logical block 12, async page read
[   10.788788] spi_master spi0: Failed to power device: -22
[   10.788794] blk_update_request: I/O error, dev mtdblock0, sector 13 op 0x0:(READ) flags 0x0 phys_seg 3 prio class 0
[   10.788798] Buffer I/O error on dev mtdblock0, logical block 13, async page read
[   10.788804] spi_master spi0: Failed to power device: -22
[   10.788810] blk_update_request: I/O error, dev mtdblock0, sector 14 op 0x0:(READ) flags 0x0 phys_seg 2 prio class 0
[   10.788814] Buffer I/O error on dev mtdblock0, logical block 14, async page read
[   10.788820] spi_master spi0: Failed to power device: -22
[   10.788826] blk_update_request: I/O error, dev mtdblock0, sector 15 op 0x0:(READ) flags 0x0 phys_seg 1 prio class 0
[   10.788830] Buffer I/O error on dev mtdblock0, logical block 15, async page read
[   10.789154] spi_master spi0: Failed to power device: -22
[   10.789161] blk_update_request: I/O error, dev mtdblock1, sector 10112 op 0x0:(READ) flags 0x80700 phys_seg 1 prio class 0
[   10.789204] spi_master spi0: Failed to power device: -22
[   10.789210] Buffer I/O error on dev mtdblock1, logical block 10112, async page read
[   10.789218] spi_master spi0: Failed to power device: -22
[   10.789223] Buffer I/O error on dev mtdblock1, logical block 10113, async page read
[   10.789230] spi_master spi0: Failed to power device: -22
[   10.789237] spi_master spi0: Failed to power device: -22
[   10.789245] spi_master spi0: Failed to power device: -22
[   10.789252] spi_master spi0: Failed to power device: -22
[   10.789259] spi_master spi0: Failed to power device: -22
[   10.789266] spi_master spi0: Failed to power device: -22
[   10.789501] spi_master spi0: Failed to power device: -22
[   10.789545] spi_master spi0: Failed to power device: -22
[   10.789555] spi_master spi0: Failed to power device: -22
[   10.789562] spi_master spi0: Failed to power device: -22
[   10.789570] spi_master spi0: Failed to power device: -22
[   10.789577] spi_master spi0: Failed to power device: -22
[   10.789584] spi_master spi0: Failed to power device: -22
[   10.789591] spi_master spi0: Failed to power device: -22
[   10.789599] spi_master spi0: Failed to power device: -22
[   10.789861] spi_master spi0: Failed to power device: -22
[   10.789905] spi_master spi0: Failed to power device: -22
[   10.789914] spi_master spi0: Failed to power device: -22
[   10.789921] spi_master spi0: Failed to power device: -22
[   10.789929] spi_master spi0: Failed to power device: -22
[   10.789936] spi_master spi0: Failed to power device: -22
[   10.789944] spi_master spi0: Failed to power device: -22
[   10.789951] spi_master spi0: Failed to power device: -22
[   10.789958] spi_master spi0: Failed to power device: -22
[   10.912942] EXT4-fs (mmcblk0p2): re-mounted. Opts: (null)
[   10.997308] systemd-journald[168]: Received request to flush runtime journal from PID 1
[   16.977105] macb ff0e0000.ethernet eth0: PHY [ff0e0000.ethernet-ffffffff:0c] driver [TI DP83867] (irq=POLL)
[   16.977118] macb ff0e0000.ethernet eth0: configuring for phy/rgmii-id link mode
[   17.215770] Adding 77820k swap on /var/swap.  Priority:-2 extents:1 across:77820k SS
[   18.931754] random: crng init done
[   18.931765] random: 7 urandom warning(s) missed due to ratelimiting
[   19.780108] broken atomic modeset userspace detected, disabling atomic
[   21.057369] macb ff0e0000.ethernet eth0: Link is Up - 1Gbps/Full - flow control off
[   21.057394] IPv6: ADDRCONF(NETDEV_CHANGE): eth0: link becomes ready
[   22.454385] broken atomic modeset userspace detected, disabling atomic
[   25.368451] broken atomic modeset userspace detected, disabling atomic
[   27.999297] broken atomic modeset userspace detected, disabling atomic