[    0.000000] Booting Linux on physical CPU 0x0000000000 [0x410fd034]
[    0.000000] Linux version 5.10.0-98103-g2aa7ac113716 (jenkins@romlxbuild1.adlk.analog.com) (aarch64-xilinx-linux-gcc.real (GCC) 10.2.0, GNU ld (GNU Binutils) 2.35.0.20200730) #5577 SMP Wed Mar 23 07:28:49 GMT 2022
[    0.000000] Machine model: ZynqMP ZCU102 Rev1.0
[    0.000000] earlycon: cdns0 at MMIO 0x00000000ff000000 (options '115200n8')
[    0.000000] printk: bootconsole [cdns0] enabled
[    0.000000] efi: UEFI not found.
[    0.000000] cma: Reserved 256 MiB at 0x0000000070000000
[    0.000000] Zone ranges:
[    0.000000]   DMA      [mem 0x0000000000000000-0x000000003fffffff]
[    0.000000]   DMA32    [mem 0x0000000040000000-0x00000000ffffffff]
[    0.000000]   Normal   [mem 0x0000000100000000-0x000000087fffffff]
[    0.000000] Movable zone start for each node
[    0.000000] Early memory node ranges
[    0.000000]   node   0: [mem 0x0000000000000000-0x000000007fffffff]
[    0.000000]   node   0: [mem 0x0000000800000000-0x000000087fffffff]
[    0.000000] Initmem setup node 0 [mem 0x0000000000000000-0x000000087fffffff]
[    0.000000] On node 0 totalpages: 1048576
[    0.000000]   DMA zone: 3584 pages used for memmap
[    0.000000]   DMA zone: 0 pages reserved
[    0.000000]   DMA zone: 262144 pages, LIFO batch:63
[    0.000000]   DMA32 zone: 3584 pages used for memmap
[    0.000000]   DMA32 zone: 262144 pages, LIFO batch:63
[    0.000000]   Normal zone: 7168 pages used for memmap
[    0.000000]   Normal zone: 524288 pages, LIFO batch:63
[    0.000000] psci: probing for conduit method from DT.
[    0.000000] psci: PSCIv1.1 detected in firmware.
[    0.000000] psci: Using standard PSCI v0.2 function IDs
[    0.000000] psci: MIGRATE_INFO_TYPE not supported.
[    0.000000] psci: SMC Calling Convention v1.2
[    0.000000] percpu: Embedded 22 pages/cpu s49496 r8192 d32424 u90112
[    0.000000] pcpu-alloc: s49496 r8192 d32424 u90112 alloc=22*4096
[    0.000000] pcpu-alloc: [0] 0 [0] 1 [0] 2 [0] 3 
[    0.000000] Detected VIPT I-cache on CPU0
[    0.000000] CPU features: detected: ARM erratum 845719
[    0.000000] Built 1 zonelists, mobility grouping on.  Total pages: 1034240
[    0.000000] Kernel command line: console=ttyPS0,115200 root=/dev/mmcblk0p2 rw earlycon rootfstype=ext4 rootwait clk_ignore_unused cpuidle.off=1 root=/dev/mmcblk0p2 rw rootwait
[    0.000000] Dentry cache hash table entries: 524288 (order: 10, 4194304 bytes, linear)
[    0.000000] Inode-cache hash table entries: 262144 (order: 9, 2097152 bytes, linear)
[    0.000000] mem auto-init: stack:off, heap alloc:off, heap free:off
[    0.000000] software IO TLB: mapped [mem 0x000000003bfff000-0x000000003ffff000] (64MB)
[    0.000000] Memory: 3761904K/4194304K available (15296K kernel code, 1636K rwdata, 11876K rodata, 2560K init, 507K bss, 170256K reserved, 262144K cma-reserved)
[    0.000000] rcu: Hierarchical RCU implementation.
[    0.000000] rcu: 	RCU event tracing is enabled.
[    0.000000] rcu: 	RCU restricting CPUs from NR_CPUS=8 to nr_cpu_ids=4.
[    0.000000] rcu: RCU calculated value of scheduler-enlistment delay is 25 jiffies.
[    0.000000] rcu: Adjusting geometry for rcu_fanout_leaf=16, nr_cpu_ids=4
[    0.000000] NR_IRQS: 64, nr_irqs: 64, preallocated irqs: 0
[    0.000000] GIC: Adjusting CPU interface base to 0x00000000f902f000
[    0.000000] GIC: Using split EOI/Deactivate mode
[    0.000000] random: get_random_bytes called from start_kernel+0x31c/0x54c with crng_init=0
[    0.000000] arch_timer: cp15 timer(s) running at 100.00MHz (phys).
[    0.000000] clocksource: arch_sys_counter: mask: 0xffffffffffffff max_cycles: 0x171024e7e0, max_idle_ns: 440795205315 ns
[    0.000003] sched_clock: 56 bits at 100MHz, resolution 10ns, wraps every 4398046511100ns
[    0.008462] Console: colour dummy device 80x25
[    0.012484] Calibrating delay loop (skipped), value calculated using timer frequency.. 200.00 BogoMIPS (lpj=400000)
[    0.022841] pid_max: default: 32768 minimum: 301
[    0.027549] Mount-cache hash table entries: 8192 (order: 4, 65536 bytes, linear)
[    0.034789] Mountpoint-cache hash table entries: 8192 (order: 4, 65536 bytes, linear)
[    0.043398] rcu: Hierarchical SRCU implementation.
[    0.047559] EFI services will not be available.
[    0.051939] smp: Bringing up secondary CPUs ...
[    0.056658] Detected VIPT I-cache on CPU1
[    0.056696] CPU1: Booted secondary processor 0x0000000001 [0x410fd034]
[    0.057062] Detected VIPT I-cache on CPU2
[    0.057086] CPU2: Booted secondary processor 0x0000000002 [0x410fd034]
[    0.057426] Detected VIPT I-cache on CPU3
[    0.057449] CPU3: Booted secondary processor 0x0000000003 [0x410fd034]
[    0.057495] smp: Brought up 1 node, 4 CPUs
[    0.091780] SMP: Total of 4 processors activated.
[    0.096452] CPU features: detected: 32-bit EL0 Support
[    0.101556] CPU features: detected: CRC32 instructions
[    0.106697] CPU: All CPU(s) started at EL2
[    0.110736] alternatives: patching kernel code
[    0.116168] devtmpfs: initialized
[    0.124065] Registered cp15_barrier emulation handler
[    0.124116] Registered setend emulation handler
[    0.128092] clocksource: jiffies: mask: 0xffffffff max_cycles: 0xffffffff, max_idle_ns: 7645041785100000 ns
[    0.137671] futex hash table entries: 1024 (order: 4, 65536 bytes, linear)
[    0.151029] pinctrl core: initialized pinctrl subsystem
[    0.151676] NET: Registered protocol family 16
[    0.156097] DMA: preallocated 512 KiB GFP_KERNEL pool for atomic allocations
[    0.162110] DMA: preallocated 512 KiB GFP_KERNEL|GFP_DMA pool for atomic allocations
[    0.169833] DMA: preallocated 512 KiB GFP_KERNEL|GFP_DMA32 pool for atomic allocations
[    0.177637] audit: initializing netlink subsys (disabled)
[    0.183089] audit: type=2000 audit(0.116:1): state=initialized audit_enabled=0 res=1
[    0.183430] hw-breakpoint: found 6 breakpoint and 4 watchpoint registers.
[    0.197464] ASID allocator initialised with 65536 entries
[    0.224347] HugeTLB registered 1.00 GiB page size, pre-allocated 0 pages
[    0.225403] HugeTLB registered 32.0 MiB page size, pre-allocated 0 pages
[    0.232074] HugeTLB registered 2.00 MiB page size, pre-allocated 0 pages
[    0.238739] HugeTLB registered 64.0 KiB page size, pre-allocated 0 pages
[    1.304315] DRBG: Continuing without Jitter RNG
[    1.382128] raid6: neonx8   gen()  2143 MB/s
[    1.450178] raid6: neonx8   xor()  1600 MB/s
[    1.518239] raid6: neonx4   gen()  2196 MB/s
[    1.586291] raid6: neonx4   xor()  1566 MB/s
[    1.654351] raid6: neonx2   gen()  2075 MB/s
[    1.722401] raid6: neonx2   xor()  1442 MB/s
[    1.790472] raid6: neonx1   gen()  1772 MB/s
[    1.858522] raid6: neonx1   xor()  1220 MB/s
[    1.926581] raid6: int64x8  gen()  1438 MB/s
[    1.994628] raid6: int64x8  xor()   771 MB/s
[    2.062700] raid6: int64x4  gen()  1598 MB/s
[    2.130754] raid6: int64x4  xor()   817 MB/s
[    2.198811] raid6: int64x2  gen()  1397 MB/s
[    2.266864] raid6: int64x2  xor()   750 MB/s
[    2.334948] raid6: int64x1  gen()  1034 MB/s
[    2.403002] raid6: int64x1  xor()   517 MB/s
[    2.403040] raid6: using algorithm neonx4 gen() 2196 MB/s
[    2.406996] raid6: .... xor() 1566 MB/s, rmw enabled
[    2.411927] raid6: using neon recovery algorithm
[    2.416937] iommu: Default domain type: Translated 
[    2.421550] SCSI subsystem initialized
[    2.425095] libata version 3.00 loaded.
[    2.425219] usbcore: registered new interface driver usbfs
[    2.430552] usbcore: registered new interface driver hub
[    2.435825] usbcore: registered new device driver usb
[    2.440957] mc: Linux media interface: v0.10
[    2.445075] videodev: Linux video capture interface: v2.00
[    2.450565] EDAC MC: Ver: 3.0.0
[    2.454008] zynqmp-ipi-mbox mailbox@ff990400: Registered ZynqMP IPI mbox with TX/RX channels.
[    2.462516] jesd204: created con: id=0, topo=0, link=0, /axi/spi@ff050000/hmc7044@0 <-> /fpga-axi@0/axi-adxcvr-tx@84b60000
[    2.473095] jesd204: created con: id=1, topo=0, link=2, /axi/spi@ff050000/hmc7044@0 <-> /fpga-axi@0/axi-adxcvr-rx@84a60000
[    2.484079] jesd204: created con: id=2, topo=0, link=0, /fpga-axi@0/axi-adxcvr-tx@84b60000 <-> /fpga-axi@0/axi-jesd204-tx@84b90000
[    2.495754] jesd204: created con: id=3, topo=0, link=2, /fpga-axi@0/axi-adxcvr-rx@84a60000 <-> /fpga-axi@0/axi-jesd204-rx@84a90000
[    2.507432] jesd204: created con: id=4, topo=0, link=0, /fpga-axi@0/axi-jesd204-tx@84b90000 <-> /fpga-axi@0/axi-ad9081-tx-hpc@84b10000
[    2.519459] jesd204: created con: id=5, topo=0, link=2, /fpga-axi@0/axi-jesd204-rx@84a90000 <-> /fpga-axi@0/axi-ad9081-rx-hpc@84a10000
[    2.531482] jesd204: created con: id=6, topo=0, link=2, /fpga-axi@0/axi-ad9081-rx-hpc@84a10000 <-> /axi/spi@ff040000/ad9081@0
[    2.542723] jesd204: created con: id=7, topo=0, link=0, /fpga-axi@0/axi-ad9081-tx-hpc@84b10000 <-> /axi/spi@ff040000/ad9081@0
[    2.553973] jesd204: /axi/spi@ff040000/ad9081@0: JESD204[2] transition uninitialized -> initialized
[    2.562960] jesd204: /axi/spi@ff040000/ad9081@0: JESD204[0] transition uninitialized -> initialized
[    2.571952] jesd204: found 8 devices and 1 topologies
[    2.576996] FPGA manager framework
[    2.580472] Advanced Linux Sound Architecture Driver Initialized.
[    2.586767] Bluetooth: Core ver 2.22
[    2.589955] NET: Registered protocol family 31
[    2.594356] Bluetooth: HCI device and connection manager initialized
[    2.600672] Bluetooth: HCI socket layer initialized
[    2.605514] Bluetooth: L2CAP socket layer initialized
[    2.610538] Bluetooth: SCO socket layer initialized
[    2.615722] clocksource: Switched to clocksource arch_sys_counter
[    2.621531] VFS: Disk quotas dquot_6.6.0
[    2.625365] VFS: Dquot-cache hash table entries: 512 (order 0, 4096 bytes)
[    2.636083] NET: Registered protocol family 2
[    2.636809] tcp_listen_portaddr_hash hash table entries: 2048 (order: 3, 32768 bytes, linear)
[    2.645006] TCP established hash table entries: 32768 (order: 6, 262144 bytes, linear)
[    2.653031] TCP bind hash table entries: 32768 (order: 7, 524288 bytes, linear)
[    2.660476] TCP: Hash tables configured (established 32768 bind 32768)
[    2.666650] UDP hash table entries: 2048 (order: 4, 65536 bytes, linear)
[    2.673316] UDP-Lite hash table entries: 2048 (order: 4, 65536 bytes, linear)
[    2.680477] NET: Registered protocol family 1
[    2.684932] RPC: Registered named UNIX socket transport module.
[    2.690553] RPC: Registered udp transport module.
[    2.695217] RPC: Registered tcp transport module.
[    2.699887] RPC: Registered tcp NFSv4.1 backchannel transport module.
[    2.706879] PCI: CLS 0 bytes, default 64
[    2.710581] hw perfevents: no interrupt-affinity property for /pmu, guessing.
[    2.717439] hw perfevents: enabled with armv8_pmuv3 PMU driver, 7 counters available
[    2.725794] Initialise system trusted keyrings
[    2.729466] workingset: timestamp_bits=62 max_order=20 bucket_order=0
[    2.736368] NFS: Registering the id_resolver key type
[    2.740817] Key type id_resolver registered
[    2.744955] Key type id_legacy registered
[    2.748945] nfs4filelayout_init: NFSv4 File Layout Driver Registering...
[    2.755610] jffs2: version 2.2. (NAND) (SUMMARY)  Â© 2001-2006 Red Hat, Inc.
[    2.799054] NET: Registered protocol family 38
[    2.799096] xor: measuring software checksum speed
[    2.806782]    8regs           :  2363 MB/sec
[    2.810450]    32regs          :  2799 MB/sec
[    2.815393]    arm64_neon      :  2380 MB/sec
[    2.815583] xor: using function: 32regs (2799 MB/sec)
[    2.820609] Key type asymmetric registered
[    2.824670] Asymmetric key parser 'x509' registered
[    2.829531] Block layer SCSI generic (bsg) driver version 0.4 loaded (major 248)
[    2.836868] io scheduler mq-deadline registered
[    2.841364] io scheduler kyber registered
[    2.870750] Serial: 8250/16550 driver, 4 ports, IRQ sharing disabled
[    2.875389] cacheinfo: Unable to detect cache hierarchy for CPU 0
[    2.881726] brd: module loaded
[    2.885867] loop: module loaded
[    2.886416] Registered mathworks_ip class
[    2.889769] libphy: Fixed MDIO Bus: probed
[    2.892737] tun: Universal TUN/TAP device driver, 1.6
[    2.896804] CAN device driver interface
[    2.901338] usbcore: registered new interface driver asix
[    2.905937] usbcore: registered new interface driver ax88179_178a
[    2.911970] usbcore: registered new interface driver cdc_ether
[    2.917763] usbcore: registered new interface driver net1080
[    2.923388] usbcore: registered new interface driver cdc_subset
[    2.929269] usbcore: registered new interface driver zaurus
[    2.934811] usbcore: registered new interface driver cdc_ncm
[    2.941214] ehci_hcd: USB 2.0 'Enhanced' Host Controller (EHCI) Driver
[    2.946898] ehci-pci: EHCI PCI platform driver
[    2.951694] usbcore: registered new interface driver uas
[    2.956613] usbcore: registered new interface driver usb-storage
[    2.962601] usbcore: registered new interface driver usbserial_generic
[    2.969052] usbserial: USB Serial support registered for generic
[    2.975025] usbcore: registered new interface driver ftdi_sio
[    2.980728] usbserial: USB Serial support registered for FTDI USB Serial Device
[    2.988005] usbcore: registered new interface driver upd78f0730
[    2.993876] usbserial: USB Serial support registered for upd78f0730
[    3.001532] rtc_zynqmp ffa60000.rtc: registered as rtc0
[    3.005301] rtc_zynqmp ffa60000.rtc: setting system clock to 2022-03-25T23:40:17 UTC (1648251617)
[    3.014164] i2c /dev entries driver
[    3.019470] usbcore: registered new interface driver uvcvideo
[    3.023277] USB Video Class driver (1.1.1)
[    3.028853] Bluetooth: HCI UART driver ver 2.3
[    3.031759] Bluetooth: HCI UART protocol H4 registered
[    3.036857] Bluetooth: HCI UART protocol BCSP registered
[    3.042145] Bluetooth: HCI UART protocol LL registered
[    3.047236] Bluetooth: HCI UART protocol ATH3K registered
[    3.052610] Bluetooth: HCI UART protocol Three-wire (H5) registered
[    3.058863] Bluetooth: HCI UART protocol Intel registered
[    3.064201] Bluetooth: HCI UART protocol QCA registered
[    3.069405] usbcore: registered new interface driver bcm203x
[    3.075023] usbcore: registered new interface driver bpa10x
[    3.080558] usbcore: registered new interface driver bfusb
[    3.086012] usbcore: registered new interface driver btusb
[    3.091472] usbcore: registered new interface driver ath3k
[    3.096955] EDAC MC: ECC not enabled
[    3.100583] EDAC DEVICE0: Giving out device to module zynqmp-ocm-edac controller zynqmp_ocm: DEV ff960000.memory-controller (INTERRUPT)
[    3.112893] sdhci: Secure Digital Host Controller Interface driver
[    3.118686] sdhci: Copyright(c) Pierre Ossman
[    3.123008] sdhci-pltfm: SDHCI platform and OF driver helper
[    3.129065] ledtrig-cpu: registered to indicate activity on CPUs
[    3.134613] SMCCC: SOC_ID: ARCH_SOC_ID not implemented, skipping ....
[    3.141043] zynqmp_firmware_probe Platform Management API v1.1
[    3.146800] zynqmp_firmware_probe Trustzone version v1.0
[    3.186348] zynqmp-pinctrl firmware:zynqmp-firmware:pinctrl: zynqmp pinctrl initialized
[    3.234356] zynqmp-aes firmware:zynqmp-firmware:zynqmp-aes: will run requests pump with realtime priority
[    3.250182] alg: No test for xilinx-keccak-384 (zynqmp-keccak-384)
[    3.250889] alg: No test for xilinx-zynqmp-rsa (zynqmp-rsa)
[    3.256398] usbcore: registered new interface driver usbhid
[    3.261793] usbhid: USB HID core driver
[    3.273038] axi_sysid 85000000.axi-sysid-0: AXI System ID core version (1.01.a) found
[    3.275382] axi_sysid 85000000.axi-sysid-0: [ad9081_fmca_ebz] on [zcu102] git branch <master> git <084d44c9780640ca93fd847b1d9ec70dd65f5c67> clean [2022-03-18 04:17:50] UTC
[    3.291069] fpga_manager fpga0: Xilinx ZynqMP FPGA Manager registered
[    3.297424] usbcore: registered new interface driver snd-usb-audio
[    3.304875] pktgen: Packet Generator for packet performance testing. Version: 2.75
[    3.311058] Initializing XFRM netlink socket
[    3.314912] NET: Registered protocol family 10
[    3.319630] Segment Routing with IPv6
[    3.323012] sit: IPv6, IPv4 and MPLS over IPv4 tunneling driver
[    3.329081] NET: Registered protocol family 17
[    3.333186] NET: Registered protocol family 15
[    3.337679] can: controller area network core
[    3.341935] NET: Registered protocol family 29
[    3.346323] can: raw protocol
[    3.349259] can: broadcast manager protocol
[    3.353415] can: netlink gateway - max_hops=1
[    3.357808] Bluetooth: RFCOMM TTY layer initialized
[    3.362589] Bluetooth: RFCOMM socket layer initialized
[    3.367699] Bluetooth: RFCOMM ver 1.11
[    3.371407] Bluetooth: BNEP (Ethernet Emulation) ver 1.3
[    3.376678] Bluetooth: BNEP filters: protocol multicast
[    3.381872] Bluetooth: BNEP socket layer initialized
[    3.386799] Bluetooth: HIDP (Human Interface Emulation) ver 1.2
[    3.392683] Bluetooth: HIDP socket layer initialized
[    3.397740] 9pnet: Installing 9P2000 support
[    3.401860] NET: Registered protocol family 36
[    3.406277] Key type dns_resolver registered
[    3.410708] registered taskstats version 1
[    3.414573] Loading compiled-in X.509 certificates
[    3.419690] Btrfs loaded, crc32c=crc32c-generic
[    3.432086] ff000000.serial: ttyPS0 at MMIO 0xff000000 (irq = 49, base_baud = 6249999) is a xuartps
[    3.441107] printk: console [ttyPS0] enabled
[    3.445402] printk: bootconsole [cdns0] disabled
[    3.455030] ff010000.serial: ttyPS1 at MMIO 0xff010000 (irq = 50, base_baud = 6249999) is a xuartps
[    3.468282] of-fpga-region fpga-full: FPGA Region probed
[    3.475240] nwl-pcie fd0e0000.pcie: host bridge /axi/pcie@fd0e0000 ranges:
[    3.482132] nwl-pcie fd0e0000.pcie:      MEM 0x00e0000000..0x00efffffff -> 0x00e0000000
[    3.490139] nwl-pcie fd0e0000.pcie:      MEM 0x0600000000..0x07ffffffff -> 0x0600000000
[    3.498204] nwl-pcie fd0e0000.pcie: Link is DOWN
[    3.502960] nwl-pcie fd0e0000.pcie: PCI host bridge to bus 0000:00
[    3.509140] pci_bus 0000:00: root bus resource [bus 00-ff]
[    3.514621] pci_bus 0000:00: root bus resource [mem 0xe0000000-0xefffffff]
[    3.521491] pci_bus 0000:00: root bus resource [mem 0x600000000-0x7ffffffff pref]
[    3.528994] pci 0000:00:00.0: [10ee:d021] type 01 class 0x060400
[    3.535050] pci 0000:00:00.0: PME# supported from D0 D1 D2 D3hot
[    3.545500] pci 0000:00:00.0: PCI bridge to [bus 01-0c]
[    3.551476] xilinx-zynqmp-dma fd500000.dma: ZynqMP DMA driver Probe success
[    3.558647] xilinx-zynqmp-dma fd510000.dma: ZynqMP DMA driver Probe success
[    3.565817] xilinx-zynqmp-dma fd520000.dma: ZynqMP DMA driver Probe success
[    3.572982] xilinx-zynqmp-dma fd530000.dma: ZynqMP DMA driver Probe success
[    3.580149] xilinx-zynqmp-dma fd540000.dma: ZynqMP DMA driver Probe success
[    3.587319] xilinx-zynqmp-dma fd550000.dma: ZynqMP DMA driver Probe success
[    3.594489] xilinx-zynqmp-dma fd560000.dma: ZynqMP DMA driver Probe success
[    3.601659] xilinx-zynqmp-dma fd570000.dma: ZynqMP DMA driver Probe success
[    3.609056] xilinx-zynqmp-dpdma fd4c0000.dma-controller: Xilinx DPDMA engine is probed
[    3.617612] ahci-ceva fd0c0000.ahci: supply ahci not found, using dummy regulator
[    3.625154] ahci-ceva fd0c0000.ahci: supply phy not found, using dummy regulator
[    3.715890] hmc7044 spi2.0: PLL1: Acquisition, CLKIN0 @ 122880000 Hz, PFD: 80 kHz - PLL2: Locked @ 3048.000000 MHz
[    3.726605] jesd204: /axi/spi@ff050000/hmc7044@0,jesd204:1,parent=spi2.0: Using as SYSREF provider
[    3.736197] spi-nor spi0.0: SPI-NOR-UniqueID 100000235394732200270025081115266e
[    3.743508] spi-nor spi0.0: found n25q512a, expected m25p80
[    3.749701] spi-nor spi0.0: trying to lock already unlocked area
[    3.755701] spi-nor spi0.0: n25q512a (131072 Kbytes)
[    3.760679] 4 fixed-partitions partitions found on MTD device spi0.0
[    3.767024] Creating 4 MTD partitions on "spi0.0":
[    3.771810] 0x000000000000-0x000000100000 : "qspi-fsbl-uboot"
[    3.778298] 0x000000100000-0x000000600000 : "qspi-linux"
[    3.784259] 0x000000600000-0x000000620000 : "qspi-device-tree"
[    3.790734] 0x000000620000-0x000000c00000 : "qspi-rootfs"
[    3.799210] macb ff0e0000.ethernet: Not enabling partial store and forward
[    3.806736] libphy: MACB_mii_bus: probed
[    3.811817] macb ff0e0000.ethernet eth0: Cadence GEM rev 0x50070106 at 0xff0e0000 irq 30 (00:0a:35:04:8e:1b)
[    3.822030] xilinx-axipmon ffa00000.perf-monitor: Probed Xilinx APM
[    3.828604] xilinx-axipmon fd0b0000.perf-monitor: Probed Xilinx APM
[    3.835126] xilinx-axipmon fd490000.perf-monitor: Probed Xilinx APM
[    3.841668] xilinx-axipmon ffa10000.perf-monitor: Probed Xilinx APM
[    3.851662] pca953x 0-0020: supply vcc not found, using dummy regulator
[    3.858344] pca953x 0-0020: using no AI
[    3.862834] gpio-496 (sel0): hogged as output/low
[    3.867733] gpio-497 (sel1): hogged as output/high
[    3.872714] gpio-498 (sel2): hogged as output/high
[    3.877698] gpio-499 (sel3): hogged as output/high
[    3.882880] pca953x 0-0021: supply vcc not found, using dummy regulator
[    3.889553] pca953x 0-0021: using no AI
[    3.895309] ina2xx 2-0040: power monitor ina226 (Rshunt = 5000 uOhm)
[    3.902332] ina2xx 2-0041: power monitor ina226 (Rshunt = 5000 uOhm)
[    3.909368] ina2xx 2-0042: power monitor ina226 (Rshunt = 5000 uOhm)
[    3.916397] ina2xx 2-0043: power monitor ina226 (Rshunt = 5000 uOhm)
[    3.923420] ina2xx 2-0044: power monitor ina226 (Rshunt = 5000 uOhm)
[    3.930442] ina2xx 2-0045: power monitor ina226 (Rshunt = 5000 uOhm)
[    3.937472] ina2xx 2-0046: power monitor ina226 (Rshunt = 5000 uOhm)
[    3.944549] ina2xx 2-0047: power monitor ina226 (Rshunt = 5000 uOhm)
[    3.951575] ina2xx 2-004a: power monitor ina226 (Rshunt = 5000 uOhm)
[    3.958615] ina2xx 2-004b: power monitor ina226 (Rshunt = 5000 uOhm)
[    3.965024] i2c i2c-0: Added multiplexed i2c bus 2
[    3.970412] random: fast init done
[    3.973883] ina2xx 3-0040: power monitor ina226 (Rshunt = 2000 uOhm)
[    3.980909] ina2xx 3-0041: power monitor ina226 (Rshunt = 5000 uOhm)
[    3.987937] ina2xx 3-0042: power monitor ina226 (Rshunt = 5000 uOhm)
[    3.994970] ina2xx 3-0043: power monitor ina226 (Rshunt = 5000 uOhm)
[    4.001995] ina2xx 3-0044: power monitor ina226 (Rshunt = 5000 uOhm)
[    4.009020] ina2xx 3-0045: power monitor ina226 (Rshunt = 5000 uOhm)
[    4.016055] ina2xx 3-0046: power monitor ina226 (Rshunt = 5000 uOhm)
[    4.023084] ina2xx 3-0047: power monitor ina226 (Rshunt = 5000 uOhm)
[    4.029484] i2c i2c-0: Added multiplexed i2c bus 3
[    4.085194] i2c i2c-0: Added multiplexed i2c bus 4
[    4.090139] i2c i2c-0: Added multiplexed i2c bus 5
[    4.094926] pca954x 0-0075: registered 4 multiplexed busses for I2C mux pca9544
[    4.102276] cdns-i2c ff020000.i2c: 400 kHz mmio ff020000 irq 32
[    4.110010] at24 6-0054: supply vcc not found, using dummy regulator
[    4.116914] at24 6-0054: 1024 byte 24c08 EEPROM, writable, 1 bytes/write
[    4.123662] i2c i2c-1: Added multiplexed i2c bus 6
[    4.130091] si5341 7-0036: Chip: 5341 Grade: 1 Rev: 1
[    4.167830] i2c i2c-1: Added multiplexed i2c bus 7
[    4.175483] si570 8-005d: registered, current frequency 300000000 Hz
[    4.181888] i2c i2c-1: Added multiplexed i2c bus 8
[    4.201667] si570 9-005d: registered, current frequency 148500000 Hz
[    4.208068] i2c i2c-1: Added multiplexed i2c bus 9
[    4.213105] si5324 10-0069: si5328 probed
[    4.280088] si5324 10-0069: si5328 probe successful
[    4.285018] i2c i2c-1: Added multiplexed i2c bus 10
[    4.290045] i2c i2c-1: Added multiplexed i2c bus 11
[    4.295071] i2c i2c-1: Added multiplexed i2c bus 12
[    4.300092] i2c i2c-1: Added multiplexed i2c bus 13
[    4.304965] pca954x 1-0074: registered 8 multiplexed busses for I2C switch pca9548
[    4.313074] at24 14-0050: supply vcc not found, using dummy regulator
[    4.319862] at24 14-0050: 256 byte 24c02 EEPROM, writable, 1 bytes/write
[    4.326609] i2c i2c-1: Added multiplexed i2c bus 14
[    4.331650] i2c i2c-1: Added multiplexed i2c bus 15
[    4.336682] i2c i2c-1: Added multiplexed i2c bus 16
[    4.341718] i2c i2c-1: Added multiplexed i2c bus 17
[    4.346750] i2c i2c-1: Added multiplexed i2c bus 18
[    4.351795] i2c i2c-1: Added multiplexed i2c bus 19
[    4.356833] i2c i2c-1: Added multiplexed i2c bus 20
[    4.361866] i2c i2c-1: Added multiplexed i2c bus 21
[    4.366740] pca954x 1-0075: registered 8 multiplexed busses for I2C switch pca9548
[    4.374349] cdns-i2c ff030000.i2c: 400 kHz mmio ff030000 irq 33
[    4.384107] cdns-wdt fd4d0000.watchdog: Xilinx Watchdog Timer with timeout 60s
[    4.394894] axi_adxcvr 84a60000.axi-adxcvr-rx: AXI-ADXCVR-RX (17.05.a) using CPLL on GTH4 at 0x84A60000. Number of lanes: 4.
[    4.407071] axi_adxcvr 84b60000.axi-adxcvr-tx: AXI-ADXCVR-TX (17.05.a) using QPLL on GTH4 at 0x84B60000. Number of lanes: 4.
[    4.418694] axi-jesd204-rx 84a90000.axi-jesd204-rx: AXI-JESD204-RX (1.07.a) at 0x84A90000. Encoder 8b10b, width 4/4, lanes 4, jesd204-fsm.
[    4.426211] mmc0: SDHCI controller on ff170000.mmc [ff170000.mmc] using ADMA 64-bit
[    4.431535] axi-jesd204-tx 84b90000.axi-jesd204-tx: AXI-JESD204-TX (1.06.a) at 0x84B90000. Encoder 8b10b, width 4/4, lanes 4, jesd204-fsm.
[    4.452252] zynqmp-display fd4a0000.display: vtc bridge property not present
[    4.461917] xilinx-dp-snd-codec fd4a0000.display:zynqmp_dp_snd_codec0: Failed to get required clock freq
[    4.471422] xilinx-dp-snd-codec: probe of fd4a0000.display:zynqmp_dp_snd_codec0 failed with error -22
[    4.473503] mmc0: new high speed SDHC card at address 0001
[    4.480961] xilinx-dp-snd-pcm zynqmp_dp_snd_pcm0: Xilinx DisplayPort Sound PCM probed
[    4.486476] mmcblk0: mmc0:0001 EB1QT 29.8 GiB 
[    4.494278] xilinx-dp-snd-pcm zynqmp_dp_snd_pcm1: Xilinx DisplayPort Sound PCM probed
[    4.499622]  mmcblk0: p1 p2 p3
[    4.506580] OF: graph: no port node found in /axi/display@fd4a0000
[    4.515650] xlnx-drm xlnx-drm.0: bound fd4a0000.display (ops 0xffffffc010fcbdb8)
[    5.599737] zynqmp-display fd4a0000.display: [drm] Cannot find any crtc or sizes
[    5.607349] [drm] Initialized xlnx 1.0.0 20130509 for fd4a0000.display on minor 0
[    5.614840] zynqmp-display fd4a0000.display: ZynqMP DisplayPort Subsystem driver probed
[    5.623163] ahci-ceva fd0c0000.ahci: supply ahci not found, using dummy regulator
[    5.630710] ahci-ceva fd0c0000.ahci: supply phy not found, using dummy regulator
[    5.638161] ahci-ceva fd0c0000.ahci: supply target not found, using dummy regulator
[    5.645999] ahci-ceva fd0c0000.ahci: AHCI 0001.0301 32 slots 2 ports 6 Gbps 0x3 impl platform mode
[    5.654955] ahci-ceva fd0c0000.ahci: flags: 64bit ncq sntf pm clo only pmp fbs pio slum part ccc sds apst 
[    5.665651] scsi host0: ahci-ceva
[    5.669247] scsi host1: ahci-ceva
[    5.672675] ata1: SATA max UDMA/133 mmio [mem 0xfd0c0000-0xfd0c1fff] port 0x100 irq 45
[    5.680586] ata2: SATA max UDMA/133 mmio [mem 0xfd0c0000-0xfd0c1fff] port 0x180 irq 45
[    5.689183] ad9081 spi1.0: supply vdd not found, using dummy regulator
[    6.001973] ata1: SATA link down (SStatus 0 SControl 330)
[    6.007394] ata2: SATA link down (SStatus 0 SControl 330)
[    6.683739] zynqmp-display fd4a0000.display: [drm] Cannot find any crtc or sizes
[    7.528099] ad9081 spi1.0: AD9081 Rev. 2 Grade 10 (API 1.2.2) probed
[    7.535293] xhci-hcd xhci-hcd.1.auto: xHCI Host Controller
[    7.540787] xhci-hcd xhci-hcd.1.auto: new USB bus registered, assigned bus number 1
[    7.548531] xhci-hcd xhci-hcd.1.auto: hcc params 0x0238f625 hci version 0x100 quirks 0x0000000002010810
[    7.557953] xhci-hcd xhci-hcd.1.auto: irq 59, io mem 0xfe200000
[    7.564065] usb usb1: New USB device found, idVendor=1d6b, idProduct=0002, bcdDevice= 5.10
[    7.572324] usb usb1: New USB device strings: Mfr=3, Product=2, SerialNumber=1
[    7.579543] usb usb1: Product: xHCI Host Controller
[    7.584411] usb usb1: Manufacturer: Linux 5.10.0-98103-g2aa7ac113716 xhci-hcd
[    7.591536] usb usb1: SerialNumber: xhci-hcd.1.auto
[    7.596707] hub 1-0:1.0: USB hub found
[    7.600473] hub 1-0:1.0: 1 port detected
[    7.604576] xhci-hcd xhci-hcd.1.auto: xHCI Host Controller
[    7.610059] xhci-hcd xhci-hcd.1.auto: new USB bus registered, assigned bus number 2
[    7.617712] xhci-hcd xhci-hcd.1.auto: Host supports USB 3.0 SuperSpeed
[    7.624334] usb usb2: New USB device found, idVendor=1d6b, idProduct=0003, bcdDevice= 5.10
[    7.632597] usb usb2: New USB device strings: Mfr=3, Product=2, SerialNumber=1
[    7.639817] usb usb2: Product: xHCI Host Controller
[    7.644686] usb usb2: Manufacturer: Linux 5.10.0-98103-g2aa7ac113716 xhci-hcd
[    7.651815] usb usb2: SerialNumber: xhci-hcd.1.auto
[    7.656919] hub 2-0:1.0: USB hub found
[    7.660681] hub 2-0:1.0: 1 port detected
[    7.690722] cf_axi_adc 84a10000.axi-ad9081-rx-hpc: ADI AIM (10.01.b) at 0x84A10000 mapped to 0x(____ptrval____), probed ADC AD9081 as MASTER
[    7.724563] cf_axi_dds 84b10000.axi-ad9081-tx-hpc: Analog Devices CF_AXI_DDS_DDS MASTER (9.01.b) at 0x84B10000 mapped to 0x(____ptrval____), probed DDS AD9081
[    7.738766] jesd204: /axi/spi@ff040000/ad9081@0,jesd204:0,parent=spi1.0: JESD204[2] transition initialized -> probed
[    7.749286] jesd204: /axi/spi@ff040000/ad9081@0,jesd204:0,parent=spi1.0: JESD204[0] transition initialized -> probed
[    7.759810] jesd204: /axi/spi@ff040000/ad9081@0,jesd204:0,parent=spi1.0: JESD204[2] transition probed -> idle
[    7.769718] jesd204: /axi/spi@ff040000/ad9081@0,jesd204:0,parent=spi1.0: JESD204[0] transition probed -> idle
[    7.779633] jesd204: /axi/spi@ff040000/ad9081@0,jesd204:0,parent=spi1.0: JESD204[2] transition idle -> device_init
[    7.789976] jesd204: /axi/spi@ff040000/ad9081@0,jesd204:0,parent=spi1.0: JESD204[0] transition idle -> device_init
[    7.800330] jesd204: /axi/spi@ff040000/ad9081@0,jesd204:0,parent=spi1.0: JESD204[2] transition device_init -> link_init
[    7.811113] jesd204: /axi/spi@ff040000/ad9081@0,jesd204:0,parent=spi1.0: JESD204[0] transition device_init -> link_init
[    7.821903] jesd204: /axi/spi@ff040000/ad9081@0,jesd204:0,parent=spi1.0: JESD204[2] transition link_init -> link_supported
[    7.832942] jesd204: /axi/spi@ff040000/ad9081@0,jesd204:0,parent=spi1.0: JESD204[0] transition link_init -> link_supported
[    7.844354] hmc7044 spi2.0: hmc7044_jesd204_link_pre_setup: Link2 forcing continuous SYSREF mode
[    7.853536] jesd204: /axi/spi@ff040000/ad9081@0,jesd204:0,parent=spi1.0: JESD204[2] transition link_supported -> link_pre_setup
[    7.865009] jesd204: /axi/spi@ff040000/ad9081@0,jesd204:0,parent=spi1.0: JESD204[0] transition link_supported -> link_pre_setup
[    7.888850] jesd204: /axi/spi@ff040000/ad9081@0,jesd204:0,parent=spi1.0: JESD204[2] transition link_pre_setup -> clk_sync_stage1
[    7.900414] jesd204: /axi/spi@ff040000/ad9081@0,jesd204:0,parent=spi1.0: JESD204[0] transition link_pre_setup -> clk_sync_stage1
[    7.911985] jesd204: /axi/spi@ff040000/ad9081@0,jesd204:0,parent=spi1.0: JESD204[2] transition clk_sync_stage1 -> clk_sync_stage2
[    7.923631] jesd204: /axi/spi@ff040000/ad9081@0,jesd204:0,parent=spi1.0: JESD204[0] transition clk_sync_stage1 -> clk_sync_stage2
[    7.935283] jesd204: /axi/spi@ff040000/ad9081@0,jesd204:0,parent=spi1.0: JESD204[2] transition clk_sync_stage2 -> clk_sync_stage3
[    7.946927] jesd204: /axi/spi@ff040000/ad9081@0,jesd204:0,parent=spi1.0: JESD204[0] transition clk_sync_stage2 -> clk_sync_stage3
[    7.960599] jesd204: /axi/spi@ff040000/ad9081@0,jesd204:0,parent=spi1.0: JESD204[2] transition clk_sync_stage3 -> link_setup
[    7.971814] jesd204: /axi/spi@ff040000/ad9081@0,jesd204:0,parent=spi1.0: JESD204[0] transition clk_sync_stage3 -> link_setup
[    7.987925] jesd204: /axi/spi@ff040000/ad9081@0,jesd204:0,parent=spi1.0: JESD204[2] transition link_setup -> opt_setup_stage1
[    7.999227] jesd204: /axi/spi@ff040000/ad9081@0,jesd204:0,parent=spi1.0: JESD204[0] transition link_setup -> opt_setup_stage1
[    8.015563] jesd204: /axi/spi@ff040000/ad9081@0,jesd204:0,parent=spi1.0: JESD204[2] transition opt_setup_stage1 -> opt_setup_stage2
[    8.027385] jesd204: /axi/spi@ff040000/ad9081@0,jesd204:0,parent=spi1.0: JESD204[0] transition opt_setup_stage1 -> opt_setup_stage2
[    8.039357] jesd204: /axi/spi@ff040000/ad9081@0,jesd204:0,parent=spi1.0: JESD204[2] transition opt_setup_stage2 -> opt_setup_stage3
[    8.051177] jesd204: /axi/spi@ff040000/ad9081@0,jesd204:0,parent=spi1.0: JESD204[0] transition opt_setup_stage2 -> opt_setup_stage3
[    8.063001] jesd204: /axi/spi@ff040000/ad9081@0,jesd204:0,parent=spi1.0: JESD204[2] transition opt_setup_stage3 -> opt_setup_stage4
[    8.074823] jesd204: /axi/spi@ff040000/ad9081@0,jesd204:0,parent=spi1.0: JESD204[0] transition opt_setup_stage3 -> opt_setup_stage4
[    8.086648] jesd204: /axi/spi@ff040000/ad9081@0,jesd204:0,parent=spi1.0: JESD204[2] transition opt_setup_stage4 -> opt_setup_stage5
[    8.098473] jesd204: /axi/spi@ff040000/ad9081@0,jesd204:0,parent=spi1.0: JESD204[0] transition opt_setup_stage4 -> opt_setup_stage5
[    8.114406] jesd204: /axi/spi@ff040000/ad9081@0,jesd204:0,parent=spi1.0: JESD204[2] transition opt_setup_stage5 -> clocks_enable
[    8.125972] jesd204: /axi/spi@ff040000/ad9081@0,jesd204:0,parent=spi1.0: JESD204[0] transition opt_setup_stage5 -> clocks_enable
[    8.172912] axi_adxcvr 84a60000.axi-adxcvr-rx: adxcvr_clk_enable: CPLL RX buffer underflow error, status: 0x61
[    8.182901] axi_adxcvr 84a60000.axi-adxcvr-rx: adxcvr_clk_enable: CPLL RX buffer overflow error, status: 0x61
[    8.192875] jesd204: /axi/spi@ff040000/ad9081@0,jesd204:0,parent=spi1.0: JESD204[2] transition clocks_enable -> link_enable
[    8.204005] jesd204: /axi/spi@ff040000/ad9081@0,jesd204:0,parent=spi1.0: JESD204[0] transition clocks_enable -> link_enable
[    8.235961] ad9081 spi1.0: JESD RX (JTX) Link2 in DATA, SYNC deasserted, PLL locked, PHASE established, MODE valid
[    8.246569] ad9081 spi1.0: JESD TX (JRX) Link0 0xF lanes in DATA
[    8.252580] jesd204: /axi/spi@ff040000/ad9081@0,jesd204:0,parent=spi1.0: JESD204[2] transition link_enable -> link_running
[    8.263617] jesd204: /axi/spi@ff040000/ad9081@0,jesd204:0,parent=spi1.0: JESD204[0] transition link_enable -> link_running
[    8.274663] jesd204: /axi/spi@ff040000/ad9081@0,jesd204:0,parent=spi1.0: JESD204[2] transition link_running -> opt_post_running_stage
[    8.286655] jesd204: /axi/spi@ff040000/ad9081@0,jesd204:0,parent=spi1.0: JESD204[0] transition link_running -> opt_post_running_stage
[    8.307869] input: gpio-keys as /devices/platform/gpio-keys/input/input0
[    8.314878] of_cfs_init
[    8.317337] of_cfs_init: OK
[    8.320277] cfg80211: Loading compiled-in X.509 certificates for regulatory database
[    8.458492] cfg80211: Loaded X.509 cert 'sforshee: 00b28ddf47aef9cea7'
[    8.465024] clk: Not disabling unused clocks
[    8.469552] ALSA device list:
[    8.472513]   No soundcards found.
[    8.476186] platform regulatory.0: Direct firmware load for regulatory.db failed with error -2
[    8.484792] cfg80211: failed to load regulatory.db
[    8.499667] EXT4-fs (mmcblk0p2): mounted filesystem with ordered data mode. Opts: (null)
[    8.507782] VFS: Mounted root (ext4 filesystem) on device 179:2.
[    8.521223] devtmpfs: mounted
[    8.525040] Freeing unused kernel memory: 2560K
[    8.547773] Run /sbin/init as init process
[    8.551871]   with arguments:
[    8.551874]     /sbin/init
[    8.551876]   with environment:
[    8.551878]     HOME=/
[    8.551881]     TERM=linux
[    9.119886] systemd[1]: systemd 241 running in system mode. (+PAM +AUDIT +SELINUX +IMA +APPARMOR +SMACK +SYSVINIT +UTMP +LIBCRYPTSETUP +GCRYPT +GNUTLS +ACL +XZ +LZ4 +SECCOMP +BLKID +ELFUTILS +KMOD -IDN2 +IDN -PCRE2 default-hierarchy=hybrid)
[    9.141770] systemd[1]: Detected architecture arm64.
[    9.164436] systemd[1]: Set hostname to <analog>.
[    9.352649] systemd[1]: File /lib/systemd/system/systemd-journald.service:12 configures an IP firewall (IPAddressDeny=any), but the local system does not support BPF/cgroup based firewalling.
[    9.369698] systemd[1]: Proceeding WITHOUT firewalling in effect! (This warning is only shown for the first loaded unit using IP firewalling.)
[    9.533078] systemd[1]: /etc/systemd/system/tof-server.service:1: Assignment outside of section. Ignoring.
[    9.542803] systemd[1]: /etc/systemd/system/tof-server.service:2: Assignment outside of section. Ignoring.
[    9.726292] random: systemd: uninitialized urandom read (16 bytes read)
[    9.741049] random: systemd: uninitialized urandom read (16 bytes read)
[    9.747992] systemd[1]: Started Forward Password Requests to Wall Directory Watch.
[    9.772088] random: systemd: uninitialized urandom read (16 bytes read)
[    9.778950] systemd[1]: Listening on Journal Audit Socket.
[    9.800033] systemd[1]: Listening on fsck to fsckd communication Socket.
[   10.411021] ------------[ cut here ]------------
[   10.411030] Enabling unprepared \xa0\xe9Q\x88\xff\xff\xffpQ\x88\xff\xff\xff
[   10.411075] WARNING: CPU: 3 PID: 126 at drivers/clk/clk.c:1012 clk_core_enable+0xa4/0xc0
[   10.411079] Modules linked in:
[   10.411089] CPU: 3 PID: 126 Comm: kworker/3:1H Not tainted 5.10.0-98103-g2aa7ac113716 #5577
[   10.411092] Hardware name: ZynqMP ZCU102 Rev1.0 (DT)
[   10.411101] Workqueue: kblockd blk_mq_run_work_fn
[   10.411109] pstate: 80000085 (Nzcv daIf -PAN -UAO -TCO BTYPE=--)
[   10.411114] pc : clk_core_enable+0xa4/0xc0
[   10.411120] lr : clk_core_enable+0xa4/0xc0
[   10.411123] sp : ffffffc012b3b2d0
[   10.411126] x29: ffffffc012b3b2d0 x28: ffffff8800330c10 
[   10.411132] x27: ffffff8800330d48 x26: 0000005000000101 
[   10.411139] x25: 00000002669a1452 x24: 0000000000000001 
[   10.411146] x23: ffffff88010e9380 x22: ffffff8801083220 
[   10.411152] x21: ffffff8801517000 x20: ffffff8801517008 
[   10.411159] x19: ffffff8801517008 x18: 0000000000000030 
[   10.411165] x17: 0000000000000003 x16: 0000ad29afe12384 
[   10.411172] x15: ffffffffffff8768 x14: ffffffc011d3b1a0 
[   10.411178] x13: ffffffc011d3b1c8 x12: 00000000000005eb 
[   10.411184] x11: 00000000000001f9 x10: ffffffc011d671c8 
[   10.411191] x9 : 00000000fffff800 x8 : ffffffc011d3b1c8 
[   10.411198] x7 : ffffffc011d671c8 x6 : 0000000000000001 
[   10.411204] x5 : ffffff887f7a89e0 x4 : 0000000000000000 
[   10.411210] x3 : 0000000000000027 x2 : 0000000000000023 
[   10.411217] x1 : 872b791971b12900 x0 : 0000000000000000 
[   10.411223] Call trace:
[   10.411230]  clk_core_enable+0xa4/0xc0
[   10.411234]  clk_enable+0x2c/0x60
[   10.411241]  zynqmp_runtime_resume+0x24/0x84
[   10.411248]  pm_generic_runtime_resume+0x30/0x50
[   10.411254]  __genpd_runtime_resume+0x30/0xb0
[   10.411260]  genpd_runtime_resume+0x90/0x250
[   10.411266]  __rpm_callback+0x10c/0x1e0
[   10.411271]  rpm_callback+0x5c/0x84
[   10.411276]  rpm_resume+0x4a4/0x74c
[   10.411281]  __pm_runtime_resume+0x78/0xc4
[   10.411286]  spi_mem_access_start.isra.0+0x30/0x80
[   10.411290]  spi_mem_exec_op+0x3b0/0x424
[   10.411295]  spi_nor_read_sr+0x78/0xe0
[   10.411300]  spi_nor_wait_till_ready_with_timeout+0xb4/0x2f0
[   10.411305]  spi_nor_read+0x188/0x380
[   10.411310]  mtd_read_oob_std+0x78/0x84
[   10.411314]  mtd_read_oob+0x7c/0x134
[   10.411319]  mtd_read+0x48/0x7c
[   10.411324]  mtdblock_readsect+0x6c/0x150
[   10.411330]  mtd_queue_rq+0x2cc/0x5a0
[   10.411335]  blk_mq_dispatch_rq_list+0x110/0x790
[   10.411341]  __blk_mq_do_dispatch_sched+0x200/0x274
[   10.411347]  __blk_mq_sched_dispatch_requests+0x1a8/0x1fc
[   10.411353]  blk_mq_sched_dispatch_requests+0x3c/0x7c
[   10.411358]  __blk_mq_run_hw_queue+0x98/0x100
[   10.411362]  blk_mq_run_work_fn+0x24/0x30
[   10.411368]  process_one_work+0x1d4/0x380
[   10.411372]  worker_thread+0x78/0x4e0
[   10.411377]  kthread+0x124/0x130
[   10.411383]  ret_from_fork+0x10/0x3c
[   10.411386] ---[ end trace 9cdbef90dde8f0db ]---
[   10.411394] zynqmp-qspi ff0f0000.spi: Cannot enable APB clock.
[   10.411443] spi_master spi0: Failed to power device: -108
[   10.411453] blk_update_request: I/O error, dev mtdblock0, sector 8 op 0x0:(READ) flags 0x80700 phys_seg 1 prio class 0
[   10.411520] spi_master spi0: Failed to power device: -22
[   10.411527] blk_update_request: I/O error, dev mtdblock0, sector 8 op 0x0:(READ) flags 0x0 phys_seg 8 prio class 0
[   10.411533] Buffer I/O error on dev mtdblock0, logical block 8, async page read
[   10.411542] spi_master spi0: Failed to power device: -22
[   10.411548] blk_update_request: I/O error, dev mtdblock0, sector 9 op 0x0:(READ) flags 0x0 phys_seg 7 prio class 0
[   10.411552] Buffer I/O error on dev mtdblock0, logical block 9, async page read
[   10.411559] spi_master spi0: Failed to power device: -22
[   10.411565] blk_update_request: I/O error, dev mtdblock0, sector 10 op 0x0:(READ) flags 0x0 phys_seg 6 prio class 0
[   10.411569] Buffer I/O error on dev mtdblock0, logical block 10, async page read
[   10.411576] spi_master spi0: Failed to power device: -22
[   10.411581] blk_update_request: I/O error, dev mtdblock0, sector 11 op 0x0:(READ) flags 0x0 phys_seg 5 prio class 0
[   10.411585] Buffer I/O error on dev mtdblock0, logical block 11, async page read
[   10.411592] spi_master spi0: Failed to power device: -22
[   10.411597] blk_update_request: I/O error, dev mtdblock0, sector 12 op 0x0:(READ) flags 0x0 phys_seg 4 prio class 0
[   10.411601] Buffer I/O error on dev mtdblock0, logical block 12, async page read
[   10.411608] spi_master spi0: Failed to power device: -22
[   10.411613] blk_update_request: I/O error, dev mtdblock0, sector 13 op 0x0:(READ) flags 0x0 phys_seg 3 prio class 0
[   10.411617] Buffer I/O error on dev mtdblock0, logical block 13, async page read
[   10.411624] spi_master spi0: Failed to power device: -22
[   10.411630] blk_update_request: I/O error, dev mtdblock0, sector 14 op 0x0:(READ) flags 0x0 phys_seg 2 prio class 0
[   10.411633] Buffer I/O error on dev mtdblock0, logical block 14, async page read
[   10.411640] spi_master spi0: Failed to power device: -22
[   10.411645] blk_update_request: I/O error, dev mtdblock0, sector 15 op 0x0:(READ) flags 0x0 phys_seg 1 prio class 0
[   10.411649] Buffer I/O error on dev mtdblock0, logical block 15, async page read
[   10.412000] spi_master spi0: Failed to power device: -22
[   10.412016] blk_update_request: I/O error, dev mtdblock1, sector 10112 op 0x0:(READ) flags 0x80700 phys_seg 1 prio class 0
[   10.412062] spi_master spi0: Failed to power device: -22
[   10.412068] Buffer I/O error on dev mtdblock1, logical block 10112, async page read
[   10.412075] spi_master spi0: Failed to power device: -22
[   10.412080] Buffer I/O error on dev mtdblock1, logical block 10113, async page read
[   10.412087] spi_master spi0: Failed to power device: -22
[   10.412095] spi_master spi0: Failed to power device: -22
[   10.412102] spi_master spi0: Failed to power device: -22
[   10.412109] spi_master spi0: Failed to power device: -22
[   10.412117] spi_master spi0: Failed to power device: -22
[   10.412124] spi_master spi0: Failed to power device: -22
[   10.412384] spi_master spi0: Failed to power device: -22
[   10.412429] spi_master spi0: Failed to power device: -22
[   10.412438] spi_master spi0: Failed to power device: -22
[   10.412446] spi_master spi0: Failed to power device: -22
[   10.412458] spi_master spi0: Failed to power device: -22
[   10.412465] spi_master spi0: Failed to power device: -22
[   10.412472] spi_master spi0: Failed to power device: -22
[   10.412479] spi_master spi0: Failed to power device: -22
[   10.412487] spi_master spi0: Failed to power device: -22
[   10.412748] spi_master spi0: Failed to power device: -22
[   10.412792] spi_master spi0: Failed to power device: -22
[   10.412801] spi_master spi0: Failed to power device: -22
[   10.412809] spi_master spi0: Failed to power device: -22
[   10.412817] spi_master spi0: Failed to power device: -22
[   10.412824] spi_master spi0: Failed to power device: -22
[   10.412831] spi_master spi0: Failed to power device: -22
[   10.412839] spi_master spi0: Failed to power device: -22
[   10.412846] spi_master spi0: Failed to power device: -22
[   10.536864] EXT4-fs (mmcblk0p2): re-mounted. Opts: (null)
[   10.664509] systemd-journald[146]: Received request to flush runtime journal from PID 1
[   16.686398] macb ff0e0000.ethernet eth0: PHY [ff0e0000.ethernet-ffffffff:0c] driver [TI DP83867] (irq=POLL)
[   16.686411] macb ff0e0000.ethernet eth0: configuring for phy/rgmii-id link mode
[   16.995753] Adding 92156k swap on /var/swap.  Priority:-2 extents:1 across:92156k SS
[   18.643743] random: crng init done
[   18.643752] random: 7 urandom warning(s) missed due to ratelimiting
[   19.516341] broken atomic modeset userspace detected, disabling atomic
[   20.769352] macb ff0e0000.ethernet eth0: Link is Up - 1Gbps/Full - flow control off
[   20.769377] IPv6: ADDRCONF(NETDEV_CHANGE): eth0: link becomes ready
[   22.185282] broken atomic modeset userspace detected, disabling atomic
[   25.110432] broken atomic modeset userspace detected, disabling atomic
[   27.747051] broken atomic modeset userspace detected, disabling atomic