[    0.000000] Booting Linux on physical CPU 0x0000000000 [0x410fd034]
[    0.000000] Linux version 5.10.0-98103-g2aa7ac113716 (jenkins@romlxbuild1.adlk.analog.com) (aarch64-xilinx-linux-gcc.real (GCC) 10.2.0, GNU ld (GNU Binutils) 2.35.0.20200730) #5577 SMP Wed Mar 23 07:28:49 GMT 2022
[    0.000000] Machine model: ZynqMP ZCU102 Rev1.0
[    0.000000] earlycon: cdns0 at MMIO 0x00000000ff000000 (options '115200n8')
[    0.000000] printk: bootconsole [cdns0] enabled
[    0.000000] efi: UEFI not found.
[    0.000000] cma: Reserved 256 MiB at 0x0000000070000000
[    0.000000] Zone ranges:
[    0.000000]   DMA      [mem 0x0000000000000000-0x000000003fffffff]
[    0.000000]   DMA32    [mem 0x0000000040000000-0x00000000ffffffff]
[    0.000000]   Normal   [mem 0x0000000100000000-0x000000087fffffff]
[    0.000000] Movable zone start for each node
[    0.000000] Early memory node ranges
[    0.000000]   node   0: [mem 0x0000000000000000-0x000000007fffffff]
[    0.000000]   node   0: [mem 0x0000000800000000-0x000000087fffffff]
[    0.000000] Initmem setup node 0 [mem 0x0000000000000000-0x000000087fffffff]
[    0.000000] On node 0 totalpages: 1048576
[    0.000000]   DMA zone: 3584 pages used for memmap
[    0.000000]   DMA zone: 0 pages reserved
[    0.000000]   DMA zone: 262144 pages, LIFO batch:63
[    0.000000]   DMA32 zone: 3584 pages used for memmap
[    0.000000]   DMA32 zone: 262144 pages, LIFO batch:63
[    0.000000]   Normal zone: 7168 pages used for memmap
[    0.000000]   Normal zone: 524288 pages, LIFO batch:63
[    0.000000] psci: probing for conduit method from DT.
[    0.000000] psci: PSCIv1.1 detected in firmware.
[    0.000000] psci: Using standard PSCI v0.2 function IDs
[    0.000000] psci: MIGRATE_INFO_TYPE not supported.
[    0.000000] psci: SMC Calling Convention v1.2
[    0.000000] percpu: Embedded 22 pages/cpu s49496 r8192 d32424 u90112
[    0.000000] pcpu-alloc: s49496 r8192 d32424 u90112 alloc=22*4096
[    0.000000] pcpu-alloc: [0] 0 [0] 1 [0] 2 [0] 3 
[    0.000000] Detected VIPT I-cache on CPU0
[    0.000000] CPU features: detected: ARM erratum 845719
[    0.000000] Built 1 zonelists, mobility grouping on.  Total pages: 1034240
[    0.000000] Kernel command line: console=ttyPS0,115200 root=/dev/mmcblk0p2 rw earlycon rootfstype=ext4 rootwait clk_ignore_unused cpuidle.off=1 root=/dev/mmcblk0p2 rw rootwait
[    0.000000] Dentry cache hash table entries: 524288 (order: 10, 4194304 bytes, linear)
[    0.000000] Inode-cache hash table entries: 262144 (order: 9, 2097152 bytes, linear)
[    0.000000] mem auto-init: stack:off, heap alloc:off, heap free:off
[    0.000000] software IO TLB: mapped [mem 0x000000003bfff000-0x000000003ffff000] (64MB)
[    0.000000] Memory: 3761904K/4194304K available (15296K kernel code, 1636K rwdata, 11876K rodata, 2560K init, 507K bss, 170256K reserved, 262144K cma-reserved)
[    0.000000] rcu: Hierarchical RCU implementation.
[    0.000000] rcu: 	RCU event tracing is enabled.
[    0.000000] rcu: 	RCU restricting CPUs from NR_CPUS=8 to nr_cpu_ids=4.
[    0.000000] rcu: RCU calculated value of scheduler-enlistment delay is 25 jiffies.
[    0.000000] rcu: Adjusting geometry for rcu_fanout_leaf=16, nr_cpu_ids=4
[    0.000000] NR_IRQS: 64, nr_irqs: 64, preallocated irqs: 0
[    0.000000] GIC: Adjusting CPU interface base to 0x00000000f902f000
[    0.000000] GIC: Using split EOI/Deactivate mode
[    0.000000] random: get_random_bytes called from start_kernel+0x31c/0x54c with crng_init=0
[    0.000000] arch_timer: cp15 timer(s) running at 100.00MHz (phys).
[    0.000000] clocksource: arch_sys_counter: mask: 0xffffffffffffff max_cycles: 0x171024e7e0, max_idle_ns: 440795205315 ns
[    0.000003] sched_clock: 56 bits at 100MHz, resolution 10ns, wraps every 4398046511100ns
[    0.008464] Console: colour dummy device 80x25
[    0.012482] Calibrating delay loop (skipped), value calculated using timer frequency.. 200.00 BogoMIPS (lpj=400000)
[    0.022841] pid_max: default: 32768 minimum: 301
[    0.027549] Mount-cache hash table entries: 8192 (order: 4, 65536 bytes, linear)
[    0.034788] Mountpoint-cache hash table entries: 8192 (order: 4, 65536 bytes, linear)
[    0.043395] rcu: Hierarchical SRCU implementation.
[    0.047560] EFI services will not be available.
[    0.051939] smp: Bringing up secondary CPUs ...
[    0.056658] Detected VIPT I-cache on CPU1
[    0.056697] CPU1: Booted secondary processor 0x0000000001 [0x410fd034]
[    0.057062] Detected VIPT I-cache on CPU2
[    0.057086] CPU2: Booted secondary processor 0x0000000002 [0x410fd034]
[    0.057426] Detected VIPT I-cache on CPU3
[    0.057449] CPU3: Booted secondary processor 0x0000000003 [0x410fd034]
[    0.057495] smp: Brought up 1 node, 4 CPUs
[    0.091780] SMP: Total of 4 processors activated.
[    0.096452] CPU features: detected: 32-bit EL0 Support
[    0.101556] CPU features: detected: CRC32 instructions
[    0.106695] CPU: All CPU(s) started at EL2
[    0.110736] alternatives: patching kernel code
[    0.116169] devtmpfs: initialized
[    0.124061] Registered cp15_barrier emulation handler
[    0.124112] Registered setend emulation handler
[    0.128092] clocksource: jiffies: mask: 0xffffffff max_cycles: 0xffffffff, max_idle_ns: 7645041785100000 ns
[    0.137670] futex hash table entries: 1024 (order: 4, 65536 bytes, linear)
[    0.151032] pinctrl core: initialized pinctrl subsystem
[    0.151677] NET: Registered protocol family 16
[    0.156103] DMA: preallocated 512 KiB GFP_KERNEL pool for atomic allocations
[    0.162115] DMA: preallocated 512 KiB GFP_KERNEL|GFP_DMA pool for atomic allocations
[    0.169842] DMA: preallocated 512 KiB GFP_KERNEL|GFP_DMA32 pool for atomic allocations
[    0.177645] audit: initializing netlink subsys (disabled)
[    0.183098] audit: type=2000 audit(0.116:1): state=initialized audit_enabled=0 res=1
[    0.183443] hw-breakpoint: found 6 breakpoint and 4 watchpoint registers.
[    0.197471] ASID allocator initialised with 65536 entries
[    0.224363] HugeTLB registered 1.00 GiB page size, pre-allocated 0 pages
[    0.225420] HugeTLB registered 32.0 MiB page size, pre-allocated 0 pages
[    0.232090] HugeTLB registered 2.00 MiB page size, pre-allocated 0 pages
[    0.238755] HugeTLB registered 64.0 KiB page size, pre-allocated 0 pages
[    1.304330] DRBG: Continuing without Jitter RNG
[    1.382147] raid6: neonx8   gen()  2144 MB/s
[    1.450194] raid6: neonx8   xor()  1599 MB/s
[    1.518255] raid6: neonx4   gen()  2194 MB/s
[    1.586305] raid6: neonx4   xor()  1568 MB/s
[    1.654372] raid6: neonx2   gen()  2076 MB/s
[    1.722419] raid6: neonx2   xor()  1441 MB/s
[    1.790493] raid6: neonx1   gen()  1772 MB/s
[    1.858539] raid6: neonx1   xor()  1220 MB/s
[    1.926585] raid6: int64x8  gen()  1438 MB/s
[    1.994644] raid6: int64x8  xor()   771 MB/s
[    2.062717] raid6: int64x4  gen()  1598 MB/s
[    2.130771] raid6: int64x4  xor()   816 MB/s
[    2.198835] raid6: int64x2  gen()  1397 MB/s
[    2.266881] raid6: int64x2  xor()   750 MB/s
[    2.334948] raid6: int64x1  gen()  1033 MB/s
[    2.403019] raid6: int64x1  xor()   517 MB/s
[    2.403057] raid6: using algorithm neonx4 gen() 2194 MB/s
[    2.407013] raid6: .... xor() 1568 MB/s, rmw enabled
[    2.411944] raid6: using neon recovery algorithm
[    2.416956] iommu: Default domain type: Translated 
[    2.421567] SCSI subsystem initialized
[    2.425113] libata version 3.00 loaded.
[    2.425238] usbcore: registered new interface driver usbfs
[    2.430570] usbcore: registered new interface driver hub
[    2.435842] usbcore: registered new device driver usb
[    2.440975] mc: Linux media interface: v0.10
[    2.445092] videodev: Linux video capture interface: v2.00
[    2.450583] EDAC MC: Ver: 3.0.0
[    2.454025] zynqmp-ipi-mbox mailbox@ff990400: Registered ZynqMP IPI mbox with TX/RX channels.
[    2.462524] jesd204: created con: id=0, topo=0, link=0, /axi/spi@ff050000/hmc7044@0 <-> /fpga-axi@0/axi-adxcvr-tx@84b60000
[    2.473112] jesd204: created con: id=1, topo=0, link=2, /axi/spi@ff050000/hmc7044@0 <-> /fpga-axi@0/axi-adxcvr-rx@84a60000
[    2.484096] jesd204: created con: id=2, topo=0, link=0, /fpga-axi@0/axi-adxcvr-tx@84b60000 <-> /fpga-axi@0/axi-jesd204-tx@84b90000
[    2.495772] jesd204: created con: id=3, topo=0, link=2, /fpga-axi@0/axi-adxcvr-rx@84a60000 <-> /fpga-axi@0/axi-jesd204-rx@84a90000
[    2.507449] jesd204: created con: id=4, topo=0, link=0, /fpga-axi@0/axi-jesd204-tx@84b90000 <-> /fpga-axi@0/axi-ad9081-tx-hpc@84b10000
[    2.519476] jesd204: created con: id=5, topo=0, link=2, /fpga-axi@0/axi-jesd204-rx@84a90000 <-> /fpga-axi@0/axi-ad9081-rx-hpc@84a10000
[    2.531499] jesd204: created con: id=6, topo=0, link=2, /fpga-axi@0/axi-ad9081-rx-hpc@84a10000 <-> /axi/spi@ff040000/ad9081@0
[    2.542741] jesd204: created con: id=7, topo=0, link=0, /fpga-axi@0/axi-ad9081-tx-hpc@84b10000 <-> /axi/spi@ff040000/ad9081@0
[    2.553991] jesd204: /axi/spi@ff040000/ad9081@0: JESD204[2] transition uninitialized -> initialized
[    2.562977] jesd204: /axi/spi@ff040000/ad9081@0: JESD204[0] transition uninitialized -> initialized
[    2.571969] jesd204: found 8 devices and 1 topologies
[    2.577012] FPGA manager framework
[    2.580490] Advanced Linux Sound Architecture Driver Initialized.
[    2.586785] Bluetooth: Core ver 2.22
[    2.589972] NET: Registered protocol family 31
[    2.594373] Bluetooth: HCI device and connection manager initialized
[    2.600690] Bluetooth: HCI socket layer initialized
[    2.605532] Bluetooth: L2CAP socket layer initialized
[    2.610555] Bluetooth: SCO socket layer initialized
[    2.615741] clocksource: Switched to clocksource arch_sys_counter
[    2.621547] VFS: Disk quotas dquot_6.6.0
[    2.625382] VFS: Dquot-cache hash table entries: 512 (order 0, 4096 bytes)
[    2.636096] NET: Registered protocol family 2
[    2.636827] tcp_listen_portaddr_hash hash table entries: 2048 (order: 3, 32768 bytes, linear)
[    2.645022] TCP established hash table entries: 32768 (order: 6, 262144 bytes, linear)
[    2.653048] TCP bind hash table entries: 32768 (order: 7, 524288 bytes, linear)
[    2.660493] TCP: Hash tables configured (established 32768 bind 32768)
[    2.666668] UDP hash table entries: 2048 (order: 4, 65536 bytes, linear)
[    2.673333] UDP-Lite hash table entries: 2048 (order: 4, 65536 bytes, linear)
[    2.680494] NET: Registered protocol family 1
[    2.684950] RPC: Registered named UNIX socket transport module.
[    2.690571] RPC: Registered udp transport module.
[    2.695234] RPC: Registered tcp transport module.
[    2.699905] RPC: Registered tcp NFSv4.1 backchannel transport module.
[    2.706896] PCI: CLS 0 bytes, default 64
[    2.710598] hw perfevents: no interrupt-affinity property for /pmu, guessing.
[    2.717456] hw perfevents: enabled with armv8_pmuv3 PMU driver, 7 counters available
[    2.725811] Initialise system trusted keyrings
[    2.729483] workingset: timestamp_bits=62 max_order=20 bucket_order=0
[    2.736384] NFS: Registering the id_resolver key type
[    2.740833] Key type id_resolver registered
[    2.744973] Key type id_legacy registered
[    2.748962] nfs4filelayout_init: NFSv4 File Layout Driver Registering...
[    2.755628] jffs2: version 2.2. (NAND) (SUMMARY)  Â© 2001-2006 Red Hat, Inc.
[    2.798810] NET: Registered protocol family 38
[    2.798852] xor: measuring software checksum speed
[    2.806539]    8regs           :  2363 MB/sec
[    2.810208]    32regs          :  2799 MB/sec
[    2.815150]    arm64_neon      :  2380 MB/sec
[    2.815341] xor: using function: 32regs (2799 MB/sec)
[    2.820366] Key type asymmetric registered
[    2.824428] Asymmetric key parser 'x509' registered
[    2.829289] Block layer SCSI generic (bsg) driver version 0.4 loaded (major 248)
[    2.836626] io scheduler mq-deadline registered
[    2.841122] io scheduler kyber registered
[    2.870521] Serial: 8250/16550 driver, 4 ports, IRQ sharing disabled
[    2.875159] cacheinfo: Unable to detect cache hierarchy for CPU 0
[    2.881498] brd: module loaded
[    2.885639] loop: module loaded
[    2.886184] Registered mathworks_ip class
[    2.889531] libphy: Fixed MDIO Bus: probed
[    2.892504] tun: Universal TUN/TAP device driver, 1.6
[    2.896571] CAN device driver interface
[    2.901107] usbcore: registered new interface driver asix
[    2.905703] usbcore: registered new interface driver ax88179_178a
[    2.911741] usbcore: registered new interface driver cdc_ether
[    2.917528] usbcore: registered new interface driver net1080
[    2.923154] usbcore: registered new interface driver cdc_subset
[    2.929035] usbcore: registered new interface driver zaurus
[    2.934578] usbcore: registered new interface driver cdc_ncm
[    2.940981] ehci_hcd: USB 2.0 'Enhanced' Host Controller (EHCI) Driver
[    2.946664] ehci-pci: EHCI PCI platform driver
[    2.951460] usbcore: registered new interface driver uas
[    2.956379] usbcore: registered new interface driver usb-storage
[    2.962368] usbcore: registered new interface driver usbserial_generic
[    2.968818] usbserial: USB Serial support registered for generic
[    2.974792] usbcore: registered new interface driver ftdi_sio
[    2.980495] usbserial: USB Serial support registered for FTDI USB Serial Device
[    2.987771] usbcore: registered new interface driver upd78f0730
[    2.993642] usbserial: USB Serial support registered for upd78f0730
[    3.001299] rtc_zynqmp ffa60000.rtc: registered as rtc0
[    3.005067] rtc_zynqmp ffa60000.rtc: setting system clock to 2022-03-25T23:47:01 UTC (1648252021)
[    3.013930] i2c /dev entries driver
[    3.019236] usbcore: registered new interface driver uvcvideo
[    3.023043] USB Video Class driver (1.1.1)
[    3.028625] Bluetooth: HCI UART driver ver 2.3
[    3.031514] Bluetooth: HCI UART protocol H4 registered
[    3.036624] Bluetooth: HCI UART protocol BCSP registered
[    3.041913] Bluetooth: HCI UART protocol LL registered
[    3.047001] Bluetooth: HCI UART protocol ATH3K registered
[    3.052375] Bluetooth: HCI UART protocol Three-wire (H5) registered
[    3.058631] Bluetooth: HCI UART protocol Intel registered
[    3.063969] Bluetooth: HCI UART protocol QCA registered
[    3.069170] usbcore: registered new interface driver bcm203x
[    3.074791] usbcore: registered new interface driver bpa10x
[    3.080326] usbcore: registered new interface driver bfusb
[    3.085776] usbcore: registered new interface driver btusb
[    3.091240] usbcore: registered new interface driver ath3k
[    3.096722] EDAC MC: ECC not enabled
[    3.100349] EDAC DEVICE0: Giving out device to module zynqmp-ocm-edac controller zynqmp_ocm: DEV ff960000.memory-controller (INTERRUPT)
[    3.112664] sdhci: Secure Digital Host Controller Interface driver
[    3.118451] sdhci: Copyright(c) Pierre Ossman
[    3.122776] sdhci-pltfm: SDHCI platform and OF driver helper
[    3.128828] ledtrig-cpu: registered to indicate activity on CPUs
[    3.134379] SMCCC: SOC_ID: ARCH_SOC_ID not implemented, skipping ....
[    3.140805] zynqmp_firmware_probe Platform Management API v1.1
[    3.146566] zynqmp_firmware_probe Trustzone version v1.0
[    3.186120] zynqmp-pinctrl firmware:zynqmp-firmware:pinctrl: zynqmp pinctrl initialized
[    3.234119] zynqmp-aes firmware:zynqmp-firmware:zynqmp-aes: will run requests pump with realtime priority
[    3.249939] alg: No test for xilinx-keccak-384 (zynqmp-keccak-384)
[    3.250646] alg: No test for xilinx-zynqmp-rsa (zynqmp-rsa)
[    3.256165] usbcore: registered new interface driver usbhid
[    3.261550] usbhid: USB HID core driver
[    3.272790] axi_sysid 85000000.axi-sysid-0: AXI System ID core version (1.01.a) found
[    3.275139] axi_sysid 85000000.axi-sysid-0: [ad9081_fmca_ebz] on [zcu102] git branch <master> git <084d44c9780640ca93fd847b1d9ec70dd65f5c67> clean [2022-03-18 04:17:50] UTC
[    3.290827] fpga_manager fpga0: Xilinx ZynqMP FPGA Manager registered
[    3.297184] usbcore: registered new interface driver snd-usb-audio
[    3.304634] pktgen: Packet Generator for packet performance testing. Version: 2.75
[    3.310813] Initializing XFRM netlink socket
[    3.314671] NET: Registered protocol family 10
[    3.319387] Segment Routing with IPv6
[    3.322768] sit: IPv6, IPv4 and MPLS over IPv4 tunneling driver
[    3.328839] NET: Registered protocol family 17
[    3.332943] NET: Registered protocol family 15
[    3.337439] can: controller area network core
[    3.341693] NET: Registered protocol family 29
[    3.346081] can: raw protocol
[    3.349017] can: broadcast manager protocol
[    3.353172] can: netlink gateway - max_hops=1
[    3.357566] Bluetooth: RFCOMM TTY layer initialized
[    3.362346] Bluetooth: RFCOMM socket layer initialized
[    3.367454] Bluetooth: RFCOMM ver 1.11
[    3.371164] Bluetooth: BNEP (Ethernet Emulation) ver 1.3
[    3.376436] Bluetooth: BNEP filters: protocol multicast
[    3.381629] Bluetooth: BNEP socket layer initialized
[    3.386557] Bluetooth: HIDP (Human Interface Emulation) ver 1.2
[    3.392441] Bluetooth: HIDP socket layer initialized
[    3.397493] 9pnet: Installing 9P2000 support
[    3.401618] NET: Registered protocol family 36
[    3.406033] Key type dns_resolver registered
[    3.410465] registered taskstats version 1
[    3.414331] Loading compiled-in X.509 certificates
[    3.419445] Btrfs loaded, crc32c=crc32c-generic
[    3.431858] ff000000.serial: ttyPS0 at MMIO 0xff000000 (irq = 49, base_baud = 6249999) is a xuartps
[    3.440883] printk: console [ttyPS0] enabled
[    3.445178] printk: bootconsole [cdns0] disabled
[    3.454808] ff010000.serial: ttyPS1 at MMIO 0xff010000 (irq = 50, base_baud = 6249999) is a xuartps
[    3.468062] of-fpga-region fpga-full: FPGA Region probed
[    3.475009] nwl-pcie fd0e0000.pcie: host bridge /axi/pcie@fd0e0000 ranges:
[    3.481907] nwl-pcie fd0e0000.pcie:      MEM 0x00e0000000..0x00efffffff -> 0x00e0000000
[    3.489909] nwl-pcie fd0e0000.pcie:      MEM 0x0600000000..0x07ffffffff -> 0x0600000000
[    3.497971] nwl-pcie fd0e0000.pcie: Link is DOWN
[    3.502728] nwl-pcie fd0e0000.pcie: PCI host bridge to bus 0000:00
[    3.508907] pci_bus 0000:00: root bus resource [bus 00-ff]
[    3.514388] pci_bus 0000:00: root bus resource [mem 0xe0000000-0xefffffff]
[    3.521258] pci_bus 0000:00: root bus resource [mem 0x600000000-0x7ffffffff pref]
[    3.528761] pci 0000:00:00.0: [10ee:d021] type 01 class 0x060400
[    3.534817] pci 0000:00:00.0: PME# supported from D0 D1 D2 D3hot
[    3.545259] pci 0000:00:00.0: PCI bridge to [bus 01-0c]
[    3.551235] xilinx-zynqmp-dma fd500000.dma: ZynqMP DMA driver Probe success
[    3.558407] xilinx-zynqmp-dma fd510000.dma: ZynqMP DMA driver Probe success
[    3.565589] xilinx-zynqmp-dma fd520000.dma: ZynqMP DMA driver Probe success
[    3.572758] xilinx-zynqmp-dma fd530000.dma: ZynqMP DMA driver Probe success
[    3.579930] xilinx-zynqmp-dma fd540000.dma: ZynqMP DMA driver Probe success
[    3.587095] xilinx-zynqmp-dma fd550000.dma: ZynqMP DMA driver Probe success
[    3.594266] xilinx-zynqmp-dma fd560000.dma: ZynqMP DMA driver Probe success
[    3.601435] xilinx-zynqmp-dma fd570000.dma: ZynqMP DMA driver Probe success
[    3.608832] xilinx-zynqmp-dpdma fd4c0000.dma-controller: Xilinx DPDMA engine is probed
[    3.617379] ahci-ceva fd0c0000.ahci: supply ahci not found, using dummy regulator
[    3.624922] ahci-ceva fd0c0000.ahci: supply phy not found, using dummy regulator
[    3.715911] hmc7044 spi2.0: PLL1: Acquisition, CLKIN0 @ 122880000 Hz, PFD: 80 kHz - PLL2: Locked @ 2412.000000 MHz
[    3.726630] jesd204: /axi/spi@ff050000/hmc7044@0,jesd204:1,parent=spi2.0: Using as SYSREF provider
[    3.736213] spi-nor spi0.0: SPI-NOR-UniqueID 100000235394732200270025081115266e
[    3.743518] spi-nor spi0.0: found n25q512a, expected m25p80
[    3.749725] spi-nor spi0.0: trying to lock already unlocked area
[    3.755734] spi-nor spi0.0: n25q512a (131072 Kbytes)
[    3.760713] 4 fixed-partitions partitions found on MTD device spi0.0
[    3.767060] Creating 4 MTD partitions on "spi0.0":
[    3.771846] 0x000000000000-0x000000100000 : "qspi-fsbl-uboot"
[    3.778338] 0x000000100000-0x000000600000 : "qspi-linux"
[    3.784294] 0x000000600000-0x000000620000 : "qspi-device-tree"
[    3.790761] 0x000000620000-0x000000c00000 : "qspi-rootfs"
[    3.799240] macb ff0e0000.ethernet: Not enabling partial store and forward
[    3.806774] libphy: MACB_mii_bus: probed
[    3.811837] macb ff0e0000.ethernet eth0: Cadence GEM rev 0x50070106 at 0xff0e0000 irq 30 (00:0a:35:04:8e:1b)
[    3.822049] xilinx-axipmon ffa00000.perf-monitor: Probed Xilinx APM
[    3.828623] xilinx-axipmon fd0b0000.perf-monitor: Probed Xilinx APM
[    3.835143] xilinx-axipmon fd490000.perf-monitor: Probed Xilinx APM
[    3.841688] xilinx-axipmon ffa10000.perf-monitor: Probed Xilinx APM
[    3.851673] pca953x 0-0020: supply vcc not found, using dummy regulator
[    3.858353] pca953x 0-0020: using no AI
[    3.862843] gpio-496 (sel0): hogged as output/low
[    3.867751] gpio-497 (sel1): hogged as output/high
[    3.872733] gpio-498 (sel2): hogged as output/high
[    3.877716] gpio-499 (sel3): hogged as output/high
[    3.882889] pca953x 0-0021: supply vcc not found, using dummy regulator
[    3.889556] pca953x 0-0021: using no AI
[    3.895324] ina2xx 2-0040: power monitor ina226 (Rshunt = 5000 uOhm)
[    3.902352] ina2xx 2-0041: power monitor ina226 (Rshunt = 5000 uOhm)
[    3.909394] ina2xx 2-0042: power monitor ina226 (Rshunt = 5000 uOhm)
[    3.916426] ina2xx 2-0043: power monitor ina226 (Rshunt = 5000 uOhm)
[    3.923449] ina2xx 2-0044: power monitor ina226 (Rshunt = 5000 uOhm)
[    3.930470] ina2xx 2-0045: power monitor ina226 (Rshunt = 5000 uOhm)
[    3.937500] ina2xx 2-0046: power monitor ina226 (Rshunt = 5000 uOhm)
[    3.944577] ina2xx 2-0047: power monitor ina226 (Rshunt = 5000 uOhm)
[    3.951602] ina2xx 2-004a: power monitor ina226 (Rshunt = 5000 uOhm)
[    3.958643] ina2xx 2-004b: power monitor ina226 (Rshunt = 5000 uOhm)
[    3.965051] i2c i2c-0: Added multiplexed i2c bus 2
[    3.970437] random: fast init done
[    3.973910] ina2xx 3-0040: power monitor ina226 (Rshunt = 2000 uOhm)
[    3.980937] ina2xx 3-0041: power monitor ina226 (Rshunt = 5000 uOhm)
[    3.987964] ina2xx 3-0042: power monitor ina226 (Rshunt = 5000 uOhm)
[    3.994997] ina2xx 3-0043: power monitor ina226 (Rshunt = 5000 uOhm)
[    4.002022] ina2xx 3-0044: power monitor ina226 (Rshunt = 5000 uOhm)
[    4.009047] ina2xx 3-0045: power monitor ina226 (Rshunt = 5000 uOhm)
[    4.016082] ina2xx 3-0046: power monitor ina226 (Rshunt = 5000 uOhm)
[    4.023110] ina2xx 3-0047: power monitor ina226 (Rshunt = 5000 uOhm)
[    4.029511] i2c i2c-0: Added multiplexed i2c bus 3
[    4.085080] i2c i2c-0: Added multiplexed i2c bus 4
[    4.090018] i2c i2c-0: Added multiplexed i2c bus 5
[    4.094806] pca954x 0-0075: registered 4 multiplexed busses for I2C mux pca9544
[    4.102156] cdns-i2c ff020000.i2c: 400 kHz mmio ff020000 irq 32
[    4.109880] at24 6-0054: supply vcc not found, using dummy regulator
[    4.116784] at24 6-0054: 1024 byte 24c08 EEPROM, writable, 1 bytes/write
[    4.123533] i2c i2c-1: Added multiplexed i2c bus 6
[    4.129962] si5341 7-0036: Chip: 5341 Grade: 1 Rev: 1
[    4.167664] i2c i2c-1: Added multiplexed i2c bus 7
[    4.175318] si570 8-005d: registered, current frequency 300000000 Hz
[    4.181716] i2c i2c-1: Added multiplexed i2c bus 8
[    4.201500] si570 9-005d: registered, current frequency 148500000 Hz
[    4.207904] i2c i2c-1: Added multiplexed i2c bus 9
[    4.212943] si5324 10-0069: si5328 probed
[    4.280106] si5324 10-0069: si5328 probe successful
[    4.285037] i2c i2c-1: Added multiplexed i2c bus 10
[    4.290063] i2c i2c-1: Added multiplexed i2c bus 11
[    4.295091] i2c i2c-1: Added multiplexed i2c bus 12
[    4.300112] i2c i2c-1: Added multiplexed i2c bus 13
[    4.304992] pca954x 1-0074: registered 8 multiplexed busses for I2C switch pca9548
[    4.313105] at24 14-0050: supply vcc not found, using dummy regulator
[    4.319898] at24 14-0050: 256 byte 24c02 EEPROM, writable, 1 bytes/write
[    4.326645] i2c i2c-1: Added multiplexed i2c bus 14
[    4.331685] i2c i2c-1: Added multiplexed i2c bus 15
[    4.336717] i2c i2c-1: Added multiplexed i2c bus 16
[    4.341755] i2c i2c-1: Added multiplexed i2c bus 17
[    4.346785] i2c i2c-1: Added multiplexed i2c bus 18
[    4.351837] i2c i2c-1: Added multiplexed i2c bus 19
[    4.356873] i2c i2c-1: Added multiplexed i2c bus 20
[    4.361911] i2c i2c-1: Added multiplexed i2c bus 21
[    4.366785] pca954x 1-0075: registered 8 multiplexed busses for I2C switch pca9548
[    4.374394] cdns-i2c ff030000.i2c: 400 kHz mmio ff030000 irq 33
[    4.384139] cdns-wdt fd4d0000.watchdog: Xilinx Watchdog Timer with timeout 60s
[    4.395079] axi_adxcvr 84a60000.axi-adxcvr-rx: AXI-ADXCVR-RX (17.05.a) using CPLL on GTH4 at 0x84A60000. Number of lanes: 4.
[    4.407255] axi_adxcvr 84b60000.axi-adxcvr-tx: AXI-ADXCVR-TX (17.05.a) using QPLL on GTH4 at 0x84B60000. Number of lanes: 4.
[    4.418875] axi-jesd204-rx 84a90000.axi-jesd204-rx: AXI-JESD204-RX (1.07.a) at 0x84A90000. Encoder 8b10b, width 4/4, lanes 4, jesd204-fsm.
[    4.426165] mmc0: SDHCI controller on ff170000.mmc [ff170000.mmc] using ADMA 64-bit
[    4.431720] axi-jesd204-tx 84b90000.axi-jesd204-tx: AXI-JESD204-TX (1.06.a) at 0x84B90000. Encoder 8b10b, width 4/4, lanes 4, jesd204-fsm.
[    4.452443] zynqmp-display fd4a0000.display: vtc bridge property not present
[    4.462095] xilinx-dp-snd-codec fd4a0000.display:zynqmp_dp_snd_codec0: Failed to get required clock freq
[    4.471597] xilinx-dp-snd-codec: probe of fd4a0000.display:zynqmp_dp_snd_codec0 failed with error -22
[    4.473522] mmc0: new high speed SDHC card at address 0001
[    4.481137] xilinx-dp-snd-pcm zynqmp_dp_snd_pcm0: Xilinx DisplayPort Sound PCM probed
[    4.486648] mmcblk0: mmc0:0001 EB1QT 29.8 GiB 
[    4.494454] xilinx-dp-snd-pcm zynqmp_dp_snd_pcm1: Xilinx DisplayPort Sound PCM probed
[    4.499820]  mmcblk0: p1 p2 p3
[    4.506754] OF: graph: no port node found in /axi/display@fd4a0000
[    4.515828] xlnx-drm xlnx-drm.0: bound fd4a0000.display (ops 0xffffffc010fcbdb8)
[    5.599757] zynqmp-display fd4a0000.display: [drm] Cannot find any crtc or sizes
[    5.607369] [drm] Initialized xlnx 1.0.0 20130509 for fd4a0000.display on minor 0
[    5.614858] zynqmp-display fd4a0000.display: ZynqMP DisplayPort Subsystem driver probed
[    5.623183] ahci-ceva fd0c0000.ahci: supply ahci not found, using dummy regulator
[    5.630730] ahci-ceva fd0c0000.ahci: supply phy not found, using dummy regulator
[    5.638188] ahci-ceva fd0c0000.ahci: supply target not found, using dummy regulator
[    5.656083] ahci-ceva fd0c0000.ahci: AHCI 0001.0301 32 slots 2 ports 6 Gbps 0x3 impl platform mode
[    5.665038] ahci-ceva fd0c0000.ahci: flags: 64bit ncq sntf pm clo only pmp fbs pio slum part ccc sds apst 
[    5.675660] scsi host0: ahci-ceva
[    5.679261] scsi host1: ahci-ceva
[    5.682689] ata1: SATA max UDMA/133 mmio [mem 0xfd0c0000-0xfd0c1fff] port 0x100 irq 45
[    5.690603] ata2: SATA max UDMA/133 mmio [mem 0xfd0c0000-0xfd0c1fff] port 0x180 irq 45
[    5.699208] ad9081 spi1.0: supply vdd not found, using dummy regulator
[    6.009957] ata1: SATA link down (SStatus 0 SControl 330)
[    6.015375] ata2: SATA link down (SStatus 0 SControl 330)
[    6.683760] zynqmp-display fd4a0000.display: [drm] Cannot find any crtc or sizes
[    6.881450] ad9081 spi1.0: Invalid param passed., "ref_clk_hz < 100000000ULL" in adi_ad9081_device_clk_config_set(...), line554 in drivers/iio/adc/ad9081/adi_ad9081_device.c
[    7.586510] ad9081 spi1.0: AD9081 Rev. 2 Grade 10 (API 1.2.2) probed
[    7.593724] xhci-hcd xhci-hcd.1.auto: xHCI Host Controller
[    7.599216] xhci-hcd xhci-hcd.1.auto: new USB bus registered, assigned bus number 1
[    7.606965] xhci-hcd xhci-hcd.1.auto: hcc params 0x0238f625 hci version 0x100 quirks 0x0000000002010810
[    7.616376] xhci-hcd xhci-hcd.1.auto: irq 59, io mem 0xfe200000
[    7.622482] usb usb1: New USB device found, idVendor=1d6b, idProduct=0002, bcdDevice= 5.10
[    7.630742] usb usb1: New USB device strings: Mfr=3, Product=2, SerialNumber=1
[    7.637962] usb usb1: Product: xHCI Host Controller
[    7.642829] usb usb1: Manufacturer: Linux 5.10.0-98103-g2aa7ac113716 xhci-hcd
[    7.649955] usb usb1: SerialNumber: xhci-hcd.1.auto
[    7.655122] hub 1-0:1.0: USB hub found
[    7.658882] hub 1-0:1.0: 1 port detected
[    7.662987] xhci-hcd xhci-hcd.1.auto: xHCI Host Controller
[    7.668475] xhci-hcd xhci-hcd.1.auto: new USB bus registered, assigned bus number 2
[    7.676131] xhci-hcd xhci-hcd.1.auto: Host supports USB 3.0 SuperSpeed
[    7.682752] usb usb2: New USB device found, idVendor=1d6b, idProduct=0003, bcdDevice= 5.10
[    7.691015] usb usb2: New USB device strings: Mfr=3, Product=2, SerialNumber=1
[    7.698235] usb usb2: Product: xHCI Host Controller
[    7.703102] usb usb2: Manufacturer: Linux 5.10.0-98103-g2aa7ac113716 xhci-hcd
[    7.710228] usb usb2: SerialNumber: xhci-hcd.1.auto
[    7.715335] hub 2-0:1.0: USB hub found
[    7.719091] hub 2-0:1.0: 1 port detected
[    7.749147] cf_axi_adc 84a10000.axi-ad9081-rx-hpc: ADI AIM (10.01.b) at 0x84A10000 mapped to 0x(____ptrval____), probed ADC AD9081 as MASTER
[    7.780582] cf_axi_dds 84b10000.axi-ad9081-tx-hpc: Analog Devices CF_AXI_DDS_DDS MASTER (9.01.b) at 0x84B10000 mapped to 0x(____ptrval____), probed DDS AD9081
[    7.794777] jesd204: /axi/spi@ff040000/ad9081@0,jesd204:0,parent=spi1.0: JESD204[2] transition initialized -> probed
[    7.805302] jesd204: /axi/spi@ff040000/ad9081@0,jesd204:0,parent=spi1.0: JESD204[0] transition initialized -> probed
[    7.815824] jesd204: /axi/spi@ff040000/ad9081@0,jesd204:0,parent=spi1.0: JESD204[2] transition probed -> idle
[    7.825732] jesd204: /axi/spi@ff040000/ad9081@0,jesd204:0,parent=spi1.0: JESD204[0] transition probed -> idle
[    7.835646] jesd204: /axi/spi@ff040000/ad9081@0,jesd204:0,parent=spi1.0: JESD204[2] transition idle -> device_init
[    7.845989] jesd204: /axi/spi@ff040000/ad9081@0,jesd204:0,parent=spi1.0: JESD204[0] transition idle -> device_init
[    7.856340] jesd204: /axi/spi@ff040000/ad9081@0,jesd204:0,parent=spi1.0: JESD204[2] transition device_init -> link_init
[    7.867119] jesd204: /axi/spi@ff040000/ad9081@0,jesd204:0,parent=spi1.0: JESD204[0] transition device_init -> link_init
[    7.877909] jesd204: /axi/spi@ff040000/ad9081@0,jesd204:0,parent=spi1.0: JESD204[2] transition link_init -> link_supported
[    7.888947] jesd204: /axi/spi@ff040000/ad9081@0,jesd204:0,parent=spi1.0: JESD204[0] transition link_init -> link_supported
[    7.900337] hmc7044 spi2.0: hmc7044_jesd204_link_pre_setup: Link2 forcing continuous SYSREF mode
[    7.909602] jesd204: /axi/spi@ff040000/ad9081@0,jesd204:0,parent=spi1.0: JESD204[2] transition link_supported -> link_pre_setup
[    7.921074] jesd204: /axi/spi@ff040000/ad9081@0,jesd204:0,parent=spi1.0: JESD204[0] transition link_supported -> link_pre_setup
[    7.944918] jesd204: /axi/spi@ff040000/ad9081@0,jesd204:0,parent=spi1.0: JESD204[2] transition link_pre_setup -> clk_sync_stage1
[    7.956479] jesd204: /axi/spi@ff040000/ad9081@0,jesd204:0,parent=spi1.0: JESD204[0] transition link_pre_setup -> clk_sync_stage1
[    7.968043] jesd204: /axi/spi@ff040000/ad9081@0,jesd204:0,parent=spi1.0: JESD204[2] transition clk_sync_stage1 -> clk_sync_stage2
[    7.979688] jesd204: /axi/spi@ff040000/ad9081@0,jesd204:0,parent=spi1.0: JESD204[0] transition clk_sync_stage1 -> clk_sync_stage2
[    7.991340] jesd204: /axi/spi@ff040000/ad9081@0,jesd204:0,parent=spi1.0: JESD204[2] transition clk_sync_stage2 -> clk_sync_stage3
[    8.002984] jesd204: /axi/spi@ff040000/ad9081@0,jesd204:0,parent=spi1.0: JESD204[0] transition clk_sync_stage2 -> clk_sync_stage3
[    8.016655] jesd204: /axi/spi@ff040000/ad9081@0,jesd204:0,parent=spi1.0: JESD204[2] transition clk_sync_stage3 -> link_setup
[    8.027871] jesd204: /axi/spi@ff040000/ad9081@0,jesd204:0,parent=spi1.0: JESD204[0] transition clk_sync_stage3 -> link_setup
[    8.043912] jesd204: /axi/spi@ff040000/ad9081@0,jesd204:0,parent=spi1.0: JESD204[2] transition link_setup -> opt_setup_stage1
[    8.055214] jesd204: /axi/spi@ff040000/ad9081@0,jesd204:0,parent=spi1.0: JESD204[0] transition link_setup -> opt_setup_stage1
[    8.071558] jesd204: /axi/spi@ff040000/ad9081@0,jesd204:0,parent=spi1.0: JESD204[2] transition opt_setup_stage1 -> opt_setup_stage2
[    8.083382] jesd204: /axi/spi@ff040000/ad9081@0,jesd204:0,parent=spi1.0: JESD204[0] transition opt_setup_stage1 -> opt_setup_stage2
[    8.095353] jesd204: /axi/spi@ff040000/ad9081@0,jesd204:0,parent=spi1.0: JESD204[2] transition opt_setup_stage2 -> opt_setup_stage3
[    8.107173] jesd204: /axi/spi@ff040000/ad9081@0,jesd204:0,parent=spi1.0: JESD204[0] transition opt_setup_stage2 -> opt_setup_stage3
[    8.118997] jesd204: /axi/spi@ff040000/ad9081@0,jesd204:0,parent=spi1.0: JESD204[2] transition opt_setup_stage3 -> opt_setup_stage4
[    8.130815] jesd204: /axi/spi@ff040000/ad9081@0,jesd204:0,parent=spi1.0: JESD204[0] transition opt_setup_stage3 -> opt_setup_stage4
[    8.142645] jesd204: /axi/spi@ff040000/ad9081@0,jesd204:0,parent=spi1.0: JESD204[2] transition opt_setup_stage4 -> opt_setup_stage5
[    8.154469] jesd204: /axi/spi@ff040000/ad9081@0,jesd204:0,parent=spi1.0: JESD204[0] transition opt_setup_stage4 -> opt_setup_stage5
[    8.170399] jesd204: /axi/spi@ff040000/ad9081@0,jesd204:0,parent=spi1.0: JESD204[2] transition opt_setup_stage5 -> clocks_enable
[    8.181959] jesd204: /axi/spi@ff040000/ad9081@0,jesd204:0,parent=spi1.0: JESD204[0] transition opt_setup_stage5 -> clocks_enable
[    8.228850] axi_adxcvr 84a60000.axi-adxcvr-rx: adxcvr_clk_enable: CPLL RX buffer underflow error, status: 0x61
[    8.238836] axi_adxcvr 84a60000.axi-adxcvr-rx: adxcvr_clk_enable: CPLL RX buffer overflow error, status: 0x61
[    8.248821] jesd204: /axi/spi@ff040000/ad9081@0,jesd204:0,parent=spi1.0: JESD204[2] transition clocks_enable -> link_enable
[    8.259948] jesd204: /axi/spi@ff040000/ad9081@0,jesd204:0,parent=spi1.0: JESD204[0] transition clocks_enable -> link_enable
[    8.291987] ad9081 spi1.0: JESD RX (JTX) Link2 in DATA, SYNC deasserted, PLL locked, PHASE established, MODE valid
[    8.302591] ad9081 spi1.0: JESD TX (JRX) Link0 0xF lanes in DATA
[    8.308600] jesd204: /axi/spi@ff040000/ad9081@0,jesd204:0,parent=spi1.0: JESD204[2] transition link_enable -> link_running
[    8.319638] jesd204: /axi/spi@ff040000/ad9081@0,jesd204:0,parent=spi1.0: JESD204[0] transition link_enable -> link_running
[    8.330684] jesd204: /axi/spi@ff040000/ad9081@0,jesd204:0,parent=spi1.0: JESD204[2] transition link_running -> opt_post_running_stage
[    8.342679] jesd204: /axi/spi@ff040000/ad9081@0,jesd204:0,parent=spi1.0: JESD204[0] transition link_running -> opt_post_running_stage
[    8.363983] input: gpio-keys as /devices/platform/gpio-keys/input/input0
[    8.371008] of_cfs_init
[    8.373473] of_cfs_init: OK
[    8.376414] cfg80211: Loading compiled-in X.509 certificates for regulatory database
[    8.497143] random: crng init done
[    8.515055] cfg80211: Loaded X.509 cert 'sforshee: 00b28ddf47aef9cea7'
[    8.521585] clk: Not disabling unused clocks
[    8.526113] ALSA device list:
[    8.529073]   No soundcards found.
[    8.532745] platform regulatory.0: Direct firmware load for regulatory.db failed with error -2
[    8.541354] cfg80211: failed to load regulatory.db
[    8.556509] EXT4-fs (mmcblk0p2): mounted filesystem with ordered data mode. Opts: (null)
[    8.564627] VFS: Mounted root (ext4 filesystem) on device 179:2.
[    8.578234] devtmpfs: mounted
[    8.582097] Freeing unused kernel memory: 2560K
[    8.587795] Run /sbin/init as init process
[    8.591884]   with arguments:
[    8.591886]     /sbin/init
[    8.591888]   with environment:
[    8.591891]     HOME=/
[    8.591893]     TERM=linux
[    9.165986] systemd[1]: systemd 241 running in system mode. (+PAM +AUDIT +SELINUX +IMA +APPARMOR +SMACK +SYSVINIT +UTMP +LIBCRYPTSETUP +GCRYPT +GNUTLS +ACL +XZ +LZ4 +SECCOMP +BLKID +ELFUTILS +KMOD -IDN2 +IDN -PCRE2 default-hierarchy=hybrid)
[    9.187884] systemd[1]: Detected architecture arm64.
[    9.212470] systemd[1]: Set hostname to <analog>.
[    9.421637] systemd[1]: File /lib/systemd/system/systemd-journald.service:12 configures an IP firewall (IPAddressDeny=any), but the local system does not support BPF/cgroup based firewalling.
[    9.438695] systemd[1]: Proceeding WITHOUT firewalling in effect! (This warning is only shown for the first loaded unit using IP firewalling.)
[    9.603803] systemd[1]: /etc/systemd/system/tof-server.service:1: Assignment outside of section. Ignoring.
[    9.613490] systemd[1]: /etc/systemd/system/tof-server.service:2: Assignment outside of section. Ignoring.
[    9.806611] systemd[1]: Listening on udev Kernel Socket.
[    9.827868] systemd[1]: Condition check resulted in Arbitrary Executable File Formats File System Automount Point being skipped.
[    9.839510] systemd[1]: Reached target Swap.
[   10.461559] ------------[ cut here ]------------
[   10.461568] Enabling unprepared \xa0\xe9Q\x88\xff\xff\xffpQ\x88\xff\xff\xff
[   10.461614] WARNING: CPU: 1 PID: 126 at drivers/clk/clk.c:1012 clk_core_enable+0xa4/0xc0
[   10.461617] Modules linked in:
[   10.461627] CPU: 1 PID: 126 Comm: kworker/1:1H Not tainted 5.10.0-98103-g2aa7ac113716 #5577
[   10.461630] Hardware name: ZynqMP ZCU102 Rev1.0 (DT)
[   10.461640] Workqueue: kblockd blk_mq_run_work_fn
[   10.461648] pstate: 80000085 (Nzcv daIf -PAN -UAO -TCO BTYPE=--)
[   10.461653] pc : clk_core_enable+0xa4/0xc0
[   10.461658] lr : clk_core_enable+0xa4/0xc0
[   10.461661] sp : ffffffc012b3b2d0
[   10.461664] x29: ffffffc012b3b2d0 x28: ffffff8800330c10 
[   10.461671] x27: ffffff8800330d48 x26: 0000005000000101 
[   10.461678] x25: 00000002699cec9c x24: 0000000000000001 
[   10.461684] x23: ffffff88010e9380 x22: ffffff8801083220 
[   10.461691] x21: ffffff8801517000 x20: ffffff8801517008 
[   10.461698] x19: ffffff8801517008 x18: 0000000000000030 
[   10.461704] x17: 0000000000000001 x16: 0000b36b3ca303ca 
[   10.461711] x15: ffffffffffff8770 x14: ffffffc011d3b1a0 
[   10.461717] x13: ffffffc011d3b1c8 x12: 00000000000005e8 
[   10.461724] x11: 00000000000001f8 x10: ffffffc011d671c8 
[   10.461730] x9 : 00000000fffff800 x8 : ffffffc011d3b1c8 
[   10.461737] x7 : ffffffc011d671c8 x6 : 0000000000000001 
[   10.461743] x5 : ffffff887f77c9e0 x4 : 0000000000000000 
[   10.461749] x3 : 0000000000000027 x2 : 0000000000000023 
[   10.461756] x1 : ce78da65e3deb800 x0 : 0000000000000000 
[   10.461763] Call trace:
[   10.461769]  clk_core_enable+0xa4/0xc0
[   10.461774]  clk_enable+0x2c/0x60
[   10.461781]  zynqmp_runtime_resume+0x24/0x84
[   10.461787]  pm_generic_runtime_resume+0x30/0x50
[   10.461793]  __genpd_runtime_resume+0x30/0xb0
[   10.461799]  genpd_runtime_resume+0x90/0x250
[   10.461805]  __rpm_callback+0x10c/0x1e0
[   10.461810]  rpm_callback+0x5c/0x84
[   10.461815]  rpm_resume+0x4a4/0x74c
[   10.461820]  __pm_runtime_resume+0x78/0xc4
[   10.461825]  spi_mem_access_start.isra.0+0x30/0x80
[   10.461829]  spi_mem_exec_op+0x3b0/0x424
[   10.461834]  spi_nor_read_sr+0x78/0xe0
[   10.461839]  spi_nor_wait_till_ready_with_timeout+0xb4/0x2f0
[   10.461844]  spi_nor_read+0x188/0x380
[   10.461849]  mtd_read_oob_std+0x78/0x84
[   10.461853]  mtd_read_oob+0x7c/0x134
[   10.461858]  mtd_read+0x48/0x7c
[   10.461864]  mtdblock_readsect+0x6c/0x150
[   10.461869]  mtd_queue_rq+0x2cc/0x5a0
[   10.461875]  blk_mq_dispatch_rq_list+0x110/0x790
[   10.461881]  __blk_mq_do_dispatch_sched+0x200/0x274
[   10.461886]  __blk_mq_sched_dispatch_requests+0x1a8/0x1fc
[   10.461892]  blk_mq_sched_dispatch_requests+0x3c/0x7c
[   10.461897]  __blk_mq_run_hw_queue+0x98/0x100
[   10.461901]  blk_mq_run_work_fn+0x24/0x30
[   10.461907]  process_one_work+0x1d4/0x380
[   10.461911]  worker_thread+0x78/0x4e0
[   10.461916]  kthread+0x124/0x130
[   10.461922]  ret_from_fork+0x10/0x3c
[   10.461925] ---[ end trace 6e20f7eff1394175 ]---
[   10.461933] zynqmp-qspi ff0f0000.spi: Cannot enable APB clock.
[   10.461982] spi_master spi0: Failed to power device: -108
[   10.461992] blk_update_request: I/O error, dev mtdblock0, sector 8 op 0x0:(READ) flags 0x80700 phys_seg 1 prio class 0
[   10.462061] spi_master spi0: Failed to power device: -22
[   10.462067] blk_update_request: I/O error, dev mtdblock0, sector 8 op 0x0:(READ) flags 0x0 phys_seg 8 prio class 0
[   10.462073] Buffer I/O error on dev mtdblock0, logical block 8, async page read
[   10.462082] spi_master spi0: Failed to power device: -22
[   10.462088] blk_update_request: I/O error, dev mtdblock0, sector 9 op 0x0:(READ) flags 0x0 phys_seg 7 prio class 0
[   10.462092] Buffer I/O error on dev mtdblock0, logical block 9, async page read
[   10.462099] spi_master spi0: Failed to power device: -22
[   10.462105] blk_update_request: I/O error, dev mtdblock0, sector 10 op 0x0:(READ) flags 0x0 phys_seg 6 prio class 0
[   10.462109] Buffer I/O error on dev mtdblock0, logical block 10, async page read
[   10.462115] spi_master spi0: Failed to power device: -22
[   10.462121] blk_update_request: I/O error, dev mtdblock0, sector 11 op 0x0:(READ) flags 0x0 phys_seg 5 prio class 0
[   10.462125] Buffer I/O error on dev mtdblock0, logical block 11, async page read
[   10.462132] spi_master spi0: Failed to power device: -22
[   10.462137] blk_update_request: I/O error, dev mtdblock0, sector 12 op 0x0:(READ) flags 0x0 phys_seg 4 prio class 0
[   10.462141] Buffer I/O error on dev mtdblock0, logical block 12, async page read
[   10.462148] spi_master spi0: Failed to power device: -22
[   10.462153] blk_update_request: I/O error, dev mtdblock0, sector 13 op 0x0:(READ) flags 0x0 phys_seg 3 prio class 0
[   10.462157] Buffer I/O error on dev mtdblock0, logical block 13, async page read
[   10.462164] spi_master spi0: Failed to power device: -22
[   10.462169] blk_update_request: I/O error, dev mtdblock0, sector 14 op 0x0:(READ) flags 0x0 phys_seg 2 prio class 0
[   10.462173] Buffer I/O error on dev mtdblock0, logical block 14, async page read
[   10.462179] spi_master spi0: Failed to power device: -22
[   10.462185] blk_update_request: I/O error, dev mtdblock0, sector 15 op 0x0:(READ) flags 0x0 phys_seg 1 prio class 0
[   10.462189] Buffer I/O error on dev mtdblock0, logical block 15, async page read
[   10.462517] spi_master spi0: Failed to power device: -22
[   10.462524] blk_update_request: I/O error, dev mtdblock1, sector 10112 op 0x0:(READ) flags 0x80700 phys_seg 1 prio class 0
[   10.462568] spi_master spi0: Failed to power device: -22
[   10.462573] Buffer I/O error on dev mtdblock1, logical block 10112, async page read
[   10.462581] spi_master spi0: Failed to power device: -22
[   10.462586] Buffer I/O error on dev mtdblock1, logical block 10113, async page read
[   10.462593] spi_master spi0: Failed to power device: -22
[   10.462601] spi_master spi0: Failed to power device: -22
[   10.462608] spi_master spi0: Failed to power device: -22
[   10.462616] spi_master spi0: Failed to power device: -22
[   10.462623] spi_master spi0: Failed to power device: -22
[   10.462630] spi_master spi0: Failed to power device: -22
[   10.462894] spi_master spi0: Failed to power device: -22
[   10.462948] spi_master spi0: Failed to power device: -22
[   10.462958] spi_master spi0: Failed to power device: -22
[   10.462966] spi_master spi0: Failed to power device: -22
[   10.462973] spi_master spi0: Failed to power device: -22
[   10.462981] spi_master spi0: Failed to power device: -22
[   10.462988] spi_master spi0: Failed to power device: -22
[   10.462995] spi_master spi0: Failed to power device: -22
[   10.463002] spi_master spi0: Failed to power device: -22
[   10.463277] spi_master spi0: Failed to power device: -22
[   10.463322] spi_master spi0: Failed to power device: -22
[   10.463331] spi_master spi0: Failed to power device: -22
[   10.463339] spi_master spi0: Failed to power device: -22
[   10.463347] spi_master spi0: Failed to power device: -22
[   10.463354] spi_master spi0: Failed to power device: -22
[   10.463361] spi_master spi0: Failed to power device: -22
[   10.463369] spi_master spi0: Failed to power device: -22
[   10.463376] spi_master spi0: Failed to power device: -22
[   10.589727] EXT4-fs (mmcblk0p2): re-mounted. Opts: (null)
[   10.863271] systemd-journald[168]: Received request to flush runtime journal from PID 1
[   17.097980] macb ff0e0000.ethernet eth0: PHY [ff0e0000.ethernet-ffffffff:0c] driver [TI DP83867] (irq=POLL)
[   17.097992] macb ff0e0000.ethernet eth0: configuring for phy/rgmii-id link mode
[   17.356223] Adding 91132k swap on /var/swap.  Priority:-2 extents:2 across:631856k SS
[   20.248889] broken atomic modeset userspace detected, disabling atomic
[   21.185370] macb ff0e0000.ethernet eth0: Link is Up - 1Gbps/Full - flow control off
[   21.185396] IPv6: ADDRCONF(NETDEV_CHANGE): eth0: link becomes ready
[   23.002756] broken atomic modeset userspace detected, disabling atomic
[   26.117730] broken atomic modeset userspace detected, disabling atomic
[   28.808153] broken atomic modeset userspace detected, disabling atomic