[    0.000000] Booting Linux on physical CPU 0x0000000000 [0x410fd034]
[    0.000000] Linux version 5.10.0-98103-g2aa7ac113716 (jenkins@romlxbuild1.adlk.analog.com) (aarch64-xilinx-linux-gcc.real (GCC) 10.2.0, GNU ld (GNU Binutils) 2.35.0.20200730) #5577 SMP Wed Mar 23 07:28:49 GMT 2022
[    0.000000] Machine model: ZynqMP ZCU102 Rev1.0
[    0.000000] earlycon: cdns0 at MMIO 0x00000000ff000000 (options '115200n8')
[    0.000000] printk: bootconsole [cdns0] enabled
[    0.000000] efi: UEFI not found.
[    0.000000] cma: Reserved 256 MiB at 0x0000000070000000
[    0.000000] Zone ranges:
[    0.000000]   DMA      [mem 0x0000000000000000-0x000000003fffffff]
[    0.000000]   DMA32    [mem 0x0000000040000000-0x00000000ffffffff]
[    0.000000]   Normal   [mem 0x0000000100000000-0x000000087fffffff]
[    0.000000] Movable zone start for each node
[    0.000000] Early memory node ranges
[    0.000000]   node   0: [mem 0x0000000000000000-0x000000007fffffff]
[    0.000000]   node   0: [mem 0x0000000800000000-0x000000087fffffff]
[    0.000000] Initmem setup node 0 [mem 0x0000000000000000-0x000000087fffffff]
[    0.000000] On node 0 totalpages: 1048576
[    0.000000]   DMA zone: 3584 pages used for memmap
[    0.000000]   DMA zone: 0 pages reserved
[    0.000000]   DMA zone: 262144 pages, LIFO batch:63
[    0.000000]   DMA32 zone: 3584 pages used for memmap
[    0.000000]   DMA32 zone: 262144 pages, LIFO batch:63
[    0.000000]   Normal zone: 7168 pages used for memmap
[    0.000000]   Normal zone: 524288 pages, LIFO batch:63
[    0.000000] psci: probing for conduit method from DT.
[    0.000000] psci: PSCIv1.1 detected in firmware.
[    0.000000] psci: Using standard PSCI v0.2 function IDs
[    0.000000] psci: MIGRATE_INFO_TYPE not supported.
[    0.000000] psci: SMC Calling Convention v1.2
[    0.000000] percpu: Embedded 22 pages/cpu s49496 r8192 d32424 u90112
[    0.000000] pcpu-alloc: s49496 r8192 d32424 u90112 alloc=22*4096
[    0.000000] pcpu-alloc: [0] 0 [0] 1 [0] 2 [0] 3 
[    0.000000] Detected VIPT I-cache on CPU0
[    0.000000] CPU features: detected: ARM erratum 845719
[    0.000000] Built 1 zonelists, mobility grouping on.  Total pages: 1034240
[    0.000000] Kernel command line: console=ttyPS0,115200 root=/dev/mmcblk0p2 rw earlycon rootfstype=ext4 rootwait clk_ignore_unused cpuidle.off=1 root=/dev/mmcblk0p2 rw rootwait
[    0.000000] Dentry cache hash table entries: 524288 (order: 10, 4194304 bytes, linear)
[    0.000000] Inode-cache hash table entries: 262144 (order: 9, 2097152 bytes, linear)
[    0.000000] mem auto-init: stack:off, heap alloc:off, heap free:off
[    0.000000] software IO TLB: mapped [mem 0x000000003bfff000-0x000000003ffff000] (64MB)
[    0.000000] Memory: 3761904K/4194304K available (15296K kernel code, 1636K rwdata, 11876K rodata, 2560K init, 507K bss, 170256K reserved, 262144K cma-reserved)
[    0.000000] rcu: Hierarchical RCU implementation.
[    0.000000] rcu: 	RCU event tracing is enabled.
[    0.000000] rcu: 	RCU restricting CPUs from NR_CPUS=8 to nr_cpu_ids=4.
[    0.000000] rcu: RCU calculated value of scheduler-enlistment delay is 25 jiffies.
[    0.000000] rcu: Adjusting geometry for rcu_fanout_leaf=16, nr_cpu_ids=4
[    0.000000] NR_IRQS: 64, nr_irqs: 64, preallocated irqs: 0
[    0.000000] GIC: Adjusting CPU interface base to 0x00000000f902f000
[    0.000000] GIC: Using split EOI/Deactivate mode
[    0.000000] random: get_random_bytes called from start_kernel+0x31c/0x54c with crng_init=0
[    0.000000] arch_timer: cp15 timer(s) running at 100.00MHz (phys).
[    0.000000] clocksource: arch_sys_counter: mask: 0xffffffffffffff max_cycles: 0x171024e7e0, max_idle_ns: 440795205315 ns
[    0.000003] sched_clock: 56 bits at 100MHz, resolution 10ns, wraps every 4398046511100ns
[    0.008462] Console: colour dummy device 80x25
[    0.012483] Calibrating delay loop (skipped), value calculated using timer frequency.. 200.00 BogoMIPS (lpj=400000)
[    0.022841] pid_max: default: 32768 minimum: 301
[    0.027549] Mount-cache hash table entries: 8192 (order: 4, 65536 bytes, linear)
[    0.034789] Mountpoint-cache hash table entries: 8192 (order: 4, 65536 bytes, linear)
[    0.043396] rcu: Hierarchical SRCU implementation.
[    0.047560] EFI services will not be available.
[    0.051940] smp: Bringing up secondary CPUs ...
[    0.056657] Detected VIPT I-cache on CPU1
[    0.056696] CPU1: Booted secondary processor 0x0000000001 [0x410fd034]
[    0.057061] Detected VIPT I-cache on CPU2
[    0.057085] CPU2: Booted secondary processor 0x0000000002 [0x410fd034]
[    0.057424] Detected VIPT I-cache on CPU3
[    0.057447] CPU3: Booted secondary processor 0x0000000003 [0x410fd034]
[    0.057493] smp: Brought up 1 node, 4 CPUs
[    0.091780] SMP: Total of 4 processors activated.
[    0.096452] CPU features: detected: 32-bit EL0 Support
[    0.101556] CPU features: detected: CRC32 instructions
[    0.106696] CPU: All CPU(s) started at EL2
[    0.110737] alternatives: patching kernel code
[    0.116169] devtmpfs: initialized
[    0.124068] Registered cp15_barrier emulation handler
[    0.124119] Registered setend emulation handler
[    0.128101] clocksource: jiffies: mask: 0xffffffff max_cycles: 0xffffffff, max_idle_ns: 7645041785100000 ns
[    0.137678] futex hash table entries: 1024 (order: 4, 65536 bytes, linear)
[    0.151032] pinctrl core: initialized pinctrl subsystem
[    0.151680] NET: Registered protocol family 16
[    0.156100] DMA: preallocated 512 KiB GFP_KERNEL pool for atomic allocations
[    0.162117] DMA: preallocated 512 KiB GFP_KERNEL|GFP_DMA pool for atomic allocations
[    0.169842] DMA: preallocated 512 KiB GFP_KERNEL|GFP_DMA32 pool for atomic allocations
[    0.177644] audit: initializing netlink subsys (disabled)
[    0.183097] audit: type=2000 audit(0.116:1): state=initialized audit_enabled=0 res=1
[    0.183442] hw-breakpoint: found 6 breakpoint and 4 watchpoint registers.
[    0.197472] ASID allocator initialised with 65536 entries
[    0.224364] HugeTLB registered 1.00 GiB page size, pre-allocated 0 pages
[    0.225421] HugeTLB registered 32.0 MiB page size, pre-allocated 0 pages
[    0.232091] HugeTLB registered 2.00 MiB page size, pre-allocated 0 pages
[    0.238755] HugeTLB registered 64.0 KiB page size, pre-allocated 0 pages
[    1.304356] DRBG: Continuing without Jitter RNG
[    1.382144] raid6: neonx8   gen()  2143 MB/s
[    1.450195] raid6: neonx8   xor()  1598 MB/s
[    1.518249] raid6: neonx4   gen()  2199 MB/s
[    1.586302] raid6: neonx4   xor()  1566 MB/s
[    1.654371] raid6: neonx2   gen()  2075 MB/s
[    1.722418] raid6: neonx2   xor()  1435 MB/s
[    1.790485] raid6: neonx1   gen()  1772 MB/s
[    1.858528] raid6: neonx1   xor()  1220 MB/s
[    1.926591] raid6: int64x8  gen()  1438 MB/s
[    1.994641] raid6: int64x8  xor()   771 MB/s
[    2.062713] raid6: int64x4  gen()  1598 MB/s
[    2.130756] raid6: int64x4  xor()   820 MB/s
[    2.198843] raid6: int64x2  gen()  1396 MB/s
[    2.266878] raid6: int64x2  xor()   750 MB/s
[    2.334947] raid6: int64x1  gen()  1033 MB/s
[    2.403015] raid6: int64x1  xor()   517 MB/s
[    2.403053] raid6: using algorithm neonx4 gen() 2199 MB/s
[    2.407004] raid6: .... xor() 1566 MB/s, rmw enabled
[    2.411935] raid6: using neon recovery algorithm
[    2.416952] iommu: Default domain type: Translated 
[    2.421564] SCSI subsystem initialized
[    2.425104] libata version 3.00 loaded.
[    2.425228] usbcore: registered new interface driver usbfs
[    2.430559] usbcore: registered new interface driver hub
[    2.435833] usbcore: registered new device driver usb
[    2.440967] mc: Linux media interface: v0.10
[    2.445083] videodev: Linux video capture interface: v2.00
[    2.450575] EDAC MC: Ver: 3.0.0
[    2.454013] zynqmp-ipi-mbox mailbox@ff990400: Registered ZynqMP IPI mbox with TX/RX channels.
[    2.462535] jesd204: created con: id=0, topo=0, link=0, /axi/spi@ff050000/hmc7044@0 <-> /fpga-axi@0/axi-adxcvr-tx@84b60000
[    2.473104] jesd204: created con: id=1, topo=0, link=2, /axi/spi@ff050000/hmc7044@0 <-> /fpga-axi@0/axi-adxcvr-rx@84a60000
[    2.484087] jesd204: created con: id=2, topo=0, link=0, /fpga-axi@0/axi-adxcvr-tx@84b60000 <-> /fpga-axi@0/axi-jesd204-tx@84b90000
[    2.495763] jesd204: created con: id=3, topo=0, link=2, /fpga-axi@0/axi-adxcvr-rx@84a60000 <-> /fpga-axi@0/axi-jesd204-rx@84a90000
[    2.507440] jesd204: created con: id=4, topo=0, link=0, /fpga-axi@0/axi-jesd204-tx@84b90000 <-> /fpga-axi@0/axi-ad9081-tx-hpc@84b10000
[    2.519468] jesd204: created con: id=5, topo=0, link=2, /fpga-axi@0/axi-jesd204-rx@84a90000 <-> /fpga-axi@0/axi-ad9081-rx-hpc@84a10000
[    2.531491] jesd204: created con: id=6, topo=0, link=2, /fpga-axi@0/axi-ad9081-rx-hpc@84a10000 <-> /axi/spi@ff040000/ad9081@0
[    2.542732] jesd204: created con: id=7, topo=0, link=0, /fpga-axi@0/axi-ad9081-tx-hpc@84b10000 <-> /axi/spi@ff040000/ad9081@0
[    2.553982] jesd204: /axi/spi@ff040000/ad9081@0: JESD204[2] transition uninitialized -> initialized
[    2.562969] jesd204: /axi/spi@ff040000/ad9081@0: JESD204[0] transition uninitialized -> initialized
[    2.571960] jesd204: found 8 devices and 1 topologies
[    2.577004] FPGA manager framework
[    2.580480] Advanced Linux Sound Architecture Driver Initialized.
[    2.586777] Bluetooth: Core ver 2.22
[    2.589965] NET: Registered protocol family 31
[    2.594364] Bluetooth: HCI device and connection manager initialized
[    2.600681] Bluetooth: HCI socket layer initialized
[    2.605523] Bluetooth: L2CAP socket layer initialized
[    2.610547] Bluetooth: SCO socket layer initialized
[    2.615730] clocksource: Switched to clocksource arch_sys_counter
[    2.621537] VFS: Disk quotas dquot_6.6.0
[    2.625374] VFS: Dquot-cache hash table entries: 512 (order 0, 4096 bytes)
[    2.636084] NET: Registered protocol family 2
[    2.636818] tcp_listen_portaddr_hash hash table entries: 2048 (order: 3, 32768 bytes, linear)
[    2.645014] TCP established hash table entries: 32768 (order: 6, 262144 bytes, linear)
[    2.653039] TCP bind hash table entries: 32768 (order: 7, 524288 bytes, linear)
[    2.660484] TCP: Hash tables configured (established 32768 bind 32768)
[    2.666658] UDP hash table entries: 2048 (order: 4, 65536 bytes, linear)
[    2.673325] UDP-Lite hash table entries: 2048 (order: 4, 65536 bytes, linear)
[    2.680483] NET: Registered protocol family 1
[    2.684940] RPC: Registered named UNIX socket transport module.
[    2.690561] RPC: Registered udp transport module.
[    2.695226] RPC: Registered tcp transport module.
[    2.699894] RPC: Registered tcp NFSv4.1 backchannel transport module.
[    2.706888] PCI: CLS 0 bytes, default 64
[    2.710573] hw perfevents: no interrupt-affinity property for /pmu, guessing.
[    2.717456] hw perfevents: enabled with armv8_pmuv3 PMU driver, 7 counters available
[    2.725786] Initialise system trusted keyrings
[    2.729472] workingset: timestamp_bits=62 max_order=20 bucket_order=0
[    2.736374] NFS: Registering the id_resolver key type
[    2.740826] Key type id_resolver registered
[    2.744962] Key type id_legacy registered
[    2.748953] nfs4filelayout_init: NFSv4 File Layout Driver Registering...
[    2.755620] jffs2: version 2.2. (NAND) (SUMMARY)  Â© 2001-2006 Red Hat, Inc.
[    2.798709] NET: Registered protocol family 38
[    2.798751] xor: measuring software checksum speed
[    2.806444]    8regs           :  2363 MB/sec
[    2.810113]    32regs          :  2799 MB/sec
[    2.815056]    arm64_neon      :  2380 MB/sec
[    2.815246] xor: using function: 32regs (2799 MB/sec)
[    2.820272] Key type asymmetric registered
[    2.824333] Asymmetric key parser 'x509' registered
[    2.829196] Block layer SCSI generic (bsg) driver version 0.4 loaded (major 248)
[    2.836531] io scheduler mq-deadline registered
[    2.841027] io scheduler kyber registered
[    2.870433] Serial: 8250/16550 driver, 4 ports, IRQ sharing disabled
[    2.875072] cacheinfo: Unable to detect cache hierarchy for CPU 0
[    2.881401] brd: module loaded
[    2.885543] loop: module loaded
[    2.886091] Registered mathworks_ip class
[    2.889455] libphy: Fixed MDIO Bus: probed
[    2.892413] tun: Universal TUN/TAP device driver, 1.6
[    2.896483] CAN device driver interface
[    2.901019] usbcore: registered new interface driver asix
[    2.905613] usbcore: registered new interface driver ax88179_178a
[    2.911649] usbcore: registered new interface driver cdc_ether
[    2.917443] usbcore: registered new interface driver net1080
[    2.923069] usbcore: registered new interface driver cdc_subset
[    2.928948] usbcore: registered new interface driver zaurus
[    2.934492] usbcore: registered new interface driver cdc_ncm
[    2.940895] ehci_hcd: USB 2.0 'Enhanced' Host Controller (EHCI) Driver
[    2.946578] ehci-pci: EHCI PCI platform driver
[    2.951378] usbcore: registered new interface driver uas
[    2.956293] usbcore: registered new interface driver usb-storage
[    2.962280] usbcore: registered new interface driver usbserial_generic
[    2.968732] usbserial: USB Serial support registered for generic
[    2.974707] usbcore: registered new interface driver ftdi_sio
[    2.980410] usbserial: USB Serial support registered for FTDI USB Serial Device
[    2.987682] usbcore: registered new interface driver upd78f0730
[    2.993556] usbserial: USB Serial support registered for upd78f0730
[    3.001207] rtc_zynqmp ffa60000.rtc: registered as rtc0
[    3.004981] rtc_zynqmp ffa60000.rtc: setting system clock to 2022-03-26T00:49:21 UTC (1648255761)
[    3.013844] i2c /dev entries driver
[    3.019149] usbcore: registered new interface driver uvcvideo
[    3.022957] USB Video Class driver (1.1.1)
[    3.028537] Bluetooth: HCI UART driver ver 2.3
[    3.031428] Bluetooth: HCI UART protocol H4 registered
[    3.036537] Bluetooth: HCI UART protocol BCSP registered
[    3.041826] Bluetooth: HCI UART protocol LL registered
[    3.046915] Bluetooth: HCI UART protocol ATH3K registered
[    3.052289] Bluetooth: HCI UART protocol Three-wire (H5) registered
[    3.058544] Bluetooth: HCI UART protocol Intel registered
[    3.063882] Bluetooth: HCI UART protocol QCA registered
[    3.069084] usbcore: registered new interface driver bcm203x
[    3.074705] usbcore: registered new interface driver bpa10x
[    3.080240] usbcore: registered new interface driver bfusb
[    3.085690] usbcore: registered new interface driver btusb
[    3.091154] usbcore: registered new interface driver ath3k
[    3.096634] EDAC MC: ECC not enabled
[    3.100271] EDAC DEVICE0: Giving out device to module zynqmp-ocm-edac controller zynqmp_ocm: DEV ff960000.memory-controller (INTERRUPT)
[    3.112575] sdhci: Secure Digital Host Controller Interface driver
[    3.118364] sdhci: Copyright(c) Pierre Ossman
[    3.122689] sdhci-pltfm: SDHCI platform and OF driver helper
[    3.128741] ledtrig-cpu: registered to indicate activity on CPUs
[    3.134293] SMCCC: SOC_ID: ARCH_SOC_ID not implemented, skipping ....
[    3.140719] zynqmp_firmware_probe Platform Management API v1.1
[    3.146480] zynqmp_firmware_probe Trustzone version v1.0
[    3.186022] zynqmp-pinctrl firmware:zynqmp-firmware:pinctrl: zynqmp pinctrl initialized
[    3.233938] zynqmp-aes firmware:zynqmp-firmware:zynqmp-aes: will run requests pump with realtime priority
[    3.249727] alg: No test for xilinx-keccak-384 (zynqmp-keccak-384)
[    3.250439] alg: No test for xilinx-zynqmp-rsa (zynqmp-rsa)
[    3.255955] usbcore: registered new interface driver usbhid
[    3.261343] usbhid: USB HID core driver
[    3.272585] axi_sysid 85000000.axi-sysid-0: AXI System ID core version (1.01.a) found
[    3.274933] axi_sysid 85000000.axi-sysid-0: [ad9081_fmca_ebz] on [zcu102] git branch <master> git <084d44c9780640ca93fd847b1d9ec70dd65f5c67> clean [2022-03-18 04:17:50] UTC
[    3.290620] fpga_manager fpga0: Xilinx ZynqMP FPGA Manager registered
[    3.296974] usbcore: registered new interface driver snd-usb-audio
[    3.304429] pktgen: Packet Generator for packet performance testing. Version: 2.75
[    3.310607] Initializing XFRM netlink socket
[    3.314461] NET: Registered protocol family 10
[    3.319176] Segment Routing with IPv6
[    3.322563] sit: IPv6, IPv4 and MPLS over IPv4 tunneling driver
[    3.328632] NET: Registered protocol family 17
[    3.332736] NET: Registered protocol family 15
[    3.337228] can: controller area network core
[    3.341486] NET: Registered protocol family 29
[    3.345874] can: raw protocol
[    3.348810] can: broadcast manager protocol
[    3.352965] can: netlink gateway - max_hops=1
[    3.357361] Bluetooth: RFCOMM TTY layer initialized
[    3.362138] Bluetooth: RFCOMM socket layer initialized
[    3.367250] Bluetooth: RFCOMM ver 1.11
[    3.370957] Bluetooth: BNEP (Ethernet Emulation) ver 1.3
[    3.376228] Bluetooth: BNEP filters: protocol multicast
[    3.381422] Bluetooth: BNEP socket layer initialized
[    3.386350] Bluetooth: HIDP (Human Interface Emulation) ver 1.2
[    3.392233] Bluetooth: HIDP socket layer initialized
[    3.397286] 9pnet: Installing 9P2000 support
[    3.401410] NET: Registered protocol family 36
[    3.405827] Key type dns_resolver registered
[    3.410258] registered taskstats version 1
[    3.414123] Loading compiled-in X.509 certificates
[    3.419235] Btrfs loaded, crc32c=crc32c-generic
[    3.431635] ff000000.serial: ttyPS0 at MMIO 0xff000000 (irq = 49, base_baud = 6249999) is a xuartps
[    3.440658] printk: console [ttyPS0] enabled
[    3.444953] printk: bootconsole [cdns0] disabled
[    3.454583] ff010000.serial: ttyPS1 at MMIO 0xff010000 (irq = 50, base_baud = 6249999) is a xuartps
[    3.467845] of-fpga-region fpga-full: FPGA Region probed
[    3.474789] nwl-pcie fd0e0000.pcie: host bridge /axi/pcie@fd0e0000 ranges:
[    3.481683] nwl-pcie fd0e0000.pcie:      MEM 0x00e0000000..0x00efffffff -> 0x00e0000000
[    3.489691] nwl-pcie fd0e0000.pcie:      MEM 0x0600000000..0x07ffffffff -> 0x0600000000
[    3.497754] nwl-pcie fd0e0000.pcie: Link is DOWN
[    3.502514] nwl-pcie fd0e0000.pcie: PCI host bridge to bus 0000:00
[    3.508690] pci_bus 0000:00: root bus resource [bus 00-ff]
[    3.514171] pci_bus 0000:00: root bus resource [mem 0xe0000000-0xefffffff]
[    3.521042] pci_bus 0000:00: root bus resource [mem 0x600000000-0x7ffffffff pref]
[    3.528546] pci 0000:00:00.0: [10ee:d021] type 01 class 0x060400
[    3.534601] pci 0000:00:00.0: PME# supported from D0 D1 D2 D3hot
[    3.545050] pci 0000:00:00.0: PCI bridge to [bus 01-0c]
[    3.551027] xilinx-zynqmp-dma fd500000.dma: ZynqMP DMA driver Probe success
[    3.558198] xilinx-zynqmp-dma fd510000.dma: ZynqMP DMA driver Probe success
[    3.565374] xilinx-zynqmp-dma fd520000.dma: ZynqMP DMA driver Probe success
[    3.572543] xilinx-zynqmp-dma fd530000.dma: ZynqMP DMA driver Probe success
[    3.579708] xilinx-zynqmp-dma fd540000.dma: ZynqMP DMA driver Probe success
[    3.586878] xilinx-zynqmp-dma fd550000.dma: ZynqMP DMA driver Probe success
[    3.594051] xilinx-zynqmp-dma fd560000.dma: ZynqMP DMA driver Probe success
[    3.601219] xilinx-zynqmp-dma fd570000.dma: ZynqMP DMA driver Probe success
[    3.608616] xilinx-zynqmp-dpdma fd4c0000.dma-controller: Xilinx DPDMA engine is probed
[    3.617172] ahci-ceva fd0c0000.ahci: supply ahci not found, using dummy regulator
[    3.624717] ahci-ceva fd0c0000.ahci: supply phy not found, using dummy regulator
[    3.715900] hmc7044 spi2.0: PLL1: Acquisition, CLKIN0 @ 122880000 Hz, PFD: 80 kHz - PLL2: Locked @ 2532.000000 MHz
[    3.726615] jesd204: /axi/spi@ff050000/hmc7044@0,jesd204:1,parent=spi2.0: Using as SYSREF provider
[    3.736200] spi-nor spi0.0: SPI-NOR-UniqueID 100000235394732200270025081115266e
[    3.743510] spi-nor spi0.0: found n25q512a, expected m25p80
[    3.749708] spi-nor spi0.0: trying to lock already unlocked area
[    3.755711] spi-nor spi0.0: n25q512a (131072 Kbytes)
[    3.760690] 4 fixed-partitions partitions found on MTD device spi0.0
[    3.767035] Creating 4 MTD partitions on "spi0.0":
[    3.771821] 0x000000000000-0x000000100000 : "qspi-fsbl-uboot"
[    3.778310] 0x000000100000-0x000000600000 : "qspi-linux"
[    3.784269] 0x000000600000-0x000000620000 : "qspi-device-tree"
[    3.790746] 0x000000620000-0x000000c00000 : "qspi-rootfs"
[    3.799207] macb ff0e0000.ethernet: Not enabling partial store and forward
[    3.806736] libphy: MACB_mii_bus: probed
[    3.811793] macb ff0e0000.ethernet eth0: Cadence GEM rev 0x50070106 at 0xff0e0000 irq 30 (00:0a:35:04:8e:1b)
[    3.822004] xilinx-axipmon ffa00000.perf-monitor: Probed Xilinx APM
[    3.828575] xilinx-axipmon fd0b0000.perf-monitor: Probed Xilinx APM
[    3.835093] xilinx-axipmon fd490000.perf-monitor: Probed Xilinx APM
[    3.841634] xilinx-axipmon ffa10000.perf-monitor: Probed Xilinx APM
[    3.851622] pca953x 0-0020: supply vcc not found, using dummy regulator
[    3.858302] pca953x 0-0020: using no AI
[    3.862790] gpio-496 (sel0): hogged as output/low
[    3.867690] gpio-497 (sel1): hogged as output/high
[    3.872677] gpio-498 (sel2): hogged as output/high
[    3.877665] gpio-499 (sel3): hogged as output/high
[    3.882840] pca953x 0-0021: supply vcc not found, using dummy regulator
[    3.889512] pca953x 0-0021: using no AI
[    3.895274] ina2xx 2-0040: power monitor ina226 (Rshunt = 5000 uOhm)
[    3.902303] ina2xx 2-0041: power monitor ina226 (Rshunt = 5000 uOhm)
[    3.909335] ina2xx 2-0042: power monitor ina226 (Rshunt = 5000 uOhm)
[    3.916374] ina2xx 2-0043: power monitor ina226 (Rshunt = 5000 uOhm)
[    3.923396] ina2xx 2-0044: power monitor ina226 (Rshunt = 5000 uOhm)
[    3.930419] ina2xx 2-0045: power monitor ina226 (Rshunt = 5000 uOhm)
[    3.937450] ina2xx 2-0046: power monitor ina226 (Rshunt = 5000 uOhm)
[    3.944524] ina2xx 2-0047: power monitor ina226 (Rshunt = 5000 uOhm)
[    3.951556] ina2xx 2-004a: power monitor ina226 (Rshunt = 5000 uOhm)
[    3.958582] ina2xx 2-004b: power monitor ina226 (Rshunt = 5000 uOhm)
[    3.964992] i2c i2c-0: Added multiplexed i2c bus 2
[    3.970377] random: fast init done
[    3.973851] ina2xx 3-0040: power monitor ina226 (Rshunt = 2000 uOhm)
[    3.980878] ina2xx 3-0041: power monitor ina226 (Rshunt = 5000 uOhm)
[    3.987905] ina2xx 3-0042: power monitor ina226 (Rshunt = 5000 uOhm)
[    3.994932] ina2xx 3-0043: power monitor ina226 (Rshunt = 5000 uOhm)
[    4.001961] ina2xx 3-0044: power monitor ina226 (Rshunt = 5000 uOhm)
[    4.008990] ina2xx 3-0045: power monitor ina226 (Rshunt = 5000 uOhm)
[    4.016022] ina2xx 3-0046: power monitor ina226 (Rshunt = 5000 uOhm)
[    4.023049] ina2xx 3-0047: power monitor ina226 (Rshunt = 5000 uOhm)
[    4.029451] i2c i2c-0: Added multiplexed i2c bus 3
[    4.085116] i2c i2c-0: Added multiplexed i2c bus 4
[    4.090052] i2c i2c-0: Added multiplexed i2c bus 5
[    4.094842] pca954x 0-0075: registered 4 multiplexed busses for I2C mux pca9544
[    4.102192] cdns-i2c ff020000.i2c: 400 kHz mmio ff020000 irq 32
[    4.109926] at24 6-0054: supply vcc not found, using dummy regulator
[    4.116827] at24 6-0054: 1024 byte 24c08 EEPROM, writable, 1 bytes/write
[    4.123577] i2c i2c-1: Added multiplexed i2c bus 6
[    4.130004] si5341 7-0036: Chip: 5341 Grade: 1 Rev: 1
[    4.167690] i2c i2c-1: Added multiplexed i2c bus 7
[    4.175338] si570 8-005d: registered, current frequency 300000000 Hz
[    4.181745] i2c i2c-1: Added multiplexed i2c bus 8
[    4.201527] si570 9-005d: registered, current frequency 148500000 Hz
[    4.207930] i2c i2c-1: Added multiplexed i2c bus 9
[    4.212957] si5324 10-0069: si5328 probed
[    4.280089] si5324 10-0069: si5328 probe successful
[    4.285020] i2c i2c-1: Added multiplexed i2c bus 10
[    4.290047] i2c i2c-1: Added multiplexed i2c bus 11
[    4.295076] i2c i2c-1: Added multiplexed i2c bus 12
[    4.300096] i2c i2c-1: Added multiplexed i2c bus 13
[    4.304975] pca954x 1-0074: registered 8 multiplexed busses for I2C switch pca9548
[    4.313083] at24 14-0050: supply vcc not found, using dummy regulator
[    4.319869] at24 14-0050: 256 byte 24c02 EEPROM, writable, 1 bytes/write
[    4.326620] i2c i2c-1: Added multiplexed i2c bus 14
[    4.331660] i2c i2c-1: Added multiplexed i2c bus 15
[    4.336692] i2c i2c-1: Added multiplexed i2c bus 16
[    4.341730] i2c i2c-1: Added multiplexed i2c bus 17
[    4.346760] i2c i2c-1: Added multiplexed i2c bus 18
[    4.351806] i2c i2c-1: Added multiplexed i2c bus 19
[    4.356845] i2c i2c-1: Added multiplexed i2c bus 20
[    4.361885] i2c i2c-1: Added multiplexed i2c bus 21
[    4.366759] pca954x 1-0075: registered 8 multiplexed busses for I2C switch pca9548
[    4.374368] cdns-i2c ff030000.i2c: 400 kHz mmio ff030000 irq 33
[    4.384120] cdns-wdt fd4d0000.watchdog: Xilinx Watchdog Timer with timeout 60s
[    4.395065] axi_adxcvr 84a60000.axi-adxcvr-rx: AXI-ADXCVR-RX (17.05.a) using CPLL on GTH4 at 0x84A60000. Number of lanes: 4.
[    4.407209] axi_adxcvr 84b60000.axi-adxcvr-tx: AXI-ADXCVR-TX (17.05.a) using QPLL on GTH4 at 0x84B60000. Number of lanes: 4.
[    4.418837] axi-jesd204-rx 84a90000.axi-jesd204-rx: AXI-JESD204-RX (1.07.a) at 0x84A90000. Encoder 8b10b, width 4/4, lanes 4, jesd204-fsm.
[    4.426138] mmc0: SDHCI controller on ff170000.mmc [ff170000.mmc] using ADMA 64-bit
[    4.431680] axi-jesd204-tx 84b90000.axi-jesd204-tx: AXI-JESD204-TX (1.06.a) at 0x84B90000. Encoder 8b10b, width 4/4, lanes 4, jesd204-fsm.
[    4.452411] zynqmp-display fd4a0000.display: vtc bridge property not present
[    4.462064] xilinx-dp-snd-codec fd4a0000.display:zynqmp_dp_snd_codec0: Failed to get required clock freq
[    4.471572] xilinx-dp-snd-codec: probe of fd4a0000.display:zynqmp_dp_snd_codec0 failed with error -22
[    4.473512] mmc0: new high speed SDHC card at address 0001
[    4.481110] xilinx-dp-snd-pcm zynqmp_dp_snd_pcm0: Xilinx DisplayPort Sound PCM probed
[    4.486623] mmcblk0: mmc0:0001 EB1QT 29.8 GiB 
[    4.494427] xilinx-dp-snd-pcm zynqmp_dp_snd_pcm1: Xilinx DisplayPort Sound PCM probed
[    4.499779]  mmcblk0: p1 p2 p3
[    4.506733] OF: graph: no port node found in /axi/display@fd4a0000
[    4.515805] xlnx-drm xlnx-drm.0: bound fd4a0000.display (ops 0xffffffc010fcbdb8)
[    5.599746] zynqmp-display fd4a0000.display: [drm] Cannot find any crtc or sizes
[    5.607366] [drm] Initialized xlnx 1.0.0 20130509 for fd4a0000.display on minor 0
[    5.614859] zynqmp-display fd4a0000.display: ZynqMP DisplayPort Subsystem driver probed
[    5.623184] ahci-ceva fd0c0000.ahci: supply ahci not found, using dummy regulator
[    5.630727] ahci-ceva fd0c0000.ahci: supply phy not found, using dummy regulator
[    5.638180] ahci-ceva fd0c0000.ahci: supply target not found, using dummy regulator
[    5.646018] ahci-ceva fd0c0000.ahci: AHCI 0001.0301 32 slots 2 ports 6 Gbps 0x3 impl platform mode
[    5.654974] ahci-ceva fd0c0000.ahci: flags: 64bit ncq sntf pm clo only pmp fbs pio slum part ccc sds apst 
[    5.665680] scsi host0: ahci-ceva
[    5.669268] scsi host1: ahci-ceva
[    5.672692] ata1: SATA max UDMA/133 mmio [mem 0xfd0c0000-0xfd0c1fff] port 0x100 irq 45
[    5.680605] ata2: SATA max UDMA/133 mmio [mem 0xfd0c0000-0xfd0c1fff] port 0x180 irq 45
[    5.689200] ad9081 spi1.0: supply vdd not found, using dummy regulator
[    6.001982] ata1: SATA link down (SStatus 0 SControl 330)
[    6.007396] ata2: SATA link down (SStatus 0 SControl 330)
[    6.683748] zynqmp-display fd4a0000.display: [drm] Cannot find any crtc or sizes
[    6.881194] ad9081 spi1.0: Invalid param passed., "ref_clk_hz < 100000000ULL" in adi_ad9081_device_clk_config_set(...), line554 in drivers/iio/adc/ad9081/adi_ad9081_device.c
[    7.585104] ad9081 spi1.0: AD9081 Rev. 2 Grade 10 (API 1.2.2) probed
[    7.592310] xhci-hcd xhci-hcd.1.auto: xHCI Host Controller
[    7.597802] xhci-hcd xhci-hcd.1.auto: new USB bus registered, assigned bus number 1
[    7.605549] xhci-hcd xhci-hcd.1.auto: hcc params 0x0238f625 hci version 0x100 quirks 0x0000000002010810
[    7.614961] xhci-hcd xhci-hcd.1.auto: irq 59, io mem 0xfe200000
[    7.621074] usb usb1: New USB device found, idVendor=1d6b, idProduct=0002, bcdDevice= 5.10
[    7.629336] usb usb1: New USB device strings: Mfr=3, Product=2, SerialNumber=1
[    7.636554] usb usb1: Product: xHCI Host Controller
[    7.641427] usb usb1: Manufacturer: Linux 5.10.0-98103-g2aa7ac113716 xhci-hcd
[    7.648560] usb usb1: SerialNumber: xhci-hcd.1.auto
[    7.653725] hub 1-0:1.0: USB hub found
[    7.657485] hub 1-0:1.0: 1 port detected
[    7.661595] xhci-hcd xhci-hcd.1.auto: xHCI Host Controller
[    7.667080] xhci-hcd xhci-hcd.1.auto: new USB bus registered, assigned bus number 2
[    7.674736] xhci-hcd xhci-hcd.1.auto: Host supports USB 3.0 SuperSpeed
[    7.681356] usb usb2: New USB device found, idVendor=1d6b, idProduct=0003, bcdDevice= 5.10
[    7.689618] usb usb2: New USB device strings: Mfr=3, Product=2, SerialNumber=1
[    7.696838] usb usb2: Product: xHCI Host Controller
[    7.701706] usb usb2: Manufacturer: Linux 5.10.0-98103-g2aa7ac113716 xhci-hcd
[    7.708831] usb usb2: SerialNumber: xhci-hcd.1.auto
[    7.713938] hub 2-0:1.0: USB hub found
[    7.717693] hub 2-0:1.0: 1 port detected
[    7.747732] cf_axi_adc 84a10000.axi-ad9081-rx-hpc: ADI AIM (10.01.b) at 0x84A10000 mapped to 0x(____ptrval____), probed ADC AD9081 as MASTER
[    7.780569] cf_axi_dds 84b10000.axi-ad9081-tx-hpc: Analog Devices CF_AXI_DDS_DDS MASTER (9.01.b) at 0x84B10000 mapped to 0x(____ptrval____), probed DDS AD9081
[    7.794772] jesd204: /axi/spi@ff040000/ad9081@0,jesd204:0,parent=spi1.0: JESD204[2] transition initialized -> probed
[    7.805292] jesd204: /axi/spi@ff040000/ad9081@0,jesd204:0,parent=spi1.0: JESD204[0] transition initialized -> probed
[    7.815816] jesd204: /axi/spi@ff040000/ad9081@0,jesd204:0,parent=spi1.0: JESD204[2] transition probed -> idle
[    7.825724] jesd204: /axi/spi@ff040000/ad9081@0,jesd204:0,parent=spi1.0: JESD204[0] transition probed -> idle
[    7.835638] jesd204: /axi/spi@ff040000/ad9081@0,jesd204:0,parent=spi1.0: JESD204[2] transition idle -> device_init
[    7.845981] jesd204: /axi/spi@ff040000/ad9081@0,jesd204:0,parent=spi1.0: JESD204[0] transition idle -> device_init
[    7.856332] jesd204: /axi/spi@ff040000/ad9081@0,jesd204:0,parent=spi1.0: JESD204[2] transition device_init -> link_init
[    7.867111] jesd204: /axi/spi@ff040000/ad9081@0,jesd204:0,parent=spi1.0: JESD204[0] transition device_init -> link_init
[    7.877902] jesd204: /axi/spi@ff040000/ad9081@0,jesd204:0,parent=spi1.0: JESD204[2] transition link_init -> link_supported
[    7.888939] jesd204: /axi/spi@ff040000/ad9081@0,jesd204:0,parent=spi1.0: JESD204[0] transition link_init -> link_supported
[    7.900331] hmc7044 spi2.0: hmc7044_jesd204_link_pre_setup: Link2 forcing continuous SYSREF mode
[    7.909568] axi-jesd204-tx 84b90000.axi-jesd204-tx: axi_jesd204_tx_jesd204_link_pre_setup: Link0 set lane rate 8440000 kHz failed (-22)
[    7.921735] jesd204: /fpga-axi@0/axi-jesd204-tx@84b90000,jesd204:5,parent=84b90000.axi-jesd204-tx: JESD204[0] In link_pre_setup got error from cb: -22
[    7.935204] jesd204: /axi/spi@ff040000/ad9081@0,jesd204:0,parent=spi1.0: Rolling back from 'link_supported', got error -22
[    7.946248] jesd204: /axi/spi@ff040000/ad9081@0,jesd204:0,parent=spi1.0: JESD204[0] transition link_supported -> link_pre_setup
[    7.957719] jesd204: /axi/spi@ff040000/ad9081@0,jesd204:0,parent=spi1.0: JESD204[2] transition link_supported -> link_pre_setup
[    7.969197] jesd204: /axi/spi@ff040000/ad9081@0,jesd204:0,parent=spi1.0: JESD204[0] transition link_pre_setup -> link_supported
[    7.980669] jesd204: /axi/spi@ff040000/ad9081@0,jesd204:0,parent=spi1.0: JESD204[2] transition link_pre_setup -> link_supported
[    7.992147] jesd204: /axi/spi@ff040000/ad9081@0,jesd204:0,parent=spi1.0: JESD204[0] transition link_supported -> link_init
[    8.003184] jesd204: /axi/spi@ff040000/ad9081@0,jesd204:0,parent=spi1.0: JESD204[2] transition link_supported -> link_init
[    8.014231] jesd204: /axi/spi@ff040000/ad9081@0,jesd204:0,parent=spi1.0: JESD204[0] transition link_init -> device_init
[    8.025011] jesd204: /axi/spi@ff040000/ad9081@0,jesd204:0,parent=spi1.0: JESD204[2] transition link_init -> device_init
[    8.035790] jesd204: /axi/spi@ff040000/ad9081@0,jesd204:0,parent=spi1.0: JESD204[0] transition device_init -> idle
[    8.046133] jesd204: /axi/spi@ff040000/ad9081@0,jesd204:0,parent=spi1.0: JESD204[2] transition device_init -> idle
[    8.056485] jesd204: /axi/spi@ff040000/ad9081@0,jesd204:0,parent=spi1.0: JESD204[2] transition idle -> idle
[    8.066225] jesd204: /axi/spi@ff040000/ad9081@0,jesd204:0,parent=spi1.0: JESD204[0] transition idle -> idle
[    8.075961] jesd204: /axi/spi@ff040000/ad9081@0,jesd204:0,parent=spi1.0: JESD204[2] transition idle -> device_init
[    8.086304] jesd204: /axi/spi@ff040000/ad9081@0,jesd204:0,parent=spi1.0: JESD204[0] transition idle -> device_init
[    8.096656] jesd204: /axi/spi@ff040000/ad9081@0,jesd204:0,parent=spi1.0: JESD204[2] transition device_init -> link_init
[    8.107431] jesd204: /axi/spi@ff040000/ad9081@0,jesd204:0,parent=spi1.0: JESD204[0] transition device_init -> link_init
[    8.118220] jesd204: /axi/spi@ff040000/ad9081@0,jesd204:0,parent=spi1.0: JESD204[2] transition link_init -> link_supported
[    8.129262] jesd204: /axi/spi@ff040000/ad9081@0,jesd204:0,parent=spi1.0: JESD204[0] transition link_init -> link_supported
[    8.140602] axi-jesd204-tx 84b90000.axi-jesd204-tx: axi_jesd204_tx_jesd204_link_pre_setup: Link0 set lane rate 8440000 kHz failed (-22)
[    8.152772] jesd204: /fpga-axi@0/axi-jesd204-tx@84b90000,jesd204:5,parent=84b90000.axi-jesd204-tx: JESD204[0] In link_pre_setup got error from cb: -22
[    8.166239] jesd204: /axi/spi@ff040000/ad9081@0,jesd204:0,parent=spi1.0: Rolling back from 'link_supported', got error -22
[    8.177283] jesd204: /axi/spi@ff040000/ad9081@0,jesd204:0,parent=spi1.0: JESD204[0] transition link_supported -> link_pre_setup
[    8.188754] jesd204: /axi/spi@ff040000/ad9081@0,jesd204:0,parent=spi1.0: JESD204[2] transition link_supported -> link_pre_setup
[    8.200232] jesd204: /axi/spi@ff040000/ad9081@0,jesd204:0,parent=spi1.0: JESD204[0] transition link_pre_setup -> link_supported
[    8.211704] jesd204: /axi/spi@ff040000/ad9081@0,jesd204:0,parent=spi1.0: JESD204[2] transition link_pre_setup -> link_supported
[    8.223183] jesd204: /axi/spi@ff040000/ad9081@0,jesd204:0,parent=spi1.0: JESD204[0] transition link_supported -> link_init
[    8.234220] jesd204: /axi/spi@ff040000/ad9081@0,jesd204:0,parent=spi1.0: JESD204[2] transition link_supported -> link_init
[    8.245267] jesd204: /axi/spi@ff040000/ad9081@0,jesd204:0,parent=spi1.0: JESD204[0] transition link_init -> device_init
[    8.256043] jesd204: /axi/spi@ff040000/ad9081@0,jesd204:0,parent=spi1.0: JESD204[2] transition link_init -> device_init
[    8.266825] jesd204: /axi/spi@ff040000/ad9081@0,jesd204:0,parent=spi1.0: JESD204[0] transition device_init -> idle
[    8.277173] jesd204: /axi/spi@ff040000/ad9081@0,jesd204:0,parent=spi1.0: JESD204[2] transition device_init -> idle
[    8.287520] jesd204: /axi/spi@ff040000/ad9081@0,jesd204:0,parent=spi1.0: JESD204[2] transition idle -> idle
[    8.297254] jesd204: /axi/spi@ff040000/ad9081@0,jesd204:0,parent=spi1.0: JESD204[0] transition idle -> idle
[    8.306997] jesd204: /axi/spi@ff040000/ad9081@0,jesd204:0,parent=spi1.0: JESD204[2] transition idle -> device_init
[    8.317340] jesd204: /axi/spi@ff040000/ad9081@0,jesd204:0,parent=spi1.0: JESD204[0] transition idle -> device_init
[    8.327690] jesd204: /axi/spi@ff040000/ad9081@0,jesd204:0,parent=spi1.0: JESD204[2] transition device_init -> link_init
[    8.338467] jesd204: /axi/spi@ff040000/ad9081@0,jesd204:0,parent=spi1.0: JESD204[0] transition device_init -> link_init
[    8.349255] jesd204: /axi/spi@ff040000/ad9081@0,jesd204:0,parent=spi1.0: JESD204[2] transition link_init -> link_supported
[    8.360300] jesd204: /axi/spi@ff040000/ad9081@0,jesd204:0,parent=spi1.0: JESD204[0] transition link_init -> link_supported
[    8.371634] axi-jesd204-tx 84b90000.axi-jesd204-tx: axi_jesd204_tx_jesd204_link_pre_setup: Link0 set lane rate 8440000 kHz failed (-22)
[    8.383805] jesd204: /fpga-axi@0/axi-jesd204-tx@84b90000,jesd204:5,parent=84b90000.axi-jesd204-tx: JESD204[0] In link_pre_setup got error from cb: -22
[    8.397274] jesd204: /axi/spi@ff040000/ad9081@0,jesd204:0,parent=spi1.0: Rolling back from 'link_supported', got error -22
[    8.408321] jesd204: /axi/spi@ff040000/ad9081@0,jesd204:0,parent=spi1.0: JESD204[0] transition link_supported -> link_pre_setup
[    8.419790] jesd204: /axi/spi@ff040000/ad9081@0,jesd204:0,parent=spi1.0: JESD204[2] transition link_supported -> link_pre_setup
[    8.431268] jesd204: /axi/spi@ff040000/ad9081@0,jesd204:0,parent=spi1.0: JESD204[0] transition link_pre_setup -> link_supported
[    8.442743] jesd204: /axi/spi@ff040000/ad9081@0,jesd204:0,parent=spi1.0: JESD204[2] transition link_pre_setup -> link_supported
[    8.454218] jesd204: /axi/spi@ff040000/ad9081@0,jesd204:0,parent=spi1.0: JESD204[0] transition link_supported -> link_init
[    8.465256] jesd204: /axi/spi@ff040000/ad9081@0,jesd204:0,parent=spi1.0: JESD204[2] transition link_supported -> link_init
[    8.476303] jesd204: /axi/spi@ff040000/ad9081@0,jesd204:0,parent=spi1.0: JESD204[0] transition link_init -> device_init
[    8.487077] jesd204: /axi/spi@ff040000/ad9081@0,jesd204:0,parent=spi1.0: JESD204[2] transition link_init -> device_init
[    8.497860] jesd204: /axi/spi@ff040000/ad9081@0,jesd204:0,parent=spi1.0: JESD204[0] transition device_init -> idle
[    8.508203] jesd204: /axi/spi@ff040000/ad9081@0,jesd204:0,parent=spi1.0: JESD204[2] transition device_init -> idle
[    8.518556] jesd204: /axi/spi@ff040000/ad9081@0,jesd204:0,parent=spi1.0: JESD204[2] transition idle -> idle
[    8.528290] jesd204: /axi/spi@ff040000/ad9081@0,jesd204:0,parent=spi1.0: JESD204[0] transition idle -> idle
[    8.538036] jesd204: /axi/spi@ff040000/ad9081@0,jesd204:0,parent=spi1.0: JESD204[2] transition idle -> device_init
[    8.548376] jesd204: /axi/spi@ff040000/ad9081@0,jesd204:0,parent=spi1.0: JESD204[0] transition idle -> device_init
[    8.558725] jesd204: /axi/spi@ff040000/ad9081@0,jesd204:0,parent=spi1.0: JESD204[2] transition device_init -> link_init
[    8.569502] jesd204: /axi/spi@ff040000/ad9081@0,jesd204:0,parent=spi1.0: JESD204[0] transition device_init -> link_init
[    8.580290] jesd204: /axi/spi@ff040000/ad9081@0,jesd204:0,parent=spi1.0: JESD204[2] transition link_init -> link_supported
[    8.591333] jesd204: /axi/spi@ff040000/ad9081@0,jesd204:0,parent=spi1.0: JESD204[0] transition link_init -> link_supported
[    8.602670] axi-jesd204-tx 84b90000.axi-jesd204-tx: axi_jesd204_tx_jesd204_link_pre_setup: Link0 set lane rate 8440000 kHz failed (-22)
[    8.614839] jesd204: /fpga-axi@0/axi-jesd204-tx@84b90000,jesd204:5,parent=84b90000.axi-jesd204-tx: JESD204[0] In link_pre_setup got error from cb: -22
[    8.628310] jesd204: /axi/spi@ff040000/ad9081@0,jesd204:0,parent=spi1.0: Rolling back from 'link_supported', got error -22
[    8.639354] jesd204: /axi/spi@ff040000/ad9081@0,jesd204:0,parent=spi1.0: JESD204[0] transition link_supported -> link_pre_setup
[    8.650825] jesd204: /axi/spi@ff040000/ad9081@0,jesd204:0,parent=spi1.0: JESD204[2] transition link_supported -> link_pre_setup
[    8.662307] jesd204: /axi/spi@ff040000/ad9081@0,jesd204:0,parent=spi1.0: JESD204[0] transition link_pre_setup -> link_supported
[    8.673784] jesd204: /axi/spi@ff040000/ad9081@0,jesd204:0,parent=spi1.0: JESD204[2] transition link_pre_setup -> link_supported
[    8.685262] jesd204: /axi/spi@ff040000/ad9081@0,jesd204:0,parent=spi1.0: JESD204[0] transition link_supported -> link_init
[    8.696300] jesd204: /axi/spi@ff040000/ad9081@0,jesd204:0,parent=spi1.0: JESD204[2] transition link_supported -> link_init
[    8.707347] jesd204: /axi/spi@ff040000/ad9081@0,jesd204:0,parent=spi1.0: JESD204[0] transition link_init -> device_init
[    8.718122] jesd204: /axi/spi@ff040000/ad9081@0,jesd204:0,parent=spi1.0: JESD204[2] transition link_init -> device_init
[    8.728905] jesd204: /axi/spi@ff040000/ad9081@0,jesd204:0,parent=spi1.0: JESD204[0] transition device_init -> idle
[    8.739249] jesd204: /axi/spi@ff040000/ad9081@0,jesd204:0,parent=spi1.0: JESD204[2] transition device_init -> idle
[    8.749594] jesd204: /axi/spi@ff040000/ad9081@0,jesd204:0,parent=spi1.0: FSM completed with error -22
[    8.768041] input: gpio-keys as /devices/platform/gpio-keys/input/input0
[    8.775057] of_cfs_init
[    8.777517] of_cfs_init: OK
[    8.780463] cfg80211: Loading compiled-in X.509 certificates for regulatory database
[    8.918771] cfg80211: Loaded X.509 cert 'sforshee: 00b28ddf47aef9cea7'
[    8.925302] clk: Not disabling unused clocks
[    8.929827] ALSA device list:
[    8.932790]   No soundcards found.
[    8.936465] platform regulatory.0: Direct firmware load for regulatory.db failed with error -2
[    8.945078] cfg80211: failed to load regulatory.db
[    8.960057] EXT4-fs (mmcblk0p2): mounted filesystem with ordered data mode. Opts: (null)
[    8.968172] VFS: Mounted root (ext4 filesystem) on device 179:2.
[    8.981681] devtmpfs: mounted
[    8.985490] Freeing unused kernel memory: 2560K
[    8.999787] Run /sbin/init as init process
[    9.003887]   with arguments:
[    9.003889]     /sbin/init
[    9.003891]   with environment:
[    9.003894]     HOME=/
[    9.003896]     TERM=linux
[    9.572572] systemd[1]: systemd 241 running in system mode. (+PAM +AUDIT +SELINUX +IMA +APPARMOR +SMACK +SYSVINIT +UTMP +LIBCRYPTSETUP +GCRYPT +GNUTLS +ACL +XZ +LZ4 +SECCOMP +BLKID +ELFUTILS +KMOD -IDN2 +IDN -PCRE2 default-hierarchy=hybrid)
[    9.594472] systemd[1]: Detected architecture arm64.
[    9.616448] systemd[1]: Set hostname to <analog>.
[    9.808647] systemd[1]: File /lib/systemd/system/systemd-journald.service:12 configures an IP firewall (IPAddressDeny=any), but the local system does not support BPF/cgroup based firewalling.
[    9.825735] systemd[1]: Proceeding WITHOUT firewalling in effect! (This warning is only shown for the first loaded unit using IP firewalling.)
[    9.992554] systemd[1]: /etc/systemd/system/tof-server.service:1: Assignment outside of section. Ignoring.
[   10.002249] systemd[1]: /etc/systemd/system/tof-server.service:2: Assignment outside of section. Ignoring.
[   10.185805] random: systemd: uninitialized urandom read (16 bytes read)
[   10.200623] systemd[1]: Condition check resulted in Arbitrary Executable File Formats File System Automount Point being skipped.
[   10.212276] random: systemd: uninitialized urandom read (16 bytes read)
[   10.219466] systemd[1]: Created slice system-serial\x2dgetty.slice.
[   10.243815] random: systemd: uninitialized urandom read (16 bytes read)
[   10.250793] systemd[1]: Listening on Journal Socket (/dev/log).
[   11.055069] EXT4-fs (mmcblk0p2): re-mounted. Opts: (null)
[   11.171061] systemd-journald[157]: Received request to flush runtime journal from PID 1
[   16.644310] random: crng init done
[   16.644319] random: 7 urandom warning(s) missed due to ratelimiting
[   17.039400] macb ff0e0000.ethernet eth0: PHY [ff0e0000.ethernet-ffffffff:0c] driver [TI DP83867] (irq=POLL)
[   17.039413] macb ff0e0000.ethernet eth0: configuring for phy/rgmii-id link mode
[   17.355887] Adding 94204k swap on /var/swap.  Priority:-2 extents:1 across:94204k SS
[   19.916421] broken atomic modeset userspace detected, disabling atomic
[   21.121343] macb ff0e0000.ethernet eth0: Link is Up - 1Gbps/Full - flow control off
[   21.121369] IPv6: ADDRCONF(NETDEV_CHANGE): eth0: link becomes ready
[   22.597601] broken atomic modeset userspace detected, disabling atomic
[   25.467821] broken atomic modeset userspace detected, disabling atomic
[   28.106299] broken atomic modeset userspace detected, disabling atomic