[    0.000000] Booting Linux on physical CPU 0x0000000000 [0x410fd034]
[    0.000000] Linux version 5.10.0-98103-g2aa7ac113716 (jenkins@romlxbuild1.adlk.analog.com) (aarch64-xilinx-linux-gcc.real (GCC) 10.2.0, GNU ld (GNU Binutils) 2.35.0.20200730) #5577 SMP Wed Mar 23 07:28:49 GMT 2022
[    0.000000] Machine model: ZynqMP ZCU102 Rev1.0
[    0.000000] earlycon: cdns0 at MMIO 0x00000000ff000000 (options '115200n8')
[    0.000000] printk: bootconsole [cdns0] enabled
[    0.000000] efi: UEFI not found.
[    0.000000] cma: Reserved 256 MiB at 0x0000000070000000
[    0.000000] Zone ranges:
[    0.000000]   DMA      [mem 0x0000000000000000-0x000000003fffffff]
[    0.000000]   DMA32    [mem 0x0000000040000000-0x00000000ffffffff]
[    0.000000]   Normal   [mem 0x0000000100000000-0x000000087fffffff]
[    0.000000] Movable zone start for each node
[    0.000000] Early memory node ranges
[    0.000000]   node   0: [mem 0x0000000000000000-0x000000007fffffff]
[    0.000000]   node   0: [mem 0x0000000800000000-0x000000087fffffff]
[    0.000000] Initmem setup node 0 [mem 0x0000000000000000-0x000000087fffffff]
[    0.000000] On node 0 totalpages: 1048576
[    0.000000]   DMA zone: 3584 pages used for memmap
[    0.000000]   DMA zone: 0 pages reserved
[    0.000000]   DMA zone: 262144 pages, LIFO batch:63
[    0.000000]   DMA32 zone: 3584 pages used for memmap
[    0.000000]   DMA32 zone: 262144 pages, LIFO batch:63
[    0.000000]   Normal zone: 7168 pages used for memmap
[    0.000000]   Normal zone: 524288 pages, LIFO batch:63
[    0.000000] psci: probing for conduit method from DT.
[    0.000000] psci: PSCIv1.1 detected in firmware.
[    0.000000] psci: Using standard PSCI v0.2 function IDs
[    0.000000] psci: MIGRATE_INFO_TYPE not supported.
[    0.000000] psci: SMC Calling Convention v1.2
[    0.000000] percpu: Embedded 22 pages/cpu s49496 r8192 d32424 u90112
[    0.000000] pcpu-alloc: s49496 r8192 d32424 u90112 alloc=22*4096
[    0.000000] pcpu-alloc: [0] 0 [0] 1 [0] 2 [0] 3 
[    0.000000] Detected VIPT I-cache on CPU0
[    0.000000] CPU features: detected: ARM erratum 845719
[    0.000000] Built 1 zonelists, mobility grouping on.  Total pages: 1034240
[    0.000000] Kernel command line: console=ttyPS0,115200 root=/dev/mmcblk0p2 rw earlycon rootfstype=ext4 rootwait clk_ignore_unused cpuidle.off=1 root=/dev/mmcblk0p2 rw rootwait
[    0.000000] Dentry cache hash table entries: 524288 (order: 10, 4194304 bytes, linear)
[    0.000000] Inode-cache hash table entries: 262144 (order: 9, 2097152 bytes, linear)
[    0.000000] mem auto-init: stack:off, heap alloc:off, heap free:off
[    0.000000] software IO TLB: mapped [mem 0x000000003bfff000-0x000000003ffff000] (64MB)
[    0.000000] Memory: 3761904K/4194304K available (15296K kernel code, 1636K rwdata, 11876K rodata, 2560K init, 507K bss, 170256K reserved, 262144K cma-reserved)
[    0.000000] rcu: Hierarchical RCU implementation.
[    0.000000] rcu: 	RCU event tracing is enabled.
[    0.000000] rcu: 	RCU restricting CPUs from NR_CPUS=8 to nr_cpu_ids=4.
[    0.000000] rcu: RCU calculated value of scheduler-enlistment delay is 25 jiffies.
[    0.000000] rcu: Adjusting geometry for rcu_fanout_leaf=16, nr_cpu_ids=4
[    0.000000] NR_IRQS: 64, nr_irqs: 64, preallocated irqs: 0
[    0.000000] GIC: Adjusting CPU interface base to 0x00000000f902f000
[    0.000000] GIC: Using split EOI/Deactivate mode
[    0.000000] random: get_random_bytes called from start_kernel+0x31c/0x54c with crng_init=0
[    0.000000] arch_timer: cp15 timer(s) running at 100.00MHz (phys).
[    0.000000] clocksource: arch_sys_counter: mask: 0xffffffffffffff max_cycles: 0x171024e7e0, max_idle_ns: 440795205315 ns
[    0.000003] sched_clock: 56 bits at 100MHz, resolution 10ns, wraps every 4398046511100ns
[    0.008461] Console: colour dummy device 80x25
[    0.012483] Calibrating delay loop (skipped), value calculated using timer frequency.. 200.00 BogoMIPS (lpj=400000)
[    0.022840] pid_max: default: 32768 minimum: 301
[    0.027550] Mount-cache hash table entries: 8192 (order: 4, 65536 bytes, linear)
[    0.034788] Mountpoint-cache hash table entries: 8192 (order: 4, 65536 bytes, linear)
[    0.043397] rcu: Hierarchical SRCU implementation.
[    0.047561] EFI services will not be available.
[    0.051938] smp: Bringing up secondary CPUs ...
[    0.056656] Detected VIPT I-cache on CPU1
[    0.056697] CPU1: Booted secondary processor 0x0000000001 [0x410fd034]
[    0.057060] Detected VIPT I-cache on CPU2
[    0.057084] CPU2: Booted secondary processor 0x0000000002 [0x410fd034]
[    0.057421] Detected VIPT I-cache on CPU3
[    0.057444] CPU3: Booted secondary processor 0x0000000003 [0x410fd034]
[    0.057491] smp: Brought up 1 node, 4 CPUs
[    0.091780] SMP: Total of 4 processors activated.
[    0.096452] CPU features: detected: 32-bit EL0 Support
[    0.101555] CPU features: detected: CRC32 instructions
[    0.106695] CPU: All CPU(s) started at EL2
[    0.110736] alternatives: patching kernel code
[    0.116170] devtmpfs: initialized
[    0.124062] Registered cp15_barrier emulation handler
[    0.124113] Registered setend emulation handler
[    0.128092] clocksource: jiffies: mask: 0xffffffff max_cycles: 0xffffffff, max_idle_ns: 7645041785100000 ns
[    0.137670] futex hash table entries: 1024 (order: 4, 65536 bytes, linear)
[    0.151021] pinctrl core: initialized pinctrl subsystem
[    0.151663] NET: Registered protocol family 16
[    0.156082] DMA: preallocated 512 KiB GFP_KERNEL pool for atomic allocations
[    0.162098] DMA: preallocated 512 KiB GFP_KERNEL|GFP_DMA pool for atomic allocations
[    0.169823] DMA: preallocated 512 KiB GFP_KERNEL|GFP_DMA32 pool for atomic allocations
[    0.177627] audit: initializing netlink subsys (disabled)
[    0.183079] audit: type=2000 audit(0.116:1): state=initialized audit_enabled=0 res=1
[    0.183424] hw-breakpoint: found 6 breakpoint and 4 watchpoint registers.
[    0.197455] ASID allocator initialised with 65536 entries
[    0.224356] HugeTLB registered 1.00 GiB page size, pre-allocated 0 pages
[    0.225411] HugeTLB registered 32.0 MiB page size, pre-allocated 0 pages
[    0.232082] HugeTLB registered 2.00 MiB page size, pre-allocated 0 pages
[    0.238746] HugeTLB registered 64.0 KiB page size, pre-allocated 0 pages
[    1.304414] DRBG: Continuing without Jitter RNG
[    1.382130] raid6: neonx8   gen()  2145 MB/s
[    1.450182] raid6: neonx8   xor()  1599 MB/s
[    1.518239] raid6: neonx4   gen()  2202 MB/s
[    1.586289] raid6: neonx4   xor()  1569 MB/s
[    1.654352] raid6: neonx2   gen()  2075 MB/s
[    1.722402] raid6: neonx2   xor()  1441 MB/s
[    1.790467] raid6: neonx1   gen()  1772 MB/s
[    1.858524] raid6: neonx1   xor()  1220 MB/s
[    1.926572] raid6: int64x8  gen()  1438 MB/s
[    1.994631] raid6: int64x8  xor()   771 MB/s
[    2.062694] raid6: int64x4  gen()  1599 MB/s
[    2.130749] raid6: int64x4  xor()   813 MB/s
[    2.198826] raid6: int64x2  gen()  1397 MB/s
[    2.266867] raid6: int64x2  xor()   750 MB/s
[    2.334955] raid6: int64x1  gen()  1034 MB/s
[    2.403005] raid6: int64x1  xor()   517 MB/s
[    2.403044] raid6: using algorithm neonx4 gen() 2202 MB/s
[    2.406995] raid6: .... xor() 1569 MB/s, rmw enabled
[    2.411926] raid6: using neon recovery algorithm
[    2.416942] iommu: Default domain type: Translated 
[    2.421552] SCSI subsystem initialized
[    2.425095] libata version 3.00 loaded.
[    2.425218] usbcore: registered new interface driver usbfs
[    2.430550] usbcore: registered new interface driver hub
[    2.435824] usbcore: registered new device driver usb
[    2.440957] mc: Linux media interface: v0.10
[    2.445074] videodev: Linux video capture interface: v2.00
[    2.450566] EDAC MC: Ver: 3.0.0
[    2.454001] zynqmp-ipi-mbox mailbox@ff990400: Registered ZynqMP IPI mbox with TX/RX channels.
[    2.462513] jesd204: created con: id=0, topo=0, link=0, /axi/spi@ff050000/hmc7044@0 <-> /fpga-axi@0/axi-adxcvr-tx@84b60000
[    2.473095] jesd204: created con: id=1, topo=0, link=2, /axi/spi@ff050000/hmc7044@0 <-> /fpga-axi@0/axi-adxcvr-rx@84a60000
[    2.484078] jesd204: created con: id=2, topo=0, link=0, /fpga-axi@0/axi-adxcvr-tx@84b60000 <-> /fpga-axi@0/axi-jesd204-tx@84b90000
[    2.495754] jesd204: created con: id=3, topo=0, link=2, /fpga-axi@0/axi-adxcvr-rx@84a60000 <-> /fpga-axi@0/axi-jesd204-rx@84a90000
[    2.507432] jesd204: created con: id=4, topo=0, link=0, /fpga-axi@0/axi-jesd204-tx@84b90000 <-> /fpga-axi@0/axi-ad9081-tx-hpc@84b10000
[    2.519459] jesd204: created con: id=5, topo=0, link=2, /fpga-axi@0/axi-jesd204-rx@84a90000 <-> /fpga-axi@0/axi-ad9081-rx-hpc@84a10000
[    2.531482] jesd204: created con: id=6, topo=0, link=2, /fpga-axi@0/axi-ad9081-rx-hpc@84a10000 <-> /axi/spi@ff040000/ad9081@0
[    2.542723] jesd204: created con: id=7, topo=0, link=0, /fpga-axi@0/axi-ad9081-tx-hpc@84b10000 <-> /axi/spi@ff040000/ad9081@0
[    2.553973] jesd204: /axi/spi@ff040000/ad9081@0: JESD204[2] transition uninitialized -> initialized
[    2.562960] jesd204: /axi/spi@ff040000/ad9081@0: JESD204[0] transition uninitialized -> initialized
[    2.571951] jesd204: found 8 devices and 1 topologies
[    2.576995] FPGA manager framework
[    2.580472] Advanced Linux Sound Architecture Driver Initialized.
[    2.586767] Bluetooth: Core ver 2.22
[    2.589956] NET: Registered protocol family 31
[    2.594356] Bluetooth: HCI device and connection manager initialized
[    2.600672] Bluetooth: HCI socket layer initialized
[    2.605514] Bluetooth: L2CAP socket layer initialized
[    2.610538] Bluetooth: SCO socket layer initialized
[    2.615722] clocksource: Switched to clocksource arch_sys_counter
[    2.621526] VFS: Disk quotas dquot_6.6.0
[    2.625364] VFS: Dquot-cache hash table entries: 512 (order 0, 4096 bytes)
[    2.636081] NET: Registered protocol family 2
[    2.636811] tcp_listen_portaddr_hash hash table entries: 2048 (order: 3, 32768 bytes, linear)
[    2.645005] TCP established hash table entries: 32768 (order: 6, 262144 bytes, linear)
[    2.653030] TCP bind hash table entries: 32768 (order: 7, 524288 bytes, linear)
[    2.660475] TCP: Hash tables configured (established 32768 bind 32768)
[    2.666650] UDP hash table entries: 2048 (order: 4, 65536 bytes, linear)
[    2.673316] UDP-Lite hash table entries: 2048 (order: 4, 65536 bytes, linear)
[    2.680477] NET: Registered protocol family 1
[    2.684953] RPC: Registered named UNIX socket transport module.
[    2.690552] RPC: Registered udp transport module.
[    2.695217] RPC: Registered tcp transport module.
[    2.699887] RPC: Registered tcp NFSv4.1 backchannel transport module.
[    2.706873] PCI: CLS 0 bytes, default 64
[    2.710574] hw perfevents: no interrupt-affinity property for /pmu, guessing.
[    2.717440] hw perfevents: enabled with armv8_pmuv3 PMU driver, 7 counters available
[    2.725781] Initialise system trusted keyrings
[    2.729464] workingset: timestamp_bits=62 max_order=20 bucket_order=0
[    2.736363] NFS: Registering the id_resolver key type
[    2.740815] Key type id_resolver registered
[    2.744954] Key type id_legacy registered
[    2.748945] nfs4filelayout_init: NFSv4 File Layout Driver Registering...
[    2.755610] jffs2: version 2.2. (NAND) (SUMMARY)  Â© 2001-2006 Red Hat, Inc.
[    2.798728] NET: Registered protocol family 38
[    2.798770] xor: measuring software checksum speed
[    2.806462]    8regs           :  2363 MB/sec
[    2.810130]    32regs          :  2799 MB/sec
[    2.815072]    arm64_neon      :  2380 MB/sec
[    2.815262] xor: using function: 32regs (2799 MB/sec)
[    2.820288] Key type asymmetric registered
[    2.824350] Asymmetric key parser 'x509' registered
[    2.829210] Block layer SCSI generic (bsg) driver version 0.4 loaded (major 248)
[    2.836548] io scheduler mq-deadline registered
[    2.841044] io scheduler kyber registered
[    2.870435] Serial: 8250/16550 driver, 4 ports, IRQ sharing disabled
[    2.875083] cacheinfo: Unable to detect cache hierarchy for CPU 0
[    2.881415] brd: module loaded
[    2.885554] loop: module loaded
[    2.886099] Registered mathworks_ip class
[    2.889460] libphy: Fixed MDIO Bus: probed
[    2.892415] tun: Universal TUN/TAP device driver, 1.6
[    2.896487] CAN device driver interface
[    2.901019] usbcore: registered new interface driver asix
[    2.905609] usbcore: registered new interface driver ax88179_178a
[    2.911647] usbcore: registered new interface driver cdc_ether
[    2.917444] usbcore: registered new interface driver net1080
[    2.923066] usbcore: registered new interface driver cdc_subset
[    2.928948] usbcore: registered new interface driver zaurus
[    2.934492] usbcore: registered new interface driver cdc_ncm
[    2.940897] ehci_hcd: USB 2.0 'Enhanced' Host Controller (EHCI) Driver
[    2.946577] ehci-pci: EHCI PCI platform driver
[    2.951366] usbcore: registered new interface driver uas
[    2.956295] usbcore: registered new interface driver usb-storage
[    2.962280] usbcore: registered new interface driver usbserial_generic
[    2.968734] usbserial: USB Serial support registered for generic
[    2.974705] usbcore: registered new interface driver ftdi_sio
[    2.980407] usbserial: USB Serial support registered for FTDI USB Serial Device
[    2.987679] usbcore: registered new interface driver upd78f0730
[    2.993555] usbserial: USB Serial support registered for upd78f0730
[    3.001214] rtc_zynqmp ffa60000.rtc: registered as rtc0
[    3.004986] rtc_zynqmp ffa60000.rtc: setting system clock to 2022-03-26T02:59:07 UTC (1648263547)
[    3.013844] i2c /dev entries driver
[    3.019153] usbcore: registered new interface driver uvcvideo
[    3.022956] USB Video Class driver (1.1.1)
[    3.028549] Bluetooth: HCI UART driver ver 2.3
[    3.031428] Bluetooth: HCI UART protocol H4 registered
[    3.036542] Bluetooth: HCI UART protocol BCSP registered
[    3.041828] Bluetooth: HCI UART protocol LL registered
[    3.046916] Bluetooth: HCI UART protocol ATH3K registered
[    3.052294] Bluetooth: HCI UART protocol Three-wire (H5) registered
[    3.058545] Bluetooth: HCI UART protocol Intel registered
[    3.063881] Bluetooth: HCI UART protocol QCA registered
[    3.069082] usbcore: registered new interface driver bcm203x
[    3.074705] usbcore: registered new interface driver bpa10x
[    3.080240] usbcore: registered new interface driver bfusb
[    3.085689] usbcore: registered new interface driver btusb
[    3.091151] usbcore: registered new interface driver ath3k
[    3.096633] EDAC MC: ECC not enabled
[    3.100264] EDAC DEVICE0: Giving out device to module zynqmp-ocm-edac controller zynqmp_ocm: DEV ff960000.memory-controller (INTERRUPT)
[    3.112583] sdhci: Secure Digital Host Controller Interface driver
[    3.118372] sdhci: Copyright(c) Pierre Ossman
[    3.122689] sdhci-pltfm: SDHCI platform and OF driver helper
[    3.128744] ledtrig-cpu: registered to indicate activity on CPUs
[    3.134295] SMCCC: SOC_ID: ARCH_SOC_ID not implemented, skipping ....
[    3.140720] zynqmp_firmware_probe Platform Management API v1.1
[    3.146480] zynqmp_firmware_probe Trustzone version v1.0
[    3.186030] zynqmp-pinctrl firmware:zynqmp-firmware:pinctrl: zynqmp pinctrl initialized
[    3.233952] zynqmp-aes firmware:zynqmp-firmware:zynqmp-aes: will run requests pump with realtime priority
[    3.249667] alg: No test for xilinx-keccak-384 (zynqmp-keccak-384)
[    3.250379] alg: No test for xilinx-zynqmp-rsa (zynqmp-rsa)
[    3.255898] usbcore: registered new interface driver usbhid
[    3.261282] usbhid: USB HID core driver
[    3.272522] axi_sysid 85000000.axi-sysid-0: AXI System ID core version (1.01.a) found
[    3.274871] axi_sysid 85000000.axi-sysid-0: [ad9081_fmca_ebz] on [zcu102] git branch <master> git <084d44c9780640ca93fd847b1d9ec70dd65f5c67> clean [2022-03-18 04:17:50] UTC
[    3.290555] fpga_manager fpga0: Xilinx ZynqMP FPGA Manager registered
[    3.296923] usbcore: registered new interface driver snd-usb-audio
[    3.304371] pktgen: Packet Generator for packet performance testing. Version: 2.75
[    3.310555] Initializing XFRM netlink socket
[    3.314394] NET: Registered protocol family 10
[    3.319119] Segment Routing with IPv6
[    3.322494] sit: IPv6, IPv4 and MPLS over IPv4 tunneling driver
[    3.328564] NET: Registered protocol family 17
[    3.332673] NET: Registered protocol family 15
[    3.337168] can: controller area network core
[    3.341426] NET: Registered protocol family 29
[    3.345812] can: raw protocol
[    3.348750] can: broadcast manager protocol
[    3.352903] can: netlink gateway - max_hops=1
[    3.357298] Bluetooth: RFCOMM TTY layer initialized
[    3.362079] Bluetooth: RFCOMM socket layer initialized
[    3.367185] Bluetooth: RFCOMM ver 1.11
[    3.370898] Bluetooth: BNEP (Ethernet Emulation) ver 1.3
[    3.376173] Bluetooth: BNEP filters: protocol multicast
[    3.381360] Bluetooth: BNEP socket layer initialized
[    3.386290] Bluetooth: HIDP (Human Interface Emulation) ver 1.2
[    3.392173] Bluetooth: HIDP socket layer initialized
[    3.397224] 9pnet: Installing 9P2000 support
[    3.401351] NET: Registered protocol family 36
[    3.405765] Key type dns_resolver registered
[    3.410205] registered taskstats version 1
[    3.414063] Loading compiled-in X.509 certificates
[    3.419180] Btrfs loaded, crc32c=crc32c-generic
[    3.431587] ff000000.serial: ttyPS0 at MMIO 0xff000000 (irq = 49, base_baud = 6249999) is a xuartps
[    3.440606] printk: console [ttyPS0] enabled
[    3.444901] printk: bootconsole [cdns0] disabled
[    3.454532] ff010000.serial: ttyPS1 at MMIO 0xff010000 (irq = 50, base_baud = 6249999) is a xuartps
[    3.467781] of-fpga-region fpga-full: FPGA Region probed
[    3.474726] nwl-pcie fd0e0000.pcie: host bridge /axi/pcie@fd0e0000 ranges:
[    3.481621] nwl-pcie fd0e0000.pcie:      MEM 0x00e0000000..0x00efffffff -> 0x00e0000000
[    3.489624] nwl-pcie fd0e0000.pcie:      MEM 0x0600000000..0x07ffffffff -> 0x0600000000
[    3.497685] nwl-pcie fd0e0000.pcie: Link is DOWN
[    3.502450] nwl-pcie fd0e0000.pcie: PCI host bridge to bus 0000:00
[    3.508630] pci_bus 0000:00: root bus resource [bus 00-ff]
[    3.514110] pci_bus 0000:00: root bus resource [mem 0xe0000000-0xefffffff]
[    3.520981] pci_bus 0000:00: root bus resource [mem 0x600000000-0x7ffffffff pref]
[    3.528485] pci 0000:00:00.0: [10ee:d021] type 01 class 0x060400
[    3.534540] pci 0000:00:00.0: PME# supported from D0 D1 D2 D3hot
[    3.544984] pci 0000:00:00.0: PCI bridge to [bus 01-0c]
[    3.550960] xilinx-zynqmp-dma fd500000.dma: ZynqMP DMA driver Probe success
[    3.558135] xilinx-zynqmp-dma fd510000.dma: ZynqMP DMA driver Probe success
[    3.565303] xilinx-zynqmp-dma fd520000.dma: ZynqMP DMA driver Probe success
[    3.572473] xilinx-zynqmp-dma fd530000.dma: ZynqMP DMA driver Probe success
[    3.579643] xilinx-zynqmp-dma fd540000.dma: ZynqMP DMA driver Probe success
[    3.586808] xilinx-zynqmp-dma fd550000.dma: ZynqMP DMA driver Probe success
[    3.593982] xilinx-zynqmp-dma fd560000.dma: ZynqMP DMA driver Probe success
[    3.601146] xilinx-zynqmp-dma fd570000.dma: ZynqMP DMA driver Probe success
[    3.608560] xilinx-zynqmp-dpdma fd4c0000.dma-controller: Xilinx DPDMA engine is probed
[    3.617113] ahci-ceva fd0c0000.ahci: supply ahci not found, using dummy regulator
[    3.624659] ahci-ceva fd0c0000.ahci: supply phy not found, using dummy regulator
[    3.715896] hmc7044 spi2.0: PLL1: Acquisition, CLKIN0 @ 122880000 Hz, PFD: 80 kHz - PLL2: Locked @ 2944.000000 MHz
[    3.726615] jesd204: /axi/spi@ff050000/hmc7044@0,jesd204:1,parent=spi2.0: Using as SYSREF provider
[    3.736191] spi-nor spi0.0: SPI-NOR-UniqueID 100000235394732200270025081115266e
[    3.743501] spi-nor spi0.0: found n25q512a, expected m25p80
[    3.749700] spi-nor spi0.0: trying to lock already unlocked area
[    3.755703] spi-nor spi0.0: n25q512a (131072 Kbytes)
[    3.760681] 4 fixed-partitions partitions found on MTD device spi0.0
[    3.767026] Creating 4 MTD partitions on "spi0.0":
[    3.771812] 0x000000000000-0x000000100000 : "qspi-fsbl-uboot"
[    3.778295] 0x000000100000-0x000000600000 : "qspi-linux"
[    3.784250] 0x000000600000-0x000000620000 : "qspi-device-tree"
[    3.790720] 0x000000620000-0x000000c00000 : "qspi-rootfs"
[    3.799199] macb ff0e0000.ethernet: Not enabling partial store and forward
[    3.806721] libphy: MACB_mii_bus: probed
[    3.811783] macb ff0e0000.ethernet eth0: Cadence GEM rev 0x50070106 at 0xff0e0000 irq 30 (00:0a:35:04:8e:1b)
[    3.821989] xilinx-axipmon ffa00000.perf-monitor: Probed Xilinx APM
[    3.828562] xilinx-axipmon fd0b0000.perf-monitor: Probed Xilinx APM
[    3.835075] xilinx-axipmon fd490000.perf-monitor: Probed Xilinx APM
[    3.841613] xilinx-axipmon ffa10000.perf-monitor: Probed Xilinx APM
[    3.851605] pca953x 0-0020: supply vcc not found, using dummy regulator
[    3.858286] pca953x 0-0020: using no AI
[    3.862773] gpio-496 (sel0): hogged as output/low
[    3.867672] gpio-497 (sel1): hogged as output/high
[    3.872659] gpio-498 (sel2): hogged as output/high
[    3.877647] gpio-499 (sel3): hogged as output/high
[    3.882823] pca953x 0-0021: supply vcc not found, using dummy regulator
[    3.889496] pca953x 0-0021: using no AI
[    3.895265] ina2xx 2-0040: power monitor ina226 (Rshunt = 5000 uOhm)
[    3.902295] ina2xx 2-0041: power monitor ina226 (Rshunt = 5000 uOhm)
[    3.909332] ina2xx 2-0042: power monitor ina226 (Rshunt = 5000 uOhm)
[    3.916370] ina2xx 2-0043: power monitor ina226 (Rshunt = 5000 uOhm)
[    3.923397] ina2xx 2-0044: power monitor ina226 (Rshunt = 5000 uOhm)
[    3.930418] ina2xx 2-0045: power monitor ina226 (Rshunt = 5000 uOhm)
[    3.937449] ina2xx 2-0046: power monitor ina226 (Rshunt = 5000 uOhm)
[    3.944522] ina2xx 2-0047: power monitor ina226 (Rshunt = 5000 uOhm)
[    3.951550] ina2xx 2-004a: power monitor ina226 (Rshunt = 5000 uOhm)
[    3.958584] ina2xx 2-004b: power monitor ina226 (Rshunt = 5000 uOhm)
[    3.964993] i2c i2c-0: Added multiplexed i2c bus 2
[    3.970374] random: fast init done
[    3.973842] ina2xx 3-0040: power monitor ina226 (Rshunt = 2000 uOhm)
[    3.980873] ina2xx 3-0041: power monitor ina226 (Rshunt = 5000 uOhm)
[    3.987904] ina2xx 3-0042: power monitor ina226 (Rshunt = 5000 uOhm)
[    3.994932] ina2xx 3-0043: power monitor ina226 (Rshunt = 5000 uOhm)
[    4.001957] ina2xx 3-0044: power monitor ina226 (Rshunt = 5000 uOhm)
[    4.008986] ina2xx 3-0045: power monitor ina226 (Rshunt = 5000 uOhm)
[    4.016021] ina2xx 3-0046: power monitor ina226 (Rshunt = 5000 uOhm)
[    4.023049] ina2xx 3-0047: power monitor ina226 (Rshunt = 5000 uOhm)
[    4.029451] i2c i2c-0: Added multiplexed i2c bus 3
[    4.084688] i2c i2c-0: Added multiplexed i2c bus 4
[    4.089630] i2c i2c-0: Added multiplexed i2c bus 5
[    4.094417] pca954x 0-0075: registered 4 multiplexed busses for I2C mux pca9544
[    4.101768] cdns-i2c ff020000.i2c: 400 kHz mmio ff020000 irq 32
[    4.109507] at24 6-0054: supply vcc not found, using dummy regulator
[    4.116391] at24 6-0054: 1024 byte 24c08 EEPROM, writable, 1 bytes/write
[    4.123144] i2c i2c-1: Added multiplexed i2c bus 6
[    4.129569] si5341 7-0036: Chip: 5341 Grade: 1 Rev: 1
[    4.167286] i2c i2c-1: Added multiplexed i2c bus 7
[    4.174939] si570 8-005d: registered, current frequency 300000000 Hz
[    4.181346] i2c i2c-1: Added multiplexed i2c bus 8
[    4.201126] si570 9-005d: registered, current frequency 148500000 Hz
[    4.207531] i2c i2c-1: Added multiplexed i2c bus 9
[    4.212561] si5324 10-0069: si5328 probed
[    4.280084] si5324 10-0069: si5328 probe successful
[    4.285011] i2c i2c-1: Added multiplexed i2c bus 10
[    4.290038] i2c i2c-1: Added multiplexed i2c bus 11
[    4.295074] i2c i2c-1: Added multiplexed i2c bus 12
[    4.300103] i2c i2c-1: Added multiplexed i2c bus 13
[    4.304976] pca954x 1-0074: registered 8 multiplexed busses for I2C switch pca9548
[    4.313087] at24 14-0050: supply vcc not found, using dummy regulator
[    4.319869] at24 14-0050: 256 byte 24c02 EEPROM, writable, 1 bytes/write
[    4.326620] i2c i2c-1: Added multiplexed i2c bus 14
[    4.331655] i2c i2c-1: Added multiplexed i2c bus 15
[    4.336686] i2c i2c-1: Added multiplexed i2c bus 16
[    4.341719] i2c i2c-1: Added multiplexed i2c bus 17
[    4.346755] i2c i2c-1: Added multiplexed i2c bus 18
[    4.351798] i2c i2c-1: Added multiplexed i2c bus 19
[    4.356837] i2c i2c-1: Added multiplexed i2c bus 20
[    4.361875] i2c i2c-1: Added multiplexed i2c bus 21
[    4.366751] pca954x 1-0075: registered 8 multiplexed busses for I2C switch pca9548
[    4.374360] cdns-i2c ff030000.i2c: 400 kHz mmio ff030000 irq 33
[    4.384110] cdns-wdt fd4d0000.watchdog: Xilinx Watchdog Timer with timeout 60s
[    4.395640] axi_adxcvr 84a60000.axi-adxcvr-rx: AXI-ADXCVR-RX (17.05.a) using CPLL on GTH4 at 0x84A60000. Number of lanes: 4.
[    4.407813] axi_adxcvr 84b60000.axi-adxcvr-tx: AXI-ADXCVR-TX (17.05.a) using QPLL on GTH4 at 0x84B60000. Number of lanes: 4.
[    4.419437] axi-jesd204-rx 84a90000.axi-jesd204-rx: AXI-JESD204-RX (1.07.a) at 0x84A90000. Encoder 8b10b, width 4/4, lanes 4, jesd204-fsm.
[    4.426089] mmc0: SDHCI controller on ff170000.mmc [ff170000.mmc] using ADMA 64-bit
[    4.432279] axi-jesd204-tx 84b90000.axi-jesd204-tx: AXI-JESD204-TX (1.06.a) at 0x84B90000. Encoder 8b10b, width 4/4, lanes 4, jesd204-fsm.
[    4.453005] zynqmp-display fd4a0000.display: vtc bridge property not present
[    4.462641] xilinx-dp-snd-codec fd4a0000.display:zynqmp_dp_snd_codec0: Failed to get required clock freq
[    4.472146] xilinx-dp-snd-codec: probe of fd4a0000.display:zynqmp_dp_snd_codec0 failed with error -22
[    4.473504] mmc0: new high speed SDHC card at address 0001
[    4.481684] xilinx-dp-snd-pcm zynqmp_dp_snd_pcm0: Xilinx DisplayPort Sound PCM probed
[    4.487203] mmcblk0: mmc0:0001 EB1QT 29.8 GiB 
[    4.495002] xilinx-dp-snd-pcm zynqmp_dp_snd_pcm1: Xilinx DisplayPort Sound PCM probed
[    4.500358]  mmcblk0: p1 p2 p3
[    4.507305] OF: graph: no port node found in /axi/display@fd4a0000
[    4.516385] xlnx-drm xlnx-drm.0: bound fd4a0000.display (ops 0xffffffc010fcbdb8)
[    5.603743] zynqmp-display fd4a0000.display: [drm] Cannot find any crtc or sizes
[    5.611358] [drm] Initialized xlnx 1.0.0 20130509 for fd4a0000.display on minor 0
[    5.618852] zynqmp-display fd4a0000.display: ZynqMP DisplayPort Subsystem driver probed
[    5.627173] ahci-ceva fd0c0000.ahci: supply ahci not found, using dummy regulator
[    5.634721] ahci-ceva fd0c0000.ahci: supply phy not found, using dummy regulator
[    5.642173] ahci-ceva fd0c0000.ahci: supply target not found, using dummy regulator
[    5.650010] ahci-ceva fd0c0000.ahci: AHCI 0001.0301 32 slots 2 ports 6 Gbps 0x3 impl platform mode
[    5.658967] ahci-ceva fd0c0000.ahci: flags: 64bit ncq sntf pm clo only pmp fbs pio slum part ccc sds apst 
[    5.669665] scsi host0: ahci-ceva
[    5.673247] scsi host1: ahci-ceva
[    5.676680] ata1: SATA max UDMA/133 mmio [mem 0xfd0c0000-0xfd0c1fff] port 0x100 irq 45
[    5.684589] ata2: SATA max UDMA/133 mmio [mem 0xfd0c0000-0xfd0c1fff] port 0x180 irq 45
[    5.693186] ad9081 spi1.0: supply vdd not found, using dummy regulator
[    6.005978] ata1: SATA link down (SStatus 0 SControl 330)
[    6.011391] ata2: SATA link down (SStatus 0 SControl 330)
[    6.687744] zynqmp-display fd4a0000.display: [drm] Cannot find any crtc or sizes
[    7.522407] ad9081 spi1.0: AD9081 Rev. 2 Grade 10 (API 1.2.2) probed
[    7.529597] xhci-hcd xhci-hcd.1.auto: xHCI Host Controller
[    7.535090] xhci-hcd xhci-hcd.1.auto: new USB bus registered, assigned bus number 1
[    7.542841] xhci-hcd xhci-hcd.1.auto: hcc params 0x0238f625 hci version 0x100 quirks 0x0000000002010810
[    7.552258] xhci-hcd xhci-hcd.1.auto: irq 59, io mem 0xfe200000
[    7.558366] usb usb1: New USB device found, idVendor=1d6b, idProduct=0002, bcdDevice= 5.10
[    7.566627] usb usb1: New USB device strings: Mfr=3, Product=2, SerialNumber=1
[    7.573841] usb usb1: Product: xHCI Host Controller
[    7.578711] usb usb1: Manufacturer: Linux 5.10.0-98103-g2aa7ac113716 xhci-hcd
[    7.585836] usb usb1: SerialNumber: xhci-hcd.1.auto
[    7.591001] hub 1-0:1.0: USB hub found
[    7.594764] hub 1-0:1.0: 1 port detected
[    7.598868] xhci-hcd xhci-hcd.1.auto: xHCI Host Controller
[    7.604356] xhci-hcd xhci-hcd.1.auto: new USB bus registered, assigned bus number 2
[    7.612012] xhci-hcd xhci-hcd.1.auto: Host supports USB 3.0 SuperSpeed
[    7.618633] usb usb2: New USB device found, idVendor=1d6b, idProduct=0003, bcdDevice= 5.10
[    7.626896] usb usb2: New USB device strings: Mfr=3, Product=2, SerialNumber=1
[    7.634116] usb usb2: Product: xHCI Host Controller
[    7.638985] usb usb2: Manufacturer: Linux 5.10.0-98103-g2aa7ac113716 xhci-hcd
[    7.646110] usb usb2: SerialNumber: xhci-hcd.1.auto
[    7.651221] hub 2-0:1.0: USB hub found
[    7.654984] hub 2-0:1.0: 1 port detected
[    7.685028] cf_axi_adc 84a10000.axi-ad9081-rx-hpc: ADI AIM (10.01.b) at 0x84A10000 mapped to 0x(____ptrval____), probed ADC AD9081 as MASTER
[    7.716580] cf_axi_dds 84b10000.axi-ad9081-tx-hpc: Analog Devices CF_AXI_DDS_DDS MASTER (9.01.b) at 0x84B10000 mapped to 0x(____ptrval____), probed DDS AD9081
[    7.730782] jesd204: /axi/spi@ff040000/ad9081@0,jesd204:0,parent=spi1.0: JESD204[2] transition initialized -> probed
[    7.741302] jesd204: /axi/spi@ff040000/ad9081@0,jesd204:0,parent=spi1.0: JESD204[0] transition initialized -> probed
[    7.751828] jesd204: /axi/spi@ff040000/ad9081@0,jesd204:0,parent=spi1.0: JESD204[2] transition probed -> idle
[    7.761743] jesd204: /axi/spi@ff040000/ad9081@0,jesd204:0,parent=spi1.0: JESD204[0] transition probed -> idle
[    7.771658] jesd204: /axi/spi@ff040000/ad9081@0,jesd204:0,parent=spi1.0: JESD204[2] transition idle -> device_init
[    7.782000] jesd204: /axi/spi@ff040000/ad9081@0,jesd204:0,parent=spi1.0: JESD204[0] transition idle -> device_init
[    7.792357] jesd204: /axi/spi@ff040000/ad9081@0,jesd204:0,parent=spi1.0: JESD204[2] transition device_init -> link_init
[    7.803137] jesd204: /axi/spi@ff040000/ad9081@0,jesd204:0,parent=spi1.0: JESD204[0] transition device_init -> link_init
[    7.813930] jesd204: /axi/spi@ff040000/ad9081@0,jesd204:0,parent=spi1.0: JESD204[2] transition link_init -> link_supported
[    7.824967] jesd204: /axi/spi@ff040000/ad9081@0,jesd204:0,parent=spi1.0: JESD204[0] transition link_init -> link_supported
[    7.836384] hmc7044 spi2.0: hmc7044_jesd204_link_pre_setup: Link2 forcing continuous SYSREF mode
[    7.845324] axi-jesd204-rx 84a90000.axi-jesd204-rx: axi_jesd204_rx_jesd204_link_pre_setup: Link2 set lane rate 14720000 kHz failed (-22)
[    7.857581] jesd204: /fpga-axi@0/axi-jesd204-rx@84a90000,jesd204:4,parent=84a90000.axi-jesd204-rx: JESD204[2] In link_pre_setup got error from cb: -22
[    7.871050] jesd204: /axi/spi@ff040000/ad9081@0,jesd204:0,parent=spi1.0: Rolling back from 'link_supported', got error -22
[    7.882095] jesd204: /axi/spi@ff040000/ad9081@0,jesd204:0,parent=spi1.0: JESD204[0] transition link_supported -> link_pre_setup
[    7.893565] jesd204: /axi/spi@ff040000/ad9081@0,jesd204:0,parent=spi1.0: JESD204[2] transition link_supported -> link_pre_setup
[    7.905049] jesd204: /axi/spi@ff040000/ad9081@0,jesd204:0,parent=spi1.0: JESD204[0] transition link_pre_setup -> link_supported
[    7.916524] jesd204: /axi/spi@ff040000/ad9081@0,jesd204:0,parent=spi1.0: JESD204[2] transition link_pre_setup -> link_supported
[    7.928002] jesd204: /axi/spi@ff040000/ad9081@0,jesd204:0,parent=spi1.0: JESD204[0] transition link_supported -> link_init
[    7.939038] jesd204: /axi/spi@ff040000/ad9081@0,jesd204:0,parent=spi1.0: JESD204[2] transition link_supported -> link_init
[    7.950086] jesd204: /axi/spi@ff040000/ad9081@0,jesd204:0,parent=spi1.0: JESD204[0] transition link_init -> device_init
[    7.960866] jesd204: /axi/spi@ff040000/ad9081@0,jesd204:0,parent=spi1.0: JESD204[2] transition link_init -> device_init
[    7.971645] jesd204: /axi/spi@ff040000/ad9081@0,jesd204:0,parent=spi1.0: JESD204[0] transition device_init -> idle
[    7.981988] jesd204: /axi/spi@ff040000/ad9081@0,jesd204:0,parent=spi1.0: JESD204[2] transition device_init -> idle
[    7.992339] jesd204: /axi/spi@ff040000/ad9081@0,jesd204:0,parent=spi1.0: JESD204[2] transition idle -> idle
[    8.002074] jesd204: /axi/spi@ff040000/ad9081@0,jesd204:0,parent=spi1.0: JESD204[0] transition idle -> idle
[    8.011816] jesd204: /axi/spi@ff040000/ad9081@0,jesd204:0,parent=spi1.0: JESD204[2] transition idle -> device_init
[    8.022159] jesd204: /axi/spi@ff040000/ad9081@0,jesd204:0,parent=spi1.0: JESD204[0] transition idle -> device_init
[    8.032510] jesd204: /axi/spi@ff040000/ad9081@0,jesd204:0,parent=spi1.0: JESD204[2] transition device_init -> link_init
[    8.043286] jesd204: /axi/spi@ff040000/ad9081@0,jesd204:0,parent=spi1.0: JESD204[0] transition device_init -> link_init
[    8.054074] jesd204: /axi/spi@ff040000/ad9081@0,jesd204:0,parent=spi1.0: JESD204[2] transition link_init -> link_supported
[    8.065122] jesd204: /axi/spi@ff040000/ad9081@0,jesd204:0,parent=spi1.0: JESD204[0] transition link_init -> link_supported
[    8.076340] axi-jesd204-rx 84a90000.axi-jesd204-rx: axi_jesd204_rx_jesd204_link_pre_setup: Link2 set lane rate 14720000 kHz failed (-22)
[    8.088601] jesd204: /fpga-axi@0/axi-jesd204-rx@84a90000,jesd204:4,parent=84a90000.axi-jesd204-rx: JESD204[2] In link_pre_setup got error from cb: -22
[    8.102069] jesd204: /axi/spi@ff040000/ad9081@0,jesd204:0,parent=spi1.0: Rolling back from 'link_supported', got error -22
[    8.113112] jesd204: /axi/spi@ff040000/ad9081@0,jesd204:0,parent=spi1.0: JESD204[0] transition link_supported -> link_pre_setup
[    8.124583] jesd204: /axi/spi@ff040000/ad9081@0,jesd204:0,parent=spi1.0: JESD204[2] transition link_supported -> link_pre_setup
[    8.136061] jesd204: /axi/spi@ff040000/ad9081@0,jesd204:0,parent=spi1.0: JESD204[0] transition link_pre_setup -> link_supported
[    8.147536] jesd204: /axi/spi@ff040000/ad9081@0,jesd204:0,parent=spi1.0: JESD204[2] transition link_pre_setup -> link_supported
[    8.159011] jesd204: /axi/spi@ff040000/ad9081@0,jesd204:0,parent=spi1.0: JESD204[0] transition link_supported -> link_init
[    8.170049] jesd204: /axi/spi@ff040000/ad9081@0,jesd204:0,parent=spi1.0: JESD204[2] transition link_supported -> link_init
[    8.181095] jesd204: /axi/spi@ff040000/ad9081@0,jesd204:0,parent=spi1.0: JESD204[0] transition link_init -> device_init
[    8.191872] jesd204: /axi/spi@ff040000/ad9081@0,jesd204:0,parent=spi1.0: JESD204[2] transition link_init -> device_init
[    8.202654] jesd204: /axi/spi@ff040000/ad9081@0,jesd204:0,parent=spi1.0: JESD204[0] transition device_init -> idle
[    8.213002] jesd204: /axi/spi@ff040000/ad9081@0,jesd204:0,parent=spi1.0: JESD204[2] transition device_init -> idle
[    8.223350] jesd204: /axi/spi@ff040000/ad9081@0,jesd204:0,parent=spi1.0: JESD204[2] transition idle -> idle
[    8.233083] jesd204: /axi/spi@ff040000/ad9081@0,jesd204:0,parent=spi1.0: JESD204[0] transition idle -> idle
[    8.242825] jesd204: /axi/spi@ff040000/ad9081@0,jesd204:0,parent=spi1.0: JESD204[2] transition idle -> device_init
[    8.253168] jesd204: /axi/spi@ff040000/ad9081@0,jesd204:0,parent=spi1.0: JESD204[0] transition idle -> device_init
[    8.263519] jesd204: /axi/spi@ff040000/ad9081@0,jesd204:0,parent=spi1.0: JESD204[2] transition device_init -> link_init
[    8.274296] jesd204: /axi/spi@ff040000/ad9081@0,jesd204:0,parent=spi1.0: JESD204[0] transition device_init -> link_init
[    8.285084] jesd204: /axi/spi@ff040000/ad9081@0,jesd204:0,parent=spi1.0: JESD204[2] transition link_init -> link_supported
[    8.296126] jesd204: /axi/spi@ff040000/ad9081@0,jesd204:0,parent=spi1.0: JESD204[0] transition link_init -> link_supported
[    8.307314] axi-jesd204-rx 84a90000.axi-jesd204-rx: axi_jesd204_rx_jesd204_link_pre_setup: Link2 set lane rate 14720000 kHz failed (-22)
[    8.319573] jesd204: /fpga-axi@0/axi-jesd204-rx@84a90000,jesd204:4,parent=84a90000.axi-jesd204-rx: JESD204[2] In link_pre_setup got error from cb: -22
[    8.333042] jesd204: /axi/spi@ff040000/ad9081@0,jesd204:0,parent=spi1.0: Rolling back from 'link_supported', got error -22
[    8.344090] jesd204: /axi/spi@ff040000/ad9081@0,jesd204:0,parent=spi1.0: JESD204[0] transition link_supported -> link_pre_setup
[    8.355566] jesd204: /axi/spi@ff040000/ad9081@0,jesd204:0,parent=spi1.0: JESD204[2] transition link_supported -> link_pre_setup
[    8.367047] jesd204: /axi/spi@ff040000/ad9081@0,jesd204:0,parent=spi1.0: JESD204[0] transition link_pre_setup -> link_supported
[    8.378516] jesd204: /axi/spi@ff040000/ad9081@0,jesd204:0,parent=spi1.0: JESD204[2] transition link_pre_setup -> link_supported
[    8.389994] jesd204: /axi/spi@ff040000/ad9081@0,jesd204:0,parent=spi1.0: JESD204[0] transition link_supported -> link_init
[    8.401032] jesd204: /axi/spi@ff040000/ad9081@0,jesd204:0,parent=spi1.0: JESD204[2] transition link_supported -> link_init
[    8.412080] jesd204: /axi/spi@ff040000/ad9081@0,jesd204:0,parent=spi1.0: JESD204[0] transition link_init -> device_init
[    8.422854] jesd204: /axi/spi@ff040000/ad9081@0,jesd204:0,parent=spi1.0: JESD204[2] transition link_init -> device_init
[    8.433637] jesd204: /axi/spi@ff040000/ad9081@0,jesd204:0,parent=spi1.0: JESD204[0] transition device_init -> idle
[    8.443983] jesd204: /axi/spi@ff040000/ad9081@0,jesd204:0,parent=spi1.0: JESD204[2] transition device_init -> idle
[    8.454333] jesd204: /axi/spi@ff040000/ad9081@0,jesd204:0,parent=spi1.0: JESD204[2] transition idle -> idle
[    8.464067] jesd204: /axi/spi@ff040000/ad9081@0,jesd204:0,parent=spi1.0: JESD204[0] transition idle -> idle
[    8.473812] jesd204: /axi/spi@ff040000/ad9081@0,jesd204:0,parent=spi1.0: JESD204[2] transition idle -> device_init
[    8.484153] jesd204: /axi/spi@ff040000/ad9081@0,jesd204:0,parent=spi1.0: JESD204[0] transition idle -> device_init
[    8.494503] jesd204: /axi/spi@ff040000/ad9081@0,jesd204:0,parent=spi1.0: JESD204[2] transition device_init -> link_init
[    8.505280] jesd204: /axi/spi@ff040000/ad9081@0,jesd204:0,parent=spi1.0: JESD204[0] transition device_init -> link_init
[    8.516067] jesd204: /axi/spi@ff040000/ad9081@0,jesd204:0,parent=spi1.0: JESD204[2] transition link_init -> link_supported
[    8.527110] jesd204: /axi/spi@ff040000/ad9081@0,jesd204:0,parent=spi1.0: JESD204[0] transition link_init -> link_supported
[    8.538297] axi-jesd204-rx 84a90000.axi-jesd204-rx: axi_jesd204_rx_jesd204_link_pre_setup: Link2 set lane rate 14720000 kHz failed (-22)
[    8.550556] jesd204: /fpga-axi@0/axi-jesd204-rx@84a90000,jesd204:4,parent=84a90000.axi-jesd204-rx: JESD204[2] In link_pre_setup got error from cb: -22
[    8.564026] jesd204: /axi/spi@ff040000/ad9081@0,jesd204:0,parent=spi1.0: Rolling back from 'link_supported', got error -22
[    8.575070] jesd204: /axi/spi@ff040000/ad9081@0,jesd204:0,parent=spi1.0: JESD204[0] transition link_supported -> link_pre_setup
[    8.586541] jesd204: /axi/spi@ff040000/ad9081@0,jesd204:0,parent=spi1.0: JESD204[2] transition link_supported -> link_pre_setup
[    8.598023] jesd204: /axi/spi@ff040000/ad9081@0,jesd204:0,parent=spi1.0: JESD204[0] transition link_pre_setup -> link_supported
[    8.609500] jesd204: /axi/spi@ff040000/ad9081@0,jesd204:0,parent=spi1.0: JESD204[2] transition link_pre_setup -> link_supported
[    8.620978] jesd204: /axi/spi@ff040000/ad9081@0,jesd204:0,parent=spi1.0: JESD204[0] transition link_supported -> link_init
[    8.632016] jesd204: /axi/spi@ff040000/ad9081@0,jesd204:0,parent=spi1.0: JESD204[2] transition link_supported -> link_init
[    8.643062] jesd204: /axi/spi@ff040000/ad9081@0,jesd204:0,parent=spi1.0: JESD204[0] transition link_init -> device_init
[    8.653838] jesd204: /axi/spi@ff040000/ad9081@0,jesd204:0,parent=spi1.0: JESD204[2] transition link_init -> device_init
[    8.664620] jesd204: /axi/spi@ff040000/ad9081@0,jesd204:0,parent=spi1.0: JESD204[0] transition device_init -> idle
[    8.674965] jesd204: /axi/spi@ff040000/ad9081@0,jesd204:0,parent=spi1.0: JESD204[2] transition device_init -> idle
[    8.685311] jesd204: /axi/spi@ff040000/ad9081@0,jesd204:0,parent=spi1.0: FSM completed with error -22
[    8.703764] input: gpio-keys as /devices/platform/gpio-keys/input/input0
[    8.710774] of_cfs_init
[    8.713240] of_cfs_init: OK
[    8.716184] cfg80211: Loading compiled-in X.509 certificates for regulatory database
[    8.854254] cfg80211: Loaded X.509 cert 'sforshee: 00b28ddf47aef9cea7'
[    8.860786] clk: Not disabling unused clocks
[    8.865319] ALSA device list:
[    8.868280]   No soundcards found.
[    8.871936] platform regulatory.0: Direct firmware load for regulatory.db failed with error -2
[    8.880544] cfg80211: failed to load regulatory.db
[    8.895063] EXT4-fs (mmcblk0p2): mounted filesystem with ordered data mode. Opts: (null)
[    8.903184] VFS: Mounted root (ext4 filesystem) on device 179:2.
[    8.916619] devtmpfs: mounted
[    8.920431] Freeing unused kernel memory: 2560K
[    8.925046] Run /sbin/init as init process
[    8.929136]   with arguments:
[    8.929138]     /sbin/init
[    8.929140]   with environment:
[    8.929143]     HOME=/
[    8.929145]     TERM=linux
[    9.493765] systemd[1]: systemd 241 running in system mode. (+PAM +AUDIT +SELINUX +IMA +APPARMOR +SMACK +SYSVINIT +UTMP +LIBCRYPTSETUP +GCRYPT +GNUTLS +ACL +XZ +LZ4 +SECCOMP +BLKID +ELFUTILS +KMOD -IDN2 +IDN -PCRE2 default-hierarchy=hybrid)
[    9.515616] systemd[1]: Detected architecture arm64.
[    9.540433] systemd[1]: Set hostname to <analog>.
[    9.738507] systemd[1]: File /lib/systemd/system/systemd-journald.service:12 configures an IP firewall (IPAddressDeny=any), but the local system does not support BPF/cgroup based firewalling.
[    9.755549] systemd[1]: Proceeding WITHOUT firewalling in effect! (This warning is only shown for the first loaded unit using IP firewalling.)
[    9.918477] systemd[1]: /etc/systemd/system/tof-server.service:1: Assignment outside of section. Ignoring.
[    9.928161] systemd[1]: /etc/systemd/system/tof-server.service:2: Assignment outside of section. Ignoring.
[   10.111029] random: systemd: uninitialized urandom read (16 bytes read)
[   10.125654] random: systemd: uninitialized urandom read (16 bytes read)
[   10.132742] systemd[1]: Listening on Journal Socket (/dev/log).
[   10.155858] random: systemd: uninitialized urandom read (16 bytes read)
[   10.162691] systemd[1]: Listening on udev Kernel Socket.
[   10.184358] systemd[1]: Created slice system-getty.slice.
[   10.956642] EXT4-fs (mmcblk0p2): re-mounted. Opts: (null)
[   11.160491] systemd-journald[146]: Received request to flush runtime journal from PID 1
[   16.584156] random: crng init done
[   16.584167] random: 7 urandom warning(s) missed due to ratelimiting
[   17.033820] macb ff0e0000.ethernet eth0: PHY [ff0e0000.ethernet-ffffffff:0c] driver [TI DP83867] (irq=POLL)
[   17.033834] macb ff0e0000.ethernet eth0: configuring for phy/rgmii-id link mode
[   17.287750] Adding 71676k swap on /var/swap.  Priority:-2 extents:1 across:71676k SS
[   19.853047] broken atomic modeset userspace detected, disabling atomic
[   21.121348] macb ff0e0000.ethernet eth0: Link is Up - 1Gbps/Full - flow control off
[   21.121374] IPv6: ADDRCONF(NETDEV_CHANGE): eth0: link becomes ready
[   22.517871] broken atomic modeset userspace detected, disabling atomic
[   25.374418] broken atomic modeset userspace detected, disabling atomic
[   28.005963] broken atomic modeset userspace detected, disabling atomic