[    0.000000] Booting Linux on physical CPU 0x0000000000 [0x410fd034]
[    0.000000] Linux version 5.10.0-98103-g2aa7ac113716 (jenkins@romlxbuild1.adlk.analog.com) (aarch64-xilinx-linux-gcc.real (GCC) 10.2.0, GNU ld (GNU Binutils) 2.35.0.20200730) #5577 SMP Wed Mar 23 07:28:49 GMT 2022
[    0.000000] Machine model: ZynqMP ZCU102 Rev1.0
[    0.000000] earlycon: cdns0 at MMIO 0x00000000ff000000 (options '115200n8')
[    0.000000] printk: bootconsole [cdns0] enabled
[    0.000000] efi: UEFI not found.
[    0.000000] cma: Reserved 256 MiB at 0x0000000070000000
[    0.000000] Zone ranges:
[    0.000000]   DMA      [mem 0x0000000000000000-0x000000003fffffff]
[    0.000000]   DMA32    [mem 0x0000000040000000-0x00000000ffffffff]
[    0.000000]   Normal   [mem 0x0000000100000000-0x000000087fffffff]
[    0.000000] Movable zone start for each node
[    0.000000] Early memory node ranges
[    0.000000]   node   0: [mem 0x0000000000000000-0x000000007fffffff]
[    0.000000]   node   0: [mem 0x0000000800000000-0x000000087fffffff]
[    0.000000] Initmem setup node 0 [mem 0x0000000000000000-0x000000087fffffff]
[    0.000000] On node 0 totalpages: 1048576
[    0.000000]   DMA zone: 3584 pages used for memmap
[    0.000000]   DMA zone: 0 pages reserved
[    0.000000]   DMA zone: 262144 pages, LIFO batch:63
[    0.000000]   DMA32 zone: 3584 pages used for memmap
[    0.000000]   DMA32 zone: 262144 pages, LIFO batch:63
[    0.000000]   Normal zone: 7168 pages used for memmap
[    0.000000]   Normal zone: 524288 pages, LIFO batch:63
[    0.000000] psci: probing for conduit method from DT.
[    0.000000] psci: PSCIv1.1 detected in firmware.
[    0.000000] psci: Using standard PSCI v0.2 function IDs
[    0.000000] psci: MIGRATE_INFO_TYPE not supported.
[    0.000000] psci: SMC Calling Convention v1.2
[    0.000000] percpu: Embedded 22 pages/cpu s49496 r8192 d32424 u90112
[    0.000000] pcpu-alloc: s49496 r8192 d32424 u90112 alloc=22*4096
[    0.000000] pcpu-alloc: [0] 0 [0] 1 [0] 2 [0] 3 
[    0.000000] Detected VIPT I-cache on CPU0
[    0.000000] CPU features: detected: ARM erratum 845719
[    0.000000] Built 1 zonelists, mobility grouping on.  Total pages: 1034240
[    0.000000] Kernel command line: console=ttyPS0,115200 root=/dev/mmcblk0p2 rw earlycon rootfstype=ext4 rootwait clk_ignore_unused cpuidle.off=1 root=/dev/mmcblk0p2 rw rootwait
[    0.000000] Dentry cache hash table entries: 524288 (order: 10, 4194304 bytes, linear)
[    0.000000] Inode-cache hash table entries: 262144 (order: 9, 2097152 bytes, linear)
[    0.000000] mem auto-init: stack:off, heap alloc:off, heap free:off
[    0.000000] software IO TLB: mapped [mem 0x000000003bfff000-0x000000003ffff000] (64MB)
[    0.000000] Memory: 3761904K/4194304K available (15296K kernel code, 1636K rwdata, 11876K rodata, 2560K init, 507K bss, 170256K reserved, 262144K cma-reserved)
[    0.000000] rcu: Hierarchical RCU implementation.
[    0.000000] rcu: 	RCU event tracing is enabled.
[    0.000000] rcu: 	RCU restricting CPUs from NR_CPUS=8 to nr_cpu_ids=4.
[    0.000000] rcu: RCU calculated value of scheduler-enlistment delay is 25 jiffies.
[    0.000000] rcu: Adjusting geometry for rcu_fanout_leaf=16, nr_cpu_ids=4
[    0.000000] NR_IRQS: 64, nr_irqs: 64, preallocated irqs: 0
[    0.000000] GIC: Adjusting CPU interface base to 0x00000000f902f000
[    0.000000] GIC: Using split EOI/Deactivate mode
[    0.000000] random: get_random_bytes called from start_kernel+0x31c/0x54c with crng_init=0
[    0.000000] arch_timer: cp15 timer(s) running at 100.00MHz (phys).
[    0.000000] clocksource: arch_sys_counter: mask: 0xffffffffffffff max_cycles: 0x171024e7e0, max_idle_ns: 440795205315 ns
[    0.000004] sched_clock: 56 bits at 100MHz, resolution 10ns, wraps every 4398046511100ns
[    0.008462] Console: colour dummy device 80x25
[    0.012483] Calibrating delay loop (skipped), value calculated using timer frequency.. 200.00 BogoMIPS (lpj=400000)
[    0.022841] pid_max: default: 32768 minimum: 301
[    0.027549] Mount-cache hash table entries: 8192 (order: 4, 65536 bytes, linear)
[    0.034789] Mountpoint-cache hash table entries: 8192 (order: 4, 65536 bytes, linear)
[    0.043399] rcu: Hierarchical SRCU implementation.
[    0.047559] EFI services will not be available.
[    0.051939] smp: Bringing up secondary CPUs ...
[    0.056657] Detected VIPT I-cache on CPU1
[    0.056695] CPU1: Booted secondary processor 0x0000000001 [0x410fd034]
[    0.057058] Detected VIPT I-cache on CPU2
[    0.057083] CPU2: Booted secondary processor 0x0000000002 [0x410fd034]
[    0.057423] Detected VIPT I-cache on CPU3
[    0.057446] CPU3: Booted secondary processor 0x0000000003 [0x410fd034]
[    0.057492] smp: Brought up 1 node, 4 CPUs
[    0.091780] SMP: Total of 4 processors activated.
[    0.096452] CPU features: detected: 32-bit EL0 Support
[    0.101556] CPU features: detected: CRC32 instructions
[    0.106696] CPU: All CPU(s) started at EL2
[    0.110736] alternatives: patching kernel code
[    0.116170] devtmpfs: initialized
[    0.124057] Registered cp15_barrier emulation handler
[    0.124109] Registered setend emulation handler
[    0.128082] clocksource: jiffies: mask: 0xffffffff max_cycles: 0xffffffff, max_idle_ns: 7645041785100000 ns
[    0.137661] futex hash table entries: 1024 (order: 4, 65536 bytes, linear)
[    0.151025] pinctrl core: initialized pinctrl subsystem
[    0.151671] NET: Registered protocol family 16
[    0.156093] DMA: preallocated 512 KiB GFP_KERNEL pool for atomic allocations
[    0.162108] DMA: preallocated 512 KiB GFP_KERNEL|GFP_DMA pool for atomic allocations
[    0.169834] DMA: preallocated 512 KiB GFP_KERNEL|GFP_DMA32 pool for atomic allocations
[    0.177637] audit: initializing netlink subsys (disabled)
[    0.183089] audit: type=2000 audit(0.116:1): state=initialized audit_enabled=0 res=1
[    0.183433] hw-breakpoint: found 6 breakpoint and 4 watchpoint registers.
[    0.197464] ASID allocator initialised with 65536 entries
[    0.224375] HugeTLB registered 1.00 GiB page size, pre-allocated 0 pages
[    0.225429] HugeTLB registered 32.0 MiB page size, pre-allocated 0 pages
[    0.232099] HugeTLB registered 2.00 MiB page size, pre-allocated 0 pages
[    0.238763] HugeTLB registered 64.0 KiB page size, pre-allocated 0 pages
[    1.304329] DRBG: Continuing without Jitter RNG
[    1.382156] raid6: neonx8   gen()  2144 MB/s
[    1.450203] raid6: neonx8   xor()  1597 MB/s
[    1.518257] raid6: neonx4   gen()  2197 MB/s
[    1.586311] raid6: neonx4   xor()  1567 MB/s
[    1.654375] raid6: neonx2   gen()  2076 MB/s
[    1.722423] raid6: neonx2   xor()  1438 MB/s
[    1.790489] raid6: neonx1   gen()  1772 MB/s
[    1.858537] raid6: neonx1   xor()  1220 MB/s
[    1.926598] raid6: int64x8  gen()  1438 MB/s
[    1.994652] raid6: int64x8  xor()   771 MB/s
[    2.062726] raid6: int64x4  gen()  1598 MB/s
[    2.130773] raid6: int64x4  xor()   818 MB/s
[    2.198843] raid6: int64x2  gen()  1397 MB/s
[    2.266888] raid6: int64x2  xor()   750 MB/s
[    2.334977] raid6: int64x1  gen()  1034 MB/s
[    2.403027] raid6: int64x1  xor()   517 MB/s
[    2.403065] raid6: using algorithm neonx4 gen() 2197 MB/s
[    2.407022] raid6: .... xor() 1567 MB/s, rmw enabled
[    2.411952] raid6: using neon recovery algorithm
[    2.416964] iommu: Default domain type: Translated 
[    2.421576] SCSI subsystem initialized
[    2.425122] libata version 3.00 loaded.
[    2.425246] usbcore: registered new interface driver usbfs
[    2.430579] usbcore: registered new interface driver hub
[    2.435851] usbcore: registered new device driver usb
[    2.440983] mc: Linux media interface: v0.10
[    2.445101] videodev: Linux video capture interface: v2.00
[    2.450592] EDAC MC: Ver: 3.0.0
[    2.454033] zynqmp-ipi-mbox mailbox@ff990400: Registered ZynqMP IPI mbox with TX/RX channels.
[    2.462541] jesd204: created con: id=0, topo=0, link=0, /axi/spi@ff050000/hmc7044@0 <-> /fpga-axi@0/axi-adxcvr-tx@84b60000
[    2.473120] jesd204: created con: id=1, topo=0, link=2, /axi/spi@ff050000/hmc7044@0 <-> /fpga-axi@0/axi-adxcvr-rx@84a60000
[    2.484105] jesd204: created con: id=2, topo=0, link=0, /fpga-axi@0/axi-adxcvr-tx@84b60000 <-> /fpga-axi@0/axi-jesd204-tx@84b90000
[    2.495780] jesd204: created con: id=3, topo=0, link=2, /fpga-axi@0/axi-adxcvr-rx@84a60000 <-> /fpga-axi@0/axi-jesd204-rx@84a90000
[    2.507457] jesd204: created con: id=4, topo=0, link=0, /fpga-axi@0/axi-jesd204-tx@84b90000 <-> /fpga-axi@0/axi-ad9081-tx-hpc@84b10000
[    2.519485] jesd204: created con: id=5, topo=0, link=2, /fpga-axi@0/axi-jesd204-rx@84a90000 <-> /fpga-axi@0/axi-ad9081-rx-hpc@84a10000
[    2.531507] jesd204: created con: id=6, topo=0, link=2, /fpga-axi@0/axi-ad9081-rx-hpc@84a10000 <-> /axi/spi@ff040000/ad9081@0
[    2.542749] jesd204: created con: id=7, topo=0, link=0, /fpga-axi@0/axi-ad9081-tx-hpc@84b10000 <-> /axi/spi@ff040000/ad9081@0
[    2.553999] jesd204: /axi/spi@ff040000/ad9081@0: JESD204[2] transition uninitialized -> initialized
[    2.562986] jesd204: /axi/spi@ff040000/ad9081@0: JESD204[0] transition uninitialized -> initialized
[    2.571978] jesd204: found 8 devices and 1 topologies
[    2.577021] FPGA manager framework
[    2.580499] Advanced Linux Sound Architecture Driver Initialized.
[    2.586791] Bluetooth: Core ver 2.22
[    2.589980] NET: Registered protocol family 31
[    2.594382] Bluetooth: HCI device and connection manager initialized
[    2.600698] Bluetooth: HCI socket layer initialized
[    2.605540] Bluetooth: L2CAP socket layer initialized
[    2.610564] Bluetooth: SCO socket layer initialized
[    2.615748] clocksource: Switched to clocksource arch_sys_counter
[    2.621556] VFS: Disk quotas dquot_6.6.0
[    2.625391] VFS: Dquot-cache hash table entries: 512 (order 0, 4096 bytes)
[    2.636102] NET: Registered protocol family 2
[    2.636837] tcp_listen_portaddr_hash hash table entries: 2048 (order: 3, 32768 bytes, linear)
[    2.645032] TCP established hash table entries: 32768 (order: 6, 262144 bytes, linear)
[    2.653056] TCP bind hash table entries: 32768 (order: 7, 524288 bytes, linear)
[    2.660502] TCP: Hash tables configured (established 32768 bind 32768)
[    2.666675] UDP hash table entries: 2048 (order: 4, 65536 bytes, linear)
[    2.673342] UDP-Lite hash table entries: 2048 (order: 4, 65536 bytes, linear)
[    2.680502] NET: Registered protocol family 1
[    2.684956] RPC: Registered named UNIX socket transport module.
[    2.690578] RPC: Registered udp transport module.
[    2.695245] RPC: Registered tcp transport module.
[    2.699914] RPC: Registered tcp NFSv4.1 backchannel transport module.
[    2.706904] PCI: CLS 0 bytes, default 64
[    2.710611] hw perfevents: no interrupt-affinity property for /pmu, guessing.
[    2.717464] hw perfevents: enabled with armv8_pmuv3 PMU driver, 7 counters available
[    2.725819] Initialise system trusted keyrings
[    2.729493] workingset: timestamp_bits=62 max_order=20 bucket_order=0
[    2.736391] NFS: Registering the id_resolver key type
[    2.740842] Key type id_resolver registered
[    2.744981] Key type id_legacy registered
[    2.748970] nfs4filelayout_init: NFSv4 File Layout Driver Registering...
[    2.755636] jffs2: version 2.2. (NAND) (SUMMARY)  Â© 2001-2006 Red Hat, Inc.
[    2.798857] NET: Registered protocol family 38
[    2.798899] xor: measuring software checksum speed
[    2.806591]    8regs           :  2363 MB/sec
[    2.810260]    32regs          :  2799 MB/sec
[    2.815202]    arm64_neon      :  2380 MB/sec
[    2.815392] xor: using function: 32regs (2799 MB/sec)
[    2.820418] Key type asymmetric registered
[    2.824479] Asymmetric key parser 'x509' registered
[    2.829340] Block layer SCSI generic (bsg) driver version 0.4 loaded (major 248)
[    2.836677] io scheduler mq-deadline registered
[    2.841174] io scheduler kyber registered
[    2.870550] Serial: 8250/16550 driver, 4 ports, IRQ sharing disabled
[    2.875183] cacheinfo: Unable to detect cache hierarchy for CPU 0
[    2.881523] brd: module loaded
[    2.885659] loop: module loaded
[    2.886208] Registered mathworks_ip class
[    2.889564] libphy: Fixed MDIO Bus: probed
[    2.892539] tun: Universal TUN/TAP device driver, 1.6
[    2.896605] CAN device driver interface
[    2.901141] usbcore: registered new interface driver asix
[    2.905739] usbcore: registered new interface driver ax88179_178a
[    2.911771] usbcore: registered new interface driver cdc_ether
[    2.917563] usbcore: registered new interface driver net1080
[    2.923189] usbcore: registered new interface driver cdc_subset
[    2.929070] usbcore: registered new interface driver zaurus
[    2.934613] usbcore: registered new interface driver cdc_ncm
[    2.941014] ehci_hcd: USB 2.0 'Enhanced' Host Controller (EHCI) Driver
[    2.946699] ehci-pci: EHCI PCI platform driver
[    2.951495] usbcore: registered new interface driver uas
[    2.956414] usbcore: registered new interface driver usb-storage
[    2.962402] usbcore: registered new interface driver usbserial_generic
[    2.968853] usbserial: USB Serial support registered for generic
[    2.974826] usbcore: registered new interface driver ftdi_sio
[    2.980529] usbserial: USB Serial support registered for FTDI USB Serial Device
[    2.987806] usbcore: registered new interface driver upd78f0730
[    2.993676] usbserial: USB Serial support registered for upd78f0730
[    3.001329] rtc_zynqmp ffa60000.rtc: registered as rtc0
[    3.005103] rtc_zynqmp ffa60000.rtc: setting system clock to 2022-03-26T02:50:39 UTC (1648263039)
[    3.013965] i2c /dev entries driver
[    3.019275] usbcore: registered new interface driver uvcvideo
[    3.023078] USB Video Class driver (1.1.1)
[    3.028660] Bluetooth: HCI UART driver ver 2.3
[    3.031549] Bluetooth: HCI UART protocol H4 registered
[    3.036658] Bluetooth: HCI UART protocol BCSP registered
[    3.041947] Bluetooth: HCI UART protocol LL registered
[    3.047036] Bluetooth: HCI UART protocol ATH3K registered
[    3.052410] Bluetooth: HCI UART protocol Three-wire (H5) registered
[    3.058665] Bluetooth: HCI UART protocol Intel registered
[    3.064003] Bluetooth: HCI UART protocol QCA registered
[    3.069205] usbcore: registered new interface driver bcm203x
[    3.074826] usbcore: registered new interface driver bpa10x
[    3.080361] usbcore: registered new interface driver bfusb
[    3.085811] usbcore: registered new interface driver btusb
[    3.091275] usbcore: registered new interface driver ath3k
[    3.096758] EDAC MC: ECC not enabled
[    3.100382] EDAC DEVICE0: Giving out device to module zynqmp-ocm-edac controller zynqmp_ocm: DEV ff960000.memory-controller (INTERRUPT)
[    3.112698] sdhci: Secure Digital Host Controller Interface driver
[    3.118485] sdhci: Copyright(c) Pierre Ossman
[    3.122810] sdhci-pltfm: SDHCI platform and OF driver helper
[    3.128865] ledtrig-cpu: registered to indicate activity on CPUs
[    3.134413] SMCCC: SOC_ID: ARCH_SOC_ID not implemented, skipping ....
[    3.140840] zynqmp_firmware_probe Platform Management API v1.1
[    3.146601] zynqmp_firmware_probe Trustzone version v1.0
[    3.186157] zynqmp-pinctrl firmware:zynqmp-firmware:pinctrl: zynqmp pinctrl initialized
[    3.234165] zynqmp-aes firmware:zynqmp-firmware:zynqmp-aes: will run requests pump with realtime priority
[    3.250007] alg: No test for xilinx-keccak-384 (zynqmp-keccak-384)
[    3.250717] alg: No test for xilinx-zynqmp-rsa (zynqmp-rsa)
[    3.256229] usbcore: registered new interface driver usbhid
[    3.261619] usbhid: USB HID core driver
[    3.272858] axi_sysid 85000000.axi-sysid-0: AXI System ID core version (1.01.a) found
[    3.275208] axi_sysid 85000000.axi-sysid-0: [ad9081_fmca_ebz] on [zcu102] git branch <master> git <084d44c9780640ca93fd847b1d9ec70dd65f5c67> clean [2022-03-18 04:17:50] UTC
[    3.290894] fpga_manager fpga0: Xilinx ZynqMP FPGA Manager registered
[    3.297251] usbcore: registered new interface driver snd-usb-audio
[    3.304706] pktgen: Packet Generator for packet performance testing. Version: 2.75
[    3.310883] Initializing XFRM netlink socket
[    3.314739] NET: Registered protocol family 10
[    3.319455] Segment Routing with IPv6
[    3.322841] sit: IPv6, IPv4 and MPLS over IPv4 tunneling driver
[    3.328909] NET: Registered protocol family 17
[    3.333013] NET: Registered protocol family 15
[    3.337509] can: controller area network core
[    3.341762] NET: Registered protocol family 29
[    3.346150] can: raw protocol
[    3.349087] can: broadcast manager protocol
[    3.353242] can: netlink gateway - max_hops=1
[    3.357635] Bluetooth: RFCOMM TTY layer initialized
[    3.362415] Bluetooth: RFCOMM socket layer initialized
[    3.367527] Bluetooth: RFCOMM ver 1.11
[    3.371233] Bluetooth: BNEP (Ethernet Emulation) ver 1.3
[    3.376505] Bluetooth: BNEP filters: protocol multicast
[    3.381699] Bluetooth: BNEP socket layer initialized
[    3.386626] Bluetooth: HIDP (Human Interface Emulation) ver 1.2
[    3.392510] Bluetooth: HIDP socket layer initialized
[    3.397567] 9pnet: Installing 9P2000 support
[    3.401687] NET: Registered protocol family 36
[    3.406105] Key type dns_resolver registered
[    3.410533] registered taskstats version 1
[    3.414400] Loading compiled-in X.509 certificates
[    3.419517] Btrfs loaded, crc32c=crc32c-generic
[    3.431937] ff000000.serial: ttyPS0 at MMIO 0xff000000 (irq = 49, base_baud = 6249999) is a xuartps
[    3.440960] printk: console [ttyPS0] enabled
[    3.445255] printk: bootconsole [cdns0] disabled
[    3.454887] ff010000.serial: ttyPS1 at MMIO 0xff010000 (irq = 50, base_baud = 6249999) is a xuartps
[    3.468139] of-fpga-region fpga-full: FPGA Region probed
[    3.475087] nwl-pcie fd0e0000.pcie: host bridge /axi/pcie@fd0e0000 ranges:
[    3.481985] nwl-pcie fd0e0000.pcie:      MEM 0x00e0000000..0x00efffffff -> 0x00e0000000
[    3.489993] nwl-pcie fd0e0000.pcie:      MEM 0x0600000000..0x07ffffffff -> 0x0600000000
[    3.498057] nwl-pcie fd0e0000.pcie: Link is DOWN
[    3.502814] nwl-pcie fd0e0000.pcie: PCI host bridge to bus 0000:00
[    3.508992] pci_bus 0000:00: root bus resource [bus 00-ff]
[    3.514474] pci_bus 0000:00: root bus resource [mem 0xe0000000-0xefffffff]
[    3.521344] pci_bus 0000:00: root bus resource [mem 0x600000000-0x7ffffffff pref]
[    3.528848] pci 0000:00:00.0: [10ee:d021] type 01 class 0x060400
[    3.534903] pci 0000:00:00.0: PME# supported from D0 D1 D2 D3hot
[    3.545342] pci 0000:00:00.0: PCI bridge to [bus 01-0c]
[    3.551322] xilinx-zynqmp-dma fd500000.dma: ZynqMP DMA driver Probe success
[    3.558502] xilinx-zynqmp-dma fd510000.dma: ZynqMP DMA driver Probe success
[    3.565679] xilinx-zynqmp-dma fd520000.dma: ZynqMP DMA driver Probe success
[    3.572854] xilinx-zynqmp-dma fd530000.dma: ZynqMP DMA driver Probe success
[    3.580019] xilinx-zynqmp-dma fd540000.dma: ZynqMP DMA driver Probe success
[    3.587189] xilinx-zynqmp-dma fd550000.dma: ZynqMP DMA driver Probe success
[    3.594360] xilinx-zynqmp-dma fd560000.dma: ZynqMP DMA driver Probe success
[    3.601530] xilinx-zynqmp-dma fd570000.dma: ZynqMP DMA driver Probe success
[    3.608927] xilinx-zynqmp-dpdma fd4c0000.dma-controller: Xilinx DPDMA engine is probed
[    3.617474] ahci-ceva fd0c0000.ahci: supply ahci not found, using dummy regulator
[    3.625016] ahci-ceva fd0c0000.ahci: supply phy not found, using dummy regulator
[    3.715919] hmc7044 spi2.0: PLL1: Acquisition, CLKIN0 @ 122880000 Hz, PFD: 80 kHz - PLL2: Locked @ 2864.000000 MHz
[    3.726638] jesd204: /axi/spi@ff050000/hmc7044@0,jesd204:1,parent=spi2.0: Using as SYSREF provider
[    3.736223] spi-nor spi0.0: SPI-NOR-UniqueID 100000235394732200270025081115266e
[    3.743535] spi-nor spi0.0: found n25q512a, expected m25p80
[    3.749739] spi-nor spi0.0: trying to lock already unlocked area
[    3.755747] spi-nor spi0.0: n25q512a (131072 Kbytes)
[    3.760729] 4 fixed-partitions partitions found on MTD device spi0.0
[    3.767077] Creating 4 MTD partitions on "spi0.0":
[    3.771862] 0x000000000000-0x000000100000 : "qspi-fsbl-uboot"
[    3.778350] 0x000000100000-0x000000600000 : "qspi-linux"
[    3.784309] 0x000000600000-0x000000620000 : "qspi-device-tree"
[    3.790778] 0x000000620000-0x000000c00000 : "qspi-rootfs"
[    3.799245] macb ff0e0000.ethernet: Not enabling partial store and forward
[    3.806770] libphy: MACB_mii_bus: probed
[    3.811845] macb ff0e0000.ethernet eth0: Cadence GEM rev 0x50070106 at 0xff0e0000 irq 30 (00:0a:35:04:8e:1b)
[    3.822059] xilinx-axipmon ffa00000.perf-monitor: Probed Xilinx APM
[    3.828631] xilinx-axipmon fd0b0000.perf-monitor: Probed Xilinx APM
[    3.835151] xilinx-axipmon fd490000.perf-monitor: Probed Xilinx APM
[    3.841693] xilinx-axipmon ffa10000.perf-monitor: Probed Xilinx APM
[    3.851676] pca953x 0-0020: supply vcc not found, using dummy regulator
[    3.858361] pca953x 0-0020: using no AI
[    3.862851] gpio-496 (sel0): hogged as output/low
[    3.867759] gpio-497 (sel1): hogged as output/high
[    3.872742] gpio-498 (sel2): hogged as output/high
[    3.877733] gpio-499 (sel3): hogged as output/high
[    3.882909] pca953x 0-0021: supply vcc not found, using dummy regulator
[    3.889581] pca953x 0-0021: using no AI
[    3.895346] ina2xx 2-0040: power monitor ina226 (Rshunt = 5000 uOhm)
[    3.902375] ina2xx 2-0041: power monitor ina226 (Rshunt = 5000 uOhm)
[    3.909408] ina2xx 2-0042: power monitor ina226 (Rshunt = 5000 uOhm)
[    3.916439] ina2xx 2-0043: power monitor ina226 (Rshunt = 5000 uOhm)
[    3.923464] ina2xx 2-0044: power monitor ina226 (Rshunt = 5000 uOhm)
[    3.930486] ina2xx 2-0045: power monitor ina226 (Rshunt = 5000 uOhm)
[    3.937516] ina2xx 2-0046: power monitor ina226 (Rshunt = 5000 uOhm)
[    3.944594] ina2xx 2-0047: power monitor ina226 (Rshunt = 5000 uOhm)
[    3.951619] ina2xx 2-004a: power monitor ina226 (Rshunt = 5000 uOhm)
[    3.958660] ina2xx 2-004b: power monitor ina226 (Rshunt = 5000 uOhm)
[    3.965067] i2c i2c-0: Added multiplexed i2c bus 2
[    3.970452] random: fast init done
[    3.973927] ina2xx 3-0040: power monitor ina226 (Rshunt = 2000 uOhm)
[    3.980953] ina2xx 3-0041: power monitor ina226 (Rshunt = 5000 uOhm)
[    3.987980] ina2xx 3-0042: power monitor ina226 (Rshunt = 5000 uOhm)
[    3.995015] ina2xx 3-0043: power monitor ina226 (Rshunt = 5000 uOhm)
[    4.002038] ina2xx 3-0044: power monitor ina226 (Rshunt = 5000 uOhm)
[    4.009063] ina2xx 3-0045: power monitor ina226 (Rshunt = 5000 uOhm)
[    4.016100] ina2xx 3-0046: power monitor ina226 (Rshunt = 5000 uOhm)
[    4.023127] ina2xx 3-0047: power monitor ina226 (Rshunt = 5000 uOhm)
[    4.029528] i2c i2c-0: Added multiplexed i2c bus 3
[    4.085136] i2c i2c-0: Added multiplexed i2c bus 4
[    4.090078] i2c i2c-0: Added multiplexed i2c bus 5
[    4.094866] pca954x 0-0075: registered 4 multiplexed busses for I2C mux pca9544
[    4.102216] cdns-i2c ff020000.i2c: 400 kHz mmio ff020000 irq 32
[    4.109945] at24 6-0054: supply vcc not found, using dummy regulator
[    4.116848] at24 6-0054: 1024 byte 24c08 EEPROM, writable, 1 bytes/write
[    4.123591] i2c i2c-1: Added multiplexed i2c bus 6
[    4.130023] si5341 7-0036: Chip: 5341 Grade: 1 Rev: 1
[    4.167774] i2c i2c-1: Added multiplexed i2c bus 7
[    4.175423] si570 8-005d: registered, current frequency 300000000 Hz
[    4.181828] i2c i2c-1: Added multiplexed i2c bus 8
[    4.201607] si570 9-005d: registered, current frequency 148500000 Hz
[    4.208008] i2c i2c-1: Added multiplexed i2c bus 9
[    4.213046] si5324 10-0069: si5328 probed
[    4.280114] si5324 10-0069: si5328 probe successful
[    4.285045] i2c i2c-1: Added multiplexed i2c bus 10
[    4.290073] i2c i2c-1: Added multiplexed i2c bus 11
[    4.295098] i2c i2c-1: Added multiplexed i2c bus 12
[    4.300119] i2c i2c-1: Added multiplexed i2c bus 13
[    4.304991] pca954x 1-0074: registered 8 multiplexed busses for I2C switch pca9548
[    4.313099] at24 14-0050: supply vcc not found, using dummy regulator
[    4.319888] at24 14-0050: 256 byte 24c02 EEPROM, writable, 1 bytes/write
[    4.326636] i2c i2c-1: Added multiplexed i2c bus 14
[    4.331676] i2c i2c-1: Added multiplexed i2c bus 15
[    4.336708] i2c i2c-1: Added multiplexed i2c bus 16
[    4.341746] i2c i2c-1: Added multiplexed i2c bus 17
[    4.346776] i2c i2c-1: Added multiplexed i2c bus 18
[    4.351823] i2c i2c-1: Added multiplexed i2c bus 19
[    4.356859] i2c i2c-1: Added multiplexed i2c bus 20
[    4.361892] i2c i2c-1: Added multiplexed i2c bus 21
[    4.366766] pca954x 1-0075: registered 8 multiplexed busses for I2C switch pca9548
[    4.374376] cdns-i2c ff030000.i2c: 400 kHz mmio ff030000 irq 33
[    4.384130] cdns-wdt fd4d0000.watchdog: Xilinx Watchdog Timer with timeout 60s
[    4.395074] axi_adxcvr 84a60000.axi-adxcvr-rx: AXI-ADXCVR-RX (17.05.a) using CPLL on GTH4 at 0x84A60000. Number of lanes: 4.
[    4.407240] axi_adxcvr 84b60000.axi-adxcvr-tx: AXI-ADXCVR-TX (17.05.a) using QPLL on GTH4 at 0x84B60000. Number of lanes: 4.
[    4.418866] axi-jesd204-rx 84a90000.axi-jesd204-rx: AXI-JESD204-RX (1.07.a) at 0x84A90000. Encoder 8b10b, width 4/4, lanes 4, jesd204-fsm.
[    4.426158] mmc0: SDHCI controller on ff170000.mmc [ff170000.mmc] using ADMA 64-bit
[    4.431709] axi-jesd204-tx 84b90000.axi-jesd204-tx: AXI-JESD204-TX (1.06.a) at 0x84B90000. Encoder 8b10b, width 4/4, lanes 4, jesd204-fsm.
[    4.452430] zynqmp-display fd4a0000.display: vtc bridge property not present
[    4.462087] xilinx-dp-snd-codec fd4a0000.display:zynqmp_dp_snd_codec0: Failed to get required clock freq
[    4.471588] xilinx-dp-snd-codec: probe of fd4a0000.display:zynqmp_dp_snd_codec0 failed with error -22
[    4.473532] mmc0: new high speed SDHC card at address 0001
[    4.481129] xilinx-dp-snd-pcm zynqmp_dp_snd_pcm0: Xilinx DisplayPort Sound PCM probed
[    4.486642] mmcblk0: mmc0:0001 EB1QT 29.8 GiB 
[    4.494446] xilinx-dp-snd-pcm zynqmp_dp_snd_pcm1: Xilinx DisplayPort Sound PCM probed
[    4.499793]  mmcblk0: p1 p2 p3
[    4.506744] OF: graph: no port node found in /axi/display@fd4a0000
[    4.515813] xlnx-drm xlnx-drm.0: bound fd4a0000.display (ops 0xffffffc010fcbdb8)
[    5.599764] zynqmp-display fd4a0000.display: [drm] Cannot find any crtc or sizes
[    5.607376] [drm] Initialized xlnx 1.0.0 20130509 for fd4a0000.display on minor 0
[    5.614866] zynqmp-display fd4a0000.display: ZynqMP DisplayPort Subsystem driver probed
[    5.623192] ahci-ceva fd0c0000.ahci: supply ahci not found, using dummy regulator
[    5.630737] ahci-ceva fd0c0000.ahci: supply phy not found, using dummy regulator
[    5.638196] ahci-ceva fd0c0000.ahci: supply target not found, using dummy regulator
[    5.646034] ahci-ceva fd0c0000.ahci: AHCI 0001.0301 32 slots 2 ports 6 Gbps 0x3 impl platform mode
[    5.654990] ahci-ceva fd0c0000.ahci: flags: 64bit ncq sntf pm clo only pmp fbs pio slum part ccc sds apst 
[    5.665689] scsi host0: ahci-ceva
[    5.669288] scsi host1: ahci-ceva
[    5.672716] ata1: SATA max UDMA/133 mmio [mem 0xfd0c0000-0xfd0c1fff] port 0x100 irq 45
[    5.680630] ata2: SATA max UDMA/133 mmio [mem 0xfd0c0000-0xfd0c1fff] port 0x180 irq 45
[    5.689224] ad9081 spi1.0: supply vdd not found, using dummy regulator
[    6.002000] ata1: SATA link down (SStatus 0 SControl 330)
[    6.007419] ata2: SATA link down (SStatus 0 SControl 330)
[    6.683766] zynqmp-display fd4a0000.display: [drm] Cannot find any crtc or sizes
[    7.522550] ad9081 spi1.0: AD9081 Rev. 2 Grade 10 (API 1.2.2) probed
[    7.529748] xhci-hcd xhci-hcd.1.auto: xHCI Host Controller
[    7.535245] xhci-hcd xhci-hcd.1.auto: new USB bus registered, assigned bus number 1
[    7.542995] xhci-hcd xhci-hcd.1.auto: hcc params 0x0238f625 hci version 0x100 quirks 0x0000000002010810
[    7.552414] xhci-hcd xhci-hcd.1.auto: irq 59, io mem 0xfe200000
[    7.558528] usb usb1: New USB device found, idVendor=1d6b, idProduct=0002, bcdDevice= 5.10
[    7.566786] usb usb1: New USB device strings: Mfr=3, Product=2, SerialNumber=1
[    7.574004] usb usb1: Product: xHCI Host Controller
[    7.578874] usb usb1: Manufacturer: Linux 5.10.0-98103-g2aa7ac113716 xhci-hcd
[    7.586000] usb usb1: SerialNumber: xhci-hcd.1.auto
[    7.591167] hub 1-0:1.0: USB hub found
[    7.594927] hub 1-0:1.0: 1 port detected
[    7.599033] xhci-hcd xhci-hcd.1.auto: xHCI Host Controller
[    7.604522] xhci-hcd xhci-hcd.1.auto: new USB bus registered, assigned bus number 2
[    7.612176] xhci-hcd xhci-hcd.1.auto: Host supports USB 3.0 SuperSpeed
[    7.618797] usb usb2: New USB device found, idVendor=1d6b, idProduct=0003, bcdDevice= 5.10
[    7.627060] usb usb2: New USB device strings: Mfr=3, Product=2, SerialNumber=1
[    7.634280] usb usb2: Product: xHCI Host Controller
[    7.639149] usb usb2: Manufacturer: Linux 5.10.0-98103-g2aa7ac113716 xhci-hcd
[    7.646273] usb usb2: SerialNumber: xhci-hcd.1.auto
[    7.651382] hub 2-0:1.0: USB hub found
[    7.655144] hub 2-0:1.0: 1 port detected
[    7.685207] cf_axi_adc 84a10000.axi-ad9081-rx-hpc: ADI AIM (10.01.b) at 0x84A10000 mapped to 0x(____ptrval____), probed ADC AD9081 as MASTER
[    7.716590] cf_axi_dds 84b10000.axi-ad9081-tx-hpc: Analog Devices CF_AXI_DDS_DDS MASTER (9.01.b) at 0x84B10000 mapped to 0x(____ptrval____), probed DDS AD9081
[    7.730790] jesd204: /axi/spi@ff040000/ad9081@0,jesd204:0,parent=spi1.0: JESD204[2] transition initialized -> probed
[    7.741310] jesd204: /axi/spi@ff040000/ad9081@0,jesd204:0,parent=spi1.0: JESD204[0] transition initialized -> probed
[    7.751834] jesd204: /axi/spi@ff040000/ad9081@0,jesd204:0,parent=spi1.0: JESD204[2] transition probed -> idle
[    7.761742] jesd204: /axi/spi@ff040000/ad9081@0,jesd204:0,parent=spi1.0: JESD204[0] transition probed -> idle
[    7.771656] jesd204: /axi/spi@ff040000/ad9081@0,jesd204:0,parent=spi1.0: JESD204[2] transition idle -> device_init
[    7.781999] jesd204: /axi/spi@ff040000/ad9081@0,jesd204:0,parent=spi1.0: JESD204[0] transition idle -> device_init
[    7.792355] jesd204: /axi/spi@ff040000/ad9081@0,jesd204:0,parent=spi1.0: JESD204[2] transition device_init -> link_init
[    7.803137] jesd204: /axi/spi@ff040000/ad9081@0,jesd204:0,parent=spi1.0: JESD204[0] transition device_init -> link_init
[    7.813927] jesd204: /axi/spi@ff040000/ad9081@0,jesd204:0,parent=spi1.0: JESD204[2] transition link_init -> link_supported
[    7.824966] jesd204: /axi/spi@ff040000/ad9081@0,jesd204:0,parent=spi1.0: JESD204[0] transition link_init -> link_supported
[    7.836383] hmc7044 spi2.0: hmc7044_jesd204_link_pre_setup: Link2 forcing continuous SYSREF mode
[    7.845322] axi-jesd204-rx 84a90000.axi-jesd204-rx: axi_jesd204_rx_jesd204_link_pre_setup: Link2 set lane rate 14320000 kHz failed (-22)
[    7.857579] jesd204: /fpga-axi@0/axi-jesd204-rx@84a90000,jesd204:4,parent=84a90000.axi-jesd204-rx: JESD204[2] In link_pre_setup got error from cb: -22
[    7.871049] jesd204: /axi/spi@ff040000/ad9081@0,jesd204:0,parent=spi1.0: Rolling back from 'link_supported', got error -22
[    7.882093] jesd204: /axi/spi@ff040000/ad9081@0,jesd204:0,parent=spi1.0: JESD204[0] transition link_supported -> link_pre_setup
[    7.893563] jesd204: /axi/spi@ff040000/ad9081@0,jesd204:0,parent=spi1.0: JESD204[2] transition link_supported -> link_pre_setup
[    7.905049] jesd204: /axi/spi@ff040000/ad9081@0,jesd204:0,parent=spi1.0: JESD204[0] transition link_pre_setup -> link_supported
[    7.916522] jesd204: /axi/spi@ff040000/ad9081@0,jesd204:0,parent=spi1.0: JESD204[2] transition link_pre_setup -> link_supported
[    7.928000] jesd204: /axi/spi@ff040000/ad9081@0,jesd204:0,parent=spi1.0: JESD204[0] transition link_supported -> link_init
[    7.939036] jesd204: /axi/spi@ff040000/ad9081@0,jesd204:0,parent=spi1.0: JESD204[2] transition link_supported -> link_init
[    7.950086] jesd204: /axi/spi@ff040000/ad9081@0,jesd204:0,parent=spi1.0: JESD204[0] transition link_init -> device_init
[    7.960873] jesd204: /axi/spi@ff040000/ad9081@0,jesd204:0,parent=spi1.0: JESD204[2] transition link_init -> device_init
[    7.971653] jesd204: /axi/spi@ff040000/ad9081@0,jesd204:0,parent=spi1.0: JESD204[0] transition device_init -> idle
[    7.981996] jesd204: /axi/spi@ff040000/ad9081@0,jesd204:0,parent=spi1.0: JESD204[2] transition device_init -> idle
[    7.992347] jesd204: /axi/spi@ff040000/ad9081@0,jesd204:0,parent=spi1.0: JESD204[2] transition idle -> idle
[    8.002081] jesd204: /axi/spi@ff040000/ad9081@0,jesd204:0,parent=spi1.0: JESD204[0] transition idle -> idle
[    8.011823] jesd204: /axi/spi@ff040000/ad9081@0,jesd204:0,parent=spi1.0: JESD204[2] transition idle -> device_init
[    8.022166] jesd204: /axi/spi@ff040000/ad9081@0,jesd204:0,parent=spi1.0: JESD204[0] transition idle -> device_init
[    8.032517] jesd204: /axi/spi@ff040000/ad9081@0,jesd204:0,parent=spi1.0: JESD204[2] transition device_init -> link_init
[    8.043293] jesd204: /axi/spi@ff040000/ad9081@0,jesd204:0,parent=spi1.0: JESD204[0] transition device_init -> link_init
[    8.054082] jesd204: /axi/spi@ff040000/ad9081@0,jesd204:0,parent=spi1.0: JESD204[2] transition link_init -> link_supported
[    8.065129] jesd204: /axi/spi@ff040000/ad9081@0,jesd204:0,parent=spi1.0: JESD204[0] transition link_init -> link_supported
[    8.076348] axi-jesd204-rx 84a90000.axi-jesd204-rx: axi_jesd204_rx_jesd204_link_pre_setup: Link2 set lane rate 14320000 kHz failed (-22)
[    8.088608] jesd204: /fpga-axi@0/axi-jesd204-rx@84a90000,jesd204:4,parent=84a90000.axi-jesd204-rx: JESD204[2] In link_pre_setup got error from cb: -22
[    8.102076] jesd204: /axi/spi@ff040000/ad9081@0,jesd204:0,parent=spi1.0: Rolling back from 'link_supported', got error -22
[    8.113119] jesd204: /axi/spi@ff040000/ad9081@0,jesd204:0,parent=spi1.0: JESD204[0] transition link_supported -> link_pre_setup
[    8.124590] jesd204: /axi/spi@ff040000/ad9081@0,jesd204:0,parent=spi1.0: JESD204[2] transition link_supported -> link_pre_setup
[    8.136068] jesd204: /axi/spi@ff040000/ad9081@0,jesd204:0,parent=spi1.0: JESD204[0] transition link_pre_setup -> link_supported
[    8.147542] jesd204: /axi/spi@ff040000/ad9081@0,jesd204:0,parent=spi1.0: JESD204[2] transition link_pre_setup -> link_supported
[    8.159018] jesd204: /axi/spi@ff040000/ad9081@0,jesd204:0,parent=spi1.0: JESD204[0] transition link_supported -> link_init
[    8.170056] jesd204: /axi/spi@ff040000/ad9081@0,jesd204:0,parent=spi1.0: JESD204[2] transition link_supported -> link_init
[    8.181103] jesd204: /axi/spi@ff040000/ad9081@0,jesd204:0,parent=spi1.0: JESD204[0] transition link_init -> device_init
[    8.191879] jesd204: /axi/spi@ff040000/ad9081@0,jesd204:0,parent=spi1.0: JESD204[2] transition link_init -> device_init
[    8.202661] jesd204: /axi/spi@ff040000/ad9081@0,jesd204:0,parent=spi1.0: JESD204[0] transition device_init -> idle
[    8.213009] jesd204: /axi/spi@ff040000/ad9081@0,jesd204:0,parent=spi1.0: JESD204[2] transition device_init -> idle
[    8.223357] jesd204: /axi/spi@ff040000/ad9081@0,jesd204:0,parent=spi1.0: JESD204[2] transition idle -> idle
[    8.233091] jesd204: /axi/spi@ff040000/ad9081@0,jesd204:0,parent=spi1.0: JESD204[0] transition idle -> idle
[    8.242832] jesd204: /axi/spi@ff040000/ad9081@0,jesd204:0,parent=spi1.0: JESD204[2] transition idle -> device_init
[    8.253176] jesd204: /axi/spi@ff040000/ad9081@0,jesd204:0,parent=spi1.0: JESD204[0] transition idle -> device_init
[    8.263525] jesd204: /axi/spi@ff040000/ad9081@0,jesd204:0,parent=spi1.0: JESD204[2] transition device_init -> link_init
[    8.274303] jesd204: /axi/spi@ff040000/ad9081@0,jesd204:0,parent=spi1.0: JESD204[0] transition device_init -> link_init
[    8.285091] jesd204: /axi/spi@ff040000/ad9081@0,jesd204:0,parent=spi1.0: JESD204[2] transition link_init -> link_supported
[    8.296133] jesd204: /axi/spi@ff040000/ad9081@0,jesd204:0,parent=spi1.0: JESD204[0] transition link_init -> link_supported
[    8.307321] axi-jesd204-rx 84a90000.axi-jesd204-rx: axi_jesd204_rx_jesd204_link_pre_setup: Link2 set lane rate 14320000 kHz failed (-22)
[    8.319580] jesd204: /fpga-axi@0/axi-jesd204-rx@84a90000,jesd204:4,parent=84a90000.axi-jesd204-rx: JESD204[2] In link_pre_setup got error from cb: -22
[    8.333050] jesd204: /axi/spi@ff040000/ad9081@0,jesd204:0,parent=spi1.0: Rolling back from 'link_supported', got error -22
[    8.344097] jesd204: /axi/spi@ff040000/ad9081@0,jesd204:0,parent=spi1.0: JESD204[0] transition link_supported -> link_pre_setup
[    8.355574] jesd204: /axi/spi@ff040000/ad9081@0,jesd204:0,parent=spi1.0: JESD204[2] transition link_supported -> link_pre_setup
[    8.367055] jesd204: /axi/spi@ff040000/ad9081@0,jesd204:0,parent=spi1.0: JESD204[0] transition link_pre_setup -> link_supported
[    8.378523] jesd204: /axi/spi@ff040000/ad9081@0,jesd204:0,parent=spi1.0: JESD204[2] transition link_pre_setup -> link_supported
[    8.390001] jesd204: /axi/spi@ff040000/ad9081@0,jesd204:0,parent=spi1.0: JESD204[0] transition link_supported -> link_init
[    8.401039] jesd204: /axi/spi@ff040000/ad9081@0,jesd204:0,parent=spi1.0: JESD204[2] transition link_supported -> link_init
[    8.412087] jesd204: /axi/spi@ff040000/ad9081@0,jesd204:0,parent=spi1.0: JESD204[0] transition link_init -> device_init
[    8.422870] jesd204: /axi/spi@ff040000/ad9081@0,jesd204:0,parent=spi1.0: JESD204[2] transition link_init -> device_init
[    8.433653] jesd204: /axi/spi@ff040000/ad9081@0,jesd204:0,parent=spi1.0: JESD204[0] transition device_init -> idle
[    8.443999] jesd204: /axi/spi@ff040000/ad9081@0,jesd204:0,parent=spi1.0: JESD204[2] transition device_init -> idle
[    8.454349] jesd204: /axi/spi@ff040000/ad9081@0,jesd204:0,parent=spi1.0: JESD204[2] transition idle -> idle
[    8.464083] jesd204: /axi/spi@ff040000/ad9081@0,jesd204:0,parent=spi1.0: JESD204[0] transition idle -> idle
[    8.473828] jesd204: /axi/spi@ff040000/ad9081@0,jesd204:0,parent=spi1.0: JESD204[2] transition idle -> device_init
[    8.484178] jesd204: /axi/spi@ff040000/ad9081@0,jesd204:0,parent=spi1.0: JESD204[0] transition idle -> device_init
[    8.494527] jesd204: /axi/spi@ff040000/ad9081@0,jesd204:0,parent=spi1.0: JESD204[2] transition device_init -> link_init
[    8.505305] jesd204: /axi/spi@ff040000/ad9081@0,jesd204:0,parent=spi1.0: JESD204[0] transition device_init -> link_init
[    8.516092] jesd204: /axi/spi@ff040000/ad9081@0,jesd204:0,parent=spi1.0: JESD204[2] transition link_init -> link_supported
[    8.527135] jesd204: /axi/spi@ff040000/ad9081@0,jesd204:0,parent=spi1.0: JESD204[0] transition link_init -> link_supported
[    8.538321] axi-jesd204-rx 84a90000.axi-jesd204-rx: axi_jesd204_rx_jesd204_link_pre_setup: Link2 set lane rate 14320000 kHz failed (-22)
[    8.550581] jesd204: /fpga-axi@0/axi-jesd204-rx@84a90000,jesd204:4,parent=84a90000.axi-jesd204-rx: JESD204[2] In link_pre_setup got error from cb: -22
[    8.564051] jesd204: /axi/spi@ff040000/ad9081@0,jesd204:0,parent=spi1.0: Rolling back from 'link_supported', got error -22
[    8.575094] jesd204: /axi/spi@ff040000/ad9081@0,jesd204:0,parent=spi1.0: JESD204[0] transition link_supported -> link_pre_setup
[    8.586566] jesd204: /axi/spi@ff040000/ad9081@0,jesd204:0,parent=spi1.0: JESD204[2] transition link_supported -> link_pre_setup
[    8.598047] jesd204: /axi/spi@ff040000/ad9081@0,jesd204:0,parent=spi1.0: JESD204[0] transition link_pre_setup -> link_supported
[    8.609516] jesd204: /axi/spi@ff040000/ad9081@0,jesd204:0,parent=spi1.0: JESD204[2] transition link_pre_setup -> link_supported
[    8.620994] jesd204: /axi/spi@ff040000/ad9081@0,jesd204:0,parent=spi1.0: JESD204[0] transition link_supported -> link_init
[    8.632031] jesd204: /axi/spi@ff040000/ad9081@0,jesd204:0,parent=spi1.0: JESD204[2] transition link_supported -> link_init
[    8.643078] jesd204: /axi/spi@ff040000/ad9081@0,jesd204:0,parent=spi1.0: JESD204[0] transition link_init -> device_init
[    8.653853] jesd204: /axi/spi@ff040000/ad9081@0,jesd204:0,parent=spi1.0: JESD204[2] transition link_init -> device_init
[    8.664636] jesd204: /axi/spi@ff040000/ad9081@0,jesd204:0,parent=spi1.0: JESD204[0] transition device_init -> idle
[    8.674980] jesd204: /axi/spi@ff040000/ad9081@0,jesd204:0,parent=spi1.0: JESD204[2] transition device_init -> idle
[    8.685327] jesd204: /axi/spi@ff040000/ad9081@0,jesd204:0,parent=spi1.0: FSM completed with error -22
[    8.703760] input: gpio-keys as /devices/platform/gpio-keys/input/input0
[    8.710772] of_cfs_init
[    8.713232] of_cfs_init: OK
[    8.716174] cfg80211: Loading compiled-in X.509 certificates for regulatory database
[    8.854403] cfg80211: Loaded X.509 cert 'sforshee: 00b28ddf47aef9cea7'
[    8.860933] clk: Not disabling unused clocks
[    8.865462] ALSA device list:
[    8.868425]   No soundcards found.
[    8.872091] platform regulatory.0: Direct firmware load for regulatory.db failed with error -2
[    8.880696] cfg80211: failed to load regulatory.db
[    8.895242] EXT4-fs (mmcblk0p2): mounted filesystem with ordered data mode. Opts: (null)
[    8.903351] VFS: Mounted root (ext4 filesystem) on device 179:2.
[    8.916737] devtmpfs: mounted
[    8.920557] Freeing unused kernel memory: 2560K
[    8.931796] Run /sbin/init as init process
[    8.935889]   with arguments:
[    8.935892]     /sbin/init
[    8.935894]   with environment:
[    8.935897]     HOME=/
[    8.935899]     TERM=linux
[    9.499299] systemd[1]: systemd 241 running in system mode. (+PAM +AUDIT +SELINUX +IMA +APPARMOR +SMACK +SYSVINIT +UTMP +LIBCRYPTSETUP +GCRYPT +GNUTLS +ACL +XZ +LZ4 +SECCOMP +BLKID +ELFUTILS +KMOD -IDN2 +IDN -PCRE2 default-hierarchy=hybrid)
[    9.521155] systemd[1]: Detected architecture arm64.
[    9.544452] systemd[1]: Set hostname to <analog>.
[    9.728609] systemd[1]: File /lib/systemd/system/systemd-journald.service:12 configures an IP firewall (IPAddressDeny=any), but the local system does not support BPF/cgroup based firewalling.
[    9.745694] systemd[1]: Proceeding WITHOUT firewalling in effect! (This warning is only shown for the first loaded unit using IP firewalling.)
[    9.908610] systemd[1]: /etc/systemd/system/tof-server.service:1: Assignment outside of section. Ignoring.
[    9.918335] systemd[1]: /etc/systemd/system/tof-server.service:2: Assignment outside of section. Ignoring.
[   10.101096] random: systemd: uninitialized urandom read (16 bytes read)
[   10.115892] random: systemd: uninitialized urandom read (16 bytes read)
[   10.122705] systemd[1]: Listening on initctl Compatibility Named Pipe.
[   10.143851] random: systemd: uninitialized urandom read (16 bytes read)
[   10.150753] systemd[1]: Listening on fsck to fsckd communication Socket.
[   10.172224] systemd[1]: Created slice User and Session Slice.
[   10.910931] EXT4-fs (mmcblk0p2): re-mounted. Opts: (null)
[   11.012693] systemd-journald[149]: Received request to flush runtime journal from PID 1
[   16.502495] random: crng init done
[   16.502504] random: 7 urandom warning(s) missed due to ratelimiting
[   16.888950] macb ff0e0000.ethernet eth0: PHY [ff0e0000.ethernet-ffffffff:0c] driver [TI DP83867] (irq=POLL)
[   16.888963] macb ff0e0000.ethernet eth0: configuring for phy/rgmii-id link mode
[   17.203784] Adding 73724k swap on /var/swap.  Priority:-2 extents:1 across:73724k SS
[   19.746379] broken atomic modeset userspace detected, disabling atomic
[   19.969368] macb ff0e0000.ethernet eth0: Link is Up - 1Gbps/Full - flow control off
[   19.969392] IPv6: ADDRCONF(NETDEV_CHANGE): eth0: link becomes ready
[   22.404947] broken atomic modeset userspace detected, disabling atomic
[   25.334786] broken atomic modeset userspace detected, disabling atomic