[    0.000000] Booting Linux on physical CPU 0x0000000000 [0x410fd034]
[    0.000000] Linux version 5.10.0-98103-g2aa7ac113716 (jenkins@romlxbuild1.adlk.analog.com) (aarch64-xilinx-linux-gcc.real (GCC) 10.2.0, GNU ld (GNU Binutils) 2.35.0.20200730) #5577 SMP Wed Mar 23 07:28:49 GMT 2022
[    0.000000] Machine model: ZynqMP ZCU102 Rev1.0
[    0.000000] earlycon: cdns0 at MMIO 0x00000000ff000000 (options '115200n8')
[    0.000000] printk: bootconsole [cdns0] enabled
[    0.000000] efi: UEFI not found.
[    0.000000] cma: Reserved 256 MiB at 0x0000000070000000
[    0.000000] Zone ranges:
[    0.000000]   DMA      [mem 0x0000000000000000-0x000000003fffffff]
[    0.000000]   DMA32    [mem 0x0000000040000000-0x00000000ffffffff]
[    0.000000]   Normal   [mem 0x0000000100000000-0x000000087fffffff]
[    0.000000] Movable zone start for each node
[    0.000000] Early memory node ranges
[    0.000000]   node   0: [mem 0x0000000000000000-0x000000007fffffff]
[    0.000000]   node   0: [mem 0x0000000800000000-0x000000087fffffff]
[    0.000000] Initmem setup node 0 [mem 0x0000000000000000-0x000000087fffffff]
[    0.000000] On node 0 totalpages: 1048576
[    0.000000]   DMA zone: 3584 pages used for memmap
[    0.000000]   DMA zone: 0 pages reserved
[    0.000000]   DMA zone: 262144 pages, LIFO batch:63
[    0.000000]   DMA32 zone: 3584 pages used for memmap
[    0.000000]   DMA32 zone: 262144 pages, LIFO batch:63
[    0.000000]   Normal zone: 7168 pages used for memmap
[    0.000000]   Normal zone: 524288 pages, LIFO batch:63
[    0.000000] psci: probing for conduit method from DT.
[    0.000000] psci: PSCIv1.1 detected in firmware.
[    0.000000] psci: Using standard PSCI v0.2 function IDs
[    0.000000] psci: MIGRATE_INFO_TYPE not supported.
[    0.000000] psci: SMC Calling Convention v1.2
[    0.000000] percpu: Embedded 22 pages/cpu s49496 r8192 d32424 u90112
[    0.000000] pcpu-alloc: s49496 r8192 d32424 u90112 alloc=22*4096
[    0.000000] pcpu-alloc: [0] 0 [0] 1 [0] 2 [0] 3 
[    0.000000] Detected VIPT I-cache on CPU0
[    0.000000] CPU features: detected: ARM erratum 845719
[    0.000000] Built 1 zonelists, mobility grouping on.  Total pages: 1034240
[    0.000000] Kernel command line: console=ttyPS0,115200 root=/dev/mmcblk0p2 rw earlycon rootfstype=ext4 rootwait clk_ignore_unused cpuidle.off=1 root=/dev/mmcblk0p2 rw rootwait
[    0.000000] Dentry cache hash table entries: 524288 (order: 10, 4194304 bytes, linear)
[    0.000000] Inode-cache hash table entries: 262144 (order: 9, 2097152 bytes, linear)
[    0.000000] mem auto-init: stack:off, heap alloc:off, heap free:off
[    0.000000] software IO TLB: mapped [mem 0x000000003bfff000-0x000000003ffff000] (64MB)
[    0.000000] Memory: 3761904K/4194304K available (15296K kernel code, 1636K rwdata, 11876K rodata, 2560K init, 507K bss, 170256K reserved, 262144K cma-reserved)
[    0.000000] rcu: Hierarchical RCU implementation.
[    0.000000] rcu: 	RCU event tracing is enabled.
[    0.000000] rcu: 	RCU restricting CPUs from NR_CPUS=8 to nr_cpu_ids=4.
[    0.000000] rcu: RCU calculated value of scheduler-enlistment delay is 25 jiffies.
[    0.000000] rcu: Adjusting geometry for rcu_fanout_leaf=16, nr_cpu_ids=4
[    0.000000] NR_IRQS: 64, nr_irqs: 64, preallocated irqs: 0
[    0.000000] GIC: Adjusting CPU interface base to 0x00000000f902f000
[    0.000000] GIC: Using split EOI/Deactivate mode
[    0.000000] random: get_random_bytes called from start_kernel+0x31c/0x54c with crng_init=0
[    0.000000] arch_timer: cp15 timer(s) running at 100.00MHz (phys).
[    0.000000] clocksource: arch_sys_counter: mask: 0xffffffffffffff max_cycles: 0x171024e7e0, max_idle_ns: 440795205315 ns
[    0.000004] sched_clock: 56 bits at 100MHz, resolution 10ns, wraps every 4398046511100ns
[    0.008463] Console: colour dummy device 80x25
[    0.012482] Calibrating delay loop (skipped), value calculated using timer frequency.. 200.00 BogoMIPS (lpj=400000)
[    0.022840] pid_max: default: 32768 minimum: 301
[    0.027549] Mount-cache hash table entries: 8192 (order: 4, 65536 bytes, linear)
[    0.034788] Mountpoint-cache hash table entries: 8192 (order: 4, 65536 bytes, linear)
[    0.043394] rcu: Hierarchical SRCU implementation.
[    0.047560] EFI services will not be available.
[    0.051938] smp: Bringing up secondary CPUs ...
[    0.056656] Detected VIPT I-cache on CPU1
[    0.056695] CPU1: Booted secondary processor 0x0000000001 [0x410fd034]
[    0.057058] Detected VIPT I-cache on CPU2
[    0.057082] CPU2: Booted secondary processor 0x0000000002 [0x410fd034]
[    0.057421] Detected VIPT I-cache on CPU3
[    0.057444] CPU3: Booted secondary processor 0x0000000003 [0x410fd034]
[    0.057490] smp: Brought up 1 node, 4 CPUs
[    0.091779] SMP: Total of 4 processors activated.
[    0.096452] CPU features: detected: 32-bit EL0 Support
[    0.101555] CPU features: detected: CRC32 instructions
[    0.106695] CPU: All CPU(s) started at EL2
[    0.110736] alternatives: patching kernel code
[    0.116167] devtmpfs: initialized
[    0.124068] Registered cp15_barrier emulation handler
[    0.124117] Registered setend emulation handler
[    0.128099] clocksource: jiffies: mask: 0xffffffff max_cycles: 0xffffffff, max_idle_ns: 7645041785100000 ns
[    0.137678] futex hash table entries: 1024 (order: 4, 65536 bytes, linear)
[    0.151034] pinctrl core: initialized pinctrl subsystem
[    0.151684] NET: Registered protocol family 16
[    0.156103] DMA: preallocated 512 KiB GFP_KERNEL pool for atomic allocations
[    0.162116] DMA: preallocated 512 KiB GFP_KERNEL|GFP_DMA pool for atomic allocations
[    0.169841] DMA: preallocated 512 KiB GFP_KERNEL|GFP_DMA32 pool for atomic allocations
[    0.177645] audit: initializing netlink subsys (disabled)
[    0.183096] audit: type=2000 audit(0.116:1): state=initialized audit_enabled=0 res=1
[    0.183444] hw-breakpoint: found 6 breakpoint and 4 watchpoint registers.
[    0.197471] ASID allocator initialised with 65536 entries
[    0.224383] HugeTLB registered 1.00 GiB page size, pre-allocated 0 pages
[    0.225437] HugeTLB registered 32.0 MiB page size, pre-allocated 0 pages
[    0.232108] HugeTLB registered 2.00 MiB page size, pre-allocated 0 pages
[    0.238772] HugeTLB registered 64.0 KiB page size, pre-allocated 0 pages
[    1.304396] DRBG: Continuing without Jitter RNG
[    1.382168] raid6: neonx8   gen()  2144 MB/s
[    1.450211] raid6: neonx8   xor()  1599 MB/s
[    1.518271] raid6: neonx4   gen()  2199 MB/s
[    1.586323] raid6: neonx4   xor()  1561 MB/s
[    1.654380] raid6: neonx2   gen()  2075 MB/s
[    1.722437] raid6: neonx2   xor()  1437 MB/s
[    1.790497] raid6: neonx1   gen()  1772 MB/s
[    1.858547] raid6: neonx1   xor()  1220 MB/s
[    1.926601] raid6: int64x8  gen()  1437 MB/s
[    1.994661] raid6: int64x8  xor()   771 MB/s
[    2.062727] raid6: int64x4  gen()  1599 MB/s
[    2.130790] raid6: int64x4  xor()   816 MB/s
[    2.198847] raid6: int64x2  gen()  1397 MB/s
[    2.266896] raid6: int64x2  xor()   750 MB/s
[    2.334987] raid6: int64x1  gen()  1034 MB/s
[    2.403035] raid6: int64x1  xor()   517 MB/s
[    2.403072] raid6: using algorithm neonx4 gen() 2199 MB/s
[    2.407030] raid6: .... xor() 1561 MB/s, rmw enabled
[    2.411960] raid6: using neon recovery algorithm
[    2.416970] iommu: Default domain type: Translated 
[    2.421584] SCSI subsystem initialized
[    2.425130] libata version 3.00 loaded.
[    2.425254] usbcore: registered new interface driver usbfs
[    2.430587] usbcore: registered new interface driver hub
[    2.435859] usbcore: registered new device driver usb
[    2.440995] mc: Linux media interface: v0.10
[    2.445107] videodev: Linux video capture interface: v2.00
[    2.450600] EDAC MC: Ver: 3.0.0
[    2.454037] zynqmp-ipi-mbox mailbox@ff990400: Registered ZynqMP IPI mbox with TX/RX channels.
[    2.462538] jesd204: created con: id=0, topo=0, link=0, /axi/spi@ff050000/hmc7044@0 <-> /fpga-axi@0/axi-adxcvr-tx@84b60000
[    2.473129] jesd204: created con: id=1, topo=0, link=2, /axi/spi@ff050000/hmc7044@0 <-> /fpga-axi@0/axi-adxcvr-rx@84a60000
[    2.484113] jesd204: created con: id=2, topo=0, link=0, /fpga-axi@0/axi-adxcvr-tx@84b60000 <-> /fpga-axi@0/axi-jesd204-tx@84b90000
[    2.495788] jesd204: created con: id=3, topo=0, link=2, /fpga-axi@0/axi-adxcvr-rx@84a60000 <-> /fpga-axi@0/axi-jesd204-rx@84a90000
[    2.507466] jesd204: created con: id=4, topo=0, link=0, /fpga-axi@0/axi-jesd204-tx@84b90000 <-> /fpga-axi@0/axi-ad9081-tx-hpc@84b10000
[    2.519493] jesd204: created con: id=5, topo=0, link=2, /fpga-axi@0/axi-jesd204-rx@84a90000 <-> /fpga-axi@0/axi-ad9081-rx-hpc@84a10000
[    2.531516] jesd204: created con: id=6, topo=0, link=2, /fpga-axi@0/axi-ad9081-rx-hpc@84a10000 <-> /axi/spi@ff040000/ad9081@0
[    2.542758] jesd204: created con: id=7, topo=0, link=0, /fpga-axi@0/axi-ad9081-tx-hpc@84b10000 <-> /axi/spi@ff040000/ad9081@0
[    2.554007] jesd204: /axi/spi@ff040000/ad9081@0: JESD204[2] transition uninitialized -> initialized
[    2.562994] jesd204: /axi/spi@ff040000/ad9081@0: JESD204[0] transition uninitialized -> initialized
[    2.571985] jesd204: found 8 devices and 1 topologies
[    2.577029] FPGA manager framework
[    2.580504] Advanced Linux Sound Architecture Driver Initialized.
[    2.586803] Bluetooth: Core ver 2.22
[    2.589989] NET: Registered protocol family 31
[    2.594390] Bluetooth: HCI device and connection manager initialized
[    2.600707] Bluetooth: HCI socket layer initialized
[    2.605549] Bluetooth: L2CAP socket layer initialized
[    2.610573] Bluetooth: SCO socket layer initialized
[    2.615758] clocksource: Switched to clocksource arch_sys_counter
[    2.621563] VFS: Disk quotas dquot_6.6.0
[    2.625400] VFS: Dquot-cache hash table entries: 512 (order 0, 4096 bytes)
[    2.636108] NET: Registered protocol family 2
[    2.636843] tcp_listen_portaddr_hash hash table entries: 2048 (order: 3, 32768 bytes, linear)
[    2.645043] TCP established hash table entries: 32768 (order: 6, 262144 bytes, linear)
[    2.653065] TCP bind hash table entries: 32768 (order: 7, 524288 bytes, linear)
[    2.660509] TCP: Hash tables configured (established 32768 bind 32768)
[    2.666687] UDP hash table entries: 2048 (order: 4, 65536 bytes, linear)
[    2.673350] UDP-Lite hash table entries: 2048 (order: 4, 65536 bytes, linear)
[    2.680511] NET: Registered protocol family 1
[    2.684960] RPC: Registered named UNIX socket transport module.
[    2.690585] RPC: Registered udp transport module.
[    2.695251] RPC: Registered tcp transport module.
[    2.699921] RPC: Registered tcp NFSv4.1 backchannel transport module.
[    2.706907] PCI: CLS 0 bytes, default 64
[    2.710607] hw perfevents: no interrupt-affinity property for /pmu, guessing.
[    2.717469] hw perfevents: enabled with armv8_pmuv3 PMU driver, 7 counters available
[    2.725818] Initialise system trusted keyrings
[    2.729498] workingset: timestamp_bits=62 max_order=20 bucket_order=0
[    2.736399] NFS: Registering the id_resolver key type
[    2.740847] Key type id_resolver registered
[    2.744987] Key type id_legacy registered
[    2.748979] nfs4filelayout_init: NFSv4 File Layout Driver Registering...
[    2.755645] jffs2: version 2.2. (NAND) (SUMMARY)  Â© 2001-2006 Red Hat, Inc.
[    2.797802] NET: Registered protocol family 38
[    2.797844] xor: measuring software checksum speed
[    2.805536]    8regs           :  2363 MB/sec
[    2.809204]    32regs          :  2799 MB/sec
[    2.814147]    arm64_neon      :  2380 MB/sec
[    2.814337] xor: using function: 32regs (2799 MB/sec)
[    2.819363] Key type asymmetric registered
[    2.823424] Asymmetric key parser 'x509' registered
[    2.828285] Block layer SCSI generic (bsg) driver version 0.4 loaded (major 248)
[    2.835622] io scheduler mq-deadline registered
[    2.840118] io scheduler kyber registered
[    2.869495] Serial: 8250/16550 driver, 4 ports, IRQ sharing disabled
[    2.874134] cacheinfo: Unable to detect cache hierarchy for CPU 0
[    2.880479] brd: module loaded
[    2.884633] loop: module loaded
[    2.885175] Registered mathworks_ip class
[    2.888506] libphy: Fixed MDIO Bus: probed
[    2.891461] tun: Universal TUN/TAP device driver, 1.6
[    2.895560] CAN device driver interface
[    2.900096] usbcore: registered new interface driver asix
[    2.904673] usbcore: registered new interface driver ax88179_178a
[    2.910715] usbcore: registered new interface driver cdc_ether
[    2.916511] usbcore: registered new interface driver net1080
[    2.922131] usbcore: registered new interface driver cdc_subset
[    2.928012] usbcore: registered new interface driver zaurus
[    2.933559] usbcore: registered new interface driver cdc_ncm
[    2.939971] ehci_hcd: USB 2.0 'Enhanced' Host Controller (EHCI) Driver
[    2.945641] ehci-pci: EHCI PCI platform driver
[    2.950444] usbcore: registered new interface driver uas
[    2.955361] usbcore: registered new interface driver usb-storage
[    2.961348] usbcore: registered new interface driver usbserial_generic
[    2.967800] usbserial: USB Serial support registered for generic
[    2.973771] usbcore: registered new interface driver ftdi_sio
[    2.979474] usbserial: USB Serial support registered for FTDI USB Serial Device
[    2.986747] usbcore: registered new interface driver upd78f0730
[    2.992621] usbserial: USB Serial support registered for upd78f0730
[    3.000293] rtc_zynqmp ffa60000.rtc: registered as rtc0
[    3.004047] rtc_zynqmp ffa60000.rtc: setting system clock to 2022-03-26T03:34:07 UTC (1648265647)
[    3.012909] i2c /dev entries driver
[    3.018215] usbcore: registered new interface driver uvcvideo
[    3.022022] USB Video Class driver (1.1.1)
[    3.027591] Bluetooth: HCI UART driver ver 2.3
[    3.030505] Bluetooth: HCI UART protocol H4 registered
[    3.035602] Bluetooth: HCI UART protocol BCSP registered
[    3.040891] Bluetooth: HCI UART protocol LL registered
[    3.045980] Bluetooth: HCI UART protocol ATH3K registered
[    3.051355] Bluetooth: HCI UART protocol Three-wire (H5) registered
[    3.057613] Bluetooth: HCI UART protocol Intel registered
[    3.062946] Bluetooth: HCI UART protocol QCA registered
[    3.068149] usbcore: registered new interface driver bcm203x
[    3.073770] usbcore: registered new interface driver bpa10x
[    3.079306] usbcore: registered new interface driver bfusb
[    3.084754] usbcore: registered new interface driver btusb
[    3.090219] usbcore: registered new interface driver ath3k
[    3.095700] EDAC MC: ECC not enabled
[    3.099330] EDAC DEVICE0: Giving out device to module zynqmp-ocm-edac controller zynqmp_ocm: DEV ff960000.memory-controller (INTERRUPT)
[    3.111637] sdhci: Secure Digital Host Controller Interface driver
[    3.117430] sdhci: Copyright(c) Pierre Ossman
[    3.121755] sdhci-pltfm: SDHCI platform and OF driver helper
[    3.127816] ledtrig-cpu: registered to indicate activity on CPUs
[    3.133361] SMCCC: SOC_ID: ARCH_SOC_ID not implemented, skipping ....
[    3.139791] zynqmp_firmware_probe Platform Management API v1.1
[    3.145545] zynqmp_firmware_probe Trustzone version v1.0
[    3.185108] zynqmp-pinctrl firmware:zynqmp-firmware:pinctrl: zynqmp pinctrl initialized
[    3.232980] zynqmp-aes firmware:zynqmp-firmware:zynqmp-aes: will run requests pump with realtime priority
[    3.248692] alg: No test for xilinx-keccak-384 (zynqmp-keccak-384)
[    3.249404] alg: No test for xilinx-zynqmp-rsa (zynqmp-rsa)
[    3.254912] usbcore: registered new interface driver usbhid
[    3.260304] usbhid: USB HID core driver
[    3.271511] axi_sysid 85000000.axi-sysid-0: AXI System ID core version (1.01.a) found
[    3.273872] axi_sysid 85000000.axi-sysid-0: [ad9081_fmca_ebz] on [zcu102] git branch <master> git <084d44c9780640ca93fd847b1d9ec70dd65f5c67> clean [2022-03-18 04:17:50] UTC
[    3.289555] fpga_manager fpga0: Xilinx ZynqMP FPGA Manager registered
[    3.295915] usbcore: registered new interface driver snd-usb-audio
[    3.303351] pktgen: Packet Generator for packet performance testing. Version: 2.75
[    3.309561] Initializing XFRM netlink socket
[    3.313385] NET: Registered protocol family 10
[    3.318109] Segment Routing with IPv6
[    3.321479] sit: IPv6, IPv4 and MPLS over IPv4 tunneling driver
[    3.327557] NET: Registered protocol family 17
[    3.331662] NET: Registered protocol family 15
[    3.336155] can: controller area network core
[    3.340414] NET: Registered protocol family 29
[    3.344799] can: raw protocol
[    3.347731] can: broadcast manager protocol
[    3.351891] can: netlink gateway - max_hops=1
[    3.356282] Bluetooth: RFCOMM TTY layer initialized
[    3.361066] Bluetooth: RFCOMM socket layer initialized
[    3.366173] Bluetooth: RFCOMM ver 1.11
[    3.369886] Bluetooth: BNEP (Ethernet Emulation) ver 1.3
[    3.375155] Bluetooth: BNEP filters: protocol multicast
[    3.380348] Bluetooth: BNEP socket layer initialized
[    3.385278] Bluetooth: HIDP (Human Interface Emulation) ver 1.2
[    3.391160] Bluetooth: HIDP socket layer initialized
[    3.396214] 9pnet: Installing 9P2000 support
[    3.400339] NET: Registered protocol family 36
[    3.404752] Key type dns_resolver registered
[    3.409201] registered taskstats version 1
[    3.413050] Loading compiled-in X.509 certificates
[    3.418166] Btrfs loaded, crc32c=crc32c-generic
[    3.430551] ff000000.serial: ttyPS0 at MMIO 0xff000000 (irq = 49, base_baud = 6249999) is a xuartps
[    3.439577] printk: console [ttyPS0] enabled
[    3.443871] printk: bootconsole [cdns0] disabled
[    3.453501] ff010000.serial: ttyPS1 at MMIO 0xff010000 (irq = 50, base_baud = 6249999) is a xuartps
[    3.466745] of-fpga-region fpga-full: FPGA Region probed
[    3.473695] nwl-pcie fd0e0000.pcie: host bridge /axi/pcie@fd0e0000 ranges:
[    3.480591] nwl-pcie fd0e0000.pcie:      MEM 0x00e0000000..0x00efffffff -> 0x00e0000000
[    3.488594] nwl-pcie fd0e0000.pcie:      MEM 0x0600000000..0x07ffffffff -> 0x0600000000
[    3.496655] nwl-pcie fd0e0000.pcie: Link is DOWN
[    3.501415] nwl-pcie fd0e0000.pcie: PCI host bridge to bus 0000:00
[    3.507591] pci_bus 0000:00: root bus resource [bus 00-ff]
[    3.513072] pci_bus 0000:00: root bus resource [mem 0xe0000000-0xefffffff]
[    3.519943] pci_bus 0000:00: root bus resource [mem 0x600000000-0x7ffffffff pref]
[    3.527446] pci 0000:00:00.0: [10ee:d021] type 01 class 0x060400
[    3.533502] pci 0000:00:00.0: PME# supported from D0 D1 D2 D3hot
[    3.543947] pci 0000:00:00.0: PCI bridge to [bus 01-0c]
[    3.549920] xilinx-zynqmp-dma fd500000.dma: ZynqMP DMA driver Probe success
[    3.557097] xilinx-zynqmp-dma fd510000.dma: ZynqMP DMA driver Probe success
[    3.564270] xilinx-zynqmp-dma fd520000.dma: ZynqMP DMA driver Probe success
[    3.571447] xilinx-zynqmp-dma fd530000.dma: ZynqMP DMA driver Probe success
[    3.578621] xilinx-zynqmp-dma fd540000.dma: ZynqMP DMA driver Probe success
[    3.585788] xilinx-zynqmp-dma fd550000.dma: ZynqMP DMA driver Probe success
[    3.592958] xilinx-zynqmp-dma fd560000.dma: ZynqMP DMA driver Probe success
[    3.600138] xilinx-zynqmp-dma fd570000.dma: ZynqMP DMA driver Probe success
[    3.607536] xilinx-zynqmp-dpdma fd4c0000.dma-controller: Xilinx DPDMA engine is probed
[    3.616092] ahci-ceva fd0c0000.ahci: supply ahci not found, using dummy regulator
[    3.623630] ahci-ceva fd0c0000.ahci: supply phy not found, using dummy regulator
[    3.711927] hmc7044 spi2.0: PLL1: Acquisition, CLKIN0 @ 122880000 Hz, PFD: 80 kHz - PLL2: Locked @ 2448.000000 MHz
[    3.722647] jesd204: /axi/spi@ff050000/hmc7044@0,jesd204:1,parent=spi2.0: Using as SYSREF provider
[    3.732227] spi-nor spi0.0: SPI-NOR-UniqueID 100000235394732200270025081115266e
[    3.739537] spi-nor spi0.0: found n25q512a, expected m25p80
[    3.745732] spi-nor spi0.0: trying to lock already unlocked area
[    3.751731] spi-nor spi0.0: n25q512a (131072 Kbytes)
[    3.756708] 4 fixed-partitions partitions found on MTD device spi0.0
[    3.763055] Creating 4 MTD partitions on "spi0.0":
[    3.767840] 0x000000000000-0x000000100000 : "qspi-fsbl-uboot"
[    3.774321] 0x000000100000-0x000000600000 : "qspi-linux"
[    3.780277] 0x000000600000-0x000000620000 : "qspi-device-tree"
[    3.786757] 0x000000620000-0x000000c00000 : "qspi-rootfs"
[    3.795221] macb ff0e0000.ethernet: Not enabling partial store and forward
[    3.802739] libphy: MACB_mii_bus: probed
[    3.807828] macb ff0e0000.ethernet eth0: Cadence GEM rev 0x50070106 at 0xff0e0000 irq 30 (00:0a:35:04:8e:1b)
[    3.818037] xilinx-axipmon ffa00000.perf-monitor: Probed Xilinx APM
[    3.824614] xilinx-axipmon fd0b0000.perf-monitor: Probed Xilinx APM
[    3.831128] xilinx-axipmon fd490000.perf-monitor: Probed Xilinx APM
[    3.837666] xilinx-axipmon ffa10000.perf-monitor: Probed Xilinx APM
[    3.847665] pca953x 0-0020: supply vcc not found, using dummy regulator
[    3.854345] pca953x 0-0020: using no AI
[    3.858838] gpio-496 (sel0): hogged as output/low
[    3.863737] gpio-497 (sel1): hogged as output/high
[    3.868721] gpio-498 (sel2): hogged as output/high
[    3.873715] gpio-499 (sel3): hogged as output/high
[    3.878890] pca953x 0-0021: supply vcc not found, using dummy regulator
[    3.885558] pca953x 0-0021: using no AI
[    3.891320] ina2xx 2-0040: power monitor ina226 (Rshunt = 5000 uOhm)
[    3.898349] ina2xx 2-0041: power monitor ina226 (Rshunt = 5000 uOhm)
[    3.905382] ina2xx 2-0042: power monitor ina226 (Rshunt = 5000 uOhm)
[    3.912409] ina2xx 2-0043: power monitor ina226 (Rshunt = 5000 uOhm)
[    3.919434] ina2xx 2-0044: power monitor ina226 (Rshunt = 5000 uOhm)
[    3.926455] ina2xx 2-0045: power monitor ina226 (Rshunt = 5000 uOhm)
[    3.933487] ina2xx 2-0046: power monitor ina226 (Rshunt = 5000 uOhm)
[    3.940556] ina2xx 2-0047: power monitor ina226 (Rshunt = 5000 uOhm)
[    3.947587] ina2xx 2-004a: power monitor ina226 (Rshunt = 5000 uOhm)
[    3.954621] ina2xx 2-004b: power monitor ina226 (Rshunt = 5000 uOhm)
[    3.961028] i2c i2c-0: Added multiplexed i2c bus 2
[    3.966411] random: fast init done
[    3.969878] ina2xx 3-0040: power monitor ina226 (Rshunt = 2000 uOhm)
[    3.976908] ina2xx 3-0041: power monitor ina226 (Rshunt = 5000 uOhm)
[    3.983944] ina2xx 3-0042: power monitor ina226 (Rshunt = 5000 uOhm)
[    3.990970] ina2xx 3-0043: power monitor ina226 (Rshunt = 5000 uOhm)
[    3.998002] ina2xx 3-0044: power monitor ina226 (Rshunt = 5000 uOhm)
[    4.005030] ina2xx 3-0045: power monitor ina226 (Rshunt = 5000 uOhm)
[    4.012064] ina2xx 3-0046: power monitor ina226 (Rshunt = 5000 uOhm)
[    4.019096] ina2xx 3-0047: power monitor ina226 (Rshunt = 5000 uOhm)
[    4.025497] i2c i2c-0: Added multiplexed i2c bus 3
[    4.081117] i2c i2c-0: Added multiplexed i2c bus 4
[    4.086063] i2c i2c-0: Added multiplexed i2c bus 5
[    4.090852] pca954x 0-0075: registered 4 multiplexed busses for I2C mux pca9544
[    4.098201] cdns-i2c ff020000.i2c: 400 kHz mmio ff020000 irq 32
[    4.105938] at24 6-0054: supply vcc not found, using dummy regulator
[    4.112830] at24 6-0054: 1024 byte 24c08 EEPROM, writable, 1 bytes/write
[    4.119579] i2c i2c-1: Added multiplexed i2c bus 6
[    4.126004] si5341 7-0036: Chip: 5341 Grade: 1 Rev: 1
[    4.163677] i2c i2c-1: Added multiplexed i2c bus 7
[    4.171333] si570 8-005d: registered, current frequency 300000000 Hz
[    4.177738] i2c i2c-1: Added multiplexed i2c bus 8
[    4.197521] si570 9-005d: registered, current frequency 148500000 Hz
[    4.203924] i2c i2c-1: Added multiplexed i2c bus 9
[    4.208959] si5324 10-0069: si5328 probed
[    4.276117] si5324 10-0069: si5328 probe successful
[    4.281048] i2c i2c-1: Added multiplexed i2c bus 10
[    4.286088] i2c i2c-1: Added multiplexed i2c bus 11
[    4.291112] i2c i2c-1: Added multiplexed i2c bus 12
[    4.296132] i2c i2c-1: Added multiplexed i2c bus 13
[    4.301012] pca954x 1-0074: registered 8 multiplexed busses for I2C switch pca9548
[    4.309125] at24 14-0050: supply vcc not found, using dummy regulator
[    4.315914] at24 14-0050: 256 byte 24c02 EEPROM, writable, 1 bytes/write
[    4.322665] i2c i2c-1: Added multiplexed i2c bus 14
[    4.327701] i2c i2c-1: Added multiplexed i2c bus 15
[    4.332739] i2c i2c-1: Added multiplexed i2c bus 16
[    4.337772] i2c i2c-1: Added multiplexed i2c bus 17
[    4.342811] i2c i2c-1: Added multiplexed i2c bus 18
[    4.347861] i2c i2c-1: Added multiplexed i2c bus 19
[    4.352897] i2c i2c-1: Added multiplexed i2c bus 20
[    4.357935] i2c i2c-1: Added multiplexed i2c bus 21
[    4.362814] pca954x 1-0075: registered 8 multiplexed busses for I2C switch pca9548
[    4.370422] cdns-i2c ff030000.i2c: 400 kHz mmio ff030000 irq 33
[    4.380165] cdns-wdt fd4d0000.watchdog: Xilinx Watchdog Timer with timeout 60s
[    4.390948] axi_adxcvr 84a60000.axi-adxcvr-rx: AXI-ADXCVR-RX (17.05.a) using CPLL on GTH4 at 0x84A60000. Number of lanes: 4.
[    4.403110] axi_adxcvr 84b60000.axi-adxcvr-tx: AXI-ADXCVR-TX (17.05.a) using QPLL on GTH4 at 0x84B60000. Number of lanes: 4.
[    4.414739] axi-jesd204-rx 84a90000.axi-jesd204-rx: AXI-JESD204-RX (1.07.a) at 0x84A90000. Encoder 8b10b, width 4/4, lanes 4, jesd204-fsm.
[    4.422243] mmc0: SDHCI controller on ff170000.mmc [ff170000.mmc] using ADMA 64-bit
[    4.427577] axi-jesd204-tx 84b90000.axi-jesd204-tx: AXI-JESD204-TX (1.06.a) at 0x84B90000. Encoder 8b10b, width 4/4, lanes 4, jesd204-fsm.
[    4.448293] zynqmp-display fd4a0000.display: vtc bridge property not present
[    4.457941] xilinx-dp-snd-codec fd4a0000.display:zynqmp_dp_snd_codec0: Failed to get required clock freq
[    4.467441] xilinx-dp-snd-codec: probe of fd4a0000.display:zynqmp_dp_snd_codec0 failed with error -22
[    4.469833] mmc0: new high speed SDHC card at address 0001
[    4.476980] xilinx-dp-snd-pcm zynqmp_dp_snd_pcm0: Xilinx DisplayPort Sound PCM probed
[    4.482494] mmcblk0: mmc0:0001 EB1QT 29.8 GiB 
[    4.490300] xilinx-dp-snd-pcm zynqmp_dp_snd_pcm1: Xilinx DisplayPort Sound PCM probed
[    4.495688]  mmcblk0: p1 p2 p3
[    4.502607] OF: graph: no port node found in /axi/display@fd4a0000
[    4.511670] xlnx-drm xlnx-drm.0: bound fd4a0000.display (ops 0xffffffc010fcbdb8)
[    5.595775] zynqmp-display fd4a0000.display: [drm] Cannot find any crtc or sizes
[    5.603391] [drm] Initialized xlnx 1.0.0 20130509 for fd4a0000.display on minor 0
[    5.610878] zynqmp-display fd4a0000.display: ZynqMP DisplayPort Subsystem driver probed
[    5.619202] ahci-ceva fd0c0000.ahci: supply ahci not found, using dummy regulator
[    5.626748] ahci-ceva fd0c0000.ahci: supply phy not found, using dummy regulator
[    5.634199] ahci-ceva fd0c0000.ahci: supply target not found, using dummy regulator
[    5.642036] ahci-ceva fd0c0000.ahci: AHCI 0001.0301 32 slots 2 ports 6 Gbps 0x3 impl platform mode
[    5.650993] ahci-ceva fd0c0000.ahci: flags: 64bit ncq sntf pm clo only pmp fbs pio slum part ccc sds apst 
[    5.661687] scsi host0: ahci-ceva
[    5.665274] scsi host1: ahci-ceva
[    5.668706] ata1: SATA max UDMA/133 mmio [mem 0xfd0c0000-0xfd0c1fff] port 0x100 irq 45
[    5.676615] ata2: SATA max UDMA/133 mmio [mem 0xfd0c0000-0xfd0c1fff] port 0x180 irq 45
[    5.685217] ad9081 spi1.0: supply vdd not found, using dummy regulator
[    5.998008] ata1: SATA link down (SStatus 0 SControl 330)
[    6.003423] ata2: SATA link down (SStatus 0 SControl 330)
[    6.679777] zynqmp-display fd4a0000.display: [drm] Cannot find any crtc or sizes
[    6.903227] ad9081 spi1.0: Invalid param passed., "ref_clk_hz < 100000000ULL" in adi_ad9081_device_clk_config_set(...), line554 in drivers/iio/adc/ad9081/adi_ad9081_device.c
[    7.586652] ad9081 spi1.0: AD9081 Rev. 2 Grade 10 (API 1.2.2) probed
[    7.593840] xhci-hcd xhci-hcd.1.auto: xHCI Host Controller
[    7.599334] xhci-hcd xhci-hcd.1.auto: new USB bus registered, assigned bus number 1
[    7.607082] xhci-hcd xhci-hcd.1.auto: hcc params 0x0238f625 hci version 0x100 quirks 0x0000000002010810
[    7.616493] xhci-hcd xhci-hcd.1.auto: irq 59, io mem 0xfe200000
[    7.622600] usb usb1: New USB device found, idVendor=1d6b, idProduct=0002, bcdDevice= 5.10
[    7.630858] usb usb1: New USB device strings: Mfr=3, Product=2, SerialNumber=1
[    7.638076] usb usb1: Product: xHCI Host Controller
[    7.642944] usb usb1: Manufacturer: Linux 5.10.0-98103-g2aa7ac113716 xhci-hcd
[    7.650074] usb usb1: SerialNumber: xhci-hcd.1.auto
[    7.655240] hub 1-0:1.0: USB hub found
[    7.659010] hub 1-0:1.0: 1 port detected
[    7.663111] xhci-hcd xhci-hcd.1.auto: xHCI Host Controller
[    7.668597] xhci-hcd xhci-hcd.1.auto: new USB bus registered, assigned bus number 2
[    7.676248] xhci-hcd xhci-hcd.1.auto: Host supports USB 3.0 SuperSpeed
[    7.682867] usb usb2: New USB device found, idVendor=1d6b, idProduct=0003, bcdDevice= 5.10
[    7.691123] usb usb2: New USB device strings: Mfr=3, Product=2, SerialNumber=1
[    7.698343] usb usb2: Product: xHCI Host Controller
[    7.703212] usb usb2: Manufacturer: Linux 5.10.0-98103-g2aa7ac113716 xhci-hcd
[    7.710336] usb usb2: SerialNumber: xhci-hcd.1.auto
[    7.715448] hub 2-0:1.0: USB hub found
[    7.719209] hub 2-0:1.0: 1 port detected
[    7.749310] cf_axi_adc 84a10000.axi-ad9081-rx-hpc: ADI AIM (10.01.b) at 0x84A10000 mapped to 0x(____ptrval____), probed ADC AD9081 as MASTER
[    7.780605] cf_axi_dds 84b10000.axi-ad9081-tx-hpc: Analog Devices CF_AXI_DDS_DDS MASTER (9.01.b) at 0x84B10000 mapped to 0x(____ptrval____), probed DDS AD9081
[    7.794809] jesd204: /axi/spi@ff040000/ad9081@0,jesd204:0,parent=spi1.0: JESD204[2] transition initialized -> probed
[    7.805330] jesd204: /axi/spi@ff040000/ad9081@0,jesd204:0,parent=spi1.0: JESD204[0] transition initialized -> probed
[    7.815853] jesd204: /axi/spi@ff040000/ad9081@0,jesd204:0,parent=spi1.0: JESD204[2] transition probed -> idle
[    7.825762] jesd204: /axi/spi@ff040000/ad9081@0,jesd204:0,parent=spi1.0: JESD204[0] transition probed -> idle
[    7.835676] jesd204: /axi/spi@ff040000/ad9081@0,jesd204:0,parent=spi1.0: JESD204[2] transition idle -> device_init
[    7.846019] jesd204: /axi/spi@ff040000/ad9081@0,jesd204:0,parent=spi1.0: JESD204[0] transition idle -> device_init
[    7.856371] jesd204: /axi/spi@ff040000/ad9081@0,jesd204:0,parent=spi1.0: JESD204[2] transition device_init -> link_init
[    7.867149] jesd204: /axi/spi@ff040000/ad9081@0,jesd204:0,parent=spi1.0: JESD204[0] transition device_init -> link_init
[    7.877939] jesd204: /axi/spi@ff040000/ad9081@0,jesd204:0,parent=spi1.0: JESD204[2] transition link_init -> link_supported
[    7.888976] jesd204: /axi/spi@ff040000/ad9081@0,jesd204:0,parent=spi1.0: JESD204[0] transition link_init -> link_supported
[    7.900386] hmc7044 spi2.0: hmc7044_jesd204_link_pre_setup: Link2 forcing continuous SYSREF mode
[    7.909400] axi-jesd204-rx 84a90000.axi-jesd204-rx: axi_jesd204_rx_jesd204_link_pre_setup: Link2 set lane rate 16320000 kHz failed (-22)
[    7.921660] jesd204: /fpga-axi@0/axi-jesd204-rx@84a90000,jesd204:4,parent=84a90000.axi-jesd204-rx: JESD204[2] In link_pre_setup got error from cb: -22
[    7.935129] jesd204: /axi/spi@ff040000/ad9081@0,jesd204:0,parent=spi1.0: Rolling back from 'link_supported', got error -22
[    7.946175] jesd204: /axi/spi@ff040000/ad9081@0,jesd204:0,parent=spi1.0: JESD204[0] transition link_supported -> link_pre_setup
[    7.957644] jesd204: /axi/spi@ff040000/ad9081@0,jesd204:0,parent=spi1.0: JESD204[2] transition link_supported -> link_pre_setup
[    7.969122] jesd204: /axi/spi@ff040000/ad9081@0,jesd204:0,parent=spi1.0: JESD204[0] transition link_pre_setup -> link_supported
[    7.980595] jesd204: /axi/spi@ff040000/ad9081@0,jesd204:0,parent=spi1.0: JESD204[2] transition link_pre_setup -> link_supported
[    7.992070] jesd204: /axi/spi@ff040000/ad9081@0,jesd204:0,parent=spi1.0: JESD204[0] transition link_supported -> link_init
[    8.003110] jesd204: /axi/spi@ff040000/ad9081@0,jesd204:0,parent=spi1.0: JESD204[2] transition link_supported -> link_init
[    8.014156] jesd204: /axi/spi@ff040000/ad9081@0,jesd204:0,parent=spi1.0: JESD204[0] transition link_init -> device_init
[    8.024937] jesd204: /axi/spi@ff040000/ad9081@0,jesd204:0,parent=spi1.0: JESD204[2] transition link_init -> device_init
[    8.035720] jesd204: /axi/spi@ff040000/ad9081@0,jesd204:0,parent=spi1.0: JESD204[0] transition device_init -> idle
[    8.046067] jesd204: /axi/spi@ff040000/ad9081@0,jesd204:0,parent=spi1.0: JESD204[2] transition device_init -> idle
[    8.056418] jesd204: /axi/spi@ff040000/ad9081@0,jesd204:0,parent=spi1.0: JESD204[2] transition idle -> idle
[    8.066154] jesd204: /axi/spi@ff040000/ad9081@0,jesd204:0,parent=spi1.0: JESD204[0] transition idle -> idle
[    8.075895] jesd204: /axi/spi@ff040000/ad9081@0,jesd204:0,parent=spi1.0: JESD204[2] transition idle -> device_init
[    8.086238] jesd204: /axi/spi@ff040000/ad9081@0,jesd204:0,parent=spi1.0: JESD204[0] transition idle -> device_init
[    8.096588] jesd204: /axi/spi@ff040000/ad9081@0,jesd204:0,parent=spi1.0: JESD204[2] transition device_init -> link_init
[    8.107366] jesd204: /axi/spi@ff040000/ad9081@0,jesd204:0,parent=spi1.0: JESD204[0] transition device_init -> link_init
[    8.118156] jesd204: /axi/spi@ff040000/ad9081@0,jesd204:0,parent=spi1.0: JESD204[2] transition link_init -> link_supported
[    8.129196] jesd204: /axi/spi@ff040000/ad9081@0,jesd204:0,parent=spi1.0: JESD204[0] transition link_init -> link_supported
[    8.140384] axi-jesd204-rx 84a90000.axi-jesd204-rx: axi_jesd204_rx_jesd204_link_pre_setup: Link2 set lane rate 16320000 kHz failed (-22)
[    8.152645] jesd204: /fpga-axi@0/axi-jesd204-rx@84a90000,jesd204:4,parent=84a90000.axi-jesd204-rx: JESD204[2] In link_pre_setup got error from cb: -22
[    8.166112] jesd204: /axi/spi@ff040000/ad9081@0,jesd204:0,parent=spi1.0: Rolling back from 'link_supported', got error -22
[    8.177156] jesd204: /axi/spi@ff040000/ad9081@0,jesd204:0,parent=spi1.0: JESD204[0] transition link_supported -> link_pre_setup
[    8.188627] jesd204: /axi/spi@ff040000/ad9081@0,jesd204:0,parent=spi1.0: JESD204[2] transition link_supported -> link_pre_setup
[    8.200104] jesd204: /axi/spi@ff040000/ad9081@0,jesd204:0,parent=spi1.0: JESD204[0] transition link_pre_setup -> link_supported
[    8.211577] jesd204: /axi/spi@ff040000/ad9081@0,jesd204:0,parent=spi1.0: JESD204[2] transition link_pre_setup -> link_supported
[    8.223055] jesd204: /axi/spi@ff040000/ad9081@0,jesd204:0,parent=spi1.0: JESD204[0] transition link_supported -> link_init
[    8.234093] jesd204: /axi/spi@ff040000/ad9081@0,jesd204:0,parent=spi1.0: JESD204[2] transition link_supported -> link_init
[    8.245140] jesd204: /axi/spi@ff040000/ad9081@0,jesd204:0,parent=spi1.0: JESD204[0] transition link_init -> device_init
[    8.255916] jesd204: /axi/spi@ff040000/ad9081@0,jesd204:0,parent=spi1.0: JESD204[2] transition link_init -> device_init
[    8.266698] jesd204: /axi/spi@ff040000/ad9081@0,jesd204:0,parent=spi1.0: JESD204[0] transition device_init -> idle
[    8.277045] jesd204: /axi/spi@ff040000/ad9081@0,jesd204:0,parent=spi1.0: JESD204[2] transition device_init -> idle
[    8.287393] jesd204: /axi/spi@ff040000/ad9081@0,jesd204:0,parent=spi1.0: JESD204[2] transition idle -> idle
[    8.297128] jesd204: /axi/spi@ff040000/ad9081@0,jesd204:0,parent=spi1.0: JESD204[0] transition idle -> idle
[    8.306869] jesd204: /axi/spi@ff040000/ad9081@0,jesd204:0,parent=spi1.0: JESD204[2] transition idle -> device_init
[    8.317213] jesd204: /axi/spi@ff040000/ad9081@0,jesd204:0,parent=spi1.0: JESD204[0] transition idle -> device_init
[    8.327563] jesd204: /axi/spi@ff040000/ad9081@0,jesd204:0,parent=spi1.0: JESD204[2] transition device_init -> link_init
[    8.338342] jesd204: /axi/spi@ff040000/ad9081@0,jesd204:0,parent=spi1.0: JESD204[0] transition device_init -> link_init
[    8.349128] jesd204: /axi/spi@ff040000/ad9081@0,jesd204:0,parent=spi1.0: JESD204[2] transition link_init -> link_supported
[    8.360170] jesd204: /axi/spi@ff040000/ad9081@0,jesd204:0,parent=spi1.0: JESD204[0] transition link_init -> link_supported
[    8.371358] axi-jesd204-rx 84a90000.axi-jesd204-rx: axi_jesd204_rx_jesd204_link_pre_setup: Link2 set lane rate 16320000 kHz failed (-22)
[    8.383617] jesd204: /fpga-axi@0/axi-jesd204-rx@84a90000,jesd204:4,parent=84a90000.axi-jesd204-rx: JESD204[2] In link_pre_setup got error from cb: -22
[    8.397086] jesd204: /axi/spi@ff040000/ad9081@0,jesd204:0,parent=spi1.0: Rolling back from 'link_supported', got error -22
[    8.408132] jesd204: /axi/spi@ff040000/ad9081@0,jesd204:0,parent=spi1.0: JESD204[0] transition link_supported -> link_pre_setup
[    8.419605] jesd204: /axi/spi@ff040000/ad9081@0,jesd204:0,parent=spi1.0: JESD204[2] transition link_supported -> link_pre_setup
[    8.431080] jesd204: /axi/spi@ff040000/ad9081@0,jesd204:0,parent=spi1.0: JESD204[0] transition link_pre_setup -> link_supported
[    8.442552] jesd204: /axi/spi@ff040000/ad9081@0,jesd204:0,parent=spi1.0: JESD204[2] transition link_pre_setup -> link_supported
[    8.454030] jesd204: /axi/spi@ff040000/ad9081@0,jesd204:0,parent=spi1.0: JESD204[0] transition link_supported -> link_init
[    8.465067] jesd204: /axi/spi@ff040000/ad9081@0,jesd204:0,parent=spi1.0: JESD204[2] transition link_supported -> link_init
[    8.476114] jesd204: /axi/spi@ff040000/ad9081@0,jesd204:0,parent=spi1.0: JESD204[0] transition link_init -> device_init
[    8.486891] jesd204: /axi/spi@ff040000/ad9081@0,jesd204:0,parent=spi1.0: JESD204[2] transition link_init -> device_init
[    8.497673] jesd204: /axi/spi@ff040000/ad9081@0,jesd204:0,parent=spi1.0: JESD204[0] transition device_init -> idle
[    8.508018] jesd204: /axi/spi@ff040000/ad9081@0,jesd204:0,parent=spi1.0: JESD204[2] transition device_init -> idle
[    8.518368] jesd204: /axi/spi@ff040000/ad9081@0,jesd204:0,parent=spi1.0: JESD204[2] transition idle -> idle
[    8.528102] jesd204: /axi/spi@ff040000/ad9081@0,jesd204:0,parent=spi1.0: JESD204[0] transition idle -> idle
[    8.537848] jesd204: /axi/spi@ff040000/ad9081@0,jesd204:0,parent=spi1.0: JESD204[2] transition idle -> device_init
[    8.548188] jesd204: /axi/spi@ff040000/ad9081@0,jesd204:0,parent=spi1.0: JESD204[0] transition idle -> device_init
[    8.558538] jesd204: /axi/spi@ff040000/ad9081@0,jesd204:0,parent=spi1.0: JESD204[2] transition device_init -> link_init
[    8.569315] jesd204: /axi/spi@ff040000/ad9081@0,jesd204:0,parent=spi1.0: JESD204[0] transition device_init -> link_init
[    8.580103] jesd204: /axi/spi@ff040000/ad9081@0,jesd204:0,parent=spi1.0: JESD204[2] transition link_init -> link_supported
[    8.591146] jesd204: /axi/spi@ff040000/ad9081@0,jesd204:0,parent=spi1.0: JESD204[0] transition link_init -> link_supported
[    8.602332] axi-jesd204-rx 84a90000.axi-jesd204-rx: axi_jesd204_rx_jesd204_link_pre_setup: Link2 set lane rate 16320000 kHz failed (-22)
[    8.614592] jesd204: /fpga-axi@0/axi-jesd204-rx@84a90000,jesd204:4,parent=84a90000.axi-jesd204-rx: JESD204[2] In link_pre_setup got error from cb: -22
[    8.628061] jesd204: /axi/spi@ff040000/ad9081@0,jesd204:0,parent=spi1.0: Rolling back from 'link_supported', got error -22
[    8.639105] jesd204: /axi/spi@ff040000/ad9081@0,jesd204:0,parent=spi1.0: JESD204[0] transition link_supported -> link_pre_setup
[    8.650577] jesd204: /axi/spi@ff040000/ad9081@0,jesd204:0,parent=spi1.0: JESD204[2] transition link_supported -> link_pre_setup
[    8.662058] jesd204: /axi/spi@ff040000/ad9081@0,jesd204:0,parent=spi1.0: JESD204[0] transition link_pre_setup -> link_supported
[    8.673535] jesd204: /axi/spi@ff040000/ad9081@0,jesd204:0,parent=spi1.0: JESD204[2] transition link_pre_setup -> link_supported
[    8.685013] jesd204: /axi/spi@ff040000/ad9081@0,jesd204:0,parent=spi1.0: JESD204[0] transition link_supported -> link_init
[    8.696051] jesd204: /axi/spi@ff040000/ad9081@0,jesd204:0,parent=spi1.0: JESD204[2] transition link_supported -> link_init
[    8.707098] jesd204: /axi/spi@ff040000/ad9081@0,jesd204:0,parent=spi1.0: JESD204[0] transition link_init -> device_init
[    8.717873] jesd204: /axi/spi@ff040000/ad9081@0,jesd204:0,parent=spi1.0: JESD204[2] transition link_init -> device_init
[    8.728657] jesd204: /axi/spi@ff040000/ad9081@0,jesd204:0,parent=spi1.0: JESD204[0] transition device_init -> idle
[    8.739000] jesd204: /axi/spi@ff040000/ad9081@0,jesd204:0,parent=spi1.0: JESD204[2] transition device_init -> idle
[    8.749346] jesd204: /axi/spi@ff040000/ad9081@0,jesd204:0,parent=spi1.0: FSM completed with error -22
[    8.767794] input: gpio-keys as /devices/platform/gpio-keys/input/input0
[    8.774804] of_cfs_init
[    8.777274] of_cfs_init: OK
[    8.780211] cfg80211: Loading compiled-in X.509 certificates for regulatory database
[    8.918304] cfg80211: Loaded X.509 cert 'sforshee: 00b28ddf47aef9cea7'
[    8.924837] clk: Not disabling unused clocks
[    8.929379] ALSA device list:
[    8.932343]   No soundcards found.
[    8.936019] platform regulatory.0: Direct firmware load for regulatory.db failed with error -2
[    8.944631] cfg80211: failed to load regulatory.db
[    8.959503] EXT4-fs (mmcblk0p2): mounted filesystem with ordered data mode. Opts: (null)
[    8.967618] VFS: Mounted root (ext4 filesystem) on device 179:2.
[    8.981367] devtmpfs: mounted
[    8.985185] Freeing unused kernel memory: 2560K
[    8.991818] Run /sbin/init as init process
[    8.995912]   with arguments:
[    8.995914]     /sbin/init
[    8.995917]   with environment:
[    8.995919]     HOME=/
[    8.995921]     TERM=linux
[    9.579494] systemd[1]: systemd 241 running in system mode. (+PAM +AUDIT +SELINUX +IMA +APPARMOR +SMACK +SYSVINIT +UTMP +LIBCRYPTSETUP +GCRYPT +GNUTLS +ACL +XZ +LZ4 +SECCOMP +BLKID +ELFUTILS +KMOD -IDN2 +IDN -PCRE2 default-hierarchy=hybrid)
[    9.601362] systemd[1]: Detected architecture arm64.
[    9.624502] systemd[1]: Set hostname to <analog>.
[    9.824733] systemd[1]: File /lib/systemd/system/systemd-journald.service:12 configures an IP firewall (IPAddressDeny=any), but the local system does not support BPF/cgroup based firewalling.
[    9.841794] systemd[1]: Proceeding WITHOUT firewalling in effect! (This warning is only shown for the first loaded unit using IP firewalling.)
[   10.008071] systemd[1]: /etc/systemd/system/tof-server.service:1: Assignment outside of section. Ignoring.
[   10.017772] systemd[1]: /etc/systemd/system/tof-server.service:2: Assignment outside of section. Ignoring.
[   10.204214] random: systemd: uninitialized urandom read (16 bytes read)
[   10.219055] random: systemd: uninitialized urandom read (16 bytes read)
[   10.225992] systemd[1]: Listening on Syslog Socket.
[   10.239891] random: systemd: uninitialized urandom read (16 bytes read)
[   10.246786] systemd[1]: Listening on udev Control Socket.
[   10.268298] systemd[1]: Listening on Journal Audit Socket.
[   10.871653] ------------[ cut here ]------------
[   10.871662] Enabling unprepared \xa0)G\x88\xff\xff\xff\xa0F\x88\xff\xff\xff
[   10.871708] WARNING: CPU: 2 PID: 112 at drivers/clk/clk.c:1012 clk_core_enable+0xa4/0xc0
[   10.871711] Modules linked in:
[   10.871721] CPU: 2 PID: 112 Comm: kworker/2:1H Not tainted 5.10.0-98103-g2aa7ac113716 #5577
[   10.871724] Hardware name: ZynqMP ZCU102 Rev1.0 (DT)
[   10.871733] Workqueue: kblockd blk_mq_run_work_fn
[   10.871740] pstate: 80000085 (Nzcv daIf -PAN -UAO -TCO BTYPE=--)
[   10.871746] pc : clk_core_enable+0xa4/0xc0
[   10.871752] lr : clk_core_enable+0xa4/0xc0
[   10.871755] sp : ffffffc0127cb2d0
[   10.871758] x29: ffffffc0127cb2d0 x28: ffffff8800330c10 
[   10.871765] x27: ffffff8800330d48 x26: 0000005000000101 
[   10.871772] x25: 00000002820e3268 x24: 0000000000000001 
[   10.871778] x23: ffffff8801106a80 x22: ffffff8801083220 
[   10.871785] x21: ffffff880146a000 x20: ffffff880146a008 
[   10.871792] x19: ffffff880146a008 x18: 0000000000000030 
[   10.871798] x17: 0000000000000003 x16: 0000ac1dae59c978 
[   10.871805] x15: ffffffffffff9cf0 x14: ffffffc011d3b1a0 
[   10.871811] x13: ffffffc011d3b1c8 x12: 0000000000000675 
[   10.871817] x11: 0000000000000227 x10: ffffffc011d671c8 
[   10.871824] x9 : 00000000fffff800 x8 : ffffffc011d3b1c8 
[   10.871830] x7 : ffffffc011d671c8 x6 : 0000000000000001 
[   10.871836] x5 : ffffff887f7929e0 x4 : 0000000000000000 
[   10.871843] x3 : 0000000000000027 x2 : 0000000000000023 
[   10.871849] x1 : 82d93584bfa9e300 x0 : 0000000000000000 
[   10.871856] Call trace:
[   10.871862]  clk_core_enable+0xa4/0xc0
[   10.871867]  clk_enable+0x2c/0x60
[   10.871874]  zynqmp_runtime_resume+0x24/0x84
[   10.871880]  pm_generic_runtime_resume+0x30/0x50
[   10.871886]  __genpd_runtime_resume+0x30/0xb0
[   10.871892]  genpd_runtime_resume+0x90/0x250
[   10.871898]  __rpm_callback+0x10c/0x1e0
[   10.871903]  rpm_callback+0x5c/0x84
[   10.871908]  rpm_resume+0x4a4/0x74c
[   10.871913]  __pm_runtime_resume+0x78/0xc4
[   10.871918]  spi_mem_access_start.isra.0+0x30/0x80
[   10.871922]  spi_mem_exec_op+0x3b0/0x424
[   10.871927]  spi_nor_read_sr+0x78/0xe0
[   10.871932]  spi_nor_wait_till_ready_with_timeout+0xb4/0x2f0
[   10.871937]  spi_nor_read+0x188/0x380
[   10.871942]  mtd_read_oob_std+0x78/0x84
[   10.871947]  mtd_read_oob+0x7c/0x134
[   10.871951]  mtd_read+0x48/0x7c
[   10.871957]  mtdblock_readsect+0x6c/0x150
[   10.871962]  mtd_queue_rq+0x2cc/0x5a0
[   10.871967]  blk_mq_dispatch_rq_list+0x110/0x790
[   10.871974]  __blk_mq_do_dispatch_sched+0x200/0x274
[   10.871979]  __blk_mq_sched_dispatch_requests+0x1a8/0x1fc
[   10.871985]  blk_mq_sched_dispatch_requests+0x3c/0x7c
[   10.871990]  __blk_mq_run_hw_queue+0x98/0x100
[   10.871995]  blk_mq_run_work_fn+0x24/0x30
[   10.872000]  process_one_work+0x1d4/0x380
[   10.872004]  worker_thread+0x78/0x4e0
[   10.872009]  kthread+0x124/0x130
[   10.872015]  ret_from_fork+0x10/0x3c
[   10.872018] ---[ end trace 8c624c67f9a35ccd ]---
[   10.872075] zynqmp-qspi ff0f0000.spi: Cannot enable APB clock.
[   10.872125] spi_master spi0: Failed to power device: -108
[   10.872135] blk_update_request: I/O error, dev mtdblock0, sector 8 op 0x0:(READ) flags 0x80700 phys_seg 1 prio class 0
[   10.875830] spi_master spi0: Failed to power device: -22
[   10.875838] blk_update_request: I/O error, dev mtdblock0, sector 8 op 0x0:(READ) flags 0x0 phys_seg 8 prio class 0
[   10.875844] Buffer I/O error on dev mtdblock0, logical block 8, async page read
[   10.875854] spi_master spi0: Failed to power device: -22
[   10.875860] blk_update_request: I/O error, dev mtdblock0, sector 9 op 0x0:(READ) flags 0x0 phys_seg 7 prio class 0
[   10.875864] Buffer I/O error on dev mtdblock0, logical block 9, async page read
[   10.875871] spi_master spi0: Failed to power device: -22
[   10.875877] blk_update_request: I/O error, dev mtdblock0, sector 10 op 0x0:(READ) flags 0x0 phys_seg 6 prio class 0
[   10.875880] Buffer I/O error on dev mtdblock0, logical block 10, async page read
[   10.875887] spi_master spi0: Failed to power device: -22
[   10.875893] blk_update_request: I/O error, dev mtdblock0, sector 11 op 0x0:(READ) flags 0x0 phys_seg 5 prio class 0
[   10.875897] Buffer I/O error on dev mtdblock0, logical block 11, async page read
[   10.875904] spi_master spi0: Failed to power device: -22
[   10.875909] blk_update_request: I/O error, dev mtdblock0, sector 12 op 0x0:(READ) flags 0x0 phys_seg 4 prio class 0
[   10.875913] Buffer I/O error on dev mtdblock0, logical block 12, async page read
[   10.875920] spi_master spi0: Failed to power device: -22
[   10.875925] blk_update_request: I/O error, dev mtdblock0, sector 13 op 0x0:(READ) flags 0x0 phys_seg 3 prio class 0
[   10.875929] Buffer I/O error on dev mtdblock0, logical block 13, async page read
[   10.875936] spi_master spi0: Failed to power device: -22
[   10.875945] blk_update_request: I/O error, dev mtdblock0, sector 14 op 0x0:(READ) flags 0x0 phys_seg 2 prio class 0
[   10.875949] Buffer I/O error on dev mtdblock0, logical block 14, async page read
[   10.875955] spi_master spi0: Failed to power device: -22
[   10.875961] blk_update_request: I/O error, dev mtdblock0, sector 15 op 0x0:(READ) flags 0x0 phys_seg 1 prio class 0
[   10.875964] Buffer I/O error on dev mtdblock0, logical block 15, async page read
[   10.876320] spi_master spi0: Failed to power device: -22
[   10.876327] blk_update_request: I/O error, dev mtdblock1, sector 10112 op 0x0:(READ) flags 0x80700 phys_seg 1 prio class 0
[   10.876372] spi_master spi0: Failed to power device: -22
[   10.876378] Buffer I/O error on dev mtdblock1, logical block 10112, async page read
[   10.876385] spi_master spi0: Failed to power device: -22
[   10.876390] Buffer I/O error on dev mtdblock1, logical block 10113, async page read
[   10.876397] spi_master spi0: Failed to power device: -22
[   10.876405] spi_master spi0: Failed to power device: -22
[   10.876412] spi_master spi0: Failed to power device: -22
[   10.876419] spi_master spi0: Failed to power device: -22
[   10.876427] spi_master spi0: Failed to power device: -22
[   10.876434] spi_master spi0: Failed to power device: -22
[   10.876665] spi_master spi0: Failed to power device: -22
[   10.876709] spi_master spi0: Failed to power device: -22
[   10.876718] spi_master spi0: Failed to power device: -22
[   10.876726] spi_master spi0: Failed to power device: -22
[   10.876733] spi_master spi0: Failed to power device: -22
[   10.876741] spi_master spi0: Failed to power device: -22
[   10.876748] spi_master spi0: Failed to power device: -22
[   10.876755] spi_master spi0: Failed to power device: -22
[   10.876762] spi_master spi0: Failed to power device: -22
[   10.877032] spi_master spi0: Failed to power device: -22
[   10.877075] spi_master spi0: Failed to power device: -22
[   10.877084] spi_master spi0: Failed to power device: -22
[   10.877092] spi_master spi0: Failed to power device: -22
[   10.877100] spi_master spi0: Failed to power device: -22
[   10.877107] spi_master spi0: Failed to power device: -22
[   10.877115] spi_master spi0: Failed to power device: -22
[   10.877122] spi_master spi0: Failed to power device: -22
[   10.877129] spi_master spi0: Failed to power device: -22
[   11.004172] EXT4-fs (mmcblk0p2): re-mounted. Opts: (null)
[   11.104665] systemd-journald[150]: Received request to flush runtime journal from PID 1
[   17.061615] macb ff0e0000.ethernet eth0: PHY [ff0e0000.ethernet-ffffffff:0c] driver [TI DP83867] (irq=POLL)
[   17.061628] macb ff0e0000.ethernet eth0: configuring for phy/rgmii-id link mode
[   17.351797] Adding 66556k swap on /var/swap.  Priority:-2 extents:2 across:3253180k SS
[   19.143781] random: crng init done
[   19.143793] random: 7 urandom warning(s) missed due to ratelimiting
[   19.952318] broken atomic modeset userspace detected, disabling atomic
[   20.129382] macb ff0e0000.ethernet eth0: Link is Up - 1Gbps/Full - flow control off
[   20.129406] IPv6: ADDRCONF(NETDEV_CHANGE): eth0: link becomes ready
[   22.620161] broken atomic modeset userspace detected, disabling atomic
[   25.496106] broken atomic modeset userspace detected, disabling atomic
[   28.135711] broken atomic modeset userspace detected, disabling atomic