[    0.000000] Booting Linux on physical CPU 0x0000000000 [0x410fd034]
[    0.000000] Linux version 5.10.0-98103-g2aa7ac113716 (jenkins@romlxbuild1.adlk.analog.com) (aarch64-xilinx-linux-gcc.real (GCC) 10.2.0, GNU ld (GNU Binutils) 2.35.0.20200730) #5577 SMP Wed Mar 23 07:28:49 GMT 2022
[    0.000000] Machine model: ZynqMP ZCU102 Rev1.0
[    0.000000] earlycon: cdns0 at MMIO 0x00000000ff000000 (options '115200n8')
[    0.000000] printk: bootconsole [cdns0] enabled
[    0.000000] efi: UEFI not found.
[    0.000000] cma: Reserved 256 MiB at 0x0000000070000000
[    0.000000] Zone ranges:
[    0.000000]   DMA      [mem 0x0000000000000000-0x000000003fffffff]
[    0.000000]   DMA32    [mem 0x0000000040000000-0x00000000ffffffff]
[    0.000000]   Normal   [mem 0x0000000100000000-0x000000087fffffff]
[    0.000000] Movable zone start for each node
[    0.000000] Early memory node ranges
[    0.000000]   node   0: [mem 0x0000000000000000-0x000000007fffffff]
[    0.000000]   node   0: [mem 0x0000000800000000-0x000000087fffffff]
[    0.000000] Initmem setup node 0 [mem 0x0000000000000000-0x000000087fffffff]
[    0.000000] On node 0 totalpages: 1048576
[    0.000000]   DMA zone: 3584 pages used for memmap
[    0.000000]   DMA zone: 0 pages reserved
[    0.000000]   DMA zone: 262144 pages, LIFO batch:63
[    0.000000]   DMA32 zone: 3584 pages used for memmap
[    0.000000]   DMA32 zone: 262144 pages, LIFO batch:63
[    0.000000]   Normal zone: 7168 pages used for memmap
[    0.000000]   Normal zone: 524288 pages, LIFO batch:63
[    0.000000] psci: probing for conduit method from DT.
[    0.000000] psci: PSCIv1.1 detected in firmware.
[    0.000000] psci: Using standard PSCI v0.2 function IDs
[    0.000000] psci: MIGRATE_INFO_TYPE not supported.
[    0.000000] psci: SMC Calling Convention v1.2
[    0.000000] percpu: Embedded 22 pages/cpu s49496 r8192 d32424 u90112
[    0.000000] pcpu-alloc: s49496 r8192 d32424 u90112 alloc=22*4096
[    0.000000] pcpu-alloc: [0] 0 [0] 1 [0] 2 [0] 3 
[    0.000000] Detected VIPT I-cache on CPU0
[    0.000000] CPU features: detected: ARM erratum 845719
[    0.000000] Built 1 zonelists, mobility grouping on.  Total pages: 1034240
[    0.000000] Kernel command line: console=ttyPS0,115200 root=/dev/mmcblk0p2 rw earlycon rootfstype=ext4 rootwait clk_ignore_unused cpuidle.off=1 root=/dev/mmcblk0p2 rw rootwait
[    0.000000] Dentry cache hash table entries: 524288 (order: 10, 4194304 bytes, linear)
[    0.000000] Inode-cache hash table entries: 262144 (order: 9, 2097152 bytes, linear)
[    0.000000] mem auto-init: stack:off, heap alloc:off, heap free:off
[    0.000000] software IO TLB: mapped [mem 0x000000003bfff000-0x000000003ffff000] (64MB)
[    0.000000] Memory: 3761904K/4194304K available (15296K kernel code, 1636K rwdata, 11876K rodata, 2560K init, 507K bss, 170256K reserved, 262144K cma-reserved)
[    0.000000] rcu: Hierarchical RCU implementation.
[    0.000000] rcu: 	RCU event tracing is enabled.
[    0.000000] rcu: 	RCU restricting CPUs from NR_CPUS=8 to nr_cpu_ids=4.
[    0.000000] rcu: RCU calculated value of scheduler-enlistment delay is 25 jiffies.
[    0.000000] rcu: Adjusting geometry for rcu_fanout_leaf=16, nr_cpu_ids=4
[    0.000000] NR_IRQS: 64, nr_irqs: 64, preallocated irqs: 0
[    0.000000] GIC: Adjusting CPU interface base to 0x00000000f902f000
[    0.000000] GIC: Using split EOI/Deactivate mode
[    0.000000] random: get_random_bytes called from start_kernel+0x31c/0x54c with crng_init=0
[    0.000000] arch_timer: cp15 timer(s) running at 100.00MHz (phys).
[    0.000000] clocksource: arch_sys_counter: mask: 0xffffffffffffff max_cycles: 0x171024e7e0, max_idle_ns: 440795205315 ns
[    0.000003] sched_clock: 56 bits at 100MHz, resolution 10ns, wraps every 4398046511100ns
[    0.008462] Console: colour dummy device 80x25
[    0.012483] Calibrating delay loop (skipped), value calculated using timer frequency.. 200.00 BogoMIPS (lpj=400000)
[    0.022840] pid_max: default: 32768 minimum: 301
[    0.027550] Mount-cache hash table entries: 8192 (order: 4, 65536 bytes, linear)
[    0.034788] Mountpoint-cache hash table entries: 8192 (order: 4, 65536 bytes, linear)
[    0.043401] rcu: Hierarchical SRCU implementation.
[    0.047559] EFI services will not be available.
[    0.051940] smp: Bringing up secondary CPUs ...
[    0.056657] Detected VIPT I-cache on CPU1
[    0.056696] CPU1: Booted secondary processor 0x0000000001 [0x410fd034]
[    0.057061] Detected VIPT I-cache on CPU2
[    0.057085] CPU2: Booted secondary processor 0x0000000002 [0x410fd034]
[    0.057425] Detected VIPT I-cache on CPU3
[    0.057448] CPU3: Booted secondary processor 0x0000000003 [0x410fd034]
[    0.057494] smp: Brought up 1 node, 4 CPUs
[    0.091780] SMP: Total of 4 processors activated.
[    0.096452] CPU features: detected: 32-bit EL0 Support
[    0.101556] CPU features: detected: CRC32 instructions
[    0.106695] CPU: All CPU(s) started at EL2
[    0.110736] alternatives: patching kernel code
[    0.116170] devtmpfs: initialized
[    0.124066] Registered cp15_barrier emulation handler
[    0.124116] Registered setend emulation handler
[    0.128093] clocksource: jiffies: mask: 0xffffffff max_cycles: 0xffffffff, max_idle_ns: 7645041785100000 ns
[    0.137670] futex hash table entries: 1024 (order: 4, 65536 bytes, linear)
[    0.151032] pinctrl core: initialized pinctrl subsystem
[    0.151673] NET: Registered protocol family 16
[    0.156100] DMA: preallocated 512 KiB GFP_KERNEL pool for atomic allocations
[    0.162117] DMA: preallocated 512 KiB GFP_KERNEL|GFP_DMA pool for atomic allocations
[    0.169841] DMA: preallocated 512 KiB GFP_KERNEL|GFP_DMA32 pool for atomic allocations
[    0.177645] audit: initializing netlink subsys (disabled)
[    0.183096] audit: type=2000 audit(0.116:1): state=initialized audit_enabled=0 res=1
[    0.183440] hw-breakpoint: found 6 breakpoint and 4 watchpoint registers.
[    0.197472] ASID allocator initialised with 65536 entries
[    0.224354] HugeTLB registered 1.00 GiB page size, pre-allocated 0 pages
[    0.225412] HugeTLB registered 32.0 MiB page size, pre-allocated 0 pages
[    0.232082] HugeTLB registered 2.00 MiB page size, pre-allocated 0 pages
[    0.238746] HugeTLB registered 64.0 KiB page size, pre-allocated 0 pages
[    1.304318] DRBG: Continuing without Jitter RNG
[    1.382141] raid6: neonx8   gen()  2147 MB/s
[    1.450188] raid6: neonx8   xor()  1596 MB/s
[    1.518253] raid6: neonx4   gen()  2190 MB/s
[    1.586299] raid6: neonx4   xor()  1565 MB/s
[    1.654363] raid6: neonx2   gen()  2076 MB/s
[    1.722408] raid6: neonx2   xor()  1434 MB/s
[    1.790483] raid6: neonx1   gen()  1772 MB/s
[    1.858532] raid6: neonx1   xor()  1220 MB/s
[    1.926585] raid6: int64x8  gen()  1438 MB/s
[    1.994639] raid6: int64x8  xor()   771 MB/s
[    2.062702] raid6: int64x4  gen()  1598 MB/s
[    2.130763] raid6: int64x4  xor()   816 MB/s
[    2.198823] raid6: int64x2  gen()  1397 MB/s
[    2.266873] raid6: int64x2  xor()   750 MB/s
[    2.334950] raid6: int64x1  gen()  1034 MB/s
[    2.403012] raid6: int64x1  xor()   517 MB/s
[    2.403050] raid6: using algorithm neonx4 gen() 2190 MB/s
[    2.407004] raid6: .... xor() 1565 MB/s, rmw enabled
[    2.411935] raid6: using neon recovery algorithm
[    2.416947] iommu: Default domain type: Translated 
[    2.421560] SCSI subsystem initialized
[    2.425104] libata version 3.00 loaded.
[    2.425228] usbcore: registered new interface driver usbfs
[    2.430560] usbcore: registered new interface driver hub
[    2.435833] usbcore: registered new device driver usb
[    2.440966] mc: Linux media interface: v0.10
[    2.445084] videodev: Linux video capture interface: v2.00
[    2.450574] EDAC MC: Ver: 3.0.0
[    2.454014] zynqmp-ipi-mbox mailbox@ff990400: Registered ZynqMP IPI mbox with TX/RX channels.
[    2.462530] jesd204: created con: id=0, topo=0, link=0, /axi/spi@ff050000/hmc7044@0 <-> /fpga-axi@0/axi-adxcvr-tx@84b60000
[    2.473103] jesd204: created con: id=1, topo=0, link=2, /axi/spi@ff050000/hmc7044@0 <-> /fpga-axi@0/axi-adxcvr-rx@84a60000
[    2.484087] jesd204: created con: id=2, topo=0, link=0, /fpga-axi@0/axi-adxcvr-tx@84b60000 <-> /fpga-axi@0/axi-jesd204-tx@84b90000
[    2.495763] jesd204: created con: id=3, topo=0, link=2, /fpga-axi@0/axi-adxcvr-rx@84a60000 <-> /fpga-axi@0/axi-jesd204-rx@84a90000
[    2.507440] jesd204: created con: id=4, topo=0, link=0, /fpga-axi@0/axi-jesd204-tx@84b90000 <-> /fpga-axi@0/axi-ad9081-tx-hpc@84b10000
[    2.519468] jesd204: created con: id=5, topo=0, link=2, /fpga-axi@0/axi-jesd204-rx@84a90000 <-> /fpga-axi@0/axi-ad9081-rx-hpc@84a10000
[    2.531490] jesd204: created con: id=6, topo=0, link=2, /fpga-axi@0/axi-ad9081-rx-hpc@84a10000 <-> /axi/spi@ff040000/ad9081@0
[    2.542732] jesd204: created con: id=7, topo=0, link=0, /fpga-axi@0/axi-ad9081-tx-hpc@84b10000 <-> /axi/spi@ff040000/ad9081@0
[    2.553981] jesd204: /axi/spi@ff040000/ad9081@0: JESD204[2] transition uninitialized -> initialized
[    2.562968] jesd204: /axi/spi@ff040000/ad9081@0: JESD204[0] transition uninitialized -> initialized
[    2.571960] jesd204: found 8 devices and 1 topologies
[    2.577004] FPGA manager framework
[    2.580483] Advanced Linux Sound Architecture Driver Initialized.
[    2.586775] Bluetooth: Core ver 2.22
[    2.589963] NET: Registered protocol family 31
[    2.594364] Bluetooth: HCI device and connection manager initialized
[    2.600681] Bluetooth: HCI socket layer initialized
[    2.605523] Bluetooth: L2CAP socket layer initialized
[    2.610547] Bluetooth: SCO socket layer initialized
[    2.615734] clocksource: Switched to clocksource arch_sys_counter
[    2.621539] VFS: Disk quotas dquot_6.6.0
[    2.625374] VFS: Dquot-cache hash table entries: 512 (order 0, 4096 bytes)
[    2.636090] NET: Registered protocol family 2
[    2.636819] tcp_listen_portaddr_hash hash table entries: 2048 (order: 3, 32768 bytes, linear)
[    2.645014] TCP established hash table entries: 32768 (order: 6, 262144 bytes, linear)
[    2.653039] TCP bind hash table entries: 32768 (order: 7, 524288 bytes, linear)
[    2.660485] TCP: Hash tables configured (established 32768 bind 32768)
[    2.666662] UDP hash table entries: 2048 (order: 4, 65536 bytes, linear)
[    2.673327] UDP-Lite hash table entries: 2048 (order: 4, 65536 bytes, linear)
[    2.680487] NET: Registered protocol family 1
[    2.684944] RPC: Registered named UNIX socket transport module.
[    2.690562] RPC: Registered udp transport module.
[    2.695229] RPC: Registered tcp transport module.
[    2.699895] RPC: Registered tcp NFSv4.1 backchannel transport module.
[    2.706888] PCI: CLS 0 bytes, default 64
[    2.710590] hw perfevents: no interrupt-affinity property for /pmu, guessing.
[    2.717447] hw perfevents: enabled with armv8_pmuv3 PMU driver, 7 counters available
[    2.725803] Initialise system trusted keyrings
[    2.729474] workingset: timestamp_bits=62 max_order=20 bucket_order=0
[    2.736371] NFS: Registering the id_resolver key type
[    2.740824] Key type id_resolver registered
[    2.744964] Key type id_legacy registered
[    2.748953] nfs4filelayout_init: NFSv4 File Layout Driver Registering...
[    2.755619] jffs2: version 2.2. (NAND) (SUMMARY)  Â© 2001-2006 Red Hat, Inc.
[    2.798569] NET: Registered protocol family 38
[    2.798611] xor: measuring software checksum speed
[    2.806297]    8regs           :  2363 MB/sec
[    2.809966]    32regs          :  2799 MB/sec
[    2.814908]    arm64_neon      :  2380 MB/sec
[    2.815098] xor: using function: 32regs (2799 MB/sec)
[    2.820124] Key type asymmetric registered
[    2.824185] Asymmetric key parser 'x509' registered
[    2.829046] Block layer SCSI generic (bsg) driver version 0.4 loaded (major 248)
[    2.836383] io scheduler mq-deadline registered
[    2.840880] io scheduler kyber registered
[    2.870284] Serial: 8250/16550 driver, 4 ports, IRQ sharing disabled
[    2.874922] cacheinfo: Unable to detect cache hierarchy for CPU 0
[    2.881262] brd: module loaded
[    2.885403] loop: module loaded
[    2.885948] Registered mathworks_ip class
[    2.889286] libphy: Fixed MDIO Bus: probed
[    2.892278] tun: Universal TUN/TAP device driver, 1.6
[    2.896335] CAN device driver interface
[    2.900872] usbcore: registered new interface driver asix
[    2.905466] usbcore: registered new interface driver ax88179_178a
[    2.911501] usbcore: registered new interface driver cdc_ether
[    2.917295] usbcore: registered new interface driver net1080
[    2.922921] usbcore: registered new interface driver cdc_subset
[    2.928801] usbcore: registered new interface driver zaurus
[    2.934345] usbcore: registered new interface driver cdc_ncm
[    2.940746] ehci_hcd: USB 2.0 'Enhanced' Host Controller (EHCI) Driver
[    2.946431] ehci-pci: EHCI PCI platform driver
[    2.951226] usbcore: registered new interface driver uas
[    2.956145] usbcore: registered new interface driver usb-storage
[    2.962133] usbcore: registered new interface driver usbserial_generic
[    2.968585] usbserial: USB Serial support registered for generic
[    2.974558] usbcore: registered new interface driver ftdi_sio
[    2.980261] usbserial: USB Serial support registered for FTDI USB Serial Device
[    2.987537] usbcore: registered new interface driver upd78f0730
[    2.993408] usbserial: USB Serial support registered for upd78f0730
[    3.001069] rtc_zynqmp ffa60000.rtc: registered as rtc0
[    3.004834] rtc_zynqmp ffa60000.rtc: setting system clock to 2022-03-26T01:19:31 UTC (1648257571)
[    3.013696] i2c /dev entries driver
[    3.019003] usbcore: registered new interface driver uvcvideo
[    3.022809] USB Video Class driver (1.1.1)
[    3.028393] Bluetooth: HCI UART driver ver 2.3
[    3.031281] Bluetooth: HCI UART protocol H4 registered
[    3.036390] Bluetooth: HCI UART protocol BCSP registered
[    3.041679] Bluetooth: HCI UART protocol LL registered
[    3.046768] Bluetooth: HCI UART protocol ATH3K registered
[    3.052142] Bluetooth: HCI UART protocol Three-wire (H5) registered
[    3.058397] Bluetooth: HCI UART protocol Intel registered
[    3.063737] Bluetooth: HCI UART protocol QCA registered
[    3.068936] usbcore: registered new interface driver bcm203x
[    3.074557] usbcore: registered new interface driver bpa10x
[    3.080092] usbcore: registered new interface driver bfusb
[    3.085543] usbcore: registered new interface driver btusb
[    3.091006] usbcore: registered new interface driver ath3k
[    3.096490] EDAC MC: ECC not enabled
[    3.100115] EDAC DEVICE0: Giving out device to module zynqmp-ocm-edac controller zynqmp_ocm: DEV ff960000.memory-controller (INTERRUPT)
[    3.112429] sdhci: Secure Digital Host Controller Interface driver
[    3.118217] sdhci: Copyright(c) Pierre Ossman
[    3.122542] sdhci-pltfm: SDHCI platform and OF driver helper
[    3.128595] ledtrig-cpu: registered to indicate activity on CPUs
[    3.134146] SMCCC: SOC_ID: ARCH_SOC_ID not implemented, skipping ....
[    3.140575] zynqmp_firmware_probe Platform Management API v1.1
[    3.146333] zynqmp_firmware_probe Trustzone version v1.0
[    3.185909] zynqmp-pinctrl firmware:zynqmp-firmware:pinctrl: zynqmp pinctrl initialized
[    3.233908] zynqmp-aes firmware:zynqmp-firmware:zynqmp-aes: will run requests pump with realtime priority
[    3.249783] alg: No test for xilinx-keccak-384 (zynqmp-keccak-384)
[    3.250491] alg: No test for xilinx-zynqmp-rsa (zynqmp-rsa)
[    3.256006] usbcore: registered new interface driver usbhid
[    3.261395] usbhid: USB HID core driver
[    3.272646] axi_sysid 85000000.axi-sysid-0: AXI System ID core version (1.01.a) found
[    3.274992] axi_sysid 85000000.axi-sysid-0: [ad9081_fmca_ebz] on [zcu102] git branch <master> git <084d44c9780640ca93fd847b1d9ec70dd65f5c67> clean [2022-03-18 04:17:50] UTC
[    3.290680] fpga_manager fpga0: Xilinx ZynqMP FPGA Manager registered
[    3.297036] usbcore: registered new interface driver snd-usb-audio
[    3.304489] pktgen: Packet Generator for packet performance testing. Version: 2.75
[    3.310670] Initializing XFRM netlink socket
[    3.314521] NET: Registered protocol family 10
[    3.319239] Segment Routing with IPv6
[    3.322621] sit: IPv6, IPv4 and MPLS over IPv4 tunneling driver
[    3.328693] NET: Registered protocol family 17
[    3.332794] NET: Registered protocol family 15
[    3.337292] can: controller area network core
[    3.341546] NET: Registered protocol family 29
[    3.345932] can: raw protocol
[    3.348873] can: broadcast manager protocol
[    3.353024] can: netlink gateway - max_hops=1
[    3.357421] Bluetooth: RFCOMM TTY layer initialized
[    3.362199] Bluetooth: RFCOMM socket layer initialized
[    3.367307] Bluetooth: RFCOMM ver 1.11
[    3.371018] Bluetooth: BNEP (Ethernet Emulation) ver 1.3
[    3.376289] Bluetooth: BNEP filters: protocol multicast
[    3.381482] Bluetooth: BNEP socket layer initialized
[    3.386410] Bluetooth: HIDP (Human Interface Emulation) ver 1.2
[    3.392293] Bluetooth: HIDP socket layer initialized
[    3.397350] 9pnet: Installing 9P2000 support
[    3.401471] NET: Registered protocol family 36
[    3.405888] Key type dns_resolver registered
[    3.410318] registered taskstats version 1
[    3.414184] Loading compiled-in X.509 certificates
[    3.419297] Btrfs loaded, crc32c=crc32c-generic
[    3.431699] ff000000.serial: ttyPS0 at MMIO 0xff000000 (irq = 49, base_baud = 6249999) is a xuartps
[    3.440718] printk: console [ttyPS0] enabled
[    3.445013] printk: bootconsole [cdns0] disabled
[    3.454644] ff010000.serial: ttyPS1 at MMIO 0xff010000 (irq = 50, base_baud = 6249999) is a xuartps
[    3.467897] of-fpga-region fpga-full: FPGA Region probed
[    3.474847] nwl-pcie fd0e0000.pcie: host bridge /axi/pcie@fd0e0000 ranges:
[    3.481742] nwl-pcie fd0e0000.pcie:      MEM 0x00e0000000..0x00efffffff -> 0x00e0000000
[    3.489745] nwl-pcie fd0e0000.pcie:      MEM 0x0600000000..0x07ffffffff -> 0x0600000000
[    3.497807] nwl-pcie fd0e0000.pcie: Link is DOWN
[    3.502564] nwl-pcie fd0e0000.pcie: PCI host bridge to bus 0000:00
[    3.508742] pci_bus 0000:00: root bus resource [bus 00-ff]
[    3.514223] pci_bus 0000:00: root bus resource [mem 0xe0000000-0xefffffff]
[    3.521093] pci_bus 0000:00: root bus resource [mem 0x600000000-0x7ffffffff pref]
[    3.528598] pci 0000:00:00.0: [10ee:d021] type 01 class 0x060400
[    3.534653] pci 0000:00:00.0: PME# supported from D0 D1 D2 D3hot
[    3.545101] pci 0000:00:00.0: PCI bridge to [bus 01-0c]
[    3.551081] xilinx-zynqmp-dma fd500000.dma: ZynqMP DMA driver Probe success
[    3.558259] xilinx-zynqmp-dma fd510000.dma: ZynqMP DMA driver Probe success
[    3.565441] xilinx-zynqmp-dma fd520000.dma: ZynqMP DMA driver Probe success
[    3.572613] xilinx-zynqmp-dma fd530000.dma: ZynqMP DMA driver Probe success
[    3.579783] xilinx-zynqmp-dma fd540000.dma: ZynqMP DMA driver Probe success
[    3.586948] xilinx-zynqmp-dma fd550000.dma: ZynqMP DMA driver Probe success
[    3.594117] xilinx-zynqmp-dma fd560000.dma: ZynqMP DMA driver Probe success
[    3.601291] xilinx-zynqmp-dma fd570000.dma: ZynqMP DMA driver Probe success
[    3.608683] xilinx-zynqmp-dpdma fd4c0000.dma-controller: Xilinx DPDMA engine is probed
[    3.617233] ahci-ceva fd0c0000.ahci: supply ahci not found, using dummy regulator
[    3.624775] ahci-ceva fd0c0000.ahci: supply phy not found, using dummy regulator
[    3.715904] hmc7044 spi2.0: PLL1: Acquisition, CLKIN0 @ 122880000 Hz, PFD: 80 kHz - PLL2: Locked @ 2988.000000 MHz
[    3.726622] jesd204: /axi/spi@ff050000/hmc7044@0,jesd204:1,parent=spi2.0: Using as SYSREF provider
[    3.736205] spi-nor spi0.0: SPI-NOR-UniqueID 100000235394732200270025081115266e
[    3.743510] spi-nor spi0.0: found n25q512a, expected m25p80
[    3.749701] spi-nor spi0.0: trying to lock already unlocked area
[    3.755703] spi-nor spi0.0: n25q512a (131072 Kbytes)
[    3.760681] 4 fixed-partitions partitions found on MTD device spi0.0
[    3.767027] Creating 4 MTD partitions on "spi0.0":
[    3.771812] 0x000000000000-0x000000100000 : "qspi-fsbl-uboot"
[    3.778301] 0x000000100000-0x000000600000 : "qspi-linux"
[    3.784260] 0x000000600000-0x000000620000 : "qspi-device-tree"
[    3.790742] 0x000000620000-0x000000c00000 : "qspi-rootfs"
[    3.799202] macb ff0e0000.ethernet: Not enabling partial store and forward
[    3.806731] libphy: MACB_mii_bus: probed
[    3.811796] macb ff0e0000.ethernet eth0: Cadence GEM rev 0x50070106 at 0xff0e0000 irq 30 (00:0a:35:04:8e:1b)
[    3.822007] xilinx-axipmon ffa00000.perf-monitor: Probed Xilinx APM
[    3.828581] xilinx-axipmon fd0b0000.perf-monitor: Probed Xilinx APM
[    3.835100] xilinx-axipmon fd490000.perf-monitor: Probed Xilinx APM
[    3.841642] xilinx-axipmon ffa10000.perf-monitor: Probed Xilinx APM
[    3.851620] pca953x 0-0020: supply vcc not found, using dummy regulator
[    3.858302] pca953x 0-0020: using no AI
[    3.862792] gpio-496 (sel0): hogged as output/low
[    3.867690] gpio-497 (sel1): hogged as output/high
[    3.872677] gpio-498 (sel2): hogged as output/high
[    3.877665] gpio-499 (sel3): hogged as output/high
[    3.882839] pca953x 0-0021: supply vcc not found, using dummy regulator
[    3.889510] pca953x 0-0021: using no AI
[    3.895273] ina2xx 2-0040: power monitor ina226 (Rshunt = 5000 uOhm)
[    3.902302] ina2xx 2-0041: power monitor ina226 (Rshunt = 5000 uOhm)
[    3.909334] ina2xx 2-0042: power monitor ina226 (Rshunt = 5000 uOhm)
[    3.916369] ina2xx 2-0043: power monitor ina226 (Rshunt = 5000 uOhm)
[    3.923388] ina2xx 2-0044: power monitor ina226 (Rshunt = 5000 uOhm)
[    3.930410] ina2xx 2-0045: power monitor ina226 (Rshunt = 5000 uOhm)
[    3.937440] ina2xx 2-0046: power monitor ina226 (Rshunt = 5000 uOhm)
[    3.944519] ina2xx 2-0047: power monitor ina226 (Rshunt = 5000 uOhm)
[    3.951549] ina2xx 2-004a: power monitor ina226 (Rshunt = 5000 uOhm)
[    3.958582] ina2xx 2-004b: power monitor ina226 (Rshunt = 5000 uOhm)
[    3.964994] i2c i2c-0: Added multiplexed i2c bus 2
[    3.970377] random: fast init done
[    3.973850] ina2xx 3-0040: power monitor ina226 (Rshunt = 2000 uOhm)
[    3.980877] ina2xx 3-0041: power monitor ina226 (Rshunt = 5000 uOhm)
[    3.987904] ina2xx 3-0042: power monitor ina226 (Rshunt = 5000 uOhm)
[    3.994935] ina2xx 3-0043: power monitor ina226 (Rshunt = 5000 uOhm)
[    4.001959] ina2xx 3-0044: power monitor ina226 (Rshunt = 5000 uOhm)
[    4.008987] ina2xx 3-0045: power monitor ina226 (Rshunt = 5000 uOhm)
[    4.016023] ina2xx 3-0046: power monitor ina226 (Rshunt = 5000 uOhm)
[    4.023050] ina2xx 3-0047: power monitor ina226 (Rshunt = 5000 uOhm)
[    4.029451] i2c i2c-0: Added multiplexed i2c bus 3
[    4.084873] i2c i2c-0: Added multiplexed i2c bus 4
[    4.089810] i2c i2c-0: Added multiplexed i2c bus 5
[    4.094598] pca954x 0-0075: registered 4 multiplexed busses for I2C mux pca9544
[    4.101949] cdns-i2c ff020000.i2c: 400 kHz mmio ff020000 irq 32
[    4.109682] at24 6-0054: supply vcc not found, using dummy regulator
[    4.116584] at24 6-0054: 1024 byte 24c08 EEPROM, writable, 1 bytes/write
[    4.123335] i2c i2c-1: Added multiplexed i2c bus 6
[    4.129759] si5341 7-0036: Chip: 5341 Grade: 1 Rev: 1
[    4.167448] i2c i2c-1: Added multiplexed i2c bus 7
[    4.175104] si570 8-005d: registered, current frequency 300000000 Hz
[    4.181508] i2c i2c-1: Added multiplexed i2c bus 8
[    4.201302] si570 9-005d: registered, current frequency 148500000 Hz
[    4.207705] i2c i2c-1: Added multiplexed i2c bus 9
[    4.212743] si5324 10-0069: si5328 probed
[    4.280083] si5324 10-0069: si5328 probe successful
[    4.285011] i2c i2c-1: Added multiplexed i2c bus 10
[    4.290038] i2c i2c-1: Added multiplexed i2c bus 11
[    4.295065] i2c i2c-1: Added multiplexed i2c bus 12
[    4.300085] i2c i2c-1: Added multiplexed i2c bus 13
[    4.304958] pca954x 1-0074: registered 8 multiplexed busses for I2C switch pca9548
[    4.313070] at24 14-0050: supply vcc not found, using dummy regulator
[    4.319858] at24 14-0050: 256 byte 24c02 EEPROM, writable, 1 bytes/write
[    4.326602] i2c i2c-1: Added multiplexed i2c bus 14
[    4.331643] i2c i2c-1: Added multiplexed i2c bus 15
[    4.336675] i2c i2c-1: Added multiplexed i2c bus 16
[    4.341711] i2c i2c-1: Added multiplexed i2c bus 17
[    4.346742] i2c i2c-1: Added multiplexed i2c bus 18
[    4.351789] i2c i2c-1: Added multiplexed i2c bus 19
[    4.356826] i2c i2c-1: Added multiplexed i2c bus 20
[    4.361859] i2c i2c-1: Added multiplexed i2c bus 21
[    4.366733] pca954x 1-0075: registered 8 multiplexed busses for I2C switch pca9548
[    4.374342] cdns-i2c ff030000.i2c: 400 kHz mmio ff030000 irq 33
[    4.384093] cdns-wdt fd4d0000.watchdog: Xilinx Watchdog Timer with timeout 60s
[    4.395032] axi_adxcvr 84a60000.axi-adxcvr-rx: AXI-ADXCVR-RX (17.05.a) using CPLL on GTH4 at 0x84A60000. Number of lanes: 4.
[    4.407210] axi_adxcvr 84b60000.axi-adxcvr-tx: AXI-ADXCVR-TX (17.05.a) using QPLL on GTH4 at 0x84B60000. Number of lanes: 4.
[    4.418830] axi-jesd204-rx 84a90000.axi-jesd204-rx: AXI-JESD204-RX (1.07.a) at 0x84A90000. Encoder 8b10b, width 4/4, lanes 4, jesd204-fsm.
[    4.426116] mmc0: SDHCI controller on ff170000.mmc [ff170000.mmc] using ADMA 64-bit
[    4.431675] axi-jesd204-tx 84b90000.axi-jesd204-tx: AXI-JESD204-TX (1.06.a) at 0x84B90000. Encoder 8b10b, width 4/4, lanes 4, jesd204-fsm.
[    4.452393] zynqmp-display fd4a0000.display: vtc bridge property not present
[    4.462049] xilinx-dp-snd-codec fd4a0000.display:zynqmp_dp_snd_codec0: Failed to get required clock freq
[    4.471555] xilinx-dp-snd-codec: probe of fd4a0000.display:zynqmp_dp_snd_codec0 failed with error -22
[    4.473513] mmc0: new high speed SDHC card at address 0001
[    4.481092] xilinx-dp-snd-pcm zynqmp_dp_snd_pcm0: Xilinx DisplayPort Sound PCM probed
[    4.486608] mmcblk0: mmc0:0001 EB1QT 29.8 GiB 
[    4.494411] xilinx-dp-snd-pcm zynqmp_dp_snd_pcm1: Xilinx DisplayPort Sound PCM probed
[    4.499785]  mmcblk0: p1 p2 p3
[    4.506715] OF: graph: no port node found in /axi/display@fd4a0000
[    4.515793] xlnx-drm xlnx-drm.0: bound fd4a0000.display (ops 0xffffffc010fcbdb8)
[    5.599749] zynqmp-display fd4a0000.display: [drm] Cannot find any crtc or sizes
[    5.607359] [drm] Initialized xlnx 1.0.0 20130509 for fd4a0000.display on minor 0
[    5.614849] zynqmp-display fd4a0000.display: ZynqMP DisplayPort Subsystem driver probed
[    5.623172] ahci-ceva fd0c0000.ahci: supply ahci not found, using dummy regulator
[    5.630722] ahci-ceva fd0c0000.ahci: supply phy not found, using dummy regulator
[    5.638180] ahci-ceva fd0c0000.ahci: supply target not found, using dummy regulator
[    5.646018] ahci-ceva fd0c0000.ahci: AHCI 0001.0301 32 slots 2 ports 6 Gbps 0x3 impl platform mode
[    5.654974] ahci-ceva fd0c0000.ahci: flags: 64bit ncq sntf pm clo only pmp fbs pio slum part ccc sds apst 
[    5.665669] scsi host0: ahci-ceva
[    5.669269] scsi host1: ahci-ceva
[    5.672696] ata1: SATA max UDMA/133 mmio [mem 0xfd0c0000-0xfd0c1fff] port 0x100 irq 45
[    5.680605] ata2: SATA max UDMA/133 mmio [mem 0xfd0c0000-0xfd0c1fff] port 0x180 irq 45
[    5.689198] ad9081 spi1.0: supply vdd not found, using dummy regulator
[    6.001983] ata1: SATA link down (SStatus 0 SControl 330)
[    6.007404] ata2: SATA link down (SStatus 0 SControl 330)
[    6.683751] zynqmp-display fd4a0000.display: [drm] Cannot find any crtc or sizes
[    7.522339] ad9081 spi1.0: AD9081 Rev. 2 Grade 10 (API 1.2.2) probed
[    7.529539] xhci-hcd xhci-hcd.1.auto: xHCI Host Controller
[    7.535029] xhci-hcd xhci-hcd.1.auto: new USB bus registered, assigned bus number 1
[    7.542779] xhci-hcd xhci-hcd.1.auto: hcc params 0x0238f625 hci version 0x100 quirks 0x0000000002010810
[    7.552198] xhci-hcd xhci-hcd.1.auto: irq 59, io mem 0xfe200000
[    7.558314] usb usb1: New USB device found, idVendor=1d6b, idProduct=0002, bcdDevice= 5.10
[    7.566571] usb usb1: New USB device strings: Mfr=3, Product=2, SerialNumber=1
[    7.573789] usb usb1: Product: xHCI Host Controller
[    7.578658] usb usb1: Manufacturer: Linux 5.10.0-98103-g2aa7ac113716 xhci-hcd
[    7.585784] usb usb1: SerialNumber: xhci-hcd.1.auto
[    7.590951] hub 1-0:1.0: USB hub found
[    7.594711] hub 1-0:1.0: 1 port detected
[    7.598815] xhci-hcd xhci-hcd.1.auto: xHCI Host Controller
[    7.604298] xhci-hcd xhci-hcd.1.auto: new USB bus registered, assigned bus number 2
[    7.611951] xhci-hcd xhci-hcd.1.auto: Host supports USB 3.0 SuperSpeed
[    7.618572] usb usb2: New USB device found, idVendor=1d6b, idProduct=0003, bcdDevice= 5.10
[    7.626836] usb usb2: New USB device strings: Mfr=3, Product=2, SerialNumber=1
[    7.634055] usb usb2: Product: xHCI Host Controller
[    7.638925] usb usb2: Manufacturer: Linux 5.10.0-98103-g2aa7ac113716 xhci-hcd
[    7.646049] usb usb2: SerialNumber: xhci-hcd.1.auto
[    7.651159] hub 2-0:1.0: USB hub found
[    7.654920] hub 2-0:1.0: 1 port detected
[    7.684979] cf_axi_adc 84a10000.axi-ad9081-rx-hpc: ADI AIM (10.01.b) at 0x84A10000 mapped to 0x(____ptrval____), probed ADC AD9081 as MASTER
[    7.716575] cf_axi_dds 84b10000.axi-ad9081-tx-hpc: Analog Devices CF_AXI_DDS_DDS MASTER (9.01.b) at 0x84B10000 mapped to 0x(____ptrval____), probed DDS AD9081
[    7.730773] jesd204: /axi/spi@ff040000/ad9081@0,jesd204:0,parent=spi1.0: JESD204[2] transition initialized -> probed
[    7.741294] jesd204: /axi/spi@ff040000/ad9081@0,jesd204:0,parent=spi1.0: JESD204[0] transition initialized -> probed
[    7.751818] jesd204: /axi/spi@ff040000/ad9081@0,jesd204:0,parent=spi1.0: JESD204[2] transition probed -> idle
[    7.761726] jesd204: /axi/spi@ff040000/ad9081@0,jesd204:0,parent=spi1.0: JESD204[0] transition probed -> idle
[    7.771641] jesd204: /axi/spi@ff040000/ad9081@0,jesd204:0,parent=spi1.0: JESD204[2] transition idle -> device_init
[    7.781983] jesd204: /axi/spi@ff040000/ad9081@0,jesd204:0,parent=spi1.0: JESD204[0] transition idle -> device_init
[    7.792338] jesd204: /axi/spi@ff040000/ad9081@0,jesd204:0,parent=spi1.0: JESD204[2] transition device_init -> link_init
[    7.803121] jesd204: /axi/spi@ff040000/ad9081@0,jesd204:0,parent=spi1.0: JESD204[0] transition device_init -> link_init
[    7.813911] jesd204: /axi/spi@ff040000/ad9081@0,jesd204:0,parent=spi1.0: JESD204[2] transition link_init -> link_supported
[    7.824950] jesd204: /axi/spi@ff040000/ad9081@0,jesd204:0,parent=spi1.0: JESD204[0] transition link_init -> link_supported
[    7.836364] hmc7044 spi2.0: hmc7044_jesd204_link_pre_setup: Link2 forcing continuous SYSREF mode
[    7.845540] jesd204: /axi/spi@ff040000/ad9081@0,jesd204:0,parent=spi1.0: JESD204[2] transition link_supported -> link_pre_setup
[    7.857016] jesd204: /axi/spi@ff040000/ad9081@0,jesd204:0,parent=spi1.0: JESD204[0] transition link_supported -> link_pre_setup
[    7.880815] jesd204: /axi/spi@ff040000/ad9081@0,jesd204:0,parent=spi1.0: JESD204[2] transition link_pre_setup -> clk_sync_stage1
[    7.892378] jesd204: /axi/spi@ff040000/ad9081@0,jesd204:0,parent=spi1.0: JESD204[0] transition link_pre_setup -> clk_sync_stage1
[    7.903948] jesd204: /axi/spi@ff040000/ad9081@0,jesd204:0,parent=spi1.0: JESD204[2] transition clk_sync_stage1 -> clk_sync_stage2
[    7.915595] jesd204: /axi/spi@ff040000/ad9081@0,jesd204:0,parent=spi1.0: JESD204[0] transition clk_sync_stage1 -> clk_sync_stage2
[    7.927247] jesd204: /axi/spi@ff040000/ad9081@0,jesd204:0,parent=spi1.0: JESD204[2] transition clk_sync_stage2 -> clk_sync_stage3
[    7.938890] jesd204: /axi/spi@ff040000/ad9081@0,jesd204:0,parent=spi1.0: JESD204[0] transition clk_sync_stage2 -> clk_sync_stage3
[    7.952625] jesd204: /axi/spi@ff040000/ad9081@0,jesd204:0,parent=spi1.0: JESD204[2] transition clk_sync_stage3 -> link_setup
[    7.963842] jesd204: /axi/spi@ff040000/ad9081@0,jesd204:0,parent=spi1.0: JESD204[0] transition clk_sync_stage3 -> link_setup
[    7.979831] jesd204: /axi/spi@ff040000/ad9081@0,jesd204:0,parent=spi1.0: JESD204[2] transition link_setup -> opt_setup_stage1
[    7.991129] jesd204: /axi/spi@ff040000/ad9081@0,jesd204:0,parent=spi1.0: JESD204[0] transition link_setup -> opt_setup_stage1
[    8.007461] jesd204: /axi/spi@ff040000/ad9081@0,jesd204:0,parent=spi1.0: JESD204[2] transition opt_setup_stage1 -> opt_setup_stage2
[    8.019280] jesd204: /axi/spi@ff040000/ad9081@0,jesd204:0,parent=spi1.0: JESD204[0] transition opt_setup_stage1 -> opt_setup_stage2
[    8.031253] jesd204: /axi/spi@ff040000/ad9081@0,jesd204:0,parent=spi1.0: JESD204[2] transition opt_setup_stage2 -> opt_setup_stage3
[    8.043072] jesd204: /axi/spi@ff040000/ad9081@0,jesd204:0,parent=spi1.0: JESD204[0] transition opt_setup_stage2 -> opt_setup_stage3
[    8.054894] jesd204: /axi/spi@ff040000/ad9081@0,jesd204:0,parent=spi1.0: JESD204[2] transition opt_setup_stage3 -> opt_setup_stage4
[    8.066718] jesd204: /axi/spi@ff040000/ad9081@0,jesd204:0,parent=spi1.0: JESD204[0] transition opt_setup_stage3 -> opt_setup_stage4
[    8.078543] jesd204: /axi/spi@ff040000/ad9081@0,jesd204:0,parent=spi1.0: JESD204[2] transition opt_setup_stage4 -> opt_setup_stage5
[    8.090372] jesd204: /axi/spi@ff040000/ad9081@0,jesd204:0,parent=spi1.0: JESD204[0] transition opt_setup_stage4 -> opt_setup_stage5
[    8.106327] jesd204: /axi/spi@ff040000/ad9081@0,jesd204:0,parent=spi1.0: JESD204[2] transition opt_setup_stage5 -> clocks_enable
[    8.117892] jesd204: /axi/spi@ff040000/ad9081@0,jesd204:0,parent=spi1.0: JESD204[0] transition opt_setup_stage5 -> clocks_enable
[    8.152702] axi_adxcvr 84a60000.axi-adxcvr-rx: adxcvr_clk_enable: CPLL RX buffer underflow error, status: 0x61
[    8.162687] axi_adxcvr 84a60000.axi-adxcvr-rx: adxcvr_clk_enable: CPLL RX buffer overflow error, status: 0x61
[    8.172671] jesd204: /axi/spi@ff040000/ad9081@0,jesd204:0,parent=spi1.0: JESD204[2] transition clocks_enable -> link_enable
[    8.183799] jesd204: /axi/spi@ff040000/ad9081@0,jesd204:0,parent=spi1.0: JESD204[0] transition clocks_enable -> link_enable
[    8.215983] ad9081 spi1.0: JESD RX (JTX) Link2 in DATA, SYNC deasserted, PLL locked, PHASE established, MODE valid
[    8.226593] ad9081 spi1.0: JESD TX (JRX) Link0 0xF lanes in DATA
[    8.232599] jesd204: /axi/spi@ff040000/ad9081@0,jesd204:0,parent=spi1.0: JESD204[2] transition link_enable -> link_running
[    8.243637] jesd204: /axi/spi@ff040000/ad9081@0,jesd204:0,parent=spi1.0: JESD204[0] transition link_enable -> link_running
[    8.254683] jesd204: /axi/spi@ff040000/ad9081@0,jesd204:0,parent=spi1.0: JESD204[2] transition link_running -> opt_post_running_stage
[    8.266674] jesd204: /axi/spi@ff040000/ad9081@0,jesd204:0,parent=spi1.0: JESD204[0] transition link_running -> opt_post_running_stage
[    8.287978] input: gpio-keys as /devices/platform/gpio-keys/input/input0
[    8.295003] of_cfs_init
[    8.297464] of_cfs_init: OK
[    8.300409] cfg80211: Loading compiled-in X.509 certificates for regulatory database
[    8.419222] random: crng init done
[    8.438788] cfg80211: Loaded X.509 cert 'sforshee: 00b28ddf47aef9cea7'
[    8.445320] clk: Not disabling unused clocks
[    8.449851] ALSA device list:
[    8.452811]   No soundcards found.
[    8.456477] platform regulatory.0: Direct firmware load for regulatory.db failed with error -2
[    8.465081] cfg80211: failed to load regulatory.db
[    8.480412] EXT4-fs (mmcblk0p2): mounted filesystem with ordered data mode. Opts: (null)
[    8.488527] VFS: Mounted root (ext4 filesystem) on device 179:2.
[    8.502277] devtmpfs: mounted
[    8.506106] Freeing unused kernel memory: 2560K
[    8.523786] Run /sbin/init as init process
[    8.527879]   with arguments:
[    8.527882]     /sbin/init
[    8.527884]   with environment:
[    8.527887]     HOME=/
[    8.527889]     TERM=linux
[    9.110949] systemd[1]: systemd 241 running in system mode. (+PAM +AUDIT +SELINUX +IMA +APPARMOR +SMACK +SYSVINIT +UTMP +LIBCRYPTSETUP +GCRYPT +GNUTLS +ACL +XZ +LZ4 +SECCOMP +BLKID +ELFUTILS +KMOD -IDN2 +IDN -PCRE2 default-hierarchy=hybrid)
[    9.132867] systemd[1]: Detected architecture arm64.
[    9.156476] systemd[1]: Set hostname to <analog>.
[    9.350520] systemd[1]: File /lib/systemd/system/systemd-journald.service:12 configures an IP firewall (IPAddressDeny=any), but the local system does not support BPF/cgroup based firewalling.
[    9.367577] systemd[1]: Proceeding WITHOUT firewalling in effect! (This warning is only shown for the first loaded unit using IP firewalling.)
[    9.533997] systemd[1]: /etc/systemd/system/tof-server.service:1: Assignment outside of section. Ignoring.
[    9.543681] systemd[1]: /etc/systemd/system/tof-server.service:2: Assignment outside of section. Ignoring.
[    9.738594] systemd[1]: Listening on fsck to fsckd communication Socket.
[    9.760121] systemd[1]: Listening on udev Control Socket.
[    9.780055] systemd[1]: Listening on Journal Socket (/dev/log).
[   10.415474] ------------[ cut here ]------------
[   10.415483] Enabling unprepared \xa0\xe9Q\x88\xff\xff\xffpQ\x88\xff\xff\xff
[   10.415529] WARNING: CPU: 0 PID: 113 at drivers/clk/clk.c:1012 clk_core_enable+0xa4/0xc0
[   10.415532] Modules linked in:
[   10.415543] CPU: 0 PID: 113 Comm: kworker/0:1H Not tainted 5.10.0-98103-g2aa7ac113716 #5577
[   10.415546] Hardware name: ZynqMP ZCU102 Rev1.0 (DT)
[   10.415555] Workqueue: kblockd blk_mq_run_work_fn
[   10.415563] pstate: 80000085 (Nzcv daIf -PAN -UAO -TCO BTYPE=--)
[   10.415568] pc : clk_core_enable+0xa4/0xc0
[   10.415574] lr : clk_core_enable+0xa4/0xc0
[   10.415576] sp : ffffffc0127cb2d0
[   10.415579] x29: ffffffc0127cb2d0 x28: ffffff8800330c10 
[   10.415587] x27: ffffff8800330d48 x26: 0000005000000101 
[   10.415593] x25: 0000000266ddd764 x24: 0000000000000001 
[   10.415600] x23: ffffff88010e9380 x22: ffffff8801083220 
[   10.415606] x21: ffffff8801517000 x20: ffffff8801517008 
[   10.415613] x19: ffffff8801517008 x18: 0000000000000030 
[   10.415619] x17: 000071d710f53005 x16: 0000000000000011 
[   10.415626] x15: ffffffffffff86a0 x14: ffffffc011d3b1a0 
[   10.415632] x13: ffffffc011d3b1c8 x12: 00000000000005e5 
[   10.415638] x11: 00000000000001f7 x10: ffffffc011d671c8 
[   10.415645] x9 : 00000000fffff800 x8 : ffffffc011d3b1c8 
[   10.415652] x7 : ffffffc011d671c8 x6 : 0000000000000001 
[   10.415658] x5 : ffffff887f7669e0 x4 : 0000000000000000 
[   10.415664] x3 : 0000000000000027 x2 : 0000000000000023 
[   10.415671] x1 : 5ccc4e1a84489700 x0 : 0000000000000000 
[   10.415677] Call trace:
[   10.415684]  clk_core_enable+0xa4/0xc0
[   10.415689]  clk_enable+0x2c/0x60
[   10.415695]  zynqmp_runtime_resume+0x24/0x84
[   10.415702]  pm_generic_runtime_resume+0x30/0x50
[   10.415707]  __genpd_runtime_resume+0x30/0xb0
[   10.415714]  genpd_runtime_resume+0x90/0x250
[   10.415720]  __rpm_callback+0x10c/0x1e0
[   10.415725]  rpm_callback+0x5c/0x84
[   10.415730]  rpm_resume+0x4a4/0x74c
[   10.415735]  __pm_runtime_resume+0x78/0xc4
[   10.415740]  spi_mem_access_start.isra.0+0x30/0x80
[   10.415744]  spi_mem_exec_op+0x3b0/0x424
[   10.415750]  spi_nor_read_sr+0x78/0xe0
[   10.415755]  spi_nor_wait_till_ready_with_timeout+0xb4/0x2f0
[   10.415760]  spi_nor_read+0x188/0x380
[   10.415765]  mtd_read_oob_std+0x78/0x84
[   10.415770]  mtd_read_oob+0x7c/0x134
[   10.415774]  mtd_read+0x48/0x7c
[   10.415780]  mtdblock_readsect+0x6c/0x150
[   10.415785]  mtd_queue_rq+0x2cc/0x5a0
[   10.415791]  blk_mq_dispatch_rq_list+0x110/0x790
[   10.415797]  __blk_mq_do_dispatch_sched+0x200/0x274
[   10.415803]  __blk_mq_sched_dispatch_requests+0x1a8/0x1fc
[   10.415808]  blk_mq_sched_dispatch_requests+0x3c/0x7c
[   10.415813]  __blk_mq_run_hw_queue+0x98/0x100
[   10.415818]  blk_mq_run_work_fn+0x24/0x30
[   10.415823]  process_one_work+0x1d4/0x380
[   10.415827]  worker_thread+0x78/0x4e0
[   10.415833]  kthread+0x124/0x130
[   10.415839]  ret_from_fork+0x10/0x3c
[   10.415842] ---[ end trace c8915a7e0d659350 ]---
[   10.415879] zynqmp-qspi ff0f0000.spi: Cannot enable APB clock.
[   10.415937] spi_master spi0: Failed to power device: -108
[   10.415948] blk_update_request: I/O error, dev mtdblock0, sector 8 op 0x0:(READ) flags 0x80700 phys_seg 1 prio class 0
[   10.416134] spi_master spi0: Failed to power device: -22
[   10.416142] blk_update_request: I/O error, dev mtdblock0, sector 8 op 0x0:(READ) flags 0x0 phys_seg 8 prio class 0
[   10.416152] Buffer I/O error on dev mtdblock0, logical block 8, async page read
[   10.416170] spi_master spi0: Failed to power device: -22
[   10.416175] blk_update_request: I/O error, dev mtdblock0, sector 9 op 0x0:(READ) flags 0x0 phys_seg 7 prio class 0
[   10.416179] Buffer I/O error on dev mtdblock0, logical block 9, async page read
[   10.416187] spi_master spi0: Failed to power device: -22
[   10.416192] blk_update_request: I/O error, dev mtdblock0, sector 10 op 0x0:(READ) flags 0x0 phys_seg 6 prio class 0
[   10.416196] Buffer I/O error on dev mtdblock0, logical block 10, async page read
[   10.416203] spi_master spi0: Failed to power device: -22
[   10.416209] blk_update_request: I/O error, dev mtdblock0, sector 11 op 0x0:(READ) flags 0x0 phys_seg 5 prio class 0
[   10.416213] Buffer I/O error on dev mtdblock0, logical block 11, async page read
[   10.416220] spi_master spi0: Failed to power device: -22
[   10.416225] blk_update_request: I/O error, dev mtdblock0, sector 12 op 0x0:(READ) flags 0x0 phys_seg 4 prio class 0
[   10.416229] Buffer I/O error on dev mtdblock0, logical block 12, async page read
[   10.416236] spi_master spi0: Failed to power device: -22
[   10.416241] blk_update_request: I/O error, dev mtdblock0, sector 13 op 0x0:(READ) flags 0x0 phys_seg 3 prio class 0
[   10.416245] Buffer I/O error on dev mtdblock0, logical block 13, async page read
[   10.416252] spi_master spi0: Failed to power device: -22
[   10.416258] blk_update_request: I/O error, dev mtdblock0, sector 14 op 0x0:(READ) flags 0x0 phys_seg 2 prio class 0
[   10.416261] Buffer I/O error on dev mtdblock0, logical block 14, async page read
[   10.416268] spi_master spi0: Failed to power device: -22
[   10.416274] blk_update_request: I/O error, dev mtdblock0, sector 15 op 0x0:(READ) flags 0x0 phys_seg 1 prio class 0
[   10.416277] Buffer I/O error on dev mtdblock0, logical block 15, async page read
[   10.416951] spi_master spi0: Failed to power device: -22
[   10.416959] blk_update_request: I/O error, dev mtdblock1, sector 10112 op 0x0:(READ) flags 0x80700 phys_seg 1 prio class 0
[   10.417031] spi_master spi0: Failed to power device: -22
[   10.417037] Buffer I/O error on dev mtdblock1, logical block 10112, async page read
[   10.417049] spi_master spi0: Failed to power device: -22
[   10.417059] Buffer I/O error on dev mtdblock1, logical block 10113, async page read
[   10.417067] spi_master spi0: Failed to power device: -22
[   10.417074] spi_master spi0: Failed to power device: -22
[   10.417081] spi_master spi0: Failed to power device: -22
[   10.417089] spi_master spi0: Failed to power device: -22
[   10.417096] spi_master spi0: Failed to power device: -22
[   10.417103] spi_master spi0: Failed to power device: -22
[   10.417556] spi_master spi0: Failed to power device: -22
[   10.417631] spi_master spi0: Failed to power device: -22
[   10.417641] spi_master spi0: Failed to power device: -22
[   10.417649] spi_master spi0: Failed to power device: -22
[   10.417662] spi_master spi0: Failed to power device: -22
[   10.417670] spi_master spi0: Failed to power device: -22
[   10.417677] spi_master spi0: Failed to power device: -22
[   10.417684] spi_master spi0: Failed to power device: -22
[   10.417691] spi_master spi0: Failed to power device: -22
[   10.418242] spi_master spi0: Failed to power device: -22
[   10.418320] spi_master spi0: Failed to power device: -22
[   10.418330] spi_master spi0: Failed to power device: -22
[   10.418338] spi_master spi0: Failed to power device: -22
[   10.418350] spi_master spi0: Failed to power device: -22
[   10.418358] spi_master spi0: Failed to power device: -22
[   10.418366] spi_master spi0: Failed to power device: -22
[   10.418373] spi_master spi0: Failed to power device: -22
[   10.418380] spi_master spi0: Failed to power device: -22
[   10.556880] EXT4-fs (mmcblk0p2): re-mounted. Opts: (null)
[   10.636425] systemd-journald[153]: Received request to flush runtime journal from PID 1
[   17.030844] macb ff0e0000.ethernet eth0: PHY [ff0e0000.ethernet-ffffffff:0c] driver [TI DP83867] (irq=POLL)
[   17.030861] macb ff0e0000.ethernet eth0: configuring for phy/rgmii-id link mode
[   17.352083] Adding 89084k swap on /var/swap.  Priority:-2 extents:1 across:89084k SS
[   20.032192] broken atomic modeset userspace detected, disabling atomic
[   20.097407] macb ff0e0000.ethernet eth0: Link is Up - 1Gbps/Full - flow control off
[   20.097445] IPv6: ADDRCONF(NETDEV_CHANGE): eth0: link becomes ready
[   22.971058] broken atomic modeset userspace detected, disabling atomic
[   26.094460] broken atomic modeset userspace detected, disabling atomic