[    0.000000] Booting Linux on physical CPU 0x0000000000 [0x410fd034]
[    0.000000] Linux version 5.10.0-98103-g2aa7ac113716 (jenkins@romlxbuild1.adlk.analog.com) (aarch64-xilinx-linux-gcc.real (GCC) 10.2.0, GNU ld (GNU Binutils) 2.35.0.20200730) #5577 SMP Wed Mar 23 07:28:49 GMT 2022
[    0.000000] Machine model: ZynqMP ZCU102 Rev1.0
[    0.000000] earlycon: cdns0 at MMIO 0x00000000ff000000 (options '115200n8')
[    0.000000] printk: bootconsole [cdns0] enabled
[    0.000000] efi: UEFI not found.
[    0.000000] cma: Reserved 256 MiB at 0x0000000070000000
[    0.000000] Zone ranges:
[    0.000000]   DMA      [mem 0x0000000000000000-0x000000003fffffff]
[    0.000000]   DMA32    [mem 0x0000000040000000-0x00000000ffffffff]
[    0.000000]   Normal   [mem 0x0000000100000000-0x000000087fffffff]
[    0.000000] Movable zone start for each node
[    0.000000] Early memory node ranges
[    0.000000]   node   0: [mem 0x0000000000000000-0x000000007fffffff]
[    0.000000]   node   0: [mem 0x0000000800000000-0x000000087fffffff]
[    0.000000] Initmem setup node 0 [mem 0x0000000000000000-0x000000087fffffff]
[    0.000000] On node 0 totalpages: 1048576
[    0.000000]   DMA zone: 3584 pages used for memmap
[    0.000000]   DMA zone: 0 pages reserved
[    0.000000]   DMA zone: 262144 pages, LIFO batch:63
[    0.000000]   DMA32 zone: 3584 pages used for memmap
[    0.000000]   DMA32 zone: 262144 pages, LIFO batch:63
[    0.000000]   Normal zone: 7168 pages used for memmap
[    0.000000]   Normal zone: 524288 pages, LIFO batch:63
[    0.000000] psci: probing for conduit method from DT.
[    0.000000] psci: PSCIv1.1 detected in firmware.
[    0.000000] psci: Using standard PSCI v0.2 function IDs
[    0.000000] psci: MIGRATE_INFO_TYPE not supported.
[    0.000000] psci: SMC Calling Convention v1.2
[    0.000000] percpu: Embedded 22 pages/cpu s49496 r8192 d32424 u90112
[    0.000000] pcpu-alloc: s49496 r8192 d32424 u90112 alloc=22*4096
[    0.000000] pcpu-alloc: [0] 0 [0] 1 [0] 2 [0] 3 
[    0.000000] Detected VIPT I-cache on CPU0
[    0.000000] CPU features: detected: ARM erratum 845719
[    0.000000] Built 1 zonelists, mobility grouping on.  Total pages: 1034240
[    0.000000] Kernel command line: console=ttyPS0,115200 root=/dev/mmcblk0p2 rw earlycon rootfstype=ext4 rootwait clk_ignore_unused cpuidle.off=1 root=/dev/mmcblk0p2 rw rootwait
[    0.000000] Dentry cache hash table entries: 524288 (order: 10, 4194304 bytes, linear)
[    0.000000] Inode-cache hash table entries: 262144 (order: 9, 2097152 bytes, linear)
[    0.000000] mem auto-init: stack:off, heap alloc:off, heap free:off
[    0.000000] software IO TLB: mapped [mem 0x000000003bfff000-0x000000003ffff000] (64MB)
[    0.000000] Memory: 3761904K/4194304K available (15296K kernel code, 1636K rwdata, 11876K rodata, 2560K init, 507K bss, 170256K reserved, 262144K cma-reserved)
[    0.000000] rcu: Hierarchical RCU implementation.
[    0.000000] rcu: 	RCU event tracing is enabled.
[    0.000000] rcu: 	RCU restricting CPUs from NR_CPUS=8 to nr_cpu_ids=4.
[    0.000000] rcu: RCU calculated value of scheduler-enlistment delay is 25 jiffies.
[    0.000000] rcu: Adjusting geometry for rcu_fanout_leaf=16, nr_cpu_ids=4
[    0.000000] NR_IRQS: 64, nr_irqs: 64, preallocated irqs: 0
[    0.000000] GIC: Adjusting CPU interface base to 0x00000000f902f000
[    0.000000] GIC: Using split EOI/Deactivate mode
[    0.000000] random: get_random_bytes called from start_kernel+0x31c/0x54c with crng_init=0
[    0.000000] arch_timer: cp15 timer(s) running at 100.00MHz (phys).
[    0.000000] clocksource: arch_sys_counter: mask: 0xffffffffffffff max_cycles: 0x171024e7e0, max_idle_ns: 440795205315 ns
[    0.000004] sched_clock: 56 bits at 100MHz, resolution 10ns, wraps every 4398046511100ns
[    0.008464] Console: colour dummy device 80x25
[    0.012482] Calibrating delay loop (skipped), value calculated using timer frequency.. 200.00 BogoMIPS (lpj=400000)
[    0.022841] pid_max: default: 32768 minimum: 301
[    0.027551] Mount-cache hash table entries: 8192 (order: 4, 65536 bytes, linear)
[    0.034789] Mountpoint-cache hash table entries: 8192 (order: 4, 65536 bytes, linear)
[    0.043394] rcu: Hierarchical SRCU implementation.
[    0.047559] EFI services will not be available.
[    0.051940] smp: Bringing up secondary CPUs ...
[    0.056655] Detected VIPT I-cache on CPU1
[    0.056694] CPU1: Booted secondary processor 0x0000000001 [0x410fd034]
[    0.057057] Detected VIPT I-cache on CPU2
[    0.057081] CPU2: Booted secondary processor 0x0000000002 [0x410fd034]
[    0.057421] Detected VIPT I-cache on CPU3
[    0.057445] CPU3: Booted secondary processor 0x0000000003 [0x410fd034]
[    0.057491] smp: Brought up 1 node, 4 CPUs
[    0.091779] SMP: Total of 4 processors activated.
[    0.096452] CPU features: detected: 32-bit EL0 Support
[    0.101556] CPU features: detected: CRC32 instructions
[    0.106695] CPU: All CPU(s) started at EL2
[    0.110736] alternatives: patching kernel code
[    0.116169] devtmpfs: initialized
[    0.124064] Registered cp15_barrier emulation handler
[    0.124114] Registered setend emulation handler
[    0.128091] clocksource: jiffies: mask: 0xffffffff max_cycles: 0xffffffff, max_idle_ns: 7645041785100000 ns
[    0.137671] futex hash table entries: 1024 (order: 4, 65536 bytes, linear)
[    0.151031] pinctrl core: initialized pinctrl subsystem
[    0.151678] NET: Registered protocol family 16
[    0.156101] DMA: preallocated 512 KiB GFP_KERNEL pool for atomic allocations
[    0.162116] DMA: preallocated 512 KiB GFP_KERNEL|GFP_DMA pool for atomic allocations
[    0.169841] DMA: preallocated 512 KiB GFP_KERNEL|GFP_DMA32 pool for atomic allocations
[    0.177645] audit: initializing netlink subsys (disabled)
[    0.183097] audit: type=2000 audit(0.116:1): state=initialized audit_enabled=0 res=1
[    0.183440] hw-breakpoint: found 6 breakpoint and 4 watchpoint registers.
[    0.197472] ASID allocator initialised with 65536 entries
[    0.224359] HugeTLB registered 1.00 GiB page size, pre-allocated 0 pages
[    0.225412] HugeTLB registered 32.0 MiB page size, pre-allocated 0 pages
[    0.232082] HugeTLB registered 2.00 MiB page size, pre-allocated 0 pages
[    0.238747] HugeTLB registered 64.0 KiB page size, pre-allocated 0 pages
[    1.304335] DRBG: Continuing without Jitter RNG
[    1.382143] raid6: neonx8   gen()  2142 MB/s
[    1.450191] raid6: neonx8   xor()  1599 MB/s
[    1.518249] raid6: neonx4   gen()  2191 MB/s
[    1.586298] raid6: neonx4   xor()  1565 MB/s
[    1.654361] raid6: neonx2   gen()  2075 MB/s
[    1.722408] raid6: neonx2   xor()  1440 MB/s
[    1.790473] raid6: neonx1   gen()  1772 MB/s
[    1.858529] raid6: neonx1   xor()  1220 MB/s
[    1.926581] raid6: int64x8  gen()  1438 MB/s
[    1.994636] raid6: int64x8  xor()   771 MB/s
[    2.062711] raid6: int64x4  gen()  1599 MB/s
[    2.130760] raid6: int64x4  xor()   820 MB/s
[    2.198837] raid6: int64x2  gen()  1397 MB/s
[    2.266873] raid6: int64x2  xor()   750 MB/s
[    2.334960] raid6: int64x1  gen()  1034 MB/s
[    2.403011] raid6: int64x1  xor()   517 MB/s
[    2.403049] raid6: using algorithm neonx4 gen() 2191 MB/s
[    2.407004] raid6: .... xor() 1565 MB/s, rmw enabled
[    2.411935] raid6: using neon recovery algorithm
[    2.416947] iommu: Default domain type: Translated 
[    2.421560] SCSI subsystem initialized
[    2.425105] libata version 3.00 loaded.
[    2.425229] usbcore: registered new interface driver usbfs
[    2.430561] usbcore: registered new interface driver hub
[    2.435834] usbcore: registered new device driver usb
[    2.440967] mc: Linux media interface: v0.10
[    2.445083] videodev: Linux video capture interface: v2.00
[    2.450574] EDAC MC: Ver: 3.0.0
[    2.454017] zynqmp-ipi-mbox mailbox@ff990400: Registered ZynqMP IPI mbox with TX/RX channels.
[    2.462516] jesd204: created con: id=0, topo=0, link=0, /axi/spi@ff050000/hmc7044@0 <-> /fpga-axi@0/axi-adxcvr-tx@84b60000
[    2.473103] jesd204: created con: id=1, topo=0, link=2, /axi/spi@ff050000/hmc7044@0 <-> /fpga-axi@0/axi-adxcvr-rx@84a60000
[    2.484088] jesd204: created con: id=2, topo=0, link=0, /fpga-axi@0/axi-adxcvr-tx@84b60000 <-> /fpga-axi@0/axi-jesd204-tx@84b90000
[    2.495763] jesd204: created con: id=3, topo=0, link=2, /fpga-axi@0/axi-adxcvr-rx@84a60000 <-> /fpga-axi@0/axi-jesd204-rx@84a90000
[    2.507440] jesd204: created con: id=4, topo=0, link=0, /fpga-axi@0/axi-jesd204-tx@84b90000 <-> /fpga-axi@0/axi-ad9081-tx-hpc@84b10000
[    2.519468] jesd204: created con: id=5, topo=0, link=2, /fpga-axi@0/axi-jesd204-rx@84a90000 <-> /fpga-axi@0/axi-ad9081-rx-hpc@84a10000
[    2.531491] jesd204: created con: id=6, topo=0, link=2, /fpga-axi@0/axi-ad9081-rx-hpc@84a10000 <-> /axi/spi@ff040000/ad9081@0
[    2.542732] jesd204: created con: id=7, topo=0, link=0, /fpga-axi@0/axi-ad9081-tx-hpc@84b10000 <-> /axi/spi@ff040000/ad9081@0
[    2.553981] jesd204: /axi/spi@ff040000/ad9081@0: JESD204[2] transition uninitialized -> initialized
[    2.562968] jesd204: /axi/spi@ff040000/ad9081@0: JESD204[0] transition uninitialized -> initialized
[    2.571960] jesd204: found 8 devices and 1 topologies
[    2.577004] FPGA manager framework
[    2.580482] Advanced Linux Sound Architecture Driver Initialized.
[    2.586774] Bluetooth: Core ver 2.22
[    2.589963] NET: Registered protocol family 31
[    2.594364] Bluetooth: HCI device and connection manager initialized
[    2.600681] Bluetooth: HCI socket layer initialized
[    2.605523] Bluetooth: L2CAP socket layer initialized
[    2.610547] Bluetooth: SCO socket layer initialized
[    2.615728] clocksource: Switched to clocksource arch_sys_counter
[    2.621539] VFS: Disk quotas dquot_6.6.0
[    2.625374] VFS: Dquot-cache hash table entries: 512 (order 0, 4096 bytes)
[    2.636090] NET: Registered protocol family 2
[    2.636819] tcp_listen_portaddr_hash hash table entries: 2048 (order: 3, 32768 bytes, linear)
[    2.645014] TCP established hash table entries: 32768 (order: 6, 262144 bytes, linear)
[    2.653039] TCP bind hash table entries: 32768 (order: 7, 524288 bytes, linear)
[    2.660484] TCP: Hash tables configured (established 32768 bind 32768)
[    2.666659] UDP hash table entries: 2048 (order: 4, 65536 bytes, linear)
[    2.673324] UDP-Lite hash table entries: 2048 (order: 4, 65536 bytes, linear)
[    2.680484] NET: Registered protocol family 1
[    2.684942] RPC: Registered named UNIX socket transport module.
[    2.690562] RPC: Registered udp transport module.
[    2.695226] RPC: Registered tcp transport module.
[    2.699896] RPC: Registered tcp NFSv4.1 backchannel transport module.
[    2.706888] PCI: CLS 0 bytes, default 64
[    2.710592] hw perfevents: no interrupt-affinity property for /pmu, guessing.
[    2.717447] hw perfevents: enabled with armv8_pmuv3 PMU driver, 7 counters available
[    2.725801] Initialise system trusted keyrings
[    2.729475] workingset: timestamp_bits=62 max_order=20 bucket_order=0
[    2.736378] NFS: Registering the id_resolver key type
[    2.740824] Key type id_resolver registered
[    2.744963] Key type id_legacy registered
[    2.748953] nfs4filelayout_init: NFSv4 File Layout Driver Registering...
[    2.755619] jffs2: version 2.2. (NAND) (SUMMARY)  Â© 2001-2006 Red Hat, Inc.
[    2.798459] NET: Registered protocol family 38
[    2.798503] xor: measuring software checksum speed
[    2.806193]    8regs           :  2363 MB/sec
[    2.809862]    32regs          :  2799 MB/sec
[    2.814805]    arm64_neon      :  2380 MB/sec
[    2.814995] xor: using function: 32regs (2799 MB/sec)
[    2.820021] Key type asymmetric registered
[    2.824082] Asymmetric key parser 'x509' registered
[    2.828943] Block layer SCSI generic (bsg) driver version 0.4 loaded (major 248)
[    2.836280] io scheduler mq-deadline registered
[    2.840776] io scheduler kyber registered
[    2.870183] Serial: 8250/16550 driver, 4 ports, IRQ sharing disabled
[    2.874816] cacheinfo: Unable to detect cache hierarchy for CPU 0
[    2.881156] brd: module loaded
[    2.885298] loop: module loaded
[    2.885847] Registered mathworks_ip class
[    2.889186] libphy: Fixed MDIO Bus: probed
[    2.892171] tun: Universal TUN/TAP device driver, 1.6
[    2.896232] CAN device driver interface
[    2.900769] usbcore: registered new interface driver asix
[    2.905362] usbcore: registered new interface driver ax88179_178a
[    2.911397] usbcore: registered new interface driver cdc_ether
[    2.917191] usbcore: registered new interface driver net1080
[    2.922817] usbcore: registered new interface driver cdc_subset
[    2.928698] usbcore: registered new interface driver zaurus
[    2.934241] usbcore: registered new interface driver cdc_ncm
[    2.940642] ehci_hcd: USB 2.0 'Enhanced' Host Controller (EHCI) Driver
[    2.946327] ehci-pci: EHCI PCI platform driver
[    2.951125] usbcore: registered new interface driver uas
[    2.956042] usbcore: registered new interface driver usb-storage
[    2.962030] usbcore: registered new interface driver usbserial_generic
[    2.968481] usbserial: USB Serial support registered for generic
[    2.974454] usbcore: registered new interface driver ftdi_sio
[    2.980157] usbserial: USB Serial support registered for FTDI USB Serial Device
[    2.987434] usbcore: registered new interface driver upd78f0730
[    2.993305] usbserial: USB Serial support registered for upd78f0730
[    3.000969] rtc_zynqmp ffa60000.rtc: registered as rtc0
[    3.004730] rtc_zynqmp ffa60000.rtc: setting system clock to 2022-03-26T02:59:58 UTC (1648263598)
[    3.013593] i2c /dev entries driver
[    3.018897] usbcore: registered new interface driver uvcvideo
[    3.022706] USB Video Class driver (1.1.1)
[    3.028288] Bluetooth: HCI UART driver ver 2.3
[    3.031177] Bluetooth: HCI UART protocol H4 registered
[    3.036286] Bluetooth: HCI UART protocol BCSP registered
[    3.041575] Bluetooth: HCI UART protocol LL registered
[    3.046664] Bluetooth: HCI UART protocol ATH3K registered
[    3.052038] Bluetooth: HCI UART protocol Three-wire (H5) registered
[    3.058294] Bluetooth: HCI UART protocol Intel registered
[    3.063630] Bluetooth: HCI UART protocol QCA registered
[    3.068832] usbcore: registered new interface driver bcm203x
[    3.074453] usbcore: registered new interface driver bpa10x
[    3.079989] usbcore: registered new interface driver bfusb
[    3.085439] usbcore: registered new interface driver btusb
[    3.090903] usbcore: registered new interface driver ath3k
[    3.096386] EDAC MC: ECC not enabled
[    3.100011] EDAC DEVICE0: Giving out device to module zynqmp-ocm-edac controller zynqmp_ocm: DEV ff960000.memory-controller (INTERRUPT)
[    3.112325] sdhci: Secure Digital Host Controller Interface driver
[    3.118113] sdhci: Copyright(c) Pierre Ossman
[    3.122438] sdhci-pltfm: SDHCI platform and OF driver helper
[    3.128492] ledtrig-cpu: registered to indicate activity on CPUs
[    3.134042] SMCCC: SOC_ID: ARCH_SOC_ID not implemented, skipping ....
[    3.140472] zynqmp_firmware_probe Platform Management API v1.1
[    3.146229] zynqmp_firmware_probe Trustzone version v1.0
[    3.185786] zynqmp-pinctrl firmware:zynqmp-firmware:pinctrl: zynqmp pinctrl initialized
[    3.233777] zynqmp-aes firmware:zynqmp-firmware:zynqmp-aes: will run requests pump with realtime priority
[    3.249655] alg: No test for xilinx-keccak-384 (zynqmp-keccak-384)
[    3.250361] alg: No test for xilinx-zynqmp-rsa (zynqmp-rsa)
[    3.255874] usbcore: registered new interface driver usbhid
[    3.261265] usbhid: USB HID core driver
[    3.272498] axi_sysid 85000000.axi-sysid-0: AXI System ID core version (1.01.a) found
[    3.274845] axi_sysid 85000000.axi-sysid-0: [ad9081_fmca_ebz] on [zcu102] git branch <master> git <084d44c9780640ca93fd847b1d9ec70dd65f5c67> clean [2022-03-18 04:17:50] UTC
[    3.290534] fpga_manager fpga0: Xilinx ZynqMP FPGA Manager registered
[    3.296897] usbcore: registered new interface driver snd-usb-audio
[    3.304334] pktgen: Packet Generator for packet performance testing. Version: 2.75
[    3.310516] Initializing XFRM netlink socket
[    3.314375] NET: Registered protocol family 10
[    3.319104] Segment Routing with IPv6
[    3.322475] sit: IPv6, IPv4 and MPLS over IPv4 tunneling driver
[    3.328546] NET: Registered protocol family 17
[    3.332648] NET: Registered protocol family 15
[    3.337144] can: controller area network core
[    3.341400] NET: Registered protocol family 29
[    3.345786] can: raw protocol
[    3.348725] can: broadcast manager protocol
[    3.352877] can: netlink gateway - max_hops=1
[    3.357272] Bluetooth: RFCOMM TTY layer initialized
[    3.362052] Bluetooth: RFCOMM socket layer initialized
[    3.367163] Bluetooth: RFCOMM ver 1.11
[    3.370873] Bluetooth: BNEP (Ethernet Emulation) ver 1.3
[    3.376143] Bluetooth: BNEP filters: protocol multicast
[    3.381334] Bluetooth: BNEP socket layer initialized
[    3.386264] Bluetooth: HIDP (Human Interface Emulation) ver 1.2
[    3.392148] Bluetooth: HIDP socket layer initialized
[    3.397200] 9pnet: Installing 9P2000 support
[    3.401325] NET: Registered protocol family 36
[    3.405741] Key type dns_resolver registered
[    3.410175] registered taskstats version 1
[    3.414036] Loading compiled-in X.509 certificates
[    3.419152] Btrfs loaded, crc32c=crc32c-generic
[    3.431533] ff000000.serial: ttyPS0 at MMIO 0xff000000 (irq = 49, base_baud = 6249999) is a xuartps
[    3.440554] printk: console [ttyPS0] enabled
[    3.444849] printk: bootconsole [cdns0] disabled
[    3.454479] ff010000.serial: ttyPS1 at MMIO 0xff010000 (irq = 50, base_baud = 6249999) is a xuartps
[    3.467726] of-fpga-region fpga-full: FPGA Region probed
[    3.474679] nwl-pcie fd0e0000.pcie: host bridge /axi/pcie@fd0e0000 ranges:
[    3.481579] nwl-pcie fd0e0000.pcie:      MEM 0x00e0000000..0x00efffffff -> 0x00e0000000
[    3.489587] nwl-pcie fd0e0000.pcie:      MEM 0x0600000000..0x07ffffffff -> 0x0600000000
[    3.497651] nwl-pcie fd0e0000.pcie: Link is DOWN
[    3.502409] nwl-pcie fd0e0000.pcie: PCI host bridge to bus 0000:00
[    3.508586] pci_bus 0000:00: root bus resource [bus 00-ff]
[    3.514067] pci_bus 0000:00: root bus resource [mem 0xe0000000-0xefffffff]
[    3.520938] pci_bus 0000:00: root bus resource [mem 0x600000000-0x7ffffffff pref]
[    3.528442] pci 0000:00:00.0: [10ee:d021] type 01 class 0x060400
[    3.534496] pci 0000:00:00.0: PME# supported from D0 D1 D2 D3hot
[    3.544947] pci 0000:00:00.0: PCI bridge to [bus 01-0c]
[    3.550926] xilinx-zynqmp-dma fd500000.dma: ZynqMP DMA driver Probe success
[    3.558103] xilinx-zynqmp-dma fd510000.dma: ZynqMP DMA driver Probe success
[    3.565282] xilinx-zynqmp-dma fd520000.dma: ZynqMP DMA driver Probe success
[    3.572457] xilinx-zynqmp-dma fd530000.dma: ZynqMP DMA driver Probe success
[    3.579622] xilinx-zynqmp-dma fd540000.dma: ZynqMP DMA driver Probe success
[    3.586792] xilinx-zynqmp-dma fd550000.dma: ZynqMP DMA driver Probe success
[    3.593963] xilinx-zynqmp-dma fd560000.dma: ZynqMP DMA driver Probe success
[    3.601133] xilinx-zynqmp-dma fd570000.dma: ZynqMP DMA driver Probe success
[    3.608529] xilinx-zynqmp-dpdma fd4c0000.dma-controller: Xilinx DPDMA engine is probed
[    3.617083] ahci-ceva fd0c0000.ahci: supply ahci not found, using dummy regulator
[    3.624627] ahci-ceva fd0c0000.ahci: supply phy not found, using dummy regulator
[    3.711913] hmc7044 spi2.0: PLL1: Acquisition, CLKIN0 @ 122880000 Hz, PFD: 80 kHz - PLL2: Locked @ 2952.000000 MHz
[    3.722630] jesd204: /axi/spi@ff050000/hmc7044@0,jesd204:1,parent=spi2.0: Using as SYSREF provider
[    3.732209] spi-nor spi0.0: SPI-NOR-UniqueID 100000235394732200270025081115266e
[    3.739518] spi-nor spi0.0: found n25q512a, expected m25p80
[    3.745722] spi-nor spi0.0: trying to lock already unlocked area
[    3.751730] spi-nor spi0.0: n25q512a (131072 Kbytes)
[    3.756712] 4 fixed-partitions partitions found on MTD device spi0.0
[    3.763060] Creating 4 MTD partitions on "spi0.0":
[    3.767845] 0x000000000000-0x000000100000 : "qspi-fsbl-uboot"
[    3.774338] 0x000000100000-0x000000600000 : "qspi-linux"
[    3.780291] 0x000000600000-0x000000620000 : "qspi-device-tree"
[    3.786764] 0x000000620000-0x000000c00000 : "qspi-rootfs"
[    3.795225] macb ff0e0000.ethernet: Not enabling partial store and forward
[    3.802750] libphy: MACB_mii_bus: probed
[    3.807809] macb ff0e0000.ethernet eth0: Cadence GEM rev 0x50070106 at 0xff0e0000 irq 30 (00:0a:35:04:8e:1b)
[    3.818023] xilinx-axipmon ffa00000.perf-monitor: Probed Xilinx APM
[    3.824598] xilinx-axipmon fd0b0000.perf-monitor: Probed Xilinx APM
[    3.831115] xilinx-axipmon fd490000.perf-monitor: Probed Xilinx APM
[    3.837657] xilinx-axipmon ffa10000.perf-monitor: Probed Xilinx APM
[    3.847641] pca953x 0-0020: supply vcc not found, using dummy regulator
[    3.854327] pca953x 0-0020: using no AI
[    3.858815] gpio-496 (sel0): hogged as output/low
[    3.863716] gpio-497 (sel1): hogged as output/high
[    3.868708] gpio-498 (sel2): hogged as output/high
[    3.873700] gpio-499 (sel3): hogged as output/high
[    3.878882] pca953x 0-0021: supply vcc not found, using dummy regulator
[    3.885554] pca953x 0-0021: using no AI
[    3.891324] ina2xx 2-0040: power monitor ina226 (Rshunt = 5000 uOhm)
[    3.898349] ina2xx 2-0041: power monitor ina226 (Rshunt = 5000 uOhm)
[    3.905383] ina2xx 2-0042: power monitor ina226 (Rshunt = 5000 uOhm)
[    3.912416] ina2xx 2-0043: power monitor ina226 (Rshunt = 5000 uOhm)
[    3.919441] ina2xx 2-0044: power monitor ina226 (Rshunt = 5000 uOhm)
[    3.926458] ina2xx 2-0045: power monitor ina226 (Rshunt = 5000 uOhm)
[    3.933488] ina2xx 2-0046: power monitor ina226 (Rshunt = 5000 uOhm)
[    3.940568] ina2xx 2-0047: power monitor ina226 (Rshunt = 5000 uOhm)
[    3.947592] ina2xx 2-004a: power monitor ina226 (Rshunt = 5000 uOhm)
[    3.954634] ina2xx 2-004b: power monitor ina226 (Rshunt = 5000 uOhm)
[    3.961046] i2c i2c-0: Added multiplexed i2c bus 2
[    3.966436] random: fast init done
[    3.969910] ina2xx 3-0040: power monitor ina226 (Rshunt = 2000 uOhm)
[    3.976936] ina2xx 3-0041: power monitor ina226 (Rshunt = 5000 uOhm)
[    3.983962] ina2xx 3-0042: power monitor ina226 (Rshunt = 5000 uOhm)
[    3.990995] ina2xx 3-0043: power monitor ina226 (Rshunt = 5000 uOhm)
[    3.998020] ina2xx 3-0044: power monitor ina226 (Rshunt = 5000 uOhm)
[    4.005046] ina2xx 3-0045: power monitor ina226 (Rshunt = 5000 uOhm)
[    4.012081] ina2xx 3-0046: power monitor ina226 (Rshunt = 5000 uOhm)
[    4.019111] ina2xx 3-0047: power monitor ina226 (Rshunt = 5000 uOhm)
[    4.025510] i2c i2c-0: Added multiplexed i2c bus 3
[    4.081384] i2c i2c-0: Added multiplexed i2c bus 4
[    4.086321] i2c i2c-0: Added multiplexed i2c bus 5
[    4.091109] pca954x 0-0075: registered 4 multiplexed busses for I2C mux pca9544
[    4.098459] cdns-i2c ff020000.i2c: 400 kHz mmio ff020000 irq 32
[    4.106180] at24 6-0054: supply vcc not found, using dummy regulator
[    4.113077] at24 6-0054: 1024 byte 24c08 EEPROM, writable, 1 bytes/write
[    4.119830] i2c i2c-1: Added multiplexed i2c bus 6
[    4.126262] si5341 7-0036: Chip: 5341 Grade: 1 Rev: 1
[    4.163976] i2c i2c-1: Added multiplexed i2c bus 7
[    4.171630] si570 8-005d: registered, current frequency 300000000 Hz
[    4.178028] i2c i2c-1: Added multiplexed i2c bus 8
[    4.197803] si570 9-005d: registered, current frequency 148500000 Hz
[    4.204208] i2c i2c-1: Added multiplexed i2c bus 9
[    4.209245] si5324 10-0069: si5328 probed
[    4.276098] si5324 10-0069: si5328 probe successful
[    4.281028] i2c i2c-1: Added multiplexed i2c bus 10
[    4.286055] i2c i2c-1: Added multiplexed i2c bus 11
[    4.291085] i2c i2c-1: Added multiplexed i2c bus 12
[    4.296103] i2c i2c-1: Added multiplexed i2c bus 13
[    4.300983] pca954x 1-0074: registered 8 multiplexed busses for I2C switch pca9548
[    4.309093] at24 14-0050: supply vcc not found, using dummy regulator
[    4.315878] at24 14-0050: 256 byte 24c02 EEPROM, writable, 1 bytes/write
[    4.322628] i2c i2c-1: Added multiplexed i2c bus 14
[    4.327666] i2c i2c-1: Added multiplexed i2c bus 15
[    4.332700] i2c i2c-1: Added multiplexed i2c bus 16
[    4.337737] i2c i2c-1: Added multiplexed i2c bus 17
[    4.342771] i2c i2c-1: Added multiplexed i2c bus 18
[    4.347820] i2c i2c-1: Added multiplexed i2c bus 19
[    4.352855] i2c i2c-1: Added multiplexed i2c bus 20
[    4.357891] i2c i2c-1: Added multiplexed i2c bus 21
[    4.362767] pca954x 1-0075: registered 8 multiplexed busses for I2C switch pca9548
[    4.370376] cdns-i2c ff030000.i2c: 400 kHz mmio ff030000 irq 33
[    4.380124] cdns-wdt fd4d0000.watchdog: Xilinx Watchdog Timer with timeout 60s
[    4.391071] axi_adxcvr 84a60000.axi-adxcvr-rx: AXI-ADXCVR-RX (17.05.a) using CPLL on GTH4 at 0x84A60000. Number of lanes: 4.
[    4.403246] axi_adxcvr 84b60000.axi-adxcvr-tx: AXI-ADXCVR-TX (17.05.a) using QPLL on GTH4 at 0x84B60000. Number of lanes: 4.
[    4.414863] axi-jesd204-rx 84a90000.axi-jesd204-rx: AXI-JESD204-RX (1.07.a) at 0x84A90000. Encoder 8b10b, width 4/4, lanes 4, jesd204-fsm.
[    4.422157] mmc0: SDHCI controller on ff170000.mmc [ff170000.mmc] using ADMA 64-bit
[    4.427713] axi-jesd204-tx 84b90000.axi-jesd204-tx: AXI-JESD204-TX (1.06.a) at 0x84B90000. Encoder 8b10b, width 4/4, lanes 4, jesd204-fsm.
[    4.448439] zynqmp-display fd4a0000.display: vtc bridge property not present
[    4.458094] xilinx-dp-snd-codec fd4a0000.display:zynqmp_dp_snd_codec0: Failed to get required clock freq
[    4.467595] xilinx-dp-snd-codec: probe of fd4a0000.display:zynqmp_dp_snd_codec0 failed with error -22
[    4.469508] mmc0: new high speed SDHC card at address 0001
[    4.477135] xilinx-dp-snd-pcm zynqmp_dp_snd_pcm0: Xilinx DisplayPort Sound PCM probed
[    4.482649] mmcblk0: mmc0:0001 EB1QT 29.8 GiB 
[    4.490454] xilinx-dp-snd-pcm zynqmp_dp_snd_pcm1: Xilinx DisplayPort Sound PCM probed
[    4.495795]  mmcblk0: p1 p2 p3
[    4.502751] OF: graph: no port node found in /axi/display@fd4a0000
[    4.511832] xlnx-drm xlnx-drm.0: bound fd4a0000.display (ops 0xffffffc010fcbdb8)
[    5.595749] zynqmp-display fd4a0000.display: [drm] Cannot find any crtc or sizes
[    5.603358] [drm] Initialized xlnx 1.0.0 20130509 for fd4a0000.display on minor 0
[    5.610849] zynqmp-display fd4a0000.display: ZynqMP DisplayPort Subsystem driver probed
[    5.619171] ahci-ceva fd0c0000.ahci: supply ahci not found, using dummy regulator
[    5.626720] ahci-ceva fd0c0000.ahci: supply phy not found, using dummy regulator
[    5.634171] ahci-ceva fd0c0000.ahci: supply target not found, using dummy regulator
[    5.642009] ahci-ceva fd0c0000.ahci: AHCI 0001.0301 32 slots 2 ports 6 Gbps 0x3 impl platform mode
[    5.650965] ahci-ceva fd0c0000.ahci: flags: 64bit ncq sntf pm clo only pmp fbs pio slum part ccc sds apst 
[    5.661663] scsi host0: ahci-ceva
[    5.665264] scsi host1: ahci-ceva
[    5.668691] ata1: SATA max UDMA/133 mmio [mem 0xfd0c0000-0xfd0c1fff] port 0x100 irq 45
[    5.676604] ata2: SATA max UDMA/133 mmio [mem 0xfd0c0000-0xfd0c1fff] port 0x180 irq 45
[    5.685200] ad9081 spi1.0: supply vdd not found, using dummy regulator
[    5.997980] ata1: SATA link down (SStatus 0 SControl 330)
[    6.003395] ata2: SATA link down (SStatus 0 SControl 330)
[    6.679751] zynqmp-display fd4a0000.display: [drm] Cannot find any crtc or sizes
[    7.544683] ad9081 spi1.0: AD9081 Rev. 2 Grade 10 (API 1.2.2) probed
[    7.551893] xhci-hcd xhci-hcd.1.auto: xHCI Host Controller
[    7.557387] xhci-hcd xhci-hcd.1.auto: new USB bus registered, assigned bus number 1
[    7.565135] xhci-hcd xhci-hcd.1.auto: hcc params 0x0238f625 hci version 0x100 quirks 0x0000000002010810
[    7.574548] xhci-hcd xhci-hcd.1.auto: irq 59, io mem 0xfe200000
[    7.580659] usb usb1: New USB device found, idVendor=1d6b, idProduct=0002, bcdDevice= 5.10
[    7.588923] usb usb1: New USB device strings: Mfr=3, Product=2, SerialNumber=1
[    7.596140] usb usb1: Product: xHCI Host Controller
[    7.601008] usb usb1: Manufacturer: Linux 5.10.0-98103-g2aa7ac113716 xhci-hcd
[    7.608134] usb usb1: SerialNumber: xhci-hcd.1.auto
[    7.613303] hub 1-0:1.0: USB hub found
[    7.617063] hub 1-0:1.0: 1 port detected
[    7.621169] xhci-hcd xhci-hcd.1.auto: xHCI Host Controller
[    7.626656] xhci-hcd xhci-hcd.1.auto: new USB bus registered, assigned bus number 2
[    7.634312] xhci-hcd xhci-hcd.1.auto: Host supports USB 3.0 SuperSpeed
[    7.640939] usb usb2: New USB device found, idVendor=1d6b, idProduct=0003, bcdDevice= 5.10
[    7.649196] usb usb2: New USB device strings: Mfr=3, Product=2, SerialNumber=1
[    7.656420] usb usb2: Product: xHCI Host Controller
[    7.661293] usb usb2: Manufacturer: Linux 5.10.0-98103-g2aa7ac113716 xhci-hcd
[    7.668418] usb usb2: SerialNumber: xhci-hcd.1.auto
[    7.673526] hub 2-0:1.0: USB hub found
[    7.677289] hub 2-0:1.0: 1 port detected
[    7.707363] cf_axi_adc 84a10000.axi-ad9081-rx-hpc: ADI AIM (10.01.b) at 0x84A10000 mapped to 0x(____ptrval____), probed ADC AD9081 as MASTER
[    7.740576] cf_axi_dds 84b10000.axi-ad9081-tx-hpc: Analog Devices CF_AXI_DDS_DDS MASTER (9.01.b) at 0x84B10000 mapped to 0x(____ptrval____), probed DDS AD9081
[    7.754776] jesd204: /axi/spi@ff040000/ad9081@0,jesd204:0,parent=spi1.0: JESD204[2] transition initialized -> probed
[    7.765296] jesd204: /axi/spi@ff040000/ad9081@0,jesd204:0,parent=spi1.0: JESD204[0] transition initialized -> probed
[    7.775819] jesd204: /axi/spi@ff040000/ad9081@0,jesd204:0,parent=spi1.0: JESD204[2] transition probed -> idle
[    7.785735] jesd204: /axi/spi@ff040000/ad9081@0,jesd204:0,parent=spi1.0: JESD204[0] transition probed -> idle
[    7.795651] jesd204: /axi/spi@ff040000/ad9081@0,jesd204:0,parent=spi1.0: JESD204[2] transition idle -> device_init
[    7.805993] jesd204: /axi/spi@ff040000/ad9081@0,jesd204:0,parent=spi1.0: JESD204[0] transition idle -> device_init
[    7.816346] jesd204: /axi/spi@ff040000/ad9081@0,jesd204:0,parent=spi1.0: JESD204[2] transition device_init -> link_init
[    7.827120] jesd204: /axi/spi@ff040000/ad9081@0,jesd204:0,parent=spi1.0: JESD204[0] transition device_init -> link_init
[    7.837911] jesd204: /axi/spi@ff040000/ad9081@0,jesd204:0,parent=spi1.0: JESD204[2] transition link_init -> link_supported
[    7.848950] jesd204: /axi/spi@ff040000/ad9081@0,jesd204:0,parent=spi1.0: JESD204[0] transition link_init -> link_supported
[    7.860360] hmc7044 spi2.0: hmc7044_jesd204_link_pre_setup: Link2 forcing continuous SYSREF mode
[    7.869300] axi-jesd204-rx 84a90000.axi-jesd204-rx: axi_jesd204_rx_jesd204_link_pre_setup: Link2 set lane rate 14760000 kHz failed (-22)
[    7.881555] jesd204: /fpga-axi@0/axi-jesd204-rx@84a90000,jesd204:4,parent=84a90000.axi-jesd204-rx: JESD204[2] In link_pre_setup got error from cb: -22
[    7.895025] jesd204: /axi/spi@ff040000/ad9081@0,jesd204:0,parent=spi1.0: Rolling back from 'link_supported', got error -22
[    7.906076] jesd204: /axi/spi@ff040000/ad9081@0,jesd204:0,parent=spi1.0: JESD204[0] transition link_supported -> link_pre_setup
[    7.917548] jesd204: /axi/spi@ff040000/ad9081@0,jesd204:0,parent=spi1.0: JESD204[2] transition link_supported -> link_pre_setup
[    7.929026] jesd204: /axi/spi@ff040000/ad9081@0,jesd204:0,parent=spi1.0: JESD204[0] transition link_pre_setup -> link_supported
[    7.940499] jesd204: /axi/spi@ff040000/ad9081@0,jesd204:0,parent=spi1.0: JESD204[2] transition link_pre_setup -> link_supported
[    7.951976] jesd204: /axi/spi@ff040000/ad9081@0,jesd204:0,parent=spi1.0: JESD204[0] transition link_supported -> link_init
[    7.963014] jesd204: /axi/spi@ff040000/ad9081@0,jesd204:0,parent=spi1.0: JESD204[2] transition link_supported -> link_init
[    7.974060] jesd204: /axi/spi@ff040000/ad9081@0,jesd204:0,parent=spi1.0: JESD204[0] transition link_init -> device_init
[    7.984841] jesd204: /axi/spi@ff040000/ad9081@0,jesd204:0,parent=spi1.0: JESD204[2] transition link_init -> device_init
[    7.995618] jesd204: /axi/spi@ff040000/ad9081@0,jesd204:0,parent=spi1.0: JESD204[0] transition device_init -> idle
[    8.005963] jesd204: /axi/spi@ff040000/ad9081@0,jesd204:0,parent=spi1.0: JESD204[2] transition device_init -> idle
[    8.016314] jesd204: /axi/spi@ff040000/ad9081@0,jesd204:0,parent=spi1.0: JESD204[2] transition idle -> idle
[    8.026049] jesd204: /axi/spi@ff040000/ad9081@0,jesd204:0,parent=spi1.0: JESD204[0] transition idle -> idle
[    8.035796] jesd204: /axi/spi@ff040000/ad9081@0,jesd204:0,parent=spi1.0: JESD204[2] transition idle -> device_init
[    8.046142] jesd204: /axi/spi@ff040000/ad9081@0,jesd204:0,parent=spi1.0: JESD204[0] transition idle -> device_init
[    8.056493] jesd204: /axi/spi@ff040000/ad9081@0,jesd204:0,parent=spi1.0: JESD204[2] transition device_init -> link_init
[    8.067270] jesd204: /axi/spi@ff040000/ad9081@0,jesd204:0,parent=spi1.0: JESD204[0] transition device_init -> link_init
[    8.078058] jesd204: /axi/spi@ff040000/ad9081@0,jesd204:0,parent=spi1.0: JESD204[2] transition link_init -> link_supported
[    8.089100] jesd204: /axi/spi@ff040000/ad9081@0,jesd204:0,parent=spi1.0: JESD204[0] transition link_init -> link_supported
[    8.100325] axi-jesd204-rx 84a90000.axi-jesd204-rx: axi_jesd204_rx_jesd204_link_pre_setup: Link2 set lane rate 14760000 kHz failed (-22)
[    8.112587] jesd204: /fpga-axi@0/axi-jesd204-rx@84a90000,jesd204:4,parent=84a90000.axi-jesd204-rx: JESD204[2] In link_pre_setup got error from cb: -22
[    8.126060] jesd204: /axi/spi@ff040000/ad9081@0,jesd204:0,parent=spi1.0: Rolling back from 'link_supported', got error -22
[    8.137104] jesd204: /axi/spi@ff040000/ad9081@0,jesd204:0,parent=spi1.0: JESD204[0] transition link_supported -> link_pre_setup
[    8.148575] jesd204: /axi/spi@ff040000/ad9081@0,jesd204:0,parent=spi1.0: JESD204[2] transition link_supported -> link_pre_setup
[    8.160053] jesd204: /axi/spi@ff040000/ad9081@0,jesd204:0,parent=spi1.0: JESD204[0] transition link_pre_setup -> link_supported
[    8.171525] jesd204: /axi/spi@ff040000/ad9081@0,jesd204:0,parent=spi1.0: JESD204[2] transition link_pre_setup -> link_supported
[    8.183002] jesd204: /axi/spi@ff040000/ad9081@0,jesd204:0,parent=spi1.0: JESD204[0] transition link_supported -> link_init
[    8.194040] jesd204: /axi/spi@ff040000/ad9081@0,jesd204:0,parent=spi1.0: JESD204[2] transition link_supported -> link_init
[    8.205088] jesd204: /axi/spi@ff040000/ad9081@0,jesd204:0,parent=spi1.0: JESD204[0] transition link_init -> device_init
[    8.215863] jesd204: /axi/spi@ff040000/ad9081@0,jesd204:0,parent=spi1.0: JESD204[2] transition link_init -> device_init
[    8.226646] jesd204: /axi/spi@ff040000/ad9081@0,jesd204:0,parent=spi1.0: JESD204[0] transition device_init -> idle
[    8.236994] jesd204: /axi/spi@ff040000/ad9081@0,jesd204:0,parent=spi1.0: JESD204[2] transition device_init -> idle
[    8.247340] jesd204: /axi/spi@ff040000/ad9081@0,jesd204:0,parent=spi1.0: JESD204[2] transition idle -> idle
[    8.257075] jesd204: /axi/spi@ff040000/ad9081@0,jesd204:0,parent=spi1.0: JESD204[0] transition idle -> idle
[    8.266816] jesd204: /axi/spi@ff040000/ad9081@0,jesd204:0,parent=spi1.0: JESD204[2] transition idle -> device_init
[    8.277160] jesd204: /axi/spi@ff040000/ad9081@0,jesd204:0,parent=spi1.0: JESD204[0] transition idle -> device_init
[    8.287510] jesd204: /axi/spi@ff040000/ad9081@0,jesd204:0,parent=spi1.0: JESD204[2] transition device_init -> link_init
[    8.298288] jesd204: /axi/spi@ff040000/ad9081@0,jesd204:0,parent=spi1.0: JESD204[0] transition device_init -> link_init
[    8.309077] jesd204: /axi/spi@ff040000/ad9081@0,jesd204:0,parent=spi1.0: JESD204[2] transition link_init -> link_supported
[    8.320118] jesd204: /axi/spi@ff040000/ad9081@0,jesd204:0,parent=spi1.0: JESD204[0] transition link_init -> link_supported
[    8.331301] axi-jesd204-rx 84a90000.axi-jesd204-rx: axi_jesd204_rx_jesd204_link_pre_setup: Link2 set lane rate 14760000 kHz failed (-22)
[    8.343559] jesd204: /fpga-axi@0/axi-jesd204-rx@84a90000,jesd204:4,parent=84a90000.axi-jesd204-rx: JESD204[2] In link_pre_setup got error from cb: -22
[    8.357026] jesd204: /axi/spi@ff040000/ad9081@0,jesd204:0,parent=spi1.0: Rolling back from 'link_supported', got error -22
[    8.368073] jesd204: /axi/spi@ff040000/ad9081@0,jesd204:0,parent=spi1.0: JESD204[0] transition link_supported -> link_pre_setup
[    8.379550] jesd204: /axi/spi@ff040000/ad9081@0,jesd204:0,parent=spi1.0: JESD204[2] transition link_supported -> link_pre_setup
[    8.391027] jesd204: /axi/spi@ff040000/ad9081@0,jesd204:0,parent=spi1.0: JESD204[0] transition link_pre_setup -> link_supported
[    8.402499] jesd204: /axi/spi@ff040000/ad9081@0,jesd204:0,parent=spi1.0: JESD204[2] transition link_pre_setup -> link_supported
[    8.413978] jesd204: /axi/spi@ff040000/ad9081@0,jesd204:0,parent=spi1.0: JESD204[0] transition link_supported -> link_init
[    8.425017] jesd204: /axi/spi@ff040000/ad9081@0,jesd204:0,parent=spi1.0: JESD204[2] transition link_supported -> link_init
[    8.436062] jesd204: /axi/spi@ff040000/ad9081@0,jesd204:0,parent=spi1.0: JESD204[0] transition link_init -> device_init
[    8.446837] jesd204: /axi/spi@ff040000/ad9081@0,jesd204:0,parent=spi1.0: JESD204[2] transition link_init -> device_init
[    8.457621] jesd204: /axi/spi@ff040000/ad9081@0,jesd204:0,parent=spi1.0: JESD204[0] transition device_init -> idle
[    8.467964] jesd204: /axi/spi@ff040000/ad9081@0,jesd204:0,parent=spi1.0: JESD204[2] transition device_init -> idle
[    8.478315] jesd204: /axi/spi@ff040000/ad9081@0,jesd204:0,parent=spi1.0: JESD204[2] transition idle -> idle
[    8.488050] jesd204: /axi/spi@ff040000/ad9081@0,jesd204:0,parent=spi1.0: JESD204[0] transition idle -> idle
[    8.497795] jesd204: /axi/spi@ff040000/ad9081@0,jesd204:0,parent=spi1.0: JESD204[2] transition idle -> device_init
[    8.508146] jesd204: /axi/spi@ff040000/ad9081@0,jesd204:0,parent=spi1.0: JESD204[0] transition idle -> device_init
[    8.518495] jesd204: /axi/spi@ff040000/ad9081@0,jesd204:0,parent=spi1.0: JESD204[2] transition device_init -> link_init
[    8.529271] jesd204: /axi/spi@ff040000/ad9081@0,jesd204:0,parent=spi1.0: JESD204[0] transition device_init -> link_init
[    8.540059] jesd204: /axi/spi@ff040000/ad9081@0,jesd204:0,parent=spi1.0: JESD204[2] transition link_init -> link_supported
[    8.551102] jesd204: /axi/spi@ff040000/ad9081@0,jesd204:0,parent=spi1.0: JESD204[0] transition link_init -> link_supported
[    8.562290] axi-jesd204-rx 84a90000.axi-jesd204-rx: axi_jesd204_rx_jesd204_link_pre_setup: Link2 set lane rate 14760000 kHz failed (-22)
[    8.574548] jesd204: /fpga-axi@0/axi-jesd204-rx@84a90000,jesd204:4,parent=84a90000.axi-jesd204-rx: JESD204[2] In link_pre_setup got error from cb: -22
[    8.588018] jesd204: /axi/spi@ff040000/ad9081@0,jesd204:0,parent=spi1.0: Rolling back from 'link_supported', got error -22
[    8.599062] jesd204: /axi/spi@ff040000/ad9081@0,jesd204:0,parent=spi1.0: JESD204[0] transition link_supported -> link_pre_setup
[    8.610533] jesd204: /axi/spi@ff040000/ad9081@0,jesd204:0,parent=spi1.0: JESD204[2] transition link_supported -> link_pre_setup
[    8.622015] jesd204: /axi/spi@ff040000/ad9081@0,jesd204:0,parent=spi1.0: JESD204[0] transition link_pre_setup -> link_supported
[    8.633493] jesd204: /axi/spi@ff040000/ad9081@0,jesd204:0,parent=spi1.0: JESD204[2] transition link_pre_setup -> link_supported
[    8.644969] jesd204: /axi/spi@ff040000/ad9081@0,jesd204:0,parent=spi1.0: JESD204[0] transition link_supported -> link_init
[    8.656008] jesd204: /axi/spi@ff040000/ad9081@0,jesd204:0,parent=spi1.0: JESD204[2] transition link_supported -> link_init
[    8.667055] jesd204: /axi/spi@ff040000/ad9081@0,jesd204:0,parent=spi1.0: JESD204[0] transition link_init -> device_init
[    8.677831] jesd204: /axi/spi@ff040000/ad9081@0,jesd204:0,parent=spi1.0: JESD204[2] transition link_init -> device_init
[    8.688613] jesd204: /axi/spi@ff040000/ad9081@0,jesd204:0,parent=spi1.0: JESD204[0] transition device_init -> idle
[    8.698956] jesd204: /axi/spi@ff040000/ad9081@0,jesd204:0,parent=spi1.0: JESD204[2] transition device_init -> idle
[    8.709302] jesd204: /axi/spi@ff040000/ad9081@0,jesd204:0,parent=spi1.0: FSM completed with error -22
[    8.727739] input: gpio-keys as /devices/platform/gpio-keys/input/input0
[    8.734748] of_cfs_init
[    8.737208] of_cfs_init: OK
[    8.740150] cfg80211: Loading compiled-in X.509 certificates for regulatory database
[    8.878373] cfg80211: Loaded X.509 cert 'sforshee: 00b28ddf47aef9cea7'
[    8.884902] clk: Not disabling unused clocks
[    8.889428] ALSA device list:
[    8.892392]   No soundcards found.
[    8.896081] platform regulatory.0: Direct firmware load for regulatory.db failed with error -2
[    8.904692] cfg80211: failed to load regulatory.db
[    8.918999] EXT4-fs (mmcblk0p2): mounted filesystem with ordered data mode. Opts: (null)
[    8.927112] VFS: Mounted root (ext4 filesystem) on device 179:2.
[    8.940533] devtmpfs: mounted
[    8.944385] Freeing unused kernel memory: 2560K
[    8.955791] Run /sbin/init as init process
[    8.959884]   with arguments:
[    8.959887]     /sbin/init
[    8.959889]   with environment:
[    8.959891]     HOME=/
[    8.959893]     TERM=linux
[    9.523867] systemd[1]: systemd 241 running in system mode. (+PAM +AUDIT +SELINUX +IMA +APPARMOR +SMACK +SYSVINIT +UTMP +LIBCRYPTSETUP +GCRYPT +GNUTLS +ACL +XZ +LZ4 +SECCOMP +BLKID +ELFUTILS +KMOD -IDN2 +IDN -PCRE2 default-hierarchy=hybrid)
[    9.545731] systemd[1]: Detected architecture arm64.
[    9.568447] systemd[1]: Set hostname to <analog>.
[    9.761608] systemd[1]: File /lib/systemd/system/systemd-journald.service:12 configures an IP firewall (IPAddressDeny=any), but the local system does not support BPF/cgroup based firewalling.
[    9.778696] systemd[1]: Proceeding WITHOUT firewalling in effect! (This warning is only shown for the first loaded unit using IP firewalling.)
[    9.941468] systemd[1]: /etc/systemd/system/tof-server.service:1: Assignment outside of section. Ignoring.
[    9.951192] systemd[1]: /etc/systemd/system/tof-server.service:2: Assignment outside of section. Ignoring.
[   10.133838] random: systemd: uninitialized urandom read (16 bytes read)
[   10.148551] random: systemd: uninitialized urandom read (16 bytes read)
[   10.155676] systemd[1]: Listening on Journal Socket.
[   10.171857] random: systemd: uninitialized urandom read (16 bytes read)
[   10.180887] systemd[1]: Starting Restore / save the current clock...
[   10.204176] systemd[1]: Created slice User and Session Slice.
[   10.980176] EXT4-fs (mmcblk0p2): re-mounted. Opts: (null)
[   11.184524] systemd-journald[167]: Received request to flush runtime journal from PID 1
[   16.468756] random: crng init done
[   16.468764] random: 7 urandom warning(s) missed due to ratelimiting
[   16.900432] macb ff0e0000.ethernet eth0: PHY [ff0e0000.ethernet-ffffffff:0c] driver [TI DP83867] (irq=POLL)
[   16.900446] macb ff0e0000.ethernet eth0: configuring for phy/rgmii-id link mode
[   17.155771] Adding 71676k swap on /var/swap.  Priority:-2 extents:1 across:71676k SS
[   19.727872] broken atomic modeset userspace detected, disabling atomic
[   19.969359] macb ff0e0000.ethernet eth0: Link is Up - 1Gbps/Full - flow control off
[   19.969383] IPv6: ADDRCONF(NETDEV_CHANGE): eth0: link becomes ready
[   22.400705] broken atomic modeset userspace detected, disabling atomic
[   25.279607] broken atomic modeset userspace detected, disabling atomic
[   27.907021] broken atomic modeset userspace detected, disabling atomic