[    0.000000] Booting Linux on physical CPU 0x0000000000 [0x410fd034]
[    0.000000] Linux version 5.10.0-98103-g2aa7ac113716 (jenkins@romlxbuild1.adlk.analog.com) (aarch64-xilinx-linux-gcc.real (GCC) 10.2.0, GNU ld (GNU Binutils) 2.35.0.20200730) #5577 SMP Wed Mar 23 07:28:49 GMT 2022
[    0.000000] Machine model: ZynqMP ZCU102 Rev1.0
[    0.000000] earlycon: cdns0 at MMIO 0x00000000ff000000 (options '115200n8')
[    0.000000] printk: bootconsole [cdns0] enabled
[    0.000000] efi: UEFI not found.
[    0.000000] cma: Reserved 256 MiB at 0x0000000070000000
[    0.000000] Zone ranges:
[    0.000000]   DMA      [mem 0x0000000000000000-0x000000003fffffff]
[    0.000000]   DMA32    [mem 0x0000000040000000-0x00000000ffffffff]
[    0.000000]   Normal   [mem 0x0000000100000000-0x000000087fffffff]
[    0.000000] Movable zone start for each node
[    0.000000] Early memory node ranges
[    0.000000]   node   0: [mem 0x0000000000000000-0x000000007fffffff]
[    0.000000]   node   0: [mem 0x0000000800000000-0x000000087fffffff]
[    0.000000] Initmem setup node 0 [mem 0x0000000000000000-0x000000087fffffff]
[    0.000000] On node 0 totalpages: 1048576
[    0.000000]   DMA zone: 3584 pages used for memmap
[    0.000000]   DMA zone: 0 pages reserved
[    0.000000]   DMA zone: 262144 pages, LIFO batch:63
[    0.000000]   DMA32 zone: 3584 pages used for memmap
[    0.000000]   DMA32 zone: 262144 pages, LIFO batch:63
[    0.000000]   Normal zone: 7168 pages used for memmap
[    0.000000]   Normal zone: 524288 pages, LIFO batch:63
[    0.000000] psci: probing for conduit method from DT.
[    0.000000] psci: PSCIv1.1 detected in firmware.
[    0.000000] psci: Using standard PSCI v0.2 function IDs
[    0.000000] psci: MIGRATE_INFO_TYPE not supported.
[    0.000000] psci: SMC Calling Convention v1.2
[    0.000000] percpu: Embedded 22 pages/cpu s49496 r8192 d32424 u90112
[    0.000000] pcpu-alloc: s49496 r8192 d32424 u90112 alloc=22*4096
[    0.000000] pcpu-alloc: [0] 0 [0] 1 [0] 2 [0] 3 
[    0.000000] Detected VIPT I-cache on CPU0
[    0.000000] CPU features: detected: ARM erratum 845719
[    0.000000] Built 1 zonelists, mobility grouping on.  Total pages: 1034240
[    0.000000] Kernel command line: console=ttyPS0,115200 root=/dev/mmcblk0p2 rw earlycon rootfstype=ext4 rootwait clk_ignore_unused cpuidle.off=1 root=/dev/mmcblk0p2 rw rootwait
[    0.000000] Dentry cache hash table entries: 524288 (order: 10, 4194304 bytes, linear)
[    0.000000] Inode-cache hash table entries: 262144 (order: 9, 2097152 bytes, linear)
[    0.000000] mem auto-init: stack:off, heap alloc:off, heap free:off
[    0.000000] software IO TLB: mapped [mem 0x000000003bfff000-0x000000003ffff000] (64MB)
[    0.000000] Memory: 3761904K/4194304K available (15296K kernel code, 1636K rwdata, 11876K rodata, 2560K init, 507K bss, 170256K reserved, 262144K cma-reserved)
[    0.000000] rcu: Hierarchical RCU implementation.
[    0.000000] rcu: 	RCU event tracing is enabled.
[    0.000000] rcu: 	RCU restricting CPUs from NR_CPUS=8 to nr_cpu_ids=4.
[    0.000000] rcu: RCU calculated value of scheduler-enlistment delay is 25 jiffies.
[    0.000000] rcu: Adjusting geometry for rcu_fanout_leaf=16, nr_cpu_ids=4
[    0.000000] NR_IRQS: 64, nr_irqs: 64, preallocated irqs: 0
[    0.000000] GIC: Adjusting CPU interface base to 0x00000000f902f000
[    0.000000] GIC: Using split EOI/Deactivate mode
[    0.000000] random: get_random_bytes called from start_kernel+0x31c/0x54c with crng_init=0
[    0.000000] arch_timer: cp15 timer(s) running at 100.00MHz (phys).
[    0.000000] clocksource: arch_sys_counter: mask: 0xffffffffffffff max_cycles: 0x171024e7e0, max_idle_ns: 440795205315 ns
[    0.000003] sched_clock: 56 bits at 100MHz, resolution 10ns, wraps every 4398046511100ns
[    0.008461] Console: colour dummy device 80x25
[    0.012482] Calibrating delay loop (skipped), value calculated using timer frequency.. 200.00 BogoMIPS (lpj=400000)
[    0.022840] pid_max: default: 32768 minimum: 301
[    0.027548] Mount-cache hash table entries: 8192 (order: 4, 65536 bytes, linear)
[    0.034788] Mountpoint-cache hash table entries: 8192 (order: 4, 65536 bytes, linear)
[    0.043397] rcu: Hierarchical SRCU implementation.
[    0.047561] EFI services will not be available.
[    0.051939] smp: Bringing up secondary CPUs ...
[    0.056657] Detected VIPT I-cache on CPU1
[    0.056696] CPU1: Booted secondary processor 0x0000000001 [0x410fd034]
[    0.057060] Detected VIPT I-cache on CPU2
[    0.057084] CPU2: Booted secondary processor 0x0000000002 [0x410fd034]
[    0.057422] Detected VIPT I-cache on CPU3
[    0.057445] CPU3: Booted secondary processor 0x0000000003 [0x410fd034]
[    0.057491] smp: Brought up 1 node, 4 CPUs
[    0.091779] SMP: Total of 4 processors activated.
[    0.096452] CPU features: detected: 32-bit EL0 Support
[    0.101555] CPU features: detected: CRC32 instructions
[    0.106697] CPU: All CPU(s) started at EL2
[    0.110736] alternatives: patching kernel code
[    0.116168] devtmpfs: initialized
[    0.124062] Registered cp15_barrier emulation handler
[    0.124112] Registered setend emulation handler
[    0.128091] clocksource: jiffies: mask: 0xffffffff max_cycles: 0xffffffff, max_idle_ns: 7645041785100000 ns
[    0.137670] futex hash table entries: 1024 (order: 4, 65536 bytes, linear)
[    0.151030] pinctrl core: initialized pinctrl subsystem
[    0.151678] NET: Registered protocol family 16
[    0.156099] DMA: preallocated 512 KiB GFP_KERNEL pool for atomic allocations
[    0.162116] DMA: preallocated 512 KiB GFP_KERNEL|GFP_DMA pool for atomic allocations
[    0.169841] DMA: preallocated 512 KiB GFP_KERNEL|GFP_DMA32 pool for atomic allocations
[    0.177644] audit: initializing netlink subsys (disabled)
[    0.183096] audit: type=2000 audit(0.116:1): state=initialized audit_enabled=0 res=1
[    0.183444] hw-breakpoint: found 6 breakpoint and 4 watchpoint registers.
[    0.197472] ASID allocator initialised with 65536 entries
[    0.224369] HugeTLB registered 1.00 GiB page size, pre-allocated 0 pages
[    0.225428] HugeTLB registered 32.0 MiB page size, pre-allocated 0 pages
[    0.232100] HugeTLB registered 2.00 MiB page size, pre-allocated 0 pages
[    0.238764] HugeTLB registered 64.0 KiB page size, pre-allocated 0 pages
[    1.304341] DRBG: Continuing without Jitter RNG
[    1.382151] raid6: neonx8   gen()  2141 MB/s
[    1.450206] raid6: neonx8   xor()  1596 MB/s
[    1.518259] raid6: neonx4   gen()  2197 MB/s
[    1.586313] raid6: neonx4   xor()  1567 MB/s
[    1.654378] raid6: neonx2   gen()  2076 MB/s
[    1.722424] raid6: neonx2   xor()  1441 MB/s
[    1.790498] raid6: neonx1   gen()  1772 MB/s
[    1.858538] raid6: neonx1   xor()  1220 MB/s
[    1.926594] raid6: int64x8  gen()  1438 MB/s
[    1.994652] raid6: int64x8  xor()   771 MB/s
[    2.062730] raid6: int64x4  gen()  1599 MB/s
[    2.130780] raid6: int64x4  xor()   817 MB/s
[    2.198849] raid6: int64x2  gen()  1397 MB/s
[    2.266888] raid6: int64x2  xor()   750 MB/s
[    2.334964] raid6: int64x1  gen()  1033 MB/s
[    2.403027] raid6: int64x1  xor()   517 MB/s
[    2.403065] raid6: using algorithm neonx4 gen() 2197 MB/s
[    2.407021] raid6: .... xor() 1567 MB/s, rmw enabled
[    2.411952] raid6: using neon recovery algorithm
[    2.416968] iommu: Default domain type: Translated 
[    2.421577] SCSI subsystem initialized
[    2.425120] libata version 3.00 loaded.
[    2.425244] usbcore: registered new interface driver usbfs
[    2.430576] usbcore: registered new interface driver hub
[    2.435851] usbcore: registered new device driver usb
[    2.440983] mc: Linux media interface: v0.10
[    2.445100] videodev: Linux video capture interface: v2.00
[    2.450592] EDAC MC: Ver: 3.0.0
[    2.454028] zynqmp-ipi-mbox mailbox@ff990400: Registered ZynqMP IPI mbox with TX/RX channels.
[    2.462536] jesd204: created con: id=0, topo=0, link=0, /axi/spi@ff050000/hmc7044@0 <-> /fpga-axi@0/axi-adxcvr-tx@84b60000
[    2.473121] jesd204: created con: id=1, topo=0, link=2, /axi/spi@ff050000/hmc7044@0 <-> /fpga-axi@0/axi-adxcvr-rx@84a60000
[    2.484104] jesd204: created con: id=2, topo=0, link=0, /fpga-axi@0/axi-adxcvr-tx@84b60000 <-> /fpga-axi@0/axi-jesd204-tx@84b90000
[    2.495780] jesd204: created con: id=3, topo=0, link=2, /fpga-axi@0/axi-adxcvr-rx@84a60000 <-> /fpga-axi@0/axi-jesd204-rx@84a90000
[    2.507457] jesd204: created con: id=4, topo=0, link=0, /fpga-axi@0/axi-jesd204-tx@84b90000 <-> /fpga-axi@0/axi-ad9081-tx-hpc@84b10000
[    2.519485] jesd204: created con: id=5, topo=0, link=2, /fpga-axi@0/axi-jesd204-rx@84a90000 <-> /fpga-axi@0/axi-ad9081-rx-hpc@84a10000
[    2.531508] jesd204: created con: id=6, topo=0, link=2, /fpga-axi@0/axi-ad9081-rx-hpc@84a10000 <-> /axi/spi@ff040000/ad9081@0
[    2.542749] jesd204: created con: id=7, topo=0, link=0, /fpga-axi@0/axi-ad9081-tx-hpc@84b10000 <-> /axi/spi@ff040000/ad9081@0
[    2.553998] jesd204: /axi/spi@ff040000/ad9081@0: JESD204[2] transition uninitialized -> initialized
[    2.562985] jesd204: /axi/spi@ff040000/ad9081@0: JESD204[0] transition uninitialized -> initialized
[    2.571977] jesd204: found 8 devices and 1 topologies
[    2.577022] FPGA manager framework
[    2.580497] Advanced Linux Sound Architecture Driver Initialized.
[    2.586791] Bluetooth: Core ver 2.22
[    2.589982] NET: Registered protocol family 31
[    2.594381] Bluetooth: HCI device and connection manager initialized
[    2.600698] Bluetooth: HCI socket layer initialized
[    2.605540] Bluetooth: L2CAP socket layer initialized
[    2.610564] Bluetooth: SCO socket layer initialized
[    2.615747] clocksource: Switched to clocksource arch_sys_counter
[    2.621554] VFS: Disk quotas dquot_6.6.0
[    2.625390] VFS: Dquot-cache hash table entries: 512 (order 0, 4096 bytes)
[    2.636097] NET: Registered protocol family 2
[    2.636835] tcp_listen_portaddr_hash hash table entries: 2048 (order: 3, 32768 bytes, linear)
[    2.645031] TCP established hash table entries: 32768 (order: 6, 262144 bytes, linear)
[    2.653056] TCP bind hash table entries: 32768 (order: 7, 524288 bytes, linear)
[    2.660501] TCP: Hash tables configured (established 32768 bind 32768)
[    2.666674] UDP hash table entries: 2048 (order: 4, 65536 bytes, linear)
[    2.673343] UDP-Lite hash table entries: 2048 (order: 4, 65536 bytes, linear)
[    2.680501] NET: Registered protocol family 1
[    2.684977] RPC: Registered named UNIX socket transport module.
[    2.690577] RPC: Registered udp transport module.
[    2.695243] RPC: Registered tcp transport module.
[    2.699913] RPC: Registered tcp NFSv4.1 backchannel transport module.
[    2.706899] PCI: CLS 0 bytes, default 64
[    2.710601] hw perfevents: no interrupt-affinity property for /pmu, guessing.
[    2.717466] hw perfevents: enabled with armv8_pmuv3 PMU driver, 7 counters available
[    2.725808] Initialise system trusted keyrings
[    2.729498] workingset: timestamp_bits=62 max_order=20 bucket_order=0
[    2.736388] NFS: Registering the id_resolver key type
[    2.740841] Key type id_resolver registered
[    2.744979] Key type id_legacy registered
[    2.748971] nfs4filelayout_init: NFSv4 File Layout Driver Registering...
[    2.755636] jffs2: version 2.2. (NAND) (SUMMARY)  Â© 2001-2006 Red Hat, Inc.
[    2.798844] NET: Registered protocol family 38
[    2.798887] xor: measuring software checksum speed
[    2.806574]    8regs           :  2363 MB/sec
[    2.810242]    32regs          :  2799 MB/sec
[    2.815185]    arm64_neon      :  2380 MB/sec
[    2.815375] xor: using function: 32regs (2799 MB/sec)
[    2.820401] Key type asymmetric registered
[    2.824462] Asymmetric key parser 'x509' registered
[    2.829323] Block layer SCSI generic (bsg) driver version 0.4 loaded (major 248)
[    2.836660] io scheduler mq-deadline registered
[    2.841156] io scheduler kyber registered
[    2.870557] Serial: 8250/16550 driver, 4 ports, IRQ sharing disabled
[    2.875195] cacheinfo: Unable to detect cache hierarchy for CPU 0
[    2.881523] brd: module loaded
[    2.885690] loop: module loaded
[    2.886241] Registered mathworks_ip class
[    2.889570] libphy: Fixed MDIO Bus: probed
[    2.892538] tun: Universal TUN/TAP device driver, 1.6
[    2.896610] CAN device driver interface
[    2.901136] usbcore: registered new interface driver asix
[    2.905740] usbcore: registered new interface driver ax88179_178a
[    2.911772] usbcore: registered new interface driver cdc_ether
[    2.917565] usbcore: registered new interface driver net1080
[    2.923185] usbcore: registered new interface driver cdc_subset
[    2.929067] usbcore: registered new interface driver zaurus
[    2.934614] usbcore: registered new interface driver cdc_ncm
[    2.941020] ehci_hcd: USB 2.0 'Enhanced' Host Controller (EHCI) Driver
[    2.946697] ehci-pci: EHCI PCI platform driver
[    2.951487] usbcore: registered new interface driver uas
[    2.956418] usbcore: registered new interface driver usb-storage
[    2.962403] usbcore: registered new interface driver usbserial_generic
[    2.968855] usbserial: USB Serial support registered for generic
[    2.974828] usbcore: registered new interface driver ftdi_sio
[    2.980529] usbserial: USB Serial support registered for FTDI USB Serial Device
[    2.987800] usbcore: registered new interface driver upd78f0730
[    2.993678] usbserial: USB Serial support registered for upd78f0730
[    3.001337] rtc_zynqmp ffa60000.rtc: registered as rtc0
[    3.005102] rtc_zynqmp ffa60000.rtc: setting system clock to 2022-03-26T01:10:33 UTC (1648257033)
[    3.013964] i2c /dev entries driver
[    3.019275] usbcore: registered new interface driver uvcvideo
[    3.023077] USB Video Class driver (1.1.1)
[    3.028671] Bluetooth: HCI UART driver ver 2.3
[    3.031549] Bluetooth: HCI UART protocol H4 registered
[    3.036664] Bluetooth: HCI UART protocol BCSP registered
[    3.041948] Bluetooth: HCI UART protocol LL registered
[    3.047037] Bluetooth: HCI UART protocol ATH3K registered
[    3.052416] Bluetooth: HCI UART protocol Three-wire (H5) registered
[    3.058664] Bluetooth: HCI UART protocol Intel registered
[    3.064002] Bluetooth: HCI UART protocol QCA registered
[    3.069203] usbcore: registered new interface driver bcm203x
[    3.074823] usbcore: registered new interface driver bpa10x
[    3.080362] usbcore: registered new interface driver bfusb
[    3.085810] usbcore: registered new interface driver btusb
[    3.091271] usbcore: registered new interface driver ath3k
[    3.096756] EDAC MC: ECC not enabled
[    3.100383] EDAC DEVICE0: Giving out device to module zynqmp-ocm-edac controller zynqmp_ocm: DEV ff960000.memory-controller (INTERRUPT)
[    3.112705] sdhci: Secure Digital Host Controller Interface driver
[    3.118495] sdhci: Copyright(c) Pierre Ossman
[    3.122811] sdhci-pltfm: SDHCI platform and OF driver helper
[    3.128865] ledtrig-cpu: registered to indicate activity on CPUs
[    3.134414] SMCCC: SOC_ID: ARCH_SOC_ID not implemented, skipping ....
[    3.140844] zynqmp_firmware_probe Platform Management API v1.1
[    3.146600] zynqmp_firmware_probe Trustzone version v1.0
[    3.186139] zynqmp-pinctrl firmware:zynqmp-firmware:pinctrl: zynqmp pinctrl initialized
[    3.234046] zynqmp-aes firmware:zynqmp-firmware:zynqmp-aes: will run requests pump with realtime priority
[    3.249780] alg: No test for xilinx-keccak-384 (zynqmp-keccak-384)
[    3.250491] alg: No test for xilinx-zynqmp-rsa (zynqmp-rsa)
[    3.256006] usbcore: registered new interface driver usbhid
[    3.261394] usbhid: USB HID core driver
[    3.272641] axi_sysid 85000000.axi-sysid-0: AXI System ID core version (1.01.a) found
[    3.274992] axi_sysid 85000000.axi-sysid-0: [ad9081_fmca_ebz] on [zcu102] git branch <master> git <084d44c9780640ca93fd847b1d9ec70dd65f5c67> clean [2022-03-18 04:17:50] UTC
[    3.290678] fpga_manager fpga0: Xilinx ZynqMP FPGA Manager registered
[    3.297034] usbcore: registered new interface driver snd-usb-audio
[    3.304490] pktgen: Packet Generator for packet performance testing. Version: 2.75
[    3.310669] Initializing XFRM netlink socket
[    3.314516] NET: Registered protocol family 10
[    3.319238] Segment Routing with IPv6
[    3.322619] sit: IPv6, IPv4 and MPLS over IPv4 tunneling driver
[    3.328690] NET: Registered protocol family 17
[    3.332796] NET: Registered protocol family 15
[    3.337292] can: controller area network core
[    3.341544] NET: Registered protocol family 29
[    3.345931] can: raw protocol
[    3.348870] can: broadcast manager protocol
[    3.353024] can: netlink gateway - max_hops=1
[    3.357420] Bluetooth: RFCOMM TTY layer initialized
[    3.362200] Bluetooth: RFCOMM socket layer initialized
[    3.367309] Bluetooth: RFCOMM ver 1.11
[    3.371018] Bluetooth: BNEP (Ethernet Emulation) ver 1.3
[    3.376290] Bluetooth: BNEP filters: protocol multicast
[    3.381481] Bluetooth: BNEP socket layer initialized
[    3.386411] Bluetooth: HIDP (Human Interface Emulation) ver 1.2
[    3.392294] Bluetooth: HIDP socket layer initialized
[    3.397347] 9pnet: Installing 9P2000 support
[    3.401472] NET: Registered protocol family 36
[    3.405885] Key type dns_resolver registered
[    3.410321] registered taskstats version 1
[    3.414183] Loading compiled-in X.509 certificates
[    3.419299] Btrfs loaded, crc32c=crc32c-generic
[    3.431709] ff000000.serial: ttyPS0 at MMIO 0xff000000 (irq = 49, base_baud = 6249999) is a xuartps
[    3.440736] printk: console [ttyPS0] enabled
[    3.445031] printk: bootconsole [cdns0] disabled
[    3.454658] ff010000.serial: ttyPS1 at MMIO 0xff010000 (irq = 50, base_baud = 6249999) is a xuartps
[    3.467917] of-fpga-region fpga-full: FPGA Region probed
[    3.474863] nwl-pcie fd0e0000.pcie: host bridge /axi/pcie@fd0e0000 ranges:
[    3.481759] nwl-pcie fd0e0000.pcie:      MEM 0x00e0000000..0x00efffffff -> 0x00e0000000
[    3.489768] nwl-pcie fd0e0000.pcie:      MEM 0x0600000000..0x07ffffffff -> 0x0600000000
[    3.497832] nwl-pcie fd0e0000.pcie: Link is DOWN
[    3.502592] nwl-pcie fd0e0000.pcie: PCI host bridge to bus 0000:00
[    3.508767] pci_bus 0000:00: root bus resource [bus 00-ff]
[    3.514249] pci_bus 0000:00: root bus resource [mem 0xe0000000-0xefffffff]
[    3.521119] pci_bus 0000:00: root bus resource [mem 0x600000000-0x7ffffffff pref]
[    3.528622] pci 0000:00:00.0: [10ee:d021] type 01 class 0x060400
[    3.534678] pci 0000:00:00.0: PME# supported from D0 D1 D2 D3hot
[    3.545119] pci 0000:00:00.0: PCI bridge to [bus 01-0c]
[    3.551103] xilinx-zynqmp-dma fd500000.dma: ZynqMP DMA driver Probe success
[    3.558274] xilinx-zynqmp-dma fd510000.dma: ZynqMP DMA driver Probe success
[    3.565442] xilinx-zynqmp-dma fd520000.dma: ZynqMP DMA driver Probe success
[    3.572612] xilinx-zynqmp-dma fd530000.dma: ZynqMP DMA driver Probe success
[    3.579786] xilinx-zynqmp-dma fd540000.dma: ZynqMP DMA driver Probe success
[    3.586956] xilinx-zynqmp-dma fd550000.dma: ZynqMP DMA driver Probe success
[    3.594125] xilinx-zynqmp-dma fd560000.dma: ZynqMP DMA driver Probe success
[    3.601293] xilinx-zynqmp-dma fd570000.dma: ZynqMP DMA driver Probe success
[    3.608707] xilinx-zynqmp-dpdma fd4c0000.dma-controller: Xilinx DPDMA engine is probed
[    3.617269] ahci-ceva fd0c0000.ahci: supply ahci not found, using dummy regulator
[    3.624812] ahci-ceva fd0c0000.ahci: supply phy not found, using dummy regulator
[    3.715922] hmc7044 spi2.0: PLL1: Acquisition, CLKIN0 @ 122880000 Hz, PFD: 80 kHz - PLL2: Locked @ 2844.000000 MHz
[    3.726640] jesd204: /axi/spi@ff050000/hmc7044@0,jesd204:1,parent=spi2.0: Using as SYSREF provider
[    3.736218] spi-nor spi0.0: SPI-NOR-UniqueID 100000235394732200270025081115266e
[    3.743527] spi-nor spi0.0: found n25q512a, expected m25p80
[    3.749732] spi-nor spi0.0: trying to lock already unlocked area
[    3.755737] spi-nor spi0.0: n25q512a (131072 Kbytes)
[    3.760721] 4 fixed-partitions partitions found on MTD device spi0.0
[    3.767069] Creating 4 MTD partitions on "spi0.0":
[    3.771855] 0x000000000000-0x000000100000 : "qspi-fsbl-uboot"
[    3.778336] 0x000000100000-0x000000600000 : "qspi-linux"
[    3.784292] 0x000000600000-0x000000620000 : "qspi-device-tree"
[    3.790771] 0x000000620000-0x000000c00000 : "qspi-rootfs"
[    3.799239] macb ff0e0000.ethernet: Not enabling partial store and forward
[    3.806751] libphy: MACB_mii_bus: probed
[    3.811820] macb ff0e0000.ethernet eth0: Cadence GEM rev 0x50070106 at 0xff0e0000 irq 30 (00:0a:35:04:8e:1b)
[    3.822030] xilinx-axipmon ffa00000.perf-monitor: Probed Xilinx APM
[    3.828603] xilinx-axipmon fd0b0000.perf-monitor: Probed Xilinx APM
[    3.835119] xilinx-axipmon fd490000.perf-monitor: Probed Xilinx APM
[    3.841660] xilinx-axipmon ffa10000.perf-monitor: Probed Xilinx APM
[    3.851659] pca953x 0-0020: supply vcc not found, using dummy regulator
[    3.858353] pca953x 0-0020: using no AI
[    3.862843] gpio-496 (sel0): hogged as output/low
[    3.867758] gpio-497 (sel1): hogged as output/high
[    3.872746] gpio-498 (sel2): hogged as output/high
[    3.877734] gpio-499 (sel3): hogged as output/high
[    3.882907] pca953x 0-0021: supply vcc not found, using dummy regulator
[    3.889574] pca953x 0-0021: using no AI
[    3.895333] ina2xx 2-0040: power monitor ina226 (Rshunt = 5000 uOhm)
[    3.902363] ina2xx 2-0041: power monitor ina226 (Rshunt = 5000 uOhm)
[    3.909399] ina2xx 2-0042: power monitor ina226 (Rshunt = 5000 uOhm)
[    3.916434] ina2xx 2-0043: power monitor ina226 (Rshunt = 5000 uOhm)
[    3.923459] ina2xx 2-0044: power monitor ina226 (Rshunt = 5000 uOhm)
[    3.930478] ina2xx 2-0045: power monitor ina226 (Rshunt = 5000 uOhm)
[    3.937513] ina2xx 2-0046: power monitor ina226 (Rshunt = 5000 uOhm)
[    3.944593] ina2xx 2-0047: power monitor ina226 (Rshunt = 5000 uOhm)
[    3.951618] ina2xx 2-004a: power monitor ina226 (Rshunt = 5000 uOhm)
[    3.958653] ina2xx 2-004b: power monitor ina226 (Rshunt = 5000 uOhm)
[    3.965062] i2c i2c-0: Added multiplexed i2c bus 2
[    3.970445] random: fast init done
[    3.973921] ina2xx 3-0040: power monitor ina226 (Rshunt = 2000 uOhm)
[    3.980946] ina2xx 3-0041: power monitor ina226 (Rshunt = 5000 uOhm)
[    3.987970] ina2xx 3-0042: power monitor ina226 (Rshunt = 5000 uOhm)
[    3.995001] ina2xx 3-0043: power monitor ina226 (Rshunt = 5000 uOhm)
[    4.002025] ina2xx 3-0044: power monitor ina226 (Rshunt = 5000 uOhm)
[    4.009055] ina2xx 3-0045: power monitor ina226 (Rshunt = 5000 uOhm)
[    4.016090] ina2xx 3-0046: power monitor ina226 (Rshunt = 5000 uOhm)
[    4.023118] ina2xx 3-0047: power monitor ina226 (Rshunt = 5000 uOhm)
[    4.029519] i2c i2c-0: Added multiplexed i2c bus 3
[    4.085332] i2c i2c-0: Added multiplexed i2c bus 4
[    4.090272] i2c i2c-0: Added multiplexed i2c bus 5
[    4.095067] pca954x 0-0075: registered 4 multiplexed busses for I2C mux pca9544
[    4.102418] cdns-i2c ff020000.i2c: 400 kHz mmio ff020000 irq 32
[    4.110147] at24 6-0054: supply vcc not found, using dummy regulator
[    4.117032] at24 6-0054: 1024 byte 24c08 EEPROM, writable, 1 bytes/write
[    4.123786] i2c i2c-1: Added multiplexed i2c bus 6
[    4.130216] si5341 7-0036: Chip: 5341 Grade: 1 Rev: 1
[    4.167928] i2c i2c-1: Added multiplexed i2c bus 7
[    4.175582] si570 8-005d: registered, current frequency 300000000 Hz
[    4.181985] i2c i2c-1: Added multiplexed i2c bus 8
[    4.201772] si570 9-005d: registered, current frequency 148500000 Hz
[    4.208173] i2c i2c-1: Added multiplexed i2c bus 9
[    4.213212] si5324 10-0069: si5328 probed
[    4.280116] si5324 10-0069: si5328 probe successful
[    4.285046] i2c i2c-1: Added multiplexed i2c bus 10
[    4.290073] i2c i2c-1: Added multiplexed i2c bus 11
[    4.295112] i2c i2c-1: Added multiplexed i2c bus 12
[    4.300136] i2c i2c-1: Added multiplexed i2c bus 13
[    4.305010] pca954x 1-0074: registered 8 multiplexed busses for I2C switch pca9548
[    4.313123] at24 14-0050: supply vcc not found, using dummy regulator
[    4.319908] at24 14-0050: 256 byte 24c02 EEPROM, writable, 1 bytes/write
[    4.326654] i2c i2c-1: Added multiplexed i2c bus 14
[    4.331696] i2c i2c-1: Added multiplexed i2c bus 15
[    4.336726] i2c i2c-1: Added multiplexed i2c bus 16
[    4.341760] i2c i2c-1: Added multiplexed i2c bus 17
[    4.346799] i2c i2c-1: Added multiplexed i2c bus 18
[    4.351844] i2c i2c-1: Added multiplexed i2c bus 19
[    4.356874] i2c i2c-1: Added multiplexed i2c bus 20
[    4.361912] i2c i2c-1: Added multiplexed i2c bus 21
[    4.366785] pca954x 1-0075: registered 8 multiplexed busses for I2C switch pca9548
[    4.374394] cdns-i2c ff030000.i2c: 400 kHz mmio ff030000 irq 33
[    4.384145] cdns-wdt fd4d0000.watchdog: Xilinx Watchdog Timer with timeout 60s
[    4.395725] axi_adxcvr 84a60000.axi-adxcvr-rx: AXI-ADXCVR-RX (17.05.a) using CPLL on GTH4 at 0x84A60000. Number of lanes: 4.
[    4.407873] axi_adxcvr 84b60000.axi-adxcvr-tx: AXI-ADXCVR-TX (17.05.a) using QPLL on GTH4 at 0x84B60000. Number of lanes: 4.
[    4.419495] axi-jesd204-rx 84a90000.axi-jesd204-rx: AXI-JESD204-RX (1.07.a) at 0x84A90000. Encoder 8b10b, width 4/4, lanes 4, jesd204-fsm.
[    4.426171] mmc0: SDHCI controller on ff170000.mmc [ff170000.mmc] using ADMA 64-bit
[    4.432331] axi-jesd204-tx 84b90000.axi-jesd204-tx: AXI-JESD204-TX (1.06.a) at 0x84B90000. Encoder 8b10b, width 4/4, lanes 4, jesd204-fsm.
[    4.453052] zynqmp-display fd4a0000.display: vtc bridge property not present
[    4.462685] xilinx-dp-snd-codec fd4a0000.display:zynqmp_dp_snd_codec0: Failed to get required clock freq
[    4.472189] xilinx-dp-snd-codec: probe of fd4a0000.display:zynqmp_dp_snd_codec0 failed with error -22
[    4.473530] mmc0: new high speed SDHC card at address 0001
[    4.481729] xilinx-dp-snd-pcm zynqmp_dp_snd_pcm0: Xilinx DisplayPort Sound PCM probed
[    4.487243] mmcblk0: mmc0:0001 EB1QT 29.8 GiB 
[    4.495041] xilinx-dp-snd-pcm zynqmp_dp_snd_pcm1: Xilinx DisplayPort Sound PCM probed
[    4.501083]  mmcblk0: p1 p2 p3
[    4.507348] OF: graph: no port node found in /axi/display@fd4a0000
[    4.516427] xlnx-drm xlnx-drm.0: bound fd4a0000.display (ops 0xffffffc010fcbdb8)
[    5.603768] zynqmp-display fd4a0000.display: [drm] Cannot find any crtc or sizes
[    5.611381] [drm] Initialized xlnx 1.0.0 20130509 for fd4a0000.display on minor 0
[    5.618877] zynqmp-display fd4a0000.display: ZynqMP DisplayPort Subsystem driver probed
[    5.627196] ahci-ceva fd0c0000.ahci: supply ahci not found, using dummy regulator
[    5.634746] ahci-ceva fd0c0000.ahci: supply phy not found, using dummy regulator
[    5.642199] ahci-ceva fd0c0000.ahci: supply target not found, using dummy regulator
[    5.660093] ahci-ceva fd0c0000.ahci: AHCI 0001.0301 32 slots 2 ports 6 Gbps 0x3 impl platform mode
[    5.669048] ahci-ceva fd0c0000.ahci: flags: 64bit ncq sntf pm clo only pmp fbs pio slum part ccc sds apst 
[    5.679667] scsi host0: ahci-ceva
[    5.683256] scsi host1: ahci-ceva
[    5.686683] ata1: SATA max UDMA/133 mmio [mem 0xfd0c0000-0xfd0c1fff] port 0x100 irq 45
[    5.694596] ata2: SATA max UDMA/133 mmio [mem 0xfd0c0000-0xfd0c1fff] port 0x180 irq 45
[    5.703207] ad9081 spi1.0: supply vdd not found, using dummy regulator
[    6.013970] ata2: SATA link down (SStatus 0 SControl 330)
[    6.019378] ata1: SATA link down (SStatus 0 SControl 330)
[    6.687771] zynqmp-display fd4a0000.display: [drm] Cannot find any crtc or sizes
[    6.881466] ad9081 spi1.0: Invalid param passed., "ref_clk_hz < 100000000ULL" in adi_ad9081_device_clk_config_set(...), line554 in drivers/iio/adc/ad9081/adi_ad9081_device.c
[    7.556047] ad9081 spi1.0: AD9081 Rev. 2 Grade 10 (API 1.2.2) probed
[    7.563229] xhci-hcd xhci-hcd.1.auto: xHCI Host Controller
[    7.568724] xhci-hcd xhci-hcd.1.auto: new USB bus registered, assigned bus number 1
[    7.576473] xhci-hcd xhci-hcd.1.auto: hcc params 0x0238f625 hci version 0x100 quirks 0x0000000002010810
[    7.585883] xhci-hcd xhci-hcd.1.auto: irq 59, io mem 0xfe200000
[    7.591991] usb usb1: New USB device found, idVendor=1d6b, idProduct=0002, bcdDevice= 5.10
[    7.600248] usb usb1: New USB device strings: Mfr=3, Product=2, SerialNumber=1
[    7.607467] usb usb1: Product: xHCI Host Controller
[    7.612335] usb usb1: Manufacturer: Linux 5.10.0-98103-g2aa7ac113716 xhci-hcd
[    7.619461] usb usb1: SerialNumber: xhci-hcd.1.auto
[    7.624627] hub 1-0:1.0: USB hub found
[    7.628390] hub 1-0:1.0: 1 port detected
[    7.632492] xhci-hcd xhci-hcd.1.auto: xHCI Host Controller
[    7.637977] xhci-hcd xhci-hcd.1.auto: new USB bus registered, assigned bus number 2
[    7.645631] xhci-hcd xhci-hcd.1.auto: Host supports USB 3.0 SuperSpeed
[    7.652254] usb usb2: New USB device found, idVendor=1d6b, idProduct=0003, bcdDevice= 5.10
[    7.660517] usb usb2: New USB device strings: Mfr=3, Product=2, SerialNumber=1
[    7.667732] usb usb2: Product: xHCI Host Controller
[    7.672601] usb usb2: Manufacturer: Linux 5.10.0-98103-g2aa7ac113716 xhci-hcd
[    7.679726] usb usb2: SerialNumber: xhci-hcd.1.auto
[    7.684838] hub 2-0:1.0: USB hub found
[    7.688599] hub 2-0:1.0: 1 port detected
[    7.718647] cf_axi_adc 84a10000.axi-ad9081-rx-hpc: ADI AIM (10.01.b) at 0x84A10000 mapped to 0x(____ptrval____), probed ADC AD9081 as MASTER
[    7.748595] cf_axi_dds 84b10000.axi-ad9081-tx-hpc: Analog Devices CF_AXI_DDS_DDS MASTER (9.01.b) at 0x84B10000 mapped to 0x(____ptrval____), probed DDS AD9081
[    7.762794] jesd204: /axi/spi@ff040000/ad9081@0,jesd204:0,parent=spi1.0: JESD204[2] transition initialized -> probed
[    7.773315] jesd204: /axi/spi@ff040000/ad9081@0,jesd204:0,parent=spi1.0: JESD204[0] transition initialized -> probed
[    7.783838] jesd204: /axi/spi@ff040000/ad9081@0,jesd204:0,parent=spi1.0: JESD204[2] transition probed -> idle
[    7.793745] jesd204: /axi/spi@ff040000/ad9081@0,jesd204:0,parent=spi1.0: JESD204[0] transition probed -> idle
[    7.803662] jesd204: /axi/spi@ff040000/ad9081@0,jesd204:0,parent=spi1.0: JESD204[2] transition idle -> device_init
[    7.814004] jesd204: /axi/spi@ff040000/ad9081@0,jesd204:0,parent=spi1.0: JESD204[0] transition idle -> device_init
[    7.824355] jesd204: /axi/spi@ff040000/ad9081@0,jesd204:0,parent=spi1.0: JESD204[2] transition device_init -> link_init
[    7.835130] jesd204: /axi/spi@ff040000/ad9081@0,jesd204:0,parent=spi1.0: JESD204[0] transition device_init -> link_init
[    7.845922] jesd204: /axi/spi@ff040000/ad9081@0,jesd204:0,parent=spi1.0: JESD204[2] transition link_init -> link_supported
[    7.856961] jesd204: /axi/spi@ff040000/ad9081@0,jesd204:0,parent=spi1.0: JESD204[0] transition link_init -> link_supported
[    7.868377] hmc7044 spi2.0: hmc7044_jesd204_link_pre_setup: Link2 forcing continuous SYSREF mode
[    7.877530] axi-jesd204-tx 84b90000.axi-jesd204-tx: axi_jesd204_tx_jesd204_link_pre_setup: Link0 set lane rate 9480000 kHz failed (-22)
[    7.889705] jesd204: /fpga-axi@0/axi-jesd204-tx@84b90000,jesd204:5,parent=84b90000.axi-jesd204-tx: JESD204[0] In link_pre_setup got error from cb: -22
[    7.903174] jesd204: /axi/spi@ff040000/ad9081@0,jesd204:0,parent=spi1.0: Rolling back from 'link_supported', got error -22
[    7.914224] jesd204: /axi/spi@ff040000/ad9081@0,jesd204:0,parent=spi1.0: JESD204[0] transition link_supported -> link_pre_setup
[    7.925698] jesd204: /axi/spi@ff040000/ad9081@0,jesd204:0,parent=spi1.0: JESD204[2] transition link_supported -> link_pre_setup
[    7.937175] jesd204: /axi/spi@ff040000/ad9081@0,jesd204:0,parent=spi1.0: JESD204[0] transition link_pre_setup -> link_supported
[    7.948649] jesd204: /axi/spi@ff040000/ad9081@0,jesd204:0,parent=spi1.0: JESD204[2] transition link_pre_setup -> link_supported
[    7.960125] jesd204: /axi/spi@ff040000/ad9081@0,jesd204:0,parent=spi1.0: JESD204[0] transition link_supported -> link_init
[    7.971163] jesd204: /axi/spi@ff040000/ad9081@0,jesd204:0,parent=spi1.0: JESD204[2] transition link_supported -> link_init
[    7.982210] jesd204: /axi/spi@ff040000/ad9081@0,jesd204:0,parent=spi1.0: JESD204[0] transition link_init -> device_init
[    7.992990] jesd204: /axi/spi@ff040000/ad9081@0,jesd204:0,parent=spi1.0: JESD204[2] transition link_init -> device_init
[    8.003769] jesd204: /axi/spi@ff040000/ad9081@0,jesd204:0,parent=spi1.0: JESD204[0] transition device_init -> idle
[    8.014112] jesd204: /axi/spi@ff040000/ad9081@0,jesd204:0,parent=spi1.0: JESD204[2] transition device_init -> idle
[    8.024463] jesd204: /axi/spi@ff040000/ad9081@0,jesd204:0,parent=spi1.0: JESD204[2] transition idle -> idle
[    8.034199] jesd204: /axi/spi@ff040000/ad9081@0,jesd204:0,parent=spi1.0: JESD204[0] transition idle -> idle
[    8.043939] jesd204: /axi/spi@ff040000/ad9081@0,jesd204:0,parent=spi1.0: JESD204[2] transition idle -> device_init
[    8.054283] jesd204: /axi/spi@ff040000/ad9081@0,jesd204:0,parent=spi1.0: JESD204[0] transition idle -> device_init
[    8.064638] jesd204: /axi/spi@ff040000/ad9081@0,jesd204:0,parent=spi1.0: JESD204[2] transition device_init -> link_init
[    8.075420] jesd204: /axi/spi@ff040000/ad9081@0,jesd204:0,parent=spi1.0: JESD204[0] transition device_init -> link_init
[    8.086207] jesd204: /axi/spi@ff040000/ad9081@0,jesd204:0,parent=spi1.0: JESD204[2] transition link_init -> link_supported
[    8.097250] jesd204: /axi/spi@ff040000/ad9081@0,jesd204:0,parent=spi1.0: JESD204[0] transition link_init -> link_supported
[    8.108624] axi-jesd204-tx 84b90000.axi-jesd204-tx: axi_jesd204_tx_jesd204_link_pre_setup: Link0 set lane rate 9480000 kHz failed (-22)
[    8.120795] jesd204: /fpga-axi@0/axi-jesd204-tx@84b90000,jesd204:5,parent=84b90000.axi-jesd204-tx: JESD204[0] In link_pre_setup got error from cb: -22
[    8.134261] jesd204: /axi/spi@ff040000/ad9081@0,jesd204:0,parent=spi1.0: Rolling back from 'link_supported', got error -22
[    8.145308] jesd204: /axi/spi@ff040000/ad9081@0,jesd204:0,parent=spi1.0: JESD204[0] transition link_supported -> link_pre_setup
[    8.156777] jesd204: /axi/spi@ff040000/ad9081@0,jesd204:0,parent=spi1.0: JESD204[2] transition link_supported -> link_pre_setup
[    8.168254] jesd204: /axi/spi@ff040000/ad9081@0,jesd204:0,parent=spi1.0: JESD204[0] transition link_pre_setup -> link_supported
[    8.179726] jesd204: /axi/spi@ff040000/ad9081@0,jesd204:0,parent=spi1.0: JESD204[2] transition link_pre_setup -> link_supported
[    8.191204] jesd204: /axi/spi@ff040000/ad9081@0,jesd204:0,parent=spi1.0: JESD204[0] transition link_supported -> link_init
[    8.202243] jesd204: /axi/spi@ff040000/ad9081@0,jesd204:0,parent=spi1.0: JESD204[2] transition link_supported -> link_init
[    8.213289] jesd204: /axi/spi@ff040000/ad9081@0,jesd204:0,parent=spi1.0: JESD204[0] transition link_init -> device_init
[    8.224064] jesd204: /axi/spi@ff040000/ad9081@0,jesd204:0,parent=spi1.0: JESD204[2] transition link_init -> device_init
[    8.234847] jesd204: /axi/spi@ff040000/ad9081@0,jesd204:0,parent=spi1.0: JESD204[0] transition device_init -> idle
[    8.245195] jesd204: /axi/spi@ff040000/ad9081@0,jesd204:0,parent=spi1.0: JESD204[2] transition device_init -> idle
[    8.255542] jesd204: /axi/spi@ff040000/ad9081@0,jesd204:0,parent=spi1.0: JESD204[2] transition idle -> idle
[    8.265277] jesd204: /axi/spi@ff040000/ad9081@0,jesd204:0,parent=spi1.0: JESD204[0] transition idle -> idle
[    8.275018] jesd204: /axi/spi@ff040000/ad9081@0,jesd204:0,parent=spi1.0: JESD204[2] transition idle -> device_init
[    8.285362] jesd204: /axi/spi@ff040000/ad9081@0,jesd204:0,parent=spi1.0: JESD204[0] transition idle -> device_init
[    8.295712] jesd204: /axi/spi@ff040000/ad9081@0,jesd204:0,parent=spi1.0: JESD204[2] transition device_init -> link_init
[    8.306490] jesd204: /axi/spi@ff040000/ad9081@0,jesd204:0,parent=spi1.0: JESD204[0] transition device_init -> link_init
[    8.317278] jesd204: /axi/spi@ff040000/ad9081@0,jesd204:0,parent=spi1.0: JESD204[2] transition link_init -> link_supported
[    8.328321] jesd204: /axi/spi@ff040000/ad9081@0,jesd204:0,parent=spi1.0: JESD204[0] transition link_init -> link_supported
[    8.339657] axi-jesd204-tx 84b90000.axi-jesd204-tx: axi_jesd204_tx_jesd204_link_pre_setup: Link0 set lane rate 9480000 kHz failed (-22)
[    8.351827] jesd204: /fpga-axi@0/axi-jesd204-tx@84b90000,jesd204:5,parent=84b90000.axi-jesd204-tx: JESD204[0] In link_pre_setup got error from cb: -22
[    8.365300] jesd204: /axi/spi@ff040000/ad9081@0,jesd204:0,parent=spi1.0: Rolling back from 'link_supported', got error -22
[    8.376343] jesd204: /axi/spi@ff040000/ad9081@0,jesd204:0,parent=spi1.0: JESD204[0] transition link_supported -> link_pre_setup
[    8.387812] jesd204: /axi/spi@ff040000/ad9081@0,jesd204:0,parent=spi1.0: JESD204[2] transition link_supported -> link_pre_setup
[    8.399290] jesd204: /axi/spi@ff040000/ad9081@0,jesd204:0,parent=spi1.0: JESD204[0] transition link_pre_setup -> link_supported
[    8.410763] jesd204: /axi/spi@ff040000/ad9081@0,jesd204:0,parent=spi1.0: JESD204[2] transition link_pre_setup -> link_supported
[    8.422240] jesd204: /axi/spi@ff040000/ad9081@0,jesd204:0,parent=spi1.0: JESD204[0] transition link_supported -> link_init
[    8.433278] jesd204: /axi/spi@ff040000/ad9081@0,jesd204:0,parent=spi1.0: JESD204[2] transition link_supported -> link_init
[    8.444326] jesd204: /axi/spi@ff040000/ad9081@0,jesd204:0,parent=spi1.0: JESD204[0] transition link_init -> device_init
[    8.455110] jesd204: /axi/spi@ff040000/ad9081@0,jesd204:0,parent=spi1.0: JESD204[2] transition link_init -> device_init
[    8.465892] jesd204: /axi/spi@ff040000/ad9081@0,jesd204:0,parent=spi1.0: JESD204[0] transition device_init -> idle
[    8.476235] jesd204: /axi/spi@ff040000/ad9081@0,jesd204:0,parent=spi1.0: JESD204[2] transition device_init -> idle
[    8.486586] jesd204: /axi/spi@ff040000/ad9081@0,jesd204:0,parent=spi1.0: JESD204[2] transition idle -> idle
[    8.496321] jesd204: /axi/spi@ff040000/ad9081@0,jesd204:0,parent=spi1.0: JESD204[0] transition idle -> idle
[    8.506068] jesd204: /axi/spi@ff040000/ad9081@0,jesd204:0,parent=spi1.0: JESD204[2] transition idle -> device_init
[    8.516416] jesd204: /axi/spi@ff040000/ad9081@0,jesd204:0,parent=spi1.0: JESD204[0] transition idle -> device_init
[    8.526765] jesd204: /axi/spi@ff040000/ad9081@0,jesd204:0,parent=spi1.0: JESD204[2] transition device_init -> link_init
[    8.537542] jesd204: /axi/spi@ff040000/ad9081@0,jesd204:0,parent=spi1.0: JESD204[0] transition device_init -> link_init
[    8.548330] jesd204: /axi/spi@ff040000/ad9081@0,jesd204:0,parent=spi1.0: JESD204[2] transition link_init -> link_supported
[    8.559373] jesd204: /axi/spi@ff040000/ad9081@0,jesd204:0,parent=spi1.0: JESD204[0] transition link_init -> link_supported
[    8.570710] axi-jesd204-tx 84b90000.axi-jesd204-tx: axi_jesd204_tx_jesd204_link_pre_setup: Link0 set lane rate 9480000 kHz failed (-22)
[    8.582880] jesd204: /fpga-axi@0/axi-jesd204-tx@84b90000,jesd204:5,parent=84b90000.axi-jesd204-tx: JESD204[0] In link_pre_setup got error from cb: -22
[    8.596350] jesd204: /axi/spi@ff040000/ad9081@0,jesd204:0,parent=spi1.0: Rolling back from 'link_supported', got error -22
[    8.607393] jesd204: /axi/spi@ff040000/ad9081@0,jesd204:0,parent=spi1.0: JESD204[0] transition link_supported -> link_pre_setup
[    8.618865] jesd204: /axi/spi@ff040000/ad9081@0,jesd204:0,parent=spi1.0: JESD204[2] transition link_supported -> link_pre_setup
[    8.630347] jesd204: /axi/spi@ff040000/ad9081@0,jesd204:0,parent=spi1.0: JESD204[0] transition link_pre_setup -> link_supported
[    8.641825] jesd204: /axi/spi@ff040000/ad9081@0,jesd204:0,parent=spi1.0: JESD204[2] transition link_pre_setup -> link_supported
[    8.653301] jesd204: /axi/spi@ff040000/ad9081@0,jesd204:0,parent=spi1.0: JESD204[0] transition link_supported -> link_init
[    8.664339] jesd204: /axi/spi@ff040000/ad9081@0,jesd204:0,parent=spi1.0: JESD204[2] transition link_supported -> link_init
[    8.675386] jesd204: /axi/spi@ff040000/ad9081@0,jesd204:0,parent=spi1.0: JESD204[0] transition link_init -> device_init
[    8.686161] jesd204: /axi/spi@ff040000/ad9081@0,jesd204:0,parent=spi1.0: JESD204[2] transition link_init -> device_init
[    8.696944] jesd204: /axi/spi@ff040000/ad9081@0,jesd204:0,parent=spi1.0: JESD204[0] transition device_init -> idle
[    8.707288] jesd204: /axi/spi@ff040000/ad9081@0,jesd204:0,parent=spi1.0: JESD204[2] transition device_init -> idle
[    8.717634] jesd204: /axi/spi@ff040000/ad9081@0,jesd204:0,parent=spi1.0: FSM completed with error -22
[    8.736081] input: gpio-keys as /devices/platform/gpio-keys/input/input0
[    8.743090] of_cfs_init
[    8.745554] of_cfs_init: OK
[    8.748494] cfg80211: Loading compiled-in X.509 certificates for regulatory database
[    8.886543] cfg80211: Loaded X.509 cert 'sforshee: 00b28ddf47aef9cea7'
[    8.893071] clk: Not disabling unused clocks
[    8.897601] ALSA device list:
[    8.900560]   No soundcards found.
[    8.904215] platform regulatory.0: Direct firmware load for regulatory.db failed with error -2
[    8.912823] cfg80211: failed to load regulatory.db
[    8.928088] EXT4-fs (mmcblk0p2): mounted filesystem with ordered data mode. Opts: (null)
[    8.936208] VFS: Mounted root (ext4 filesystem) on device 179:2.
[    8.949944] devtmpfs: mounted
[    8.953765] Freeing unused kernel memory: 2560K
[    8.971804] Run /sbin/init as init process
[    8.975899]   with arguments:
[    8.975901]     /sbin/init
[    8.975903]   with environment:
[    8.975906]     HOME=/
[    8.975908]     TERM=linux
[    9.557063] systemd[1]: systemd 241 running in system mode. (+PAM +AUDIT +SELINUX +IMA +APPARMOR +SMACK +SYSVINIT +UTMP +LIBCRYPTSETUP +GCRYPT +GNUTLS +ACL +XZ +LZ4 +SECCOMP +BLKID +ELFUTILS +KMOD -IDN2 +IDN -PCRE2 default-hierarchy=hybrid)
[    9.578954] systemd[1]: Detected architecture arm64.
[    9.600491] systemd[1]: Set hostname to <analog>.
[    9.793165] systemd[1]: File /lib/systemd/system/systemd-journald.service:12 configures an IP firewall (IPAddressDeny=any), but the local system does not support BPF/cgroup based firewalling.
[    9.810208] systemd[1]: Proceeding WITHOUT firewalling in effect! (This warning is only shown for the first loaded unit using IP firewalling.)
[    9.976158] systemd[1]: /etc/systemd/system/tof-server.service:1: Assignment outside of section. Ignoring.
[    9.985845] systemd[1]: /etc/systemd/system/tof-server.service:2: Assignment outside of section. Ignoring.
[   10.172134] random: systemd: uninitialized urandom read (16 bytes read)
[   10.186941] random: systemd: uninitialized urandom read (16 bytes read)
[   10.193751] systemd[1]: Listening on initctl Compatibility Named Pipe.
[   10.215853] random: systemd: uninitialized urandom read (16 bytes read)
[   10.222813] systemd[1]: Listening on Journal Socket (/dev/log).
[   10.244229] systemd[1]: Created slice User and Session Slice.
[   10.799281] ------------[ cut here ]------------
[   10.799290] Enabling unprepared \xa0\xf9F\x88\xff\xff\xff\x80F\x88\xff\xff\xff
[   10.799334] WARNING: CPU: 2 PID: 126 at drivers/clk/clk.c:1012 clk_core_enable+0xa4/0xc0
[   10.799337] Modules linked in:
[   10.799347] CPU: 2 PID: 126 Comm: kworker/2:1H Not tainted 5.10.0-98103-g2aa7ac113716 #5577
[   10.799350] Hardware name: ZynqMP ZCU102 Rev1.0 (DT)
[   10.799360] Workqueue: kblockd blk_mq_run_work_fn
[   10.799367] pstate: 80000085 (Nzcv daIf -PAN -UAO -TCO BTYPE=--)
[   10.799373] pc : clk_core_enable+0xa4/0xc0
[   10.799378] lr : clk_core_enable+0xa4/0xc0
[   10.799381] sp : ffffffc012afb2d0
[   10.799384] x29: ffffffc012afb2d0 x28: ffffff8800330c10 
[   10.799391] x27: ffffff8800330d48 x26: 0000005000000101 
[   10.799398] x25: 000000027dbdf9f0 x24: 0000000000000001 
[   10.799405] x23: ffffff8801104a00 x22: ffffff8801083220 
[   10.799411] x21: ffffff8801468000 x20: ffffff8801468008 
[   10.799418] x19: ffffff8801468008 x18: 0000000000000030 
[   10.799425] x17: 0000000000000003 x16: 0000ad72c791b070 
[   10.799431] x15: ffffffffffff9d18 x14: ffffffc011d3b1a0 
[   10.799437] x13: ffffffc011d3b1c8 x12: 0000000000000675 
[   10.799444] x11: 0000000000000227 x10: ffffffc011d671c8 
[   10.799450] x9 : 00000000fffff800 x8 : ffffffc011d3b1c8 
[   10.799457] x7 : ffffffc011d671c8 x6 : 0000000000000001 
[   10.799463] x5 : ffffff887f7929e0 x4 : 0000000000000000 
[   10.799470] x3 : 0000000000000027 x2 : 0000000000000023 
[   10.799476] x1 : ae04b026fa7a3200 x0 : 0000000000000000 
[   10.799482] Call trace:
[   10.799489]  clk_core_enable+0xa4/0xc0
[   10.799494]  clk_enable+0x2c/0x60
[   10.799500]  zynqmp_runtime_resume+0x24/0x84
[   10.799507]  pm_generic_runtime_resume+0x30/0x50
[   10.799513]  __genpd_runtime_resume+0x30/0xb0
[   10.799519]  genpd_runtime_resume+0x90/0x250
[   10.799525]  __rpm_callback+0x10c/0x1e0
[   10.799530]  rpm_callback+0x5c/0x84
[   10.799535]  rpm_resume+0x4a4/0x74c
[   10.799540]  __pm_runtime_resume+0x78/0xc4
[   10.799545]  spi_mem_access_start.isra.0+0x30/0x80
[   10.799549]  spi_mem_exec_op+0x3b0/0x424
[   10.799554]  spi_nor_read_sr+0x78/0xe0
[   10.799559]  spi_nor_wait_till_ready_with_timeout+0xb4/0x2f0
[   10.799563]  spi_nor_read+0x188/0x380
[   10.799568]  mtd_read_oob_std+0x78/0x84
[   10.799573]  mtd_read_oob+0x7c/0x134
[   10.799577]  mtd_read+0x48/0x7c
[   10.799583]  mtdblock_readsect+0x6c/0x150
[   10.799588]  mtd_queue_rq+0x2cc/0x5a0
[   10.799593]  blk_mq_dispatch_rq_list+0x110/0x790
[   10.799600]  __blk_mq_do_dispatch_sched+0x200/0x274
[   10.799605]  __blk_mq_sched_dispatch_requests+0x1a8/0x1fc
[   10.799611]  blk_mq_sched_dispatch_requests+0x3c/0x7c
[   10.799616]  __blk_mq_run_hw_queue+0x98/0x100
[   10.799620]  blk_mq_run_work_fn+0x24/0x30
[   10.799626]  process_one_work+0x1d4/0x380
[   10.799630]  worker_thread+0x78/0x4e0
[   10.799635]  kthread+0x124/0x130
[   10.799641]  ret_from_fork+0x10/0x3c
[   10.799644] ---[ end trace 6ede0906a4533033 ]---
[   10.799652] zynqmp-qspi ff0f0000.spi: Cannot enable APB clock.
[   10.799701] spi_master spi0: Failed to power device: -108
[   10.799711] blk_update_request: I/O error, dev mtdblock0, sector 8 op 0x0:(READ) flags 0x80700 phys_seg 1 prio class 0
[   10.799849] spi_master spi0: Failed to power device: -22
[   10.799856] blk_update_request: I/O error, dev mtdblock0, sector 8 op 0x0:(READ) flags 0x0 phys_seg 8 prio class 0
[   10.799862] Buffer I/O error on dev mtdblock0, logical block 8, async page read
[   10.799871] spi_master spi0: Failed to power device: -22
[   10.799877] blk_update_request: I/O error, dev mtdblock0, sector 9 op 0x0:(READ) flags 0x0 phys_seg 7 prio class 0
[   10.799881] Buffer I/O error on dev mtdblock0, logical block 9, async page read
[   10.799889] spi_master spi0: Failed to power device: -22
[   10.799894] blk_update_request: I/O error, dev mtdblock0, sector 10 op 0x0:(READ) flags 0x0 phys_seg 6 prio class 0
[   10.799898] Buffer I/O error on dev mtdblock0, logical block 10, async page read
[   10.799905] spi_master spi0: Failed to power device: -22
[   10.799911] blk_update_request: I/O error, dev mtdblock0, sector 11 op 0x0:(READ) flags 0x0 phys_seg 5 prio class 0
[   10.799915] Buffer I/O error on dev mtdblock0, logical block 11, async page read
[   10.799922] spi_master spi0: Failed to power device: -22
[   10.799927] blk_update_request: I/O error, dev mtdblock0, sector 12 op 0x0:(READ) flags 0x0 phys_seg 4 prio class 0
[   10.799931] Buffer I/O error on dev mtdblock0, logical block 12, async page read
[   10.799938] spi_master spi0: Failed to power device: -22
[   10.799944] blk_update_request: I/O error, dev mtdblock0, sector 13 op 0x0:(READ) flags 0x0 phys_seg 3 prio class 0
[   10.799947] Buffer I/O error on dev mtdblock0, logical block 13, async page read
[   10.799954] spi_master spi0: Failed to power device: -22
[   10.799960] blk_update_request: I/O error, dev mtdblock0, sector 14 op 0x0:(READ) flags 0x0 phys_seg 2 prio class 0
[   10.799964] Buffer I/O error on dev mtdblock0, logical block 14, async page read
[   10.799970] spi_master spi0: Failed to power device: -22
[   10.799976] blk_update_request: I/O error, dev mtdblock0, sector 15 op 0x0:(READ) flags 0x0 phys_seg 1 prio class 0
[   10.799979] Buffer I/O error on dev mtdblock0, logical block 15, async page read
[   10.800320] spi_master spi0: Failed to power device: -22
[   10.800328] blk_update_request: I/O error, dev mtdblock1, sector 10112 op 0x0:(READ) flags 0x80700 phys_seg 1 prio class 0
[   10.800375] spi_master spi0: Failed to power device: -22
[   10.800380] Buffer I/O error on dev mtdblock1, logical block 10112, async page read
[   10.800388] spi_master spi0: Failed to power device: -22
[   10.800393] Buffer I/O error on dev mtdblock1, logical block 10113, async page read
[   10.800400] spi_master spi0: Failed to power device: -22
[   10.800408] spi_master spi0: Failed to power device: -22
[   10.800415] spi_master spi0: Failed to power device: -22
[   10.800422] spi_master spi0: Failed to power device: -22
[   10.800430] spi_master spi0: Failed to power device: -22
[   10.800438] spi_master spi0: Failed to power device: -22
[   10.800687] spi_master spi0: Failed to power device: -22
[   10.800731] spi_master spi0: Failed to power device: -22
[   10.800744] spi_master spi0: Failed to power device: -22
[   10.800752] spi_master spi0: Failed to power device: -22
[   10.800759] spi_master spi0: Failed to power device: -22
[   10.800767] spi_master spi0: Failed to power device: -22
[   10.800774] spi_master spi0: Failed to power device: -22
[   10.800782] spi_master spi0: Failed to power device: -22
[   10.800789] spi_master spi0: Failed to power device: -22
[   10.801089] spi_master spi0: Failed to power device: -22
[   10.801133] spi_master spi0: Failed to power device: -22
[   10.801142] spi_master spi0: Failed to power device: -22
[   10.801150] spi_master spi0: Failed to power device: -22
[   10.801161] spi_master spi0: Failed to power device: -22
[   10.801168] spi_master spi0: Failed to power device: -22
[   10.801176] spi_master spi0: Failed to power device: -22
[   10.801183] spi_master spi0: Failed to power device: -22
[   10.801190] spi_master spi0: Failed to power device: -22
[   10.928277] EXT4-fs (mmcblk0p2): re-mounted. Opts: (null)
[   11.040495] systemd-journald[166]: Received request to flush runtime journal from PID 1
[   16.866326] macb ff0e0000.ethernet eth0: PHY [ff0e0000.ethernet-ffffffff:0c] driver [TI DP83867] (irq=POLL)
[   16.866339] macb ff0e0000.ethernet eth0: configuring for phy/rgmii-id link mode
[   18.203775] Adding 90108k swap on /var/swap.  Priority:-2 extents:1 across:90108k SS
[   19.119782] random: crng init done
[   19.119793] random: 7 urandom warning(s) missed due to ratelimiting
[   19.937469] macb ff0e0000.ethernet eth0: Link is Up - 1Gbps/Full - flow control off
[   19.937496] IPv6: ADDRCONF(NETDEV_CHANGE): eth0: link becomes ready
[   20.090565] broken atomic modeset userspace detected, disabling atomic
[   22.758611] broken atomic modeset userspace detected, disabling atomic
[   25.721164] broken atomic modeset userspace detected, disabling atomic