[    0.000000] Booting Linux on physical CPU 0x0000000000 [0x410fd034]
[    0.000000] Linux version 5.10.0-98103-g2aa7ac113716 (jenkins@romlxbuild1.adlk.analog.com) (aarch64-xilinx-linux-gcc.real (GCC) 10.2.0, GNU ld (GNU Binutils) 2.35.0.20200730) #5577 SMP Wed Mar 23 07:28:49 GMT 2022
[    0.000000] Machine model: ZynqMP ZCU102 Rev1.0
[    0.000000] earlycon: cdns0 at MMIO 0x00000000ff000000 (options '115200n8')
[    0.000000] printk: bootconsole [cdns0] enabled
[    0.000000] efi: UEFI not found.
[    0.000000] cma: Reserved 256 MiB at 0x0000000070000000
[    0.000000] Zone ranges:
[    0.000000]   DMA      [mem 0x0000000000000000-0x000000003fffffff]
[    0.000000]   DMA32    [mem 0x0000000040000000-0x00000000ffffffff]
[    0.000000]   Normal   [mem 0x0000000100000000-0x000000087fffffff]
[    0.000000] Movable zone start for each node
[    0.000000] Early memory node ranges
[    0.000000]   node   0: [mem 0x0000000000000000-0x000000007fffffff]
[    0.000000]   node   0: [mem 0x0000000800000000-0x000000087fffffff]
[    0.000000] Initmem setup node 0 [mem 0x0000000000000000-0x000000087fffffff]
[    0.000000] On node 0 totalpages: 1048576
[    0.000000]   DMA zone: 3584 pages used for memmap
[    0.000000]   DMA zone: 0 pages reserved
[    0.000000]   DMA zone: 262144 pages, LIFO batch:63
[    0.000000]   DMA32 zone: 3584 pages used for memmap
[    0.000000]   DMA32 zone: 262144 pages, LIFO batch:63
[    0.000000]   Normal zone: 7168 pages used for memmap
[    0.000000]   Normal zone: 524288 pages, LIFO batch:63
[    0.000000] psci: probing for conduit method from DT.
[    0.000000] psci: PSCIv1.1 detected in firmware.
[    0.000000] psci: Using standard PSCI v0.2 function IDs
[    0.000000] psci: MIGRATE_INFO_TYPE not supported.
[    0.000000] psci: SMC Calling Convention v1.2
[    0.000000] percpu: Embedded 22 pages/cpu s49496 r8192 d32424 u90112
[    0.000000] pcpu-alloc: s49496 r8192 d32424 u90112 alloc=22*4096
[    0.000000] pcpu-alloc: [0] 0 [0] 1 [0] 2 [0] 3 
[    0.000000] Detected VIPT I-cache on CPU0
[    0.000000] CPU features: detected: ARM erratum 845719
[    0.000000] Built 1 zonelists, mobility grouping on.  Total pages: 1034240
[    0.000000] Kernel command line: console=ttyPS0,115200 root=/dev/mmcblk0p2 rw earlycon rootfstype=ext4 rootwait clk_ignore_unused cpuidle.off=1 root=/dev/mmcblk0p2 rw rootwait
[    0.000000] Dentry cache hash table entries: 524288 (order: 10, 4194304 bytes, linear)
[    0.000000] Inode-cache hash table entries: 262144 (order: 9, 2097152 bytes, linear)
[    0.000000] mem auto-init: stack:off, heap alloc:off, heap free:off
[    0.000000] software IO TLB: mapped [mem 0x000000003bfff000-0x000000003ffff000] (64MB)
[    0.000000] Memory: 3761904K/4194304K available (15296K kernel code, 1636K rwdata, 11876K rodata, 2560K init, 507K bss, 170256K reserved, 262144K cma-reserved)
[    0.000000] rcu: Hierarchical RCU implementation.
[    0.000000] rcu: 	RCU event tracing is enabled.
[    0.000000] rcu: 	RCU restricting CPUs from NR_CPUS=8 to nr_cpu_ids=4.
[    0.000000] rcu: RCU calculated value of scheduler-enlistment delay is 25 jiffies.
[    0.000000] rcu: Adjusting geometry for rcu_fanout_leaf=16, nr_cpu_ids=4
[    0.000000] NR_IRQS: 64, nr_irqs: 64, preallocated irqs: 0
[    0.000000] GIC: Adjusting CPU interface base to 0x00000000f902f000
[    0.000000] GIC: Using split EOI/Deactivate mode
[    0.000000] random: get_random_bytes called from start_kernel+0x31c/0x54c with crng_init=0
[    0.000000] arch_timer: cp15 timer(s) running at 100.00MHz (phys).
[    0.000000] clocksource: arch_sys_counter: mask: 0xffffffffffffff max_cycles: 0x171024e7e0, max_idle_ns: 440795205315 ns
[    0.000003] sched_clock: 56 bits at 100MHz, resolution 10ns, wraps every 4398046511100ns
[    0.008462] Console: colour dummy device 80x25
[    0.012482] Calibrating delay loop (skipped), value calculated using timer frequency.. 200.00 BogoMIPS (lpj=400000)
[    0.022840] pid_max: default: 32768 minimum: 301
[    0.027550] Mount-cache hash table entries: 8192 (order: 4, 65536 bytes, linear)
[    0.034789] Mountpoint-cache hash table entries: 8192 (order: 4, 65536 bytes, linear)
[    0.043397] rcu: Hierarchical SRCU implementation.
[    0.047560] EFI services will not be available.
[    0.051939] smp: Bringing up secondary CPUs ...
[    0.056658] Detected VIPT I-cache on CPU1
[    0.056697] CPU1: Booted secondary processor 0x0000000001 [0x410fd034]
[    0.057062] Detected VIPT I-cache on CPU2
[    0.057086] CPU2: Booted secondary processor 0x0000000002 [0x410fd034]
[    0.057425] Detected VIPT I-cache on CPU3
[    0.057448] CPU3: Booted secondary processor 0x0000000003 [0x410fd034]
[    0.057494] smp: Brought up 1 node, 4 CPUs
[    0.091779] SMP: Total of 4 processors activated.
[    0.096452] CPU features: detected: 32-bit EL0 Support
[    0.101556] CPU features: detected: CRC32 instructions
[    0.106693] CPU: All CPU(s) started at EL2
[    0.110736] alternatives: patching kernel code
[    0.116168] devtmpfs: initialized
[    0.124061] Registered cp15_barrier emulation handler
[    0.124111] Registered setend emulation handler
[    0.128090] clocksource: jiffies: mask: 0xffffffff max_cycles: 0xffffffff, max_idle_ns: 7645041785100000 ns
[    0.137670] futex hash table entries: 1024 (order: 4, 65536 bytes, linear)
[    0.151035] pinctrl core: initialized pinctrl subsystem
[    0.151682] NET: Registered protocol family 16
[    0.156099] DMA: preallocated 512 KiB GFP_KERNEL pool for atomic allocations
[    0.162116] DMA: preallocated 512 KiB GFP_KERNEL|GFP_DMA pool for atomic allocations
[    0.169842] DMA: preallocated 512 KiB GFP_KERNEL|GFP_DMA32 pool for atomic allocations
[    0.177645] audit: initializing netlink subsys (disabled)
[    0.183098] audit: type=2000 audit(0.116:1): state=initialized audit_enabled=0 res=1
[    0.183442] hw-breakpoint: found 6 breakpoint and 4 watchpoint registers.
[    0.197472] ASID allocator initialised with 65536 entries
[    0.224366] HugeTLB registered 1.00 GiB page size, pre-allocated 0 pages
[    0.225421] HugeTLB registered 32.0 MiB page size, pre-allocated 0 pages
[    0.232091] HugeTLB registered 2.00 MiB page size, pre-allocated 0 pages
[    0.238755] HugeTLB registered 64.0 KiB page size, pre-allocated 0 pages
[    1.304348] DRBG: Continuing without Jitter RNG
[    1.382144] raid6: neonx8   gen()  2137 MB/s
[    1.450196] raid6: neonx8   xor()  1599 MB/s
[    1.518255] raid6: neonx4   gen()  2197 MB/s
[    1.586302] raid6: neonx4   xor()  1567 MB/s
[    1.654371] raid6: neonx2   gen()  2076 MB/s
[    1.722418] raid6: neonx2   xor()  1443 MB/s
[    1.790489] raid6: neonx1   gen()  1772 MB/s
[    1.858529] raid6: neonx1   xor()  1220 MB/s
[    1.926593] raid6: int64x8  gen()  1438 MB/s
[    1.994644] raid6: int64x8  xor()   771 MB/s
[    2.062721] raid6: int64x4  gen()  1598 MB/s
[    2.130765] raid6: int64x4  xor()   818 MB/s
[    2.198829] raid6: int64x2  gen()  1397 MB/s
[    2.266880] raid6: int64x2  xor()   750 MB/s
[    2.334962] raid6: int64x1  gen()  1034 MB/s
[    2.403018] raid6: int64x1  xor()   517 MB/s
[    2.403056] raid6: using algorithm neonx4 gen() 2197 MB/s
[    2.407013] raid6: .... xor() 1567 MB/s, rmw enabled
[    2.411943] raid6: using neon recovery algorithm
[    2.416959] iommu: Default domain type: Translated 
[    2.421569] SCSI subsystem initialized
[    2.425112] libata version 3.00 loaded.
[    2.425236] usbcore: registered new interface driver usbfs
[    2.430567] usbcore: registered new interface driver hub
[    2.435841] usbcore: registered new device driver usb
[    2.440974] mc: Linux media interface: v0.10
[    2.445092] videodev: Linux video capture interface: v2.00
[    2.450584] EDAC MC: Ver: 3.0.0
[    2.454016] zynqmp-ipi-mbox mailbox@ff990400: Registered ZynqMP IPI mbox with TX/RX channels.
[    2.462529] jesd204: created con: id=0, topo=0, link=0, /axi/spi@ff050000/hmc7044@0 <-> /fpga-axi@0/axi-adxcvr-tx@84b60000
[    2.473112] jesd204: created con: id=1, topo=0, link=2, /axi/spi@ff050000/hmc7044@0 <-> /fpga-axi@0/axi-adxcvr-rx@84a60000
[    2.484096] jesd204: created con: id=2, topo=0, link=0, /fpga-axi@0/axi-adxcvr-tx@84b60000 <-> /fpga-axi@0/axi-jesd204-tx@84b90000
[    2.495771] jesd204: created con: id=3, topo=0, link=2, /fpga-axi@0/axi-adxcvr-rx@84a60000 <-> /fpga-axi@0/axi-jesd204-rx@84a90000
[    2.507449] jesd204: created con: id=4, topo=0, link=0, /fpga-axi@0/axi-jesd204-tx@84b90000 <-> /fpga-axi@0/axi-ad9081-tx-hpc@84b10000
[    2.519477] jesd204: created con: id=5, topo=0, link=2, /fpga-axi@0/axi-jesd204-rx@84a90000 <-> /fpga-axi@0/axi-ad9081-rx-hpc@84a10000
[    2.531499] jesd204: created con: id=6, topo=0, link=2, /fpga-axi@0/axi-ad9081-rx-hpc@84a10000 <-> /axi/spi@ff040000/ad9081@0
[    2.542740] jesd204: created con: id=7, topo=0, link=0, /fpga-axi@0/axi-ad9081-tx-hpc@84b10000 <-> /axi/spi@ff040000/ad9081@0
[    2.553990] jesd204: /axi/spi@ff040000/ad9081@0: JESD204[2] transition uninitialized -> initialized
[    2.562977] jesd204: /axi/spi@ff040000/ad9081@0: JESD204[0] transition uninitialized -> initialized
[    2.571968] jesd204: found 8 devices and 1 topologies
[    2.577013] FPGA manager framework
[    2.580489] Advanced Linux Sound Architecture Driver Initialized.
[    2.586784] Bluetooth: Core ver 2.22
[    2.589973] NET: Registered protocol family 31
[    2.594373] Bluetooth: HCI device and connection manager initialized
[    2.600689] Bluetooth: HCI socket layer initialized
[    2.605531] Bluetooth: L2CAP socket layer initialized
[    2.610555] Bluetooth: SCO socket layer initialized
[    2.615744] clocksource: Switched to clocksource arch_sys_counter
[    2.621546] VFS: Disk quotas dquot_6.6.0
[    2.625382] VFS: Dquot-cache hash table entries: 512 (order 0, 4096 bytes)
[    2.636089] NET: Registered protocol family 2
[    2.636828] tcp_listen_portaddr_hash hash table entries: 2048 (order: 3, 32768 bytes, linear)
[    2.645023] TCP established hash table entries: 32768 (order: 6, 262144 bytes, linear)
[    2.653048] TCP bind hash table entries: 32768 (order: 7, 524288 bytes, linear)
[    2.660493] TCP: Hash tables configured (established 32768 bind 32768)
[    2.666666] UDP hash table entries: 2048 (order: 4, 65536 bytes, linear)
[    2.673333] UDP-Lite hash table entries: 2048 (order: 4, 65536 bytes, linear)
[    2.680493] NET: Registered protocol family 1
[    2.684972] RPC: Registered named UNIX socket transport module.
[    2.690569] RPC: Registered udp transport module.
[    2.695234] RPC: Registered tcp transport module.
[    2.699904] RPC: Registered tcp NFSv4.1 backchannel transport module.
[    2.706887] PCI: CLS 0 bytes, default 64
[    2.710591] hw perfevents: no interrupt-affinity property for /pmu, guessing.
[    2.717458] hw perfevents: enabled with armv8_pmuv3 PMU driver, 7 counters available
[    2.725800] Initialise system trusted keyrings
[    2.729480] workingset: timestamp_bits=62 max_order=20 bucket_order=0
[    2.736379] NFS: Registering the id_resolver key type
[    2.740833] Key type id_resolver registered
[    2.744971] Key type id_legacy registered
[    2.748962] nfs4filelayout_init: NFSv4 File Layout Driver Registering...
[    2.755627] jffs2: version 2.2. (NAND) (SUMMARY)  Â© 2001-2006 Red Hat, Inc.
[    2.798305] NET: Registered protocol family 38
[    2.798347] xor: measuring software checksum speed
[    2.806038]    8regs           :  2363 MB/sec
[    2.809706]    32regs          :  2799 MB/sec
[    2.814649]    arm64_neon      :  2380 MB/sec
[    2.814839] xor: using function: 32regs (2799 MB/sec)
[    2.819865] Key type asymmetric registered
[    2.823926] Asymmetric key parser 'x509' registered
[    2.828786] Block layer SCSI generic (bsg) driver version 0.4 loaded (major 248)
[    2.836124] io scheduler mq-deadline registered
[    2.840620] io scheduler kyber registered
[    2.870016] Serial: 8250/16550 driver, 4 ports, IRQ sharing disabled
[    2.874667] cacheinfo: Unable to detect cache hierarchy for CPU 0
[    2.881004] brd: module loaded
[    2.885143] loop: module loaded
[    2.885687] Registered mathworks_ip class
[    2.889051] libphy: Fixed MDIO Bus: probed
[    2.891995] tun: Universal TUN/TAP device driver, 1.6
[    2.896070] CAN device driver interface
[    2.900605] usbcore: registered new interface driver asix
[    2.905195] usbcore: registered new interface driver ax88179_178a
[    2.911232] usbcore: registered new interface driver cdc_ether
[    2.917028] usbcore: registered new interface driver net1080
[    2.922651] usbcore: registered new interface driver cdc_subset
[    2.928533] usbcore: registered new interface driver zaurus
[    2.934076] usbcore: registered new interface driver cdc_ncm
[    2.940492] ehci_hcd: USB 2.0 'Enhanced' Host Controller (EHCI) Driver
[    2.946162] ehci-pci: EHCI PCI platform driver
[    2.950951] usbcore: registered new interface driver uas
[    2.955879] usbcore: registered new interface driver usb-storage
[    2.961865] usbcore: registered new interface driver usbserial_generic
[    2.968319] usbserial: USB Serial support registered for generic
[    2.974290] usbcore: registered new interface driver ftdi_sio
[    2.979992] usbserial: USB Serial support registered for FTDI USB Serial Device
[    2.987264] usbcore: registered new interface driver upd78f0730
[    2.993140] usbserial: USB Serial support registered for upd78f0730
[    3.000809] rtc_zynqmp ffa60000.rtc: registered as rtc0
[    3.004569] rtc_zynqmp ffa60000.rtc: setting system clock to 2022-03-26T02:51:37 UTC (1648263097)
[    3.013431] i2c /dev entries driver
[    3.018735] usbcore: registered new interface driver uvcvideo
[    3.022541] USB Video Class driver (1.1.1)
[    3.028124] Bluetooth: HCI UART driver ver 2.3
[    3.031012] Bluetooth: HCI UART protocol H4 registered
[    3.036122] Bluetooth: HCI UART protocol BCSP registered
[    3.041411] Bluetooth: HCI UART protocol LL registered
[    3.046499] Bluetooth: HCI UART protocol ATH3K registered
[    3.051873] Bluetooth: HCI UART protocol Three-wire (H5) registered
[    3.058132] Bluetooth: HCI UART protocol Intel registered
[    3.063466] Bluetooth: HCI UART protocol QCA registered
[    3.068666] usbcore: registered new interface driver bcm203x
[    3.074291] usbcore: registered new interface driver bpa10x
[    3.079827] usbcore: registered new interface driver bfusb
[    3.085273] usbcore: registered new interface driver btusb
[    3.090738] usbcore: registered new interface driver ath3k
[    3.096220] EDAC MC: ECC not enabled
[    3.099848] EDAC DEVICE0: Giving out device to module zynqmp-ocm-edac controller zynqmp_ocm: DEV ff960000.memory-controller (INTERRUPT)
[    3.112159] sdhci: Secure Digital Host Controller Interface driver
[    3.117949] sdhci: Copyright(c) Pierre Ossman
[    3.122274] sdhci-pltfm: SDHCI platform and OF driver helper
[    3.128329] ledtrig-cpu: registered to indicate activity on CPUs
[    3.133879] SMCCC: SOC_ID: ARCH_SOC_ID not implemented, skipping ....
[    3.140308] zynqmp_firmware_probe Platform Management API v1.1
[    3.146065] zynqmp_firmware_probe Trustzone version v1.0
[    3.185626] zynqmp-pinctrl firmware:zynqmp-firmware:pinctrl: zynqmp pinctrl initialized
[    3.233551] zynqmp-aes firmware:zynqmp-firmware:zynqmp-aes: will run requests pump with realtime priority
[    3.249265] alg: No test for xilinx-keccak-384 (zynqmp-keccak-384)
[    3.249967] alg: No test for xilinx-zynqmp-rsa (zynqmp-rsa)
[    3.255485] usbcore: registered new interface driver usbhid
[    3.260875] usbhid: USB HID core driver
[    3.272114] axi_sysid 85000000.axi-sysid-0: AXI System ID core version (1.01.a) found
[    3.274464] axi_sysid 85000000.axi-sysid-0: [ad9081_fmca_ebz] on [zcu102] git branch <master> git <084d44c9780640ca93fd847b1d9ec70dd65f5c67> clean [2022-03-18 04:17:50] UTC
[    3.290153] fpga_manager fpga0: Xilinx ZynqMP FPGA Manager registered
[    3.296521] usbcore: registered new interface driver snd-usb-audio
[    3.303956] pktgen: Packet Generator for packet performance testing. Version: 2.75
[    3.310131] Initializing XFRM netlink socket
[    3.313990] NET: Registered protocol family 10
[    3.318733] Segment Routing with IPv6
[    3.322086] sit: IPv6, IPv4 and MPLS over IPv4 tunneling driver
[    3.328163] NET: Registered protocol family 17
[    3.332267] NET: Registered protocol family 15
[    3.336761] can: controller area network core
[    3.341018] NET: Registered protocol family 29
[    3.345406] can: raw protocol
[    3.348343] can: broadcast manager protocol
[    3.352497] can: netlink gateway - max_hops=1
[    3.356895] Bluetooth: RFCOMM TTY layer initialized
[    3.361671] Bluetooth: RFCOMM socket layer initialized
[    3.366782] Bluetooth: RFCOMM ver 1.11
[    3.370490] Bluetooth: BNEP (Ethernet Emulation) ver 1.3
[    3.375761] Bluetooth: BNEP filters: protocol multicast
[    3.380955] Bluetooth: BNEP socket layer initialized
[    3.385882] Bluetooth: HIDP (Human Interface Emulation) ver 1.2
[    3.391766] Bluetooth: HIDP socket layer initialized
[    3.396816] 9pnet: Installing 9P2000 support
[    3.400943] NET: Registered protocol family 36
[    3.405360] Key type dns_resolver registered
[    3.409792] registered taskstats version 1
[    3.413655] Loading compiled-in X.509 certificates
[    3.418778] Btrfs loaded, crc32c=crc32c-generic
[    3.431172] ff000000.serial: ttyPS0 at MMIO 0xff000000 (irq = 49, base_baud = 6249999) is a xuartps
[    3.440190] printk: console [ttyPS0] enabled
[    3.444485] printk: bootconsole [cdns0] disabled
[    3.454113] ff010000.serial: ttyPS1 at MMIO 0xff010000 (irq = 50, base_baud = 6249999) is a xuartps
[    3.467364] of-fpga-region fpga-full: FPGA Region probed
[    3.474309] nwl-pcie fd0e0000.pcie: host bridge /axi/pcie@fd0e0000 ranges:
[    3.481206] nwl-pcie fd0e0000.pcie:      MEM 0x00e0000000..0x00efffffff -> 0x00e0000000
[    3.489214] nwl-pcie fd0e0000.pcie:      MEM 0x0600000000..0x07ffffffff -> 0x0600000000
[    3.497278] nwl-pcie fd0e0000.pcie: Link is DOWN
[    3.502038] nwl-pcie fd0e0000.pcie: PCI host bridge to bus 0000:00
[    3.508213] pci_bus 0000:00: root bus resource [bus 00-ff]
[    3.513694] pci_bus 0000:00: root bus resource [mem 0xe0000000-0xefffffff]
[    3.520565] pci_bus 0000:00: root bus resource [mem 0x600000000-0x7ffffffff pref]
[    3.528068] pci 0000:00:00.0: [10ee:d021] type 01 class 0x060400
[    3.534125] pci 0000:00:00.0: PME# supported from D0 D1 D2 D3hot
[    3.544568] pci 0000:00:00.0: PCI bridge to [bus 01-0c]
[    3.550544] xilinx-zynqmp-dma fd500000.dma: ZynqMP DMA driver Probe success
[    3.557720] xilinx-zynqmp-dma fd510000.dma: ZynqMP DMA driver Probe success
[    3.564888] xilinx-zynqmp-dma fd520000.dma: ZynqMP DMA driver Probe success
[    3.572056] xilinx-zynqmp-dma fd530000.dma: ZynqMP DMA driver Probe success
[    3.579226] xilinx-zynqmp-dma fd540000.dma: ZynqMP DMA driver Probe success
[    3.586394] xilinx-zynqmp-dma fd550000.dma: ZynqMP DMA driver Probe success
[    3.593565] xilinx-zynqmp-dma fd560000.dma: ZynqMP DMA driver Probe success
[    3.600732] xilinx-zynqmp-dma fd570000.dma: ZynqMP DMA driver Probe success
[    3.608160] xilinx-zynqmp-dpdma fd4c0000.dma-controller: Xilinx DPDMA engine is probed
[    3.616715] ahci-ceva fd0c0000.ahci: supply ahci not found, using dummy regulator
[    3.624259] ahci-ceva fd0c0000.ahci: supply phy not found, using dummy regulator
[    3.711920] hmc7044 spi2.0: PLL1: Acquisition, CLKIN0 @ 122880000 Hz, PFD: 80 kHz - PLL2: Locked @ 2872.000000 MHz
[    3.722645] jesd204: /axi/spi@ff050000/hmc7044@0,jesd204:1,parent=spi2.0: Using as SYSREF provider
[    3.732226] spi-nor spi0.0: SPI-NOR-UniqueID 100000235394732200270025081115266e
[    3.739535] spi-nor spi0.0: found n25q512a, expected m25p80
[    3.745748] spi-nor spi0.0: trying to lock already unlocked area
[    3.751756] spi-nor spi0.0: n25q512a (131072 Kbytes)
[    3.756739] 4 fixed-partitions partitions found on MTD device spi0.0
[    3.763087] Creating 4 MTD partitions on "spi0.0":
[    3.767872] 0x000000000000-0x000000100000 : "qspi-fsbl-uboot"
[    3.774355] 0x000000100000-0x000000600000 : "qspi-linux"
[    3.780312] 0x000000600000-0x000000620000 : "qspi-device-tree"
[    3.786788] 0x000000620000-0x000000c00000 : "qspi-rootfs"
[    3.795268] macb ff0e0000.ethernet: Not enabling partial store and forward
[    3.802788] libphy: MACB_mii_bus: probed
[    3.807838] macb ff0e0000.ethernet eth0: Cadence GEM rev 0x50070106 at 0xff0e0000 irq 30 (00:0a:35:04:8e:1b)
[    3.818045] xilinx-axipmon ffa00000.perf-monitor: Probed Xilinx APM
[    3.824621] xilinx-axipmon fd0b0000.perf-monitor: Probed Xilinx APM
[    3.831134] xilinx-axipmon fd490000.perf-monitor: Probed Xilinx APM
[    3.837677] xilinx-axipmon ffa10000.perf-monitor: Probed Xilinx APM
[    3.847652] pca953x 0-0020: supply vcc not found, using dummy regulator
[    3.854335] pca953x 0-0020: using no AI
[    3.858824] gpio-496 (sel0): hogged as output/low
[    3.863725] gpio-497 (sel1): hogged as output/high
[    3.868710] gpio-498 (sel2): hogged as output/high
[    3.873701] gpio-499 (sel3): hogged as output/high
[    3.878882] pca953x 0-0021: supply vcc not found, using dummy regulator
[    3.885566] pca953x 0-0021: using no AI
[    3.891330] ina2xx 2-0040: power monitor ina226 (Rshunt = 5000 uOhm)
[    3.898365] ina2xx 2-0041: power monitor ina226 (Rshunt = 5000 uOhm)
[    3.905400] ina2xx 2-0042: power monitor ina226 (Rshunt = 5000 uOhm)
[    3.912433] ina2xx 2-0043: power monitor ina226 (Rshunt = 5000 uOhm)
[    3.919458] ina2xx 2-0044: power monitor ina226 (Rshunt = 5000 uOhm)
[    3.926477] ina2xx 2-0045: power monitor ina226 (Rshunt = 5000 uOhm)
[    3.933510] ina2xx 2-0046: power monitor ina226 (Rshunt = 5000 uOhm)
[    3.940582] ina2xx 2-0047: power monitor ina226 (Rshunt = 5000 uOhm)
[    3.947610] ina2xx 2-004a: power monitor ina226 (Rshunt = 5000 uOhm)
[    3.954644] ina2xx 2-004b: power monitor ina226 (Rshunt = 5000 uOhm)
[    3.961053] i2c i2c-0: Added multiplexed i2c bus 2
[    3.966434] random: fast init done
[    3.969901] ina2xx 3-0040: power monitor ina226 (Rshunt = 2000 uOhm)
[    3.976933] ina2xx 3-0041: power monitor ina226 (Rshunt = 5000 uOhm)
[    3.983962] ina2xx 3-0042: power monitor ina226 (Rshunt = 5000 uOhm)
[    3.990991] ina2xx 3-0043: power monitor ina226 (Rshunt = 5000 uOhm)
[    3.998015] ina2xx 3-0044: power monitor ina226 (Rshunt = 5000 uOhm)
[    4.005046] ina2xx 3-0045: power monitor ina226 (Rshunt = 5000 uOhm)
[    4.012079] ina2xx 3-0046: power monitor ina226 (Rshunt = 5000 uOhm)
[    4.019111] ina2xx 3-0047: power monitor ina226 (Rshunt = 5000 uOhm)
[    4.025511] i2c i2c-0: Added multiplexed i2c bus 3
[    4.081315] i2c i2c-0: Added multiplexed i2c bus 4
[    4.086252] i2c i2c-0: Added multiplexed i2c bus 5
[    4.091041] pca954x 0-0075: registered 4 multiplexed busses for I2C mux pca9544
[    4.098392] cdns-i2c ff020000.i2c: 400 kHz mmio ff020000 irq 32
[    4.106122] at24 6-0054: supply vcc not found, using dummy regulator
[    4.113007] at24 6-0054: 1024 byte 24c08 EEPROM, writable, 1 bytes/write
[    4.119766] i2c i2c-1: Added multiplexed i2c bus 6
[    4.126189] si5341 7-0036: Chip: 5341 Grade: 1 Rev: 1
[    4.163863] i2c i2c-1: Added multiplexed i2c bus 7
[    4.171508] si570 8-005d: registered, current frequency 300000000 Hz
[    4.177909] i2c i2c-1: Added multiplexed i2c bus 8
[    4.197689] si570 9-005d: registered, current frequency 148500000 Hz
[    4.204086] i2c i2c-1: Added multiplexed i2c bus 9
[    4.209123] si5324 10-0069: si5328 probed
[    4.276100] si5324 10-0069: si5328 probe successful
[    4.281029] i2c i2c-1: Added multiplexed i2c bus 10
[    4.286053] i2c i2c-1: Added multiplexed i2c bus 11
[    4.291088] i2c i2c-1: Added multiplexed i2c bus 12
[    4.296120] i2c i2c-1: Added multiplexed i2c bus 13
[    4.300992] pca954x 1-0074: registered 8 multiplexed busses for I2C switch pca9548
[    4.309104] at24 14-0050: supply vcc not found, using dummy regulator
[    4.315882] at24 14-0050: 256 byte 24c02 EEPROM, writable, 1 bytes/write
[    4.322627] i2c i2c-1: Added multiplexed i2c bus 14
[    4.327667] i2c i2c-1: Added multiplexed i2c bus 15
[    4.332703] i2c i2c-1: Added multiplexed i2c bus 16
[    4.337734] i2c i2c-1: Added multiplexed i2c bus 17
[    4.342769] i2c i2c-1: Added multiplexed i2c bus 18
[    4.347815] i2c i2c-1: Added multiplexed i2c bus 19
[    4.352853] i2c i2c-1: Added multiplexed i2c bus 20
[    4.357895] i2c i2c-1: Added multiplexed i2c bus 21
[    4.362767] pca954x 1-0075: registered 8 multiplexed busses for I2C switch pca9548
[    4.370376] cdns-i2c ff030000.i2c: 400 kHz mmio ff030000 irq 33
[    4.380130] cdns-wdt fd4d0000.watchdog: Xilinx Watchdog Timer with timeout 60s
[    4.391070] axi_adxcvr 84a60000.axi-adxcvr-rx: AXI-ADXCVR-RX (17.05.a) using CPLL on GTH4 at 0x84A60000. Number of lanes: 4.
[    4.403236] axi_adxcvr 84b60000.axi-adxcvr-tx: AXI-ADXCVR-TX (17.05.a) using QPLL on GTH4 at 0x84B60000. Number of lanes: 4.
[    4.414863] axi-jesd204-rx 84a90000.axi-jesd204-rx: AXI-JESD204-RX (1.07.a) at 0x84A90000. Encoder 8b10b, width 4/4, lanes 4, jesd204-fsm.
[    4.422146] mmc0: SDHCI controller on ff170000.mmc [ff170000.mmc] using ADMA 64-bit
[    4.427706] axi-jesd204-tx 84b90000.axi-jesd204-tx: AXI-JESD204-TX (1.06.a) at 0x84B90000. Encoder 8b10b, width 4/4, lanes 4, jesd204-fsm.
[    4.448436] zynqmp-display fd4a0000.display: vtc bridge property not present
[    4.458074] xilinx-dp-snd-codec fd4a0000.display:zynqmp_dp_snd_codec0: Failed to get required clock freq
[    4.467578] xilinx-dp-snd-codec: probe of fd4a0000.display:zynqmp_dp_snd_codec0 failed with error -22
[    4.470068] mmc0: new high speed SDHC card at address 0001
[    4.477119] xilinx-dp-snd-pcm zynqmp_dp_snd_pcm0: Xilinx DisplayPort Sound PCM probed
[    4.482634] mmcblk0: mmc0:0001 EB1QT 29.8 GiB 
[    4.490438] xilinx-dp-snd-pcm zynqmp_dp_snd_pcm1: Xilinx DisplayPort Sound PCM probed
[    4.502725] OF: graph: no port node found in /axi/display@fd4a0000
[    4.509138] xlnx-drm xlnx-drm.0: bound fd4a0000.display (ops 0xffffffc010fcbdb8)
[    4.509926]  mmcblk0: p1 p2 p3
[    5.595761] zynqmp-display fd4a0000.display: [drm] Cannot find any crtc or sizes
[    5.603389] [drm] Initialized xlnx 1.0.0 20130509 for fd4a0000.display on minor 0
[    5.610889] zynqmp-display fd4a0000.display: ZynqMP DisplayPort Subsystem driver probed
[    5.619233] ahci-ceva fd0c0000.ahci: supply ahci not found, using dummy regulator
[    5.626779] ahci-ceva fd0c0000.ahci: supply phy not found, using dummy regulator
[    5.634233] ahci-ceva fd0c0000.ahci: supply target not found, using dummy regulator
[    5.642067] ahci-ceva fd0c0000.ahci: AHCI 0001.0301 32 slots 2 ports 6 Gbps 0x3 impl platform mode
[    5.651025] ahci-ceva fd0c0000.ahci: flags: 64bit ncq sntf pm clo only pmp fbs pio slum part ccc sds apst 
[    5.661685] scsi host0: ahci-ceva
[    5.665279] scsi host1: ahci-ceva
[    5.668717] ata1: SATA max UDMA/133 mmio [mem 0xfd0c0000-0xfd0c1fff] port 0x100 irq 45
[    5.676631] ata2: SATA max UDMA/133 mmio [mem 0xfd0c0000-0xfd0c1fff] port 0x180 irq 45
[    5.685236] ad9081 spi1.0: supply vdd not found, using dummy regulator
[    5.997955] ata2: SATA link down (SStatus 0 SControl 330)
[    6.003371] ata1: SATA link down (SStatus 0 SControl 330)
[    6.679764] zynqmp-display fd4a0000.display: [drm] Cannot find any crtc or sizes
[    7.544448] ad9081 spi1.0: AD9081 Rev. 2 Grade 10 (API 1.2.2) probed
[    7.551634] xhci-hcd xhci-hcd.1.auto: xHCI Host Controller
[    7.557132] xhci-hcd xhci-hcd.1.auto: new USB bus registered, assigned bus number 1
[    7.564878] xhci-hcd xhci-hcd.1.auto: hcc params 0x0238f625 hci version 0x100 quirks 0x0000000002010810
[    7.574297] xhci-hcd xhci-hcd.1.auto: irq 59, io mem 0xfe200000
[    7.580405] usb usb1: New USB device found, idVendor=1d6b, idProduct=0002, bcdDevice= 5.10
[    7.588663] usb usb1: New USB device strings: Mfr=3, Product=2, SerialNumber=1
[    7.595880] usb usb1: Product: xHCI Host Controller
[    7.600749] usb usb1: Manufacturer: Linux 5.10.0-98103-g2aa7ac113716 xhci-hcd
[    7.607874] usb usb1: SerialNumber: xhci-hcd.1.auto
[    7.613038] hub 1-0:1.0: USB hub found
[    7.616802] hub 1-0:1.0: 1 port detected
[    7.620898] xhci-hcd xhci-hcd.1.auto: xHCI Host Controller
[    7.626383] xhci-hcd xhci-hcd.1.auto: new USB bus registered, assigned bus number 2
[    7.634036] xhci-hcd xhci-hcd.1.auto: Host supports USB 3.0 SuperSpeed
[    7.640660] usb usb2: New USB device found, idVendor=1d6b, idProduct=0003, bcdDevice= 5.10
[    7.648918] usb usb2: New USB device strings: Mfr=3, Product=2, SerialNumber=1
[    7.656138] usb usb2: Product: xHCI Host Controller
[    7.661006] usb usb2: Manufacturer: Linux 5.10.0-98103-g2aa7ac113716 xhci-hcd
[    7.668132] usb usb2: SerialNumber: xhci-hcd.1.auto
[    7.673241] hub 2-0:1.0: USB hub found
[    7.677005] hub 2-0:1.0: 1 port detected
[    7.707094] cf_axi_adc 84a10000.axi-ad9081-rx-hpc: ADI AIM (10.01.b) at 0x84A10000 mapped to 0x(____ptrval____), probed ADC AD9081 as MASTER
[    7.740578] cf_axi_dds 84b10000.axi-ad9081-tx-hpc: Analog Devices CF_AXI_DDS_DDS MASTER (9.01.b) at 0x84B10000 mapped to 0x(____ptrval____), probed DDS AD9081
[    7.754785] jesd204: /axi/spi@ff040000/ad9081@0,jesd204:0,parent=spi1.0: JESD204[2] transition initialized -> probed
[    7.765305] jesd204: /axi/spi@ff040000/ad9081@0,jesd204:0,parent=spi1.0: JESD204[0] transition initialized -> probed
[    7.775828] jesd204: /axi/spi@ff040000/ad9081@0,jesd204:0,parent=spi1.0: JESD204[2] transition probed -> idle
[    7.785744] jesd204: /axi/spi@ff040000/ad9081@0,jesd204:0,parent=spi1.0: JESD204[0] transition probed -> idle
[    7.795660] jesd204: /axi/spi@ff040000/ad9081@0,jesd204:0,parent=spi1.0: JESD204[2] transition idle -> device_init
[    7.806002] jesd204: /axi/spi@ff040000/ad9081@0,jesd204:0,parent=spi1.0: JESD204[0] transition idle -> device_init
[    7.816355] jesd204: /axi/spi@ff040000/ad9081@0,jesd204:0,parent=spi1.0: JESD204[2] transition device_init -> link_init
[    7.827129] jesd204: /axi/spi@ff040000/ad9081@0,jesd204:0,parent=spi1.0: JESD204[0] transition device_init -> link_init
[    7.837920] jesd204: /axi/spi@ff040000/ad9081@0,jesd204:0,parent=spi1.0: JESD204[2] transition link_init -> link_supported
[    7.848959] jesd204: /axi/spi@ff040000/ad9081@0,jesd204:0,parent=spi1.0: JESD204[0] transition link_init -> link_supported
[    7.860377] hmc7044 spi2.0: hmc7044_jesd204_link_pre_setup: Link2 forcing continuous SYSREF mode
[    7.869317] axi-jesd204-rx 84a90000.axi-jesd204-rx: axi_jesd204_rx_jesd204_link_pre_setup: Link2 set lane rate 14360000 kHz failed (-22)
[    7.881573] jesd204: /fpga-axi@0/axi-jesd204-rx@84a90000,jesd204:4,parent=84a90000.axi-jesd204-rx: JESD204[2] In link_pre_setup got error from cb: -22
[    7.895042] jesd204: /axi/spi@ff040000/ad9081@0,jesd204:0,parent=spi1.0: Rolling back from 'link_supported', got error -22
[    7.906093] jesd204: /axi/spi@ff040000/ad9081@0,jesd204:0,parent=spi1.0: JESD204[0] transition link_supported -> link_pre_setup
[    7.917566] jesd204: /axi/spi@ff040000/ad9081@0,jesd204:0,parent=spi1.0: JESD204[2] transition link_supported -> link_pre_setup
[    7.929044] jesd204: /axi/spi@ff040000/ad9081@0,jesd204:0,parent=spi1.0: JESD204[0] transition link_pre_setup -> link_supported
[    7.940517] jesd204: /axi/spi@ff040000/ad9081@0,jesd204:0,parent=spi1.0: JESD204[2] transition link_pre_setup -> link_supported
[    7.951994] jesd204: /axi/spi@ff040000/ad9081@0,jesd204:0,parent=spi1.0: JESD204[0] transition link_supported -> link_init
[    7.963031] jesd204: /axi/spi@ff040000/ad9081@0,jesd204:0,parent=spi1.0: JESD204[2] transition link_supported -> link_init
[    7.974078] jesd204: /axi/spi@ff040000/ad9081@0,jesd204:0,parent=spi1.0: JESD204[0] transition link_init -> device_init
[    7.984858] jesd204: /axi/spi@ff040000/ad9081@0,jesd204:0,parent=spi1.0: JESD204[2] transition link_init -> device_init
[    7.995636] jesd204: /axi/spi@ff040000/ad9081@0,jesd204:0,parent=spi1.0: JESD204[0] transition device_init -> idle
[    8.005980] jesd204: /axi/spi@ff040000/ad9081@0,jesd204:0,parent=spi1.0: JESD204[2] transition device_init -> idle
[    8.016331] jesd204: /axi/spi@ff040000/ad9081@0,jesd204:0,parent=spi1.0: JESD204[2] transition idle -> idle
[    8.026067] jesd204: /axi/spi@ff040000/ad9081@0,jesd204:0,parent=spi1.0: JESD204[0] transition idle -> idle
[    8.035813] jesd204: /axi/spi@ff040000/ad9081@0,jesd204:0,parent=spi1.0: JESD204[2] transition idle -> device_init
[    8.046160] jesd204: /axi/spi@ff040000/ad9081@0,jesd204:0,parent=spi1.0: JESD204[0] transition idle -> device_init
[    8.056510] jesd204: /axi/spi@ff040000/ad9081@0,jesd204:0,parent=spi1.0: JESD204[2] transition device_init -> link_init
[    8.067288] jesd204: /axi/spi@ff040000/ad9081@0,jesd204:0,parent=spi1.0: JESD204[0] transition device_init -> link_init
[    8.078076] jesd204: /axi/spi@ff040000/ad9081@0,jesd204:0,parent=spi1.0: JESD204[2] transition link_init -> link_supported
[    8.089117] jesd204: /axi/spi@ff040000/ad9081@0,jesd204:0,parent=spi1.0: JESD204[0] transition link_init -> link_supported
[    8.100338] axi-jesd204-rx 84a90000.axi-jesd204-rx: axi_jesd204_rx_jesd204_link_pre_setup: Link2 set lane rate 14360000 kHz failed (-22)
[    8.112596] jesd204: /fpga-axi@0/axi-jesd204-rx@84a90000,jesd204:4,parent=84a90000.axi-jesd204-rx: JESD204[2] In link_pre_setup got error from cb: -22
[    8.126069] jesd204: /axi/spi@ff040000/ad9081@0,jesd204:0,parent=spi1.0: Rolling back from 'link_supported', got error -22
[    8.137113] jesd204: /axi/spi@ff040000/ad9081@0,jesd204:0,parent=spi1.0: JESD204[0] transition link_supported -> link_pre_setup
[    8.148584] jesd204: /axi/spi@ff040000/ad9081@0,jesd204:0,parent=spi1.0: JESD204[2] transition link_supported -> link_pre_setup
[    8.160062] jesd204: /axi/spi@ff040000/ad9081@0,jesd204:0,parent=spi1.0: JESD204[0] transition link_pre_setup -> link_supported
[    8.171534] jesd204: /axi/spi@ff040000/ad9081@0,jesd204:0,parent=spi1.0: JESD204[2] transition link_pre_setup -> link_supported
[    8.183012] jesd204: /axi/spi@ff040000/ad9081@0,jesd204:0,parent=spi1.0: JESD204[0] transition link_supported -> link_init
[    8.194050] jesd204: /axi/spi@ff040000/ad9081@0,jesd204:0,parent=spi1.0: JESD204[2] transition link_supported -> link_init
[    8.205097] jesd204: /axi/spi@ff040000/ad9081@0,jesd204:0,parent=spi1.0: JESD204[0] transition link_init -> device_init
[    8.215872] jesd204: /axi/spi@ff040000/ad9081@0,jesd204:0,parent=spi1.0: JESD204[2] transition link_init -> device_init
[    8.226655] jesd204: /axi/spi@ff040000/ad9081@0,jesd204:0,parent=spi1.0: JESD204[0] transition device_init -> idle
[    8.237003] jesd204: /axi/spi@ff040000/ad9081@0,jesd204:0,parent=spi1.0: JESD204[2] transition device_init -> idle
[    8.247350] jesd204: /axi/spi@ff040000/ad9081@0,jesd204:0,parent=spi1.0: JESD204[2] transition idle -> idle
[    8.257084] jesd204: /axi/spi@ff040000/ad9081@0,jesd204:0,parent=spi1.0: JESD204[0] transition idle -> idle
[    8.266826] jesd204: /axi/spi@ff040000/ad9081@0,jesd204:0,parent=spi1.0: JESD204[2] transition idle -> device_init
[    8.277170] jesd204: /axi/spi@ff040000/ad9081@0,jesd204:0,parent=spi1.0: JESD204[0] transition idle -> device_init
[    8.287520] jesd204: /axi/spi@ff040000/ad9081@0,jesd204:0,parent=spi1.0: JESD204[2] transition device_init -> link_init
[    8.298297] jesd204: /axi/spi@ff040000/ad9081@0,jesd204:0,parent=spi1.0: JESD204[0] transition device_init -> link_init
[    8.309085] jesd204: /axi/spi@ff040000/ad9081@0,jesd204:0,parent=spi1.0: JESD204[2] transition link_init -> link_supported
[    8.320127] jesd204: /axi/spi@ff040000/ad9081@0,jesd204:0,parent=spi1.0: JESD204[0] transition link_init -> link_supported
[    8.331310] axi-jesd204-rx 84a90000.axi-jesd204-rx: axi_jesd204_rx_jesd204_link_pre_setup: Link2 set lane rate 14360000 kHz failed (-22)
[    8.343568] jesd204: /fpga-axi@0/axi-jesd204-rx@84a90000,jesd204:4,parent=84a90000.axi-jesd204-rx: JESD204[2] In link_pre_setup got error from cb: -22
[    8.357035] jesd204: /axi/spi@ff040000/ad9081@0,jesd204:0,parent=spi1.0: Rolling back from 'link_supported', got error -22
[    8.368083] jesd204: /axi/spi@ff040000/ad9081@0,jesd204:0,parent=spi1.0: JESD204[0] transition link_supported -> link_pre_setup
[    8.379559] jesd204: /axi/spi@ff040000/ad9081@0,jesd204:0,parent=spi1.0: JESD204[2] transition link_supported -> link_pre_setup
[    8.391037] jesd204: /axi/spi@ff040000/ad9081@0,jesd204:0,parent=spi1.0: JESD204[0] transition link_pre_setup -> link_supported
[    8.402508] jesd204: /axi/spi@ff040000/ad9081@0,jesd204:0,parent=spi1.0: JESD204[2] transition link_pre_setup -> link_supported
[    8.413986] jesd204: /axi/spi@ff040000/ad9081@0,jesd204:0,parent=spi1.0: JESD204[0] transition link_supported -> link_init
[    8.425026] jesd204: /axi/spi@ff040000/ad9081@0,jesd204:0,parent=spi1.0: JESD204[2] transition link_supported -> link_init
[    8.436071] jesd204: /axi/spi@ff040000/ad9081@0,jesd204:0,parent=spi1.0: JESD204[0] transition link_init -> device_init
[    8.446847] jesd204: /axi/spi@ff040000/ad9081@0,jesd204:0,parent=spi1.0: JESD204[2] transition link_init -> device_init
[    8.457630] jesd204: /axi/spi@ff040000/ad9081@0,jesd204:0,parent=spi1.0: JESD204[0] transition device_init -> idle
[    8.467973] jesd204: /axi/spi@ff040000/ad9081@0,jesd204:0,parent=spi1.0: JESD204[2] transition device_init -> idle
[    8.478324] jesd204: /axi/spi@ff040000/ad9081@0,jesd204:0,parent=spi1.0: JESD204[2] transition idle -> idle
[    8.488060] jesd204: /axi/spi@ff040000/ad9081@0,jesd204:0,parent=spi1.0: JESD204[0] transition idle -> idle
[    8.497805] jesd204: /axi/spi@ff040000/ad9081@0,jesd204:0,parent=spi1.0: JESD204[2] transition idle -> device_init
[    8.508152] jesd204: /axi/spi@ff040000/ad9081@0,jesd204:0,parent=spi1.0: JESD204[0] transition idle -> device_init
[    8.518503] jesd204: /axi/spi@ff040000/ad9081@0,jesd204:0,parent=spi1.0: JESD204[2] transition device_init -> link_init
[    8.529281] jesd204: /axi/spi@ff040000/ad9081@0,jesd204:0,parent=spi1.0: JESD204[0] transition device_init -> link_init
[    8.540068] jesd204: /axi/spi@ff040000/ad9081@0,jesd204:0,parent=spi1.0: JESD204[2] transition link_init -> link_supported
[    8.551111] jesd204: /axi/spi@ff040000/ad9081@0,jesd204:0,parent=spi1.0: JESD204[0] transition link_init -> link_supported
[    8.562299] axi-jesd204-rx 84a90000.axi-jesd204-rx: axi_jesd204_rx_jesd204_link_pre_setup: Link2 set lane rate 14360000 kHz failed (-22)
[    8.574557] jesd204: /fpga-axi@0/axi-jesd204-rx@84a90000,jesd204:4,parent=84a90000.axi-jesd204-rx: JESD204[2] In link_pre_setup got error from cb: -22
[    8.588027] jesd204: /axi/spi@ff040000/ad9081@0,jesd204:0,parent=spi1.0: Rolling back from 'link_supported', got error -22
[    8.599071] jesd204: /axi/spi@ff040000/ad9081@0,jesd204:0,parent=spi1.0: JESD204[0] transition link_supported -> link_pre_setup
[    8.610542] jesd204: /axi/spi@ff040000/ad9081@0,jesd204:0,parent=spi1.0: JESD204[2] transition link_supported -> link_pre_setup
[    8.622024] jesd204: /axi/spi@ff040000/ad9081@0,jesd204:0,parent=spi1.0: JESD204[0] transition link_pre_setup -> link_supported
[    8.633502] jesd204: /axi/spi@ff040000/ad9081@0,jesd204:0,parent=spi1.0: JESD204[2] transition link_pre_setup -> link_supported
[    8.644979] jesd204: /axi/spi@ff040000/ad9081@0,jesd204:0,parent=spi1.0: JESD204[0] transition link_supported -> link_init
[    8.656017] jesd204: /axi/spi@ff040000/ad9081@0,jesd204:0,parent=spi1.0: JESD204[2] transition link_supported -> link_init
[    8.667064] jesd204: /axi/spi@ff040000/ad9081@0,jesd204:0,parent=spi1.0: JESD204[0] transition link_init -> device_init
[    8.677839] jesd204: /axi/spi@ff040000/ad9081@0,jesd204:0,parent=spi1.0: JESD204[2] transition link_init -> device_init
[    8.688622] jesd204: /axi/spi@ff040000/ad9081@0,jesd204:0,parent=spi1.0: JESD204[0] transition device_init -> idle
[    8.698965] jesd204: /axi/spi@ff040000/ad9081@0,jesd204:0,parent=spi1.0: JESD204[2] transition device_init -> idle
[    8.709312] jesd204: /axi/spi@ff040000/ad9081@0,jesd204:0,parent=spi1.0: FSM completed with error -22
[    8.727762] input: gpio-keys as /devices/platform/gpio-keys/input/input0
[    8.734857] of_cfs_init
[    8.737325] of_cfs_init: OK
[    8.740271] cfg80211: Loading compiled-in X.509 certificates for regulatory database
[    8.878358] cfg80211: Loaded X.509 cert 'sforshee: 00b28ddf47aef9cea7'
[    8.884887] clk: Not disabling unused clocks
[    8.889414] ALSA device list:
[    8.892376]   No soundcards found.
[    8.896045] platform regulatory.0: Direct firmware load for regulatory.db failed with error -2
[    8.904655] cfg80211: failed to load regulatory.db
[    8.919170] EXT4-fs (mmcblk0p2): mounted filesystem with ordered data mode. Opts: (null)
[    8.927285] VFS: Mounted root (ext4 filesystem) on device 179:2.
[    8.940683] devtmpfs: mounted
[    8.944497] Freeing unused kernel memory: 2560K
[    8.955792] Run /sbin/init as init process
[    8.959895]   with arguments:
[    8.959897]     /sbin/init
[    8.959899]   with environment:
[    8.959902]     HOME=/
[    8.959904]     TERM=linux
[    9.529348] systemd[1]: systemd 241 running in system mode. (+PAM +AUDIT +SELINUX +IMA +APPARMOR +SMACK +SYSVINIT +UTMP +LIBCRYPTSETUP +GCRYPT +GNUTLS +ACL +XZ +LZ4 +SECCOMP +BLKID +ELFUTILS +KMOD -IDN2 +IDN -PCRE2 default-hierarchy=hybrid)
[    9.551206] systemd[1]: Detected architecture arm64.
[    9.572450] systemd[1]: Set hostname to <analog>.
[    9.756709] systemd[1]: File /lib/systemd/system/systemd-journald.service:12 configures an IP firewall (IPAddressDeny=any), but the local system does not support BPF/cgroup based firewalling.
[    9.773777] systemd[1]: Proceeding WITHOUT firewalling in effect! (This warning is only shown for the first loaded unit using IP firewalling.)
[    9.936867] systemd[1]: /etc/systemd/system/tof-server.service:1: Assignment outside of section. Ignoring.
[    9.946592] systemd[1]: /etc/systemd/system/tof-server.service:2: Assignment outside of section. Ignoring.
[   10.129425] random: systemd: uninitialized urandom read (16 bytes read)
[   10.144157] random: systemd: uninitialized urandom read (16 bytes read)
[   10.151088] systemd[1]: Listening on Syslog Socket.
[   10.167868] random: systemd: uninitialized urandom read (16 bytes read)
[   10.174761] systemd[1]: Listening on udev Control Socket.
[   10.196126] systemd[1]: Listening on Journal Socket.
[   10.743631] ------------[ cut here ]------------
[   10.743640] Enabling unprepared \xa0iR\x88\xff\xff\xff\xf0Q\x88\xff\xff\xff
[   10.743686] WARNING: CPU: 0 PID: 114 at drivers/clk/clk.c:1012 clk_core_enable+0xa4/0xc0
[   10.743689] Modules linked in:
[   10.743699] CPU: 0 PID: 114 Comm: kworker/0:1H Not tainted 5.10.0-98103-g2aa7ac113716 #5577
[   10.743702] Hardware name: ZynqMP ZCU102 Rev1.0 (DT)
[   10.743711] Workqueue: kblockd blk_mq_run_work_fn
[   10.743718] pstate: 80000085 (Nzcv daIf -PAN -UAO -TCO BTYPE=--)
[   10.743724] pc : clk_core_enable+0xa4/0xc0
[   10.743729] lr : clk_core_enable+0xa4/0xc0
[   10.743732] sp : ffffffc0127732d0
[   10.743735] x29: ffffffc0127732d0 x28: ffffff8800330c10 
[   10.743742] x27: ffffff8800330d48 x26: 0000005000000101 
[   10.743749] x25: 000000027a6cf3dc x24: 0000000000000001 
[   10.743755] x23: ffffff8801100b00 x22: ffffff8801083220 
[   10.743762] x21: ffffff880151f000 x20: ffffff880151f008 
[   10.743768] x19: ffffff880151f008 x18: 0000000000000030 
[   10.743775] x17: 0000000000000003 x16: 0000abcef74ce2f0 
[   10.743781] x15: ffffffffffff9c38 x14: ffffffc011d3b1a0 
[   10.743788] x13: ffffffc011d3b1c8 x12: 0000000000000672 
[   10.743794] x11: 0000000000000226 x10: ffffffc011d671c8 
[   10.743801] x9 : 00000000fffff800 x8 : ffffffc011d3b1c8 
[   10.743807] x7 : ffffffc011d671c8 x6 : 0000000000000001 
[   10.743813] x5 : ffffff887f7669e0 x4 : 0000000000000000 
[   10.743819] x3 : 0000000000000027 x2 : 0000000000000023 
[   10.743826] x1 : c48fe5936ad6ea00 x0 : 0000000000000000 
[   10.743833] Call trace:
[   10.743839]  clk_core_enable+0xa4/0xc0
[   10.743844]  clk_enable+0x2c/0x60
[   10.743851]  zynqmp_runtime_resume+0x24/0x84
[   10.743857]  pm_generic_runtime_resume+0x30/0x50
[   10.743863]  __genpd_runtime_resume+0x30/0xb0
[   10.743869]  genpd_runtime_resume+0x90/0x250
[   10.743875]  __rpm_callback+0x10c/0x1e0
[   10.743881]  rpm_callback+0x5c/0x84
[   10.743886]  rpm_resume+0x4a4/0x74c
[   10.743891]  __pm_runtime_resume+0x78/0xc4
[   10.743895]  spi_mem_access_start.isra.0+0x30/0x80
[   10.743899]  spi_mem_exec_op+0x3b0/0x424
[   10.743904]  spi_nor_read_sr+0x78/0xe0
[   10.743909]  spi_nor_wait_till_ready_with_timeout+0xb4/0x2f0
[   10.743914]  spi_nor_read+0x188/0x380
[   10.743919]  mtd_read_oob_std+0x78/0x84
[   10.743923]  mtd_read_oob+0x7c/0x134
[   10.743928]  mtd_read+0x48/0x7c
[   10.743934]  mtdblock_readsect+0x6c/0x150
[   10.743939]  mtd_queue_rq+0x2cc/0x5a0
[   10.743944]  blk_mq_dispatch_rq_list+0x110/0x790
[   10.743951]  __blk_mq_do_dispatch_sched+0x200/0x274
[   10.743957]  __blk_mq_sched_dispatch_requests+0x1a8/0x1fc
[   10.743963]  blk_mq_sched_dispatch_requests+0x3c/0x7c
[   10.743967]  __blk_mq_run_hw_queue+0x98/0x100
[   10.743972]  blk_mq_run_work_fn+0x24/0x30
[   10.743977]  process_one_work+0x1d4/0x380
[   10.743982]  worker_thread+0x78/0x4e0
[   10.743987]  kthread+0x124/0x130
[   10.743992]  ret_from_fork+0x10/0x3c
[   10.743996] ---[ end trace 336d838177ffc276 ]---
[   10.744027] zynqmp-qspi ff0f0000.spi: Cannot enable APB clock.
[   10.744078] spi_master spi0: Failed to power device: -108
[   10.744089] blk_update_request: I/O error, dev mtdblock0, sector 8 op 0x0:(READ) flags 0x80700 phys_seg 1 prio class 0
[   10.744175] spi_master spi0: Failed to power device: -22
[   10.744182] blk_update_request: I/O error, dev mtdblock0, sector 8 op 0x0:(READ) flags 0x0 phys_seg 8 prio class 0
[   10.744188] Buffer I/O error on dev mtdblock0, logical block 8, async page read
[   10.744197] spi_master spi0: Failed to power device: -22
[   10.744203] blk_update_request: I/O error, dev mtdblock0, sector 9 op 0x0:(READ) flags 0x0 phys_seg 7 prio class 0
[   10.744207] Buffer I/O error on dev mtdblock0, logical block 9, async page read
[   10.744214] spi_master spi0: Failed to power device: -22
[   10.744220] blk_update_request: I/O error, dev mtdblock0, sector 10 op 0x0:(READ) flags 0x0 phys_seg 6 prio class 0
[   10.744224] Buffer I/O error on dev mtdblock0, logical block 10, async page read
[   10.744231] spi_master spi0: Failed to power device: -22
[   10.744236] blk_update_request: I/O error, dev mtdblock0, sector 11 op 0x0:(READ) flags 0x0 phys_seg 5 prio class 0
[   10.744240] Buffer I/O error on dev mtdblock0, logical block 11, async page read
[   10.744247] spi_master spi0: Failed to power device: -22
[   10.744253] blk_update_request: I/O error, dev mtdblock0, sector 12 op 0x0:(READ) flags 0x0 phys_seg 4 prio class 0
[   10.744257] Buffer I/O error on dev mtdblock0, logical block 12, async page read
[   10.744264] spi_master spi0: Failed to power device: -22
[   10.744269] blk_update_request: I/O error, dev mtdblock0, sector 13 op 0x0:(READ) flags 0x0 phys_seg 3 prio class 0
[   10.744273] Buffer I/O error on dev mtdblock0, logical block 13, async page read
[   10.744288] spi_master spi0: Failed to power device: -22
[   10.744294] blk_update_request: I/O error, dev mtdblock0, sector 14 op 0x0:(READ) flags 0x0 phys_seg 2 prio class 0
[   10.744298] Buffer I/O error on dev mtdblock0, logical block 14, async page read
[   10.744305] spi_master spi0: Failed to power device: -22
[   10.744310] blk_update_request: I/O error, dev mtdblock0, sector 15 op 0x0:(READ) flags 0x0 phys_seg 1 prio class 0
[   10.744314] Buffer I/O error on dev mtdblock0, logical block 15, async page read
[   10.744649] spi_master spi0: Failed to power device: -22
[   10.744656] blk_update_request: I/O error, dev mtdblock1, sector 10112 op 0x0:(READ) flags 0x80700 phys_seg 1 prio class 0
[   10.744699] spi_master spi0: Failed to power device: -22
[   10.744705] Buffer I/O error on dev mtdblock1, logical block 10112, async page read
[   10.744713] spi_master spi0: Failed to power device: -22
[   10.744722] Buffer I/O error on dev mtdblock1, logical block 10113, async page read
[   10.744729] spi_master spi0: Failed to power device: -22
[   10.744736] spi_master spi0: Failed to power device: -22
[   10.744744] spi_master spi0: Failed to power device: -22
[   10.744751] spi_master spi0: Failed to power device: -22
[   10.744758] spi_master spi0: Failed to power device: -22
[   10.744765] spi_master spi0: Failed to power device: -22
[   10.745008] spi_master spi0: Failed to power device: -22
[   10.745053] spi_master spi0: Failed to power device: -22
[   10.745062] spi_master spi0: Failed to power device: -22
[   10.745070] spi_master spi0: Failed to power device: -22
[   10.745078] spi_master spi0: Failed to power device: -22
[   10.745086] spi_master spi0: Failed to power device: -22
[   10.745093] spi_master spi0: Failed to power device: -22
[   10.745100] spi_master spi0: Failed to power device: -22
[   10.745107] spi_master spi0: Failed to power device: -22
[   10.745378] spi_master spi0: Failed to power device: -22
[   10.745422] spi_master spi0: Failed to power device: -22
[   10.745432] spi_master spi0: Failed to power device: -22
[   10.745440] spi_master spi0: Failed to power device: -22
[   10.745448] spi_master spi0: Failed to power device: -22
[   10.745455] spi_master spi0: Failed to power device: -22
[   10.745463] spi_master spi0: Failed to power device: -22
[   10.745470] spi_master spi0: Failed to power device: -22
[   10.745477] spi_master spi0: Failed to power device: -22
[   10.868874] EXT4-fs (mmcblk0p2): re-mounted. Opts: (null)
[   10.943989] systemd-journald[160]: Received request to flush runtime journal from PID 1
[   16.760214] macb ff0e0000.ethernet eth0: PHY [ff0e0000.ethernet-ffffffff:0c] driver [TI DP83867] (irq=POLL)
[   16.760227] macb ff0e0000.ethernet eth0: configuring for phy/rgmii-id link mode
[   17.011794] Adding 73724k swap on /var/swap.  Priority:-2 extents:1 across:73724k SS
[   18.735768] random: crng init done
[   18.735781] random: 7 urandom warning(s) missed due to ratelimiting
[   19.561868] broken atomic modeset userspace detected, disabling atomic
[   19.841378] macb ff0e0000.ethernet eth0: Link is Up - 1Gbps/Full - flow control off
[   19.841402] IPv6: ADDRCONF(NETDEV_CHANGE): eth0: link becomes ready
[   22.230905] broken atomic modeset userspace detected, disabling atomic
[   25.175055] broken atomic modeset userspace detected, disabling atomic