[    0.000000] Booting Linux on physical CPU 0x0000000000 [0x410fd034]
[    0.000000] Linux version 5.10.0-98103-g2aa7ac113716 (jenkins@romlxbuild1.adlk.analog.com) (aarch64-xilinx-linux-gcc.real (GCC) 10.2.0, GNU ld (GNU Binutils) 2.35.0.20200730) #5577 SMP Wed Mar 23 07:28:49 GMT 2022
[    0.000000] Machine model: ZynqMP ZCU102 Rev1.0
[    0.000000] earlycon: cdns0 at MMIO 0x00000000ff000000 (options '115200n8')
[    0.000000] printk: bootconsole [cdns0] enabled
[    0.000000] efi: UEFI not found.
[    0.000000] cma: Reserved 256 MiB at 0x0000000070000000
[    0.000000] Zone ranges:
[    0.000000]   DMA      [mem 0x0000000000000000-0x000000003fffffff]
[    0.000000]   DMA32    [mem 0x0000000040000000-0x00000000ffffffff]
[    0.000000]   Normal   [mem 0x0000000100000000-0x000000087fffffff]
[    0.000000] Movable zone start for each node
[    0.000000] Early memory node ranges
[    0.000000]   node   0: [mem 0x0000000000000000-0x000000007fffffff]
[    0.000000]   node   0: [mem 0x0000000800000000-0x000000087fffffff]
[    0.000000] Initmem setup node 0 [mem 0x0000000000000000-0x000000087fffffff]
[    0.000000] On node 0 totalpages: 1048576
[    0.000000]   DMA zone: 3584 pages used for memmap
[    0.000000]   DMA zone: 0 pages reserved
[    0.000000]   DMA zone: 262144 pages, LIFO batch:63
[    0.000000]   DMA32 zone: 3584 pages used for memmap
[    0.000000]   DMA32 zone: 262144 pages, LIFO batch:63
[    0.000000]   Normal zone: 7168 pages used for memmap
[    0.000000]   Normal zone: 524288 pages, LIFO batch:63
[    0.000000] psci: probing for conduit method from DT.
[    0.000000] psci: PSCIv1.1 detected in firmware.
[    0.000000] psci: Using standard PSCI v0.2 function IDs
[    0.000000] psci: MIGRATE_INFO_TYPE not supported.
[    0.000000] psci: SMC Calling Convention v1.2
[    0.000000] percpu: Embedded 22 pages/cpu s49496 r8192 d32424 u90112
[    0.000000] pcpu-alloc: s49496 r8192 d32424 u90112 alloc=22*4096
[    0.000000] pcpu-alloc: [0] 0 [0] 1 [0] 2 [0] 3 
[    0.000000] Detected VIPT I-cache on CPU0
[    0.000000] CPU features: detected: ARM erratum 845719
[    0.000000] Built 1 zonelists, mobility grouping on.  Total pages: 1034240
[    0.000000] Kernel command line: console=ttyPS0,115200 root=/dev/mmcblk0p2 rw earlycon rootfstype=ext4 rootwait clk_ignore_unused cpuidle.off=1 root=/dev/mmcblk0p2 rw rootwait
[    0.000000] Dentry cache hash table entries: 524288 (order: 10, 4194304 bytes, linear)
[    0.000000] Inode-cache hash table entries: 262144 (order: 9, 2097152 bytes, linear)
[    0.000000] mem auto-init: stack:off, heap alloc:off, heap free:off
[    0.000000] software IO TLB: mapped [mem 0x000000003bfff000-0x000000003ffff000] (64MB)
[    0.000000] Memory: 3761904K/4194304K available (15296K kernel code, 1636K rwdata, 11876K rodata, 2560K init, 507K bss, 170256K reserved, 262144K cma-reserved)
[    0.000000] rcu: Hierarchical RCU implementation.
[    0.000000] rcu: 	RCU event tracing is enabled.
[    0.000000] rcu: 	RCU restricting CPUs from NR_CPUS=8 to nr_cpu_ids=4.
[    0.000000] rcu: RCU calculated value of scheduler-enlistment delay is 25 jiffies.
[    0.000000] rcu: Adjusting geometry for rcu_fanout_leaf=16, nr_cpu_ids=4
[    0.000000] NR_IRQS: 64, nr_irqs: 64, preallocated irqs: 0
[    0.000000] GIC: Adjusting CPU interface base to 0x00000000f902f000
[    0.000000] GIC: Using split EOI/Deactivate mode
[    0.000000] random: get_random_bytes called from start_kernel+0x31c/0x54c with crng_init=0
[    0.000000] arch_timer: cp15 timer(s) running at 100.00MHz (phys).
[    0.000000] clocksource: arch_sys_counter: mask: 0xffffffffffffff max_cycles: 0x171024e7e0, max_idle_ns: 440795205315 ns
[    0.000003] sched_clock: 56 bits at 100MHz, resolution 10ns, wraps every 4398046511100ns
[    0.008460] Console: colour dummy device 80x25
[    0.012482] Calibrating delay loop (skipped), value calculated using timer frequency.. 200.00 BogoMIPS (lpj=400000)
[    0.022840] pid_max: default: 32768 minimum: 301
[    0.027549] Mount-cache hash table entries: 8192 (order: 4, 65536 bytes, linear)
[    0.034788] Mountpoint-cache hash table entries: 8192 (order: 4, 65536 bytes, linear)
[    0.043396] rcu: Hierarchical SRCU implementation.
[    0.047560] EFI services will not be available.
[    0.051937] smp: Bringing up secondary CPUs ...
[    0.056657] Detected VIPT I-cache on CPU1
[    0.056696] CPU1: Booted secondary processor 0x0000000001 [0x410fd034]
[    0.057061] Detected VIPT I-cache on CPU2
[    0.057084] CPU2: Booted secondary processor 0x0000000002 [0x410fd034]
[    0.057423] Detected VIPT I-cache on CPU3
[    0.057446] CPU3: Booted secondary processor 0x0000000003 [0x410fd034]
[    0.057492] smp: Brought up 1 node, 4 CPUs
[    0.091779] SMP: Total of 4 processors activated.
[    0.096452] CPU features: detected: 32-bit EL0 Support
[    0.101555] CPU features: detected: CRC32 instructions
[    0.106695] CPU: All CPU(s) started at EL2
[    0.110736] alternatives: patching kernel code
[    0.116168] devtmpfs: initialized
[    0.124069] Registered cp15_barrier emulation handler
[    0.124120] Registered setend emulation handler
[    0.128100] clocksource: jiffies: mask: 0xffffffff max_cycles: 0xffffffff, max_idle_ns: 7645041785100000 ns
[    0.137679] futex hash table entries: 1024 (order: 4, 65536 bytes, linear)
[    0.151041] pinctrl core: initialized pinctrl subsystem
[    0.151688] NET: Registered protocol family 16
[    0.156109] DMA: preallocated 512 KiB GFP_KERNEL pool for atomic allocations
[    0.162124] DMA: preallocated 512 KiB GFP_KERNEL|GFP_DMA pool for atomic allocations
[    0.169850] DMA: preallocated 512 KiB GFP_KERNEL|GFP_DMA32 pool for atomic allocations
[    0.177652] audit: initializing netlink subsys (disabled)
[    0.183103] audit: type=2000 audit(0.116:1): state=initialized audit_enabled=0 res=1
[    0.183447] hw-breakpoint: found 6 breakpoint and 4 watchpoint registers.
[    0.197479] ASID allocator initialised with 65536 entries
[    0.224383] HugeTLB registered 1.00 GiB page size, pre-allocated 0 pages
[    0.225437] HugeTLB registered 32.0 MiB page size, pre-allocated 0 pages
[    0.232108] HugeTLB registered 2.00 MiB page size, pre-allocated 0 pages
[    0.238772] HugeTLB registered 64.0 KiB page size, pre-allocated 0 pages
[    1.304331] DRBG: Continuing without Jitter RNG
[    1.382168] raid6: neonx8   gen()  2141 MB/s
[    1.450208] raid6: neonx8   xor()  1597 MB/s
[    1.518271] raid6: neonx4   gen()  2197 MB/s
[    1.586322] raid6: neonx4   xor()  1567 MB/s
[    1.654392] raid6: neonx2   gen()  2077 MB/s
[    1.722437] raid6: neonx2   xor()  1443 MB/s
[    1.790511] raid6: neonx1   gen()  1772 MB/s
[    1.858547] raid6: neonx1   xor()  1220 MB/s
[    1.926608] raid6: int64x8  gen()  1438 MB/s
[    1.994663] raid6: int64x8  xor()   771 MB/s
[    2.062728] raid6: int64x4  gen()  1598 MB/s
[    2.130792] raid6: int64x4  xor()   821 MB/s
[    2.198861] raid6: int64x2  gen()  1397 MB/s
[    2.266899] raid6: int64x2  xor()   750 MB/s
[    2.334974] raid6: int64x1  gen()  1033 MB/s
[    2.403038] raid6: int64x1  xor()   517 MB/s
[    2.403076] raid6: using algorithm neonx4 gen() 2197 MB/s
[    2.407030] raid6: .... xor() 1567 MB/s, rmw enabled
[    2.411960] raid6: using neon recovery algorithm
[    2.416975] iommu: Default domain type: Translated 
[    2.421586] SCSI subsystem initialized
[    2.425129] libata version 3.00 loaded.
[    2.425254] usbcore: registered new interface driver usbfs
[    2.430586] usbcore: registered new interface driver hub
[    2.435860] usbcore: registered new device driver usb
[    2.440992] mc: Linux media interface: v0.10
[    2.445109] videodev: Linux video capture interface: v2.00
[    2.450601] EDAC MC: Ver: 3.0.0
[    2.454042] zynqmp-ipi-mbox mailbox@ff990400: Registered ZynqMP IPI mbox with TX/RX channels.
[    2.462530] jesd204: created con: id=0, topo=0, link=0, /axi/spi@ff050000/hmc7044@0 <-> /fpga-axi@0/axi-adxcvr-tx@84b60000
[    2.473129] jesd204: created con: id=1, topo=0, link=2, /axi/spi@ff050000/hmc7044@0 <-> /fpga-axi@0/axi-adxcvr-rx@84a60000
[    2.484112] jesd204: created con: id=2, topo=0, link=0, /fpga-axi@0/axi-adxcvr-tx@84b60000 <-> /fpga-axi@0/axi-jesd204-tx@84b90000
[    2.495788] jesd204: created con: id=3, topo=0, link=2, /fpga-axi@0/axi-adxcvr-rx@84a60000 <-> /fpga-axi@0/axi-jesd204-rx@84a90000
[    2.507466] jesd204: created con: id=4, topo=0, link=0, /fpga-axi@0/axi-jesd204-tx@84b90000 <-> /fpga-axi@0/axi-ad9081-tx-hpc@84b10000
[    2.519493] jesd204: created con: id=5, topo=0, link=2, /fpga-axi@0/axi-jesd204-rx@84a90000 <-> /fpga-axi@0/axi-ad9081-rx-hpc@84a10000
[    2.531516] jesd204: created con: id=6, topo=0, link=2, /fpga-axi@0/axi-ad9081-rx-hpc@84a10000 <-> /axi/spi@ff040000/ad9081@0
[    2.542757] jesd204: created con: id=7, topo=0, link=0, /fpga-axi@0/axi-ad9081-tx-hpc@84b10000 <-> /axi/spi@ff040000/ad9081@0
[    2.554007] jesd204: /axi/spi@ff040000/ad9081@0: JESD204[2] transition uninitialized -> initialized
[    2.562994] jesd204: /axi/spi@ff040000/ad9081@0: JESD204[0] transition uninitialized -> initialized
[    2.571985] jesd204: found 8 devices and 1 topologies
[    2.577029] FPGA manager framework
[    2.580507] Advanced Linux Sound Architecture Driver Initialized.
[    2.586801] Bluetooth: Core ver 2.22
[    2.589988] NET: Registered protocol family 31
[    2.594389] Bluetooth: HCI device and connection manager initialized
[    2.600706] Bluetooth: HCI socket layer initialized
[    2.605549] Bluetooth: L2CAP socket layer initialized
[    2.610572] Bluetooth: SCO socket layer initialized
[    2.615757] clocksource: Switched to clocksource arch_sys_counter
[    2.621563] VFS: Disk quotas dquot_6.6.0
[    2.625400] VFS: Dquot-cache hash table entries: 512 (order 0, 4096 bytes)
[    2.636121] NET: Registered protocol family 2
[    2.636845] tcp_listen_portaddr_hash hash table entries: 2048 (order: 3, 32768 bytes, linear)
[    2.645039] TCP established hash table entries: 32768 (order: 6, 262144 bytes, linear)
[    2.653065] TCP bind hash table entries: 32768 (order: 7, 524288 bytes, linear)
[    2.660510] TCP: Hash tables configured (established 32768 bind 32768)
[    2.666684] UDP hash table entries: 2048 (order: 4, 65536 bytes, linear)
[    2.673350] UDP-Lite hash table entries: 2048 (order: 4, 65536 bytes, linear)
[    2.680511] NET: Registered protocol family 1
[    2.684966] RPC: Registered named UNIX socket transport module.
[    2.690588] RPC: Registered udp transport module.
[    2.695251] RPC: Registered tcp transport module.
[    2.699921] RPC: Registered tcp NFSv4.1 backchannel transport module.
[    2.706914] PCI: CLS 0 bytes, default 64
[    2.710618] hw perfevents: no interrupt-affinity property for /pmu, guessing.
[    2.717472] hw perfevents: enabled with armv8_pmuv3 PMU driver, 7 counters available
[    2.725823] Initialise system trusted keyrings
[    2.729501] workingset: timestamp_bits=62 max_order=20 bucket_order=0
[    2.736396] NFS: Registering the id_resolver key type
[    2.740853] Key type id_resolver registered
[    2.744989] Key type id_legacy registered
[    2.748979] nfs4filelayout_init: NFSv4 File Layout Driver Registering...
[    2.755644] jffs2: version 2.2. (NAND) (SUMMARY)  Â© 2001-2006 Red Hat, Inc.
[    2.799930] NET: Registered protocol family 38
[    2.799973] xor: measuring software checksum speed
[    2.807660]    8regs           :  2363 MB/sec
[    2.811334]    32regs          :  2799 MB/sec
[    2.816282]    arm64_neon      :  2379 MB/sec
[    2.816465] xor: using function: 32regs (2799 MB/sec)
[    2.821491] Key type asymmetric registered
[    2.825553] Asymmetric key parser 'x509' registered
[    2.830413] Block layer SCSI generic (bsg) driver version 0.4 loaded (major 248)
[    2.837750] io scheduler mq-deadline registered
[    2.842247] io scheduler kyber registered
[    2.871655] Serial: 8250/16550 driver, 4 ports, IRQ sharing disabled
[    2.876302] cacheinfo: Unable to detect cache hierarchy for CPU 0
[    2.882617] brd: module loaded
[    2.886759] loop: module loaded
[    2.887308] Registered mathworks_ip class
[    2.890662] libphy: Fixed MDIO Bus: probed
[    2.893644] tun: Universal TUN/TAP device driver, 1.6
[    2.897705] CAN device driver interface
[    2.902237] usbcore: registered new interface driver asix
[    2.906837] usbcore: registered new interface driver ax88179_178a
[    2.912869] usbcore: registered new interface driver cdc_ether
[    2.918661] usbcore: registered new interface driver net1080
[    2.924285] usbcore: registered new interface driver cdc_subset
[    2.930168] usbcore: registered new interface driver zaurus
[    2.935711] usbcore: registered new interface driver cdc_ncm
[    2.942114] ehci_hcd: USB 2.0 'Enhanced' Host Controller (EHCI) Driver
[    2.947795] ehci-pci: EHCI PCI platform driver
[    2.952596] usbcore: registered new interface driver uas
[    2.957515] usbcore: registered new interface driver usb-storage
[    2.963501] usbcore: registered new interface driver usbserial_generic
[    2.969951] usbserial: USB Serial support registered for generic
[    2.975924] usbcore: registered new interface driver ftdi_sio
[    2.981627] usbserial: USB Serial support registered for FTDI USB Serial Device
[    2.988904] usbcore: registered new interface driver upd78f0730
[    2.994775] usbserial: USB Serial support registered for upd78f0730
[    3.002425] rtc_zynqmp ffa60000.rtc: registered as rtc0
[    3.006200] rtc_zynqmp ffa60000.rtc: setting system clock to 2022-03-26T00:29:09 UTC (1648254549)
[    3.015063] i2c /dev entries driver
[    3.020379] usbcore: registered new interface driver uvcvideo
[    3.024175] USB Video Class driver (1.1.1)
[    3.029743] Bluetooth: HCI UART driver ver 2.3
[    3.032658] Bluetooth: HCI UART protocol H4 registered
[    3.037756] Bluetooth: HCI UART protocol BCSP registered
[    3.043044] Bluetooth: HCI UART protocol LL registered
[    3.048134] Bluetooth: HCI UART protocol ATH3K registered
[    3.053509] Bluetooth: HCI UART protocol Three-wire (H5) registered
[    3.059768] Bluetooth: HCI UART protocol Intel registered
[    3.065099] Bluetooth: HCI UART protocol QCA registered
[    3.070304] usbcore: registered new interface driver bcm203x
[    3.075924] usbcore: registered new interface driver bpa10x
[    3.081457] usbcore: registered new interface driver bfusb
[    3.086911] usbcore: registered new interface driver btusb
[    3.092373] usbcore: registered new interface driver ath3k
[    3.097854] EDAC MC: ECC not enabled
[    3.101483] EDAC DEVICE0: Giving out device to module zynqmp-ocm-edac controller zynqmp_ocm: DEV ff960000.memory-controller (INTERRUPT)
[    3.113793] sdhci: Secure Digital Host Controller Interface driver
[    3.119585] sdhci: Copyright(c) Pierre Ossman
[    3.123908] sdhci-pltfm: SDHCI platform and OF driver helper
[    3.129956] ledtrig-cpu: registered to indicate activity on CPUs
[    3.135513] SMCCC: SOC_ID: ARCH_SOC_ID not implemented, skipping ....
[    3.141945] zynqmp_firmware_probe Platform Management API v1.1
[    3.147699] zynqmp_firmware_probe Trustzone version v1.0
[    3.187237] zynqmp-pinctrl firmware:zynqmp-firmware:pinctrl: zynqmp pinctrl initialized
[    3.235227] zynqmp-aes firmware:zynqmp-firmware:zynqmp-aes: will run requests pump with realtime priority
[    3.251071] alg: No test for xilinx-keccak-384 (zynqmp-keccak-384)
[    3.251793] alg: No test for xilinx-zynqmp-rsa (zynqmp-rsa)
[    3.257290] usbcore: registered new interface driver usbhid
[    3.262682] usbhid: USB HID core driver
[    3.273935] axi_sysid 85000000.axi-sysid-0: AXI System ID core version (1.01.a) found
[    3.276291] axi_sysid 85000000.axi-sysid-0: [ad9081_fmca_ebz] on [zcu102] git branch <master> git <084d44c9780640ca93fd847b1d9ec70dd65f5c67> clean [2022-03-18 04:17:50] UTC
[    3.291978] fpga_manager fpga0: Xilinx ZynqMP FPGA Manager registered
[    3.298325] usbcore: registered new interface driver snd-usb-audio
[    3.305763] pktgen: Packet Generator for packet performance testing. Version: 2.75
[    3.311961] Initializing XFRM netlink socket
[    3.315811] NET: Registered protocol family 10
[    3.320520] Segment Routing with IPv6
[    3.323915] sit: IPv6, IPv4 and MPLS over IPv4 tunneling driver
[    3.329980] NET: Registered protocol family 17
[    3.334081] NET: Registered protocol family 15
[    3.338581] can: controller area network core
[    3.342831] NET: Registered protocol family 29
[    3.347225] can: raw protocol
[    3.350159] can: broadcast manager protocol
[    3.354314] can: netlink gateway - max_hops=1
[    3.358704] Bluetooth: RFCOMM TTY layer initialized
[    3.363488] Bluetooth: RFCOMM socket layer initialized
[    3.368595] Bluetooth: RFCOMM ver 1.11
[    3.372306] Bluetooth: BNEP (Ethernet Emulation) ver 1.3
[    3.377578] Bluetooth: BNEP filters: protocol multicast
[    3.382770] Bluetooth: BNEP socket layer initialized
[    3.387699] Bluetooth: HIDP (Human Interface Emulation) ver 1.2
[    3.393583] Bluetooth: HIDP socket layer initialized
[    3.398636] 9pnet: Installing 9P2000 support
[    3.402760] NET: Registered protocol family 36
[    3.407176] Key type dns_resolver registered
[    3.411605] registered taskstats version 1
[    3.415473] Loading compiled-in X.509 certificates
[    3.420585] Btrfs loaded, crc32c=crc32c-generic
[    3.432987] ff000000.serial: ttyPS0 at MMIO 0xff000000 (irq = 49, base_baud = 6249999) is a xuartps
[    3.442007] printk: console [ttyPS0] enabled
[    3.446303] printk: bootconsole [cdns0] disabled
[    3.455940] ff010000.serial: ttyPS1 at MMIO 0xff010000 (irq = 50, base_baud = 6249999) is a xuartps
[    3.469182] of-fpga-region fpga-full: FPGA Region probed
[    3.476155] nwl-pcie fd0e0000.pcie: host bridge /axi/pcie@fd0e0000 ranges:
[    3.483046] nwl-pcie fd0e0000.pcie:      MEM 0x00e0000000..0x00efffffff -> 0x00e0000000
[    3.491054] nwl-pcie fd0e0000.pcie:      MEM 0x0600000000..0x07ffffffff -> 0x0600000000
[    3.499123] nwl-pcie fd0e0000.pcie: Link is DOWN
[    3.503882] nwl-pcie fd0e0000.pcie: PCI host bridge to bus 0000:00
[    3.510065] pci_bus 0000:00: root bus resource [bus 00-ff]
[    3.515547] pci_bus 0000:00: root bus resource [mem 0xe0000000-0xefffffff]
[    3.522412] pci_bus 0000:00: root bus resource [mem 0x600000000-0x7ffffffff pref]
[    3.529915] pci 0000:00:00.0: [10ee:d021] type 01 class 0x060400
[    3.535976] pci 0000:00:00.0: PME# supported from D0 D1 D2 D3hot
[    3.546430] pci 0000:00:00.0: PCI bridge to [bus 01-0c]
[    3.552410] xilinx-zynqmp-dma fd500000.dma: ZynqMP DMA driver Probe success
[    3.559583] xilinx-zynqmp-dma fd510000.dma: ZynqMP DMA driver Probe success
[    3.566763] xilinx-zynqmp-dma fd520000.dma: ZynqMP DMA driver Probe success
[    3.573937] xilinx-zynqmp-dma fd530000.dma: ZynqMP DMA driver Probe success
[    3.581101] xilinx-zynqmp-dma fd540000.dma: ZynqMP DMA driver Probe success
[    3.588272] xilinx-zynqmp-dma fd550000.dma: ZynqMP DMA driver Probe success
[    3.595442] xilinx-zynqmp-dma fd560000.dma: ZynqMP DMA driver Probe success
[    3.602611] xilinx-zynqmp-dma fd570000.dma: ZynqMP DMA driver Probe success
[    3.610009] xilinx-zynqmp-dpdma fd4c0000.dma-controller: Xilinx DPDMA engine is probed
[    3.618557] ahci-ceva fd0c0000.ahci: supply ahci not found, using dummy regulator
[    3.626097] ahci-ceva fd0c0000.ahci: supply phy not found, using dummy regulator
[    3.715927] hmc7044 spi2.0: PLL1: Acquisition, CLKIN0 @ 122880000 Hz, PFD: 80 kHz - PLL2: Locked @ 2992.000000 MHz
[    3.726644] jesd204: /axi/spi@ff050000/hmc7044@0,jesd204:1,parent=spi2.0: Using as SYSREF provider
[    3.736228] spi-nor spi0.0: SPI-NOR-UniqueID 100000235394732200270025081115266e
[    3.743531] spi-nor spi0.0: found n25q512a, expected m25p80
[    3.749737] spi-nor spi0.0: trying to lock already unlocked area
[    3.755741] spi-nor spi0.0: n25q512a (131072 Kbytes)
[    3.760725] 4 fixed-partitions partitions found on MTD device spi0.0
[    3.767073] Creating 4 MTD partitions on "spi0.0":
[    3.771859] 0x000000000000-0x000000100000 : "qspi-fsbl-uboot"
[    3.778346] 0x000000100000-0x000000600000 : "qspi-linux"
[    3.784307] 0x000000600000-0x000000620000 : "qspi-device-tree"
[    3.790785] 0x000000620000-0x000000c00000 : "qspi-rootfs"
[    3.799254] macb ff0e0000.ethernet: Not enabling partial store and forward
[    3.806782] libphy: MACB_mii_bus: probed
[    3.811864] macb ff0e0000.ethernet eth0: Cadence GEM rev 0x50070106 at 0xff0e0000 irq 30 (00:0a:35:04:8e:1b)
[    3.822071] xilinx-axipmon ffa00000.perf-monitor: Probed Xilinx APM
[    3.828647] xilinx-axipmon fd0b0000.perf-monitor: Probed Xilinx APM
[    3.835165] xilinx-axipmon fd490000.perf-monitor: Probed Xilinx APM
[    3.841706] xilinx-axipmon ffa10000.perf-monitor: Probed Xilinx APM
[    3.851691] pca953x 0-0020: supply vcc not found, using dummy regulator
[    3.858374] pca953x 0-0020: using no AI
[    3.862864] gpio-496 (sel0): hogged as output/low
[    3.867768] gpio-497 (sel1): hogged as output/high
[    3.872755] gpio-498 (sel2): hogged as output/high
[    3.877739] gpio-499 (sel3): hogged as output/high
[    3.882911] pca953x 0-0021: supply vcc not found, using dummy regulator
[    3.889575] pca953x 0-0021: using no AI
[    3.895341] ina2xx 2-0040: power monitor ina226 (Rshunt = 5000 uOhm)
[    3.902365] ina2xx 2-0041: power monitor ina226 (Rshunt = 5000 uOhm)
[    3.909398] ina2xx 2-0042: power monitor ina226 (Rshunt = 5000 uOhm)
[    3.916431] ina2xx 2-0043: power monitor ina226 (Rshunt = 5000 uOhm)
[    3.923453] ina2xx 2-0044: power monitor ina226 (Rshunt = 5000 uOhm)
[    3.930474] ina2xx 2-0045: power monitor ina226 (Rshunt = 5000 uOhm)
[    3.937503] ina2xx 2-0046: power monitor ina226 (Rshunt = 5000 uOhm)
[    3.944583] ina2xx 2-0047: power monitor ina226 (Rshunt = 5000 uOhm)
[    3.951608] ina2xx 2-004a: power monitor ina226 (Rshunt = 5000 uOhm)
[    3.958648] ina2xx 2-004b: power monitor ina226 (Rshunt = 5000 uOhm)
[    3.965056] i2c i2c-0: Added multiplexed i2c bus 2
[    3.970444] random: fast init done
[    3.973915] ina2xx 3-0040: power monitor ina226 (Rshunt = 2000 uOhm)
[    3.980942] ina2xx 3-0041: power monitor ina226 (Rshunt = 5000 uOhm)
[    3.987968] ina2xx 3-0042: power monitor ina226 (Rshunt = 5000 uOhm)
[    3.995003] ina2xx 3-0043: power monitor ina226 (Rshunt = 5000 uOhm)
[    4.002027] ina2xx 3-0044: power monitor ina226 (Rshunt = 5000 uOhm)
[    4.009051] ina2xx 3-0045: power monitor ina226 (Rshunt = 5000 uOhm)
[    4.016086] ina2xx 3-0046: power monitor ina226 (Rshunt = 5000 uOhm)
[    4.023116] ina2xx 3-0047: power monitor ina226 (Rshunt = 5000 uOhm)
[    4.029516] i2c i2c-0: Added multiplexed i2c bus 3
[    4.085318] i2c i2c-0: Added multiplexed i2c bus 4
[    4.090256] i2c i2c-0: Added multiplexed i2c bus 5
[    4.095045] pca954x 0-0075: registered 4 multiplexed busses for I2C mux pca9544
[    4.102395] cdns-i2c ff020000.i2c: 400 kHz mmio ff020000 irq 32
[    4.110128] at24 6-0054: supply vcc not found, using dummy regulator
[    4.117033] at24 6-0054: 1024 byte 24c08 EEPROM, writable, 1 bytes/write
[    4.123788] i2c i2c-1: Added multiplexed i2c bus 6
[    4.130213] si5341 7-0036: Chip: 5341 Grade: 1 Rev: 1
[    4.167920] i2c i2c-1: Added multiplexed i2c bus 7
[    4.175574] si570 8-005d: registered, current frequency 300000000 Hz
[    4.181972] i2c i2c-1: Added multiplexed i2c bus 8
[    4.201758] si570 9-005d: registered, current frequency 148500000 Hz
[    4.208161] i2c i2c-1: Added multiplexed i2c bus 9
[    4.213200] si5324 10-0069: si5328 probed
[    4.280115] si5324 10-0069: si5328 probe successful
[    4.285042] i2c i2c-1: Added multiplexed i2c bus 10
[    4.290068] i2c i2c-1: Added multiplexed i2c bus 11
[    4.295096] i2c i2c-1: Added multiplexed i2c bus 12
[    4.300116] i2c i2c-1: Added multiplexed i2c bus 13
[    4.304997] pca954x 1-0074: registered 8 multiplexed busses for I2C switch pca9548
[    4.313105] at24 14-0050: supply vcc not found, using dummy regulator
[    4.319900] at24 14-0050: 256 byte 24c02 EEPROM, writable, 1 bytes/write
[    4.326648] i2c i2c-1: Added multiplexed i2c bus 14
[    4.331690] i2c i2c-1: Added multiplexed i2c bus 15
[    4.336722] i2c i2c-1: Added multiplexed i2c bus 16
[    4.341759] i2c i2c-1: Added multiplexed i2c bus 17
[    4.346790] i2c i2c-1: Added multiplexed i2c bus 18
[    4.351840] i2c i2c-1: Added multiplexed i2c bus 19
[    4.356878] i2c i2c-1: Added multiplexed i2c bus 20
[    4.361915] i2c i2c-1: Added multiplexed i2c bus 21
[    4.366789] pca954x 1-0075: registered 8 multiplexed busses for I2C switch pca9548
[    4.374398] cdns-i2c ff030000.i2c: 400 kHz mmio ff030000 irq 33
[    4.384150] cdns-wdt fd4d0000.watchdog: Xilinx Watchdog Timer with timeout 60s
[    4.395095] axi_adxcvr 84a60000.axi-adxcvr-rx: AXI-ADXCVR-RX (17.05.a) using CPLL on GTH4 at 0x84A60000. Number of lanes: 4.
[    4.407270] axi_adxcvr 84b60000.axi-adxcvr-tx: AXI-ADXCVR-TX (17.05.a) using QPLL on GTH4 at 0x84B60000. Number of lanes: 4.
[    4.418898] axi-jesd204-rx 84a90000.axi-jesd204-rx: AXI-JESD204-RX (1.07.a) at 0x84A90000. Encoder 8b10b, width 4/4, lanes 4, jesd204-fsm.
[    4.426187] mmc0: SDHCI controller on ff170000.mmc [ff170000.mmc] using ADMA 64-bit
[    4.431744] axi-jesd204-tx 84b90000.axi-jesd204-tx: AXI-JESD204-TX (1.06.a) at 0x84B90000. Encoder 8b10b, width 4/4, lanes 4, jesd204-fsm.
[    4.452461] zynqmp-display fd4a0000.display: vtc bridge property not present
[    4.462119] xilinx-dp-snd-codec fd4a0000.display:zynqmp_dp_snd_codec0: Failed to get required clock freq
[    4.471619] xilinx-dp-snd-codec: probe of fd4a0000.display:zynqmp_dp_snd_codec0 failed with error -22
[    4.473539] mmc0: new high speed SDHC card at address 0001
[    4.481159] xilinx-dp-snd-pcm zynqmp_dp_snd_pcm0: Xilinx DisplayPort Sound PCM probed
[    4.486672] mmcblk0: mmc0:0001 EB1QT 29.8 GiB 
[    4.494476] xilinx-dp-snd-pcm zynqmp_dp_snd_pcm1: Xilinx DisplayPort Sound PCM probed
[    4.499905]  mmcblk0: p1 p2 p3
[    4.506780] OF: graph: no port node found in /axi/display@fd4a0000
[    4.515853] xlnx-drm xlnx-drm.0: bound fd4a0000.display (ops 0xffffffc010fcbdb8)
[    5.599773] zynqmp-display fd4a0000.display: [drm] Cannot find any crtc or sizes
[    5.607391] [drm] Initialized xlnx 1.0.0 20130509 for fd4a0000.display on minor 0
[    5.614880] zynqmp-display fd4a0000.display: ZynqMP DisplayPort Subsystem driver probed
[    5.623207] ahci-ceva fd0c0000.ahci: supply ahci not found, using dummy regulator
[    5.630750] ahci-ceva fd0c0000.ahci: supply phy not found, using dummy regulator
[    5.638201] ahci-ceva fd0c0000.ahci: supply target not found, using dummy regulator
[    5.646041] ahci-ceva fd0c0000.ahci: AHCI 0001.0301 32 slots 2 ports 6 Gbps 0x3 impl platform mode
[    5.654996] ahci-ceva fd0c0000.ahci: flags: 64bit ncq sntf pm clo only pmp fbs pio slum part ccc sds apst 
[    5.665689] scsi host0: ahci-ceva
[    5.669289] scsi host1: ahci-ceva
[    5.672716] ata1: SATA max UDMA/133 mmio [mem 0xfd0c0000-0xfd0c1fff] port 0x100 irq 45
[    5.680626] ata2: SATA max UDMA/133 mmio [mem 0xfd0c0000-0xfd0c1fff] port 0x180 irq 45
[    5.689225] ad9081 spi1.0: supply vdd not found, using dummy regulator
[    6.002009] ata1: SATA link down (SStatus 0 SControl 330)
[    6.007426] ata2: SATA link down (SStatus 0 SControl 330)
[    6.683774] zynqmp-display fd4a0000.display: [drm] Cannot find any crtc or sizes
[    7.528012] ad9081 spi1.0: AD9081 Rev. 2 Grade 10 (API 1.2.2) probed
[    7.535198] xhci-hcd xhci-hcd.1.auto: xHCI Host Controller
[    7.540697] xhci-hcd xhci-hcd.1.auto: new USB bus registered, assigned bus number 1
[    7.548441] xhci-hcd xhci-hcd.1.auto: hcc params 0x0238f625 hci version 0x100 quirks 0x0000000002010810
[    7.557866] xhci-hcd xhci-hcd.1.auto: irq 59, io mem 0xfe200000
[    7.563974] usb usb1: New USB device found, idVendor=1d6b, idProduct=0002, bcdDevice= 5.10
[    7.572234] usb usb1: New USB device strings: Mfr=3, Product=2, SerialNumber=1
[    7.579453] usb usb1: Product: xHCI Host Controller
[    7.584321] usb usb1: Manufacturer: Linux 5.10.0-98103-g2aa7ac113716 xhci-hcd
[    7.591447] usb usb1: SerialNumber: xhci-hcd.1.auto
[    7.596618] hub 1-0:1.0: USB hub found
[    7.600382] hub 1-0:1.0: 1 port detected
[    7.604479] xhci-hcd xhci-hcd.1.auto: xHCI Host Controller
[    7.609968] xhci-hcd xhci-hcd.1.auto: new USB bus registered, assigned bus number 2
[    7.617621] xhci-hcd xhci-hcd.1.auto: Host supports USB 3.0 SuperSpeed
[    7.624246] usb usb2: New USB device found, idVendor=1d6b, idProduct=0003, bcdDevice= 5.10
[    7.632507] usb usb2: New USB device strings: Mfr=3, Product=2, SerialNumber=1
[    7.639725] usb usb2: Product: xHCI Host Controller
[    7.644597] usb usb2: Manufacturer: Linux 5.10.0-98103-g2aa7ac113716 xhci-hcd
[    7.651721] usb usb2: SerialNumber: xhci-hcd.1.auto
[    7.656830] hub 2-0:1.0: USB hub found
[    7.660592] hub 2-0:1.0: 1 port detected
[    7.690701] cf_axi_adc 84a10000.axi-ad9081-rx-hpc: ADI AIM (10.01.b) at 0x84A10000 mapped to 0x(____ptrval____), probed ADC AD9081 as MASTER
[    7.720597] cf_axi_dds 84b10000.axi-ad9081-tx-hpc: Analog Devices CF_AXI_DDS_DDS MASTER (9.01.b) at 0x84B10000 mapped to 0x(____ptrval____), probed DDS AD9081
[    7.734797] jesd204: /axi/spi@ff040000/ad9081@0,jesd204:0,parent=spi1.0: JESD204[2] transition initialized -> probed
[    7.745316] jesd204: /axi/spi@ff040000/ad9081@0,jesd204:0,parent=spi1.0: JESD204[0] transition initialized -> probed
[    7.755841] jesd204: /axi/spi@ff040000/ad9081@0,jesd204:0,parent=spi1.0: JESD204[2] transition probed -> idle
[    7.765747] jesd204: /axi/spi@ff040000/ad9081@0,jesd204:0,parent=spi1.0: JESD204[0] transition probed -> idle
[    7.775665] jesd204: /axi/spi@ff040000/ad9081@0,jesd204:0,parent=spi1.0: JESD204[2] transition idle -> device_init
[    7.786006] jesd204: /axi/spi@ff040000/ad9081@0,jesd204:0,parent=spi1.0: JESD204[0] transition idle -> device_init
[    7.796360] jesd204: /axi/spi@ff040000/ad9081@0,jesd204:0,parent=spi1.0: JESD204[2] transition device_init -> link_init
[    7.807143] jesd204: /axi/spi@ff040000/ad9081@0,jesd204:0,parent=spi1.0: JESD204[0] transition device_init -> link_init
[    7.817934] jesd204: /axi/spi@ff040000/ad9081@0,jesd204:0,parent=spi1.0: JESD204[2] transition link_init -> link_supported
[    7.828972] jesd204: /axi/spi@ff040000/ad9081@0,jesd204:0,parent=spi1.0: JESD204[0] transition link_init -> link_supported
[    7.840391] hmc7044 spi2.0: hmc7044_jesd204_link_pre_setup: Link2 forcing continuous SYSREF mode
[    7.849560] jesd204: /axi/spi@ff040000/ad9081@0,jesd204:0,parent=spi1.0: JESD204[2] transition link_supported -> link_pre_setup
[    7.861039] jesd204: /axi/spi@ff040000/ad9081@0,jesd204:0,parent=spi1.0: JESD204[0] transition link_supported -> link_pre_setup
[    7.884808] jesd204: /axi/spi@ff040000/ad9081@0,jesd204:0,parent=spi1.0: JESD204[2] transition link_pre_setup -> clk_sync_stage1
[    7.896375] jesd204: /axi/spi@ff040000/ad9081@0,jesd204:0,parent=spi1.0: JESD204[0] transition link_pre_setup -> clk_sync_stage1
[    7.907945] jesd204: /axi/spi@ff040000/ad9081@0,jesd204:0,parent=spi1.0: JESD204[2] transition clk_sync_stage1 -> clk_sync_stage2
[    7.919591] jesd204: /axi/spi@ff040000/ad9081@0,jesd204:0,parent=spi1.0: JESD204[0] transition clk_sync_stage1 -> clk_sync_stage2
[    7.931244] jesd204: /axi/spi@ff040000/ad9081@0,jesd204:0,parent=spi1.0: JESD204[2] transition clk_sync_stage2 -> clk_sync_stage3
[    7.942889] jesd204: /axi/spi@ff040000/ad9081@0,jesd204:0,parent=spi1.0: JESD204[0] transition clk_sync_stage2 -> clk_sync_stage3
[    7.956603] jesd204: /axi/spi@ff040000/ad9081@0,jesd204:0,parent=spi1.0: JESD204[2] transition clk_sync_stage3 -> link_setup
[    7.967822] jesd204: /axi/spi@ff040000/ad9081@0,jesd204:0,parent=spi1.0: JESD204[0] transition clk_sync_stage3 -> link_setup
[    7.983865] jesd204: /axi/spi@ff040000/ad9081@0,jesd204:0,parent=spi1.0: JESD204[2] transition link_setup -> opt_setup_stage1
[    7.995170] jesd204: /axi/spi@ff040000/ad9081@0,jesd204:0,parent=spi1.0: JESD204[0] transition link_setup -> opt_setup_stage1
[    8.011514] jesd204: /axi/spi@ff040000/ad9081@0,jesd204:0,parent=spi1.0: JESD204[2] transition opt_setup_stage1 -> opt_setup_stage2
[    8.023337] jesd204: /axi/spi@ff040000/ad9081@0,jesd204:0,parent=spi1.0: JESD204[0] transition opt_setup_stage1 -> opt_setup_stage2
[    8.035311] jesd204: /axi/spi@ff040000/ad9081@0,jesd204:0,parent=spi1.0: JESD204[2] transition opt_setup_stage2 -> opt_setup_stage3
[    8.047138] jesd204: /axi/spi@ff040000/ad9081@0,jesd204:0,parent=spi1.0: JESD204[0] transition opt_setup_stage2 -> opt_setup_stage3
[    8.058961] jesd204: /axi/spi@ff040000/ad9081@0,jesd204:0,parent=spi1.0: JESD204[2] transition opt_setup_stage3 -> opt_setup_stage4
[    8.070785] jesd204: /axi/spi@ff040000/ad9081@0,jesd204:0,parent=spi1.0: JESD204[0] transition opt_setup_stage3 -> opt_setup_stage4
[    8.082609] jesd204: /axi/spi@ff040000/ad9081@0,jesd204:0,parent=spi1.0: JESD204[2] transition opt_setup_stage4 -> opt_setup_stage5
[    8.094437] jesd204: /axi/spi@ff040000/ad9081@0,jesd204:0,parent=spi1.0: JESD204[0] transition opt_setup_stage4 -> opt_setup_stage5
[    8.110364] jesd204: /axi/spi@ff040000/ad9081@0,jesd204:0,parent=spi1.0: JESD204[2] transition opt_setup_stage5 -> clocks_enable
[    8.121924] jesd204: /axi/spi@ff040000/ad9081@0,jesd204:0,parent=spi1.0: JESD204[0] transition opt_setup_stage5 -> clocks_enable
[    8.167820] axi_adxcvr 84a60000.axi-adxcvr-rx: adxcvr_clk_enable: CPLL RX buffer underflow error, status: 0x61
[    8.177812] axi_adxcvr 84a60000.axi-adxcvr-rx: adxcvr_clk_enable: CPLL RX buffer overflow error, status: 0x61
[    8.187793] jesd204: /axi/spi@ff040000/ad9081@0,jesd204:0,parent=spi1.0: JESD204[2] transition clocks_enable -> link_enable
[    8.198923] jesd204: /axi/spi@ff040000/ad9081@0,jesd204:0,parent=spi1.0: JESD204[0] transition clocks_enable -> link_enable
[    8.232003] ad9081 spi1.0: JESD RX (JTX) Link2 in DATA, SYNC deasserted, PLL locked, PHASE established, MODE valid
[    8.242615] ad9081 spi1.0: JESD TX (JRX) Link0 0xF lanes in DATA
[    8.248626] jesd204: /axi/spi@ff040000/ad9081@0,jesd204:0,parent=spi1.0: JESD204[2] transition link_enable -> link_running
[    8.259664] jesd204: /axi/spi@ff040000/ad9081@0,jesd204:0,parent=spi1.0: JESD204[0] transition link_enable -> link_running
[    8.270710] jesd204: /axi/spi@ff040000/ad9081@0,jesd204:0,parent=spi1.0: JESD204[2] transition link_running -> opt_post_running_stage
[    8.282701] jesd204: /axi/spi@ff040000/ad9081@0,jesd204:0,parent=spi1.0: JESD204[0] transition link_running -> opt_post_running_stage
[    8.304003] input: gpio-keys as /devices/platform/gpio-keys/input/input0
[    8.311016] of_cfs_init
[    8.313480] of_cfs_init: OK
[    8.316421] cfg80211: Loading compiled-in X.509 certificates for regulatory database
[    8.434115] random: crng init done
[    8.454834] cfg80211: Loaded X.509 cert 'sforshee: 00b28ddf47aef9cea7'
[    8.461370] clk: Not disabling unused clocks
[    8.465902] ALSA device list:
[    8.468865]   No soundcards found.
[    8.472541] platform regulatory.0: Direct firmware load for regulatory.db failed with error -2
[    8.481152] cfg80211: failed to load regulatory.db
[    8.496713] EXT4-fs (mmcblk0p2): mounted filesystem with ordered data mode. Opts: (null)
[    8.504824] VFS: Mounted root (ext4 filesystem) on device 179:2.
[    8.519188] devtmpfs: mounted
[    8.523011] Freeing unused kernel memory: 2560K
[    8.543805] Run /sbin/init as init process
[    8.547898]   with arguments:
[    8.547900]     /sbin/init
[    8.547902]   with environment:
[    8.547905]     HOME=/
[    8.547907]     TERM=linux
[    9.165737] systemd[1]: systemd 241 running in system mode. (+PAM +AUDIT +SELINUX +IMA +APPARMOR +SMACK +SYSVINIT +UTMP +LIBCRYPTSETUP +GCRYPT +GNUTLS +ACL +XZ +LZ4 +SECCOMP +BLKID +ELFUTILS +KMOD -IDN2 +IDN -PCRE2 default-hierarchy=hybrid)
[    9.187597] systemd[1]: Detected architecture arm64.
[    9.212557] systemd[1]: Set hostname to <analog>.
[    9.427177] systemd[1]: File /lib/systemd/system/systemd-journald.service:12 configures an IP firewall (IPAddressDeny=any), but the local system does not support BPF/cgroup based firewalling.
[    9.444242] systemd[1]: Proceeding WITHOUT firewalling in effect! (This warning is only shown for the first loaded unit using IP firewalling.)
[    9.615994] systemd[1]: /etc/systemd/system/tof-server.service:1: Assignment outside of section. Ignoring.
[    9.625677] systemd[1]: /etc/systemd/system/tof-server.service:2: Assignment outside of section. Ignoring.
[    9.827342] systemd[1]: Created slice User and Session Slice.
[    9.847852] systemd[1]: Reached target Slices.
[    9.864364] systemd[1]: Listening on Journal Audit Socket.
[   10.778079] EXT4-fs (mmcblk0p2): re-mounted. Opts: (null)
[   10.891483] systemd-journald[167]: Received request to flush runtime journal from PID 1
[   17.468117] macb ff0e0000.ethernet eth0: PHY [ff0e0000.ethernet-ffffffff:0c] driver [TI DP83867] (irq=POLL)
[   17.468130] macb ff0e0000.ethernet eth0: configuring for phy/rgmii-id link mode
[   17.821289] Adding 97276k swap on /var/swap.  Priority:-2 extents:2 across:662524k SS
[   20.545434] macb ff0e0000.ethernet eth0: Link is Up - 1Gbps/Full - flow control off
[   20.545465] IPv6: ADDRCONF(NETDEV_CHANGE): eth0: link becomes ready
[   20.637034] broken atomic modeset userspace detected, disabling atomic
[   23.318615] broken atomic modeset userspace detected, disabling atomic
[   26.724827] broken atomic modeset userspace detected, disabling atomic