[    0.000000] Booting Linux on physical CPU 0x0000000000 [0x410fd034]
[    0.000000] Linux version 5.10.0-98103-g2aa7ac113716 (jenkins@romlxbuild1.adlk.analog.com) (aarch64-xilinx-linux-gcc.real (GCC) 10.2.0, GNU ld (GNU Binutils) 2.35.0.20200730) #5577 SMP Wed Mar 23 07:28:49 GMT 2022
[    0.000000] Machine model: ZynqMP ZCU102 Rev1.0
[    0.000000] earlycon: cdns0 at MMIO 0x00000000ff000000 (options '115200n8')
[    0.000000] printk: bootconsole [cdns0] enabled
[    0.000000] efi: UEFI not found.
[    0.000000] cma: Reserved 256 MiB at 0x0000000070000000
[    0.000000] Zone ranges:
[    0.000000]   DMA      [mem 0x0000000000000000-0x000000003fffffff]
[    0.000000]   DMA32    [mem 0x0000000040000000-0x00000000ffffffff]
[    0.000000]   Normal   [mem 0x0000000100000000-0x000000087fffffff]
[    0.000000] Movable zone start for each node
[    0.000000] Early memory node ranges
[    0.000000]   node   0: [mem 0x0000000000000000-0x000000007fffffff]
[    0.000000]   node   0: [mem 0x0000000800000000-0x000000087fffffff]
[    0.000000] Initmem setup node 0 [mem 0x0000000000000000-0x000000087fffffff]
[    0.000000] On node 0 totalpages: 1048576
[    0.000000]   DMA zone: 3584 pages used for memmap
[    0.000000]   DMA zone: 0 pages reserved
[    0.000000]   DMA zone: 262144 pages, LIFO batch:63
[    0.000000]   DMA32 zone: 3584 pages used for memmap
[    0.000000]   DMA32 zone: 262144 pages, LIFO batch:63
[    0.000000]   Normal zone: 7168 pages used for memmap
[    0.000000]   Normal zone: 524288 pages, LIFO batch:63
[    0.000000] psci: probing for conduit method from DT.
[    0.000000] psci: PSCIv1.1 detected in firmware.
[    0.000000] psci: Using standard PSCI v0.2 function IDs
[    0.000000] psci: MIGRATE_INFO_TYPE not supported.
[    0.000000] psci: SMC Calling Convention v1.2
[    0.000000] percpu: Embedded 22 pages/cpu s49496 r8192 d32424 u90112
[    0.000000] pcpu-alloc: s49496 r8192 d32424 u90112 alloc=22*4096
[    0.000000] pcpu-alloc: [0] 0 [0] 1 [0] 2 [0] 3 
[    0.000000] Detected VIPT I-cache on CPU0
[    0.000000] CPU features: detected: ARM erratum 845719
[    0.000000] Built 1 zonelists, mobility grouping on.  Total pages: 1034240
[    0.000000] Kernel command line: console=ttyPS0,115200 root=/dev/mmcblk0p2 rw earlycon rootfstype=ext4 rootwait clk_ignore_unused cpuidle.off=1 root=/dev/mmcblk0p2 rw rootwait
[    0.000000] Dentry cache hash table entries: 524288 (order: 10, 4194304 bytes, linear)
[    0.000000] Inode-cache hash table entries: 262144 (order: 9, 2097152 bytes, linear)
[    0.000000] mem auto-init: stack:off, heap alloc:off, heap free:off
[    0.000000] software IO TLB: mapped [mem 0x000000003bfff000-0x000000003ffff000] (64MB)
[    0.000000] Memory: 3761904K/4194304K available (15296K kernel code, 1636K rwdata, 11876K rodata, 2560K init, 507K bss, 170256K reserved, 262144K cma-reserved)
[    0.000000] rcu: Hierarchical RCU implementation.
[    0.000000] rcu: 	RCU event tracing is enabled.
[    0.000000] rcu: 	RCU restricting CPUs from NR_CPUS=8 to nr_cpu_ids=4.
[    0.000000] rcu: RCU calculated value of scheduler-enlistment delay is 25 jiffies.
[    0.000000] rcu: Adjusting geometry for rcu_fanout_leaf=16, nr_cpu_ids=4
[    0.000000] NR_IRQS: 64, nr_irqs: 64, preallocated irqs: 0
[    0.000000] GIC: Adjusting CPU interface base to 0x00000000f902f000
[    0.000000] GIC: Using split EOI/Deactivate mode
[    0.000000] random: get_random_bytes called from start_kernel+0x31c/0x54c with crng_init=0
[    0.000000] arch_timer: cp15 timer(s) running at 100.00MHz (phys).
[    0.000000] clocksource: arch_sys_counter: mask: 0xffffffffffffff max_cycles: 0x171024e7e0, max_idle_ns: 440795205315 ns
[    0.000003] sched_clock: 56 bits at 100MHz, resolution 10ns, wraps every 4398046511100ns
[    0.008464] Console: colour dummy device 80x25
[    0.012483] Calibrating delay loop (skipped), value calculated using timer frequency.. 200.00 BogoMIPS (lpj=400000)
[    0.022841] pid_max: default: 32768 minimum: 301
[    0.027550] Mount-cache hash table entries: 8192 (order: 4, 65536 bytes, linear)
[    0.034789] Mountpoint-cache hash table entries: 8192 (order: 4, 65536 bytes, linear)
[    0.043399] rcu: Hierarchical SRCU implementation.
[    0.047558] EFI services will not be available.
[    0.051938] smp: Bringing up secondary CPUs ...
[    0.056657] Detected VIPT I-cache on CPU1
[    0.056695] CPU1: Booted secondary processor 0x0000000001 [0x410fd034]
[    0.057061] Detected VIPT I-cache on CPU2
[    0.057084] CPU2: Booted secondary processor 0x0000000002 [0x410fd034]
[    0.057424] Detected VIPT I-cache on CPU3
[    0.057447] CPU3: Booted secondary processor 0x0000000003 [0x410fd034]
[    0.057493] smp: Brought up 1 node, 4 CPUs
[    0.091780] SMP: Total of 4 processors activated.
[    0.096452] CPU features: detected: 32-bit EL0 Support
[    0.101556] CPU features: detected: CRC32 instructions
[    0.106695] CPU: All CPU(s) started at EL2
[    0.110736] alternatives: patching kernel code
[    0.116172] devtmpfs: initialized
[    0.124065] Registered cp15_barrier emulation handler
[    0.124115] Registered setend emulation handler
[    0.128092] clocksource: jiffies: mask: 0xffffffff max_cycles: 0xffffffff, max_idle_ns: 7645041785100000 ns
[    0.137670] futex hash table entries: 1024 (order: 4, 65536 bytes, linear)
[    0.151027] pinctrl core: initialized pinctrl subsystem
[    0.151672] NET: Registered protocol family 16
[    0.156091] DMA: preallocated 512 KiB GFP_KERNEL pool for atomic allocations
[    0.162108] DMA: preallocated 512 KiB GFP_KERNEL|GFP_DMA pool for atomic allocations
[    0.169833] DMA: preallocated 512 KiB GFP_KERNEL|GFP_DMA32 pool for atomic allocations
[    0.177636] audit: initializing netlink subsys (disabled)
[    0.183088] audit: type=2000 audit(0.116:1): state=initialized audit_enabled=0 res=1
[    0.183432] hw-breakpoint: found 6 breakpoint and 4 watchpoint registers.
[    0.197463] ASID allocator initialised with 65536 entries
[    0.224360] HugeTLB registered 1.00 GiB page size, pre-allocated 0 pages
[    0.225412] HugeTLB registered 32.0 MiB page size, pre-allocated 0 pages
[    0.232082] HugeTLB registered 2.00 MiB page size, pre-allocated 0 pages
[    0.238746] HugeTLB registered 64.0 KiB page size, pre-allocated 0 pages
[    1.304319] DRBG: Continuing without Jitter RNG
[    1.382140] raid6: neonx8   gen()  2143 MB/s
[    1.450191] raid6: neonx8   xor()  1601 MB/s
[    1.518251] raid6: neonx4   gen()  2199 MB/s
[    1.586298] raid6: neonx4   xor()  1565 MB/s
[    1.654373] raid6: neonx2   gen()  2076 MB/s
[    1.722417] raid6: neonx2   xor()  1437 MB/s
[    1.790479] raid6: neonx1   gen()  1772 MB/s
[    1.858527] raid6: neonx1   xor()  1220 MB/s
[    1.926584] raid6: int64x8  gen()  1438 MB/s
[    1.994641] raid6: int64x8  xor()   771 MB/s
[    2.062705] raid6: int64x4  gen()  1599 MB/s
[    2.130767] raid6: int64x4  xor()   817 MB/s
[    2.198841] raid6: int64x2  gen()  1397 MB/s
[    2.266879] raid6: int64x2  xor()   750 MB/s
[    2.334948] raid6: int64x1  gen()  1033 MB/s
[    2.403017] raid6: int64x1  xor()   517 MB/s
[    2.403055] raid6: using algorithm neonx4 gen() 2199 MB/s
[    2.407013] raid6: .... xor() 1565 MB/s, rmw enabled
[    2.411944] raid6: using neon recovery algorithm
[    2.416952] iommu: Default domain type: Translated 
[    2.421567] SCSI subsystem initialized
[    2.425113] libata version 3.00 loaded.
[    2.425238] usbcore: registered new interface driver usbfs
[    2.430570] usbcore: registered new interface driver hub
[    2.435842] usbcore: registered new device driver usb
[    2.440975] mc: Linux media interface: v0.10
[    2.445092] videodev: Linux video capture interface: v2.00
[    2.450583] EDAC MC: Ver: 3.0.0
[    2.454022] zynqmp-ipi-mbox mailbox@ff990400: Registered ZynqMP IPI mbox with TX/RX channels.
[    2.462524] jesd204: created con: id=0, topo=0, link=0, /axi/spi@ff050000/hmc7044@0 <-> /fpga-axi@0/axi-adxcvr-tx@84b60000
[    2.473112] jesd204: created con: id=1, topo=0, link=2, /axi/spi@ff050000/hmc7044@0 <-> /fpga-axi@0/axi-adxcvr-rx@84a60000
[    2.484096] jesd204: created con: id=2, topo=0, link=0, /fpga-axi@0/axi-adxcvr-tx@84b60000 <-> /fpga-axi@0/axi-jesd204-tx@84b90000
[    2.495772] jesd204: created con: id=3, topo=0, link=2, /fpga-axi@0/axi-adxcvr-rx@84a60000 <-> /fpga-axi@0/axi-jesd204-rx@84a90000
[    2.507449] jesd204: created con: id=4, topo=0, link=0, /fpga-axi@0/axi-jesd204-tx@84b90000 <-> /fpga-axi@0/axi-ad9081-tx-hpc@84b10000
[    2.519477] jesd204: created con: id=5, topo=0, link=2, /fpga-axi@0/axi-jesd204-rx@84a90000 <-> /fpga-axi@0/axi-ad9081-rx-hpc@84a10000
[    2.531499] jesd204: created con: id=6, topo=0, link=2, /fpga-axi@0/axi-ad9081-rx-hpc@84a10000 <-> /axi/spi@ff040000/ad9081@0
[    2.542741] jesd204: created con: id=7, topo=0, link=0, /fpga-axi@0/axi-ad9081-tx-hpc@84b10000 <-> /axi/spi@ff040000/ad9081@0
[    2.553990] jesd204: /axi/spi@ff040000/ad9081@0: JESD204[2] transition uninitialized -> initialized
[    2.562977] jesd204: /axi/spi@ff040000/ad9081@0: JESD204[0] transition uninitialized -> initialized
[    2.571969] jesd204: found 8 devices and 1 topologies
[    2.577012] FPGA manager framework
[    2.580490] Advanced Linux Sound Architecture Driver Initialized.
[    2.586783] Bluetooth: Core ver 2.22
[    2.589972] NET: Registered protocol family 31
[    2.594373] Bluetooth: HCI device and connection manager initialized
[    2.600690] Bluetooth: HCI socket layer initialized
[    2.605532] Bluetooth: L2CAP socket layer initialized
[    2.610556] Bluetooth: SCO socket layer initialized
[    2.615742] clocksource: Switched to clocksource arch_sys_counter
[    2.621548] VFS: Disk quotas dquot_6.6.0
[    2.625383] VFS: Dquot-cache hash table entries: 512 (order 0, 4096 bytes)
[    2.636093] NET: Registered protocol family 2
[    2.636826] tcp_listen_portaddr_hash hash table entries: 2048 (order: 3, 32768 bytes, linear)
[    2.645023] TCP established hash table entries: 32768 (order: 6, 262144 bytes, linear)
[    2.653048] TCP bind hash table entries: 32768 (order: 7, 524288 bytes, linear)
[    2.660493] TCP: Hash tables configured (established 32768 bind 32768)
[    2.666665] UDP hash table entries: 2048 (order: 4, 65536 bytes, linear)
[    2.673334] UDP-Lite hash table entries: 2048 (order: 4, 65536 bytes, linear)
[    2.680495] NET: Registered protocol family 1
[    2.684950] RPC: Registered named UNIX socket transport module.
[    2.690571] RPC: Registered udp transport module.
[    2.695235] RPC: Registered tcp transport module.
[    2.699905] RPC: Registered tcp NFSv4.1 backchannel transport module.
[    2.706896] PCI: CLS 0 bytes, default 64
[    2.710602] hw perfevents: no interrupt-affinity property for /pmu, guessing.
[    2.717456] hw perfevents: enabled with armv8_pmuv3 PMU driver, 7 counters available
[    2.725809] Initialise system trusted keyrings
[    2.729484] workingset: timestamp_bits=62 max_order=20 bucket_order=0
[    2.736385] NFS: Registering the id_resolver key type
[    2.740834] Key type id_resolver registered
[    2.744972] Key type id_legacy registered
[    2.748962] nfs4filelayout_init: NFSv4 File Layout Driver Registering...
[    2.755628] jffs2: version 2.2. (NAND) (SUMMARY)  Â© 2001-2006 Red Hat, Inc.
[    2.798127] NET: Registered protocol family 38
[    2.798169] xor: measuring software checksum speed
[    2.805856]    8regs           :  2363 MB/sec
[    2.809525]    32regs          :  2799 MB/sec
[    2.814467]    arm64_neon      :  2380 MB/sec
[    2.814657] xor: using function: 32regs (2799 MB/sec)
[    2.819683] Key type asymmetric registered
[    2.823744] Asymmetric key parser 'x509' registered
[    2.828605] Block layer SCSI generic (bsg) driver version 0.4 loaded (major 248)
[    2.835942] io scheduler mq-deadline registered
[    2.840439] io scheduler kyber registered
[    2.869836] Serial: 8250/16550 driver, 4 ports, IRQ sharing disabled
[    2.874477] cacheinfo: Unable to detect cache hierarchy for CPU 0
[    2.880809] brd: module loaded
[    2.884949] loop: module loaded
[    2.885495] Registered mathworks_ip class
[    2.888845] libphy: Fixed MDIO Bus: probed
[    2.891828] tun: Universal TUN/TAP device driver, 1.6
[    2.895885] CAN device driver interface
[    2.900424] usbcore: registered new interface driver asix
[    2.905016] usbcore: registered new interface driver ax88179_178a
[    2.911051] usbcore: registered new interface driver cdc_ether
[    2.916845] usbcore: registered new interface driver net1080
[    2.922472] usbcore: registered new interface driver cdc_subset
[    2.928352] usbcore: registered new interface driver zaurus
[    2.933895] usbcore: registered new interface driver cdc_ncm
[    2.940308] ehci_hcd: USB 2.0 'Enhanced' Host Controller (EHCI) Driver
[    2.945981] ehci-pci: EHCI PCI platform driver
[    2.950779] usbcore: registered new interface driver uas
[    2.955700] usbcore: registered new interface driver usb-storage
[    2.961686] usbcore: registered new interface driver usbserial_generic
[    2.968136] usbserial: USB Serial support registered for generic
[    2.974108] usbcore: registered new interface driver ftdi_sio
[    2.979811] usbserial: USB Serial support registered for FTDI USB Serial Device
[    2.987088] usbcore: registered new interface driver upd78f0730
[    2.992959] usbserial: USB Serial support registered for upd78f0730
[    3.000620] rtc_zynqmp ffa60000.rtc: registered as rtc0
[    3.004384] rtc_zynqmp ffa60000.rtc: setting system clock to 2022-03-26T02:25:34 UTC (1648261534)
[    3.013247] i2c /dev entries driver
[    3.018552] usbcore: registered new interface driver uvcvideo
[    3.022360] USB Video Class driver (1.1.1)
[    3.027940] Bluetooth: HCI UART driver ver 2.3
[    3.030831] Bluetooth: HCI UART protocol H4 registered
[    3.035941] Bluetooth: HCI UART protocol BCSP registered
[    3.041229] Bluetooth: HCI UART protocol LL registered
[    3.046318] Bluetooth: HCI UART protocol ATH3K registered
[    3.051693] Bluetooth: HCI UART protocol Three-wire (H5) registered
[    3.057947] Bluetooth: HCI UART protocol Intel registered
[    3.063284] Bluetooth: HCI UART protocol QCA registered
[    3.068487] usbcore: registered new interface driver bcm203x
[    3.074107] usbcore: registered new interface driver bpa10x
[    3.079642] usbcore: registered new interface driver bfusb
[    3.085093] usbcore: registered new interface driver btusb
[    3.090557] usbcore: registered new interface driver ath3k
[    3.096040] EDAC MC: ECC not enabled
[    3.099659] EDAC DEVICE0: Giving out device to module zynqmp-ocm-edac controller zynqmp_ocm: DEV ff960000.memory-controller (INTERRUPT)
[    3.111986] sdhci: Secure Digital Host Controller Interface driver
[    3.117767] sdhci: Copyright(c) Pierre Ossman
[    3.122092] sdhci-pltfm: SDHCI platform and OF driver helper
[    3.128149] ledtrig-cpu: registered to indicate activity on CPUs
[    3.133697] SMCCC: SOC_ID: ARCH_SOC_ID not implemented, skipping ....
[    3.140125] zynqmp_firmware_probe Platform Management API v1.1
[    3.145883] zynqmp_firmware_probe Trustzone version v1.0
[    3.185433] zynqmp-pinctrl firmware:zynqmp-firmware:pinctrl: zynqmp pinctrl initialized
[    3.233430] zynqmp-aes firmware:zynqmp-firmware:zynqmp-aes: will run requests pump with realtime priority
[    3.249271] alg: No test for xilinx-keccak-384 (zynqmp-keccak-384)
[    3.249984] alg: No test for xilinx-zynqmp-rsa (zynqmp-rsa)
[    3.255493] usbcore: registered new interface driver usbhid
[    3.260884] usbhid: USB HID core driver
[    3.272110] axi_sysid 85000000.axi-sysid-0: AXI System ID core version (1.01.a) found
[    3.274456] axi_sysid 85000000.axi-sysid-0: [ad9081_fmca_ebz] on [zcu102] git branch <master> git <084d44c9780640ca93fd847b1d9ec70dd65f5c67> clean [2022-03-18 04:17:50] UTC
[    3.290149] fpga_manager fpga0: Xilinx ZynqMP FPGA Manager registered
[    3.296505] usbcore: registered new interface driver snd-usb-audio
[    3.303950] pktgen: Packet Generator for packet performance testing. Version: 2.75
[    3.310141] Initializing XFRM netlink socket
[    3.313984] NET: Registered protocol family 10
[    3.318705] Segment Routing with IPv6
[    3.322084] sit: IPv6, IPv4 and MPLS over IPv4 tunneling driver
[    3.328155] NET: Registered protocol family 17
[    3.332259] NET: Registered protocol family 15
[    3.336759] can: controller area network core
[    3.341008] NET: Registered protocol family 29
[    3.345398] can: raw protocol
[    3.348334] can: broadcast manager protocol
[    3.352489] can: netlink gateway - max_hops=1
[    3.356883] Bluetooth: RFCOMM TTY layer initialized
[    3.361662] Bluetooth: RFCOMM socket layer initialized
[    3.366770] Bluetooth: RFCOMM ver 1.11
[    3.370482] Bluetooth: BNEP (Ethernet Emulation) ver 1.3
[    3.375753] Bluetooth: BNEP filters: protocol multicast
[    3.380946] Bluetooth: BNEP socket layer initialized
[    3.385873] Bluetooth: HIDP (Human Interface Emulation) ver 1.2
[    3.391757] Bluetooth: HIDP socket layer initialized
[    3.396811] 9pnet: Installing 9P2000 support
[    3.400934] NET: Registered protocol family 36
[    3.405351] Key type dns_resolver registered
[    3.409785] registered taskstats version 1
[    3.413647] Loading compiled-in X.509 certificates
[    3.418762] Btrfs loaded, crc32c=crc32c-generic
[    3.431162] ff000000.serial: ttyPS0 at MMIO 0xff000000 (irq = 49, base_baud = 6249999) is a xuartps
[    3.440183] printk: console [ttyPS0] enabled
[    3.444477] printk: bootconsole [cdns0] disabled
[    3.454106] ff010000.serial: ttyPS1 at MMIO 0xff010000 (irq = 50, base_baud = 6249999) is a xuartps
[    3.467351] of-fpga-region fpga-full: FPGA Region probed
[    3.474310] nwl-pcie fd0e0000.pcie: host bridge /axi/pcie@fd0e0000 ranges:
[    3.481207] nwl-pcie fd0e0000.pcie:      MEM 0x00e0000000..0x00efffffff -> 0x00e0000000
[    3.489209] nwl-pcie fd0e0000.pcie:      MEM 0x0600000000..0x07ffffffff -> 0x0600000000
[    3.497270] nwl-pcie fd0e0000.pcie: Link is DOWN
[    3.502028] nwl-pcie fd0e0000.pcie: PCI host bridge to bus 0000:00
[    3.508206] pci_bus 0000:00: root bus resource [bus 00-ff]
[    3.513687] pci_bus 0000:00: root bus resource [mem 0xe0000000-0xefffffff]
[    3.520557] pci_bus 0000:00: root bus resource [mem 0x600000000-0x7ffffffff pref]
[    3.528060] pci 0000:00:00.0: [10ee:d021] type 01 class 0x060400
[    3.534118] pci 0000:00:00.0: PME# supported from D0 D1 D2 D3hot
[    3.544564] pci 0000:00:00.0: PCI bridge to [bus 01-0c]
[    3.550542] xilinx-zynqmp-dma fd500000.dma: ZynqMP DMA driver Probe success
[    3.557714] xilinx-zynqmp-dma fd510000.dma: ZynqMP DMA driver Probe success
[    3.564897] xilinx-zynqmp-dma fd520000.dma: ZynqMP DMA driver Probe success
[    3.572068] xilinx-zynqmp-dma fd530000.dma: ZynqMP DMA driver Probe success
[    3.579233] xilinx-zynqmp-dma fd540000.dma: ZynqMP DMA driver Probe success
[    3.586403] xilinx-zynqmp-dma fd550000.dma: ZynqMP DMA driver Probe success
[    3.593573] xilinx-zynqmp-dma fd560000.dma: ZynqMP DMA driver Probe success
[    3.600744] xilinx-zynqmp-dma fd570000.dma: ZynqMP DMA driver Probe success
[    3.608146] xilinx-zynqmp-dpdma fd4c0000.dma-controller: Xilinx DPDMA engine is probed
[    3.616695] ahci-ceva fd0c0000.ahci: supply ahci not found, using dummy regulator
[    3.624237] ahci-ceva fd0c0000.ahci: supply phy not found, using dummy regulator
[    3.711918] hmc7044 spi2.0: PLL1: Acquisition, CLKIN0 @ 122880000 Hz, PFD: 80 kHz - PLL2: Locked @ 2624.000000 MHz
[    3.722631] jesd204: /axi/spi@ff050000/hmc7044@0,jesd204:1,parent=spi2.0: Using as SYSREF provider
[    3.732214] spi-nor spi0.0: SPI-NOR-UniqueID 100000235394732200270025081115266e
[    3.739519] spi-nor spi0.0: found n25q512a, expected m25p80
[    3.745713] spi-nor spi0.0: trying to lock already unlocked area
[    3.751712] spi-nor spi0.0: n25q512a (131072 Kbytes)
[    3.756699] 4 fixed-partitions partitions found on MTD device spi0.0
[    3.763044] Creating 4 MTD partitions on "spi0.0":
[    3.767830] 0x000000000000-0x000000100000 : "qspi-fsbl-uboot"
[    3.774321] 0x000000100000-0x000000600000 : "qspi-linux"
[    3.780274] 0x000000600000-0x000000620000 : "qspi-device-tree"
[    3.786748] 0x000000620000-0x000000c00000 : "qspi-rootfs"
[    3.795217] macb ff0e0000.ethernet: Not enabling partial store and forward
[    3.802749] libphy: MACB_mii_bus: probed
[    3.807805] macb ff0e0000.ethernet eth0: Cadence GEM rev 0x50070106 at 0xff0e0000 irq 30 (00:0a:35:04:8e:1b)
[    3.818019] xilinx-axipmon ffa00000.perf-monitor: Probed Xilinx APM
[    3.824599] xilinx-axipmon fd0b0000.perf-monitor: Probed Xilinx APM
[    3.831116] xilinx-axipmon fd490000.perf-monitor: Probed Xilinx APM
[    3.837660] xilinx-axipmon ffa10000.perf-monitor: Probed Xilinx APM
[    3.847660] pca953x 0-0020: supply vcc not found, using dummy regulator
[    3.854345] pca953x 0-0020: using no AI
[    3.858831] gpio-496 (sel0): hogged as output/low
[    3.863727] gpio-497 (sel1): hogged as output/high
[    3.868716] gpio-498 (sel2): hogged as output/high
[    3.873702] gpio-499 (sel3): hogged as output/high
[    3.878883] pca953x 0-0021: supply vcc not found, using dummy regulator
[    3.885555] pca953x 0-0021: using no AI
[    3.891323] ina2xx 2-0040: power monitor ina226 (Rshunt = 5000 uOhm)
[    3.898350] ina2xx 2-0041: power monitor ina226 (Rshunt = 5000 uOhm)
[    3.905382] ina2xx 2-0042: power monitor ina226 (Rshunt = 5000 uOhm)
[    3.912416] ina2xx 2-0043: power monitor ina226 (Rshunt = 5000 uOhm)
[    3.919442] ina2xx 2-0044: power monitor ina226 (Rshunt = 5000 uOhm)
[    3.926461] ina2xx 2-0045: power monitor ina226 (Rshunt = 5000 uOhm)
[    3.933491] ina2xx 2-0046: power monitor ina226 (Rshunt = 5000 uOhm)
[    3.940570] ina2xx 2-0047: power monitor ina226 (Rshunt = 5000 uOhm)
[    3.947594] ina2xx 2-004a: power monitor ina226 (Rshunt = 5000 uOhm)
[    3.954634] ina2xx 2-004b: power monitor ina226 (Rshunt = 5000 uOhm)
[    3.961047] i2c i2c-0: Added multiplexed i2c bus 2
[    3.966435] random: fast init done
[    3.969903] ina2xx 3-0040: power monitor ina226 (Rshunt = 2000 uOhm)
[    3.976930] ina2xx 3-0041: power monitor ina226 (Rshunt = 5000 uOhm)
[    3.983954] ina2xx 3-0042: power monitor ina226 (Rshunt = 5000 uOhm)
[    3.990987] ina2xx 3-0043: power monitor ina226 (Rshunt = 5000 uOhm)
[    3.998014] ina2xx 3-0044: power monitor ina226 (Rshunt = 5000 uOhm)
[    4.005040] ina2xx 3-0045: power monitor ina226 (Rshunt = 5000 uOhm)
[    4.012073] ina2xx 3-0046: power monitor ina226 (Rshunt = 5000 uOhm)
[    4.019105] ina2xx 3-0047: power monitor ina226 (Rshunt = 5000 uOhm)
[    4.025505] i2c i2c-0: Added multiplexed i2c bus 3
[    4.081296] i2c i2c-0: Added multiplexed i2c bus 4
[    4.086237] i2c i2c-0: Added multiplexed i2c bus 5
[    4.091024] pca954x 0-0075: registered 4 multiplexed busses for I2C mux pca9544
[    4.098374] cdns-i2c ff020000.i2c: 400 kHz mmio ff020000 irq 32
[    4.106106] at24 6-0054: supply vcc not found, using dummy regulator
[    4.113001] at24 6-0054: 1024 byte 24c08 EEPROM, writable, 1 bytes/write
[    4.119760] i2c i2c-1: Added multiplexed i2c bus 6
[    4.126183] si5341 7-0036: Chip: 5341 Grade: 1 Rev: 1
[    4.163867] i2c i2c-1: Added multiplexed i2c bus 7
[    4.171519] si570 8-005d: registered, current frequency 300000000 Hz
[    4.177917] i2c i2c-1: Added multiplexed i2c bus 8
[    4.197686] si570 9-005d: registered, current frequency 148500000 Hz
[    4.204088] i2c i2c-1: Added multiplexed i2c bus 9
[    4.209126] si5324 10-0069: si5328 probed
[    4.276103] si5324 10-0069: si5328 probe successful
[    4.281029] i2c i2c-1: Added multiplexed i2c bus 10
[    4.286057] i2c i2c-1: Added multiplexed i2c bus 11
[    4.291087] i2c i2c-1: Added multiplexed i2c bus 12
[    4.296112] i2c i2c-1: Added multiplexed i2c bus 13
[    4.300984] pca954x 1-0074: registered 8 multiplexed busses for I2C switch pca9548
[    4.309093] at24 14-0050: supply vcc not found, using dummy regulator
[    4.315881] at24 14-0050: 256 byte 24c02 EEPROM, writable, 1 bytes/write
[    4.322629] i2c i2c-1: Added multiplexed i2c bus 14
[    4.327668] i2c i2c-1: Added multiplexed i2c bus 15
[    4.332702] i2c i2c-1: Added multiplexed i2c bus 16
[    4.337739] i2c i2c-1: Added multiplexed i2c bus 17
[    4.342772] i2c i2c-1: Added multiplexed i2c bus 18
[    4.347816] i2c i2c-1: Added multiplexed i2c bus 19
[    4.352852] i2c i2c-1: Added multiplexed i2c bus 20
[    4.357883] i2c i2c-1: Added multiplexed i2c bus 21
[    4.362760] pca954x 1-0075: registered 8 multiplexed busses for I2C switch pca9548
[    4.370369] cdns-i2c ff030000.i2c: 400 kHz mmio ff030000 irq 33
[    4.380124] cdns-wdt fd4d0000.watchdog: Xilinx Watchdog Timer with timeout 60s
[    4.391065] axi_adxcvr 84a60000.axi-adxcvr-rx: AXI-ADXCVR-RX (17.05.a) using CPLL on GTH4 at 0x84A60000. Number of lanes: 4.
[    4.403237] axi_adxcvr 84b60000.axi-adxcvr-tx: AXI-ADXCVR-TX (17.05.a) using QPLL on GTH4 at 0x84B60000. Number of lanes: 4.
[    4.414859] axi-jesd204-rx 84a90000.axi-jesd204-rx: AXI-JESD204-RX (1.07.a) at 0x84A90000. Encoder 8b10b, width 4/4, lanes 4, jesd204-fsm.
[    4.422153] mmc0: SDHCI controller on ff170000.mmc [ff170000.mmc] using ADMA 64-bit
[    4.427705] axi-jesd204-tx 84b90000.axi-jesd204-tx: AXI-JESD204-TX (1.06.a) at 0x84B90000. Encoder 8b10b, width 4/4, lanes 4, jesd204-fsm.
[    4.448431] zynqmp-display fd4a0000.display: vtc bridge property not present
[    4.458086] xilinx-dp-snd-codec fd4a0000.display:zynqmp_dp_snd_codec0: Failed to get required clock freq
[    4.467588] xilinx-dp-snd-codec: probe of fd4a0000.display:zynqmp_dp_snd_codec0 failed with error -22
[    4.469515] mmc0: new high speed SDHC card at address 0001
[    4.477129] xilinx-dp-snd-pcm zynqmp_dp_snd_pcm0: Xilinx DisplayPort Sound PCM probed
[    4.482645] mmcblk0: mmc0:0001 EB1QT 29.8 GiB 
[    4.490444] xilinx-dp-snd-pcm zynqmp_dp_snd_pcm1: Xilinx DisplayPort Sound PCM probed
[    4.495831]  mmcblk0: p1 p2 p3
[    4.502747] OF: graph: no port node found in /axi/display@fd4a0000
[    4.511821] xlnx-drm xlnx-drm.0: bound fd4a0000.display (ops 0xffffffc010fcbdb8)
[    5.595757] zynqmp-display fd4a0000.display: [drm] Cannot find any crtc or sizes
[    5.603366] [drm] Initialized xlnx 1.0.0 20130509 for fd4a0000.display on minor 0
[    5.610859] zynqmp-display fd4a0000.display: ZynqMP DisplayPort Subsystem driver probed
[    5.619186] ahci-ceva fd0c0000.ahci: supply ahci not found, using dummy regulator
[    5.626730] ahci-ceva fd0c0000.ahci: supply phy not found, using dummy regulator
[    5.634182] ahci-ceva fd0c0000.ahci: supply target not found, using dummy regulator
[    5.642018] ahci-ceva fd0c0000.ahci: AHCI 0001.0301 32 slots 2 ports 6 Gbps 0x3 impl platform mode
[    5.650975] ahci-ceva fd0c0000.ahci: flags: 64bit ncq sntf pm clo only pmp fbs pio slum part ccc sds apst 
[    5.661670] scsi host0: ahci-ceva
[    5.665275] scsi host1: ahci-ceva
[    5.668702] ata1: SATA max UDMA/133 mmio [mem 0xfd0c0000-0xfd0c1fff] port 0x100 irq 45
[    5.676615] ata2: SATA max UDMA/133 mmio [mem 0xfd0c0000-0xfd0c1fff] port 0x180 irq 45
[    5.685214] ad9081 spi1.0: supply vdd not found, using dummy regulator
[    5.997991] ata1: SATA link down (SStatus 0 SControl 330)
[    6.003405] ata2: SATA link down (SStatus 0 SControl 330)
[    6.679761] zynqmp-display fd4a0000.display: [drm] Cannot find any crtc or sizes
[    7.544586] ad9081 spi1.0: AD9081 Rev. 2 Grade 10 (API 1.2.2) probed
[    7.551793] xhci-hcd xhci-hcd.1.auto: xHCI Host Controller
[    7.557284] xhci-hcd xhci-hcd.1.auto: new USB bus registered, assigned bus number 1
[    7.565033] xhci-hcd xhci-hcd.1.auto: hcc params 0x0238f625 hci version 0x100 quirks 0x0000000002010810
[    7.574446] xhci-hcd xhci-hcd.1.auto: irq 59, io mem 0xfe200000
[    7.580555] usb usb1: New USB device found, idVendor=1d6b, idProduct=0002, bcdDevice= 5.10
[    7.588820] usb usb1: New USB device strings: Mfr=3, Product=2, SerialNumber=1
[    7.596038] usb usb1: Product: xHCI Host Controller
[    7.600907] usb usb1: Manufacturer: Linux 5.10.0-98103-g2aa7ac113716 xhci-hcd
[    7.608033] usb usb1: SerialNumber: xhci-hcd.1.auto
[    7.613201] hub 1-0:1.0: USB hub found
[    7.616969] hub 1-0:1.0: 1 port detected
[    7.621073] xhci-hcd xhci-hcd.1.auto: xHCI Host Controller
[    7.626562] xhci-hcd xhci-hcd.1.auto: new USB bus registered, assigned bus number 2
[    7.634218] xhci-hcd xhci-hcd.1.auto: Host supports USB 3.0 SuperSpeed
[    7.640847] usb usb2: New USB device found, idVendor=1d6b, idProduct=0003, bcdDevice= 5.10
[    7.649111] usb usb2: New USB device strings: Mfr=3, Product=2, SerialNumber=1
[    7.656334] usb usb2: Product: xHCI Host Controller
[    7.661208] usb usb2: Manufacturer: Linux 5.10.0-98103-g2aa7ac113716 xhci-hcd
[    7.668333] usb usb2: SerialNumber: xhci-hcd.1.auto
[    7.673439] hub 2-0:1.0: USB hub found
[    7.677195] hub 2-0:1.0: 1 port detected
[    7.707245] cf_axi_adc 84a10000.axi-ad9081-rx-hpc: ADI AIM (10.01.b) at 0x84A10000 mapped to 0x(____ptrval____), probed ADC AD9081 as MASTER
[    7.740579] cf_axi_dds 84b10000.axi-ad9081-tx-hpc: Analog Devices CF_AXI_DDS_DDS MASTER (9.01.b) at 0x84B10000 mapped to 0x(____ptrval____), probed DDS AD9081
[    7.754787] jesd204: /axi/spi@ff040000/ad9081@0,jesd204:0,parent=spi1.0: JESD204[2] transition initialized -> probed
[    7.765307] jesd204: /axi/spi@ff040000/ad9081@0,jesd204:0,parent=spi1.0: JESD204[0] transition initialized -> probed
[    7.775829] jesd204: /axi/spi@ff040000/ad9081@0,jesd204:0,parent=spi1.0: JESD204[2] transition probed -> idle
[    7.785746] jesd204: /axi/spi@ff040000/ad9081@0,jesd204:0,parent=spi1.0: JESD204[0] transition probed -> idle
[    7.795661] jesd204: /axi/spi@ff040000/ad9081@0,jesd204:0,parent=spi1.0: JESD204[2] transition idle -> device_init
[    7.806003] jesd204: /axi/spi@ff040000/ad9081@0,jesd204:0,parent=spi1.0: JESD204[0] transition idle -> device_init
[    7.816356] jesd204: /axi/spi@ff040000/ad9081@0,jesd204:0,parent=spi1.0: JESD204[2] transition device_init -> link_init
[    7.827130] jesd204: /axi/spi@ff040000/ad9081@0,jesd204:0,parent=spi1.0: JESD204[0] transition device_init -> link_init
[    7.837922] jesd204: /axi/spi@ff040000/ad9081@0,jesd204:0,parent=spi1.0: JESD204[2] transition link_init -> link_supported
[    7.848961] jesd204: /axi/spi@ff040000/ad9081@0,jesd204:0,parent=spi1.0: JESD204[0] transition link_init -> link_supported
[    7.860377] hmc7044 spi2.0: hmc7044_jesd204_link_pre_setup: Link2 forcing continuous SYSREF mode
[    7.869317] axi-jesd204-rx 84a90000.axi-jesd204-rx: axi_jesd204_rx_jesd204_link_pre_setup: Link2 set lane rate 13120000 kHz failed (-22)
[    7.881574] jesd204: /fpga-axi@0/axi-jesd204-rx@84a90000,jesd204:4,parent=84a90000.axi-jesd204-rx: JESD204[2] In link_pre_setup got error from cb: -22
[    7.895043] jesd204: /axi/spi@ff040000/ad9081@0,jesd204:0,parent=spi1.0: Rolling back from 'link_supported', got error -22
[    7.906095] jesd204: /axi/spi@ff040000/ad9081@0,jesd204:0,parent=spi1.0: JESD204[0] transition link_supported -> link_pre_setup
[    7.917567] jesd204: /axi/spi@ff040000/ad9081@0,jesd204:0,parent=spi1.0: JESD204[2] transition link_supported -> link_pre_setup
[    7.929045] jesd204: /axi/spi@ff040000/ad9081@0,jesd204:0,parent=spi1.0: JESD204[0] transition link_pre_setup -> link_supported
[    7.940518] jesd204: /axi/spi@ff040000/ad9081@0,jesd204:0,parent=spi1.0: JESD204[2] transition link_pre_setup -> link_supported
[    7.951995] jesd204: /axi/spi@ff040000/ad9081@0,jesd204:0,parent=spi1.0: JESD204[0] transition link_supported -> link_init
[    7.963033] jesd204: /axi/spi@ff040000/ad9081@0,jesd204:0,parent=spi1.0: JESD204[2] transition link_supported -> link_init
[    7.974080] jesd204: /axi/spi@ff040000/ad9081@0,jesd204:0,parent=spi1.0: JESD204[0] transition link_init -> device_init
[    7.984860] jesd204: /axi/spi@ff040000/ad9081@0,jesd204:0,parent=spi1.0: JESD204[2] transition link_init -> device_init
[    7.995637] jesd204: /axi/spi@ff040000/ad9081@0,jesd204:0,parent=spi1.0: JESD204[0] transition device_init -> idle
[    8.005982] jesd204: /axi/spi@ff040000/ad9081@0,jesd204:0,parent=spi1.0: JESD204[2] transition device_init -> idle
[    8.016333] jesd204: /axi/spi@ff040000/ad9081@0,jesd204:0,parent=spi1.0: JESD204[2] transition idle -> idle
[    8.026068] jesd204: /axi/spi@ff040000/ad9081@0,jesd204:0,parent=spi1.0: JESD204[0] transition idle -> idle
[    8.035814] jesd204: /axi/spi@ff040000/ad9081@0,jesd204:0,parent=spi1.0: JESD204[2] transition idle -> device_init
[    8.046161] jesd204: /axi/spi@ff040000/ad9081@0,jesd204:0,parent=spi1.0: JESD204[0] transition idle -> device_init
[    8.056512] jesd204: /axi/spi@ff040000/ad9081@0,jesd204:0,parent=spi1.0: JESD204[2] transition device_init -> link_init
[    8.067289] jesd204: /axi/spi@ff040000/ad9081@0,jesd204:0,parent=spi1.0: JESD204[0] transition device_init -> link_init
[    8.078076] jesd204: /axi/spi@ff040000/ad9081@0,jesd204:0,parent=spi1.0: JESD204[2] transition link_init -> link_supported
[    8.089119] jesd204: /axi/spi@ff040000/ad9081@0,jesd204:0,parent=spi1.0: JESD204[0] transition link_init -> link_supported
[    8.100344] axi-jesd204-rx 84a90000.axi-jesd204-rx: axi_jesd204_rx_jesd204_link_pre_setup: Link2 set lane rate 13120000 kHz failed (-22)
[    8.112606] jesd204: /fpga-axi@0/axi-jesd204-rx@84a90000,jesd204:4,parent=84a90000.axi-jesd204-rx: JESD204[2] In link_pre_setup got error from cb: -22
[    8.126079] jesd204: /axi/spi@ff040000/ad9081@0,jesd204:0,parent=spi1.0: Rolling back from 'link_supported', got error -22
[    8.137123] jesd204: /axi/spi@ff040000/ad9081@0,jesd204:0,parent=spi1.0: JESD204[0] transition link_supported -> link_pre_setup
[    8.148594] jesd204: /axi/spi@ff040000/ad9081@0,jesd204:0,parent=spi1.0: JESD204[2] transition link_supported -> link_pre_setup
[    8.160072] jesd204: /axi/spi@ff040000/ad9081@0,jesd204:0,parent=spi1.0: JESD204[0] transition link_pre_setup -> link_supported
[    8.171543] jesd204: /axi/spi@ff040000/ad9081@0,jesd204:0,parent=spi1.0: JESD204[2] transition link_pre_setup -> link_supported
[    8.183021] jesd204: /axi/spi@ff040000/ad9081@0,jesd204:0,parent=spi1.0: JESD204[0] transition link_supported -> link_init
[    8.194059] jesd204: /axi/spi@ff040000/ad9081@0,jesd204:0,parent=spi1.0: JESD204[2] transition link_supported -> link_init
[    8.205107] jesd204: /axi/spi@ff040000/ad9081@0,jesd204:0,parent=spi1.0: JESD204[0] transition link_init -> device_init
[    8.215882] jesd204: /axi/spi@ff040000/ad9081@0,jesd204:0,parent=spi1.0: JESD204[2] transition link_init -> device_init
[    8.226665] jesd204: /axi/spi@ff040000/ad9081@0,jesd204:0,parent=spi1.0: JESD204[0] transition device_init -> idle
[    8.237013] jesd204: /axi/spi@ff040000/ad9081@0,jesd204:0,parent=spi1.0: JESD204[2] transition device_init -> idle
[    8.247359] jesd204: /axi/spi@ff040000/ad9081@0,jesd204:0,parent=spi1.0: JESD204[2] transition idle -> idle
[    8.257094] jesd204: /axi/spi@ff040000/ad9081@0,jesd204:0,parent=spi1.0: JESD204[0] transition idle -> idle
[    8.266836] jesd204: /axi/spi@ff040000/ad9081@0,jesd204:0,parent=spi1.0: JESD204[2] transition idle -> device_init
[    8.277180] jesd204: /axi/spi@ff040000/ad9081@0,jesd204:0,parent=spi1.0: JESD204[0] transition idle -> device_init
[    8.287529] jesd204: /axi/spi@ff040000/ad9081@0,jesd204:0,parent=spi1.0: JESD204[2] transition device_init -> link_init
[    8.298307] jesd204: /axi/spi@ff040000/ad9081@0,jesd204:0,parent=spi1.0: JESD204[0] transition device_init -> link_init
[    8.309096] jesd204: /axi/spi@ff040000/ad9081@0,jesd204:0,parent=spi1.0: JESD204[2] transition link_init -> link_supported
[    8.320137] jesd204: /axi/spi@ff040000/ad9081@0,jesd204:0,parent=spi1.0: JESD204[0] transition link_init -> link_supported
[    8.331321] axi-jesd204-rx 84a90000.axi-jesd204-rx: axi_jesd204_rx_jesd204_link_pre_setup: Link2 set lane rate 13120000 kHz failed (-22)
[    8.343577] jesd204: /fpga-axi@0/axi-jesd204-rx@84a90000,jesd204:4,parent=84a90000.axi-jesd204-rx: JESD204[2] In link_pre_setup got error from cb: -22
[    8.357044] jesd204: /axi/spi@ff040000/ad9081@0,jesd204:0,parent=spi1.0: Rolling back from 'link_supported', got error -22
[    8.368093] jesd204: /axi/spi@ff040000/ad9081@0,jesd204:0,parent=spi1.0: JESD204[0] transition link_supported -> link_pre_setup
[    8.379569] jesd204: /axi/spi@ff040000/ad9081@0,jesd204:0,parent=spi1.0: JESD204[2] transition link_supported -> link_pre_setup
[    8.391047] jesd204: /axi/spi@ff040000/ad9081@0,jesd204:0,parent=spi1.0: JESD204[0] transition link_pre_setup -> link_supported
[    8.402518] jesd204: /axi/spi@ff040000/ad9081@0,jesd204:0,parent=spi1.0: JESD204[2] transition link_pre_setup -> link_supported
[    8.413997] jesd204: /axi/spi@ff040000/ad9081@0,jesd204:0,parent=spi1.0: JESD204[0] transition link_supported -> link_init
[    8.425036] jesd204: /axi/spi@ff040000/ad9081@0,jesd204:0,parent=spi1.0: JESD204[2] transition link_supported -> link_init
[    8.436081] jesd204: /axi/spi@ff040000/ad9081@0,jesd204:0,parent=spi1.0: JESD204[0] transition link_init -> device_init
[    8.446856] jesd204: /axi/spi@ff040000/ad9081@0,jesd204:0,parent=spi1.0: JESD204[2] transition link_init -> device_init
[    8.457640] jesd204: /axi/spi@ff040000/ad9081@0,jesd204:0,parent=spi1.0: JESD204[0] transition device_init -> idle
[    8.467983] jesd204: /axi/spi@ff040000/ad9081@0,jesd204:0,parent=spi1.0: JESD204[2] transition device_init -> idle
[    8.478334] jesd204: /axi/spi@ff040000/ad9081@0,jesd204:0,parent=spi1.0: JESD204[2] transition idle -> idle
[    8.488069] jesd204: /axi/spi@ff040000/ad9081@0,jesd204:0,parent=spi1.0: JESD204[0] transition idle -> idle
[    8.497815] jesd204: /axi/spi@ff040000/ad9081@0,jesd204:0,parent=spi1.0: JESD204[2] transition idle -> device_init
[    8.508164] jesd204: /axi/spi@ff040000/ad9081@0,jesd204:0,parent=spi1.0: JESD204[0] transition idle -> device_init
[    8.518514] jesd204: /axi/spi@ff040000/ad9081@0,jesd204:0,parent=spi1.0: JESD204[2] transition device_init -> link_init
[    8.529290] jesd204: /axi/spi@ff040000/ad9081@0,jesd204:0,parent=spi1.0: JESD204[0] transition device_init -> link_init
[    8.540078] jesd204: /axi/spi@ff040000/ad9081@0,jesd204:0,parent=spi1.0: JESD204[2] transition link_init -> link_supported
[    8.551121] jesd204: /axi/spi@ff040000/ad9081@0,jesd204:0,parent=spi1.0: JESD204[0] transition link_init -> link_supported
[    8.562308] axi-jesd204-rx 84a90000.axi-jesd204-rx: axi_jesd204_rx_jesd204_link_pre_setup: Link2 set lane rate 13120000 kHz failed (-22)
[    8.574567] jesd204: /fpga-axi@0/axi-jesd204-rx@84a90000,jesd204:4,parent=84a90000.axi-jesd204-rx: JESD204[2] In link_pre_setup got error from cb: -22
[    8.588036] jesd204: /axi/spi@ff040000/ad9081@0,jesd204:0,parent=spi1.0: Rolling back from 'link_supported', got error -22
[    8.599081] jesd204: /axi/spi@ff040000/ad9081@0,jesd204:0,parent=spi1.0: JESD204[0] transition link_supported -> link_pre_setup
[    8.610552] jesd204: /axi/spi@ff040000/ad9081@0,jesd204:0,parent=spi1.0: JESD204[2] transition link_supported -> link_pre_setup
[    8.622034] jesd204: /axi/spi@ff040000/ad9081@0,jesd204:0,parent=spi1.0: JESD204[0] transition link_pre_setup -> link_supported
[    8.633512] jesd204: /axi/spi@ff040000/ad9081@0,jesd204:0,parent=spi1.0: JESD204[2] transition link_pre_setup -> link_supported
[    8.644988] jesd204: /axi/spi@ff040000/ad9081@0,jesd204:0,parent=spi1.0: JESD204[0] transition link_supported -> link_init
[    8.656026] jesd204: /axi/spi@ff040000/ad9081@0,jesd204:0,parent=spi1.0: JESD204[2] transition link_supported -> link_init
[    8.667073] jesd204: /axi/spi@ff040000/ad9081@0,jesd204:0,parent=spi1.0: JESD204[0] transition link_init -> device_init
[    8.677849] jesd204: /axi/spi@ff040000/ad9081@0,jesd204:0,parent=spi1.0: JESD204[2] transition link_init -> device_init
[    8.688632] jesd204: /axi/spi@ff040000/ad9081@0,jesd204:0,parent=spi1.0: JESD204[0] transition device_init -> idle
[    8.698975] jesd204: /axi/spi@ff040000/ad9081@0,jesd204:0,parent=spi1.0: JESD204[2] transition device_init -> idle
[    8.709322] jesd204: /axi/spi@ff040000/ad9081@0,jesd204:0,parent=spi1.0: FSM completed with error -22
[    8.727753] input: gpio-keys as /devices/platform/gpio-keys/input/input0
[    8.734761] of_cfs_init
[    8.737228] of_cfs_init: OK
[    8.740167] cfg80211: Loading compiled-in X.509 certificates for regulatory database
[    8.878407] cfg80211: Loaded X.509 cert 'sforshee: 00b28ddf47aef9cea7'
[    8.884941] clk: Not disabling unused clocks
[    8.889465] ALSA device list:
[    8.892420]   No soundcards found.
[    8.896111] platform regulatory.0: Direct firmware load for regulatory.db failed with error -2
[    8.904721] cfg80211: failed to load regulatory.db
[    8.919445] EXT4-fs (mmcblk0p2): mounted filesystem with ordered data mode. Opts: (null)
[    8.927558] VFS: Mounted root (ext4 filesystem) on device 179:2.
[    8.940977] devtmpfs: mounted
[    8.944824] Freeing unused kernel memory: 2560K
[    8.955796] Run /sbin/init as init process
[    8.959888]   with arguments:
[    8.959891]     /sbin/init
[    8.959893]   with environment:
[    8.959896]     HOME=/
[    8.959898]     TERM=linux
[    9.545210] systemd[1]: systemd 241 running in system mode. (+PAM +AUDIT +SELINUX +IMA +APPARMOR +SMACK +SYSVINIT +UTMP +LIBCRYPTSETUP +GCRYPT +GNUTLS +ACL +XZ +LZ4 +SECCOMP +BLKID +ELFUTILS +KMOD -IDN2 +IDN -PCRE2 default-hierarchy=hybrid)
[    9.567085] systemd[1]: Detected architecture arm64.
[    9.588494] systemd[1]: Set hostname to <analog>.
[    9.773489] systemd[1]: File /lib/systemd/system/systemd-journald.service:12 configures an IP firewall (IPAddressDeny=any), but the local system does not support BPF/cgroup based firewalling.
[    9.790535] systemd[1]: Proceeding WITHOUT firewalling in effect! (This warning is only shown for the first loaded unit using IP firewalling.)
[    9.957036] systemd[1]: /etc/systemd/system/tof-server.service:1: Assignment outside of section. Ignoring.
[    9.966759] systemd[1]: /etc/systemd/system/tof-server.service:2: Assignment outside of section. Ignoring.
[   10.153119] random: systemd: uninitialized urandom read (16 bytes read)
[   10.167978] random: systemd: uninitialized urandom read (16 bytes read)
[   10.175061] systemd[1]: Listening on Journal Socket (/dev/log).
[   10.195854] random: systemd: uninitialized urandom read (16 bytes read)
[   10.203058] systemd[1]: Created slice system-getty.slice.
[   10.224130] systemd[1]: Listening on Journal Socket.
[   10.984826] EXT4-fs (mmcblk0p2): re-mounted. Opts: (null)
[   11.076757] systemd-journald[169]: Received request to flush runtime journal from PID 1
[   16.703657] random: crng init done
[   16.703667] random: 7 urandom warning(s) missed due to ratelimiting
[   17.117682] macb ff0e0000.ethernet eth0: PHY [ff0e0000.ethernet-ffffffff:0c] driver [TI DP83867] (irq=POLL)
[   17.117695] macb ff0e0000.ethernet eth0: configuring for phy/rgmii-id link mode
[   17.415865] Adding 77820k swap on /var/swap.  Priority:-2 extents:1 across:77820k SS
[   20.041179] broken atomic modeset userspace detected, disabling atomic
[   20.193382] macb ff0e0000.ethernet eth0: Link is Up - 1Gbps/Full - flow control off
[   20.193406] IPv6: ADDRCONF(NETDEV_CHANGE): eth0: link becomes ready
[   22.719709] broken atomic modeset userspace detected, disabling atomic
[   25.822516] broken atomic modeset userspace detected, disabling atomic