[    0.000000] Booting Linux on physical CPU 0x0000000000 [0x410fd034]
[    0.000000] Linux version 5.10.0-98103-g2aa7ac113716 (jenkins@romlxbuild1.adlk.analog.com) (aarch64-xilinx-linux-gcc.real (GCC) 10.2.0, GNU ld (GNU Binutils) 2.35.0.20200730) #5577 SMP Wed Mar 23 07:28:49 GMT 2022
[    0.000000] Machine model: ZynqMP ZCU102 Rev1.0
[    0.000000] earlycon: cdns0 at MMIO 0x00000000ff000000 (options '115200n8')
[    0.000000] printk: bootconsole [cdns0] enabled
[    0.000000] efi: UEFI not found.
[    0.000000] cma: Reserved 256 MiB at 0x0000000070000000
[    0.000000] Zone ranges:
[    0.000000]   DMA      [mem 0x0000000000000000-0x000000003fffffff]
[    0.000000]   DMA32    [mem 0x0000000040000000-0x00000000ffffffff]
[    0.000000]   Normal   [mem 0x0000000100000000-0x000000087fffffff]
[    0.000000] Movable zone start for each node
[    0.000000] Early memory node ranges
[    0.000000]   node   0: [mem 0x0000000000000000-0x000000007fffffff]
[    0.000000]   node   0: [mem 0x0000000800000000-0x000000087fffffff]
[    0.000000] Initmem setup node 0 [mem 0x0000000000000000-0x000000087fffffff]
[    0.000000] On node 0 totalpages: 1048576
[    0.000000]   DMA zone: 3584 pages used for memmap
[    0.000000]   DMA zone: 0 pages reserved
[    0.000000]   DMA zone: 262144 pages, LIFO batch:63
[    0.000000]   DMA32 zone: 3584 pages used for memmap
[    0.000000]   DMA32 zone: 262144 pages, LIFO batch:63
[    0.000000]   Normal zone: 7168 pages used for memmap
[    0.000000]   Normal zone: 524288 pages, LIFO batch:63
[    0.000000] psci: probing for conduit method from DT.
[    0.000000] psci: PSCIv1.1 detected in firmware.
[    0.000000] psci: Using standard PSCI v0.2 function IDs
[    0.000000] psci: MIGRATE_INFO_TYPE not supported.
[    0.000000] psci: SMC Calling Convention v1.2
[    0.000000] percpu: Embedded 22 pages/cpu s49496 r8192 d32424 u90112
[    0.000000] pcpu-alloc: s49496 r8192 d32424 u90112 alloc=22*4096
[    0.000000] pcpu-alloc: [0] 0 [0] 1 [0] 2 [0] 3 
[    0.000000] Detected VIPT I-cache on CPU0
[    0.000000] CPU features: detected: ARM erratum 845719
[    0.000000] Built 1 zonelists, mobility grouping on.  Total pages: 1034240
[    0.000000] Kernel command line: console=ttyPS0,115200 root=/dev/mmcblk0p2 rw earlycon rootfstype=ext4 rootwait clk_ignore_unused cpuidle.off=1 root=/dev/mmcblk0p2 rw rootwait
[    0.000000] Dentry cache hash table entries: 524288 (order: 10, 4194304 bytes, linear)
[    0.000000] Inode-cache hash table entries: 262144 (order: 9, 2097152 bytes, linear)
[    0.000000] mem auto-init: stack:off, heap alloc:off, heap free:off
[    0.000000] software IO TLB: mapped [mem 0x000000003bfff000-0x000000003ffff000] (64MB)
[    0.000000] Memory: 3761904K/4194304K available (15296K kernel code, 1636K rwdata, 11876K rodata, 2560K init, 507K bss, 170256K reserved, 262144K cma-reserved)
[    0.000000] rcu: Hierarchical RCU implementation.
[    0.000000] rcu: 	RCU event tracing is enabled.
[    0.000000] rcu: 	RCU restricting CPUs from NR_CPUS=8 to nr_cpu_ids=4.
[    0.000000] rcu: RCU calculated value of scheduler-enlistment delay is 25 jiffies.
[    0.000000] rcu: Adjusting geometry for rcu_fanout_leaf=16, nr_cpu_ids=4
[    0.000000] NR_IRQS: 64, nr_irqs: 64, preallocated irqs: 0
[    0.000000] GIC: Adjusting CPU interface base to 0x00000000f902f000
[    0.000000] GIC: Using split EOI/Deactivate mode
[    0.000000] random: get_random_bytes called from start_kernel+0x31c/0x54c with crng_init=0
[    0.000000] arch_timer: cp15 timer(s) running at 100.00MHz (phys).
[    0.000000] clocksource: arch_sys_counter: mask: 0xffffffffffffff max_cycles: 0x171024e7e0, max_idle_ns: 440795205315 ns
[    0.000003] sched_clock: 56 bits at 100MHz, resolution 10ns, wraps every 4398046511100ns
[    0.008462] Console: colour dummy device 80x25
[    0.012483] Calibrating delay loop (skipped), value calculated using timer frequency.. 200.00 BogoMIPS (lpj=400000)
[    0.022840] pid_max: default: 32768 minimum: 301
[    0.027550] Mount-cache hash table entries: 8192 (order: 4, 65536 bytes, linear)
[    0.034788] Mountpoint-cache hash table entries: 8192 (order: 4, 65536 bytes, linear)
[    0.043396] rcu: Hierarchical SRCU implementation.
[    0.047559] EFI services will not be available.
[    0.051938] smp: Bringing up secondary CPUs ...
[    0.056658] Detected VIPT I-cache on CPU1
[    0.056697] CPU1: Booted secondary processor 0x0000000001 [0x410fd034]
[    0.057064] Detected VIPT I-cache on CPU2
[    0.057088] CPU2: Booted secondary processor 0x0000000002 [0x410fd034]
[    0.057426] Detected VIPT I-cache on CPU3
[    0.057449] CPU3: Booted secondary processor 0x0000000003 [0x410fd034]
[    0.057495] smp: Brought up 1 node, 4 CPUs
[    0.091779] SMP: Total of 4 processors activated.
[    0.096452] CPU features: detected: 32-bit EL0 Support
[    0.101556] CPU features: detected: CRC32 instructions
[    0.106695] CPU: All CPU(s) started at EL2
[    0.110736] alternatives: patching kernel code
[    0.116170] devtmpfs: initialized
[    0.124067] Registered cp15_barrier emulation handler
[    0.124117] Registered setend emulation handler
[    0.128101] clocksource: jiffies: mask: 0xffffffff max_cycles: 0xffffffff, max_idle_ns: 7645041785100000 ns
[    0.137679] futex hash table entries: 1024 (order: 4, 65536 bytes, linear)
[    0.151035] pinctrl core: initialized pinctrl subsystem
[    0.151682] NET: Registered protocol family 16
[    0.156102] DMA: preallocated 512 KiB GFP_KERNEL pool for atomic allocations
[    0.162118] DMA: preallocated 512 KiB GFP_KERNEL|GFP_DMA pool for atomic allocations
[    0.169842] DMA: preallocated 512 KiB GFP_KERNEL|GFP_DMA32 pool for atomic allocations
[    0.177645] audit: initializing netlink subsys (disabled)
[    0.183097] audit: type=2000 audit(0.116:1): state=initialized audit_enabled=0 res=1
[    0.183440] hw-breakpoint: found 6 breakpoint and 4 watchpoint registers.
[    0.197472] ASID allocator initialised with 65536 entries
[    0.224361] HugeTLB registered 1.00 GiB page size, pre-allocated 0 pages
[    0.225420] HugeTLB registered 32.0 MiB page size, pre-allocated 0 pages
[    0.232091] HugeTLB registered 2.00 MiB page size, pre-allocated 0 pages
[    0.238755] HugeTLB registered 64.0 KiB page size, pre-allocated 0 pages
[    1.304334] DRBG: Continuing without Jitter RNG
[    1.382152] raid6: neonx8   gen()  2140 MB/s
[    1.450194] raid6: neonx8   xor()  1599 MB/s
[    1.518252] raid6: neonx4   gen()  2199 MB/s
[    1.586302] raid6: neonx4   xor()  1566 MB/s
[    1.654364] raid6: neonx2   gen()  2076 MB/s
[    1.722418] raid6: neonx2   xor()  1437 MB/s
[    1.790485] raid6: neonx1   gen()  1772 MB/s
[    1.858527] raid6: neonx1   xor()  1220 MB/s
[    1.926590] raid6: int64x8  gen()  1438 MB/s
[    1.994643] raid6: int64x8  xor()   771 MB/s
[    2.062709] raid6: int64x4  gen()  1599 MB/s
[    2.130770] raid6: int64x4  xor()   817 MB/s
[    2.198827] raid6: int64x2  gen()  1397 MB/s
[    2.266878] raid6: int64x2  xor()   750 MB/s
[    2.334958] raid6: int64x1  gen()  1034 MB/s
[    2.403016] raid6: int64x1  xor()   517 MB/s
[    2.403054] raid6: using algorithm neonx4 gen() 2199 MB/s
[    2.407013] raid6: .... xor() 1566 MB/s, rmw enabled
[    2.411943] raid6: using neon recovery algorithm
[    2.416956] iommu: Default domain type: Translated 
[    2.421568] SCSI subsystem initialized
[    2.425112] libata version 3.00 loaded.
[    2.425237] usbcore: registered new interface driver usbfs
[    2.430569] usbcore: registered new interface driver hub
[    2.435842] usbcore: registered new device driver usb
[    2.440975] mc: Linux media interface: v0.10
[    2.445092] videodev: Linux video capture interface: v2.00
[    2.450582] EDAC MC: Ver: 3.0.0
[    2.454026] zynqmp-ipi-mbox mailbox@ff990400: Registered ZynqMP IPI mbox with TX/RX channels.
[    2.462541] jesd204: created con: id=0, topo=0, link=0, /axi/spi@ff050000/hmc7044@0 <-> /fpga-axi@0/axi-adxcvr-tx@84b60000
[    2.473111] jesd204: created con: id=1, topo=0, link=2, /axi/spi@ff050000/hmc7044@0 <-> /fpga-axi@0/axi-adxcvr-rx@84a60000
[    2.484096] jesd204: created con: id=2, topo=0, link=0, /fpga-axi@0/axi-adxcvr-tx@84b60000 <-> /fpga-axi@0/axi-jesd204-tx@84b90000
[    2.495771] jesd204: created con: id=3, topo=0, link=2, /fpga-axi@0/axi-adxcvr-rx@84a60000 <-> /fpga-axi@0/axi-jesd204-rx@84a90000
[    2.507449] jesd204: created con: id=4, topo=0, link=0, /fpga-axi@0/axi-jesd204-tx@84b90000 <-> /fpga-axi@0/axi-ad9081-tx-hpc@84b10000
[    2.519476] jesd204: created con: id=5, topo=0, link=2, /fpga-axi@0/axi-jesd204-rx@84a90000 <-> /fpga-axi@0/axi-ad9081-rx-hpc@84a10000
[    2.531499] jesd204: created con: id=6, topo=0, link=2, /fpga-axi@0/axi-ad9081-rx-hpc@84a10000 <-> /axi/spi@ff040000/ad9081@0
[    2.542740] jesd204: created con: id=7, topo=0, link=0, /fpga-axi@0/axi-ad9081-tx-hpc@84b10000 <-> /axi/spi@ff040000/ad9081@0
[    2.553990] jesd204: /axi/spi@ff040000/ad9081@0: JESD204[2] transition uninitialized -> initialized
[    2.562977] jesd204: /axi/spi@ff040000/ad9081@0: JESD204[0] transition uninitialized -> initialized
[    2.571968] jesd204: found 8 devices and 1 topologies
[    2.577012] FPGA manager framework
[    2.580490] Advanced Linux Sound Architecture Driver Initialized.
[    2.586784] Bluetooth: Core ver 2.22
[    2.589971] NET: Registered protocol family 31
[    2.594373] Bluetooth: HCI device and connection manager initialized
[    2.600689] Bluetooth: HCI socket layer initialized
[    2.605531] Bluetooth: L2CAP socket layer initialized
[    2.610555] Bluetooth: SCO socket layer initialized
[    2.615738] clocksource: Switched to clocksource arch_sys_counter
[    2.621547] VFS: Disk quotas dquot_6.6.0
[    2.625382] VFS: Dquot-cache hash table entries: 512 (order 0, 4096 bytes)
[    2.636108] NET: Registered protocol family 2
[    2.636828] tcp_listen_portaddr_hash hash table entries: 2048 (order: 3, 32768 bytes, linear)
[    2.645022] TCP established hash table entries: 32768 (order: 6, 262144 bytes, linear)
[    2.653048] TCP bind hash table entries: 32768 (order: 7, 524288 bytes, linear)
[    2.660493] TCP: Hash tables configured (established 32768 bind 32768)
[    2.666668] UDP hash table entries: 2048 (order: 4, 65536 bytes, linear)
[    2.673333] UDP-Lite hash table entries: 2048 (order: 4, 65536 bytes, linear)
[    2.680493] NET: Registered protocol family 1
[    2.684948] RPC: Registered named UNIX socket transport module.
[    2.690570] RPC: Registered udp transport module.
[    2.695234] RPC: Registered tcp transport module.
[    2.699904] RPC: Registered tcp NFSv4.1 backchannel transport module.
[    2.706896] PCI: CLS 0 bytes, default 64
[    2.710601] hw perfevents: no interrupt-affinity property for /pmu, guessing.
[    2.717456] hw perfevents: enabled with armv8_pmuv3 PMU driver, 7 counters available
[    2.725810] Initialise system trusted keyrings
[    2.729486] workingset: timestamp_bits=62 max_order=20 bucket_order=0
[    2.736383] NFS: Registering the id_resolver key type
[    2.740835] Key type id_resolver registered
[    2.744972] Key type id_legacy registered
[    2.748962] nfs4filelayout_init: NFSv4 File Layout Driver Registering...
[    2.755628] jffs2: version 2.2. (NAND) (SUMMARY)  Â© 2001-2006 Red Hat, Inc.
[    2.798881] NET: Registered protocol family 38
[    2.798924] xor: measuring software checksum speed
[    2.806609]    8regs           :  2363 MB/sec
[    2.810277]    32regs          :  2799 MB/sec
[    2.815220]    arm64_neon      :  2380 MB/sec
[    2.815410] xor: using function: 32regs (2799 MB/sec)
[    2.820435] Key type asymmetric registered
[    2.824497] Asymmetric key parser 'x509' registered
[    2.829358] Block layer SCSI generic (bsg) driver version 0.4 loaded (major 248)
[    2.836695] io scheduler mq-deadline registered
[    2.841191] io scheduler kyber registered
[    2.870592] Serial: 8250/16550 driver, 4 ports, IRQ sharing disabled
[    2.875225] cacheinfo: Unable to detect cache hierarchy for CPU 0
[    2.881564] brd: module loaded
[    2.885712] loop: module loaded
[    2.886256] Registered mathworks_ip class
[    2.889599] libphy: Fixed MDIO Bus: probed
[    2.892573] tun: Universal TUN/TAP device driver, 1.6
[    2.896639] CAN device driver interface
[    2.901175] usbcore: registered new interface driver asix
[    2.905772] usbcore: registered new interface driver ax88179_178a
[    2.911805] usbcore: registered new interface driver cdc_ether
[    2.917598] usbcore: registered new interface driver net1080
[    2.923223] usbcore: registered new interface driver cdc_subset
[    2.929103] usbcore: registered new interface driver zaurus
[    2.934647] usbcore: registered new interface driver cdc_ncm
[    2.941048] ehci_hcd: USB 2.0 'Enhanced' Host Controller (EHCI) Driver
[    2.946733] ehci-pci: EHCI PCI platform driver
[    2.951530] usbcore: registered new interface driver uas
[    2.956448] usbcore: registered new interface driver usb-storage
[    2.962436] usbcore: registered new interface driver usbserial_generic
[    2.968887] usbserial: USB Serial support registered for generic
[    2.974860] usbcore: registered new interface driver ftdi_sio
[    2.980564] usbserial: USB Serial support registered for FTDI USB Serial Device
[    2.987840] usbcore: registered new interface driver upd78f0730
[    2.993711] usbserial: USB Serial support registered for upd78f0730
[    3.001362] rtc_zynqmp ffa60000.rtc: registered as rtc0
[    3.005136] rtc_zynqmp ffa60000.rtc: setting system clock to 2022-03-26T00:04:29 UTC (1648253069)
[    3.013999] i2c /dev entries driver
[    3.019305] usbcore: registered new interface driver uvcvideo
[    3.023112] USB Video Class driver (1.1.1)
[    3.028696] Bluetooth: HCI UART driver ver 2.3
[    3.031583] Bluetooth: HCI UART protocol H4 registered
[    3.036693] Bluetooth: HCI UART protocol BCSP registered
[    3.041982] Bluetooth: HCI UART protocol LL registered
[    3.047070] Bluetooth: HCI UART protocol ATH3K registered
[    3.052444] Bluetooth: HCI UART protocol Three-wire (H5) registered
[    3.058700] Bluetooth: HCI UART protocol Intel registered
[    3.064038] Bluetooth: HCI UART protocol QCA registered
[    3.069239] usbcore: registered new interface driver bcm203x
[    3.074860] usbcore: registered new interface driver bpa10x
[    3.080395] usbcore: registered new interface driver bfusb
[    3.085846] usbcore: registered new interface driver btusb
[    3.091309] usbcore: registered new interface driver ath3k
[    3.096791] EDAC MC: ECC not enabled
[    3.100417] EDAC DEVICE0: Giving out device to module zynqmp-ocm-edac controller zynqmp_ocm: DEV ff960000.memory-controller (INTERRUPT)
[    3.112730] sdhci: Secure Digital Host Controller Interface driver
[    3.118520] sdhci: Copyright(c) Pierre Ossman
[    3.122845] sdhci-pltfm: SDHCI platform and OF driver helper
[    3.128897] ledtrig-cpu: registered to indicate activity on CPUs
[    3.134448] SMCCC: SOC_ID: ARCH_SOC_ID not implemented, skipping ....
[    3.140874] zynqmp_firmware_probe Platform Management API v1.1
[    3.146635] zynqmp_firmware_probe Trustzone version v1.0
[    3.186197] zynqmp-pinctrl firmware:zynqmp-firmware:pinctrl: zynqmp pinctrl initialized
[    3.234197] zynqmp-aes firmware:zynqmp-firmware:zynqmp-aes: will run requests pump with realtime priority
[    3.250027] alg: No test for xilinx-keccak-384 (zynqmp-keccak-384)
[    3.250735] alg: No test for xilinx-zynqmp-rsa (zynqmp-rsa)
[    3.256246] usbcore: registered new interface driver usbhid
[    3.261636] usbhid: USB HID core driver
[    3.272871] axi_sysid 85000000.axi-sysid-0: AXI System ID core version (1.01.a) found
[    3.275216] axi_sysid 85000000.axi-sysid-0: [ad9081_fmca_ebz] on [zcu102] git branch <master> git <084d44c9780640ca93fd847b1d9ec70dd65f5c67> clean [2022-03-18 04:17:50] UTC
[    3.290906] fpga_manager fpga0: Xilinx ZynqMP FPGA Manager registered
[    3.297258] usbcore: registered new interface driver snd-usb-audio
[    3.304710] pktgen: Packet Generator for packet performance testing. Version: 2.75
[    3.310896] Initializing XFRM netlink socket
[    3.314748] NET: Registered protocol family 10
[    3.319465] Segment Routing with IPv6
[    3.322848] sit: IPv6, IPv4 and MPLS over IPv4 tunneling driver
[    3.328915] NET: Registered protocol family 17
[    3.333021] NET: Registered protocol family 15
[    3.337516] can: controller area network core
[    3.341770] NET: Registered protocol family 29
[    3.346159] can: raw protocol
[    3.349095] can: broadcast manager protocol
[    3.353250] can: netlink gateway - max_hops=1
[    3.357643] Bluetooth: RFCOMM TTY layer initialized
[    3.362423] Bluetooth: RFCOMM socket layer initialized
[    3.367534] Bluetooth: RFCOMM ver 1.11
[    3.371242] Bluetooth: BNEP (Ethernet Emulation) ver 1.3
[    3.376513] Bluetooth: BNEP filters: protocol multicast
[    3.381707] Bluetooth: BNEP socket layer initialized
[    3.386634] Bluetooth: HIDP (Human Interface Emulation) ver 1.2
[    3.392518] Bluetooth: HIDP socket layer initialized
[    3.397575] 9pnet: Installing 9P2000 support
[    3.401695] NET: Registered protocol family 36
[    3.406115] Key type dns_resolver registered
[    3.410541] registered taskstats version 1
[    3.414409] Loading compiled-in X.509 certificates
[    3.419523] Btrfs loaded, crc32c=crc32c-generic
[    3.431940] ff000000.serial: ttyPS0 at MMIO 0xff000000 (irq = 49, base_baud = 6249999) is a xuartps
[    3.440960] printk: console [ttyPS0] enabled
[    3.445256] printk: bootconsole [cdns0] disabled
[    3.454890] ff010000.serial: ttyPS1 at MMIO 0xff010000 (irq = 50, base_baud = 6249999) is a xuartps
[    3.468139] of-fpga-region fpga-full: FPGA Region probed
[    3.475081] nwl-pcie fd0e0000.pcie: host bridge /axi/pcie@fd0e0000 ranges:
[    3.481975] nwl-pcie fd0e0000.pcie:      MEM 0x00e0000000..0x00efffffff -> 0x00e0000000
[    3.489984] nwl-pcie fd0e0000.pcie:      MEM 0x0600000000..0x07ffffffff -> 0x0600000000
[    3.498048] nwl-pcie fd0e0000.pcie: Link is DOWN
[    3.502805] nwl-pcie fd0e0000.pcie: PCI host bridge to bus 0000:00
[    3.508983] pci_bus 0000:00: root bus resource [bus 00-ff]
[    3.514465] pci_bus 0000:00: root bus resource [mem 0xe0000000-0xefffffff]
[    3.521336] pci_bus 0000:00: root bus resource [mem 0x600000000-0x7ffffffff pref]
[    3.528838] pci 0000:00:00.0: [10ee:d021] type 01 class 0x060400
[    3.534895] pci 0000:00:00.0: PME# supported from D0 D1 D2 D3hot
[    3.545336] pci 0000:00:00.0: PCI bridge to [bus 01-0c]
[    3.551312] xilinx-zynqmp-dma fd500000.dma: ZynqMP DMA driver Probe success
[    3.558483] xilinx-zynqmp-dma fd510000.dma: ZynqMP DMA driver Probe success
[    3.565659] xilinx-zynqmp-dma fd520000.dma: ZynqMP DMA driver Probe success
[    3.572828] xilinx-zynqmp-dma fd530000.dma: ZynqMP DMA driver Probe success
[    3.579993] xilinx-zynqmp-dma fd540000.dma: ZynqMP DMA driver Probe success
[    3.587164] xilinx-zynqmp-dma fd550000.dma: ZynqMP DMA driver Probe success
[    3.594335] xilinx-zynqmp-dma fd560000.dma: ZynqMP DMA driver Probe success
[    3.601504] xilinx-zynqmp-dma fd570000.dma: ZynqMP DMA driver Probe success
[    3.608900] xilinx-zynqmp-dpdma fd4c0000.dma-controller: Xilinx DPDMA engine is probed
[    3.617455] ahci-ceva fd0c0000.ahci: supply ahci not found, using dummy regulator
[    3.624998] ahci-ceva fd0c0000.ahci: supply phy not found, using dummy regulator
[    3.715908] hmc7044 spi2.0: PLL1: Acquisition, CLKIN0 @ 122880000 Hz, PFD: 80 kHz - PLL2: Locked @ 2480.000000 MHz
[    3.726629] jesd204: /axi/spi@ff050000/hmc7044@0,jesd204:1,parent=spi2.0: Using as SYSREF provider
[    3.736213] spi-nor spi0.0: SPI-NOR-UniqueID 100000235394732200270025081115266e
[    3.743517] spi-nor spi0.0: found n25q512a, expected m25p80
[    3.749717] spi-nor spi0.0: trying to lock already unlocked area
[    3.755719] spi-nor spi0.0: n25q512a (131072 Kbytes)
[    3.760696] 4 fixed-partitions partitions found on MTD device spi0.0
[    3.767042] Creating 4 MTD partitions on "spi0.0":
[    3.771828] 0x000000000000-0x000000100000 : "qspi-fsbl-uboot"
[    3.778316] 0x000000100000-0x000000600000 : "qspi-linux"
[    3.784278] 0x000000600000-0x000000620000 : "qspi-device-tree"
[    3.790754] 0x000000620000-0x000000c00000 : "qspi-rootfs"
[    3.799222] macb ff0e0000.ethernet: Not enabling partial store and forward
[    3.806755] libphy: MACB_mii_bus: probed
[    3.811831] macb ff0e0000.ethernet eth0: Cadence GEM rev 0x50070106 at 0xff0e0000 irq 30 (00:0a:35:04:8e:1b)
[    3.822042] xilinx-axipmon ffa00000.perf-monitor: Probed Xilinx APM
[    3.828612] xilinx-axipmon fd0b0000.perf-monitor: Probed Xilinx APM
[    3.835125] xilinx-axipmon fd490000.perf-monitor: Probed Xilinx APM
[    3.841668] xilinx-axipmon ffa10000.perf-monitor: Probed Xilinx APM
[    3.851660] pca953x 0-0020: supply vcc not found, using dummy regulator
[    3.858344] pca953x 0-0020: using no AI
[    3.862832] gpio-496 (sel0): hogged as output/low
[    3.867746] gpio-497 (sel1): hogged as output/high
[    3.872734] gpio-498 (sel2): hogged as output/high
[    3.877724] gpio-499 (sel3): hogged as output/high
[    3.882899] pca953x 0-0021: supply vcc not found, using dummy regulator
[    3.889571] pca953x 0-0021: using no AI
[    3.895336] ina2xx 2-0040: power monitor ina226 (Rshunt = 5000 uOhm)
[    3.902360] ina2xx 2-0041: power monitor ina226 (Rshunt = 5000 uOhm)
[    3.909402] ina2xx 2-0042: power monitor ina226 (Rshunt = 5000 uOhm)
[    3.916431] ina2xx 2-0043: power monitor ina226 (Rshunt = 5000 uOhm)
[    3.923456] ina2xx 2-0044: power monitor ina226 (Rshunt = 5000 uOhm)
[    3.930476] ina2xx 2-0045: power monitor ina226 (Rshunt = 5000 uOhm)
[    3.937507] ina2xx 2-0046: power monitor ina226 (Rshunt = 5000 uOhm)
[    3.944584] ina2xx 2-0047: power monitor ina226 (Rshunt = 5000 uOhm)
[    3.951610] ina2xx 2-004a: power monitor ina226 (Rshunt = 5000 uOhm)
[    3.958650] ina2xx 2-004b: power monitor ina226 (Rshunt = 5000 uOhm)
[    3.965062] i2c i2c-0: Added multiplexed i2c bus 2
[    3.970444] random: fast init done
[    3.973919] ina2xx 3-0040: power monitor ina226 (Rshunt = 2000 uOhm)
[    3.980943] ina2xx 3-0041: power monitor ina226 (Rshunt = 5000 uOhm)
[    3.987971] ina2xx 3-0042: power monitor ina226 (Rshunt = 5000 uOhm)
[    3.995003] ina2xx 3-0043: power monitor ina226 (Rshunt = 5000 uOhm)
[    4.002030] ina2xx 3-0044: power monitor ina226 (Rshunt = 5000 uOhm)
[    4.009055] ina2xx 3-0045: power monitor ina226 (Rshunt = 5000 uOhm)
[    4.016091] ina2xx 3-0046: power monitor ina226 (Rshunt = 5000 uOhm)
[    4.023119] ina2xx 3-0047: power monitor ina226 (Rshunt = 5000 uOhm)
[    4.029519] i2c i2c-0: Added multiplexed i2c bus 3
[    4.084842] i2c i2c-0: Added multiplexed i2c bus 4
[    4.089784] i2c i2c-0: Added multiplexed i2c bus 5
[    4.094571] pca954x 0-0075: registered 4 multiplexed busses for I2C mux pca9544
[    4.101920] cdns-i2c ff020000.i2c: 400 kHz mmio ff020000 irq 32
[    4.109650] at24 6-0054: supply vcc not found, using dummy regulator
[    4.116550] at24 6-0054: 1024 byte 24c08 EEPROM, writable, 1 bytes/write
[    4.123297] i2c i2c-1: Added multiplexed i2c bus 6
[    4.129722] si5341 7-0036: Chip: 5341 Grade: 1 Rev: 1
[    4.167390] i2c i2c-1: Added multiplexed i2c bus 7
[    4.175043] si570 8-005d: registered, current frequency 300000000 Hz
[    4.181446] i2c i2c-1: Added multiplexed i2c bus 8
[    4.201233] si570 9-005d: registered, current frequency 148500000 Hz
[    4.207633] i2c i2c-1: Added multiplexed i2c bus 9
[    4.212665] si5324 10-0069: si5328 probed
[    4.280098] si5324 10-0069: si5328 probe successful
[    4.285027] i2c i2c-1: Added multiplexed i2c bus 10
[    4.290054] i2c i2c-1: Added multiplexed i2c bus 11
[    4.295082] i2c i2c-1: Added multiplexed i2c bus 12
[    4.300103] i2c i2c-1: Added multiplexed i2c bus 13
[    4.304983] pca954x 1-0074: registered 8 multiplexed busses for I2C switch pca9548
[    4.313093] at24 14-0050: supply vcc not found, using dummy regulator
[    4.319879] at24 14-0050: 256 byte 24c02 EEPROM, writable, 1 bytes/write
[    4.326627] i2c i2c-1: Added multiplexed i2c bus 14
[    4.331667] i2c i2c-1: Added multiplexed i2c bus 15
[    4.336699] i2c i2c-1: Added multiplexed i2c bus 16
[    4.341736] i2c i2c-1: Added multiplexed i2c bus 17
[    4.346766] i2c i2c-1: Added multiplexed i2c bus 18
[    4.351814] i2c i2c-1: Added multiplexed i2c bus 19
[    4.356850] i2c i2c-1: Added multiplexed i2c bus 20
[    4.361884] i2c i2c-1: Added multiplexed i2c bus 21
[    4.366758] pca954x 1-0075: registered 8 multiplexed busses for I2C switch pca9548
[    4.374367] cdns-i2c ff030000.i2c: 400 kHz mmio ff030000 irq 33
[    4.384111] cdns-wdt fd4d0000.watchdog: Xilinx Watchdog Timer with timeout 60s
[    4.394902] axi_adxcvr 84a60000.axi-adxcvr-rx: AXI-ADXCVR-RX (17.05.a) using CPLL on GTH4 at 0x84A60000. Number of lanes: 4.
[    4.407082] axi_adxcvr 84b60000.axi-adxcvr-tx: AXI-ADXCVR-TX (17.05.a) using QPLL on GTH4 at 0x84B60000. Number of lanes: 4.
[    4.418708] axi-jesd204-rx 84a90000.axi-jesd204-rx: AXI-JESD204-RX (1.07.a) at 0x84A90000. Encoder 8b10b, width 4/4, lanes 4, jesd204-fsm.
[    4.426207] mmc0: SDHCI controller on ff170000.mmc [ff170000.mmc] using ADMA 64-bit
[    4.431553] axi-jesd204-tx 84b90000.axi-jesd204-tx: AXI-JESD204-TX (1.06.a) at 0x84B90000. Encoder 8b10b, width 4/4, lanes 4, jesd204-fsm.
[    4.452273] zynqmp-display fd4a0000.display: vtc bridge property not present
[    4.461934] xilinx-dp-snd-codec fd4a0000.display:zynqmp_dp_snd_codec0: Failed to get required clock freq
[    4.471440] xilinx-dp-snd-codec: probe of fd4a0000.display:zynqmp_dp_snd_codec0 failed with error -22
[    4.473521] mmc0: new high speed SDHC card at address 0001
[    4.480981] xilinx-dp-snd-pcm zynqmp_dp_snd_pcm0: Xilinx DisplayPort Sound PCM probed
[    4.486492] mmcblk0: mmc0:0001 EB1QT 29.8 GiB 
[    4.494299] xilinx-dp-snd-pcm zynqmp_dp_snd_pcm1: Xilinx DisplayPort Sound PCM probed
[    4.499662]  mmcblk0: p1 p2 p3
[    4.506596] OF: graph: no port node found in /axi/display@fd4a0000
[    4.515667] xlnx-drm xlnx-drm.0: bound fd4a0000.display (ops 0xffffffc010fcbdb8)
[    5.599754] zynqmp-display fd4a0000.display: [drm] Cannot find any crtc or sizes
[    5.607365] [drm] Initialized xlnx 1.0.0 20130509 for fd4a0000.display on minor 0
[    5.614857] zynqmp-display fd4a0000.display: ZynqMP DisplayPort Subsystem driver probed
[    5.623185] ahci-ceva fd0c0000.ahci: supply ahci not found, using dummy regulator
[    5.630729] ahci-ceva fd0c0000.ahci: supply phy not found, using dummy regulator
[    5.638187] ahci-ceva fd0c0000.ahci: supply target not found, using dummy regulator
[    5.646028] ahci-ceva fd0c0000.ahci: AHCI 0001.0301 32 slots 2 ports 6 Gbps 0x3 impl platform mode
[    5.654982] ahci-ceva fd0c0000.ahci: flags: 64bit ncq sntf pm clo only pmp fbs pio slum part ccc sds apst 
[    5.665676] scsi host0: ahci-ceva
[    5.669278] scsi host1: ahci-ceva
[    5.672708] ata1: SATA max UDMA/133 mmio [mem 0xfd0c0000-0xfd0c1fff] port 0x100 irq 45
[    5.680621] ata2: SATA max UDMA/133 mmio [mem 0xfd0c0000-0xfd0c1fff] port 0x180 irq 45
[    5.689215] ad9081 spi1.0: supply vdd not found, using dummy regulator
[    6.001988] ata1: SATA link down (SStatus 0 SControl 330)
[    6.007401] ata2: SATA link down (SStatus 0 SControl 330)
[    6.683756] zynqmp-display fd4a0000.display: [drm] Cannot find any crtc or sizes
[    7.523672] ad9081 spi1.0: AD9081 Rev. 2 Grade 10 (API 1.2.2) probed
[    7.530874] xhci-hcd xhci-hcd.1.auto: xHCI Host Controller
[    7.536368] xhci-hcd xhci-hcd.1.auto: new USB bus registered, assigned bus number 1
[    7.544113] xhci-hcd xhci-hcd.1.auto: hcc params 0x0238f625 hci version 0x100 quirks 0x0000000002010810
[    7.553533] xhci-hcd xhci-hcd.1.auto: irq 59, io mem 0xfe200000
[    7.559647] usb usb1: New USB device found, idVendor=1d6b, idProduct=0002, bcdDevice= 5.10
[    7.567906] usb usb1: New USB device strings: Mfr=3, Product=2, SerialNumber=1
[    7.575124] usb usb1: Product: xHCI Host Controller
[    7.579992] usb usb1: Manufacturer: Linux 5.10.0-98103-g2aa7ac113716 xhci-hcd
[    7.587118] usb usb1: SerialNumber: xhci-hcd.1.auto
[    7.592285] hub 1-0:1.0: USB hub found
[    7.596046] hub 1-0:1.0: 1 port detected
[    7.600151] xhci-hcd xhci-hcd.1.auto: xHCI Host Controller
[    7.605633] xhci-hcd xhci-hcd.1.auto: new USB bus registered, assigned bus number 2
[    7.613287] xhci-hcd xhci-hcd.1.auto: Host supports USB 3.0 SuperSpeed
[    7.619907] usb usb2: New USB device found, idVendor=1d6b, idProduct=0003, bcdDevice= 5.10
[    7.628162] usb usb2: New USB device strings: Mfr=3, Product=2, SerialNumber=1
[    7.635380] usb usb2: Product: xHCI Host Controller
[    7.640250] usb usb2: Manufacturer: Linux 5.10.0-98103-g2aa7ac113716 xhci-hcd
[    7.647376] usb usb2: SerialNumber: xhci-hcd.1.auto
[    7.652483] hub 2-0:1.0: USB hub found
[    7.656247] hub 2-0:1.0: 1 port detected
[    7.686373] cf_axi_adc 84a10000.axi-ad9081-rx-hpc: ADI AIM (10.01.b) at 0x84A10000 mapped to 0x(____ptrval____), probed ADC AD9081 as MASTER
[    7.716578] cf_axi_dds 84b10000.axi-ad9081-tx-hpc: Analog Devices CF_AXI_DDS_DDS MASTER (9.01.b) at 0x84B10000 mapped to 0x(____ptrval____), probed DDS AD9081
[    7.730781] jesd204: /axi/spi@ff040000/ad9081@0,jesd204:0,parent=spi1.0: JESD204[2] transition initialized -> probed
[    7.741302] jesd204: /axi/spi@ff040000/ad9081@0,jesd204:0,parent=spi1.0: JESD204[0] transition initialized -> probed
[    7.751825] jesd204: /axi/spi@ff040000/ad9081@0,jesd204:0,parent=spi1.0: JESD204[2] transition probed -> idle
[    7.761731] jesd204: /axi/spi@ff040000/ad9081@0,jesd204:0,parent=spi1.0: JESD204[0] transition probed -> idle
[    7.771651] jesd204: /axi/spi@ff040000/ad9081@0,jesd204:0,parent=spi1.0: JESD204[2] transition idle -> device_init
[    7.782000] jesd204: /axi/spi@ff040000/ad9081@0,jesd204:0,parent=spi1.0: JESD204[0] transition idle -> device_init
[    7.792352] jesd204: /axi/spi@ff040000/ad9081@0,jesd204:0,parent=spi1.0: JESD204[2] transition device_init -> link_init
[    7.803126] jesd204: /axi/spi@ff040000/ad9081@0,jesd204:0,parent=spi1.0: JESD204[0] transition device_init -> link_init
[    7.813918] jesd204: /axi/spi@ff040000/ad9081@0,jesd204:0,parent=spi1.0: JESD204[2] transition link_init -> link_supported
[    7.824957] jesd204: /axi/spi@ff040000/ad9081@0,jesd204:0,parent=spi1.0: JESD204[0] transition link_init -> link_supported
[    7.836357] hmc7044 spi2.0: hmc7044_jesd204_link_pre_setup: Link2 forcing continuous SYSREF mode
[    7.845533] jesd204: /axi/spi@ff040000/ad9081@0,jesd204:0,parent=spi1.0: JESD204[2] transition link_supported -> link_pre_setup
[    7.857006] jesd204: /axi/spi@ff040000/ad9081@0,jesd204:0,parent=spi1.0: JESD204[0] transition link_supported -> link_pre_setup
[    7.880778] jesd204: /axi/spi@ff040000/ad9081@0,jesd204:0,parent=spi1.0: JESD204[2] transition link_pre_setup -> clk_sync_stage1
[    7.892342] jesd204: /axi/spi@ff040000/ad9081@0,jesd204:0,parent=spi1.0: JESD204[0] transition link_pre_setup -> clk_sync_stage1
[    7.903912] jesd204: /axi/spi@ff040000/ad9081@0,jesd204:0,parent=spi1.0: JESD204[2] transition clk_sync_stage1 -> clk_sync_stage2
[    7.915559] jesd204: /axi/spi@ff040000/ad9081@0,jesd204:0,parent=spi1.0: JESD204[0] transition clk_sync_stage1 -> clk_sync_stage2
[    7.927211] jesd204: /axi/spi@ff040000/ad9081@0,jesd204:0,parent=spi1.0: JESD204[2] transition clk_sync_stage2 -> clk_sync_stage3
[    7.938855] jesd204: /axi/spi@ff040000/ad9081@0,jesd204:0,parent=spi1.0: JESD204[0] transition clk_sync_stage2 -> clk_sync_stage3
[    7.952588] jesd204: /axi/spi@ff040000/ad9081@0,jesd204:0,parent=spi1.0: JESD204[2] transition clk_sync_stage3 -> link_setup
[    7.963807] jesd204: /axi/spi@ff040000/ad9081@0,jesd204:0,parent=spi1.0: JESD204[0] transition clk_sync_stage3 -> link_setup
[    7.979855] jesd204: /axi/spi@ff040000/ad9081@0,jesd204:0,parent=spi1.0: JESD204[2] transition link_setup -> opt_setup_stage1
[    7.991153] jesd204: /axi/spi@ff040000/ad9081@0,jesd204:0,parent=spi1.0: JESD204[0] transition link_setup -> opt_setup_stage1
[    8.007499] jesd204: /axi/spi@ff040000/ad9081@0,jesd204:0,parent=spi1.0: JESD204[2] transition opt_setup_stage1 -> opt_setup_stage2
[    8.019321] jesd204: /axi/spi@ff040000/ad9081@0,jesd204:0,parent=spi1.0: JESD204[0] transition opt_setup_stage1 -> opt_setup_stage2
[    8.031294] jesd204: /axi/spi@ff040000/ad9081@0,jesd204:0,parent=spi1.0: JESD204[2] transition opt_setup_stage2 -> opt_setup_stage3
[    8.043114] jesd204: /axi/spi@ff040000/ad9081@0,jesd204:0,parent=spi1.0: JESD204[0] transition opt_setup_stage2 -> opt_setup_stage3
[    8.054936] jesd204: /axi/spi@ff040000/ad9081@0,jesd204:0,parent=spi1.0: JESD204[2] transition opt_setup_stage3 -> opt_setup_stage4
[    8.066760] jesd204: /axi/spi@ff040000/ad9081@0,jesd204:0,parent=spi1.0: JESD204[0] transition opt_setup_stage3 -> opt_setup_stage4
[    8.078584] jesd204: /axi/spi@ff040000/ad9081@0,jesd204:0,parent=spi1.0: JESD204[2] transition opt_setup_stage4 -> opt_setup_stage5
[    8.090413] jesd204: /axi/spi@ff040000/ad9081@0,jesd204:0,parent=spi1.0: JESD204[0] transition opt_setup_stage4 -> opt_setup_stage5
[    8.106340] jesd204: /axi/spi@ff040000/ad9081@0,jesd204:0,parent=spi1.0: JESD204[2] transition opt_setup_stage5 -> clocks_enable
[    8.117900] jesd204: /axi/spi@ff040000/ad9081@0,jesd204:0,parent=spi1.0: JESD204[0] transition opt_setup_stage5 -> clocks_enable
[    8.164806] axi_adxcvr 84a60000.axi-adxcvr-rx: adxcvr_clk_enable: CPLL RX buffer underflow error, status: 0x61
[    8.174794] axi_adxcvr 84a60000.axi-adxcvr-rx: adxcvr_clk_enable: CPLL RX buffer overflow error, status: 0x61
[    8.184768] jesd204: /axi/spi@ff040000/ad9081@0,jesd204:0,parent=spi1.0: JESD204[2] transition clocks_enable -> link_enable
[    8.195897] jesd204: /axi/spi@ff040000/ad9081@0,jesd204:0,parent=spi1.0: JESD204[0] transition clocks_enable -> link_enable
[    8.227977] ad9081 spi1.0: JESD RX (JTX) Link2 in DATA, SYNC deasserted, PLL locked, PHASE established, MODE valid
[    8.238584] ad9081 spi1.0: JESD TX (JRX) Link0 0xF lanes in DATA
[    8.244594] jesd204: /axi/spi@ff040000/ad9081@0,jesd204:0,parent=spi1.0: JESD204[2] transition link_enable -> link_running
[    8.255632] jesd204: /axi/spi@ff040000/ad9081@0,jesd204:0,parent=spi1.0: JESD204[0] transition link_enable -> link_running
[    8.266677] jesd204: /axi/spi@ff040000/ad9081@0,jesd204:0,parent=spi1.0: JESD204[2] transition link_running -> opt_post_running_stage
[    8.278670] jesd204: /axi/spi@ff040000/ad9081@0,jesd204:0,parent=spi1.0: JESD204[0] transition link_running -> opt_post_running_stage
[    8.299878] input: gpio-keys as /devices/platform/gpio-keys/input/input0
[    8.306902] of_cfs_init
[    8.309363] of_cfs_init: OK
[    8.312303] cfg80211: Loading compiled-in X.509 certificates for regulatory database
[    8.450420] cfg80211: Loaded X.509 cert 'sforshee: 00b28ddf47aef9cea7'
[    8.456950] clk: Not disabling unused clocks
[    8.461479] ALSA device list:
[    8.464445]   No soundcards found.
[    8.468102] platform regulatory.0: Direct firmware load for regulatory.db failed with error -2
[    8.476713] cfg80211: failed to load regulatory.db
[    8.492347] EXT4-fs (mmcblk0p2): mounted filesystem with ordered data mode. Opts: (null)
[    8.500460] VFS: Mounted root (ext4 filesystem) on device 179:2.
[    8.514043] devtmpfs: mounted
[    8.517855] Freeing unused kernel memory: 2560K
[    8.531789] Run /sbin/init as init process
[    8.535883]   with arguments:
[    8.535885]     /sbin/init
[    8.535887]   with environment:
[    8.535890]     HOME=/
[    8.535892]     TERM=linux
[    9.117123] systemd[1]: systemd 241 running in system mode. (+PAM +AUDIT +SELINUX +IMA +APPARMOR +SMACK +SYSVINIT +UTMP +LIBCRYPTSETUP +GCRYPT +GNUTLS +ACL +XZ +LZ4 +SECCOMP +BLKID +ELFUTILS +KMOD -IDN2 +IDN -PCRE2 default-hierarchy=hybrid)
[    9.138991] systemd[1]: Detected architecture arm64.
[    9.160476] systemd[1]: Set hostname to <analog>.
[    9.353762] systemd[1]: File /lib/systemd/system/systemd-journald.service:12 configures an IP firewall (IPAddressDeny=any), but the local system does not support BPF/cgroup based firewalling.
[    9.370844] systemd[1]: Proceeding WITHOUT firewalling in effect! (This warning is only shown for the first loaded unit using IP firewalling.)
[    9.536008] systemd[1]: /etc/systemd/system/tof-server.service:1: Assignment outside of section. Ignoring.
[    9.545725] systemd[1]: /etc/systemd/system/tof-server.service:2: Assignment outside of section. Ignoring.
[    9.730690] random: systemd: uninitialized urandom read (16 bytes read)
[    9.745472] random: systemd: uninitialized urandom read (16 bytes read)
[    9.752423] systemd[1]: Listening on Syslog Socket.
[    9.767829] random: systemd: uninitialized urandom read (16 bytes read)
[    9.775016] systemd[1]: Created slice system-serial\x2dgetty.slice.
[    9.796123] systemd[1]: Listening on Journal Socket (/dev/log).
[   10.363991] ------------[ cut here ]------------
[   10.364000] Enabling unprepared \xa0\xe9Q\x88\xff\xff\xffpQ\x88\xff\xff\xff
[   10.364045] WARNING: CPU: 2 PID: 112 at drivers/clk/clk.c:1012 clk_core_enable+0xa4/0xc0
[   10.364048] Modules linked in:
[   10.364059] CPU: 2 PID: 112 Comm: kworker/2:1H Not tainted 5.10.0-98103-g2aa7ac113716 #5577
[   10.364062] Hardware name: ZynqMP ZCU102 Rev1.0 (DT)
[   10.364071] Workqueue: kblockd blk_mq_run_work_fn
[   10.364078] pstate: 80000085 (Nzcv daIf -PAN -UAO -TCO BTYPE=--)
[   10.364084] pc : clk_core_enable+0xa4/0xc0
[   10.364089] lr : clk_core_enable+0xa4/0xc0
[   10.364092] sp : ffffffc0125bb2d0
[   10.364095] x29: ffffffc0125bb2d0 x28: ffffff8800330c10 
[   10.364102] x27: ffffff8800330d48 x26: 0000005000000101 
[   10.364109] x25: 0000000263cc3282 x24: 0000000000000001 
[   10.364115] x23: ffffff88010e9380 x22: ffffff8801083220 
[   10.364122] x21: ffffff8801517000 x20: ffffff8801517008 
[   10.364128] x19: ffffff8801517008 x18: 0000000000000030 
[   10.364135] x17: 0000392cf7550b24 x16: 0000000000000002 
[   10.364141] x15: ffffffffffff8748 x14: ffffffc011d3b1a0 
[   10.364148] x13: ffffffc011d3b1c8 x12: 00000000000005eb 
[   10.364154] x11: 00000000000001f9 x10: ffffffc011d671c8 
[   10.364161] x9 : 00000000fffff800 x8 : ffffffc011d3b1c8 
[   10.364167] x7 : ffffffc011d671c8 x6 : 0000000000000001 
[   10.364174] x5 : ffffff887f7929e0 x4 : 0000000000000000 
[   10.364180] x3 : 0000000000000027 x2 : 0000000000000023 
[   10.364186] x1 : 62963624ff71f400 x0 : 0000000000000000 
[   10.364193] Call trace:
[   10.364199]  clk_core_enable+0xa4/0xc0
[   10.364204]  clk_enable+0x2c/0x60
[   10.364211]  zynqmp_runtime_resume+0x24/0x84
[   10.364218]  pm_generic_runtime_resume+0x30/0x50
[   10.364224]  __genpd_runtime_resume+0x30/0xb0
[   10.364230]  genpd_runtime_resume+0x90/0x250
[   10.364235]  __rpm_callback+0x10c/0x1e0
[   10.364240]  rpm_callback+0x5c/0x84
[   10.364245]  rpm_resume+0x4a4/0x74c
[   10.364250]  __pm_runtime_resume+0x78/0xc4
[   10.364255]  spi_mem_access_start.isra.0+0x30/0x80
[   10.364259]  spi_mem_exec_op+0x3b0/0x424
[   10.364265]  spi_nor_read_sr+0x78/0xe0
[   10.364269]  spi_nor_wait_till_ready_with_timeout+0xb4/0x2f0
[   10.364274]  spi_nor_read+0x188/0x380
[   10.364279]  mtd_read_oob_std+0x78/0x84
[   10.364283]  mtd_read_oob+0x7c/0x134
[   10.364288]  mtd_read+0x48/0x7c
[   10.364294]  mtdblock_readsect+0x6c/0x150
[   10.364299]  mtd_queue_rq+0x2cc/0x5a0
[   10.364304]  blk_mq_dispatch_rq_list+0x110/0x790
[   10.364310]  __blk_mq_do_dispatch_sched+0x200/0x274
[   10.364316]  __blk_mq_sched_dispatch_requests+0x1a8/0x1fc
[   10.364321]  blk_mq_sched_dispatch_requests+0x3c/0x7c
[   10.364326]  __blk_mq_run_hw_queue+0x98/0x100
[   10.364331]  blk_mq_run_work_fn+0x24/0x30
[   10.364337]  process_one_work+0x1d4/0x380
[   10.364341]  worker_thread+0x78/0x4e0
[   10.364346]  kthread+0x124/0x130
[   10.364352]  ret_from_fork+0x10/0x3c
[   10.364355] ---[ end trace 8f241d794df2119d ]---
[   10.364363] zynqmp-qspi ff0f0000.spi: Cannot enable APB clock.
[   10.364412] spi_master spi0: Failed to power device: -108
[   10.364422] blk_update_request: I/O error, dev mtdblock0, sector 8 op 0x0:(READ) flags 0x80700 phys_seg 1 prio class 0
[   10.364487] spi_master spi0: Failed to power device: -22
[   10.364494] blk_update_request: I/O error, dev mtdblock0, sector 8 op 0x0:(READ) flags 0x0 phys_seg 8 prio class 0
[   10.364499] Buffer I/O error on dev mtdblock0, logical block 8, async page read
[   10.364508] spi_master spi0: Failed to power device: -22
[   10.364514] blk_update_request: I/O error, dev mtdblock0, sector 9 op 0x0:(READ) flags 0x0 phys_seg 7 prio class 0
[   10.364518] Buffer I/O error on dev mtdblock0, logical block 9, async page read
[   10.364525] spi_master spi0: Failed to power device: -22
[   10.364531] blk_update_request: I/O error, dev mtdblock0, sector 10 op 0x0:(READ) flags 0x0 phys_seg 6 prio class 0
[   10.364535] Buffer I/O error on dev mtdblock0, logical block 10, async page read
[   10.364542] spi_master spi0: Failed to power device: -22
[   10.364547] blk_update_request: I/O error, dev mtdblock0, sector 11 op 0x0:(READ) flags 0x0 phys_seg 5 prio class 0
[   10.364551] Buffer I/O error on dev mtdblock0, logical block 11, async page read
[   10.364558] spi_master spi0: Failed to power device: -22
[   10.364564] blk_update_request: I/O error, dev mtdblock0, sector 12 op 0x0:(READ) flags 0x0 phys_seg 4 prio class 0
[   10.364567] Buffer I/O error on dev mtdblock0, logical block 12, async page read
[   10.364574] spi_master spi0: Failed to power device: -22
[   10.364580] blk_update_request: I/O error, dev mtdblock0, sector 13 op 0x0:(READ) flags 0x0 phys_seg 3 prio class 0
[   10.364583] Buffer I/O error on dev mtdblock0, logical block 13, async page read
[   10.364590] spi_master spi0: Failed to power device: -22
[   10.364596] blk_update_request: I/O error, dev mtdblock0, sector 14 op 0x0:(READ) flags 0x0 phys_seg 2 prio class 0
[   10.364599] Buffer I/O error on dev mtdblock0, logical block 14, async page read
[   10.364606] spi_master spi0: Failed to power device: -22
[   10.364611] blk_update_request: I/O error, dev mtdblock0, sector 15 op 0x0:(READ) flags 0x0 phys_seg 1 prio class 0
[   10.364615] Buffer I/O error on dev mtdblock0, logical block 15, async page read
[   10.364908] spi_master spi0: Failed to power device: -22
[   10.364916] blk_update_request: I/O error, dev mtdblock1, sector 10112 op 0x0:(READ) flags 0x80700 phys_seg 1 prio class 0
[   10.364960] spi_master spi0: Failed to power device: -22
[   10.364966] Buffer I/O error on dev mtdblock1, logical block 10112, async page read
[   10.364974] spi_master spi0: Failed to power device: -22
[   10.364978] Buffer I/O error on dev mtdblock1, logical block 10113, async page read
[   10.364985] spi_master spi0: Failed to power device: -22
[   10.364993] spi_master spi0: Failed to power device: -22
[   10.365000] spi_master spi0: Failed to power device: -22
[   10.365008] spi_master spi0: Failed to power device: -22
[   10.365015] spi_master spi0: Failed to power device: -22
[   10.365022] spi_master spi0: Failed to power device: -22
[   10.365248] spi_master spi0: Failed to power device: -22
[   10.365292] spi_master spi0: Failed to power device: -22
[   10.365301] spi_master spi0: Failed to power device: -22
[   10.365309] spi_master spi0: Failed to power device: -22
[   10.365317] spi_master spi0: Failed to power device: -22
[   10.365324] spi_master spi0: Failed to power device: -22
[   10.365332] spi_master spi0: Failed to power device: -22
[   10.365339] spi_master spi0: Failed to power device: -22
[   10.365346] spi_master spi0: Failed to power device: -22
[   10.365611] spi_master spi0: Failed to power device: -22
[   10.365655] spi_master spi0: Failed to power device: -22
[   10.365665] spi_master spi0: Failed to power device: -22
[   10.365672] spi_master spi0: Failed to power device: -22
[   10.365680] spi_master spi0: Failed to power device: -22
[   10.365688] spi_master spi0: Failed to power device: -22
[   10.365695] spi_master spi0: Failed to power device: -22
[   10.365702] spi_master spi0: Failed to power device: -22
[   10.365709] spi_master spi0: Failed to power device: -22
[   10.492072] EXT4-fs (mmcblk0p2): re-mounted. Opts: (null)
[   10.624520] systemd-journald[151]: Received request to flush runtime journal from PID 1
[   16.553124] macb ff0e0000.ethernet eth0: PHY [ff0e0000.ethernet-ffffffff:0c] driver [TI DP83867] (irq=POLL)
[   16.553137] macb ff0e0000.ethernet eth0: configuring for phy/rgmii-id link mode
[   17.823887] Adding 101372k swap on /var/swap.  Priority:-2 extents:2 across:666620k SS
[   19.499764] random: crng init done
[   19.499774] random: 7 urandom warning(s) missed due to ratelimiting
[   20.356546] broken atomic modeset userspace detected, disabling atomic
[   20.641379] macb ff0e0000.ethernet eth0: Link is Up - 1Gbps/Full - flow control off
[   20.641403] IPv6: ADDRCONF(NETDEV_CHANGE): eth0: link becomes ready
[   23.027300] broken atomic modeset userspace detected, disabling atomic
[   25.948471] broken atomic modeset userspace detected, disabling atomic
[   28.600640] broken atomic modeset userspace detected, disabling atomic