[    0.000000] Booting Linux on physical CPU 0x0000000000 [0x410fd034]
[    0.000000] Linux version 5.10.0-98103-g2aa7ac113716 (jenkins@romlxbuild1.adlk.analog.com) (aarch64-xilinx-linux-gcc.real (GCC) 10.2.0, GNU ld (GNU Binutils) 2.35.0.20200730) #5577 SMP Wed Mar 23 07:28:49 GMT 2022
[    0.000000] Machine model: ZynqMP ZCU102 Rev1.0
[    0.000000] earlycon: cdns0 at MMIO 0x00000000ff000000 (options '115200n8')
[    0.000000] printk: bootconsole [cdns0] enabled
[    0.000000] efi: UEFI not found.
[    0.000000] cma: Reserved 256 MiB at 0x0000000070000000
[    0.000000] Zone ranges:
[    0.000000]   DMA      [mem 0x0000000000000000-0x000000003fffffff]
[    0.000000]   DMA32    [mem 0x0000000040000000-0x00000000ffffffff]
[    0.000000]   Normal   [mem 0x0000000100000000-0x000000087fffffff]
[    0.000000] Movable zone start for each node
[    0.000000] Early memory node ranges
[    0.000000]   node   0: [mem 0x0000000000000000-0x000000007fffffff]
[    0.000000]   node   0: [mem 0x0000000800000000-0x000000087fffffff]
[    0.000000] Initmem setup node 0 [mem 0x0000000000000000-0x000000087fffffff]
[    0.000000] On node 0 totalpages: 1048576
[    0.000000]   DMA zone: 3584 pages used for memmap
[    0.000000]   DMA zone: 0 pages reserved
[    0.000000]   DMA zone: 262144 pages, LIFO batch:63
[    0.000000]   DMA32 zone: 3584 pages used for memmap
[    0.000000]   DMA32 zone: 262144 pages, LIFO batch:63
[    0.000000]   Normal zone: 7168 pages used for memmap
[    0.000000]   Normal zone: 524288 pages, LIFO batch:63
[    0.000000] psci: probing for conduit method from DT.
[    0.000000] psci: PSCIv1.1 detected in firmware.
[    0.000000] psci: Using standard PSCI v0.2 function IDs
[    0.000000] psci: MIGRATE_INFO_TYPE not supported.
[    0.000000] psci: SMC Calling Convention v1.2
[    0.000000] percpu: Embedded 22 pages/cpu s49496 r8192 d32424 u90112
[    0.000000] pcpu-alloc: s49496 r8192 d32424 u90112 alloc=22*4096
[    0.000000] pcpu-alloc: [0] 0 [0] 1 [0] 2 [0] 3 
[    0.000000] Detected VIPT I-cache on CPU0
[    0.000000] CPU features: detected: ARM erratum 845719
[    0.000000] Built 1 zonelists, mobility grouping on.  Total pages: 1034240
[    0.000000] Kernel command line: console=ttyPS0,115200 root=/dev/mmcblk0p2 rw earlycon rootfstype=ext4 rootwait clk_ignore_unused cpuidle.off=1 root=/dev/mmcblk0p2 rw rootwait
[    0.000000] Dentry cache hash table entries: 524288 (order: 10, 4194304 bytes, linear)
[    0.000000] Inode-cache hash table entries: 262144 (order: 9, 2097152 bytes, linear)
[    0.000000] mem auto-init: stack:off, heap alloc:off, heap free:off
[    0.000000] software IO TLB: mapped [mem 0x000000003bfff000-0x000000003ffff000] (64MB)
[    0.000000] Memory: 3761904K/4194304K available (15296K kernel code, 1636K rwdata, 11876K rodata, 2560K init, 507K bss, 170256K reserved, 262144K cma-reserved)
[    0.000000] rcu: Hierarchical RCU implementation.
[    0.000000] rcu: 	RCU event tracing is enabled.
[    0.000000] rcu: 	RCU restricting CPUs from NR_CPUS=8 to nr_cpu_ids=4.
[    0.000000] rcu: RCU calculated value of scheduler-enlistment delay is 25 jiffies.
[    0.000000] rcu: Adjusting geometry for rcu_fanout_leaf=16, nr_cpu_ids=4
[    0.000000] NR_IRQS: 64, nr_irqs: 64, preallocated irqs: 0
[    0.000000] GIC: Adjusting CPU interface base to 0x00000000f902f000
[    0.000000] GIC: Using split EOI/Deactivate mode
[    0.000000] random: get_random_bytes called from start_kernel+0x31c/0x54c with crng_init=0
[    0.000000] arch_timer: cp15 timer(s) running at 100.00MHz (phys).
[    0.000000] clocksource: arch_sys_counter: mask: 0xffffffffffffff max_cycles: 0x171024e7e0, max_idle_ns: 440795205315 ns
[    0.000003] sched_clock: 56 bits at 100MHz, resolution 10ns, wraps every 4398046511100ns
[    0.008461] Console: colour dummy device 80x25
[    0.012482] Calibrating delay loop (skipped), value calculated using timer frequency.. 200.00 BogoMIPS (lpj=400000)
[    0.022841] pid_max: default: 32768 minimum: 301
[    0.027550] Mount-cache hash table entries: 8192 (order: 4, 65536 bytes, linear)
[    0.034789] Mountpoint-cache hash table entries: 8192 (order: 4, 65536 bytes, linear)
[    0.043396] rcu: Hierarchical SRCU implementation.
[    0.047560] EFI services will not be available.
[    0.051938] smp: Bringing up secondary CPUs ...
[    0.056658] Detected VIPT I-cache on CPU1
[    0.056697] CPU1: Booted secondary processor 0x0000000001 [0x410fd034]
[    0.057063] Detected VIPT I-cache on CPU2
[    0.057087] CPU2: Booted secondary processor 0x0000000002 [0x410fd034]
[    0.057426] Detected VIPT I-cache on CPU3
[    0.057450] CPU3: Booted secondary processor 0x0000000003 [0x410fd034]
[    0.057495] smp: Brought up 1 node, 4 CPUs
[    0.091780] SMP: Total of 4 processors activated.
[    0.096452] CPU features: detected: 32-bit EL0 Support
[    0.101556] CPU features: detected: CRC32 instructions
[    0.106696] CPU: All CPU(s) started at EL2
[    0.110736] alternatives: patching kernel code
[    0.116169] devtmpfs: initialized
[    0.124084] Registered cp15_barrier emulation handler
[    0.124135] Registered setend emulation handler
[    0.128110] clocksource: jiffies: mask: 0xffffffff max_cycles: 0xffffffff, max_idle_ns: 7645041785100000 ns
[    0.137688] futex hash table entries: 1024 (order: 4, 65536 bytes, linear)
[    0.151051] pinctrl core: initialized pinctrl subsystem
[    0.151697] NET: Registered protocol family 16
[    0.156121] DMA: preallocated 512 KiB GFP_KERNEL pool for atomic allocations
[    0.162134] DMA: preallocated 512 KiB GFP_KERNEL|GFP_DMA pool for atomic allocations
[    0.169859] DMA: preallocated 512 KiB GFP_KERNEL|GFP_DMA32 pool for atomic allocations
[    0.177662] audit: initializing netlink subsys (disabled)
[    0.183114] audit: type=2000 audit(0.116:1): state=initialized audit_enabled=0 res=1
[    0.183459] hw-breakpoint: found 6 breakpoint and 4 watchpoint registers.
[    0.197489] ASID allocator initialised with 65536 entries
[    0.224379] HugeTLB registered 1.00 GiB page size, pre-allocated 0 pages
[    0.225438] HugeTLB registered 32.0 MiB page size, pre-allocated 0 pages
[    0.232109] HugeTLB registered 2.00 MiB page size, pre-allocated 0 pages
[    0.238772] HugeTLB registered 64.0 KiB page size, pre-allocated 0 pages
[    1.304379] DRBG: Continuing without Jitter RNG
[    1.382166] raid6: neonx8   gen()  2143 MB/s
[    1.450219] raid6: neonx8   xor()  1598 MB/s
[    1.518278] raid6: neonx4   gen()  2195 MB/s
[    1.586329] raid6: neonx4   xor()  1567 MB/s
[    1.654386] raid6: neonx2   gen()  2076 MB/s
[    1.722437] raid6: neonx2   xor()  1436 MB/s
[    1.790501] raid6: neonx1   gen()  1772 MB/s
[    1.858552] raid6: neonx1   xor()  1220 MB/s
[    1.926610] raid6: int64x8  gen()  1438 MB/s
[    1.994666] raid6: int64x8  xor()   771 MB/s
[    2.062734] raid6: int64x4  gen()  1598 MB/s
[    2.130786] raid6: int64x4  xor()   819 MB/s
[    2.198854] raid6: int64x2  gen()  1397 MB/s
[    2.266914] raid6: int64x2  xor()   749 MB/s
[    2.334977] raid6: int64x1  gen()  1034 MB/s
[    2.403040] raid6: int64x1  xor()   517 MB/s
[    2.403078] raid6: using algorithm neonx4 gen() 2195 MB/s
[    2.407030] raid6: .... xor() 1567 MB/s, rmw enabled
[    2.411961] raid6: using neon recovery algorithm
[    2.416973] iommu: Default domain type: Translated 
[    2.421585] SCSI subsystem initialized
[    2.425130] libata version 3.00 loaded.
[    2.425254] usbcore: registered new interface driver usbfs
[    2.430587] usbcore: registered new interface driver hub
[    2.435859] usbcore: registered new device driver usb
[    2.440994] mc: Linux media interface: v0.10
[    2.445108] videodev: Linux video capture interface: v2.00
[    2.450600] EDAC MC: Ver: 3.0.0
[    2.454031] zynqmp-ipi-mbox mailbox@ff990400: Registered ZynqMP IPI mbox with TX/RX channels.
[    2.462535] jesd204: created con: id=0, topo=0, link=0, /axi/spi@ff050000/hmc7044@0 <-> /fpga-axi@0/axi-adxcvr-tx@84b60000
[    2.473129] jesd204: created con: id=1, topo=0, link=2, /axi/spi@ff050000/hmc7044@0 <-> /fpga-axi@0/axi-adxcvr-rx@84a60000
[    2.484113] jesd204: created con: id=2, topo=0, link=0, /fpga-axi@0/axi-adxcvr-tx@84b60000 <-> /fpga-axi@0/axi-jesd204-tx@84b90000
[    2.495789] jesd204: created con: id=3, topo=0, link=2, /fpga-axi@0/axi-adxcvr-rx@84a60000 <-> /fpga-axi@0/axi-jesd204-rx@84a90000
[    2.507466] jesd204: created con: id=4, topo=0, link=0, /fpga-axi@0/axi-jesd204-tx@84b90000 <-> /fpga-axi@0/axi-ad9081-tx-hpc@84b10000
[    2.519494] jesd204: created con: id=5, topo=0, link=2, /fpga-axi@0/axi-jesd204-rx@84a90000 <-> /fpga-axi@0/axi-ad9081-rx-hpc@84a10000
[    2.531516] jesd204: created con: id=6, topo=0, link=2, /fpga-axi@0/axi-ad9081-rx-hpc@84a10000 <-> /axi/spi@ff040000/ad9081@0
[    2.542758] jesd204: created con: id=7, topo=0, link=0, /fpga-axi@0/axi-ad9081-tx-hpc@84b10000 <-> /axi/spi@ff040000/ad9081@0
[    2.554008] jesd204: /axi/spi@ff040000/ad9081@0: JESD204[2] transition uninitialized -> initialized
[    2.562994] jesd204: /axi/spi@ff040000/ad9081@0: JESD204[0] transition uninitialized -> initialized
[    2.571986] jesd204: found 8 devices and 1 topologies
[    2.577029] FPGA manager framework
[    2.580505] Advanced Linux Sound Architecture Driver Initialized.
[    2.586804] Bluetooth: Core ver 2.22
[    2.589989] NET: Registered protocol family 31
[    2.594390] Bluetooth: HCI device and connection manager initialized
[    2.600707] Bluetooth: HCI socket layer initialized
[    2.605549] Bluetooth: L2CAP socket layer initialized
[    2.610572] Bluetooth: SCO socket layer initialized
[    2.615759] clocksource: Switched to clocksource arch_sys_counter
[    2.621560] VFS: Disk quotas dquot_6.6.0
[    2.625401] VFS: Dquot-cache hash table entries: 512 (order 0, 4096 bytes)
[    2.636119] NET: Registered protocol family 2
[    2.636844] tcp_listen_portaddr_hash hash table entries: 2048 (order: 3, 32768 bytes, linear)
[    2.645043] TCP established hash table entries: 32768 (order: 6, 262144 bytes, linear)
[    2.653065] TCP bind hash table entries: 32768 (order: 7, 524288 bytes, linear)
[    2.660511] TCP: Hash tables configured (established 32768 bind 32768)
[    2.666689] UDP hash table entries: 2048 (order: 4, 65536 bytes, linear)
[    2.673353] UDP-Lite hash table entries: 2048 (order: 4, 65536 bytes, linear)
[    2.680514] NET: Registered protocol family 1
[    2.684977] RPC: Registered named UNIX socket transport module.
[    2.690588] RPC: Registered udp transport module.
[    2.695255] RPC: Registered tcp transport module.
[    2.699922] RPC: Registered tcp NFSv4.1 backchannel transport module.
[    2.706911] PCI: CLS 0 bytes, default 64
[    2.710620] hw perfevents: no interrupt-affinity property for /pmu, guessing.
[    2.717472] hw perfevents: enabled with armv8_pmuv3 PMU driver, 7 counters available
[    2.725824] Initialise system trusted keyrings
[    2.729509] workingset: timestamp_bits=62 max_order=20 bucket_order=0
[    2.736401] NFS: Registering the id_resolver key type
[    2.740850] Key type id_resolver registered
[    2.744988] Key type id_legacy registered
[    2.748982] nfs4filelayout_init: NFSv4 File Layout Driver Registering...
[    2.755646] jffs2: version 2.2. (NAND) (SUMMARY)  Â© 2001-2006 Red Hat, Inc.
[    2.798984] NET: Registered protocol family 38
[    2.799027] xor: measuring software checksum speed
[    2.806712]    8regs           :  2363 MB/sec
[    2.810381]    32regs          :  2799 MB/sec
[    2.815323]    arm64_neon      :  2380 MB/sec
[    2.815514] xor: using function: 32regs (2799 MB/sec)
[    2.820540] Key type asymmetric registered
[    2.824601] Asymmetric key parser 'x509' registered
[    2.829461] Block layer SCSI generic (bsg) driver version 0.4 loaded (major 248)
[    2.836799] io scheduler mq-deadline registered
[    2.841295] io scheduler kyber registered
[    2.870690] Serial: 8250/16550 driver, 4 ports, IRQ sharing disabled
[    2.875335] cacheinfo: Unable to detect cache hierarchy for CPU 0
[    2.881667] brd: module loaded
[    2.885827] loop: module loaded
[    2.886377] Registered mathworks_ip class
[    2.889705] libphy: Fixed MDIO Bus: probed
[    2.892686] tun: Universal TUN/TAP device driver, 1.6
[    2.896748] CAN device driver interface
[    2.901276] usbcore: registered new interface driver asix
[    2.905881] usbcore: registered new interface driver ax88179_178a
[    2.911909] usbcore: registered new interface driver cdc_ether
[    2.917703] usbcore: registered new interface driver net1080
[    2.923324] usbcore: registered new interface driver cdc_subset
[    2.929206] usbcore: registered new interface driver zaurus
[    2.934755] usbcore: registered new interface driver cdc_ncm
[    2.941158] ehci_hcd: USB 2.0 'Enhanced' Host Controller (EHCI) Driver
[    2.946836] ehci-pci: EHCI PCI platform driver
[    2.951643] usbcore: registered new interface driver uas
[    2.956555] usbcore: registered new interface driver usb-storage
[    2.962543] usbcore: registered new interface driver usbserial_generic
[    2.968992] usbserial: USB Serial support registered for generic
[    2.974965] usbcore: registered new interface driver ftdi_sio
[    2.980668] usbserial: USB Serial support registered for FTDI USB Serial Device
[    2.987940] usbcore: registered new interface driver upd78f0730
[    2.993815] usbserial: USB Serial support registered for upd78f0730
[    3.001468] rtc_zynqmp ffa60000.rtc: registered as rtc0
[    3.005241] rtc_zynqmp ffa60000.rtc: setting system clock to 2022-03-26T02:39:55 UTC (1648262395)
[    3.014103] i2c /dev entries driver
[    3.019417] usbcore: registered new interface driver uvcvideo
[    3.023216] USB Video Class driver (1.1.1)
[    3.028796] Bluetooth: HCI UART driver ver 2.3
[    3.031687] Bluetooth: HCI UART protocol H4 registered
[    3.036801] Bluetooth: HCI UART protocol BCSP registered
[    3.042087] Bluetooth: HCI UART protocol LL registered
[    3.047174] Bluetooth: HCI UART protocol ATH3K registered
[    3.052548] Bluetooth: HCI UART protocol Three-wire (H5) registered
[    3.058804] Bluetooth: HCI UART protocol Intel registered
[    3.064142] Bluetooth: HCI UART protocol QCA registered
[    3.069340] usbcore: registered new interface driver bcm203x
[    3.074966] usbcore: registered new interface driver bpa10x
[    3.080500] usbcore: registered new interface driver bfusb
[    3.085948] usbcore: registered new interface driver btusb
[    3.091414] usbcore: registered new interface driver ath3k
[    3.096897] EDAC MC: ECC not enabled
[    3.100521] EDAC DEVICE0: Giving out device to module zynqmp-ocm-edac controller zynqmp_ocm: DEV ff960000.memory-controller (INTERRUPT)
[    3.112845] sdhci: Secure Digital Host Controller Interface driver
[    3.118624] sdhci: Copyright(c) Pierre Ossman
[    3.122949] sdhci-pltfm: SDHCI platform and OF driver helper
[    3.129006] ledtrig-cpu: registered to indicate activity on CPUs
[    3.134552] SMCCC: SOC_ID: ARCH_SOC_ID not implemented, skipping ....
[    3.140982] zynqmp_firmware_probe Platform Management API v1.1
[    3.146739] zynqmp_firmware_probe Trustzone version v1.0
[    3.186277] zynqmp-pinctrl firmware:zynqmp-firmware:pinctrl: zynqmp pinctrl initialized
[    3.234237] zynqmp-aes firmware:zynqmp-firmware:zynqmp-aes: will run requests pump with realtime priority
[    3.249971] alg: No test for xilinx-keccak-384 (zynqmp-keccak-384)
[    3.250685] alg: No test for xilinx-zynqmp-rsa (zynqmp-rsa)
[    3.256196] usbcore: registered new interface driver usbhid
[    3.261584] usbhid: USB HID core driver
[    3.272825] axi_sysid 85000000.axi-sysid-0: AXI System ID core version (1.01.a) found
[    3.275174] axi_sysid 85000000.axi-sysid-0: [ad9081_fmca_ebz] on [zcu102] git branch <master> git <084d44c9780640ca93fd847b1d9ec70dd65f5c67> clean [2022-03-18 04:17:50] UTC
[    3.290862] fpga_manager fpga0: Xilinx ZynqMP FPGA Manager registered
[    3.297219] usbcore: registered new interface driver snd-usb-audio
[    3.304681] pktgen: Packet Generator for packet performance testing. Version: 2.75
[    3.310852] Initializing XFRM netlink socket
[    3.314706] NET: Registered protocol family 10
[    3.319417] Segment Routing with IPv6
[    3.322803] sit: IPv6, IPv4 and MPLS over IPv4 tunneling driver
[    3.328873] NET: Registered protocol family 17
[    3.332977] NET: Registered protocol family 15
[    3.337475] can: controller area network core
[    3.341727] NET: Registered protocol family 29
[    3.346113] can: raw protocol
[    3.349054] can: broadcast manager protocol
[    3.353206] can: netlink gateway - max_hops=1
[    3.357604] Bluetooth: RFCOMM TTY layer initialized
[    3.362381] Bluetooth: RFCOMM socket layer initialized
[    3.367491] Bluetooth: RFCOMM ver 1.11
[    3.371202] Bluetooth: BNEP (Ethernet Emulation) ver 1.3
[    3.376472] Bluetooth: BNEP filters: protocol multicast
[    3.381663] Bluetooth: BNEP socket layer initialized
[    3.386593] Bluetooth: HIDP (Human Interface Emulation) ver 1.2
[    3.392476] Bluetooth: HIDP socket layer initialized
[    3.397533] 9pnet: Installing 9P2000 support
[    3.401654] NET: Registered protocol family 36
[    3.406069] Key type dns_resolver registered
[    3.410503] registered taskstats version 1
[    3.414366] Loading compiled-in X.509 certificates
[    3.419477] Btrfs loaded, crc32c=crc32c-generic
[    3.431911] ff000000.serial: ttyPS0 at MMIO 0xff000000 (irq = 49, base_baud = 6249999) is a xuartps
[    3.440935] printk: console [ttyPS0] enabled
[    3.445231] printk: bootconsole [cdns0] disabled
[    3.454867] ff010000.serial: ttyPS1 at MMIO 0xff010000 (irq = 50, base_baud = 6249999) is a xuartps
[    3.468126] of-fpga-region fpga-full: FPGA Region probed
[    3.475063] nwl-pcie fd0e0000.pcie: host bridge /axi/pcie@fd0e0000 ranges:
[    3.481959] nwl-pcie fd0e0000.pcie:      MEM 0x00e0000000..0x00efffffff -> 0x00e0000000
[    3.489968] nwl-pcie fd0e0000.pcie:      MEM 0x0600000000..0x07ffffffff -> 0x0600000000
[    3.498032] nwl-pcie fd0e0000.pcie: Link is DOWN
[    3.502789] nwl-pcie fd0e0000.pcie: PCI host bridge to bus 0000:00
[    3.508967] pci_bus 0000:00: root bus resource [bus 00-ff]
[    3.514448] pci_bus 0000:00: root bus resource [mem 0xe0000000-0xefffffff]
[    3.521318] pci_bus 0000:00: root bus resource [mem 0x600000000-0x7ffffffff pref]
[    3.528821] pci 0000:00:00.0: [10ee:d021] type 01 class 0x060400
[    3.534879] pci 0000:00:00.0: PME# supported from D0 D1 D2 D3hot
[    3.545322] pci 0000:00:00.0: PCI bridge to [bus 01-0c]
[    3.551295] xilinx-zynqmp-dma fd500000.dma: ZynqMP DMA driver Probe success
[    3.558466] xilinx-zynqmp-dma fd510000.dma: ZynqMP DMA driver Probe success
[    3.565643] xilinx-zynqmp-dma fd520000.dma: ZynqMP DMA driver Probe success
[    3.572815] xilinx-zynqmp-dma fd530000.dma: ZynqMP DMA driver Probe success
[    3.579983] xilinx-zynqmp-dma fd540000.dma: ZynqMP DMA driver Probe success
[    3.587147] xilinx-zynqmp-dma fd550000.dma: ZynqMP DMA driver Probe success
[    3.594315] xilinx-zynqmp-dma fd560000.dma: ZynqMP DMA driver Probe success
[    3.601489] xilinx-zynqmp-dma fd570000.dma: ZynqMP DMA driver Probe success
[    3.608887] xilinx-zynqmp-dpdma fd4c0000.dma-controller: Xilinx DPDMA engine is probed
[    3.617435] ahci-ceva fd0c0000.ahci: supply ahci not found, using dummy regulator
[    3.624975] ahci-ceva fd0c0000.ahci: supply phy not found, using dummy regulator
[    3.715929] hmc7044 spi2.0: PLL1: Acquisition, CLKIN0 @ 122880000 Hz, PFD: 80 kHz - PLL2: Locked @ 2760.000000 MHz
[    3.726646] jesd204: /axi/spi@ff050000/hmc7044@0,jesd204:1,parent=spi2.0: Using as SYSREF provider
[    3.736227] spi-nor spi0.0: SPI-NOR-UniqueID 100000235394732200270025081115266e
[    3.743535] spi-nor spi0.0: found n25q512a, expected m25p80
[    3.749738] spi-nor spi0.0: trying to lock already unlocked area
[    3.755737] spi-nor spi0.0: n25q512a (131072 Kbytes)
[    3.760716] 4 fixed-partitions partitions found on MTD device spi0.0
[    3.767060] Creating 4 MTD partitions on "spi0.0":
[    3.771846] 0x000000000000-0x000000100000 : "qspi-fsbl-uboot"
[    3.778325] 0x000000100000-0x000000600000 : "qspi-linux"
[    3.784287] 0x000000600000-0x000000620000 : "qspi-device-tree"
[    3.790765] 0x000000620000-0x000000c00000 : "qspi-rootfs"
[    3.799230] macb ff0e0000.ethernet: Not enabling partial store and forward
[    3.806751] libphy: MACB_mii_bus: probed
[    3.811820] macb ff0e0000.ethernet eth0: Cadence GEM rev 0x50070106 at 0xff0e0000 irq 30 (00:0a:35:04:8e:1b)
[    3.822028] xilinx-axipmon ffa00000.perf-monitor: Probed Xilinx APM
[    3.828607] xilinx-axipmon fd0b0000.perf-monitor: Probed Xilinx APM
[    3.835125] xilinx-axipmon fd490000.perf-monitor: Probed Xilinx APM
[    3.841670] xilinx-axipmon ffa10000.perf-monitor: Probed Xilinx APM
[    3.851673] pca953x 0-0020: supply vcc not found, using dummy regulator
[    3.858352] pca953x 0-0020: using no AI
[    3.862842] gpio-496 (sel0): hogged as output/low
[    3.867742] gpio-497 (sel1): hogged as output/high
[    3.872729] gpio-498 (sel2): hogged as output/high
[    3.877719] gpio-499 (sel3): hogged as output/high
[    3.882897] pca953x 0-0021: supply vcc not found, using dummy regulator
[    3.889563] pca953x 0-0021: using no AI
[    3.895317] ina2xx 2-0040: power monitor ina226 (Rshunt = 5000 uOhm)
[    3.902343] ina2xx 2-0041: power monitor ina226 (Rshunt = 5000 uOhm)
[    3.909375] ina2xx 2-0042: power monitor ina226 (Rshunt = 5000 uOhm)
[    3.916413] ina2xx 2-0043: power monitor ina226 (Rshunt = 5000 uOhm)
[    3.923438] ina2xx 2-0044: power monitor ina226 (Rshunt = 5000 uOhm)
[    3.930460] ina2xx 2-0045: power monitor ina226 (Rshunt = 5000 uOhm)
[    3.937493] ina2xx 2-0046: power monitor ina226 (Rshunt = 5000 uOhm)
[    3.944564] ina2xx 2-0047: power monitor ina226 (Rshunt = 5000 uOhm)
[    3.951602] ina2xx 2-004a: power monitor ina226 (Rshunt = 5000 uOhm)
[    3.958634] ina2xx 2-004b: power monitor ina226 (Rshunt = 5000 uOhm)
[    3.965044] i2c i2c-0: Added multiplexed i2c bus 2
[    3.970431] random: fast init done
[    3.973901] ina2xx 3-0040: power monitor ina226 (Rshunt = 2000 uOhm)
[    3.980930] ina2xx 3-0041: power monitor ina226 (Rshunt = 5000 uOhm)
[    3.987951] ina2xx 3-0042: power monitor ina226 (Rshunt = 5000 uOhm)
[    3.994981] ina2xx 3-0043: power monitor ina226 (Rshunt = 5000 uOhm)
[    4.002005] ina2xx 3-0044: power monitor ina226 (Rshunt = 5000 uOhm)
[    4.009028] ina2xx 3-0045: power monitor ina226 (Rshunt = 5000 uOhm)
[    4.016064] ina2xx 3-0046: power monitor ina226 (Rshunt = 5000 uOhm)
[    4.023092] ina2xx 3-0047: power monitor ina226 (Rshunt = 5000 uOhm)
[    4.029494] i2c i2c-0: Added multiplexed i2c bus 3
[    4.085173] i2c i2c-0: Added multiplexed i2c bus 4
[    4.090114] i2c i2c-0: Added multiplexed i2c bus 5
[    4.094902] pca954x 0-0075: registered 4 multiplexed busses for I2C mux pca9544
[    4.102251] cdns-i2c ff020000.i2c: 400 kHz mmio ff020000 irq 32
[    4.109994] at24 6-0054: supply vcc not found, using dummy regulator
[    4.116885] at24 6-0054: 1024 byte 24c08 EEPROM, writable, 1 bytes/write
[    4.123638] i2c i2c-1: Added multiplexed i2c bus 6
[    4.130059] si5341 7-0036: Chip: 5341 Grade: 1 Rev: 1
[    4.167769] i2c i2c-1: Added multiplexed i2c bus 7
[    4.175422] si570 8-005d: registered, current frequency 300000000 Hz
[    4.181820] i2c i2c-1: Added multiplexed i2c bus 8
[    4.201604] si570 9-005d: registered, current frequency 148500000 Hz
[    4.208008] i2c i2c-1: Added multiplexed i2c bus 9
[    4.213046] si5324 10-0069: si5328 probed
[    4.280119] si5324 10-0069: si5328 probe successful
[    4.285047] i2c i2c-1: Added multiplexed i2c bus 10
[    4.290071] i2c i2c-1: Added multiplexed i2c bus 11
[    4.295100] i2c i2c-1: Added multiplexed i2c bus 12
[    4.300121] i2c i2c-1: Added multiplexed i2c bus 13
[    4.305001] pca954x 1-0074: registered 8 multiplexed busses for I2C switch pca9548
[    4.313115] at24 14-0050: supply vcc not found, using dummy regulator
[    4.319905] at24 14-0050: 256 byte 24c02 EEPROM, writable, 1 bytes/write
[    4.326654] i2c i2c-1: Added multiplexed i2c bus 14
[    4.331692] i2c i2c-1: Added multiplexed i2c bus 15
[    4.336727] i2c i2c-1: Added multiplexed i2c bus 16
[    4.341760] i2c i2c-1: Added multiplexed i2c bus 17
[    4.346796] i2c i2c-1: Added multiplexed i2c bus 18
[    4.351843] i2c i2c-1: Added multiplexed i2c bus 19
[    4.356875] i2c i2c-1: Added multiplexed i2c bus 20
[    4.361911] i2c i2c-1: Added multiplexed i2c bus 21
[    4.366784] pca954x 1-0075: registered 8 multiplexed busses for I2C switch pca9548
[    4.374393] cdns-i2c ff030000.i2c: 400 kHz mmio ff030000 irq 33
[    4.384141] cdns-wdt fd4d0000.watchdog: Xilinx Watchdog Timer with timeout 60s
[    4.395089] axi_adxcvr 84a60000.axi-adxcvr-rx: AXI-ADXCVR-RX (17.05.a) using CPLL on GTH4 at 0x84A60000. Number of lanes: 4.
[    4.407254] axi_adxcvr 84b60000.axi-adxcvr-tx: AXI-ADXCVR-TX (17.05.a) using QPLL on GTH4 at 0x84B60000. Number of lanes: 4.
[    4.418878] axi-jesd204-rx 84a90000.axi-jesd204-rx: AXI-JESD204-RX (1.07.a) at 0x84A90000. Encoder 8b10b, width 4/4, lanes 4, jesd204-fsm.
[    4.426185] mmc0: SDHCI controller on ff170000.mmc [ff170000.mmc] using ADMA 64-bit
[    4.431713] axi-jesd204-tx 84b90000.axi-jesd204-tx: AXI-JESD204-TX (1.06.a) at 0x84B90000. Encoder 8b10b, width 4/4, lanes 4, jesd204-fsm.
[    4.452450] zynqmp-display fd4a0000.display: vtc bridge property not present
[    4.462097] xilinx-dp-snd-codec fd4a0000.display:zynqmp_dp_snd_codec0: Failed to get required clock freq
[    4.471604] xilinx-dp-snd-codec: probe of fd4a0000.display:zynqmp_dp_snd_codec0 failed with error -22
[    4.473537] mmc0: new high speed SDHC card at address 0001
[    4.481144] xilinx-dp-snd-pcm zynqmp_dp_snd_pcm0: Xilinx DisplayPort Sound PCM probed
[    4.486660] mmcblk0: mmc0:0001 EB1QT 29.8 GiB 
[    4.494459] xilinx-dp-snd-pcm zynqmp_dp_snd_pcm1: Xilinx DisplayPort Sound PCM probed
[    4.499771]  mmcblk0: p1 p2 p3
[    4.506767] OF: graph: no port node found in /axi/display@fd4a0000
[    4.515838] xlnx-drm xlnx-drm.0: bound fd4a0000.display (ops 0xffffffc010fcbdb8)
[    5.599775] zynqmp-display fd4a0000.display: [drm] Cannot find any crtc or sizes
[    5.607394] [drm] Initialized xlnx 1.0.0 20130509 for fd4a0000.display on minor 0
[    5.614885] zynqmp-display fd4a0000.display: ZynqMP DisplayPort Subsystem driver probed
[    5.623208] ahci-ceva fd0c0000.ahci: supply ahci not found, using dummy regulator
[    5.630754] ahci-ceva fd0c0000.ahci: supply phy not found, using dummy regulator
[    5.638207] ahci-ceva fd0c0000.ahci: supply target not found, using dummy regulator
[    5.646042] ahci-ceva fd0c0000.ahci: AHCI 0001.0301 32 slots 2 ports 6 Gbps 0x3 impl platform mode
[    5.654999] ahci-ceva fd0c0000.ahci: flags: 64bit ncq sntf pm clo only pmp fbs pio slum part ccc sds apst 
[    5.665697] scsi host0: ahci-ceva
[    5.669294] scsi host1: ahci-ceva
[    5.672716] ata1: SATA max UDMA/133 mmio [mem 0xfd0c0000-0xfd0c1fff] port 0x100 irq 45
[    5.680633] ata2: SATA max UDMA/133 mmio [mem 0xfd0c0000-0xfd0c1fff] port 0x180 irq 45
[    5.689245] ad9081 spi1.0: supply vdd not found, using dummy regulator
[    6.002008] ata1: SATA link down (SStatus 0 SControl 330)
[    6.007427] ata2: SATA link down (SStatus 0 SControl 330)
[    6.683778] zynqmp-display fd4a0000.display: [drm] Cannot find any crtc or sizes
[    7.523016] ad9081 spi1.0: AD9081 Rev. 2 Grade 10 (API 1.2.2) probed
[    7.530217] xhci-hcd xhci-hcd.1.auto: xHCI Host Controller
[    7.535714] xhci-hcd xhci-hcd.1.auto: new USB bus registered, assigned bus number 1
[    7.543466] xhci-hcd xhci-hcd.1.auto: hcc params 0x0238f625 hci version 0x100 quirks 0x0000000002010810
[    7.552883] xhci-hcd xhci-hcd.1.auto: irq 59, io mem 0xfe200000
[    7.558999] usb usb1: New USB device found, idVendor=1d6b, idProduct=0002, bcdDevice= 5.10
[    7.567257] usb usb1: New USB device strings: Mfr=3, Product=2, SerialNumber=1
[    7.574474] usb usb1: Product: xHCI Host Controller
[    7.579343] usb usb1: Manufacturer: Linux 5.10.0-98103-g2aa7ac113716 xhci-hcd
[    7.586469] usb usb1: SerialNumber: xhci-hcd.1.auto
[    7.591630] hub 1-0:1.0: USB hub found
[    7.595394] hub 1-0:1.0: 1 port detected
[    7.599491] xhci-hcd xhci-hcd.1.auto: xHCI Host Controller
[    7.604972] xhci-hcd xhci-hcd.1.auto: new USB bus registered, assigned bus number 2
[    7.612628] xhci-hcd xhci-hcd.1.auto: Host supports USB 3.0 SuperSpeed
[    7.619248] usb usb2: New USB device found, idVendor=1d6b, idProduct=0003, bcdDevice= 5.10
[    7.627503] usb usb2: New USB device strings: Mfr=3, Product=2, SerialNumber=1
[    7.634723] usb usb2: Product: xHCI Host Controller
[    7.639591] usb usb2: Manufacturer: Linux 5.10.0-98103-g2aa7ac113716 xhci-hcd
[    7.646717] usb usb2: SerialNumber: xhci-hcd.1.auto
[    7.651840] hub 2-0:1.0: USB hub found
[    7.655589] hub 2-0:1.0: 1 port detected
[    7.685673] cf_axi_adc 84a10000.axi-ad9081-rx-hpc: ADI AIM (10.01.b) at 0x84A10000 mapped to 0x(____ptrval____), probed ADC AD9081 as MASTER
[    7.716604] cf_axi_dds 84b10000.axi-ad9081-tx-hpc: Analog Devices CF_AXI_DDS_DDS MASTER (9.01.b) at 0x84B10000 mapped to 0x(____ptrval____), probed DDS AD9081
[    7.730806] jesd204: /axi/spi@ff040000/ad9081@0,jesd204:0,parent=spi1.0: JESD204[2] transition initialized -> probed
[    7.741328] jesd204: /axi/spi@ff040000/ad9081@0,jesd204:0,parent=spi1.0: JESD204[0] transition initialized -> probed
[    7.751852] jesd204: /axi/spi@ff040000/ad9081@0,jesd204:0,parent=spi1.0: JESD204[2] transition probed -> idle
[    7.761760] jesd204: /axi/spi@ff040000/ad9081@0,jesd204:0,parent=spi1.0: JESD204[0] transition probed -> idle
[    7.771675] jesd204: /axi/spi@ff040000/ad9081@0,jesd204:0,parent=spi1.0: JESD204[2] transition idle -> device_init
[    7.782016] jesd204: /axi/spi@ff040000/ad9081@0,jesd204:0,parent=spi1.0: JESD204[0] transition idle -> device_init
[    7.792372] jesd204: /axi/spi@ff040000/ad9081@0,jesd204:0,parent=spi1.0: JESD204[2] transition device_init -> link_init
[    7.803155] jesd204: /axi/spi@ff040000/ad9081@0,jesd204:0,parent=spi1.0: JESD204[0] transition device_init -> link_init
[    7.813946] jesd204: /axi/spi@ff040000/ad9081@0,jesd204:0,parent=spi1.0: JESD204[2] transition link_init -> link_supported
[    7.824985] jesd204: /axi/spi@ff040000/ad9081@0,jesd204:0,parent=spi1.0: JESD204[0] transition link_init -> link_supported
[    7.836400] hmc7044 spi2.0: hmc7044_jesd204_link_pre_setup: Link2 forcing continuous SYSREF mode
[    7.845340] axi-jesd204-rx 84a90000.axi-jesd204-rx: axi_jesd204_rx_jesd204_link_pre_setup: Link2 set lane rate 13800000 kHz failed (-22)
[    7.857597] jesd204: /fpga-axi@0/axi-jesd204-rx@84a90000,jesd204:4,parent=84a90000.axi-jesd204-rx: JESD204[2] In link_pre_setup got error from cb: -22
[    7.871067] jesd204: /axi/spi@ff040000/ad9081@0,jesd204:0,parent=spi1.0: Rolling back from 'link_supported', got error -22
[    7.882112] jesd204: /axi/spi@ff040000/ad9081@0,jesd204:0,parent=spi1.0: JESD204[0] transition link_supported -> link_pre_setup
[    7.893582] jesd204: /axi/spi@ff040000/ad9081@0,jesd204:0,parent=spi1.0: JESD204[2] transition link_supported -> link_pre_setup
[    7.905065] jesd204: /axi/spi@ff040000/ad9081@0,jesd204:0,parent=spi1.0: JESD204[0] transition link_pre_setup -> link_supported
[    7.916541] jesd204: /axi/spi@ff040000/ad9081@0,jesd204:0,parent=spi1.0: JESD204[2] transition link_pre_setup -> link_supported
[    7.928018] jesd204: /axi/spi@ff040000/ad9081@0,jesd204:0,parent=spi1.0: JESD204[0] transition link_supported -> link_init
[    7.939054] jesd204: /axi/spi@ff040000/ad9081@0,jesd204:0,parent=spi1.0: JESD204[2] transition link_supported -> link_init
[    7.950103] jesd204: /axi/spi@ff040000/ad9081@0,jesd204:0,parent=spi1.0: JESD204[0] transition link_init -> device_init
[    7.960883] jesd204: /axi/spi@ff040000/ad9081@0,jesd204:0,parent=spi1.0: JESD204[2] transition link_init -> device_init
[    7.971662] jesd204: /axi/spi@ff040000/ad9081@0,jesd204:0,parent=spi1.0: JESD204[0] transition device_init -> idle
[    7.982005] jesd204: /axi/spi@ff040000/ad9081@0,jesd204:0,parent=spi1.0: JESD204[2] transition device_init -> idle
[    7.992356] jesd204: /axi/spi@ff040000/ad9081@0,jesd204:0,parent=spi1.0: JESD204[2] transition idle -> idle
[    8.002090] jesd204: /axi/spi@ff040000/ad9081@0,jesd204:0,parent=spi1.0: JESD204[0] transition idle -> idle
[    8.011832] jesd204: /axi/spi@ff040000/ad9081@0,jesd204:0,parent=spi1.0: JESD204[2] transition idle -> device_init
[    8.022176] jesd204: /axi/spi@ff040000/ad9081@0,jesd204:0,parent=spi1.0: JESD204[0] transition idle -> device_init
[    8.032527] jesd204: /axi/spi@ff040000/ad9081@0,jesd204:0,parent=spi1.0: JESD204[2] transition device_init -> link_init
[    8.043303] jesd204: /axi/spi@ff040000/ad9081@0,jesd204:0,parent=spi1.0: JESD204[0] transition device_init -> link_init
[    8.054091] jesd204: /axi/spi@ff040000/ad9081@0,jesd204:0,parent=spi1.0: JESD204[2] transition link_init -> link_supported
[    8.065137] jesd204: /axi/spi@ff040000/ad9081@0,jesd204:0,parent=spi1.0: JESD204[0] transition link_init -> link_supported
[    8.076356] axi-jesd204-rx 84a90000.axi-jesd204-rx: axi_jesd204_rx_jesd204_link_pre_setup: Link2 set lane rate 13800000 kHz failed (-22)
[    8.088618] jesd204: /fpga-axi@0/axi-jesd204-rx@84a90000,jesd204:4,parent=84a90000.axi-jesd204-rx: JESD204[2] In link_pre_setup got error from cb: -22
[    8.102085] jesd204: /axi/spi@ff040000/ad9081@0,jesd204:0,parent=spi1.0: Rolling back from 'link_supported', got error -22
[    8.113129] jesd204: /axi/spi@ff040000/ad9081@0,jesd204:0,parent=spi1.0: JESD204[0] transition link_supported -> link_pre_setup
[    8.124600] jesd204: /axi/spi@ff040000/ad9081@0,jesd204:0,parent=spi1.0: JESD204[2] transition link_supported -> link_pre_setup
[    8.136077] jesd204: /axi/spi@ff040000/ad9081@0,jesd204:0,parent=spi1.0: JESD204[0] transition link_pre_setup -> link_supported
[    8.147552] jesd204: /axi/spi@ff040000/ad9081@0,jesd204:0,parent=spi1.0: JESD204[2] transition link_pre_setup -> link_supported
[    8.159027] jesd204: /axi/spi@ff040000/ad9081@0,jesd204:0,parent=spi1.0: JESD204[0] transition link_supported -> link_init
[    8.170065] jesd204: /axi/spi@ff040000/ad9081@0,jesd204:0,parent=spi1.0: JESD204[2] transition link_supported -> link_init
[    8.181112] jesd204: /axi/spi@ff040000/ad9081@0,jesd204:0,parent=spi1.0: JESD204[0] transition link_init -> device_init
[    8.191888] jesd204: /axi/spi@ff040000/ad9081@0,jesd204:0,parent=spi1.0: JESD204[2] transition link_init -> device_init
[    8.202671] jesd204: /axi/spi@ff040000/ad9081@0,jesd204:0,parent=spi1.0: JESD204[0] transition device_init -> idle
[    8.213018] jesd204: /axi/spi@ff040000/ad9081@0,jesd204:0,parent=spi1.0: JESD204[2] transition device_init -> idle
[    8.223366] jesd204: /axi/spi@ff040000/ad9081@0,jesd204:0,parent=spi1.0: JESD204[2] transition idle -> idle
[    8.233100] jesd204: /axi/spi@ff040000/ad9081@0,jesd204:0,parent=spi1.0: JESD204[0] transition idle -> idle
[    8.242841] jesd204: /axi/spi@ff040000/ad9081@0,jesd204:0,parent=spi1.0: JESD204[2] transition idle -> device_init
[    8.253185] jesd204: /axi/spi@ff040000/ad9081@0,jesd204:0,parent=spi1.0: JESD204[0] transition idle -> device_init
[    8.263535] jesd204: /axi/spi@ff040000/ad9081@0,jesd204:0,parent=spi1.0: JESD204[2] transition device_init -> link_init
[    8.274312] jesd204: /axi/spi@ff040000/ad9081@0,jesd204:0,parent=spi1.0: JESD204[0] transition device_init -> link_init
[    8.285100] jesd204: /axi/spi@ff040000/ad9081@0,jesd204:0,parent=spi1.0: JESD204[2] transition link_init -> link_supported
[    8.296142] jesd204: /axi/spi@ff040000/ad9081@0,jesd204:0,parent=spi1.0: JESD204[0] transition link_init -> link_supported
[    8.307330] axi-jesd204-rx 84a90000.axi-jesd204-rx: axi_jesd204_rx_jesd204_link_pre_setup: Link2 set lane rate 13800000 kHz failed (-22)
[    8.319590] jesd204: /fpga-axi@0/axi-jesd204-rx@84a90000,jesd204:4,parent=84a90000.axi-jesd204-rx: JESD204[2] In link_pre_setup got error from cb: -22
[    8.333059] jesd204: /axi/spi@ff040000/ad9081@0,jesd204:0,parent=spi1.0: Rolling back from 'link_supported', got error -22
[    8.344107] jesd204: /axi/spi@ff040000/ad9081@0,jesd204:0,parent=spi1.0: JESD204[0] transition link_supported -> link_pre_setup
[    8.355583] jesd204: /axi/spi@ff040000/ad9081@0,jesd204:0,parent=spi1.0: JESD204[2] transition link_supported -> link_pre_setup
[    8.367064] jesd204: /axi/spi@ff040000/ad9081@0,jesd204:0,parent=spi1.0: JESD204[0] transition link_pre_setup -> link_supported
[    8.378533] jesd204: /axi/spi@ff040000/ad9081@0,jesd204:0,parent=spi1.0: JESD204[2] transition link_pre_setup -> link_supported
[    8.390010] jesd204: /axi/spi@ff040000/ad9081@0,jesd204:0,parent=spi1.0: JESD204[0] transition link_supported -> link_init
[    8.401049] jesd204: /axi/spi@ff040000/ad9081@0,jesd204:0,parent=spi1.0: JESD204[2] transition link_supported -> link_init
[    8.412096] jesd204: /axi/spi@ff040000/ad9081@0,jesd204:0,parent=spi1.0: JESD204[0] transition link_init -> device_init
[    8.422871] jesd204: /axi/spi@ff040000/ad9081@0,jesd204:0,parent=spi1.0: JESD204[2] transition link_init -> device_init
[    8.433654] jesd204: /axi/spi@ff040000/ad9081@0,jesd204:0,parent=spi1.0: JESD204[0] transition device_init -> idle
[    8.444000] jesd204: /axi/spi@ff040000/ad9081@0,jesd204:0,parent=spi1.0: JESD204[2] transition device_init -> idle
[    8.454350] jesd204: /axi/spi@ff040000/ad9081@0,jesd204:0,parent=spi1.0: JESD204[2] transition idle -> idle
[    8.464083] jesd204: /axi/spi@ff040000/ad9081@0,jesd204:0,parent=spi1.0: JESD204[0] transition idle -> idle
[    8.473829] jesd204: /axi/spi@ff040000/ad9081@0,jesd204:0,parent=spi1.0: JESD204[2] transition idle -> device_init
[    8.484178] jesd204: /axi/spi@ff040000/ad9081@0,jesd204:0,parent=spi1.0: JESD204[0] transition idle -> device_init
[    8.494527] jesd204: /axi/spi@ff040000/ad9081@0,jesd204:0,parent=spi1.0: JESD204[2] transition device_init -> link_init
[    8.505306] jesd204: /axi/spi@ff040000/ad9081@0,jesd204:0,parent=spi1.0: JESD204[0] transition device_init -> link_init
[    8.516093] jesd204: /axi/spi@ff040000/ad9081@0,jesd204:0,parent=spi1.0: JESD204[2] transition link_init -> link_supported
[    8.527136] jesd204: /axi/spi@ff040000/ad9081@0,jesd204:0,parent=spi1.0: JESD204[0] transition link_init -> link_supported
[    8.538322] axi-jesd204-rx 84a90000.axi-jesd204-rx: axi_jesd204_rx_jesd204_link_pre_setup: Link2 set lane rate 13800000 kHz failed (-22)
[    8.550582] jesd204: /fpga-axi@0/axi-jesd204-rx@84a90000,jesd204:4,parent=84a90000.axi-jesd204-rx: JESD204[2] In link_pre_setup got error from cb: -22
[    8.564052] jesd204: /axi/spi@ff040000/ad9081@0,jesd204:0,parent=spi1.0: Rolling back from 'link_supported', got error -22
[    8.575095] jesd204: /axi/spi@ff040000/ad9081@0,jesd204:0,parent=spi1.0: JESD204[0] transition link_supported -> link_pre_setup
[    8.586566] jesd204: /axi/spi@ff040000/ad9081@0,jesd204:0,parent=spi1.0: JESD204[2] transition link_supported -> link_pre_setup
[    8.598048] jesd204: /axi/spi@ff040000/ad9081@0,jesd204:0,parent=spi1.0: JESD204[0] transition link_pre_setup -> link_supported
[    8.609525] jesd204: /axi/spi@ff040000/ad9081@0,jesd204:0,parent=spi1.0: JESD204[2] transition link_pre_setup -> link_supported
[    8.621004] jesd204: /axi/spi@ff040000/ad9081@0,jesd204:0,parent=spi1.0: JESD204[0] transition link_supported -> link_init
[    8.632041] jesd204: /axi/spi@ff040000/ad9081@0,jesd204:0,parent=spi1.0: JESD204[2] transition link_supported -> link_init
[    8.643088] jesd204: /axi/spi@ff040000/ad9081@0,jesd204:0,parent=spi1.0: JESD204[0] transition link_init -> device_init
[    8.653863] jesd204: /axi/spi@ff040000/ad9081@0,jesd204:0,parent=spi1.0: JESD204[2] transition link_init -> device_init
[    8.664646] jesd204: /axi/spi@ff040000/ad9081@0,jesd204:0,parent=spi1.0: JESD204[0] transition device_init -> idle
[    8.674990] jesd204: /axi/spi@ff040000/ad9081@0,jesd204:0,parent=spi1.0: JESD204[2] transition device_init -> idle
[    8.685336] jesd204: /axi/spi@ff040000/ad9081@0,jesd204:0,parent=spi1.0: FSM completed with error -22
[    8.703787] input: gpio-keys as /devices/platform/gpio-keys/input/input0
[    8.710795] of_cfs_init
[    8.713261] of_cfs_init: OK
[    8.716205] cfg80211: Loading compiled-in X.509 certificates for regulatory database
[    8.854275] cfg80211: Loaded X.509 cert 'sforshee: 00b28ddf47aef9cea7'
[    8.860807] clk: Not disabling unused clocks
[    8.865337] ALSA device list:
[    8.868296]   No soundcards found.
[    8.871954] platform regulatory.0: Direct firmware load for regulatory.db failed with error -2
[    8.880562] cfg80211: failed to load regulatory.db
[    8.896075] EXT4-fs (mmcblk0p2): mounted filesystem with ordered data mode. Opts: (null)
[    8.904189] VFS: Mounted root (ext4 filesystem) on device 179:2.
[    8.917617] devtmpfs: mounted
[    8.921458] Freeing unused kernel memory: 2560K
[    8.931811] Run /sbin/init as init process
[    8.935910]   with arguments:
[    8.935913]     /sbin/init
[    8.935915]   with environment:
[    8.935917]     HOME=/
[    8.935919]     TERM=linux
[    9.508808] systemd[1]: systemd 241 running in system mode. (+PAM +AUDIT +SELINUX +IMA +APPARMOR +SMACK +SYSVINIT +UTMP +LIBCRYPTSETUP +GCRYPT +GNUTLS +ACL +XZ +LZ4 +SECCOMP +BLKID +ELFUTILS +KMOD -IDN2 +IDN -PCRE2 default-hierarchy=hybrid)
[    9.530672] systemd[1]: Detected architecture arm64.
[    9.552471] systemd[1]: Set hostname to <analog>.
[    9.737175] systemd[1]: File /lib/systemd/system/systemd-journald.service:12 configures an IP firewall (IPAddressDeny=any), but the local system does not support BPF/cgroup based firewalling.
[    9.754243] systemd[1]: Proceeding WITHOUT firewalling in effect! (This warning is only shown for the first loaded unit using IP firewalling.)
[    9.917617] systemd[1]: /etc/systemd/system/tof-server.service:1: Assignment outside of section. Ignoring.
[    9.927390] systemd[1]: /etc/systemd/system/tof-server.service:2: Assignment outside of section. Ignoring.
[   10.109937] random: systemd: uninitialized urandom read (16 bytes read)
[   10.124666] random: systemd: uninitialized urandom read (16 bytes read)
[   10.131918] systemd[1]: Created slice system-systemd\x2dfsck.slice.
[   10.155901] random: systemd: uninitialized urandom read (16 bytes read)
[   10.162916] systemd[1]: Listening on Journal Socket.
[   10.181415] systemd[1]: Mounting Huge Pages File System...
[   10.770351] ------------[ cut here ]------------
[   10.770361] Enabling unprepared \xa0IY\x88\xff\xff\xff\xc0X\x88\xff\xff\xff
[   10.770409] WARNING: CPU: 2 PID: 130 at drivers/clk/clk.c:1012 clk_core_enable+0xa4/0xc0
[   10.770412] Modules linked in:
[   10.770423] CPU: 2 PID: 130 Comm: kworker/2:1H Not tainted 5.10.0-98103-g2aa7ac113716 #5577
[   10.770426] Hardware name: ZynqMP ZCU102 Rev1.0 (DT)
[   10.770435] Workqueue: kblockd blk_mq_run_work_fn
[   10.770443] pstate: 80000085 (Nzcv daIf -PAN -UAO -TCO BTYPE=--)
[   10.770448] pc : clk_core_enable+0xa4/0xc0
[   10.770454] lr : clk_core_enable+0xa4/0xc0
[   10.770457] sp : ffffffc012b632d0
[   10.770460] x29: ffffffc012b632d0 x28: ffffff8800330c10 
[   10.770466] x27: ffffff8800330d48 x26: 0000005000000101 
[   10.770473] x25: 000000027c046950 x24: 0000000000000001 
[   10.770479] x23: ffffff8801124380 x22: ffffff88010c3220 
[   10.770486] x21: ffffff880158c000 x20: ffffff880158c008 
[   10.770492] x19: ffffff880158c008 x18: 0000000000000030 
[   10.770499] x17: 0000000000000003 x16: 0000ae8288abf0e4 
[   10.770505] x15: ffffffffffff9c48 x14: ffffffc011d3b1a0 
[   10.770512] x13: ffffffc011d3b1c8 x12: 0000000000000672 
[   10.770518] x11: 0000000000000226 x10: ffffffc011d671c8 
[   10.770524] x9 : 00000000fffff800 x8 : ffffffc011d3b1c8 
[   10.770531] x7 : ffffffc011d671c8 x6 : 0000000000000001 
[   10.770537] x5 : ffffff887f7929e0 x4 : 0000000000000000 
[   10.770543] x3 : 0000000000000027 x2 : 0000000000000023 
[   10.770550] x1 : fd6b26e230b15300 x0 : 0000000000000000 
[   10.770556] Call trace:
[   10.770563]  clk_core_enable+0xa4/0xc0
[   10.770568]  clk_enable+0x2c/0x60
[   10.770574]  zynqmp_runtime_resume+0x24/0x84
[   10.770581]  pm_generic_runtime_resume+0x30/0x50
[   10.770587]  __genpd_runtime_resume+0x30/0xb0
[   10.770593]  genpd_runtime_resume+0x90/0x250
[   10.770599]  __rpm_callback+0x10c/0x1e0
[   10.770604]  rpm_callback+0x5c/0x84
[   10.770609]  rpm_resume+0x4a4/0x74c
[   10.770614]  __pm_runtime_resume+0x78/0xc4
[   10.770619]  spi_mem_access_start.isra.0+0x30/0x80
[   10.770623]  spi_mem_exec_op+0x3b0/0x424
[   10.770627]  spi_nor_read_sr+0x78/0xe0
[   10.770632]  spi_nor_wait_till_ready_with_timeout+0xb4/0x2f0
[   10.770637]  spi_nor_read+0x188/0x380
[   10.770642]  mtd_read_oob_std+0x78/0x84
[   10.770647]  mtd_read_oob+0x7c/0x134
[   10.770651]  mtd_read+0x48/0x7c
[   10.770657]  mtdblock_readsect+0x6c/0x150
[   10.770662]  mtd_queue_rq+0x2cc/0x5a0
[   10.770667]  blk_mq_dispatch_rq_list+0x110/0x790
[   10.770674]  __blk_mq_do_dispatch_sched+0x200/0x274
[   10.770680]  __blk_mq_sched_dispatch_requests+0x1a8/0x1fc
[   10.770685]  blk_mq_sched_dispatch_requests+0x3c/0x7c
[   10.770690]  __blk_mq_run_hw_queue+0x98/0x100
[   10.770695]  blk_mq_run_work_fn+0x24/0x30
[   10.770700]  process_one_work+0x1d4/0x380
[   10.770704]  worker_thread+0x78/0x4e0
[   10.770710]  kthread+0x124/0x130
[   10.770716]  ret_from_fork+0x10/0x3c
[   10.770719] ---[ end trace 77a29f79f5ec4967 ]---
[   10.770728] zynqmp-qspi ff0f0000.spi: Cannot enable APB clock.
[   10.770777] spi_master spi0: Failed to power device: -108
[   10.770787] blk_update_request: I/O error, dev mtdblock0, sector 8 op 0x0:(READ) flags 0x80700 phys_seg 1 prio class 0
[   10.770854] spi_master spi0: Failed to power device: -22
[   10.770861] blk_update_request: I/O error, dev mtdblock0, sector 8 op 0x0:(READ) flags 0x0 phys_seg 8 prio class 0
[   10.770866] Buffer I/O error on dev mtdblock0, logical block 8, async page read
[   10.770876] spi_master spi0: Failed to power device: -22
[   10.770882] blk_update_request: I/O error, dev mtdblock0, sector 9 op 0x0:(READ) flags 0x0 phys_seg 7 prio class 0
[   10.770885] Buffer I/O error on dev mtdblock0, logical block 9, async page read
[   10.770893] spi_master spi0: Failed to power device: -22
[   10.770898] blk_update_request: I/O error, dev mtdblock0, sector 10 op 0x0:(READ) flags 0x0 phys_seg 6 prio class 0
[   10.770902] Buffer I/O error on dev mtdblock0, logical block 10, async page read
[   10.770909] spi_master spi0: Failed to power device: -22
[   10.770914] blk_update_request: I/O error, dev mtdblock0, sector 11 op 0x0:(READ) flags 0x0 phys_seg 5 prio class 0
[   10.770918] Buffer I/O error on dev mtdblock0, logical block 11, async page read
[   10.770925] spi_master spi0: Failed to power device: -22
[   10.770931] blk_update_request: I/O error, dev mtdblock0, sector 12 op 0x0:(READ) flags 0x0 phys_seg 4 prio class 0
[   10.770935] Buffer I/O error on dev mtdblock0, logical block 12, async page read
[   10.770941] spi_master spi0: Failed to power device: -22
[   10.770947] blk_update_request: I/O error, dev mtdblock0, sector 13 op 0x0:(READ) flags 0x0 phys_seg 3 prio class 0
[   10.770951] Buffer I/O error on dev mtdblock0, logical block 13, async page read
[   10.770957] spi_master spi0: Failed to power device: -22
[   10.770963] blk_update_request: I/O error, dev mtdblock0, sector 14 op 0x0:(READ) flags 0x0 phys_seg 2 prio class 0
[   10.770967] Buffer I/O error on dev mtdblock0, logical block 14, async page read
[   10.770974] spi_master spi0: Failed to power device: -22
[   10.770979] blk_update_request: I/O error, dev mtdblock0, sector 15 op 0x0:(READ) flags 0x0 phys_seg 1 prio class 0
[   10.770983] Buffer I/O error on dev mtdblock0, logical block 15, async page read
[   10.771297] spi_master spi0: Failed to power device: -22
[   10.771304] blk_update_request: I/O error, dev mtdblock1, sector 10112 op 0x0:(READ) flags 0x80700 phys_seg 1 prio class 0
[   10.771349] spi_master spi0: Failed to power device: -22
[   10.771355] Buffer I/O error on dev mtdblock1, logical block 10112, async page read
[   10.771363] spi_master spi0: Failed to power device: -22
[   10.771368] Buffer I/O error on dev mtdblock1, logical block 10113, async page read
[   10.771375] spi_master spi0: Failed to power device: -22
[   10.771382] spi_master spi0: Failed to power device: -22
[   10.771390] spi_master spi0: Failed to power device: -22
[   10.771397] spi_master spi0: Failed to power device: -22
[   10.771404] spi_master spi0: Failed to power device: -22
[   10.771411] spi_master spi0: Failed to power device: -22
[   10.771649] spi_master spi0: Failed to power device: -22
[   10.771693] spi_master spi0: Failed to power device: -22
[   10.771702] spi_master spi0: Failed to power device: -22
[   10.771709] spi_master spi0: Failed to power device: -22
[   10.771717] spi_master spi0: Failed to power device: -22
[   10.771724] spi_master spi0: Failed to power device: -22
[   10.771731] spi_master spi0: Failed to power device: -22
[   10.771738] spi_master spi0: Failed to power device: -22
[   10.771778] spi_master spi0: Failed to power device: -22
[   10.772045] spi_master spi0: Failed to power device: -22
[   10.772091] spi_master spi0: Failed to power device: -22
[   10.772100] spi_master spi0: Failed to power device: -22
[   10.772108] spi_master spi0: Failed to power device: -22
[   10.772116] spi_master spi0: Failed to power device: -22
[   10.772123] spi_master spi0: Failed to power device: -22
[   10.772130] spi_master spi0: Failed to power device: -22
[   10.772138] spi_master spi0: Failed to power device: -22
[   10.772145] spi_master spi0: Failed to power device: -22
[   10.896340] EXT4-fs (mmcblk0p2): re-mounted. Opts: (null)
[   10.983560] systemd-journald[165]: Received request to flush runtime journal from PID 1
[   16.867187] macb ff0e0000.ethernet eth0: PHY [ff0e0000.ethernet-ffffffff:0c] driver [TI DP83867] (irq=POLL)
[   16.867200] macb ff0e0000.ethernet eth0: configuring for phy/rgmii-id link mode
[   17.175970] Adding 75772k swap on /var/swap.  Priority:-2 extents:1 across:75772k SS
[   18.879783] random: crng init done
[   18.879794] random: 7 urandom warning(s) missed due to ratelimiting
[   19.725958] broken atomic modeset userspace detected, disabling atomic
[   19.937386] macb ff0e0000.ethernet eth0: Link is Up - 1Gbps/Full - flow control off
[   19.937410] IPv6: ADDRCONF(NETDEV_CHANGE): eth0: link becomes ready
[   22.396692] broken atomic modeset userspace detected, disabling atomic
[   25.287131] broken atomic modeset userspace detected, disabling atomic
[   27.918569] broken atomic modeset userspace detected, disabling atomic