[    0.000000] Booting Linux on physical CPU 0x0000000000 [0x410fd034]
[    0.000000] Linux version 5.10.0-98103-g2aa7ac113716 (jenkins@romlxbuild1.adlk.analog.com) (aarch64-xilinx-linux-gcc.real (GCC) 10.2.0, GNU ld (GNU Binutils) 2.35.0.20200730) #5577 SMP Wed Mar 23 07:28:49 GMT 2022
[    0.000000] Machine model: ZynqMP ZCU102 Rev1.0
[    0.000000] earlycon: cdns0 at MMIO 0x00000000ff000000 (options '115200n8')
[    0.000000] printk: bootconsole [cdns0] enabled
[    0.000000] efi: UEFI not found.
[    0.000000] cma: Reserved 256 MiB at 0x0000000070000000
[    0.000000] Zone ranges:
[    0.000000]   DMA      [mem 0x0000000000000000-0x000000003fffffff]
[    0.000000]   DMA32    [mem 0x0000000040000000-0x00000000ffffffff]
[    0.000000]   Normal   [mem 0x0000000100000000-0x000000087fffffff]
[    0.000000] Movable zone start for each node
[    0.000000] Early memory node ranges
[    0.000000]   node   0: [mem 0x0000000000000000-0x000000007fffffff]
[    0.000000]   node   0: [mem 0x0000000800000000-0x000000087fffffff]
[    0.000000] Initmem setup node 0 [mem 0x0000000000000000-0x000000087fffffff]
[    0.000000] On node 0 totalpages: 1048576
[    0.000000]   DMA zone: 3584 pages used for memmap
[    0.000000]   DMA zone: 0 pages reserved
[    0.000000]   DMA zone: 262144 pages, LIFO batch:63
[    0.000000]   DMA32 zone: 3584 pages used for memmap
[    0.000000]   DMA32 zone: 262144 pages, LIFO batch:63
[    0.000000]   Normal zone: 7168 pages used for memmap
[    0.000000]   Normal zone: 524288 pages, LIFO batch:63
[    0.000000] psci: probing for conduit method from DT.
[    0.000000] psci: PSCIv1.1 detected in firmware.
[    0.000000] psci: Using standard PSCI v0.2 function IDs
[    0.000000] psci: MIGRATE_INFO_TYPE not supported.
[    0.000000] psci: SMC Calling Convention v1.2
[    0.000000] percpu: Embedded 22 pages/cpu s49496 r8192 d32424 u90112
[    0.000000] pcpu-alloc: s49496 r8192 d32424 u90112 alloc=22*4096
[    0.000000] pcpu-alloc: [0] 0 [0] 1 [0] 2 [0] 3 
[    0.000000] Detected VIPT I-cache on CPU0
[    0.000000] CPU features: detected: ARM erratum 845719
[    0.000000] Built 1 zonelists, mobility grouping on.  Total pages: 1034240
[    0.000000] Kernel command line: console=ttyPS0,115200 root=/dev/mmcblk0p2 rw earlycon rootfstype=ext4 rootwait clk_ignore_unused cpuidle.off=1 root=/dev/mmcblk0p2 rw rootwait
[    0.000000] Dentry cache hash table entries: 524288 (order: 10, 4194304 bytes, linear)
[    0.000000] Inode-cache hash table entries: 262144 (order: 9, 2097152 bytes, linear)
[    0.000000] mem auto-init: stack:off, heap alloc:off, heap free:off
[    0.000000] software IO TLB: mapped [mem 0x000000003bfff000-0x000000003ffff000] (64MB)
[    0.000000] Memory: 3761904K/4194304K available (15296K kernel code, 1636K rwdata, 11876K rodata, 2560K init, 507K bss, 170256K reserved, 262144K cma-reserved)
[    0.000000] rcu: Hierarchical RCU implementation.
[    0.000000] rcu: 	RCU event tracing is enabled.
[    0.000000] rcu: 	RCU restricting CPUs from NR_CPUS=8 to nr_cpu_ids=4.
[    0.000000] rcu: RCU calculated value of scheduler-enlistment delay is 25 jiffies.
[    0.000000] rcu: Adjusting geometry for rcu_fanout_leaf=16, nr_cpu_ids=4
[    0.000000] NR_IRQS: 64, nr_irqs: 64, preallocated irqs: 0
[    0.000000] GIC: Adjusting CPU interface base to 0x00000000f902f000
[    0.000000] GIC: Using split EOI/Deactivate mode
[    0.000000] random: get_random_bytes called from start_kernel+0x31c/0x54c with crng_init=0
[    0.000000] arch_timer: cp15 timer(s) running at 100.00MHz (phys).
[    0.000000] clocksource: arch_sys_counter: mask: 0xffffffffffffff max_cycles: 0x171024e7e0, max_idle_ns: 440795205315 ns
[    0.000004] sched_clock: 56 bits at 100MHz, resolution 10ns, wraps every 4398046511100ns
[    0.008462] Console: colour dummy device 80x25
[    0.012482] Calibrating delay loop (skipped), value calculated using timer frequency.. 200.00 BogoMIPS (lpj=400000)
[    0.022840] pid_max: default: 32768 minimum: 301
[    0.027549] Mount-cache hash table entries: 8192 (order: 4, 65536 bytes, linear)
[    0.034789] Mountpoint-cache hash table entries: 8192 (order: 4, 65536 bytes, linear)
[    0.043398] rcu: Hierarchical SRCU implementation.
[    0.047560] EFI services will not be available.
[    0.051940] smp: Bringing up secondary CPUs ...
[    0.056655] Detected VIPT I-cache on CPU1
[    0.056694] CPU1: Booted secondary processor 0x0000000001 [0x410fd034]
[    0.057059] Detected VIPT I-cache on CPU2
[    0.057083] CPU2: Booted secondary processor 0x0000000002 [0x410fd034]
[    0.057422] Detected VIPT I-cache on CPU3
[    0.057445] CPU3: Booted secondary processor 0x0000000003 [0x410fd034]
[    0.057491] smp: Brought up 1 node, 4 CPUs
[    0.091780] SMP: Total of 4 processors activated.
[    0.096452] CPU features: detected: 32-bit EL0 Support
[    0.101556] CPU features: detected: CRC32 instructions
[    0.106695] CPU: All CPU(s) started at EL2
[    0.110737] alternatives: patching kernel code
[    0.116170] devtmpfs: initialized
[    0.124067] Registered cp15_barrier emulation handler
[    0.124118] Registered setend emulation handler
[    0.128101] clocksource: jiffies: mask: 0xffffffff max_cycles: 0xffffffff, max_idle_ns: 7645041785100000 ns
[    0.137680] futex hash table entries: 1024 (order: 4, 65536 bytes, linear)
[    0.151042] pinctrl core: initialized pinctrl subsystem
[    0.151692] NET: Registered protocol family 16
[    0.156108] DMA: preallocated 512 KiB GFP_KERNEL pool for atomic allocations
[    0.162125] DMA: preallocated 512 KiB GFP_KERNEL|GFP_DMA pool for atomic allocations
[    0.169849] DMA: preallocated 512 KiB GFP_KERNEL|GFP_DMA32 pool for atomic allocations
[    0.177653] audit: initializing netlink subsys (disabled)
[    0.183106] audit: type=2000 audit(0.116:1): state=initialized audit_enabled=0 res=1
[    0.183451] hw-breakpoint: found 6 breakpoint and 4 watchpoint registers.
[    0.197481] ASID allocator initialised with 65536 entries
[    0.224360] HugeTLB registered 1.00 GiB page size, pre-allocated 0 pages
[    0.225412] HugeTLB registered 32.0 MiB page size, pre-allocated 0 pages
[    0.232083] HugeTLB registered 2.00 MiB page size, pre-allocated 0 pages
[    0.238745] HugeTLB registered 64.0 KiB page size, pre-allocated 0 pages
[    1.304312] DRBG: Continuing without Jitter RNG
[    1.382135] raid6: neonx8   gen()  2142 MB/s
[    1.450183] raid6: neonx8   xor()  1599 MB/s
[    1.518250] raid6: neonx4   gen()  2197 MB/s
[    1.586290] raid6: neonx4   xor()  1569 MB/s
[    1.654357] raid6: neonx2   gen()  2076 MB/s
[    1.722407] raid6: neonx2   xor()  1432 MB/s
[    1.790477] raid6: neonx1   gen()  1772 MB/s
[    1.858519] raid6: neonx1   xor()  1220 MB/s
[    1.926575] raid6: int64x8  gen()  1438 MB/s
[    1.994633] raid6: int64x8  xor()   771 MB/s
[    2.062711] raid6: int64x4  gen()  1599 MB/s
[    2.130762] raid6: int64x4  xor()   819 MB/s
[    2.198834] raid6: int64x2  gen()  1397 MB/s
[    2.266881] raid6: int64x2  xor()   749 MB/s
[    2.334948] raid6: int64x1  gen()  1034 MB/s
[    2.403008] raid6: int64x1  xor()   517 MB/s
[    2.403047] raid6: using algorithm neonx4 gen() 2197 MB/s
[    2.407004] raid6: .... xor() 1569 MB/s, rmw enabled
[    2.411935] raid6: using neon recovery algorithm
[    2.416944] iommu: Default domain type: Translated 
[    2.421561] SCSI subsystem initialized
[    2.425104] libata version 3.00 loaded.
[    2.425229] usbcore: registered new interface driver usbfs
[    2.430561] usbcore: registered new interface driver hub
[    2.435834] usbcore: registered new device driver usb
[    2.440966] mc: Linux media interface: v0.10
[    2.445084] videodev: Linux video capture interface: v2.00
[    2.450574] EDAC MC: Ver: 3.0.0
[    2.454015] zynqmp-ipi-mbox mailbox@ff990400: Registered ZynqMP IPI mbox with TX/RX channels.
[    2.462511] jesd204: created con: id=0, topo=0, link=0, /axi/spi@ff050000/hmc7044@0 <-> /fpga-axi@0/axi-adxcvr-tx@84b60000
[    2.473104] jesd204: created con: id=1, topo=0, link=2, /axi/spi@ff050000/hmc7044@0 <-> /fpga-axi@0/axi-adxcvr-rx@84a60000
[    2.484088] jesd204: created con: id=2, topo=0, link=0, /fpga-axi@0/axi-adxcvr-tx@84b60000 <-> /fpga-axi@0/axi-jesd204-tx@84b90000
[    2.495763] jesd204: created con: id=3, topo=0, link=2, /fpga-axi@0/axi-adxcvr-rx@84a60000 <-> /fpga-axi@0/axi-jesd204-rx@84a90000
[    2.507440] jesd204: created con: id=4, topo=0, link=0, /fpga-axi@0/axi-jesd204-tx@84b90000 <-> /fpga-axi@0/axi-ad9081-tx-hpc@84b10000
[    2.519468] jesd204: created con: id=5, topo=0, link=2, /fpga-axi@0/axi-jesd204-rx@84a90000 <-> /fpga-axi@0/axi-ad9081-rx-hpc@84a10000
[    2.531491] jesd204: created con: id=6, topo=0, link=2, /fpga-axi@0/axi-ad9081-rx-hpc@84a10000 <-> /axi/spi@ff040000/ad9081@0
[    2.542732] jesd204: created con: id=7, topo=0, link=0, /fpga-axi@0/axi-ad9081-tx-hpc@84b10000 <-> /axi/spi@ff040000/ad9081@0
[    2.553981] jesd204: /axi/spi@ff040000/ad9081@0: JESD204[2] transition uninitialized -> initialized
[    2.562968] jesd204: /axi/spi@ff040000/ad9081@0: JESD204[0] transition uninitialized -> initialized
[    2.571960] jesd204: found 8 devices and 1 topologies
[    2.577003] FPGA manager framework
[    2.580482] Advanced Linux Sound Architecture Driver Initialized.
[    2.586774] Bluetooth: Core ver 2.22
[    2.589963] NET: Registered protocol family 31
[    2.594364] Bluetooth: HCI device and connection manager initialized
[    2.600681] Bluetooth: HCI socket layer initialized
[    2.605523] Bluetooth: L2CAP socket layer initialized
[    2.610547] Bluetooth: SCO socket layer initialized
[    2.615730] clocksource: Switched to clocksource arch_sys_counter
[    2.621538] VFS: Disk quotas dquot_6.6.0
[    2.625374] VFS: Dquot-cache hash table entries: 512 (order 0, 4096 bytes)
[    2.636085] NET: Registered protocol family 2
[    2.636821] tcp_listen_portaddr_hash hash table entries: 2048 (order: 3, 32768 bytes, linear)
[    2.645014] TCP established hash table entries: 32768 (order: 6, 262144 bytes, linear)
[    2.653040] TCP bind hash table entries: 32768 (order: 7, 524288 bytes, linear)
[    2.660485] TCP: Hash tables configured (established 32768 bind 32768)
[    2.666659] UDP hash table entries: 2048 (order: 4, 65536 bytes, linear)
[    2.673324] UDP-Lite hash table entries: 2048 (order: 4, 65536 bytes, linear)
[    2.680485] NET: Registered protocol family 1
[    2.684938] RPC: Registered named UNIX socket transport module.
[    2.690562] RPC: Registered udp transport module.
[    2.695226] RPC: Registered tcp transport module.
[    2.699896] RPC: Registered tcp NFSv4.1 backchannel transport module.
[    2.706886] PCI: CLS 0 bytes, default 64
[    2.710593] hw perfevents: no interrupt-affinity property for /pmu, guessing.
[    2.717447] hw perfevents: enabled with armv8_pmuv3 PMU driver, 7 counters available
[    2.725801] Initialise system trusted keyrings
[    2.729475] workingset: timestamp_bits=62 max_order=20 bucket_order=0
[    2.736373] NFS: Registering the id_resolver key type
[    2.740826] Key type id_resolver registered
[    2.744964] Key type id_legacy registered
[    2.748953] nfs4filelayout_init: NFSv4 File Layout Driver Registering...
[    2.755619] jffs2: version 2.2. (NAND) (SUMMARY)  Â© 2001-2006 Red Hat, Inc.
[    2.798677] NET: Registered protocol family 38
[    2.798719] xor: measuring software checksum speed
[    2.806410]    8regs           :  2363 MB/sec
[    2.810078]    32regs          :  2799 MB/sec
[    2.815021]    arm64_neon      :  2380 MB/sec
[    2.815211] xor: using function: 32regs (2799 MB/sec)
[    2.820237] Key type asymmetric registered
[    2.824298] Asymmetric key parser 'x509' registered
[    2.829159] Block layer SCSI generic (bsg) driver version 0.4 loaded (major 248)
[    2.836496] io scheduler mq-deadline registered
[    2.840992] io scheduler kyber registered
[    2.870379] Serial: 8250/16550 driver, 4 ports, IRQ sharing disabled
[    2.875018] cacheinfo: Unable to detect cache hierarchy for CPU 0
[    2.881356] brd: module loaded
[    2.885495] loop: module loaded
[    2.886040] Registered mathworks_ip class
[    2.889389] libphy: Fixed MDIO Bus: probed
[    2.892374] tun: Universal TUN/TAP device driver, 1.6
[    2.896430] CAN device driver interface
[    2.900967] usbcore: registered new interface driver asix
[    2.905562] usbcore: registered new interface driver ax88179_178a
[    2.911596] usbcore: registered new interface driver cdc_ether
[    2.917390] usbcore: registered new interface driver net1080
[    2.923016] usbcore: registered new interface driver cdc_subset
[    2.928896] usbcore: registered new interface driver zaurus
[    2.934439] usbcore: registered new interface driver cdc_ncm
[    2.940840] ehci_hcd: USB 2.0 'Enhanced' Host Controller (EHCI) Driver
[    2.946526] ehci-pci: EHCI PCI platform driver
[    2.951322] usbcore: registered new interface driver uas
[    2.956241] usbcore: registered new interface driver usb-storage
[    2.962229] usbcore: registered new interface driver usbserial_generic
[    2.968680] usbserial: USB Serial support registered for generic
[    2.974653] usbcore: registered new interface driver ftdi_sio
[    2.980356] usbserial: USB Serial support registered for FTDI USB Serial Device
[    2.987633] usbcore: registered new interface driver upd78f0730
[    2.993504] usbserial: USB Serial support registered for upd78f0730
[    3.001157] rtc_zynqmp ffa60000.rtc: registered as rtc0
[    3.004929] rtc_zynqmp ffa60000.rtc: setting system clock to 2022-03-26T00:03:43 UTC (1648253023)
[    3.013792] i2c /dev entries driver
[    3.019095] usbcore: registered new interface driver uvcvideo
[    3.022905] USB Video Class driver (1.1.1)
[    3.028486] Bluetooth: HCI UART driver ver 2.3
[    3.031376] Bluetooth: HCI UART protocol H4 registered
[    3.036485] Bluetooth: HCI UART protocol BCSP registered
[    3.041775] Bluetooth: HCI UART protocol LL registered
[    3.046863] Bluetooth: HCI UART protocol ATH3K registered
[    3.052237] Bluetooth: HCI UART protocol Three-wire (H5) registered
[    3.058492] Bluetooth: HCI UART protocol Intel registered
[    3.063831] Bluetooth: HCI UART protocol QCA registered
[    3.069032] usbcore: registered new interface driver bcm203x
[    3.074652] usbcore: registered new interface driver bpa10x
[    3.080188] usbcore: registered new interface driver bfusb
[    3.085638] usbcore: registered new interface driver btusb
[    3.091101] usbcore: registered new interface driver ath3k
[    3.096585] EDAC MC: ECC not enabled
[    3.100210] EDAC DEVICE0: Giving out device to module zynqmp-ocm-edac controller zynqmp_ocm: DEV ff960000.memory-controller (INTERRUPT)
[    3.112524] sdhci: Secure Digital Host Controller Interface driver
[    3.118312] sdhci: Copyright(c) Pierre Ossman
[    3.122637] sdhci-pltfm: SDHCI platform and OF driver helper
[    3.128690] ledtrig-cpu: registered to indicate activity on CPUs
[    3.134241] SMCCC: SOC_ID: ARCH_SOC_ID not implemented, skipping ....
[    3.140668] zynqmp_firmware_probe Platform Management API v1.1
[    3.146428] zynqmp_firmware_probe Trustzone version v1.0
[    3.185979] zynqmp-pinctrl firmware:zynqmp-firmware:pinctrl: zynqmp pinctrl initialized
[    3.233976] zynqmp-aes firmware:zynqmp-firmware:zynqmp-aes: will run requests pump with realtime priority
[    3.249848] alg: No test for xilinx-keccak-384 (zynqmp-keccak-384)
[    3.250560] alg: No test for xilinx-zynqmp-rsa (zynqmp-rsa)
[    3.256076] usbcore: registered new interface driver usbhid
[    3.261464] usbhid: USB HID core driver
[    3.272712] axi_sysid 85000000.axi-sysid-0: AXI System ID core version (1.01.a) found
[    3.275062] axi_sysid 85000000.axi-sysid-0: [ad9081_fmca_ebz] on [zcu102] git branch <master> git <084d44c9780640ca93fd847b1d9ec70dd65f5c67> clean [2022-03-18 04:17:50] UTC
[    3.290751] fpga_manager fpga0: Xilinx ZynqMP FPGA Manager registered
[    3.297105] usbcore: registered new interface driver snd-usb-audio
[    3.304558] pktgen: Packet Generator for packet performance testing. Version: 2.75
[    3.310735] Initializing XFRM netlink socket
[    3.314590] NET: Registered protocol family 10
[    3.319309] Segment Routing with IPv6
[    3.322689] sit: IPv6, IPv4 and MPLS over IPv4 tunneling driver
[    3.328761] NET: Registered protocol family 17
[    3.332863] NET: Registered protocol family 15
[    3.337361] can: controller area network core
[    3.341614] NET: Registered protocol family 29
[    3.346001] can: raw protocol
[    3.348943] can: broadcast manager protocol
[    3.353093] can: netlink gateway - max_hops=1
[    3.357490] Bluetooth: RFCOMM TTY layer initialized
[    3.362268] Bluetooth: RFCOMM socket layer initialized
[    3.367376] Bluetooth: RFCOMM ver 1.11
[    3.371087] Bluetooth: BNEP (Ethernet Emulation) ver 1.3
[    3.376358] Bluetooth: BNEP filters: protocol multicast
[    3.381552] Bluetooth: BNEP socket layer initialized
[    3.386479] Bluetooth: HIDP (Human Interface Emulation) ver 1.2
[    3.392363] Bluetooth: HIDP socket layer initialized
[    3.397418] 9pnet: Installing 9P2000 support
[    3.401540] NET: Registered protocol family 36
[    3.405957] Key type dns_resolver registered
[    3.410386] registered taskstats version 1
[    3.414253] Loading compiled-in X.509 certificates
[    3.419367] Btrfs loaded, crc32c=crc32c-generic
[    3.431773] ff000000.serial: ttyPS0 at MMIO 0xff000000 (irq = 49, base_baud = 6249999) is a xuartps
[    3.440797] printk: console [ttyPS0] enabled
[    3.445092] printk: bootconsole [cdns0] disabled
[    3.454724] ff010000.serial: ttyPS1 at MMIO 0xff010000 (irq = 50, base_baud = 6249999) is a xuartps
[    3.467977] of-fpga-region fpga-full: FPGA Region probed
[    3.474923] nwl-pcie fd0e0000.pcie: host bridge /axi/pcie@fd0e0000 ranges:
[    3.481820] nwl-pcie fd0e0000.pcie:      MEM 0x00e0000000..0x00efffffff -> 0x00e0000000
[    3.489822] nwl-pcie fd0e0000.pcie:      MEM 0x0600000000..0x07ffffffff -> 0x0600000000
[    3.497884] nwl-pcie fd0e0000.pcie: Link is DOWN
[    3.502642] nwl-pcie fd0e0000.pcie: PCI host bridge to bus 0000:00
[    3.508819] pci_bus 0000:00: root bus resource [bus 00-ff]
[    3.514301] pci_bus 0000:00: root bus resource [mem 0xe0000000-0xefffffff]
[    3.521171] pci_bus 0000:00: root bus resource [mem 0x600000000-0x7ffffffff pref]
[    3.528675] pci 0000:00:00.0: [10ee:d021] type 01 class 0x060400
[    3.534731] pci 0000:00:00.0: PME# supported from D0 D1 D2 D3hot
[    3.545174] pci 0000:00:00.0: PCI bridge to [bus 01-0c]
[    3.551150] xilinx-zynqmp-dma fd500000.dma: ZynqMP DMA driver Probe success
[    3.558327] xilinx-zynqmp-dma fd510000.dma: ZynqMP DMA driver Probe success
[    3.565512] xilinx-zynqmp-dma fd520000.dma: ZynqMP DMA driver Probe success
[    3.572681] xilinx-zynqmp-dma fd530000.dma: ZynqMP DMA driver Probe success
[    3.579852] xilinx-zynqmp-dma fd540000.dma: ZynqMP DMA driver Probe success
[    3.587017] xilinx-zynqmp-dma fd550000.dma: ZynqMP DMA driver Probe success
[    3.594190] xilinx-zynqmp-dma fd560000.dma: ZynqMP DMA driver Probe success
[    3.601358] xilinx-zynqmp-dma fd570000.dma: ZynqMP DMA driver Probe success
[    3.608754] xilinx-zynqmp-dpdma fd4c0000.dma-controller: Xilinx DPDMA engine is probed
[    3.617301] ahci-ceva fd0c0000.ahci: supply ahci not found, using dummy regulator
[    3.624843] ahci-ceva fd0c0000.ahci: supply phy not found, using dummy regulator
[    3.715898] hmc7044 spi2.0: PLL1: Acquisition, CLKIN0 @ 122880000 Hz, PFD: 80 kHz - PLL2: Locked @ 2464.000000 MHz
[    3.726613] jesd204: /axi/spi@ff050000/hmc7044@0,jesd204:1,parent=spi2.0: Using as SYSREF provider
[    3.736197] spi-nor spi0.0: SPI-NOR-UniqueID 100000235394732200270025081115266e
[    3.743500] spi-nor spi0.0: found n25q512a, expected m25p80
[    3.749694] spi-nor spi0.0: trying to lock already unlocked area
[    3.755694] spi-nor spi0.0: n25q512a (131072 Kbytes)
[    3.760671] 4 fixed-partitions partitions found on MTD device spi0.0
[    3.767017] Creating 4 MTD partitions on "spi0.0":
[    3.771803] 0x000000000000-0x000000100000 : "qspi-fsbl-uboot"
[    3.778290] 0x000000100000-0x000000600000 : "qspi-linux"
[    3.784252] 0x000000600000-0x000000620000 : "qspi-device-tree"
[    3.790729] 0x000000620000-0x000000c00000 : "qspi-rootfs"
[    3.799201] macb ff0e0000.ethernet: Not enabling partial store and forward
[    3.806730] libphy: MACB_mii_bus: probed
[    3.811793] macb ff0e0000.ethernet eth0: Cadence GEM rev 0x50070106 at 0xff0e0000 irq 30 (00:0a:35:04:8e:1b)
[    3.822004] xilinx-axipmon ffa00000.perf-monitor: Probed Xilinx APM
[    3.828580] xilinx-axipmon fd0b0000.perf-monitor: Probed Xilinx APM
[    3.835099] xilinx-axipmon fd490000.perf-monitor: Probed Xilinx APM
[    3.841643] xilinx-axipmon ffa10000.perf-monitor: Probed Xilinx APM
[    3.851631] pca953x 0-0020: supply vcc not found, using dummy regulator
[    3.858319] pca953x 0-0020: using no AI
[    3.862807] gpio-496 (sel0): hogged as output/low
[    3.867706] gpio-497 (sel1): hogged as output/high
[    3.872694] gpio-498 (sel2): hogged as output/high
[    3.877682] gpio-499 (sel3): hogged as output/high
[    3.882863] pca953x 0-0021: supply vcc not found, using dummy regulator
[    3.889530] pca953x 0-0021: using no AI
[    3.895285] ina2xx 2-0040: power monitor ina226 (Rshunt = 5000 uOhm)
[    3.902318] ina2xx 2-0041: power monitor ina226 (Rshunt = 5000 uOhm)
[    3.909357] ina2xx 2-0042: power monitor ina226 (Rshunt = 5000 uOhm)
[    3.916394] ina2xx 2-0043: power monitor ina226 (Rshunt = 5000 uOhm)
[    3.923414] ina2xx 2-0044: power monitor ina226 (Rshunt = 5000 uOhm)
[    3.930435] ina2xx 2-0045: power monitor ina226 (Rshunt = 5000 uOhm)
[    3.937465] ina2xx 2-0046: power monitor ina226 (Rshunt = 5000 uOhm)
[    3.944542] ina2xx 2-0047: power monitor ina226 (Rshunt = 5000 uOhm)
[    3.951567] ina2xx 2-004a: power monitor ina226 (Rshunt = 5000 uOhm)
[    3.958608] ina2xx 2-004b: power monitor ina226 (Rshunt = 5000 uOhm)
[    3.965021] i2c i2c-0: Added multiplexed i2c bus 2
[    3.970411] random: fast init done
[    3.973885] ina2xx 3-0040: power monitor ina226 (Rshunt = 2000 uOhm)
[    3.980911] ina2xx 3-0041: power monitor ina226 (Rshunt = 5000 uOhm)
[    3.987939] ina2xx 3-0042: power monitor ina226 (Rshunt = 5000 uOhm)
[    3.994970] ina2xx 3-0043: power monitor ina226 (Rshunt = 5000 uOhm)
[    4.001995] ina2xx 3-0044: power monitor ina226 (Rshunt = 5000 uOhm)
[    4.009021] ina2xx 3-0045: power monitor ina226 (Rshunt = 5000 uOhm)
[    4.016056] ina2xx 3-0046: power monitor ina226 (Rshunt = 5000 uOhm)
[    4.023085] ina2xx 3-0047: power monitor ina226 (Rshunt = 5000 uOhm)
[    4.029485] i2c i2c-0: Added multiplexed i2c bus 3
[    4.085379] i2c i2c-0: Added multiplexed i2c bus 4
[    4.090323] i2c i2c-0: Added multiplexed i2c bus 5
[    4.095110] pca954x 0-0075: registered 4 multiplexed busses for I2C mux pca9544
[    4.102460] cdns-i2c ff020000.i2c: 400 kHz mmio ff020000 irq 32
[    4.110191] at24 6-0054: supply vcc not found, using dummy regulator
[    4.117088] at24 6-0054: 1024 byte 24c08 EEPROM, writable, 1 bytes/write
[    4.123840] i2c i2c-1: Added multiplexed i2c bus 6
[    4.130268] si5341 7-0036: Chip: 5341 Grade: 1 Rev: 1
[    4.167983] i2c i2c-1: Added multiplexed i2c bus 7
[    4.175631] si570 8-005d: registered, current frequency 300000000 Hz
[    4.182029] i2c i2c-1: Added multiplexed i2c bus 8
[    4.201806] si570 9-005d: registered, current frequency 148500000 Hz
[    4.208208] i2c i2c-1: Added multiplexed i2c bus 9
[    4.213246] si5324 10-0069: si5328 probed
[    4.280095] si5324 10-0069: si5328 probe successful
[    4.285019] i2c i2c-1: Added multiplexed i2c bus 10
[    4.290047] i2c i2c-1: Added multiplexed i2c bus 11
[    4.295074] i2c i2c-1: Added multiplexed i2c bus 12
[    4.300094] i2c i2c-1: Added multiplexed i2c bus 13
[    4.304966] pca954x 1-0074: registered 8 multiplexed busses for I2C switch pca9548
[    4.313078] at24 14-0050: supply vcc not found, using dummy regulator
[    4.319871] at24 14-0050: 256 byte 24c02 EEPROM, writable, 1 bytes/write
[    4.326618] i2c i2c-1: Added multiplexed i2c bus 14
[    4.331659] i2c i2c-1: Added multiplexed i2c bus 15
[    4.336691] i2c i2c-1: Added multiplexed i2c bus 16
[    4.341728] i2c i2c-1: Added multiplexed i2c bus 17
[    4.346758] i2c i2c-1: Added multiplexed i2c bus 18
[    4.351807] i2c i2c-1: Added multiplexed i2c bus 19
[    4.356844] i2c i2c-1: Added multiplexed i2c bus 20
[    4.361885] i2c i2c-1: Added multiplexed i2c bus 21
[    4.366759] pca954x 1-0075: registered 8 multiplexed busses for I2C switch pca9548
[    4.374367] cdns-i2c ff030000.i2c: 400 kHz mmio ff030000 irq 33
[    4.384114] cdns-wdt fd4d0000.watchdog: Xilinx Watchdog Timer with timeout 60s
[    4.395058] axi_adxcvr 84a60000.axi-adxcvr-rx: AXI-ADXCVR-RX (17.05.a) using CPLL on GTH4 at 0x84A60000. Number of lanes: 4.
[    4.407237] axi_adxcvr 84b60000.axi-adxcvr-tx: AXI-ADXCVR-TX (17.05.a) using QPLL on GTH4 at 0x84B60000. Number of lanes: 4.
[    4.418856] axi-jesd204-rx 84a90000.axi-jesd204-rx: AXI-JESD204-RX (1.07.a) at 0x84A90000. Encoder 8b10b, width 4/4, lanes 4, jesd204-fsm.
[    4.426144] mmc0: SDHCI controller on ff170000.mmc [ff170000.mmc] using ADMA 64-bit
[    4.431700] axi-jesd204-tx 84b90000.axi-jesd204-tx: AXI-JESD204-TX (1.06.a) at 0x84B90000. Encoder 8b10b, width 4/4, lanes 4, jesd204-fsm.
[    4.452423] zynqmp-display fd4a0000.display: vtc bridge property not present
[    4.462082] xilinx-dp-snd-codec fd4a0000.display:zynqmp_dp_snd_codec0: Failed to get required clock freq
[    4.471589] xilinx-dp-snd-codec: probe of fd4a0000.display:zynqmp_dp_snd_codec0 failed with error -22
[    4.473514] mmc0: new high speed SDHC card at address 0001
[    4.481127] xilinx-dp-snd-pcm zynqmp_dp_snd_pcm0: Xilinx DisplayPort Sound PCM probed
[    4.486643] mmcblk0: mmc0:0001 EB1QT 29.8 GiB 
[    4.494446] xilinx-dp-snd-pcm zynqmp_dp_snd_pcm1: Xilinx DisplayPort Sound PCM probed
[    4.499844]  mmcblk0: p1 p2 p3
[    4.506748] OF: graph: no port node found in /axi/display@fd4a0000
[    4.515822] xlnx-drm xlnx-drm.0: bound fd4a0000.display (ops 0xffffffc010fcbdb8)
[    5.599745] zynqmp-display fd4a0000.display: [drm] Cannot find any crtc or sizes
[    5.607359] [drm] Initialized xlnx 1.0.0 20130509 for fd4a0000.display on minor 0
[    5.614850] zynqmp-display fd4a0000.display: ZynqMP DisplayPort Subsystem driver probed
[    5.623175] ahci-ceva fd0c0000.ahci: supply ahci not found, using dummy regulator
[    5.630720] ahci-ceva fd0c0000.ahci: supply phy not found, using dummy regulator
[    5.638169] ahci-ceva fd0c0000.ahci: supply target not found, using dummy regulator
[    5.656068] ahci-ceva fd0c0000.ahci: AHCI 0001.0301 32 slots 2 ports 6 Gbps 0x3 impl platform mode
[    5.665029] ahci-ceva fd0c0000.ahci: flags: 64bit ncq sntf pm clo only pmp fbs pio slum part ccc sds apst 
[    5.675649] scsi host0: ahci-ceva
[    5.679254] scsi host1: ahci-ceva
[    5.682682] ata1: SATA max UDMA/133 mmio [mem 0xfd0c0000-0xfd0c1fff] port 0x100 irq 45
[    5.690595] ata2: SATA max UDMA/133 mmio [mem 0xfd0c0000-0xfd0c1fff] port 0x180 irq 45
[    5.699197] ad9081 spi1.0: supply vdd not found, using dummy regulator
[    6.009947] ata1: SATA link down (SStatus 0 SControl 330)
[    6.015367] ata2: SATA link down (SStatus 0 SControl 330)
[    6.683749] zynqmp-display fd4a0000.display: [drm] Cannot find any crtc or sizes
[    7.520100] ad9081 spi1.0: AD9081 Rev. 2 Grade 10 (API 1.2.2) probed
[    7.527294] xhci-hcd xhci-hcd.1.auto: xHCI Host Controller
[    7.532794] xhci-hcd xhci-hcd.1.auto: new USB bus registered, assigned bus number 1
[    7.540539] xhci-hcd xhci-hcd.1.auto: hcc params 0x0238f625 hci version 0x100 quirks 0x0000000002010810
[    7.549959] xhci-hcd xhci-hcd.1.auto: irq 59, io mem 0xfe200000
[    7.556070] usb usb1: New USB device found, idVendor=1d6b, idProduct=0002, bcdDevice= 5.10
[    7.564333] usb usb1: New USB device strings: Mfr=3, Product=2, SerialNumber=1
[    7.571550] usb usb1: Product: xHCI Host Controller
[    7.576418] usb usb1: Manufacturer: Linux 5.10.0-98103-g2aa7ac113716 xhci-hcd
[    7.583543] usb usb1: SerialNumber: xhci-hcd.1.auto
[    7.588713] hub 1-0:1.0: USB hub found
[    7.592478] hub 1-0:1.0: 1 port detected
[    7.596578] xhci-hcd xhci-hcd.1.auto: xHCI Host Controller
[    7.602064] xhci-hcd xhci-hcd.1.auto: new USB bus registered, assigned bus number 2
[    7.609720] xhci-hcd xhci-hcd.1.auto: Host supports USB 3.0 SuperSpeed
[    7.616340] usb usb2: New USB device found, idVendor=1d6b, idProduct=0003, bcdDevice= 5.10
[    7.624604] usb usb2: New USB device strings: Mfr=3, Product=2, SerialNumber=1
[    7.631824] usb usb2: Product: xHCI Host Controller
[    7.636692] usb usb2: Manufacturer: Linux 5.10.0-98103-g2aa7ac113716 xhci-hcd
[    7.643818] usb usb2: SerialNumber: xhci-hcd.1.auto
[    7.648927] hub 2-0:1.0: USB hub found
[    7.652689] hub 2-0:1.0: 1 port detected
[    7.682807] cf_axi_adc 84a10000.axi-ad9081-rx-hpc: ADI AIM (10.01.b) at 0x84A10000 mapped to 0x(____ptrval____), probed ADC AD9081 as MASTER
[    7.716574] cf_axi_dds 84b10000.axi-ad9081-tx-hpc: Analog Devices CF_AXI_DDS_DDS MASTER (9.01.b) at 0x84B10000 mapped to 0x(____ptrval____), probed DDS AD9081
[    7.730772] jesd204: /axi/spi@ff040000/ad9081@0,jesd204:0,parent=spi1.0: JESD204[2] transition initialized -> probed
[    7.741295] jesd204: /axi/spi@ff040000/ad9081@0,jesd204:0,parent=spi1.0: JESD204[0] transition initialized -> probed
[    7.751818] jesd204: /axi/spi@ff040000/ad9081@0,jesd204:0,parent=spi1.0: JESD204[2] transition probed -> idle
[    7.761725] jesd204: /axi/spi@ff040000/ad9081@0,jesd204:0,parent=spi1.0: JESD204[0] transition probed -> idle
[    7.771640] jesd204: /axi/spi@ff040000/ad9081@0,jesd204:0,parent=spi1.0: JESD204[2] transition idle -> device_init
[    7.781983] jesd204: /axi/spi@ff040000/ad9081@0,jesd204:0,parent=spi1.0: JESD204[0] transition idle -> device_init
[    7.792339] jesd204: /axi/spi@ff040000/ad9081@0,jesd204:0,parent=spi1.0: JESD204[2] transition device_init -> link_init
[    7.803119] jesd204: /axi/spi@ff040000/ad9081@0,jesd204:0,parent=spi1.0: JESD204[0] transition device_init -> link_init
[    7.813910] jesd204: /axi/spi@ff040000/ad9081@0,jesd204:0,parent=spi1.0: JESD204[2] transition link_init -> link_supported
[    7.824950] jesd204: /axi/spi@ff040000/ad9081@0,jesd204:0,parent=spi1.0: JESD204[0] transition link_init -> link_supported
[    7.836356] hmc7044 spi2.0: hmc7044_jesd204_link_pre_setup: Link2 forcing continuous SYSREF mode
[    7.845534] jesd204: /axi/spi@ff040000/ad9081@0,jesd204:0,parent=spi1.0: JESD204[2] transition link_supported -> link_pre_setup
[    7.857007] jesd204: /axi/spi@ff040000/ad9081@0,jesd204:0,parent=spi1.0: JESD204[0] transition link_supported -> link_pre_setup
[    7.880817] jesd204: /axi/spi@ff040000/ad9081@0,jesd204:0,parent=spi1.0: JESD204[2] transition link_pre_setup -> clk_sync_stage1
[    7.892376] jesd204: /axi/spi@ff040000/ad9081@0,jesd204:0,parent=spi1.0: JESD204[0] transition link_pre_setup -> clk_sync_stage1
[    7.903949] jesd204: /axi/spi@ff040000/ad9081@0,jesd204:0,parent=spi1.0: JESD204[2] transition clk_sync_stage1 -> clk_sync_stage2
[    7.915594] jesd204: /axi/spi@ff040000/ad9081@0,jesd204:0,parent=spi1.0: JESD204[0] transition clk_sync_stage1 -> clk_sync_stage2
[    7.927247] jesd204: /axi/spi@ff040000/ad9081@0,jesd204:0,parent=spi1.0: JESD204[2] transition clk_sync_stage2 -> clk_sync_stage3
[    7.938890] jesd204: /axi/spi@ff040000/ad9081@0,jesd204:0,parent=spi1.0: JESD204[0] transition clk_sync_stage2 -> clk_sync_stage3
[    7.952627] jesd204: /axi/spi@ff040000/ad9081@0,jesd204:0,parent=spi1.0: JESD204[2] transition clk_sync_stage3 -> link_setup
[    7.963839] jesd204: /axi/spi@ff040000/ad9081@0,jesd204:0,parent=spi1.0: JESD204[0] transition clk_sync_stage3 -> link_setup
[    7.979945] jesd204: /axi/spi@ff040000/ad9081@0,jesd204:0,parent=spi1.0: JESD204[2] transition link_setup -> opt_setup_stage1
[    7.991251] jesd204: /axi/spi@ff040000/ad9081@0,jesd204:0,parent=spi1.0: JESD204[0] transition link_setup -> opt_setup_stage1
[    8.007586] jesd204: /axi/spi@ff040000/ad9081@0,jesd204:0,parent=spi1.0: JESD204[2] transition opt_setup_stage1 -> opt_setup_stage2
[    8.019409] jesd204: /axi/spi@ff040000/ad9081@0,jesd204:0,parent=spi1.0: JESD204[0] transition opt_setup_stage1 -> opt_setup_stage2
[    8.031381] jesd204: /axi/spi@ff040000/ad9081@0,jesd204:0,parent=spi1.0: JESD204[2] transition opt_setup_stage2 -> opt_setup_stage3
[    8.043202] jesd204: /axi/spi@ff040000/ad9081@0,jesd204:0,parent=spi1.0: JESD204[0] transition opt_setup_stage2 -> opt_setup_stage3
[    8.055024] jesd204: /axi/spi@ff040000/ad9081@0,jesd204:0,parent=spi1.0: JESD204[2] transition opt_setup_stage3 -> opt_setup_stage4
[    8.066848] jesd204: /axi/spi@ff040000/ad9081@0,jesd204:0,parent=spi1.0: JESD204[0] transition opt_setup_stage3 -> opt_setup_stage4
[    8.078672] jesd204: /axi/spi@ff040000/ad9081@0,jesd204:0,parent=spi1.0: JESD204[2] transition opt_setup_stage4 -> opt_setup_stage5
[    8.090496] jesd204: /axi/spi@ff040000/ad9081@0,jesd204:0,parent=spi1.0: JESD204[0] transition opt_setup_stage4 -> opt_setup_stage5
[    8.106427] jesd204: /axi/spi@ff040000/ad9081@0,jesd204:0,parent=spi1.0: JESD204[2] transition opt_setup_stage5 -> clocks_enable
[    8.117988] jesd204: /axi/spi@ff040000/ad9081@0,jesd204:0,parent=spi1.0: JESD204[0] transition opt_setup_stage5 -> clocks_enable
[    8.164862] axi_adxcvr 84a60000.axi-adxcvr-rx: adxcvr_clk_enable: CPLL RX buffer underflow error, status: 0x61
[    8.174848] axi_adxcvr 84a60000.axi-adxcvr-rx: adxcvr_clk_enable: CPLL RX buffer overflow error, status: 0x61
[    8.184837] jesd204: /axi/spi@ff040000/ad9081@0,jesd204:0,parent=spi1.0: JESD204[2] transition clocks_enable -> link_enable
[    8.195968] jesd204: /axi/spi@ff040000/ad9081@0,jesd204:0,parent=spi1.0: JESD204[0] transition clocks_enable -> link_enable
[    8.227975] ad9081 spi1.0: JESD RX (JTX) Link2 in DATA, SYNC deasserted, PLL locked, PHASE established, MODE valid
[    8.238605] ad9081 spi1.0: JESD TX (JRX) Link0 0xF lanes in DATA
[    8.244612] jesd204: /axi/spi@ff040000/ad9081@0,jesd204:0,parent=spi1.0: JESD204[2] transition link_enable -> link_running
[    8.255649] jesd204: /axi/spi@ff040000/ad9081@0,jesd204:0,parent=spi1.0: JESD204[0] transition link_enable -> link_running
[    8.266696] jesd204: /axi/spi@ff040000/ad9081@0,jesd204:0,parent=spi1.0: JESD204[2] transition link_running -> opt_post_running_stage
[    8.278686] jesd204: /axi/spi@ff040000/ad9081@0,jesd204:0,parent=spi1.0: JESD204[0] transition link_running -> opt_post_running_stage
[    8.299988] input: gpio-keys as /devices/platform/gpio-keys/input/input0
[    8.307003] of_cfs_init
[    8.309468] of_cfs_init: OK
[    8.312409] cfg80211: Loading compiled-in X.509 certificates for regulatory database
[    8.480978] cfg80211: Loaded X.509 cert 'sforshee: 00b28ddf47aef9cea7'
[    8.487504] clk: Not disabling unused clocks
[    8.492037] ALSA device list:
[    8.494990]   No soundcards found.
[    8.498662] platform regulatory.0: Direct firmware load for regulatory.db failed with error -2
[    8.507267] cfg80211: failed to load regulatory.db
[    8.516744] random: crng init done
[    8.522593] EXT4-fs (mmcblk0p2): mounted filesystem with ordered data mode. Opts: (null)
[    8.530707] VFS: Mounted root (ext4 filesystem) on device 179:2.
[    8.544628] devtmpfs: mounted
[    8.548487] Freeing unused kernel memory: 2560K
[    8.567792] Run /sbin/init as init process
[    8.571884]   with arguments:
[    8.571887]     /sbin/init
[    8.571889]   with environment:
[    8.571891]     HOME=/
[    8.571893]     TERM=linux
[    9.176666] systemd[1]: systemd 241 running in system mode. (+PAM +AUDIT +SELINUX +IMA +APPARMOR +SMACK +SYSVINIT +UTMP +LIBCRYPTSETUP +GCRYPT +GNUTLS +ACL +XZ +LZ4 +SECCOMP +BLKID +ELFUTILS +KMOD -IDN2 +IDN -PCRE2 default-hierarchy=hybrid)
[    9.198572] systemd[1]: Detected architecture arm64.
[    9.224509] systemd[1]: Set hostname to <analog>.
[    9.421729] systemd[1]: File /lib/systemd/system/systemd-journald.service:12 configures an IP firewall (IPAddressDeny=any), but the local system does not support BPF/cgroup based firewalling.
[    9.438785] systemd[1]: Proceeding WITHOUT firewalling in effect! (This warning is only shown for the first loaded unit using IP firewalling.)
[    9.607927] systemd[1]: /etc/systemd/system/tof-server.service:1: Assignment outside of section. Ignoring.
[    9.617625] systemd[1]: /etc/systemd/system/tof-server.service:2: Assignment outside of section. Ignoring.
[    9.816203] systemd[1]: Listening on Journal Audit Socket.
[    9.836153] systemd[1]: Listening on Journal Socket.
[    9.852599] systemd[1]: Condition check resulted in Create list of required static device nodes for the current kernel being skipped.
[   10.422699] ------------[ cut here ]------------
[   10.422708] Enabling unprepared \xa0\xe9Q\x88\xff\xff\xffpQ\x88\xff\xff\xff
[   10.422753] WARNING: CPU: 3 PID: 27 at drivers/clk/clk.c:1012 clk_core_enable+0xa4/0xc0
[   10.422757] Modules linked in:
[   10.422767] CPU: 3 PID: 27 Comm: kworker/3:0H Not tainted 5.10.0-98103-g2aa7ac113716 #5577
[   10.422770] Hardware name: ZynqMP ZCU102 Rev1.0 (DT)
[   10.422779] Workqueue: kblockd blk_mq_run_work_fn
[   10.422787] pstate: 80000085 (Nzcv daIf -PAN -UAO -TCO BTYPE=--)
[   10.422793] pc : clk_core_enable+0xa4/0xc0
[   10.422798] lr : clk_core_enable+0xa4/0xc0
[   10.422801] sp : ffffffc01209b2d0
[   10.422803] x29: ffffffc01209b2d0 x28: ffffff8800330c10 
[   10.422810] x27: ffffff8800330d48 x26: 0000005000000101 
[   10.422817] x25: 00000002674c23b8 x24: 0000000000000001 
[   10.422823] x23: ffffff88010e9380 x22: ffffff8801083220 
[   10.422830] x21: ffffff8801517000 x20: ffffff8801517008 
[   10.422837] x19: ffffff8801517008 x18: 0000000000000030 
[   10.422843] x17: 0000187bdc17b751 x16: 0000000000000009 
[   10.422850] x15: ffffffffffff86d0 x14: ffffffc011d3b1a0 
[   10.422856] x13: ffffffc011d3b1c8 x12: 00000000000005e5 
[   10.422862] x11: 00000000000001f7 x10: ffffffc011d671c8 
[   10.422869] x9 : 00000000fffff800 x8 : ffffffc011d3b1c8 
[   10.422875] x7 : ffffffc011d671c8 x6 : 0000000000000001 
[   10.422882] x5 : ffffff887f7a89e0 x4 : 0000000000000000 
[   10.422888] x3 : 0000000000000027 x2 : 0000000000000023 
[   10.422894] x1 : 9dad03a1f3035b00 x0 : 0000000000000000 
[   10.422901] Call trace:
[   10.422907]  clk_core_enable+0xa4/0xc0
[   10.422912]  clk_enable+0x2c/0x60
[   10.422918]  zynqmp_runtime_resume+0x24/0x84
[   10.422925]  pm_generic_runtime_resume+0x30/0x50
[   10.422931]  __genpd_runtime_resume+0x30/0xb0
[   10.422937]  genpd_runtime_resume+0x90/0x250
[   10.422943]  __rpm_callback+0x10c/0x1e0
[   10.422948]  rpm_callback+0x5c/0x84
[   10.422953]  rpm_resume+0x4a4/0x74c
[   10.422958]  __pm_runtime_resume+0x78/0xc4
[   10.422962]  spi_mem_access_start.isra.0+0x30/0x80
[   10.422966]  spi_mem_exec_op+0x3b0/0x424
[   10.422971]  spi_nor_read_sr+0x78/0xe0
[   10.422976]  spi_nor_wait_till_ready_with_timeout+0xb4/0x2f0
[   10.422981]  spi_nor_read+0x188/0x380
[   10.422986]  mtd_read_oob_std+0x78/0x84
[   10.422990]  mtd_read_oob+0x7c/0x134
[   10.422995]  mtd_read+0x48/0x7c
[   10.423001]  mtdblock_readsect+0x6c/0x150
[   10.423006]  mtd_queue_rq+0x2cc/0x5a0
[   10.423012]  blk_mq_dispatch_rq_list+0x110/0x790
[   10.423019]  __blk_mq_do_dispatch_sched+0x200/0x274
[   10.423024]  __blk_mq_sched_dispatch_requests+0x1a8/0x1fc
[   10.423030]  blk_mq_sched_dispatch_requests+0x3c/0x7c
[   10.423035]  __blk_mq_run_hw_queue+0x98/0x100
[   10.423039]  blk_mq_run_work_fn+0x24/0x30
[   10.423045]  process_one_work+0x1d4/0x380
[   10.423049]  worker_thread+0x78/0x4e0
[   10.423054]  kthread+0x124/0x130
[   10.423060]  ret_from_fork+0x10/0x3c
[   10.423064] ---[ end trace 9406109b53a684d5 ]---
[   10.423072] zynqmp-qspi ff0f0000.spi: Cannot enable APB clock.
[   10.423120] spi_master spi0: Failed to power device: -108
[   10.423130] blk_update_request: I/O error, dev mtdblock0, sector 8 op 0x0:(READ) flags 0x80700 phys_seg 1 prio class 0
[   10.423204] spi_master spi0: Failed to power device: -22
[   10.423211] blk_update_request: I/O error, dev mtdblock0, sector 8 op 0x0:(READ) flags 0x0 phys_seg 8 prio class 0
[   10.423217] Buffer I/O error on dev mtdblock0, logical block 8, async page read
[   10.423226] spi_master spi0: Failed to power device: -22
[   10.423236] blk_update_request: I/O error, dev mtdblock0, sector 9 op 0x0:(READ) flags 0x0 phys_seg 7 prio class 0
[   10.423240] Buffer I/O error on dev mtdblock0, logical block 9, async page read
[   10.423247] spi_master spi0: Failed to power device: -22
[   10.423253] blk_update_request: I/O error, dev mtdblock0, sector 10 op 0x0:(READ) flags 0x0 phys_seg 6 prio class 0
[   10.423257] Buffer I/O error on dev mtdblock0, logical block 10, async page read
[   10.423263] spi_master spi0: Failed to power device: -22
[   10.423269] blk_update_request: I/O error, dev mtdblock0, sector 11 op 0x0:(READ) flags 0x0 phys_seg 5 prio class 0
[   10.423273] Buffer I/O error on dev mtdblock0, logical block 11, async page read
[   10.423280] spi_master spi0: Failed to power device: -22
[   10.423286] blk_update_request: I/O error, dev mtdblock0, sector 12 op 0x0:(READ) flags 0x0 phys_seg 4 prio class 0
[   10.423290] Buffer I/O error on dev mtdblock0, logical block 12, async page read
[   10.423297] spi_master spi0: Failed to power device: -22
[   10.423302] blk_update_request: I/O error, dev mtdblock0, sector 13 op 0x0:(READ) flags 0x0 phys_seg 3 prio class 0
[   10.423306] Buffer I/O error on dev mtdblock0, logical block 13, async page read
[   10.423313] spi_master spi0: Failed to power device: -22
[   10.423318] blk_update_request: I/O error, dev mtdblock0, sector 14 op 0x0:(READ) flags 0x0 phys_seg 2 prio class 0
[   10.423322] Buffer I/O error on dev mtdblock0, logical block 14, async page read
[   10.423329] spi_master spi0: Failed to power device: -22
[   10.423334] blk_update_request: I/O error, dev mtdblock0, sector 15 op 0x0:(READ) flags 0x0 phys_seg 1 prio class 0
[   10.423338] Buffer I/O error on dev mtdblock0, logical block 15, async page read
[   10.423706] spi_master spi0: Failed to power device: -22
[   10.423713] blk_update_request: I/O error, dev mtdblock1, sector 10112 op 0x0:(READ) flags 0x80700 phys_seg 1 prio class 0
[   10.423785] spi_master spi0: Failed to power device: -22
[   10.423791] Buffer I/O error on dev mtdblock1, logical block 10112, async page read
[   10.423802] spi_master spi0: Failed to power device: -22
[   10.423809] Buffer I/O error on dev mtdblock1, logical block 10113, async page read
[   10.423816] spi_master spi0: Failed to power device: -22
[   10.423824] spi_master spi0: Failed to power device: -22
[   10.423832] spi_master spi0: Failed to power device: -22
[   10.423839] spi_master spi0: Failed to power device: -22
[   10.423847] spi_master spi0: Failed to power device: -22
[   10.423854] spi_master spi0: Failed to power device: -22
[   10.424178] spi_master spi0: Failed to power device: -22
[   10.424229] spi_master spi0: Failed to power device: -22
[   10.424238] spi_master spi0: Failed to power device: -22
[   10.424246] spi_master spi0: Failed to power device: -22
[   10.424254] spi_master spi0: Failed to power device: -22
[   10.424265] spi_master spi0: Failed to power device: -22
[   10.424273] spi_master spi0: Failed to power device: -22
[   10.424280] spi_master spi0: Failed to power device: -22
[   10.424288] spi_master spi0: Failed to power device: -22
[   10.424609] spi_master spi0: Failed to power device: -22
[   10.424658] spi_master spi0: Failed to power device: -22
[   10.424668] spi_master spi0: Failed to power device: -22
[   10.424676] spi_master spi0: Failed to power device: -22
[   10.424687] spi_master spi0: Failed to power device: -22
[   10.424694] spi_master spi0: Failed to power device: -22
[   10.424702] spi_master spi0: Failed to power device: -22
[   10.424709] spi_master spi0: Failed to power device: -22
[   10.424716] spi_master spi0: Failed to power device: -22
[   10.557032] EXT4-fs (mmcblk0p2): re-mounted. Opts: (null)
[   10.647482] systemd-journald[149]: Received request to flush runtime journal from PID 1
[   17.207490] macb ff0e0000.ethernet eth0: PHY [ff0e0000.ethernet-ffffffff:0c] driver [TI DP83867] (irq=POLL)
[   17.207508] macb ff0e0000.ethernet eth0: configuring for phy/rgmii-id link mode
[   17.529468] Adding 101372k swap on /var/swap.  Priority:-2 extents:2 across:666620k SS
[   20.289395] macb ff0e0000.ethernet eth0: Link is Up - 1Gbps/Full - flow control off
[   20.289438] IPv6: ADDRCONF(NETDEV_CHANGE): eth0: link becomes ready
[   20.328817] broken atomic modeset userspace detected, disabling atomic
[   23.280583] broken atomic modeset userspace detected, disabling atomic
[   26.377413] broken atomic modeset userspace detected, disabling atomic
[   29.054650] broken atomic modeset userspace detected, disabling atomic