[    0.000000] Booting Linux on physical CPU 0x0000000000 [0x410fd034]
[    0.000000] Linux version 5.10.0-98103-g2aa7ac113716 (jenkins@romlxbuild1.adlk.analog.com) (aarch64-xilinx-linux-gcc.real (GCC) 10.2.0, GNU ld (GNU Binutils) 2.35.0.20200730) #5577 SMP Wed Mar 23 07:28:49 GMT 2022
[    0.000000] Machine model: ZynqMP ZCU102 Rev1.0
[    0.000000] earlycon: cdns0 at MMIO 0x00000000ff000000 (options '115200n8')
[    0.000000] printk: bootconsole [cdns0] enabled
[    0.000000] efi: UEFI not found.
[    0.000000] cma: Reserved 256 MiB at 0x0000000070000000
[    0.000000] Zone ranges:
[    0.000000]   DMA      [mem 0x0000000000000000-0x000000003fffffff]
[    0.000000]   DMA32    [mem 0x0000000040000000-0x00000000ffffffff]
[    0.000000]   Normal   [mem 0x0000000100000000-0x000000087fffffff]
[    0.000000] Movable zone start for each node
[    0.000000] Early memory node ranges
[    0.000000]   node   0: [mem 0x0000000000000000-0x000000007fffffff]
[    0.000000]   node   0: [mem 0x0000000800000000-0x000000087fffffff]
[    0.000000] Initmem setup node 0 [mem 0x0000000000000000-0x000000087fffffff]
[    0.000000] On node 0 totalpages: 1048576
[    0.000000]   DMA zone: 3584 pages used for memmap
[    0.000000]   DMA zone: 0 pages reserved
[    0.000000]   DMA zone: 262144 pages, LIFO batch:63
[    0.000000]   DMA32 zone: 3584 pages used for memmap
[    0.000000]   DMA32 zone: 262144 pages, LIFO batch:63
[    0.000000]   Normal zone: 7168 pages used for memmap
[    0.000000]   Normal zone: 524288 pages, LIFO batch:63
[    0.000000] psci: probing for conduit method from DT.
[    0.000000] psci: PSCIv1.1 detected in firmware.
[    0.000000] psci: Using standard PSCI v0.2 function IDs
[    0.000000] psci: MIGRATE_INFO_TYPE not supported.
[    0.000000] psci: SMC Calling Convention v1.2
[    0.000000] percpu: Embedded 22 pages/cpu s49496 r8192 d32424 u90112
[    0.000000] pcpu-alloc: s49496 r8192 d32424 u90112 alloc=22*4096
[    0.000000] pcpu-alloc: [0] 0 [0] 1 [0] 2 [0] 3 
[    0.000000] Detected VIPT I-cache on CPU0
[    0.000000] CPU features: detected: ARM erratum 845719
[    0.000000] Built 1 zonelists, mobility grouping on.  Total pages: 1034240
[    0.000000] Kernel command line: console=ttyPS0,115200 root=/dev/mmcblk0p2 rw earlycon rootfstype=ext4 rootwait clk_ignore_unused cpuidle.off=1 root=/dev/mmcblk0p2 rw rootwait
[    0.000000] Dentry cache hash table entries: 524288 (order: 10, 4194304 bytes, linear)
[    0.000000] Inode-cache hash table entries: 262144 (order: 9, 2097152 bytes, linear)
[    0.000000] mem auto-init: stack:off, heap alloc:off, heap free:off
[    0.000000] software IO TLB: mapped [mem 0x000000003bfff000-0x000000003ffff000] (64MB)
[    0.000000] Memory: 3761904K/4194304K available (15296K kernel code, 1636K rwdata, 11876K rodata, 2560K init, 507K bss, 170256K reserved, 262144K cma-reserved)
[    0.000000] rcu: Hierarchical RCU implementation.
[    0.000000] rcu: 	RCU event tracing is enabled.
[    0.000000] rcu: 	RCU restricting CPUs from NR_CPUS=8 to nr_cpu_ids=4.
[    0.000000] rcu: RCU calculated value of scheduler-enlistment delay is 25 jiffies.
[    0.000000] rcu: Adjusting geometry for rcu_fanout_leaf=16, nr_cpu_ids=4
[    0.000000] NR_IRQS: 64, nr_irqs: 64, preallocated irqs: 0
[    0.000000] GIC: Adjusting CPU interface base to 0x00000000f902f000
[    0.000000] GIC: Using split EOI/Deactivate mode
[    0.000000] random: get_random_bytes called from start_kernel+0x31c/0x54c with crng_init=0
[    0.000000] arch_timer: cp15 timer(s) running at 100.00MHz (phys).
[    0.000000] clocksource: arch_sys_counter: mask: 0xffffffffffffff max_cycles: 0x171024e7e0, max_idle_ns: 440795205315 ns
[    0.000004] sched_clock: 56 bits at 100MHz, resolution 10ns, wraps every 4398046511100ns
[    0.008465] Console: colour dummy device 80x25
[    0.012484] Calibrating delay loop (skipped), value calculated using timer frequency.. 200.00 BogoMIPS (lpj=400000)
[    0.022840] pid_max: default: 32768 minimum: 301
[    0.027550] Mount-cache hash table entries: 8192 (order: 4, 65536 bytes, linear)
[    0.034789] Mountpoint-cache hash table entries: 8192 (order: 4, 65536 bytes, linear)
[    0.043396] rcu: Hierarchical SRCU implementation.
[    0.047560] EFI services will not be available.
[    0.051939] smp: Bringing up secondary CPUs ...
[    0.056658] Detected VIPT I-cache on CPU1
[    0.056697] CPU1: Booted secondary processor 0x0000000001 [0x410fd034]
[    0.057062] Detected VIPT I-cache on CPU2
[    0.057087] CPU2: Booted secondary processor 0x0000000002 [0x410fd034]
[    0.057427] Detected VIPT I-cache on CPU3
[    0.057450] CPU3: Booted secondary processor 0x0000000003 [0x410fd034]
[    0.057495] smp: Brought up 1 node, 4 CPUs
[    0.091779] SMP: Total of 4 processors activated.
[    0.096452] CPU features: detected: 32-bit EL0 Support
[    0.101556] CPU features: detected: CRC32 instructions
[    0.106695] CPU: All CPU(s) started at EL2
[    0.110736] alternatives: patching kernel code
[    0.116168] devtmpfs: initialized
[    0.124058] Registered cp15_barrier emulation handler
[    0.124109] Registered setend emulation handler
[    0.128085] clocksource: jiffies: mask: 0xffffffff max_cycles: 0xffffffff, max_idle_ns: 7645041785100000 ns
[    0.137662] futex hash table entries: 1024 (order: 4, 65536 bytes, linear)
[    0.151014] pinctrl core: initialized pinctrl subsystem
[    0.151663] NET: Registered protocol family 16
[    0.156083] DMA: preallocated 512 KiB GFP_KERNEL pool for atomic allocations
[    0.162098] DMA: preallocated 512 KiB GFP_KERNEL|GFP_DMA pool for atomic allocations
[    0.169825] DMA: preallocated 512 KiB GFP_KERNEL|GFP_DMA32 pool for atomic allocations
[    0.177628] audit: initializing netlink subsys (disabled)
[    0.183079] audit: type=2000 audit(0.116:1): state=initialized audit_enabled=0 res=1
[    0.183421] hw-breakpoint: found 6 breakpoint and 4 watchpoint registers.
[    0.197454] ASID allocator initialised with 65536 entries
[    0.224350] HugeTLB registered 1.00 GiB page size, pre-allocated 0 pages
[    0.225403] HugeTLB registered 32.0 MiB page size, pre-allocated 0 pages
[    0.232073] HugeTLB registered 2.00 MiB page size, pre-allocated 0 pages
[    0.238738] HugeTLB registered 64.0 KiB page size, pre-allocated 0 pages
[    1.304342] DRBG: Continuing without Jitter RNG
[    1.382122] raid6: neonx8   gen()  2141 MB/s
[    1.450176] raid6: neonx8   xor()  1597 MB/s
[    1.518232] raid6: neonx4   gen()  2191 MB/s
[    1.586280] raid6: neonx4   xor()  1564 MB/s
[    1.654348] raid6: neonx2   gen()  2076 MB/s
[    1.722401] raid6: neonx2   xor()  1439 MB/s
[    1.790463] raid6: neonx1   gen()  1772 MB/s
[    1.858510] raid6: neonx1   xor()  1220 MB/s
[    1.926568] raid6: int64x8  gen()  1438 MB/s
[    1.994625] raid6: int64x8  xor()   771 MB/s
[    2.062692] raid6: int64x4  gen()  1599 MB/s
[    2.130740] raid6: int64x4  xor()   819 MB/s
[    2.198818] raid6: int64x2  gen()  1397 MB/s
[    2.266862] raid6: int64x2  xor()   750 MB/s
[    2.334939] raid6: int64x1  gen()  1034 MB/s
[    2.402999] raid6: int64x1  xor()   517 MB/s
[    2.403038] raid6: using algorithm neonx4 gen() 2191 MB/s
[    2.406995] raid6: .... xor() 1564 MB/s, rmw enabled
[    2.411926] raid6: using neon recovery algorithm
[    2.416938] iommu: Default domain type: Translated 
[    2.421552] SCSI subsystem initialized
[    2.425096] libata version 3.00 loaded.
[    2.425220] usbcore: registered new interface driver usbfs
[    2.430550] usbcore: registered new interface driver hub
[    2.435825] usbcore: registered new device driver usb
[    2.440956] mc: Linux media interface: v0.10
[    2.445074] videodev: Linux video capture interface: v2.00
[    2.450566] EDAC MC: Ver: 3.0.0
[    2.454000] zynqmp-ipi-mbox mailbox@ff990400: Registered ZynqMP IPI mbox with TX/RX channels.
[    2.462518] jesd204: created con: id=0, topo=0, link=0, /axi/spi@ff050000/hmc7044@0 <-> /fpga-axi@0/axi-adxcvr-tx@84b60000
[    2.473095] jesd204: created con: id=1, topo=0, link=2, /axi/spi@ff050000/hmc7044@0 <-> /fpga-axi@0/axi-adxcvr-rx@84a60000
[    2.484079] jesd204: created con: id=2, topo=0, link=0, /fpga-axi@0/axi-adxcvr-tx@84b60000 <-> /fpga-axi@0/axi-jesd204-tx@84b90000
[    2.495754] jesd204: created con: id=3, topo=0, link=2, /fpga-axi@0/axi-adxcvr-rx@84a60000 <-> /fpga-axi@0/axi-jesd204-rx@84a90000
[    2.507431] jesd204: created con: id=4, topo=0, link=0, /fpga-axi@0/axi-jesd204-tx@84b90000 <-> /fpga-axi@0/axi-ad9081-tx-hpc@84b10000
[    2.519459] jesd204: created con: id=5, topo=0, link=2, /fpga-axi@0/axi-jesd204-rx@84a90000 <-> /fpga-axi@0/axi-ad9081-rx-hpc@84a10000
[    2.531482] jesd204: created con: id=6, topo=0, link=2, /fpga-axi@0/axi-ad9081-rx-hpc@84a10000 <-> /axi/spi@ff040000/ad9081@0
[    2.542723] jesd204: created con: id=7, topo=0, link=0, /fpga-axi@0/axi-ad9081-tx-hpc@84b10000 <-> /axi/spi@ff040000/ad9081@0
[    2.553973] jesd204: /axi/spi@ff040000/ad9081@0: JESD204[2] transition uninitialized -> initialized
[    2.562960] jesd204: /axi/spi@ff040000/ad9081@0: JESD204[0] transition uninitialized -> initialized
[    2.571951] jesd204: found 8 devices and 1 topologies
[    2.576995] FPGA manager framework
[    2.580471] Advanced Linux Sound Architecture Driver Initialized.
[    2.586768] Bluetooth: Core ver 2.22
[    2.589957] NET: Registered protocol family 31
[    2.594355] Bluetooth: HCI device and connection manager initialized
[    2.600672] Bluetooth: HCI socket layer initialized
[    2.605514] Bluetooth: L2CAP socket layer initialized
[    2.610538] Bluetooth: SCO socket layer initialized
[    2.615729] clocksource: Switched to clocksource arch_sys_counter
[    2.621527] VFS: Disk quotas dquot_6.6.0
[    2.625364] VFS: Dquot-cache hash table entries: 512 (order 0, 4096 bytes)
[    2.636084] NET: Registered protocol family 2
[    2.636810] tcp_listen_portaddr_hash hash table entries: 2048 (order: 3, 32768 bytes, linear)
[    2.645005] TCP established hash table entries: 32768 (order: 6, 262144 bytes, linear)
[    2.653031] TCP bind hash table entries: 32768 (order: 7, 524288 bytes, linear)
[    2.660475] TCP: Hash tables configured (established 32768 bind 32768)
[    2.666650] UDP hash table entries: 2048 (order: 4, 65536 bytes, linear)
[    2.673315] UDP-Lite hash table entries: 2048 (order: 4, 65536 bytes, linear)
[    2.680477] NET: Registered protocol family 1
[    2.684952] RPC: Registered named UNIX socket transport module.
[    2.690552] RPC: Registered udp transport module.
[    2.695217] RPC: Registered tcp transport module.
[    2.699885] RPC: Registered tcp NFSv4.1 backchannel transport module.
[    2.706873] PCI: CLS 0 bytes, default 64
[    2.710575] hw perfevents: no interrupt-affinity property for /pmu, guessing.
[    2.717440] hw perfevents: enabled with armv8_pmuv3 PMU driver, 7 counters available
[    2.725782] Initialise system trusted keyrings
[    2.729463] workingset: timestamp_bits=62 max_order=20 bucket_order=0
[    2.736364] NFS: Registering the id_resolver key type
[    2.740816] Key type id_resolver registered
[    2.744954] Key type id_legacy registered
[    2.748945] nfs4filelayout_init: NFSv4 File Layout Driver Registering...
[    2.755610] jffs2: version 2.2. (NAND) (SUMMARY)  Â© 2001-2006 Red Hat, Inc.
[    2.798895] NET: Registered protocol family 38
[    2.798938] xor: measuring software checksum speed
[    2.806626]    8regs           :  2363 MB/sec
[    2.810294]    32regs          :  2799 MB/sec
[    2.815237]    arm64_neon      :  2380 MB/sec
[    2.815427] xor: using function: 32regs (2799 MB/sec)
[    2.820453] Key type asymmetric registered
[    2.824514] Asymmetric key parser 'x509' registered
[    2.829375] Block layer SCSI generic (bsg) driver version 0.4 loaded (major 248)
[    2.836712] io scheduler mq-deadline registered
[    2.841208] io scheduler kyber registered
[    2.870613] Serial: 8250/16550 driver, 4 ports, IRQ sharing disabled
[    2.875248] cacheinfo: Unable to detect cache hierarchy for CPU 0
[    2.881594] brd: module loaded
[    2.885727] loop: module loaded
[    2.886273] Registered mathworks_ip class
[    2.889648] libphy: Fixed MDIO Bus: probed
[    2.892593] tun: Universal TUN/TAP device driver, 1.6
[    2.896668] CAN device driver interface
[    2.901202] usbcore: registered new interface driver asix
[    2.905791] usbcore: registered new interface driver ax88179_178a
[    2.911831] usbcore: registered new interface driver cdc_ether
[    2.917626] usbcore: registered new interface driver net1080
[    2.923248] usbcore: registered new interface driver cdc_subset
[    2.929130] usbcore: registered new interface driver zaurus
[    2.934673] usbcore: registered new interface driver cdc_ncm
[    2.941080] ehci_hcd: USB 2.0 'Enhanced' Host Controller (EHCI) Driver
[    2.946759] ehci-pci: EHCI PCI platform driver
[    2.951547] usbcore: registered new interface driver uas
[    2.956477] usbcore: registered new interface driver usb-storage
[    2.962462] usbcore: registered new interface driver usbserial_generic
[    2.968915] usbserial: USB Serial support registered for generic
[    2.974887] usbcore: registered new interface driver ftdi_sio
[    2.980588] usbserial: USB Serial support registered for FTDI USB Serial Device
[    2.987860] usbcore: registered new interface driver upd78f0730
[    2.993737] usbserial: USB Serial support registered for upd78f0730
[    3.001399] rtc_zynqmp ffa60000.rtc: registered as rtc0
[    3.005168] rtc_zynqmp ffa60000.rtc: setting system clock to 2022-03-26T00:15:05 UTC (1648253705)
[    3.014027] i2c /dev entries driver
[    3.019334] usbcore: registered new interface driver uvcvideo
[    3.023138] USB Video Class driver (1.1.1)
[    3.028719] Bluetooth: HCI UART driver ver 2.3
[    3.031609] Bluetooth: HCI UART protocol H4 registered
[    3.036724] Bluetooth: HCI UART protocol BCSP registered
[    3.042009] Bluetooth: HCI UART protocol LL registered
[    3.047098] Bluetooth: HCI UART protocol ATH3K registered
[    3.052472] Bluetooth: HCI UART protocol Three-wire (H5) registered
[    3.058727] Bluetooth: HCI UART protocol Intel registered
[    3.064062] Bluetooth: HCI UART protocol QCA registered
[    3.069264] usbcore: registered new interface driver bcm203x
[    3.074887] usbcore: registered new interface driver bpa10x
[    3.080422] usbcore: registered new interface driver bfusb
[    3.085871] usbcore: registered new interface driver btusb
[    3.091332] usbcore: registered new interface driver ath3k
[    3.096814] EDAC MC: ECC not enabled
[    3.100446] EDAC DEVICE0: Giving out device to module zynqmp-ocm-edac controller zynqmp_ocm: DEV ff960000.memory-controller (INTERRUPT)
[    3.112765] sdhci: Secure Digital Host Controller Interface driver
[    3.118556] sdhci: Copyright(c) Pierre Ossman
[    3.122872] sdhci-pltfm: SDHCI platform and OF driver helper
[    3.128926] ledtrig-cpu: registered to indicate activity on CPUs
[    3.134477] SMCCC: SOC_ID: ARCH_SOC_ID not implemented, skipping ....
[    3.140902] zynqmp_firmware_probe Platform Management API v1.1
[    3.146661] zynqmp_firmware_probe Trustzone version v1.0
[    3.186208] zynqmp-pinctrl firmware:zynqmp-firmware:pinctrl: zynqmp pinctrl initialized
[    3.234166] zynqmp-aes firmware:zynqmp-firmware:zynqmp-aes: will run requests pump with realtime priority
[    3.249847] alg: No test for xilinx-keccak-384 (zynqmp-keccak-384)
[    3.250551] alg: No test for xilinx-zynqmp-rsa (zynqmp-rsa)
[    3.256066] usbcore: registered new interface driver usbhid
[    3.261455] usbhid: USB HID core driver
[    3.272710] axi_sysid 85000000.axi-sysid-0: AXI System ID core version (1.01.a) found
[    3.275061] axi_sysid 85000000.axi-sysid-0: [ad9081_fmca_ebz] on [zcu102] git branch <master> git <084d44c9780640ca93fd847b1d9ec70dd65f5c67> clean [2022-03-18 04:17:50] UTC
[    3.290744] fpga_manager fpga0: Xilinx ZynqMP FPGA Manager registered
[    3.297106] usbcore: registered new interface driver snd-usb-audio
[    3.304558] pktgen: Packet Generator for packet performance testing. Version: 2.75
[    3.310746] Initializing XFRM netlink socket
[    3.314587] NET: Registered protocol family 10
[    3.319306] Segment Routing with IPv6
[    3.322686] sit: IPv6, IPv4 and MPLS over IPv4 tunneling driver
[    3.328755] NET: Registered protocol family 17
[    3.332863] NET: Registered protocol family 15
[    3.337354] can: controller area network core
[    3.341616] NET: Registered protocol family 29
[    3.346003] can: raw protocol
[    3.348939] can: broadcast manager protocol
[    3.353094] can: netlink gateway - max_hops=1
[    3.357491] Bluetooth: RFCOMM TTY layer initialized
[    3.362268] Bluetooth: RFCOMM socket layer initialized
[    3.367378] Bluetooth: RFCOMM ver 1.11
[    3.371087] Bluetooth: BNEP (Ethernet Emulation) ver 1.3
[    3.376358] Bluetooth: BNEP filters: protocol multicast
[    3.381552] Bluetooth: BNEP socket layer initialized
[    3.386479] Bluetooth: HIDP (Human Interface Emulation) ver 1.2
[    3.392363] Bluetooth: HIDP socket layer initialized
[    3.397419] 9pnet: Installing 9P2000 support
[    3.401540] NET: Registered protocol family 36
[    3.405957] Key type dns_resolver registered
[    3.410391] registered taskstats version 1
[    3.414252] Loading compiled-in X.509 certificates
[    3.419380] Btrfs loaded, crc32c=crc32c-generic
[    3.431770] ff000000.serial: ttyPS0 at MMIO 0xff000000 (irq = 49, base_baud = 6249999) is a xuartps
[    3.440796] printk: console [ttyPS0] enabled
[    3.445092] printk: bootconsole [cdns0] disabled
[    3.454727] ff010000.serial: ttyPS1 at MMIO 0xff010000 (irq = 50, base_baud = 6249999) is a xuartps
[    3.467978] of-fpga-region fpga-full: FPGA Region probed
[    3.474919] nwl-pcie fd0e0000.pcie: host bridge /axi/pcie@fd0e0000 ranges:
[    3.481812] nwl-pcie fd0e0000.pcie:      MEM 0x00e0000000..0x00efffffff -> 0x00e0000000
[    3.489819] nwl-pcie fd0e0000.pcie:      MEM 0x0600000000..0x07ffffffff -> 0x0600000000
[    3.497884] nwl-pcie fd0e0000.pcie: Link is DOWN
[    3.502642] nwl-pcie fd0e0000.pcie: PCI host bridge to bus 0000:00
[    3.508820] pci_bus 0000:00: root bus resource [bus 00-ff]
[    3.514301] pci_bus 0000:00: root bus resource [mem 0xe0000000-0xefffffff]
[    3.521171] pci_bus 0000:00: root bus resource [mem 0x600000000-0x7ffffffff pref]
[    3.528675] pci 0000:00:00.0: [10ee:d021] type 01 class 0x060400
[    3.534732] pci 0000:00:00.0: PME# supported from D0 D1 D2 D3hot
[    3.545169] pci 0000:00:00.0: PCI bridge to [bus 01-0c]
[    3.551148] xilinx-zynqmp-dma fd500000.dma: ZynqMP DMA driver Probe success
[    3.558315] xilinx-zynqmp-dma fd510000.dma: ZynqMP DMA driver Probe success
[    3.565487] xilinx-zynqmp-dma fd520000.dma: ZynqMP DMA driver Probe success
[    3.572655] xilinx-zynqmp-dma fd530000.dma: ZynqMP DMA driver Probe success
[    3.579831] xilinx-zynqmp-dma fd540000.dma: ZynqMP DMA driver Probe success
[    3.586997] xilinx-zynqmp-dma fd550000.dma: ZynqMP DMA driver Probe success
[    3.594170] xilinx-zynqmp-dma fd560000.dma: ZynqMP DMA driver Probe success
[    3.601340] xilinx-zynqmp-dma fd570000.dma: ZynqMP DMA driver Probe success
[    3.608749] xilinx-zynqmp-dpdma fd4c0000.dma-controller: Xilinx DPDMA engine is probed
[    3.617300] ahci-ceva fd0c0000.ahci: supply ahci not found, using dummy regulator
[    3.624845] ahci-ceva fd0c0000.ahci: supply phy not found, using dummy regulator
[    3.715899] hmc7044 spi2.0: PLL1: Acquisition, CLKIN0 @ 122880000 Hz, PFD: 80 kHz - PLL2: Locked @ 2704.000000 MHz
[    3.726613] jesd204: /axi/spi@ff050000/hmc7044@0,jesd204:1,parent=spi2.0: Using as SYSREF provider
[    3.736194] spi-nor spi0.0: SPI-NOR-UniqueID 100000235394732200270025081115266e
[    3.743501] spi-nor spi0.0: found n25q512a, expected m25p80
[    3.749709] spi-nor spi0.0: trying to lock already unlocked area
[    3.755711] spi-nor spi0.0: n25q512a (131072 Kbytes)
[    3.760689] 4 fixed-partitions partitions found on MTD device spi0.0
[    3.767034] Creating 4 MTD partitions on "spi0.0":
[    3.771820] 0x000000000000-0x000000100000 : "qspi-fsbl-uboot"
[    3.778304] 0x000000100000-0x000000600000 : "qspi-linux"
[    3.784258] 0x000000600000-0x000000620000 : "qspi-device-tree"
[    3.790730] 0x000000620000-0x000000c00000 : "qspi-rootfs"
[    3.799214] macb ff0e0000.ethernet: Not enabling partial store and forward
[    3.806729] libphy: MACB_mii_bus: probed
[    3.811780] macb ff0e0000.ethernet eth0: Cadence GEM rev 0x50070106 at 0xff0e0000 irq 30 (00:0a:35:04:8e:1b)
[    3.821986] xilinx-axipmon ffa00000.perf-monitor: Probed Xilinx APM
[    3.828559] xilinx-axipmon fd0b0000.perf-monitor: Probed Xilinx APM
[    3.835075] xilinx-axipmon fd490000.perf-monitor: Probed Xilinx APM
[    3.841614] xilinx-axipmon ffa10000.perf-monitor: Probed Xilinx APM
[    3.851604] pca953x 0-0020: supply vcc not found, using dummy regulator
[    3.858285] pca953x 0-0020: using no AI
[    3.862774] gpio-496 (sel0): hogged as output/low
[    3.867674] gpio-497 (sel1): hogged as output/high
[    3.872669] gpio-498 (sel2): hogged as output/high
[    3.877658] gpio-499 (sel3): hogged as output/high
[    3.882839] pca953x 0-0021: supply vcc not found, using dummy regulator
[    3.889522] pca953x 0-0021: using no AI
[    3.895289] ina2xx 2-0040: power monitor ina226 (Rshunt = 5000 uOhm)
[    3.902321] ina2xx 2-0041: power monitor ina226 (Rshunt = 5000 uOhm)
[    3.909357] ina2xx 2-0042: power monitor ina226 (Rshunt = 5000 uOhm)
[    3.916395] ina2xx 2-0043: power monitor ina226 (Rshunt = 5000 uOhm)
[    3.923422] ina2xx 2-0044: power monitor ina226 (Rshunt = 5000 uOhm)
[    3.930445] ina2xx 2-0045: power monitor ina226 (Rshunt = 5000 uOhm)
[    3.937480] ina2xx 2-0046: power monitor ina226 (Rshunt = 5000 uOhm)
[    3.944557] ina2xx 2-0047: power monitor ina226 (Rshunt = 5000 uOhm)
[    3.951585] ina2xx 2-004a: power monitor ina226 (Rshunt = 5000 uOhm)
[    3.958617] ina2xx 2-004b: power monitor ina226 (Rshunt = 5000 uOhm)
[    3.965026] i2c i2c-0: Added multiplexed i2c bus 2
[    3.970412] random: fast init done
[    3.973885] ina2xx 3-0040: power monitor ina226 (Rshunt = 2000 uOhm)
[    3.980914] ina2xx 3-0041: power monitor ina226 (Rshunt = 5000 uOhm)
[    3.987943] ina2xx 3-0042: power monitor ina226 (Rshunt = 5000 uOhm)
[    3.994966] ina2xx 3-0043: power monitor ina226 (Rshunt = 5000 uOhm)
[    4.002001] ina2xx 3-0044: power monitor ina226 (Rshunt = 5000 uOhm)
[    4.009030] ina2xx 3-0045: power monitor ina226 (Rshunt = 5000 uOhm)
[    4.016063] ina2xx 3-0046: power monitor ina226 (Rshunt = 5000 uOhm)
[    4.023094] ina2xx 3-0047: power monitor ina226 (Rshunt = 5000 uOhm)
[    4.029493] i2c i2c-0: Added multiplexed i2c bus 3
[    4.085332] i2c i2c-0: Added multiplexed i2c bus 4
[    4.090273] i2c i2c-0: Added multiplexed i2c bus 5
[    4.095067] pca954x 0-0075: registered 4 multiplexed busses for I2C mux pca9544
[    4.102419] cdns-i2c ff020000.i2c: 400 kHz mmio ff020000 irq 32
[    4.110149] at24 6-0054: supply vcc not found, using dummy regulator
[    4.117038] at24 6-0054: 1024 byte 24c08 EEPROM, writable, 1 bytes/write
[    4.123788] i2c i2c-1: Added multiplexed i2c bus 6
[    4.130217] si5341 7-0036: Chip: 5341 Grade: 1 Rev: 1
[    4.167953] i2c i2c-1: Added multiplexed i2c bus 7
[    4.175605] si570 8-005d: registered, current frequency 300000000 Hz
[    4.182006] i2c i2c-1: Added multiplexed i2c bus 8
[    4.201790] si570 9-005d: registered, current frequency 148500000 Hz
[    4.208191] i2c i2c-1: Added multiplexed i2c bus 9
[    4.213228] si5324 10-0069: si5328 probed
[    4.280093] si5324 10-0069: si5328 probe successful
[    4.285019] i2c i2c-1: Added multiplexed i2c bus 10
[    4.290046] i2c i2c-1: Added multiplexed i2c bus 11
[    4.295079] i2c i2c-1: Added multiplexed i2c bus 12
[    4.300110] i2c i2c-1: Added multiplexed i2c bus 13
[    4.304984] pca954x 1-0074: registered 8 multiplexed busses for I2C switch pca9548
[    4.313095] at24 14-0050: supply vcc not found, using dummy regulator
[    4.319876] at24 14-0050: 256 byte 24c02 EEPROM, writable, 1 bytes/write
[    4.326619] i2c i2c-1: Added multiplexed i2c bus 14
[    4.331659] i2c i2c-1: Added multiplexed i2c bus 15
[    4.336695] i2c i2c-1: Added multiplexed i2c bus 16
[    4.341726] i2c i2c-1: Added multiplexed i2c bus 17
[    4.346761] i2c i2c-1: Added multiplexed i2c bus 18
[    4.351812] i2c i2c-1: Added multiplexed i2c bus 19
[    4.356847] i2c i2c-1: Added multiplexed i2c bus 20
[    4.361888] i2c i2c-1: Added multiplexed i2c bus 21
[    4.366767] pca954x 1-0075: registered 8 multiplexed busses for I2C switch pca9548
[    4.374377] cdns-i2c ff030000.i2c: 400 kHz mmio ff030000 irq 33
[    4.384126] cdns-wdt fd4d0000.watchdog: Xilinx Watchdog Timer with timeout 60s
[    4.395703] axi_adxcvr 84a60000.axi-adxcvr-rx: AXI-ADXCVR-RX (17.05.a) using CPLL on GTH4 at 0x84A60000. Number of lanes: 4.
[    4.407879] axi_adxcvr 84b60000.axi-adxcvr-tx: AXI-ADXCVR-TX (17.05.a) using QPLL on GTH4 at 0x84B60000. Number of lanes: 4.
[    4.419512] axi-jesd204-rx 84a90000.axi-jesd204-rx: AXI-JESD204-RX (1.07.a) at 0x84A90000. Encoder 8b10b, width 4/4, lanes 4, jesd204-fsm.
[    4.426148] mmc0: SDHCI controller on ff170000.mmc [ff170000.mmc] using ADMA 64-bit
[    4.432348] axi-jesd204-tx 84b90000.axi-jesd204-tx: AXI-JESD204-TX (1.06.a) at 0x84B90000. Encoder 8b10b, width 4/4, lanes 4, jesd204-fsm.
[    4.453076] zynqmp-display fd4a0000.display: vtc bridge property not present
[    4.462717] xilinx-dp-snd-codec fd4a0000.display:zynqmp_dp_snd_codec0: Failed to get required clock freq
[    4.472222] xilinx-dp-snd-codec: probe of fd4a0000.display:zynqmp_dp_snd_codec0 failed with error -22
[    4.473504] mmc0: new high speed SDHC card at address 0001
[    4.481762] xilinx-dp-snd-pcm zynqmp_dp_snd_pcm0: Xilinx DisplayPort Sound PCM probed
[    4.487277] mmcblk0: mmc0:0001 EB1QT 29.8 GiB 
[    4.495081] xilinx-dp-snd-pcm zynqmp_dp_snd_pcm1: Xilinx DisplayPort Sound PCM probed
[    4.500554]  mmcblk0: p1 p2 p3
[    4.507381] OF: graph: no port node found in /axi/display@fd4a0000
[    4.516468] xlnx-drm xlnx-drm.0: bound fd4a0000.display (ops 0xffffffc010fcbdb8)
[    5.603745] zynqmp-display fd4a0000.display: [drm] Cannot find any crtc or sizes
[    5.611367] [drm] Initialized xlnx 1.0.0 20130509 for fd4a0000.display on minor 0
[    5.618860] zynqmp-display fd4a0000.display: ZynqMP DisplayPort Subsystem driver probed
[    5.627184] ahci-ceva fd0c0000.ahci: supply ahci not found, using dummy regulator
[    5.634728] ahci-ceva fd0c0000.ahci: supply phy not found, using dummy regulator
[    5.642181] ahci-ceva fd0c0000.ahci: supply target not found, using dummy regulator
[    5.660075] ahci-ceva fd0c0000.ahci: AHCI 0001.0301 32 slots 2 ports 6 Gbps 0x3 impl platform mode
[    5.669031] ahci-ceva fd0c0000.ahci: flags: 64bit ncq sntf pm clo only pmp fbs pio slum part ccc sds apst 
[    5.679652] scsi host0: ahci-ceva
[    5.683237] scsi host1: ahci-ceva
[    5.686668] ata1: SATA max UDMA/133 mmio [mem 0xfd0c0000-0xfd0c1fff] port 0x100 irq 45
[    5.694579] ata2: SATA max UDMA/133 mmio [mem 0xfd0c0000-0xfd0c1fff] port 0x180 irq 45
[    5.703177] ad9081 spi1.0: supply vdd not found, using dummy regulator
[    6.013948] ata2: SATA link down (SStatus 0 SControl 330)
[    6.019353] ata1: SATA link down (SStatus 0 SControl 330)
[    6.687746] zynqmp-display fd4a0000.display: [drm] Cannot find any crtc or sizes
[    7.523679] ad9081 spi1.0: AD9081 Rev. 2 Grade 10 (API 1.2.2) probed
[    7.530867] xhci-hcd xhci-hcd.1.auto: xHCI Host Controller
[    7.536364] xhci-hcd xhci-hcd.1.auto: new USB bus registered, assigned bus number 1
[    7.544116] xhci-hcd xhci-hcd.1.auto: hcc params 0x0238f625 hci version 0x100 quirks 0x0000000002010810
[    7.553539] xhci-hcd xhci-hcd.1.auto: irq 59, io mem 0xfe200000
[    7.559644] usb usb1: New USB device found, idVendor=1d6b, idProduct=0002, bcdDevice= 5.10
[    7.567909] usb usb1: New USB device strings: Mfr=3, Product=2, SerialNumber=1
[    7.575125] usb usb1: Product: xHCI Host Controller
[    7.579995] usb usb1: Manufacturer: Linux 5.10.0-98103-g2aa7ac113716 xhci-hcd
[    7.587120] usb usb1: SerialNumber: xhci-hcd.1.auto
[    7.592287] hub 1-0:1.0: USB hub found
[    7.596049] hub 1-0:1.0: 1 port detected
[    7.600151] xhci-hcd xhci-hcd.1.auto: xHCI Host Controller
[    7.605632] xhci-hcd xhci-hcd.1.auto: new USB bus registered, assigned bus number 2
[    7.613286] xhci-hcd xhci-hcd.1.auto: Host supports USB 3.0 SuperSpeed
[    7.619909] usb usb2: New USB device found, idVendor=1d6b, idProduct=0003, bcdDevice= 5.10
[    7.628172] usb usb2: New USB device strings: Mfr=3, Product=2, SerialNumber=1
[    7.635390] usb usb2: Product: xHCI Host Controller
[    7.640260] usb usb2: Manufacturer: Linux 5.10.0-98103-g2aa7ac113716 xhci-hcd
[    7.647385] usb usb2: SerialNumber: xhci-hcd.1.auto
[    7.652496] hub 2-0:1.0: USB hub found
[    7.656258] hub 2-0:1.0: 1 port detected
[    7.686301] cf_axi_adc 84a10000.axi-ad9081-rx-hpc: ADI AIM (10.01.b) at 0x84A10000 mapped to 0x(____ptrval____), probed ADC AD9081 as MASTER
[    7.716579] cf_axi_dds 84b10000.axi-ad9081-tx-hpc: Analog Devices CF_AXI_DDS_DDS MASTER (9.01.b) at 0x84B10000 mapped to 0x(____ptrval____), probed DDS AD9081
[    7.730781] jesd204: /axi/spi@ff040000/ad9081@0,jesd204:0,parent=spi1.0: JESD204[2] transition initialized -> probed
[    7.741303] jesd204: /axi/spi@ff040000/ad9081@0,jesd204:0,parent=spi1.0: JESD204[0] transition initialized -> probed
[    7.751826] jesd204: /axi/spi@ff040000/ad9081@0,jesd204:0,parent=spi1.0: JESD204[2] transition probed -> idle
[    7.761733] jesd204: /axi/spi@ff040000/ad9081@0,jesd204:0,parent=spi1.0: JESD204[0] transition probed -> idle
[    7.771652] jesd204: /axi/spi@ff040000/ad9081@0,jesd204:0,parent=spi1.0: JESD204[2] transition idle -> device_init
[    7.782001] jesd204: /axi/spi@ff040000/ad9081@0,jesd204:0,parent=spi1.0: JESD204[0] transition idle -> device_init
[    7.792354] jesd204: /axi/spi@ff040000/ad9081@0,jesd204:0,parent=spi1.0: JESD204[2] transition device_init -> link_init
[    7.803136] jesd204: /axi/spi@ff040000/ad9081@0,jesd204:0,parent=spi1.0: JESD204[0] transition device_init -> link_init
[    7.813928] jesd204: /axi/spi@ff040000/ad9081@0,jesd204:0,parent=spi1.0: JESD204[2] transition link_init -> link_supported
[    7.824967] jesd204: /axi/spi@ff040000/ad9081@0,jesd204:0,parent=spi1.0: JESD204[0] transition link_init -> link_supported
[    7.836384] hmc7044 spi2.0: hmc7044_jesd204_link_pre_setup: Link2 forcing continuous SYSREF mode
[    7.845560] jesd204: /axi/spi@ff040000/ad9081@0,jesd204:0,parent=spi1.0: JESD204[2] transition link_supported -> link_pre_setup
[    7.857033] jesd204: /axi/spi@ff040000/ad9081@0,jesd204:0,parent=spi1.0: JESD204[0] transition link_supported -> link_pre_setup
[    7.880846] jesd204: /axi/spi@ff040000/ad9081@0,jesd204:0,parent=spi1.0: JESD204[2] transition link_pre_setup -> clk_sync_stage1
[    7.892412] jesd204: /axi/spi@ff040000/ad9081@0,jesd204:0,parent=spi1.0: JESD204[0] transition link_pre_setup -> clk_sync_stage1
[    7.903983] jesd204: /axi/spi@ff040000/ad9081@0,jesd204:0,parent=spi1.0: JESD204[2] transition clk_sync_stage1 -> clk_sync_stage2
[    7.915630] jesd204: /axi/spi@ff040000/ad9081@0,jesd204:0,parent=spi1.0: JESD204[0] transition clk_sync_stage1 -> clk_sync_stage2
[    7.927281] jesd204: /axi/spi@ff040000/ad9081@0,jesd204:0,parent=spi1.0: JESD204[2] transition clk_sync_stage2 -> clk_sync_stage3
[    7.938925] jesd204: /axi/spi@ff040000/ad9081@0,jesd204:0,parent=spi1.0: JESD204[0] transition clk_sync_stage2 -> clk_sync_stage3
[    7.952656] jesd204: /axi/spi@ff040000/ad9081@0,jesd204:0,parent=spi1.0: JESD204[2] transition clk_sync_stage3 -> link_setup
[    7.963877] jesd204: /axi/spi@ff040000/ad9081@0,jesd204:0,parent=spi1.0: JESD204[0] transition clk_sync_stage3 -> link_setup
[    7.979918] jesd204: /axi/spi@ff040000/ad9081@0,jesd204:0,parent=spi1.0: JESD204[2] transition link_setup -> opt_setup_stage1
[    7.991215] jesd204: /axi/spi@ff040000/ad9081@0,jesd204:0,parent=spi1.0: JESD204[0] transition link_setup -> opt_setup_stage1
[    8.007557] jesd204: /axi/spi@ff040000/ad9081@0,jesd204:0,parent=spi1.0: JESD204[2] transition opt_setup_stage1 -> opt_setup_stage2
[    8.019383] jesd204: /axi/spi@ff040000/ad9081@0,jesd204:0,parent=spi1.0: JESD204[0] transition opt_setup_stage1 -> opt_setup_stage2
[    8.031356] jesd204: /axi/spi@ff040000/ad9081@0,jesd204:0,parent=spi1.0: JESD204[2] transition opt_setup_stage2 -> opt_setup_stage3
[    8.043175] jesd204: /axi/spi@ff040000/ad9081@0,jesd204:0,parent=spi1.0: JESD204[0] transition opt_setup_stage2 -> opt_setup_stage3
[    8.054998] jesd204: /axi/spi@ff040000/ad9081@0,jesd204:0,parent=spi1.0: JESD204[2] transition opt_setup_stage3 -> opt_setup_stage4
[    8.066822] jesd204: /axi/spi@ff040000/ad9081@0,jesd204:0,parent=spi1.0: JESD204[0] transition opt_setup_stage3 -> opt_setup_stage4
[    8.078646] jesd204: /axi/spi@ff040000/ad9081@0,jesd204:0,parent=spi1.0: JESD204[2] transition opt_setup_stage4 -> opt_setup_stage5
[    8.090475] jesd204: /axi/spi@ff040000/ad9081@0,jesd204:0,parent=spi1.0: JESD204[0] transition opt_setup_stage4 -> opt_setup_stage5
[    8.106402] jesd204: /axi/spi@ff040000/ad9081@0,jesd204:0,parent=spi1.0: JESD204[2] transition opt_setup_stage5 -> clocks_enable
[    8.117962] jesd204: /axi/spi@ff040000/ad9081@0,jesd204:0,parent=spi1.0: JESD204[0] transition opt_setup_stage5 -> clocks_enable
[    8.164892] axi_adxcvr 84a60000.axi-adxcvr-rx: adxcvr_clk_enable: CPLL RX buffer underflow error, status: 0x61
[    8.174882] axi_adxcvr 84a60000.axi-adxcvr-rx: adxcvr_clk_enable: CPLL RX buffer overflow error, status: 0x61
[    8.184867] jesd204: /axi/spi@ff040000/ad9081@0,jesd204:0,parent=spi1.0: JESD204[2] transition clocks_enable -> link_enable
[    8.195994] jesd204: /axi/spi@ff040000/ad9081@0,jesd204:0,parent=spi1.0: JESD204[0] transition clocks_enable -> link_enable
[    8.227973] ad9081 spi1.0: JESD RX (JTX) Link2 in DATA, SYNC deasserted, PLL locked, PHASE established, MODE valid
[    8.238583] ad9081 spi1.0: JESD TX (JRX) Link0 0xF lanes in DATA
[    8.244585] jesd204: /axi/spi@ff040000/ad9081@0,jesd204:0,parent=spi1.0: JESD204[2] transition link_enable -> link_running
[    8.255623] jesd204: /axi/spi@ff040000/ad9081@0,jesd204:0,parent=spi1.0: JESD204[0] transition link_enable -> link_running
[    8.266669] jesd204: /axi/spi@ff040000/ad9081@0,jesd204:0,parent=spi1.0: JESD204[2] transition link_running -> opt_post_running_stage
[    8.278660] jesd204: /axi/spi@ff040000/ad9081@0,jesd204:0,parent=spi1.0: JESD204[0] transition link_running -> opt_post_running_stage
[    8.299972] input: gpio-keys as /devices/platform/gpio-keys/input/input0
[    8.306994] of_cfs_init
[    8.309461] of_cfs_init: OK
[    8.312397] cfg80211: Loading compiled-in X.509 certificates for regulatory database
[    8.431131] random: crng init done
[    8.450601] cfg80211: Loaded X.509 cert 'sforshee: 00b28ddf47aef9cea7'
[    8.457135] clk: Not disabling unused clocks
[    8.461669] ALSA device list:
[    8.464634]   No soundcards found.
[    8.468319] platform regulatory.0: Direct firmware load for regulatory.db failed with error -2
[    8.476930] cfg80211: failed to load regulatory.db
[    8.479626] EXT4-fs (mmcblk0p2): mounted filesystem with ordered data mode. Opts: (null)
[    8.489828] VFS: Mounted root (ext4 filesystem) on device 179:2.
[    8.504291] devtmpfs: mounted
[    8.508163] Freeing unused kernel memory: 2560K
[    8.527775] Run /sbin/init as init process
[    8.531867]   with arguments:
[    8.531870]     /sbin/init
[    8.531872]   with environment:
[    8.531874]     HOME=/
[    8.531876]     TERM=linux
[    9.169096] systemd[1]: systemd 241 running in system mode. (+PAM +AUDIT +SELINUX +IMA +APPARMOR +SMACK +SYSVINIT +UTMP +LIBCRYPTSETUP +GCRYPT +GNUTLS +ACL +XZ +LZ4 +SECCOMP +BLKID +ELFUTILS +KMOD -IDN2 +IDN -PCRE2 default-hierarchy=hybrid)
[    9.190978] systemd[1]: Detected architecture arm64.
[    9.216569] systemd[1]: Set hostname to <analog>.
[    9.432085] systemd[1]: File /lib/systemd/system/systemd-journald.service:12 configures an IP firewall (IPAddressDeny=any), but the local system does not support BPF/cgroup based firewalling.
[    9.449143] systemd[1]: Proceeding WITHOUT firewalling in effect! (This warning is only shown for the first loaded unit using IP firewalling.)
[    9.623949] systemd[1]: /etc/systemd/system/tof-server.service:1: Assignment outside of section. Ignoring.
[    9.633645] systemd[1]: /etc/systemd/system/tof-server.service:2: Assignment outside of section. Ignoring.
[    9.838563] systemd[1]: Reached target Swap.
[    9.852021] systemd[1]: Listening on initctl Compatibility Named Pipe.
[    9.876200] systemd[1]: Created slice User and Session Slice.
[   10.459647] ------------[ cut here ]------------
[   10.459656] Enabling unprepared \xa0\xb9R\x88\xff\xff\xff@R\x88\xff\xff\xff
[   10.459701] WARNING: CPU: 2 PID: 132 at drivers/clk/clk.c:1012 clk_core_enable+0xa4/0xc0
[   10.459704] Modules linked in:
[   10.459715] CPU: 2 PID: 132 Comm: kworker/2:1H Not tainted 5.10.0-98103-g2aa7ac113716 #5577
[   10.459717] Hardware name: ZynqMP ZCU102 Rev1.0 (DT)
[   10.459728] Workqueue: kblockd blk_mq_run_work_fn
[   10.459735] pstate: 80000085 (Nzcv daIf -PAN -UAO -TCO BTYPE=--)
[   10.459741] pc : clk_core_enable+0xa4/0xc0
[   10.459747] lr : clk_core_enable+0xa4/0xc0
[   10.459749] sp : ffffffc012b032d0
[   10.459752] x29: ffffffc012b032d0 x28: ffffff8800330c10 
[   10.459759] x27: ffffff8800330d48 x26: 0000005000000101 
[   10.459766] x25: 00000002697fecaa x24: 0000000000000001 
[   10.459773] x23: ffffff8801100b00 x22: ffffff8801083220 
[   10.459779] x21: ffffff8801524000 x20: ffffff8801524008 
[   10.459786] x19: ffffff8801524008 x18: 0000000000000030 
[   10.459792] x17: 0000000000000004 x16: 0000a9c82859bc24 
[   10.459799] x15: ffffffffffff8690 x14: ffffffc011d3b1a0 
[   10.459805] x13: ffffffc011d3b1c8 x12: 00000000000005e5 
[   10.459812] x11: 00000000000001f7 x10: ffffffc011d671c8 
[   10.459818] x9 : 00000000fffff800 x8 : ffffffc011d3b1c8 
[   10.459825] x7 : ffffffc011d671c8 x6 : 0000000000000001 
[   10.459831] x5 : ffffff887f7929e0 x4 : 0000000000000000 
[   10.459838] x3 : 0000000000000027 x2 : 0000000000000023 
[   10.459844] x1 : 5494cf96bddb1a00 x0 : 0000000000000000 
[   10.459850] Call trace:
[   10.459857]  clk_core_enable+0xa4/0xc0
[   10.459861]  clk_enable+0x2c/0x60
[   10.459868]  zynqmp_runtime_resume+0x24/0x84
[   10.459875]  pm_generic_runtime_resume+0x30/0x50
[   10.459880]  __genpd_runtime_resume+0x30/0xb0
[   10.459887]  genpd_runtime_resume+0x90/0x250
[   10.459893]  __rpm_callback+0x10c/0x1e0
[   10.459898]  rpm_callback+0x5c/0x84
[   10.459903]  rpm_resume+0x4a4/0x74c
[   10.459908]  __pm_runtime_resume+0x78/0xc4
[   10.459913]  spi_mem_access_start.isra.0+0x30/0x80
[   10.459917]  spi_mem_exec_op+0x3b0/0x424
[   10.459922]  spi_nor_read_sr+0x78/0xe0
[   10.459927]  spi_nor_wait_till_ready_with_timeout+0xb4/0x2f0
[   10.459931]  spi_nor_read+0x188/0x380
[   10.459937]  mtd_read_oob_std+0x78/0x84
[   10.459941]  mtd_read_oob+0x7c/0x134
[   10.459945]  mtd_read+0x48/0x7c
[   10.459951]  mtdblock_readsect+0x6c/0x150
[   10.459956]  mtd_queue_rq+0x2cc/0x5a0
[   10.459962]  blk_mq_dispatch_rq_list+0x110/0x790
[   10.459969]  __blk_mq_do_dispatch_sched+0x200/0x274
[   10.459974]  __blk_mq_sched_dispatch_requests+0x1a8/0x1fc
[   10.459980]  blk_mq_sched_dispatch_requests+0x3c/0x7c
[   10.459985]  __blk_mq_run_hw_queue+0x98/0x100
[   10.459989]  blk_mq_run_work_fn+0x24/0x30
[   10.459995]  process_one_work+0x1d4/0x380
[   10.459999]  worker_thread+0x78/0x4e0
[   10.460004]  kthread+0x124/0x130
[   10.460010]  ret_from_fork+0x10/0x3c
[   10.460013] ---[ end trace 5307e1008ae5d7bc ]---
[   10.460091] zynqmp-qspi ff0f0000.spi: Cannot enable APB clock.
[   10.460141] spi_master spi0: Failed to power device: -108
[   10.460152] blk_update_request: I/O error, dev mtdblock0, sector 8 op 0x0:(READ) flags 0x80700 phys_seg 1 prio class 0
[   10.461574] spi_master spi0: Failed to power device: -22
[   10.461582] blk_update_request: I/O error, dev mtdblock0, sector 8 op 0x0:(READ) flags 0x0 phys_seg 8 prio class 0
[   10.461587] Buffer I/O error on dev mtdblock0, logical block 8, async page read
[   10.461597] spi_master spi0: Failed to power device: -22
[   10.461602] blk_update_request: I/O error, dev mtdblock0, sector 9 op 0x0:(READ) flags 0x0 phys_seg 7 prio class 0
[   10.461606] Buffer I/O error on dev mtdblock0, logical block 9, async page read
[   10.461616] spi_master spi0: Failed to power device: -22
[   10.461622] blk_update_request: I/O error, dev mtdblock0, sector 10 op 0x0:(READ) flags 0x0 phys_seg 6 prio class 0
[   10.461626] Buffer I/O error on dev mtdblock0, logical block 10, async page read
[   10.461633] spi_master spi0: Failed to power device: -22
[   10.461639] blk_update_request: I/O error, dev mtdblock0, sector 11 op 0x0:(READ) flags 0x0 phys_seg 5 prio class 0
[   10.461643] Buffer I/O error on dev mtdblock0, logical block 11, async page read
[   10.461650] spi_master spi0: Failed to power device: -22
[   10.461655] blk_update_request: I/O error, dev mtdblock0, sector 12 op 0x0:(READ) flags 0x0 phys_seg 4 prio class 0
[   10.461659] Buffer I/O error on dev mtdblock0, logical block 12, async page read
[   10.461666] spi_master spi0: Failed to power device: -22
[   10.461671] blk_update_request: I/O error, dev mtdblock0, sector 13 op 0x0:(READ) flags 0x0 phys_seg 3 prio class 0
[   10.461675] Buffer I/O error on dev mtdblock0, logical block 13, async page read
[   10.461682] spi_master spi0: Failed to power device: -22
[   10.461688] blk_update_request: I/O error, dev mtdblock0, sector 14 op 0x0:(READ) flags 0x0 phys_seg 2 prio class 0
[   10.461691] Buffer I/O error on dev mtdblock0, logical block 14, async page read
[   10.461698] spi_master spi0: Failed to power device: -22
[   10.461703] blk_update_request: I/O error, dev mtdblock0, sector 15 op 0x0:(READ) flags 0x0 phys_seg 1 prio class 0
[   10.461707] Buffer I/O error on dev mtdblock0, logical block 15, async page read
[   10.462049] spi_master spi0: Failed to power device: -22
[   10.462057] blk_update_request: I/O error, dev mtdblock1, sector 10112 op 0x0:(READ) flags 0x80700 phys_seg 1 prio class 0
[   10.462102] spi_master spi0: Failed to power device: -22
[   10.462108] Buffer I/O error on dev mtdblock1, logical block 10112, async page read
[   10.462116] spi_master spi0: Failed to power device: -22
[   10.462121] Buffer I/O error on dev mtdblock1, logical block 10113, async page read
[   10.462128] spi_master spi0: Failed to power device: -22
[   10.462136] spi_master spi0: Failed to power device: -22
[   10.462144] spi_master spi0: Failed to power device: -22
[   10.462151] spi_master spi0: Failed to power device: -22
[   10.462158] spi_master spi0: Failed to power device: -22
[   10.462166] spi_master spi0: Failed to power device: -22
[   10.462414] spi_master spi0: Failed to power device: -22
[   10.462459] spi_master spi0: Failed to power device: -22
[   10.462468] spi_master spi0: Failed to power device: -22
[   10.462476] spi_master spi0: Failed to power device: -22
[   10.462484] spi_master spi0: Failed to power device: -22
[   10.462491] spi_master spi0: Failed to power device: -22
[   10.462498] spi_master spi0: Failed to power device: -22
[   10.462506] spi_master spi0: Failed to power device: -22
[   10.462513] spi_master spi0: Failed to power device: -22
[   10.462780] spi_master spi0: Failed to power device: -22
[   10.462824] spi_master spi0: Failed to power device: -22
[   10.462833] spi_master spi0: Failed to power device: -22
[   10.462841] spi_master spi0: Failed to power device: -22
[   10.462849] spi_master spi0: Failed to power device: -22
[   10.462856] spi_master spi0: Failed to power device: -22
[   10.462864] spi_master spi0: Failed to power device: -22
[   10.462871] spi_master spi0: Failed to power device: -22
[   10.462878] spi_master spi0: Failed to power device: -22
[   10.600972] EXT4-fs (mmcblk0p2): re-mounted. Opts: (null)
[   10.688101] systemd-journald[157]: Received request to flush runtime journal from PID 1
[   17.395137] macb ff0e0000.ethernet eth0: PHY [ff0e0000.ethernet-ffffffff:0c] driver [TI DP83867] (irq=POLL)
[   17.395150] macb ff0e0000.ethernet eth0: configuring for phy/rgmii-id link mode
[   17.663748] Adding 99324k swap on /var/swap.  Priority:-2 extents:2 across:664572k SS
[   20.674110] broken atomic modeset userspace detected, disabling atomic
[   21.473357] macb ff0e0000.ethernet eth0: Link is Up - 1Gbps/Full - flow control off
[   21.473382] IPv6: ADDRCONF(NETDEV_CHANGE): eth0: link becomes ready
[   23.408110] broken atomic modeset userspace detected, disabling atomic
[   26.539555] broken atomic modeset userspace detected, disabling atomic
[   29.555430] broken atomic modeset userspace detected, disabling atomic