[    0.000000] Booting Linux on physical CPU 0x0000000000 [0x410fd034]
[    0.000000] Linux version 5.10.0-98103-g2aa7ac113716 (jenkins@romlxbuild1.adlk.analog.com) (aarch64-xilinx-linux-gcc.real (GCC) 10.2.0, GNU ld (GNU Binutils) 2.35.0.20200730) #5577 SMP Wed Mar 23 07:28:49 GMT 2022
[    0.000000] Machine model: ZynqMP ZCU102 Rev1.0
[    0.000000] earlycon: cdns0 at MMIO 0x00000000ff000000 (options '115200n8')
[    0.000000] printk: bootconsole [cdns0] enabled
[    0.000000] efi: UEFI not found.
[    0.000000] cma: Reserved 256 MiB at 0x0000000070000000
[    0.000000] Zone ranges:
[    0.000000]   DMA      [mem 0x0000000000000000-0x000000003fffffff]
[    0.000000]   DMA32    [mem 0x0000000040000000-0x00000000ffffffff]
[    0.000000]   Normal   [mem 0x0000000100000000-0x000000087fffffff]
[    0.000000] Movable zone start for each node
[    0.000000] Early memory node ranges
[    0.000000]   node   0: [mem 0x0000000000000000-0x000000007fffffff]
[    0.000000]   node   0: [mem 0x0000000800000000-0x000000087fffffff]
[    0.000000] Initmem setup node 0 [mem 0x0000000000000000-0x000000087fffffff]
[    0.000000] On node 0 totalpages: 1048576
[    0.000000]   DMA zone: 3584 pages used for memmap
[    0.000000]   DMA zone: 0 pages reserved
[    0.000000]   DMA zone: 262144 pages, LIFO batch:63
[    0.000000]   DMA32 zone: 3584 pages used for memmap
[    0.000000]   DMA32 zone: 262144 pages, LIFO batch:63
[    0.000000]   Normal zone: 7168 pages used for memmap
[    0.000000]   Normal zone: 524288 pages, LIFO batch:63
[    0.000000] psci: probing for conduit method from DT.
[    0.000000] psci: PSCIv1.1 detected in firmware.
[    0.000000] psci: Using standard PSCI v0.2 function IDs
[    0.000000] psci: MIGRATE_INFO_TYPE not supported.
[    0.000000] psci: SMC Calling Convention v1.2
[    0.000000] percpu: Embedded 22 pages/cpu s49496 r8192 d32424 u90112
[    0.000000] pcpu-alloc: s49496 r8192 d32424 u90112 alloc=22*4096
[    0.000000] pcpu-alloc: [0] 0 [0] 1 [0] 2 [0] 3 
[    0.000000] Detected VIPT I-cache on CPU0
[    0.000000] CPU features: detected: ARM erratum 845719
[    0.000000] Built 1 zonelists, mobility grouping on.  Total pages: 1034240
[    0.000000] Kernel command line: console=ttyPS0,115200 root=/dev/mmcblk0p2 rw earlycon rootfstype=ext4 rootwait clk_ignore_unused cpuidle.off=1 root=/dev/mmcblk0p2 rw rootwait
[    0.000000] Dentry cache hash table entries: 524288 (order: 10, 4194304 bytes, linear)
[    0.000000] Inode-cache hash table entries: 262144 (order: 9, 2097152 bytes, linear)
[    0.000000] mem auto-init: stack:off, heap alloc:off, heap free:off
[    0.000000] software IO TLB: mapped [mem 0x000000003bfff000-0x000000003ffff000] (64MB)
[    0.000000] Memory: 3761904K/4194304K available (15296K kernel code, 1636K rwdata, 11876K rodata, 2560K init, 507K bss, 170256K reserved, 262144K cma-reserved)
[    0.000000] rcu: Hierarchical RCU implementation.
[    0.000000] rcu: 	RCU event tracing is enabled.
[    0.000000] rcu: 	RCU restricting CPUs from NR_CPUS=8 to nr_cpu_ids=4.
[    0.000000] rcu: RCU calculated value of scheduler-enlistment delay is 25 jiffies.
[    0.000000] rcu: Adjusting geometry for rcu_fanout_leaf=16, nr_cpu_ids=4
[    0.000000] NR_IRQS: 64, nr_irqs: 64, preallocated irqs: 0
[    0.000000] GIC: Adjusting CPU interface base to 0x00000000f902f000
[    0.000000] GIC: Using split EOI/Deactivate mode
[    0.000000] random: get_random_bytes called from start_kernel+0x31c/0x54c with crng_init=0
[    0.000000] arch_timer: cp15 timer(s) running at 100.00MHz (phys).
[    0.000000] clocksource: arch_sys_counter: mask: 0xffffffffffffff max_cycles: 0x171024e7e0, max_idle_ns: 440795205315 ns
[    0.000003] sched_clock: 56 bits at 100MHz, resolution 10ns, wraps every 4398046511100ns
[    0.008462] Console: colour dummy device 80x25
[    0.012483] Calibrating delay loop (skipped), value calculated using timer frequency.. 200.00 BogoMIPS (lpj=400000)
[    0.022841] pid_max: default: 32768 minimum: 301
[    0.027552] Mount-cache hash table entries: 8192 (order: 4, 65536 bytes, linear)
[    0.034789] Mountpoint-cache hash table entries: 8192 (order: 4, 65536 bytes, linear)
[    0.043395] rcu: Hierarchical SRCU implementation.
[    0.047559] EFI services will not be available.
[    0.051937] smp: Bringing up secondary CPUs ...
[    0.056657] Detected VIPT I-cache on CPU1
[    0.056697] CPU1: Booted secondary processor 0x0000000001 [0x410fd034]
[    0.057060] Detected VIPT I-cache on CPU2
[    0.057084] CPU2: Booted secondary processor 0x0000000002 [0x410fd034]
[    0.057424] Detected VIPT I-cache on CPU3
[    0.057447] CPU3: Booted secondary processor 0x0000000003 [0x410fd034]
[    0.057493] smp: Brought up 1 node, 4 CPUs
[    0.091780] SMP: Total of 4 processors activated.
[    0.096452] CPU features: detected: 32-bit EL0 Support
[    0.101556] CPU features: detected: CRC32 instructions
[    0.106697] CPU: All CPU(s) started at EL2
[    0.110737] alternatives: patching kernel code
[    0.116167] devtmpfs: initialized
[    0.124059] Registered cp15_barrier emulation handler
[    0.124109] Registered setend emulation handler
[    0.128093] clocksource: jiffies: mask: 0xffffffff max_cycles: 0xffffffff, max_idle_ns: 7645041785100000 ns
[    0.137670] futex hash table entries: 1024 (order: 4, 65536 bytes, linear)
[    0.151024] pinctrl core: initialized pinctrl subsystem
[    0.151672] NET: Registered protocol family 16
[    0.156093] DMA: preallocated 512 KiB GFP_KERNEL pool for atomic allocations
[    0.162108] DMA: preallocated 512 KiB GFP_KERNEL|GFP_DMA pool for atomic allocations
[    0.169834] DMA: preallocated 512 KiB GFP_KERNEL|GFP_DMA32 pool for atomic allocations
[    0.177637] audit: initializing netlink subsys (disabled)
[    0.183089] audit: type=2000 audit(0.116:1): state=initialized audit_enabled=0 res=1
[    0.183434] hw-breakpoint: found 6 breakpoint and 4 watchpoint registers.
[    0.197462] ASID allocator initialised with 65536 entries
[    0.224347] HugeTLB registered 1.00 GiB page size, pre-allocated 0 pages
[    0.225403] HugeTLB registered 32.0 MiB page size, pre-allocated 0 pages
[    0.232073] HugeTLB registered 2.00 MiB page size, pre-allocated 0 pages
[    0.238737] HugeTLB registered 64.0 KiB page size, pre-allocated 0 pages
[    1.304324] DRBG: Continuing without Jitter RNG
[    1.382128] raid6: neonx8   gen()  2145 MB/s
[    1.450182] raid6: neonx8   xor()  1599 MB/s
[    1.518236] raid6: neonx4   gen()  2203 MB/s
[    1.586285] raid6: neonx4   xor()  1567 MB/s
[    1.654348] raid6: neonx2   gen()  2075 MB/s
[    1.722399] raid6: neonx2   xor()  1440 MB/s
[    1.790475] raid6: neonx1   gen()  1772 MB/s
[    1.858512] raid6: neonx1   xor()  1220 MB/s
[    1.926577] raid6: int64x8  gen()  1438 MB/s
[    1.994628] raid6: int64x8  xor()   771 MB/s
[    2.062694] raid6: int64x4  gen()  1599 MB/s
[    2.130754] raid6: int64x4  xor()   818 MB/s
[    2.198823] raid6: int64x2  gen()  1397 MB/s
[    2.266864] raid6: int64x2  xor()   750 MB/s
[    2.334939] raid6: int64x1  gen()  1034 MB/s
[    2.403004] raid6: int64x1  xor()   517 MB/s
[    2.403042] raid6: using algorithm neonx4 gen() 2203 MB/s
[    2.406996] raid6: .... xor() 1567 MB/s, rmw enabled
[    2.411926] raid6: using neon recovery algorithm
[    2.416935] iommu: Default domain type: Translated 
[    2.421551] SCSI subsystem initialized
[    2.425096] libata version 3.00 loaded.
[    2.425220] usbcore: registered new interface driver usbfs
[    2.430552] usbcore: registered new interface driver hub
[    2.435825] usbcore: registered new device driver usb
[    2.440958] mc: Linux media interface: v0.10
[    2.445075] videodev: Linux video capture interface: v2.00
[    2.450566] EDAC MC: Ver: 3.0.0
[    2.454006] zynqmp-ipi-mbox mailbox@ff990400: Registered ZynqMP IPI mbox with TX/RX channels.
[    2.462509] jesd204: created con: id=0, topo=0, link=0, /axi/spi@ff050000/hmc7044@0 <-> /fpga-axi@0/axi-adxcvr-tx@84b60000
[    2.473095] jesd204: created con: id=1, topo=0, link=2, /axi/spi@ff050000/hmc7044@0 <-> /fpga-axi@0/axi-adxcvr-rx@84a60000
[    2.484079] jesd204: created con: id=2, topo=0, link=0, /fpga-axi@0/axi-adxcvr-tx@84b60000 <-> /fpga-axi@0/axi-jesd204-tx@84b90000
[    2.495754] jesd204: created con: id=3, topo=0, link=2, /fpga-axi@0/axi-adxcvr-rx@84a60000 <-> /fpga-axi@0/axi-jesd204-rx@84a90000
[    2.507432] jesd204: created con: id=4, topo=0, link=0, /fpga-axi@0/axi-jesd204-tx@84b90000 <-> /fpga-axi@0/axi-ad9081-tx-hpc@84b10000
[    2.519459] jesd204: created con: id=5, topo=0, link=2, /fpga-axi@0/axi-jesd204-rx@84a90000 <-> /fpga-axi@0/axi-ad9081-rx-hpc@84a10000
[    2.531482] jesd204: created con: id=6, topo=0, link=2, /fpga-axi@0/axi-ad9081-rx-hpc@84a10000 <-> /axi/spi@ff040000/ad9081@0
[    2.542724] jesd204: created con: id=7, topo=0, link=0, /fpga-axi@0/axi-ad9081-tx-hpc@84b10000 <-> /axi/spi@ff040000/ad9081@0
[    2.553973] jesd204: /axi/spi@ff040000/ad9081@0: JESD204[2] transition uninitialized -> initialized
[    2.562960] jesd204: /axi/spi@ff040000/ad9081@0: JESD204[0] transition uninitialized -> initialized
[    2.571952] jesd204: found 8 devices and 1 topologies
[    2.576995] FPGA manager framework
[    2.580472] Advanced Linux Sound Architecture Driver Initialized.
[    2.586767] Bluetooth: Core ver 2.22
[    2.589954] NET: Registered protocol family 31
[    2.594356] Bluetooth: HCI device and connection manager initialized
[    2.600672] Bluetooth: HCI socket layer initialized
[    2.605514] Bluetooth: L2CAP socket layer initialized
[    2.610538] Bluetooth: SCO socket layer initialized
[    2.615721] clocksource: Switched to clocksource arch_sys_counter
[    2.621531] VFS: Disk quotas dquot_6.6.0
[    2.625366] VFS: Dquot-cache hash table entries: 512 (order 0, 4096 bytes)
[    2.636077] NET: Registered protocol family 2
[    2.636809] tcp_listen_portaddr_hash hash table entries: 2048 (order: 3, 32768 bytes, linear)
[    2.645006] TCP established hash table entries: 32768 (order: 6, 262144 bytes, linear)
[    2.653030] TCP bind hash table entries: 32768 (order: 7, 524288 bytes, linear)
[    2.660475] TCP: Hash tables configured (established 32768 bind 32768)
[    2.666649] UDP hash table entries: 2048 (order: 4, 65536 bytes, linear)
[    2.673316] UDP-Lite hash table entries: 2048 (order: 4, 65536 bytes, linear)
[    2.680477] NET: Registered protocol family 1
[    2.684932] RPC: Registered named UNIX socket transport module.
[    2.690553] RPC: Registered udp transport module.
[    2.695218] RPC: Registered tcp transport module.
[    2.699887] RPC: Registered tcp NFSv4.1 backchannel transport module.
[    2.706877] PCI: CLS 0 bytes, default 64
[    2.710583] hw perfevents: no interrupt-affinity property for /pmu, guessing.
[    2.717438] hw perfevents: enabled with armv8_pmuv3 PMU driver, 7 counters available
[    2.725794] Initialise system trusted keyrings
[    2.729469] workingset: timestamp_bits=62 max_order=20 bucket_order=0
[    2.736366] NFS: Registering the id_resolver key type
[    2.740817] Key type id_resolver registered
[    2.744955] Key type id_legacy registered
[    2.748945] nfs4filelayout_init: NFSv4 File Layout Driver Registering...
[    2.755611] jffs2: version 2.2. (NAND) (SUMMARY)  Â© 2001-2006 Red Hat, Inc.
[    2.798343] NET: Registered protocol family 38
[    2.798385] xor: measuring software checksum speed
[    2.806072]    8regs           :  2363 MB/sec
[    2.809741]    32regs          :  2799 MB/sec
[    2.814684]    arm64_neon      :  2380 MB/sec
[    2.814874] xor: using function: 32regs (2799 MB/sec)
[    2.819900] Key type asymmetric registered
[    2.823961] Asymmetric key parser 'x509' registered
[    2.828822] Block layer SCSI generic (bsg) driver version 0.4 loaded (major 248)
[    2.836159] io scheduler mq-deadline registered
[    2.840655] io scheduler kyber registered
[    2.870058] Serial: 8250/16550 driver, 4 ports, IRQ sharing disabled
[    2.874707] cacheinfo: Unable to detect cache hierarchy for CPU 0
[    2.881038] brd: module loaded
[    2.885183] loop: module loaded
[    2.885729] Registered mathworks_ip class
[    2.889068] libphy: Fixed MDIO Bus: probed
[    2.892054] tun: Universal TUN/TAP device driver, 1.6
[    2.896111] CAN device driver interface
[    2.900647] usbcore: registered new interface driver asix
[    2.905241] usbcore: registered new interface driver ax88179_178a
[    2.911276] usbcore: registered new interface driver cdc_ether
[    2.917070] usbcore: registered new interface driver net1080
[    2.922697] usbcore: registered new interface driver cdc_subset
[    2.928577] usbcore: registered new interface driver zaurus
[    2.934120] usbcore: registered new interface driver cdc_ncm
[    2.940523] ehci_hcd: USB 2.0 'Enhanced' Host Controller (EHCI) Driver
[    2.946206] ehci-pci: EHCI PCI platform driver
[    2.951003] usbcore: registered new interface driver uas
[    2.955921] usbcore: registered new interface driver usb-storage
[    2.961910] usbcore: registered new interface driver usbserial_generic
[    2.968360] usbserial: USB Serial support registered for generic
[    2.974333] usbcore: registered new interface driver ftdi_sio
[    2.980036] usbserial: USB Serial support registered for FTDI USB Serial Device
[    2.987311] usbcore: registered new interface driver upd78f0730
[    2.993183] usbserial: USB Serial support registered for upd78f0730
[    3.000849] rtc_zynqmp ffa60000.rtc: registered as rtc0
[    3.004609] rtc_zynqmp ffa60000.rtc: setting system clock to 2022-03-26T00:54:02 UTC (1648256042)
[    3.013471] i2c /dev entries driver
[    3.018777] usbcore: registered new interface driver uvcvideo
[    3.022584] USB Video Class driver (1.1.1)
[    3.028164] Bluetooth: HCI UART driver ver 2.3
[    3.031056] Bluetooth: HCI UART protocol H4 registered
[    3.036165] Bluetooth: HCI UART protocol BCSP registered
[    3.041454] Bluetooth: HCI UART protocol LL registered
[    3.046543] Bluetooth: HCI UART protocol ATH3K registered
[    3.051917] Bluetooth: HCI UART protocol Three-wire (H5) registered
[    3.058173] Bluetooth: HCI UART protocol Intel registered
[    3.063509] Bluetooth: HCI UART protocol QCA registered
[    3.068711] usbcore: registered new interface driver bcm203x
[    3.074333] usbcore: registered new interface driver bpa10x
[    3.079868] usbcore: registered new interface driver bfusb
[    3.085318] usbcore: registered new interface driver btusb
[    3.090781] usbcore: registered new interface driver ath3k
[    3.096265] EDAC MC: ECC not enabled
[    3.099890] EDAC DEVICE0: Giving out device to module zynqmp-ocm-edac controller zynqmp_ocm: DEV ff960000.memory-controller (INTERRUPT)
[    3.112203] sdhci: Secure Digital Host Controller Interface driver
[    3.117992] sdhci: Copyright(c) Pierre Ossman
[    3.122317] sdhci-pltfm: SDHCI platform and OF driver helper
[    3.128369] ledtrig-cpu: registered to indicate activity on CPUs
[    3.133921] SMCCC: SOC_ID: ARCH_SOC_ID not implemented, skipping ....
[    3.140351] zynqmp_firmware_probe Platform Management API v1.1
[    3.146108] zynqmp_firmware_probe Trustzone version v1.0
[    3.185664] zynqmp-pinctrl firmware:zynqmp-firmware:pinctrl: zynqmp pinctrl initialized
[    3.233668] zynqmp-aes firmware:zynqmp-firmware:zynqmp-aes: will run requests pump with realtime priority
[    3.249409] alg: No test for xilinx-keccak-384 (zynqmp-keccak-384)
[    3.250120] alg: No test for xilinx-zynqmp-rsa (zynqmp-rsa)
[    3.255637] usbcore: registered new interface driver usbhid
[    3.261023] usbhid: USB HID core driver
[    3.272255] axi_sysid 85000000.axi-sysid-0: AXI System ID core version (1.01.a) found
[    3.274603] axi_sysid 85000000.axi-sysid-0: [ad9081_fmca_ebz] on [zcu102] git branch <master> git <084d44c9780640ca93fd847b1d9ec70dd65f5c67> clean [2022-03-18 04:17:50] UTC
[    3.290293] fpga_manager fpga0: Xilinx ZynqMP FPGA Manager registered
[    3.296656] usbcore: registered new interface driver snd-usb-audio
[    3.304090] pktgen: Packet Generator for packet performance testing. Version: 2.75
[    3.310265] Initializing XFRM netlink socket
[    3.314136] NET: Registered protocol family 10
[    3.318848] Segment Routing with IPv6
[    3.322233] sit: IPv6, IPv4 and MPLS over IPv4 tunneling driver
[    3.328298] NET: Registered protocol family 17
[    3.332404] NET: Registered protocol family 15
[    3.336900] can: controller area network core
[    3.341155] NET: Registered protocol family 29
[    3.345544] can: raw protocol
[    3.348481] can: broadcast manager protocol
[    3.352636] can: netlink gateway - max_hops=1
[    3.357028] Bluetooth: RFCOMM TTY layer initialized
[    3.361810] Bluetooth: RFCOMM socket layer initialized
[    3.366922] Bluetooth: RFCOMM ver 1.11
[    3.370628] Bluetooth: BNEP (Ethernet Emulation) ver 1.3
[    3.375900] Bluetooth: BNEP filters: protocol multicast
[    3.381094] Bluetooth: BNEP socket layer initialized
[    3.386021] Bluetooth: HIDP (Human Interface Emulation) ver 1.2
[    3.391904] Bluetooth: HIDP socket layer initialized
[    3.396959] 9pnet: Installing 9P2000 support
[    3.401081] NET: Registered protocol family 36
[    3.405499] Key type dns_resolver registered
[    3.409933] registered taskstats version 1
[    3.413795] Loading compiled-in X.509 certificates
[    3.418909] Btrfs loaded, crc32c=crc32c-generic
[    3.431299] ff000000.serial: ttyPS0 at MMIO 0xff000000 (irq = 49, base_baud = 6249999) is a xuartps
[    3.440320] printk: console [ttyPS0] enabled
[    3.444615] printk: bootconsole [cdns0] disabled
[    3.454241] ff010000.serial: ttyPS1 at MMIO 0xff010000 (irq = 50, base_baud = 6249999) is a xuartps
[    3.467490] of-fpga-region fpga-full: FPGA Region probed
[    3.474447] nwl-pcie fd0e0000.pcie: host bridge /axi/pcie@fd0e0000 ranges:
[    3.481345] nwl-pcie fd0e0000.pcie:      MEM 0x00e0000000..0x00efffffff -> 0x00e0000000
[    3.489353] nwl-pcie fd0e0000.pcie:      MEM 0x0600000000..0x07ffffffff -> 0x0600000000
[    3.497417] nwl-pcie fd0e0000.pcie: Link is DOWN
[    3.502174] nwl-pcie fd0e0000.pcie: PCI host bridge to bus 0000:00
[    3.508352] pci_bus 0000:00: root bus resource [bus 00-ff]
[    3.513834] pci_bus 0000:00: root bus resource [mem 0xe0000000-0xefffffff]
[    3.520704] pci_bus 0000:00: root bus resource [mem 0x600000000-0x7ffffffff pref]
[    3.528207] pci 0000:00:00.0: [10ee:d021] type 01 class 0x060400
[    3.534264] pci 0000:00:00.0: PME# supported from D0 D1 D2 D3hot
[    3.544710] pci 0000:00:00.0: PCI bridge to [bus 01-0c]
[    3.550693] xilinx-zynqmp-dma fd500000.dma: ZynqMP DMA driver Probe success
[    3.557868] xilinx-zynqmp-dma fd510000.dma: ZynqMP DMA driver Probe success
[    3.565038] xilinx-zynqmp-dma fd520000.dma: ZynqMP DMA driver Probe success
[    3.572207] xilinx-zynqmp-dma fd530000.dma: ZynqMP DMA driver Probe success
[    3.579370] xilinx-zynqmp-dma fd540000.dma: ZynqMP DMA driver Probe success
[    3.586540] xilinx-zynqmp-dma fd550000.dma: ZynqMP DMA driver Probe success
[    3.593710] xilinx-zynqmp-dma fd560000.dma: ZynqMP DMA driver Probe success
[    3.600882] xilinx-zynqmp-dma fd570000.dma: ZynqMP DMA driver Probe success
[    3.608275] xilinx-zynqmp-dpdma fd4c0000.dma-controller: Xilinx DPDMA engine is probed
[    3.616833] ahci-ceva fd0c0000.ahci: supply ahci not found, using dummy regulator
[    3.624377] ahci-ceva fd0c0000.ahci: supply phy not found, using dummy regulator
[    3.711897] hmc7044 spi2.0: PLL1: Acquisition, CLKIN0 @ 122880000 Hz, PFD: 80 kHz - PLL2: Locked @ 2604.000000 MHz
[    3.722611] jesd204: /axi/spi@ff050000/hmc7044@0,jesd204:1,parent=spi2.0: Using as SYSREF provider
[    3.732192] spi-nor spi0.0: SPI-NOR-UniqueID 100000235394732200270025081115266e
[    3.739501] spi-nor spi0.0: found n25q512a, expected m25p80
[    3.745697] spi-nor spi0.0: trying to lock already unlocked area
[    3.751702] spi-nor spi0.0: n25q512a (131072 Kbytes)
[    3.756681] 4 fixed-partitions partitions found on MTD device spi0.0
[    3.763026] Creating 4 MTD partitions on "spi0.0":
[    3.767811] 0x000000000000-0x000000100000 : "qspi-fsbl-uboot"
[    3.774299] 0x000000100000-0x000000600000 : "qspi-linux"
[    3.780259] 0x000000600000-0x000000620000 : "qspi-device-tree"
[    3.786736] 0x000000620000-0x000000c00000 : "qspi-rootfs"
[    3.795202] macb ff0e0000.ethernet: Not enabling partial store and forward
[    3.802727] libphy: MACB_mii_bus: probed
[    3.807783] macb ff0e0000.ethernet eth0: Cadence GEM rev 0x50070106 at 0xff0e0000 irq 30 (00:0a:35:04:8e:1b)
[    3.817992] xilinx-axipmon ffa00000.perf-monitor: Probed Xilinx APM
[    3.824572] xilinx-axipmon fd0b0000.perf-monitor: Probed Xilinx APM
[    3.831088] xilinx-axipmon fd490000.perf-monitor: Probed Xilinx APM
[    3.837624] xilinx-axipmon ffa10000.perf-monitor: Probed Xilinx APM
[    3.847627] pca953x 0-0020: supply vcc not found, using dummy regulator
[    3.854311] pca953x 0-0020: using no AI
[    3.858800] gpio-496 (sel0): hogged as output/low
[    3.863701] gpio-497 (sel1): hogged as output/high
[    3.868693] gpio-498 (sel2): hogged as output/high
[    3.873683] gpio-499 (sel3): hogged as output/high
[    3.878866] pca953x 0-0021: supply vcc not found, using dummy regulator
[    3.885537] pca953x 0-0021: using no AI
[    3.891300] ina2xx 2-0040: power monitor ina226 (Rshunt = 5000 uOhm)
[    3.898325] ina2xx 2-0041: power monitor ina226 (Rshunt = 5000 uOhm)
[    3.905368] ina2xx 2-0042: power monitor ina226 (Rshunt = 5000 uOhm)
[    3.912397] ina2xx 2-0043: power monitor ina226 (Rshunt = 5000 uOhm)
[    3.919424] ina2xx 2-0044: power monitor ina226 (Rshunt = 5000 uOhm)
[    3.926441] ina2xx 2-0045: power monitor ina226 (Rshunt = 5000 uOhm)
[    3.933473] ina2xx 2-0046: power monitor ina226 (Rshunt = 5000 uOhm)
[    3.940550] ina2xx 2-0047: power monitor ina226 (Rshunt = 5000 uOhm)
[    3.947577] ina2xx 2-004a: power monitor ina226 (Rshunt = 5000 uOhm)
[    3.954615] ina2xx 2-004b: power monitor ina226 (Rshunt = 5000 uOhm)
[    3.961029] i2c i2c-0: Added multiplexed i2c bus 2
[    3.966418] random: fast init done
[    3.969892] ina2xx 3-0040: power monitor ina226 (Rshunt = 2000 uOhm)
[    3.976921] ina2xx 3-0041: power monitor ina226 (Rshunt = 5000 uOhm)
[    3.983944] ina2xx 3-0042: power monitor ina226 (Rshunt = 5000 uOhm)
[    3.990978] ina2xx 3-0043: power monitor ina226 (Rshunt = 5000 uOhm)
[    3.998005] ina2xx 3-0044: power monitor ina226 (Rshunt = 5000 uOhm)
[    4.005031] ina2xx 3-0045: power monitor ina226 (Rshunt = 5000 uOhm)
[    4.012063] ina2xx 3-0046: power monitor ina226 (Rshunt = 5000 uOhm)
[    4.019095] ina2xx 3-0047: power monitor ina226 (Rshunt = 5000 uOhm)
[    4.025494] i2c i2c-0: Added multiplexed i2c bus 3
[    4.081341] i2c i2c-0: Added multiplexed i2c bus 4
[    4.086279] i2c i2c-0: Added multiplexed i2c bus 5
[    4.091067] pca954x 0-0075: registered 4 multiplexed busses for I2C mux pca9544
[    4.098416] cdns-i2c ff020000.i2c: 400 kHz mmio ff020000 irq 32
[    4.106147] at24 6-0054: supply vcc not found, using dummy regulator
[    4.113048] at24 6-0054: 1024 byte 24c08 EEPROM, writable, 1 bytes/write
[    4.119795] i2c i2c-1: Added multiplexed i2c bus 6
[    4.126227] si5341 7-0036: Chip: 5341 Grade: 1 Rev: 1
[    4.163915] i2c i2c-1: Added multiplexed i2c bus 7
[    4.171573] si570 8-005d: registered, current frequency 300000000 Hz
[    4.177976] i2c i2c-1: Added multiplexed i2c bus 8
[    4.197752] si570 9-005d: registered, current frequency 148500000 Hz
[    4.204156] i2c i2c-1: Added multiplexed i2c bus 9
[    4.209195] si5324 10-0069: si5328 probed
[    4.276072] si5324 10-0069: si5328 probe successful
[    4.281003] i2c i2c-1: Added multiplexed i2c bus 10
[    4.286031] i2c i2c-1: Added multiplexed i2c bus 11
[    4.291059] i2c i2c-1: Added multiplexed i2c bus 12
[    4.296076] i2c i2c-1: Added multiplexed i2c bus 13
[    4.300949] pca954x 1-0074: registered 8 multiplexed busses for I2C switch pca9548
[    4.309061] at24 14-0050: supply vcc not found, using dummy regulator
[    4.315846] at24 14-0050: 256 byte 24c02 EEPROM, writable, 1 bytes/write
[    4.322593] i2c i2c-1: Added multiplexed i2c bus 14
[    4.327631] i2c i2c-1: Added multiplexed i2c bus 15
[    4.332664] i2c i2c-1: Added multiplexed i2c bus 16
[    4.337702] i2c i2c-1: Added multiplexed i2c bus 17
[    4.342738] i2c i2c-1: Added multiplexed i2c bus 18
[    4.347780] i2c i2c-1: Added multiplexed i2c bus 19
[    4.352817] i2c i2c-1: Added multiplexed i2c bus 20
[    4.357847] i2c i2c-1: Added multiplexed i2c bus 21
[    4.362724] pca954x 1-0075: registered 8 multiplexed busses for I2C switch pca9548
[    4.370333] cdns-i2c ff030000.i2c: 400 kHz mmio ff030000 irq 33
[    4.380082] cdns-wdt fd4d0000.watchdog: Xilinx Watchdog Timer with timeout 60s
[    4.390870] axi_adxcvr 84a60000.axi-adxcvr-rx: AXI-ADXCVR-RX (17.05.a) using CPLL on GTH4 at 0x84A60000. Number of lanes: 4.
[    4.403018] axi_adxcvr 84b60000.axi-adxcvr-tx: AXI-ADXCVR-TX (17.05.a) using QPLL on GTH4 at 0x84B60000. Number of lanes: 4.
[    4.414641] axi-jesd204-rx 84a90000.axi-jesd204-rx: AXI-JESD204-RX (1.07.a) at 0x84A90000. Encoder 8b10b, width 4/4, lanes 4, jesd204-fsm.
[    4.422180] mmc0: SDHCI controller on ff170000.mmc [ff170000.mmc] using ADMA 64-bit
[    4.427485] axi-jesd204-tx 84b90000.axi-jesd204-tx: AXI-JESD204-TX (1.06.a) at 0x84B90000. Encoder 8b10b, width 4/4, lanes 4, jesd204-fsm.
[    4.448212] zynqmp-display fd4a0000.display: vtc bridge property not present
[    4.457860] xilinx-dp-snd-codec fd4a0000.display:zynqmp_dp_snd_codec0: Failed to get required clock freq
[    4.467360] xilinx-dp-snd-codec: probe of fd4a0000.display:zynqmp_dp_snd_codec0 failed with error -22
[    4.469494] mmc0: new high speed SDHC card at address 0001
[    4.476900] xilinx-dp-snd-pcm zynqmp_dp_snd_pcm0: Xilinx DisplayPort Sound PCM probed
[    4.482414] mmcblk0: mmc0:0001 EB1QT 29.8 GiB 
[    4.490219] xilinx-dp-snd-pcm zynqmp_dp_snd_pcm1: Xilinx DisplayPort Sound PCM probed
[    4.502507] OF: graph: no port node found in /axi/display@fd4a0000
[    4.508914] xlnx-drm xlnx-drm.0: bound fd4a0000.display (ops 0xffffffc010fcbdb8)
[    4.509724]  mmcblk0: p1 p2 p3
[    5.595738] zynqmp-display fd4a0000.display: [drm] Cannot find any crtc or sizes
[    5.603367] [drm] Initialized xlnx 1.0.0 20130509 for fd4a0000.display on minor 0
[    5.610863] zynqmp-display fd4a0000.display: ZynqMP DisplayPort Subsystem driver probed
[    5.619209] ahci-ceva fd0c0000.ahci: supply ahci not found, using dummy regulator
[    5.626754] ahci-ceva fd0c0000.ahci: supply phy not found, using dummy regulator
[    5.634205] ahci-ceva fd0c0000.ahci: supply target not found, using dummy regulator
[    5.642043] ahci-ceva fd0c0000.ahci: AHCI 0001.0301 32 slots 2 ports 6 Gbps 0x3 impl platform mode
[    5.651000] ahci-ceva fd0c0000.ahci: flags: 64bit ncq sntf pm clo only pmp fbs pio slum part ccc sds apst 
[    5.661656] scsi host0: ahci-ceva
[    5.665248] scsi host1: ahci-ceva
[    5.668675] ata1: SATA max UDMA/133 mmio [mem 0xfd0c0000-0xfd0c1fff] port 0x100 irq 45
[    5.676587] ata2: SATA max UDMA/133 mmio [mem 0xfd0c0000-0xfd0c1fff] port 0x180 irq 45
[    5.685200] ad9081 spi1.0: supply vdd not found, using dummy regulator
[    5.997973] ata1: SATA link down (SStatus 0 SControl 330)
[    6.003396] ata2: SATA link down (SStatus 0 SControl 330)
[    6.679738] zynqmp-display fd4a0000.display: [drm] Cannot find any crtc or sizes
[    6.903196] ad9081 spi1.0: Invalid param passed., "ref_clk_hz < 100000000ULL" in adi_ad9081_device_clk_config_set(...), line554 in drivers/iio/adc/ad9081/adi_ad9081_device.c
[    7.580671] ad9081 spi1.0: AD9081 Rev. 2 Grade 10 (API 1.2.2) probed
[    7.587883] xhci-hcd xhci-hcd.1.auto: xHCI Host Controller
[    7.593375] xhci-hcd xhci-hcd.1.auto: new USB bus registered, assigned bus number 1
[    7.601127] xhci-hcd xhci-hcd.1.auto: hcc params 0x0238f625 hci version 0x100 quirks 0x0000000002010810
[    7.610545] xhci-hcd xhci-hcd.1.auto: irq 59, io mem 0xfe200000
[    7.616653] usb usb1: New USB device found, idVendor=1d6b, idProduct=0002, bcdDevice= 5.10
[    7.624910] usb usb1: New USB device strings: Mfr=3, Product=2, SerialNumber=1
[    7.632128] usb usb1: Product: xHCI Host Controller
[    7.636998] usb usb1: Manufacturer: Linux 5.10.0-98103-g2aa7ac113716 xhci-hcd
[    7.644127] usb usb1: SerialNumber: xhci-hcd.1.auto
[    7.649296] hub 1-0:1.0: USB hub found
[    7.653060] hub 1-0:1.0: 1 port detected
[    7.657166] xhci-hcd xhci-hcd.1.auto: xHCI Host Controller
[    7.662654] xhci-hcd xhci-hcd.1.auto: new USB bus registered, assigned bus number 2
[    7.670315] xhci-hcd xhci-hcd.1.auto: Host supports USB 3.0 SuperSpeed
[    7.676937] usb usb2: New USB device found, idVendor=1d6b, idProduct=0003, bcdDevice= 5.10
[    7.685202] usb usb2: New USB device strings: Mfr=3, Product=2, SerialNumber=1
[    7.692420] usb usb2: Product: xHCI Host Controller
[    7.697288] usb usb2: Manufacturer: Linux 5.10.0-98103-g2aa7ac113716 xhci-hcd
[    7.704414] usb usb2: SerialNumber: xhci-hcd.1.auto
[    7.709523] hub 2-0:1.0: USB hub found
[    7.713287] hub 2-0:1.0: 1 port detected
[    7.743329] cf_axi_adc 84a10000.axi-ad9081-rx-hpc: ADI AIM (10.01.b) at 0x84A10000 mapped to 0x(____ptrval____), probed ADC AD9081 as MASTER
[    7.776554] cf_axi_dds 84b10000.axi-ad9081-tx-hpc: Analog Devices CF_AXI_DDS_DDS MASTER (9.01.b) at 0x84B10000 mapped to 0x(____ptrval____), probed DDS AD9081
[    7.790753] jesd204: /axi/spi@ff040000/ad9081@0,jesd204:0,parent=spi1.0: JESD204[2] transition initialized -> probed
[    7.801274] jesd204: /axi/spi@ff040000/ad9081@0,jesd204:0,parent=spi1.0: JESD204[0] transition initialized -> probed
[    7.811798] jesd204: /axi/spi@ff040000/ad9081@0,jesd204:0,parent=spi1.0: JESD204[2] transition probed -> idle
[    7.821706] jesd204: /axi/spi@ff040000/ad9081@0,jesd204:0,parent=spi1.0: JESD204[0] transition probed -> idle
[    7.831620] jesd204: /axi/spi@ff040000/ad9081@0,jesd204:0,parent=spi1.0: JESD204[2] transition idle -> device_init
[    7.841963] jesd204: /axi/spi@ff040000/ad9081@0,jesd204:0,parent=spi1.0: JESD204[0] transition idle -> device_init
[    7.852314] jesd204: /axi/spi@ff040000/ad9081@0,jesd204:0,parent=spi1.0: JESD204[2] transition device_init -> link_init
[    7.863093] jesd204: /axi/spi@ff040000/ad9081@0,jesd204:0,parent=spi1.0: JESD204[0] transition device_init -> link_init
[    7.873884] jesd204: /axi/spi@ff040000/ad9081@0,jesd204:0,parent=spi1.0: JESD204[2] transition link_init -> link_supported
[    7.884921] jesd204: /axi/spi@ff040000/ad9081@0,jesd204:0,parent=spi1.0: JESD204[0] transition link_init -> link_supported
[    7.896326] hmc7044 spi2.0: hmc7044_jesd204_link_pre_setup: Link2 forcing continuous SYSREF mode
[    7.905574] axi-jesd204-tx 84b90000.axi-jesd204-tx: axi_jesd204_tx_jesd204_link_pre_setup: Link0 set lane rate 8680000 kHz failed (-22)
[    7.917744] jesd204: /fpga-axi@0/axi-jesd204-tx@84b90000,jesd204:5,parent=84b90000.axi-jesd204-tx: JESD204[0] In link_pre_setup got error from cb: -22
[    7.931212] jesd204: /axi/spi@ff040000/ad9081@0,jesd204:0,parent=spi1.0: Rolling back from 'link_supported', got error -22
[    7.942256] jesd204: /axi/spi@ff040000/ad9081@0,jesd204:0,parent=spi1.0: JESD204[0] transition link_supported -> link_pre_setup
[    7.953727] jesd204: /axi/spi@ff040000/ad9081@0,jesd204:0,parent=spi1.0: JESD204[2] transition link_supported -> link_pre_setup
[    7.965205] jesd204: /axi/spi@ff040000/ad9081@0,jesd204:0,parent=spi1.0: JESD204[0] transition link_pre_setup -> link_supported
[    7.976677] jesd204: /axi/spi@ff040000/ad9081@0,jesd204:0,parent=spi1.0: JESD204[2] transition link_pre_setup -> link_supported
[    7.988154] jesd204: /axi/spi@ff040000/ad9081@0,jesd204:0,parent=spi1.0: JESD204[0] transition link_supported -> link_init
[    7.999193] jesd204: /axi/spi@ff040000/ad9081@0,jesd204:0,parent=spi1.0: JESD204[2] transition link_supported -> link_init
[    8.010239] jesd204: /axi/spi@ff040000/ad9081@0,jesd204:0,parent=spi1.0: JESD204[0] transition link_init -> device_init
[    8.021019] jesd204: /axi/spi@ff040000/ad9081@0,jesd204:0,parent=spi1.0: JESD204[2] transition link_init -> device_init
[    8.031803] jesd204: /axi/spi@ff040000/ad9081@0,jesd204:0,parent=spi1.0: JESD204[0] transition device_init -> idle
[    8.042150] jesd204: /axi/spi@ff040000/ad9081@0,jesd204:0,parent=spi1.0: JESD204[2] transition device_init -> idle
[    8.052501] jesd204: /axi/spi@ff040000/ad9081@0,jesd204:0,parent=spi1.0: JESD204[2] transition idle -> idle
[    8.062236] jesd204: /axi/spi@ff040000/ad9081@0,jesd204:0,parent=spi1.0: JESD204[0] transition idle -> idle
[    8.071977] jesd204: /axi/spi@ff040000/ad9081@0,jesd204:0,parent=spi1.0: JESD204[2] transition idle -> device_init
[    8.082321] jesd204: /axi/spi@ff040000/ad9081@0,jesd204:0,parent=spi1.0: JESD204[0] transition idle -> device_init
[    8.092671] jesd204: /axi/spi@ff040000/ad9081@0,jesd204:0,parent=spi1.0: JESD204[2] transition device_init -> link_init
[    8.103449] jesd204: /axi/spi@ff040000/ad9081@0,jesd204:0,parent=spi1.0: JESD204[0] transition device_init -> link_init
[    8.114239] jesd204: /axi/spi@ff040000/ad9081@0,jesd204:0,parent=spi1.0: JESD204[2] transition link_init -> link_supported
[    8.125279] jesd204: /axi/spi@ff040000/ad9081@0,jesd204:0,parent=spi1.0: JESD204[0] transition link_init -> link_supported
[    8.136619] axi-jesd204-tx 84b90000.axi-jesd204-tx: axi_jesd204_tx_jesd204_link_pre_setup: Link0 set lane rate 8680000 kHz failed (-22)
[    8.148789] jesd204: /fpga-axi@0/axi-jesd204-tx@84b90000,jesd204:5,parent=84b90000.axi-jesd204-tx: JESD204[0] In link_pre_setup got error from cb: -22
[    8.162256] jesd204: /axi/spi@ff040000/ad9081@0,jesd204:0,parent=spi1.0: Rolling back from 'link_supported', got error -22
[    8.173299] jesd204: /axi/spi@ff040000/ad9081@0,jesd204:0,parent=spi1.0: JESD204[0] transition link_supported -> link_pre_setup
[    8.184771] jesd204: /axi/spi@ff040000/ad9081@0,jesd204:0,parent=spi1.0: JESD204[2] transition link_supported -> link_pre_setup
[    8.196249] jesd204: /axi/spi@ff040000/ad9081@0,jesd204:0,parent=spi1.0: JESD204[0] transition link_pre_setup -> link_supported
[    8.207722] jesd204: /axi/spi@ff040000/ad9081@0,jesd204:0,parent=spi1.0: JESD204[2] transition link_pre_setup -> link_supported
[    8.219198] jesd204: /axi/spi@ff040000/ad9081@0,jesd204:0,parent=spi1.0: JESD204[0] transition link_supported -> link_init
[    8.230236] jesd204: /axi/spi@ff040000/ad9081@0,jesd204:0,parent=spi1.0: JESD204[2] transition link_supported -> link_init
[    8.241284] jesd204: /axi/spi@ff040000/ad9081@0,jesd204:0,parent=spi1.0: JESD204[0] transition link_init -> device_init
[    8.252060] jesd204: /axi/spi@ff040000/ad9081@0,jesd204:0,parent=spi1.0: JESD204[2] transition link_init -> device_init
[    8.262842] jesd204: /axi/spi@ff040000/ad9081@0,jesd204:0,parent=spi1.0: JESD204[0] transition device_init -> idle
[    8.273189] jesd204: /axi/spi@ff040000/ad9081@0,jesd204:0,parent=spi1.0: JESD204[2] transition device_init -> idle
[    8.283536] jesd204: /axi/spi@ff040000/ad9081@0,jesd204:0,parent=spi1.0: JESD204[2] transition idle -> idle
[    8.293271] jesd204: /axi/spi@ff040000/ad9081@0,jesd204:0,parent=spi1.0: JESD204[0] transition idle -> idle
[    8.303013] jesd204: /axi/spi@ff040000/ad9081@0,jesd204:0,parent=spi1.0: JESD204[2] transition idle -> device_init
[    8.313357] jesd204: /axi/spi@ff040000/ad9081@0,jesd204:0,parent=spi1.0: JESD204[0] transition idle -> device_init
[    8.323707] jesd204: /axi/spi@ff040000/ad9081@0,jesd204:0,parent=spi1.0: JESD204[2] transition device_init -> link_init
[    8.334495] jesd204: /axi/spi@ff040000/ad9081@0,jesd204:0,parent=spi1.0: JESD204[0] transition device_init -> link_init
[    8.345280] jesd204: /axi/spi@ff040000/ad9081@0,jesd204:0,parent=spi1.0: JESD204[2] transition link_init -> link_supported
[    8.356322] jesd204: /axi/spi@ff040000/ad9081@0,jesd204:0,parent=spi1.0: JESD204[0] transition link_init -> link_supported
[    8.367662] axi-jesd204-tx 84b90000.axi-jesd204-tx: axi_jesd204_tx_jesd204_link_pre_setup: Link0 set lane rate 8680000 kHz failed (-22)
[    8.379831] jesd204: /fpga-axi@0/axi-jesd204-tx@84b90000,jesd204:5,parent=84b90000.axi-jesd204-tx: JESD204[0] In link_pre_setup got error from cb: -22
[    8.393300] jesd204: /axi/spi@ff040000/ad9081@0,jesd204:0,parent=spi1.0: Rolling back from 'link_supported', got error -22
[    8.404347] jesd204: /axi/spi@ff040000/ad9081@0,jesd204:0,parent=spi1.0: JESD204[0] transition link_supported -> link_pre_setup
[    8.415827] jesd204: /axi/spi@ff040000/ad9081@0,jesd204:0,parent=spi1.0: JESD204[2] transition link_supported -> link_pre_setup
[    8.427302] jesd204: /axi/spi@ff040000/ad9081@0,jesd204:0,parent=spi1.0: JESD204[0] transition link_pre_setup -> link_supported
[    8.438774] jesd204: /axi/spi@ff040000/ad9081@0,jesd204:0,parent=spi1.0: JESD204[2] transition link_pre_setup -> link_supported
[    8.450250] jesd204: /axi/spi@ff040000/ad9081@0,jesd204:0,parent=spi1.0: JESD204[0] transition link_supported -> link_init
[    8.461289] jesd204: /axi/spi@ff040000/ad9081@0,jesd204:0,parent=spi1.0: JESD204[2] transition link_supported -> link_init
[    8.472336] jesd204: /axi/spi@ff040000/ad9081@0,jesd204:0,parent=spi1.0: JESD204[0] transition link_init -> device_init
[    8.483112] jesd204: /axi/spi@ff040000/ad9081@0,jesd204:0,parent=spi1.0: JESD204[2] transition link_init -> device_init
[    8.493895] jesd204: /axi/spi@ff040000/ad9081@0,jesd204:0,parent=spi1.0: JESD204[0] transition device_init -> idle
[    8.504238] jesd204: /axi/spi@ff040000/ad9081@0,jesd204:0,parent=spi1.0: JESD204[2] transition device_init -> idle
[    8.514589] jesd204: /axi/spi@ff040000/ad9081@0,jesd204:0,parent=spi1.0: JESD204[2] transition idle -> idle
[    8.524324] jesd204: /axi/spi@ff040000/ad9081@0,jesd204:0,parent=spi1.0: JESD204[0] transition idle -> idle
[    8.534070] jesd204: /axi/spi@ff040000/ad9081@0,jesd204:0,parent=spi1.0: JESD204[2] transition idle -> device_init
[    8.544418] jesd204: /axi/spi@ff040000/ad9081@0,jesd204:0,parent=spi1.0: JESD204[0] transition idle -> device_init
[    8.554768] jesd204: /axi/spi@ff040000/ad9081@0,jesd204:0,parent=spi1.0: JESD204[2] transition device_init -> link_init
[    8.565545] jesd204: /axi/spi@ff040000/ad9081@0,jesd204:0,parent=spi1.0: JESD204[0] transition device_init -> link_init
[    8.576333] jesd204: /axi/spi@ff040000/ad9081@0,jesd204:0,parent=spi1.0: JESD204[2] transition link_init -> link_supported
[    8.587376] jesd204: /axi/spi@ff040000/ad9081@0,jesd204:0,parent=spi1.0: JESD204[0] transition link_init -> link_supported
[    8.598715] axi-jesd204-tx 84b90000.axi-jesd204-tx: axi_jesd204_tx_jesd204_link_pre_setup: Link0 set lane rate 8680000 kHz failed (-22)
[    8.610883] jesd204: /fpga-axi@0/axi-jesd204-tx@84b90000,jesd204:5,parent=84b90000.axi-jesd204-tx: JESD204[0] In link_pre_setup got error from cb: -22
[    8.624353] jesd204: /axi/spi@ff040000/ad9081@0,jesd204:0,parent=spi1.0: Rolling back from 'link_supported', got error -22
[    8.635396] jesd204: /axi/spi@ff040000/ad9081@0,jesd204:0,parent=spi1.0: JESD204[0] transition link_supported -> link_pre_setup
[    8.646868] jesd204: /axi/spi@ff040000/ad9081@0,jesd204:0,parent=spi1.0: JESD204[2] transition link_supported -> link_pre_setup
[    8.658350] jesd204: /axi/spi@ff040000/ad9081@0,jesd204:0,parent=spi1.0: JESD204[0] transition link_pre_setup -> link_supported
[    8.669818] jesd204: /axi/spi@ff040000/ad9081@0,jesd204:0,parent=spi1.0: JESD204[2] transition link_pre_setup -> link_supported
[    8.681296] jesd204: /axi/spi@ff040000/ad9081@0,jesd204:0,parent=spi1.0: JESD204[0] transition link_supported -> link_init
[    8.692333] jesd204: /axi/spi@ff040000/ad9081@0,jesd204:0,parent=spi1.0: JESD204[2] transition link_supported -> link_init
[    8.703381] jesd204: /axi/spi@ff040000/ad9081@0,jesd204:0,parent=spi1.0: JESD204[0] transition link_init -> device_init
[    8.714156] jesd204: /axi/spi@ff040000/ad9081@0,jesd204:0,parent=spi1.0: JESD204[2] transition link_init -> device_init
[    8.724939] jesd204: /axi/spi@ff040000/ad9081@0,jesd204:0,parent=spi1.0: JESD204[0] transition device_init -> idle
[    8.735283] jesd204: /axi/spi@ff040000/ad9081@0,jesd204:0,parent=spi1.0: JESD204[2] transition device_init -> idle
[    8.745629] jesd204: /axi/spi@ff040000/ad9081@0,jesd204:0,parent=spi1.0: FSM completed with error -22
[    8.764066] input: gpio-keys as /devices/platform/gpio-keys/input/input0
[    8.771149] of_cfs_init
[    8.773616] of_cfs_init: OK
[    8.776558] cfg80211: Loading compiled-in X.509 certificates for regulatory database
[    8.914538] cfg80211: Loaded X.509 cert 'sforshee: 00b28ddf47aef9cea7'
[    8.921068] clk: Not disabling unused clocks
[    8.925603] ALSA device list:
[    8.928568]   No soundcards found.
[    8.932238] platform regulatory.0: Direct firmware load for regulatory.db failed with error -2
[    8.940844] cfg80211: failed to load regulatory.db
[    8.955918] EXT4-fs (mmcblk0p2): mounted filesystem with ordered data mode. Opts: (null)
[    8.964039] VFS: Mounted root (ext4 filesystem) on device 179:2.
[    8.977639] devtmpfs: mounted
[    8.981452] Freeing unused kernel memory: 2560K
[    8.995776] Run /sbin/init as init process
[    8.999873]   with arguments:
[    8.999876]     /sbin/init
[    8.999878]   with environment:
[    8.999881]     HOME=/
[    8.999883]     TERM=linux
[    9.573505] systemd[1]: systemd 241 running in system mode. (+PAM +AUDIT +SELINUX +IMA +APPARMOR +SMACK +SYSVINIT +UTMP +LIBCRYPTSETUP +GCRYPT +GNUTLS +ACL +XZ +LZ4 +SECCOMP +BLKID +ELFUTILS +KMOD -IDN2 +IDN -PCRE2 default-hierarchy=hybrid)
[    9.595400] systemd[1]: Detected architecture arm64.
[    9.620455] systemd[1]: Set hostname to <analog>.
[    9.819155] systemd[1]: File /lib/systemd/system/systemd-journald.service:12 configures an IP firewall (IPAddressDeny=any), but the local system does not support BPF/cgroup based firewalling.
[    9.836221] systemd[1]: Proceeding WITHOUT firewalling in effect! (This warning is only shown for the first loaded unit using IP firewalling.)
[   10.001047] systemd[1]: /etc/systemd/system/tof-server.service:1: Assignment outside of section. Ignoring.
[   10.010769] systemd[1]: /etc/systemd/system/tof-server.service:2: Assignment outside of section. Ignoring.
[   10.195428] random: systemd: uninitialized urandom read (16 bytes read)
[   10.210157] random: systemd: uninitialized urandom read (16 bytes read)
[   10.217258] systemd[1]: Listening on Journal Socket (/dev/log).
[   10.239843] systemd[1]: Condition check resulted in Arbitrary Executable File Formats File System Automount Point being skipped.
[   10.251503] random: systemd: uninitialized urandom read (16 bytes read)
[   10.258153] systemd[1]: Reached target Swap.
[   10.847767] ------------[ cut here ]------------
[   10.847776] Enabling unprepared \xa0\xd9Q\x88\xff\xff\xff`Q\x88\xff\xff\xff
[   10.847823] WARNING: CPU: 1 PID: 131 at drivers/clk/clk.c:1012 clk_core_enable+0xa4/0xc0
[   10.847826] Modules linked in:
[   10.847836] CPU: 1 PID: 131 Comm: kworker/1:1H Not tainted 5.10.0-98103-g2aa7ac113716 #5577
[   10.847839] Hardware name: ZynqMP ZCU102 Rev1.0 (DT)
[   10.847848] Workqueue: kblockd blk_mq_run_work_fn
[   10.847856] pstate: 80000085 (Nzcv daIf -PAN -UAO -TCO BTYPE=--)
[   10.847861] pc : clk_core_enable+0xa4/0xc0
[   10.847867] lr : clk_core_enable+0xa4/0xc0
[   10.847870] sp : ffffffc0122a32d0
[   10.847873] x29: ffffffc0122a32d0 x28: ffffff8800330c10 
[   10.847880] x27: ffffff8800330d48 x26: 0000005000000101 
[   10.847886] x25: 0000000280a24e82 x24: 0000000000000001 
[   10.847893] x23: ffffff88010e7380 x22: ffffff8801083220 
[   10.847899] x21: ffffff8801516000 x20: ffffff8801516008 
[   10.847906] x19: ffffff8801516008 x18: 0000000000000030 
[   10.847913] x17: 0000000000000004 x16: 0000a8b24e2e51ea 
[   10.847919] x15: ffffffffffff9d38 x14: ffffffc011d3b1a0 
[   10.847926] x13: ffffffc011d3b1c8 x12: 0000000000000675 
[   10.847932] x11: 0000000000000227 x10: ffffffc011d671c8 
[   10.847939] x9 : 00000000fffff800 x8 : ffffffc011d3b1c8 
[   10.847945] x7 : ffffffc011d671c8 x6 : 0000000000000001 
[   10.847952] x5 : ffffff887f77c9e0 x4 : 0000000000000000 
[   10.847958] x3 : 0000000000000027 x2 : 0000000000000023 
[   10.847965] x1 : 35ee4b83e3e19c00 x0 : 0000000000000000 
[   10.847971] Call trace:
[   10.847978]  clk_core_enable+0xa4/0xc0
[   10.847983]  clk_enable+0x2c/0x60
[   10.847989]  zynqmp_runtime_resume+0x24/0x84
[   10.847996]  pm_generic_runtime_resume+0x30/0x50
[   10.848002]  __genpd_runtime_resume+0x30/0xb0
[   10.848009]  genpd_runtime_resume+0x90/0x250
[   10.848014]  __rpm_callback+0x10c/0x1e0
[   10.848020]  rpm_callback+0x5c/0x84
[   10.848025]  rpm_resume+0x4a4/0x74c
[   10.848030]  __pm_runtime_resume+0x78/0xc4
[   10.848034]  spi_mem_access_start.isra.0+0x30/0x80
[   10.848038]  spi_mem_exec_op+0x3b0/0x424
[   10.848043]  spi_nor_read_sr+0x78/0xe0
[   10.848048]  spi_nor_wait_till_ready_with_timeout+0xb4/0x2f0
[   10.848053]  spi_nor_read+0x188/0x380
[   10.848058]  mtd_read_oob_std+0x78/0x84
[   10.848063]  mtd_read_oob+0x7c/0x134
[   10.848068]  mtd_read+0x48/0x7c
[   10.848074]  mtdblock_readsect+0x6c/0x150
[   10.848079]  mtd_queue_rq+0x2cc/0x5a0
[   10.848085]  blk_mq_dispatch_rq_list+0x110/0x790
[   10.848092]  __blk_mq_do_dispatch_sched+0x200/0x274
[   10.848097]  __blk_mq_sched_dispatch_requests+0x1a8/0x1fc
[   10.848103]  blk_mq_sched_dispatch_requests+0x3c/0x7c
[   10.848108]  __blk_mq_run_hw_queue+0x98/0x100
[   10.848112]  blk_mq_run_work_fn+0x24/0x30
[   10.848118]  process_one_work+0x1d4/0x380
[   10.848122]  worker_thread+0x78/0x4e0
[   10.848127]  kthread+0x124/0x130
[   10.848133]  ret_from_fork+0x10/0x3c
[   10.848136] ---[ end trace b62a0625f30b14a8 ]---
[   10.848144] zynqmp-qspi ff0f0000.spi: Cannot enable APB clock.
[   10.848194] spi_master spi0: Failed to power device: -108
[   10.848204] blk_update_request: I/O error, dev mtdblock0, sector 8 op 0x0:(READ) flags 0x80700 phys_seg 1 prio class 0
[   10.848282] spi_master spi0: Failed to power device: -22
[   10.848289] blk_update_request: I/O error, dev mtdblock0, sector 8 op 0x0:(READ) flags 0x0 phys_seg 8 prio class 0
[   10.848295] Buffer I/O error on dev mtdblock0, logical block 8, async page read
[   10.848304] spi_master spi0: Failed to power device: -22
[   10.848310] blk_update_request: I/O error, dev mtdblock0, sector 9 op 0x0:(READ) flags 0x0 phys_seg 7 prio class 0
[   10.848314] Buffer I/O error on dev mtdblock0, logical block 9, async page read
[   10.848321] spi_master spi0: Failed to power device: -22
[   10.848327] blk_update_request: I/O error, dev mtdblock0, sector 10 op 0x0:(READ) flags 0x0 phys_seg 6 prio class 0
[   10.848331] Buffer I/O error on dev mtdblock0, logical block 10, async page read
[   10.848338] spi_master spi0: Failed to power device: -22
[   10.848343] blk_update_request: I/O error, dev mtdblock0, sector 11 op 0x0:(READ) flags 0x0 phys_seg 5 prio class 0
[   10.848347] Buffer I/O error on dev mtdblock0, logical block 11, async page read
[   10.848354] spi_master spi0: Failed to power device: -22
[   10.848360] blk_update_request: I/O error, dev mtdblock0, sector 12 op 0x0:(READ) flags 0x0 phys_seg 4 prio class 0
[   10.848364] Buffer I/O error on dev mtdblock0, logical block 12, async page read
[   10.848370] spi_master spi0: Failed to power device: -22
[   10.848376] blk_update_request: I/O error, dev mtdblock0, sector 13 op 0x0:(READ) flags 0x0 phys_seg 3 prio class 0
[   10.848380] Buffer I/O error on dev mtdblock0, logical block 13, async page read
[   10.848386] spi_master spi0: Failed to power device: -22
[   10.848392] blk_update_request: I/O error, dev mtdblock0, sector 14 op 0x0:(READ) flags 0x0 phys_seg 2 prio class 0
[   10.848396] Buffer I/O error on dev mtdblock0, logical block 14, async page read
[   10.848402] spi_master spi0: Failed to power device: -22
[   10.848408] blk_update_request: I/O error, dev mtdblock0, sector 15 op 0x0:(READ) flags 0x0 phys_seg 1 prio class 0
[   10.848412] Buffer I/O error on dev mtdblock0, logical block 15, async page read
[   10.848738] spi_master spi0: Failed to power device: -22
[   10.848745] blk_update_request: I/O error, dev mtdblock1, sector 10112 op 0x0:(READ) flags 0x80700 phys_seg 1 prio class 0
[   10.848790] spi_master spi0: Failed to power device: -22
[   10.848796] Buffer I/O error on dev mtdblock1, logical block 10112, async page read
[   10.848803] spi_master spi0: Failed to power device: -22
[   10.848808] Buffer I/O error on dev mtdblock1, logical block 10113, async page read
[   10.848815] spi_master spi0: Failed to power device: -22
[   10.848823] spi_master spi0: Failed to power device: -22
[   10.848830] spi_master spi0: Failed to power device: -22
[   10.848837] spi_master spi0: Failed to power device: -22
[   10.848844] spi_master spi0: Failed to power device: -22
[   10.848852] spi_master spi0: Failed to power device: -22
[   10.849103] spi_master spi0: Failed to power device: -22
[   10.849148] spi_master spi0: Failed to power device: -22
[   10.849157] spi_master spi0: Failed to power device: -22
[   10.849165] spi_master spi0: Failed to power device: -22
[   10.849172] spi_master spi0: Failed to power device: -22
[   10.849179] spi_master spi0: Failed to power device: -22
[   10.849187] spi_master spi0: Failed to power device: -22
[   10.849194] spi_master spi0: Failed to power device: -22
[   10.849201] spi_master spi0: Failed to power device: -22
[   10.849502] spi_master spi0: Failed to power device: -22
[   10.849548] spi_master spi0: Failed to power device: -22
[   10.849557] spi_master spi0: Failed to power device: -22
[   10.849565] spi_master spi0: Failed to power device: -22
[   10.849573] spi_master spi0: Failed to power device: -22
[   10.849580] spi_master spi0: Failed to power device: -22
[   10.849588] spi_master spi0: Failed to power device: -22
[   10.849595] spi_master spi0: Failed to power device: -22
[   10.849602] spi_master spi0: Failed to power device: -22
[   10.975178] EXT4-fs (mmcblk0p2): re-mounted. Opts: (null)
[   11.108550] systemd-journald[169]: Received request to flush runtime journal from PID 1
[   17.039986] macb ff0e0000.ethernet eth0: PHY [ff0e0000.ethernet-ffffffff:0c] driver [TI DP83867] (irq=POLL)
[   17.039999] macb ff0e0000.ethernet eth0: configuring for phy/rgmii-id link mode
[   17.323828] Adding 93180k swap on /var/swap.  Priority:-2 extents:2 across:634096k SS
[   19.031744] random: crng init done
[   19.031753] random: 7 urandom warning(s) missed due to ratelimiting
[   19.908394] broken atomic modeset userspace detected, disabling atomic
[   21.121351] macb ff0e0000.ethernet eth0: Link is Up - 1Gbps/Full - flow control off
[   21.121377] IPv6: ADDRCONF(NETDEV_CHANGE): eth0: link becomes ready
[   22.582521] broken atomic modeset userspace detected, disabling atomic
[   25.690672] broken atomic modeset userspace detected, disabling atomic
[   28.316667] broken atomic modeset userspace detected, disabling atomic