[    0.000000] Booting Linux on physical CPU 0x0000000000 [0x410fd034]
[    0.000000] Linux version 5.10.0-98103-g2aa7ac113716 (jenkins@romlxbuild1.adlk.analog.com) (aarch64-xilinx-linux-gcc.real (GCC) 10.2.0, GNU ld (GNU Binutils) 2.35.0.20200730) #5577 SMP Wed Mar 23 07:28:49 GMT 2022
[    0.000000] Machine model: ZynqMP ZCU102 Rev1.0
[    0.000000] earlycon: cdns0 at MMIO 0x00000000ff000000 (options '115200n8')
[    0.000000] printk: bootconsole [cdns0] enabled
[    0.000000] efi: UEFI not found.
[    0.000000] cma: Reserved 256 MiB at 0x0000000070000000
[    0.000000] Zone ranges:
[    0.000000]   DMA      [mem 0x0000000000000000-0x000000003fffffff]
[    0.000000]   DMA32    [mem 0x0000000040000000-0x00000000ffffffff]
[    0.000000]   Normal   [mem 0x0000000100000000-0x000000087fffffff]
[    0.000000] Movable zone start for each node
[    0.000000] Early memory node ranges
[    0.000000]   node   0: [mem 0x0000000000000000-0x000000007fffffff]
[    0.000000]   node   0: [mem 0x0000000800000000-0x000000087fffffff]
[    0.000000] Initmem setup node 0 [mem 0x0000000000000000-0x000000087fffffff]
[    0.000000] On node 0 totalpages: 1048576
[    0.000000]   DMA zone: 3584 pages used for memmap
[    0.000000]   DMA zone: 0 pages reserved
[    0.000000]   DMA zone: 262144 pages, LIFO batch:63
[    0.000000]   DMA32 zone: 3584 pages used for memmap
[    0.000000]   DMA32 zone: 262144 pages, LIFO batch:63
[    0.000000]   Normal zone: 7168 pages used for memmap
[    0.000000]   Normal zone: 524288 pages, LIFO batch:63
[    0.000000] psci: probing for conduit method from DT.
[    0.000000] psci: PSCIv1.1 detected in firmware.
[    0.000000] psci: Using standard PSCI v0.2 function IDs
[    0.000000] psci: MIGRATE_INFO_TYPE not supported.
[    0.000000] psci: SMC Calling Convention v1.2
[    0.000000] percpu: Embedded 22 pages/cpu s49496 r8192 d32424 u90112
[    0.000000] pcpu-alloc: s49496 r8192 d32424 u90112 alloc=22*4096
[    0.000000] pcpu-alloc: [0] 0 [0] 1 [0] 2 [0] 3 
[    0.000000] Detected VIPT I-cache on CPU0
[    0.000000] CPU features: detected: ARM erratum 845719
[    0.000000] Built 1 zonelists, mobility grouping on.  Total pages: 1034240
[    0.000000] Kernel command line: console=ttyPS0,115200 root=/dev/mmcblk0p2 rw earlycon rootfstype=ext4 rootwait clk_ignore_unused cpuidle.off=1 root=/dev/mmcblk0p2 rw rootwait
[    0.000000] Dentry cache hash table entries: 524288 (order: 10, 4194304 bytes, linear)
[    0.000000] Inode-cache hash table entries: 262144 (order: 9, 2097152 bytes, linear)
[    0.000000] mem auto-init: stack:off, heap alloc:off, heap free:off
[    0.000000] software IO TLB: mapped [mem 0x000000003bfff000-0x000000003ffff000] (64MB)
[    0.000000] Memory: 3761904K/4194304K available (15296K kernel code, 1636K rwdata, 11876K rodata, 2560K init, 507K bss, 170256K reserved, 262144K cma-reserved)
[    0.000000] rcu: Hierarchical RCU implementation.
[    0.000000] rcu: 	RCU event tracing is enabled.
[    0.000000] rcu: 	RCU restricting CPUs from NR_CPUS=8 to nr_cpu_ids=4.
[    0.000000] rcu: RCU calculated value of scheduler-enlistment delay is 25 jiffies.
[    0.000000] rcu: Adjusting geometry for rcu_fanout_leaf=16, nr_cpu_ids=4
[    0.000000] NR_IRQS: 64, nr_irqs: 64, preallocated irqs: 0
[    0.000000] GIC: Adjusting CPU interface base to 0x00000000f902f000
[    0.000000] GIC: Using split EOI/Deactivate mode
[    0.000000] random: get_random_bytes called from start_kernel+0x31c/0x54c with crng_init=0
[    0.000000] arch_timer: cp15 timer(s) running at 100.00MHz (phys).
[    0.000000] clocksource: arch_sys_counter: mask: 0xffffffffffffff max_cycles: 0x171024e7e0, max_idle_ns: 440795205315 ns
[    0.000003] sched_clock: 56 bits at 100MHz, resolution 10ns, wraps every 4398046511100ns
[    0.008463] Console: colour dummy device 80x25
[    0.012482] Calibrating delay loop (skipped), value calculated using timer frequency.. 200.00 BogoMIPS (lpj=400000)
[    0.022841] pid_max: default: 32768 minimum: 301
[    0.027550] Mount-cache hash table entries: 8192 (order: 4, 65536 bytes, linear)
[    0.034789] Mountpoint-cache hash table entries: 8192 (order: 4, 65536 bytes, linear)
[    0.043391] rcu: Hierarchical SRCU implementation.
[    0.047559] EFI services will not be available.
[    0.051938] smp: Bringing up secondary CPUs ...
[    0.056655] Detected VIPT I-cache on CPU1
[    0.056694] CPU1: Booted secondary processor 0x0000000001 [0x410fd034]
[    0.057059] Detected VIPT I-cache on CPU2
[    0.057083] CPU2: Booted secondary processor 0x0000000002 [0x410fd034]
[    0.057422] Detected VIPT I-cache on CPU3
[    0.057446] CPU3: Booted secondary processor 0x0000000003 [0x410fd034]
[    0.057492] smp: Brought up 1 node, 4 CPUs
[    0.091780] SMP: Total of 4 processors activated.
[    0.096452] CPU features: detected: 32-bit EL0 Support
[    0.101555] CPU features: detected: CRC32 instructions
[    0.106695] CPU: All CPU(s) started at EL2
[    0.110736] alternatives: patching kernel code
[    0.116169] devtmpfs: initialized
[    0.124058] Registered cp15_barrier emulation handler
[    0.124109] Registered setend emulation handler
[    0.128091] clocksource: jiffies: mask: 0xffffffff max_cycles: 0xffffffff, max_idle_ns: 7645041785100000 ns
[    0.137670] futex hash table entries: 1024 (order: 4, 65536 bytes, linear)
[    0.151033] pinctrl core: initialized pinctrl subsystem
[    0.151682] NET: Registered protocol family 16
[    0.156102] DMA: preallocated 512 KiB GFP_KERNEL pool for atomic allocations
[    0.162115] DMA: preallocated 512 KiB GFP_KERNEL|GFP_DMA pool for atomic allocations
[    0.169843] DMA: preallocated 512 KiB GFP_KERNEL|GFP_DMA32 pool for atomic allocations
[    0.177644] audit: initializing netlink subsys (disabled)
[    0.183096] audit: type=2000 audit(0.116:1): state=initialized audit_enabled=0 res=1
[    0.183441] hw-breakpoint: found 6 breakpoint and 4 watchpoint registers.
[    0.197472] ASID allocator initialised with 65536 entries
[    0.224368] HugeTLB registered 1.00 GiB page size, pre-allocated 0 pages
[    0.225421] HugeTLB registered 32.0 MiB page size, pre-allocated 0 pages
[    0.232091] HugeTLB registered 2.00 MiB page size, pre-allocated 0 pages
[    0.238754] HugeTLB registered 64.0 KiB page size, pre-allocated 0 pages
[    1.304315] DRBG: Continuing without Jitter RNG
[    1.382152] raid6: neonx8   gen()  2144 MB/s
[    1.450197] raid6: neonx8   xor()  1599 MB/s
[    1.518259] raid6: neonx4   gen()  2192 MB/s
[    1.586305] raid6: neonx4   xor()  1568 MB/s
[    1.654379] raid6: neonx2   gen()  2076 MB/s
[    1.722424] raid6: neonx2   xor()  1439 MB/s
[    1.790490] raid6: neonx1   gen()  1772 MB/s
[    1.858532] raid6: neonx1   xor()  1220 MB/s
[    1.926594] raid6: int64x8  gen()  1438 MB/s
[    1.994646] raid6: int64x8  xor()   771 MB/s
[    2.062725] raid6: int64x4  gen()  1599 MB/s
[    2.130763] raid6: int64x4  xor()   818 MB/s
[    2.198833] raid6: int64x2  gen()  1397 MB/s
[    2.266883] raid6: int64x2  xor()   750 MB/s
[    2.334956] raid6: int64x1  gen()  1033 MB/s
[    2.403021] raid6: int64x1  xor()   517 MB/s
[    2.403059] raid6: using algorithm neonx4 gen() 2192 MB/s
[    2.407013] raid6: .... xor() 1568 MB/s, rmw enabled
[    2.411943] raid6: using neon recovery algorithm
[    2.416955] iommu: Default domain type: Translated 
[    2.421567] SCSI subsystem initialized
[    2.425112] libata version 3.00 loaded.
[    2.425235] usbcore: registered new interface driver usbfs
[    2.430570] usbcore: registered new interface driver hub
[    2.435842] usbcore: registered new device driver usb
[    2.440975] mc: Linux media interface: v0.10
[    2.445091] videodev: Linux video capture interface: v2.00
[    2.450583] EDAC MC: Ver: 3.0.0
[    2.454025] zynqmp-ipi-mbox mailbox@ff990400: Registered ZynqMP IPI mbox with TX/RX channels.
[    2.462536] jesd204: created con: id=0, topo=0, link=0, /axi/spi@ff050000/hmc7044@0 <-> /fpga-axi@0/axi-adxcvr-tx@84b60000
[    2.473112] jesd204: created con: id=1, topo=0, link=2, /axi/spi@ff050000/hmc7044@0 <-> /fpga-axi@0/axi-adxcvr-rx@84a60000
[    2.484096] jesd204: created con: id=2, topo=0, link=0, /fpga-axi@0/axi-adxcvr-tx@84b60000 <-> /fpga-axi@0/axi-jesd204-tx@84b90000
[    2.495772] jesd204: created con: id=3, topo=0, link=2, /fpga-axi@0/axi-adxcvr-rx@84a60000 <-> /fpga-axi@0/axi-jesd204-rx@84a90000
[    2.507449] jesd204: created con: id=4, topo=0, link=0, /fpga-axi@0/axi-jesd204-tx@84b90000 <-> /fpga-axi@0/axi-ad9081-tx-hpc@84b10000
[    2.519476] jesd204: created con: id=5, topo=0, link=2, /fpga-axi@0/axi-jesd204-rx@84a90000 <-> /fpga-axi@0/axi-ad9081-rx-hpc@84a10000
[    2.531499] jesd204: created con: id=6, topo=0, link=2, /fpga-axi@0/axi-ad9081-rx-hpc@84a10000 <-> /axi/spi@ff040000/ad9081@0
[    2.542740] jesd204: created con: id=7, topo=0, link=0, /fpga-axi@0/axi-ad9081-tx-hpc@84b10000 <-> /axi/spi@ff040000/ad9081@0
[    2.553990] jesd204: /axi/spi@ff040000/ad9081@0: JESD204[2] transition uninitialized -> initialized
[    2.562977] jesd204: /axi/spi@ff040000/ad9081@0: JESD204[0] transition uninitialized -> initialized
[    2.571968] jesd204: found 8 devices and 1 topologies
[    2.577012] FPGA manager framework
[    2.580490] Advanced Linux Sound Architecture Driver Initialized.
[    2.586786] Bluetooth: Core ver 2.22
[    2.589971] NET: Registered protocol family 31
[    2.594373] Bluetooth: HCI device and connection manager initialized
[    2.600689] Bluetooth: HCI socket layer initialized
[    2.605531] Bluetooth: L2CAP socket layer initialized
[    2.610555] Bluetooth: SCO socket layer initialized
[    2.615742] clocksource: Switched to clocksource arch_sys_counter
[    2.621546] VFS: Disk quotas dquot_6.6.0
[    2.625382] VFS: Dquot-cache hash table entries: 512 (order 0, 4096 bytes)
[    2.636096] NET: Registered protocol family 2
[    2.636827] tcp_listen_portaddr_hash hash table entries: 2048 (order: 3, 32768 bytes, linear)
[    2.645022] TCP established hash table entries: 32768 (order: 6, 262144 bytes, linear)
[    2.653047] TCP bind hash table entries: 32768 (order: 7, 524288 bytes, linear)
[    2.660492] TCP: Hash tables configured (established 32768 bind 32768)
[    2.666666] UDP hash table entries: 2048 (order: 4, 65536 bytes, linear)
[    2.673333] UDP-Lite hash table entries: 2048 (order: 4, 65536 bytes, linear)
[    2.680493] NET: Registered protocol family 1
[    2.684948] RPC: Registered named UNIX socket transport module.
[    2.690571] RPC: Registered udp transport module.
[    2.695235] RPC: Registered tcp transport module.
[    2.699904] RPC: Registered tcp NFSv4.1 backchannel transport module.
[    2.706897] PCI: CLS 0 bytes, default 64
[    2.710602] hw perfevents: no interrupt-affinity property for /pmu, guessing.
[    2.717455] hw perfevents: enabled with armv8_pmuv3 PMU driver, 7 counters available
[    2.725810] Initialise system trusted keyrings
[    2.729484] workingset: timestamp_bits=62 max_order=20 bucket_order=0
[    2.736384] NFS: Registering the id_resolver key type
[    2.740832] Key type id_resolver registered
[    2.744972] Key type id_legacy registered
[    2.748962] nfs4filelayout_init: NFSv4 File Layout Driver Registering...
[    2.755628] jffs2: version 2.2. (NAND) (SUMMARY)  Â© 2001-2006 Red Hat, Inc.
[    2.798904] NET: Registered protocol family 38
[    2.798946] xor: measuring software checksum speed
[    2.806634]    8regs           :  2363 MB/sec
[    2.810303]    32regs          :  2799 MB/sec
[    2.815245]    arm64_neon      :  2380 MB/sec
[    2.815436] xor: using function: 32regs (2799 MB/sec)
[    2.820461] Key type asymmetric registered
[    2.824523] Asymmetric key parser 'x509' registered
[    2.829384] Block layer SCSI generic (bsg) driver version 0.4 loaded (major 248)
[    2.836720] io scheduler mq-deadline registered
[    2.841217] io scheduler kyber registered
[    2.870624] Serial: 8250/16550 driver, 4 ports, IRQ sharing disabled
[    2.875261] cacheinfo: Unable to detect cache hierarchy for CPU 0
[    2.881598] brd: module loaded
[    2.885737] loop: module loaded
[    2.886287] Registered mathworks_ip class
[    2.889631] libphy: Fixed MDIO Bus: probed
[    2.892610] tun: Universal TUN/TAP device driver, 1.6
[    2.896674] CAN device driver interface
[    2.901207] usbcore: registered new interface driver asix
[    2.905807] usbcore: registered new interface driver ax88179_178a
[    2.911840] usbcore: registered new interface driver cdc_ether
[    2.917632] usbcore: registered new interface driver net1080
[    2.923258] usbcore: registered new interface driver cdc_subset
[    2.929138] usbcore: registered new interface driver zaurus
[    2.934682] usbcore: registered new interface driver cdc_ncm
[    2.941082] ehci_hcd: USB 2.0 'Enhanced' Host Controller (EHCI) Driver
[    2.946768] ehci-pci: EHCI PCI platform driver
[    2.951564] usbcore: registered new interface driver uas
[    2.956483] usbcore: registered new interface driver usb-storage
[    2.962471] usbcore: registered new interface driver usbserial_generic
[    2.968922] usbserial: USB Serial support registered for generic
[    2.974895] usbcore: registered new interface driver ftdi_sio
[    2.980598] usbserial: USB Serial support registered for FTDI USB Serial Device
[    2.987875] usbcore: registered new interface driver upd78f0730
[    2.993745] usbserial: USB Serial support registered for upd78f0730
[    3.001399] rtc_zynqmp ffa60000.rtc: registered as rtc0
[    3.005171] rtc_zynqmp ffa60000.rtc: setting system clock to 2022-03-26T00:43:18 UTC (1648255398)
[    3.014034] i2c /dev entries driver
[    3.019336] usbcore: registered new interface driver uvcvideo
[    3.023146] USB Video Class driver (1.1.1)
[    3.028723] Bluetooth: HCI UART driver ver 2.3
[    3.031618] Bluetooth: HCI UART protocol H4 registered
[    3.036732] Bluetooth: HCI UART protocol BCSP registered
[    3.042017] Bluetooth: HCI UART protocol LL registered
[    3.047105] Bluetooth: HCI UART protocol ATH3K registered
[    3.052479] Bluetooth: HCI UART protocol Three-wire (H5) registered
[    3.058734] Bluetooth: HCI UART protocol Intel registered
[    3.064072] Bluetooth: HCI UART protocol QCA registered
[    3.069273] usbcore: registered new interface driver bcm203x
[    3.074894] usbcore: registered new interface driver bpa10x
[    3.080430] usbcore: registered new interface driver bfusb
[    3.085880] usbcore: registered new interface driver btusb
[    3.091344] usbcore: registered new interface driver ath3k
[    3.096827] EDAC MC: ECC not enabled
[    3.100452] EDAC DEVICE0: Giving out device to module zynqmp-ocm-edac controller zynqmp_ocm: DEV ff960000.memory-controller (INTERRUPT)
[    3.112765] sdhci: Secure Digital Host Controller Interface driver
[    3.118554] sdhci: Copyright(c) Pierre Ossman
[    3.122879] sdhci-pltfm: SDHCI platform and OF driver helper
[    3.128932] ledtrig-cpu: registered to indicate activity on CPUs
[    3.134483] SMCCC: SOC_ID: ARCH_SOC_ID not implemented, skipping ....
[    3.140913] zynqmp_firmware_probe Platform Management API v1.1
[    3.146670] zynqmp_firmware_probe Trustzone version v1.0
[    3.186213] zynqmp-pinctrl firmware:zynqmp-firmware:pinctrl: zynqmp pinctrl initialized
[    3.234180] zynqmp-aes firmware:zynqmp-firmware:zynqmp-aes: will run requests pump with realtime priority
[    3.250005] alg: No test for xilinx-keccak-384 (zynqmp-keccak-384)
[    3.250717] alg: No test for xilinx-zynqmp-rsa (zynqmp-rsa)
[    3.256232] usbcore: registered new interface driver usbhid
[    3.261619] usbhid: USB HID core driver
[    3.272863] axi_sysid 85000000.axi-sysid-0: AXI System ID core version (1.01.a) found
[    3.275208] axi_sysid 85000000.axi-sysid-0: [ad9081_fmca_ebz] on [zcu102] git branch <master> git <084d44c9780640ca93fd847b1d9ec70dd65f5c67> clean [2022-03-18 04:17:50] UTC
[    3.290899] fpga_manager fpga0: Xilinx ZynqMP FPGA Manager registered
[    3.297253] usbcore: registered new interface driver snd-usb-audio
[    3.304703] pktgen: Packet Generator for packet performance testing. Version: 2.75
[    3.310888] Initializing XFRM netlink socket
[    3.314741] NET: Registered protocol family 10
[    3.319455] Segment Routing with IPv6
[    3.322841] sit: IPv6, IPv4 and MPLS over IPv4 tunneling driver
[    3.328905] NET: Registered protocol family 17
[    3.333013] NET: Registered protocol family 15
[    3.337507] can: controller area network core
[    3.341761] NET: Registered protocol family 29
[    3.346150] can: raw protocol
[    3.349086] can: broadcast manager protocol
[    3.353241] can: netlink gateway - max_hops=1
[    3.357634] Bluetooth: RFCOMM TTY layer initialized
[    3.362415] Bluetooth: RFCOMM socket layer initialized
[    3.367522] Bluetooth: RFCOMM ver 1.11
[    3.371234] Bluetooth: BNEP (Ethernet Emulation) ver 1.3
[    3.376505] Bluetooth: BNEP filters: protocol multicast
[    3.381699] Bluetooth: BNEP socket layer initialized
[    3.386626] Bluetooth: HIDP (Human Interface Emulation) ver 1.2
[    3.392509] Bluetooth: HIDP socket layer initialized
[    3.397565] 9pnet: Installing 9P2000 support
[    3.401687] NET: Registered protocol family 36
[    3.406106] Key type dns_resolver registered
[    3.410535] registered taskstats version 1
[    3.414400] Loading compiled-in X.509 certificates
[    3.419514] Btrfs loaded, crc32c=crc32c-generic
[    3.431936] ff000000.serial: ttyPS0 at MMIO 0xff000000 (irq = 49, base_baud = 6249999) is a xuartps
[    3.440960] printk: console [ttyPS0] enabled
[    3.445255] printk: bootconsole [cdns0] disabled
[    3.454889] ff010000.serial: ttyPS1 at MMIO 0xff010000 (irq = 50, base_baud = 6249999) is a xuartps
[    3.468138] of-fpga-region fpga-full: FPGA Region probed
[    3.475086] nwl-pcie fd0e0000.pcie: host bridge /axi/pcie@fd0e0000 ranges:
[    3.481984] nwl-pcie fd0e0000.pcie:      MEM 0x00e0000000..0x00efffffff -> 0x00e0000000
[    3.489986] nwl-pcie fd0e0000.pcie:      MEM 0x0600000000..0x07ffffffff -> 0x0600000000
[    3.498047] nwl-pcie fd0e0000.pcie: Link is DOWN
[    3.502805] nwl-pcie fd0e0000.pcie: PCI host bridge to bus 0000:00
[    3.508983] pci_bus 0000:00: root bus resource [bus 00-ff]
[    3.514465] pci_bus 0000:00: root bus resource [mem 0xe0000000-0xefffffff]
[    3.521335] pci_bus 0000:00: root bus resource [mem 0x600000000-0x7ffffffff pref]
[    3.528838] pci 0000:00:00.0: [10ee:d021] type 01 class 0x060400
[    3.534895] pci 0000:00:00.0: PME# supported from D0 D1 D2 D3hot
[    3.545343] pci 0000:00:00.0: PCI bridge to [bus 01-0c]
[    3.551321] xilinx-zynqmp-dma fd500000.dma: ZynqMP DMA driver Probe success
[    3.558491] xilinx-zynqmp-dma fd510000.dma: ZynqMP DMA driver Probe success
[    3.565675] xilinx-zynqmp-dma fd520000.dma: ZynqMP DMA driver Probe success
[    3.572846] xilinx-zynqmp-dma fd530000.dma: ZynqMP DMA driver Probe success
[    3.580010] xilinx-zynqmp-dma fd540000.dma: ZynqMP DMA driver Probe success
[    3.587181] xilinx-zynqmp-dma fd550000.dma: ZynqMP DMA driver Probe success
[    3.594350] xilinx-zynqmp-dma fd560000.dma: ZynqMP DMA driver Probe success
[    3.601522] xilinx-zynqmp-dma fd570000.dma: ZynqMP DMA driver Probe success
[    3.608918] xilinx-zynqmp-dpdma fd4c0000.dma-controller: Xilinx DPDMA engine is probed
[    3.617465] ahci-ceva fd0c0000.ahci: supply ahci not found, using dummy regulator
[    3.625006] ahci-ceva fd0c0000.ahci: supply phy not found, using dummy regulator
[    3.715913] hmc7044 spi2.0: PLL1: Acquisition, CLKIN0 @ 122880000 Hz, PFD: 80 kHz - PLL2: Locked @ 2460.000000 MHz
[    3.726629] jesd204: /axi/spi@ff050000/hmc7044@0,jesd204:1,parent=spi2.0: Using as SYSREF provider
[    3.736207] spi-nor spi0.0: SPI-NOR-UniqueID 100000235394732200270025081115266e
[    3.743517] spi-nor spi0.0: found n25q512a, expected m25p80
[    3.749715] spi-nor spi0.0: trying to lock already unlocked area
[    3.755719] spi-nor spi0.0: n25q512a (131072 Kbytes)
[    3.760705] 4 fixed-partitions partitions found on MTD device spi0.0
[    3.767051] Creating 4 MTD partitions on "spi0.0":
[    3.771836] 0x000000000000-0x000000100000 : "qspi-fsbl-uboot"
[    3.778326] 0x000000100000-0x000000600000 : "qspi-linux"
[    3.784283] 0x000000600000-0x000000620000 : "qspi-device-tree"
[    3.790755] 0x000000620000-0x000000c00000 : "qspi-rootfs"
[    3.799221] macb ff0e0000.ethernet: Not enabling partial store and forward
[    3.806743] libphy: MACB_mii_bus: probed
[    3.811806] macb ff0e0000.ethernet eth0: Cadence GEM rev 0x50070106 at 0xff0e0000 irq 30 (00:0a:35:04:8e:1b)
[    3.822012] xilinx-axipmon ffa00000.perf-monitor: Probed Xilinx APM
[    3.828588] xilinx-axipmon fd0b0000.perf-monitor: Probed Xilinx APM
[    3.835109] xilinx-axipmon fd490000.perf-monitor: Probed Xilinx APM
[    3.841653] xilinx-axipmon ffa10000.perf-monitor: Probed Xilinx APM
[    3.851646] pca953x 0-0020: supply vcc not found, using dummy regulator
[    3.858326] pca953x 0-0020: using no AI
[    3.862815] gpio-496 (sel0): hogged as output/low
[    3.867713] gpio-497 (sel1): hogged as output/high
[    3.872700] gpio-498 (sel2): hogged as output/high
[    3.877688] gpio-499 (sel3): hogged as output/high
[    3.882863] pca953x 0-0021: supply vcc not found, using dummy regulator
[    3.889539] pca953x 0-0021: using no AI
[    3.895307] ina2xx 2-0040: power monitor ina226 (Rshunt = 5000 uOhm)
[    3.902333] ina2xx 2-0041: power monitor ina226 (Rshunt = 5000 uOhm)
[    3.909375] ina2xx 2-0042: power monitor ina226 (Rshunt = 5000 uOhm)
[    3.916410] ina2xx 2-0043: power monitor ina226 (Rshunt = 5000 uOhm)
[    3.923429] ina2xx 2-0044: power monitor ina226 (Rshunt = 5000 uOhm)
[    3.930453] ina2xx 2-0045: power monitor ina226 (Rshunt = 5000 uOhm)
[    3.937482] ina2xx 2-0046: power monitor ina226 (Rshunt = 5000 uOhm)
[    3.944559] ina2xx 2-0047: power monitor ina226 (Rshunt = 5000 uOhm)
[    3.951585] ina2xx 2-004a: power monitor ina226 (Rshunt = 5000 uOhm)
[    3.958625] ina2xx 2-004b: power monitor ina226 (Rshunt = 5000 uOhm)
[    3.965035] i2c i2c-0: Added multiplexed i2c bus 2
[    3.970417] random: fast init done
[    3.973892] ina2xx 3-0040: power monitor ina226 (Rshunt = 2000 uOhm)
[    3.980919] ina2xx 3-0041: power monitor ina226 (Rshunt = 5000 uOhm)
[    3.987946] ina2xx 3-0042: power monitor ina226 (Rshunt = 5000 uOhm)
[    3.994977] ina2xx 3-0043: power monitor ina226 (Rshunt = 5000 uOhm)
[    4.002003] ina2xx 3-0044: power monitor ina226 (Rshunt = 5000 uOhm)
[    4.009030] ina2xx 3-0045: power monitor ina226 (Rshunt = 5000 uOhm)
[    4.016063] ina2xx 3-0046: power monitor ina226 (Rshunt = 5000 uOhm)
[    4.023094] ina2xx 3-0047: power monitor ina226 (Rshunt = 5000 uOhm)
[    4.029494] i2c i2c-0: Added multiplexed i2c bus 3
[    4.085543] i2c i2c-0: Added multiplexed i2c bus 4
[    4.090487] i2c i2c-0: Added multiplexed i2c bus 5
[    4.095274] pca954x 0-0075: registered 4 multiplexed busses for I2C mux pca9544
[    4.102623] cdns-i2c ff020000.i2c: 400 kHz mmio ff020000 irq 32
[    4.110352] at24 6-0054: supply vcc not found, using dummy regulator
[    4.117250] at24 6-0054: 1024 byte 24c08 EEPROM, writable, 1 bytes/write
[    4.124004] i2c i2c-1: Added multiplexed i2c bus 6
[    4.130435] si5341 7-0036: Chip: 5341 Grade: 1 Rev: 1
[    4.168123] i2c i2c-1: Added multiplexed i2c bus 7
[    4.175782] si570 8-005d: registered, current frequency 300000000 Hz
[    4.182183] i2c i2c-1: Added multiplexed i2c bus 8
[    4.201963] si570 9-005d: registered, current frequency 148500000 Hz
[    4.208363] i2c i2c-1: Added multiplexed i2c bus 9
[    4.213403] si5324 10-0069: si5328 probed
[    4.280102] si5324 10-0069: si5328 probe successful
[    4.285027] i2c i2c-1: Added multiplexed i2c bus 10
[    4.290055] i2c i2c-1: Added multiplexed i2c bus 11
[    4.295082] i2c i2c-1: Added multiplexed i2c bus 12
[    4.300101] i2c i2c-1: Added multiplexed i2c bus 13
[    4.304974] pca954x 1-0074: registered 8 multiplexed busses for I2C switch pca9548
[    4.313084] at24 14-0050: supply vcc not found, using dummy regulator
[    4.319879] at24 14-0050: 256 byte 24c02 EEPROM, writable, 1 bytes/write
[    4.326625] i2c i2c-1: Added multiplexed i2c bus 14
[    4.331667] i2c i2c-1: Added multiplexed i2c bus 15
[    4.336699] i2c i2c-1: Added multiplexed i2c bus 16
[    4.341736] i2c i2c-1: Added multiplexed i2c bus 17
[    4.346767] i2c i2c-1: Added multiplexed i2c bus 18
[    4.351813] i2c i2c-1: Added multiplexed i2c bus 19
[    4.356850] i2c i2c-1: Added multiplexed i2c bus 20
[    4.361884] i2c i2c-1: Added multiplexed i2c bus 21
[    4.366757] pca954x 1-0075: registered 8 multiplexed busses for I2C switch pca9548
[    4.374367] cdns-i2c ff030000.i2c: 400 kHz mmio ff030000 irq 33
[    4.384111] cdns-wdt fd4d0000.watchdog: Xilinx Watchdog Timer with timeout 60s
[    4.394898] axi_adxcvr 84a60000.axi-adxcvr-rx: AXI-ADXCVR-RX (17.05.a) using CPLL on GTH4 at 0x84A60000. Number of lanes: 4.
[    4.407044] axi_adxcvr 84b60000.axi-adxcvr-tx: AXI-ADXCVR-TX (17.05.a) using QPLL on GTH4 at 0x84B60000. Number of lanes: 4.
[    4.418665] axi-jesd204-rx 84a90000.axi-jesd204-rx: AXI-JESD204-RX (1.07.a) at 0x84A90000. Encoder 8b10b, width 4/4, lanes 4, jesd204-fsm.
[    4.426210] mmc0: SDHCI controller on ff170000.mmc [ff170000.mmc] using ADMA 64-bit
[    4.431511] axi-jesd204-tx 84b90000.axi-jesd204-tx: AXI-JESD204-TX (1.06.a) at 0x84B90000. Encoder 8b10b, width 4/4, lanes 4, jesd204-fsm.
[    4.452237] zynqmp-display fd4a0000.display: vtc bridge property not present
[    4.461894] xilinx-dp-snd-codec fd4a0000.display:zynqmp_dp_snd_codec0: Failed to get required clock freq
[    4.471396] xilinx-dp-snd-codec: probe of fd4a0000.display:zynqmp_dp_snd_codec0 failed with error -22
[    4.473523] mmc0: new high speed SDHC card at address 0001
[    4.480935] xilinx-dp-snd-pcm zynqmp_dp_snd_pcm0: Xilinx DisplayPort Sound PCM probed
[    4.486450] mmcblk0: mmc0:0001 EB1QT 29.8 GiB 
[    4.494254] xilinx-dp-snd-pcm zynqmp_dp_snd_pcm1: Xilinx DisplayPort Sound PCM probed
[    4.499593]  mmcblk0: p1 p2 p3
[    4.506556] OF: graph: no port node found in /axi/display@fd4a0000
[    4.515625] xlnx-drm xlnx-drm.0: bound fd4a0000.display (ops 0xffffffc010fcbdb8)
[    5.599757] zynqmp-display fd4a0000.display: [drm] Cannot find any crtc or sizes
[    5.607369] [drm] Initialized xlnx 1.0.0 20130509 for fd4a0000.display on minor 0
[    5.614857] zynqmp-display fd4a0000.display: ZynqMP DisplayPort Subsystem driver probed
[    5.623184] ahci-ceva fd0c0000.ahci: supply ahci not found, using dummy regulator
[    5.630728] ahci-ceva fd0c0000.ahci: supply phy not found, using dummy regulator
[    5.638186] ahci-ceva fd0c0000.ahci: supply target not found, using dummy regulator
[    5.646025] ahci-ceva fd0c0000.ahci: AHCI 0001.0301 32 slots 2 ports 6 Gbps 0x3 impl platform mode
[    5.654981] ahci-ceva fd0c0000.ahci: flags: 64bit ncq sntf pm clo only pmp fbs pio slum part ccc sds apst 
[    5.665678] scsi host0: ahci-ceva
[    5.669279] scsi host1: ahci-ceva
[    5.672707] ata1: SATA max UDMA/133 mmio [mem 0xfd0c0000-0xfd0c1fff] port 0x100 irq 45
[    5.680621] ata2: SATA max UDMA/133 mmio [mem 0xfd0c0000-0xfd0c1fff] port 0x180 irq 45
[    5.689218] ad9081 spi1.0: supply vdd not found, using dummy regulator
[    6.001994] ata1: SATA link down (SStatus 0 SControl 330)
[    6.007412] ata2: SATA link down (SStatus 0 SControl 330)
[    6.683760] zynqmp-display fd4a0000.display: [drm] Cannot find any crtc or sizes
[    6.881245] ad9081 spi1.0: Invalid param passed., "ref_clk_hz < 100000000ULL" in adi_ad9081_device_clk_config_set(...), line554 in drivers/iio/adc/ad9081/adi_ad9081_device.c
[    7.585821] ad9081 spi1.0: AD9081 Rev. 2 Grade 10 (API 1.2.2) probed
[    7.593044] xhci-hcd xhci-hcd.1.auto: xHCI Host Controller
[    7.598539] xhci-hcd xhci-hcd.1.auto: new USB bus registered, assigned bus number 1
[    7.606286] xhci-hcd xhci-hcd.1.auto: hcc params 0x0238f625 hci version 0x100 quirks 0x0000000002010810
[    7.615699] xhci-hcd xhci-hcd.1.auto: irq 59, io mem 0xfe200000
[    7.621805] usb usb1: New USB device found, idVendor=1d6b, idProduct=0002, bcdDevice= 5.10
[    7.630064] usb usb1: New USB device strings: Mfr=3, Product=2, SerialNumber=1
[    7.637281] usb usb1: Product: xHCI Host Controller
[    7.642154] usb usb1: Manufacturer: Linux 5.10.0-98103-g2aa7ac113716 xhci-hcd
[    7.649288] usb usb1: SerialNumber: xhci-hcd.1.auto
[    7.654450] hub 1-0:1.0: USB hub found
[    7.658213] hub 1-0:1.0: 1 port detected
[    7.662324] xhci-hcd xhci-hcd.1.auto: xHCI Host Controller
[    7.667808] xhci-hcd xhci-hcd.1.auto: new USB bus registered, assigned bus number 2
[    7.675462] xhci-hcd xhci-hcd.1.auto: Host supports USB 3.0 SuperSpeed
[    7.682084] usb usb2: New USB device found, idVendor=1d6b, idProduct=0003, bcdDevice= 5.10
[    7.690346] usb usb2: New USB device strings: Mfr=3, Product=2, SerialNumber=1
[    7.697565] usb usb2: Product: xHCI Host Controller
[    7.702433] usb usb2: Manufacturer: Linux 5.10.0-98103-g2aa7ac113716 xhci-hcd
[    7.709559] usb usb2: SerialNumber: xhci-hcd.1.auto
[    7.714667] hub 2-0:1.0: USB hub found
[    7.718430] hub 2-0:1.0: 1 port detected
[    7.748522] cf_axi_adc 84a10000.axi-ad9081-rx-hpc: ADI AIM (10.01.b) at 0x84A10000 mapped to 0x(____ptrval____), probed ADC AD9081 as MASTER
[    7.780580] cf_axi_dds 84b10000.axi-ad9081-tx-hpc: Analog Devices CF_AXI_DDS_DDS MASTER (9.01.b) at 0x84B10000 mapped to 0x(____ptrval____), probed DDS AD9081
[    7.794777] jesd204: /axi/spi@ff040000/ad9081@0,jesd204:0,parent=spi1.0: JESD204[2] transition initialized -> probed
[    7.805299] jesd204: /axi/spi@ff040000/ad9081@0,jesd204:0,parent=spi1.0: JESD204[0] transition initialized -> probed
[    7.815822] jesd204: /axi/spi@ff040000/ad9081@0,jesd204:0,parent=spi1.0: JESD204[2] transition probed -> idle
[    7.825730] jesd204: /axi/spi@ff040000/ad9081@0,jesd204:0,parent=spi1.0: JESD204[0] transition probed -> idle
[    7.835645] jesd204: /axi/spi@ff040000/ad9081@0,jesd204:0,parent=spi1.0: JESD204[2] transition idle -> device_init
[    7.845988] jesd204: /axi/spi@ff040000/ad9081@0,jesd204:0,parent=spi1.0: JESD204[0] transition idle -> device_init
[    7.856340] jesd204: /axi/spi@ff040000/ad9081@0,jesd204:0,parent=spi1.0: JESD204[2] transition device_init -> link_init
[    7.867118] jesd204: /axi/spi@ff040000/ad9081@0,jesd204:0,parent=spi1.0: JESD204[0] transition device_init -> link_init
[    7.877908] jesd204: /axi/spi@ff040000/ad9081@0,jesd204:0,parent=spi1.0: JESD204[2] transition link_init -> link_supported
[    7.888946] jesd204: /axi/spi@ff040000/ad9081@0,jesd204:0,parent=spi1.0: JESD204[0] transition link_init -> link_supported
[    7.900346] hmc7044 spi2.0: hmc7044_jesd204_link_pre_setup: Link2 forcing continuous SYSREF mode
[    7.909585] axi-jesd204-tx 84b90000.axi-jesd204-tx: axi_jesd204_tx_jesd204_link_pre_setup: Link0 set lane rate 8200000 kHz failed (-22)
[    7.921760] jesd204: /fpga-axi@0/axi-jesd204-tx@84b90000,jesd204:5,parent=84b90000.axi-jesd204-tx: JESD204[0] In link_pre_setup got error from cb: -22
[    7.935228] jesd204: /axi/spi@ff040000/ad9081@0,jesd204:0,parent=spi1.0: Rolling back from 'link_supported', got error -22
[    7.946272] jesd204: /axi/spi@ff040000/ad9081@0,jesd204:0,parent=spi1.0: JESD204[0] transition link_supported -> link_pre_setup
[    7.957743] jesd204: /axi/spi@ff040000/ad9081@0,jesd204:0,parent=spi1.0: JESD204[2] transition link_supported -> link_pre_setup
[    7.969222] jesd204: /axi/spi@ff040000/ad9081@0,jesd204:0,parent=spi1.0: JESD204[0] transition link_pre_setup -> link_supported
[    7.980694] jesd204: /axi/spi@ff040000/ad9081@0,jesd204:0,parent=spi1.0: JESD204[2] transition link_pre_setup -> link_supported
[    7.992171] jesd204: /axi/spi@ff040000/ad9081@0,jesd204:0,parent=spi1.0: JESD204[0] transition link_supported -> link_init
[    8.003209] jesd204: /axi/spi@ff040000/ad9081@0,jesd204:0,parent=spi1.0: JESD204[2] transition link_supported -> link_init
[    8.014255] jesd204: /axi/spi@ff040000/ad9081@0,jesd204:0,parent=spi1.0: JESD204[0] transition link_init -> device_init
[    8.025035] jesd204: /axi/spi@ff040000/ad9081@0,jesd204:0,parent=spi1.0: JESD204[2] transition link_init -> device_init
[    8.035814] jesd204: /axi/spi@ff040000/ad9081@0,jesd204:0,parent=spi1.0: JESD204[0] transition device_init -> idle
[    8.046158] jesd204: /axi/spi@ff040000/ad9081@0,jesd204:0,parent=spi1.0: JESD204[2] transition device_init -> idle
[    8.056510] jesd204: /axi/spi@ff040000/ad9081@0,jesd204:0,parent=spi1.0: JESD204[2] transition idle -> idle
[    8.066249] jesd204: /axi/spi@ff040000/ad9081@0,jesd204:0,parent=spi1.0: JESD204[0] transition idle -> idle
[    8.075985] jesd204: /axi/spi@ff040000/ad9081@0,jesd204:0,parent=spi1.0: JESD204[2] transition idle -> device_init
[    8.086328] jesd204: /axi/spi@ff040000/ad9081@0,jesd204:0,parent=spi1.0: JESD204[0] transition idle -> device_init
[    8.096679] jesd204: /axi/spi@ff040000/ad9081@0,jesd204:0,parent=spi1.0: JESD204[2] transition device_init -> link_init
[    8.107456] jesd204: /axi/spi@ff040000/ad9081@0,jesd204:0,parent=spi1.0: JESD204[0] transition device_init -> link_init
[    8.118244] jesd204: /axi/spi@ff040000/ad9081@0,jesd204:0,parent=spi1.0: JESD204[2] transition link_init -> link_supported
[    8.129287] jesd204: /axi/spi@ff040000/ad9081@0,jesd204:0,parent=spi1.0: JESD204[0] transition link_init -> link_supported
[    8.140628] axi-jesd204-tx 84b90000.axi-jesd204-tx: axi_jesd204_tx_jesd204_link_pre_setup: Link0 set lane rate 8200000 kHz failed (-22)
[    8.152797] jesd204: /fpga-axi@0/axi-jesd204-tx@84b90000,jesd204:5,parent=84b90000.axi-jesd204-tx: JESD204[0] In link_pre_setup got error from cb: -22
[    8.166264] jesd204: /axi/spi@ff040000/ad9081@0,jesd204:0,parent=spi1.0: Rolling back from 'link_supported', got error -22
[    8.177306] jesd204: /axi/spi@ff040000/ad9081@0,jesd204:0,parent=spi1.0: JESD204[0] transition link_supported -> link_pre_setup
[    8.188778] jesd204: /axi/spi@ff040000/ad9081@0,jesd204:0,parent=spi1.0: JESD204[2] transition link_supported -> link_pre_setup
[    8.200258] jesd204: /axi/spi@ff040000/ad9081@0,jesd204:0,parent=spi1.0: JESD204[0] transition link_pre_setup -> link_supported
[    8.211728] jesd204: /axi/spi@ff040000/ad9081@0,jesd204:0,parent=spi1.0: JESD204[2] transition link_pre_setup -> link_supported
[    8.223206] jesd204: /axi/spi@ff040000/ad9081@0,jesd204:0,parent=spi1.0: JESD204[0] transition link_supported -> link_init
[    8.234244] jesd204: /axi/spi@ff040000/ad9081@0,jesd204:0,parent=spi1.0: JESD204[2] transition link_supported -> link_init
[    8.245291] jesd204: /axi/spi@ff040000/ad9081@0,jesd204:0,parent=spi1.0: JESD204[0] transition link_init -> device_init
[    8.256067] jesd204: /axi/spi@ff040000/ad9081@0,jesd204:0,parent=spi1.0: JESD204[2] transition link_init -> device_init
[    8.266849] jesd204: /axi/spi@ff040000/ad9081@0,jesd204:0,parent=spi1.0: JESD204[0] transition device_init -> idle
[    8.277197] jesd204: /axi/spi@ff040000/ad9081@0,jesd204:0,parent=spi1.0: JESD204[2] transition device_init -> idle
[    8.287544] jesd204: /axi/spi@ff040000/ad9081@0,jesd204:0,parent=spi1.0: JESD204[2] transition idle -> idle
[    8.297279] jesd204: /axi/spi@ff040000/ad9081@0,jesd204:0,parent=spi1.0: JESD204[0] transition idle -> idle
[    8.307021] jesd204: /axi/spi@ff040000/ad9081@0,jesd204:0,parent=spi1.0: JESD204[2] transition idle -> device_init
[    8.317364] jesd204: /axi/spi@ff040000/ad9081@0,jesd204:0,parent=spi1.0: JESD204[0] transition idle -> device_init
[    8.327715] jesd204: /axi/spi@ff040000/ad9081@0,jesd204:0,parent=spi1.0: JESD204[2] transition device_init -> link_init
[    8.338491] jesd204: /axi/spi@ff040000/ad9081@0,jesd204:0,parent=spi1.0: JESD204[0] transition device_init -> link_init
[    8.349279] jesd204: /axi/spi@ff040000/ad9081@0,jesd204:0,parent=spi1.0: JESD204[2] transition link_init -> link_supported
[    8.360325] jesd204: /axi/spi@ff040000/ad9081@0,jesd204:0,parent=spi1.0: JESD204[0] transition link_init -> link_supported
[    8.371660] axi-jesd204-tx 84b90000.axi-jesd204-tx: axi_jesd204_tx_jesd204_link_pre_setup: Link0 set lane rate 8200000 kHz failed (-22)
[    8.383829] jesd204: /fpga-axi@0/axi-jesd204-tx@84b90000,jesd204:5,parent=84b90000.axi-jesd204-tx: JESD204[0] In link_pre_setup got error from cb: -22
[    8.397299] jesd204: /axi/spi@ff040000/ad9081@0,jesd204:0,parent=spi1.0: Rolling back from 'link_supported', got error -22
[    8.408346] jesd204: /axi/spi@ff040000/ad9081@0,jesd204:0,parent=spi1.0: JESD204[0] transition link_supported -> link_pre_setup
[    8.419814] jesd204: /axi/spi@ff040000/ad9081@0,jesd204:0,parent=spi1.0: JESD204[2] transition link_supported -> link_pre_setup
[    8.431292] jesd204: /axi/spi@ff040000/ad9081@0,jesd204:0,parent=spi1.0: JESD204[0] transition link_pre_setup -> link_supported
[    8.442767] jesd204: /axi/spi@ff040000/ad9081@0,jesd204:0,parent=spi1.0: JESD204[2] transition link_pre_setup -> link_supported
[    8.454242] jesd204: /axi/spi@ff040000/ad9081@0,jesd204:0,parent=spi1.0: JESD204[0] transition link_supported -> link_init
[    8.465280] jesd204: /axi/spi@ff040000/ad9081@0,jesd204:0,parent=spi1.0: JESD204[2] transition link_supported -> link_init
[    8.476327] jesd204: /axi/spi@ff040000/ad9081@0,jesd204:0,parent=spi1.0: JESD204[0] transition link_init -> device_init
[    8.487102] jesd204: /axi/spi@ff040000/ad9081@0,jesd204:0,parent=spi1.0: JESD204[2] transition link_init -> device_init
[    8.497885] jesd204: /axi/spi@ff040000/ad9081@0,jesd204:0,parent=spi1.0: JESD204[0] transition device_init -> idle
[    8.508228] jesd204: /axi/spi@ff040000/ad9081@0,jesd204:0,parent=spi1.0: JESD204[2] transition device_init -> idle
[    8.518580] jesd204: /axi/spi@ff040000/ad9081@0,jesd204:0,parent=spi1.0: JESD204[2] transition idle -> idle
[    8.528314] jesd204: /axi/spi@ff040000/ad9081@0,jesd204:0,parent=spi1.0: JESD204[0] transition idle -> idle
[    8.538059] jesd204: /axi/spi@ff040000/ad9081@0,jesd204:0,parent=spi1.0: JESD204[2] transition idle -> device_init
[    8.548400] jesd204: /axi/spi@ff040000/ad9081@0,jesd204:0,parent=spi1.0: JESD204[0] transition idle -> device_init
[    8.558749] jesd204: /axi/spi@ff040000/ad9081@0,jesd204:0,parent=spi1.0: JESD204[2] transition device_init -> link_init
[    8.569527] jesd204: /axi/spi@ff040000/ad9081@0,jesd204:0,parent=spi1.0: JESD204[0] transition device_init -> link_init
[    8.580315] jesd204: /axi/spi@ff040000/ad9081@0,jesd204:0,parent=spi1.0: JESD204[2] transition link_init -> link_supported
[    8.591358] jesd204: /axi/spi@ff040000/ad9081@0,jesd204:0,parent=spi1.0: JESD204[0] transition link_init -> link_supported
[    8.602696] axi-jesd204-tx 84b90000.axi-jesd204-tx: axi_jesd204_tx_jesd204_link_pre_setup: Link0 set lane rate 8200000 kHz failed (-22)
[    8.614863] jesd204: /fpga-axi@0/axi-jesd204-tx@84b90000,jesd204:5,parent=84b90000.axi-jesd204-tx: JESD204[0] In link_pre_setup got error from cb: -22
[    8.628334] jesd204: /axi/spi@ff040000/ad9081@0,jesd204:0,parent=spi1.0: Rolling back from 'link_supported', got error -22
[    8.639377] jesd204: /axi/spi@ff040000/ad9081@0,jesd204:0,parent=spi1.0: JESD204[0] transition link_supported -> link_pre_setup
[    8.650851] jesd204: /axi/spi@ff040000/ad9081@0,jesd204:0,parent=spi1.0: JESD204[2] transition link_supported -> link_pre_setup
[    8.662331] jesd204: /axi/spi@ff040000/ad9081@0,jesd204:0,parent=spi1.0: JESD204[0] transition link_pre_setup -> link_supported
[    8.673808] jesd204: /axi/spi@ff040000/ad9081@0,jesd204:0,parent=spi1.0: JESD204[2] transition link_pre_setup -> link_supported
[    8.685286] jesd204: /axi/spi@ff040000/ad9081@0,jesd204:0,parent=spi1.0: JESD204[0] transition link_supported -> link_init
[    8.696324] jesd204: /axi/spi@ff040000/ad9081@0,jesd204:0,parent=spi1.0: JESD204[2] transition link_supported -> link_init
[    8.707371] jesd204: /axi/spi@ff040000/ad9081@0,jesd204:0,parent=spi1.0: JESD204[0] transition link_init -> device_init
[    8.718146] jesd204: /axi/spi@ff040000/ad9081@0,jesd204:0,parent=spi1.0: JESD204[2] transition link_init -> device_init
[    8.728929] jesd204: /axi/spi@ff040000/ad9081@0,jesd204:0,parent=spi1.0: JESD204[0] transition device_init -> idle
[    8.739273] jesd204: /axi/spi@ff040000/ad9081@0,jesd204:0,parent=spi1.0: JESD204[2] transition device_init -> idle
[    8.749619] jesd204: /axi/spi@ff040000/ad9081@0,jesd204:0,parent=spi1.0: FSM completed with error -22
[    8.768058] input: gpio-keys as /devices/platform/gpio-keys/input/input0
[    8.775072] of_cfs_init
[    8.777534] of_cfs_init: OK
[    8.780474] cfg80211: Loading compiled-in X.509 certificates for regulatory database
[    8.918694] cfg80211: Loaded X.509 cert 'sforshee: 00b28ddf47aef9cea7'
[    8.925229] clk: Not disabling unused clocks
[    8.929757] ALSA device list:
[    8.932718]   No soundcards found.
[    8.936394] platform regulatory.0: Direct firmware load for regulatory.db failed with error -2
[    8.945008] cfg80211: failed to load regulatory.db
[    8.959834] EXT4-fs (mmcblk0p2): mounted filesystem with ordered data mode. Opts: (null)
[    8.967944] VFS: Mounted root (ext4 filesystem) on device 179:2.
[    8.981386] devtmpfs: mounted
[    8.985204] Freeing unused kernel memory: 2560K
[    8.989819] Run /sbin/init as init process
[    8.993914]   with arguments:
[    8.993917]     /sbin/init
[    8.993919]   with environment:
[    8.993921]     HOME=/
[    8.993924]     TERM=linux
[    9.559308] systemd[1]: systemd 241 running in system mode. (+PAM +AUDIT +SELINUX +IMA +APPARMOR +SMACK +SYSVINIT +UTMP +LIBCRYPTSETUP +GCRYPT +GNUTLS +ACL +XZ +LZ4 +SECCOMP +BLKID +ELFUTILS +KMOD -IDN2 +IDN -PCRE2 default-hierarchy=hybrid)
[    9.581163] systemd[1]: Detected architecture arm64.
[    9.604457] systemd[1]: Set hostname to <analog>.
[    9.788223] systemd[1]: File /lib/systemd/system/systemd-journald.service:12 configures an IP firewall (IPAddressDeny=any), but the local system does not support BPF/cgroup based firewalling.
[    9.805287] systemd[1]: Proceeding WITHOUT firewalling in effect! (This warning is only shown for the first loaded unit using IP firewalling.)
[    9.970781] systemd[1]: /etc/systemd/system/tof-server.service:1: Assignment outside of section. Ignoring.
[    9.980502] systemd[1]: /etc/systemd/system/tof-server.service:2: Assignment outside of section. Ignoring.
[   10.163810] random: systemd: uninitialized urandom read (16 bytes read)
[   10.178545] random: systemd: uninitialized urandom read (16 bytes read)
[   10.185764] systemd[1]: Created slice system-serial\x2dgetty.slice.
[   10.207822] random: systemd: uninitialized urandom read (16 bytes read)
[   10.214677] systemd[1]: Created slice system-systemd\x2dfsck.slice.
[   10.235994] systemd[1]: Created slice User and Session Slice.
[   10.790898] ------------[ cut here ]------------
[   10.790905] Enabling unprepared \xa0\xe9Q\x88\xff\xff\xffpQ\x88\xff\xff\xff
[   10.790951] WARNING: CPU: 0 PID: 113 at drivers/clk/clk.c:1012 clk_core_enable+0xa4/0xc0
[   10.790954] Modules linked in:
[   10.790964] CPU: 0 PID: 113 Comm: kworker/0:1H Not tainted 5.10.0-98103-g2aa7ac113716 #5577
[   10.790967] Hardware name: ZynqMP ZCU102 Rev1.0 (DT)
[   10.790977] Workqueue: kblockd blk_mq_run_work_fn
[   10.790984] pstate: 80000085 (Nzcv daIf -PAN -UAO -TCO BTYPE=--)
[   10.790990] pc : clk_core_enable+0xa4/0xc0
[   10.790995] lr : clk_core_enable+0xa4/0xc0
[   10.790998] sp : ffffffc0127cb2d0
[   10.791001] x29: ffffffc0127cb2d0 x28: ffffff8800330c10 
[   10.791008] x27: ffffff8800330d48 x26: 0000005000000101 
[   10.791014] x25: 000000027d3e39f4 x24: 0000000000000001 
[   10.791021] x23: ffffff88010e9380 x22: ffffff8801083220 
[   10.791027] x21: ffffff8801517000 x20: ffffff8801517008 
[   10.791034] x19: ffffff8801517008 x18: 0000000000000030 
[   10.791040] x17: 0000000000000003 x16: 0000aeb702b48a94 
[   10.791047] x15: ffffffffffff9d10 x14: ffffffc011d3b1a0 
[   10.791053] x13: ffffffc011d3b1c8 x12: 0000000000000675 
[   10.791060] x11: 0000000000000227 x10: ffffffc011d671c8 
[   10.791066] x9 : 00000000fffff800 x8 : ffffffc011d3b1c8 
[   10.791073] x7 : ffffffc011d671c8 x6 : 0000000000000001 
[   10.791079] x5 : ffffff887f7669e0 x4 : 0000000000000000 
[   10.791085] x3 : 0000000000000027 x2 : 0000000000000023 
[   10.791092] x1 : 5b8aaa283a7b5000 x0 : 0000000000000000 
[   10.791098] Call trace:
[   10.791105]  clk_core_enable+0xa4/0xc0
[   10.791109]  clk_enable+0x2c/0x60
[   10.791116]  zynqmp_runtime_resume+0x24/0x84
[   10.791123]  pm_generic_runtime_resume+0x30/0x50
[   10.791129]  __genpd_runtime_resume+0x30/0xb0
[   10.791135]  genpd_runtime_resume+0x90/0x250
[   10.791141]  __rpm_callback+0x10c/0x1e0
[   10.791146]  rpm_callback+0x5c/0x84
[   10.791151]  rpm_resume+0x4a4/0x74c
[   10.791156]  __pm_runtime_resume+0x78/0xc4
[   10.791161]  spi_mem_access_start.isra.0+0x30/0x80
[   10.791165]  spi_mem_exec_op+0x3b0/0x424
[   10.791170]  spi_nor_read_sr+0x78/0xe0
[   10.791175]  spi_nor_wait_till_ready_with_timeout+0xb4/0x2f0
[   10.791180]  spi_nor_read+0x188/0x380
[   10.791185]  mtd_read_oob_std+0x78/0x84
[   10.791190]  mtd_read_oob+0x7c/0x134
[   10.791194]  mtd_read+0x48/0x7c
[   10.791200]  mtdblock_readsect+0x6c/0x150
[   10.791205]  mtd_queue_rq+0x2cc/0x5a0
[   10.791210]  blk_mq_dispatch_rq_list+0x110/0x790
[   10.791217]  __blk_mq_do_dispatch_sched+0x200/0x274
[   10.791223]  __blk_mq_sched_dispatch_requests+0x1a8/0x1fc
[   10.791228]  blk_mq_sched_dispatch_requests+0x3c/0x7c
[   10.791233]  __blk_mq_run_hw_queue+0x98/0x100
[   10.791238]  blk_mq_run_work_fn+0x24/0x30
[   10.791243]  process_one_work+0x1d4/0x380
[   10.791247]  worker_thread+0x78/0x4e0
[   10.791252]  kthread+0x124/0x130
[   10.791258]  ret_from_fork+0x10/0x3c
[   10.791261] ---[ end trace 935ec2fa85b46caa ]---
[   10.791270] zynqmp-qspi ff0f0000.spi: Cannot enable APB clock.
[   10.791319] spi_master spi0: Failed to power device: -108
[   10.791329] blk_update_request: I/O error, dev mtdblock0, sector 8 op 0x0:(READ) flags 0x80700 phys_seg 1 prio class 0
[   10.791404] spi_master spi0: Failed to power device: -22
[   10.791411] blk_update_request: I/O error, dev mtdblock0, sector 8 op 0x0:(READ) flags 0x0 phys_seg 8 prio class 0
[   10.791417] Buffer I/O error on dev mtdblock0, logical block 8, async page read
[   10.791426] spi_master spi0: Failed to power device: -22
[   10.791432] blk_update_request: I/O error, dev mtdblock0, sector 9 op 0x0:(READ) flags 0x0 phys_seg 7 prio class 0
[   10.791436] Buffer I/O error on dev mtdblock0, logical block 9, async page read
[   10.791443] spi_master spi0: Failed to power device: -22
[   10.791449] blk_update_request: I/O error, dev mtdblock0, sector 10 op 0x0:(READ) flags 0x0 phys_seg 6 prio class 0
[   10.791453] Buffer I/O error on dev mtdblock0, logical block 10, async page read
[   10.791459] spi_master spi0: Failed to power device: -22
[   10.791465] blk_update_request: I/O error, dev mtdblock0, sector 11 op 0x0:(READ) flags 0x0 phys_seg 5 prio class 0
[   10.791469] Buffer I/O error on dev mtdblock0, logical block 11, async page read
[   10.791476] spi_master spi0: Failed to power device: -22
[   10.791482] blk_update_request: I/O error, dev mtdblock0, sector 12 op 0x0:(READ) flags 0x0 phys_seg 4 prio class 0
[   10.791486] Buffer I/O error on dev mtdblock0, logical block 12, async page read
[   10.791492] spi_master spi0: Failed to power device: -22
[   10.791498] blk_update_request: I/O error, dev mtdblock0, sector 13 op 0x0:(READ) flags 0x0 phys_seg 3 prio class 0
[   10.791502] Buffer I/O error on dev mtdblock0, logical block 13, async page read
[   10.791508] spi_master spi0: Failed to power device: -22
[   10.791514] blk_update_request: I/O error, dev mtdblock0, sector 14 op 0x0:(READ) flags 0x0 phys_seg 2 prio class 0
[   10.791518] Buffer I/O error on dev mtdblock0, logical block 14, async page read
[   10.791524] spi_master spi0: Failed to power device: -22
[   10.791530] blk_update_request: I/O error, dev mtdblock0, sector 15 op 0x0:(READ) flags 0x0 phys_seg 1 prio class 0
[   10.791534] Buffer I/O error on dev mtdblock0, logical block 15, async page read
[   10.791905] spi_master spi0: Failed to power device: -22
[   10.791913] blk_update_request: I/O error, dev mtdblock1, sector 10112 op 0x0:(READ) flags 0x80700 phys_seg 1 prio class 0
[   10.791958] spi_master spi0: Failed to power device: -22
[   10.791964] Buffer I/O error on dev mtdblock1, logical block 10112, async page read
[   10.791972] spi_master spi0: Failed to power device: -22
[   10.791977] Buffer I/O error on dev mtdblock1, logical block 10113, async page read
[   10.791984] spi_master spi0: Failed to power device: -22
[   10.791992] spi_master spi0: Failed to power device: -22
[   10.791999] spi_master spi0: Failed to power device: -22
[   10.792006] spi_master spi0: Failed to power device: -22
[   10.792014] spi_master spi0: Failed to power device: -22
[   10.792021] spi_master spi0: Failed to power device: -22
[   10.792256] spi_master spi0: Failed to power device: -22
[   10.792300] spi_master spi0: Failed to power device: -22
[   10.792309] spi_master spi0: Failed to power device: -22
[   10.792317] spi_master spi0: Failed to power device: -22
[   10.792324] spi_master spi0: Failed to power device: -22
[   10.792332] spi_master spi0: Failed to power device: -22
[   10.792339] spi_master spi0: Failed to power device: -22
[   10.792346] spi_master spi0: Failed to power device: -22
[   10.792354] spi_master spi0: Failed to power device: -22
[   10.792623] spi_master spi0: Failed to power device: -22
[   10.792667] spi_master spi0: Failed to power device: -22
[   10.792677] spi_master spi0: Failed to power device: -22
[   10.792685] spi_master spi0: Failed to power device: -22
[   10.792692] spi_master spi0: Failed to power device: -22
[   10.792700] spi_master spi0: Failed to power device: -22
[   10.792707] spi_master spi0: Failed to power device: -22
[   10.792715] spi_master spi0: Failed to power device: -22
[   10.792722] spi_master spi0: Failed to power device: -22
[   10.916604] EXT4-fs (mmcblk0p2): re-mounted. Opts: (null)
[   11.003683] systemd-journald[157]: Received request to flush runtime journal from PID 1
[   16.917985] macb ff0e0000.ethernet eth0: PHY [ff0e0000.ethernet-ffffffff:0c] driver [TI DP83867] (irq=POLL)
[   16.917997] macb ff0e0000.ethernet eth0: configuring for phy/rgmii-id link mode
[   17.227788] Adding 95228k swap on /var/swap.  Priority:-2 extents:2 across:661164k SS
[   18.971767] random: crng init done
[   18.971779] random: 7 urandom warning(s) missed due to ratelimiting
[   19.796082] broken atomic modeset userspace detected, disabling atomic
[   20.993344] macb ff0e0000.ethernet eth0: Link is Up - 1Gbps/Full - flow control off
[   20.993369] IPv6: ADDRCONF(NETDEV_CHANGE): eth0: link becomes ready
[   22.461874] broken atomic modeset userspace detected, disabling atomic
[   25.367968] broken atomic modeset userspace detected, disabling atomic
[   28.016050] broken atomic modeset userspace detected, disabling atomic