[    0.000000] Booting Linux on physical CPU 0x0000000000 [0x410fd034]
[    0.000000] Linux version 5.10.0-98103-g2aa7ac113716 (jenkins@romlxbuild1.adlk.analog.com) (aarch64-xilinx-linux-gcc.real (GCC) 10.2.0, GNU ld (GNU Binutils) 2.35.0.20200730) #5577 SMP Wed Mar 23 07:28:49 GMT 2022
[    0.000000] Machine model: ZynqMP ZCU102 Rev1.0
[    0.000000] earlycon: cdns0 at MMIO 0x00000000ff000000 (options '115200n8')
[    0.000000] printk: bootconsole [cdns0] enabled
[    0.000000] efi: UEFI not found.
[    0.000000] cma: Reserved 256 MiB at 0x0000000070000000
[    0.000000] Zone ranges:
[    0.000000]   DMA      [mem 0x0000000000000000-0x000000003fffffff]
[    0.000000]   DMA32    [mem 0x0000000040000000-0x00000000ffffffff]
[    0.000000]   Normal   [mem 0x0000000100000000-0x000000087fffffff]
[    0.000000] Movable zone start for each node
[    0.000000] Early memory node ranges
[    0.000000]   node   0: [mem 0x0000000000000000-0x000000007fffffff]
[    0.000000]   node   0: [mem 0x0000000800000000-0x000000087fffffff]
[    0.000000] Initmem setup node 0 [mem 0x0000000000000000-0x000000087fffffff]
[    0.000000] On node 0 totalpages: 1048576
[    0.000000]   DMA zone: 3584 pages used for memmap
[    0.000000]   DMA zone: 0 pages reserved
[    0.000000]   DMA zone: 262144 pages, LIFO batch:63
[    0.000000]   DMA32 zone: 3584 pages used for memmap
[    0.000000]   DMA32 zone: 262144 pages, LIFO batch:63
[    0.000000]   Normal zone: 7168 pages used for memmap
[    0.000000]   Normal zone: 524288 pages, LIFO batch:63
[    0.000000] psci: probing for conduit method from DT.
[    0.000000] psci: PSCIv1.1 detected in firmware.
[    0.000000] psci: Using standard PSCI v0.2 function IDs
[    0.000000] psci: MIGRATE_INFO_TYPE not supported.
[    0.000000] psci: SMC Calling Convention v1.2
[    0.000000] percpu: Embedded 22 pages/cpu s49496 r8192 d32424 u90112
[    0.000000] pcpu-alloc: s49496 r8192 d32424 u90112 alloc=22*4096
[    0.000000] pcpu-alloc: [0] 0 [0] 1 [0] 2 [0] 3 
[    0.000000] Detected VIPT I-cache on CPU0
[    0.000000] CPU features: detected: ARM erratum 845719
[    0.000000] Built 1 zonelists, mobility grouping on.  Total pages: 1034240
[    0.000000] Kernel command line: console=ttyPS0,115200 root=/dev/mmcblk0p2 rw earlycon rootfstype=ext4 rootwait clk_ignore_unused cpuidle.off=1 root=/dev/mmcblk0p2 rw rootwait
[    0.000000] Dentry cache hash table entries: 524288 (order: 10, 4194304 bytes, linear)
[    0.000000] Inode-cache hash table entries: 262144 (order: 9, 2097152 bytes, linear)
[    0.000000] mem auto-init: stack:off, heap alloc:off, heap free:off
[    0.000000] software IO TLB: mapped [mem 0x000000003bfff000-0x000000003ffff000] (64MB)
[    0.000000] Memory: 3761904K/4194304K available (15296K kernel code, 1636K rwdata, 11876K rodata, 2560K init, 507K bss, 170256K reserved, 262144K cma-reserved)
[    0.000000] rcu: Hierarchical RCU implementation.
[    0.000000] rcu: 	RCU event tracing is enabled.
[    0.000000] rcu: 	RCU restricting CPUs from NR_CPUS=8 to nr_cpu_ids=4.
[    0.000000] rcu: RCU calculated value of scheduler-enlistment delay is 25 jiffies.
[    0.000000] rcu: Adjusting geometry for rcu_fanout_leaf=16, nr_cpu_ids=4
[    0.000000] NR_IRQS: 64, nr_irqs: 64, preallocated irqs: 0
[    0.000000] GIC: Adjusting CPU interface base to 0x00000000f902f000
[    0.000000] GIC: Using split EOI/Deactivate mode
[    0.000000] random: get_random_bytes called from start_kernel+0x31c/0x54c with crng_init=0
[    0.000000] arch_timer: cp15 timer(s) running at 100.00MHz (phys).
[    0.000000] clocksource: arch_sys_counter: mask: 0xffffffffffffff max_cycles: 0x171024e7e0, max_idle_ns: 440795205315 ns
[    0.000004] sched_clock: 56 bits at 100MHz, resolution 10ns, wraps every 4398046511100ns
[    0.008464] Console: colour dummy device 80x25
[    0.012483] Calibrating delay loop (skipped), value calculated using timer frequency.. 200.00 BogoMIPS (lpj=400000)
[    0.022840] pid_max: default: 32768 minimum: 301
[    0.027549] Mount-cache hash table entries: 8192 (order: 4, 65536 bytes, linear)
[    0.034789] Mountpoint-cache hash table entries: 8192 (order: 4, 65536 bytes, linear)
[    0.043397] rcu: Hierarchical SRCU implementation.
[    0.047559] EFI services will not be available.
[    0.051937] smp: Bringing up secondary CPUs ...
[    0.056656] Detected VIPT I-cache on CPU1
[    0.056695] CPU1: Booted secondary processor 0x0000000001 [0x410fd034]
[    0.057060] Detected VIPT I-cache on CPU2
[    0.057085] CPU2: Booted secondary processor 0x0000000002 [0x410fd034]
[    0.057424] Detected VIPT I-cache on CPU3
[    0.057447] CPU3: Booted secondary processor 0x0000000003 [0x410fd034]
[    0.057493] smp: Brought up 1 node, 4 CPUs
[    0.091780] SMP: Total of 4 processors activated.
[    0.096452] CPU features: detected: 32-bit EL0 Support
[    0.101556] CPU features: detected: CRC32 instructions
[    0.106696] CPU: All CPU(s) started at EL2
[    0.110736] alternatives: patching kernel code
[    0.116169] devtmpfs: initialized
[    0.124068] Registered cp15_barrier emulation handler
[    0.124118] Registered setend emulation handler
[    0.128099] clocksource: jiffies: mask: 0xffffffff max_cycles: 0xffffffff, max_idle_ns: 7645041785100000 ns
[    0.137679] futex hash table entries: 1024 (order: 4, 65536 bytes, linear)
[    0.151029] pinctrl core: initialized pinctrl subsystem
[    0.151671] NET: Registered protocol family 16
[    0.156094] DMA: preallocated 512 KiB GFP_KERNEL pool for atomic allocations
[    0.162108] DMA: preallocated 512 KiB GFP_KERNEL|GFP_DMA pool for atomic allocations
[    0.169832] DMA: preallocated 512 KiB GFP_KERNEL|GFP_DMA32 pool for atomic allocations
[    0.177635] audit: initializing netlink subsys (disabled)
[    0.183088] audit: type=2000 audit(0.116:1): state=initialized audit_enabled=0 res=1
[    0.183432] hw-breakpoint: found 6 breakpoint and 4 watchpoint registers.
[    0.197464] ASID allocator initialised with 65536 entries
[    0.224362] HugeTLB registered 1.00 GiB page size, pre-allocated 0 pages
[    0.225420] HugeTLB registered 32.0 MiB page size, pre-allocated 0 pages
[    0.232092] HugeTLB registered 2.00 MiB page size, pre-allocated 0 pages
[    0.238755] HugeTLB registered 64.0 KiB page size, pre-allocated 0 pages
[    1.304320] DRBG: Continuing without Jitter RNG
[    1.382148] raid6: neonx8   gen()  2143 MB/s
[    1.450198] raid6: neonx8   xor()  1600 MB/s
[    1.518258] raid6: neonx4   gen()  2197 MB/s
[    1.586303] raid6: neonx4   xor()  1566 MB/s
[    1.654372] raid6: neonx2   gen()  2075 MB/s
[    1.722421] raid6: neonx2   xor()  1440 MB/s
[    1.790482] raid6: neonx1   gen()  1772 MB/s
[    1.858531] raid6: neonx1   xor()  1220 MB/s
[    1.926591] raid6: int64x8  gen()  1438 MB/s
[    1.994645] raid6: int64x8  xor()   771 MB/s
[    2.062718] raid6: int64x4  gen()  1598 MB/s
[    2.130763] raid6: int64x4  xor()   818 MB/s
[    2.198827] raid6: int64x2  gen()  1397 MB/s
[    2.266892] raid6: int64x2  xor()   749 MB/s
[    2.334948] raid6: int64x1  gen()  1033 MB/s
[    2.403019] raid6: int64x1  xor()   517 MB/s
[    2.403057] raid6: using algorithm neonx4 gen() 2197 MB/s
[    2.407013] raid6: .... xor() 1566 MB/s, rmw enabled
[    2.411943] raid6: using neon recovery algorithm
[    2.416954] iommu: Default domain type: Translated 
[    2.421567] SCSI subsystem initialized
[    2.425113] libata version 3.00 loaded.
[    2.425237] usbcore: registered new interface driver usbfs
[    2.430570] usbcore: registered new interface driver hub
[    2.435842] usbcore: registered new device driver usb
[    2.440975] mc: Linux media interface: v0.10
[    2.445093] videodev: Linux video capture interface: v2.00
[    2.450583] EDAC MC: Ver: 3.0.0
[    2.454021] zynqmp-ipi-mbox mailbox@ff990400: Registered ZynqMP IPI mbox with TX/RX channels.
[    2.462538] jesd204: created con: id=0, topo=0, link=0, /axi/spi@ff050000/hmc7044@0 <-> /fpga-axi@0/axi-adxcvr-tx@84b60000
[    2.473112] jesd204: created con: id=1, topo=0, link=2, /axi/spi@ff050000/hmc7044@0 <-> /fpga-axi@0/axi-adxcvr-rx@84a60000
[    2.484096] jesd204: created con: id=2, topo=0, link=0, /fpga-axi@0/axi-adxcvr-tx@84b60000 <-> /fpga-axi@0/axi-jesd204-tx@84b90000
[    2.495772] jesd204: created con: id=3, topo=0, link=2, /fpga-axi@0/axi-adxcvr-rx@84a60000 <-> /fpga-axi@0/axi-jesd204-rx@84a90000
[    2.507449] jesd204: created con: id=4, topo=0, link=0, /fpga-axi@0/axi-jesd204-tx@84b90000 <-> /fpga-axi@0/axi-ad9081-tx-hpc@84b10000
[    2.519477] jesd204: created con: id=5, topo=0, link=2, /fpga-axi@0/axi-jesd204-rx@84a90000 <-> /fpga-axi@0/axi-ad9081-rx-hpc@84a10000
[    2.531499] jesd204: created con: id=6, topo=0, link=2, /fpga-axi@0/axi-ad9081-rx-hpc@84a10000 <-> /axi/spi@ff040000/ad9081@0
[    2.542741] jesd204: created con: id=7, topo=0, link=0, /fpga-axi@0/axi-ad9081-tx-hpc@84b10000 <-> /axi/spi@ff040000/ad9081@0
[    2.553991] jesd204: /axi/spi@ff040000/ad9081@0: JESD204[2] transition uninitialized -> initialized
[    2.562977] jesd204: /axi/spi@ff040000/ad9081@0: JESD204[0] transition uninitialized -> initialized
[    2.571969] jesd204: found 8 devices and 1 topologies
[    2.577013] FPGA manager framework
[    2.580492] Advanced Linux Sound Architecture Driver Initialized.
[    2.586785] Bluetooth: Core ver 2.22
[    2.589971] NET: Registered protocol family 31
[    2.594373] Bluetooth: HCI device and connection manager initialized
[    2.600689] Bluetooth: HCI socket layer initialized
[    2.605532] Bluetooth: L2CAP socket layer initialized
[    2.610556] Bluetooth: SCO socket layer initialized
[    2.615739] clocksource: Switched to clocksource arch_sys_counter
[    2.621548] VFS: Disk quotas dquot_6.6.0
[    2.625383] VFS: Dquot-cache hash table entries: 512 (order 0, 4096 bytes)
[    2.636098] NET: Registered protocol family 2
[    2.636828] tcp_listen_portaddr_hash hash table entries: 2048 (order: 3, 32768 bytes, linear)
[    2.645023] TCP established hash table entries: 32768 (order: 6, 262144 bytes, linear)
[    2.653047] TCP bind hash table entries: 32768 (order: 7, 524288 bytes, linear)
[    2.660494] TCP: Hash tables configured (established 32768 bind 32768)
[    2.666667] UDP hash table entries: 2048 (order: 4, 65536 bytes, linear)
[    2.673334] UDP-Lite hash table entries: 2048 (order: 4, 65536 bytes, linear)
[    2.680493] NET: Registered protocol family 1
[    2.684951] RPC: Registered named UNIX socket transport module.
[    2.690570] RPC: Registered udp transport module.
[    2.695235] RPC: Registered tcp transport module.
[    2.699904] RPC: Registered tcp NFSv4.1 backchannel transport module.
[    2.706897] PCI: CLS 0 bytes, default 64
[    2.710602] hw perfevents: no interrupt-affinity property for /pmu, guessing.
[    2.717457] hw perfevents: enabled with armv8_pmuv3 PMU driver, 7 counters available
[    2.725808] Initialise system trusted keyrings
[    2.729484] workingset: timestamp_bits=62 max_order=20 bucket_order=0
[    2.736387] NFS: Registering the id_resolver key type
[    2.740834] Key type id_resolver registered
[    2.744973] Key type id_legacy registered
[    2.748962] nfs4filelayout_init: NFSv4 File Layout Driver Registering...
[    2.755628] jffs2: version 2.2. (NAND) (SUMMARY)  Â© 2001-2006 Red Hat, Inc.
[    2.799507] NET: Registered protocol family 38
[    2.799549] xor: measuring software checksum speed
[    2.807240]    8regs           :  2363 MB/sec
[    2.810909]    32regs          :  2799 MB/sec
[    2.815855]    arm64_neon      :  2380 MB/sec
[    2.816041] xor: using function: 32regs (2799 MB/sec)
[    2.821067] Key type asymmetric registered
[    2.825128] Asymmetric key parser 'x509' registered
[    2.829989] Block layer SCSI generic (bsg) driver version 0.4 loaded (major 248)
[    2.837326] io scheduler mq-deadline registered
[    2.841822] io scheduler kyber registered
[    2.871222] Serial: 8250/16550 driver, 4 ports, IRQ sharing disabled
[    2.875864] cacheinfo: Unable to detect cache hierarchy for CPU 0
[    2.882196] brd: module loaded
[    2.886329] loop: module loaded
[    2.886873] Registered mathworks_ip class
[    2.890237] libphy: Fixed MDIO Bus: probed
[    2.893211] tun: Universal TUN/TAP device driver, 1.6
[    2.897272] CAN device driver interface
[    2.901804] usbcore: registered new interface driver asix
[    2.906405] usbcore: registered new interface driver ax88179_178a
[    2.912437] usbcore: registered new interface driver cdc_ether
[    2.918230] usbcore: registered new interface driver net1080
[    2.923853] usbcore: registered new interface driver cdc_subset
[    2.929736] usbcore: registered new interface driver zaurus
[    2.935279] usbcore: registered new interface driver cdc_ncm
[    2.941681] ehci_hcd: USB 2.0 'Enhanced' Host Controller (EHCI) Driver
[    2.947365] ehci-pci: EHCI PCI platform driver
[    2.952163] usbcore: registered new interface driver uas
[    2.957083] usbcore: registered new interface driver usb-storage
[    2.963069] usbcore: registered new interface driver usbserial_generic
[    2.969519] usbserial: USB Serial support registered for generic
[    2.975492] usbcore: registered new interface driver ftdi_sio
[    2.981195] usbserial: USB Serial support registered for FTDI USB Serial Device
[    2.988472] usbcore: registered new interface driver upd78f0730
[    2.994343] usbserial: USB Serial support registered for upd78f0730
[    3.001993] rtc_zynqmp ffa60000.rtc: registered as rtc0
[    3.005768] rtc_zynqmp ffa60000.rtc: setting system clock to 2022-03-26T01:02:17 UTC (1648256537)
[    3.014631] i2c /dev entries driver
[    3.019948] usbcore: registered new interface driver uvcvideo
[    3.023744] USB Video Class driver (1.1.1)
[    3.029312] Bluetooth: HCI UART driver ver 2.3
[    3.032226] Bluetooth: HCI UART protocol H4 registered
[    3.037324] Bluetooth: HCI UART protocol BCSP registered
[    3.042612] Bluetooth: HCI UART protocol LL registered
[    3.047703] Bluetooth: HCI UART protocol ATH3K registered
[    3.053077] Bluetooth: HCI UART protocol Three-wire (H5) registered
[    3.059330] Bluetooth: HCI UART protocol Intel registered
[    3.064668] Bluetooth: HCI UART protocol QCA registered
[    3.069872] usbcore: registered new interface driver bcm203x
[    3.075489] usbcore: registered new interface driver bpa10x
[    3.081025] usbcore: registered new interface driver bfusb
[    3.086478] usbcore: registered new interface driver btusb
[    3.091941] usbcore: registered new interface driver ath3k
[    3.097422] EDAC MC: ECC not enabled
[    3.101051] EDAC DEVICE0: Giving out device to module zynqmp-ocm-edac controller zynqmp_ocm: DEV ff960000.memory-controller (INTERRUPT)
[    3.113361] sdhci: Secure Digital Host Controller Interface driver
[    3.119153] sdhci: Copyright(c) Pierre Ossman
[    3.123475] sdhci-pltfm: SDHCI platform and OF driver helper
[    3.129524] ledtrig-cpu: registered to indicate activity on CPUs
[    3.135082] SMCCC: SOC_ID: ARCH_SOC_ID not implemented, skipping ....
[    3.141514] zynqmp_firmware_probe Platform Management API v1.1
[    3.147267] zynqmp_firmware_probe Trustzone version v1.0
[    3.186831] zynqmp-pinctrl firmware:zynqmp-firmware:pinctrl: zynqmp pinctrl initialized
[    3.234822] zynqmp-aes firmware:zynqmp-firmware:zynqmp-aes: will run requests pump with realtime priority
[    3.250692] alg: No test for xilinx-keccak-384 (zynqmp-keccak-384)
[    3.251399] alg: No test for xilinx-zynqmp-rsa (zynqmp-rsa)
[    3.256913] usbcore: registered new interface driver usbhid
[    3.262303] usbhid: USB HID core driver
[    3.273547] axi_sysid 85000000.axi-sysid-0: AXI System ID core version (1.01.a) found
[    3.275900] axi_sysid 85000000.axi-sysid-0: [ad9081_fmca_ebz] on [zcu102] git branch <master> git <084d44c9780640ca93fd847b1d9ec70dd65f5c67> clean [2022-03-18 04:17:50] UTC
[    3.291580] fpga_manager fpga0: Xilinx ZynqMP FPGA Manager registered
[    3.297935] usbcore: registered new interface driver snd-usb-audio
[    3.305385] pktgen: Packet Generator for packet performance testing. Version: 2.75
[    3.311566] Initializing XFRM netlink socket
[    3.315421] NET: Registered protocol family 10
[    3.320136] Segment Routing with IPv6
[    3.323510] sit: IPv6, IPv4 and MPLS over IPv4 tunneling driver
[    3.329594] NET: Registered protocol family 17
[    3.333695] NET: Registered protocol family 15
[    3.338191] can: controller area network core
[    3.342443] NET: Registered protocol family 29
[    3.346834] can: raw protocol
[    3.349772] can: broadcast manager protocol
[    3.353924] can: netlink gateway - max_hops=1
[    3.358317] Bluetooth: RFCOMM TTY layer initialized
[    3.363099] Bluetooth: RFCOMM socket layer initialized
[    3.368209] Bluetooth: RFCOMM ver 1.11
[    3.371920] Bluetooth: BNEP (Ethernet Emulation) ver 1.3
[    3.377189] Bluetooth: BNEP filters: protocol multicast
[    3.382382] Bluetooth: BNEP socket layer initialized
[    3.387309] Bluetooth: HIDP (Human Interface Emulation) ver 1.2
[    3.393193] Bluetooth: HIDP socket layer initialized
[    3.398245] 9pnet: Installing 9P2000 support
[    3.402370] NET: Registered protocol family 36
[    3.406788] Key type dns_resolver registered
[    3.411216] registered taskstats version 1
[    3.415083] Loading compiled-in X.509 certificates
[    3.420199] Btrfs loaded, crc32c=crc32c-generic
[    3.432590] ff000000.serial: ttyPS0 at MMIO 0xff000000 (irq = 49, base_baud = 6249999) is a xuartps
[    3.441610] printk: console [ttyPS0] enabled
[    3.445904] printk: bootconsole [cdns0] disabled
[    3.455528] ff010000.serial: ttyPS1 at MMIO 0xff010000 (irq = 50, base_baud = 6249999) is a xuartps
[    3.468783] of-fpga-region fpga-full: FPGA Region probed
[    3.475741] nwl-pcie fd0e0000.pcie: host bridge /axi/pcie@fd0e0000 ranges:
[    3.482629] nwl-pcie fd0e0000.pcie:      MEM 0x00e0000000..0x00efffffff -> 0x00e0000000
[    3.490635] nwl-pcie fd0e0000.pcie:      MEM 0x0600000000..0x07ffffffff -> 0x0600000000
[    3.498705] nwl-pcie fd0e0000.pcie: Link is DOWN
[    3.503463] nwl-pcie fd0e0000.pcie: PCI host bridge to bus 0000:00
[    3.509643] pci_bus 0000:00: root bus resource [bus 00-ff]
[    3.515123] pci_bus 0000:00: root bus resource [mem 0xe0000000-0xefffffff]
[    3.521988] pci_bus 0000:00: root bus resource [mem 0x600000000-0x7ffffffff pref]
[    3.529491] pci 0000:00:00.0: [10ee:d021] type 01 class 0x060400
[    3.535553] pci 0000:00:00.0: PME# supported from D0 D1 D2 D3hot
[    3.545999] pci 0000:00:00.0: PCI bridge to [bus 01-0c]
[    3.551985] xilinx-zynqmp-dma fd500000.dma: ZynqMP DMA driver Probe success
[    3.559158] xilinx-zynqmp-dma fd510000.dma: ZynqMP DMA driver Probe success
[    3.566335] xilinx-zynqmp-dma fd520000.dma: ZynqMP DMA driver Probe success
[    3.573503] xilinx-zynqmp-dma fd530000.dma: ZynqMP DMA driver Probe success
[    3.580670] xilinx-zynqmp-dma fd540000.dma: ZynqMP DMA driver Probe success
[    3.587846] xilinx-zynqmp-dma fd550000.dma: ZynqMP DMA driver Probe success
[    3.595018] xilinx-zynqmp-dma fd560000.dma: ZynqMP DMA driver Probe success
[    3.602187] xilinx-zynqmp-dma fd570000.dma: ZynqMP DMA driver Probe success
[    3.609585] xilinx-zynqmp-dpdma fd4c0000.dma-controller: Xilinx DPDMA engine is probed
[    3.618136] ahci-ceva fd0c0000.ahci: supply ahci not found, using dummy regulator
[    3.625679] ahci-ceva fd0c0000.ahci: supply phy not found, using dummy regulator
[    3.715908] hmc7044 spi2.0: PLL1: Acquisition, CLKIN0 @ 122880000 Hz, PFD: 80 kHz - PLL2: Locked @ 2712.000000 MHz
[    3.726627] jesd204: /axi/spi@ff050000/hmc7044@0,jesd204:1,parent=spi2.0: Using as SYSREF provider
[    3.736215] spi-nor spi0.0: SPI-NOR-UniqueID 100000235394732200270025081115266e
[    3.743524] spi-nor spi0.0: found n25q512a, expected m25p80
[    3.749723] spi-nor spi0.0: trying to lock already unlocked area
[    3.755732] spi-nor spi0.0: n25q512a (131072 Kbytes)
[    3.760710] 4 fixed-partitions partitions found on MTD device spi0.0
[    3.767058] Creating 4 MTD partitions on "spi0.0":
[    3.771843] 0x000000000000-0x000000100000 : "qspi-fsbl-uboot"
[    3.778332] 0x000000100000-0x000000600000 : "qspi-linux"
[    3.784289] 0x000000600000-0x000000620000 : "qspi-device-tree"
[    3.790760] 0x000000620000-0x000000c00000 : "qspi-rootfs"
[    3.799228] macb ff0e0000.ethernet: Not enabling partial store and forward
[    3.806753] libphy: MACB_mii_bus: probed
[    3.811814] macb ff0e0000.ethernet eth0: Cadence GEM rev 0x50070106 at 0xff0e0000 irq 30 (00:0a:35:04:8e:1b)
[    3.822020] xilinx-axipmon ffa00000.perf-monitor: Probed Xilinx APM
[    3.828595] xilinx-axipmon fd0b0000.perf-monitor: Probed Xilinx APM
[    3.835115] xilinx-axipmon fd490000.perf-monitor: Probed Xilinx APM
[    3.841657] xilinx-axipmon ffa10000.perf-monitor: Probed Xilinx APM
[    3.851639] pca953x 0-0020: supply vcc not found, using dummy regulator
[    3.858324] pca953x 0-0020: using no AI
[    3.862812] gpio-496 (sel0): hogged as output/low
[    3.867712] gpio-497 (sel1): hogged as output/high
[    3.872699] gpio-498 (sel2): hogged as output/high
[    3.877687] gpio-499 (sel3): hogged as output/high
[    3.882859] pca953x 0-0021: supply vcc not found, using dummy regulator
[    3.889526] pca953x 0-0021: using no AI
[    3.895289] ina2xx 2-0040: power monitor ina226 (Rshunt = 5000 uOhm)
[    3.902313] ina2xx 2-0041: power monitor ina226 (Rshunt = 5000 uOhm)
[    3.909341] ina2xx 2-0042: power monitor ina226 (Rshunt = 5000 uOhm)
[    3.916375] ina2xx 2-0043: power monitor ina226 (Rshunt = 5000 uOhm)
[    3.923402] ina2xx 2-0044: power monitor ina226 (Rshunt = 5000 uOhm)
[    3.930423] ina2xx 2-0045: power monitor ina226 (Rshunt = 5000 uOhm)
[    3.937455] ina2xx 2-0046: power monitor ina226 (Rshunt = 5000 uOhm)
[    3.944530] ina2xx 2-0047: power monitor ina226 (Rshunt = 5000 uOhm)
[    3.951555] ina2xx 2-004a: power monitor ina226 (Rshunt = 5000 uOhm)
[    3.958598] ina2xx 2-004b: power monitor ina226 (Rshunt = 5000 uOhm)
[    3.965009] i2c i2c-0: Added multiplexed i2c bus 2
[    3.970393] random: fast init done
[    3.973864] ina2xx 3-0040: power monitor ina226 (Rshunt = 2000 uOhm)
[    3.980888] ina2xx 3-0041: power monitor ina226 (Rshunt = 5000 uOhm)
[    3.987924] ina2xx 3-0042: power monitor ina226 (Rshunt = 5000 uOhm)
[    3.994956] ina2xx 3-0043: power monitor ina226 (Rshunt = 5000 uOhm)
[    4.001985] ina2xx 3-0044: power monitor ina226 (Rshunt = 5000 uOhm)
[    4.009019] ina2xx 3-0045: power monitor ina226 (Rshunt = 5000 uOhm)
[    4.016054] ina2xx 3-0046: power monitor ina226 (Rshunt = 5000 uOhm)
[    4.023082] ina2xx 3-0047: power monitor ina226 (Rshunt = 5000 uOhm)
[    4.029482] i2c i2c-0: Added multiplexed i2c bus 3
[    4.085438] i2c i2c-0: Added multiplexed i2c bus 4
[    4.090380] i2c i2c-0: Added multiplexed i2c bus 5
[    4.095168] pca954x 0-0075: registered 4 multiplexed busses for I2C mux pca9544
[    4.102518] cdns-i2c ff020000.i2c: 400 kHz mmio ff020000 irq 32
[    4.110246] at24 6-0054: supply vcc not found, using dummy regulator
[    4.117144] at24 6-0054: 1024 byte 24c08 EEPROM, writable, 1 bytes/write
[    4.123898] i2c i2c-1: Added multiplexed i2c bus 6
[    4.130328] si5341 7-0036: Chip: 5341 Grade: 1 Rev: 1
[    4.167986] i2c i2c-1: Added multiplexed i2c bus 7
[    4.175634] si570 8-005d: registered, current frequency 300000000 Hz
[    4.182035] i2c i2c-1: Added multiplexed i2c bus 8
[    4.201819] si570 9-005d: registered, current frequency 148500000 Hz
[    4.208223] i2c i2c-1: Added multiplexed i2c bus 9
[    4.213262] si5324 10-0069: si5328 probed
[    4.280093] si5324 10-0069: si5328 probe successful
[    4.285025] i2c i2c-1: Added multiplexed i2c bus 10
[    4.290053] i2c i2c-1: Added multiplexed i2c bus 11
[    4.295080] i2c i2c-1: Added multiplexed i2c bus 12
[    4.300100] i2c i2c-1: Added multiplexed i2c bus 13
[    4.304981] pca954x 1-0074: registered 8 multiplexed busses for I2C switch pca9548
[    4.313092] at24 14-0050: supply vcc not found, using dummy regulator
[    4.319878] at24 14-0050: 256 byte 24c02 EEPROM, writable, 1 bytes/write
[    4.326625] i2c i2c-1: Added multiplexed i2c bus 14
[    4.331664] i2c i2c-1: Added multiplexed i2c bus 15
[    4.336697] i2c i2c-1: Added multiplexed i2c bus 16
[    4.341735] i2c i2c-1: Added multiplexed i2c bus 17
[    4.346765] i2c i2c-1: Added multiplexed i2c bus 18
[    4.351813] i2c i2c-1: Added multiplexed i2c bus 19
[    4.356849] i2c i2c-1: Added multiplexed i2c bus 20
[    4.361883] i2c i2c-1: Added multiplexed i2c bus 21
[    4.366756] pca954x 1-0075: registered 8 multiplexed busses for I2C switch pca9548
[    4.374365] cdns-i2c ff030000.i2c: 400 kHz mmio ff030000 irq 33
[    4.384117] cdns-wdt fd4d0000.watchdog: Xilinx Watchdog Timer with timeout 60s
[    4.394902] axi_adxcvr 84a60000.axi-adxcvr-rx: AXI-ADXCVR-RX (17.05.a) using CPLL on GTH4 at 0x84A60000. Number of lanes: 4.
[    4.407051] axi_adxcvr 84b60000.axi-adxcvr-tx: AXI-ADXCVR-TX (17.05.a) using QPLL on GTH4 at 0x84B60000. Number of lanes: 4.
[    4.418674] axi-jesd204-rx 84a90000.axi-jesd204-rx: AXI-JESD204-RX (1.07.a) at 0x84A90000. Encoder 8b10b, width 4/4, lanes 4, jesd204-fsm.
[    4.426214] mmc0: SDHCI controller on ff170000.mmc [ff170000.mmc] using ADMA 64-bit
[    4.431516] axi-jesd204-tx 84b90000.axi-jesd204-tx: AXI-JESD204-TX (1.06.a) at 0x84B90000. Encoder 8b10b, width 4/4, lanes 4, jesd204-fsm.
[    4.452229] zynqmp-display fd4a0000.display: vtc bridge property not present
[    4.461883] xilinx-dp-snd-codec fd4a0000.display:zynqmp_dp_snd_codec0: Failed to get required clock freq
[    4.471386] xilinx-dp-snd-codec: probe of fd4a0000.display:zynqmp_dp_snd_codec0 failed with error -22
[    4.473522] mmc0: new high speed SDHC card at address 0001
[    4.480927] xilinx-dp-snd-pcm zynqmp_dp_snd_pcm0: Xilinx DisplayPort Sound PCM probed
[    4.486440] mmcblk0: mmc0:0001 EB1QT 29.8 GiB 
[    4.494241] xilinx-dp-snd-pcm zynqmp_dp_snd_pcm1: Xilinx DisplayPort Sound PCM probed
[    4.499588]  mmcblk0: p1 p2 p3
[    4.506544] OF: graph: no port node found in /axi/display@fd4a0000
[    4.515613] xlnx-drm xlnx-drm.0: bound fd4a0000.display (ops 0xffffffc010fcbdb8)
[    5.599755] zynqmp-display fd4a0000.display: [drm] Cannot find any crtc or sizes
[    5.607366] [drm] Initialized xlnx 1.0.0 20130509 for fd4a0000.display on minor 0
[    5.614855] zynqmp-display fd4a0000.display: ZynqMP DisplayPort Subsystem driver probed
[    5.623178] ahci-ceva fd0c0000.ahci: supply ahci not found, using dummy regulator
[    5.630726] ahci-ceva fd0c0000.ahci: supply phy not found, using dummy regulator
[    5.638177] ahci-ceva fd0c0000.ahci: supply target not found, using dummy regulator
[    5.646016] ahci-ceva fd0c0000.ahci: AHCI 0001.0301 32 slots 2 ports 6 Gbps 0x3 impl platform mode
[    5.654971] ahci-ceva fd0c0000.ahci: flags: 64bit ncq sntf pm clo only pmp fbs pio slum part ccc sds apst 
[    5.665668] scsi host0: ahci-ceva
[    5.669264] scsi host1: ahci-ceva
[    5.672691] ata1: SATA max UDMA/133 mmio [mem 0xfd0c0000-0xfd0c1fff] port 0x100 irq 45
[    5.680601] ata2: SATA max UDMA/133 mmio [mem 0xfd0c0000-0xfd0c1fff] port 0x180 irq 45
[    5.689200] ad9081 spi1.0: supply vdd not found, using dummy regulator
[    6.001991] ata1: SATA link down (SStatus 0 SControl 330)
[    6.007410] ata2: SATA link down (SStatus 0 SControl 330)
[    6.683756] zynqmp-display fd4a0000.display: [drm] Cannot find any crtc or sizes
[    6.881239] ad9081 spi1.0: Invalid param passed., "ref_clk_hz < 100000000ULL" in adi_ad9081_device_clk_config_set(...), line554 in drivers/iio/adc/ad9081/adi_ad9081_device.c
[    7.548615] ad9081 spi1.0: AD9081 Rev. 2 Grade 10 (API 1.2.2) probed
[    7.555811] xhci-hcd xhci-hcd.1.auto: xHCI Host Controller
[    7.561298] xhci-hcd xhci-hcd.1.auto: new USB bus registered, assigned bus number 1
[    7.569046] xhci-hcd xhci-hcd.1.auto: hcc params 0x0238f625 hci version 0x100 quirks 0x0000000002010810
[    7.578460] xhci-hcd xhci-hcd.1.auto: irq 59, io mem 0xfe200000
[    7.584568] usb usb1: New USB device found, idVendor=1d6b, idProduct=0002, bcdDevice= 5.10
[    7.592824] usb usb1: New USB device strings: Mfr=3, Product=2, SerialNumber=1
[    7.600042] usb usb1: Product: xHCI Host Controller
[    7.604912] usb usb1: Manufacturer: Linux 5.10.0-98103-g2aa7ac113716 xhci-hcd
[    7.612038] usb usb1: SerialNumber: xhci-hcd.1.auto
[    7.617205] hub 1-0:1.0: USB hub found
[    7.620965] hub 1-0:1.0: 1 port detected
[    7.625069] xhci-hcd xhci-hcd.1.auto: xHCI Host Controller
[    7.630549] xhci-hcd xhci-hcd.1.auto: new USB bus registered, assigned bus number 2
[    7.638204] xhci-hcd xhci-hcd.1.auto: Host supports USB 3.0 SuperSpeed
[    7.644831] usb usb2: New USB device found, idVendor=1d6b, idProduct=0003, bcdDevice= 5.10
[    7.653089] usb usb2: New USB device strings: Mfr=3, Product=2, SerialNumber=1
[    7.660309] usb usb2: Product: xHCI Host Controller
[    7.665177] usb usb2: Manufacturer: Linux 5.10.0-98103-g2aa7ac113716 xhci-hcd
[    7.672307] usb usb2: SerialNumber: xhci-hcd.1.auto
[    7.677420] hub 2-0:1.0: USB hub found
[    7.681182] hub 2-0:1.0: 1 port detected
[    7.711213] cf_axi_adc 84a10000.axi-ad9081-rx-hpc: ADI AIM (10.01.b) at 0x84A10000 mapped to 0x(____ptrval____), probed ADC AD9081 as MASTER
[    7.744577] cf_axi_dds 84b10000.axi-ad9081-tx-hpc: Analog Devices CF_AXI_DDS_DDS MASTER (9.01.b) at 0x84B10000 mapped to 0x(____ptrval____), probed DDS AD9081
[    7.758783] jesd204: /axi/spi@ff040000/ad9081@0,jesd204:0,parent=spi1.0: JESD204[2] transition initialized -> probed
[    7.769303] jesd204: /axi/spi@ff040000/ad9081@0,jesd204:0,parent=spi1.0: JESD204[0] transition initialized -> probed
[    7.779824] jesd204: /axi/spi@ff040000/ad9081@0,jesd204:0,parent=spi1.0: JESD204[2] transition probed -> idle
[    7.789734] jesd204: /axi/spi@ff040000/ad9081@0,jesd204:0,parent=spi1.0: JESD204[0] transition probed -> idle
[    7.799648] jesd204: /axi/spi@ff040000/ad9081@0,jesd204:0,parent=spi1.0: JESD204[2] transition idle -> device_init
[    7.809991] jesd204: /axi/spi@ff040000/ad9081@0,jesd204:0,parent=spi1.0: JESD204[0] transition idle -> device_init
[    7.820343] jesd204: /axi/spi@ff040000/ad9081@0,jesd204:0,parent=spi1.0: JESD204[2] transition device_init -> link_init
[    7.831118] jesd204: /axi/spi@ff040000/ad9081@0,jesd204:0,parent=spi1.0: JESD204[0] transition device_init -> link_init
[    7.841910] jesd204: /axi/spi@ff040000/ad9081@0,jesd204:0,parent=spi1.0: JESD204[2] transition link_init -> link_supported
[    7.852948] jesd204: /axi/spi@ff040000/ad9081@0,jesd204:0,parent=spi1.0: JESD204[0] transition link_init -> link_supported
[    7.864366] hmc7044 spi2.0: hmc7044_jesd204_link_pre_setup: Link2 forcing continuous SYSREF mode
[    7.873516] axi-jesd204-tx 84b90000.axi-jesd204-tx: axi_jesd204_tx_jesd204_link_pre_setup: Link0 set lane rate 9040000 kHz failed (-22)
[    7.885682] jesd204: /fpga-axi@0/axi-jesd204-tx@84b90000,jesd204:5,parent=84b90000.axi-jesd204-tx: JESD204[0] In link_pre_setup got error from cb: -22
[    7.899153] jesd204: /axi/spi@ff040000/ad9081@0,jesd204:0,parent=spi1.0: Rolling back from 'link_supported', got error -22
[    7.910203] jesd204: /axi/spi@ff040000/ad9081@0,jesd204:0,parent=spi1.0: JESD204[0] transition link_supported -> link_pre_setup
[    7.921676] jesd204: /axi/spi@ff040000/ad9081@0,jesd204:0,parent=spi1.0: JESD204[2] transition link_supported -> link_pre_setup
[    7.933154] jesd204: /axi/spi@ff040000/ad9081@0,jesd204:0,parent=spi1.0: JESD204[0] transition link_pre_setup -> link_supported
[    7.944627] jesd204: /axi/spi@ff040000/ad9081@0,jesd204:0,parent=spi1.0: JESD204[2] transition link_pre_setup -> link_supported
[    7.956104] jesd204: /axi/spi@ff040000/ad9081@0,jesd204:0,parent=spi1.0: JESD204[0] transition link_supported -> link_init
[    7.967142] jesd204: /axi/spi@ff040000/ad9081@0,jesd204:0,parent=spi1.0: JESD204[2] transition link_supported -> link_init
[    7.978189] jesd204: /axi/spi@ff040000/ad9081@0,jesd204:0,parent=spi1.0: JESD204[0] transition link_init -> device_init
[    7.988967] jesd204: /axi/spi@ff040000/ad9081@0,jesd204:0,parent=spi1.0: JESD204[2] transition link_init -> device_init
[    7.999747] jesd204: /axi/spi@ff040000/ad9081@0,jesd204:0,parent=spi1.0: JESD204[0] transition device_init -> idle
[    8.010090] jesd204: /axi/spi@ff040000/ad9081@0,jesd204:0,parent=spi1.0: JESD204[2] transition device_init -> idle
[    8.020441] jesd204: /axi/spi@ff040000/ad9081@0,jesd204:0,parent=spi1.0: JESD204[2] transition idle -> idle
[    8.030177] jesd204: /axi/spi@ff040000/ad9081@0,jesd204:0,parent=spi1.0: JESD204[0] transition idle -> idle
[    8.039918] jesd204: /axi/spi@ff040000/ad9081@0,jesd204:0,parent=spi1.0: JESD204[2] transition idle -> device_init
[    8.050262] jesd204: /axi/spi@ff040000/ad9081@0,jesd204:0,parent=spi1.0: JESD204[0] transition idle -> device_init
[    8.060611] jesd204: /axi/spi@ff040000/ad9081@0,jesd204:0,parent=spi1.0: JESD204[2] transition device_init -> link_init
[    8.071394] jesd204: /axi/spi@ff040000/ad9081@0,jesd204:0,parent=spi1.0: JESD204[0] transition device_init -> link_init
[    8.082177] jesd204: /axi/spi@ff040000/ad9081@0,jesd204:0,parent=spi1.0: JESD204[2] transition link_init -> link_supported
[    8.093218] jesd204: /axi/spi@ff040000/ad9081@0,jesd204:0,parent=spi1.0: JESD204[0] transition link_init -> link_supported
[    8.104595] axi-jesd204-tx 84b90000.axi-jesd204-tx: axi_jesd204_tx_jesd204_link_pre_setup: Link0 set lane rate 9040000 kHz failed (-22)
[    8.116765] jesd204: /fpga-axi@0/axi-jesd204-tx@84b90000,jesd204:5,parent=84b90000.axi-jesd204-tx: JESD204[0] In link_pre_setup got error from cb: -22
[    8.130231] jesd204: /axi/spi@ff040000/ad9081@0,jesd204:0,parent=spi1.0: Rolling back from 'link_supported', got error -22
[    8.141275] jesd204: /axi/spi@ff040000/ad9081@0,jesd204:0,parent=spi1.0: JESD204[0] transition link_supported -> link_pre_setup
[    8.152749] jesd204: /axi/spi@ff040000/ad9081@0,jesd204:0,parent=spi1.0: JESD204[2] transition link_supported -> link_pre_setup
[    8.164224] jesd204: /axi/spi@ff040000/ad9081@0,jesd204:0,parent=spi1.0: JESD204[0] transition link_pre_setup -> link_supported
[    8.175696] jesd204: /axi/spi@ff040000/ad9081@0,jesd204:0,parent=spi1.0: JESD204[2] transition link_pre_setup -> link_supported
[    8.187174] jesd204: /axi/spi@ff040000/ad9081@0,jesd204:0,parent=spi1.0: JESD204[0] transition link_supported -> link_init
[    8.198211] jesd204: /axi/spi@ff040000/ad9081@0,jesd204:0,parent=spi1.0: JESD204[2] transition link_supported -> link_init
[    8.209259] jesd204: /axi/spi@ff040000/ad9081@0,jesd204:0,parent=spi1.0: JESD204[0] transition link_init -> device_init
[    8.220034] jesd204: /axi/spi@ff040000/ad9081@0,jesd204:0,parent=spi1.0: JESD204[2] transition link_init -> device_init
[    8.230817] jesd204: /axi/spi@ff040000/ad9081@0,jesd204:0,parent=spi1.0: JESD204[0] transition device_init -> idle
[    8.241165] jesd204: /axi/spi@ff040000/ad9081@0,jesd204:0,parent=spi1.0: JESD204[2] transition device_init -> idle
[    8.251513] jesd204: /axi/spi@ff040000/ad9081@0,jesd204:0,parent=spi1.0: JESD204[2] transition idle -> idle
[    8.261246] jesd204: /axi/spi@ff040000/ad9081@0,jesd204:0,parent=spi1.0: JESD204[0] transition idle -> idle
[    8.270988] jesd204: /axi/spi@ff040000/ad9081@0,jesd204:0,parent=spi1.0: JESD204[2] transition idle -> device_init
[    8.281332] jesd204: /axi/spi@ff040000/ad9081@0,jesd204:0,parent=spi1.0: JESD204[0] transition idle -> device_init
[    8.291682] jesd204: /axi/spi@ff040000/ad9081@0,jesd204:0,parent=spi1.0: JESD204[2] transition device_init -> link_init
[    8.302458] jesd204: /axi/spi@ff040000/ad9081@0,jesd204:0,parent=spi1.0: JESD204[0] transition device_init -> link_init
[    8.313247] jesd204: /axi/spi@ff040000/ad9081@0,jesd204:0,parent=spi1.0: JESD204[2] transition link_init -> link_supported
[    8.324290] jesd204: /axi/spi@ff040000/ad9081@0,jesd204:0,parent=spi1.0: JESD204[0] transition link_init -> link_supported
[    8.335626] axi-jesd204-tx 84b90000.axi-jesd204-tx: axi_jesd204_tx_jesd204_link_pre_setup: Link0 set lane rate 9040000 kHz failed (-22)
[    8.347797] jesd204: /fpga-axi@0/axi-jesd204-tx@84b90000,jesd204:5,parent=84b90000.axi-jesd204-tx: JESD204[0] In link_pre_setup got error from cb: -22
[    8.361267] jesd204: /axi/spi@ff040000/ad9081@0,jesd204:0,parent=spi1.0: Rolling back from 'link_supported', got error -22
[    8.372315] jesd204: /axi/spi@ff040000/ad9081@0,jesd204:0,parent=spi1.0: JESD204[0] transition link_supported -> link_pre_setup
[    8.383791] jesd204: /axi/spi@ff040000/ad9081@0,jesd204:0,parent=spi1.0: JESD204[2] transition link_supported -> link_pre_setup
[    8.395268] jesd204: /axi/spi@ff040000/ad9081@0,jesd204:0,parent=spi1.0: JESD204[0] transition link_pre_setup -> link_supported
[    8.406740] jesd204: /axi/spi@ff040000/ad9081@0,jesd204:0,parent=spi1.0: JESD204[2] transition link_pre_setup -> link_supported
[    8.418218] jesd204: /axi/spi@ff040000/ad9081@0,jesd204:0,parent=spi1.0: JESD204[0] transition link_supported -> link_init
[    8.429256] jesd204: /axi/spi@ff040000/ad9081@0,jesd204:0,parent=spi1.0: JESD204[2] transition link_supported -> link_init
[    8.440302] jesd204: /axi/spi@ff040000/ad9081@0,jesd204:0,parent=spi1.0: JESD204[0] transition link_init -> device_init
[    8.451080] jesd204: /axi/spi@ff040000/ad9081@0,jesd204:0,parent=spi1.0: JESD204[2] transition link_init -> device_init
[    8.461861] jesd204: /axi/spi@ff040000/ad9081@0,jesd204:0,parent=spi1.0: JESD204[0] transition device_init -> idle
[    8.472205] jesd204: /axi/spi@ff040000/ad9081@0,jesd204:0,parent=spi1.0: JESD204[2] transition device_init -> idle
[    8.482555] jesd204: /axi/spi@ff040000/ad9081@0,jesd204:0,parent=spi1.0: JESD204[2] transition idle -> idle
[    8.492290] jesd204: /axi/spi@ff040000/ad9081@0,jesd204:0,parent=spi1.0: JESD204[0] transition idle -> idle
[    8.502036] jesd204: /axi/spi@ff040000/ad9081@0,jesd204:0,parent=spi1.0: JESD204[2] transition idle -> device_init
[    8.512377] jesd204: /axi/spi@ff040000/ad9081@0,jesd204:0,parent=spi1.0: JESD204[0] transition idle -> device_init
[    8.522726] jesd204: /axi/spi@ff040000/ad9081@0,jesd204:0,parent=spi1.0: JESD204[2] transition device_init -> link_init
[    8.533503] jesd204: /axi/spi@ff040000/ad9081@0,jesd204:0,parent=spi1.0: JESD204[0] transition device_init -> link_init
[    8.544291] jesd204: /axi/spi@ff040000/ad9081@0,jesd204:0,parent=spi1.0: JESD204[2] transition link_init -> link_supported
[    8.555334] jesd204: /axi/spi@ff040000/ad9081@0,jesd204:0,parent=spi1.0: JESD204[0] transition link_init -> link_supported
[    8.566670] axi-jesd204-tx 84b90000.axi-jesd204-tx: axi_jesd204_tx_jesd204_link_pre_setup: Link0 set lane rate 9040000 kHz failed (-22)
[    8.578841] jesd204: /fpga-axi@0/axi-jesd204-tx@84b90000,jesd204:5,parent=84b90000.axi-jesd204-tx: JESD204[0] In link_pre_setup got error from cb: -22
[    8.592312] jesd204: /axi/spi@ff040000/ad9081@0,jesd204:0,parent=spi1.0: Rolling back from 'link_supported', got error -22
[    8.603354] jesd204: /axi/spi@ff040000/ad9081@0,jesd204:0,parent=spi1.0: JESD204[0] transition link_supported -> link_pre_setup
[    8.614824] jesd204: /axi/spi@ff040000/ad9081@0,jesd204:0,parent=spi1.0: JESD204[2] transition link_supported -> link_pre_setup
[    8.626308] jesd204: /axi/spi@ff040000/ad9081@0,jesd204:0,parent=spi1.0: JESD204[0] transition link_pre_setup -> link_supported
[    8.637785] jesd204: /axi/spi@ff040000/ad9081@0,jesd204:0,parent=spi1.0: JESD204[2] transition link_pre_setup -> link_supported
[    8.649262] jesd204: /axi/spi@ff040000/ad9081@0,jesd204:0,parent=spi1.0: JESD204[0] transition link_supported -> link_init
[    8.660300] jesd204: /axi/spi@ff040000/ad9081@0,jesd204:0,parent=spi1.0: JESD204[2] transition link_supported -> link_init
[    8.671347] jesd204: /axi/spi@ff040000/ad9081@0,jesd204:0,parent=spi1.0: JESD204[0] transition link_init -> device_init
[    8.682122] jesd204: /axi/spi@ff040000/ad9081@0,jesd204:0,parent=spi1.0: JESD204[2] transition link_init -> device_init
[    8.692905] jesd204: /axi/spi@ff040000/ad9081@0,jesd204:0,parent=spi1.0: JESD204[0] transition device_init -> idle
[    8.703249] jesd204: /axi/spi@ff040000/ad9081@0,jesd204:0,parent=spi1.0: JESD204[2] transition device_init -> idle
[    8.713595] jesd204: /axi/spi@ff040000/ad9081@0,jesd204:0,parent=spi1.0: FSM completed with error -22
[    8.732038] input: gpio-keys as /devices/platform/gpio-keys/input/input0
[    8.739054] of_cfs_init
[    8.741519] of_cfs_init: OK
[    8.744458] cfg80211: Loading compiled-in X.509 certificates for regulatory database
[    8.882692] cfg80211: Loaded X.509 cert 'sforshee: 00b28ddf47aef9cea7'
[    8.889226] clk: Not disabling unused clocks
[    8.893760] ALSA device list:
[    8.896720]   No soundcards found.
[    8.900389] platform regulatory.0: Direct firmware load for regulatory.db failed with error -2
[    8.909001] cfg80211: failed to load regulatory.db
[    8.923911] EXT4-fs (mmcblk0p2): mounted filesystem with ordered data mode. Opts: (null)
[    8.932030] VFS: Mounted root (ext4 filesystem) on device 179:2.
[    8.945481] devtmpfs: mounted
[    8.949301] Freeing unused kernel memory: 2560K
[    8.963791] Run /sbin/init as init process
[    8.967883]   with arguments:
[    8.967886]     /sbin/init
[    8.967888]   with environment:
[    8.967890]     HOME=/
[    8.967892]     TERM=linux
[    9.533044] systemd[1]: systemd 241 running in system mode. (+PAM +AUDIT +SELINUX +IMA +APPARMOR +SMACK +SYSVINIT +UTMP +LIBCRYPTSETUP +GCRYPT +GNUTLS +ACL +XZ +LZ4 +SECCOMP +BLKID +ELFUTILS +KMOD -IDN2 +IDN -PCRE2 default-hierarchy=hybrid)
[    9.554922] systemd[1]: Detected architecture arm64.
[    9.576442] systemd[1]: Set hostname to <analog>.
[    9.767415] systemd[1]: File /lib/systemd/system/systemd-journald.service:12 configures an IP firewall (IPAddressDeny=any), but the local system does not support BPF/cgroup based firewalling.
[    9.784503] systemd[1]: Proceeding WITHOUT firewalling in effect! (This warning is only shown for the first loaded unit using IP firewalling.)
[    9.947803] systemd[1]: /etc/systemd/system/tof-server.service:1: Assignment outside of section. Ignoring.
[    9.957499] systemd[1]: /etc/systemd/system/tof-server.service:2: Assignment outside of section. Ignoring.
[   10.140887] random: systemd: uninitialized urandom read (16 bytes read)
[   10.155644] random: systemd: uninitialized urandom read (16 bytes read)
[   10.162595] systemd[1]: Listening on Syslog Socket.
[   10.179818] random: systemd: uninitialized urandom read (16 bytes read)
[   10.186576] systemd[1]: Started Forward Password Requests to Wall Directory Watch.
[   10.212370] systemd[1]: Created slice system-systemd\x2dfsck.slice.
[   10.752561] ------------[ cut here ]------------
[   10.752569] Enabling unprepared \xa0\xe9Q\x88\xff\xff\xffpQ\x88\xff\xff\xff
[   10.752621] WARNING: CPU: 0 PID: 113 at drivers/clk/clk.c:1012 clk_core_enable+0xa4/0xc0
[   10.752624] Modules linked in:
[   10.752634] CPU: 0 PID: 113 Comm: kworker/0:1H Not tainted 5.10.0-98103-g2aa7ac113716 #5577
[   10.752637] Hardware name: ZynqMP ZCU102 Rev1.0 (DT)
[   10.752646] Workqueue: kblockd blk_mq_run_work_fn
[   10.752654] pstate: 80000085 (Nzcv daIf -PAN -UAO -TCO BTYPE=--)
[   10.752660] pc : clk_core_enable+0xa4/0xc0
[   10.752665] lr : clk_core_enable+0xa4/0xc0
[   10.752668] sp : ffffffc0127cb2d0
[   10.752671] x29: ffffffc0127cb2d0 x28: ffffff8800330c10 
[   10.752677] x27: ffffff8800330d48 x26: 0000005000000101 
[   10.752684] x25: 000000027af54dd6 x24: 0000000000000001 
[   10.752691] x23: ffffff88010e9380 x22: ffffff8801083220 
[   10.752697] x21: ffffff8801517000 x20: ffffff8801517008 
[   10.752704] x19: ffffff8801517008 x18: 0000000000000030 
[   10.752710] x17: 0000000000000001 x16: 0000b519cefe6a7a 
[   10.752717] x15: ffffffffffff9d10 x14: ffffffc011d3b1a0 
[   10.752723] x13: ffffffc011d3b1c8 x12: 0000000000000675 
[   10.752729] x11: 0000000000000227 x10: ffffffc011d671c8 
[   10.752736] x9 : 00000000fffff800 x8 : ffffffc011d3b1c8 
[   10.752742] x7 : ffffffc011d671c8 x6 : 0000000000000001 
[   10.752749] x5 : ffffff887f7669e0 x4 : 0000000000000000 
[   10.752755] x3 : 0000000000000027 x2 : 0000000000000023 
[   10.752762] x1 : f25844325cdd6400 x0 : 0000000000000000 
[   10.752768] Call trace:
[   10.752775]  clk_core_enable+0xa4/0xc0
[   10.752780]  clk_enable+0x2c/0x60
[   10.752786]  zynqmp_runtime_resume+0x24/0x84
[   10.752793]  pm_generic_runtime_resume+0x30/0x50
[   10.752799]  __genpd_runtime_resume+0x30/0xb0
[   10.752805]  genpd_runtime_resume+0x90/0x250
[   10.752811]  __rpm_callback+0x10c/0x1e0
[   10.752816]  rpm_callback+0x5c/0x84
[   10.752821]  rpm_resume+0x4a4/0x74c
[   10.752826]  __pm_runtime_resume+0x78/0xc4
[   10.752830]  spi_mem_access_start.isra.0+0x30/0x80
[   10.752834]  spi_mem_exec_op+0x3b0/0x424
[   10.752839]  spi_nor_read_sr+0x78/0xe0
[   10.752844]  spi_nor_wait_till_ready_with_timeout+0xb4/0x2f0
[   10.752849]  spi_nor_read+0x188/0x380
[   10.752854]  mtd_read_oob_std+0x78/0x84
[   10.752858]  mtd_read_oob+0x7c/0x134
[   10.752863]  mtd_read+0x48/0x7c
[   10.752868]  mtdblock_readsect+0x6c/0x150
[   10.752873]  mtd_queue_rq+0x2cc/0x5a0
[   10.752879]  blk_mq_dispatch_rq_list+0x110/0x790
[   10.752886]  __blk_mq_do_dispatch_sched+0x200/0x274
[   10.752892]  __blk_mq_sched_dispatch_requests+0x1a8/0x1fc
[   10.752897]  blk_mq_sched_dispatch_requests+0x3c/0x7c
[   10.752902]  __blk_mq_run_hw_queue+0x98/0x100
[   10.752907]  blk_mq_run_work_fn+0x24/0x30
[   10.752912]  process_one_work+0x1d4/0x380
[   10.752916]  worker_thread+0x78/0x4e0
[   10.752922]  kthread+0x124/0x130
[   10.752927]  ret_from_fork+0x10/0x3c
[   10.752930] ---[ end trace 69c6aedae01ee024 ]---
[   10.752938] zynqmp-qspi ff0f0000.spi: Cannot enable APB clock.
[   10.752988] spi_master spi0: Failed to power device: -108
[   10.752997] blk_update_request: I/O error, dev mtdblock0, sector 8 op 0x0:(READ) flags 0x80700 phys_seg 1 prio class 0
[   10.753065] spi_master spi0: Failed to power device: -22
[   10.753071] blk_update_request: I/O error, dev mtdblock0, sector 8 op 0x0:(READ) flags 0x0 phys_seg 8 prio class 0
[   10.753077] Buffer I/O error on dev mtdblock0, logical block 8, async page read
[   10.753086] spi_master spi0: Failed to power device: -22
[   10.753092] blk_update_request: I/O error, dev mtdblock0, sector 9 op 0x0:(READ) flags 0x0 phys_seg 7 prio class 0
[   10.753096] Buffer I/O error on dev mtdblock0, logical block 9, async page read
[   10.753103] spi_master spi0: Failed to power device: -22
[   10.753109] blk_update_request: I/O error, dev mtdblock0, sector 10 op 0x0:(READ) flags 0x0 phys_seg 6 prio class 0
[   10.753113] Buffer I/O error on dev mtdblock0, logical block 10, async page read
[   10.753120] spi_master spi0: Failed to power device: -22
[   10.753125] blk_update_request: I/O error, dev mtdblock0, sector 11 op 0x0:(READ) flags 0x0 phys_seg 5 prio class 0
[   10.753129] Buffer I/O error on dev mtdblock0, logical block 11, async page read
[   10.753136] spi_master spi0: Failed to power device: -22
[   10.753142] blk_update_request: I/O error, dev mtdblock0, sector 12 op 0x0:(READ) flags 0x0 phys_seg 4 prio class 0
[   10.753146] Buffer I/O error on dev mtdblock0, logical block 12, async page read
[   10.753153] spi_master spi0: Failed to power device: -22
[   10.753158] blk_update_request: I/O error, dev mtdblock0, sector 13 op 0x0:(READ) flags 0x0 phys_seg 3 prio class 0
[   10.753162] Buffer I/O error on dev mtdblock0, logical block 13, async page read
[   10.753169] spi_master spi0: Failed to power device: -22
[   10.753174] blk_update_request: I/O error, dev mtdblock0, sector 14 op 0x0:(READ) flags 0x0 phys_seg 2 prio class 0
[   10.753178] Buffer I/O error on dev mtdblock0, logical block 14, async page read
[   10.753185] spi_master spi0: Failed to power device: -22
[   10.753190] blk_update_request: I/O error, dev mtdblock0, sector 15 op 0x0:(READ) flags 0x0 phys_seg 1 prio class 0
[   10.753194] Buffer I/O error on dev mtdblock0, logical block 15, async page read
[   10.753505] spi_master spi0: Failed to power device: -22
[   10.753512] blk_update_request: I/O error, dev mtdblock1, sector 10112 op 0x0:(READ) flags 0x80700 phys_seg 1 prio class 0
[   10.753556] spi_master spi0: Failed to power device: -22
[   10.753562] Buffer I/O error on dev mtdblock1, logical block 10112, async page read
[   10.753569] spi_master spi0: Failed to power device: -22
[   10.753574] Buffer I/O error on dev mtdblock1, logical block 10113, async page read
[   10.753581] spi_master spi0: Failed to power device: -22
[   10.753588] spi_master spi0: Failed to power device: -22
[   10.753596] spi_master spi0: Failed to power device: -22
[   10.753603] spi_master spi0: Failed to power device: -22
[   10.753610] spi_master spi0: Failed to power device: -22
[   10.753617] spi_master spi0: Failed to power device: -22
[   10.753866] spi_master spi0: Failed to power device: -22
[   10.753911] spi_master spi0: Failed to power device: -22
[   10.753920] spi_master spi0: Failed to power device: -22
[   10.753928] spi_master spi0: Failed to power device: -22
[   10.753936] spi_master spi0: Failed to power device: -22
[   10.753943] spi_master spi0: Failed to power device: -22
[   10.753950] spi_master spi0: Failed to power device: -22
[   10.753958] spi_master spi0: Failed to power device: -22
[   10.753965] spi_master spi0: Failed to power device: -22
[   10.754264] spi_master spi0: Failed to power device: -22
[   10.754308] spi_master spi0: Failed to power device: -22
[   10.754317] spi_master spi0: Failed to power device: -22
[   10.754325] spi_master spi0: Failed to power device: -22
[   10.754333] spi_master spi0: Failed to power device: -22
[   10.754340] spi_master spi0: Failed to power device: -22
[   10.754347] spi_master spi0: Failed to power device: -22
[   10.754354] spi_master spi0: Failed to power device: -22
[   10.754361] spi_master spi0: Failed to power device: -22
[   10.878512] EXT4-fs (mmcblk0p2): re-mounted. Opts: (null)
[   10.963851] systemd-journald[156]: Received request to flush runtime journal from PID 1
[   16.969510] macb ff0e0000.ethernet eth0: PHY [ff0e0000.ethernet-ffffffff:0c] driver [TI DP83867] (irq=POLL)
[   16.969523] macb ff0e0000.ethernet eth0: configuring for phy/rgmii-id link mode
[   17.235794] Adding 92156k swap on /var/swap.  Priority:-2 extents:1 across:92156k SS
[   19.051761] random: crng init done
[   19.051773] random: 7 urandom warning(s) missed due to ratelimiting
[   19.790421] broken atomic modeset userspace detected, disabling atomic
[   21.057357] macb ff0e0000.ethernet eth0: Link is Up - 1Gbps/Full - flow control off
[   21.057384] IPv6: ADDRCONF(NETDEV_CHANGE): eth0: link becomes ready
[   22.463986] broken atomic modeset userspace detected, disabling atomic
[   25.353734] broken atomic modeset userspace detected, disabling atomic
[   27.980029] broken atomic modeset userspace detected, disabling atomic