[    0.000000] Booting Linux on physical CPU 0x0000000000 [0x410fd034]
[    0.000000] Linux version 5.10.0-98103-g2aa7ac113716 (jenkins@romlxbuild1.adlk.analog.com) (aarch64-xilinx-linux-gcc.real (GCC) 10.2.0, GNU ld (GNU Binutils) 2.35.0.20200730) #5577 SMP Wed Mar 23 07:28:49 GMT 2022
[    0.000000] Machine model: ZynqMP ZCU102 Rev1.0
[    0.000000] earlycon: cdns0 at MMIO 0x00000000ff000000 (options '115200n8')
[    0.000000] printk: bootconsole [cdns0] enabled
[    0.000000] efi: UEFI not found.
[    0.000000] cma: Reserved 256 MiB at 0x0000000070000000
[    0.000000] Zone ranges:
[    0.000000]   DMA      [mem 0x0000000000000000-0x000000003fffffff]
[    0.000000]   DMA32    [mem 0x0000000040000000-0x00000000ffffffff]
[    0.000000]   Normal   [mem 0x0000000100000000-0x000000087fffffff]
[    0.000000] Movable zone start for each node
[    0.000000] Early memory node ranges
[    0.000000]   node   0: [mem 0x0000000000000000-0x000000007fffffff]
[    0.000000]   node   0: [mem 0x0000000800000000-0x000000087fffffff]
[    0.000000] Initmem setup node 0 [mem 0x0000000000000000-0x000000087fffffff]
[    0.000000] On node 0 totalpages: 1048576
[    0.000000]   DMA zone: 3584 pages used for memmap
[    0.000000]   DMA zone: 0 pages reserved
[    0.000000]   DMA zone: 262144 pages, LIFO batch:63
[    0.000000]   DMA32 zone: 3584 pages used for memmap
[    0.000000]   DMA32 zone: 262144 pages, LIFO batch:63
[    0.000000]   Normal zone: 7168 pages used for memmap
[    0.000000]   Normal zone: 524288 pages, LIFO batch:63
[    0.000000] psci: probing for conduit method from DT.
[    0.000000] psci: PSCIv1.1 detected in firmware.
[    0.000000] psci: Using standard PSCI v0.2 function IDs
[    0.000000] psci: MIGRATE_INFO_TYPE not supported.
[    0.000000] psci: SMC Calling Convention v1.2
[    0.000000] percpu: Embedded 22 pages/cpu s49496 r8192 d32424 u90112
[    0.000000] pcpu-alloc: s49496 r8192 d32424 u90112 alloc=22*4096
[    0.000000] pcpu-alloc: [0] 0 [0] 1 [0] 2 [0] 3 
[    0.000000] Detected VIPT I-cache on CPU0
[    0.000000] CPU features: detected: ARM erratum 845719
[    0.000000] Built 1 zonelists, mobility grouping on.  Total pages: 1034240
[    0.000000] Kernel command line: console=ttyPS0,115200 root=/dev/mmcblk0p2 rw earlycon rootfstype=ext4 rootwait clk_ignore_unused cpuidle.off=1 root=/dev/mmcblk0p2 rw rootwait
[    0.000000] Dentry cache hash table entries: 524288 (order: 10, 4194304 bytes, linear)
[    0.000000] Inode-cache hash table entries: 262144 (order: 9, 2097152 bytes, linear)
[    0.000000] mem auto-init: stack:off, heap alloc:off, heap free:off
[    0.000000] software IO TLB: mapped [mem 0x000000003bfff000-0x000000003ffff000] (64MB)
[    0.000000] Memory: 3761904K/4194304K available (15296K kernel code, 1636K rwdata, 11876K rodata, 2560K init, 507K bss, 170256K reserved, 262144K cma-reserved)
[    0.000000] rcu: Hierarchical RCU implementation.
[    0.000000] rcu: 	RCU event tracing is enabled.
[    0.000000] rcu: 	RCU restricting CPUs from NR_CPUS=8 to nr_cpu_ids=4.
[    0.000000] rcu: RCU calculated value of scheduler-enlistment delay is 25 jiffies.
[    0.000000] rcu: Adjusting geometry for rcu_fanout_leaf=16, nr_cpu_ids=4
[    0.000000] NR_IRQS: 64, nr_irqs: 64, preallocated irqs: 0
[    0.000000] GIC: Adjusting CPU interface base to 0x00000000f902f000
[    0.000000] GIC: Using split EOI/Deactivate mode
[    0.000000] random: get_random_bytes called from start_kernel+0x31c/0x54c with crng_init=0
[    0.000000] arch_timer: cp15 timer(s) running at 100.00MHz (phys).
[    0.000000] clocksource: arch_sys_counter: mask: 0xffffffffffffff max_cycles: 0x171024e7e0, max_idle_ns: 440795205315 ns
[    0.000003] sched_clock: 56 bits at 100MHz, resolution 10ns, wraps every 4398046511100ns
[    0.008462] Console: colour dummy device 80x25
[    0.012482] Calibrating delay loop (skipped), value calculated using timer frequency.. 200.00 BogoMIPS (lpj=400000)
[    0.022840] pid_max: default: 32768 minimum: 301
[    0.027550] Mount-cache hash table entries: 8192 (order: 4, 65536 bytes, linear)
[    0.034788] Mountpoint-cache hash table entries: 8192 (order: 4, 65536 bytes, linear)
[    0.043398] rcu: Hierarchical SRCU implementation.
[    0.047559] EFI services will not be available.
[    0.051938] smp: Bringing up secondary CPUs ...
[    0.056656] Detected VIPT I-cache on CPU1
[    0.056695] CPU1: Booted secondary processor 0x0000000001 [0x410fd034]
[    0.057060] Detected VIPT I-cache on CPU2
[    0.057084] CPU2: Booted secondary processor 0x0000000002 [0x410fd034]
[    0.057422] Detected VIPT I-cache on CPU3
[    0.057445] CPU3: Booted secondary processor 0x0000000003 [0x410fd034]
[    0.057491] smp: Brought up 1 node, 4 CPUs
[    0.091779] SMP: Total of 4 processors activated.
[    0.096452] CPU features: detected: 32-bit EL0 Support
[    0.101555] CPU features: detected: CRC32 instructions
[    0.106695] CPU: All CPU(s) started at EL2
[    0.110736] alternatives: patching kernel code
[    0.116166] devtmpfs: initialized
[    0.124061] Registered cp15_barrier emulation handler
[    0.124110] Registered setend emulation handler
[    0.128091] clocksource: jiffies: mask: 0xffffffff max_cycles: 0xffffffff, max_idle_ns: 7645041785100000 ns
[    0.137670] futex hash table entries: 1024 (order: 4, 65536 bytes, linear)
[    0.151013] pinctrl core: initialized pinctrl subsystem
[    0.151658] NET: Registered protocol family 16
[    0.156081] DMA: preallocated 512 KiB GFP_KERNEL pool for atomic allocations
[    0.162099] DMA: preallocated 512 KiB GFP_KERNEL|GFP_DMA pool for atomic allocations
[    0.169823] DMA: preallocated 512 KiB GFP_KERNEL|GFP_DMA32 pool for atomic allocations
[    0.177627] audit: initializing netlink subsys (disabled)
[    0.183079] audit: type=2000 audit(0.116:1): state=initialized audit_enabled=0 res=1
[    0.183425] hw-breakpoint: found 6 breakpoint and 4 watchpoint registers.
[    0.197454] ASID allocator initialised with 65536 entries
[    0.224344] HugeTLB registered 1.00 GiB page size, pre-allocated 0 pages
[    0.225403] HugeTLB registered 32.0 MiB page size, pre-allocated 0 pages
[    0.232073] HugeTLB registered 2.00 MiB page size, pre-allocated 0 pages
[    0.238737] HugeTLB registered 64.0 KiB page size, pre-allocated 0 pages
[    1.304315] DRBG: Continuing without Jitter RNG
[    1.382129] raid6: neonx8   gen()  2138 MB/s
[    1.450179] raid6: neonx8   xor()  1597 MB/s
[    1.518240] raid6: neonx4   gen()  2198 MB/s
[    1.586286] raid6: neonx4   xor()  1564 MB/s
[    1.654353] raid6: neonx2   gen()  2076 MB/s
[    1.722395] raid6: neonx2   xor()  1438 MB/s
[    1.790460] raid6: neonx1   gen()  1772 MB/s
[    1.858510] raid6: neonx1   xor()  1220 MB/s
[    1.926570] raid6: int64x8  gen()  1438 MB/s
[    1.994623] raid6: int64x8  xor()   771 MB/s
[    2.062702] raid6: int64x4  gen()  1599 MB/s
[    2.130741] raid6: int64x4  xor()   818 MB/s
[    2.198807] raid6: int64x2  gen()  1397 MB/s
[    2.266859] raid6: int64x2  xor()   750 MB/s
[    2.334948] raid6: int64x1  gen()  1034 MB/s
[    2.402998] raid6: int64x1  xor()   517 MB/s
[    2.403036] raid6: using algorithm neonx4 gen() 2198 MB/s
[    2.406995] raid6: .... xor() 1564 MB/s, rmw enabled
[    2.411926] raid6: using neon recovery algorithm
[    2.416936] iommu: Default domain type: Translated 
[    2.421551] SCSI subsystem initialized
[    2.425095] libata version 3.00 loaded.
[    2.425220] usbcore: registered new interface driver usbfs
[    2.430552] usbcore: registered new interface driver hub
[    2.435825] usbcore: registered new device driver usb
[    2.440957] mc: Linux media interface: v0.10
[    2.445074] videodev: Linux video capture interface: v2.00
[    2.450565] EDAC MC: Ver: 3.0.0
[    2.454002] zynqmp-ipi-mbox mailbox@ff990400: Registered ZynqMP IPI mbox with TX/RX channels.
[    2.462509] jesd204: created con: id=0, topo=0, link=0, /axi/spi@ff050000/hmc7044@0 <-> /fpga-axi@0/axi-adxcvr-tx@84b60000
[    2.473094] jesd204: created con: id=1, topo=0, link=2, /axi/spi@ff050000/hmc7044@0 <-> /fpga-axi@0/axi-adxcvr-rx@84a60000
[    2.484079] jesd204: created con: id=2, topo=0, link=0, /fpga-axi@0/axi-adxcvr-tx@84b60000 <-> /fpga-axi@0/axi-jesd204-tx@84b90000
[    2.495754] jesd204: created con: id=3, topo=0, link=2, /fpga-axi@0/axi-adxcvr-rx@84a60000 <-> /fpga-axi@0/axi-jesd204-rx@84a90000
[    2.507431] jesd204: created con: id=4, topo=0, link=0, /fpga-axi@0/axi-jesd204-tx@84b90000 <-> /fpga-axi@0/axi-ad9081-tx-hpc@84b10000
[    2.519459] jesd204: created con: id=5, topo=0, link=2, /fpga-axi@0/axi-jesd204-rx@84a90000 <-> /fpga-axi@0/axi-ad9081-rx-hpc@84a10000
[    2.531481] jesd204: created con: id=6, topo=0, link=2, /fpga-axi@0/axi-ad9081-rx-hpc@84a10000 <-> /axi/spi@ff040000/ad9081@0
[    2.542723] jesd204: created con: id=7, topo=0, link=0, /fpga-axi@0/axi-ad9081-tx-hpc@84b10000 <-> /axi/spi@ff040000/ad9081@0
[    2.553973] jesd204: /axi/spi@ff040000/ad9081@0: JESD204[2] transition uninitialized -> initialized
[    2.562959] jesd204: /axi/spi@ff040000/ad9081@0: JESD204[0] transition uninitialized -> initialized
[    2.571951] jesd204: found 8 devices and 1 topologies
[    2.576995] FPGA manager framework
[    2.580473] Advanced Linux Sound Architecture Driver Initialized.
[    2.586767] Bluetooth: Core ver 2.22
[    2.589954] NET: Registered protocol family 31
[    2.594355] Bluetooth: HCI device and connection manager initialized
[    2.600672] Bluetooth: HCI socket layer initialized
[    2.605514] Bluetooth: L2CAP socket layer initialized
[    2.610538] Bluetooth: SCO socket layer initialized
[    2.615725] clocksource: Switched to clocksource arch_sys_counter
[    2.621530] VFS: Disk quotas dquot_6.6.0
[    2.625366] VFS: Dquot-cache hash table entries: 512 (order 0, 4096 bytes)
[    2.636087] NET: Registered protocol family 2
[    2.636814] tcp_listen_portaddr_hash hash table entries: 2048 (order: 3, 32768 bytes, linear)
[    2.645005] TCP established hash table entries: 32768 (order: 6, 262144 bytes, linear)
[    2.653030] TCP bind hash table entries: 32768 (order: 7, 524288 bytes, linear)
[    2.660476] TCP: Hash tables configured (established 32768 bind 32768)
[    2.666651] UDP hash table entries: 2048 (order: 4, 65536 bytes, linear)
[    2.673316] UDP-Lite hash table entries: 2048 (order: 4, 65536 bytes, linear)
[    2.680476] NET: Registered protocol family 1
[    2.684931] RPC: Registered named UNIX socket transport module.
[    2.690552] RPC: Registered udp transport module.
[    2.695217] RPC: Registered tcp transport module.
[    2.699887] RPC: Registered tcp NFSv4.1 backchannel transport module.
[    2.706879] PCI: CLS 0 bytes, default 64
[    2.710584] hw perfevents: no interrupt-affinity property for /pmu, guessing.
[    2.717436] hw perfevents: enabled with armv8_pmuv3 PMU driver, 7 counters available
[    2.725789] Initialise system trusted keyrings
[    2.729468] workingset: timestamp_bits=62 max_order=20 bucket_order=0
[    2.736366] NFS: Registering the id_resolver key type
[    2.740819] Key type id_resolver registered
[    2.744955] Key type id_legacy registered
[    2.748944] nfs4filelayout_init: NFSv4 File Layout Driver Registering...
[    2.755610] jffs2: version 2.2. (NAND) (SUMMARY)  Â© 2001-2006 Red Hat, Inc.
[    2.799383] NET: Registered protocol family 38
[    2.799425] xor: measuring software checksum speed
[    2.807109]    8regs           :  2363 MB/sec
[    2.810778]    32regs          :  2799 MB/sec
[    2.815726]    arm64_neon      :  2379 MB/sec
[    2.815911] xor: using function: 32regs (2799 MB/sec)
[    2.820937] Key type asymmetric registered
[    2.824998] Asymmetric key parser 'x509' registered
[    2.829859] Block layer SCSI generic (bsg) driver version 0.4 loaded (major 248)
[    2.837196] io scheduler mq-deadline registered
[    2.841693] io scheduler kyber registered
[    2.871060] Serial: 8250/16550 driver, 4 ports, IRQ sharing disabled
[    2.875695] cacheinfo: Unable to detect cache hierarchy for CPU 0
[    2.882040] brd: module loaded
[    2.886183] loop: module loaded
[    2.886727] Registered mathworks_ip class
[    2.890076] libphy: Fixed MDIO Bus: probed
[    2.893050] tun: Universal TUN/TAP device driver, 1.6
[    2.897116] CAN device driver interface
[    2.901650] usbcore: registered new interface driver asix
[    2.906249] usbcore: registered new interface driver ax88179_178a
[    2.912281] usbcore: registered new interface driver cdc_ether
[    2.918073] usbcore: registered new interface driver net1080
[    2.923699] usbcore: registered new interface driver cdc_subset
[    2.929580] usbcore: registered new interface driver zaurus
[    2.935123] usbcore: registered new interface driver cdc_ncm
[    2.941524] ehci_hcd: USB 2.0 'Enhanced' Host Controller (EHCI) Driver
[    2.947209] ehci-pci: EHCI PCI platform driver
[    2.952013] usbcore: registered new interface driver uas
[    2.956927] usbcore: registered new interface driver usb-storage
[    2.962914] usbcore: registered new interface driver usbserial_generic
[    2.969363] usbserial: USB Serial support registered for generic
[    2.975336] usbcore: registered new interface driver ftdi_sio
[    2.981039] usbserial: USB Serial support registered for FTDI USB Serial Device
[    2.988316] usbcore: registered new interface driver upd78f0730
[    2.994187] usbserial: USB Serial support registered for upd78f0730
[    3.001841] rtc_zynqmp ffa60000.rtc: registered as rtc0
[    3.005612] rtc_zynqmp ffa60000.rtc: setting system clock to 2022-03-26T02:35:20 UTC (1648262120)
[    3.014475] i2c /dev entries driver
[    3.019788] usbcore: registered new interface driver uvcvideo
[    3.023580] USB Video Class driver (1.1.1)
[    3.029163] Bluetooth: HCI UART driver ver 2.3
[    3.032070] Bluetooth: HCI UART protocol H4 registered
[    3.037168] Bluetooth: HCI UART protocol BCSP registered
[    3.042456] Bluetooth: HCI UART protocol LL registered
[    3.047547] Bluetooth: HCI UART protocol ATH3K registered
[    3.052921] Bluetooth: HCI UART protocol Three-wire (H5) registered
[    3.059174] Bluetooth: HCI UART protocol Intel registered
[    3.064512] Bluetooth: HCI UART protocol QCA registered
[    3.069715] usbcore: registered new interface driver bcm203x
[    3.075334] usbcore: registered new interface driver bpa10x
[    3.080870] usbcore: registered new interface driver bfusb
[    3.086323] usbcore: registered new interface driver btusb
[    3.091784] usbcore: registered new interface driver ath3k
[    3.097266] EDAC MC: ECC not enabled
[    3.100894] EDAC DEVICE0: Giving out device to module zynqmp-ocm-edac controller zynqmp_ocm: DEV ff960000.memory-controller (INTERRUPT)
[    3.113205] sdhci: Secure Digital Host Controller Interface driver
[    3.118997] sdhci: Copyright(c) Pierre Ossman
[    3.123319] sdhci-pltfm: SDHCI platform and OF driver helper
[    3.129373] ledtrig-cpu: registered to indicate activity on CPUs
[    3.134923] SMCCC: SOC_ID: ARCH_SOC_ID not implemented, skipping ....
[    3.141354] zynqmp_firmware_probe Platform Management API v1.1
[    3.147111] zynqmp_firmware_probe Trustzone version v1.0
[    3.186654] zynqmp-pinctrl firmware:zynqmp-firmware:pinctrl: zynqmp pinctrl initialized
[    3.234625] zynqmp-aes firmware:zynqmp-firmware:zynqmp-aes: will run requests pump with realtime priority
[    3.250466] alg: No test for xilinx-keccak-384 (zynqmp-keccak-384)
[    3.251174] alg: No test for xilinx-zynqmp-rsa (zynqmp-rsa)
[    3.256689] usbcore: registered new interface driver usbhid
[    3.262077] usbhid: USB HID core driver
[    3.273322] axi_sysid 85000000.axi-sysid-0: AXI System ID core version (1.01.a) found
[    3.275666] axi_sysid 85000000.axi-sysid-0: [ad9081_fmca_ebz] on [zcu102] git branch <master> git <084d44c9780640ca93fd847b1d9ec70dd65f5c67> clean [2022-03-18 04:17:50] UTC
[    3.291352] fpga_manager fpga0: Xilinx ZynqMP FPGA Manager registered
[    3.297708] usbcore: registered new interface driver snd-usb-audio
[    3.305159] pktgen: Packet Generator for packet performance testing. Version: 2.75
[    3.311343] Initializing XFRM netlink socket
[    3.315195] NET: Registered protocol family 10
[    3.319920] Segment Routing with IPv6
[    3.323286] sit: IPv6, IPv4 and MPLS over IPv4 tunneling driver
[    3.329368] NET: Registered protocol family 17
[    3.333467] NET: Registered protocol family 15
[    3.337967] can: controller area network core
[    3.342221] NET: Registered protocol family 29
[    3.346607] can: raw protocol
[    3.349546] can: broadcast manager protocol
[    3.353698] can: netlink gateway - max_hops=1
[    3.358094] Bluetooth: RFCOMM TTY layer initialized
[    3.362875] Bluetooth: RFCOMM socket layer initialized
[    3.367979] Bluetooth: RFCOMM ver 1.11
[    3.371687] Bluetooth: BNEP (Ethernet Emulation) ver 1.3
[    3.376964] Bluetooth: BNEP filters: protocol multicast
[    3.382157] Bluetooth: BNEP socket layer initialized
[    3.387084] Bluetooth: HIDP (Human Interface Emulation) ver 1.2
[    3.392968] Bluetooth: HIDP socket layer initialized
[    3.398024] 9pnet: Installing 9P2000 support
[    3.402145] NET: Registered protocol family 36
[    3.406561] Key type dns_resolver registered
[    3.410994] registered taskstats version 1
[    3.414859] Loading compiled-in X.509 certificates
[    3.419980] Btrfs loaded, crc32c=crc32c-generic
[    3.432384] ff000000.serial: ttyPS0 at MMIO 0xff000000 (irq = 49, base_baud = 6249999) is a xuartps
[    3.441410] printk: console [ttyPS0] enabled
[    3.445705] printk: bootconsole [cdns0] disabled
[    3.455337] ff010000.serial: ttyPS1 at MMIO 0xff010000 (irq = 50, base_baud = 6249999) is a xuartps
[    3.468578] of-fpga-region fpga-full: FPGA Region probed
[    3.475520] nwl-pcie fd0e0000.pcie: host bridge /axi/pcie@fd0e0000 ranges:
[    3.482417] nwl-pcie fd0e0000.pcie:      MEM 0x00e0000000..0x00efffffff -> 0x00e0000000
[    3.490419] nwl-pcie fd0e0000.pcie:      MEM 0x0600000000..0x07ffffffff -> 0x0600000000
[    3.498481] nwl-pcie fd0e0000.pcie: Link is DOWN
[    3.503236] nwl-pcie fd0e0000.pcie: PCI host bridge to bus 0000:00
[    3.509417] pci_bus 0000:00: root bus resource [bus 00-ff]
[    3.514897] pci_bus 0000:00: root bus resource [mem 0xe0000000-0xefffffff]
[    3.521763] pci_bus 0000:00: root bus resource [mem 0x600000000-0x7ffffffff pref]
[    3.529265] pci 0000:00:00.0: [10ee:d021] type 01 class 0x060400
[    3.535329] pci 0000:00:00.0: PME# supported from D0 D1 D2 D3hot
[    3.545769] pci 0000:00:00.0: PCI bridge to [bus 01-0c]
[    3.551749] xilinx-zynqmp-dma fd500000.dma: ZynqMP DMA driver Probe success
[    3.558923] xilinx-zynqmp-dma fd510000.dma: ZynqMP DMA driver Probe success
[    3.566098] xilinx-zynqmp-dma fd520000.dma: ZynqMP DMA driver Probe success
[    3.573268] xilinx-zynqmp-dma fd530000.dma: ZynqMP DMA driver Probe success
[    3.580434] xilinx-zynqmp-dma fd540000.dma: ZynqMP DMA driver Probe success
[    3.587603] xilinx-zynqmp-dma fd550000.dma: ZynqMP DMA driver Probe success
[    3.594775] xilinx-zynqmp-dma fd560000.dma: ZynqMP DMA driver Probe success
[    3.601945] xilinx-zynqmp-dma fd570000.dma: ZynqMP DMA driver Probe success
[    3.609340] xilinx-zynqmp-dpdma fd4c0000.dma-controller: Xilinx DPDMA engine is probed
[    3.617888] ahci-ceva fd0c0000.ahci: supply ahci not found, using dummy regulator
[    3.625430] ahci-ceva fd0c0000.ahci: supply phy not found, using dummy regulator
[    3.715893] hmc7044 spi2.0: PLL1: Acquisition, CLKIN0 @ 122880000 Hz, PFD: 80 kHz - PLL2: Locked @ 2728.000000 MHz
[    3.726610] jesd204: /axi/spi@ff050000/hmc7044@0,jesd204:1,parent=spi2.0: Using as SYSREF provider
[    3.736189] spi-nor spi0.0: SPI-NOR-UniqueID 100000235394732200270025081115266e
[    3.743498] spi-nor spi0.0: found n25q512a, expected m25p80
[    3.749692] spi-nor spi0.0: trying to lock already unlocked area
[    3.755691] spi-nor spi0.0: n25q512a (131072 Kbytes)
[    3.760669] 4 fixed-partitions partitions found on MTD device spi0.0
[    3.767015] Creating 4 MTD partitions on "spi0.0":
[    3.771800] 0x000000000000-0x000000100000 : "qspi-fsbl-uboot"
[    3.778288] 0x000000100000-0x000000600000 : "qspi-linux"
[    3.784250] 0x000000600000-0x000000620000 : "qspi-device-tree"
[    3.790725] 0x000000620000-0x000000c00000 : "qspi-rootfs"
[    3.799198] macb ff0e0000.ethernet: Not enabling partial store and forward
[    3.806726] libphy: MACB_mii_bus: probed
[    3.811793] macb ff0e0000.ethernet eth0: Cadence GEM rev 0x50070106 at 0xff0e0000 irq 30 (00:0a:35:04:8e:1b)
[    3.822004] xilinx-axipmon ffa00000.perf-monitor: Probed Xilinx APM
[    3.828576] xilinx-axipmon fd0b0000.perf-monitor: Probed Xilinx APM
[    3.835088] xilinx-axipmon fd490000.perf-monitor: Probed Xilinx APM
[    3.841631] xilinx-axipmon ffa10000.perf-monitor: Probed Xilinx APM
[    3.851616] pca953x 0-0020: supply vcc not found, using dummy regulator
[    3.858300] pca953x 0-0020: using no AI
[    3.862789] gpio-496 (sel0): hogged as output/low
[    3.867687] gpio-497 (sel1): hogged as output/high
[    3.872673] gpio-498 (sel2): hogged as output/high
[    3.877662] gpio-499 (sel3): hogged as output/high
[    3.882836] pca953x 0-0021: supply vcc not found, using dummy regulator
[    3.889509] pca953x 0-0021: using no AI
[    3.895265] ina2xx 2-0040: power monitor ina226 (Rshunt = 5000 uOhm)
[    3.902287] ina2xx 2-0041: power monitor ina226 (Rshunt = 5000 uOhm)
[    3.909322] ina2xx 2-0042: power monitor ina226 (Rshunt = 5000 uOhm)
[    3.916359] ina2xx 2-0043: power monitor ina226 (Rshunt = 5000 uOhm)
[    3.923386] ina2xx 2-0044: power monitor ina226 (Rshunt = 5000 uOhm)
[    3.930407] ina2xx 2-0045: power monitor ina226 (Rshunt = 5000 uOhm)
[    3.937437] ina2xx 2-0046: power monitor ina226 (Rshunt = 5000 uOhm)
[    3.944514] ina2xx 2-0047: power monitor ina226 (Rshunt = 5000 uOhm)
[    3.951539] ina2xx 2-004a: power monitor ina226 (Rshunt = 5000 uOhm)
[    3.958580] ina2xx 2-004b: power monitor ina226 (Rshunt = 5000 uOhm)
[    3.964992] i2c i2c-0: Added multiplexed i2c bus 2
[    3.970384] random: fast init done
[    3.973856] ina2xx 3-0040: power monitor ina226 (Rshunt = 2000 uOhm)
[    3.980882] ina2xx 3-0041: power monitor ina226 (Rshunt = 5000 uOhm)
[    3.987914] ina2xx 3-0042: power monitor ina226 (Rshunt = 5000 uOhm)
[    3.994939] ina2xx 3-0043: power monitor ina226 (Rshunt = 5000 uOhm)
[    4.001968] ina2xx 3-0044: power monitor ina226 (Rshunt = 5000 uOhm)
[    4.008993] ina2xx 3-0045: power monitor ina226 (Rshunt = 5000 uOhm)
[    4.016029] ina2xx 3-0046: power monitor ina226 (Rshunt = 5000 uOhm)
[    4.023056] ina2xx 3-0047: power monitor ina226 (Rshunt = 5000 uOhm)
[    4.029456] i2c i2c-0: Added multiplexed i2c bus 3
[    4.084978] i2c i2c-0: Added multiplexed i2c bus 4
[    4.089919] i2c i2c-0: Added multiplexed i2c bus 5
[    4.094709] pca954x 0-0075: registered 4 multiplexed busses for I2C mux pca9544
[    4.102058] cdns-i2c ff020000.i2c: 400 kHz mmio ff020000 irq 32
[    4.109784] at24 6-0054: supply vcc not found, using dummy regulator
[    4.116685] at24 6-0054: 1024 byte 24c08 EEPROM, writable, 1 bytes/write
[    4.123434] i2c i2c-1: Added multiplexed i2c bus 6
[    4.129862] si5341 7-0036: Chip: 5341 Grade: 1 Rev: 1
[    4.167555] i2c i2c-1: Added multiplexed i2c bus 7
[    4.175206] si570 8-005d: registered, current frequency 300000000 Hz
[    4.181609] i2c i2c-1: Added multiplexed i2c bus 8
[    4.201385] si570 9-005d: registered, current frequency 148500000 Hz
[    4.207789] i2c i2c-1: Added multiplexed i2c bus 9
[    4.212826] si5324 10-0069: si5328 probed
[    4.280078] si5324 10-0069: si5328 probe successful
[    4.285008] i2c i2c-1: Added multiplexed i2c bus 10
[    4.290035] i2c i2c-1: Added multiplexed i2c bus 11
[    4.295063] i2c i2c-1: Added multiplexed i2c bus 12
[    4.300082] i2c i2c-1: Added multiplexed i2c bus 13
[    4.304955] pca954x 1-0074: registered 8 multiplexed busses for I2C switch pca9548
[    4.313065] at24 14-0050: supply vcc not found, using dummy regulator
[    4.319853] at24 14-0050: 256 byte 24c02 EEPROM, writable, 1 bytes/write
[    4.326597] i2c i2c-1: Added multiplexed i2c bus 14
[    4.331641] i2c i2c-1: Added multiplexed i2c bus 15
[    4.336671] i2c i2c-1: Added multiplexed i2c bus 16
[    4.341709] i2c i2c-1: Added multiplexed i2c bus 17
[    4.346739] i2c i2c-1: Added multiplexed i2c bus 18
[    4.351787] i2c i2c-1: Added multiplexed i2c bus 19
[    4.356823] i2c i2c-1: Added multiplexed i2c bus 20
[    4.361856] i2c i2c-1: Added multiplexed i2c bus 21
[    4.366730] pca954x 1-0075: registered 8 multiplexed busses for I2C switch pca9548
[    4.374340] cdns-i2c ff030000.i2c: 400 kHz mmio ff030000 irq 33
[    4.384089] cdns-wdt fd4d0000.watchdog: Xilinx Watchdog Timer with timeout 60s
[    4.395038] axi_adxcvr 84a60000.axi-adxcvr-rx: AXI-ADXCVR-RX (17.05.a) using CPLL on GTH4 at 0x84A60000. Number of lanes: 4.
[    4.407214] axi_adxcvr 84b60000.axi-adxcvr-tx: AXI-ADXCVR-TX (17.05.a) using QPLL on GTH4 at 0x84B60000. Number of lanes: 4.
[    4.418838] axi-jesd204-rx 84a90000.axi-jesd204-rx: AXI-JESD204-RX (1.07.a) at 0x84A90000. Encoder 8b10b, width 4/4, lanes 4, jesd204-fsm.
[    4.426121] mmc0: SDHCI controller on ff170000.mmc [ff170000.mmc] using ADMA 64-bit
[    4.431685] axi-jesd204-tx 84b90000.axi-jesd204-tx: AXI-JESD204-TX (1.06.a) at 0x84B90000. Encoder 8b10b, width 4/4, lanes 4, jesd204-fsm.
[    4.452407] zynqmp-display fd4a0000.display: vtc bridge property not present
[    4.462056] xilinx-dp-snd-codec fd4a0000.display:zynqmp_dp_snd_codec0: Failed to get required clock freq
[    4.471560] xilinx-dp-snd-codec: probe of fd4a0000.display:zynqmp_dp_snd_codec0 failed with error -22
[    4.473503] mmc0: new high speed SDHC card at address 0001
[    4.481098] xilinx-dp-snd-pcm zynqmp_dp_snd_pcm0: Xilinx DisplayPort Sound PCM probed
[    4.486613] mmcblk0: mmc0:0001 EB1QT 29.8 GiB 
[    4.494416] xilinx-dp-snd-pcm zynqmp_dp_snd_pcm1: Xilinx DisplayPort Sound PCM probed
[    4.499797]  mmcblk0: p1 p2 p3
[    4.506717] OF: graph: no port node found in /axi/display@fd4a0000
[    4.515798] xlnx-drm xlnx-drm.0: bound fd4a0000.display (ops 0xffffffc010fcbdb8)
[    5.599739] zynqmp-display fd4a0000.display: [drm] Cannot find any crtc or sizes
[    5.607356] [drm] Initialized xlnx 1.0.0 20130509 for fd4a0000.display on minor 0
[    5.614847] zynqmp-display fd4a0000.display: ZynqMP DisplayPort Subsystem driver probed
[    5.623174] ahci-ceva fd0c0000.ahci: supply ahci not found, using dummy regulator
[    5.630719] ahci-ceva fd0c0000.ahci: supply phy not found, using dummy regulator
[    5.638177] ahci-ceva fd0c0000.ahci: supply target not found, using dummy regulator
[    5.646015] ahci-ceva fd0c0000.ahci: AHCI 0001.0301 32 slots 2 ports 6 Gbps 0x3 impl platform mode
[    5.654971] ahci-ceva fd0c0000.ahci: flags: 64bit ncq sntf pm clo only pmp fbs pio slum part ccc sds apst 
[    5.665669] scsi host0: ahci-ceva
[    5.669264] scsi host1: ahci-ceva
[    5.672692] ata1: SATA max UDMA/133 mmio [mem 0xfd0c0000-0xfd0c1fff] port 0x100 irq 45
[    5.680602] ata2: SATA max UDMA/133 mmio [mem 0xfd0c0000-0xfd0c1fff] port 0x180 irq 45
[    5.689204] ad9081 spi1.0: supply vdd not found, using dummy regulator
[    6.001976] ata1: SATA link down (SStatus 0 SControl 330)
[    6.007392] ata2: SATA link down (SStatus 0 SControl 330)
[    6.683742] zynqmp-display fd4a0000.display: [drm] Cannot find any crtc or sizes
[    7.523475] ad9081 spi1.0: AD9081 Rev. 2 Grade 10 (API 1.2.2) probed
[    7.530668] xhci-hcd xhci-hcd.1.auto: xHCI Host Controller
[    7.536167] xhci-hcd xhci-hcd.1.auto: new USB bus registered, assigned bus number 1
[    7.543912] xhci-hcd xhci-hcd.1.auto: hcc params 0x0238f625 hci version 0x100 quirks 0x0000000002010810
[    7.553332] xhci-hcd xhci-hcd.1.auto: irq 59, io mem 0xfe200000
[    7.559449] usb usb1: New USB device found, idVendor=1d6b, idProduct=0002, bcdDevice= 5.10
[    7.567705] usb usb1: New USB device strings: Mfr=3, Product=2, SerialNumber=1
[    7.574923] usb usb1: Product: xHCI Host Controller
[    7.579791] usb usb1: Manufacturer: Linux 5.10.0-98103-g2aa7ac113716 xhci-hcd
[    7.586919] usb usb1: SerialNumber: xhci-hcd.1.auto
[    7.592089] hub 1-0:1.0: USB hub found
[    7.595852] hub 1-0:1.0: 1 port detected
[    7.599948] xhci-hcd xhci-hcd.1.auto: xHCI Host Controller
[    7.605428] xhci-hcd xhci-hcd.1.auto: new USB bus registered, assigned bus number 2
[    7.613085] xhci-hcd xhci-hcd.1.auto: Host supports USB 3.0 SuperSpeed
[    7.619706] usb usb2: New USB device found, idVendor=1d6b, idProduct=0003, bcdDevice= 5.10
[    7.627970] usb usb2: New USB device strings: Mfr=3, Product=2, SerialNumber=1
[    7.635188] usb usb2: Product: xHCI Host Controller
[    7.640058] usb usb2: Manufacturer: Linux 5.10.0-98103-g2aa7ac113716 xhci-hcd
[    7.647183] usb usb2: SerialNumber: xhci-hcd.1.auto
[    7.652293] hub 2-0:1.0: USB hub found
[    7.656054] hub 2-0:1.0: 1 port detected
[    7.686102] cf_axi_adc 84a10000.axi-ad9081-rx-hpc: ADI AIM (10.01.b) at 0x84A10000 mapped to 0x(____ptrval____), probed ADC AD9081 as MASTER
[    7.716564] cf_axi_dds 84b10000.axi-ad9081-tx-hpc: Analog Devices CF_AXI_DDS_DDS MASTER (9.01.b) at 0x84B10000 mapped to 0x(____ptrval____), probed DDS AD9081
[    7.730761] jesd204: /axi/spi@ff040000/ad9081@0,jesd204:0,parent=spi1.0: JESD204[2] transition initialized -> probed
[    7.741283] jesd204: /axi/spi@ff040000/ad9081@0,jesd204:0,parent=spi1.0: JESD204[0] transition initialized -> probed
[    7.751806] jesd204: /axi/spi@ff040000/ad9081@0,jesd204:0,parent=spi1.0: JESD204[2] transition probed -> idle
[    7.761712] jesd204: /axi/spi@ff040000/ad9081@0,jesd204:0,parent=spi1.0: JESD204[0] transition probed -> idle
[    7.771632] jesd204: /axi/spi@ff040000/ad9081@0,jesd204:0,parent=spi1.0: JESD204[2] transition idle -> device_init
[    7.781981] jesd204: /axi/spi@ff040000/ad9081@0,jesd204:0,parent=spi1.0: JESD204[0] transition idle -> device_init
[    7.792333] jesd204: /axi/spi@ff040000/ad9081@0,jesd204:0,parent=spi1.0: JESD204[2] transition device_init -> link_init
[    7.803108] jesd204: /axi/spi@ff040000/ad9081@0,jesd204:0,parent=spi1.0: JESD204[0] transition device_init -> link_init
[    7.813900] jesd204: /axi/spi@ff040000/ad9081@0,jesd204:0,parent=spi1.0: JESD204[2] transition link_init -> link_supported
[    7.824938] jesd204: /axi/spi@ff040000/ad9081@0,jesd204:0,parent=spi1.0: JESD204[0] transition link_init -> link_supported
[    7.836355] hmc7044 spi2.0: hmc7044_jesd204_link_pre_setup: Link2 forcing continuous SYSREF mode
[    7.845295] axi-jesd204-rx 84a90000.axi-jesd204-rx: axi_jesd204_rx_jesd204_link_pre_setup: Link2 set lane rate 13640000 kHz failed (-22)
[    7.857551] jesd204: /fpga-axi@0/axi-jesd204-rx@84a90000,jesd204:4,parent=84a90000.axi-jesd204-rx: JESD204[2] In link_pre_setup got error from cb: -22
[    7.871021] jesd204: /axi/spi@ff040000/ad9081@0,jesd204:0,parent=spi1.0: Rolling back from 'link_supported', got error -22
[    7.882065] jesd204: /axi/spi@ff040000/ad9081@0,jesd204:0,parent=spi1.0: JESD204[0] transition link_supported -> link_pre_setup
[    7.893536] jesd204: /axi/spi@ff040000/ad9081@0,jesd204:0,parent=spi1.0: JESD204[2] transition link_supported -> link_pre_setup
[    7.905020] jesd204: /axi/spi@ff040000/ad9081@0,jesd204:0,parent=spi1.0: JESD204[0] transition link_pre_setup -> link_supported
[    7.916495] jesd204: /axi/spi@ff040000/ad9081@0,jesd204:0,parent=spi1.0: JESD204[2] transition link_pre_setup -> link_supported
[    7.927972] jesd204: /axi/spi@ff040000/ad9081@0,jesd204:0,parent=spi1.0: JESD204[0] transition link_supported -> link_init
[    7.939008] jesd204: /axi/spi@ff040000/ad9081@0,jesd204:0,parent=spi1.0: JESD204[2] transition link_supported -> link_init
[    7.950057] jesd204: /axi/spi@ff040000/ad9081@0,jesd204:0,parent=spi1.0: JESD204[0] transition link_init -> device_init
[    7.960837] jesd204: /axi/spi@ff040000/ad9081@0,jesd204:0,parent=spi1.0: JESD204[2] transition link_init -> device_init
[    7.971616] jesd204: /axi/spi@ff040000/ad9081@0,jesd204:0,parent=spi1.0: JESD204[0] transition device_init -> idle
[    7.981959] jesd204: /axi/spi@ff040000/ad9081@0,jesd204:0,parent=spi1.0: JESD204[2] transition device_init -> idle
[    7.992310] jesd204: /axi/spi@ff040000/ad9081@0,jesd204:0,parent=spi1.0: JESD204[2] transition idle -> idle
[    8.002044] jesd204: /axi/spi@ff040000/ad9081@0,jesd204:0,parent=spi1.0: JESD204[0] transition idle -> idle
[    8.011786] jesd204: /axi/spi@ff040000/ad9081@0,jesd204:0,parent=spi1.0: JESD204[2] transition idle -> device_init
[    8.022130] jesd204: /axi/spi@ff040000/ad9081@0,jesd204:0,parent=spi1.0: JESD204[0] transition idle -> device_init
[    8.032481] jesd204: /axi/spi@ff040000/ad9081@0,jesd204:0,parent=spi1.0: JESD204[2] transition device_init -> link_init
[    8.043257] jesd204: /axi/spi@ff040000/ad9081@0,jesd204:0,parent=spi1.0: JESD204[0] transition device_init -> link_init
[    8.054045] jesd204: /axi/spi@ff040000/ad9081@0,jesd204:0,parent=spi1.0: JESD204[2] transition link_init -> link_supported
[    8.065092] jesd204: /axi/spi@ff040000/ad9081@0,jesd204:0,parent=spi1.0: JESD204[0] transition link_init -> link_supported
[    8.076314] axi-jesd204-rx 84a90000.axi-jesd204-rx: axi_jesd204_rx_jesd204_link_pre_setup: Link2 set lane rate 13640000 kHz failed (-22)
[    8.088572] jesd204: /fpga-axi@0/axi-jesd204-rx@84a90000,jesd204:4,parent=84a90000.axi-jesd204-rx: JESD204[2] In link_pre_setup got error from cb: -22
[    8.102040] jesd204: /axi/spi@ff040000/ad9081@0,jesd204:0,parent=spi1.0: Rolling back from 'link_supported', got error -22
[    8.113083] jesd204: /axi/spi@ff040000/ad9081@0,jesd204:0,parent=spi1.0: JESD204[0] transition link_supported -> link_pre_setup
[    8.124554] jesd204: /axi/spi@ff040000/ad9081@0,jesd204:0,parent=spi1.0: JESD204[2] transition link_supported -> link_pre_setup
[    8.136032] jesd204: /axi/spi@ff040000/ad9081@0,jesd204:0,parent=spi1.0: JESD204[0] transition link_pre_setup -> link_supported
[    8.147506] jesd204: /axi/spi@ff040000/ad9081@0,jesd204:0,parent=spi1.0: JESD204[2] transition link_pre_setup -> link_supported
[    8.158981] jesd204: /axi/spi@ff040000/ad9081@0,jesd204:0,parent=spi1.0: JESD204[0] transition link_supported -> link_init
[    8.170019] jesd204: /axi/spi@ff040000/ad9081@0,jesd204:0,parent=spi1.0: JESD204[2] transition link_supported -> link_init
[    8.181066] jesd204: /axi/spi@ff040000/ad9081@0,jesd204:0,parent=spi1.0: JESD204[0] transition link_init -> device_init
[    8.191842] jesd204: /axi/spi@ff040000/ad9081@0,jesd204:0,parent=spi1.0: JESD204[2] transition link_init -> device_init
[    8.202626] jesd204: /axi/spi@ff040000/ad9081@0,jesd204:0,parent=spi1.0: JESD204[0] transition device_init -> idle
[    8.212972] jesd204: /axi/spi@ff040000/ad9081@0,jesd204:0,parent=spi1.0: JESD204[2] transition device_init -> idle
[    8.223320] jesd204: /axi/spi@ff040000/ad9081@0,jesd204:0,parent=spi1.0: JESD204[2] transition idle -> idle
[    8.233054] jesd204: /axi/spi@ff040000/ad9081@0,jesd204:0,parent=spi1.0: JESD204[0] transition idle -> idle
[    8.242796] jesd204: /axi/spi@ff040000/ad9081@0,jesd204:0,parent=spi1.0: JESD204[2] transition idle -> device_init
[    8.253139] jesd204: /axi/spi@ff040000/ad9081@0,jesd204:0,parent=spi1.0: JESD204[0] transition idle -> device_init
[    8.263489] jesd204: /axi/spi@ff040000/ad9081@0,jesd204:0,parent=spi1.0: JESD204[2] transition device_init -> link_init
[    8.274266] jesd204: /axi/spi@ff040000/ad9081@0,jesd204:0,parent=spi1.0: JESD204[0] transition device_init -> link_init
[    8.285054] jesd204: /axi/spi@ff040000/ad9081@0,jesd204:0,parent=spi1.0: JESD204[2] transition link_init -> link_supported
[    8.296097] jesd204: /axi/spi@ff040000/ad9081@0,jesd204:0,parent=spi1.0: JESD204[0] transition link_init -> link_supported
[    8.307284] axi-jesd204-rx 84a90000.axi-jesd204-rx: axi_jesd204_rx_jesd204_link_pre_setup: Link2 set lane rate 13640000 kHz failed (-22)
[    8.319544] jesd204: /fpga-axi@0/axi-jesd204-rx@84a90000,jesd204:4,parent=84a90000.axi-jesd204-rx: JESD204[2] In link_pre_setup got error from cb: -22
[    8.333013] jesd204: /axi/spi@ff040000/ad9081@0,jesd204:0,parent=spi1.0: Rolling back from 'link_supported', got error -22
[    8.344061] jesd204: /axi/spi@ff040000/ad9081@0,jesd204:0,parent=spi1.0: JESD204[0] transition link_supported -> link_pre_setup
[    8.355537] jesd204: /axi/spi@ff040000/ad9081@0,jesd204:0,parent=spi1.0: JESD204[2] transition link_supported -> link_pre_setup
[    8.367018] jesd204: /axi/spi@ff040000/ad9081@0,jesd204:0,parent=spi1.0: JESD204[0] transition link_pre_setup -> link_supported
[    8.378487] jesd204: /axi/spi@ff040000/ad9081@0,jesd204:0,parent=spi1.0: JESD204[2] transition link_pre_setup -> link_supported
[    8.389964] jesd204: /axi/spi@ff040000/ad9081@0,jesd204:0,parent=spi1.0: JESD204[0] transition link_supported -> link_init
[    8.401002] jesd204: /axi/spi@ff040000/ad9081@0,jesd204:0,parent=spi1.0: JESD204[2] transition link_supported -> link_init
[    8.412051] jesd204: /axi/spi@ff040000/ad9081@0,jesd204:0,parent=spi1.0: JESD204[0] transition link_init -> device_init
[    8.422825] jesd204: /axi/spi@ff040000/ad9081@0,jesd204:0,parent=spi1.0: JESD204[2] transition link_init -> device_init
[    8.433608] jesd204: /axi/spi@ff040000/ad9081@0,jesd204:0,parent=spi1.0: JESD204[0] transition device_init -> idle
[    8.443954] jesd204: /axi/spi@ff040000/ad9081@0,jesd204:0,parent=spi1.0: JESD204[2] transition device_init -> idle
[    8.454304] jesd204: /axi/spi@ff040000/ad9081@0,jesd204:0,parent=spi1.0: JESD204[2] transition idle -> idle
[    8.464037] jesd204: /axi/spi@ff040000/ad9081@0,jesd204:0,parent=spi1.0: JESD204[0] transition idle -> idle
[    8.473783] jesd204: /axi/spi@ff040000/ad9081@0,jesd204:0,parent=spi1.0: JESD204[2] transition idle -> device_init
[    8.484124] jesd204: /axi/spi@ff040000/ad9081@0,jesd204:0,parent=spi1.0: JESD204[0] transition idle -> device_init
[    8.494473] jesd204: /axi/spi@ff040000/ad9081@0,jesd204:0,parent=spi1.0: JESD204[2] transition device_init -> link_init
[    8.505250] jesd204: /axi/spi@ff040000/ad9081@0,jesd204:0,parent=spi1.0: JESD204[0] transition device_init -> link_init
[    8.516038] jesd204: /axi/spi@ff040000/ad9081@0,jesd204:0,parent=spi1.0: JESD204[2] transition link_init -> link_supported
[    8.527081] jesd204: /axi/spi@ff040000/ad9081@0,jesd204:0,parent=spi1.0: JESD204[0] transition link_init -> link_supported
[    8.538267] axi-jesd204-rx 84a90000.axi-jesd204-rx: axi_jesd204_rx_jesd204_link_pre_setup: Link2 set lane rate 13640000 kHz failed (-22)
[    8.550527] jesd204: /fpga-axi@0/axi-jesd204-rx@84a90000,jesd204:4,parent=84a90000.axi-jesd204-rx: JESD204[2] In link_pre_setup got error from cb: -22
[    8.563997] jesd204: /axi/spi@ff040000/ad9081@0,jesd204:0,parent=spi1.0: Rolling back from 'link_supported', got error -22
[    8.575040] jesd204: /axi/spi@ff040000/ad9081@0,jesd204:0,parent=spi1.0: JESD204[0] transition link_supported -> link_pre_setup
[    8.586512] jesd204: /axi/spi@ff040000/ad9081@0,jesd204:0,parent=spi1.0: JESD204[2] transition link_supported -> link_pre_setup
[    8.597994] jesd204: /axi/spi@ff040000/ad9081@0,jesd204:0,parent=spi1.0: JESD204[0] transition link_pre_setup -> link_supported
[    8.609471] jesd204: /axi/spi@ff040000/ad9081@0,jesd204:0,parent=spi1.0: JESD204[2] transition link_pre_setup -> link_supported
[    8.620949] jesd204: /axi/spi@ff040000/ad9081@0,jesd204:0,parent=spi1.0: JESD204[0] transition link_supported -> link_init
[    8.631986] jesd204: /axi/spi@ff040000/ad9081@0,jesd204:0,parent=spi1.0: JESD204[2] transition link_supported -> link_init
[    8.643033] jesd204: /axi/spi@ff040000/ad9081@0,jesd204:0,parent=spi1.0: JESD204[0] transition link_init -> device_init
[    8.653808] jesd204: /axi/spi@ff040000/ad9081@0,jesd204:0,parent=spi1.0: JESD204[2] transition link_init -> device_init
[    8.664591] jesd204: /axi/spi@ff040000/ad9081@0,jesd204:0,parent=spi1.0: JESD204[0] transition device_init -> idle
[    8.674935] jesd204: /axi/spi@ff040000/ad9081@0,jesd204:0,parent=spi1.0: JESD204[2] transition device_init -> idle
[    8.685281] jesd204: /axi/spi@ff040000/ad9081@0,jesd204:0,parent=spi1.0: FSM completed with error -22
[    8.703705] input: gpio-keys as /devices/platform/gpio-keys/input/input0
[    8.710732] of_cfs_init
[    8.713197] of_cfs_init: OK
[    8.716140] cfg80211: Loading compiled-in X.509 certificates for regulatory database
[    8.854354] cfg80211: Loaded X.509 cert 'sforshee: 00b28ddf47aef9cea7'
[    8.860879] clk: Not disabling unused clocks
[    8.865408] ALSA device list:
[    8.868372]   No soundcards found.
[    8.872047] platform regulatory.0: Direct firmware load for regulatory.db failed with error -2
[    8.880659] cfg80211: failed to load regulatory.db
[    8.895935] EXT4-fs (mmcblk0p2): mounted filesystem with ordered data mode. Opts: (null)
[    8.904045] VFS: Mounted root (ext4 filesystem) on device 179:2.
[    8.917759] devtmpfs: mounted
[    8.921580] Freeing unused kernel memory: 2560K
[    8.947769] Run /sbin/init as init process
[    8.951863]   with arguments:
[    8.951865]     /sbin/init
[    8.951867]   with environment:
[    8.951870]     HOME=/
[    8.951872]     TERM=linux
[    9.537389] systemd[1]: systemd 241 running in system mode. (+PAM +AUDIT +SELINUX +IMA +APPARMOR +SMACK +SYSVINIT +UTMP +LIBCRYPTSETUP +GCRYPT +GNUTLS +ACL +XZ +LZ4 +SECCOMP +BLKID +ELFUTILS +KMOD -IDN2 +IDN -PCRE2 default-hierarchy=hybrid)
[    9.559292] systemd[1]: Detected architecture arm64.
[    9.584462] systemd[1]: Set hostname to <analog>.
[    9.773709] systemd[1]: File /lib/systemd/system/systemd-journald.service:12 configures an IP firewall (IPAddressDeny=any), but the local system does not support BPF/cgroup based firewalling.
[    9.790794] systemd[1]: Proceeding WITHOUT firewalling in effect! (This warning is only shown for the first loaded unit using IP firewalling.)
[    9.956949] systemd[1]: /etc/systemd/system/tof-server.service:1: Assignment outside of section. Ignoring.
[    9.966674] systemd[1]: /etc/systemd/system/tof-server.service:2: Assignment outside of section. Ignoring.
[   10.152790] random: systemd: uninitialized urandom read (16 bytes read)
[   10.167595] random: systemd: uninitialized urandom read (16 bytes read)
[   10.174814] systemd[1]: Created slice system-serial\x2dgetty.slice.
[   10.195821] random: systemd: uninitialized urandom read (16 bytes read)
[   10.202774] systemd[1]: Listening on udev Control Socket.
[   10.224126] systemd[1]: Listening on Journal Socket.
[   10.996344] EXT4-fs (mmcblk0p2): re-mounted. Opts: (null)
[   11.204506] systemd-journald[169]: Received request to flush runtime journal from PID 1
[   16.670488] random: crng init done
[   16.670497] random: 7 urandom warning(s) missed due to ratelimiting
[   17.083532] macb ff0e0000.ethernet eth0: PHY [ff0e0000.ethernet-ffffffff:0c] driver [TI DP83867] (irq=POLL)
[   17.083544] macb ff0e0000.ethernet eth0: configuring for phy/rgmii-id link mode
[   17.383890] Adding 75772k swap on /var/swap.  Priority:-2 extents:1 across:75772k SS
[   19.999364] broken atomic modeset userspace detected, disabling atomic
[   20.161343] macb ff0e0000.ethernet eth0: Link is Up - 1Gbps/Full - flow control off
[   20.161367] IPv6: ADDRCONF(NETDEV_CHANGE): eth0: link becomes ready
[   22.663658] broken atomic modeset userspace detected, disabling atomic
[   25.523387] broken atomic modeset userspace detected, disabling atomic
[   28.215115] broken atomic modeset userspace detected, disabling atomic