[    0.000000] Booting Linux on physical CPU 0x0000000000 [0x410fd034]
[    0.000000] Linux version 5.10.0-98103-g2aa7ac113716 (jenkins@romlxbuild1.adlk.analog.com) (aarch64-xilinx-linux-gcc.real (GCC) 10.2.0, GNU ld (GNU Binutils) 2.35.0.20200730) #5577 SMP Wed Mar 23 07:28:49 GMT 2022
[    0.000000] Machine model: ZynqMP ZCU102 Rev1.0
[    0.000000] earlycon: cdns0 at MMIO 0x00000000ff000000 (options '115200n8')
[    0.000000] printk: bootconsole [cdns0] enabled
[    0.000000] efi: UEFI not found.
[    0.000000] cma: Reserved 256 MiB at 0x0000000070000000
[    0.000000] Zone ranges:
[    0.000000]   DMA      [mem 0x0000000000000000-0x000000003fffffff]
[    0.000000]   DMA32    [mem 0x0000000040000000-0x00000000ffffffff]
[    0.000000]   Normal   [mem 0x0000000100000000-0x000000087fffffff]
[    0.000000] Movable zone start for each node
[    0.000000] Early memory node ranges
[    0.000000]   node   0: [mem 0x0000000000000000-0x000000007fffffff]
[    0.000000]   node   0: [mem 0x0000000800000000-0x000000087fffffff]
[    0.000000] Initmem setup node 0 [mem 0x0000000000000000-0x000000087fffffff]
[    0.000000] On node 0 totalpages: 1048576
[    0.000000]   DMA zone: 3584 pages used for memmap
[    0.000000]   DMA zone: 0 pages reserved
[    0.000000]   DMA zone: 262144 pages, LIFO batch:63
[    0.000000]   DMA32 zone: 3584 pages used for memmap
[    0.000000]   DMA32 zone: 262144 pages, LIFO batch:63
[    0.000000]   Normal zone: 7168 pages used for memmap
[    0.000000]   Normal zone: 524288 pages, LIFO batch:63
[    0.000000] psci: probing for conduit method from DT.
[    0.000000] psci: PSCIv1.1 detected in firmware.
[    0.000000] psci: Using standard PSCI v0.2 function IDs
[    0.000000] psci: MIGRATE_INFO_TYPE not supported.
[    0.000000] psci: SMC Calling Convention v1.2
[    0.000000] percpu: Embedded 22 pages/cpu s49496 r8192 d32424 u90112
[    0.000000] pcpu-alloc: s49496 r8192 d32424 u90112 alloc=22*4096
[    0.000000] pcpu-alloc: [0] 0 [0] 1 [0] 2 [0] 3 
[    0.000000] Detected VIPT I-cache on CPU0
[    0.000000] CPU features: detected: ARM erratum 845719
[    0.000000] Built 1 zonelists, mobility grouping on.  Total pages: 1034240
[    0.000000] Kernel command line: console=ttyPS0,115200 root=/dev/mmcblk0p2 rw earlycon rootfstype=ext4 rootwait clk_ignore_unused cpuidle.off=1 root=/dev/mmcblk0p2 rw rootwait
[    0.000000] Dentry cache hash table entries: 524288 (order: 10, 4194304 bytes, linear)
[    0.000000] Inode-cache hash table entries: 262144 (order: 9, 2097152 bytes, linear)
[    0.000000] mem auto-init: stack:off, heap alloc:off, heap free:off
[    0.000000] software IO TLB: mapped [mem 0x000000003bfff000-0x000000003ffff000] (64MB)
[    0.000000] Memory: 3761904K/4194304K available (15296K kernel code, 1636K rwdata, 11876K rodata, 2560K init, 507K bss, 170256K reserved, 262144K cma-reserved)
[    0.000000] rcu: Hierarchical RCU implementation.
[    0.000000] rcu: 	RCU event tracing is enabled.
[    0.000000] rcu: 	RCU restricting CPUs from NR_CPUS=8 to nr_cpu_ids=4.
[    0.000000] rcu: RCU calculated value of scheduler-enlistment delay is 25 jiffies.
[    0.000000] rcu: Adjusting geometry for rcu_fanout_leaf=16, nr_cpu_ids=4
[    0.000000] NR_IRQS: 64, nr_irqs: 64, preallocated irqs: 0
[    0.000000] GIC: Adjusting CPU interface base to 0x00000000f902f000
[    0.000000] GIC: Using split EOI/Deactivate mode
[    0.000000] random: get_random_bytes called from start_kernel+0x31c/0x54c with crng_init=0
[    0.000000] arch_timer: cp15 timer(s) running at 100.00MHz (phys).
[    0.000000] clocksource: arch_sys_counter: mask: 0xffffffffffffff max_cycles: 0x171024e7e0, max_idle_ns: 440795205315 ns
[    0.000003] sched_clock: 56 bits at 100MHz, resolution 10ns, wraps every 4398046511100ns
[    0.008460] Console: colour dummy device 80x25
[    0.012483] Calibrating delay loop (skipped), value calculated using timer frequency.. 200.00 BogoMIPS (lpj=400000)
[    0.022841] pid_max: default: 32768 minimum: 301
[    0.027550] Mount-cache hash table entries: 8192 (order: 4, 65536 bytes, linear)
[    0.034789] Mountpoint-cache hash table entries: 8192 (order: 4, 65536 bytes, linear)
[    0.043395] rcu: Hierarchical SRCU implementation.
[    0.047562] EFI services will not be available.
[    0.051939] smp: Bringing up secondary CPUs ...
[    0.056657] Detected VIPT I-cache on CPU1
[    0.056696] CPU1: Booted secondary processor 0x0000000001 [0x410fd034]
[    0.057062] Detected VIPT I-cache on CPU2
[    0.057086] CPU2: Booted secondary processor 0x0000000002 [0x410fd034]
[    0.057425] Detected VIPT I-cache on CPU3
[    0.057448] CPU3: Booted secondary processor 0x0000000003 [0x410fd034]
[    0.057494] smp: Brought up 1 node, 4 CPUs
[    0.091779] SMP: Total of 4 processors activated.
[    0.096452] CPU features: detected: 32-bit EL0 Support
[    0.101556] CPU features: detected: CRC32 instructions
[    0.106693] CPU: All CPU(s) started at EL2
[    0.110736] alternatives: patching kernel code
[    0.116170] devtmpfs: initialized
[    0.124070] Registered cp15_barrier emulation handler
[    0.124120] Registered setend emulation handler
[    0.128100] clocksource: jiffies: mask: 0xffffffff max_cycles: 0xffffffff, max_idle_ns: 7645041785100000 ns
[    0.137679] futex hash table entries: 1024 (order: 4, 65536 bytes, linear)
[    0.151032] pinctrl core: initialized pinctrl subsystem
[    0.151681] NET: Registered protocol family 16
[    0.156100] DMA: preallocated 512 KiB GFP_KERNEL pool for atomic allocations
[    0.162116] DMA: preallocated 512 KiB GFP_KERNEL|GFP_DMA pool for atomic allocations
[    0.169841] DMA: preallocated 512 KiB GFP_KERNEL|GFP_DMA32 pool for atomic allocations
[    0.177644] audit: initializing netlink subsys (disabled)
[    0.183097] audit: type=2000 audit(0.116:1): state=initialized audit_enabled=0 res=1
[    0.183443] hw-breakpoint: found 6 breakpoint and 4 watchpoint registers.
[    0.197472] ASID allocator initialised with 65536 entries
[    0.224360] HugeTLB registered 1.00 GiB page size, pre-allocated 0 pages
[    0.225412] HugeTLB registered 32.0 MiB page size, pre-allocated 0 pages
[    0.232082] HugeTLB registered 2.00 MiB page size, pre-allocated 0 pages
[    0.238747] HugeTLB registered 64.0 KiB page size, pre-allocated 0 pages
[    1.304363] DRBG: Continuing without Jitter RNG
[    1.382146] raid6: neonx8   gen()  2143 MB/s
[    1.450188] raid6: neonx8   xor()  1598 MB/s
[    1.518247] raid6: neonx4   gen()  2203 MB/s
[    1.586296] raid6: neonx4   xor()  1565 MB/s
[    1.654358] raid6: neonx2   gen()  2075 MB/s
[    1.722409] raid6: neonx2   xor()  1439 MB/s
[    1.790471] raid6: neonx1   gen()  1772 MB/s
[    1.858522] raid6: neonx1   xor()  1220 MB/s
[    1.926579] raid6: int64x8  gen()  1438 MB/s
[    1.994637] raid6: int64x8  xor()   771 MB/s
[    2.062708] raid6: int64x4  gen()  1598 MB/s
[    2.130762] raid6: int64x4  xor()   813 MB/s
[    2.198836] raid6: int64x2  gen()  1397 MB/s
[    2.266875] raid6: int64x2  xor()   750 MB/s
[    2.334960] raid6: int64x1  gen()  1034 MB/s
[    2.403012] raid6: int64x1  xor()   517 MB/s
[    2.403050] raid6: using algorithm neonx4 gen() 2203 MB/s
[    2.407005] raid6: .... xor() 1565 MB/s, rmw enabled
[    2.411935] raid6: using neon recovery algorithm
[    2.416944] iommu: Default domain type: Translated 
[    2.421559] SCSI subsystem initialized
[    2.425104] libata version 3.00 loaded.
[    2.425228] usbcore: registered new interface driver usbfs
[    2.430561] usbcore: registered new interface driver hub
[    2.435834] usbcore: registered new device driver usb
[    2.440967] mc: Linux media interface: v0.10
[    2.445084] videodev: Linux video capture interface: v2.00
[    2.450575] EDAC MC: Ver: 3.0.0
[    2.454015] zynqmp-ipi-mbox mailbox@ff990400: Registered ZynqMP IPI mbox with TX/RX channels.
[    2.462524] jesd204: created con: id=0, topo=0, link=0, /axi/spi@ff050000/hmc7044@0 <-> /fpga-axi@0/axi-adxcvr-tx@84b60000
[    2.473103] jesd204: created con: id=1, topo=0, link=2, /axi/spi@ff050000/hmc7044@0 <-> /fpga-axi@0/axi-adxcvr-rx@84a60000
[    2.484087] jesd204: created con: id=2, topo=0, link=0, /fpga-axi@0/axi-adxcvr-tx@84b60000 <-> /fpga-axi@0/axi-jesd204-tx@84b90000
[    2.495763] jesd204: created con: id=3, topo=0, link=2, /fpga-axi@0/axi-adxcvr-rx@84a60000 <-> /fpga-axi@0/axi-jesd204-rx@84a90000
[    2.507440] jesd204: created con: id=4, topo=0, link=0, /fpga-axi@0/axi-jesd204-tx@84b90000 <-> /fpga-axi@0/axi-ad9081-tx-hpc@84b10000
[    2.519468] jesd204: created con: id=5, topo=0, link=2, /fpga-axi@0/axi-jesd204-rx@84a90000 <-> /fpga-axi@0/axi-ad9081-rx-hpc@84a10000
[    2.531491] jesd204: created con: id=6, topo=0, link=2, /fpga-axi@0/axi-ad9081-rx-hpc@84a10000 <-> /axi/spi@ff040000/ad9081@0
[    2.542732] jesd204: created con: id=7, topo=0, link=0, /fpga-axi@0/axi-ad9081-tx-hpc@84b10000 <-> /axi/spi@ff040000/ad9081@0
[    2.553982] jesd204: /axi/spi@ff040000/ad9081@0: JESD204[2] transition uninitialized -> initialized
[    2.562968] jesd204: /axi/spi@ff040000/ad9081@0: JESD204[0] transition uninitialized -> initialized
[    2.571960] jesd204: found 8 devices and 1 topologies
[    2.577004] FPGA manager framework
[    2.580482] Advanced Linux Sound Architecture Driver Initialized.
[    2.586775] Bluetooth: Core ver 2.22
[    2.589963] NET: Registered protocol family 31
[    2.594364] Bluetooth: HCI device and connection manager initialized
[    2.600681] Bluetooth: HCI socket layer initialized
[    2.605523] Bluetooth: L2CAP socket layer initialized
[    2.610547] Bluetooth: SCO socket layer initialized
[    2.615731] clocksource: Switched to clocksource arch_sys_counter
[    2.621538] VFS: Disk quotas dquot_6.6.0
[    2.625374] VFS: Dquot-cache hash table entries: 512 (order 0, 4096 bytes)
[    2.636093] NET: Registered protocol family 2
[    2.636820] tcp_listen_portaddr_hash hash table entries: 2048 (order: 3, 32768 bytes, linear)
[    2.645014] TCP established hash table entries: 32768 (order: 6, 262144 bytes, linear)
[    2.653039] TCP bind hash table entries: 32768 (order: 7, 524288 bytes, linear)
[    2.660485] TCP: Hash tables configured (established 32768 bind 32768)
[    2.666658] UDP hash table entries: 2048 (order: 4, 65536 bytes, linear)
[    2.673324] UDP-Lite hash table entries: 2048 (order: 4, 65536 bytes, linear)
[    2.680485] NET: Registered protocol family 1
[    2.684939] RPC: Registered named UNIX socket transport module.
[    2.690562] RPC: Registered udp transport module.
[    2.695226] RPC: Registered tcp transport module.
[    2.699896] RPC: Registered tcp NFSv4.1 backchannel transport module.
[    2.706886] PCI: CLS 0 bytes, default 64
[    2.710595] hw perfevents: no interrupt-affinity property for /pmu, guessing.
[    2.717447] hw perfevents: enabled with armv8_pmuv3 PMU driver, 7 counters available
[    2.725804] Initialise system trusted keyrings
[    2.729477] workingset: timestamp_bits=62 max_order=20 bucket_order=0
[    2.736375] NFS: Registering the id_resolver key type
[    2.740825] Key type id_resolver registered
[    2.744964] Key type id_legacy registered
[    2.748953] nfs4filelayout_init: NFSv4 File Layout Driver Registering...
[    2.755619] jffs2: version 2.2. (NAND) (SUMMARY)  Â© 2001-2006 Red Hat, Inc.
[    2.797614] NET: Registered protocol family 38
[    2.797657] xor: measuring software checksum speed
[    2.805346]    8regs           :  2363 MB/sec
[    2.809015]    32regs          :  2799 MB/sec
[    2.813957]    arm64_neon      :  2380 MB/sec
[    2.814147] xor: using function: 32regs (2799 MB/sec)
[    2.819173] Key type asymmetric registered
[    2.823234] Asymmetric key parser 'x509' registered
[    2.828095] Block layer SCSI generic (bsg) driver version 0.4 loaded (major 248)
[    2.835432] io scheduler mq-deadline registered
[    2.839928] io scheduler kyber registered
[    2.869350] Serial: 8250/16550 driver, 4 ports, IRQ sharing disabled
[    2.873991] cacheinfo: Unable to detect cache hierarchy for CPU 0
[    2.880322] brd: module loaded
[    2.884476] loop: module loaded
[    2.885022] Registered mathworks_ip class
[    2.888361] libphy: Fixed MDIO Bus: probed
[    2.891327] tun: Universal TUN/TAP device driver, 1.6
[    2.895412] CAN device driver interface
[    2.899949] usbcore: registered new interface driver asix
[    2.904526] usbcore: registered new interface driver ax88179_178a
[    2.910568] usbcore: registered new interface driver cdc_ether
[    2.916362] usbcore: registered new interface driver net1080
[    2.921985] usbcore: registered new interface driver cdc_subset
[    2.927865] usbcore: registered new interface driver zaurus
[    2.933412] usbcore: registered new interface driver cdc_ncm
[    2.939821] ehci_hcd: USB 2.0 'Enhanced' Host Controller (EHCI) Driver
[    2.945494] ehci-pci: EHCI PCI platform driver
[    2.950295] usbcore: registered new interface driver uas
[    2.955214] usbcore: registered new interface driver usb-storage
[    2.961202] usbcore: registered new interface driver usbserial_generic
[    2.967651] usbserial: USB Serial support registered for generic
[    2.973624] usbcore: registered new interface driver ftdi_sio
[    2.979327] usbserial: USB Serial support registered for FTDI USB Serial Device
[    2.986604] usbcore: registered new interface driver upd78f0730
[    2.992475] usbserial: USB Serial support registered for upd78f0730
[    3.000138] rtc_zynqmp ffa60000.rtc: registered as rtc0
[    3.003900] rtc_zynqmp ffa60000.rtc: setting system clock to 2022-03-26T00:17:26 UTC (1648253846)
[    3.012762] i2c /dev entries driver
[    3.018065] usbcore: registered new interface driver uvcvideo
[    3.021875] USB Video Class driver (1.1.1)
[    3.027448] Bluetooth: HCI UART driver ver 2.3
[    3.030358] Bluetooth: HCI UART protocol H4 registered
[    3.035456] Bluetooth: HCI UART protocol BCSP registered
[    3.040745] Bluetooth: HCI UART protocol LL registered
[    3.045833] Bluetooth: HCI UART protocol ATH3K registered
[    3.051209] Bluetooth: HCI UART protocol Three-wire (H5) registered
[    3.057463] Bluetooth: HCI UART protocol Intel registered
[    3.062799] Bluetooth: HCI UART protocol QCA registered
[    3.068002] usbcore: registered new interface driver bcm203x
[    3.073623] usbcore: registered new interface driver bpa10x
[    3.079157] usbcore: registered new interface driver bfusb
[    3.084609] usbcore: registered new interface driver btusb
[    3.090072] usbcore: registered new interface driver ath3k
[    3.095554] EDAC MC: ECC not enabled
[    3.099183] EDAC DEVICE0: Giving out device to module zynqmp-ocm-edac controller zynqmp_ocm: DEV ff960000.memory-controller (INTERRUPT)
[    3.111494] sdhci: Secure Digital Host Controller Interface driver
[    3.117283] sdhci: Copyright(c) Pierre Ossman
[    3.121608] sdhci-pltfm: SDHCI platform and OF driver helper
[    3.127661] ledtrig-cpu: registered to indicate activity on CPUs
[    3.133217] SMCCC: SOC_ID: ARCH_SOC_ID not implemented, skipping ....
[    3.139636] zynqmp_firmware_probe Platform Management API v1.1
[    3.145399] zynqmp_firmware_probe Trustzone version v1.0
[    3.184939] zynqmp-pinctrl firmware:zynqmp-firmware:pinctrl: zynqmp pinctrl initialized
[    3.232952] zynqmp-aes firmware:zynqmp-firmware:zynqmp-aes: will run requests pump with realtime priority
[    3.248792] alg: No test for xilinx-keccak-384 (zynqmp-keccak-384)
[    3.249506] alg: No test for xilinx-zynqmp-rsa (zynqmp-rsa)
[    3.255017] usbcore: registered new interface driver usbhid
[    3.260408] usbhid: USB HID core driver
[    3.271626] axi_sysid 85000000.axi-sysid-0: AXI System ID core version (1.01.a) found
[    3.273985] axi_sysid 85000000.axi-sysid-0: [ad9081_fmca_ebz] on [zcu102] git branch <master> git <084d44c9780640ca93fd847b1d9ec70dd65f5c67> clean [2022-03-18 04:17:50] UTC
[    3.289660] fpga_manager fpga0: Xilinx ZynqMP FPGA Manager registered
[    3.296030] usbcore: registered new interface driver snd-usb-audio
[    3.303451] pktgen: Packet Generator for packet performance testing. Version: 2.75
[    3.309663] Initializing XFRM netlink socket
[    3.313501] NET: Registered protocol family 10
[    3.318217] Segment Routing with IPv6
[    3.321601] sit: IPv6, IPv4 and MPLS over IPv4 tunneling driver
[    3.327671] NET: Registered protocol family 17
[    3.331775] NET: Registered protocol family 15
[    3.336271] can: controller area network core
[    3.340527] NET: Registered protocol family 29
[    3.344912] can: raw protocol
[    3.347851] can: broadcast manager protocol
[    3.352003] can: netlink gateway - max_hops=1
[    3.356400] Bluetooth: RFCOMM TTY layer initialized
[    3.361179] Bluetooth: RFCOMM socket layer initialized
[    3.366285] Bluetooth: RFCOMM ver 1.11
[    3.369999] Bluetooth: BNEP (Ethernet Emulation) ver 1.3
[    3.375268] Bluetooth: BNEP filters: protocol multicast
[    3.380460] Bluetooth: BNEP socket layer initialized
[    3.385391] Bluetooth: HIDP (Human Interface Emulation) ver 1.2
[    3.391273] Bluetooth: HIDP socket layer initialized
[    3.396323] 9pnet: Installing 9P2000 support
[    3.400451] NET: Registered protocol family 36
[    3.404865] Key type dns_resolver registered
[    3.409303] registered taskstats version 1
[    3.413163] Loading compiled-in X.509 certificates
[    3.418276] Btrfs loaded, crc32c=crc32c-generic
[    3.430656] ff000000.serial: ttyPS0 at MMIO 0xff000000 (irq = 49, base_baud = 6249999) is a xuartps
[    3.439681] printk: console [ttyPS0] enabled
[    3.443977] printk: bootconsole [cdns0] disabled
[    3.453606] ff010000.serial: ttyPS1 at MMIO 0xff010000 (irq = 50, base_baud = 6249999) is a xuartps
[    3.466850] of-fpga-region fpga-full: FPGA Region probed
[    3.473812] nwl-pcie fd0e0000.pcie: host bridge /axi/pcie@fd0e0000 ranges:
[    3.480704] nwl-pcie fd0e0000.pcie:      MEM 0x00e0000000..0x00efffffff -> 0x00e0000000
[    3.488707] nwl-pcie fd0e0000.pcie:      MEM 0x0600000000..0x07ffffffff -> 0x0600000000
[    3.496768] nwl-pcie fd0e0000.pcie: Link is DOWN
[    3.501525] nwl-pcie fd0e0000.pcie: PCI host bridge to bus 0000:00
[    3.507703] pci_bus 0000:00: root bus resource [bus 00-ff]
[    3.513185] pci_bus 0000:00: root bus resource [mem 0xe0000000-0xefffffff]
[    3.520055] pci_bus 0000:00: root bus resource [mem 0x600000000-0x7ffffffff pref]
[    3.527559] pci 0000:00:00.0: [10ee:d021] type 01 class 0x060400
[    3.533614] pci 0000:00:00.0: PME# supported from D0 D1 D2 D3hot
[    3.544058] pci 0000:00:00.0: PCI bridge to [bus 01-0c]
[    3.550033] xilinx-zynqmp-dma fd500000.dma: ZynqMP DMA driver Probe success
[    3.557203] xilinx-zynqmp-dma fd510000.dma: ZynqMP DMA driver Probe success
[    3.564388] xilinx-zynqmp-dma fd520000.dma: ZynqMP DMA driver Probe success
[    3.571555] xilinx-zynqmp-dma fd530000.dma: ZynqMP DMA driver Probe success
[    3.578722] xilinx-zynqmp-dma fd540000.dma: ZynqMP DMA driver Probe success
[    3.585893] xilinx-zynqmp-dma fd550000.dma: ZynqMP DMA driver Probe success
[    3.593062] xilinx-zynqmp-dma fd560000.dma: ZynqMP DMA driver Probe success
[    3.600234] xilinx-zynqmp-dma fd570000.dma: ZynqMP DMA driver Probe success
[    3.607630] xilinx-zynqmp-dpdma fd4c0000.dma-controller: Xilinx DPDMA engine is probed
[    3.616187] ahci-ceva fd0c0000.ahci: supply ahci not found, using dummy regulator
[    3.623732] ahci-ceva fd0c0000.ahci: supply phy not found, using dummy regulator
[    3.711907] hmc7044 spi2.0: PLL1: Acquisition, CLKIN0 @ 122880000 Hz, PFD: 80 kHz - PLL2: Locked @ 2752.000000 MHz
[    3.722623] jesd204: /axi/spi@ff050000/hmc7044@0,jesd204:1,parent=spi2.0: Using as SYSREF provider
[    3.732206] spi-nor spi0.0: SPI-NOR-UniqueID 100000235394732200270025081115266e
[    3.739512] spi-nor spi0.0: found n25q512a, expected m25p80
[    3.745715] spi-nor spi0.0: trying to lock already unlocked area
[    3.751726] spi-nor spi0.0: n25q512a (131072 Kbytes)
[    3.756706] 4 fixed-partitions partitions found on MTD device spi0.0
[    3.763054] Creating 4 MTD partitions on "spi0.0":
[    3.767840] 0x000000000000-0x000000100000 : "qspi-fsbl-uboot"
[    3.774331] 0x000000100000-0x000000600000 : "qspi-linux"
[    3.780283] 0x000000600000-0x000000620000 : "qspi-device-tree"
[    3.786761] 0x000000620000-0x000000c00000 : "qspi-rootfs"
[    3.795227] macb ff0e0000.ethernet: Not enabling partial store and forward
[    3.802754] libphy: MACB_mii_bus: probed
[    3.807845] macb ff0e0000.ethernet eth0: Cadence GEM rev 0x50070106 at 0xff0e0000 irq 30 (00:0a:35:04:8e:1b)
[    3.818054] xilinx-axipmon ffa00000.perf-monitor: Probed Xilinx APM
[    3.824628] xilinx-axipmon fd0b0000.perf-monitor: Probed Xilinx APM
[    3.831144] xilinx-axipmon fd490000.perf-monitor: Probed Xilinx APM
[    3.837687] xilinx-axipmon ffa10000.perf-monitor: Probed Xilinx APM
[    3.847672] pca953x 0-0020: supply vcc not found, using dummy regulator
[    3.854355] pca953x 0-0020: using no AI
[    3.858843] gpio-496 (sel0): hogged as output/low
[    3.863750] gpio-497 (sel1): hogged as output/high
[    3.868738] gpio-498 (sel2): hogged as output/high
[    3.873727] gpio-499 (sel3): hogged as output/high
[    3.878904] pca953x 0-0021: supply vcc not found, using dummy regulator
[    3.885576] pca953x 0-0021: using no AI
[    3.891336] ina2xx 2-0040: power monitor ina226 (Rshunt = 5000 uOhm)
[    3.898364] ina2xx 2-0041: power monitor ina226 (Rshunt = 5000 uOhm)
[    3.905403] ina2xx 2-0042: power monitor ina226 (Rshunt = 5000 uOhm)
[    3.912435] ina2xx 2-0043: power monitor ina226 (Rshunt = 5000 uOhm)
[    3.919459] ina2xx 2-0044: power monitor ina226 (Rshunt = 5000 uOhm)
[    3.926478] ina2xx 2-0045: power monitor ina226 (Rshunt = 5000 uOhm)
[    3.933510] ina2xx 2-0046: power monitor ina226 (Rshunt = 5000 uOhm)
[    3.940588] ina2xx 2-0047: power monitor ina226 (Rshunt = 5000 uOhm)
[    3.947614] ina2xx 2-004a: power monitor ina226 (Rshunt = 5000 uOhm)
[    3.954653] ina2xx 2-004b: power monitor ina226 (Rshunt = 5000 uOhm)
[    3.961062] i2c i2c-0: Added multiplexed i2c bus 2
[    3.966445] random: fast init done
[    3.969913] ina2xx 3-0040: power monitor ina226 (Rshunt = 2000 uOhm)
[    3.976940] ina2xx 3-0041: power monitor ina226 (Rshunt = 5000 uOhm)
[    3.983965] ina2xx 3-0042: power monitor ina226 (Rshunt = 5000 uOhm)
[    3.990999] ina2xx 3-0043: power monitor ina226 (Rshunt = 5000 uOhm)
[    3.998024] ina2xx 3-0044: power monitor ina226 (Rshunt = 5000 uOhm)
[    4.005049] ina2xx 3-0045: power monitor ina226 (Rshunt = 5000 uOhm)
[    4.012084] ina2xx 3-0046: power monitor ina226 (Rshunt = 5000 uOhm)
[    4.019113] ina2xx 3-0047: power monitor ina226 (Rshunt = 5000 uOhm)
[    4.025514] i2c i2c-0: Added multiplexed i2c bus 3
[    4.081610] i2c i2c-0: Added multiplexed i2c bus 4
[    4.086551] i2c i2c-0: Added multiplexed i2c bus 5
[    4.091338] pca954x 0-0075: registered 4 multiplexed busses for I2C mux pca9544
[    4.098688] cdns-i2c ff020000.i2c: 400 kHz mmio ff020000 irq 32
[    4.106417] at24 6-0054: supply vcc not found, using dummy regulator
[    4.113314] at24 6-0054: 1024 byte 24c08 EEPROM, writable, 1 bytes/write
[    4.120068] i2c i2c-1: Added multiplexed i2c bus 6
[    4.126497] si5341 7-0036: Chip: 5341 Grade: 1 Rev: 1
[    4.164219] i2c i2c-1: Added multiplexed i2c bus 7
[    4.171873] si570 8-005d: registered, current frequency 300000000 Hz
[    4.178275] i2c i2c-1: Added multiplexed i2c bus 8
[    4.198065] si570 9-005d: registered, current frequency 148500000 Hz
[    4.204470] i2c i2c-1: Added multiplexed i2c bus 9
[    4.209500] si5324 10-0069: si5328 probed
[    4.276096] si5324 10-0069: si5328 probe successful
[    4.281022] i2c i2c-1: Added multiplexed i2c bus 10
[    4.286049] i2c i2c-1: Added multiplexed i2c bus 11
[    4.291080] i2c i2c-1: Added multiplexed i2c bus 12
[    4.296106] i2c i2c-1: Added multiplexed i2c bus 13
[    4.300986] pca954x 1-0074: registered 8 multiplexed busses for I2C switch pca9548
[    4.309099] at24 14-0050: supply vcc not found, using dummy regulator
[    4.315883] at24 14-0050: 256 byte 24c02 EEPROM, writable, 1 bytes/write
[    4.322631] i2c i2c-1: Added multiplexed i2c bus 14
[    4.327668] i2c i2c-1: Added multiplexed i2c bus 15
[    4.332702] i2c i2c-1: Added multiplexed i2c bus 16
[    4.337740] i2c i2c-1: Added multiplexed i2c bus 17
[    4.342774] i2c i2c-1: Added multiplexed i2c bus 18
[    4.347821] i2c i2c-1: Added multiplexed i2c bus 19
[    4.352857] i2c i2c-1: Added multiplexed i2c bus 20
[    4.357893] i2c i2c-1: Added multiplexed i2c bus 21
[    4.362769] pca954x 1-0075: registered 8 multiplexed busses for I2C switch pca9548
[    4.370379] cdns-i2c ff030000.i2c: 400 kHz mmio ff030000 irq 33
[    4.380126] cdns-wdt fd4d0000.watchdog: Xilinx Watchdog Timer with timeout 60s
[    4.390905] axi_adxcvr 84a60000.axi-adxcvr-rx: AXI-ADXCVR-RX (17.05.a) using CPLL on GTH4 at 0x84A60000. Number of lanes: 4.
[    4.403084] axi_adxcvr 84b60000.axi-adxcvr-tx: AXI-ADXCVR-TX (17.05.a) using QPLL on GTH4 at 0x84B60000. Number of lanes: 4.
[    4.414705] axi-jesd204-rx 84a90000.axi-jesd204-rx: AXI-JESD204-RX (1.07.a) at 0x84A90000. Encoder 8b10b, width 4/4, lanes 4, jesd204-fsm.
[    4.422217] mmc0: SDHCI controller on ff170000.mmc [ff170000.mmc] using ADMA 64-bit
[    4.427549] axi-jesd204-tx 84b90000.axi-jesd204-tx: AXI-JESD204-TX (1.06.a) at 0x84B90000. Encoder 8b10b, width 4/4, lanes 4, jesd204-fsm.
[    4.448265] zynqmp-display fd4a0000.display: vtc bridge property not present
[    4.457929] xilinx-dp-snd-codec fd4a0000.display:zynqmp_dp_snd_codec0: Failed to get required clock freq
[    4.467434] xilinx-dp-snd-codec: probe of fd4a0000.display:zynqmp_dp_snd_codec0 failed with error -22
[    4.469515] mmc0: new high speed SDHC card at address 0001
[    4.476975] xilinx-dp-snd-pcm zynqmp_dp_snd_pcm0: Xilinx DisplayPort Sound PCM probed
[    4.482485] mmcblk0: mmc0:0001 EB1QT 29.8 GiB 
[    4.490293] xilinx-dp-snd-pcm zynqmp_dp_snd_pcm1: Xilinx DisplayPort Sound PCM probed
[    4.495656]  mmcblk0: p1 p2 p3
[    4.502590] OF: graph: no port node found in /axi/display@fd4a0000
[    4.511666] xlnx-drm xlnx-drm.0: bound fd4a0000.display (ops 0xffffffc010fcbdb8)
[    5.595747] zynqmp-display fd4a0000.display: [drm] Cannot find any crtc or sizes
[    5.603362] [drm] Initialized xlnx 1.0.0 20130509 for fd4a0000.display on minor 0
[    5.610852] zynqmp-display fd4a0000.display: ZynqMP DisplayPort Subsystem driver probed
[    5.619175] ahci-ceva fd0c0000.ahci: supply ahci not found, using dummy regulator
[    5.626724] ahci-ceva fd0c0000.ahci: supply phy not found, using dummy regulator
[    5.634182] ahci-ceva fd0c0000.ahci: supply target not found, using dummy regulator
[    5.652079] ahci-ceva fd0c0000.ahci: AHCI 0001.0301 32 slots 2 ports 6 Gbps 0x3 impl platform mode
[    5.661041] ahci-ceva fd0c0000.ahci: flags: 64bit ncq sntf pm clo only pmp fbs pio slum part ccc sds apst 
[    5.671666] scsi host0: ahci-ceva
[    5.675265] scsi host1: ahci-ceva
[    5.678691] ata1: SATA max UDMA/133 mmio [mem 0xfd0c0000-0xfd0c1fff] port 0x100 irq 45
[    5.686606] ata2: SATA max UDMA/133 mmio [mem 0xfd0c0000-0xfd0c1fff] port 0x180 irq 45
[    5.695208] ad9081 spi1.0: supply vdd not found, using dummy regulator
[    6.005948] ata2: SATA link down (SStatus 0 SControl 330)
[    6.011362] ata1: SATA link down (SStatus 0 SControl 330)
[    6.679750] zynqmp-display fd4a0000.display: [drm] Cannot find any crtc or sizes
[    7.552079] ad9081 spi1.0: AD9081 Rev. 2 Grade 10 (API 1.2.2) probed
[    7.559284] xhci-hcd xhci-hcd.1.auto: xHCI Host Controller
[    7.564779] xhci-hcd xhci-hcd.1.auto: new USB bus registered, assigned bus number 1
[    7.572525] xhci-hcd xhci-hcd.1.auto: hcc params 0x0238f625 hci version 0x100 quirks 0x0000000002010810
[    7.581937] xhci-hcd xhci-hcd.1.auto: irq 59, io mem 0xfe200000
[    7.588050] usb usb1: New USB device found, idVendor=1d6b, idProduct=0002, bcdDevice= 5.10
[    7.596312] usb usb1: New USB device strings: Mfr=3, Product=2, SerialNumber=1
[    7.603530] usb usb1: Product: xHCI Host Controller
[    7.608398] usb usb1: Manufacturer: Linux 5.10.0-98103-g2aa7ac113716 xhci-hcd
[    7.615524] usb usb1: SerialNumber: xhci-hcd.1.auto
[    7.620689] hub 1-0:1.0: USB hub found
[    7.624452] hub 1-0:1.0: 1 port detected
[    7.628564] xhci-hcd xhci-hcd.1.auto: xHCI Host Controller
[    7.634045] xhci-hcd xhci-hcd.1.auto: new USB bus registered, assigned bus number 2
[    7.641701] xhci-hcd xhci-hcd.1.auto: Host supports USB 3.0 SuperSpeed
[    7.648327] usb usb2: New USB device found, idVendor=1d6b, idProduct=0003, bcdDevice= 5.10
[    7.656585] usb usb2: New USB device strings: Mfr=3, Product=2, SerialNumber=1
[    7.663805] usb usb2: Product: xHCI Host Controller
[    7.668673] usb usb2: Manufacturer: Linux 5.10.0-98103-g2aa7ac113716 xhci-hcd
[    7.675798] usb usb2: SerialNumber: xhci-hcd.1.auto
[    7.680910] hub 2-0:1.0: USB hub found
[    7.684670] hub 2-0:1.0: 1 port detected
[    7.714707] cf_axi_adc 84a10000.axi-ad9081-rx-hpc: ADI AIM (10.01.b) at 0x84A10000 mapped to 0x(____ptrval____), probed ADC AD9081 as MASTER
[    7.748576] cf_axi_dds 84b10000.axi-ad9081-tx-hpc: Analog Devices CF_AXI_DDS_DDS MASTER (9.01.b) at 0x84B10000 mapped to 0x(____ptrval____), probed DDS AD9081
[    7.762779] jesd204: /axi/spi@ff040000/ad9081@0,jesd204:0,parent=spi1.0: JESD204[2] transition initialized -> probed
[    7.773301] jesd204: /axi/spi@ff040000/ad9081@0,jesd204:0,parent=spi1.0: JESD204[0] transition initialized -> probed
[    7.783825] jesd204: /axi/spi@ff040000/ad9081@0,jesd204:0,parent=spi1.0: JESD204[2] transition probed -> idle
[    7.793741] jesd204: /axi/spi@ff040000/ad9081@0,jesd204:0,parent=spi1.0: JESD204[0] transition probed -> idle
[    7.803656] jesd204: /axi/spi@ff040000/ad9081@0,jesd204:0,parent=spi1.0: JESD204[2] transition idle -> device_init
[    7.813999] jesd204: /axi/spi@ff040000/ad9081@0,jesd204:0,parent=spi1.0: JESD204[0] transition idle -> device_init
[    7.824350] jesd204: /axi/spi@ff040000/ad9081@0,jesd204:0,parent=spi1.0: JESD204[2] transition device_init -> link_init
[    7.835126] jesd204: /axi/spi@ff040000/ad9081@0,jesd204:0,parent=spi1.0: JESD204[0] transition device_init -> link_init
[    7.845920] jesd204: /axi/spi@ff040000/ad9081@0,jesd204:0,parent=spi1.0: JESD204[2] transition link_init -> link_supported
[    7.856958] jesd204: /axi/spi@ff040000/ad9081@0,jesd204:0,parent=spi1.0: JESD204[0] transition link_init -> link_supported
[    7.868360] hmc7044 spi2.0: hmc7044_jesd204_link_pre_setup: Link2 forcing continuous SYSREF mode
[    7.877543] jesd204: /axi/spi@ff040000/ad9081@0,jesd204:0,parent=spi1.0: JESD204[2] transition link_supported -> link_pre_setup
[    7.889023] jesd204: /axi/spi@ff040000/ad9081@0,jesd204:0,parent=spi1.0: JESD204[0] transition link_supported -> link_pre_setup
[    7.912965] jesd204: /axi/spi@ff040000/ad9081@0,jesd204:0,parent=spi1.0: JESD204[2] transition link_pre_setup -> clk_sync_stage1
[    7.924524] jesd204: /axi/spi@ff040000/ad9081@0,jesd204:0,parent=spi1.0: JESD204[0] transition link_pre_setup -> clk_sync_stage1
[    7.936086] jesd204: /axi/spi@ff040000/ad9081@0,jesd204:0,parent=spi1.0: JESD204[2] transition clk_sync_stage1 -> clk_sync_stage2
[    7.947733] jesd204: /axi/spi@ff040000/ad9081@0,jesd204:0,parent=spi1.0: JESD204[0] transition clk_sync_stage1 -> clk_sync_stage2
[    7.959384] jesd204: /axi/spi@ff040000/ad9081@0,jesd204:0,parent=spi1.0: JESD204[2] transition clk_sync_stage2 -> clk_sync_stage3
[    7.971029] jesd204: /axi/spi@ff040000/ad9081@0,jesd204:0,parent=spi1.0: JESD204[0] transition clk_sync_stage2 -> clk_sync_stage3
[    7.984701] jesd204: /axi/spi@ff040000/ad9081@0,jesd204:0,parent=spi1.0: JESD204[2] transition clk_sync_stage3 -> link_setup
[    7.995913] jesd204: /axi/spi@ff040000/ad9081@0,jesd204:0,parent=spi1.0: JESD204[0] transition clk_sync_stage3 -> link_setup
[    8.011927] jesd204: /axi/spi@ff040000/ad9081@0,jesd204:0,parent=spi1.0: JESD204[2] transition link_setup -> opt_setup_stage1
[    8.023232] jesd204: /axi/spi@ff040000/ad9081@0,jesd204:0,parent=spi1.0: JESD204[0] transition link_setup -> opt_setup_stage1
[    8.039603] jesd204: /axi/spi@ff040000/ad9081@0,jesd204:0,parent=spi1.0: JESD204[2] transition opt_setup_stage1 -> opt_setup_stage2
[    8.051426] jesd204: /axi/spi@ff040000/ad9081@0,jesd204:0,parent=spi1.0: JESD204[0] transition opt_setup_stage1 -> opt_setup_stage2
[    8.063397] jesd204: /axi/spi@ff040000/ad9081@0,jesd204:0,parent=spi1.0: JESD204[2] transition opt_setup_stage2 -> opt_setup_stage3
[    8.075217] jesd204: /axi/spi@ff040000/ad9081@0,jesd204:0,parent=spi1.0: JESD204[0] transition opt_setup_stage2 -> opt_setup_stage3
[    8.087041] jesd204: /axi/spi@ff040000/ad9081@0,jesd204:0,parent=spi1.0: JESD204[2] transition opt_setup_stage3 -> opt_setup_stage4
[    8.098859] jesd204: /axi/spi@ff040000/ad9081@0,jesd204:0,parent=spi1.0: JESD204[0] transition opt_setup_stage3 -> opt_setup_stage4
[    8.110689] jesd204: /axi/spi@ff040000/ad9081@0,jesd204:0,parent=spi1.0: JESD204[2] transition opt_setup_stage4 -> opt_setup_stage5
[    8.122513] jesd204: /axi/spi@ff040000/ad9081@0,jesd204:0,parent=spi1.0: JESD204[0] transition opt_setup_stage4 -> opt_setup_stage5
[    8.138448] jesd204: /axi/spi@ff040000/ad9081@0,jesd204:0,parent=spi1.0: JESD204[2] transition opt_setup_stage5 -> clocks_enable
[    8.150012] jesd204: /axi/spi@ff040000/ad9081@0,jesd204:0,parent=spi1.0: JESD204[0] transition opt_setup_stage5 -> clocks_enable
[    8.196912] axi_adxcvr 84a60000.axi-adxcvr-rx: adxcvr_clk_enable: CPLL RX buffer underflow error, status: 0x61
[    8.206898] axi_adxcvr 84a60000.axi-adxcvr-rx: adxcvr_clk_enable: CPLL RX buffer overflow error, status: 0x61
[    8.216888] jesd204: /axi/spi@ff040000/ad9081@0,jesd204:0,parent=spi1.0: JESD204[2] transition clocks_enable -> link_enable
[    8.228019] jesd204: /axi/spi@ff040000/ad9081@0,jesd204:0,parent=spi1.0: JESD204[0] transition clocks_enable -> link_enable
[    8.259981] ad9081 spi1.0: JESD RX (JTX) Link2 in DATA, SYNC deasserted, PLL locked, PHASE established, MODE valid
[    8.270590] ad9081 spi1.0: JESD TX (JRX) Link0 0xF lanes in DATA
[    8.276593] jesd204: /axi/spi@ff040000/ad9081@0,jesd204:0,parent=spi1.0: JESD204[2] transition link_enable -> link_running
[    8.287631] jesd204: /axi/spi@ff040000/ad9081@0,jesd204:0,parent=spi1.0: JESD204[0] transition link_enable -> link_running
[    8.298676] jesd204: /axi/spi@ff040000/ad9081@0,jesd204:0,parent=spi1.0: JESD204[2] transition link_running -> opt_post_running_stage
[    8.310668] jesd204: /axi/spi@ff040000/ad9081@0,jesd204:0,parent=spi1.0: JESD204[0] transition link_running -> opt_post_running_stage
[    8.331963] input: gpio-keys as /devices/platform/gpio-keys/input/input0
[    8.338989] of_cfs_init
[    8.341459] of_cfs_init: OK
[    8.344398] cfg80211: Loading compiled-in X.509 certificates for regulatory database
[    8.516091] cfg80211: Loaded X.509 cert 'sforshee: 00b28ddf47aef9cea7'
[    8.522617] clk: Not disabling unused clocks
[    8.527148] ALSA device list:
[    8.530110]   No soundcards found.
[    8.533786] platform regulatory.0: Direct firmware load for regulatory.db failed with error -2
[    8.542400] cfg80211: failed to load regulatory.db
[    8.551870] random: crng init done
[    8.557721] EXT4-fs (mmcblk0p2): mounted filesystem with ordered data mode. Opts: (null)
[    8.565836] VFS: Mounted root (ext4 filesystem) on device 179:2.
[    8.579474] devtmpfs: mounted
[    8.583300] Freeing unused kernel memory: 2560K
[    8.599783] Run /sbin/init as init process
[    8.603876]   with arguments:
[    8.603878]     /sbin/init
[    8.603880]   with environment:
[    8.603882]     HOME=/
[    8.603885]     TERM=linux
[    9.185916] systemd[1]: systemd 241 running in system mode. (+PAM +AUDIT +SELINUX +IMA +APPARMOR +SMACK +SYSVINIT +UTMP +LIBCRYPTSETUP +GCRYPT +GNUTLS +ACL +XZ +LZ4 +SECCOMP +BLKID +ELFUTILS +KMOD -IDN2 +IDN -PCRE2 default-hierarchy=hybrid)
[    9.207803] systemd[1]: Detected architecture arm64.
[    9.232465] systemd[1]: Set hostname to <analog>.
[    9.436509] systemd[1]: File /lib/systemd/system/systemd-journald.service:12 configures an IP firewall (IPAddressDeny=any), but the local system does not support BPF/cgroup based firewalling.
[    9.453557] systemd[1]: Proceeding WITHOUT firewalling in effect! (This warning is only shown for the first loaded unit using IP firewalling.)
[    9.619664] systemd[1]: /etc/systemd/system/tof-server.service:1: Assignment outside of section. Ignoring.
[    9.629357] systemd[1]: /etc/systemd/system/tof-server.service:2: Assignment outside of section. Ignoring.
[    9.823853] systemd[1]: Condition check resulted in Arbitrary Executable File Formats File System Automount Point being skipped.
[    9.835887] systemd[1]: Listening on fsck to fsckd communication Socket.
[    9.860284] systemd[1]: Listening on Journal Audit Socket.
[   10.518550] ------------[ cut here ]------------
[   10.518560] Enabling unprepared \xa0\xc9Q\x88\xff\xff\xffPQ\x88\xff\xff\xff
[   10.518609] WARNING: CPU: 1 PID: 131 at drivers/clk/clk.c:1012 clk_core_enable+0xa4/0xc0
[   10.518612] Modules linked in:
[   10.518622] CPU: 1 PID: 131 Comm: kworker/1:1H Not tainted 5.10.0-98103-g2aa7ac113716 #5577
[   10.518625] Hardware name: ZynqMP ZCU102 Rev1.0 (DT)
[   10.518634] Workqueue: kblockd blk_mq_run_work_fn
[   10.518642] pstate: 80000085 (Nzcv daIf -PAN -UAO -TCO BTYPE=--)
[   10.518647] pc : clk_core_enable+0xa4/0xc0
[   10.518653] lr : clk_core_enable+0xa4/0xc0
[   10.518656] sp : ffffffc012b532d0
[   10.518659] x29: ffffffc012b532d0 x28: ffffff8800330c10 
[   10.518666] x27: ffffff8800330d48 x26: 0000005000000101 
[   10.518672] x25: 000000026d02abec x24: 0000000000000001 
[   10.518679] x23: ffffff88010e9380 x22: ffffff8801083220 
[   10.518685] x21: ffffff8801515000 x20: ffffff8801515008 
[   10.518692] x19: ffffff8801515008 x18: 0000000000000030 
[   10.518698] x17: 0000000000000003 x16: 0000ad26e032f6b6 
[   10.518705] x15: ffffffffffff86e0 x14: ffffffc011d3b1a0 
[   10.518712] x13: ffffffc011d3b1c8 x12: 00000000000005e5 
[   10.518718] x11: 00000000000001f7 x10: ffffffc011d671c8 
[   10.518724] x9 : 00000000fffff800 x8 : ffffffc011d3b1c8 
[   10.518731] x7 : ffffffc011d671c8 x6 : 0000000000000001 
[   10.518737] x5 : ffffff887f77c9e0 x4 : 0000000000000000 
[   10.518744] x3 : 0000000000000027 x2 : 0000000000000023 
[   10.518750] x1 : 5ddd30becc5daa00 x0 : 0000000000000000 
[   10.518757] Call trace:
[   10.518763]  clk_core_enable+0xa4/0xc0
[   10.518768]  clk_enable+0x2c/0x60
[   10.518774]  zynqmp_runtime_resume+0x24/0x84
[   10.518781]  pm_generic_runtime_resume+0x30/0x50
[   10.518786]  __genpd_runtime_resume+0x30/0xb0
[   10.518793]  genpd_runtime_resume+0x90/0x250
[   10.518799]  __rpm_callback+0x10c/0x1e0
[   10.518804]  rpm_callback+0x5c/0x84
[   10.518809]  rpm_resume+0x4a4/0x74c
[   10.518814]  __pm_runtime_resume+0x78/0xc4
[   10.518818]  spi_mem_access_start.isra.0+0x30/0x80
[   10.518823]  spi_mem_exec_op+0x3b0/0x424
[   10.518828]  spi_nor_read_sr+0x78/0xe0
[   10.518833]  spi_nor_wait_till_ready_with_timeout+0xb4/0x2f0
[   10.518837]  spi_nor_read+0x188/0x380
[   10.518843]  mtd_read_oob_std+0x78/0x84
[   10.518847]  mtd_read_oob+0x7c/0x134
[   10.518852]  mtd_read+0x48/0x7c
[   10.518857]  mtdblock_readsect+0x6c/0x150
[   10.518862]  mtd_queue_rq+0x2cc/0x5a0
[   10.518868]  blk_mq_dispatch_rq_list+0x110/0x790
[   10.518874]  __blk_mq_do_dispatch_sched+0x200/0x274
[   10.518880]  __blk_mq_sched_dispatch_requests+0x1a8/0x1fc
[   10.518885]  blk_mq_sched_dispatch_requests+0x3c/0x7c
[   10.518890]  __blk_mq_run_hw_queue+0x98/0x100
[   10.518895]  blk_mq_run_work_fn+0x24/0x30
[   10.518900]  process_one_work+0x1d4/0x380
[   10.518904]  worker_thread+0x78/0x4e0
[   10.518909]  kthread+0x124/0x130
[   10.518915]  ret_from_fork+0x10/0x3c
[   10.518918] ---[ end trace 60586e38c2e93014 ]---
[   10.518926] zynqmp-qspi ff0f0000.spi: Cannot enable APB clock.
[   10.518975] spi_master spi0: Failed to power device: -108
[   10.518985] blk_update_request: I/O error, dev mtdblock0, sector 8 op 0x0:(READ) flags 0x80700 phys_seg 1 prio class 0
[   10.519064] spi_master spi0: Failed to power device: -22
[   10.519071] blk_update_request: I/O error, dev mtdblock0, sector 8 op 0x0:(READ) flags 0x0 phys_seg 8 prio class 0
[   10.519076] Buffer I/O error on dev mtdblock0, logical block 8, async page read
[   10.519085] spi_master spi0: Failed to power device: -22
[   10.519091] blk_update_request: I/O error, dev mtdblock0, sector 9 op 0x0:(READ) flags 0x0 phys_seg 7 prio class 0
[   10.519095] Buffer I/O error on dev mtdblock0, logical block 9, async page read
[   10.519102] spi_master spi0: Failed to power device: -22
[   10.519108] blk_update_request: I/O error, dev mtdblock0, sector 10 op 0x0:(READ) flags 0x0 phys_seg 6 prio class 0
[   10.519111] Buffer I/O error on dev mtdblock0, logical block 10, async page read
[   10.519118] spi_master spi0: Failed to power device: -22
[   10.519124] blk_update_request: I/O error, dev mtdblock0, sector 11 op 0x0:(READ) flags 0x0 phys_seg 5 prio class 0
[   10.519128] Buffer I/O error on dev mtdblock0, logical block 11, async page read
[   10.519135] spi_master spi0: Failed to power device: -22
[   10.519141] blk_update_request: I/O error, dev mtdblock0, sector 12 op 0x0:(READ) flags 0x0 phys_seg 4 prio class 0
[   10.519144] Buffer I/O error on dev mtdblock0, logical block 12, async page read
[   10.519151] spi_master spi0: Failed to power device: -22
[   10.519157] blk_update_request: I/O error, dev mtdblock0, sector 13 op 0x0:(READ) flags 0x0 phys_seg 3 prio class 0
[   10.519161] Buffer I/O error on dev mtdblock0, logical block 13, async page read
[   10.519167] spi_master spi0: Failed to power device: -22
[   10.519173] blk_update_request: I/O error, dev mtdblock0, sector 14 op 0x0:(READ) flags 0x0 phys_seg 2 prio class 0
[   10.519177] Buffer I/O error on dev mtdblock0, logical block 14, async page read
[   10.519183] spi_master spi0: Failed to power device: -22
[   10.519189] blk_update_request: I/O error, dev mtdblock0, sector 15 op 0x0:(READ) flags 0x0 phys_seg 1 prio class 0
[   10.519193] Buffer I/O error on dev mtdblock0, logical block 15, async page read
[   10.519521] spi_master spi0: Failed to power device: -22
[   10.519528] blk_update_request: I/O error, dev mtdblock1, sector 10112 op 0x0:(READ) flags 0x80700 phys_seg 1 prio class 0
[   10.519572] spi_master spi0: Failed to power device: -22
[   10.519578] Buffer I/O error on dev mtdblock1, logical block 10112, async page read
[   10.519586] spi_master spi0: Failed to power device: -22
[   10.519591] Buffer I/O error on dev mtdblock1, logical block 10113, async page read
[   10.519598] spi_master spi0: Failed to power device: -22
[   10.519606] spi_master spi0: Failed to power device: -22
[   10.519613] spi_master spi0: Failed to power device: -22
[   10.519620] spi_master spi0: Failed to power device: -22
[   10.519628] spi_master spi0: Failed to power device: -22
[   10.519635] spi_master spi0: Failed to power device: -22
[   10.519923] spi_master spi0: Failed to power device: -22
[   10.519968] spi_master spi0: Failed to power device: -22
[   10.519977] spi_master spi0: Failed to power device: -22
[   10.519984] spi_master spi0: Failed to power device: -22
[   10.519992] spi_master spi0: Failed to power device: -22
[   10.520000] spi_master spi0: Failed to power device: -22
[   10.520007] spi_master spi0: Failed to power device: -22
[   10.520021] spi_master spi0: Failed to power device: -22
[   10.520029] spi_master spi0: Failed to power device: -22
[   10.520295] spi_master spi0: Failed to power device: -22
[   10.520342] spi_master spi0: Failed to power device: -22
[   10.520351] spi_master spi0: Failed to power device: -22
[   10.520359] spi_master spi0: Failed to power device: -22
[   10.520366] spi_master spi0: Failed to power device: -22
[   10.520374] spi_master spi0: Failed to power device: -22
[   10.520381] spi_master spi0: Failed to power device: -22
[   10.520388] spi_master spi0: Failed to power device: -22
[   10.520395] spi_master spi0: Failed to power device: -22
[   10.647412] EXT4-fs (mmcblk0p2): re-mounted. Opts: (null)
[   10.747460] systemd-journald[147]: Received request to flush runtime journal from PID 1
[   17.072429] macb ff0e0000.ethernet eth0: PHY [ff0e0000.ethernet-ffffffff:0c] driver [TI DP83867] (irq=POLL)
[   17.072442] macb ff0e0000.ethernet eth0: configuring for phy/rgmii-id link mode
[   17.363763] Adding 99324k swap on /var/swap.  Priority:-2 extents:2 across:664572k SS
[   19.997797] broken atomic modeset userspace detected, disabling atomic
[   21.153367] macb ff0e0000.ethernet eth0: Link is Up - 1Gbps/Full - flow control off
[   21.153392] IPv6: ADDRCONF(NETDEV_CHANGE): eth0: link becomes ready
[   22.696518] broken atomic modeset userspace detected, disabling atomic
[   25.820656] broken atomic modeset userspace detected, disabling atomic
[   28.470560] broken atomic modeset userspace detected, disabling atomic