[    0.000000] Booting Linux on physical CPU 0x0000000000 [0x410fd034]
[    0.000000] Linux version 5.10.0-98103-g2aa7ac113716 (jenkins@romlxbuild1.adlk.analog.com) (aarch64-xilinx-linux-gcc.real (GCC) 10.2.0, GNU ld (GNU Binutils) 2.35.0.20200730) #5577 SMP Wed Mar 23 07:28:49 GMT 2022
[    0.000000] Machine model: ZynqMP ZCU102 Rev1.0
[    0.000000] earlycon: cdns0 at MMIO 0x00000000ff000000 (options '115200n8')
[    0.000000] printk: bootconsole [cdns0] enabled
[    0.000000] efi: UEFI not found.
[    0.000000] cma: Reserved 256 MiB at 0x0000000070000000
[    0.000000] Zone ranges:
[    0.000000]   DMA      [mem 0x0000000000000000-0x000000003fffffff]
[    0.000000]   DMA32    [mem 0x0000000040000000-0x00000000ffffffff]
[    0.000000]   Normal   [mem 0x0000000100000000-0x000000087fffffff]
[    0.000000] Movable zone start for each node
[    0.000000] Early memory node ranges
[    0.000000]   node   0: [mem 0x0000000000000000-0x000000007fffffff]
[    0.000000]   node   0: [mem 0x0000000800000000-0x000000087fffffff]
[    0.000000] Initmem setup node 0 [mem 0x0000000000000000-0x000000087fffffff]
[    0.000000] On node 0 totalpages: 1048576
[    0.000000]   DMA zone: 3584 pages used for memmap
[    0.000000]   DMA zone: 0 pages reserved
[    0.000000]   DMA zone: 262144 pages, LIFO batch:63
[    0.000000]   DMA32 zone: 3584 pages used for memmap
[    0.000000]   DMA32 zone: 262144 pages, LIFO batch:63
[    0.000000]   Normal zone: 7168 pages used for memmap
[    0.000000]   Normal zone: 524288 pages, LIFO batch:63
[    0.000000] psci: probing for conduit method from DT.
[    0.000000] psci: PSCIv1.1 detected in firmware.
[    0.000000] psci: Using standard PSCI v0.2 function IDs
[    0.000000] psci: MIGRATE_INFO_TYPE not supported.
[    0.000000] psci: SMC Calling Convention v1.2
[    0.000000] percpu: Embedded 22 pages/cpu s49496 r8192 d32424 u90112
[    0.000000] pcpu-alloc: s49496 r8192 d32424 u90112 alloc=22*4096
[    0.000000] pcpu-alloc: [0] 0 [0] 1 [0] 2 [0] 3 
[    0.000000] Detected VIPT I-cache on CPU0
[    0.000000] CPU features: detected: ARM erratum 845719
[    0.000000] Built 1 zonelists, mobility grouping on.  Total pages: 1034240
[    0.000000] Kernel command line: console=ttyPS0,115200 root=/dev/mmcblk0p2 rw earlycon rootfstype=ext4 rootwait clk_ignore_unused cpuidle.off=1 root=/dev/mmcblk0p2 rw rootwait
[    0.000000] Dentry cache hash table entries: 524288 (order: 10, 4194304 bytes, linear)
[    0.000000] Inode-cache hash table entries: 262144 (order: 9, 2097152 bytes, linear)
[    0.000000] mem auto-init: stack:off, heap alloc:off, heap free:off
[    0.000000] software IO TLB: mapped [mem 0x000000003bfff000-0x000000003ffff000] (64MB)
[    0.000000] Memory: 3761904K/4194304K available (15296K kernel code, 1636K rwdata, 11876K rodata, 2560K init, 507K bss, 170256K reserved, 262144K cma-reserved)
[    0.000000] rcu: Hierarchical RCU implementation.
[    0.000000] rcu: 	RCU event tracing is enabled.
[    0.000000] rcu: 	RCU restricting CPUs from NR_CPUS=8 to nr_cpu_ids=4.
[    0.000000] rcu: RCU calculated value of scheduler-enlistment delay is 25 jiffies.
[    0.000000] rcu: Adjusting geometry for rcu_fanout_leaf=16, nr_cpu_ids=4
[    0.000000] NR_IRQS: 64, nr_irqs: 64, preallocated irqs: 0
[    0.000000] GIC: Adjusting CPU interface base to 0x00000000f902f000
[    0.000000] GIC: Using split EOI/Deactivate mode
[    0.000000] random: get_random_bytes called from start_kernel+0x31c/0x54c with crng_init=0
[    0.000000] arch_timer: cp15 timer(s) running at 100.00MHz (phys).
[    0.000000] clocksource: arch_sys_counter: mask: 0xffffffffffffff max_cycles: 0x171024e7e0, max_idle_ns: 440795205315 ns
[    0.000003] sched_clock: 56 bits at 100MHz, resolution 10ns, wraps every 4398046511100ns
[    0.008463] Console: colour dummy device 80x25
[    0.012482] Calibrating delay loop (skipped), value calculated using timer frequency.. 200.00 BogoMIPS (lpj=400000)
[    0.022840] pid_max: default: 32768 minimum: 301
[    0.027549] Mount-cache hash table entries: 8192 (order: 4, 65536 bytes, linear)
[    0.034788] Mountpoint-cache hash table entries: 8192 (order: 4, 65536 bytes, linear)
[    0.043398] rcu: Hierarchical SRCU implementation.
[    0.047560] EFI services will not be available.
[    0.051938] smp: Bringing up secondary CPUs ...
[    0.056657] Detected VIPT I-cache on CPU1
[    0.056696] CPU1: Booted secondary processor 0x0000000001 [0x410fd034]
[    0.057061] Detected VIPT I-cache on CPU2
[    0.057085] CPU2: Booted secondary processor 0x0000000002 [0x410fd034]
[    0.057424] Detected VIPT I-cache on CPU3
[    0.057447] CPU3: Booted secondary processor 0x0000000003 [0x410fd034]
[    0.057493] smp: Brought up 1 node, 4 CPUs
[    0.091779] SMP: Total of 4 processors activated.
[    0.096452] CPU features: detected: 32-bit EL0 Support
[    0.101556] CPU features: detected: CRC32 instructions
[    0.106695] CPU: All CPU(s) started at EL2
[    0.110736] alternatives: patching kernel code
[    0.116167] devtmpfs: initialized
[    0.124058] Registered cp15_barrier emulation handler
[    0.124108] Registered setend emulation handler
[    0.128084] clocksource: jiffies: mask: 0xffffffff max_cycles: 0xffffffff, max_idle_ns: 7645041785100000 ns
[    0.137661] futex hash table entries: 1024 (order: 4, 65536 bytes, linear)
[    0.151024] pinctrl core: initialized pinctrl subsystem
[    0.151671] NET: Registered protocol family 16
[    0.156094] DMA: preallocated 512 KiB GFP_KERNEL pool for atomic allocations
[    0.162107] DMA: preallocated 512 KiB GFP_KERNEL|GFP_DMA pool for atomic allocations
[    0.169833] DMA: preallocated 512 KiB GFP_KERNEL|GFP_DMA32 pool for atomic allocations
[    0.177636] audit: initializing netlink subsys (disabled)
[    0.183088] audit: type=2000 audit(0.116:1): state=initialized audit_enabled=0 res=1
[    0.183433] hw-breakpoint: found 6 breakpoint and 4 watchpoint registers.
[    0.197463] ASID allocator initialised with 65536 entries
[    0.224355] HugeTLB registered 1.00 GiB page size, pre-allocated 0 pages
[    0.225411] HugeTLB registered 32.0 MiB page size, pre-allocated 0 pages
[    0.232082] HugeTLB registered 2.00 MiB page size, pre-allocated 0 pages
[    0.238745] HugeTLB registered 64.0 KiB page size, pre-allocated 0 pages
[    1.304257] DRBG: Continuing without Jitter RNG
[    1.382143] raid6: neonx8   gen()  2145 MB/s
[    1.450196] raid6: neonx8   xor()  1599 MB/s
[    1.518250] raid6: neonx4   gen()  2196 MB/s
[    1.586302] raid6: neonx4   xor()  1565 MB/s
[    1.654364] raid6: neonx2   gen()  2076 MB/s
[    1.722421] raid6: neonx2   xor()  1441 MB/s
[    1.790483] raid6: neonx1   gen()  1771 MB/s
[    1.858530] raid6: neonx1   xor()  1220 MB/s
[    1.926590] raid6: int64x8  gen()  1438 MB/s
[    1.994644] raid6: int64x8  xor()   771 MB/s
[    2.062716] raid6: int64x4  gen()  1598 MB/s
[    2.130771] raid6: int64x4  xor()   820 MB/s
[    2.198841] raid6: int64x2  gen()  1397 MB/s
[    2.266880] raid6: int64x2  xor()   750 MB/s
[    2.334960] raid6: int64x1  gen()  1033 MB/s
[    2.403018] raid6: int64x1  xor()   517 MB/s
[    2.403056] raid6: using algorithm neonx4 gen() 2196 MB/s
[    2.407012] raid6: .... xor() 1565 MB/s, rmw enabled
[    2.411943] raid6: using neon recovery algorithm
[    2.416954] iommu: Default domain type: Translated 
[    2.421569] SCSI subsystem initialized
[    2.425112] libata version 3.00 loaded.
[    2.425237] usbcore: registered new interface driver usbfs
[    2.430569] usbcore: registered new interface driver hub
[    2.435842] usbcore: registered new device driver usb
[    2.440975] mc: Linux media interface: v0.10
[    2.445092] videodev: Linux video capture interface: v2.00
[    2.450582] EDAC MC: Ver: 3.0.0
[    2.454021] zynqmp-ipi-mbox mailbox@ff990400: Registered ZynqMP IPI mbox with TX/RX channels.
[    2.462529] jesd204: created con: id=0, topo=0, link=0, /axi/spi@ff050000/hmc7044@0 <-> /fpga-axi@0/axi-adxcvr-tx@84b60000
[    2.473112] jesd204: created con: id=1, topo=0, link=2, /axi/spi@ff050000/hmc7044@0 <-> /fpga-axi@0/axi-adxcvr-rx@84a60000
[    2.484096] jesd204: created con: id=2, topo=0, link=0, /fpga-axi@0/axi-adxcvr-tx@84b60000 <-> /fpga-axi@0/axi-jesd204-tx@84b90000
[    2.495771] jesd204: created con: id=3, topo=0, link=2, /fpga-axi@0/axi-adxcvr-rx@84a60000 <-> /fpga-axi@0/axi-jesd204-rx@84a90000
[    2.507448] jesd204: created con: id=4, topo=0, link=0, /fpga-axi@0/axi-jesd204-tx@84b90000 <-> /fpga-axi@0/axi-ad9081-tx-hpc@84b10000
[    2.519476] jesd204: created con: id=5, topo=0, link=2, /fpga-axi@0/axi-jesd204-rx@84a90000 <-> /fpga-axi@0/axi-ad9081-rx-hpc@84a10000
[    2.531499] jesd204: created con: id=6, topo=0, link=2, /fpga-axi@0/axi-ad9081-rx-hpc@84a10000 <-> /axi/spi@ff040000/ad9081@0
[    2.542740] jesd204: created con: id=7, topo=0, link=0, /fpga-axi@0/axi-ad9081-tx-hpc@84b10000 <-> /axi/spi@ff040000/ad9081@0
[    2.553990] jesd204: /axi/spi@ff040000/ad9081@0: JESD204[2] transition uninitialized -> initialized
[    2.562977] jesd204: /axi/spi@ff040000/ad9081@0: JESD204[0] transition uninitialized -> initialized
[    2.571968] jesd204: found 8 devices and 1 topologies
[    2.577012] FPGA manager framework
[    2.580490] Advanced Linux Sound Architecture Driver Initialized.
[    2.586784] Bluetooth: Core ver 2.22
[    2.589971] NET: Registered protocol family 31
[    2.594373] Bluetooth: HCI device and connection manager initialized
[    2.600689] Bluetooth: HCI socket layer initialized
[    2.605531] Bluetooth: L2CAP socket layer initialized
[    2.610555] Bluetooth: SCO socket layer initialized
[    2.615735] clocksource: Switched to clocksource arch_sys_counter
[    2.621548] VFS: Disk quotas dquot_6.6.0
[    2.625382] VFS: Dquot-cache hash table entries: 512 (order 0, 4096 bytes)
[    2.636100] NET: Registered protocol family 2
[    2.636825] tcp_listen_portaddr_hash hash table entries: 2048 (order: 3, 32768 bytes, linear)
[    2.645022] TCP established hash table entries: 32768 (order: 6, 262144 bytes, linear)
[    2.653048] TCP bind hash table entries: 32768 (order: 7, 524288 bytes, linear)
[    2.660492] TCP: Hash tables configured (established 32768 bind 32768)
[    2.666668] UDP hash table entries: 2048 (order: 4, 65536 bytes, linear)
[    2.673333] UDP-Lite hash table entries: 2048 (order: 4, 65536 bytes, linear)
[    2.680494] NET: Registered protocol family 1
[    2.684950] RPC: Registered named UNIX socket transport module.
[    2.690570] RPC: Registered udp transport module.
[    2.695234] RPC: Registered tcp transport module.
[    2.699904] RPC: Registered tcp NFSv4.1 backchannel transport module.
[    2.706896] PCI: CLS 0 bytes, default 64
[    2.710602] hw perfevents: no interrupt-affinity property for /pmu, guessing.
[    2.717456] hw perfevents: enabled with armv8_pmuv3 PMU driver, 7 counters available
[    2.725813] Initialise system trusted keyrings
[    2.729487] workingset: timestamp_bits=62 max_order=20 bucket_order=0
[    2.736385] NFS: Registering the id_resolver key type
[    2.740833] Key type id_resolver registered
[    2.744972] Key type id_legacy registered
[    2.748961] nfs4filelayout_init: NFSv4 File Layout Driver Registering...
[    2.755627] jffs2: version 2.2. (NAND) (SUMMARY)  Â© 2001-2006 Red Hat, Inc.
[    2.798132] NET: Registered protocol family 38
[    2.798174] xor: measuring software checksum speed
[    2.805865]    8regs           :  2363 MB/sec
[    2.809533]    32regs          :  2799 MB/sec
[    2.814475]    arm64_neon      :  2380 MB/sec
[    2.814666] xor: using function: 32regs (2799 MB/sec)
[    2.819692] Key type asymmetric registered
[    2.823753] Asymmetric key parser 'x509' registered
[    2.828614] Block layer SCSI generic (bsg) driver version 0.4 loaded (major 248)
[    2.835950] io scheduler mq-deadline registered
[    2.840447] io scheduler kyber registered
[    2.869858] Serial: 8250/16550 driver, 4 ports, IRQ sharing disabled
[    2.874502] cacheinfo: Unable to detect cache hierarchy for CPU 0
[    2.880833] brd: module loaded
[    2.884986] loop: module loaded
[    2.885529] Registered mathworks_ip class
[    2.888870] libphy: Fixed MDIO Bus: probed
[    2.891853] tun: Universal TUN/TAP device driver, 1.6
[    2.895912] CAN device driver interface
[    2.900449] usbcore: registered new interface driver asix
[    2.905041] usbcore: registered new interface driver ax88179_178a
[    2.911077] usbcore: registered new interface driver cdc_ether
[    2.916871] usbcore: registered new interface driver net1080
[    2.922496] usbcore: registered new interface driver cdc_subset
[    2.928377] usbcore: registered new interface driver zaurus
[    2.933920] usbcore: registered new interface driver cdc_ncm
[    2.940332] ehci_hcd: USB 2.0 'Enhanced' Host Controller (EHCI) Driver
[    2.946006] ehci-pci: EHCI PCI platform driver
[    2.950803] usbcore: registered new interface driver uas
[    2.955724] usbcore: registered new interface driver usb-storage
[    2.961708] usbcore: registered new interface driver usbserial_generic
[    2.968160] usbserial: USB Serial support registered for generic
[    2.974134] usbcore: registered new interface driver ftdi_sio
[    2.979837] usbserial: USB Serial support registered for FTDI USB Serial Device
[    2.987113] usbcore: registered new interface driver upd78f0730
[    2.992984] usbserial: USB Serial support registered for upd78f0730
[    3.000648] rtc_zynqmp ffa60000.rtc: registered as rtc0
[    3.004410] rtc_zynqmp ffa60000.rtc: setting system clock to 2022-03-26T01:11:17 UTC (1648257077)
[    3.013272] i2c /dev entries driver
[    3.018578] usbcore: registered new interface driver uvcvideo
[    3.022385] USB Video Class driver (1.1.1)
[    3.027968] Bluetooth: HCI UART driver ver 2.3
[    3.030857] Bluetooth: HCI UART protocol H4 registered
[    3.035966] Bluetooth: HCI UART protocol BCSP registered
[    3.041255] Bluetooth: HCI UART protocol LL registered
[    3.046344] Bluetooth: HCI UART protocol ATH3K registered
[    3.051719] Bluetooth: HCI UART protocol Three-wire (H5) registered
[    3.057973] Bluetooth: HCI UART protocol Intel registered
[    3.063309] Bluetooth: HCI UART protocol QCA registered
[    3.068512] usbcore: registered new interface driver bcm203x
[    3.074133] usbcore: registered new interface driver bpa10x
[    3.079667] usbcore: registered new interface driver bfusb
[    3.085119] usbcore: registered new interface driver btusb
[    3.090582] usbcore: registered new interface driver ath3k
[    3.096065] EDAC MC: ECC not enabled
[    3.099685] EDAC DEVICE0: Giving out device to module zynqmp-ocm-edac controller zynqmp_ocm: DEV ff960000.memory-controller (INTERRUPT)
[    3.112011] sdhci: Secure Digital Host Controller Interface driver
[    3.117793] sdhci: Copyright(c) Pierre Ossman
[    3.122118] sdhci-pltfm: SDHCI platform and OF driver helper
[    3.128171] ledtrig-cpu: registered to indicate activity on CPUs
[    3.133721] SMCCC: SOC_ID: ARCH_SOC_ID not implemented, skipping ....
[    3.140152] zynqmp_firmware_probe Platform Management API v1.1
[    3.145908] zynqmp_firmware_probe Trustzone version v1.0
[    3.185442] zynqmp-pinctrl firmware:zynqmp-firmware:pinctrl: zynqmp pinctrl initialized
[    3.233431] zynqmp-aes firmware:zynqmp-firmware:zynqmp-aes: will run requests pump with realtime priority
[    3.249267] alg: No test for xilinx-keccak-384 (zynqmp-keccak-384)
[    3.249973] alg: No test for xilinx-zynqmp-rsa (zynqmp-rsa)
[    3.255482] usbcore: registered new interface driver usbhid
[    3.260875] usbhid: USB HID core driver
[    3.272111] axi_sysid 85000000.axi-sysid-0: AXI System ID core version (1.01.a) found
[    3.274456] axi_sysid 85000000.axi-sysid-0: [ad9081_fmca_ebz] on [zcu102] git branch <master> git <084d44c9780640ca93fd847b1d9ec70dd65f5c67> clean [2022-03-18 04:17:50] UTC
[    3.290145] fpga_manager fpga0: Xilinx ZynqMP FPGA Manager registered
[    3.296507] usbcore: registered new interface driver snd-usb-audio
[    3.303944] pktgen: Packet Generator for packet performance testing. Version: 2.75
[    3.310121] Initializing XFRM netlink socket
[    3.313990] NET: Registered protocol family 10
[    3.318699] Segment Routing with IPv6
[    3.322085] sit: IPv6, IPv4 and MPLS over IPv4 tunneling driver
[    3.328156] NET: Registered protocol family 17
[    3.332257] NET: Registered protocol family 15
[    3.336752] can: controller area network core
[    3.341009] NET: Registered protocol family 29
[    3.345397] can: raw protocol
[    3.348333] can: broadcast manager protocol
[    3.352489] can: netlink gateway - max_hops=1
[    3.356883] Bluetooth: RFCOMM TTY layer initialized
[    3.361662] Bluetooth: RFCOMM socket layer initialized
[    3.366773] Bluetooth: RFCOMM ver 1.11
[    3.370481] Bluetooth: BNEP (Ethernet Emulation) ver 1.3
[    3.375752] Bluetooth: BNEP filters: protocol multicast
[    3.380946] Bluetooth: BNEP socket layer initialized
[    3.385873] Bluetooth: HIDP (Human Interface Emulation) ver 1.2
[    3.391757] Bluetooth: HIDP socket layer initialized
[    3.396810] 9pnet: Installing 9P2000 support
[    3.400934] NET: Registered protocol family 36
[    3.405351] Key type dns_resolver registered
[    3.409784] registered taskstats version 1
[    3.413647] Loading compiled-in X.509 certificates
[    3.418761] Btrfs loaded, crc32c=crc32c-generic
[    3.431149] ff000000.serial: ttyPS0 at MMIO 0xff000000 (irq = 49, base_baud = 6249999) is a xuartps
[    3.440173] printk: console [ttyPS0] enabled
[    3.444468] printk: bootconsole [cdns0] disabled
[    3.454096] ff010000.serial: ttyPS1 at MMIO 0xff010000 (irq = 50, base_baud = 6249999) is a xuartps
[    3.467338] of-fpga-region fpga-full: FPGA Region probed
[    3.474300] nwl-pcie fd0e0000.pcie: host bridge /axi/pcie@fd0e0000 ranges:
[    3.481198] nwl-pcie fd0e0000.pcie:      MEM 0x00e0000000..0x00efffffff -> 0x00e0000000
[    3.489207] nwl-pcie fd0e0000.pcie:      MEM 0x0600000000..0x07ffffffff -> 0x0600000000
[    3.497270] nwl-pcie fd0e0000.pcie: Link is DOWN
[    3.502028] nwl-pcie fd0e0000.pcie: PCI host bridge to bus 0000:00
[    3.508205] pci_bus 0000:00: root bus resource [bus 00-ff]
[    3.513686] pci_bus 0000:00: root bus resource [mem 0xe0000000-0xefffffff]
[    3.520556] pci_bus 0000:00: root bus resource [mem 0x600000000-0x7ffffffff pref]
[    3.528061] pci 0000:00:00.0: [10ee:d021] type 01 class 0x060400
[    3.534116] pci 0000:00:00.0: PME# supported from D0 D1 D2 D3hot
[    3.544557] pci 0000:00:00.0: PCI bridge to [bus 01-0c]
[    3.550533] xilinx-zynqmp-dma fd500000.dma: ZynqMP DMA driver Probe success
[    3.557705] xilinx-zynqmp-dma fd510000.dma: ZynqMP DMA driver Probe success
[    3.564881] xilinx-zynqmp-dma fd520000.dma: ZynqMP DMA driver Probe success
[    3.572049] xilinx-zynqmp-dma fd530000.dma: ZynqMP DMA driver Probe success
[    3.579216] xilinx-zynqmp-dma fd540000.dma: ZynqMP DMA driver Probe success
[    3.586385] xilinx-zynqmp-dma fd550000.dma: ZynqMP DMA driver Probe success
[    3.593555] xilinx-zynqmp-dma fd560000.dma: ZynqMP DMA driver Probe success
[    3.600726] xilinx-zynqmp-dma fd570000.dma: ZynqMP DMA driver Probe success
[    3.608133] xilinx-zynqmp-dpdma fd4c0000.dma-controller: Xilinx DPDMA engine is probed
[    3.616669] ahci-ceva fd0c0000.ahci: supply ahci not found, using dummy regulator
[    3.624214] ahci-ceva fd0c0000.ahci: supply phy not found, using dummy regulator
[    3.711916] hmc7044 spi2.0: PLL1: Acquisition, CLKIN0 @ 122880000 Hz, PFD: 80 kHz - PLL2: Locked @ 2856.000000 MHz
[    3.722630] jesd204: /axi/spi@ff050000/hmc7044@0,jesd204:1,parent=spi2.0: Using as SYSREF provider
[    3.732213] spi-nor spi0.0: SPI-NOR-UniqueID 100000235394732200270025081115266e
[    3.739519] spi-nor spi0.0: found n25q512a, expected m25p80
[    3.745715] spi-nor spi0.0: trying to lock already unlocked area
[    3.751720] spi-nor spi0.0: n25q512a (131072 Kbytes)
[    3.756698] 4 fixed-partitions partitions found on MTD device spi0.0
[    3.763043] Creating 4 MTD partitions on "spi0.0":
[    3.767829] 0x000000000000-0x000000100000 : "qspi-fsbl-uboot"
[    3.774319] 0x000000100000-0x000000600000 : "qspi-linux"
[    3.780272] 0x000000600000-0x000000620000 : "qspi-device-tree"
[    3.786746] 0x000000620000-0x000000c00000 : "qspi-rootfs"
[    3.795213] macb ff0e0000.ethernet: Not enabling partial store and forward
[    3.802737] libphy: MACB_mii_bus: probed
[    3.807808] macb ff0e0000.ethernet eth0: Cadence GEM rev 0x50070106 at 0xff0e0000 irq 30 (00:0a:35:04:8e:1b)
[    3.818018] xilinx-axipmon ffa00000.perf-monitor: Probed Xilinx APM
[    3.824597] xilinx-axipmon fd0b0000.perf-monitor: Probed Xilinx APM
[    3.831116] xilinx-axipmon fd490000.perf-monitor: Probed Xilinx APM
[    3.837657] xilinx-axipmon ffa10000.perf-monitor: Probed Xilinx APM
[    3.847657] pca953x 0-0020: supply vcc not found, using dummy regulator
[    3.854336] pca953x 0-0020: using no AI
[    3.858825] gpio-496 (sel0): hogged as output/low
[    3.863735] gpio-497 (sel1): hogged as output/high
[    3.868715] gpio-498 (sel2): hogged as output/high
[    3.873702] gpio-499 (sel3): hogged as output/high
[    3.878882] pca953x 0-0021: supply vcc not found, using dummy regulator
[    3.885554] pca953x 0-0021: using no AI
[    3.891317] ina2xx 2-0040: power monitor ina226 (Rshunt = 5000 uOhm)
[    3.898342] ina2xx 2-0041: power monitor ina226 (Rshunt = 5000 uOhm)
[    3.905385] ina2xx 2-0042: power monitor ina226 (Rshunt = 5000 uOhm)
[    3.912415] ina2xx 2-0043: power monitor ina226 (Rshunt = 5000 uOhm)
[    3.919442] ina2xx 2-0044: power monitor ina226 (Rshunt = 5000 uOhm)
[    3.926460] ina2xx 2-0045: power monitor ina226 (Rshunt = 5000 uOhm)
[    3.933490] ina2xx 2-0046: power monitor ina226 (Rshunt = 5000 uOhm)
[    3.940569] ina2xx 2-0047: power monitor ina226 (Rshunt = 5000 uOhm)
[    3.947594] ina2xx 2-004a: power monitor ina226 (Rshunt = 5000 uOhm)
[    3.954633] ina2xx 2-004b: power monitor ina226 (Rshunt = 5000 uOhm)
[    3.961046] i2c i2c-0: Added multiplexed i2c bus 2
[    3.966427] random: fast init done
[    3.969894] ina2xx 3-0040: power monitor ina226 (Rshunt = 2000 uOhm)
[    3.976922] ina2xx 3-0041: power monitor ina226 (Rshunt = 5000 uOhm)
[    3.983953] ina2xx 3-0042: power monitor ina226 (Rshunt = 5000 uOhm)
[    3.990985] ina2xx 3-0043: power monitor ina226 (Rshunt = 5000 uOhm)
[    3.998014] ina2xx 3-0044: power monitor ina226 (Rshunt = 5000 uOhm)
[    4.005048] ina2xx 3-0045: power monitor ina226 (Rshunt = 5000 uOhm)
[    4.012080] ina2xx 3-0046: power monitor ina226 (Rshunt = 5000 uOhm)
[    4.019113] ina2xx 3-0047: power monitor ina226 (Rshunt = 5000 uOhm)
[    4.025512] i2c i2c-0: Added multiplexed i2c bus 3
[    4.081631] i2c i2c-0: Added multiplexed i2c bus 4
[    4.086576] i2c i2c-0: Added multiplexed i2c bus 5
[    4.091362] pca954x 0-0075: registered 4 multiplexed busses for I2C mux pca9544
[    4.098712] cdns-i2c ff020000.i2c: 400 kHz mmio ff020000 irq 32
[    4.106446] at24 6-0054: supply vcc not found, using dummy regulator
[    4.113348] at24 6-0054: 1024 byte 24c08 EEPROM, writable, 1 bytes/write
[    4.120100] i2c i2c-1: Added multiplexed i2c bus 6
[    4.126533] si5341 7-0036: Chip: 5341 Grade: 1 Rev: 1
[    4.164197] i2c i2c-1: Added multiplexed i2c bus 7
[    4.171853] si570 8-005d: registered, current frequency 300000000 Hz
[    4.178255] i2c i2c-1: Added multiplexed i2c bus 8
[    4.198026] si570 9-005d: registered, current frequency 148500000 Hz
[    4.204425] i2c i2c-1: Added multiplexed i2c bus 9
[    4.209465] si5324 10-0069: si5328 probed
[    4.276098] si5324 10-0069: si5328 probe successful
[    4.281029] i2c i2c-1: Added multiplexed i2c bus 10
[    4.286056] i2c i2c-1: Added multiplexed i2c bus 11
[    4.291086] i2c i2c-1: Added multiplexed i2c bus 12
[    4.296112] i2c i2c-1: Added multiplexed i2c bus 13
[    4.300992] pca954x 1-0074: registered 8 multiplexed busses for I2C switch pca9548
[    4.309103] at24 14-0050: supply vcc not found, using dummy regulator
[    4.315887] at24 14-0050: 256 byte 24c02 EEPROM, writable, 1 bytes/write
[    4.322637] i2c i2c-1: Added multiplexed i2c bus 14
[    4.327675] i2c i2c-1: Added multiplexed i2c bus 15
[    4.332709] i2c i2c-1: Added multiplexed i2c bus 16
[    4.337746] i2c i2c-1: Added multiplexed i2c bus 17
[    4.342780] i2c i2c-1: Added multiplexed i2c bus 18
[    4.347827] i2c i2c-1: Added multiplexed i2c bus 19
[    4.352855] i2c i2c-1: Added multiplexed i2c bus 20
[    4.357891] i2c i2c-1: Added multiplexed i2c bus 21
[    4.362767] pca954x 1-0075: registered 8 multiplexed busses for I2C switch pca9548
[    4.370377] cdns-i2c ff030000.i2c: 400 kHz mmio ff030000 irq 33
[    4.380118] cdns-wdt fd4d0000.watchdog: Xilinx Watchdog Timer with timeout 60s
[    4.391056] axi_adxcvr 84a60000.axi-adxcvr-rx: AXI-ADXCVR-RX (17.05.a) using CPLL on GTH4 at 0x84A60000. Number of lanes: 4.
[    4.403205] axi_adxcvr 84b60000.axi-adxcvr-tx: AXI-ADXCVR-TX (17.05.a) using QPLL on GTH4 at 0x84B60000. Number of lanes: 4.
[    4.414825] axi-jesd204-rx 84a90000.axi-jesd204-rx: AXI-JESD204-RX (1.07.a) at 0x84A90000. Encoder 8b10b, width 4/4, lanes 4, jesd204-fsm.
[    4.422141] mmc0: SDHCI controller on ff170000.mmc [ff170000.mmc] using ADMA 64-bit
[    4.427670] axi-jesd204-tx 84b90000.axi-jesd204-tx: AXI-JESD204-TX (1.06.a) at 0x84B90000. Encoder 8b10b, width 4/4, lanes 4, jesd204-fsm.
[    4.448393] zynqmp-display fd4a0000.display: vtc bridge property not present
[    4.458042] xilinx-dp-snd-codec fd4a0000.display:zynqmp_dp_snd_codec0: Failed to get required clock freq
[    4.467546] xilinx-dp-snd-codec: probe of fd4a0000.display:zynqmp_dp_snd_codec0 failed with error -22
[    4.469521] mmc0: new high speed SDHC card at address 0001
[    4.477082] xilinx-dp-snd-pcm zynqmp_dp_snd_pcm0: Xilinx DisplayPort Sound PCM probed
[    4.482599] mmcblk0: mmc0:0001 EB1QT 29.8 GiB 
[    4.490401] xilinx-dp-snd-pcm zynqmp_dp_snd_pcm1: Xilinx DisplayPort Sound PCM probed
[    4.495747]  mmcblk0: p1 p2 p3
[    4.502702] OF: graph: no port node found in /axi/display@fd4a0000
[    4.511783] xlnx-drm xlnx-drm.0: bound fd4a0000.display (ops 0xffffffc010fcbdb8)
[    5.595757] zynqmp-display fd4a0000.display: [drm] Cannot find any crtc or sizes
[    5.603370] [drm] Initialized xlnx 1.0.0 20130509 for fd4a0000.display on minor 0
[    5.610859] zynqmp-display fd4a0000.display: ZynqMP DisplayPort Subsystem driver probed
[    5.619183] ahci-ceva fd0c0000.ahci: supply ahci not found, using dummy regulator
[    5.626730] ahci-ceva fd0c0000.ahci: supply phy not found, using dummy regulator
[    5.634189] ahci-ceva fd0c0000.ahci: supply target not found, using dummy regulator
[    5.652085] ahci-ceva fd0c0000.ahci: AHCI 0001.0301 32 slots 2 ports 6 Gbps 0x3 impl platform mode
[    5.661047] ahci-ceva fd0c0000.ahci: flags: 64bit ncq sntf pm clo only pmp fbs pio slum part ccc sds apst 
[    5.671671] scsi host0: ahci-ceva
[    5.675270] scsi host1: ahci-ceva
[    5.678699] ata1: SATA max UDMA/133 mmio [mem 0xfd0c0000-0xfd0c1fff] port 0x100 irq 45
[    5.686612] ata2: SATA max UDMA/133 mmio [mem 0xfd0c0000-0xfd0c1fff] port 0x180 irq 45
[    5.695213] ad9081 spi1.0: supply vdd not found, using dummy regulator
[    6.005956] ata2: SATA link down (SStatus 0 SControl 330)
[    6.011369] ata1: SATA link down (SStatus 0 SControl 330)
[    6.679759] zynqmp-display fd4a0000.display: [drm] Cannot find any crtc or sizes
[    6.901406] ad9081 spi1.0: Invalid param passed., "ref_clk_hz < 100000000ULL" in adi_ad9081_device_clk_config_set(...), line554 in drivers/iio/adc/ad9081/adi_ad9081_device.c
[    7.579590] ad9081 spi1.0: AD9081 Rev. 2 Grade 10 (API 1.2.2) probed
[    7.586793] xhci-hcd xhci-hcd.1.auto: xHCI Host Controller
[    7.592284] xhci-hcd xhci-hcd.1.auto: new USB bus registered, assigned bus number 1
[    7.600031] xhci-hcd xhci-hcd.1.auto: hcc params 0x0238f625 hci version 0x100 quirks 0x0000000002010810
[    7.609443] xhci-hcd xhci-hcd.1.auto: irq 59, io mem 0xfe200000
[    7.615553] usb usb1: New USB device found, idVendor=1d6b, idProduct=0002, bcdDevice= 5.10
[    7.623817] usb usb1: New USB device strings: Mfr=3, Product=2, SerialNumber=1
[    7.631037] usb usb1: Product: xHCI Host Controller
[    7.635904] usb usb1: Manufacturer: Linux 5.10.0-98103-g2aa7ac113716 xhci-hcd
[    7.643030] usb usb1: SerialNumber: xhci-hcd.1.auto
[    7.648196] hub 1-0:1.0: USB hub found
[    7.651958] hub 1-0:1.0: 1 port detected
[    7.656062] xhci-hcd xhci-hcd.1.auto: xHCI Host Controller
[    7.661550] xhci-hcd xhci-hcd.1.auto: new USB bus registered, assigned bus number 2
[    7.669206] xhci-hcd xhci-hcd.1.auto: Host supports USB 3.0 SuperSpeed
[    7.675833] usb usb2: New USB device found, idVendor=1d6b, idProduct=0003, bcdDevice= 5.10
[    7.684090] usb usb2: New USB device strings: Mfr=3, Product=2, SerialNumber=1
[    7.691308] usb usb2: Product: xHCI Host Controller
[    7.696182] usb usb2: Manufacturer: Linux 5.10.0-98103-g2aa7ac113716 xhci-hcd
[    7.703313] usb usb2: SerialNumber: xhci-hcd.1.auto
[    7.708422] hub 2-0:1.0: USB hub found
[    7.712183] hub 2-0:1.0: 1 port detected
[    7.742296] cf_axi_adc 84a10000.axi-ad9081-rx-hpc: ADI AIM (10.01.b) at 0x84A10000 mapped to 0x(____ptrval____), probed ADC AD9081 as MASTER
[    7.772585] cf_axi_dds 84b10000.axi-ad9081-tx-hpc: Analog Devices CF_AXI_DDS_DDS MASTER (9.01.b) at 0x84B10000 mapped to 0x(____ptrval____), probed DDS AD9081
[    7.786785] jesd204: /axi/spi@ff040000/ad9081@0,jesd204:0,parent=spi1.0: JESD204[2] transition initialized -> probed
[    7.797308] jesd204: /axi/spi@ff040000/ad9081@0,jesd204:0,parent=spi1.0: JESD204[0] transition initialized -> probed
[    7.807831] jesd204: /axi/spi@ff040000/ad9081@0,jesd204:0,parent=spi1.0: JESD204[2] transition probed -> idle
[    7.817738] jesd204: /axi/spi@ff040000/ad9081@0,jesd204:0,parent=spi1.0: JESD204[0] transition probed -> idle
[    7.827656] jesd204: /axi/spi@ff040000/ad9081@0,jesd204:0,parent=spi1.0: JESD204[2] transition idle -> device_init
[    7.837997] jesd204: /axi/spi@ff040000/ad9081@0,jesd204:0,parent=spi1.0: JESD204[0] transition idle -> device_init
[    7.848348] jesd204: /axi/spi@ff040000/ad9081@0,jesd204:0,parent=spi1.0: JESD204[2] transition device_init -> link_init
[    7.859126] jesd204: /axi/spi@ff040000/ad9081@0,jesd204:0,parent=spi1.0: JESD204[0] transition device_init -> link_init
[    7.869917] jesd204: /axi/spi@ff040000/ad9081@0,jesd204:0,parent=spi1.0: JESD204[2] transition link_init -> link_supported
[    7.880955] jesd204: /axi/spi@ff040000/ad9081@0,jesd204:0,parent=spi1.0: JESD204[0] transition link_init -> link_supported
[    7.892356] hmc7044 spi2.0: hmc7044_jesd204_link_pre_setup: Link2 forcing continuous SYSREF mode
[    7.901496] axi-jesd204-tx 84b90000.axi-jesd204-tx: axi_jesd204_tx_jesd204_link_pre_setup: Link0 set lane rate 9520000 kHz failed (-22)
[    7.913670] jesd204: /fpga-axi@0/axi-jesd204-tx@84b90000,jesd204:5,parent=84b90000.axi-jesd204-tx: JESD204[0] In link_pre_setup got error from cb: -22
[    7.927142] jesd204: /axi/spi@ff040000/ad9081@0,jesd204:0,parent=spi1.0: Rolling back from 'link_supported', got error -22
[    7.938184] jesd204: /axi/spi@ff040000/ad9081@0,jesd204:0,parent=spi1.0: JESD204[0] transition link_supported -> link_pre_setup
[    7.949656] jesd204: /axi/spi@ff040000/ad9081@0,jesd204:0,parent=spi1.0: JESD204[2] transition link_supported -> link_pre_setup
[    7.961134] jesd204: /axi/spi@ff040000/ad9081@0,jesd204:0,parent=spi1.0: JESD204[0] transition link_pre_setup -> link_supported
[    7.972607] jesd204: /axi/spi@ff040000/ad9081@0,jesd204:0,parent=spi1.0: JESD204[2] transition link_pre_setup -> link_supported
[    7.984083] jesd204: /axi/spi@ff040000/ad9081@0,jesd204:0,parent=spi1.0: JESD204[0] transition link_supported -> link_init
[    7.995121] jesd204: /axi/spi@ff040000/ad9081@0,jesd204:0,parent=spi1.0: JESD204[2] transition link_supported -> link_init
[    8.006169] jesd204: /axi/spi@ff040000/ad9081@0,jesd204:0,parent=spi1.0: JESD204[0] transition link_init -> device_init
[    8.016949] jesd204: /axi/spi@ff040000/ad9081@0,jesd204:0,parent=spi1.0: JESD204[2] transition link_init -> device_init
[    8.027728] jesd204: /axi/spi@ff040000/ad9081@0,jesd204:0,parent=spi1.0: JESD204[0] transition device_init -> idle
[    8.038084] jesd204: /axi/spi@ff040000/ad9081@0,jesd204:0,parent=spi1.0: JESD204[2] transition device_init -> idle
[    8.048431] jesd204: /axi/spi@ff040000/ad9081@0,jesd204:0,parent=spi1.0: JESD204[2] transition idle -> idle
[    8.058166] jesd204: /axi/spi@ff040000/ad9081@0,jesd204:0,parent=spi1.0: JESD204[0] transition idle -> idle
[    8.067907] jesd204: /axi/spi@ff040000/ad9081@0,jesd204:0,parent=spi1.0: JESD204[2] transition idle -> device_init
[    8.078250] jesd204: /axi/spi@ff040000/ad9081@0,jesd204:0,parent=spi1.0: JESD204[0] transition idle -> device_init
[    8.088602] jesd204: /axi/spi@ff040000/ad9081@0,jesd204:0,parent=spi1.0: JESD204[2] transition device_init -> link_init
[    8.099376] jesd204: /axi/spi@ff040000/ad9081@0,jesd204:0,parent=spi1.0: JESD204[0] transition device_init -> link_init
[    8.110166] jesd204: /axi/spi@ff040000/ad9081@0,jesd204:0,parent=spi1.0: JESD204[2] transition link_init -> link_supported
[    8.121211] jesd204: /axi/spi@ff040000/ad9081@0,jesd204:0,parent=spi1.0: JESD204[0] transition link_init -> link_supported
[    8.132586] axi-jesd204-tx 84b90000.axi-jesd204-tx: axi_jesd204_tx_jesd204_link_pre_setup: Link0 set lane rate 9520000 kHz failed (-22)
[    8.144762] jesd204: /fpga-axi@0/axi-jesd204-tx@84b90000,jesd204:5,parent=84b90000.axi-jesd204-tx: JESD204[0] In link_pre_setup got error from cb: -22
[    8.158229] jesd204: /axi/spi@ff040000/ad9081@0,jesd204:0,parent=spi1.0: Rolling back from 'link_supported', got error -22
[    8.169272] jesd204: /axi/spi@ff040000/ad9081@0,jesd204:0,parent=spi1.0: JESD204[0] transition link_supported -> link_pre_setup
[    8.180744] jesd204: /axi/spi@ff040000/ad9081@0,jesd204:0,parent=spi1.0: JESD204[2] transition link_supported -> link_pre_setup
[    8.192222] jesd204: /axi/spi@ff040000/ad9081@0,jesd204:0,parent=spi1.0: JESD204[0] transition link_pre_setup -> link_supported
[    8.203692] jesd204: /axi/spi@ff040000/ad9081@0,jesd204:0,parent=spi1.0: JESD204[2] transition link_pre_setup -> link_supported
[    8.215171] jesd204: /axi/spi@ff040000/ad9081@0,jesd204:0,parent=spi1.0: JESD204[0] transition link_supported -> link_init
[    8.226209] jesd204: /axi/spi@ff040000/ad9081@0,jesd204:0,parent=spi1.0: JESD204[2] transition link_supported -> link_init
[    8.237257] jesd204: /axi/spi@ff040000/ad9081@0,jesd204:0,parent=spi1.0: JESD204[0] transition link_init -> device_init
[    8.248041] jesd204: /axi/spi@ff040000/ad9081@0,jesd204:0,parent=spi1.0: JESD204[2] transition link_init -> device_init
[    8.258823] jesd204: /axi/spi@ff040000/ad9081@0,jesd204:0,parent=spi1.0: JESD204[0] transition device_init -> idle
[    8.269171] jesd204: /axi/spi@ff040000/ad9081@0,jesd204:0,parent=spi1.0: JESD204[2] transition device_init -> idle
[    8.279518] jesd204: /axi/spi@ff040000/ad9081@0,jesd204:0,parent=spi1.0: JESD204[2] transition idle -> idle
[    8.289253] jesd204: /axi/spi@ff040000/ad9081@0,jesd204:0,parent=spi1.0: JESD204[0] transition idle -> idle
[    8.298994] jesd204: /axi/spi@ff040000/ad9081@0,jesd204:0,parent=spi1.0: JESD204[2] transition idle -> device_init
[    8.309338] jesd204: /axi/spi@ff040000/ad9081@0,jesd204:0,parent=spi1.0: JESD204[0] transition idle -> device_init
[    8.319688] jesd204: /axi/spi@ff040000/ad9081@0,jesd204:0,parent=spi1.0: JESD204[2] transition device_init -> link_init
[    8.330466] jesd204: /axi/spi@ff040000/ad9081@0,jesd204:0,parent=spi1.0: JESD204[0] transition device_init -> link_init
[    8.341257] jesd204: /axi/spi@ff040000/ad9081@0,jesd204:0,parent=spi1.0: JESD204[2] transition link_init -> link_supported
[    8.352296] jesd204: /axi/spi@ff040000/ad9081@0,jesd204:0,parent=spi1.0: JESD204[0] transition link_init -> link_supported
[    8.363634] axi-jesd204-tx 84b90000.axi-jesd204-tx: axi_jesd204_tx_jesd204_link_pre_setup: Link0 set lane rate 9520000 kHz failed (-22)
[    8.375804] jesd204: /fpga-axi@0/axi-jesd204-tx@84b90000,jesd204:5,parent=84b90000.axi-jesd204-tx: JESD204[0] In link_pre_setup got error from cb: -22
[    8.389273] jesd204: /axi/spi@ff040000/ad9081@0,jesd204:0,parent=spi1.0: Rolling back from 'link_supported', got error -22
[    8.400320] jesd204: /axi/spi@ff040000/ad9081@0,jesd204:0,parent=spi1.0: JESD204[0] transition link_supported -> link_pre_setup
[    8.411797] jesd204: /axi/spi@ff040000/ad9081@0,jesd204:0,parent=spi1.0: JESD204[2] transition link_supported -> link_pre_setup
[    8.423277] jesd204: /axi/spi@ff040000/ad9081@0,jesd204:0,parent=spi1.0: JESD204[0] transition link_pre_setup -> link_supported
[    8.434747] jesd204: /axi/spi@ff040000/ad9081@0,jesd204:0,parent=spi1.0: JESD204[2] transition link_pre_setup -> link_supported
[    8.446225] jesd204: /axi/spi@ff040000/ad9081@0,jesd204:0,parent=spi1.0: JESD204[0] transition link_supported -> link_init
[    8.457262] jesd204: /axi/spi@ff040000/ad9081@0,jesd204:0,parent=spi1.0: JESD204[2] transition link_supported -> link_init
[    8.468309] jesd204: /axi/spi@ff040000/ad9081@0,jesd204:0,parent=spi1.0: JESD204[0] transition link_init -> device_init
[    8.479084] jesd204: /axi/spi@ff040000/ad9081@0,jesd204:0,parent=spi1.0: JESD204[2] transition link_init -> device_init
[    8.489868] jesd204: /axi/spi@ff040000/ad9081@0,jesd204:0,parent=spi1.0: JESD204[0] transition device_init -> idle
[    8.500211] jesd204: /axi/spi@ff040000/ad9081@0,jesd204:0,parent=spi1.0: JESD204[2] transition device_init -> idle
[    8.510562] jesd204: /axi/spi@ff040000/ad9081@0,jesd204:0,parent=spi1.0: JESD204[2] transition idle -> idle
[    8.520297] jesd204: /axi/spi@ff040000/ad9081@0,jesd204:0,parent=spi1.0: JESD204[0] transition idle -> idle
[    8.530043] jesd204: /axi/spi@ff040000/ad9081@0,jesd204:0,parent=spi1.0: JESD204[2] transition idle -> device_init
[    8.540391] jesd204: /axi/spi@ff040000/ad9081@0,jesd204:0,parent=spi1.0: JESD204[0] transition idle -> device_init
[    8.550742] jesd204: /axi/spi@ff040000/ad9081@0,jesd204:0,parent=spi1.0: JESD204[2] transition device_init -> link_init
[    8.561518] jesd204: /axi/spi@ff040000/ad9081@0,jesd204:0,parent=spi1.0: JESD204[0] transition device_init -> link_init
[    8.572306] jesd204: /axi/spi@ff040000/ad9081@0,jesd204:0,parent=spi1.0: JESD204[2] transition link_init -> link_supported
[    8.583349] jesd204: /axi/spi@ff040000/ad9081@0,jesd204:0,parent=spi1.0: JESD204[0] transition link_init -> link_supported
[    8.594687] axi-jesd204-tx 84b90000.axi-jesd204-tx: axi_jesd204_tx_jesd204_link_pre_setup: Link0 set lane rate 9520000 kHz failed (-22)
[    8.606856] jesd204: /fpga-axi@0/axi-jesd204-tx@84b90000,jesd204:5,parent=84b90000.axi-jesd204-tx: JESD204[0] In link_pre_setup got error from cb: -22
[    8.620326] jesd204: /axi/spi@ff040000/ad9081@0,jesd204:0,parent=spi1.0: Rolling back from 'link_supported', got error -22
[    8.631369] jesd204: /axi/spi@ff040000/ad9081@0,jesd204:0,parent=spi1.0: JESD204[0] transition link_supported -> link_pre_setup
[    8.642841] jesd204: /axi/spi@ff040000/ad9081@0,jesd204:0,parent=spi1.0: JESD204[2] transition link_supported -> link_pre_setup
[    8.654323] jesd204: /axi/spi@ff040000/ad9081@0,jesd204:0,parent=spi1.0: JESD204[0] transition link_pre_setup -> link_supported
[    8.665799] jesd204: /axi/spi@ff040000/ad9081@0,jesd204:0,parent=spi1.0: JESD204[2] transition link_pre_setup -> link_supported
[    8.677277] jesd204: /axi/spi@ff040000/ad9081@0,jesd204:0,parent=spi1.0: JESD204[0] transition link_supported -> link_init
[    8.688315] jesd204: /axi/spi@ff040000/ad9081@0,jesd204:0,parent=spi1.0: JESD204[2] transition link_supported -> link_init
[    8.699362] jesd204: /axi/spi@ff040000/ad9081@0,jesd204:0,parent=spi1.0: JESD204[0] transition link_init -> device_init
[    8.710137] jesd204: /axi/spi@ff040000/ad9081@0,jesd204:0,parent=spi1.0: JESD204[2] transition link_init -> device_init
[    8.720919] jesd204: /axi/spi@ff040000/ad9081@0,jesd204:0,parent=spi1.0: JESD204[0] transition device_init -> idle
[    8.731264] jesd204: /axi/spi@ff040000/ad9081@0,jesd204:0,parent=spi1.0: JESD204[2] transition device_init -> idle
[    8.741610] jesd204: /axi/spi@ff040000/ad9081@0,jesd204:0,parent=spi1.0: FSM completed with error -22
[    8.760049] input: gpio-keys as /devices/platform/gpio-keys/input/input0
[    8.767060] of_cfs_init
[    8.769529] of_cfs_init: OK
[    8.772468] cfg80211: Loading compiled-in X.509 certificates for regulatory database
[    8.910525] cfg80211: Loaded X.509 cert 'sforshee: 00b28ddf47aef9cea7'
[    8.917054] clk: Not disabling unused clocks
[    8.921581] ALSA device list:
[    8.924544]   No soundcards found.
[    8.928227] platform regulatory.0: Direct firmware load for regulatory.db failed with error -2
[    8.936834] cfg80211: failed to load regulatory.db
[    8.956397] EXT4-fs (mmcblk0p2): mounted filesystem with ordered data mode. Opts: (null)
[    8.964516] VFS: Mounted root (ext4 filesystem) on device 179:2.
[    8.977925] devtmpfs: mounted
[    8.981738] Freeing unused kernel memory: 2560K
[    8.986366] Run /sbin/init as init process
[    8.990453]   with arguments:
[    8.990455]     /sbin/init
[    8.990458]   with environment:
[    8.990460]     HOME=/
[    8.990462]     TERM=linux
[    9.555964] systemd[1]: systemd 241 running in system mode. (+PAM +AUDIT +SELINUX +IMA +APPARMOR +SMACK +SYSVINIT +UTMP +LIBCRYPTSETUP +GCRYPT +GNUTLS +ACL +XZ +LZ4 +SECCOMP +BLKID +ELFUTILS +KMOD -IDN2 +IDN -PCRE2 default-hierarchy=hybrid)
[    9.577823] systemd[1]: Detected architecture arm64.
[    9.600448] systemd[1]: Set hostname to <analog>.
[    9.783672] systemd[1]: File /lib/systemd/system/systemd-journald.service:12 configures an IP firewall (IPAddressDeny=any), but the local system does not support BPF/cgroup based firewalling.
[    9.800732] systemd[1]: Proceeding WITHOUT firewalling in effect! (This warning is only shown for the first loaded unit using IP firewalling.)
[    9.963752] systemd[1]: /etc/systemd/system/tof-server.service:1: Assignment outside of section. Ignoring.
[    9.973455] systemd[1]: /etc/systemd/system/tof-server.service:2: Assignment outside of section. Ignoring.
[   10.155823] random: systemd: uninitialized urandom read (16 bytes read)
[   10.170916] random: systemd: uninitialized urandom read (16 bytes read)
[   10.177791] systemd[1]: Listening on Journal Audit Socket.
[   10.199825] random: systemd: uninitialized urandom read (16 bytes read)
[   10.206707] systemd[1]: Listening on Syslog Socket.
[   10.224077] systemd[1]: Listening on fsck to fsckd communication Socket.
[   11.021827] EXT4-fs (mmcblk0p2): re-mounted. Opts: (null)
[   11.104006] systemd-journald[151]: Received request to flush runtime journal from PID 1
[   16.659940] random: crng init done
[   16.659949] random: 7 urandom warning(s) missed due to ratelimiting
[   17.074270] macb ff0e0000.ethernet eth0: PHY [ff0e0000.ethernet-ffffffff:0c] driver [TI DP83867] (irq=POLL)
[   17.074282] macb ff0e0000.ethernet eth0: configuring for phy/rgmii-id link mode
[   17.343795] Adding 90108k swap on /var/swap.  Priority:-2 extents:1 across:90108k SS
[   19.892505] broken atomic modeset userspace detected, disabling atomic
[   21.153352] macb ff0e0000.ethernet eth0: Link is Up - 1Gbps/Full - flow control off
[   21.153379] IPv6: ADDRCONF(NETDEV_CHANGE): eth0: link becomes ready
[   22.561611] broken atomic modeset userspace detected, disabling atomic
[   25.466502] broken atomic modeset userspace detected, disabling atomic
[   28.103422] broken atomic modeset userspace detected, disabling atomic