[    0.000000] Booting Linux on physical CPU 0x0000000000 [0x410fd034]
[    0.000000] Linux version 5.10.0-98103-g2aa7ac113716 (jenkins@romlxbuild1.adlk.analog.com) (aarch64-xilinx-linux-gcc.real (GCC) 10.2.0, GNU ld (GNU Binutils) 2.35.0.20200730) #5577 SMP Wed Mar 23 07:28:49 GMT 2022
[    0.000000] Machine model: ZynqMP ZCU102 Rev1.0
[    0.000000] earlycon: cdns0 at MMIO 0x00000000ff000000 (options '115200n8')
[    0.000000] printk: bootconsole [cdns0] enabled
[    0.000000] efi: UEFI not found.
[    0.000000] cma: Reserved 256 MiB at 0x0000000070000000
[    0.000000] Zone ranges:
[    0.000000]   DMA      [mem 0x0000000000000000-0x000000003fffffff]
[    0.000000]   DMA32    [mem 0x0000000040000000-0x00000000ffffffff]
[    0.000000]   Normal   [mem 0x0000000100000000-0x000000087fffffff]
[    0.000000] Movable zone start for each node
[    0.000000] Early memory node ranges
[    0.000000]   node   0: [mem 0x0000000000000000-0x000000007fffffff]
[    0.000000]   node   0: [mem 0x0000000800000000-0x000000087fffffff]
[    0.000000] Initmem setup node 0 [mem 0x0000000000000000-0x000000087fffffff]
[    0.000000] On node 0 totalpages: 1048576
[    0.000000]   DMA zone: 3584 pages used for memmap
[    0.000000]   DMA zone: 0 pages reserved
[    0.000000]   DMA zone: 262144 pages, LIFO batch:63
[    0.000000]   DMA32 zone: 3584 pages used for memmap
[    0.000000]   DMA32 zone: 262144 pages, LIFO batch:63
[    0.000000]   Normal zone: 7168 pages used for memmap
[    0.000000]   Normal zone: 524288 pages, LIFO batch:63
[    0.000000] psci: probing for conduit method from DT.
[    0.000000] psci: PSCIv1.1 detected in firmware.
[    0.000000] psci: Using standard PSCI v0.2 function IDs
[    0.000000] psci: MIGRATE_INFO_TYPE not supported.
[    0.000000] psci: SMC Calling Convention v1.2
[    0.000000] percpu: Embedded 22 pages/cpu s49496 r8192 d32424 u90112
[    0.000000] pcpu-alloc: s49496 r8192 d32424 u90112 alloc=22*4096
[    0.000000] pcpu-alloc: [0] 0 [0] 1 [0] 2 [0] 3 
[    0.000000] Detected VIPT I-cache on CPU0
[    0.000000] CPU features: detected: ARM erratum 845719
[    0.000000] Built 1 zonelists, mobility grouping on.  Total pages: 1034240
[    0.000000] Kernel command line: console=ttyPS0,115200 root=/dev/mmcblk0p2 rw earlycon rootfstype=ext4 rootwait clk_ignore_unused cpuidle.off=1 root=/dev/mmcblk0p2 rw rootwait
[    0.000000] Dentry cache hash table entries: 524288 (order: 10, 4194304 bytes, linear)
[    0.000000] Inode-cache hash table entries: 262144 (order: 9, 2097152 bytes, linear)
[    0.000000] mem auto-init: stack:off, heap alloc:off, heap free:off
[    0.000000] software IO TLB: mapped [mem 0x000000003bfff000-0x000000003ffff000] (64MB)
[    0.000000] Memory: 3761904K/4194304K available (15296K kernel code, 1636K rwdata, 11876K rodata, 2560K init, 507K bss, 170256K reserved, 262144K cma-reserved)
[    0.000000] rcu: Hierarchical RCU implementation.
[    0.000000] rcu: 	RCU event tracing is enabled.
[    0.000000] rcu: 	RCU restricting CPUs from NR_CPUS=8 to nr_cpu_ids=4.
[    0.000000] rcu: RCU calculated value of scheduler-enlistment delay is 25 jiffies.
[    0.000000] rcu: Adjusting geometry for rcu_fanout_leaf=16, nr_cpu_ids=4
[    0.000000] NR_IRQS: 64, nr_irqs: 64, preallocated irqs: 0
[    0.000000] GIC: Adjusting CPU interface base to 0x00000000f902f000
[    0.000000] GIC: Using split EOI/Deactivate mode
[    0.000000] random: get_random_bytes called from start_kernel+0x31c/0x54c with crng_init=0
[    0.000000] arch_timer: cp15 timer(s) running at 100.00MHz (phys).
[    0.000000] clocksource: arch_sys_counter: mask: 0xffffffffffffff max_cycles: 0x171024e7e0, max_idle_ns: 440795205315 ns
[    0.000003] sched_clock: 56 bits at 100MHz, resolution 10ns, wraps every 4398046511100ns
[    0.008462] Console: colour dummy device 80x25
[    0.012482] Calibrating delay loop (skipped), value calculated using timer frequency.. 200.00 BogoMIPS (lpj=400000)
[    0.022841] pid_max: default: 32768 minimum: 301
[    0.027548] Mount-cache hash table entries: 8192 (order: 4, 65536 bytes, linear)
[    0.034789] Mountpoint-cache hash table entries: 8192 (order: 4, 65536 bytes, linear)
[    0.043395] rcu: Hierarchical SRCU implementation.
[    0.047560] EFI services will not be available.
[    0.051939] smp: Bringing up secondary CPUs ...
[    0.056656] Detected VIPT I-cache on CPU1
[    0.056695] CPU1: Booted secondary processor 0x0000000001 [0x410fd034]
[    0.057061] Detected VIPT I-cache on CPU2
[    0.057085] CPU2: Booted secondary processor 0x0000000002 [0x410fd034]
[    0.057426] Detected VIPT I-cache on CPU3
[    0.057449] CPU3: Booted secondary processor 0x0000000003 [0x410fd034]
[    0.057495] smp: Brought up 1 node, 4 CPUs
[    0.091779] SMP: Total of 4 processors activated.
[    0.096452] CPU features: detected: 32-bit EL0 Support
[    0.101556] CPU features: detected: CRC32 instructions
[    0.106695] CPU: All CPU(s) started at EL2
[    0.110736] alternatives: patching kernel code
[    0.116168] devtmpfs: initialized
[    0.124070] Registered cp15_barrier emulation handler
[    0.124120] Registered setend emulation handler
[    0.128102] clocksource: jiffies: mask: 0xffffffff max_cycles: 0xffffffff, max_idle_ns: 7645041785100000 ns
[    0.137679] futex hash table entries: 1024 (order: 4, 65536 bytes, linear)
[    0.151031] pinctrl core: initialized pinctrl subsystem
[    0.151679] NET: Registered protocol family 16
[    0.156103] DMA: preallocated 512 KiB GFP_KERNEL pool for atomic allocations
[    0.162116] DMA: preallocated 512 KiB GFP_KERNEL|GFP_DMA pool for atomic allocations
[    0.169842] DMA: preallocated 512 KiB GFP_KERNEL|GFP_DMA32 pool for atomic allocations
[    0.177644] audit: initializing netlink subsys (disabled)
[    0.183095] audit: type=2000 audit(0.116:1): state=initialized audit_enabled=0 res=1
[    0.183439] hw-breakpoint: found 6 breakpoint and 4 watchpoint registers.
[    0.197473] ASID allocator initialised with 65536 entries
[    0.224367] HugeTLB registered 1.00 GiB page size, pre-allocated 0 pages
[    0.225420] HugeTLB registered 32.0 MiB page size, pre-allocated 0 pages
[    0.232091] HugeTLB registered 2.00 MiB page size, pre-allocated 0 pages
[    0.238755] HugeTLB registered 64.0 KiB page size, pre-allocated 0 pages
[    1.304319] DRBG: Continuing without Jitter RNG
[    1.382150] raid6: neonx8   gen()  2145 MB/s
[    1.450197] raid6: neonx8   xor()  1597 MB/s
[    1.518255] raid6: neonx4   gen()  2196 MB/s
[    1.586302] raid6: neonx4   xor()  1568 MB/s
[    1.654366] raid6: neonx2   gen()  2076 MB/s
[    1.722421] raid6: neonx2   xor()  1442 MB/s
[    1.790493] raid6: neonx1   gen()  1772 MB/s
[    1.858529] raid6: neonx1   xor()  1220 MB/s
[    1.926586] raid6: int64x8  gen()  1438 MB/s
[    1.994644] raid6: int64x8  xor()   771 MB/s
[    2.062707] raid6: int64x4  gen()  1599 MB/s
[    2.130763] raid6: int64x4  xor()   818 MB/s
[    2.198831] raid6: int64x2  gen()  1397 MB/s
[    2.266881] raid6: int64x2  xor()   750 MB/s
[    2.334948] raid6: int64x1  gen()  1033 MB/s
[    2.403017] raid6: int64x1  xor()   517 MB/s
[    2.403055] raid6: using algorithm neonx4 gen() 2196 MB/s
[    2.407013] raid6: .... xor() 1568 MB/s, rmw enabled
[    2.411943] raid6: using neon recovery algorithm
[    2.416959] iommu: Default domain type: Translated 
[    2.421571] SCSI subsystem initialized
[    2.425112] libata version 3.00 loaded.
[    2.425235] usbcore: registered new interface driver usbfs
[    2.430567] usbcore: registered new interface driver hub
[    2.435842] usbcore: registered new device driver usb
[    2.440975] mc: Linux media interface: v0.10
[    2.445093] videodev: Linux video capture interface: v2.00
[    2.450583] EDAC MC: Ver: 3.0.0
[    2.454019] zynqmp-ipi-mbox mailbox@ff990400: Registered ZynqMP IPI mbox with TX/RX channels.
[    2.462518] jesd204: created con: id=0, topo=0, link=0, /axi/spi@ff050000/hmc7044@0 <-> /fpga-axi@0/axi-adxcvr-tx@84b60000
[    2.473111] jesd204: created con: id=1, topo=0, link=2, /axi/spi@ff050000/hmc7044@0 <-> /fpga-axi@0/axi-adxcvr-rx@84a60000
[    2.484096] jesd204: created con: id=2, topo=0, link=0, /fpga-axi@0/axi-adxcvr-tx@84b60000 <-> /fpga-axi@0/axi-jesd204-tx@84b90000
[    2.495771] jesd204: created con: id=3, topo=0, link=2, /fpga-axi@0/axi-adxcvr-rx@84a60000 <-> /fpga-axi@0/axi-jesd204-rx@84a90000
[    2.507449] jesd204: created con: id=4, topo=0, link=0, /fpga-axi@0/axi-jesd204-tx@84b90000 <-> /fpga-axi@0/axi-ad9081-tx-hpc@84b10000
[    2.519477] jesd204: created con: id=5, topo=0, link=2, /fpga-axi@0/axi-jesd204-rx@84a90000 <-> /fpga-axi@0/axi-ad9081-rx-hpc@84a10000
[    2.531499] jesd204: created con: id=6, topo=0, link=2, /fpga-axi@0/axi-ad9081-rx-hpc@84a10000 <-> /axi/spi@ff040000/ad9081@0
[    2.542740] jesd204: created con: id=7, topo=0, link=0, /fpga-axi@0/axi-ad9081-tx-hpc@84b10000 <-> /axi/spi@ff040000/ad9081@0
[    2.553991] jesd204: /axi/spi@ff040000/ad9081@0: JESD204[2] transition uninitialized -> initialized
[    2.562977] jesd204: /axi/spi@ff040000/ad9081@0: JESD204[0] transition uninitialized -> initialized
[    2.571969] jesd204: found 8 devices and 1 topologies
[    2.577014] FPGA manager framework
[    2.580488] Advanced Linux Sound Architecture Driver Initialized.
[    2.586784] Bluetooth: Core ver 2.22
[    2.589972] NET: Registered protocol family 31
[    2.594373] Bluetooth: HCI device and connection manager initialized
[    2.600689] Bluetooth: HCI socket layer initialized
[    2.605532] Bluetooth: L2CAP socket layer initialized
[    2.610555] Bluetooth: SCO socket layer initialized
[    2.615743] clocksource: Switched to clocksource arch_sys_counter
[    2.621545] VFS: Disk quotas dquot_6.6.0
[    2.625381] VFS: Dquot-cache hash table entries: 512 (order 0, 4096 bytes)
[    2.636090] NET: Registered protocol family 2
[    2.636826] tcp_listen_portaddr_hash hash table entries: 2048 (order: 3, 32768 bytes, linear)
[    2.645022] TCP established hash table entries: 32768 (order: 6, 262144 bytes, linear)
[    2.653048] TCP bind hash table entries: 32768 (order: 7, 524288 bytes, linear)
[    2.660493] TCP: Hash tables configured (established 32768 bind 32768)
[    2.666666] UDP hash table entries: 2048 (order: 4, 65536 bytes, linear)
[    2.673333] UDP-Lite hash table entries: 2048 (order: 4, 65536 bytes, linear)
[    2.680493] NET: Registered protocol family 1
[    2.684968] RPC: Registered named UNIX socket transport module.
[    2.690568] RPC: Registered udp transport module.
[    2.695234] RPC: Registered tcp transport module.
[    2.699903] RPC: Registered tcp NFSv4.1 backchannel transport module.
[    2.706890] PCI: CLS 0 bytes, default 64
[    2.710591] hw perfevents: no interrupt-affinity property for /pmu, guessing.
[    2.717458] hw perfevents: enabled with armv8_pmuv3 PMU driver, 7 counters available
[    2.725801] Initialise system trusted keyrings
[    2.729479] workingset: timestamp_bits=62 max_order=20 bucket_order=0
[    2.736384] NFS: Registering the id_resolver key type
[    2.740833] Key type id_resolver registered
[    2.744971] Key type id_legacy registered
[    2.748962] nfs4filelayout_init: NFSv4 File Layout Driver Registering...
[    2.755627] jffs2: version 2.2. (NAND) (SUMMARY)  Â© 2001-2006 Red Hat, Inc.
[    2.799197] NET: Registered protocol family 38
[    2.799240] xor: measuring software checksum speed
[    2.806929]    8regs           :  2363 MB/sec
[    2.810597]    32regs          :  2799 MB/sec
[    2.815539]    arm64_neon      :  2380 MB/sec
[    2.815730] xor: using function: 32regs (2799 MB/sec)
[    2.820756] Key type asymmetric registered
[    2.824817] Asymmetric key parser 'x509' registered
[    2.829678] Block layer SCSI generic (bsg) driver version 0.4 loaded (major 248)
[    2.837015] io scheduler mq-deadline registered
[    2.841511] io scheduler kyber registered
[    2.870918] Serial: 8250/16550 driver, 4 ports, IRQ sharing disabled
[    2.875551] cacheinfo: Unable to detect cache hierarchy for CPU 0
[    2.881883] brd: module loaded
[    2.886035] loop: module loaded
[    2.886584] Registered mathworks_ip class
[    2.889944] libphy: Fixed MDIO Bus: probed
[    2.892892] tun: Universal TUN/TAP device driver, 1.6
[    2.896969] CAN device driver interface
[    2.901505] usbcore: registered new interface driver asix
[    2.906099] usbcore: registered new interface driver ax88179_178a
[    2.912137] usbcore: registered new interface driver cdc_ether
[    2.917930] usbcore: registered new interface driver net1080
[    2.923549] usbcore: registered new interface driver cdc_subset
[    2.929431] usbcore: registered new interface driver zaurus
[    2.934980] usbcore: registered new interface driver cdc_ncm
[    2.941384] ehci_hcd: USB 2.0 'Enhanced' Host Controller (EHCI) Driver
[    2.947065] ehci-pci: EHCI PCI platform driver
[    2.951869] usbcore: registered new interface driver uas
[    2.956778] usbcore: registered new interface driver usb-storage
[    2.962766] usbcore: registered new interface driver usbserial_generic
[    2.969218] usbserial: USB Serial support registered for generic
[    2.975190] usbcore: registered new interface driver ftdi_sio
[    2.980892] usbserial: USB Serial support registered for FTDI USB Serial Device
[    2.988167] usbcore: registered new interface driver upd78f0730
[    2.994040] usbserial: USB Serial support registered for upd78f0730
[    3.001700] rtc_zynqmp ffa60000.rtc: registered as rtc0
[    3.005465] rtc_zynqmp ffa60000.rtc: setting system clock to 2022-03-26T01:38:41 UTC (1648258721)
[    3.014328] i2c /dev entries driver
[    3.019636] usbcore: registered new interface driver uvcvideo
[    3.023441] USB Video Class driver (1.1.1)
[    3.029022] Bluetooth: HCI UART driver ver 2.3
[    3.031924] Bluetooth: HCI UART protocol H4 registered
[    3.037022] Bluetooth: HCI UART protocol BCSP registered
[    3.042311] Bluetooth: HCI UART protocol LL registered
[    3.047399] Bluetooth: HCI UART protocol ATH3K registered
[    3.052774] Bluetooth: HCI UART protocol Three-wire (H5) registered
[    3.059031] Bluetooth: HCI UART protocol Intel registered
[    3.064367] Bluetooth: HCI UART protocol QCA registered
[    3.069566] usbcore: registered new interface driver bcm203x
[    3.075189] usbcore: registered new interface driver bpa10x
[    3.080729] usbcore: registered new interface driver bfusb
[    3.086173] usbcore: registered new interface driver btusb
[    3.091637] usbcore: registered new interface driver ath3k
[    3.097119] EDAC MC: ECC not enabled
[    3.100747] EDAC DEVICE0: Giving out device to module zynqmp-ocm-edac controller zynqmp_ocm: DEV ff960000.memory-controller (INTERRUPT)
[    3.113072] sdhci: Secure Digital Host Controller Interface driver
[    3.118857] sdhci: Copyright(c) Pierre Ossman
[    3.123175] sdhci-pltfm: SDHCI platform and OF driver helper
[    3.129227] ledtrig-cpu: registered to indicate activity on CPUs
[    3.134777] SMCCC: SOC_ID: ARCH_SOC_ID not implemented, skipping ....
[    3.141206] zynqmp_firmware_probe Platform Management API v1.1
[    3.146964] zynqmp_firmware_probe Trustzone version v1.0
[    3.186536] zynqmp-pinctrl firmware:zynqmp-firmware:pinctrl: zynqmp pinctrl initialized
[    3.234441] zynqmp-aes firmware:zynqmp-firmware:zynqmp-aes: will run requests pump with realtime priority
[    3.250222] alg: No test for xilinx-keccak-384 (zynqmp-keccak-384)
[    3.250931] alg: No test for xilinx-zynqmp-rsa (zynqmp-rsa)
[    3.256440] usbcore: registered new interface driver usbhid
[    3.261835] usbhid: USB HID core driver
[    3.273083] axi_sysid 85000000.axi-sysid-0: AXI System ID core version (1.01.a) found
[    3.275433] axi_sysid 85000000.axi-sysid-0: [ad9081_fmca_ebz] on [zcu102] git branch <master> git <084d44c9780640ca93fd847b1d9ec70dd65f5c67> clean [2022-03-18 04:17:50] UTC
[    3.291119] fpga_manager fpga0: Xilinx ZynqMP FPGA Manager registered
[    3.297479] usbcore: registered new interface driver snd-usb-audio
[    3.304930] pktgen: Packet Generator for packet performance testing. Version: 2.75
[    3.311127] Initializing XFRM netlink socket
[    3.314961] NET: Registered protocol family 10
[    3.319683] Segment Routing with IPv6
[    3.323054] sit: IPv6, IPv4 and MPLS over IPv4 tunneling driver
[    3.329131] NET: Registered protocol family 17
[    3.333236] NET: Registered protocol family 15
[    3.337725] can: controller area network core
[    3.341989] NET: Registered protocol family 29
[    3.346374] can: raw protocol
[    3.349313] can: broadcast manager protocol
[    3.353465] can: netlink gateway - max_hops=1
[    3.357864] Bluetooth: RFCOMM TTY layer initialized
[    3.362640] Bluetooth: RFCOMM socket layer initialized
[    3.367754] Bluetooth: RFCOMM ver 1.11
[    3.371454] Bluetooth: BNEP (Ethernet Emulation) ver 1.3
[    3.376732] Bluetooth: BNEP filters: protocol multicast
[    3.381924] Bluetooth: BNEP socket layer initialized
[    3.386851] Bluetooth: HIDP (Human Interface Emulation) ver 1.2
[    3.392735] Bluetooth: HIDP socket layer initialized
[    3.397792] 9pnet: Installing 9P2000 support
[    3.401912] NET: Registered protocol family 36
[    3.406328] Key type dns_resolver registered
[    3.410761] registered taskstats version 1
[    3.414625] Loading compiled-in X.509 certificates
[    3.419749] Btrfs loaded, crc32c=crc32c-generic
[    3.432140] ff000000.serial: ttyPS0 at MMIO 0xff000000 (irq = 49, base_baud = 6249999) is a xuartps
[    3.441160] printk: console [ttyPS0] enabled
[    3.445453] printk: bootconsole [cdns0] disabled
[    3.455080] ff010000.serial: ttyPS1 at MMIO 0xff010000 (irq = 50, base_baud = 6249999) is a xuartps
[    3.468332] of-fpga-region fpga-full: FPGA Region probed
[    3.475267] nwl-pcie fd0e0000.pcie: host bridge /axi/pcie@fd0e0000 ranges:
[    3.482167] nwl-pcie fd0e0000.pcie:      MEM 0x00e0000000..0x00efffffff -> 0x00e0000000
[    3.490168] nwl-pcie fd0e0000.pcie:      MEM 0x0600000000..0x07ffffffff -> 0x0600000000
[    3.498235] nwl-pcie fd0e0000.pcie: Link is DOWN
[    3.502998] nwl-pcie fd0e0000.pcie: PCI host bridge to bus 0000:00
[    3.509175] pci_bus 0000:00: root bus resource [bus 00-ff]
[    3.514656] pci_bus 0000:00: root bus resource [mem 0xe0000000-0xefffffff]
[    3.521526] pci_bus 0000:00: root bus resource [mem 0x600000000-0x7ffffffff pref]
[    3.529029] pci 0000:00:00.0: [10ee:d021] type 01 class 0x060400
[    3.535086] pci 0000:00:00.0: PME# supported from D0 D1 D2 D3hot
[    3.545530] pci 0000:00:00.0: PCI bridge to [bus 01-0c]
[    3.551503] xilinx-zynqmp-dma fd500000.dma: ZynqMP DMA driver Probe success
[    3.558673] xilinx-zynqmp-dma fd510000.dma: ZynqMP DMA driver Probe success
[    3.565839] xilinx-zynqmp-dma fd520000.dma: ZynqMP DMA driver Probe success
[    3.573009] xilinx-zynqmp-dma fd530000.dma: ZynqMP DMA driver Probe success
[    3.580177] xilinx-zynqmp-dma fd540000.dma: ZynqMP DMA driver Probe success
[    3.587346] xilinx-zynqmp-dma fd550000.dma: ZynqMP DMA driver Probe success
[    3.594515] xilinx-zynqmp-dma fd560000.dma: ZynqMP DMA driver Probe success
[    3.601684] xilinx-zynqmp-dma fd570000.dma: ZynqMP DMA driver Probe success
[    3.609087] xilinx-zynqmp-dpdma fd4c0000.dma-controller: Xilinx DPDMA engine is probed
[    3.617637] ahci-ceva fd0c0000.ahci: supply ahci not found, using dummy regulator
[    3.625187] ahci-ceva fd0c0000.ahci: supply phy not found, using dummy regulator
[    3.715917] hmc7044 spi2.0: PLL1: Acquisition, CLKIN0 @ 122880000 Hz, PFD: 80 kHz - PLL2: Locked @ 2740.000000 MHz
[    3.726639] jesd204: /axi/spi@ff050000/hmc7044@0,jesd204:1,parent=spi2.0: Using as SYSREF provider
[    3.736215] spi-nor spi0.0: SPI-NOR-UniqueID 100000235394732200270025081115266e
[    3.743525] spi-nor spi0.0: found n25q512a, expected m25p80
[    3.749718] spi-nor spi0.0: trying to lock already unlocked area
[    3.755718] spi-nor spi0.0: n25q512a (131072 Kbytes)
[    3.760697] 4 fixed-partitions partitions found on MTD device spi0.0
[    3.767042] Creating 4 MTD partitions on "spi0.0":
[    3.771828] 0x000000000000-0x000000100000 : "qspi-fsbl-uboot"
[    3.778308] 0x000000100000-0x000000600000 : "qspi-linux"
[    3.784265] 0x000000600000-0x000000620000 : "qspi-device-tree"
[    3.790738] 0x000000620000-0x000000c00000 : "qspi-rootfs"
[    3.799212] macb ff0e0000.ethernet: Not enabling partial store and forward
[    3.806725] libphy: MACB_mii_bus: probed
[    3.811783] macb ff0e0000.ethernet eth0: Cadence GEM rev 0x50070106 at 0xff0e0000 irq 30 (00:0a:35:04:8e:1b)
[    3.821998] xilinx-axipmon ffa00000.perf-monitor: Probed Xilinx APM
[    3.828575] xilinx-axipmon fd0b0000.perf-monitor: Probed Xilinx APM
[    3.835090] xilinx-axipmon fd490000.perf-monitor: Probed Xilinx APM
[    3.841628] xilinx-axipmon ffa10000.perf-monitor: Probed Xilinx APM
[    3.851608] pca953x 0-0020: supply vcc not found, using dummy regulator
[    3.858292] pca953x 0-0020: using no AI
[    3.862779] gpio-496 (sel0): hogged as output/low
[    3.867681] gpio-497 (sel1): hogged as output/high
[    3.872666] gpio-498 (sel2): hogged as output/high
[    3.877656] gpio-499 (sel3): hogged as output/high
[    3.882837] pca953x 0-0021: supply vcc not found, using dummy regulator
[    3.889510] pca953x 0-0021: using no AI
[    3.895283] ina2xx 2-0040: power monitor ina226 (Rshunt = 5000 uOhm)
[    3.902308] ina2xx 2-0041: power monitor ina226 (Rshunt = 5000 uOhm)
[    3.909348] ina2xx 2-0042: power monitor ina226 (Rshunt = 5000 uOhm)
[    3.916383] ina2xx 2-0043: power monitor ina226 (Rshunt = 5000 uOhm)
[    3.923404] ina2xx 2-0044: power monitor ina226 (Rshunt = 5000 uOhm)
[    3.930422] ina2xx 2-0045: power monitor ina226 (Rshunt = 5000 uOhm)
[    3.937456] ina2xx 2-0046: power monitor ina226 (Rshunt = 5000 uOhm)
[    3.944527] ina2xx 2-0047: power monitor ina226 (Rshunt = 5000 uOhm)
[    3.951555] ina2xx 2-004a: power monitor ina226 (Rshunt = 5000 uOhm)
[    3.958583] ina2xx 2-004b: power monitor ina226 (Rshunt = 5000 uOhm)
[    3.964990] i2c i2c-0: Added multiplexed i2c bus 2
[    3.970375] random: fast init done
[    3.973848] ina2xx 3-0040: power monitor ina226 (Rshunt = 2000 uOhm)
[    3.980876] ina2xx 3-0041: power monitor ina226 (Rshunt = 5000 uOhm)
[    3.987901] ina2xx 3-0042: power monitor ina226 (Rshunt = 5000 uOhm)
[    3.994929] ina2xx 3-0043: power monitor ina226 (Rshunt = 5000 uOhm)
[    4.001954] ina2xx 3-0044: power monitor ina226 (Rshunt = 5000 uOhm)
[    4.008982] ina2xx 3-0045: power monitor ina226 (Rshunt = 5000 uOhm)
[    4.016010] ina2xx 3-0046: power monitor ina226 (Rshunt = 5000 uOhm)
[    4.023040] ina2xx 3-0047: power monitor ina226 (Rshunt = 5000 uOhm)
[    4.029440] i2c i2c-0: Added multiplexed i2c bus 3
[    4.085465] i2c i2c-0: Added multiplexed i2c bus 4
[    4.090409] i2c i2c-0: Added multiplexed i2c bus 5
[    4.095196] pca954x 0-0075: registered 4 multiplexed busses for I2C mux pca9544
[    4.102545] cdns-i2c ff020000.i2c: 400 kHz mmio ff020000 irq 32
[    4.110271] at24 6-0054: supply vcc not found, using dummy regulator
[    4.117161] at24 6-0054: 1024 byte 24c08 EEPROM, writable, 1 bytes/write
[    4.123908] i2c i2c-1: Added multiplexed i2c bus 6
[    4.130335] si5341 7-0036: Chip: 5341 Grade: 1 Rev: 1
[    4.168011] i2c i2c-1: Added multiplexed i2c bus 7
[    4.175666] si570 8-005d: registered, current frequency 300000000 Hz
[    4.182073] i2c i2c-1: Added multiplexed i2c bus 8
[    4.201855] si570 9-005d: registered, current frequency 148500000 Hz
[    4.208259] i2c i2c-1: Added multiplexed i2c bus 9
[    4.213296] si5324 10-0069: si5328 probed
[    4.280094] si5324 10-0069: si5328 probe successful
[    4.285027] i2c i2c-1: Added multiplexed i2c bus 10
[    4.290052] i2c i2c-1: Added multiplexed i2c bus 11
[    4.295085] i2c i2c-1: Added multiplexed i2c bus 12
[    4.300109] i2c i2c-1: Added multiplexed i2c bus 13
[    4.304982] pca954x 1-0074: registered 8 multiplexed busses for I2C switch pca9548
[    4.313104] at24 14-0050: supply vcc not found, using dummy regulator
[    4.319890] at24 14-0050: 256 byte 24c02 EEPROM, writable, 1 bytes/write
[    4.326635] i2c i2c-1: Added multiplexed i2c bus 14
[    4.331675] i2c i2c-1: Added multiplexed i2c bus 15
[    4.336710] i2c i2c-1: Added multiplexed i2c bus 16
[    4.341741] i2c i2c-1: Added multiplexed i2c bus 17
[    4.346776] i2c i2c-1: Added multiplexed i2c bus 18
[    4.351822] i2c i2c-1: Added multiplexed i2c bus 19
[    4.356861] i2c i2c-1: Added multiplexed i2c bus 20
[    4.361900] i2c i2c-1: Added multiplexed i2c bus 21
[    4.366775] pca954x 1-0075: registered 8 multiplexed busses for I2C switch pca9548
[    4.374383] cdns-i2c ff030000.i2c: 400 kHz mmio ff030000 irq 33
[    4.384120] cdns-wdt fd4d0000.watchdog: Xilinx Watchdog Timer with timeout 60s
[    4.395630] axi_adxcvr 84a60000.axi-adxcvr-rx: AXI-ADXCVR-RX (17.05.a) using CPLL on GTH4 at 0x84A60000. Number of lanes: 4.
[    4.407792] axi_adxcvr 84b60000.axi-adxcvr-tx: AXI-ADXCVR-TX (17.05.a) using QPLL on GTH4 at 0x84B60000. Number of lanes: 4.
[    4.419416] axi-jesd204-rx 84a90000.axi-jesd204-rx: AXI-JESD204-RX (1.07.a) at 0x84A90000. Encoder 8b10b, width 4/4, lanes 4, jesd204-fsm.
[    4.426072] mmc0: SDHCI controller on ff170000.mmc [ff170000.mmc] using ADMA 64-bit
[    4.432254] axi-jesd204-tx 84b90000.axi-jesd204-tx: AXI-JESD204-TX (1.06.a) at 0x84B90000. Encoder 8b10b, width 4/4, lanes 4, jesd204-fsm.
[    4.452985] zynqmp-display fd4a0000.display: vtc bridge property not present
[    4.462621] xilinx-dp-snd-codec fd4a0000.display:zynqmp_dp_snd_codec0: Failed to get required clock freq
[    4.472125] xilinx-dp-snd-codec: probe of fd4a0000.display:zynqmp_dp_snd_codec0 failed with error -22
[    4.473522] mmc0: new high speed SDHC card at address 0001
[    4.481662] xilinx-dp-snd-pcm zynqmp_dp_snd_pcm0: Xilinx DisplayPort Sound PCM probed
[    4.487180] mmcblk0: mmc0:0001 EB1QT 29.8 GiB 
[    4.494985] xilinx-dp-snd-pcm zynqmp_dp_snd_pcm1: Xilinx DisplayPort Sound PCM probed
[    4.507274] OF: graph: no port node found in /axi/display@fd4a0000
[    4.513680] xlnx-drm xlnx-drm.0: bound fd4a0000.display (ops 0xffffffc010fcbdb8)
[    4.514486]  mmcblk0: p1 p2 p3
[    5.599764] zynqmp-display fd4a0000.display: [drm] Cannot find any crtc or sizes
[    5.607398] [drm] Initialized xlnx 1.0.0 20130509 for fd4a0000.display on minor 0
[    5.614896] zynqmp-display fd4a0000.display: ZynqMP DisplayPort Subsystem driver probed
[    5.623241] ahci-ceva fd0c0000.ahci: supply ahci not found, using dummy regulator
[    5.630787] ahci-ceva fd0c0000.ahci: supply phy not found, using dummy regulator
[    5.638239] ahci-ceva fd0c0000.ahci: supply target not found, using dummy regulator
[    5.656135] ahci-ceva fd0c0000.ahci: AHCI 0001.0301 32 slots 2 ports 6 Gbps 0x3 impl platform mode
[    5.665098] ahci-ceva fd0c0000.ahci: flags: 64bit ncq sntf pm clo only pmp fbs pio slum part ccc sds apst 
[    5.675723] scsi host0: ahci-ceva
[    5.679307] scsi host1: ahci-ceva
[    5.682732] ata1: SATA max UDMA/133 mmio [mem 0xfd0c0000-0xfd0c1fff] port 0x100 irq 45
[    5.690646] ata2: SATA max UDMA/133 mmio [mem 0xfd0c0000-0xfd0c1fff] port 0x180 irq 45
[    5.699249] ad9081 spi1.0: supply vdd not found, using dummy regulator
[    6.009960] ata1: SATA link down (SStatus 0 SControl 330)
[    6.015369] ata2: SATA link down (SStatus 0 SControl 330)
[    6.683767] zynqmp-display fd4a0000.display: [drm] Cannot find any crtc or sizes
[    6.881451] ad9081 spi1.0: Invalid param passed., "ref_clk_hz < 100000000ULL" in adi_ad9081_device_clk_config_set(...), line554 in drivers/iio/adc/ad9081/adi_ad9081_device.c
[    7.567291] ad9081 spi1.0: AD9081 Rev. 2 Grade 10 (API 1.2.2) probed
[    7.574489] xhci-hcd xhci-hcd.1.auto: xHCI Host Controller
[    7.579980] xhci-hcd xhci-hcd.1.auto: new USB bus registered, assigned bus number 1
[    7.587730] xhci-hcd xhci-hcd.1.auto: hcc params 0x0238f625 hci version 0x100 quirks 0x0000000002010810
[    7.597149] xhci-hcd xhci-hcd.1.auto: irq 59, io mem 0xfe200000
[    7.603258] usb usb1: New USB device found, idVendor=1d6b, idProduct=0002, bcdDevice= 5.10
[    7.611514] usb usb1: New USB device strings: Mfr=3, Product=2, SerialNumber=1
[    7.618732] usb usb1: Product: xHCI Host Controller
[    7.623601] usb usb1: Manufacturer: Linux 5.10.0-98103-g2aa7ac113716 xhci-hcd
[    7.630727] usb usb1: SerialNumber: xhci-hcd.1.auto
[    7.635907] hub 1-0:1.0: USB hub found
[    7.639662] hub 1-0:1.0: 1 port detected
[    7.643768] xhci-hcd xhci-hcd.1.auto: xHCI Host Controller
[    7.649258] xhci-hcd xhci-hcd.1.auto: new USB bus registered, assigned bus number 2
[    7.656914] xhci-hcd xhci-hcd.1.auto: Host supports USB 3.0 SuperSpeed
[    7.663533] usb usb2: New USB device found, idVendor=1d6b, idProduct=0003, bcdDevice= 5.10
[    7.671798] usb usb2: New USB device strings: Mfr=3, Product=2, SerialNumber=1
[    7.679016] usb usb2: Product: xHCI Host Controller
[    7.683883] usb usb2: Manufacturer: Linux 5.10.0-98103-g2aa7ac113716 xhci-hcd
[    7.691010] usb usb2: SerialNumber: xhci-hcd.1.auto
[    7.696119] hub 2-0:1.0: USB hub found
[    7.699883] hub 2-0:1.0: 1 port detected
[    7.730001] cf_axi_adc 84a10000.axi-ad9081-rx-hpc: ADI AIM (10.01.b) at 0x84A10000 mapped to 0x(____ptrval____), probed ADC AD9081 as MASTER
[    7.760586] cf_axi_dds 84b10000.axi-ad9081-tx-hpc: Analog Devices CF_AXI_DDS_DDS MASTER (9.01.b) at 0x84B10000 mapped to 0x(____ptrval____), probed DDS AD9081
[    7.774786] jesd204: /axi/spi@ff040000/ad9081@0,jesd204:0,parent=spi1.0: JESD204[2] transition initialized -> probed
[    7.785310] jesd204: /axi/spi@ff040000/ad9081@0,jesd204:0,parent=spi1.0: JESD204[0] transition initialized -> probed
[    7.795832] jesd204: /axi/spi@ff040000/ad9081@0,jesd204:0,parent=spi1.0: JESD204[2] transition probed -> idle
[    7.805738] jesd204: /axi/spi@ff040000/ad9081@0,jesd204:0,parent=spi1.0: JESD204[0] transition probed -> idle
[    7.815656] jesd204: /axi/spi@ff040000/ad9081@0,jesd204:0,parent=spi1.0: JESD204[2] transition idle -> device_init
[    7.825998] jesd204: /axi/spi@ff040000/ad9081@0,jesd204:0,parent=spi1.0: JESD204[0] transition idle -> device_init
[    7.836349] jesd204: /axi/spi@ff040000/ad9081@0,jesd204:0,parent=spi1.0: JESD204[2] transition device_init -> link_init
[    7.847128] jesd204: /axi/spi@ff040000/ad9081@0,jesd204:0,parent=spi1.0: JESD204[0] transition device_init -> link_init
[    7.857918] jesd204: /axi/spi@ff040000/ad9081@0,jesd204:0,parent=spi1.0: JESD204[2] transition link_init -> link_supported
[    7.868956] jesd204: /axi/spi@ff040000/ad9081@0,jesd204:0,parent=spi1.0: JESD204[0] transition link_init -> link_supported
[    7.880367] hmc7044 spi2.0: hmc7044_jesd204_link_pre_setup: Link2 forcing continuous SYSREF mode
[    7.889545] jesd204: /axi/spi@ff040000/ad9081@0,jesd204:0,parent=spi1.0: JESD204[2] transition link_supported -> link_pre_setup
[    7.901022] jesd204: /axi/spi@ff040000/ad9081@0,jesd204:0,parent=spi1.0: JESD204[0] transition link_supported -> link_pre_setup
[    7.924898] jesd204: /axi/spi@ff040000/ad9081@0,jesd204:0,parent=spi1.0: JESD204[2] transition link_pre_setup -> clk_sync_stage1
[    7.936460] jesd204: /axi/spi@ff040000/ad9081@0,jesd204:0,parent=spi1.0: JESD204[0] transition link_pre_setup -> clk_sync_stage1
[    7.948026] jesd204: /axi/spi@ff040000/ad9081@0,jesd204:0,parent=spi1.0: JESD204[2] transition clk_sync_stage1 -> clk_sync_stage2
[    7.959670] jesd204: /axi/spi@ff040000/ad9081@0,jesd204:0,parent=spi1.0: JESD204[0] transition clk_sync_stage1 -> clk_sync_stage2
[    7.971322] jesd204: /axi/spi@ff040000/ad9081@0,jesd204:0,parent=spi1.0: JESD204[2] transition clk_sync_stage2 -> clk_sync_stage3
[    7.982967] jesd204: /axi/spi@ff040000/ad9081@0,jesd204:0,parent=spi1.0: JESD204[0] transition clk_sync_stage2 -> clk_sync_stage3
[    7.996689] jesd204: /axi/spi@ff040000/ad9081@0,jesd204:0,parent=spi1.0: JESD204[2] transition clk_sync_stage3 -> link_setup
[    8.007905] jesd204: /axi/spi@ff040000/ad9081@0,jesd204:0,parent=spi1.0: JESD204[0] transition clk_sync_stage3 -> link_setup
[    8.023943] jesd204: /axi/spi@ff040000/ad9081@0,jesd204:0,parent=spi1.0: JESD204[2] transition link_setup -> opt_setup_stage1
[    8.035249] jesd204: /axi/spi@ff040000/ad9081@0,jesd204:0,parent=spi1.0: JESD204[0] transition link_setup -> opt_setup_stage1
[    8.051577] jesd204: /axi/spi@ff040000/ad9081@0,jesd204:0,parent=spi1.0: JESD204[2] transition opt_setup_stage1 -> opt_setup_stage2
[    8.063399] jesd204: /axi/spi@ff040000/ad9081@0,jesd204:0,parent=spi1.0: JESD204[0] transition opt_setup_stage1 -> opt_setup_stage2
[    8.075375] jesd204: /axi/spi@ff040000/ad9081@0,jesd204:0,parent=spi1.0: JESD204[2] transition opt_setup_stage2 -> opt_setup_stage3
[    8.087199] jesd204: /axi/spi@ff040000/ad9081@0,jesd204:0,parent=spi1.0: JESD204[0] transition opt_setup_stage2 -> opt_setup_stage3
[    8.099023] jesd204: /axi/spi@ff040000/ad9081@0,jesd204:0,parent=spi1.0: JESD204[2] transition opt_setup_stage3 -> opt_setup_stage4
[    8.110841] jesd204: /axi/spi@ff040000/ad9081@0,jesd204:0,parent=spi1.0: JESD204[0] transition opt_setup_stage3 -> opt_setup_stage4
[    8.122670] jesd204: /axi/spi@ff040000/ad9081@0,jesd204:0,parent=spi1.0: JESD204[2] transition opt_setup_stage4 -> opt_setup_stage5
[    8.134495] jesd204: /axi/spi@ff040000/ad9081@0,jesd204:0,parent=spi1.0: JESD204[0] transition opt_setup_stage4 -> opt_setup_stage5
[    8.150420] jesd204: /axi/spi@ff040000/ad9081@0,jesd204:0,parent=spi1.0: JESD204[2] transition opt_setup_stage5 -> clocks_enable
[    8.161985] jesd204: /axi/spi@ff040000/ad9081@0,jesd204:0,parent=spi1.0: JESD204[0] transition opt_setup_stage5 -> clocks_enable
[    8.196803] axi_adxcvr 84a60000.axi-adxcvr-rx: adxcvr_clk_enable: CPLL RX buffer underflow error, status: 0x61
[    8.206788] axi_adxcvr 84a60000.axi-adxcvr-rx: adxcvr_clk_enable: CPLL RX buffer overflow error, status: 0x61
[    8.216759] jesd204: /axi/spi@ff040000/ad9081@0,jesd204:0,parent=spi1.0: JESD204[2] transition clocks_enable -> link_enable
[    8.227884] jesd204: /axi/spi@ff040000/ad9081@0,jesd204:0,parent=spi1.0: JESD204[0] transition clocks_enable -> link_enable
[    8.259985] ad9081 spi1.0: JESD RX (JTX) Link2 in DATA, SYNC deasserted, PLL locked, PHASE established, MODE valid
[    8.270585] ad9081 spi1.0: JESD TX (JRX) Link0 0xF lanes in DATA
[    8.276588] jesd204: /axi/spi@ff040000/ad9081@0,jesd204:0,parent=spi1.0: JESD204[2] transition link_enable -> link_running
[    8.287627] jesd204: /axi/spi@ff040000/ad9081@0,jesd204:0,parent=spi1.0: JESD204[0] transition link_enable -> link_running
[    8.298672] jesd204: /axi/spi@ff040000/ad9081@0,jesd204:0,parent=spi1.0: JESD204[2] transition link_running -> opt_post_running_stage
[    8.310662] jesd204: /axi/spi@ff040000/ad9081@0,jesd204:0,parent=spi1.0: JESD204[0] transition link_running -> opt_post_running_stage
[    8.331878] input: gpio-keys as /devices/platform/gpio-keys/input/input0
[    8.338969] of_cfs_init
[    8.341436] of_cfs_init: OK
[    8.344381] cfg80211: Loading compiled-in X.509 certificates for regulatory database
[    8.482553] cfg80211: Loaded X.509 cert 'sforshee: 00b28ddf47aef9cea7'
[    8.489083] clk: Not disabling unused clocks
[    8.493614] ALSA device list:
[    8.496574]   No soundcards found.
[    8.500241] platform regulatory.0: Direct firmware load for regulatory.db failed with error -2
[    8.508855] cfg80211: failed to load regulatory.db
[    8.523942] EXT4-fs (mmcblk0p2): mounted filesystem with ordered data mode. Opts: (null)
[    8.532052] VFS: Mounted root (ext4 filesystem) on device 179:2.
[    8.545634] devtmpfs: mounted
[    8.549447] Freeing unused kernel memory: 2560K
[    8.571796] Run /sbin/init as init process
[    8.575887]   with arguments:
[    8.575889]     /sbin/init
[    8.575891]   with environment:
[    8.575894]     HOME=/
[    8.575896]     TERM=linux
[    9.148974] systemd[1]: systemd 241 running in system mode. (+PAM +AUDIT +SELINUX +IMA +APPARMOR +SMACK +SYSVINIT +UTMP +LIBCRYPTSETUP +GCRYPT +GNUTLS +ACL +XZ +LZ4 +SECCOMP +BLKID +ELFUTILS +KMOD -IDN2 +IDN -PCRE2 default-hierarchy=hybrid)
[    9.170859] systemd[1]: Detected architecture arm64.
[    9.192469] systemd[1]: Set hostname to <analog>.
[    9.388127] systemd[1]: File /lib/systemd/system/systemd-journald.service:12 configures an IP firewall (IPAddressDeny=any), but the local system does not support BPF/cgroup based firewalling.
[    9.405179] systemd[1]: Proceeding WITHOUT firewalling in effect! (This warning is only shown for the first loaded unit using IP firewalling.)
[    9.569630] systemd[1]: /etc/systemd/system/tof-server.service:1: Assignment outside of section. Ignoring.
[    9.579354] systemd[1]: /etc/systemd/system/tof-server.service:2: Assignment outside of section. Ignoring.
[    9.767803] random: systemd: uninitialized urandom read (16 bytes read)
[    9.782634] systemd[1]: Condition check resulted in Arbitrary Executable File Formats File System Automount Point being skipped.
[    9.794256] random: systemd: uninitialized urandom read (16 bytes read)
[    9.801210] systemd[1]: Listening on Syslog Socket.
[    9.815860] random: systemd: uninitialized urandom read (16 bytes read)
[    9.822626] systemd[1]: Started Forward Password Requests to Wall Directory Watch.
[   10.422636] ------------[ cut here ]------------
[   10.422644] Enabling unprepared \xa0\xc9R\x88\xff\xff\xffPR\x88\xff\xff\xff
[   10.422691] WARNING: CPU: 1 PID: 131 at drivers/clk/clk.c:1012 clk_core_enable+0xa4/0xc0
[   10.422694] Modules linked in:
[   10.422704] CPU: 1 PID: 131 Comm: kworker/1:1H Not tainted 5.10.0-98103-g2aa7ac113716 #5577
[   10.422707] Hardware name: ZynqMP ZCU102 Rev1.0 (DT)
[   10.422720] Workqueue: kblockd blk_mq_run_work_fn
[   10.422728] pstate: 80000085 (Nzcv daIf -PAN -UAO -TCO BTYPE=--)
[   10.422733] pc : clk_core_enable+0xa4/0xc0
[   10.422738] lr : clk_core_enable+0xa4/0xc0
[   10.422741] sp : ffffffc012af32d0
[   10.422744] x29: ffffffc012af32d0 x28: ffffff8800330c10 
[   10.422751] x27: ffffff8800330d48 x26: 0000005000000101 
[   10.422758] x25: 00000002674aeb4c x24: 0000000000000001 
[   10.422765] x23: ffffff88010fcc00 x22: ffffff8801083220 
[   10.422771] x21: ffffff8801525000 x20: ffffff8801525008 
[   10.422778] x19: ffffff8801525008 x18: 0000000000000030 
[   10.422784] x17: 0000000000000002 x16: 0000aee79d3b52f8 
[   10.422791] x15: ffffffffffff8848 x14: ffffffc011d3b1a0 
[   10.422798] x13: ffffffc011d3b1c8 x12: 00000000000005ee 
[   10.422804] x11: 00000000000001fa x10: ffffffc011d671c8 
[   10.422811] x9 : 00000000fffff800 x8 : ffffffc011d3b1c8 
[   10.422817] x7 : ffffffc011d671c8 x6 : 0000000000000001 
[   10.422824] x5 : ffffff887f77c9e0 x4 : 0000000000000000 
[   10.422830] x3 : 0000000000000027 x2 : 0000000000000023 
[   10.422840] x1 : 3dab10f033455800 x0 : 0000000000000000 
[   10.422847] Call trace:
[   10.422853]  clk_core_enable+0xa4/0xc0
[   10.422858]  clk_enable+0x2c/0x60
[   10.422865]  zynqmp_runtime_resume+0x24/0x84
[   10.422871]  pm_generic_runtime_resume+0x30/0x50
[   10.422877]  __genpd_runtime_resume+0x30/0xb0
[   10.422883]  genpd_runtime_resume+0x90/0x250
[   10.422889]  __rpm_callback+0x10c/0x1e0
[   10.422894]  rpm_callback+0x5c/0x84
[   10.422899]  rpm_resume+0x4a4/0x74c
[   10.422904]  __pm_runtime_resume+0x78/0xc4
[   10.422909]  spi_mem_access_start.isra.0+0x30/0x80
[   10.422913]  spi_mem_exec_op+0x3b0/0x424
[   10.422918]  spi_nor_read_sr+0x78/0xe0
[   10.422923]  spi_nor_wait_till_ready_with_timeout+0xb4/0x2f0
[   10.422928]  spi_nor_read+0x188/0x380
[   10.422933]  mtd_read_oob_std+0x78/0x84
[   10.422937]  mtd_read_oob+0x7c/0x134
[   10.422942]  mtd_read+0x48/0x7c
[   10.422951]  mtdblock_readsect+0x6c/0x150
[   10.422956]  mtd_queue_rq+0x2cc/0x5a0
[   10.422962]  blk_mq_dispatch_rq_list+0x110/0x790
[   10.422968]  __blk_mq_do_dispatch_sched+0x200/0x274
[   10.422974]  __blk_mq_sched_dispatch_requests+0x1a8/0x1fc
[   10.422979]  blk_mq_sched_dispatch_requests+0x3c/0x7c
[   10.422984]  __blk_mq_run_hw_queue+0x98/0x100
[   10.422989]  blk_mq_run_work_fn+0x24/0x30
[   10.422994]  process_one_work+0x1d4/0x380
[   10.422998]  worker_thread+0x78/0x4e0
[   10.423004]  kthread+0x124/0x130
[   10.423009]  ret_from_fork+0x10/0x3c
[   10.423012] ---[ end trace ecb8d22787d8cadf ]---
[   10.423021] zynqmp-qspi ff0f0000.spi: Cannot enable APB clock.
[   10.423070] spi_master spi0: Failed to power device: -108
[   10.423080] blk_update_request: I/O error, dev mtdblock0, sector 8 op 0x0:(READ) flags 0x80700 phys_seg 1 prio class 0
[   10.423152] spi_master spi0: Failed to power device: -22
[   10.423159] blk_update_request: I/O error, dev mtdblock0, sector 8 op 0x0:(READ) flags 0x0 phys_seg 8 prio class 0
[   10.423165] Buffer I/O error on dev mtdblock0, logical block 8, async page read
[   10.423178] spi_master spi0: Failed to power device: -22
[   10.423184] blk_update_request: I/O error, dev mtdblock0, sector 9 op 0x0:(READ) flags 0x0 phys_seg 7 prio class 0
[   10.423188] Buffer I/O error on dev mtdblock0, logical block 9, async page read
[   10.423195] spi_master spi0: Failed to power device: -22
[   10.423200] blk_update_request: I/O error, dev mtdblock0, sector 10 op 0x0:(READ) flags 0x0 phys_seg 6 prio class 0
[   10.423204] Buffer I/O error on dev mtdblock0, logical block 10, async page read
[   10.423211] spi_master spi0: Failed to power device: -22
[   10.423217] blk_update_request: I/O error, dev mtdblock0, sector 11 op 0x0:(READ) flags 0x0 phys_seg 5 prio class 0
[   10.423220] Buffer I/O error on dev mtdblock0, logical block 11, async page read
[   10.423227] spi_master spi0: Failed to power device: -22
[   10.423233] blk_update_request: I/O error, dev mtdblock0, sector 12 op 0x0:(READ) flags 0x0 phys_seg 4 prio class 0
[   10.423237] Buffer I/O error on dev mtdblock0, logical block 12, async page read
[   10.423243] spi_master spi0: Failed to power device: -22
[   10.423249] blk_update_request: I/O error, dev mtdblock0, sector 13 op 0x0:(READ) flags 0x0 phys_seg 3 prio class 0
[   10.423253] Buffer I/O error on dev mtdblock0, logical block 13, async page read
[   10.423259] spi_master spi0: Failed to power device: -22
[   10.423265] blk_update_request: I/O error, dev mtdblock0, sector 14 op 0x0:(READ) flags 0x0 phys_seg 2 prio class 0
[   10.423268] Buffer I/O error on dev mtdblock0, logical block 14, async page read
[   10.423275] spi_master spi0: Failed to power device: -22
[   10.423284] blk_update_request: I/O error, dev mtdblock0, sector 15 op 0x0:(READ) flags 0x0 phys_seg 1 prio class 0
[   10.423288] Buffer I/O error on dev mtdblock0, logical block 15, async page read
[   10.423597] spi_master spi0: Failed to power device: -22
[   10.423604] blk_update_request: I/O error, dev mtdblock1, sector 10112 op 0x0:(READ) flags 0x80700 phys_seg 1 prio class 0
[   10.423647] spi_master spi0: Failed to power device: -22
[   10.423653] Buffer I/O error on dev mtdblock1, logical block 10112, async page read
[   10.423661] spi_master spi0: Failed to power device: -22
[   10.423666] Buffer I/O error on dev mtdblock1, logical block 10113, async page read
[   10.423673] spi_master spi0: Failed to power device: -22
[   10.423680] spi_master spi0: Failed to power device: -22
[   10.423688] spi_master spi0: Failed to power device: -22
[   10.423695] spi_master spi0: Failed to power device: -22
[   10.423703] spi_master spi0: Failed to power device: -22
[   10.423710] spi_master spi0: Failed to power device: -22
[   10.424001] spi_master spi0: Failed to power device: -22
[   10.424048] spi_master spi0: Failed to power device: -22
[   10.424058] spi_master spi0: Failed to power device: -22
[   10.424066] spi_master spi0: Failed to power device: -22
[   10.424073] spi_master spi0: Failed to power device: -22
[   10.424081] spi_master spi0: Failed to power device: -22
[   10.424088] spi_master spi0: Failed to power device: -22
[   10.424095] spi_master spi0: Failed to power device: -22
[   10.424102] spi_master spi0: Failed to power device: -22
[   10.424375] spi_master spi0: Failed to power device: -22
[   10.424418] spi_master spi0: Failed to power device: -22
[   10.424427] spi_master spi0: Failed to power device: -22
[   10.424435] spi_master spi0: Failed to power device: -22
[   10.424443] spi_master spi0: Failed to power device: -22
[   10.424450] spi_master spi0: Failed to power device: -22
[   10.424460] spi_master spi0: Failed to power device: -22
[   10.424467] spi_master spi0: Failed to power device: -22
[   10.424474] spi_master spi0: Failed to power device: -22
[   10.549749] EXT4-fs (mmcblk0p2): re-mounted. Opts: (null)
[   10.740546] systemd-journald[169]: Received request to flush runtime journal from PID 1
[   16.638226] macb ff0e0000.ethernet eth0: PHY [ff0e0000.ethernet-ffffffff:0c] driver [TI DP83867] (irq=POLL)
[   16.638239] macb ff0e0000.ethernet eth0: configuring for phy/rgmii-id link mode
[   16.935829] Adding 86012k swap on /var/swap.  Priority:-2 extents:1 across:86012k SS
[   18.727775] random: crng init done
[   18.727786] random: 7 urandom warning(s) missed due to ratelimiting
[   19.491389] broken atomic modeset userspace detected, disabling atomic
[   19.713385] macb ff0e0000.ethernet eth0: Link is Up - 1Gbps/Full - flow control off
[   19.713409] IPv6: ADDRCONF(NETDEV_CHANGE): eth0: link becomes ready
[   22.166697] broken atomic modeset userspace detected, disabling atomic
[   25.066502] broken atomic modeset userspace detected, disabling atomic
[   27.700677] broken atomic modeset userspace detected, disabling atomic