[    0.000000] Booting Linux on physical CPU 0x0000000000 [0x410fd034]
[    0.000000] Linux version 5.10.0-98103-g2aa7ac113716 (jenkins@romlxbuild1.adlk.analog.com) (aarch64-xilinx-linux-gcc.real (GCC) 10.2.0, GNU ld (GNU Binutils) 2.35.0.20200730) #5577 SMP Wed Mar 23 07:28:49 GMT 2022
[    0.000000] Machine model: ZynqMP ZCU102 Rev1.0
[    0.000000] earlycon: cdns0 at MMIO 0x00000000ff000000 (options '115200n8')
[    0.000000] printk: bootconsole [cdns0] enabled
[    0.000000] efi: UEFI not found.
[    0.000000] cma: Reserved 256 MiB at 0x0000000070000000
[    0.000000] Zone ranges:
[    0.000000]   DMA      [mem 0x0000000000000000-0x000000003fffffff]
[    0.000000]   DMA32    [mem 0x0000000040000000-0x00000000ffffffff]
[    0.000000]   Normal   [mem 0x0000000100000000-0x000000087fffffff]
[    0.000000] Movable zone start for each node
[    0.000000] Early memory node ranges
[    0.000000]   node   0: [mem 0x0000000000000000-0x000000007fffffff]
[    0.000000]   node   0: [mem 0x0000000800000000-0x000000087fffffff]
[    0.000000] Initmem setup node 0 [mem 0x0000000000000000-0x000000087fffffff]
[    0.000000] On node 0 totalpages: 1048576
[    0.000000]   DMA zone: 3584 pages used for memmap
[    0.000000]   DMA zone: 0 pages reserved
[    0.000000]   DMA zone: 262144 pages, LIFO batch:63
[    0.000000]   DMA32 zone: 3584 pages used for memmap
[    0.000000]   DMA32 zone: 262144 pages, LIFO batch:63
[    0.000000]   Normal zone: 7168 pages used for memmap
[    0.000000]   Normal zone: 524288 pages, LIFO batch:63
[    0.000000] psci: probing for conduit method from DT.
[    0.000000] psci: PSCIv1.1 detected in firmware.
[    0.000000] psci: Using standard PSCI v0.2 function IDs
[    0.000000] psci: MIGRATE_INFO_TYPE not supported.
[    0.000000] psci: SMC Calling Convention v1.2
[    0.000000] percpu: Embedded 22 pages/cpu s49496 r8192 d32424 u90112
[    0.000000] pcpu-alloc: s49496 r8192 d32424 u90112 alloc=22*4096
[    0.000000] pcpu-alloc: [0] 0 [0] 1 [0] 2 [0] 3 
[    0.000000] Detected VIPT I-cache on CPU0
[    0.000000] CPU features: detected: ARM erratum 845719
[    0.000000] Built 1 zonelists, mobility grouping on.  Total pages: 1034240
[    0.000000] Kernel command line: console=ttyPS0,115200 root=/dev/mmcblk0p2 rw earlycon rootfstype=ext4 rootwait clk_ignore_unused cpuidle.off=1 root=/dev/mmcblk0p2 rw rootwait
[    0.000000] Dentry cache hash table entries: 524288 (order: 10, 4194304 bytes, linear)
[    0.000000] Inode-cache hash table entries: 262144 (order: 9, 2097152 bytes, linear)
[    0.000000] mem auto-init: stack:off, heap alloc:off, heap free:off
[    0.000000] software IO TLB: mapped [mem 0x000000003bfff000-0x000000003ffff000] (64MB)
[    0.000000] Memory: 3761904K/4194304K available (15296K kernel code, 1636K rwdata, 11876K rodata, 2560K init, 507K bss, 170256K reserved, 262144K cma-reserved)
[    0.000000] rcu: Hierarchical RCU implementation.
[    0.000000] rcu: 	RCU event tracing is enabled.
[    0.000000] rcu: 	RCU restricting CPUs from NR_CPUS=8 to nr_cpu_ids=4.
[    0.000000] rcu: RCU calculated value of scheduler-enlistment delay is 25 jiffies.
[    0.000000] rcu: Adjusting geometry for rcu_fanout_leaf=16, nr_cpu_ids=4
[    0.000000] NR_IRQS: 64, nr_irqs: 64, preallocated irqs: 0
[    0.000000] GIC: Adjusting CPU interface base to 0x00000000f902f000
[    0.000000] GIC: Using split EOI/Deactivate mode
[    0.000000] random: get_random_bytes called from start_kernel+0x31c/0x54c with crng_init=0
[    0.000000] arch_timer: cp15 timer(s) running at 100.00MHz (phys).
[    0.000000] clocksource: arch_sys_counter: mask: 0xffffffffffffff max_cycles: 0x171024e7e0, max_idle_ns: 440795205315 ns
[    0.000004] sched_clock: 56 bits at 100MHz, resolution 10ns, wraps every 4398046511100ns
[    0.008463] Console: colour dummy device 80x25
[    0.012482] Calibrating delay loop (skipped), value calculated using timer frequency.. 200.00 BogoMIPS (lpj=400000)
[    0.022840] pid_max: default: 32768 minimum: 301
[    0.027550] Mount-cache hash table entries: 8192 (order: 4, 65536 bytes, linear)
[    0.034788] Mountpoint-cache hash table entries: 8192 (order: 4, 65536 bytes, linear)
[    0.043396] rcu: Hierarchical SRCU implementation.
[    0.047560] EFI services will not be available.
[    0.051940] smp: Bringing up secondary CPUs ...
[    0.056658] Detected VIPT I-cache on CPU1
[    0.056697] CPU1: Booted secondary processor 0x0000000001 [0x410fd034]
[    0.057062] Detected VIPT I-cache on CPU2
[    0.057085] CPU2: Booted secondary processor 0x0000000002 [0x410fd034]
[    0.057424] Detected VIPT I-cache on CPU3
[    0.057447] CPU3: Booted secondary processor 0x0000000003 [0x410fd034]
[    0.057494] smp: Brought up 1 node, 4 CPUs
[    0.091779] SMP: Total of 4 processors activated.
[    0.096452] CPU features: detected: 32-bit EL0 Support
[    0.101555] CPU features: detected: CRC32 instructions
[    0.106696] CPU: All CPU(s) started at EL2
[    0.110736] alternatives: patching kernel code
[    0.116166] devtmpfs: initialized
[    0.124053] Registered cp15_barrier emulation handler
[    0.124103] Registered setend emulation handler
[    0.128084] clocksource: jiffies: mask: 0xffffffff max_cycles: 0xffffffff, max_idle_ns: 7645041785100000 ns
[    0.137662] futex hash table entries: 1024 (order: 4, 65536 bytes, linear)
[    0.151019] pinctrl core: initialized pinctrl subsystem
[    0.151669] NET: Registered protocol family 16
[    0.156085] DMA: preallocated 512 KiB GFP_KERNEL pool for atomic allocations
[    0.162098] DMA: preallocated 512 KiB GFP_KERNEL|GFP_DMA pool for atomic allocations
[    0.169824] DMA: preallocated 512 KiB GFP_KERNEL|GFP_DMA32 pool for atomic allocations
[    0.177628] audit: initializing netlink subsys (disabled)
[    0.183080] audit: type=2000 audit(0.116:1): state=initialized audit_enabled=0 res=1
[    0.183425] hw-breakpoint: found 6 breakpoint and 4 watchpoint registers.
[    0.197455] ASID allocator initialised with 65536 entries
[    0.224346] HugeTLB registered 1.00 GiB page size, pre-allocated 0 pages
[    0.225403] HugeTLB registered 32.0 MiB page size, pre-allocated 0 pages
[    0.232074] HugeTLB registered 2.00 MiB page size, pre-allocated 0 pages
[    0.238737] HugeTLB registered 64.0 KiB page size, pre-allocated 0 pages
[    1.304333] DRBG: Continuing without Jitter RNG
[    1.382130] raid6: neonx8   gen()  2143 MB/s
[    1.450181] raid6: neonx8   xor()  1599 MB/s
[    1.518241] raid6: neonx4   gen()  2202 MB/s
[    1.586290] raid6: neonx4   xor()  1569 MB/s
[    1.654350] raid6: neonx2   gen()  2076 MB/s
[    1.722400] raid6: neonx2   xor()  1440 MB/s
[    1.790462] raid6: neonx1   gen()  1772 MB/s
[    1.858512] raid6: neonx1   xor()  1220 MB/s
[    1.926570] raid6: int64x8  gen()  1438 MB/s
[    1.994626] raid6: int64x8  xor()   771 MB/s
[    2.062694] raid6: int64x4  gen()  1598 MB/s
[    2.130750] raid6: int64x4  xor()   815 MB/s
[    2.198809] raid6: int64x2  gen()  1396 MB/s
[    2.266862] raid6: int64x2  xor()   750 MB/s
[    2.334929] raid6: int64x1  gen()  1033 MB/s
[    2.403000] raid6: int64x1  xor()   517 MB/s
[    2.403039] raid6: using algorithm neonx4 gen() 2202 MB/s
[    2.406995] raid6: .... xor() 1569 MB/s, rmw enabled
[    2.411926] raid6: using neon recovery algorithm
[    2.416936] iommu: Default domain type: Translated 
[    2.421550] SCSI subsystem initialized
[    2.425095] libata version 3.00 loaded.
[    2.425219] usbcore: registered new interface driver usbfs
[    2.430552] usbcore: registered new interface driver hub
[    2.435825] usbcore: registered new device driver usb
[    2.440958] mc: Linux media interface: v0.10
[    2.445075] videodev: Linux video capture interface: v2.00
[    2.450566] EDAC MC: Ver: 3.0.0
[    2.454006] zynqmp-ipi-mbox mailbox@ff990400: Registered ZynqMP IPI mbox with TX/RX channels.
[    2.462506] jesd204: created con: id=0, topo=0, link=0, /axi/spi@ff050000/hmc7044@0 <-> /fpga-axi@0/axi-adxcvr-tx@84b60000
[    2.473094] jesd204: created con: id=1, topo=0, link=2, /axi/spi@ff050000/hmc7044@0 <-> /fpga-axi@0/axi-adxcvr-rx@84a60000
[    2.484079] jesd204: created con: id=2, topo=0, link=0, /fpga-axi@0/axi-adxcvr-tx@84b60000 <-> /fpga-axi@0/axi-jesd204-tx@84b90000
[    2.495754] jesd204: created con: id=3, topo=0, link=2, /fpga-axi@0/axi-adxcvr-rx@84a60000 <-> /fpga-axi@0/axi-jesd204-rx@84a90000
[    2.507431] jesd204: created con: id=4, topo=0, link=0, /fpga-axi@0/axi-jesd204-tx@84b90000 <-> /fpga-axi@0/axi-ad9081-tx-hpc@84b10000
[    2.519459] jesd204: created con: id=5, topo=0, link=2, /fpga-axi@0/axi-jesd204-rx@84a90000 <-> /fpga-axi@0/axi-ad9081-rx-hpc@84a10000
[    2.531482] jesd204: created con: id=6, topo=0, link=2, /fpga-axi@0/axi-ad9081-rx-hpc@84a10000 <-> /axi/spi@ff040000/ad9081@0
[    2.542723] jesd204: created con: id=7, topo=0, link=0, /fpga-axi@0/axi-ad9081-tx-hpc@84b10000 <-> /axi/spi@ff040000/ad9081@0
[    2.553973] jesd204: /axi/spi@ff040000/ad9081@0: JESD204[2] transition uninitialized -> initialized
[    2.562960] jesd204: /axi/spi@ff040000/ad9081@0: JESD204[0] transition uninitialized -> initialized
[    2.571951] jesd204: found 8 devices and 1 topologies
[    2.576995] FPGA manager framework
[    2.580473] Advanced Linux Sound Architecture Driver Initialized.
[    2.586770] Bluetooth: Core ver 2.22
[    2.589955] NET: Registered protocol family 31
[    2.594355] Bluetooth: HCI device and connection manager initialized
[    2.600672] Bluetooth: HCI socket layer initialized
[    2.605514] Bluetooth: L2CAP socket layer initialized
[    2.610538] Bluetooth: SCO socket layer initialized
[    2.615720] clocksource: Switched to clocksource arch_sys_counter
[    2.621531] VFS: Disk quotas dquot_6.6.0
[    2.625365] VFS: Dquot-cache hash table entries: 512 (order 0, 4096 bytes)
[    2.636083] NET: Registered protocol family 2
[    2.636809] tcp_listen_portaddr_hash hash table entries: 2048 (order: 3, 32768 bytes, linear)
[    2.645006] TCP established hash table entries: 32768 (order: 6, 262144 bytes, linear)
[    2.653030] TCP bind hash table entries: 32768 (order: 7, 524288 bytes, linear)
[    2.660475] TCP: Hash tables configured (established 32768 bind 32768)
[    2.666649] UDP hash table entries: 2048 (order: 4, 65536 bytes, linear)
[    2.673316] UDP-Lite hash table entries: 2048 (order: 4, 65536 bytes, linear)
[    2.680479] NET: Registered protocol family 1
[    2.684933] RPC: Registered named UNIX socket transport module.
[    2.690553] RPC: Registered udp transport module.
[    2.695217] RPC: Registered tcp transport module.
[    2.699887] RPC: Registered tcp NFSv4.1 backchannel transport module.
[    2.706878] PCI: CLS 0 bytes, default 64
[    2.710586] hw perfevents: no interrupt-affinity property for /pmu, guessing.
[    2.717438] hw perfevents: enabled with armv8_pmuv3 PMU driver, 7 counters available
[    2.725798] Initialise system trusted keyrings
[    2.729467] workingset: timestamp_bits=62 max_order=20 bucket_order=0
[    2.736362] NFS: Registering the id_resolver key type
[    2.740817] Key type id_resolver registered
[    2.744955] Key type id_legacy registered
[    2.748945] nfs4filelayout_init: NFSv4 File Layout Driver Registering...
[    2.755611] jffs2: version 2.2. (NAND) (SUMMARY)  Â© 2001-2006 Red Hat, Inc.
[    2.797919] NET: Registered protocol family 38
[    2.797962] xor: measuring software checksum speed
[    2.805648]    8regs           :  2363 MB/sec
[    2.809317]    32regs          :  2799 MB/sec
[    2.814259]    arm64_neon      :  2380 MB/sec
[    2.814449] xor: using function: 32regs (2799 MB/sec)
[    2.819476] Key type asymmetric registered
[    2.823537] Asymmetric key parser 'x509' registered
[    2.828397] Block layer SCSI generic (bsg) driver version 0.4 loaded (major 248)
[    2.835735] io scheduler mq-deadline registered
[    2.840231] io scheduler kyber registered
[    2.869655] Serial: 8250/16550 driver, 4 ports, IRQ sharing disabled
[    2.874291] cacheinfo: Unable to detect cache hierarchy for CPU 0
[    2.880626] brd: module loaded
[    2.884771] loop: module loaded
[    2.885321] Registered mathworks_ip class
[    2.888662] libphy: Fixed MDIO Bus: probed
[    2.891631] tun: Universal TUN/TAP device driver, 1.6
[    2.895721] CAN device driver interface
[    2.900239] usbcore: registered new interface driver asix
[    2.904828] usbcore: registered new interface driver ax88179_178a
[    2.910871] usbcore: registered new interface driver cdc_ether
[    2.916665] usbcore: registered new interface driver net1080
[    2.922288] usbcore: registered new interface driver cdc_subset
[    2.928168] usbcore: registered new interface driver zaurus
[    2.933715] usbcore: registered new interface driver cdc_ncm
[    2.940128] ehci_hcd: USB 2.0 'Enhanced' Host Controller (EHCI) Driver
[    2.945797] ehci-pci: EHCI PCI platform driver
[    2.950601] usbcore: registered new interface driver uas
[    2.955518] usbcore: registered new interface driver usb-storage
[    2.961505] usbcore: registered new interface driver usbserial_generic
[    2.967953] usbserial: USB Serial support registered for generic
[    2.973926] usbcore: registered new interface driver ftdi_sio
[    2.979629] usbserial: USB Serial support registered for FTDI USB Serial Device
[    2.986905] usbcore: registered new interface driver upd78f0730
[    2.992777] usbserial: USB Serial support registered for upd78f0730
[    3.000440] rtc_zynqmp ffa60000.rtc: registered as rtc0
[    3.004202] rtc_zynqmp ffa60000.rtc: setting system clock to 2022-03-26T00:09:00 UTC (1648253340)
[    3.013065] i2c /dev entries driver
[    3.018371] usbcore: registered new interface driver uvcvideo
[    3.022178] USB Video Class driver (1.1.1)
[    3.027758] Bluetooth: HCI UART driver ver 2.3
[    3.030649] Bluetooth: HCI UART protocol H4 registered
[    3.035758] Bluetooth: HCI UART protocol BCSP registered
[    3.041047] Bluetooth: HCI UART protocol LL registered
[    3.046136] Bluetooth: HCI UART protocol ATH3K registered
[    3.051512] Bluetooth: HCI UART protocol Three-wire (H5) registered
[    3.057766] Bluetooth: HCI UART protocol Intel registered
[    3.063102] Bluetooth: HCI UART protocol QCA registered
[    3.068305] usbcore: registered new interface driver bcm203x
[    3.073926] usbcore: registered new interface driver bpa10x
[    3.079460] usbcore: registered new interface driver bfusb
[    3.084911] usbcore: registered new interface driver btusb
[    3.090375] usbcore: registered new interface driver ath3k
[    3.095858] EDAC MC: ECC not enabled
[    3.099478] EDAC DEVICE0: Giving out device to module zynqmp-ocm-edac controller zynqmp_ocm: DEV ff960000.memory-controller (INTERRUPT)
[    3.111803] sdhci: Secure Digital Host Controller Interface driver
[    3.117585] sdhci: Copyright(c) Pierre Ossman
[    3.121910] sdhci-pltfm: SDHCI platform and OF driver helper
[    3.127970] ledtrig-cpu: registered to indicate activity on CPUs
[    3.133515] SMCCC: SOC_ID: ARCH_SOC_ID not implemented, skipping ....
[    3.139944] zynqmp_firmware_probe Platform Management API v1.1
[    3.145701] zynqmp_firmware_probe Trustzone version v1.0
[    3.185242] zynqmp-pinctrl firmware:zynqmp-firmware:pinctrl: zynqmp pinctrl initialized
[    3.233239] zynqmp-aes firmware:zynqmp-firmware:zynqmp-aes: will run requests pump with realtime priority
[    3.249011] alg: No test for xilinx-keccak-384 (zynqmp-keccak-384)
[    3.249722] alg: No test for xilinx-zynqmp-rsa (zynqmp-rsa)
[    3.255234] usbcore: registered new interface driver usbhid
[    3.260624] usbhid: USB HID core driver
[    3.271857] axi_sysid 85000000.axi-sysid-0: AXI System ID core version (1.01.a) found
[    3.274205] axi_sysid 85000000.axi-sysid-0: [ad9081_fmca_ebz] on [zcu102] git branch <master> git <084d44c9780640ca93fd847b1d9ec70dd65f5c67> clean [2022-03-18 04:17:50] UTC
[    3.289895] fpga_manager fpga0: Xilinx ZynqMP FPGA Manager registered
[    3.296256] usbcore: registered new interface driver snd-usb-audio
[    3.303678] pktgen: Packet Generator for packet performance testing. Version: 2.75
[    3.309872] Initializing XFRM netlink socket
[    3.313738] NET: Registered protocol family 10
[    3.318447] Segment Routing with IPv6
[    3.321834] sit: IPv6, IPv4 and MPLS over IPv4 tunneling driver
[    3.327909] NET: Registered protocol family 17
[    3.332007] NET: Registered protocol family 15
[    3.336505] can: controller area network core
[    3.340759] NET: Registered protocol family 29
[    3.345147] can: raw protocol
[    3.348083] can: broadcast manager protocol
[    3.352238] can: netlink gateway - max_hops=1
[    3.356632] Bluetooth: RFCOMM TTY layer initialized
[    3.361411] Bluetooth: RFCOMM socket layer initialized
[    3.366522] Bluetooth: RFCOMM ver 1.11
[    3.370230] Bluetooth: BNEP (Ethernet Emulation) ver 1.3
[    3.375503] Bluetooth: BNEP filters: protocol multicast
[    3.380695] Bluetooth: BNEP socket layer initialized
[    3.385623] Bluetooth: HIDP (Human Interface Emulation) ver 1.2
[    3.391507] Bluetooth: HIDP socket layer initialized
[    3.396564] 9pnet: Installing 9P2000 support
[    3.400684] NET: Registered protocol family 36
[    3.405100] Key type dns_resolver registered
[    3.409536] registered taskstats version 1
[    3.413396] Loading compiled-in X.509 certificates
[    3.418509] Btrfs loaded, crc32c=crc32c-generic
[    3.430896] ff000000.serial: ttyPS0 at MMIO 0xff000000 (irq = 49, base_baud = 6249999) is a xuartps
[    3.439923] printk: console [ttyPS0] enabled
[    3.444218] printk: bootconsole [cdns0] disabled
[    3.453844] ff010000.serial: ttyPS1 at MMIO 0xff010000 (irq = 50, base_baud = 6249999) is a xuartps
[    3.467093] of-fpga-region fpga-full: FPGA Region probed
[    3.474054] nwl-pcie fd0e0000.pcie: host bridge /axi/pcie@fd0e0000 ranges:
[    3.480947] nwl-pcie fd0e0000.pcie:      MEM 0x00e0000000..0x00efffffff -> 0x00e0000000
[    3.488956] nwl-pcie fd0e0000.pcie:      MEM 0x0600000000..0x07ffffffff -> 0x0600000000
[    3.497020] nwl-pcie fd0e0000.pcie: Link is DOWN
[    3.501778] nwl-pcie fd0e0000.pcie: PCI host bridge to bus 0000:00
[    3.507955] pci_bus 0000:00: root bus resource [bus 00-ff]
[    3.513436] pci_bus 0000:00: root bus resource [mem 0xe0000000-0xefffffff]
[    3.520306] pci_bus 0000:00: root bus resource [mem 0x600000000-0x7ffffffff pref]
[    3.527811] pci 0000:00:00.0: [10ee:d021] type 01 class 0x060400
[    3.533866] pci 0000:00:00.0: PME# supported from D0 D1 D2 D3hot
[    3.544306] pci 0000:00:00.0: PCI bridge to [bus 01-0c]
[    3.550285] xilinx-zynqmp-dma fd500000.dma: ZynqMP DMA driver Probe success
[    3.557462] xilinx-zynqmp-dma fd510000.dma: ZynqMP DMA driver Probe success
[    3.564641] xilinx-zynqmp-dma fd520000.dma: ZynqMP DMA driver Probe success
[    3.571824] xilinx-zynqmp-dma fd530000.dma: ZynqMP DMA driver Probe success
[    3.578992] xilinx-zynqmp-dma fd540000.dma: ZynqMP DMA driver Probe success
[    3.586159] xilinx-zynqmp-dma fd550000.dma: ZynqMP DMA driver Probe success
[    3.593331] xilinx-zynqmp-dma fd560000.dma: ZynqMP DMA driver Probe success
[    3.600502] xilinx-zynqmp-dma fd570000.dma: ZynqMP DMA driver Probe success
[    3.607910] xilinx-zynqmp-dpdma fd4c0000.dma-controller: Xilinx DPDMA engine is probed
[    3.616450] ahci-ceva fd0c0000.ahci: supply ahci not found, using dummy regulator
[    3.623990] ahci-ceva fd0c0000.ahci: supply phy not found, using dummy regulator
[    3.711896] hmc7044 spi2.0: PLL1: Acquisition, CLKIN0 @ 122880000 Hz, PFD: 80 kHz - PLL2: Locked @ 2576.000000 MHz
[    3.722614] jesd204: /axi/spi@ff050000/hmc7044@0,jesd204:1,parent=spi2.0: Using as SYSREF provider
[    3.732194] spi-nor spi0.0: SPI-NOR-UniqueID 100000235394732200270025081115266e
[    3.739502] spi-nor spi0.0: found n25q512a, expected m25p80
[    3.745706] spi-nor spi0.0: trying to lock already unlocked area
[    3.751717] spi-nor spi0.0: n25q512a (131072 Kbytes)
[    3.756697] 4 fixed-partitions partitions found on MTD device spi0.0
[    3.763045] Creating 4 MTD partitions on "spi0.0":
[    3.767830] 0x000000000000-0x000000100000 : "qspi-fsbl-uboot"
[    3.774327] 0x000000100000-0x000000600000 : "qspi-linux"
[    3.780284] 0x000000600000-0x000000620000 : "qspi-device-tree"
[    3.786761] 0x000000620000-0x000000c00000 : "qspi-rootfs"
[    3.795224] macb ff0e0000.ethernet: Not enabling partial store and forward
[    3.802749] libphy: MACB_mii_bus: probed
[    3.807802] macb ff0e0000.ethernet eth0: Cadence GEM rev 0x50070106 at 0xff0e0000 irq 30 (00:0a:35:04:8e:1b)
[    3.818020] xilinx-axipmon ffa00000.perf-monitor: Probed Xilinx APM
[    3.824599] xilinx-axipmon fd0b0000.perf-monitor: Probed Xilinx APM
[    3.831117] xilinx-axipmon fd490000.perf-monitor: Probed Xilinx APM
[    3.837661] xilinx-axipmon ffa10000.perf-monitor: Probed Xilinx APM
[    3.847667] pca953x 0-0020: supply vcc not found, using dummy regulator
[    3.854345] pca953x 0-0020: using no AI
[    3.858835] gpio-496 (sel0): hogged as output/low
[    3.863738] gpio-497 (sel1): hogged as output/high
[    3.868728] gpio-498 (sel2): hogged as output/high
[    3.873718] gpio-499 (sel3): hogged as output/high
[    3.878893] pca953x 0-0021: supply vcc not found, using dummy regulator
[    3.885566] pca953x 0-0021: using no AI
[    3.891324] ina2xx 2-0040: power monitor ina226 (Rshunt = 5000 uOhm)
[    3.898354] ina2xx 2-0041: power monitor ina226 (Rshunt = 5000 uOhm)
[    3.905394] ina2xx 2-0042: power monitor ina226 (Rshunt = 5000 uOhm)
[    3.912426] ina2xx 2-0043: power monitor ina226 (Rshunt = 5000 uOhm)
[    3.919449] ina2xx 2-0044: power monitor ina226 (Rshunt = 5000 uOhm)
[    3.926470] ina2xx 2-0045: power monitor ina226 (Rshunt = 5000 uOhm)
[    3.933502] ina2xx 2-0046: power monitor ina226 (Rshunt = 5000 uOhm)
[    3.940579] ina2xx 2-0047: power monitor ina226 (Rshunt = 5000 uOhm)
[    3.947601] ina2xx 2-004a: power monitor ina226 (Rshunt = 5000 uOhm)
[    3.954633] ina2xx 2-004b: power monitor ina226 (Rshunt = 5000 uOhm)
[    3.961035] i2c i2c-0: Added multiplexed i2c bus 2
[    3.966420] random: fast init done
[    3.969893] ina2xx 3-0040: power monitor ina226 (Rshunt = 2000 uOhm)
[    3.976924] ina2xx 3-0041: power monitor ina226 (Rshunt = 5000 uOhm)
[    3.983955] ina2xx 3-0042: power monitor ina226 (Rshunt = 5000 uOhm)
[    3.990992] ina2xx 3-0043: power monitor ina226 (Rshunt = 5000 uOhm)
[    3.998015] ina2xx 3-0044: power monitor ina226 (Rshunt = 5000 uOhm)
[    4.005042] ina2xx 3-0045: power monitor ina226 (Rshunt = 5000 uOhm)
[    4.012073] ina2xx 3-0046: power monitor ina226 (Rshunt = 5000 uOhm)
[    4.019105] ina2xx 3-0047: power monitor ina226 (Rshunt = 5000 uOhm)
[    4.025504] i2c i2c-0: Added multiplexed i2c bus 3
[    4.081488] i2c i2c-0: Added multiplexed i2c bus 4
[    4.086429] i2c i2c-0: Added multiplexed i2c bus 5
[    4.091216] pca954x 0-0075: registered 4 multiplexed busses for I2C mux pca9544
[    4.098565] cdns-i2c ff020000.i2c: 400 kHz mmio ff020000 irq 32
[    4.106294] at24 6-0054: supply vcc not found, using dummy regulator
[    4.113195] at24 6-0054: 1024 byte 24c08 EEPROM, writable, 1 bytes/write
[    4.119944] i2c i2c-1: Added multiplexed i2c bus 6
[    4.126375] si5341 7-0036: Chip: 5341 Grade: 1 Rev: 1
[    4.164064] i2c i2c-1: Added multiplexed i2c bus 7
[    4.171716] si570 8-005d: registered, current frequency 300000000 Hz
[    4.178117] i2c i2c-1: Added multiplexed i2c bus 8
[    4.197898] si570 9-005d: registered, current frequency 148500000 Hz
[    4.204296] i2c i2c-1: Added multiplexed i2c bus 9
[    4.209327] si5324 10-0069: si5328 probed
[    4.276086] si5324 10-0069: si5328 probe successful
[    4.281012] i2c i2c-1: Added multiplexed i2c bus 10
[    4.286041] i2c i2c-1: Added multiplexed i2c bus 11
[    4.291069] i2c i2c-1: Added multiplexed i2c bus 12
[    4.296087] i2c i2c-1: Added multiplexed i2c bus 13
[    4.300968] pca954x 1-0074: registered 8 multiplexed busses for I2C switch pca9548
[    4.309080] at24 14-0050: supply vcc not found, using dummy regulator
[    4.315863] at24 14-0050: 256 byte 24c02 EEPROM, writable, 1 bytes/write
[    4.322612] i2c i2c-1: Added multiplexed i2c bus 14
[    4.327649] i2c i2c-1: Added multiplexed i2c bus 15
[    4.332683] i2c i2c-1: Added multiplexed i2c bus 16
[    4.337721] i2c i2c-1: Added multiplexed i2c bus 17
[    4.342756] i2c i2c-1: Added multiplexed i2c bus 18
[    4.347804] i2c i2c-1: Added multiplexed i2c bus 19
[    4.352839] i2c i2c-1: Added multiplexed i2c bus 20
[    4.357874] i2c i2c-1: Added multiplexed i2c bus 21
[    4.362752] pca954x 1-0075: registered 8 multiplexed busses for I2C switch pca9548
[    4.370361] cdns-i2c ff030000.i2c: 400 kHz mmio ff030000 irq 33
[    4.380110] cdns-wdt fd4d0000.watchdog: Xilinx Watchdog Timer with timeout 60s
[    4.391052] axi_adxcvr 84a60000.axi-adxcvr-rx: AXI-ADXCVR-RX (17.05.a) using CPLL on GTH4 at 0x84A60000. Number of lanes: 4.
[    4.403230] axi_adxcvr 84b60000.axi-adxcvr-tx: AXI-ADXCVR-TX (17.05.a) using QPLL on GTH4 at 0x84B60000. Number of lanes: 4.
[    4.414853] axi-jesd204-rx 84a90000.axi-jesd204-rx: AXI-JESD204-RX (1.07.a) at 0x84A90000. Encoder 8b10b, width 4/4, lanes 4, jesd204-fsm.
[    4.422139] mmc0: SDHCI controller on ff170000.mmc [ff170000.mmc] using ADMA 64-bit
[    4.427694] axi-jesd204-tx 84b90000.axi-jesd204-tx: AXI-JESD204-TX (1.06.a) at 0x84B90000. Encoder 8b10b, width 4/4, lanes 4, jesd204-fsm.
[    4.448423] zynqmp-display fd4a0000.display: vtc bridge property not present
[    4.458075] xilinx-dp-snd-codec fd4a0000.display:zynqmp_dp_snd_codec0: Failed to get required clock freq
[    4.467582] xilinx-dp-snd-codec: probe of fd4a0000.display:zynqmp_dp_snd_codec0 failed with error -22
[    4.469496] mmc0: new high speed SDHC card at address 0001
[    4.477117] xilinx-dp-snd-pcm zynqmp_dp_snd_pcm0: Xilinx DisplayPort Sound PCM probed
[    4.482632] mmcblk0: mmc0:0001 EB1QT 29.8 GiB 
[    4.490435] xilinx-dp-snd-pcm zynqmp_dp_snd_pcm1: Xilinx DisplayPort Sound PCM probed
[    4.495785]  mmcblk0: p1 p2 p3
[    4.502735] OF: graph: no port node found in /axi/display@fd4a0000
[    4.511806] xlnx-drm xlnx-drm.0: bound fd4a0000.display (ops 0xffffffc010fcbdb8)
[    5.595735] zynqmp-display fd4a0000.display: [drm] Cannot find any crtc or sizes
[    5.603355] [drm] Initialized xlnx 1.0.0 20130509 for fd4a0000.display on minor 0
[    5.610843] zynqmp-display fd4a0000.display: ZynqMP DisplayPort Subsystem driver probed
[    5.619170] ahci-ceva fd0c0000.ahci: supply ahci not found, using dummy regulator
[    5.626713] ahci-ceva fd0c0000.ahci: supply phy not found, using dummy regulator
[    5.634164] ahci-ceva fd0c0000.ahci: supply target not found, using dummy regulator
[    5.642003] ahci-ceva fd0c0000.ahci: AHCI 0001.0301 32 slots 2 ports 6 Gbps 0x3 impl platform mode
[    5.650958] ahci-ceva fd0c0000.ahci: flags: 64bit ncq sntf pm clo only pmp fbs pio slum part ccc sds apst 
[    5.661649] scsi host0: ahci-ceva
[    5.665248] scsi host1: ahci-ceva
[    5.668676] ata1: SATA max UDMA/133 mmio [mem 0xfd0c0000-0xfd0c1fff] port 0x100 irq 45
[    5.676589] ata2: SATA max UDMA/133 mmio [mem 0xfd0c0000-0xfd0c1fff] port 0x180 irq 45
[    5.685193] ad9081 spi1.0: supply vdd not found, using dummy regulator
[    5.997931] ata2: SATA link down (SStatus 0 SControl 330)
[    6.003343] ata1: SATA link down (SStatus 0 SControl 330)
[    6.679738] zynqmp-display fd4a0000.display: [drm] Cannot find any crtc or sizes
[    7.544481] ad9081 spi1.0: AD9081 Rev. 2 Grade 10 (API 1.2.2) probed
[    7.551666] xhci-hcd xhci-hcd.1.auto: xHCI Host Controller
[    7.557159] xhci-hcd xhci-hcd.1.auto: new USB bus registered, assigned bus number 1
[    7.564905] xhci-hcd xhci-hcd.1.auto: hcc params 0x0238f625 hci version 0x100 quirks 0x0000000002010810
[    7.574317] xhci-hcd xhci-hcd.1.auto: irq 59, io mem 0xfe200000
[    7.580426] usb usb1: New USB device found, idVendor=1d6b, idProduct=0002, bcdDevice= 5.10
[    7.588690] usb usb1: New USB device strings: Mfr=3, Product=2, SerialNumber=1
[    7.595908] usb usb1: Product: xHCI Host Controller
[    7.600778] usb usb1: Manufacturer: Linux 5.10.0-98103-g2aa7ac113716 xhci-hcd
[    7.607904] usb usb1: SerialNumber: xhci-hcd.1.auto
[    7.613070] hub 1-0:1.0: USB hub found
[    7.616831] hub 1-0:1.0: 1 port detected
[    7.620935] xhci-hcd xhci-hcd.1.auto: xHCI Host Controller
[    7.626425] xhci-hcd xhci-hcd.1.auto: new USB bus registered, assigned bus number 2
[    7.634080] xhci-hcd xhci-hcd.1.auto: Host supports USB 3.0 SuperSpeed
[    7.640706] usb usb2: New USB device found, idVendor=1d6b, idProduct=0003, bcdDevice= 5.10
[    7.648964] usb usb2: New USB device strings: Mfr=3, Product=2, SerialNumber=1
[    7.656183] usb usb2: Product: xHCI Host Controller
[    7.661051] usb usb2: Manufacturer: Linux 5.10.0-98103-g2aa7ac113716 xhci-hcd
[    7.668177] usb usb2: SerialNumber: xhci-hcd.1.auto
[    7.673286] hub 2-0:1.0: USB hub found
[    7.677048] hub 2-0:1.0: 1 port detected
[    7.707089] cf_axi_adc 84a10000.axi-ad9081-rx-hpc: ADI AIM (10.01.b) at 0x84A10000 mapped to 0x(____ptrval____), probed ADC AD9081 as MASTER
[    7.740556] cf_axi_dds 84b10000.axi-ad9081-tx-hpc: Analog Devices CF_AXI_DDS_DDS MASTER (9.01.b) at 0x84B10000 mapped to 0x(____ptrval____), probed DDS AD9081
[    7.754761] jesd204: /axi/spi@ff040000/ad9081@0,jesd204:0,parent=spi1.0: JESD204[2] transition initialized -> probed
[    7.765281] jesd204: /axi/spi@ff040000/ad9081@0,jesd204:0,parent=spi1.0: JESD204[0] transition initialized -> probed
[    7.775804] jesd204: /axi/spi@ff040000/ad9081@0,jesd204:0,parent=spi1.0: JESD204[2] transition probed -> idle
[    7.785720] jesd204: /axi/spi@ff040000/ad9081@0,jesd204:0,parent=spi1.0: JESD204[0] transition probed -> idle
[    7.795635] jesd204: /axi/spi@ff040000/ad9081@0,jesd204:0,parent=spi1.0: JESD204[2] transition idle -> device_init
[    7.805978] jesd204: /axi/spi@ff040000/ad9081@0,jesd204:0,parent=spi1.0: JESD204[0] transition idle -> device_init
[    7.816331] jesd204: /axi/spi@ff040000/ad9081@0,jesd204:0,parent=spi1.0: JESD204[2] transition device_init -> link_init
[    7.827105] jesd204: /axi/spi@ff040000/ad9081@0,jesd204:0,parent=spi1.0: JESD204[0] transition device_init -> link_init
[    7.837896] jesd204: /axi/spi@ff040000/ad9081@0,jesd204:0,parent=spi1.0: JESD204[2] transition link_init -> link_supported
[    7.848935] jesd204: /axi/spi@ff040000/ad9081@0,jesd204:0,parent=spi1.0: JESD204[0] transition link_init -> link_supported
[    7.860346] hmc7044 spi2.0: hmc7044_jesd204_link_pre_setup: Link2 forcing continuous SYSREF mode
[    7.869521] jesd204: /axi/spi@ff040000/ad9081@0,jesd204:0,parent=spi1.0: JESD204[2] transition link_supported -> link_pre_setup
[    7.881002] jesd204: /axi/spi@ff040000/ad9081@0,jesd204:0,parent=spi1.0: JESD204[0] transition link_supported -> link_pre_setup
[    7.904845] jesd204: /axi/spi@ff040000/ad9081@0,jesd204:0,parent=spi1.0: JESD204[2] transition link_pre_setup -> clk_sync_stage1
[    7.916407] jesd204: /axi/spi@ff040000/ad9081@0,jesd204:0,parent=spi1.0: JESD204[0] transition link_pre_setup -> clk_sync_stage1
[    7.927972] jesd204: /axi/spi@ff040000/ad9081@0,jesd204:0,parent=spi1.0: JESD204[2] transition clk_sync_stage1 -> clk_sync_stage2
[    7.939614] jesd204: /axi/spi@ff040000/ad9081@0,jesd204:0,parent=spi1.0: JESD204[0] transition clk_sync_stage1 -> clk_sync_stage2
[    7.951268] jesd204: /axi/spi@ff040000/ad9081@0,jesd204:0,parent=spi1.0: JESD204[2] transition clk_sync_stage2 -> clk_sync_stage3
[    7.962912] jesd204: /axi/spi@ff040000/ad9081@0,jesd204:0,parent=spi1.0: JESD204[0] transition clk_sync_stage2 -> clk_sync_stage3
[    7.976585] jesd204: /axi/spi@ff040000/ad9081@0,jesd204:0,parent=spi1.0: JESD204[2] transition clk_sync_stage3 -> link_setup
[    7.987796] jesd204: /axi/spi@ff040000/ad9081@0,jesd204:0,parent=spi1.0: JESD204[0] transition clk_sync_stage3 -> link_setup
[    8.003793] jesd204: /axi/spi@ff040000/ad9081@0,jesd204:0,parent=spi1.0: JESD204[2] transition link_setup -> opt_setup_stage1
[    8.015099] jesd204: /axi/spi@ff040000/ad9081@0,jesd204:0,parent=spi1.0: JESD204[0] transition link_setup -> opt_setup_stage1
[    8.031166] jesd204: /axi/spi@ff040000/ad9081@0,jesd204:0,parent=spi1.0: JESD204[2] transition opt_setup_stage1 -> opt_setup_stage2
[    8.042995] jesd204: /axi/spi@ff040000/ad9081@0,jesd204:0,parent=spi1.0: JESD204[0] transition opt_setup_stage1 -> opt_setup_stage2
[    8.054970] jesd204: /axi/spi@ff040000/ad9081@0,jesd204:0,parent=spi1.0: JESD204[2] transition opt_setup_stage2 -> opt_setup_stage3
[    8.066797] jesd204: /axi/spi@ff040000/ad9081@0,jesd204:0,parent=spi1.0: JESD204[0] transition opt_setup_stage2 -> opt_setup_stage3
[    8.078620] jesd204: /axi/spi@ff040000/ad9081@0,jesd204:0,parent=spi1.0: JESD204[2] transition opt_setup_stage3 -> opt_setup_stage4
[    8.090439] jesd204: /axi/spi@ff040000/ad9081@0,jesd204:0,parent=spi1.0: JESD204[0] transition opt_setup_stage3 -> opt_setup_stage4
[    8.102267] jesd204: /axi/spi@ff040000/ad9081@0,jesd204:0,parent=spi1.0: JESD204[2] transition opt_setup_stage4 -> opt_setup_stage5
[    8.114093] jesd204: /axi/spi@ff040000/ad9081@0,jesd204:0,parent=spi1.0: JESD204[0] transition opt_setup_stage4 -> opt_setup_stage5
[    8.130033] jesd204: /axi/spi@ff040000/ad9081@0,jesd204:0,parent=spi1.0: JESD204[2] transition opt_setup_stage5 -> clocks_enable
[    8.141591] jesd204: /axi/spi@ff040000/ad9081@0,jesd204:0,parent=spi1.0: JESD204[0] transition opt_setup_stage5 -> clocks_enable
[    8.188531] axi_adxcvr 84a60000.axi-adxcvr-rx: adxcvr_clk_enable: CPLL RX buffer underflow error, status: 0x61
[    8.198521] axi_adxcvr 84a60000.axi-adxcvr-rx: adxcvr_clk_enable: CPLL RX buffer overflow error, status: 0x61
[    8.208495] jesd204: /axi/spi@ff040000/ad9081@0,jesd204:0,parent=spi1.0: JESD204[2] transition clocks_enable -> link_enable
[    8.219625] jesd204: /axi/spi@ff040000/ad9081@0,jesd204:0,parent=spi1.0: JESD204[0] transition clocks_enable -> link_enable
[    8.251961] ad9081 spi1.0: JESD RX (JTX) Link2 in DATA, SYNC deasserted, PLL locked, PHASE established, MODE valid
[    8.262563] ad9081 spi1.0: JESD TX (JRX) Link0 0xF lanes in DATA
[    8.268572] jesd204: /axi/spi@ff040000/ad9081@0,jesd204:0,parent=spi1.0: JESD204[2] transition link_enable -> link_running
[    8.279611] jesd204: /axi/spi@ff040000/ad9081@0,jesd204:0,parent=spi1.0: JESD204[0] transition link_enable -> link_running
[    8.290656] jesd204: /axi/spi@ff040000/ad9081@0,jesd204:0,parent=spi1.0: JESD204[2] transition link_running -> opt_post_running_stage
[    8.302646] jesd204: /axi/spi@ff040000/ad9081@0,jesd204:0,parent=spi1.0: JESD204[0] transition link_running -> opt_post_running_stage
[    8.323871] input: gpio-keys as /devices/platform/gpio-keys/input/input0
[    8.330883] of_cfs_init
[    8.333347] of_cfs_init: OK
[    8.336287] cfg80211: Loading compiled-in X.509 certificates for regulatory database
[    8.474430] cfg80211: Loaded X.509 cert 'sforshee: 00b28ddf47aef9cea7'
[    8.480966] clk: Not disabling unused clocks
[    8.485493] ALSA device list:
[    8.488454]   No soundcards found.
[    8.492127] platform regulatory.0: Direct firmware load for regulatory.db failed with error -2
[    8.500733] cfg80211: failed to load regulatory.db
[    8.515256] EXT4-fs (mmcblk0p2): mounted filesystem with ordered data mode. Opts: (null)
[    8.523371] VFS: Mounted root (ext4 filesystem) on device 179:2.
[    8.536716] devtmpfs: mounted
[    8.540534] Freeing unused kernel memory: 2560K
[    8.559769] Run /sbin/init as init process
[    8.563864]   with arguments:
[    8.563867]     /sbin/init
[    8.563869]   with environment:
[    8.563871]     HOME=/
[    8.563874]     TERM=linux
[    9.128394] systemd[1]: systemd 241 running in system mode. (+PAM +AUDIT +SELINUX +IMA +APPARMOR +SMACK +SYSVINIT +UTMP +LIBCRYPTSETUP +GCRYPT +GNUTLS +ACL +XZ +LZ4 +SECCOMP +BLKID +ELFUTILS +KMOD -IDN2 +IDN -PCRE2 default-hierarchy=hybrid)
[    9.150276] systemd[1]: Detected architecture arm64.
[    9.172435] systemd[1]: Set hostname to <analog>.
[    9.349623] systemd[1]: File /lib/systemd/system/systemd-journald.service:12 configures an IP firewall (IPAddressDeny=any), but the local system does not support BPF/cgroup based firewalling.
[    9.366683] systemd[1]: Proceeding WITHOUT firewalling in effect! (This warning is only shown for the first loaded unit using IP firewalling.)
[    9.530173] systemd[1]: /etc/systemd/system/tof-server.service:1: Assignment outside of section. Ignoring.
[    9.539871] systemd[1]: /etc/systemd/system/tof-server.service:2: Assignment outside of section. Ignoring.
[    9.722963] random: systemd: uninitialized urandom read (16 bytes read)
[    9.737686] random: systemd: uninitialized urandom read (16 bytes read)
[    9.744684] systemd[1]: Listening on udev Kernel Socket.
[    9.767824] systemd[1]: Condition check resulted in Arbitrary Executable File Formats File System Automount Point being skipped.
[    9.779477] random: systemd: uninitialized urandom read (16 bytes read)
[    9.786360] systemd[1]: Listening on Syslog Socket.
[   10.398294] ------------[ cut here ]------------
[   10.398303] Enabling unprepared \xa0\xd9Q\x88\xff\xff\xff`Q\x88\xff\xff\xff
[   10.398349] WARNING: CPU: 3 PID: 27 at drivers/clk/clk.c:1012 clk_core_enable+0xa4/0xc0
[   10.398352] Modules linked in:
[   10.398363] CPU: 3 PID: 27 Comm: kworker/3:0H Not tainted 5.10.0-98103-g2aa7ac113716 #5577
[   10.398366] Hardware name: ZynqMP ZCU102 Rev1.0 (DT)
[   10.398375] Workqueue: kblockd blk_mq_run_work_fn
[   10.398382] pstate: 80000085 (Nzcv daIf -PAN -UAO -TCO BTYPE=--)
[   10.398388] pc : clk_core_enable+0xa4/0xc0
[   10.398393] lr : clk_core_enable+0xa4/0xc0
[   10.398396] sp : ffffffc01209b2d0
[   10.398399] x29: ffffffc01209b2d0 x28: ffffff8800330c10 
[   10.398406] x27: ffffff8800330d48 x26: 0000005000000101 
[   10.398413] x25: 0000000265d7e602 x24: 0000000000000001 
[   10.398419] x23: ffffff88010e7380 x22: ffffff8801083220 
[   10.398426] x21: ffffff8801516000 x20: ffffff8801516008 
[   10.398432] x19: ffffff8801516008 x18: 0000000000000030 
[   10.398439] x17: 0000000000000002 x16: 0000aff97d1d0f50 
[   10.398445] x15: ffffffffffff8780 x14: ffffffc011d3b1a0 
[   10.398452] x13: ffffffc011d3b1c8 x12: 00000000000005eb 
[   10.398458] x11: 00000000000001f9 x10: ffffffc011d671c8 
[   10.398465] x9 : 00000000fffff800 x8 : ffffffc011d3b1c8 
[   10.398471] x7 : ffffffc011d671c8 x6 : 0000000000000001 
[   10.398478] x5 : ffffff887f7a89e0 x4 : 0000000000000000 
[   10.398484] x3 : 0000000000000027 x2 : 0000000000000023 
[   10.398490] x1 : eb017320e21cce00 x0 : 0000000000000000 
[   10.398497] Call trace:
[   10.398503]  clk_core_enable+0xa4/0xc0
[   10.398508]  clk_enable+0x2c/0x60
[   10.398515]  zynqmp_runtime_resume+0x24/0x84
[   10.398522]  pm_generic_runtime_resume+0x30/0x50
[   10.398528]  __genpd_runtime_resume+0x30/0xb0
[   10.398534]  genpd_runtime_resume+0x90/0x250
[   10.398540]  __rpm_callback+0x10c/0x1e0
[   10.398545]  rpm_callback+0x5c/0x84
[   10.398550]  rpm_resume+0x4a4/0x74c
[   10.398555]  __pm_runtime_resume+0x78/0xc4
[   10.398559]  spi_mem_access_start.isra.0+0x30/0x80
[   10.398564]  spi_mem_exec_op+0x3b0/0x424
[   10.398569]  spi_nor_read_sr+0x78/0xe0
[   10.398574]  spi_nor_wait_till_ready_with_timeout+0xb4/0x2f0
[   10.398578]  spi_nor_read+0x188/0x380
[   10.398583]  mtd_read_oob_std+0x78/0x84
[   10.398588]  mtd_read_oob+0x7c/0x134
[   10.398592]  mtd_read+0x48/0x7c
[   10.398598]  mtdblock_readsect+0x6c/0x150
[   10.398603]  mtd_queue_rq+0x2cc/0x5a0
[   10.398609]  blk_mq_dispatch_rq_list+0x110/0x790
[   10.398615]  __blk_mq_do_dispatch_sched+0x200/0x274
[   10.398620]  __blk_mq_sched_dispatch_requests+0x1a8/0x1fc
[   10.398626]  blk_mq_sched_dispatch_requests+0x3c/0x7c
[   10.398631]  __blk_mq_run_hw_queue+0x98/0x100
[   10.398635]  blk_mq_run_work_fn+0x24/0x30
[   10.398641]  process_one_work+0x1d4/0x380
[   10.398645]  worker_thread+0x78/0x4e0
[   10.398650]  kthread+0x124/0x130
[   10.398656]  ret_from_fork+0x10/0x3c
[   10.398659] ---[ end trace d503f1468cba0ee9 ]---
[   10.398667] zynqmp-qspi ff0f0000.spi: Cannot enable APB clock.
[   10.398716] spi_master spi0: Failed to power device: -108
[   10.398726] blk_update_request: I/O error, dev mtdblock0, sector 8 op 0x0:(READ) flags 0x80700 phys_seg 1 prio class 0
[   10.398804] spi_master spi0: Failed to power device: -22
[   10.398811] blk_update_request: I/O error, dev mtdblock0, sector 8 op 0x0:(READ) flags 0x0 phys_seg 8 prio class 0
[   10.398816] Buffer I/O error on dev mtdblock0, logical block 8, async page read
[   10.398825] spi_master spi0: Failed to power device: -22
[   10.398831] blk_update_request: I/O error, dev mtdblock0, sector 9 op 0x0:(READ) flags 0x0 phys_seg 7 prio class 0
[   10.398835] Buffer I/O error on dev mtdblock0, logical block 9, async page read
[   10.398842] spi_master spi0: Failed to power device: -22
[   10.398848] blk_update_request: I/O error, dev mtdblock0, sector 10 op 0x0:(READ) flags 0x0 phys_seg 6 prio class 0
[   10.398852] Buffer I/O error on dev mtdblock0, logical block 10, async page read
[   10.398859] spi_master spi0: Failed to power device: -22
[   10.398864] blk_update_request: I/O error, dev mtdblock0, sector 11 op 0x0:(READ) flags 0x0 phys_seg 5 prio class 0
[   10.398868] Buffer I/O error on dev mtdblock0, logical block 11, async page read
[   10.398875] spi_master spi0: Failed to power device: -22
[   10.398880] blk_update_request: I/O error, dev mtdblock0, sector 12 op 0x0:(READ) flags 0x0 phys_seg 4 prio class 0
[   10.398884] Buffer I/O error on dev mtdblock0, logical block 12, async page read
[   10.398891] spi_master spi0: Failed to power device: -22
[   10.398897] blk_update_request: I/O error, dev mtdblock0, sector 13 op 0x0:(READ) flags 0x0 phys_seg 3 prio class 0
[   10.398901] Buffer I/O error on dev mtdblock0, logical block 13, async page read
[   10.398907] spi_master spi0: Failed to power device: -22
[   10.398913] blk_update_request: I/O error, dev mtdblock0, sector 14 op 0x0:(READ) flags 0x0 phys_seg 2 prio class 0
[   10.398917] Buffer I/O error on dev mtdblock0, logical block 14, async page read
[   10.398923] spi_master spi0: Failed to power device: -22
[   10.398929] blk_update_request: I/O error, dev mtdblock0, sector 15 op 0x0:(READ) flags 0x0 phys_seg 1 prio class 0
[   10.398932] Buffer I/O error on dev mtdblock0, logical block 15, async page read
[   10.399247] spi_master spi0: Failed to power device: -22
[   10.399255] blk_update_request: I/O error, dev mtdblock1, sector 10112 op 0x0:(READ) flags 0x80700 phys_seg 1 prio class 0
[   10.399298] spi_master spi0: Failed to power device: -22
[   10.399304] Buffer I/O error on dev mtdblock1, logical block 10112, async page read
[   10.399312] spi_master spi0: Failed to power device: -22
[   10.399316] Buffer I/O error on dev mtdblock1, logical block 10113, async page read
[   10.399323] spi_master spi0: Failed to power device: -22
[   10.399331] spi_master spi0: Failed to power device: -22
[   10.399338] spi_master spi0: Failed to power device: -22
[   10.399346] spi_master spi0: Failed to power device: -22
[   10.399353] spi_master spi0: Failed to power device: -22
[   10.399360] spi_master spi0: Failed to power device: -22
[   10.399591] spi_master spi0: Failed to power device: -22
[   10.399635] spi_master spi0: Failed to power device: -22
[   10.399644] spi_master spi0: Failed to power device: -22
[   10.399651] spi_master spi0: Failed to power device: -22
[   10.399659] spi_master spi0: Failed to power device: -22
[   10.399667] spi_master spi0: Failed to power device: -22
[   10.399674] spi_master spi0: Failed to power device: -22
[   10.399681] spi_master spi0: Failed to power device: -22
[   10.399688] spi_master spi0: Failed to power device: -22
[   10.399972] spi_master spi0: Failed to power device: -22
[   10.400016] spi_master spi0: Failed to power device: -22
[   10.400026] spi_master spi0: Failed to power device: -22
[   10.400034] spi_master spi0: Failed to power device: -22
[   10.400042] spi_master spi0: Failed to power device: -22
[   10.400049] spi_master spi0: Failed to power device: -22
[   10.400056] spi_master spi0: Failed to power device: -22
[   10.400071] spi_master spi0: Failed to power device: -22
[   10.400078] spi_master spi0: Failed to power device: -22
[   10.523306] EXT4-fs (mmcblk0p2): re-mounted. Opts: (null)
[   10.668577] systemd-journald[151]: Received request to flush runtime journal from PID 1
[   16.545492] macb ff0e0000.ethernet eth0: PHY [ff0e0000.ethernet-ffffffff:0c] driver [TI DP83867] (irq=POLL)
[   16.545505] macb ff0e0000.ethernet eth0: configuring for phy/rgmii-id link mode
[   16.859751] Adding 101372k swap on /var/swap.  Priority:-2 extents:2 across:666620k SS
[   18.631743] random: crng init done
[   18.631754] random: 7 urandom warning(s) missed due to ratelimiting
[   19.410397] broken atomic modeset userspace detected, disabling atomic
[   19.617370] macb ff0e0000.ethernet eth0: Link is Up - 1Gbps/Full - flow control off
[   19.617392] IPv6: ADDRCONF(NETDEV_CHANGE): eth0: link becomes ready
[   22.082463] broken atomic modeset userspace detected, disabling atomic
[   24.973133] broken atomic modeset userspace detected, disabling atomic