[    0.000000] Booting Linux on physical CPU 0x0000000000 [0x410fd034]
[    0.000000] Linux version 5.10.0-98103-g2aa7ac113716 (jenkins@romlxbuild1.adlk.analog.com) (aarch64-xilinx-linux-gcc.real (GCC) 10.2.0, GNU ld (GNU Binutils) 2.35.0.20200730) #5577 SMP Wed Mar 23 07:28:49 GMT 2022
[    0.000000] Machine model: ZynqMP ZCU102 Rev1.0
[    0.000000] earlycon: cdns0 at MMIO 0x00000000ff000000 (options '115200n8')
[    0.000000] printk: bootconsole [cdns0] enabled
[    0.000000] efi: UEFI not found.
[    0.000000] cma: Reserved 256 MiB at 0x0000000070000000
[    0.000000] Zone ranges:
[    0.000000]   DMA      [mem 0x0000000000000000-0x000000003fffffff]
[    0.000000]   DMA32    [mem 0x0000000040000000-0x00000000ffffffff]
[    0.000000]   Normal   [mem 0x0000000100000000-0x000000087fffffff]
[    0.000000] Movable zone start for each node
[    0.000000] Early memory node ranges
[    0.000000]   node   0: [mem 0x0000000000000000-0x000000007fffffff]
[    0.000000]   node   0: [mem 0x0000000800000000-0x000000087fffffff]
[    0.000000] Initmem setup node 0 [mem 0x0000000000000000-0x000000087fffffff]
[    0.000000] On node 0 totalpages: 1048576
[    0.000000]   DMA zone: 3584 pages used for memmap
[    0.000000]   DMA zone: 0 pages reserved
[    0.000000]   DMA zone: 262144 pages, LIFO batch:63
[    0.000000]   DMA32 zone: 3584 pages used for memmap
[    0.000000]   DMA32 zone: 262144 pages, LIFO batch:63
[    0.000000]   Normal zone: 7168 pages used for memmap
[    0.000000]   Normal zone: 524288 pages, LIFO batch:63
[    0.000000] psci: probing for conduit method from DT.
[    0.000000] psci: PSCIv1.1 detected in firmware.
[    0.000000] psci: Using standard PSCI v0.2 function IDs
[    0.000000] psci: MIGRATE_INFO_TYPE not supported.
[    0.000000] psci: SMC Calling Convention v1.2
[    0.000000] percpu: Embedded 22 pages/cpu s49496 r8192 d32424 u90112
[    0.000000] pcpu-alloc: s49496 r8192 d32424 u90112 alloc=22*4096
[    0.000000] pcpu-alloc: [0] 0 [0] 1 [0] 2 [0] 3 
[    0.000000] Detected VIPT I-cache on CPU0
[    0.000000] CPU features: detected: ARM erratum 845719
[    0.000000] Built 1 zonelists, mobility grouping on.  Total pages: 1034240
[    0.000000] Kernel command line: console=ttyPS0,115200 root=/dev/mmcblk0p2 rw earlycon rootfstype=ext4 rootwait clk_ignore_unused cpuidle.off=1 root=/dev/mmcblk0p2 rw rootwait
[    0.000000] Dentry cache hash table entries: 524288 (order: 10, 4194304 bytes, linear)
[    0.000000] Inode-cache hash table entries: 262144 (order: 9, 2097152 bytes, linear)
[    0.000000] mem auto-init: stack:off, heap alloc:off, heap free:off
[    0.000000] software IO TLB: mapped [mem 0x000000003bfff000-0x000000003ffff000] (64MB)
[    0.000000] Memory: 3761904K/4194304K available (15296K kernel code, 1636K rwdata, 11876K rodata, 2560K init, 507K bss, 170256K reserved, 262144K cma-reserved)
[    0.000000] rcu: Hierarchical RCU implementation.
[    0.000000] rcu: 	RCU event tracing is enabled.
[    0.000000] rcu: 	RCU restricting CPUs from NR_CPUS=8 to nr_cpu_ids=4.
[    0.000000] rcu: RCU calculated value of scheduler-enlistment delay is 25 jiffies.
[    0.000000] rcu: Adjusting geometry for rcu_fanout_leaf=16, nr_cpu_ids=4
[    0.000000] NR_IRQS: 64, nr_irqs: 64, preallocated irqs: 0
[    0.000000] GIC: Adjusting CPU interface base to 0x00000000f902f000
[    0.000000] GIC: Using split EOI/Deactivate mode
[    0.000000] random: get_random_bytes called from start_kernel+0x31c/0x54c with crng_init=0
[    0.000000] arch_timer: cp15 timer(s) running at 100.00MHz (phys).
[    0.000000] clocksource: arch_sys_counter: mask: 0xffffffffffffff max_cycles: 0x171024e7e0, max_idle_ns: 440795205315 ns
[    0.000003] sched_clock: 56 bits at 100MHz, resolution 10ns, wraps every 4398046511100ns
[    0.008463] Console: colour dummy device 80x25
[    0.012482] Calibrating delay loop (skipped), value calculated using timer frequency.. 200.00 BogoMIPS (lpj=400000)
[    0.022840] pid_max: default: 32768 minimum: 301
[    0.027550] Mount-cache hash table entries: 8192 (order: 4, 65536 bytes, linear)
[    0.034789] Mountpoint-cache hash table entries: 8192 (order: 4, 65536 bytes, linear)
[    0.043397] rcu: Hierarchical SRCU implementation.
[    0.047559] EFI services will not be available.
[    0.051938] smp: Bringing up secondary CPUs ...
[    0.056654] Detected VIPT I-cache on CPU1
[    0.056695] CPU1: Booted secondary processor 0x0000000001 [0x410fd034]
[    0.057059] Detected VIPT I-cache on CPU2
[    0.057083] CPU2: Booted secondary processor 0x0000000002 [0x410fd034]
[    0.057425] Detected VIPT I-cache on CPU3
[    0.057448] CPU3: Booted secondary processor 0x0000000003 [0x410fd034]
[    0.057494] smp: Brought up 1 node, 4 CPUs
[    0.091779] SMP: Total of 4 processors activated.
[    0.096452] CPU features: detected: 32-bit EL0 Support
[    0.101555] CPU features: detected: CRC32 instructions
[    0.106695] CPU: All CPU(s) started at EL2
[    0.110736] alternatives: patching kernel code
[    0.116170] devtmpfs: initialized
[    0.124074] Registered cp15_barrier emulation handler
[    0.124123] Registered setend emulation handler
[    0.128101] clocksource: jiffies: mask: 0xffffffff max_cycles: 0xffffffff, max_idle_ns: 7645041785100000 ns
[    0.137678] futex hash table entries: 1024 (order: 4, 65536 bytes, linear)
[    0.151035] pinctrl core: initialized pinctrl subsystem
[    0.151682] NET: Registered protocol family 16
[    0.156101] DMA: preallocated 512 KiB GFP_KERNEL pool for atomic allocations
[    0.162115] DMA: preallocated 512 KiB GFP_KERNEL|GFP_DMA pool for atomic allocations
[    0.169842] DMA: preallocated 512 KiB GFP_KERNEL|GFP_DMA32 pool for atomic allocations
[    0.177645] audit: initializing netlink subsys (disabled)
[    0.183096] audit: type=2000 audit(0.116:1): state=initialized audit_enabled=0 res=1
[    0.183440] hw-breakpoint: found 6 breakpoint and 4 watchpoint registers.
[    0.197471] ASID allocator initialised with 65536 entries
[    0.224367] HugeTLB registered 1.00 GiB page size, pre-allocated 0 pages
[    0.225420] HugeTLB registered 32.0 MiB page size, pre-allocated 0 pages
[    0.232090] HugeTLB registered 2.00 MiB page size, pre-allocated 0 pages
[    0.238755] HugeTLB registered 64.0 KiB page size, pre-allocated 0 pages
[    1.304319] DRBG: Continuing without Jitter RNG
[    1.382153] raid6: neonx8   gen()  2144 MB/s
[    1.450205] raid6: neonx8   xor()  1600 MB/s
[    1.518262] raid6: neonx4   gen()  2202 MB/s
[    1.586304] raid6: neonx4   xor()  1565 MB/s
[    1.654368] raid6: neonx2   gen()  2075 MB/s
[    1.722419] raid6: neonx2   xor()  1438 MB/s
[    1.790487] raid6: neonx1   gen()  1772 MB/s
[    1.858533] raid6: neonx1   xor()  1220 MB/s
[    1.926587] raid6: int64x8  gen()  1438 MB/s
[    1.994646] raid6: int64x8  xor()   771 MB/s
[    2.062724] raid6: int64x4  gen()  1599 MB/s
[    2.130763] raid6: int64x4  xor()   816 MB/s
[    2.198838] raid6: int64x2  gen()  1397 MB/s
[    2.266894] raid6: int64x2  xor()   749 MB/s
[    2.334958] raid6: int64x1  gen()  1033 MB/s
[    2.403021] raid6: int64x1  xor()   517 MB/s
[    2.403058] raid6: using algorithm neonx4 gen() 2202 MB/s
[    2.407013] raid6: .... xor() 1565 MB/s, rmw enabled
[    2.411943] raid6: using neon recovery algorithm
[    2.416957] iommu: Default domain type: Translated 
[    2.421569] SCSI subsystem initialized
[    2.425112] libata version 3.00 loaded.
[    2.425236] usbcore: registered new interface driver usbfs
[    2.430569] usbcore: registered new interface driver hub
[    2.435842] usbcore: registered new device driver usb
[    2.440975] mc: Linux media interface: v0.10
[    2.445092] videodev: Linux video capture interface: v2.00
[    2.450583] EDAC MC: Ver: 3.0.0
[    2.454023] zynqmp-ipi-mbox mailbox@ff990400: Registered ZynqMP IPI mbox with TX/RX channels.
[    2.462528] jesd204: created con: id=0, topo=0, link=0, /axi/spi@ff050000/hmc7044@0 <-> /fpga-axi@0/axi-adxcvr-tx@84b60000
[    2.473112] jesd204: created con: id=1, topo=0, link=2, /axi/spi@ff050000/hmc7044@0 <-> /fpga-axi@0/axi-adxcvr-rx@84a60000
[    2.484096] jesd204: created con: id=2, topo=0, link=0, /fpga-axi@0/axi-adxcvr-tx@84b60000 <-> /fpga-axi@0/axi-jesd204-tx@84b90000
[    2.495771] jesd204: created con: id=3, topo=0, link=2, /fpga-axi@0/axi-adxcvr-rx@84a60000 <-> /fpga-axi@0/axi-jesd204-rx@84a90000
[    2.507448] jesd204: created con: id=4, topo=0, link=0, /fpga-axi@0/axi-jesd204-tx@84b90000 <-> /fpga-axi@0/axi-ad9081-tx-hpc@84b10000
[    2.519476] jesd204: created con: id=5, topo=0, link=2, /fpga-axi@0/axi-jesd204-rx@84a90000 <-> /fpga-axi@0/axi-ad9081-rx-hpc@84a10000
[    2.531499] jesd204: created con: id=6, topo=0, link=2, /fpga-axi@0/axi-ad9081-rx-hpc@84a10000 <-> /axi/spi@ff040000/ad9081@0
[    2.542740] jesd204: created con: id=7, topo=0, link=0, /fpga-axi@0/axi-ad9081-tx-hpc@84b10000 <-> /axi/spi@ff040000/ad9081@0
[    2.553990] jesd204: /axi/spi@ff040000/ad9081@0: JESD204[2] transition uninitialized -> initialized
[    2.562977] jesd204: /axi/spi@ff040000/ad9081@0: JESD204[0] transition uninitialized -> initialized
[    2.571968] jesd204: found 8 devices and 1 topologies
[    2.577013] FPGA manager framework
[    2.580490] Advanced Linux Sound Architecture Driver Initialized.
[    2.586785] Bluetooth: Core ver 2.22
[    2.589971] NET: Registered protocol family 31
[    2.594373] Bluetooth: HCI device and connection manager initialized
[    2.600689] Bluetooth: HCI socket layer initialized
[    2.605531] Bluetooth: L2CAP socket layer initialized
[    2.610556] Bluetooth: SCO socket layer initialized
[    2.615741] clocksource: Switched to clocksource arch_sys_counter
[    2.621546] VFS: Disk quotas dquot_6.6.0
[    2.625383] VFS: Dquot-cache hash table entries: 512 (order 0, 4096 bytes)
[    2.636108] NET: Registered protocol family 2
[    2.636827] tcp_listen_portaddr_hash hash table entries: 2048 (order: 3, 32768 bytes, linear)
[    2.645022] TCP established hash table entries: 32768 (order: 6, 262144 bytes, linear)
[    2.653047] TCP bind hash table entries: 32768 (order: 7, 524288 bytes, linear)
[    2.660492] TCP: Hash tables configured (established 32768 bind 32768)
[    2.666668] UDP hash table entries: 2048 (order: 4, 65536 bytes, linear)
[    2.673333] UDP-Lite hash table entries: 2048 (order: 4, 65536 bytes, linear)
[    2.680493] NET: Registered protocol family 1
[    2.684949] RPC: Registered named UNIX socket transport module.
[    2.690571] RPC: Registered udp transport module.
[    2.695234] RPC: Registered tcp transport module.
[    2.699904] RPC: Registered tcp NFSv4.1 backchannel transport module.
[    2.706894] PCI: CLS 0 bytes, default 64
[    2.710601] hw perfevents: no interrupt-affinity property for /pmu, guessing.
[    2.717455] hw perfevents: enabled with armv8_pmuv3 PMU driver, 7 counters available
[    2.725811] Initialise system trusted keyrings
[    2.729484] workingset: timestamp_bits=62 max_order=20 bucket_order=0
[    2.736381] NFS: Registering the id_resolver key type
[    2.740834] Key type id_resolver registered
[    2.744972] Key type id_legacy registered
[    2.748962] nfs4filelayout_init: NFSv4 File Layout Driver Registering...
[    2.755627] jffs2: version 2.2. (NAND) (SUMMARY)  Â© 2001-2006 Red Hat, Inc.
[    2.799541] NET: Registered protocol family 38
[    2.799583] xor: measuring software checksum speed
[    2.807274]    8regs           :  2363 MB/sec
[    2.810943]    32regs          :  2799 MB/sec
[    2.815889]    arm64_neon      :  2380 MB/sec
[    2.816076] xor: using function: 32regs (2799 MB/sec)
[    2.821101] Key type asymmetric registered
[    2.825163] Asymmetric key parser 'x509' registered
[    2.830024] Block layer SCSI generic (bsg) driver version 0.4 loaded (major 248)
[    2.837361] io scheduler mq-deadline registered
[    2.841857] io scheduler kyber registered
[    2.871271] Serial: 8250/16550 driver, 4 ports, IRQ sharing disabled
[    2.875921] cacheinfo: Unable to detect cache hierarchy for CPU 0
[    2.882244] brd: module loaded
[    2.886385] loop: module loaded
[    2.886926] Registered mathworks_ip class
[    2.890284] libphy: Fixed MDIO Bus: probed
[    2.893258] tun: Universal TUN/TAP device driver, 1.6
[    2.897323] CAN device driver interface
[    2.901856] usbcore: registered new interface driver asix
[    2.906456] usbcore: registered new interface driver ax88179_178a
[    2.912489] usbcore: registered new interface driver cdc_ether
[    2.918281] usbcore: registered new interface driver net1080
[    2.923905] usbcore: registered new interface driver cdc_subset
[    2.929787] usbcore: registered new interface driver zaurus
[    2.935330] usbcore: registered new interface driver cdc_ncm
[    2.941733] ehci_hcd: USB 2.0 'Enhanced' Host Controller (EHCI) Driver
[    2.947416] ehci-pci: EHCI PCI platform driver
[    2.952214] usbcore: registered new interface driver uas
[    2.957134] usbcore: registered new interface driver usb-storage
[    2.963121] usbcore: registered new interface driver usbserial_generic
[    2.969571] usbserial: USB Serial support registered for generic
[    2.975544] usbcore: registered new interface driver ftdi_sio
[    2.981247] usbserial: USB Serial support registered for FTDI USB Serial Device
[    2.988523] usbcore: registered new interface driver upd78f0730
[    2.994394] usbserial: USB Serial support registered for upd78f0730
[    3.002043] rtc_zynqmp ffa60000.rtc: registered as rtc0
[    3.005819] rtc_zynqmp ffa60000.rtc: setting system clock to 2022-03-26T03:25:04 UTC (1648265104)
[    3.014682] i2c /dev entries driver
[    3.020001] usbcore: registered new interface driver uvcvideo
[    3.023795] USB Video Class driver (1.1.1)
[    3.029362] Bluetooth: HCI UART driver ver 2.3
[    3.032277] Bluetooth: HCI UART protocol H4 registered
[    3.037376] Bluetooth: HCI UART protocol BCSP registered
[    3.042664] Bluetooth: HCI UART protocol LL registered
[    3.047753] Bluetooth: HCI UART protocol ATH3K registered
[    3.053129] Bluetooth: HCI UART protocol Three-wire (H5) registered
[    3.059381] Bluetooth: HCI UART protocol Intel registered
[    3.064719] Bluetooth: HCI UART protocol QCA registered
[    3.069924] usbcore: registered new interface driver bcm203x
[    3.075541] usbcore: registered new interface driver bpa10x
[    3.081078] usbcore: registered new interface driver bfusb
[    3.086530] usbcore: registered new interface driver btusb
[    3.091992] usbcore: registered new interface driver ath3k
[    3.097474] EDAC MC: ECC not enabled
[    3.101102] EDAC DEVICE0: Giving out device to module zynqmp-ocm-edac controller zynqmp_ocm: DEV ff960000.memory-controller (INTERRUPT)
[    3.113414] sdhci: Secure Digital Host Controller Interface driver
[    3.119204] sdhci: Copyright(c) Pierre Ossman
[    3.123527] sdhci-pltfm: SDHCI platform and OF driver helper
[    3.129577] ledtrig-cpu: registered to indicate activity on CPUs
[    3.135132] SMCCC: SOC_ID: ARCH_SOC_ID not implemented, skipping ....
[    3.141564] zynqmp_firmware_probe Platform Management API v1.1
[    3.147319] zynqmp_firmware_probe Trustzone version v1.0
[    3.186871] zynqmp-pinctrl firmware:zynqmp-firmware:pinctrl: zynqmp pinctrl initialized
[    3.234857] zynqmp-aes firmware:zynqmp-firmware:zynqmp-aes: will run requests pump with realtime priority
[    3.250724] alg: No test for xilinx-keccak-384 (zynqmp-keccak-384)
[    3.251434] alg: No test for xilinx-zynqmp-rsa (zynqmp-rsa)
[    3.256945] usbcore: registered new interface driver usbhid
[    3.262337] usbhid: USB HID core driver
[    3.273585] axi_sysid 85000000.axi-sysid-0: AXI System ID core version (1.01.a) found
[    3.275946] axi_sysid 85000000.axi-sysid-0: [ad9081_fmca_ebz] on [zcu102] git branch <master> git <084d44c9780640ca93fd847b1d9ec70dd65f5c67> clean [2022-03-18 04:17:50] UTC
[    3.291622] fpga_manager fpga0: Xilinx ZynqMP FPGA Manager registered
[    3.297978] usbcore: registered new interface driver snd-usb-audio
[    3.305423] pktgen: Packet Generator for packet performance testing. Version: 2.75
[    3.311601] Initializing XFRM netlink socket
[    3.315460] NET: Registered protocol family 10
[    3.320180] Segment Routing with IPv6
[    3.323553] sit: IPv6, IPv4 and MPLS over IPv4 tunneling driver
[    3.329631] NET: Registered protocol family 17
[    3.333737] NET: Registered protocol family 15
[    3.338233] can: controller area network core
[    3.342486] NET: Registered protocol family 29
[    3.346880] can: raw protocol
[    3.349813] can: broadcast manager protocol
[    3.353968] can: netlink gateway - max_hops=1
[    3.358360] Bluetooth: RFCOMM TTY layer initialized
[    3.363141] Bluetooth: RFCOMM socket layer initialized
[    3.368252] Bluetooth: RFCOMM ver 1.11
[    3.371962] Bluetooth: BNEP (Ethernet Emulation) ver 1.3
[    3.377232] Bluetooth: BNEP filters: protocol multicast
[    3.382425] Bluetooth: BNEP socket layer initialized
[    3.387352] Bluetooth: HIDP (Human Interface Emulation) ver 1.2
[    3.393236] Bluetooth: HIDP socket layer initialized
[    3.398287] 9pnet: Installing 9P2000 support
[    3.402414] NET: Registered protocol family 36
[    3.406834] Key type dns_resolver registered
[    3.411260] registered taskstats version 1
[    3.415126] Loading compiled-in X.509 certificates
[    3.420242] Btrfs loaded, crc32c=crc32c-generic
[    3.432636] ff000000.serial: ttyPS0 at MMIO 0xff000000 (irq = 49, base_baud = 6249999) is a xuartps
[    3.441661] printk: console [ttyPS0] enabled
[    3.445956] printk: bootconsole [cdns0] disabled
[    3.455583] ff010000.serial: ttyPS1 at MMIO 0xff010000 (irq = 50, base_baud = 6249999) is a xuartps
[    3.468833] of-fpga-region fpga-full: FPGA Region probed
[    3.475793] nwl-pcie fd0e0000.pcie: host bridge /axi/pcie@fd0e0000 ranges:
[    3.482681] nwl-pcie fd0e0000.pcie:      MEM 0x00e0000000..0x00efffffff -> 0x00e0000000
[    3.490687] nwl-pcie fd0e0000.pcie:      MEM 0x0600000000..0x07ffffffff -> 0x0600000000
[    3.498755] nwl-pcie fd0e0000.pcie: Link is DOWN
[    3.503513] nwl-pcie fd0e0000.pcie: PCI host bridge to bus 0000:00
[    3.509694] pci_bus 0000:00: root bus resource [bus 00-ff]
[    3.515174] pci_bus 0000:00: root bus resource [mem 0xe0000000-0xefffffff]
[    3.522040] pci_bus 0000:00: root bus resource [mem 0x600000000-0x7ffffffff pref]
[    3.529542] pci 0000:00:00.0: [10ee:d021] type 01 class 0x060400
[    3.535604] pci 0000:00:00.0: PME# supported from D0 D1 D2 D3hot
[    3.546046] pci 0000:00:00.0: PCI bridge to [bus 01-0c]
[    3.552029] xilinx-zynqmp-dma fd500000.dma: ZynqMP DMA driver Probe success
[    3.559202] xilinx-zynqmp-dma fd510000.dma: ZynqMP DMA driver Probe success
[    3.566379] xilinx-zynqmp-dma fd520000.dma: ZynqMP DMA driver Probe success
[    3.573545] xilinx-zynqmp-dma fd530000.dma: ZynqMP DMA driver Probe success
[    3.580713] xilinx-zynqmp-dma fd540000.dma: ZynqMP DMA driver Probe success
[    3.587887] xilinx-zynqmp-dma fd550000.dma: ZynqMP DMA driver Probe success
[    3.595054] xilinx-zynqmp-dma fd560000.dma: ZynqMP DMA driver Probe success
[    3.602221] xilinx-zynqmp-dma fd570000.dma: ZynqMP DMA driver Probe success
[    3.609617] xilinx-zynqmp-dpdma fd4c0000.dma-controller: Xilinx DPDMA engine is probed
[    3.618165] ahci-ceva fd0c0000.ahci: supply ahci not found, using dummy regulator
[    3.625715] ahci-ceva fd0c0000.ahci: supply phy not found, using dummy regulator
[    3.715911] hmc7044 spi2.0: PLL1: Acquisition, CLKIN0 @ 122880000 Hz, PFD: 80 kHz - PLL2: Locked @ 3168.000000 MHz
[    3.726626] jesd204: /axi/spi@ff050000/hmc7044@0,jesd204:1,parent=spi2.0: Using as SYSREF provider
[    3.736208] spi-nor spi0.0: SPI-NOR-UniqueID 100000235394732200270025081115266e
[    3.743515] spi-nor spi0.0: found n25q512a, expected m25p80
[    3.749722] spi-nor spi0.0: trying to lock already unlocked area
[    3.755725] spi-nor spi0.0: n25q512a (131072 Kbytes)
[    3.760710] 4 fixed-partitions partitions found on MTD device spi0.0
[    3.767057] Creating 4 MTD partitions on "spi0.0":
[    3.771843] 0x000000000000-0x000000100000 : "qspi-fsbl-uboot"
[    3.778334] 0x000000100000-0x000000600000 : "qspi-linux"
[    3.784289] 0x000000600000-0x000000620000 : "qspi-device-tree"
[    3.790759] 0x000000620000-0x000000c00000 : "qspi-rootfs"
[    3.799235] macb ff0e0000.ethernet: Not enabling partial store and forward
[    3.806760] libphy: MACB_mii_bus: probed
[    3.811816] macb ff0e0000.ethernet eth0: Cadence GEM rev 0x50070106 at 0xff0e0000 irq 30 (00:0a:35:04:8e:1b)
[    3.822026] xilinx-axipmon ffa00000.perf-monitor: Probed Xilinx APM
[    3.828603] xilinx-axipmon fd0b0000.perf-monitor: Probed Xilinx APM
[    3.835122] xilinx-axipmon fd490000.perf-monitor: Probed Xilinx APM
[    3.841667] xilinx-axipmon ffa10000.perf-monitor: Probed Xilinx APM
[    3.851651] pca953x 0-0020: supply vcc not found, using dummy regulator
[    3.858335] pca953x 0-0020: using no AI
[    3.862821] gpio-496 (sel0): hogged as output/low
[    3.867722] gpio-497 (sel1): hogged as output/high
[    3.872706] gpio-498 (sel2): hogged as output/high
[    3.877697] gpio-499 (sel3): hogged as output/high
[    3.882878] pca953x 0-0021: supply vcc not found, using dummy regulator
[    3.889551] pca953x 0-0021: using no AI
[    3.895303] ina2xx 2-0040: power monitor ina226 (Rshunt = 5000 uOhm)
[    3.902331] ina2xx 2-0041: power monitor ina226 (Rshunt = 5000 uOhm)
[    3.909367] ina2xx 2-0042: power monitor ina226 (Rshunt = 5000 uOhm)
[    3.916401] ina2xx 2-0043: power monitor ina226 (Rshunt = 5000 uOhm)
[    3.923426] ina2xx 2-0044: power monitor ina226 (Rshunt = 5000 uOhm)
[    3.930449] ina2xx 2-0045: power monitor ina226 (Rshunt = 5000 uOhm)
[    3.937479] ina2xx 2-0046: power monitor ina226 (Rshunt = 5000 uOhm)
[    3.944554] ina2xx 2-0047: power monitor ina226 (Rshunt = 5000 uOhm)
[    3.951581] ina2xx 2-004a: power monitor ina226 (Rshunt = 5000 uOhm)
[    3.958622] ina2xx 2-004b: power monitor ina226 (Rshunt = 5000 uOhm)
[    3.965034] i2c i2c-0: Added multiplexed i2c bus 2
[    3.970429] random: fast init done
[    3.973900] ina2xx 3-0040: power monitor ina226 (Rshunt = 2000 uOhm)
[    3.980926] ina2xx 3-0041: power monitor ina226 (Rshunt = 5000 uOhm)
[    3.987953] ina2xx 3-0042: power monitor ina226 (Rshunt = 5000 uOhm)
[    3.994982] ina2xx 3-0043: power monitor ina226 (Rshunt = 5000 uOhm)
[    4.002010] ina2xx 3-0044: power monitor ina226 (Rshunt = 5000 uOhm)
[    4.009037] ina2xx 3-0045: power monitor ina226 (Rshunt = 5000 uOhm)
[    4.016070] ina2xx 3-0046: power monitor ina226 (Rshunt = 5000 uOhm)
[    4.023099] ina2xx 3-0047: power monitor ina226 (Rshunt = 5000 uOhm)
[    4.029500] i2c i2c-0: Added multiplexed i2c bus 3
[    4.085270] i2c i2c-0: Added multiplexed i2c bus 4
[    4.090215] i2c i2c-0: Added multiplexed i2c bus 5
[    4.095003] pca954x 0-0075: registered 4 multiplexed busses for I2C mux pca9544
[    4.102354] cdns-i2c ff020000.i2c: 400 kHz mmio ff020000 irq 32
[    4.110089] at24 6-0054: supply vcc not found, using dummy regulator
[    4.116991] at24 6-0054: 1024 byte 24c08 EEPROM, writable, 1 bytes/write
[    4.123747] i2c i2c-1: Added multiplexed i2c bus 6
[    4.130169] si5341 7-0036: Chip: 5341 Grade: 1 Rev: 1
[    4.167853] i2c i2c-1: Added multiplexed i2c bus 7
[    4.175508] si570 8-005d: registered, current frequency 300000000 Hz
[    4.181912] i2c i2c-1: Added multiplexed i2c bus 8
[    4.201690] si570 9-005d: registered, current frequency 148500000 Hz
[    4.208095] i2c i2c-1: Added multiplexed i2c bus 9
[    4.213131] si5324 10-0069: si5328 probed
[    4.280097] si5324 10-0069: si5328 probe successful
[    4.285026] i2c i2c-1: Added multiplexed i2c bus 10
[    4.290052] i2c i2c-1: Added multiplexed i2c bus 11
[    4.295080] i2c i2c-1: Added multiplexed i2c bus 12
[    4.300098] i2c i2c-1: Added multiplexed i2c bus 13
[    4.304972] pca954x 1-0074: registered 8 multiplexed busses for I2C switch pca9548
[    4.313080] at24 14-0050: supply vcc not found, using dummy regulator
[    4.319870] at24 14-0050: 256 byte 24c02 EEPROM, writable, 1 bytes/write
[    4.326615] i2c i2c-1: Added multiplexed i2c bus 14
[    4.331656] i2c i2c-1: Added multiplexed i2c bus 15
[    4.336688] i2c i2c-1: Added multiplexed i2c bus 16
[    4.341725] i2c i2c-1: Added multiplexed i2c bus 17
[    4.346756] i2c i2c-1: Added multiplexed i2c bus 18
[    4.351802] i2c i2c-1: Added multiplexed i2c bus 19
[    4.356840] i2c i2c-1: Added multiplexed i2c bus 20
[    4.361874] i2c i2c-1: Added multiplexed i2c bus 21
[    4.366747] pca954x 1-0075: registered 8 multiplexed busses for I2C switch pca9548
[    4.374355] cdns-i2c ff030000.i2c: 400 kHz mmio ff030000 irq 33
[    4.384108] cdns-wdt fd4d0000.watchdog: Xilinx Watchdog Timer with timeout 60s
[    4.395047] axi_adxcvr 84a60000.axi-adxcvr-rx: AXI-ADXCVR-RX (17.05.a) using CPLL on GTH4 at 0x84A60000. Number of lanes: 4.
[    4.407220] axi_adxcvr 84b60000.axi-adxcvr-tx: AXI-ADXCVR-TX (17.05.a) using QPLL on GTH4 at 0x84B60000. Number of lanes: 4.
[    4.418845] axi-jesd204-rx 84a90000.axi-jesd204-rx: AXI-JESD204-RX (1.07.a) at 0x84A90000. Encoder 8b10b, width 4/4, lanes 4, jesd204-fsm.
[    4.426133] mmc0: SDHCI controller on ff170000.mmc [ff170000.mmc] using ADMA 64-bit
[    4.431689] axi-jesd204-tx 84b90000.axi-jesd204-tx: AXI-JESD204-TX (1.06.a) at 0x84B90000. Encoder 8b10b, width 4/4, lanes 4, jesd204-fsm.
[    4.452410] zynqmp-display fd4a0000.display: vtc bridge property not present
[    4.462062] xilinx-dp-snd-codec fd4a0000.display:zynqmp_dp_snd_codec0: Failed to get required clock freq
[    4.471568] xilinx-dp-snd-codec: probe of fd4a0000.display:zynqmp_dp_snd_codec0 failed with error -22
[    4.473524] mmc0: new high speed SDHC card at address 0001
[    4.481106] xilinx-dp-snd-pcm zynqmp_dp_snd_pcm0: Xilinx DisplayPort Sound PCM probed
[    4.486624] mmcblk0: mmc0:0001 EB1QT 29.8 GiB 
[    4.494426] xilinx-dp-snd-pcm zynqmp_dp_snd_pcm1: Xilinx DisplayPort Sound PCM probed
[    4.499809]  mmcblk0: p1 p2 p3
[    4.506727] OF: graph: no port node found in /axi/display@fd4a0000
[    4.515799] xlnx-drm xlnx-drm.0: bound fd4a0000.display (ops 0xffffffc010fcbdb8)
[    5.599757] zynqmp-display fd4a0000.display: [drm] Cannot find any crtc or sizes
[    5.607373] [drm] Initialized xlnx 1.0.0 20130509 for fd4a0000.display on minor 0
[    5.614863] zynqmp-display fd4a0000.display: ZynqMP DisplayPort Subsystem driver probed
[    5.623187] ahci-ceva fd0c0000.ahci: supply ahci not found, using dummy regulator
[    5.630735] ahci-ceva fd0c0000.ahci: supply phy not found, using dummy regulator
[    5.638193] ahci-ceva fd0c0000.ahci: supply target not found, using dummy regulator
[    5.656090] ahci-ceva fd0c0000.ahci: AHCI 0001.0301 32 slots 2 ports 6 Gbps 0x3 impl platform mode
[    5.665052] ahci-ceva fd0c0000.ahci: flags: 64bit ncq sntf pm clo only pmp fbs pio slum part ccc sds apst 
[    5.675677] scsi host0: ahci-ceva
[    5.679270] scsi host1: ahci-ceva
[    5.682698] ata1: SATA max UDMA/133 mmio [mem 0xfd0c0000-0xfd0c1fff] port 0x100 irq 45
[    5.690609] ata2: SATA max UDMA/133 mmio [mem 0xfd0c0000-0xfd0c1fff] port 0x180 irq 45
[    5.699212] ad9081 spi1.0: supply vdd not found, using dummy regulator
[    6.009957] ata1: SATA link down (SStatus 0 SControl 330)
[    6.015381] ata2: SATA link down (SStatus 0 SControl 330)
[    6.683760] zynqmp-display fd4a0000.display: [drm] Cannot find any crtc or sizes
[    7.519487] ad9081 spi1.0: AD9081 Rev. 2 Grade 10 (API 1.2.2) probed
[    7.526682] xhci-hcd xhci-hcd.1.auto: xHCI Host Controller
[    7.532184] xhci-hcd xhci-hcd.1.auto: new USB bus registered, assigned bus number 1
[    7.539928] xhci-hcd xhci-hcd.1.auto: hcc params 0x0238f625 hci version 0x100 quirks 0x0000000002010810
[    7.549347] xhci-hcd xhci-hcd.1.auto: irq 59, io mem 0xfe200000
[    7.555461] usb usb1: New USB device found, idVendor=1d6b, idProduct=0002, bcdDevice= 5.10
[    7.563722] usb usb1: New USB device strings: Mfr=3, Product=2, SerialNumber=1
[    7.570938] usb usb1: Product: xHCI Host Controller
[    7.575806] usb usb1: Manufacturer: Linux 5.10.0-98103-g2aa7ac113716 xhci-hcd
[    7.582932] usb usb1: SerialNumber: xhci-hcd.1.auto
[    7.588102] hub 1-0:1.0: USB hub found
[    7.591867] hub 1-0:1.0: 1 port detected
[    7.595963] xhci-hcd xhci-hcd.1.auto: xHCI Host Controller
[    7.601445] xhci-hcd xhci-hcd.1.auto: new USB bus registered, assigned bus number 2
[    7.609099] xhci-hcd xhci-hcd.1.auto: Host supports USB 3.0 SuperSpeed
[    7.615722] usb usb2: New USB device found, idVendor=1d6b, idProduct=0003, bcdDevice= 5.10
[    7.623984] usb usb2: New USB device strings: Mfr=3, Product=2, SerialNumber=1
[    7.631203] usb usb2: Product: xHCI Host Controller
[    7.636073] usb usb2: Manufacturer: Linux 5.10.0-98103-g2aa7ac113716 xhci-hcd
[    7.643198] usb usb2: SerialNumber: xhci-hcd.1.auto
[    7.648309] hub 2-0:1.0: USB hub found
[    7.652069] hub 2-0:1.0: 1 port detected
[    7.682120] cf_axi_adc 84a10000.axi-ad9081-rx-hpc: ADI AIM (10.01.b) at 0x84A10000 mapped to 0x(____ptrval____), probed ADC AD9081 as MASTER
[    7.712583] cf_axi_dds 84b10000.axi-ad9081-tx-hpc: Analog Devices CF_AXI_DDS_DDS MASTER (9.01.b) at 0x84B10000 mapped to 0x(____ptrval____), probed DDS AD9081
[    7.726785] jesd204: /axi/spi@ff040000/ad9081@0,jesd204:0,parent=spi1.0: JESD204[2] transition initialized -> probed
[    7.737306] jesd204: /axi/spi@ff040000/ad9081@0,jesd204:0,parent=spi1.0: JESD204[0] transition initialized -> probed
[    7.747830] jesd204: /axi/spi@ff040000/ad9081@0,jesd204:0,parent=spi1.0: JESD204[2] transition probed -> idle
[    7.757736] jesd204: /axi/spi@ff040000/ad9081@0,jesd204:0,parent=spi1.0: JESD204[0] transition probed -> idle
[    7.767656] jesd204: /axi/spi@ff040000/ad9081@0,jesd204:0,parent=spi1.0: JESD204[2] transition idle -> device_init
[    7.778006] jesd204: /axi/spi@ff040000/ad9081@0,jesd204:0,parent=spi1.0: JESD204[0] transition idle -> device_init
[    7.788355] jesd204: /axi/spi@ff040000/ad9081@0,jesd204:0,parent=spi1.0: JESD204[2] transition device_init -> link_init
[    7.799132] jesd204: /axi/spi@ff040000/ad9081@0,jesd204:0,parent=spi1.0: JESD204[0] transition device_init -> link_init
[    7.809924] jesd204: /axi/spi@ff040000/ad9081@0,jesd204:0,parent=spi1.0: JESD204[2] transition link_init -> link_supported
[    7.820962] jesd204: /axi/spi@ff040000/ad9081@0,jesd204:0,parent=spi1.0: JESD204[0] transition link_init -> link_supported
[    7.832360] hmc7044 spi2.0: hmc7044_jesd204_link_pre_setup: Link2 forcing continuous SYSREF mode
[    7.841302] axi-jesd204-rx 84a90000.axi-jesd204-rx: axi_jesd204_rx_jesd204_link_pre_setup: Link2 set lane rate 15840000 kHz failed (-22)
[    7.853558] jesd204: /fpga-axi@0/axi-jesd204-rx@84a90000,jesd204:4,parent=84a90000.axi-jesd204-rx: JESD204[2] In link_pre_setup got error from cb: -22
[    7.867027] jesd204: /axi/spi@ff040000/ad9081@0,jesd204:0,parent=spi1.0: Rolling back from 'link_supported', got error -22
[    7.878072] jesd204: /axi/spi@ff040000/ad9081@0,jesd204:0,parent=spi1.0: JESD204[0] transition link_supported -> link_pre_setup
[    7.889542] jesd204: /axi/spi@ff040000/ad9081@0,jesd204:0,parent=spi1.0: JESD204[2] transition link_supported -> link_pre_setup
[    7.901020] jesd204: /axi/spi@ff040000/ad9081@0,jesd204:0,parent=spi1.0: JESD204[0] transition link_pre_setup -> link_supported
[    7.912499] jesd204: /axi/spi@ff040000/ad9081@0,jesd204:0,parent=spi1.0: JESD204[2] transition link_pre_setup -> link_supported
[    7.923970] jesd204: /axi/spi@ff040000/ad9081@0,jesd204:0,parent=spi1.0: JESD204[0] transition link_supported -> link_init
[    7.935008] jesd204: /axi/spi@ff040000/ad9081@0,jesd204:0,parent=spi1.0: JESD204[2] transition link_supported -> link_init
[    7.946055] jesd204: /axi/spi@ff040000/ad9081@0,jesd204:0,parent=spi1.0: JESD204[0] transition link_init -> device_init
[    7.956834] jesd204: /axi/spi@ff040000/ad9081@0,jesd204:0,parent=spi1.0: JESD204[2] transition link_init -> device_init
[    7.967613] jesd204: /axi/spi@ff040000/ad9081@0,jesd204:0,parent=spi1.0: JESD204[0] transition device_init -> idle
[    7.977956] jesd204: /axi/spi@ff040000/ad9081@0,jesd204:0,parent=spi1.0: JESD204[2] transition device_init -> idle
[    7.988308] jesd204: /axi/spi@ff040000/ad9081@0,jesd204:0,parent=spi1.0: JESD204[2] transition idle -> idle
[    7.998041] jesd204: /axi/spi@ff040000/ad9081@0,jesd204:0,parent=spi1.0: JESD204[0] transition idle -> idle
[    8.007784] jesd204: /axi/spi@ff040000/ad9081@0,jesd204:0,parent=spi1.0: JESD204[2] transition idle -> device_init
[    8.018128] jesd204: /axi/spi@ff040000/ad9081@0,jesd204:0,parent=spi1.0: JESD204[0] transition idle -> device_init
[    8.028478] jesd204: /axi/spi@ff040000/ad9081@0,jesd204:0,parent=spi1.0: JESD204[2] transition device_init -> link_init
[    8.039256] jesd204: /axi/spi@ff040000/ad9081@0,jesd204:0,parent=spi1.0: JESD204[0] transition device_init -> link_init
[    8.050043] jesd204: /axi/spi@ff040000/ad9081@0,jesd204:0,parent=spi1.0: JESD204[2] transition link_init -> link_supported
[    8.061085] jesd204: /axi/spi@ff040000/ad9081@0,jesd204:0,parent=spi1.0: JESD204[0] transition link_init -> link_supported
[    8.072314] axi-jesd204-rx 84a90000.axi-jesd204-rx: axi_jesd204_rx_jesd204_link_pre_setup: Link2 set lane rate 15840000 kHz failed (-22)
[    8.084567] jesd204: /fpga-axi@0/axi-jesd204-rx@84a90000,jesd204:4,parent=84a90000.axi-jesd204-rx: JESD204[2] In link_pre_setup got error from cb: -22
[    8.098037] jesd204: /axi/spi@ff040000/ad9081@0,jesd204:0,parent=spi1.0: Rolling back from 'link_supported', got error -22
[    8.109081] jesd204: /axi/spi@ff040000/ad9081@0,jesd204:0,parent=spi1.0: JESD204[0] transition link_supported -> link_pre_setup
[    8.120552] jesd204: /axi/spi@ff040000/ad9081@0,jesd204:0,parent=spi1.0: JESD204[2] transition link_supported -> link_pre_setup
[    8.132029] jesd204: /axi/spi@ff040000/ad9081@0,jesd204:0,parent=spi1.0: JESD204[0] transition link_pre_setup -> link_supported
[    8.143501] jesd204: /axi/spi@ff040000/ad9081@0,jesd204:0,parent=spi1.0: JESD204[2] transition link_pre_setup -> link_supported
[    8.154982] jesd204: /axi/spi@ff040000/ad9081@0,jesd204:0,parent=spi1.0: JESD204[0] transition link_supported -> link_init
[    8.166017] jesd204: /axi/spi@ff040000/ad9081@0,jesd204:0,parent=spi1.0: JESD204[2] transition link_supported -> link_init
[    8.177064] jesd204: /axi/spi@ff040000/ad9081@0,jesd204:0,parent=spi1.0: JESD204[0] transition link_init -> device_init
[    8.187839] jesd204: /axi/spi@ff040000/ad9081@0,jesd204:0,parent=spi1.0: JESD204[2] transition link_init -> device_init
[    8.198622] jesd204: /axi/spi@ff040000/ad9081@0,jesd204:0,parent=spi1.0: JESD204[0] transition device_init -> idle
[    8.208971] jesd204: /axi/spi@ff040000/ad9081@0,jesd204:0,parent=spi1.0: JESD204[2] transition device_init -> idle
[    8.219318] jesd204: /axi/spi@ff040000/ad9081@0,jesd204:0,parent=spi1.0: JESD204[2] transition idle -> idle
[    8.229053] jesd204: /axi/spi@ff040000/ad9081@0,jesd204:0,parent=spi1.0: JESD204[0] transition idle -> idle
[    8.238793] jesd204: /axi/spi@ff040000/ad9081@0,jesd204:0,parent=spi1.0: JESD204[2] transition idle -> device_init
[    8.249137] jesd204: /axi/spi@ff040000/ad9081@0,jesd204:0,parent=spi1.0: JESD204[0] transition idle -> device_init
[    8.259487] jesd204: /axi/spi@ff040000/ad9081@0,jesd204:0,parent=spi1.0: JESD204[2] transition device_init -> link_init
[    8.270264] jesd204: /axi/spi@ff040000/ad9081@0,jesd204:0,parent=spi1.0: JESD204[0] transition device_init -> link_init
[    8.281052] jesd204: /axi/spi@ff040000/ad9081@0,jesd204:0,parent=spi1.0: JESD204[2] transition link_init -> link_supported
[    8.292095] jesd204: /axi/spi@ff040000/ad9081@0,jesd204:0,parent=spi1.0: JESD204[0] transition link_init -> link_supported
[    8.303282] axi-jesd204-rx 84a90000.axi-jesd204-rx: axi_jesd204_rx_jesd204_link_pre_setup: Link2 set lane rate 15840000 kHz failed (-22)
[    8.315542] jesd204: /fpga-axi@0/axi-jesd204-rx@84a90000,jesd204:4,parent=84a90000.axi-jesd204-rx: JESD204[2] In link_pre_setup got error from cb: -22
[    8.329011] jesd204: /axi/spi@ff040000/ad9081@0,jesd204:0,parent=spi1.0: Rolling back from 'link_supported', got error -22
[    8.340055] jesd204: /axi/spi@ff040000/ad9081@0,jesd204:0,parent=spi1.0: JESD204[0] transition link_supported -> link_pre_setup
[    8.351526] jesd204: /axi/spi@ff040000/ad9081@0,jesd204:0,parent=spi1.0: JESD204[2] transition link_supported -> link_pre_setup
[    8.363004] jesd204: /axi/spi@ff040000/ad9081@0,jesd204:0,parent=spi1.0: JESD204[0] transition link_pre_setup -> link_supported
[    8.374479] jesd204: /axi/spi@ff040000/ad9081@0,jesd204:0,parent=spi1.0: JESD204[2] transition link_pre_setup -> link_supported
[    8.385954] jesd204: /axi/spi@ff040000/ad9081@0,jesd204:0,parent=spi1.0: JESD204[0] transition link_supported -> link_init
[    8.396992] jesd204: /axi/spi@ff040000/ad9081@0,jesd204:0,parent=spi1.0: JESD204[2] transition link_supported -> link_init
[    8.408039] jesd204: /axi/spi@ff040000/ad9081@0,jesd204:0,parent=spi1.0: JESD204[0] transition link_init -> device_init
[    8.418815] jesd204: /axi/spi@ff040000/ad9081@0,jesd204:0,parent=spi1.0: JESD204[2] transition link_init -> device_init
[    8.429597] jesd204: /axi/spi@ff040000/ad9081@0,jesd204:0,parent=spi1.0: JESD204[0] transition device_init -> idle
[    8.439941] jesd204: /axi/spi@ff040000/ad9081@0,jesd204:0,parent=spi1.0: JESD204[2] transition device_init -> idle
[    8.450293] jesd204: /axi/spi@ff040000/ad9081@0,jesd204:0,parent=spi1.0: JESD204[2] transition idle -> idle
[    8.460031] jesd204: /axi/spi@ff040000/ad9081@0,jesd204:0,parent=spi1.0: JESD204[0] transition idle -> idle
[    8.469769] jesd204: /axi/spi@ff040000/ad9081@0,jesd204:0,parent=spi1.0: JESD204[2] transition idle -> device_init
[    8.480112] jesd204: /axi/spi@ff040000/ad9081@0,jesd204:0,parent=spi1.0: JESD204[0] transition idle -> device_init
[    8.490463] jesd204: /axi/spi@ff040000/ad9081@0,jesd204:0,parent=spi1.0: JESD204[2] transition device_init -> link_init
[    8.501239] jesd204: /axi/spi@ff040000/ad9081@0,jesd204:0,parent=spi1.0: JESD204[0] transition device_init -> link_init
[    8.512028] jesd204: /axi/spi@ff040000/ad9081@0,jesd204:0,parent=spi1.0: JESD204[2] transition link_init -> link_supported
[    8.523069] jesd204: /axi/spi@ff040000/ad9081@0,jesd204:0,parent=spi1.0: JESD204[0] transition link_init -> link_supported
[    8.534257] axi-jesd204-rx 84a90000.axi-jesd204-rx: axi_jesd204_rx_jesd204_link_pre_setup: Link2 set lane rate 15840000 kHz failed (-22)
[    8.546516] jesd204: /fpga-axi@0/axi-jesd204-rx@84a90000,jesd204:4,parent=84a90000.axi-jesd204-rx: JESD204[2] In link_pre_setup got error from cb: -22
[    8.559986] jesd204: /axi/spi@ff040000/ad9081@0,jesd204:0,parent=spi1.0: Rolling back from 'link_supported', got error -22
[    8.571030] jesd204: /axi/spi@ff040000/ad9081@0,jesd204:0,parent=spi1.0: JESD204[0] transition link_supported -> link_pre_setup
[    8.582501] jesd204: /axi/spi@ff040000/ad9081@0,jesd204:0,parent=spi1.0: JESD204[2] transition link_supported -> link_pre_setup
[    8.593979] jesd204: /axi/spi@ff040000/ad9081@0,jesd204:0,parent=spi1.0: JESD204[0] transition link_pre_setup -> link_supported
[    8.605451] jesd204: /axi/spi@ff040000/ad9081@0,jesd204:0,parent=spi1.0: JESD204[2] transition link_pre_setup -> link_supported
[    8.616928] jesd204: /axi/spi@ff040000/ad9081@0,jesd204:0,parent=spi1.0: JESD204[0] transition link_supported -> link_init
[    8.627968] jesd204: /axi/spi@ff040000/ad9081@0,jesd204:0,parent=spi1.0: JESD204[2] transition link_supported -> link_init
[    8.639013] jesd204: /axi/spi@ff040000/ad9081@0,jesd204:0,parent=spi1.0: JESD204[0] transition link_init -> device_init
[    8.649789] jesd204: /axi/spi@ff040000/ad9081@0,jesd204:0,parent=spi1.0: JESD204[2] transition link_init -> device_init
[    8.660571] jesd204: /axi/spi@ff040000/ad9081@0,jesd204:0,parent=spi1.0: JESD204[0] transition device_init -> idle
[    8.670915] jesd204: /axi/spi@ff040000/ad9081@0,jesd204:0,parent=spi1.0: JESD204[2] transition device_init -> idle
[    8.681262] jesd204: /axi/spi@ff040000/ad9081@0,jesd204:0,parent=spi1.0: FSM completed with error -22
[    8.699674] input: gpio-keys as /devices/platform/gpio-keys/input/input0
[    8.706694] of_cfs_init
[    8.709158] of_cfs_init: OK
[    8.712099] cfg80211: Loading compiled-in X.509 certificates for regulatory database
[    8.850344] cfg80211: Loaded X.509 cert 'sforshee: 00b28ddf47aef9cea7'
[    8.856871] clk: Not disabling unused clocks
[    8.861401] ALSA device list:
[    8.864361]   No soundcards found.
[    8.868025] platform regulatory.0: Direct firmware load for regulatory.db failed with error -2
[    8.876633] cfg80211: failed to load regulatory.db
[    8.891552] EXT4-fs (mmcblk0p2): mounted filesystem with ordered data mode. Opts: (null)
[    8.899669] VFS: Mounted root (ext4 filesystem) on device 179:2.
[    8.913460] devtmpfs: mounted
[    8.917277] Freeing unused kernel memory: 2560K
[    8.935792] Run /sbin/init as init process
[    8.939890]   with arguments:
[    8.939893]     /sbin/init
[    8.939895]   with environment:
[    8.939897]     HOME=/
[    8.939899]     TERM=linux
[    9.524657] systemd[1]: systemd 241 running in system mode. (+PAM +AUDIT +SELINUX +IMA +APPARMOR +SMACK +SYSVINIT +UTMP +LIBCRYPTSETUP +GCRYPT +GNUTLS +ACL +XZ +LZ4 +SECCOMP +BLKID +ELFUTILS +KMOD -IDN2 +IDN -PCRE2 default-hierarchy=hybrid)
[    9.546513] systemd[1]: Detected architecture arm64.
[    9.568496] systemd[1]: Set hostname to <analog>.
[    9.749068] systemd[1]: File /lib/systemd/system/systemd-journald.service:12 configures an IP firewall (IPAddressDeny=any), but the local system does not support BPF/cgroup based firewalling.
[    9.766152] systemd[1]: Proceeding WITHOUT firewalling in effect! (This warning is only shown for the first loaded unit using IP firewalling.)
[    9.932557] systemd[1]: /etc/systemd/system/tof-server.service:1: Assignment outside of section. Ignoring.
[    9.942273] systemd[1]: /etc/systemd/system/tof-server.service:2: Assignment outside of section. Ignoring.
[   10.128995] random: systemd: uninitialized urandom read (16 bytes read)
[   10.143882] random: systemd: uninitialized urandom read (16 bytes read)
[   10.150933] systemd[1]: Created slice User and Session Slice.
[   10.171863] systemd[1]: Condition check resulted in Arbitrary Executable File Formats File System Automount Point being skipped.
[   10.183540] random: systemd: uninitialized urandom read (16 bytes read)
[   10.190558] systemd[1]: Listening on Journal Socket.
[   10.751521] ------------[ cut here ]------------
[   10.751531] Enabling unprepared \xa0\xe9Q\x88\xff\xff\xffpQ\x88\xff\xff\xff
[   10.751577] WARNING: CPU: 3 PID: 27 at drivers/clk/clk.c:1012 clk_core_enable+0xa4/0xc0
[   10.751580] Modules linked in:
[   10.751590] CPU: 3 PID: 27 Comm: kworker/3:0H Not tainted 5.10.0-98103-g2aa7ac113716 #5577
[   10.751593] Hardware name: ZynqMP ZCU102 Rev1.0 (DT)
[   10.751602] Workqueue: kblockd blk_mq_run_work_fn
[   10.751610] pstate: 80000085 (Nzcv daIf -PAN -UAO -TCO BTYPE=--)
[   10.751615] pc : clk_core_enable+0xa4/0xc0
[   10.751621] lr : clk_core_enable+0xa4/0xc0
[   10.751623] sp : ffffffc01209b2d0
[   10.751626] x29: ffffffc01209b2d0 x28: ffffff8800330c10 
[   10.751633] x27: ffffff8800330d48 x26: 0000005000000101 
[   10.751640] x25: 000000027ae562e0 x24: 0000000000000001 
[   10.751647] x23: ffffff88010e9380 x22: ffffff8801083220 
[   10.751653] x21: ffffff8801517000 x20: ffffff8801517008 
[   10.751660] x19: ffffff8801517008 x18: 0000000000000030 
[   10.751666] x17: 0000000000000004 x16: 0000aa65e1df5eac 
[   10.751673] x15: ffffffffffff9c90 x14: ffffffc011d3b1a0 
[   10.751679] x13: ffffffc011d3b1c8 x12: 0000000000000672 
[   10.751686] x11: 0000000000000226 x10: ffffffc011d671c8 
[   10.751692] x9 : 00000000fffff800 x8 : ffffffc011d3b1c8 
[   10.751699] x7 : ffffffc011d671c8 x6 : 0000000000000001 
[   10.751705] x5 : ffffff887f7a89e0 x4 : 0000000000000000 
[   10.751711] x3 : 0000000000000027 x2 : 0000000000000023 
[   10.751718] x1 : c8811097b1635500 x0 : 0000000000000000 
[   10.751725] Call trace:
[   10.751732]  clk_core_enable+0xa4/0xc0
[   10.751737]  clk_enable+0x2c/0x60
[   10.751744]  zynqmp_runtime_resume+0x24/0x84
[   10.751751]  pm_generic_runtime_resume+0x30/0x50
[   10.751757]  __genpd_runtime_resume+0x30/0xb0
[   10.751764]  genpd_runtime_resume+0x90/0x250
[   10.751770]  __rpm_callback+0x10c/0x1e0
[   10.751776]  rpm_callback+0x5c/0x84
[   10.751781]  rpm_resume+0x4a4/0x74c
[   10.751786]  __pm_runtime_resume+0x78/0xc4
[   10.751790]  spi_mem_access_start.isra.0+0x30/0x80
[   10.751794]  spi_mem_exec_op+0x3b0/0x424
[   10.751799]  spi_nor_read_sr+0x78/0xe0
[   10.751804]  spi_nor_wait_till_ready_with_timeout+0xb4/0x2f0
[   10.751809]  spi_nor_read+0x188/0x380
[   10.751814]  mtd_read_oob_std+0x78/0x84
[   10.751819]  mtd_read_oob+0x7c/0x134
[   10.751823]  mtd_read+0x48/0x7c
[   10.751829]  mtdblock_readsect+0x6c/0x150
[   10.751834]  mtd_queue_rq+0x2cc/0x5a0
[   10.751840]  blk_mq_dispatch_rq_list+0x110/0x790
[   10.751846]  __blk_mq_do_dispatch_sched+0x200/0x274
[   10.751852]  __blk_mq_sched_dispatch_requests+0x1a8/0x1fc
[   10.751858]  blk_mq_sched_dispatch_requests+0x3c/0x7c
[   10.751862]  __blk_mq_run_hw_queue+0x98/0x100
[   10.751867]  blk_mq_run_work_fn+0x24/0x30
[   10.751873]  process_one_work+0x1d4/0x380
[   10.751877]  worker_thread+0x78/0x4e0
[   10.751882]  kthread+0x124/0x130
[   10.751887]  ret_from_fork+0x10/0x3c
[   10.751891] ---[ end trace 359616d9b07b64d1 ]---
[   10.751922] zynqmp-qspi ff0f0000.spi: Cannot enable APB clock.
[   10.751974] spi_master spi0: Failed to power device: -108
[   10.751984] blk_update_request: I/O error, dev mtdblock0, sector 8 op 0x0:(READ) flags 0x80700 phys_seg 1 prio class 0
[   10.752053] spi_master spi0: Failed to power device: -22
[   10.752060] blk_update_request: I/O error, dev mtdblock0, sector 8 op 0x0:(READ) flags 0x0 phys_seg 8 prio class 0
[   10.752065] Buffer I/O error on dev mtdblock0, logical block 8, async page read
[   10.752075] spi_master spi0: Failed to power device: -22
[   10.752081] blk_update_request: I/O error, dev mtdblock0, sector 9 op 0x0:(READ) flags 0x0 phys_seg 7 prio class 0
[   10.752085] Buffer I/O error on dev mtdblock0, logical block 9, async page read
[   10.752092] spi_master spi0: Failed to power device: -22
[   10.752098] blk_update_request: I/O error, dev mtdblock0, sector 10 op 0x0:(READ) flags 0x0 phys_seg 6 prio class 0
[   10.752102] Buffer I/O error on dev mtdblock0, logical block 10, async page read
[   10.752109] spi_master spi0: Failed to power device: -22
[   10.752114] blk_update_request: I/O error, dev mtdblock0, sector 11 op 0x0:(READ) flags 0x0 phys_seg 5 prio class 0
[   10.752118] Buffer I/O error on dev mtdblock0, logical block 11, async page read
[   10.752125] spi_master spi0: Failed to power device: -22
[   10.752131] blk_update_request: I/O error, dev mtdblock0, sector 12 op 0x0:(READ) flags 0x0 phys_seg 4 prio class 0
[   10.752134] Buffer I/O error on dev mtdblock0, logical block 12, async page read
[   10.752141] spi_master spi0: Failed to power device: -22
[   10.752147] blk_update_request: I/O error, dev mtdblock0, sector 13 op 0x0:(READ) flags 0x0 phys_seg 3 prio class 0
[   10.752151] Buffer I/O error on dev mtdblock0, logical block 13, async page read
[   10.752158] spi_master spi0: Failed to power device: -22
[   10.752163] blk_update_request: I/O error, dev mtdblock0, sector 14 op 0x0:(READ) flags 0x0 phys_seg 2 prio class 0
[   10.752176] Buffer I/O error on dev mtdblock0, logical block 14, async page read
[   10.752183] spi_master spi0: Failed to power device: -22
[   10.752189] blk_update_request: I/O error, dev mtdblock0, sector 15 op 0x0:(READ) flags 0x0 phys_seg 1 prio class 0
[   10.752192] Buffer I/O error on dev mtdblock0, logical block 15, async page read
[   10.752520] spi_master spi0: Failed to power device: -22
[   10.752527] blk_update_request: I/O error, dev mtdblock1, sector 10112 op 0x0:(READ) flags 0x80700 phys_seg 1 prio class 0
[   10.752570] spi_master spi0: Failed to power device: -22
[   10.752576] Buffer I/O error on dev mtdblock1, logical block 10112, async page read
[   10.752584] spi_master spi0: Failed to power device: -22
[   10.752589] Buffer I/O error on dev mtdblock1, logical block 10113, async page read
[   10.752596] spi_master spi0: Failed to power device: -22
[   10.752607] spi_master spi0: Failed to power device: -22
[   10.752614] spi_master spi0: Failed to power device: -22
[   10.752622] spi_master spi0: Failed to power device: -22
[   10.752629] spi_master spi0: Failed to power device: -22
[   10.752636] spi_master spi0: Failed to power device: -22
[   10.752897] spi_master spi0: Failed to power device: -22
[   10.752943] spi_master spi0: Failed to power device: -22
[   10.752952] spi_master spi0: Failed to power device: -22
[   10.752960] spi_master spi0: Failed to power device: -22
[   10.752967] spi_master spi0: Failed to power device: -22
[   10.752975] spi_master spi0: Failed to power device: -22
[   10.752982] spi_master spi0: Failed to power device: -22
[   10.752989] spi_master spi0: Failed to power device: -22
[   10.752996] spi_master spi0: Failed to power device: -22
[   10.753262] spi_master spi0: Failed to power device: -22
[   10.753305] spi_master spi0: Failed to power device: -22
[   10.753318] spi_master spi0: Failed to power device: -22
[   10.753326] spi_master spi0: Failed to power device: -22
[   10.753333] spi_master spi0: Failed to power device: -22
[   10.753341] spi_master spi0: Failed to power device: -22
[   10.753348] spi_master spi0: Failed to power device: -22
[   10.753355] spi_master spi0: Failed to power device: -22
[   10.753362] spi_master spi0: Failed to power device: -22
[   10.880723] EXT4-fs (mmcblk0p2): re-mounted. Opts: (null)
[   10.996587] systemd-journald[168]: Received request to flush runtime journal from PID 1
[   16.986973] macb ff0e0000.ethernet eth0: PHY [ff0e0000.ethernet-ffffffff:0c] driver [TI DP83867] (irq=POLL)
[   16.986986] macb ff0e0000.ethernet eth0: configuring for phy/rgmii-id link mode
[   17.271791] Adding 68604k swap on /var/swap.  Priority:-2 extents:2 across:3253180k SS
[   18.959769] random: crng init done
[   18.959780] random: 7 urandom warning(s) missed due to ratelimiting
[   19.869778] broken atomic modeset userspace detected, disabling atomic
[   20.065384] macb ff0e0000.ethernet eth0: Link is Up - 1Gbps/Full - flow control off
[   20.065409] IPv6: ADDRCONF(NETDEV_CHANGE): eth0: link becomes ready
[   22.541821] broken atomic modeset userspace detected, disabling atomic
[   25.394266] broken atomic modeset userspace detected, disabling atomic