[    0.000000] Booting Linux on physical CPU 0x0000000000 [0x410fd034]
[    0.000000] Linux version 5.10.0-98103-g2aa7ac113716 (jenkins@romlxbuild1.adlk.analog.com) (aarch64-xilinx-linux-gcc.real (GCC) 10.2.0, GNU ld (GNU Binutils) 2.35.0.20200730) #5577 SMP Wed Mar 23 07:28:49 GMT 2022
[    0.000000] Machine model: ZynqMP ZCU102 Rev1.0
[    0.000000] earlycon: cdns0 at MMIO 0x00000000ff000000 (options '115200n8')
[    0.000000] printk: bootconsole [cdns0] enabled
[    0.000000] efi: UEFI not found.
[    0.000000] cma: Reserved 256 MiB at 0x0000000070000000
[    0.000000] Zone ranges:
[    0.000000]   DMA      [mem 0x0000000000000000-0x000000003fffffff]
[    0.000000]   DMA32    [mem 0x0000000040000000-0x00000000ffffffff]
[    0.000000]   Normal   [mem 0x0000000100000000-0x000000087fffffff]
[    0.000000] Movable zone start for each node
[    0.000000] Early memory node ranges
[    0.000000]   node   0: [mem 0x0000000000000000-0x000000007fffffff]
[    0.000000]   node   0: [mem 0x0000000800000000-0x000000087fffffff]
[    0.000000] Initmem setup node 0 [mem 0x0000000000000000-0x000000087fffffff]
[    0.000000] On node 0 totalpages: 1048576
[    0.000000]   DMA zone: 3584 pages used for memmap
[    0.000000]   DMA zone: 0 pages reserved
[    0.000000]   DMA zone: 262144 pages, LIFO batch:63
[    0.000000]   DMA32 zone: 3584 pages used for memmap
[    0.000000]   DMA32 zone: 262144 pages, LIFO batch:63
[    0.000000]   Normal zone: 7168 pages used for memmap
[    0.000000]   Normal zone: 524288 pages, LIFO batch:63
[    0.000000] psci: probing for conduit method from DT.
[    0.000000] psci: PSCIv1.1 detected in firmware.
[    0.000000] psci: Using standard PSCI v0.2 function IDs
[    0.000000] psci: MIGRATE_INFO_TYPE not supported.
[    0.000000] psci: SMC Calling Convention v1.2
[    0.000000] percpu: Embedded 22 pages/cpu s49496 r8192 d32424 u90112
[    0.000000] pcpu-alloc: s49496 r8192 d32424 u90112 alloc=22*4096
[    0.000000] pcpu-alloc: [0] 0 [0] 1 [0] 2 [0] 3 
[    0.000000] Detected VIPT I-cache on CPU0
[    0.000000] CPU features: detected: ARM erratum 845719
[    0.000000] Built 1 zonelists, mobility grouping on.  Total pages: 1034240
[    0.000000] Kernel command line: console=ttyPS0,115200 root=/dev/mmcblk0p2 rw earlycon rootfstype=ext4 rootwait clk_ignore_unused cpuidle.off=1 root=/dev/mmcblk0p2 rw rootwait
[    0.000000] Dentry cache hash table entries: 524288 (order: 10, 4194304 bytes, linear)
[    0.000000] Inode-cache hash table entries: 262144 (order: 9, 2097152 bytes, linear)
[    0.000000] mem auto-init: stack:off, heap alloc:off, heap free:off
[    0.000000] software IO TLB: mapped [mem 0x000000003bfff000-0x000000003ffff000] (64MB)
[    0.000000] Memory: 3761904K/4194304K available (15296K kernel code, 1636K rwdata, 11876K rodata, 2560K init, 507K bss, 170256K reserved, 262144K cma-reserved)
[    0.000000] rcu: Hierarchical RCU implementation.
[    0.000000] rcu: 	RCU event tracing is enabled.
[    0.000000] rcu: 	RCU restricting CPUs from NR_CPUS=8 to nr_cpu_ids=4.
[    0.000000] rcu: RCU calculated value of scheduler-enlistment delay is 25 jiffies.
[    0.000000] rcu: Adjusting geometry for rcu_fanout_leaf=16, nr_cpu_ids=4
[    0.000000] NR_IRQS: 64, nr_irqs: 64, preallocated irqs: 0
[    0.000000] GIC: Adjusting CPU interface base to 0x00000000f902f000
[    0.000000] GIC: Using split EOI/Deactivate mode
[    0.000000] random: get_random_bytes called from start_kernel+0x31c/0x54c with crng_init=0
[    0.000000] arch_timer: cp15 timer(s) running at 100.00MHz (phys).
[    0.000000] clocksource: arch_sys_counter: mask: 0xffffffffffffff max_cycles: 0x171024e7e0, max_idle_ns: 440795205315 ns
[    0.000004] sched_clock: 56 bits at 100MHz, resolution 10ns, wraps every 4398046511100ns
[    0.008461] Console: colour dummy device 80x25
[    0.012483] Calibrating delay loop (skipped), value calculated using timer frequency.. 200.00 BogoMIPS (lpj=400000)
[    0.022841] pid_max: default: 32768 minimum: 301
[    0.027551] Mount-cache hash table entries: 8192 (order: 4, 65536 bytes, linear)
[    0.034789] Mountpoint-cache hash table entries: 8192 (order: 4, 65536 bytes, linear)
[    0.043397] rcu: Hierarchical SRCU implementation.
[    0.047559] EFI services will not be available.
[    0.051939] smp: Bringing up secondary CPUs ...
[    0.056657] Detected VIPT I-cache on CPU1
[    0.056694] CPU1: Booted secondary processor 0x0000000001 [0x410fd034]
[    0.057060] Detected VIPT I-cache on CPU2
[    0.057084] CPU2: Booted secondary processor 0x0000000002 [0x410fd034]
[    0.057421] Detected VIPT I-cache on CPU3
[    0.057444] CPU3: Booted secondary processor 0x0000000003 [0x410fd034]
[    0.057490] smp: Brought up 1 node, 4 CPUs
[    0.091780] SMP: Total of 4 processors activated.
[    0.096452] CPU features: detected: 32-bit EL0 Support
[    0.101556] CPU features: detected: CRC32 instructions
[    0.106696] CPU: All CPU(s) started at EL2
[    0.110736] alternatives: patching kernel code
[    0.116170] devtmpfs: initialized
[    0.124060] Registered cp15_barrier emulation handler
[    0.124110] Registered setend emulation handler
[    0.128091] clocksource: jiffies: mask: 0xffffffff max_cycles: 0xffffffff, max_idle_ns: 7645041785100000 ns
[    0.137671] futex hash table entries: 1024 (order: 4, 65536 bytes, linear)
[    0.151028] pinctrl core: initialized pinctrl subsystem
[    0.151674] NET: Registered protocol family 16
[    0.156095] DMA: preallocated 512 KiB GFP_KERNEL pool for atomic allocations
[    0.162107] DMA: preallocated 512 KiB GFP_KERNEL|GFP_DMA pool for atomic allocations
[    0.169834] DMA: preallocated 512 KiB GFP_KERNEL|GFP_DMA32 pool for atomic allocations
[    0.177636] audit: initializing netlink subsys (disabled)
[    0.183089] audit: type=2000 audit(0.116:1): state=initialized audit_enabled=0 res=1
[    0.183434] hw-breakpoint: found 6 breakpoint and 4 watchpoint registers.
[    0.197463] ASID allocator initialised with 65536 entries
[    0.224353] HugeTLB registered 1.00 GiB page size, pre-allocated 0 pages
[    0.225413] HugeTLB registered 32.0 MiB page size, pre-allocated 0 pages
[    0.232083] HugeTLB registered 2.00 MiB page size, pre-allocated 0 pages
[    0.238747] HugeTLB registered 64.0 KiB page size, pre-allocated 0 pages
[    1.304304] DRBG: Continuing without Jitter RNG
[    1.382143] raid6: neonx8   gen()  2144 MB/s
[    1.450191] raid6: neonx8   xor()  1597 MB/s
[    1.518243] raid6: neonx4   gen()  2204 MB/s
[    1.586297] raid6: neonx4   xor()  1565 MB/s
[    1.654364] raid6: neonx2   gen()  2076 MB/s
[    1.722411] raid6: neonx2   xor()  1437 MB/s
[    1.790477] raid6: neonx1   gen()  1772 MB/s
[    1.858521] raid6: neonx1   xor()  1220 MB/s
[    1.926579] raid6: int64x8  gen()  1438 MB/s
[    1.994636] raid6: int64x8  xor()   771 MB/s
[    2.062703] raid6: int64x4  gen()  1598 MB/s
[    2.130759] raid6: int64x4  xor()   817 MB/s
[    2.198833] raid6: int64x2  gen()  1396 MB/s
[    2.266872] raid6: int64x2  xor()   750 MB/s
[    2.334956] raid6: int64x1  gen()  1034 MB/s
[    2.403011] raid6: int64x1  xor()   517 MB/s
[    2.403049] raid6: using algorithm neonx4 gen() 2204 MB/s
[    2.407005] raid6: .... xor() 1565 MB/s, rmw enabled
[    2.411935] raid6: using neon recovery algorithm
[    2.416947] iommu: Default domain type: Translated 
[    2.421559] SCSI subsystem initialized
[    2.425104] libata version 3.00 loaded.
[    2.425228] usbcore: registered new interface driver usbfs
[    2.430560] usbcore: registered new interface driver hub
[    2.435835] usbcore: registered new device driver usb
[    2.440966] mc: Linux media interface: v0.10
[    2.445084] videodev: Linux video capture interface: v2.00
[    2.450574] EDAC MC: Ver: 3.0.0
[    2.454015] zynqmp-ipi-mbox mailbox@ff990400: Registered ZynqMP IPI mbox with TX/RX channels.
[    2.462515] jesd204: created con: id=0, topo=0, link=0, /axi/spi@ff050000/hmc7044@0 <-> /fpga-axi@0/axi-adxcvr-tx@84b60000
[    2.473103] jesd204: created con: id=1, topo=0, link=2, /axi/spi@ff050000/hmc7044@0 <-> /fpga-axi@0/axi-adxcvr-rx@84a60000
[    2.484088] jesd204: created con: id=2, topo=0, link=0, /fpga-axi@0/axi-adxcvr-tx@84b60000 <-> /fpga-axi@0/axi-jesd204-tx@84b90000
[    2.495763] jesd204: created con: id=3, topo=0, link=2, /fpga-axi@0/axi-adxcvr-rx@84a60000 <-> /fpga-axi@0/axi-jesd204-rx@84a90000
[    2.507441] jesd204: created con: id=4, topo=0, link=0, /fpga-axi@0/axi-jesd204-tx@84b90000 <-> /fpga-axi@0/axi-ad9081-tx-hpc@84b10000
[    2.519468] jesd204: created con: id=5, topo=0, link=2, /fpga-axi@0/axi-jesd204-rx@84a90000 <-> /fpga-axi@0/axi-ad9081-rx-hpc@84a10000
[    2.531491] jesd204: created con: id=6, topo=0, link=2, /fpga-axi@0/axi-ad9081-rx-hpc@84a10000 <-> /axi/spi@ff040000/ad9081@0
[    2.542732] jesd204: created con: id=7, topo=0, link=0, /fpga-axi@0/axi-ad9081-tx-hpc@84b10000 <-> /axi/spi@ff040000/ad9081@0
[    2.553981] jesd204: /axi/spi@ff040000/ad9081@0: JESD204[2] transition uninitialized -> initialized
[    2.562969] jesd204: /axi/spi@ff040000/ad9081@0: JESD204[0] transition uninitialized -> initialized
[    2.571961] jesd204: found 8 devices and 1 topologies
[    2.577004] FPGA manager framework
[    2.580482] Advanced Linux Sound Architecture Driver Initialized.
[    2.586776] Bluetooth: Core ver 2.22
[    2.589963] NET: Registered protocol family 31
[    2.594365] Bluetooth: HCI device and connection manager initialized
[    2.600681] Bluetooth: HCI socket layer initialized
[    2.605523] Bluetooth: L2CAP socket layer initialized
[    2.610547] Bluetooth: SCO socket layer initialized
[    2.615724] clocksource: Switched to clocksource arch_sys_counter
[    2.621539] VFS: Disk quotas dquot_6.6.0
[    2.625375] VFS: Dquot-cache hash table entries: 512 (order 0, 4096 bytes)
[    2.636088] NET: Registered protocol family 2
[    2.636818] tcp_listen_portaddr_hash hash table entries: 2048 (order: 3, 32768 bytes, linear)
[    2.645014] TCP established hash table entries: 32768 (order: 6, 262144 bytes, linear)
[    2.653039] TCP bind hash table entries: 32768 (order: 7, 524288 bytes, linear)
[    2.660484] TCP: Hash tables configured (established 32768 bind 32768)
[    2.666658] UDP hash table entries: 2048 (order: 4, 65536 bytes, linear)
[    2.673325] UDP-Lite hash table entries: 2048 (order: 4, 65536 bytes, linear)
[    2.680486] NET: Registered protocol family 1
[    2.684943] RPC: Registered named UNIX socket transport module.
[    2.690562] RPC: Registered udp transport module.
[    2.695226] RPC: Registered tcp transport module.
[    2.699896] RPC: Registered tcp NFSv4.1 backchannel transport module.
[    2.706887] PCI: CLS 0 bytes, default 64
[    2.710592] hw perfevents: no interrupt-affinity property for /pmu, guessing.
[    2.717447] hw perfevents: enabled with armv8_pmuv3 PMU driver, 7 counters available
[    2.725805] Initialise system trusted keyrings
[    2.729476] workingset: timestamp_bits=62 max_order=20 bucket_order=0
[    2.736374] NFS: Registering the id_resolver key type
[    2.740825] Key type id_resolver registered
[    2.744964] Key type id_legacy registered
[    2.748955] nfs4filelayout_init: NFSv4 File Layout Driver Registering...
[    2.755620] jffs2: version 2.2. (NAND) (SUMMARY)  Â© 2001-2006 Red Hat, Inc.
[    2.797797] NET: Registered protocol family 38
[    2.797839] xor: measuring software checksum speed
[    2.805527]    8regs           :  2363 MB/sec
[    2.809196]    32regs          :  2799 MB/sec
[    2.814139]    arm64_neon      :  2380 MB/sec
[    2.814329] xor: using function: 32regs (2799 MB/sec)
[    2.819355] Key type asymmetric registered
[    2.823416] Asymmetric key parser 'x509' registered
[    2.828277] Block layer SCSI generic (bsg) driver version 0.4 loaded (major 248)
[    2.835614] io scheduler mq-deadline registered
[    2.840110] io scheduler kyber registered
[    2.869536] Serial: 8250/16550 driver, 4 ports, IRQ sharing disabled
[    2.874171] cacheinfo: Unable to detect cache hierarchy for CPU 0
[    2.880505] brd: module loaded
[    2.884640] loop: module loaded
[    2.885188] Registered mathworks_ip class
[    2.888543] libphy: Fixed MDIO Bus: probed
[    2.891509] tun: Universal TUN/TAP device driver, 1.6
[    2.895593] CAN device driver interface
[    2.900129] usbcore: registered new interface driver asix
[    2.904707] usbcore: registered new interface driver ax88179_178a
[    2.910750] usbcore: registered new interface driver cdc_ether
[    2.916544] usbcore: registered new interface driver net1080
[    2.922167] usbcore: registered new interface driver cdc_subset
[    2.928048] usbcore: registered new interface driver zaurus
[    2.933594] usbcore: registered new interface driver cdc_ncm
[    2.940007] ehci_hcd: USB 2.0 'Enhanced' Host Controller (EHCI) Driver
[    2.945676] ehci-pci: EHCI PCI platform driver
[    2.950478] usbcore: registered new interface driver uas
[    2.955396] usbcore: registered new interface driver usb-storage
[    2.961384] usbcore: registered new interface driver usbserial_generic
[    2.967833] usbserial: USB Serial support registered for generic
[    2.973806] usbcore: registered new interface driver ftdi_sio
[    2.979509] usbserial: USB Serial support registered for FTDI USB Serial Device
[    2.986784] usbcore: registered new interface driver upd78f0730
[    2.992657] usbserial: USB Serial support registered for upd78f0730
[    3.000316] rtc_zynqmp ffa60000.rtc: registered as rtc0
[    3.004082] rtc_zynqmp ffa60000.rtc: setting system clock to 2022-03-26T00:07:32 UTC (1648253252)
[    3.012944] i2c /dev entries driver
[    3.018252] usbcore: registered new interface driver uvcvideo
[    3.022057] USB Video Class driver (1.1.1)
[    3.027625] Bluetooth: HCI UART driver ver 2.3
[    3.030539] Bluetooth: HCI UART protocol H4 registered
[    3.035638] Bluetooth: HCI UART protocol BCSP registered
[    3.040926] Bluetooth: HCI UART protocol LL registered
[    3.046015] Bluetooth: HCI UART protocol ATH3K registered
[    3.051391] Bluetooth: HCI UART protocol Three-wire (H5) registered
[    3.057645] Bluetooth: HCI UART protocol Intel registered
[    3.062982] Bluetooth: HCI UART protocol QCA registered
[    3.068184] usbcore: registered new interface driver bcm203x
[    3.073805] usbcore: registered new interface driver bpa10x
[    3.079339] usbcore: registered new interface driver bfusb
[    3.084791] usbcore: registered new interface driver btusb
[    3.090254] usbcore: registered new interface driver ath3k
[    3.095743] EDAC MC: ECC not enabled
[    3.099358] EDAC DEVICE0: Giving out device to module zynqmp-ocm-edac controller zynqmp_ocm: DEV ff960000.memory-controller (INTERRUPT)
[    3.111676] sdhci: Secure Digital Host Controller Interface driver
[    3.117465] sdhci: Copyright(c) Pierre Ossman
[    3.121790] sdhci-pltfm: SDHCI platform and OF driver helper
[    3.127850] ledtrig-cpu: registered to indicate activity on CPUs
[    3.133394] SMCCC: SOC_ID: ARCH_SOC_ID not implemented, skipping ....
[    3.139823] zynqmp_firmware_probe Platform Management API v1.1
[    3.145580] zynqmp_firmware_probe Trustzone version v1.0
[    3.185167] zynqmp-pinctrl firmware:zynqmp-firmware:pinctrl: zynqmp pinctrl initialized
[    3.233161] zynqmp-aes firmware:zynqmp-firmware:zynqmp-aes: will run requests pump with realtime priority
[    3.248936] alg: No test for xilinx-keccak-384 (zynqmp-keccak-384)
[    3.249643] alg: No test for xilinx-zynqmp-rsa (zynqmp-rsa)
[    3.255153] usbcore: registered new interface driver usbhid
[    3.260547] usbhid: USB HID core driver
[    3.271792] axi_sysid 85000000.axi-sysid-0: AXI System ID core version (1.01.a) found
[    3.274146] axi_sysid 85000000.axi-sysid-0: [ad9081_fmca_ebz] on [zcu102] git branch <master> git <084d44c9780640ca93fd847b1d9ec70dd65f5c67> clean [2022-03-18 04:17:50] UTC
[    3.289835] fpga_manager fpga0: Xilinx ZynqMP FPGA Manager registered
[    3.296204] usbcore: registered new interface driver snd-usb-audio
[    3.303622] pktgen: Packet Generator for packet performance testing. Version: 2.75
[    3.309838] Initializing XFRM netlink socket
[    3.313675] NET: Registered protocol family 10
[    3.318390] Segment Routing with IPv6
[    3.321774] sit: IPv6, IPv4 and MPLS over IPv4 tunneling driver
[    3.327855] NET: Registered protocol family 17
[    3.331944] NET: Registered protocol family 15
[    3.336444] can: controller area network core
[    3.340698] NET: Registered protocol family 29
[    3.345087] can: raw protocol
[    3.348023] can: broadcast manager protocol
[    3.352178] can: netlink gateway - max_hops=1
[    3.356571] Bluetooth: RFCOMM TTY layer initialized
[    3.361351] Bluetooth: RFCOMM socket layer initialized
[    3.366459] Bluetooth: RFCOMM ver 1.11
[    3.370170] Bluetooth: BNEP (Ethernet Emulation) ver 1.3
[    3.375443] Bluetooth: BNEP filters: protocol multicast
[    3.380635] Bluetooth: BNEP socket layer initialized
[    3.385563] Bluetooth: HIDP (Human Interface Emulation) ver 1.2
[    3.391447] Bluetooth: HIDP socket layer initialized
[    3.396501] 9pnet: Installing 9P2000 support
[    3.400623] NET: Registered protocol family 36
[    3.405041] Key type dns_resolver registered
[    3.409475] registered taskstats version 1
[    3.413336] Loading compiled-in X.509 certificates
[    3.418449] Btrfs loaded, crc32c=crc32c-generic
[    3.430827] ff000000.serial: ttyPS0 at MMIO 0xff000000 (irq = 49, base_baud = 6249999) is a xuartps
[    3.439845] printk: console [ttyPS0] enabled
[    3.444140] printk: bootconsole [cdns0] disabled
[    3.453771] ff010000.serial: ttyPS1 at MMIO 0xff010000 (irq = 50, base_baud = 6249999) is a xuartps
[    3.467013] of-fpga-region fpga-full: FPGA Region probed
[    3.473975] nwl-pcie fd0e0000.pcie: host bridge /axi/pcie@fd0e0000 ranges:
[    3.480869] nwl-pcie fd0e0000.pcie:      MEM 0x00e0000000..0x00efffffff -> 0x00e0000000
[    3.488871] nwl-pcie fd0e0000.pcie:      MEM 0x0600000000..0x07ffffffff -> 0x0600000000
[    3.496932] nwl-pcie fd0e0000.pcie: Link is DOWN
[    3.501690] nwl-pcie fd0e0000.pcie: PCI host bridge to bus 0000:00
[    3.507868] pci_bus 0000:00: root bus resource [bus 00-ff]
[    3.513350] pci_bus 0000:00: root bus resource [mem 0xe0000000-0xefffffff]
[    3.520220] pci_bus 0000:00: root bus resource [mem 0x600000000-0x7ffffffff pref]
[    3.527729] pci 0000:00:00.0: [10ee:d021] type 01 class 0x060400
[    3.533787] pci 0000:00:00.0: PME# supported from D0 D1 D2 D3hot
[    3.544229] pci 0000:00:00.0: PCI bridge to [bus 01-0c]
[    3.550206] xilinx-zynqmp-dma fd500000.dma: ZynqMP DMA driver Probe success
[    3.557376] xilinx-zynqmp-dma fd510000.dma: ZynqMP DMA driver Probe success
[    3.564551] xilinx-zynqmp-dma fd520000.dma: ZynqMP DMA driver Probe success
[    3.571727] xilinx-zynqmp-dma fd530000.dma: ZynqMP DMA driver Probe success
[    3.578895] xilinx-zynqmp-dma fd540000.dma: ZynqMP DMA driver Probe success
[    3.586065] xilinx-zynqmp-dma fd550000.dma: ZynqMP DMA driver Probe success
[    3.593235] xilinx-zynqmp-dma fd560000.dma: ZynqMP DMA driver Probe success
[    3.600407] xilinx-zynqmp-dma fd570000.dma: ZynqMP DMA driver Probe success
[    3.607816] xilinx-zynqmp-dpdma fd4c0000.dma-controller: Xilinx DPDMA engine is probed
[    3.616364] ahci-ceva fd0c0000.ahci: supply ahci not found, using dummy regulator
[    3.623903] ahci-ceva fd0c0000.ahci: supply phy not found, using dummy regulator
[    3.711907] hmc7044 spi2.0: PLL1: Acquisition, CLKIN0 @ 122880000 Hz, PFD: 80 kHz - PLL2: Locked @ 2544.000000 MHz
[    3.722624] jesd204: /axi/spi@ff050000/hmc7044@0,jesd204:1,parent=spi2.0: Using as SYSREF provider
[    3.732203] spi-nor spi0.0: SPI-NOR-UniqueID 100000235394732200270025081115266e
[    3.739511] spi-nor spi0.0: found n25q512a, expected m25p80
[    3.745715] spi-nor spi0.0: trying to lock already unlocked area
[    3.751726] spi-nor spi0.0: n25q512a (131072 Kbytes)
[    3.756707] 4 fixed-partitions partitions found on MTD device spi0.0
[    3.763054] Creating 4 MTD partitions on "spi0.0":
[    3.767839] 0x000000000000-0x000000100000 : "qspi-fsbl-uboot"
[    3.774333] 0x000000100000-0x000000600000 : "qspi-linux"
[    3.780293] 0x000000600000-0x000000620000 : "qspi-device-tree"
[    3.786768] 0x000000620000-0x000000c00000 : "qspi-rootfs"
[    3.795229] macb ff0e0000.ethernet: Not enabling partial store and forward
[    3.802758] libphy: MACB_mii_bus: probed
[    3.807826] macb ff0e0000.ethernet eth0: Cadence GEM rev 0x50070106 at 0xff0e0000 irq 30 (00:0a:35:04:8e:1b)
[    3.818038] xilinx-axipmon ffa00000.perf-monitor: Probed Xilinx APM
[    3.824618] xilinx-axipmon fd0b0000.perf-monitor: Probed Xilinx APM
[    3.831135] xilinx-axipmon fd490000.perf-monitor: Probed Xilinx APM
[    3.837679] xilinx-axipmon ffa10000.perf-monitor: Probed Xilinx APM
[    3.847661] pca953x 0-0020: supply vcc not found, using dummy regulator
[    3.854345] pca953x 0-0020: using no AI
[    3.858826] gpio-496 (sel0): hogged as output/low
[    3.863741] gpio-497 (sel1): hogged as output/high
[    3.868728] gpio-498 (sel2): hogged as output/high
[    3.873719] gpio-499 (sel3): hogged as output/high
[    3.878902] pca953x 0-0021: supply vcc not found, using dummy regulator
[    3.885576] pca953x 0-0021: using no AI
[    3.891347] ina2xx 2-0040: power monitor ina226 (Rshunt = 5000 uOhm)
[    3.898371] ina2xx 2-0041: power monitor ina226 (Rshunt = 5000 uOhm)
[    3.905412] ina2xx 2-0042: power monitor ina226 (Rshunt = 5000 uOhm)
[    3.912442] ina2xx 2-0043: power monitor ina226 (Rshunt = 5000 uOhm)
[    3.919468] ina2xx 2-0044: power monitor ina226 (Rshunt = 5000 uOhm)
[    3.926487] ina2xx 2-0045: power monitor ina226 (Rshunt = 5000 uOhm)
[    3.933520] ina2xx 2-0046: power monitor ina226 (Rshunt = 5000 uOhm)
[    3.940596] ina2xx 2-0047: power monitor ina226 (Rshunt = 5000 uOhm)
[    3.947621] ina2xx 2-004a: power monitor ina226 (Rshunt = 5000 uOhm)
[    3.954663] ina2xx 2-004b: power monitor ina226 (Rshunt = 5000 uOhm)
[    3.961072] i2c i2c-0: Added multiplexed i2c bus 2
[    3.966455] random: fast init done
[    3.969929] ina2xx 3-0040: power monitor ina226 (Rshunt = 2000 uOhm)
[    3.976958] ina2xx 3-0041: power monitor ina226 (Rshunt = 5000 uOhm)
[    3.983988] ina2xx 3-0042: power monitor ina226 (Rshunt = 5000 uOhm)
[    3.991017] ina2xx 3-0043: power monitor ina226 (Rshunt = 5000 uOhm)
[    3.998041] ina2xx 3-0044: power monitor ina226 (Rshunt = 5000 uOhm)
[    4.005068] ina2xx 3-0045: power monitor ina226 (Rshunt = 5000 uOhm)
[    4.012099] ina2xx 3-0046: power monitor ina226 (Rshunt = 5000 uOhm)
[    4.019130] ina2xx 3-0047: power monitor ina226 (Rshunt = 5000 uOhm)
[    4.025530] i2c i2c-0: Added multiplexed i2c bus 3
[    4.081552] i2c i2c-0: Added multiplexed i2c bus 4
[    4.086492] i2c i2c-0: Added multiplexed i2c bus 5
[    4.091286] pca954x 0-0075: registered 4 multiplexed busses for I2C mux pca9544
[    4.098635] cdns-i2c ff020000.i2c: 400 kHz mmio ff020000 irq 32
[    4.106360] at24 6-0054: supply vcc not found, using dummy regulator
[    4.113268] at24 6-0054: 1024 byte 24c08 EEPROM, writable, 1 bytes/write
[    4.120016] i2c i2c-1: Added multiplexed i2c bus 6
[    4.126446] si5341 7-0036: Chip: 5341 Grade: 1 Rev: 1
[    4.164117] i2c i2c-1: Added multiplexed i2c bus 7
[    4.171778] si570 8-005d: registered, current frequency 300000000 Hz
[    4.178178] i2c i2c-1: Added multiplexed i2c bus 8
[    4.197952] si570 9-005d: registered, current frequency 148500000 Hz
[    4.204358] i2c i2c-1: Added multiplexed i2c bus 9
[    4.209395] si5324 10-0069: si5328 probed
[    4.276079] si5324 10-0069: si5328 probe successful
[    4.281004] i2c i2c-1: Added multiplexed i2c bus 10
[    4.286034] i2c i2c-1: Added multiplexed i2c bus 11
[    4.291061] i2c i2c-1: Added multiplexed i2c bus 12
[    4.296079] i2c i2c-1: Added multiplexed i2c bus 13
[    4.300951] pca954x 1-0074: registered 8 multiplexed busses for I2C switch pca9548
[    4.309063] at24 14-0050: supply vcc not found, using dummy regulator
[    4.315847] at24 14-0050: 256 byte 24c02 EEPROM, writable, 1 bytes/write
[    4.322595] i2c i2c-1: Added multiplexed i2c bus 14
[    4.327633] i2c i2c-1: Added multiplexed i2c bus 15
[    4.332667] i2c i2c-1: Added multiplexed i2c bus 16
[    4.337705] i2c i2c-1: Added multiplexed i2c bus 17
[    4.342740] i2c i2c-1: Added multiplexed i2c bus 18
[    4.347781] i2c i2c-1: Added multiplexed i2c bus 19
[    4.352818] i2c i2c-1: Added multiplexed i2c bus 20
[    4.357850] i2c i2c-1: Added multiplexed i2c bus 21
[    4.362726] pca954x 1-0075: registered 8 multiplexed busses for I2C switch pca9548
[    4.370335] cdns-i2c ff030000.i2c: 400 kHz mmio ff030000 irq 33
[    4.380080] cdns-wdt fd4d0000.watchdog: Xilinx Watchdog Timer with timeout 60s
[    4.391022] axi_adxcvr 84a60000.axi-adxcvr-rx: AXI-ADXCVR-RX (17.05.a) using CPLL on GTH4 at 0x84A60000. Number of lanes: 4.
[    4.403194] axi_adxcvr 84b60000.axi-adxcvr-tx: AXI-ADXCVR-TX (17.05.a) using QPLL on GTH4 at 0x84B60000. Number of lanes: 4.
[    4.414815] axi-jesd204-rx 84a90000.axi-jesd204-rx: AXI-JESD204-RX (1.07.a) at 0x84A90000. Encoder 8b10b, width 4/4, lanes 4, jesd204-fsm.
[    4.422107] mmc0: SDHCI controller on ff170000.mmc [ff170000.mmc] using ADMA 64-bit
[    4.427660] axi-jesd204-tx 84b90000.axi-jesd204-tx: AXI-JESD204-TX (1.06.a) at 0x84B90000. Encoder 8b10b, width 4/4, lanes 4, jesd204-fsm.
[    4.448390] zynqmp-display fd4a0000.display: vtc bridge property not present
[    4.458036] xilinx-dp-snd-codec fd4a0000.display:zynqmp_dp_snd_codec0: Failed to get required clock freq
[    4.467539] xilinx-dp-snd-codec: probe of fd4a0000.display:zynqmp_dp_snd_codec0 failed with error -22
[    4.469511] mmc0: new high speed SDHC card at address 0001
[    4.477077] xilinx-dp-snd-pcm zynqmp_dp_snd_pcm0: Xilinx DisplayPort Sound PCM probed
[    4.482591] mmcblk0: mmc0:0001 EB1QT 29.8 GiB 
[    4.490393] xilinx-dp-snd-pcm zynqmp_dp_snd_pcm1: Xilinx DisplayPort Sound PCM probed
[    4.502683] OF: graph: no port node found in /axi/display@fd4a0000
[    4.509091] xlnx-drm xlnx-drm.0: bound fd4a0000.display (ops 0xffffffc010fcbdb8)
[    4.510001]  mmcblk0: p1 p2 p3
[    5.595747] zynqmp-display fd4a0000.display: [drm] Cannot find any crtc or sizes
[    5.603383] [drm] Initialized xlnx 1.0.0 20130509 for fd4a0000.display on minor 0
[    5.610882] zynqmp-display fd4a0000.display: ZynqMP DisplayPort Subsystem driver probed
[    5.619229] ahci-ceva fd0c0000.ahci: supply ahci not found, using dummy regulator
[    5.626773] ahci-ceva fd0c0000.ahci: supply phy not found, using dummy regulator
[    5.634225] ahci-ceva fd0c0000.ahci: supply target not found, using dummy regulator
[    5.642066] ahci-ceva fd0c0000.ahci: AHCI 0001.0301 32 slots 2 ports 6 Gbps 0x3 impl platform mode
[    5.651020] ahci-ceva fd0c0000.ahci: flags: 64bit ncq sntf pm clo only pmp fbs pio slum part ccc sds apst 
[    5.661662] scsi host0: ahci-ceva
[    5.665265] scsi host1: ahci-ceva
[    5.668694] ata1: SATA max UDMA/133 mmio [mem 0xfd0c0000-0xfd0c1fff] port 0x100 irq 45
[    5.676610] ata2: SATA max UDMA/133 mmio [mem 0xfd0c0000-0xfd0c1fff] port 0x180 irq 45
[    5.685225] ad9081 spi1.0: supply vdd not found, using dummy regulator
[    5.997983] ata2: SATA link down (SStatus 0 SControl 330)
[    6.003395] ata1: SATA link down (SStatus 0 SControl 330)
[    6.679748] zynqmp-display fd4a0000.display: [drm] Cannot find any crtc or sizes
[    7.544685] ad9081 spi1.0: AD9081 Rev. 2 Grade 10 (API 1.2.2) probed
[    7.551896] xhci-hcd xhci-hcd.1.auto: xHCI Host Controller
[    7.557389] xhci-hcd xhci-hcd.1.auto: new USB bus registered, assigned bus number 1
[    7.565133] xhci-hcd xhci-hcd.1.auto: hcc params 0x0238f625 hci version 0x100 quirks 0x0000000002010810
[    7.574552] xhci-hcd xhci-hcd.1.auto: irq 59, io mem 0xfe200000
[    7.580658] usb usb1: New USB device found, idVendor=1d6b, idProduct=0002, bcdDevice= 5.10
[    7.588917] usb usb1: New USB device strings: Mfr=3, Product=2, SerialNumber=1
[    7.596134] usb usb1: Product: xHCI Host Controller
[    7.601004] usb usb1: Manufacturer: Linux 5.10.0-98103-g2aa7ac113716 xhci-hcd
[    7.608130] usb usb1: SerialNumber: xhci-hcd.1.auto
[    7.613288] hub 1-0:1.0: USB hub found
[    7.617057] hub 1-0:1.0: 1 port detected
[    7.621162] xhci-hcd xhci-hcd.1.auto: xHCI Host Controller
[    7.626652] xhci-hcd xhci-hcd.1.auto: new USB bus registered, assigned bus number 2
[    7.634308] xhci-hcd xhci-hcd.1.auto: Host supports USB 3.0 SuperSpeed
[    7.640932] usb usb2: New USB device found, idVendor=1d6b, idProduct=0003, bcdDevice= 5.10
[    7.649191] usb usb2: New USB device strings: Mfr=3, Product=2, SerialNumber=1
[    7.656413] usb usb2: Product: xHCI Host Controller
[    7.661287] usb usb2: Manufacturer: Linux 5.10.0-98103-g2aa7ac113716 xhci-hcd
[    7.668412] usb usb2: SerialNumber: xhci-hcd.1.auto
[    7.673522] hub 2-0:1.0: USB hub found
[    7.677284] hub 2-0:1.0: 1 port detected
[    7.707368] cf_axi_adc 84a10000.axi-ad9081-rx-hpc: ADI AIM (10.01.b) at 0x84A10000 mapped to 0x(____ptrval____), probed ADC AD9081 as MASTER
[    7.740568] cf_axi_dds 84b10000.axi-ad9081-tx-hpc: Analog Devices CF_AXI_DDS_DDS MASTER (9.01.b) at 0x84B10000 mapped to 0x(____ptrval____), probed DDS AD9081
[    7.754770] jesd204: /axi/spi@ff040000/ad9081@0,jesd204:0,parent=spi1.0: JESD204[2] transition initialized -> probed
[    7.765290] jesd204: /axi/spi@ff040000/ad9081@0,jesd204:0,parent=spi1.0: JESD204[0] transition initialized -> probed
[    7.775813] jesd204: /axi/spi@ff040000/ad9081@0,jesd204:0,parent=spi1.0: JESD204[2] transition probed -> idle
[    7.785722] jesd204: /axi/spi@ff040000/ad9081@0,jesd204:0,parent=spi1.0: JESD204[0] transition probed -> idle
[    7.795636] jesd204: /axi/spi@ff040000/ad9081@0,jesd204:0,parent=spi1.0: JESD204[2] transition idle -> device_init
[    7.805978] jesd204: /axi/spi@ff040000/ad9081@0,jesd204:0,parent=spi1.0: JESD204[0] transition idle -> device_init
[    7.816331] jesd204: /axi/spi@ff040000/ad9081@0,jesd204:0,parent=spi1.0: JESD204[2] transition device_init -> link_init
[    7.827105] jesd204: /axi/spi@ff040000/ad9081@0,jesd204:0,parent=spi1.0: JESD204[0] transition device_init -> link_init
[    7.837897] jesd204: /axi/spi@ff040000/ad9081@0,jesd204:0,parent=spi1.0: JESD204[2] transition link_init -> link_supported
[    7.848935] jesd204: /axi/spi@ff040000/ad9081@0,jesd204:0,parent=spi1.0: JESD204[0] transition link_init -> link_supported
[    7.860356] hmc7044 spi2.0: hmc7044_jesd204_link_pre_setup: Link2 forcing continuous SYSREF mode
[    7.869530] jesd204: /axi/spi@ff040000/ad9081@0,jesd204:0,parent=spi1.0: JESD204[2] transition link_supported -> link_pre_setup
[    7.881002] jesd204: /axi/spi@ff040000/ad9081@0,jesd204:0,parent=spi1.0: JESD204[0] transition link_supported -> link_pre_setup
[    7.904844] jesd204: /axi/spi@ff040000/ad9081@0,jesd204:0,parent=spi1.0: JESD204[2] transition link_pre_setup -> clk_sync_stage1
[    7.916408] jesd204: /axi/spi@ff040000/ad9081@0,jesd204:0,parent=spi1.0: JESD204[0] transition link_pre_setup -> clk_sync_stage1
[    7.927972] jesd204: /axi/spi@ff040000/ad9081@0,jesd204:0,parent=spi1.0: JESD204[2] transition clk_sync_stage1 -> clk_sync_stage2
[    7.939614] jesd204: /axi/spi@ff040000/ad9081@0,jesd204:0,parent=spi1.0: JESD204[0] transition clk_sync_stage1 -> clk_sync_stage2
[    7.951268] jesd204: /axi/spi@ff040000/ad9081@0,jesd204:0,parent=spi1.0: JESD204[2] transition clk_sync_stage2 -> clk_sync_stage3
[    7.962913] jesd204: /axi/spi@ff040000/ad9081@0,jesd204:0,parent=spi1.0: JESD204[0] transition clk_sync_stage2 -> clk_sync_stage3
[    7.976586] jesd204: /axi/spi@ff040000/ad9081@0,jesd204:0,parent=spi1.0: JESD204[2] transition clk_sync_stage3 -> link_setup
[    7.987797] jesd204: /axi/spi@ff040000/ad9081@0,jesd204:0,parent=spi1.0: JESD204[0] transition clk_sync_stage3 -> link_setup
[    8.003788] jesd204: /axi/spi@ff040000/ad9081@0,jesd204:0,parent=spi1.0: JESD204[2] transition link_setup -> opt_setup_stage1
[    8.015090] jesd204: /axi/spi@ff040000/ad9081@0,jesd204:0,parent=spi1.0: JESD204[0] transition link_setup -> opt_setup_stage1
[    8.031163] jesd204: /axi/spi@ff040000/ad9081@0,jesd204:0,parent=spi1.0: JESD204[2] transition opt_setup_stage1 -> opt_setup_stage2
[    8.042992] jesd204: /axi/spi@ff040000/ad9081@0,jesd204:0,parent=spi1.0: JESD204[0] transition opt_setup_stage1 -> opt_setup_stage2
[    8.054970] jesd204: /axi/spi@ff040000/ad9081@0,jesd204:0,parent=spi1.0: JESD204[2] transition opt_setup_stage2 -> opt_setup_stage3
[    8.066789] jesd204: /axi/spi@ff040000/ad9081@0,jesd204:0,parent=spi1.0: JESD204[0] transition opt_setup_stage2 -> opt_setup_stage3
[    8.078611] jesd204: /axi/spi@ff040000/ad9081@0,jesd204:0,parent=spi1.0: JESD204[2] transition opt_setup_stage3 -> opt_setup_stage4
[    8.090430] jesd204: /axi/spi@ff040000/ad9081@0,jesd204:0,parent=spi1.0: JESD204[0] transition opt_setup_stage3 -> opt_setup_stage4
[    8.102259] jesd204: /axi/spi@ff040000/ad9081@0,jesd204:0,parent=spi1.0: JESD204[2] transition opt_setup_stage4 -> opt_setup_stage5
[    8.114085] jesd204: /axi/spi@ff040000/ad9081@0,jesd204:0,parent=spi1.0: JESD204[0] transition opt_setup_stage4 -> opt_setup_stage5
[    8.130049] jesd204: /axi/spi@ff040000/ad9081@0,jesd204:0,parent=spi1.0: JESD204[2] transition opt_setup_stage5 -> clocks_enable
[    8.141610] jesd204: /axi/spi@ff040000/ad9081@0,jesd204:0,parent=spi1.0: JESD204[0] transition opt_setup_stage5 -> clocks_enable
[    8.188548] axi_adxcvr 84a60000.axi-adxcvr-rx: adxcvr_clk_enable: CPLL RX buffer underflow error, status: 0x61
[    8.198539] axi_adxcvr 84a60000.axi-adxcvr-rx: adxcvr_clk_enable: CPLL RX buffer overflow error, status: 0x61
[    8.208526] jesd204: /axi/spi@ff040000/ad9081@0,jesd204:0,parent=spi1.0: JESD204[2] transition clocks_enable -> link_enable
[    8.219650] jesd204: /axi/spi@ff040000/ad9081@0,jesd204:0,parent=spi1.0: JESD204[0] transition clocks_enable -> link_enable
[    8.251977] ad9081 spi1.0: JESD RX (JTX) Link2 in DATA, SYNC deasserted, PLL locked, PHASE established, MODE valid
[    8.262587] ad9081 spi1.0: JESD TX (JRX) Link0 0xF lanes in DATA
[    8.268590] jesd204: /axi/spi@ff040000/ad9081@0,jesd204:0,parent=spi1.0: JESD204[2] transition link_enable -> link_running
[    8.279627] jesd204: /axi/spi@ff040000/ad9081@0,jesd204:0,parent=spi1.0: JESD204[0] transition link_enable -> link_running
[    8.290674] jesd204: /axi/spi@ff040000/ad9081@0,jesd204:0,parent=spi1.0: JESD204[2] transition link_running -> opt_post_running_stage
[    8.302664] jesd204: /axi/spi@ff040000/ad9081@0,jesd204:0,parent=spi1.0: JESD204[0] transition link_running -> opt_post_running_stage
[    8.323953] input: gpio-keys as /devices/platform/gpio-keys/input/input0
[    8.331044] of_cfs_init
[    8.333506] of_cfs_init: OK
[    8.336456] cfg80211: Loading compiled-in X.509 certificates for regulatory database
[    8.508147] cfg80211: Loaded X.509 cert 'sforshee: 00b28ddf47aef9cea7'
[    8.514676] clk: Not disabling unused clocks
[    8.519206] ALSA device list:
[    8.522168]   No soundcards found.
[    8.525829] platform regulatory.0: Direct firmware load for regulatory.db failed with error -2
[    8.534438] cfg80211: failed to load regulatory.db
[    8.543571] random: crng init done
[    8.551752] EXT4-fs (mmcblk0p2): mounted filesystem with ordered data mode. Opts: (null)
[    8.559865] VFS: Mounted root (ext4 filesystem) on device 179:2.
[    8.574348] devtmpfs: mounted
[    8.578171] Freeing unused kernel memory: 2560K
[    8.587782] Run /sbin/init as init process
[    8.591873]   with arguments:
[    8.591876]     /sbin/init
[    8.591878]   with environment:
[    8.591880]     HOME=/
[    8.591882]     TERM=linux
[    9.228455] systemd[1]: systemd 241 running in system mode. (+PAM +AUDIT +SELINUX +IMA +APPARMOR +SMACK +SYSVINIT +UTMP +LIBCRYPTSETUP +GCRYPT +GNUTLS +ACL +XZ +LZ4 +SECCOMP +BLKID +ELFUTILS +KMOD -IDN2 +IDN -PCRE2 default-hierarchy=hybrid)
[    9.250368] systemd[1]: Detected architecture arm64.
[    9.272563] systemd[1]: Set hostname to <analog>.
[    9.498813] systemd[1]: File /lib/systemd/system/systemd-journald.service:12 configures an IP firewall (IPAddressDeny=any), but the local system does not support BPF/cgroup based firewalling.
[    9.515872] systemd[1]: Proceeding WITHOUT firewalling in effect! (This warning is only shown for the first loaded unit using IP firewalling.)
[    9.690401] systemd[1]: /etc/systemd/system/tof-server.service:1: Assignment outside of section. Ignoring.
[    9.700090] systemd[1]: /etc/systemd/system/tof-server.service:2: Assignment outside of section. Ignoring.
[    9.904870] systemd[1]: Created slice system-systemd\x2dfsck.slice.
[    9.928065] systemd[1]: Created slice system-serial\x2dgetty.slice.
[    9.952341] systemd[1]: Listening on Journal Audit Socket.
[   10.555544] ------------[ cut here ]------------
[   10.555553] Enabling unprepared \xa0\xd9Q\x88\xff\xff\xff`Q\x88\xff\xff\xff
[   10.555602] WARNING: CPU: 2 PID: 113 at drivers/clk/clk.c:1012 clk_core_enable+0xa4/0xc0
[   10.555605] Modules linked in:
[   10.555616] CPU: 2 PID: 113 Comm: kworker/2:1H Not tainted 5.10.0-98103-g2aa7ac113716 #5577
[   10.555618] Hardware name: ZynqMP ZCU102 Rev1.0 (DT)
[   10.555628] Workqueue: kblockd blk_mq_run_work_fn
[   10.555635] pstate: 80000085 (Nzcv daIf -PAN -UAO -TCO BTYPE=--)
[   10.555641] pc : clk_core_enable+0xa4/0xc0
[   10.555646] lr : clk_core_enable+0xa4/0xc0
[   10.555649] sp : ffffffc0127cb2d0
[   10.555652] x29: ffffffc0127cb2d0 x28: ffffff8800330c10 
[   10.555659] x27: ffffff8800330d48 x26: 0000005000000101 
[   10.555666] x25: 000000026f372f50 x24: 0000000000000001 
[   10.555672] x23: ffffff88010e7380 x22: ffffff8801083220 
[   10.555679] x21: ffffff8801516000 x20: ffffff8801516008 
[   10.555686] x19: ffffff8801516008 x18: 0000000000000030 
[   10.555692] x17: 0000000000000004 x16: 0000aaa9bd98dd28 
[   10.555698] x15: ffffffffffff8698 x14: ffffffc011d3b1a0 
[   10.555705] x13: ffffffc011d3b1c8 x12: 00000000000005e5 
[   10.555711] x11: 00000000000001f7 x10: ffffffc011d671c8 
[   10.555718] x9 : 00000000fffff800 x8 : ffffffc011d3b1c8 
[   10.555724] x7 : ffffffc011d671c8 x6 : 0000000000000001 
[   10.555731] x5 : ffffff887f7929e0 x4 : 0000000000000000 
[   10.555737] x3 : 0000000000000027 x2 : 0000000000000023 
[   10.555744] x1 : e4cf381c34a30a00 x0 : 0000000000000000 
[   10.555750] Call trace:
[   10.555757]  clk_core_enable+0xa4/0xc0
[   10.555761]  clk_enable+0x2c/0x60
[   10.555768]  zynqmp_runtime_resume+0x24/0x84
[   10.555775]  pm_generic_runtime_resume+0x30/0x50
[   10.555781]  __genpd_runtime_resume+0x30/0xb0
[   10.555787]  genpd_runtime_resume+0x90/0x250
[   10.555793]  __rpm_callback+0x10c/0x1e0
[   10.555798]  rpm_callback+0x5c/0x84
[   10.555803]  rpm_resume+0x4a4/0x74c
[   10.555808]  __pm_runtime_resume+0x78/0xc4
[   10.555813]  spi_mem_access_start.isra.0+0x30/0x80
[   10.555817]  spi_mem_exec_op+0x3b0/0x424
[   10.555822]  spi_nor_read_sr+0x78/0xe0
[   10.555827]  spi_nor_wait_till_ready_with_timeout+0xb4/0x2f0
[   10.555831]  spi_nor_read+0x188/0x380
[   10.555837]  mtd_read_oob_std+0x78/0x84
[   10.555841]  mtd_read_oob+0x7c/0x134
[   10.555846]  mtd_read+0x48/0x7c
[   10.555851]  mtdblock_readsect+0x6c/0x150
[   10.555856]  mtd_queue_rq+0x2cc/0x5a0
[   10.555862]  blk_mq_dispatch_rq_list+0x110/0x790
[   10.555868]  __blk_mq_do_dispatch_sched+0x200/0x274
[   10.555874]  __blk_mq_sched_dispatch_requests+0x1a8/0x1fc
[   10.555880]  blk_mq_sched_dispatch_requests+0x3c/0x7c
[   10.555885]  __blk_mq_run_hw_queue+0x98/0x100
[   10.555889]  blk_mq_run_work_fn+0x24/0x30
[   10.555895]  process_one_work+0x1d4/0x380
[   10.555899]  worker_thread+0x78/0x4e0
[   10.555904]  kthread+0x124/0x130
[   10.555910]  ret_from_fork+0x10/0x3c
[   10.555913] ---[ end trace 87de6a806035f032 ]---
[   10.555944] zynqmp-qspi ff0f0000.spi: Cannot enable APB clock.
[   10.555993] spi_master spi0: Failed to power device: -108
[   10.556004] blk_update_request: I/O error, dev mtdblock0, sector 8 op 0x0:(READ) flags 0x80700 phys_seg 1 prio class 0
[   10.566185] spi_master spi0: Failed to power device: -22
[   10.566197] blk_update_request: I/O error, dev mtdblock0, sector 8 op 0x0:(READ) flags 0x0 phys_seg 8 prio class 0
[   10.566204] Buffer I/O error on dev mtdblock0, logical block 8, async page read
[   10.566214] spi_master spi0: Failed to power device: -22
[   10.566220] blk_update_request: I/O error, dev mtdblock0, sector 9 op 0x0:(READ) flags 0x0 phys_seg 7 prio class 0
[   10.566224] Buffer I/O error on dev mtdblock0, logical block 9, async page read
[   10.566231] spi_master spi0: Failed to power device: -22
[   10.566237] blk_update_request: I/O error, dev mtdblock0, sector 10 op 0x0:(READ) flags 0x0 phys_seg 6 prio class 0
[   10.566241] Buffer I/O error on dev mtdblock0, logical block 10, async page read
[   10.566248] spi_master spi0: Failed to power device: -22
[   10.566254] blk_update_request: I/O error, dev mtdblock0, sector 11 op 0x0:(READ) flags 0x0 phys_seg 5 prio class 0
[   10.566258] Buffer I/O error on dev mtdblock0, logical block 11, async page read
[   10.566264] spi_master spi0: Failed to power device: -22
[   10.566270] blk_update_request: I/O error, dev mtdblock0, sector 12 op 0x0:(READ) flags 0x0 phys_seg 4 prio class 0
[   10.566274] Buffer I/O error on dev mtdblock0, logical block 12, async page read
[   10.566280] spi_master spi0: Failed to power device: -22
[   10.566286] blk_update_request: I/O error, dev mtdblock0, sector 13 op 0x0:(READ) flags 0x0 phys_seg 3 prio class 0
[   10.566290] Buffer I/O error on dev mtdblock0, logical block 13, async page read
[   10.566296] spi_master spi0: Failed to power device: -22
[   10.566302] blk_update_request: I/O error, dev mtdblock0, sector 14 op 0x0:(READ) flags 0x0 phys_seg 2 prio class 0
[   10.566306] Buffer I/O error on dev mtdblock0, logical block 14, async page read
[   10.566313] spi_master spi0: Failed to power device: -22
[   10.566318] blk_update_request: I/O error, dev mtdblock0, sector 15 op 0x0:(READ) flags 0x0 phys_seg 1 prio class 0
[   10.566322] Buffer I/O error on dev mtdblock0, logical block 15, async page read
[   10.566760] spi_master spi0: Failed to power device: -22
[   10.566768] blk_update_request: I/O error, dev mtdblock1, sector 10112 op 0x0:(READ) flags 0x80700 phys_seg 1 prio class 0
[   10.566814] spi_master spi0: Failed to power device: -22
[   10.566820] Buffer I/O error on dev mtdblock1, logical block 10112, async page read
[   10.566828] spi_master spi0: Failed to power device: -22
[   10.566832] Buffer I/O error on dev mtdblock1, logical block 10113, async page read
[   10.566839] spi_master spi0: Failed to power device: -22
[   10.566847] spi_master spi0: Failed to power device: -22
[   10.566854] spi_master spi0: Failed to power device: -22
[   10.566862] spi_master spi0: Failed to power device: -22
[   10.566869] spi_master spi0: Failed to power device: -22
[   10.566876] spi_master spi0: Failed to power device: -22
[   10.567126] spi_master spi0: Failed to power device: -22
[   10.567171] spi_master spi0: Failed to power device: -22
[   10.567181] spi_master spi0: Failed to power device: -22
[   10.567189] spi_master spi0: Failed to power device: -22
[   10.567197] spi_master spi0: Failed to power device: -22
[   10.567204] spi_master spi0: Failed to power device: -22
[   10.567212] spi_master spi0: Failed to power device: -22
[   10.567219] spi_master spi0: Failed to power device: -22
[   10.567226] spi_master spi0: Failed to power device: -22
[   10.567492] spi_master spi0: Failed to power device: -22
[   10.567536] spi_master spi0: Failed to power device: -22
[   10.567546] spi_master spi0: Failed to power device: -22
[   10.567553] spi_master spi0: Failed to power device: -22
[   10.567561] spi_master spi0: Failed to power device: -22
[   10.567568] spi_master spi0: Failed to power device: -22
[   10.567576] spi_master spi0: Failed to power device: -22
[   10.567583] spi_master spi0: Failed to power device: -22
[   10.567590] spi_master spi0: Failed to power device: -22
[   10.717608] EXT4-fs (mmcblk0p2): re-mounted. Opts: (null)
[   10.812799] systemd-journald[151]: Received request to flush runtime journal from PID 1
[   17.300424] macb ff0e0000.ethernet eth0: PHY [ff0e0000.ethernet-ffffffff:0c] driver [TI DP83867] (irq=POLL)
[   17.300438] macb ff0e0000.ethernet eth0: configuring for phy/rgmii-id link mode
[   17.627795] Adding 101372k swap on /var/swap.  Priority:-2 extents:2 across:666620k SS
[   20.467348] broken atomic modeset userspace detected, disabling atomic
[   21.377387] macb ff0e0000.ethernet eth0: Link is Up - 1Gbps/Full - flow control off
[   21.377413] IPv6: ADDRCONF(NETDEV_CHANGE): eth0: link becomes ready
[   23.235236] broken atomic modeset userspace detected, disabling atomic
[   26.398461] broken atomic modeset userspace detected, disabling atomic