[    0.000000] Booting Linux on physical CPU 0x0000000000 [0x410fd034]
[    0.000000] Linux version 5.10.0-98103-g2aa7ac113716 (jenkins@romlxbuild1.adlk.analog.com) (aarch64-xilinx-linux-gcc.real (GCC) 10.2.0, GNU ld (GNU Binutils) 2.35.0.20200730) #5577 SMP Wed Mar 23 07:28:49 GMT 2022
[    0.000000] Machine model: ZynqMP ZCU102 Rev1.0
[    0.000000] earlycon: cdns0 at MMIO 0x00000000ff000000 (options '115200n8')
[    0.000000] printk: bootconsole [cdns0] enabled
[    0.000000] efi: UEFI not found.
[    0.000000] cma: Reserved 256 MiB at 0x0000000070000000
[    0.000000] Zone ranges:
[    0.000000]   DMA      [mem 0x0000000000000000-0x000000003fffffff]
[    0.000000]   DMA32    [mem 0x0000000040000000-0x00000000ffffffff]
[    0.000000]   Normal   [mem 0x0000000100000000-0x000000087fffffff]
[    0.000000] Movable zone start for each node
[    0.000000] Early memory node ranges
[    0.000000]   node   0: [mem 0x0000000000000000-0x000000007fffffff]
[    0.000000]   node   0: [mem 0x0000000800000000-0x000000087fffffff]
[    0.000000] Initmem setup node 0 [mem 0x0000000000000000-0x000000087fffffff]
[    0.000000] On node 0 totalpages: 1048576
[    0.000000]   DMA zone: 3584 pages used for memmap
[    0.000000]   DMA zone: 0 pages reserved
[    0.000000]   DMA zone: 262144 pages, LIFO batch:63
[    0.000000]   DMA32 zone: 3584 pages used for memmap
[    0.000000]   DMA32 zone: 262144 pages, LIFO batch:63
[    0.000000]   Normal zone: 7168 pages used for memmap
[    0.000000]   Normal zone: 524288 pages, LIFO batch:63
[    0.000000] psci: probing for conduit method from DT.
[    0.000000] psci: PSCIv1.1 detected in firmware.
[    0.000000] psci: Using standard PSCI v0.2 function IDs
[    0.000000] psci: MIGRATE_INFO_TYPE not supported.
[    0.000000] psci: SMC Calling Convention v1.2
[    0.000000] percpu: Embedded 22 pages/cpu s49496 r8192 d32424 u90112
[    0.000000] pcpu-alloc: s49496 r8192 d32424 u90112 alloc=22*4096
[    0.000000] pcpu-alloc: [0] 0 [0] 1 [0] 2 [0] 3 
[    0.000000] Detected VIPT I-cache on CPU0
[    0.000000] CPU features: detected: ARM erratum 845719
[    0.000000] Built 1 zonelists, mobility grouping on.  Total pages: 1034240
[    0.000000] Kernel command line: console=ttyPS0,115200 root=/dev/mmcblk0p2 rw earlycon rootfstype=ext4 rootwait clk_ignore_unused cpuidle.off=1 root=/dev/mmcblk0p2 rw rootwait
[    0.000000] Dentry cache hash table entries: 524288 (order: 10, 4194304 bytes, linear)
[    0.000000] Inode-cache hash table entries: 262144 (order: 9, 2097152 bytes, linear)
[    0.000000] mem auto-init: stack:off, heap alloc:off, heap free:off
[    0.000000] software IO TLB: mapped [mem 0x000000003bfff000-0x000000003ffff000] (64MB)
[    0.000000] Memory: 3761904K/4194304K available (15296K kernel code, 1636K rwdata, 11876K rodata, 2560K init, 507K bss, 170256K reserved, 262144K cma-reserved)
[    0.000000] rcu: Hierarchical RCU implementation.
[    0.000000] rcu: 	RCU event tracing is enabled.
[    0.000000] rcu: 	RCU restricting CPUs from NR_CPUS=8 to nr_cpu_ids=4.
[    0.000000] rcu: RCU calculated value of scheduler-enlistment delay is 25 jiffies.
[    0.000000] rcu: Adjusting geometry for rcu_fanout_leaf=16, nr_cpu_ids=4
[    0.000000] NR_IRQS: 64, nr_irqs: 64, preallocated irqs: 0
[    0.000000] GIC: Adjusting CPU interface base to 0x00000000f902f000
[    0.000000] GIC: Using split EOI/Deactivate mode
[    0.000000] random: get_random_bytes called from start_kernel+0x31c/0x54c with crng_init=0
[    0.000000] arch_timer: cp15 timer(s) running at 100.00MHz (phys).
[    0.000000] clocksource: arch_sys_counter: mask: 0xffffffffffffff max_cycles: 0x171024e7e0, max_idle_ns: 440795205315 ns
[    0.000003] sched_clock: 56 bits at 100MHz, resolution 10ns, wraps every 4398046511100ns
[    0.008465] Console: colour dummy device 80x25
[    0.012482] Calibrating delay loop (skipped), value calculated using timer frequency.. 200.00 BogoMIPS (lpj=400000)
[    0.022841] pid_max: default: 32768 minimum: 301
[    0.027549] Mount-cache hash table entries: 8192 (order: 4, 65536 bytes, linear)
[    0.034789] Mountpoint-cache hash table entries: 8192 (order: 4, 65536 bytes, linear)
[    0.043394] rcu: Hierarchical SRCU implementation.
[    0.047558] EFI services will not be available.
[    0.051938] smp: Bringing up secondary CPUs ...
[    0.056658] Detected VIPT I-cache on CPU1
[    0.056696] CPU1: Booted secondary processor 0x0000000001 [0x410fd034]
[    0.057060] Detected VIPT I-cache on CPU2
[    0.057085] CPU2: Booted secondary processor 0x0000000002 [0x410fd034]
[    0.057424] Detected VIPT I-cache on CPU3
[    0.057447] CPU3: Booted secondary processor 0x0000000003 [0x410fd034]
[    0.057494] smp: Brought up 1 node, 4 CPUs
[    0.091780] SMP: Total of 4 processors activated.
[    0.096452] CPU features: detected: 32-bit EL0 Support
[    0.101556] CPU features: detected: CRC32 instructions
[    0.106696] CPU: All CPU(s) started at EL2
[    0.110737] alternatives: patching kernel code
[    0.116171] devtmpfs: initialized
[    0.124062] Registered cp15_barrier emulation handler
[    0.124112] Registered setend emulation handler
[    0.128092] clocksource: jiffies: mask: 0xffffffff max_cycles: 0xffffffff, max_idle_ns: 7645041785100000 ns
[    0.137670] futex hash table entries: 1024 (order: 4, 65536 bytes, linear)
[    0.151023] pinctrl core: initialized pinctrl subsystem
[    0.151669] NET: Registered protocol family 16
[    0.156093] DMA: preallocated 512 KiB GFP_KERNEL pool for atomic allocations
[    0.162108] DMA: preallocated 512 KiB GFP_KERNEL|GFP_DMA pool for atomic allocations
[    0.169833] DMA: preallocated 512 KiB GFP_KERNEL|GFP_DMA32 pool for atomic allocations
[    0.177636] audit: initializing netlink subsys (disabled)
[    0.183090] audit: type=2000 audit(0.116:1): state=initialized audit_enabled=0 res=1
[    0.183432] hw-breakpoint: found 6 breakpoint and 4 watchpoint registers.
[    0.197463] ASID allocator initialised with 65536 entries
[    0.224349] HugeTLB registered 1.00 GiB page size, pre-allocated 0 pages
[    0.225403] HugeTLB registered 32.0 MiB page size, pre-allocated 0 pages
[    0.232073] HugeTLB registered 2.00 MiB page size, pre-allocated 0 pages
[    0.238737] HugeTLB registered 64.0 KiB page size, pre-allocated 0 pages
[    1.304266] DRBG: Continuing without Jitter RNG
[    1.382135] raid6: neonx8   gen()  2142 MB/s
[    1.450175] raid6: neonx8   xor()  1597 MB/s
[    1.518241] raid6: neonx4   gen()  2197 MB/s
[    1.586282] raid6: neonx4   xor()  1567 MB/s
[    1.654350] raid6: neonx2   gen()  2077 MB/s
[    1.722403] raid6: neonx2   xor()  1436 MB/s
[    1.790474] raid6: neonx1   gen()  1772 MB/s
[    1.858512] raid6: neonx1   xor()  1220 MB/s
[    1.926568] raid6: int64x8  gen()  1438 MB/s
[    1.994626] raid6: int64x8  xor()   771 MB/s
[    2.062692] raid6: int64x4  gen()  1599 MB/s
[    2.130755] raid6: int64x4  xor()   818 MB/s
[    2.198813] raid6: int64x2  gen()  1397 MB/s
[    2.266863] raid6: int64x2  xor()   750 MB/s
[    2.334933] raid6: int64x1  gen()  1033 MB/s
[    2.403001] raid6: int64x1  xor()   517 MB/s
[    2.403039] raid6: using algorithm neonx4 gen() 2197 MB/s
[    2.406996] raid6: .... xor() 1567 MB/s, rmw enabled
[    2.411926] raid6: using neon recovery algorithm
[    2.416936] iommu: Default domain type: Translated 
[    2.421550] SCSI subsystem initialized
[    2.425095] libata version 3.00 loaded.
[    2.425219] usbcore: registered new interface driver usbfs
[    2.430552] usbcore: registered new interface driver hub
[    2.435825] usbcore: registered new device driver usb
[    2.440958] mc: Linux media interface: v0.10
[    2.445075] videodev: Linux video capture interface: v2.00
[    2.450566] EDAC MC: Ver: 3.0.0
[    2.454007] zynqmp-ipi-mbox mailbox@ff990400: Registered ZynqMP IPI mbox with TX/RX channels.
[    2.462516] jesd204: created con: id=0, topo=0, link=0, /axi/spi@ff050000/hmc7044@0 <-> /fpga-axi@0/axi-adxcvr-tx@84b60000
[    2.473095] jesd204: created con: id=1, topo=0, link=2, /axi/spi@ff050000/hmc7044@0 <-> /fpga-axi@0/axi-adxcvr-rx@84a60000
[    2.484079] jesd204: created con: id=2, topo=0, link=0, /fpga-axi@0/axi-adxcvr-tx@84b60000 <-> /fpga-axi@0/axi-jesd204-tx@84b90000
[    2.495754] jesd204: created con: id=3, topo=0, link=2, /fpga-axi@0/axi-adxcvr-rx@84a60000 <-> /fpga-axi@0/axi-jesd204-rx@84a90000
[    2.507432] jesd204: created con: id=4, topo=0, link=0, /fpga-axi@0/axi-jesd204-tx@84b90000 <-> /fpga-axi@0/axi-ad9081-tx-hpc@84b10000
[    2.519459] jesd204: created con: id=5, topo=0, link=2, /fpga-axi@0/axi-jesd204-rx@84a90000 <-> /fpga-axi@0/axi-ad9081-rx-hpc@84a10000
[    2.531482] jesd204: created con: id=6, topo=0, link=2, /fpga-axi@0/axi-ad9081-rx-hpc@84a10000 <-> /axi/spi@ff040000/ad9081@0
[    2.542723] jesd204: created con: id=7, topo=0, link=0, /fpga-axi@0/axi-ad9081-tx-hpc@84b10000 <-> /axi/spi@ff040000/ad9081@0
[    2.553973] jesd204: /axi/spi@ff040000/ad9081@0: JESD204[2] transition uninitialized -> initialized
[    2.562960] jesd204: /axi/spi@ff040000/ad9081@0: JESD204[0] transition uninitialized -> initialized
[    2.571952] jesd204: found 8 devices and 1 topologies
[    2.576995] FPGA manager framework
[    2.580473] Advanced Linux Sound Architecture Driver Initialized.
[    2.586767] Bluetooth: Core ver 2.22
[    2.589954] NET: Registered protocol family 31
[    2.594356] Bluetooth: HCI device and connection manager initialized
[    2.600672] Bluetooth: HCI socket layer initialized
[    2.605514] Bluetooth: L2CAP socket layer initialized
[    2.610538] Bluetooth: SCO socket layer initialized
[    2.615722] clocksource: Switched to clocksource arch_sys_counter
[    2.621529] VFS: Disk quotas dquot_6.6.0
[    2.625366] VFS: Dquot-cache hash table entries: 512 (order 0, 4096 bytes)
[    2.636084] NET: Registered protocol family 2
[    2.636812] tcp_listen_portaddr_hash hash table entries: 2048 (order: 3, 32768 bytes, linear)
[    2.645005] TCP established hash table entries: 32768 (order: 6, 262144 bytes, linear)
[    2.653031] TCP bind hash table entries: 32768 (order: 7, 524288 bytes, linear)
[    2.660476] TCP: Hash tables configured (established 32768 bind 32768)
[    2.666650] UDP hash table entries: 2048 (order: 4, 65536 bytes, linear)
[    2.673318] UDP-Lite hash table entries: 2048 (order: 4, 65536 bytes, linear)
[    2.680477] NET: Registered protocol family 1
[    2.684933] RPC: Registered named UNIX socket transport module.
[    2.690553] RPC: Registered udp transport module.
[    2.695220] RPC: Registered tcp transport module.
[    2.699887] RPC: Registered tcp NFSv4.1 backchannel transport module.
[    2.706878] PCI: CLS 0 bytes, default 64
[    2.710587] hw perfevents: no interrupt-affinity property for /pmu, guessing.
[    2.717439] hw perfevents: enabled with armv8_pmuv3 PMU driver, 7 counters available
[    2.725792] Initialise system trusted keyrings
[    2.729466] workingset: timestamp_bits=62 max_order=20 bucket_order=0
[    2.736366] NFS: Registering the id_resolver key type
[    2.740817] Key type id_resolver registered
[    2.744955] Key type id_legacy registered
[    2.748945] nfs4filelayout_init: NFSv4 File Layout Driver Registering...
[    2.755611] jffs2: version 2.2. (NAND) (SUMMARY)  Â© 2001-2006 Red Hat, Inc.
[    2.798750] NET: Registered protocol family 38
[    2.798793] xor: measuring software checksum speed
[    2.806479]    8regs           :  2363 MB/sec
[    2.810148]    32regs          :  2799 MB/sec
[    2.815090]    arm64_neon      :  2380 MB/sec
[    2.815280] xor: using function: 32regs (2799 MB/sec)
[    2.820306] Key type asymmetric registered
[    2.824367] Asymmetric key parser 'x509' registered
[    2.829228] Block layer SCSI generic (bsg) driver version 0.4 loaded (major 248)
[    2.836565] io scheduler mq-deadline registered
[    2.841061] io scheduler kyber registered
[    2.870444] Serial: 8250/16550 driver, 4 ports, IRQ sharing disabled
[    2.875076] cacheinfo: Unable to detect cache hierarchy for CPU 0
[    2.881414] brd: module loaded
[    2.885557] loop: module loaded
[    2.886101] Registered mathworks_ip class
[    2.889448] libphy: Fixed MDIO Bus: probed
[    2.892438] tun: Universal TUN/TAP device driver, 1.6
[    2.896491] CAN device driver interface
[    2.901027] usbcore: registered new interface driver asix
[    2.905623] usbcore: registered new interface driver ax88179_178a
[    2.911657] usbcore: registered new interface driver cdc_ether
[    2.917451] usbcore: registered new interface driver net1080
[    2.923076] usbcore: registered new interface driver cdc_subset
[    2.928957] usbcore: registered new interface driver zaurus
[    2.934501] usbcore: registered new interface driver cdc_ncm
[    2.940904] ehci_hcd: USB 2.0 'Enhanced' Host Controller (EHCI) Driver
[    2.946586] ehci-pci: EHCI PCI platform driver
[    2.951382] usbcore: registered new interface driver uas
[    2.956301] usbcore: registered new interface driver usb-storage
[    2.962289] usbcore: registered new interface driver usbserial_generic
[    2.968740] usbserial: USB Serial support registered for generic
[    2.974713] usbcore: registered new interface driver ftdi_sio
[    2.980417] usbserial: USB Serial support registered for FTDI USB Serial Device
[    2.987693] usbcore: registered new interface driver upd78f0730
[    2.993564] usbserial: USB Serial support registered for upd78f0730
[    3.001218] rtc_zynqmp ffa60000.rtc: registered as rtc0
[    3.004990] rtc_zynqmp ffa60000.rtc: setting system clock to 2022-03-26T00:19:53 UTC (1648253993)
[    3.013852] i2c /dev entries driver
[    3.019156] usbcore: registered new interface driver uvcvideo
[    3.022965] USB Video Class driver (1.1.1)
[    3.028549] Bluetooth: HCI UART driver ver 2.3
[    3.031437] Bluetooth: HCI UART protocol H4 registered
[    3.036546] Bluetooth: HCI UART protocol BCSP registered
[    3.041835] Bluetooth: HCI UART protocol LL registered
[    3.046924] Bluetooth: HCI UART protocol ATH3K registered
[    3.052297] Bluetooth: HCI UART protocol Three-wire (H5) registered
[    3.058553] Bluetooth: HCI UART protocol Intel registered
[    3.063891] Bluetooth: HCI UART protocol QCA registered
[    3.069092] usbcore: registered new interface driver bcm203x
[    3.074713] usbcore: registered new interface driver bpa10x
[    3.080249] usbcore: registered new interface driver bfusb
[    3.085699] usbcore: registered new interface driver btusb
[    3.091162] usbcore: registered new interface driver ath3k
[    3.096645] EDAC MC: ECC not enabled
[    3.100270] EDAC DEVICE0: Giving out device to module zynqmp-ocm-edac controller zynqmp_ocm: DEV ff960000.memory-controller (INTERRUPT)
[    3.112585] sdhci: Secure Digital Host Controller Interface driver
[    3.118373] sdhci: Copyright(c) Pierre Ossman
[    3.122698] sdhci-pltfm: SDHCI platform and OF driver helper
[    3.128752] ledtrig-cpu: registered to indicate activity on CPUs
[    3.134301] SMCCC: SOC_ID: ARCH_SOC_ID not implemented, skipping ....
[    3.140727] zynqmp_firmware_probe Platform Management API v1.1
[    3.146488] zynqmp_firmware_probe Trustzone version v1.0
[    3.186017] zynqmp-pinctrl firmware:zynqmp-firmware:pinctrl: zynqmp pinctrl initialized
[    3.234022] zynqmp-aes firmware:zynqmp-firmware:zynqmp-aes: will run requests pump with realtime priority
[    3.249858] alg: No test for xilinx-keccak-384 (zynqmp-keccak-384)
[    3.250569] alg: No test for xilinx-zynqmp-rsa (zynqmp-rsa)
[    3.256082] usbcore: registered new interface driver usbhid
[    3.261472] usbhid: USB HID core driver
[    3.272722] axi_sysid 85000000.axi-sysid-0: AXI System ID core version (1.01.a) found
[    3.275071] axi_sysid 85000000.axi-sysid-0: [ad9081_fmca_ebz] on [zcu102] git branch <master> git <084d44c9780640ca93fd847b1d9ec70dd65f5c67> clean [2022-03-18 04:17:50] UTC
[    3.290760] fpga_manager fpga0: Xilinx ZynqMP FPGA Manager registered
[    3.297114] usbcore: registered new interface driver snd-usb-audio
[    3.304565] pktgen: Packet Generator for packet performance testing. Version: 2.75
[    3.310747] Initializing XFRM netlink socket
[    3.314601] NET: Registered protocol family 10
[    3.319319] Segment Routing with IPv6
[    3.322700] sit: IPv6, IPv4 and MPLS over IPv4 tunneling driver
[    3.328772] NET: Registered protocol family 17
[    3.332873] NET: Registered protocol family 15
[    3.337373] can: controller area network core
[    3.341622] NET: Registered protocol family 29
[    3.346012] can: raw protocol
[    3.348948] can: broadcast manager protocol
[    3.353103] can: netlink gateway - max_hops=1
[    3.357496] Bluetooth: RFCOMM TTY layer initialized
[    3.362276] Bluetooth: RFCOMM socket layer initialized
[    3.367385] Bluetooth: RFCOMM ver 1.11
[    3.371095] Bluetooth: BNEP (Ethernet Emulation) ver 1.3
[    3.376367] Bluetooth: BNEP filters: protocol multicast
[    3.381561] Bluetooth: BNEP socket layer initialized
[    3.386488] Bluetooth: HIDP (Human Interface Emulation) ver 1.2
[    3.392371] Bluetooth: HIDP socket layer initialized
[    3.397426] 9pnet: Installing 9P2000 support
[    3.401549] NET: Registered protocol family 36
[    3.405965] Key type dns_resolver registered
[    3.410396] registered taskstats version 1
[    3.414261] Loading compiled-in X.509 certificates
[    3.419377] Btrfs loaded, crc32c=crc32c-generic
[    3.431782] ff000000.serial: ttyPS0 at MMIO 0xff000000 (irq = 49, base_baud = 6249999) is a xuartps
[    3.440805] printk: console [ttyPS0] enabled
[    3.445100] printk: bootconsole [cdns0] disabled
[    3.454729] ff010000.serial: ttyPS1 at MMIO 0xff010000 (irq = 50, base_baud = 6249999) is a xuartps
[    3.467983] of-fpga-region fpga-full: FPGA Region probed
[    3.474934] nwl-pcie fd0e0000.pcie: host bridge /axi/pcie@fd0e0000 ranges:
[    3.481829] nwl-pcie fd0e0000.pcie:      MEM 0x00e0000000..0x00efffffff -> 0x00e0000000
[    3.489831] nwl-pcie fd0e0000.pcie:      MEM 0x0600000000..0x07ffffffff -> 0x0600000000
[    3.497893] nwl-pcie fd0e0000.pcie: Link is DOWN
[    3.502650] nwl-pcie fd0e0000.pcie: PCI host bridge to bus 0000:00
[    3.508828] pci_bus 0000:00: root bus resource [bus 00-ff]
[    3.514310] pci_bus 0000:00: root bus resource [mem 0xe0000000-0xefffffff]
[    3.521180] pci_bus 0000:00: root bus resource [mem 0x600000000-0x7ffffffff pref]
[    3.528683] pci 0000:00:00.0: [10ee:d021] type 01 class 0x060400
[    3.534740] pci 0000:00:00.0: PME# supported from D0 D1 D2 D3hot
[    3.545181] pci 0000:00:00.0: PCI bridge to [bus 01-0c]
[    3.551157] xilinx-zynqmp-dma fd500000.dma: ZynqMP DMA driver Probe success
[    3.558328] xilinx-zynqmp-dma fd510000.dma: ZynqMP DMA driver Probe success
[    3.565513] xilinx-zynqmp-dma fd520000.dma: ZynqMP DMA driver Probe success
[    3.572680] xilinx-zynqmp-dma fd530000.dma: ZynqMP DMA driver Probe success
[    3.579854] xilinx-zynqmp-dma fd540000.dma: ZynqMP DMA driver Probe success
[    3.587025] xilinx-zynqmp-dma fd550000.dma: ZynqMP DMA driver Probe success
[    3.594196] xilinx-zynqmp-dma fd560000.dma: ZynqMP DMA driver Probe success
[    3.601367] xilinx-zynqmp-dma fd570000.dma: ZynqMP DMA driver Probe success
[    3.608762] xilinx-zynqmp-dpdma fd4c0000.dma-controller: Xilinx DPDMA engine is probed
[    3.617310] ahci-ceva fd0c0000.ahci: supply ahci not found, using dummy regulator
[    3.624851] ahci-ceva fd0c0000.ahci: supply phy not found, using dummy regulator
[    3.715891] hmc7044 spi2.0: PLL1: Acquisition, CLKIN0 @ 122880000 Hz, PFD: 80 kHz - PLL2: Locked @ 2800.000000 MHz
[    3.726603] jesd204: /axi/spi@ff050000/hmc7044@0,jesd204:1,parent=spi2.0: Using as SYSREF provider
[    3.736192] spi-nor spi0.0: SPI-NOR-UniqueID 100000235394732200270025081115266e
[    3.743501] spi-nor spi0.0: found n25q512a, expected m25p80
[    3.749706] spi-nor spi0.0: trying to lock already unlocked area
[    3.755718] spi-nor spi0.0: n25q512a (131072 Kbytes)
[    3.760699] 4 fixed-partitions partitions found on MTD device spi0.0
[    3.767044] Creating 4 MTD partitions on "spi0.0":
[    3.771829] 0x000000000000-0x000000100000 : "qspi-fsbl-uboot"
[    3.778325] 0x000000100000-0x000000600000 : "qspi-linux"
[    3.784285] 0x000000600000-0x000000620000 : "qspi-device-tree"
[    3.790753] 0x000000620000-0x000000c00000 : "qspi-rootfs"
[    3.799228] macb ff0e0000.ethernet: Not enabling partial store and forward
[    3.806754] libphy: MACB_mii_bus: probed
[    3.811836] macb ff0e0000.ethernet eth0: Cadence GEM rev 0x50070106 at 0xff0e0000 irq 30 (00:0a:35:04:8e:1b)
[    3.822048] xilinx-axipmon ffa00000.perf-monitor: Probed Xilinx APM
[    3.828624] xilinx-axipmon fd0b0000.perf-monitor: Probed Xilinx APM
[    3.835143] xilinx-axipmon fd490000.perf-monitor: Probed Xilinx APM
[    3.841686] xilinx-axipmon ffa10000.perf-monitor: Probed Xilinx APM
[    3.851669] pca953x 0-0020: supply vcc not found, using dummy regulator
[    3.858353] pca953x 0-0020: using no AI
[    3.862843] gpio-496 (sel0): hogged as output/low
[    3.867743] gpio-497 (sel1): hogged as output/high
[    3.872732] gpio-498 (sel2): hogged as output/high
[    3.877716] gpio-499 (sel3): hogged as output/high
[    3.882891] pca953x 0-0021: supply vcc not found, using dummy regulator
[    3.889563] pca953x 0-0021: using no AI
[    3.895324] ina2xx 2-0040: power monitor ina226 (Rshunt = 5000 uOhm)
[    3.902354] ina2xx 2-0041: power monitor ina226 (Rshunt = 5000 uOhm)
[    3.909387] ina2xx 2-0042: power monitor ina226 (Rshunt = 5000 uOhm)
[    3.916414] ina2xx 2-0043: power monitor ina226 (Rshunt = 5000 uOhm)
[    3.923440] ina2xx 2-0044: power monitor ina226 (Rshunt = 5000 uOhm)
[    3.930460] ina2xx 2-0045: power monitor ina226 (Rshunt = 5000 uOhm)
[    3.937491] ina2xx 2-0046: power monitor ina226 (Rshunt = 5000 uOhm)
[    3.944567] ina2xx 2-0047: power monitor ina226 (Rshunt = 5000 uOhm)
[    3.951594] ina2xx 2-004a: power monitor ina226 (Rshunt = 5000 uOhm)
[    3.958635] ina2xx 2-004b: power monitor ina226 (Rshunt = 5000 uOhm)
[    3.965044] i2c i2c-0: Added multiplexed i2c bus 2
[    3.970429] random: fast init done
[    3.973902] ina2xx 3-0040: power monitor ina226 (Rshunt = 2000 uOhm)
[    3.980929] ina2xx 3-0041: power monitor ina226 (Rshunt = 5000 uOhm)
[    3.987955] ina2xx 3-0042: power monitor ina226 (Rshunt = 5000 uOhm)
[    3.994987] ina2xx 3-0043: power monitor ina226 (Rshunt = 5000 uOhm)
[    4.002013] ina2xx 3-0044: power monitor ina226 (Rshunt = 5000 uOhm)
[    4.009041] ina2xx 3-0045: power monitor ina226 (Rshunt = 5000 uOhm)
[    4.016073] ina2xx 3-0046: power monitor ina226 (Rshunt = 5000 uOhm)
[    4.023103] ina2xx 3-0047: power monitor ina226 (Rshunt = 5000 uOhm)
[    4.029503] i2c i2c-0: Added multiplexed i2c bus 3
[    4.085081] i2c i2c-0: Added multiplexed i2c bus 4
[    4.090015] i2c i2c-0: Added multiplexed i2c bus 5
[    4.094807] pca954x 0-0075: registered 4 multiplexed busses for I2C mux pca9544
[    4.102156] cdns-i2c ff020000.i2c: 400 kHz mmio ff020000 irq 32
[    4.109888] at24 6-0054: supply vcc not found, using dummy regulator
[    4.116785] at24 6-0054: 1024 byte 24c08 EEPROM, writable, 1 bytes/write
[    4.123533] i2c i2c-1: Added multiplexed i2c bus 6
[    4.129957] si5341 7-0036: Chip: 5341 Grade: 1 Rev: 1
[    4.167630] i2c i2c-1: Added multiplexed i2c bus 7
[    4.175283] si570 8-005d: registered, current frequency 300000000 Hz
[    4.181683] i2c i2c-1: Added multiplexed i2c bus 8
[    4.201466] si570 9-005d: registered, current frequency 148500000 Hz
[    4.207868] i2c i2c-1: Added multiplexed i2c bus 9
[    4.212899] si5324 10-0069: si5328 probed
[    4.280079] si5324 10-0069: si5328 probe successful
[    4.285011] i2c i2c-1: Added multiplexed i2c bus 10
[    4.290038] i2c i2c-1: Added multiplexed i2c bus 11
[    4.295066] i2c i2c-1: Added multiplexed i2c bus 12
[    4.300085] i2c i2c-1: Added multiplexed i2c bus 13
[    4.304966] pca954x 1-0074: registered 8 multiplexed busses for I2C switch pca9548
[    4.313075] at24 14-0050: supply vcc not found, using dummy regulator
[    4.319864] at24 14-0050: 256 byte 24c02 EEPROM, writable, 1 bytes/write
[    4.326610] i2c i2c-1: Added multiplexed i2c bus 14
[    4.331650] i2c i2c-1: Added multiplexed i2c bus 15
[    4.336683] i2c i2c-1: Added multiplexed i2c bus 16
[    4.341720] i2c i2c-1: Added multiplexed i2c bus 17
[    4.346751] i2c i2c-1: Added multiplexed i2c bus 18
[    4.351797] i2c i2c-1: Added multiplexed i2c bus 19
[    4.356835] i2c i2c-1: Added multiplexed i2c bus 20
[    4.361867] i2c i2c-1: Added multiplexed i2c bus 21
[    4.366741] pca954x 1-0075: registered 8 multiplexed busses for I2C switch pca9548
[    4.374351] cdns-i2c ff030000.i2c: 400 kHz mmio ff030000 irq 33
[    4.384095] cdns-wdt fd4d0000.watchdog: Xilinx Watchdog Timer with timeout 60s
[    4.395035] axi_adxcvr 84a60000.axi-adxcvr-rx: AXI-ADXCVR-RX (17.05.a) using CPLL on GTH4 at 0x84A60000. Number of lanes: 4.
[    4.407213] axi_adxcvr 84b60000.axi-adxcvr-tx: AXI-ADXCVR-TX (17.05.a) using QPLL on GTH4 at 0x84B60000. Number of lanes: 4.
[    4.418834] axi-jesd204-rx 84a90000.axi-jesd204-rx: AXI-JESD204-RX (1.07.a) at 0x84A90000. Encoder 8b10b, width 4/4, lanes 4, jesd204-fsm.
[    4.426118] mmc0: SDHCI controller on ff170000.mmc [ff170000.mmc] using ADMA 64-bit
[    4.431676] axi-jesd204-tx 84b90000.axi-jesd204-tx: AXI-JESD204-TX (1.06.a) at 0x84B90000. Encoder 8b10b, width 4/4, lanes 4, jesd204-fsm.
[    4.452397] zynqmp-display fd4a0000.display: vtc bridge property not present
[    4.462050] xilinx-dp-snd-codec fd4a0000.display:zynqmp_dp_snd_codec0: Failed to get required clock freq
[    4.471555] xilinx-dp-snd-codec: probe of fd4a0000.display:zynqmp_dp_snd_codec0 failed with error -22
[    4.473505] mmc0: new high speed SDHC card at address 0001
[    4.481093] xilinx-dp-snd-pcm zynqmp_dp_snd_pcm0: Xilinx DisplayPort Sound PCM probed
[    4.486608] mmcblk0: mmc0:0001 EB1QT 29.8 GiB 
[    4.494410] xilinx-dp-snd-pcm zynqmp_dp_snd_pcm1: Xilinx DisplayPort Sound PCM probed
[    4.499762]  mmcblk0: p1 p2 p3
[    4.506710] OF: graph: no port node found in /axi/display@fd4a0000
[    4.515788] xlnx-drm xlnx-drm.0: bound fd4a0000.display (ops 0xffffffc010fcbdb8)
[    5.599738] zynqmp-display fd4a0000.display: [drm] Cannot find any crtc or sizes
[    5.607350] [drm] Initialized xlnx 1.0.0 20130509 for fd4a0000.display on minor 0
[    5.614840] zynqmp-display fd4a0000.display: ZynqMP DisplayPort Subsystem driver probed
[    5.623165] ahci-ceva fd0c0000.ahci: supply ahci not found, using dummy regulator
[    5.630712] ahci-ceva fd0c0000.ahci: supply phy not found, using dummy regulator
[    5.638162] ahci-ceva fd0c0000.ahci: supply target not found, using dummy regulator
[    5.646002] ahci-ceva fd0c0000.ahci: AHCI 0001.0301 32 slots 2 ports 6 Gbps 0x3 impl platform mode
[    5.654956] ahci-ceva fd0c0000.ahci: flags: 64bit ncq sntf pm clo only pmp fbs pio slum part ccc sds apst 
[    5.665652] scsi host0: ahci-ceva
[    5.669251] scsi host1: ahci-ceva
[    5.672677] ata1: SATA max UDMA/133 mmio [mem 0xfd0c0000-0xfd0c1fff] port 0x100 irq 45
[    5.680587] ata2: SATA max UDMA/133 mmio [mem 0xfd0c0000-0xfd0c1fff] port 0x180 irq 45
[    5.689184] ad9081 spi1.0: supply vdd not found, using dummy regulator
[    6.001973] ata1: SATA link down (SStatus 0 SControl 330)
[    6.007395] ata2: SATA link down (SStatus 0 SControl 330)
[    6.683740] zynqmp-display fd4a0000.display: [drm] Cannot find any crtc or sizes
[    7.528004] ad9081 spi1.0: AD9081 Rev. 2 Grade 10 (API 1.2.2) probed
[    7.535199] xhci-hcd xhci-hcd.1.auto: xHCI Host Controller
[    7.540693] xhci-hcd xhci-hcd.1.auto: new USB bus registered, assigned bus number 1
[    7.548437] xhci-hcd xhci-hcd.1.auto: hcc params 0x0238f625 hci version 0x100 quirks 0x0000000002010810
[    7.557861] xhci-hcd xhci-hcd.1.auto: irq 59, io mem 0xfe200000
[    7.563971] usb usb1: New USB device found, idVendor=1d6b, idProduct=0002, bcdDevice= 5.10
[    7.572230] usb usb1: New USB device strings: Mfr=3, Product=2, SerialNumber=1
[    7.579449] usb usb1: Product: xHCI Host Controller
[    7.584317] usb usb1: Manufacturer: Linux 5.10.0-98103-g2aa7ac113716 xhci-hcd
[    7.591443] usb usb1: SerialNumber: xhci-hcd.1.auto
[    7.596614] hub 1-0:1.0: USB hub found
[    7.600377] hub 1-0:1.0: 1 port detected
[    7.604475] xhci-hcd xhci-hcd.1.auto: xHCI Host Controller
[    7.609963] xhci-hcd xhci-hcd.1.auto: new USB bus registered, assigned bus number 2
[    7.617617] xhci-hcd xhci-hcd.1.auto: Host supports USB 3.0 SuperSpeed
[    7.624239] usb usb2: New USB device found, idVendor=1d6b, idProduct=0003, bcdDevice= 5.10
[    7.632503] usb usb2: New USB device strings: Mfr=3, Product=2, SerialNumber=1
[    7.639722] usb usb2: Product: xHCI Host Controller
[    7.644592] usb usb2: Manufacturer: Linux 5.10.0-98103-g2aa7ac113716 xhci-hcd
[    7.651716] usb usb2: SerialNumber: xhci-hcd.1.auto
[    7.656826] hub 2-0:1.0: USB hub found
[    7.660587] hub 2-0:1.0: 1 port detected
[    7.690679] cf_axi_adc 84a10000.axi-ad9081-rx-hpc: ADI AIM (10.01.b) at 0x84A10000 mapped to 0x(____ptrval____), probed ADC AD9081 as MASTER
[    7.720563] cf_axi_dds 84b10000.axi-ad9081-tx-hpc: Analog Devices CF_AXI_DDS_DDS MASTER (9.01.b) at 0x84B10000 mapped to 0x(____ptrval____), probed DDS AD9081
[    7.734765] jesd204: /axi/spi@ff040000/ad9081@0,jesd204:0,parent=spi1.0: JESD204[2] transition initialized -> probed
[    7.745286] jesd204: /axi/spi@ff040000/ad9081@0,jesd204:0,parent=spi1.0: JESD204[0] transition initialized -> probed
[    7.755810] jesd204: /axi/spi@ff040000/ad9081@0,jesd204:0,parent=spi1.0: JESD204[2] transition probed -> idle
[    7.765717] jesd204: /axi/spi@ff040000/ad9081@0,jesd204:0,parent=spi1.0: JESD204[0] transition probed -> idle
[    7.775634] jesd204: /axi/spi@ff040000/ad9081@0,jesd204:0,parent=spi1.0: JESD204[2] transition idle -> device_init
[    7.785976] jesd204: /axi/spi@ff040000/ad9081@0,jesd204:0,parent=spi1.0: JESD204[0] transition idle -> device_init
[    7.796330] jesd204: /axi/spi@ff040000/ad9081@0,jesd204:0,parent=spi1.0: JESD204[2] transition device_init -> link_init
[    7.807113] jesd204: /axi/spi@ff040000/ad9081@0,jesd204:0,parent=spi1.0: JESD204[0] transition device_init -> link_init
[    7.817904] jesd204: /axi/spi@ff040000/ad9081@0,jesd204:0,parent=spi1.0: JESD204[2] transition link_init -> link_supported
[    7.828942] jesd204: /axi/spi@ff040000/ad9081@0,jesd204:0,parent=spi1.0: JESD204[0] transition link_init -> link_supported
[    7.840361] hmc7044 spi2.0: hmc7044_jesd204_link_pre_setup: Link2 forcing continuous SYSREF mode
[    7.849534] jesd204: /axi/spi@ff040000/ad9081@0,jesd204:0,parent=spi1.0: JESD204[2] transition link_supported -> link_pre_setup
[    7.861008] jesd204: /axi/spi@ff040000/ad9081@0,jesd204:0,parent=spi1.0: JESD204[0] transition link_supported -> link_pre_setup
[    7.884853] jesd204: /axi/spi@ff040000/ad9081@0,jesd204:0,parent=spi1.0: JESD204[2] transition link_pre_setup -> clk_sync_stage1
[    7.896414] jesd204: /axi/spi@ff040000/ad9081@0,jesd204:0,parent=spi1.0: JESD204[0] transition link_pre_setup -> clk_sync_stage1
[    7.907984] jesd204: /axi/spi@ff040000/ad9081@0,jesd204:0,parent=spi1.0: JESD204[2] transition clk_sync_stage1 -> clk_sync_stage2
[    7.919631] jesd204: /axi/spi@ff040000/ad9081@0,jesd204:0,parent=spi1.0: JESD204[0] transition clk_sync_stage1 -> clk_sync_stage2
[    7.931283] jesd204: /axi/spi@ff040000/ad9081@0,jesd204:0,parent=spi1.0: JESD204[2] transition clk_sync_stage2 -> clk_sync_stage3
[    7.942927] jesd204: /axi/spi@ff040000/ad9081@0,jesd204:0,parent=spi1.0: JESD204[0] transition clk_sync_stage2 -> clk_sync_stage3
[    7.956599] jesd204: /axi/spi@ff040000/ad9081@0,jesd204:0,parent=spi1.0: JESD204[2] transition clk_sync_stage3 -> link_setup
[    7.967817] jesd204: /axi/spi@ff040000/ad9081@0,jesd204:0,parent=spi1.0: JESD204[0] transition clk_sync_stage3 -> link_setup
[    7.983867] jesd204: /axi/spi@ff040000/ad9081@0,jesd204:0,parent=spi1.0: JESD204[2] transition link_setup -> opt_setup_stage1
[    7.995166] jesd204: /axi/spi@ff040000/ad9081@0,jesd204:0,parent=spi1.0: JESD204[0] transition link_setup -> opt_setup_stage1
[    8.011509] jesd204: /axi/spi@ff040000/ad9081@0,jesd204:0,parent=spi1.0: JESD204[2] transition opt_setup_stage1 -> opt_setup_stage2
[    8.023332] jesd204: /axi/spi@ff040000/ad9081@0,jesd204:0,parent=spi1.0: JESD204[0] transition opt_setup_stage1 -> opt_setup_stage2
[    8.035305] jesd204: /axi/spi@ff040000/ad9081@0,jesd204:0,parent=spi1.0: JESD204[2] transition opt_setup_stage2 -> opt_setup_stage3
[    8.047125] jesd204: /axi/spi@ff040000/ad9081@0,jesd204:0,parent=spi1.0: JESD204[0] transition opt_setup_stage2 -> opt_setup_stage3
[    8.058947] jesd204: /axi/spi@ff040000/ad9081@0,jesd204:0,parent=spi1.0: JESD204[2] transition opt_setup_stage3 -> opt_setup_stage4
[    8.070772] jesd204: /axi/spi@ff040000/ad9081@0,jesd204:0,parent=spi1.0: JESD204[0] transition opt_setup_stage3 -> opt_setup_stage4
[    8.082595] jesd204: /axi/spi@ff040000/ad9081@0,jesd204:0,parent=spi1.0: JESD204[2] transition opt_setup_stage4 -> opt_setup_stage5
[    8.094423] jesd204: /axi/spi@ff040000/ad9081@0,jesd204:0,parent=spi1.0: JESD204[0] transition opt_setup_stage4 -> opt_setup_stage5
[    8.110351] jesd204: /axi/spi@ff040000/ad9081@0,jesd204:0,parent=spi1.0: JESD204[2] transition opt_setup_stage5 -> clocks_enable
[    8.121911] jesd204: /axi/spi@ff040000/ad9081@0,jesd204:0,parent=spi1.0: JESD204[0] transition opt_setup_stage5 -> clocks_enable
[    8.168787] axi_adxcvr 84a60000.axi-adxcvr-rx: adxcvr_clk_enable: CPLL RX buffer underflow error, status: 0x61
[    8.178771] axi_adxcvr 84a60000.axi-adxcvr-rx: adxcvr_clk_enable: CPLL RX buffer overflow error, status: 0x61
[    8.188758] jesd204: /axi/spi@ff040000/ad9081@0,jesd204:0,parent=spi1.0: JESD204[2] transition clocks_enable -> link_enable
[    8.199883] jesd204: /axi/spi@ff040000/ad9081@0,jesd204:0,parent=spi1.0: JESD204[0] transition clocks_enable -> link_enable
[    8.231973] ad9081 spi1.0: JESD RX (JTX) Link2 in DATA, SYNC deasserted, PLL locked, PHASE established, MODE valid
[    8.242585] ad9081 spi1.0: JESD TX (JRX) Link0 0xF lanes in DATA
[    8.248596] jesd204: /axi/spi@ff040000/ad9081@0,jesd204:0,parent=spi1.0: JESD204[2] transition link_enable -> link_running
[    8.259634] jesd204: /axi/spi@ff040000/ad9081@0,jesd204:0,parent=spi1.0: JESD204[0] transition link_enable -> link_running
[    8.270680] jesd204: /axi/spi@ff040000/ad9081@0,jesd204:0,parent=spi1.0: JESD204[2] transition link_running -> opt_post_running_stage
[    8.282670] jesd204: /axi/spi@ff040000/ad9081@0,jesd204:0,parent=spi1.0: JESD204[0] transition link_running -> opt_post_running_stage
[    8.303968] input: gpio-keys as /devices/platform/gpio-keys/input/input0
[    8.310989] of_cfs_init
[    8.313449] of_cfs_init: OK
[    8.316388] cfg80211: Loading compiled-in X.509 certificates for regulatory database
[    8.436241] random: crng init done
[    8.454790] cfg80211: Loaded X.509 cert 'sforshee: 00b28ddf47aef9cea7'
[    8.461317] clk: Not disabling unused clocks
[    8.465848] ALSA device list:
[    8.468808]   No soundcards found.
[    8.472483] platform regulatory.0: Direct firmware load for regulatory.db failed with error -2
[    8.481095] cfg80211: failed to load regulatory.db
[    8.495781] EXT4-fs (mmcblk0p2): mounted filesystem with ordered data mode. Opts: (null)
[    8.503888] VFS: Mounted root (ext4 filesystem) on device 179:2.
[    8.517338] devtmpfs: mounted
[    8.521167] Freeing unused kernel memory: 2560K
[    8.551771] Run /sbin/init as init process
[    8.555863]   with arguments:
[    8.555865]     /sbin/init
[    8.555867]   with environment:
[    8.555870]     HOME=/
[    8.555872]     TERM=linux
[    9.124682] systemd[1]: systemd 241 running in system mode. (+PAM +AUDIT +SELINUX +IMA +APPARMOR +SMACK +SYSVINIT +UTMP +LIBCRYPTSETUP +GCRYPT +GNUTLS +ACL +XZ +LZ4 +SECCOMP +BLKID +ELFUTILS +KMOD -IDN2 +IDN -PCRE2 default-hierarchy=hybrid)
[    9.146582] systemd[1]: Detected architecture arm64.
[    9.168446] systemd[1]: Set hostname to <analog>.
[    9.360758] systemd[1]: File /lib/systemd/system/systemd-journald.service:12 configures an IP firewall (IPAddressDeny=any), but the local system does not support BPF/cgroup based firewalling.
[    9.377869] systemd[1]: Proceeding WITHOUT firewalling in effect! (This warning is only shown for the first loaded unit using IP firewalling.)
[    9.541383] systemd[1]: /etc/systemd/system/tof-server.service:1: Assignment outside of section. Ignoring.
[    9.551067] systemd[1]: /etc/systemd/system/tof-server.service:2: Assignment outside of section. Ignoring.
[    9.743175] systemd[1]: Listening on fsck to fsckd communication Socket.
[    9.768039] systemd[1]: Listening on udev Kernel Socket.
[    9.788145] systemd[1]: Listening on Journal Socket.
[   10.362281] ------------[ cut here ]------------
[   10.362289] Enabling unprepared \xa0\xe9Q\x88\xff\xff\xffpQ\x88\xff\xff\xff
[   10.362334] WARNING: CPU: 3 PID: 126 at drivers/clk/clk.c:1012 clk_core_enable+0xa4/0xc0
[   10.362337] Modules linked in:
[   10.362348] CPU: 3 PID: 126 Comm: kworker/3:1H Not tainted 5.10.0-98103-g2aa7ac113716 #5577
[   10.362351] Hardware name: ZynqMP ZCU102 Rev1.0 (DT)
[   10.362360] Workqueue: kblockd blk_mq_run_work_fn
[   10.362368] pstate: 80000085 (Nzcv daIf -PAN -UAO -TCO BTYPE=--)
[   10.362373] pc : clk_core_enable+0xa4/0xc0
[   10.362379] lr : clk_core_enable+0xa4/0xc0
[   10.362382] sp : ffffffc012b3b2d0
[   10.362385] x29: ffffffc012b3b2d0 x28: ffffff8800330c10 
[   10.362392] x27: ffffff8800330d48 x26: 0000005000000101 
[   10.362398] x25: 0000000263b25c18 x24: 0000000000000001 
[   10.362405] x23: ffffff88010e9380 x22: ffffff8801083220 
[   10.362411] x21: ffffff8801517000 x20: ffffff8801517008 
[   10.362418] x19: ffffff8801517008 x18: 0000000000000030 
[   10.362424] x17: 0000000000000003 x16: 0000adf7d870a3dc 
[   10.362431] x15: ffffffffffff8690 x14: ffffffc011d3b1a0 
[   10.362442] x13: ffffffc011d3b1c8 x12: 00000000000005e5 
[   10.362448] x11: 00000000000001f7 x10: ffffffc011d671c8 
[   10.362455] x9 : 00000000fffff800 x8 : ffffffc011d3b1c8 
[   10.362461] x7 : ffffffc011d671c8 x6 : 0000000000000001 
[   10.362467] x5 : ffffff887f7a89e0 x4 : 0000000000000000 
[   10.362474] x3 : 0000000000000027 x2 : 0000000000000023 
[   10.362480] x1 : 2bb695c83b1fb600 x0 : 0000000000000000 
[   10.362487] Call trace:
[   10.362493]  clk_core_enable+0xa4/0xc0
[   10.362498]  clk_enable+0x2c/0x60
[   10.362504]  zynqmp_runtime_resume+0x24/0x84
[   10.362512]  pm_generic_runtime_resume+0x30/0x50
[   10.362517]  __genpd_runtime_resume+0x30/0xb0
[   10.362524]  genpd_runtime_resume+0x90/0x250
[   10.362529]  __rpm_callback+0x10c/0x1e0
[   10.362535]  rpm_callback+0x5c/0x84
[   10.362540]  rpm_resume+0x4a4/0x74c
[   10.362545]  __pm_runtime_resume+0x78/0xc4
[   10.362549]  spi_mem_access_start.isra.0+0x30/0x80
[   10.362553]  spi_mem_exec_op+0x3b0/0x424
[   10.362559]  spi_nor_read_sr+0x78/0xe0
[   10.362564]  spi_nor_wait_till_ready_with_timeout+0xb4/0x2f0
[   10.362568]  spi_nor_read+0x188/0x380
[   10.362574]  mtd_read_oob_std+0x78/0x84
[   10.362578]  mtd_read_oob+0x7c/0x134
[   10.362583]  mtd_read+0x48/0x7c
[   10.362588]  mtdblock_readsect+0x6c/0x150
[   10.362593]  mtd_queue_rq+0x2cc/0x5a0
[   10.362599]  blk_mq_dispatch_rq_list+0x110/0x790
[   10.362606]  __blk_mq_do_dispatch_sched+0x200/0x274
[   10.362611]  __blk_mq_sched_dispatch_requests+0x1a8/0x1fc
[   10.362617]  blk_mq_sched_dispatch_requests+0x3c/0x7c
[   10.362622]  __blk_mq_run_hw_queue+0x98/0x100
[   10.362627]  blk_mq_run_work_fn+0x24/0x30
[   10.362632]  process_one_work+0x1d4/0x380
[   10.362636]  worker_thread+0x78/0x4e0
[   10.362642]  kthread+0x124/0x130
[   10.362647]  ret_from_fork+0x10/0x3c
[   10.362651] ---[ end trace 0d8bccb6143bea87 ]---
[   10.362659] zynqmp-qspi ff0f0000.spi: Cannot enable APB clock.
[   10.362709] spi_master spi0: Failed to power device: -108
[   10.362719] blk_update_request: I/O error, dev mtdblock0, sector 8 op 0x0:(READ) flags 0x80700 phys_seg 1 prio class 0
[   10.362789] spi_master spi0: Failed to power device: -22
[   10.362795] blk_update_request: I/O error, dev mtdblock0, sector 8 op 0x0:(READ) flags 0x0 phys_seg 8 prio class 0
[   10.362801] Buffer I/O error on dev mtdblock0, logical block 8, async page read
[   10.362810] spi_master spi0: Failed to power device: -22
[   10.362816] blk_update_request: I/O error, dev mtdblock0, sector 9 op 0x0:(READ) flags 0x0 phys_seg 7 prio class 0
[   10.362820] Buffer I/O error on dev mtdblock0, logical block 9, async page read
[   10.362827] spi_master spi0: Failed to power device: -22
[   10.362833] blk_update_request: I/O error, dev mtdblock0, sector 10 op 0x0:(READ) flags 0x0 phys_seg 6 prio class 0
[   10.362836] Buffer I/O error on dev mtdblock0, logical block 10, async page read
[   10.362843] spi_master spi0: Failed to power device: -22
[   10.362849] blk_update_request: I/O error, dev mtdblock0, sector 11 op 0x0:(READ) flags 0x0 phys_seg 5 prio class 0
[   10.362853] Buffer I/O error on dev mtdblock0, logical block 11, async page read
[   10.362860] spi_master spi0: Failed to power device: -22
[   10.362866] blk_update_request: I/O error, dev mtdblock0, sector 12 op 0x0:(READ) flags 0x0 phys_seg 4 prio class 0
[   10.362870] Buffer I/O error on dev mtdblock0, logical block 12, async page read
[   10.362877] spi_master spi0: Failed to power device: -22
[   10.362882] blk_update_request: I/O error, dev mtdblock0, sector 13 op 0x0:(READ) flags 0x0 phys_seg 3 prio class 0
[   10.362886] Buffer I/O error on dev mtdblock0, logical block 13, async page read
[   10.362893] spi_master spi0: Failed to power device: -22
[   10.362899] blk_update_request: I/O error, dev mtdblock0, sector 14 op 0x0:(READ) flags 0x0 phys_seg 2 prio class 0
[   10.362903] Buffer I/O error on dev mtdblock0, logical block 14, async page read
[   10.362909] spi_master spi0: Failed to power device: -22
[   10.362915] blk_update_request: I/O error, dev mtdblock0, sector 15 op 0x0:(READ) flags 0x0 phys_seg 1 prio class 0
[   10.362919] Buffer I/O error on dev mtdblock0, logical block 15, async page read
[   10.363242] spi_master spi0: Failed to power device: -22
[   10.363249] blk_update_request: I/O error, dev mtdblock1, sector 10112 op 0x0:(READ) flags 0x80700 phys_seg 1 prio class 0
[   10.363293] spi_master spi0: Failed to power device: -22
[   10.363299] Buffer I/O error on dev mtdblock1, logical block 10112, async page read
[   10.363307] spi_master spi0: Failed to power device: -22
[   10.363312] Buffer I/O error on dev mtdblock1, logical block 10113, async page read
[   10.363319] spi_master spi0: Failed to power device: -22
[   10.363327] spi_master spi0: Failed to power device: -22
[   10.363334] spi_master spi0: Failed to power device: -22
[   10.363342] spi_master spi0: Failed to power device: -22
[   10.363349] spi_master spi0: Failed to power device: -22
[   10.363357] spi_master spi0: Failed to power device: -22
[   10.363618] spi_master spi0: Failed to power device: -22
[   10.363663] spi_master spi0: Failed to power device: -22
[   10.363672] spi_master spi0: Failed to power device: -22
[   10.363681] spi_master spi0: Failed to power device: -22
[   10.363689] spi_master spi0: Failed to power device: -22
[   10.363696] spi_master spi0: Failed to power device: -22
[   10.363703] spi_master spi0: Failed to power device: -22
[   10.363737] spi_master spi0: Failed to power device: -22
[   10.363745] spi_master spi0: Failed to power device: -22
[   10.364017] spi_master spi0: Failed to power device: -22
[   10.364061] spi_master spi0: Failed to power device: -22
[   10.364071] spi_master spi0: Failed to power device: -22
[   10.364078] spi_master spi0: Failed to power device: -22
[   10.364086] spi_master spi0: Failed to power device: -22
[   10.364093] spi_master spi0: Failed to power device: -22
[   10.364101] spi_master spi0: Failed to power device: -22
[   10.364108] spi_master spi0: Failed to power device: -22
[   10.364115] spi_master spi0: Failed to power device: -22
[   10.488651] EXT4-fs (mmcblk0p2): re-mounted. Opts: (null)
[   10.559708] systemd-journald[158]: Received request to flush runtime journal from PID 1
[   16.940253] macb ff0e0000.ethernet eth0: PHY [ff0e0000.ethernet-ffffffff:0c] driver [TI DP83867] (irq=POLL)
[   16.940270] macb ff0e0000.ethernet eth0: configuring for phy/rgmii-id link mode
[   17.223775] Adding 99324k swap on /var/swap.  Priority:-2 extents:2 across:664572k SS
[   19.801337] broken atomic modeset userspace detected, disabling atomic
[   21.025360] macb ff0e0000.ethernet eth0: Link is Up - 1Gbps/Full - flow control off
[   21.025411] IPv6: ADDRCONF(NETDEV_CHANGE): eth0: link becomes ready
[   22.487589] broken atomic modeset userspace detected, disabling atomic
[   25.384725] broken atomic modeset userspace detected, disabling atomic
[   28.105138] broken atomic modeset userspace detected, disabling atomic