[    0.000000] Booting Linux on physical CPU 0x0000000000 [0x410fd034]
[    0.000000] Linux version 5.10.0-98103-g2aa7ac113716 (jenkins@romlxbuild1.adlk.analog.com) (aarch64-xilinx-linux-gcc.real (GCC) 10.2.0, GNU ld (GNU Binutils) 2.35.0.20200730) #5577 SMP Wed Mar 23 07:28:49 GMT 2022
[    0.000000] Machine model: ZynqMP ZCU102 Rev1.0
[    0.000000] earlycon: cdns0 at MMIO 0x00000000ff000000 (options '115200n8')
[    0.000000] printk: bootconsole [cdns0] enabled
[    0.000000] efi: UEFI not found.
[    0.000000] cma: Reserved 256 MiB at 0x0000000070000000
[    0.000000] Zone ranges:
[    0.000000]   DMA      [mem 0x0000000000000000-0x000000003fffffff]
[    0.000000]   DMA32    [mem 0x0000000040000000-0x00000000ffffffff]
[    0.000000]   Normal   [mem 0x0000000100000000-0x000000087fffffff]
[    0.000000] Movable zone start for each node
[    0.000000] Early memory node ranges
[    0.000000]   node   0: [mem 0x0000000000000000-0x000000007fffffff]
[    0.000000]   node   0: [mem 0x0000000800000000-0x000000087fffffff]
[    0.000000] Initmem setup node 0 [mem 0x0000000000000000-0x000000087fffffff]
[    0.000000] On node 0 totalpages: 1048576
[    0.000000]   DMA zone: 3584 pages used for memmap
[    0.000000]   DMA zone: 0 pages reserved
[    0.000000]   DMA zone: 262144 pages, LIFO batch:63
[    0.000000]   DMA32 zone: 3584 pages used for memmap
[    0.000000]   DMA32 zone: 262144 pages, LIFO batch:63
[    0.000000]   Normal zone: 7168 pages used for memmap
[    0.000000]   Normal zone: 524288 pages, LIFO batch:63
[    0.000000] psci: probing for conduit method from DT.
[    0.000000] psci: PSCIv1.1 detected in firmware.
[    0.000000] psci: Using standard PSCI v0.2 function IDs
[    0.000000] psci: MIGRATE_INFO_TYPE not supported.
[    0.000000] psci: SMC Calling Convention v1.2
[    0.000000] percpu: Embedded 22 pages/cpu s49496 r8192 d32424 u90112
[    0.000000] pcpu-alloc: s49496 r8192 d32424 u90112 alloc=22*4096
[    0.000000] pcpu-alloc: [0] 0 [0] 1 [0] 2 [0] 3 
[    0.000000] Detected VIPT I-cache on CPU0
[    0.000000] CPU features: detected: ARM erratum 845719
[    0.000000] Built 1 zonelists, mobility grouping on.  Total pages: 1034240
[    0.000000] Kernel command line: console=ttyPS0,115200 root=/dev/mmcblk0p2 rw earlycon rootfstype=ext4 rootwait clk_ignore_unused cpuidle.off=1 root=/dev/mmcblk0p2 rw rootwait
[    0.000000] Dentry cache hash table entries: 524288 (order: 10, 4194304 bytes, linear)
[    0.000000] Inode-cache hash table entries: 262144 (order: 9, 2097152 bytes, linear)
[    0.000000] mem auto-init: stack:off, heap alloc:off, heap free:off
[    0.000000] software IO TLB: mapped [mem 0x000000003bfff000-0x000000003ffff000] (64MB)
[    0.000000] Memory: 3761904K/4194304K available (15296K kernel code, 1636K rwdata, 11876K rodata, 2560K init, 507K bss, 170256K reserved, 262144K cma-reserved)
[    0.000000] rcu: Hierarchical RCU implementation.
[    0.000000] rcu: 	RCU event tracing is enabled.
[    0.000000] rcu: 	RCU restricting CPUs from NR_CPUS=8 to nr_cpu_ids=4.
[    0.000000] rcu: RCU calculated value of scheduler-enlistment delay is 25 jiffies.
[    0.000000] rcu: Adjusting geometry for rcu_fanout_leaf=16, nr_cpu_ids=4
[    0.000000] NR_IRQS: 64, nr_irqs: 64, preallocated irqs: 0
[    0.000000] GIC: Adjusting CPU interface base to 0x00000000f902f000
[    0.000000] GIC: Using split EOI/Deactivate mode
[    0.000000] random: get_random_bytes called from start_kernel+0x31c/0x54c with crng_init=0
[    0.000000] arch_timer: cp15 timer(s) running at 100.00MHz (phys).
[    0.000000] clocksource: arch_sys_counter: mask: 0xffffffffffffff max_cycles: 0x171024e7e0, max_idle_ns: 440795205315 ns
[    0.000003] sched_clock: 56 bits at 100MHz, resolution 10ns, wraps every 4398046511100ns
[    0.008458] Console: colour dummy device 80x25
[    0.012482] Calibrating delay loop (skipped), value calculated using timer frequency.. 200.00 BogoMIPS (lpj=400000)
[    0.022841] pid_max: default: 32768 minimum: 301
[    0.027550] Mount-cache hash table entries: 8192 (order: 4, 65536 bytes, linear)
[    0.034789] Mountpoint-cache hash table entries: 8192 (order: 4, 65536 bytes, linear)
[    0.043396] rcu: Hierarchical SRCU implementation.
[    0.047559] EFI services will not be available.
[    0.051939] smp: Bringing up secondary CPUs ...
[    0.056656] Detected VIPT I-cache on CPU1
[    0.056695] CPU1: Booted secondary processor 0x0000000001 [0x410fd034]
[    0.057060] Detected VIPT I-cache on CPU2
[    0.057084] CPU2: Booted secondary processor 0x0000000002 [0x410fd034]
[    0.057423] Detected VIPT I-cache on CPU3
[    0.057446] CPU3: Booted secondary processor 0x0000000003 [0x410fd034]
[    0.057492] smp: Brought up 1 node, 4 CPUs
[    0.091780] SMP: Total of 4 processors activated.
[    0.096453] CPU features: detected: 32-bit EL0 Support
[    0.101556] CPU features: detected: CRC32 instructions
[    0.106697] CPU: All CPU(s) started at EL2
[    0.110736] alternatives: patching kernel code
[    0.116168] devtmpfs: initialized
[    0.124068] Registered cp15_barrier emulation handler
[    0.124119] Registered setend emulation handler
[    0.128100] clocksource: jiffies: mask: 0xffffffff max_cycles: 0xffffffff, max_idle_ns: 7645041785100000 ns
[    0.137679] futex hash table entries: 1024 (order: 4, 65536 bytes, linear)
[    0.151035] pinctrl core: initialized pinctrl subsystem
[    0.151681] NET: Registered protocol family 16
[    0.156099] DMA: preallocated 512 KiB GFP_KERNEL pool for atomic allocations
[    0.162116] DMA: preallocated 512 KiB GFP_KERNEL|GFP_DMA pool for atomic allocations
[    0.169842] DMA: preallocated 512 KiB GFP_KERNEL|GFP_DMA32 pool for atomic allocations
[    0.177645] audit: initializing netlink subsys (disabled)
[    0.183096] audit: type=2000 audit(0.116:1): state=initialized audit_enabled=0 res=1
[    0.183441] hw-breakpoint: found 6 breakpoint and 4 watchpoint registers.
[    0.197472] ASID allocator initialised with 65536 entries
[    0.224348] HugeTLB registered 1.00 GiB page size, pre-allocated 0 pages
[    0.225404] HugeTLB registered 32.0 MiB page size, pre-allocated 0 pages
[    0.232074] HugeTLB registered 2.00 MiB page size, pre-allocated 0 pages
[    0.238738] HugeTLB registered 64.0 KiB page size, pre-allocated 0 pages
[    1.304321] DRBG: Continuing without Jitter RNG
[    1.382133] raid6: neonx8   gen()  2138 MB/s
[    1.450181] raid6: neonx8   xor()  1599 MB/s
[    1.518246] raid6: neonx4   gen()  2194 MB/s
[    1.586293] raid6: neonx4   xor()  1569 MB/s
[    1.654363] raid6: neonx2   gen()  2076 MB/s
[    1.722401] raid6: neonx2   xor()  1443 MB/s
[    1.790464] raid6: neonx1   gen()  1771 MB/s
[    1.858515] raid6: neonx1   xor()  1220 MB/s
[    1.926580] raid6: int64x8  gen()  1438 MB/s
[    1.994630] raid6: int64x8  xor()   771 MB/s
[    2.062708] raid6: int64x4  gen()  1599 MB/s
[    2.130746] raid6: int64x4  xor()   815 MB/s
[    2.198824] raid6: int64x2  gen()  1397 MB/s
[    2.266867] raid6: int64x2  xor()   750 MB/s
[    2.334954] raid6: int64x1  gen()  1034 MB/s
[    2.403006] raid6: int64x1  xor()   517 MB/s
[    2.403044] raid6: using algorithm neonx4 gen() 2194 MB/s
[    2.406995] raid6: .... xor() 1569 MB/s, rmw enabled
[    2.411926] raid6: using neon recovery algorithm
[    2.416940] iommu: Default domain type: Translated 
[    2.421551] SCSI subsystem initialized
[    2.425096] libata version 3.00 loaded.
[    2.425220] usbcore: registered new interface driver usbfs
[    2.430552] usbcore: registered new interface driver hub
[    2.435826] usbcore: registered new device driver usb
[    2.440958] mc: Linux media interface: v0.10
[    2.445075] videodev: Linux video capture interface: v2.00
[    2.450565] EDAC MC: Ver: 3.0.0
[    2.454004] zynqmp-ipi-mbox mailbox@ff990400: Registered ZynqMP IPI mbox with TX/RX channels.
[    2.462502] jesd204: created con: id=0, topo=0, link=0, /axi/spi@ff050000/hmc7044@0 <-> /fpga-axi@0/axi-adxcvr-tx@84b60000
[    2.473095] jesd204: created con: id=1, topo=0, link=2, /axi/spi@ff050000/hmc7044@0 <-> /fpga-axi@0/axi-adxcvr-rx@84a60000
[    2.484079] jesd204: created con: id=2, topo=0, link=0, /fpga-axi@0/axi-adxcvr-tx@84b60000 <-> /fpga-axi@0/axi-jesd204-tx@84b90000
[    2.495754] jesd204: created con: id=3, topo=0, link=2, /fpga-axi@0/axi-adxcvr-rx@84a60000 <-> /fpga-axi@0/axi-jesd204-rx@84a90000
[    2.507432] jesd204: created con: id=4, topo=0, link=0, /fpga-axi@0/axi-jesd204-tx@84b90000 <-> /fpga-axi@0/axi-ad9081-tx-hpc@84b10000
[    2.519459] jesd204: created con: id=5, topo=0, link=2, /fpga-axi@0/axi-jesd204-rx@84a90000 <-> /fpga-axi@0/axi-ad9081-rx-hpc@84a10000
[    2.531482] jesd204: created con: id=6, topo=0, link=2, /fpga-axi@0/axi-ad9081-rx-hpc@84a10000 <-> /axi/spi@ff040000/ad9081@0
[    2.542723] jesd204: created con: id=7, topo=0, link=0, /fpga-axi@0/axi-ad9081-tx-hpc@84b10000 <-> /axi/spi@ff040000/ad9081@0
[    2.553973] jesd204: /axi/spi@ff040000/ad9081@0: JESD204[2] transition uninitialized -> initialized
[    2.562960] jesd204: /axi/spi@ff040000/ad9081@0: JESD204[0] transition uninitialized -> initialized
[    2.571951] jesd204: found 8 devices and 1 topologies
[    2.576995] FPGA manager framework
[    2.580473] Advanced Linux Sound Architecture Driver Initialized.
[    2.586766] Bluetooth: Core ver 2.22
[    2.589954] NET: Registered protocol family 31
[    2.594356] Bluetooth: HCI device and connection manager initialized
[    2.600672] Bluetooth: HCI socket layer initialized
[    2.605515] Bluetooth: L2CAP socket layer initialized
[    2.610538] Bluetooth: SCO socket layer initialized
[    2.615722] clocksource: Switched to clocksource arch_sys_counter
[    2.621532] VFS: Disk quotas dquot_6.6.0
[    2.625365] VFS: Dquot-cache hash table entries: 512 (order 0, 4096 bytes)
[    2.636085] NET: Registered protocol family 2
[    2.636811] tcp_listen_portaddr_hash hash table entries: 2048 (order: 3, 32768 bytes, linear)
[    2.645005] TCP established hash table entries: 32768 (order: 6, 262144 bytes, linear)
[    2.653031] TCP bind hash table entries: 32768 (order: 7, 524288 bytes, linear)
[    2.660476] TCP: Hash tables configured (established 32768 bind 32768)
[    2.666650] UDP hash table entries: 2048 (order: 4, 65536 bytes, linear)
[    2.673316] UDP-Lite hash table entries: 2048 (order: 4, 65536 bytes, linear)
[    2.680476] NET: Registered protocol family 1
[    2.684932] RPC: Registered named UNIX socket transport module.
[    2.690554] RPC: Registered udp transport module.
[    2.695218] RPC: Registered tcp transport module.
[    2.699887] RPC: Registered tcp NFSv4.1 backchannel transport module.
[    2.706879] PCI: CLS 0 bytes, default 64
[    2.710584] hw perfevents: no interrupt-affinity property for /pmu, guessing.
[    2.717437] hw perfevents: enabled with armv8_pmuv3 PMU driver, 7 counters available
[    2.725788] Initialise system trusted keyrings
[    2.729468] workingset: timestamp_bits=62 max_order=20 bucket_order=0
[    2.736365] NFS: Registering the id_resolver key type
[    2.740818] Key type id_resolver registered
[    2.744955] Key type id_legacy registered
[    2.748945] nfs4filelayout_init: NFSv4 File Layout Driver Registering...
[    2.755611] jffs2: version 2.2. (NAND) (SUMMARY)  Â© 2001-2006 Red Hat, Inc.
[    2.798804] NET: Registered protocol family 38
[    2.798846] xor: measuring software checksum speed
[    2.806531]    8regs           :  2363 MB/sec
[    2.810199]    32regs          :  2799 MB/sec
[    2.815142]    arm64_neon      :  2380 MB/sec
[    2.815332] xor: using function: 32regs (2799 MB/sec)
[    2.820358] Key type asymmetric registered
[    2.824419] Asymmetric key parser 'x509' registered
[    2.829280] Block layer SCSI generic (bsg) driver version 0.4 loaded (major 248)
[    2.836617] io scheduler mq-deadline registered
[    2.841113] io scheduler kyber registered
[    2.870513] Serial: 8250/16550 driver, 4 ports, IRQ sharing disabled
[    2.875148] cacheinfo: Unable to detect cache hierarchy for CPU 0
[    2.881485] brd: module loaded
[    2.885625] loop: module loaded
[    2.886171] Registered mathworks_ip class
[    2.889521] libphy: Fixed MDIO Bus: probed
[    2.892495] tun: Universal TUN/TAP device driver, 1.6
[    2.896562] CAN device driver interface
[    2.901095] usbcore: registered new interface driver asix
[    2.905695] usbcore: registered new interface driver ax88179_178a
[    2.911731] usbcore: registered new interface driver cdc_ether
[    2.917520] usbcore: registered new interface driver net1080
[    2.923146] usbcore: registered new interface driver cdc_subset
[    2.929026] usbcore: registered new interface driver zaurus
[    2.934569] usbcore: registered new interface driver cdc_ncm
[    2.940972] ehci_hcd: USB 2.0 'Enhanced' Host Controller (EHCI) Driver
[    2.946655] ehci-pci: EHCI PCI platform driver
[    2.951453] usbcore: registered new interface driver uas
[    2.956371] usbcore: registered new interface driver usb-storage
[    2.962358] usbcore: registered new interface driver usbserial_generic
[    2.968810] usbserial: USB Serial support registered for generic
[    2.974783] usbcore: registered new interface driver ftdi_sio
[    2.980486] usbserial: USB Serial support registered for FTDI USB Serial Device
[    2.987762] usbcore: registered new interface driver upd78f0730
[    2.993633] usbserial: USB Serial support registered for upd78f0730
[    3.001290] rtc_zynqmp ffa60000.rtc: registered as rtc0
[    3.005058] rtc_zynqmp ffa60000.rtc: setting system clock to 2022-03-25T23:26:35 UTC (1648250795)
[    3.013921] i2c /dev entries driver
[    3.019228] usbcore: registered new interface driver uvcvideo
[    3.023034] USB Video Class driver (1.1.1)
[    3.028619] Bluetooth: HCI UART driver ver 2.3
[    3.031505] Bluetooth: HCI UART protocol H4 registered
[    3.036615] Bluetooth: HCI UART protocol BCSP registered
[    3.041904] Bluetooth: HCI UART protocol LL registered
[    3.046993] Bluetooth: HCI UART protocol ATH3K registered
[    3.052367] Bluetooth: HCI UART protocol Three-wire (H5) registered
[    3.058622] Bluetooth: HCI UART protocol Intel registered
[    3.063960] Bluetooth: HCI UART protocol QCA registered
[    3.069161] usbcore: registered new interface driver bcm203x
[    3.074782] usbcore: registered new interface driver bpa10x
[    3.080317] usbcore: registered new interface driver bfusb
[    3.085768] usbcore: registered new interface driver btusb
[    3.091231] usbcore: registered new interface driver ath3k
[    3.096714] EDAC MC: ECC not enabled
[    3.100339] EDAC DEVICE0: Giving out device to module zynqmp-ocm-edac controller zynqmp_ocm: DEV ff960000.memory-controller (INTERRUPT)
[    3.112654] sdhci: Secure Digital Host Controller Interface driver
[    3.118442] sdhci: Copyright(c) Pierre Ossman
[    3.122767] sdhci-pltfm: SDHCI platform and OF driver helper
[    3.128818] ledtrig-cpu: registered to indicate activity on CPUs
[    3.134371] SMCCC: SOC_ID: ARCH_SOC_ID not implemented, skipping ....
[    3.140797] zynqmp_firmware_probe Platform Management API v1.1
[    3.146558] zynqmp_firmware_probe Trustzone version v1.0
[    3.186083] zynqmp-pinctrl firmware:zynqmp-firmware:pinctrl: zynqmp pinctrl initialized
[    3.234096] zynqmp-aes firmware:zynqmp-firmware:zynqmp-aes: will run requests pump with realtime priority
[    3.249932] alg: No test for xilinx-keccak-384 (zynqmp-keccak-384)
[    3.250639] alg: No test for xilinx-zynqmp-rsa (zynqmp-rsa)
[    3.256150] usbcore: registered new interface driver usbhid
[    3.261542] usbhid: USB HID core driver
[    3.272788] axi_sysid 85000000.axi-sysid-0: AXI System ID core version (1.01.a) found
[    3.275140] axi_sysid 85000000.axi-sysid-0: [ad9081_fmca_ebz] on [zcu102] git branch <master> git <084d44c9780640ca93fd847b1d9ec70dd65f5c67> clean [2022-03-18 04:17:50] UTC
[    3.290828] fpga_manager fpga0: Xilinx ZynqMP FPGA Manager registered
[    3.297183] usbcore: registered new interface driver snd-usb-audio
[    3.304635] pktgen: Packet Generator for packet performance testing. Version: 2.75
[    3.310817] Initializing XFRM netlink socket
[    3.314670] NET: Registered protocol family 10
[    3.319387] Segment Routing with IPv6
[    3.322771] sit: IPv6, IPv4 and MPLS over IPv4 tunneling driver
[    3.328837] NET: Registered protocol family 17
[    3.332943] NET: Registered protocol family 15
[    3.337438] can: controller area network core
[    3.341694] NET: Registered protocol family 29
[    3.346081] can: raw protocol
[    3.349017] can: broadcast manager protocol
[    3.353172] can: netlink gateway - max_hops=1
[    3.357567] Bluetooth: RFCOMM TTY layer initialized
[    3.362346] Bluetooth: RFCOMM socket layer initialized
[    3.367453] Bluetooth: RFCOMM ver 1.11
[    3.371165] Bluetooth: BNEP (Ethernet Emulation) ver 1.3
[    3.376440] Bluetooth: BNEP filters: protocol multicast
[    3.381630] Bluetooth: BNEP socket layer initialized
[    3.386557] Bluetooth: HIDP (Human Interface Emulation) ver 1.2
[    3.392440] Bluetooth: HIDP socket layer initialized
[    3.397496] 9pnet: Installing 9P2000 support
[    3.401618] NET: Registered protocol family 36
[    3.406034] Key type dns_resolver registered
[    3.410467] registered taskstats version 1
[    3.414332] Loading compiled-in X.509 certificates
[    3.419447] Btrfs loaded, crc32c=crc32c-generic
[    3.431848] ff000000.serial: ttyPS0 at MMIO 0xff000000 (irq = 49, base_baud = 6249999) is a xuartps
[    3.440874] printk: console [ttyPS0] enabled
[    3.445169] printk: bootconsole [cdns0] disabled
[    3.454802] ff010000.serial: ttyPS1 at MMIO 0xff010000 (irq = 50, base_baud = 6249999) is a xuartps
[    3.468055] of-fpga-region fpga-full: FPGA Region probed
[    3.474994] nwl-pcie fd0e0000.pcie: host bridge /axi/pcie@fd0e0000 ranges:
[    3.481890] nwl-pcie fd0e0000.pcie:      MEM 0x00e0000000..0x00efffffff -> 0x00e0000000
[    3.489891] nwl-pcie fd0e0000.pcie:      MEM 0x0600000000..0x07ffffffff -> 0x0600000000
[    3.497953] nwl-pcie fd0e0000.pcie: Link is DOWN
[    3.502716] nwl-pcie fd0e0000.pcie: PCI host bridge to bus 0000:00
[    3.508897] pci_bus 0000:00: root bus resource [bus 00-ff]
[    3.514379] pci_bus 0000:00: root bus resource [mem 0xe0000000-0xefffffff]
[    3.521249] pci_bus 0000:00: root bus resource [mem 0x600000000-0x7ffffffff pref]
[    3.528752] pci 0000:00:00.0: [10ee:d021] type 01 class 0x060400
[    3.534808] pci 0000:00:00.0: PME# supported from D0 D1 D2 D3hot
[    3.545255] pci 0000:00:00.0: PCI bridge to [bus 01-0c]
[    3.551227] xilinx-zynqmp-dma fd500000.dma: ZynqMP DMA driver Probe success
[    3.558405] xilinx-zynqmp-dma fd510000.dma: ZynqMP DMA driver Probe success
[    3.565584] xilinx-zynqmp-dma fd520000.dma: ZynqMP DMA driver Probe success
[    3.572759] xilinx-zynqmp-dma fd530000.dma: ZynqMP DMA driver Probe success
[    3.579927] xilinx-zynqmp-dma fd540000.dma: ZynqMP DMA driver Probe success
[    3.587093] xilinx-zynqmp-dma fd550000.dma: ZynqMP DMA driver Probe success
[    3.594264] xilinx-zynqmp-dma fd560000.dma: ZynqMP DMA driver Probe success
[    3.601435] xilinx-zynqmp-dma fd570000.dma: ZynqMP DMA driver Probe success
[    3.608830] xilinx-zynqmp-dpdma fd4c0000.dma-controller: Xilinx DPDMA engine is probed
[    3.617382] ahci-ceva fd0c0000.ahci: supply ahci not found, using dummy regulator
[    3.624926] ahci-ceva fd0c0000.ahci: supply phy not found, using dummy regulator
[    3.715891] hmc7044 spi2.0: PLL1: Acquisition, CLKIN0 @ 122880000 Hz, PFD: 80 kHz - PLL2: Locked @ 2616.000000 MHz
[    3.726604] jesd204: /axi/spi@ff050000/hmc7044@0,jesd204:1,parent=spi2.0: Using as SYSREF provider
[    3.736188] spi-nor spi0.0: SPI-NOR-UniqueID 100000235394732200270025081115266e
[    3.743491] spi-nor spi0.0: found n25q512a, expected m25p80
[    3.749698] spi-nor spi0.0: trying to lock already unlocked area
[    3.755702] spi-nor spi0.0: n25q512a (131072 Kbytes)
[    3.760680] 4 fixed-partitions partitions found on MTD device spi0.0
[    3.767026] Creating 4 MTD partitions on "spi0.0":
[    3.771811] 0x000000000000-0x000000100000 : "qspi-fsbl-uboot"
[    3.778300] 0x000000100000-0x000000600000 : "qspi-linux"
[    3.784261] 0x000000600000-0x000000620000 : "qspi-device-tree"
[    3.790736] 0x000000620000-0x000000c00000 : "qspi-rootfs"
[    3.799214] macb ff0e0000.ethernet: Not enabling partial store and forward
[    3.806747] libphy: MACB_mii_bus: probed
[    3.811822] macb ff0e0000.ethernet eth0: Cadence GEM rev 0x50070106 at 0xff0e0000 irq 30 (00:0a:35:04:8e:1b)
[    3.822033] xilinx-axipmon ffa00000.perf-monitor: Probed Xilinx APM
[    3.828604] xilinx-axipmon fd0b0000.perf-monitor: Probed Xilinx APM
[    3.835117] xilinx-axipmon fd490000.perf-monitor: Probed Xilinx APM
[    3.841655] xilinx-axipmon ffa10000.perf-monitor: Probed Xilinx APM
[    3.851644] pca953x 0-0020: supply vcc not found, using dummy regulator
[    3.858328] pca953x 0-0020: using no AI
[    3.862817] gpio-496 (sel0): hogged as output/low
[    3.867720] gpio-497 (sel1): hogged as output/high
[    3.872711] gpio-498 (sel2): hogged as output/high
[    3.877699] gpio-499 (sel3): hogged as output/high
[    3.882874] pca953x 0-0021: supply vcc not found, using dummy regulator
[    3.889547] pca953x 0-0021: using no AI
[    3.895315] ina2xx 2-0040: power monitor ina226 (Rshunt = 5000 uOhm)
[    3.902344] ina2xx 2-0041: power monitor ina226 (Rshunt = 5000 uOhm)
[    3.909385] ina2xx 2-0042: power monitor ina226 (Rshunt = 5000 uOhm)
[    3.916414] ina2xx 2-0043: power monitor ina226 (Rshunt = 5000 uOhm)
[    3.923437] ina2xx 2-0044: power monitor ina226 (Rshunt = 5000 uOhm)
[    3.930463] ina2xx 2-0045: power monitor ina226 (Rshunt = 5000 uOhm)
[    3.937494] ina2xx 2-0046: power monitor ina226 (Rshunt = 5000 uOhm)
[    3.944568] ina2xx 2-0047: power monitor ina226 (Rshunt = 5000 uOhm)
[    3.951593] ina2xx 2-004a: power monitor ina226 (Rshunt = 5000 uOhm)
[    3.958634] ina2xx 2-004b: power monitor ina226 (Rshunt = 5000 uOhm)
[    3.965042] i2c i2c-0: Added multiplexed i2c bus 2
[    3.970430] random: fast init done
[    3.973902] ina2xx 3-0040: power monitor ina226 (Rshunt = 2000 uOhm)
[    3.980928] ina2xx 3-0041: power monitor ina226 (Rshunt = 5000 uOhm)
[    3.987953] ina2xx 3-0042: power monitor ina226 (Rshunt = 5000 uOhm)
[    3.994987] ina2xx 3-0043: power monitor ina226 (Rshunt = 5000 uOhm)
[    4.002012] ina2xx 3-0044: power monitor ina226 (Rshunt = 5000 uOhm)
[    4.009037] ina2xx 3-0045: power monitor ina226 (Rshunt = 5000 uOhm)
[    4.016073] ina2xx 3-0046: power monitor ina226 (Rshunt = 5000 uOhm)
[    4.023102] ina2xx 3-0047: power monitor ina226 (Rshunt = 5000 uOhm)
[    4.029502] i2c i2c-0: Added multiplexed i2c bus 3
[    4.085524] i2c i2c-0: Added multiplexed i2c bus 4
[    4.090460] i2c i2c-0: Added multiplexed i2c bus 5
[    4.095249] pca954x 0-0075: registered 4 multiplexed busses for I2C mux pca9544
[    4.102599] cdns-i2c ff020000.i2c: 400 kHz mmio ff020000 irq 32
[    4.110328] at24 6-0054: supply vcc not found, using dummy regulator
[    4.117225] at24 6-0054: 1024 byte 24c08 EEPROM, writable, 1 bytes/write
[    4.123979] i2c i2c-1: Added multiplexed i2c bus 6
[    4.130407] si5341 7-0036: Chip: 5341 Grade: 1 Rev: 1
[    4.168089] i2c i2c-1: Added multiplexed i2c bus 7
[    4.175745] si570 8-005d: registered, current frequency 300000000 Hz
[    4.182150] i2c i2c-1: Added multiplexed i2c bus 8
[    4.201933] si570 9-005d: registered, current frequency 148500000 Hz
[    4.208338] i2c i2c-1: Added multiplexed i2c bus 9
[    4.213377] si5324 10-0069: si5328 probed
[    4.280085] si5324 10-0069: si5328 probe successful
[    4.285011] i2c i2c-1: Added multiplexed i2c bus 10
[    4.290037] i2c i2c-1: Added multiplexed i2c bus 11
[    4.295064] i2c i2c-1: Added multiplexed i2c bus 12
[    4.300085] i2c i2c-1: Added multiplexed i2c bus 13
[    4.304966] pca954x 1-0074: registered 8 multiplexed busses for I2C switch pca9548
[    4.313080] at24 14-0050: supply vcc not found, using dummy regulator
[    4.319871] at24 14-0050: 256 byte 24c02 EEPROM, writable, 1 bytes/write
[    4.326619] i2c i2c-1: Added multiplexed i2c bus 14
[    4.331659] i2c i2c-1: Added multiplexed i2c bus 15
[    4.336692] i2c i2c-1: Added multiplexed i2c bus 16
[    4.341728] i2c i2c-1: Added multiplexed i2c bus 17
[    4.346759] i2c i2c-1: Added multiplexed i2c bus 18
[    4.351809] i2c i2c-1: Added multiplexed i2c bus 19
[    4.356846] i2c i2c-1: Added multiplexed i2c bus 20
[    4.361885] i2c i2c-1: Added multiplexed i2c bus 21
[    4.366758] pca954x 1-0075: registered 8 multiplexed busses for I2C switch pca9548
[    4.374367] cdns-i2c ff030000.i2c: 400 kHz mmio ff030000 irq 33
[    4.384123] cdns-wdt fd4d0000.watchdog: Xilinx Watchdog Timer with timeout 60s
[    4.395059] axi_adxcvr 84a60000.axi-adxcvr-rx: AXI-ADXCVR-RX (17.05.a) using CPLL on GTH4 at 0x84A60000. Number of lanes: 4.
[    4.407208] axi_adxcvr 84b60000.axi-adxcvr-tx: AXI-ADXCVR-TX (17.05.a) using QPLL on GTH4 at 0x84B60000. Number of lanes: 4.
[    4.418832] axi-jesd204-rx 84a90000.axi-jesd204-rx: AXI-JESD204-RX (1.07.a) at 0x84A90000. Encoder 8b10b, width 4/4, lanes 4, jesd204-fsm.
[    4.426144] mmc0: SDHCI controller on ff170000.mmc [ff170000.mmc] using ADMA 64-bit
[    4.431677] axi-jesd204-tx 84b90000.axi-jesd204-tx: AXI-JESD204-TX (1.06.a) at 0x84B90000. Encoder 8b10b, width 4/4, lanes 4, jesd204-fsm.
[    4.452399] zynqmp-display fd4a0000.display: vtc bridge property not present
[    4.462054] xilinx-dp-snd-codec fd4a0000.display:zynqmp_dp_snd_codec0: Failed to get required clock freq
[    4.471563] xilinx-dp-snd-codec: probe of fd4a0000.display:zynqmp_dp_snd_codec0 failed with error -22
[    4.473506] mmc0: new high speed SDHC card at address 0001
[    4.481101] xilinx-dp-snd-pcm zynqmp_dp_snd_pcm0: Xilinx DisplayPort Sound PCM probed
[    4.486615] mmcblk0: mmc0:0001 EB1QT 29.8 GiB 
[    4.494419] xilinx-dp-snd-pcm zynqmp_dp_snd_pcm1: Xilinx DisplayPort Sound PCM probed
[    4.499812]  mmcblk0: p1 p2 p3
[    4.506721] OF: graph: no port node found in /axi/display@fd4a0000
[    4.515790] xlnx-drm xlnx-drm.0: bound fd4a0000.display (ops 0xffffffc010fcbdb8)
[    5.599739] zynqmp-display fd4a0000.display: [drm] Cannot find any crtc or sizes
[    5.607350] [drm] Initialized xlnx 1.0.0 20130509 for fd4a0000.display on minor 0
[    5.614841] zynqmp-display fd4a0000.display: ZynqMP DisplayPort Subsystem driver probed
[    5.623164] ahci-ceva fd0c0000.ahci: supply ahci not found, using dummy regulator
[    5.630711] ahci-ceva fd0c0000.ahci: supply phy not found, using dummy regulator
[    5.638162] ahci-ceva fd0c0000.ahci: supply target not found, using dummy regulator
[    5.646000] ahci-ceva fd0c0000.ahci: AHCI 0001.0301 32 slots 2 ports 6 Gbps 0x3 impl platform mode
[    5.654956] ahci-ceva fd0c0000.ahci: flags: 64bit ncq sntf pm clo only pmp fbs pio slum part ccc sds apst 
[    5.665653] scsi host0: ahci-ceva
[    5.669251] scsi host1: ahci-ceva
[    5.672682] ata1: SATA max UDMA/133 mmio [mem 0xfd0c0000-0xfd0c1fff] port 0x100 irq 45
[    5.680595] ata2: SATA max UDMA/133 mmio [mem 0xfd0c0000-0xfd0c1fff] port 0x180 irq 45
[    5.689190] ad9081 spi1.0: supply vdd not found, using dummy regulator
[    6.001974] ata1: SATA link down (SStatus 0 SControl 330)
[    6.007394] ata2: SATA link down (SStatus 0 SControl 330)
[    6.683740] zynqmp-display fd4a0000.display: [drm] Cannot find any crtc or sizes
[    6.881225] ad9081 spi1.0: Invalid param passed., "ref_clk_hz < 100000000ULL" in adi_ad9081_device_clk_config_set(...), line554 in drivers/iio/adc/ad9081/adi_ad9081_device.c
[    7.584139] ad9081 spi1.0: AD9081 Rev. 2 Grade 10 (API 1.2.2) probed
[    7.591338] xhci-hcd xhci-hcd.1.auto: xHCI Host Controller
[    7.596829] xhci-hcd xhci-hcd.1.auto: new USB bus registered, assigned bus number 1
[    7.604577] xhci-hcd xhci-hcd.1.auto: hcc params 0x0238f625 hci version 0x100 quirks 0x0000000002010810
[    7.613989] xhci-hcd xhci-hcd.1.auto: irq 59, io mem 0xfe200000
[    7.620095] usb usb1: New USB device found, idVendor=1d6b, idProduct=0002, bcdDevice= 5.10
[    7.628354] usb usb1: New USB device strings: Mfr=3, Product=2, SerialNumber=1
[    7.635572] usb usb1: Product: xHCI Host Controller
[    7.640443] usb usb1: Manufacturer: Linux 5.10.0-98103-g2aa7ac113716 xhci-hcd
[    7.647568] usb usb1: SerialNumber: xhci-hcd.1.auto
[    7.652737] hub 1-0:1.0: USB hub found
[    7.656503] hub 1-0:1.0: 1 port detected
[    7.660614] xhci-hcd xhci-hcd.1.auto: xHCI Host Controller
[    7.666099] xhci-hcd xhci-hcd.1.auto: new USB bus registered, assigned bus number 2
[    7.673752] xhci-hcd xhci-hcd.1.auto: Host supports USB 3.0 SuperSpeed
[    7.680374] usb usb2: New USB device found, idVendor=1d6b, idProduct=0003, bcdDevice= 5.10
[    7.688636] usb usb2: New USB device strings: Mfr=3, Product=2, SerialNumber=1
[    7.695856] usb usb2: Product: xHCI Host Controller
[    7.700724] usb usb2: Manufacturer: Linux 5.10.0-98103-g2aa7ac113716 xhci-hcd
[    7.707850] usb usb2: SerialNumber: xhci-hcd.1.auto
[    7.712959] hub 2-0:1.0: USB hub found
[    7.716720] hub 2-0:1.0: 1 port detected
[    7.746766] cf_axi_adc 84a10000.axi-ad9081-rx-hpc: ADI AIM (10.01.b) at 0x84A10000 mapped to 0x(____ptrval____), probed ADC AD9081 as MASTER
[    7.780568] cf_axi_dds 84b10000.axi-ad9081-tx-hpc: Analog Devices CF_AXI_DDS_DDS MASTER (9.01.b) at 0x84B10000 mapped to 0x(____ptrval____), probed DDS AD9081
[    7.794770] jesd204: /axi/spi@ff040000/ad9081@0,jesd204:0,parent=spi1.0: JESD204[2] transition initialized -> probed
[    7.805291] jesd204: /axi/spi@ff040000/ad9081@0,jesd204:0,parent=spi1.0: JESD204[0] transition initialized -> probed
[    7.815815] jesd204: /axi/spi@ff040000/ad9081@0,jesd204:0,parent=spi1.0: JESD204[2] transition probed -> idle
[    7.825722] jesd204: /axi/spi@ff040000/ad9081@0,jesd204:0,parent=spi1.0: JESD204[0] transition probed -> idle
[    7.835637] jesd204: /axi/spi@ff040000/ad9081@0,jesd204:0,parent=spi1.0: JESD204[2] transition idle -> device_init
[    7.845980] jesd204: /axi/spi@ff040000/ad9081@0,jesd204:0,parent=spi1.0: JESD204[0] transition idle -> device_init
[    7.856331] jesd204: /axi/spi@ff040000/ad9081@0,jesd204:0,parent=spi1.0: JESD204[2] transition device_init -> link_init
[    7.867110] jesd204: /axi/spi@ff040000/ad9081@0,jesd204:0,parent=spi1.0: JESD204[0] transition device_init -> link_init
[    7.877900] jesd204: /axi/spi@ff040000/ad9081@0,jesd204:0,parent=spi1.0: JESD204[2] transition link_init -> link_supported
[    7.888938] jesd204: /axi/spi@ff040000/ad9081@0,jesd204:0,parent=spi1.0: JESD204[0] transition link_init -> link_supported
[    7.900333] hmc7044 spi2.0: hmc7044_jesd204_link_pre_setup: Link2 forcing continuous SYSREF mode
[    7.909577] axi-jesd204-tx 84b90000.axi-jesd204-tx: axi_jesd204_tx_jesd204_link_pre_setup: Link0 set lane rate 4360000 kHz failed (-22)
[    7.921752] jesd204: /fpga-axi@0/axi-jesd204-tx@84b90000,jesd204:5,parent=84b90000.axi-jesd204-tx: JESD204[0] In link_pre_setup got error from cb: -22
[    7.935220] jesd204: /axi/spi@ff040000/ad9081@0,jesd204:0,parent=spi1.0: Rolling back from 'link_supported', got error -22
[    7.946264] jesd204: /axi/spi@ff040000/ad9081@0,jesd204:0,parent=spi1.0: JESD204[0] transition link_supported -> link_pre_setup
[    7.957735] jesd204: /axi/spi@ff040000/ad9081@0,jesd204:0,parent=spi1.0: JESD204[2] transition link_supported -> link_pre_setup
[    7.969213] jesd204: /axi/spi@ff040000/ad9081@0,jesd204:0,parent=spi1.0: JESD204[0] transition link_pre_setup -> link_supported
[    7.980686] jesd204: /axi/spi@ff040000/ad9081@0,jesd204:0,parent=spi1.0: JESD204[2] transition link_pre_setup -> link_supported
[    7.992163] jesd204: /axi/spi@ff040000/ad9081@0,jesd204:0,parent=spi1.0: JESD204[0] transition link_supported -> link_init
[    8.003200] jesd204: /axi/spi@ff040000/ad9081@0,jesd204:0,parent=spi1.0: JESD204[2] transition link_supported -> link_init
[    8.014248] jesd204: /axi/spi@ff040000/ad9081@0,jesd204:0,parent=spi1.0: JESD204[0] transition link_init -> device_init
[    8.025024] jesd204: /axi/spi@ff040000/ad9081@0,jesd204:0,parent=spi1.0: JESD204[2] transition link_init -> device_init
[    8.035810] jesd204: /axi/spi@ff040000/ad9081@0,jesd204:0,parent=spi1.0: JESD204[0] transition device_init -> idle
[    8.046159] jesd204: /axi/spi@ff040000/ad9081@0,jesd204:0,parent=spi1.0: JESD204[2] transition device_init -> idle
[    8.056510] jesd204: /axi/spi@ff040000/ad9081@0,jesd204:0,parent=spi1.0: JESD204[2] transition idle -> idle
[    8.066250] jesd204: /axi/spi@ff040000/ad9081@0,jesd204:0,parent=spi1.0: JESD204[0] transition idle -> idle
[    8.075986] jesd204: /axi/spi@ff040000/ad9081@0,jesd204:0,parent=spi1.0: JESD204[2] transition idle -> device_init
[    8.086329] jesd204: /axi/spi@ff040000/ad9081@0,jesd204:0,parent=spi1.0: JESD204[0] transition idle -> device_init
[    8.096680] jesd204: /axi/spi@ff040000/ad9081@0,jesd204:0,parent=spi1.0: JESD204[2] transition device_init -> link_init
[    8.107457] jesd204: /axi/spi@ff040000/ad9081@0,jesd204:0,parent=spi1.0: JESD204[0] transition device_init -> link_init
[    8.118245] jesd204: /axi/spi@ff040000/ad9081@0,jesd204:0,parent=spi1.0: JESD204[2] transition link_init -> link_supported
[    8.129288] jesd204: /axi/spi@ff040000/ad9081@0,jesd204:0,parent=spi1.0: JESD204[0] transition link_init -> link_supported
[    8.140625] axi-jesd204-tx 84b90000.axi-jesd204-tx: axi_jesd204_tx_jesd204_link_pre_setup: Link0 set lane rate 4360000 kHz failed (-22)
[    8.152795] jesd204: /fpga-axi@0/axi-jesd204-tx@84b90000,jesd204:5,parent=84b90000.axi-jesd204-tx: JESD204[0] In link_pre_setup got error from cb: -22
[    8.166268] jesd204: /axi/spi@ff040000/ad9081@0,jesd204:0,parent=spi1.0: Rolling back from 'link_supported', got error -22
[    8.177307] jesd204: /axi/spi@ff040000/ad9081@0,jesd204:0,parent=spi1.0: JESD204[0] transition link_supported -> link_pre_setup
[    8.188779] jesd204: /axi/spi@ff040000/ad9081@0,jesd204:0,parent=spi1.0: JESD204[2] transition link_supported -> link_pre_setup
[    8.200257] jesd204: /axi/spi@ff040000/ad9081@0,jesd204:0,parent=spi1.0: JESD204[0] transition link_pre_setup -> link_supported
[    8.211729] jesd204: /axi/spi@ff040000/ad9081@0,jesd204:0,parent=spi1.0: JESD204[2] transition link_pre_setup -> link_supported
[    8.223207] jesd204: /axi/spi@ff040000/ad9081@0,jesd204:0,parent=spi1.0: JESD204[0] transition link_supported -> link_init
[    8.234246] jesd204: /axi/spi@ff040000/ad9081@0,jesd204:0,parent=spi1.0: JESD204[2] transition link_supported -> link_init
[    8.245292] jesd204: /axi/spi@ff040000/ad9081@0,jesd204:0,parent=spi1.0: JESD204[0] transition link_init -> device_init
[    8.256068] jesd204: /axi/spi@ff040000/ad9081@0,jesd204:0,parent=spi1.0: JESD204[2] transition link_init -> device_init
[    8.266850] jesd204: /axi/spi@ff040000/ad9081@0,jesd204:0,parent=spi1.0: JESD204[0] transition device_init -> idle
[    8.277194] jesd204: /axi/spi@ff040000/ad9081@0,jesd204:0,parent=spi1.0: JESD204[2] transition device_init -> idle
[    8.287544] jesd204: /axi/spi@ff040000/ad9081@0,jesd204:0,parent=spi1.0: JESD204[2] transition idle -> idle
[    8.297283] jesd204: /axi/spi@ff040000/ad9081@0,jesd204:0,parent=spi1.0: JESD204[0] transition idle -> idle
[    8.307022] jesd204: /axi/spi@ff040000/ad9081@0,jesd204:0,parent=spi1.0: JESD204[2] transition idle -> device_init
[    8.317365] jesd204: /axi/spi@ff040000/ad9081@0,jesd204:0,parent=spi1.0: JESD204[0] transition idle -> device_init
[    8.327720] jesd204: /axi/spi@ff040000/ad9081@0,jesd204:0,parent=spi1.0: JESD204[2] transition device_init -> link_init
[    8.338501] jesd204: /axi/spi@ff040000/ad9081@0,jesd204:0,parent=spi1.0: JESD204[0] transition device_init -> link_init
[    8.349289] jesd204: /axi/spi@ff040000/ad9081@0,jesd204:0,parent=spi1.0: JESD204[2] transition link_init -> link_supported
[    8.360333] jesd204: /axi/spi@ff040000/ad9081@0,jesd204:0,parent=spi1.0: JESD204[0] transition link_init -> link_supported
[    8.371666] axi-jesd204-tx 84b90000.axi-jesd204-tx: axi_jesd204_tx_jesd204_link_pre_setup: Link0 set lane rate 4360000 kHz failed (-22)
[    8.383839] jesd204: /fpga-axi@0/axi-jesd204-tx@84b90000,jesd204:5,parent=84b90000.axi-jesd204-tx: JESD204[0] In link_pre_setup got error from cb: -22
[    8.397308] jesd204: /axi/spi@ff040000/ad9081@0,jesd204:0,parent=spi1.0: Rolling back from 'link_supported', got error -22
[    8.408351] jesd204: /axi/spi@ff040000/ad9081@0,jesd204:0,parent=spi1.0: JESD204[0] transition link_supported -> link_pre_setup
[    8.419827] jesd204: /axi/spi@ff040000/ad9081@0,jesd204:0,parent=spi1.0: JESD204[2] transition link_supported -> link_pre_setup
[    8.431302] jesd204: /axi/spi@ff040000/ad9081@0,jesd204:0,parent=spi1.0: JESD204[0] transition link_pre_setup -> link_supported
[    8.442777] jesd204: /axi/spi@ff040000/ad9081@0,jesd204:0,parent=spi1.0: JESD204[2] transition link_pre_setup -> link_supported
[    8.454251] jesd204: /axi/spi@ff040000/ad9081@0,jesd204:0,parent=spi1.0: JESD204[0] transition link_supported -> link_init
[    8.465289] jesd204: /axi/spi@ff040000/ad9081@0,jesd204:0,parent=spi1.0: JESD204[2] transition link_supported -> link_init
[    8.476337] jesd204: /axi/spi@ff040000/ad9081@0,jesd204:0,parent=spi1.0: JESD204[0] transition link_init -> device_init
[    8.487111] jesd204: /axi/spi@ff040000/ad9081@0,jesd204:0,parent=spi1.0: JESD204[2] transition link_init -> device_init
[    8.497894] jesd204: /axi/spi@ff040000/ad9081@0,jesd204:0,parent=spi1.0: JESD204[0] transition device_init -> idle
[    8.508237] jesd204: /axi/spi@ff040000/ad9081@0,jesd204:0,parent=spi1.0: JESD204[2] transition device_init -> idle
[    8.518590] jesd204: /axi/spi@ff040000/ad9081@0,jesd204:0,parent=spi1.0: JESD204[2] transition idle -> idle
[    8.528323] jesd204: /axi/spi@ff040000/ad9081@0,jesd204:0,parent=spi1.0: JESD204[0] transition idle -> idle
[    8.538065] jesd204: /axi/spi@ff040000/ad9081@0,jesd204:0,parent=spi1.0: JESD204[2] transition idle -> device_init
[    8.548413] jesd204: /axi/spi@ff040000/ad9081@0,jesd204:0,parent=spi1.0: JESD204[0] transition idle -> device_init
[    8.558759] jesd204: /axi/spi@ff040000/ad9081@0,jesd204:0,parent=spi1.0: JESD204[2] transition device_init -> link_init
[    8.569536] jesd204: /axi/spi@ff040000/ad9081@0,jesd204:0,parent=spi1.0: JESD204[0] transition device_init -> link_init
[    8.580324] jesd204: /axi/spi@ff040000/ad9081@0,jesd204:0,parent=spi1.0: JESD204[2] transition link_init -> link_supported
[    8.591368] jesd204: /axi/spi@ff040000/ad9081@0,jesd204:0,parent=spi1.0: JESD204[0] transition link_init -> link_supported
[    8.602702] axi-jesd204-tx 84b90000.axi-jesd204-tx: axi_jesd204_tx_jesd204_link_pre_setup: Link0 set lane rate 4360000 kHz failed (-22)
[    8.614873] jesd204: /fpga-axi@0/axi-jesd204-tx@84b90000,jesd204:5,parent=84b90000.axi-jesd204-tx: JESD204[0] In link_pre_setup got error from cb: -22
[    8.628345] jesd204: /axi/spi@ff040000/ad9081@0,jesd204:0,parent=spi1.0: Rolling back from 'link_supported', got error -22
[    8.639386] jesd204: /axi/spi@ff040000/ad9081@0,jesd204:0,parent=spi1.0: JESD204[0] transition link_supported -> link_pre_setup
[    8.650859] jesd204: /axi/spi@ff040000/ad9081@0,jesd204:0,parent=spi1.0: JESD204[2] transition link_supported -> link_pre_setup
[    8.662337] jesd204: /axi/spi@ff040000/ad9081@0,jesd204:0,parent=spi1.0: JESD204[0] transition link_pre_setup -> link_supported
[    8.673813] jesd204: /axi/spi@ff040000/ad9081@0,jesd204:0,parent=spi1.0: JESD204[2] transition link_pre_setup -> link_supported
[    8.685287] jesd204: /axi/spi@ff040000/ad9081@0,jesd204:0,parent=spi1.0: JESD204[0] transition link_supported -> link_init
[    8.696325] jesd204: /axi/spi@ff040000/ad9081@0,jesd204:0,parent=spi1.0: JESD204[2] transition link_supported -> link_init
[    8.707372] jesd204: /axi/spi@ff040000/ad9081@0,jesd204:0,parent=spi1.0: JESD204[0] transition link_init -> device_init
[    8.718146] jesd204: /axi/spi@ff040000/ad9081@0,jesd204:0,parent=spi1.0: JESD204[2] transition link_init -> device_init
[    8.728930] jesd204: /axi/spi@ff040000/ad9081@0,jesd204:0,parent=spi1.0: JESD204[0] transition device_init -> idle
[    8.739273] jesd204: /axi/spi@ff040000/ad9081@0,jesd204:0,parent=spi1.0: JESD204[2] transition device_init -> idle
[    8.749620] jesd204: /axi/spi@ff040000/ad9081@0,jesd204:0,parent=spi1.0: FSM completed with error -22
[    8.768051] input: gpio-keys as /devices/platform/gpio-keys/input/input0
[    8.775068] of_cfs_init
[    8.777534] of_cfs_init: OK
[    8.780473] cfg80211: Loading compiled-in X.509 certificates for regulatory database
[    8.918698] cfg80211: Loaded X.509 cert 'sforshee: 00b28ddf47aef9cea7'
[    8.925235] clk: Not disabling unused clocks
[    8.929767] ALSA device list:
[    8.932727]   No soundcards found.
[    8.936404] platform regulatory.0: Direct firmware load for regulatory.db failed with error -2
[    8.945016] cfg80211: failed to load regulatory.db
[    8.960179] EXT4-fs (mmcblk0p2): mounted filesystem with ordered data mode. Opts: (null)
[    8.968290] VFS: Mounted root (ext4 filesystem) on device 179:2.
[    8.982234] devtmpfs: mounted
[    8.986048] Freeing unused kernel memory: 2560K
[    8.999776] Run /sbin/init as init process
[    9.003867]   with arguments:
[    9.003870]     /sbin/init
[    9.003872]   with environment:
[    9.003875]     HOME=/
[    9.003877]     TERM=linux
[    9.597898] systemd[1]: systemd 241 running in system mode. (+PAM +AUDIT +SELINUX +IMA +APPARMOR +SMACK +SYSVINIT +UTMP +LIBCRYPTSETUP +GCRYPT +GNUTLS +ACL +XZ +LZ4 +SECCOMP +BLKID +ELFUTILS +KMOD -IDN2 +IDN -PCRE2 default-hierarchy=hybrid)
[    9.619776] systemd[1]: Detected architecture arm64.
[    9.644480] systemd[1]: Set hostname to <analog>.
[    9.833482] systemd[1]: File /lib/systemd/system/systemd-journald.service:12 configures an IP firewall (IPAddressDeny=any), but the local system does not support BPF/cgroup based firewalling.
[    9.850528] systemd[1]: Proceeding WITHOUT firewalling in effect! (This warning is only shown for the first loaded unit using IP firewalling.)
[   10.018425] systemd[1]: /etc/systemd/system/tof-server.service:1: Assignment outside of section. Ignoring.
[   10.028111] systemd[1]: /etc/systemd/system/tof-server.service:2: Assignment outside of section. Ignoring.
[   10.216590] random: systemd: uninitialized urandom read (16 bytes read)
[   10.231838] random: systemd: uninitialized urandom read (16 bytes read)
[   10.238718] systemd[1]: Listening on Journal Audit Socket.
[   10.259835] random: systemd: uninitialized urandom read (16 bytes read)
[   10.266657] systemd[1]: Listening on udev Kernel Socket.
[   10.287812] systemd[1]: Reached target Swap.
[   10.829789] ------------[ cut here ]------------
[   10.829798] Enabling unprepared \xa0\xe9Q\x88\xff\xff\xffpQ\x88\xff\xff\xff
[   10.829845] WARNING: CPU: 3 PID: 126 at drivers/clk/clk.c:1012 clk_core_enable+0xa4/0xc0
[   10.829848] Modules linked in:
[   10.829859] CPU: 3 PID: 126 Comm: kworker/3:1H Not tainted 5.10.0-98103-g2aa7ac113716 #5577
[   10.829861] Hardware name: ZynqMP ZCU102 Rev1.0 (DT)
[   10.829870] Workqueue: kblockd blk_mq_run_work_fn
[   10.829879] pstate: 80000085 (Nzcv daIf -PAN -UAO -TCO BTYPE=--)
[   10.829884] pc : clk_core_enable+0xa4/0xc0
[   10.829890] lr : clk_core_enable+0xa4/0xc0
[   10.829892] sp : ffffffc0122732d0
[   10.829895] x29: ffffffc0122732d0 x28: ffffff8800330c10 
[   10.829902] x27: ffffff8800330d48 x26: 0000005000000101 
[   10.829909] x25: 000000027f8ff1fc x24: 0000000000000001 
[   10.829915] x23: ffffff88010e9380 x22: ffffff8801083220 
[   10.829922] x21: ffffff8801517000 x20: ffffff8801517008 
[   10.829929] x19: ffffff8801517008 x18: 0000000000000030 
[   10.829935] x17: 0000000000000002 x16: 0000af23f1751ae4 
[   10.829941] x15: ffffffffffff9ce8 x14: ffffffc011d3b1a0 
[   10.829948] x13: ffffffc011d3b1c8 x12: 0000000000000675 
[   10.829954] x11: 0000000000000227 x10: ffffffc011d671c8 
[   10.829961] x9 : 00000000fffff800 x8 : ffffffc011d3b1c8 
[   10.829967] x7 : ffffffc011d671c8 x6 : 0000000000000001 
[   10.829973] x5 : ffffff887f7a89e0 x4 : 0000000000000000 
[   10.829980] x3 : 0000000000000027 x2 : 0000000000000023 
[   10.829986] x1 : 50df8234e6832800 x0 : 0000000000000000 
[   10.829993] Call trace:
[   10.829999]  clk_core_enable+0xa4/0xc0
[   10.830004]  clk_enable+0x2c/0x60
[   10.830011]  zynqmp_runtime_resume+0x24/0x84
[   10.830018]  pm_generic_runtime_resume+0x30/0x50
[   10.830023]  __genpd_runtime_resume+0x30/0xb0
[   10.830030]  genpd_runtime_resume+0x90/0x250
[   10.830036]  __rpm_callback+0x10c/0x1e0
[   10.830041]  rpm_callback+0x5c/0x84
[   10.830046]  rpm_resume+0x4a4/0x74c
[   10.830051]  __pm_runtime_resume+0x78/0xc4
[   10.830055]  spi_mem_access_start.isra.0+0x30/0x80
[   10.830059]  spi_mem_exec_op+0x3b0/0x424
[   10.830064]  spi_nor_read_sr+0x78/0xe0
[   10.830069]  spi_nor_wait_till_ready_with_timeout+0xb4/0x2f0
[   10.830074]  spi_nor_read+0x188/0x380
[   10.830079]  mtd_read_oob_std+0x78/0x84
[   10.830083]  mtd_read_oob+0x7c/0x134
[   10.830088]  mtd_read+0x48/0x7c
[   10.830094]  mtdblock_readsect+0x6c/0x150
[   10.830099]  mtd_queue_rq+0x2cc/0x5a0
[   10.830104]  blk_mq_dispatch_rq_list+0x110/0x790
[   10.830111]  __blk_mq_do_dispatch_sched+0x200/0x274
[   10.830117]  __blk_mq_sched_dispatch_requests+0x1a8/0x1fc
[   10.830122]  blk_mq_sched_dispatch_requests+0x3c/0x7c
[   10.830127]  __blk_mq_run_hw_queue+0x98/0x100
[   10.830132]  blk_mq_run_work_fn+0x24/0x30
[   10.830137]  process_one_work+0x1d4/0x380
[   10.830142]  worker_thread+0x78/0x4e0
[   10.830147]  kthread+0x124/0x130
[   10.830153]  ret_from_fork+0x10/0x3c
[   10.830156] ---[ end trace 7f40ff133e32cef6 ]---
[   10.830165] zynqmp-qspi ff0f0000.spi: Cannot enable APB clock.
[   10.830214] spi_master spi0: Failed to power device: -108
[   10.830224] blk_update_request: I/O error, dev mtdblock0, sector 8 op 0x0:(READ) flags 0x80700 phys_seg 1 prio class 0
[   10.830292] spi_master spi0: Failed to power device: -22
[   10.830298] blk_update_request: I/O error, dev mtdblock0, sector 8 op 0x0:(READ) flags 0x0 phys_seg 8 prio class 0
[   10.830304] Buffer I/O error on dev mtdblock0, logical block 8, async page read
[   10.830313] spi_master spi0: Failed to power device: -22
[   10.830319] blk_update_request: I/O error, dev mtdblock0, sector 9 op 0x0:(READ) flags 0x0 phys_seg 7 prio class 0
[   10.830323] Buffer I/O error on dev mtdblock0, logical block 9, async page read
[   10.830330] spi_master spi0: Failed to power device: -22
[   10.830336] blk_update_request: I/O error, dev mtdblock0, sector 10 op 0x0:(READ) flags 0x0 phys_seg 6 prio class 0
[   10.830339] Buffer I/O error on dev mtdblock0, logical block 10, async page read
[   10.830346] spi_master spi0: Failed to power device: -22
[   10.830352] blk_update_request: I/O error, dev mtdblock0, sector 11 op 0x0:(READ) flags 0x0 phys_seg 5 prio class 0
[   10.830356] Buffer I/O error on dev mtdblock0, logical block 11, async page read
[   10.830362] spi_master spi0: Failed to power device: -22
[   10.830368] blk_update_request: I/O error, dev mtdblock0, sector 12 op 0x0:(READ) flags 0x0 phys_seg 4 prio class 0
[   10.830372] Buffer I/O error on dev mtdblock0, logical block 12, async page read
[   10.830378] spi_master spi0: Failed to power device: -22
[   10.830384] blk_update_request: I/O error, dev mtdblock0, sector 13 op 0x0:(READ) flags 0x0 phys_seg 3 prio class 0
[   10.830388] Buffer I/O error on dev mtdblock0, logical block 13, async page read
[   10.830394] spi_master spi0: Failed to power device: -22
[   10.830400] blk_update_request: I/O error, dev mtdblock0, sector 14 op 0x0:(READ) flags 0x0 phys_seg 2 prio class 0
[   10.830404] Buffer I/O error on dev mtdblock0, logical block 14, async page read
[   10.830410] spi_master spi0: Failed to power device: -22
[   10.830416] blk_update_request: I/O error, dev mtdblock0, sector 15 op 0x0:(READ) flags 0x0 phys_seg 1 prio class 0
[   10.830419] Buffer I/O error on dev mtdblock0, logical block 15, async page read
[   10.830734] spi_master spi0: Failed to power device: -22
[   10.830741] blk_update_request: I/O error, dev mtdblock1, sector 10112 op 0x0:(READ) flags 0x80700 phys_seg 1 prio class 0
[   10.830785] spi_master spi0: Failed to power device: -22
[   10.830791] Buffer I/O error on dev mtdblock1, logical block 10112, async page read
[   10.830799] spi_master spi0: Failed to power device: -22
[   10.830803] Buffer I/O error on dev mtdblock1, logical block 10113, async page read
[   10.830810] spi_master spi0: Failed to power device: -22
[   10.830818] spi_master spi0: Failed to power device: -22
[   10.830825] spi_master spi0: Failed to power device: -22
[   10.830833] spi_master spi0: Failed to power device: -22
[   10.830840] spi_master spi0: Failed to power device: -22
[   10.830847] spi_master spi0: Failed to power device: -22
[   10.831101] spi_master spi0: Failed to power device: -22
[   10.831145] spi_master spi0: Failed to power device: -22
[   10.831154] spi_master spi0: Failed to power device: -22
[   10.831162] spi_master spi0: Failed to power device: -22
[   10.831169] spi_master spi0: Failed to power device: -22
[   10.831176] spi_master spi0: Failed to power device: -22
[   10.831184] spi_master spi0: Failed to power device: -22
[   10.831191] spi_master spi0: Failed to power device: -22
[   10.831198] spi_master spi0: Failed to power device: -22
[   10.831463] spi_master spi0: Failed to power device: -22
[   10.831507] spi_master spi0: Failed to power device: -22
[   10.831516] spi_master spi0: Failed to power device: -22
[   10.831524] spi_master spi0: Failed to power device: -22
[   10.831531] spi_master spi0: Failed to power device: -22
[   10.831539] spi_master spi0: Failed to power device: -22
[   10.831546] spi_master spi0: Failed to power device: -22
[   10.831553] spi_master spi0: Failed to power device: -22
[   10.831560] spi_master spi0: Failed to power device: -22
[   10.965455] EXT4-fs (mmcblk0p2): re-mounted. Opts: (null)
[   11.064063] systemd-journald[154]: Received request to flush runtime journal from PID 1
[   17.080960] macb ff0e0000.ethernet eth0: PHY [ff0e0000.ethernet-ffffffff:0c] driver [TI DP83867] (irq=POLL)
[   17.080973] macb ff0e0000.ethernet eth0: configuring for phy/rgmii-id link mode
[   17.356701] Adding 95228k swap on /var/swap.  Priority:-2 extents:2 across:615420k SS
[   19.083750] random: crng init done
[   19.083761] random: 7 urandom warning(s) missed due to ratelimiting
[   20.025903] broken atomic modeset userspace detected, disabling atomic
[   20.161355] macb ff0e0000.ethernet eth0: Link is Up - 1Gbps/Full - flow control off
[   20.161379] IPv6: ADDRCONF(NETDEV_CHANGE): eth0: link becomes ready
[   22.706430] broken atomic modeset userspace detected, disabling atomic
[   25.815814] broken atomic modeset userspace detected, disabling atomic
[   28.459136] broken atomic modeset userspace detected, disabling atomic