[    0.000000] Booting Linux on physical CPU 0x0000000000 [0x410fd034]
[    0.000000] Linux version 5.10.0-98103-g2aa7ac113716 (jenkins@romlxbuild1.adlk.analog.com) (aarch64-xilinx-linux-gcc.real (GCC) 10.2.0, GNU ld (GNU Binutils) 2.35.0.20200730) #5577 SMP Wed Mar 23 07:28:49 GMT 2022
[    0.000000] Machine model: ZynqMP ZCU102 Rev1.0
[    0.000000] earlycon: cdns0 at MMIO 0x00000000ff000000 (options '115200n8')
[    0.000000] printk: bootconsole [cdns0] enabled
[    0.000000] efi: UEFI not found.
[    0.000000] cma: Reserved 256 MiB at 0x0000000070000000
[    0.000000] Zone ranges:
[    0.000000]   DMA      [mem 0x0000000000000000-0x000000003fffffff]
[    0.000000]   DMA32    [mem 0x0000000040000000-0x00000000ffffffff]
[    0.000000]   Normal   [mem 0x0000000100000000-0x000000087fffffff]
[    0.000000] Movable zone start for each node
[    0.000000] Early memory node ranges
[    0.000000]   node   0: [mem 0x0000000000000000-0x000000007fffffff]
[    0.000000]   node   0: [mem 0x0000000800000000-0x000000087fffffff]
[    0.000000] Initmem setup node 0 [mem 0x0000000000000000-0x000000087fffffff]
[    0.000000] On node 0 totalpages: 1048576
[    0.000000]   DMA zone: 3584 pages used for memmap
[    0.000000]   DMA zone: 0 pages reserved
[    0.000000]   DMA zone: 262144 pages, LIFO batch:63
[    0.000000]   DMA32 zone: 3584 pages used for memmap
[    0.000000]   DMA32 zone: 262144 pages, LIFO batch:63
[    0.000000]   Normal zone: 7168 pages used for memmap
[    0.000000]   Normal zone: 524288 pages, LIFO batch:63
[    0.000000] psci: probing for conduit method from DT.
[    0.000000] psci: PSCIv1.1 detected in firmware.
[    0.000000] psci: Using standard PSCI v0.2 function IDs
[    0.000000] psci: MIGRATE_INFO_TYPE not supported.
[    0.000000] psci: SMC Calling Convention v1.2
[    0.000000] percpu: Embedded 22 pages/cpu s49496 r8192 d32424 u90112
[    0.000000] pcpu-alloc: s49496 r8192 d32424 u90112 alloc=22*4096
[    0.000000] pcpu-alloc: [0] 0 [0] 1 [0] 2 [0] 3 
[    0.000000] Detected VIPT I-cache on CPU0
[    0.000000] CPU features: detected: ARM erratum 845719
[    0.000000] Built 1 zonelists, mobility grouping on.  Total pages: 1034240
[    0.000000] Kernel command line: console=ttyPS0,115200 root=/dev/mmcblk0p2 rw earlycon rootfstype=ext4 rootwait clk_ignore_unused cpuidle.off=1 root=/dev/mmcblk0p2 rw rootwait
[    0.000000] Dentry cache hash table entries: 524288 (order: 10, 4194304 bytes, linear)
[    0.000000] Inode-cache hash table entries: 262144 (order: 9, 2097152 bytes, linear)
[    0.000000] mem auto-init: stack:off, heap alloc:off, heap free:off
[    0.000000] software IO TLB: mapped [mem 0x000000003bfff000-0x000000003ffff000] (64MB)
[    0.000000] Memory: 3761904K/4194304K available (15296K kernel code, 1636K rwdata, 11876K rodata, 2560K init, 507K bss, 170256K reserved, 262144K cma-reserved)
[    0.000000] rcu: Hierarchical RCU implementation.
[    0.000000] rcu: 	RCU event tracing is enabled.
[    0.000000] rcu: 	RCU restricting CPUs from NR_CPUS=8 to nr_cpu_ids=4.
[    0.000000] rcu: RCU calculated value of scheduler-enlistment delay is 25 jiffies.
[    0.000000] rcu: Adjusting geometry for rcu_fanout_leaf=16, nr_cpu_ids=4
[    0.000000] NR_IRQS: 64, nr_irqs: 64, preallocated irqs: 0
[    0.000000] GIC: Adjusting CPU interface base to 0x00000000f902f000
[    0.000000] GIC: Using split EOI/Deactivate mode
[    0.000000] random: get_random_bytes called from start_kernel+0x31c/0x54c with crng_init=0
[    0.000000] arch_timer: cp15 timer(s) running at 100.00MHz (phys).
[    0.000000] clocksource: arch_sys_counter: mask: 0xffffffffffffff max_cycles: 0x171024e7e0, max_idle_ns: 440795205315 ns
[    0.000003] sched_clock: 56 bits at 100MHz, resolution 10ns, wraps every 4398046511100ns
[    0.008464] Console: colour dummy device 80x25
[    0.012482] Calibrating delay loop (skipped), value calculated using timer frequency.. 200.00 BogoMIPS (lpj=400000)
[    0.022841] pid_max: default: 32768 minimum: 301
[    0.027549] Mount-cache hash table entries: 8192 (order: 4, 65536 bytes, linear)
[    0.034788] Mountpoint-cache hash table entries: 8192 (order: 4, 65536 bytes, linear)
[    0.043397] rcu: Hierarchical SRCU implementation.
[    0.047559] EFI services will not be available.
[    0.051937] smp: Bringing up secondary CPUs ...
[    0.056658] Detected VIPT I-cache on CPU1
[    0.056697] CPU1: Booted secondary processor 0x0000000001 [0x410fd034]
[    0.057061] Detected VIPT I-cache on CPU2
[    0.057085] CPU2: Booted secondary processor 0x0000000002 [0x410fd034]
[    0.057426] Detected VIPT I-cache on CPU3
[    0.057448] CPU3: Booted secondary processor 0x0000000003 [0x410fd034]
[    0.057494] smp: Brought up 1 node, 4 CPUs
[    0.091779] SMP: Total of 4 processors activated.
[    0.096452] CPU features: detected: 32-bit EL0 Support
[    0.101555] CPU features: detected: CRC32 instructions
[    0.106694] CPU: All CPU(s) started at EL2
[    0.110736] alternatives: patching kernel code
[    0.116170] devtmpfs: initialized
[    0.124058] Registered cp15_barrier emulation handler
[    0.124109] Registered setend emulation handler
[    0.128092] clocksource: jiffies: mask: 0xffffffff max_cycles: 0xffffffff, max_idle_ns: 7645041785100000 ns
[    0.137670] futex hash table entries: 1024 (order: 4, 65536 bytes, linear)
[    0.151023] pinctrl core: initialized pinctrl subsystem
[    0.151669] NET: Registered protocol family 16
[    0.156089] DMA: preallocated 512 KiB GFP_KERNEL pool for atomic allocations
[    0.162107] DMA: preallocated 512 KiB GFP_KERNEL|GFP_DMA pool for atomic allocations
[    0.169833] DMA: preallocated 512 KiB GFP_KERNEL|GFP_DMA32 pool for atomic allocations
[    0.177635] audit: initializing netlink subsys (disabled)
[    0.183088] audit: type=2000 audit(0.116:1): state=initialized audit_enabled=0 res=1
[    0.183428] hw-breakpoint: found 6 breakpoint and 4 watchpoint registers.
[    0.197462] ASID allocator initialised with 65536 entries
[    0.224351] HugeTLB registered 1.00 GiB page size, pre-allocated 0 pages
[    0.225403] HugeTLB registered 32.0 MiB page size, pre-allocated 0 pages
[    0.232073] HugeTLB registered 2.00 MiB page size, pre-allocated 0 pages
[    0.238737] HugeTLB registered 64.0 KiB page size, pre-allocated 0 pages
[    1.304310] DRBG: Continuing without Jitter RNG
[    1.382127] raid6: neonx8   gen()  2139 MB/s
[    1.450177] raid6: neonx8   xor()  1597 MB/s
[    1.518230] raid6: neonx4   gen()  2203 MB/s
[    1.586282] raid6: neonx4   xor()  1566 MB/s
[    1.654354] raid6: neonx2   gen()  2076 MB/s
[    1.722396] raid6: neonx2   xor()  1439 MB/s
[    1.790465] raid6: neonx1   gen()  1772 MB/s
[    1.858510] raid6: neonx1   xor()  1220 MB/s
[    1.926566] raid6: int64x8  gen()  1438 MB/s
[    1.994623] raid6: int64x8  xor()   771 MB/s
[    2.062694] raid6: int64x4  gen()  1598 MB/s
[    2.130745] raid6: int64x4  xor()   819 MB/s
[    2.198818] raid6: int64x2  gen()  1397 MB/s
[    2.266860] raid6: int64x2  xor()   750 MB/s
[    2.334948] raid6: int64x1  gen()  1034 MB/s
[    2.402998] raid6: int64x1  xor()   517 MB/s
[    2.403036] raid6: using algorithm neonx4 gen() 2203 MB/s
[    2.406995] raid6: .... xor() 1566 MB/s, rmw enabled
[    2.411926] raid6: using neon recovery algorithm
[    2.416936] iommu: Default domain type: Translated 
[    2.421552] SCSI subsystem initialized
[    2.425095] libata version 3.00 loaded.
[    2.425220] usbcore: registered new interface driver usbfs
[    2.430552] usbcore: registered new interface driver hub
[    2.435825] usbcore: registered new device driver usb
[    2.440957] mc: Linux media interface: v0.10
[    2.445075] videodev: Linux video capture interface: v2.00
[    2.450565] EDAC MC: Ver: 3.0.0
[    2.454009] zynqmp-ipi-mbox mailbox@ff990400: Registered ZynqMP IPI mbox with TX/RX channels.
[    2.462509] jesd204: created con: id=0, topo=0, link=0, /axi/spi@ff050000/hmc7044@0 <-> /fpga-axi@0/axi-adxcvr-tx@84b60000
[    2.473094] jesd204: created con: id=1, topo=0, link=2, /axi/spi@ff050000/hmc7044@0 <-> /fpga-axi@0/axi-adxcvr-rx@84a60000
[    2.484079] jesd204: created con: id=2, topo=0, link=0, /fpga-axi@0/axi-adxcvr-tx@84b60000 <-> /fpga-axi@0/axi-jesd204-tx@84b90000
[    2.495754] jesd204: created con: id=3, topo=0, link=2, /fpga-axi@0/axi-adxcvr-rx@84a60000 <-> /fpga-axi@0/axi-jesd204-rx@84a90000
[    2.507431] jesd204: created con: id=4, topo=0, link=0, /fpga-axi@0/axi-jesd204-tx@84b90000 <-> /fpga-axi@0/axi-ad9081-tx-hpc@84b10000
[    2.519459] jesd204: created con: id=5, topo=0, link=2, /fpga-axi@0/axi-jesd204-rx@84a90000 <-> /fpga-axi@0/axi-ad9081-rx-hpc@84a10000
[    2.531482] jesd204: created con: id=6, topo=0, link=2, /fpga-axi@0/axi-ad9081-rx-hpc@84a10000 <-> /axi/spi@ff040000/ad9081@0
[    2.542723] jesd204: created con: id=7, topo=0, link=0, /fpga-axi@0/axi-ad9081-tx-hpc@84b10000 <-> /axi/spi@ff040000/ad9081@0
[    2.553973] jesd204: /axi/spi@ff040000/ad9081@0: JESD204[2] transition uninitialized -> initialized
[    2.562959] jesd204: /axi/spi@ff040000/ad9081@0: JESD204[0] transition uninitialized -> initialized
[    2.571951] jesd204: found 8 devices and 1 topologies
[    2.576995] FPGA manager framework
[    2.580474] Advanced Linux Sound Architecture Driver Initialized.
[    2.586768] Bluetooth: Core ver 2.22
[    2.589954] NET: Registered protocol family 31
[    2.594355] Bluetooth: HCI device and connection manager initialized
[    2.600672] Bluetooth: HCI socket layer initialized
[    2.605514] Bluetooth: L2CAP socket layer initialized
[    2.610538] Bluetooth: SCO socket layer initialized
[    2.615724] clocksource: Switched to clocksource arch_sys_counter
[    2.621531] VFS: Disk quotas dquot_6.6.0
[    2.625365] VFS: Dquot-cache hash table entries: 512 (order 0, 4096 bytes)
[    2.636088] NET: Registered protocol family 2
[    2.636810] tcp_listen_portaddr_hash hash table entries: 2048 (order: 3, 32768 bytes, linear)
[    2.645005] TCP established hash table entries: 32768 (order: 6, 262144 bytes, linear)
[    2.653030] TCP bind hash table entries: 32768 (order: 7, 524288 bytes, linear)
[    2.660475] TCP: Hash tables configured (established 32768 bind 32768)
[    2.666650] UDP hash table entries: 2048 (order: 4, 65536 bytes, linear)
[    2.673316] UDP-Lite hash table entries: 2048 (order: 4, 65536 bytes, linear)
[    2.680476] NET: Registered protocol family 1
[    2.684931] RPC: Registered named UNIX socket transport module.
[    2.690553] RPC: Registered udp transport module.
[    2.695217] RPC: Registered tcp transport module.
[    2.699887] RPC: Registered tcp NFSv4.1 backchannel transport module.
[    2.706876] PCI: CLS 0 bytes, default 64
[    2.710585] hw perfevents: no interrupt-affinity property for /pmu, guessing.
[    2.717438] hw perfevents: enabled with armv8_pmuv3 PMU driver, 7 counters available
[    2.725793] Initialise system trusted keyrings
[    2.729466] workingset: timestamp_bits=62 max_order=20 bucket_order=0
[    2.736366] NFS: Registering the id_resolver key type
[    2.740816] Key type id_resolver registered
[    2.744955] Key type id_legacy registered
[    2.748944] nfs4filelayout_init: NFSv4 File Layout Driver Registering...
[    2.755610] jffs2: version 2.2. (NAND) (SUMMARY)  Â© 2001-2006 Red Hat, Inc.
[    2.799201] NET: Registered protocol family 38
[    2.799243] xor: measuring software checksum speed
[    2.806929]    8regs           :  2363 MB/sec
[    2.810597]    32regs          :  2799 MB/sec
[    2.815539]    arm64_neon      :  2380 MB/sec
[    2.815733] xor: using function: 32regs (2799 MB/sec)
[    2.820755] Key type asymmetric registered
[    2.824817] Asymmetric key parser 'x509' registered
[    2.829678] Block layer SCSI generic (bsg) driver version 0.4 loaded (major 248)
[    2.837015] io scheduler mq-deadline registered
[    2.841511] io scheduler kyber registered
[    2.870901] Serial: 8250/16550 driver, 4 ports, IRQ sharing disabled
[    2.875540] cacheinfo: Unable to detect cache hierarchy for CPU 0
[    2.881879] brd: module loaded
[    2.886033] loop: module loaded
[    2.886580] Registered mathworks_ip class
[    2.889910] libphy: Fixed MDIO Bus: probed
[    2.892882] tun: Universal TUN/TAP device driver, 1.6
[    2.896950] CAN device driver interface
[    2.901482] usbcore: registered new interface driver asix
[    2.906085] usbcore: registered new interface driver ax88179_178a
[    2.912116] usbcore: registered new interface driver cdc_ether
[    2.917909] usbcore: registered new interface driver net1080
[    2.923534] usbcore: registered new interface driver cdc_subset
[    2.929415] usbcore: registered new interface driver zaurus
[    2.934958] usbcore: registered new interface driver cdc_ncm
[    2.941360] ehci_hcd: USB 2.0 'Enhanced' Host Controller (EHCI) Driver
[    2.947044] ehci-pci: EHCI PCI platform driver
[    2.951849] usbcore: registered new interface driver uas
[    2.956762] usbcore: registered new interface driver usb-storage
[    2.962749] usbcore: registered new interface driver usbserial_generic
[    2.969199] usbserial: USB Serial support registered for generic
[    2.975172] usbcore: registered new interface driver ftdi_sio
[    2.980875] usbserial: USB Serial support registered for FTDI USB Serial Device
[    2.988152] usbcore: registered new interface driver upd78f0730
[    2.994022] usbserial: USB Serial support registered for upd78f0730
[    3.001677] rtc_zynqmp ffa60000.rtc: registered as rtc0
[    3.005448] rtc_zynqmp ffa60000.rtc: setting system clock to 2022-03-25T23:30:24 UTC (1648251024)
[    3.014310] i2c /dev entries driver
[    3.019615] usbcore: registered new interface driver uvcvideo
[    3.023423] USB Video Class driver (1.1.1)
[    3.028998] Bluetooth: HCI UART driver ver 2.3
[    3.031906] Bluetooth: HCI UART protocol H4 registered
[    3.037004] Bluetooth: HCI UART protocol BCSP registered
[    3.042292] Bluetooth: HCI UART protocol LL registered
[    3.047383] Bluetooth: HCI UART protocol ATH3K registered
[    3.052757] Bluetooth: HCI UART protocol Three-wire (H5) registered
[    3.059010] Bluetooth: HCI UART protocol Intel registered
[    3.064348] Bluetooth: HCI UART protocol QCA registered
[    3.069551] usbcore: registered new interface driver bcm203x
[    3.075170] usbcore: registered new interface driver bpa10x
[    3.080705] usbcore: registered new interface driver bfusb
[    3.086158] usbcore: registered new interface driver btusb
[    3.091618] usbcore: registered new interface driver ath3k
[    3.097102] EDAC MC: ECC not enabled
[    3.100730] EDAC DEVICE0: Giving out device to module zynqmp-ocm-edac controller zynqmp_ocm: DEV ff960000.memory-controller (INTERRUPT)
[    3.113042] sdhci: Secure Digital Host Controller Interface driver
[    3.118832] sdhci: Copyright(c) Pierre Ossman
[    3.123155] sdhci-pltfm: SDHCI platform and OF driver helper
[    3.129208] ledtrig-cpu: registered to indicate activity on CPUs
[    3.134760] SMCCC: SOC_ID: ARCH_SOC_ID not implemented, skipping ....
[    3.141191] zynqmp_firmware_probe Platform Management API v1.1
[    3.146946] zynqmp_firmware_probe Trustzone version v1.0
[    3.186473] zynqmp-pinctrl firmware:zynqmp-firmware:pinctrl: zynqmp pinctrl initialized
[    3.234446] zynqmp-aes firmware:zynqmp-firmware:zynqmp-aes: will run requests pump with realtime priority
[    3.250264] alg: No test for xilinx-keccak-384 (zynqmp-keccak-384)
[    3.250976] alg: No test for xilinx-zynqmp-rsa (zynqmp-rsa)
[    3.256485] usbcore: registered new interface driver usbhid
[    3.261878] usbhid: USB HID core driver
[    3.273129] axi_sysid 85000000.axi-sysid-0: AXI System ID core version (1.01.a) found
[    3.275477] axi_sysid 85000000.axi-sysid-0: [ad9081_fmca_ebz] on [zcu102] git branch <master> git <084d44c9780640ca93fd847b1d9ec70dd65f5c67> clean [2022-03-18 04:17:50] UTC
[    3.291160] fpga_manager fpga0: Xilinx ZynqMP FPGA Manager registered
[    3.297519] usbcore: registered new interface driver snd-usb-audio
[    3.304971] pktgen: Packet Generator for packet performance testing. Version: 2.75
[    3.311155] Initializing XFRM netlink socket
[    3.315006] NET: Registered protocol family 10
[    3.319736] Segment Routing with IPv6
[    3.323095] sit: IPv6, IPv4 and MPLS over IPv4 tunneling driver
[    3.329176] NET: Registered protocol family 17
[    3.333281] NET: Registered protocol family 15
[    3.337775] can: controller area network core
[    3.342030] NET: Registered protocol family 29
[    3.346418] can: raw protocol
[    3.349355] can: broadcast manager protocol
[    3.353509] can: netlink gateway - max_hops=1
[    3.357903] Bluetooth: RFCOMM TTY layer initialized
[    3.362683] Bluetooth: RFCOMM socket layer initialized
[    3.367793] Bluetooth: RFCOMM ver 1.11
[    3.371497] Bluetooth: BNEP (Ethernet Emulation) ver 1.3
[    3.376773] Bluetooth: BNEP filters: protocol multicast
[    3.381967] Bluetooth: BNEP socket layer initialized
[    3.386894] Bluetooth: HIDP (Human Interface Emulation) ver 1.2
[    3.392777] Bluetooth: HIDP socket layer initialized
[    3.397834] 9pnet: Installing 9P2000 support
[    3.401955] NET: Registered protocol family 36
[    3.406371] Key type dns_resolver registered
[    3.410803] registered taskstats version 1
[    3.414668] Loading compiled-in X.509 certificates
[    3.419791] Btrfs loaded, crc32c=crc32c-generic
[    3.432191] ff000000.serial: ttyPS0 at MMIO 0xff000000 (irq = 49, base_baud = 6249999) is a xuartps
[    3.441211] printk: console [ttyPS0] enabled
[    3.445505] printk: bootconsole [cdns0] disabled
[    3.455135] ff010000.serial: ttyPS1 at MMIO 0xff010000 (irq = 50, base_baud = 6249999) is a xuartps
[    3.468386] of-fpga-region fpga-full: FPGA Region probed
[    3.475346] nwl-pcie fd0e0000.pcie: host bridge /axi/pcie@fd0e0000 ranges:
[    3.482244] nwl-pcie fd0e0000.pcie:      MEM 0x00e0000000..0x00efffffff -> 0x00e0000000
[    3.490246] nwl-pcie fd0e0000.pcie:      MEM 0x0600000000..0x07ffffffff -> 0x0600000000
[    3.498314] nwl-pcie fd0e0000.pcie: Link is DOWN
[    3.503072] nwl-pcie fd0e0000.pcie: PCI host bridge to bus 0000:00
[    3.509253] pci_bus 0000:00: root bus resource [bus 00-ff]
[    3.514734] pci_bus 0000:00: root bus resource [mem 0xe0000000-0xefffffff]
[    3.521599] pci_bus 0000:00: root bus resource [mem 0x600000000-0x7ffffffff pref]
[    3.529101] pci 0000:00:00.0: [10ee:d021] type 01 class 0x060400
[    3.535162] pci 0000:00:00.0: PME# supported from D0 D1 D2 D3hot
[    3.545604] pci 0000:00:00.0: PCI bridge to [bus 01-0c]
[    3.551582] xilinx-zynqmp-dma fd500000.dma: ZynqMP DMA driver Probe success
[    3.558759] xilinx-zynqmp-dma fd510000.dma: ZynqMP DMA driver Probe success
[    3.565929] xilinx-zynqmp-dma fd520000.dma: ZynqMP DMA driver Probe success
[    3.573096] xilinx-zynqmp-dma fd530000.dma: ZynqMP DMA driver Probe success
[    3.580263] xilinx-zynqmp-dma fd540000.dma: ZynqMP DMA driver Probe success
[    3.587431] xilinx-zynqmp-dma fd550000.dma: ZynqMP DMA driver Probe success
[    3.594600] xilinx-zynqmp-dma fd560000.dma: ZynqMP DMA driver Probe success
[    3.601771] xilinx-zynqmp-dma fd570000.dma: ZynqMP DMA driver Probe success
[    3.609167] xilinx-zynqmp-dpdma fd4c0000.dma-controller: Xilinx DPDMA engine is probed
[    3.617717] ahci-ceva fd0c0000.ahci: supply ahci not found, using dummy regulator
[    3.625264] ahci-ceva fd0c0000.ahci: supply phy not found, using dummy regulator
[    3.715894] hmc7044 spi2.0: PLL1: Acquisition, CLKIN0 @ 122880000 Hz, PFD: 80 kHz - PLL2: Locked @ 2736.000000 MHz
[    3.726611] jesd204: /axi/spi@ff050000/hmc7044@0,jesd204:1,parent=spi2.0: Using as SYSREF provider
[    3.736195] spi-nor spi0.0: SPI-NOR-UniqueID 100000235394732200270025081115266e
[    3.743499] spi-nor spi0.0: found n25q512a, expected m25p80
[    3.749687] spi-nor spi0.0: trying to lock already unlocked area
[    3.755692] spi-nor spi0.0: n25q512a (131072 Kbytes)
[    3.760670] 4 fixed-partitions partitions found on MTD device spi0.0
[    3.767016] Creating 4 MTD partitions on "spi0.0":
[    3.771801] 0x000000000000-0x000000100000 : "qspi-fsbl-uboot"
[    3.778288] 0x000000100000-0x000000600000 : "qspi-linux"
[    3.784250] 0x000000600000-0x000000620000 : "qspi-device-tree"
[    3.790728] 0x000000620000-0x000000c00000 : "qspi-rootfs"
[    3.799194] macb ff0e0000.ethernet: Not enabling partial store and forward
[    3.806716] libphy: MACB_mii_bus: probed
[    3.811792] macb ff0e0000.ethernet eth0: Cadence GEM rev 0x50070106 at 0xff0e0000 irq 30 (00:0a:35:04:8e:1b)
[    3.822006] xilinx-axipmon ffa00000.perf-monitor: Probed Xilinx APM
[    3.828578] xilinx-axipmon fd0b0000.perf-monitor: Probed Xilinx APM
[    3.835099] xilinx-axipmon fd490000.perf-monitor: Probed Xilinx APM
[    3.841637] xilinx-axipmon ffa10000.perf-monitor: Probed Xilinx APM
[    3.851614] pca953x 0-0020: supply vcc not found, using dummy regulator
[    3.858303] pca953x 0-0020: using no AI
[    3.862788] gpio-496 (sel0): hogged as output/low
[    3.867687] gpio-497 (sel1): hogged as output/high
[    3.872674] gpio-498 (sel2): hogged as output/high
[    3.877663] gpio-499 (sel3): hogged as output/high
[    3.882837] pca953x 0-0021: supply vcc not found, using dummy regulator
[    3.889509] pca953x 0-0021: using no AI
[    3.895268] ina2xx 2-0040: power monitor ina226 (Rshunt = 5000 uOhm)
[    3.902299] ina2xx 2-0041: power monitor ina226 (Rshunt = 5000 uOhm)
[    3.909333] ina2xx 2-0042: power monitor ina226 (Rshunt = 5000 uOhm)
[    3.916368] ina2xx 2-0043: power monitor ina226 (Rshunt = 5000 uOhm)
[    3.923393] ina2xx 2-0044: power monitor ina226 (Rshunt = 5000 uOhm)
[    3.930416] ina2xx 2-0045: power monitor ina226 (Rshunt = 5000 uOhm)
[    3.937448] ina2xx 2-0046: power monitor ina226 (Rshunt = 5000 uOhm)
[    3.944527] ina2xx 2-0047: power monitor ina226 (Rshunt = 5000 uOhm)
[    3.951556] ina2xx 2-004a: power monitor ina226 (Rshunt = 5000 uOhm)
[    3.958597] ina2xx 2-004b: power monitor ina226 (Rshunt = 5000 uOhm)
[    3.965007] i2c i2c-0: Added multiplexed i2c bus 2
[    3.970392] random: fast init done
[    3.973866] ina2xx 3-0040: power monitor ina226 (Rshunt = 2000 uOhm)
[    3.980894] ina2xx 3-0041: power monitor ina226 (Rshunt = 5000 uOhm)
[    3.987919] ina2xx 3-0042: power monitor ina226 (Rshunt = 5000 uOhm)
[    3.994951] ina2xx 3-0043: power monitor ina226 (Rshunt = 5000 uOhm)
[    4.001976] ina2xx 3-0044: power monitor ina226 (Rshunt = 5000 uOhm)
[    4.009003] ina2xx 3-0045: power monitor ina226 (Rshunt = 5000 uOhm)
[    4.016036] ina2xx 3-0046: power monitor ina226 (Rshunt = 5000 uOhm)
[    4.023067] ina2xx 3-0047: power monitor ina226 (Rshunt = 5000 uOhm)
[    4.029466] i2c i2c-0: Added multiplexed i2c bus 3
[    4.085599] i2c i2c-0: Added multiplexed i2c bus 4
[    4.090539] i2c i2c-0: Added multiplexed i2c bus 5
[    4.095326] pca954x 0-0075: registered 4 multiplexed busses for I2C mux pca9544
[    4.102675] cdns-i2c ff020000.i2c: 400 kHz mmio ff020000 irq 32
[    4.110400] at24 6-0054: supply vcc not found, using dummy regulator
[    4.117301] at24 6-0054: 1024 byte 24c08 EEPROM, writable, 1 bytes/write
[    4.124056] i2c i2c-1: Added multiplexed i2c bus 6
[    4.130486] si5341 7-0036: Chip: 5341 Grade: 1 Rev: 1
[    4.168168] i2c i2c-1: Added multiplexed i2c bus 7
[    4.175825] si570 8-005d: registered, current frequency 300000000 Hz
[    4.182226] i2c i2c-1: Added multiplexed i2c bus 8
[    4.202001] si570 9-005d: registered, current frequency 148500000 Hz
[    4.208406] i2c i2c-1: Added multiplexed i2c bus 9
[    4.213445] si5324 10-0069: si5328 probed
[    4.280087] si5324 10-0069: si5328 probe successful
[    4.285018] i2c i2c-1: Added multiplexed i2c bus 10
[    4.290044] i2c i2c-1: Added multiplexed i2c bus 11
[    4.295074] i2c i2c-1: Added multiplexed i2c bus 12
[    4.300091] i2c i2c-1: Added multiplexed i2c bus 13
[    4.304964] pca954x 1-0074: registered 8 multiplexed busses for I2C switch pca9548
[    4.313079] at24 14-0050: supply vcc not found, using dummy regulator
[    4.319869] at24 14-0050: 256 byte 24c02 EEPROM, writable, 1 bytes/write
[    4.326617] i2c i2c-1: Added multiplexed i2c bus 14
[    4.331656] i2c i2c-1: Added multiplexed i2c bus 15
[    4.336690] i2c i2c-1: Added multiplexed i2c bus 16
[    4.341726] i2c i2c-1: Added multiplexed i2c bus 17
[    4.346759] i2c i2c-1: Added multiplexed i2c bus 18
[    4.351807] i2c i2c-1: Added multiplexed i2c bus 19
[    4.356837] i2c i2c-1: Added multiplexed i2c bus 20
[    4.361873] i2c i2c-1: Added multiplexed i2c bus 21
[    4.366748] pca954x 1-0075: registered 8 multiplexed busses for I2C switch pca9548
[    4.374357] cdns-i2c ff030000.i2c: 400 kHz mmio ff030000 irq 33
[    4.384103] cdns-wdt fd4d0000.watchdog: Xilinx Watchdog Timer with timeout 60s
[    4.395050] axi_adxcvr 84a60000.axi-adxcvr-rx: AXI-ADXCVR-RX (17.05.a) using CPLL on GTH4 at 0x84A60000. Number of lanes: 4.
[    4.407192] axi_adxcvr 84b60000.axi-adxcvr-tx: AXI-ADXCVR-TX (17.05.a) using QPLL on GTH4 at 0x84B60000. Number of lanes: 4.
[    4.418810] axi-jesd204-rx 84a90000.axi-jesd204-rx: AXI-JESD204-RX (1.07.a) at 0x84A90000. Encoder 8b10b, width 4/4, lanes 4, jesd204-fsm.
[    4.426130] mmc0: SDHCI controller on ff170000.mmc [ff170000.mmc] using ADMA 64-bit
[    4.431656] axi-jesd204-tx 84b90000.axi-jesd204-tx: AXI-JESD204-TX (1.06.a) at 0x84B90000. Encoder 8b10b, width 4/4, lanes 4, jesd204-fsm.
[    4.452374] zynqmp-display fd4a0000.display: vtc bridge property not present
[    4.462032] xilinx-dp-snd-codec fd4a0000.display:zynqmp_dp_snd_codec0: Failed to get required clock freq
[    4.471535] xilinx-dp-snd-codec: probe of fd4a0000.display:zynqmp_dp_snd_codec0 failed with error -22
[    4.473505] mmc0: new high speed SDHC card at address 0001
[    4.481072] xilinx-dp-snd-pcm zynqmp_dp_snd_pcm0: Xilinx DisplayPort Sound PCM probed
[    4.486588] mmcblk0: mmc0:0001 EB1QT 29.8 GiB 
[    4.494389] xilinx-dp-snd-pcm zynqmp_dp_snd_pcm1: Xilinx DisplayPort Sound PCM probed
[    4.499734]  mmcblk0: p1 p2 p3
[    4.506693] OF: graph: no port node found in /axi/display@fd4a0000
[    4.515773] xlnx-drm xlnx-drm.0: bound fd4a0000.display (ops 0xffffffc010fcbdb8)
[    5.599740] zynqmp-display fd4a0000.display: [drm] Cannot find any crtc or sizes
[    5.607358] [drm] Initialized xlnx 1.0.0 20130509 for fd4a0000.display on minor 0
[    5.614847] zynqmp-display fd4a0000.display: ZynqMP DisplayPort Subsystem driver probed
[    5.623173] ahci-ceva fd0c0000.ahci: supply ahci not found, using dummy regulator
[    5.630719] ahci-ceva fd0c0000.ahci: supply phy not found, using dummy regulator
[    5.638169] ahci-ceva fd0c0000.ahci: supply target not found, using dummy regulator
[    5.646009] ahci-ceva fd0c0000.ahci: AHCI 0001.0301 32 slots 2 ports 6 Gbps 0x3 impl platform mode
[    5.654963] ahci-ceva fd0c0000.ahci: flags: 64bit ncq sntf pm clo only pmp fbs pio slum part ccc sds apst 
[    5.665660] scsi host0: ahci-ceva
[    5.669257] scsi host1: ahci-ceva
[    5.672684] ata1: SATA max UDMA/133 mmio [mem 0xfd0c0000-0xfd0c1fff] port 0x100 irq 45
[    5.680594] ata2: SATA max UDMA/133 mmio [mem 0xfd0c0000-0xfd0c1fff] port 0x180 irq 45
[    5.689191] ad9081 spi1.0: supply vdd not found, using dummy regulator
[    6.001976] ata1: SATA link down (SStatus 0 SControl 330)
[    6.007393] ata2: SATA link down (SStatus 0 SControl 330)
[    6.683742] zynqmp-display fd4a0000.display: [drm] Cannot find any crtc or sizes
[    6.881192] ad9081 spi1.0: Invalid param passed., "ref_clk_hz < 100000000ULL" in adi_ad9081_device_clk_config_set(...), line554 in drivers/iio/adc/ad9081/adi_ad9081_device.c
[    7.548600] ad9081 spi1.0: AD9081 Rev. 2 Grade 10 (API 1.2.2) probed
[    7.555803] xhci-hcd xhci-hcd.1.auto: xHCI Host Controller
[    7.561290] xhci-hcd xhci-hcd.1.auto: new USB bus registered, assigned bus number 1
[    7.569031] xhci-hcd xhci-hcd.1.auto: hcc params 0x0238f625 hci version 0x100 quirks 0x0000000002010810
[    7.578443] xhci-hcd xhci-hcd.1.auto: irq 59, io mem 0xfe200000
[    7.584553] usb usb1: New USB device found, idVendor=1d6b, idProduct=0002, bcdDevice= 5.10
[    7.592817] usb usb1: New USB device strings: Mfr=3, Product=2, SerialNumber=1
[    7.600035] usb usb1: Product: xHCI Host Controller
[    7.604903] usb usb1: Manufacturer: Linux 5.10.0-98103-g2aa7ac113716 xhci-hcd
[    7.612030] usb usb1: SerialNumber: xhci-hcd.1.auto
[    7.617200] hub 1-0:1.0: USB hub found
[    7.620966] hub 1-0:1.0: 1 port detected
[    7.625071] xhci-hcd xhci-hcd.1.auto: xHCI Host Controller
[    7.630561] xhci-hcd xhci-hcd.1.auto: new USB bus registered, assigned bus number 2
[    7.638215] xhci-hcd xhci-hcd.1.auto: Host supports USB 3.0 SuperSpeed
[    7.644842] usb usb2: New USB device found, idVendor=1d6b, idProduct=0003, bcdDevice= 5.10
[    7.653099] usb usb2: New USB device strings: Mfr=3, Product=2, SerialNumber=1
[    7.660323] usb usb2: Product: xHCI Host Controller
[    7.665196] usb usb2: Manufacturer: Linux 5.10.0-98103-g2aa7ac113716 xhci-hcd
[    7.672321] usb usb2: SerialNumber: xhci-hcd.1.auto
[    7.677429] hub 2-0:1.0: USB hub found
[    7.681192] hub 2-0:1.0: 1 port detected
[    7.711295] cf_axi_adc 84a10000.axi-ad9081-rx-hpc: ADI AIM (10.01.b) at 0x84A10000 mapped to 0x(____ptrval____), probed ADC AD9081 as MASTER
[    7.744562] cf_axi_dds 84b10000.axi-ad9081-tx-hpc: Analog Devices CF_AXI_DDS_DDS MASTER (9.01.b) at 0x84B10000 mapped to 0x(____ptrval____), probed DDS AD9081
[    7.758768] jesd204: /axi/spi@ff040000/ad9081@0,jesd204:0,parent=spi1.0: JESD204[2] transition initialized -> probed
[    7.769287] jesd204: /axi/spi@ff040000/ad9081@0,jesd204:0,parent=spi1.0: JESD204[0] transition initialized -> probed
[    7.779808] jesd204: /axi/spi@ff040000/ad9081@0,jesd204:0,parent=spi1.0: JESD204[2] transition probed -> idle
[    7.789718] jesd204: /axi/spi@ff040000/ad9081@0,jesd204:0,parent=spi1.0: JESD204[0] transition probed -> idle
[    7.799631] jesd204: /axi/spi@ff040000/ad9081@0,jesd204:0,parent=spi1.0: JESD204[2] transition idle -> device_init
[    7.809974] jesd204: /axi/spi@ff040000/ad9081@0,jesd204:0,parent=spi1.0: JESD204[0] transition idle -> device_init
[    7.820327] jesd204: /axi/spi@ff040000/ad9081@0,jesd204:0,parent=spi1.0: JESD204[2] transition device_init -> link_init
[    7.831101] jesd204: /axi/spi@ff040000/ad9081@0,jesd204:0,parent=spi1.0: JESD204[0] transition device_init -> link_init
[    7.841893] jesd204: /axi/spi@ff040000/ad9081@0,jesd204:0,parent=spi1.0: JESD204[2] transition link_init -> link_supported
[    7.852932] jesd204: /axi/spi@ff040000/ad9081@0,jesd204:0,parent=spi1.0: JESD204[0] transition link_init -> link_supported
[    7.864348] hmc7044 spi2.0: hmc7044_jesd204_link_pre_setup: Link2 forcing continuous SYSREF mode
[    7.873499] axi-jesd204-tx 84b90000.axi-jesd204-tx: axi_jesd204_tx_jesd204_link_pre_setup: Link0 set lane rate 4560000 kHz failed (-22)
[    7.885666] jesd204: /fpga-axi@0/axi-jesd204-tx@84b90000,jesd204:5,parent=84b90000.axi-jesd204-tx: JESD204[0] In link_pre_setup got error from cb: -22
[    7.899136] jesd204: /axi/spi@ff040000/ad9081@0,jesd204:0,parent=spi1.0: Rolling back from 'link_supported', got error -22
[    7.910186] jesd204: /axi/spi@ff040000/ad9081@0,jesd204:0,parent=spi1.0: JESD204[0] transition link_supported -> link_pre_setup
[    7.921660] jesd204: /axi/spi@ff040000/ad9081@0,jesd204:0,parent=spi1.0: JESD204[2] transition link_supported -> link_pre_setup
[    7.933138] jesd204: /axi/spi@ff040000/ad9081@0,jesd204:0,parent=spi1.0: JESD204[0] transition link_pre_setup -> link_supported
[    7.944610] jesd204: /axi/spi@ff040000/ad9081@0,jesd204:0,parent=spi1.0: JESD204[2] transition link_pre_setup -> link_supported
[    7.956087] jesd204: /axi/spi@ff040000/ad9081@0,jesd204:0,parent=spi1.0: JESD204[0] transition link_supported -> link_init
[    7.967125] jesd204: /axi/spi@ff040000/ad9081@0,jesd204:0,parent=spi1.0: JESD204[2] transition link_supported -> link_init
[    7.978172] jesd204: /axi/spi@ff040000/ad9081@0,jesd204:0,parent=spi1.0: JESD204[0] transition link_init -> device_init
[    7.988951] jesd204: /axi/spi@ff040000/ad9081@0,jesd204:0,parent=spi1.0: JESD204[2] transition link_init -> device_init
[    7.999731] jesd204: /axi/spi@ff040000/ad9081@0,jesd204:0,parent=spi1.0: JESD204[0] transition device_init -> idle
[    8.010074] jesd204: /axi/spi@ff040000/ad9081@0,jesd204:0,parent=spi1.0: JESD204[2] transition device_init -> idle
[    8.020425] jesd204: /axi/spi@ff040000/ad9081@0,jesd204:0,parent=spi1.0: JESD204[2] transition idle -> idle
[    8.030161] jesd204: /axi/spi@ff040000/ad9081@0,jesd204:0,parent=spi1.0: JESD204[0] transition idle -> idle
[    8.039901] jesd204: /axi/spi@ff040000/ad9081@0,jesd204:0,parent=spi1.0: JESD204[2] transition idle -> device_init
[    8.050245] jesd204: /axi/spi@ff040000/ad9081@0,jesd204:0,parent=spi1.0: JESD204[0] transition idle -> device_init
[    8.060595] jesd204: /axi/spi@ff040000/ad9081@0,jesd204:0,parent=spi1.0: JESD204[2] transition device_init -> link_init
[    8.071378] jesd204: /axi/spi@ff040000/ad9081@0,jesd204:0,parent=spi1.0: JESD204[0] transition device_init -> link_init
[    8.082161] jesd204: /axi/spi@ff040000/ad9081@0,jesd204:0,parent=spi1.0: JESD204[2] transition link_init -> link_supported
[    8.093202] jesd204: /axi/spi@ff040000/ad9081@0,jesd204:0,parent=spi1.0: JESD204[0] transition link_init -> link_supported
[    8.104578] axi-jesd204-tx 84b90000.axi-jesd204-tx: axi_jesd204_tx_jesd204_link_pre_setup: Link0 set lane rate 4560000 kHz failed (-22)
[    8.116748] jesd204: /fpga-axi@0/axi-jesd204-tx@84b90000,jesd204:5,parent=84b90000.axi-jesd204-tx: JESD204[0] In link_pre_setup got error from cb: -22
[    8.130216] jesd204: /axi/spi@ff040000/ad9081@0,jesd204:0,parent=spi1.0: Rolling back from 'link_supported', got error -22
[    8.141258] jesd204: /axi/spi@ff040000/ad9081@0,jesd204:0,parent=spi1.0: JESD204[0] transition link_supported -> link_pre_setup
[    8.152733] jesd204: /axi/spi@ff040000/ad9081@0,jesd204:0,parent=spi1.0: JESD204[2] transition link_supported -> link_pre_setup
[    8.164208] jesd204: /axi/spi@ff040000/ad9081@0,jesd204:0,parent=spi1.0: JESD204[0] transition link_pre_setup -> link_supported
[    8.175680] jesd204: /axi/spi@ff040000/ad9081@0,jesd204:0,parent=spi1.0: JESD204[2] transition link_pre_setup -> link_supported
[    8.187157] jesd204: /axi/spi@ff040000/ad9081@0,jesd204:0,parent=spi1.0: JESD204[0] transition link_supported -> link_init
[    8.198194] jesd204: /axi/spi@ff040000/ad9081@0,jesd204:0,parent=spi1.0: JESD204[2] transition link_supported -> link_init
[    8.209243] jesd204: /axi/spi@ff040000/ad9081@0,jesd204:0,parent=spi1.0: JESD204[0] transition link_init -> device_init
[    8.220018] jesd204: /axi/spi@ff040000/ad9081@0,jesd204:0,parent=spi1.0: JESD204[2] transition link_init -> device_init
[    8.230800] jesd204: /axi/spi@ff040000/ad9081@0,jesd204:0,parent=spi1.0: JESD204[0] transition device_init -> idle
[    8.241149] jesd204: /axi/spi@ff040000/ad9081@0,jesd204:0,parent=spi1.0: JESD204[2] transition device_init -> idle
[    8.251496] jesd204: /axi/spi@ff040000/ad9081@0,jesd204:0,parent=spi1.0: JESD204[2] transition idle -> idle
[    8.261230] jesd204: /axi/spi@ff040000/ad9081@0,jesd204:0,parent=spi1.0: JESD204[0] transition idle -> idle
[    8.270972] jesd204: /axi/spi@ff040000/ad9081@0,jesd204:0,parent=spi1.0: JESD204[2] transition idle -> device_init
[    8.281315] jesd204: /axi/spi@ff040000/ad9081@0,jesd204:0,parent=spi1.0: JESD204[0] transition idle -> device_init
[    8.291665] jesd204: /axi/spi@ff040000/ad9081@0,jesd204:0,parent=spi1.0: JESD204[2] transition device_init -> link_init
[    8.302442] jesd204: /axi/spi@ff040000/ad9081@0,jesd204:0,parent=spi1.0: JESD204[0] transition device_init -> link_init
[    8.313231] jesd204: /axi/spi@ff040000/ad9081@0,jesd204:0,parent=spi1.0: JESD204[2] transition link_init -> link_supported
[    8.324274] jesd204: /axi/spi@ff040000/ad9081@0,jesd204:0,parent=spi1.0: JESD204[0] transition link_init -> link_supported
[    8.335608] axi-jesd204-tx 84b90000.axi-jesd204-tx: axi_jesd204_tx_jesd204_link_pre_setup: Link0 set lane rate 4560000 kHz failed (-22)
[    8.347781] jesd204: /fpga-axi@0/axi-jesd204-tx@84b90000,jesd204:5,parent=84b90000.axi-jesd204-tx: JESD204[0] In link_pre_setup got error from cb: -22
[    8.361251] jesd204: /axi/spi@ff040000/ad9081@0,jesd204:0,parent=spi1.0: Rolling back from 'link_supported', got error -22
[    8.372299] jesd204: /axi/spi@ff040000/ad9081@0,jesd204:0,parent=spi1.0: JESD204[0] transition link_supported -> link_pre_setup
[    8.383775] jesd204: /axi/spi@ff040000/ad9081@0,jesd204:0,parent=spi1.0: JESD204[2] transition link_supported -> link_pre_setup
[    8.395252] jesd204: /axi/spi@ff040000/ad9081@0,jesd204:0,parent=spi1.0: JESD204[0] transition link_pre_setup -> link_supported
[    8.406723] jesd204: /axi/spi@ff040000/ad9081@0,jesd204:0,parent=spi1.0: JESD204[2] transition link_pre_setup -> link_supported
[    8.418202] jesd204: /axi/spi@ff040000/ad9081@0,jesd204:0,parent=spi1.0: JESD204[0] transition link_supported -> link_init
[    8.429240] jesd204: /axi/spi@ff040000/ad9081@0,jesd204:0,parent=spi1.0: JESD204[2] transition link_supported -> link_init
[    8.440286] jesd204: /axi/spi@ff040000/ad9081@0,jesd204:0,parent=spi1.0: JESD204[0] transition link_init -> device_init
[    8.451064] jesd204: /axi/spi@ff040000/ad9081@0,jesd204:0,parent=spi1.0: JESD204[2] transition link_init -> device_init
[    8.461845] jesd204: /axi/spi@ff040000/ad9081@0,jesd204:0,parent=spi1.0: JESD204[0] transition device_init -> idle
[    8.472189] jesd204: /axi/spi@ff040000/ad9081@0,jesd204:0,parent=spi1.0: JESD204[2] transition device_init -> idle
[    8.482539] jesd204: /axi/spi@ff040000/ad9081@0,jesd204:0,parent=spi1.0: JESD204[2] transition idle -> idle
[    8.492274] jesd204: /axi/spi@ff040000/ad9081@0,jesd204:0,parent=spi1.0: JESD204[0] transition idle -> idle
[    8.502020] jesd204: /axi/spi@ff040000/ad9081@0,jesd204:0,parent=spi1.0: JESD204[2] transition idle -> device_init
[    8.512370] jesd204: /axi/spi@ff040000/ad9081@0,jesd204:0,parent=spi1.0: JESD204[0] transition idle -> device_init
[    8.522719] jesd204: /axi/spi@ff040000/ad9081@0,jesd204:0,parent=spi1.0: JESD204[2] transition device_init -> link_init
[    8.533496] jesd204: /axi/spi@ff040000/ad9081@0,jesd204:0,parent=spi1.0: JESD204[0] transition device_init -> link_init
[    8.544284] jesd204: /axi/spi@ff040000/ad9081@0,jesd204:0,parent=spi1.0: JESD204[2] transition link_init -> link_supported
[    8.555327] jesd204: /axi/spi@ff040000/ad9081@0,jesd204:0,parent=spi1.0: JESD204[0] transition link_init -> link_supported
[    8.566661] axi-jesd204-tx 84b90000.axi-jesd204-tx: axi_jesd204_tx_jesd204_link_pre_setup: Link0 set lane rate 4560000 kHz failed (-22)
[    8.578834] jesd204: /fpga-axi@0/axi-jesd204-tx@84b90000,jesd204:5,parent=84b90000.axi-jesd204-tx: JESD204[0] In link_pre_setup got error from cb: -22
[    8.592304] jesd204: /axi/spi@ff040000/ad9081@0,jesd204:0,parent=spi1.0: Rolling back from 'link_supported', got error -22
[    8.603346] jesd204: /axi/spi@ff040000/ad9081@0,jesd204:0,parent=spi1.0: JESD204[0] transition link_supported -> link_pre_setup
[    8.614817] jesd204: /axi/spi@ff040000/ad9081@0,jesd204:0,parent=spi1.0: JESD204[2] transition link_supported -> link_pre_setup
[    8.626300] jesd204: /axi/spi@ff040000/ad9081@0,jesd204:0,parent=spi1.0: JESD204[0] transition link_pre_setup -> link_supported
[    8.637778] jesd204: /axi/spi@ff040000/ad9081@0,jesd204:0,parent=spi1.0: JESD204[2] transition link_pre_setup -> link_supported
[    8.649255] jesd204: /axi/spi@ff040000/ad9081@0,jesd204:0,parent=spi1.0: JESD204[0] transition link_supported -> link_init
[    8.660292] jesd204: /axi/spi@ff040000/ad9081@0,jesd204:0,parent=spi1.0: JESD204[2] transition link_supported -> link_init
[    8.671339] jesd204: /axi/spi@ff040000/ad9081@0,jesd204:0,parent=spi1.0: JESD204[0] transition link_init -> device_init
[    8.682114] jesd204: /axi/spi@ff040000/ad9081@0,jesd204:0,parent=spi1.0: JESD204[2] transition link_init -> device_init
[    8.692898] jesd204: /axi/spi@ff040000/ad9081@0,jesd204:0,parent=spi1.0: JESD204[0] transition device_init -> idle
[    8.703241] jesd204: /axi/spi@ff040000/ad9081@0,jesd204:0,parent=spi1.0: JESD204[2] transition device_init -> idle
[    8.713588] jesd204: /axi/spi@ff040000/ad9081@0,jesd204:0,parent=spi1.0: FSM completed with error -22
[    8.732034] input: gpio-keys as /devices/platform/gpio-keys/input/input0
[    8.739048] of_cfs_init
[    8.741511] of_cfs_init: OK
[    8.744452] cfg80211: Loading compiled-in X.509 certificates for regulatory database
[    8.882663] cfg80211: Loaded X.509 cert 'sforshee: 00b28ddf47aef9cea7'
[    8.889201] clk: Not disabling unused clocks
[    8.893731] ALSA device list:
[    8.896695]   No soundcards found.
[    8.900355] platform regulatory.0: Direct firmware load for regulatory.db failed with error -2
[    8.908968] cfg80211: failed to load regulatory.db
[    8.924201] EXT4-fs (mmcblk0p2): mounted filesystem with ordered data mode. Opts: (null)
[    8.932321] VFS: Mounted root (ext4 filesystem) on device 179:2.
[    8.945718] devtmpfs: mounted
[    8.949536] Freeing unused kernel memory: 2560K
[    8.963778] Run /sbin/init as init process
[    8.967875]   with arguments:
[    8.967877]     /sbin/init
[    8.967880]   with environment:
[    8.967882]     HOME=/
[    8.967884]     TERM=linux
[    9.530942] systemd[1]: systemd 241 running in system mode. (+PAM +AUDIT +SELINUX +IMA +APPARMOR +SMACK +SYSVINIT +UTMP +LIBCRYPTSETUP +GCRYPT +GNUTLS +ACL +XZ +LZ4 +SECCOMP +BLKID +ELFUTILS +KMOD -IDN2 +IDN -PCRE2 default-hierarchy=hybrid)
[    9.552812] systemd[1]: Detected architecture arm64.
[    9.576433] systemd[1]: Set hostname to <analog>.
[    9.754598] systemd[1]: File /lib/systemd/system/systemd-journald.service:12 configures an IP firewall (IPAddressDeny=any), but the local system does not support BPF/cgroup based firewalling.
[    9.771697] systemd[1]: Proceeding WITHOUT firewalling in effect! (This warning is only shown for the first loaded unit using IP firewalling.)
[    9.934436] systemd[1]: /etc/systemd/system/tof-server.service:1: Assignment outside of section. Ignoring.
[    9.944157] systemd[1]: /etc/systemd/system/tof-server.service:2: Assignment outside of section. Ignoring.
[   10.126553] random: systemd: uninitialized urandom read (16 bytes read)
[   10.141649] random: systemd: uninitialized urandom read (16 bytes read)
[   10.148533] systemd[1]: Listening on Journal Audit Socket.
[   10.171805] random: systemd: uninitialized urandom read (16 bytes read)
[   10.178560] systemd[1]: Started Forward Password Requests to Wall Directory Watch.
[   10.204062] systemd[1]: Listening on Syslog Socket.
[   11.001733] EXT4-fs (mmcblk0p2): re-mounted. Opts: (null)
[   11.192506] systemd-journald[169]: Received request to flush runtime journal from PID 1
[   16.532272] random: crng init done
[   16.532283] random: 7 urandom warning(s) missed due to ratelimiting
[   16.914472] macb ff0e0000.ethernet eth0: PHY [ff0e0000.ethernet-ffffffff:0c] driver [TI DP83867] (irq=POLL)
[   16.914484] macb ff0e0000.ethernet eth0: configuring for phy/rgmii-id link mode
[   17.211965] Adding 94204k swap on /var/swap.  Priority:-2 extents:1 across:94204k SS
[   19.758533] broken atomic modeset userspace detected, disabling atomic
[   20.993356] macb ff0e0000.ethernet eth0: Link is Up - 1Gbps/Full - flow control off
[   20.993381] IPv6: ADDRCONF(NETDEV_CHANGE): eth0: link becomes ready
[   22.428051] broken atomic modeset userspace detected, disabling atomic
[   25.369820] broken atomic modeset userspace detected, disabling atomic
[   28.013105] broken atomic modeset userspace detected, disabling atomic