[    0.000000] Booting Linux on physical CPU 0x0000000000 [0x410fd034]
[    0.000000] Linux version 5.10.0-98103-g2aa7ac113716 (jenkins@romlxbuild1.adlk.analog.com) (aarch64-xilinx-linux-gcc.real (GCC) 10.2.0, GNU ld (GNU Binutils) 2.35.0.20200730) #5577 SMP Wed Mar 23 07:28:49 GMT 2022
[    0.000000] Machine model: ZynqMP ZCU102 Rev1.0
[    0.000000] earlycon: cdns0 at MMIO 0x00000000ff000000 (options '115200n8')
[    0.000000] printk: bootconsole [cdns0] enabled
[    0.000000] efi: UEFI not found.
[    0.000000] cma: Reserved 256 MiB at 0x0000000070000000
[    0.000000] Zone ranges:
[    0.000000]   DMA      [mem 0x0000000000000000-0x000000003fffffff]
[    0.000000]   DMA32    [mem 0x0000000040000000-0x00000000ffffffff]
[    0.000000]   Normal   [mem 0x0000000100000000-0x000000087fffffff]
[    0.000000] Movable zone start for each node
[    0.000000] Early memory node ranges
[    0.000000]   node   0: [mem 0x0000000000000000-0x000000007fffffff]
[    0.000000]   node   0: [mem 0x0000000800000000-0x000000087fffffff]
[    0.000000] Initmem setup node 0 [mem 0x0000000000000000-0x000000087fffffff]
[    0.000000] On node 0 totalpages: 1048576
[    0.000000]   DMA zone: 3584 pages used for memmap
[    0.000000]   DMA zone: 0 pages reserved
[    0.000000]   DMA zone: 262144 pages, LIFO batch:63
[    0.000000]   DMA32 zone: 3584 pages used for memmap
[    0.000000]   DMA32 zone: 262144 pages, LIFO batch:63
[    0.000000]   Normal zone: 7168 pages used for memmap
[    0.000000]   Normal zone: 524288 pages, LIFO batch:63
[    0.000000] psci: probing for conduit method from DT.
[    0.000000] psci: PSCIv1.1 detected in firmware.
[    0.000000] psci: Using standard PSCI v0.2 function IDs
[    0.000000] psci: MIGRATE_INFO_TYPE not supported.
[    0.000000] psci: SMC Calling Convention v1.2
[    0.000000] percpu: Embedded 22 pages/cpu s49496 r8192 d32424 u90112
[    0.000000] pcpu-alloc: s49496 r8192 d32424 u90112 alloc=22*4096
[    0.000000] pcpu-alloc: [0] 0 [0] 1 [0] 2 [0] 3 
[    0.000000] Detected VIPT I-cache on CPU0
[    0.000000] CPU features: detected: ARM erratum 845719
[    0.000000] Built 1 zonelists, mobility grouping on.  Total pages: 1034240
[    0.000000] Kernel command line: console=ttyPS0,115200 root=/dev/mmcblk0p2 rw earlycon rootfstype=ext4 rootwait clk_ignore_unused cpuidle.off=1 root=/dev/mmcblk0p2 rw rootwait
[    0.000000] Dentry cache hash table entries: 524288 (order: 10, 4194304 bytes, linear)
[    0.000000] Inode-cache hash table entries: 262144 (order: 9, 2097152 bytes, linear)
[    0.000000] mem auto-init: stack:off, heap alloc:off, heap free:off
[    0.000000] software IO TLB: mapped [mem 0x000000003bfff000-0x000000003ffff000] (64MB)
[    0.000000] Memory: 3761904K/4194304K available (15296K kernel code, 1636K rwdata, 11876K rodata, 2560K init, 507K bss, 170256K reserved, 262144K cma-reserved)
[    0.000000] rcu: Hierarchical RCU implementation.
[    0.000000] rcu: 	RCU event tracing is enabled.
[    0.000000] rcu: 	RCU restricting CPUs from NR_CPUS=8 to nr_cpu_ids=4.
[    0.000000] rcu: RCU calculated value of scheduler-enlistment delay is 25 jiffies.
[    0.000000] rcu: Adjusting geometry for rcu_fanout_leaf=16, nr_cpu_ids=4
[    0.000000] NR_IRQS: 64, nr_irqs: 64, preallocated irqs: 0
[    0.000000] GIC: Adjusting CPU interface base to 0x00000000f902f000
[    0.000000] GIC: Using split EOI/Deactivate mode
[    0.000000] random: get_random_bytes called from start_kernel+0x31c/0x54c with crng_init=0
[    0.000000] arch_timer: cp15 timer(s) running at 100.00MHz (phys).
[    0.000000] clocksource: arch_sys_counter: mask: 0xffffffffffffff max_cycles: 0x171024e7e0, max_idle_ns: 440795205315 ns
[    0.000003] sched_clock: 56 bits at 100MHz, resolution 10ns, wraps every 4398046511100ns
[    0.008464] Console: colour dummy device 80x25
[    0.012483] Calibrating delay loop (skipped), value calculated using timer frequency.. 200.00 BogoMIPS (lpj=400000)
[    0.022841] pid_max: default: 32768 minimum: 301
[    0.027550] Mount-cache hash table entries: 8192 (order: 4, 65536 bytes, linear)
[    0.034789] Mountpoint-cache hash table entries: 8192 (order: 4, 65536 bytes, linear)
[    0.043395] rcu: Hierarchical SRCU implementation.
[    0.047560] EFI services will not be available.
[    0.051938] smp: Bringing up secondary CPUs ...
[    0.056655] Detected VIPT I-cache on CPU1
[    0.056694] CPU1: Booted secondary processor 0x0000000001 [0x410fd034]
[    0.057058] Detected VIPT I-cache on CPU2
[    0.057082] CPU2: Booted secondary processor 0x0000000002 [0x410fd034]
[    0.057421] Detected VIPT I-cache on CPU3
[    0.057444] CPU3: Booted secondary processor 0x0000000003 [0x410fd034]
[    0.057491] smp: Brought up 1 node, 4 CPUs
[    0.091780] SMP: Total of 4 processors activated.
[    0.096452] CPU features: detected: 32-bit EL0 Support
[    0.101556] CPU features: detected: CRC32 instructions
[    0.106696] CPU: All CPU(s) started at EL2
[    0.110736] alternatives: patching kernel code
[    0.116171] devtmpfs: initialized
[    0.124055] Registered cp15_barrier emulation handler
[    0.124105] Registered setend emulation handler
[    0.128083] clocksource: jiffies: mask: 0xffffffff max_cycles: 0xffffffff, max_idle_ns: 7645041785100000 ns
[    0.137662] futex hash table entries: 1024 (order: 4, 65536 bytes, linear)
[    0.151024] pinctrl core: initialized pinctrl subsystem
[    0.151673] NET: Registered protocol family 16
[    0.156094] DMA: preallocated 512 KiB GFP_KERNEL pool for atomic allocations
[    0.162107] DMA: preallocated 512 KiB GFP_KERNEL|GFP_DMA pool for atomic allocations
[    0.169832] DMA: preallocated 512 KiB GFP_KERNEL|GFP_DMA32 pool for atomic allocations
[    0.177636] audit: initializing netlink subsys (disabled)
[    0.183088] audit: type=2000 audit(0.116:1): state=initialized audit_enabled=0 res=1
[    0.183434] hw-breakpoint: found 6 breakpoint and 4 watchpoint registers.
[    0.197463] ASID allocator initialised with 65536 entries
[    0.224371] HugeTLB registered 1.00 GiB page size, pre-allocated 0 pages
[    0.225429] HugeTLB registered 32.0 MiB page size, pre-allocated 0 pages
[    0.232099] HugeTLB registered 2.00 MiB page size, pre-allocated 0 pages
[    0.238764] HugeTLB registered 64.0 KiB page size, pre-allocated 0 pages
[    1.304354] DRBG: Continuing without Jitter RNG
[    1.382155] raid6: neonx8   gen()  2146 MB/s
[    1.450203] raid6: neonx8   xor()  1599 MB/s
[    1.518268] raid6: neonx4   gen()  2195 MB/s
[    1.586319] raid6: neonx4   xor()  1566 MB/s
[    1.654386] raid6: neonx2   gen()  2076 MB/s
[    1.722434] raid6: neonx2   xor()  1443 MB/s
[    1.790493] raid6: neonx1   gen()  1772 MB/s
[    1.858543] raid6: neonx1   xor()  1220 MB/s
[    1.926599] raid6: int64x8  gen()  1438 MB/s
[    1.994657] raid6: int64x8  xor()   771 MB/s
[    2.062729] raid6: int64x4  gen()  1598 MB/s
[    2.130773] raid6: int64x4  xor()   820 MB/s
[    2.198846] raid6: int64x2  gen()  1397 MB/s
[    2.266894] raid6: int64x2  xor()   750 MB/s
[    2.334976] raid6: int64x1  gen()  1034 MB/s
[    2.403032] raid6: int64x1  xor()   517 MB/s
[    2.403071] raid6: using algorithm neonx4 gen() 2195 MB/s
[    2.407021] raid6: .... xor() 1566 MB/s, rmw enabled
[    2.411952] raid6: using neon recovery algorithm
[    2.416965] iommu: Default domain type: Translated 
[    2.421578] SCSI subsystem initialized
[    2.425121] libata version 3.00 loaded.
[    2.425245] usbcore: registered new interface driver usbfs
[    2.430576] usbcore: registered new interface driver hub
[    2.435851] usbcore: registered new device driver usb
[    2.440983] mc: Linux media interface: v0.10
[    2.445101] videodev: Linux video capture interface: v2.00
[    2.450592] EDAC MC: Ver: 3.0.0
[    2.454029] zynqmp-ipi-mbox mailbox@ff990400: Registered ZynqMP IPI mbox with TX/RX channels.
[    2.462539] jesd204: created con: id=0, topo=0, link=0, /axi/spi@ff050000/hmc7044@0 <-> /fpga-axi@0/axi-adxcvr-tx@84b60000
[    2.473121] jesd204: created con: id=1, topo=0, link=2, /axi/spi@ff050000/hmc7044@0 <-> /fpga-axi@0/axi-adxcvr-rx@84a60000
[    2.484105] jesd204: created con: id=2, topo=0, link=0, /fpga-axi@0/axi-adxcvr-tx@84b60000 <-> /fpga-axi@0/axi-jesd204-tx@84b90000
[    2.495780] jesd204: created con: id=3, topo=0, link=2, /fpga-axi@0/axi-adxcvr-rx@84a60000 <-> /fpga-axi@0/axi-jesd204-rx@84a90000
[    2.507458] jesd204: created con: id=4, topo=0, link=0, /fpga-axi@0/axi-jesd204-tx@84b90000 <-> /fpga-axi@0/axi-ad9081-tx-hpc@84b10000
[    2.519486] jesd204: created con: id=5, topo=0, link=2, /fpga-axi@0/axi-jesd204-rx@84a90000 <-> /fpga-axi@0/axi-ad9081-rx-hpc@84a10000
[    2.531508] jesd204: created con: id=6, topo=0, link=2, /fpga-axi@0/axi-ad9081-rx-hpc@84a10000 <-> /axi/spi@ff040000/ad9081@0
[    2.542749] jesd204: created con: id=7, topo=0, link=0, /fpga-axi@0/axi-ad9081-tx-hpc@84b10000 <-> /axi/spi@ff040000/ad9081@0
[    2.553999] jesd204: /axi/spi@ff040000/ad9081@0: JESD204[2] transition uninitialized -> initialized
[    2.562986] jesd204: /axi/spi@ff040000/ad9081@0: JESD204[0] transition uninitialized -> initialized
[    2.571977] jesd204: found 8 devices and 1 topologies
[    2.577021] FPGA manager framework
[    2.580498] Advanced Linux Sound Architecture Driver Initialized.
[    2.586793] Bluetooth: Core ver 2.22
[    2.589983] NET: Registered protocol family 31
[    2.594381] Bluetooth: HCI device and connection manager initialized
[    2.600698] Bluetooth: HCI socket layer initialized
[    2.605540] Bluetooth: L2CAP socket layer initialized
[    2.610564] Bluetooth: SCO socket layer initialized
[    2.615743] clocksource: Switched to clocksource arch_sys_counter
[    2.621556] VFS: Disk quotas dquot_6.6.0
[    2.625391] VFS: Dquot-cache hash table entries: 512 (order 0, 4096 bytes)
[    2.636108] NET: Registered protocol family 2
[    2.636835] tcp_listen_portaddr_hash hash table entries: 2048 (order: 3, 32768 bytes, linear)
[    2.645032] TCP established hash table entries: 32768 (order: 6, 262144 bytes, linear)
[    2.653057] TCP bind hash table entries: 32768 (order: 7, 524288 bytes, linear)
[    2.660502] TCP: Hash tables configured (established 32768 bind 32768)
[    2.666674] UDP hash table entries: 2048 (order: 4, 65536 bytes, linear)
[    2.673343] UDP-Lite hash table entries: 2048 (order: 4, 65536 bytes, linear)
[    2.680501] NET: Registered protocol family 1
[    2.684958] RPC: Registered named UNIX socket transport module.
[    2.690575] RPC: Registered udp transport module.
[    2.695243] RPC: Registered tcp transport module.
[    2.699911] RPC: Registered tcp NFSv4.1 backchannel transport module.
[    2.706905] PCI: CLS 0 bytes, default 64
[    2.710587] hw perfevents: no interrupt-affinity property for /pmu, guessing.
[    2.717473] hw perfevents: enabled with armv8_pmuv3 PMU driver, 7 counters available
[    2.725795] Initialise system trusted keyrings
[    2.729490] workingset: timestamp_bits=62 max_order=20 bucket_order=0
[    2.736390] NFS: Registering the id_resolver key type
[    2.740840] Key type id_resolver registered
[    2.744979] Key type id_legacy registered
[    2.748970] nfs4filelayout_init: NFSv4 File Layout Driver Registering...
[    2.755636] jffs2: version 2.2. (NAND) (SUMMARY)  Â© 2001-2006 Red Hat, Inc.
[    2.799261] NET: Registered protocol family 38
[    2.799303] xor: measuring software checksum speed
[    2.806989]    8regs           :  2363 MB/sec
[    2.810658]    32regs          :  2799 MB/sec
[    2.815600]    arm64_neon      :  2380 MB/sec
[    2.815794] xor: using function: 32regs (2799 MB/sec)
[    2.820816] Key type asymmetric registered
[    2.824878] Asymmetric key parser 'x509' registered
[    2.829740] Block layer SCSI generic (bsg) driver version 0.4 loaded (major 248)
[    2.837076] io scheduler mq-deadline registered
[    2.841572] io scheduler kyber registered
[    2.870952] Serial: 8250/16550 driver, 4 ports, IRQ sharing disabled
[    2.875588] cacheinfo: Unable to detect cache hierarchy for CPU 0
[    2.881921] brd: module loaded
[    2.886054] loop: module loaded
[    2.886600] Registered mathworks_ip class
[    2.889984] libphy: Fixed MDIO Bus: probed
[    2.892921] tun: Universal TUN/TAP device driver, 1.6
[    2.897002] CAN device driver interface
[    2.901536] usbcore: registered new interface driver asix
[    2.906136] usbcore: registered new interface driver ax88179_178a
[    2.912169] usbcore: registered new interface driver cdc_ether
[    2.917961] usbcore: registered new interface driver net1080
[    2.923587] usbcore: registered new interface driver cdc_subset
[    2.929468] usbcore: registered new interface driver zaurus
[    2.935011] usbcore: registered new interface driver cdc_ncm
[    2.941413] ehci_hcd: USB 2.0 'Enhanced' Host Controller (EHCI) Driver
[    2.947097] ehci-pci: EHCI PCI platform driver
[    2.951907] usbcore: registered new interface driver uas
[    2.956814] usbcore: registered new interface driver usb-storage
[    2.962801] usbcore: registered new interface driver usbserial_generic
[    2.969251] usbserial: USB Serial support registered for generic
[    2.975226] usbcore: registered new interface driver ftdi_sio
[    2.980929] usbserial: USB Serial support registered for FTDI USB Serial Device
[    2.988201] usbcore: registered new interface driver upd78f0730
[    2.994075] usbserial: USB Serial support registered for upd78f0730
[    3.001728] rtc_zynqmp ffa60000.rtc: registered as rtc0
[    3.005500] rtc_zynqmp ffa60000.rtc: setting system clock to 2022-03-26T00:54:49 UTC (1648256089)
[    3.014363] i2c /dev entries driver
[    3.019667] usbcore: registered new interface driver uvcvideo
[    3.023475] USB Video Class driver (1.1.1)
[    3.029049] Bluetooth: HCI UART driver ver 2.3
[    3.031958] Bluetooth: HCI UART protocol H4 registered
[    3.037056] Bluetooth: HCI UART protocol BCSP registered
[    3.042344] Bluetooth: HCI UART protocol LL registered
[    3.047435] Bluetooth: HCI UART protocol ATH3K registered
[    3.052809] Bluetooth: HCI UART protocol Three-wire (H5) registered
[    3.059062] Bluetooth: HCI UART protocol Intel registered
[    3.064400] Bluetooth: HCI UART protocol QCA registered
[    3.069604] usbcore: registered new interface driver bcm203x
[    3.075222] usbcore: registered new interface driver bpa10x
[    3.080758] usbcore: registered new interface driver bfusb
[    3.086211] usbcore: registered new interface driver btusb
[    3.091671] usbcore: registered new interface driver ath3k
[    3.097152] EDAC MC: ECC not enabled
[    3.100792] EDAC DEVICE0: Giving out device to module zynqmp-ocm-edac controller zynqmp_ocm: DEV ff960000.memory-controller (INTERRUPT)
[    3.113092] sdhci: Secure Digital Host Controller Interface driver
[    3.118885] sdhci: Copyright(c) Pierre Ossman
[    3.123207] sdhci-pltfm: SDHCI platform and OF driver helper
[    3.129262] ledtrig-cpu: registered to indicate activity on CPUs
[    3.134812] SMCCC: SOC_ID: ARCH_SOC_ID not implemented, skipping ....
[    3.141242] zynqmp_firmware_probe Platform Management API v1.1
[    3.146999] zynqmp_firmware_probe Trustzone version v1.0
[    3.186549] zynqmp-pinctrl firmware:zynqmp-firmware:pinctrl: zynqmp pinctrl initialized
[    3.234480] zynqmp-aes firmware:zynqmp-firmware:zynqmp-aes: will run requests pump with realtime priority
[    3.250224] alg: No test for xilinx-keccak-384 (zynqmp-keccak-384)
[    3.250932] alg: No test for xilinx-zynqmp-rsa (zynqmp-rsa)
[    3.256442] usbcore: registered new interface driver usbhid
[    3.261835] usbhid: USB HID core driver
[    3.273084] axi_sysid 85000000.axi-sysid-0: AXI System ID core version (1.01.a) found
[    3.275434] axi_sysid 85000000.axi-sysid-0: [ad9081_fmca_ebz] on [zcu102] git branch <master> git <084d44c9780640ca93fd847b1d9ec70dd65f5c67> clean [2022-03-18 04:17:50] UTC
[    3.291123] fpga_manager fpga0: Xilinx ZynqMP FPGA Manager registered
[    3.297476] usbcore: registered new interface driver snd-usb-audio
[    3.304933] pktgen: Packet Generator for packet performance testing. Version: 2.75
[    3.311109] Initializing XFRM netlink socket
[    3.314965] NET: Registered protocol family 10
[    3.319676] Segment Routing with IPv6
[    3.323065] sit: IPv6, IPv4 and MPLS over IPv4 tunneling driver
[    3.329133] NET: Registered protocol family 17
[    3.333238] NET: Registered protocol family 15
[    3.337731] can: controller area network core
[    3.341987] NET: Registered protocol family 29
[    3.346375] can: raw protocol
[    3.349311] can: broadcast manager protocol
[    3.353467] can: netlink gateway - max_hops=1
[    3.357863] Bluetooth: RFCOMM TTY layer initialized
[    3.362640] Bluetooth: RFCOMM socket layer initialized
[    3.367754] Bluetooth: RFCOMM ver 1.11
[    3.371454] Bluetooth: BNEP (Ethernet Emulation) ver 1.3
[    3.376731] Bluetooth: BNEP filters: protocol multicast
[    3.381924] Bluetooth: BNEP socket layer initialized
[    3.386851] Bluetooth: HIDP (Human Interface Emulation) ver 1.2
[    3.392735] Bluetooth: HIDP socket layer initialized
[    3.397791] 9pnet: Installing 9P2000 support
[    3.401912] NET: Registered protocol family 36
[    3.406330] Key type dns_resolver registered
[    3.410760] registered taskstats version 1
[    3.414625] Loading compiled-in X.509 certificates
[    3.419745] Btrfs loaded, crc32c=crc32c-generic
[    3.432143] ff000000.serial: ttyPS0 at MMIO 0xff000000 (irq = 49, base_baud = 6249999) is a xuartps
[    3.441168] printk: console [ttyPS0] enabled
[    3.445462] printk: bootconsole [cdns0] disabled
[    3.455093] ff010000.serial: ttyPS1 at MMIO 0xff010000 (irq = 50, base_baud = 6249999) is a xuartps
[    3.468352] of-fpga-region fpga-full: FPGA Region probed
[    3.475289] nwl-pcie fd0e0000.pcie: host bridge /axi/pcie@fd0e0000 ranges:
[    3.482184] nwl-pcie fd0e0000.pcie:      MEM 0x00e0000000..0x00efffffff -> 0x00e0000000
[    3.490186] nwl-pcie fd0e0000.pcie:      MEM 0x0600000000..0x07ffffffff -> 0x0600000000
[    3.498253] nwl-pcie fd0e0000.pcie: Link is DOWN
[    3.503013] nwl-pcie fd0e0000.pcie: PCI host bridge to bus 0000:00
[    3.509193] pci_bus 0000:00: root bus resource [bus 00-ff]
[    3.514673] pci_bus 0000:00: root bus resource [mem 0xe0000000-0xefffffff]
[    3.521543] pci_bus 0000:00: root bus resource [mem 0x600000000-0x7ffffffff pref]
[    3.529047] pci 0000:00:00.0: [10ee:d021] type 01 class 0x060400
[    3.535102] pci 0000:00:00.0: PME# supported from D0 D1 D2 D3hot
[    3.545554] pci 0000:00:00.0: PCI bridge to [bus 01-0c]
[    3.551530] xilinx-zynqmp-dma fd500000.dma: ZynqMP DMA driver Probe success
[    3.558708] xilinx-zynqmp-dma fd510000.dma: ZynqMP DMA driver Probe success
[    3.565875] xilinx-zynqmp-dma fd520000.dma: ZynqMP DMA driver Probe success
[    3.573044] xilinx-zynqmp-dma fd530000.dma: ZynqMP DMA driver Probe success
[    3.580211] xilinx-zynqmp-dma fd540000.dma: ZynqMP DMA driver Probe success
[    3.587381] xilinx-zynqmp-dma fd550000.dma: ZynqMP DMA driver Probe success
[    3.594552] xilinx-zynqmp-dma fd560000.dma: ZynqMP DMA driver Probe success
[    3.601721] xilinx-zynqmp-dma fd570000.dma: ZynqMP DMA driver Probe success
[    3.609119] xilinx-zynqmp-dpdma fd4c0000.dma-controller: Xilinx DPDMA engine is probed
[    3.617669] ahci-ceva fd0c0000.ahci: supply ahci not found, using dummy regulator
[    3.625216] ahci-ceva fd0c0000.ahci: supply phy not found, using dummy regulator
[    3.715918] hmc7044 spi2.0: PLL1: Acquisition, CLKIN0 @ 122880000 Hz, PFD: 80 kHz - PLL2: Locked @ 2616.000000 MHz
[    3.726641] jesd204: /axi/spi@ff050000/hmc7044@0,jesd204:1,parent=spi2.0: Using as SYSREF provider
[    3.736226] spi-nor spi0.0: SPI-NOR-UniqueID 100000235394732200270025081115266e
[    3.743534] spi-nor spi0.0: found n25q512a, expected m25p80
[    3.749734] spi-nor spi0.0: trying to lock already unlocked area
[    3.755742] spi-nor spi0.0: n25q512a (131072 Kbytes)
[    3.760720] 4 fixed-partitions partitions found on MTD device spi0.0
[    3.767068] Creating 4 MTD partitions on "spi0.0":
[    3.771853] 0x000000000000-0x000000100000 : "qspi-fsbl-uboot"
[    3.778340] 0x000000100000-0x000000600000 : "qspi-linux"
[    3.784299] 0x000000600000-0x000000620000 : "qspi-device-tree"
[    3.790771] 0x000000620000-0x000000c00000 : "qspi-rootfs"
[    3.799244] macb ff0e0000.ethernet: Not enabling partial store and forward
[    3.806766] libphy: MACB_mii_bus: probed
[    3.811841] macb ff0e0000.ethernet eth0: Cadence GEM rev 0x50070106 at 0xff0e0000 irq 30 (00:0a:35:04:8e:1b)
[    3.822048] xilinx-axipmon ffa00000.perf-monitor: Probed Xilinx APM
[    3.828618] xilinx-axipmon fd0b0000.perf-monitor: Probed Xilinx APM
[    3.835134] xilinx-axipmon fd490000.perf-monitor: Probed Xilinx APM
[    3.841675] xilinx-axipmon ffa10000.perf-monitor: Probed Xilinx APM
[    3.851667] pca953x 0-0020: supply vcc not found, using dummy regulator
[    3.858352] pca953x 0-0020: using no AI
[    3.862841] gpio-496 (sel0): hogged as output/low
[    3.867745] gpio-497 (sel1): hogged as output/high
[    3.872736] gpio-498 (sel2): hogged as output/high
[    3.877724] gpio-499 (sel3): hogged as output/high
[    3.882901] pca953x 0-0021: supply vcc not found, using dummy regulator
[    3.889573] pca953x 0-0021: using no AI
[    3.895340] ina2xx 2-0040: power monitor ina226 (Rshunt = 5000 uOhm)
[    3.902368] ina2xx 2-0041: power monitor ina226 (Rshunt = 5000 uOhm)
[    3.909411] ina2xx 2-0042: power monitor ina226 (Rshunt = 5000 uOhm)
[    3.916444] ina2xx 2-0043: power monitor ina226 (Rshunt = 5000 uOhm)
[    3.923462] ina2xx 2-0044: power monitor ina226 (Rshunt = 5000 uOhm)
[    3.930488] ina2xx 2-0045: power monitor ina226 (Rshunt = 5000 uOhm)
[    3.937520] ina2xx 2-0046: power monitor ina226 (Rshunt = 5000 uOhm)
[    3.944594] ina2xx 2-0047: power monitor ina226 (Rshunt = 5000 uOhm)
[    3.951624] ina2xx 2-004a: power monitor ina226 (Rshunt = 5000 uOhm)
[    3.958650] ina2xx 2-004b: power monitor ina226 (Rshunt = 5000 uOhm)
[    3.965060] i2c i2c-0: Added multiplexed i2c bus 2
[    3.970445] random: fast init done
[    3.973918] ina2xx 3-0040: power monitor ina226 (Rshunt = 2000 uOhm)
[    3.980947] ina2xx 3-0041: power monitor ina226 (Rshunt = 5000 uOhm)
[    3.987980] ina2xx 3-0042: power monitor ina226 (Rshunt = 5000 uOhm)
[    3.995008] ina2xx 3-0043: power monitor ina226 (Rshunt = 5000 uOhm)
[    4.002030] ina2xx 3-0044: power monitor ina226 (Rshunt = 5000 uOhm)
[    4.009057] ina2xx 3-0045: power monitor ina226 (Rshunt = 5000 uOhm)
[    4.016088] ina2xx 3-0046: power monitor ina226 (Rshunt = 5000 uOhm)
[    4.023119] ina2xx 3-0047: power monitor ina226 (Rshunt = 5000 uOhm)
[    4.029518] i2c i2c-0: Added multiplexed i2c bus 3
[    4.085615] i2c i2c-0: Added multiplexed i2c bus 4
[    4.090555] i2c i2c-0: Added multiplexed i2c bus 5
[    4.095344] pca954x 0-0075: registered 4 multiplexed busses for I2C mux pca9544
[    4.102693] cdns-i2c ff020000.i2c: 400 kHz mmio ff020000 irq 32
[    4.110424] at24 6-0054: supply vcc not found, using dummy regulator
[    4.117320] at24 6-0054: 1024 byte 24c08 EEPROM, writable, 1 bytes/write
[    4.124073] i2c i2c-1: Added multiplexed i2c bus 6
[    4.130503] si5341 7-0036: Chip: 5341 Grade: 1 Rev: 1
[    4.168194] i2c i2c-1: Added multiplexed i2c bus 7
[    4.175846] si570 8-005d: registered, current frequency 300000000 Hz
[    4.182244] i2c i2c-1: Added multiplexed i2c bus 8
[    4.202018] si570 9-005d: registered, current frequency 148500000 Hz
[    4.208424] i2c i2c-1: Added multiplexed i2c bus 9
[    4.213460] si5324 10-0069: si5328 probed
[    4.280105] si5324 10-0069: si5328 probe successful
[    4.285036] i2c i2c-1: Added multiplexed i2c bus 10
[    4.290064] i2c i2c-1: Added multiplexed i2c bus 11
[    4.295092] i2c i2c-1: Added multiplexed i2c bus 12
[    4.300111] i2c i2c-1: Added multiplexed i2c bus 13
[    4.304991] pca954x 1-0074: registered 8 multiplexed busses for I2C switch pca9548
[    4.313099] at24 14-0050: supply vcc not found, using dummy regulator
[    4.319887] at24 14-0050: 256 byte 24c02 EEPROM, writable, 1 bytes/write
[    4.326635] i2c i2c-1: Added multiplexed i2c bus 14
[    4.331675] i2c i2c-1: Added multiplexed i2c bus 15
[    4.336708] i2c i2c-1: Added multiplexed i2c bus 16
[    4.341745] i2c i2c-1: Added multiplexed i2c bus 17
[    4.346776] i2c i2c-1: Added multiplexed i2c bus 18
[    4.351823] i2c i2c-1: Added multiplexed i2c bus 19
[    4.356861] i2c i2c-1: Added multiplexed i2c bus 20
[    4.361901] i2c i2c-1: Added multiplexed i2c bus 21
[    4.366775] pca954x 1-0075: registered 8 multiplexed busses for I2C switch pca9548
[    4.374384] cdns-i2c ff030000.i2c: 400 kHz mmio ff030000 irq 33
[    4.384139] cdns-wdt fd4d0000.watchdog: Xilinx Watchdog Timer with timeout 60s
[    4.395080] axi_adxcvr 84a60000.axi-adxcvr-rx: AXI-ADXCVR-RX (17.05.a) using CPLL on GTH4 at 0x84A60000. Number of lanes: 4.
[    4.407225] axi_adxcvr 84b60000.axi-adxcvr-tx: AXI-ADXCVR-TX (17.05.a) using QPLL on GTH4 at 0x84B60000. Number of lanes: 4.
[    4.418851] axi-jesd204-rx 84a90000.axi-jesd204-rx: AXI-JESD204-RX (1.07.a) at 0x84A90000. Encoder 8b10b, width 4/4, lanes 4, jesd204-fsm.
[    4.426166] mmc0: SDHCI controller on ff170000.mmc [ff170000.mmc] using ADMA 64-bit
[    4.431688] axi-jesd204-tx 84b90000.axi-jesd204-tx: AXI-JESD204-TX (1.06.a) at 0x84B90000. Encoder 8b10b, width 4/4, lanes 4, jesd204-fsm.
[    4.452416] zynqmp-display fd4a0000.display: vtc bridge property not present
[    4.462068] xilinx-dp-snd-codec fd4a0000.display:zynqmp_dp_snd_codec0: Failed to get required clock freq
[    4.471570] xilinx-dp-snd-codec: probe of fd4a0000.display:zynqmp_dp_snd_codec0 failed with error -22
[    4.473531] mmc0: new high speed SDHC card at address 0001
[    4.481111] xilinx-dp-snd-pcm zynqmp_dp_snd_pcm0: Xilinx DisplayPort Sound PCM probed
[    4.486624] mmcblk0: mmc0:0001 EB1QT 29.8 GiB 
[    4.494426] xilinx-dp-snd-pcm zynqmp_dp_snd_pcm1: Xilinx DisplayPort Sound PCM probed
[    4.499792]  mmcblk0: p1 p2 p3
[    4.506730] OF: graph: no port node found in /axi/display@fd4a0000
[    4.515808] xlnx-drm xlnx-drm.0: bound fd4a0000.display (ops 0xffffffc010fcbdb8)
[    5.599763] zynqmp-display fd4a0000.display: [drm] Cannot find any crtc or sizes
[    5.607379] [drm] Initialized xlnx 1.0.0 20130509 for fd4a0000.display on minor 0
[    5.614875] zynqmp-display fd4a0000.display: ZynqMP DisplayPort Subsystem driver probed
[    5.623199] ahci-ceva fd0c0000.ahci: supply ahci not found, using dummy regulator
[    5.630744] ahci-ceva fd0c0000.ahci: supply phy not found, using dummy regulator
[    5.638196] ahci-ceva fd0c0000.ahci: supply target not found, using dummy regulator
[    5.646033] ahci-ceva fd0c0000.ahci: AHCI 0001.0301 32 slots 2 ports 6 Gbps 0x3 impl platform mode
[    5.654989] ahci-ceva fd0c0000.ahci: flags: 64bit ncq sntf pm clo only pmp fbs pio slum part ccc sds apst 
[    5.665695] scsi host0: ahci-ceva
[    5.669284] scsi host1: ahci-ceva
[    5.672709] ata1: SATA max UDMA/133 mmio [mem 0xfd0c0000-0xfd0c1fff] port 0x100 irq 45
[    5.680621] ata2: SATA max UDMA/133 mmio [mem 0xfd0c0000-0xfd0c1fff] port 0x180 irq 45
[    5.689218] ad9081 spi1.0: supply vdd not found, using dummy regulator
[    6.001999] ata1: SATA link down (SStatus 0 SControl 330)
[    6.007420] ata2: SATA link down (SStatus 0 SControl 330)
[    6.683766] zynqmp-display fd4a0000.display: [drm] Cannot find any crtc or sizes
[    6.881213] ad9081 spi1.0: Invalid param passed., "ref_clk_hz < 100000000ULL" in adi_ad9081_device_clk_config_set(...), line554 in drivers/iio/adc/ad9081/adi_ad9081_device.c
[    7.548621] ad9081 spi1.0: AD9081 Rev. 2 Grade 10 (API 1.2.2) probed
[    7.555831] xhci-hcd xhci-hcd.1.auto: xHCI Host Controller
[    7.561326] xhci-hcd xhci-hcd.1.auto: new USB bus registered, assigned bus number 1
[    7.569073] xhci-hcd xhci-hcd.1.auto: hcc params 0x0238f625 hci version 0x100 quirks 0x0000000002010810
[    7.578487] xhci-hcd xhci-hcd.1.auto: irq 59, io mem 0xfe200000
[    7.584594] usb usb1: New USB device found, idVendor=1d6b, idProduct=0002, bcdDevice= 5.10
[    7.592853] usb usb1: New USB device strings: Mfr=3, Product=2, SerialNumber=1
[    7.600070] usb usb1: Product: xHCI Host Controller
[    7.604940] usb usb1: Manufacturer: Linux 5.10.0-98103-g2aa7ac113716 xhci-hcd
[    7.612066] usb usb1: SerialNumber: xhci-hcd.1.auto
[    7.617234] hub 1-0:1.0: USB hub found
[    7.621001] hub 1-0:1.0: 1 port detected
[    7.625105] xhci-hcd xhci-hcd.1.auto: xHCI Host Controller
[    7.630586] xhci-hcd xhci-hcd.1.auto: new USB bus registered, assigned bus number 2
[    7.638243] xhci-hcd xhci-hcd.1.auto: Host supports USB 3.0 SuperSpeed
[    7.644869] usb usb2: New USB device found, idVendor=1d6b, idProduct=0003, bcdDevice= 5.10
[    7.653126] usb usb2: New USB device strings: Mfr=3, Product=2, SerialNumber=1
[    7.660345] usb usb2: Product: xHCI Host Controller
[    7.665213] usb usb2: Manufacturer: Linux 5.10.0-98103-g2aa7ac113716 xhci-hcd
[    7.672343] usb usb2: SerialNumber: xhci-hcd.1.auto
[    7.677456] hub 2-0:1.0: USB hub found
[    7.681219] hub 2-0:1.0: 1 port detected
[    7.711264] cf_axi_adc 84a10000.axi-ad9081-rx-hpc: ADI AIM (10.01.b) at 0x84A10000 mapped to 0x(____ptrval____), probed ADC AD9081 as MASTER
[    7.744583] cf_axi_dds 84b10000.axi-ad9081-tx-hpc: Analog Devices CF_AXI_DDS_DDS MASTER (9.01.b) at 0x84B10000 mapped to 0x(____ptrval____), probed DDS AD9081
[    7.758784] jesd204: /axi/spi@ff040000/ad9081@0,jesd204:0,parent=spi1.0: JESD204[2] transition initialized -> probed
[    7.769304] jesd204: /axi/spi@ff040000/ad9081@0,jesd204:0,parent=spi1.0: JESD204[0] transition initialized -> probed
[    7.779826] jesd204: /axi/spi@ff040000/ad9081@0,jesd204:0,parent=spi1.0: JESD204[2] transition probed -> idle
[    7.789736] jesd204: /axi/spi@ff040000/ad9081@0,jesd204:0,parent=spi1.0: JESD204[0] transition probed -> idle
[    7.799650] jesd204: /axi/spi@ff040000/ad9081@0,jesd204:0,parent=spi1.0: JESD204[2] transition idle -> device_init
[    7.809992] jesd204: /axi/spi@ff040000/ad9081@0,jesd204:0,parent=spi1.0: JESD204[0] transition idle -> device_init
[    7.820345] jesd204: /axi/spi@ff040000/ad9081@0,jesd204:0,parent=spi1.0: JESD204[2] transition device_init -> link_init
[    7.831119] jesd204: /axi/spi@ff040000/ad9081@0,jesd204:0,parent=spi1.0: JESD204[0] transition device_init -> link_init
[    7.841911] jesd204: /axi/spi@ff040000/ad9081@0,jesd204:0,parent=spi1.0: JESD204[2] transition link_init -> link_supported
[    7.852950] jesd204: /axi/spi@ff040000/ad9081@0,jesd204:0,parent=spi1.0: JESD204[0] transition link_init -> link_supported
[    7.864358] hmc7044 spi2.0: hmc7044_jesd204_link_pre_setup: Link2 forcing continuous SYSREF mode
[    7.873511] axi-jesd204-tx 84b90000.axi-jesd204-tx: axi_jesd204_tx_jesd204_link_pre_setup: Link0 set lane rate 8720000 kHz failed (-22)
[    7.885684] jesd204: /fpga-axi@0/axi-jesd204-tx@84b90000,jesd204:5,parent=84b90000.axi-jesd204-tx: JESD204[0] In link_pre_setup got error from cb: -22
[    7.899155] jesd204: /axi/spi@ff040000/ad9081@0,jesd204:0,parent=spi1.0: Rolling back from 'link_supported', got error -22
[    7.910204] jesd204: /axi/spi@ff040000/ad9081@0,jesd204:0,parent=spi1.0: JESD204[0] transition link_supported -> link_pre_setup
[    7.921678] jesd204: /axi/spi@ff040000/ad9081@0,jesd204:0,parent=spi1.0: JESD204[2] transition link_supported -> link_pre_setup
[    7.933155] jesd204: /axi/spi@ff040000/ad9081@0,jesd204:0,parent=spi1.0: JESD204[0] transition link_pre_setup -> link_supported
[    7.944628] jesd204: /axi/spi@ff040000/ad9081@0,jesd204:0,parent=spi1.0: JESD204[2] transition link_pre_setup -> link_supported
[    7.956105] jesd204: /axi/spi@ff040000/ad9081@0,jesd204:0,parent=spi1.0: JESD204[0] transition link_supported -> link_init
[    7.967143] jesd204: /axi/spi@ff040000/ad9081@0,jesd204:0,parent=spi1.0: JESD204[2] transition link_supported -> link_init
[    7.978190] jesd204: /axi/spi@ff040000/ad9081@0,jesd204:0,parent=spi1.0: JESD204[0] transition link_init -> device_init
[    7.988969] jesd204: /axi/spi@ff040000/ad9081@0,jesd204:0,parent=spi1.0: JESD204[2] transition link_init -> device_init
[    7.999749] jesd204: /axi/spi@ff040000/ad9081@0,jesd204:0,parent=spi1.0: JESD204[0] transition device_init -> idle
[    8.010092] jesd204: /axi/spi@ff040000/ad9081@0,jesd204:0,parent=spi1.0: JESD204[2] transition device_init -> idle
[    8.020443] jesd204: /axi/spi@ff040000/ad9081@0,jesd204:0,parent=spi1.0: JESD204[2] transition idle -> idle
[    8.030179] jesd204: /axi/spi@ff040000/ad9081@0,jesd204:0,parent=spi1.0: JESD204[0] transition idle -> idle
[    8.039920] jesd204: /axi/spi@ff040000/ad9081@0,jesd204:0,parent=spi1.0: JESD204[2] transition idle -> device_init
[    8.050263] jesd204: /axi/spi@ff040000/ad9081@0,jesd204:0,parent=spi1.0: JESD204[0] transition idle -> device_init
[    8.060613] jesd204: /axi/spi@ff040000/ad9081@0,jesd204:0,parent=spi1.0: JESD204[2] transition device_init -> link_init
[    8.071396] jesd204: /axi/spi@ff040000/ad9081@0,jesd204:0,parent=spi1.0: JESD204[0] transition device_init -> link_init
[    8.082179] jesd204: /axi/spi@ff040000/ad9081@0,jesd204:0,parent=spi1.0: JESD204[2] transition link_init -> link_supported
[    8.093219] jesd204: /axi/spi@ff040000/ad9081@0,jesd204:0,parent=spi1.0: JESD204[0] transition link_init -> link_supported
[    8.104599] axi-jesd204-tx 84b90000.axi-jesd204-tx: axi_jesd204_tx_jesd204_link_pre_setup: Link0 set lane rate 8720000 kHz failed (-22)
[    8.116775] jesd204: /fpga-axi@0/axi-jesd204-tx@84b90000,jesd204:5,parent=84b90000.axi-jesd204-tx: JESD204[0] In link_pre_setup got error from cb: -22
[    8.130241] jesd204: /axi/spi@ff040000/ad9081@0,jesd204:0,parent=spi1.0: Rolling back from 'link_supported', got error -22
[    8.141285] jesd204: /axi/spi@ff040000/ad9081@0,jesd204:0,parent=spi1.0: JESD204[0] transition link_supported -> link_pre_setup
[    8.152759] jesd204: /axi/spi@ff040000/ad9081@0,jesd204:0,parent=spi1.0: JESD204[2] transition link_supported -> link_pre_setup
[    8.164235] jesd204: /axi/spi@ff040000/ad9081@0,jesd204:0,parent=spi1.0: JESD204[0] transition link_pre_setup -> link_supported
[    8.175706] jesd204: /axi/spi@ff040000/ad9081@0,jesd204:0,parent=spi1.0: JESD204[2] transition link_pre_setup -> link_supported
[    8.187184] jesd204: /axi/spi@ff040000/ad9081@0,jesd204:0,parent=spi1.0: JESD204[0] transition link_supported -> link_init
[    8.198221] jesd204: /axi/spi@ff040000/ad9081@0,jesd204:0,parent=spi1.0: JESD204[2] transition link_supported -> link_init
[    8.209269] jesd204: /axi/spi@ff040000/ad9081@0,jesd204:0,parent=spi1.0: JESD204[0] transition link_init -> device_init
[    8.220044] jesd204: /axi/spi@ff040000/ad9081@0,jesd204:0,parent=spi1.0: JESD204[2] transition link_init -> device_init
[    8.230827] jesd204: /axi/spi@ff040000/ad9081@0,jesd204:0,parent=spi1.0: JESD204[0] transition device_init -> idle
[    8.241175] jesd204: /axi/spi@ff040000/ad9081@0,jesd204:0,parent=spi1.0: JESD204[2] transition device_init -> idle
[    8.251523] jesd204: /axi/spi@ff040000/ad9081@0,jesd204:0,parent=spi1.0: JESD204[2] transition idle -> idle
[    8.261257] jesd204: /axi/spi@ff040000/ad9081@0,jesd204:0,parent=spi1.0: JESD204[0] transition idle -> idle
[    8.270998] jesd204: /axi/spi@ff040000/ad9081@0,jesd204:0,parent=spi1.0: JESD204[2] transition idle -> device_init
[    8.281342] jesd204: /axi/spi@ff040000/ad9081@0,jesd204:0,parent=spi1.0: JESD204[0] transition idle -> device_init
[    8.291692] jesd204: /axi/spi@ff040000/ad9081@0,jesd204:0,parent=spi1.0: JESD204[2] transition device_init -> link_init
[    8.302469] jesd204: /axi/spi@ff040000/ad9081@0,jesd204:0,parent=spi1.0: JESD204[0] transition device_init -> link_init
[    8.313257] jesd204: /axi/spi@ff040000/ad9081@0,jesd204:0,parent=spi1.0: JESD204[2] transition link_init -> link_supported
[    8.324300] jesd204: /axi/spi@ff040000/ad9081@0,jesd204:0,parent=spi1.0: JESD204[0] transition link_init -> link_supported
[    8.335637] axi-jesd204-tx 84b90000.axi-jesd204-tx: axi_jesd204_tx_jesd204_link_pre_setup: Link0 set lane rate 8720000 kHz failed (-22)
[    8.347807] jesd204: /fpga-axi@0/axi-jesd204-tx@84b90000,jesd204:5,parent=84b90000.axi-jesd204-tx: JESD204[0] In link_pre_setup got error from cb: -22
[    8.361277] jesd204: /axi/spi@ff040000/ad9081@0,jesd204:0,parent=spi1.0: Rolling back from 'link_supported', got error -22
[    8.372325] jesd204: /axi/spi@ff040000/ad9081@0,jesd204:0,parent=spi1.0: JESD204[0] transition link_supported -> link_pre_setup
[    8.383801] jesd204: /axi/spi@ff040000/ad9081@0,jesd204:0,parent=spi1.0: JESD204[2] transition link_supported -> link_pre_setup
[    8.395279] jesd204: /axi/spi@ff040000/ad9081@0,jesd204:0,parent=spi1.0: JESD204[0] transition link_pre_setup -> link_supported
[    8.406750] jesd204: /axi/spi@ff040000/ad9081@0,jesd204:0,parent=spi1.0: JESD204[2] transition link_pre_setup -> link_supported
[    8.418228] jesd204: /axi/spi@ff040000/ad9081@0,jesd204:0,parent=spi1.0: JESD204[0] transition link_supported -> link_init
[    8.429266] jesd204: /axi/spi@ff040000/ad9081@0,jesd204:0,parent=spi1.0: JESD204[2] transition link_supported -> link_init
[    8.440312] jesd204: /axi/spi@ff040000/ad9081@0,jesd204:0,parent=spi1.0: JESD204[0] transition link_init -> device_init
[    8.451090] jesd204: /axi/spi@ff040000/ad9081@0,jesd204:0,parent=spi1.0: JESD204[2] transition link_init -> device_init
[    8.461872] jesd204: /axi/spi@ff040000/ad9081@0,jesd204:0,parent=spi1.0: JESD204[0] transition device_init -> idle
[    8.472215] jesd204: /axi/spi@ff040000/ad9081@0,jesd204:0,parent=spi1.0: JESD204[2] transition device_init -> idle
[    8.482565] jesd204: /axi/spi@ff040000/ad9081@0,jesd204:0,parent=spi1.0: JESD204[2] transition idle -> idle
[    8.492301] jesd204: /axi/spi@ff040000/ad9081@0,jesd204:0,parent=spi1.0: JESD204[0] transition idle -> idle
[    8.502047] jesd204: /axi/spi@ff040000/ad9081@0,jesd204:0,parent=spi1.0: JESD204[2] transition idle -> device_init
[    8.512396] jesd204: /axi/spi@ff040000/ad9081@0,jesd204:0,parent=spi1.0: JESD204[0] transition idle -> device_init
[    8.522745] jesd204: /axi/spi@ff040000/ad9081@0,jesd204:0,parent=spi1.0: JESD204[2] transition device_init -> link_init
[    8.533522] jesd204: /axi/spi@ff040000/ad9081@0,jesd204:0,parent=spi1.0: JESD204[0] transition device_init -> link_init
[    8.544310] jesd204: /axi/spi@ff040000/ad9081@0,jesd204:0,parent=spi1.0: JESD204[2] transition link_init -> link_supported
[    8.555353] jesd204: /axi/spi@ff040000/ad9081@0,jesd204:0,parent=spi1.0: JESD204[0] transition link_init -> link_supported
[    8.566690] axi-jesd204-tx 84b90000.axi-jesd204-tx: axi_jesd204_tx_jesd204_link_pre_setup: Link0 set lane rate 8720000 kHz failed (-22)
[    8.578860] jesd204: /fpga-axi@0/axi-jesd204-tx@84b90000,jesd204:5,parent=84b90000.axi-jesd204-tx: JESD204[0] In link_pre_setup got error from cb: -22
[    8.592330] jesd204: /axi/spi@ff040000/ad9081@0,jesd204:0,parent=spi1.0: Rolling back from 'link_supported', got error -22
[    8.603372] jesd204: /axi/spi@ff040000/ad9081@0,jesd204:0,parent=spi1.0: JESD204[0] transition link_supported -> link_pre_setup
[    8.614844] jesd204: /axi/spi@ff040000/ad9081@0,jesd204:0,parent=spi1.0: JESD204[2] transition link_supported -> link_pre_setup
[    8.626327] jesd204: /axi/spi@ff040000/ad9081@0,jesd204:0,parent=spi1.0: JESD204[0] transition link_pre_setup -> link_supported
[    8.637804] jesd204: /axi/spi@ff040000/ad9081@0,jesd204:0,parent=spi1.0: JESD204[2] transition link_pre_setup -> link_supported
[    8.649281] jesd204: /axi/spi@ff040000/ad9081@0,jesd204:0,parent=spi1.0: JESD204[0] transition link_supported -> link_init
[    8.660319] jesd204: /axi/spi@ff040000/ad9081@0,jesd204:0,parent=spi1.0: JESD204[2] transition link_supported -> link_init
[    8.671366] jesd204: /axi/spi@ff040000/ad9081@0,jesd204:0,parent=spi1.0: JESD204[0] transition link_init -> device_init
[    8.682141] jesd204: /axi/spi@ff040000/ad9081@0,jesd204:0,parent=spi1.0: JESD204[2] transition link_init -> device_init
[    8.692924] jesd204: /axi/spi@ff040000/ad9081@0,jesd204:0,parent=spi1.0: JESD204[0] transition device_init -> idle
[    8.703268] jesd204: /axi/spi@ff040000/ad9081@0,jesd204:0,parent=spi1.0: JESD204[2] transition device_init -> idle
[    8.713614] jesd204: /axi/spi@ff040000/ad9081@0,jesd204:0,parent=spi1.0: FSM completed with error -22
[    8.732068] input: gpio-keys as /devices/platform/gpio-keys/input/input0
[    8.739088] of_cfs_init
[    8.741554] of_cfs_init: OK
[    8.744495] cfg80211: Loading compiled-in X.509 certificates for regulatory database
[    8.882725] cfg80211: Loaded X.509 cert 'sforshee: 00b28ddf47aef9cea7'
[    8.889262] clk: Not disabling unused clocks
[    8.893793] ALSA device list:
[    8.896760]   No soundcards found.
[    8.900420] platform regulatory.0: Direct firmware load for regulatory.db failed with error -2
[    8.909029] cfg80211: failed to load regulatory.db
[    8.924180] EXT4-fs (mmcblk0p2): mounted filesystem with ordered data mode. Opts: (null)
[    8.932293] VFS: Mounted root (ext4 filesystem) on device 179:2.
[    8.945934] devtmpfs: mounted
[    8.949752] Freeing unused kernel memory: 2560K
[    8.963801] Run /sbin/init as init process
[    8.967893]   with arguments:
[    8.967896]     /sbin/init
[    8.967898]   with environment:
[    8.967901]     HOME=/
[    8.967903]     TERM=linux
[    9.546379] systemd[1]: systemd 241 running in system mode. (+PAM +AUDIT +SELINUX +IMA +APPARMOR +SMACK +SYSVINIT +UTMP +LIBCRYPTSETUP +GCRYPT +GNUTLS +ACL +XZ +LZ4 +SECCOMP +BLKID +ELFUTILS +KMOD -IDN2 +IDN -PCRE2 default-hierarchy=hybrid)
[    9.568261] systemd[1]: Detected architecture arm64.
[    9.592490] systemd[1]: Set hostname to <analog>.
[    9.780101] systemd[1]: File /lib/systemd/system/systemd-journald.service:12 configures an IP firewall (IPAddressDeny=any), but the local system does not support BPF/cgroup based firewalling.
[    9.797145] systemd[1]: Proceeding WITHOUT firewalling in effect! (This warning is only shown for the first loaded unit using IP firewalling.)
[    9.961866] systemd[1]: /etc/systemd/system/tof-server.service:1: Assignment outside of section. Ignoring.
[    9.971586] systemd[1]: /etc/systemd/system/tof-server.service:2: Assignment outside of section. Ignoring.
[   10.156575] random: systemd: uninitialized urandom read (16 bytes read)
[   10.171396] random: systemd: uninitialized urandom read (16 bytes read)
[   10.178480] systemd[1]: Listening on udev Control Socket.
[   10.199823] random: systemd: uninitialized urandom read (16 bytes read)
[   10.207010] systemd[1]: Created slice system-getty.slice.
[   10.227997] systemd[1]: Created slice User and Session Slice.
[   11.032401] EXT4-fs (mmcblk0p2): re-mounted. Opts: (null)
[   11.192638] systemd-journald[163]: Received request to flush runtime journal from PID 1
[   16.613357] random: crng init done
[   16.613367] random: 7 urandom warning(s) missed due to ratelimiting
[   17.053871] macb ff0e0000.ethernet eth0: PHY [ff0e0000.ethernet-ffffffff:0c] driver [TI DP83867] (irq=POLL)
[   17.053884] macb ff0e0000.ethernet eth0: configuring for phy/rgmii-id link mode
[   17.303786] Adding 93180k swap on /var/swap.  Priority:-2 extents:2 across:634096k SS
[   19.918915] broken atomic modeset userspace detected, disabling atomic
[   20.129386] macb ff0e0000.ethernet eth0: Link is Up - 1Gbps/Full - flow control off
[   20.129411] IPv6: ADDRCONF(NETDEV_CHANGE): eth0: link becomes ready
[   22.586498] broken atomic modeset userspace detected, disabling atomic
[   25.448499] broken atomic modeset userspace detected, disabling atomic
[   28.084001] broken atomic modeset userspace detected, disabling atomic