[    0.000000] Booting Linux on physical CPU 0x0000000000 [0x410fd034]
[    0.000000] Linux version 5.10.0-98103-g2aa7ac113716 (jenkins@romlxbuild1.adlk.analog.com) (aarch64-xilinx-linux-gcc.real (GCC) 10.2.0, GNU ld (GNU Binutils) 2.35.0.20200730) #5577 SMP Wed Mar 23 07:28:49 GMT 2022
[    0.000000] Machine model: ZynqMP ZCU102 Rev1.0
[    0.000000] earlycon: cdns0 at MMIO 0x00000000ff000000 (options '115200n8')
[    0.000000] printk: bootconsole [cdns0] enabled
[    0.000000] efi: UEFI not found.
[    0.000000] cma: Reserved 256 MiB at 0x0000000070000000
[    0.000000] Zone ranges:
[    0.000000]   DMA      [mem 0x0000000000000000-0x000000003fffffff]
[    0.000000]   DMA32    [mem 0x0000000040000000-0x00000000ffffffff]
[    0.000000]   Normal   [mem 0x0000000100000000-0x000000087fffffff]
[    0.000000] Movable zone start for each node
[    0.000000] Early memory node ranges
[    0.000000]   node   0: [mem 0x0000000000000000-0x000000007fffffff]
[    0.000000]   node   0: [mem 0x0000000800000000-0x000000087fffffff]
[    0.000000] Initmem setup node 0 [mem 0x0000000000000000-0x000000087fffffff]
[    0.000000] On node 0 totalpages: 1048576
[    0.000000]   DMA zone: 3584 pages used for memmap
[    0.000000]   DMA zone: 0 pages reserved
[    0.000000]   DMA zone: 262144 pages, LIFO batch:63
[    0.000000]   DMA32 zone: 3584 pages used for memmap
[    0.000000]   DMA32 zone: 262144 pages, LIFO batch:63
[    0.000000]   Normal zone: 7168 pages used for memmap
[    0.000000]   Normal zone: 524288 pages, LIFO batch:63
[    0.000000] psci: probing for conduit method from DT.
[    0.000000] psci: PSCIv1.1 detected in firmware.
[    0.000000] psci: Using standard PSCI v0.2 function IDs
[    0.000000] psci: MIGRATE_INFO_TYPE not supported.
[    0.000000] psci: SMC Calling Convention v1.2
[    0.000000] percpu: Embedded 22 pages/cpu s49496 r8192 d32424 u90112
[    0.000000] pcpu-alloc: s49496 r8192 d32424 u90112 alloc=22*4096
[    0.000000] pcpu-alloc: [0] 0 [0] 1 [0] 2 [0] 3 
[    0.000000] Detected VIPT I-cache on CPU0
[    0.000000] CPU features: detected: ARM erratum 845719
[    0.000000] Built 1 zonelists, mobility grouping on.  Total pages: 1034240
[    0.000000] Kernel command line: console=ttyPS0,115200 root=/dev/mmcblk0p2 rw earlycon rootfstype=ext4 rootwait clk_ignore_unused cpuidle.off=1 root=/dev/mmcblk0p2 rw rootwait
[    0.000000] Dentry cache hash table entries: 524288 (order: 10, 4194304 bytes, linear)
[    0.000000] Inode-cache hash table entries: 262144 (order: 9, 2097152 bytes, linear)
[    0.000000] mem auto-init: stack:off, heap alloc:off, heap free:off
[    0.000000] software IO TLB: mapped [mem 0x000000003bfff000-0x000000003ffff000] (64MB)
[    0.000000] Memory: 3761904K/4194304K available (15296K kernel code, 1636K rwdata, 11876K rodata, 2560K init, 507K bss, 170256K reserved, 262144K cma-reserved)
[    0.000000] rcu: Hierarchical RCU implementation.
[    0.000000] rcu: 	RCU event tracing is enabled.
[    0.000000] rcu: 	RCU restricting CPUs from NR_CPUS=8 to nr_cpu_ids=4.
[    0.000000] rcu: RCU calculated value of scheduler-enlistment delay is 25 jiffies.
[    0.000000] rcu: Adjusting geometry for rcu_fanout_leaf=16, nr_cpu_ids=4
[    0.000000] NR_IRQS: 64, nr_irqs: 64, preallocated irqs: 0
[    0.000000] GIC: Adjusting CPU interface base to 0x00000000f902f000
[    0.000000] GIC: Using split EOI/Deactivate mode
[    0.000000] random: get_random_bytes called from start_kernel+0x31c/0x54c with crng_init=0
[    0.000000] arch_timer: cp15 timer(s) running at 100.00MHz (phys).
[    0.000000] clocksource: arch_sys_counter: mask: 0xffffffffffffff max_cycles: 0x171024e7e0, max_idle_ns: 440795205315 ns
[    0.000004] sched_clock: 56 bits at 100MHz, resolution 10ns, wraps every 4398046511100ns
[    0.008464] Console: colour dummy device 80x25
[    0.012483] Calibrating delay loop (skipped), value calculated using timer frequency.. 200.00 BogoMIPS (lpj=400000)
[    0.022840] pid_max: default: 32768 minimum: 301
[    0.027549] Mount-cache hash table entries: 8192 (order: 4, 65536 bytes, linear)
[    0.034789] Mountpoint-cache hash table entries: 8192 (order: 4, 65536 bytes, linear)
[    0.043397] rcu: Hierarchical SRCU implementation.
[    0.047562] EFI services will not be available.
[    0.051940] smp: Bringing up secondary CPUs ...
[    0.056658] Detected VIPT I-cache on CPU1
[    0.056697] CPU1: Booted secondary processor 0x0000000001 [0x410fd034]
[    0.057062] Detected VIPT I-cache on CPU2
[    0.057087] CPU2: Booted secondary processor 0x0000000002 [0x410fd034]
[    0.057426] Detected VIPT I-cache on CPU3
[    0.057449] CPU3: Booted secondary processor 0x0000000003 [0x410fd034]
[    0.057495] smp: Brought up 1 node, 4 CPUs
[    0.091780] SMP: Total of 4 processors activated.
[    0.096452] CPU features: detected: 32-bit EL0 Support
[    0.101556] CPU features: detected: CRC32 instructions
[    0.106696] CPU: All CPU(s) started at EL2
[    0.110737] alternatives: patching kernel code
[    0.116166] devtmpfs: initialized
[    0.124065] Registered cp15_barrier emulation handler
[    0.124117] Registered setend emulation handler
[    0.128092] clocksource: jiffies: mask: 0xffffffff max_cycles: 0xffffffff, max_idle_ns: 7645041785100000 ns
[    0.137670] futex hash table entries: 1024 (order: 4, 65536 bytes, linear)
[    0.151034] pinctrl core: initialized pinctrl subsystem
[    0.151681] NET: Registered protocol family 16
[    0.156103] DMA: preallocated 512 KiB GFP_KERNEL pool for atomic allocations
[    0.162116] DMA: preallocated 512 KiB GFP_KERNEL|GFP_DMA pool for atomic allocations
[    0.169842] DMA: preallocated 512 KiB GFP_KERNEL|GFP_DMA32 pool for atomic allocations
[    0.177645] audit: initializing netlink subsys (disabled)
[    0.183096] audit: type=2000 audit(0.116:1): state=initialized audit_enabled=0 res=1
[    0.183439] hw-breakpoint: found 6 breakpoint and 4 watchpoint registers.
[    0.197472] ASID allocator initialised with 65536 entries
[    0.224377] HugeTLB registered 1.00 GiB page size, pre-allocated 0 pages
[    0.225429] HugeTLB registered 32.0 MiB page size, pre-allocated 0 pages
[    0.232099] HugeTLB registered 2.00 MiB page size, pre-allocated 0 pages
[    0.238764] HugeTLB registered 64.0 KiB page size, pre-allocated 0 pages
[    1.304261] DRBG: Continuing without Jitter RNG
[    1.382157] raid6: neonx8   gen()  2139 MB/s
[    1.450201] raid6: neonx8   xor()  1599 MB/s
[    1.518262] raid6: neonx4   gen()  2196 MB/s
[    1.586312] raid6: neonx4   xor()  1567 MB/s
[    1.654383] raid6: neonx2   gen()  2076 MB/s
[    1.722425] raid6: neonx2   xor()  1442 MB/s
[    1.790492] raid6: neonx1   gen()  1772 MB/s
[    1.858538] raid6: neonx1   xor()  1220 MB/s
[    1.926594] raid6: int64x8  gen()  1438 MB/s
[    1.994651] raid6: int64x8  xor()   771 MB/s
[    2.062716] raid6: int64x4  gen()  1599 MB/s
[    2.130777] raid6: int64x4  xor()   814 MB/s
[    2.198843] raid6: int64x2  gen()  1397 MB/s
[    2.266887] raid6: int64x2  xor()   750 MB/s
[    2.334958] raid6: int64x1  gen()  1034 MB/s
[    2.403025] raid6: int64x1  xor()   517 MB/s
[    2.403063] raid6: using algorithm neonx4 gen() 2196 MB/s
[    2.407021] raid6: .... xor() 1567 MB/s, rmw enabled
[    2.411952] raid6: using neon recovery algorithm
[    2.416964] iommu: Default domain type: Translated 
[    2.421577] SCSI subsystem initialized
[    2.425121] libata version 3.00 loaded.
[    2.425246] usbcore: registered new interface driver usbfs
[    2.430578] usbcore: registered new interface driver hub
[    2.435851] usbcore: registered new device driver usb
[    2.440984] mc: Linux media interface: v0.10
[    2.445101] videodev: Linux video capture interface: v2.00
[    2.450592] EDAC MC: Ver: 3.0.0
[    2.454035] zynqmp-ipi-mbox mailbox@ff990400: Registered ZynqMP IPI mbox with TX/RX channels.
[    2.462529] jesd204: created con: id=0, topo=0, link=0, /axi/spi@ff050000/hmc7044@0 <-> /fpga-axi@0/axi-adxcvr-tx@84b60000
[    2.473120] jesd204: created con: id=1, topo=0, link=2, /axi/spi@ff050000/hmc7044@0 <-> /fpga-axi@0/axi-adxcvr-rx@84a60000
[    2.484105] jesd204: created con: id=2, topo=0, link=0, /fpga-axi@0/axi-adxcvr-tx@84b60000 <-> /fpga-axi@0/axi-jesd204-tx@84b90000
[    2.495780] jesd204: created con: id=3, topo=0, link=2, /fpga-axi@0/axi-adxcvr-rx@84a60000 <-> /fpga-axi@0/axi-jesd204-rx@84a90000
[    2.507458] jesd204: created con: id=4, topo=0, link=0, /fpga-axi@0/axi-jesd204-tx@84b90000 <-> /fpga-axi@0/axi-ad9081-tx-hpc@84b10000
[    2.519485] jesd204: created con: id=5, topo=0, link=2, /fpga-axi@0/axi-jesd204-rx@84a90000 <-> /fpga-axi@0/axi-ad9081-rx-hpc@84a10000
[    2.531507] jesd204: created con: id=6, topo=0, link=2, /fpga-axi@0/axi-ad9081-rx-hpc@84a10000 <-> /axi/spi@ff040000/ad9081@0
[    2.542749] jesd204: created con: id=7, topo=0, link=0, /fpga-axi@0/axi-ad9081-tx-hpc@84b10000 <-> /axi/spi@ff040000/ad9081@0
[    2.553999] jesd204: /axi/spi@ff040000/ad9081@0: JESD204[2] transition uninitialized -> initialized
[    2.562986] jesd204: /axi/spi@ff040000/ad9081@0: JESD204[0] transition uninitialized -> initialized
[    2.571977] jesd204: found 8 devices and 1 topologies
[    2.577021] FPGA manager framework
[    2.580499] Advanced Linux Sound Architecture Driver Initialized.
[    2.586793] Bluetooth: Core ver 2.22
[    2.589981] NET: Registered protocol family 31
[    2.594382] Bluetooth: HCI device and connection manager initialized
[    2.600698] Bluetooth: HCI socket layer initialized
[    2.605540] Bluetooth: L2CAP socket layer initialized
[    2.610564] Bluetooth: SCO socket layer initialized
[    2.615749] clocksource: Switched to clocksource arch_sys_counter
[    2.621557] VFS: Disk quotas dquot_6.6.0
[    2.625390] VFS: Dquot-cache hash table entries: 512 (order 0, 4096 bytes)
[    2.636106] NET: Registered protocol family 2
[    2.636835] tcp_listen_portaddr_hash hash table entries: 2048 (order: 3, 32768 bytes, linear)
[    2.645031] TCP established hash table entries: 32768 (order: 6, 262144 bytes, linear)
[    2.653056] TCP bind hash table entries: 32768 (order: 7, 524288 bytes, linear)
[    2.660501] TCP: Hash tables configured (established 32768 bind 32768)
[    2.666677] UDP hash table entries: 2048 (order: 4, 65536 bytes, linear)
[    2.673342] UDP-Lite hash table entries: 2048 (order: 4, 65536 bytes, linear)
[    2.680503] NET: Registered protocol family 1
[    2.684960] RPC: Registered named UNIX socket transport module.
[    2.690579] RPC: Registered udp transport module.
[    2.695243] RPC: Registered tcp transport module.
[    2.699913] RPC: Registered tcp NFSv4.1 backchannel transport module.
[    2.706902] PCI: CLS 0 bytes, default 64
[    2.710614] hw perfevents: no interrupt-affinity property for /pmu, guessing.
[    2.717464] hw perfevents: enabled with armv8_pmuv3 PMU driver, 7 counters available
[    2.725816] Initialise system trusted keyrings
[    2.729492] workingset: timestamp_bits=62 max_order=20 bucket_order=0
[    2.736394] NFS: Registering the id_resolver key type
[    2.740842] Key type id_resolver registered
[    2.744981] Key type id_legacy registered
[    2.748971] nfs4filelayout_init: NFSv4 File Layout Driver Registering...
[    2.755637] jffs2: version 2.2. (NAND) (SUMMARY)  Â© 2001-2006 Red Hat, Inc.
[    2.799652] NET: Registered protocol family 38
[    2.799695] xor: measuring software checksum speed
[    2.807387]    8regs           :  2363 MB/sec
[    2.811056]    32regs          :  2799 MB/sec
[    2.816001]    arm64_neon      :  2380 MB/sec
[    2.816188] xor: using function: 32regs (2799 MB/sec)
[    2.821214] Key type asymmetric registered
[    2.825276] Asymmetric key parser 'x509' registered
[    2.830136] Block layer SCSI generic (bsg) driver version 0.4 loaded (major 248)
[    2.837473] io scheduler mq-deadline registered
[    2.841970] io scheduler kyber registered
[    2.871370] Serial: 8250/16550 driver, 4 ports, IRQ sharing disabled
[    2.876018] cacheinfo: Unable to detect cache hierarchy for CPU 0
[    2.882336] brd: module loaded
[    2.886478] loop: module loaded
[    2.887026] Registered mathworks_ip class
[    2.890376] libphy: Fixed MDIO Bus: probed
[    2.893357] tun: Universal TUN/TAP device driver, 1.6
[    2.897420] CAN device driver interface
[    2.901951] usbcore: registered new interface driver asix
[    2.906552] usbcore: registered new interface driver ax88179_178a
[    2.912584] usbcore: registered new interface driver cdc_ether
[    2.918376] usbcore: registered new interface driver net1080
[    2.924001] usbcore: registered new interface driver cdc_subset
[    2.929882] usbcore: registered new interface driver zaurus
[    2.935426] usbcore: registered new interface driver cdc_ncm
[    2.941828] ehci_hcd: USB 2.0 'Enhanced' Host Controller (EHCI) Driver
[    2.947512] ehci-pci: EHCI PCI platform driver
[    2.952311] usbcore: registered new interface driver uas
[    2.957230] usbcore: registered new interface driver usb-storage
[    2.963217] usbcore: registered new interface driver usbserial_generic
[    2.969666] usbserial: USB Serial support registered for generic
[    2.975639] usbcore: registered new interface driver ftdi_sio
[    2.981342] usbserial: USB Serial support registered for FTDI USB Serial Device
[    2.988619] usbcore: registered new interface driver upd78f0730
[    2.994490] usbserial: USB Serial support registered for upd78f0730
[    3.002142] rtc_zynqmp ffa60000.rtc: registered as rtc0
[    3.005915] rtc_zynqmp ffa60000.rtc: setting system clock to 2022-03-26T03:25:48 UTC (1648265148)
[    3.014778] i2c /dev entries driver
[    3.020094] usbcore: registered new interface driver uvcvideo
[    3.023891] USB Video Class driver (1.1.1)
[    3.029463] Bluetooth: HCI UART driver ver 2.3
[    3.032373] Bluetooth: HCI UART protocol H4 registered
[    3.037471] Bluetooth: HCI UART protocol BCSP registered
[    3.042759] Bluetooth: HCI UART protocol LL registered
[    3.047849] Bluetooth: HCI UART protocol ATH3K registered
[    3.053224] Bluetooth: HCI UART protocol Three-wire (H5) registered
[    3.059477] Bluetooth: HCI UART protocol Intel registered
[    3.064815] Bluetooth: HCI UART protocol QCA registered
[    3.070019] usbcore: registered new interface driver bcm203x
[    3.075637] usbcore: registered new interface driver bpa10x
[    3.081173] usbcore: registered new interface driver bfusb
[    3.086626] usbcore: registered new interface driver btusb
[    3.092088] usbcore: registered new interface driver ath3k
[    3.097569] EDAC MC: ECC not enabled
[    3.101198] EDAC DEVICE0: Giving out device to module zynqmp-ocm-edac controller zynqmp_ocm: DEV ff960000.memory-controller (INTERRUPT)
[    3.113509] sdhci: Secure Digital Host Controller Interface driver
[    3.119300] sdhci: Copyright(c) Pierre Ossman
[    3.123622] sdhci-pltfm: SDHCI platform and OF driver helper
[    3.129672] ledtrig-cpu: registered to indicate activity on CPUs
[    3.135228] SMCCC: SOC_ID: ARCH_SOC_ID not implemented, skipping ....
[    3.141660] zynqmp_firmware_probe Platform Management API v1.1
[    3.147414] zynqmp_firmware_probe Trustzone version v1.0
[    3.186927] zynqmp-pinctrl firmware:zynqmp-firmware:pinctrl: zynqmp pinctrl initialized
[    3.234928] zynqmp-aes firmware:zynqmp-firmware:zynqmp-aes: will run requests pump with realtime priority
[    3.250797] alg: No test for xilinx-keccak-384 (zynqmp-keccak-384)
[    3.251503] alg: No test for xilinx-zynqmp-rsa (zynqmp-rsa)
[    3.257015] usbcore: registered new interface driver usbhid
[    3.262406] usbhid: USB HID core driver
[    3.273659] axi_sysid 85000000.axi-sysid-0: AXI System ID core version (1.01.a) found
[    3.276015] axi_sysid 85000000.axi-sysid-0: [ad9081_fmca_ebz] on [zcu102] git branch <master> git <084d44c9780640ca93fd847b1d9ec70dd65f5c67> clean [2022-03-18 04:17:50] UTC
[    3.291691] fpga_manager fpga0: Xilinx ZynqMP FPGA Manager registered
[    3.298049] usbcore: registered new interface driver snd-usb-audio
[    3.305492] pktgen: Packet Generator for packet performance testing. Version: 2.75
[    3.311669] Initializing XFRM netlink socket
[    3.315531] NET: Registered protocol family 10
[    3.320249] Segment Routing with IPv6
[    3.323623] sit: IPv6, IPv4 and MPLS over IPv4 tunneling driver
[    3.329704] NET: Registered protocol family 17
[    3.333805] NET: Registered protocol family 15
[    3.338304] can: controller area network core
[    3.342555] NET: Registered protocol family 29
[    3.346948] can: raw protocol
[    3.349883] can: broadcast manager protocol
[    3.354037] can: netlink gateway - max_hops=1
[    3.358429] Bluetooth: RFCOMM TTY layer initialized
[    3.363210] Bluetooth: RFCOMM socket layer initialized
[    3.368317] Bluetooth: RFCOMM ver 1.11
[    3.372035] Bluetooth: BNEP (Ethernet Emulation) ver 1.3
[    3.377301] Bluetooth: BNEP filters: protocol multicast
[    3.382494] Bluetooth: BNEP socket layer initialized
[    3.387422] Bluetooth: HIDP (Human Interface Emulation) ver 1.2
[    3.393306] Bluetooth: HIDP socket layer initialized
[    3.398357] 9pnet: Installing 9P2000 support
[    3.402483] NET: Registered protocol family 36
[    3.406898] Key type dns_resolver registered
[    3.411331] registered taskstats version 1
[    3.415196] Loading compiled-in X.509 certificates
[    3.420309] Btrfs loaded, crc32c=crc32c-generic
[    3.432710] ff000000.serial: ttyPS0 at MMIO 0xff000000 (irq = 49, base_baud = 6249999) is a xuartps
[    3.441730] printk: console [ttyPS0] enabled
[    3.446026] printk: bootconsole [cdns0] disabled
[    3.455651] ff010000.serial: ttyPS1 at MMIO 0xff010000 (irq = 50, base_baud = 6249999) is a xuartps
[    3.468901] of-fpga-region fpga-full: FPGA Region probed
[    3.475858] nwl-pcie fd0e0000.pcie: host bridge /axi/pcie@fd0e0000 ranges:
[    3.482751] nwl-pcie fd0e0000.pcie:      MEM 0x00e0000000..0x00efffffff -> 0x00e0000000
[    3.490756] nwl-pcie fd0e0000.pcie:      MEM 0x0600000000..0x07ffffffff -> 0x0600000000
[    3.498825] nwl-pcie fd0e0000.pcie: Link is DOWN
[    3.503584] nwl-pcie fd0e0000.pcie: PCI host bridge to bus 0000:00
[    3.509763] pci_bus 0000:00: root bus resource [bus 00-ff]
[    3.515244] pci_bus 0000:00: root bus resource [mem 0xe0000000-0xefffffff]
[    3.522109] pci_bus 0000:00: root bus resource [mem 0x600000000-0x7ffffffff pref]
[    3.529612] pci 0000:00:00.0: [10ee:d021] type 01 class 0x060400
[    3.535674] pci 0000:00:00.0: PME# supported from D0 D1 D2 D3hot
[    3.546110] pci 0000:00:00.0: PCI bridge to [bus 01-0c]
[    3.552091] xilinx-zynqmp-dma fd500000.dma: ZynqMP DMA driver Probe success
[    3.559262] xilinx-zynqmp-dma fd510000.dma: ZynqMP DMA driver Probe success
[    3.566439] xilinx-zynqmp-dma fd520000.dma: ZynqMP DMA driver Probe success
[    3.573607] xilinx-zynqmp-dma fd530000.dma: ZynqMP DMA driver Probe success
[    3.580774] xilinx-zynqmp-dma fd540000.dma: ZynqMP DMA driver Probe success
[    3.587947] xilinx-zynqmp-dma fd550000.dma: ZynqMP DMA driver Probe success
[    3.595113] xilinx-zynqmp-dma fd560000.dma: ZynqMP DMA driver Probe success
[    3.602282] xilinx-zynqmp-dma fd570000.dma: ZynqMP DMA driver Probe success
[    3.609678] xilinx-zynqmp-dpdma fd4c0000.dma-controller: Xilinx DPDMA engine is probed
[    3.618227] ahci-ceva fd0c0000.ahci: supply ahci not found, using dummy regulator
[    3.625774] ahci-ceva fd0c0000.ahci: supply phy not found, using dummy regulator
[    3.715920] hmc7044 spi2.0: PLL1: Acquisition, CLKIN0 @ 122880000 Hz, PFD: 80 kHz - PLL2: Locked @ 3176.000000 MHz
[    3.726634] jesd204: /axi/spi@ff050000/hmc7044@0,jesd204:1,parent=spi2.0: Using as SYSREF provider
[    3.736220] spi-nor spi0.0: SPI-NOR-UniqueID 100000235394732200270025081115266e
[    3.743524] spi-nor spi0.0: found n25q512a, expected m25p80
[    3.749716] spi-nor spi0.0: trying to lock already unlocked area
[    3.755716] spi-nor spi0.0: n25q512a (131072 Kbytes)
[    3.760694] 4 fixed-partitions partitions found on MTD device spi0.0
[    3.767040] Creating 4 MTD partitions on "spi0.0":
[    3.771825] 0x000000000000-0x000000100000 : "qspi-fsbl-uboot"
[    3.778312] 0x000000100000-0x000000600000 : "qspi-linux"
[    3.784274] 0x000000600000-0x000000620000 : "qspi-device-tree"
[    3.790750] 0x000000620000-0x000000c00000 : "qspi-rootfs"
[    3.799223] macb ff0e0000.ethernet: Not enabling partial store and forward
[    3.806753] libphy: MACB_mii_bus: probed
[    3.811812] macb ff0e0000.ethernet eth0: Cadence GEM rev 0x50070106 at 0xff0e0000 irq 30 (00:0a:35:04:8e:1b)
[    3.822017] xilinx-axipmon ffa00000.perf-monitor: Probed Xilinx APM
[    3.828594] xilinx-axipmon fd0b0000.perf-monitor: Probed Xilinx APM
[    3.835114] xilinx-axipmon fd490000.perf-monitor: Probed Xilinx APM
[    3.841658] xilinx-axipmon ffa10000.perf-monitor: Probed Xilinx APM
[    3.851644] pca953x 0-0020: supply vcc not found, using dummy regulator
[    3.858323] pca953x 0-0020: using no AI
[    3.862815] gpio-496 (sel0): hogged as output/low
[    3.867712] gpio-497 (sel1): hogged as output/high
[    3.872699] gpio-498 (sel2): hogged as output/high
[    3.877688] gpio-499 (sel3): hogged as output/high
[    3.882871] pca953x 0-0021: supply vcc not found, using dummy regulator
[    3.889542] pca953x 0-0021: using no AI
[    3.895307] ina2xx 2-0040: power monitor ina226 (Rshunt = 5000 uOhm)
[    3.902331] ina2xx 2-0041: power monitor ina226 (Rshunt = 5000 uOhm)
[    3.909375] ina2xx 2-0042: power monitor ina226 (Rshunt = 5000 uOhm)
[    3.916408] ina2xx 2-0043: power monitor ina226 (Rshunt = 5000 uOhm)
[    3.923430] ina2xx 2-0044: power monitor ina226 (Rshunt = 5000 uOhm)
[    3.930448] ina2xx 2-0045: power monitor ina226 (Rshunt = 5000 uOhm)
[    3.937480] ina2xx 2-0046: power monitor ina226 (Rshunt = 5000 uOhm)
[    3.944557] ina2xx 2-0047: power monitor ina226 (Rshunt = 5000 uOhm)
[    3.951583] ina2xx 2-004a: power monitor ina226 (Rshunt = 5000 uOhm)
[    3.958623] ina2xx 2-004b: power monitor ina226 (Rshunt = 5000 uOhm)
[    3.965034] i2c i2c-0: Added multiplexed i2c bus 2
[    3.970416] random: fast init done
[    3.973890] ina2xx 3-0040: power monitor ina226 (Rshunt = 2000 uOhm)
[    3.980917] ina2xx 3-0041: power monitor ina226 (Rshunt = 5000 uOhm)
[    3.987941] ina2xx 3-0042: power monitor ina226 (Rshunt = 5000 uOhm)
[    3.994975] ina2xx 3-0043: power monitor ina226 (Rshunt = 5000 uOhm)
[    4.002002] ina2xx 3-0044: power monitor ina226 (Rshunt = 5000 uOhm)
[    4.009026] ina2xx 3-0045: power monitor ina226 (Rshunt = 5000 uOhm)
[    4.016061] ina2xx 3-0046: power monitor ina226 (Rshunt = 5000 uOhm)
[    4.023089] ina2xx 3-0047: power monitor ina226 (Rshunt = 5000 uOhm)
[    4.029491] i2c i2c-0: Added multiplexed i2c bus 3
[    4.085101] i2c i2c-0: Added multiplexed i2c bus 4
[    4.090039] i2c i2c-0: Added multiplexed i2c bus 5
[    4.094829] pca954x 0-0075: registered 4 multiplexed busses for I2C mux pca9544
[    4.102180] cdns-i2c ff020000.i2c: 400 kHz mmio ff020000 irq 32
[    4.109907] at24 6-0054: supply vcc not found, using dummy regulator
[    4.116808] at24 6-0054: 1024 byte 24c08 EEPROM, writable, 1 bytes/write
[    4.123556] i2c i2c-1: Added multiplexed i2c bus 6
[    4.129983] si5341 7-0036: Chip: 5341 Grade: 1 Rev: 1
[    4.167675] i2c i2c-1: Added multiplexed i2c bus 7
[    4.175326] si570 8-005d: registered, current frequency 300000000 Hz
[    4.181730] i2c i2c-1: Added multiplexed i2c bus 8
[    4.201503] si570 9-005d: registered, current frequency 148500000 Hz
[    4.207901] i2c i2c-1: Added multiplexed i2c bus 9
[    4.212941] si5324 10-0069: si5328 probed
[    4.280106] si5324 10-0069: si5328 probe successful
[    4.285034] i2c i2c-1: Added multiplexed i2c bus 10
[    4.290062] i2c i2c-1: Added multiplexed i2c bus 11
[    4.295087] i2c i2c-1: Added multiplexed i2c bus 12
[    4.300108] i2c i2c-1: Added multiplexed i2c bus 13
[    4.304980] pca954x 1-0074: registered 8 multiplexed busses for I2C switch pca9548
[    4.313091] at24 14-0050: supply vcc not found, using dummy regulator
[    4.319879] at24 14-0050: 256 byte 24c02 EEPROM, writable, 1 bytes/write
[    4.326623] i2c i2c-1: Added multiplexed i2c bus 14
[    4.331665] i2c i2c-1: Added multiplexed i2c bus 15
[    4.336698] i2c i2c-1: Added multiplexed i2c bus 16
[    4.341735] i2c i2c-1: Added multiplexed i2c bus 17
[    4.346764] i2c i2c-1: Added multiplexed i2c bus 18
[    4.351813] i2c i2c-1: Added multiplexed i2c bus 19
[    4.356849] i2c i2c-1: Added multiplexed i2c bus 20
[    4.361882] i2c i2c-1: Added multiplexed i2c bus 21
[    4.366755] pca954x 1-0075: registered 8 multiplexed busses for I2C switch pca9548
[    4.374365] cdns-i2c ff030000.i2c: 400 kHz mmio ff030000 irq 33
[    4.384119] cdns-wdt fd4d0000.watchdog: Xilinx Watchdog Timer with timeout 60s
[    4.395060] axi_adxcvr 84a60000.axi-adxcvr-rx: AXI-ADXCVR-RX (17.05.a) using CPLL on GTH4 at 0x84A60000. Number of lanes: 4.
[    4.407239] axi_adxcvr 84b60000.axi-adxcvr-tx: AXI-ADXCVR-TX (17.05.a) using QPLL on GTH4 at 0x84B60000. Number of lanes: 4.
[    4.418864] axi-jesd204-rx 84a90000.axi-jesd204-rx: AXI-JESD204-RX (1.07.a) at 0x84A90000. Encoder 8b10b, width 4/4, lanes 4, jesd204-fsm.
[    4.426136] mmc0: SDHCI controller on ff170000.mmc [ff170000.mmc] using ADMA 64-bit
[    4.431710] axi-jesd204-tx 84b90000.axi-jesd204-tx: AXI-JESD204-TX (1.06.a) at 0x84B90000. Encoder 8b10b, width 4/4, lanes 4, jesd204-fsm.
[    4.452432] zynqmp-display fd4a0000.display: vtc bridge property not present
[    4.462080] xilinx-dp-snd-codec fd4a0000.display:zynqmp_dp_snd_codec0: Failed to get required clock freq
[    4.471586] xilinx-dp-snd-codec: probe of fd4a0000.display:zynqmp_dp_snd_codec0 failed with error -22
[    4.473533] mmc0: new high speed SDHC card at address 0001
[    4.481124] xilinx-dp-snd-pcm zynqmp_dp_snd_pcm0: Xilinx DisplayPort Sound PCM probed
[    4.486638] mmcblk0: mmc0:0001 EB1QT 29.8 GiB 
[    4.494441] xilinx-dp-snd-pcm zynqmp_dp_snd_pcm1: Xilinx DisplayPort Sound PCM probed
[    4.499810]  mmcblk0: p1 p2 p3
[    4.506743] OF: graph: no port node found in /axi/display@fd4a0000
[    4.515815] xlnx-drm xlnx-drm.0: bound fd4a0000.display (ops 0xffffffc010fcbdb8)
[    5.599765] zynqmp-display fd4a0000.display: [drm] Cannot find any crtc or sizes
[    5.607383] [drm] Initialized xlnx 1.0.0 20130509 for fd4a0000.display on minor 0
[    5.614873] zynqmp-display fd4a0000.display: ZynqMP DisplayPort Subsystem driver probed
[    5.623200] ahci-ceva fd0c0000.ahci: supply ahci not found, using dummy regulator
[    5.630744] ahci-ceva fd0c0000.ahci: supply phy not found, using dummy regulator
[    5.638203] ahci-ceva fd0c0000.ahci: supply target not found, using dummy regulator
[    5.646041] ahci-ceva fd0c0000.ahci: AHCI 0001.0301 32 slots 2 ports 6 Gbps 0x3 impl platform mode
[    5.654996] ahci-ceva fd0c0000.ahci: flags: 64bit ncq sntf pm clo only pmp fbs pio slum part ccc sds apst 
[    5.665691] scsi host0: ahci-ceva
[    5.669294] scsi host1: ahci-ceva
[    5.672724] ata1: SATA max UDMA/133 mmio [mem 0xfd0c0000-0xfd0c1fff] port 0x100 irq 45
[    5.680636] ata2: SATA max UDMA/133 mmio [mem 0xfd0c0000-0xfd0c1fff] port 0x180 irq 45
[    5.689234] ad9081 spi1.0: supply vdd not found, using dummy regulator
[    6.002001] ata1: SATA link down (SStatus 0 SControl 330)
[    6.007419] ata2: SATA link down (SStatus 0 SControl 330)
[    6.683767] zynqmp-display fd4a0000.display: [drm] Cannot find any crtc or sizes
[    7.527563] ad9081 spi1.0: AD9081 Rev. 2 Grade 10 (API 1.2.2) probed
[    7.534761] xhci-hcd xhci-hcd.1.auto: xHCI Host Controller
[    7.540256] xhci-hcd xhci-hcd.1.auto: new USB bus registered, assigned bus number 1
[    7.548001] xhci-hcd xhci-hcd.1.auto: hcc params 0x0238f625 hci version 0x100 quirks 0x0000000002010810
[    7.557424] xhci-hcd xhci-hcd.1.auto: irq 59, io mem 0xfe200000
[    7.563530] usb usb1: New USB device found, idVendor=1d6b, idProduct=0002, bcdDevice= 5.10
[    7.571793] usb usb1: New USB device strings: Mfr=3, Product=2, SerialNumber=1
[    7.579012] usb usb1: Product: xHCI Host Controller
[    7.583880] usb usb1: Manufacturer: Linux 5.10.0-98103-g2aa7ac113716 xhci-hcd
[    7.591005] usb usb1: SerialNumber: xhci-hcd.1.auto
[    7.596171] hub 1-0:1.0: USB hub found
[    7.599933] hub 1-0:1.0: 1 port detected
[    7.604038] xhci-hcd xhci-hcd.1.auto: xHCI Host Controller
[    7.609528] xhci-hcd xhci-hcd.1.auto: new USB bus registered, assigned bus number 2
[    7.617182] xhci-hcd xhci-hcd.1.auto: Host supports USB 3.0 SuperSpeed
[    7.623812] usb usb2: New USB device found, idVendor=1d6b, idProduct=0003, bcdDevice= 5.10
[    7.632074] usb usb2: New USB device strings: Mfr=3, Product=2, SerialNumber=1
[    7.639284] usb usb2: Product: xHCI Host Controller
[    7.644154] usb usb2: Manufacturer: Linux 5.10.0-98103-g2aa7ac113716 xhci-hcd
[    7.651279] usb usb2: SerialNumber: xhci-hcd.1.auto
[    7.656388] hub 2-0:1.0: USB hub found
[    7.660150] hub 2-0:1.0: 1 port detected
[    7.690255] cf_axi_adc 84a10000.axi-ad9081-rx-hpc: ADI AIM (10.01.b) at 0x84A10000 mapped to 0x(____ptrval____), probed ADC AD9081 as MASTER
[    7.720589] cf_axi_dds 84b10000.axi-ad9081-tx-hpc: Analog Devices CF_AXI_DDS_DDS MASTER (9.01.b) at 0x84B10000 mapped to 0x(____ptrval____), probed DDS AD9081
[    7.734789] jesd204: /axi/spi@ff040000/ad9081@0,jesd204:0,parent=spi1.0: JESD204[2] transition initialized -> probed
[    7.745310] jesd204: /axi/spi@ff040000/ad9081@0,jesd204:0,parent=spi1.0: JESD204[0] transition initialized -> probed
[    7.755833] jesd204: /axi/spi@ff040000/ad9081@0,jesd204:0,parent=spi1.0: JESD204[2] transition probed -> idle
[    7.765739] jesd204: /axi/spi@ff040000/ad9081@0,jesd204:0,parent=spi1.0: JESD204[0] transition probed -> idle
[    7.775660] jesd204: /axi/spi@ff040000/ad9081@0,jesd204:0,parent=spi1.0: JESD204[2] transition idle -> device_init
[    7.786009] jesd204: /axi/spi@ff040000/ad9081@0,jesd204:0,parent=spi1.0: JESD204[0] transition idle -> device_init
[    7.796360] jesd204: /axi/spi@ff040000/ad9081@0,jesd204:0,parent=spi1.0: JESD204[2] transition device_init -> link_init
[    7.807135] jesd204: /axi/spi@ff040000/ad9081@0,jesd204:0,parent=spi1.0: JESD204[0] transition device_init -> link_init
[    7.817926] jesd204: /axi/spi@ff040000/ad9081@0,jesd204:0,parent=spi1.0: JESD204[2] transition link_init -> link_supported
[    7.828966] jesd204: /axi/spi@ff040000/ad9081@0,jesd204:0,parent=spi1.0: JESD204[0] transition link_init -> link_supported
[    7.840374] hmc7044 spi2.0: hmc7044_jesd204_link_pre_setup: Link2 forcing continuous SYSREF mode
[    7.849312] axi-jesd204-rx 84a90000.axi-jesd204-rx: axi_jesd204_rx_jesd204_link_pre_setup: Link2 set lane rate 15880000 kHz failed (-22)
[    7.861570] jesd204: /fpga-axi@0/axi-jesd204-rx@84a90000,jesd204:4,parent=84a90000.axi-jesd204-rx: JESD204[2] In link_pre_setup got error from cb: -22
[    7.875040] jesd204: /axi/spi@ff040000/ad9081@0,jesd204:0,parent=spi1.0: Rolling back from 'link_supported', got error -22
[    7.886082] jesd204: /axi/spi@ff040000/ad9081@0,jesd204:0,parent=spi1.0: JESD204[0] transition link_supported -> link_pre_setup
[    7.897554] jesd204: /axi/spi@ff040000/ad9081@0,jesd204:0,parent=spi1.0: JESD204[2] transition link_supported -> link_pre_setup
[    7.909039] jesd204: /axi/spi@ff040000/ad9081@0,jesd204:0,parent=spi1.0: JESD204[0] transition link_pre_setup -> link_supported
[    7.920513] jesd204: /axi/spi@ff040000/ad9081@0,jesd204:0,parent=spi1.0: JESD204[2] transition link_pre_setup -> link_supported
[    7.931990] jesd204: /axi/spi@ff040000/ad9081@0,jesd204:0,parent=spi1.0: JESD204[0] transition link_supported -> link_init
[    7.943028] jesd204: /axi/spi@ff040000/ad9081@0,jesd204:0,parent=spi1.0: JESD204[2] transition link_supported -> link_init
[    7.954076] jesd204: /axi/spi@ff040000/ad9081@0,jesd204:0,parent=spi1.0: JESD204[0] transition link_init -> device_init
[    7.964855] jesd204: /axi/spi@ff040000/ad9081@0,jesd204:0,parent=spi1.0: JESD204[2] transition link_init -> device_init
[    7.975634] jesd204: /axi/spi@ff040000/ad9081@0,jesd204:0,parent=spi1.0: JESD204[0] transition device_init -> idle
[    7.985977] jesd204: /axi/spi@ff040000/ad9081@0,jesd204:0,parent=spi1.0: JESD204[2] transition device_init -> idle
[    7.996328] jesd204: /axi/spi@ff040000/ad9081@0,jesd204:0,parent=spi1.0: JESD204[2] transition idle -> idle
[    8.006063] jesd204: /axi/spi@ff040000/ad9081@0,jesd204:0,parent=spi1.0: JESD204[0] transition idle -> idle
[    8.015805] jesd204: /axi/spi@ff040000/ad9081@0,jesd204:0,parent=spi1.0: JESD204[2] transition idle -> device_init
[    8.026149] jesd204: /axi/spi@ff040000/ad9081@0,jesd204:0,parent=spi1.0: JESD204[0] transition idle -> device_init
[    8.036498] jesd204: /axi/spi@ff040000/ad9081@0,jesd204:0,parent=spi1.0: JESD204[2] transition device_init -> link_init
[    8.047275] jesd204: /axi/spi@ff040000/ad9081@0,jesd204:0,parent=spi1.0: JESD204[0] transition device_init -> link_init
[    8.058063] jesd204: /axi/spi@ff040000/ad9081@0,jesd204:0,parent=spi1.0: JESD204[2] transition link_init -> link_supported
[    8.069110] jesd204: /axi/spi@ff040000/ad9081@0,jesd204:0,parent=spi1.0: JESD204[0] transition link_init -> link_supported
[    8.080331] axi-jesd204-rx 84a90000.axi-jesd204-rx: axi_jesd204_rx_jesd204_link_pre_setup: Link2 set lane rate 15880000 kHz failed (-22)
[    8.092589] jesd204: /fpga-axi@0/axi-jesd204-rx@84a90000,jesd204:4,parent=84a90000.axi-jesd204-rx: JESD204[2] In link_pre_setup got error from cb: -22
[    8.106058] jesd204: /axi/spi@ff040000/ad9081@0,jesd204:0,parent=spi1.0: Rolling back from 'link_supported', got error -22
[    8.117101] jesd204: /axi/spi@ff040000/ad9081@0,jesd204:0,parent=spi1.0: JESD204[0] transition link_supported -> link_pre_setup
[    8.128572] jesd204: /axi/spi@ff040000/ad9081@0,jesd204:0,parent=spi1.0: JESD204[2] transition link_supported -> link_pre_setup
[    8.140050] jesd204: /axi/spi@ff040000/ad9081@0,jesd204:0,parent=spi1.0: JESD204[0] transition link_pre_setup -> link_supported
[    8.151525] jesd204: /axi/spi@ff040000/ad9081@0,jesd204:0,parent=spi1.0: JESD204[2] transition link_pre_setup -> link_supported
[    8.163000] jesd204: /axi/spi@ff040000/ad9081@0,jesd204:0,parent=spi1.0: JESD204[0] transition link_supported -> link_init
[    8.174037] jesd204: /axi/spi@ff040000/ad9081@0,jesd204:0,parent=spi1.0: JESD204[2] transition link_supported -> link_init
[    8.185084] jesd204: /axi/spi@ff040000/ad9081@0,jesd204:0,parent=spi1.0: JESD204[0] transition link_init -> device_init
[    8.195860] jesd204: /axi/spi@ff040000/ad9081@0,jesd204:0,parent=spi1.0: JESD204[2] transition link_init -> device_init
[    8.206643] jesd204: /axi/spi@ff040000/ad9081@0,jesd204:0,parent=spi1.0: JESD204[0] transition device_init -> idle
[    8.216990] jesd204: /axi/spi@ff040000/ad9081@0,jesd204:0,parent=spi1.0: JESD204[2] transition device_init -> idle
[    8.227338] jesd204: /axi/spi@ff040000/ad9081@0,jesd204:0,parent=spi1.0: JESD204[2] transition idle -> idle
[    8.237072] jesd204: /axi/spi@ff040000/ad9081@0,jesd204:0,parent=spi1.0: JESD204[0] transition idle -> idle
[    8.246814] jesd204: /axi/spi@ff040000/ad9081@0,jesd204:0,parent=spi1.0: JESD204[2] transition idle -> device_init
[    8.257157] jesd204: /axi/spi@ff040000/ad9081@0,jesd204:0,parent=spi1.0: JESD204[0] transition idle -> device_init
[    8.267507] jesd204: /axi/spi@ff040000/ad9081@0,jesd204:0,parent=spi1.0: JESD204[2] transition device_init -> link_init
[    8.278285] jesd204: /axi/spi@ff040000/ad9081@0,jesd204:0,parent=spi1.0: JESD204[0] transition device_init -> link_init
[    8.289073] jesd204: /axi/spi@ff040000/ad9081@0,jesd204:0,parent=spi1.0: JESD204[2] transition link_init -> link_supported
[    8.300115] jesd204: /axi/spi@ff040000/ad9081@0,jesd204:0,parent=spi1.0: JESD204[0] transition link_init -> link_supported
[    8.311302] axi-jesd204-rx 84a90000.axi-jesd204-rx: axi_jesd204_rx_jesd204_link_pre_setup: Link2 set lane rate 15880000 kHz failed (-22)
[    8.323562] jesd204: /fpga-axi@0/axi-jesd204-rx@84a90000,jesd204:4,parent=84a90000.axi-jesd204-rx: JESD204[2] In link_pre_setup got error from cb: -22
[    8.337033] jesd204: /axi/spi@ff040000/ad9081@0,jesd204:0,parent=spi1.0: Rolling back from 'link_supported', got error -22
[    8.348079] jesd204: /axi/spi@ff040000/ad9081@0,jesd204:0,parent=spi1.0: JESD204[0] transition link_supported -> link_pre_setup
[    8.359547] jesd204: /axi/spi@ff040000/ad9081@0,jesd204:0,parent=spi1.0: JESD204[2] transition link_supported -> link_pre_setup
[    8.371028] jesd204: /axi/spi@ff040000/ad9081@0,jesd204:0,parent=spi1.0: JESD204[0] transition link_pre_setup -> link_supported
[    8.382497] jesd204: /axi/spi@ff040000/ad9081@0,jesd204:0,parent=spi1.0: JESD204[2] transition link_pre_setup -> link_supported
[    8.393974] jesd204: /axi/spi@ff040000/ad9081@0,jesd204:0,parent=spi1.0: JESD204[0] transition link_supported -> link_init
[    8.405012] jesd204: /axi/spi@ff040000/ad9081@0,jesd204:0,parent=spi1.0: JESD204[2] transition link_supported -> link_init
[    8.416059] jesd204: /axi/spi@ff040000/ad9081@0,jesd204:0,parent=spi1.0: JESD204[0] transition link_init -> device_init
[    8.426835] jesd204: /axi/spi@ff040000/ad9081@0,jesd204:0,parent=spi1.0: JESD204[2] transition link_init -> device_init
[    8.437618] jesd204: /axi/spi@ff040000/ad9081@0,jesd204:0,parent=spi1.0: JESD204[0] transition device_init -> idle
[    8.447963] jesd204: /axi/spi@ff040000/ad9081@0,jesd204:0,parent=spi1.0: JESD204[2] transition device_init -> idle
[    8.458312] jesd204: /axi/spi@ff040000/ad9081@0,jesd204:0,parent=spi1.0: JESD204[2] transition idle -> idle
[    8.468047] jesd204: /axi/spi@ff040000/ad9081@0,jesd204:0,parent=spi1.0: JESD204[0] transition idle -> idle
[    8.477793] jesd204: /axi/spi@ff040000/ad9081@0,jesd204:0,parent=spi1.0: JESD204[2] transition idle -> device_init
[    8.488142] jesd204: /axi/spi@ff040000/ad9081@0,jesd204:0,parent=spi1.0: JESD204[0] transition idle -> device_init
[    8.498491] jesd204: /axi/spi@ff040000/ad9081@0,jesd204:0,parent=spi1.0: JESD204[2] transition device_init -> link_init
[    8.509267] jesd204: /axi/spi@ff040000/ad9081@0,jesd204:0,parent=spi1.0: JESD204[0] transition device_init -> link_init
[    8.520057] jesd204: /axi/spi@ff040000/ad9081@0,jesd204:0,parent=spi1.0: JESD204[2] transition link_init -> link_supported
[    8.531099] jesd204: /axi/spi@ff040000/ad9081@0,jesd204:0,parent=spi1.0: JESD204[0] transition link_init -> link_supported
[    8.542286] axi-jesd204-rx 84a90000.axi-jesd204-rx: axi_jesd204_rx_jesd204_link_pre_setup: Link2 set lane rate 15880000 kHz failed (-22)
[    8.554546] jesd204: /fpga-axi@0/axi-jesd204-rx@84a90000,jesd204:4,parent=84a90000.axi-jesd204-rx: JESD204[2] In link_pre_setup got error from cb: -22
[    8.568016] jesd204: /axi/spi@ff040000/ad9081@0,jesd204:0,parent=spi1.0: Rolling back from 'link_supported', got error -22
[    8.579058] jesd204: /axi/spi@ff040000/ad9081@0,jesd204:0,parent=spi1.0: JESD204[0] transition link_supported -> link_pre_setup
[    8.590530] jesd204: /axi/spi@ff040000/ad9081@0,jesd204:0,parent=spi1.0: JESD204[2] transition link_supported -> link_pre_setup
[    8.602012] jesd204: /axi/spi@ff040000/ad9081@0,jesd204:0,parent=spi1.0: JESD204[0] transition link_pre_setup -> link_supported
[    8.613480] jesd204: /axi/spi@ff040000/ad9081@0,jesd204:0,parent=spi1.0: JESD204[2] transition link_pre_setup -> link_supported
[    8.624958] jesd204: /axi/spi@ff040000/ad9081@0,jesd204:0,parent=spi1.0: JESD204[0] transition link_supported -> link_init
[    8.635996] jesd204: /axi/spi@ff040000/ad9081@0,jesd204:0,parent=spi1.0: JESD204[2] transition link_supported -> link_init
[    8.647043] jesd204: /axi/spi@ff040000/ad9081@0,jesd204:0,parent=spi1.0: JESD204[0] transition link_init -> device_init
[    8.657818] jesd204: /axi/spi@ff040000/ad9081@0,jesd204:0,parent=spi1.0: JESD204[2] transition link_init -> device_init
[    8.668601] jesd204: /axi/spi@ff040000/ad9081@0,jesd204:0,parent=spi1.0: JESD204[0] transition device_init -> idle
[    8.678945] jesd204: /axi/spi@ff040000/ad9081@0,jesd204:0,parent=spi1.0: JESD204[2] transition device_init -> idle
[    8.689291] jesd204: /axi/spi@ff040000/ad9081@0,jesd204:0,parent=spi1.0: FSM completed with error -22
[    8.707710] input: gpio-keys as /devices/platform/gpio-keys/input/input0
[    8.714727] of_cfs_init
[    8.717191] of_cfs_init: OK
[    8.720127] cfg80211: Loading compiled-in X.509 certificates for regulatory database
[    8.858395] cfg80211: Loaded X.509 cert 'sforshee: 00b28ddf47aef9cea7'
[    8.864924] clk: Not disabling unused clocks
[    8.869455] ALSA device list:
[    8.872416]   No soundcards found.
[    8.876089] platform regulatory.0: Direct firmware load for regulatory.db failed with error -2
[    8.884697] cfg80211: failed to load regulatory.db
[    8.911382] EXT4-fs (mmcblk0p2): mounted filesystem with ordered data mode. Opts: (null)
[    8.919493] VFS: Mounted root (ext4 filesystem) on device 179:2.
[    8.932896] devtmpfs: mounted
[    8.936716] Freeing unused kernel memory: 2560K
[    8.941388] Run /sbin/init as init process
[    8.945481]   with arguments:
[    8.945483]     /sbin/init
[    8.945485]   with environment:
[    8.945488]     HOME=/
[    8.945490]     TERM=linux
[    9.508716] systemd[1]: systemd 241 running in system mode. (+PAM +AUDIT +SELINUX +IMA +APPARMOR +SMACK +SYSVINIT +UTMP +LIBCRYPTSETUP +GCRYPT +GNUTLS +ACL +XZ +LZ4 +SECCOMP +BLKID +ELFUTILS +KMOD -IDN2 +IDN -PCRE2 default-hierarchy=hybrid)
[    9.530579] systemd[1]: Detected architecture arm64.
[    9.552454] systemd[1]: Set hostname to <analog>.
[    9.745313] systemd[1]: File /lib/systemd/system/systemd-journald.service:12 configures an IP firewall (IPAddressDeny=any), but the local system does not support BPF/cgroup based firewalling.
[    9.762381] systemd[1]: Proceeding WITHOUT firewalling in effect! (This warning is only shown for the first loaded unit using IP firewalling.)
[    9.925326] systemd[1]: /etc/systemd/system/tof-server.service:1: Assignment outside of section. Ignoring.
[    9.935046] systemd[1]: /etc/systemd/system/tof-server.service:2: Assignment outside of section. Ignoring.
[   10.117922] random: systemd: uninitialized urandom read (16 bytes read)
[   10.132610] random: systemd: uninitialized urandom read (16 bytes read)
[   10.139546] systemd[1]: Listening on Syslog Socket.
[   10.155875] random: systemd: uninitialized urandom read (16 bytes read)
[   10.162651] systemd[1]: Started Forward Password Requests to Wall Directory Watch.
[   10.188225] systemd[1]: Created slice User and Session Slice.
[   10.777574] ------------[ cut here ]------------
[   10.777583] Enabling unprepared \xa0\xe9Q\x88\xff\xff\xffpQ\x88\xff\xff\xff
[   10.777629] WARNING: CPU: 2 PID: 112 at drivers/clk/clk.c:1012 clk_core_enable+0xa4/0xc0
[   10.777632] Modules linked in:
[   10.777643] CPU: 2 PID: 112 Comm: kworker/2:1H Not tainted 5.10.0-98103-g2aa7ac113716 #5577
[   10.777645] Hardware name: ZynqMP ZCU102 Rev1.0 (DT)
[   10.777655] Workqueue: kblockd blk_mq_run_work_fn
[   10.777662] pstate: 80000085 (Nzcv daIf -PAN -UAO -TCO BTYPE=--)
[   10.777668] pc : clk_core_enable+0xa4/0xc0
[   10.777673] lr : clk_core_enable+0xa4/0xc0
[   10.777676] sp : ffffffc0125eb2d0
[   10.777679] x29: ffffffc0125eb2d0 x28: ffffff8800330c10 
[   10.777686] x27: ffffff8800330d48 x26: 0000005000000101 
[   10.777692] x25: 000000027c72cf80 x24: 0000000000000001 
[   10.777699] x23: ffffff88010e9380 x22: ffffff8801083220 
[   10.777705] x21: ffffff8801517000 x20: ffffff8801517008 
[   10.777712] x19: ffffff8801517008 x18: 0000000000000030 
[   10.777719] x17: 0000000000000002 x16: 0000b0da8686e0ac 
[   10.777725] x15: ffffffffffff9c60 x14: ffffffc011d3b1a0 
[   10.777731] x13: ffffffc011d3b1c8 x12: 0000000000000672 
[   10.777738] x11: 0000000000000226 x10: ffffffc011d671c8 
[   10.777744] x9 : 00000000fffff800 x8 : ffffffc011d3b1c8 
[   10.777751] x7 : ffffffc011d671c8 x6 : 0000000000000001 
[   10.777757] x5 : ffffff887f7929e0 x4 : 0000000000000000 
[   10.777763] x3 : 0000000000000027 x2 : 0000000000000023 
[   10.777770] x1 : d038eedd5c762b00 x0 : 0000000000000000 
[   10.777777] Call trace:
[   10.777784]  clk_core_enable+0xa4/0xc0
[   10.777789]  clk_enable+0x2c/0x60
[   10.777795]  zynqmp_runtime_resume+0x24/0x84
[   10.777802]  pm_generic_runtime_resume+0x30/0x50
[   10.777808]  __genpd_runtime_resume+0x30/0xb0
[   10.777814]  genpd_runtime_resume+0x90/0x250
[   10.777820]  __rpm_callback+0x10c/0x1e0
[   10.777826]  rpm_callback+0x5c/0x84
[   10.777831]  rpm_resume+0x4a4/0x74c
[   10.777836]  __pm_runtime_resume+0x78/0xc4
[   10.777840]  spi_mem_access_start.isra.0+0x30/0x80
[   10.777844]  spi_mem_exec_op+0x3b0/0x424
[   10.777849]  spi_nor_read_sr+0x78/0xe0
[   10.777854]  spi_nor_wait_till_ready_with_timeout+0xb4/0x2f0
[   10.777859]  spi_nor_read+0x188/0x380
[   10.777865]  mtd_read_oob_std+0x78/0x84
[   10.777869]  mtd_read_oob+0x7c/0x134
[   10.777873]  mtd_read+0x48/0x7c
[   10.777879]  mtdblock_readsect+0x6c/0x150
[   10.777884]  mtd_queue_rq+0x2cc/0x5a0
[   10.777890]  blk_mq_dispatch_rq_list+0x110/0x790
[   10.777896]  __blk_mq_do_dispatch_sched+0x200/0x274
[   10.777902]  __blk_mq_sched_dispatch_requests+0x1a8/0x1fc
[   10.777908]  blk_mq_sched_dispatch_requests+0x3c/0x7c
[   10.777912]  __blk_mq_run_hw_queue+0x98/0x100
[   10.777917]  blk_mq_run_work_fn+0x24/0x30
[   10.777923]  process_one_work+0x1d4/0x380
[   10.777927]  worker_thread+0x78/0x4e0
[   10.777932]  kthread+0x124/0x130
[   10.777938]  ret_from_fork+0x10/0x3c
[   10.777941] ---[ end trace 36ad9847cb2241a4 ]---
[   10.777950] zynqmp-qspi ff0f0000.spi: Cannot enable APB clock.
[   10.778000] spi_master spi0: Failed to power device: -108
[   10.778009] blk_update_request: I/O error, dev mtdblock0, sector 8 op 0x0:(READ) flags 0x80700 phys_seg 1 prio class 0
[   10.778094] spi_master spi0: Failed to power device: -22
[   10.778100] blk_update_request: I/O error, dev mtdblock0, sector 8 op 0x0:(READ) flags 0x0 phys_seg 8 prio class 0
[   10.778106] Buffer I/O error on dev mtdblock0, logical block 8, async page read
[   10.778115] spi_master spi0: Failed to power device: -22
[   10.778121] blk_update_request: I/O error, dev mtdblock0, sector 9 op 0x0:(READ) flags 0x0 phys_seg 7 prio class 0
[   10.778125] Buffer I/O error on dev mtdblock0, logical block 9, async page read
[   10.778132] spi_master spi0: Failed to power device: -22
[   10.778138] blk_update_request: I/O error, dev mtdblock0, sector 10 op 0x0:(READ) flags 0x0 phys_seg 6 prio class 0
[   10.778141] Buffer I/O error on dev mtdblock0, logical block 10, async page read
[   10.778148] spi_master spi0: Failed to power device: -22
[   10.778154] blk_update_request: I/O error, dev mtdblock0, sector 11 op 0x0:(READ) flags 0x0 phys_seg 5 prio class 0
[   10.778158] Buffer I/O error on dev mtdblock0, logical block 11, async page read
[   10.778165] spi_master spi0: Failed to power device: -22
[   10.778170] blk_update_request: I/O error, dev mtdblock0, sector 12 op 0x0:(READ) flags 0x0 phys_seg 4 prio class 0
[   10.778174] Buffer I/O error on dev mtdblock0, logical block 12, async page read
[   10.778181] spi_master spi0: Failed to power device: -22
[   10.778186] blk_update_request: I/O error, dev mtdblock0, sector 13 op 0x0:(READ) flags 0x0 phys_seg 3 prio class 0
[   10.778190] Buffer I/O error on dev mtdblock0, logical block 13, async page read
[   10.778196] spi_master spi0: Failed to power device: -22
[   10.778202] blk_update_request: I/O error, dev mtdblock0, sector 14 op 0x0:(READ) flags 0x0 phys_seg 2 prio class 0
[   10.778206] Buffer I/O error on dev mtdblock0, logical block 14, async page read
[   10.778212] spi_master spi0: Failed to power device: -22
[   10.778218] blk_update_request: I/O error, dev mtdblock0, sector 15 op 0x0:(READ) flags 0x0 phys_seg 1 prio class 0
[   10.778222] Buffer I/O error on dev mtdblock0, logical block 15, async page read
[   10.778572] spi_master spi0: Failed to power device: -22
[   10.778579] blk_update_request: I/O error, dev mtdblock1, sector 10112 op 0x0:(READ) flags 0x80700 phys_seg 1 prio class 0
[   10.778623] spi_master spi0: Failed to power device: -22
[   10.778629] Buffer I/O error on dev mtdblock1, logical block 10112, async page read
[   10.778637] spi_master spi0: Failed to power device: -22
[   10.778642] Buffer I/O error on dev mtdblock1, logical block 10113, async page read
[   10.778649] spi_master spi0: Failed to power device: -22
[   10.778657] spi_master spi0: Failed to power device: -22
[   10.778664] spi_master spi0: Failed to power device: -22
[   10.778672] spi_master spi0: Failed to power device: -22
[   10.778679] spi_master spi0: Failed to power device: -22
[   10.778686] spi_master spi0: Failed to power device: -22
[   10.778922] spi_master spi0: Failed to power device: -22
[   10.778967] spi_master spi0: Failed to power device: -22
[   10.778976] spi_master spi0: Failed to power device: -22
[   10.778984] spi_master spi0: Failed to power device: -22
[   10.778991] spi_master spi0: Failed to power device: -22
[   10.778998] spi_master spi0: Failed to power device: -22
[   10.779006] spi_master spi0: Failed to power device: -22
[   10.779013] spi_master spi0: Failed to power device: -22
[   10.779020] spi_master spi0: Failed to power device: -22
[   10.779289] spi_master spi0: Failed to power device: -22
[   10.779333] spi_master spi0: Failed to power device: -22
[   10.779342] spi_master spi0: Failed to power device: -22
[   10.779350] spi_master spi0: Failed to power device: -22
[   10.779357] spi_master spi0: Failed to power device: -22
[   10.779364] spi_master spi0: Failed to power device: -22
[   10.779372] spi_master spi0: Failed to power device: -22
[   10.779379] spi_master spi0: Failed to power device: -22
[   10.779386] spi_master spi0: Failed to power device: -22
[   10.902855] EXT4-fs (mmcblk0p2): re-mounted. Opts: (null)
[   11.104610] systemd-journald[167]: Received request to flush runtime journal from PID 1
[   16.807059] macb ff0e0000.ethernet eth0: PHY [ff0e0000.ethernet-ffffffff:0c] driver [TI DP83867] (irq=POLL)
[   16.807071] macb ff0e0000.ethernet eth0: configuring for phy/rgmii-id link mode
[   17.983783] Adding 67580k swap on /var/swap.  Priority:-2 extents:1 across:67580k SS
[   18.939777] random: crng init done
[   18.939788] random: 7 urandom warning(s) missed due to ratelimiting
[   19.830469] broken atomic modeset userspace detected, disabling atomic
[   19.873370] macb ff0e0000.ethernet eth0: Link is Up - 1Gbps/Full - flow control off
[   19.873394] IPv6: ADDRCONF(NETDEV_CHANGE): eth0: link becomes ready
[   22.498496] broken atomic modeset userspace detected, disabling atomic
[   25.350326] broken atomic modeset userspace detected, disabling atomic