[    0.000000] Booting Linux on physical CPU 0x0000000000 [0x410fd034]
[    0.000000] Linux version 5.10.0-98103-g2aa7ac113716 (jenkins@romlxbuild1.adlk.analog.com) (aarch64-xilinx-linux-gcc.real (GCC) 10.2.0, GNU ld (GNU Binutils) 2.35.0.20200730) #5577 SMP Wed Mar 23 07:28:49 GMT 2022
[    0.000000] Machine model: ZynqMP ZCU102 Rev1.0
[    0.000000] earlycon: cdns0 at MMIO 0x00000000ff000000 (options '115200n8')
[    0.000000] printk: bootconsole [cdns0] enabled
[    0.000000] efi: UEFI not found.
[    0.000000] cma: Reserved 256 MiB at 0x0000000070000000
[    0.000000] Zone ranges:
[    0.000000]   DMA      [mem 0x0000000000000000-0x000000003fffffff]
[    0.000000]   DMA32    [mem 0x0000000040000000-0x00000000ffffffff]
[    0.000000]   Normal   [mem 0x0000000100000000-0x000000087fffffff]
[    0.000000] Movable zone start for each node
[    0.000000] Early memory node ranges
[    0.000000]   node   0: [mem 0x0000000000000000-0x000000007fffffff]
[    0.000000]   node   0: [mem 0x0000000800000000-0x000000087fffffff]
[    0.000000] Initmem setup node 0 [mem 0x0000000000000000-0x000000087fffffff]
[    0.000000] On node 0 totalpages: 1048576
[    0.000000]   DMA zone: 3584 pages used for memmap
[    0.000000]   DMA zone: 0 pages reserved
[    0.000000]   DMA zone: 262144 pages, LIFO batch:63
[    0.000000]   DMA32 zone: 3584 pages used for memmap
[    0.000000]   DMA32 zone: 262144 pages, LIFO batch:63
[    0.000000]   Normal zone: 7168 pages used for memmap
[    0.000000]   Normal zone: 524288 pages, LIFO batch:63
[    0.000000] psci: probing for conduit method from DT.
[    0.000000] psci: PSCIv1.1 detected in firmware.
[    0.000000] psci: Using standard PSCI v0.2 function IDs
[    0.000000] psci: MIGRATE_INFO_TYPE not supported.
[    0.000000] psci: SMC Calling Convention v1.2
[    0.000000] percpu: Embedded 22 pages/cpu s49496 r8192 d32424 u90112
[    0.000000] pcpu-alloc: s49496 r8192 d32424 u90112 alloc=22*4096
[    0.000000] pcpu-alloc: [0] 0 [0] 1 [0] 2 [0] 3 
[    0.000000] Detected VIPT I-cache on CPU0
[    0.000000] CPU features: detected: ARM erratum 845719
[    0.000000] Built 1 zonelists, mobility grouping on.  Total pages: 1034240
[    0.000000] Kernel command line: console=ttyPS0,115200 root=/dev/mmcblk0p2 rw earlycon rootfstype=ext4 rootwait clk_ignore_unused cpuidle.off=1 root=/dev/mmcblk0p2 rw rootwait
[    0.000000] Dentry cache hash table entries: 524288 (order: 10, 4194304 bytes, linear)
[    0.000000] Inode-cache hash table entries: 262144 (order: 9, 2097152 bytes, linear)
[    0.000000] mem auto-init: stack:off, heap alloc:off, heap free:off
[    0.000000] software IO TLB: mapped [mem 0x000000003bfff000-0x000000003ffff000] (64MB)
[    0.000000] Memory: 3761904K/4194304K available (15296K kernel code, 1636K rwdata, 11876K rodata, 2560K init, 507K bss, 170256K reserved, 262144K cma-reserved)
[    0.000000] rcu: Hierarchical RCU implementation.
[    0.000000] rcu: 	RCU event tracing is enabled.
[    0.000000] rcu: 	RCU restricting CPUs from NR_CPUS=8 to nr_cpu_ids=4.
[    0.000000] rcu: RCU calculated value of scheduler-enlistment delay is 25 jiffies.
[    0.000000] rcu: Adjusting geometry for rcu_fanout_leaf=16, nr_cpu_ids=4
[    0.000000] NR_IRQS: 64, nr_irqs: 64, preallocated irqs: 0
[    0.000000] GIC: Adjusting CPU interface base to 0x00000000f902f000
[    0.000000] GIC: Using split EOI/Deactivate mode
[    0.000000] random: get_random_bytes called from start_kernel+0x31c/0x54c with crng_init=0
[    0.000000] arch_timer: cp15 timer(s) running at 100.00MHz (phys).
[    0.000000] clocksource: arch_sys_counter: mask: 0xffffffffffffff max_cycles: 0x171024e7e0, max_idle_ns: 440795205315 ns
[    0.000004] sched_clock: 56 bits at 100MHz, resolution 10ns, wraps every 4398046511100ns
[    0.008461] Console: colour dummy device 80x25
[    0.012483] Calibrating delay loop (skipped), value calculated using timer frequency.. 200.00 BogoMIPS (lpj=400000)
[    0.022841] pid_max: default: 32768 minimum: 301
[    0.027550] Mount-cache hash table entries: 8192 (order: 4, 65536 bytes, linear)
[    0.034789] Mountpoint-cache hash table entries: 8192 (order: 4, 65536 bytes, linear)
[    0.043393] rcu: Hierarchical SRCU implementation.
[    0.047561] EFI services will not be available.
[    0.051938] smp: Bringing up secondary CPUs ...
[    0.056656] Detected VIPT I-cache on CPU1
[    0.056696] CPU1: Booted secondary processor 0x0000000001 [0x410fd034]
[    0.057062] Detected VIPT I-cache on CPU2
[    0.057086] CPU2: Booted secondary processor 0x0000000002 [0x410fd034]
[    0.057425] Detected VIPT I-cache on CPU3
[    0.057448] CPU3: Booted secondary processor 0x0000000003 [0x410fd034]
[    0.057494] smp: Brought up 1 node, 4 CPUs
[    0.091780] SMP: Total of 4 processors activated.
[    0.096453] CPU features: detected: 32-bit EL0 Support
[    0.101556] CPU features: detected: CRC32 instructions
[    0.106696] CPU: All CPU(s) started at EL2
[    0.110736] alternatives: patching kernel code
[    0.116170] devtmpfs: initialized
[    0.124065] Registered cp15_barrier emulation handler
[    0.124115] Registered setend emulation handler
[    0.128092] clocksource: jiffies: mask: 0xffffffff max_cycles: 0xffffffff, max_idle_ns: 7645041785100000 ns
[    0.137670] futex hash table entries: 1024 (order: 4, 65536 bytes, linear)
[    0.151025] pinctrl core: initialized pinctrl subsystem
[    0.151671] NET: Registered protocol family 16
[    0.156094] DMA: preallocated 512 KiB GFP_KERNEL pool for atomic allocations
[    0.162108] DMA: preallocated 512 KiB GFP_KERNEL|GFP_DMA pool for atomic allocations
[    0.169833] DMA: preallocated 512 KiB GFP_KERNEL|GFP_DMA32 pool for atomic allocations
[    0.177635] audit: initializing netlink subsys (disabled)
[    0.183086] audit: type=2000 audit(0.116:1): state=initialized audit_enabled=0 res=1
[    0.183431] hw-breakpoint: found 6 breakpoint and 4 watchpoint registers.
[    0.197464] ASID allocator initialised with 65536 entries
[    0.224350] HugeTLB registered 1.00 GiB page size, pre-allocated 0 pages
[    0.225403] HugeTLB registered 32.0 MiB page size, pre-allocated 0 pages
[    0.232075] HugeTLB registered 2.00 MiB page size, pre-allocated 0 pages
[    0.238736] HugeTLB registered 64.0 KiB page size, pre-allocated 0 pages
[    1.304313] DRBG: Continuing without Jitter RNG
[    1.382133] raid6: neonx8   gen()  2140 MB/s
[    1.450177] raid6: neonx8   xor()  1598 MB/s
[    1.518239] raid6: neonx4   gen()  2200 MB/s
[    1.586288] raid6: neonx4   xor()  1566 MB/s
[    1.654348] raid6: neonx2   gen()  2076 MB/s
[    1.722401] raid6: neonx2   xor()  1440 MB/s
[    1.790464] raid6: neonx1   gen()  1772 MB/s
[    1.858511] raid6: neonx1   xor()  1220 MB/s
[    1.926571] raid6: int64x8  gen()  1438 MB/s
[    1.994625] raid6: int64x8  xor()   771 MB/s
[    2.062688] raid6: int64x4  gen()  1599 MB/s
[    2.130747] raid6: int64x4  xor()   817 MB/s
[    2.198827] raid6: int64x2  gen()  1397 MB/s
[    2.266862] raid6: int64x2  xor()   750 MB/s
[    2.334953] raid6: int64x1  gen()  1034 MB/s
[    2.403001] raid6: int64x1  xor()   517 MB/s
[    2.403039] raid6: using algorithm neonx4 gen() 2200 MB/s
[    2.406996] raid6: .... xor() 1566 MB/s, rmw enabled
[    2.411926] raid6: using neon recovery algorithm
[    2.416938] iommu: Default domain type: Translated 
[    2.421549] SCSI subsystem initialized
[    2.425095] libata version 3.00 loaded.
[    2.425219] usbcore: registered new interface driver usbfs
[    2.430552] usbcore: registered new interface driver hub
[    2.435825] usbcore: registered new device driver usb
[    2.440958] mc: Linux media interface: v0.10
[    2.445076] videodev: Linux video capture interface: v2.00
[    2.450566] EDAC MC: Ver: 3.0.0
[    2.454007] zynqmp-ipi-mbox mailbox@ff990400: Registered ZynqMP IPI mbox with TX/RX channels.
[    2.462502] jesd204: created con: id=0, topo=0, link=0, /axi/spi@ff050000/hmc7044@0 <-> /fpga-axi@0/axi-adxcvr-tx@84b60000
[    2.473095] jesd204: created con: id=1, topo=0, link=2, /axi/spi@ff050000/hmc7044@0 <-> /fpga-axi@0/axi-adxcvr-rx@84a60000
[    2.484079] jesd204: created con: id=2, topo=0, link=0, /fpga-axi@0/axi-adxcvr-tx@84b60000 <-> /fpga-axi@0/axi-jesd204-tx@84b90000
[    2.495755] jesd204: created con: id=3, topo=0, link=2, /fpga-axi@0/axi-adxcvr-rx@84a60000 <-> /fpga-axi@0/axi-jesd204-rx@84a90000
[    2.507431] jesd204: created con: id=4, topo=0, link=0, /fpga-axi@0/axi-jesd204-tx@84b90000 <-> /fpga-axi@0/axi-ad9081-tx-hpc@84b10000
[    2.519459] jesd204: created con: id=5, topo=0, link=2, /fpga-axi@0/axi-jesd204-rx@84a90000 <-> /fpga-axi@0/axi-ad9081-rx-hpc@84a10000
[    2.531481] jesd204: created con: id=6, topo=0, link=2, /fpga-axi@0/axi-ad9081-rx-hpc@84a10000 <-> /axi/spi@ff040000/ad9081@0
[    2.542723] jesd204: created con: id=7, topo=0, link=0, /fpga-axi@0/axi-ad9081-tx-hpc@84b10000 <-> /axi/spi@ff040000/ad9081@0
[    2.553973] jesd204: /axi/spi@ff040000/ad9081@0: JESD204[2] transition uninitialized -> initialized
[    2.562960] jesd204: /axi/spi@ff040000/ad9081@0: JESD204[0] transition uninitialized -> initialized
[    2.571951] jesd204: found 8 devices and 1 topologies
[    2.576995] FPGA manager framework
[    2.580474] Advanced Linux Sound Architecture Driver Initialized.
[    2.586764] Bluetooth: Core ver 2.22
[    2.589954] NET: Registered protocol family 31
[    2.594356] Bluetooth: HCI device and connection manager initialized
[    2.600672] Bluetooth: HCI socket layer initialized
[    2.605514] Bluetooth: L2CAP socket layer initialized
[    2.610538] Bluetooth: SCO socket layer initialized
[    2.615722] clocksource: Switched to clocksource arch_sys_counter
[    2.621530] VFS: Disk quotas dquot_6.6.0
[    2.625365] VFS: Dquot-cache hash table entries: 512 (order 0, 4096 bytes)
[    2.636084] NET: Registered protocol family 2
[    2.636811] tcp_listen_portaddr_hash hash table entries: 2048 (order: 3, 32768 bytes, linear)
[    2.645005] TCP established hash table entries: 32768 (order: 6, 262144 bytes, linear)
[    2.653031] TCP bind hash table entries: 32768 (order: 7, 524288 bytes, linear)
[    2.660477] TCP: Hash tables configured (established 32768 bind 32768)
[    2.666649] UDP hash table entries: 2048 (order: 4, 65536 bytes, linear)
[    2.673316] UDP-Lite hash table entries: 2048 (order: 4, 65536 bytes, linear)
[    2.680477] NET: Registered protocol family 1
[    2.684931] RPC: Registered named UNIX socket transport module.
[    2.690553] RPC: Registered udp transport module.
[    2.695217] RPC: Registered tcp transport module.
[    2.699887] RPC: Registered tcp NFSv4.1 backchannel transport module.
[    2.706881] PCI: CLS 0 bytes, default 64
[    2.710586] hw perfevents: no interrupt-affinity property for /pmu, guessing.
[    2.717439] hw perfevents: enabled with armv8_pmuv3 PMU driver, 7 counters available
[    2.725794] Initialise system trusted keyrings
[    2.729467] workingset: timestamp_bits=62 max_order=20 bucket_order=0
[    2.736365] NFS: Registering the id_resolver key type
[    2.740816] Key type id_resolver registered
[    2.744955] Key type id_legacy registered
[    2.748945] nfs4filelayout_init: NFSv4 File Layout Driver Registering...
[    2.755610] jffs2: version 2.2. (NAND) (SUMMARY)  Â© 2001-2006 Red Hat, Inc.
[    2.799063] NET: Registered protocol family 38
[    2.799106] xor: measuring software checksum speed
[    2.806790]    8regs           :  2363 MB/sec
[    2.810459]    32regs          :  2799 MB/sec
[    2.815401]    arm64_neon      :  2380 MB/sec
[    2.815591] xor: using function: 32regs (2799 MB/sec)
[    2.820617] Key type asymmetric registered
[    2.824679] Asymmetric key parser 'x509' registered
[    2.829539] Block layer SCSI generic (bsg) driver version 0.4 loaded (major 248)
[    2.836877] io scheduler mq-deadline registered
[    2.841373] io scheduler kyber registered
[    2.870761] Serial: 8250/16550 driver, 4 ports, IRQ sharing disabled
[    2.875398] cacheinfo: Unable to detect cache hierarchy for CPU 0
[    2.881745] brd: module loaded
[    2.885882] loop: module loaded
[    2.886426] Registered mathworks_ip class
[    2.889772] libphy: Fixed MDIO Bus: probed
[    2.892748] tun: Universal TUN/TAP device driver, 1.6
[    2.896814] CAN device driver interface
[    2.901346] usbcore: registered new interface driver asix
[    2.905946] usbcore: registered new interface driver ax88179_178a
[    2.911979] usbcore: registered new interface driver cdc_ether
[    2.917771] usbcore: registered new interface driver net1080
[    2.923397] usbcore: registered new interface driver cdc_subset
[    2.929277] usbcore: registered new interface driver zaurus
[    2.934821] usbcore: registered new interface driver cdc_ncm
[    2.941223] ehci_hcd: USB 2.0 'Enhanced' Host Controller (EHCI) Driver
[    2.946906] ehci-pci: EHCI PCI platform driver
[    2.951703] usbcore: registered new interface driver uas
[    2.956621] usbcore: registered new interface driver usb-storage
[    2.962609] usbcore: registered new interface driver usbserial_generic
[    2.969060] usbserial: USB Serial support registered for generic
[    2.975034] usbcore: registered new interface driver ftdi_sio
[    2.980737] usbserial: USB Serial support registered for FTDI USB Serial Device
[    2.988013] usbcore: registered new interface driver upd78f0730
[    2.993884] usbserial: USB Serial support registered for upd78f0730
[    3.001534] rtc_zynqmp ffa60000.rtc: registered as rtc0
[    3.005310] rtc_zynqmp ffa60000.rtc: setting system clock to 2022-03-25T23:25:49 UTC (1648250749)
[    3.014172] i2c /dev entries driver
[    3.019476] usbcore: registered new interface driver uvcvideo
[    3.023285] USB Video Class driver (1.1.1)
[    3.028862] Bluetooth: HCI UART driver ver 2.3
[    3.031767] Bluetooth: HCI UART protocol H4 registered
[    3.036866] Bluetooth: HCI UART protocol BCSP registered
[    3.042154] Bluetooth: HCI UART protocol LL registered
[    3.047245] Bluetooth: HCI UART protocol ATH3K registered
[    3.052618] Bluetooth: HCI UART protocol Three-wire (H5) registered
[    3.058871] Bluetooth: HCI UART protocol Intel registered
[    3.064209] Bluetooth: HCI UART protocol QCA registered
[    3.069413] usbcore: registered new interface driver bcm203x
[    3.075031] usbcore: registered new interface driver bpa10x
[    3.080566] usbcore: registered new interface driver bfusb
[    3.086020] usbcore: registered new interface driver btusb
[    3.091480] usbcore: registered new interface driver ath3k
[    3.096964] EDAC MC: ECC not enabled
[    3.100592] EDAC DEVICE0: Giving out device to module zynqmp-ocm-edac controller zynqmp_ocm: DEV ff960000.memory-controller (INTERRUPT)
[    3.112904] sdhci: Secure Digital Host Controller Interface driver
[    3.118694] sdhci: Copyright(c) Pierre Ossman
[    3.123017] sdhci-pltfm: SDHCI platform and OF driver helper
[    3.129072] ledtrig-cpu: registered to indicate activity on CPUs
[    3.134622] SMCCC: SOC_ID: ARCH_SOC_ID not implemented, skipping ....
[    3.141052] zynqmp_firmware_probe Platform Management API v1.1
[    3.146809] zynqmp_firmware_probe Trustzone version v1.0
[    3.186353] zynqmp-pinctrl firmware:zynqmp-firmware:pinctrl: zynqmp pinctrl initialized
[    3.234340] zynqmp-aes firmware:zynqmp-firmware:zynqmp-aes: will run requests pump with realtime priority
[    3.250159] alg: No test for xilinx-keccak-384 (zynqmp-keccak-384)
[    3.250862] alg: No test for xilinx-zynqmp-rsa (zynqmp-rsa)
[    3.256378] usbcore: registered new interface driver usbhid
[    3.261766] usbhid: USB HID core driver
[    3.273012] axi_sysid 85000000.axi-sysid-0: AXI System ID core version (1.01.a) found
[    3.275365] axi_sysid 85000000.axi-sysid-0: [ad9081_fmca_ebz] on [zcu102] git branch <master> git <084d44c9780640ca93fd847b1d9ec70dd65f5c67> clean [2022-03-18 04:17:50] UTC
[    3.291054] fpga_manager fpga0: Xilinx ZynqMP FPGA Manager registered
[    3.297407] usbcore: registered new interface driver snd-usb-audio
[    3.304859] pktgen: Packet Generator for packet performance testing. Version: 2.75
[    3.311037] Initializing XFRM netlink socket
[    3.314895] NET: Registered protocol family 10
[    3.319613] Segment Routing with IPv6
[    3.322995] sit: IPv6, IPv4 and MPLS over IPv4 tunneling driver
[    3.329064] NET: Registered protocol family 17
[    3.333169] NET: Registered protocol family 15
[    3.337664] can: controller area network core
[    3.341918] NET: Registered protocol family 29
[    3.346306] can: raw protocol
[    3.349242] can: broadcast manager protocol
[    3.353397] can: netlink gateway - max_hops=1
[    3.357793] Bluetooth: RFCOMM TTY layer initialized
[    3.362571] Bluetooth: RFCOMM socket layer initialized
[    3.367677] Bluetooth: RFCOMM ver 1.11
[    3.371390] Bluetooth: BNEP (Ethernet Emulation) ver 1.3
[    3.376661] Bluetooth: BNEP filters: protocol multicast
[    3.381855] Bluetooth: BNEP socket layer initialized
[    3.386782] Bluetooth: HIDP (Human Interface Emulation) ver 1.2
[    3.392665] Bluetooth: HIDP socket layer initialized
[    3.397719] 9pnet: Installing 9P2000 support
[    3.401842] NET: Registered protocol family 36
[    3.406259] Key type dns_resolver registered
[    3.410690] registered taskstats version 1
[    3.414555] Loading compiled-in X.509 certificates
[    3.419670] Btrfs loaded, crc32c=crc32c-generic
[    3.432067] ff000000.serial: ttyPS0 at MMIO 0xff000000 (irq = 49, base_baud = 6249999) is a xuartps
[    3.441091] printk: console [ttyPS0] enabled
[    3.445385] printk: bootconsole [cdns0] disabled
[    3.455009] ff010000.serial: ttyPS1 at MMIO 0xff010000 (irq = 50, base_baud = 6249999) is a xuartps
[    3.468262] of-fpga-region fpga-full: FPGA Region probed
[    3.475211] nwl-pcie fd0e0000.pcie: host bridge /axi/pcie@fd0e0000 ranges:
[    3.482107] nwl-pcie fd0e0000.pcie:      MEM 0x00e0000000..0x00efffffff -> 0x00e0000000
[    3.490108] nwl-pcie fd0e0000.pcie:      MEM 0x0600000000..0x07ffffffff -> 0x0600000000
[    3.498170] nwl-pcie fd0e0000.pcie: Link is DOWN
[    3.502925] nwl-pcie fd0e0000.pcie: PCI host bridge to bus 0000:00
[    3.509107] pci_bus 0000:00: root bus resource [bus 00-ff]
[    3.514587] pci_bus 0000:00: root bus resource [mem 0xe0000000-0xefffffff]
[    3.521457] pci_bus 0000:00: root bus resource [mem 0x600000000-0x7ffffffff pref]
[    3.528961] pci 0000:00:00.0: [10ee:d021] type 01 class 0x060400
[    3.535016] pci 0000:00:00.0: PME# supported from D0 D1 D2 D3hot
[    3.545462] pci 0000:00:00.0: PCI bridge to [bus 01-0c]
[    3.551433] xilinx-zynqmp-dma fd500000.dma: ZynqMP DMA driver Probe success
[    3.558606] xilinx-zynqmp-dma fd510000.dma: ZynqMP DMA driver Probe success
[    3.565788] xilinx-zynqmp-dma fd520000.dma: ZynqMP DMA driver Probe success
[    3.572958] xilinx-zynqmp-dma fd530000.dma: ZynqMP DMA driver Probe success
[    3.580124] xilinx-zynqmp-dma fd540000.dma: ZynqMP DMA driver Probe success
[    3.587295] xilinx-zynqmp-dma fd550000.dma: ZynqMP DMA driver Probe success
[    3.594464] xilinx-zynqmp-dma fd560000.dma: ZynqMP DMA driver Probe success
[    3.601635] xilinx-zynqmp-dma fd570000.dma: ZynqMP DMA driver Probe success
[    3.609031] xilinx-zynqmp-dpdma fd4c0000.dma-controller: Xilinx DPDMA engine is probed
[    3.617580] ahci-ceva fd0c0000.ahci: supply ahci not found, using dummy regulator
[    3.625121] ahci-ceva fd0c0000.ahci: supply phy not found, using dummy regulator
[    3.715892] hmc7044 spi2.0: PLL1: Acquisition, CLKIN0 @ 122880000 Hz, PFD: 80 kHz - PLL2: Locked @ 2592.000000 MHz
[    3.726602] jesd204: /axi/spi@ff050000/hmc7044@0,jesd204:1,parent=spi2.0: Using as SYSREF provider
[    3.736187] spi-nor spi0.0: SPI-NOR-UniqueID 100000235394732200270025081115266e
[    3.743491] spi-nor spi0.0: found n25q512a, expected m25p80
[    3.749681] spi-nor spi0.0: trying to lock already unlocked area
[    3.755684] spi-nor spi0.0: n25q512a (131072 Kbytes)
[    3.760662] 4 fixed-partitions partitions found on MTD device spi0.0
[    3.767008] Creating 4 MTD partitions on "spi0.0":
[    3.771793] 0x000000000000-0x000000100000 : "qspi-fsbl-uboot"
[    3.778282] 0x000000100000-0x000000600000 : "qspi-linux"
[    3.784241] 0x000000600000-0x000000620000 : "qspi-device-tree"
[    3.790709] 0x000000620000-0x000000c00000 : "qspi-rootfs"
[    3.799180] macb ff0e0000.ethernet: Not enabling partial store and forward
[    3.806713] libphy: MACB_mii_bus: probed
[    3.811778] macb ff0e0000.ethernet eth0: Cadence GEM rev 0x50070106 at 0xff0e0000 irq 30 (00:0a:35:04:8e:1b)
[    3.821987] xilinx-axipmon ffa00000.perf-monitor: Probed Xilinx APM
[    3.828561] xilinx-axipmon fd0b0000.perf-monitor: Probed Xilinx APM
[    3.835083] xilinx-axipmon fd490000.perf-monitor: Probed Xilinx APM
[    3.841626] xilinx-axipmon ffa10000.perf-monitor: Probed Xilinx APM
[    3.851613] pca953x 0-0020: supply vcc not found, using dummy regulator
[    3.858301] pca953x 0-0020: using no AI
[    3.862792] gpio-496 (sel0): hogged as output/low
[    3.867688] gpio-497 (sel1): hogged as output/high
[    3.872675] gpio-498 (sel2): hogged as output/high
[    3.877663] gpio-499 (sel3): hogged as output/high
[    3.882837] pca953x 0-0021: supply vcc not found, using dummy regulator
[    3.889512] pca953x 0-0021: using no AI
[    3.895279] ina2xx 2-0040: power monitor ina226 (Rshunt = 5000 uOhm)
[    3.902310] ina2xx 2-0041: power monitor ina226 (Rshunt = 5000 uOhm)
[    3.909352] ina2xx 2-0042: power monitor ina226 (Rshunt = 5000 uOhm)
[    3.916386] ina2xx 2-0043: power monitor ina226 (Rshunt = 5000 uOhm)
[    3.923413] ina2xx 2-0044: power monitor ina226 (Rshunt = 5000 uOhm)
[    3.930436] ina2xx 2-0045: power monitor ina226 (Rshunt = 5000 uOhm)
[    3.937464] ina2xx 2-0046: power monitor ina226 (Rshunt = 5000 uOhm)
[    3.944543] ina2xx 2-0047: power monitor ina226 (Rshunt = 5000 uOhm)
[    3.951567] ina2xx 2-004a: power monitor ina226 (Rshunt = 5000 uOhm)
[    3.958609] ina2xx 2-004b: power monitor ina226 (Rshunt = 5000 uOhm)
[    3.965019] i2c i2c-0: Added multiplexed i2c bus 2
[    3.970411] random: fast init done
[    3.973885] ina2xx 3-0040: power monitor ina226 (Rshunt = 2000 uOhm)
[    3.980911] ina2xx 3-0041: power monitor ina226 (Rshunt = 5000 uOhm)
[    3.987937] ina2xx 3-0042: power monitor ina226 (Rshunt = 5000 uOhm)
[    3.994968] ina2xx 3-0043: power monitor ina226 (Rshunt = 5000 uOhm)
[    4.001995] ina2xx 3-0044: power monitor ina226 (Rshunt = 5000 uOhm)
[    4.009022] ina2xx 3-0045: power monitor ina226 (Rshunt = 5000 uOhm)
[    4.016055] ina2xx 3-0046: power monitor ina226 (Rshunt = 5000 uOhm)
[    4.023085] ina2xx 3-0047: power monitor ina226 (Rshunt = 5000 uOhm)
[    4.029485] i2c i2c-0: Added multiplexed i2c bus 3
[    4.085343] i2c i2c-0: Added multiplexed i2c bus 4
[    4.090286] i2c i2c-0: Added multiplexed i2c bus 5
[    4.095075] pca954x 0-0075: registered 4 multiplexed busses for I2C mux pca9544
[    4.102425] cdns-i2c ff020000.i2c: 400 kHz mmio ff020000 irq 32
[    4.110154] at24 6-0054: supply vcc not found, using dummy regulator
[    4.117053] at24 6-0054: 1024 byte 24c08 EEPROM, writable, 1 bytes/write
[    4.123805] i2c i2c-1: Added multiplexed i2c bus 6
[    4.130233] si5341 7-0036: Chip: 5341 Grade: 1 Rev: 1
[    4.167910] i2c i2c-1: Added multiplexed i2c bus 7
[    4.175563] si570 8-005d: registered, current frequency 300000000 Hz
[    4.181968] i2c i2c-1: Added multiplexed i2c bus 8
[    4.201753] si570 9-005d: registered, current frequency 148500000 Hz
[    4.208156] i2c i2c-1: Added multiplexed i2c bus 9
[    4.213195] si5324 10-0069: si5328 probed
[    4.280081] si5324 10-0069: si5328 probe successful
[    4.285011] i2c i2c-1: Added multiplexed i2c bus 10
[    4.290037] i2c i2c-1: Added multiplexed i2c bus 11
[    4.295065] i2c i2c-1: Added multiplexed i2c bus 12
[    4.300084] i2c i2c-1: Added multiplexed i2c bus 13
[    4.304957] pca954x 1-0074: registered 8 multiplexed busses for I2C switch pca9548
[    4.313070] at24 14-0050: supply vcc not found, using dummy regulator
[    4.319862] at24 14-0050: 256 byte 24c02 EEPROM, writable, 1 bytes/write
[    4.326609] i2c i2c-1: Added multiplexed i2c bus 14
[    4.331650] i2c i2c-1: Added multiplexed i2c bus 15
[    4.336682] i2c i2c-1: Added multiplexed i2c bus 16
[    4.341720] i2c i2c-1: Added multiplexed i2c bus 17
[    4.346750] i2c i2c-1: Added multiplexed i2c bus 18
[    4.351796] i2c i2c-1: Added multiplexed i2c bus 19
[    4.356834] i2c i2c-1: Added multiplexed i2c bus 20
[    4.361866] i2c i2c-1: Added multiplexed i2c bus 21
[    4.366741] pca954x 1-0075: registered 8 multiplexed busses for I2C switch pca9548
[    4.374350] cdns-i2c ff030000.i2c: 400 kHz mmio ff030000 irq 33
[    4.384104] cdns-wdt fd4d0000.watchdog: Xilinx Watchdog Timer with timeout 60s
[    4.395044] axi_adxcvr 84a60000.axi-adxcvr-rx: AXI-ADXCVR-RX (17.05.a) using CPLL on GTH4 at 0x84A60000. Number of lanes: 4.
[    4.407193] axi_adxcvr 84b60000.axi-adxcvr-tx: AXI-ADXCVR-TX (17.05.a) using QPLL on GTH4 at 0x84B60000. Number of lanes: 4.
[    4.418814] axi-jesd204-rx 84a90000.axi-jesd204-rx: AXI-JESD204-RX (1.07.a) at 0x84A90000. Encoder 8b10b, width 4/4, lanes 4, jesd204-fsm.
[    4.426128] mmc0: SDHCI controller on ff170000.mmc [ff170000.mmc] using ADMA 64-bit
[    4.431659] axi-jesd204-tx 84b90000.axi-jesd204-tx: AXI-JESD204-TX (1.06.a) at 0x84B90000. Encoder 8b10b, width 4/4, lanes 4, jesd204-fsm.
[    4.452381] zynqmp-display fd4a0000.display: vtc bridge property not present
[    4.462029] xilinx-dp-snd-codec fd4a0000.display:zynqmp_dp_snd_codec0: Failed to get required clock freq
[    4.471535] xilinx-dp-snd-codec: probe of fd4a0000.display:zynqmp_dp_snd_codec0 failed with error -22
[    4.473503] mmc0: new high speed SDHC card at address 0001
[    4.481076] xilinx-dp-snd-pcm zynqmp_dp_snd_pcm0: Xilinx DisplayPort Sound PCM probed
[    4.486587] mmcblk0: mmc0:0001 EB1QT 29.8 GiB 
[    4.494392] xilinx-dp-snd-pcm zynqmp_dp_snd_pcm1: Xilinx DisplayPort Sound PCM probed
[    4.499775]  mmcblk0: p1 p2 p3
[    4.506697] OF: graph: no port node found in /axi/display@fd4a0000
[    4.515771] xlnx-drm xlnx-drm.0: bound fd4a0000.display (ops 0xffffffc010fcbdb8)
[    5.599737] zynqmp-display fd4a0000.display: [drm] Cannot find any crtc or sizes
[    5.607350] [drm] Initialized xlnx 1.0.0 20130509 for fd4a0000.display on minor 0
[    5.614840] zynqmp-display fd4a0000.display: ZynqMP DisplayPort Subsystem driver probed
[    5.623166] ahci-ceva fd0c0000.ahci: supply ahci not found, using dummy regulator
[    5.630711] ahci-ceva fd0c0000.ahci: supply phy not found, using dummy regulator
[    5.638161] ahci-ceva fd0c0000.ahci: supply target not found, using dummy regulator
[    5.646000] ahci-ceva fd0c0000.ahci: AHCI 0001.0301 32 slots 2 ports 6 Gbps 0x3 impl platform mode
[    5.654956] ahci-ceva fd0c0000.ahci: flags: 64bit ncq sntf pm clo only pmp fbs pio slum part ccc sds apst 
[    5.665656] scsi host0: ahci-ceva
[    5.669252] scsi host1: ahci-ceva
[    5.672682] ata1: SATA max UDMA/133 mmio [mem 0xfd0c0000-0xfd0c1fff] port 0x100 irq 45
[    5.680595] ata2: SATA max UDMA/133 mmio [mem 0xfd0c0000-0xfd0c1fff] port 0x180 irq 45
[    5.689190] ad9081 spi1.0: supply vdd not found, using dummy regulator
[    6.001974] ata1: SATA link down (SStatus 0 SControl 330)
[    6.007394] ata2: SATA link down (SStatus 0 SControl 330)
[    6.683740] zynqmp-display fd4a0000.display: [drm] Cannot find any crtc or sizes
[    6.881215] ad9081 spi1.0: Invalid param passed., "ref_clk_hz < 100000000ULL" in adi_ad9081_device_clk_config_set(...), line554 in drivers/iio/adc/ad9081/adi_ad9081_device.c
[    7.548492] ad9081 spi1.0: AD9081 Rev. 2 Grade 10 (API 1.2.2) probed
[    7.555708] xhci-hcd xhci-hcd.1.auto: xHCI Host Controller
[    7.561204] xhci-hcd xhci-hcd.1.auto: new USB bus registered, assigned bus number 1
[    7.568945] xhci-hcd xhci-hcd.1.auto: hcc params 0x0238f625 hci version 0x100 quirks 0x0000000002010810
[    7.578358] xhci-hcd xhci-hcd.1.auto: irq 59, io mem 0xfe200000
[    7.584464] usb usb1: New USB device found, idVendor=1d6b, idProduct=0002, bcdDevice= 5.10
[    7.592723] usb usb1: New USB device strings: Mfr=3, Product=2, SerialNumber=1
[    7.599940] usb usb1: Product: xHCI Host Controller
[    7.604810] usb usb1: Manufacturer: Linux 5.10.0-98103-g2aa7ac113716 xhci-hcd
[    7.611936] usb usb1: SerialNumber: xhci-hcd.1.auto
[    7.617100] hub 1-0:1.0: USB hub found
[    7.620864] hub 1-0:1.0: 1 port detected
[    7.624969] xhci-hcd xhci-hcd.1.auto: xHCI Host Controller
[    7.630456] xhci-hcd xhci-hcd.1.auto: new USB bus registered, assigned bus number 2
[    7.638112] xhci-hcd xhci-hcd.1.auto: Host supports USB 3.0 SuperSpeed
[    7.644741] usb usb2: New USB device found, idVendor=1d6b, idProduct=0003, bcdDevice= 5.10
[    7.653005] usb usb2: New USB device strings: Mfr=3, Product=2, SerialNumber=1
[    7.660228] usb usb2: Product: xHCI Host Controller
[    7.665101] usb usb2: Manufacturer: Linux 5.10.0-98103-g2aa7ac113716 xhci-hcd
[    7.672227] usb usb2: SerialNumber: xhci-hcd.1.auto
[    7.677333] hub 2-0:1.0: USB hub found
[    7.681089] hub 2-0:1.0: 1 port detected
[    7.711146] cf_axi_adc 84a10000.axi-ad9081-rx-hpc: ADI AIM (10.01.b) at 0x84A10000 mapped to 0x(____ptrval____), probed ADC AD9081 as MASTER
[    7.744559] cf_axi_dds 84b10000.axi-ad9081-tx-hpc: Analog Devices CF_AXI_DDS_DDS MASTER (9.01.b) at 0x84B10000 mapped to 0x(____ptrval____), probed DDS AD9081
[    7.758759] jesd204: /axi/spi@ff040000/ad9081@0,jesd204:0,parent=spi1.0: JESD204[2] transition initialized -> probed
[    7.769279] jesd204: /axi/spi@ff040000/ad9081@0,jesd204:0,parent=spi1.0: JESD204[0] transition initialized -> probed
[    7.779800] jesd204: /axi/spi@ff040000/ad9081@0,jesd204:0,parent=spi1.0: JESD204[2] transition probed -> idle
[    7.789710] jesd204: /axi/spi@ff040000/ad9081@0,jesd204:0,parent=spi1.0: JESD204[0] transition probed -> idle
[    7.799624] jesd204: /axi/spi@ff040000/ad9081@0,jesd204:0,parent=spi1.0: JESD204[2] transition idle -> device_init
[    7.809967] jesd204: /axi/spi@ff040000/ad9081@0,jesd204:0,parent=spi1.0: JESD204[0] transition idle -> device_init
[    7.820319] jesd204: /axi/spi@ff040000/ad9081@0,jesd204:0,parent=spi1.0: JESD204[2] transition device_init -> link_init
[    7.831094] jesd204: /axi/spi@ff040000/ad9081@0,jesd204:0,parent=spi1.0: JESD204[0] transition device_init -> link_init
[    7.841886] jesd204: /axi/spi@ff040000/ad9081@0,jesd204:0,parent=spi1.0: JESD204[2] transition link_init -> link_supported
[    7.852925] jesd204: /axi/spi@ff040000/ad9081@0,jesd204:0,parent=spi1.0: JESD204[0] transition link_init -> link_supported
[    7.864334] hmc7044 spi2.0: hmc7044_jesd204_link_pre_setup: Link2 forcing continuous SYSREF mode
[    7.873484] axi-jesd204-tx 84b90000.axi-jesd204-tx: axi_jesd204_tx_jesd204_link_pre_setup: Link0 set lane rate 4320000 kHz failed (-22)
[    7.885650] jesd204: /fpga-axi@0/axi-jesd204-tx@84b90000,jesd204:5,parent=84b90000.axi-jesd204-tx: JESD204[0] In link_pre_setup got error from cb: -22
[    7.899120] jesd204: /axi/spi@ff040000/ad9081@0,jesd204:0,parent=spi1.0: Rolling back from 'link_supported', got error -22
[    7.910169] jesd204: /axi/spi@ff040000/ad9081@0,jesd204:0,parent=spi1.0: JESD204[0] transition link_supported -> link_pre_setup
[    7.921643] jesd204: /axi/spi@ff040000/ad9081@0,jesd204:0,parent=spi1.0: JESD204[2] transition link_supported -> link_pre_setup
[    7.933121] jesd204: /axi/spi@ff040000/ad9081@0,jesd204:0,parent=spi1.0: JESD204[0] transition link_pre_setup -> link_supported
[    7.944595] jesd204: /axi/spi@ff040000/ad9081@0,jesd204:0,parent=spi1.0: JESD204[2] transition link_pre_setup -> link_supported
[    7.956071] jesd204: /axi/spi@ff040000/ad9081@0,jesd204:0,parent=spi1.0: JESD204[0] transition link_supported -> link_init
[    7.967109] jesd204: /axi/spi@ff040000/ad9081@0,jesd204:0,parent=spi1.0: JESD204[2] transition link_supported -> link_init
[    7.978156] jesd204: /axi/spi@ff040000/ad9081@0,jesd204:0,parent=spi1.0: JESD204[0] transition link_init -> device_init
[    7.988935] jesd204: /axi/spi@ff040000/ad9081@0,jesd204:0,parent=spi1.0: JESD204[2] transition link_init -> device_init
[    7.999719] jesd204: /axi/spi@ff040000/ad9081@0,jesd204:0,parent=spi1.0: JESD204[0] transition device_init -> idle
[    8.010066] jesd204: /axi/spi@ff040000/ad9081@0,jesd204:0,parent=spi1.0: JESD204[2] transition device_init -> idle
[    8.020417] jesd204: /axi/spi@ff040000/ad9081@0,jesd204:0,parent=spi1.0: JESD204[2] transition idle -> idle
[    8.030153] jesd204: /axi/spi@ff040000/ad9081@0,jesd204:0,parent=spi1.0: JESD204[0] transition idle -> idle
[    8.039894] jesd204: /axi/spi@ff040000/ad9081@0,jesd204:0,parent=spi1.0: JESD204[2] transition idle -> device_init
[    8.050238] jesd204: /axi/spi@ff040000/ad9081@0,jesd204:0,parent=spi1.0: JESD204[0] transition idle -> device_init
[    8.060588] jesd204: /axi/spi@ff040000/ad9081@0,jesd204:0,parent=spi1.0: JESD204[2] transition device_init -> link_init
[    8.071370] jesd204: /axi/spi@ff040000/ad9081@0,jesd204:0,parent=spi1.0: JESD204[0] transition device_init -> link_init
[    8.082153] jesd204: /axi/spi@ff040000/ad9081@0,jesd204:0,parent=spi1.0: JESD204[2] transition link_init -> link_supported
[    8.093194] jesd204: /axi/spi@ff040000/ad9081@0,jesd204:0,parent=spi1.0: JESD204[0] transition link_init -> link_supported
[    8.104571] axi-jesd204-tx 84b90000.axi-jesd204-tx: axi_jesd204_tx_jesd204_link_pre_setup: Link0 set lane rate 4320000 kHz failed (-22)
[    8.116741] jesd204: /fpga-axi@0/axi-jesd204-tx@84b90000,jesd204:5,parent=84b90000.axi-jesd204-tx: JESD204[0] In link_pre_setup got error from cb: -22
[    8.130207] jesd204: /axi/spi@ff040000/ad9081@0,jesd204:0,parent=spi1.0: Rolling back from 'link_supported', got error -22
[    8.141250] jesd204: /axi/spi@ff040000/ad9081@0,jesd204:0,parent=spi1.0: JESD204[0] transition link_supported -> link_pre_setup
[    8.152726] jesd204: /axi/spi@ff040000/ad9081@0,jesd204:0,parent=spi1.0: JESD204[2] transition link_supported -> link_pre_setup
[    8.164201] jesd204: /axi/spi@ff040000/ad9081@0,jesd204:0,parent=spi1.0: JESD204[0] transition link_pre_setup -> link_supported
[    8.175672] jesd204: /axi/spi@ff040000/ad9081@0,jesd204:0,parent=spi1.0: JESD204[2] transition link_pre_setup -> link_supported
[    8.187150] jesd204: /axi/spi@ff040000/ad9081@0,jesd204:0,parent=spi1.0: JESD204[0] transition link_supported -> link_init
[    8.198187] jesd204: /axi/spi@ff040000/ad9081@0,jesd204:0,parent=spi1.0: JESD204[2] transition link_supported -> link_init
[    8.209235] jesd204: /axi/spi@ff040000/ad9081@0,jesd204:0,parent=spi1.0: JESD204[0] transition link_init -> device_init
[    8.220010] jesd204: /axi/spi@ff040000/ad9081@0,jesd204:0,parent=spi1.0: JESD204[2] transition link_init -> device_init
[    8.230793] jesd204: /axi/spi@ff040000/ad9081@0,jesd204:0,parent=spi1.0: JESD204[0] transition device_init -> idle
[    8.241141] jesd204: /axi/spi@ff040000/ad9081@0,jesd204:0,parent=spi1.0: JESD204[2] transition device_init -> idle
[    8.251489] jesd204: /axi/spi@ff040000/ad9081@0,jesd204:0,parent=spi1.0: JESD204[2] transition idle -> idle
[    8.261222] jesd204: /axi/spi@ff040000/ad9081@0,jesd204:0,parent=spi1.0: JESD204[0] transition idle -> idle
[    8.270964] jesd204: /axi/spi@ff040000/ad9081@0,jesd204:0,parent=spi1.0: JESD204[2] transition idle -> device_init
[    8.281308] jesd204: /axi/spi@ff040000/ad9081@0,jesd204:0,parent=spi1.0: JESD204[0] transition idle -> device_init
[    8.291658] jesd204: /axi/spi@ff040000/ad9081@0,jesd204:0,parent=spi1.0: JESD204[2] transition device_init -> link_init
[    8.302435] jesd204: /axi/spi@ff040000/ad9081@0,jesd204:0,parent=spi1.0: JESD204[0] transition device_init -> link_init
[    8.313224] jesd204: /axi/spi@ff040000/ad9081@0,jesd204:0,parent=spi1.0: JESD204[2] transition link_init -> link_supported
[    8.324266] jesd204: /axi/spi@ff040000/ad9081@0,jesd204:0,parent=spi1.0: JESD204[0] transition link_init -> link_supported
[    8.335602] axi-jesd204-tx 84b90000.axi-jesd204-tx: axi_jesd204_tx_jesd204_link_pre_setup: Link0 set lane rate 4320000 kHz failed (-22)
[    8.347773] jesd204: /fpga-axi@0/axi-jesd204-tx@84b90000,jesd204:5,parent=84b90000.axi-jesd204-tx: JESD204[0] In link_pre_setup got error from cb: -22
[    8.361243] jesd204: /axi/spi@ff040000/ad9081@0,jesd204:0,parent=spi1.0: Rolling back from 'link_supported', got error -22
[    8.372291] jesd204: /axi/spi@ff040000/ad9081@0,jesd204:0,parent=spi1.0: JESD204[0] transition link_supported -> link_pre_setup
[    8.383767] jesd204: /axi/spi@ff040000/ad9081@0,jesd204:0,parent=spi1.0: JESD204[2] transition link_supported -> link_pre_setup
[    8.395245] jesd204: /axi/spi@ff040000/ad9081@0,jesd204:0,parent=spi1.0: JESD204[0] transition link_pre_setup -> link_supported
[    8.406716] jesd204: /axi/spi@ff040000/ad9081@0,jesd204:0,parent=spi1.0: JESD204[2] transition link_pre_setup -> link_supported
[    8.418194] jesd204: /axi/spi@ff040000/ad9081@0,jesd204:0,parent=spi1.0: JESD204[0] transition link_supported -> link_init
[    8.429232] jesd204: /axi/spi@ff040000/ad9081@0,jesd204:0,parent=spi1.0: JESD204[2] transition link_supported -> link_init
[    8.440278] jesd204: /axi/spi@ff040000/ad9081@0,jesd204:0,parent=spi1.0: JESD204[0] transition link_init -> device_init
[    8.451056] jesd204: /axi/spi@ff040000/ad9081@0,jesd204:0,parent=spi1.0: JESD204[2] transition link_init -> device_init
[    8.461838] jesd204: /axi/spi@ff040000/ad9081@0,jesd204:0,parent=spi1.0: JESD204[0] transition device_init -> idle
[    8.472181] jesd204: /axi/spi@ff040000/ad9081@0,jesd204:0,parent=spi1.0: JESD204[2] transition device_init -> idle
[    8.482532] jesd204: /axi/spi@ff040000/ad9081@0,jesd204:0,parent=spi1.0: JESD204[2] transition idle -> idle
[    8.492266] jesd204: /axi/spi@ff040000/ad9081@0,jesd204:0,parent=spi1.0: JESD204[0] transition idle -> idle
[    8.502012] jesd204: /axi/spi@ff040000/ad9081@0,jesd204:0,parent=spi1.0: JESD204[2] transition idle -> device_init
[    8.512353] jesd204: /axi/spi@ff040000/ad9081@0,jesd204:0,parent=spi1.0: JESD204[0] transition idle -> device_init
[    8.522702] jesd204: /axi/spi@ff040000/ad9081@0,jesd204:0,parent=spi1.0: JESD204[2] transition device_init -> link_init
[    8.533479] jesd204: /axi/spi@ff040000/ad9081@0,jesd204:0,parent=spi1.0: JESD204[0] transition device_init -> link_init
[    8.544267] jesd204: /axi/spi@ff040000/ad9081@0,jesd204:0,parent=spi1.0: JESD204[2] transition link_init -> link_supported
[    8.555311] jesd204: /axi/spi@ff040000/ad9081@0,jesd204:0,parent=spi1.0: JESD204[0] transition link_init -> link_supported
[    8.566646] axi-jesd204-tx 84b90000.axi-jesd204-tx: axi_jesd204_tx_jesd204_link_pre_setup: Link0 set lane rate 4320000 kHz failed (-22)
[    8.578817] jesd204: /fpga-axi@0/axi-jesd204-tx@84b90000,jesd204:5,parent=84b90000.axi-jesd204-tx: JESD204[0] In link_pre_setup got error from cb: -22
[    8.592288] jesd204: /axi/spi@ff040000/ad9081@0,jesd204:0,parent=spi1.0: Rolling back from 'link_supported', got error -22
[    8.603329] jesd204: /axi/spi@ff040000/ad9081@0,jesd204:0,parent=spi1.0: JESD204[0] transition link_supported -> link_pre_setup
[    8.614801] jesd204: /axi/spi@ff040000/ad9081@0,jesd204:0,parent=spi1.0: JESD204[2] transition link_supported -> link_pre_setup
[    8.626284] jesd204: /axi/spi@ff040000/ad9081@0,jesd204:0,parent=spi1.0: JESD204[0] transition link_pre_setup -> link_supported
[    8.637762] jesd204: /axi/spi@ff040000/ad9081@0,jesd204:0,parent=spi1.0: JESD204[2] transition link_pre_setup -> link_supported
[    8.649239] jesd204: /axi/spi@ff040000/ad9081@0,jesd204:0,parent=spi1.0: JESD204[0] transition link_supported -> link_init
[    8.660276] jesd204: /axi/spi@ff040000/ad9081@0,jesd204:0,parent=spi1.0: JESD204[2] transition link_supported -> link_init
[    8.671323] jesd204: /axi/spi@ff040000/ad9081@0,jesd204:0,parent=spi1.0: JESD204[0] transition link_init -> device_init
[    8.682098] jesd204: /axi/spi@ff040000/ad9081@0,jesd204:0,parent=spi1.0: JESD204[2] transition link_init -> device_init
[    8.692881] jesd204: /axi/spi@ff040000/ad9081@0,jesd204:0,parent=spi1.0: JESD204[0] transition device_init -> idle
[    8.703225] jesd204: /axi/spi@ff040000/ad9081@0,jesd204:0,parent=spi1.0: JESD204[2] transition device_init -> idle
[    8.713572] jesd204: /axi/spi@ff040000/ad9081@0,jesd204:0,parent=spi1.0: FSM completed with error -22
[    8.732016] input: gpio-keys as /devices/platform/gpio-keys/input/input0
[    8.739032] of_cfs_init
[    8.741493] of_cfs_init: OK
[    8.744427] cfg80211: Loading compiled-in X.509 certificates for regulatory database
[    8.882680] cfg80211: Loaded X.509 cert 'sforshee: 00b28ddf47aef9cea7'
[    8.889209] clk: Not disabling unused clocks
[    8.893738] ALSA device list:
[    8.896697]   No soundcards found.
[    8.900354] platform regulatory.0: Direct firmware load for regulatory.db failed with error -2
[    8.908960] cfg80211: failed to load regulatory.db
[    8.923988] EXT4-fs (mmcblk0p2): mounted filesystem with ordered data mode. Opts: (null)
[    8.932102] VFS: Mounted root (ext4 filesystem) on device 179:2.
[    8.945921] devtmpfs: mounted
[    8.949735] Freeing unused kernel memory: 2560K
[    8.963775] Run /sbin/init as init process
[    8.967867]   with arguments:
[    8.967870]     /sbin/init
[    8.967872]   with environment:
[    8.967874]     HOME=/
[    8.967877]     TERM=linux
[    9.557318] systemd[1]: systemd 241 running in system mode. (+PAM +AUDIT +SELINUX +IMA +APPARMOR +SMACK +SYSVINIT +UTMP +LIBCRYPTSETUP +GCRYPT +GNUTLS +ACL +XZ +LZ4 +SECCOMP +BLKID +ELFUTILS +KMOD -IDN2 +IDN -PCRE2 default-hierarchy=hybrid)
[    9.579187] systemd[1]: Detected architecture arm64.
[    9.604468] systemd[1]: Set hostname to <analog>.
[    9.793739] systemd[1]: File /lib/systemd/system/systemd-journald.service:12 configures an IP firewall (IPAddressDeny=any), but the local system does not support BPF/cgroup based firewalling.
[    9.810828] systemd[1]: Proceeding WITHOUT firewalling in effect! (This warning is only shown for the first loaded unit using IP firewalling.)
[    9.977466] systemd[1]: /etc/systemd/system/tof-server.service:1: Assignment outside of section. Ignoring.
[    9.987189] systemd[1]: /etc/systemd/system/tof-server.service:2: Assignment outside of section. Ignoring.
[   10.173909] random: systemd: uninitialized urandom read (16 bytes read)
[   10.188781] systemd[1]: Condition check resulted in Arbitrary Executable File Formats File System Automount Point being skipped.
[   10.200384] random: systemd: uninitialized urandom read (16 bytes read)
[   10.207182] systemd[1]: Listening on initctl Compatibility Named Pipe.
[   10.231797] random: systemd: uninitialized urandom read (16 bytes read)
[   10.238692] systemd[1]: Listening on Syslog Socket.
[   10.853901] ------------[ cut here ]------------
[   10.853909] Enabling unprepared \xa0\xe9Q\x88\xff\xff\xffpQ\x88\xff\xff\xff
[   10.853954] WARNING: CPU: 0 PID: 113 at drivers/clk/clk.c:1012 clk_core_enable+0xa4/0xc0
[   10.853957] Modules linked in:
[   10.853967] CPU: 0 PID: 113 Comm: kworker/0:1H Not tainted 5.10.0-98103-g2aa7ac113716 #5577
[   10.853970] Hardware name: ZynqMP ZCU102 Rev1.0 (DT)
[   10.853979] Workqueue: kblockd blk_mq_run_work_fn
[   10.853987] pstate: 80000085 (Nzcv daIf -PAN -UAO -TCO BTYPE=--)
[   10.853992] pc : clk_core_enable+0xa4/0xc0
[   10.853998] lr : clk_core_enable+0xa4/0xc0
[   10.854000] sp : ffffffc0127cb2d0
[   10.854003] x29: ffffffc0127cb2d0 x28: ffffff8800330c10 
[   10.854010] x27: ffffff8800330d48 x26: 0000005000000101 
[   10.854017] x25: 0000000280ffdf52 x24: 0000000000000001 
[   10.854023] x23: ffffff88010e9380 x22: ffffff8801083220 
[   10.854030] x21: ffffff8801517000 x20: ffffff8801517008 
[   10.854037] x19: ffffff8801517008 x18: 0000000000000030 
[   10.854043] x17: 0000000000000002 x16: 0000aeb6c6c367fc 
[   10.854050] x15: ffffffffffff9d48 x14: ffffffc011d3b1a0 
[   10.854056] x13: ffffffc011d3b1c8 x12: 0000000000000675 
[   10.854063] x11: 0000000000000227 x10: ffffffc011d671c8 
[   10.854070] x9 : 00000000fffff800 x8 : ffffffc011d3b1c8 
[   10.854076] x7 : ffffffc011d671c8 x6 : 0000000000000001 
[   10.854082] x5 : ffffff887f7669e0 x4 : 0000000000000000 
[   10.854089] x3 : 0000000000000027 x2 : 0000000000000023 
[   10.854095] x1 : 4fe1ff3be03d6400 x0 : 0000000000000000 
[   10.854102] Call trace:
[   10.854108]  clk_core_enable+0xa4/0xc0
[   10.854113]  clk_enable+0x2c/0x60
[   10.854119]  zynqmp_runtime_resume+0x24/0x84
[   10.854126]  pm_generic_runtime_resume+0x30/0x50
[   10.854132]  __genpd_runtime_resume+0x30/0xb0
[   10.854138]  genpd_runtime_resume+0x90/0x250
[   10.854144]  __rpm_callback+0x10c/0x1e0
[   10.854149]  rpm_callback+0x5c/0x84
[   10.854154]  rpm_resume+0x4a4/0x74c
[   10.854159]  __pm_runtime_resume+0x78/0xc4
[   10.854164]  spi_mem_access_start.isra.0+0x30/0x80
[   10.854168]  spi_mem_exec_op+0x3b0/0x424
[   10.854173]  spi_nor_read_sr+0x78/0xe0
[   10.854178]  spi_nor_wait_till_ready_with_timeout+0xb4/0x2f0
[   10.854182]  spi_nor_read+0x188/0x380
[   10.854187]  mtd_read_oob_std+0x78/0x84
[   10.854192]  mtd_read_oob+0x7c/0x134
[   10.854196]  mtd_read+0x48/0x7c
[   10.854202]  mtdblock_readsect+0x6c/0x150
[   10.854207]  mtd_queue_rq+0x2cc/0x5a0
[   10.854212]  blk_mq_dispatch_rq_list+0x110/0x790
[   10.854219]  __blk_mq_do_dispatch_sched+0x200/0x274
[   10.854224]  __blk_mq_sched_dispatch_requests+0x1a8/0x1fc
[   10.854230]  blk_mq_sched_dispatch_requests+0x3c/0x7c
[   10.854235]  __blk_mq_run_hw_queue+0x98/0x100
[   10.854239]  blk_mq_run_work_fn+0x24/0x30
[   10.854245]  process_one_work+0x1d4/0x380
[   10.854249]  worker_thread+0x78/0x4e0
[   10.854254]  kthread+0x124/0x130
[   10.854260]  ret_from_fork+0x10/0x3c
[   10.854263] ---[ end trace 417664c7a40f36db ]---
[   10.854272] zynqmp-qspi ff0f0000.spi: Cannot enable APB clock.
[   10.854321] spi_master spi0: Failed to power device: -108
[   10.854331] blk_update_request: I/O error, dev mtdblock0, sector 8 op 0x0:(READ) flags 0x80700 phys_seg 1 prio class 0
[   10.854409] spi_master spi0: Failed to power device: -22
[   10.854416] blk_update_request: I/O error, dev mtdblock0, sector 8 op 0x0:(READ) flags 0x0 phys_seg 8 prio class 0
[   10.854421] Buffer I/O error on dev mtdblock0, logical block 8, async page read
[   10.854431] spi_master spi0: Failed to power device: -22
[   10.854436] blk_update_request: I/O error, dev mtdblock0, sector 9 op 0x0:(READ) flags 0x0 phys_seg 7 prio class 0
[   10.854440] Buffer I/O error on dev mtdblock0, logical block 9, async page read
[   10.854448] spi_master spi0: Failed to power device: -22
[   10.854453] blk_update_request: I/O error, dev mtdblock0, sector 10 op 0x0:(READ) flags 0x0 phys_seg 6 prio class 0
[   10.854457] Buffer I/O error on dev mtdblock0, logical block 10, async page read
[   10.854464] spi_master spi0: Failed to power device: -22
[   10.854470] blk_update_request: I/O error, dev mtdblock0, sector 11 op 0x0:(READ) flags 0x0 phys_seg 5 prio class 0
[   10.854473] Buffer I/O error on dev mtdblock0, logical block 11, async page read
[   10.854480] spi_master spi0: Failed to power device: -22
[   10.854486] blk_update_request: I/O error, dev mtdblock0, sector 12 op 0x0:(READ) flags 0x0 phys_seg 4 prio class 0
[   10.854490] Buffer I/O error on dev mtdblock0, logical block 12, async page read
[   10.854496] spi_master spi0: Failed to power device: -22
[   10.854502] blk_update_request: I/O error, dev mtdblock0, sector 13 op 0x0:(READ) flags 0x0 phys_seg 3 prio class 0
[   10.854506] Buffer I/O error on dev mtdblock0, logical block 13, async page read
[   10.854512] spi_master spi0: Failed to power device: -22
[   10.854518] blk_update_request: I/O error, dev mtdblock0, sector 14 op 0x0:(READ) flags 0x0 phys_seg 2 prio class 0
[   10.854521] Buffer I/O error on dev mtdblock0, logical block 14, async page read
[   10.854528] spi_master spi0: Failed to power device: -22
[   10.854533] blk_update_request: I/O error, dev mtdblock0, sector 15 op 0x0:(READ) flags 0x0 phys_seg 1 prio class 0
[   10.854537] Buffer I/O error on dev mtdblock0, logical block 15, async page read
[   10.854858] spi_master spi0: Failed to power device: -22
[   10.854865] blk_update_request: I/O error, dev mtdblock1, sector 10112 op 0x0:(READ) flags 0x80700 phys_seg 1 prio class 0
[   10.854911] spi_master spi0: Failed to power device: -22
[   10.854917] Buffer I/O error on dev mtdblock1, logical block 10112, async page read
[   10.854925] spi_master spi0: Failed to power device: -22
[   10.854929] Buffer I/O error on dev mtdblock1, logical block 10113, async page read
[   10.854937] spi_master spi0: Failed to power device: -22
[   10.854944] spi_master spi0: Failed to power device: -22
[   10.854952] spi_master spi0: Failed to power device: -22
[   10.854959] spi_master spi0: Failed to power device: -22
[   10.854966] spi_master spi0: Failed to power device: -22
[   10.854974] spi_master spi0: Failed to power device: -22
[   10.855212] spi_master spi0: Failed to power device: -22
[   10.855255] spi_master spi0: Failed to power device: -22
[   10.855264] spi_master spi0: Failed to power device: -22
[   10.855272] spi_master spi0: Failed to power device: -22
[   10.855279] spi_master spi0: Failed to power device: -22
[   10.855287] spi_master spi0: Failed to power device: -22
[   10.855294] spi_master spi0: Failed to power device: -22
[   10.855301] spi_master spi0: Failed to power device: -22
[   10.855308] spi_master spi0: Failed to power device: -22
[   10.855571] spi_master spi0: Failed to power device: -22
[   10.855614] spi_master spi0: Failed to power device: -22
[   10.855623] spi_master spi0: Failed to power device: -22
[   10.855631] spi_master spi0: Failed to power device: -22
[   10.855638] spi_master spi0: Failed to power device: -22
[   10.855645] spi_master spi0: Failed to power device: -22
[   10.855653] spi_master spi0: Failed to power device: -22
[   10.855660] spi_master spi0: Failed to power device: -22
[   10.855667] spi_master spi0: Failed to power device: -22
[   10.983863] EXT4-fs (mmcblk0p2): re-mounted. Opts: (null)
[   11.112547] systemd-journald[168]: Received request to flush runtime journal from PID 1
[   17.028092] macb ff0e0000.ethernet eth0: PHY [ff0e0000.ethernet-ffffffff:0c] driver [TI DP83867] (irq=POLL)
[   17.028103] macb ff0e0000.ethernet eth0: configuring for phy/rgmii-id link mode
[   17.351883] Adding 95228k swap on /var/swap.  Priority:-2 extents:2 across:615420k SS
[   19.179745] random: crng init done
[   19.179756] random: 7 urandom warning(s) missed due to ratelimiting
[   19.989354] broken atomic modeset userspace detected, disabling atomic
[   20.097352] macb ff0e0000.ethernet eth0: Link is Up - 1Gbps/Full - flow control off
[   20.097375] IPv6: ADDRCONF(NETDEV_CHANGE): eth0: link becomes ready
[   22.669461] broken atomic modeset userspace detected, disabling atomic
[   25.664487] broken atomic modeset userspace detected, disabling atomic