[    0.000000] Booting Linux on physical CPU 0x0000000000 [0x410fd034]
[    0.000000] Linux version 5.10.0-98103-g2aa7ac113716 (jenkins@romlxbuild1.adlk.analog.com) (aarch64-xilinx-linux-gcc.real (GCC) 10.2.0, GNU ld (GNU Binutils) 2.35.0.20200730) #5577 SMP Wed Mar 23 07:28:49 GMT 2022
[    0.000000] Machine model: ZynqMP ZCU102 Rev1.0
[    0.000000] earlycon: cdns0 at MMIO 0x00000000ff000000 (options '115200n8')
[    0.000000] printk: bootconsole [cdns0] enabled
[    0.000000] efi: UEFI not found.
[    0.000000] cma: Reserved 256 MiB at 0x0000000070000000
[    0.000000] Zone ranges:
[    0.000000]   DMA      [mem 0x0000000000000000-0x000000003fffffff]
[    0.000000]   DMA32    [mem 0x0000000040000000-0x00000000ffffffff]
[    0.000000]   Normal   [mem 0x0000000100000000-0x000000087fffffff]
[    0.000000] Movable zone start for each node
[    0.000000] Early memory node ranges
[    0.000000]   node   0: [mem 0x0000000000000000-0x000000007fffffff]
[    0.000000]   node   0: [mem 0x0000000800000000-0x000000087fffffff]
[    0.000000] Initmem setup node 0 [mem 0x0000000000000000-0x000000087fffffff]
[    0.000000] On node 0 totalpages: 1048576
[    0.000000]   DMA zone: 3584 pages used for memmap
[    0.000000]   DMA zone: 0 pages reserved
[    0.000000]   DMA zone: 262144 pages, LIFO batch:63
[    0.000000]   DMA32 zone: 3584 pages used for memmap
[    0.000000]   DMA32 zone: 262144 pages, LIFO batch:63
[    0.000000]   Normal zone: 7168 pages used for memmap
[    0.000000]   Normal zone: 524288 pages, LIFO batch:63
[    0.000000] psci: probing for conduit method from DT.
[    0.000000] psci: PSCIv1.1 detected in firmware.
[    0.000000] psci: Using standard PSCI v0.2 function IDs
[    0.000000] psci: MIGRATE_INFO_TYPE not supported.
[    0.000000] psci: SMC Calling Convention v1.2
[    0.000000] percpu: Embedded 22 pages/cpu s49496 r8192 d32424 u90112
[    0.000000] pcpu-alloc: s49496 r8192 d32424 u90112 alloc=22*4096
[    0.000000] pcpu-alloc: [0] 0 [0] 1 [0] 2 [0] 3 
[    0.000000] Detected VIPT I-cache on CPU0
[    0.000000] CPU features: detected: ARM erratum 845719
[    0.000000] Built 1 zonelists, mobility grouping on.  Total pages: 1034240
[    0.000000] Kernel command line: console=ttyPS0,115200 root=/dev/mmcblk0p2 rw earlycon rootfstype=ext4 rootwait clk_ignore_unused cpuidle.off=1 root=/dev/mmcblk0p2 rw rootwait
[    0.000000] Dentry cache hash table entries: 524288 (order: 10, 4194304 bytes, linear)
[    0.000000] Inode-cache hash table entries: 262144 (order: 9, 2097152 bytes, linear)
[    0.000000] mem auto-init: stack:off, heap alloc:off, heap free:off
[    0.000000] software IO TLB: mapped [mem 0x000000003bfff000-0x000000003ffff000] (64MB)
[    0.000000] Memory: 3761904K/4194304K available (15296K kernel code, 1636K rwdata, 11876K rodata, 2560K init, 507K bss, 170256K reserved, 262144K cma-reserved)
[    0.000000] rcu: Hierarchical RCU implementation.
[    0.000000] rcu: 	RCU event tracing is enabled.
[    0.000000] rcu: 	RCU restricting CPUs from NR_CPUS=8 to nr_cpu_ids=4.
[    0.000000] rcu: RCU calculated value of scheduler-enlistment delay is 25 jiffies.
[    0.000000] rcu: Adjusting geometry for rcu_fanout_leaf=16, nr_cpu_ids=4
[    0.000000] NR_IRQS: 64, nr_irqs: 64, preallocated irqs: 0
[    0.000000] GIC: Adjusting CPU interface base to 0x00000000f902f000
[    0.000000] GIC: Using split EOI/Deactivate mode
[    0.000000] random: get_random_bytes called from start_kernel+0x31c/0x54c with crng_init=0
[    0.000000] arch_timer: cp15 timer(s) running at 100.00MHz (phys).
[    0.000000] clocksource: arch_sys_counter: mask: 0xffffffffffffff max_cycles: 0x171024e7e0, max_idle_ns: 440795205315 ns
[    0.000003] sched_clock: 56 bits at 100MHz, resolution 10ns, wraps every 4398046511100ns
[    0.008463] Console: colour dummy device 80x25
[    0.012482] Calibrating delay loop (skipped), value calculated using timer frequency.. 200.00 BogoMIPS (lpj=400000)
[    0.022840] pid_max: default: 32768 minimum: 301
[    0.027552] Mount-cache hash table entries: 8192 (order: 4, 65536 bytes, linear)
[    0.034789] Mountpoint-cache hash table entries: 8192 (order: 4, 65536 bytes, linear)
[    0.043397] rcu: Hierarchical SRCU implementation.
[    0.047560] EFI services will not be available.
[    0.051938] smp: Bringing up secondary CPUs ...
[    0.056657] Detected VIPT I-cache on CPU1
[    0.056696] CPU1: Booted secondary processor 0x0000000001 [0x410fd034]
[    0.057062] Detected VIPT I-cache on CPU2
[    0.057086] CPU2: Booted secondary processor 0x0000000002 [0x410fd034]
[    0.057424] Detected VIPT I-cache on CPU3
[    0.057447] CPU3: Booted secondary processor 0x0000000003 [0x410fd034]
[    0.057493] smp: Brought up 1 node, 4 CPUs
[    0.091779] SMP: Total of 4 processors activated.
[    0.096452] CPU features: detected: 32-bit EL0 Support
[    0.101555] CPU features: detected: CRC32 instructions
[    0.106695] CPU: All CPU(s) started at EL2
[    0.110735] alternatives: patching kernel code
[    0.116168] devtmpfs: initialized
[    0.124071] Registered cp15_barrier emulation handler
[    0.124122] Registered setend emulation handler
[    0.128099] clocksource: jiffies: mask: 0xffffffff max_cycles: 0xffffffff, max_idle_ns: 7645041785100000 ns
[    0.137678] futex hash table entries: 1024 (order: 4, 65536 bytes, linear)
[    0.151033] pinctrl core: initialized pinctrl subsystem
[    0.151683] NET: Registered protocol family 16
[    0.156101] DMA: preallocated 512 KiB GFP_KERNEL pool for atomic allocations
[    0.162116] DMA: preallocated 512 KiB GFP_KERNEL|GFP_DMA pool for atomic allocations
[    0.169841] DMA: preallocated 512 KiB GFP_KERNEL|GFP_DMA32 pool for atomic allocations
[    0.177643] audit: initializing netlink subsys (disabled)
[    0.183095] audit: type=2000 audit(0.116:1): state=initialized audit_enabled=0 res=1
[    0.183438] hw-breakpoint: found 6 breakpoint and 4 watchpoint registers.
[    0.197471] ASID allocator initialised with 65536 entries
[    0.224367] HugeTLB registered 1.00 GiB page size, pre-allocated 0 pages
[    0.225420] HugeTLB registered 32.0 MiB page size, pre-allocated 0 pages
[    0.232090] HugeTLB registered 2.00 MiB page size, pre-allocated 0 pages
[    0.238754] HugeTLB registered 64.0 KiB page size, pre-allocated 0 pages
[    1.304338] DRBG: Continuing without Jitter RNG
[    1.382145] raid6: neonx8   gen()  2145 MB/s
[    1.450195] raid6: neonx8   xor()  1599 MB/s
[    1.518258] raid6: neonx4   gen()  2191 MB/s
[    1.586303] raid6: neonx4   xor()  1567 MB/s
[    1.654366] raid6: neonx2   gen()  2076 MB/s
[    1.722421] raid6: neonx2   xor()  1439 MB/s
[    1.790484] raid6: neonx1   gen()  1772 MB/s
[    1.858532] raid6: neonx1   xor()  1220 MB/s
[    1.926590] raid6: int64x8  gen()  1438 MB/s
[    1.994645] raid6: int64x8  xor()   771 MB/s
[    2.062709] raid6: int64x4  gen()  1598 MB/s
[    2.130768] raid6: int64x4  xor()   817 MB/s
[    2.198833] raid6: int64x2  gen()  1397 MB/s
[    2.266882] raid6: int64x2  xor()   750 MB/s
[    2.334973] raid6: int64x1  gen()  1033 MB/s
[    2.403021] raid6: int64x1  xor()   517 MB/s
[    2.403060] raid6: using algorithm neonx4 gen() 2191 MB/s
[    2.407012] raid6: .... xor() 1567 MB/s, rmw enabled
[    2.411943] raid6: using neon recovery algorithm
[    2.416955] iommu: Default domain type: Translated 
[    2.421571] SCSI subsystem initialized
[    2.425112] libata version 3.00 loaded.
[    2.425235] usbcore: registered new interface driver usbfs
[    2.430567] usbcore: registered new interface driver hub
[    2.435842] usbcore: registered new device driver usb
[    2.440976] mc: Linux media interface: v0.10
[    2.445091] videodev: Linux video capture interface: v2.00
[    2.450583] EDAC MC: Ver: 3.0.0
[    2.454018] zynqmp-ipi-mbox mailbox@ff990400: Registered ZynqMP IPI mbox with TX/RX channels.
[    2.462512] jesd204: created con: id=0, topo=0, link=0, /axi/spi@ff050000/hmc7044@0 <-> /fpga-axi@0/axi-adxcvr-tx@84b60000
[    2.473111] jesd204: created con: id=1, topo=0, link=2, /axi/spi@ff050000/hmc7044@0 <-> /fpga-axi@0/axi-adxcvr-rx@84a60000
[    2.484096] jesd204: created con: id=2, topo=0, link=0, /fpga-axi@0/axi-adxcvr-tx@84b60000 <-> /fpga-axi@0/axi-jesd204-tx@84b90000
[    2.495771] jesd204: created con: id=3, topo=0, link=2, /fpga-axi@0/axi-adxcvr-rx@84a60000 <-> /fpga-axi@0/axi-jesd204-rx@84a90000
[    2.507448] jesd204: created con: id=4, topo=0, link=0, /fpga-axi@0/axi-jesd204-tx@84b90000 <-> /fpga-axi@0/axi-ad9081-tx-hpc@84b10000
[    2.519476] jesd204: created con: id=5, topo=0, link=2, /fpga-axi@0/axi-jesd204-rx@84a90000 <-> /fpga-axi@0/axi-ad9081-rx-hpc@84a10000
[    2.531499] jesd204: created con: id=6, topo=0, link=2, /fpga-axi@0/axi-ad9081-rx-hpc@84a10000 <-> /axi/spi@ff040000/ad9081@0
[    2.542740] jesd204: created con: id=7, topo=0, link=0, /fpga-axi@0/axi-ad9081-tx-hpc@84b10000 <-> /axi/spi@ff040000/ad9081@0
[    2.553990] jesd204: /axi/spi@ff040000/ad9081@0: JESD204[2] transition uninitialized -> initialized
[    2.562976] jesd204: /axi/spi@ff040000/ad9081@0: JESD204[0] transition uninitialized -> initialized
[    2.571968] jesd204: found 8 devices and 1 topologies
[    2.577012] FPGA manager framework
[    2.580489] Advanced Linux Sound Architecture Driver Initialized.
[    2.586786] Bluetooth: Core ver 2.22
[    2.589973] NET: Registered protocol family 31
[    2.594373] Bluetooth: HCI device and connection manager initialized
[    2.600690] Bluetooth: HCI socket layer initialized
[    2.605531] Bluetooth: L2CAP socket layer initialized
[    2.610555] Bluetooth: SCO socket layer initialized
[    2.615745] clocksource: Switched to clocksource arch_sys_counter
[    2.621546] VFS: Disk quotas dquot_6.6.0
[    2.625382] VFS: Dquot-cache hash table entries: 512 (order 0, 4096 bytes)
[    2.636100] NET: Registered protocol family 2
[    2.636826] tcp_listen_portaddr_hash hash table entries: 2048 (order: 3, 32768 bytes, linear)
[    2.645022] TCP established hash table entries: 32768 (order: 6, 262144 bytes, linear)
[    2.653048] TCP bind hash table entries: 32768 (order: 7, 524288 bytes, linear)
[    2.660493] TCP: Hash tables configured (established 32768 bind 32768)
[    2.666666] UDP hash table entries: 2048 (order: 4, 65536 bytes, linear)
[    2.673332] UDP-Lite hash table entries: 2048 (order: 4, 65536 bytes, linear)
[    2.680493] NET: Registered protocol family 1
[    2.684970] RPC: Registered named UNIX socket transport module.
[    2.690568] RPC: Registered udp transport module.
[    2.695234] RPC: Registered tcp transport module.
[    2.699902] RPC: Registered tcp NFSv4.1 backchannel transport module.
[    2.706891] PCI: CLS 0 bytes, default 64
[    2.710590] hw perfevents: no interrupt-affinity property for /pmu, guessing.
[    2.717458] hw perfevents: enabled with armv8_pmuv3 PMU driver, 7 counters available
[    2.725798] Initialise system trusted keyrings
[    2.729481] workingset: timestamp_bits=62 max_order=20 bucket_order=0
[    2.736380] NFS: Registering the id_resolver key type
[    2.740838] Key type id_resolver registered
[    2.744971] Key type id_legacy registered
[    2.748962] nfs4filelayout_init: NFSv4 File Layout Driver Registering...
[    2.755627] jffs2: version 2.2. (NAND) (SUMMARY)  Â© 2001-2006 Red Hat, Inc.
[    2.798519] NET: Registered protocol family 38
[    2.798562] xor: measuring software checksum speed
[    2.806254]    8regs           :  2363 MB/sec
[    2.809922]    32regs          :  2799 MB/sec
[    2.814864]    arm64_neon      :  2380 MB/sec
[    2.815055] xor: using function: 32regs (2799 MB/sec)
[    2.820081] Key type asymmetric registered
[    2.824142] Asymmetric key parser 'x509' registered
[    2.829003] Block layer SCSI generic (bsg) driver version 0.4 loaded (major 248)
[    2.836340] io scheduler mq-deadline registered
[    2.840836] io scheduler kyber registered
[    2.870238] Serial: 8250/16550 driver, 4 ports, IRQ sharing disabled
[    2.874894] cacheinfo: Unable to detect cache hierarchy for CPU 0
[    2.881228] brd: module loaded
[    2.885374] loop: module loaded
[    2.885918] Registered mathworks_ip class
[    2.889275] libphy: Fixed MDIO Bus: probed
[    2.892219] tun: Universal TUN/TAP device driver, 1.6
[    2.896296] CAN device driver interface
[    2.900830] usbcore: registered new interface driver asix
[    2.905418] usbcore: registered new interface driver ax88179_178a
[    2.911457] usbcore: registered new interface driver cdc_ether
[    2.917253] usbcore: registered new interface driver net1080
[    2.922876] usbcore: registered new interface driver cdc_subset
[    2.928757] usbcore: registered new interface driver zaurus
[    2.934301] usbcore: registered new interface driver cdc_ncm
[    2.940707] ehci_hcd: USB 2.0 'Enhanced' Host Controller (EHCI) Driver
[    2.946387] ehci-pci: EHCI PCI platform driver
[    2.951177] usbcore: registered new interface driver uas
[    2.956103] usbcore: registered new interface driver usb-storage
[    2.962090] usbcore: registered new interface driver usbserial_generic
[    2.968543] usbserial: USB Serial support registered for generic
[    2.974514] usbcore: registered new interface driver ftdi_sio
[    2.980216] usbserial: USB Serial support registered for FTDI USB Serial Device
[    2.987489] usbcore: registered new interface driver upd78f0730
[    2.993365] usbserial: USB Serial support registered for upd78f0730
[    3.001032] rtc_zynqmp ffa60000.rtc: registered as rtc0
[    3.004794] rtc_zynqmp ffa60000.rtc: setting system clock to 2022-03-26T00:31:24 UTC (1648254684)
[    3.013655] i2c /dev entries driver
[    3.018963] usbcore: registered new interface driver uvcvideo
[    3.022766] USB Video Class driver (1.1.1)
[    3.028352] Bluetooth: HCI UART driver ver 2.3
[    3.031237] Bluetooth: HCI UART protocol H4 registered
[    3.036346] Bluetooth: HCI UART protocol BCSP registered
[    3.041636] Bluetooth: HCI UART protocol LL registered
[    3.046724] Bluetooth: HCI UART protocol ATH3K registered
[    3.052098] Bluetooth: HCI UART protocol Three-wire (H5) registered
[    3.058356] Bluetooth: HCI UART protocol Intel registered
[    3.063690] Bluetooth: HCI UART protocol QCA registered
[    3.068890] usbcore: registered new interface driver bcm203x
[    3.074516] usbcore: registered new interface driver bpa10x
[    3.080051] usbcore: registered new interface driver bfusb
[    3.085498] usbcore: registered new interface driver btusb
[    3.090962] usbcore: registered new interface driver ath3k
[    3.096444] EDAC MC: ECC not enabled
[    3.100071] EDAC DEVICE0: Giving out device to module zynqmp-ocm-edac controller zynqmp_ocm: DEV ff960000.memory-controller (INTERRUPT)
[    3.112384] sdhci: Secure Digital Host Controller Interface driver
[    3.118173] sdhci: Copyright(c) Pierre Ossman
[    3.122499] sdhci-pltfm: SDHCI platform and OF driver helper
[    3.128552] ledtrig-cpu: registered to indicate activity on CPUs
[    3.134104] SMCCC: SOC_ID: ARCH_SOC_ID not implemented, skipping ....
[    3.140532] zynqmp_firmware_probe Platform Management API v1.1
[    3.146289] zynqmp_firmware_probe Trustzone version v1.0
[    3.185844] zynqmp-pinctrl firmware:zynqmp-firmware:pinctrl: zynqmp pinctrl initialized
[    3.233783] zynqmp-aes firmware:zynqmp-firmware:zynqmp-aes: will run requests pump with realtime priority
[    3.249495] alg: No test for xilinx-keccak-384 (zynqmp-keccak-384)
[    3.250203] alg: No test for xilinx-zynqmp-rsa (zynqmp-rsa)
[    3.255719] usbcore: registered new interface driver usbhid
[    3.261108] usbhid: USB HID core driver
[    3.272348] axi_sysid 85000000.axi-sysid-0: AXI System ID core version (1.01.a) found
[    3.274698] axi_sysid 85000000.axi-sysid-0: [ad9081_fmca_ebz] on [zcu102] git branch <master> git <084d44c9780640ca93fd847b1d9ec70dd65f5c67> clean [2022-03-18 04:17:50] UTC
[    3.290383] fpga_manager fpga0: Xilinx ZynqMP FPGA Manager registered
[    3.296756] usbcore: registered new interface driver snd-usb-audio
[    3.304189] pktgen: Packet Generator for packet performance testing. Version: 2.75
[    3.310362] Initializing XFRM netlink socket
[    3.314224] NET: Registered protocol family 10
[    3.318968] Segment Routing with IPv6
[    3.322319] sit: IPv6, IPv4 and MPLS over IPv4 tunneling driver
[    3.328394] NET: Registered protocol family 17
[    3.332501] NET: Registered protocol family 15
[    3.336992] can: controller area network core
[    3.341251] NET: Registered protocol family 29
[    3.345639] can: raw protocol
[    3.348576] can: broadcast manager protocol
[    3.352731] can: netlink gateway - max_hops=1
[    3.357128] Bluetooth: RFCOMM TTY layer initialized
[    3.361904] Bluetooth: RFCOMM socket layer initialized
[    3.367015] Bluetooth: RFCOMM ver 1.11
[    3.370723] Bluetooth: BNEP (Ethernet Emulation) ver 1.3
[    3.375994] Bluetooth: BNEP filters: protocol multicast
[    3.381188] Bluetooth: BNEP socket layer initialized
[    3.386116] Bluetooth: HIDP (Human Interface Emulation) ver 1.2
[    3.391999] Bluetooth: HIDP socket layer initialized
[    3.397054] 9pnet: Installing 9P2000 support
[    3.401176] NET: Registered protocol family 36
[    3.405593] Key type dns_resolver registered
[    3.410028] registered taskstats version 1
[    3.413889] Loading compiled-in X.509 certificates
[    3.419013] Btrfs loaded, crc32c=crc32c-generic
[    3.431392] ff000000.serial: ttyPS0 at MMIO 0xff000000 (irq = 49, base_baud = 6249999) is a xuartps
[    3.440415] printk: console [ttyPS0] enabled
[    3.444711] printk: bootconsole [cdns0] disabled
[    3.454341] ff010000.serial: ttyPS1 at MMIO 0xff010000 (irq = 50, base_baud = 6249999) is a xuartps
[    3.467590] of-fpga-region fpga-full: FPGA Region probed
[    3.474538] nwl-pcie fd0e0000.pcie: host bridge /axi/pcie@fd0e0000 ranges:
[    3.481431] nwl-pcie fd0e0000.pcie:      MEM 0x00e0000000..0x00efffffff -> 0x00e0000000
[    3.489438] nwl-pcie fd0e0000.pcie:      MEM 0x0600000000..0x07ffffffff -> 0x0600000000
[    3.497503] nwl-pcie fd0e0000.pcie: Link is DOWN
[    3.502261] nwl-pcie fd0e0000.pcie: PCI host bridge to bus 0000:00
[    3.508439] pci_bus 0000:00: root bus resource [bus 00-ff]
[    3.513920] pci_bus 0000:00: root bus resource [mem 0xe0000000-0xefffffff]
[    3.520790] pci_bus 0000:00: root bus resource [mem 0x600000000-0x7ffffffff pref]
[    3.528294] pci 0000:00:00.0: [10ee:d021] type 01 class 0x060400
[    3.534350] pci 0000:00:00.0: PME# supported from D0 D1 D2 D3hot
[    3.544789] pci 0000:00:00.0: PCI bridge to [bus 01-0c]
[    3.550770] xilinx-zynqmp-dma fd500000.dma: ZynqMP DMA driver Probe success
[    3.557944] xilinx-zynqmp-dma fd510000.dma: ZynqMP DMA driver Probe success
[    3.565114] xilinx-zynqmp-dma fd520000.dma: ZynqMP DMA driver Probe success
[    3.572283] xilinx-zynqmp-dma fd530000.dma: ZynqMP DMA driver Probe success
[    3.579451] xilinx-zynqmp-dma fd540000.dma: ZynqMP DMA driver Probe success
[    3.586615] xilinx-zynqmp-dma fd550000.dma: ZynqMP DMA driver Probe success
[    3.593780] xilinx-zynqmp-dma fd560000.dma: ZynqMP DMA driver Probe success
[    3.600949] xilinx-zynqmp-dma fd570000.dma: ZynqMP DMA driver Probe success
[    3.608362] xilinx-zynqmp-dpdma fd4c0000.dma-controller: Xilinx DPDMA engine is probed
[    3.616919] ahci-ceva fd0c0000.ahci: supply ahci not found, using dummy regulator
[    3.624464] ahci-ceva fd0c0000.ahci: supply phy not found, using dummy regulator
[    3.711922] hmc7044 spi2.0: PLL1: Acquisition, CLKIN0 @ 122880000 Hz, PFD: 80 kHz - PLL2: Locked @ 3040.000000 MHz
[    3.722643] jesd204: /axi/spi@ff050000/hmc7044@0,jesd204:1,parent=spi2.0: Using as SYSREF provider
[    3.732229] spi-nor spi0.0: SPI-NOR-UniqueID 100000235394732200270025081115266e
[    3.739535] spi-nor spi0.0: found n25q512a, expected m25p80
[    3.745737] spi-nor spi0.0: trying to lock already unlocked area
[    3.751741] spi-nor spi0.0: n25q512a (131072 Kbytes)
[    3.756720] 4 fixed-partitions partitions found on MTD device spi0.0
[    3.763069] Creating 4 MTD partitions on "spi0.0":
[    3.767854] 0x000000000000-0x000000100000 : "qspi-fsbl-uboot"
[    3.774341] 0x000000100000-0x000000600000 : "qspi-linux"
[    3.780304] 0x000000600000-0x000000620000 : "qspi-device-tree"
[    3.786780] 0x000000620000-0x000000c00000 : "qspi-rootfs"
[    3.795262] macb ff0e0000.ethernet: Not enabling partial store and forward
[    3.802778] libphy: MACB_mii_bus: probed
[    3.807839] macb ff0e0000.ethernet eth0: Cadence GEM rev 0x50070106 at 0xff0e0000 irq 30 (00:0a:35:04:8e:1b)
[    3.818048] xilinx-axipmon ffa00000.perf-monitor: Probed Xilinx APM
[    3.824623] xilinx-axipmon fd0b0000.perf-monitor: Probed Xilinx APM
[    3.831142] xilinx-axipmon fd490000.perf-monitor: Probed Xilinx APM
[    3.837683] xilinx-axipmon ffa10000.perf-monitor: Probed Xilinx APM
[    3.847662] pca953x 0-0020: supply vcc not found, using dummy regulator
[    3.854346] pca953x 0-0020: using no AI
[    3.858833] gpio-496 (sel0): hogged as output/low
[    3.863752] gpio-497 (sel1): hogged as output/high
[    3.868744] gpio-498 (sel2): hogged as output/high
[    3.873733] gpio-499 (sel3): hogged as output/high
[    3.878907] pca953x 0-0021: supply vcc not found, using dummy regulator
[    3.885593] pca953x 0-0021: using no AI
[    3.891357] ina2xx 2-0040: power monitor ina226 (Rshunt = 5000 uOhm)
[    3.898389] ina2xx 2-0041: power monitor ina226 (Rshunt = 5000 uOhm)
[    3.905425] ina2xx 2-0042: power monitor ina226 (Rshunt = 5000 uOhm)
[    3.912458] ina2xx 2-0043: power monitor ina226 (Rshunt = 5000 uOhm)
[    3.919481] ina2xx 2-0044: power monitor ina226 (Rshunt = 5000 uOhm)
[    3.926504] ina2xx 2-0045: power monitor ina226 (Rshunt = 5000 uOhm)
[    3.933536] ina2xx 2-0046: power monitor ina226 (Rshunt = 5000 uOhm)
[    3.940608] ina2xx 2-0047: power monitor ina226 (Rshunt = 5000 uOhm)
[    3.947636] ina2xx 2-004a: power monitor ina226 (Rshunt = 5000 uOhm)
[    3.954670] ina2xx 2-004b: power monitor ina226 (Rshunt = 5000 uOhm)
[    3.961077] i2c i2c-0: Added multiplexed i2c bus 2
[    3.966462] random: fast init done
[    3.969935] ina2xx 3-0040: power monitor ina226 (Rshunt = 2000 uOhm)
[    3.976967] ina2xx 3-0041: power monitor ina226 (Rshunt = 5000 uOhm)
[    3.983995] ina2xx 3-0042: power monitor ina226 (Rshunt = 5000 uOhm)
[    3.991026] ina2xx 3-0043: power monitor ina226 (Rshunt = 5000 uOhm)
[    3.998059] ina2xx 3-0044: power monitor ina226 (Rshunt = 5000 uOhm)
[    4.005090] ina2xx 3-0045: power monitor ina226 (Rshunt = 5000 uOhm)
[    4.012121] ina2xx 3-0046: power monitor ina226 (Rshunt = 5000 uOhm)
[    4.019153] ina2xx 3-0047: power monitor ina226 (Rshunt = 5000 uOhm)
[    4.025554] i2c i2c-0: Added multiplexed i2c bus 3
[    4.081227] i2c i2c-0: Added multiplexed i2c bus 4
[    4.086164] i2c i2c-0: Added multiplexed i2c bus 5
[    4.090955] pca954x 0-0075: registered 4 multiplexed busses for I2C mux pca9544
[    4.098305] cdns-i2c ff020000.i2c: 400 kHz mmio ff020000 irq 32
[    4.106034] at24 6-0054: supply vcc not found, using dummy regulator
[    4.112920] at24 6-0054: 1024 byte 24c08 EEPROM, writable, 1 bytes/write
[    4.119671] i2c i2c-1: Added multiplexed i2c bus 6
[    4.126095] si5341 7-0036: Chip: 5341 Grade: 1 Rev: 1
[    4.163863] i2c i2c-1: Added multiplexed i2c bus 7
[    4.171518] si570 8-005d: registered, current frequency 300000000 Hz
[    4.177926] i2c i2c-1: Added multiplexed i2c bus 8
[    4.197710] si570 9-005d: registered, current frequency 148500000 Hz
[    4.204115] i2c i2c-1: Added multiplexed i2c bus 9
[    4.209150] si5324 10-0069: si5328 probed
[    4.276113] si5324 10-0069: si5328 probe successful
[    4.281045] i2c i2c-1: Added multiplexed i2c bus 10
[    4.286071] i2c i2c-1: Added multiplexed i2c bus 11
[    4.291104] i2c i2c-1: Added multiplexed i2c bus 12
[    4.296136] i2c i2c-1: Added multiplexed i2c bus 13
[    4.301009] pca954x 1-0074: registered 8 multiplexed busses for I2C switch pca9548
[    4.309124] at24 14-0050: supply vcc not found, using dummy regulator
[    4.315908] at24 14-0050: 256 byte 24c02 EEPROM, writable, 1 bytes/write
[    4.322653] i2c i2c-1: Added multiplexed i2c bus 14
[    4.327693] i2c i2c-1: Added multiplexed i2c bus 15
[    4.332729] i2c i2c-1: Added multiplexed i2c bus 16
[    4.337760] i2c i2c-1: Added multiplexed i2c bus 17
[    4.342795] i2c i2c-1: Added multiplexed i2c bus 18
[    4.347858] i2c i2c-1: Added multiplexed i2c bus 19
[    4.352897] i2c i2c-1: Added multiplexed i2c bus 20
[    4.357940] i2c i2c-1: Added multiplexed i2c bus 21
[    4.362820] pca954x 1-0075: registered 8 multiplexed busses for I2C switch pca9548
[    4.370428] cdns-i2c ff030000.i2c: 400 kHz mmio ff030000 irq 33
[    4.380174] cdns-wdt fd4d0000.watchdog: Xilinx Watchdog Timer with timeout 60s
[    4.390959] axi_adxcvr 84a60000.axi-adxcvr-rx: AXI-ADXCVR-RX (17.05.a) using CPLL on GTH4 at 0x84A60000. Number of lanes: 4.
[    4.403126] axi_adxcvr 84b60000.axi-adxcvr-tx: AXI-ADXCVR-TX (17.05.a) using QPLL on GTH4 at 0x84B60000. Number of lanes: 4.
[    4.414756] axi-jesd204-rx 84a90000.axi-jesd204-rx: AXI-JESD204-RX (1.07.a) at 0x84A90000. Encoder 8b10b, width 4/4, lanes 4, jesd204-fsm.
[    4.422258] mmc0: SDHCI controller on ff170000.mmc [ff170000.mmc] using ADMA 64-bit
[    4.427593] axi-jesd204-tx 84b90000.axi-jesd204-tx: AXI-JESD204-TX (1.06.a) at 0x84B90000. Encoder 8b10b, width 4/4, lanes 4, jesd204-fsm.
[    4.448320] zynqmp-display fd4a0000.display: vtc bridge property not present
[    4.457971] xilinx-dp-snd-codec fd4a0000.display:zynqmp_dp_snd_codec0: Failed to get required clock freq
[    4.467474] xilinx-dp-snd-codec: probe of fd4a0000.display:zynqmp_dp_snd_codec0 failed with error -22
[    4.469816] mmc0: new high speed SDHC card at address 0001
[    4.477017] xilinx-dp-snd-pcm zynqmp_dp_snd_pcm0: Xilinx DisplayPort Sound PCM probed
[    4.482530] mmcblk0: mmc0:0001 EB1QT 29.8 GiB 
[    4.490333] xilinx-dp-snd-pcm zynqmp_dp_snd_pcm1: Xilinx DisplayPort Sound PCM probed
[    4.502621] OF: graph: no port node found in /axi/display@fd4a0000
[    4.509023] xlnx-drm xlnx-drm.0: bound fd4a0000.display (ops 0xffffffc010fcbdb8)
[    4.509836]  mmcblk0: p1 p2 p3
[    5.595763] zynqmp-display fd4a0000.display: [drm] Cannot find any crtc or sizes
[    5.603389] [drm] Initialized xlnx 1.0.0 20130509 for fd4a0000.display on minor 0
[    5.610888] zynqmp-display fd4a0000.display: ZynqMP DisplayPort Subsystem driver probed
[    5.619230] ahci-ceva fd0c0000.ahci: supply ahci not found, using dummy regulator
[    5.626779] ahci-ceva fd0c0000.ahci: supply phy not found, using dummy regulator
[    5.634231] ahci-ceva fd0c0000.ahci: supply target not found, using dummy regulator
[    5.642070] ahci-ceva fd0c0000.ahci: AHCI 0001.0301 32 slots 2 ports 6 Gbps 0x3 impl platform mode
[    5.651025] ahci-ceva fd0c0000.ahci: flags: 64bit ncq sntf pm clo only pmp fbs pio slum part ccc sds apst 
[    5.661683] scsi host0: ahci-ceva
[    5.665271] scsi host1: ahci-ceva
[    5.668707] ata1: SATA max UDMA/133 mmio [mem 0xfd0c0000-0xfd0c1fff] port 0x100 irq 45
[    5.676622] ata2: SATA max UDMA/133 mmio [mem 0xfd0c0000-0xfd0c1fff] port 0x180 irq 45
[    5.685224] ad9081 spi1.0: supply vdd not found, using dummy regulator
[    5.997958] ata2: SATA link down (SStatus 0 SControl 330)
[    6.003371] ata1: SATA link down (SStatus 0 SControl 330)
[    6.679764] zynqmp-display fd4a0000.display: [drm] Cannot find any crtc or sizes
[    7.544608] ad9081 spi1.0: AD9081 Rev. 2 Grade 10 (API 1.2.2) probed
[    7.551801] xhci-hcd xhci-hcd.1.auto: xHCI Host Controller
[    7.557291] xhci-hcd xhci-hcd.1.auto: new USB bus registered, assigned bus number 1
[    7.565040] xhci-hcd xhci-hcd.1.auto: hcc params 0x0238f625 hci version 0x100 quirks 0x0000000002010810
[    7.574452] xhci-hcd xhci-hcd.1.auto: irq 59, io mem 0xfe200000
[    7.580559] usb usb1: New USB device found, idVendor=1d6b, idProduct=0002, bcdDevice= 5.10
[    7.588818] usb usb1: New USB device strings: Mfr=3, Product=2, SerialNumber=1
[    7.596036] usb usb1: Product: xHCI Host Controller
[    7.600904] usb usb1: Manufacturer: Linux 5.10.0-98103-g2aa7ac113716 xhci-hcd
[    7.608030] usb usb1: SerialNumber: xhci-hcd.1.auto
[    7.613194] hub 1-0:1.0: USB hub found
[    7.616957] hub 1-0:1.0: 1 port detected
[    7.621053] xhci-hcd xhci-hcd.1.auto: xHCI Host Controller
[    7.626538] xhci-hcd xhci-hcd.1.auto: new USB bus registered, assigned bus number 2
[    7.634191] xhci-hcd xhci-hcd.1.auto: Host supports USB 3.0 SuperSpeed
[    7.640816] usb usb2: New USB device found, idVendor=1d6b, idProduct=0003, bcdDevice= 5.10
[    7.649074] usb usb2: New USB device strings: Mfr=3, Product=2, SerialNumber=1
[    7.656297] usb usb2: Product: xHCI Host Controller
[    7.661171] usb usb2: Manufacturer: Linux 5.10.0-98103-g2aa7ac113716 xhci-hcd
[    7.668296] usb usb2: SerialNumber: xhci-hcd.1.auto
[    7.673403] hub 2-0:1.0: USB hub found
[    7.677161] hub 2-0:1.0: 1 port detected
[    7.707271] cf_axi_adc 84a10000.axi-ad9081-rx-hpc: ADI AIM (10.01.b) at 0x84A10000 mapped to 0x(____ptrval____), probed ADC AD9081 as MASTER
[    7.740582] cf_axi_dds 84b10000.axi-ad9081-tx-hpc: Analog Devices CF_AXI_DDS_DDS MASTER (9.01.b) at 0x84B10000 mapped to 0x(____ptrval____), probed DDS AD9081
[    7.754784] jesd204: /axi/spi@ff040000/ad9081@0,jesd204:0,parent=spi1.0: JESD204[2] transition initialized -> probed
[    7.765304] jesd204: /axi/spi@ff040000/ad9081@0,jesd204:0,parent=spi1.0: JESD204[0] transition initialized -> probed
[    7.775828] jesd204: /axi/spi@ff040000/ad9081@0,jesd204:0,parent=spi1.0: JESD204[2] transition probed -> idle
[    7.785744] jesd204: /axi/spi@ff040000/ad9081@0,jesd204:0,parent=spi1.0: JESD204[0] transition probed -> idle
[    7.795659] jesd204: /axi/spi@ff040000/ad9081@0,jesd204:0,parent=spi1.0: JESD204[2] transition idle -> device_init
[    7.806002] jesd204: /axi/spi@ff040000/ad9081@0,jesd204:0,parent=spi1.0: JESD204[0] transition idle -> device_init
[    7.816354] jesd204: /axi/spi@ff040000/ad9081@0,jesd204:0,parent=spi1.0: JESD204[2] transition device_init -> link_init
[    7.827129] jesd204: /axi/spi@ff040000/ad9081@0,jesd204:0,parent=spi1.0: JESD204[0] transition device_init -> link_init
[    7.837920] jesd204: /axi/spi@ff040000/ad9081@0,jesd204:0,parent=spi1.0: JESD204[2] transition link_init -> link_supported
[    7.848959] jesd204: /axi/spi@ff040000/ad9081@0,jesd204:0,parent=spi1.0: JESD204[0] transition link_init -> link_supported
[    7.860371] hmc7044 spi2.0: hmc7044_jesd204_link_pre_setup: Link2 forcing continuous SYSREF mode
[    7.869548] jesd204: /axi/spi@ff040000/ad9081@0,jesd204:0,parent=spi1.0: JESD204[2] transition link_supported -> link_pre_setup
[    7.881026] jesd204: /axi/spi@ff040000/ad9081@0,jesd204:0,parent=spi1.0: JESD204[0] transition link_supported -> link_pre_setup
[    7.904807] jesd204: /axi/spi@ff040000/ad9081@0,jesd204:0,parent=spi1.0: JESD204[2] transition link_pre_setup -> clk_sync_stage1
[    7.916370] jesd204: /axi/spi@ff040000/ad9081@0,jesd204:0,parent=spi1.0: JESD204[0] transition link_pre_setup -> clk_sync_stage1
[    7.927935] jesd204: /axi/spi@ff040000/ad9081@0,jesd204:0,parent=spi1.0: JESD204[2] transition clk_sync_stage1 -> clk_sync_stage2
[    7.939577] jesd204: /axi/spi@ff040000/ad9081@0,jesd204:0,parent=spi1.0: JESD204[0] transition clk_sync_stage1 -> clk_sync_stage2
[    7.951231] jesd204: /axi/spi@ff040000/ad9081@0,jesd204:0,parent=spi1.0: JESD204[2] transition clk_sync_stage2 -> clk_sync_stage3
[    7.962875] jesd204: /axi/spi@ff040000/ad9081@0,jesd204:0,parent=spi1.0: JESD204[0] transition clk_sync_stage2 -> clk_sync_stage3
[    7.976604] jesd204: /axi/spi@ff040000/ad9081@0,jesd204:0,parent=spi1.0: JESD204[2] transition clk_sync_stage3 -> link_setup
[    7.987812] jesd204: /axi/spi@ff040000/ad9081@0,jesd204:0,parent=spi1.0: JESD204[0] transition clk_sync_stage3 -> link_setup
[    8.003848] jesd204: /axi/spi@ff040000/ad9081@0,jesd204:0,parent=spi1.0: JESD204[2] transition link_setup -> opt_setup_stage1
[    8.015149] jesd204: /axi/spi@ff040000/ad9081@0,jesd204:0,parent=spi1.0: JESD204[0] transition link_setup -> opt_setup_stage1
[    8.031225] jesd204: /axi/spi@ff040000/ad9081@0,jesd204:0,parent=spi1.0: JESD204[2] transition opt_setup_stage1 -> opt_setup_stage2
[    8.043053] jesd204: /axi/spi@ff040000/ad9081@0,jesd204:0,parent=spi1.0: JESD204[0] transition opt_setup_stage1 -> opt_setup_stage2
[    8.055029] jesd204: /axi/spi@ff040000/ad9081@0,jesd204:0,parent=spi1.0: JESD204[2] transition opt_setup_stage2 -> opt_setup_stage3
[    8.066855] jesd204: /axi/spi@ff040000/ad9081@0,jesd204:0,parent=spi1.0: JESD204[0] transition opt_setup_stage2 -> opt_setup_stage3
[    8.078678] jesd204: /axi/spi@ff040000/ad9081@0,jesd204:0,parent=spi1.0: JESD204[2] transition opt_setup_stage3 -> opt_setup_stage4
[    8.090498] jesd204: /axi/spi@ff040000/ad9081@0,jesd204:0,parent=spi1.0: JESD204[0] transition opt_setup_stage3 -> opt_setup_stage4
[    8.102326] jesd204: /axi/spi@ff040000/ad9081@0,jesd204:0,parent=spi1.0: JESD204[2] transition opt_setup_stage4 -> opt_setup_stage5
[    8.114142] jesd204: /axi/spi@ff040000/ad9081@0,jesd204:0,parent=spi1.0: JESD204[0] transition opt_setup_stage4 -> opt_setup_stage5
[    8.130124] jesd204: /axi/spi@ff040000/ad9081@0,jesd204:0,parent=spi1.0: JESD204[2] transition opt_setup_stage5 -> clocks_enable
[    8.141685] jesd204: /axi/spi@ff040000/ad9081@0,jesd204:0,parent=spi1.0: JESD204[0] transition opt_setup_stage5 -> clocks_enable
[    8.188623] axi_adxcvr 84a60000.axi-adxcvr-rx: adxcvr_clk_enable: CPLL RX buffer underflow error, status: 0x61
[    8.198614] axi_adxcvr 84a60000.axi-adxcvr-rx: adxcvr_clk_enable: CPLL RX buffer overflow error, status: 0x61
[    8.208609] jesd204: /axi/spi@ff040000/ad9081@0,jesd204:0,parent=spi1.0: JESD204[2] transition clocks_enable -> link_enable
[    8.219734] jesd204: /axi/spi@ff040000/ad9081@0,jesd204:0,parent=spi1.0: JESD204[0] transition clocks_enable -> link_enable
[    8.251991] ad9081 spi1.0: JESD RX (JTX) Link2 in DATA, SYNC deasserted, PLL locked, PHASE established, MODE valid
[    8.262596] ad9081 spi1.0: JESD TX (JRX) Link0 0xF lanes in DATA
[    8.268604] jesd204: /axi/spi@ff040000/ad9081@0,jesd204:0,parent=spi1.0: JESD204[2] transition link_enable -> link_running
[    8.279642] jesd204: /axi/spi@ff040000/ad9081@0,jesd204:0,parent=spi1.0: JESD204[0] transition link_enable -> link_running
[    8.290688] jesd204: /axi/spi@ff040000/ad9081@0,jesd204:0,parent=spi1.0: JESD204[2] transition link_running -> opt_post_running_stage
[    8.302679] jesd204: /axi/spi@ff040000/ad9081@0,jesd204:0,parent=spi1.0: JESD204[0] transition link_running -> opt_post_running_stage
[    8.323986] input: gpio-keys as /devices/platform/gpio-keys/input/input0
[    8.331089] of_cfs_init
[    8.333559] of_cfs_init: OK
[    8.336501] cfg80211: Loading compiled-in X.509 certificates for regulatory database
[    8.454346] random: crng init done
[    8.474634] cfg80211: Loaded X.509 cert 'sforshee: 00b28ddf47aef9cea7'
[    8.481160] clk: Not disabling unused clocks
[    8.485689] ALSA device list:
[    8.488652]   No soundcards found.
[    8.492328] platform regulatory.0: Direct firmware load for regulatory.db failed with error -2
[    8.500938] cfg80211: failed to load regulatory.db
[    8.516081] EXT4-fs (mmcblk0p2): mounted filesystem with ordered data mode. Opts: (null)
[    8.524199] VFS: Mounted root (ext4 filesystem) on device 179:2.
[    8.537822] devtmpfs: mounted
[    8.541645] Freeing unused kernel memory: 2560K
[    8.547800] Run /sbin/init as init process
[    8.551888]   with arguments:
[    8.551891]     /sbin/init
[    8.551893]   with environment:
[    8.551896]     HOME=/
[    8.551898]     TERM=linux
[    9.130710] systemd[1]: systemd 241 running in system mode. (+PAM +AUDIT +SELINUX +IMA +APPARMOR +SMACK +SYSVINIT +UTMP +LIBCRYPTSETUP +GCRYPT +GNUTLS +ACL +XZ +LZ4 +SECCOMP +BLKID +ELFUTILS +KMOD -IDN2 +IDN -PCRE2 default-hierarchy=hybrid)
[    9.152578] systemd[1]: Detected architecture arm64.
[    9.176476] systemd[1]: Set hostname to <analog>.
[    9.370831] systemd[1]: File /lib/systemd/system/systemd-journald.service:12 configures an IP firewall (IPAddressDeny=any), but the local system does not support BPF/cgroup based firewalling.
[    9.387889] systemd[1]: Proceeding WITHOUT firewalling in effect! (This warning is only shown for the first loaded unit using IP firewalling.)
[    9.553489] systemd[1]: /etc/systemd/system/tof-server.service:1: Assignment outside of section. Ignoring.
[    9.563194] systemd[1]: /etc/systemd/system/tof-server.service:2: Assignment outside of section. Ignoring.
[    9.757017] systemd[1]: Listening on udev Kernel Socket.
[    9.780106] systemd[1]: Listening on Syslog Socket.
[    9.796357] systemd[1]: Listening on Journal Audit Socket.
[   10.607640] EXT4-fs (mmcblk0p2): re-mounted. Opts: (null)
[   10.697377] systemd-journald[166]: Received request to flush runtime journal from PID 1
[   17.137187] macb ff0e0000.ethernet eth0: PHY [ff0e0000.ethernet-ffffffff:0c] driver [TI DP83867] (irq=POLL)
[   17.137204] macb ff0e0000.ethernet eth0: configuring for phy/rgmii-id link mode
[   17.443765] Adding 97276k swap on /var/swap.  Priority:-2 extents:2 across:662524k SS
[   20.398750] broken atomic modeset userspace detected, disabling atomic
[   21.217416] macb ff0e0000.ethernet eth0: Link is Up - 1Gbps/Full - flow control off
[   21.217454] IPv6: ADDRCONF(NETDEV_CHANGE): eth0: link becomes ready
[   23.088121] broken atomic modeset userspace detected, disabling atomic
[   26.214983] broken atomic modeset userspace detected, disabling atomic
[   28.871453] broken atomic modeset userspace detected, disabling atomic