[    0.000000] Booting Linux on physical CPU 0x0000000000 [0x410fd034]
[    0.000000] Linux version 5.10.0-98103-g2aa7ac113716 (jenkins@romlxbuild1.adlk.analog.com) (aarch64-xilinx-linux-gcc.real (GCC) 10.2.0, GNU ld (GNU Binutils) 2.35.0.20200730) #5577 SMP Wed Mar 23 07:28:49 GMT 2022
[    0.000000] Machine model: ZynqMP ZCU102 Rev1.0
[    0.000000] earlycon: cdns0 at MMIO 0x00000000ff000000 (options '115200n8')
[    0.000000] printk: bootconsole [cdns0] enabled
[    0.000000] efi: UEFI not found.
[    0.000000] cma: Reserved 256 MiB at 0x0000000070000000
[    0.000000] Zone ranges:
[    0.000000]   DMA      [mem 0x0000000000000000-0x000000003fffffff]
[    0.000000]   DMA32    [mem 0x0000000040000000-0x00000000ffffffff]
[    0.000000]   Normal   [mem 0x0000000100000000-0x000000087fffffff]
[    0.000000] Movable zone start for each node
[    0.000000] Early memory node ranges
[    0.000000]   node   0: [mem 0x0000000000000000-0x000000007fffffff]
[    0.000000]   node   0: [mem 0x0000000800000000-0x000000087fffffff]
[    0.000000] Initmem setup node 0 [mem 0x0000000000000000-0x000000087fffffff]
[    0.000000] On node 0 totalpages: 1048576
[    0.000000]   DMA zone: 3584 pages used for memmap
[    0.000000]   DMA zone: 0 pages reserved
[    0.000000]   DMA zone: 262144 pages, LIFO batch:63
[    0.000000]   DMA32 zone: 3584 pages used for memmap
[    0.000000]   DMA32 zone: 262144 pages, LIFO batch:63
[    0.000000]   Normal zone: 7168 pages used for memmap
[    0.000000]   Normal zone: 524288 pages, LIFO batch:63
[    0.000000] psci: probing for conduit method from DT.
[    0.000000] psci: PSCIv1.1 detected in firmware.
[    0.000000] psci: Using standard PSCI v0.2 function IDs
[    0.000000] psci: MIGRATE_INFO_TYPE not supported.
[    0.000000] psci: SMC Calling Convention v1.2
[    0.000000] percpu: Embedded 22 pages/cpu s49496 r8192 d32424 u90112
[    0.000000] pcpu-alloc: s49496 r8192 d32424 u90112 alloc=22*4096
[    0.000000] pcpu-alloc: [0] 0 [0] 1 [0] 2 [0] 3 
[    0.000000] Detected VIPT I-cache on CPU0
[    0.000000] CPU features: detected: ARM erratum 845719
[    0.000000] Built 1 zonelists, mobility grouping on.  Total pages: 1034240
[    0.000000] Kernel command line: console=ttyPS0,115200 root=/dev/mmcblk0p2 rw earlycon rootfstype=ext4 rootwait clk_ignore_unused cpuidle.off=1 root=/dev/mmcblk0p2 rw rootwait
[    0.000000] Dentry cache hash table entries: 524288 (order: 10, 4194304 bytes, linear)
[    0.000000] Inode-cache hash table entries: 262144 (order: 9, 2097152 bytes, linear)
[    0.000000] mem auto-init: stack:off, heap alloc:off, heap free:off
[    0.000000] software IO TLB: mapped [mem 0x000000003bfff000-0x000000003ffff000] (64MB)
[    0.000000] Memory: 3761904K/4194304K available (15296K kernel code, 1636K rwdata, 11876K rodata, 2560K init, 507K bss, 170256K reserved, 262144K cma-reserved)
[    0.000000] rcu: Hierarchical RCU implementation.
[    0.000000] rcu: 	RCU event tracing is enabled.
[    0.000000] rcu: 	RCU restricting CPUs from NR_CPUS=8 to nr_cpu_ids=4.
[    0.000000] rcu: RCU calculated value of scheduler-enlistment delay is 25 jiffies.
[    0.000000] rcu: Adjusting geometry for rcu_fanout_leaf=16, nr_cpu_ids=4
[    0.000000] NR_IRQS: 64, nr_irqs: 64, preallocated irqs: 0
[    0.000000] GIC: Adjusting CPU interface base to 0x00000000f902f000
[    0.000000] GIC: Using split EOI/Deactivate mode
[    0.000000] random: get_random_bytes called from start_kernel+0x31c/0x54c with crng_init=0
[    0.000000] arch_timer: cp15 timer(s) running at 100.00MHz (phys).
[    0.000000] clocksource: arch_sys_counter: mask: 0xffffffffffffff max_cycles: 0x171024e7e0, max_idle_ns: 440795205315 ns
[    0.000004] sched_clock: 56 bits at 100MHz, resolution 10ns, wraps every 4398046511100ns
[    0.008464] Console: colour dummy device 80x25
[    0.012483] Calibrating delay loop (skipped), value calculated using timer frequency.. 200.00 BogoMIPS (lpj=400000)
[    0.022841] pid_max: default: 32768 minimum: 301
[    0.027551] Mount-cache hash table entries: 8192 (order: 4, 65536 bytes, linear)
[    0.034789] Mountpoint-cache hash table entries: 8192 (order: 4, 65536 bytes, linear)
[    0.043397] rcu: Hierarchical SRCU implementation.
[    0.047560] EFI services will not be available.
[    0.051940] smp: Bringing up secondary CPUs ...
[    0.056657] Detected VIPT I-cache on CPU1
[    0.056696] CPU1: Booted secondary processor 0x0000000001 [0x410fd034]
[    0.057061] Detected VIPT I-cache on CPU2
[    0.057084] CPU2: Booted secondary processor 0x0000000002 [0x410fd034]
[    0.057423] Detected VIPT I-cache on CPU3
[    0.057446] CPU3: Booted secondary processor 0x0000000003 [0x410fd034]
[    0.057492] smp: Brought up 1 node, 4 CPUs
[    0.091780] SMP: Total of 4 processors activated.
[    0.096452] CPU features: detected: 32-bit EL0 Support
[    0.101556] CPU features: detected: CRC32 instructions
[    0.106695] CPU: All CPU(s) started at EL2
[    0.110736] alternatives: patching kernel code
[    0.116169] devtmpfs: initialized
[    0.124062] Registered cp15_barrier emulation handler
[    0.124112] Registered setend emulation handler
[    0.128092] clocksource: jiffies: mask: 0xffffffff max_cycles: 0xffffffff, max_idle_ns: 7645041785100000 ns
[    0.137670] futex hash table entries: 1024 (order: 4, 65536 bytes, linear)
[    0.151025] pinctrl core: initialized pinctrl subsystem
[    0.151675] NET: Registered protocol family 16
[    0.156094] DMA: preallocated 512 KiB GFP_KERNEL pool for atomic allocations
[    0.162107] DMA: preallocated 512 KiB GFP_KERNEL|GFP_DMA pool for atomic allocations
[    0.169833] DMA: preallocated 512 KiB GFP_KERNEL|GFP_DMA32 pool for atomic allocations
[    0.177636] audit: initializing netlink subsys (disabled)
[    0.183088] audit: type=2000 audit(0.116:1): state=initialized audit_enabled=0 res=1
[    0.183435] hw-breakpoint: found 6 breakpoint and 4 watchpoint registers.
[    0.197464] ASID allocator initialised with 65536 entries
[    0.224353] HugeTLB registered 1.00 GiB page size, pre-allocated 0 pages
[    0.225412] HugeTLB registered 32.0 MiB page size, pre-allocated 0 pages
[    0.232084] HugeTLB registered 2.00 MiB page size, pre-allocated 0 pages
[    0.238746] HugeTLB registered 64.0 KiB page size, pre-allocated 0 pages
[    1.304277] DRBG: Continuing without Jitter RNG
[    1.382142] raid6: neonx8   gen()  2141 MB/s
[    1.450186] raid6: neonx8   xor()  1599 MB/s
[    1.518239] raid6: neonx4   gen()  2191 MB/s
[    1.586289] raid6: neonx4   xor()  1565 MB/s
[    1.654353] raid6: neonx2   gen()  2076 MB/s
[    1.722406] raid6: neonx2   xor()  1440 MB/s
[    1.790476] raid6: neonx1   gen()  1772 MB/s
[    1.858517] raid6: neonx1   xor()  1220 MB/s
[    1.926580] raid6: int64x8  gen()  1438 MB/s
[    1.994633] raid6: int64x8  xor()   771 MB/s
[    2.062708] raid6: int64x4  gen()  1599 MB/s
[    2.130751] raid6: int64x4  xor()   818 MB/s
[    2.198821] raid6: int64x2  gen()  1397 MB/s
[    2.266869] raid6: int64x2  xor()   750 MB/s
[    2.334953] raid6: int64x1  gen()  1034 MB/s
[    2.403007] raid6: int64x1  xor()   517 MB/s
[    2.403045] raid6: using algorithm neonx4 gen() 2191 MB/s
[    2.407004] raid6: .... xor() 1565 MB/s, rmw enabled
[    2.411935] raid6: using neon recovery algorithm
[    2.416945] iommu: Default domain type: Translated 
[    2.421559] SCSI subsystem initialized
[    2.425104] libata version 3.00 loaded.
[    2.425229] usbcore: registered new interface driver usbfs
[    2.430561] usbcore: registered new interface driver hub
[    2.435833] usbcore: registered new device driver usb
[    2.440969] mc: Linux media interface: v0.10
[    2.445082] videodev: Linux video capture interface: v2.00
[    2.450574] EDAC MC: Ver: 3.0.0
[    2.454012] zynqmp-ipi-mbox mailbox@ff990400: Registered ZynqMP IPI mbox with TX/RX channels.
[    2.462520] jesd204: created con: id=0, topo=0, link=0, /axi/spi@ff050000/hmc7044@0 <-> /fpga-axi@0/axi-adxcvr-tx@84b60000
[    2.473103] jesd204: created con: id=1, topo=0, link=2, /axi/spi@ff050000/hmc7044@0 <-> /fpga-axi@0/axi-adxcvr-rx@84a60000
[    2.484087] jesd204: created con: id=2, topo=0, link=0, /fpga-axi@0/axi-adxcvr-tx@84b60000 <-> /fpga-axi@0/axi-jesd204-tx@84b90000
[    2.495763] jesd204: created con: id=3, topo=0, link=2, /fpga-axi@0/axi-adxcvr-rx@84a60000 <-> /fpga-axi@0/axi-jesd204-rx@84a90000
[    2.507440] jesd204: created con: id=4, topo=0, link=0, /fpga-axi@0/axi-jesd204-tx@84b90000 <-> /fpga-axi@0/axi-ad9081-tx-hpc@84b10000
[    2.519468] jesd204: created con: id=5, topo=0, link=2, /fpga-axi@0/axi-jesd204-rx@84a90000 <-> /fpga-axi@0/axi-ad9081-rx-hpc@84a10000
[    2.531491] jesd204: created con: id=6, topo=0, link=2, /fpga-axi@0/axi-ad9081-rx-hpc@84a10000 <-> /axi/spi@ff040000/ad9081@0
[    2.542732] jesd204: created con: id=7, topo=0, link=0, /fpga-axi@0/axi-ad9081-tx-hpc@84b10000 <-> /axi/spi@ff040000/ad9081@0
[    2.553982] jesd204: /axi/spi@ff040000/ad9081@0: JESD204[2] transition uninitialized -> initialized
[    2.562969] jesd204: /axi/spi@ff040000/ad9081@0: JESD204[0] transition uninitialized -> initialized
[    2.571961] jesd204: found 8 devices and 1 topologies
[    2.577002] FPGA manager framework
[    2.580478] Advanced Linux Sound Architecture Driver Initialized.
[    2.586780] Bluetooth: Core ver 2.22
[    2.589963] NET: Registered protocol family 31
[    2.594364] Bluetooth: HCI device and connection manager initialized
[    2.600681] Bluetooth: HCI socket layer initialized
[    2.605523] Bluetooth: L2CAP socket layer initialized
[    2.610547] Bluetooth: SCO socket layer initialized
[    2.615729] clocksource: Switched to clocksource arch_sys_counter
[    2.621536] VFS: Disk quotas dquot_6.6.0
[    2.625376] VFS: Dquot-cache hash table entries: 512 (order 0, 4096 bytes)
[    2.636086] NET: Registered protocol family 2
[    2.636817] tcp_listen_portaddr_hash hash table entries: 2048 (order: 3, 32768 bytes, linear)
[    2.645016] TCP established hash table entries: 32768 (order: 6, 262144 bytes, linear)
[    2.653041] TCP bind hash table entries: 32768 (order: 7, 524288 bytes, linear)
[    2.660485] TCP: Hash tables configured (established 32768 bind 32768)
[    2.666661] UDP hash table entries: 2048 (order: 4, 65536 bytes, linear)
[    2.673324] UDP-Lite hash table entries: 2048 (order: 4, 65536 bytes, linear)
[    2.680486] NET: Registered protocol family 1
[    2.684936] RPC: Registered named UNIX socket transport module.
[    2.690561] RPC: Registered udp transport module.
[    2.695229] RPC: Registered tcp transport module.
[    2.699894] RPC: Registered tcp NFSv4.1 backchannel transport module.
[    2.706878] PCI: CLS 0 bytes, default 64
[    2.710589] hw perfevents: no interrupt-affinity property for /pmu, guessing.
[    2.717449] hw perfevents: enabled with armv8_pmuv3 PMU driver, 7 counters available
[    2.725795] Initialise system trusted keyrings
[    2.729479] workingset: timestamp_bits=62 max_order=20 bucket_order=0
[    2.736372] NFS: Registering the id_resolver key type
[    2.740824] Key type id_resolver registered
[    2.744964] Key type id_legacy registered
[    2.748954] nfs4filelayout_init: NFSv4 File Layout Driver Registering...
[    2.755620] jffs2: version 2.2. (NAND) (SUMMARY)  Â© 2001-2006 Red Hat, Inc.
[    2.798726] NET: Registered protocol family 38
[    2.798768] xor: measuring software checksum speed
[    2.806453]    8regs           :  2363 MB/sec
[    2.810122]    32regs          :  2799 MB/sec
[    2.815064]    arm64_neon      :  2380 MB/sec
[    2.815254] xor: using function: 32regs (2799 MB/sec)
[    2.820280] Key type asymmetric registered
[    2.824341] Asymmetric key parser 'x509' registered
[    2.829202] Block layer SCSI generic (bsg) driver version 0.4 loaded (major 248)
[    2.836539] io scheduler mq-deadline registered
[    2.841035] io scheduler kyber registered
[    2.870440] Serial: 8250/16550 driver, 4 ports, IRQ sharing disabled
[    2.875071] cacheinfo: Unable to detect cache hierarchy for CPU 0
[    2.881410] brd: module loaded
[    2.885561] loop: module loaded
[    2.886109] Registered mathworks_ip class
[    2.889452] libphy: Fixed MDIO Bus: probed
[    2.892420] tun: Universal TUN/TAP device driver, 1.6
[    2.896494] CAN device driver interface
[    2.901030] usbcore: registered new interface driver asix
[    2.905622] usbcore: registered new interface driver ax88179_178a
[    2.911659] usbcore: registered new interface driver cdc_ether
[    2.917451] usbcore: registered new interface driver net1080
[    2.923075] usbcore: registered new interface driver cdc_subset
[    2.928957] usbcore: registered new interface driver zaurus
[    2.934501] usbcore: registered new interface driver cdc_ncm
[    2.940906] ehci_hcd: USB 2.0 'Enhanced' Host Controller (EHCI) Driver
[    2.946587] ehci-pci: EHCI PCI platform driver
[    2.951384] usbcore: registered new interface driver uas
[    2.956302] usbcore: registered new interface driver usb-storage
[    2.962297] usbcore: registered new interface driver usbserial_generic
[    2.968743] usbserial: USB Serial support registered for generic
[    2.974714] usbcore: registered new interface driver ftdi_sio
[    2.980417] usbserial: USB Serial support registered for FTDI USB Serial Device
[    2.987690] usbcore: registered new interface driver upd78f0730
[    2.993564] usbserial: USB Serial support registered for upd78f0730
[    3.001215] rtc_zynqmp ffa60000.rtc: registered as rtc0
[    3.004989] rtc_zynqmp ffa60000.rtc: setting system clock to 2022-03-25T23:49:17 UTC (1648252157)
[    3.013852] i2c /dev entries driver
[    3.019160] usbcore: registered new interface driver uvcvideo
[    3.022965] USB Video Class driver (1.1.1)
[    3.028554] Bluetooth: HCI UART driver ver 2.3
[    3.031437] Bluetooth: HCI UART protocol H4 registered
[    3.036546] Bluetooth: HCI UART protocol BCSP registered
[    3.041835] Bluetooth: HCI UART protocol LL registered
[    3.046924] Bluetooth: HCI UART protocol ATH3K registered
[    3.052300] Bluetooth: HCI UART protocol Three-wire (H5) registered
[    3.058553] Bluetooth: HCI UART protocol Intel registered
[    3.063891] Bluetooth: HCI UART protocol QCA registered
[    3.069092] usbcore: registered new interface driver bcm203x
[    3.074713] usbcore: registered new interface driver bpa10x
[    3.080251] usbcore: registered new interface driver bfusb
[    3.085697] usbcore: registered new interface driver btusb
[    3.091163] usbcore: registered new interface driver ath3k
[    3.096647] EDAC MC: ECC not enabled
[    3.100270] EDAC DEVICE0: Giving out device to module zynqmp-ocm-edac controller zynqmp_ocm: DEV ff960000.memory-controller (INTERRUPT)
[    3.112580] sdhci: Secure Digital Host Controller Interface driver
[    3.118373] sdhci: Copyright(c) Pierre Ossman
[    3.122698] sdhci-pltfm: SDHCI platform and OF driver helper
[    3.128751] ledtrig-cpu: registered to indicate activity on CPUs
[    3.134304] SMCCC: SOC_ID: ARCH_SOC_ID not implemented, skipping ....
[    3.140731] zynqmp_firmware_probe Platform Management API v1.1
[    3.146488] zynqmp_firmware_probe Trustzone version v1.0
[    3.186038] zynqmp-pinctrl firmware:zynqmp-firmware:pinctrl: zynqmp pinctrl initialized
[    3.233927] zynqmp-aes firmware:zynqmp-firmware:zynqmp-aes: will run requests pump with realtime priority
[    3.249725] alg: No test for xilinx-keccak-384 (zynqmp-keccak-384)
[    3.250433] alg: No test for xilinx-zynqmp-rsa (zynqmp-rsa)
[    3.255945] usbcore: registered new interface driver usbhid
[    3.261334] usbhid: USB HID core driver
[    3.272572] axi_sysid 85000000.axi-sysid-0: AXI System ID core version (1.01.a) found
[    3.274923] axi_sysid 85000000.axi-sysid-0: [ad9081_fmca_ebz] on [zcu102] git branch <master> git <084d44c9780640ca93fd847b1d9ec70dd65f5c67> clean [2022-03-18 04:17:50] UTC
[    3.290613] fpga_manager fpga0: Xilinx ZynqMP FPGA Manager registered
[    3.296964] usbcore: registered new interface driver snd-usb-audio
[    3.304422] pktgen: Packet Generator for packet performance testing. Version: 2.75
[    3.310607] Initializing XFRM netlink socket
[    3.314452] NET: Registered protocol family 10
[    3.319171] Segment Routing with IPv6
[    3.322546] sit: IPv6, IPv4 and MPLS over IPv4 tunneling driver
[    3.328622] NET: Registered protocol family 17
[    3.332727] NET: Registered protocol family 15
[    3.337221] can: controller area network core
[    3.341478] NET: Registered protocol family 29
[    3.345865] can: raw protocol
[    3.348801] can: broadcast manager protocol
[    3.352956] can: netlink gateway - max_hops=1
[    3.357357] Bluetooth: RFCOMM TTY layer initialized
[    3.362130] Bluetooth: RFCOMM socket layer initialized
[    3.367237] Bluetooth: RFCOMM ver 1.11
[    3.370949] Bluetooth: BNEP (Ethernet Emulation) ver 1.3
[    3.376220] Bluetooth: BNEP filters: protocol multicast
[    3.381414] Bluetooth: BNEP socket layer initialized
[    3.386341] Bluetooth: HIDP (Human Interface Emulation) ver 1.2
[    3.392224] Bluetooth: HIDP socket layer initialized
[    3.397279] 9pnet: Installing 9P2000 support
[    3.401401] NET: Registered protocol family 36
[    3.405818] Key type dns_resolver registered
[    3.410251] registered taskstats version 1
[    3.414114] Loading compiled-in X.509 certificates
[    3.419230] Btrfs loaded, crc32c=crc32c-generic
[    3.431628] ff000000.serial: ttyPS0 at MMIO 0xff000000 (irq = 49, base_baud = 6249999) is a xuartps
[    3.440650] printk: console [ttyPS0] enabled
[    3.444944] printk: bootconsole [cdns0] disabled
[    3.454570] ff010000.serial: ttyPS1 at MMIO 0xff010000 (irq = 50, base_baud = 6249999) is a xuartps
[    3.467831] of-fpga-region fpga-full: FPGA Region probed
[    3.474786] nwl-pcie fd0e0000.pcie: host bridge /axi/pcie@fd0e0000 ranges:
[    3.481682] nwl-pcie fd0e0000.pcie:      MEM 0x00e0000000..0x00efffffff -> 0x00e0000000
[    3.489684] nwl-pcie fd0e0000.pcie:      MEM 0x0600000000..0x07ffffffff -> 0x0600000000
[    3.497746] nwl-pcie fd0e0000.pcie: Link is DOWN
[    3.502506] nwl-pcie fd0e0000.pcie: PCI host bridge to bus 0000:00
[    3.508681] pci_bus 0000:00: root bus resource [bus 00-ff]
[    3.514162] pci_bus 0000:00: root bus resource [mem 0xe0000000-0xefffffff]
[    3.521032] pci_bus 0000:00: root bus resource [mem 0x600000000-0x7ffffffff pref]
[    3.528536] pci 0000:00:00.0: [10ee:d021] type 01 class 0x060400
[    3.534592] pci 0000:00:00.0: PME# supported from D0 D1 D2 D3hot
[    3.545033] pci 0000:00:00.0: PCI bridge to [bus 01-0c]
[    3.551012] xilinx-zynqmp-dma fd500000.dma: ZynqMP DMA driver Probe success
[    3.558189] xilinx-zynqmp-dma fd510000.dma: ZynqMP DMA driver Probe success
[    3.565370] xilinx-zynqmp-dma fd520000.dma: ZynqMP DMA driver Probe success
[    3.572544] xilinx-zynqmp-dma fd530000.dma: ZynqMP DMA driver Probe success
[    3.579722] xilinx-zynqmp-dma fd540000.dma: ZynqMP DMA driver Probe success
[    3.586885] xilinx-zynqmp-dma fd550000.dma: ZynqMP DMA driver Probe success
[    3.594058] xilinx-zynqmp-dma fd560000.dma: ZynqMP DMA driver Probe success
[    3.601227] xilinx-zynqmp-dma fd570000.dma: ZynqMP DMA driver Probe success
[    3.608626] xilinx-zynqmp-dpdma fd4c0000.dma-controller: Xilinx DPDMA engine is probed
[    3.617176] ahci-ceva fd0c0000.ahci: supply ahci not found, using dummy regulator
[    3.624716] ahci-ceva fd0c0000.ahci: supply phy not found, using dummy regulator
[    3.715899] hmc7044 spi2.0: PLL1: Acquisition, CLKIN0 @ 122880000 Hz, PFD: 80 kHz - PLL2: Locked @ 2466.000000 MHz
[    3.726615] jesd204: /axi/spi@ff050000/hmc7044@0,jesd204:1,parent=spi2.0: Using as SYSREF provider
[    3.736191] spi-nor spi0.0: SPI-NOR-UniqueID 100000235394732200270025081115266e
[    3.743501] spi-nor spi0.0: found n25q512a, expected m25p80
[    3.749695] spi-nor spi0.0: trying to lock already unlocked area
[    3.755694] spi-nor spi0.0: n25q512a (131072 Kbytes)
[    3.760681] 4 fixed-partitions partitions found on MTD device spi0.0
[    3.767026] Creating 4 MTD partitions on "spi0.0":
[    3.771812] 0x000000000000-0x000000100000 : "qspi-fsbl-uboot"
[    3.778290] 0x000000100000-0x000000600000 : "qspi-linux"
[    3.784253] 0x000000600000-0x000000620000 : "qspi-device-tree"
[    3.790736] 0x000000620000-0x000000c00000 : "qspi-rootfs"
[    3.799208] macb ff0e0000.ethernet: Not enabling partial store and forward
[    3.806730] libphy: MACB_mii_bus: probed
[    3.811789] macb ff0e0000.ethernet eth0: Cadence GEM rev 0x50070106 at 0xff0e0000 irq 30 (00:0a:35:04:8e:1b)
[    3.821994] xilinx-axipmon ffa00000.perf-monitor: Probed Xilinx APM
[    3.828566] xilinx-axipmon fd0b0000.perf-monitor: Probed Xilinx APM
[    3.835085] xilinx-axipmon fd490000.perf-monitor: Probed Xilinx APM
[    3.841627] xilinx-axipmon ffa10000.perf-monitor: Probed Xilinx APM
[    3.851615] pca953x 0-0020: supply vcc not found, using dummy regulator
[    3.858303] pca953x 0-0020: using no AI
[    3.862794] gpio-496 (sel0): hogged as output/low
[    3.867691] gpio-497 (sel1): hogged as output/high
[    3.872675] gpio-498 (sel2): hogged as output/high
[    3.877669] gpio-499 (sel3): hogged as output/high
[    3.882844] pca953x 0-0021: supply vcc not found, using dummy regulator
[    3.889514] pca953x 0-0021: using no AI
[    3.895274] ina2xx 2-0040: power monitor ina226 (Rshunt = 5000 uOhm)
[    3.902301] ina2xx 2-0041: power monitor ina226 (Rshunt = 5000 uOhm)
[    3.909333] ina2xx 2-0042: power monitor ina226 (Rshunt = 5000 uOhm)
[    3.916370] ina2xx 2-0043: power monitor ina226 (Rshunt = 5000 uOhm)
[    3.923397] ina2xx 2-0044: power monitor ina226 (Rshunt = 5000 uOhm)
[    3.930417] ina2xx 2-0045: power monitor ina226 (Rshunt = 5000 uOhm)
[    3.937453] ina2xx 2-0046: power monitor ina226 (Rshunt = 5000 uOhm)
[    3.944531] ina2xx 2-0047: power monitor ina226 (Rshunt = 5000 uOhm)
[    3.951559] ina2xx 2-004a: power monitor ina226 (Rshunt = 5000 uOhm)
[    3.958592] ina2xx 2-004b: power monitor ina226 (Rshunt = 5000 uOhm)
[    3.965000] i2c i2c-0: Added multiplexed i2c bus 2
[    3.970387] random: fast init done
[    3.973858] ina2xx 3-0040: power monitor ina226 (Rshunt = 2000 uOhm)
[    3.980889] ina2xx 3-0041: power monitor ina226 (Rshunt = 5000 uOhm)
[    3.987918] ina2xx 3-0042: power monitor ina226 (Rshunt = 5000 uOhm)
[    3.994949] ina2xx 3-0043: power monitor ina226 (Rshunt = 5000 uOhm)
[    4.001981] ina2xx 3-0044: power monitor ina226 (Rshunt = 5000 uOhm)
[    4.009013] ina2xx 3-0045: power monitor ina226 (Rshunt = 5000 uOhm)
[    4.016057] ina2xx 3-0046: power monitor ina226 (Rshunt = 5000 uOhm)
[    4.023083] ina2xx 3-0047: power monitor ina226 (Rshunt = 5000 uOhm)
[    4.029486] i2c i2c-0: Added multiplexed i2c bus 3
[    4.085329] i2c i2c-0: Added multiplexed i2c bus 4
[    4.090274] i2c i2c-0: Added multiplexed i2c bus 5
[    4.095068] pca954x 0-0075: registered 4 multiplexed busses for I2C mux pca9544
[    4.102418] cdns-i2c ff020000.i2c: 400 kHz mmio ff020000 irq 32
[    4.110151] at24 6-0054: supply vcc not found, using dummy regulator
[    4.117042] at24 6-0054: 1024 byte 24c08 EEPROM, writable, 1 bytes/write
[    4.123790] i2c i2c-1: Added multiplexed i2c bus 6
[    4.130216] si5341 7-0036: Chip: 5341 Grade: 1 Rev: 1
[    4.167902] i2c i2c-1: Added multiplexed i2c bus 7
[    4.175555] si570 8-005d: registered, current frequency 300000000 Hz
[    4.181962] i2c i2c-1: Added multiplexed i2c bus 8
[    4.201746] si570 9-005d: registered, current frequency 148500000 Hz
[    4.208148] i2c i2c-1: Added multiplexed i2c bus 9
[    4.213193] si5324 10-0069: si5328 probed
[    4.280077] si5324 10-0069: si5328 probe successful
[    4.285003] i2c i2c-1: Added multiplexed i2c bus 10
[    4.290033] i2c i2c-1: Added multiplexed i2c bus 11
[    4.295059] i2c i2c-1: Added multiplexed i2c bus 12
[    4.300077] i2c i2c-1: Added multiplexed i2c bus 13
[    4.304958] pca954x 1-0074: registered 8 multiplexed busses for I2C switch pca9548
[    4.313072] at24 14-0050: supply vcc not found, using dummy regulator
[    4.319870] at24 14-0050: 256 byte 24c02 EEPROM, writable, 1 bytes/write
[    4.326618] i2c i2c-1: Added multiplexed i2c bus 14
[    4.331658] i2c i2c-1: Added multiplexed i2c bus 15
[    4.336693] i2c i2c-1: Added multiplexed i2c bus 16
[    4.341727] i2c i2c-1: Added multiplexed i2c bus 17
[    4.346764] i2c i2c-1: Added multiplexed i2c bus 18
[    4.351804] i2c i2c-1: Added multiplexed i2c bus 19
[    4.356843] i2c i2c-1: Added multiplexed i2c bus 20
[    4.361878] i2c i2c-1: Added multiplexed i2c bus 21
[    4.366750] pca954x 1-0075: registered 8 multiplexed busses for I2C switch pca9548
[    4.374360] cdns-i2c ff030000.i2c: 400 kHz mmio ff030000 irq 33
[    4.384107] cdns-wdt fd4d0000.watchdog: Xilinx Watchdog Timer with timeout 60s
[    4.394896] axi_adxcvr 84a60000.axi-adxcvr-rx: AXI-ADXCVR-RX (17.05.a) using CPLL on GTH4 at 0x84A60000. Number of lanes: 4.
[    4.407061] axi_adxcvr 84b60000.axi-adxcvr-tx: AXI-ADXCVR-TX (17.05.a) using QPLL on GTH4 at 0x84B60000. Number of lanes: 4.
[    4.418689] axi-jesd204-rx 84a90000.axi-jesd204-rx: AXI-JESD204-RX (1.07.a) at 0x84A90000. Encoder 8b10b, width 4/4, lanes 4, jesd204-fsm.
[    4.426207] mmc0: SDHCI controller on ff170000.mmc [ff170000.mmc] using ADMA 64-bit
[    4.431533] axi-jesd204-tx 84b90000.axi-jesd204-tx: AXI-JESD204-TX (1.06.a) at 0x84B90000. Encoder 8b10b, width 4/4, lanes 4, jesd204-fsm.
[    4.452254] zynqmp-display fd4a0000.display: vtc bridge property not present
[    4.461897] xilinx-dp-snd-codec fd4a0000.display:zynqmp_dp_snd_codec0: Failed to get required clock freq
[    4.471397] xilinx-dp-snd-codec: probe of fd4a0000.display:zynqmp_dp_snd_codec0 failed with error -22
[    4.473510] mmc0: new high speed SDHC card at address 0001
[    4.480944] xilinx-dp-snd-pcm zynqmp_dp_snd_pcm0: Xilinx DisplayPort Sound PCM probed
[    4.486446] mmcblk0: mmc0:0001 EB1QT 29.8 GiB 
[    4.494253] xilinx-dp-snd-pcm zynqmp_dp_snd_pcm1: Xilinx DisplayPort Sound PCM probed
[    4.499594]  mmcblk0: p1 p2 p3
[    4.506555] OF: graph: no port node found in /axi/display@fd4a0000
[    4.515628] xlnx-drm xlnx-drm.0: bound fd4a0000.display (ops 0xffffffc010fcbdb8)
[    5.599747] zynqmp-display fd4a0000.display: [drm] Cannot find any crtc or sizes
[    5.607359] [drm] Initialized xlnx 1.0.0 20130509 for fd4a0000.display on minor 0
[    5.614851] zynqmp-display fd4a0000.display: ZynqMP DisplayPort Subsystem driver probed
[    5.623173] ahci-ceva fd0c0000.ahci: supply ahci not found, using dummy regulator
[    5.630718] ahci-ceva fd0c0000.ahci: supply phy not found, using dummy regulator
[    5.638172] ahci-ceva fd0c0000.ahci: supply target not found, using dummy regulator
[    5.646008] ahci-ceva fd0c0000.ahci: AHCI 0001.0301 32 slots 2 ports 6 Gbps 0x3 impl platform mode
[    5.654965] ahci-ceva fd0c0000.ahci: flags: 64bit ncq sntf pm clo only pmp fbs pio slum part ccc sds apst 
[    5.665664] scsi host0: ahci-ceva
[    5.669249] scsi host1: ahci-ceva
[    5.672678] ata1: SATA max UDMA/133 mmio [mem 0xfd0c0000-0xfd0c1fff] port 0x100 irq 45
[    5.680588] ata2: SATA max UDMA/133 mmio [mem 0xfd0c0000-0xfd0c1fff] port 0x180 irq 45
[    5.689197] ad9081 spi1.0: supply vdd not found, using dummy regulator
[    6.001980] ata1: SATA link down (SStatus 0 SControl 330)
[    6.007395] ata2: SATA link down (SStatus 0 SControl 330)
[    6.683747] zynqmp-display fd4a0000.display: [drm] Cannot find any crtc or sizes
[    6.881191] ad9081 spi1.0: Invalid param passed., "ref_clk_hz < 100000000ULL" in adi_ad9081_device_clk_config_set(...), line554 in drivers/iio/adc/ad9081/adi_ad9081_device.c
[    7.548472] ad9081 spi1.0: AD9081 Rev. 2 Grade 10 (API 1.2.2) probed
[    7.555666] xhci-hcd xhci-hcd.1.auto: xHCI Host Controller
[    7.561156] xhci-hcd xhci-hcd.1.auto: new USB bus registered, assigned bus number 1
[    7.568902] xhci-hcd xhci-hcd.1.auto: hcc params 0x0238f625 hci version 0x100 quirks 0x0000000002010810
[    7.578315] xhci-hcd xhci-hcd.1.auto: irq 59, io mem 0xfe200000
[    7.584423] usb usb1: New USB device found, idVendor=1d6b, idProduct=0002, bcdDevice= 5.10
[    7.592680] usb usb1: New USB device strings: Mfr=3, Product=2, SerialNumber=1
[    7.599898] usb usb1: Product: xHCI Host Controller
[    7.604768] usb usb1: Manufacturer: Linux 5.10.0-98103-g2aa7ac113716 xhci-hcd
[    7.611894] usb usb1: SerialNumber: xhci-hcd.1.auto
[    7.617058] hub 1-0:1.0: USB hub found
[    7.620823] hub 1-0:1.0: 1 port detected
[    7.624924] xhci-hcd xhci-hcd.1.auto: xHCI Host Controller
[    7.630405] xhci-hcd xhci-hcd.1.auto: new USB bus registered, assigned bus number 2
[    7.638060] xhci-hcd xhci-hcd.1.auto: Host supports USB 3.0 SuperSpeed
[    7.644685] usb usb2: New USB device found, idVendor=1d6b, idProduct=0003, bcdDevice= 5.10
[    7.652945] usb usb2: New USB device strings: Mfr=3, Product=2, SerialNumber=1
[    7.660169] usb usb2: Product: xHCI Host Controller
[    7.665042] usb usb2: Manufacturer: Linux 5.10.0-98103-g2aa7ac113716 xhci-hcd
[    7.672167] usb usb2: SerialNumber: xhci-hcd.1.auto
[    7.677277] hub 2-0:1.0: USB hub found
[    7.681040] hub 2-0:1.0: 1 port detected
[    7.711076] cf_axi_adc 84a10000.axi-ad9081-rx-hpc: ADI AIM (10.01.b) at 0x84A10000 mapped to 0x(____ptrval____), probed ADC AD9081 as MASTER
[    7.744577] cf_axi_dds 84b10000.axi-ad9081-tx-hpc: Analog Devices CF_AXI_DDS_DDS MASTER (9.01.b) at 0x84B10000 mapped to 0x(____ptrval____), probed DDS AD9081
[    7.758778] jesd204: /axi/spi@ff040000/ad9081@0,jesd204:0,parent=spi1.0: JESD204[2] transition initialized -> probed
[    7.769298] jesd204: /axi/spi@ff040000/ad9081@0,jesd204:0,parent=spi1.0: JESD204[0] transition initialized -> probed
[    7.779819] jesd204: /axi/spi@ff040000/ad9081@0,jesd204:0,parent=spi1.0: JESD204[2] transition probed -> idle
[    7.789728] jesd204: /axi/spi@ff040000/ad9081@0,jesd204:0,parent=spi1.0: JESD204[0] transition probed -> idle
[    7.799642] jesd204: /axi/spi@ff040000/ad9081@0,jesd204:0,parent=spi1.0: JESD204[2] transition idle -> device_init
[    7.809985] jesd204: /axi/spi@ff040000/ad9081@0,jesd204:0,parent=spi1.0: JESD204[0] transition idle -> device_init
[    7.820338] jesd204: /axi/spi@ff040000/ad9081@0,jesd204:0,parent=spi1.0: JESD204[2] transition device_init -> link_init
[    7.831112] jesd204: /axi/spi@ff040000/ad9081@0,jesd204:0,parent=spi1.0: JESD204[0] transition device_init -> link_init
[    7.841903] jesd204: /axi/spi@ff040000/ad9081@0,jesd204:0,parent=spi1.0: JESD204[2] transition link_init -> link_supported
[    7.852943] jesd204: /axi/spi@ff040000/ad9081@0,jesd204:0,parent=spi1.0: JESD204[0] transition link_init -> link_supported
[    7.864345] hmc7044 spi2.0: hmc7044_jesd204_link_pre_setup: Link2 forcing continuous SYSREF mode
[    7.873517] jesd204: /axi/spi@ff040000/ad9081@0,jesd204:0,parent=spi1.0: JESD204[2] transition link_supported -> link_pre_setup
[    7.884990] jesd204: /axi/spi@ff040000/ad9081@0,jesd204:0,parent=spi1.0: JESD204[0] transition link_supported -> link_pre_setup
[    7.908850] jesd204: /axi/spi@ff040000/ad9081@0,jesd204:0,parent=spi1.0: JESD204[2] transition link_pre_setup -> clk_sync_stage1
[    7.920414] jesd204: /axi/spi@ff040000/ad9081@0,jesd204:0,parent=spi1.0: JESD204[0] transition link_pre_setup -> clk_sync_stage1
[    7.931978] jesd204: /axi/spi@ff040000/ad9081@0,jesd204:0,parent=spi1.0: JESD204[2] transition clk_sync_stage1 -> clk_sync_stage2
[    7.943623] jesd204: /axi/spi@ff040000/ad9081@0,jesd204:0,parent=spi1.0: JESD204[0] transition clk_sync_stage1 -> clk_sync_stage2
[    7.955275] jesd204: /axi/spi@ff040000/ad9081@0,jesd204:0,parent=spi1.0: JESD204[2] transition clk_sync_stage2 -> clk_sync_stage3
[    7.966919] jesd204: /axi/spi@ff040000/ad9081@0,jesd204:0,parent=spi1.0: JESD204[0] transition clk_sync_stage2 -> clk_sync_stage3
[    7.980591] jesd204: /axi/spi@ff040000/ad9081@0,jesd204:0,parent=spi1.0: JESD204[2] transition clk_sync_stage3 -> link_setup
[    7.991809] jesd204: /axi/spi@ff040000/ad9081@0,jesd204:0,parent=spi1.0: JESD204[0] transition clk_sync_stage3 -> link_setup
[    8.007807] jesd204: /axi/spi@ff040000/ad9081@0,jesd204:0,parent=spi1.0: JESD204[2] transition link_setup -> opt_setup_stage1
[    8.019106] jesd204: /axi/spi@ff040000/ad9081@0,jesd204:0,parent=spi1.0: JESD204[0] transition link_setup -> opt_setup_stage1
[    8.035440] jesd204: /axi/spi@ff040000/ad9081@0,jesd204:0,parent=spi1.0: JESD204[2] transition opt_setup_stage1 -> opt_setup_stage2
[    8.047264] jesd204: /axi/spi@ff040000/ad9081@0,jesd204:0,parent=spi1.0: JESD204[0] transition opt_setup_stage1 -> opt_setup_stage2
[    8.059236] jesd204: /axi/spi@ff040000/ad9081@0,jesd204:0,parent=spi1.0: JESD204[2] transition opt_setup_stage2 -> opt_setup_stage3
[    8.071060] jesd204: /axi/spi@ff040000/ad9081@0,jesd204:0,parent=spi1.0: JESD204[0] transition opt_setup_stage2 -> opt_setup_stage3
[    8.082888] jesd204: /axi/spi@ff040000/ad9081@0,jesd204:0,parent=spi1.0: JESD204[2] transition opt_setup_stage3 -> opt_setup_stage4
[    8.094705] jesd204: /axi/spi@ff040000/ad9081@0,jesd204:0,parent=spi1.0: JESD204[0] transition opt_setup_stage3 -> opt_setup_stage4
[    8.106536] jesd204: /axi/spi@ff040000/ad9081@0,jesd204:0,parent=spi1.0: JESD204[2] transition opt_setup_stage4 -> opt_setup_stage5
[    8.118364] jesd204: /axi/spi@ff040000/ad9081@0,jesd204:0,parent=spi1.0: JESD204[0] transition opt_setup_stage4 -> opt_setup_stage5
[    8.134290] jesd204: /axi/spi@ff040000/ad9081@0,jesd204:0,parent=spi1.0: JESD204[2] transition opt_setup_stage5 -> clocks_enable
[    8.145853] jesd204: /axi/spi@ff040000/ad9081@0,jesd204:0,parent=spi1.0: JESD204[0] transition opt_setup_stage5 -> clocks_enable
[    8.192777] axi_adxcvr 84a60000.axi-adxcvr-rx: adxcvr_clk_enable: CPLL RX buffer underflow error, status: 0x61
[    8.202762] axi_adxcvr 84a60000.axi-adxcvr-rx: adxcvr_clk_enable: CPLL RX buffer overflow error, status: 0x61
[    8.212749] jesd204: /axi/spi@ff040000/ad9081@0,jesd204:0,parent=spi1.0: JESD204[2] transition clocks_enable -> link_enable
[    8.223874] jesd204: /axi/spi@ff040000/ad9081@0,jesd204:0,parent=spi1.0: JESD204[0] transition clocks_enable -> link_enable
[    8.283974] ad9081 spi1.0: JESD RX (JTX) Link2 in DATA, SYNC deasserted, PLL locked, PHASE established, MODE valid
[    8.294638] ad9081 spi1.0: JESD TX (JRX) Link0 0xF lanes in DATA
[    8.300642] jesd204: /axi/spi@ff040000/ad9081@0,jesd204:0,parent=spi1.0: JESD204[2] transition link_enable -> link_running
[    8.311680] jesd204: /axi/spi@ff040000/ad9081@0,jesd204:0,parent=spi1.0: JESD204[0] transition link_enable -> link_running
[    8.322726] jesd204: /axi/spi@ff040000/ad9081@0,jesd204:0,parent=spi1.0: JESD204[2] transition link_running -> opt_post_running_stage
[    8.334716] jesd204: /axi/spi@ff040000/ad9081@0,jesd204:0,parent=spi1.0: JESD204[0] transition link_running -> opt_post_running_stage
[    8.356024] input: gpio-keys as /devices/platform/gpio-keys/input/input0
[    8.363051] of_cfs_init
[    8.365512] of_cfs_init: OK
[    8.368452] cfg80211: Loading compiled-in X.509 certificates for regulatory database
[    8.540127] cfg80211: Loaded X.509 cert 'sforshee: 00b28ddf47aef9cea7'
[    8.546660] clk: Not disabling unused clocks
[    8.548715] random: crng init done
[    8.551189] ALSA device list:
[    8.557265]   No soundcards found.
[    8.560935] platform regulatory.0: Direct firmware load for regulatory.db failed with error -2
[    8.569545] cfg80211: failed to load regulatory.db
[    8.584905] EXT4-fs (mmcblk0p2): mounted filesystem with ordered data mode. Opts: (null)
[    8.593021] VFS: Mounted root (ext4 filesystem) on device 179:2.
[    8.606493] devtmpfs: mounted
[    8.610317] Freeing unused kernel memory: 2560K
[    8.623781] Run /sbin/init as init process
[    8.627874]   with arguments:
[    8.627877]     /sbin/init
[    8.627879]   with environment:
[    8.627881]     HOME=/
[    8.627883]     TERM=linux
[    9.197044] systemd[1]: systemd 241 running in system mode. (+PAM +AUDIT +SELINUX +IMA +APPARMOR +SMACK +SYSVINIT +UTMP +LIBCRYPTSETUP +GCRYPT +GNUTLS +ACL +XZ +LZ4 +SECCOMP +BLKID +ELFUTILS +KMOD -IDN2 +IDN -PCRE2 default-hierarchy=hybrid)
[    9.218900] systemd[1]: Detected architecture arm64.
[    9.240447] systemd[1]: Set hostname to <analog>.
[    9.442260] systemd[1]: File /lib/systemd/system/systemd-journald.service:12 configures an IP firewall (IPAddressDeny=any), but the local system does not support BPF/cgroup based firewalling.
[    9.459316] systemd[1]: Proceeding WITHOUT firewalling in effect! (This warning is only shown for the first loaded unit using IP firewalling.)
[    9.623278] systemd[1]: /etc/systemd/system/tof-server.service:1: Assignment outside of section. Ignoring.
[    9.632965] systemd[1]: /etc/systemd/system/tof-server.service:2: Assignment outside of section. Ignoring.
[    9.825412] systemd[1]: Created slice system-systemd\x2dfsck.slice.
[    9.848415] systemd[1]: Listening on Journal Audit Socket.
[    9.867936] systemd[1]: Listening on initctl Compatibility Named Pipe.
[   10.680841] EXT4-fs (mmcblk0p2): re-mounted. Opts: (null)
[   10.799553] systemd-journald[169]: Received request to flush runtime journal from PID 1
[   17.131691] macb ff0e0000.ethernet eth0: PHY [ff0e0000.ethernet-ffffffff:0c] driver [TI DP83867] (irq=POLL)
[   17.131704] macb ff0e0000.ethernet eth0: configuring for phy/rgmii-id link mode
[   17.447825] Adding 91132k swap on /var/swap.  Priority:-2 extents:2 across:631856k SS
[   20.031636] broken atomic modeset userspace detected, disabling atomic
[   21.217360] macb ff0e0000.ethernet eth0: Link is Up - 1Gbps/Full - flow control off
[   21.217386] IPv6: ADDRCONF(NETDEV_CHANGE): eth0: link becomes ready
[   22.781503] broken atomic modeset userspace detected, disabling atomic
[   25.889733] broken atomic modeset userspace detected, disabling atomic