[    0.000000] Booting Linux on physical CPU 0x0000000000 [0x410fd034]
[    0.000000] Linux version 5.10.0-98103-g2aa7ac113716 (jenkins@romlxbuild1.adlk.analog.com) (aarch64-xilinx-linux-gcc.real (GCC) 10.2.0, GNU ld (GNU Binutils) 2.35.0.20200730) #5577 SMP Wed Mar 23 07:28:49 GMT 2022
[    0.000000] Machine model: ZynqMP ZCU102 Rev1.0
[    0.000000] earlycon: cdns0 at MMIO 0x00000000ff000000 (options '115200n8')
[    0.000000] printk: bootconsole [cdns0] enabled
[    0.000000] efi: UEFI not found.
[    0.000000] cma: Reserved 256 MiB at 0x0000000070000000
[    0.000000] Zone ranges:
[    0.000000]   DMA      [mem 0x0000000000000000-0x000000003fffffff]
[    0.000000]   DMA32    [mem 0x0000000040000000-0x00000000ffffffff]
[    0.000000]   Normal   [mem 0x0000000100000000-0x000000087fffffff]
[    0.000000] Movable zone start for each node
[    0.000000] Early memory node ranges
[    0.000000]   node   0: [mem 0x0000000000000000-0x000000007fffffff]
[    0.000000]   node   0: [mem 0x0000000800000000-0x000000087fffffff]
[    0.000000] Initmem setup node 0 [mem 0x0000000000000000-0x000000087fffffff]
[    0.000000] On node 0 totalpages: 1048576
[    0.000000]   DMA zone: 3584 pages used for memmap
[    0.000000]   DMA zone: 0 pages reserved
[    0.000000]   DMA zone: 262144 pages, LIFO batch:63
[    0.000000]   DMA32 zone: 3584 pages used for memmap
[    0.000000]   DMA32 zone: 262144 pages, LIFO batch:63
[    0.000000]   Normal zone: 7168 pages used for memmap
[    0.000000]   Normal zone: 524288 pages, LIFO batch:63
[    0.000000] psci: probing for conduit method from DT.
[    0.000000] psci: PSCIv1.1 detected in firmware.
[    0.000000] psci: Using standard PSCI v0.2 function IDs
[    0.000000] psci: MIGRATE_INFO_TYPE not supported.
[    0.000000] psci: SMC Calling Convention v1.2
[    0.000000] percpu: Embedded 22 pages/cpu s49496 r8192 d32424 u90112
[    0.000000] pcpu-alloc: s49496 r8192 d32424 u90112 alloc=22*4096
[    0.000000] pcpu-alloc: [0] 0 [0] 1 [0] 2 [0] 3 
[    0.000000] Detected VIPT I-cache on CPU0
[    0.000000] CPU features: detected: ARM erratum 845719
[    0.000000] Built 1 zonelists, mobility grouping on.  Total pages: 1034240
[    0.000000] Kernel command line: console=ttyPS0,115200 root=/dev/mmcblk0p2 rw earlycon rootfstype=ext4 rootwait clk_ignore_unused cpuidle.off=1 root=/dev/mmcblk0p2 rw rootwait
[    0.000000] Dentry cache hash table entries: 524288 (order: 10, 4194304 bytes, linear)
[    0.000000] Inode-cache hash table entries: 262144 (order: 9, 2097152 bytes, linear)
[    0.000000] mem auto-init: stack:off, heap alloc:off, heap free:off
[    0.000000] software IO TLB: mapped [mem 0x000000003bfff000-0x000000003ffff000] (64MB)
[    0.000000] Memory: 3761904K/4194304K available (15296K kernel code, 1636K rwdata, 11876K rodata, 2560K init, 507K bss, 170256K reserved, 262144K cma-reserved)
[    0.000000] rcu: Hierarchical RCU implementation.
[    0.000000] rcu: 	RCU event tracing is enabled.
[    0.000000] rcu: 	RCU restricting CPUs from NR_CPUS=8 to nr_cpu_ids=4.
[    0.000000] rcu: RCU calculated value of scheduler-enlistment delay is 25 jiffies.
[    0.000000] rcu: Adjusting geometry for rcu_fanout_leaf=16, nr_cpu_ids=4
[    0.000000] NR_IRQS: 64, nr_irqs: 64, preallocated irqs: 0
[    0.000000] GIC: Adjusting CPU interface base to 0x00000000f902f000
[    0.000000] GIC: Using split EOI/Deactivate mode
[    0.000000] random: get_random_bytes called from start_kernel+0x31c/0x54c with crng_init=0
[    0.000000] arch_timer: cp15 timer(s) running at 100.00MHz (phys).
[    0.000000] clocksource: arch_sys_counter: mask: 0xffffffffffffff max_cycles: 0x171024e7e0, max_idle_ns: 440795205315 ns
[    0.000003] sched_clock: 56 bits at 100MHz, resolution 10ns, wraps every 4398046511100ns
[    0.008461] Console: colour dummy device 80x25
[    0.012483] Calibrating delay loop (skipped), value calculated using timer frequency.. 200.00 BogoMIPS (lpj=400000)
[    0.022841] pid_max: default: 32768 minimum: 301
[    0.027549] Mount-cache hash table entries: 8192 (order: 4, 65536 bytes, linear)
[    0.034789] Mountpoint-cache hash table entries: 8192 (order: 4, 65536 bytes, linear)
[    0.043399] rcu: Hierarchical SRCU implementation.
[    0.047559] EFI services will not be available.
[    0.051938] smp: Bringing up secondary CPUs ...
[    0.056658] Detected VIPT I-cache on CPU1
[    0.056696] CPU1: Booted secondary processor 0x0000000001 [0x410fd034]
[    0.057062] Detected VIPT I-cache on CPU2
[    0.057086] CPU2: Booted secondary processor 0x0000000002 [0x410fd034]
[    0.057426] Detected VIPT I-cache on CPU3
[    0.057449] CPU3: Booted secondary processor 0x0000000003 [0x410fd034]
[    0.057495] smp: Brought up 1 node, 4 CPUs
[    0.091780] SMP: Total of 4 processors activated.
[    0.096452] CPU features: detected: 32-bit EL0 Support
[    0.101556] CPU features: detected: CRC32 instructions
[    0.106695] CPU: All CPU(s) started at EL2
[    0.110737] alternatives: patching kernel code
[    0.116169] devtmpfs: initialized
[    0.124060] Registered cp15_barrier emulation handler
[    0.124110] Registered setend emulation handler
[    0.128091] clocksource: jiffies: mask: 0xffffffff max_cycles: 0xffffffff, max_idle_ns: 7645041785100000 ns
[    0.137670] futex hash table entries: 1024 (order: 4, 65536 bytes, linear)
[    0.151024] pinctrl core: initialized pinctrl subsystem
[    0.151674] NET: Registered protocol family 16
[    0.156091] DMA: preallocated 512 KiB GFP_KERNEL pool for atomic allocations
[    0.162108] DMA: preallocated 512 KiB GFP_KERNEL|GFP_DMA pool for atomic allocations
[    0.169833] DMA: preallocated 512 KiB GFP_KERNEL|GFP_DMA32 pool for atomic allocations
[    0.177636] audit: initializing netlink subsys (disabled)
[    0.183088] audit: type=2000 audit(0.116:1): state=initialized audit_enabled=0 res=1
[    0.183434] hw-breakpoint: found 6 breakpoint and 4 watchpoint registers.
[    0.197463] ASID allocator initialised with 65536 entries
[    0.224362] HugeTLB registered 1.00 GiB page size, pre-allocated 0 pages
[    0.225421] HugeTLB registered 32.0 MiB page size, pre-allocated 0 pages
[    0.232091] HugeTLB registered 2.00 MiB page size, pre-allocated 0 pages
[    0.238755] HugeTLB registered 64.0 KiB page size, pre-allocated 0 pages
[    1.304361] DRBG: Continuing without Jitter RNG
[    1.382142] raid6: neonx8   gen()  2141 MB/s
[    1.450194] raid6: neonx8   xor()  1599 MB/s
[    1.518258] raid6: neonx4   gen()  2193 MB/s
[    1.586303] raid6: neonx4   xor()  1564 MB/s
[    1.654373] raid6: neonx2   gen()  2076 MB/s
[    1.722419] raid6: neonx2   xor()  1439 MB/s
[    1.790490] raid6: neonx1   gen()  1772 MB/s
[    1.858532] raid6: neonx1   xor()  1220 MB/s
[    1.926589] raid6: int64x8  gen()  1438 MB/s
[    1.994647] raid6: int64x8  xor()   771 MB/s
[    2.062720] raid6: int64x4  gen()  1599 MB/s
[    2.130763] raid6: int64x4  xor()   818 MB/s
[    2.198838] raid6: int64x2  gen()  1395 MB/s
[    2.266883] raid6: int64x2  xor()   750 MB/s
[    2.334966] raid6: int64x1  gen()  1033 MB/s
[    2.403022] raid6: int64x1  xor()   517 MB/s
[    2.403060] raid6: using algorithm neonx4 gen() 2193 MB/s
[    2.407013] raid6: .... xor() 1564 MB/s, rmw enabled
[    2.411944] raid6: using neon recovery algorithm
[    2.416956] iommu: Default domain type: Translated 
[    2.421568] SCSI subsystem initialized
[    2.425113] libata version 3.00 loaded.
[    2.425237] usbcore: registered new interface driver usbfs
[    2.430570] usbcore: registered new interface driver hub
[    2.435842] usbcore: registered new device driver usb
[    2.440975] mc: Linux media interface: v0.10
[    2.445093] videodev: Linux video capture interface: v2.00
[    2.450583] EDAC MC: Ver: 3.0.0
[    2.454025] zynqmp-ipi-mbox mailbox@ff990400: Registered ZynqMP IPI mbox with TX/RX channels.
[    2.462525] jesd204: created con: id=0, topo=0, link=0, /axi/spi@ff050000/hmc7044@0 <-> /fpga-axi@0/axi-adxcvr-tx@84b60000
[    2.473112] jesd204: created con: id=1, topo=0, link=2, /axi/spi@ff050000/hmc7044@0 <-> /fpga-axi@0/axi-adxcvr-rx@84a60000
[    2.484096] jesd204: created con: id=2, topo=0, link=0, /fpga-axi@0/axi-adxcvr-tx@84b60000 <-> /fpga-axi@0/axi-jesd204-tx@84b90000
[    2.495772] jesd204: created con: id=3, topo=0, link=2, /fpga-axi@0/axi-adxcvr-rx@84a60000 <-> /fpga-axi@0/axi-jesd204-rx@84a90000
[    2.507449] jesd204: created con: id=4, topo=0, link=0, /fpga-axi@0/axi-jesd204-tx@84b90000 <-> /fpga-axi@0/axi-ad9081-tx-hpc@84b10000
[    2.519477] jesd204: created con: id=5, topo=0, link=2, /fpga-axi@0/axi-jesd204-rx@84a90000 <-> /fpga-axi@0/axi-ad9081-rx-hpc@84a10000
[    2.531499] jesd204: created con: id=6, topo=0, link=2, /fpga-axi@0/axi-ad9081-rx-hpc@84a10000 <-> /axi/spi@ff040000/ad9081@0
[    2.542740] jesd204: created con: id=7, topo=0, link=0, /fpga-axi@0/axi-ad9081-tx-hpc@84b10000 <-> /axi/spi@ff040000/ad9081@0
[    2.553991] jesd204: /axi/spi@ff040000/ad9081@0: JESD204[2] transition uninitialized -> initialized
[    2.562977] jesd204: /axi/spi@ff040000/ad9081@0: JESD204[0] transition uninitialized -> initialized
[    2.571969] jesd204: found 8 devices and 1 topologies
[    2.577013] FPGA manager framework
[    2.580490] Advanced Linux Sound Architecture Driver Initialized.
[    2.586782] Bluetooth: Core ver 2.22
[    2.589972] NET: Registered protocol family 31
[    2.594373] Bluetooth: HCI device and connection manager initialized
[    2.600690] Bluetooth: HCI socket layer initialized
[    2.605532] Bluetooth: L2CAP socket layer initialized
[    2.610556] Bluetooth: SCO socket layer initialized
[    2.615740] clocksource: Switched to clocksource arch_sys_counter
[    2.621546] VFS: Disk quotas dquot_6.6.0
[    2.625383] VFS: Dquot-cache hash table entries: 512 (order 0, 4096 bytes)
[    2.636099] NET: Registered protocol family 2
[    2.636826] tcp_listen_portaddr_hash hash table entries: 2048 (order: 3, 32768 bytes, linear)
[    2.645023] TCP established hash table entries: 32768 (order: 6, 262144 bytes, linear)
[    2.653048] TCP bind hash table entries: 32768 (order: 7, 524288 bytes, linear)
[    2.660494] TCP: Hash tables configured (established 32768 bind 32768)
[    2.666667] UDP hash table entries: 2048 (order: 4, 65536 bytes, linear)
[    2.673333] UDP-Lite hash table entries: 2048 (order: 4, 65536 bytes, linear)
[    2.680493] NET: Registered protocol family 1
[    2.684949] RPC: Registered named UNIX socket transport module.
[    2.690571] RPC: Registered udp transport module.
[    2.695235] RPC: Registered tcp transport module.
[    2.699905] RPC: Registered tcp NFSv4.1 backchannel transport module.
[    2.706897] PCI: CLS 0 bytes, default 64
[    2.710605] hw perfevents: no interrupt-affinity property for /pmu, guessing.
[    2.717455] hw perfevents: enabled with armv8_pmuv3 PMU driver, 7 counters available
[    2.725808] Initialise system trusted keyrings
[    2.729488] workingset: timestamp_bits=62 max_order=20 bucket_order=0
[    2.736383] NFS: Registering the id_resolver key type
[    2.740833] Key type id_resolver registered
[    2.744972] Key type id_legacy registered
[    2.748962] nfs4filelayout_init: NFSv4 File Layout Driver Registering...
[    2.755628] jffs2: version 2.2. (NAND) (SUMMARY)  Â© 2001-2006 Red Hat, Inc.
[    2.799555] NET: Registered protocol family 38
[    2.799597] xor: measuring software checksum speed
[    2.807283]    8regs           :  2363 MB/sec
[    2.810952]    32regs          :  2799 MB/sec
[    2.815899]    arm64_neon      :  2380 MB/sec
[    2.816085] xor: using function: 32regs (2799 MB/sec)
[    2.821111] Key type asymmetric registered
[    2.825172] Asymmetric key parser 'x509' registered
[    2.830032] Block layer SCSI generic (bsg) driver version 0.4 loaded (major 248)
[    2.837369] io scheduler mq-deadline registered
[    2.841866] io scheduler kyber registered
[    2.871258] Serial: 8250/16550 driver, 4 ports, IRQ sharing disabled
[    2.875905] cacheinfo: Unable to detect cache hierarchy for CPU 0
[    2.882223] brd: module loaded
[    2.886362] loop: module loaded
[    2.886905] Registered mathworks_ip class
[    2.890268] libphy: Fixed MDIO Bus: probed
[    2.893247] tun: Universal TUN/TAP device driver, 1.6
[    2.897305] CAN device driver interface
[    2.901839] usbcore: registered new interface driver asix
[    2.906439] usbcore: registered new interface driver ax88179_178a
[    2.912472] usbcore: registered new interface driver cdc_ether
[    2.918264] usbcore: registered new interface driver net1080
[    2.923889] usbcore: registered new interface driver cdc_subset
[    2.929770] usbcore: registered new interface driver zaurus
[    2.935313] usbcore: registered new interface driver cdc_ncm
[    2.941713] ehci_hcd: USB 2.0 'Enhanced' Host Controller (EHCI) Driver
[    2.947399] ehci-pci: EHCI PCI platform driver
[    2.952197] usbcore: registered new interface driver uas
[    2.957118] usbcore: registered new interface driver usb-storage
[    2.963104] usbcore: registered new interface driver usbserial_generic
[    2.969553] usbserial: USB Serial support registered for generic
[    2.975527] usbcore: registered new interface driver ftdi_sio
[    2.981230] usbserial: USB Serial support registered for FTDI USB Serial Device
[    2.988507] usbcore: registered new interface driver upd78f0730
[    2.994377] usbserial: USB Serial support registered for upd78f0730
[    3.002026] rtc_zynqmp ffa60000.rtc: registered as rtc0
[    3.005802] rtc_zynqmp ffa60000.rtc: setting system clock to 2022-03-26T01:00:03 UTC (1648256403)
[    3.014665] i2c /dev entries driver
[    3.019984] usbcore: registered new interface driver uvcvideo
[    3.023778] USB Video Class driver (1.1.1)
[    3.029352] Bluetooth: HCI UART driver ver 2.3
[    3.032260] Bluetooth: HCI UART protocol H4 registered
[    3.037359] Bluetooth: HCI UART protocol BCSP registered
[    3.042646] Bluetooth: HCI UART protocol LL registered
[    3.047737] Bluetooth: HCI UART protocol ATH3K registered
[    3.053112] Bluetooth: HCI UART protocol Three-wire (H5) registered
[    3.059364] Bluetooth: HCI UART protocol Intel registered
[    3.064702] Bluetooth: HCI UART protocol QCA registered
[    3.069907] usbcore: registered new interface driver bcm203x
[    3.075525] usbcore: registered new interface driver bpa10x
[    3.081060] usbcore: registered new interface driver bfusb
[    3.086513] usbcore: registered new interface driver btusb
[    3.091975] usbcore: registered new interface driver ath3k
[    3.097456] EDAC MC: ECC not enabled
[    3.101085] EDAC DEVICE0: Giving out device to module zynqmp-ocm-edac controller zynqmp_ocm: DEV ff960000.memory-controller (INTERRUPT)
[    3.113395] sdhci: Secure Digital Host Controller Interface driver
[    3.119187] sdhci: Copyright(c) Pierre Ossman
[    3.123510] sdhci-pltfm: SDHCI platform and OF driver helper
[    3.129560] ledtrig-cpu: registered to indicate activity on CPUs
[    3.135116] SMCCC: SOC_ID: ARCH_SOC_ID not implemented, skipping ....
[    3.141548] zynqmp_firmware_probe Platform Management API v1.1
[    3.147302] zynqmp_firmware_probe Trustzone version v1.0
[    3.186851] zynqmp-pinctrl firmware:zynqmp-firmware:pinctrl: zynqmp pinctrl initialized
[    3.234842] zynqmp-aes firmware:zynqmp-firmware:zynqmp-aes: will run requests pump with realtime priority
[    3.250708] alg: No test for xilinx-keccak-384 (zynqmp-keccak-384)
[    3.251416] alg: No test for xilinx-zynqmp-rsa (zynqmp-rsa)
[    3.256930] usbcore: registered new interface driver usbhid
[    3.262320] usbhid: USB HID core driver
[    3.273560] axi_sysid 85000000.axi-sysid-0: AXI System ID core version (1.01.a) found
[    3.275921] axi_sysid 85000000.axi-sysid-0: [ad9081_fmca_ebz] on [zcu102] git branch <master> git <084d44c9780640ca93fd847b1d9ec70dd65f5c67> clean [2022-03-18 04:17:50] UTC
[    3.291593] fpga_manager fpga0: Xilinx ZynqMP FPGA Manager registered
[    3.297954] usbcore: registered new interface driver snd-usb-audio
[    3.305403] pktgen: Packet Generator for packet performance testing. Version: 2.75
[    3.311585] Initializing XFRM netlink socket
[    3.315439] NET: Registered protocol family 10
[    3.320156] Segment Routing with IPv6
[    3.323528] sit: IPv6, IPv4 and MPLS over IPv4 tunneling driver
[    3.329611] NET: Registered protocol family 17
[    3.333712] NET: Registered protocol family 15
[    3.338206] can: controller area network core
[    3.342461] NET: Registered protocol family 29
[    3.346852] can: raw protocol
[    3.349789] can: broadcast manager protocol
[    3.353941] can: netlink gateway - max_hops=1
[    3.358335] Bluetooth: RFCOMM TTY layer initialized
[    3.363116] Bluetooth: RFCOMM socket layer initialized
[    3.368226] Bluetooth: RFCOMM ver 1.11
[    3.371937] Bluetooth: BNEP (Ethernet Emulation) ver 1.3
[    3.377206] Bluetooth: BNEP filters: protocol multicast
[    3.382400] Bluetooth: BNEP socket layer initialized
[    3.387327] Bluetooth: HIDP (Human Interface Emulation) ver 1.2
[    3.393210] Bluetooth: HIDP socket layer initialized
[    3.398265] 9pnet: Installing 9P2000 support
[    3.402388] NET: Registered protocol family 36
[    3.406805] Key type dns_resolver registered
[    3.411233] registered taskstats version 1
[    3.415101] Loading compiled-in X.509 certificates
[    3.420215] Btrfs loaded, crc32c=crc32c-generic
[    3.432613] ff000000.serial: ttyPS0 at MMIO 0xff000000 (irq = 49, base_baud = 6249999) is a xuartps
[    3.441636] printk: console [ttyPS0] enabled
[    3.445930] printk: bootconsole [cdns0] disabled
[    3.455559] ff010000.serial: ttyPS1 at MMIO 0xff010000 (irq = 50, base_baud = 6249999) is a xuartps
[    3.468805] of-fpga-region fpga-full: FPGA Region probed
[    3.475759] nwl-pcie fd0e0000.pcie: host bridge /axi/pcie@fd0e0000 ranges:
[    3.482647] nwl-pcie fd0e0000.pcie:      MEM 0x00e0000000..0x00efffffff -> 0x00e0000000
[    3.490653] nwl-pcie fd0e0000.pcie:      MEM 0x0600000000..0x07ffffffff -> 0x0600000000
[    3.498721] nwl-pcie fd0e0000.pcie: Link is DOWN
[    3.503480] nwl-pcie fd0e0000.pcie: PCI host bridge to bus 0000:00
[    3.509661] pci_bus 0000:00: root bus resource [bus 00-ff]
[    3.515140] pci_bus 0000:00: root bus resource [mem 0xe0000000-0xefffffff]
[    3.522005] pci_bus 0000:00: root bus resource [mem 0x600000000-0x7ffffffff pref]
[    3.529508] pci 0000:00:00.0: [10ee:d021] type 01 class 0x060400
[    3.535571] pci 0000:00:00.0: PME# supported from D0 D1 D2 D3hot
[    3.546011] pci 0000:00:00.0: PCI bridge to [bus 01-0c]
[    3.551993] xilinx-zynqmp-dma fd500000.dma: ZynqMP DMA driver Probe success
[    3.559167] xilinx-zynqmp-dma fd510000.dma: ZynqMP DMA driver Probe success
[    3.566345] xilinx-zynqmp-dma fd520000.dma: ZynqMP DMA driver Probe success
[    3.573512] xilinx-zynqmp-dma fd530000.dma: ZynqMP DMA driver Probe success
[    3.580678] xilinx-zynqmp-dma fd540000.dma: ZynqMP DMA driver Probe success
[    3.587853] xilinx-zynqmp-dma fd550000.dma: ZynqMP DMA driver Probe success
[    3.595018] xilinx-zynqmp-dma fd560000.dma: ZynqMP DMA driver Probe success
[    3.602187] xilinx-zynqmp-dma fd570000.dma: ZynqMP DMA driver Probe success
[    3.609582] xilinx-zynqmp-dpdma fd4c0000.dma-controller: Xilinx DPDMA engine is probed
[    3.618130] ahci-ceva fd0c0000.ahci: supply ahci not found, using dummy regulator
[    3.625679] ahci-ceva fd0c0000.ahci: supply phy not found, using dummy regulator
[    3.715908] hmc7044 spi2.0: PLL1: Acquisition, CLKIN0 @ 122880000 Hz, PFD: 80 kHz - PLL2: Locked @ 2676.000000 MHz
[    3.726626] jesd204: /axi/spi@ff050000/hmc7044@0,jesd204:1,parent=spi2.0: Using as SYSREF provider
[    3.736212] spi-nor spi0.0: SPI-NOR-UniqueID 100000235394732200270025081115266e
[    3.743524] spi-nor spi0.0: found n25q512a, expected m25p80
[    3.749714] spi-nor spi0.0: trying to lock already unlocked area
[    3.755717] spi-nor spi0.0: n25q512a (131072 Kbytes)
[    3.760695] 4 fixed-partitions partitions found on MTD device spi0.0
[    3.767041] Creating 4 MTD partitions on "spi0.0":
[    3.771826] 0x000000000000-0x000000100000 : "qspi-fsbl-uboot"
[    3.778313] 0x000000100000-0x000000600000 : "qspi-linux"
[    3.784274] 0x000000600000-0x000000620000 : "qspi-device-tree"
[    3.790752] 0x000000620000-0x000000c00000 : "qspi-rootfs"
[    3.799223] macb ff0e0000.ethernet: Not enabling partial store and forward
[    3.806753] libphy: MACB_mii_bus: probed
[    3.811809] macb ff0e0000.ethernet eth0: Cadence GEM rev 0x50070106 at 0xff0e0000 irq 30 (00:0a:35:04:8e:1b)
[    3.822022] xilinx-axipmon ffa00000.perf-monitor: Probed Xilinx APM
[    3.828595] xilinx-axipmon fd0b0000.perf-monitor: Probed Xilinx APM
[    3.835115] xilinx-axipmon fd490000.perf-monitor: Probed Xilinx APM
[    3.841657] xilinx-axipmon ffa10000.perf-monitor: Probed Xilinx APM
[    3.851644] pca953x 0-0020: supply vcc not found, using dummy regulator
[    3.858325] pca953x 0-0020: using no AI
[    3.862814] gpio-496 (sel0): hogged as output/low
[    3.867712] gpio-497 (sel1): hogged as output/high
[    3.872699] gpio-498 (sel2): hogged as output/high
[    3.877687] gpio-499 (sel3): hogged as output/high
[    3.882862] pca953x 0-0021: supply vcc not found, using dummy regulator
[    3.889536] pca953x 0-0021: using no AI
[    3.895303] ina2xx 2-0040: power monitor ina226 (Rshunt = 5000 uOhm)
[    3.902331] ina2xx 2-0041: power monitor ina226 (Rshunt = 5000 uOhm)
[    3.909370] ina2xx 2-0042: power monitor ina226 (Rshunt = 5000 uOhm)
[    3.916409] ina2xx 2-0043: power monitor ina226 (Rshunt = 5000 uOhm)
[    3.923436] ina2xx 2-0044: power monitor ina226 (Rshunt = 5000 uOhm)
[    3.930459] ina2xx 2-0045: power monitor ina226 (Rshunt = 5000 uOhm)
[    3.937489] ina2xx 2-0046: power monitor ina226 (Rshunt = 5000 uOhm)
[    3.944566] ina2xx 2-0047: power monitor ina226 (Rshunt = 5000 uOhm)
[    3.951590] ina2xx 2-004a: power monitor ina226 (Rshunt = 5000 uOhm)
[    3.958632] ina2xx 2-004b: power monitor ina226 (Rshunt = 5000 uOhm)
[    3.965043] i2c i2c-0: Added multiplexed i2c bus 2
[    3.970426] random: fast init done
[    3.973900] ina2xx 3-0040: power monitor ina226 (Rshunt = 2000 uOhm)
[    3.980926] ina2xx 3-0041: power monitor ina226 (Rshunt = 5000 uOhm)
[    3.987952] ina2xx 3-0042: power monitor ina226 (Rshunt = 5000 uOhm)
[    3.994984] ina2xx 3-0043: power monitor ina226 (Rshunt = 5000 uOhm)
[    4.002010] ina2xx 3-0044: power monitor ina226 (Rshunt = 5000 uOhm)
[    4.009037] ina2xx 3-0045: power monitor ina226 (Rshunt = 5000 uOhm)
[    4.016070] ina2xx 3-0046: power monitor ina226 (Rshunt = 5000 uOhm)
[    4.023099] ina2xx 3-0047: power monitor ina226 (Rshunt = 5000 uOhm)
[    4.029500] i2c i2c-0: Added multiplexed i2c bus 3
[    4.085476] i2c i2c-0: Added multiplexed i2c bus 4
[    4.090415] i2c i2c-0: Added multiplexed i2c bus 5
[    4.095203] pca954x 0-0075: registered 4 multiplexed busses for I2C mux pca9544
[    4.102553] cdns-i2c ff020000.i2c: 400 kHz mmio ff020000 irq 32
[    4.110278] at24 6-0054: supply vcc not found, using dummy regulator
[    4.117180] at24 6-0054: 1024 byte 24c08 EEPROM, writable, 1 bytes/write
[    4.123933] i2c i2c-1: Added multiplexed i2c bus 6
[    4.130363] si5341 7-0036: Chip: 5341 Grade: 1 Rev: 1
[    4.168038] i2c i2c-1: Added multiplexed i2c bus 7
[    4.175691] si570 8-005d: registered, current frequency 300000000 Hz
[    4.182096] i2c i2c-1: Added multiplexed i2c bus 8
[    4.201880] si570 9-005d: registered, current frequency 148500000 Hz
[    4.208284] i2c i2c-1: Added multiplexed i2c bus 9
[    4.213322] si5324 10-0069: si5328 probed
[    4.280095] si5324 10-0069: si5328 probe successful
[    4.285026] i2c i2c-1: Added multiplexed i2c bus 10
[    4.290053] i2c i2c-1: Added multiplexed i2c bus 11
[    4.295080] i2c i2c-1: Added multiplexed i2c bus 12
[    4.300100] i2c i2c-1: Added multiplexed i2c bus 13
[    4.304981] pca954x 1-0074: registered 8 multiplexed busses for I2C switch pca9548
[    4.313091] at24 14-0050: supply vcc not found, using dummy regulator
[    4.319879] at24 14-0050: 256 byte 24c02 EEPROM, writable, 1 bytes/write
[    4.326625] i2c i2c-1: Added multiplexed i2c bus 14
[    4.331664] i2c i2c-1: Added multiplexed i2c bus 15
[    4.336697] i2c i2c-1: Added multiplexed i2c bus 16
[    4.341733] i2c i2c-1: Added multiplexed i2c bus 17
[    4.346766] i2c i2c-1: Added multiplexed i2c bus 18
[    4.351813] i2c i2c-1: Added multiplexed i2c bus 19
[    4.356849] i2c i2c-1: Added multiplexed i2c bus 20
[    4.361882] i2c i2c-1: Added multiplexed i2c bus 21
[    4.366756] pca954x 1-0075: registered 8 multiplexed busses for I2C switch pca9548
[    4.374365] cdns-i2c ff030000.i2c: 400 kHz mmio ff030000 irq 33
[    4.384113] cdns-wdt fd4d0000.watchdog: Xilinx Watchdog Timer with timeout 60s
[    4.395053] axi_adxcvr 84a60000.axi-adxcvr-rx: AXI-ADXCVR-RX (17.05.a) using CPLL on GTH4 at 0x84A60000. Number of lanes: 4.
[    4.407202] axi_adxcvr 84b60000.axi-adxcvr-tx: AXI-ADXCVR-TX (17.05.a) using QPLL on GTH4 at 0x84B60000. Number of lanes: 4.
[    4.418829] axi-jesd204-rx 84a90000.axi-jesd204-rx: AXI-JESD204-RX (1.07.a) at 0x84A90000. Encoder 8b10b, width 4/4, lanes 4, jesd204-fsm.
[    4.426136] mmc0: SDHCI controller on ff170000.mmc [ff170000.mmc] using ADMA 64-bit
[    4.431673] axi-jesd204-tx 84b90000.axi-jesd204-tx: AXI-JESD204-TX (1.06.a) at 0x84B90000. Encoder 8b10b, width 4/4, lanes 4, jesd204-fsm.
[    4.452396] zynqmp-display fd4a0000.display: vtc bridge property not present
[    4.462050] xilinx-dp-snd-codec fd4a0000.display:zynqmp_dp_snd_codec0: Failed to get required clock freq
[    4.471551] xilinx-dp-snd-codec: probe of fd4a0000.display:zynqmp_dp_snd_codec0 failed with error -22
[    4.473523] mmc0: new high speed SDHC card at address 0001
[    4.481090] xilinx-dp-snd-pcm zynqmp_dp_snd_pcm0: Xilinx DisplayPort Sound PCM probed
[    4.486603] mmcblk0: mmc0:0001 EB1QT 29.8 GiB 
[    4.494409] xilinx-dp-snd-pcm zynqmp_dp_snd_pcm1: Xilinx DisplayPort Sound PCM probed
[    4.499787]  mmcblk0: p1 p2 p3
[    4.506711] OF: graph: no port node found in /axi/display@fd4a0000
[    4.515787] xlnx-drm xlnx-drm.0: bound fd4a0000.display (ops 0xffffffc010fcbdb8)
[    5.599756] zynqmp-display fd4a0000.display: [drm] Cannot find any crtc or sizes
[    5.607365] [drm] Initialized xlnx 1.0.0 20130509 for fd4a0000.display on minor 0
[    5.614856] zynqmp-display fd4a0000.display: ZynqMP DisplayPort Subsystem driver probed
[    5.623180] ahci-ceva fd0c0000.ahci: supply ahci not found, using dummy regulator
[    5.630727] ahci-ceva fd0c0000.ahci: supply phy not found, using dummy regulator
[    5.638185] ahci-ceva fd0c0000.ahci: supply target not found, using dummy regulator
[    5.646025] ahci-ceva fd0c0000.ahci: AHCI 0001.0301 32 slots 2 ports 6 Gbps 0x3 impl platform mode
[    5.654980] ahci-ceva fd0c0000.ahci: flags: 64bit ncq sntf pm clo only pmp fbs pio slum part ccc sds apst 
[    5.665675] scsi host0: ahci-ceva
[    5.669276] scsi host1: ahci-ceva
[    5.672706] ata1: SATA max UDMA/133 mmio [mem 0xfd0c0000-0xfd0c1fff] port 0x100 irq 45
[    5.680619] ata2: SATA max UDMA/133 mmio [mem 0xfd0c0000-0xfd0c1fff] port 0x180 irq 45
[    5.689214] ad9081 spi1.0: supply vdd not found, using dummy regulator
[    6.001991] ata1: SATA link down (SStatus 0 SControl 330)
[    6.007409] ata2: SATA link down (SStatus 0 SControl 330)
[    6.683757] zynqmp-display fd4a0000.display: [drm] Cannot find any crtc or sizes
[    6.881239] ad9081 spi1.0: Invalid param passed., "ref_clk_hz < 100000000ULL" in adi_ad9081_device_clk_config_set(...), line554 in drivers/iio/adc/ad9081/adi_ad9081_device.c
[    7.548598] ad9081 spi1.0: AD9081 Rev. 2 Grade 10 (API 1.2.2) probed
[    7.555802] xhci-hcd xhci-hcd.1.auto: xHCI Host Controller
[    7.561289] xhci-hcd xhci-hcd.1.auto: new USB bus registered, assigned bus number 1
[    7.569038] xhci-hcd xhci-hcd.1.auto: hcc params 0x0238f625 hci version 0x100 quirks 0x0000000002010810
[    7.578450] xhci-hcd xhci-hcd.1.auto: irq 59, io mem 0xfe200000
[    7.584558] usb usb1: New USB device found, idVendor=1d6b, idProduct=0002, bcdDevice= 5.10
[    7.592816] usb usb1: New USB device strings: Mfr=3, Product=2, SerialNumber=1
[    7.600034] usb usb1: Product: xHCI Host Controller
[    7.604903] usb usb1: Manufacturer: Linux 5.10.0-98103-g2aa7ac113716 xhci-hcd
[    7.612030] usb usb1: SerialNumber: xhci-hcd.1.auto
[    7.617195] hub 1-0:1.0: USB hub found
[    7.620957] hub 1-0:1.0: 1 port detected
[    7.625061] xhci-hcd xhci-hcd.1.auto: xHCI Host Controller
[    7.630549] xhci-hcd xhci-hcd.1.auto: new USB bus registered, assigned bus number 2
[    7.638205] xhci-hcd xhci-hcd.1.auto: Host supports USB 3.0 SuperSpeed
[    7.644833] usb usb2: New USB device found, idVendor=1d6b, idProduct=0003, bcdDevice= 5.10
[    7.653089] usb usb2: New USB device strings: Mfr=3, Product=2, SerialNumber=1
[    7.660313] usb usb2: Product: xHCI Host Controller
[    7.665186] usb usb2: Manufacturer: Linux 5.10.0-98103-g2aa7ac113716 xhci-hcd
[    7.672311] usb usb2: SerialNumber: xhci-hcd.1.auto
[    7.677418] hub 2-0:1.0: USB hub found
[    7.681174] hub 2-0:1.0: 1 port detected
[    7.711224] cf_axi_adc 84a10000.axi-ad9081-rx-hpc: ADI AIM (10.01.b) at 0x84A10000 mapped to 0x(____ptrval____), probed ADC AD9081 as MASTER
[    7.744578] cf_axi_dds 84b10000.axi-ad9081-tx-hpc: Analog Devices CF_AXI_DDS_DDS MASTER (9.01.b) at 0x84B10000 mapped to 0x(____ptrval____), probed DDS AD9081
[    7.758783] jesd204: /axi/spi@ff040000/ad9081@0,jesd204:0,parent=spi1.0: JESD204[2] transition initialized -> probed
[    7.769303] jesd204: /axi/spi@ff040000/ad9081@0,jesd204:0,parent=spi1.0: JESD204[0] transition initialized -> probed
[    7.779824] jesd204: /axi/spi@ff040000/ad9081@0,jesd204:0,parent=spi1.0: JESD204[2] transition probed -> idle
[    7.789734] jesd204: /axi/spi@ff040000/ad9081@0,jesd204:0,parent=spi1.0: JESD204[0] transition probed -> idle
[    7.799649] jesd204: /axi/spi@ff040000/ad9081@0,jesd204:0,parent=spi1.0: JESD204[2] transition idle -> device_init
[    7.809990] jesd204: /axi/spi@ff040000/ad9081@0,jesd204:0,parent=spi1.0: JESD204[0] transition idle -> device_init
[    7.820343] jesd204: /axi/spi@ff040000/ad9081@0,jesd204:0,parent=spi1.0: JESD204[2] transition device_init -> link_init
[    7.831118] jesd204: /axi/spi@ff040000/ad9081@0,jesd204:0,parent=spi1.0: JESD204[0] transition device_init -> link_init
[    7.841910] jesd204: /axi/spi@ff040000/ad9081@0,jesd204:0,parent=spi1.0: JESD204[2] transition link_init -> link_supported
[    7.852948] jesd204: /axi/spi@ff040000/ad9081@0,jesd204:0,parent=spi1.0: JESD204[0] transition link_init -> link_supported
[    7.864365] hmc7044 spi2.0: hmc7044_jesd204_link_pre_setup: Link2 forcing continuous SYSREF mode
[    7.873515] axi-jesd204-tx 84b90000.axi-jesd204-tx: axi_jesd204_tx_jesd204_link_pre_setup: Link0 set lane rate 8920000 kHz failed (-22)
[    7.885683] jesd204: /fpga-axi@0/axi-jesd204-tx@84b90000,jesd204:5,parent=84b90000.axi-jesd204-tx: JESD204[0] In link_pre_setup got error from cb: -22
[    7.899153] jesd204: /axi/spi@ff040000/ad9081@0,jesd204:0,parent=spi1.0: Rolling back from 'link_supported', got error -22
[    7.910202] jesd204: /axi/spi@ff040000/ad9081@0,jesd204:0,parent=spi1.0: JESD204[0] transition link_supported -> link_pre_setup
[    7.921676] jesd204: /axi/spi@ff040000/ad9081@0,jesd204:0,parent=spi1.0: JESD204[2] transition link_supported -> link_pre_setup
[    7.933154] jesd204: /axi/spi@ff040000/ad9081@0,jesd204:0,parent=spi1.0: JESD204[0] transition link_pre_setup -> link_supported
[    7.944627] jesd204: /axi/spi@ff040000/ad9081@0,jesd204:0,parent=spi1.0: JESD204[2] transition link_pre_setup -> link_supported
[    7.956104] jesd204: /axi/spi@ff040000/ad9081@0,jesd204:0,parent=spi1.0: JESD204[0] transition link_supported -> link_init
[    7.967142] jesd204: /axi/spi@ff040000/ad9081@0,jesd204:0,parent=spi1.0: JESD204[2] transition link_supported -> link_init
[    7.978189] jesd204: /axi/spi@ff040000/ad9081@0,jesd204:0,parent=spi1.0: JESD204[0] transition link_init -> device_init
[    7.988968] jesd204: /axi/spi@ff040000/ad9081@0,jesd204:0,parent=spi1.0: JESD204[2] transition link_init -> device_init
[    7.999748] jesd204: /axi/spi@ff040000/ad9081@0,jesd204:0,parent=spi1.0: JESD204[0] transition device_init -> idle
[    8.010090] jesd204: /axi/spi@ff040000/ad9081@0,jesd204:0,parent=spi1.0: JESD204[2] transition device_init -> idle
[    8.020442] jesd204: /axi/spi@ff040000/ad9081@0,jesd204:0,parent=spi1.0: JESD204[2] transition idle -> idle
[    8.030177] jesd204: /axi/spi@ff040000/ad9081@0,jesd204:0,parent=spi1.0: JESD204[0] transition idle -> idle
[    8.039918] jesd204: /axi/spi@ff040000/ad9081@0,jesd204:0,parent=spi1.0: JESD204[2] transition idle -> device_init
[    8.050262] jesd204: /axi/spi@ff040000/ad9081@0,jesd204:0,parent=spi1.0: JESD204[0] transition idle -> device_init
[    8.060612] jesd204: /axi/spi@ff040000/ad9081@0,jesd204:0,parent=spi1.0: JESD204[2] transition device_init -> link_init
[    8.071393] jesd204: /axi/spi@ff040000/ad9081@0,jesd204:0,parent=spi1.0: JESD204[0] transition device_init -> link_init
[    8.082177] jesd204: /axi/spi@ff040000/ad9081@0,jesd204:0,parent=spi1.0: JESD204[2] transition link_init -> link_supported
[    8.093219] jesd204: /axi/spi@ff040000/ad9081@0,jesd204:0,parent=spi1.0: JESD204[0] transition link_init -> link_supported
[    8.104594] axi-jesd204-tx 84b90000.axi-jesd204-tx: axi_jesd204_tx_jesd204_link_pre_setup: Link0 set lane rate 8920000 kHz failed (-22)
[    8.116765] jesd204: /fpga-axi@0/axi-jesd204-tx@84b90000,jesd204:5,parent=84b90000.axi-jesd204-tx: JESD204[0] In link_pre_setup got error from cb: -22
[    8.130232] jesd204: /axi/spi@ff040000/ad9081@0,jesd204:0,parent=spi1.0: Rolling back from 'link_supported', got error -22
[    8.141274] jesd204: /axi/spi@ff040000/ad9081@0,jesd204:0,parent=spi1.0: JESD204[0] transition link_supported -> link_pre_setup
[    8.152749] jesd204: /axi/spi@ff040000/ad9081@0,jesd204:0,parent=spi1.0: JESD204[2] transition link_supported -> link_pre_setup
[    8.164224] jesd204: /axi/spi@ff040000/ad9081@0,jesd204:0,parent=spi1.0: JESD204[0] transition link_pre_setup -> link_supported
[    8.175696] jesd204: /axi/spi@ff040000/ad9081@0,jesd204:0,parent=spi1.0: JESD204[2] transition link_pre_setup -> link_supported
[    8.187174] jesd204: /axi/spi@ff040000/ad9081@0,jesd204:0,parent=spi1.0: JESD204[0] transition link_supported -> link_init
[    8.198211] jesd204: /axi/spi@ff040000/ad9081@0,jesd204:0,parent=spi1.0: JESD204[2] transition link_supported -> link_init
[    8.209259] jesd204: /axi/spi@ff040000/ad9081@0,jesd204:0,parent=spi1.0: JESD204[0] transition link_init -> device_init
[    8.220034] jesd204: /axi/spi@ff040000/ad9081@0,jesd204:0,parent=spi1.0: JESD204[2] transition link_init -> device_init
[    8.230817] jesd204: /axi/spi@ff040000/ad9081@0,jesd204:0,parent=spi1.0: JESD204[0] transition device_init -> idle
[    8.241165] jesd204: /axi/spi@ff040000/ad9081@0,jesd204:0,parent=spi1.0: JESD204[2] transition device_init -> idle
[    8.251512] jesd204: /axi/spi@ff040000/ad9081@0,jesd204:0,parent=spi1.0: JESD204[2] transition idle -> idle
[    8.261246] jesd204: /axi/spi@ff040000/ad9081@0,jesd204:0,parent=spi1.0: JESD204[0] transition idle -> idle
[    8.270988] jesd204: /axi/spi@ff040000/ad9081@0,jesd204:0,parent=spi1.0: JESD204[2] transition idle -> device_init
[    8.281332] jesd204: /axi/spi@ff040000/ad9081@0,jesd204:0,parent=spi1.0: JESD204[0] transition idle -> device_init
[    8.291682] jesd204: /axi/spi@ff040000/ad9081@0,jesd204:0,parent=spi1.0: JESD204[2] transition device_init -> link_init
[    8.302459] jesd204: /axi/spi@ff040000/ad9081@0,jesd204:0,parent=spi1.0: JESD204[0] transition device_init -> link_init
[    8.313247] jesd204: /axi/spi@ff040000/ad9081@0,jesd204:0,parent=spi1.0: JESD204[2] transition link_init -> link_supported
[    8.324290] jesd204: /axi/spi@ff040000/ad9081@0,jesd204:0,parent=spi1.0: JESD204[0] transition link_init -> link_supported
[    8.335626] axi-jesd204-tx 84b90000.axi-jesd204-tx: axi_jesd204_tx_jesd204_link_pre_setup: Link0 set lane rate 8920000 kHz failed (-22)
[    8.347797] jesd204: /fpga-axi@0/axi-jesd204-tx@84b90000,jesd204:5,parent=84b90000.axi-jesd204-tx: JESD204[0] In link_pre_setup got error from cb: -22
[    8.361267] jesd204: /axi/spi@ff040000/ad9081@0,jesd204:0,parent=spi1.0: Rolling back from 'link_supported', got error -22
[    8.372315] jesd204: /axi/spi@ff040000/ad9081@0,jesd204:0,parent=spi1.0: JESD204[0] transition link_supported -> link_pre_setup
[    8.383791] jesd204: /axi/spi@ff040000/ad9081@0,jesd204:0,parent=spi1.0: JESD204[2] transition link_supported -> link_pre_setup
[    8.395269] jesd204: /axi/spi@ff040000/ad9081@0,jesd204:0,parent=spi1.0: JESD204[0] transition link_pre_setup -> link_supported
[    8.406739] jesd204: /axi/spi@ff040000/ad9081@0,jesd204:0,parent=spi1.0: JESD204[2] transition link_pre_setup -> link_supported
[    8.418218] jesd204: /axi/spi@ff040000/ad9081@0,jesd204:0,parent=spi1.0: JESD204[0] transition link_supported -> link_init
[    8.429256] jesd204: /axi/spi@ff040000/ad9081@0,jesd204:0,parent=spi1.0: JESD204[2] transition link_supported -> link_init
[    8.440303] jesd204: /axi/spi@ff040000/ad9081@0,jesd204:0,parent=spi1.0: JESD204[0] transition link_init -> device_init
[    8.451080] jesd204: /axi/spi@ff040000/ad9081@0,jesd204:0,parent=spi1.0: JESD204[2] transition link_init -> device_init
[    8.461862] jesd204: /axi/spi@ff040000/ad9081@0,jesd204:0,parent=spi1.0: JESD204[0] transition device_init -> idle
[    8.472205] jesd204: /axi/spi@ff040000/ad9081@0,jesd204:0,parent=spi1.0: JESD204[2] transition device_init -> idle
[    8.482556] jesd204: /axi/spi@ff040000/ad9081@0,jesd204:0,parent=spi1.0: JESD204[2] transition idle -> idle
[    8.492291] jesd204: /axi/spi@ff040000/ad9081@0,jesd204:0,parent=spi1.0: JESD204[0] transition idle -> idle
[    8.502036] jesd204: /axi/spi@ff040000/ad9081@0,jesd204:0,parent=spi1.0: JESD204[2] transition idle -> device_init
[    8.512385] jesd204: /axi/spi@ff040000/ad9081@0,jesd204:0,parent=spi1.0: JESD204[0] transition idle -> device_init
[    8.522735] jesd204: /axi/spi@ff040000/ad9081@0,jesd204:0,parent=spi1.0: JESD204[2] transition device_init -> link_init
[    8.533512] jesd204: /axi/spi@ff040000/ad9081@0,jesd204:0,parent=spi1.0: JESD204[0] transition device_init -> link_init
[    8.544300] jesd204: /axi/spi@ff040000/ad9081@0,jesd204:0,parent=spi1.0: JESD204[2] transition link_init -> link_supported
[    8.555343] jesd204: /axi/spi@ff040000/ad9081@0,jesd204:0,parent=spi1.0: JESD204[0] transition link_init -> link_supported
[    8.566679] axi-jesd204-tx 84b90000.axi-jesd204-tx: axi_jesd204_tx_jesd204_link_pre_setup: Link0 set lane rate 8920000 kHz failed (-22)
[    8.578850] jesd204: /fpga-axi@0/axi-jesd204-tx@84b90000,jesd204:5,parent=84b90000.axi-jesd204-tx: JESD204[0] In link_pre_setup got error from cb: -22
[    8.592320] jesd204: /axi/spi@ff040000/ad9081@0,jesd204:0,parent=spi1.0: Rolling back from 'link_supported', got error -22
[    8.603362] jesd204: /axi/spi@ff040000/ad9081@0,jesd204:0,parent=spi1.0: JESD204[0] transition link_supported -> link_pre_setup
[    8.614833] jesd204: /axi/spi@ff040000/ad9081@0,jesd204:0,parent=spi1.0: JESD204[2] transition link_supported -> link_pre_setup
[    8.626317] jesd204: /axi/spi@ff040000/ad9081@0,jesd204:0,parent=spi1.0: JESD204[0] transition link_pre_setup -> link_supported
[    8.637794] jesd204: /axi/spi@ff040000/ad9081@0,jesd204:0,parent=spi1.0: JESD204[2] transition link_pre_setup -> link_supported
[    8.649271] jesd204: /axi/spi@ff040000/ad9081@0,jesd204:0,parent=spi1.0: JESD204[0] transition link_supported -> link_init
[    8.660309] jesd204: /axi/spi@ff040000/ad9081@0,jesd204:0,parent=spi1.0: JESD204[2] transition link_supported -> link_init
[    8.671356] jesd204: /axi/spi@ff040000/ad9081@0,jesd204:0,parent=spi1.0: JESD204[0] transition link_init -> device_init
[    8.682131] jesd204: /axi/spi@ff040000/ad9081@0,jesd204:0,parent=spi1.0: JESD204[2] transition link_init -> device_init
[    8.692914] jesd204: /axi/spi@ff040000/ad9081@0,jesd204:0,parent=spi1.0: JESD204[0] transition device_init -> idle
[    8.703258] jesd204: /axi/spi@ff040000/ad9081@0,jesd204:0,parent=spi1.0: JESD204[2] transition device_init -> idle
[    8.713604] jesd204: /axi/spi@ff040000/ad9081@0,jesd204:0,parent=spi1.0: FSM completed with error -22
[    8.732043] input: gpio-keys as /devices/platform/gpio-keys/input/input0
[    8.739057] of_cfs_init
[    8.741519] of_cfs_init: OK
[    8.744458] cfg80211: Loading compiled-in X.509 certificates for regulatory database
[    8.882670] cfg80211: Loaded X.509 cert 'sforshee: 00b28ddf47aef9cea7'
[    8.889208] clk: Not disabling unused clocks
[    8.893742] ALSA device list:
[    8.896703]   No soundcards found.
[    8.900374] platform regulatory.0: Direct firmware load for regulatory.db failed with error -2
[    8.908984] cfg80211: failed to load regulatory.db
[    8.924293] EXT4-fs (mmcblk0p2): mounted filesystem with ordered data mode. Opts: (null)
[    8.932412] VFS: Mounted root (ext4 filesystem) on device 179:2.
[    8.946170] devtmpfs: mounted
[    8.949985] Freeing unused kernel memory: 2560K
[    8.963793] Run /sbin/init as init process
[    8.967883]   with arguments:
[    8.967886]     /sbin/init
[    8.967888]   with environment:
[    8.967890]     HOME=/
[    8.967893]     TERM=linux
[    9.550555] systemd[1]: systemd 241 running in system mode. (+PAM +AUDIT +SELINUX +IMA +APPARMOR +SMACK +SYSVINIT +UTMP +LIBCRYPTSETUP +GCRYPT +GNUTLS +ACL +XZ +LZ4 +SECCOMP +BLKID +ELFUTILS +KMOD -IDN2 +IDN -PCRE2 default-hierarchy=hybrid)
[    9.572420] systemd[1]: Detected architecture arm64.
[    9.596485] systemd[1]: Set hostname to <analog>.
[    9.792504] systemd[1]: File /lib/systemd/system/systemd-journald.service:12 configures an IP firewall (IPAddressDeny=any), but the local system does not support BPF/cgroup based firewalling.
[    9.809591] systemd[1]: Proceeding WITHOUT firewalling in effect! (This warning is only shown for the first loaded unit using IP firewalling.)
[    9.978666] systemd[1]: /etc/systemd/system/tof-server.service:1: Assignment outside of section. Ignoring.
[    9.988381] systemd[1]: /etc/systemd/system/tof-server.service:2: Assignment outside of section. Ignoring.
[   10.174595] random: systemd: uninitialized urandom read (16 bytes read)
[   10.189420] random: systemd: uninitialized urandom read (16 bytes read)
[   10.196496] systemd[1]: Listening on udev Control Socket.
[   10.219840] random: systemd: uninitialized urandom read (16 bytes read)
[   10.226494] systemd[1]: Reached target Swap.
[   10.240160] systemd[1]: Listening on Journal Socket.
[   10.837547] ------------[ cut here ]------------
[   10.837555] Enabling unprepared \xa0\xe9Q\x88\xff\xff\xffpQ\x88\xff\xff\xff
[   10.837601] WARNING: CPU: 2 PID: 112 at drivers/clk/clk.c:1012 clk_core_enable+0xa4/0xc0
[   10.837603] Modules linked in:
[   10.837614] CPU: 2 PID: 112 Comm: kworker/2:1H Not tainted 5.10.0-98103-g2aa7ac113716 #5577
[   10.837617] Hardware name: ZynqMP ZCU102 Rev1.0 (DT)
[   10.837626] Workqueue: kblockd blk_mq_run_work_fn
[   10.837634] pstate: 80000085 (Nzcv daIf -PAN -UAO -TCO BTYPE=--)
[   10.837640] pc : clk_core_enable+0xa4/0xc0
[   10.837645] lr : clk_core_enable+0xa4/0xc0
[   10.837648] sp : ffffffc0125eb2d0
[   10.837651] x29: ffffffc0125eb2d0 x28: ffffff8800330c10 
[   10.837658] x27: ffffff8800330d48 x26: 0000005000000101 
[   10.837664] x25: 0000000280060fcc x24: 0000000000000001 
[   10.837671] x23: ffffff88010e9380 x22: ffffff8801083220 
[   10.837677] x21: ffffff8801517000 x20: ffffff8801517008 
[   10.837684] x19: ffffff8801517008 x18: 0000000000000030 
[   10.837691] x17: 0000000000000002 x16: 0000b26acdbd1b54 
[   10.837697] x15: ffffffffffff9ce0 x14: ffffffc011d3b1a0 
[   10.837703] x13: ffffffc011d3b1c8 x12: 0000000000000675 
[   10.837710] x11: 0000000000000227 x10: ffffffc011d671c8 
[   10.837716] x9 : 00000000fffff800 x8 : ffffffc011d3b1c8 
[   10.837723] x7 : ffffffc011d671c8 x6 : 0000000000000001 
[   10.837729] x5 : ffffff887f7929e0 x4 : 0000000000000000 
[   10.837736] x3 : 0000000000000027 x2 : 0000000000000023 
[   10.837742] x1 : f28913ce1a15ae00 x0 : 0000000000000000 
[   10.837748] Call trace:
[   10.837755]  clk_core_enable+0xa4/0xc0
[   10.837759]  clk_enable+0x2c/0x60
[   10.837766]  zynqmp_runtime_resume+0x24/0x84
[   10.837772]  pm_generic_runtime_resume+0x30/0x50
[   10.837778]  __genpd_runtime_resume+0x30/0xb0
[   10.837784]  genpd_runtime_resume+0x90/0x250
[   10.837790]  __rpm_callback+0x10c/0x1e0
[   10.837795]  rpm_callback+0x5c/0x84
[   10.837800]  rpm_resume+0x4a4/0x74c
[   10.837805]  __pm_runtime_resume+0x78/0xc4
[   10.837810]  spi_mem_access_start.isra.0+0x30/0x80
[   10.837814]  spi_mem_exec_op+0x3b0/0x424
[   10.837819]  spi_nor_read_sr+0x78/0xe0
[   10.837824]  spi_nor_wait_till_ready_with_timeout+0xb4/0x2f0
[   10.837829]  spi_nor_read+0x188/0x380
[   10.837834]  mtd_read_oob_std+0x78/0x84
[   10.837838]  mtd_read_oob+0x7c/0x134
[   10.837843]  mtd_read+0x48/0x7c
[   10.837848]  mtdblock_readsect+0x6c/0x150
[   10.837853]  mtd_queue_rq+0x2cc/0x5a0
[   10.837859]  blk_mq_dispatch_rq_list+0x110/0x790
[   10.837865]  __blk_mq_do_dispatch_sched+0x200/0x274
[   10.837871]  __blk_mq_sched_dispatch_requests+0x1a8/0x1fc
[   10.837876]  blk_mq_sched_dispatch_requests+0x3c/0x7c
[   10.837881]  __blk_mq_run_hw_queue+0x98/0x100
[   10.837886]  blk_mq_run_work_fn+0x24/0x30
[   10.837892]  process_one_work+0x1d4/0x380
[   10.837895]  worker_thread+0x78/0x4e0
[   10.837901]  kthread+0x124/0x130
[   10.837906]  ret_from_fork+0x10/0x3c
[   10.837910] ---[ end trace 2a9afd1031529d34 ]---
[   10.837918] zynqmp-qspi ff0f0000.spi: Cannot enable APB clock.
[   10.837968] spi_master spi0: Failed to power device: -108
[   10.837977] blk_update_request: I/O error, dev mtdblock0, sector 8 op 0x0:(READ) flags 0x80700 phys_seg 1 prio class 0
[   10.838044] spi_master spi0: Failed to power device: -22
[   10.838050] blk_update_request: I/O error, dev mtdblock0, sector 8 op 0x0:(READ) flags 0x0 phys_seg 8 prio class 0
[   10.838056] Buffer I/O error on dev mtdblock0, logical block 8, async page read
[   10.838065] spi_master spi0: Failed to power device: -22
[   10.838071] blk_update_request: I/O error, dev mtdblock0, sector 9 op 0x0:(READ) flags 0x0 phys_seg 7 prio class 0
[   10.838075] Buffer I/O error on dev mtdblock0, logical block 9, async page read
[   10.838082] spi_master spi0: Failed to power device: -22
[   10.838088] blk_update_request: I/O error, dev mtdblock0, sector 10 op 0x0:(READ) flags 0x0 phys_seg 6 prio class 0
[   10.838091] Buffer I/O error on dev mtdblock0, logical block 10, async page read
[   10.838098] spi_master spi0: Failed to power device: -22
[   10.838104] blk_update_request: I/O error, dev mtdblock0, sector 11 op 0x0:(READ) flags 0x0 phys_seg 5 prio class 0
[   10.838108] Buffer I/O error on dev mtdblock0, logical block 11, async page read
[   10.838114] spi_master spi0: Failed to power device: -22
[   10.838120] blk_update_request: I/O error, dev mtdblock0, sector 12 op 0x0:(READ) flags 0x0 phys_seg 4 prio class 0
[   10.838124] Buffer I/O error on dev mtdblock0, logical block 12, async page read
[   10.838130] spi_master spi0: Failed to power device: -22
[   10.838136] blk_update_request: I/O error, dev mtdblock0, sector 13 op 0x0:(READ) flags 0x0 phys_seg 3 prio class 0
[   10.838140] Buffer I/O error on dev mtdblock0, logical block 13, async page read
[   10.838146] spi_master spi0: Failed to power device: -22
[   10.838152] blk_update_request: I/O error, dev mtdblock0, sector 14 op 0x0:(READ) flags 0x0 phys_seg 2 prio class 0
[   10.838156] Buffer I/O error on dev mtdblock0, logical block 14, async page read
[   10.838162] spi_master spi0: Failed to power device: -22
[   10.838168] blk_update_request: I/O error, dev mtdblock0, sector 15 op 0x0:(READ) flags 0x0 phys_seg 1 prio class 0
[   10.838172] Buffer I/O error on dev mtdblock0, logical block 15, async page read
[   10.838465] spi_master spi0: Failed to power device: -22
[   10.838472] blk_update_request: I/O error, dev mtdblock1, sector 10112 op 0x0:(READ) flags 0x80700 phys_seg 1 prio class 0
[   10.838516] spi_master spi0: Failed to power device: -22
[   10.838522] Buffer I/O error on dev mtdblock1, logical block 10112, async page read
[   10.838529] spi_master spi0: Failed to power device: -22
[   10.838534] Buffer I/O error on dev mtdblock1, logical block 10113, async page read
[   10.838541] spi_master spi0: Failed to power device: -22
[   10.838549] spi_master spi0: Failed to power device: -22
[   10.838556] spi_master spi0: Failed to power device: -22
[   10.838563] spi_master spi0: Failed to power device: -22
[   10.838570] spi_master spi0: Failed to power device: -22
[   10.838578] spi_master spi0: Failed to power device: -22
[   10.838804] spi_master spi0: Failed to power device: -22
[   10.838848] spi_master spi0: Failed to power device: -22
[   10.838857] spi_master spi0: Failed to power device: -22
[   10.838866] spi_master spi0: Failed to power device: -22
[   10.838873] spi_master spi0: Failed to power device: -22
[   10.838880] spi_master spi0: Failed to power device: -22
[   10.838888] spi_master spi0: Failed to power device: -22
[   10.838895] spi_master spi0: Failed to power device: -22
[   10.838902] spi_master spi0: Failed to power device: -22
[   10.839182] spi_master spi0: Failed to power device: -22
[   10.839226] spi_master spi0: Failed to power device: -22
[   10.839235] spi_master spi0: Failed to power device: -22
[   10.839243] spi_master spi0: Failed to power device: -22
[   10.839250] spi_master spi0: Failed to power device: -22
[   10.839258] spi_master spi0: Failed to power device: -22
[   10.839265] spi_master spi0: Failed to power device: -22
[   10.839272] spi_master spi0: Failed to power device: -22
[   10.839279] spi_master spi0: Failed to power device: -22
[   10.967249] EXT4-fs (mmcblk0p2): re-mounted. Opts: (null)
[   11.071401] systemd-journald[157]: Received request to flush runtime journal from PID 1
[   16.941334] macb ff0e0000.ethernet eth0: PHY [ff0e0000.ethernet-ffffffff:0c] driver [TI DP83867] (irq=POLL)
[   16.941347] macb ff0e0000.ethernet eth0: configuring for phy/rgmii-id link mode
[   18.171777] Adding 92156k swap on /var/swap.  Priority:-2 extents:1 across:92156k SS
[   19.111763] random: crng init done
[   19.111774] random: 7 urandom warning(s) missed due to ratelimiting
[   20.005577] broken atomic modeset userspace detected, disabling atomic
[   21.025372] macb ff0e0000.ethernet eth0: Link is Up - 1Gbps/Full - flow control off
[   21.025397] IPv6: ADDRCONF(NETDEV_CHANGE): eth0: link becomes ready
[   22.666371] broken atomic modeset userspace detected, disabling atomic
[   25.766141] broken atomic modeset userspace detected, disabling atomic