[    0.000000] Booting Linux on physical CPU 0x0000000000 [0x410fd034]
[    0.000000] Linux version 5.10.0-98103-g2aa7ac113716 (jenkins@romlxbuild1.adlk.analog.com) (aarch64-xilinx-linux-gcc.real (GCC) 10.2.0, GNU ld (GNU Binutils) 2.35.0.20200730) #5577 SMP Wed Mar 23 07:28:49 GMT 2022
[    0.000000] Machine model: ZynqMP ZCU102 Rev1.0
[    0.000000] earlycon: cdns0 at MMIO 0x00000000ff000000 (options '115200n8')
[    0.000000] printk: bootconsole [cdns0] enabled
[    0.000000] efi: UEFI not found.
[    0.000000] cma: Reserved 256 MiB at 0x0000000070000000
[    0.000000] Zone ranges:
[    0.000000]   DMA      [mem 0x0000000000000000-0x000000003fffffff]
[    0.000000]   DMA32    [mem 0x0000000040000000-0x00000000ffffffff]
[    0.000000]   Normal   [mem 0x0000000100000000-0x000000087fffffff]
[    0.000000] Movable zone start for each node
[    0.000000] Early memory node ranges
[    0.000000]   node   0: [mem 0x0000000000000000-0x000000007fffffff]
[    0.000000]   node   0: [mem 0x0000000800000000-0x000000087fffffff]
[    0.000000] Initmem setup node 0 [mem 0x0000000000000000-0x000000087fffffff]
[    0.000000] On node 0 totalpages: 1048576
[    0.000000]   DMA zone: 3584 pages used for memmap
[    0.000000]   DMA zone: 0 pages reserved
[    0.000000]   DMA zone: 262144 pages, LIFO batch:63
[    0.000000]   DMA32 zone: 3584 pages used for memmap
[    0.000000]   DMA32 zone: 262144 pages, LIFO batch:63
[    0.000000]   Normal zone: 7168 pages used for memmap
[    0.000000]   Normal zone: 524288 pages, LIFO batch:63
[    0.000000] psci: probing for conduit method from DT.
[    0.000000] psci: PSCIv1.1 detected in firmware.
[    0.000000] psci: Using standard PSCI v0.2 function IDs
[    0.000000] psci: MIGRATE_INFO_TYPE not supported.
[    0.000000] psci: SMC Calling Convention v1.2
[    0.000000] percpu: Embedded 22 pages/cpu s49496 r8192 d32424 u90112
[    0.000000] pcpu-alloc: s49496 r8192 d32424 u90112 alloc=22*4096
[    0.000000] pcpu-alloc: [0] 0 [0] 1 [0] 2 [0] 3 
[    0.000000] Detected VIPT I-cache on CPU0
[    0.000000] CPU features: detected: ARM erratum 845719
[    0.000000] Built 1 zonelists, mobility grouping on.  Total pages: 1034240
[    0.000000] Kernel command line: console=ttyPS0,115200 root=/dev/mmcblk0p2 rw earlycon rootfstype=ext4 rootwait clk_ignore_unused cpuidle.off=1 root=/dev/mmcblk0p2 rw rootwait
[    0.000000] Dentry cache hash table entries: 524288 (order: 10, 4194304 bytes, linear)
[    0.000000] Inode-cache hash table entries: 262144 (order: 9, 2097152 bytes, linear)
[    0.000000] mem auto-init: stack:off, heap alloc:off, heap free:off
[    0.000000] software IO TLB: mapped [mem 0x000000003bfff000-0x000000003ffff000] (64MB)
[    0.000000] Memory: 3761904K/4194304K available (15296K kernel code, 1636K rwdata, 11876K rodata, 2560K init, 507K bss, 170256K reserved, 262144K cma-reserved)
[    0.000000] rcu: Hierarchical RCU implementation.
[    0.000000] rcu: 	RCU event tracing is enabled.
[    0.000000] rcu: 	RCU restricting CPUs from NR_CPUS=8 to nr_cpu_ids=4.
[    0.000000] rcu: RCU calculated value of scheduler-enlistment delay is 25 jiffies.
[    0.000000] rcu: Adjusting geometry for rcu_fanout_leaf=16, nr_cpu_ids=4
[    0.000000] NR_IRQS: 64, nr_irqs: 64, preallocated irqs: 0
[    0.000000] GIC: Adjusting CPU interface base to 0x00000000f902f000
[    0.000000] GIC: Using split EOI/Deactivate mode
[    0.000000] random: get_random_bytes called from start_kernel+0x31c/0x54c with crng_init=0
[    0.000000] arch_timer: cp15 timer(s) running at 100.00MHz (phys).
[    0.000000] clocksource: arch_sys_counter: mask: 0xffffffffffffff max_cycles: 0x171024e7e0, max_idle_ns: 440795205315 ns
[    0.000003] sched_clock: 56 bits at 100MHz, resolution 10ns, wraps every 4398046511100ns
[    0.008462] Console: colour dummy device 80x25
[    0.012482] Calibrating delay loop (skipped), value calculated using timer frequency.. 200.00 BogoMIPS (lpj=400000)
[    0.022841] pid_max: default: 32768 minimum: 301
[    0.027552] Mount-cache hash table entries: 8192 (order: 4, 65536 bytes, linear)
[    0.034788] Mountpoint-cache hash table entries: 8192 (order: 4, 65536 bytes, linear)
[    0.043398] rcu: Hierarchical SRCU implementation.
[    0.047561] EFI services will not be available.
[    0.051937] smp: Bringing up secondary CPUs ...
[    0.056657] Detected VIPT I-cache on CPU1
[    0.056696] CPU1: Booted secondary processor 0x0000000001 [0x410fd034]
[    0.057060] Detected VIPT I-cache on CPU2
[    0.057084] CPU2: Booted secondary processor 0x0000000002 [0x410fd034]
[    0.057423] Detected VIPT I-cache on CPU3
[    0.057446] CPU3: Booted secondary processor 0x0000000003 [0x410fd034]
[    0.057491] smp: Brought up 1 node, 4 CPUs
[    0.091780] SMP: Total of 4 processors activated.
[    0.096452] CPU features: detected: 32-bit EL0 Support
[    0.101556] CPU features: detected: CRC32 instructions
[    0.106695] CPU: All CPU(s) started at EL2
[    0.110736] alternatives: patching kernel code
[    0.116166] devtmpfs: initialized
[    0.124063] Registered cp15_barrier emulation handler
[    0.124113] Registered setend emulation handler
[    0.128094] clocksource: jiffies: mask: 0xffffffff max_cycles: 0xffffffff, max_idle_ns: 7645041785100000 ns
[    0.137671] futex hash table entries: 1024 (order: 4, 65536 bytes, linear)
[    0.151030] pinctrl core: initialized pinctrl subsystem
[    0.151678] NET: Registered protocol family 16
[    0.156101] DMA: preallocated 512 KiB GFP_KERNEL pool for atomic allocations
[    0.162116] DMA: preallocated 512 KiB GFP_KERNEL|GFP_DMA pool for atomic allocations
[    0.169841] DMA: preallocated 512 KiB GFP_KERNEL|GFP_DMA32 pool for atomic allocations
[    0.177645] audit: initializing netlink subsys (disabled)
[    0.183095] audit: type=2000 audit(0.116:1): state=initialized audit_enabled=0 res=1
[    0.183442] hw-breakpoint: found 6 breakpoint and 4 watchpoint registers.
[    0.197472] ASID allocator initialised with 65536 entries
[    0.224360] HugeTLB registered 1.00 GiB page size, pre-allocated 0 pages
[    0.225412] HugeTLB registered 32.0 MiB page size, pre-allocated 0 pages
[    0.232082] HugeTLB registered 2.00 MiB page size, pre-allocated 0 pages
[    0.238747] HugeTLB registered 64.0 KiB page size, pre-allocated 0 pages
[    1.304333] DRBG: Continuing without Jitter RNG
[    1.382139] raid6: neonx8   gen()  2143 MB/s
[    1.450190] raid6: neonx8   xor()  1599 MB/s
[    1.518242] raid6: neonx4   gen()  2196 MB/s
[    1.586294] raid6: neonx4   xor()  1566 MB/s
[    1.654364] raid6: neonx2   gen()  2076 MB/s
[    1.722414] raid6: neonx2   xor()  1434 MB/s
[    1.790485] raid6: neonx1   gen()  1772 MB/s
[    1.858531] raid6: neonx1   xor()  1220 MB/s
[    1.926581] raid6: int64x8  gen()  1438 MB/s
[    1.994636] raid6: int64x8  xor()   771 MB/s
[    2.062713] raid6: int64x4  gen()  1598 MB/s
[    2.130765] raid6: int64x4  xor()   819 MB/s
[    2.198831] raid6: int64x2  gen()  1397 MB/s
[    2.266873] raid6: int64x2  xor()   750 MB/s
[    2.334948] raid6: int64x1  gen()  1034 MB/s
[    2.403011] raid6: int64x1  xor()   517 MB/s
[    2.403049] raid6: using algorithm neonx4 gen() 2196 MB/s
[    2.407004] raid6: .... xor() 1566 MB/s, rmw enabled
[    2.411935] raid6: using neon recovery algorithm
[    2.416944] iommu: Default domain type: Translated 
[    2.421560] SCSI subsystem initialized
[    2.425104] libata version 3.00 loaded.
[    2.425229] usbcore: registered new interface driver usbfs
[    2.430561] usbcore: registered new interface driver hub
[    2.435834] usbcore: registered new device driver usb
[    2.440967] mc: Linux media interface: v0.10
[    2.445084] videodev: Linux video capture interface: v2.00
[    2.450573] EDAC MC: Ver: 3.0.0
[    2.454015] zynqmp-ipi-mbox mailbox@ff990400: Registered ZynqMP IPI mbox with TX/RX channels.
[    2.462510] jesd204: created con: id=0, topo=0, link=0, /axi/spi@ff050000/hmc7044@0 <-> /fpga-axi@0/axi-adxcvr-tx@84b60000
[    2.473103] jesd204: created con: id=1, topo=0, link=2, /axi/spi@ff050000/hmc7044@0 <-> /fpga-axi@0/axi-adxcvr-rx@84a60000
[    2.484087] jesd204: created con: id=2, topo=0, link=0, /fpga-axi@0/axi-adxcvr-tx@84b60000 <-> /fpga-axi@0/axi-jesd204-tx@84b90000
[    2.495763] jesd204: created con: id=3, topo=0, link=2, /fpga-axi@0/axi-adxcvr-rx@84a60000 <-> /fpga-axi@0/axi-jesd204-rx@84a90000
[    2.507440] jesd204: created con: id=4, topo=0, link=0, /fpga-axi@0/axi-jesd204-tx@84b90000 <-> /fpga-axi@0/axi-ad9081-tx-hpc@84b10000
[    2.519468] jesd204: created con: id=5, topo=0, link=2, /fpga-axi@0/axi-jesd204-rx@84a90000 <-> /fpga-axi@0/axi-ad9081-rx-hpc@84a10000
[    2.531491] jesd204: created con: id=6, topo=0, link=2, /fpga-axi@0/axi-ad9081-rx-hpc@84a10000 <-> /axi/spi@ff040000/ad9081@0
[    2.542732] jesd204: created con: id=7, topo=0, link=0, /fpga-axi@0/axi-ad9081-tx-hpc@84b10000 <-> /axi/spi@ff040000/ad9081@0
[    2.553982] jesd204: /axi/spi@ff040000/ad9081@0: JESD204[2] transition uninitialized -> initialized
[    2.562968] jesd204: /axi/spi@ff040000/ad9081@0: JESD204[0] transition uninitialized -> initialized
[    2.571960] jesd204: found 8 devices and 1 topologies
[    2.577004] FPGA manager framework
[    2.580482] Advanced Linux Sound Architecture Driver Initialized.
[    2.586775] Bluetooth: Core ver 2.22
[    2.589963] NET: Registered protocol family 31
[    2.594364] Bluetooth: HCI device and connection manager initialized
[    2.600681] Bluetooth: HCI socket layer initialized
[    2.605523] Bluetooth: L2CAP socket layer initialized
[    2.610547] Bluetooth: SCO socket layer initialized
[    2.615733] clocksource: Switched to clocksource arch_sys_counter
[    2.621540] VFS: Disk quotas dquot_6.6.0
[    2.625374] VFS: Dquot-cache hash table entries: 512 (order 0, 4096 bytes)
[    2.636086] NET: Registered protocol family 2
[    2.636819] tcp_listen_portaddr_hash hash table entries: 2048 (order: 3, 32768 bytes, linear)
[    2.645014] TCP established hash table entries: 32768 (order: 6, 262144 bytes, linear)
[    2.653039] TCP bind hash table entries: 32768 (order: 7, 524288 bytes, linear)
[    2.660483] TCP: Hash tables configured (established 32768 bind 32768)
[    2.666657] UDP hash table entries: 2048 (order: 4, 65536 bytes, linear)
[    2.673324] UDP-Lite hash table entries: 2048 (order: 4, 65536 bytes, linear)
[    2.680484] NET: Registered protocol family 1
[    2.684941] RPC: Registered named UNIX socket transport module.
[    2.690562] RPC: Registered udp transport module.
[    2.695226] RPC: Registered tcp transport module.
[    2.699896] RPC: Registered tcp NFSv4.1 backchannel transport module.
[    2.706889] PCI: CLS 0 bytes, default 64
[    2.710594] hw perfevents: no interrupt-affinity property for /pmu, guessing.
[    2.717447] hw perfevents: enabled with armv8_pmuv3 PMU driver, 7 counters available
[    2.725803] Initialise system trusted keyrings
[    2.729475] workingset: timestamp_bits=62 max_order=20 bucket_order=0
[    2.736373] NFS: Registering the id_resolver key type
[    2.740824] Key type id_resolver registered
[    2.744964] Key type id_legacy registered
[    2.748953] nfs4filelayout_init: NFSv4 File Layout Driver Registering...
[    2.755619] jffs2: version 2.2. (NAND) (SUMMARY)  Â© 2001-2006 Red Hat, Inc.
[    2.799174] NET: Registered protocol family 38
[    2.799216] xor: measuring software checksum speed
[    2.806902]    8regs           :  2363 MB/sec
[    2.810571]    32regs          :  2799 MB/sec
[    2.815514]    arm64_neon      :  2380 MB/sec
[    2.815704] xor: using function: 32regs (2799 MB/sec)
[    2.820729] Key type asymmetric registered
[    2.824791] Asymmetric key parser 'x509' registered
[    2.829652] Block layer SCSI generic (bsg) driver version 0.4 loaded (major 248)
[    2.836989] io scheduler mq-deadline registered
[    2.841485] io scheduler kyber registered
[    2.870888] Serial: 8250/16550 driver, 4 ports, IRQ sharing disabled
[    2.875526] cacheinfo: Unable to detect cache hierarchy for CPU 0
[    2.881864] brd: module loaded
[    2.885998] loop: module loaded
[    2.886543] Registered mathworks_ip class
[    2.889906] libphy: Fixed MDIO Bus: probed
[    2.892875] tun: Universal TUN/TAP device driver, 1.6
[    2.896944] CAN device driver interface
[    2.901475] usbcore: registered new interface driver asix
[    2.906076] usbcore: registered new interface driver ax88179_178a
[    2.912108] usbcore: registered new interface driver cdc_ether
[    2.917901] usbcore: registered new interface driver net1080
[    2.923527] usbcore: registered new interface driver cdc_subset
[    2.929407] usbcore: registered new interface driver zaurus
[    2.934950] usbcore: registered new interface driver cdc_ncm
[    2.941351] ehci_hcd: USB 2.0 'Enhanced' Host Controller (EHCI) Driver
[    2.947036] ehci-pci: EHCI PCI platform driver
[    2.951849] usbcore: registered new interface driver uas
[    2.956756] usbcore: registered new interface driver usb-storage
[    2.962740] usbcore: registered new interface driver usbserial_generic
[    2.969191] usbserial: USB Serial support registered for generic
[    2.975164] usbcore: registered new interface driver ftdi_sio
[    2.980866] usbserial: USB Serial support registered for FTDI USB Serial Device
[    2.988141] usbcore: registered new interface driver upd78f0730
[    2.994016] usbserial: USB Serial support registered for upd78f0730
[    3.001668] rtc_zynqmp ffa60000.rtc: registered as rtc0
[    3.005439] rtc_zynqmp ffa60000.rtc: setting system clock to 2022-03-26T02:21:45 UTC (1648261305)
[    3.014302] i2c /dev entries driver
[    3.019608] usbcore: registered new interface driver uvcvideo
[    3.023415] USB Video Class driver (1.1.1)
[    3.028992] Bluetooth: HCI UART driver ver 2.3
[    3.031899] Bluetooth: HCI UART protocol H4 registered
[    3.036996] Bluetooth: HCI UART protocol BCSP registered
[    3.042286] Bluetooth: HCI UART protocol LL registered
[    3.047373] Bluetooth: HCI UART protocol ATH3K registered
[    3.052747] Bluetooth: HCI UART protocol Three-wire (H5) registered
[    3.059003] Bluetooth: HCI UART protocol Intel registered
[    3.064341] Bluetooth: HCI UART protocol QCA registered
[    3.069542] usbcore: registered new interface driver bcm203x
[    3.075163] usbcore: registered new interface driver bpa10x
[    3.080698] usbcore: registered new interface driver bfusb
[    3.086148] usbcore: registered new interface driver btusb
[    3.091612] usbcore: registered new interface driver ath3k
[    3.097095] EDAC MC: ECC not enabled
[    3.100721] EDAC DEVICE0: Giving out device to module zynqmp-ocm-edac controller zynqmp_ocm: DEV ff960000.memory-controller (INTERRUPT)
[    3.113048] sdhci: Secure Digital Host Controller Interface driver
[    3.118831] sdhci: Copyright(c) Pierre Ossman
[    3.123150] sdhci-pltfm: SDHCI platform and OF driver helper
[    3.129206] ledtrig-cpu: registered to indicate activity on CPUs
[    3.134751] SMCCC: SOC_ID: ARCH_SOC_ID not implemented, skipping ....
[    3.141178] zynqmp_firmware_probe Platform Management API v1.1
[    3.146938] zynqmp_firmware_probe Trustzone version v1.0
[    3.186471] zynqmp-pinctrl firmware:zynqmp-firmware:pinctrl: zynqmp pinctrl initialized
[    3.234450] zynqmp-aes firmware:zynqmp-firmware:zynqmp-aes: will run requests pump with realtime priority
[    3.250188] alg: No test for xilinx-keccak-384 (zynqmp-keccak-384)
[    3.250897] alg: No test for xilinx-zynqmp-rsa (zynqmp-rsa)
[    3.256413] usbcore: registered new interface driver usbhid
[    3.261801] usbhid: USB HID core driver
[    3.273047] axi_sysid 85000000.axi-sysid-0: AXI System ID core version (1.01.a) found
[    3.275399] axi_sysid 85000000.axi-sysid-0: [ad9081_fmca_ebz] on [zcu102] git branch <master> git <084d44c9780640ca93fd847b1d9ec70dd65f5c67> clean [2022-03-18 04:17:50] UTC
[    3.291091] fpga_manager fpga0: Xilinx ZynqMP FPGA Manager registered
[    3.297442] usbcore: registered new interface driver snd-usb-audio
[    3.304892] pktgen: Packet Generator for packet performance testing. Version: 2.75
[    3.311063] Initializing XFRM netlink socket
[    3.314925] NET: Registered protocol family 10
[    3.319639] Segment Routing with IPv6
[    3.323030] sit: IPv6, IPv4 and MPLS over IPv4 tunneling driver
[    3.329096] NET: Registered protocol family 17
[    3.333200] NET: Registered protocol family 15
[    3.337692] can: controller area network core
[    3.341954] NET: Registered protocol family 29
[    3.346340] can: raw protocol
[    3.349278] can: broadcast manager protocol
[    3.353431] can: netlink gateway - max_hops=1
[    3.357825] Bluetooth: RFCOMM TTY layer initialized
[    3.362607] Bluetooth: RFCOMM socket layer initialized
[    3.367716] Bluetooth: RFCOMM ver 1.11
[    3.371420] Bluetooth: BNEP (Ethernet Emulation) ver 1.3
[    3.376697] Bluetooth: BNEP filters: protocol multicast
[    3.381888] Bluetooth: BNEP socket layer initialized
[    3.386817] Bluetooth: HIDP (Human Interface Emulation) ver 1.2
[    3.392701] Bluetooth: HIDP socket layer initialized
[    3.397754] 9pnet: Installing 9P2000 support
[    3.401878] NET: Registered protocol family 36
[    3.406292] Key type dns_resolver registered
[    3.410726] registered taskstats version 1
[    3.414591] Loading compiled-in X.509 certificates
[    3.419698] Btrfs loaded, crc32c=crc32c-generic
[    3.432112] ff000000.serial: ttyPS0 at MMIO 0xff000000 (irq = 49, base_baud = 6249999) is a xuartps
[    3.441134] printk: console [ttyPS0] enabled
[    3.445428] printk: bootconsole [cdns0] disabled
[    3.455055] ff010000.serial: ttyPS1 at MMIO 0xff010000 (irq = 50, base_baud = 6249999) is a xuartps
[    3.468306] of-fpga-region fpga-full: FPGA Region probed
[    3.475260] nwl-pcie fd0e0000.pcie: host bridge /axi/pcie@fd0e0000 ranges:
[    3.482158] nwl-pcie fd0e0000.pcie:      MEM 0x00e0000000..0x00efffffff -> 0x00e0000000
[    3.490165] nwl-pcie fd0e0000.pcie:      MEM 0x0600000000..0x07ffffffff -> 0x0600000000
[    3.498230] nwl-pcie fd0e0000.pcie: Link is DOWN
[    3.502988] nwl-pcie fd0e0000.pcie: PCI host bridge to bus 0000:00
[    3.509167] pci_bus 0000:00: root bus resource [bus 00-ff]
[    3.514647] pci_bus 0000:00: root bus resource [mem 0xe0000000-0xefffffff]
[    3.521517] pci_bus 0000:00: root bus resource [mem 0x600000000-0x7ffffffff pref]
[    3.529021] pci 0000:00:00.0: [10ee:d021] type 01 class 0x060400
[    3.535077] pci 0000:00:00.0: PME# supported from D0 D1 D2 D3hot
[    3.545513] pci 0000:00:00.0: PCI bridge to [bus 01-0c]
[    3.551486] xilinx-zynqmp-dma fd500000.dma: ZynqMP DMA driver Probe success
[    3.558665] xilinx-zynqmp-dma fd510000.dma: ZynqMP DMA driver Probe success
[    3.565841] xilinx-zynqmp-dma fd520000.dma: ZynqMP DMA driver Probe success
[    3.573011] xilinx-zynqmp-dma fd530000.dma: ZynqMP DMA driver Probe success
[    3.580176] xilinx-zynqmp-dma fd540000.dma: ZynqMP DMA driver Probe success
[    3.587346] xilinx-zynqmp-dma fd550000.dma: ZynqMP DMA driver Probe success
[    3.594515] xilinx-zynqmp-dma fd560000.dma: ZynqMP DMA driver Probe success
[    3.601685] xilinx-zynqmp-dma fd570000.dma: ZynqMP DMA driver Probe success
[    3.609081] xilinx-zynqmp-dpdma fd4c0000.dma-controller: Xilinx DPDMA engine is probed
[    3.617641] ahci-ceva fd0c0000.ahci: supply ahci not found, using dummy regulator
[    3.625180] ahci-ceva fd0c0000.ahci: supply phy not found, using dummy regulator
[    3.715902] hmc7044 spi2.0: PLL1: Acquisition, CLKIN0 @ 122880000 Hz, PFD: 80 kHz - PLL2: Locked @ 2584.000000 MHz
[    3.726622] jesd204: /axi/spi@ff050000/hmc7044@0,jesd204:1,parent=spi2.0: Using as SYSREF provider
[    3.736203] spi-nor spi0.0: SPI-NOR-UniqueID 100000235394732200270025081115266e
[    3.743509] spi-nor spi0.0: found n25q512a, expected m25p80
[    3.749705] spi-nor spi0.0: trying to lock already unlocked area
[    3.755710] spi-nor spi0.0: n25q512a (131072 Kbytes)
[    3.760697] 4 fixed-partitions partitions found on MTD device spi0.0
[    3.767042] Creating 4 MTD partitions on "spi0.0":
[    3.771828] 0x000000000000-0x000000100000 : "qspi-fsbl-uboot"
[    3.778316] 0x000000100000-0x000000600000 : "qspi-linux"
[    3.784278] 0x000000600000-0x000000620000 : "qspi-device-tree"
[    3.790750] 0x000000620000-0x000000c00000 : "qspi-rootfs"
[    3.799203] macb ff0e0000.ethernet: Not enabling partial store and forward
[    3.806726] libphy: MACB_mii_bus: probed
[    3.811781] macb ff0e0000.ethernet eth0: Cadence GEM rev 0x50070106 at 0xff0e0000 irq 30 (00:0a:35:04:8e:1b)
[    3.821987] xilinx-axipmon ffa00000.perf-monitor: Probed Xilinx APM
[    3.828559] xilinx-axipmon fd0b0000.perf-monitor: Probed Xilinx APM
[    3.835072] xilinx-axipmon fd490000.perf-monitor: Probed Xilinx APM
[    3.841614] xilinx-axipmon ffa10000.perf-monitor: Probed Xilinx APM
[    3.851595] pca953x 0-0020: supply vcc not found, using dummy regulator
[    3.858275] pca953x 0-0020: using no AI
[    3.862763] gpio-496 (sel0): hogged as output/low
[    3.867664] gpio-497 (sel1): hogged as output/high
[    3.872649] gpio-498 (sel2): hogged as output/high
[    3.877639] gpio-499 (sel3): hogged as output/high
[    3.882822] pca953x 0-0021: supply vcc not found, using dummy regulator
[    3.889493] pca953x 0-0021: using no AI
[    3.895256] ina2xx 2-0040: power monitor ina226 (Rshunt = 5000 uOhm)
[    3.902280] ina2xx 2-0041: power monitor ina226 (Rshunt = 5000 uOhm)
[    3.909307] ina2xx 2-0042: power monitor ina226 (Rshunt = 5000 uOhm)
[    3.916342] ina2xx 2-0043: power monitor ina226 (Rshunt = 5000 uOhm)
[    3.923368] ina2xx 2-0044: power monitor ina226 (Rshunt = 5000 uOhm)
[    3.930390] ina2xx 2-0045: power monitor ina226 (Rshunt = 5000 uOhm)
[    3.937420] ina2xx 2-0046: power monitor ina226 (Rshunt = 5000 uOhm)
[    3.944499] ina2xx 2-0047: power monitor ina226 (Rshunt = 5000 uOhm)
[    3.951523] ina2xx 2-004a: power monitor ina226 (Rshunt = 5000 uOhm)
[    3.958554] ina2xx 2-004b: power monitor ina226 (Rshunt = 5000 uOhm)
[    3.964976] i2c i2c-0: Added multiplexed i2c bus 2
[    3.970359] random: fast init done
[    3.973831] ina2xx 3-0040: power monitor ina226 (Rshunt = 2000 uOhm)
[    3.980860] ina2xx 3-0041: power monitor ina226 (Rshunt = 5000 uOhm)
[    3.987885] ina2xx 3-0042: power monitor ina226 (Rshunt = 5000 uOhm)
[    3.994914] ina2xx 3-0043: power monitor ina226 (Rshunt = 5000 uOhm)
[    4.001943] ina2xx 3-0044: power monitor ina226 (Rshunt = 5000 uOhm)
[    4.008970] ina2xx 3-0045: power monitor ina226 (Rshunt = 5000 uOhm)
[    4.016005] ina2xx 3-0046: power monitor ina226 (Rshunt = 5000 uOhm)
[    4.023031] ina2xx 3-0047: power monitor ina226 (Rshunt = 5000 uOhm)
[    4.029432] i2c i2c-0: Added multiplexed i2c bus 3
[    4.085474] i2c i2c-0: Added multiplexed i2c bus 4
[    4.090420] i2c i2c-0: Added multiplexed i2c bus 5
[    4.095213] pca954x 0-0075: registered 4 multiplexed busses for I2C mux pca9544
[    4.102563] cdns-i2c ff020000.i2c: 400 kHz mmio ff020000 irq 32
[    4.110295] at24 6-0054: supply vcc not found, using dummy regulator
[    4.117188] at24 6-0054: 1024 byte 24c08 EEPROM, writable, 1 bytes/write
[    4.123935] i2c i2c-1: Added multiplexed i2c bus 6
[    4.130366] si5341 7-0036: Chip: 5341 Grade: 1 Rev: 1
[    4.168066] i2c i2c-1: Added multiplexed i2c bus 7
[    4.175727] si570 8-005d: registered, current frequency 300000000 Hz
[    4.182129] i2c i2c-1: Added multiplexed i2c bus 8
[    4.201911] si570 9-005d: registered, current frequency 148500000 Hz
[    4.208311] i2c i2c-1: Added multiplexed i2c bus 9
[    4.213353] si5324 10-0069: si5328 probed
[    4.280092] si5324 10-0069: si5328 probe successful
[    4.285020] i2c i2c-1: Added multiplexed i2c bus 10
[    4.290044] i2c i2c-1: Added multiplexed i2c bus 11
[    4.295073] i2c i2c-1: Added multiplexed i2c bus 12
[    4.300092] i2c i2c-1: Added multiplexed i2c bus 13
[    4.304965] pca954x 1-0074: registered 8 multiplexed busses for I2C switch pca9548
[    4.313078] at24 14-0050: supply vcc not found, using dummy regulator
[    4.319872] at24 14-0050: 256 byte 24c02 EEPROM, writable, 1 bytes/write
[    4.326619] i2c i2c-1: Added multiplexed i2c bus 14
[    4.331657] i2c i2c-1: Added multiplexed i2c bus 15
[    4.336691] i2c i2c-1: Added multiplexed i2c bus 16
[    4.341726] i2c i2c-1: Added multiplexed i2c bus 17
[    4.346759] i2c i2c-1: Added multiplexed i2c bus 18
[    4.351804] i2c i2c-1: Added multiplexed i2c bus 19
[    4.356843] i2c i2c-1: Added multiplexed i2c bus 20
[    4.361882] i2c i2c-1: Added multiplexed i2c bus 21
[    4.366758] pca954x 1-0075: registered 8 multiplexed busses for I2C switch pca9548
[    4.374366] cdns-i2c ff030000.i2c: 400 kHz mmio ff030000 irq 33
[    4.384118] cdns-wdt fd4d0000.watchdog: Xilinx Watchdog Timer with timeout 60s
[    4.395062] axi_adxcvr 84a60000.axi-adxcvr-rx: AXI-ADXCVR-RX (17.05.a) using CPLL on GTH4 at 0x84A60000. Number of lanes: 4.
[    4.407235] axi_adxcvr 84b60000.axi-adxcvr-tx: AXI-ADXCVR-TX (17.05.a) using QPLL on GTH4 at 0x84B60000. Number of lanes: 4.
[    4.418861] axi-jesd204-rx 84a90000.axi-jesd204-rx: AXI-JESD204-RX (1.07.a) at 0x84A90000. Encoder 8b10b, width 4/4, lanes 4, jesd204-fsm.
[    4.426136] mmc0: SDHCI controller on ff170000.mmc [ff170000.mmc] using ADMA 64-bit
[    4.431702] axi-jesd204-tx 84b90000.axi-jesd204-tx: AXI-JESD204-TX (1.06.a) at 0x84B90000. Encoder 8b10b, width 4/4, lanes 4, jesd204-fsm.
[    4.452432] zynqmp-display fd4a0000.display: vtc bridge property not present
[    4.462080] xilinx-dp-snd-codec fd4a0000.display:zynqmp_dp_snd_codec0: Failed to get required clock freq
[    4.471586] xilinx-dp-snd-codec: probe of fd4a0000.display:zynqmp_dp_snd_codec0 failed with error -22
[    4.473510] mmc0: new high speed SDHC card at address 0001
[    4.481127] xilinx-dp-snd-pcm zynqmp_dp_snd_pcm0: Xilinx DisplayPort Sound PCM probed
[    4.486648] mmcblk0: mmc0:0001 EB1QT 29.8 GiB 
[    4.494443] xilinx-dp-snd-pcm zynqmp_dp_snd_pcm1: Xilinx DisplayPort Sound PCM probed
[    4.499806]  mmcblk0: p1 p2 p3
[    4.506745] OF: graph: no port node found in /axi/display@fd4a0000
[    4.515825] xlnx-drm xlnx-drm.0: bound fd4a0000.display (ops 0xffffffc010fcbdb8)
[    5.599748] zynqmp-display fd4a0000.display: [drm] Cannot find any crtc or sizes
[    5.607360] [drm] Initialized xlnx 1.0.0 20130509 for fd4a0000.display on minor 0
[    5.614849] zynqmp-display fd4a0000.display: ZynqMP DisplayPort Subsystem driver probed
[    5.623175] ahci-ceva fd0c0000.ahci: supply ahci not found, using dummy regulator
[    5.630719] ahci-ceva fd0c0000.ahci: supply phy not found, using dummy regulator
[    5.638170] ahci-ceva fd0c0000.ahci: supply target not found, using dummy regulator
[    5.646007] ahci-ceva fd0c0000.ahci: AHCI 0001.0301 32 slots 2 ports 6 Gbps 0x3 impl platform mode
[    5.654964] ahci-ceva fd0c0000.ahci: flags: 64bit ncq sntf pm clo only pmp fbs pio slum part ccc sds apst 
[    5.665654] scsi host0: ahci-ceva
[    5.669249] scsi host1: ahci-ceva
[    5.672672] ata1: SATA max UDMA/133 mmio [mem 0xfd0c0000-0xfd0c1fff] port 0x100 irq 45
[    5.680586] ata2: SATA max UDMA/133 mmio [mem 0xfd0c0000-0xfd0c1fff] port 0x180 irq 45
[    5.689183] ad9081 spi1.0: supply vdd not found, using dummy regulator
[    6.001982] ata1: SATA link down (SStatus 0 SControl 330)
[    6.007402] ata2: SATA link down (SStatus 0 SControl 330)
[    6.683751] zynqmp-display fd4a0000.display: [drm] Cannot find any crtc or sizes
[    7.525345] ad9081 spi1.0: AD9081 Rev. 2 Grade 10 (API 1.2.2) probed
[    7.532551] xhci-hcd xhci-hcd.1.auto: xHCI Host Controller
[    7.538053] xhci-hcd xhci-hcd.1.auto: new USB bus registered, assigned bus number 1
[    7.545801] xhci-hcd xhci-hcd.1.auto: hcc params 0x0238f625 hci version 0x100 quirks 0x0000000002010810
[    7.555218] xhci-hcd xhci-hcd.1.auto: irq 59, io mem 0xfe200000
[    7.561336] usb usb1: New USB device found, idVendor=1d6b, idProduct=0002, bcdDevice= 5.10
[    7.569601] usb usb1: New USB device strings: Mfr=3, Product=2, SerialNumber=1
[    7.576817] usb usb1: Product: xHCI Host Controller
[    7.581686] usb usb1: Manufacturer: Linux 5.10.0-98103-g2aa7ac113716 xhci-hcd
[    7.588812] usb usb1: SerialNumber: xhci-hcd.1.auto
[    7.593983] hub 1-0:1.0: USB hub found
[    7.597748] hub 1-0:1.0: 1 port detected
[    7.601850] xhci-hcd xhci-hcd.1.auto: xHCI Host Controller
[    7.607334] xhci-hcd xhci-hcd.1.auto: new USB bus registered, assigned bus number 2
[    7.614988] xhci-hcd xhci-hcd.1.auto: Host supports USB 3.0 SuperSpeed
[    7.621610] usb usb2: New USB device found, idVendor=1d6b, idProduct=0003, bcdDevice= 5.10
[    7.629872] usb usb2: New USB device strings: Mfr=3, Product=2, SerialNumber=1
[    7.637092] usb usb2: Product: xHCI Host Controller
[    7.641961] usb usb2: Manufacturer: Linux 5.10.0-98103-g2aa7ac113716 xhci-hcd
[    7.649085] usb usb2: SerialNumber: xhci-hcd.1.auto
[    7.654195] hub 2-0:1.0: USB hub found
[    7.657956] hub 2-0:1.0: 1 port detected
[    7.688007] cf_axi_adc 84a10000.axi-ad9081-rx-hpc: ADI AIM (10.01.b) at 0x84A10000 mapped to 0x(____ptrval____), probed ADC AD9081 as MASTER
[    7.720574] cf_axi_dds 84b10000.axi-ad9081-tx-hpc: Analog Devices CF_AXI_DDS_DDS MASTER (9.01.b) at 0x84B10000 mapped to 0x(____ptrval____), probed DDS AD9081
[    7.734773] jesd204: /axi/spi@ff040000/ad9081@0,jesd204:0,parent=spi1.0: JESD204[2] transition initialized -> probed
[    7.745294] jesd204: /axi/spi@ff040000/ad9081@0,jesd204:0,parent=spi1.0: JESD204[0] transition initialized -> probed
[    7.755818] jesd204: /axi/spi@ff040000/ad9081@0,jesd204:0,parent=spi1.0: JESD204[2] transition probed -> idle
[    7.765725] jesd204: /axi/spi@ff040000/ad9081@0,jesd204:0,parent=spi1.0: JESD204[0] transition probed -> idle
[    7.775640] jesd204: /axi/spi@ff040000/ad9081@0,jesd204:0,parent=spi1.0: JESD204[2] transition idle -> device_init
[    7.785983] jesd204: /axi/spi@ff040000/ad9081@0,jesd204:0,parent=spi1.0: JESD204[0] transition idle -> device_init
[    7.796338] jesd204: /axi/spi@ff040000/ad9081@0,jesd204:0,parent=spi1.0: JESD204[2] transition device_init -> link_init
[    7.807120] jesd204: /axi/spi@ff040000/ad9081@0,jesd204:0,parent=spi1.0: JESD204[0] transition device_init -> link_init
[    7.817912] jesd204: /axi/spi@ff040000/ad9081@0,jesd204:0,parent=spi1.0: JESD204[2] transition link_init -> link_supported
[    7.828950] jesd204: /axi/spi@ff040000/ad9081@0,jesd204:0,parent=spi1.0: JESD204[0] transition link_init -> link_supported
[    7.840367] hmc7044 spi2.0: hmc7044_jesd204_link_pre_setup: Link2 forcing continuous SYSREF mode
[    7.849300] axi-jesd204-rx 84a90000.axi-jesd204-rx: axi_jesd204_rx_jesd204_link_pre_setup: Link2 set lane rate 12920000 kHz failed (-22)
[    7.861554] jesd204: /fpga-axi@0/axi-jesd204-rx@84a90000,jesd204:4,parent=84a90000.axi-jesd204-rx: JESD204[2] In link_pre_setup got error from cb: -22
[    7.875024] jesd204: /axi/spi@ff040000/ad9081@0,jesd204:0,parent=spi1.0: Rolling back from 'link_supported', got error -22
[    7.886066] jesd204: /axi/spi@ff040000/ad9081@0,jesd204:0,parent=spi1.0: JESD204[0] transition link_supported -> link_pre_setup
[    7.897538] jesd204: /axi/spi@ff040000/ad9081@0,jesd204:0,parent=spi1.0: JESD204[2] transition link_supported -> link_pre_setup
[    7.909023] jesd204: /axi/spi@ff040000/ad9081@0,jesd204:0,parent=spi1.0: JESD204[0] transition link_pre_setup -> link_supported
[    7.920498] jesd204: /axi/spi@ff040000/ad9081@0,jesd204:0,parent=spi1.0: JESD204[2] transition link_pre_setup -> link_supported
[    7.931975] jesd204: /axi/spi@ff040000/ad9081@0,jesd204:0,parent=spi1.0: JESD204[0] transition link_supported -> link_init
[    7.943013] jesd204: /axi/spi@ff040000/ad9081@0,jesd204:0,parent=spi1.0: JESD204[2] transition link_supported -> link_init
[    7.954060] jesd204: /axi/spi@ff040000/ad9081@0,jesd204:0,parent=spi1.0: JESD204[0] transition link_init -> device_init
[    7.964839] jesd204: /axi/spi@ff040000/ad9081@0,jesd204:0,parent=spi1.0: JESD204[2] transition link_init -> device_init
[    7.975619] jesd204: /axi/spi@ff040000/ad9081@0,jesd204:0,parent=spi1.0: JESD204[0] transition device_init -> idle
[    7.985962] jesd204: /axi/spi@ff040000/ad9081@0,jesd204:0,parent=spi1.0: JESD204[2] transition device_init -> idle
[    7.996313] jesd204: /axi/spi@ff040000/ad9081@0,jesd204:0,parent=spi1.0: JESD204[2] transition idle -> idle
[    8.006047] jesd204: /axi/spi@ff040000/ad9081@0,jesd204:0,parent=spi1.0: JESD204[0] transition idle -> idle
[    8.015789] jesd204: /axi/spi@ff040000/ad9081@0,jesd204:0,parent=spi1.0: JESD204[2] transition idle -> device_init
[    8.026134] jesd204: /axi/spi@ff040000/ad9081@0,jesd204:0,parent=spi1.0: JESD204[0] transition idle -> device_init
[    8.036483] jesd204: /axi/spi@ff040000/ad9081@0,jesd204:0,parent=spi1.0: JESD204[2] transition device_init -> link_init
[    8.047260] jesd204: /axi/spi@ff040000/ad9081@0,jesd204:0,parent=spi1.0: JESD204[0] transition device_init -> link_init
[    8.058048] jesd204: /axi/spi@ff040000/ad9081@0,jesd204:0,parent=spi1.0: JESD204[2] transition link_init -> link_supported
[    8.069096] jesd204: /axi/spi@ff040000/ad9081@0,jesd204:0,parent=spi1.0: JESD204[0] transition link_init -> link_supported
[    8.080315] axi-jesd204-rx 84a90000.axi-jesd204-rx: axi_jesd204_rx_jesd204_link_pre_setup: Link2 set lane rate 12920000 kHz failed (-22)
[    8.092574] jesd204: /fpga-axi@0/axi-jesd204-rx@84a90000,jesd204:4,parent=84a90000.axi-jesd204-rx: JESD204[2] In link_pre_setup got error from cb: -22
[    8.106043] jesd204: /axi/spi@ff040000/ad9081@0,jesd204:0,parent=spi1.0: Rolling back from 'link_supported', got error -22
[    8.117085] jesd204: /axi/spi@ff040000/ad9081@0,jesd204:0,parent=spi1.0: JESD204[0] transition link_supported -> link_pre_setup
[    8.128557] jesd204: /axi/spi@ff040000/ad9081@0,jesd204:0,parent=spi1.0: JESD204[2] transition link_supported -> link_pre_setup
[    8.140034] jesd204: /axi/spi@ff040000/ad9081@0,jesd204:0,parent=spi1.0: JESD204[0] transition link_pre_setup -> link_supported
[    8.151509] jesd204: /axi/spi@ff040000/ad9081@0,jesd204:0,parent=spi1.0: JESD204[2] transition link_pre_setup -> link_supported
[    8.162984] jesd204: /axi/spi@ff040000/ad9081@0,jesd204:0,parent=spi1.0: JESD204[0] transition link_supported -> link_init
[    8.174022] jesd204: /axi/spi@ff040000/ad9081@0,jesd204:0,parent=spi1.0: JESD204[2] transition link_supported -> link_init
[    8.185069] jesd204: /axi/spi@ff040000/ad9081@0,jesd204:0,parent=spi1.0: JESD204[0] transition link_init -> device_init
[    8.195844] jesd204: /axi/spi@ff040000/ad9081@0,jesd204:0,parent=spi1.0: JESD204[2] transition link_init -> device_init
[    8.206628] jesd204: /axi/spi@ff040000/ad9081@0,jesd204:0,parent=spi1.0: JESD204[0] transition device_init -> idle
[    8.216975] jesd204: /axi/spi@ff040000/ad9081@0,jesd204:0,parent=spi1.0: JESD204[2] transition device_init -> idle
[    8.227323] jesd204: /axi/spi@ff040000/ad9081@0,jesd204:0,parent=spi1.0: JESD204[2] transition idle -> idle
[    8.237057] jesd204: /axi/spi@ff040000/ad9081@0,jesd204:0,parent=spi1.0: JESD204[0] transition idle -> idle
[    8.246799] jesd204: /axi/spi@ff040000/ad9081@0,jesd204:0,parent=spi1.0: JESD204[2] transition idle -> device_init
[    8.257142] jesd204: /axi/spi@ff040000/ad9081@0,jesd204:0,parent=spi1.0: JESD204[0] transition idle -> device_init
[    8.267492] jesd204: /axi/spi@ff040000/ad9081@0,jesd204:0,parent=spi1.0: JESD204[2] transition device_init -> link_init
[    8.278270] jesd204: /axi/spi@ff040000/ad9081@0,jesd204:0,parent=spi1.0: JESD204[0] transition device_init -> link_init
[    8.289057] jesd204: /axi/spi@ff040000/ad9081@0,jesd204:0,parent=spi1.0: JESD204[2] transition link_init -> link_supported
[    8.300100] jesd204: /axi/spi@ff040000/ad9081@0,jesd204:0,parent=spi1.0: JESD204[0] transition link_init -> link_supported
[    8.311287] axi-jesd204-rx 84a90000.axi-jesd204-rx: axi_jesd204_rx_jesd204_link_pre_setup: Link2 set lane rate 12920000 kHz failed (-22)
[    8.323547] jesd204: /fpga-axi@0/axi-jesd204-rx@84a90000,jesd204:4,parent=84a90000.axi-jesd204-rx: JESD204[2] In link_pre_setup got error from cb: -22
[    8.337017] jesd204: /axi/spi@ff040000/ad9081@0,jesd204:0,parent=spi1.0: Rolling back from 'link_supported', got error -22
[    8.348063] jesd204: /axi/spi@ff040000/ad9081@0,jesd204:0,parent=spi1.0: JESD204[0] transition link_supported -> link_pre_setup
[    8.359532] jesd204: /axi/spi@ff040000/ad9081@0,jesd204:0,parent=spi1.0: JESD204[2] transition link_supported -> link_pre_setup
[    8.371012] jesd204: /axi/spi@ff040000/ad9081@0,jesd204:0,parent=spi1.0: JESD204[0] transition link_pre_setup -> link_supported
[    8.382481] jesd204: /axi/spi@ff040000/ad9081@0,jesd204:0,parent=spi1.0: JESD204[2] transition link_pre_setup -> link_supported
[    8.393959] jesd204: /axi/spi@ff040000/ad9081@0,jesd204:0,parent=spi1.0: JESD204[0] transition link_supported -> link_init
[    8.404997] jesd204: /axi/spi@ff040000/ad9081@0,jesd204:0,parent=spi1.0: JESD204[2] transition link_supported -> link_init
[    8.416044] jesd204: /axi/spi@ff040000/ad9081@0,jesd204:0,parent=spi1.0: JESD204[0] transition link_init -> device_init
[    8.426819] jesd204: /axi/spi@ff040000/ad9081@0,jesd204:0,parent=spi1.0: JESD204[2] transition link_init -> device_init
[    8.437602] jesd204: /axi/spi@ff040000/ad9081@0,jesd204:0,parent=spi1.0: JESD204[0] transition device_init -> idle
[    8.447948] jesd204: /axi/spi@ff040000/ad9081@0,jesd204:0,parent=spi1.0: JESD204[2] transition device_init -> idle
[    8.458297] jesd204: /axi/spi@ff040000/ad9081@0,jesd204:0,parent=spi1.0: JESD204[2] transition idle -> idle
[    8.468032] jesd204: /axi/spi@ff040000/ad9081@0,jesd204:0,parent=spi1.0: JESD204[0] transition idle -> idle
[    8.477777] jesd204: /axi/spi@ff040000/ad9081@0,jesd204:0,parent=spi1.0: JESD204[2] transition idle -> device_init
[    8.488127] jesd204: /axi/spi@ff040000/ad9081@0,jesd204:0,parent=spi1.0: JESD204[0] transition idle -> device_init
[    8.498477] jesd204: /axi/spi@ff040000/ad9081@0,jesd204:0,parent=spi1.0: JESD204[2] transition device_init -> link_init
[    8.509252] jesd204: /axi/spi@ff040000/ad9081@0,jesd204:0,parent=spi1.0: JESD204[0] transition device_init -> link_init
[    8.520041] jesd204: /axi/spi@ff040000/ad9081@0,jesd204:0,parent=spi1.0: JESD204[2] transition link_init -> link_supported
[    8.531084] jesd204: /axi/spi@ff040000/ad9081@0,jesd204:0,parent=spi1.0: JESD204[0] transition link_init -> link_supported
[    8.542271] axi-jesd204-rx 84a90000.axi-jesd204-rx: axi_jesd204_rx_jesd204_link_pre_setup: Link2 set lane rate 12920000 kHz failed (-22)
[    8.554530] jesd204: /fpga-axi@0/axi-jesd204-rx@84a90000,jesd204:4,parent=84a90000.axi-jesd204-rx: JESD204[2] In link_pre_setup got error from cb: -22
[    8.568000] jesd204: /axi/spi@ff040000/ad9081@0,jesd204:0,parent=spi1.0: Rolling back from 'link_supported', got error -22
[    8.579043] jesd204: /axi/spi@ff040000/ad9081@0,jesd204:0,parent=spi1.0: JESD204[0] transition link_supported -> link_pre_setup
[    8.590515] jesd204: /axi/spi@ff040000/ad9081@0,jesd204:0,parent=spi1.0: JESD204[2] transition link_supported -> link_pre_setup
[    8.601997] jesd204: /axi/spi@ff040000/ad9081@0,jesd204:0,parent=spi1.0: JESD204[0] transition link_pre_setup -> link_supported
[    8.613473] jesd204: /axi/spi@ff040000/ad9081@0,jesd204:0,parent=spi1.0: JESD204[2] transition link_pre_setup -> link_supported
[    8.624951] jesd204: /axi/spi@ff040000/ad9081@0,jesd204:0,parent=spi1.0: JESD204[0] transition link_supported -> link_init
[    8.635990] jesd204: /axi/spi@ff040000/ad9081@0,jesd204:0,parent=spi1.0: JESD204[2] transition link_supported -> link_init
[    8.647036] jesd204: /axi/spi@ff040000/ad9081@0,jesd204:0,parent=spi1.0: JESD204[0] transition link_init -> device_init
[    8.657811] jesd204: /axi/spi@ff040000/ad9081@0,jesd204:0,parent=spi1.0: JESD204[2] transition link_init -> device_init
[    8.668594] jesd204: /axi/spi@ff040000/ad9081@0,jesd204:0,parent=spi1.0: JESD204[0] transition device_init -> idle
[    8.678938] jesd204: /axi/spi@ff040000/ad9081@0,jesd204:0,parent=spi1.0: JESD204[2] transition device_init -> idle
[    8.689284] jesd204: /axi/spi@ff040000/ad9081@0,jesd204:0,parent=spi1.0: FSM completed with error -22
[    8.707714] input: gpio-keys as /devices/platform/gpio-keys/input/input0
[    8.714731] of_cfs_init
[    8.717194] of_cfs_init: OK
[    8.720129] cfg80211: Loading compiled-in X.509 certificates for regulatory database
[    8.858334] cfg80211: Loaded X.509 cert 'sforshee: 00b28ddf47aef9cea7'
[    8.864868] clk: Not disabling unused clocks
[    8.869396] ALSA device list:
[    8.872358]   No soundcards found.
[    8.876034] platform regulatory.0: Direct firmware load for regulatory.db failed with error -2
[    8.884647] cfg80211: failed to load regulatory.db
[    8.899210] EXT4-fs (mmcblk0p2): mounted filesystem with ordered data mode. Opts: (null)
[    8.907327] VFS: Mounted root (ext4 filesystem) on device 179:2.
[    8.920336] devtmpfs: mounted
[    8.924177] Freeing unused kernel memory: 2560K
[    8.939783] Run /sbin/init as init process
[    8.943876]   with arguments:
[    8.943879]     /sbin/init
[    8.943881]   with environment:
[    8.943883]     HOME=/
[    8.943886]     TERM=linux
[    9.507954] systemd[1]: systemd 241 running in system mode. (+PAM +AUDIT +SELINUX +IMA +APPARMOR +SMACK +SYSVINIT +UTMP +LIBCRYPTSETUP +GCRYPT +GNUTLS +ACL +XZ +LZ4 +SECCOMP +BLKID +ELFUTILS +KMOD -IDN2 +IDN -PCRE2 default-hierarchy=hybrid)
[    9.529806] systemd[1]: Detected architecture arm64.
[    9.552482] systemd[1]: Set hostname to <analog>.
[    9.754246] systemd[1]: File /lib/systemd/system/systemd-journald.service:12 configures an IP firewall (IPAddressDeny=any), but the local system does not support BPF/cgroup based firewalling.
[    9.771311] systemd[1]: Proceeding WITHOUT firewalling in effect! (This warning is only shown for the first loaded unit using IP firewalling.)
[    9.934606] systemd[1]: /etc/systemd/system/tof-server.service:1: Assignment outside of section. Ignoring.
[    9.944308] systemd[1]: /etc/systemd/system/tof-server.service:2: Assignment outside of section. Ignoring.
[   10.127276] random: systemd: uninitialized urandom read (16 bytes read)
[   10.141965] random: systemd: uninitialized urandom read (16 bytes read)
[   10.149106] systemd[1]: Listening on Journal Socket.
[   10.164129] random: systemd: uninitialized urandom read (16 bytes read)
[   10.172396] systemd[1]: Mounting POSIX Message Queue File System...
[   10.197605] systemd[1]: Mounting Huge Pages File System...
[   10.775271] ------------[ cut here ]------------
[   10.775280] Enabling unprepared \xa0\x89Q\x88\xff\xff\xffQ\x88\xff\xff\xff
[   10.775326] WARNING: CPU: 2 PID: 112 at drivers/clk/clk.c:1012 clk_core_enable+0xa4/0xc0
[   10.775329] Modules linked in:
[   10.775339] CPU: 2 PID: 112 Comm: kworker/2:1H Not tainted 5.10.0-98103-g2aa7ac113716 #5577
[   10.775342] Hardware name: ZynqMP ZCU102 Rev1.0 (DT)
[   10.775352] Workqueue: kblockd blk_mq_run_work_fn
[   10.775359] pstate: 80000085 (Nzcv daIf -PAN -UAO -TCO BTYPE=--)
[   10.775365] pc : clk_core_enable+0xa4/0xc0
[   10.775370] lr : clk_core_enable+0xa4/0xc0
[   10.775373] sp : ffffffc0127932d0
[   10.775376] x29: ffffffc0127932d0 x28: ffffff8800330c10 
[   10.775383] x27: ffffff8800330d48 x26: 0000005000000101 
[   10.775390] x25: 000000027c4fe984 x24: 0000000000000001 
[   10.775396] x23: ffffff88010eb380 x22: ffffff8801083220 
[   10.775403] x21: ffffff8801511000 x20: ffffff8801511008 
[   10.775409] x19: ffffff8801511008 x18: 0000000000000030 
[   10.775416] x17: 0000000000000004 x16: 0000a9db6a2a0d02 
[   10.775422] x15: ffffffffffff9c48 x14: ffffffc011d3b1a0 
[   10.775429] x13: ffffffc011d3b1c8 x12: 0000000000000672 
[   10.775435] x11: 0000000000000226 x10: ffffffc011d671c8 
[   10.775442] x9 : 00000000fffff800 x8 : ffffffc011d3b1c8 
[   10.775448] x7 : ffffffc011d671c8 x6 : 0000000000000001 
[   10.775454] x5 : ffffff887f7929e0 x4 : 0000000000000000 
[   10.775461] x3 : 0000000000000027 x2 : 0000000000000023 
[   10.775467] x1 : 746f49e396346000 x0 : 0000000000000000 
[   10.775474] Call trace:
[   10.775480]  clk_core_enable+0xa4/0xc0
[   10.775485]  clk_enable+0x2c/0x60
[   10.775492]  zynqmp_runtime_resume+0x24/0x84
[   10.775498]  pm_generic_runtime_resume+0x30/0x50
[   10.775504]  __genpd_runtime_resume+0x30/0xb0
[   10.775510]  genpd_runtime_resume+0x90/0x250
[   10.775517]  __rpm_callback+0x10c/0x1e0
[   10.775522]  rpm_callback+0x5c/0x84
[   10.775527]  rpm_resume+0x4a4/0x74c
[   10.775532]  __pm_runtime_resume+0x78/0xc4
[   10.775537]  spi_mem_access_start.isra.0+0x30/0x80
[   10.775541]  spi_mem_exec_op+0x3b0/0x424
[   10.775545]  spi_nor_read_sr+0x78/0xe0
[   10.775550]  spi_nor_wait_till_ready_with_timeout+0xb4/0x2f0
[   10.775555]  spi_nor_read+0x188/0x380
[   10.775560]  mtd_read_oob_std+0x78/0x84
[   10.775565]  mtd_read_oob+0x7c/0x134
[   10.775569]  mtd_read+0x48/0x7c
[   10.775575]  mtdblock_readsect+0x6c/0x150
[   10.775580]  mtd_queue_rq+0x2cc/0x5a0
[   10.775586]  blk_mq_dispatch_rq_list+0x110/0x790
[   10.775593]  __blk_mq_do_dispatch_sched+0x200/0x274
[   10.775598]  __blk_mq_sched_dispatch_requests+0x1a8/0x1fc
[   10.775604]  blk_mq_sched_dispatch_requests+0x3c/0x7c
[   10.775609]  __blk_mq_run_hw_queue+0x98/0x100
[   10.775614]  blk_mq_run_work_fn+0x24/0x30
[   10.775619]  process_one_work+0x1d4/0x380
[   10.775623]  worker_thread+0x78/0x4e0
[   10.775628]  kthread+0x124/0x130
[   10.775634]  ret_from_fork+0x10/0x3c
[   10.775637] ---[ end trace 11a3c15c423ec081 ]---
[   10.775646] zynqmp-qspi ff0f0000.spi: Cannot enable APB clock.
[   10.775695] spi_master spi0: Failed to power device: -108
[   10.775705] blk_update_request: I/O error, dev mtdblock0, sector 8 op 0x0:(READ) flags 0x80700 phys_seg 1 prio class 0
[   10.775826] spi_master spi0: Failed to power device: -22
[   10.775833] blk_update_request: I/O error, dev mtdblock0, sector 8 op 0x0:(READ) flags 0x0 phys_seg 8 prio class 0
[   10.775839] Buffer I/O error on dev mtdblock0, logical block 8, async page read
[   10.775849] spi_master spi0: Failed to power device: -22
[   10.775856] blk_update_request: I/O error, dev mtdblock0, sector 9 op 0x0:(READ) flags 0x0 phys_seg 7 prio class 0
[   10.775860] Buffer I/O error on dev mtdblock0, logical block 9, async page read
[   10.775867] spi_master spi0: Failed to power device: -22
[   10.775873] blk_update_request: I/O error, dev mtdblock0, sector 10 op 0x0:(READ) flags 0x0 phys_seg 6 prio class 0
[   10.775877] Buffer I/O error on dev mtdblock0, logical block 10, async page read
[   10.775884] spi_master spi0: Failed to power device: -22
[   10.775889] blk_update_request: I/O error, dev mtdblock0, sector 11 op 0x0:(READ) flags 0x0 phys_seg 5 prio class 0
[   10.775893] Buffer I/O error on dev mtdblock0, logical block 11, async page read
[   10.775907] spi_master spi0: Failed to power device: -22
[   10.775913] blk_update_request: I/O error, dev mtdblock0, sector 12 op 0x0:(READ) flags 0x0 phys_seg 4 prio class 0
[   10.775916] Buffer I/O error on dev mtdblock0, logical block 12, async page read
[   10.775923] spi_master spi0: Failed to power device: -22
[   10.775929] blk_update_request: I/O error, dev mtdblock0, sector 13 op 0x0:(READ) flags 0x0 phys_seg 3 prio class 0
[   10.775933] Buffer I/O error on dev mtdblock0, logical block 13, async page read
[   10.775939] spi_master spi0: Failed to power device: -22
[   10.775945] blk_update_request: I/O error, dev mtdblock0, sector 14 op 0x0:(READ) flags 0x0 phys_seg 2 prio class 0
[   10.775949] Buffer I/O error on dev mtdblock0, logical block 14, async page read
[   10.775956] spi_master spi0: Failed to power device: -22
[   10.775961] blk_update_request: I/O error, dev mtdblock0, sector 15 op 0x0:(READ) flags 0x0 phys_seg 1 prio class 0
[   10.775965] Buffer I/O error on dev mtdblock0, logical block 15, async page read
[   10.776303] spi_master spi0: Failed to power device: -22
[   10.776310] blk_update_request: I/O error, dev mtdblock1, sector 10112 op 0x0:(READ) flags 0x80700 phys_seg 1 prio class 0
[   10.776357] spi_master spi0: Failed to power device: -22
[   10.776363] Buffer I/O error on dev mtdblock1, logical block 10112, async page read
[   10.776371] spi_master spi0: Failed to power device: -22
[   10.776376] Buffer I/O error on dev mtdblock1, logical block 10113, async page read
[   10.776383] spi_master spi0: Failed to power device: -22
[   10.776390] spi_master spi0: Failed to power device: -22
[   10.776398] spi_master spi0: Failed to power device: -22
[   10.776405] spi_master spi0: Failed to power device: -22
[   10.776413] spi_master spi0: Failed to power device: -22
[   10.776420] spi_master spi0: Failed to power device: -22
[   10.776674] spi_master spi0: Failed to power device: -22
[   10.776718] spi_master spi0: Failed to power device: -22
[   10.776728] spi_master spi0: Failed to power device: -22
[   10.776736] spi_master spi0: Failed to power device: -22
[   10.776743] spi_master spi0: Failed to power device: -22
[   10.776750] spi_master spi0: Failed to power device: -22
[   10.776758] spi_master spi0: Failed to power device: -22
[   10.776765] spi_master spi0: Failed to power device: -22
[   10.776772] spi_master spi0: Failed to power device: -22
[   10.777076] spi_master spi0: Failed to power device: -22
[   10.777120] spi_master spi0: Failed to power device: -22
[   10.777129] spi_master spi0: Failed to power device: -22
[   10.777137] spi_master spi0: Failed to power device: -22
[   10.777144] spi_master spi0: Failed to power device: -22
[   10.777151] spi_master spi0: Failed to power device: -22
[   10.777159] spi_master spi0: Failed to power device: -22
[   10.777166] spi_master spi0: Failed to power device: -22
[   10.777173] spi_master spi0: Failed to power device: -22
[   10.900808] EXT4-fs (mmcblk0p2): re-mounted. Opts: (null)
[   10.995787] systemd-journald[166]: Received request to flush runtime journal from PID 1
[   16.970157] macb ff0e0000.ethernet eth0: PHY [ff0e0000.ethernet-ffffffff:0c] driver [TI DP83867] (irq=POLL)
[   16.970172] macb ff0e0000.ethernet eth0: configuring for phy/rgmii-id link mode
[   17.267910] Adding 78844k swap on /var/swap.  Priority:-2 extents:2 across:79412k SS
[   19.047758] random: crng init done
[   19.047770] random: 7 urandom warning(s) missed due to ratelimiting
[   19.830440] broken atomic modeset userspace detected, disabling atomic
[   21.057368] macb ff0e0000.ethernet eth0: Link is Up - 1Gbps/Full - flow control off
[   21.057394] IPv6: ADDRCONF(NETDEV_CHANGE): eth0: link becomes ready
[   22.496154] broken atomic modeset userspace detected, disabling atomic
[   25.389603] broken atomic modeset userspace detected, disabling atomic
[   28.020907] broken atomic modeset userspace detected, disabling atomic