[    0.000000] Booting Linux on physical CPU 0x0000000000 [0x410fd034]
[    0.000000] Linux version 5.10.0-98103-g2aa7ac113716 (jenkins@romlxbuild1.adlk.analog.com) (aarch64-xilinx-linux-gcc.real (GCC) 10.2.0, GNU ld (GNU Binutils) 2.35.0.20200730) #5577 SMP Wed Mar 23 07:28:49 GMT 2022
[    0.000000] Machine model: ZynqMP ZCU102 Rev1.0
[    0.000000] earlycon: cdns0 at MMIO 0x00000000ff000000 (options '115200n8')
[    0.000000] printk: bootconsole [cdns0] enabled
[    0.000000] efi: UEFI not found.
[    0.000000] cma: Reserved 256 MiB at 0x0000000070000000
[    0.000000] Zone ranges:
[    0.000000]   DMA      [mem 0x0000000000000000-0x000000003fffffff]
[    0.000000]   DMA32    [mem 0x0000000040000000-0x00000000ffffffff]
[    0.000000]   Normal   [mem 0x0000000100000000-0x000000087fffffff]
[    0.000000] Movable zone start for each node
[    0.000000] Early memory node ranges
[    0.000000]   node   0: [mem 0x0000000000000000-0x000000007fffffff]
[    0.000000]   node   0: [mem 0x0000000800000000-0x000000087fffffff]
[    0.000000] Initmem setup node 0 [mem 0x0000000000000000-0x000000087fffffff]
[    0.000000] On node 0 totalpages: 1048576
[    0.000000]   DMA zone: 3584 pages used for memmap
[    0.000000]   DMA zone: 0 pages reserved
[    0.000000]   DMA zone: 262144 pages, LIFO batch:63
[    0.000000]   DMA32 zone: 3584 pages used for memmap
[    0.000000]   DMA32 zone: 262144 pages, LIFO batch:63
[    0.000000]   Normal zone: 7168 pages used for memmap
[    0.000000]   Normal zone: 524288 pages, LIFO batch:63
[    0.000000] psci: probing for conduit method from DT.
[    0.000000] psci: PSCIv1.1 detected in firmware.
[    0.000000] psci: Using standard PSCI v0.2 function IDs
[    0.000000] psci: MIGRATE_INFO_TYPE not supported.
[    0.000000] psci: SMC Calling Convention v1.2
[    0.000000] percpu: Embedded 22 pages/cpu s49496 r8192 d32424 u90112
[    0.000000] pcpu-alloc: s49496 r8192 d32424 u90112 alloc=22*4096
[    0.000000] pcpu-alloc: [0] 0 [0] 1 [0] 2 [0] 3 
[    0.000000] Detected VIPT I-cache on CPU0
[    0.000000] CPU features: detected: ARM erratum 845719
[    0.000000] Built 1 zonelists, mobility grouping on.  Total pages: 1034240
[    0.000000] Kernel command line: console=ttyPS0,115200 root=/dev/mmcblk0p2 rw earlycon rootfstype=ext4 rootwait clk_ignore_unused cpuidle.off=1 root=/dev/mmcblk0p2 rw rootwait
[    0.000000] Dentry cache hash table entries: 524288 (order: 10, 4194304 bytes, linear)
[    0.000000] Inode-cache hash table entries: 262144 (order: 9, 2097152 bytes, linear)
[    0.000000] mem auto-init: stack:off, heap alloc:off, heap free:off
[    0.000000] software IO TLB: mapped [mem 0x000000003bfff000-0x000000003ffff000] (64MB)
[    0.000000] Memory: 3761904K/4194304K available (15296K kernel code, 1636K rwdata, 11876K rodata, 2560K init, 507K bss, 170256K reserved, 262144K cma-reserved)
[    0.000000] rcu: Hierarchical RCU implementation.
[    0.000000] rcu: 	RCU event tracing is enabled.
[    0.000000] rcu: 	RCU restricting CPUs from NR_CPUS=8 to nr_cpu_ids=4.
[    0.000000] rcu: RCU calculated value of scheduler-enlistment delay is 25 jiffies.
[    0.000000] rcu: Adjusting geometry for rcu_fanout_leaf=16, nr_cpu_ids=4
[    0.000000] NR_IRQS: 64, nr_irqs: 64, preallocated irqs: 0
[    0.000000] GIC: Adjusting CPU interface base to 0x00000000f902f000
[    0.000000] GIC: Using split EOI/Deactivate mode
[    0.000000] random: get_random_bytes called from start_kernel+0x31c/0x54c with crng_init=0
[    0.000000] arch_timer: cp15 timer(s) running at 100.00MHz (phys).
[    0.000000] clocksource: arch_sys_counter: mask: 0xffffffffffffff max_cycles: 0x171024e7e0, max_idle_ns: 440795205315 ns
[    0.000004] sched_clock: 56 bits at 100MHz, resolution 10ns, wraps every 4398046511100ns
[    0.008464] Console: colour dummy device 80x25
[    0.012483] Calibrating delay loop (skipped), value calculated using timer frequency.. 200.00 BogoMIPS (lpj=400000)
[    0.022841] pid_max: default: 32768 minimum: 301
[    0.027549] Mount-cache hash table entries: 8192 (order: 4, 65536 bytes, linear)
[    0.034789] Mountpoint-cache hash table entries: 8192 (order: 4, 65536 bytes, linear)
[    0.043391] rcu: Hierarchical SRCU implementation.
[    0.047558] EFI services will not be available.
[    0.051939] smp: Bringing up secondary CPUs ...
[    0.056657] Detected VIPT I-cache on CPU1
[    0.056696] CPU1: Booted secondary processor 0x0000000001 [0x410fd034]
[    0.057060] Detected VIPT I-cache on CPU2
[    0.057084] CPU2: Booted secondary processor 0x0000000002 [0x410fd034]
[    0.057423] Detected VIPT I-cache on CPU3
[    0.057446] CPU3: Booted secondary processor 0x0000000003 [0x410fd034]
[    0.057492] smp: Brought up 1 node, 4 CPUs
[    0.091780] SMP: Total of 4 processors activated.
[    0.096452] CPU features: detected: 32-bit EL0 Support
[    0.101556] CPU features: detected: CRC32 instructions
[    0.106695] CPU: All CPU(s) started at EL2
[    0.110736] alternatives: patching kernel code
[    0.116168] devtmpfs: initialized
[    0.124054] Registered cp15_barrier emulation handler
[    0.124105] Registered setend emulation handler
[    0.128083] clocksource: jiffies: mask: 0xffffffff max_cycles: 0xffffffff, max_idle_ns: 7645041785100000 ns
[    0.137662] futex hash table entries: 1024 (order: 4, 65536 bytes, linear)
[    0.151014] pinctrl core: initialized pinctrl subsystem
[    0.151661] NET: Registered protocol family 16
[    0.156083] DMA: preallocated 512 KiB GFP_KERNEL pool for atomic allocations
[    0.162099] DMA: preallocated 512 KiB GFP_KERNEL|GFP_DMA pool for atomic allocations
[    0.169824] DMA: preallocated 512 KiB GFP_KERNEL|GFP_DMA32 pool for atomic allocations
[    0.177628] audit: initializing netlink subsys (disabled)
[    0.183079] audit: type=2000 audit(0.116:1): state=initialized audit_enabled=0 res=1
[    0.183424] hw-breakpoint: found 6 breakpoint and 4 watchpoint registers.
[    0.197455] ASID allocator initialised with 65536 entries
[    0.224332] HugeTLB registered 1.00 GiB page size, pre-allocated 0 pages
[    0.225386] HugeTLB registered 32.0 MiB page size, pre-allocated 0 pages
[    0.232056] HugeTLB registered 2.00 MiB page size, pre-allocated 0 pages
[    0.238720] HugeTLB registered 64.0 KiB page size, pre-allocated 0 pages
[    1.304331] DRBG: Continuing without Jitter RNG
[    1.382117] raid6: neonx8   gen()  2143 MB/s
[    1.450163] raid6: neonx8   xor()  1597 MB/s
[    1.518217] raid6: neonx4   gen()  2197 MB/s
[    1.586273] raid6: neonx4   xor()  1567 MB/s
[    1.654331] raid6: neonx2   gen()  2075 MB/s
[    1.722389] raid6: neonx2   xor()  1440 MB/s
[    1.790456] raid6: neonx1   gen()  1772 MB/s
[    1.858497] raid6: neonx1   xor()  1220 MB/s
[    1.926556] raid6: int64x8  gen()  1438 MB/s
[    1.994612] raid6: int64x8  xor()   771 MB/s
[    2.062686] raid6: int64x4  gen()  1599 MB/s
[    2.130740] raid6: int64x4  xor()   810 MB/s
[    2.198798] raid6: int64x2  gen()  1397 MB/s
[    2.266847] raid6: int64x2  xor()   750 MB/s
[    2.334919] raid6: int64x1  gen()  1033 MB/s
[    2.402985] raid6: int64x1  xor()   517 MB/s
[    2.403024] raid6: using algorithm neonx4 gen() 2197 MB/s
[    2.406979] raid6: .... xor() 1567 MB/s, rmw enabled
[    2.411909] raid6: using neon recovery algorithm
[    2.416921] iommu: Default domain type: Translated 
[    2.421535] SCSI subsystem initialized
[    2.425078] libata version 3.00 loaded.
[    2.425203] usbcore: registered new interface driver usbfs
[    2.430535] usbcore: registered new interface driver hub
[    2.435808] usbcore: registered new device driver usb
[    2.440940] mc: Linux media interface: v0.10
[    2.445058] videodev: Linux video capture interface: v2.00
[    2.450549] EDAC MC: Ver: 3.0.0
[    2.453988] zynqmp-ipi-mbox mailbox@ff990400: Registered ZynqMP IPI mbox with TX/RX channels.
[    2.462504] jesd204: created con: id=0, topo=0, link=0, /axi/spi@ff050000/hmc7044@0 <-> /fpga-axi@0/axi-adxcvr-tx@84b60000
[    2.473077] jesd204: created con: id=1, topo=0, link=2, /axi/spi@ff050000/hmc7044@0 <-> /fpga-axi@0/axi-adxcvr-rx@84a60000
[    2.484062] jesd204: created con: id=2, topo=0, link=0, /fpga-axi@0/axi-adxcvr-tx@84b60000 <-> /fpga-axi@0/axi-jesd204-tx@84b90000
[    2.495737] jesd204: created con: id=3, topo=0, link=2, /fpga-axi@0/axi-adxcvr-rx@84a60000 <-> /fpga-axi@0/axi-jesd204-rx@84a90000
[    2.507414] jesd204: created con: id=4, topo=0, link=0, /fpga-axi@0/axi-jesd204-tx@84b90000 <-> /fpga-axi@0/axi-ad9081-tx-hpc@84b10000
[    2.519442] jesd204: created con: id=5, topo=0, link=2, /fpga-axi@0/axi-jesd204-rx@84a90000 <-> /fpga-axi@0/axi-ad9081-rx-hpc@84a10000
[    2.531465] jesd204: created con: id=6, topo=0, link=2, /fpga-axi@0/axi-ad9081-rx-hpc@84a10000 <-> /axi/spi@ff040000/ad9081@0
[    2.542706] jesd204: created con: id=7, topo=0, link=0, /fpga-axi@0/axi-ad9081-tx-hpc@84b10000 <-> /axi/spi@ff040000/ad9081@0
[    2.553955] jesd204: /axi/spi@ff040000/ad9081@0: JESD204[2] transition uninitialized -> initialized
[    2.562943] jesd204: /axi/spi@ff040000/ad9081@0: JESD204[0] transition uninitialized -> initialized
[    2.571934] jesd204: found 8 devices and 1 topologies
[    2.576978] FPGA manager framework
[    2.580457] Advanced Linux Sound Architecture Driver Initialized.
[    2.586750] Bluetooth: Core ver 2.22
[    2.589937] NET: Registered protocol family 31
[    2.594338] Bluetooth: HCI device and connection manager initialized
[    2.600655] Bluetooth: HCI socket layer initialized
[    2.605497] Bluetooth: L2CAP socket layer initialized
[    2.610521] Bluetooth: SCO socket layer initialized
[    2.615699] clocksource: Switched to clocksource arch_sys_counter
[    2.621513] VFS: Disk quotas dquot_6.6.0
[    2.625348] VFS: Dquot-cache hash table entries: 512 (order 0, 4096 bytes)
[    2.636068] NET: Registered protocol family 2
[    2.636793] tcp_listen_portaddr_hash hash table entries: 2048 (order: 3, 32768 bytes, linear)
[    2.644988] TCP established hash table entries: 32768 (order: 6, 262144 bytes, linear)
[    2.653013] TCP bind hash table entries: 32768 (order: 7, 524288 bytes, linear)
[    2.660458] TCP: Hash tables configured (established 32768 bind 32768)
[    2.666633] UDP hash table entries: 2048 (order: 4, 65536 bytes, linear)
[    2.673298] UDP-Lite hash table entries: 2048 (order: 4, 65536 bytes, linear)
[    2.680458] NET: Registered protocol family 1
[    2.684913] RPC: Registered named UNIX socket transport module.
[    2.690536] RPC: Registered udp transport module.
[    2.695200] RPC: Registered tcp transport module.
[    2.699870] RPC: Registered tcp NFSv4.1 backchannel transport module.
[    2.706862] PCI: CLS 0 bytes, default 64
[    2.710567] hw perfevents: no interrupt-affinity property for /pmu, guessing.
[    2.717423] hw perfevents: enabled with armv8_pmuv3 PMU driver, 7 counters available
[    2.725774] Initialise system trusted keyrings
[    2.729451] workingset: timestamp_bits=62 max_order=20 bucket_order=0
[    2.736349] NFS: Registering the id_resolver key type
[    2.740799] Key type id_resolver registered
[    2.744938] Key type id_legacy registered
[    2.748928] nfs4filelayout_init: NFSv4 File Layout Driver Registering...
[    2.755593] jffs2: version 2.2. (NAND) (SUMMARY)  Â© 2001-2006 Red Hat, Inc.
[    2.798061] NET: Registered protocol family 38
[    2.798104] xor: measuring software checksum speed
[    2.805795]    8regs           :  2363 MB/sec
[    2.809464]    32regs          :  2799 MB/sec
[    2.814407]    arm64_neon      :  2380 MB/sec
[    2.814597] xor: using function: 32regs (2799 MB/sec)
[    2.819623] Key type asymmetric registered
[    2.823684] Asymmetric key parser 'x509' registered
[    2.828544] Block layer SCSI generic (bsg) driver version 0.4 loaded (major 248)
[    2.835882] io scheduler mq-deadline registered
[    2.840378] io scheduler kyber registered
[    2.869782] Serial: 8250/16550 driver, 4 ports, IRQ sharing disabled
[    2.874427] cacheinfo: Unable to detect cache hierarchy for CPU 0
[    2.880753] brd: module loaded
[    2.884901] loop: module loaded
[    2.885445] Registered mathworks_ip class
[    2.888795] libphy: Fixed MDIO Bus: probed
[    2.891774] tun: Universal TUN/TAP device driver, 1.6
[    2.895833] CAN device driver interface
[    2.900374] usbcore: registered new interface driver asix
[    2.904964] usbcore: registered new interface driver ax88179_178a
[    2.910999] usbcore: registered new interface driver cdc_ether
[    2.916793] usbcore: registered new interface driver net1080
[    2.922419] usbcore: registered new interface driver cdc_subset
[    2.928300] usbcore: registered new interface driver zaurus
[    2.933843] usbcore: registered new interface driver cdc_ncm
[    2.940252] ehci_hcd: USB 2.0 'Enhanced' Host Controller (EHCI) Driver
[    2.945929] ehci-pci: EHCI PCI platform driver
[    2.950726] usbcore: registered new interface driver uas
[    2.955647] usbcore: registered new interface driver usb-storage
[    2.961634] usbcore: registered new interface driver usbserial_generic
[    2.968083] usbserial: USB Serial support registered for generic
[    2.974056] usbcore: registered new interface driver ftdi_sio
[    2.979760] usbserial: USB Serial support registered for FTDI USB Serial Device
[    2.987036] usbcore: registered new interface driver upd78f0730
[    2.992907] usbserial: USB Serial support registered for upd78f0730
[    3.000570] rtc_zynqmp ffa60000.rtc: registered as rtc0
[    3.004333] rtc_zynqmp ffa60000.rtc: setting system clock to 2022-03-26T03:31:52 UTC (1648265512)
[    3.013195] i2c /dev entries driver
[    3.018499] usbcore: registered new interface driver uvcvideo
[    3.022308] USB Video Class driver (1.1.1)
[    3.027887] Bluetooth: HCI UART driver ver 2.3
[    3.030779] Bluetooth: HCI UART protocol H4 registered
[    3.035888] Bluetooth: HCI UART protocol BCSP registered
[    3.041177] Bluetooth: HCI UART protocol LL registered
[    3.046266] Bluetooth: HCI UART protocol ATH3K registered
[    3.051641] Bluetooth: HCI UART protocol Three-wire (H5) registered
[    3.057896] Bluetooth: HCI UART protocol Intel registered
[    3.063232] Bluetooth: HCI UART protocol QCA registered
[    3.068435] usbcore: registered new interface driver bcm203x
[    3.074056] usbcore: registered new interface driver bpa10x
[    3.079590] usbcore: registered new interface driver bfusb
[    3.085041] usbcore: registered new interface driver btusb
[    3.090504] usbcore: registered new interface driver ath3k
[    3.095988] EDAC MC: ECC not enabled
[    3.099606] EDAC DEVICE0: Giving out device to module zynqmp-ocm-edac controller zynqmp_ocm: DEV ff960000.memory-controller (INTERRUPT)
[    3.111933] sdhci: Secure Digital Host Controller Interface driver
[    3.117715] sdhci: Copyright(c) Pierre Ossman
[    3.122040] sdhci-pltfm: SDHCI platform and OF driver helper
[    3.128099] ledtrig-cpu: registered to indicate activity on CPUs
[    3.133645] SMCCC: SOC_ID: ARCH_SOC_ID not implemented, skipping ....
[    3.140073] zynqmp_firmware_probe Platform Management API v1.1
[    3.145831] zynqmp_firmware_probe Trustzone version v1.0
[    3.185375] zynqmp-pinctrl firmware:zynqmp-firmware:pinctrl: zynqmp pinctrl initialized
[    3.233361] zynqmp-aes firmware:zynqmp-firmware:zynqmp-aes: will run requests pump with realtime priority
[    3.249186] alg: No test for xilinx-keccak-384 (zynqmp-keccak-384)
[    3.249894] alg: No test for xilinx-zynqmp-rsa (zynqmp-rsa)
[    3.255411] usbcore: registered new interface driver usbhid
[    3.260798] usbhid: USB HID core driver
[    3.272033] axi_sysid 85000000.axi-sysid-0: AXI System ID core version (1.01.a) found
[    3.274378] axi_sysid 85000000.axi-sysid-0: [ad9081_fmca_ebz] on [zcu102] git branch <master> git <084d44c9780640ca93fd847b1d9ec70dd65f5c67> clean [2022-03-18 04:17:50] UTC
[    3.290067] fpga_manager fpga0: Xilinx ZynqMP FPGA Manager registered
[    3.296432] usbcore: registered new interface driver snd-usb-audio
[    3.303867] pktgen: Packet Generator for packet performance testing. Version: 2.75
[    3.310041] Initializing XFRM netlink socket
[    3.313911] NET: Registered protocol family 10
[    3.318623] Segment Routing with IPv6
[    3.322010] sit: IPv6, IPv4 and MPLS over IPv4 tunneling driver
[    3.328075] NET: Registered protocol family 17
[    3.332178] NET: Registered protocol family 15
[    3.336676] can: controller area network core
[    3.340930] NET: Registered protocol family 29
[    3.345319] can: raw protocol
[    3.348256] can: broadcast manager protocol
[    3.352412] can: netlink gateway - max_hops=1
[    3.356806] Bluetooth: RFCOMM TTY layer initialized
[    3.361584] Bluetooth: RFCOMM socket layer initialized
[    3.366696] Bluetooth: RFCOMM ver 1.11
[    3.370403] Bluetooth: BNEP (Ethernet Emulation) ver 1.3
[    3.375676] Bluetooth: BNEP filters: protocol multicast
[    3.380868] Bluetooth: BNEP socket layer initialized
[    3.385796] Bluetooth: HIDP (Human Interface Emulation) ver 1.2
[    3.391681] Bluetooth: HIDP socket layer initialized
[    3.396733] 9pnet: Installing 9P2000 support
[    3.400857] NET: Registered protocol family 36
[    3.405273] Key type dns_resolver registered
[    3.409707] registered taskstats version 1
[    3.413569] Loading compiled-in X.509 certificates
[    3.418682] Btrfs loaded, crc32c=crc32c-generic
[    3.431074] ff000000.serial: ttyPS0 at MMIO 0xff000000 (irq = 49, base_baud = 6249999) is a xuartps
[    3.440096] printk: console [ttyPS0] enabled
[    3.444391] printk: bootconsole [cdns0] disabled
[    3.454017] ff010000.serial: ttyPS1 at MMIO 0xff010000 (irq = 50, base_baud = 6249999) is a xuartps
[    3.467263] of-fpga-region fpga-full: FPGA Region probed
[    3.474222] nwl-pcie fd0e0000.pcie: host bridge /axi/pcie@fd0e0000 ranges:
[    3.481120] nwl-pcie fd0e0000.pcie:      MEM 0x00e0000000..0x00efffffff -> 0x00e0000000
[    3.489129] nwl-pcie fd0e0000.pcie:      MEM 0x0600000000..0x07ffffffff -> 0x0600000000
[    3.497194] nwl-pcie fd0e0000.pcie: Link is DOWN
[    3.501950] nwl-pcie fd0e0000.pcie: PCI host bridge to bus 0000:00
[    3.508128] pci_bus 0000:00: root bus resource [bus 00-ff]
[    3.513609] pci_bus 0000:00: root bus resource [mem 0xe0000000-0xefffffff]
[    3.520479] pci_bus 0000:00: root bus resource [mem 0x600000000-0x7ffffffff pref]
[    3.527983] pci 0000:00:00.0: [10ee:d021] type 01 class 0x060400
[    3.534039] pci 0000:00:00.0: PME# supported from D0 D1 D2 D3hot
[    3.544480] pci 0000:00:00.0: PCI bridge to [bus 01-0c]
[    3.550458] xilinx-zynqmp-dma fd500000.dma: ZynqMP DMA driver Probe success
[    3.557637] xilinx-zynqmp-dma fd510000.dma: ZynqMP DMA driver Probe success
[    3.564814] xilinx-zynqmp-dma fd520000.dma: ZynqMP DMA driver Probe success
[    3.571980] xilinx-zynqmp-dma fd530000.dma: ZynqMP DMA driver Probe success
[    3.579146] xilinx-zynqmp-dma fd540000.dma: ZynqMP DMA driver Probe success
[    3.586317] xilinx-zynqmp-dma fd550000.dma: ZynqMP DMA driver Probe success
[    3.593487] xilinx-zynqmp-dma fd560000.dma: ZynqMP DMA driver Probe success
[    3.600657] xilinx-zynqmp-dma fd570000.dma: ZynqMP DMA driver Probe success
[    3.608066] xilinx-zynqmp-dpdma fd4c0000.dma-controller: Xilinx DPDMA engine is probed
[    3.616615] ahci-ceva fd0c0000.ahci: supply ahci not found, using dummy regulator
[    3.624153] ahci-ceva fd0c0000.ahci: supply phy not found, using dummy regulator
[    3.711881] hmc7044 spi2.0: PLL1: Acquisition, CLKIN0 @ 122880000 Hz, PFD: 80 kHz - PLL2: Locked @ 2430.000000 MHz
[    3.722596] jesd204: /axi/spi@ff050000/hmc7044@0,jesd204:1,parent=spi2.0: Using as SYSREF provider
[    3.732180] spi-nor spi0.0: SPI-NOR-UniqueID 100000235394732200270025081115266e
[    3.739485] spi-nor spi0.0: found n25q512a, expected m25p80
[    3.745690] spi-nor spi0.0: trying to lock already unlocked area
[    3.751699] spi-nor spi0.0: n25q512a (131072 Kbytes)
[    3.756679] 4 fixed-partitions partitions found on MTD device spi0.0
[    3.763027] Creating 4 MTD partitions on "spi0.0":
[    3.767813] 0x000000000000-0x000000100000 : "qspi-fsbl-uboot"
[    3.774304] 0x000000100000-0x000000600000 : "qspi-linux"
[    3.780255] 0x000000600000-0x000000620000 : "qspi-device-tree"
[    3.786733] 0x000000620000-0x000000c00000 : "qspi-rootfs"
[    3.795202] macb ff0e0000.ethernet: Not enabling partial store and forward
[    3.802729] libphy: MACB_mii_bus: probed
[    3.807785] macb ff0e0000.ethernet eth0: Cadence GEM rev 0x50070106 at 0xff0e0000 irq 30 (00:0a:35:04:8e:1b)
[    3.818004] xilinx-axipmon ffa00000.perf-monitor: Probed Xilinx APM
[    3.824582] xilinx-axipmon fd0b0000.perf-monitor: Probed Xilinx APM
[    3.831099] xilinx-axipmon fd490000.perf-monitor: Probed Xilinx APM
[    3.837643] xilinx-axipmon ffa10000.perf-monitor: Probed Xilinx APM
[    3.847647] pca953x 0-0020: supply vcc not found, using dummy regulator
[    3.854329] pca953x 0-0020: using no AI
[    3.858816] gpio-496 (sel0): hogged as output/low
[    3.863722] gpio-497 (sel1): hogged as output/high
[    3.868710] gpio-498 (sel2): hogged as output/high
[    3.873700] gpio-499 (sel3): hogged as output/high
[    3.878875] pca953x 0-0021: supply vcc not found, using dummy regulator
[    3.885548] pca953x 0-0021: using no AI
[    3.891310] ina2xx 2-0040: power monitor ina226 (Rshunt = 5000 uOhm)
[    3.898338] ina2xx 2-0041: power monitor ina226 (Rshunt = 5000 uOhm)
[    3.905377] ina2xx 2-0042: power monitor ina226 (Rshunt = 5000 uOhm)
[    3.912408] ina2xx 2-0043: power monitor ina226 (Rshunt = 5000 uOhm)
[    3.919431] ina2xx 2-0044: power monitor ina226 (Rshunt = 5000 uOhm)
[    3.926452] ina2xx 2-0045: power monitor ina226 (Rshunt = 5000 uOhm)
[    3.933480] ina2xx 2-0046: power monitor ina226 (Rshunt = 5000 uOhm)
[    3.940560] ina2xx 2-0047: power monitor ina226 (Rshunt = 5000 uOhm)
[    3.947587] ina2xx 2-004a: power monitor ina226 (Rshunt = 5000 uOhm)
[    3.954627] ina2xx 2-004b: power monitor ina226 (Rshunt = 5000 uOhm)
[    3.961036] i2c i2c-0: Added multiplexed i2c bus 2
[    3.966419] random: fast init done
[    3.969895] ina2xx 3-0040: power monitor ina226 (Rshunt = 2000 uOhm)
[    3.976921] ina2xx 3-0041: power monitor ina226 (Rshunt = 5000 uOhm)
[    3.983947] ina2xx 3-0042: power monitor ina226 (Rshunt = 5000 uOhm)
[    3.990981] ina2xx 3-0043: power monitor ina226 (Rshunt = 5000 uOhm)
[    3.998006] ina2xx 3-0044: power monitor ina226 (Rshunt = 5000 uOhm)
[    4.005032] ina2xx 3-0045: power monitor ina226 (Rshunt = 5000 uOhm)
[    4.012064] ina2xx 3-0046: power monitor ina226 (Rshunt = 5000 uOhm)
[    4.019095] ina2xx 3-0047: power monitor ina226 (Rshunt = 5000 uOhm)
[    4.025495] i2c i2c-0: Added multiplexed i2c bus 3
[    4.081245] i2c i2c-0: Added multiplexed i2c bus 4
[    4.086184] i2c i2c-0: Added multiplexed i2c bus 5
[    4.090972] pca954x 0-0075: registered 4 multiplexed busses for I2C mux pca9544
[    4.098322] cdns-i2c ff020000.i2c: 400 kHz mmio ff020000 irq 32
[    4.106049] at24 6-0054: supply vcc not found, using dummy regulator
[    4.112955] at24 6-0054: 1024 byte 24c08 EEPROM, writable, 1 bytes/write
[    4.119706] i2c i2c-1: Added multiplexed i2c bus 6
[    4.126133] si5341 7-0036: Chip: 5341 Grade: 1 Rev: 1
[    4.163861] i2c i2c-1: Added multiplexed i2c bus 7
[    4.171511] si570 8-005d: registered, current frequency 300000000 Hz
[    4.177918] i2c i2c-1: Added multiplexed i2c bus 8
[    4.197703] si570 9-005d: registered, current frequency 148500000 Hz
[    4.204104] i2c i2c-1: Added multiplexed i2c bus 9
[    4.209135] si5324 10-0069: si5328 probed
[    4.276057] si5324 10-0069: si5328 probe successful
[    4.280986] i2c i2c-1: Added multiplexed i2c bus 10
[    4.286013] i2c i2c-1: Added multiplexed i2c bus 11
[    4.291044] i2c i2c-1: Added multiplexed i2c bus 12
[    4.296070] i2c i2c-1: Added multiplexed i2c bus 13
[    4.300950] pca954x 1-0074: registered 8 multiplexed busses for I2C switch pca9548
[    4.309059] at24 14-0050: supply vcc not found, using dummy regulator
[    4.315845] at24 14-0050: 256 byte 24c02 EEPROM, writable, 1 bytes/write
[    4.322594] i2c i2c-1: Added multiplexed i2c bus 14
[    4.327633] i2c i2c-1: Added multiplexed i2c bus 15
[    4.332667] i2c i2c-1: Added multiplexed i2c bus 16
[    4.337704] i2c i2c-1: Added multiplexed i2c bus 17
[    4.342738] i2c i2c-1: Added multiplexed i2c bus 18
[    4.347787] i2c i2c-1: Added multiplexed i2c bus 19
[    4.352821] i2c i2c-1: Added multiplexed i2c bus 20
[    4.357858] i2c i2c-1: Added multiplexed i2c bus 21
[    4.362734] pca954x 1-0075: registered 8 multiplexed busses for I2C switch pca9548
[    4.370343] cdns-i2c ff030000.i2c: 400 kHz mmio ff030000 irq 33
[    4.380086] cdns-wdt fd4d0000.watchdog: Xilinx Watchdog Timer with timeout 60s
[    4.391032] axi_adxcvr 84a60000.axi-adxcvr-rx: AXI-ADXCVR-RX (17.05.a) using CPLL on GTH4 at 0x84A60000. Number of lanes: 4.
[    4.403202] axi_adxcvr 84b60000.axi-adxcvr-tx: AXI-ADXCVR-TX (17.05.a) using QPLL on GTH4 at 0x84B60000. Number of lanes: 4.
[    4.414822] axi-jesd204-rx 84a90000.axi-jesd204-rx: AXI-JESD204-RX (1.07.a) at 0x84A90000. Encoder 8b10b, width 4/4, lanes 4, jesd204-fsm.
[    4.422109] mmc0: SDHCI controller on ff170000.mmc [ff170000.mmc] using ADMA 64-bit
[    4.427670] axi-jesd204-tx 84b90000.axi-jesd204-tx: AXI-JESD204-TX (1.06.a) at 0x84B90000. Encoder 8b10b, width 4/4, lanes 4, jesd204-fsm.
[    4.448398] zynqmp-display fd4a0000.display: vtc bridge property not present
[    4.458060] xilinx-dp-snd-codec fd4a0000.display:zynqmp_dp_snd_codec0: Failed to get required clock freq
[    4.467565] xilinx-dp-snd-codec: probe of fd4a0000.display:zynqmp_dp_snd_codec0 failed with error -22
[    4.469487] mmc0: new high speed SDHC card at address 0001
[    4.477103] xilinx-dp-snd-pcm zynqmp_dp_snd_pcm0: Xilinx DisplayPort Sound PCM probed
[    4.482617] mmcblk0: mmc0:0001 EB1QT 29.8 GiB 
[    4.490423] xilinx-dp-snd-pcm zynqmp_dp_snd_pcm1: Xilinx DisplayPort Sound PCM probed
[    4.495791]  mmcblk0: p1 p2 p3
[    4.502721] OF: graph: no port node found in /axi/display@fd4a0000
[    4.511789] xlnx-drm xlnx-drm.0: bound fd4a0000.display (ops 0xffffffc010fcbdb8)
[    5.595721] zynqmp-display fd4a0000.display: [drm] Cannot find any crtc or sizes
[    5.603335] [drm] Initialized xlnx 1.0.0 20130509 for fd4a0000.display on minor 0
[    5.610824] zynqmp-display fd4a0000.display: ZynqMP DisplayPort Subsystem driver probed
[    5.619148] ahci-ceva fd0c0000.ahci: supply ahci not found, using dummy regulator
[    5.626695] ahci-ceva fd0c0000.ahci: supply phy not found, using dummy regulator
[    5.634146] ahci-ceva fd0c0000.ahci: supply target not found, using dummy regulator
[    5.652044] ahci-ceva fd0c0000.ahci: AHCI 0001.0301 32 slots 2 ports 6 Gbps 0x3 impl platform mode
[    5.661004] ahci-ceva fd0c0000.ahci: flags: 64bit ncq sntf pm clo only pmp fbs pio slum part ccc sds apst 
[    5.671630] scsi host0: ahci-ceva
[    5.675230] scsi host1: ahci-ceva
[    5.678655] ata1: SATA max UDMA/133 mmio [mem 0xfd0c0000-0xfd0c1fff] port 0x100 irq 45
[    5.686570] ata2: SATA max UDMA/133 mmio [mem 0xfd0c0000-0xfd0c1fff] port 0x180 irq 45
[    5.695170] ad9081 spi1.0: supply vdd not found, using dummy regulator
[    6.005919] ata1: SATA link down (SStatus 0 SControl 330)
[    6.011341] ata2: SATA link down (SStatus 0 SControl 330)
[    6.679724] zynqmp-display fd4a0000.display: [drm] Cannot find any crtc or sizes
[    6.901377] ad9081 spi1.0: Invalid param passed., "ref_clk_hz < 100000000ULL" in adi_ad9081_device_clk_config_set(...), line554 in drivers/iio/adc/ad9081/adi_ad9081_device.c
[    7.606384] ad9081 spi1.0: AD9081 Rev. 2 Grade 10 (API 1.2.2) probed
[    7.613575] xhci-hcd xhci-hcd.1.auto: xHCI Host Controller
[    7.619070] xhci-hcd xhci-hcd.1.auto: new USB bus registered, assigned bus number 1
[    7.626818] xhci-hcd xhci-hcd.1.auto: hcc params 0x0238f625 hci version 0x100 quirks 0x0000000002010810
[    7.636234] xhci-hcd xhci-hcd.1.auto: irq 59, io mem 0xfe200000
[    7.642344] usb usb1: New USB device found, idVendor=1d6b, idProduct=0002, bcdDevice= 5.10
[    7.650608] usb usb1: New USB device strings: Mfr=3, Product=2, SerialNumber=1
[    7.657822] usb usb1: Product: xHCI Host Controller
[    7.662690] usb usb1: Manufacturer: Linux 5.10.0-98103-g2aa7ac113716 xhci-hcd
[    7.669817] usb usb1: SerialNumber: xhci-hcd.1.auto
[    7.674982] hub 1-0:1.0: USB hub found
[    7.678743] hub 1-0:1.0: 1 port detected
[    7.682841] xhci-hcd xhci-hcd.1.auto: xHCI Host Controller
[    7.688329] xhci-hcd xhci-hcd.1.auto: new USB bus registered, assigned bus number 2
[    7.695985] xhci-hcd xhci-hcd.1.auto: Host supports USB 3.0 SuperSpeed
[    7.702606] usb usb2: New USB device found, idVendor=1d6b, idProduct=0003, bcdDevice= 5.10
[    7.710869] usb usb2: New USB device strings: Mfr=3, Product=2, SerialNumber=1
[    7.718089] usb usb2: Product: xHCI Host Controller
[    7.722956] usb usb2: Manufacturer: Linux 5.10.0-98103-g2aa7ac113716 xhci-hcd
[    7.730082] usb usb2: SerialNumber: xhci-hcd.1.auto
[    7.735192] hub 2-0:1.0: USB hub found
[    7.738953] hub 2-0:1.0: 1 port detected
[    7.769026] cf_axi_adc 84a10000.axi-ad9081-rx-hpc: ADI AIM (10.01.b) at 0x84A10000 mapped to 0x(____ptrval____), probed ADC AD9081 as MASTER
[    7.800545] cf_axi_dds 84b10000.axi-ad9081-tx-hpc: Analog Devices CF_AXI_DDS_DDS MASTER (9.01.b) at 0x84B10000 mapped to 0x(____ptrval____), probed DDS AD9081
[    7.814746] jesd204: /axi/spi@ff040000/ad9081@0,jesd204:0,parent=spi1.0: JESD204[2] transition initialized -> probed
[    7.825266] jesd204: /axi/spi@ff040000/ad9081@0,jesd204:0,parent=spi1.0: JESD204[0] transition initialized -> probed
[    7.835791] jesd204: /axi/spi@ff040000/ad9081@0,jesd204:0,parent=spi1.0: JESD204[2] transition probed -> idle
[    7.845707] jesd204: /axi/spi@ff040000/ad9081@0,jesd204:0,parent=spi1.0: JESD204[0] transition probed -> idle
[    7.855622] jesd204: /axi/spi@ff040000/ad9081@0,jesd204:0,parent=spi1.0: JESD204[2] transition idle -> device_init
[    7.865964] jesd204: /axi/spi@ff040000/ad9081@0,jesd204:0,parent=spi1.0: JESD204[0] transition idle -> device_init
[    7.876319] jesd204: /axi/spi@ff040000/ad9081@0,jesd204:0,parent=spi1.0: JESD204[2] transition device_init -> link_init
[    7.887101] jesd204: /axi/spi@ff040000/ad9081@0,jesd204:0,parent=spi1.0: JESD204[0] transition device_init -> link_init
[    7.897893] jesd204: /axi/spi@ff040000/ad9081@0,jesd204:0,parent=spi1.0: JESD204[2] transition link_init -> link_supported
[    7.908937] jesd204: /axi/spi@ff040000/ad9081@0,jesd204:0,parent=spi1.0: JESD204[0] transition link_init -> link_supported
[    7.920481] hmc7044 spi2.0: hmc7044_jesd204_link_pre_setup: Link2 forcing continuous SYSREF mode
[    7.929419] axi-jesd204-rx 84a90000.axi-jesd204-rx: axi_jesd204_rx_jesd204_link_pre_setup: Link2 set lane rate 16200000 kHz failed (-22)
[    7.941675] jesd204: /fpga-axi@0/axi-jesd204-rx@84a90000,jesd204:4,parent=84a90000.axi-jesd204-rx: JESD204[2] In link_pre_setup got error from cb: -22
[    7.955145] jesd204: /axi/spi@ff040000/ad9081@0,jesd204:0,parent=spi1.0: Rolling back from 'link_supported', got error -22
[    7.966188] jesd204: /axi/spi@ff040000/ad9081@0,jesd204:0,parent=spi1.0: JESD204[0] transition link_supported -> link_pre_setup
[    7.977659] jesd204: /axi/spi@ff040000/ad9081@0,jesd204:0,parent=spi1.0: JESD204[2] transition link_supported -> link_pre_setup
[    7.989136] jesd204: /axi/spi@ff040000/ad9081@0,jesd204:0,parent=spi1.0: JESD204[0] transition link_pre_setup -> link_supported
[    8.000609] jesd204: /axi/spi@ff040000/ad9081@0,jesd204:0,parent=spi1.0: JESD204[2] transition link_pre_setup -> link_supported
[    8.012086] jesd204: /axi/spi@ff040000/ad9081@0,jesd204:0,parent=spi1.0: JESD204[0] transition link_supported -> link_init
[    8.023124] jesd204: /axi/spi@ff040000/ad9081@0,jesd204:0,parent=spi1.0: JESD204[2] transition link_supported -> link_init
[    8.034176] jesd204: /axi/spi@ff040000/ad9081@0,jesd204:0,parent=spi1.0: JESD204[0] transition link_init -> device_init
[    8.044959] jesd204: /axi/spi@ff040000/ad9081@0,jesd204:0,parent=spi1.0: JESD204[2] transition link_init -> device_init
[    8.055739] jesd204: /axi/spi@ff040000/ad9081@0,jesd204:0,parent=spi1.0: JESD204[0] transition device_init -> idle
[    8.066082] jesd204: /axi/spi@ff040000/ad9081@0,jesd204:0,parent=spi1.0: JESD204[2] transition device_init -> idle
[    8.076433] jesd204: /axi/spi@ff040000/ad9081@0,jesd204:0,parent=spi1.0: JESD204[2] transition idle -> idle
[    8.086168] jesd204: /axi/spi@ff040000/ad9081@0,jesd204:0,parent=spi1.0: JESD204[0] transition idle -> idle
[    8.095908] jesd204: /axi/spi@ff040000/ad9081@0,jesd204:0,parent=spi1.0: JESD204[2] transition idle -> device_init
[    8.106253] jesd204: /axi/spi@ff040000/ad9081@0,jesd204:0,parent=spi1.0: JESD204[0] transition idle -> device_init
[    8.116606] jesd204: /axi/spi@ff040000/ad9081@0,jesd204:0,parent=spi1.0: JESD204[2] transition device_init -> link_init
[    8.127380] jesd204: /axi/spi@ff040000/ad9081@0,jesd204:0,parent=spi1.0: JESD204[0] transition device_init -> link_init
[    8.138169] jesd204: /axi/spi@ff040000/ad9081@0,jesd204:0,parent=spi1.0: JESD204[2] transition link_init -> link_supported
[    8.149211] jesd204: /axi/spi@ff040000/ad9081@0,jesd204:0,parent=spi1.0: JESD204[0] transition link_init -> link_supported
[    8.160399] axi-jesd204-rx 84a90000.axi-jesd204-rx: axi_jesd204_rx_jesd204_link_pre_setup: Link2 set lane rate 16200000 kHz failed (-22)
[    8.172660] jesd204: /fpga-axi@0/axi-jesd204-rx@84a90000,jesd204:4,parent=84a90000.axi-jesd204-rx: JESD204[2] In link_pre_setup got error from cb: -22
[    8.186128] jesd204: /axi/spi@ff040000/ad9081@0,jesd204:0,parent=spi1.0: Rolling back from 'link_supported', got error -22
[    8.197169] jesd204: /axi/spi@ff040000/ad9081@0,jesd204:0,parent=spi1.0: JESD204[0] transition link_supported -> link_pre_setup
[    8.208642] jesd204: /axi/spi@ff040000/ad9081@0,jesd204:0,parent=spi1.0: JESD204[2] transition link_supported -> link_pre_setup
[    8.220121] jesd204: /axi/spi@ff040000/ad9081@0,jesd204:0,parent=spi1.0: JESD204[0] transition link_pre_setup -> link_supported
[    8.231592] jesd204: /axi/spi@ff040000/ad9081@0,jesd204:0,parent=spi1.0: JESD204[2] transition link_pre_setup -> link_supported
[    8.243069] jesd204: /axi/spi@ff040000/ad9081@0,jesd204:0,parent=spi1.0: JESD204[0] transition link_supported -> link_init
[    8.254107] jesd204: /axi/spi@ff040000/ad9081@0,jesd204:0,parent=spi1.0: JESD204[2] transition link_supported -> link_init
[    8.265155] jesd204: /axi/spi@ff040000/ad9081@0,jesd204:0,parent=spi1.0: JESD204[0] transition link_init -> device_init
[    8.275930] jesd204: /axi/spi@ff040000/ad9081@0,jesd204:0,parent=spi1.0: JESD204[2] transition link_init -> device_init
[    8.286713] jesd204: /axi/spi@ff040000/ad9081@0,jesd204:0,parent=spi1.0: JESD204[0] transition device_init -> idle
[    8.297060] jesd204: /axi/spi@ff040000/ad9081@0,jesd204:0,parent=spi1.0: JESD204[2] transition device_init -> idle
[    8.307407] jesd204: /axi/spi@ff040000/ad9081@0,jesd204:0,parent=spi1.0: JESD204[2] transition idle -> idle
[    8.317142] jesd204: /axi/spi@ff040000/ad9081@0,jesd204:0,parent=spi1.0: JESD204[0] transition idle -> idle
[    8.326885] jesd204: /axi/spi@ff040000/ad9081@0,jesd204:0,parent=spi1.0: JESD204[2] transition idle -> device_init
[    8.337231] jesd204: /axi/spi@ff040000/ad9081@0,jesd204:0,parent=spi1.0: JESD204[0] transition idle -> device_init
[    8.347578] jesd204: /axi/spi@ff040000/ad9081@0,jesd204:0,parent=spi1.0: JESD204[2] transition device_init -> link_init
[    8.358355] jesd204: /axi/spi@ff040000/ad9081@0,jesd204:0,parent=spi1.0: JESD204[0] transition device_init -> link_init
[    8.369143] jesd204: /axi/spi@ff040000/ad9081@0,jesd204:0,parent=spi1.0: JESD204[2] transition link_init -> link_supported
[    8.380185] jesd204: /axi/spi@ff040000/ad9081@0,jesd204:0,parent=spi1.0: JESD204[0] transition link_init -> link_supported
[    8.391373] axi-jesd204-rx 84a90000.axi-jesd204-rx: axi_jesd204_rx_jesd204_link_pre_setup: Link2 set lane rate 16200000 kHz failed (-22)
[    8.403632] jesd204: /fpga-axi@0/axi-jesd204-rx@84a90000,jesd204:4,parent=84a90000.axi-jesd204-rx: JESD204[2] In link_pre_setup got error from cb: -22
[    8.417104] jesd204: /axi/spi@ff040000/ad9081@0,jesd204:0,parent=spi1.0: Rolling back from 'link_supported', got error -22
[    8.428150] jesd204: /axi/spi@ff040000/ad9081@0,jesd204:0,parent=spi1.0: JESD204[0] transition link_supported -> link_pre_setup
[    8.439626] jesd204: /axi/spi@ff040000/ad9081@0,jesd204:0,parent=spi1.0: JESD204[2] transition link_supported -> link_pre_setup
[    8.451103] jesd204: /axi/spi@ff040000/ad9081@0,jesd204:0,parent=spi1.0: JESD204[0] transition link_pre_setup -> link_supported
[    8.462576] jesd204: /axi/spi@ff040000/ad9081@0,jesd204:0,parent=spi1.0: JESD204[2] transition link_pre_setup -> link_supported
[    8.474054] jesd204: /axi/spi@ff040000/ad9081@0,jesd204:0,parent=spi1.0: JESD204[0] transition link_supported -> link_init
[    8.485091] jesd204: /axi/spi@ff040000/ad9081@0,jesd204:0,parent=spi1.0: JESD204[2] transition link_supported -> link_init
[    8.496138] jesd204: /axi/spi@ff040000/ad9081@0,jesd204:0,parent=spi1.0: JESD204[0] transition link_init -> device_init
[    8.506914] jesd204: /axi/spi@ff040000/ad9081@0,jesd204:0,parent=spi1.0: JESD204[2] transition link_init -> device_init
[    8.517697] jesd204: /axi/spi@ff040000/ad9081@0,jesd204:0,parent=spi1.0: JESD204[0] transition device_init -> idle
[    8.528040] jesd204: /axi/spi@ff040000/ad9081@0,jesd204:0,parent=spi1.0: JESD204[2] transition device_init -> idle
[    8.538391] jesd204: /axi/spi@ff040000/ad9081@0,jesd204:0,parent=spi1.0: JESD204[2] transition idle -> idle
[    8.548126] jesd204: /axi/spi@ff040000/ad9081@0,jesd204:0,parent=spi1.0: JESD204[0] transition idle -> idle
[    8.557871] jesd204: /axi/spi@ff040000/ad9081@0,jesd204:0,parent=spi1.0: JESD204[2] transition idle -> device_init
[    8.568220] jesd204: /axi/spi@ff040000/ad9081@0,jesd204:0,parent=spi1.0: JESD204[0] transition idle -> device_init
[    8.578570] jesd204: /axi/spi@ff040000/ad9081@0,jesd204:0,parent=spi1.0: JESD204[2] transition device_init -> link_init
[    8.589348] jesd204: /axi/spi@ff040000/ad9081@0,jesd204:0,parent=spi1.0: JESD204[0] transition device_init -> link_init
[    8.600136] jesd204: /axi/spi@ff040000/ad9081@0,jesd204:0,parent=spi1.0: JESD204[2] transition link_init -> link_supported
[    8.611178] jesd204: /axi/spi@ff040000/ad9081@0,jesd204:0,parent=spi1.0: JESD204[0] transition link_init -> link_supported
[    8.622365] axi-jesd204-rx 84a90000.axi-jesd204-rx: axi_jesd204_rx_jesd204_link_pre_setup: Link2 set lane rate 16200000 kHz failed (-22)
[    8.634624] jesd204: /fpga-axi@0/axi-jesd204-rx@84a90000,jesd204:4,parent=84a90000.axi-jesd204-rx: JESD204[2] In link_pre_setup got error from cb: -22
[    8.648095] jesd204: /axi/spi@ff040000/ad9081@0,jesd204:0,parent=spi1.0: Rolling back from 'link_supported', got error -22
[    8.659137] jesd204: /axi/spi@ff040000/ad9081@0,jesd204:0,parent=spi1.0: JESD204[0] transition link_supported -> link_pre_setup
[    8.670609] jesd204: /axi/spi@ff040000/ad9081@0,jesd204:0,parent=spi1.0: JESD204[2] transition link_supported -> link_pre_setup
[    8.682091] jesd204: /axi/spi@ff040000/ad9081@0,jesd204:0,parent=spi1.0: JESD204[0] transition link_pre_setup -> link_supported
[    8.693559] jesd204: /axi/spi@ff040000/ad9081@0,jesd204:0,parent=spi1.0: JESD204[2] transition link_pre_setup -> link_supported
[    8.705037] jesd204: /axi/spi@ff040000/ad9081@0,jesd204:0,parent=spi1.0: JESD204[0] transition link_supported -> link_init
[    8.716074] jesd204: /axi/spi@ff040000/ad9081@0,jesd204:0,parent=spi1.0: JESD204[2] transition link_supported -> link_init
[    8.727122] jesd204: /axi/spi@ff040000/ad9081@0,jesd204:0,parent=spi1.0: JESD204[0] transition link_init -> device_init
[    8.737897] jesd204: /axi/spi@ff040000/ad9081@0,jesd204:0,parent=spi1.0: JESD204[2] transition link_init -> device_init
[    8.748681] jesd204: /axi/spi@ff040000/ad9081@0,jesd204:0,parent=spi1.0: JESD204[0] transition device_init -> idle
[    8.759024] jesd204: /axi/spi@ff040000/ad9081@0,jesd204:0,parent=spi1.0: JESD204[2] transition device_init -> idle
[    8.769370] jesd204: /axi/spi@ff040000/ad9081@0,jesd204:0,parent=spi1.0: FSM completed with error -22
[    8.787812] input: gpio-keys as /devices/platform/gpio-keys/input/input0
[    8.794826] of_cfs_init
[    8.797284] of_cfs_init: OK
[    8.800223] cfg80211: Loading compiled-in X.509 certificates for regulatory database
[    8.938471] cfg80211: Loaded X.509 cert 'sforshee: 00b28ddf47aef9cea7'
[    8.945004] clk: Not disabling unused clocks
[    8.949532] ALSA device list:
[    8.952495]   No soundcards found.
[    8.956178] platform regulatory.0: Direct firmware load for regulatory.db failed with error -2
[    8.964791] cfg80211: failed to load regulatory.db
[    8.974603] EXT4-fs (mmcblk0p2): mounted filesystem with ordered data mode. Opts: (null)
[    8.982720] VFS: Mounted root (ext4 filesystem) on device 179:2.
[    8.996394] devtmpfs: mounted
[    9.000245] Freeing unused kernel memory: 2560K
[    9.023754] Run /sbin/init as init process
[    9.027842]   with arguments:
[    9.027845]     /sbin/init
[    9.027847]   with environment:
[    9.027850]     HOME=/
[    9.027852]     TERM=linux
[    9.607136] systemd[1]: systemd 241 running in system mode. (+PAM +AUDIT +SELINUX +IMA +APPARMOR +SMACK +SYSVINIT +UTMP +LIBCRYPTSETUP +GCRYPT +GNUTLS +ACL +XZ +LZ4 +SECCOMP +BLKID +ELFUTILS +KMOD -IDN2 +IDN -PCRE2 default-hierarchy=hybrid)
[    9.629015] systemd[1]: Detected architecture arm64.
[    9.652435] systemd[1]: Set hostname to <analog>.
[    9.852602] systemd[1]: File /lib/systemd/system/systemd-journald.service:12 configures an IP firewall (IPAddressDeny=any), but the local system does not support BPF/cgroup based firewalling.
[    9.869656] systemd[1]: Proceeding WITHOUT firewalling in effect! (This warning is only shown for the first loaded unit using IP firewalling.)
[   10.035572] systemd[1]: /etc/systemd/system/tof-server.service:1: Assignment outside of section. Ignoring.
[   10.045278] systemd[1]: /etc/systemd/system/tof-server.service:2: Assignment outside of section. Ignoring.
[   10.230807] random: systemd: uninitialized urandom read (16 bytes read)
[   10.245503] random: systemd: uninitialized urandom read (16 bytes read)
[   10.252642] systemd[1]: Listening on Journal Socket.
[   10.267846] systemd[1]: Condition check resulted in Kernel Module supporting RPCSEC_GSS being skipped.
[   10.277213] random: systemd: uninitialized urandom read (16 bytes read)
[   10.284406] systemd[1]: Created slice system-systemd\x2dfsck.slice.
[   11.053046] EXT4-fs (mmcblk0p2): re-mounted. Opts: (null)
[   11.236517] systemd-journald[161]: Received request to flush runtime journal from PID 1
[   16.688945] random: crng init done
[   16.688956] random: 7 urandom warning(s) missed due to ratelimiting
[   17.152255] macb ff0e0000.ethernet eth0: PHY [ff0e0000.ethernet-ffffffff:0c] driver [TI DP83867] (irq=POLL)
[   17.152268] macb ff0e0000.ethernet eth0: configuring for phy/rgmii-id link mode
[   17.411786] Adding 66556k swap on /var/swap.  Priority:-2 extents:2 across:3253180k SS
[   20.054854] broken atomic modeset userspace detected, disabling atomic
[   21.249345] macb ff0e0000.ethernet eth0: Link is Up - 1Gbps/Full - flow control off
[   21.249370] IPv6: ADDRCONF(NETDEV_CHANGE): eth0: link becomes ready
[   22.737491] broken atomic modeset userspace detected, disabling atomic
[   25.785918] broken atomic modeset userspace detected, disabling atomic
[   28.434240] broken atomic modeset userspace detected, disabling atomic