[    0.000000] Booting Linux on physical CPU 0x0000000000 [0x410fd034]
[    0.000000] Linux version 5.10.0-98103-g2aa7ac113716 (jenkins@romlxbuild1.adlk.analog.com) (aarch64-xilinx-linux-gcc.real (GCC) 10.2.0, GNU ld (GNU Binutils) 2.35.0.20200730) #5577 SMP Wed Mar 23 07:28:49 GMT 2022
[    0.000000] Machine model: ZynqMP ZCU102 Rev1.0
[    0.000000] earlycon: cdns0 at MMIO 0x00000000ff000000 (options '115200n8')
[    0.000000] printk: bootconsole [cdns0] enabled
[    0.000000] efi: UEFI not found.
[    0.000000] cma: Reserved 256 MiB at 0x0000000070000000
[    0.000000] Zone ranges:
[    0.000000]   DMA      [mem 0x0000000000000000-0x000000003fffffff]
[    0.000000]   DMA32    [mem 0x0000000040000000-0x00000000ffffffff]
[    0.000000]   Normal   [mem 0x0000000100000000-0x000000087fffffff]
[    0.000000] Movable zone start for each node
[    0.000000] Early memory node ranges
[    0.000000]   node   0: [mem 0x0000000000000000-0x000000007fffffff]
[    0.000000]   node   0: [mem 0x0000000800000000-0x000000087fffffff]
[    0.000000] Initmem setup node 0 [mem 0x0000000000000000-0x000000087fffffff]
[    0.000000] On node 0 totalpages: 1048576
[    0.000000]   DMA zone: 3584 pages used for memmap
[    0.000000]   DMA zone: 0 pages reserved
[    0.000000]   DMA zone: 262144 pages, LIFO batch:63
[    0.000000]   DMA32 zone: 3584 pages used for memmap
[    0.000000]   DMA32 zone: 262144 pages, LIFO batch:63
[    0.000000]   Normal zone: 7168 pages used for memmap
[    0.000000]   Normal zone: 524288 pages, LIFO batch:63
[    0.000000] psci: probing for conduit method from DT.
[    0.000000] psci: PSCIv1.1 detected in firmware.
[    0.000000] psci: Using standard PSCI v0.2 function IDs
[    0.000000] psci: MIGRATE_INFO_TYPE not supported.
[    0.000000] psci: SMC Calling Convention v1.2
[    0.000000] percpu: Embedded 22 pages/cpu s49496 r8192 d32424 u90112
[    0.000000] pcpu-alloc: s49496 r8192 d32424 u90112 alloc=22*4096
[    0.000000] pcpu-alloc: [0] 0 [0] 1 [0] 2 [0] 3 
[    0.000000] Detected VIPT I-cache on CPU0
[    0.000000] CPU features: detected: ARM erratum 845719
[    0.000000] Built 1 zonelists, mobility grouping on.  Total pages: 1034240
[    0.000000] Kernel command line: console=ttyPS0,115200 root=/dev/mmcblk0p2 rw earlycon rootfstype=ext4 rootwait clk_ignore_unused cpuidle.off=1 root=/dev/mmcblk0p2 rw rootwait
[    0.000000] Dentry cache hash table entries: 524288 (order: 10, 4194304 bytes, linear)
[    0.000000] Inode-cache hash table entries: 262144 (order: 9, 2097152 bytes, linear)
[    0.000000] mem auto-init: stack:off, heap alloc:off, heap free:off
[    0.000000] software IO TLB: mapped [mem 0x000000003bfff000-0x000000003ffff000] (64MB)
[    0.000000] Memory: 3761904K/4194304K available (15296K kernel code, 1636K rwdata, 11876K rodata, 2560K init, 507K bss, 170256K reserved, 262144K cma-reserved)
[    0.000000] rcu: Hierarchical RCU implementation.
[    0.000000] rcu: 	RCU event tracing is enabled.
[    0.000000] rcu: 	RCU restricting CPUs from NR_CPUS=8 to nr_cpu_ids=4.
[    0.000000] rcu: RCU calculated value of scheduler-enlistment delay is 25 jiffies.
[    0.000000] rcu: Adjusting geometry for rcu_fanout_leaf=16, nr_cpu_ids=4
[    0.000000] NR_IRQS: 64, nr_irqs: 64, preallocated irqs: 0
[    0.000000] GIC: Adjusting CPU interface base to 0x00000000f902f000
[    0.000000] GIC: Using split EOI/Deactivate mode
[    0.000000] random: get_random_bytes called from start_kernel+0x31c/0x54c with crng_init=0
[    0.000000] arch_timer: cp15 timer(s) running at 100.00MHz (phys).
[    0.000000] clocksource: arch_sys_counter: mask: 0xffffffffffffff max_cycles: 0x171024e7e0, max_idle_ns: 440795205315 ns
[    0.000003] sched_clock: 56 bits at 100MHz, resolution 10ns, wraps every 4398046511100ns
[    0.008464] Console: colour dummy device 80x25
[    0.012483] Calibrating delay loop (skipped), value calculated using timer frequency.. 200.00 BogoMIPS (lpj=400000)
[    0.022840] pid_max: default: 32768 minimum: 301
[    0.027550] Mount-cache hash table entries: 8192 (order: 4, 65536 bytes, linear)
[    0.034789] Mountpoint-cache hash table entries: 8192 (order: 4, 65536 bytes, linear)
[    0.043394] rcu: Hierarchical SRCU implementation.
[    0.047558] EFI services will not be available.
[    0.051938] smp: Bringing up secondary CPUs ...
[    0.056656] Detected VIPT I-cache on CPU1
[    0.056694] CPU1: Booted secondary processor 0x0000000001 [0x410fd034]
[    0.057059] Detected VIPT I-cache on CPU2
[    0.057084] CPU2: Booted secondary processor 0x0000000002 [0x410fd034]
[    0.057425] Detected VIPT I-cache on CPU3
[    0.057448] CPU3: Booted secondary processor 0x0000000003 [0x410fd034]
[    0.057494] smp: Brought up 1 node, 4 CPUs
[    0.091780] SMP: Total of 4 processors activated.
[    0.096452] CPU features: detected: 32-bit EL0 Support
[    0.101556] CPU features: detected: CRC32 instructions
[    0.106695] CPU: All CPU(s) started at EL2
[    0.110736] alternatives: patching kernel code
[    0.116168] devtmpfs: initialized
[    0.124066] Registered cp15_barrier emulation handler
[    0.124117] Registered setend emulation handler
[    0.128090] clocksource: jiffies: mask: 0xffffffff max_cycles: 0xffffffff, max_idle_ns: 7645041785100000 ns
[    0.137669] futex hash table entries: 1024 (order: 4, 65536 bytes, linear)
[    0.151024] pinctrl core: initialized pinctrl subsystem
[    0.151672] NET: Registered protocol family 16
[    0.156096] DMA: preallocated 512 KiB GFP_KERNEL pool for atomic allocations
[    0.162107] DMA: preallocated 512 KiB GFP_KERNEL|GFP_DMA pool for atomic allocations
[    0.169833] DMA: preallocated 512 KiB GFP_KERNEL|GFP_DMA32 pool for atomic allocations
[    0.177636] audit: initializing netlink subsys (disabled)
[    0.183088] audit: type=2000 audit(0.116:1): state=initialized audit_enabled=0 res=1
[    0.183434] hw-breakpoint: found 6 breakpoint and 4 watchpoint registers.
[    0.197463] ASID allocator initialised with 65536 entries
[    0.224361] HugeTLB registered 1.00 GiB page size, pre-allocated 0 pages
[    0.225420] HugeTLB registered 32.0 MiB page size, pre-allocated 0 pages
[    0.232091] HugeTLB registered 2.00 MiB page size, pre-allocated 0 pages
[    0.238754] HugeTLB registered 64.0 KiB page size, pre-allocated 0 pages
[    1.304268] DRBG: Continuing without Jitter RNG
[    1.382149] raid6: neonx8   gen()  2135 MB/s
[    1.450197] raid6: neonx8   xor()  1599 MB/s
[    1.518257] raid6: neonx4   gen()  2197 MB/s
[    1.586300] raid6: neonx4   xor()  1564 MB/s
[    1.654370] raid6: neonx2   gen()  2076 MB/s
[    1.722420] raid6: neonx2   xor()  1437 MB/s
[    1.790489] raid6: neonx1   gen()  1772 MB/s
[    1.858527] raid6: neonx1   xor()  1220 MB/s
[    1.926589] raid6: int64x8  gen()  1438 MB/s
[    1.994642] raid6: int64x8  xor()   771 MB/s
[    2.062711] raid6: int64x4  gen()  1599 MB/s
[    2.130758] raid6: int64x4  xor()   819 MB/s
[    2.198840] raid6: int64x2  gen()  1397 MB/s
[    2.266877] raid6: int64x2  xor()   750 MB/s
[    2.334963] raid6: int64x1  gen()  1034 MB/s
[    2.403016] raid6: int64x1  xor()   517 MB/s
[    2.403054] raid6: using algorithm neonx4 gen() 2197 MB/s
[    2.407013] raid6: .... xor() 1564 MB/s, rmw enabled
[    2.411943] raid6: using neon recovery algorithm
[    2.416952] iommu: Default domain type: Translated 
[    2.421567] SCSI subsystem initialized
[    2.425112] libata version 3.00 loaded.
[    2.425236] usbcore: registered new interface driver usbfs
[    2.430569] usbcore: registered new interface driver hub
[    2.435843] usbcore: registered new device driver usb
[    2.440974] mc: Linux media interface: v0.10
[    2.445092] videodev: Linux video capture interface: v2.00
[    2.450582] EDAC MC: Ver: 3.0.0
[    2.454023] zynqmp-ipi-mbox mailbox@ff990400: Registered ZynqMP IPI mbox with TX/RX channels.
[    2.462541] jesd204: created con: id=0, topo=0, link=0, /axi/spi@ff050000/hmc7044@0 <-> /fpga-axi@0/axi-adxcvr-tx@84b60000
[    2.473112] jesd204: created con: id=1, topo=0, link=2, /axi/spi@ff050000/hmc7044@0 <-> /fpga-axi@0/axi-adxcvr-rx@84a60000
[    2.484096] jesd204: created con: id=2, topo=0, link=0, /fpga-axi@0/axi-adxcvr-tx@84b60000 <-> /fpga-axi@0/axi-jesd204-tx@84b90000
[    2.495771] jesd204: created con: id=3, topo=0, link=2, /fpga-axi@0/axi-adxcvr-rx@84a60000 <-> /fpga-axi@0/axi-jesd204-rx@84a90000
[    2.507448] jesd204: created con: id=4, topo=0, link=0, /fpga-axi@0/axi-jesd204-tx@84b90000 <-> /fpga-axi@0/axi-ad9081-tx-hpc@84b10000
[    2.519477] jesd204: created con: id=5, topo=0, link=2, /fpga-axi@0/axi-jesd204-rx@84a90000 <-> /fpga-axi@0/axi-ad9081-rx-hpc@84a10000
[    2.531499] jesd204: created con: id=6, topo=0, link=2, /fpga-axi@0/axi-ad9081-rx-hpc@84a10000 <-> /axi/spi@ff040000/ad9081@0
[    2.542741] jesd204: created con: id=7, topo=0, link=0, /fpga-axi@0/axi-ad9081-tx-hpc@84b10000 <-> /axi/spi@ff040000/ad9081@0
[    2.553991] jesd204: /axi/spi@ff040000/ad9081@0: JESD204[2] transition uninitialized -> initialized
[    2.562977] jesd204: /axi/spi@ff040000/ad9081@0: JESD204[0] transition uninitialized -> initialized
[    2.571969] jesd204: found 8 devices and 1 topologies
[    2.577012] FPGA manager framework
[    2.580490] Advanced Linux Sound Architecture Driver Initialized.
[    2.586785] Bluetooth: Core ver 2.22
[    2.589971] NET: Registered protocol family 31
[    2.594372] Bluetooth: HCI device and connection manager initialized
[    2.600689] Bluetooth: HCI socket layer initialized
[    2.605531] Bluetooth: L2CAP socket layer initialized
[    2.610555] Bluetooth: SCO socket layer initialized
[    2.615739] clocksource: Switched to clocksource arch_sys_counter
[    2.621548] VFS: Disk quotas dquot_6.6.0
[    2.625383] VFS: Dquot-cache hash table entries: 512 (order 0, 4096 bytes)
[    2.636106] NET: Registered protocol family 2
[    2.636826] tcp_listen_portaddr_hash hash table entries: 2048 (order: 3, 32768 bytes, linear)
[    2.645022] TCP established hash table entries: 32768 (order: 6, 262144 bytes, linear)
[    2.653048] TCP bind hash table entries: 32768 (order: 7, 524288 bytes, linear)
[    2.660493] TCP: Hash tables configured (established 32768 bind 32768)
[    2.666667] UDP hash table entries: 2048 (order: 4, 65536 bytes, linear)
[    2.673333] UDP-Lite hash table entries: 2048 (order: 4, 65536 bytes, linear)
[    2.680492] NET: Registered protocol family 1
[    2.684949] RPC: Registered named UNIX socket transport module.
[    2.690570] RPC: Registered udp transport module.
[    2.695234] RPC: Registered tcp transport module.
[    2.699904] RPC: Registered tcp NFSv4.1 backchannel transport module.
[    2.706894] PCI: CLS 0 bytes, default 64
[    2.710599] hw perfevents: no interrupt-affinity property for /pmu, guessing.
[    2.717454] hw perfevents: enabled with armv8_pmuv3 PMU driver, 7 counters available
[    2.725809] Initialise system trusted keyrings
[    2.729486] workingset: timestamp_bits=62 max_order=20 bucket_order=0
[    2.736383] NFS: Registering the id_resolver key type
[    2.740834] Key type id_resolver registered
[    2.744972] Key type id_legacy registered
[    2.748962] nfs4filelayout_init: NFSv4 File Layout Driver Registering...
[    2.755628] jffs2: version 2.2. (NAND) (SUMMARY)  Â© 2001-2006 Red Hat, Inc.
[    2.799158] NET: Registered protocol family 38
[    2.799201] xor: measuring software checksum speed
[    2.806894]    8regs           :  2363 MB/sec
[    2.810562]    32regs          :  2799 MB/sec
[    2.815505]    arm64_neon      :  2380 MB/sec
[    2.815695] xor: using function: 32regs (2799 MB/sec)
[    2.820721] Key type asymmetric registered
[    2.824782] Asymmetric key parser 'x509' registered
[    2.829643] Block layer SCSI generic (bsg) driver version 0.4 loaded (major 248)
[    2.836980] io scheduler mq-deadline registered
[    2.841476] io scheduler kyber registered
[    2.870863] Serial: 8250/16550 driver, 4 ports, IRQ sharing disabled
[    2.875499] cacheinfo: Unable to detect cache hierarchy for CPU 0
[    2.881836] brd: module loaded
[    2.885976] loop: module loaded
[    2.886524] Registered mathworks_ip class
[    2.889877] libphy: Fixed MDIO Bus: probed
[    2.892848] tun: Universal TUN/TAP device driver, 1.6
[    2.896916] CAN device driver interface
[    2.901450] usbcore: registered new interface driver asix
[    2.906050] usbcore: registered new interface driver ax88179_178a
[    2.912082] usbcore: registered new interface driver cdc_ether
[    2.917875] usbcore: registered new interface driver net1080
[    2.923500] usbcore: registered new interface driver cdc_subset
[    2.929381] usbcore: registered new interface driver zaurus
[    2.934924] usbcore: registered new interface driver cdc_ncm
[    2.941328] ehci_hcd: USB 2.0 'Enhanced' Host Controller (EHCI) Driver
[    2.947010] ehci-pci: EHCI PCI platform driver
[    2.951815] usbcore: registered new interface driver uas
[    2.956725] usbcore: registered new interface driver usb-storage
[    2.962714] usbcore: registered new interface driver usbserial_generic
[    2.969164] usbserial: USB Serial support registered for generic
[    2.975137] usbcore: registered new interface driver ftdi_sio
[    2.980840] usbserial: USB Serial support registered for FTDI USB Serial Device
[    2.988117] usbcore: registered new interface driver upd78f0730
[    2.993988] usbserial: USB Serial support registered for upd78f0730
[    3.001636] rtc_zynqmp ffa60000.rtc: registered as rtc0
[    3.005413] rtc_zynqmp ffa60000.rtc: setting system clock to 2022-03-26T01:42:31 UTC (1648258951)
[    3.014275] i2c /dev entries driver
[    3.019583] usbcore: registered new interface driver uvcvideo
[    3.023389] USB Video Class driver (1.1.1)
[    3.028967] Bluetooth: HCI UART driver ver 2.3
[    3.031871] Bluetooth: HCI UART protocol H4 registered
[    3.036969] Bluetooth: HCI UART protocol BCSP registered
[    3.042257] Bluetooth: HCI UART protocol LL registered
[    3.047348] Bluetooth: HCI UART protocol ATH3K registered
[    3.052722] Bluetooth: HCI UART protocol Three-wire (H5) registered
[    3.058975] Bluetooth: HCI UART protocol Intel registered
[    3.064313] Bluetooth: HCI UART protocol QCA registered
[    3.069517] usbcore: registered new interface driver bcm203x
[    3.075135] usbcore: registered new interface driver bpa10x
[    3.080675] usbcore: registered new interface driver bfusb
[    3.086124] usbcore: registered new interface driver btusb
[    3.091583] usbcore: registered new interface driver ath3k
[    3.097066] EDAC MC: ECC not enabled
[    3.100695] EDAC DEVICE0: Giving out device to module zynqmp-ocm-edac controller zynqmp_ocm: DEV ff960000.memory-controller (INTERRUPT)
[    3.113006] sdhci: Secure Digital Host Controller Interface driver
[    3.118798] sdhci: Copyright(c) Pierre Ossman
[    3.123120] sdhci-pltfm: SDHCI platform and OF driver helper
[    3.129171] ledtrig-cpu: registered to indicate activity on CPUs
[    3.134727] SMCCC: SOC_ID: ARCH_SOC_ID not implemented, skipping ....
[    3.141154] zynqmp_firmware_probe Platform Management API v1.1
[    3.146912] zynqmp_firmware_probe Trustzone version v1.0
[    3.186451] zynqmp-pinctrl firmware:zynqmp-firmware:pinctrl: zynqmp pinctrl initialized
[    3.234454] zynqmp-aes firmware:zynqmp-firmware:zynqmp-aes: will run requests pump with realtime priority
[    3.250290] alg: No test for xilinx-keccak-384 (zynqmp-keccak-384)
[    3.251002] alg: No test for xilinx-zynqmp-rsa (zynqmp-rsa)
[    3.256512] usbcore: registered new interface driver usbhid
[    3.261904] usbhid: USB HID core driver
[    3.273148] axi_sysid 85000000.axi-sysid-0: AXI System ID core version (1.01.a) found
[    3.275494] axi_sysid 85000000.axi-sysid-0: [ad9081_fmca_ebz] on [zcu102] git branch <master> git <084d44c9780640ca93fd847b1d9ec70dd65f5c67> clean [2022-03-18 04:17:50] UTC
[    3.291183] fpga_manager fpga0: Xilinx ZynqMP FPGA Manager registered
[    3.297536] usbcore: registered new interface driver snd-usb-audio
[    3.304986] pktgen: Packet Generator for packet performance testing. Version: 2.75
[    3.311170] Initializing XFRM netlink socket
[    3.315025] NET: Registered protocol family 10
[    3.319752] Segment Routing with IPv6
[    3.323115] sit: IPv6, IPv4 and MPLS over IPv4 tunneling driver
[    3.329196] NET: Registered protocol family 17
[    3.333298] NET: Registered protocol family 15
[    3.337793] can: controller area network core
[    3.342047] NET: Registered protocol family 29
[    3.346436] can: raw protocol
[    3.349372] can: broadcast manager protocol
[    3.353527] can: netlink gateway - max_hops=1
[    3.357920] Bluetooth: RFCOMM TTY layer initialized
[    3.362700] Bluetooth: RFCOMM socket layer initialized
[    3.367806] Bluetooth: RFCOMM ver 1.11
[    3.371514] Bluetooth: BNEP (Ethernet Emulation) ver 1.3
[    3.376795] Bluetooth: BNEP filters: protocol multicast
[    3.381984] Bluetooth: BNEP socket layer initialized
[    3.386911] Bluetooth: HIDP (Human Interface Emulation) ver 1.2
[    3.392795] Bluetooth: HIDP socket layer initialized
[    3.397855] 9pnet: Installing 9P2000 support
[    3.401973] NET: Registered protocol family 36
[    3.406389] Key type dns_resolver registered
[    3.410817] registered taskstats version 1
[    3.414685] Loading compiled-in X.509 certificates
[    3.419806] Btrfs loaded, crc32c=crc32c-generic
[    3.432199] ff000000.serial: ttyPS0 at MMIO 0xff000000 (irq = 49, base_baud = 6249999) is a xuartps
[    3.441219] printk: console [ttyPS0] enabled
[    3.445513] printk: bootconsole [cdns0] disabled
[    3.455142] ff010000.serial: ttyPS1 at MMIO 0xff010000 (irq = 50, base_baud = 6249999) is a xuartps
[    3.468394] of-fpga-region fpga-full: FPGA Region probed
[    3.475352] nwl-pcie fd0e0000.pcie: host bridge /axi/pcie@fd0e0000 ranges:
[    3.482244] nwl-pcie fd0e0000.pcie:      MEM 0x00e0000000..0x00efffffff -> 0x00e0000000
[    3.490246] nwl-pcie fd0e0000.pcie:      MEM 0x0600000000..0x07ffffffff -> 0x0600000000
[    3.498308] nwl-pcie fd0e0000.pcie: Link is DOWN
[    3.503070] nwl-pcie fd0e0000.pcie: PCI host bridge to bus 0000:00
[    3.509253] pci_bus 0000:00: root bus resource [bus 00-ff]
[    3.514733] pci_bus 0000:00: root bus resource [mem 0xe0000000-0xefffffff]
[    3.521598] pci_bus 0000:00: root bus resource [mem 0x600000000-0x7ffffffff pref]
[    3.529101] pci 0000:00:00.0: [10ee:d021] type 01 class 0x060400
[    3.535163] pci 0000:00:00.0: PME# supported from D0 D1 D2 D3hot
[    3.545611] pci 0000:00:00.0: PCI bridge to [bus 01-0c]
[    3.551588] xilinx-zynqmp-dma fd500000.dma: ZynqMP DMA driver Probe success
[    3.558760] xilinx-zynqmp-dma fd510000.dma: ZynqMP DMA driver Probe success
[    3.565937] xilinx-zynqmp-dma fd520000.dma: ZynqMP DMA driver Probe success
[    3.573105] xilinx-zynqmp-dma fd530000.dma: ZynqMP DMA driver Probe success
[    3.580272] xilinx-zynqmp-dma fd540000.dma: ZynqMP DMA driver Probe success
[    3.587439] xilinx-zynqmp-dma fd550000.dma: ZynqMP DMA driver Probe success
[    3.594611] xilinx-zynqmp-dma fd560000.dma: ZynqMP DMA driver Probe success
[    3.601779] xilinx-zynqmp-dma fd570000.dma: ZynqMP DMA driver Probe success
[    3.609175] xilinx-zynqmp-dpdma fd4c0000.dma-controller: Xilinx DPDMA engine is probed
[    3.617726] ahci-ceva fd0c0000.ahci: supply ahci not found, using dummy regulator
[    3.625272] ahci-ceva fd0c0000.ahci: supply phy not found, using dummy regulator
[    3.715909] hmc7044 spi2.0: PLL1: Acquisition, CLKIN0 @ 122880000 Hz, PFD: 80 kHz - PLL2: Locked @ 2790.000000 MHz
[    3.726627] jesd204: /axi/spi@ff050000/hmc7044@0,jesd204:1,parent=spi2.0: Using as SYSREF provider
[    3.736213] spi-nor spi0.0: SPI-NOR-UniqueID 100000235394732200270025081115266e
[    3.743516] spi-nor spi0.0: found n25q512a, expected m25p80
[    3.749724] spi-nor spi0.0: trying to lock already unlocked area
[    3.755732] spi-nor spi0.0: n25q512a (131072 Kbytes)
[    3.760711] 4 fixed-partitions partitions found on MTD device spi0.0
[    3.767058] Creating 4 MTD partitions on "spi0.0":
[    3.771844] 0x000000000000-0x000000100000 : "qspi-fsbl-uboot"
[    3.778333] 0x000000100000-0x000000600000 : "qspi-linux"
[    3.784294] 0x000000600000-0x000000620000 : "qspi-device-tree"
[    3.790772] 0x000000620000-0x000000c00000 : "qspi-rootfs"
[    3.799239] macb ff0e0000.ethernet: Not enabling partial store and forward
[    3.806767] libphy: MACB_mii_bus: probed
[    3.811839] macb ff0e0000.ethernet eth0: Cadence GEM rev 0x50070106 at 0xff0e0000 irq 30 (00:0a:35:04:8e:1b)
[    3.822048] xilinx-axipmon ffa00000.perf-monitor: Probed Xilinx APM
[    3.828621] xilinx-axipmon fd0b0000.perf-monitor: Probed Xilinx APM
[    3.835141] xilinx-axipmon fd490000.perf-monitor: Probed Xilinx APM
[    3.841683] xilinx-axipmon ffa10000.perf-monitor: Probed Xilinx APM
[    3.851672] pca953x 0-0020: supply vcc not found, using dummy regulator
[    3.858351] pca953x 0-0020: using no AI
[    3.862840] gpio-496 (sel0): hogged as output/low
[    3.867752] gpio-497 (sel1): hogged as output/high
[    3.872742] gpio-498 (sel2): hogged as output/high
[    3.877731] gpio-499 (sel3): hogged as output/high
[    3.882907] pca953x 0-0021: supply vcc not found, using dummy regulator
[    3.889581] pca953x 0-0021: using no AI
[    3.895349] ina2xx 2-0040: power monitor ina226 (Rshunt = 5000 uOhm)
[    3.902376] ina2xx 2-0041: power monitor ina226 (Rshunt = 5000 uOhm)
[    3.909419] ina2xx 2-0042: power monitor ina226 (Rshunt = 5000 uOhm)
[    3.916449] ina2xx 2-0043: power monitor ina226 (Rshunt = 5000 uOhm)
[    3.923473] ina2xx 2-0044: power monitor ina226 (Rshunt = 5000 uOhm)
[    3.930493] ina2xx 2-0045: power monitor ina226 (Rshunt = 5000 uOhm)
[    3.937525] ina2xx 2-0046: power monitor ina226 (Rshunt = 5000 uOhm)
[    3.944601] ina2xx 2-0047: power monitor ina226 (Rshunt = 5000 uOhm)
[    3.951625] ina2xx 2-004a: power monitor ina226 (Rshunt = 5000 uOhm)
[    3.958666] ina2xx 2-004b: power monitor ina226 (Rshunt = 5000 uOhm)
[    3.965076] i2c i2c-0: Added multiplexed i2c bus 2
[    3.970460] random: fast init done
[    3.973935] ina2xx 3-0040: power monitor ina226 (Rshunt = 2000 uOhm)
[    3.980961] ina2xx 3-0041: power monitor ina226 (Rshunt = 5000 uOhm)
[    3.987990] ina2xx 3-0042: power monitor ina226 (Rshunt = 5000 uOhm)
[    3.995018] ina2xx 3-0043: power monitor ina226 (Rshunt = 5000 uOhm)
[    4.002045] ina2xx 3-0044: power monitor ina226 (Rshunt = 5000 uOhm)
[    4.009072] ina2xx 3-0045: power monitor ina226 (Rshunt = 5000 uOhm)
[    4.016109] ina2xx 3-0046: power monitor ina226 (Rshunt = 5000 uOhm)
[    4.023145] ina2xx 3-0047: power monitor ina226 (Rshunt = 5000 uOhm)
[    4.029544] i2c i2c-0: Added multiplexed i2c bus 3
[    4.085731] i2c i2c-0: Added multiplexed i2c bus 4
[    4.090668] i2c i2c-0: Added multiplexed i2c bus 5
[    4.095455] pca954x 0-0075: registered 4 multiplexed busses for I2C mux pca9544
[    4.102805] cdns-i2c ff020000.i2c: 400 kHz mmio ff020000 irq 32
[    4.110532] at24 6-0054: supply vcc not found, using dummy regulator
[    4.117433] at24 6-0054: 1024 byte 24c08 EEPROM, writable, 1 bytes/write
[    4.124186] i2c i2c-1: Added multiplexed i2c bus 6
[    4.130616] si5341 7-0036: Chip: 5341 Grade: 1 Rev: 1
[    4.168327] i2c i2c-1: Added multiplexed i2c bus 7
[    4.175982] si570 8-005d: registered, current frequency 300000000 Hz
[    4.182383] i2c i2c-1: Added multiplexed i2c bus 8
[    4.202163] si570 9-005d: registered, current frequency 148500000 Hz
[    4.208564] i2c i2c-1: Added multiplexed i2c bus 9
[    4.213601] si5324 10-0069: si5328 probed
[    4.280101] si5324 10-0069: si5328 probe successful
[    4.285026] i2c i2c-1: Added multiplexed i2c bus 10
[    4.290054] i2c i2c-1: Added multiplexed i2c bus 11
[    4.295081] i2c i2c-1: Added multiplexed i2c bus 12
[    4.300101] i2c i2c-1: Added multiplexed i2c bus 13
[    4.304973] pca954x 1-0074: registered 8 multiplexed busses for I2C switch pca9548
[    4.313085] at24 14-0050: supply vcc not found, using dummy regulator
[    4.319878] at24 14-0050: 256 byte 24c02 EEPROM, writable, 1 bytes/write
[    4.326624] i2c i2c-1: Added multiplexed i2c bus 14
[    4.331665] i2c i2c-1: Added multiplexed i2c bus 15
[    4.336698] i2c i2c-1: Added multiplexed i2c bus 16
[    4.341735] i2c i2c-1: Added multiplexed i2c bus 17
[    4.346766] i2c i2c-1: Added multiplexed i2c bus 18
[    4.351812] i2c i2c-1: Added multiplexed i2c bus 19
[    4.356849] i2c i2c-1: Added multiplexed i2c bus 20
[    4.361883] i2c i2c-1: Added multiplexed i2c bus 21
[    4.366757] pca954x 1-0075: registered 8 multiplexed busses for I2C switch pca9548
[    4.374366] cdns-i2c ff030000.i2c: 400 kHz mmio ff030000 irq 33
[    4.384114] cdns-wdt fd4d0000.watchdog: Xilinx Watchdog Timer with timeout 60s
[    4.395053] axi_adxcvr 84a60000.axi-adxcvr-rx: AXI-ADXCVR-RX (17.05.a) using CPLL on GTH4 at 0x84A60000. Number of lanes: 4.
[    4.407225] axi_adxcvr 84b60000.axi-adxcvr-tx: AXI-ADXCVR-TX (17.05.a) using QPLL on GTH4 at 0x84B60000. Number of lanes: 4.
[    4.418849] axi-jesd204-rx 84a90000.axi-jesd204-rx: AXI-JESD204-RX (1.07.a) at 0x84A90000. Encoder 8b10b, width 4/4, lanes 4, jesd204-fsm.
[    4.426143] mmc0: SDHCI controller on ff170000.mmc [ff170000.mmc] using ADMA 64-bit
[    4.431692] axi-jesd204-tx 84b90000.axi-jesd204-tx: AXI-JESD204-TX (1.06.a) at 0x84B90000. Encoder 8b10b, width 4/4, lanes 4, jesd204-fsm.
[    4.452414] zynqmp-display fd4a0000.display: vtc bridge property not present
[    4.462068] xilinx-dp-snd-codec fd4a0000.display:zynqmp_dp_snd_codec0: Failed to get required clock freq
[    4.471569] xilinx-dp-snd-codec: probe of fd4a0000.display:zynqmp_dp_snd_codec0 failed with error -22
[    4.473522] mmc0: new high speed SDHC card at address 0001
[    4.481108] xilinx-dp-snd-pcm zynqmp_dp_snd_pcm0: Xilinx DisplayPort Sound PCM probed
[    4.486624] mmcblk0: mmc0:0001 EB1QT 29.8 GiB 
[    4.494426] xilinx-dp-snd-pcm zynqmp_dp_snd_pcm1: Xilinx DisplayPort Sound PCM probed
[    4.499794]  mmcblk0: p1 p2 p3
[    4.506727] OF: graph: no port node found in /axi/display@fd4a0000
[    4.515798] xlnx-drm xlnx-drm.0: bound fd4a0000.display (ops 0xffffffc010fcbdb8)
[    5.599755] zynqmp-display fd4a0000.display: [drm] Cannot find any crtc or sizes
[    5.607366] [drm] Initialized xlnx 1.0.0 20130509 for fd4a0000.display on minor 0
[    5.614856] zynqmp-display fd4a0000.display: ZynqMP DisplayPort Subsystem driver probed
[    5.623183] ahci-ceva fd0c0000.ahci: supply ahci not found, using dummy regulator
[    5.630728] ahci-ceva fd0c0000.ahci: supply phy not found, using dummy regulator
[    5.638187] ahci-ceva fd0c0000.ahci: supply target not found, using dummy regulator
[    5.656084] ahci-ceva fd0c0000.ahci: AHCI 0001.0301 32 slots 2 ports 6 Gbps 0x3 impl platform mode
[    5.665045] ahci-ceva fd0c0000.ahci: flags: 64bit ncq sntf pm clo only pmp fbs pio slum part ccc sds apst 
[    5.675669] scsi host0: ahci-ceva
[    5.679270] scsi host1: ahci-ceva
[    5.682696] ata1: SATA max UDMA/133 mmio [mem 0xfd0c0000-0xfd0c1fff] port 0x100 irq 45
[    5.690610] ata2: SATA max UDMA/133 mmio [mem 0xfd0c0000-0xfd0c1fff] port 0x180 irq 45
[    5.699210] ad9081 spi1.0: supply vdd not found, using dummy regulator
[    6.009955] ata1: SATA link down (SStatus 0 SControl 330)
[    6.015373] ata2: SATA link down (SStatus 0 SControl 330)
[    6.683757] zynqmp-display fd4a0000.display: [drm] Cannot find any crtc or sizes
[    6.881412] ad9081 spi1.0: Invalid param passed., "ref_clk_hz < 100000000ULL" in adi_ad9081_device_clk_config_set(...), line554 in drivers/iio/adc/ad9081/adi_ad9081_device.c
[    7.566747] ad9081 spi1.0: AD9081 Rev. 2 Grade 10 (API 1.2.2) probed
[    7.573940] xhci-hcd xhci-hcd.1.auto: xHCI Host Controller
[    7.579433] xhci-hcd xhci-hcd.1.auto: new USB bus registered, assigned bus number 1
[    7.587181] xhci-hcd xhci-hcd.1.auto: hcc params 0x0238f625 hci version 0x100 quirks 0x0000000002010810
[    7.596593] xhci-hcd xhci-hcd.1.auto: irq 59, io mem 0xfe200000
[    7.602701] usb usb1: New USB device found, idVendor=1d6b, idProduct=0002, bcdDevice= 5.10
[    7.610958] usb usb1: New USB device strings: Mfr=3, Product=2, SerialNumber=1
[    7.618175] usb usb1: Product: xHCI Host Controller
[    7.623044] usb usb1: Manufacturer: Linux 5.10.0-98103-g2aa7ac113716 xhci-hcd
[    7.630170] usb usb1: SerialNumber: xhci-hcd.1.auto
[    7.635339] hub 1-0:1.0: USB hub found
[    7.639107] hub 1-0:1.0: 1 port detected
[    7.643212] xhci-hcd xhci-hcd.1.auto: xHCI Host Controller
[    7.648702] xhci-hcd xhci-hcd.1.auto: new USB bus registered, assigned bus number 2
[    7.656356] xhci-hcd xhci-hcd.1.auto: Host supports USB 3.0 SuperSpeed
[    7.662976] usb usb2: New USB device found, idVendor=1d6b, idProduct=0003, bcdDevice= 5.10
[    7.671240] usb usb2: New USB device strings: Mfr=3, Product=2, SerialNumber=1
[    7.678460] usb usb2: Product: xHCI Host Controller
[    7.683328] usb usb2: Manufacturer: Linux 5.10.0-98103-g2aa7ac113716 xhci-hcd
[    7.690454] usb usb2: SerialNumber: xhci-hcd.1.auto
[    7.695563] hub 2-0:1.0: USB hub found
[    7.699324] hub 2-0:1.0: 1 port detected
[    7.729378] cf_axi_adc 84a10000.axi-ad9081-rx-hpc: ADI AIM (10.01.b) at 0x84A10000 mapped to 0x(____ptrval____), probed ADC AD9081 as MASTER
[    7.760582] cf_axi_dds 84b10000.axi-ad9081-tx-hpc: Analog Devices CF_AXI_DDS_DDS MASTER (9.01.b) at 0x84B10000 mapped to 0x(____ptrval____), probed DDS AD9081
[    7.774786] jesd204: /axi/spi@ff040000/ad9081@0,jesd204:0,parent=spi1.0: JESD204[2] transition initialized -> probed
[    7.785310] jesd204: /axi/spi@ff040000/ad9081@0,jesd204:0,parent=spi1.0: JESD204[0] transition initialized -> probed
[    7.795832] jesd204: /axi/spi@ff040000/ad9081@0,jesd204:0,parent=spi1.0: JESD204[2] transition probed -> idle
[    7.805748] jesd204: /axi/spi@ff040000/ad9081@0,jesd204:0,parent=spi1.0: JESD204[0] transition probed -> idle
[    7.815663] jesd204: /axi/spi@ff040000/ad9081@0,jesd204:0,parent=spi1.0: JESD204[2] transition idle -> device_init
[    7.826007] jesd204: /axi/spi@ff040000/ad9081@0,jesd204:0,parent=spi1.0: JESD204[0] transition idle -> device_init
[    7.836357] jesd204: /axi/spi@ff040000/ad9081@0,jesd204:0,parent=spi1.0: JESD204[2] transition device_init -> link_init
[    7.847136] jesd204: /axi/spi@ff040000/ad9081@0,jesd204:0,parent=spi1.0: JESD204[0] transition device_init -> link_init
[    7.857926] jesd204: /axi/spi@ff040000/ad9081@0,jesd204:0,parent=spi1.0: JESD204[2] transition link_init -> link_supported
[    7.868964] jesd204: /axi/spi@ff040000/ad9081@0,jesd204:0,parent=spi1.0: JESD204[0] transition link_init -> link_supported
[    7.880367] hmc7044 spi2.0: hmc7044_jesd204_link_pre_setup: Link2 forcing continuous SYSREF mode
[    7.889544] jesd204: /axi/spi@ff040000/ad9081@0,jesd204:0,parent=spi1.0: JESD204[2] transition link_supported -> link_pre_setup
[    7.901021] jesd204: /axi/spi@ff040000/ad9081@0,jesd204:0,parent=spi1.0: JESD204[0] transition link_supported -> link_pre_setup
[    7.924891] jesd204: /axi/spi@ff040000/ad9081@0,jesd204:0,parent=spi1.0: JESD204[2] transition link_pre_setup -> clk_sync_stage1
[    7.936451] jesd204: /axi/spi@ff040000/ad9081@0,jesd204:0,parent=spi1.0: JESD204[0] transition link_pre_setup -> clk_sync_stage1
[    7.948017] jesd204: /axi/spi@ff040000/ad9081@0,jesd204:0,parent=spi1.0: JESD204[2] transition clk_sync_stage1 -> clk_sync_stage2
[    7.959660] jesd204: /axi/spi@ff040000/ad9081@0,jesd204:0,parent=spi1.0: JESD204[0] transition clk_sync_stage1 -> clk_sync_stage2
[    7.971313] jesd204: /axi/spi@ff040000/ad9081@0,jesd204:0,parent=spi1.0: JESD204[2] transition clk_sync_stage2 -> clk_sync_stage3
[    7.982958] jesd204: /axi/spi@ff040000/ad9081@0,jesd204:0,parent=spi1.0: JESD204[0] transition clk_sync_stage2 -> clk_sync_stage3
[    7.996683] jesd204: /axi/spi@ff040000/ad9081@0,jesd204:0,parent=spi1.0: JESD204[2] transition clk_sync_stage3 -> link_setup
[    8.007895] jesd204: /axi/spi@ff040000/ad9081@0,jesd204:0,parent=spi1.0: JESD204[0] transition clk_sync_stage3 -> link_setup
[    8.023868] jesd204: /axi/spi@ff040000/ad9081@0,jesd204:0,parent=spi1.0: JESD204[2] transition link_setup -> opt_setup_stage1
[    8.035170] jesd204: /axi/spi@ff040000/ad9081@0,jesd204:0,parent=spi1.0: JESD204[0] transition link_setup -> opt_setup_stage1
[    8.051495] jesd204: /axi/spi@ff040000/ad9081@0,jesd204:0,parent=spi1.0: JESD204[2] transition opt_setup_stage1 -> opt_setup_stage2
[    8.063320] jesd204: /axi/spi@ff040000/ad9081@0,jesd204:0,parent=spi1.0: JESD204[0] transition opt_setup_stage1 -> opt_setup_stage2
[    8.075297] jesd204: /axi/spi@ff040000/ad9081@0,jesd204:0,parent=spi1.0: JESD204[2] transition opt_setup_stage2 -> opt_setup_stage3
[    8.087120] jesd204: /axi/spi@ff040000/ad9081@0,jesd204:0,parent=spi1.0: JESD204[0] transition opt_setup_stage2 -> opt_setup_stage3
[    8.098944] jesd204: /axi/spi@ff040000/ad9081@0,jesd204:0,parent=spi1.0: JESD204[2] transition opt_setup_stage3 -> opt_setup_stage4
[    8.110762] jesd204: /axi/spi@ff040000/ad9081@0,jesd204:0,parent=spi1.0: JESD204[0] transition opt_setup_stage3 -> opt_setup_stage4
[    8.122591] jesd204: /axi/spi@ff040000/ad9081@0,jesd204:0,parent=spi1.0: JESD204[2] transition opt_setup_stage4 -> opt_setup_stage5
[    8.134416] jesd204: /axi/spi@ff040000/ad9081@0,jesd204:0,parent=spi1.0: JESD204[0] transition opt_setup_stage4 -> opt_setup_stage5
[    8.150367] jesd204: /axi/spi@ff040000/ad9081@0,jesd204:0,parent=spi1.0: JESD204[2] transition opt_setup_stage5 -> clocks_enable
[    8.161932] jesd204: /axi/spi@ff040000/ad9081@0,jesd204:0,parent=spi1.0: JESD204[0] transition opt_setup_stage5 -> clocks_enable
[    8.196742] axi_adxcvr 84a60000.axi-adxcvr-rx: adxcvr_clk_enable: CPLL RX buffer underflow error, status: 0x61
[    8.206727] axi_adxcvr 84a60000.axi-adxcvr-rx: adxcvr_clk_enable: CPLL RX buffer overflow error, status: 0x61
[    8.216709] jesd204: /axi/spi@ff040000/ad9081@0,jesd204:0,parent=spi1.0: JESD204[2] transition clocks_enable -> link_enable
[    8.227838] jesd204: /axi/spi@ff040000/ad9081@0,jesd204:0,parent=spi1.0: JESD204[0] transition clocks_enable -> link_enable
[    8.259983] ad9081 spi1.0: JESD RX (JTX) Link2 in DATA, SYNC deasserted, PLL locked, PHASE established, MODE valid
[    8.270588] ad9081 spi1.0: JESD TX (JRX) Link0 0xF lanes in DATA
[    8.276595] jesd204: /axi/spi@ff040000/ad9081@0,jesd204:0,parent=spi1.0: JESD204[2] transition link_enable -> link_running
[    8.287633] jesd204: /axi/spi@ff040000/ad9081@0,jesd204:0,parent=spi1.0: JESD204[0] transition link_enable -> link_running
[    8.298679] jesd204: /axi/spi@ff040000/ad9081@0,jesd204:0,parent=spi1.0: JESD204[2] transition link_running -> opt_post_running_stage
[    8.310670] jesd204: /axi/spi@ff040000/ad9081@0,jesd204:0,parent=spi1.0: JESD204[0] transition link_running -> opt_post_running_stage
[    8.331978] input: gpio-keys as /devices/platform/gpio-keys/input/input0
[    8.338994] of_cfs_init
[    8.341460] of_cfs_init: OK
[    8.344402] cfg80211: Loading compiled-in X.509 certificates for regulatory database
[    8.469728] random: crng init done
[    8.482639] cfg80211: Loaded X.509 cert 'sforshee: 00b28ddf47aef9cea7'
[    8.489170] clk: Not disabling unused clocks
[    8.493697] ALSA device list:
[    8.496660]   No soundcards found.
[    8.500326] platform regulatory.0: Direct firmware load for regulatory.db failed with error -2
[    8.508932] cfg80211: failed to load regulatory.db
[    8.524155] EXT4-fs (mmcblk0p2): mounted filesystem with ordered data mode. Opts: (null)
[    8.532274] VFS: Mounted root (ext4 filesystem) on device 179:2.
[    8.545944] devtmpfs: mounted
[    8.549770] Freeing unused kernel memory: 2560K
[    8.571789] Run /sbin/init as init process
[    8.575877]   with arguments:
[    8.575880]     /sbin/init
[    8.575882]   with environment:
[    8.575884]     HOME=/
[    8.575886]     TERM=linux
[    9.154284] systemd[1]: systemd 241 running in system mode. (+PAM +AUDIT +SELINUX +IMA +APPARMOR +SMACK +SYSVINIT +UTMP +LIBCRYPTSETUP +GCRYPT +GNUTLS +ACL +XZ +LZ4 +SECCOMP +BLKID +ELFUTILS +KMOD -IDN2 +IDN -PCRE2 default-hierarchy=hybrid)
[    9.176157] systemd[1]: Detected architecture arm64.
[    9.200488] systemd[1]: Set hostname to <analog>.
[    9.414991] systemd[1]: File /lib/systemd/system/systemd-journald.service:12 configures an IP firewall (IPAddressDeny=any), but the local system does not support BPF/cgroup based firewalling.
[    9.432058] systemd[1]: Proceeding WITHOUT firewalling in effect! (This warning is only shown for the first loaded unit using IP firewalling.)
[    9.597609] systemd[1]: /etc/systemd/system/tof-server.service:1: Assignment outside of section. Ignoring.
[    9.607294] systemd[1]: /etc/systemd/system/tof-server.service:2: Assignment outside of section. Ignoring.
[    9.801548] systemd[1]: Listening on Syslog Socket.
[    9.816418] systemd[1]: Created slice system-getty.slice.
[    9.836038] systemd[1]: Created slice system-systemd\x2dfsck.slice.
[   10.641908] EXT4-fs (mmcblk0p2): re-mounted. Opts: (null)
[   10.836603] systemd-journald[162]: Received request to flush runtime journal from PID 1
[   17.122848] macb ff0e0000.ethernet eth0: PHY [ff0e0000.ethernet-ffffffff:0c] driver [TI DP83867] (irq=POLL)
[   17.122861] macb ff0e0000.ethernet eth0: configuring for phy/rgmii-id link mode
[   18.352585] Adding 84988k swap on /var/swap.  Priority:-2 extents:2 across:93200k SS
[   20.193417] macb ff0e0000.ethernet eth0: Link is Up - 1Gbps/Full - flow control off
[   20.193445] IPv6: ADDRCONF(NETDEV_CHANGE): eth0: link becomes ready
[   21.239323] broken atomic modeset userspace detected, disabling atomic
[   23.923641] broken atomic modeset userspace detected, disabling atomic
[   27.109283] broken atomic modeset userspace detected, disabling atomic