[    0.000000] Booting Linux on physical CPU 0x0000000000 [0x410fd034]
[    0.000000] Linux version 5.10.0-98103-g2aa7ac113716 (jenkins@romlxbuild1.adlk.analog.com) (aarch64-xilinx-linux-gcc.real (GCC) 10.2.0, GNU ld (GNU Binutils) 2.35.0.20200730) #5577 SMP Wed Mar 23 07:28:49 GMT 2022
[    0.000000] Machine model: ZynqMP ZCU102 Rev1.0
[    0.000000] earlycon: cdns0 at MMIO 0x00000000ff000000 (options '115200n8')
[    0.000000] printk: bootconsole [cdns0] enabled
[    0.000000] efi: UEFI not found.
[    0.000000] cma: Reserved 256 MiB at 0x0000000070000000
[    0.000000] Zone ranges:
[    0.000000]   DMA      [mem 0x0000000000000000-0x000000003fffffff]
[    0.000000]   DMA32    [mem 0x0000000040000000-0x00000000ffffffff]
[    0.000000]   Normal   [mem 0x0000000100000000-0x000000087fffffff]
[    0.000000] Movable zone start for each node
[    0.000000] Early memory node ranges
[    0.000000]   node   0: [mem 0x0000000000000000-0x000000007fffffff]
[    0.000000]   node   0: [mem 0x0000000800000000-0x000000087fffffff]
[    0.000000] Initmem setup node 0 [mem 0x0000000000000000-0x000000087fffffff]
[    0.000000] On node 0 totalpages: 1048576
[    0.000000]   DMA zone: 3584 pages used for memmap
[    0.000000]   DMA zone: 0 pages reserved
[    0.000000]   DMA zone: 262144 pages, LIFO batch:63
[    0.000000]   DMA32 zone: 3584 pages used for memmap
[    0.000000]   DMA32 zone: 262144 pages, LIFO batch:63
[    0.000000]   Normal zone: 7168 pages used for memmap
[    0.000000]   Normal zone: 524288 pages, LIFO batch:63
[    0.000000] psci: probing for conduit method from DT.
[    0.000000] psci: PSCIv1.1 detected in firmware.
[    0.000000] psci: Using standard PSCI v0.2 function IDs
[    0.000000] psci: MIGRATE_INFO_TYPE not supported.
[    0.000000] psci: SMC Calling Convention v1.2
[    0.000000] percpu: Embedded 22 pages/cpu s49496 r8192 d32424 u90112
[    0.000000] pcpu-alloc: s49496 r8192 d32424 u90112 alloc=22*4096
[    0.000000] pcpu-alloc: [0] 0 [0] 1 [0] 2 [0] 3 
[    0.000000] Detected VIPT I-cache on CPU0
[    0.000000] CPU features: detected: ARM erratum 845719
[    0.000000] Built 1 zonelists, mobility grouping on.  Total pages: 1034240
[    0.000000] Kernel command line: console=ttyPS0,115200 root=/dev/mmcblk0p2 rw earlycon rootfstype=ext4 rootwait clk_ignore_unused cpuidle.off=1 root=/dev/mmcblk0p2 rw rootwait
[    0.000000] Dentry cache hash table entries: 524288 (order: 10, 4194304 bytes, linear)
[    0.000000] Inode-cache hash table entries: 262144 (order: 9, 2097152 bytes, linear)
[    0.000000] mem auto-init: stack:off, heap alloc:off, heap free:off
[    0.000000] software IO TLB: mapped [mem 0x000000003bfff000-0x000000003ffff000] (64MB)
[    0.000000] Memory: 3761904K/4194304K available (15296K kernel code, 1636K rwdata, 11876K rodata, 2560K init, 507K bss, 170256K reserved, 262144K cma-reserved)
[    0.000000] rcu: Hierarchical RCU implementation.
[    0.000000] rcu: 	RCU event tracing is enabled.
[    0.000000] rcu: 	RCU restricting CPUs from NR_CPUS=8 to nr_cpu_ids=4.
[    0.000000] rcu: RCU calculated value of scheduler-enlistment delay is 25 jiffies.
[    0.000000] rcu: Adjusting geometry for rcu_fanout_leaf=16, nr_cpu_ids=4
[    0.000000] NR_IRQS: 64, nr_irqs: 64, preallocated irqs: 0
[    0.000000] GIC: Adjusting CPU interface base to 0x00000000f902f000
[    0.000000] GIC: Using split EOI/Deactivate mode
[    0.000000] random: get_random_bytes called from start_kernel+0x31c/0x54c with crng_init=0
[    0.000000] arch_timer: cp15 timer(s) running at 100.00MHz (phys).
[    0.000000] clocksource: arch_sys_counter: mask: 0xffffffffffffff max_cycles: 0x171024e7e0, max_idle_ns: 440795205315 ns
[    0.000004] sched_clock: 56 bits at 100MHz, resolution 10ns, wraps every 4398046511100ns
[    0.008463] Console: colour dummy device 80x25
[    0.012483] Calibrating delay loop (skipped), value calculated using timer frequency.. 200.00 BogoMIPS (lpj=400000)
[    0.022841] pid_max: default: 32768 minimum: 301
[    0.027549] Mount-cache hash table entries: 8192 (order: 4, 65536 bytes, linear)
[    0.034789] Mountpoint-cache hash table entries: 8192 (order: 4, 65536 bytes, linear)
[    0.043397] rcu: Hierarchical SRCU implementation.
[    0.047560] EFI services will not be available.
[    0.051938] smp: Bringing up secondary CPUs ...
[    0.056657] Detected VIPT I-cache on CPU1
[    0.056695] CPU1: Booted secondary processor 0x0000000001 [0x410fd034]
[    0.057060] Detected VIPT I-cache on CPU2
[    0.057085] CPU2: Booted secondary processor 0x0000000002 [0x410fd034]
[    0.057423] Detected VIPT I-cache on CPU3
[    0.057446] CPU3: Booted secondary processor 0x0000000003 [0x410fd034]
[    0.057492] smp: Brought up 1 node, 4 CPUs
[    0.091780] SMP: Total of 4 processors activated.
[    0.096452] CPU features: detected: 32-bit EL0 Support
[    0.101556] CPU features: detected: CRC32 instructions
[    0.106696] CPU: All CPU(s) started at EL2
[    0.110736] alternatives: patching kernel code
[    0.116166] devtmpfs: initialized
[    0.124062] Registered cp15_barrier emulation handler
[    0.124111] Registered setend emulation handler
[    0.128091] clocksource: jiffies: mask: 0xffffffff max_cycles: 0xffffffff, max_idle_ns: 7645041785100000 ns
[    0.137670] futex hash table entries: 1024 (order: 4, 65536 bytes, linear)
[    0.151026] pinctrl core: initialized pinctrl subsystem
[    0.151670] NET: Registered protocol family 16
[    0.156096] DMA: preallocated 512 KiB GFP_KERNEL pool for atomic allocations
[    0.162108] DMA: preallocated 512 KiB GFP_KERNEL|GFP_DMA pool for atomic allocations
[    0.169834] DMA: preallocated 512 KiB GFP_KERNEL|GFP_DMA32 pool for atomic allocations
[    0.177637] audit: initializing netlink subsys (disabled)
[    0.183089] audit: type=2000 audit(0.116:1): state=initialized audit_enabled=0 res=1
[    0.183435] hw-breakpoint: found 6 breakpoint and 4 watchpoint registers.
[    0.197464] ASID allocator initialised with 65536 entries
[    0.224348] HugeTLB registered 1.00 GiB page size, pre-allocated 0 pages
[    0.225403] HugeTLB registered 32.0 MiB page size, pre-allocated 0 pages
[    0.232073] HugeTLB registered 2.00 MiB page size, pre-allocated 0 pages
[    0.238737] HugeTLB registered 64.0 KiB page size, pre-allocated 0 pages
[    1.304305] DRBG: Continuing without Jitter RNG
[    1.382132] raid6: neonx8   gen()  2141 MB/s
[    1.450178] raid6: neonx8   xor()  1598 MB/s
[    1.518239] raid6: neonx4   gen()  2202 MB/s
[    1.586286] raid6: neonx4   xor()  1566 MB/s
[    1.654352] raid6: neonx2   gen()  2076 MB/s
[    1.722397] raid6: neonx2   xor()  1434 MB/s
[    1.790461] raid6: neonx1   gen()  1772 MB/s
[    1.858510] raid6: neonx1   xor()  1220 MB/s
[    1.926573] raid6: int64x8  gen()  1438 MB/s
[    1.994625] raid6: int64x8  xor()   771 MB/s
[    2.062691] raid6: int64x4  gen()  1599 MB/s
[    2.130754] raid6: int64x4  xor()   819 MB/s
[    2.198815] raid6: int64x2  gen()  1396 MB/s
[    2.266862] raid6: int64x2  xor()   750 MB/s
[    2.334954] raid6: int64x1  gen()  1034 MB/s
[    2.403001] raid6: int64x1  xor()   517 MB/s
[    2.403039] raid6: using algorithm neonx4 gen() 2202 MB/s
[    2.406996] raid6: .... xor() 1566 MB/s, rmw enabled
[    2.411926] raid6: using neon recovery algorithm
[    2.416936] iommu: Default domain type: Translated 
[    2.421551] SCSI subsystem initialized
[    2.425096] libata version 3.00 loaded.
[    2.425219] usbcore: registered new interface driver usbfs
[    2.430552] usbcore: registered new interface driver hub
[    2.435825] usbcore: registered new device driver usb
[    2.440960] mc: Linux media interface: v0.10
[    2.445074] videodev: Linux video capture interface: v2.00
[    2.450566] EDAC MC: Ver: 3.0.0
[    2.454005] zynqmp-ipi-mbox mailbox@ff990400: Registered ZynqMP IPI mbox with TX/RX channels.
[    2.462514] jesd204: created con: id=0, topo=0, link=0, /axi/spi@ff050000/hmc7044@0 <-> /fpga-axi@0/axi-adxcvr-tx@84b60000
[    2.473095] jesd204: created con: id=1, topo=0, link=2, /axi/spi@ff050000/hmc7044@0 <-> /fpga-axi@0/axi-adxcvr-rx@84a60000
[    2.484079] jesd204: created con: id=2, topo=0, link=0, /fpga-axi@0/axi-adxcvr-tx@84b60000 <-> /fpga-axi@0/axi-jesd204-tx@84b90000
[    2.495754] jesd204: created con: id=3, topo=0, link=2, /fpga-axi@0/axi-adxcvr-rx@84a60000 <-> /fpga-axi@0/axi-jesd204-rx@84a90000
[    2.507431] jesd204: created con: id=4, topo=0, link=0, /fpga-axi@0/axi-jesd204-tx@84b90000 <-> /fpga-axi@0/axi-ad9081-tx-hpc@84b10000
[    2.519460] jesd204: created con: id=5, topo=0, link=2, /fpga-axi@0/axi-jesd204-rx@84a90000 <-> /fpga-axi@0/axi-ad9081-rx-hpc@84a10000
[    2.531482] jesd204: created con: id=6, topo=0, link=2, /fpga-axi@0/axi-ad9081-rx-hpc@84a10000 <-> /axi/spi@ff040000/ad9081@0
[    2.542723] jesd204: created con: id=7, topo=0, link=0, /fpga-axi@0/axi-ad9081-tx-hpc@84b10000 <-> /axi/spi@ff040000/ad9081@0
[    2.553973] jesd204: /axi/spi@ff040000/ad9081@0: JESD204[2] transition uninitialized -> initialized
[    2.562960] jesd204: /axi/spi@ff040000/ad9081@0: JESD204[0] transition uninitialized -> initialized
[    2.571951] jesd204: found 8 devices and 1 topologies
[    2.576995] FPGA manager framework
[    2.580474] Advanced Linux Sound Architecture Driver Initialized.
[    2.586767] Bluetooth: Core ver 2.22
[    2.589954] NET: Registered protocol family 31
[    2.594356] Bluetooth: HCI device and connection manager initialized
[    2.600672] Bluetooth: HCI socket layer initialized
[    2.605515] Bluetooth: L2CAP socket layer initialized
[    2.610538] Bluetooth: SCO socket layer initialized
[    2.615717] clocksource: Switched to clocksource arch_sys_counter
[    2.621530] VFS: Disk quotas dquot_6.6.0
[    2.625365] VFS: Dquot-cache hash table entries: 512 (order 0, 4096 bytes)
[    2.636085] NET: Registered protocol family 2
[    2.636810] tcp_listen_portaddr_hash hash table entries: 2048 (order: 3, 32768 bytes, linear)
[    2.645005] TCP established hash table entries: 32768 (order: 6, 262144 bytes, linear)
[    2.653031] TCP bind hash table entries: 32768 (order: 7, 524288 bytes, linear)
[    2.660475] TCP: Hash tables configured (established 32768 bind 32768)
[    2.666649] UDP hash table entries: 2048 (order: 4, 65536 bytes, linear)
[    2.673316] UDP-Lite hash table entries: 2048 (order: 4, 65536 bytes, linear)
[    2.680476] NET: Registered protocol family 1
[    2.684932] RPC: Registered named UNIX socket transport module.
[    2.690549] RPC: Registered udp transport module.
[    2.695217] RPC: Registered tcp transport module.
[    2.699885] RPC: Registered tcp NFSv4.1 backchannel transport module.
[    2.706880] PCI: CLS 0 bytes, default 64
[    2.710572] hw perfevents: no interrupt-affinity property for /pmu, guessing.
[    2.717437] hw perfevents: enabled with armv8_pmuv3 PMU driver, 7 counters available
[    2.725789] Initialise system trusted keyrings
[    2.729463] workingset: timestamp_bits=62 max_order=20 bucket_order=0
[    2.736366] NFS: Registering the id_resolver key type
[    2.740815] Key type id_resolver registered
[    2.744953] Key type id_legacy registered
[    2.748944] nfs4filelayout_init: NFSv4 File Layout Driver Registering...
[    2.755611] jffs2: version 2.2. (NAND) (SUMMARY)  Â© 2001-2006 Red Hat, Inc.
[    2.799274] NET: Registered protocol family 38
[    2.799316] xor: measuring software checksum speed
[    2.807006]    8regs           :  2363 MB/sec
[    2.810675]    32regs          :  2799 MB/sec
[    2.815618]    arm64_neon      :  2380 MB/sec
[    2.815812] xor: using function: 32regs (2799 MB/sec)
[    2.820833] Key type asymmetric registered
[    2.824895] Asymmetric key parser 'x509' registered
[    2.829755] Block layer SCSI generic (bsg) driver version 0.4 loaded (major 248)
[    2.837093] io scheduler mq-deadline registered
[    2.841589] io scheduler kyber registered
[    2.870990] Serial: 8250/16550 driver, 4 ports, IRQ sharing disabled
[    2.875622] cacheinfo: Unable to detect cache hierarchy for CPU 0
[    2.881963] brd: module loaded
[    2.886094] loop: module loaded
[    2.886640] Registered mathworks_ip class
[    2.889997] libphy: Fixed MDIO Bus: probed
[    2.892970] tun: Universal TUN/TAP device driver, 1.6
[    2.897037] CAN device driver interface
[    2.901572] usbcore: registered new interface driver asix
[    2.906170] usbcore: registered new interface driver ax88179_178a
[    2.912204] usbcore: registered new interface driver cdc_ether
[    2.917995] usbcore: registered new interface driver net1080
[    2.923622] usbcore: registered new interface driver cdc_subset
[    2.929502] usbcore: registered new interface driver zaurus
[    2.935045] usbcore: registered new interface driver cdc_ncm
[    2.941450] ehci_hcd: USB 2.0 'Enhanced' Host Controller (EHCI) Driver
[    2.947131] ehci-pci: EHCI PCI platform driver
[    2.951936] usbcore: registered new interface driver uas
[    2.956849] usbcore: registered new interface driver usb-storage
[    2.962836] usbcore: registered new interface driver usbserial_generic
[    2.969286] usbserial: USB Serial support registered for generic
[    2.975259] usbcore: registered new interface driver ftdi_sio
[    2.980962] usbserial: USB Serial support registered for FTDI USB Serial Device
[    2.988239] usbcore: registered new interface driver upd78f0730
[    2.994109] usbserial: USB Serial support registered for upd78f0730
[    3.001765] rtc_zynqmp ffa60000.rtc: registered as rtc0
[    3.005535] rtc_zynqmp ffa60000.rtc: setting system clock to 2022-03-25T23:39:33 UTC (1648251573)
[    3.014397] i2c /dev entries driver
[    3.019703] usbcore: registered new interface driver uvcvideo
[    3.023510] USB Video Class driver (1.1.1)
[    3.029087] Bluetooth: HCI UART driver ver 2.3
[    3.031992] Bluetooth: HCI UART protocol H4 registered
[    3.037091] Bluetooth: HCI UART protocol BCSP registered
[    3.042378] Bluetooth: HCI UART protocol LL registered
[    3.047470] Bluetooth: HCI UART protocol ATH3K registered
[    3.052844] Bluetooth: HCI UART protocol Three-wire (H5) registered
[    3.059096] Bluetooth: HCI UART protocol Intel registered
[    3.064434] Bluetooth: HCI UART protocol QCA registered
[    3.069639] usbcore: registered new interface driver bcm203x
[    3.075257] usbcore: registered new interface driver bpa10x
[    3.080792] usbcore: registered new interface driver bfusb
[    3.086245] usbcore: registered new interface driver btusb
[    3.091705] usbcore: registered new interface driver ath3k
[    3.097188] EDAC MC: ECC not enabled
[    3.100816] EDAC DEVICE0: Giving out device to module zynqmp-ocm-edac controller zynqmp_ocm: DEV ff960000.memory-controller (INTERRUPT)
[    3.113127] sdhci: Secure Digital Host Controller Interface driver
[    3.118919] sdhci: Copyright(c) Pierre Ossman
[    3.123241] sdhci-pltfm: SDHCI platform and OF driver helper
[    3.129296] ledtrig-cpu: registered to indicate activity on CPUs
[    3.134846] SMCCC: SOC_ID: ARCH_SOC_ID not implemented, skipping ....
[    3.141277] zynqmp_firmware_probe Platform Management API v1.1
[    3.147034] zynqmp_firmware_probe Trustzone version v1.0
[    3.186581] zynqmp-pinctrl firmware:zynqmp-firmware:pinctrl: zynqmp pinctrl initialized
[    3.234583] zynqmp-aes firmware:zynqmp-firmware:zynqmp-aes: will run requests pump with realtime priority
[    3.250427] alg: No test for xilinx-keccak-384 (zynqmp-keccak-384)
[    3.251141] alg: No test for xilinx-zynqmp-rsa (zynqmp-rsa)
[    3.256654] usbcore: registered new interface driver usbhid
[    3.262043] usbhid: USB HID core driver
[    3.273300] axi_sysid 85000000.axi-sysid-0: AXI System ID core version (1.01.a) found
[    3.275650] axi_sysid 85000000.axi-sysid-0: [ad9081_fmca_ebz] on [zcu102] git branch <master> git <084d44c9780640ca93fd847b1d9ec70dd65f5c67> clean [2022-03-18 04:17:50] UTC
[    3.291338] fpga_manager fpga0: Xilinx ZynqMP FPGA Manager registered
[    3.297694] usbcore: registered new interface driver snd-usb-audio
[    3.305142] pktgen: Packet Generator for packet performance testing. Version: 2.75
[    3.311324] Initializing XFRM netlink socket
[    3.315177] NET: Registered protocol family 10
[    3.319902] Segment Routing with IPv6
[    3.323268] sit: IPv6, IPv4 and MPLS over IPv4 tunneling driver
[    3.329349] NET: Registered protocol family 17
[    3.333450] NET: Registered protocol family 15
[    3.337950] can: controller area network core
[    3.342204] NET: Registered protocol family 29
[    3.346591] can: raw protocol
[    3.349529] can: broadcast manager protocol
[    3.353681] can: netlink gateway - max_hops=1
[    3.358077] Bluetooth: RFCOMM TTY layer initialized
[    3.362857] Bluetooth: RFCOMM socket layer initialized
[    3.367963] Bluetooth: RFCOMM ver 1.11
[    3.371670] Bluetooth: BNEP (Ethernet Emulation) ver 1.3
[    3.376947] Bluetooth: BNEP filters: protocol multicast
[    3.382140] Bluetooth: BNEP socket layer initialized
[    3.387068] Bluetooth: HIDP (Human Interface Emulation) ver 1.2
[    3.392951] Bluetooth: HIDP socket layer initialized
[    3.398007] 9pnet: Installing 9P2000 support
[    3.402129] NET: Registered protocol family 36
[    3.406545] Key type dns_resolver registered
[    3.410976] registered taskstats version 1
[    3.414842] Loading compiled-in X.509 certificates
[    3.419964] Btrfs loaded, crc32c=crc32c-generic
[    3.432375] ff000000.serial: ttyPS0 at MMIO 0xff000000 (irq = 49, base_baud = 6249999) is a xuartps
[    3.441393] printk: console [ttyPS0] enabled
[    3.445688] printk: bootconsole [cdns0] disabled
[    3.455318] ff010000.serial: ttyPS1 at MMIO 0xff010000 (irq = 50, base_baud = 6249999) is a xuartps
[    3.468560] of-fpga-region fpga-full: FPGA Region probed
[    3.475505] nwl-pcie fd0e0000.pcie: host bridge /axi/pcie@fd0e0000 ranges:
[    3.482400] nwl-pcie fd0e0000.pcie:      MEM 0x00e0000000..0x00efffffff -> 0x00e0000000
[    3.490402] nwl-pcie fd0e0000.pcie:      MEM 0x0600000000..0x07ffffffff -> 0x0600000000
[    3.498463] nwl-pcie fd0e0000.pcie: Link is DOWN
[    3.503220] nwl-pcie fd0e0000.pcie: PCI host bridge to bus 0000:00
[    3.509400] pci_bus 0000:00: root bus resource [bus 00-ff]
[    3.514881] pci_bus 0000:00: root bus resource [mem 0xe0000000-0xefffffff]
[    3.521746] pci_bus 0000:00: root bus resource [mem 0x600000000-0x7ffffffff pref]
[    3.529249] pci 0000:00:00.0: [10ee:d021] type 01 class 0x060400
[    3.535311] pci 0000:00:00.0: PME# supported from D0 D1 D2 D3hot
[    3.545758] pci 0000:00:00.0: PCI bridge to [bus 01-0c]
[    3.551747] xilinx-zynqmp-dma fd500000.dma: ZynqMP DMA driver Probe success
[    3.558925] xilinx-zynqmp-dma fd510000.dma: ZynqMP DMA driver Probe success
[    3.566107] xilinx-zynqmp-dma fd520000.dma: ZynqMP DMA driver Probe success
[    3.573278] xilinx-zynqmp-dma fd530000.dma: ZynqMP DMA driver Probe success
[    3.580443] xilinx-zynqmp-dma fd540000.dma: ZynqMP DMA driver Probe success
[    3.587613] xilinx-zynqmp-dma fd550000.dma: ZynqMP DMA driver Probe success
[    3.594783] xilinx-zynqmp-dma fd560000.dma: ZynqMP DMA driver Probe success
[    3.601953] xilinx-zynqmp-dma fd570000.dma: ZynqMP DMA driver Probe success
[    3.609349] xilinx-zynqmp-dpdma fd4c0000.dma-controller: Xilinx DPDMA engine is probed
[    3.617899] ahci-ceva fd0c0000.ahci: supply ahci not found, using dummy regulator
[    3.625439] ahci-ceva fd0c0000.ahci: supply phy not found, using dummy regulator
[    3.715893] hmc7044 spi2.0: PLL1: Acquisition, CLKIN0 @ 122880000 Hz, PFD: 80 kHz - PLL2: Locked @ 3024.000000 MHz
[    3.726609] jesd204: /axi/spi@ff050000/hmc7044@0,jesd204:1,parent=spi2.0: Using as SYSREF provider
[    3.736194] spi-nor spi0.0: SPI-NOR-UniqueID 100000235394732200270025081115266e
[    3.743499] spi-nor spi0.0: found n25q512a, expected m25p80
[    3.749689] spi-nor spi0.0: trying to lock already unlocked area
[    3.755692] spi-nor spi0.0: n25q512a (131072 Kbytes)
[    3.760670] 4 fixed-partitions partitions found on MTD device spi0.0
[    3.767015] Creating 4 MTD partitions on "spi0.0":
[    3.771801] 0x000000000000-0x000000100000 : "qspi-fsbl-uboot"
[    3.778289] 0x000000100000-0x000000600000 : "qspi-linux"
[    3.784249] 0x000000600000-0x000000620000 : "qspi-device-tree"
[    3.790722] 0x000000620000-0x000000c00000 : "qspi-rootfs"
[    3.799185] macb ff0e0000.ethernet: Not enabling partial store and forward
[    3.806710] libphy: MACB_mii_bus: probed
[    3.811781] macb ff0e0000.ethernet eth0: Cadence GEM rev 0x50070106 at 0xff0e0000 irq 30 (00:0a:35:04:8e:1b)
[    3.821996] xilinx-axipmon ffa00000.perf-monitor: Probed Xilinx APM
[    3.828569] xilinx-axipmon fd0b0000.perf-monitor: Probed Xilinx APM
[    3.835089] xilinx-axipmon fd490000.perf-monitor: Probed Xilinx APM
[    3.841631] xilinx-axipmon ffa10000.perf-monitor: Probed Xilinx APM
[    3.851616] pca953x 0-0020: supply vcc not found, using dummy regulator
[    3.858302] pca953x 0-0020: using no AI
[    3.862789] gpio-496 (sel0): hogged as output/low
[    3.867687] gpio-497 (sel1): hogged as output/high
[    3.872674] gpio-498 (sel2): hogged as output/high
[    3.877662] gpio-499 (sel3): hogged as output/high
[    3.882836] pca953x 0-0021: supply vcc not found, using dummy regulator
[    3.889508] pca953x 0-0021: using no AI
[    3.895272] ina2xx 2-0040: power monitor ina226 (Rshunt = 5000 uOhm)
[    3.902300] ina2xx 2-0041: power monitor ina226 (Rshunt = 5000 uOhm)
[    3.909332] ina2xx 2-0042: power monitor ina226 (Rshunt = 5000 uOhm)
[    3.916368] ina2xx 2-0043: power monitor ina226 (Rshunt = 5000 uOhm)
[    3.923394] ina2xx 2-0044: power monitor ina226 (Rshunt = 5000 uOhm)
[    3.930416] ina2xx 2-0045: power monitor ina226 (Rshunt = 5000 uOhm)
[    3.937444] ina2xx 2-0046: power monitor ina226 (Rshunt = 5000 uOhm)
[    3.944523] ina2xx 2-0047: power monitor ina226 (Rshunt = 5000 uOhm)
[    3.951549] ina2xx 2-004a: power monitor ina226 (Rshunt = 5000 uOhm)
[    3.958588] ina2xx 2-004b: power monitor ina226 (Rshunt = 5000 uOhm)
[    3.965001] i2c i2c-0: Added multiplexed i2c bus 2
[    3.970383] random: fast init done
[    3.973857] ina2xx 3-0040: power monitor ina226 (Rshunt = 2000 uOhm)
[    3.980883] ina2xx 3-0041: power monitor ina226 (Rshunt = 5000 uOhm)
[    3.987912] ina2xx 3-0042: power monitor ina226 (Rshunt = 5000 uOhm)
[    3.994941] ina2xx 3-0043: power monitor ina226 (Rshunt = 5000 uOhm)
[    4.001968] ina2xx 3-0044: power monitor ina226 (Rshunt = 5000 uOhm)
[    4.008994] ina2xx 3-0045: power monitor ina226 (Rshunt = 5000 uOhm)
[    4.016028] ina2xx 3-0046: power monitor ina226 (Rshunt = 5000 uOhm)
[    4.023058] ina2xx 3-0047: power monitor ina226 (Rshunt = 5000 uOhm)
[    4.029458] i2c i2c-0: Added multiplexed i2c bus 3
[    4.085785] i2c i2c-0: Added multiplexed i2c bus 4
[    4.090729] i2c i2c-0: Added multiplexed i2c bus 5
[    4.095516] pca954x 0-0075: registered 4 multiplexed busses for I2C mux pca9544
[    4.102867] cdns-i2c ff020000.i2c: 400 kHz mmio ff020000 irq 32
[    4.110600] at24 6-0054: supply vcc not found, using dummy regulator
[    4.117503] at24 6-0054: 1024 byte 24c08 EEPROM, writable, 1 bytes/write
[    4.124255] i2c i2c-1: Added multiplexed i2c bus 6
[    4.130686] si5341 7-0036: Chip: 5341 Grade: 1 Rev: 1
[    4.168395] i2c i2c-1: Added multiplexed i2c bus 7
[    4.176047] si570 8-005d: registered, current frequency 300000000 Hz
[    4.182452] i2c i2c-1: Added multiplexed i2c bus 8
[    4.202226] si570 9-005d: registered, current frequency 148500000 Hz
[    4.208632] i2c i2c-1: Added multiplexed i2c bus 9
[    4.213670] si5324 10-0069: si5328 probed
[    4.280077] si5324 10-0069: si5328 probe successful
[    4.285010] i2c i2c-1: Added multiplexed i2c bus 10
[    4.290037] i2c i2c-1: Added multiplexed i2c bus 11
[    4.295064] i2c i2c-1: Added multiplexed i2c bus 12
[    4.300083] i2c i2c-1: Added multiplexed i2c bus 13
[    4.304956] pca954x 1-0074: registered 8 multiplexed busses for I2C switch pca9548
[    4.313067] at24 14-0050: supply vcc not found, using dummy regulator
[    4.319852] at24 14-0050: 256 byte 24c02 EEPROM, writable, 1 bytes/write
[    4.326598] i2c i2c-1: Added multiplexed i2c bus 14
[    4.331641] i2c i2c-1: Added multiplexed i2c bus 15
[    4.336672] i2c i2c-1: Added multiplexed i2c bus 16
[    4.341709] i2c i2c-1: Added multiplexed i2c bus 17
[    4.346740] i2c i2c-1: Added multiplexed i2c bus 18
[    4.351788] i2c i2c-1: Added multiplexed i2c bus 19
[    4.356823] i2c i2c-1: Added multiplexed i2c bus 20
[    4.361857] i2c i2c-1: Added multiplexed i2c bus 21
[    4.366731] pca954x 1-0075: registered 8 multiplexed busses for I2C switch pca9548
[    4.374340] cdns-i2c ff030000.i2c: 400 kHz mmio ff030000 irq 33
[    4.384088] cdns-wdt fd4d0000.watchdog: Xilinx Watchdog Timer with timeout 60s
[    4.395024] axi_adxcvr 84a60000.axi-adxcvr-rx: AXI-ADXCVR-RX (17.05.a) using CPLL on GTH4 at 0x84A60000. Number of lanes: 4.
[    4.407202] axi_adxcvr 84b60000.axi-adxcvr-tx: AXI-ADXCVR-TX (17.05.a) using QPLL on GTH4 at 0x84B60000. Number of lanes: 4.
[    4.418823] axi-jesd204-rx 84a90000.axi-jesd204-rx: AXI-JESD204-RX (1.07.a) at 0x84A90000. Encoder 8b10b, width 4/4, lanes 4, jesd204-fsm.
[    4.426106] mmc0: SDHCI controller on ff170000.mmc [ff170000.mmc] using ADMA 64-bit
[    4.431667] axi-jesd204-tx 84b90000.axi-jesd204-tx: AXI-JESD204-TX (1.06.a) at 0x84B90000. Encoder 8b10b, width 4/4, lanes 4, jesd204-fsm.
[    4.452387] zynqmp-display fd4a0000.display: vtc bridge property not present
[    4.462038] xilinx-dp-snd-codec fd4a0000.display:zynqmp_dp_snd_codec0: Failed to get required clock freq
[    4.471544] xilinx-dp-snd-codec: probe of fd4a0000.display:zynqmp_dp_snd_codec0 failed with error -22
[    4.473505] mmc0: new high speed SDHC card at address 0001
[    4.481083] xilinx-dp-snd-pcm zynqmp_dp_snd_pcm0: Xilinx DisplayPort Sound PCM probed
[    4.486596] mmcblk0: mmc0:0001 EB1QT 29.8 GiB 
[    4.494399] xilinx-dp-snd-pcm zynqmp_dp_snd_pcm1: Xilinx DisplayPort Sound PCM probed
[    4.499743]  mmcblk0: p1 p2 p3
[    4.506701] OF: graph: no port node found in /axi/display@fd4a0000
[    4.515780] xlnx-drm xlnx-drm.0: bound fd4a0000.display (ops 0xffffffc010fcbdb8)
[    5.599739] zynqmp-display fd4a0000.display: [drm] Cannot find any crtc or sizes
[    5.607350] [drm] Initialized xlnx 1.0.0 20130509 for fd4a0000.display on minor 0
[    5.614839] zynqmp-display fd4a0000.display: ZynqMP DisplayPort Subsystem driver probed
[    5.623164] ahci-ceva fd0c0000.ahci: supply ahci not found, using dummy regulator
[    5.630710] ahci-ceva fd0c0000.ahci: supply phy not found, using dummy regulator
[    5.638160] ahci-ceva fd0c0000.ahci: supply target not found, using dummy regulator
[    5.645999] ahci-ceva fd0c0000.ahci: AHCI 0001.0301 32 slots 2 ports 6 Gbps 0x3 impl platform mode
[    5.654955] ahci-ceva fd0c0000.ahci: flags: 64bit ncq sntf pm clo only pmp fbs pio slum part ccc sds apst 
[    5.665648] scsi host0: ahci-ceva
[    5.669248] scsi host1: ahci-ceva
[    5.672676] ata1: SATA max UDMA/133 mmio [mem 0xfd0c0000-0xfd0c1fff] port 0x100 irq 45
[    5.680585] ata2: SATA max UDMA/133 mmio [mem 0xfd0c0000-0xfd0c1fff] port 0x180 irq 45
[    5.689185] ad9081 spi1.0: supply vdd not found, using dummy regulator
[    6.001975] ata1: SATA link down (SStatus 0 SControl 330)
[    6.007394] ata2: SATA link down (SStatus 0 SControl 330)
[    6.683741] zynqmp-display fd4a0000.display: [drm] Cannot find any crtc or sizes
[    7.528041] ad9081 spi1.0: AD9081 Rev. 2 Grade 10 (API 1.2.2) probed
[    7.535235] xhci-hcd xhci-hcd.1.auto: xHCI Host Controller
[    7.540734] xhci-hcd xhci-hcd.1.auto: new USB bus registered, assigned bus number 1
[    7.548478] xhci-hcd xhci-hcd.1.auto: hcc params 0x0238f625 hci version 0x100 quirks 0x0000000002010810
[    7.557903] xhci-hcd xhci-hcd.1.auto: irq 59, io mem 0xfe200000
[    7.564011] usb usb1: New USB device found, idVendor=1d6b, idProduct=0002, bcdDevice= 5.10
[    7.572271] usb usb1: New USB device strings: Mfr=3, Product=2, SerialNumber=1
[    7.579490] usb usb1: Product: xHCI Host Controller
[    7.584358] usb usb1: Manufacturer: Linux 5.10.0-98103-g2aa7ac113716 xhci-hcd
[    7.591484] usb usb1: SerialNumber: xhci-hcd.1.auto
[    7.596654] hub 1-0:1.0: USB hub found
[    7.600419] hub 1-0:1.0: 1 port detected
[    7.604515] xhci-hcd xhci-hcd.1.auto: xHCI Host Controller
[    7.609996] xhci-hcd xhci-hcd.1.auto: new USB bus registered, assigned bus number 2
[    7.617651] xhci-hcd xhci-hcd.1.auto: Host supports USB 3.0 SuperSpeed
[    7.624274] usb usb2: New USB device found, idVendor=1d6b, idProduct=0003, bcdDevice= 5.10
[    7.632536] usb usb2: New USB device strings: Mfr=3, Product=2, SerialNumber=1
[    7.639756] usb usb2: Product: xHCI Host Controller
[    7.644624] usb usb2: Manufacturer: Linux 5.10.0-98103-g2aa7ac113716 xhci-hcd
[    7.651749] usb usb2: SerialNumber: xhci-hcd.1.auto
[    7.656861] hub 2-0:1.0: USB hub found
[    7.660620] hub 2-0:1.0: 1 port detected
[    7.690697] cf_axi_adc 84a10000.axi-ad9081-rx-hpc: ADI AIM (10.01.b) at 0x84A10000 mapped to 0x(____ptrval____), probed ADC AD9081 as MASTER
[    7.724566] cf_axi_dds 84b10000.axi-ad9081-tx-hpc: Analog Devices CF_AXI_DDS_DDS MASTER (9.01.b) at 0x84B10000 mapped to 0x(____ptrval____), probed DDS AD9081
[    7.738765] jesd204: /axi/spi@ff040000/ad9081@0,jesd204:0,parent=spi1.0: JESD204[2] transition initialized -> probed
[    7.749286] jesd204: /axi/spi@ff040000/ad9081@0,jesd204:0,parent=spi1.0: JESD204[0] transition initialized -> probed
[    7.759810] jesd204: /axi/spi@ff040000/ad9081@0,jesd204:0,parent=spi1.0: JESD204[2] transition probed -> idle
[    7.769718] jesd204: /axi/spi@ff040000/ad9081@0,jesd204:0,parent=spi1.0: JESD204[0] transition probed -> idle
[    7.779633] jesd204: /axi/spi@ff040000/ad9081@0,jesd204:0,parent=spi1.0: JESD204[2] transition idle -> device_init
[    7.789975] jesd204: /axi/spi@ff040000/ad9081@0,jesd204:0,parent=spi1.0: JESD204[0] transition idle -> device_init
[    7.800330] jesd204: /axi/spi@ff040000/ad9081@0,jesd204:0,parent=spi1.0: JESD204[2] transition device_init -> link_init
[    7.811112] jesd204: /axi/spi@ff040000/ad9081@0,jesd204:0,parent=spi1.0: JESD204[0] transition device_init -> link_init
[    7.821903] jesd204: /axi/spi@ff040000/ad9081@0,jesd204:0,parent=spi1.0: JESD204[2] transition link_init -> link_supported
[    7.832941] jesd204: /axi/spi@ff040000/ad9081@0,jesd204:0,parent=spi1.0: JESD204[0] transition link_init -> link_supported
[    7.844355] hmc7044 spi2.0: hmc7044_jesd204_link_pre_setup: Link2 forcing continuous SYSREF mode
[    7.853530] jesd204: /axi/spi@ff040000/ad9081@0,jesd204:0,parent=spi1.0: JESD204[2] transition link_supported -> link_pre_setup
[    7.865008] jesd204: /axi/spi@ff040000/ad9081@0,jesd204:0,parent=spi1.0: JESD204[0] transition link_supported -> link_pre_setup
[    7.888853] jesd204: /axi/spi@ff040000/ad9081@0,jesd204:0,parent=spi1.0: JESD204[2] transition link_pre_setup -> clk_sync_stage1
[    7.900413] jesd204: /axi/spi@ff040000/ad9081@0,jesd204:0,parent=spi1.0: JESD204[0] transition link_pre_setup -> clk_sync_stage1
[    7.911984] jesd204: /axi/spi@ff040000/ad9081@0,jesd204:0,parent=spi1.0: JESD204[2] transition clk_sync_stage1 -> clk_sync_stage2
[    7.923630] jesd204: /axi/spi@ff040000/ad9081@0,jesd204:0,parent=spi1.0: JESD204[0] transition clk_sync_stage1 -> clk_sync_stage2
[    7.935282] jesd204: /axi/spi@ff040000/ad9081@0,jesd204:0,parent=spi1.0: JESD204[2] transition clk_sync_stage2 -> clk_sync_stage3
[    7.946927] jesd204: /axi/spi@ff040000/ad9081@0,jesd204:0,parent=spi1.0: JESD204[0] transition clk_sync_stage2 -> clk_sync_stage3
[    7.960663] jesd204: /axi/spi@ff040000/ad9081@0,jesd204:0,parent=spi1.0: JESD204[2] transition clk_sync_stage3 -> link_setup
[    7.971874] jesd204: /axi/spi@ff040000/ad9081@0,jesd204:0,parent=spi1.0: JESD204[0] transition clk_sync_stage3 -> link_setup
[    7.987923] jesd204: /axi/spi@ff040000/ad9081@0,jesd204:0,parent=spi1.0: JESD204[2] transition link_setup -> opt_setup_stage1
[    7.999226] jesd204: /axi/spi@ff040000/ad9081@0,jesd204:0,parent=spi1.0: JESD204[0] transition link_setup -> opt_setup_stage1
[    8.015564] jesd204: /axi/spi@ff040000/ad9081@0,jesd204:0,parent=spi1.0: JESD204[2] transition opt_setup_stage1 -> opt_setup_stage2
[    8.027385] jesd204: /axi/spi@ff040000/ad9081@0,jesd204:0,parent=spi1.0: JESD204[0] transition opt_setup_stage1 -> opt_setup_stage2
[    8.039356] jesd204: /axi/spi@ff040000/ad9081@0,jesd204:0,parent=spi1.0: JESD204[2] transition opt_setup_stage2 -> opt_setup_stage3
[    8.051177] jesd204: /axi/spi@ff040000/ad9081@0,jesd204:0,parent=spi1.0: JESD204[0] transition opt_setup_stage2 -> opt_setup_stage3
[    8.063000] jesd204: /axi/spi@ff040000/ad9081@0,jesd204:0,parent=spi1.0: JESD204[2] transition opt_setup_stage3 -> opt_setup_stage4
[    8.074823] jesd204: /axi/spi@ff040000/ad9081@0,jesd204:0,parent=spi1.0: JESD204[0] transition opt_setup_stage3 -> opt_setup_stage4
[    8.086647] jesd204: /axi/spi@ff040000/ad9081@0,jesd204:0,parent=spi1.0: JESD204[2] transition opt_setup_stage4 -> opt_setup_stage5
[    8.098473] jesd204: /axi/spi@ff040000/ad9081@0,jesd204:0,parent=spi1.0: JESD204[0] transition opt_setup_stage4 -> opt_setup_stage5
[    8.114406] jesd204: /axi/spi@ff040000/ad9081@0,jesd204:0,parent=spi1.0: JESD204[2] transition opt_setup_stage5 -> clocks_enable
[    8.125971] jesd204: /axi/spi@ff040000/ad9081@0,jesd204:0,parent=spi1.0: JESD204[0] transition opt_setup_stage5 -> clocks_enable
[    8.172898] axi_adxcvr 84a60000.axi-adxcvr-rx: adxcvr_clk_enable: CPLL RX buffer underflow error, status: 0x61
[    8.182883] axi_adxcvr 84a60000.axi-adxcvr-rx: adxcvr_clk_enable: CPLL RX buffer overflow error, status: 0x61
[    8.192871] jesd204: /axi/spi@ff040000/ad9081@0,jesd204:0,parent=spi1.0: JESD204[2] transition clocks_enable -> link_enable
[    8.203995] jesd204: /axi/spi@ff040000/ad9081@0,jesd204:0,parent=spi1.0: JESD204[0] transition clocks_enable -> link_enable
[    8.235969] ad9081 spi1.0: JESD RX (JTX) Link2 in DATA, SYNC deasserted, PLL locked, PHASE established, MODE valid
[    8.246581] ad9081 spi1.0: JESD TX (JRX) Link0 0xF lanes in DATA
[    8.252586] jesd204: /axi/spi@ff040000/ad9081@0,jesd204:0,parent=spi1.0: JESD204[2] transition link_enable -> link_running
[    8.263624] jesd204: /axi/spi@ff040000/ad9081@0,jesd204:0,parent=spi1.0: JESD204[0] transition link_enable -> link_running
[    8.274670] jesd204: /axi/spi@ff040000/ad9081@0,jesd204:0,parent=spi1.0: JESD204[2] transition link_running -> opt_post_running_stage
[    8.286661] jesd204: /axi/spi@ff040000/ad9081@0,jesd204:0,parent=spi1.0: JESD204[0] transition link_running -> opt_post_running_stage
[    8.307978] input: gpio-keys as /devices/platform/gpio-keys/input/input0
[    8.314998] of_cfs_init
[    8.317457] of_cfs_init: OK
[    8.320397] cfg80211: Loading compiled-in X.509 certificates for regulatory database
[    8.492099] cfg80211: Loaded X.509 cert 'sforshee: 00b28ddf47aef9cea7'
[    8.498629] clk: Not disabling unused clocks
[    8.503161] ALSA device list:
[    8.506122]   No soundcards found.
[    8.509785] platform regulatory.0: Direct firmware load for regulatory.db failed with error -2
[    8.518394] cfg80211: failed to load regulatory.db
[    8.528351] random: crng init done
[    8.534094] EXT4-fs (mmcblk0p2): mounted filesystem with ordered data mode. Opts: (null)
[    8.542210] VFS: Mounted root (ext4 filesystem) on device 179:2.
[    8.555660] devtmpfs: mounted
[    8.559486] Freeing unused kernel memory: 2560K
[    8.571772] Run /sbin/init as init process
[    8.575869]   with arguments:
[    8.575872]     /sbin/init
[    8.575874]   with environment:
[    8.575876]     HOME=/
[    8.575878]     TERM=linux
[    9.145461] systemd[1]: systemd 241 running in system mode. (+PAM +AUDIT +SELINUX +IMA +APPARMOR +SMACK +SYSVINIT +UTMP +LIBCRYPTSETUP +GCRYPT +GNUTLS +ACL +XZ +LZ4 +SECCOMP +BLKID +ELFUTILS +KMOD -IDN2 +IDN -PCRE2 default-hierarchy=hybrid)
[    9.167338] systemd[1]: Detected architecture arm64.
[    9.192438] systemd[1]: Set hostname to <analog>.
[    9.387446] systemd[1]: File /lib/systemd/system/systemd-journald.service:12 configures an IP firewall (IPAddressDeny=any), but the local system does not support BPF/cgroup based firewalling.
[    9.404506] systemd[1]: Proceeding WITHOUT firewalling in effect! (This warning is only shown for the first loaded unit using IP firewalling.)
[    9.568466] systemd[1]: /etc/systemd/system/tof-server.service:1: Assignment outside of section. Ignoring.
[    9.578153] systemd[1]: /etc/systemd/system/tof-server.service:2: Assignment outside of section. Ignoring.
[    9.770280] systemd[1]: Created slice system-serial\x2dgetty.slice.
[    9.792079] systemd[1]: Created slice system-systemd\x2dfsck.slice.
[    9.816143] systemd[1]: Listening on udev Control Socket.
[   10.384131] ------------[ cut here ]------------
[   10.384141] Enabling unprepared \xa0\xe9Q\x88\xff\xff\xffpQ\x88\xff\xff\xff
[   10.384189] WARNING: CPU: 2 PID: 112 at drivers/clk/clk.c:1012 clk_core_enable+0xa4/0xc0
[   10.384192] Modules linked in:
[   10.384202] CPU: 2 PID: 112 Comm: kworker/2:1H Not tainted 5.10.0-98103-g2aa7ac113716 #5577
[   10.384205] Hardware name: ZynqMP ZCU102 Rev1.0 (DT)
[   10.384214] Workqueue: kblockd blk_mq_run_work_fn
[   10.384222] pstate: 80000085 (Nzcv daIf -PAN -UAO -TCO BTYPE=--)
[   10.384227] pc : clk_core_enable+0xa4/0xc0
[   10.384233] lr : clk_core_enable+0xa4/0xc0
[   10.384235] sp : ffffffc0125bb2d0
[   10.384238] x29: ffffffc0125bb2d0 x28: ffffff8800330c10 
[   10.384245] x27: ffffff8800330d48 x26: 0000005000000101 
[   10.384252] x25: 0000000264ffb778 x24: 0000000000000001 
[   10.384259] x23: ffffff88010e9380 x22: ffffff8801083220 
[   10.384265] x21: ffffff8801517000 x20: ffffff8801517008 
[   10.384272] x19: ffffff8801517008 x18: 0000000000000030 
[   10.384278] x17: 0000000000000001 x16: 0000b53efe8af6d6 
[   10.384285] x15: ffffffffffff8698 x14: ffffffc011d3b1a0 
[   10.384291] x13: ffffffc011d3b1c8 x12: 00000000000005e5 
[   10.384297] x11: 00000000000001f7 x10: ffffffc011d671c8 
[   10.384304] x9 : 00000000fffff800 x8 : ffffffc011d3b1c8 
[   10.384311] x7 : ffffffc011d671c8 x6 : 0000000000000001 
[   10.384317] x5 : ffffff887f7929e0 x4 : 0000000000000000 
[   10.384323] x3 : 0000000000000027 x2 : 0000000000000023 
[   10.384330] x1 : 6b5811bd0e999300 x0 : 0000000000000000 
[   10.384336] Call trace:
[   10.384343]  clk_core_enable+0xa4/0xc0
[   10.384347]  clk_enable+0x2c/0x60
[   10.384354]  zynqmp_runtime_resume+0x24/0x84
[   10.384361]  pm_generic_runtime_resume+0x30/0x50
[   10.384366]  __genpd_runtime_resume+0x30/0xb0
[   10.384373]  genpd_runtime_resume+0x90/0x250
[   10.384379]  __rpm_callback+0x10c/0x1e0
[   10.384384]  rpm_callback+0x5c/0x84
[   10.384389]  rpm_resume+0x4a4/0x74c
[   10.384394]  __pm_runtime_resume+0x78/0xc4
[   10.384398]  spi_mem_access_start.isra.0+0x30/0x80
[   10.384402]  spi_mem_exec_op+0x3b0/0x424
[   10.384408]  spi_nor_read_sr+0x78/0xe0
[   10.384413]  spi_nor_wait_till_ready_with_timeout+0xb4/0x2f0
[   10.384417]  spi_nor_read+0x188/0x380
[   10.384423]  mtd_read_oob_std+0x78/0x84
[   10.384427]  mtd_read_oob+0x7c/0x134
[   10.384432]  mtd_read+0x48/0x7c
[   10.384437]  mtdblock_readsect+0x6c/0x150
[   10.384442]  mtd_queue_rq+0x2cc/0x5a0
[   10.384448]  blk_mq_dispatch_rq_list+0x110/0x790
[   10.384454]  __blk_mq_do_dispatch_sched+0x200/0x274
[   10.384460]  __blk_mq_sched_dispatch_requests+0x1a8/0x1fc
[   10.384465]  blk_mq_sched_dispatch_requests+0x3c/0x7c
[   10.384470]  __blk_mq_run_hw_queue+0x98/0x100
[   10.384475]  blk_mq_run_work_fn+0x24/0x30
[   10.384480]  process_one_work+0x1d4/0x380
[   10.384484]  worker_thread+0x78/0x4e0
[   10.384489]  kthread+0x124/0x130
[   10.384495]  ret_from_fork+0x10/0x3c
[   10.384499] ---[ end trace 93f073cfdc7c2008 ]---
[   10.384507] zynqmp-qspi ff0f0000.spi: Cannot enable APB clock.
[   10.384556] spi_master spi0: Failed to power device: -108
[   10.384566] blk_update_request: I/O error, dev mtdblock0, sector 8 op 0x0:(READ) flags 0x80700 phys_seg 1 prio class 0
[   10.384635] spi_master spi0: Failed to power device: -22
[   10.384641] blk_update_request: I/O error, dev mtdblock0, sector 8 op 0x0:(READ) flags 0x0 phys_seg 8 prio class 0
[   10.384647] Buffer I/O error on dev mtdblock0, logical block 8, async page read
[   10.384657] spi_master spi0: Failed to power device: -22
[   10.384663] blk_update_request: I/O error, dev mtdblock0, sector 9 op 0x0:(READ) flags 0x0 phys_seg 7 prio class 0
[   10.384667] Buffer I/O error on dev mtdblock0, logical block 9, async page read
[   10.384674] spi_master spi0: Failed to power device: -22
[   10.384680] blk_update_request: I/O error, dev mtdblock0, sector 10 op 0x0:(READ) flags 0x0 phys_seg 6 prio class 0
[   10.384684] Buffer I/O error on dev mtdblock0, logical block 10, async page read
[   10.384691] spi_master spi0: Failed to power device: -22
[   10.384696] blk_update_request: I/O error, dev mtdblock0, sector 11 op 0x0:(READ) flags 0x0 phys_seg 5 prio class 0
[   10.384700] Buffer I/O error on dev mtdblock0, logical block 11, async page read
[   10.384707] spi_master spi0: Failed to power device: -22
[   10.384713] blk_update_request: I/O error, dev mtdblock0, sector 12 op 0x0:(READ) flags 0x0 phys_seg 4 prio class 0
[   10.384716] Buffer I/O error on dev mtdblock0, logical block 12, async page read
[   10.384723] spi_master spi0: Failed to power device: -22
[   10.384729] blk_update_request: I/O error, dev mtdblock0, sector 13 op 0x0:(READ) flags 0x0 phys_seg 3 prio class 0
[   10.384732] Buffer I/O error on dev mtdblock0, logical block 13, async page read
[   10.384739] spi_master spi0: Failed to power device: -22
[   10.384745] blk_update_request: I/O error, dev mtdblock0, sector 14 op 0x0:(READ) flags 0x0 phys_seg 2 prio class 0
[   10.384749] Buffer I/O error on dev mtdblock0, logical block 14, async page read
[   10.384755] spi_master spi0: Failed to power device: -22
[   10.384761] blk_update_request: I/O error, dev mtdblock0, sector 15 op 0x0:(READ) flags 0x0 phys_seg 1 prio class 0
[   10.384765] Buffer I/O error on dev mtdblock0, logical block 15, async page read
[   10.385082] spi_master spi0: Failed to power device: -22
[   10.385089] blk_update_request: I/O error, dev mtdblock1, sector 10112 op 0x0:(READ) flags 0x80700 phys_seg 1 prio class 0
[   10.385134] spi_master spi0: Failed to power device: -22
[   10.385140] Buffer I/O error on dev mtdblock1, logical block 10112, async page read
[   10.385148] spi_master spi0: Failed to power device: -22
[   10.385153] Buffer I/O error on dev mtdblock1, logical block 10113, async page read
[   10.385160] spi_master spi0: Failed to power device: -22
[   10.385168] spi_master spi0: Failed to power device: -22
[   10.385175] spi_master spi0: Failed to power device: -22
[   10.385183] spi_master spi0: Failed to power device: -22
[   10.385190] spi_master spi0: Failed to power device: -22
[   10.385198] spi_master spi0: Failed to power device: -22
[   10.385448] spi_master spi0: Failed to power device: -22
[   10.385492] spi_master spi0: Failed to power device: -22
[   10.385502] spi_master spi0: Failed to power device: -22
[   10.385510] spi_master spi0: Failed to power device: -22
[   10.385517] spi_master spi0: Failed to power device: -22
[   10.385525] spi_master spi0: Failed to power device: -22
[   10.385532] spi_master spi0: Failed to power device: -22
[   10.385540] spi_master spi0: Failed to power device: -22
[   10.385547] spi_master spi0: Failed to power device: -22
[   10.385853] spi_master spi0: Failed to power device: -22
[   10.385897] spi_master spi0: Failed to power device: -22
[   10.385906] spi_master spi0: Failed to power device: -22
[   10.385915] spi_master spi0: Failed to power device: -22
[   10.385922] spi_master spi0: Failed to power device: -22
[   10.385929] spi_master spi0: Failed to power device: -22
[   10.385937] spi_master spi0: Failed to power device: -22
[   10.385944] spi_master spi0: Failed to power device: -22
[   10.385951] spi_master spi0: Failed to power device: -22
[   10.510184] EXT4-fs (mmcblk0p2): re-mounted. Opts: (null)
[   10.641337] systemd-journald[169]: Received request to flush runtime journal from PID 1
[   16.894628] macb ff0e0000.ethernet eth0: PHY [ff0e0000.ethernet-ffffffff:0c] driver [TI DP83867] (irq=POLL)
[   16.894641] macb ff0e0000.ethernet eth0: configuring for phy/rgmii-id link mode
[   17.279760] Adding 92156k swap on /var/swap.  Priority:-2 extents:1 across:92156k SS
[   19.888845] broken atomic modeset userspace detected, disabling atomic
[   19.969350] macb ff0e0000.ethernet eth0: Link is Up - 1Gbps/Full - flow control off
[   19.969374] IPv6: ADDRCONF(NETDEV_CHANGE): eth0: link becomes ready
[   22.579453] broken atomic modeset userspace detected, disabling atomic
[   25.707046] broken atomic modeset userspace detected, disabling atomic