[    0.000000] Booting Linux on physical CPU 0x0000000000 [0x410fd034]
[    0.000000] Linux version 5.10.0-98103-g2aa7ac113716 (jenkins@romlxbuild1.adlk.analog.com) (aarch64-xilinx-linux-gcc.real (GCC) 10.2.0, GNU ld (GNU Binutils) 2.35.0.20200730) #5577 SMP Wed Mar 23 07:28:49 GMT 2022
[    0.000000] Machine model: ZynqMP ZCU102 Rev1.0
[    0.000000] earlycon: cdns0 at MMIO 0x00000000ff000000 (options '115200n8')
[    0.000000] printk: bootconsole [cdns0] enabled
[    0.000000] efi: UEFI not found.
[    0.000000] cma: Reserved 256 MiB at 0x0000000070000000
[    0.000000] Zone ranges:
[    0.000000]   DMA      [mem 0x0000000000000000-0x000000003fffffff]
[    0.000000]   DMA32    [mem 0x0000000040000000-0x00000000ffffffff]
[    0.000000]   Normal   [mem 0x0000000100000000-0x000000087fffffff]
[    0.000000] Movable zone start for each node
[    0.000000] Early memory node ranges
[    0.000000]   node   0: [mem 0x0000000000000000-0x000000007fffffff]
[    0.000000]   node   0: [mem 0x0000000800000000-0x000000087fffffff]
[    0.000000] Initmem setup node 0 [mem 0x0000000000000000-0x000000087fffffff]
[    0.000000] On node 0 totalpages: 1048576
[    0.000000]   DMA zone: 3584 pages used for memmap
[    0.000000]   DMA zone: 0 pages reserved
[    0.000000]   DMA zone: 262144 pages, LIFO batch:63
[    0.000000]   DMA32 zone: 3584 pages used for memmap
[    0.000000]   DMA32 zone: 262144 pages, LIFO batch:63
[    0.000000]   Normal zone: 7168 pages used for memmap
[    0.000000]   Normal zone: 524288 pages, LIFO batch:63
[    0.000000] psci: probing for conduit method from DT.
[    0.000000] psci: PSCIv1.1 detected in firmware.
[    0.000000] psci: Using standard PSCI v0.2 function IDs
[    0.000000] psci: MIGRATE_INFO_TYPE not supported.
[    0.000000] psci: SMC Calling Convention v1.2
[    0.000000] percpu: Embedded 22 pages/cpu s49496 r8192 d32424 u90112
[    0.000000] pcpu-alloc: s49496 r8192 d32424 u90112 alloc=22*4096
[    0.000000] pcpu-alloc: [0] 0 [0] 1 [0] 2 [0] 3 
[    0.000000] Detected VIPT I-cache on CPU0
[    0.000000] CPU features: detected: ARM erratum 845719
[    0.000000] Built 1 zonelists, mobility grouping on.  Total pages: 1034240
[    0.000000] Kernel command line: console=ttyPS0,115200 root=/dev/mmcblk0p2 rw earlycon rootfstype=ext4 rootwait clk_ignore_unused cpuidle.off=1 root=/dev/mmcblk0p2 rw rootwait
[    0.000000] Dentry cache hash table entries: 524288 (order: 10, 4194304 bytes, linear)
[    0.000000] Inode-cache hash table entries: 262144 (order: 9, 2097152 bytes, linear)
[    0.000000] mem auto-init: stack:off, heap alloc:off, heap free:off
[    0.000000] software IO TLB: mapped [mem 0x000000003bfff000-0x000000003ffff000] (64MB)
[    0.000000] Memory: 3761904K/4194304K available (15296K kernel code, 1636K rwdata, 11876K rodata, 2560K init, 507K bss, 170256K reserved, 262144K cma-reserved)
[    0.000000] rcu: Hierarchical RCU implementation.
[    0.000000] rcu: 	RCU event tracing is enabled.
[    0.000000] rcu: 	RCU restricting CPUs from NR_CPUS=8 to nr_cpu_ids=4.
[    0.000000] rcu: RCU calculated value of scheduler-enlistment delay is 25 jiffies.
[    0.000000] rcu: Adjusting geometry for rcu_fanout_leaf=16, nr_cpu_ids=4
[    0.000000] NR_IRQS: 64, nr_irqs: 64, preallocated irqs: 0
[    0.000000] GIC: Adjusting CPU interface base to 0x00000000f902f000
[    0.000000] GIC: Using split EOI/Deactivate mode
[    0.000000] random: get_random_bytes called from start_kernel+0x31c/0x54c with crng_init=0
[    0.000000] arch_timer: cp15 timer(s) running at 100.00MHz (phys).
[    0.000000] clocksource: arch_sys_counter: mask: 0xffffffffffffff max_cycles: 0x171024e7e0, max_idle_ns: 440795205315 ns
[    0.000003] sched_clock: 56 bits at 100MHz, resolution 10ns, wraps every 4398046511100ns
[    0.008463] Console: colour dummy device 80x25
[    0.012483] Calibrating delay loop (skipped), value calculated using timer frequency.. 200.00 BogoMIPS (lpj=400000)
[    0.022841] pid_max: default: 32768 minimum: 301
[    0.027552] Mount-cache hash table entries: 8192 (order: 4, 65536 bytes, linear)
[    0.034789] Mountpoint-cache hash table entries: 8192 (order: 4, 65536 bytes, linear)
[    0.043395] rcu: Hierarchical SRCU implementation.
[    0.047558] EFI services will not be available.
[    0.051938] smp: Bringing up secondary CPUs ...
[    0.056656] Detected VIPT I-cache on CPU1
[    0.056696] CPU1: Booted secondary processor 0x0000000001 [0x410fd034]
[    0.057061] Detected VIPT I-cache on CPU2
[    0.057086] CPU2: Booted secondary processor 0x0000000002 [0x410fd034]
[    0.057425] Detected VIPT I-cache on CPU3
[    0.057448] CPU3: Booted secondary processor 0x0000000003 [0x410fd034]
[    0.057494] smp: Brought up 1 node, 4 CPUs
[    0.091780] SMP: Total of 4 processors activated.
[    0.096452] CPU features: detected: 32-bit EL0 Support
[    0.101556] CPU features: detected: CRC32 instructions
[    0.106696] CPU: All CPU(s) started at EL2
[    0.110736] alternatives: patching kernel code
[    0.116168] devtmpfs: initialized
[    0.124070] Registered cp15_barrier emulation handler
[    0.124120] Registered setend emulation handler
[    0.128102] clocksource: jiffies: mask: 0xffffffff max_cycles: 0xffffffff, max_idle_ns: 7645041785100000 ns
[    0.137679] futex hash table entries: 1024 (order: 4, 65536 bytes, linear)
[    0.151047] pinctrl core: initialized pinctrl subsystem
[    0.151694] NET: Registered protocol family 16
[    0.156107] DMA: preallocated 512 KiB GFP_KERNEL pool for atomic allocations
[    0.162125] DMA: preallocated 512 KiB GFP_KERNEL|GFP_DMA pool for atomic allocations
[    0.169850] DMA: preallocated 512 KiB GFP_KERNEL|GFP_DMA32 pool for atomic allocations
[    0.177652] audit: initializing netlink subsys (disabled)
[    0.183105] audit: type=2000 audit(0.116:1): state=initialized audit_enabled=0 res=1
[    0.183448] hw-breakpoint: found 6 breakpoint and 4 watchpoint registers.
[    0.197481] ASID allocator initialised with 65536 entries
[    0.224382] HugeTLB registered 1.00 GiB page size, pre-allocated 0 pages
[    0.225438] HugeTLB registered 32.0 MiB page size, pre-allocated 0 pages
[    0.232108] HugeTLB registered 2.00 MiB page size, pre-allocated 0 pages
[    0.238772] HugeTLB registered 64.0 KiB page size, pre-allocated 0 pages
[    1.304391] DRBG: Continuing without Jitter RNG
[    1.382167] raid6: neonx8   gen()  2146 MB/s
[    1.450208] raid6: neonx8   xor()  1598 MB/s
[    1.518274] raid6: neonx4   gen()  2188 MB/s
[    1.586325] raid6: neonx4   xor()  1566 MB/s
[    1.654395] raid6: neonx2   gen()  2076 MB/s
[    1.722435] raid6: neonx2   xor()  1440 MB/s
[    1.790502] raid6: neonx1   gen()  1772 MB/s
[    1.858548] raid6: neonx1   xor()  1220 MB/s
[    1.926606] raid6: int64x8  gen()  1438 MB/s
[    1.994663] raid6: int64x8  xor()   771 MB/s
[    2.062740] raid6: int64x4  gen()  1599 MB/s
[    2.130790] raid6: int64x4  xor()   818 MB/s
[    2.198851] raid6: int64x2  gen()  1397 MB/s
[    2.266911] raid6: int64x2  xor()   749 MB/s
[    2.334966] raid6: int64x1  gen()  1033 MB/s
[    2.403036] raid6: int64x1  xor()   517 MB/s
[    2.403074] raid6: using algorithm neonx4 gen() 2188 MB/s
[    2.407030] raid6: .... xor() 1566 MB/s, rmw enabled
[    2.411961] raid6: using neon recovery algorithm
[    2.416970] iommu: Default domain type: Translated 
[    2.421586] SCSI subsystem initialized
[    2.425130] libata version 3.00 loaded.
[    2.425255] usbcore: registered new interface driver usbfs
[    2.430587] usbcore: registered new interface driver hub
[    2.435860] usbcore: registered new device driver usb
[    2.440995] mc: Linux media interface: v0.10
[    2.445108] videodev: Linux video capture interface: v2.00
[    2.450600] EDAC MC: Ver: 3.0.0
[    2.454035] zynqmp-ipi-mbox mailbox@ff990400: Registered ZynqMP IPI mbox with TX/RX channels.
[    2.462544] jesd204: created con: id=0, topo=0, link=0, /axi/spi@ff050000/hmc7044@0 <-> /fpga-axi@0/axi-adxcvr-tx@84b60000
[    2.473129] jesd204: created con: id=1, topo=0, link=2, /axi/spi@ff050000/hmc7044@0 <-> /fpga-axi@0/axi-adxcvr-rx@84a60000
[    2.484113] jesd204: created con: id=2, topo=0, link=0, /fpga-axi@0/axi-adxcvr-tx@84b60000 <-> /fpga-axi@0/axi-jesd204-tx@84b90000
[    2.495789] jesd204: created con: id=3, topo=0, link=2, /fpga-axi@0/axi-adxcvr-rx@84a60000 <-> /fpga-axi@0/axi-jesd204-rx@84a90000
[    2.507467] jesd204: created con: id=4, topo=0, link=0, /fpga-axi@0/axi-jesd204-tx@84b90000 <-> /fpga-axi@0/axi-ad9081-tx-hpc@84b10000
[    2.519494] jesd204: created con: id=5, topo=0, link=2, /fpga-axi@0/axi-jesd204-rx@84a90000 <-> /fpga-axi@0/axi-ad9081-rx-hpc@84a10000
[    2.531517] jesd204: created con: id=6, topo=0, link=2, /fpga-axi@0/axi-ad9081-rx-hpc@84a10000 <-> /axi/spi@ff040000/ad9081@0
[    2.542758] jesd204: created con: id=7, topo=0, link=0, /fpga-axi@0/axi-ad9081-tx-hpc@84b10000 <-> /axi/spi@ff040000/ad9081@0
[    2.554008] jesd204: /axi/spi@ff040000/ad9081@0: JESD204[2] transition uninitialized -> initialized
[    2.562995] jesd204: /axi/spi@ff040000/ad9081@0: JESD204[0] transition uninitialized -> initialized
[    2.571986] jesd204: found 8 devices and 1 topologies
[    2.577029] FPGA manager framework
[    2.580506] Advanced Linux Sound Architecture Driver Initialized.
[    2.586805] Bluetooth: Core ver 2.22
[    2.589989] NET: Registered protocol family 31
[    2.594390] Bluetooth: HCI device and connection manager initialized
[    2.600707] Bluetooth: HCI socket layer initialized
[    2.605549] Bluetooth: L2CAP socket layer initialized
[    2.610573] Bluetooth: SCO socket layer initialized
[    2.615764] clocksource: Switched to clocksource arch_sys_counter
[    2.621561] VFS: Disk quotas dquot_6.6.0
[    2.625400] VFS: Dquot-cache hash table entries: 512 (order 0, 4096 bytes)
[    2.636113] NET: Registered protocol family 2
[    2.636846] tcp_listen_portaddr_hash hash table entries: 2048 (order: 3, 32768 bytes, linear)
[    2.645043] TCP established hash table entries: 32768 (order: 6, 262144 bytes, linear)
[    2.653065] TCP bind hash table entries: 32768 (order: 7, 524288 bytes, linear)
[    2.660511] TCP: Hash tables configured (established 32768 bind 32768)
[    2.666687] UDP hash table entries: 2048 (order: 4, 65536 bytes, linear)
[    2.673352] UDP-Lite hash table entries: 2048 (order: 4, 65536 bytes, linear)
[    2.680515] NET: Registered protocol family 1
[    2.684974] RPC: Registered named UNIX socket transport module.
[    2.690588] RPC: Registered udp transport module.
[    2.695254] RPC: Registered tcp transport module.
[    2.699921] RPC: Registered tcp NFSv4.1 backchannel transport module.
[    2.706910] PCI: CLS 0 bytes, default 64
[    2.710615] hw perfevents: no interrupt-affinity property for /pmu, guessing.
[    2.717473] hw perfevents: enabled with armv8_pmuv3 PMU driver, 7 counters available
[    2.725821] Initialise system trusted keyrings
[    2.729499] workingset: timestamp_bits=62 max_order=20 bucket_order=0
[    2.736402] NFS: Registering the id_resolver key type
[    2.740848] Key type id_resolver registered
[    2.744989] Key type id_legacy registered
[    2.748982] nfs4filelayout_init: NFSv4 File Layout Driver Registering...
[    2.755645] jffs2: version 2.2. (NAND) (SUMMARY)  Â© 2001-2006 Red Hat, Inc.
[    2.798480] NET: Registered protocol family 38
[    2.798523] xor: measuring software checksum speed
[    2.806211]    8regs           :  2363 MB/sec
[    2.809879]    32regs          :  2799 MB/sec
[    2.814822]    arm64_neon      :  2380 MB/sec
[    2.815012] xor: using function: 32regs (2799 MB/sec)
[    2.820038] Key type asymmetric registered
[    2.824099] Asymmetric key parser 'x509' registered
[    2.828961] Block layer SCSI generic (bsg) driver version 0.4 loaded (major 248)
[    2.836297] io scheduler mq-deadline registered
[    2.840793] io scheduler kyber registered
[    2.870192] Serial: 8250/16550 driver, 4 ports, IRQ sharing disabled
[    2.874844] cacheinfo: Unable to detect cache hierarchy for CPU 0
[    2.881179] brd: module loaded
[    2.885328] loop: module loaded
[    2.885875] Registered mathworks_ip class
[    2.889205] libphy: Fixed MDIO Bus: probed
[    2.892172] tun: Universal TUN/TAP device driver, 1.6
[    2.896242] CAN device driver interface
[    2.900775] usbcore: registered new interface driver asix
[    2.905369] usbcore: registered new interface driver ax88179_178a
[    2.911406] usbcore: registered new interface driver cdc_ether
[    2.917200] usbcore: registered new interface driver net1080
[    2.922824] usbcore: registered new interface driver cdc_subset
[    2.928706] usbcore: registered new interface driver zaurus
[    2.934252] usbcore: registered new interface driver cdc_ncm
[    2.940655] ehci_hcd: USB 2.0 'Enhanced' Host Controller (EHCI) Driver
[    2.946335] ehci-pci: EHCI PCI platform driver
[    2.951140] usbcore: registered new interface driver uas
[    2.956053] usbcore: registered new interface driver usb-storage
[    2.962040] usbcore: registered new interface driver usbserial_generic
[    2.968490] usbserial: USB Serial support registered for generic
[    2.974462] usbcore: registered new interface driver ftdi_sio
[    2.980164] usbserial: USB Serial support registered for FTDI USB Serial Device
[    2.987438] usbcore: registered new interface driver upd78f0730
[    2.993313] usbserial: USB Serial support registered for upd78f0730
[    3.000976] rtc_zynqmp ffa60000.rtc: registered as rtc0
[    3.004742] rtc_zynqmp ffa60000.rtc: setting system clock to 2022-03-26T00:05:13 UTC (1648253113)
[    3.013604] i2c /dev entries driver
[    3.018908] usbcore: registered new interface driver uvcvideo
[    3.022715] USB Video Class driver (1.1.1)
[    3.028298] Bluetooth: HCI UART driver ver 2.3
[    3.031186] Bluetooth: HCI UART protocol H4 registered
[    3.036295] Bluetooth: HCI UART protocol BCSP registered
[    3.041586] Bluetooth: HCI UART protocol LL registered
[    3.046673] Bluetooth: HCI UART protocol ATH3K registered
[    3.052047] Bluetooth: HCI UART protocol Three-wire (H5) registered
[    3.058302] Bluetooth: HCI UART protocol Intel registered
[    3.063639] Bluetooth: HCI UART protocol QCA registered
[    3.068839] usbcore: registered new interface driver bcm203x
[    3.074464] usbcore: registered new interface driver bpa10x
[    3.079998] usbcore: registered new interface driver bfusb
[    3.085446] usbcore: registered new interface driver btusb
[    3.090912] usbcore: registered new interface driver ath3k
[    3.096395] EDAC MC: ECC not enabled
[    3.100018] EDAC DEVICE0: Giving out device to module zynqmp-ocm-edac controller zynqmp_ocm: DEV ff960000.memory-controller (INTERRUPT)
[    3.112335] sdhci: Secure Digital Host Controller Interface driver
[    3.118122] sdhci: Copyright(c) Pierre Ossman
[    3.122447] sdhci-pltfm: SDHCI platform and OF driver helper
[    3.128511] ledtrig-cpu: registered to indicate activity on CPUs
[    3.134050] SMCCC: SOC_ID: ARCH_SOC_ID not implemented, skipping ....
[    3.140481] zynqmp_firmware_probe Platform Management API v1.1
[    3.146238] zynqmp_firmware_probe Trustzone version v1.0
[    3.185790] zynqmp-pinctrl firmware:zynqmp-firmware:pinctrl: zynqmp pinctrl initialized
[    3.233671] zynqmp-aes firmware:zynqmp-firmware:zynqmp-aes: will run requests pump with realtime priority
[    3.249455] alg: No test for xilinx-keccak-384 (zynqmp-keccak-384)
[    3.250163] alg: No test for xilinx-zynqmp-rsa (zynqmp-rsa)
[    3.255674] usbcore: registered new interface driver usbhid
[    3.261066] usbhid: USB HID core driver
[    3.272286] axi_sysid 85000000.axi-sysid-0: AXI System ID core version (1.01.a) found
[    3.274638] axi_sysid 85000000.axi-sysid-0: [ad9081_fmca_ebz] on [zcu102] git branch <master> git <084d44c9780640ca93fd847b1d9ec70dd65f5c67> clean [2022-03-18 04:17:50] UTC
[    3.290331] fpga_manager fpga0: Xilinx ZynqMP FPGA Manager registered
[    3.296693] usbcore: registered new interface driver snd-usb-audio
[    3.304134] pktgen: Packet Generator for packet performance testing. Version: 2.75
[    3.310308] Initializing XFRM netlink socket
[    3.314170] NET: Registered protocol family 10
[    3.318877] Segment Routing with IPv6
[    3.322265] sit: IPv6, IPv4 and MPLS over IPv4 tunneling driver
[    3.328338] NET: Registered protocol family 17
[    3.332439] NET: Registered protocol family 15
[    3.336936] can: controller area network core
[    3.341191] NET: Registered protocol family 29
[    3.345580] can: raw protocol
[    3.348516] can: broadcast manager protocol
[    3.352671] can: netlink gateway - max_hops=1
[    3.357067] Bluetooth: RFCOMM TTY layer initialized
[    3.361844] Bluetooth: RFCOMM socket layer initialized
[    3.366952] Bluetooth: RFCOMM ver 1.11
[    3.370663] Bluetooth: BNEP (Ethernet Emulation) ver 1.3
[    3.375938] Bluetooth: BNEP filters: protocol multicast
[    3.381128] Bluetooth: BNEP socket layer initialized
[    3.386056] Bluetooth: HIDP (Human Interface Emulation) ver 1.2
[    3.391939] Bluetooth: HIDP socket layer initialized
[    3.396993] 9pnet: Installing 9P2000 support
[    3.401116] NET: Registered protocol family 36
[    3.405532] Key type dns_resolver registered
[    3.409963] registered taskstats version 1
[    3.413829] Loading compiled-in X.509 certificates
[    3.418944] Btrfs loaded, crc32c=crc32c-generic
[    3.431343] ff000000.serial: ttyPS0 at MMIO 0xff000000 (irq = 49, base_baud = 6249999) is a xuartps
[    3.440364] printk: console [ttyPS0] enabled
[    3.444659] printk: bootconsole [cdns0] disabled
[    3.454292] ff010000.serial: ttyPS1 at MMIO 0xff010000 (irq = 50, base_baud = 6249999) is a xuartps
[    3.467550] of-fpga-region fpga-full: FPGA Region probed
[    3.474505] nwl-pcie fd0e0000.pcie: host bridge /axi/pcie@fd0e0000 ranges:
[    3.481396] nwl-pcie fd0e0000.pcie:      MEM 0x00e0000000..0x00efffffff -> 0x00e0000000
[    3.489398] nwl-pcie fd0e0000.pcie:      MEM 0x0600000000..0x07ffffffff -> 0x0600000000
[    3.497459] nwl-pcie fd0e0000.pcie: Link is DOWN
[    3.502224] nwl-pcie fd0e0000.pcie: PCI host bridge to bus 0000:00
[    3.508405] pci_bus 0000:00: root bus resource [bus 00-ff]
[    3.513886] pci_bus 0000:00: root bus resource [mem 0xe0000000-0xefffffff]
[    3.520756] pci_bus 0000:00: root bus resource [mem 0x600000000-0x7ffffffff pref]
[    3.528260] pci 0000:00:00.0: [10ee:d021] type 01 class 0x060400
[    3.534316] pci 0000:00:00.0: PME# supported from D0 D1 D2 D3hot
[    3.544757] pci 0000:00:00.0: PCI bridge to [bus 01-0c]
[    3.550734] xilinx-zynqmp-dma fd500000.dma: ZynqMP DMA driver Probe success
[    3.557912] xilinx-zynqmp-dma fd510000.dma: ZynqMP DMA driver Probe success
[    3.565081] xilinx-zynqmp-dma fd520000.dma: ZynqMP DMA driver Probe success
[    3.572253] xilinx-zynqmp-dma fd530000.dma: ZynqMP DMA driver Probe success
[    3.579421] xilinx-zynqmp-dma fd540000.dma: ZynqMP DMA driver Probe success
[    3.586582] xilinx-zynqmp-dma fd550000.dma: ZynqMP DMA driver Probe success
[    3.593755] xilinx-zynqmp-dma fd560000.dma: ZynqMP DMA driver Probe success
[    3.600927] xilinx-zynqmp-dma fd570000.dma: ZynqMP DMA driver Probe success
[    3.608321] xilinx-zynqmp-dpdma fd4c0000.dma-controller: Xilinx DPDMA engine is probed
[    3.616869] ahci-ceva fd0c0000.ahci: supply ahci not found, using dummy regulator
[    3.624417] ahci-ceva fd0c0000.ahci: supply phy not found, using dummy regulator
[    3.711940] hmc7044 spi2.0: PLL1: Acquisition, CLKIN0 @ 122880000 Hz, PFD: 80 kHz - PLL2: Locked @ 2496.000000 MHz
[    3.722658] jesd204: /axi/spi@ff050000/hmc7044@0,jesd204:1,parent=spi2.0: Using as SYSREF provider
[    3.732237] spi-nor spi0.0: SPI-NOR-UniqueID 100000235394732200270025081115266e
[    3.739544] spi-nor spi0.0: found n25q512a, expected m25p80
[    3.745743] spi-nor spi0.0: trying to lock already unlocked area
[    3.751746] spi-nor spi0.0: n25q512a (131072 Kbytes)
[    3.756732] 4 fixed-partitions partitions found on MTD device spi0.0
[    3.763078] Creating 4 MTD partitions on "spi0.0":
[    3.767864] 0x000000000000-0x000000100000 : "qspi-fsbl-uboot"
[    3.774349] 0x000000100000-0x000000600000 : "qspi-linux"
[    3.780315] 0x000000600000-0x000000620000 : "qspi-device-tree"
[    3.786793] 0x000000620000-0x000000c00000 : "qspi-rootfs"
[    3.795262] macb ff0e0000.ethernet: Not enabling partial store and forward
[    3.802788] libphy: MACB_mii_bus: probed
[    3.807846] macb ff0e0000.ethernet eth0: Cadence GEM rev 0x50070106 at 0xff0e0000 irq 30 (00:0a:35:04:8e:1b)
[    3.818057] xilinx-axipmon ffa00000.perf-monitor: Probed Xilinx APM
[    3.824633] xilinx-axipmon fd0b0000.perf-monitor: Probed Xilinx APM
[    3.831146] xilinx-axipmon fd490000.perf-monitor: Probed Xilinx APM
[    3.837691] xilinx-axipmon ffa10000.perf-monitor: Probed Xilinx APM
[    3.847688] pca953x 0-0020: supply vcc not found, using dummy regulator
[    3.854373] pca953x 0-0020: using no AI
[    3.858860] gpio-496 (sel0): hogged as output/low
[    3.863776] gpio-497 (sel1): hogged as output/high
[    3.868764] gpio-498 (sel2): hogged as output/high
[    3.873751] gpio-499 (sel3): hogged as output/high
[    3.878923] pca953x 0-0021: supply vcc not found, using dummy regulator
[    3.885592] pca953x 0-0021: using no AI
[    3.891361] ina2xx 2-0040: power monitor ina226 (Rshunt = 5000 uOhm)
[    3.898390] ina2xx 2-0041: power monitor ina226 (Rshunt = 5000 uOhm)
[    3.905423] ina2xx 2-0042: power monitor ina226 (Rshunt = 5000 uOhm)
[    3.912452] ina2xx 2-0043: power monitor ina226 (Rshunt = 5000 uOhm)
[    3.919472] ina2xx 2-0044: power monitor ina226 (Rshunt = 5000 uOhm)
[    3.926493] ina2xx 2-0045: power monitor ina226 (Rshunt = 5000 uOhm)
[    3.933529] ina2xx 2-0046: power monitor ina226 (Rshunt = 5000 uOhm)
[    3.940599] ina2xx 2-0047: power monitor ina226 (Rshunt = 5000 uOhm)
[    3.947629] ina2xx 2-004a: power monitor ina226 (Rshunt = 5000 uOhm)
[    3.954670] ina2xx 2-004b: power monitor ina226 (Rshunt = 5000 uOhm)
[    3.961076] i2c i2c-0: Added multiplexed i2c bus 2
[    3.966464] random: fast init done
[    3.969935] ina2xx 3-0040: power monitor ina226 (Rshunt = 2000 uOhm)
[    3.976966] ina2xx 3-0041: power monitor ina226 (Rshunt = 5000 uOhm)
[    3.983993] ina2xx 3-0042: power monitor ina226 (Rshunt = 5000 uOhm)
[    3.991028] ina2xx 3-0043: power monitor ina226 (Rshunt = 5000 uOhm)
[    3.998057] ina2xx 3-0044: power monitor ina226 (Rshunt = 5000 uOhm)
[    4.005080] ina2xx 3-0045: power monitor ina226 (Rshunt = 5000 uOhm)
[    4.012117] ina2xx 3-0046: power monitor ina226 (Rshunt = 5000 uOhm)
[    4.019146] ina2xx 3-0047: power monitor ina226 (Rshunt = 5000 uOhm)
[    4.025546] i2c i2c-0: Added multiplexed i2c bus 3
[    4.081284] i2c i2c-0: Added multiplexed i2c bus 4
[    4.086228] i2c i2c-0: Added multiplexed i2c bus 5
[    4.091015] pca954x 0-0075: registered 4 multiplexed busses for I2C mux pca9544
[    4.098364] cdns-i2c ff020000.i2c: 400 kHz mmio ff020000 irq 32
[    4.106101] at24 6-0054: supply vcc not found, using dummy regulator
[    4.113001] at24 6-0054: 1024 byte 24c08 EEPROM, writable, 1 bytes/write
[    4.119759] i2c i2c-1: Added multiplexed i2c bus 6
[    4.126176] si5341 7-0036: Chip: 5341 Grade: 1 Rev: 1
[    4.163867] i2c i2c-1: Added multiplexed i2c bus 7
[    4.171517] si570 8-005d: registered, current frequency 300000000 Hz
[    4.177917] i2c i2c-1: Added multiplexed i2c bus 8
[    4.197701] si570 9-005d: registered, current frequency 148500000 Hz
[    4.204103] i2c i2c-1: Added multiplexed i2c bus 9
[    4.209132] si5324 10-0069: si5328 probed
[    4.276112] si5324 10-0069: si5328 probe successful
[    4.281037] i2c i2c-1: Added multiplexed i2c bus 10
[    4.286064] i2c i2c-1: Added multiplexed i2c bus 11
[    4.291092] i2c i2c-1: Added multiplexed i2c bus 12
[    4.296113] i2c i2c-1: Added multiplexed i2c bus 13
[    4.300993] pca954x 1-0074: registered 8 multiplexed busses for I2C switch pca9548
[    4.309105] at24 14-0050: supply vcc not found, using dummy regulator
[    4.315888] at24 14-0050: 256 byte 24c02 EEPROM, writable, 1 bytes/write
[    4.322636] i2c i2c-1: Added multiplexed i2c bus 14
[    4.327675] i2c i2c-1: Added multiplexed i2c bus 15
[    4.332708] i2c i2c-1: Added multiplexed i2c bus 16
[    4.337746] i2c i2c-1: Added multiplexed i2c bus 17
[    4.342779] i2c i2c-1: Added multiplexed i2c bus 18
[    4.347822] i2c i2c-1: Added multiplexed i2c bus 19
[    4.352863] i2c i2c-1: Added multiplexed i2c bus 20
[    4.357903] i2c i2c-1: Added multiplexed i2c bus 21
[    4.362776] pca954x 1-0075: registered 8 multiplexed busses for I2C switch pca9548
[    4.370385] cdns-i2c ff030000.i2c: 400 kHz mmio ff030000 irq 33
[    4.380141] cdns-wdt fd4d0000.watchdog: Xilinx Watchdog Timer with timeout 60s
[    4.390917] axi_adxcvr 84a60000.axi-adxcvr-rx: AXI-ADXCVR-RX (17.05.a) using CPLL on GTH4 at 0x84A60000. Number of lanes: 4.
[    4.403087] axi_adxcvr 84b60000.axi-adxcvr-tx: AXI-ADXCVR-TX (17.05.a) using QPLL on GTH4 at 0x84B60000. Number of lanes: 4.
[    4.414714] axi-jesd204-rx 84a90000.axi-jesd204-rx: AXI-JESD204-RX (1.07.a) at 0x84A90000. Encoder 8b10b, width 4/4, lanes 4, jesd204-fsm.
[    4.422231] mmc0: SDHCI controller on ff170000.mmc [ff170000.mmc] using ADMA 64-bit
[    4.427550] axi-jesd204-tx 84b90000.axi-jesd204-tx: AXI-JESD204-TX (1.06.a) at 0x84B90000. Encoder 8b10b, width 4/4, lanes 4, jesd204-fsm.
[    4.448284] zynqmp-display fd4a0000.display: vtc bridge property not present
[    4.457942] xilinx-dp-snd-codec fd4a0000.display:zynqmp_dp_snd_codec0: Failed to get required clock freq
[    4.467449] xilinx-dp-snd-codec: probe of fd4a0000.display:zynqmp_dp_snd_codec0 failed with error -22
[    4.469545] mmc0: new high speed SDHC card at address 0001
[    4.476990] xilinx-dp-snd-pcm zynqmp_dp_snd_pcm0: Xilinx DisplayPort Sound PCM probed
[    4.482511] mmcblk0: mmc0:0001 EB1QT 29.8 GiB 
[    4.490305] xilinx-dp-snd-pcm zynqmp_dp_snd_pcm1: Xilinx DisplayPort Sound PCM probed
[    4.495609]  mmcblk0: p1 p2 p3
[    4.502607] OF: graph: no port node found in /axi/display@fd4a0000
[    4.511673] xlnx-drm xlnx-drm.0: bound fd4a0000.display (ops 0xffffffc010fcbdb8)
[    5.595780] zynqmp-display fd4a0000.display: [drm] Cannot find any crtc or sizes
[    5.603399] [drm] Initialized xlnx 1.0.0 20130509 for fd4a0000.display on minor 0
[    5.610893] zynqmp-display fd4a0000.display: ZynqMP DisplayPort Subsystem driver probed
[    5.619215] ahci-ceva fd0c0000.ahci: supply ahci not found, using dummy regulator
[    5.626763] ahci-ceva fd0c0000.ahci: supply phy not found, using dummy regulator
[    5.634219] ahci-ceva fd0c0000.ahci: supply target not found, using dummy regulator
[    5.642051] ahci-ceva fd0c0000.ahci: AHCI 0001.0301 32 slots 2 ports 6 Gbps 0x3 impl platform mode
[    5.651008] ahci-ceva fd0c0000.ahci: flags: 64bit ncq sntf pm clo only pmp fbs pio slum part ccc sds apst 
[    5.661706] scsi host0: ahci-ceva
[    5.665303] scsi host1: ahci-ceva
[    5.668728] ata1: SATA max UDMA/133 mmio [mem 0xfd0c0000-0xfd0c1fff] port 0x100 irq 45
[    5.676643] ata2: SATA max UDMA/133 mmio [mem 0xfd0c0000-0xfd0c1fff] port 0x180 irq 45
[    5.685249] ad9081 spi1.0: supply vdd not found, using dummy regulator
[    5.998011] ata1: SATA link down (SStatus 0 SControl 330)
[    6.003429] ata2: SATA link down (SStatus 0 SControl 330)
[    6.679782] zynqmp-display fd4a0000.display: [drm] Cannot find any crtc or sizes
[    7.544612] ad9081 spi1.0: AD9081 Rev. 2 Grade 10 (API 1.2.2) probed
[    7.551825] xhci-hcd xhci-hcd.1.auto: xHCI Host Controller
[    7.557318] xhci-hcd xhci-hcd.1.auto: new USB bus registered, assigned bus number 1
[    7.565067] xhci-hcd xhci-hcd.1.auto: hcc params 0x0238f625 hci version 0x100 quirks 0x0000000002010810
[    7.574480] xhci-hcd xhci-hcd.1.auto: irq 59, io mem 0xfe200000
[    7.580588] usb usb1: New USB device found, idVendor=1d6b, idProduct=0002, bcdDevice= 5.10
[    7.588845] usb usb1: New USB device strings: Mfr=3, Product=2, SerialNumber=1
[    7.596063] usb usb1: Product: xHCI Host Controller
[    7.600933] usb usb1: Manufacturer: Linux 5.10.0-98103-g2aa7ac113716 xhci-hcd
[    7.608058] usb usb1: SerialNumber: xhci-hcd.1.auto
[    7.613221] hub 1-0:1.0: USB hub found
[    7.616985] hub 1-0:1.0: 1 port detected
[    7.621089] xhci-hcd xhci-hcd.1.auto: xHCI Host Controller
[    7.626570] xhci-hcd xhci-hcd.1.auto: new USB bus registered, assigned bus number 2
[    7.634224] xhci-hcd xhci-hcd.1.auto: Host supports USB 3.0 SuperSpeed
[    7.640853] usb usb2: New USB device found, idVendor=1d6b, idProduct=0003, bcdDevice= 5.10
[    7.649110] usb usb2: New USB device strings: Mfr=3, Product=2, SerialNumber=1
[    7.656333] usb usb2: Product: xHCI Host Controller
[    7.661206] usb usb2: Manufacturer: Linux 5.10.0-98103-g2aa7ac113716 xhci-hcd
[    7.668332] usb usb2: SerialNumber: xhci-hcd.1.auto
[    7.673449] hub 2-0:1.0: USB hub found
[    7.677211] hub 2-0:1.0: 1 port detected
[    7.707248] cf_axi_adc 84a10000.axi-ad9081-rx-hpc: ADI AIM (10.01.b) at 0x84A10000 mapped to 0x(____ptrval____), probed ADC AD9081 as MASTER
[    7.740604] cf_axi_dds 84b10000.axi-ad9081-tx-hpc: Analog Devices CF_AXI_DDS_DDS MASTER (9.01.b) at 0x84B10000 mapped to 0x(____ptrval____), probed DDS AD9081
[    7.754812] jesd204: /axi/spi@ff040000/ad9081@0,jesd204:0,parent=spi1.0: JESD204[2] transition initialized -> probed
[    7.765332] jesd204: /axi/spi@ff040000/ad9081@0,jesd204:0,parent=spi1.0: JESD204[0] transition initialized -> probed
[    7.775855] jesd204: /axi/spi@ff040000/ad9081@0,jesd204:0,parent=spi1.0: JESD204[2] transition probed -> idle
[    7.785772] jesd204: /axi/spi@ff040000/ad9081@0,jesd204:0,parent=spi1.0: JESD204[0] transition probed -> idle
[    7.795685] jesd204: /axi/spi@ff040000/ad9081@0,jesd204:0,parent=spi1.0: JESD204[2] transition idle -> device_init
[    7.806028] jesd204: /axi/spi@ff040000/ad9081@0,jesd204:0,parent=spi1.0: JESD204[0] transition idle -> device_init
[    7.816381] jesd204: /axi/spi@ff040000/ad9081@0,jesd204:0,parent=spi1.0: JESD204[2] transition device_init -> link_init
[    7.827156] jesd204: /axi/spi@ff040000/ad9081@0,jesd204:0,parent=spi1.0: JESD204[0] transition device_init -> link_init
[    7.837946] jesd204: /axi/spi@ff040000/ad9081@0,jesd204:0,parent=spi1.0: JESD204[2] transition link_init -> link_supported
[    7.848986] jesd204: /axi/spi@ff040000/ad9081@0,jesd204:0,parent=spi1.0: JESD204[0] transition link_init -> link_supported
[    7.860398] hmc7044 spi2.0: hmc7044_jesd204_link_pre_setup: Link2 forcing continuous SYSREF mode
[    7.869579] jesd204: /axi/spi@ff040000/ad9081@0,jesd204:0,parent=spi1.0: JESD204[2] transition link_supported -> link_pre_setup
[    7.881052] jesd204: /axi/spi@ff040000/ad9081@0,jesd204:0,parent=spi1.0: JESD204[0] transition link_supported -> link_pre_setup
[    7.904896] jesd204: /axi/spi@ff040000/ad9081@0,jesd204:0,parent=spi1.0: JESD204[2] transition link_pre_setup -> clk_sync_stage1
[    7.916458] jesd204: /axi/spi@ff040000/ad9081@0,jesd204:0,parent=spi1.0: JESD204[0] transition link_pre_setup -> clk_sync_stage1
[    7.928022] jesd204: /axi/spi@ff040000/ad9081@0,jesd204:0,parent=spi1.0: JESD204[2] transition clk_sync_stage1 -> clk_sync_stage2
[    7.939664] jesd204: /axi/spi@ff040000/ad9081@0,jesd204:0,parent=spi1.0: JESD204[0] transition clk_sync_stage1 -> clk_sync_stage2
[    7.951318] jesd204: /axi/spi@ff040000/ad9081@0,jesd204:0,parent=spi1.0: JESD204[2] transition clk_sync_stage2 -> clk_sync_stage3
[    7.962963] jesd204: /axi/spi@ff040000/ad9081@0,jesd204:0,parent=spi1.0: JESD204[0] transition clk_sync_stage2 -> clk_sync_stage3
[    7.976635] jesd204: /axi/spi@ff040000/ad9081@0,jesd204:0,parent=spi1.0: JESD204[2] transition clk_sync_stage3 -> link_setup
[    7.987847] jesd204: /axi/spi@ff040000/ad9081@0,jesd204:0,parent=spi1.0: JESD204[0] transition clk_sync_stage3 -> link_setup
[    8.003910] jesd204: /axi/spi@ff040000/ad9081@0,jesd204:0,parent=spi1.0: JESD204[2] transition link_setup -> opt_setup_stage1
[    8.015209] jesd204: /axi/spi@ff040000/ad9081@0,jesd204:0,parent=spi1.0: JESD204[0] transition link_setup -> opt_setup_stage1
[    8.031280] jesd204: /axi/spi@ff040000/ad9081@0,jesd204:0,parent=spi1.0: JESD204[2] transition opt_setup_stage1 -> opt_setup_stage2
[    8.043103] jesd204: /axi/spi@ff040000/ad9081@0,jesd204:0,parent=spi1.0: JESD204[0] transition opt_setup_stage1 -> opt_setup_stage2
[    8.055080] jesd204: /axi/spi@ff040000/ad9081@0,jesd204:0,parent=spi1.0: JESD204[2] transition opt_setup_stage2 -> opt_setup_stage3
[    8.066900] jesd204: /axi/spi@ff040000/ad9081@0,jesd204:0,parent=spi1.0: JESD204[0] transition opt_setup_stage2 -> opt_setup_stage3
[    8.078722] jesd204: /axi/spi@ff040000/ad9081@0,jesd204:0,parent=spi1.0: JESD204[2] transition opt_setup_stage3 -> opt_setup_stage4
[    8.090541] jesd204: /axi/spi@ff040000/ad9081@0,jesd204:0,parent=spi1.0: JESD204[0] transition opt_setup_stage3 -> opt_setup_stage4
[    8.102371] jesd204: /axi/spi@ff040000/ad9081@0,jesd204:0,parent=spi1.0: JESD204[2] transition opt_setup_stage4 -> opt_setup_stage5
[    8.114196] jesd204: /axi/spi@ff040000/ad9081@0,jesd204:0,parent=spi1.0: JESD204[0] transition opt_setup_stage4 -> opt_setup_stage5
[    8.130129] jesd204: /axi/spi@ff040000/ad9081@0,jesd204:0,parent=spi1.0: JESD204[2] transition opt_setup_stage5 -> clocks_enable
[    8.141695] jesd204: /axi/spi@ff040000/ad9081@0,jesd204:0,parent=spi1.0: JESD204[0] transition opt_setup_stage5 -> clocks_enable
[    8.188635] axi_adxcvr 84a60000.axi-adxcvr-rx: adxcvr_clk_enable: CPLL RX buffer underflow error, status: 0x61
[    8.198624] axi_adxcvr 84a60000.axi-adxcvr-rx: adxcvr_clk_enable: CPLL RX buffer overflow error, status: 0x61
[    8.208595] jesd204: /axi/spi@ff040000/ad9081@0,jesd204:0,parent=spi1.0: JESD204[2] transition clocks_enable -> link_enable
[    8.219719] jesd204: /axi/spi@ff040000/ad9081@0,jesd204:0,parent=spi1.0: JESD204[0] transition clocks_enable -> link_enable
[    8.252004] ad9081 spi1.0: JESD RX (JTX) Link2 in DATA, SYNC deasserted, PLL locked, PHASE established, MODE valid
[    8.262613] ad9081 spi1.0: JESD TX (JRX) Link0 0xF lanes in DATA
[    8.268623] jesd204: /axi/spi@ff040000/ad9081@0,jesd204:0,parent=spi1.0: JESD204[2] transition link_enable -> link_running
[    8.279661] jesd204: /axi/spi@ff040000/ad9081@0,jesd204:0,parent=spi1.0: JESD204[0] transition link_enable -> link_running
[    8.290707] jesd204: /axi/spi@ff040000/ad9081@0,jesd204:0,parent=spi1.0: JESD204[2] transition link_running -> opt_post_running_stage
[    8.302697] jesd204: /axi/spi@ff040000/ad9081@0,jesd204:0,parent=spi1.0: JESD204[0] transition link_running -> opt_post_running_stage
[    8.323925] input: gpio-keys as /devices/platform/gpio-keys/input/input0
[    8.330940] of_cfs_init
[    8.333399] of_cfs_init: OK
[    8.336343] cfg80211: Loading compiled-in X.509 certificates for regulatory database
[    8.474388] cfg80211: Loaded X.509 cert 'sforshee: 00b28ddf47aef9cea7'
[    8.480918] clk: Not disabling unused clocks
[    8.485450] ALSA device list:
[    8.488409]   No soundcards found.
[    8.492075] platform regulatory.0: Direct firmware load for regulatory.db failed with error -2
[    8.500682] cfg80211: failed to load regulatory.db
[    8.515948] EXT4-fs (mmcblk0p2): mounted filesystem with ordered data mode. Opts: (null)
[    8.524064] VFS: Mounted root (ext4 filesystem) on device 179:2.
[    8.537406] devtmpfs: mounted
[    8.541221] Freeing unused kernel memory: 2560K
[    8.551815] Run /sbin/init as init process
[    8.555910]   with arguments:
[    8.555912]     /sbin/init
[    8.555914]   with environment:
[    8.555917]     HOME=/
[    8.555919]     TERM=linux
[    9.129194] systemd[1]: systemd 241 running in system mode. (+PAM +AUDIT +SELINUX +IMA +APPARMOR +SMACK +SYSVINIT +UTMP +LIBCRYPTSETUP +GCRYPT +GNUTLS +ACL +XZ +LZ4 +SECCOMP +BLKID +ELFUTILS +KMOD -IDN2 +IDN -PCRE2 default-hierarchy=hybrid)
[    9.151070] systemd[1]: Detected architecture arm64.
[    9.172482] systemd[1]: Set hostname to <analog>.
[    9.368283] systemd[1]: File /lib/systemd/system/systemd-journald.service:12 configures an IP firewall (IPAddressDeny=any), but the local system does not support BPF/cgroup based firewalling.
[    9.385329] systemd[1]: Proceeding WITHOUT firewalling in effect! (This warning is only shown for the first loaded unit using IP firewalling.)
[    9.548278] systemd[1]: /etc/systemd/system/tof-server.service:1: Assignment outside of section. Ignoring.
[    9.557966] systemd[1]: /etc/systemd/system/tof-server.service:2: Assignment outside of section. Ignoring.
[    9.740892] random: systemd: uninitialized urandom read (16 bytes read)
[    9.755633] random: systemd: uninitialized urandom read (16 bytes read)
[    9.762458] systemd[1]: Listening on initctl Compatibility Named Pipe.
[    9.783839] random: systemd: uninitialized urandom read (16 bytes read)
[    9.790743] systemd[1]: Listening on Syslog Socket.
[    9.808392] systemd[1]: Created slice system-systemd\x2dfsck.slice.
[   10.386068] ------------[ cut here ]------------
[   10.386077] Enabling unprepared \xa0\xe9X\x88\xff\xff\xffpX\x88\xff\xff\xff
[   10.386122] WARNING: CPU: 3 PID: 130 at drivers/clk/clk.c:1012 clk_core_enable+0xa4/0xc0
[   10.386125] Modules linked in:
[   10.386136] CPU: 3 PID: 130 Comm: kworker/3:1H Not tainted 5.10.0-98103-g2aa7ac113716 #5577
[   10.386139] Hardware name: ZynqMP ZCU102 Rev1.0 (DT)
[   10.386148] Workqueue: kblockd blk_mq_run_work_fn
[   10.386156] pstate: 80000085 (Nzcv daIf -PAN -UAO -TCO BTYPE=--)
[   10.386161] pc : clk_core_enable+0xa4/0xc0
[   10.386166] lr : clk_core_enable+0xa4/0xc0
[   10.386169] sp : ffffffc012b532d0
[   10.386172] x29: ffffffc012b532d0 x28: ffffff8800330c10 
[   10.386179] x27: ffffff8800330d48 x26: 0000005000000101 
[   10.386186] x25: 00000002651caa18 x24: 0000000000000001 
[   10.386192] x23: ffffff8801120480 x22: ffffff88010c3220 
[   10.386199] x21: ffffff8801587000 x20: ffffff8801587008 
[   10.386205] x19: ffffff8801587008 x18: 0000000000000030 
[   10.386211] x17: 0000000000000002 x16: 0000b1bd7a3bac30 
[   10.386218] x15: ffffffffffff8750 x14: ffffffc011d3b1a0 
[   10.386224] x13: ffffffc011d3b1c8 x12: 00000000000005eb 
[   10.386231] x11: 00000000000001f9 x10: ffffffc011d671c8 
[   10.386237] x9 : 00000000fffff800 x8 : ffffffc011d3b1c8 
[   10.386244] x7 : ffffffc011d671c8 x6 : 0000000000000001 
[   10.386250] x5 : ffffff887f7a89e0 x4 : 0000000000000000 
[   10.386256] x3 : 0000000000000027 x2 : 0000000000000023 
[   10.386263] x1 : 64d544de3598ec00 x0 : 0000000000000000 
[   10.386269] Call trace:
[   10.386276]  clk_core_enable+0xa4/0xc0
[   10.386281]  clk_enable+0x2c/0x60
[   10.386287]  zynqmp_runtime_resume+0x24/0x84
[   10.386294]  pm_generic_runtime_resume+0x30/0x50
[   10.386300]  __genpd_runtime_resume+0x30/0xb0
[   10.386306]  genpd_runtime_resume+0x90/0x250
[   10.386312]  __rpm_callback+0x10c/0x1e0
[   10.386317]  rpm_callback+0x5c/0x84
[   10.386322]  rpm_resume+0x4a4/0x74c
[   10.386327]  __pm_runtime_resume+0x78/0xc4
[   10.386331]  spi_mem_access_start.isra.0+0x30/0x80
[   10.386336]  spi_mem_exec_op+0x3b0/0x424
[   10.386341]  spi_nor_read_sr+0x78/0xe0
[   10.386346]  spi_nor_wait_till_ready_with_timeout+0xb4/0x2f0
[   10.386350]  spi_nor_read+0x188/0x380
[   10.386355]  mtd_read_oob_std+0x78/0x84
[   10.386360]  mtd_read_oob+0x7c/0x134
[   10.386365]  mtd_read+0x48/0x7c
[   10.386370]  mtdblock_readsect+0x6c/0x150
[   10.386375]  mtd_queue_rq+0x2cc/0x5a0
[   10.386381]  blk_mq_dispatch_rq_list+0x110/0x790
[   10.386387]  __blk_mq_do_dispatch_sched+0x200/0x274
[   10.386393]  __blk_mq_sched_dispatch_requests+0x1a8/0x1fc
[   10.386398]  blk_mq_sched_dispatch_requests+0x3c/0x7c
[   10.386403]  __blk_mq_run_hw_queue+0x98/0x100
[   10.386408]  blk_mq_run_work_fn+0x24/0x30
[   10.386414]  process_one_work+0x1d4/0x380
[   10.386418]  worker_thread+0x78/0x4e0
[   10.386424]  kthread+0x124/0x130
[   10.386429]  ret_from_fork+0x10/0x3c
[   10.386433] ---[ end trace 853622b2d0c3e892 ]---
[   10.386441] zynqmp-qspi ff0f0000.spi: Cannot enable APB clock.
[   10.386491] spi_master spi0: Failed to power device: -108
[   10.386501] blk_update_request: I/O error, dev mtdblock0, sector 8 op 0x0:(READ) flags 0x80700 phys_seg 1 prio class 0
[   10.386571] spi_master spi0: Failed to power device: -22
[   10.386578] blk_update_request: I/O error, dev mtdblock0, sector 8 op 0x0:(READ) flags 0x0 phys_seg 8 prio class 0
[   10.386584] Buffer I/O error on dev mtdblock0, logical block 8, async page read
[   10.386593] spi_master spi0: Failed to power device: -22
[   10.386598] blk_update_request: I/O error, dev mtdblock0, sector 9 op 0x0:(READ) flags 0x0 phys_seg 7 prio class 0
[   10.386602] Buffer I/O error on dev mtdblock0, logical block 9, async page read
[   10.386609] spi_master spi0: Failed to power device: -22
[   10.386615] blk_update_request: I/O error, dev mtdblock0, sector 10 op 0x0:(READ) flags 0x0 phys_seg 6 prio class 0
[   10.386619] Buffer I/O error on dev mtdblock0, logical block 10, async page read
[   10.386626] spi_master spi0: Failed to power device: -22
[   10.386631] blk_update_request: I/O error, dev mtdblock0, sector 11 op 0x0:(READ) flags 0x0 phys_seg 5 prio class 0
[   10.386635] Buffer I/O error on dev mtdblock0, logical block 11, async page read
[   10.386642] spi_master spi0: Failed to power device: -22
[   10.386648] blk_update_request: I/O error, dev mtdblock0, sector 12 op 0x0:(READ) flags 0x0 phys_seg 4 prio class 0
[   10.386652] Buffer I/O error on dev mtdblock0, logical block 12, async page read
[   10.386658] spi_master spi0: Failed to power device: -22
[   10.386664] blk_update_request: I/O error, dev mtdblock0, sector 13 op 0x0:(READ) flags 0x0 phys_seg 3 prio class 0
[   10.386668] Buffer I/O error on dev mtdblock0, logical block 13, async page read
[   10.386674] spi_master spi0: Failed to power device: -22
[   10.386680] blk_update_request: I/O error, dev mtdblock0, sector 14 op 0x0:(READ) flags 0x0 phys_seg 2 prio class 0
[   10.386684] Buffer I/O error on dev mtdblock0, logical block 14, async page read
[   10.386690] spi_master spi0: Failed to power device: -22
[   10.386696] blk_update_request: I/O error, dev mtdblock0, sector 15 op 0x0:(READ) flags 0x0 phys_seg 1 prio class 0
[   10.386699] Buffer I/O error on dev mtdblock0, logical block 15, async page read
[   10.386988] spi_master spi0: Failed to power device: -22
[   10.386996] blk_update_request: I/O error, dev mtdblock1, sector 10112 op 0x0:(READ) flags 0x80700 phys_seg 1 prio class 0
[   10.387039] spi_master spi0: Failed to power device: -22
[   10.387045] Buffer I/O error on dev mtdblock1, logical block 10112, async page read
[   10.387053] spi_master spi0: Failed to power device: -22
[   10.387057] Buffer I/O error on dev mtdblock1, logical block 10113, async page read
[   10.387064] spi_master spi0: Failed to power device: -22
[   10.387072] spi_master spi0: Failed to power device: -22
[   10.387079] spi_master spi0: Failed to power device: -22
[   10.387087] spi_master spi0: Failed to power device: -22
[   10.387094] spi_master spi0: Failed to power device: -22
[   10.387101] spi_master spi0: Failed to power device: -22
[   10.387327] spi_master spi0: Failed to power device: -22
[   10.387371] spi_master spi0: Failed to power device: -22
[   10.387380] spi_master spi0: Failed to power device: -22
[   10.387388] spi_master spi0: Failed to power device: -22
[   10.387396] spi_master spi0: Failed to power device: -22
[   10.387403] spi_master spi0: Failed to power device: -22
[   10.387411] spi_master spi0: Failed to power device: -22
[   10.387418] spi_master spi0: Failed to power device: -22
[   10.387425] spi_master spi0: Failed to power device: -22
[   10.387713] spi_master spi0: Failed to power device: -22
[   10.387788] spi_master spi0: Failed to power device: -22
[   10.387798] spi_master spi0: Failed to power device: -22
[   10.387806] spi_master spi0: Failed to power device: -22
[   10.387814] spi_master spi0: Failed to power device: -22
[   10.387821] spi_master spi0: Failed to power device: -22
[   10.387828] spi_master spi0: Failed to power device: -22
[   10.387835] spi_master spi0: Failed to power device: -22
[   10.387848] spi_master spi0: Failed to power device: -22
[   10.511037] EXT4-fs (mmcblk0p2): re-mounted. Opts: (null)
[   10.611873] systemd-journald[168]: Received request to flush runtime journal from PID 1
[   16.515834] macb ff0e0000.ethernet eth0: PHY [ff0e0000.ethernet-ffffffff:0c] driver [TI DP83867] (irq=POLL)
[   16.515847] macb ff0e0000.ethernet eth0: configuring for phy/rgmii-id link mode
[   16.780073] Adding 101372k swap on /var/swap.  Priority:-2 extents:2 across:666620k SS
[   18.431794] random: crng init done
[   18.431803] random: 7 urandom warning(s) missed due to ratelimiting
[   19.326233] broken atomic modeset userspace detected, disabling atomic
[   19.585398] macb ff0e0000.ethernet eth0: Link is Up - 1Gbps/Full - flow control off
[   19.585422] IPv6: ADDRCONF(NETDEV_CHANGE): eth0: link becomes ready
[   21.997213] broken atomic modeset userspace detected, disabling atomic
[   24.903664] broken atomic modeset userspace detected, disabling atomic
[   27.547261] broken atomic modeset userspace detected, disabling atomic