[    0.000000] Booting Linux on physical CPU 0x0000000000 [0x410fd034]
[    0.000000] Linux version 5.10.0-98103-g2aa7ac113716 (jenkins@romlxbuild1.adlk.analog.com) (aarch64-xilinx-linux-gcc.real (GCC) 10.2.0, GNU ld (GNU Binutils) 2.35.0.20200730) #5577 SMP Wed Mar 23 07:28:49 GMT 2022
[    0.000000] Machine model: ZynqMP ZCU102 Rev1.0
[    0.000000] earlycon: cdns0 at MMIO 0x00000000ff000000 (options '115200n8')
[    0.000000] printk: bootconsole [cdns0] enabled
[    0.000000] efi: UEFI not found.
[    0.000000] cma: Reserved 256 MiB at 0x0000000070000000
[    0.000000] Zone ranges:
[    0.000000]   DMA      [mem 0x0000000000000000-0x000000003fffffff]
[    0.000000]   DMA32    [mem 0x0000000040000000-0x00000000ffffffff]
[    0.000000]   Normal   [mem 0x0000000100000000-0x000000087fffffff]
[    0.000000] Movable zone start for each node
[    0.000000] Early memory node ranges
[    0.000000]   node   0: [mem 0x0000000000000000-0x000000007fffffff]
[    0.000000]   node   0: [mem 0x0000000800000000-0x000000087fffffff]
[    0.000000] Initmem setup node 0 [mem 0x0000000000000000-0x000000087fffffff]
[    0.000000] On node 0 totalpages: 1048576
[    0.000000]   DMA zone: 3584 pages used for memmap
[    0.000000]   DMA zone: 0 pages reserved
[    0.000000]   DMA zone: 262144 pages, LIFO batch:63
[    0.000000]   DMA32 zone: 3584 pages used for memmap
[    0.000000]   DMA32 zone: 262144 pages, LIFO batch:63
[    0.000000]   Normal zone: 7168 pages used for memmap
[    0.000000]   Normal zone: 524288 pages, LIFO batch:63
[    0.000000] psci: probing for conduit method from DT.
[    0.000000] psci: PSCIv1.1 detected in firmware.
[    0.000000] psci: Using standard PSCI v0.2 function IDs
[    0.000000] psci: MIGRATE_INFO_TYPE not supported.
[    0.000000] psci: SMC Calling Convention v1.2
[    0.000000] percpu: Embedded 22 pages/cpu s49496 r8192 d32424 u90112
[    0.000000] pcpu-alloc: s49496 r8192 d32424 u90112 alloc=22*4096
[    0.000000] pcpu-alloc: [0] 0 [0] 1 [0] 2 [0] 3 
[    0.000000] Detected VIPT I-cache on CPU0
[    0.000000] CPU features: detected: ARM erratum 845719
[    0.000000] Built 1 zonelists, mobility grouping on.  Total pages: 1034240
[    0.000000] Kernel command line: console=ttyPS0,115200 root=/dev/mmcblk0p2 rw earlycon rootfstype=ext4 rootwait clk_ignore_unused cpuidle.off=1 root=/dev/mmcblk0p2 rw rootwait
[    0.000000] Dentry cache hash table entries: 524288 (order: 10, 4194304 bytes, linear)
[    0.000000] Inode-cache hash table entries: 262144 (order: 9, 2097152 bytes, linear)
[    0.000000] mem auto-init: stack:off, heap alloc:off, heap free:off
[    0.000000] software IO TLB: mapped [mem 0x000000003bfff000-0x000000003ffff000] (64MB)
[    0.000000] Memory: 3761904K/4194304K available (15296K kernel code, 1636K rwdata, 11876K rodata, 2560K init, 507K bss, 170256K reserved, 262144K cma-reserved)
[    0.000000] rcu: Hierarchical RCU implementation.
[    0.000000] rcu: 	RCU event tracing is enabled.
[    0.000000] rcu: 	RCU restricting CPUs from NR_CPUS=8 to nr_cpu_ids=4.
[    0.000000] rcu: RCU calculated value of scheduler-enlistment delay is 25 jiffies.
[    0.000000] rcu: Adjusting geometry for rcu_fanout_leaf=16, nr_cpu_ids=4
[    0.000000] NR_IRQS: 64, nr_irqs: 64, preallocated irqs: 0
[    0.000000] GIC: Adjusting CPU interface base to 0x00000000f902f000
[    0.000000] GIC: Using split EOI/Deactivate mode
[    0.000000] random: get_random_bytes called from start_kernel+0x31c/0x54c with crng_init=0
[    0.000000] arch_timer: cp15 timer(s) running at 100.00MHz (phys).
[    0.000000] clocksource: arch_sys_counter: mask: 0xffffffffffffff max_cycles: 0x171024e7e0, max_idle_ns: 440795205315 ns
[    0.000003] sched_clock: 56 bits at 100MHz, resolution 10ns, wraps every 4398046511100ns
[    0.008464] Console: colour dummy device 80x25
[    0.012483] Calibrating delay loop (skipped), value calculated using timer frequency.. 200.00 BogoMIPS (lpj=400000)
[    0.022841] pid_max: default: 32768 minimum: 301
[    0.027550] Mount-cache hash table entries: 8192 (order: 4, 65536 bytes, linear)
[    0.034789] Mountpoint-cache hash table entries: 8192 (order: 4, 65536 bytes, linear)
[    0.043400] rcu: Hierarchical SRCU implementation.
[    0.047561] EFI services will not be available.
[    0.051938] smp: Bringing up secondary CPUs ...
[    0.056657] Detected VIPT I-cache on CPU1
[    0.056696] CPU1: Booted secondary processor 0x0000000001 [0x410fd034]
[    0.057060] Detected VIPT I-cache on CPU2
[    0.057085] CPU2: Booted secondary processor 0x0000000002 [0x410fd034]
[    0.057422] Detected VIPT I-cache on CPU3
[    0.057446] CPU3: Booted secondary processor 0x0000000003 [0x410fd034]
[    0.057492] smp: Brought up 1 node, 4 CPUs
[    0.091780] SMP: Total of 4 processors activated.
[    0.096452] CPU features: detected: 32-bit EL0 Support
[    0.101556] CPU features: detected: CRC32 instructions
[    0.106694] CPU: All CPU(s) started at EL2
[    0.110736] alternatives: patching kernel code
[    0.116167] devtmpfs: initialized
[    0.124064] Registered cp15_barrier emulation handler
[    0.124115] Registered setend emulation handler
[    0.128092] clocksource: jiffies: mask: 0xffffffff max_cycles: 0xffffffff, max_idle_ns: 7645041785100000 ns
[    0.137670] futex hash table entries: 1024 (order: 4, 65536 bytes, linear)
[    0.151020] pinctrl core: initialized pinctrl subsystem
[    0.151670] NET: Registered protocol family 16
[    0.156083] DMA: preallocated 512 KiB GFP_KERNEL pool for atomic allocations
[    0.162099] DMA: preallocated 512 KiB GFP_KERNEL|GFP_DMA pool for atomic allocations
[    0.169823] DMA: preallocated 512 KiB GFP_KERNEL|GFP_DMA32 pool for atomic allocations
[    0.177627] audit: initializing netlink subsys (disabled)
[    0.183079] audit: type=2000 audit(0.116:1): state=initialized audit_enabled=0 res=1
[    0.183426] hw-breakpoint: found 6 breakpoint and 4 watchpoint registers.
[    0.197455] ASID allocator initialised with 65536 entries
[    0.224348] HugeTLB registered 1.00 GiB page size, pre-allocated 0 pages
[    0.225403] HugeTLB registered 32.0 MiB page size, pre-allocated 0 pages
[    0.232074] HugeTLB registered 2.00 MiB page size, pre-allocated 0 pages
[    0.238737] HugeTLB registered 64.0 KiB page size, pre-allocated 0 pages
[    1.304299] DRBG: Continuing without Jitter RNG
[    1.382135] raid6: neonx8   gen()  2146 MB/s
[    1.450178] raid6: neonx8   xor()  1600 MB/s
[    1.518244] raid6: neonx4   gen()  2194 MB/s
[    1.586286] raid6: neonx4   xor()  1568 MB/s
[    1.654353] raid6: neonx2   gen()  2076 MB/s
[    1.722404] raid6: neonx2   xor()  1442 MB/s
[    1.790468] raid6: neonx1   gen()  1772 MB/s
[    1.858514] raid6: neonx1   xor()  1220 MB/s
[    1.926578] raid6: int64x8  gen()  1438 MB/s
[    1.994629] raid6: int64x8  xor()   771 MB/s
[    2.062706] raid6: int64x4  gen()  1598 MB/s
[    2.130748] raid6: int64x4  xor()   817 MB/s
[    2.198816] raid6: int64x2  gen()  1397 MB/s
[    2.266882] raid6: int64x2  xor()   750 MB/s
[    2.334935] raid6: int64x1  gen()  1033 MB/s
[    2.403004] raid6: int64x1  xor()   517 MB/s
[    2.403043] raid6: using algorithm neonx4 gen() 2194 MB/s
[    2.406996] raid6: .... xor() 1568 MB/s, rmw enabled
[    2.411926] raid6: using neon recovery algorithm
[    2.416936] iommu: Default domain type: Translated 
[    2.421550] SCSI subsystem initialized
[    2.425096] libata version 3.00 loaded.
[    2.425219] usbcore: registered new interface driver usbfs
[    2.430552] usbcore: registered new interface driver hub
[    2.435825] usbcore: registered new device driver usb
[    2.440958] mc: Linux media interface: v0.10
[    2.445075] videodev: Linux video capture interface: v2.00
[    2.450565] EDAC MC: Ver: 3.0.0
[    2.454006] zynqmp-ipi-mbox mailbox@ff990400: Registered ZynqMP IPI mbox with TX/RX channels.
[    2.462504] jesd204: created con: id=0, topo=0, link=0, /axi/spi@ff050000/hmc7044@0 <-> /fpga-axi@0/axi-adxcvr-tx@84b60000
[    2.473095] jesd204: created con: id=1, topo=0, link=2, /axi/spi@ff050000/hmc7044@0 <-> /fpga-axi@0/axi-adxcvr-rx@84a60000
[    2.484079] jesd204: created con: id=2, topo=0, link=0, /fpga-axi@0/axi-adxcvr-tx@84b60000 <-> /fpga-axi@0/axi-jesd204-tx@84b90000
[    2.495754] jesd204: created con: id=3, topo=0, link=2, /fpga-axi@0/axi-adxcvr-rx@84a60000 <-> /fpga-axi@0/axi-jesd204-rx@84a90000
[    2.507431] jesd204: created con: id=4, topo=0, link=0, /fpga-axi@0/axi-jesd204-tx@84b90000 <-> /fpga-axi@0/axi-ad9081-tx-hpc@84b10000
[    2.519460] jesd204: created con: id=5, topo=0, link=2, /fpga-axi@0/axi-jesd204-rx@84a90000 <-> /fpga-axi@0/axi-ad9081-rx-hpc@84a10000
[    2.531482] jesd204: created con: id=6, topo=0, link=2, /fpga-axi@0/axi-ad9081-rx-hpc@84a10000 <-> /axi/spi@ff040000/ad9081@0
[    2.542723] jesd204: created con: id=7, topo=0, link=0, /fpga-axi@0/axi-ad9081-tx-hpc@84b10000 <-> /axi/spi@ff040000/ad9081@0
[    2.553973] jesd204: /axi/spi@ff040000/ad9081@0: JESD204[2] transition uninitialized -> initialized
[    2.562960] jesd204: /axi/spi@ff040000/ad9081@0: JESD204[0] transition uninitialized -> initialized
[    2.571952] jesd204: found 8 devices and 1 topologies
[    2.576995] FPGA manager framework
[    2.580473] Advanced Linux Sound Architecture Driver Initialized.
[    2.586767] Bluetooth: Core ver 2.22
[    2.589954] NET: Registered protocol family 31
[    2.594356] Bluetooth: HCI device and connection manager initialized
[    2.600672] Bluetooth: HCI socket layer initialized
[    2.605514] Bluetooth: L2CAP socket layer initialized
[    2.610538] Bluetooth: SCO socket layer initialized
[    2.615724] clocksource: Switched to clocksource arch_sys_counter
[    2.621529] VFS: Disk quotas dquot_6.6.0
[    2.625365] VFS: Dquot-cache hash table entries: 512 (order 0, 4096 bytes)
[    2.636086] NET: Registered protocol family 2
[    2.636811] tcp_listen_portaddr_hash hash table entries: 2048 (order: 3, 32768 bytes, linear)
[    2.645005] TCP established hash table entries: 32768 (order: 6, 262144 bytes, linear)
[    2.653030] TCP bind hash table entries: 32768 (order: 7, 524288 bytes, linear)
[    2.660475] TCP: Hash tables configured (established 32768 bind 32768)
[    2.666651] UDP hash table entries: 2048 (order: 4, 65536 bytes, linear)
[    2.673316] UDP-Lite hash table entries: 2048 (order: 4, 65536 bytes, linear)
[    2.680476] NET: Registered protocol family 1
[    2.684932] RPC: Registered named UNIX socket transport module.
[    2.690553] RPC: Registered udp transport module.
[    2.695217] RPC: Registered tcp transport module.
[    2.699887] RPC: Registered tcp NFSv4.1 backchannel transport module.
[    2.706878] PCI: CLS 0 bytes, default 64
[    2.710586] hw perfevents: no interrupt-affinity property for /pmu, guessing.
[    2.717439] hw perfevents: enabled with armv8_pmuv3 PMU driver, 7 counters available
[    2.725790] Initialise system trusted keyrings
[    2.729466] workingset: timestamp_bits=62 max_order=20 bucket_order=0
[    2.736365] NFS: Registering the id_resolver key type
[    2.740817] Key type id_resolver registered
[    2.744955] Key type id_legacy registered
[    2.748944] nfs4filelayout_init: NFSv4 File Layout Driver Registering...
[    2.755610] jffs2: version 2.2. (NAND) (SUMMARY)  Â© 2001-2006 Red Hat, Inc.
[    2.798255] NET: Registered protocol family 38
[    2.798297] xor: measuring software checksum speed
[    2.805986]    8regs           :  2363 MB/sec
[    2.809654]    32regs          :  2799 MB/sec
[    2.814597]    arm64_neon      :  2380 MB/sec
[    2.814787] xor: using function: 32regs (2799 MB/sec)
[    2.819813] Key type asymmetric registered
[    2.823874] Asymmetric key parser 'x509' registered
[    2.828735] Block layer SCSI generic (bsg) driver version 0.4 loaded (major 248)
[    2.836072] io scheduler mq-deadline registered
[    2.840568] io scheduler kyber registered
[    2.869975] Serial: 8250/16550 driver, 4 ports, IRQ sharing disabled
[    2.874611] cacheinfo: Unable to detect cache hierarchy for CPU 0
[    2.880942] brd: module loaded
[    2.885098] loop: module loaded
[    2.885648] Registered mathworks_ip class
[    2.888987] libphy: Fixed MDIO Bus: probed
[    2.891955] tun: Universal TUN/TAP device driver, 1.6
[    2.896023] CAN device driver interface
[    2.900561] usbcore: registered new interface driver asix
[    2.905157] usbcore: registered new interface driver ax88179_178a
[    2.911192] usbcore: registered new interface driver cdc_ether
[    2.916983] usbcore: registered new interface driver net1080
[    2.922608] usbcore: registered new interface driver cdc_subset
[    2.928489] usbcore: registered new interface driver zaurus
[    2.934036] usbcore: registered new interface driver cdc_ncm
[    2.940442] ehci_hcd: USB 2.0 'Enhanced' Host Controller (EHCI) Driver
[    2.946119] ehci-pci: EHCI PCI platform driver
[    2.950914] usbcore: registered new interface driver uas
[    2.955834] usbcore: registered new interface driver usb-storage
[    2.961823] usbcore: registered new interface driver usbserial_generic
[    2.968273] usbserial: USB Serial support registered for generic
[    2.974246] usbcore: registered new interface driver ftdi_sio
[    2.979949] usbserial: USB Serial support registered for FTDI USB Serial Device
[    2.987225] usbcore: registered new interface driver upd78f0730
[    2.993097] usbserial: USB Serial support registered for upd78f0730
[    3.000772] rtc_zynqmp ffa60000.rtc: registered as rtc0
[    3.004523] rtc_zynqmp ffa60000.rtc: setting system clock to 2022-03-26T02:34:33 UTC (1648262073)
[    3.013386] i2c /dev entries driver
[    3.018699] usbcore: registered new interface driver uvcvideo
[    3.022498] USB Video Class driver (1.1.1)
[    3.028076] Bluetooth: HCI UART driver ver 2.3
[    3.030969] Bluetooth: HCI UART protocol H4 registered
[    3.036078] Bluetooth: HCI UART protocol BCSP registered
[    3.041368] Bluetooth: HCI UART protocol LL registered
[    3.046456] Bluetooth: HCI UART protocol ATH3K registered
[    3.051830] Bluetooth: HCI UART protocol Three-wire (H5) registered
[    3.058086] Bluetooth: HCI UART protocol Intel registered
[    3.063422] Bluetooth: HCI UART protocol QCA registered
[    3.068622] usbcore: registered new interface driver bcm203x
[    3.074248] usbcore: registered new interface driver bpa10x
[    3.079781] usbcore: registered new interface driver bfusb
[    3.085229] usbcore: registered new interface driver btusb
[    3.090697] usbcore: registered new interface driver ath3k
[    3.096180] EDAC MC: ECC not enabled
[    3.099803] EDAC DEVICE0: Giving out device to module zynqmp-ocm-edac controller zynqmp_ocm: DEV ff960000.memory-controller (INTERRUPT)
[    3.112115] sdhci: Secure Digital Host Controller Interface driver
[    3.117906] sdhci: Copyright(c) Pierre Ossman
[    3.122231] sdhci-pltfm: SDHCI platform and OF driver helper
[    3.128288] ledtrig-cpu: registered to indicate activity on CPUs
[    3.133834] SMCCC: SOC_ID: ARCH_SOC_ID not implemented, skipping ....
[    3.140265] zynqmp_firmware_probe Platform Management API v1.1
[    3.146021] zynqmp_firmware_probe Trustzone version v1.0
[    3.185597] zynqmp-pinctrl firmware:zynqmp-firmware:pinctrl: zynqmp pinctrl initialized
[    3.233554] zynqmp-aes firmware:zynqmp-firmware:zynqmp-aes: will run requests pump with realtime priority
[    3.249404] alg: No test for xilinx-keccak-384 (zynqmp-keccak-384)
[    3.250111] alg: No test for xilinx-zynqmp-rsa (zynqmp-rsa)
[    3.255621] usbcore: registered new interface driver usbhid
[    3.261014] usbhid: USB HID core driver
[    3.272254] axi_sysid 85000000.axi-sysid-0: AXI System ID core version (1.01.a) found
[    3.274603] axi_sysid 85000000.axi-sysid-0: [ad9081_fmca_ebz] on [zcu102] git branch <master> git <084d44c9780640ca93fd847b1d9ec70dd65f5c67> clean [2022-03-18 04:17:50] UTC
[    3.290294] fpga_manager fpga0: Xilinx ZynqMP FPGA Manager registered
[    3.296656] usbcore: registered new interface driver snd-usb-audio
[    3.304103] pktgen: Packet Generator for packet performance testing. Version: 2.75
[    3.310299] Initializing XFRM netlink socket
[    3.314130] NET: Registered protocol family 10
[    3.318852] Segment Routing with IPv6
[    3.322221] sit: IPv6, IPv4 and MPLS over IPv4 tunneling driver
[    3.328301] NET: Registered protocol family 17
[    3.332406] NET: Registered protocol family 15
[    3.336904] can: controller area network core
[    3.341155] NET: Registered protocol family 29
[    3.345545] can: raw protocol
[    3.348481] can: broadcast manager protocol
[    3.352635] can: netlink gateway - max_hops=1
[    3.357032] Bluetooth: RFCOMM TTY layer initialized
[    3.361810] Bluetooth: RFCOMM socket layer initialized
[    3.366919] Bluetooth: RFCOMM ver 1.11
[    3.370628] Bluetooth: BNEP (Ethernet Emulation) ver 1.3
[    3.375899] Bluetooth: BNEP filters: protocol multicast
[    3.381093] Bluetooth: BNEP socket layer initialized
[    3.386020] Bluetooth: HIDP (Human Interface Emulation) ver 1.2
[    3.391904] Bluetooth: HIDP socket layer initialized
[    3.396958] 9pnet: Installing 9P2000 support
[    3.401081] NET: Registered protocol family 36
[    3.405499] Key type dns_resolver registered
[    3.409939] registered taskstats version 1
[    3.413794] Loading compiled-in X.509 certificates
[    3.418910] Btrfs loaded, crc32c=crc32c-generic
[    3.431300] ff000000.serial: ttyPS0 at MMIO 0xff000000 (irq = 49, base_baud = 6249999) is a xuartps
[    3.440321] printk: console [ttyPS0] enabled
[    3.444616] printk: bootconsole [cdns0] disabled
[    3.454240] ff010000.serial: ttyPS1 at MMIO 0xff010000 (irq = 50, base_baud = 6249999) is a xuartps
[    3.467478] of-fpga-region fpga-full: FPGA Region probed
[    3.474442] nwl-pcie fd0e0000.pcie: host bridge /axi/pcie@fd0e0000 ranges:
[    3.481335] nwl-pcie fd0e0000.pcie:      MEM 0x00e0000000..0x00efffffff -> 0x00e0000000
[    3.489338] nwl-pcie fd0e0000.pcie:      MEM 0x0600000000..0x07ffffffff -> 0x0600000000
[    3.497399] nwl-pcie fd0e0000.pcie: Link is DOWN
[    3.502157] nwl-pcie fd0e0000.pcie: PCI host bridge to bus 0000:00
[    3.508335] pci_bus 0000:00: root bus resource [bus 00-ff]
[    3.513817] pci_bus 0000:00: root bus resource [mem 0xe0000000-0xefffffff]
[    3.520687] pci_bus 0000:00: root bus resource [mem 0x600000000-0x7ffffffff pref]
[    3.528189] pci 0000:00:00.0: [10ee:d021] type 01 class 0x060400
[    3.534248] pci 0000:00:00.0: PME# supported from D0 D1 D2 D3hot
[    3.544691] pci 0000:00:00.0: PCI bridge to [bus 01-0c]
[    3.550664] xilinx-zynqmp-dma fd500000.dma: ZynqMP DMA driver Probe success
[    3.557835] xilinx-zynqmp-dma fd510000.dma: ZynqMP DMA driver Probe success
[    3.565013] xilinx-zynqmp-dma fd520000.dma: ZynqMP DMA driver Probe success
[    3.572191] xilinx-zynqmp-dma fd530000.dma: ZynqMP DMA driver Probe success
[    3.579353] xilinx-zynqmp-dma fd540000.dma: ZynqMP DMA driver Probe success
[    3.586534] xilinx-zynqmp-dma fd550000.dma: ZynqMP DMA driver Probe success
[    3.593703] xilinx-zynqmp-dma fd560000.dma: ZynqMP DMA driver Probe success
[    3.600870] xilinx-zynqmp-dma fd570000.dma: ZynqMP DMA driver Probe success
[    3.608272] xilinx-zynqmp-dpdma fd4c0000.dma-controller: Xilinx DPDMA engine is probed
[    3.616814] ahci-ceva fd0c0000.ahci: supply ahci not found, using dummy regulator
[    3.624350] ahci-ceva fd0c0000.ahci: supply phy not found, using dummy regulator
[    3.711900] hmc7044 spi2.0: PLL1: Acquisition, CLKIN0 @ 122880000 Hz, PFD: 80 kHz - PLL2: Locked @ 2720.000000 MHz
[    3.722616] jesd204: /axi/spi@ff050000/hmc7044@0,jesd204:1,parent=spi2.0: Using as SYSREF provider
[    3.732200] spi-nor spi0.0: SPI-NOR-UniqueID 100000235394732200270025081115266e
[    3.739509] spi-nor spi0.0: found n25q512a, expected m25p80
[    3.745710] spi-nor spi0.0: trying to lock already unlocked area
[    3.751717] spi-nor spi0.0: n25q512a (131072 Kbytes)
[    3.756696] 4 fixed-partitions partitions found on MTD device spi0.0
[    3.763043] Creating 4 MTD partitions on "spi0.0":
[    3.767828] 0x000000000000-0x000000100000 : "qspi-fsbl-uboot"
[    3.774310] 0x000000100000-0x000000600000 : "qspi-linux"
[    3.780262] 0x000000600000-0x000000620000 : "qspi-device-tree"
[    3.786737] 0x000000620000-0x000000c00000 : "qspi-rootfs"
[    3.795209] macb ff0e0000.ethernet: Not enabling partial store and forward
[    3.802724] libphy: MACB_mii_bus: probed
[    3.807782] macb ff0e0000.ethernet eth0: Cadence GEM rev 0x50070106 at 0xff0e0000 irq 30 (00:0a:35:04:8e:1b)
[    3.817993] xilinx-axipmon ffa00000.perf-monitor: Probed Xilinx APM
[    3.824572] xilinx-axipmon fd0b0000.perf-monitor: Probed Xilinx APM
[    3.831088] xilinx-axipmon fd490000.perf-monitor: Probed Xilinx APM
[    3.837624] xilinx-axipmon ffa10000.perf-monitor: Probed Xilinx APM
[    3.847639] pca953x 0-0020: supply vcc not found, using dummy regulator
[    3.854329] pca953x 0-0020: using no AI
[    3.858819] gpio-496 (sel0): hogged as output/low
[    3.863736] gpio-497 (sel1): hogged as output/high
[    3.868727] gpio-498 (sel2): hogged as output/high
[    3.873716] gpio-499 (sel3): hogged as output/high
[    3.878885] pca953x 0-0021: supply vcc not found, using dummy regulator
[    3.885555] pca953x 0-0021: using no AI
[    3.891326] ina2xx 2-0040: power monitor ina226 (Rshunt = 5000 uOhm)
[    3.898355] ina2xx 2-0041: power monitor ina226 (Rshunt = 5000 uOhm)
[    3.905392] ina2xx 2-0042: power monitor ina226 (Rshunt = 5000 uOhm)
[    3.912424] ina2xx 2-0043: power monitor ina226 (Rshunt = 5000 uOhm)
[    3.919452] ina2xx 2-0044: power monitor ina226 (Rshunt = 5000 uOhm)
[    3.926473] ina2xx 2-0045: power monitor ina226 (Rshunt = 5000 uOhm)
[    3.933504] ina2xx 2-0046: power monitor ina226 (Rshunt = 5000 uOhm)
[    3.940569] ina2xx 2-0047: power monitor ina226 (Rshunt = 5000 uOhm)
[    3.947599] ina2xx 2-004a: power monitor ina226 (Rshunt = 5000 uOhm)
[    3.954627] ina2xx 2-004b: power monitor ina226 (Rshunt = 5000 uOhm)
[    3.961032] i2c i2c-0: Added multiplexed i2c bus 2
[    3.966417] random: fast init done
[    3.969886] ina2xx 3-0040: power monitor ina226 (Rshunt = 2000 uOhm)
[    3.976915] ina2xx 3-0041: power monitor ina226 (Rshunt = 5000 uOhm)
[    3.983946] ina2xx 3-0042: power monitor ina226 (Rshunt = 5000 uOhm)
[    3.990979] ina2xx 3-0043: power monitor ina226 (Rshunt = 5000 uOhm)
[    3.998006] ina2xx 3-0044: power monitor ina226 (Rshunt = 5000 uOhm)
[    4.005037] ina2xx 3-0045: power monitor ina226 (Rshunt = 5000 uOhm)
[    4.012068] ina2xx 3-0046: power monitor ina226 (Rshunt = 5000 uOhm)
[    4.019114] ina2xx 3-0047: power monitor ina226 (Rshunt = 5000 uOhm)
[    4.025512] i2c i2c-0: Added multiplexed i2c bus 3
[    4.081255] i2c i2c-0: Added multiplexed i2c bus 4
[    4.086200] i2c i2c-0: Added multiplexed i2c bus 5
[    4.090989] pca954x 0-0075: registered 4 multiplexed busses for I2C mux pca9544
[    4.098339] cdns-i2c ff020000.i2c: 400 kHz mmio ff020000 irq 32
[    4.106075] at24 6-0054: supply vcc not found, using dummy regulator
[    4.112964] at24 6-0054: 1024 byte 24c08 EEPROM, writable, 1 bytes/write
[    4.119726] i2c i2c-1: Added multiplexed i2c bus 6
[    4.126154] si5341 7-0036: Chip: 5341 Grade: 1 Rev: 1
[    4.163846] i2c i2c-1: Added multiplexed i2c bus 7
[    4.171499] si570 8-005d: registered, current frequency 300000000 Hz
[    4.177898] i2c i2c-1: Added multiplexed i2c bus 8
[    4.197670] si570 9-005d: registered, current frequency 148500000 Hz
[    4.204069] i2c i2c-1: Added multiplexed i2c bus 9
[    4.209108] si5324 10-0069: si5328 probed
[    4.276085] si5324 10-0069: si5328 probe successful
[    4.281023] i2c i2c-1: Added multiplexed i2c bus 10
[    4.286047] i2c i2c-1: Added multiplexed i2c bus 11
[    4.291072] i2c i2c-1: Added multiplexed i2c bus 12
[    4.296096] i2c i2c-1: Added multiplexed i2c bus 13
[    4.300975] pca954x 1-0074: registered 8 multiplexed busses for I2C switch pca9548
[    4.309092] at24 14-0050: supply vcc not found, using dummy regulator
[    4.315877] at24 14-0050: 256 byte 24c02 EEPROM, writable, 1 bytes/write
[    4.322629] i2c i2c-1: Added multiplexed i2c bus 14
[    4.327667] i2c i2c-1: Added multiplexed i2c bus 15
[    4.332704] i2c i2c-1: Added multiplexed i2c bus 16
[    4.337735] i2c i2c-1: Added multiplexed i2c bus 17
[    4.342773] i2c i2c-1: Added multiplexed i2c bus 18
[    4.347820] i2c i2c-1: Added multiplexed i2c bus 19
[    4.352857] i2c i2c-1: Added multiplexed i2c bus 20
[    4.357892] i2c i2c-1: Added multiplexed i2c bus 21
[    4.362768] pca954x 1-0075: registered 8 multiplexed busses for I2C switch pca9548
[    4.370377] cdns-i2c ff030000.i2c: 400 kHz mmio ff030000 irq 33
[    4.380118] cdns-wdt fd4d0000.watchdog: Xilinx Watchdog Timer with timeout 60s
[    4.391063] axi_adxcvr 84a60000.axi-adxcvr-rx: AXI-ADXCVR-RX (17.05.a) using CPLL on GTH4 at 0x84A60000. Number of lanes: 4.
[    4.403231] axi_adxcvr 84b60000.axi-adxcvr-tx: AXI-ADXCVR-TX (17.05.a) using QPLL on GTH4 at 0x84B60000. Number of lanes: 4.
[    4.414860] axi-jesd204-rx 84a90000.axi-jesd204-rx: AXI-JESD204-RX (1.07.a) at 0x84A90000. Encoder 8b10b, width 4/4, lanes 4, jesd204-fsm.
[    4.422153] mmc0: SDHCI controller on ff170000.mmc [ff170000.mmc] using ADMA 64-bit
[    4.427698] axi-jesd204-tx 84b90000.axi-jesd204-tx: AXI-JESD204-TX (1.06.a) at 0x84B90000. Encoder 8b10b, width 4/4, lanes 4, jesd204-fsm.
[    4.448432] zynqmp-display fd4a0000.display: vtc bridge property not present
[    4.458086] xilinx-dp-snd-codec fd4a0000.display:zynqmp_dp_snd_codec0: Failed to get required clock freq
[    4.467588] xilinx-dp-snd-codec: probe of fd4a0000.display:zynqmp_dp_snd_codec0 failed with error -22
[    4.469506] mmc0: new high speed SDHC card at address 0001
[    4.477129] xilinx-dp-snd-pcm zynqmp_dp_snd_pcm0: Xilinx DisplayPort Sound PCM probed
[    4.482638] mmcblk0: mmc0:0001 EB1QT 29.8 GiB 
[    4.490455] xilinx-dp-snd-pcm zynqmp_dp_snd_pcm1: Xilinx DisplayPort Sound PCM probed
[    4.502736] OF: graph: no port node found in /axi/display@fd4a0000
[    4.509116] xlnx-drm xlnx-drm.0: bound fd4a0000.display (ops 0xffffffc010fcbdb8)
[    4.513987]  mmcblk0: p1 p2 p3
[    5.595740] zynqmp-display fd4a0000.display: [drm] Cannot find any crtc or sizes
[    5.603352] [drm] Initialized xlnx 1.0.0 20130509 for fd4a0000.display on minor 0
[    5.610842] zynqmp-display fd4a0000.display: ZynqMP DisplayPort Subsystem driver probed
[    5.619181] ahci-ceva fd0c0000.ahci: supply ahci not found, using dummy regulator
[    5.626726] ahci-ceva fd0c0000.ahci: supply phy not found, using dummy regulator
[    5.634181] ahci-ceva fd0c0000.ahci: supply target not found, using dummy regulator
[    5.642017] ahci-ceva fd0c0000.ahci: AHCI 0001.0301 32 slots 2 ports 6 Gbps 0x3 impl platform mode
[    5.650974] ahci-ceva fd0c0000.ahci: flags: 64bit ncq sntf pm clo only pmp fbs pio slum part ccc sds apst 
[    5.661618] scsi host0: ahci-ceva
[    5.665214] scsi host1: ahci-ceva
[    5.668640] ata1: SATA max UDMA/133 mmio [mem 0xfd0c0000-0xfd0c1fff] port 0x100 irq 45
[    5.676556] ata2: SATA max UDMA/133 mmio [mem 0xfd0c0000-0xfd0c1fff] port 0x180 irq 45
[    5.685157] ad9081 spi1.0: supply vdd not found, using dummy regulator
[    5.997978] ata2: SATA link down (SStatus 0 SControl 330)
[    6.003394] ata1: SATA link down (SStatus 0 SControl 330)
[    6.679743] zynqmp-display fd4a0000.display: [drm] Cannot find any crtc or sizes
[    7.544568] ad9081 spi1.0: AD9081 Rev. 2 Grade 10 (API 1.2.2) probed
[    7.551773] xhci-hcd xhci-hcd.1.auto: xHCI Host Controller
[    7.557267] xhci-hcd xhci-hcd.1.auto: new USB bus registered, assigned bus number 1
[    7.565018] xhci-hcd xhci-hcd.1.auto: hcc params 0x0238f625 hci version 0x100 quirks 0x0000000002010810
[    7.574438] xhci-hcd xhci-hcd.1.auto: irq 59, io mem 0xfe200000
[    7.580544] usb usb1: New USB device found, idVendor=1d6b, idProduct=0002, bcdDevice= 5.10
[    7.588802] usb usb1: New USB device strings: Mfr=3, Product=2, SerialNumber=1
[    7.596019] usb usb1: Product: xHCI Host Controller
[    7.600889] usb usb1: Manufacturer: Linux 5.10.0-98103-g2aa7ac113716 xhci-hcd
[    7.608015] usb usb1: SerialNumber: xhci-hcd.1.auto
[    7.613184] hub 1-0:1.0: USB hub found
[    7.616951] hub 1-0:1.0: 1 port detected
[    7.621065] xhci-hcd xhci-hcd.1.auto: xHCI Host Controller
[    7.626555] xhci-hcd xhci-hcd.1.auto: new USB bus registered, assigned bus number 2
[    7.634208] xhci-hcd xhci-hcd.1.auto: Host supports USB 3.0 SuperSpeed
[    7.640832] usb usb2: New USB device found, idVendor=1d6b, idProduct=0003, bcdDevice= 5.10
[    7.649092] usb usb2: New USB device strings: Mfr=3, Product=2, SerialNumber=1
[    7.656312] usb usb2: Product: xHCI Host Controller
[    7.661181] usb usb2: Manufacturer: Linux 5.10.0-98103-g2aa7ac113716 xhci-hcd
[    7.668310] usb usb2: SerialNumber: xhci-hcd.1.auto
[    7.673426] hub 2-0:1.0: USB hub found
[    7.677186] hub 2-0:1.0: 1 port detected
[    7.707224] cf_axi_adc 84a10000.axi-ad9081-rx-hpc: ADI AIM (10.01.b) at 0x84A10000 mapped to 0x(____ptrval____), probed ADC AD9081 as MASTER
[    7.740560] cf_axi_dds 84b10000.axi-ad9081-tx-hpc: Analog Devices CF_AXI_DDS_DDS MASTER (9.01.b) at 0x84B10000 mapped to 0x(____ptrval____), probed DDS AD9081
[    7.754762] jesd204: /axi/spi@ff040000/ad9081@0,jesd204:0,parent=spi1.0: JESD204[2] transition initialized -> probed
[    7.765288] jesd204: /axi/spi@ff040000/ad9081@0,jesd204:0,parent=spi1.0: JESD204[0] transition initialized -> probed
[    7.775811] jesd204: /axi/spi@ff040000/ad9081@0,jesd204:0,parent=spi1.0: JESD204[2] transition probed -> idle
[    7.785729] jesd204: /axi/spi@ff040000/ad9081@0,jesd204:0,parent=spi1.0: JESD204[0] transition probed -> idle
[    7.795642] jesd204: /axi/spi@ff040000/ad9081@0,jesd204:0,parent=spi1.0: JESD204[2] transition idle -> device_init
[    7.805985] jesd204: /axi/spi@ff040000/ad9081@0,jesd204:0,parent=spi1.0: JESD204[0] transition idle -> device_init
[    7.816337] jesd204: /axi/spi@ff040000/ad9081@0,jesd204:0,parent=spi1.0: JESD204[2] transition device_init -> link_init
[    7.827112] jesd204: /axi/spi@ff040000/ad9081@0,jesd204:0,parent=spi1.0: JESD204[0] transition device_init -> link_init
[    7.837903] jesd204: /axi/spi@ff040000/ad9081@0,jesd204:0,parent=spi1.0: JESD204[2] transition link_init -> link_supported
[    7.848942] jesd204: /axi/spi@ff040000/ad9081@0,jesd204:0,parent=spi1.0: JESD204[0] transition link_init -> link_supported
[    7.860353] hmc7044 spi2.0: hmc7044_jesd204_link_pre_setup: Link2 forcing continuous SYSREF mode
[    7.869292] axi-jesd204-rx 84a90000.axi-jesd204-rx: axi_jesd204_rx_jesd204_link_pre_setup: Link2 set lane rate 13600000 kHz failed (-22)
[    7.881548] jesd204: /fpga-axi@0/axi-jesd204-rx@84a90000,jesd204:4,parent=84a90000.axi-jesd204-rx: JESD204[2] In link_pre_setup got error from cb: -22
[    7.895016] jesd204: /axi/spi@ff040000/ad9081@0,jesd204:0,parent=spi1.0: Rolling back from 'link_supported', got error -22
[    7.906067] jesd204: /axi/spi@ff040000/ad9081@0,jesd204:0,parent=spi1.0: JESD204[0] transition link_supported -> link_pre_setup
[    7.917540] jesd204: /axi/spi@ff040000/ad9081@0,jesd204:0,parent=spi1.0: JESD204[2] transition link_supported -> link_pre_setup
[    7.929018] jesd204: /axi/spi@ff040000/ad9081@0,jesd204:0,parent=spi1.0: JESD204[0] transition link_pre_setup -> link_supported
[    7.940491] jesd204: /axi/spi@ff040000/ad9081@0,jesd204:0,parent=spi1.0: JESD204[2] transition link_pre_setup -> link_supported
[    7.951968] jesd204: /axi/spi@ff040000/ad9081@0,jesd204:0,parent=spi1.0: JESD204[0] transition link_supported -> link_init
[    7.963006] jesd204: /axi/spi@ff040000/ad9081@0,jesd204:0,parent=spi1.0: JESD204[2] transition link_supported -> link_init
[    7.974053] jesd204: /axi/spi@ff040000/ad9081@0,jesd204:0,parent=spi1.0: JESD204[0] transition link_init -> device_init
[    7.984832] jesd204: /axi/spi@ff040000/ad9081@0,jesd204:0,parent=spi1.0: JESD204[2] transition link_init -> device_init
[    7.995612] jesd204: /axi/spi@ff040000/ad9081@0,jesd204:0,parent=spi1.0: JESD204[0] transition device_init -> idle
[    8.005954] jesd204: /axi/spi@ff040000/ad9081@0,jesd204:0,parent=spi1.0: JESD204[2] transition device_init -> idle
[    8.016305] jesd204: /axi/spi@ff040000/ad9081@0,jesd204:0,parent=spi1.0: JESD204[2] transition idle -> idle
[    8.026041] jesd204: /axi/spi@ff040000/ad9081@0,jesd204:0,parent=spi1.0: JESD204[0] transition idle -> idle
[    8.035787] jesd204: /axi/spi@ff040000/ad9081@0,jesd204:0,parent=spi1.0: JESD204[2] transition idle -> device_init
[    8.046134] jesd204: /axi/spi@ff040000/ad9081@0,jesd204:0,parent=spi1.0: JESD204[0] transition idle -> device_init
[    8.056484] jesd204: /axi/spi@ff040000/ad9081@0,jesd204:0,parent=spi1.0: JESD204[2] transition device_init -> link_init
[    8.067262] jesd204: /axi/spi@ff040000/ad9081@0,jesd204:0,parent=spi1.0: JESD204[0] transition device_init -> link_init
[    8.078049] jesd204: /axi/spi@ff040000/ad9081@0,jesd204:0,parent=spi1.0: JESD204[2] transition link_init -> link_supported
[    8.089092] jesd204: /axi/spi@ff040000/ad9081@0,jesd204:0,parent=spi1.0: JESD204[0] transition link_init -> link_supported
[    8.100318] axi-jesd204-rx 84a90000.axi-jesd204-rx: axi_jesd204_rx_jesd204_link_pre_setup: Link2 set lane rate 13600000 kHz failed (-22)
[    8.112579] jesd204: /fpga-axi@0/axi-jesd204-rx@84a90000,jesd204:4,parent=84a90000.axi-jesd204-rx: JESD204[2] In link_pre_setup got error from cb: -22
[    8.126052] jesd204: /axi/spi@ff040000/ad9081@0,jesd204:0,parent=spi1.0: Rolling back from 'link_supported', got error -22
[    8.137096] jesd204: /axi/spi@ff040000/ad9081@0,jesd204:0,parent=spi1.0: JESD204[0] transition link_supported -> link_pre_setup
[    8.148567] jesd204: /axi/spi@ff040000/ad9081@0,jesd204:0,parent=spi1.0: JESD204[2] transition link_supported -> link_pre_setup
[    8.160045] jesd204: /axi/spi@ff040000/ad9081@0,jesd204:0,parent=spi1.0: JESD204[0] transition link_pre_setup -> link_supported
[    8.171517] jesd204: /axi/spi@ff040000/ad9081@0,jesd204:0,parent=spi1.0: JESD204[2] transition link_pre_setup -> link_supported
[    8.182994] jesd204: /axi/spi@ff040000/ad9081@0,jesd204:0,parent=spi1.0: JESD204[0] transition link_supported -> link_init
[    8.194032] jesd204: /axi/spi@ff040000/ad9081@0,jesd204:0,parent=spi1.0: JESD204[2] transition link_supported -> link_init
[    8.205081] jesd204: /axi/spi@ff040000/ad9081@0,jesd204:0,parent=spi1.0: JESD204[0] transition link_init -> device_init
[    8.215864] jesd204: /axi/spi@ff040000/ad9081@0,jesd204:0,parent=spi1.0: JESD204[2] transition link_init -> device_init
[    8.226646] jesd204: /axi/spi@ff040000/ad9081@0,jesd204:0,parent=spi1.0: JESD204[0] transition device_init -> idle
[    8.236994] jesd204: /axi/spi@ff040000/ad9081@0,jesd204:0,parent=spi1.0: JESD204[2] transition device_init -> idle
[    8.247341] jesd204: /axi/spi@ff040000/ad9081@0,jesd204:0,parent=spi1.0: JESD204[2] transition idle -> idle
[    8.257076] jesd204: /axi/spi@ff040000/ad9081@0,jesd204:0,parent=spi1.0: JESD204[0] transition idle -> idle
[    8.266818] jesd204: /axi/spi@ff040000/ad9081@0,jesd204:0,parent=spi1.0: JESD204[2] transition idle -> device_init
[    8.277161] jesd204: /axi/spi@ff040000/ad9081@0,jesd204:0,parent=spi1.0: JESD204[0] transition idle -> device_init
[    8.287511] jesd204: /axi/spi@ff040000/ad9081@0,jesd204:0,parent=spi1.0: JESD204[2] transition device_init -> link_init
[    8.298288] jesd204: /axi/spi@ff040000/ad9081@0,jesd204:0,parent=spi1.0: JESD204[0] transition device_init -> link_init
[    8.309077] jesd204: /axi/spi@ff040000/ad9081@0,jesd204:0,parent=spi1.0: JESD204[2] transition link_init -> link_supported
[    8.320119] jesd204: /axi/spi@ff040000/ad9081@0,jesd204:0,parent=spi1.0: JESD204[0] transition link_init -> link_supported
[    8.331302] axi-jesd204-rx 84a90000.axi-jesd204-rx: axi_jesd204_rx_jesd204_link_pre_setup: Link2 set lane rate 13600000 kHz failed (-22)
[    8.343559] jesd204: /fpga-axi@0/axi-jesd204-rx@84a90000,jesd204:4,parent=84a90000.axi-jesd204-rx: JESD204[2] In link_pre_setup got error from cb: -22
[    8.357026] jesd204: /axi/spi@ff040000/ad9081@0,jesd204:0,parent=spi1.0: Rolling back from 'link_supported', got error -22
[    8.368074] jesd204: /axi/spi@ff040000/ad9081@0,jesd204:0,parent=spi1.0: JESD204[0] transition link_supported -> link_pre_setup
[    8.379551] jesd204: /axi/spi@ff040000/ad9081@0,jesd204:0,parent=spi1.0: JESD204[2] transition link_supported -> link_pre_setup
[    8.391028] jesd204: /axi/spi@ff040000/ad9081@0,jesd204:0,parent=spi1.0: JESD204[0] transition link_pre_setup -> link_supported
[    8.402500] jesd204: /axi/spi@ff040000/ad9081@0,jesd204:0,parent=spi1.0: JESD204[2] transition link_pre_setup -> link_supported
[    8.413979] jesd204: /axi/spi@ff040000/ad9081@0,jesd204:0,parent=spi1.0: JESD204[0] transition link_supported -> link_init
[    8.425018] jesd204: /axi/spi@ff040000/ad9081@0,jesd204:0,parent=spi1.0: JESD204[2] transition link_supported -> link_init
[    8.436063] jesd204: /axi/spi@ff040000/ad9081@0,jesd204:0,parent=spi1.0: JESD204[0] transition link_init -> device_init
[    8.446838] jesd204: /axi/spi@ff040000/ad9081@0,jesd204:0,parent=spi1.0: JESD204[2] transition link_init -> device_init
[    8.457622] jesd204: /axi/spi@ff040000/ad9081@0,jesd204:0,parent=spi1.0: JESD204[0] transition device_init -> idle
[    8.467965] jesd204: /axi/spi@ff040000/ad9081@0,jesd204:0,parent=spi1.0: JESD204[2] transition device_init -> idle
[    8.478315] jesd204: /axi/spi@ff040000/ad9081@0,jesd204:0,parent=spi1.0: JESD204[2] transition idle -> idle
[    8.488050] jesd204: /axi/spi@ff040000/ad9081@0,jesd204:0,parent=spi1.0: JESD204[0] transition idle -> idle
[    8.497796] jesd204: /axi/spi@ff040000/ad9081@0,jesd204:0,parent=spi1.0: JESD204[2] transition idle -> device_init
[    8.508136] jesd204: /axi/spi@ff040000/ad9081@0,jesd204:0,parent=spi1.0: JESD204[0] transition idle -> device_init
[    8.518486] jesd204: /axi/spi@ff040000/ad9081@0,jesd204:0,parent=spi1.0: JESD204[2] transition device_init -> link_init
[    8.529263] jesd204: /axi/spi@ff040000/ad9081@0,jesd204:0,parent=spi1.0: JESD204[0] transition device_init -> link_init
[    8.540051] jesd204: /axi/spi@ff040000/ad9081@0,jesd204:0,parent=spi1.0: JESD204[2] transition link_init -> link_supported
[    8.551093] jesd204: /axi/spi@ff040000/ad9081@0,jesd204:0,parent=spi1.0: JESD204[0] transition link_init -> link_supported
[    8.562282] axi-jesd204-rx 84a90000.axi-jesd204-rx: axi_jesd204_rx_jesd204_link_pre_setup: Link2 set lane rate 13600000 kHz failed (-22)
[    8.574540] jesd204: /fpga-axi@0/axi-jesd204-rx@84a90000,jesd204:4,parent=84a90000.axi-jesd204-rx: JESD204[2] In link_pre_setup got error from cb: -22
[    8.588010] jesd204: /axi/spi@ff040000/ad9081@0,jesd204:0,parent=spi1.0: Rolling back from 'link_supported', got error -22
[    8.599054] jesd204: /axi/spi@ff040000/ad9081@0,jesd204:0,parent=spi1.0: JESD204[0] transition link_supported -> link_pre_setup
[    8.610525] jesd204: /axi/spi@ff040000/ad9081@0,jesd204:0,parent=spi1.0: JESD204[2] transition link_supported -> link_pre_setup
[    8.622007] jesd204: /axi/spi@ff040000/ad9081@0,jesd204:0,parent=spi1.0: JESD204[0] transition link_pre_setup -> link_supported
[    8.633485] jesd204: /axi/spi@ff040000/ad9081@0,jesd204:0,parent=spi1.0: JESD204[2] transition link_pre_setup -> link_supported
[    8.644961] jesd204: /axi/spi@ff040000/ad9081@0,jesd204:0,parent=spi1.0: JESD204[0] transition link_supported -> link_init
[    8.655999] jesd204: /axi/spi@ff040000/ad9081@0,jesd204:0,parent=spi1.0: JESD204[2] transition link_supported -> link_init
[    8.667046] jesd204: /axi/spi@ff040000/ad9081@0,jesd204:0,parent=spi1.0: JESD204[0] transition link_init -> device_init
[    8.677821] jesd204: /axi/spi@ff040000/ad9081@0,jesd204:0,parent=spi1.0: JESD204[2] transition link_init -> device_init
[    8.688604] jesd204: /axi/spi@ff040000/ad9081@0,jesd204:0,parent=spi1.0: JESD204[0] transition device_init -> idle
[    8.698948] jesd204: /axi/spi@ff040000/ad9081@0,jesd204:0,parent=spi1.0: JESD204[2] transition device_init -> idle
[    8.709294] jesd204: /axi/spi@ff040000/ad9081@0,jesd204:0,parent=spi1.0: FSM completed with error -22
[    8.727739] input: gpio-keys as /devices/platform/gpio-keys/input/input0
[    8.734749] of_cfs_init
[    8.737209] of_cfs_init: OK
[    8.740151] cfg80211: Loading compiled-in X.509 certificates for regulatory database
[    8.878365] cfg80211: Loaded X.509 cert 'sforshee: 00b28ddf47aef9cea7'
[    8.884896] clk: Not disabling unused clocks
[    8.889426] ALSA device list:
[    8.892385]   No soundcards found.
[    8.896062] platform regulatory.0: Direct firmware load for regulatory.db failed with error -2
[    8.904675] cfg80211: failed to load regulatory.db
[    8.919863] EXT4-fs (mmcblk0p2): mounted filesystem with ordered data mode. Opts: (null)
[    8.927978] VFS: Mounted root (ext4 filesystem) on device 179:2.
[    8.941629] devtmpfs: mounted
[    8.945444] Freeing unused kernel memory: 2560K
[    8.967773] Run /sbin/init as init process
[    8.971864]   with arguments:
[    8.971867]     /sbin/init
[    8.971869]   with environment:
[    8.971871]     HOME=/
[    8.971873]     TERM=linux
[    9.551886] systemd[1]: systemd 241 running in system mode. (+PAM +AUDIT +SELINUX +IMA +APPARMOR +SMACK +SYSVINIT +UTMP +LIBCRYPTSETUP +GCRYPT +GNUTLS +ACL +XZ +LZ4 +SECCOMP +BLKID +ELFUTILS +KMOD -IDN2 +IDN -PCRE2 default-hierarchy=hybrid)
[    9.573760] systemd[1]: Detected architecture arm64.
[    9.596458] systemd[1]: Set hostname to <analog>.
[    9.791081] systemd[1]: File /lib/systemd/system/systemd-journald.service:12 configures an IP firewall (IPAddressDeny=any), but the local system does not support BPF/cgroup based firewalling.
[    9.808126] systemd[1]: Proceeding WITHOUT firewalling in effect! (This warning is only shown for the first loaded unit using IP firewalling.)
[    9.973278] systemd[1]: /etc/systemd/system/tof-server.service:1: Assignment outside of section. Ignoring.
[    9.983003] systemd[1]: /etc/systemd/system/tof-server.service:2: Assignment outside of section. Ignoring.
[   10.168157] random: systemd: uninitialized urandom read (16 bytes read)
[   10.182972] random: systemd: uninitialized urandom read (16 bytes read)
[   10.190189] systemd[1]: Created slice system-getty.slice.
[   10.211799] random: systemd: uninitialized urandom read (16 bytes read)
[   10.218765] systemd[1]: Listening on Journal Socket (/dev/log).
[   10.240099] systemd[1]: Listening on udev Control Socket.
[   10.803599] ------------[ cut here ]------------
[   10.803609] Enabling unprepared \xa0\x99P\x88\xff\xff\xff P\x88\xff\xff\xff
[   10.803655] WARNING: CPU: 3 PID: 126 at drivers/clk/clk.c:1012 clk_core_enable+0xa4/0xc0
[   10.803658] Modules linked in:
[   10.803669] CPU: 3 PID: 126 Comm: kworker/3:1H Not tainted 5.10.0-98103-g2aa7ac113716 #5577
[   10.803672] Hardware name: ZynqMP ZCU102 Rev1.0 (DT)
[   10.803681] Workqueue: kblockd blk_mq_run_work_fn
[   10.803688] pstate: 80000085 (Nzcv daIf -PAN -UAO -TCO BTYPE=--)
[   10.803694] pc : clk_core_enable+0xa4/0xc0
[   10.803699] lr : clk_core_enable+0xa4/0xc0
[   10.803702] sp : ffffffc012b3b2d0
[   10.803705] x29: ffffffc012b3b2d0 x28: ffffff8800330c10 
[   10.803712] x27: ffffff8800330d48 x26: 0000005000000101 
[   10.803719] x25: 000000027e004e04 x24: 0000000000000001 
[   10.803725] x23: ffffff88010d3800 x22: ffffff8801043220 
[   10.803732] x21: ffffff8801502000 x20: ffffff8801502008 
[   10.803738] x19: ffffff8801502008 x18: 0000000000000030 
[   10.803745] x17: 0000000000000004 x16: 0000a8d09107f590 
[   10.803752] x15: ffffffffffff9c50 x14: ffffffc011d3b1a0 
[   10.803758] x13: ffffffc011d3b1c8 x12: 0000000000000672 
[   10.803764] x11: 0000000000000226 x10: ffffffc011d671c8 
[   10.803771] x9 : 00000000fffff800 x8 : ffffffc011d3b1c8 
[   10.803778] x7 : ffffffc011d671c8 x6 : 0000000000000001 
[   10.803784] x5 : ffffff887f7a89e0 x4 : 0000000000000000 
[   10.803790] x3 : 0000000000000027 x2 : 0000000000000023 
[   10.803797] x1 : 86f8321f9b5a6400 x0 : 0000000000000000 
[   10.803803] Call trace:
[   10.803810]  clk_core_enable+0xa4/0xc0
[   10.803815]  clk_enable+0x2c/0x60
[   10.803821]  zynqmp_runtime_resume+0x24/0x84
[   10.803828]  pm_generic_runtime_resume+0x30/0x50
[   10.803834]  __genpd_runtime_resume+0x30/0xb0
[   10.803840]  genpd_runtime_resume+0x90/0x250
[   10.803847]  __rpm_callback+0x10c/0x1e0
[   10.803852]  rpm_callback+0x5c/0x84
[   10.803857]  rpm_resume+0x4a4/0x74c
[   10.803862]  __pm_runtime_resume+0x78/0xc4
[   10.803866]  spi_mem_access_start.isra.0+0x30/0x80
[   10.803871]  spi_mem_exec_op+0x3b0/0x424
[   10.803876]  spi_nor_read_sr+0x78/0xe0
[   10.803881]  spi_nor_wait_till_ready_with_timeout+0xb4/0x2f0
[   10.803885]  spi_nor_read+0x188/0x380
[   10.803890]  mtd_read_oob_std+0x78/0x84
[   10.803895]  mtd_read_oob+0x7c/0x134
[   10.803899]  mtd_read+0x48/0x7c
[   10.803905]  mtdblock_readsect+0x6c/0x150
[   10.803911]  mtd_queue_rq+0x2cc/0x5a0
[   10.803917]  blk_mq_dispatch_rq_list+0x110/0x790
[   10.803923]  __blk_mq_do_dispatch_sched+0x200/0x274
[   10.803929]  __blk_mq_sched_dispatch_requests+0x1a8/0x1fc
[   10.803934]  blk_mq_sched_dispatch_requests+0x3c/0x7c
[   10.803939]  __blk_mq_run_hw_queue+0x98/0x100
[   10.803944]  blk_mq_run_work_fn+0x24/0x30
[   10.803950]  process_one_work+0x1d4/0x380
[   10.803954]  worker_thread+0x78/0x4e0
[   10.803959]  kthread+0x124/0x130
[   10.803964]  ret_from_fork+0x10/0x3c
[   10.803968] ---[ end trace 241f0892f9e7664d ]---
[   10.804039] zynqmp-qspi ff0f0000.spi: Cannot enable APB clock.
[   10.804092] spi_master spi0: Failed to power device: -108
[   10.804103] blk_update_request: I/O error, dev mtdblock0, sector 8 op 0x0:(READ) flags 0x80700 phys_seg 1 prio class 0
[   10.804184] spi_master spi0: Failed to power device: -22
[   10.804190] blk_update_request: I/O error, dev mtdblock0, sector 8 op 0x0:(READ) flags 0x0 phys_seg 8 prio class 0
[   10.804201] Buffer I/O error on dev mtdblock0, logical block 8, async page read
[   10.804211] spi_master spi0: Failed to power device: -22
[   10.804217] blk_update_request: I/O error, dev mtdblock0, sector 9 op 0x0:(READ) flags 0x0 phys_seg 7 prio class 0
[   10.804221] Buffer I/O error on dev mtdblock0, logical block 9, async page read
[   10.804228] spi_master spi0: Failed to power device: -22
[   10.804233] blk_update_request: I/O error, dev mtdblock0, sector 10 op 0x0:(READ) flags 0x0 phys_seg 6 prio class 0
[   10.804237] Buffer I/O error on dev mtdblock0, logical block 10, async page read
[   10.804244] spi_master spi0: Failed to power device: -22
[   10.804250] blk_update_request: I/O error, dev mtdblock0, sector 11 op 0x0:(READ) flags 0x0 phys_seg 5 prio class 0
[   10.804254] Buffer I/O error on dev mtdblock0, logical block 11, async page read
[   10.804261] spi_master spi0: Failed to power device: -22
[   10.804266] blk_update_request: I/O error, dev mtdblock0, sector 12 op 0x0:(READ) flags 0x0 phys_seg 4 prio class 0
[   10.804270] Buffer I/O error on dev mtdblock0, logical block 12, async page read
[   10.804277] spi_master spi0: Failed to power device: -22
[   10.804283] blk_update_request: I/O error, dev mtdblock0, sector 13 op 0x0:(READ) flags 0x0 phys_seg 3 prio class 0
[   10.804287] Buffer I/O error on dev mtdblock0, logical block 13, async page read
[   10.804293] spi_master spi0: Failed to power device: -22
[   10.804299] blk_update_request: I/O error, dev mtdblock0, sector 14 op 0x0:(READ) flags 0x0 phys_seg 2 prio class 0
[   10.804303] Buffer I/O error on dev mtdblock0, logical block 14, async page read
[   10.804310] spi_master spi0: Failed to power device: -22
[   10.804315] blk_update_request: I/O error, dev mtdblock0, sector 15 op 0x0:(READ) flags 0x0 phys_seg 1 prio class 0
[   10.804319] Buffer I/O error on dev mtdblock0, logical block 15, async page read
[   10.804651] spi_master spi0: Failed to power device: -22
[   10.804658] blk_update_request: I/O error, dev mtdblock1, sector 10112 op 0x0:(READ) flags 0x80700 phys_seg 1 prio class 0
[   10.804703] spi_master spi0: Failed to power device: -22
[   10.804709] Buffer I/O error on dev mtdblock1, logical block 10112, async page read
[   10.804717] spi_master spi0: Failed to power device: -22
[   10.804722] Buffer I/O error on dev mtdblock1, logical block 10113, async page read
[   10.804729] spi_master spi0: Failed to power device: -22
[   10.804737] spi_master spi0: Failed to power device: -22
[   10.804744] spi_master spi0: Failed to power device: -22
[   10.804752] spi_master spi0: Failed to power device: -22
[   10.804759] spi_master spi0: Failed to power device: -22
[   10.804766] spi_master spi0: Failed to power device: -22
[   10.804999] spi_master spi0: Failed to power device: -22
[   10.805043] spi_master spi0: Failed to power device: -22
[   10.805053] spi_master spi0: Failed to power device: -22
[   10.805061] spi_master spi0: Failed to power device: -22
[   10.805068] spi_master spi0: Failed to power device: -22
[   10.805076] spi_master spi0: Failed to power device: -22
[   10.805083] spi_master spi0: Failed to power device: -22
[   10.805090] spi_master spi0: Failed to power device: -22
[   10.805098] spi_master spi0: Failed to power device: -22
[   10.805377] spi_master spi0: Failed to power device: -22
[   10.805421] spi_master spi0: Failed to power device: -22
[   10.805430] spi_master spi0: Failed to power device: -22
[   10.805438] spi_master spi0: Failed to power device: -22
[   10.805446] spi_master spi0: Failed to power device: -22
[   10.805453] spi_master spi0: Failed to power device: -22
[   10.805461] spi_master spi0: Failed to power device: -22
[   10.805468] spi_master spi0: Failed to power device: -22
[   10.805476] spi_master spi0: Failed to power device: -22
[   10.934586] EXT4-fs (mmcblk0p2): re-mounted. Opts: (null)
[   11.043331] systemd-journald[153]: Received request to flush runtime journal from PID 1
[   16.935527] macb ff0e0000.ethernet eth0: PHY [ff0e0000.ethernet-ffffffff:0c] driver [TI DP83867] (irq=POLL)
[   16.935540] macb ff0e0000.ethernet eth0: configuring for phy/rgmii-id link mode
[   17.203745] Adding 75772k swap on /var/swap.  Priority:-2 extents:1 across:75772k SS
[   19.041808] random: crng init done
[   19.041820] random: 7 urandom warning(s) missed due to ratelimiting
[   19.778070] broken atomic modeset userspace detected, disabling atomic
[   21.025348] macb ff0e0000.ethernet eth0: Link is Up - 1Gbps/Full - flow control off
[   21.025373] IPv6: ADDRCONF(NETDEV_CHANGE): eth0: link becomes ready
[   22.449295] broken atomic modeset userspace detected, disabling atomic
[   25.334294] broken atomic modeset userspace detected, disabling atomic
[   27.963969] broken atomic modeset userspace detected, disabling atomic