[    0.000000] Booting Linux on physical CPU 0x0000000000 [0x410fd034]
[    0.000000] Linux version 5.10.0-98103-g2aa7ac113716 (jenkins@romlxbuild1.adlk.analog.com) (aarch64-xilinx-linux-gcc.real (GCC) 10.2.0, GNU ld (GNU Binutils) 2.35.0.20200730) #5577 SMP Wed Mar 23 07:28:49 GMT 2022
[    0.000000] Machine model: ZynqMP ZCU102 Rev1.0
[    0.000000] earlycon: cdns0 at MMIO 0x00000000ff000000 (options '115200n8')
[    0.000000] printk: bootconsole [cdns0] enabled
[    0.000000] efi: UEFI not found.
[    0.000000] cma: Reserved 256 MiB at 0x0000000070000000
[    0.000000] Zone ranges:
[    0.000000]   DMA      [mem 0x0000000000000000-0x000000003fffffff]
[    0.000000]   DMA32    [mem 0x0000000040000000-0x00000000ffffffff]
[    0.000000]   Normal   [mem 0x0000000100000000-0x000000087fffffff]
[    0.000000] Movable zone start for each node
[    0.000000] Early memory node ranges
[    0.000000]   node   0: [mem 0x0000000000000000-0x000000007fffffff]
[    0.000000]   node   0: [mem 0x0000000800000000-0x000000087fffffff]
[    0.000000] Initmem setup node 0 [mem 0x0000000000000000-0x000000087fffffff]
[    0.000000] On node 0 totalpages: 1048576
[    0.000000]   DMA zone: 3584 pages used for memmap
[    0.000000]   DMA zone: 0 pages reserved
[    0.000000]   DMA zone: 262144 pages, LIFO batch:63
[    0.000000]   DMA32 zone: 3584 pages used for memmap
[    0.000000]   DMA32 zone: 262144 pages, LIFO batch:63
[    0.000000]   Normal zone: 7168 pages used for memmap
[    0.000000]   Normal zone: 524288 pages, LIFO batch:63
[    0.000000] psci: probing for conduit method from DT.
[    0.000000] psci: PSCIv1.1 detected in firmware.
[    0.000000] psci: Using standard PSCI v0.2 function IDs
[    0.000000] psci: MIGRATE_INFO_TYPE not supported.
[    0.000000] psci: SMC Calling Convention v1.2
[    0.000000] percpu: Embedded 22 pages/cpu s49496 r8192 d32424 u90112
[    0.000000] pcpu-alloc: s49496 r8192 d32424 u90112 alloc=22*4096
[    0.000000] pcpu-alloc: [0] 0 [0] 1 [0] 2 [0] 3 
[    0.000000] Detected VIPT I-cache on CPU0
[    0.000000] CPU features: detected: ARM erratum 845719
[    0.000000] Built 1 zonelists, mobility grouping on.  Total pages: 1034240
[    0.000000] Kernel command line: console=ttyPS0,115200 root=/dev/mmcblk0p2 rw earlycon rootfstype=ext4 rootwait clk_ignore_unused cpuidle.off=1 root=/dev/mmcblk0p2 rw rootwait
[    0.000000] Dentry cache hash table entries: 524288 (order: 10, 4194304 bytes, linear)
[    0.000000] Inode-cache hash table entries: 262144 (order: 9, 2097152 bytes, linear)
[    0.000000] mem auto-init: stack:off, heap alloc:off, heap free:off
[    0.000000] software IO TLB: mapped [mem 0x000000003bfff000-0x000000003ffff000] (64MB)
[    0.000000] Memory: 3761904K/4194304K available (15296K kernel code, 1636K rwdata, 11876K rodata, 2560K init, 507K bss, 170256K reserved, 262144K cma-reserved)
[    0.000000] rcu: Hierarchical RCU implementation.
[    0.000000] rcu: 	RCU event tracing is enabled.
[    0.000000] rcu: 	RCU restricting CPUs from NR_CPUS=8 to nr_cpu_ids=4.
[    0.000000] rcu: RCU calculated value of scheduler-enlistment delay is 25 jiffies.
[    0.000000] rcu: Adjusting geometry for rcu_fanout_leaf=16, nr_cpu_ids=4
[    0.000000] NR_IRQS: 64, nr_irqs: 64, preallocated irqs: 0
[    0.000000] GIC: Adjusting CPU interface base to 0x00000000f902f000
[    0.000000] GIC: Using split EOI/Deactivate mode
[    0.000000] random: get_random_bytes called from start_kernel+0x31c/0x54c with crng_init=0
[    0.000000] arch_timer: cp15 timer(s) running at 100.00MHz (phys).
[    0.000000] clocksource: arch_sys_counter: mask: 0xffffffffffffff max_cycles: 0x171024e7e0, max_idle_ns: 440795205315 ns
[    0.000004] sched_clock: 56 bits at 100MHz, resolution 10ns, wraps every 4398046511100ns
[    0.008459] Console: colour dummy device 80x25
[    0.012483] Calibrating delay loop (skipped), value calculated using timer frequency.. 200.00 BogoMIPS (lpj=400000)
[    0.022840] pid_max: default: 32768 minimum: 301
[    0.027550] Mount-cache hash table entries: 8192 (order: 4, 65536 bytes, linear)
[    0.034789] Mountpoint-cache hash table entries: 8192 (order: 4, 65536 bytes, linear)
[    0.043395] rcu: Hierarchical SRCU implementation.
[    0.047560] EFI services will not be available.
[    0.051940] smp: Bringing up secondary CPUs ...
[    0.056658] Detected VIPT I-cache on CPU1
[    0.056696] CPU1: Booted secondary processor 0x0000000001 [0x410fd034]
[    0.057061] Detected VIPT I-cache on CPU2
[    0.057085] CPU2: Booted secondary processor 0x0000000002 [0x410fd034]
[    0.057424] Detected VIPT I-cache on CPU3
[    0.057447] CPU3: Booted secondary processor 0x0000000003 [0x410fd034]
[    0.057493] smp: Brought up 1 node, 4 CPUs
[    0.091780] SMP: Total of 4 processors activated.
[    0.096452] CPU features: detected: 32-bit EL0 Support
[    0.101556] CPU features: detected: CRC32 instructions
[    0.106694] CPU: All CPU(s) started at EL2
[    0.110735] alternatives: patching kernel code
[    0.116169] devtmpfs: initialized
[    0.124059] Registered cp15_barrier emulation handler
[    0.124110] Registered setend emulation handler
[    0.128091] clocksource: jiffies: mask: 0xffffffff max_cycles: 0xffffffff, max_idle_ns: 7645041785100000 ns
[    0.137670] futex hash table entries: 1024 (order: 4, 65536 bytes, linear)
[    0.151035] pinctrl core: initialized pinctrl subsystem
[    0.151679] NET: Registered protocol family 16
[    0.156101] DMA: preallocated 512 KiB GFP_KERNEL pool for atomic allocations
[    0.162117] DMA: preallocated 512 KiB GFP_KERNEL|GFP_DMA pool for atomic allocations
[    0.169842] DMA: preallocated 512 KiB GFP_KERNEL|GFP_DMA32 pool for atomic allocations
[    0.177646] audit: initializing netlink subsys (disabled)
[    0.183096] audit: type=2000 audit(0.116:1): state=initialized audit_enabled=0 res=1
[    0.183442] hw-breakpoint: found 6 breakpoint and 4 watchpoint registers.
[    0.197472] ASID allocator initialised with 65536 entries
[    0.224369] HugeTLB registered 1.00 GiB page size, pre-allocated 0 pages
[    0.225421] HugeTLB registered 32.0 MiB page size, pre-allocated 0 pages
[    0.232091] HugeTLB registered 2.00 MiB page size, pre-allocated 0 pages
[    0.238755] HugeTLB registered 64.0 KiB page size, pre-allocated 0 pages
[    1.304334] DRBG: Continuing without Jitter RNG
[    1.382146] raid6: neonx8   gen()  2144 MB/s
[    1.450194] raid6: neonx8   xor()  1601 MB/s
[    1.518253] raid6: neonx4   gen()  2198 MB/s
[    1.586303] raid6: neonx4   xor()  1567 MB/s
[    1.654366] raid6: neonx2   gen()  2075 MB/s
[    1.722419] raid6: neonx2   xor()  1440 MB/s
[    1.790490] raid6: neonx1   gen()  1772 MB/s
[    1.858530] raid6: neonx1   xor()  1220 MB/s
[    1.926587] raid6: int64x8  gen()  1438 MB/s
[    1.994646] raid6: int64x8  xor()   771 MB/s
[    2.062708] raid6: int64x4  gen()  1598 MB/s
[    2.130762] raid6: int64x4  xor()   817 MB/s
[    2.198832] raid6: int64x2  gen()  1396 MB/s
[    2.266881] raid6: int64x2  xor()   750 MB/s
[    2.334949] raid6: int64x1  gen()  1033 MB/s
[    2.403019] raid6: int64x1  xor()   517 MB/s
[    2.403058] raid6: using algorithm neonx4 gen() 2198 MB/s
[    2.407013] raid6: .... xor() 1567 MB/s, rmw enabled
[    2.411944] raid6: using neon recovery algorithm
[    2.416960] iommu: Default domain type: Translated 
[    2.421570] SCSI subsystem initialized
[    2.425112] libata version 3.00 loaded.
[    2.425236] usbcore: registered new interface driver usbfs
[    2.430568] usbcore: registered new interface driver hub
[    2.435842] usbcore: registered new device driver usb
[    2.440974] mc: Linux media interface: v0.10
[    2.445092] videodev: Linux video capture interface: v2.00
[    2.450583] EDAC MC: Ver: 3.0.0
[    2.454020] zynqmp-ipi-mbox mailbox@ff990400: Registered ZynqMP IPI mbox with TX/RX channels.
[    2.462518] jesd204: created con: id=0, topo=0, link=0, /axi/spi@ff050000/hmc7044@0 <-> /fpga-axi@0/axi-adxcvr-tx@84b60000
[    2.473112] jesd204: created con: id=1, topo=0, link=2, /axi/spi@ff050000/hmc7044@0 <-> /fpga-axi@0/axi-adxcvr-rx@84a60000
[    2.484096] jesd204: created con: id=2, topo=0, link=0, /fpga-axi@0/axi-adxcvr-tx@84b60000 <-> /fpga-axi@0/axi-jesd204-tx@84b90000
[    2.495772] jesd204: created con: id=3, topo=0, link=2, /fpga-axi@0/axi-adxcvr-rx@84a60000 <-> /fpga-axi@0/axi-jesd204-rx@84a90000
[    2.507449] jesd204: created con: id=4, topo=0, link=0, /fpga-axi@0/axi-jesd204-tx@84b90000 <-> /fpga-axi@0/axi-ad9081-tx-hpc@84b10000
[    2.519477] jesd204: created con: id=5, topo=0, link=2, /fpga-axi@0/axi-jesd204-rx@84a90000 <-> /fpga-axi@0/axi-ad9081-rx-hpc@84a10000
[    2.531500] jesd204: created con: id=6, topo=0, link=2, /fpga-axi@0/axi-ad9081-rx-hpc@84a10000 <-> /axi/spi@ff040000/ad9081@0
[    2.542741] jesd204: created con: id=7, topo=0, link=0, /fpga-axi@0/axi-ad9081-tx-hpc@84b10000 <-> /axi/spi@ff040000/ad9081@0
[    2.553991] jesd204: /axi/spi@ff040000/ad9081@0: JESD204[2] transition uninitialized -> initialized
[    2.562977] jesd204: /axi/spi@ff040000/ad9081@0: JESD204[0] transition uninitialized -> initialized
[    2.571969] jesd204: found 8 devices and 1 topologies
[    2.577013] FPGA manager framework
[    2.580489] Advanced Linux Sound Architecture Driver Initialized.
[    2.586784] Bluetooth: Core ver 2.22
[    2.589975] NET: Registered protocol family 31
[    2.594373] Bluetooth: HCI device and connection manager initialized
[    2.600689] Bluetooth: HCI socket layer initialized
[    2.605532] Bluetooth: L2CAP socket layer initialized
[    2.610556] Bluetooth: SCO socket layer initialized
[    2.615735] clocksource: Switched to clocksource arch_sys_counter
[    2.621547] VFS: Disk quotas dquot_6.6.0
[    2.625382] VFS: Dquot-cache hash table entries: 512 (order 0, 4096 bytes)
[    2.636104] NET: Registered protocol family 2
[    2.636825] tcp_listen_portaddr_hash hash table entries: 2048 (order: 3, 32768 bytes, linear)
[    2.645022] TCP established hash table entries: 32768 (order: 6, 262144 bytes, linear)
[    2.653049] TCP bind hash table entries: 32768 (order: 7, 524288 bytes, linear)
[    2.660493] TCP: Hash tables configured (established 32768 bind 32768)
[    2.666667] UDP hash table entries: 2048 (order: 4, 65536 bytes, linear)
[    2.673334] UDP-Lite hash table entries: 2048 (order: 4, 65536 bytes, linear)
[    2.680493] NET: Registered protocol family 1
[    2.684948] RPC: Registered named UNIX socket transport module.
[    2.690567] RPC: Registered udp transport module.
[    2.695234] RPC: Registered tcp transport module.
[    2.699903] RPC: Registered tcp NFSv4.1 backchannel transport module.
[    2.706897] PCI: CLS 0 bytes, default 64
[    2.710580] hw perfevents: no interrupt-affinity property for /pmu, guessing.
[    2.717464] hw perfevents: enabled with armv8_pmuv3 PMU driver, 7 counters available
[    2.725795] Initialise system trusted keyrings
[    2.729481] workingset: timestamp_bits=62 max_order=20 bucket_order=0
[    2.736383] NFS: Registering the id_resolver key type
[    2.740832] Key type id_resolver registered
[    2.744970] Key type id_legacy registered
[    2.748962] nfs4filelayout_init: NFSv4 File Layout Driver Registering...
[    2.755628] jffs2: version 2.2. (NAND) (SUMMARY)  Â© 2001-2006 Red Hat, Inc.
[    2.798874] NET: Registered protocol family 38
[    2.798917] xor: measuring software checksum speed
[    2.806608]    8regs           :  2363 MB/sec
[    2.810277]    32regs          :  2799 MB/sec
[    2.815220]    arm64_neon      :  2380 MB/sec
[    2.815410] xor: using function: 32regs (2799 MB/sec)
[    2.820436] Key type asymmetric registered
[    2.824497] Asymmetric key parser 'x509' registered
[    2.829360] Block layer SCSI generic (bsg) driver version 0.4 loaded (major 248)
[    2.836695] io scheduler mq-deadline registered
[    2.841191] io scheduler kyber registered
[    2.870591] Serial: 8250/16550 driver, 4 ports, IRQ sharing disabled
[    2.875220] cacheinfo: Unable to detect cache hierarchy for CPU 0
[    2.881565] brd: module loaded
[    2.885702] loop: module loaded
[    2.886250] Registered mathworks_ip class
[    2.889620] libphy: Fixed MDIO Bus: probed
[    2.892562] tun: Universal TUN/TAP device driver, 1.6
[    2.896639] CAN device driver interface
[    2.901174] usbcore: registered new interface driver asix
[    2.905773] usbcore: registered new interface driver ax88179_178a
[    2.911805] usbcore: registered new interface driver cdc_ether
[    2.917598] usbcore: registered new interface driver net1080
[    2.923224] usbcore: registered new interface driver cdc_subset
[    2.929104] usbcore: registered new interface driver zaurus
[    2.934648] usbcore: registered new interface driver cdc_ncm
[    2.941051] ehci_hcd: USB 2.0 'Enhanced' Host Controller (EHCI) Driver
[    2.946733] ehci-pci: EHCI PCI platform driver
[    2.951535] usbcore: registered new interface driver uas
[    2.956449] usbcore: registered new interface driver usb-storage
[    2.962436] usbcore: registered new interface driver usbserial_generic
[    2.968887] usbserial: USB Serial support registered for generic
[    2.974863] usbcore: registered new interface driver ftdi_sio
[    2.980566] usbserial: USB Serial support registered for FTDI USB Serial Device
[    2.987838] usbcore: registered new interface driver upd78f0730
[    2.993712] usbserial: USB Serial support registered for upd78f0730
[    3.001363] rtc_zynqmp ffa60000.rtc: registered as rtc0
[    3.005137] rtc_zynqmp ffa60000.rtc: setting system clock to 2022-03-26T03:33:20 UTC (1648265600)
[    3.013999] i2c /dev entries driver
[    3.019307] usbcore: registered new interface driver uvcvideo
[    3.023112] USB Video Class driver (1.1.1)
[    3.028692] Bluetooth: HCI UART driver ver 2.3
[    3.031583] Bluetooth: HCI UART protocol H4 registered
[    3.036693] Bluetooth: HCI UART protocol BCSP registered
[    3.041982] Bluetooth: HCI UART protocol LL registered
[    3.047071] Bluetooth: HCI UART protocol ATH3K registered
[    3.052444] Bluetooth: HCI UART protocol Three-wire (H5) registered
[    3.058700] Bluetooth: HCI UART protocol Intel registered
[    3.064038] Bluetooth: HCI UART protocol QCA registered
[    3.069239] usbcore: registered new interface driver bcm203x
[    3.074860] usbcore: registered new interface driver bpa10x
[    3.080396] usbcore: registered new interface driver bfusb
[    3.085846] usbcore: registered new interface driver btusb
[    3.091309] usbcore: registered new interface driver ath3k
[    3.096791] EDAC MC: ECC not enabled
[    3.100427] EDAC DEVICE0: Giving out device to module zynqmp-ocm-edac controller zynqmp_ocm: DEV ff960000.memory-controller (INTERRUPT)
[    3.112730] sdhci: Secure Digital Host Controller Interface driver
[    3.118520] sdhci: Copyright(c) Pierre Ossman
[    3.122845] sdhci-pltfm: SDHCI platform and OF driver helper
[    3.128899] ledtrig-cpu: registered to indicate activity on CPUs
[    3.134448] SMCCC: SOC_ID: ARCH_SOC_ID not implemented, skipping ....
[    3.140874] zynqmp_firmware_probe Platform Management API v1.1
[    3.146636] zynqmp_firmware_probe Trustzone version v1.0
[    3.186172] zynqmp-pinctrl firmware:zynqmp-firmware:pinctrl: zynqmp pinctrl initialized
[    3.234109] zynqmp-aes firmware:zynqmp-firmware:zynqmp-aes: will run requests pump with realtime priority
[    3.249873] alg: No test for xilinx-keccak-384 (zynqmp-keccak-384)
[    3.250578] alg: No test for xilinx-zynqmp-rsa (zynqmp-rsa)
[    3.256091] usbcore: registered new interface driver usbhid
[    3.261481] usbhid: USB HID core driver
[    3.272728] axi_sysid 85000000.axi-sysid-0: AXI System ID core version (1.01.a) found
[    3.275079] axi_sysid 85000000.axi-sysid-0: [ad9081_fmca_ebz] on [zcu102] git branch <master> git <084d44c9780640ca93fd847b1d9ec70dd65f5c67> clean [2022-03-18 04:17:50] UTC
[    3.290766] fpga_manager fpga0: Xilinx ZynqMP FPGA Manager registered
[    3.297124] usbcore: registered new interface driver snd-usb-audio
[    3.304575] pktgen: Packet Generator for packet performance testing. Version: 2.75
[    3.310753] Initializing XFRM netlink socket
[    3.314609] NET: Registered protocol family 10
[    3.319322] Segment Routing with IPv6
[    3.322710] sit: IPv6, IPv4 and MPLS over IPv4 tunneling driver
[    3.328778] NET: Registered protocol family 17
[    3.332883] NET: Registered protocol family 15
[    3.337375] can: controller area network core
[    3.341632] NET: Registered protocol family 29
[    3.346020] can: raw protocol
[    3.348957] can: broadcast manager protocol
[    3.353112] can: netlink gateway - max_hops=1
[    3.357507] Bluetooth: RFCOMM TTY layer initialized
[    3.362285] Bluetooth: RFCOMM socket layer initialized
[    3.367397] Bluetooth: RFCOMM ver 1.11
[    3.371104] Bluetooth: BNEP (Ethernet Emulation) ver 1.3
[    3.376375] Bluetooth: BNEP filters: protocol multicast
[    3.381569] Bluetooth: BNEP socket layer initialized
[    3.386496] Bluetooth: HIDP (Human Interface Emulation) ver 1.2
[    3.392380] Bluetooth: HIDP socket layer initialized
[    3.397436] 9pnet: Installing 9P2000 support
[    3.401557] NET: Registered protocol family 36
[    3.405974] Key type dns_resolver registered
[    3.410408] registered taskstats version 1
[    3.414270] Loading compiled-in X.509 certificates
[    3.419383] Btrfs loaded, crc32c=crc32c-generic
[    3.431798] ff000000.serial: ttyPS0 at MMIO 0xff000000 (irq = 49, base_baud = 6249999) is a xuartps
[    3.440822] printk: console [ttyPS0] enabled
[    3.445118] printk: bootconsole [cdns0] disabled
[    3.454748] ff010000.serial: ttyPS1 at MMIO 0xff010000 (irq = 50, base_baud = 6249999) is a xuartps
[    3.468011] of-fpga-region fpga-full: FPGA Region probed
[    3.474941] nwl-pcie fd0e0000.pcie: host bridge /axi/pcie@fd0e0000 ranges:
[    3.481838] nwl-pcie fd0e0000.pcie:      MEM 0x00e0000000..0x00efffffff -> 0x00e0000000
[    3.489846] nwl-pcie fd0e0000.pcie:      MEM 0x0600000000..0x07ffffffff -> 0x0600000000
[    3.497911] nwl-pcie fd0e0000.pcie: Link is DOWN
[    3.502667] nwl-pcie fd0e0000.pcie: PCI host bridge to bus 0000:00
[    3.508846] pci_bus 0000:00: root bus resource [bus 00-ff]
[    3.514327] pci_bus 0000:00: root bus resource [mem 0xe0000000-0xefffffff]
[    3.521197] pci_bus 0000:00: root bus resource [mem 0x600000000-0x7ffffffff pref]
[    3.528702] pci 0000:00:00.0: [10ee:d021] type 01 class 0x060400
[    3.534757] pci 0000:00:00.0: PME# supported from D0 D1 D2 D3hot
[    3.545207] pci 0000:00:00.0: PCI bridge to [bus 01-0c]
[    3.551185] xilinx-zynqmp-dma fd500000.dma: ZynqMP DMA driver Probe success
[    3.558363] xilinx-zynqmp-dma fd510000.dma: ZynqMP DMA driver Probe success
[    3.565538] xilinx-zynqmp-dma fd520000.dma: ZynqMP DMA driver Probe success
[    3.572706] xilinx-zynqmp-dma fd530000.dma: ZynqMP DMA driver Probe success
[    3.579879] xilinx-zynqmp-dma fd540000.dma: ZynqMP DMA driver Probe success
[    3.587040] xilinx-zynqmp-dma fd550000.dma: ZynqMP DMA driver Probe success
[    3.594205] xilinx-zynqmp-dma fd560000.dma: ZynqMP DMA driver Probe success
[    3.601373] xilinx-zynqmp-dma fd570000.dma: ZynqMP DMA driver Probe success
[    3.608774] xilinx-zynqmp-dpdma fd4c0000.dma-controller: Xilinx DPDMA engine is probed
[    3.617333] ahci-ceva fd0c0000.ahci: supply ahci not found, using dummy regulator
[    3.624872] ahci-ceva fd0c0000.ahci: supply phy not found, using dummy regulator
[    3.715910] hmc7044 spi2.0: PLL1: Acquisition, CLKIN0 @ 122880000 Hz, PFD: 80 kHz - PLL2: Locked @ 2442.000000 MHz
[    3.726624] jesd204: /axi/spi@ff050000/hmc7044@0,jesd204:1,parent=spi2.0: Using as SYSREF provider
[    3.736212] spi-nor spi0.0: SPI-NOR-UniqueID 100000235394732200270025081115266e
[    3.743518] spi-nor spi0.0: found n25q512a, expected m25p80
[    3.749723] spi-nor spi0.0: trying to lock already unlocked area
[    3.755735] spi-nor spi0.0: n25q512a (131072 Kbytes)
[    3.760716] 4 fixed-partitions partitions found on MTD device spi0.0
[    3.767061] Creating 4 MTD partitions on "spi0.0":
[    3.771846] 0x000000000000-0x000000100000 : "qspi-fsbl-uboot"
[    3.778344] 0x000000100000-0x000000600000 : "qspi-linux"
[    3.784297] 0x000000600000-0x000000620000 : "qspi-device-tree"
[    3.790773] 0x000000620000-0x000000c00000 : "qspi-rootfs"
[    3.799247] macb ff0e0000.ethernet: Not enabling partial store and forward
[    3.806766] libphy: MACB_mii_bus: probed
[    3.811847] macb ff0e0000.ethernet eth0: Cadence GEM rev 0x50070106 at 0xff0e0000 irq 30 (00:0a:35:04:8e:1b)
[    3.822059] xilinx-axipmon ffa00000.perf-monitor: Probed Xilinx APM
[    3.828629] xilinx-axipmon fd0b0000.perf-monitor: Probed Xilinx APM
[    3.835144] xilinx-axipmon fd490000.perf-monitor: Probed Xilinx APM
[    3.841686] xilinx-axipmon ffa10000.perf-monitor: Probed Xilinx APM
[    3.851679] pca953x 0-0020: supply vcc not found, using dummy regulator
[    3.858362] pca953x 0-0020: using no AI
[    3.862851] gpio-496 (sel0): hogged as output/low
[    3.867752] gpio-497 (sel1): hogged as output/high
[    3.872733] gpio-498 (sel2): hogged as output/high
[    3.877715] gpio-499 (sel3): hogged as output/high
[    3.882892] pca953x 0-0021: supply vcc not found, using dummy regulator
[    3.889564] pca953x 0-0021: using no AI
[    3.895323] ina2xx 2-0040: power monitor ina226 (Rshunt = 5000 uOhm)
[    3.902353] ina2xx 2-0041: power monitor ina226 (Rshunt = 5000 uOhm)
[    3.909387] ina2xx 2-0042: power monitor ina226 (Rshunt = 5000 uOhm)
[    3.916417] ina2xx 2-0043: power monitor ina226 (Rshunt = 5000 uOhm)
[    3.923437] ina2xx 2-0044: power monitor ina226 (Rshunt = 5000 uOhm)
[    3.930461] ina2xx 2-0045: power monitor ina226 (Rshunt = 5000 uOhm)
[    3.937495] ina2xx 2-0046: power monitor ina226 (Rshunt = 5000 uOhm)
[    3.944571] ina2xx 2-0047: power monitor ina226 (Rshunt = 5000 uOhm)
[    3.951609] ina2xx 2-004a: power monitor ina226 (Rshunt = 5000 uOhm)
[    3.958636] ina2xx 2-004b: power monitor ina226 (Rshunt = 5000 uOhm)
[    3.965041] i2c i2c-0: Added multiplexed i2c bus 2
[    3.970429] random: fast init done
[    3.973901] ina2xx 3-0040: power monitor ina226 (Rshunt = 2000 uOhm)
[    3.980931] ina2xx 3-0041: power monitor ina226 (Rshunt = 5000 uOhm)
[    3.987965] ina2xx 3-0042: power monitor ina226 (Rshunt = 5000 uOhm)
[    3.994994] ina2xx 3-0043: power monitor ina226 (Rshunt = 5000 uOhm)
[    4.002022] ina2xx 3-0044: power monitor ina226 (Rshunt = 5000 uOhm)
[    4.009050] ina2xx 3-0045: power monitor ina226 (Rshunt = 5000 uOhm)
[    4.016082] ina2xx 3-0046: power monitor ina226 (Rshunt = 5000 uOhm)
[    4.023111] ina2xx 3-0047: power monitor ina226 (Rshunt = 5000 uOhm)
[    4.029512] i2c i2c-0: Added multiplexed i2c bus 3
[    4.085206] i2c i2c-0: Added multiplexed i2c bus 4
[    4.090148] i2c i2c-0: Added multiplexed i2c bus 5
[    4.094937] pca954x 0-0075: registered 4 multiplexed busses for I2C mux pca9544
[    4.102287] cdns-i2c ff020000.i2c: 400 kHz mmio ff020000 irq 32
[    4.110019] at24 6-0054: supply vcc not found, using dummy regulator
[    4.116915] at24 6-0054: 1024 byte 24c08 EEPROM, writable, 1 bytes/write
[    4.123663] i2c i2c-1: Added multiplexed i2c bus 6
[    4.130088] si5341 7-0036: Chip: 5341 Grade: 1 Rev: 1
[    4.167819] i2c i2c-1: Added multiplexed i2c bus 7
[    4.175463] si570 8-005d: registered, current frequency 300000000 Hz
[    4.181864] i2c i2c-1: Added multiplexed i2c bus 8
[    4.201651] si570 9-005d: registered, current frequency 148500000 Hz
[    4.208052] i2c i2c-1: Added multiplexed i2c bus 9
[    4.213088] si5324 10-0069: si5328 probed
[    4.280105] si5324 10-0069: si5328 probe successful
[    4.285037] i2c i2c-1: Added multiplexed i2c bus 10
[    4.290063] i2c i2c-1: Added multiplexed i2c bus 11
[    4.295092] i2c i2c-1: Added multiplexed i2c bus 12
[    4.300114] i2c i2c-1: Added multiplexed i2c bus 13
[    4.304992] pca954x 1-0074: registered 8 multiplexed busses for I2C switch pca9548
[    4.313100] at24 14-0050: supply vcc not found, using dummy regulator
[    4.319886] at24 14-0050: 256 byte 24c02 EEPROM, writable, 1 bytes/write
[    4.326637] i2c i2c-1: Added multiplexed i2c bus 14
[    4.331677] i2c i2c-1: Added multiplexed i2c bus 15
[    4.336708] i2c i2c-1: Added multiplexed i2c bus 16
[    4.341746] i2c i2c-1: Added multiplexed i2c bus 17
[    4.346777] i2c i2c-1: Added multiplexed i2c bus 18
[    4.351828] i2c i2c-1: Added multiplexed i2c bus 19
[    4.356863] i2c i2c-1: Added multiplexed i2c bus 20
[    4.361903] i2c i2c-1: Added multiplexed i2c bus 21
[    4.366776] pca954x 1-0075: registered 8 multiplexed busses for I2C switch pca9548
[    4.374386] cdns-i2c ff030000.i2c: 400 kHz mmio ff030000 irq 33
[    4.384137] cdns-wdt fd4d0000.watchdog: Xilinx Watchdog Timer with timeout 60s
[    4.395074] axi_adxcvr 84a60000.axi-adxcvr-rx: AXI-ADXCVR-RX (17.05.a) using CPLL on GTH4 at 0x84A60000. Number of lanes: 4.
[    4.407238] axi_adxcvr 84b60000.axi-adxcvr-tx: AXI-ADXCVR-TX (17.05.a) using QPLL on GTH4 at 0x84B60000. Number of lanes: 4.
[    4.418864] axi-jesd204-rx 84a90000.axi-jesd204-rx: AXI-JESD204-RX (1.07.a) at 0x84A90000. Encoder 8b10b, width 4/4, lanes 4, jesd204-fsm.
[    4.426160] mmc0: SDHCI controller on ff170000.mmc [ff170000.mmc] using ADMA 64-bit
[    4.431708] axi-jesd204-tx 84b90000.axi-jesd204-tx: AXI-JESD204-TX (1.06.a) at 0x84B90000. Encoder 8b10b, width 4/4, lanes 4, jesd204-fsm.
[    4.452436] zynqmp-display fd4a0000.display: vtc bridge property not present
[    4.462086] xilinx-dp-snd-codec fd4a0000.display:zynqmp_dp_snd_codec0: Failed to get required clock freq
[    4.471589] xilinx-dp-snd-codec: probe of fd4a0000.display:zynqmp_dp_snd_codec0 failed with error -22
[    4.473521] mmc0: new high speed SDHC card at address 0001
[    4.481128] xilinx-dp-snd-pcm zynqmp_dp_snd_pcm0: Xilinx DisplayPort Sound PCM probed
[    4.486639] mmcblk0: mmc0:0001 EB1QT 29.8 GiB 
[    4.494445] xilinx-dp-snd-pcm zynqmp_dp_snd_pcm1: Xilinx DisplayPort Sound PCM probed
[    4.499822]  mmcblk0: p1 p2 p3
[    4.506748] OF: graph: no port node found in /axi/display@fd4a0000
[    4.515823] xlnx-drm xlnx-drm.0: bound fd4a0000.display (ops 0xffffffc010fcbdb8)
[    5.599755] zynqmp-display fd4a0000.display: [drm] Cannot find any crtc or sizes
[    5.607370] [drm] Initialized xlnx 1.0.0 20130509 for fd4a0000.display on minor 0
[    5.614859] zynqmp-display fd4a0000.display: ZynqMP DisplayPort Subsystem driver probed
[    5.623183] ahci-ceva fd0c0000.ahci: supply ahci not found, using dummy regulator
[    5.630727] ahci-ceva fd0c0000.ahci: supply phy not found, using dummy regulator
[    5.638180] ahci-ceva fd0c0000.ahci: supply target not found, using dummy regulator
[    5.646017] ahci-ceva fd0c0000.ahci: AHCI 0001.0301 32 slots 2 ports 6 Gbps 0x3 impl platform mode
[    5.654974] ahci-ceva fd0c0000.ahci: flags: 64bit ncq sntf pm clo only pmp fbs pio slum part ccc sds apst 
[    5.665677] scsi host0: ahci-ceva
[    5.669265] scsi host1: ahci-ceva
[    5.672693] ata1: SATA max UDMA/133 mmio [mem 0xfd0c0000-0xfd0c1fff] port 0x100 irq 45
[    5.680604] ata2: SATA max UDMA/133 mmio [mem 0xfd0c0000-0xfd0c1fff] port 0x180 irq 45
[    5.689199] ad9081 spi1.0: supply vdd not found, using dummy regulator
[    6.001991] ata1: SATA link down (SStatus 0 SControl 330)
[    6.007412] ata2: SATA link down (SStatus 0 SControl 330)
[    6.683758] zynqmp-display fd4a0000.display: [drm] Cannot find any crtc or sizes
[    6.881205] ad9081 spi1.0: Invalid param passed., "ref_clk_hz < 100000000ULL" in adi_ad9081_device_clk_config_set(...), line554 in drivers/iio/adc/ad9081/adi_ad9081_device.c
[    7.586431] ad9081 spi1.0: AD9081 Rev. 2 Grade 10 (API 1.2.2) probed
[    7.593636] xhci-hcd xhci-hcd.1.auto: xHCI Host Controller
[    7.599130] xhci-hcd xhci-hcd.1.auto: new USB bus registered, assigned bus number 1
[    7.606876] xhci-hcd xhci-hcd.1.auto: hcc params 0x0238f625 hci version 0x100 quirks 0x0000000002010810
[    7.616289] xhci-hcd xhci-hcd.1.auto: irq 59, io mem 0xfe200000
[    7.622403] usb usb1: New USB device found, idVendor=1d6b, idProduct=0002, bcdDevice= 5.10
[    7.630664] usb usb1: New USB device strings: Mfr=3, Product=2, SerialNumber=1
[    7.637882] usb usb1: Product: xHCI Host Controller
[    7.642755] usb usb1: Manufacturer: Linux 5.10.0-98103-g2aa7ac113716 xhci-hcd
[    7.649888] usb usb1: SerialNumber: xhci-hcd.1.auto
[    7.655052] hub 1-0:1.0: USB hub found
[    7.658814] hub 1-0:1.0: 1 port detected
[    7.662923] xhci-hcd xhci-hcd.1.auto: xHCI Host Controller
[    7.668408] xhci-hcd xhci-hcd.1.auto: new USB bus registered, assigned bus number 2
[    7.676063] xhci-hcd xhci-hcd.1.auto: Host supports USB 3.0 SuperSpeed
[    7.682683] usb usb2: New USB device found, idVendor=1d6b, idProduct=0003, bcdDevice= 5.10
[    7.690946] usb usb2: New USB device strings: Mfr=3, Product=2, SerialNumber=1
[    7.698166] usb usb2: Product: xHCI Host Controller
[    7.703033] usb usb2: Manufacturer: Linux 5.10.0-98103-g2aa7ac113716 xhci-hcd
[    7.710159] usb usb2: SerialNumber: xhci-hcd.1.auto
[    7.715266] hub 2-0:1.0: USB hub found
[    7.719021] hub 2-0:1.0: 1 port detected
[    7.749122] cf_axi_adc 84a10000.axi-ad9081-rx-hpc: ADI AIM (10.01.b) at 0x84A10000 mapped to 0x(____ptrval____), probed ADC AD9081 as MASTER
[    7.780578] cf_axi_dds 84b10000.axi-ad9081-tx-hpc: Analog Devices CF_AXI_DDS_DDS MASTER (9.01.b) at 0x84B10000 mapped to 0x(____ptrval____), probed DDS AD9081
[    7.794780] jesd204: /axi/spi@ff040000/ad9081@0,jesd204:0,parent=spi1.0: JESD204[2] transition initialized -> probed
[    7.805300] jesd204: /axi/spi@ff040000/ad9081@0,jesd204:0,parent=spi1.0: JESD204[0] transition initialized -> probed
[    7.815824] jesd204: /axi/spi@ff040000/ad9081@0,jesd204:0,parent=spi1.0: JESD204[2] transition probed -> idle
[    7.825732] jesd204: /axi/spi@ff040000/ad9081@0,jesd204:0,parent=spi1.0: JESD204[0] transition probed -> idle
[    7.835647] jesd204: /axi/spi@ff040000/ad9081@0,jesd204:0,parent=spi1.0: JESD204[2] transition idle -> device_init
[    7.845989] jesd204: /axi/spi@ff040000/ad9081@0,jesd204:0,parent=spi1.0: JESD204[0] transition idle -> device_init
[    7.856341] jesd204: /axi/spi@ff040000/ad9081@0,jesd204:0,parent=spi1.0: JESD204[2] transition device_init -> link_init
[    7.867119] jesd204: /axi/spi@ff040000/ad9081@0,jesd204:0,parent=spi1.0: JESD204[0] transition device_init -> link_init
[    7.877909] jesd204: /axi/spi@ff040000/ad9081@0,jesd204:0,parent=spi1.0: JESD204[2] transition link_init -> link_supported
[    7.888948] jesd204: /axi/spi@ff040000/ad9081@0,jesd204:0,parent=spi1.0: JESD204[0] transition link_init -> link_supported
[    7.900345] hmc7044 spi2.0: hmc7044_jesd204_link_pre_setup: Link2 forcing continuous SYSREF mode
[    7.909370] axi-jesd204-rx 84a90000.axi-jesd204-rx: axi_jesd204_rx_jesd204_link_pre_setup: Link2 set lane rate 16280000 kHz failed (-22)
[    7.921631] jesd204: /fpga-axi@0/axi-jesd204-rx@84a90000,jesd204:4,parent=84a90000.axi-jesd204-rx: JESD204[2] In link_pre_setup got error from cb: -22
[    7.935100] jesd204: /axi/spi@ff040000/ad9081@0,jesd204:0,parent=spi1.0: Rolling back from 'link_supported', got error -22
[    7.946144] jesd204: /axi/spi@ff040000/ad9081@0,jesd204:0,parent=spi1.0: JESD204[0] transition link_supported -> link_pre_setup
[    7.957614] jesd204: /axi/spi@ff040000/ad9081@0,jesd204:0,parent=spi1.0: JESD204[2] transition link_supported -> link_pre_setup
[    7.969092] jesd204: /axi/spi@ff040000/ad9081@0,jesd204:0,parent=spi1.0: JESD204[0] transition link_pre_setup -> link_supported
[    7.980565] jesd204: /axi/spi@ff040000/ad9081@0,jesd204:0,parent=spi1.0: JESD204[2] transition link_pre_setup -> link_supported
[    7.992042] jesd204: /axi/spi@ff040000/ad9081@0,jesd204:0,parent=spi1.0: JESD204[0] transition link_supported -> link_init
[    8.003080] jesd204: /axi/spi@ff040000/ad9081@0,jesd204:0,parent=spi1.0: JESD204[2] transition link_supported -> link_init
[    8.014126] jesd204: /axi/spi@ff040000/ad9081@0,jesd204:0,parent=spi1.0: JESD204[0] transition link_init -> device_init
[    8.024906] jesd204: /axi/spi@ff040000/ad9081@0,jesd204:0,parent=spi1.0: JESD204[2] transition link_init -> device_init
[    8.035685] jesd204: /axi/spi@ff040000/ad9081@0,jesd204:0,parent=spi1.0: JESD204[0] transition device_init -> idle
[    8.046029] jesd204: /axi/spi@ff040000/ad9081@0,jesd204:0,parent=spi1.0: JESD204[2] transition device_init -> idle
[    8.056380] jesd204: /axi/spi@ff040000/ad9081@0,jesd204:0,parent=spi1.0: JESD204[2] transition idle -> idle
[    8.066119] jesd204: /axi/spi@ff040000/ad9081@0,jesd204:0,parent=spi1.0: JESD204[0] transition idle -> idle
[    8.075856] jesd204: /axi/spi@ff040000/ad9081@0,jesd204:0,parent=spi1.0: JESD204[2] transition idle -> device_init
[    8.086200] jesd204: /axi/spi@ff040000/ad9081@0,jesd204:0,parent=spi1.0: JESD204[0] transition idle -> device_init
[    8.096550] jesd204: /axi/spi@ff040000/ad9081@0,jesd204:0,parent=spi1.0: JESD204[2] transition device_init -> link_init
[    8.107327] jesd204: /axi/spi@ff040000/ad9081@0,jesd204:0,parent=spi1.0: JESD204[0] transition device_init -> link_init
[    8.118115] jesd204: /axi/spi@ff040000/ad9081@0,jesd204:0,parent=spi1.0: JESD204[2] transition link_init -> link_supported
[    8.129158] jesd204: /axi/spi@ff040000/ad9081@0,jesd204:0,parent=spi1.0: JESD204[0] transition link_init -> link_supported
[    8.140348] axi-jesd204-rx 84a90000.axi-jesd204-rx: axi_jesd204_rx_jesd204_link_pre_setup: Link2 set lane rate 16280000 kHz failed (-22)
[    8.152607] jesd204: /fpga-axi@0/axi-jesd204-rx@84a90000,jesd204:4,parent=84a90000.axi-jesd204-rx: JESD204[2] In link_pre_setup got error from cb: -22
[    8.166074] jesd204: /axi/spi@ff040000/ad9081@0,jesd204:0,parent=spi1.0: Rolling back from 'link_supported', got error -22
[    8.177117] jesd204: /axi/spi@ff040000/ad9081@0,jesd204:0,parent=spi1.0: JESD204[0] transition link_supported -> link_pre_setup
[    8.188589] jesd204: /axi/spi@ff040000/ad9081@0,jesd204:0,parent=spi1.0: JESD204[2] transition link_supported -> link_pre_setup
[    8.200067] jesd204: /axi/spi@ff040000/ad9081@0,jesd204:0,parent=spi1.0: JESD204[0] transition link_pre_setup -> link_supported
[    8.211538] jesd204: /axi/spi@ff040000/ad9081@0,jesd204:0,parent=spi1.0: JESD204[2] transition link_pre_setup -> link_supported
[    8.223016] jesd204: /axi/spi@ff040000/ad9081@0,jesd204:0,parent=spi1.0: JESD204[0] transition link_supported -> link_init
[    8.234055] jesd204: /axi/spi@ff040000/ad9081@0,jesd204:0,parent=spi1.0: JESD204[2] transition link_supported -> link_init
[    8.245102] jesd204: /axi/spi@ff040000/ad9081@0,jesd204:0,parent=spi1.0: JESD204[0] transition link_init -> device_init
[    8.255877] jesd204: /axi/spi@ff040000/ad9081@0,jesd204:0,parent=spi1.0: JESD204[2] transition link_init -> device_init
[    8.266659] jesd204: /axi/spi@ff040000/ad9081@0,jesd204:0,parent=spi1.0: JESD204[0] transition device_init -> idle
[    8.277007] jesd204: /axi/spi@ff040000/ad9081@0,jesd204:0,parent=spi1.0: JESD204[2] transition device_init -> idle
[    8.287354] jesd204: /axi/spi@ff040000/ad9081@0,jesd204:0,parent=spi1.0: JESD204[2] transition idle -> idle
[    8.297089] jesd204: /axi/spi@ff040000/ad9081@0,jesd204:0,parent=spi1.0: JESD204[0] transition idle -> idle
[    8.306832] jesd204: /axi/spi@ff040000/ad9081@0,jesd204:0,parent=spi1.0: JESD204[2] transition idle -> device_init
[    8.317175] jesd204: /axi/spi@ff040000/ad9081@0,jesd204:0,parent=spi1.0: JESD204[0] transition idle -> device_init
[    8.327525] jesd204: /axi/spi@ff040000/ad9081@0,jesd204:0,parent=spi1.0: JESD204[2] transition device_init -> link_init
[    8.338302] jesd204: /axi/spi@ff040000/ad9081@0,jesd204:0,parent=spi1.0: JESD204[0] transition device_init -> link_init
[    8.349089] jesd204: /axi/spi@ff040000/ad9081@0,jesd204:0,parent=spi1.0: JESD204[2] transition link_init -> link_supported
[    8.360135] jesd204: /axi/spi@ff040000/ad9081@0,jesd204:0,parent=spi1.0: JESD204[0] transition link_init -> link_supported
[    8.371320] axi-jesd204-rx 84a90000.axi-jesd204-rx: axi_jesd204_rx_jesd204_link_pre_setup: Link2 set lane rate 16280000 kHz failed (-22)
[    8.383579] jesd204: /fpga-axi@0/axi-jesd204-rx@84a90000,jesd204:4,parent=84a90000.axi-jesd204-rx: JESD204[2] In link_pre_setup got error from cb: -22
[    8.397048] jesd204: /axi/spi@ff040000/ad9081@0,jesd204:0,parent=spi1.0: Rolling back from 'link_supported', got error -22
[    8.408096] jesd204: /axi/spi@ff040000/ad9081@0,jesd204:0,parent=spi1.0: JESD204[0] transition link_supported -> link_pre_setup
[    8.419572] jesd204: /axi/spi@ff040000/ad9081@0,jesd204:0,parent=spi1.0: JESD204[2] transition link_supported -> link_pre_setup
[    8.431050] jesd204: /axi/spi@ff040000/ad9081@0,jesd204:0,parent=spi1.0: JESD204[0] transition link_pre_setup -> link_supported
[    8.442526] jesd204: /axi/spi@ff040000/ad9081@0,jesd204:0,parent=spi1.0: JESD204[2] transition link_pre_setup -> link_supported
[    8.454000] jesd204: /axi/spi@ff040000/ad9081@0,jesd204:0,parent=spi1.0: JESD204[0] transition link_supported -> link_init
[    8.465038] jesd204: /axi/spi@ff040000/ad9081@0,jesd204:0,parent=spi1.0: JESD204[2] transition link_supported -> link_init
[    8.476085] jesd204: /axi/spi@ff040000/ad9081@0,jesd204:0,parent=spi1.0: JESD204[0] transition link_init -> device_init
[    8.486860] jesd204: /axi/spi@ff040000/ad9081@0,jesd204:0,parent=spi1.0: JESD204[2] transition link_init -> device_init
[    8.497643] jesd204: /axi/spi@ff040000/ad9081@0,jesd204:0,parent=spi1.0: JESD204[0] transition device_init -> idle
[    8.507986] jesd204: /axi/spi@ff040000/ad9081@0,jesd204:0,parent=spi1.0: JESD204[2] transition device_init -> idle
[    8.518338] jesd204: /axi/spi@ff040000/ad9081@0,jesd204:0,parent=spi1.0: JESD204[2] transition idle -> idle
[    8.528072] jesd204: /axi/spi@ff040000/ad9081@0,jesd204:0,parent=spi1.0: JESD204[0] transition idle -> idle
[    8.537818] jesd204: /axi/spi@ff040000/ad9081@0,jesd204:0,parent=spi1.0: JESD204[2] transition idle -> device_init
[    8.548158] jesd204: /axi/spi@ff040000/ad9081@0,jesd204:0,parent=spi1.0: JESD204[0] transition idle -> device_init
[    8.558508] jesd204: /axi/spi@ff040000/ad9081@0,jesd204:0,parent=spi1.0: JESD204[2] transition device_init -> link_init
[    8.569285] jesd204: /axi/spi@ff040000/ad9081@0,jesd204:0,parent=spi1.0: JESD204[0] transition device_init -> link_init
[    8.580074] jesd204: /axi/spi@ff040000/ad9081@0,jesd204:0,parent=spi1.0: JESD204[2] transition link_init -> link_supported
[    8.591116] jesd204: /axi/spi@ff040000/ad9081@0,jesd204:0,parent=spi1.0: JESD204[0] transition link_init -> link_supported
[    8.602303] axi-jesd204-rx 84a90000.axi-jesd204-rx: axi_jesd204_rx_jesd204_link_pre_setup: Link2 set lane rate 16280000 kHz failed (-22)
[    8.614561] jesd204: /fpga-axi@0/axi-jesd204-rx@84a90000,jesd204:4,parent=84a90000.axi-jesd204-rx: JESD204[2] In link_pre_setup got error from cb: -22
[    8.628032] jesd204: /axi/spi@ff040000/ad9081@0,jesd204:0,parent=spi1.0: Rolling back from 'link_supported', got error -22
[    8.639075] jesd204: /axi/spi@ff040000/ad9081@0,jesd204:0,parent=spi1.0: JESD204[0] transition link_supported -> link_pre_setup
[    8.650548] jesd204: /axi/spi@ff040000/ad9081@0,jesd204:0,parent=spi1.0: JESD204[2] transition link_supported -> link_pre_setup
[    8.662029] jesd204: /axi/spi@ff040000/ad9081@0,jesd204:0,parent=spi1.0: JESD204[0] transition link_pre_setup -> link_supported
[    8.673506] jesd204: /axi/spi@ff040000/ad9081@0,jesd204:0,parent=spi1.0: JESD204[2] transition link_pre_setup -> link_supported
[    8.684983] jesd204: /axi/spi@ff040000/ad9081@0,jesd204:0,parent=spi1.0: JESD204[0] transition link_supported -> link_init
[    8.696021] jesd204: /axi/spi@ff040000/ad9081@0,jesd204:0,parent=spi1.0: JESD204[2] transition link_supported -> link_init
[    8.707068] jesd204: /axi/spi@ff040000/ad9081@0,jesd204:0,parent=spi1.0: JESD204[0] transition link_init -> device_init
[    8.717843] jesd204: /axi/spi@ff040000/ad9081@0,jesd204:0,parent=spi1.0: JESD204[2] transition link_init -> device_init
[    8.728627] jesd204: /axi/spi@ff040000/ad9081@0,jesd204:0,parent=spi1.0: JESD204[0] transition device_init -> idle
[    8.738970] jesd204: /axi/spi@ff040000/ad9081@0,jesd204:0,parent=spi1.0: JESD204[2] transition device_init -> idle
[    8.749316] jesd204: /axi/spi@ff040000/ad9081@0,jesd204:0,parent=spi1.0: FSM completed with error -22
[    8.767752] input: gpio-keys as /devices/platform/gpio-keys/input/input0
[    8.774770] of_cfs_init
[    8.777230] of_cfs_init: OK
[    8.780172] cfg80211: Loading compiled-in X.509 certificates for regulatory database
[    8.918436] cfg80211: Loaded X.509 cert 'sforshee: 00b28ddf47aef9cea7'
[    8.924971] clk: Not disabling unused clocks
[    8.929495] ALSA device list:
[    8.932459]   No soundcards found.
[    8.936135] platform regulatory.0: Direct firmware load for regulatory.db failed with error -2
[    8.944747] cfg80211: failed to load regulatory.db
[    8.959624] EXT4-fs (mmcblk0p2): mounted filesystem with ordered data mode. Opts: (null)
[    8.967743] VFS: Mounted root (ext4 filesystem) on device 179:2.
[    8.981446] devtmpfs: mounted
[    8.985255] Freeing unused kernel memory: 2560K
[    8.999790] Run /sbin/init as init process
[    9.003882]   with arguments:
[    9.003885]     /sbin/init
[    9.003887]   with environment:
[    9.003889]     HOME=/
[    9.003891]     TERM=linux
[    9.585588] systemd[1]: systemd 241 running in system mode. (+PAM +AUDIT +SELINUX +IMA +APPARMOR +SMACK +SYSVINIT +UTMP +LIBCRYPTSETUP +GCRYPT +GNUTLS +ACL +XZ +LZ4 +SECCOMP +BLKID +ELFUTILS +KMOD -IDN2 +IDN -PCRE2 default-hierarchy=hybrid)
[    9.607450] systemd[1]: Detected architecture arm64.
[    9.632490] systemd[1]: Set hostname to <analog>.
[    9.816336] systemd[1]: File /lib/systemd/system/systemd-journald.service:12 configures an IP firewall (IPAddressDeny=any), but the local system does not support BPF/cgroup based firewalling.
[    9.833386] systemd[1]: Proceeding WITHOUT firewalling in effect! (This warning is only shown for the first loaded unit using IP firewalling.)
[    9.999749] systemd[1]: /etc/systemd/system/tof-server.service:1: Assignment outside of section. Ignoring.
[   10.009443] systemd[1]: /etc/systemd/system/tof-server.service:2: Assignment outside of section. Ignoring.
[   10.195562] random: systemd: uninitialized urandom read (16 bytes read)
[   10.210318] random: systemd: uninitialized urandom read (16 bytes read)
[   10.216981] systemd[1]: Reached target Swap.
[   10.231830] random: systemd: uninitialized urandom read (16 bytes read)
[   10.238755] systemd[1]: Listening on Syslog Socket.
[   10.256030] systemd[1]: Listening on udev Kernel Socket.
[   11.089660] EXT4-fs (mmcblk0p2): re-mounted. Opts: (null)
[   11.212687] systemd-journald[165]: Received request to flush runtime journal from PID 1
[   16.745896] random: crng init done
[   16.745905] random: 7 urandom warning(s) missed due to ratelimiting
[   17.150425] macb ff0e0000.ethernet eth0: PHY [ff0e0000.ethernet-ffffffff:0c] driver [TI DP83867] (irq=POLL)
[   17.150438] macb ff0e0000.ethernet eth0: configuring for phy/rgmii-id link mode
[   17.443770] Adding 66556k swap on /var/swap.  Priority:-2 extents:2 across:3253180k SS
[   20.056810] broken atomic modeset userspace detected, disabling atomic
[   20.225381] macb ff0e0000.ethernet eth0: Link is Up - 1Gbps/Full - flow control off
[   20.225405] IPv6: ADDRCONF(NETDEV_CHANGE): eth0: link becomes ready
[   22.717845] broken atomic modeset userspace detected, disabling atomic
[   25.583193] broken atomic modeset userspace detected, disabling atomic
[   28.215276] broken atomic modeset userspace detected, disabling atomic