[    0.000000] Booting Linux on physical CPU 0x0000000000 [0x410fd034]
[    0.000000] Linux version 5.10.0-98103-g2aa7ac113716 (jenkins@romlxbuild1.adlk.analog.com) (aarch64-xilinx-linux-gcc.real (GCC) 10.2.0, GNU ld (GNU Binutils) 2.35.0.20200730) #5577 SMP Wed Mar 23 07:28:49 GMT 2022
[    0.000000] Machine model: ZynqMP ZCU102 Rev1.0
[    0.000000] earlycon: cdns0 at MMIO 0x00000000ff000000 (options '115200n8')
[    0.000000] printk: bootconsole [cdns0] enabled
[    0.000000] efi: UEFI not found.
[    0.000000] cma: Reserved 256 MiB at 0x0000000070000000
[    0.000000] Zone ranges:
[    0.000000]   DMA      [mem 0x0000000000000000-0x000000003fffffff]
[    0.000000]   DMA32    [mem 0x0000000040000000-0x00000000ffffffff]
[    0.000000]   Normal   [mem 0x0000000100000000-0x000000087fffffff]
[    0.000000] Movable zone start for each node
[    0.000000] Early memory node ranges
[    0.000000]   node   0: [mem 0x0000000000000000-0x000000007fffffff]
[    0.000000]   node   0: [mem 0x0000000800000000-0x000000087fffffff]
[    0.000000] Initmem setup node 0 [mem 0x0000000000000000-0x000000087fffffff]
[    0.000000] On node 0 totalpages: 1048576
[    0.000000]   DMA zone: 3584 pages used for memmap
[    0.000000]   DMA zone: 0 pages reserved
[    0.000000]   DMA zone: 262144 pages, LIFO batch:63
[    0.000000]   DMA32 zone: 3584 pages used for memmap
[    0.000000]   DMA32 zone: 262144 pages, LIFO batch:63
[    0.000000]   Normal zone: 7168 pages used for memmap
[    0.000000]   Normal zone: 524288 pages, LIFO batch:63
[    0.000000] psci: probing for conduit method from DT.
[    0.000000] psci: PSCIv1.1 detected in firmware.
[    0.000000] psci: Using standard PSCI v0.2 function IDs
[    0.000000] psci: MIGRATE_INFO_TYPE not supported.
[    0.000000] psci: SMC Calling Convention v1.2
[    0.000000] percpu: Embedded 22 pages/cpu s49496 r8192 d32424 u90112
[    0.000000] pcpu-alloc: s49496 r8192 d32424 u90112 alloc=22*4096
[    0.000000] pcpu-alloc: [0] 0 [0] 1 [0] 2 [0] 3 
[    0.000000] Detected VIPT I-cache on CPU0
[    0.000000] CPU features: detected: ARM erratum 845719
[    0.000000] Built 1 zonelists, mobility grouping on.  Total pages: 1034240
[    0.000000] Kernel command line: console=ttyPS0,115200 root=/dev/mmcblk0p2 rw earlycon rootfstype=ext4 rootwait clk_ignore_unused cpuidle.off=1 root=/dev/mmcblk0p2 rw rootwait
[    0.000000] Dentry cache hash table entries: 524288 (order: 10, 4194304 bytes, linear)
[    0.000000] Inode-cache hash table entries: 262144 (order: 9, 2097152 bytes, linear)
[    0.000000] mem auto-init: stack:off, heap alloc:off, heap free:off
[    0.000000] software IO TLB: mapped [mem 0x000000003bfff000-0x000000003ffff000] (64MB)
[    0.000000] Memory: 3761904K/4194304K available (15296K kernel code, 1636K rwdata, 11876K rodata, 2560K init, 507K bss, 170256K reserved, 262144K cma-reserved)
[    0.000000] rcu: Hierarchical RCU implementation.
[    0.000000] rcu: 	RCU event tracing is enabled.
[    0.000000] rcu: 	RCU restricting CPUs from NR_CPUS=8 to nr_cpu_ids=4.
[    0.000000] rcu: RCU calculated value of scheduler-enlistment delay is 25 jiffies.
[    0.000000] rcu: Adjusting geometry for rcu_fanout_leaf=16, nr_cpu_ids=4
[    0.000000] NR_IRQS: 64, nr_irqs: 64, preallocated irqs: 0
[    0.000000] GIC: Adjusting CPU interface base to 0x00000000f902f000
[    0.000000] GIC: Using split EOI/Deactivate mode
[    0.000000] random: get_random_bytes called from start_kernel+0x31c/0x54c with crng_init=0
[    0.000000] arch_timer: cp15 timer(s) running at 100.00MHz (phys).
[    0.000000] clocksource: arch_sys_counter: mask: 0xffffffffffffff max_cycles: 0x171024e7e0, max_idle_ns: 440795205315 ns
[    0.000003] sched_clock: 56 bits at 100MHz, resolution 10ns, wraps every 4398046511100ns
[    0.008461] Console: colour dummy device 80x25
[    0.012483] Calibrating delay loop (skipped), value calculated using timer frequency.. 200.00 BogoMIPS (lpj=400000)
[    0.022841] pid_max: default: 32768 minimum: 301
[    0.027549] Mount-cache hash table entries: 8192 (order: 4, 65536 bytes, linear)
[    0.034789] Mountpoint-cache hash table entries: 8192 (order: 4, 65536 bytes, linear)
[    0.043395] rcu: Hierarchical SRCU implementation.
[    0.047559] EFI services will not be available.
[    0.051938] smp: Bringing up secondary CPUs ...
[    0.056657] Detected VIPT I-cache on CPU1
[    0.056695] CPU1: Booted secondary processor 0x0000000001 [0x410fd034]
[    0.057059] Detected VIPT I-cache on CPU2
[    0.057083] CPU2: Booted secondary processor 0x0000000002 [0x410fd034]
[    0.057422] Detected VIPT I-cache on CPU3
[    0.057445] CPU3: Booted secondary processor 0x0000000003 [0x410fd034]
[    0.057491] smp: Brought up 1 node, 4 CPUs
[    0.091779] SMP: Total of 4 processors activated.
[    0.096452] CPU features: detected: 32-bit EL0 Support
[    0.101556] CPU features: detected: CRC32 instructions
[    0.106694] CPU: All CPU(s) started at EL2
[    0.110736] alternatives: patching kernel code
[    0.116169] devtmpfs: initialized
[    0.124064] Registered cp15_barrier emulation handler
[    0.124115] Registered setend emulation handler
[    0.128091] clocksource: jiffies: mask: 0xffffffff max_cycles: 0xffffffff, max_idle_ns: 7645041785100000 ns
[    0.137670] futex hash table entries: 1024 (order: 4, 65536 bytes, linear)
[    0.151039] pinctrl core: initialized pinctrl subsystem
[    0.151686] NET: Registered protocol family 16
[    0.156110] DMA: preallocated 512 KiB GFP_KERNEL pool for atomic allocations
[    0.162124] DMA: preallocated 512 KiB GFP_KERNEL|GFP_DMA pool for atomic allocations
[    0.169850] DMA: preallocated 512 KiB GFP_KERNEL|GFP_DMA32 pool for atomic allocations
[    0.177652] audit: initializing netlink subsys (disabled)
[    0.183104] audit: type=2000 audit(0.116:1): state=initialized audit_enabled=0 res=1
[    0.183447] hw-breakpoint: found 6 breakpoint and 4 watchpoint registers.
[    0.197481] ASID allocator initialised with 65536 entries
[    0.224340] HugeTLB registered 1.00 GiB page size, pre-allocated 0 pages
[    0.225394] HugeTLB registered 32.0 MiB page size, pre-allocated 0 pages
[    0.232065] HugeTLB registered 2.00 MiB page size, pre-allocated 0 pages
[    0.238728] HugeTLB registered 64.0 KiB page size, pre-allocated 0 pages
[    1.304320] DRBG: Continuing without Jitter RNG
[    1.382127] raid6: neonx8   gen()  2141 MB/s
[    1.450172] raid6: neonx8   xor()  1598 MB/s
[    1.518231] raid6: neonx4   gen()  2197 MB/s
[    1.586280] raid6: neonx4   xor()  1567 MB/s
[    1.654346] raid6: neonx2   gen()  2076 MB/s
[    1.722391] raid6: neonx2   xor()  1440 MB/s
[    1.790461] raid6: neonx1   gen()  1772 MB/s
[    1.858502] raid6: neonx1   xor()  1220 MB/s
[    1.926560] raid6: int64x8  gen()  1438 MB/s
[    1.994617] raid6: int64x8  xor()   771 MB/s
[    2.062687] raid6: int64x4  gen()  1599 MB/s
[    2.130737] raid6: int64x4  xor()   820 MB/s
[    2.198812] raid6: int64x2  gen()  1397 MB/s
[    2.266855] raid6: int64x2  xor()   750 MB/s
[    2.334927] raid6: int64x1  gen()  1033 MB/s
[    2.402992] raid6: int64x1  xor()   517 MB/s
[    2.403030] raid6: using algorithm neonx4 gen() 2197 MB/s
[    2.406986] raid6: .... xor() 1567 MB/s, rmw enabled
[    2.411917] raid6: using neon recovery algorithm
[    2.416928] iommu: Default domain type: Translated 
[    2.421541] SCSI subsystem initialized
[    2.425087] libata version 3.00 loaded.
[    2.425211] usbcore: registered new interface driver usbfs
[    2.430543] usbcore: registered new interface driver hub
[    2.435816] usbcore: registered new device driver usb
[    2.440949] mc: Linux media interface: v0.10
[    2.445066] videodev: Linux video capture interface: v2.00
[    2.450557] EDAC MC: Ver: 3.0.0
[    2.453999] zynqmp-ipi-mbox mailbox@ff990400: Registered ZynqMP IPI mbox with TX/RX channels.
[    2.462501] jesd204: created con: id=0, topo=0, link=0, /axi/spi@ff050000/hmc7044@0 <-> /fpga-axi@0/axi-adxcvr-tx@84b60000
[    2.473085] jesd204: created con: id=1, topo=0, link=2, /axi/spi@ff050000/hmc7044@0 <-> /fpga-axi@0/axi-adxcvr-rx@84a60000
[    2.484070] jesd204: created con: id=2, topo=0, link=0, /fpga-axi@0/axi-adxcvr-tx@84b60000 <-> /fpga-axi@0/axi-jesd204-tx@84b90000
[    2.495745] jesd204: created con: id=3, topo=0, link=2, /fpga-axi@0/axi-adxcvr-rx@84a60000 <-> /fpga-axi@0/axi-jesd204-rx@84a90000
[    2.507423] jesd204: created con: id=4, topo=0, link=0, /fpga-axi@0/axi-jesd204-tx@84b90000 <-> /fpga-axi@0/axi-ad9081-tx-hpc@84b10000
[    2.519450] jesd204: created con: id=5, topo=0, link=2, /fpga-axi@0/axi-jesd204-rx@84a90000 <-> /fpga-axi@0/axi-ad9081-rx-hpc@84a10000
[    2.531473] jesd204: created con: id=6, topo=0, link=2, /fpga-axi@0/axi-ad9081-rx-hpc@84a10000 <-> /axi/spi@ff040000/ad9081@0
[    2.542714] jesd204: created con: id=7, topo=0, link=0, /fpga-axi@0/axi-ad9081-tx-hpc@84b10000 <-> /axi/spi@ff040000/ad9081@0
[    2.553964] jesd204: /axi/spi@ff040000/ad9081@0: JESD204[2] transition uninitialized -> initialized
[    2.562951] jesd204: /axi/spi@ff040000/ad9081@0: JESD204[0] transition uninitialized -> initialized
[    2.571942] jesd204: found 8 devices and 1 topologies
[    2.576986] FPGA manager framework
[    2.580464] Advanced Linux Sound Architecture Driver Initialized.
[    2.586760] Bluetooth: Core ver 2.22
[    2.589945] NET: Registered protocol family 31
[    2.594347] Bluetooth: HCI device and connection manager initialized
[    2.600663] Bluetooth: HCI socket layer initialized
[    2.605505] Bluetooth: L2CAP socket layer initialized
[    2.610530] Bluetooth: SCO socket layer initialized
[    2.615712] clocksource: Switched to clocksource arch_sys_counter
[    2.621520] VFS: Disk quotas dquot_6.6.0
[    2.625357] VFS: Dquot-cache hash table entries: 512 (order 0, 4096 bytes)
[    2.636066] NET: Registered protocol family 2
[    2.636802] tcp_listen_portaddr_hash hash table entries: 2048 (order: 3, 32768 bytes, linear)
[    2.644996] TCP established hash table entries: 32768 (order: 6, 262144 bytes, linear)
[    2.653022] TCP bind hash table entries: 32768 (order: 7, 524288 bytes, linear)
[    2.660466] TCP: Hash tables configured (established 32768 bind 32768)
[    2.666640] UDP hash table entries: 2048 (order: 4, 65536 bytes, linear)
[    2.673307] UDP-Lite hash table entries: 2048 (order: 4, 65536 bytes, linear)
[    2.680467] NET: Registered protocol family 1
[    2.684923] RPC: Registered named UNIX socket transport module.
[    2.690544] RPC: Registered udp transport module.
[    2.695209] RPC: Registered tcp transport module.
[    2.699878] RPC: Registered tcp NFSv4.1 backchannel transport module.
[    2.706868] PCI: CLS 0 bytes, default 64
[    2.710576] hw perfevents: no interrupt-affinity property for /pmu, guessing.
[    2.717429] hw perfevents: enabled with armv8_pmuv3 PMU driver, 7 counters available
[    2.725784] Initialise system trusted keyrings
[    2.729458] workingset: timestamp_bits=62 max_order=20 bucket_order=0
[    2.736358] NFS: Registering the id_resolver key type
[    2.740808] Key type id_resolver registered
[    2.744946] Key type id_legacy registered
[    2.748935] nfs4filelayout_init: NFSv4 File Layout Driver Registering...
[    2.755602] jffs2: version 2.2. (NAND) (SUMMARY)  Â© 2001-2006 Red Hat, Inc.
[    2.798490] NET: Registered protocol family 38
[    2.798533] xor: measuring software checksum speed
[    2.806219]    8regs           :  2363 MB/sec
[    2.809887]    32regs          :  2799 MB/sec
[    2.814830]    arm64_neon      :  2380 MB/sec
[    2.815020] xor: using function: 32regs (2799 MB/sec)
[    2.820046] Key type asymmetric registered
[    2.824107] Asymmetric key parser 'x509' registered
[    2.828968] Block layer SCSI generic (bsg) driver version 0.4 loaded (major 248)
[    2.836305] io scheduler mq-deadline registered
[    2.840801] io scheduler kyber registered
[    2.870220] Serial: 8250/16550 driver, 4 ports, IRQ sharing disabled
[    2.874857] cacheinfo: Unable to detect cache hierarchy for CPU 0
[    2.881190] brd: module loaded
[    2.885341] loop: module loaded
[    2.885882] Registered mathworks_ip class
[    2.889222] libphy: Fixed MDIO Bus: probed
[    2.892207] tun: Universal TUN/TAP device driver, 1.6
[    2.896266] CAN device driver interface
[    2.900804] usbcore: registered new interface driver asix
[    2.905396] usbcore: registered new interface driver ax88179_178a
[    2.911431] usbcore: registered new interface driver cdc_ether
[    2.917226] usbcore: registered new interface driver net1080
[    2.922852] usbcore: registered new interface driver cdc_subset
[    2.928732] usbcore: registered new interface driver zaurus
[    2.934275] usbcore: registered new interface driver cdc_ncm
[    2.940676] ehci_hcd: USB 2.0 'Enhanced' Host Controller (EHCI) Driver
[    2.946361] ehci-pci: EHCI PCI platform driver
[    2.951159] usbcore: registered new interface driver uas
[    2.956076] usbcore: registered new interface driver usb-storage
[    2.962064] usbcore: registered new interface driver usbserial_generic
[    2.968516] usbserial: USB Serial support registered for generic
[    2.974489] usbcore: registered new interface driver ftdi_sio
[    2.980191] usbserial: USB Serial support registered for FTDI USB Serial Device
[    2.987468] usbcore: registered new interface driver upd78f0730
[    2.993339] usbserial: USB Serial support registered for upd78f0730
[    3.001001] rtc_zynqmp ffa60000.rtc: registered as rtc0
[    3.004764] rtc_zynqmp ffa60000.rtc: setting system clock to 2022-03-25T23:50:50 UTC (1648252250)
[    3.013627] i2c /dev entries driver
[    3.018932] usbcore: registered new interface driver uvcvideo
[    3.022740] USB Video Class driver (1.1.1)
[    3.028326] Bluetooth: HCI UART driver ver 2.3
[    3.031212] Bluetooth: HCI UART protocol H4 registered
[    3.036321] Bluetooth: HCI UART protocol BCSP registered
[    3.041610] Bluetooth: HCI UART protocol LL registered
[    3.046698] Bluetooth: HCI UART protocol ATH3K registered
[    3.052072] Bluetooth: HCI UART protocol Three-wire (H5) registered
[    3.058328] Bluetooth: HCI UART protocol Intel registered
[    3.063664] Bluetooth: HCI UART protocol QCA registered
[    3.068867] usbcore: registered new interface driver bcm203x
[    3.074488] usbcore: registered new interface driver bpa10x
[    3.080023] usbcore: registered new interface driver bfusb
[    3.085473] usbcore: registered new interface driver btusb
[    3.090936] usbcore: registered new interface driver ath3k
[    3.096420] EDAC MC: ECC not enabled
[    3.100045] EDAC DEVICE0: Giving out device to module zynqmp-ocm-edac controller zynqmp_ocm: DEV ff960000.memory-controller (INTERRUPT)
[    3.112359] sdhci: Secure Digital Host Controller Interface driver
[    3.118147] sdhci: Copyright(c) Pierre Ossman
[    3.122473] sdhci-pltfm: SDHCI platform and OF driver helper
[    3.128524] ledtrig-cpu: registered to indicate activity on CPUs
[    3.134076] SMCCC: SOC_ID: ARCH_SOC_ID not implemented, skipping ....
[    3.140506] zynqmp_firmware_probe Platform Management API v1.1
[    3.146263] zynqmp_firmware_probe Trustzone version v1.0
[    3.185813] zynqmp-pinctrl firmware:zynqmp-firmware:pinctrl: zynqmp pinctrl initialized
[    3.233806] zynqmp-aes firmware:zynqmp-firmware:zynqmp-aes: will run requests pump with realtime priority
[    3.249672] alg: No test for xilinx-keccak-384 (zynqmp-keccak-384)
[    3.250378] alg: No test for xilinx-zynqmp-rsa (zynqmp-rsa)
[    3.255896] usbcore: registered new interface driver usbhid
[    3.261281] usbhid: USB HID core driver
[    3.272506] axi_sysid 85000000.axi-sysid-0: AXI System ID core version (1.01.a) found
[    3.274854] axi_sysid 85000000.axi-sysid-0: [ad9081_fmca_ebz] on [zcu102] git branch <master> git <084d44c9780640ca93fd847b1d9ec70dd65f5c67> clean [2022-03-18 04:17:50] UTC
[    3.290544] fpga_manager fpga0: Xilinx ZynqMP FPGA Manager registered
[    3.296903] usbcore: registered new interface driver snd-usb-audio
[    3.304341] pktgen: Packet Generator for packet performance testing. Version: 2.75
[    3.310519] Initializing XFRM netlink socket
[    3.314387] NET: Registered protocol family 10
[    3.319099] Segment Routing with IPv6
[    3.322483] sit: IPv6, IPv4 and MPLS over IPv4 tunneling driver
[    3.328553] NET: Registered protocol family 17
[    3.332655] NET: Registered protocol family 15
[    3.337151] can: controller area network core
[    3.341407] NET: Registered protocol family 29
[    3.345796] can: raw protocol
[    3.348732] can: broadcast manager protocol
[    3.352887] can: netlink gateway - max_hops=1
[    3.357280] Bluetooth: RFCOMM TTY layer initialized
[    3.362060] Bluetooth: RFCOMM socket layer initialized
[    3.367171] Bluetooth: RFCOMM ver 1.11
[    3.370879] Bluetooth: BNEP (Ethernet Emulation) ver 1.3
[    3.376150] Bluetooth: BNEP filters: protocol multicast
[    3.381344] Bluetooth: BNEP socket layer initialized
[    3.386271] Bluetooth: HIDP (Human Interface Emulation) ver 1.2
[    3.392155] Bluetooth: HIDP socket layer initialized
[    3.397207] 9pnet: Installing 9P2000 support
[    3.401332] NET: Registered protocol family 36
[    3.405751] Key type dns_resolver registered
[    3.410183] registered taskstats version 1
[    3.414045] Loading compiled-in X.509 certificates
[    3.419157] Btrfs loaded, crc32c=crc32c-generic
[    3.431554] ff000000.serial: ttyPS0 at MMIO 0xff000000 (irq = 49, base_baud = 6249999) is a xuartps
[    3.440579] printk: console [ttyPS0] enabled
[    3.444874] printk: bootconsole [cdns0] disabled
[    3.454497] ff010000.serial: ttyPS1 at MMIO 0xff010000 (irq = 50, base_baud = 6249999) is a xuartps
[    3.467752] of-fpga-region fpga-full: FPGA Region probed
[    3.474714] nwl-pcie fd0e0000.pcie: host bridge /axi/pcie@fd0e0000 ranges:
[    3.481612] nwl-pcie fd0e0000.pcie:      MEM 0x00e0000000..0x00efffffff -> 0x00e0000000
[    3.489620] nwl-pcie fd0e0000.pcie:      MEM 0x0600000000..0x07ffffffff -> 0x0600000000
[    3.497685] nwl-pcie fd0e0000.pcie: Link is DOWN
[    3.502442] nwl-pcie fd0e0000.pcie: PCI host bridge to bus 0000:00
[    3.508620] pci_bus 0000:00: root bus resource [bus 00-ff]
[    3.514102] pci_bus 0000:00: root bus resource [mem 0xe0000000-0xefffffff]
[    3.520972] pci_bus 0000:00: root bus resource [mem 0x600000000-0x7ffffffff pref]
[    3.528476] pci 0000:00:00.0: [10ee:d021] type 01 class 0x060400
[    3.534532] pci 0000:00:00.0: PME# supported from D0 D1 D2 D3hot
[    3.544981] pci 0000:00:00.0: PCI bridge to [bus 01-0c]
[    3.550958] xilinx-zynqmp-dma fd500000.dma: ZynqMP DMA driver Probe success
[    3.558129] xilinx-zynqmp-dma fd510000.dma: ZynqMP DMA driver Probe success
[    3.565305] xilinx-zynqmp-dma fd520000.dma: ZynqMP DMA driver Probe success
[    3.572473] xilinx-zynqmp-dma fd530000.dma: ZynqMP DMA driver Probe success
[    3.579639] xilinx-zynqmp-dma fd540000.dma: ZynqMP DMA driver Probe success
[    3.586809] xilinx-zynqmp-dma fd550000.dma: ZynqMP DMA driver Probe success
[    3.593979] xilinx-zynqmp-dma fd560000.dma: ZynqMP DMA driver Probe success
[    3.601149] xilinx-zynqmp-dma fd570000.dma: ZynqMP DMA driver Probe success
[    3.608545] xilinx-zynqmp-dpdma fd4c0000.dma-controller: Xilinx DPDMA engine is probed
[    3.617098] ahci-ceva fd0c0000.ahci: supply ahci not found, using dummy regulator
[    3.624635] ahci-ceva fd0c0000.ahci: supply phy not found, using dummy regulator
[    3.715881] hmc7044 spi2.0: PLL1: Acquisition, CLKIN0 @ 122880000 Hz, PFD: 80 kHz - PLL2: Locked @ 2502.000000 MHz
[    3.726593] jesd204: /axi/spi@ff050000/hmc7044@0,jesd204:1,parent=spi2.0: Using as SYSREF provider
[    3.736182] spi-nor spi0.0: SPI-NOR-UniqueID 100000235394732200270025081115266e
[    3.743492] spi-nor spi0.0: found n25q512a, expected m25p80
[    3.749684] spi-nor spi0.0: trying to lock already unlocked area
[    3.755685] spi-nor spi0.0: n25q512a (131072 Kbytes)
[    3.760664] 4 fixed-partitions partitions found on MTD device spi0.0
[    3.767009] Creating 4 MTD partitions on "spi0.0":
[    3.771794] 0x000000000000-0x000000100000 : "qspi-fsbl-uboot"
[    3.778286] 0x000000100000-0x000000600000 : "qspi-linux"
[    3.784238] 0x000000600000-0x000000620000 : "qspi-device-tree"
[    3.790713] 0x000000620000-0x000000c00000 : "qspi-rootfs"
[    3.799177] macb ff0e0000.ethernet: Not enabling partial store and forward
[    3.806703] libphy: MACB_mii_bus: probed
[    3.811769] macb ff0e0000.ethernet eth0: Cadence GEM rev 0x50070106 at 0xff0e0000 irq 30 (00:0a:35:04:8e:1b)
[    3.821982] xilinx-axipmon ffa00000.perf-monitor: Probed Xilinx APM
[    3.828555] xilinx-axipmon fd0b0000.perf-monitor: Probed Xilinx APM
[    3.835074] xilinx-axipmon fd490000.perf-monitor: Probed Xilinx APM
[    3.841615] xilinx-axipmon ffa10000.perf-monitor: Probed Xilinx APM
[    3.851602] pca953x 0-0020: supply vcc not found, using dummy regulator
[    3.858284] pca953x 0-0020: using no AI
[    3.862774] gpio-496 (sel0): hogged as output/low
[    3.867672] gpio-497 (sel1): hogged as output/high
[    3.872659] gpio-498 (sel2): hogged as output/high
[    3.877647] gpio-499 (sel3): hogged as output/high
[    3.882822] pca953x 0-0021: supply vcc not found, using dummy regulator
[    3.889494] pca953x 0-0021: using no AI
[    3.895261] ina2xx 2-0040: power monitor ina226 (Rshunt = 5000 uOhm)
[    3.902289] ina2xx 2-0041: power monitor ina226 (Rshunt = 5000 uOhm)
[    3.909318] ina2xx 2-0042: power monitor ina226 (Rshunt = 5000 uOhm)
[    3.916352] ina2xx 2-0043: power monitor ina226 (Rshunt = 5000 uOhm)
[    3.923379] ina2xx 2-0044: power monitor ina226 (Rshunt = 5000 uOhm)
[    3.930399] ina2xx 2-0045: power monitor ina226 (Rshunt = 5000 uOhm)
[    3.937431] ina2xx 2-0046: power monitor ina226 (Rshunt = 5000 uOhm)
[    3.944506] ina2xx 2-0047: power monitor ina226 (Rshunt = 5000 uOhm)
[    3.951534] ina2xx 2-004a: power monitor ina226 (Rshunt = 5000 uOhm)
[    3.958575] ina2xx 2-004b: power monitor ina226 (Rshunt = 5000 uOhm)
[    3.964985] i2c i2c-0: Added multiplexed i2c bus 2
[    3.970369] random: fast init done
[    3.973841] ina2xx 3-0040: power monitor ina226 (Rshunt = 2000 uOhm)
[    3.980868] ina2xx 3-0041: power monitor ina226 (Rshunt = 5000 uOhm)
[    3.987900] ina2xx 3-0042: power monitor ina226 (Rshunt = 5000 uOhm)
[    3.994925] ina2xx 3-0043: power monitor ina226 (Rshunt = 5000 uOhm)
[    4.001952] ina2xx 3-0044: power monitor ina226 (Rshunt = 5000 uOhm)
[    4.008978] ina2xx 3-0045: power monitor ina226 (Rshunt = 5000 uOhm)
[    4.016012] ina2xx 3-0046: power monitor ina226 (Rshunt = 5000 uOhm)
[    4.023042] ina2xx 3-0047: power monitor ina226 (Rshunt = 5000 uOhm)
[    4.029442] i2c i2c-0: Added multiplexed i2c bus 3
[    4.085128] i2c i2c-0: Added multiplexed i2c bus 4
[    4.090071] i2c i2c-0: Added multiplexed i2c bus 5
[    4.094859] pca954x 0-0075: registered 4 multiplexed busses for I2C mux pca9544
[    4.102209] cdns-i2c ff020000.i2c: 400 kHz mmio ff020000 irq 32
[    4.109947] at24 6-0054: supply vcc not found, using dummy regulator
[    4.116846] at24 6-0054: 1024 byte 24c08 EEPROM, writable, 1 bytes/write
[    4.123594] i2c i2c-1: Added multiplexed i2c bus 6
[    4.130024] si5341 7-0036: Chip: 5341 Grade: 1 Rev: 1
[    4.167755] i2c i2c-1: Added multiplexed i2c bus 7
[    4.175405] si570 8-005d: registered, current frequency 300000000 Hz
[    4.181804] i2c i2c-1: Added multiplexed i2c bus 8
[    4.201585] si570 9-005d: registered, current frequency 148500000 Hz
[    4.207983] i2c i2c-1: Added multiplexed i2c bus 9
[    4.213021] si5324 10-0069: si5328 probed
[    4.280062] si5324 10-0069: si5328 probe successful
[    4.284994] i2c i2c-1: Added multiplexed i2c bus 10
[    4.290021] i2c i2c-1: Added multiplexed i2c bus 11
[    4.295052] i2c i2c-1: Added multiplexed i2c bus 12
[    4.300078] i2c i2c-1: Added multiplexed i2c bus 13
[    4.304958] pca954x 1-0074: registered 8 multiplexed busses for I2C switch pca9548
[    4.313067] at24 14-0050: supply vcc not found, using dummy regulator
[    4.319854] at24 14-0050: 256 byte 24c02 EEPROM, writable, 1 bytes/write
[    4.326602] i2c i2c-1: Added multiplexed i2c bus 14
[    4.331640] i2c i2c-1: Added multiplexed i2c bus 15
[    4.336674] i2c i2c-1: Added multiplexed i2c bus 16
[    4.341712] i2c i2c-1: Added multiplexed i2c bus 17
[    4.346745] i2c i2c-1: Added multiplexed i2c bus 18
[    4.351795] i2c i2c-1: Added multiplexed i2c bus 19
[    4.356829] i2c i2c-1: Added multiplexed i2c bus 20
[    4.361865] i2c i2c-1: Added multiplexed i2c bus 21
[    4.366742] pca954x 1-0075: registered 8 multiplexed busses for I2C switch pca9548
[    4.374351] cdns-i2c ff030000.i2c: 400 kHz mmio ff030000 irq 33
[    4.384104] cdns-wdt fd4d0000.watchdog: Xilinx Watchdog Timer with timeout 60s
[    4.395046] axi_adxcvr 84a60000.axi-adxcvr-rx: AXI-ADXCVR-RX (17.05.a) using CPLL on GTH4 at 0x84A60000. Number of lanes: 4.
[    4.407224] axi_adxcvr 84b60000.axi-adxcvr-tx: AXI-ADXCVR-TX (17.05.a) using QPLL on GTH4 at 0x84B60000. Number of lanes: 4.
[    4.418850] axi-jesd204-rx 84a90000.axi-jesd204-rx: AXI-JESD204-RX (1.07.a) at 0x84A90000. Encoder 8b10b, width 4/4, lanes 4, jesd204-fsm.
[    4.426115] mmc0: SDHCI controller on ff170000.mmc [ff170000.mmc] using ADMA 64-bit
[    4.431694] axi-jesd204-tx 84b90000.axi-jesd204-tx: AXI-JESD204-TX (1.06.a) at 0x84B90000. Encoder 8b10b, width 4/4, lanes 4, jesd204-fsm.
[    4.452418] zynqmp-display fd4a0000.display: vtc bridge property not present
[    4.462068] xilinx-dp-snd-codec fd4a0000.display:zynqmp_dp_snd_codec0: Failed to get required clock freq
[    4.471572] xilinx-dp-snd-codec: probe of fd4a0000.display:zynqmp_dp_snd_codec0 failed with error -22
[    4.473493] mmc0: new high speed SDHC card at address 0001
[    4.481109] xilinx-dp-snd-pcm zynqmp_dp_snd_pcm0: Xilinx DisplayPort Sound PCM probed
[    4.486626] mmcblk0: mmc0:0001 EB1QT 29.8 GiB 
[    4.494428] xilinx-dp-snd-pcm zynqmp_dp_snd_pcm1: Xilinx DisplayPort Sound PCM probed
[    4.499781]  mmcblk0: p1 p2 p3
[    4.506730] OF: graph: no port node found in /axi/display@fd4a0000
[    4.515803] xlnx-drm xlnx-drm.0: bound fd4a0000.display (ops 0xffffffc010fcbdb8)
[    5.599728] zynqmp-display fd4a0000.display: [drm] Cannot find any crtc or sizes
[    5.607344] [drm] Initialized xlnx 1.0.0 20130509 for fd4a0000.display on minor 0
[    5.614832] zynqmp-display fd4a0000.display: ZynqMP DisplayPort Subsystem driver probed
[    5.623156] ahci-ceva fd0c0000.ahci: supply ahci not found, using dummy regulator
[    5.630704] ahci-ceva fd0c0000.ahci: supply phy not found, using dummy regulator
[    5.638163] ahci-ceva fd0c0000.ahci: supply target not found, using dummy regulator
[    5.646002] ahci-ceva fd0c0000.ahci: AHCI 0001.0301 32 slots 2 ports 6 Gbps 0x3 impl platform mode
[    5.654957] ahci-ceva fd0c0000.ahci: flags: 64bit ncq sntf pm clo only pmp fbs pio slum part ccc sds apst 
[    5.665658] scsi host0: ahci-ceva
[    5.669250] scsi host1: ahci-ceva
[    5.672678] ata1: SATA max UDMA/133 mmio [mem 0xfd0c0000-0xfd0c1fff] port 0x100 irq 45
[    5.680588] ata2: SATA max UDMA/133 mmio [mem 0xfd0c0000-0xfd0c1fff] port 0x180 irq 45
[    5.689185] ad9081 spi1.0: supply vdd not found, using dummy regulator
[    6.001964] ata1: SATA link down (SStatus 0 SControl 330)
[    6.007378] ata2: SATA link down (SStatus 0 SControl 330)
[    6.683730] zynqmp-display fd4a0000.display: [drm] Cannot find any crtc or sizes
[    6.881217] ad9081 spi1.0: Invalid param passed., "ref_clk_hz < 100000000ULL" in adi_ad9081_device_clk_config_set(...), line554 in drivers/iio/adc/ad9081/adi_ad9081_device.c
[    7.585082] ad9081 spi1.0: AD9081 Rev. 2 Grade 10 (API 1.2.2) probed
[    7.592280] xhci-hcd xhci-hcd.1.auto: xHCI Host Controller
[    7.597776] xhci-hcd xhci-hcd.1.auto: new USB bus registered, assigned bus number 1
[    7.605523] xhci-hcd xhci-hcd.1.auto: hcc params 0x0238f625 hci version 0x100 quirks 0x0000000002010810
[    7.614936] xhci-hcd xhci-hcd.1.auto: irq 59, io mem 0xfe200000
[    7.621045] usb usb1: New USB device found, idVendor=1d6b, idProduct=0002, bcdDevice= 5.10
[    7.629301] usb usb1: New USB device strings: Mfr=3, Product=2, SerialNumber=1
[    7.636519] usb usb1: Product: xHCI Host Controller
[    7.641392] usb usb1: Manufacturer: Linux 5.10.0-98103-g2aa7ac113716 xhci-hcd
[    7.648526] usb usb1: SerialNumber: xhci-hcd.1.auto
[    7.653693] hub 1-0:1.0: USB hub found
[    7.657459] hub 1-0:1.0: 1 port detected
[    7.661563] xhci-hcd xhci-hcd.1.auto: xHCI Host Controller
[    7.667044] xhci-hcd xhci-hcd.1.auto: new USB bus registered, assigned bus number 2
[    7.674698] xhci-hcd xhci-hcd.1.auto: Host supports USB 3.0 SuperSpeed
[    7.681320] usb usb2: New USB device found, idVendor=1d6b, idProduct=0003, bcdDevice= 5.10
[    7.689583] usb usb2: New USB device strings: Mfr=3, Product=2, SerialNumber=1
[    7.696803] usb usb2: Product: xHCI Host Controller
[    7.701671] usb usb2: Manufacturer: Linux 5.10.0-98103-g2aa7ac113716 xhci-hcd
[    7.708801] usb usb2: SerialNumber: xhci-hcd.1.auto
[    7.713916] hub 2-0:1.0: USB hub found
[    7.717676] hub 2-0:1.0: 1 port detected
[    7.747728] cf_axi_adc 84a10000.axi-ad9081-rx-hpc: ADI AIM (10.01.b) at 0x84A10000 mapped to 0x(____ptrval____), probed ADC AD9081 as MASTER
[    7.780557] cf_axi_dds 84b10000.axi-ad9081-tx-hpc: Analog Devices CF_AXI_DDS_DDS MASTER (9.01.b) at 0x84B10000 mapped to 0x(____ptrval____), probed DDS AD9081
[    7.794762] jesd204: /axi/spi@ff040000/ad9081@0,jesd204:0,parent=spi1.0: JESD204[2] transition initialized -> probed
[    7.805283] jesd204: /axi/spi@ff040000/ad9081@0,jesd204:0,parent=spi1.0: JESD204[0] transition initialized -> probed
[    7.815807] jesd204: /axi/spi@ff040000/ad9081@0,jesd204:0,parent=spi1.0: JESD204[2] transition probed -> idle
[    7.825715] jesd204: /axi/spi@ff040000/ad9081@0,jesd204:0,parent=spi1.0: JESD204[0] transition probed -> idle
[    7.835630] jesd204: /axi/spi@ff040000/ad9081@0,jesd204:0,parent=spi1.0: JESD204[2] transition idle -> device_init
[    7.845972] jesd204: /axi/spi@ff040000/ad9081@0,jesd204:0,parent=spi1.0: JESD204[0] transition idle -> device_init
[    7.856324] jesd204: /axi/spi@ff040000/ad9081@0,jesd204:0,parent=spi1.0: JESD204[2] transition device_init -> link_init
[    7.867102] jesd204: /axi/spi@ff040000/ad9081@0,jesd204:0,parent=spi1.0: JESD204[0] transition device_init -> link_init
[    7.877893] jesd204: /axi/spi@ff040000/ad9081@0,jesd204:0,parent=spi1.0: JESD204[2] transition link_init -> link_supported
[    7.888930] jesd204: /axi/spi@ff040000/ad9081@0,jesd204:0,parent=spi1.0: JESD204[0] transition link_init -> link_supported
[    7.900337] hmc7044 spi2.0: hmc7044_jesd204_link_pre_setup: Link2 forcing continuous SYSREF mode
[    7.909603] jesd204: /axi/spi@ff040000/ad9081@0,jesd204:0,parent=spi1.0: JESD204[2] transition link_supported -> link_pre_setup
[    7.921083] jesd204: /axi/spi@ff040000/ad9081@0,jesd204:0,parent=spi1.0: JESD204[0] transition link_supported -> link_pre_setup
[    7.944860] jesd204: /axi/spi@ff040000/ad9081@0,jesd204:0,parent=spi1.0: JESD204[2] transition link_pre_setup -> clk_sync_stage1
[    7.956418] jesd204: /axi/spi@ff040000/ad9081@0,jesd204:0,parent=spi1.0: JESD204[0] transition link_pre_setup -> clk_sync_stage1
[    7.967983] jesd204: /axi/spi@ff040000/ad9081@0,jesd204:0,parent=spi1.0: JESD204[2] transition clk_sync_stage1 -> clk_sync_stage2
[    7.979628] jesd204: /axi/spi@ff040000/ad9081@0,jesd204:0,parent=spi1.0: JESD204[0] transition clk_sync_stage1 -> clk_sync_stage2
[    7.991279] jesd204: /axi/spi@ff040000/ad9081@0,jesd204:0,parent=spi1.0: JESD204[2] transition clk_sync_stage2 -> clk_sync_stage3
[    8.002924] jesd204: /axi/spi@ff040000/ad9081@0,jesd204:0,parent=spi1.0: JESD204[0] transition clk_sync_stage2 -> clk_sync_stage3
[    8.016654] jesd204: /axi/spi@ff040000/ad9081@0,jesd204:0,parent=spi1.0: JESD204[2] transition clk_sync_stage3 -> link_setup
[    8.027875] jesd204: /axi/spi@ff040000/ad9081@0,jesd204:0,parent=spi1.0: JESD204[0] transition clk_sync_stage3 -> link_setup
[    8.043902] jesd204: /axi/spi@ff040000/ad9081@0,jesd204:0,parent=spi1.0: JESD204[2] transition link_setup -> opt_setup_stage1
[    8.055206] jesd204: /axi/spi@ff040000/ad9081@0,jesd204:0,parent=spi1.0: JESD204[0] transition link_setup -> opt_setup_stage1
[    8.071538] jesd204: /axi/spi@ff040000/ad9081@0,jesd204:0,parent=spi1.0: JESD204[2] transition opt_setup_stage1 -> opt_setup_stage2
[    8.083364] jesd204: /axi/spi@ff040000/ad9081@0,jesd204:0,parent=spi1.0: JESD204[0] transition opt_setup_stage1 -> opt_setup_stage2
[    8.095335] jesd204: /axi/spi@ff040000/ad9081@0,jesd204:0,parent=spi1.0: JESD204[2] transition opt_setup_stage2 -> opt_setup_stage3
[    8.107157] jesd204: /axi/spi@ff040000/ad9081@0,jesd204:0,parent=spi1.0: JESD204[0] transition opt_setup_stage2 -> opt_setup_stage3
[    8.118979] jesd204: /axi/spi@ff040000/ad9081@0,jesd204:0,parent=spi1.0: JESD204[2] transition opt_setup_stage3 -> opt_setup_stage4
[    8.130798] jesd204: /axi/spi@ff040000/ad9081@0,jesd204:0,parent=spi1.0: JESD204[0] transition opt_setup_stage3 -> opt_setup_stage4
[    8.142629] jesd204: /axi/spi@ff040000/ad9081@0,jesd204:0,parent=spi1.0: JESD204[2] transition opt_setup_stage4 -> opt_setup_stage5
[    8.154455] jesd204: /axi/spi@ff040000/ad9081@0,jesd204:0,parent=spi1.0: JESD204[0] transition opt_setup_stage4 -> opt_setup_stage5
[    8.170383] jesd204: /axi/spi@ff040000/ad9081@0,jesd204:0,parent=spi1.0: JESD204[2] transition opt_setup_stage5 -> clocks_enable
[    8.181942] jesd204: /axi/spi@ff040000/ad9081@0,jesd204:0,parent=spi1.0: JESD204[0] transition opt_setup_stage5 -> clocks_enable
[    8.228872] axi_adxcvr 84a60000.axi-adxcvr-rx: adxcvr_clk_enable: CPLL RX buffer underflow error, status: 0x61
[    8.238863] axi_adxcvr 84a60000.axi-adxcvr-rx: adxcvr_clk_enable: CPLL RX buffer overflow error, status: 0x61
[    8.248833] jesd204: /axi/spi@ff040000/ad9081@0,jesd204:0,parent=spi1.0: JESD204[2] transition clocks_enable -> link_enable
[    8.259958] jesd204: /axi/spi@ff040000/ad9081@0,jesd204:0,parent=spi1.0: JESD204[0] transition clocks_enable -> link_enable
[    8.291952] ad9081 spi1.0: JESD RX (JTX) Link2 in DATA, SYNC deasserted, PLL locked, PHASE established, MODE valid
[    8.302555] ad9081 spi1.0: JESD TX (JRX) Link0 0xF lanes in DATA
[    8.308567] jesd204: /axi/spi@ff040000/ad9081@0,jesd204:0,parent=spi1.0: JESD204[2] transition link_enable -> link_running
[    8.319605] jesd204: /axi/spi@ff040000/ad9081@0,jesd204:0,parent=spi1.0: JESD204[0] transition link_enable -> link_running
[    8.330651] jesd204: /axi/spi@ff040000/ad9081@0,jesd204:0,parent=spi1.0: JESD204[2] transition link_running -> opt_post_running_stage
[    8.342643] jesd204: /axi/spi@ff040000/ad9081@0,jesd204:0,parent=spi1.0: JESD204[0] transition link_running -> opt_post_running_stage
[    8.363861] input: gpio-keys as /devices/platform/gpio-keys/input/input0
[    8.370874] of_cfs_init
[    8.373334] of_cfs_init: OK
[    8.376275] cfg80211: Loading compiled-in X.509 certificates for regulatory database
[    8.514555] cfg80211: Loaded X.509 cert 'sforshee: 00b28ddf47aef9cea7'
[    8.521093] clk: Not disabling unused clocks
[    8.525628] ALSA device list:
[    8.528587]   No soundcards found.
[    8.532263] platform regulatory.0: Direct firmware load for regulatory.db failed with error -2
[    8.540876] cfg80211: failed to load regulatory.db
[    8.555465] EXT4-fs (mmcblk0p2): mounted filesystem with ordered data mode. Opts: (null)
[    8.563574] VFS: Mounted root (ext4 filesystem) on device 179:2.
[    8.577013] devtmpfs: mounted
[    8.580830] Freeing unused kernel memory: 2560K
[    8.603764] Run /sbin/init as init process
[    8.607860]   with arguments:
[    8.607863]     /sbin/init
[    8.607865]   with environment:
[    8.607868]     HOME=/
[    8.607870]     TERM=linux
[    9.175770] systemd[1]: systemd 241 running in system mode. (+PAM +AUDIT +SELINUX +IMA +APPARMOR +SMACK +SYSVINIT +UTMP +LIBCRYPTSETUP +GCRYPT +GNUTLS +ACL +XZ +LZ4 +SECCOMP +BLKID +ELFUTILS +KMOD -IDN2 +IDN -PCRE2 default-hierarchy=hybrid)
[    9.197618] systemd[1]: Detected architecture arm64.
[    9.220423] systemd[1]: Set hostname to <analog>.
[    9.413824] systemd[1]: File /lib/systemd/system/systemd-journald.service:12 configures an IP firewall (IPAddressDeny=any), but the local system does not support BPF/cgroup based firewalling.
[    9.430881] systemd[1]: Proceeding WITHOUT firewalling in effect! (This warning is only shown for the first loaded unit using IP firewalling.)
[    9.594067] systemd[1]: /etc/systemd/system/tof-server.service:1: Assignment outside of section. Ignoring.
[    9.603795] systemd[1]: /etc/systemd/system/tof-server.service:2: Assignment outside of section. Ignoring.
[    9.786753] random: systemd: uninitialized urandom read (16 bytes read)
[    9.801447] random: systemd: uninitialized urandom read (16 bytes read)
[    9.808268] systemd[1]: Listening on initctl Compatibility Named Pipe.
[    9.831819] random: systemd: uninitialized urandom read (16 bytes read)
[    9.838739] systemd[1]: Listening on fsck to fsckd communication Socket.
[    9.860348] systemd[1]: Created slice system-serial\x2dgetty.slice.
[   10.434318] ------------[ cut here ]------------
[   10.434327] Enabling unprepared \xa0\xc9Q\x88\xff\xff\xffPQ\x88\xff\xff\xff
[   10.434372] WARNING: CPU: 1 PID: 131 at drivers/clk/clk.c:1012 clk_core_enable+0xa4/0xc0
[   10.434375] Modules linked in:
[   10.434385] CPU: 1 PID: 131 Comm: kworker/1:1H Not tainted 5.10.0-98103-g2aa7ac113716 #5577
[   10.434388] Hardware name: ZynqMP ZCU102 Rev1.0 (DT)
[   10.434398] Workqueue: kblockd blk_mq_run_work_fn
[   10.434405] pstate: 80000085 (Nzcv daIf -PAN -UAO -TCO BTYPE=--)
[   10.434410] pc : clk_core_enable+0xa4/0xc0
[   10.434416] lr : clk_core_enable+0xa4/0xc0
[   10.434419] sp : ffffffc012b5b2d0
[   10.434421] x29: ffffffc012b5b2d0 x28: ffffff8800330c10 
[   10.434428] x27: ffffff8800330d48 x26: 0000005000000101 
[   10.434435] x25: 0000000267fdb2e0 x24: 0000000000000001 
[   10.434442] x23: ffffff88010e9380 x22: ffffff8801083220 
[   10.434448] x21: ffffff8801515000 x20: ffffff8801515008 
[   10.434455] x19: ffffff8801515008 x18: 0000000000000030 
[   10.434461] x17: 0000000000000002 x16: 0000b079cebc87c8 
[   10.434468] x15: ffffffffffff8818 x14: ffffffc011d3b1a0 
[   10.434474] x13: ffffffc011d3b1c8 x12: 00000000000005ee 
[   10.434481] x11: 00000000000001fa x10: ffffffc011d671c8 
[   10.434487] x9 : 00000000fffff800 x8 : ffffffc011d3b1c8 
[   10.434494] x7 : ffffffc011d671c8 x6 : 0000000000000001 
[   10.434500] x5 : ffffff887f77c9e0 x4 : 0000000000000000 
[   10.434506] x3 : 0000000000000027 x2 : 0000000000000023 
[   10.434513] x1 : 313ef24203731500 x0 : 0000000000000000 
[   10.434519] Call trace:
[   10.434526]  clk_core_enable+0xa4/0xc0
[   10.434530]  clk_enable+0x2c/0x60
[   10.434537]  zynqmp_runtime_resume+0x24/0x84
[   10.434543]  pm_generic_runtime_resume+0x30/0x50
[   10.434549]  __genpd_runtime_resume+0x30/0xb0
[   10.434555]  genpd_runtime_resume+0x90/0x250
[   10.434561]  __rpm_callback+0x10c/0x1e0
[   10.434566]  rpm_callback+0x5c/0x84
[   10.434571]  rpm_resume+0x4a4/0x74c
[   10.434576]  __pm_runtime_resume+0x78/0xc4
[   10.434581]  spi_mem_access_start.isra.0+0x30/0x80
[   10.434585]  spi_mem_exec_op+0x3b0/0x424
[   10.434590]  spi_nor_read_sr+0x78/0xe0
[   10.434595]  spi_nor_wait_till_ready_with_timeout+0xb4/0x2f0
[   10.434599]  spi_nor_read+0x188/0x380
[   10.434604]  mtd_read_oob_std+0x78/0x84
[   10.434609]  mtd_read_oob+0x7c/0x134
[   10.434613]  mtd_read+0x48/0x7c
[   10.434619]  mtdblock_readsect+0x6c/0x150
[   10.434624]  mtd_queue_rq+0x2cc/0x5a0
[   10.434630]  blk_mq_dispatch_rq_list+0x110/0x790
[   10.434636]  __blk_mq_do_dispatch_sched+0x200/0x274
[   10.434642]  __blk_mq_sched_dispatch_requests+0x1a8/0x1fc
[   10.434647]  blk_mq_sched_dispatch_requests+0x3c/0x7c
[   10.434652]  __blk_mq_run_hw_queue+0x98/0x100
[   10.434657]  blk_mq_run_work_fn+0x24/0x30
[   10.434662]  process_one_work+0x1d4/0x380
[   10.434666]  worker_thread+0x78/0x4e0
[   10.434672]  kthread+0x124/0x130
[   10.434677]  ret_from_fork+0x10/0x3c
[   10.434680] ---[ end trace e5476400c8cc8e8c ]---
[   10.434689] zynqmp-qspi ff0f0000.spi: Cannot enable APB clock.
[   10.434739] spi_master spi0: Failed to power device: -108
[   10.434749] blk_update_request: I/O error, dev mtdblock0, sector 8 op 0x0:(READ) flags 0x80700 phys_seg 1 prio class 0
[   10.434816] spi_master spi0: Failed to power device: -22
[   10.434823] blk_update_request: I/O error, dev mtdblock0, sector 8 op 0x0:(READ) flags 0x0 phys_seg 8 prio class 0
[   10.434829] Buffer I/O error on dev mtdblock0, logical block 8, async page read
[   10.434838] spi_master spi0: Failed to power device: -22
[   10.434844] blk_update_request: I/O error, dev mtdblock0, sector 9 op 0x0:(READ) flags 0x0 phys_seg 7 prio class 0
[   10.434848] Buffer I/O error on dev mtdblock0, logical block 9, async page read
[   10.434855] spi_master spi0: Failed to power device: -22
[   10.434860] blk_update_request: I/O error, dev mtdblock0, sector 10 op 0x0:(READ) flags 0x0 phys_seg 6 prio class 0
[   10.434864] Buffer I/O error on dev mtdblock0, logical block 10, async page read
[   10.434871] spi_master spi0: Failed to power device: -22
[   10.434877] blk_update_request: I/O error, dev mtdblock0, sector 11 op 0x0:(READ) flags 0x0 phys_seg 5 prio class 0
[   10.434881] Buffer I/O error on dev mtdblock0, logical block 11, async page read
[   10.434887] spi_master spi0: Failed to power device: -22
[   10.434893] blk_update_request: I/O error, dev mtdblock0, sector 12 op 0x0:(READ) flags 0x0 phys_seg 4 prio class 0
[   10.434897] Buffer I/O error on dev mtdblock0, logical block 12, async page read
[   10.434903] spi_master spi0: Failed to power device: -22
[   10.434909] blk_update_request: I/O error, dev mtdblock0, sector 13 op 0x0:(READ) flags 0x0 phys_seg 3 prio class 0
[   10.434913] Buffer I/O error on dev mtdblock0, logical block 13, async page read
[   10.434919] spi_master spi0: Failed to power device: -22
[   10.434925] blk_update_request: I/O error, dev mtdblock0, sector 14 op 0x0:(READ) flags 0x0 phys_seg 2 prio class 0
[   10.434929] Buffer I/O error on dev mtdblock0, logical block 14, async page read
[   10.434935] spi_master spi0: Failed to power device: -22
[   10.434941] blk_update_request: I/O error, dev mtdblock0, sector 15 op 0x0:(READ) flags 0x0 phys_seg 1 prio class 0
[   10.434944] Buffer I/O error on dev mtdblock0, logical block 15, async page read
[   10.435239] spi_master spi0: Failed to power device: -22
[   10.435246] blk_update_request: I/O error, dev mtdblock1, sector 10112 op 0x0:(READ) flags 0x80700 phys_seg 1 prio class 0
[   10.435290] spi_master spi0: Failed to power device: -22
[   10.435296] Buffer I/O error on dev mtdblock1, logical block 10112, async page read
[   10.435304] spi_master spi0: Failed to power device: -22
[   10.435308] Buffer I/O error on dev mtdblock1, logical block 10113, async page read
[   10.435316] spi_master spi0: Failed to power device: -22
[   10.435323] spi_master spi0: Failed to power device: -22
[   10.435331] spi_master spi0: Failed to power device: -22
[   10.435338] spi_master spi0: Failed to power device: -22
[   10.435346] spi_master spi0: Failed to power device: -22
[   10.435353] spi_master spi0: Failed to power device: -22
[   10.435578] spi_master spi0: Failed to power device: -22
[   10.435621] spi_master spi0: Failed to power device: -22
[   10.435630] spi_master spi0: Failed to power device: -22
[   10.435638] spi_master spi0: Failed to power device: -22
[   10.435646] spi_master spi0: Failed to power device: -22
[   10.435653] spi_master spi0: Failed to power device: -22
[   10.435661] spi_master spi0: Failed to power device: -22
[   10.435668] spi_master spi0: Failed to power device: -22
[   10.435675] spi_master spi0: Failed to power device: -22
[   10.435998] spi_master spi0: Failed to power device: -22
[   10.436042] spi_master spi0: Failed to power device: -22
[   10.436051] spi_master spi0: Failed to power device: -22
[   10.436059] spi_master spi0: Failed to power device: -22
[   10.436066] spi_master spi0: Failed to power device: -22
[   10.436074] spi_master spi0: Failed to power device: -22
[   10.436081] spi_master spi0: Failed to power device: -22
[   10.436088] spi_master spi0: Failed to power device: -22
[   10.436096] spi_master spi0: Failed to power device: -22
[   10.559823] EXT4-fs (mmcblk0p2): re-mounted. Opts: (null)
[   10.744533] systemd-journald[157]: Received request to flush runtime journal from PID 1
[   16.558291] macb ff0e0000.ethernet eth0: PHY [ff0e0000.ethernet-ffffffff:0c] driver [TI DP83867] (irq=POLL)
[   16.558304] macb ff0e0000.ethernet eth0: configuring for phy/rgmii-id link mode
[   16.791741] Adding 91132k swap on /var/swap.  Priority:-2 extents:2 across:631856k SS
[   18.603735] random: crng init done
[   18.603747] random: 7 urandom warning(s) missed due to ratelimiting
[   19.345981] broken atomic modeset userspace detected, disabling atomic
[   20.641339] macb ff0e0000.ethernet eth0: Link is Up - 1Gbps/Full - flow control off
[   20.641365] IPv6: ADDRCONF(NETDEV_CHANGE): eth0: link becomes ready
[   22.020192] broken atomic modeset userspace detected, disabling atomic
[   24.919880] broken atomic modeset userspace detected, disabling atomic
[   27.562528] broken atomic modeset userspace detected, disabling atomic