[    0.000000] Booting Linux on physical CPU 0x0000000000 [0x410fd034]
[    0.000000] Linux version 5.10.0-98103-g2aa7ac113716 (jenkins@romlxbuild1.adlk.analog.com) (aarch64-xilinx-linux-gcc.real (GCC) 10.2.0, GNU ld (GNU Binutils) 2.35.0.20200730) #5577 SMP Wed Mar 23 07:28:49 GMT 2022
[    0.000000] Machine model: ZynqMP ZCU102 Rev1.0
[    0.000000] earlycon: cdns0 at MMIO 0x00000000ff000000 (options '115200n8')
[    0.000000] printk: bootconsole [cdns0] enabled
[    0.000000] efi: UEFI not found.
[    0.000000] cma: Reserved 256 MiB at 0x0000000070000000
[    0.000000] Zone ranges:
[    0.000000]   DMA      [mem 0x0000000000000000-0x000000003fffffff]
[    0.000000]   DMA32    [mem 0x0000000040000000-0x00000000ffffffff]
[    0.000000]   Normal   [mem 0x0000000100000000-0x000000087fffffff]
[    0.000000] Movable zone start for each node
[    0.000000] Early memory node ranges
[    0.000000]   node   0: [mem 0x0000000000000000-0x000000007fffffff]
[    0.000000]   node   0: [mem 0x0000000800000000-0x000000087fffffff]
[    0.000000] Initmem setup node 0 [mem 0x0000000000000000-0x000000087fffffff]
[    0.000000] On node 0 totalpages: 1048576
[    0.000000]   DMA zone: 3584 pages used for memmap
[    0.000000]   DMA zone: 0 pages reserved
[    0.000000]   DMA zone: 262144 pages, LIFO batch:63
[    0.000000]   DMA32 zone: 3584 pages used for memmap
[    0.000000]   DMA32 zone: 262144 pages, LIFO batch:63
[    0.000000]   Normal zone: 7168 pages used for memmap
[    0.000000]   Normal zone: 524288 pages, LIFO batch:63
[    0.000000] psci: probing for conduit method from DT.
[    0.000000] psci: PSCIv1.1 detected in firmware.
[    0.000000] psci: Using standard PSCI v0.2 function IDs
[    0.000000] psci: MIGRATE_INFO_TYPE not supported.
[    0.000000] psci: SMC Calling Convention v1.2
[    0.000000] percpu: Embedded 22 pages/cpu s49496 r8192 d32424 u90112
[    0.000000] pcpu-alloc: s49496 r8192 d32424 u90112 alloc=22*4096
[    0.000000] pcpu-alloc: [0] 0 [0] 1 [0] 2 [0] 3 
[    0.000000] Detected VIPT I-cache on CPU0
[    0.000000] CPU features: detected: ARM erratum 845719
[    0.000000] Built 1 zonelists, mobility grouping on.  Total pages: 1034240
[    0.000000] Kernel command line: console=ttyPS0,115200 root=/dev/mmcblk0p2 rw earlycon rootfstype=ext4 rootwait clk_ignore_unused cpuidle.off=1 root=/dev/mmcblk0p2 rw rootwait
[    0.000000] Dentry cache hash table entries: 524288 (order: 10, 4194304 bytes, linear)
[    0.000000] Inode-cache hash table entries: 262144 (order: 9, 2097152 bytes, linear)
[    0.000000] mem auto-init: stack:off, heap alloc:off, heap free:off
[    0.000000] software IO TLB: mapped [mem 0x000000003bfff000-0x000000003ffff000] (64MB)
[    0.000000] Memory: 3761904K/4194304K available (15296K kernel code, 1636K rwdata, 11876K rodata, 2560K init, 507K bss, 170256K reserved, 262144K cma-reserved)
[    0.000000] rcu: Hierarchical RCU implementation.
[    0.000000] rcu: 	RCU event tracing is enabled.
[    0.000000] rcu: 	RCU restricting CPUs from NR_CPUS=8 to nr_cpu_ids=4.
[    0.000000] rcu: RCU calculated value of scheduler-enlistment delay is 25 jiffies.
[    0.000000] rcu: Adjusting geometry for rcu_fanout_leaf=16, nr_cpu_ids=4
[    0.000000] NR_IRQS: 64, nr_irqs: 64, preallocated irqs: 0
[    0.000000] GIC: Adjusting CPU interface base to 0x00000000f902f000
[    0.000000] GIC: Using split EOI/Deactivate mode
[    0.000000] random: get_random_bytes called from start_kernel+0x31c/0x54c with crng_init=0
[    0.000000] arch_timer: cp15 timer(s) running at 100.00MHz (phys).
[    0.000000] clocksource: arch_sys_counter: mask: 0xffffffffffffff max_cycles: 0x171024e7e0, max_idle_ns: 440795205315 ns
[    0.000004] sched_clock: 56 bits at 100MHz, resolution 10ns, wraps every 4398046511100ns
[    0.008461] Console: colour dummy device 80x25
[    0.012483] Calibrating delay loop (skipped), value calculated using timer frequency.. 200.00 BogoMIPS (lpj=400000)
[    0.022841] pid_max: default: 32768 minimum: 301
[    0.027550] Mount-cache hash table entries: 8192 (order: 4, 65536 bytes, linear)
[    0.034789] Mountpoint-cache hash table entries: 8192 (order: 4, 65536 bytes, linear)
[    0.043397] rcu: Hierarchical SRCU implementation.
[    0.047561] EFI services will not be available.
[    0.051940] smp: Bringing up secondary CPUs ...
[    0.056655] Detected VIPT I-cache on CPU1
[    0.056694] CPU1: Booted secondary processor 0x0000000001 [0x410fd034]
[    0.057060] Detected VIPT I-cache on CPU2
[    0.057085] CPU2: Booted secondary processor 0x0000000002 [0x410fd034]
[    0.057423] Detected VIPT I-cache on CPU3
[    0.057446] CPU3: Booted secondary processor 0x0000000003 [0x410fd034]
[    0.057492] smp: Brought up 1 node, 4 CPUs
[    0.091780] SMP: Total of 4 processors activated.
[    0.096452] CPU features: detected: 32-bit EL0 Support
[    0.101556] CPU features: detected: CRC32 instructions
[    0.106696] CPU: All CPU(s) started at EL2
[    0.110736] alternatives: patching kernel code
[    0.116168] devtmpfs: initialized
[    0.124066] Registered cp15_barrier emulation handler
[    0.124116] Registered setend emulation handler
[    0.128093] clocksource: jiffies: mask: 0xffffffff max_cycles: 0xffffffff, max_idle_ns: 7645041785100000 ns
[    0.137671] futex hash table entries: 1024 (order: 4, 65536 bytes, linear)
[    0.151023] pinctrl core: initialized pinctrl subsystem
[    0.151673] NET: Registered protocol family 16
[    0.156097] DMA: preallocated 512 KiB GFP_KERNEL pool for atomic allocations
[    0.162108] DMA: preallocated 512 KiB GFP_KERNEL|GFP_DMA pool for atomic allocations
[    0.169833] DMA: preallocated 512 KiB GFP_KERNEL|GFP_DMA32 pool for atomic allocations
[    0.177636] audit: initializing netlink subsys (disabled)
[    0.183090] audit: type=2000 audit(0.116:1): state=initialized audit_enabled=0 res=1
[    0.183437] hw-breakpoint: found 6 breakpoint and 4 watchpoint registers.
[    0.197463] ASID allocator initialised with 65536 entries
[    0.224350] HugeTLB registered 1.00 GiB page size, pre-allocated 0 pages
[    0.225403] HugeTLB registered 32.0 MiB page size, pre-allocated 0 pages
[    0.232075] HugeTLB registered 2.00 MiB page size, pre-allocated 0 pages
[    0.238737] HugeTLB registered 64.0 KiB page size, pre-allocated 0 pages
[    1.304314] DRBG: Continuing without Jitter RNG
[    1.382128] raid6: neonx8   gen()  2147 MB/s
[    1.450180] raid6: neonx8   xor()  1599 MB/s
[    1.518233] raid6: neonx4   gen()  2194 MB/s
[    1.586286] raid6: neonx4   xor()  1565 MB/s
[    1.654351] raid6: neonx2   gen()  2076 MB/s
[    1.722403] raid6: neonx2   xor()  1435 MB/s
[    1.790472] raid6: neonx1   gen()  1772 MB/s
[    1.858512] raid6: neonx1   xor()  1220 MB/s
[    1.926567] raid6: int64x8  gen()  1438 MB/s
[    1.994625] raid6: int64x8  xor()   771 MB/s
[    2.062697] raid6: int64x4  gen()  1599 MB/s
[    2.130747] raid6: int64x4  xor()   817 MB/s
[    2.198819] raid6: int64x2  gen()  1397 MB/s
[    2.266863] raid6: int64x2  xor()   750 MB/s
[    2.334950] raid6: int64x1  gen()  1034 MB/s
[    2.403001] raid6: int64x1  xor()   517 MB/s
[    2.403039] raid6: using algorithm neonx4 gen() 2194 MB/s
[    2.406996] raid6: .... xor() 1565 MB/s, rmw enabled
[    2.411926] raid6: using neon recovery algorithm
[    2.416937] iommu: Default domain type: Translated 
[    2.421552] SCSI subsystem initialized
[    2.425096] libata version 3.00 loaded.
[    2.425219] usbcore: registered new interface driver usbfs
[    2.430553] usbcore: registered new interface driver hub
[    2.435826] usbcore: registered new device driver usb
[    2.440958] mc: Linux media interface: v0.10
[    2.445075] videodev: Linux video capture interface: v2.00
[    2.450566] EDAC MC: Ver: 3.0.0
[    2.454008] zynqmp-ipi-mbox mailbox@ff990400: Registered ZynqMP IPI mbox with TX/RX channels.
[    2.462507] jesd204: created con: id=0, topo=0, link=0, /axi/spi@ff050000/hmc7044@0 <-> /fpga-axi@0/axi-adxcvr-tx@84b60000
[    2.473094] jesd204: created con: id=1, topo=0, link=2, /axi/spi@ff050000/hmc7044@0 <-> /fpga-axi@0/axi-adxcvr-rx@84a60000
[    2.484079] jesd204: created con: id=2, topo=0, link=0, /fpga-axi@0/axi-adxcvr-tx@84b60000 <-> /fpga-axi@0/axi-jesd204-tx@84b90000
[    2.495754] jesd204: created con: id=3, topo=0, link=2, /fpga-axi@0/axi-adxcvr-rx@84a60000 <-> /fpga-axi@0/axi-jesd204-rx@84a90000
[    2.507432] jesd204: created con: id=4, topo=0, link=0, /fpga-axi@0/axi-jesd204-tx@84b90000 <-> /fpga-axi@0/axi-ad9081-tx-hpc@84b10000
[    2.519460] jesd204: created con: id=5, topo=0, link=2, /fpga-axi@0/axi-jesd204-rx@84a90000 <-> /fpga-axi@0/axi-ad9081-rx-hpc@84a10000
[    2.531482] jesd204: created con: id=6, topo=0, link=2, /fpga-axi@0/axi-ad9081-rx-hpc@84a10000 <-> /axi/spi@ff040000/ad9081@0
[    2.542724] jesd204: created con: id=7, topo=0, link=0, /fpga-axi@0/axi-ad9081-tx-hpc@84b10000 <-> /axi/spi@ff040000/ad9081@0
[    2.553973] jesd204: /axi/spi@ff040000/ad9081@0: JESD204[2] transition uninitialized -> initialized
[    2.562960] jesd204: /axi/spi@ff040000/ad9081@0: JESD204[0] transition uninitialized -> initialized
[    2.571951] jesd204: found 8 devices and 1 topologies
[    2.576995] FPGA manager framework
[    2.580474] Advanced Linux Sound Architecture Driver Initialized.
[    2.586765] Bluetooth: Core ver 2.22
[    2.589955] NET: Registered protocol family 31
[    2.594356] Bluetooth: HCI device and connection manager initialized
[    2.600672] Bluetooth: HCI socket layer initialized
[    2.605515] Bluetooth: L2CAP socket layer initialized
[    2.610538] Bluetooth: SCO socket layer initialized
[    2.615723] clocksource: Switched to clocksource arch_sys_counter
[    2.621530] VFS: Disk quotas dquot_6.6.0
[    2.625366] VFS: Dquot-cache hash table entries: 512 (order 0, 4096 bytes)
[    2.636091] NET: Registered protocol family 2
[    2.636810] tcp_listen_portaddr_hash hash table entries: 2048 (order: 3, 32768 bytes, linear)
[    2.645005] TCP established hash table entries: 32768 (order: 6, 262144 bytes, linear)
[    2.653031] TCP bind hash table entries: 32768 (order: 7, 524288 bytes, linear)
[    2.660475] TCP: Hash tables configured (established 32768 bind 32768)
[    2.666649] UDP hash table entries: 2048 (order: 4, 65536 bytes, linear)
[    2.673316] UDP-Lite hash table entries: 2048 (order: 4, 65536 bytes, linear)
[    2.680477] NET: Registered protocol family 1
[    2.684933] RPC: Registered named UNIX socket transport module.
[    2.690553] RPC: Registered udp transport module.
[    2.695217] RPC: Registered tcp transport module.
[    2.699887] RPC: Registered tcp NFSv4.1 backchannel transport module.
[    2.706879] PCI: CLS 0 bytes, default 64
[    2.710585] hw perfevents: no interrupt-affinity property for /pmu, guessing.
[    2.717438] hw perfevents: enabled with armv8_pmuv3 PMU driver, 7 counters available
[    2.725789] Initialise system trusted keyrings
[    2.729465] workingset: timestamp_bits=62 max_order=20 bucket_order=0
[    2.736365] NFS: Registering the id_resolver key type
[    2.740818] Key type id_resolver registered
[    2.744955] Key type id_legacy registered
[    2.748945] nfs4filelayout_init: NFSv4 File Layout Driver Registering...
[    2.755611] jffs2: version 2.2. (NAND) (SUMMARY)  Â© 2001-2006 Red Hat, Inc.
[    2.799602] NET: Registered protocol family 38
[    2.799645] xor: measuring software checksum speed
[    2.807335]    8regs           :  2363 MB/sec
[    2.811004]    32regs          :  2799 MB/sec
[    2.815950]    arm64_neon      :  2380 MB/sec
[    2.816136] xor: using function: 32regs (2799 MB/sec)
[    2.821162] Key type asymmetric registered
[    2.825223] Asymmetric key parser 'x509' registered
[    2.830085] Block layer SCSI generic (bsg) driver version 0.4 loaded (major 248)
[    2.837422] io scheduler mq-deadline registered
[    2.841918] io scheduler kyber registered
[    2.871313] Serial: 8250/16550 driver, 4 ports, IRQ sharing disabled
[    2.875964] cacheinfo: Unable to detect cache hierarchy for CPU 0
[    2.882281] brd: module loaded
[    2.886415] loop: module loaded
[    2.886960] Registered mathworks_ip class
[    2.890325] libphy: Fixed MDIO Bus: probed
[    2.893307] tun: Universal TUN/TAP device driver, 1.6
[    2.897368] CAN device driver interface
[    2.901900] usbcore: registered new interface driver asix
[    2.906500] usbcore: registered new interface driver ax88179_178a
[    2.912533] usbcore: registered new interface driver cdc_ether
[    2.918325] usbcore: registered new interface driver net1080
[    2.923949] usbcore: registered new interface driver cdc_subset
[    2.929831] usbcore: registered new interface driver zaurus
[    2.935374] usbcore: registered new interface driver cdc_ncm
[    2.941776] ehci_hcd: USB 2.0 'Enhanced' Host Controller (EHCI) Driver
[    2.947460] ehci-pci: EHCI PCI platform driver
[    2.952258] usbcore: registered new interface driver uas
[    2.957178] usbcore: registered new interface driver usb-storage
[    2.963165] usbcore: registered new interface driver usbserial_generic
[    2.969615] usbserial: USB Serial support registered for generic
[    2.975588] usbcore: registered new interface driver ftdi_sio
[    2.981290] usbserial: USB Serial support registered for FTDI USB Serial Device
[    2.988567] usbcore: registered new interface driver upd78f0730
[    2.994438] usbserial: USB Serial support registered for upd78f0730
[    3.002086] rtc_zynqmp ffa60000.rtc: registered as rtc0
[    3.005864] rtc_zynqmp ffa60000.rtc: setting system clock to 2022-03-26T01:25:44 UTC (1648257944)
[    3.014726] i2c /dev entries driver
[    3.020043] usbcore: registered new interface driver uvcvideo
[    3.023839] USB Video Class driver (1.1.1)
[    3.029409] Bluetooth: HCI UART driver ver 2.3
[    3.032321] Bluetooth: HCI UART protocol H4 registered
[    3.037419] Bluetooth: HCI UART protocol BCSP registered
[    3.042707] Bluetooth: HCI UART protocol LL registered
[    3.047797] Bluetooth: HCI UART protocol ATH3K registered
[    3.053173] Bluetooth: HCI UART protocol Three-wire (H5) registered
[    3.059425] Bluetooth: HCI UART protocol Intel registered
[    3.064763] Bluetooth: HCI UART protocol QCA registered
[    3.069967] usbcore: registered new interface driver bcm203x
[    3.075585] usbcore: registered new interface driver bpa10x
[    3.081120] usbcore: registered new interface driver bfusb
[    3.086574] usbcore: registered new interface driver btusb
[    3.092035] usbcore: registered new interface driver ath3k
[    3.097517] EDAC MC: ECC not enabled
[    3.101146] EDAC DEVICE0: Giving out device to module zynqmp-ocm-edac controller zynqmp_ocm: DEV ff960000.memory-controller (INTERRUPT)
[    3.113457] sdhci: Secure Digital Host Controller Interface driver
[    3.119248] sdhci: Copyright(c) Pierre Ossman
[    3.123570] sdhci-pltfm: SDHCI platform and OF driver helper
[    3.129618] ledtrig-cpu: registered to indicate activity on CPUs
[    3.135176] SMCCC: SOC_ID: ARCH_SOC_ID not implemented, skipping ....
[    3.141608] zynqmp_firmware_probe Platform Management API v1.1
[    3.147363] zynqmp_firmware_probe Trustzone version v1.0
[    3.186893] zynqmp-pinctrl firmware:zynqmp-firmware:pinctrl: zynqmp pinctrl initialized
[    3.234896] zynqmp-aes firmware:zynqmp-firmware:zynqmp-aes: will run requests pump with realtime priority
[    3.250760] alg: No test for xilinx-keccak-384 (zynqmp-keccak-384)
[    3.251468] alg: No test for xilinx-zynqmp-rsa (zynqmp-rsa)
[    3.256980] usbcore: registered new interface driver usbhid
[    3.262372] usbhid: USB HID core driver
[    3.273616] axi_sysid 85000000.axi-sysid-0: AXI System ID core version (1.01.a) found
[    3.275972] axi_sysid 85000000.axi-sysid-0: [ad9081_fmca_ebz] on [zcu102] git branch <master> git <084d44c9780640ca93fd847b1d9ec70dd65f5c67> clean [2022-03-18 04:17:50] UTC
[    3.291647] fpga_manager fpga0: Xilinx ZynqMP FPGA Manager registered
[    3.298004] usbcore: registered new interface driver snd-usb-audio
[    3.305449] pktgen: Packet Generator for packet performance testing. Version: 2.75
[    3.311625] Initializing XFRM netlink socket
[    3.315487] NET: Registered protocol family 10
[    3.320204] Segment Routing with IPv6
[    3.323580] sit: IPv6, IPv4 and MPLS over IPv4 tunneling driver
[    3.329661] NET: Registered protocol family 17
[    3.333761] NET: Registered protocol family 15
[    3.338259] can: controller area network core
[    3.342511] NET: Registered protocol family 29
[    3.346906] can: raw protocol
[    3.349840] can: broadcast manager protocol
[    3.353994] can: netlink gateway - max_hops=1
[    3.358387] Bluetooth: RFCOMM TTY layer initialized
[    3.363168] Bluetooth: RFCOMM socket layer initialized
[    3.368277] Bluetooth: RFCOMM ver 1.11
[    3.371988] Bluetooth: BNEP (Ethernet Emulation) ver 1.3
[    3.377258] Bluetooth: BNEP filters: protocol multicast
[    3.382451] Bluetooth: BNEP socket layer initialized
[    3.387379] Bluetooth: HIDP (Human Interface Emulation) ver 1.2
[    3.393263] Bluetooth: HIDP socket layer initialized
[    3.398315] 9pnet: Installing 9P2000 support
[    3.402440] NET: Registered protocol family 36
[    3.406856] Key type dns_resolver registered
[    3.411285] registered taskstats version 1
[    3.415153] Loading compiled-in X.509 certificates
[    3.420268] Btrfs loaded, crc32c=crc32c-generic
[    3.432670] ff000000.serial: ttyPS0 at MMIO 0xff000000 (irq = 49, base_baud = 6249999) is a xuartps
[    3.441696] printk: console [ttyPS0] enabled
[    3.445991] printk: bootconsole [cdns0] disabled
[    3.455615] ff010000.serial: ttyPS1 at MMIO 0xff010000 (irq = 50, base_baud = 6249999) is a xuartps
[    3.468869] of-fpga-region fpga-full: FPGA Region probed
[    3.475828] nwl-pcie fd0e0000.pcie: host bridge /axi/pcie@fd0e0000 ranges:
[    3.482716] nwl-pcie fd0e0000.pcie:      MEM 0x00e0000000..0x00efffffff -> 0x00e0000000
[    3.490721] nwl-pcie fd0e0000.pcie:      MEM 0x0600000000..0x07ffffffff -> 0x0600000000
[    3.498790] nwl-pcie fd0e0000.pcie: Link is DOWN
[    3.503549] nwl-pcie fd0e0000.pcie: PCI host bridge to bus 0000:00
[    3.509729] pci_bus 0000:00: root bus resource [bus 00-ff]
[    3.515209] pci_bus 0000:00: root bus resource [mem 0xe0000000-0xefffffff]
[    3.522074] pci_bus 0000:00: root bus resource [mem 0x600000000-0x7ffffffff pref]
[    3.529578] pci 0000:00:00.0: [10ee:d021] type 01 class 0x060400
[    3.535639] pci 0000:00:00.0: PME# supported from D0 D1 D2 D3hot
[    3.546080] pci 0000:00:00.0: PCI bridge to [bus 01-0c]
[    3.552067] xilinx-zynqmp-dma fd500000.dma: ZynqMP DMA driver Probe success
[    3.559245] xilinx-zynqmp-dma fd510000.dma: ZynqMP DMA driver Probe success
[    3.566421] xilinx-zynqmp-dma fd520000.dma: ZynqMP DMA driver Probe success
[    3.573589] xilinx-zynqmp-dma fd530000.dma: ZynqMP DMA driver Probe success
[    3.580757] xilinx-zynqmp-dma fd540000.dma: ZynqMP DMA driver Probe success
[    3.587929] xilinx-zynqmp-dma fd550000.dma: ZynqMP DMA driver Probe success
[    3.595096] xilinx-zynqmp-dma fd560000.dma: ZynqMP DMA driver Probe success
[    3.602265] xilinx-zynqmp-dma fd570000.dma: ZynqMP DMA driver Probe success
[    3.609662] xilinx-zynqmp-dpdma fd4c0000.dma-controller: Xilinx DPDMA engine is probed
[    3.618212] ahci-ceva fd0c0000.ahci: supply ahci not found, using dummy regulator
[    3.625758] ahci-ceva fd0c0000.ahci: supply phy not found, using dummy regulator
[    3.715893] hmc7044 spi2.0: PLL1: Acquisition, CLKIN0 @ 122880000 Hz, PFD: 80 kHz - PLL2: Locked @ 3084.000000 MHz
[    3.726609] jesd204: /axi/spi@ff050000/hmc7044@0,jesd204:1,parent=spi2.0: Using as SYSREF provider
[    3.736193] spi-nor spi0.0: SPI-NOR-UniqueID 100000235394732200270025081115266e
[    3.743498] spi-nor spi0.0: found n25q512a, expected m25p80
[    3.749695] spi-nor spi0.0: trying to lock already unlocked area
[    3.755699] spi-nor spi0.0: n25q512a (131072 Kbytes)
[    3.760677] 4 fixed-partitions partitions found on MTD device spi0.0
[    3.767023] Creating 4 MTD partitions on "spi0.0":
[    3.771808] 0x000000000000-0x000000100000 : "qspi-fsbl-uboot"
[    3.778294] 0x000000100000-0x000000600000 : "qspi-linux"
[    3.784256] 0x000000600000-0x000000620000 : "qspi-device-tree"
[    3.790733] 0x000000620000-0x000000c00000 : "qspi-rootfs"
[    3.799208] macb ff0e0000.ethernet: Not enabling partial store and forward
[    3.806735] libphy: MACB_mii_bus: probed
[    3.811792] macb ff0e0000.ethernet eth0: Cadence GEM rev 0x50070106 at 0xff0e0000 irq 30 (00:0a:35:04:8e:1b)
[    3.822003] xilinx-axipmon ffa00000.perf-monitor: Probed Xilinx APM
[    3.828578] xilinx-axipmon fd0b0000.perf-monitor: Probed Xilinx APM
[    3.835097] xilinx-axipmon fd490000.perf-monitor: Probed Xilinx APM
[    3.841643] xilinx-axipmon ffa10000.perf-monitor: Probed Xilinx APM
[    3.851627] pca953x 0-0020: supply vcc not found, using dummy regulator
[    3.858307] pca953x 0-0020: using no AI
[    3.862797] gpio-496 (sel0): hogged as output/low
[    3.867695] gpio-497 (sel1): hogged as output/high
[    3.872680] gpio-498 (sel2): hogged as output/high
[    3.877670] gpio-499 (sel3): hogged as output/high
[    3.882844] pca953x 0-0021: supply vcc not found, using dummy regulator
[    3.889519] pca953x 0-0021: using no AI
[    3.895287] ina2xx 2-0040: power monitor ina226 (Rshunt = 5000 uOhm)
[    3.902313] ina2xx 2-0041: power monitor ina226 (Rshunt = 5000 uOhm)
[    3.909354] ina2xx 2-0042: power monitor ina226 (Rshunt = 5000 uOhm)
[    3.916390] ina2xx 2-0043: power monitor ina226 (Rshunt = 5000 uOhm)
[    3.923411] ina2xx 2-0044: power monitor ina226 (Rshunt = 5000 uOhm)
[    3.930433] ina2xx 2-0045: power monitor ina226 (Rshunt = 5000 uOhm)
[    3.937464] ina2xx 2-0046: power monitor ina226 (Rshunt = 5000 uOhm)
[    3.944540] ina2xx 2-0047: power monitor ina226 (Rshunt = 5000 uOhm)
[    3.951564] ina2xx 2-004a: power monitor ina226 (Rshunt = 5000 uOhm)
[    3.958606] ina2xx 2-004b: power monitor ina226 (Rshunt = 5000 uOhm)
[    3.965016] i2c i2c-0: Added multiplexed i2c bus 2
[    3.970398] random: fast init done
[    3.973872] ina2xx 3-0040: power monitor ina226 (Rshunt = 2000 uOhm)
[    3.980899] ina2xx 3-0041: power monitor ina226 (Rshunt = 5000 uOhm)
[    3.987925] ina2xx 3-0042: power monitor ina226 (Rshunt = 5000 uOhm)
[    3.994957] ina2xx 3-0043: power monitor ina226 (Rshunt = 5000 uOhm)
[    4.001984] ina2xx 3-0044: power monitor ina226 (Rshunt = 5000 uOhm)
[    4.009011] ina2xx 3-0045: power monitor ina226 (Rshunt = 5000 uOhm)
[    4.016043] ina2xx 3-0046: power monitor ina226 (Rshunt = 5000 uOhm)
[    4.023073] ina2xx 3-0047: power monitor ina226 (Rshunt = 5000 uOhm)
[    4.029474] i2c i2c-0: Added multiplexed i2c bus 3
[    4.085648] i2c i2c-0: Added multiplexed i2c bus 4
[    4.090588] i2c i2c-0: Added multiplexed i2c bus 5
[    4.095376] pca954x 0-0075: registered 4 multiplexed busses for I2C mux pca9544
[    4.102726] cdns-i2c ff020000.i2c: 400 kHz mmio ff020000 irq 32
[    4.110448] at24 6-0054: supply vcc not found, using dummy regulator
[    4.117344] at24 6-0054: 1024 byte 24c08 EEPROM, writable, 1 bytes/write
[    4.124097] i2c i2c-1: Added multiplexed i2c bus 6
[    4.130529] si5341 7-0036: Chip: 5341 Grade: 1 Rev: 1
[    4.168207] i2c i2c-1: Added multiplexed i2c bus 7
[    4.175857] si570 8-005d: registered, current frequency 300000000 Hz
[    4.182260] i2c i2c-1: Added multiplexed i2c bus 8
[    4.202032] si570 9-005d: registered, current frequency 148500000 Hz
[    4.208430] i2c i2c-1: Added multiplexed i2c bus 9
[    4.213460] si5324 10-0069: si5328 probed
[    4.280086] si5324 10-0069: si5328 probe successful
[    4.285016] i2c i2c-1: Added multiplexed i2c bus 10
[    4.290044] i2c i2c-1: Added multiplexed i2c bus 11
[    4.295070] i2c i2c-1: Added multiplexed i2c bus 12
[    4.300090] i2c i2c-1: Added multiplexed i2c bus 13
[    4.304963] pca954x 1-0074: registered 8 multiplexed busses for I2C switch pca9548
[    4.313073] at24 14-0050: supply vcc not found, using dummy regulator
[    4.319866] at24 14-0050: 256 byte 24c02 EEPROM, writable, 1 bytes/write
[    4.326615] i2c i2c-1: Added multiplexed i2c bus 14
[    4.331657] i2c i2c-1: Added multiplexed i2c bus 15
[    4.336689] i2c i2c-1: Added multiplexed i2c bus 16
[    4.341725] i2c i2c-1: Added multiplexed i2c bus 17
[    4.346757] i2c i2c-1: Added multiplexed i2c bus 18
[    4.351808] i2c i2c-1: Added multiplexed i2c bus 19
[    4.356843] i2c i2c-1: Added multiplexed i2c bus 20
[    4.361882] i2c i2c-1: Added multiplexed i2c bus 21
[    4.366755] pca954x 1-0075: registered 8 multiplexed busses for I2C switch pca9548
[    4.374365] cdns-i2c ff030000.i2c: 400 kHz mmio ff030000 irq 33
[    4.384114] cdns-wdt fd4d0000.watchdog: Xilinx Watchdog Timer with timeout 60s
[    4.394904] axi_adxcvr 84a60000.axi-adxcvr-rx: AXI-ADXCVR-RX (17.05.a) using CPLL on GTH4 at 0x84A60000. Number of lanes: 4.
[    4.407080] axi_adxcvr 84b60000.axi-adxcvr-tx: AXI-ADXCVR-TX (17.05.a) using QPLL on GTH4 at 0x84B60000. Number of lanes: 4.
[    4.418695] axi-jesd204-rx 84a90000.axi-jesd204-rx: AXI-JESD204-RX (1.07.a) at 0x84A90000. Encoder 8b10b, width 4/4, lanes 4, jesd204-fsm.
[    4.426217] mmc0: SDHCI controller on ff170000.mmc [ff170000.mmc] using ADMA 64-bit
[    4.431543] axi-jesd204-tx 84b90000.axi-jesd204-tx: AXI-JESD204-TX (1.06.a) at 0x84B90000. Encoder 8b10b, width 4/4, lanes 4, jesd204-fsm.
[    4.452260] zynqmp-display fd4a0000.display: vtc bridge property not present
[    4.461924] xilinx-dp-snd-codec fd4a0000.display:zynqmp_dp_snd_codec0: Failed to get required clock freq
[    4.471429] xilinx-dp-snd-codec: probe of fd4a0000.display:zynqmp_dp_snd_codec0 failed with error -22
[    4.473506] mmc0: new high speed SDHC card at address 0001
[    4.480967] xilinx-dp-snd-pcm zynqmp_dp_snd_pcm0: Xilinx DisplayPort Sound PCM probed
[    4.486480] mmcblk0: mmc0:0001 EB1QT 29.8 GiB 
[    4.494284] xilinx-dp-snd-pcm zynqmp_dp_snd_pcm1: Xilinx DisplayPort Sound PCM probed
[    4.499666]  mmcblk0: p1 p2 p3
[    4.506587] OF: graph: no port node found in /axi/display@fd4a0000
[    4.515657] xlnx-drm xlnx-drm.0: bound fd4a0000.display (ops 0xffffffc010fcbdb8)
[    5.599738] zynqmp-display fd4a0000.display: [drm] Cannot find any crtc or sizes
[    5.607356] [drm] Initialized xlnx 1.0.0 20130509 for fd4a0000.display on minor 0
[    5.614847] zynqmp-display fd4a0000.display: ZynqMP DisplayPort Subsystem driver probed
[    5.623172] ahci-ceva fd0c0000.ahci: supply ahci not found, using dummy regulator
[    5.630718] ahci-ceva fd0c0000.ahci: supply phy not found, using dummy regulator
[    5.638176] ahci-ceva fd0c0000.ahci: supply target not found, using dummy regulator
[    5.656072] ahci-ceva fd0c0000.ahci: AHCI 0001.0301 32 slots 2 ports 6 Gbps 0x3 impl platform mode
[    5.665035] ahci-ceva fd0c0000.ahci: flags: 64bit ncq sntf pm clo only pmp fbs pio slum part ccc sds apst 
[    5.675656] scsi host0: ahci-ceva
[    5.679259] scsi host1: ahci-ceva
[    5.682686] ata1: SATA max UDMA/133 mmio [mem 0xfd0c0000-0xfd0c1fff] port 0x100 irq 45
[    5.690600] ata2: SATA max UDMA/133 mmio [mem 0xfd0c0000-0xfd0c1fff] port 0x180 irq 45
[    5.699204] ad9081 spi1.0: supply vdd not found, using dummy regulator
[    6.009939] ata2: SATA link down (SStatus 0 SControl 330)
[    6.015357] ata1: SATA link down (SStatus 0 SControl 330)
[    6.683741] zynqmp-display fd4a0000.display: [drm] Cannot find any crtc or sizes
[    7.519570] ad9081 spi1.0: AD9081 Rev. 2 Grade 10 (API 1.2.2) probed
[    7.526772] xhci-hcd xhci-hcd.1.auto: xHCI Host Controller
[    7.532270] xhci-hcd xhci-hcd.1.auto: new USB bus registered, assigned bus number 1
[    7.540015] xhci-hcd xhci-hcd.1.auto: hcc params 0x0238f625 hci version 0x100 quirks 0x0000000002010810
[    7.549435] xhci-hcd xhci-hcd.1.auto: irq 59, io mem 0xfe200000
[    7.555546] usb usb1: New USB device found, idVendor=1d6b, idProduct=0002, bcdDevice= 5.10
[    7.563809] usb usb1: New USB device strings: Mfr=3, Product=2, SerialNumber=1
[    7.571026] usb usb1: Product: xHCI Host Controller
[    7.575894] usb usb1: Manufacturer: Linux 5.10.0-98103-g2aa7ac113716 xhci-hcd
[    7.583019] usb usb1: SerialNumber: xhci-hcd.1.auto
[    7.588183] hub 1-0:1.0: USB hub found
[    7.591949] hub 1-0:1.0: 1 port detected
[    7.596051] xhci-hcd xhci-hcd.1.auto: xHCI Host Controller
[    7.601532] xhci-hcd xhci-hcd.1.auto: new USB bus registered, assigned bus number 2
[    7.609188] xhci-hcd xhci-hcd.1.auto: Host supports USB 3.0 SuperSpeed
[    7.615813] usb usb2: New USB device found, idVendor=1d6b, idProduct=0003, bcdDevice= 5.10
[    7.624072] usb usb2: New USB device strings: Mfr=3, Product=2, SerialNumber=1
[    7.631290] usb usb2: Product: xHCI Host Controller
[    7.636160] usb usb2: Manufacturer: Linux 5.10.0-98103-g2aa7ac113716 xhci-hcd
[    7.643285] usb usb2: SerialNumber: xhci-hcd.1.auto
[    7.648394] hub 2-0:1.0: USB hub found
[    7.652156] hub 2-0:1.0: 1 port detected
[    7.682207] cf_axi_adc 84a10000.axi-ad9081-rx-hpc: ADI AIM (10.01.b) at 0x84A10000 mapped to 0x(____ptrval____), probed ADC AD9081 as MASTER
[    7.712563] cf_axi_dds 84b10000.axi-ad9081-tx-hpc: Analog Devices CF_AXI_DDS_DDS MASTER (9.01.b) at 0x84B10000 mapped to 0x(____ptrval____), probed DDS AD9081
[    7.726769] jesd204: /axi/spi@ff040000/ad9081@0,jesd204:0,parent=spi1.0: JESD204[2] transition initialized -> probed
[    7.737289] jesd204: /axi/spi@ff040000/ad9081@0,jesd204:0,parent=spi1.0: JESD204[0] transition initialized -> probed
[    7.747813] jesd204: /axi/spi@ff040000/ad9081@0,jesd204:0,parent=spi1.0: JESD204[2] transition probed -> idle
[    7.757719] jesd204: /axi/spi@ff040000/ad9081@0,jesd204:0,parent=spi1.0: JESD204[0] transition probed -> idle
[    7.767640] jesd204: /axi/spi@ff040000/ad9081@0,jesd204:0,parent=spi1.0: JESD204[2] transition idle -> device_init
[    7.777989] jesd204: /axi/spi@ff040000/ad9081@0,jesd204:0,parent=spi1.0: JESD204[0] transition idle -> device_init
[    7.788338] jesd204: /axi/spi@ff040000/ad9081@0,jesd204:0,parent=spi1.0: JESD204[2] transition device_init -> link_init
[    7.799115] jesd204: /axi/spi@ff040000/ad9081@0,jesd204:0,parent=spi1.0: JESD204[0] transition device_init -> link_init
[    7.809906] jesd204: /axi/spi@ff040000/ad9081@0,jesd204:0,parent=spi1.0: JESD204[2] transition link_init -> link_supported
[    7.820945] jesd204: /axi/spi@ff040000/ad9081@0,jesd204:0,parent=spi1.0: JESD204[0] transition link_init -> link_supported
[    7.832351] hmc7044 spi2.0: hmc7044_jesd204_link_pre_setup: Link2 forcing continuous SYSREF mode
[    7.841522] jesd204: /axi/spi@ff040000/ad9081@0,jesd204:0,parent=spi1.0: JESD204[2] transition link_supported -> link_pre_setup
[    7.852994] jesd204: /axi/spi@ff040000/ad9081@0,jesd204:0,parent=spi1.0: JESD204[0] transition link_supported -> link_pre_setup
[    7.876777] jesd204: /axi/spi@ff040000/ad9081@0,jesd204:0,parent=spi1.0: JESD204[2] transition link_pre_setup -> clk_sync_stage1
[    7.888338] jesd204: /axi/spi@ff040000/ad9081@0,jesd204:0,parent=spi1.0: JESD204[0] transition link_pre_setup -> clk_sync_stage1
[    7.899903] jesd204: /axi/spi@ff040000/ad9081@0,jesd204:0,parent=spi1.0: JESD204[2] transition clk_sync_stage1 -> clk_sync_stage2
[    7.911552] jesd204: /axi/spi@ff040000/ad9081@0,jesd204:0,parent=spi1.0: JESD204[0] transition clk_sync_stage1 -> clk_sync_stage2
[    7.923199] jesd204: /axi/spi@ff040000/ad9081@0,jesd204:0,parent=spi1.0: JESD204[2] transition clk_sync_stage2 -> clk_sync_stage3
[    7.934844] jesd204: /axi/spi@ff040000/ad9081@0,jesd204:0,parent=spi1.0: JESD204[0] transition clk_sync_stage2 -> clk_sync_stage3
[    7.948569] jesd204: /axi/spi@ff040000/ad9081@0,jesd204:0,parent=spi1.0: JESD204[2] transition clk_sync_stage3 -> link_setup
[    7.959786] jesd204: /axi/spi@ff040000/ad9081@0,jesd204:0,parent=spi1.0: JESD204[0] transition clk_sync_stage3 -> link_setup
[    7.975784] jesd204: /axi/spi@ff040000/ad9081@0,jesd204:0,parent=spi1.0: JESD204[2] transition link_setup -> opt_setup_stage1
[    7.987082] jesd204: /axi/spi@ff040000/ad9081@0,jesd204:0,parent=spi1.0: JESD204[0] transition link_setup -> opt_setup_stage1
[    8.003415] jesd204: /axi/spi@ff040000/ad9081@0,jesd204:0,parent=spi1.0: JESD204[2] transition opt_setup_stage1 -> opt_setup_stage2
[    8.015240] jesd204: /axi/spi@ff040000/ad9081@0,jesd204:0,parent=spi1.0: JESD204[0] transition opt_setup_stage1 -> opt_setup_stage2
[    8.027212] jesd204: /axi/spi@ff040000/ad9081@0,jesd204:0,parent=spi1.0: JESD204[2] transition opt_setup_stage2 -> opt_setup_stage3
[    8.039033] jesd204: /axi/spi@ff040000/ad9081@0,jesd204:0,parent=spi1.0: JESD204[0] transition opt_setup_stage2 -> opt_setup_stage3
[    8.050855] jesd204: /axi/spi@ff040000/ad9081@0,jesd204:0,parent=spi1.0: JESD204[2] transition opt_setup_stage3 -> opt_setup_stage4
[    8.062674] jesd204: /axi/spi@ff040000/ad9081@0,jesd204:0,parent=spi1.0: JESD204[0] transition opt_setup_stage3 -> opt_setup_stage4
[    8.074507] jesd204: /axi/spi@ff040000/ad9081@0,jesd204:0,parent=spi1.0: JESD204[2] transition opt_setup_stage4 -> opt_setup_stage5
[    8.086328] jesd204: /axi/spi@ff040000/ad9081@0,jesd204:0,parent=spi1.0: JESD204[0] transition opt_setup_stage4 -> opt_setup_stage5
[    8.102271] jesd204: /axi/spi@ff040000/ad9081@0,jesd204:0,parent=spi1.0: JESD204[2] transition opt_setup_stage5 -> clocks_enable
[    8.113836] jesd204: /axi/spi@ff040000/ad9081@0,jesd204:0,parent=spi1.0: JESD204[0] transition opt_setup_stage5 -> clocks_enable
[    8.148646] axi_adxcvr 84a60000.axi-adxcvr-rx: adxcvr_clk_enable: CPLL RX buffer underflow error, status: 0x61
[    8.158630] axi_adxcvr 84a60000.axi-adxcvr-rx: adxcvr_clk_enable: CPLL RX buffer overflow error, status: 0x61
[    8.168614] jesd204: /axi/spi@ff040000/ad9081@0,jesd204:0,parent=spi1.0: JESD204[2] transition clocks_enable -> link_enable
[    8.179742] jesd204: /axi/spi@ff040000/ad9081@0,jesd204:0,parent=spi1.0: JESD204[0] transition clocks_enable -> link_enable
[    8.211971] ad9081 spi1.0: JESD RX (JTX) Link2 in DATA, SYNC deasserted, PLL locked, PHASE established, MODE valid
[    8.222584] ad9081 spi1.0: JESD TX (JRX) Link0 0xF lanes in DATA
[    8.228594] jesd204: /axi/spi@ff040000/ad9081@0,jesd204:0,parent=spi1.0: JESD204[2] transition link_enable -> link_running
[    8.239632] jesd204: /axi/spi@ff040000/ad9081@0,jesd204:0,parent=spi1.0: JESD204[0] transition link_enable -> link_running
[    8.250677] jesd204: /axi/spi@ff040000/ad9081@0,jesd204:0,parent=spi1.0: JESD204[2] transition link_running -> opt_post_running_stage
[    8.262673] jesd204: /axi/spi@ff040000/ad9081@0,jesd204:0,parent=spi1.0: JESD204[0] transition link_running -> opt_post_running_stage
[    8.283982] input: gpio-keys as /devices/platform/gpio-keys/input/input0
[    8.290996] of_cfs_init
[    8.293463] of_cfs_init: OK
[    8.296397] cfg80211: Loading compiled-in X.509 certificates for regulatory database
[    8.456535] cfg80211: Loaded X.509 cert 'sforshee: 00b28ddf47aef9cea7'
[    8.463069] clk: Not disabling unused clocks
[    8.467601] ALSA device list:
[    8.470558]   No soundcards found.
[    8.474233] platform regulatory.0: Direct firmware load for regulatory.db failed with error -2
[    8.476964] random: crng init done
[    8.482840] cfg80211: failed to load regulatory.db
[    8.501670] EXT4-fs (mmcblk0p2): mounted filesystem with ordered data mode. Opts: (null)
[    8.509780] VFS: Mounted root (ext4 filesystem) on device 179:2.
[    8.523685] devtmpfs: mounted
[    8.527506] Freeing unused kernel memory: 2560K
[    8.539773] Run /sbin/init as init process
[    8.543865]   with arguments:
[    8.543868]     /sbin/init
[    8.543870]   with environment:
[    8.543872]     HOME=/
[    8.543874]     TERM=linux
[    9.136146] systemd[1]: systemd 241 running in system mode. (+PAM +AUDIT +SELINUX +IMA +APPARMOR +SMACK +SYSVINIT +UTMP +LIBCRYPTSETUP +GCRYPT +GNUTLS +ACL +XZ +LZ4 +SECCOMP +BLKID +ELFUTILS +KMOD -IDN2 +IDN -PCRE2 default-hierarchy=hybrid)
[    9.158022] systemd[1]: Detected architecture arm64.
[    9.180474] systemd[1]: Set hostname to <analog>.
[    9.389772] systemd[1]: File /lib/systemd/system/systemd-journald.service:12 configures an IP firewall (IPAddressDeny=any), but the local system does not support BPF/cgroup based firewalling.
[    9.406820] systemd[1]: Proceeding WITHOUT firewalling in effect! (This warning is only shown for the first loaded unit using IP firewalling.)
[    9.577335] systemd[1]: /etc/systemd/system/tof-server.service:1: Assignment outside of section. Ignoring.
[    9.587016] systemd[1]: /etc/systemd/system/tof-server.service:2: Assignment outside of section. Ignoring.
[    9.783519] systemd[1]: Listening on udev Kernel Socket.
[    9.804375] systemd[1]: Created slice system-systemd\x2dfsck.slice.
[    9.827951] systemd[1]: Started Forward Password Requests to Wall Directory Watch.
[   10.476702] ------------[ cut here ]------------
[   10.476711] Enabling unprepared \xa0\xe9Q\x88\xff\xff\xffpQ\x88\xff\xff\xff
[   10.476758] WARNING: CPU: 3 PID: 130 at drivers/clk/clk.c:1012 clk_core_enable+0xa4/0xc0
[   10.476761] Modules linked in:
[   10.476771] CPU: 3 PID: 130 Comm: kworker/3:1H Not tainted 5.10.0-98103-g2aa7ac113716 #5577
[   10.476774] Hardware name: ZynqMP ZCU102 Rev1.0 (DT)
[   10.476784] Workqueue: kblockd blk_mq_run_work_fn
[   10.476791] pstate: 80000085 (Nzcv daIf -PAN -UAO -TCO BTYPE=--)
[   10.476797] pc : clk_core_enable+0xa4/0xc0
[   10.476802] lr : clk_core_enable+0xa4/0xc0
[   10.476805] sp : ffffffc0122732d0
[   10.476808] x29: ffffffc0122732d0 x28: ffffff8800330c10 
[   10.476815] x27: ffffff8800330d48 x26: 0000005000000101 
[   10.476822] x25: 000000026a843ef8 x24: 0000000000000001 
[   10.476828] x23: ffffff88010e9380 x22: ffffff8801083220 
[   10.476835] x21: ffffff8801517000 x20: ffffff8801517008 
[   10.476842] x19: ffffff8801517008 x18: 0000000000000030 
[   10.476848] x17: 0000000000000001 x16: 0000b4447ad81cd6 
[   10.476854] x15: ffffffffffff86a8 x14: ffffffc011d3b1a0 
[   10.476861] x13: ffffffc011d3b1c8 x12: 00000000000005e5 
[   10.476867] x11: 00000000000001f7 x10: ffffffc011d671c8 
[   10.476874] x9 : 00000000fffff800 x8 : ffffffc011d3b1c8 
[   10.476880] x7 : ffffffc011d671c8 x6 : 0000000000000001 
[   10.476887] x5 : ffffff887f7a89e0 x4 : 0000000000000000 
[   10.476893] x3 : 0000000000000027 x2 : 0000000000000023 
[   10.476899] x1 : 0bd7a08053fd0000 x0 : 0000000000000000 
[   10.476906] Call trace:
[   10.476913]  clk_core_enable+0xa4/0xc0
[   10.476917]  clk_enable+0x2c/0x60
[   10.476924]  zynqmp_runtime_resume+0x24/0x84
[   10.476930]  pm_generic_runtime_resume+0x30/0x50
[   10.476936]  __genpd_runtime_resume+0x30/0xb0
[   10.476942]  genpd_runtime_resume+0x90/0x250
[   10.476948]  __rpm_callback+0x10c/0x1e0
[   10.476953]  rpm_callback+0x5c/0x84
[   10.476958]  rpm_resume+0x4a4/0x74c
[   10.476963]  __pm_runtime_resume+0x78/0xc4
[   10.476968]  spi_mem_access_start.isra.0+0x30/0x80
[   10.476972]  spi_mem_exec_op+0x3b0/0x424
[   10.476977]  spi_nor_read_sr+0x78/0xe0
[   10.476982]  spi_nor_wait_till_ready_with_timeout+0xb4/0x2f0
[   10.476987]  spi_nor_read+0x188/0x380
[   10.476992]  mtd_read_oob_std+0x78/0x84
[   10.476997]  mtd_read_oob+0x7c/0x134
[   10.477001]  mtd_read+0x48/0x7c
[   10.477007]  mtdblock_readsect+0x6c/0x150
[   10.477011]  mtd_queue_rq+0x2cc/0x5a0
[   10.477017]  blk_mq_dispatch_rq_list+0x110/0x790
[   10.477023]  __blk_mq_do_dispatch_sched+0x200/0x274
[   10.477029]  __blk_mq_sched_dispatch_requests+0x1a8/0x1fc
[   10.477034]  blk_mq_sched_dispatch_requests+0x3c/0x7c
[   10.477039]  __blk_mq_run_hw_queue+0x98/0x100
[   10.477044]  blk_mq_run_work_fn+0x24/0x30
[   10.477049]  process_one_work+0x1d4/0x380
[   10.477053]  worker_thread+0x78/0x4e0
[   10.477059]  kthread+0x124/0x130
[   10.477064]  ret_from_fork+0x10/0x3c
[   10.477067] ---[ end trace 4c391fdcdd4b374a ]---
[   10.477076] zynqmp-qspi ff0f0000.spi: Cannot enable APB clock.
[   10.477124] spi_master spi0: Failed to power device: -108
[   10.477134] blk_update_request: I/O error, dev mtdblock0, sector 8 op 0x0:(READ) flags 0x80700 phys_seg 1 prio class 0
[   10.477210] spi_master spi0: Failed to power device: -22
[   10.477216] blk_update_request: I/O error, dev mtdblock0, sector 8 op 0x0:(READ) flags 0x0 phys_seg 8 prio class 0
[   10.477222] Buffer I/O error on dev mtdblock0, logical block 8, async page read
[   10.477231] spi_master spi0: Failed to power device: -22
[   10.477237] blk_update_request: I/O error, dev mtdblock0, sector 9 op 0x0:(READ) flags 0x0 phys_seg 7 prio class 0
[   10.477241] Buffer I/O error on dev mtdblock0, logical block 9, async page read
[   10.477248] spi_master spi0: Failed to power device: -22
[   10.477254] blk_update_request: I/O error, dev mtdblock0, sector 10 op 0x0:(READ) flags 0x0 phys_seg 6 prio class 0
[   10.477258] Buffer I/O error on dev mtdblock0, logical block 10, async page read
[   10.477264] spi_master spi0: Failed to power device: -22
[   10.477270] blk_update_request: I/O error, dev mtdblock0, sector 11 op 0x0:(READ) flags 0x0 phys_seg 5 prio class 0
[   10.477274] Buffer I/O error on dev mtdblock0, logical block 11, async page read
[   10.477281] spi_master spi0: Failed to power device: -22
[   10.477287] blk_update_request: I/O error, dev mtdblock0, sector 12 op 0x0:(READ) flags 0x0 phys_seg 4 prio class 0
[   10.477290] Buffer I/O error on dev mtdblock0, logical block 12, async page read
[   10.477297] spi_master spi0: Failed to power device: -22
[   10.477303] blk_update_request: I/O error, dev mtdblock0, sector 13 op 0x0:(READ) flags 0x0 phys_seg 3 prio class 0
[   10.477307] Buffer I/O error on dev mtdblock0, logical block 13, async page read
[   10.477313] spi_master spi0: Failed to power device: -22
[   10.477319] blk_update_request: I/O error, dev mtdblock0, sector 14 op 0x0:(READ) flags 0x0 phys_seg 2 prio class 0
[   10.477323] Buffer I/O error on dev mtdblock0, logical block 14, async page read
[   10.477329] spi_master spi0: Failed to power device: -22
[   10.477335] blk_update_request: I/O error, dev mtdblock0, sector 15 op 0x0:(READ) flags 0x0 phys_seg 1 prio class 0
[   10.477339] Buffer I/O error on dev mtdblock0, logical block 15, async page read
[   10.477668] spi_master spi0: Failed to power device: -22
[   10.477675] blk_update_request: I/O error, dev mtdblock1, sector 10112 op 0x0:(READ) flags 0x80700 phys_seg 1 prio class 0
[   10.477719] spi_master spi0: Failed to power device: -22
[   10.477725] Buffer I/O error on dev mtdblock1, logical block 10112, async page read
[   10.477733] spi_master spi0: Failed to power device: -22
[   10.477738] Buffer I/O error on dev mtdblock1, logical block 10113, async page read
[   10.477745] spi_master spi0: Failed to power device: -22
[   10.477753] spi_master spi0: Failed to power device: -22
[   10.477761] spi_master spi0: Failed to power device: -22
[   10.477768] spi_master spi0: Failed to power device: -22
[   10.477775] spi_master spi0: Failed to power device: -22
[   10.477783] spi_master spi0: Failed to power device: -22
[   10.478020] spi_master spi0: Failed to power device: -22
[   10.478064] spi_master spi0: Failed to power device: -22
[   10.478073] spi_master spi0: Failed to power device: -22
[   10.478081] spi_master spi0: Failed to power device: -22
[   10.478089] spi_master spi0: Failed to power device: -22
[   10.478096] spi_master spi0: Failed to power device: -22
[   10.478103] spi_master spi0: Failed to power device: -22
[   10.478111] spi_master spi0: Failed to power device: -22
[   10.478118] spi_master spi0: Failed to power device: -22
[   10.478382] spi_master spi0: Failed to power device: -22
[   10.478427] spi_master spi0: Failed to power device: -22
[   10.478436] spi_master spi0: Failed to power device: -22
[   10.478444] spi_master spi0: Failed to power device: -22
[   10.478451] spi_master spi0: Failed to power device: -22
[   10.478459] spi_master spi0: Failed to power device: -22
[   10.478466] spi_master spi0: Failed to power device: -22
[   10.478473] spi_master spi0: Failed to power device: -22
[   10.478481] spi_master spi0: Failed to power device: -22
[   10.607247] EXT4-fs (mmcblk0p2): re-mounted. Opts: (null)
[   10.816534] systemd-journald[149]: Received request to flush runtime journal from PID 1
[   17.278882] macb ff0e0000.ethernet eth0: PHY [ff0e0000.ethernet-ffffffff:0c] driver [TI DP83867] (irq=POLL)
[   17.278896] macb ff0e0000.ethernet eth0: configuring for phy/rgmii-id link mode
[   17.559773] Adding 88060k swap on /var/swap.  Priority:-2 extents:1 across:88060k SS
[   20.353374] macb ff0e0000.ethernet eth0: Link is Up - 1Gbps/Full - flow control off
[   20.353401] IPv6: ADDRCONF(NETDEV_CHANGE): eth0: link becomes ready
[   20.555576] broken atomic modeset userspace detected, disabling atomic
[   23.262813] broken atomic modeset userspace detected, disabling atomic
[   26.291227] broken atomic modeset userspace detected, disabling atomic
[   28.944830] broken atomic modeset userspace detected, disabling atomic