[    0.000000] Booting Linux on physical CPU 0x0000000000 [0x410fd034]
[    0.000000] Linux version 5.10.0-98103-g2aa7ac113716 (jenkins@romlxbuild1.adlk.analog.com) (aarch64-xilinx-linux-gcc.real (GCC) 10.2.0, GNU ld (GNU Binutils) 2.35.0.20200730) #5577 SMP Wed Mar 23 07:28:49 GMT 2022
[    0.000000] Machine model: ZynqMP ZCU102 Rev1.0
[    0.000000] earlycon: cdns0 at MMIO 0x00000000ff000000 (options '115200n8')
[    0.000000] printk: bootconsole [cdns0] enabled
[    0.000000] efi: UEFI not found.
[    0.000000] cma: Reserved 256 MiB at 0x0000000070000000
[    0.000000] Zone ranges:
[    0.000000]   DMA      [mem 0x0000000000000000-0x000000003fffffff]
[    0.000000]   DMA32    [mem 0x0000000040000000-0x00000000ffffffff]
[    0.000000]   Normal   [mem 0x0000000100000000-0x000000087fffffff]
[    0.000000] Movable zone start for each node
[    0.000000] Early memory node ranges
[    0.000000]   node   0: [mem 0x0000000000000000-0x000000007fffffff]
[    0.000000]   node   0: [mem 0x0000000800000000-0x000000087fffffff]
[    0.000000] Initmem setup node 0 [mem 0x0000000000000000-0x000000087fffffff]
[    0.000000] On node 0 totalpages: 1048576
[    0.000000]   DMA zone: 3584 pages used for memmap
[    0.000000]   DMA zone: 0 pages reserved
[    0.000000]   DMA zone: 262144 pages, LIFO batch:63
[    0.000000]   DMA32 zone: 3584 pages used for memmap
[    0.000000]   DMA32 zone: 262144 pages, LIFO batch:63
[    0.000000]   Normal zone: 7168 pages used for memmap
[    0.000000]   Normal zone: 524288 pages, LIFO batch:63
[    0.000000] psci: probing for conduit method from DT.
[    0.000000] psci: PSCIv1.1 detected in firmware.
[    0.000000] psci: Using standard PSCI v0.2 function IDs
[    0.000000] psci: MIGRATE_INFO_TYPE not supported.
[    0.000000] psci: SMC Calling Convention v1.2
[    0.000000] percpu: Embedded 22 pages/cpu s49496 r8192 d32424 u90112
[    0.000000] pcpu-alloc: s49496 r8192 d32424 u90112 alloc=22*4096
[    0.000000] pcpu-alloc: [0] 0 [0] 1 [0] 2 [0] 3 
[    0.000000] Detected VIPT I-cache on CPU0
[    0.000000] CPU features: detected: ARM erratum 845719
[    0.000000] Built 1 zonelists, mobility grouping on.  Total pages: 1034240
[    0.000000] Kernel command line: console=ttyPS0,115200 root=/dev/mmcblk0p2 rw earlycon rootfstype=ext4 rootwait clk_ignore_unused cpuidle.off=1 root=/dev/mmcblk0p2 rw rootwait
[    0.000000] Dentry cache hash table entries: 524288 (order: 10, 4194304 bytes, linear)
[    0.000000] Inode-cache hash table entries: 262144 (order: 9, 2097152 bytes, linear)
[    0.000000] mem auto-init: stack:off, heap alloc:off, heap free:off
[    0.000000] software IO TLB: mapped [mem 0x000000003bfff000-0x000000003ffff000] (64MB)
[    0.000000] Memory: 3761904K/4194304K available (15296K kernel code, 1636K rwdata, 11876K rodata, 2560K init, 507K bss, 170256K reserved, 262144K cma-reserved)
[    0.000000] rcu: Hierarchical RCU implementation.
[    0.000000] rcu: 	RCU event tracing is enabled.
[    0.000000] rcu: 	RCU restricting CPUs from NR_CPUS=8 to nr_cpu_ids=4.
[    0.000000] rcu: RCU calculated value of scheduler-enlistment delay is 25 jiffies.
[    0.000000] rcu: Adjusting geometry for rcu_fanout_leaf=16, nr_cpu_ids=4
[    0.000000] NR_IRQS: 64, nr_irqs: 64, preallocated irqs: 0
[    0.000000] GIC: Adjusting CPU interface base to 0x00000000f902f000
[    0.000000] GIC: Using split EOI/Deactivate mode
[    0.000000] random: get_random_bytes called from start_kernel+0x31c/0x54c with crng_init=0
[    0.000000] arch_timer: cp15 timer(s) running at 100.00MHz (phys).
[    0.000000] clocksource: arch_sys_counter: mask: 0xffffffffffffff max_cycles: 0x171024e7e0, max_idle_ns: 440795205315 ns
[    0.000003] sched_clock: 56 bits at 100MHz, resolution 10ns, wraps every 4398046511100ns
[    0.008463] Console: colour dummy device 80x25
[    0.012482] Calibrating delay loop (skipped), value calculated using timer frequency.. 200.00 BogoMIPS (lpj=400000)
[    0.022840] pid_max: default: 32768 minimum: 301
[    0.027548] Mount-cache hash table entries: 8192 (order: 4, 65536 bytes, linear)
[    0.034788] Mountpoint-cache hash table entries: 8192 (order: 4, 65536 bytes, linear)
[    0.043395] rcu: Hierarchical SRCU implementation.
[    0.047559] EFI services will not be available.
[    0.051938] smp: Bringing up secondary CPUs ...
[    0.056658] Detected VIPT I-cache on CPU1
[    0.056696] CPU1: Booted secondary processor 0x0000000001 [0x410fd034]
[    0.057060] Detected VIPT I-cache on CPU2
[    0.057084] CPU2: Booted secondary processor 0x0000000002 [0x410fd034]
[    0.057423] Detected VIPT I-cache on CPU3
[    0.057446] CPU3: Booted secondary processor 0x0000000003 [0x410fd034]
[    0.057492] smp: Brought up 1 node, 4 CPUs
[    0.091779] SMP: Total of 4 processors activated.
[    0.096452] CPU features: detected: 32-bit EL0 Support
[    0.101555] CPU features: detected: CRC32 instructions
[    0.106694] CPU: All CPU(s) started at EL2
[    0.110736] alternatives: patching kernel code
[    0.116169] devtmpfs: initialized
[    0.124063] Registered cp15_barrier emulation handler
[    0.124114] Registered setend emulation handler
[    0.128092] clocksource: jiffies: mask: 0xffffffff max_cycles: 0xffffffff, max_idle_ns: 7645041785100000 ns
[    0.137670] futex hash table entries: 1024 (order: 4, 65536 bytes, linear)
[    0.151024] pinctrl core: initialized pinctrl subsystem
[    0.151673] NET: Registered protocol family 16
[    0.156095] DMA: preallocated 512 KiB GFP_KERNEL pool for atomic allocations
[    0.162107] DMA: preallocated 512 KiB GFP_KERNEL|GFP_DMA pool for atomic allocations
[    0.169833] DMA: preallocated 512 KiB GFP_KERNEL|GFP_DMA32 pool for atomic allocations
[    0.177635] audit: initializing netlink subsys (disabled)
[    0.183087] audit: type=2000 audit(0.116:1): state=initialized audit_enabled=0 res=1
[    0.183433] hw-breakpoint: found 6 breakpoint and 4 watchpoint registers.
[    0.197463] ASID allocator initialised with 65536 entries
[    0.224371] HugeTLB registered 1.00 GiB page size, pre-allocated 0 pages
[    0.225429] HugeTLB registered 32.0 MiB page size, pre-allocated 0 pages
[    0.232099] HugeTLB registered 2.00 MiB page size, pre-allocated 0 pages
[    0.238763] HugeTLB registered 64.0 KiB page size, pre-allocated 0 pages
[    1.304327] DRBG: Continuing without Jitter RNG
[    1.382162] raid6: neonx8   gen()  2144 MB/s
[    1.450205] raid6: neonx8   xor()  1598 MB/s
[    1.518269] raid6: neonx4   gen()  2203 MB/s
[    1.586315] raid6: neonx4   xor()  1566 MB/s
[    1.654388] raid6: neonx2   gen()  2075 MB/s
[    1.722428] raid6: neonx2   xor()  1433 MB/s
[    1.790500] raid6: neonx1   gen()  1772 MB/s
[    1.858541] raid6: neonx1   xor()  1220 MB/s
[    1.926602] raid6: int64x8  gen()  1438 MB/s
[    1.994656] raid6: int64x8  xor()   771 MB/s
[    2.062733] raid6: int64x4  gen()  1598 MB/s
[    2.130782] raid6: int64x4  xor()   819 MB/s
[    2.198857] raid6: int64x2  gen()  1397 MB/s
[    2.266894] raid6: int64x2  xor()   750 MB/s
[    2.334963] raid6: int64x1  gen()  1033 MB/s
[    2.403032] raid6: int64x1  xor()   517 MB/s
[    2.403071] raid6: using algorithm neonx4 gen() 2203 MB/s
[    2.407030] raid6: .... xor() 1566 MB/s, rmw enabled
[    2.411960] raid6: using neon recovery algorithm
[    2.416971] iommu: Default domain type: Translated 
[    2.421585] SCSI subsystem initialized
[    2.425130] libata version 3.00 loaded.
[    2.425253] usbcore: registered new interface driver usbfs
[    2.430586] usbcore: registered new interface driver hub
[    2.435860] usbcore: registered new device driver usb
[    2.440993] mc: Linux media interface: v0.10
[    2.445109] videodev: Linux video capture interface: v2.00
[    2.450599] EDAC MC: Ver: 3.0.0
[    2.454041] zynqmp-ipi-mbox mailbox@ff990400: Registered ZynqMP IPI mbox with TX/RX channels.
[    2.462540] jesd204: created con: id=0, topo=0, link=0, /axi/spi@ff050000/hmc7044@0 <-> /fpga-axi@0/axi-adxcvr-tx@84b60000
[    2.473129] jesd204: created con: id=1, topo=0, link=2, /axi/spi@ff050000/hmc7044@0 <-> /fpga-axi@0/axi-adxcvr-rx@84a60000
[    2.484113] jesd204: created con: id=2, topo=0, link=0, /fpga-axi@0/axi-adxcvr-tx@84b60000 <-> /fpga-axi@0/axi-jesd204-tx@84b90000
[    2.495789] jesd204: created con: id=3, topo=0, link=2, /fpga-axi@0/axi-adxcvr-rx@84a60000 <-> /fpga-axi@0/axi-jesd204-rx@84a90000
[    2.507466] jesd204: created con: id=4, topo=0, link=0, /fpga-axi@0/axi-jesd204-tx@84b90000 <-> /fpga-axi@0/axi-ad9081-tx-hpc@84b10000
[    2.519494] jesd204: created con: id=5, topo=0, link=2, /fpga-axi@0/axi-jesd204-rx@84a90000 <-> /fpga-axi@0/axi-ad9081-rx-hpc@84a10000
[    2.531516] jesd204: created con: id=6, topo=0, link=2, /fpga-axi@0/axi-ad9081-rx-hpc@84a10000 <-> /axi/spi@ff040000/ad9081@0
[    2.542758] jesd204: created con: id=7, topo=0, link=0, /fpga-axi@0/axi-ad9081-tx-hpc@84b10000 <-> /axi/spi@ff040000/ad9081@0
[    2.554007] jesd204: /axi/spi@ff040000/ad9081@0: JESD204[2] transition uninitialized -> initialized
[    2.562994] jesd204: /axi/spi@ff040000/ad9081@0: JESD204[0] transition uninitialized -> initialized
[    2.571986] jesd204: found 8 devices and 1 topologies
[    2.577029] FPGA manager framework
[    2.580507] Advanced Linux Sound Architecture Driver Initialized.
[    2.586801] Bluetooth: Core ver 2.22
[    2.589989] NET: Registered protocol family 31
[    2.594390] Bluetooth: HCI device and connection manager initialized
[    2.600706] Bluetooth: HCI socket layer initialized
[    2.605548] Bluetooth: L2CAP socket layer initialized
[    2.610572] Bluetooth: SCO socket layer initialized
[    2.615758] clocksource: Switched to clocksource arch_sys_counter
[    2.621564] VFS: Disk quotas dquot_6.6.0
[    2.625399] VFS: Dquot-cache hash table entries: 512 (order 0, 4096 bytes)
[    2.636108] NET: Registered protocol family 2
[    2.636844] tcp_listen_portaddr_hash hash table entries: 2048 (order: 3, 32768 bytes, linear)
[    2.645039] TCP established hash table entries: 32768 (order: 6, 262144 bytes, linear)
[    2.653065] TCP bind hash table entries: 32768 (order: 7, 524288 bytes, linear)
[    2.660511] TCP: Hash tables configured (established 32768 bind 32768)
[    2.666682] UDP hash table entries: 2048 (order: 4, 65536 bytes, linear)
[    2.673350] UDP-Lite hash table entries: 2048 (order: 4, 65536 bytes, linear)
[    2.680512] NET: Registered protocol family 1
[    2.684969] RPC: Registered named UNIX socket transport module.
[    2.690588] RPC: Registered udp transport module.
[    2.695251] RPC: Registered tcp transport module.
[    2.699921] RPC: Registered tcp NFSv4.1 backchannel transport module.
[    2.706912] PCI: CLS 0 bytes, default 64
[    2.710625] hw perfevents: no interrupt-affinity property for /pmu, guessing.
[    2.717473] hw perfevents: enabled with armv8_pmuv3 PMU driver, 7 counters available
[    2.725824] Initialise system trusted keyrings
[    2.729500] workingset: timestamp_bits=62 max_order=20 bucket_order=0
[    2.736402] NFS: Registering the id_resolver key type
[    2.740851] Key type id_resolver registered
[    2.744989] Key type id_legacy registered
[    2.748979] nfs4filelayout_init: NFSv4 File Layout Driver Registering...
[    2.755644] jffs2: version 2.2. (NAND) (SUMMARY)  Â© 2001-2006 Red Hat, Inc.
[    2.799073] NET: Registered protocol family 38
[    2.799116] xor: measuring software checksum speed
[    2.806807]    8regs           :  2363 MB/sec
[    2.810476]    32regs          :  2799 MB/sec
[    2.815419]    arm64_neon      :  2380 MB/sec
[    2.815609] xor: using function: 32regs (2799 MB/sec)
[    2.820634] Key type asymmetric registered
[    2.824695] Asymmetric key parser 'x509' registered
[    2.829556] Block layer SCSI generic (bsg) driver version 0.4 loaded (major 248)
[    2.836893] io scheduler mq-deadline registered
[    2.841390] io scheduler kyber registered
[    2.870814] Serial: 8250/16550 driver, 4 ports, IRQ sharing disabled
[    2.875448] cacheinfo: Unable to detect cache hierarchy for CPU 0
[    2.881789] brd: module loaded
[    2.885937] loop: module loaded
[    2.886478] Registered mathworks_ip class
[    2.889822] libphy: Fixed MDIO Bus: probed
[    2.892797] tun: Universal TUN/TAP device driver, 1.6
[    2.896865] CAN device driver interface
[    2.901396] usbcore: registered new interface driver asix
[    2.905998] usbcore: registered new interface driver ax88179_178a
[    2.912030] usbcore: registered new interface driver cdc_ether
[    2.917822] usbcore: registered new interface driver net1080
[    2.923448] usbcore: registered new interface driver cdc_subset
[    2.929329] usbcore: registered new interface driver zaurus
[    2.934872] usbcore: registered new interface driver cdc_ncm
[    2.941275] ehci_hcd: USB 2.0 'Enhanced' Host Controller (EHCI) Driver
[    2.946958] ehci-pci: EHCI PCI platform driver
[    2.951766] usbcore: registered new interface driver uas
[    2.956672] usbcore: registered new interface driver usb-storage
[    2.962660] usbcore: registered new interface driver usbserial_generic
[    2.969112] usbserial: USB Serial support registered for generic
[    2.975085] usbcore: registered new interface driver ftdi_sio
[    2.980788] usbserial: USB Serial support registered for FTDI USB Serial Device
[    2.988066] usbcore: registered new interface driver upd78f0730
[    2.993936] usbserial: USB Serial support registered for upd78f0730
[    3.001590] rtc_zynqmp ffa60000.rtc: registered as rtc0
[    3.005361] rtc_zynqmp ffa60000.rtc: setting system clock to 2022-03-26T02:20:09 UTC (1648261209)
[    3.014224] i2c /dev entries driver
[    3.019528] usbcore: registered new interface driver uvcvideo
[    3.023337] USB Video Class driver (1.1.1)
[    3.028914] Bluetooth: HCI UART driver ver 2.3
[    3.031819] Bluetooth: HCI UART protocol H4 registered
[    3.036917] Bluetooth: HCI UART protocol BCSP registered
[    3.042205] Bluetooth: HCI UART protocol LL registered
[    3.047296] Bluetooth: HCI UART protocol ATH3K registered
[    3.052670] Bluetooth: HCI UART protocol Three-wire (H5) registered
[    3.058923] Bluetooth: HCI UART protocol Intel registered
[    3.064261] Bluetooth: HCI UART protocol QCA registered
[    3.069465] usbcore: registered new interface driver bcm203x
[    3.075083] usbcore: registered new interface driver bpa10x
[    3.080619] usbcore: registered new interface driver bfusb
[    3.086072] usbcore: registered new interface driver btusb
[    3.091532] usbcore: registered new interface driver ath3k
[    3.097016] EDAC MC: ECC not enabled
[    3.100643] EDAC DEVICE0: Giving out device to module zynqmp-ocm-edac controller zynqmp_ocm: DEV ff960000.memory-controller (INTERRUPT)
[    3.112954] sdhci: Secure Digital Host Controller Interface driver
[    3.118746] sdhci: Copyright(c) Pierre Ossman
[    3.123068] sdhci-pltfm: SDHCI platform and OF driver helper
[    3.129122] ledtrig-cpu: registered to indicate activity on CPUs
[    3.134673] SMCCC: SOC_ID: ARCH_SOC_ID not implemented, skipping ....
[    3.141104] zynqmp_firmware_probe Platform Management API v1.1
[    3.146860] zynqmp_firmware_probe Trustzone version v1.0
[    3.186389] zynqmp-pinctrl firmware:zynqmp-firmware:pinctrl: zynqmp pinctrl initialized
[    3.234398] zynqmp-aes firmware:zynqmp-firmware:zynqmp-aes: will run requests pump with realtime priority
[    3.250228] alg: No test for xilinx-keccak-384 (zynqmp-keccak-384)
[    3.250941] alg: No test for xilinx-zynqmp-rsa (zynqmp-rsa)
[    3.256451] usbcore: registered new interface driver usbhid
[    3.261844] usbhid: USB HID core driver
[    3.273098] axi_sysid 85000000.axi-sysid-0: AXI System ID core version (1.01.a) found
[    3.275451] axi_sysid 85000000.axi-sysid-0: [ad9081_fmca_ebz] on [zcu102] git branch <master> git <084d44c9780640ca93fd847b1d9ec70dd65f5c67> clean [2022-03-18 04:17:50] UTC
[    3.291137] fpga_manager fpga0: Xilinx ZynqMP FPGA Manager registered
[    3.297491] usbcore: registered new interface driver snd-usb-audio
[    3.304945] pktgen: Packet Generator for packet performance testing. Version: 2.75
[    3.311127] Initializing XFRM netlink socket
[    3.314983] NET: Registered protocol family 10
[    3.319697] Segment Routing with IPv6
[    3.323081] sit: IPv6, IPv4 and MPLS over IPv4 tunneling driver
[    3.329152] NET: Registered protocol family 17
[    3.333254] NET: Registered protocol family 15
[    3.337749] can: controller area network core
[    3.342005] NET: Registered protocol family 29
[    3.346392] can: raw protocol
[    3.349328] can: broadcast manager protocol
[    3.353483] can: netlink gateway - max_hops=1
[    3.357877] Bluetooth: RFCOMM TTY layer initialized
[    3.362657] Bluetooth: RFCOMM socket layer initialized
[    3.367767] Bluetooth: RFCOMM ver 1.11
[    3.371471] Bluetooth: BNEP (Ethernet Emulation) ver 1.3
[    3.376748] Bluetooth: BNEP filters: protocol multicast
[    3.381941] Bluetooth: BNEP socket layer initialized
[    3.386868] Bluetooth: HIDP (Human Interface Emulation) ver 1.2
[    3.392752] Bluetooth: HIDP socket layer initialized
[    3.397808] 9pnet: Installing 9P2000 support
[    3.401929] NET: Registered protocol family 36
[    3.406345] Key type dns_resolver registered
[    3.410776] registered taskstats version 1
[    3.414642] Loading compiled-in X.509 certificates
[    3.419764] Btrfs loaded, crc32c=crc32c-generic
[    3.432165] ff000000.serial: ttyPS0 at MMIO 0xff000000 (irq = 49, base_baud = 6249999) is a xuartps
[    3.441185] printk: console [ttyPS0] enabled
[    3.445480] printk: bootconsole [cdns0] disabled
[    3.455103] ff010000.serial: ttyPS1 at MMIO 0xff010000 (irq = 50, base_baud = 6249999) is a xuartps
[    3.468361] of-fpga-region fpga-full: FPGA Region probed
[    3.475317] nwl-pcie fd0e0000.pcie: host bridge /axi/pcie@fd0e0000 ranges:
[    3.482210] nwl-pcie fd0e0000.pcie:      MEM 0x00e0000000..0x00efffffff -> 0x00e0000000
[    3.490212] nwl-pcie fd0e0000.pcie:      MEM 0x0600000000..0x07ffffffff -> 0x0600000000
[    3.498279] nwl-pcie fd0e0000.pcie: Link is DOWN
[    3.503038] nwl-pcie fd0e0000.pcie: PCI host bridge to bus 0000:00
[    3.509218] pci_bus 0000:00: root bus resource [bus 00-ff]
[    3.514699] pci_bus 0000:00: root bus resource [mem 0xe0000000-0xefffffff]
[    3.521569] pci_bus 0000:00: root bus resource [mem 0x600000000-0x7ffffffff pref]
[    3.529072] pci 0000:00:00.0: [10ee:d021] type 01 class 0x060400
[    3.535129] pci 0000:00:00.0: PME# supported from D0 D1 D2 D3hot
[    3.545574] pci 0000:00:00.0: PCI bridge to [bus 01-0c]
[    3.551546] xilinx-zynqmp-dma fd500000.dma: ZynqMP DMA driver Probe success
[    3.558717] xilinx-zynqmp-dma fd510000.dma: ZynqMP DMA driver Probe success
[    3.565893] xilinx-zynqmp-dma fd520000.dma: ZynqMP DMA driver Probe success
[    3.573062] xilinx-zynqmp-dma fd530000.dma: ZynqMP DMA driver Probe success
[    3.580226] xilinx-zynqmp-dma fd540000.dma: ZynqMP DMA driver Probe success
[    3.587397] xilinx-zynqmp-dma fd550000.dma: ZynqMP DMA driver Probe success
[    3.594566] xilinx-zynqmp-dma fd560000.dma: ZynqMP DMA driver Probe success
[    3.601737] xilinx-zynqmp-dma fd570000.dma: ZynqMP DMA driver Probe success
[    3.609133] xilinx-zynqmp-dpdma fd4c0000.dma-controller: Xilinx DPDMA engine is probed
[    3.617680] ahci-ceva fd0c0000.ahci: supply ahci not found, using dummy regulator
[    3.625230] ahci-ceva fd0c0000.ahci: supply phy not found, using dummy regulator
[    3.715926] hmc7044 spi2.0: PLL1: Acquisition, CLKIN0 @ 122880000 Hz, PFD: 80 kHz - PLL2: Locked @ 2568.000000 MHz
[    3.726645] jesd204: /axi/spi@ff050000/hmc7044@0,jesd204:1,parent=spi2.0: Using as SYSREF provider
[    3.736230] spi-nor spi0.0: SPI-NOR-UniqueID 100000235394732200270025081115266e
[    3.743534] spi-nor spi0.0: found n25q512a, expected m25p80
[    3.749736] spi-nor spi0.0: trying to lock already unlocked area
[    3.755735] spi-nor spi0.0: n25q512a (131072 Kbytes)
[    3.760713] 4 fixed-partitions partitions found on MTD device spi0.0
[    3.767059] Creating 4 MTD partitions on "spi0.0":
[    3.771845] 0x000000000000-0x000000100000 : "qspi-fsbl-uboot"
[    3.778335] 0x000000100000-0x000000600000 : "qspi-linux"
[    3.784291] 0x000000600000-0x000000620000 : "qspi-device-tree"
[    3.790762] 0x000000620000-0x000000c00000 : "qspi-rootfs"
[    3.799229] macb ff0e0000.ethernet: Not enabling partial store and forward
[    3.806753] libphy: MACB_mii_bus: probed
[    3.811827] macb ff0e0000.ethernet eth0: Cadence GEM rev 0x50070106 at 0xff0e0000 irq 30 (00:0a:35:04:8e:1b)
[    3.822041] xilinx-axipmon ffa00000.perf-monitor: Probed Xilinx APM
[    3.828611] xilinx-axipmon fd0b0000.perf-monitor: Probed Xilinx APM
[    3.835123] xilinx-axipmon fd490000.perf-monitor: Probed Xilinx APM
[    3.841667] xilinx-axipmon ffa10000.perf-monitor: Probed Xilinx APM
[    3.851662] pca953x 0-0020: supply vcc not found, using dummy regulator
[    3.858344] pca953x 0-0020: using no AI
[    3.862831] gpio-496 (sel0): hogged as output/low
[    3.867731] gpio-497 (sel1): hogged as output/high
[    3.872716] gpio-498 (sel2): hogged as output/high
[    3.877706] gpio-499 (sel3): hogged as output/high
[    3.882880] pca953x 0-0021: supply vcc not found, using dummy regulator
[    3.889553] pca953x 0-0021: using no AI
[    3.895312] ina2xx 2-0040: power monitor ina226 (Rshunt = 5000 uOhm)
[    3.902339] ina2xx 2-0041: power monitor ina226 (Rshunt = 5000 uOhm)
[    3.909367] ina2xx 2-0042: power monitor ina226 (Rshunt = 5000 uOhm)
[    3.916403] ina2xx 2-0043: power monitor ina226 (Rshunt = 5000 uOhm)
[    3.923429] ina2xx 2-0044: power monitor ina226 (Rshunt = 5000 uOhm)
[    3.930452] ina2xx 2-0045: power monitor ina226 (Rshunt = 5000 uOhm)
[    3.937482] ina2xx 2-0046: power monitor ina226 (Rshunt = 5000 uOhm)
[    3.944558] ina2xx 2-0047: power monitor ina226 (Rshunt = 5000 uOhm)
[    3.951584] ina2xx 2-004a: power monitor ina226 (Rshunt = 5000 uOhm)
[    3.958622] ina2xx 2-004b: power monitor ina226 (Rshunt = 5000 uOhm)
[    3.965036] i2c i2c-0: Added multiplexed i2c bus 2
[    3.970420] random: fast init done
[    3.973893] ina2xx 3-0040: power monitor ina226 (Rshunt = 2000 uOhm)
[    3.980917] ina2xx 3-0041: power monitor ina226 (Rshunt = 5000 uOhm)
[    3.987946] ina2xx 3-0042: power monitor ina226 (Rshunt = 5000 uOhm)
[    3.994977] ina2xx 3-0043: power monitor ina226 (Rshunt = 5000 uOhm)
[    4.002004] ina2xx 3-0044: power monitor ina226 (Rshunt = 5000 uOhm)
[    4.009038] ina2xx 3-0045: power monitor ina226 (Rshunt = 5000 uOhm)
[    4.016072] ina2xx 3-0046: power monitor ina226 (Rshunt = 5000 uOhm)
[    4.023102] ina2xx 3-0047: power monitor ina226 (Rshunt = 5000 uOhm)
[    4.029501] i2c i2c-0: Added multiplexed i2c bus 3
[    4.085541] i2c i2c-0: Added multiplexed i2c bus 4
[    4.090486] i2c i2c-0: Added multiplexed i2c bus 5
[    4.095274] pca954x 0-0075: registered 4 multiplexed busses for I2C mux pca9544
[    4.102624] cdns-i2c ff020000.i2c: 400 kHz mmio ff020000 irq 32
[    4.110361] at24 6-0054: supply vcc not found, using dummy regulator
[    4.117259] at24 6-0054: 1024 byte 24c08 EEPROM, writable, 1 bytes/write
[    4.124012] i2c i2c-1: Added multiplexed i2c bus 6
[    4.130444] si5341 7-0036: Chip: 5341 Grade: 1 Rev: 1
[    4.168154] i2c i2c-1: Added multiplexed i2c bus 7
[    4.175810] si570 8-005d: registered, current frequency 300000000 Hz
[    4.182209] i2c i2c-1: Added multiplexed i2c bus 8
[    4.201991] si570 9-005d: registered, current frequency 148500000 Hz
[    4.208389] i2c i2c-1: Added multiplexed i2c bus 9
[    4.213427] si5324 10-0069: si5328 probed
[    4.280120] si5324 10-0069: si5328 probe successful
[    4.285053] i2c i2c-1: Added multiplexed i2c bus 10
[    4.290080] i2c i2c-1: Added multiplexed i2c bus 11
[    4.295107] i2c i2c-1: Added multiplexed i2c bus 12
[    4.300127] i2c i2c-1: Added multiplexed i2c bus 13
[    4.305000] pca954x 1-0074: registered 8 multiplexed busses for I2C switch pca9548
[    4.313111] at24 14-0050: supply vcc not found, using dummy regulator
[    4.319896] at24 14-0050: 256 byte 24c02 EEPROM, writable, 1 bytes/write
[    4.326644] i2c i2c-1: Added multiplexed i2c bus 14
[    4.331684] i2c i2c-1: Added multiplexed i2c bus 15
[    4.336717] i2c i2c-1: Added multiplexed i2c bus 16
[    4.341753] i2c i2c-1: Added multiplexed i2c bus 17
[    4.346784] i2c i2c-1: Added multiplexed i2c bus 18
[    4.351830] i2c i2c-1: Added multiplexed i2c bus 19
[    4.356867] i2c i2c-1: Added multiplexed i2c bus 20
[    4.361900] i2c i2c-1: Added multiplexed i2c bus 21
[    4.366774] pca954x 1-0075: registered 8 multiplexed busses for I2C switch pca9548
[    4.374383] cdns-i2c ff030000.i2c: 400 kHz mmio ff030000 irq 33
[    4.384129] cdns-wdt fd4d0000.watchdog: Xilinx Watchdog Timer with timeout 60s
[    4.395074] axi_adxcvr 84a60000.axi-adxcvr-rx: AXI-ADXCVR-RX (17.05.a) using CPLL on GTH4 at 0x84A60000. Number of lanes: 4.
[    4.407254] axi_adxcvr 84b60000.axi-adxcvr-tx: AXI-ADXCVR-TX (17.05.a) using QPLL on GTH4 at 0x84B60000. Number of lanes: 4.
[    4.418873] axi-jesd204-rx 84a90000.axi-jesd204-rx: AXI-JESD204-RX (1.07.a) at 0x84A90000. Encoder 8b10b, width 4/4, lanes 4, jesd204-fsm.
[    4.426161] mmc0: SDHCI controller on ff170000.mmc [ff170000.mmc] using ADMA 64-bit
[    4.431719] axi-jesd204-tx 84b90000.axi-jesd204-tx: AXI-JESD204-TX (1.06.a) at 0x84B90000. Encoder 8b10b, width 4/4, lanes 4, jesd204-fsm.
[    4.452445] zynqmp-display fd4a0000.display: vtc bridge property not present
[    4.462107] xilinx-dp-snd-codec fd4a0000.display:zynqmp_dp_snd_codec0: Failed to get required clock freq
[    4.471614] xilinx-dp-snd-codec: probe of fd4a0000.display:zynqmp_dp_snd_codec0 failed with error -22
[    4.473540] mmc0: new high speed SDHC card at address 0001
[    4.481151] xilinx-dp-snd-pcm zynqmp_dp_snd_pcm0: Xilinx DisplayPort Sound PCM probed
[    4.486668] mmcblk0: mmc0:0001 EB1QT 29.8 GiB 
[    4.494468] xilinx-dp-snd-pcm zynqmp_dp_snd_pcm1: Xilinx DisplayPort Sound PCM probed
[    4.499819]  mmcblk0: p1 p2 p3
[    4.506772] OF: graph: no port node found in /axi/display@fd4a0000
[    4.515846] xlnx-drm xlnx-drm.0: bound fd4a0000.display (ops 0xffffffc010fcbdb8)
[    5.599772] zynqmp-display fd4a0000.display: [drm] Cannot find any crtc or sizes
[    5.607382] [drm] Initialized xlnx 1.0.0 20130509 for fd4a0000.display on minor 0
[    5.614874] zynqmp-display fd4a0000.display: ZynqMP DisplayPort Subsystem driver probed
[    5.623194] ahci-ceva fd0c0000.ahci: supply ahci not found, using dummy regulator
[    5.630746] ahci-ceva fd0c0000.ahci: supply phy not found, using dummy regulator
[    5.638204] ahci-ceva fd0c0000.ahci: supply target not found, using dummy regulator
[    5.646044] ahci-ceva fd0c0000.ahci: AHCI 0001.0301 32 slots 2 ports 6 Gbps 0x3 impl platform mode
[    5.654999] ahci-ceva fd0c0000.ahci: flags: 64bit ncq sntf pm clo only pmp fbs pio slum part ccc sds apst 
[    5.665695] scsi host0: ahci-ceva
[    5.669293] scsi host1: ahci-ceva
[    5.672718] ata1: SATA max UDMA/133 mmio [mem 0xfd0c0000-0xfd0c1fff] port 0x100 irq 45
[    5.680629] ata2: SATA max UDMA/133 mmio [mem 0xfd0c0000-0xfd0c1fff] port 0x180 irq 45
[    5.689226] ad9081 spi1.0: supply vdd not found, using dummy regulator
[    6.002008] ata1: SATA link down (SStatus 0 SControl 330)
[    6.007429] ata2: SATA link down (SStatus 0 SControl 330)
[    6.683774] zynqmp-display fd4a0000.display: [drm] Cannot find any crtc or sizes
[    7.526046] ad9081 spi1.0: AD9081 Rev. 2 Grade 10 (API 1.2.2) probed
[    7.533238] xhci-hcd xhci-hcd.1.auto: xHCI Host Controller
[    7.538738] xhci-hcd xhci-hcd.1.auto: new USB bus registered, assigned bus number 1
[    7.546483] xhci-hcd xhci-hcd.1.auto: hcc params 0x0238f625 hci version 0x100 quirks 0x0000000002010810
[    7.555908] xhci-hcd xhci-hcd.1.auto: irq 59, io mem 0xfe200000
[    7.562017] usb usb1: New USB device found, idVendor=1d6b, idProduct=0002, bcdDevice= 5.10
[    7.570277] usb usb1: New USB device strings: Mfr=3, Product=2, SerialNumber=1
[    7.577494] usb usb1: Product: xHCI Host Controller
[    7.582362] usb usb1: Manufacturer: Linux 5.10.0-98103-g2aa7ac113716 xhci-hcd
[    7.589488] usb usb1: SerialNumber: xhci-hcd.1.auto
[    7.594656] hub 1-0:1.0: USB hub found
[    7.598416] hub 1-0:1.0: 1 port detected
[    7.602521] xhci-hcd xhci-hcd.1.auto: xHCI Host Controller
[    7.608011] xhci-hcd xhci-hcd.1.auto: new USB bus registered, assigned bus number 2
[    7.615664] xhci-hcd xhci-hcd.1.auto: Host supports USB 3.0 SuperSpeed
[    7.622286] usb usb2: New USB device found, idVendor=1d6b, idProduct=0003, bcdDevice= 5.10
[    7.630549] usb usb2: New USB device strings: Mfr=3, Product=2, SerialNumber=1
[    7.637768] usb usb2: Product: xHCI Host Controller
[    7.642636] usb usb2: Manufacturer: Linux 5.10.0-98103-g2aa7ac113716 xhci-hcd
[    7.649762] usb usb2: SerialNumber: xhci-hcd.1.auto
[    7.654871] hub 2-0:1.0: USB hub found
[    7.658633] hub 2-0:1.0: 1 port detected
[    7.688698] cf_axi_adc 84a10000.axi-ad9081-rx-hpc: ADI AIM (10.01.b) at 0x84A10000 mapped to 0x(____ptrval____), probed ADC AD9081 as MASTER
[    7.720596] cf_axi_dds 84b10000.axi-ad9081-tx-hpc: Analog Devices CF_AXI_DDS_DDS MASTER (9.01.b) at 0x84B10000 mapped to 0x(____ptrval____), probed DDS AD9081
[    7.734798] jesd204: /axi/spi@ff040000/ad9081@0,jesd204:0,parent=spi1.0: JESD204[2] transition initialized -> probed
[    7.745320] jesd204: /axi/spi@ff040000/ad9081@0,jesd204:0,parent=spi1.0: JESD204[0] transition initialized -> probed
[    7.755843] jesd204: /axi/spi@ff040000/ad9081@0,jesd204:0,parent=spi1.0: JESD204[2] transition probed -> idle
[    7.765751] jesd204: /axi/spi@ff040000/ad9081@0,jesd204:0,parent=spi1.0: JESD204[0] transition probed -> idle
[    7.775666] jesd204: /axi/spi@ff040000/ad9081@0,jesd204:0,parent=spi1.0: JESD204[2] transition idle -> device_init
[    7.786010] jesd204: /axi/spi@ff040000/ad9081@0,jesd204:0,parent=spi1.0: JESD204[0] transition idle -> device_init
[    7.796363] jesd204: /axi/spi@ff040000/ad9081@0,jesd204:0,parent=spi1.0: JESD204[2] transition device_init -> link_init
[    7.807145] jesd204: /axi/spi@ff040000/ad9081@0,jesd204:0,parent=spi1.0: JESD204[0] transition device_init -> link_init
[    7.817937] jesd204: /axi/spi@ff040000/ad9081@0,jesd204:0,parent=spi1.0: JESD204[2] transition link_init -> link_supported
[    7.828975] jesd204: /axi/spi@ff040000/ad9081@0,jesd204:0,parent=spi1.0: JESD204[0] transition link_init -> link_supported
[    7.840395] hmc7044 spi2.0: hmc7044_jesd204_link_pre_setup: Link2 forcing continuous SYSREF mode
[    7.849332] axi-jesd204-rx 84a90000.axi-jesd204-rx: axi_jesd204_rx_jesd204_link_pre_setup: Link2 set lane rate 12840000 kHz failed (-22)
[    7.861589] jesd204: /fpga-axi@0/axi-jesd204-rx@84a90000,jesd204:4,parent=84a90000.axi-jesd204-rx: JESD204[2] In link_pre_setup got error from cb: -22
[    7.875058] jesd204: /axi/spi@ff040000/ad9081@0,jesd204:0,parent=spi1.0: Rolling back from 'link_supported', got error -22
[    7.886101] jesd204: /axi/spi@ff040000/ad9081@0,jesd204:0,parent=spi1.0: JESD204[0] transition link_supported -> link_pre_setup
[    7.897573] jesd204: /axi/spi@ff040000/ad9081@0,jesd204:0,parent=spi1.0: JESD204[2] transition link_supported -> link_pre_setup
[    7.909057] jesd204: /axi/spi@ff040000/ad9081@0,jesd204:0,parent=spi1.0: JESD204[0] transition link_pre_setup -> link_supported
[    7.920533] jesd204: /axi/spi@ff040000/ad9081@0,jesd204:0,parent=spi1.0: JESD204[2] transition link_pre_setup -> link_supported
[    7.932009] jesd204: /axi/spi@ff040000/ad9081@0,jesd204:0,parent=spi1.0: JESD204[0] transition link_supported -> link_init
[    7.943047] jesd204: /axi/spi@ff040000/ad9081@0,jesd204:0,parent=spi1.0: JESD204[2] transition link_supported -> link_init
[    7.954094] jesd204: /axi/spi@ff040000/ad9081@0,jesd204:0,parent=spi1.0: JESD204[0] transition link_init -> device_init
[    7.964874] jesd204: /axi/spi@ff040000/ad9081@0,jesd204:0,parent=spi1.0: JESD204[2] transition link_init -> device_init
[    7.975653] jesd204: /axi/spi@ff040000/ad9081@0,jesd204:0,parent=spi1.0: JESD204[0] transition device_init -> idle
[    7.985996] jesd204: /axi/spi@ff040000/ad9081@0,jesd204:0,parent=spi1.0: JESD204[2] transition device_init -> idle
[    7.996347] jesd204: /axi/spi@ff040000/ad9081@0,jesd204:0,parent=spi1.0: JESD204[2] transition idle -> idle
[    8.006082] jesd204: /axi/spi@ff040000/ad9081@0,jesd204:0,parent=spi1.0: JESD204[0] transition idle -> idle
[    8.015824] jesd204: /axi/spi@ff040000/ad9081@0,jesd204:0,parent=spi1.0: JESD204[2] transition idle -> device_init
[    8.026168] jesd204: /axi/spi@ff040000/ad9081@0,jesd204:0,parent=spi1.0: JESD204[0] transition idle -> device_init
[    8.036518] jesd204: /axi/spi@ff040000/ad9081@0,jesd204:0,parent=spi1.0: JESD204[2] transition device_init -> link_init
[    8.047294] jesd204: /axi/spi@ff040000/ad9081@0,jesd204:0,parent=spi1.0: JESD204[0] transition device_init -> link_init
[    8.058082] jesd204: /axi/spi@ff040000/ad9081@0,jesd204:0,parent=spi1.0: JESD204[2] transition link_init -> link_supported
[    8.069130] jesd204: /axi/spi@ff040000/ad9081@0,jesd204:0,parent=spi1.0: JESD204[0] transition link_init -> link_supported
[    8.080349] axi-jesd204-rx 84a90000.axi-jesd204-rx: axi_jesd204_rx_jesd204_link_pre_setup: Link2 set lane rate 12840000 kHz failed (-22)
[    8.092608] jesd204: /fpga-axi@0/axi-jesd204-rx@84a90000,jesd204:4,parent=84a90000.axi-jesd204-rx: JESD204[2] In link_pre_setup got error from cb: -22
[    8.106077] jesd204: /axi/spi@ff040000/ad9081@0,jesd204:0,parent=spi1.0: Rolling back from 'link_supported', got error -22
[    8.117120] jesd204: /axi/spi@ff040000/ad9081@0,jesd204:0,parent=spi1.0: JESD204[0] transition link_supported -> link_pre_setup
[    8.128591] jesd204: /axi/spi@ff040000/ad9081@0,jesd204:0,parent=spi1.0: JESD204[2] transition link_supported -> link_pre_setup
[    8.140069] jesd204: /axi/spi@ff040000/ad9081@0,jesd204:0,parent=spi1.0: JESD204[0] transition link_pre_setup -> link_supported
[    8.151543] jesd204: /axi/spi@ff040000/ad9081@0,jesd204:0,parent=spi1.0: JESD204[2] transition link_pre_setup -> link_supported
[    8.163019] jesd204: /axi/spi@ff040000/ad9081@0,jesd204:0,parent=spi1.0: JESD204[0] transition link_supported -> link_init
[    8.174056] jesd204: /axi/spi@ff040000/ad9081@0,jesd204:0,parent=spi1.0: JESD204[2] transition link_supported -> link_init
[    8.185104] jesd204: /axi/spi@ff040000/ad9081@0,jesd204:0,parent=spi1.0: JESD204[0] transition link_init -> device_init
[    8.195879] jesd204: /axi/spi@ff040000/ad9081@0,jesd204:0,parent=spi1.0: JESD204[2] transition link_init -> device_init
[    8.206662] jesd204: /axi/spi@ff040000/ad9081@0,jesd204:0,parent=spi1.0: JESD204[0] transition device_init -> idle
[    8.217009] jesd204: /axi/spi@ff040000/ad9081@0,jesd204:0,parent=spi1.0: JESD204[2] transition device_init -> idle
[    8.227358] jesd204: /axi/spi@ff040000/ad9081@0,jesd204:0,parent=spi1.0: JESD204[2] transition idle -> idle
[    8.237091] jesd204: /axi/spi@ff040000/ad9081@0,jesd204:0,parent=spi1.0: JESD204[0] transition idle -> idle
[    8.246833] jesd204: /axi/spi@ff040000/ad9081@0,jesd204:0,parent=spi1.0: JESD204[2] transition idle -> device_init
[    8.257176] jesd204: /axi/spi@ff040000/ad9081@0,jesd204:0,parent=spi1.0: JESD204[0] transition idle -> device_init
[    8.267527] jesd204: /axi/spi@ff040000/ad9081@0,jesd204:0,parent=spi1.0: JESD204[2] transition device_init -> link_init
[    8.278304] jesd204: /axi/spi@ff040000/ad9081@0,jesd204:0,parent=spi1.0: JESD204[0] transition device_init -> link_init
[    8.289092] jesd204: /axi/spi@ff040000/ad9081@0,jesd204:0,parent=spi1.0: JESD204[2] transition link_init -> link_supported
[    8.300134] jesd204: /axi/spi@ff040000/ad9081@0,jesd204:0,parent=spi1.0: JESD204[0] transition link_init -> link_supported
[    8.311321] axi-jesd204-rx 84a90000.axi-jesd204-rx: axi_jesd204_rx_jesd204_link_pre_setup: Link2 set lane rate 12840000 kHz failed (-22)
[    8.323581] jesd204: /fpga-axi@0/axi-jesd204-rx@84a90000,jesd204:4,parent=84a90000.axi-jesd204-rx: JESD204[2] In link_pre_setup got error from cb: -22
[    8.337051] jesd204: /axi/spi@ff040000/ad9081@0,jesd204:0,parent=spi1.0: Rolling back from 'link_supported', got error -22
[    8.348097] jesd204: /axi/spi@ff040000/ad9081@0,jesd204:0,parent=spi1.0: JESD204[0] transition link_supported -> link_pre_setup
[    8.359566] jesd204: /axi/spi@ff040000/ad9081@0,jesd204:0,parent=spi1.0: JESD204[2] transition link_supported -> link_pre_setup
[    8.371046] jesd204: /axi/spi@ff040000/ad9081@0,jesd204:0,parent=spi1.0: JESD204[0] transition link_pre_setup -> link_supported
[    8.382515] jesd204: /axi/spi@ff040000/ad9081@0,jesd204:0,parent=spi1.0: JESD204[2] transition link_pre_setup -> link_supported
[    8.393993] jesd204: /axi/spi@ff040000/ad9081@0,jesd204:0,parent=spi1.0: JESD204[0] transition link_supported -> link_init
[    8.405031] jesd204: /axi/spi@ff040000/ad9081@0,jesd204:0,parent=spi1.0: JESD204[2] transition link_supported -> link_init
[    8.416078] jesd204: /axi/spi@ff040000/ad9081@0,jesd204:0,parent=spi1.0: JESD204[0] transition link_init -> device_init
[    8.426853] jesd204: /axi/spi@ff040000/ad9081@0,jesd204:0,parent=spi1.0: JESD204[2] transition link_init -> device_init
[    8.437637] jesd204: /axi/spi@ff040000/ad9081@0,jesd204:0,parent=spi1.0: JESD204[0] transition device_init -> idle
[    8.447983] jesd204: /axi/spi@ff040000/ad9081@0,jesd204:0,parent=spi1.0: JESD204[2] transition device_init -> idle
[    8.458332] jesd204: /axi/spi@ff040000/ad9081@0,jesd204:0,parent=spi1.0: JESD204[2] transition idle -> idle
[    8.468066] jesd204: /axi/spi@ff040000/ad9081@0,jesd204:0,parent=spi1.0: JESD204[0] transition idle -> idle
[    8.477811] jesd204: /axi/spi@ff040000/ad9081@0,jesd204:0,parent=spi1.0: JESD204[2] transition idle -> device_init
[    8.488152] jesd204: /axi/spi@ff040000/ad9081@0,jesd204:0,parent=spi1.0: JESD204[0] transition idle -> device_init
[    8.498502] jesd204: /axi/spi@ff040000/ad9081@0,jesd204:0,parent=spi1.0: JESD204[2] transition device_init -> link_init
[    8.509277] jesd204: /axi/spi@ff040000/ad9081@0,jesd204:0,parent=spi1.0: JESD204[0] transition device_init -> link_init
[    8.520067] jesd204: /axi/spi@ff040000/ad9081@0,jesd204:0,parent=spi1.0: JESD204[2] transition link_init -> link_supported
[    8.531110] jesd204: /axi/spi@ff040000/ad9081@0,jesd204:0,parent=spi1.0: JESD204[0] transition link_init -> link_supported
[    8.542296] axi-jesd204-rx 84a90000.axi-jesd204-rx: axi_jesd204_rx_jesd204_link_pre_setup: Link2 set lane rate 12840000 kHz failed (-22)
[    8.554556] jesd204: /fpga-axi@0/axi-jesd204-rx@84a90000,jesd204:4,parent=84a90000.axi-jesd204-rx: JESD204[2] In link_pre_setup got error from cb: -22
[    8.568026] jesd204: /axi/spi@ff040000/ad9081@0,jesd204:0,parent=spi1.0: Rolling back from 'link_supported', got error -22
[    8.579069] jesd204: /axi/spi@ff040000/ad9081@0,jesd204:0,parent=spi1.0: JESD204[0] transition link_supported -> link_pre_setup
[    8.590540] jesd204: /axi/spi@ff040000/ad9081@0,jesd204:0,parent=spi1.0: JESD204[2] transition link_supported -> link_pre_setup
[    8.602022] jesd204: /axi/spi@ff040000/ad9081@0,jesd204:0,parent=spi1.0: JESD204[0] transition link_pre_setup -> link_supported
[    8.613490] jesd204: /axi/spi@ff040000/ad9081@0,jesd204:0,parent=spi1.0: JESD204[2] transition link_pre_setup -> link_supported
[    8.624968] jesd204: /axi/spi@ff040000/ad9081@0,jesd204:0,parent=spi1.0: JESD204[0] transition link_supported -> link_init
[    8.636006] jesd204: /axi/spi@ff040000/ad9081@0,jesd204:0,parent=spi1.0: JESD204[2] transition link_supported -> link_init
[    8.647053] jesd204: /axi/spi@ff040000/ad9081@0,jesd204:0,parent=spi1.0: JESD204[0] transition link_init -> device_init
[    8.657828] jesd204: /axi/spi@ff040000/ad9081@0,jesd204:0,parent=spi1.0: JESD204[2] transition link_init -> device_init
[    8.668611] jesd204: /axi/spi@ff040000/ad9081@0,jesd204:0,parent=spi1.0: JESD204[0] transition device_init -> idle
[    8.678955] jesd204: /axi/spi@ff040000/ad9081@0,jesd204:0,parent=spi1.0: JESD204[2] transition device_init -> idle
[    8.689301] jesd204: /axi/spi@ff040000/ad9081@0,jesd204:0,parent=spi1.0: FSM completed with error -22
[    8.707729] input: gpio-keys as /devices/platform/gpio-keys/input/input0
[    8.714750] of_cfs_init
[    8.717220] of_cfs_init: OK
[    8.720162] cfg80211: Loading compiled-in X.509 certificates for regulatory database
[    8.858410] cfg80211: Loaded X.509 cert 'sforshee: 00b28ddf47aef9cea7'
[    8.864934] clk: Not disabling unused clocks
[    8.869465] ALSA device list:
[    8.872426]   No soundcards found.
[    8.876089] platform regulatory.0: Direct firmware load for regulatory.db failed with error -2
[    8.884699] cfg80211: failed to load regulatory.db
[    8.899245] EXT4-fs (mmcblk0p2): mounted filesystem with ordered data mode. Opts: (null)
[    8.907362] VFS: Mounted root (ext4 filesystem) on device 179:2.
[    8.920360] devtmpfs: mounted
[    8.924195] Freeing unused kernel memory: 2560K
[    8.939808] Run /sbin/init as init process
[    8.943902]   with arguments:
[    8.943905]     /sbin/init
[    8.943907]   with environment:
[    8.943909]     HOME=/
[    8.943911]     TERM=linux
[    9.510386] systemd[1]: systemd 241 running in system mode. (+PAM +AUDIT +SELINUX +IMA +APPARMOR +SMACK +SYSVINIT +UTMP +LIBCRYPTSETUP +GCRYPT +GNUTLS +ACL +XZ +LZ4 +SECCOMP +BLKID +ELFUTILS +KMOD -IDN2 +IDN -PCRE2 default-hierarchy=hybrid)
[    9.532253] systemd[1]: Detected architecture arm64.
[    9.556466] systemd[1]: Set hostname to <analog>.
[    9.743015] systemd[1]: File /lib/systemd/system/systemd-journald.service:12 configures an IP firewall (IPAddressDeny=any), but the local system does not support BPF/cgroup based firewalling.
[    9.760083] systemd[1]: Proceeding WITHOUT firewalling in effect! (This warning is only shown for the first loaded unit using IP firewalling.)
[    9.923381] systemd[1]: /etc/systemd/system/tof-server.service:1: Assignment outside of section. Ignoring.
[    9.933082] systemd[1]: /etc/systemd/system/tof-server.service:2: Assignment outside of section. Ignoring.
[   10.115899] random: systemd: uninitialized urandom read (16 bytes read)
[   10.130647] systemd[1]: Condition check resulted in Arbitrary Executable File Formats File System Automount Point being skipped.
[   10.142269] random: systemd: uninitialized urandom read (16 bytes read)
[   10.149492] systemd[1]: Created slice system-systemd\x2dfsck.slice.
[   10.171861] random: systemd: uninitialized urandom read (16 bytes read)
[   10.178636] systemd[1]: Started Forward Password Requests to Wall Directory Watch.
[   10.790413] ------------[ cut here ]------------
[   10.790423] Enabling unprepared \xa0\xe9Q\x88\xff\xff\xffpQ\x88\xff\xff\xff
[   10.790469] WARNING: CPU: 2 PID: 112 at drivers/clk/clk.c:1012 clk_core_enable+0xa4/0xc0
[   10.790472] Modules linked in:
[   10.790482] CPU: 2 PID: 112 Comm: kworker/2:1H Not tainted 5.10.0-98103-g2aa7ac113716 #5577
[   10.790485] Hardware name: ZynqMP ZCU102 Rev1.0 (DT)
[   10.790493] Workqueue: kblockd blk_mq_run_work_fn
[   10.790501] pstate: 80000085 (Nzcv daIf -PAN -UAO -TCO BTYPE=--)
[   10.790506] pc : clk_core_enable+0xa4/0xc0
[   10.790512] lr : clk_core_enable+0xa4/0xc0
[   10.790515] sp : ffffffc0125bb2d0
[   10.790518] x29: ffffffc0125bb2d0 x28: ffffff8800330c10 
[   10.790525] x27: ffffff8800330d48 x26: 0000005000000101 
[   10.790531] x25: 000000027d3697da x24: 0000000000000001 
[   10.790538] x23: ffffff88010e9380 x22: ffffff8801083220 
[   10.790544] x21: ffffff8801517000 x20: ffffff8801517008 
[   10.790551] x19: ffffff8801517008 x18: 0000000000000030 
[   10.790557] x17: 0000000000000002 x16: 0000af12b4d24f7c 
[   10.790564] x15: ffffffffffff9cb0 x14: ffffffc011d3b1a0 
[   10.790570] x13: ffffffc011d3b1c8 x12: 0000000000000672 
[   10.790577] x11: 0000000000000226 x10: ffffffc011d671c8 
[   10.790583] x9 : 00000000fffff800 x8 : ffffffc011d3b1c8 
[   10.790589] x7 : ffffffc011d671c8 x6 : 0000000000000001 
[   10.790596] x5 : ffffff887f7929e0 x4 : 0000000000000000 
[   10.790602] x3 : 0000000000000027 x2 : 0000000000000023 
[   10.790608] x1 : 6305817b425f9700 x0 : 0000000000000000 
[   10.790615] Call trace:
[   10.790622]  clk_core_enable+0xa4/0xc0
[   10.790627]  clk_enable+0x2c/0x60
[   10.790633]  zynqmp_runtime_resume+0x24/0x84
[   10.790640]  pm_generic_runtime_resume+0x30/0x50
[   10.790646]  __genpd_runtime_resume+0x30/0xb0
[   10.790652]  genpd_runtime_resume+0x90/0x250
[   10.790658]  __rpm_callback+0x10c/0x1e0
[   10.790663]  rpm_callback+0x5c/0x84
[   10.790668]  rpm_resume+0x4a4/0x74c
[   10.790673]  __pm_runtime_resume+0x78/0xc4
[   10.790678]  spi_mem_access_start.isra.0+0x30/0x80
[   10.790682]  spi_mem_exec_op+0x3b0/0x424
[   10.790687]  spi_nor_read_sr+0x78/0xe0
[   10.790692]  spi_nor_wait_till_ready_with_timeout+0xb4/0x2f0
[   10.790697]  spi_nor_read+0x188/0x380
[   10.790702]  mtd_read_oob_std+0x78/0x84
[   10.790706]  mtd_read_oob+0x7c/0x134
[   10.790711]  mtd_read+0x48/0x7c
[   10.790716]  mtdblock_readsect+0x6c/0x150
[   10.790721]  mtd_queue_rq+0x2cc/0x5a0
[   10.790727]  blk_mq_dispatch_rq_list+0x110/0x790
[   10.790733]  __blk_mq_do_dispatch_sched+0x200/0x274
[   10.790738]  __blk_mq_sched_dispatch_requests+0x1a8/0x1fc
[   10.790744]  blk_mq_sched_dispatch_requests+0x3c/0x7c
[   10.790749]  __blk_mq_run_hw_queue+0x98/0x100
[   10.790754]  blk_mq_run_work_fn+0x24/0x30
[   10.790759]  process_one_work+0x1d4/0x380
[   10.790763]  worker_thread+0x78/0x4e0
[   10.790768]  kthread+0x124/0x130
[   10.790774]  ret_from_fork+0x10/0x3c
[   10.790777] ---[ end trace 6a441faa76fd776d ]---
[   10.790786] zynqmp-qspi ff0f0000.spi: Cannot enable APB clock.
[   10.790835] spi_master spi0: Failed to power device: -108
[   10.790845] blk_update_request: I/O error, dev mtdblock0, sector 8 op 0x0:(READ) flags 0x80700 phys_seg 1 prio class 0
[   10.790913] spi_master spi0: Failed to power device: -22
[   10.790920] blk_update_request: I/O error, dev mtdblock0, sector 8 op 0x0:(READ) flags 0x0 phys_seg 8 prio class 0
[   10.790926] Buffer I/O error on dev mtdblock0, logical block 8, async page read
[   10.790935] spi_master spi0: Failed to power device: -22
[   10.790941] blk_update_request: I/O error, dev mtdblock0, sector 9 op 0x0:(READ) flags 0x0 phys_seg 7 prio class 0
[   10.790944] Buffer I/O error on dev mtdblock0, logical block 9, async page read
[   10.790951] spi_master spi0: Failed to power device: -22
[   10.790957] blk_update_request: I/O error, dev mtdblock0, sector 10 op 0x0:(READ) flags 0x0 phys_seg 6 prio class 0
[   10.790961] Buffer I/O error on dev mtdblock0, logical block 10, async page read
[   10.790968] spi_master spi0: Failed to power device: -22
[   10.790973] blk_update_request: I/O error, dev mtdblock0, sector 11 op 0x0:(READ) flags 0x0 phys_seg 5 prio class 0
[   10.790977] Buffer I/O error on dev mtdblock0, logical block 11, async page read
[   10.790984] spi_master spi0: Failed to power device: -22
[   10.790990] blk_update_request: I/O error, dev mtdblock0, sector 12 op 0x0:(READ) flags 0x0 phys_seg 4 prio class 0
[   10.790993] Buffer I/O error on dev mtdblock0, logical block 12, async page read
[   10.791000] spi_master spi0: Failed to power device: -22
[   10.791005] blk_update_request: I/O error, dev mtdblock0, sector 13 op 0x0:(READ) flags 0x0 phys_seg 3 prio class 0
[   10.791009] Buffer I/O error on dev mtdblock0, logical block 13, async page read
[   10.791016] spi_master spi0: Failed to power device: -22
[   10.791021] blk_update_request: I/O error, dev mtdblock0, sector 14 op 0x0:(READ) flags 0x0 phys_seg 2 prio class 0
[   10.791025] Buffer I/O error on dev mtdblock0, logical block 14, async page read
[   10.791032] spi_master spi0: Failed to power device: -22
[   10.791037] blk_update_request: I/O error, dev mtdblock0, sector 15 op 0x0:(READ) flags 0x0 phys_seg 1 prio class 0
[   10.791042] Buffer I/O error on dev mtdblock0, logical block 15, async page read
[   10.791344] spi_master spi0: Failed to power device: -22
[   10.791351] blk_update_request: I/O error, dev mtdblock1, sector 10112 op 0x0:(READ) flags 0x80700 phys_seg 1 prio class 0
[   10.791394] spi_master spi0: Failed to power device: -22
[   10.791400] Buffer I/O error on dev mtdblock1, logical block 10112, async page read
[   10.791408] spi_master spi0: Failed to power device: -22
[   10.791413] Buffer I/O error on dev mtdblock1, logical block 10113, async page read
[   10.791420] spi_master spi0: Failed to power device: -22
[   10.791427] spi_master spi0: Failed to power device: -22
[   10.791435] spi_master spi0: Failed to power device: -22
[   10.791442] spi_master spi0: Failed to power device: -22
[   10.791449] spi_master spi0: Failed to power device: -22
[   10.791456] spi_master spi0: Failed to power device: -22
[   10.791682] spi_master spi0: Failed to power device: -22
[   10.791726] spi_master spi0: Failed to power device: -22
[   10.791735] spi_master spi0: Failed to power device: -22
[   10.791764] spi_master spi0: Failed to power device: -22
[   10.791772] spi_master spi0: Failed to power device: -22
[   10.791780] spi_master spi0: Failed to power device: -22
[   10.791787] spi_master spi0: Failed to power device: -22
[   10.791794] spi_master spi0: Failed to power device: -22
[   10.791802] spi_master spi0: Failed to power device: -22
[   10.792069] spi_master spi0: Failed to power device: -22
[   10.792113] spi_master spi0: Failed to power device: -22
[   10.792122] spi_master spi0: Failed to power device: -22
[   10.792130] spi_master spi0: Failed to power device: -22
[   10.792137] spi_master spi0: Failed to power device: -22
[   10.792145] spi_master spi0: Failed to power device: -22
[   10.792152] spi_master spi0: Failed to power device: -22
[   10.792168] spi_master spi0: Failed to power device: -22
[   10.792175] spi_master spi0: Failed to power device: -22
[   10.916321] EXT4-fs (mmcblk0p2): re-mounted. Opts: (null)
[   11.064668] systemd-journald[168]: Received request to flush runtime journal from PID 1
[   16.715945] macb ff0e0000.ethernet eth0: PHY [ff0e0000.ethernet-ffffffff:0c] driver [TI DP83867] (irq=POLL)
[   16.715958] macb ff0e0000.ethernet eth0: configuring for phy/rgmii-id link mode
[   16.983791] Adding 78844k swap on /var/swap.  Priority:-2 extents:2 across:79412k SS
[   18.835781] random: crng init done
[   18.835793] random: 7 urandom warning(s) missed due to ratelimiting
[   19.566980] broken atomic modeset userspace detected, disabling atomic
[   19.777373] macb ff0e0000.ethernet eth0: Link is Up - 1Gbps/Full - flow control off
[   19.777396] IPv6: ADDRCONF(NETDEV_CHANGE): eth0: link becomes ready
[   22.247602] broken atomic modeset userspace detected, disabling atomic
[   25.111596] broken atomic modeset userspace detected, disabling atomic