[    0.000000] Machine model: ZynqMP ZCU102 Rev1.0
[    0.000000] earlycon: cdns0 at MMIO 0x00000000ff000000 (options '115200n8')
[    0.000000] printk: bootconsole [cdns0] enabled
[    0.000000] efi: UEFI not found.
[    0.000000] cma: Reserved 256 MiB at 0x0000000070000000
[    0.000000] Zone ranges:
[    0.000000]   DMA      [mem 0x0000000000000000-0x000000003fffffff]
[    0.000000]   DMA32    [mem 0x0000000040000000-0x00000000ffffffff]
[    0.000000]   Normal   [mem 0x0000000100000000-0x000000087fffffff]
[    0.000000] Movable zone start for each node
[    0.000000] Early memory node ranges
[    0.000000]   node   0: [mem 0x0000000000000000-0x000000007fffffff]
[    0.000000]   node   0: [mem 0x0000000800000000-0x000000087fffffff]
[    0.000000] Initmem setup node 0 [mem 0x0000000000000000-0x000000087fffffff]
[    0.000000] On node 0 totalpages: 1048576
[    0.000000]   DMA zone: 3584 pages used for memmap
[    0.000000]   DMA zone: 0 pages reserved
[    0.000000]   DMA zone: 262144 pages, LIFO batch:63
[    0.000000]   DMA32 zone: 3584 pages used for memmap
[    0.000000]   DMA32 zone: 262144 pages, LIFO batch:63
[    0.000000]   Normal zone: 7168 pages used for memmap
[    0.000000]   Normal zone: 524288 pages, LIFO batch:63
[    0.000000] psci: probing for conduit method from DT.
[    0.000000] psci: PSCIv1.1 detected in firmware.
[    0.000000] psci: Using standard PSCI v0.2 function IDs
[    0.000000] psci: MIGRATE_INFO_TYPE not supported.
[    0.000000] psci: SMC Calling Convention v1.2
[    0.000000] percpu: Embedded 22 pages/cpu s49496 r8192 d32424 u90112
[    0.000000] pcpu-alloc: s49496 r8192 d32424 u90112 alloc=22*4096
[    0.000000] pcpu-alloc: [0] 0 [0] 1 [0] 2 [0] 3 
[    0.000000] Detected VIPT I-cache on CPU0
[    0.000000] CPU features: detected: ARM erratum 845719
[    0.000000] Built 1 zonelists, mobility grouping on.  Total pages: 1034240
[    0.000000] Kernel command line: console=ttyPS0,115200 root=/dev/mmcblk0p2 rw earlycon rootfstype=ext4 rootwait clk_ignore_unused cpuidle.off=1 root=/dev/mmcblk0p2 rw rootwait
[    0.000000] Dentry cache hash table entries: 524288 (order: 10, 4194304 bytes, linear)
[    0.000000] Inode-cache hash table entries: 262144 (order: 9, 2097152 bytes, linear)
[    0.000000] mem auto-init: stack:off, heap alloc:off, heap free:off
[    0.000000] software IO TLB: mapped [mem 0x000000003bfff000-0x000000003ffff000] (64MB)
[    0.000000] Memory: 3761904K/4194304K available (15296K kernel code, 1636K rwdata, 11876K rodata, 2560K init, 507K bss, 170256K reserved, 262144K cma-reserved)
[    0.000000] rcu: Hierarchical RCU implementation.
[    0.000000] rcu: 	RCU event tracing is enabled.
[    0.000000] rcu: 	RCU restricting CPUs from NR_CPUS=8 to nr_cpu_ids=4.
[    0.000000] rcu: RCU calculated value of scheduler-enlistment delay is 25 jiffies.
[    0.000000] rcu: Adjusting geometry for rcu_fanout_leaf=16, nr_cpu_ids=4
[    0.000000] NR_IRQS: 64, nr_irqs: 64, preallocated irqs: 0
[    0.000000] GIC: Adjusting CPU interface base to 0x00000000f902f000
[    0.000000] GIC: Using split EOI/Deactivate mode
[    0.000000] random: get_random_bytes called from start_kernel+0x31c/0x54c with crng_init=0
[    0.000000] arch_timer: cp15 timer(s) running at 100.00MHz (phys).
[    0.000000] clocksource: arch_sys_counter: mask: 0xffffffffffffff max_cycles: 0x171024e7e0, max_idle_ns: 440795205315 ns
[    0.000004] sched_clock: 56 bits at 100MHz, resolution 10ns, wraps every 4398046511100ns
[    0.008463] Console: colour dummy device 80x25
[    0.012483] Calibrating delay loop (skipped), value calculated using timer frequency.. 200.00 BogoMIPS (lpj=400000)
[    0.022841] pid_max: default: 32768 minimum: 301
[    0.027550] Mount-cache hash table entries: 8192 (order: 4, 65536 bytes, linear)
[    0.034789] Mountpoint-cache hash table entries: 8192 (order: 4, 65536 bytes, linear)
[    0.043394] rcu: Hierarchical SRCU implementation.
[    0.047559] EFI services will not be available.
[    0.051938] smp: Bringing up secondary CPUs ...
[    0.056661] Detected VIPT I-cache on CPU1
[    0.056700] CPU1: Booted secondary processor 0x0000000001 [0x410fd034]
[    0.057065] Detected VIPT I-cache on CPU2
[    0.057089] CPU2: Booted secondary processor 0x0000000002 [0x410fd034]
[    0.057428] Detected VIPT I-cache on CPU3
[    0.057451] CPU3: Booted secondary processor 0x0000000003 [0x410fd034]
[    0.057497] smp: Brought up 1 node, 4 CPUs
[    0.091780] SMP: Total of 4 processors activated.
[    0.096452] CPU features: detected: 32-bit EL0 Support
[    0.101556] CPU features: detected: CRC32 instructions
[    0.106695] CPU: All CPU(s) started at EL2
[    0.110737] alternatives: patching kernel code
[    0.116169] devtmpfs: initialized
[    0.124051] Registered cp15_barrier emulation handler
[    0.124101] Registered setend emulation handler
[    0.128084] clocksource: jiffies: mask: 0xffffffff max_cycles: 0xffffffff, max_idle_ns: 7645041785100000 ns
[    0.137662] futex hash table entries: 1024 (order: 4, 65536 bytes, linear)
[    0.151036] pinctrl core: initialized pinctrl subsystem
[    0.151680] NET: Registered protocol family 16
[    0.156105] DMA: preallocated 512 KiB GFP_KERNEL pool for atomic allocations
[    0.162117] DMA: preallocated 512 KiB GFP_KERNEL|GFP_DMA pool for atomic allocations
[    0.169842] DMA: preallocated 512 KiB GFP_KERNEL|GFP_DMA32 pool for atomic allocations
[    0.177646] audit: initializing netlink subsys (disabled)
[    0.183097] audit: type=2000 audit(0.116:1): state=initialized audit_enabled=0 res=1
[    0.183439] hw-breakpoint: found 6 breakpoint and 4 watchpoint registers.
[    0.197473] ASID allocator initialised with 65536 entries
[    0.224364] HugeTLB registered 1.00 GiB page size, pre-allocated 0 pages
[    0.225421] HugeTLB registered 32.0 MiB page size, pre-allocated 0 pages
[    0.232091] HugeTLB registered 2.00 MiB page size, pre-allocated 0 pages
[    0.238755] HugeTLB registered 64.0 KiB page size, pre-allocated 0 pages
[    1.304328] DRBG: Continuing without Jitter RNG
[    1.382148] raid6: neonx8   gen()  2144 MB/s
[    1.450193] raid6: neonx8   xor()  1599 MB/s
[    1.518253] raid6: neonx4   gen()  2194 MB/s
[    1.586305] raid6: neonx4   xor()  1567 MB/s
[    1.654370] raid6: neonx2   gen()  2076 MB/s
[    1.722421] raid6: neonx2   xor()  1439 MB/s
[    1.790482] raid6: neonx1   gen()  1771 MB/s
[    1.858530] raid6: neonx1   xor()  1220 MB/s
[    1.926588] raid6: int64x8  gen()  1438 MB/s
[    1.994644] raid6: int64x8  xor()   771 MB/s
[    2.062707] raid6: int64x4  gen()  1599 MB/s
[    2.130768] raid6: int64x4  xor()   817 MB/s
[    2.198835] raid6: int64x2  gen()  1397 MB/s
[    2.266881] raid6: int64x2  xor()   750 MB/s
[    2.334965] raid6: int64x1  gen()  1034 MB/s
[    2.403019] raid6: int64x1  xor()   517 MB/s
[    2.403058] raid6: using algorithm neonx4 gen() 2194 MB/s
[    2.407013] raid6: .... xor() 1567 MB/s, rmw enabled
[    2.411944] raid6: using neon recovery algorithm
[    2.416955] iommu: Default domain type: Translated 
[    2.421567] SCSI subsystem initialized
[    2.425113] libata version 3.00 loaded.
[    2.425237] usbcore: registered new interface driver usbfs
[    2.430570] usbcore: registered new interface driver hub
[    2.435843] usbcore: registered new device driver usb
[    2.440977] mc: Linux media interface: v0.10
[    2.445090] videodev: Linux video capture interface: v2.00
[    2.450584] EDAC MC: Ver: 3.0.0
[    2.454021] zynqmp-ipi-mbox mailbox@ff990400: Registered ZynqMP IPI mbox with TX/RX channels.
[    2.462523] jesd204: created con: id=0, topo=0, link=0, /axi/spi@ff050000/hmc7044@0 <-> /fpga-axi@0/axi-adxcvr-tx@84b60000
[    2.473112] jesd204: created con: id=1, topo=0, link=2, /axi/spi@ff050000/hmc7044@0 <-> /fpga-axi@0/axi-adxcvr-rx@84a60000
[    2.484096] jesd204: created con: id=2, topo=0, link=0, /fpga-axi@0/axi-adxcvr-tx@84b60000 <-> /fpga-axi@0/axi-jesd204-tx@84b90000
[    2.495772] jesd204: created con: id=3, topo=0, link=2, /fpga-axi@0/axi-adxcvr-rx@84a60000 <-> /fpga-axi@0/axi-jesd204-rx@84a90000
[    2.507449] jesd204: created con: id=4, topo=0, link=0, /fpga-axi@0/axi-jesd204-tx@84b90000 <-> /fpga-axi@0/axi-ad9081-tx-hpc@84b10000
[    2.519477] jesd204: created con: id=5, topo=0, link=2, /fpga-axi@0/axi-jesd204-rx@84a90000 <-> /fpga-axi@0/axi-ad9081-rx-hpc@84a10000
[    2.531499] jesd204: created con: id=6, topo=0, link=2, /fpga-axi@0/axi-ad9081-rx-hpc@84a10000 <-> /axi/spi@ff040000/ad9081@0
[    2.542741] jesd204: created con: id=7, topo=0, link=0, /fpga-axi@0/axi-ad9081-tx-hpc@84b10000 <-> /axi/spi@ff040000/ad9081@0
[    2.553991] jesd204: /axi/spi@ff040000/ad9081@0: JESD204[2] transition uninitialized -> initialized
[    2.562977] jesd204: /axi/spi@ff040000/ad9081@0: JESD204[0] transition uninitialized -> initialized
[    2.571968] jesd204: found 8 devices and 1 topologies
[    2.577013] FPGA manager framework
[    2.580491] Advanced Linux Sound Architecture Driver Initialized.
[    2.586786] Bluetooth: Core ver 2.22
[    2.589972] NET: Registered protocol family 31
[    2.594373] Bluetooth: HCI device and connection manager initialized
[    2.600689] Bluetooth: HCI socket layer initialized
[    2.605532] Bluetooth: L2CAP socket layer initialized
[    2.610555] Bluetooth: SCO socket layer initialized
[    2.615742] clocksource: Switched to clocksource arch_sys_counter
[    2.621547] VFS: Disk quotas dquot_6.6.0
[    2.625382] VFS: Dquot-cache hash table entries: 512 (order 0, 4096 bytes)
[    2.636106] NET: Registered protocol family 2
[    2.636828] tcp_listen_portaddr_hash hash table entries: 2048 (order: 3, 32768 bytes, linear)
[    2.645023] TCP established hash table entries: 32768 (order: 6, 262144 bytes, linear)
[    2.653048] TCP bind hash table entries: 32768 (order: 7, 524288 bytes, linear)
[    2.660494] TCP: Hash tables configured (established 32768 bind 32768)
[    2.666668] UDP hash table entries: 2048 (order: 4, 65536 bytes, linear)
[    2.673334] UDP-Lite hash table entries: 2048 (order: 4, 65536 bytes, linear)
[    2.680493] NET: Registered protocol family 1
[    2.684950] RPC: Registered named UNIX socket transport module.
[    2.690567] RPC: Registered udp transport module.
[    2.695234] RPC: Registered tcp transport module.
[    2.699903] RPC: Registered tcp NFSv4.1 backchannel transport module.
[    2.706897] PCI: CLS 0 bytes, default 64
[    2.710588] hw perfevents: no interrupt-affinity property for /pmu, guessing.
[    2.717453] hw perfevents: enabled with armv8_pmuv3 PMU driver, 7 counters available
[    2.725804] Initialise system trusted keyrings
[    2.729480] workingset: timestamp_bits=62 max_order=20 bucket_order=0
[    2.736383] NFS: Registering the id_resolver key type
[    2.740833] Key type id_resolver registered
[    2.744971] Key type id_legacy registered
[    2.748962] nfs4filelayout_init: NFSv4 File Layout Driver Registering...
[    2.755628] jffs2: version 2.2. (NAND) (SUMMARY)  Â© 2001-2006 Red Hat, Inc.
[    2.797407] NET: Registered protocol family 38
[    2.797451] xor: measuring software checksum speed
[    2.805138]    8regs           :  2363 MB/sec
[    2.808807]    32regs          :  2799 MB/sec
[    2.813749]    arm64_neon      :  2380 MB/sec
[    2.813939] xor: using function: 32regs (2799 MB/sec)
[    2.818965] Key type asymmetric registered
[    2.823027] Asymmetric key parser 'x509' registered
[    2.827888] Block layer SCSI generic (bsg) driver version 0.4 loaded (major 248)
[    2.835225] io scheduler mq-deadline registered
[    2.839720] io scheduler kyber registered
[    2.869113] Serial: 8250/16550 driver, 4 ports, IRQ sharing disabled
[    2.873748] cacheinfo: Unable to detect cache hierarchy for CPU 0
[    2.880087] brd: module loaded
[    2.884241] loop: module loaded
[    2.884785] Registered mathworks_ip class
[    2.888115] libphy: Fixed MDIO Bus: probed
[    2.891084] tun: Universal TUN/TAP device driver, 1.6
[    2.895170] CAN device driver interface
[    2.899693] usbcore: registered new interface driver asix
[    2.904287] usbcore: registered new interface driver ax88179_178a
[    2.910326] usbcore: registered new interface driver cdc_ether
[    2.916120] usbcore: registered new interface driver net1080
[    2.921743] usbcore: registered new interface driver cdc_subset
[    2.927625] usbcore: registered new interface driver zaurus
[    2.933170] usbcore: registered new interface driver cdc_ncm
[    2.939570] ehci_hcd: USB 2.0 'Enhanced' Host Controller (EHCI) Driver
[    2.945253] ehci-pci: EHCI PCI platform driver
[    2.950054] usbcore: registered new interface driver uas
[    2.954972] usbcore: registered new interface driver usb-storage
[    2.960960] usbcore: registered new interface driver usbserial_generic
[    2.967409] usbserial: USB Serial support registered for generic
[    2.973382] usbcore: registered new interface driver ftdi_sio
[    2.979085] usbserial: USB Serial support registered for FTDI USB Serial Device
[    2.986361] usbcore: registered new interface driver upd78f0730
[    2.992232] usbserial: USB Serial support registered for upd78f0730
[    2.999915] rtc_zynqmp ffa60000.rtc: registered as rtc0
[    3.003650] rtc_zynqmp ffa60000.rtc: setting system clock to 2022-03-26T02:11:20 UTC (1648260680)
[    3.012523] i2c /dev entries driver
[    3.017825] usbcore: registered new interface driver uvcvideo
[    3.021633] USB Video Class driver (1.1.1)
[    3.027206] Bluetooth: HCI UART driver ver 2.3
[    3.030116] Bluetooth: HCI UART protocol H4 registered
[    3.035214] Bluetooth: HCI UART protocol BCSP registered
[    3.040502] Bluetooth: HCI UART protocol LL registered
[    3.045591] Bluetooth: HCI UART protocol ATH3K registered
[    3.050967] Bluetooth: HCI UART protocol Three-wire (H5) registered
[    3.057221] Bluetooth: HCI UART protocol Intel registered
[    3.062557] Bluetooth: HCI UART protocol QCA registered
[    3.067760] usbcore: registered new interface driver bcm203x
[    3.073381] usbcore: registered new interface driver bpa10x
[    3.078915] usbcore: registered new interface driver bfusb
[    3.084367] usbcore: registered new interface driver btusb
[    3.089830] usbcore: registered new interface driver ath3k
[    3.095311] EDAC MC: ECC not enabled
[    3.098940] EDAC DEVICE0: Giving out device to module zynqmp-ocm-edac controller zynqmp_ocm: DEV ff960000.memory-controller (INTERRUPT)
[    3.111250] sdhci: Secure Digital Host Controller Interface driver
[    3.117040] sdhci: Copyright(c) Pierre Ossman
[    3.121366] sdhci-pltfm: SDHCI platform and OF driver helper
[    3.127418] ledtrig-cpu: registered to indicate activity on CPUs
[    3.132975] SMCCC: SOC_ID: ARCH_SOC_ID not implemented, skipping ....
[    3.139394] zynqmp_firmware_probe Platform Management API v1.1
[    3.145156] zynqmp_firmware_probe Trustzone version v1.0
[    3.184699] zynqmp-pinctrl firmware:zynqmp-firmware:pinctrl: zynqmp pinctrl initialized
[    3.232698] zynqmp-aes firmware:zynqmp-firmware:zynqmp-aes: will run requests pump with realtime priority
[    3.248567] alg: No test for xilinx-keccak-384 (zynqmp-keccak-384)
[    3.249273] alg: No test for xilinx-zynqmp-rsa (zynqmp-rsa)
[    3.254785] usbcore: registered new interface driver usbhid
[    3.260175] usbhid: USB HID core driver
[    3.271387] axi_sysid 85000000.axi-sysid-0: AXI System ID core version (1.01.a) found
[    3.273753] axi_sysid 85000000.axi-sysid-0: [ad9081_fmca_ebz] on [zcu102] git branch <master> git <084d44c9780640ca93fd847b1d9ec70dd65f5c67> clean [2022-03-18 04:17:50] UTC
[    3.289422] fpga_manager fpga0: Xilinx ZynqMP FPGA Manager registered
[    3.295799] usbcore: registered new interface driver snd-usb-audio
[    3.303217] pktgen: Packet Generator for packet performance testing. Version: 2.75
[    3.309429] Initializing XFRM netlink socket
[    3.313276] NET: Registered protocol family 10
[    3.317980] Segment Routing with IPv6
[    3.321358] sit: IPv6, IPv4 and MPLS over IPv4 tunneling driver
[    3.327443] NET: Registered protocol family 17
[    3.331538] NET: Registered protocol family 15
[    3.336030] can: controller area network core
[    3.340296] NET: Registered protocol family 29
[    3.344679] can: raw protocol
[    3.347611] can: broadcast manager protocol
[    3.351774] can: netlink gateway - max_hops=1
[    3.356165] Bluetooth: RFCOMM TTY layer initialized
[    3.360945] Bluetooth: RFCOMM socket layer initialized
[    3.366052] Bluetooth: RFCOMM ver 1.11
[    3.369766] Bluetooth: BNEP (Ethernet Emulation) ver 1.3
[    3.375035] Bluetooth: BNEP filters: protocol multicast
[    3.380227] Bluetooth: BNEP socket layer initialized
[    3.385157] Bluetooth: HIDP (Human Interface Emulation) ver 1.2
[    3.391040] Bluetooth: HIDP socket layer initialized
[    3.396093] 9pnet: Installing 9P2000 support
[    3.400218] NET: Registered protocol family 36
[    3.404633] Key type dns_resolver registered
[    3.409072] registered taskstats version 1
[    3.412930] Loading compiled-in X.509 certificates
[    3.418048] Btrfs loaded, crc32c=crc32c-generic
[    3.430445] ff000000.serial: ttyPS0 at MMIO 0xff000000 (irq = 49, base_baud = 6249999) is a xuartps
[    3.439463] printk: console [ttyPS0] enabled
[    3.443764] printk: bootconsole [cdns0] disabled
[    3.453386] ff010000.serial: ttyPS1 at MMIO 0xff010000 (irq = 50, base_baud = 6249999) is a xuartps
[    3.466621] of-fpga-region fpga-full: FPGA Region probed
[    3.473577] nwl-pcie fd0e0000.pcie: host bridge /axi/pcie@fd0e0000 ranges:
[    3.480477] nwl-pcie fd0e0000.pcie:      MEM 0x00e0000000..0x00efffffff -> 0x00e0000000
[    3.488481] nwl-pcie fd0e0000.pcie:      MEM 0x0600000000..0x07ffffffff -> 0x0600000000
[    3.496541] nwl-pcie fd0e0000.pcie: Link is DOWN
[    3.501304] nwl-pcie fd0e0000.pcie: PCI host bridge to bus 0000:00
[    3.507487] pci_bus 0000:00: root bus resource [bus 00-ff]
[    3.512969] pci_bus 0000:00: root bus resource [mem 0xe0000000-0xefffffff]
[    3.519838] pci_bus 0000:00: root bus resource [mem 0x600000000-0x7ffffffff pref]
[    3.527344] pci 0000:00:00.0: [10ee:d021] type 01 class 0x060400
[    3.533398] pci 0000:00:00.0: PME# supported from D0 D1 D2 D3hot
[    3.543839] pci 0000:00:00.0: PCI bridge to [bus 01-0c]
[    3.549824] xilinx-zynqmp-dma fd500000.dma: ZynqMP DMA driver Probe success
[    3.556990] xilinx-zynqmp-dma fd510000.dma: ZynqMP DMA driver Probe success
[    3.564165] xilinx-zynqmp-dma fd520000.dma: ZynqMP DMA driver Probe success
[    3.571338] xilinx-zynqmp-dma fd530000.dma: ZynqMP DMA driver Probe success
[    3.578511] xilinx-zynqmp-dma fd540000.dma: ZynqMP DMA driver Probe success
[    3.585674] xilinx-zynqmp-dma fd550000.dma: ZynqMP DMA driver Probe success
[    3.592850] xilinx-zynqmp-dma fd560000.dma: ZynqMP DMA driver Probe success
[    3.600018] xilinx-zynqmp-dma fd570000.dma: ZynqMP DMA driver Probe success
[    3.607416] xilinx-zynqmp-dpdma fd4c0000.dma-controller: Xilinx DPDMA engine is probed
[    3.615970] ahci-ceva fd0c0000.ahci: supply ahci not found, using dummy regulator
[    3.623507] ahci-ceva fd0c0000.ahci: supply phy not found, using dummy regulator
[    3.711912] hmc7044 spi2.0: PLL1: Acquisition, CLKIN0 @ 122880000 Hz, PFD: 80 kHz - PLL2: Locked @ 2480.000000 MHz
[    3.722638] jesd204: /axi/spi@ff050000/hmc7044@0,jesd204:1,parent=spi2.0: Using as SYSREF provider
[    3.732228] spi-nor spi0.0: SPI-NOR-UniqueID 100000235394732200270025081115266e
[    3.739538] spi-nor spi0.0: found n25q512a, expected m25p80
[    3.745747] spi-nor spi0.0: trying to lock already unlocked area
[    3.751750] spi-nor spi0.0: n25q512a (131072 Kbytes)
[    3.756733] 4 fixed-partitions partitions found on MTD device spi0.0
[    3.763081] Creating 4 MTD partitions on "spi0.0":
[    3.767865] 0x000000000000-0x000000100000 : "qspi-fsbl-uboot"
[    3.774347] 0x000000100000-0x000000600000 : "qspi-linux"
[    3.780302] 0x000000600000-0x000000620000 : "qspi-device-tree"
[    3.786776] 0x000000620000-0x000000c00000 : "qspi-rootfs"
[    3.795255] macb ff0e0000.ethernet: Not enabling partial store and forward
[    3.802770] libphy: MACB_mii_bus: probed
[    3.807826] macb ff0e0000.ethernet eth0: Cadence GEM rev 0x50070106 at 0xff0e0000 irq 30 (00:0a:35:04:8e:1b)
[    3.818038] xilinx-axipmon ffa00000.perf-monitor: Probed Xilinx APM
[    3.824618] xilinx-axipmon fd0b0000.perf-monitor: Probed Xilinx APM
[    3.831138] xilinx-axipmon fd490000.perf-monitor: Probed Xilinx APM
[    3.837676] xilinx-axipmon ffa10000.perf-monitor: Probed Xilinx APM
[    3.847666] pca953x 0-0020: supply vcc not found, using dummy regulator
[    3.854346] pca953x 0-0020: using no AI
[    3.858826] gpio-496 (sel0): hogged as output/low
[    3.863728] gpio-497 (sel1): hogged as output/high
[    3.868715] gpio-498 (sel2): hogged as output/high
[    3.873702] gpio-499 (sel3): hogged as output/high
[    3.878886] pca953x 0-0021: supply vcc not found, using dummy regulator
[    3.885557] pca953x 0-0021: using no AI
[    3.891312] ina2xx 2-0040: power monitor ina226 (Rshunt = 5000 uOhm)
[    3.898333] ina2xx 2-0041: power monitor ina226 (Rshunt = 5000 uOhm)
[    3.905363] ina2xx 2-0042: power monitor ina226 (Rshunt = 5000 uOhm)
[    3.912398] ina2xx 2-0043: power monitor ina226 (Rshunt = 5000 uOhm)
[    3.919429] ina2xx 2-0044: power monitor ina226 (Rshunt = 5000 uOhm)
[    3.926456] ina2xx 2-0045: power monitor ina226 (Rshunt = 5000 uOhm)
[    3.933482] ina2xx 2-0046: power monitor ina226 (Rshunt = 5000 uOhm)
[    3.940555] ina2xx 2-0047: power monitor ina226 (Rshunt = 5000 uOhm)
[    3.947592] ina2xx 2-004a: power monitor ina226 (Rshunt = 5000 uOhm)
[    3.954617] ina2xx 2-004b: power monitor ina226 (Rshunt = 5000 uOhm)
[    3.961029] i2c i2c-0: Added multiplexed i2c bus 2
[    3.966411] random: fast init done
[    3.969879] ina2xx 3-0040: power monitor ina226 (Rshunt = 2000 uOhm)
[    3.976908] ina2xx 3-0041: power monitor ina226 (Rshunt = 5000 uOhm)
[    3.983937] ina2xx 3-0042: power monitor ina226 (Rshunt = 5000 uOhm)
[    3.990966] ina2xx 3-0043: power monitor ina226 (Rshunt = 5000 uOhm)
[    3.997989] ina2xx 3-0044: power monitor ina226 (Rshunt = 5000 uOhm)
[    4.005014] ina2xx 3-0045: power monitor ina226 (Rshunt = 5000 uOhm)
[    4.012049] ina2xx 3-0046: power monitor ina226 (Rshunt = 5000 uOhm)
[    4.019078] ina2xx 3-0047: power monitor ina226 (Rshunt = 5000 uOhm)
[    4.025479] i2c i2c-0: Added multiplexed i2c bus 3
[    4.081768] i2c i2c-0: Added multiplexed i2c bus 4
[    4.086708] i2c i2c-0: Added multiplexed i2c bus 5
[    4.091495] pca954x 0-0075: registered 4 multiplexed busses for I2C mux pca9544
[    4.098844] cdns-i2c ff020000.i2c: 400 kHz mmio ff020000 irq 32
[    4.106582] at24 6-0054: supply vcc not found, using dummy regulator
[    4.113470] at24 6-0054: 1024 byte 24c08 EEPROM, writable, 1 bytes/write
[    4.120224] i2c i2c-1: Added multiplexed i2c bus 6
[    4.126655] si5341 7-0036: Chip: 5341 Grade: 1 Rev: 1
[    4.164370] i2c i2c-1: Added multiplexed i2c bus 7
[    4.172033] si570 8-005d: registered, current frequency 300000000 Hz
[    4.178428] i2c i2c-1: Added multiplexed i2c bus 8
[    4.198216] si570 9-005d: registered, current frequency 148500000 Hz
[    4.204619] i2c i2c-1: Added multiplexed i2c bus 9
[    4.209658] si5324 10-0069: si5328 probed
[    4.276107] si5324 10-0069: si5328 probe successful
[    4.281040] i2c i2c-1: Added multiplexed i2c bus 10
[    4.286077] i2c i2c-1: Added multiplexed i2c bus 11
[    4.291098] i2c i2c-1: Added multiplexed i2c bus 12
[    4.296124] i2c i2c-1: Added multiplexed i2c bus 13
[    4.301004] pca954x 1-0074: registered 8 multiplexed busses for I2C switch pca9548
[    4.309114] at24 14-0050: supply vcc not found, using dummy regulator
[    4.315902] at24 14-0050: 256 byte 24c02 EEPROM, writable, 1 bytes/write
[    4.322648] i2c i2c-1: Added multiplexed i2c bus 14
[    4.327684] i2c i2c-1: Added multiplexed i2c bus 15
[    4.332722] i2c i2c-1: Added multiplexed i2c bus 16
[    4.337755] i2c i2c-1: Added multiplexed i2c bus 17
[    4.342793] i2c i2c-1: Added multiplexed i2c bus 18
[    4.347840] i2c i2c-1: Added multiplexed i2c bus 19
[    4.352878] i2c i2c-1: Added multiplexed i2c bus 20
[    4.357913] i2c i2c-1: Added multiplexed i2c bus 21
[    4.362787] pca954x 1-0075: registered 8 multiplexed busses for I2C switch pca9548
[    4.370397] cdns-i2c ff030000.i2c: 400 kHz mmio ff030000 irq 33
[    4.380138] cdns-wdt fd4d0000.watchdog: Xilinx Watchdog Timer with timeout 60s
[    4.393107] axi_adxcvr 84a60000.axi-adxcvr-rx: AXI-ADXCVR-RX (17.05.a) using CPLL on GTH4 at 0x84A60000. Number of lanes: 4.
[    4.405239] axi_adxcvr 84b60000.axi-adxcvr-tx: AXI-ADXCVR-TX (17.05.a) using QPLL on GTH4 at 0x84B60000. Number of lanes: 4.
[    4.416876] axi-jesd204-rx 84a90000.axi-jesd204-rx: AXI-JESD204-RX (1.07.a) at 0x84A90000. Encoder 8b10b, width 4/4, lanes 4, jesd204-fsm.
[    4.423246] mmc0: SDHCI controller on ff170000.mmc [ff170000.mmc] using ADMA 64-bit
[    4.429715] axi-jesd204-tx 84b90000.axi-jesd204-tx: AXI-JESD204-TX (1.06.a) at 0x84B90000. Encoder 8b10b, width 4/4, lanes 4, jesd204-fsm.
[    4.450443] zynqmp-display fd4a0000.display: vtc bridge property not present
[    4.460103] xilinx-dp-snd-codec fd4a0000.display:zynqmp_dp_snd_codec0: Failed to get required clock freq
[    4.469603] xilinx-dp-snd-codec: probe of fd4a0000.display:zynqmp_dp_snd_codec0 failed with error -22
[    4.472097] mmc0: new high speed SDHC card at address 0001
[    4.479144] xilinx-dp-snd-pcm zynqmp_dp_snd_pcm0: Xilinx DisplayPort Sound PCM probed
[    4.484663] mmcblk0: mmc0:0001 EB1QT 29.8 GiB 
[    4.492462] xilinx-dp-snd-pcm zynqmp_dp_snd_pcm1: Xilinx DisplayPort Sound PCM probed
[    4.504753] OF: graph: no port node found in /axi/display@fd4a0000
[    4.511145] xlnx-drm xlnx-drm.0: bound fd4a0000.display (ops 0xffffffc010fcbdb8)
[    4.511870]  mmcblk0: p1 p2 p3
[    5.595760] zynqmp-display fd4a0000.display: [drm] Cannot find any crtc or sizes
[    5.603377] [drm] Initialized xlnx 1.0.0 20130509 for fd4a0000.display on minor 0
[    5.610871] zynqmp-display fd4a0000.display: ZynqMP DisplayPort Subsystem driver probed
[    5.619215] ahci-ceva fd0c0000.ahci: supply ahci not found, using dummy regulator
[    5.626765] ahci-ceva fd0c0000.ahci: supply phy not found, using dummy regulator
[    5.634216] ahci-ceva fd0c0000.ahci: supply target not found, using dummy regulator
[    5.652108] ahci-ceva fd0c0000.ahci: AHCI 0001.0301 32 slots 2 ports 6 Gbps 0x3 impl platform mode
[    5.661067] ahci-ceva fd0c0000.ahci: flags: 64bit ncq sntf pm clo only pmp fbs pio slum part ccc sds apst 
[    5.671693] scsi host0: ahci-ceva
[    5.675279] scsi host1: ahci-ceva
[    5.678700] ata1: SATA max UDMA/133 mmio [mem 0xfd0c0000-0xfd0c1fff] port 0x100 irq 45
[    5.686615] ata2: SATA max UDMA/133 mmio [mem 0xfd0c0000-0xfd0c1fff] port 0x180 irq 45
[    5.695219] ad9081 spi1.0: supply vdd not found, using dummy regulator
[    6.005953] ata1: SATA link down (SStatus 0 SControl 330)
[    6.016426] ata2: SATA link down (SStatus 0 SControl 330)
[    6.679761] zynqmp-display fd4a0000.display: [drm] Cannot find any crtc or sizes
[    7.515749] ad9081 spi1.0: AD9081 Rev. 2 Grade 10 (API 1.2.2) probed
[    7.522951] xhci-hcd xhci-hcd.1.auto: xHCI Host Controller
[    7.528449] xhci-hcd xhci-hcd.1.auto: new USB bus registered, assigned bus number 1
[    7.536195] xhci-hcd xhci-hcd.1.auto: hcc params 0x0238f625 hci version 0x100 quirks 0x0000000002010810
[    7.545620] xhci-hcd xhci-hcd.1.auto: irq 59, io mem 0xfe200000
[    7.551726] usb usb1: New USB device found, idVendor=1d6b, idProduct=0002, bcdDevice= 5.10
[    7.559992] usb usb1: New USB device strings: Mfr=3, Product=2, SerialNumber=1
[    7.567205] usb usb1: Product: xHCI Host Controller
[    7.572072] usb usb1: Manufacturer: Linux 5.10.0-98103-g2aa7ac113716 xhci-hcd
[    7.579200] usb usb1: SerialNumber: xhci-hcd.1.auto
[    7.584378] hub 1-0:1.0: USB hub found
[    7.588144] hub 1-0:1.0: 1 port detected
[    7.592249] xhci-hcd xhci-hcd.1.auto: xHCI Host Controller
[    7.597737] xhci-hcd xhci-hcd.1.auto: new USB bus registered, assigned bus number 2
[    7.605392] xhci-hcd xhci-hcd.1.auto: Host supports USB 3.0 SuperSpeed
[    7.612012] usb usb2: New USB device found, idVendor=1d6b, idProduct=0003, bcdDevice= 5.10
[    7.620269] usb usb2: New USB device strings: Mfr=3, Product=2, SerialNumber=1
[    7.627486] usb usb2: Product: xHCI Host Controller
[    7.632358] usb usb2: Manufacturer: Linux 5.10.0-98103-g2aa7ac113716 xhci-hcd
[    7.639482] usb usb2: SerialNumber: xhci-hcd.1.auto
[    7.644594] hub 2-0:1.0: USB hub found
[    7.648353] hub 2-0:1.0: 1 port detected
[    7.678399] cf_axi_adc 84a10000.axi-ad9081-rx-hpc: ADI AIM (10.01.b) at 0x84A10000 mapped to 0x(____ptrval____), probed ADC AD9081 as MASTER
[    7.708582] cf_axi_dds 84b10000.axi-ad9081-tx-hpc: Analog Devices CF_AXI_DDS_DDS MASTER (9.01.b) at 0x84B10000 mapped to 0x(____ptrval____), probed DDS AD9081
[    7.722786] jesd204: /axi/spi@ff040000/ad9081@0,jesd204:0,parent=spi1.0: JESD204[2] transition initialized -> probed
[    7.733304] jesd204: /axi/spi@ff040000/ad9081@0,jesd204:0,parent=spi1.0: JESD204[0] transition initialized -> probed
[    7.743828] jesd204: /axi/spi@ff040000/ad9081@0,jesd204:0,parent=spi1.0: JESD204[2] transition probed -> idle
[    7.753734] jesd204: /axi/spi@ff040000/ad9081@0,jesd204:0,parent=spi1.0: JESD204[0] transition probed -> idle
[    7.763654] jesd204: /axi/spi@ff040000/ad9081@0,jesd204:0,parent=spi1.0: JESD204[2] transition idle -> device_init
[    7.774003] jesd204: /axi/spi@ff040000/ad9081@0,jesd204:0,parent=spi1.0: JESD204[0] transition idle -> device_init
[    7.784354] jesd204: /axi/spi@ff040000/ad9081@0,jesd204:0,parent=spi1.0: JESD204[2] transition device_init -> link_init
[    7.795129] jesd204: /axi/spi@ff040000/ad9081@0,jesd204:0,parent=spi1.0: JESD204[0] transition device_init -> link_init
[    7.805921] jesd204: /axi/spi@ff040000/ad9081@0,jesd204:0,parent=spi1.0: JESD204[2] transition link_init -> link_supported
[    7.816959] jesd204: /axi/spi@ff040000/ad9081@0,jesd204:0,parent=spi1.0: JESD204[0] transition link_init -> link_supported
[    7.828366] hmc7044 spi2.0: hmc7044_jesd204_link_pre_setup: Link2 forcing continuous SYSREF mode
[    7.837542] jesd204: /axi/spi@ff040000/ad9081@0,jesd204:0,parent=spi1.0: JESD204[2] transition link_supported -> link_pre_setup
[    7.849017] jesd204: /axi/spi@ff040000/ad9081@0,jesd204:0,parent=spi1.0: JESD204[0] transition link_supported -> link_pre_setup
[    7.872789] jesd204: /axi/spi@ff040000/ad9081@0,jesd204:0,parent=spi1.0: JESD204[2] transition link_pre_setup -> clk_sync_stage1
[    7.884351] jesd204: /axi/spi@ff040000/ad9081@0,jesd204:0,parent=spi1.0: JESD204[0] transition link_pre_setup -> clk_sync_stage1
[    7.895917] jesd204: /axi/spi@ff040000/ad9081@0,jesd204:0,parent=spi1.0: JESD204[2] transition clk_sync_stage1 -> clk_sync_stage2
[    7.907567] jesd204: /axi/spi@ff040000/ad9081@0,jesd204:0,parent=spi1.0: JESD204[0] transition clk_sync_stage1 -> clk_sync_stage2
[    7.919213] jesd204: /axi/spi@ff040000/ad9081@0,jesd204:0,parent=spi1.0: JESD204[2] transition clk_sync_stage2 -> clk_sync_stage3
[    7.930858] jesd204: /axi/spi@ff040000/ad9081@0,jesd204:0,parent=spi1.0: JESD204[0] transition clk_sync_stage2 -> clk_sync_stage3
[    7.944583] jesd204: /axi/spi@ff040000/ad9081@0,jesd204:0,parent=spi1.0: JESD204[2] transition clk_sync_stage3 -> link_setup
[    7.955800] jesd204: /axi/spi@ff040000/ad9081@0,jesd204:0,parent=spi1.0: JESD204[0] transition clk_sync_stage3 -> link_setup
[    7.971838] jesd204: /axi/spi@ff040000/ad9081@0,jesd204:0,parent=spi1.0: JESD204[2] transition link_setup -> opt_setup_stage1
[    7.983140] jesd204: /axi/spi@ff040000/ad9081@0,jesd204:0,parent=spi1.0: JESD204[0] transition link_setup -> opt_setup_stage1
[    7.999488] jesd204: /axi/spi@ff040000/ad9081@0,jesd204:0,parent=spi1.0: JESD204[2] transition opt_setup_stage1 -> opt_setup_stage2
[    8.011315] jesd204: /axi/spi@ff040000/ad9081@0,jesd204:0,parent=spi1.0: JESD204[0] transition opt_setup_stage1 -> opt_setup_stage2
[    8.023288] jesd204: /axi/spi@ff040000/ad9081@0,jesd204:0,parent=spi1.0: JESD204[2] transition opt_setup_stage2 -> opt_setup_stage3
[    8.035107] jesd204: /axi/spi@ff040000/ad9081@0,jesd204:0,parent=spi1.0: JESD204[0] transition opt_setup_stage2 -> opt_setup_stage3
[    8.046931] jesd204: /axi/spi@ff040000/ad9081@0,jesd204:0,parent=spi1.0: JESD204[2] transition opt_setup_stage3 -> opt_setup_stage4
[    8.058750] jesd204: /axi/spi@ff040000/ad9081@0,jesd204:0,parent=spi1.0: JESD204[0] transition opt_setup_stage3 -> opt_setup_stage4
[    8.070582] jesd204: /axi/spi@ff040000/ad9081@0,jesd204:0,parent=spi1.0: JESD204[2] transition opt_setup_stage4 -> opt_setup_stage5
[    8.082406] jesd204: /axi/spi@ff040000/ad9081@0,jesd204:0,parent=spi1.0: JESD204[0] transition opt_setup_stage4 -> opt_setup_stage5
[    8.098333] jesd204: /axi/spi@ff040000/ad9081@0,jesd204:0,parent=spi1.0: JESD204[2] transition opt_setup_stage5 -> clocks_enable
[    8.109893] jesd204: /axi/spi@ff040000/ad9081@0,jesd204:0,parent=spi1.0: JESD204[0] transition opt_setup_stage5 -> clocks_enable
[    8.144679] axi_adxcvr 84a60000.axi-adxcvr-rx: adxcvr_clk_enable: CPLL RX buffer underflow error, status: 0x61
[    8.154662] axi_adxcvr 84a60000.axi-adxcvr-rx: adxcvr_clk_enable: CPLL RX buffer overflow error, status: 0x61
[    8.164636] jesd204: /axi/spi@ff040000/ad9081@0,jesd204:0,parent=spi1.0: JESD204[2] transition clocks_enable -> link_enable
[    8.175766] jesd204: /axi/spi@ff040000/ad9081@0,jesd204:0,parent=spi1.0: JESD204[0] transition clocks_enable -> link_enable
[    8.315744] axi-jesd204-rx 84a90000.axi-jesd204-rx: axi_jesd204_rx_jesd204_link_running: Link2 status failed (CGS)
[    8.326095] jesd204: /fpga-axi@0/axi-jesd204-rx@84a90000,jesd204:4,parent=84a90000.axi-jesd204-rx: JESD204[2] In link_running got error from cb: -1
[    8.339306] jesd204: /axi/spi@ff040000/ad9081@0,jesd204:0,parent=spi1.0: Rolling back from 'link_enable', got error -1
[    8.350002] jesd204: /axi/spi@ff040000/ad9081@0,jesd204:0,parent=spi1.0: JESD204[0] transition link_enable -> link_running
[    8.361038] jesd204: /axi/spi@ff040000/ad9081@0,jesd204:0,parent=spi1.0: JESD204[2] transition link_enable -> link_running
[    8.372140] jesd204: /axi/spi@ff040000/ad9081@0,jesd204:0,parent=spi1.0: JESD204[0] transition link_running -> link_enable
[    8.383184] jesd204: /axi/spi@ff040000/ad9081@0,jesd204:0,parent=spi1.0: JESD204[2] transition link_running -> link_enable
[    8.398280] jesd204: /axi/spi@ff040000/ad9081@0,jesd204:0,parent=spi1.0: JESD204[0] transition link_enable -> clocks_enable
[    8.409407] jesd204: /axi/spi@ff040000/ad9081@0,jesd204:0,parent=spi1.0: JESD204[2] transition link_enable -> clocks_enable
[    8.420536] jesd204: /axi/spi@ff040000/ad9081@0,jesd204:0,parent=spi1.0: JESD204[0] transition clocks_enable -> opt_setup_stage5
[    8.432093] jesd204: /axi/spi@ff040000/ad9081@0,jesd204:0,parent=spi1.0: JESD204[2] transition clocks_enable -> opt_setup_stage5
[    8.443662] jesd204: /axi/spi@ff040000/ad9081@0,jesd204:0,parent=spi1.0: JESD204[0] transition opt_setup_stage5 -> opt_setup_stage4
[    8.455486] jesd204: /axi/spi@ff040000/ad9081@0,jesd204:0,parent=spi1.0: JESD204[2] transition opt_setup_stage5 -> opt_setup_stage4
[    8.467312] jesd204: /axi/spi@ff040000/ad9081@0,jesd204:0,parent=spi1.0: JESD204[0] transition opt_setup_stage4 -> opt_setup_stage3
[    8.479133] jesd204: /axi/spi@ff040000/ad9081@0,jesd204:0,parent=spi1.0: JESD204[2] transition opt_setup_stage4 -> opt_setup_stage3
[    8.490955] jesd204: /axi/spi@ff040000/ad9081@0,jesd204:0,parent=spi1.0: JESD204[0] transition opt_setup_stage3 -> opt_setup_stage2
[    8.502774] jesd204: /axi/spi@ff040000/ad9081@0,jesd204:0,parent=spi1.0: JESD204[2] transition opt_setup_stage3 -> opt_setup_stage2
[    8.514600] jesd204: /axi/spi@ff040000/ad9081@0,jesd204:0,parent=spi1.0: JESD204[0] transition opt_setup_stage2 -> opt_setup_stage1
[    8.526419] jesd204: /axi/spi@ff040000/ad9081@0,jesd204:0,parent=spi1.0: JESD204[2] transition opt_setup_stage2 -> opt_setup_stage1
[    8.538246] jesd204: /axi/spi@ff040000/ad9081@0,jesd204:0,parent=spi1.0: JESD204[0] transition opt_setup_stage1 -> link_setup
[    8.549542] jesd204: /axi/spi@ff040000/ad9081@0,jesd204:0,parent=spi1.0: JESD204[2] transition opt_setup_stage1 -> link_setup
[    8.560847] jesd204: /axi/spi@ff040000/ad9081@0,jesd204:0,parent=spi1.0: JESD204[0] transition link_setup -> clk_sync_stage3
[    8.572062] jesd204: /axi/spi@ff040000/ad9081@0,jesd204:0,parent=spi1.0: JESD204[2] transition link_setup -> clk_sync_stage3
[    8.583275] jesd204: /axi/spi@ff040000/ad9081@0,jesd204:0,parent=spi1.0: JESD204[0] transition clk_sync_stage3 -> clk_sync_stage2
[    8.594921] jesd204: /axi/spi@ff040000/ad9081@0,jesd204:0,parent=spi1.0: JESD204[2] transition clk_sync_stage3 -> clk_sync_stage2
[    8.606572] jesd204: /axi/spi@ff040000/ad9081@0,jesd204:0,parent=spi1.0: JESD204[0] transition clk_sync_stage2 -> clk_sync_stage1
[    8.618219] jesd204: /axi/spi@ff040000/ad9081@0,jesd204:0,parent=spi1.0: JESD204[2] transition clk_sync_stage2 -> clk_sync_stage1
[    8.629870] jesd204: /axi/spi@ff040000/ad9081@0,jesd204:0,parent=spi1.0: JESD204[0] transition clk_sync_stage1 -> link_pre_setup
[    8.641428] jesd204: /axi/spi@ff040000/ad9081@0,jesd204:0,parent=spi1.0: JESD204[2] transition clk_sync_stage1 -> link_pre_setup
[    8.652994] jesd204: /axi/spi@ff040000/ad9081@0,jesd204:0,parent=spi1.0: JESD204[0] transition link_pre_setup -> link_supported
[    8.664466] jesd204: /axi/spi@ff040000/ad9081@0,jesd204:0,parent=spi1.0: JESD204[2] transition link_pre_setup -> link_supported
[    8.675943] jesd204: /axi/spi@ff040000/ad9081@0,jesd204:0,parent=spi1.0: JESD204[0] transition link_supported -> link_init
[    8.686981] jesd204: /axi/spi@ff040000/ad9081@0,jesd204:0,parent=spi1.0: JESD204[2] transition link_supported -> link_init
[    8.698028] jesd204: /axi/spi@ff040000/ad9081@0,jesd204:0,parent=spi1.0: JESD204[0] transition link_init -> device_init
[    8.708803] jesd204: /axi/spi@ff040000/ad9081@0,jesd204:0,parent=spi1.0: JESD204[2] transition link_init -> device_init
[    8.719586] jesd204: /axi/spi@ff040000/ad9081@0,jesd204:0,parent=spi1.0: JESD204[0] transition device_init -> idle
[    8.729930] jesd204: /axi/spi@ff040000/ad9081@0,jesd204:0,parent=spi1.0: JESD204[2] transition device_init -> idle
[    8.740281] jesd204: /axi/spi@ff040000/ad9081@0,jesd204:0,parent=spi1.0: JESD204[2] transition idle -> idle
[    8.750015] jesd204: /axi/spi@ff040000/ad9081@0,jesd204:0,parent=spi1.0: JESD204[0] transition idle -> idle
[    8.759757] jesd204: /axi/spi@ff040000/ad9081@0,jesd204:0,parent=spi1.0: JESD204[2] transition idle -> device_init
[    8.770101] jesd204: /axi/spi@ff040000/ad9081@0,jesd204:0,parent=spi1.0: JESD204[0] transition idle -> device_init
[    8.780451] jesd204: /axi/spi@ff040000/ad9081@0,jesd204:0,parent=spi1.0: JESD204[2] transition device_init -> link_init
[    8.791228] jesd204: /axi/spi@ff040000/ad9081@0,jesd204:0,parent=spi1.0: JESD204[0] transition device_init -> link_init
[    8.802017] jesd204: /axi/spi@ff040000/ad9081@0,jesd204:0,parent=spi1.0: JESD204[2] transition link_init -> link_supported
[    8.813058] jesd204: /axi/spi@ff040000/ad9081@0,jesd204:0,parent=spi1.0: JESD204[0] transition link_init -> link_supported
[    8.824389] jesd204: /axi/spi@ff040000/ad9081@0,jesd204:0,parent=spi1.0: JESD204[2] transition link_supported -> link_pre_setup
[    8.835863] jesd204: /axi/spi@ff040000/ad9081@0,jesd204:0,parent=spi1.0: JESD204[0] transition link_supported -> link_pre_setup
[    8.859708] jesd204: /axi/spi@ff040000/ad9081@0,jesd204:0,parent=spi1.0: JESD204[2] transition link_pre_setup -> clk_sync_stage1
[    8.871269] jesd204: /axi/spi@ff040000/ad9081@0,jesd204:0,parent=spi1.0: JESD204[0] transition link_pre_setup -> clk_sync_stage1
[    8.882831] jesd204: /axi/spi@ff040000/ad9081@0,jesd204:0,parent=spi1.0: JESD204[2] transition clk_sync_stage1 -> clk_sync_stage2
[    8.894477] jesd204: /axi/spi@ff040000/ad9081@0,jesd204:0,parent=spi1.0: JESD204[0] transition clk_sync_stage1 -> clk_sync_stage2
[    8.906132] jesd204: /axi/spi@ff040000/ad9081@0,jesd204:0,parent=spi1.0: JESD204[2] transition clk_sync_stage2 -> clk_sync_stage3
[    8.917774] jesd204: /axi/spi@ff040000/ad9081@0,jesd204:0,parent=spi1.0: JESD204[0] transition clk_sync_stage2 -> clk_sync_stage3
[    8.931437] jesd204: /axi/spi@ff040000/ad9081@0,jesd204:0,parent=spi1.0: JESD204[2] transition clk_sync_stage3 -> link_setup
[    8.942651] jesd204: /axi/spi@ff040000/ad9081@0,jesd204:0,parent=spi1.0: JESD204[0] transition clk_sync_stage3 -> link_setup
[    8.958633] jesd204: /axi/spi@ff040000/ad9081@0,jesd204:0,parent=spi1.0: JESD204[2] transition link_setup -> opt_setup_stage1
[    8.969934] jesd204: /axi/spi@ff040000/ad9081@0,jesd204:0,parent=spi1.0: JESD204[0] transition link_setup -> opt_setup_stage1
[    8.986270] jesd204: /axi/spi@ff040000/ad9081@0,jesd204:0,parent=spi1.0: JESD204[2] transition opt_setup_stage1 -> opt_setup_stage2
[    8.998093] jesd204: /axi/spi@ff040000/ad9081@0,jesd204:0,parent=spi1.0: JESD204[0] transition opt_setup_stage1 -> opt_setup_stage2
[    9.010063] jesd204: /axi/spi@ff040000/ad9081@0,jesd204:0,parent=spi1.0: JESD204[2] transition opt_setup_stage2 -> opt_setup_stage3
[    9.021884] jesd204: /axi/spi@ff040000/ad9081@0,jesd204:0,parent=spi1.0: JESD204[0] transition opt_setup_stage2 -> opt_setup_stage3
[    9.033708] jesd204: /axi/spi@ff040000/ad9081@0,jesd204:0,parent=spi1.0: JESD204[2] transition opt_setup_stage3 -> opt_setup_stage4
[    9.045526] jesd204: /axi/spi@ff040000/ad9081@0,jesd204:0,parent=spi1.0: JESD204[0] transition opt_setup_stage3 -> opt_setup_stage4
[    9.057354] jesd204: /axi/spi@ff040000/ad9081@0,jesd204:0,parent=spi1.0: JESD204[2] transition opt_setup_stage4 -> opt_setup_stage5
[    9.069172] jesd204: /axi/spi@ff040000/ad9081@0,jesd204:0,parent=spi1.0: JESD204[0] transition opt_setup_stage4 -> opt_setup_stage5
[    9.085104] jesd204: /axi/spi@ff040000/ad9081@0,jesd204:0,parent=spi1.0: JESD204[2] transition opt_setup_stage5 -> clocks_enable
[    9.096662] jesd204: /axi/spi@ff040000/ad9081@0,jesd204:0,parent=spi1.0: JESD204[0] transition opt_setup_stage5 -> clocks_enable
[    9.131468] axi_adxcvr 84a60000.axi-adxcvr-rx: adxcvr_clk_enable: CPLL RX buffer underflow error, status: 0x61
[    9.141456] axi_adxcvr 84a60000.axi-adxcvr-rx: adxcvr_clk_enable: CPLL RX buffer overflow error, status: 0x61
[    9.151425] jesd204: /axi/spi@ff040000/ad9081@0,jesd204:0,parent=spi1.0: JESD204[2] transition clocks_enable -> link_enable
[    9.162552] jesd204: /axi/spi@ff040000/ad9081@0,jesd204:0,parent=spi1.0: JESD204[0] transition clocks_enable -> link_enable
[    9.303742] axi-jesd204-rx 84a90000.axi-jesd204-rx: axi_jesd204_rx_jesd204_link_running: Link2 status failed (CGS)
[    9.314089] jesd204: /fpga-axi@0/axi-jesd204-rx@84a90000,jesd204:4,parent=84a90000.axi-jesd204-rx: JESD204[2] In link_running got error from cb: -1
[    9.327298] jesd204: /axi/spi@ff040000/ad9081@0,jesd204:0,parent=spi1.0: Rolling back from 'link_enable', got error -1
[    9.337993] jesd204: /axi/spi@ff040000/ad9081@0,jesd204:0,parent=spi1.0: JESD204[0] transition link_enable -> link_running
[    9.349031] jesd204: /axi/spi@ff040000/ad9081@0,jesd204:0,parent=spi1.0: JESD204[2] transition link_enable -> link_running
[    9.360130] jesd204: /axi/spi@ff040000/ad9081@0,jesd204:0,parent=spi1.0: JESD204[0] transition link_running -> link_enable
[    9.371168] jesd204: /axi/spi@ff040000/ad9081@0,jesd204:0,parent=spi1.0: JESD204[2] transition link_running -> link_enable
[    9.386261] jesd204: /axi/spi@ff040000/ad9081@0,jesd204:0,parent=spi1.0: JESD204[0] transition link_enable -> clocks_enable
[    9.397393] jesd204: /axi/spi@ff040000/ad9081@0,jesd204:0,parent=spi1.0: JESD204[2] transition link_enable -> clocks_enable
[    9.408518] jesd204: /axi/spi@ff040000/ad9081@0,jesd204:0,parent=spi1.0: JESD204[0] transition clocks_enable -> opt_setup_stage5
[    9.420077] jesd204: /axi/spi@ff040000/ad9081@0,jesd204:0,parent=spi1.0: JESD204[2] transition clocks_enable -> opt_setup_stage5
[    9.431645] jesd204: /axi/spi@ff040000/ad9081@0,jesd204:0,parent=spi1.0: JESD204[0] transition opt_setup_stage5 -> opt_setup_stage4
[    9.443470] jesd204: /axi/spi@ff040000/ad9081@0,jesd204:0,parent=spi1.0: JESD204[2] transition opt_setup_stage5 -> opt_setup_stage4
[    9.455296] jesd204: /axi/spi@ff040000/ad9081@0,jesd204:0,parent=spi1.0: JESD204[0] transition opt_setup_stage4 -> opt_setup_stage3
[    9.467114] jesd204: /axi/spi@ff040000/ad9081@0,jesd204:0,parent=spi1.0: JESD204[2] transition opt_setup_stage4 -> opt_setup_stage3
[    9.478939] jesd204: /axi/spi@ff040000/ad9081@0,jesd204:0,parent=spi1.0: JESD204[0] transition opt_setup_stage3 -> opt_setup_stage2
[    9.490759] jesd204: /axi/spi@ff040000/ad9081@0,jesd204:0,parent=spi1.0: JESD204[2] transition opt_setup_stage3 -> opt_setup_stage2
[    9.502583] jesd204: /axi/spi@ff040000/ad9081@0,jesd204:0,parent=spi1.0: JESD204[0] transition opt_setup_stage2 -> opt_setup_stage1
[    9.514403] jesd204: /axi/spi@ff040000/ad9081@0,jesd204:0,parent=spi1.0: JESD204[2] transition opt_setup_stage2 -> opt_setup_stage1
[    9.526229] jesd204: /axi/spi@ff040000/ad9081@0,jesd204:0,parent=spi1.0: JESD204[0] transition opt_setup_stage1 -> link_setup
[    9.537526] jesd204: /axi/spi@ff040000/ad9081@0,jesd204:0,parent=spi1.0: JESD204[2] transition opt_setup_stage1 -> link_setup
[    9.548830] jesd204: /axi/spi@ff040000/ad9081@0,jesd204:0,parent=spi1.0: JESD204[0] transition link_setup -> clk_sync_stage3
[    9.560046] jesd204: /axi/spi@ff040000/ad9081@0,jesd204:0,parent=spi1.0: JESD204[2] transition link_setup -> clk_sync_stage3
[    9.571259] jesd204: /axi/spi@ff040000/ad9081@0,jesd204:0,parent=spi1.0: JESD204[0] transition clk_sync_stage3 -> clk_sync_stage2
[    9.582905] jesd204: /axi/spi@ff040000/ad9081@0,jesd204:0,parent=spi1.0: JESD204[2] transition clk_sync_stage3 -> clk_sync_stage2
[    9.594556] jesd204: /axi/spi@ff040000/ad9081@0,jesd204:0,parent=spi1.0: JESD204[0] transition clk_sync_stage2 -> clk_sync_stage1
[    9.606202] jesd204: /axi/spi@ff040000/ad9081@0,jesd204:0,parent=spi1.0: JESD204[2] transition clk_sync_stage2 -> clk_sync_stage1
[    9.617856] jesd204: /axi/spi@ff040000/ad9081@0,jesd204:0,parent=spi1.0: JESD204[0] transition clk_sync_stage1 -> link_pre_setup
[    9.629412] jesd204: /axi/spi@ff040000/ad9081@0,jesd204:0,parent=spi1.0: JESD204[2] transition clk_sync_stage1 -> link_pre_setup
[    9.640978] jesd204: /axi/spi@ff040000/ad9081@0,jesd204:0,parent=spi1.0: JESD204[0] transition link_pre_setup -> link_supported
[    9.652448] jesd204: /axi/spi@ff040000/ad9081@0,jesd204:0,parent=spi1.0: JESD204[2] transition link_pre_setup -> link_supported
[    9.663927] jesd204: /axi/spi@ff040000/ad9081@0,jesd204:0,parent=spi1.0: JESD204[0] transition link_supported -> link_init
[    9.674965] jesd204: /axi/spi@ff040000/ad9081@0,jesd204:0,parent=spi1.0: JESD204[2] transition link_supported -> link_init
[    9.686013] jesd204: /axi/spi@ff040000/ad9081@0,jesd204:0,parent=spi1.0: JESD204[0] transition link_init -> device_init
[    9.696798] jesd204: /axi/spi@ff040000/ad9081@0,jesd204:0,parent=spi1.0: JESD204[2] transition link_init -> device_init
[    9.707578] jesd204: /axi/spi@ff040000/ad9081@0,jesd204:0,parent=spi1.0: JESD204[0] transition device_init -> idle
[    9.717922] jesd204: /axi/spi@ff040000/ad9081@0,jesd204:0,parent=spi1.0: JESD204[2] transition device_init -> idle
[    9.728273] jesd204: /axi/spi@ff040000/ad9081@0,jesd204:0,parent=spi1.0: JESD204[2] transition idle -> idle
[    9.738008] jesd204: /axi/spi@ff040000/ad9081@0,jesd204:0,parent=spi1.0: JESD204[0] transition idle -> idle
[    9.747750] jesd204: /axi/spi@ff040000/ad9081@0,jesd204:0,parent=spi1.0: JESD204[2] transition idle -> device_init
[    9.758093] jesd204: /axi/spi@ff040000/ad9081@0,jesd204:0,parent=spi1.0: JESD204[0] transition idle -> device_init
[    9.768444] jesd204: /axi/spi@ff040000/ad9081@0,jesd204:0,parent=spi1.0: JESD204[2] transition device_init -> link_init
[    9.779220] jesd204: /axi/spi@ff040000/ad9081@0,jesd204:0,parent=spi1.0: JESD204[0] transition device_init -> link_init
[    9.790008] jesd204: /axi/spi@ff040000/ad9081@0,jesd204:0,parent=spi1.0: JESD204[2] transition link_init -> link_supported
[    9.801050] jesd204: /axi/spi@ff040000/ad9081@0,jesd204:0,parent=spi1.0: JESD204[0] transition link_init -> link_supported
[    9.812379] jesd204: /axi/spi@ff040000/ad9081@0,jesd204:0,parent=spi1.0: JESD204[2] transition link_supported -> link_pre_setup
[    9.823856] jesd204: /axi/spi@ff040000/ad9081@0,jesd204:0,parent=spi1.0: JESD204[0] transition link_supported -> link_pre_setup
[    9.847679] jesd204: /axi/spi@ff040000/ad9081@0,jesd204:0,parent=spi1.0: JESD204[2] transition link_pre_setup -> clk_sync_stage1
[    9.859244] jesd204: /axi/spi@ff040000/ad9081@0,jesd204:0,parent=spi1.0: JESD204[0] transition link_pre_setup -> clk_sync_stage1
[    9.870807] jesd204: /axi/spi@ff040000/ad9081@0,jesd204:0,parent=spi1.0: JESD204[2] transition clk_sync_stage1 -> clk_sync_stage2
[    9.882452] jesd204: /axi/spi@ff040000/ad9081@0,jesd204:0,parent=spi1.0: JESD204[0] transition clk_sync_stage1 -> clk_sync_stage2
[    9.894103] jesd204: /axi/spi@ff040000/ad9081@0,jesd204:0,parent=spi1.0: JESD204[2] transition clk_sync_stage2 -> clk_sync_stage3
[    9.905748] jesd204: /axi/spi@ff040000/ad9081@0,jesd204:0,parent=spi1.0: JESD204[0] transition clk_sync_stage2 -> clk_sync_stage3
[    9.919411] jesd204: /axi/spi@ff040000/ad9081@0,jesd204:0,parent=spi1.0: JESD204[2] transition clk_sync_stage3 -> link_setup
[    9.930630] jesd204: /axi/spi@ff040000/ad9081@0,jesd204:0,parent=spi1.0: JESD204[0] transition clk_sync_stage3 -> link_setup
[    9.946604] jesd204: /axi/spi@ff040000/ad9081@0,jesd204:0,parent=spi1.0: JESD204[2] transition link_setup -> opt_setup_stage1
[    9.957910] jesd204: /axi/spi@ff040000/ad9081@0,jesd204:0,parent=spi1.0: JESD204[0] transition link_setup -> opt_setup_stage1
[    9.973881] jesd204: /axi/spi@ff040000/ad9081@0,jesd204:0,parent=spi1.0: JESD204[2] transition opt_setup_stage1 -> opt_setup_stage2
[    9.985705] jesd204: /axi/spi@ff040000/ad9081@0,jesd204:0,parent=spi1.0: JESD204[0] transition opt_setup_stage1 -> opt_setup_stage2
[    9.997675] jesd204: /axi/spi@ff040000/ad9081@0,jesd204:0,parent=spi1.0: JESD204[2] transition opt_setup_stage2 -> opt_setup_stage3
[   10.009495] jesd204: /axi/spi@ff040000/ad9081@0,jesd204:0,parent=spi1.0: JESD204[0] transition opt_setup_stage2 -> opt_setup_stage3
[   10.021318] jesd204: /axi/spi@ff040000/ad9081@0,jesd204:0,parent=spi1.0: JESD204[2] transition opt_setup_stage3 -> opt_setup_stage4
[   10.033136] jesd204: /axi/spi@ff040000/ad9081@0,jesd204:0,parent=spi1.0: JESD204[0] transition opt_setup_stage3 -> opt_setup_stage4
[   10.044965] jesd204: /axi/spi@ff040000/ad9081@0,jesd204:0,parent=spi1.0: JESD204[2] transition opt_setup_stage4 -> opt_setup_stage5
[   10.056790] jesd204: /axi/spi@ff040000/ad9081@0,jesd204:0,parent=spi1.0: JESD204[0] transition opt_setup_stage4 -> opt_setup_stage5
[   10.072722] jesd204: /axi/spi@ff040000/ad9081@0,jesd204:0,parent=spi1.0: JESD204[2] transition opt_setup_stage5 -> clocks_enable
[   10.084281] jesd204: /axi/spi@ff040000/ad9081@0,jesd204:0,parent=spi1.0: JESD204[0] transition opt_setup_stage5 -> clocks_enable
[   10.119095] axi_adxcvr 84a60000.axi-adxcvr-rx: adxcvr_clk_enable: CPLL RX buffer underflow error, status: 0x61
[   10.129084] axi_adxcvr 84a60000.axi-adxcvr-rx: adxcvr_clk_enable: CPLL RX buffer overflow error, status: 0x61
[   10.139053] jesd204: /axi/spi@ff040000/ad9081@0,jesd204:0,parent=spi1.0: JESD204[2] transition clocks_enable -> link_enable
[   10.150180] jesd204: /axi/spi@ff040000/ad9081@0,jesd204:0,parent=spi1.0: JESD204[0] transition clocks_enable -> link_enable
[   10.291743] axi-jesd204-rx 84a90000.axi-jesd204-rx: axi_jesd204_rx_jesd204_link_running: Link2 status failed (CGS)
[   10.302088] jesd204: /fpga-axi@0/axi-jesd204-rx@84a90000,jesd204:4,parent=84a90000.axi-jesd204-rx: JESD204[2] In link_running got error from cb: -1
[   10.315299] jesd204: /axi/spi@ff040000/ad9081@0,jesd204:0,parent=spi1.0: Rolling back from 'link_enable', got error -1
[   10.325994] jesd204: /axi/spi@ff040000/ad9081@0,jesd204:0,parent=spi1.0: JESD204[0] transition link_enable -> link_running
[   10.337032] jesd204: /axi/spi@ff040000/ad9081@0,jesd204:0,parent=spi1.0: JESD204[2] transition link_enable -> link_running
[   10.348130] jesd204: /axi/spi@ff040000/ad9081@0,jesd204:0,parent=spi1.0: JESD204[0] transition link_running -> link_enable
[   10.359168] jesd204: /axi/spi@ff040000/ad9081@0,jesd204:0,parent=spi1.0: JESD204[2] transition link_running -> link_enable
[   10.374309] jesd204: /axi/spi@ff040000/ad9081@0,jesd204:0,parent=spi1.0: JESD204[0] transition link_enable -> clocks_enable
[   10.385435] jesd204: /axi/spi@ff040000/ad9081@0,jesd204:0,parent=spi1.0: JESD204[2] transition link_enable -> clocks_enable
[   10.396563] jesd204: /axi/spi@ff040000/ad9081@0,jesd204:0,parent=spi1.0: JESD204[0] transition clocks_enable -> opt_setup_stage5
[   10.408121] jesd204: /axi/spi@ff040000/ad9081@0,jesd204:0,parent=spi1.0: JESD204[2] transition clocks_enable -> opt_setup_stage5
[   10.419691] jesd204: /axi/spi@ff040000/ad9081@0,jesd204:0,parent=spi1.0: JESD204[0] transition opt_setup_stage5 -> opt_setup_stage4
[   10.431514] jesd204: /axi/spi@ff040000/ad9081@0,jesd204:0,parent=spi1.0: JESD204[2] transition opt_setup_stage5 -> opt_setup_stage4
[   10.443339] jesd204: /axi/spi@ff040000/ad9081@0,jesd204:0,parent=spi1.0: JESD204[0] transition opt_setup_stage4 -> opt_setup_stage3
[   10.455158] jesd204: /axi/spi@ff040000/ad9081@0,jesd204:0,parent=spi1.0: JESD204[2] transition opt_setup_stage4 -> opt_setup_stage3
[   10.466983] jesd204: /axi/spi@ff040000/ad9081@0,jesd204:0,parent=spi1.0: JESD204[0] transition opt_setup_stage3 -> opt_setup_stage2
[   10.478802] jesd204: /axi/spi@ff040000/ad9081@0,jesd204:0,parent=spi1.0: JESD204[2] transition opt_setup_stage3 -> opt_setup_stage2
[   10.490629] jesd204: /axi/spi@ff040000/ad9081@0,jesd204:0,parent=spi1.0: JESD204[0] transition opt_setup_stage2 -> opt_setup_stage1
[   10.502447] jesd204: /axi/spi@ff040000/ad9081@0,jesd204:0,parent=spi1.0: JESD204[2] transition opt_setup_stage2 -> opt_setup_stage1
[   10.514274] jesd204: /axi/spi@ff040000/ad9081@0,jesd204:0,parent=spi1.0: JESD204[0] transition opt_setup_stage1 -> link_setup
[   10.525571] jesd204: /axi/spi@ff040000/ad9081@0,jesd204:0,parent=spi1.0: JESD204[2] transition opt_setup_stage1 -> link_setup
[   10.536877] jesd204: /axi/spi@ff040000/ad9081@0,jesd204:0,parent=spi1.0: JESD204[0] transition link_setup -> clk_sync_stage3
[   10.548090] jesd204: /axi/spi@ff040000/ad9081@0,jesd204:0,parent=spi1.0: JESD204[2] transition link_setup -> clk_sync_stage3
[   10.559304] jesd204: /axi/spi@ff040000/ad9081@0,jesd204:0,parent=spi1.0: JESD204[0] transition clk_sync_stage3 -> clk_sync_stage2
[   10.570950] jesd204: /axi/spi@ff040000/ad9081@0,jesd204:0,parent=spi1.0: JESD204[2] transition clk_sync_stage3 -> clk_sync_stage2
[   10.582601] jesd204: /axi/spi@ff040000/ad9081@0,jesd204:0,parent=spi1.0: JESD204[0] transition clk_sync_stage2 -> clk_sync_stage1
[   10.594247] jesd204: /axi/spi@ff040000/ad9081@0,jesd204:0,parent=spi1.0: JESD204[2] transition clk_sync_stage2 -> clk_sync_stage1
[   10.605898] jesd204: /axi/spi@ff040000/ad9081@0,jesd204:0,parent=spi1.0: JESD204[0] transition clk_sync_stage1 -> link_pre_setup
[   10.617460] jesd204: /axi/spi@ff040000/ad9081@0,jesd204:0,parent=spi1.0: JESD204[2] transition clk_sync_stage1 -> link_pre_setup
[   10.629022] jesd204: /axi/spi@ff040000/ad9081@0,jesd204:0,parent=spi1.0: JESD204[0] transition link_pre_setup -> link_supported
[   10.640493] jesd204: /axi/spi@ff040000/ad9081@0,jesd204:0,parent=spi1.0: JESD204[2] transition link_pre_setup -> link_supported
[   10.651972] jesd204: /axi/spi@ff040000/ad9081@0,jesd204:0,parent=spi1.0: JESD204[0] transition link_supported -> link_init
[   10.663009] jesd204: /axi/spi@ff040000/ad9081@0,jesd204:0,parent=spi1.0: JESD204[2] transition link_supported -> link_init
[   10.674057] jesd204: /axi/spi@ff040000/ad9081@0,jesd204:0,parent=spi1.0: JESD204[0] transition link_init -> device_init
[   10.684831] jesd204: /axi/spi@ff040000/ad9081@0,jesd204:0,parent=spi1.0: JESD204[2] transition link_init -> device_init
[   10.695613] jesd204: /axi/spi@ff040000/ad9081@0,jesd204:0,parent=spi1.0: JESD204[0] transition device_init -> idle
[   10.705958] jesd204: /axi/spi@ff040000/ad9081@0,jesd204:0,parent=spi1.0: JESD204[2] transition device_init -> idle
[   10.716309] jesd204: /axi/spi@ff040000/ad9081@0,jesd204:0,parent=spi1.0: JESD204[2] transition idle -> idle
[   10.726043] jesd204: /axi/spi@ff040000/ad9081@0,jesd204:0,parent=spi1.0: JESD204[0] transition idle -> idle
[   10.735786] jesd204: /axi/spi@ff040000/ad9081@0,jesd204:0,parent=spi1.0: JESD204[2] transition idle -> device_init
[   10.746129] jesd204: /axi/spi@ff040000/ad9081@0,jesd204:0,parent=spi1.0: JESD204[0] transition idle -> device_init
[   10.756479] jesd204: /axi/spi@ff040000/ad9081@0,jesd204:0,parent=spi1.0: JESD204[2] transition device_init -> link_init
[   10.767256] jesd204: /axi/spi@ff040000/ad9081@0,jesd204:0,parent=spi1.0: JESD204[0] transition device_init -> link_init
[   10.778044] jesd204: /axi/spi@ff040000/ad9081@0,jesd204:0,parent=spi1.0: JESD204[2] transition link_init -> link_supported
[   10.789086] jesd204: /axi/spi@ff040000/ad9081@0,jesd204:0,parent=spi1.0: JESD204[0] transition link_init -> link_supported
[   10.800417] jesd204: /axi/spi@ff040000/ad9081@0,jesd204:0,parent=spi1.0: JESD204[2] transition link_supported -> link_pre_setup
[   10.811891] jesd204: /axi/spi@ff040000/ad9081@0,jesd204:0,parent=spi1.0: JESD204[0] transition link_supported -> link_pre_setup
[   10.835668] jesd204: /axi/spi@ff040000/ad9081@0,jesd204:0,parent=spi1.0: JESD204[2] transition link_pre_setup -> clk_sync_stage1
[   10.847227] jesd204: /axi/spi@ff040000/ad9081@0,jesd204:0,parent=spi1.0: JESD204[0] transition link_pre_setup -> clk_sync_stage1
[   10.858790] jesd204: /axi/spi@ff040000/ad9081@0,jesd204:0,parent=spi1.0: JESD204[2] transition clk_sync_stage1 -> clk_sync_stage2
[   10.870436] jesd204: /axi/spi@ff040000/ad9081@0,jesd204:0,parent=spi1.0: JESD204[0] transition clk_sync_stage1 -> clk_sync_stage2
[   10.882087] jesd204: /axi/spi@ff040000/ad9081@0,jesd204:0,parent=spi1.0: JESD204[2] transition clk_sync_stage2 -> clk_sync_stage3
[   10.893732] jesd204: /axi/spi@ff040000/ad9081@0,jesd204:0,parent=spi1.0: JESD204[0] transition clk_sync_stage2 -> clk_sync_stage3
[   10.907460] jesd204: /axi/spi@ff040000/ad9081@0,jesd204:0,parent=spi1.0: JESD204[2] transition clk_sync_stage3 -> link_setup
[   10.918674] jesd204: /axi/spi@ff040000/ad9081@0,jesd204:0,parent=spi1.0: JESD204[0] transition clk_sync_stage3 -> link_setup
[   10.934692] jesd204: /axi/spi@ff040000/ad9081@0,jesd204:0,parent=spi1.0: JESD204[2] transition link_setup -> opt_setup_stage1
[   10.945997] jesd204: /axi/spi@ff040000/ad9081@0,jesd204:0,parent=spi1.0: JESD204[0] transition link_setup -> opt_setup_stage1
[   10.962322] jesd204: /axi/spi@ff040000/ad9081@0,jesd204:0,parent=spi1.0: JESD204[2] transition opt_setup_stage1 -> opt_setup_stage2
[   10.974146] jesd204: /axi/spi@ff040000/ad9081@0,jesd204:0,parent=spi1.0: JESD204[0] transition opt_setup_stage1 -> opt_setup_stage2
[   10.986117] jesd204: /axi/spi@ff040000/ad9081@0,jesd204:0,parent=spi1.0: JESD204[2] transition opt_setup_stage2 -> opt_setup_stage3
[   10.997938] jesd204: /axi/spi@ff040000/ad9081@0,jesd204:0,parent=spi1.0: JESD204[0] transition opt_setup_stage2 -> opt_setup_stage3
[   11.009761] jesd204: /axi/spi@ff040000/ad9081@0,jesd204:0,parent=spi1.0: JESD204[2] transition opt_setup_stage3 -> opt_setup_stage4
[   11.021580] jesd204: /axi/spi@ff040000/ad9081@0,jesd204:0,parent=spi1.0: JESD204[0] transition opt_setup_stage3 -> opt_setup_stage4
[   11.033409] jesd204: /axi/spi@ff040000/ad9081@0,jesd204:0,parent=spi1.0: JESD204[2] transition opt_setup_stage4 -> opt_setup_stage5
[   11.045226] jesd204: /axi/spi@ff040000/ad9081@0,jesd204:0,parent=spi1.0: JESD204[0] transition opt_setup_stage4 -> opt_setup_stage5
[   11.061158] jesd204: /axi/spi@ff040000/ad9081@0,jesd204:0,parent=spi1.0: JESD204[2] transition opt_setup_stage5 -> clocks_enable
[   11.072716] jesd204: /axi/spi@ff040000/ad9081@0,jesd204:0,parent=spi1.0: JESD204[0] transition opt_setup_stage5 -> clocks_enable
[   11.107523] axi_adxcvr 84a60000.axi-adxcvr-rx: adxcvr_clk_enable: CPLL RX buffer underflow error, status: 0x61
[   11.117510] axi_adxcvr 84a60000.axi-adxcvr-rx: adxcvr_clk_enable: CPLL RX buffer overflow error, status: 0x61
[   11.127478] jesd204: /axi/spi@ff040000/ad9081@0,jesd204:0,parent=spi1.0: JESD204[2] transition clocks_enable -> link_enable
[   11.138606] jesd204: /axi/spi@ff040000/ad9081@0,jesd204:0,parent=spi1.0: JESD204[0] transition clocks_enable -> link_enable
[   11.279743] axi-jesd204-rx 84a90000.axi-jesd204-rx: axi_jesd204_rx_jesd204_link_running: Link2 status failed (CGS)
[   11.290089] jesd204: /fpga-axi@0/axi-jesd204-rx@84a90000,jesd204:4,parent=84a90000.axi-jesd204-rx: JESD204[2] In link_running got error from cb: -1
[   11.303300] jesd204: /axi/spi@ff040000/ad9081@0,jesd204:0,parent=spi1.0: Rolling back from 'link_enable', got error -1
[   11.313995] jesd204: /axi/spi@ff040000/ad9081@0,jesd204:0,parent=spi1.0: JESD204[0] transition link_enable -> link_running
[   11.325033] jesd204: /axi/spi@ff040000/ad9081@0,jesd204:0,parent=spi1.0: JESD204[2] transition link_enable -> link_running
[   11.336132] jesd204: /axi/spi@ff040000/ad9081@0,jesd204:0,parent=spi1.0: JESD204[0] transition link_running -> link_enable
[   11.347169] jesd204: /axi/spi@ff040000/ad9081@0,jesd204:0,parent=spi1.0: JESD204[2] transition link_running -> link_enable
[   11.362265] jesd204: /axi/spi@ff040000/ad9081@0,jesd204:0,parent=spi1.0: JESD204[0] transition link_enable -> clocks_enable
[   11.373394] jesd204: /axi/spi@ff040000/ad9081@0,jesd204:0,parent=spi1.0: JESD204[2] transition link_enable -> clocks_enable
[   11.384521] jesd204: /axi/spi@ff040000/ad9081@0,jesd204:0,parent=spi1.0: JESD204[0] transition clocks_enable -> opt_setup_stage5
[   11.396079] jesd204: /axi/spi@ff040000/ad9081@0,jesd204:0,parent=spi1.0: JESD204[2] transition clocks_enable -> opt_setup_stage5
[   11.407647] jesd204: /axi/spi@ff040000/ad9081@0,jesd204:0,parent=spi1.0: JESD204[0] transition opt_setup_stage5 -> opt_setup_stage4
[   11.419471] jesd204: /axi/spi@ff040000/ad9081@0,jesd204:0,parent=spi1.0: JESD204[2] transition opt_setup_stage5 -> opt_setup_stage4
[   11.431297] jesd204: /axi/spi@ff040000/ad9081@0,jesd204:0,parent=spi1.0: JESD204[0] transition opt_setup_stage4 -> opt_setup_stage3
[   11.443116] jesd204: /axi/spi@ff040000/ad9081@0,jesd204:0,parent=spi1.0: JESD204[2] transition opt_setup_stage4 -> opt_setup_stage3
[   11.454940] jesd204: /axi/spi@ff040000/ad9081@0,jesd204:0,parent=spi1.0: JESD204[0] transition opt_setup_stage3 -> opt_setup_stage2
[   11.466760] jesd204: /axi/spi@ff040000/ad9081@0,jesd204:0,parent=spi1.0: JESD204[2] transition opt_setup_stage3 -> opt_setup_stage2
[   11.478585] jesd204: /axi/spi@ff040000/ad9081@0,jesd204:0,parent=spi1.0: JESD204[0] transition opt_setup_stage2 -> opt_setup_stage1
[   11.490404] jesd204: /axi/spi@ff040000/ad9081@0,jesd204:0,parent=spi1.0: JESD204[2] transition opt_setup_stage2 -> opt_setup_stage1
[   11.502231] jesd204: /axi/spi@ff040000/ad9081@0,jesd204:0,parent=spi1.0: JESD204[0] transition opt_setup_stage1 -> link_setup
[   11.513529] jesd204: /axi/spi@ff040000/ad9081@0,jesd204:0,parent=spi1.0: JESD204[2] transition opt_setup_stage1 -> link_setup
[   11.524831] jesd204: /axi/spi@ff040000/ad9081@0,jesd204:0,parent=spi1.0: JESD204[0] transition link_setup -> clk_sync_stage3
[   11.536048] jesd204: /axi/spi@ff040000/ad9081@0,jesd204:0,parent=spi1.0: JESD204[2] transition link_setup -> clk_sync_stage3
[   11.547262] jesd204: /axi/spi@ff040000/ad9081@0,jesd204:0,parent=spi1.0: JESD204[0] transition clk_sync_stage3 -> clk_sync_stage2
[   11.558908] jesd204: /axi/spi@ff040000/ad9081@0,jesd204:0,parent=spi1.0: JESD204[2] transition clk_sync_stage3 -> clk_sync_stage2
[   11.570558] jesd204: /axi/spi@ff040000/ad9081@0,jesd204:0,parent=spi1.0: JESD204[0] transition clk_sync_stage2 -> clk_sync_stage1
[   11.582204] jesd204: /axi/spi@ff040000/ad9081@0,jesd204:0,parent=spi1.0: JESD204[2] transition clk_sync_stage2 -> clk_sync_stage1
[   11.593855] jesd204: /axi/spi@ff040000/ad9081@0,jesd204:0,parent=spi1.0: JESD204[0] transition clk_sync_stage1 -> link_pre_setup
[   11.605414] jesd204: /axi/spi@ff040000/ad9081@0,jesd204:0,parent=spi1.0: JESD204[2] transition clk_sync_stage1 -> link_pre_setup
[   11.616979] jesd204: /axi/spi@ff040000/ad9081@0,jesd204:0,parent=spi1.0: JESD204[0] transition link_pre_setup -> link_supported
[   11.628451] jesd204: /axi/spi@ff040000/ad9081@0,jesd204:0,parent=spi1.0: JESD204[2] transition link_pre_setup -> link_supported
[   11.639929] jesd204: /axi/spi@ff040000/ad9081@0,jesd204:0,parent=spi1.0: JESD204[0] transition link_supported -> link_init
[   11.650967] jesd204: /axi/spi@ff040000/ad9081@0,jesd204:0,parent=spi1.0: JESD204[2] transition link_supported -> link_init
[   11.662014] jesd204: /axi/spi@ff040000/ad9081@0,jesd204:0,parent=spi1.0: JESD204[0] transition link_init -> device_init
[   11.672789] jesd204: /axi/spi@ff040000/ad9081@0,jesd204:0,parent=spi1.0: JESD204[2] transition link_init -> device_init
[   11.683574] jesd204: /axi/spi@ff040000/ad9081@0,jesd204:0,parent=spi1.0: JESD204[0] transition device_init -> idle
[   11.693916] jesd204: /axi/spi@ff040000/ad9081@0,jesd204:0,parent=spi1.0: JESD204[2] transition device_init -> idle
[   11.704262] jesd204: /axi/spi@ff040000/ad9081@0,jesd204:0,parent=spi1.0: FSM completed with error -1
[   11.722666] input: gpio-keys as /devices/platform/gpio-keys/input/input0
[   11.729706] of_cfs_init
[   11.732179] of_cfs_init: OK
[   11.735116] cfg80211: Loading compiled-in X.509 certificates for regulatory database
[   11.870606] cfg80211: Loaded X.509 cert 'sforshee: 00b28ddf47aef9cea7'
[   11.877136] clk: Not disabling unused clocks
[   11.881662] ALSA device list:
[   11.884626]   No soundcards found.
[   11.888301] platform regulatory.0: Direct firmware load for regulatory.db failed with error -2
[   11.896921] cfg80211: failed to load regulatory.db
[   11.907767] EXT4-fs (mmcblk0p2): mounted filesystem with ordered data mode. Opts: (null)
[   11.915883] VFS: Mounted root (ext4 filesystem) on device 179:2.
[   11.929014] devtmpfs: mounted
[   11.932825] Freeing unused kernel memory: 2560K
[   11.947792] Run /sbin/init as init process
[   11.951885]   with arguments:
[   11.951888]     /sbin/init
[   11.951890]   with environment:
[   11.951893]     HOME=/
[   11.951895]     TERM=linux
[   12.533465] systemd[1]: systemd 241 running in system mode. (+PAM +AUDIT +SELINUX +IMA +APPARMOR +SMACK +SYSVINIT +UTMP +LIBCRYPTSETUP +GCRYPT +GNUTLS +ACL +XZ +LZ4 +SECCOMP +BLKID +ELFUTILS +KMOD -IDN2 +IDN -PCRE2 default-hierarchy=hybrid)
[   12.555336] systemd[1]: Detected architecture arm64.
[   12.580478] systemd[1]: Set hostname to <analog>.
[   12.773597] systemd[1]: File /lib/systemd/system/systemd-journald.service:12 configures an IP firewall (IPAddressDeny=any), but the local system does not support BPF/cgroup based firewalling.
[   12.790639] systemd[1]: Proceeding WITHOUT firewalling in effect! (This warning is only shown for the first loaded unit using IP firewalling.)
[   12.956175] systemd[1]: /etc/systemd/system/tof-server.service:1: Assignment outside of section. Ignoring.
[   12.965897] systemd[1]: /etc/systemd/system/tof-server.service:2: Assignment outside of section. Ignoring.
[   13.151490] random: systemd: uninitialized urandom read (16 bytes read)
[   13.166219] random: systemd: uninitialized urandom read (16 bytes read)
[   13.173390] systemd[1]: Listening on Journal Socket.
[   13.187865] random: systemd: uninitialized urandom read (16 bytes read)
[   13.196066] systemd[1]: Mounting RPC Pipe File System...
[   13.219880] systemd[1]: Starting Restore / save the current clock...
[   14.022453] EXT4-fs (mmcblk0p2): re-mounted. Opts: (null)
[   14.131508] systemd-journald[161]: Received request to flush runtime journal from PID 1
[   15.526765] random: crng init done
[   15.526778] random: 7 urandom warning(s) missed due to ratelimiting
[   20.151391] macb ff0e0000.ethernet eth0: PHY [ff0e0000.ethernet-ffffffff:0c] driver [TI DP83867] (irq=POLL)
[   20.151404] macb ff0e0000.ethernet eth0: configuring for phy/rgmii-id link mode
[   20.423784] Adding 79868k swap on /var/swap.  Priority:-2 extents:1 across:79868k SS
[   23.095047] broken atomic modeset userspace detected, disabling atomic
[   23.233381] macb ff0e0000.ethernet eth0: Link is Up - 1Gbps/Full - flow control off
[   23.233406] IPv6: ADDRCONF(NETDEV_CHANGE): eth0: link becomes ready
[   25.772609] broken atomic modeset userspace detected, disabling atomic
[   28.867780] broken atomic modeset userspace detected, disabling atomic