[    0.000000] printk: bootconsole [cdns0] enabled
[    0.000000] efi: UEFI not found.
[    0.000000] cma: Reserved 256 MiB at 0x0000000070000000
[    0.000000] Zone ranges:
[    0.000000]   DMA      [mem 0x0000000000000000-0x000000003fffffff]
[    0.000000]   DMA32    [mem 0x0000000040000000-0x00000000ffffffff]
[    0.000000]   Normal   [mem 0x0000000100000000-0x000000087fffffff]
[    0.000000] Movable zone start for each node
[    0.000000] Early memory node ranges
[    0.000000]   node   0: [mem 0x0000000000000000-0x000000007fffffff]
[    0.000000]   node   0: [mem 0x0000000800000000-0x000000087fffffff]
[    0.000000] Initmem setup node 0 [mem 0x0000000000000000-0x000000087fffffff]
[    0.000000] On node 0 totalpages: 1048576
[    0.000000]   DMA zone: 3584 pages used for memmap
[    0.000000]   DMA zone: 0 pages reserved
[    0.000000]   DMA zone: 262144 pages, LIFO batch:63
[    0.000000]   DMA32 zone: 3584 pages used for memmap
[    0.000000]   DMA32 zone: 262144 pages, LIFO batch:63
[    0.000000]   Normal zone: 7168 pages used for memmap
[    0.000000]   Normal zone: 524288 pages, LIFO batch:63
[    0.000000] psci: probing for conduit method from DT.
[    0.000000] psci: PSCIv1.1 detected in firmware.
[    0.000000] psci: Using standard PSCI v0.2 function IDs
[    0.000000] psci: MIGRATE_INFO_TYPE not supported.
[    0.000000] psci: SMC Calling Convention v1.2
[    0.000000] percpu: Embedded 22 pages/cpu s49496 r8192 d32424 u90112
[    0.000000] pcpu-alloc: s49496 r8192 d32424 u90112 alloc=22*4096
[    0.000000] pcpu-alloc: [0] 0 [0] 1 [0] 2 [0] 3 
[    0.000000] Detected VIPT I-cache on CPU0
[    0.000000] CPU features: detected: ARM erratum 845719
[    0.000000] Built 1 zonelists, mobility grouping on.  Total pages: 1034240
[    0.000000] Kernel command line: console=ttyPS0,115200 root=/dev/mmcblk0p2 rw earlycon rootfstype=ext4 rootwait clk_ignore_unused cpuidle.off=1 root=/dev/mmcblk0p2 rw rootwait
[    0.000000] Dentry cache hash table entries: 524288 (order: 10, 4194304 bytes, linear)
[    0.000000] Inode-cache hash table entries: 262144 (order: 9, 2097152 bytes, linear)
[    0.000000] mem auto-init: stack:off, heap alloc:off, heap free:off
[    0.000000] software IO TLB: mapped [mem 0x000000003bfff000-0x000000003ffff000] (64MB)
[    0.000000] Memory: 3761904K/4194304K available (15296K kernel code, 1636K rwdata, 11876K rodata, 2560K init, 507K bss, 170256K reserved, 262144K cma-reserved)
[    0.000000] rcu: Hierarchical RCU implementation.
[    0.000000] rcu: 	RCU event tracing is enabled.
[    0.000000] rcu: 	RCU restricting CPUs from NR_CPUS=8 to nr_cpu_ids=4.
[    0.000000] rcu: RCU calculated value of scheduler-enlistment delay is 25 jiffies.
[    0.000000] rcu: Adjusting geometry for rcu_fanout_leaf=16, nr_cpu_ids=4
[    0.000000] NR_IRQS: 64, nr_irqs: 64, preallocated irqs: 0
[    0.000000] GIC: Adjusting CPU interface base to 0x00000000f902f000
[    0.000000] GIC: Using split EOI/Deactivate mode
[    0.000000] random: get_random_bytes called from start_kernel+0x31c/0x54c with crng_init=0
[    0.000000] arch_timer: cp15 timer(s) running at 100.00MHz (phys).
[    0.000000] clocksource: arch_sys_counter: mask: 0xffffffffffffff max_cycles: 0x171024e7e0, max_idle_ns: 440795205315 ns
[    0.000003] sched_clock: 56 bits at 100MHz, resolution 10ns, wraps every 4398046511100ns
[    0.008462] Console: colour dummy device 80x25
[    0.012483] Calibrating delay loop (skipped), value calculated using timer frequency.. 200.00 BogoMIPS (lpj=400000)
[    0.022841] pid_max: default: 32768 minimum: 301
[    0.027549] Mount-cache hash table entries: 8192 (order: 4, 65536 bytes, linear)
[    0.034788] Mountpoint-cache hash table entries: 8192 (order: 4, 65536 bytes, linear)
[    0.043397] rcu: Hierarchical SRCU implementation.
[    0.047560] EFI services will not be available.
[    0.051939] smp: Bringing up secondary CPUs ...
[    0.056656] Detected VIPT I-cache on CPU1
[    0.056694] CPU1: Booted secondary processor 0x0000000001 [0x410fd034]
[    0.057059] Detected VIPT I-cache on CPU2
[    0.057083] CPU2: Booted secondary processor 0x0000000002 [0x410fd034]
[    0.057423] Detected VIPT I-cache on CPU3
[    0.057446] CPU3: Booted secondary processor 0x0000000003 [0x410fd034]
[    0.057492] smp: Brought up 1 node, 4 CPUs
[    0.091780] SMP: Total of 4 processors activated.
[    0.096452] CPU features: detected: 32-bit EL0 Support
[    0.101556] CPU features: detected: CRC32 instructions
[    0.106695] CPU: All CPU(s) started at EL2
[    0.110736] alternatives: patching kernel code
[    0.116168] devtmpfs: initialized
[    0.124053] Registered cp15_barrier emulation handler
[    0.124104] Registered setend emulation handler
[    0.128083] clocksource: jiffies: mask: 0xffffffff max_cycles: 0xffffffff, max_idle_ns: 7645041785100000 ns
[    0.137662] futex hash table entries: 1024 (order: 4, 65536 bytes, linear)
[    0.151023] pinctrl core: initialized pinctrl subsystem
[    0.151671] NET: Registered protocol family 16
[    0.156093] DMA: preallocated 512 KiB GFP_KERNEL pool for atomic allocations
[    0.162107] DMA: preallocated 512 KiB GFP_KERNEL|GFP_DMA pool for atomic allocations
[    0.169833] DMA: preallocated 512 KiB GFP_KERNEL|GFP_DMA32 pool for atomic allocations
[    0.177636] audit: initializing netlink subsys (disabled)
[    0.183088] audit: type=2000 audit(0.116:1): state=initialized audit_enabled=0 res=1
[    0.183432] hw-breakpoint: found 6 breakpoint and 4 watchpoint registers.
[    0.197463] ASID allocator initialised with 65536 entries
[    0.224341] HugeTLB registered 1.00 GiB page size, pre-allocated 0 pages
[    0.225394] HugeTLB registered 32.0 MiB page size, pre-allocated 0 pages
[    0.232066] HugeTLB registered 2.00 MiB page size, pre-allocated 0 pages
[    0.238728] HugeTLB registered 64.0 KiB page size, pre-allocated 0 pages
[    1.304317] DRBG: Continuing without Jitter RNG
[    1.382125] raid6: neonx8   gen()  2140 MB/s
[    1.450170] raid6: neonx8   xor()  1597 MB/s
[    1.518232] raid6: neonx4   gen()  2192 MB/s
[    1.586281] raid6: neonx4   xor()  1567 MB/s
[    1.654341] raid6: neonx2   gen()  2076 MB/s
[    1.722391] raid6: neonx2   xor()  1436 MB/s
[    1.790465] raid6: neonx1   gen()  1772 MB/s
[    1.858504] raid6: neonx1   xor()  1220 MB/s
[    1.926563] raid6: int64x8  gen()  1438 MB/s
[    1.994618] raid6: int64x8  xor()   771 MB/s
[    2.062691] raid6: int64x4  gen()  1598 MB/s
[    2.130736] raid6: int64x4  xor()   819 MB/s
[    2.198807] raid6: int64x2  gen()  1397 MB/s
[    2.266866] raid6: int64x2  xor()   749 MB/s
[    2.334922] raid6: int64x1  gen()  1033 MB/s
[    2.402992] raid6: int64x1  xor()   517 MB/s
[    2.403030] raid6: using algorithm neonx4 gen() 2192 MB/s
[    2.406987] raid6: .... xor() 1567 MB/s, rmw enabled
[    2.411917] raid6: using neon recovery algorithm
[    2.416928] iommu: Default domain type: Translated 
[    2.421541] SCSI subsystem initialized
[    2.425087] libata version 3.00 loaded.
[    2.425211] usbcore: registered new interface driver usbfs
[    2.430544] usbcore: registered new interface driver hub
[    2.435817] usbcore: registered new device driver usb
[    2.440949] mc: Linux media interface: v0.10
[    2.445066] videodev: Linux video capture interface: v2.00
[    2.450557] EDAC MC: Ver: 3.0.0
[    2.453998] zynqmp-ipi-mbox mailbox@ff990400: Registered ZynqMP IPI mbox with TX/RX channels.
[    2.462503] jesd204: created con: id=0, topo=0, link=0, /axi/spi@ff050000/hmc7044@0 <-> /fpga-axi@0/axi-adxcvr-tx@84b60000
[    2.473086] jesd204: created con: id=1, topo=0, link=2, /axi/spi@ff050000/hmc7044@0 <-> /fpga-axi@0/axi-adxcvr-rx@84a60000
[    2.484070] jesd204: created con: id=2, topo=0, link=0, /fpga-axi@0/axi-adxcvr-tx@84b60000 <-> /fpga-axi@0/axi-jesd204-tx@84b90000
[    2.495745] jesd204: created con: id=3, topo=0, link=2, /fpga-axi@0/axi-adxcvr-rx@84a60000 <-> /fpga-axi@0/axi-jesd204-rx@84a90000
[    2.507423] jesd204: created con: id=4, topo=0, link=0, /fpga-axi@0/axi-jesd204-tx@84b90000 <-> /fpga-axi@0/axi-ad9081-tx-hpc@84b10000
[    2.519450] jesd204: created con: id=5, topo=0, link=2, /fpga-axi@0/axi-jesd204-rx@84a90000 <-> /fpga-axi@0/axi-ad9081-rx-hpc@84a10000
[    2.531473] jesd204: created con: id=6, topo=0, link=2, /fpga-axi@0/axi-ad9081-rx-hpc@84a10000 <-> /axi/spi@ff040000/ad9081@0
[    2.542715] jesd204: created con: id=7, topo=0, link=0, /fpga-axi@0/axi-ad9081-tx-hpc@84b10000 <-> /axi/spi@ff040000/ad9081@0
[    2.553965] jesd204: /axi/spi@ff040000/ad9081@0: JESD204[2] transition uninitialized -> initialized
[    2.562951] jesd204: /axi/spi@ff040000/ad9081@0: JESD204[0] transition uninitialized -> initialized
[    2.571943] jesd204: found 8 devices and 1 topologies
[    2.576986] FPGA manager framework
[    2.580465] Advanced Linux Sound Architecture Driver Initialized.
[    2.586759] Bluetooth: Core ver 2.22
[    2.589945] NET: Registered protocol family 31
[    2.594347] Bluetooth: HCI device and connection manager initialized
[    2.600663] Bluetooth: HCI socket layer initialized
[    2.605505] Bluetooth: L2CAP socket layer initialized
[    2.610529] Bluetooth: SCO socket layer initialized
[    2.615716] clocksource: Switched to clocksource arch_sys_counter
[    2.621521] VFS: Disk quotas dquot_6.6.0
[    2.625356] VFS: Dquot-cache hash table entries: 512 (order 0, 4096 bytes)
[    2.636079] NET: Registered protocol family 2
[    2.636802] tcp_listen_portaddr_hash hash table entries: 2048 (order: 3, 32768 bytes, linear)
[    2.644997] TCP established hash table entries: 32768 (order: 6, 262144 bytes, linear)
[    2.653021] TCP bind hash table entries: 32768 (order: 7, 524288 bytes, linear)
[    2.660467] TCP: Hash tables configured (established 32768 bind 32768)
[    2.666642] UDP hash table entries: 2048 (order: 4, 65536 bytes, linear)
[    2.673308] UDP-Lite hash table entries: 2048 (order: 4, 65536 bytes, linear)
[    2.680467] NET: Registered protocol family 1
[    2.684922] RPC: Registered named UNIX socket transport module.
[    2.690544] RPC: Registered udp transport module.
[    2.695208] RPC: Registered tcp transport module.
[    2.699878] RPC: Registered tcp NFSv4.1 backchannel transport module.
[    2.706870] PCI: CLS 0 bytes, default 64
[    2.710576] hw perfevents: no interrupt-affinity property for /pmu, guessing.
[    2.717431] hw perfevents: enabled with armv8_pmuv3 PMU driver, 7 counters available
[    2.725787] Initialise system trusted keyrings
[    2.729461] workingset: timestamp_bits=62 max_order=20 bucket_order=0
[    2.736356] NFS: Registering the id_resolver key type
[    2.740807] Key type id_resolver registered
[    2.744946] Key type id_legacy registered
[    2.748936] nfs4filelayout_init: NFSv4 File Layout Driver Registering...
[    2.755602] jffs2: version 2.2. (NAND) (SUMMARY)  Â© 2001-2006 Red Hat, Inc.
[    2.799393] NET: Registered protocol family 38
[    2.799436] xor: measuring software checksum speed
[    2.807127]    8regs           :  2363 MB/sec
[    2.810796]    32regs          :  2799 MB/sec
[    2.815742]    arm64_neon      :  2380 MB/sec
[    2.815929] xor: using function: 32regs (2799 MB/sec)
[    2.820955] Key type asymmetric registered
[    2.825016] Asymmetric key parser 'x509' registered
[    2.829877] Block layer SCSI generic (bsg) driver version 0.4 loaded (major 248)
[    2.837214] io scheduler mq-deadline registered
[    2.841710] io scheduler kyber registered
[    2.871120] Serial: 8250/16550 driver, 4 ports, IRQ sharing disabled
[    2.875762] cacheinfo: Unable to detect cache hierarchy for CPU 0
[    2.882088] brd: module loaded
[    2.886212] loop: module loaded
[    2.886757] Registered mathworks_ip class
[    2.890130] libphy: Fixed MDIO Bus: probed
[    2.893106] tun: Universal TUN/TAP device driver, 1.6
[    2.897169] CAN device driver interface
[    2.901702] usbcore: registered new interface driver asix
[    2.906301] usbcore: registered new interface driver ax88179_178a
[    2.912333] usbcore: registered new interface driver cdc_ether
[    2.918125] usbcore: registered new interface driver net1080
[    2.923750] usbcore: registered new interface driver cdc_subset
[    2.929631] usbcore: registered new interface driver zaurus
[    2.935175] usbcore: registered new interface driver cdc_ncm
[    2.941579] ehci_hcd: USB 2.0 'Enhanced' Host Controller (EHCI) Driver
[    2.947261] ehci-pci: EHCI PCI platform driver
[    2.952065] usbcore: registered new interface driver uas
[    2.956978] usbcore: registered new interface driver usb-storage
[    2.962966] usbcore: registered new interface driver usbserial_generic
[    2.969415] usbserial: USB Serial support registered for generic
[    2.975389] usbcore: registered new interface driver ftdi_sio
[    2.981091] usbserial: USB Serial support registered for FTDI USB Serial Device
[    2.988368] usbcore: registered new interface driver upd78f0730
[    2.994239] usbserial: USB Serial support registered for upd78f0730
[    3.001886] rtc_zynqmp ffa60000.rtc: registered as rtc0
[    3.005664] rtc_zynqmp ffa60000.rtc: setting system clock to 2022-03-26T02:06:53 UTC (1648260413)
[    3.014527] i2c /dev entries driver
[    3.019845] usbcore: registered new interface driver uvcvideo
[    3.023632] USB Video Class driver (1.1.1)
[    3.029218] Bluetooth: HCI UART driver ver 2.3
[    3.032122] Bluetooth: HCI UART protocol H4 registered
[    3.037220] Bluetooth: HCI UART protocol BCSP registered
[    3.042508] Bluetooth: HCI UART protocol LL registered
[    3.047599] Bluetooth: HCI UART protocol ATH3K registered
[    3.052973] Bluetooth: HCI UART protocol Three-wire (H5) registered
[    3.059225] Bluetooth: HCI UART protocol Intel registered
[    3.064564] Bluetooth: HCI UART protocol QCA registered
[    3.069768] usbcore: registered new interface driver bcm203x
[    3.075386] usbcore: registered new interface driver bpa10x
[    3.080922] usbcore: registered new interface driver bfusb
[    3.086375] usbcore: registered new interface driver btusb
[    3.091837] usbcore: registered new interface driver ath3k
[    3.097318] EDAC MC: ECC not enabled
[    3.100946] EDAC DEVICE0: Giving out device to module zynqmp-ocm-edac controller zynqmp_ocm: DEV ff960000.memory-controller (INTERRUPT)
[    3.113259] sdhci: Secure Digital Host Controller Interface driver
[    3.119048] sdhci: Copyright(c) Pierre Ossman
[    3.123371] sdhci-pltfm: SDHCI platform and OF driver helper
[    3.129421] ledtrig-cpu: registered to indicate activity on CPUs
[    3.134977] SMCCC: SOC_ID: ARCH_SOC_ID not implemented, skipping ....
[    3.141409] zynqmp_firmware_probe Platform Management API v1.1
[    3.147163] zynqmp_firmware_probe Trustzone version v1.0
[    3.186697] zynqmp-pinctrl firmware:zynqmp-firmware:pinctrl: zynqmp pinctrl initialized
[    3.234682] zynqmp-aes firmware:zynqmp-firmware:zynqmp-aes: will run requests pump with realtime priority
[    3.250517] alg: No test for xilinx-keccak-384 (zynqmp-keccak-384)
[    3.251227] alg: No test for xilinx-zynqmp-rsa (zynqmp-rsa)
[    3.256743] usbcore: registered new interface driver usbhid
[    3.262130] usbhid: USB HID core driver
[    3.273379] axi_sysid 85000000.axi-sysid-0: AXI System ID core version (1.01.a) found
[    3.275737] axi_sysid 85000000.axi-sysid-0: [ad9081_fmca_ebz] on [zcu102] git branch <master> git <084d44c9780640ca93fd847b1d9ec70dd65f5c67> clean [2022-03-18 04:17:50] UTC
[    3.291410] fpga_manager fpga0: Xilinx ZynqMP FPGA Manager registered
[    3.297774] usbcore: registered new interface driver snd-usb-audio
[    3.305218] pktgen: Packet Generator for packet performance testing. Version: 2.75
[    3.311392] Initializing XFRM netlink socket
[    3.315254] NET: Registered protocol family 10
[    3.319982] Segment Routing with IPv6
[    3.323347] sit: IPv6, IPv4 and MPLS over IPv4 tunneling driver
[    3.329427] NET: Registered protocol family 17
[    3.333529] NET: Registered protocol family 15
[    3.338026] can: controller area network core
[    3.342278] NET: Registered protocol family 29
[    3.346672] can: raw protocol
[    3.349606] can: broadcast manager protocol
[    3.353761] can: netlink gateway - max_hops=1
[    3.358152] Bluetooth: RFCOMM TTY layer initialized
[    3.362934] Bluetooth: RFCOMM socket layer initialized
[    3.368043] Bluetooth: RFCOMM ver 1.11
[    3.371754] Bluetooth: BNEP (Ethernet Emulation) ver 1.3
[    3.377024] Bluetooth: BNEP filters: protocol multicast
[    3.382218] Bluetooth: BNEP socket layer initialized
[    3.387145] Bluetooth: HIDP (Human Interface Emulation) ver 1.2
[    3.393029] Bluetooth: HIDP socket layer initialized
[    3.398083] 9pnet: Installing 9P2000 support
[    3.402206] NET: Registered protocol family 36
[    3.406623] Key type dns_resolver registered
[    3.411053] registered taskstats version 1
[    3.414919] Loading compiled-in X.509 certificates
[    3.420038] Btrfs loaded, crc32c=crc32c-generic
[    3.432438] ff000000.serial: ttyPS0 at MMIO 0xff000000 (irq = 49, base_baud = 6249999) is a xuartps
[    3.441462] printk: console [ttyPS0] enabled
[    3.445758] printk: bootconsole [cdns0] disabled
[    3.455384] ff010000.serial: ttyPS1 at MMIO 0xff010000 (irq = 50, base_baud = 6249999) is a xuartps
[    3.468633] of-fpga-region fpga-full: FPGA Region probed
[    3.475578] nwl-pcie fd0e0000.pcie: host bridge /axi/pcie@fd0e0000 ranges:
[    3.482478] nwl-pcie fd0e0000.pcie:      MEM 0x00e0000000..0x00efffffff -> 0x00e0000000
[    3.490480] nwl-pcie fd0e0000.pcie:      MEM 0x0600000000..0x07ffffffff -> 0x0600000000
[    3.498548] nwl-pcie fd0e0000.pcie: Link is DOWN
[    3.503306] nwl-pcie fd0e0000.pcie: PCI host bridge to bus 0000:00
[    3.509487] pci_bus 0000:00: root bus resource [bus 00-ff]
[    3.514967] pci_bus 0000:00: root bus resource [mem 0xe0000000-0xefffffff]
[    3.521832] pci_bus 0000:00: root bus resource [mem 0x600000000-0x7ffffffff pref]
[    3.529335] pci 0000:00:00.0: [10ee:d021] type 01 class 0x060400
[    3.535398] pci 0000:00:00.0: PME# supported from D0 D1 D2 D3hot
[    3.545837] pci 0000:00:00.0: PCI bridge to [bus 01-0c]
[    3.551822] xilinx-zynqmp-dma fd500000.dma: ZynqMP DMA driver Probe success
[    3.558993] xilinx-zynqmp-dma fd510000.dma: ZynqMP DMA driver Probe success
[    3.566170] xilinx-zynqmp-dma fd520000.dma: ZynqMP DMA driver Probe success
[    3.573341] xilinx-zynqmp-dma fd530000.dma: ZynqMP DMA driver Probe success
[    3.580505] xilinx-zynqmp-dma fd540000.dma: ZynqMP DMA driver Probe success
[    3.587674] xilinx-zynqmp-dma fd550000.dma: ZynqMP DMA driver Probe success
[    3.594844] xilinx-zynqmp-dma fd560000.dma: ZynqMP DMA driver Probe success
[    3.602013] xilinx-zynqmp-dma fd570000.dma: ZynqMP DMA driver Probe success
[    3.609411] xilinx-zynqmp-dpdma fd4c0000.dma-controller: Xilinx DPDMA engine is probed
[    3.617959] ahci-ceva fd0c0000.ahci: supply ahci not found, using dummy regulator
[    3.625506] ahci-ceva fd0c0000.ahci: supply phy not found, using dummy regulator
[    3.715885] hmc7044 spi2.0: PLL1: Acquisition, CLKIN0 @ 122880000 Hz, PFD: 80 kHz - PLL2: Locked @ 2448.000000 MHz
[    3.726602] jesd204: /axi/spi@ff050000/hmc7044@0,jesd204:1,parent=spi2.0: Using as SYSREF provider
[    3.736183] spi-nor spi0.0: SPI-NOR-UniqueID 100000235394732200270025081115266e
[    3.743489] spi-nor spi0.0: found n25q512a, expected m25p80
[    3.749700] spi-nor spi0.0: trying to lock already unlocked area
[    3.755700] spi-nor spi0.0: n25q512a (131072 Kbytes)
[    3.760684] 4 fixed-partitions partitions found on MTD device spi0.0
[    3.767032] Creating 4 MTD partitions on "spi0.0":
[    3.771818] 0x000000000000-0x000000100000 : "qspi-fsbl-uboot"
[    3.778307] 0x000000100000-0x000000600000 : "qspi-linux"
[    3.784260] 0x000000600000-0x000000620000 : "qspi-device-tree"
[    3.790732] 0x000000620000-0x000000c00000 : "qspi-rootfs"
[    3.799195] macb ff0e0000.ethernet: Not enabling partial store and forward
[    3.806728] libphy: MACB_mii_bus: probed
[    3.811798] macb ff0e0000.ethernet eth0: Cadence GEM rev 0x50070106 at 0xff0e0000 irq 30 (00:0a:35:04:8e:1b)
[    3.822005] xilinx-axipmon ffa00000.perf-monitor: Probed Xilinx APM
[    3.828577] xilinx-axipmon fd0b0000.perf-monitor: Probed Xilinx APM
[    3.835098] xilinx-axipmon fd490000.perf-monitor: Probed Xilinx APM
[    3.841640] xilinx-axipmon ffa10000.perf-monitor: Probed Xilinx APM
[    3.851635] pca953x 0-0020: supply vcc not found, using dummy regulator
[    3.858317] pca953x 0-0020: using no AI
[    3.862805] gpio-496 (sel0): hogged as output/low
[    3.867712] gpio-497 (sel1): hogged as output/high
[    3.872698] gpio-498 (sel2): hogged as output/high
[    3.877687] gpio-499 (sel3): hogged as output/high
[    3.882862] pca953x 0-0021: supply vcc not found, using dummy regulator
[    3.889536] pca953x 0-0021: using no AI
[    3.895300] ina2xx 2-0040: power monitor ina226 (Rshunt = 5000 uOhm)
[    3.902324] ina2xx 2-0041: power monitor ina226 (Rshunt = 5000 uOhm)
[    3.909365] ina2xx 2-0042: power monitor ina226 (Rshunt = 5000 uOhm)
[    3.916395] ina2xx 2-0043: power monitor ina226 (Rshunt = 5000 uOhm)
[    3.923420] ina2xx 2-0044: power monitor ina226 (Rshunt = 5000 uOhm)
[    3.930444] ina2xx 2-0045: power monitor ina226 (Rshunt = 5000 uOhm)
[    3.937471] ina2xx 2-0046: power monitor ina226 (Rshunt = 5000 uOhm)
[    3.944547] ina2xx 2-0047: power monitor ina226 (Rshunt = 5000 uOhm)
[    3.951571] ina2xx 2-004a: power monitor ina226 (Rshunt = 5000 uOhm)
[    3.958603] ina2xx 2-004b: power monitor ina226 (Rshunt = 5000 uOhm)
[    3.965017] i2c i2c-0: Added multiplexed i2c bus 2
[    3.970400] random: fast init done
[    3.973873] ina2xx 3-0040: power monitor ina226 (Rshunt = 2000 uOhm)
[    3.980899] ina2xx 3-0041: power monitor ina226 (Rshunt = 5000 uOhm)
[    3.987927] ina2xx 3-0042: power monitor ina226 (Rshunt = 5000 uOhm)
[    3.994958] ina2xx 3-0043: power monitor ina226 (Rshunt = 5000 uOhm)
[    4.001985] ina2xx 3-0044: power monitor ina226 (Rshunt = 5000 uOhm)
[    4.009011] ina2xx 3-0045: power monitor ina226 (Rshunt = 5000 uOhm)
[    4.016045] ina2xx 3-0046: power monitor ina226 (Rshunt = 5000 uOhm)
[    4.023074] ina2xx 3-0047: power monitor ina226 (Rshunt = 5000 uOhm)
[    4.029474] i2c i2c-0: Added multiplexed i2c bus 3
[    4.085835] i2c i2c-0: Added multiplexed i2c bus 4
[    4.090778] i2c i2c-0: Added multiplexed i2c bus 5
[    4.095568] pca954x 0-0075: registered 4 multiplexed busses for I2C mux pca9544
[    4.102918] cdns-i2c ff020000.i2c: 400 kHz mmio ff020000 irq 32
[    4.110647] at24 6-0054: supply vcc not found, using dummy regulator
[    4.117545] at24 6-0054: 1024 byte 24c08 EEPROM, writable, 1 bytes/write
[    4.124297] i2c i2c-1: Added multiplexed i2c bus 6
[    4.130727] si5341 7-0036: Chip: 5341 Grade: 1 Rev: 1
[    4.168387] i2c i2c-1: Added multiplexed i2c bus 7
[    4.176038] si570 8-005d: registered, current frequency 300000000 Hz
[    4.182443] i2c i2c-1: Added multiplexed i2c bus 8
[    4.202228] si570 9-005d: registered, current frequency 148500000 Hz
[    4.208631] i2c i2c-1: Added multiplexed i2c bus 9
[    4.213670] si5324 10-0069: si5328 probed
[    4.280069] si5324 10-0069: si5328 probe successful
[    4.285000] i2c i2c-1: Added multiplexed i2c bus 10
[    4.290027] i2c i2c-1: Added multiplexed i2c bus 11
[    4.295054] i2c i2c-1: Added multiplexed i2c bus 12
[    4.300075] i2c i2c-1: Added multiplexed i2c bus 13
[    4.304955] pca954x 1-0074: registered 8 multiplexed busses for I2C switch pca9548
[    4.313063] at24 14-0050: supply vcc not found, using dummy regulator
[    4.319859] at24 14-0050: 256 byte 24c02 EEPROM, writable, 1 bytes/write
[    4.326607] i2c i2c-1: Added multiplexed i2c bus 14
[    4.331649] i2c i2c-1: Added multiplexed i2c bus 15
[    4.336681] i2c i2c-1: Added multiplexed i2c bus 16
[    4.341717] i2c i2c-1: Added multiplexed i2c bus 17
[    4.346748] i2c i2c-1: Added multiplexed i2c bus 18
[    4.351800] i2c i2c-1: Added multiplexed i2c bus 19
[    4.356836] i2c i2c-1: Added multiplexed i2c bus 20
[    4.361874] i2c i2c-1: Added multiplexed i2c bus 21
[    4.366748] pca954x 1-0075: registered 8 multiplexed busses for I2C switch pca9548
[    4.374357] cdns-i2c ff030000.i2c: 400 kHz mmio ff030000 irq 33
[    4.384113] cdns-wdt fd4d0000.watchdog: Xilinx Watchdog Timer with timeout 60s
[    4.395050] axi_adxcvr 84a60000.axi-adxcvr-rx: AXI-ADXCVR-RX (17.05.a) using CPLL on GTH4 at 0x84A60000. Number of lanes: 4.
[    4.407229] axi_adxcvr 84b60000.axi-adxcvr-tx: AXI-ADXCVR-TX (17.05.a) using QPLL on GTH4 at 0x84B60000. Number of lanes: 4.
[    4.418858] axi-jesd204-rx 84a90000.axi-jesd204-rx: AXI-JESD204-RX (1.07.a) at 0x84A90000. Encoder 8b10b, width 4/4, lanes 4, jesd204-fsm.
[    4.426138] mmc0: SDHCI controller on ff170000.mmc [ff170000.mmc] using ADMA 64-bit
[    4.431703] axi-jesd204-tx 84b90000.axi-jesd204-tx: AXI-JESD204-TX (1.06.a) at 0x84B90000. Encoder 8b10b, width 4/4, lanes 4, jesd204-fsm.
[    4.452422] zynqmp-display fd4a0000.display: vtc bridge property not present
[    4.462074] xilinx-dp-snd-codec fd4a0000.display:zynqmp_dp_snd_codec0: Failed to get required clock freq
[    4.471577] xilinx-dp-snd-codec: probe of fd4a0000.display:zynqmp_dp_snd_codec0 failed with error -22
[    4.473498] mmc0: new high speed SDHC card at address 0001
[    4.481116] xilinx-dp-snd-pcm zynqmp_dp_snd_pcm0: Xilinx DisplayPort Sound PCM probed
[    4.486629] mmcblk0: mmc0:0001 EB1QT 29.8 GiB 
[    4.494432] xilinx-dp-snd-pcm zynqmp_dp_snd_pcm1: Xilinx DisplayPort Sound PCM probed
[    4.499778]  mmcblk0: p1 p2 p3
[    4.506732] OF: graph: no port node found in /axi/display@fd4a0000
[    4.515812] xlnx-drm xlnx-drm.0: bound fd4a0000.display (ops 0xffffffc010fcbdb8)
[    5.599732] zynqmp-display fd4a0000.display: [drm] Cannot find any crtc or sizes
[    5.607346] [drm] Initialized xlnx 1.0.0 20130509 for fd4a0000.display on minor 0
[    5.614839] zynqmp-display fd4a0000.display: ZynqMP DisplayPort Subsystem driver probed
[    5.623160] ahci-ceva fd0c0000.ahci: supply ahci not found, using dummy regulator
[    5.630709] ahci-ceva fd0c0000.ahci: supply phy not found, using dummy regulator
[    5.638159] ahci-ceva fd0c0000.ahci: supply target not found, using dummy regulator
[    5.656057] ahci-ceva fd0c0000.ahci: AHCI 0001.0301 32 slots 2 ports 6 Gbps 0x3 impl platform mode
[    5.665018] ahci-ceva fd0c0000.ahci: flags: 64bit ncq sntf pm clo only pmp fbs pio slum part ccc sds apst 
[    5.675642] scsi host0: ahci-ceva
[    5.679243] scsi host1: ahci-ceva
[    5.682669] ata1: SATA max UDMA/133 mmio [mem 0xfd0c0000-0xfd0c1fff] port 0x100 irq 45
[    5.690584] ata2: SATA max UDMA/133 mmio [mem 0xfd0c0000-0xfd0c1fff] port 0x180 irq 45
[    5.699187] ad9081 spi1.0: supply vdd not found, using dummy regulator
[    6.009933] ata2: SATA link down (SStatus 0 SControl 330)
[    6.015349] ata1: SATA link down (SStatus 0 SControl 330)
[    6.683735] zynqmp-display fd4a0000.display: [drm] Cannot find any crtc or sizes
[    7.519967] ad9081 spi1.0: AD9081 Rev. 2 Grade 10 (API 1.2.2) probed
[    7.527171] xhci-hcd xhci-hcd.1.auto: xHCI Host Controller
[    7.532670] xhci-hcd xhci-hcd.1.auto: new USB bus registered, assigned bus number 1
[    7.540415] xhci-hcd xhci-hcd.1.auto: hcc params 0x0238f625 hci version 0x100 quirks 0x0000000002010810
[    7.549835] xhci-hcd xhci-hcd.1.auto: irq 59, io mem 0xfe200000
[    7.555947] usb usb1: New USB device found, idVendor=1d6b, idProduct=0002, bcdDevice= 5.10
[    7.564209] usb usb1: New USB device strings: Mfr=3, Product=2, SerialNumber=1
[    7.571426] usb usb1: Product: xHCI Host Controller
[    7.576294] usb usb1: Manufacturer: Linux 5.10.0-98103-g2aa7ac113716 xhci-hcd
[    7.583419] usb usb1: SerialNumber: xhci-hcd.1.auto
[    7.588585] hub 1-0:1.0: USB hub found
[    7.592347] hub 1-0:1.0: 1 port detected
[    7.596453] xhci-hcd xhci-hcd.1.auto: xHCI Host Controller
[    7.601941] xhci-hcd xhci-hcd.1.auto: new USB bus registered, assigned bus number 2
[    7.609597] xhci-hcd xhci-hcd.1.auto: Host supports USB 3.0 SuperSpeed
[    7.616218] usb usb2: New USB device found, idVendor=1d6b, idProduct=0003, bcdDevice= 5.10
[    7.624480] usb usb2: New USB device strings: Mfr=3, Product=2, SerialNumber=1
[    7.631698] usb usb2: Product: xHCI Host Controller
[    7.636569] usb usb2: Manufacturer: Linux 5.10.0-98103-g2aa7ac113716 xhci-hcd
[    7.643695] usb usb2: SerialNumber: xhci-hcd.1.auto
[    7.648801] hub 2-0:1.0: USB hub found
[    7.652565] hub 2-0:1.0: 1 port detected
[    7.682622] cf_axi_adc 84a10000.axi-ad9081-rx-hpc: ADI AIM (10.01.b) at 0x84A10000 mapped to 0x(____ptrval____), probed ADC AD9081 as MASTER
[    7.712554] cf_axi_dds 84b10000.axi-ad9081-tx-hpc: Analog Devices CF_AXI_DDS_DDS MASTER (9.01.b) at 0x84B10000 mapped to 0x(____ptrval____), probed DDS AD9081
[    7.726752] jesd204: /axi/spi@ff040000/ad9081@0,jesd204:0,parent=spi1.0: JESD204[2] transition initialized -> probed
[    7.737272] jesd204: /axi/spi@ff040000/ad9081@0,jesd204:0,parent=spi1.0: JESD204[0] transition initialized -> probed
[    7.747796] jesd204: /axi/spi@ff040000/ad9081@0,jesd204:0,parent=spi1.0: JESD204[2] transition probed -> idle
[    7.757702] jesd204: /axi/spi@ff040000/ad9081@0,jesd204:0,parent=spi1.0: JESD204[0] transition probed -> idle
[    7.767620] jesd204: /axi/spi@ff040000/ad9081@0,jesd204:0,parent=spi1.0: JESD204[2] transition idle -> device_init
[    7.777962] jesd204: /axi/spi@ff040000/ad9081@0,jesd204:0,parent=spi1.0: JESD204[0] transition idle -> device_init
[    7.788315] jesd204: /axi/spi@ff040000/ad9081@0,jesd204:0,parent=spi1.0: JESD204[2] transition device_init -> link_init
[    7.799090] jesd204: /axi/spi@ff040000/ad9081@0,jesd204:0,parent=spi1.0: JESD204[0] transition device_init -> link_init
[    7.809881] jesd204: /axi/spi@ff040000/ad9081@0,jesd204:0,parent=spi1.0: JESD204[2] transition link_init -> link_supported
[    7.820920] jesd204: /axi/spi@ff040000/ad9081@0,jesd204:0,parent=spi1.0: JESD204[0] transition link_init -> link_supported
[    7.832326] hmc7044 spi2.0: hmc7044_jesd204_link_pre_setup: Link2 forcing continuous SYSREF mode
[    7.841502] jesd204: /axi/spi@ff040000/ad9081@0,jesd204:0,parent=spi1.0: JESD204[2] transition link_supported -> link_pre_setup
[    7.852977] jesd204: /axi/spi@ff040000/ad9081@0,jesd204:0,parent=spi1.0: JESD204[0] transition link_supported -> link_pre_setup
[    7.876826] jesd204: /axi/spi@ff040000/ad9081@0,jesd204:0,parent=spi1.0: JESD204[2] transition link_pre_setup -> clk_sync_stage1
[    7.888391] jesd204: /axi/spi@ff040000/ad9081@0,jesd204:0,parent=spi1.0: JESD204[0] transition link_pre_setup -> clk_sync_stage1
[    7.899956] jesd204: /axi/spi@ff040000/ad9081@0,jesd204:0,parent=spi1.0: JESD204[2] transition clk_sync_stage1 -> clk_sync_stage2
[    7.911605] jesd204: /axi/spi@ff040000/ad9081@0,jesd204:0,parent=spi1.0: JESD204[0] transition clk_sync_stage1 -> clk_sync_stage2
[    7.923252] jesd204: /axi/spi@ff040000/ad9081@0,jesd204:0,parent=spi1.0: JESD204[2] transition clk_sync_stage2 -> clk_sync_stage3
[    7.934896] jesd204: /axi/spi@ff040000/ad9081@0,jesd204:0,parent=spi1.0: JESD204[0] transition clk_sync_stage2 -> clk_sync_stage3
[    7.948568] jesd204: /axi/spi@ff040000/ad9081@0,jesd204:0,parent=spi1.0: JESD204[2] transition clk_sync_stage3 -> link_setup
[    7.959787] jesd204: /axi/spi@ff040000/ad9081@0,jesd204:0,parent=spi1.0: JESD204[0] transition clk_sync_stage3 -> link_setup
[    7.975838] jesd204: /axi/spi@ff040000/ad9081@0,jesd204:0,parent=spi1.0: JESD204[2] transition link_setup -> opt_setup_stage1
[    7.987143] jesd204: /axi/spi@ff040000/ad9081@0,jesd204:0,parent=spi1.0: JESD204[0] transition link_setup -> opt_setup_stage1
[    8.003475] jesd204: /axi/spi@ff040000/ad9081@0,jesd204:0,parent=spi1.0: JESD204[2] transition opt_setup_stage1 -> opt_setup_stage2
[    8.015301] jesd204: /axi/spi@ff040000/ad9081@0,jesd204:0,parent=spi1.0: JESD204[0] transition opt_setup_stage1 -> opt_setup_stage2
[    8.027273] jesd204: /axi/spi@ff040000/ad9081@0,jesd204:0,parent=spi1.0: JESD204[2] transition opt_setup_stage2 -> opt_setup_stage3
[    8.039094] jesd204: /axi/spi@ff040000/ad9081@0,jesd204:0,parent=spi1.0: JESD204[0] transition opt_setup_stage2 -> opt_setup_stage3
[    8.050916] jesd204: /axi/spi@ff040000/ad9081@0,jesd204:0,parent=spi1.0: JESD204[2] transition opt_setup_stage3 -> opt_setup_stage4
[    8.062735] jesd204: /axi/spi@ff040000/ad9081@0,jesd204:0,parent=spi1.0: JESD204[0] transition opt_setup_stage3 -> opt_setup_stage4
[    8.074569] jesd204: /axi/spi@ff040000/ad9081@0,jesd204:0,parent=spi1.0: JESD204[2] transition opt_setup_stage4 -> opt_setup_stage5
[    8.086389] jesd204: /axi/spi@ff040000/ad9081@0,jesd204:0,parent=spi1.0: JESD204[0] transition opt_setup_stage4 -> opt_setup_stage5
[    8.102355] jesd204: /axi/spi@ff040000/ad9081@0,jesd204:0,parent=spi1.0: JESD204[2] transition opt_setup_stage5 -> clocks_enable
[    8.113914] jesd204: /axi/spi@ff040000/ad9081@0,jesd204:0,parent=spi1.0: JESD204[0] transition opt_setup_stage5 -> clocks_enable
[    8.148730] axi_adxcvr 84a60000.axi-adxcvr-rx: adxcvr_clk_enable: CPLL RX buffer underflow error, status: 0x61
[    8.158718] axi_adxcvr 84a60000.axi-adxcvr-rx: adxcvr_clk_enable: CPLL RX buffer overflow error, status: 0x61
[    8.168691] jesd204: /axi/spi@ff040000/ad9081@0,jesd204:0,parent=spi1.0: JESD204[2] transition clocks_enable -> link_enable
[    8.179822] jesd204: /axi/spi@ff040000/ad9081@0,jesd204:0,parent=spi1.0: JESD204[0] transition clocks_enable -> link_enable
[    8.319718] axi-jesd204-rx 84a90000.axi-jesd204-rx: axi_jesd204_rx_jesd204_link_running: Link2 status failed (CGS)
[    8.330063] jesd204: /fpga-axi@0/axi-jesd204-rx@84a90000,jesd204:4,parent=84a90000.axi-jesd204-rx: JESD204[2] In link_running got error from cb: -1
[    8.343276] jesd204: /axi/spi@ff040000/ad9081@0,jesd204:0,parent=spi1.0: Rolling back from 'link_enable', got error -1
[    8.353971] jesd204: /axi/spi@ff040000/ad9081@0,jesd204:0,parent=spi1.0: JESD204[0] transition link_enable -> link_running
[    8.365007] jesd204: /axi/spi@ff040000/ad9081@0,jesd204:0,parent=spi1.0: JESD204[2] transition link_enable -> link_running
[    8.376109] jesd204: /axi/spi@ff040000/ad9081@0,jesd204:0,parent=spi1.0: JESD204[0] transition link_running -> link_enable
[    8.387152] jesd204: /axi/spi@ff040000/ad9081@0,jesd204:0,parent=spi1.0: JESD204[2] transition link_running -> link_enable
[    8.402248] jesd204: /axi/spi@ff040000/ad9081@0,jesd204:0,parent=spi1.0: JESD204[0] transition link_enable -> clocks_enable
[    8.413374] jesd204: /axi/spi@ff040000/ad9081@0,jesd204:0,parent=spi1.0: JESD204[2] transition link_enable -> clocks_enable
[    8.424505] jesd204: /axi/spi@ff040000/ad9081@0,jesd204:0,parent=spi1.0: JESD204[0] transition clocks_enable -> opt_setup_stage5
[    8.436063] jesd204: /axi/spi@ff040000/ad9081@0,jesd204:0,parent=spi1.0: JESD204[2] transition clocks_enable -> opt_setup_stage5
[    8.447627] jesd204: /axi/spi@ff040000/ad9081@0,jesd204:0,parent=spi1.0: JESD204[0] transition opt_setup_stage5 -> opt_setup_stage4
[    8.459446] jesd204: /axi/spi@ff040000/ad9081@0,jesd204:0,parent=spi1.0: JESD204[2] transition opt_setup_stage5 -> opt_setup_stage4
[    8.471271] jesd204: /axi/spi@ff040000/ad9081@0,jesd204:0,parent=spi1.0: JESD204[0] transition opt_setup_stage4 -> opt_setup_stage3
[    8.483093] jesd204: /axi/spi@ff040000/ad9081@0,jesd204:0,parent=spi1.0: JESD204[2] transition opt_setup_stage4 -> opt_setup_stage3
[    8.494915] jesd204: /axi/spi@ff040000/ad9081@0,jesd204:0,parent=spi1.0: JESD204[0] transition opt_setup_stage3 -> opt_setup_stage2
[    8.506736] jesd204: /axi/spi@ff040000/ad9081@0,jesd204:0,parent=spi1.0: JESD204[2] transition opt_setup_stage3 -> opt_setup_stage2
[    8.518559] jesd204: /axi/spi@ff040000/ad9081@0,jesd204:0,parent=spi1.0: JESD204[0] transition opt_setup_stage2 -> opt_setup_stage1
[    8.530379] jesd204: /axi/spi@ff040000/ad9081@0,jesd204:0,parent=spi1.0: JESD204[2] transition opt_setup_stage2 -> opt_setup_stage1
[    8.542206] jesd204: /axi/spi@ff040000/ad9081@0,jesd204:0,parent=spi1.0: JESD204[0] transition opt_setup_stage1 -> link_setup
[    8.553502] jesd204: /axi/spi@ff040000/ad9081@0,jesd204:0,parent=spi1.0: JESD204[2] transition opt_setup_stage1 -> link_setup
[    8.564807] jesd204: /axi/spi@ff040000/ad9081@0,jesd204:0,parent=spi1.0: JESD204[0] transition link_setup -> clk_sync_stage3
[    8.576022] jesd204: /axi/spi@ff040000/ad9081@0,jesd204:0,parent=spi1.0: JESD204[2] transition link_setup -> clk_sync_stage3
[    8.587236] jesd204: /axi/spi@ff040000/ad9081@0,jesd204:0,parent=spi1.0: JESD204[0] transition clk_sync_stage3 -> clk_sync_stage2
[    8.598881] jesd204: /axi/spi@ff040000/ad9081@0,jesd204:0,parent=spi1.0: JESD204[2] transition clk_sync_stage3 -> clk_sync_stage2
[    8.610533] jesd204: /axi/spi@ff040000/ad9081@0,jesd204:0,parent=spi1.0: JESD204[0] transition clk_sync_stage2 -> clk_sync_stage1
[    8.622178] jesd204: /axi/spi@ff040000/ad9081@0,jesd204:0,parent=spi1.0: JESD204[2] transition clk_sync_stage2 -> clk_sync_stage1
[    8.633830] jesd204: /axi/spi@ff040000/ad9081@0,jesd204:0,parent=spi1.0: JESD204[0] transition clk_sync_stage1 -> link_pre_setup
[    8.645389] jesd204: /axi/spi@ff040000/ad9081@0,jesd204:0,parent=spi1.0: JESD204[2] transition clk_sync_stage1 -> link_pre_setup
[    8.656954] jesd204: /axi/spi@ff040000/ad9081@0,jesd204:0,parent=spi1.0: JESD204[0] transition link_pre_setup -> link_supported
[    8.668426] jesd204: /axi/spi@ff040000/ad9081@0,jesd204:0,parent=spi1.0: JESD204[2] transition link_pre_setup -> link_supported
[    8.679903] jesd204: /axi/spi@ff040000/ad9081@0,jesd204:0,parent=spi1.0: JESD204[0] transition link_supported -> link_init
[    8.690941] jesd204: /axi/spi@ff040000/ad9081@0,jesd204:0,parent=spi1.0: JESD204[2] transition link_supported -> link_init
[    8.701986] jesd204: /axi/spi@ff040000/ad9081@0,jesd204:0,parent=spi1.0: JESD204[0] transition link_init -> device_init
[    8.712763] jesd204: /axi/spi@ff040000/ad9081@0,jesd204:0,parent=spi1.0: JESD204[2] transition link_init -> device_init
[    8.723546] jesd204: /axi/spi@ff040000/ad9081@0,jesd204:0,parent=spi1.0: JESD204[0] transition device_init -> idle
[    8.733890] jesd204: /axi/spi@ff040000/ad9081@0,jesd204:0,parent=spi1.0: JESD204[2] transition device_init -> idle
[    8.744242] jesd204: /axi/spi@ff040000/ad9081@0,jesd204:0,parent=spi1.0: JESD204[2] transition idle -> idle
[    8.753976] jesd204: /axi/spi@ff040000/ad9081@0,jesd204:0,parent=spi1.0: JESD204[0] transition idle -> idle
[    8.763717] jesd204: /axi/spi@ff040000/ad9081@0,jesd204:0,parent=spi1.0: JESD204[2] transition idle -> device_init
[    8.774061] jesd204: /axi/spi@ff040000/ad9081@0,jesd204:0,parent=spi1.0: JESD204[0] transition idle -> device_init
[    8.784411] jesd204: /axi/spi@ff040000/ad9081@0,jesd204:0,parent=spi1.0: JESD204[2] transition device_init -> link_init
[    8.795188] jesd204: /axi/spi@ff040000/ad9081@0,jesd204:0,parent=spi1.0: JESD204[0] transition device_init -> link_init
[    8.805976] jesd204: /axi/spi@ff040000/ad9081@0,jesd204:0,parent=spi1.0: JESD204[2] transition link_init -> link_supported
[    8.817019] jesd204: /axi/spi@ff040000/ad9081@0,jesd204:0,parent=spi1.0: JESD204[0] transition link_init -> link_supported
[    8.828347] jesd204: /axi/spi@ff040000/ad9081@0,jesd204:0,parent=spi1.0: JESD204[2] transition link_supported -> link_pre_setup
[    8.839822] jesd204: /axi/spi@ff040000/ad9081@0,jesd204:0,parent=spi1.0: JESD204[0] transition link_supported -> link_pre_setup
[    8.863649] jesd204: /axi/spi@ff040000/ad9081@0,jesd204:0,parent=spi1.0: JESD204[2] transition link_pre_setup -> clk_sync_stage1
[    8.875212] jesd204: /axi/spi@ff040000/ad9081@0,jesd204:0,parent=spi1.0: JESD204[0] transition link_pre_setup -> clk_sync_stage1
[    8.886775] jesd204: /axi/spi@ff040000/ad9081@0,jesd204:0,parent=spi1.0: JESD204[2] transition clk_sync_stage1 -> clk_sync_stage2
[    8.898420] jesd204: /axi/spi@ff040000/ad9081@0,jesd204:0,parent=spi1.0: JESD204[0] transition clk_sync_stage1 -> clk_sync_stage2
[    8.910071] jesd204: /axi/spi@ff040000/ad9081@0,jesd204:0,parent=spi1.0: JESD204[2] transition clk_sync_stage2 -> clk_sync_stage3
[    8.921716] jesd204: /axi/spi@ff040000/ad9081@0,jesd204:0,parent=spi1.0: JESD204[0] transition clk_sync_stage2 -> clk_sync_stage3
[    8.935382] jesd204: /axi/spi@ff040000/ad9081@0,jesd204:0,parent=spi1.0: JESD204[2] transition clk_sync_stage3 -> link_setup
[    8.946594] jesd204: /axi/spi@ff040000/ad9081@0,jesd204:0,parent=spi1.0: JESD204[0] transition clk_sync_stage3 -> link_setup
[    8.962571] jesd204: /axi/spi@ff040000/ad9081@0,jesd204:0,parent=spi1.0: JESD204[2] transition link_setup -> opt_setup_stage1
[    8.973878] jesd204: /axi/spi@ff040000/ad9081@0,jesd204:0,parent=spi1.0: JESD204[0] transition link_setup -> opt_setup_stage1
[    8.990199] jesd204: /axi/spi@ff040000/ad9081@0,jesd204:0,parent=spi1.0: JESD204[2] transition opt_setup_stage1 -> opt_setup_stage2
[    9.002017] jesd204: /axi/spi@ff040000/ad9081@0,jesd204:0,parent=spi1.0: JESD204[0] transition opt_setup_stage1 -> opt_setup_stage2
[    9.013988] jesd204: /axi/spi@ff040000/ad9081@0,jesd204:0,parent=spi1.0: JESD204[2] transition opt_setup_stage2 -> opt_setup_stage3
[    9.025810] jesd204: /axi/spi@ff040000/ad9081@0,jesd204:0,parent=spi1.0: JESD204[0] transition opt_setup_stage2 -> opt_setup_stage3
[    9.037631] jesd204: /axi/spi@ff040000/ad9081@0,jesd204:0,parent=spi1.0: JESD204[2] transition opt_setup_stage3 -> opt_setup_stage4
[    9.049453] jesd204: /axi/spi@ff040000/ad9081@0,jesd204:0,parent=spi1.0: JESD204[0] transition opt_setup_stage3 -> opt_setup_stage4
[    9.061280] jesd204: /axi/spi@ff040000/ad9081@0,jesd204:0,parent=spi1.0: JESD204[2] transition opt_setup_stage4 -> opt_setup_stage5
[    9.073096] jesd204: /axi/spi@ff040000/ad9081@0,jesd204:0,parent=spi1.0: JESD204[0] transition opt_setup_stage4 -> opt_setup_stage5
[    9.089029] jesd204: /axi/spi@ff040000/ad9081@0,jesd204:0,parent=spi1.0: JESD204[2] transition opt_setup_stage5 -> clocks_enable
[    9.100587] jesd204: /axi/spi@ff040000/ad9081@0,jesd204:0,parent=spi1.0: JESD204[0] transition opt_setup_stage5 -> clocks_enable
[    9.135392] axi_adxcvr 84a60000.axi-adxcvr-rx: adxcvr_clk_enable: CPLL RX buffer underflow error, status: 0x61
[    9.145382] axi_adxcvr 84a60000.axi-adxcvr-rx: adxcvr_clk_enable: CPLL RX buffer overflow error, status: 0x61
[    9.155350] jesd204: /axi/spi@ff040000/ad9081@0,jesd204:0,parent=spi1.0: JESD204[2] transition clocks_enable -> link_enable
[    9.166477] jesd204: /axi/spi@ff040000/ad9081@0,jesd204:0,parent=spi1.0: JESD204[0] transition clocks_enable -> link_enable
[    9.307716] axi-jesd204-rx 84a90000.axi-jesd204-rx: axi_jesd204_rx_jesd204_link_running: Link2 status failed (CGS)
[    9.318066] jesd204: /fpga-axi@0/axi-jesd204-rx@84a90000,jesd204:4,parent=84a90000.axi-jesd204-rx: JESD204[2] In link_running got error from cb: -1
[    9.331276] jesd204: /axi/spi@ff040000/ad9081@0,jesd204:0,parent=spi1.0: Rolling back from 'link_enable', got error -1
[    9.341971] jesd204: /axi/spi@ff040000/ad9081@0,jesd204:0,parent=spi1.0: JESD204[0] transition link_enable -> link_running
[    9.353008] jesd204: /axi/spi@ff040000/ad9081@0,jesd204:0,parent=spi1.0: JESD204[2] transition link_enable -> link_running
[    9.364108] jesd204: /axi/spi@ff040000/ad9081@0,jesd204:0,parent=spi1.0: JESD204[0] transition link_running -> link_enable
[    9.375154] jesd204: /axi/spi@ff040000/ad9081@0,jesd204:0,parent=spi1.0: JESD204[2] transition link_running -> link_enable
[    9.390279] jesd204: /axi/spi@ff040000/ad9081@0,jesd204:0,parent=spi1.0: JESD204[0] transition link_enable -> clocks_enable
[    9.401414] jesd204: /axi/spi@ff040000/ad9081@0,jesd204:0,parent=spi1.0: JESD204[2] transition link_enable -> clocks_enable
[    9.412540] jesd204: /axi/spi@ff040000/ad9081@0,jesd204:0,parent=spi1.0: JESD204[0] transition clocks_enable -> opt_setup_stage5
[    9.424098] jesd204: /axi/spi@ff040000/ad9081@0,jesd204:0,parent=spi1.0: JESD204[2] transition clocks_enable -> opt_setup_stage5
[    9.435662] jesd204: /axi/spi@ff040000/ad9081@0,jesd204:0,parent=spi1.0: JESD204[0] transition opt_setup_stage5 -> opt_setup_stage4
[    9.447481] jesd204: /axi/spi@ff040000/ad9081@0,jesd204:0,parent=spi1.0: JESD204[2] transition opt_setup_stage5 -> opt_setup_stage4
[    9.459308] jesd204: /axi/spi@ff040000/ad9081@0,jesd204:0,parent=spi1.0: JESD204[0] transition opt_setup_stage4 -> opt_setup_stage3
[    9.471126] jesd204: /axi/spi@ff040000/ad9081@0,jesd204:0,parent=spi1.0: JESD204[2] transition opt_setup_stage4 -> opt_setup_stage3
[    9.482951] jesd204: /axi/spi@ff040000/ad9081@0,jesd204:0,parent=spi1.0: JESD204[0] transition opt_setup_stage3 -> opt_setup_stage2
[    9.494771] jesd204: /axi/spi@ff040000/ad9081@0,jesd204:0,parent=spi1.0: JESD204[2] transition opt_setup_stage3 -> opt_setup_stage2
[    9.506595] jesd204: /axi/spi@ff040000/ad9081@0,jesd204:0,parent=spi1.0: JESD204[0] transition opt_setup_stage2 -> opt_setup_stage1
[    9.518415] jesd204: /axi/spi@ff040000/ad9081@0,jesd204:0,parent=spi1.0: JESD204[2] transition opt_setup_stage2 -> opt_setup_stage1
[    9.530241] jesd204: /axi/spi@ff040000/ad9081@0,jesd204:0,parent=spi1.0: JESD204[0] transition opt_setup_stage1 -> link_setup
[    9.541538] jesd204: /axi/spi@ff040000/ad9081@0,jesd204:0,parent=spi1.0: JESD204[2] transition opt_setup_stage1 -> link_setup
[    9.552842] jesd204: /axi/spi@ff040000/ad9081@0,jesd204:0,parent=spi1.0: JESD204[0] transition link_setup -> clk_sync_stage3
[    9.564059] jesd204: /axi/spi@ff040000/ad9081@0,jesd204:0,parent=spi1.0: JESD204[2] transition link_setup -> clk_sync_stage3
[    9.575272] jesd204: /axi/spi@ff040000/ad9081@0,jesd204:0,parent=spi1.0: JESD204[0] transition clk_sync_stage3 -> clk_sync_stage2
[    9.586917] jesd204: /axi/spi@ff040000/ad9081@0,jesd204:0,parent=spi1.0: JESD204[2] transition clk_sync_stage3 -> clk_sync_stage2
[    9.598568] jesd204: /axi/spi@ff040000/ad9081@0,jesd204:0,parent=spi1.0: JESD204[0] transition clk_sync_stage2 -> clk_sync_stage1
[    9.610214] jesd204: /axi/spi@ff040000/ad9081@0,jesd204:0,parent=spi1.0: JESD204[2] transition clk_sync_stage2 -> clk_sync_stage1
[    9.621868] jesd204: /axi/spi@ff040000/ad9081@0,jesd204:0,parent=spi1.0: JESD204[0] transition clk_sync_stage1 -> link_pre_setup
[    9.633425] jesd204: /axi/spi@ff040000/ad9081@0,jesd204:0,parent=spi1.0: JESD204[2] transition clk_sync_stage1 -> link_pre_setup
[    9.644989] jesd204: /axi/spi@ff040000/ad9081@0,jesd204:0,parent=spi1.0: JESD204[0] transition link_pre_setup -> link_supported
[    9.656462] jesd204: /axi/spi@ff040000/ad9081@0,jesd204:0,parent=spi1.0: JESD204[2] transition link_pre_setup -> link_supported
[    9.667939] jesd204: /axi/spi@ff040000/ad9081@0,jesd204:0,parent=spi1.0: JESD204[0] transition link_supported -> link_init
[    9.678977] jesd204: /axi/spi@ff040000/ad9081@0,jesd204:0,parent=spi1.0: JESD204[2] transition link_supported -> link_init
[    9.690020] jesd204: /axi/spi@ff040000/ad9081@0,jesd204:0,parent=spi1.0: JESD204[0] transition link_init -> device_init
[    9.700802] jesd204: /axi/spi@ff040000/ad9081@0,jesd204:0,parent=spi1.0: JESD204[2] transition link_init -> device_init
[    9.711582] jesd204: /axi/spi@ff040000/ad9081@0,jesd204:0,parent=spi1.0: JESD204[0] transition device_init -> idle
[    9.721926] jesd204: /axi/spi@ff040000/ad9081@0,jesd204:0,parent=spi1.0: JESD204[2] transition device_init -> idle
[    9.732276] jesd204: /axi/spi@ff040000/ad9081@0,jesd204:0,parent=spi1.0: JESD204[2] transition idle -> idle
[    9.742011] jesd204: /axi/spi@ff040000/ad9081@0,jesd204:0,parent=spi1.0: JESD204[0] transition idle -> idle
[    9.751753] jesd204: /axi/spi@ff040000/ad9081@0,jesd204:0,parent=spi1.0: JESD204[2] transition idle -> device_init
[    9.762096] jesd204: /axi/spi@ff040000/ad9081@0,jesd204:0,parent=spi1.0: JESD204[0] transition idle -> device_init
[    9.772447] jesd204: /axi/spi@ff040000/ad9081@0,jesd204:0,parent=spi1.0: JESD204[2] transition device_init -> link_init
[    9.783224] jesd204: /axi/spi@ff040000/ad9081@0,jesd204:0,parent=spi1.0: JESD204[0] transition device_init -> link_init
[    9.794012] jesd204: /axi/spi@ff040000/ad9081@0,jesd204:0,parent=spi1.0: JESD204[2] transition link_init -> link_supported
[    9.805054] jesd204: /axi/spi@ff040000/ad9081@0,jesd204:0,parent=spi1.0: JESD204[0] transition link_init -> link_supported
[    9.816383] jesd204: /axi/spi@ff040000/ad9081@0,jesd204:0,parent=spi1.0: JESD204[2] transition link_supported -> link_pre_setup
[    9.827858] jesd204: /axi/spi@ff040000/ad9081@0,jesd204:0,parent=spi1.0: JESD204[0] transition link_supported -> link_pre_setup
[    9.851638] jesd204: /axi/spi@ff040000/ad9081@0,jesd204:0,parent=spi1.0: JESD204[2] transition link_pre_setup -> clk_sync_stage1
[    9.863204] jesd204: /axi/spi@ff040000/ad9081@0,jesd204:0,parent=spi1.0: JESD204[0] transition link_pre_setup -> clk_sync_stage1
[    9.874767] jesd204: /axi/spi@ff040000/ad9081@0,jesd204:0,parent=spi1.0: JESD204[2] transition clk_sync_stage1 -> clk_sync_stage2
[    9.886413] jesd204: /axi/spi@ff040000/ad9081@0,jesd204:0,parent=spi1.0: JESD204[0] transition clk_sync_stage1 -> clk_sync_stage2
[    9.898063] jesd204: /axi/spi@ff040000/ad9081@0,jesd204:0,parent=spi1.0: JESD204[2] transition clk_sync_stage2 -> clk_sync_stage3
[    9.909709] jesd204: /axi/spi@ff040000/ad9081@0,jesd204:0,parent=spi1.0: JESD204[0] transition clk_sync_stage2 -> clk_sync_stage3
[    9.923429] jesd204: /axi/spi@ff040000/ad9081@0,jesd204:0,parent=spi1.0: JESD204[2] transition clk_sync_stage3 -> link_setup
[    9.934639] jesd204: /axi/spi@ff040000/ad9081@0,jesd204:0,parent=spi1.0: JESD204[0] transition clk_sync_stage3 -> link_setup
[    9.950667] jesd204: /axi/spi@ff040000/ad9081@0,jesd204:0,parent=spi1.0: JESD204[2] transition link_setup -> opt_setup_stage1
[    9.961974] jesd204: /axi/spi@ff040000/ad9081@0,jesd204:0,parent=spi1.0: JESD204[0] transition link_setup -> opt_setup_stage1
[    9.978289] jesd204: /axi/spi@ff040000/ad9081@0,jesd204:0,parent=spi1.0: JESD204[2] transition opt_setup_stage1 -> opt_setup_stage2
[    9.990114] jesd204: /axi/spi@ff040000/ad9081@0,jesd204:0,parent=spi1.0: JESD204[0] transition opt_setup_stage1 -> opt_setup_stage2
[   10.002084] jesd204: /axi/spi@ff040000/ad9081@0,jesd204:0,parent=spi1.0: JESD204[2] transition opt_setup_stage2 -> opt_setup_stage3
[   10.013907] jesd204: /axi/spi@ff040000/ad9081@0,jesd204:0,parent=spi1.0: JESD204[0] transition opt_setup_stage2 -> opt_setup_stage3
[   10.025729] jesd204: /axi/spi@ff040000/ad9081@0,jesd204:0,parent=spi1.0: JESD204[2] transition opt_setup_stage3 -> opt_setup_stage4
[   10.037548] jesd204: /axi/spi@ff040000/ad9081@0,jesd204:0,parent=spi1.0: JESD204[0] transition opt_setup_stage3 -> opt_setup_stage4
[   10.049377] jesd204: /axi/spi@ff040000/ad9081@0,jesd204:0,parent=spi1.0: JESD204[2] transition opt_setup_stage4 -> opt_setup_stage5
[   10.061201] jesd204: /axi/spi@ff040000/ad9081@0,jesd204:0,parent=spi1.0: JESD204[0] transition opt_setup_stage4 -> opt_setup_stage5
[   10.077134] jesd204: /axi/spi@ff040000/ad9081@0,jesd204:0,parent=spi1.0: JESD204[2] transition opt_setup_stage5 -> clocks_enable
[   10.088692] jesd204: /axi/spi@ff040000/ad9081@0,jesd204:0,parent=spi1.0: JESD204[0] transition opt_setup_stage5 -> clocks_enable
[   10.123492] axi_adxcvr 84a60000.axi-adxcvr-rx: adxcvr_clk_enable: CPLL RX buffer underflow error, status: 0x61
[   10.133478] axi_adxcvr 84a60000.axi-adxcvr-rx: adxcvr_clk_enable: CPLL RX buffer overflow error, status: 0x61
[   10.143447] jesd204: /axi/spi@ff040000/ad9081@0,jesd204:0,parent=spi1.0: JESD204[2] transition clocks_enable -> link_enable
[   10.154574] jesd204: /axi/spi@ff040000/ad9081@0,jesd204:0,parent=spi1.0: JESD204[0] transition clocks_enable -> link_enable
[   10.295717] axi-jesd204-rx 84a90000.axi-jesd204-rx: axi_jesd204_rx_jesd204_link_running: Link2 status failed (CGS)
[   10.306064] jesd204: /fpga-axi@0/axi-jesd204-rx@84a90000,jesd204:4,parent=84a90000.axi-jesd204-rx: JESD204[2] In link_running got error from cb: -1
[   10.319277] jesd204: /axi/spi@ff040000/ad9081@0,jesd204:0,parent=spi1.0: Rolling back from 'link_enable', got error -1
[   10.329972] jesd204: /axi/spi@ff040000/ad9081@0,jesd204:0,parent=spi1.0: JESD204[0] transition link_enable -> link_running
[   10.341009] jesd204: /axi/spi@ff040000/ad9081@0,jesd204:0,parent=spi1.0: JESD204[2] transition link_enable -> link_running
[   10.352107] jesd204: /axi/spi@ff040000/ad9081@0,jesd204:0,parent=spi1.0: JESD204[0] transition link_running -> link_enable
[   10.363146] jesd204: /axi/spi@ff040000/ad9081@0,jesd204:0,parent=spi1.0: JESD204[2] transition link_running -> link_enable
[   10.378240] jesd204: /axi/spi@ff040000/ad9081@0,jesd204:0,parent=spi1.0: JESD204[0] transition link_enable -> clocks_enable
[   10.389367] jesd204: /axi/spi@ff040000/ad9081@0,jesd204:0,parent=spi1.0: JESD204[2] transition link_enable -> clocks_enable
[   10.400497] jesd204: /axi/spi@ff040000/ad9081@0,jesd204:0,parent=spi1.0: JESD204[0] transition clocks_enable -> opt_setup_stage5
[   10.412055] jesd204: /axi/spi@ff040000/ad9081@0,jesd204:0,parent=spi1.0: JESD204[2] transition clocks_enable -> opt_setup_stage5
[   10.423620] jesd204: /axi/spi@ff040000/ad9081@0,jesd204:0,parent=spi1.0: JESD204[0] transition opt_setup_stage5 -> opt_setup_stage4
[   10.435440] jesd204: /axi/spi@ff040000/ad9081@0,jesd204:0,parent=spi1.0: JESD204[2] transition opt_setup_stage5 -> opt_setup_stage4
[   10.447264] jesd204: /axi/spi@ff040000/ad9081@0,jesd204:0,parent=spi1.0: JESD204[0] transition opt_setup_stage4 -> opt_setup_stage3
[   10.459084] jesd204: /axi/spi@ff040000/ad9081@0,jesd204:0,parent=spi1.0: JESD204[2] transition opt_setup_stage4 -> opt_setup_stage3
[   10.470909] jesd204: /axi/spi@ff040000/ad9081@0,jesd204:0,parent=spi1.0: JESD204[0] transition opt_setup_stage3 -> opt_setup_stage2
[   10.482728] jesd204: /axi/spi@ff040000/ad9081@0,jesd204:0,parent=spi1.0: JESD204[2] transition opt_setup_stage3 -> opt_setup_stage2
[   10.494552] jesd204: /axi/spi@ff040000/ad9081@0,jesd204:0,parent=spi1.0: JESD204[0] transition opt_setup_stage2 -> opt_setup_stage1
[   10.506373] jesd204: /axi/spi@ff040000/ad9081@0,jesd204:0,parent=spi1.0: JESD204[2] transition opt_setup_stage2 -> opt_setup_stage1
[   10.518199] jesd204: /axi/spi@ff040000/ad9081@0,jesd204:0,parent=spi1.0: JESD204[0] transition opt_setup_stage1 -> link_setup
[   10.529499] jesd204: /axi/spi@ff040000/ad9081@0,jesd204:0,parent=spi1.0: JESD204[2] transition opt_setup_stage1 -> link_setup
[   10.540800] jesd204: /axi/spi@ff040000/ad9081@0,jesd204:0,parent=spi1.0: JESD204[0] transition link_setup -> clk_sync_stage3
[   10.552015] jesd204: /axi/spi@ff040000/ad9081@0,jesd204:0,parent=spi1.0: JESD204[2] transition link_setup -> clk_sync_stage3
[   10.563229] jesd204: /axi/spi@ff040000/ad9081@0,jesd204:0,parent=spi1.0: JESD204[0] transition clk_sync_stage3 -> clk_sync_stage2
[   10.574876] jesd204: /axi/spi@ff040000/ad9081@0,jesd204:0,parent=spi1.0: JESD204[2] transition clk_sync_stage3 -> clk_sync_stage2
[   10.586527] jesd204: /axi/spi@ff040000/ad9081@0,jesd204:0,parent=spi1.0: JESD204[0] transition clk_sync_stage2 -> clk_sync_stage1
[   10.598170] jesd204: /axi/spi@ff040000/ad9081@0,jesd204:0,parent=spi1.0: JESD204[2] transition clk_sync_stage2 -> clk_sync_stage1
[   10.609826] jesd204: /axi/spi@ff040000/ad9081@0,jesd204:0,parent=spi1.0: JESD204[0] transition clk_sync_stage1 -> link_pre_setup
[   10.621383] jesd204: /axi/spi@ff040000/ad9081@0,jesd204:0,parent=spi1.0: JESD204[2] transition clk_sync_stage1 -> link_pre_setup
[   10.632947] jesd204: /axi/spi@ff040000/ad9081@0,jesd204:0,parent=spi1.0: JESD204[0] transition link_pre_setup -> link_supported
[   10.644419] jesd204: /axi/spi@ff040000/ad9081@0,jesd204:0,parent=spi1.0: JESD204[2] transition link_pre_setup -> link_supported
[   10.655897] jesd204: /axi/spi@ff040000/ad9081@0,jesd204:0,parent=spi1.0: JESD204[0] transition link_supported -> link_init
[   10.666935] jesd204: /axi/spi@ff040000/ad9081@0,jesd204:0,parent=spi1.0: JESD204[2] transition link_supported -> link_init
[   10.677978] jesd204: /axi/spi@ff040000/ad9081@0,jesd204:0,parent=spi1.0: JESD204[0] transition link_init -> device_init
[   10.688756] jesd204: /axi/spi@ff040000/ad9081@0,jesd204:0,parent=spi1.0: JESD204[2] transition link_init -> device_init
[   10.699540] jesd204: /axi/spi@ff040000/ad9081@0,jesd204:0,parent=spi1.0: JESD204[0] transition device_init -> idle
[   10.709883] jesd204: /axi/spi@ff040000/ad9081@0,jesd204:0,parent=spi1.0: JESD204[2] transition device_init -> idle
[   10.720234] jesd204: /axi/spi@ff040000/ad9081@0,jesd204:0,parent=spi1.0: JESD204[2] transition idle -> idle
[   10.729969] jesd204: /axi/spi@ff040000/ad9081@0,jesd204:0,parent=spi1.0: JESD204[0] transition idle -> idle
[   10.739715] jesd204: /axi/spi@ff040000/ad9081@0,jesd204:0,parent=spi1.0: JESD204[2] transition idle -> device_init
[   10.750063] jesd204: /axi/spi@ff040000/ad9081@0,jesd204:0,parent=spi1.0: JESD204[0] transition idle -> device_init
[   10.760413] jesd204: /axi/spi@ff040000/ad9081@0,jesd204:0,parent=spi1.0: JESD204[2] transition device_init -> link_init
[   10.771190] jesd204: /axi/spi@ff040000/ad9081@0,jesd204:0,parent=spi1.0: JESD204[0] transition device_init -> link_init
[   10.781978] jesd204: /axi/spi@ff040000/ad9081@0,jesd204:0,parent=spi1.0: JESD204[2] transition link_init -> link_supported
[   10.793020] jesd204: /axi/spi@ff040000/ad9081@0,jesd204:0,parent=spi1.0: JESD204[0] transition link_init -> link_supported
[   10.804349] jesd204: /axi/spi@ff040000/ad9081@0,jesd204:0,parent=spi1.0: JESD204[2] transition link_supported -> link_pre_setup
[   10.815827] jesd204: /axi/spi@ff040000/ad9081@0,jesd204:0,parent=spi1.0: JESD204[0] transition link_supported -> link_pre_setup
[   10.839672] jesd204: /axi/spi@ff040000/ad9081@0,jesd204:0,parent=spi1.0: JESD204[2] transition link_pre_setup -> clk_sync_stage1
[   10.851231] jesd204: /axi/spi@ff040000/ad9081@0,jesd204:0,parent=spi1.0: JESD204[0] transition link_pre_setup -> clk_sync_stage1
[   10.862794] jesd204: /axi/spi@ff040000/ad9081@0,jesd204:0,parent=spi1.0: JESD204[2] transition clk_sync_stage1 -> clk_sync_stage2
[   10.874440] jesd204: /axi/spi@ff040000/ad9081@0,jesd204:0,parent=spi1.0: JESD204[0] transition clk_sync_stage1 -> clk_sync_stage2
[   10.886090] jesd204: /axi/spi@ff040000/ad9081@0,jesd204:0,parent=spi1.0: JESD204[2] transition clk_sync_stage2 -> clk_sync_stage3
[   10.897738] jesd204: /axi/spi@ff040000/ad9081@0,jesd204:0,parent=spi1.0: JESD204[0] transition clk_sync_stage2 -> clk_sync_stage3
[   10.911398] jesd204: /axi/spi@ff040000/ad9081@0,jesd204:0,parent=spi1.0: JESD204[2] transition clk_sync_stage3 -> link_setup
[   10.922616] jesd204: /axi/spi@ff040000/ad9081@0,jesd204:0,parent=spi1.0: JESD204[0] transition clk_sync_stage3 -> link_setup
[   10.938615] jesd204: /axi/spi@ff040000/ad9081@0,jesd204:0,parent=spi1.0: JESD204[2] transition link_setup -> opt_setup_stage1
[   10.949914] jesd204: /axi/spi@ff040000/ad9081@0,jesd204:0,parent=spi1.0: JESD204[0] transition link_setup -> opt_setup_stage1
[   10.966246] jesd204: /axi/spi@ff040000/ad9081@0,jesd204:0,parent=spi1.0: JESD204[2] transition opt_setup_stage1 -> opt_setup_stage2
[   10.978072] jesd204: /axi/spi@ff040000/ad9081@0,jesd204:0,parent=spi1.0: JESD204[0] transition opt_setup_stage1 -> opt_setup_stage2
[   10.990042] jesd204: /axi/spi@ff040000/ad9081@0,jesd204:0,parent=spi1.0: JESD204[2] transition opt_setup_stage2 -> opt_setup_stage3
[   11.001863] jesd204: /axi/spi@ff040000/ad9081@0,jesd204:0,parent=spi1.0: JESD204[0] transition opt_setup_stage2 -> opt_setup_stage3
[   11.013686] jesd204: /axi/spi@ff040000/ad9081@0,jesd204:0,parent=spi1.0: JESD204[2] transition opt_setup_stage3 -> opt_setup_stage4
[   11.025506] jesd204: /axi/spi@ff040000/ad9081@0,jesd204:0,parent=spi1.0: JESD204[0] transition opt_setup_stage3 -> opt_setup_stage4
[   11.037334] jesd204: /axi/spi@ff040000/ad9081@0,jesd204:0,parent=spi1.0: JESD204[2] transition opt_setup_stage4 -> opt_setup_stage5
[   11.049151] jesd204: /axi/spi@ff040000/ad9081@0,jesd204:0,parent=spi1.0: JESD204[0] transition opt_setup_stage4 -> opt_setup_stage5
[   11.065083] jesd204: /axi/spi@ff040000/ad9081@0,jesd204:0,parent=spi1.0: JESD204[2] transition opt_setup_stage5 -> clocks_enable
[   11.076641] jesd204: /axi/spi@ff040000/ad9081@0,jesd204:0,parent=spi1.0: JESD204[0] transition opt_setup_stage5 -> clocks_enable
[   11.111447] axi_adxcvr 84a60000.axi-adxcvr-rx: adxcvr_clk_enable: CPLL RX buffer underflow error, status: 0x61
[   11.121436] axi_adxcvr 84a60000.axi-adxcvr-rx: adxcvr_clk_enable: CPLL RX buffer overflow error, status: 0x61
[   11.131403] jesd204: /axi/spi@ff040000/ad9081@0,jesd204:0,parent=spi1.0: JESD204[2] transition clocks_enable -> link_enable
[   11.142531] jesd204: /axi/spi@ff040000/ad9081@0,jesd204:0,parent=spi1.0: JESD204[0] transition clocks_enable -> link_enable
[   11.283717] axi-jesd204-rx 84a90000.axi-jesd204-rx: axi_jesd204_rx_jesd204_link_running: Link2 status failed (CGS)
[   11.294065] jesd204: /fpga-axi@0/axi-jesd204-rx@84a90000,jesd204:4,parent=84a90000.axi-jesd204-rx: JESD204[2] In link_running got error from cb: -1
[   11.307278] jesd204: /axi/spi@ff040000/ad9081@0,jesd204:0,parent=spi1.0: Rolling back from 'link_enable', got error -1
[   11.317973] jesd204: /axi/spi@ff040000/ad9081@0,jesd204:0,parent=spi1.0: JESD204[0] transition link_enable -> link_running
[   11.329011] jesd204: /axi/spi@ff040000/ad9081@0,jesd204:0,parent=spi1.0: JESD204[2] transition link_enable -> link_running
[   11.340110] jesd204: /axi/spi@ff040000/ad9081@0,jesd204:0,parent=spi1.0: JESD204[0] transition link_running -> link_enable
[   11.351147] jesd204: /axi/spi@ff040000/ad9081@0,jesd204:0,parent=spi1.0: JESD204[2] transition link_running -> link_enable
[   11.366240] jesd204: /axi/spi@ff040000/ad9081@0,jesd204:0,parent=spi1.0: JESD204[0] transition link_enable -> clocks_enable
[   11.377371] jesd204: /axi/spi@ff040000/ad9081@0,jesd204:0,parent=spi1.0: JESD204[2] transition link_enable -> clocks_enable
[   11.388498] jesd204: /axi/spi@ff040000/ad9081@0,jesd204:0,parent=spi1.0: JESD204[0] transition clocks_enable -> opt_setup_stage5
[   11.400056] jesd204: /axi/spi@ff040000/ad9081@0,jesd204:0,parent=spi1.0: JESD204[2] transition clocks_enable -> opt_setup_stage5
[   11.411621] jesd204: /axi/spi@ff040000/ad9081@0,jesd204:0,parent=spi1.0: JESD204[0] transition opt_setup_stage5 -> opt_setup_stage4
[   11.423440] jesd204: /axi/spi@ff040000/ad9081@0,jesd204:0,parent=spi1.0: JESD204[2] transition opt_setup_stage5 -> opt_setup_stage4
[   11.435266] jesd204: /axi/spi@ff040000/ad9081@0,jesd204:0,parent=spi1.0: JESD204[0] transition opt_setup_stage4 -> opt_setup_stage3
[   11.447084] jesd204: /axi/spi@ff040000/ad9081@0,jesd204:0,parent=spi1.0: JESD204[2] transition opt_setup_stage4 -> opt_setup_stage3
[   11.458909] jesd204: /axi/spi@ff040000/ad9081@0,jesd204:0,parent=spi1.0: JESD204[0] transition opt_setup_stage3 -> opt_setup_stage2
[   11.470729] jesd204: /axi/spi@ff040000/ad9081@0,jesd204:0,parent=spi1.0: JESD204[2] transition opt_setup_stage3 -> opt_setup_stage2
[   11.482554] jesd204: /axi/spi@ff040000/ad9081@0,jesd204:0,parent=spi1.0: JESD204[0] transition opt_setup_stage2 -> opt_setup_stage1
[   11.494373] jesd204: /axi/spi@ff040000/ad9081@0,jesd204:0,parent=spi1.0: JESD204[2] transition opt_setup_stage2 -> opt_setup_stage1
[   11.506200] jesd204: /axi/spi@ff040000/ad9081@0,jesd204:0,parent=spi1.0: JESD204[0] transition opt_setup_stage1 -> link_setup
[   11.517496] jesd204: /axi/spi@ff040000/ad9081@0,jesd204:0,parent=spi1.0: JESD204[2] transition opt_setup_stage1 -> link_setup
[   11.528802] jesd204: /axi/spi@ff040000/ad9081@0,jesd204:0,parent=spi1.0: JESD204[0] transition link_setup -> clk_sync_stage3
[   11.540017] jesd204: /axi/spi@ff040000/ad9081@0,jesd204:0,parent=spi1.0: JESD204[2] transition link_setup -> clk_sync_stage3
[   11.551231] jesd204: /axi/spi@ff040000/ad9081@0,jesd204:0,parent=spi1.0: JESD204[0] transition clk_sync_stage3 -> clk_sync_stage2
[   11.562876] jesd204: /axi/spi@ff040000/ad9081@0,jesd204:0,parent=spi1.0: JESD204[2] transition clk_sync_stage3 -> clk_sync_stage2
[   11.574528] jesd204: /axi/spi@ff040000/ad9081@0,jesd204:0,parent=spi1.0: JESD204[0] transition clk_sync_stage2 -> clk_sync_stage1
[   11.586173] jesd204: /axi/spi@ff040000/ad9081@0,jesd204:0,parent=spi1.0: JESD204[2] transition clk_sync_stage2 -> clk_sync_stage1
[   11.597824] jesd204: /axi/spi@ff040000/ad9081@0,jesd204:0,parent=spi1.0: JESD204[0] transition clk_sync_stage1 -> link_pre_setup
[   11.609383] jesd204: /axi/spi@ff040000/ad9081@0,jesd204:0,parent=spi1.0: JESD204[2] transition clk_sync_stage1 -> link_pre_setup
[   11.620948] jesd204: /axi/spi@ff040000/ad9081@0,jesd204:0,parent=spi1.0: JESD204[0] transition link_pre_setup -> link_supported
[   11.632420] jesd204: /axi/spi@ff040000/ad9081@0,jesd204:0,parent=spi1.0: JESD204[2] transition link_pre_setup -> link_supported
[   11.643898] jesd204: /axi/spi@ff040000/ad9081@0,jesd204:0,parent=spi1.0: JESD204[0] transition link_supported -> link_init
[   11.654939] jesd204: /axi/spi@ff040000/ad9081@0,jesd204:0,parent=spi1.0: JESD204[2] transition link_supported -> link_init
[   11.665980] jesd204: /axi/spi@ff040000/ad9081@0,jesd204:0,parent=spi1.0: JESD204[0] transition link_init -> device_init
[   11.676757] jesd204: /axi/spi@ff040000/ad9081@0,jesd204:0,parent=spi1.0: JESD204[2] transition link_init -> device_init
[   11.687540] jesd204: /axi/spi@ff040000/ad9081@0,jesd204:0,parent=spi1.0: JESD204[0] transition device_init -> idle
[   11.697884] jesd204: /axi/spi@ff040000/ad9081@0,jesd204:0,parent=spi1.0: JESD204[2] transition device_init -> idle
[   11.708230] jesd204: /axi/spi@ff040000/ad9081@0,jesd204:0,parent=spi1.0: FSM completed with error -1
[   11.726634] input: gpio-keys as /devices/platform/gpio-keys/input/input0
[   11.733666] of_cfs_init
[   11.736134] of_cfs_init: OK
[   11.739065] cfg80211: Loading compiled-in X.509 certificates for regulatory database
[   11.877046] cfg80211: Loaded X.509 cert 'sforshee: 00b28ddf47aef9cea7'
[   11.883582] clk: Not disabling unused clocks
[   11.888107] ALSA device list:
[   11.891064]   No soundcards found.
[   11.894732] platform regulatory.0: Direct firmware load for regulatory.db failed with error -2
[   11.903341] cfg80211: failed to load regulatory.db
[   11.917906] EXT4-fs (mmcblk0p2): mounted filesystem with ordered data mode. Opts: (null)
[   11.926022] VFS: Mounted root (ext4 filesystem) on device 179:2.
[   11.939015] devtmpfs: mounted
[   11.942834] Freeing unused kernel memory: 2560K
[   11.959765] Run /sbin/init as init process
[   11.963864]   with arguments:
[   11.963866]     /sbin/init
[   11.963868]   with environment:
[   11.963871]     HOME=/
[   11.963873]     TERM=linux
[   12.528020] systemd[1]: systemd 241 running in system mode. (+PAM +AUDIT +SELINUX +IMA +APPARMOR +SMACK +SYSVINIT +UTMP +LIBCRYPTSETUP +GCRYPT +GNUTLS +ACL +XZ +LZ4 +SECCOMP +BLKID +ELFUTILS +KMOD -IDN2 +IDN -PCRE2 default-hierarchy=hybrid)
[   12.549892] systemd[1]: Detected architecture arm64.
[   12.572434] systemd[1]: Set hostname to <analog>.
[   12.758941] systemd[1]: File /lib/systemd/system/systemd-journald.service:12 configures an IP firewall (IPAddressDeny=any), but the local system does not support BPF/cgroup based firewalling.
[   12.776000] systemd[1]: Proceeding WITHOUT firewalling in effect! (This warning is only shown for the first loaded unit using IP firewalling.)
[   12.938765] systemd[1]: /etc/systemd/system/tof-server.service:1: Assignment outside of section. Ignoring.
[   12.948461] systemd[1]: /etc/systemd/system/tof-server.service:2: Assignment outside of section. Ignoring.
[   13.130960] random: systemd: uninitialized urandom read (16 bytes read)
[   13.145766] random: systemd: uninitialized urandom read (16 bytes read)
[   13.152772] systemd[1]: Listening on udev Kernel Socket.
[   13.175800] random: systemd: uninitialized urandom read (16 bytes read)
[   13.182559] systemd[1]: Started Forward Password Requests to Wall Directory Watch.
[   13.208351] systemd[1]: Created slice system-serial\x2dgetty.slice.
[   13.995537] EXT4-fs (mmcblk0p2): re-mounted. Opts: (null)
[   14.072027] systemd-journald[169]: Received request to flush runtime journal from PID 1
[   15.514449] random: crng init done
[   15.514459] random: 7 urandom warning(s) missed due to ratelimiting
[   20.035396] macb ff0e0000.ethernet eth0: PHY [ff0e0000.ethernet-ffffffff:0c] driver [TI DP83867] (irq=POLL)
[   20.035409] macb ff0e0000.ethernet eth0: configuring for phy/rgmii-id link mode
[   20.307808] Adding 80892k swap on /var/swap.  Priority:-2 extents:1 across:80892k SS
[   22.873127] broken atomic modeset userspace detected, disabling atomic
[   23.105356] macb ff0e0000.ethernet eth0: Link is Up - 1Gbps/Full - flow control off
[   23.105380] IPv6: ADDRCONF(NETDEV_CHANGE): eth0: link becomes ready
[   25.544243] broken atomic modeset userspace detected, disabling atomic
[   28.462540] broken atomic modeset userspace detected, disabling atomic
[   31.092321] broken atomic modeset userspace detected, disabling atomic