[    0.000000] Booting Linux on physical CPU 0x0000000000 [0x410fd034]
[    0.000000] Linux version 5.10.0-98103-g2aa7ac113716 (jenkins@romlxbuild1.adlk.analog.com) (aarch64-xilinx-linux-gcc.real (GCC) 10.2.0, GNU ld (GNU Binutils) 2.35.0.20200730) #5577 SMP Wed Mar 23 07:28:49 GMT 2022
[    0.000000] Machine model: ZynqMP ZCU102 Rev1.0
[    0.000000] earlycon: cdns0 at MMIO 0x00000000ff000000 (options '115200n8')
[    0.000000] printk: bootconsole [cdns0] enabled
[    0.000000] efi: UEFI not found.
[    0.000000] cma: Reserved 256 MiB at 0x0000000070000000
[    0.000000] Zone ranges:
[    0.000000]   DMA      [mem 0x0000000000000000-0x000000003fffffff]
[    0.000000]   DMA32    [mem 0x0000000040000000-0x00000000ffffffff]
[    0.000000]   Normal   [mem 0x0000000100000000-0x000000087fffffff]
[    0.000000] Movable zone start for each node
[    0.000000] Early memory node ranges
[    0.000000]   node   0: [mem 0x0000000000000000-0x000000007fffffff]
[    0.000000]   node   0: [mem 0x0000000800000000-0x000000087fffffff]
[    0.000000] Initmem setup node 0 [mem 0x0000000000000000-0x000000087fffffff]
[    0.000000] On node 0 totalpages: 1048576
[    0.000000]   DMA zone: 3584 pages used for memmap
[    0.000000]   DMA zone: 0 pages reserved
[    0.000000]   DMA zone: 262144 pages, LIFO batch:63
[    0.000000]   DMA32 zone: 3584 pages used for memmap
[    0.000000]   DMA32 zone: 262144 pages, LIFO batch:63
[    0.000000]   Normal zone: 7168 pages used for memmap
[    0.000000]   Normal zone: 524288 pages, LIFO batch:63
[    0.000000] psci: probing for conduit method from DT.
[    0.000000] psci: PSCIv1.1 detected in firmware.
[    0.000000] psci: Using standard PSCI v0.2 function IDs
[    0.000000] psci: MIGRATE_INFO_TYPE not supported.
[    0.000000] psci: SMC Calling Convention v1.2
[    0.000000] percpu: Embedded 22 pages/cpu s49496 r8192 d32424 u90112
[    0.000000] pcpu-alloc: s49496 r8192 d32424 u90112 alloc=22*4096
[    0.000000] pcpu-alloc: [0] 0 [0] 1 [0] 2 [0] 3 
[    0.000000] Detected VIPT I-cache on CPU0
[    0.000000] CPU features: detected: ARM erratum 845719
[    0.000000] Built 1 zonelists, mobility grouping on.  Total pages: 1034240
[    0.000000] Kernel command line: console=ttyPS0,115200 root=/dev/mmcblk0p2 rw earlycon rootfstype=ext4 rootwait clk_ignore_unused cpuidle.off=1 root=/dev/mmcblk0p2 rw rootwait
[    0.000000] Dentry cache hash table entries: 524288 (order: 10, 4194304 bytes, linear)
[    0.000000] Inode-cache hash table entries: 262144 (order: 9, 2097152 bytes, linear)
[    0.000000] mem auto-init: stack:off, heap alloc:off, heap free:off
[    0.000000] software IO TLB: mapped [mem 0x000000003bfff000-0x000000003ffff000] (64MB)
[    0.000000] Memory: 3761904K/4194304K available (15296K kernel code, 1636K rwdata, 11876K rodata, 2560K init, 507K bss, 170256K reserved, 262144K cma-reserved)
[    0.000000] rcu: Hierarchical RCU implementation.
[    0.000000] rcu: 	RCU event tracing is enabled.
[    0.000000] rcu: 	RCU restricting CPUs from NR_CPUS=8 to nr_cpu_ids=4.
[    0.000000] rcu: RCU calculated value of scheduler-enlistment delay is 25 jiffies.
[    0.000000] rcu: Adjusting geometry for rcu_fanout_leaf=16, nr_cpu_ids=4
[    0.000000] NR_IRQS: 64, nr_irqs: 64, preallocated irqs: 0
[    0.000000] GIC: Adjusting CPU interface base to 0x00000000f902f000
[    0.000000] GIC: Using split EOI/Deactivate mode
[    0.000000] random: get_random_bytes called from start_kernel+0x31c/0x54c with crng_init=0
[    0.000000] arch_timer: cp15 timer(s) running at 100.00MHz (phys).
[    0.000000] clocksource: arch_sys_counter: mask: 0xffffffffffffff max_cycles: 0x171024e7e0, max_idle_ns: 440795205315 ns
[    0.000004] sched_clock: 56 bits at 100MHz, resolution 10ns, wraps every 4398046511100ns
[    0.008462] Console: colour dummy device 80x25
[    0.012483] Calibrating delay loop (skipped), value calculated using timer frequency.. 200.00 BogoMIPS (lpj=400000)
[    0.022841] pid_max: default: 32768 minimum: 301
[    0.027548] Mount-cache hash table entries: 8192 (order: 4, 65536 bytes, linear)
[    0.034788] Mountpoint-cache hash table entries: 8192 (order: 4, 65536 bytes, linear)
[    0.043395] rcu: Hierarchical SRCU implementation.
[    0.047559] EFI services will not be available.
[    0.051938] smp: Bringing up secondary CPUs ...
[    0.056657] Detected VIPT I-cache on CPU1
[    0.056695] CPU1: Booted secondary processor 0x0000000001 [0x410fd034]
[    0.057061] Detected VIPT I-cache on CPU2
[    0.057085] CPU2: Booted secondary processor 0x0000000002 [0x410fd034]
[    0.057424] Detected VIPT I-cache on CPU3
[    0.057447] CPU3: Booted secondary processor 0x0000000003 [0x410fd034]
[    0.057493] smp: Brought up 1 node, 4 CPUs
[    0.091780] SMP: Total of 4 processors activated.
[    0.096452] CPU features: detected: 32-bit EL0 Support
[    0.101556] CPU features: detected: CRC32 instructions
[    0.106693] CPU: All CPU(s) started at EL2
[    0.110736] alternatives: patching kernel code
[    0.116169] devtmpfs: initialized
[    0.124068] Registered cp15_barrier emulation handler
[    0.124120] Registered setend emulation handler
[    0.128100] clocksource: jiffies: mask: 0xffffffff max_cycles: 0xffffffff, max_idle_ns: 7645041785100000 ns
[    0.137679] futex hash table entries: 1024 (order: 4, 65536 bytes, linear)
[    0.151036] pinctrl core: initialized pinctrl subsystem
[    0.151686] NET: Registered protocol family 16
[    0.156101] DMA: preallocated 512 KiB GFP_KERNEL pool for atomic allocations
[    0.162116] DMA: preallocated 512 KiB GFP_KERNEL|GFP_DMA pool for atomic allocations
[    0.169841] DMA: preallocated 512 KiB GFP_KERNEL|GFP_DMA32 pool for atomic allocations
[    0.177645] audit: initializing netlink subsys (disabled)
[    0.183096] audit: type=2000 audit(0.116:1): state=initialized audit_enabled=0 res=1
[    0.183439] hw-breakpoint: found 6 breakpoint and 4 watchpoint registers.
[    0.197473] ASID allocator initialised with 65536 entries
[    0.224379] HugeTLB registered 1.00 GiB page size, pre-allocated 0 pages
[    0.225438] HugeTLB registered 32.0 MiB page size, pre-allocated 0 pages
[    0.232108] HugeTLB registered 2.00 MiB page size, pre-allocated 0 pages
[    0.238772] HugeTLB registered 64.0 KiB page size, pre-allocated 0 pages
[    1.304352] DRBG: Continuing without Jitter RNG
[    1.382168] raid6: neonx8   gen()  2144 MB/s
[    1.450218] raid6: neonx8   xor()  1599 MB/s
[    1.518268] raid6: neonx4   gen()  2198 MB/s
[    1.586325] raid6: neonx4   xor()  1567 MB/s
[    1.654382] raid6: neonx2   gen()  2075 MB/s
[    1.722435] raid6: neonx2   xor()  1441 MB/s
[    1.790497] raid6: neonx1   gen()  1772 MB/s
[    1.858546] raid6: neonx1   xor()  1220 MB/s
[    1.926605] raid6: int64x8  gen()  1438 MB/s
[    1.994661] raid6: int64x8  xor()   771 MB/s
[    2.062731] raid6: int64x4  gen()  1598 MB/s
[    2.130786] raid6: int64x4  xor()   816 MB/s
[    2.198853] raid6: int64x2  gen()  1397 MB/s
[    2.266906] raid6: int64x2  xor()   748 MB/s
[    2.334969] raid6: int64x1  gen()  1032 MB/s
[    2.403036] raid6: int64x1  xor()   517 MB/s
[    2.403075] raid6: using algorithm neonx4 gen() 2198 MB/s
[    2.407030] raid6: .... xor() 1567 MB/s, rmw enabled
[    2.411961] raid6: using neon recovery algorithm
[    2.416969] iommu: Default domain type: Translated 
[    2.421584] SCSI subsystem initialized
[    2.425130] libata version 3.00 loaded.
[    2.425255] usbcore: registered new interface driver usbfs
[    2.430587] usbcore: registered new interface driver hub
[    2.435859] usbcore: registered new device driver usb
[    2.440992] mc: Linux media interface: v0.10
[    2.445110] videodev: Linux video capture interface: v2.00
[    2.450600] EDAC MC: Ver: 3.0.0
[    2.454040] zynqmp-ipi-mbox mailbox@ff990400: Registered ZynqMP IPI mbox with TX/RX channels.
[    2.462551] jesd204: created con: id=0, topo=0, link=0, /axi/spi@ff050000/hmc7044@0 <-> /fpga-axi@0/axi-adxcvr-tx@84b60000
[    2.473129] jesd204: created con: id=1, topo=0, link=2, /axi/spi@ff050000/hmc7044@0 <-> /fpga-axi@0/axi-adxcvr-rx@84a60000
[    2.484113] jesd204: created con: id=2, topo=0, link=0, /fpga-axi@0/axi-adxcvr-tx@84b60000 <-> /fpga-axi@0/axi-jesd204-tx@84b90000
[    2.495789] jesd204: created con: id=3, topo=0, link=2, /fpga-axi@0/axi-adxcvr-rx@84a60000 <-> /fpga-axi@0/axi-jesd204-rx@84a90000
[    2.507466] jesd204: created con: id=4, topo=0, link=0, /fpga-axi@0/axi-jesd204-tx@84b90000 <-> /fpga-axi@0/axi-ad9081-tx-hpc@84b10000
[    2.519494] jesd204: created con: id=5, topo=0, link=2, /fpga-axi@0/axi-jesd204-rx@84a90000 <-> /fpga-axi@0/axi-ad9081-rx-hpc@84a10000
[    2.531516] jesd204: created con: id=6, topo=0, link=2, /fpga-axi@0/axi-ad9081-rx-hpc@84a10000 <-> /axi/spi@ff040000/ad9081@0
[    2.542758] jesd204: created con: id=7, topo=0, link=0, /fpga-axi@0/axi-ad9081-tx-hpc@84b10000 <-> /axi/spi@ff040000/ad9081@0
[    2.554008] jesd204: /axi/spi@ff040000/ad9081@0: JESD204[2] transition uninitialized -> initialized
[    2.562994] jesd204: /axi/spi@ff040000/ad9081@0: JESD204[0] transition uninitialized -> initialized
[    2.571986] jesd204: found 8 devices and 1 topologies
[    2.577029] FPGA manager framework
[    2.580509] Advanced Linux Sound Architecture Driver Initialized.
[    2.586801] Bluetooth: Core ver 2.22
[    2.589988] NET: Registered protocol family 31
[    2.594390] Bluetooth: HCI device and connection manager initialized
[    2.600707] Bluetooth: HCI socket layer initialized
[    2.605549] Bluetooth: L2CAP socket layer initialized
[    2.610572] Bluetooth: SCO socket layer initialized
[    2.615754] clocksource: Switched to clocksource arch_sys_counter
[    2.621565] VFS: Disk quotas dquot_6.6.0
[    2.625401] VFS: Dquot-cache hash table entries: 512 (order 0, 4096 bytes)
[    2.636120] NET: Registered protocol family 2
[    2.636844] tcp_listen_portaddr_hash hash table entries: 2048 (order: 3, 32768 bytes, linear)
[    2.645041] TCP established hash table entries: 32768 (order: 6, 262144 bytes, linear)
[    2.653065] TCP bind hash table entries: 32768 (order: 7, 524288 bytes, linear)
[    2.660510] TCP: Hash tables configured (established 32768 bind 32768)
[    2.666684] UDP hash table entries: 2048 (order: 4, 65536 bytes, linear)
[    2.673351] UDP-Lite hash table entries: 2048 (order: 4, 65536 bytes, linear)
[    2.680512] NET: Registered protocol family 1
[    2.684967] RPC: Registered named UNIX socket transport module.
[    2.690587] RPC: Registered udp transport module.
[    2.695252] RPC: Registered tcp transport module.
[    2.699922] RPC: Registered tcp NFSv4.1 backchannel transport module.
[    2.706914] PCI: CLS 0 bytes, default 64
[    2.710618] hw perfevents: no interrupt-affinity property for /pmu, guessing.
[    2.717472] hw perfevents: enabled with armv8_pmuv3 PMU driver, 7 counters available
[    2.725825] Initialise system trusted keyrings
[    2.729501] workingset: timestamp_bits=62 max_order=20 bucket_order=0
[    2.736401] NFS: Registering the id_resolver key type
[    2.740850] Key type id_resolver registered
[    2.744990] Key type id_legacy registered
[    2.748979] nfs4filelayout_init: NFSv4 File Layout Driver Registering...
[    2.755645] jffs2: version 2.2. (NAND) (SUMMARY)  Â© 2001-2006 Red Hat, Inc.
[    2.799218] NET: Registered protocol family 38
[    2.799261] xor: measuring software checksum speed
[    2.806946]    8regs           :  2363 MB/sec
[    2.810614]    32regs          :  2799 MB/sec
[    2.815557]    arm64_neon      :  2380 MB/sec
[    2.815751] xor: using function: 32regs (2799 MB/sec)
[    2.820774] Key type asymmetric registered
[    2.824834] Asymmetric key parser 'x509' registered
[    2.829694] Block layer SCSI generic (bsg) driver version 0.4 loaded (major 248)
[    2.837032] io scheduler mq-deadline registered
[    2.841529] io scheduler kyber registered
[    2.870937] Serial: 8250/16550 driver, 4 ports, IRQ sharing disabled
[    2.875568] cacheinfo: Unable to detect cache hierarchy for CPU 0
[    2.881908] brd: module loaded
[    2.886049] loop: module loaded
[    2.886600] Registered mathworks_ip class
[    2.889948] libphy: Fixed MDIO Bus: probed
[    2.892919] tun: Universal TUN/TAP device driver, 1.6
[    2.896986] CAN device driver interface
[    2.901521] usbcore: registered new interface driver asix
[    2.906119] usbcore: registered new interface driver ax88179_178a
[    2.912151] usbcore: registered new interface driver cdc_ether
[    2.917944] usbcore: registered new interface driver net1080
[    2.923570] usbcore: registered new interface driver cdc_subset
[    2.929450] usbcore: registered new interface driver zaurus
[    2.934993] usbcore: registered new interface driver cdc_ncm
[    2.941395] ehci_hcd: USB 2.0 'Enhanced' Host Controller (EHCI) Driver
[    2.947079] ehci-pci: EHCI PCI platform driver
[    2.951883] usbcore: registered new interface driver uas
[    2.956798] usbcore: registered new interface driver usb-storage
[    2.962784] usbcore: registered new interface driver usbserial_generic
[    2.969234] usbserial: USB Serial support registered for generic
[    2.975207] usbcore: registered new interface driver ftdi_sio
[    2.980910] usbserial: USB Serial support registered for FTDI USB Serial Device
[    2.988187] usbcore: registered new interface driver upd78f0730
[    2.994057] usbserial: USB Serial support registered for upd78f0730
[    3.001711] rtc_zynqmp ffa60000.rtc: registered as rtc0
[    3.005482] rtc_zynqmp ffa60000.rtc: setting system clock to 2022-03-26T00:02:57 UTC (1648252977)
[    3.014345] i2c /dev entries driver
[    3.019651] usbcore: registered new interface driver uvcvideo
[    3.023458] USB Video Class driver (1.1.1)
[    3.029032] Bluetooth: HCI UART driver ver 2.3
[    3.031940] Bluetooth: HCI UART protocol H4 registered
[    3.037038] Bluetooth: HCI UART protocol BCSP registered
[    3.042326] Bluetooth: HCI UART protocol LL registered
[    3.047418] Bluetooth: HCI UART protocol ATH3K registered
[    3.052792] Bluetooth: HCI UART protocol Three-wire (H5) registered
[    3.059044] Bluetooth: HCI UART protocol Intel registered
[    3.064383] Bluetooth: HCI UART protocol QCA registered
[    3.069586] usbcore: registered new interface driver bcm203x
[    3.075205] usbcore: registered new interface driver bpa10x
[    3.080740] usbcore: registered new interface driver bfusb
[    3.086194] usbcore: registered new interface driver btusb
[    3.091653] usbcore: registered new interface driver ath3k
[    3.097137] EDAC MC: ECC not enabled
[    3.100765] EDAC DEVICE0: Giving out device to module zynqmp-ocm-edac controller zynqmp_ocm: DEV ff960000.memory-controller (INTERRUPT)
[    3.113075] sdhci: Secure Digital Host Controller Interface driver
[    3.118867] sdhci: Copyright(c) Pierre Ossman
[    3.123189] sdhci-pltfm: SDHCI platform and OF driver helper
[    3.129242] ledtrig-cpu: registered to indicate activity on CPUs
[    3.134794] SMCCC: SOC_ID: ARCH_SOC_ID not implemented, skipping ....
[    3.141225] zynqmp_firmware_probe Platform Management API v1.1
[    3.146982] zynqmp_firmware_probe Trustzone version v1.0
[    3.186516] zynqmp-pinctrl firmware:zynqmp-firmware:pinctrl: zynqmp pinctrl initialized
[    3.234513] zynqmp-aes firmware:zynqmp-firmware:zynqmp-aes: will run requests pump with realtime priority
[    3.250355] alg: No test for xilinx-keccak-384 (zynqmp-keccak-384)
[    3.251063] alg: No test for xilinx-zynqmp-rsa (zynqmp-rsa)
[    3.256572] usbcore: registered new interface driver usbhid
[    3.261966] usbhid: USB HID core driver
[    3.273215] axi_sysid 85000000.axi-sysid-0: AXI System ID core version (1.01.a) found
[    3.275563] axi_sysid 85000000.axi-sysid-0: [ad9081_fmca_ebz] on [zcu102] git branch <master> git <084d44c9780640ca93fd847b1d9ec70dd65f5c67> clean [2022-03-18 04:17:50] UTC
[    3.291252] fpga_manager fpga0: Xilinx ZynqMP FPGA Manager registered
[    3.297605] usbcore: registered new interface driver snd-usb-audio
[    3.305055] pktgen: Packet Generator for packet performance testing. Version: 2.75
[    3.311241] Initializing XFRM netlink socket
[    3.315094] NET: Registered protocol family 10
[    3.319817] Segment Routing with IPv6
[    3.323183] sit: IPv6, IPv4 and MPLS over IPv4 tunneling driver
[    3.329265] NET: Registered protocol family 17
[    3.333367] NET: Registered protocol family 15
[    3.337862] can: controller area network core
[    3.342117] NET: Registered protocol family 29
[    3.346505] can: raw protocol
[    3.349441] can: broadcast manager protocol
[    3.353596] can: netlink gateway - max_hops=1
[    3.357989] Bluetooth: RFCOMM TTY layer initialized
[    3.362770] Bluetooth: RFCOMM socket layer initialized
[    3.367879] Bluetooth: RFCOMM ver 1.11
[    3.371584] Bluetooth: BNEP (Ethernet Emulation) ver 1.3
[    3.376860] Bluetooth: BNEP filters: protocol multicast
[    3.382054] Bluetooth: BNEP socket layer initialized
[    3.386981] Bluetooth: HIDP (Human Interface Emulation) ver 1.2
[    3.392864] Bluetooth: HIDP socket layer initialized
[    3.397918] 9pnet: Installing 9P2000 support
[    3.402042] NET: Registered protocol family 36
[    3.406462] Key type dns_resolver registered
[    3.410887] registered taskstats version 1
[    3.414754] Loading compiled-in X.509 certificates
[    3.419879] Btrfs loaded, crc32c=crc32c-generic
[    3.432269] ff000000.serial: ttyPS0 at MMIO 0xff000000 (irq = 49, base_baud = 6249999) is a xuartps
[    3.441289] printk: console [ttyPS0] enabled
[    3.445583] printk: bootconsole [cdns0] disabled
[    3.455210] ff010000.serial: ttyPS1 at MMIO 0xff010000 (irq = 50, base_baud = 6249999) is a xuartps
[    3.468462] of-fpga-region fpga-full: FPGA Region probed
[    3.475420] nwl-pcie fd0e0000.pcie: host bridge /axi/pcie@fd0e0000 ranges:
[    3.482313] nwl-pcie fd0e0000.pcie:      MEM 0x00e0000000..0x00efffffff -> 0x00e0000000
[    3.490315] nwl-pcie fd0e0000.pcie:      MEM 0x0600000000..0x07ffffffff -> 0x0600000000
[    3.498384] nwl-pcie fd0e0000.pcie: Link is DOWN
[    3.503142] nwl-pcie fd0e0000.pcie: PCI host bridge to bus 0000:00
[    3.509322] pci_bus 0000:00: root bus resource [bus 00-ff]
[    3.514803] pci_bus 0000:00: root bus resource [mem 0xe0000000-0xefffffff]
[    3.521668] pci_bus 0000:00: root bus resource [mem 0x600000000-0x7ffffffff pref]
[    3.529171] pci 0000:00:00.0: [10ee:d021] type 01 class 0x060400
[    3.535233] pci 0000:00:00.0: PME# supported from D0 D1 D2 D3hot
[    3.545681] pci 0000:00:00.0: PCI bridge to [bus 01-0c]
[    3.551661] xilinx-zynqmp-dma fd500000.dma: ZynqMP DMA driver Probe success
[    3.558838] xilinx-zynqmp-dma fd510000.dma: ZynqMP DMA driver Probe success
[    3.566016] xilinx-zynqmp-dma fd520000.dma: ZynqMP DMA driver Probe success
[    3.573181] xilinx-zynqmp-dma fd530000.dma: ZynqMP DMA driver Probe success
[    3.580350] xilinx-zynqmp-dma fd540000.dma: ZynqMP DMA driver Probe success
[    3.587519] xilinx-zynqmp-dma fd550000.dma: ZynqMP DMA driver Probe success
[    3.594689] xilinx-zynqmp-dma fd560000.dma: ZynqMP DMA driver Probe success
[    3.601858] xilinx-zynqmp-dma fd570000.dma: ZynqMP DMA driver Probe success
[    3.609255] xilinx-zynqmp-dpdma fd4c0000.dma-controller: Xilinx DPDMA engine is probed
[    3.617805] ahci-ceva fd0c0000.ahci: supply ahci not found, using dummy regulator
[    3.625350] ahci-ceva fd0c0000.ahci: supply phy not found, using dummy regulator
[    3.715928] hmc7044 spi2.0: PLL1: Acquisition, CLKIN0 @ 122880000 Hz, PFD: 80 kHz - PLL2: Locked @ 2448.000000 MHz
[    3.726646] jesd204: /axi/spi@ff050000/hmc7044@0,jesd204:1,parent=spi2.0: Using as SYSREF provider
[    3.736230] spi-nor spi0.0: SPI-NOR-UniqueID 100000235394732200270025081115266e
[    3.743542] spi-nor spi0.0: found n25q512a, expected m25p80
[    3.749745] spi-nor spi0.0: trying to lock already unlocked area
[    3.755743] spi-nor spi0.0: n25q512a (131072 Kbytes)
[    3.760728] 4 fixed-partitions partitions found on MTD device spi0.0
[    3.767076] Creating 4 MTD partitions on "spi0.0":
[    3.771861] 0x000000000000-0x000000100000 : "qspi-fsbl-uboot"
[    3.778350] 0x000000100000-0x000000600000 : "qspi-linux"
[    3.784310] 0x000000600000-0x000000620000 : "qspi-device-tree"
[    3.790786] 0x000000620000-0x000000c00000 : "qspi-rootfs"
[    3.799254] macb ff0e0000.ethernet: Not enabling partial store and forward
[    3.806779] libphy: MACB_mii_bus: probed
[    3.811855] macb ff0e0000.ethernet eth0: Cadence GEM rev 0x50070106 at 0xff0e0000 irq 30 (00:0a:35:04:8e:1b)
[    3.822066] xilinx-axipmon ffa00000.perf-monitor: Probed Xilinx APM
[    3.828638] xilinx-axipmon fd0b0000.perf-monitor: Probed Xilinx APM
[    3.835158] xilinx-axipmon fd490000.perf-monitor: Probed Xilinx APM
[    3.841702] xilinx-axipmon ffa10000.perf-monitor: Probed Xilinx APM
[    3.851695] pca953x 0-0020: supply vcc not found, using dummy regulator
[    3.858378] pca953x 0-0020: using no AI
[    3.862866] gpio-496 (sel0): hogged as output/low
[    3.867770] gpio-497 (sel1): hogged as output/high
[    3.872757] gpio-498 (sel2): hogged as output/high
[    3.877741] gpio-499 (sel3): hogged as output/high
[    3.882913] pca953x 0-0021: supply vcc not found, using dummy regulator
[    3.889578] pca953x 0-0021: using no AI
[    3.895342] ina2xx 2-0040: power monitor ina226 (Rshunt = 5000 uOhm)
[    3.902365] ina2xx 2-0041: power monitor ina226 (Rshunt = 5000 uOhm)
[    3.909394] ina2xx 2-0042: power monitor ina226 (Rshunt = 5000 uOhm)
[    3.916427] ina2xx 2-0043: power monitor ina226 (Rshunt = 5000 uOhm)
[    3.923444] ina2xx 2-0044: power monitor ina226 (Rshunt = 5000 uOhm)
[    3.930468] ina2xx 2-0045: power monitor ina226 (Rshunt = 5000 uOhm)
[    3.937497] ina2xx 2-0046: power monitor ina226 (Rshunt = 5000 uOhm)
[    3.944577] ina2xx 2-0047: power monitor ina226 (Rshunt = 5000 uOhm)
[    3.951609] ina2xx 2-004a: power monitor ina226 (Rshunt = 5000 uOhm)
[    3.958651] ina2xx 2-004b: power monitor ina226 (Rshunt = 5000 uOhm)
[    3.965059] i2c i2c-0: Added multiplexed i2c bus 2
[    3.970446] random: fast init done
[    3.973918] ina2xx 3-0040: power monitor ina226 (Rshunt = 2000 uOhm)
[    3.980945] ina2xx 3-0041: power monitor ina226 (Rshunt = 5000 uOhm)
[    3.987969] ina2xx 3-0042: power monitor ina226 (Rshunt = 5000 uOhm)
[    3.995002] ina2xx 3-0043: power monitor ina226 (Rshunt = 5000 uOhm)
[    4.002029] ina2xx 3-0044: power monitor ina226 (Rshunt = 5000 uOhm)
[    4.009055] ina2xx 3-0045: power monitor ina226 (Rshunt = 5000 uOhm)
[    4.016089] ina2xx 3-0046: power monitor ina226 (Rshunt = 5000 uOhm)
[    4.023117] ina2xx 3-0047: power monitor ina226 (Rshunt = 5000 uOhm)
[    4.029519] i2c i2c-0: Added multiplexed i2c bus 3
[    4.085736] i2c i2c-0: Added multiplexed i2c bus 4
[    4.090675] i2c i2c-0: Added multiplexed i2c bus 5
[    4.095464] pca954x 0-0075: registered 4 multiplexed busses for I2C mux pca9544
[    4.102815] cdns-i2c ff020000.i2c: 400 kHz mmio ff020000 irq 32
[    4.110545] at24 6-0054: supply vcc not found, using dummy regulator
[    4.117441] at24 6-0054: 1024 byte 24c08 EEPROM, writable, 1 bytes/write
[    4.124194] i2c i2c-1: Added multiplexed i2c bus 6
[    4.130624] si5341 7-0036: Chip: 5341 Grade: 1 Rev: 1
[    4.168318] i2c i2c-1: Added multiplexed i2c bus 7
[    4.175976] si570 8-005d: registered, current frequency 300000000 Hz
[    4.182374] i2c i2c-1: Added multiplexed i2c bus 8
[    4.202156] si570 9-005d: registered, current frequency 148500000 Hz
[    4.208562] i2c i2c-1: Added multiplexed i2c bus 9
[    4.213600] si5324 10-0069: si5328 probed
[    4.280125] si5324 10-0069: si5328 probe successful
[    4.285053] i2c i2c-1: Added multiplexed i2c bus 10
[    4.290079] i2c i2c-1: Added multiplexed i2c bus 11
[    4.295107] i2c i2c-1: Added multiplexed i2c bus 12
[    4.300128] i2c i2c-1: Added multiplexed i2c bus 13
[    4.305008] pca954x 1-0074: registered 8 multiplexed busses for I2C switch pca9548
[    4.313119] at24 14-0050: supply vcc not found, using dummy regulator
[    4.319904] at24 14-0050: 256 byte 24c02 EEPROM, writable, 1 bytes/write
[    4.326652] i2c i2c-1: Added multiplexed i2c bus 14
[    4.331691] i2c i2c-1: Added multiplexed i2c bus 15
[    4.336723] i2c i2c-1: Added multiplexed i2c bus 16
[    4.341761] i2c i2c-1: Added multiplexed i2c bus 17
[    4.346792] i2c i2c-1: Added multiplexed i2c bus 18
[    4.351844] i2c i2c-1: Added multiplexed i2c bus 19
[    4.356879] i2c i2c-1: Added multiplexed i2c bus 20
[    4.361917] i2c i2c-1: Added multiplexed i2c bus 21
[    4.366791] pca954x 1-0075: registered 8 multiplexed busses for I2C switch pca9548
[    4.374400] cdns-i2c ff030000.i2c: 400 kHz mmio ff030000 irq 33
[    4.384152] cdns-wdt fd4d0000.watchdog: Xilinx Watchdog Timer with timeout 60s
[    4.395095] axi_adxcvr 84a60000.axi-adxcvr-rx: AXI-ADXCVR-RX (17.05.a) using CPLL on GTH4 at 0x84A60000. Number of lanes: 4.
[    4.407270] axi_adxcvr 84b60000.axi-adxcvr-tx: AXI-ADXCVR-TX (17.05.a) using QPLL on GTH4 at 0x84B60000. Number of lanes: 4.
[    4.418892] axi-jesd204-rx 84a90000.axi-jesd204-rx: AXI-JESD204-RX (1.07.a) at 0x84A90000. Encoder 8b10b, width 4/4, lanes 4, jesd204-fsm.
[    4.426183] mmc0: SDHCI controller on ff170000.mmc [ff170000.mmc] using ADMA 64-bit
[    4.431734] axi-jesd204-tx 84b90000.axi-jesd204-tx: AXI-JESD204-TX (1.06.a) at 0x84B90000. Encoder 8b10b, width 4/4, lanes 4, jesd204-fsm.
[    4.452458] zynqmp-display fd4a0000.display: vtc bridge property not present
[    4.462116] xilinx-dp-snd-codec fd4a0000.display:zynqmp_dp_snd_codec0: Failed to get required clock freq
[    4.471621] xilinx-dp-snd-codec: probe of fd4a0000.display:zynqmp_dp_snd_codec0 failed with error -22
[    4.473543] mmc0: new high speed SDHC card at address 0001
[    4.481162] xilinx-dp-snd-pcm zynqmp_dp_snd_pcm0: Xilinx DisplayPort Sound PCM probed
[    4.486675] mmcblk0: mmc0:0001 EB1QT 29.8 GiB 
[    4.494478] xilinx-dp-snd-pcm zynqmp_dp_snd_pcm1: Xilinx DisplayPort Sound PCM probed
[    4.499925]  mmcblk0: p1 p2 p3
[    4.506781] OF: graph: no port node found in /axi/display@fd4a0000
[    4.515856] xlnx-drm xlnx-drm.0: bound fd4a0000.display (ops 0xffffffc010fcbdb8)
[    5.599775] zynqmp-display fd4a0000.display: [drm] Cannot find any crtc or sizes
[    5.607393] [drm] Initialized xlnx 1.0.0 20130509 for fd4a0000.display on minor 0
[    5.614882] zynqmp-display fd4a0000.display: ZynqMP DisplayPort Subsystem driver probed
[    5.623207] ahci-ceva fd0c0000.ahci: supply ahci not found, using dummy regulator
[    5.630753] ahci-ceva fd0c0000.ahci: supply phy not found, using dummy regulator
[    5.638204] ahci-ceva fd0c0000.ahci: supply target not found, using dummy regulator
[    5.646043] ahci-ceva fd0c0000.ahci: AHCI 0001.0301 32 slots 2 ports 6 Gbps 0x3 impl platform mode
[    5.654998] ahci-ceva fd0c0000.ahci: flags: 64bit ncq sntf pm clo only pmp fbs pio slum part ccc sds apst 
[    5.665691] scsi host0: ahci-ceva
[    5.669291] scsi host1: ahci-ceva
[    5.672719] ata1: SATA max UDMA/133 mmio [mem 0xfd0c0000-0xfd0c1fff] port 0x100 irq 45
[    5.680629] ata2: SATA max UDMA/133 mmio [mem 0xfd0c0000-0xfd0c1fff] port 0x180 irq 45
[    5.689223] ad9081 spi1.0: supply vdd not found, using dummy regulator
[    6.002011] ata1: SATA link down (SStatus 0 SControl 330)
[    6.007428] ata2: SATA link down (SStatus 0 SControl 330)
[    6.683777] zynqmp-display fd4a0000.display: [drm] Cannot find any crtc or sizes
[    7.523868] ad9081 spi1.0: AD9081 Rev. 2 Grade 10 (API 1.2.2) probed
[    7.531059] xhci-hcd xhci-hcd.1.auto: xHCI Host Controller
[    7.536557] xhci-hcd xhci-hcd.1.auto: new USB bus registered, assigned bus number 1
[    7.544303] xhci-hcd xhci-hcd.1.auto: hcc params 0x0238f625 hci version 0x100 quirks 0x0000000002010810
[    7.553723] xhci-hcd xhci-hcd.1.auto: irq 59, io mem 0xfe200000
[    7.559840] usb usb1: New USB device found, idVendor=1d6b, idProduct=0002, bcdDevice= 5.10
[    7.568105] usb usb1: New USB device strings: Mfr=3, Product=2, SerialNumber=1
[    7.575322] usb usb1: Product: xHCI Host Controller
[    7.580191] usb usb1: Manufacturer: Linux 5.10.0-98103-g2aa7ac113716 xhci-hcd
[    7.587317] usb usb1: SerialNumber: xhci-hcd.1.auto
[    7.592486] hub 1-0:1.0: USB hub found
[    7.596254] hub 1-0:1.0: 1 port detected
[    7.600358] xhci-hcd xhci-hcd.1.auto: xHCI Host Controller
[    7.605840] xhci-hcd xhci-hcd.1.auto: new USB bus registered, assigned bus number 2
[    7.613493] xhci-hcd xhci-hcd.1.auto: Host supports USB 3.0 SuperSpeed
[    7.620115] usb usb2: New USB device found, idVendor=1d6b, idProduct=0003, bcdDevice= 5.10
[    7.628378] usb usb2: New USB device strings: Mfr=3, Product=2, SerialNumber=1
[    7.635596] usb usb2: Product: xHCI Host Controller
[    7.640466] usb usb2: Manufacturer: Linux 5.10.0-98103-g2aa7ac113716 xhci-hcd
[    7.647592] usb usb2: SerialNumber: xhci-hcd.1.auto
[    7.652699] hub 2-0:1.0: USB hub found
[    7.656462] hub 2-0:1.0: 1 port detected
[    7.686566] cf_axi_adc 84a10000.axi-ad9081-rx-hpc: ADI AIM (10.01.b) at 0x84A10000 mapped to 0x(____ptrval____), probed ADC AD9081 as MASTER
[    7.716599] cf_axi_dds 84b10000.axi-ad9081-tx-hpc: Analog Devices CF_AXI_DDS_DDS MASTER (9.01.b) at 0x84B10000 mapped to 0x(____ptrval____), probed DDS AD9081
[    7.730796] jesd204: /axi/spi@ff040000/ad9081@0,jesd204:0,parent=spi1.0: JESD204[2] transition initialized -> probed
[    7.741317] jesd204: /axi/spi@ff040000/ad9081@0,jesd204:0,parent=spi1.0: JESD204[0] transition initialized -> probed
[    7.751842] jesd204: /axi/spi@ff040000/ad9081@0,jesd204:0,parent=spi1.0: JESD204[2] transition probed -> idle
[    7.761748] jesd204: /axi/spi@ff040000/ad9081@0,jesd204:0,parent=spi1.0: JESD204[0] transition probed -> idle
[    7.771666] jesd204: /axi/spi@ff040000/ad9081@0,jesd204:0,parent=spi1.0: JESD204[2] transition idle -> device_init
[    7.782006] jesd204: /axi/spi@ff040000/ad9081@0,jesd204:0,parent=spi1.0: JESD204[0] transition idle -> device_init
[    7.792362] jesd204: /axi/spi@ff040000/ad9081@0,jesd204:0,parent=spi1.0: JESD204[2] transition device_init -> link_init
[    7.803144] jesd204: /axi/spi@ff040000/ad9081@0,jesd204:0,parent=spi1.0: JESD204[0] transition device_init -> link_init
[    7.813935] jesd204: /axi/spi@ff040000/ad9081@0,jesd204:0,parent=spi1.0: JESD204[2] transition link_init -> link_supported
[    7.824973] jesd204: /axi/spi@ff040000/ad9081@0,jesd204:0,parent=spi1.0: JESD204[0] transition link_init -> link_supported
[    7.836393] hmc7044 spi2.0: hmc7044_jesd204_link_pre_setup: Link2 forcing continuous SYSREF mode
[    7.845561] jesd204: /axi/spi@ff040000/ad9081@0,jesd204:0,parent=spi1.0: JESD204[2] transition link_supported -> link_pre_setup
[    7.857040] jesd204: /axi/spi@ff040000/ad9081@0,jesd204:0,parent=spi1.0: JESD204[0] transition link_supported -> link_pre_setup
[    7.880823] jesd204: /axi/spi@ff040000/ad9081@0,jesd204:0,parent=spi1.0: JESD204[2] transition link_pre_setup -> clk_sync_stage1
[    7.892384] jesd204: /axi/spi@ff040000/ad9081@0,jesd204:0,parent=spi1.0: JESD204[0] transition link_pre_setup -> clk_sync_stage1
[    7.903955] jesd204: /axi/spi@ff040000/ad9081@0,jesd204:0,parent=spi1.0: JESD204[2] transition clk_sync_stage1 -> clk_sync_stage2
[    7.915601] jesd204: /axi/spi@ff040000/ad9081@0,jesd204:0,parent=spi1.0: JESD204[0] transition clk_sync_stage1 -> clk_sync_stage2
[    7.927253] jesd204: /axi/spi@ff040000/ad9081@0,jesd204:0,parent=spi1.0: JESD204[2] transition clk_sync_stage2 -> clk_sync_stage3
[    7.938897] jesd204: /axi/spi@ff040000/ad9081@0,jesd204:0,parent=spi1.0: JESD204[0] transition clk_sync_stage2 -> clk_sync_stage3
[    7.952617] jesd204: /axi/spi@ff040000/ad9081@0,jesd204:0,parent=spi1.0: JESD204[2] transition clk_sync_stage3 -> link_setup
[    7.963831] jesd204: /axi/spi@ff040000/ad9081@0,jesd204:0,parent=spi1.0: JESD204[0] transition clk_sync_stage3 -> link_setup
[    7.979880] jesd204: /axi/spi@ff040000/ad9081@0,jesd204:0,parent=spi1.0: JESD204[2] transition link_setup -> opt_setup_stage1
[    7.991179] jesd204: /axi/spi@ff040000/ad9081@0,jesd204:0,parent=spi1.0: JESD204[0] transition link_setup -> opt_setup_stage1
[    8.007530] jesd204: /axi/spi@ff040000/ad9081@0,jesd204:0,parent=spi1.0: JESD204[2] transition opt_setup_stage1 -> opt_setup_stage2
[    8.019355] jesd204: /axi/spi@ff040000/ad9081@0,jesd204:0,parent=spi1.0: JESD204[0] transition opt_setup_stage1 -> opt_setup_stage2
[    8.031328] jesd204: /axi/spi@ff040000/ad9081@0,jesd204:0,parent=spi1.0: JESD204[2] transition opt_setup_stage2 -> opt_setup_stage3
[    8.043147] jesd204: /axi/spi@ff040000/ad9081@0,jesd204:0,parent=spi1.0: JESD204[0] transition opt_setup_stage2 -> opt_setup_stage3
[    8.054970] jesd204: /axi/spi@ff040000/ad9081@0,jesd204:0,parent=spi1.0: JESD204[2] transition opt_setup_stage3 -> opt_setup_stage4
[    8.066794] jesd204: /axi/spi@ff040000/ad9081@0,jesd204:0,parent=spi1.0: JESD204[0] transition opt_setup_stage3 -> opt_setup_stage4
[    8.078618] jesd204: /axi/spi@ff040000/ad9081@0,jesd204:0,parent=spi1.0: JESD204[2] transition opt_setup_stage4 -> opt_setup_stage5
[    8.090447] jesd204: /axi/spi@ff040000/ad9081@0,jesd204:0,parent=spi1.0: JESD204[0] transition opt_setup_stage4 -> opt_setup_stage5
[    8.106374] jesd204: /axi/spi@ff040000/ad9081@0,jesd204:0,parent=spi1.0: JESD204[2] transition opt_setup_stage5 -> clocks_enable
[    8.117933] jesd204: /axi/spi@ff040000/ad9081@0,jesd204:0,parent=spi1.0: JESD204[0] transition opt_setup_stage5 -> clocks_enable
[    8.164835] axi_adxcvr 84a60000.axi-adxcvr-rx: adxcvr_clk_enable: CPLL RX buffer underflow error, status: 0x61
[    8.174819] axi_adxcvr 84a60000.axi-adxcvr-rx: adxcvr_clk_enable: CPLL RX buffer overflow error, status: 0x61
[    8.184793] jesd204: /axi/spi@ff040000/ad9081@0,jesd204:0,parent=spi1.0: JESD204[2] transition clocks_enable -> link_enable
[    8.195922] jesd204: /axi/spi@ff040000/ad9081@0,jesd204:0,parent=spi1.0: JESD204[0] transition clocks_enable -> link_enable
[    8.227998] ad9081 spi1.0: JESD RX (JTX) Link2 in DATA, SYNC deasserted, PLL locked, PHASE established, MODE valid
[    8.238601] ad9081 spi1.0: JESD TX (JRX) Link0 0xF lanes in DATA
[    8.244611] jesd204: /axi/spi@ff040000/ad9081@0,jesd204:0,parent=spi1.0: JESD204[2] transition link_enable -> link_running
[    8.255648] jesd204: /axi/spi@ff040000/ad9081@0,jesd204:0,parent=spi1.0: JESD204[0] transition link_enable -> link_running
[    8.266694] jesd204: /axi/spi@ff040000/ad9081@0,jesd204:0,parent=spi1.0: JESD204[2] transition link_running -> opt_post_running_stage
[    8.278686] jesd204: /axi/spi@ff040000/ad9081@0,jesd204:0,parent=spi1.0: JESD204[0] transition link_running -> opt_post_running_stage
[    8.299905] input: gpio-keys as /devices/platform/gpio-keys/input/input0
[    8.306925] of_cfs_init
[    8.309390] of_cfs_init: OK
[    8.312342] cfg80211: Loading compiled-in X.509 certificates for regulatory database
[    8.450527] cfg80211: Loaded X.509 cert 'sforshee: 00b28ddf47aef9cea7'
[    8.457054] clk: Not disabling unused clocks
[    8.461584] ALSA device list:
[    8.464544]   No soundcards found.
[    8.468213] platform regulatory.0: Direct firmware load for regulatory.db failed with error -2
[    8.476824] cfg80211: failed to load regulatory.db
[    8.492705] EXT4-fs (mmcblk0p2): mounted filesystem with ordered data mode. Opts: (null)
[    8.500815] VFS: Mounted root (ext4 filesystem) on device 179:2.
[    8.515306] devtmpfs: mounted
[    8.519118] Freeing unused kernel memory: 2560K
[    8.527817] Run /sbin/init as init process
[    8.531915]   with arguments:
[    8.531918]     /sbin/init
[    8.531920]   with environment:
[    8.531922]     HOME=/
[    8.531924]     TERM=linux
[    9.157382] systemd[1]: systemd 241 running in system mode. (+PAM +AUDIT +SELINUX +IMA +APPARMOR +SMACK +SYSVINIT +UTMP +LIBCRYPTSETUP +GCRYPT +GNUTLS +ACL +XZ +LZ4 +SECCOMP +BLKID +ELFUTILS +KMOD -IDN2 +IDN -PCRE2 default-hierarchy=hybrid)
[    9.179254] systemd[1]: Detected architecture arm64.
[    9.204579] systemd[1]: Set hostname to <analog>.
[    9.395328] systemd[1]: File /lib/systemd/system/systemd-journald.service:12 configures an IP firewall (IPAddressDeny=any), but the local system does not support BPF/cgroup based firewalling.
[    9.412373] systemd[1]: Proceeding WITHOUT firewalling in effect! (This warning is only shown for the first loaded unit using IP firewalling.)
[    9.586041] systemd[1]: /etc/systemd/system/tof-server.service:1: Assignment outside of section. Ignoring.
[    9.595742] systemd[1]: /etc/systemd/system/tof-server.service:2: Assignment outside of section. Ignoring.
[    9.790013] random: systemd: uninitialized urandom read (16 bytes read)
[    9.805013] random: systemd: uninitialized urandom read (16 bytes read)
[    9.811670] systemd[1]: Reached target Swap.
[    9.827845] random: systemd: uninitialized urandom read (16 bytes read)
[    9.834601] systemd[1]: Started Forward Password Requests to Wall Directory Watch.
[    9.860398] systemd[1]: Created slice system-serial\x2dgetty.slice.
[   10.475333] ------------[ cut here ]------------
[   10.475341] Enabling unprepared \xa0\xe9Q\x88\xff\xff\xffpQ\x88\xff\xff\xff
[   10.475388] WARNING: CPU: 3 PID: 27 at drivers/clk/clk.c:1012 clk_core_enable+0xa4/0xc0
[   10.475391] Modules linked in:
[   10.475401] CPU: 3 PID: 27 Comm: kworker/3:0H Not tainted 5.10.0-98103-g2aa7ac113716 #5577
[   10.475404] Hardware name: ZynqMP ZCU102 Rev1.0 (DT)
[   10.475414] Workqueue: kblockd blk_mq_run_work_fn
[   10.475421] pstate: 80000085 (Nzcv daIf -PAN -UAO -TCO BTYPE=--)
[   10.475427] pc : clk_core_enable+0xa4/0xc0
[   10.475432] lr : clk_core_enable+0xa4/0xc0
[   10.475435] sp : ffffffc01209b2d0
[   10.475438] x29: ffffffc01209b2d0 x28: ffffff8800330c10 
[   10.475445] x27: ffffff8800330d48 x26: 0000005000000101 
[   10.475451] x25: 000000026a6ecf28 x24: 0000000000000001 
[   10.475458] x23: ffffff88010e9380 x22: ffffff8801083220 
[   10.475465] x21: ffffff8801517000 x20: ffffff8801517008 
[   10.475471] x19: ffffff8801517008 x18: 0000000000000030 
[   10.475478] x17: 0000000000000003 x16: 0000ad5e29e9bd34 
[   10.475484] x15: ffffffffffff8750 x14: ffffffc011d3b1a0 
[   10.475490] x13: ffffffc011d3b1c8 x12: 00000000000005eb 
[   10.475497] x11: 00000000000001f9 x10: ffffffc011d671c8 
[   10.475503] x9 : 00000000fffff800 x8 : ffffffc011d3b1c8 
[   10.475510] x7 : ffffffc011d671c8 x6 : 0000000000000001 
[   10.475516] x5 : ffffff887f7a89e0 x4 : 0000000000000000 
[   10.475523] x3 : 0000000000000027 x2 : 0000000000000023 
[   10.475529] x1 : 0bf9685615693300 x0 : 0000000000000000 
[   10.475536] Call trace:
[   10.475542]  clk_core_enable+0xa4/0xc0
[   10.475547]  clk_enable+0x2c/0x60
[   10.475553]  zynqmp_runtime_resume+0x24/0x84
[   10.475560]  pm_generic_runtime_resume+0x30/0x50
[   10.475565]  __genpd_runtime_resume+0x30/0xb0
[   10.475572]  genpd_runtime_resume+0x90/0x250
[   10.475578]  __rpm_callback+0x10c/0x1e0
[   10.475583]  rpm_callback+0x5c/0x84
[   10.475588]  rpm_resume+0x4a4/0x74c
[   10.475593]  __pm_runtime_resume+0x78/0xc4
[   10.475598]  spi_mem_access_start.isra.0+0x30/0x80
[   10.475602]  spi_mem_exec_op+0x3b0/0x424
[   10.475607]  spi_nor_read_sr+0x78/0xe0
[   10.475612]  spi_nor_wait_till_ready_with_timeout+0xb4/0x2f0
[   10.475616]  spi_nor_read+0x188/0x380
[   10.475621]  mtd_read_oob_std+0x78/0x84
[   10.475626]  mtd_read_oob+0x7c/0x134
[   10.475630]  mtd_read+0x48/0x7c
[   10.475636]  mtdblock_readsect+0x6c/0x150
[   10.475641]  mtd_queue_rq+0x2cc/0x5a0
[   10.475647]  blk_mq_dispatch_rq_list+0x110/0x790
[   10.475653]  __blk_mq_do_dispatch_sched+0x200/0x274
[   10.475658]  __blk_mq_sched_dispatch_requests+0x1a8/0x1fc
[   10.475664]  blk_mq_sched_dispatch_requests+0x3c/0x7c
[   10.475669]  __blk_mq_run_hw_queue+0x98/0x100
[   10.475673]  blk_mq_run_work_fn+0x24/0x30
[   10.475679]  process_one_work+0x1d4/0x380
[   10.475683]  worker_thread+0x78/0x4e0
[   10.475689]  kthread+0x124/0x130
[   10.475694]  ret_from_fork+0x10/0x3c
[   10.475698] ---[ end trace 102d5cf3aaabb0f7 ]---
[   10.475706] zynqmp-qspi ff0f0000.spi: Cannot enable APB clock.
[   10.475838] spi_master spi0: Failed to power device: -108
[   10.475849] blk_update_request: I/O error, dev mtdblock0, sector 8 op 0x0:(READ) flags 0x80700 phys_seg 1 prio class 0
[   10.475960] spi_master spi0: Failed to power device: -22
[   10.475967] blk_update_request: I/O error, dev mtdblock0, sector 8 op 0x0:(READ) flags 0x0 phys_seg 8 prio class 0
[   10.475973] Buffer I/O error on dev mtdblock0, logical block 8, async page read
[   10.475983] spi_master spi0: Failed to power device: -22
[   10.475989] blk_update_request: I/O error, dev mtdblock0, sector 9 op 0x0:(READ) flags 0x0 phys_seg 7 prio class 0
[   10.475993] Buffer I/O error on dev mtdblock0, logical block 9, async page read
[   10.476000] spi_master spi0: Failed to power device: -22
[   10.476005] blk_update_request: I/O error, dev mtdblock0, sector 10 op 0x0:(READ) flags 0x0 phys_seg 6 prio class 0
[   10.476009] Buffer I/O error on dev mtdblock0, logical block 10, async page read
[   10.476016] spi_master spi0: Failed to power device: -22
[   10.476022] blk_update_request: I/O error, dev mtdblock0, sector 11 op 0x0:(READ) flags 0x0 phys_seg 5 prio class 0
[   10.476026] Buffer I/O error on dev mtdblock0, logical block 11, async page read
[   10.476033] spi_master spi0: Failed to power device: -22
[   10.476039] blk_update_request: I/O error, dev mtdblock0, sector 12 op 0x0:(READ) flags 0x0 phys_seg 4 prio class 0
[   10.476042] Buffer I/O error on dev mtdblock0, logical block 12, async page read
[   10.476050] spi_master spi0: Failed to power device: -22
[   10.476055] blk_update_request: I/O error, dev mtdblock0, sector 13 op 0x0:(READ) flags 0x0 phys_seg 3 prio class 0
[   10.476059] Buffer I/O error on dev mtdblock0, logical block 13, async page read
[   10.476066] spi_master spi0: Failed to power device: -22
[   10.476071] blk_update_request: I/O error, dev mtdblock0, sector 14 op 0x0:(READ) flags 0x0 phys_seg 2 prio class 0
[   10.476084] Buffer I/O error on dev mtdblock0, logical block 14, async page read
[   10.476091] spi_master spi0: Failed to power device: -22
[   10.476097] blk_update_request: I/O error, dev mtdblock0, sector 15 op 0x0:(READ) flags 0x0 phys_seg 1 prio class 0
[   10.476101] Buffer I/O error on dev mtdblock0, logical block 15, async page read
[   10.476436] spi_master spi0: Failed to power device: -22
[   10.476443] blk_update_request: I/O error, dev mtdblock1, sector 10112 op 0x0:(READ) flags 0x80700 phys_seg 1 prio class 0
[   10.476487] spi_master spi0: Failed to power device: -22
[   10.476493] Buffer I/O error on dev mtdblock1, logical block 10112, async page read
[   10.476501] spi_master spi0: Failed to power device: -22
[   10.476506] Buffer I/O error on dev mtdblock1, logical block 10113, async page read
[   10.476517] spi_master spi0: Failed to power device: -22
[   10.476524] spi_master spi0: Failed to power device: -22
[   10.476532] spi_master spi0: Failed to power device: -22
[   10.476539] spi_master spi0: Failed to power device: -22
[   10.476547] spi_master spi0: Failed to power device: -22
[   10.476554] spi_master spi0: Failed to power device: -22
[   10.476801] spi_master spi0: Failed to power device: -22
[   10.476845] spi_master spi0: Failed to power device: -22
[   10.476855] spi_master spi0: Failed to power device: -22
[   10.476862] spi_master spi0: Failed to power device: -22
[   10.476870] spi_master spi0: Failed to power device: -22
[   10.476878] spi_master spi0: Failed to power device: -22
[   10.476885] spi_master spi0: Failed to power device: -22
[   10.476892] spi_master spi0: Failed to power device: -22
[   10.476899] spi_master spi0: Failed to power device: -22
[   10.477204] spi_master spi0: Failed to power device: -22
[   10.477249] spi_master spi0: Failed to power device: -22
[   10.477258] spi_master spi0: Failed to power device: -22
[   10.477266] spi_master spi0: Failed to power device: -22
[   10.477274] spi_master spi0: Failed to power device: -22
[   10.477281] spi_master spi0: Failed to power device: -22
[   10.477288] spi_master spi0: Failed to power device: -22
[   10.477295] spi_master spi0: Failed to power device: -22
[   10.477302] spi_master spi0: Failed to power device: -22
[   10.613179] EXT4-fs (mmcblk0p2): re-mounted. Opts: (null)
[   10.820525] systemd-journald[148]: Received request to flush runtime journal from PID 1
[   16.721016] macb ff0e0000.ethernet eth0: PHY [ff0e0000.ethernet-ffffffff:0c] driver [TI DP83867] (irq=POLL)
[   16.721029] macb ff0e0000.ethernet eth0: configuring for phy/rgmii-id link mode
[   17.011829] Adding 102396k swap on /var/swap.  Priority:-2 extents:2 across:122876k SS
[   18.740967] random: crng init done
[   18.740976] random: 7 urandom warning(s) missed due to ratelimiting
[   20.321504] broken atomic modeset userspace detected, disabling atomic
[   20.801402] macb ff0e0000.ethernet eth0: Link is Up - 1Gbps/Full - flow control off
[   20.801426] IPv6: ADDRCONF(NETDEV_CHANGE): eth0: link becomes ready
[   23.072428] broken atomic modeset userspace detected, disabling atomic
[   26.171591] broken atomic modeset userspace detected, disabling atomic
[   28.802825] broken atomic modeset userspace detected, disabling atomic