[    0.000000] Booting Linux on physical CPU 0x0000000000 [0x410fd034]
[    0.000000] Linux version 5.10.0-98103-g2aa7ac113716 (jenkins@romlxbuild1.adlk.analog.com) (aarch64-xilinx-linux-gcc.real (GCC) 10.2.0, GNU ld (GNU Binutils) 2.35.0.20200730) #5577 SMP Wed Mar 23 07:28:49 GMT 2022
[    0.000000] Machine model: ZynqMP ZCU102 Rev1.0
[    0.000000] earlycon: cdns0 at MMIO 0x00000000ff000000 (options '115200n8')
[    0.000000] printk: bootconsole [cdns0] enabled
[    0.000000] efi: UEFI not found.
[    0.000000] cma: Reserved 256 MiB at 0x0000000070000000
[    0.000000] Zone ranges:
[    0.000000]   DMA      [mem 0x0000000000000000-0x000000003fffffff]
[    0.000000]   DMA32    [mem 0x0000000040000000-0x00000000ffffffff]
[    0.000000]   Normal   [mem 0x0000000100000000-0x000000087fffffff]
[    0.000000] Movable zone start for each node
[    0.000000] Early memory node ranges
[    0.000000]   node   0: [mem 0x0000000000000000-0x000000007fffffff]
[    0.000000]   node   0: [mem 0x0000000800000000-0x000000087fffffff]
[    0.000000] Initmem setup node 0 [mem 0x0000000000000000-0x000000087fffffff]
[    0.000000] On node 0 totalpages: 1048576
[    0.000000]   DMA zone: 3584 pages used for memmap
[    0.000000]   DMA zone: 0 pages reserved
[    0.000000]   DMA zone: 262144 pages, LIFO batch:63
[    0.000000]   DMA32 zone: 3584 pages used for memmap
[    0.000000]   DMA32 zone: 262144 pages, LIFO batch:63
[    0.000000]   Normal zone: 7168 pages used for memmap
[    0.000000]   Normal zone: 524288 pages, LIFO batch:63
[    0.000000] psci: probing for conduit method from DT.
[    0.000000] psci: PSCIv1.1 detected in firmware.
[    0.000000] psci: Using standard PSCI v0.2 function IDs
[    0.000000] psci: MIGRATE_INFO_TYPE not supported.
[    0.000000] psci: SMC Calling Convention v1.2
[    0.000000] percpu: Embedded 22 pages/cpu s49496 r8192 d32424 u90112
[    0.000000] pcpu-alloc: s49496 r8192 d32424 u90112 alloc=22*4096
[    0.000000] pcpu-alloc: [0] 0 [0] 1 [0] 2 [0] 3 
[    0.000000] Detected VIPT I-cache on CPU0
[    0.000000] CPU features: detected: ARM erratum 845719
[    0.000000] Built 1 zonelists, mobility grouping on.  Total pages: 1034240
[    0.000000] Kernel command line: console=ttyPS0,115200 root=/dev/mmcblk0p2 rw earlycon rootfstype=ext4 rootwait clk_ignore_unused cpuidle.off=1 root=/dev/mmcblk0p2 rw rootwait
[    0.000000] Dentry cache hash table entries: 524288 (order: 10, 4194304 bytes, linear)
[    0.000000] Inode-cache hash table entries: 262144 (order: 9, 2097152 bytes, linear)
[    0.000000] mem auto-init: stack:off, heap alloc:off, heap free:off
[    0.000000] software IO TLB: mapped [mem 0x000000003bfff000-0x000000003ffff000] (64MB)
[    0.000000] Memory: 3761904K/4194304K available (15296K kernel code, 1636K rwdata, 11876K rodata, 2560K init, 507K bss, 170256K reserved, 262144K cma-reserved)
[    0.000000] rcu: Hierarchical RCU implementation.
[    0.000000] rcu: 	RCU event tracing is enabled.
[    0.000000] rcu: 	RCU restricting CPUs from NR_CPUS=8 to nr_cpu_ids=4.
[    0.000000] rcu: RCU calculated value of scheduler-enlistment delay is 25 jiffies.
[    0.000000] rcu: Adjusting geometry for rcu_fanout_leaf=16, nr_cpu_ids=4
[    0.000000] NR_IRQS: 64, nr_irqs: 64, preallocated irqs: 0
[    0.000000] GIC: Adjusting CPU interface base to 0x00000000f902f000
[    0.000000] GIC: Using split EOI/Deactivate mode
[    0.000000] random: get_random_bytes called from start_kernel+0x31c/0x54c with crng_init=0
[    0.000000] arch_timer: cp15 timer(s) running at 100.00MHz (phys).
[    0.000000] clocksource: arch_sys_counter: mask: 0xffffffffffffff max_cycles: 0x171024e7e0, max_idle_ns: 440795205315 ns
[    0.000003] sched_clock: 56 bits at 100MHz, resolution 10ns, wraps every 4398046511100ns
[    0.008460] Console: colour dummy device 80x25
[    0.012483] Calibrating delay loop (skipped), value calculated using timer frequency.. 200.00 BogoMIPS (lpj=400000)
[    0.022841] pid_max: default: 32768 minimum: 301
[    0.027549] Mount-cache hash table entries: 8192 (order: 4, 65536 bytes, linear)
[    0.034788] Mountpoint-cache hash table entries: 8192 (order: 4, 65536 bytes, linear)
[    0.043394] rcu: Hierarchical SRCU implementation.
[    0.047559] EFI services will not be available.
[    0.051938] smp: Bringing up secondary CPUs ...
[    0.056656] Detected VIPT I-cache on CPU1
[    0.056695] CPU1: Booted secondary processor 0x0000000001 [0x410fd034]
[    0.057060] Detected VIPT I-cache on CPU2
[    0.057084] CPU2: Booted secondary processor 0x0000000002 [0x410fd034]
[    0.057421] Detected VIPT I-cache on CPU3
[    0.057444] CPU3: Booted secondary processor 0x0000000003 [0x410fd034]
[    0.057490] smp: Brought up 1 node, 4 CPUs
[    0.091779] SMP: Total of 4 processors activated.
[    0.096452] CPU features: detected: 32-bit EL0 Support
[    0.101556] CPU features: detected: CRC32 instructions
[    0.106695] CPU: All CPU(s) started at EL2
[    0.110736] alternatives: patching kernel code
[    0.116169] devtmpfs: initialized
[    0.124068] Registered cp15_barrier emulation handler
[    0.124118] Registered setend emulation handler
[    0.128101] clocksource: jiffies: mask: 0xffffffff max_cycles: 0xffffffff, max_idle_ns: 7645041785100000 ns
[    0.137678] futex hash table entries: 1024 (order: 4, 65536 bytes, linear)
[    0.151040] pinctrl core: initialized pinctrl subsystem
[    0.151686] NET: Registered protocol family 16
[    0.156108] DMA: preallocated 512 KiB GFP_KERNEL pool for atomic allocations
[    0.162125] DMA: preallocated 512 KiB GFP_KERNEL|GFP_DMA pool for atomic allocations
[    0.169851] DMA: preallocated 512 KiB GFP_KERNEL|GFP_DMA32 pool for atomic allocations
[    0.177654] audit: initializing netlink subsys (disabled)
[    0.183105] audit: type=2000 audit(0.116:1): state=initialized audit_enabled=0 res=1
[    0.183450] hw-breakpoint: found 6 breakpoint and 4 watchpoint registers.
[    0.197480] ASID allocator initialised with 65536 entries
[    0.224387] HugeTLB registered 1.00 GiB page size, pre-allocated 0 pages
[    0.225438] HugeTLB registered 32.0 MiB page size, pre-allocated 0 pages
[    0.232109] HugeTLB registered 2.00 MiB page size, pre-allocated 0 pages
[    0.238771] HugeTLB registered 64.0 KiB page size, pre-allocated 0 pages
[    1.304344] DRBG: Continuing without Jitter RNG
[    1.382165] raid6: neonx8   gen()  2143 MB/s
[    1.450207] raid6: neonx8   xor()  1596 MB/s
[    1.518269] raid6: neonx4   gen()  2194 MB/s
[    1.586317] raid6: neonx4   xor()  1567 MB/s
[    1.654389] raid6: neonx2   gen()  2076 MB/s
[    1.722431] raid6: neonx2   xor()  1440 MB/s
[    1.790507] raid6: neonx1   gen()  1772 MB/s
[    1.858545] raid6: neonx1   xor()  1220 MB/s
[    1.926609] raid6: int64x8  gen()  1438 MB/s
[    1.994660] raid6: int64x8  xor()   771 MB/s
[    2.062739] raid6: int64x4  gen()  1599 MB/s
[    2.130790] raid6: int64x4  xor()   819 MB/s
[    2.198860] raid6: int64x2  gen()  1397 MB/s
[    2.266898] raid6: int64x2  xor()   750 MB/s
[    2.334966] raid6: int64x1  gen()  1033 MB/s
[    2.403035] raid6: int64x1  xor()   517 MB/s
[    2.403073] raid6: using algorithm neonx4 gen() 2194 MB/s
[    2.407030] raid6: .... xor() 1567 MB/s, rmw enabled
[    2.411961] raid6: using neon recovery algorithm
[    2.416972] iommu: Default domain type: Translated 
[    2.421586] SCSI subsystem initialized
[    2.425130] libata version 3.00 loaded.
[    2.425255] usbcore: registered new interface driver usbfs
[    2.430587] usbcore: registered new interface driver hub
[    2.435860] usbcore: registered new device driver usb
[    2.440993] mc: Linux media interface: v0.10
[    2.445108] videodev: Linux video capture interface: v2.00
[    2.450599] EDAC MC: Ver: 3.0.0
[    2.454037] zynqmp-ipi-mbox mailbox@ff990400: Registered ZynqMP IPI mbox with TX/RX channels.
[    2.462545] jesd204: created con: id=0, topo=0, link=0, /axi/spi@ff050000/hmc7044@0 <-> /fpga-axi@0/axi-adxcvr-tx@84b60000
[    2.473129] jesd204: created con: id=1, topo=0, link=2, /axi/spi@ff050000/hmc7044@0 <-> /fpga-axi@0/axi-adxcvr-rx@84a60000
[    2.484113] jesd204: created con: id=2, topo=0, link=0, /fpga-axi@0/axi-adxcvr-tx@84b60000 <-> /fpga-axi@0/axi-jesd204-tx@84b90000
[    2.495789] jesd204: created con: id=3, topo=0, link=2, /fpga-axi@0/axi-adxcvr-rx@84a60000 <-> /fpga-axi@0/axi-jesd204-rx@84a90000
[    2.507466] jesd204: created con: id=4, topo=0, link=0, /fpga-axi@0/axi-jesd204-tx@84b90000 <-> /fpga-axi@0/axi-ad9081-tx-hpc@84b10000
[    2.519494] jesd204: created con: id=5, topo=0, link=2, /fpga-axi@0/axi-jesd204-rx@84a90000 <-> /fpga-axi@0/axi-ad9081-rx-hpc@84a10000
[    2.531516] jesd204: created con: id=6, topo=0, link=2, /fpga-axi@0/axi-ad9081-rx-hpc@84a10000 <-> /axi/spi@ff040000/ad9081@0
[    2.542758] jesd204: created con: id=7, topo=0, link=0, /fpga-axi@0/axi-ad9081-tx-hpc@84b10000 <-> /axi/spi@ff040000/ad9081@0
[    2.554007] jesd204: /axi/spi@ff040000/ad9081@0: JESD204[2] transition uninitialized -> initialized
[    2.562994] jesd204: /axi/spi@ff040000/ad9081@0: JESD204[0] transition uninitialized -> initialized
[    2.571986] jesd204: found 8 devices and 1 topologies
[    2.577030] FPGA manager framework
[    2.580510] Advanced Linux Sound Architecture Driver Initialized.
[    2.586800] Bluetooth: Core ver 2.22
[    2.589988] NET: Registered protocol family 31
[    2.594390] Bluetooth: HCI device and connection manager initialized
[    2.600706] Bluetooth: HCI socket layer initialized
[    2.605549] Bluetooth: L2CAP socket layer initialized
[    2.610573] Bluetooth: SCO socket layer initialized
[    2.615757] clocksource: Switched to clocksource arch_sys_counter
[    2.621567] VFS: Disk quotas dquot_6.6.0
[    2.625400] VFS: Dquot-cache hash table entries: 512 (order 0, 4096 bytes)
[    2.636116] NET: Registered protocol family 2
[    2.636844] tcp_listen_portaddr_hash hash table entries: 2048 (order: 3, 32768 bytes, linear)
[    2.645040] TCP established hash table entries: 32768 (order: 6, 262144 bytes, linear)
[    2.653065] TCP bind hash table entries: 32768 (order: 7, 524288 bytes, linear)
[    2.660510] TCP: Hash tables configured (established 32768 bind 32768)
[    2.666683] UDP hash table entries: 2048 (order: 4, 65536 bytes, linear)
[    2.673350] UDP-Lite hash table entries: 2048 (order: 4, 65536 bytes, linear)
[    2.680511] NET: Registered protocol family 1
[    2.684968] RPC: Registered named UNIX socket transport module.
[    2.690584] RPC: Registered udp transport module.
[    2.695251] RPC: Registered tcp transport module.
[    2.699920] RPC: Registered tcp NFSv4.1 backchannel transport module.
[    2.706913] PCI: CLS 0 bytes, default 64
[    2.710608] hw perfevents: no interrupt-affinity property for /pmu, guessing.
[    2.717470] hw perfevents: enabled with armv8_pmuv3 PMU driver, 7 counters available
[    2.725823] Initialise system trusted keyrings
[    2.729498] workingset: timestamp_bits=62 max_order=20 bucket_order=0
[    2.736403] NFS: Registering the id_resolver key type
[    2.740852] Key type id_resolver registered
[    2.744988] Key type id_legacy registered
[    2.748979] nfs4filelayout_init: NFSv4 File Layout Driver Registering...
[    2.755645] jffs2: version 2.2. (NAND) (SUMMARY)  Â© 2001-2006 Red Hat, Inc.
[    2.798712] NET: Registered protocol family 38
[    2.798754] xor: measuring software checksum speed
[    2.806444]    8regs           :  2363 MB/sec
[    2.810113]    32regs          :  2799 MB/sec
[    2.815055]    arm64_neon      :  2380 MB/sec
[    2.815245] xor: using function: 32regs (2799 MB/sec)
[    2.820271] Key type asymmetric registered
[    2.824332] Asymmetric key parser 'x509' registered
[    2.829194] Block layer SCSI generic (bsg) driver version 0.4 loaded (major 248)
[    2.836531] io scheduler mq-deadline registered
[    2.841027] io scheduler kyber registered
[    2.870436] Serial: 8250/16550 driver, 4 ports, IRQ sharing disabled
[    2.875069] cacheinfo: Unable to detect cache hierarchy for CPU 0
[    2.881415] brd: module loaded
[    2.885561] loop: module loaded
[    2.886105] Registered mathworks_ip class
[    2.889442] libphy: Fixed MDIO Bus: probed
[    2.892425] tun: Universal TUN/TAP device driver, 1.6
[    2.896481] CAN device driver interface
[    2.901018] usbcore: registered new interface driver asix
[    2.905613] usbcore: registered new interface driver ax88179_178a
[    2.911648] usbcore: registered new interface driver cdc_ether
[    2.917442] usbcore: registered new interface driver net1080
[    2.923068] usbcore: registered new interface driver cdc_subset
[    2.928948] usbcore: registered new interface driver zaurus
[    2.934491] usbcore: registered new interface driver cdc_ncm
[    2.940893] ehci_hcd: USB 2.0 'Enhanced' Host Controller (EHCI) Driver
[    2.946577] ehci-pci: EHCI PCI platform driver
[    2.951372] usbcore: registered new interface driver uas
[    2.956293] usbcore: registered new interface driver usb-storage
[    2.962280] usbcore: registered new interface driver usbserial_generic
[    2.968732] usbserial: USB Serial support registered for generic
[    2.974705] usbcore: registered new interface driver ftdi_sio
[    2.980408] usbserial: USB Serial support registered for FTDI USB Serial Device
[    2.987684] usbcore: registered new interface driver upd78f0730
[    2.993555] usbserial: USB Serial support registered for upd78f0730
[    3.001208] rtc_zynqmp ffa60000.rtc: registered as rtc0
[    3.004981] rtc_zynqmp ffa60000.rtc: setting system clock to 2022-03-26T00:28:24 UTC (1648254504)
[    3.013843] i2c /dev entries driver
[    3.019147] usbcore: registered new interface driver uvcvideo
[    3.022957] USB Video Class driver (1.1.1)
[    3.028540] Bluetooth: HCI UART driver ver 2.3
[    3.031428] Bluetooth: HCI UART protocol H4 registered
[    3.036537] Bluetooth: HCI UART protocol BCSP registered
[    3.041826] Bluetooth: HCI UART protocol LL registered
[    3.046915] Bluetooth: HCI UART protocol ATH3K registered
[    3.052288] Bluetooth: HCI UART protocol Three-wire (H5) registered
[    3.058544] Bluetooth: HCI UART protocol Intel registered
[    3.063882] Bluetooth: HCI UART protocol QCA registered
[    3.069083] usbcore: registered new interface driver bcm203x
[    3.074704] usbcore: registered new interface driver bpa10x
[    3.080240] usbcore: registered new interface driver bfusb
[    3.085690] usbcore: registered new interface driver btusb
[    3.091153] usbcore: registered new interface driver ath3k
[    3.096636] EDAC MC: ECC not enabled
[    3.100262] EDAC DEVICE0: Giving out device to module zynqmp-ocm-edac controller zynqmp_ocm: DEV ff960000.memory-controller (INTERRUPT)
[    3.112575] sdhci: Secure Digital Host Controller Interface driver
[    3.118364] sdhci: Copyright(c) Pierre Ossman
[    3.122689] sdhci-pltfm: SDHCI platform and OF driver helper
[    3.128743] ledtrig-cpu: registered to indicate activity on CPUs
[    3.134292] SMCCC: SOC_ID: ARCH_SOC_ID not implemented, skipping ....
[    3.140720] zynqmp_firmware_probe Platform Management API v1.1
[    3.146480] zynqmp_firmware_probe Trustzone version v1.0
[    3.186029] zynqmp-pinctrl firmware:zynqmp-firmware:pinctrl: zynqmp pinctrl initialized
[    3.234027] zynqmp-aes firmware:zynqmp-firmware:zynqmp-aes: will run requests pump with realtime priority
[    3.249878] alg: No test for xilinx-keccak-384 (zynqmp-keccak-384)
[    3.250587] alg: No test for xilinx-zynqmp-rsa (zynqmp-rsa)
[    3.256099] usbcore: registered new interface driver usbhid
[    3.261489] usbhid: USB HID core driver
[    3.272736] axi_sysid 85000000.axi-sysid-0: AXI System ID core version (1.01.a) found
[    3.275088] axi_sysid 85000000.axi-sysid-0: [ad9081_fmca_ebz] on [zcu102] git branch <master> git <084d44c9780640ca93fd847b1d9ec70dd65f5c67> clean [2022-03-18 04:17:50] UTC
[    3.290774] fpga_manager fpga0: Xilinx ZynqMP FPGA Manager registered
[    3.297132] usbcore: registered new interface driver snd-usb-audio
[    3.304582] pktgen: Packet Generator for packet performance testing. Version: 2.75
[    3.310766] Initializing XFRM netlink socket
[    3.314617] NET: Registered protocol family 10
[    3.319335] Segment Routing with IPv6
[    3.322717] sit: IPv6, IPv4 and MPLS over IPv4 tunneling driver
[    3.328790] NET: Registered protocol family 17
[    3.332888] NET: Registered protocol family 15
[    3.337387] can: controller area network core
[    3.341640] NET: Registered protocol family 29
[    3.346027] can: raw protocol
[    3.348968] can: broadcast manager protocol
[    3.353119] can: netlink gateway - max_hops=1
[    3.357517] Bluetooth: RFCOMM TTY layer initialized
[    3.362294] Bluetooth: RFCOMM socket layer initialized
[    3.367401] Bluetooth: RFCOMM ver 1.11
[    3.371113] Bluetooth: BNEP (Ethernet Emulation) ver 1.3
[    3.376384] Bluetooth: BNEP filters: protocol multicast
[    3.381577] Bluetooth: BNEP socket layer initialized
[    3.386505] Bluetooth: HIDP (Human Interface Emulation) ver 1.2
[    3.392389] Bluetooth: HIDP socket layer initialized
[    3.397445] 9pnet: Installing 9P2000 support
[    3.401566] NET: Registered protocol family 36
[    3.405983] Key type dns_resolver registered
[    3.410413] registered taskstats version 1
[    3.414278] Loading compiled-in X.509 certificates
[    3.419395] Btrfs loaded, crc32c=crc32c-generic
[    3.431801] ff000000.serial: ttyPS0 at MMIO 0xff000000 (irq = 49, base_baud = 6249999) is a xuartps
[    3.440823] printk: console [ttyPS0] enabled
[    3.445117] printk: bootconsole [cdns0] disabled
[    3.454752] ff010000.serial: ttyPS1 at MMIO 0xff010000 (irq = 50, base_baud = 6249999) is a xuartps
[    3.467999] of-fpga-region fpga-full: FPGA Region probed
[    3.474949] nwl-pcie fd0e0000.pcie: host bridge /axi/pcie@fd0e0000 ranges:
[    3.481847] nwl-pcie fd0e0000.pcie:      MEM 0x00e0000000..0x00efffffff -> 0x00e0000000
[    3.489848] nwl-pcie fd0e0000.pcie:      MEM 0x0600000000..0x07ffffffff -> 0x0600000000
[    3.497909] nwl-pcie fd0e0000.pcie: Link is DOWN
[    3.502668] nwl-pcie fd0e0000.pcie: PCI host bridge to bus 0000:00
[    3.508845] pci_bus 0000:00: root bus resource [bus 00-ff]
[    3.514327] pci_bus 0000:00: root bus resource [mem 0xe0000000-0xefffffff]
[    3.521197] pci_bus 0000:00: root bus resource [mem 0x600000000-0x7ffffffff pref]
[    3.528701] pci 0000:00:00.0: [10ee:d021] type 01 class 0x060400
[    3.534756] pci 0000:00:00.0: PME# supported from D0 D1 D2 D3hot
[    3.545198] pci 0000:00:00.0: PCI bridge to [bus 01-0c]
[    3.551175] xilinx-zynqmp-dma fd500000.dma: ZynqMP DMA driver Probe success
[    3.558355] xilinx-zynqmp-dma fd510000.dma: ZynqMP DMA driver Probe success
[    3.565536] xilinx-zynqmp-dma fd520000.dma: ZynqMP DMA driver Probe success
[    3.572709] xilinx-zynqmp-dma fd530000.dma: ZynqMP DMA driver Probe success
[    3.579878] xilinx-zynqmp-dma fd540000.dma: ZynqMP DMA driver Probe success
[    3.587043] xilinx-zynqmp-dma fd550000.dma: ZynqMP DMA driver Probe success
[    3.594215] xilinx-zynqmp-dma fd560000.dma: ZynqMP DMA driver Probe success
[    3.601383] xilinx-zynqmp-dma fd570000.dma: ZynqMP DMA driver Probe success
[    3.608782] xilinx-zynqmp-dpdma fd4c0000.dma-controller: Xilinx DPDMA engine is probed
[    3.617327] ahci-ceva fd0c0000.ahci: supply ahci not found, using dummy regulator
[    3.624869] ahci-ceva fd0c0000.ahci: supply phy not found, using dummy regulator
[    3.715926] hmc7044 spi2.0: PLL1: Acquisition, CLKIN0 @ 122880000 Hz, PFD: 80 kHz - PLL2: Locked @ 2976.000000 MHz
[    3.726638] jesd204: /axi/spi@ff050000/hmc7044@0,jesd204:1,parent=spi2.0: Using as SYSREF provider
[    3.736223] spi-nor spi0.0: SPI-NOR-UniqueID 100000235394732200270025081115266e
[    3.743527] spi-nor spi0.0: found n25q512a, expected m25p80
[    3.749723] spi-nor spi0.0: trying to lock already unlocked area
[    3.755729] spi-nor spi0.0: n25q512a (131072 Kbytes)
[    3.760715] 4 fixed-partitions partitions found on MTD device spi0.0
[    3.767061] Creating 4 MTD partitions on "spi0.0":
[    3.771846] 0x000000000000-0x000000100000 : "qspi-fsbl-uboot"
[    3.778333] 0x000000100000-0x000000600000 : "qspi-linux"
[    3.784296] 0x000000600000-0x000000620000 : "qspi-device-tree"
[    3.790775] 0x000000620000-0x000000c00000 : "qspi-rootfs"
[    3.799237] macb ff0e0000.ethernet: Not enabling partial store and forward
[    3.806762] libphy: MACB_mii_bus: probed
[    3.811838] macb ff0e0000.ethernet eth0: Cadence GEM rev 0x50070106 at 0xff0e0000 irq 30 (00:0a:35:04:8e:1b)
[    3.822051] xilinx-axipmon ffa00000.perf-monitor: Probed Xilinx APM
[    3.828622] xilinx-axipmon fd0b0000.perf-monitor: Probed Xilinx APM
[    3.835135] xilinx-axipmon fd490000.perf-monitor: Probed Xilinx APM
[    3.841677] xilinx-axipmon ffa10000.perf-monitor: Probed Xilinx APM
[    3.851670] pca953x 0-0020: supply vcc not found, using dummy regulator
[    3.858353] pca953x 0-0020: using no AI
[    3.862842] gpio-496 (sel0): hogged as output/low
[    3.867740] gpio-497 (sel1): hogged as output/high
[    3.872733] gpio-498 (sel2): hogged as output/high
[    3.877715] gpio-499 (sel3): hogged as output/high
[    3.882890] pca953x 0-0021: supply vcc not found, using dummy regulator
[    3.889554] pca953x 0-0021: using no AI
[    3.895321] ina2xx 2-0040: power monitor ina226 (Rshunt = 5000 uOhm)
[    3.902355] ina2xx 2-0041: power monitor ina226 (Rshunt = 5000 uOhm)
[    3.909387] ina2xx 2-0042: power monitor ina226 (Rshunt = 5000 uOhm)
[    3.916420] ina2xx 2-0043: power monitor ina226 (Rshunt = 5000 uOhm)
[    3.923439] ina2xx 2-0044: power monitor ina226 (Rshunt = 5000 uOhm)
[    3.930460] ina2xx 2-0045: power monitor ina226 (Rshunt = 5000 uOhm)
[    3.937492] ina2xx 2-0046: power monitor ina226 (Rshunt = 5000 uOhm)
[    3.944568] ina2xx 2-0047: power monitor ina226 (Rshunt = 5000 uOhm)
[    3.951594] ina2xx 2-004a: power monitor ina226 (Rshunt = 5000 uOhm)
[    3.958634] ina2xx 2-004b: power monitor ina226 (Rshunt = 5000 uOhm)
[    3.965047] i2c i2c-0: Added multiplexed i2c bus 2
[    3.970438] random: fast init done
[    3.973911] ina2xx 3-0040: power monitor ina226 (Rshunt = 2000 uOhm)
[    3.980937] ina2xx 3-0041: power monitor ina226 (Rshunt = 5000 uOhm)
[    3.987963] ina2xx 3-0042: power monitor ina226 (Rshunt = 5000 uOhm)
[    3.994995] ina2xx 3-0043: power monitor ina226 (Rshunt = 5000 uOhm)
[    4.002022] ina2xx 3-0044: power monitor ina226 (Rshunt = 5000 uOhm)
[    4.009047] ina2xx 3-0045: power monitor ina226 (Rshunt = 5000 uOhm)
[    4.016084] ina2xx 3-0046: power monitor ina226 (Rshunt = 5000 uOhm)
[    4.023111] ina2xx 3-0047: power monitor ina226 (Rshunt = 5000 uOhm)
[    4.029511] i2c i2c-0: Added multiplexed i2c bus 3
[    4.085436] i2c i2c-0: Added multiplexed i2c bus 4
[    4.090375] i2c i2c-0: Added multiplexed i2c bus 5
[    4.095163] pca954x 0-0075: registered 4 multiplexed busses for I2C mux pca9544
[    4.102513] cdns-i2c ff020000.i2c: 400 kHz mmio ff020000 irq 32
[    4.110243] at24 6-0054: supply vcc not found, using dummy regulator
[    4.117141] at24 6-0054: 1024 byte 24c08 EEPROM, writable, 1 bytes/write
[    4.123892] i2c i2c-1: Added multiplexed i2c bus 6
[    4.130321] si5341 7-0036: Chip: 5341 Grade: 1 Rev: 1
[    4.167985] i2c i2c-1: Added multiplexed i2c bus 7
[    4.175642] si570 8-005d: registered, current frequency 300000000 Hz
[    4.182046] i2c i2c-1: Added multiplexed i2c bus 8
[    4.201822] si570 9-005d: registered, current frequency 148500000 Hz
[    4.208226] i2c i2c-1: Added multiplexed i2c bus 9
[    4.213265] si5324 10-0069: si5328 probed
[    4.280112] si5324 10-0069: si5328 probe successful
[    4.285037] i2c i2c-1: Added multiplexed i2c bus 10
[    4.290064] i2c i2c-1: Added multiplexed i2c bus 11
[    4.295091] i2c i2c-1: Added multiplexed i2c bus 12
[    4.300112] i2c i2c-1: Added multiplexed i2c bus 13
[    4.304992] pca954x 1-0074: registered 8 multiplexed busses for I2C switch pca9548
[    4.313103] at24 14-0050: supply vcc not found, using dummy regulator
[    4.319898] at24 14-0050: 256 byte 24c02 EEPROM, writable, 1 bytes/write
[    4.326644] i2c i2c-1: Added multiplexed i2c bus 14
[    4.331686] i2c i2c-1: Added multiplexed i2c bus 15
[    4.336717] i2c i2c-1: Added multiplexed i2c bus 16
[    4.341755] i2c i2c-1: Added multiplexed i2c bus 17
[    4.346785] i2c i2c-1: Added multiplexed i2c bus 18
[    4.351832] i2c i2c-1: Added multiplexed i2c bus 19
[    4.356869] i2c i2c-1: Added multiplexed i2c bus 20
[    4.361903] i2c i2c-1: Added multiplexed i2c bus 21
[    4.366776] pca954x 1-0075: registered 8 multiplexed busses for I2C switch pca9548
[    4.374385] cdns-i2c ff030000.i2c: 400 kHz mmio ff030000 irq 33
[    4.384135] cdns-wdt fd4d0000.watchdog: Xilinx Watchdog Timer with timeout 60s
[    4.395076] axi_adxcvr 84a60000.axi-adxcvr-rx: AXI-ADXCVR-RX (17.05.a) using CPLL on GTH4 at 0x84A60000. Number of lanes: 4.
[    4.407256] axi_adxcvr 84b60000.axi-adxcvr-tx: AXI-ADXCVR-TX (17.05.a) using QPLL on GTH4 at 0x84B60000. Number of lanes: 4.
[    4.418874] axi-jesd204-rx 84a90000.axi-jesd204-rx: AXI-JESD204-RX (1.07.a) at 0x84A90000. Encoder 8b10b, width 4/4, lanes 4, jesd204-fsm.
[    4.426167] mmc0: SDHCI controller on ff170000.mmc [ff170000.mmc] using ADMA 64-bit
[    4.431721] axi-jesd204-tx 84b90000.axi-jesd204-tx: AXI-JESD204-TX (1.06.a) at 0x84B90000. Encoder 8b10b, width 4/4, lanes 4, jesd204-fsm.
[    4.452441] zynqmp-display fd4a0000.display: vtc bridge property not present
[    4.462092] xilinx-dp-snd-codec fd4a0000.display:zynqmp_dp_snd_codec0: Failed to get required clock freq
[    4.471598] xilinx-dp-snd-codec: probe of fd4a0000.display:zynqmp_dp_snd_codec0 failed with error -22
[    4.473536] mmc0: new high speed SDHC card at address 0001
[    4.481136] xilinx-dp-snd-pcm zynqmp_dp_snd_pcm0: Xilinx DisplayPort Sound PCM probed
[    4.486651] mmcblk0: mmc0:0001 EB1QT 29.8 GiB 
[    4.494453] xilinx-dp-snd-pcm zynqmp_dp_snd_pcm1: Xilinx DisplayPort Sound PCM probed
[    4.499822]  mmcblk0: p1 p2 p3
[    4.506756] OF: graph: no port node found in /axi/display@fd4a0000
[    4.515825] xlnx-drm xlnx-drm.0: bound fd4a0000.display (ops 0xffffffc010fcbdb8)
[    5.599773] zynqmp-display fd4a0000.display: [drm] Cannot find any crtc or sizes
[    5.607387] [drm] Initialized xlnx 1.0.0 20130509 for fd4a0000.display on minor 0
[    5.614875] zynqmp-display fd4a0000.display: ZynqMP DisplayPort Subsystem driver probed
[    5.623201] ahci-ceva fd0c0000.ahci: supply ahci not found, using dummy regulator
[    5.630747] ahci-ceva fd0c0000.ahci: supply phy not found, using dummy regulator
[    5.638197] ahci-ceva fd0c0000.ahci: supply target not found, using dummy regulator
[    5.646037] ahci-ceva fd0c0000.ahci: AHCI 0001.0301 32 slots 2 ports 6 Gbps 0x3 impl platform mode
[    5.654991] ahci-ceva fd0c0000.ahci: flags: 64bit ncq sntf pm clo only pmp fbs pio slum part ccc sds apst 
[    5.665683] scsi host0: ahci-ceva
[    5.669276] scsi host1: ahci-ceva
[    5.672704] ata1: SATA max UDMA/133 mmio [mem 0xfd0c0000-0xfd0c1fff] port 0x100 irq 45
[    5.680613] ata2: SATA max UDMA/133 mmio [mem 0xfd0c0000-0xfd0c1fff] port 0x180 irq 45
[    5.689206] ad9081 spi1.0: supply vdd not found, using dummy regulator
[    6.002008] ata1: SATA link down (SStatus 0 SControl 330)
[    6.007430] ata2: SATA link down (SStatus 0 SControl 330)
[    6.683773] zynqmp-display fd4a0000.display: [drm] Cannot find any crtc or sizes
[    7.527917] ad9081 spi1.0: AD9081 Rev. 2 Grade 10 (API 1.2.2) probed
[    7.535115] xhci-hcd xhci-hcd.1.auto: xHCI Host Controller
[    7.540615] xhci-hcd xhci-hcd.1.auto: new USB bus registered, assigned bus number 1
[    7.548359] xhci-hcd xhci-hcd.1.auto: hcc params 0x0238f625 hci version 0x100 quirks 0x0000000002010810
[    7.557785] xhci-hcd xhci-hcd.1.auto: irq 59, io mem 0xfe200000
[    7.563901] usb usb1: New USB device found, idVendor=1d6b, idProduct=0002, bcdDevice= 5.10
[    7.572160] usb usb1: New USB device strings: Mfr=3, Product=2, SerialNumber=1
[    7.579380] usb usb1: Product: xHCI Host Controller
[    7.584248] usb usb1: Manufacturer: Linux 5.10.0-98103-g2aa7ac113716 xhci-hcd
[    7.591372] usb usb1: SerialNumber: xhci-hcd.1.auto
[    7.596545] hub 1-0:1.0: USB hub found
[    7.600310] hub 1-0:1.0: 1 port detected
[    7.604413] xhci-hcd xhci-hcd.1.auto: xHCI Host Controller
[    7.609896] xhci-hcd xhci-hcd.1.auto: new USB bus registered, assigned bus number 2
[    7.617549] xhci-hcd xhci-hcd.1.auto: Host supports USB 3.0 SuperSpeed
[    7.624170] usb usb2: New USB device found, idVendor=1d6b, idProduct=0003, bcdDevice= 5.10
[    7.632434] usb usb2: New USB device strings: Mfr=3, Product=2, SerialNumber=1
[    7.639643] usb usb2: Product: xHCI Host Controller
[    7.644514] usb usb2: Manufacturer: Linux 5.10.0-98103-g2aa7ac113716 xhci-hcd
[    7.651639] usb usb2: SerialNumber: xhci-hcd.1.auto
[    7.656749] hub 2-0:1.0: USB hub found
[    7.660509] hub 2-0:1.0: 1 port detected
[    7.690561] cf_axi_adc 84a10000.axi-ad9081-rx-hpc: ADI AIM (10.01.b) at 0x84A10000 mapped to 0x(____ptrval____), probed ADC AD9081 as MASTER
[    7.720597] cf_axi_dds 84b10000.axi-ad9081-tx-hpc: Analog Devices CF_AXI_DDS_DDS MASTER (9.01.b) at 0x84B10000 mapped to 0x(____ptrval____), probed DDS AD9081
[    7.734800] jesd204: /axi/spi@ff040000/ad9081@0,jesd204:0,parent=spi1.0: JESD204[2] transition initialized -> probed
[    7.745321] jesd204: /axi/spi@ff040000/ad9081@0,jesd204:0,parent=spi1.0: JESD204[0] transition initialized -> probed
[    7.755845] jesd204: /axi/spi@ff040000/ad9081@0,jesd204:0,parent=spi1.0: JESD204[2] transition probed -> idle
[    7.765751] jesd204: /axi/spi@ff040000/ad9081@0,jesd204:0,parent=spi1.0: JESD204[0] transition probed -> idle
[    7.775669] jesd204: /axi/spi@ff040000/ad9081@0,jesd204:0,parent=spi1.0: JESD204[2] transition idle -> device_init
[    7.786011] jesd204: /axi/spi@ff040000/ad9081@0,jesd204:0,parent=spi1.0: JESD204[0] transition idle -> device_init
[    7.796365] jesd204: /axi/spi@ff040000/ad9081@0,jesd204:0,parent=spi1.0: JESD204[2] transition device_init -> link_init
[    7.807148] jesd204: /axi/spi@ff040000/ad9081@0,jesd204:0,parent=spi1.0: JESD204[0] transition device_init -> link_init
[    7.817938] jesd204: /axi/spi@ff040000/ad9081@0,jesd204:0,parent=spi1.0: JESD204[2] transition link_init -> link_supported
[    7.828977] jesd204: /axi/spi@ff040000/ad9081@0,jesd204:0,parent=spi1.0: JESD204[0] transition link_init -> link_supported
[    7.840395] hmc7044 spi2.0: hmc7044_jesd204_link_pre_setup: Link2 forcing continuous SYSREF mode
[    7.849570] jesd204: /axi/spi@ff040000/ad9081@0,jesd204:0,parent=spi1.0: JESD204[2] transition link_supported -> link_pre_setup
[    7.861043] jesd204: /axi/spi@ff040000/ad9081@0,jesd204:0,parent=spi1.0: JESD204[0] transition link_supported -> link_pre_setup
[    7.884883] jesd204: /axi/spi@ff040000/ad9081@0,jesd204:0,parent=spi1.0: JESD204[2] transition link_pre_setup -> clk_sync_stage1
[    7.896449] jesd204: /axi/spi@ff040000/ad9081@0,jesd204:0,parent=spi1.0: JESD204[0] transition link_pre_setup -> clk_sync_stage1
[    7.908019] jesd204: /axi/spi@ff040000/ad9081@0,jesd204:0,parent=spi1.0: JESD204[2] transition clk_sync_stage1 -> clk_sync_stage2
[    7.919665] jesd204: /axi/spi@ff040000/ad9081@0,jesd204:0,parent=spi1.0: JESD204[0] transition clk_sync_stage1 -> clk_sync_stage2
[    7.931318] jesd204: /axi/spi@ff040000/ad9081@0,jesd204:0,parent=spi1.0: JESD204[2] transition clk_sync_stage2 -> clk_sync_stage3
[    7.942963] jesd204: /axi/spi@ff040000/ad9081@0,jesd204:0,parent=spi1.0: JESD204[0] transition clk_sync_stage2 -> clk_sync_stage3
[    7.956635] jesd204: /axi/spi@ff040000/ad9081@0,jesd204:0,parent=spi1.0: JESD204[2] transition clk_sync_stage3 -> link_setup
[    7.967852] jesd204: /axi/spi@ff040000/ad9081@0,jesd204:0,parent=spi1.0: JESD204[0] transition clk_sync_stage3 -> link_setup
[    7.983902] jesd204: /axi/spi@ff040000/ad9081@0,jesd204:0,parent=spi1.0: JESD204[2] transition link_setup -> opt_setup_stage1
[    7.995201] jesd204: /axi/spi@ff040000/ad9081@0,jesd204:0,parent=spi1.0: JESD204[0] transition link_setup -> opt_setup_stage1
[    8.011537] jesd204: /axi/spi@ff040000/ad9081@0,jesd204:0,parent=spi1.0: JESD204[2] transition opt_setup_stage1 -> opt_setup_stage2
[    8.023359] jesd204: /axi/spi@ff040000/ad9081@0,jesd204:0,parent=spi1.0: JESD204[0] transition opt_setup_stage1 -> opt_setup_stage2
[    8.035332] jesd204: /axi/spi@ff040000/ad9081@0,jesd204:0,parent=spi1.0: JESD204[2] transition opt_setup_stage2 -> opt_setup_stage3
[    8.047151] jesd204: /axi/spi@ff040000/ad9081@0,jesd204:0,parent=spi1.0: JESD204[0] transition opt_setup_stage2 -> opt_setup_stage3
[    8.058974] jesd204: /axi/spi@ff040000/ad9081@0,jesd204:0,parent=spi1.0: JESD204[2] transition opt_setup_stage3 -> opt_setup_stage4
[    8.070798] jesd204: /axi/spi@ff040000/ad9081@0,jesd204:0,parent=spi1.0: JESD204[0] transition opt_setup_stage3 -> opt_setup_stage4
[    8.082622] jesd204: /axi/spi@ff040000/ad9081@0,jesd204:0,parent=spi1.0: JESD204[2] transition opt_setup_stage4 -> opt_setup_stage5
[    8.094450] jesd204: /axi/spi@ff040000/ad9081@0,jesd204:0,parent=spi1.0: JESD204[0] transition opt_setup_stage4 -> opt_setup_stage5
[    8.110430] jesd204: /axi/spi@ff040000/ad9081@0,jesd204:0,parent=spi1.0: JESD204[2] transition opt_setup_stage5 -> clocks_enable
[    8.121989] jesd204: /axi/spi@ff040000/ad9081@0,jesd204:0,parent=spi1.0: JESD204[0] transition opt_setup_stage5 -> clocks_enable
[    8.168929] axi_adxcvr 84a60000.axi-adxcvr-rx: adxcvr_clk_enable: CPLL RX buffer underflow error, status: 0x61
[    8.178919] axi_adxcvr 84a60000.axi-adxcvr-rx: adxcvr_clk_enable: CPLL RX buffer overflow error, status: 0x61
[    8.188892] jesd204: /axi/spi@ff040000/ad9081@0,jesd204:0,parent=spi1.0: JESD204[2] transition clocks_enable -> link_enable
[    8.200023] jesd204: /axi/spi@ff040000/ad9081@0,jesd204:0,parent=spi1.0: JESD204[0] transition clocks_enable -> link_enable
[    8.231995] ad9081 spi1.0: JESD RX (JTX) Link2 in DATA, SYNC deasserted, PLL locked, PHASE established, MODE valid
[    8.242603] ad9081 spi1.0: JESD TX (JRX) Link0 0xF lanes in DATA
[    8.248614] jesd204: /axi/spi@ff040000/ad9081@0,jesd204:0,parent=spi1.0: JESD204[2] transition link_enable -> link_running
[    8.259652] jesd204: /axi/spi@ff040000/ad9081@0,jesd204:0,parent=spi1.0: JESD204[0] transition link_enable -> link_running
[    8.270697] jesd204: /axi/spi@ff040000/ad9081@0,jesd204:0,parent=spi1.0: JESD204[2] transition link_running -> opt_post_running_stage
[    8.282690] jesd204: /axi/spi@ff040000/ad9081@0,jesd204:0,parent=spi1.0: JESD204[0] transition link_running -> opt_post_running_stage
[    8.303903] input: gpio-keys as /devices/platform/gpio-keys/input/input0
[    8.310915] of_cfs_init
[    8.313380] of_cfs_init: OK
[    8.316329] cfg80211: Loading compiled-in X.509 certificates for regulatory database
[    8.454612] cfg80211: Loaded X.509 cert 'sforshee: 00b28ddf47aef9cea7'
[    8.461144] clk: Not disabling unused clocks
[    8.465674] ALSA device list:
[    8.468634]   No soundcards found.
[    8.472304] platform regulatory.0: Direct firmware load for regulatory.db failed with error -2
[    8.480915] cfg80211: failed to load regulatory.db
[    8.495668] EXT4-fs (mmcblk0p2): mounted filesystem with ordered data mode. Opts: (null)
[    8.503780] VFS: Mounted root (ext4 filesystem) on device 179:2.
[    8.517418] devtmpfs: mounted
[    8.521228] Freeing unused kernel memory: 2560K
[    8.543809] Run /sbin/init as init process
[    8.547905]   with arguments:
[    8.547908]     /sbin/init
[    8.547910]   with environment:
[    8.547912]     HOME=/
[    8.547914]     TERM=linux
[    9.126088] systemd[1]: systemd 241 running in system mode. (+PAM +AUDIT +SELINUX +IMA +APPARMOR +SMACK +SYSVINIT +UTMP +LIBCRYPTSETUP +GCRYPT +GNUTLS +ACL +XZ +LZ4 +SECCOMP +BLKID +ELFUTILS +KMOD -IDN2 +IDN -PCRE2 default-hierarchy=hybrid)
[    9.147982] systemd[1]: Detected architecture arm64.
[    9.172491] systemd[1]: Set hostname to <analog>.
[    9.365045] systemd[1]: File /lib/systemd/system/systemd-journald.service:12 configures an IP firewall (IPAddressDeny=any), but the local system does not support BPF/cgroup based firewalling.
[    9.382102] systemd[1]: Proceeding WITHOUT firewalling in effect! (This warning is only shown for the first loaded unit using IP firewalling.)
[    9.546748] systemd[1]: /etc/systemd/system/tof-server.service:1: Assignment outside of section. Ignoring.
[    9.556431] systemd[1]: /etc/systemd/system/tof-server.service:2: Assignment outside of section. Ignoring.
[    9.741406] random: systemd: uninitialized urandom read (16 bytes read)
[    9.756111] random: systemd: uninitialized urandom read (16 bytes read)
[    9.763030] systemd[1]: Started Forward Password Requests to Wall Directory Watch.
[    9.787830] random: systemd: uninitialized urandom read (16 bytes read)
[    9.794751] systemd[1]: Listening on fsck to fsckd communication Socket.
[    9.816394] systemd[1]: Created slice system-systemd\x2dfsck.slice.
[   10.422408] ------------[ cut here ]------------
[   10.422416] Enabling unprepared \xa0\xe9Q\x88\xff\xff\xffpQ\x88\xff\xff\xff
[   10.422464] WARNING: CPU: 3 PID: 126 at drivers/clk/clk.c:1012 clk_core_enable+0xa4/0xc0
[   10.422466] Modules linked in:
[   10.422477] CPU: 3 PID: 126 Comm: kworker/3:1H Not tainted 5.10.0-98103-g2aa7ac113716 #5577
[   10.422480] Hardware name: ZynqMP ZCU102 Rev1.0 (DT)
[   10.422489] Workqueue: kblockd blk_mq_run_work_fn
[   10.422497] pstate: 80000085 (Nzcv daIf -PAN -UAO -TCO BTYPE=--)
[   10.422502] pc : clk_core_enable+0xa4/0xc0
[   10.422508] lr : clk_core_enable+0xa4/0xc0
[   10.422510] sp : ffffffc012b3b2d0
[   10.422513] x29: ffffffc012b3b2d0 x28: ffffff8800330c10 
[   10.422520] x27: ffffff8800330d48 x26: 0000005000000101 
[   10.422527] x25: 0000000267474820 x24: 0000000000000001 
[   10.422534] x23: ffffff88010e9380 x22: ffffff8801083220 
[   10.422540] x21: ffffff8801517000 x20: ffffff8801517008 
[   10.422547] x19: ffffff8801517008 x18: 0000000000000030 
[   10.422553] x17: 0000000000000002 x16: 0000aeee5141be84 
[   10.422560] x15: ffffffffffff8770 x14: ffffffc011d3b1a0 
[   10.422566] x13: ffffffc011d3b1c8 x12: 00000000000005eb 
[   10.422572] x11: 00000000000001f9 x10: ffffffc011d671c8 
[   10.422579] x9 : 00000000fffff800 x8 : ffffffc011d3b1c8 
[   10.422586] x7 : ffffffc011d671c8 x6 : 0000000000000001 
[   10.422592] x5 : ffffff887f7a89e0 x4 : 0000000000000000 
[   10.422598] x3 : 0000000000000027 x2 : 0000000000000023 
[   10.422604] x1 : d757769e16955000 x0 : 0000000000000000 
[   10.422611] Call trace:
[   10.422618]  clk_core_enable+0xa4/0xc0
[   10.422622]  clk_enable+0x2c/0x60
[   10.422628]  zynqmp_runtime_resume+0x24/0x84
[   10.422635]  pm_generic_runtime_resume+0x30/0x50
[   10.422641]  __genpd_runtime_resume+0x30/0xb0
[   10.422647]  genpd_runtime_resume+0x90/0x250
[   10.422653]  __rpm_callback+0x10c/0x1e0
[   10.422658]  rpm_callback+0x5c/0x84
[   10.422663]  rpm_resume+0x4a4/0x74c
[   10.422668]  __pm_runtime_resume+0x78/0xc4
[   10.422673]  spi_mem_access_start.isra.0+0x30/0x80
[   10.422677]  spi_mem_exec_op+0x3b0/0x424
[   10.422682]  spi_nor_read_sr+0x78/0xe0
[   10.422687]  spi_nor_wait_till_ready_with_timeout+0xb4/0x2f0
[   10.422691]  spi_nor_read+0x188/0x380
[   10.422696]  mtd_read_oob_std+0x78/0x84
[   10.422700]  mtd_read_oob+0x7c/0x134
[   10.422705]  mtd_read+0x48/0x7c
[   10.422711]  mtdblock_readsect+0x6c/0x150
[   10.422716]  mtd_queue_rq+0x2cc/0x5a0
[   10.422721]  blk_mq_dispatch_rq_list+0x110/0x790
[   10.422727]  __blk_mq_do_dispatch_sched+0x200/0x274
[   10.422733]  __blk_mq_sched_dispatch_requests+0x1a8/0x1fc
[   10.422738]  blk_mq_sched_dispatch_requests+0x3c/0x7c
[   10.422743]  __blk_mq_run_hw_queue+0x98/0x100
[   10.422747]  blk_mq_run_work_fn+0x24/0x30
[   10.422753]  process_one_work+0x1d4/0x380
[   10.422757]  worker_thread+0x78/0x4e0
[   10.422762]  kthread+0x124/0x130
[   10.422768]  ret_from_fork+0x10/0x3c
[   10.422771] ---[ end trace 042f61f19804931f ]---
[   10.422779] zynqmp-qspi ff0f0000.spi: Cannot enable APB clock.
[   10.422829] spi_master spi0: Failed to power device: -108
[   10.422839] blk_update_request: I/O error, dev mtdblock0, sector 8 op 0x0:(READ) flags 0x80700 phys_seg 1 prio class 0
[   10.422907] spi_master spi0: Failed to power device: -22
[   10.422914] blk_update_request: I/O error, dev mtdblock0, sector 8 op 0x0:(READ) flags 0x0 phys_seg 8 prio class 0
[   10.422919] Buffer I/O error on dev mtdblock0, logical block 8, async page read
[   10.422928] spi_master spi0: Failed to power device: -22
[   10.422934] blk_update_request: I/O error, dev mtdblock0, sector 9 op 0x0:(READ) flags 0x0 phys_seg 7 prio class 0
[   10.422937] Buffer I/O error on dev mtdblock0, logical block 9, async page read
[   10.422945] spi_master spi0: Failed to power device: -22
[   10.422950] blk_update_request: I/O error, dev mtdblock0, sector 10 op 0x0:(READ) flags 0x0 phys_seg 6 prio class 0
[   10.422954] Buffer I/O error on dev mtdblock0, logical block 10, async page read
[   10.422961] spi_master spi0: Failed to power device: -22
[   10.422967] blk_update_request: I/O error, dev mtdblock0, sector 11 op 0x0:(READ) flags 0x0 phys_seg 5 prio class 0
[   10.422970] Buffer I/O error on dev mtdblock0, logical block 11, async page read
[   10.422977] spi_master spi0: Failed to power device: -22
[   10.422983] blk_update_request: I/O error, dev mtdblock0, sector 12 op 0x0:(READ) flags 0x0 phys_seg 4 prio class 0
[   10.422987] Buffer I/O error on dev mtdblock0, logical block 12, async page read
[   10.422994] spi_master spi0: Failed to power device: -22
[   10.422999] blk_update_request: I/O error, dev mtdblock0, sector 13 op 0x0:(READ) flags 0x0 phys_seg 3 prio class 0
[   10.423003] Buffer I/O error on dev mtdblock0, logical block 13, async page read
[   10.423010] spi_master spi0: Failed to power device: -22
[   10.423016] blk_update_request: I/O error, dev mtdblock0, sector 14 op 0x0:(READ) flags 0x0 phys_seg 2 prio class 0
[   10.423020] Buffer I/O error on dev mtdblock0, logical block 14, async page read
[   10.423026] spi_master spi0: Failed to power device: -22
[   10.423032] blk_update_request: I/O error, dev mtdblock0, sector 15 op 0x0:(READ) flags 0x0 phys_seg 1 prio class 0
[   10.423035] Buffer I/O error on dev mtdblock0, logical block 15, async page read
[   10.423351] spi_master spi0: Failed to power device: -22
[   10.423358] blk_update_request: I/O error, dev mtdblock1, sector 10112 op 0x0:(READ) flags 0x80700 phys_seg 1 prio class 0
[   10.423402] spi_master spi0: Failed to power device: -22
[   10.423408] Buffer I/O error on dev mtdblock1, logical block 10112, async page read
[   10.423415] spi_master spi0: Failed to power device: -22
[   10.423420] Buffer I/O error on dev mtdblock1, logical block 10113, async page read
[   10.423427] spi_master spi0: Failed to power device: -22
[   10.423435] spi_master spi0: Failed to power device: -22
[   10.423442] spi_master spi0: Failed to power device: -22
[   10.423449] spi_master spi0: Failed to power device: -22
[   10.423456] spi_master spi0: Failed to power device: -22
[   10.423463] spi_master spi0: Failed to power device: -22
[   10.423719] spi_master spi0: Failed to power device: -22
[   10.423804] spi_master spi0: Failed to power device: -22
[   10.423813] spi_master spi0: Failed to power device: -22
[   10.423821] spi_master spi0: Failed to power device: -22
[   10.423829] spi_master spi0: Failed to power device: -22
[   10.423840] spi_master spi0: Failed to power device: -22
[   10.423848] spi_master spi0: Failed to power device: -22
[   10.423855] spi_master spi0: Failed to power device: -22
[   10.423862] spi_master spi0: Failed to power device: -22
[   10.424259] spi_master spi0: Failed to power device: -22
[   10.424303] spi_master spi0: Failed to power device: -22
[   10.424313] spi_master spi0: Failed to power device: -22
[   10.424320] spi_master spi0: Failed to power device: -22
[   10.424328] spi_master spi0: Failed to power device: -22
[   10.424335] spi_master spi0: Failed to power device: -22
[   10.424343] spi_master spi0: Failed to power device: -22
[   10.424349] spi_master spi0: Failed to power device: -22
[   10.424357] spi_master spi0: Failed to power device: -22
[   10.550197] EXT4-fs (mmcblk0p2): re-mounted. Opts: (null)
[   10.651489] systemd-journald[156]: Received request to flush runtime journal from PID 1
[   16.580902] macb ff0e0000.ethernet eth0: PHY [ff0e0000.ethernet-ffffffff:0c] driver [TI DP83867] (irq=POLL)
[   16.580915] macb ff0e0000.ethernet eth0: configuring for phy/rgmii-id link mode
[   16.875796] Adding 98300k swap on /var/swap.  Priority:-2 extents:1 across:98300k SS
[   18.699781] random: crng init done
[   18.699793] random: 7 urandom warning(s) missed due to ratelimiting
[   19.452405] broken atomic modeset userspace detected, disabling atomic
[   19.649374] macb ff0e0000.ethernet eth0: Link is Up - 1Gbps/Full - flow control off
[   19.649398] IPv6: ADDRCONF(NETDEV_CHANGE): eth0: link becomes ready
[   22.121169] broken atomic modeset userspace detected, disabling atomic
[   24.991071] broken atomic modeset userspace detected, disabling atomic