[    0.000000] Booting Linux on physical CPU 0x0000000000 [0x410fd034]
[    0.000000] Linux version 5.10.0-98103-g2aa7ac113716 (jenkins@romlxbuild1.adlk.analog.com) (aarch64-xilinx-linux-gcc.real (GCC) 10.2.0, GNU ld (GNU Binutils) 2.35.0.20200730) #5577 SMP Wed Mar 23 07:28:49 GMT 2022
[    0.000000] Machine model: ZynqMP ZCU102 Rev1.0
[    0.000000] earlycon: cdns0 at MMIO 0x00000000ff000000 (options '115200n8')
[    0.000000] printk: bootconsole [cdns0] enabled
[    0.000000] efi: UEFI not found.
[    0.000000] cma: Reserved 256 MiB at 0x0000000070000000
[    0.000000] Zone ranges:
[    0.000000]   DMA      [mem 0x0000000000000000-0x000000003fffffff]
[    0.000000]   DMA32    [mem 0x0000000040000000-0x00000000ffffffff]
[    0.000000]   Normal   [mem 0x0000000100000000-0x000000087fffffff]
[    0.000000] Movable zone start for each node
[    0.000000] Early memory node ranges
[    0.000000]   node   0: [mem 0x0000000000000000-0x000000007fffffff]
[    0.000000]   node   0: [mem 0x0000000800000000-0x000000087fffffff]
[    0.000000] Initmem setup node 0 [mem 0x0000000000000000-0x000000087fffffff]
[    0.000000] On node 0 totalpages: 1048576
[    0.000000]   DMA zone: 3584 pages used for memmap
[    0.000000]   DMA zone: 0 pages reserved
[    0.000000]   DMA zone: 262144 pages, LIFO batch:63
[    0.000000]   DMA32 zone: 3584 pages used for memmap
[    0.000000]   DMA32 zone: 262144 pages, LIFO batch:63
[    0.000000]   Normal zone: 7168 pages used for memmap
[    0.000000]   Normal zone: 524288 pages, LIFO batch:63
[    0.000000] psci: probing for conduit method from DT.
[    0.000000] psci: PSCIv1.1 detected in firmware.
[    0.000000] psci: Using standard PSCI v0.2 function IDs
[    0.000000] psci: MIGRATE_INFO_TYPE not supported.
[    0.000000] psci: SMC Calling Convention v1.2
[    0.000000] percpu: Embedded 22 pages/cpu s49496 r8192 d32424 u90112
[    0.000000] pcpu-alloc: s49496 r8192 d32424 u90112 alloc=22*4096
[    0.000000] pcpu-alloc: [0] 0 [0] 1 [0] 2 [0] 3 
[    0.000000] Detected VIPT I-cache on CPU0
[    0.000000] CPU features: detected: ARM erratum 845719
[    0.000000] Built 1 zonelists, mobility grouping on.  Total pages: 1034240
[    0.000000] Kernel command line: console=ttyPS0,115200 root=/dev/mmcblk0p2 rw earlycon rootfstype=ext4 rootwait clk_ignore_unused cpuidle.off=1 root=/dev/mmcblk0p2 rw rootwait
[    0.000000] Dentry cache hash table entries: 524288 (order: 10, 4194304 bytes, linear)
[    0.000000] Inode-cache hash table entries: 262144 (order: 9, 2097152 bytes, linear)
[    0.000000] mem auto-init: stack:off, heap alloc:off, heap free:off
[    0.000000] software IO TLB: mapped [mem 0x000000003bfff000-0x000000003ffff000] (64MB)
[    0.000000] Memory: 3761904K/4194304K available (15296K kernel code, 1636K rwdata, 11876K rodata, 2560K init, 507K bss, 170256K reserved, 262144K cma-reserved)
[    0.000000] rcu: Hierarchical RCU implementation.
[    0.000000] rcu: 	RCU event tracing is enabled.
[    0.000000] rcu: 	RCU restricting CPUs from NR_CPUS=8 to nr_cpu_ids=4.
[    0.000000] rcu: RCU calculated value of scheduler-enlistment delay is 25 jiffies.
[    0.000000] rcu: Adjusting geometry for rcu_fanout_leaf=16, nr_cpu_ids=4
[    0.000000] NR_IRQS: 64, nr_irqs: 64, preallocated irqs: 0
[    0.000000] GIC: Adjusting CPU interface base to 0x00000000f902f000
[    0.000000] GIC: Using split EOI/Deactivate mode
[    0.000000] random: get_random_bytes called from start_kernel+0x31c/0x54c with crng_init=0
[    0.000000] arch_timer: cp15 timer(s) running at 100.00MHz (phys).
[    0.000000] clocksource: arch_sys_counter: mask: 0xffffffffffffff max_cycles: 0x171024e7e0, max_idle_ns: 440795205315 ns
[    0.000003] sched_clock: 56 bits at 100MHz, resolution 10ns, wraps every 4398046511100ns
[    0.008462] Console: colour dummy device 80x25
[    0.012482] Calibrating delay loop (skipped), value calculated using timer frequency.. 200.00 BogoMIPS (lpj=400000)
[    0.022840] pid_max: default: 32768 minimum: 301
[    0.027550] Mount-cache hash table entries: 8192 (order: 4, 65536 bytes, linear)
[    0.034789] Mountpoint-cache hash table entries: 8192 (order: 4, 65536 bytes, linear)
[    0.043396] rcu: Hierarchical SRCU implementation.
[    0.047561] EFI services will not be available.
[    0.051940] smp: Bringing up secondary CPUs ...
[    0.056657] Detected VIPT I-cache on CPU1
[    0.056695] CPU1: Booted secondary processor 0x0000000001 [0x410fd034]
[    0.057057] Detected VIPT I-cache on CPU2
[    0.057081] CPU2: Booted secondary processor 0x0000000002 [0x410fd034]
[    0.057418] Detected VIPT I-cache on CPU3
[    0.057441] CPU3: Booted secondary processor 0x0000000003 [0x410fd034]
[    0.057487] smp: Brought up 1 node, 4 CPUs
[    0.091779] SMP: Total of 4 processors activated.
[    0.096452] CPU features: detected: 32-bit EL0 Support
[    0.101556] CPU features: detected: CRC32 instructions
[    0.106696] CPU: All CPU(s) started at EL2
[    0.110736] alternatives: patching kernel code
[    0.116170] devtmpfs: initialized
[    0.124055] Registered cp15_barrier emulation handler
[    0.124106] Registered setend emulation handler
[    0.128082] clocksource: jiffies: mask: 0xffffffff max_cycles: 0xffffffff, max_idle_ns: 7645041785100000 ns
[    0.137662] futex hash table entries: 1024 (order: 4, 65536 bytes, linear)
[    0.151016] pinctrl core: initialized pinctrl subsystem
[    0.151668] NET: Registered protocol family 16
[    0.156084] DMA: preallocated 512 KiB GFP_KERNEL pool for atomic allocations
[    0.162099] DMA: preallocated 512 KiB GFP_KERNEL|GFP_DMA pool for atomic allocations
[    0.169824] DMA: preallocated 512 KiB GFP_KERNEL|GFP_DMA32 pool for atomic allocations
[    0.177627] audit: initializing netlink subsys (disabled)
[    0.183078] audit: type=2000 audit(0.116:1): state=initialized audit_enabled=0 res=1
[    0.183422] hw-breakpoint: found 6 breakpoint and 4 watchpoint registers.
[    0.197454] ASID allocator initialised with 65536 entries
[    0.224341] HugeTLB registered 1.00 GiB page size, pre-allocated 0 pages
[    0.225395] HugeTLB registered 32.0 MiB page size, pre-allocated 0 pages
[    0.232065] HugeTLB registered 2.00 MiB page size, pre-allocated 0 pages
[    0.238729] HugeTLB registered 64.0 KiB page size, pre-allocated 0 pages
[    1.304307] DRBG: Continuing without Jitter RNG
[    1.382128] raid6: neonx8   gen()  2145 MB/s
[    1.450169] raid6: neonx8   xor()  1597 MB/s
[    1.518230] raid6: neonx4   gen()  2193 MB/s
[    1.586279] raid6: neonx4   xor()  1568 MB/s
[    1.654350] raid6: neonx2   gen()  2076 MB/s
[    1.722399] raid6: neonx2   xor()  1439 MB/s
[    1.790470] raid6: neonx1   gen()  1772 MB/s
[    1.858509] raid6: neonx1   xor()  1220 MB/s
[    1.926567] raid6: int64x8  gen()  1438 MB/s
[    1.994623] raid6: int64x8  xor()   771 MB/s
[    2.062698] raid6: int64x4  gen()  1599 MB/s
[    2.130740] raid6: int64x4  xor()   815 MB/s
[    2.198810] raid6: int64x2  gen()  1397 MB/s
[    2.266858] raid6: int64x2  xor()   750 MB/s
[    2.334950] raid6: int64x1  gen()  1034 MB/s
[    2.402997] raid6: int64x1  xor()   517 MB/s
[    2.403035] raid6: using algorithm neonx4 gen() 2193 MB/s
[    2.406987] raid6: .... xor() 1568 MB/s, rmw enabled
[    2.411917] raid6: using neon recovery algorithm
[    2.416929] iommu: Default domain type: Translated 
[    2.421542] SCSI subsystem initialized
[    2.425086] libata version 3.00 loaded.
[    2.425211] usbcore: registered new interface driver usbfs
[    2.430543] usbcore: registered new interface driver hub
[    2.435816] usbcore: registered new device driver usb
[    2.440950] mc: Linux media interface: v0.10
[    2.445066] videodev: Linux video capture interface: v2.00
[    2.450556] EDAC MC: Ver: 3.0.0
[    2.453998] zynqmp-ipi-mbox mailbox@ff990400: Registered ZynqMP IPI mbox with TX/RX channels.
[    2.462503] jesd204: created con: id=0, topo=0, link=0, /axi/spi@ff050000/hmc7044@0 <-> /fpga-axi@0/axi-adxcvr-tx@84b60000
[    2.473085] jesd204: created con: id=1, topo=0, link=2, /axi/spi@ff050000/hmc7044@0 <-> /fpga-axi@0/axi-adxcvr-rx@84a60000
[    2.484070] jesd204: created con: id=2, topo=0, link=0, /fpga-axi@0/axi-adxcvr-tx@84b60000 <-> /fpga-axi@0/axi-jesd204-tx@84b90000
[    2.495746] jesd204: created con: id=3, topo=0, link=2, /fpga-axi@0/axi-adxcvr-rx@84a60000 <-> /fpga-axi@0/axi-jesd204-rx@84a90000
[    2.507423] jesd204: created con: id=4, topo=0, link=0, /fpga-axi@0/axi-jesd204-tx@84b90000 <-> /fpga-axi@0/axi-ad9081-tx-hpc@84b10000
[    2.519450] jesd204: created con: id=5, topo=0, link=2, /fpga-axi@0/axi-jesd204-rx@84a90000 <-> /fpga-axi@0/axi-ad9081-rx-hpc@84a10000
[    2.531473] jesd204: created con: id=6, topo=0, link=2, /fpga-axi@0/axi-ad9081-rx-hpc@84a10000 <-> /axi/spi@ff040000/ad9081@0
[    2.542715] jesd204: created con: id=7, topo=0, link=0, /fpga-axi@0/axi-ad9081-tx-hpc@84b10000 <-> /axi/spi@ff040000/ad9081@0
[    2.553965] jesd204: /axi/spi@ff040000/ad9081@0: JESD204[2] transition uninitialized -> initialized
[    2.562951] jesd204: /axi/spi@ff040000/ad9081@0: JESD204[0] transition uninitialized -> initialized
[    2.571942] jesd204: found 8 devices and 1 topologies
[    2.576986] FPGA manager framework
[    2.580464] Advanced Linux Sound Architecture Driver Initialized.
[    2.586757] Bluetooth: Core ver 2.22
[    2.589946] NET: Registered protocol family 31
[    2.594347] Bluetooth: HCI device and connection manager initialized
[    2.600664] Bluetooth: HCI socket layer initialized
[    2.605506] Bluetooth: L2CAP socket layer initialized
[    2.610529] Bluetooth: SCO socket layer initialized
[    2.615714] clocksource: Switched to clocksource arch_sys_counter
[    2.621521] VFS: Disk quotas dquot_6.6.0
[    2.625357] VFS: Dquot-cache hash table entries: 512 (order 0, 4096 bytes)
[    2.636074] NET: Registered protocol family 2
[    2.636803] tcp_listen_portaddr_hash hash table entries: 2048 (order: 3, 32768 bytes, linear)
[    2.644996] TCP established hash table entries: 32768 (order: 6, 262144 bytes, linear)
[    2.653023] TCP bind hash table entries: 32768 (order: 7, 524288 bytes, linear)
[    2.660468] TCP: Hash tables configured (established 32768 bind 32768)
[    2.666641] UDP hash table entries: 2048 (order: 4, 65536 bytes, linear)
[    2.673308] UDP-Lite hash table entries: 2048 (order: 4, 65536 bytes, linear)
[    2.680467] NET: Registered protocol family 1
[    2.684923] RPC: Registered named UNIX socket transport module.
[    2.690545] RPC: Registered udp transport module.
[    2.695209] RPC: Registered tcp transport module.
[    2.699878] RPC: Registered tcp NFSv4.1 backchannel transport module.
[    2.706869] PCI: CLS 0 bytes, default 64
[    2.710575] hw perfevents: no interrupt-affinity property for /pmu, guessing.
[    2.717428] hw perfevents: enabled with armv8_pmuv3 PMU driver, 7 counters available
[    2.725786] Initialise system trusted keyrings
[    2.729457] workingset: timestamp_bits=62 max_order=20 bucket_order=0
[    2.736360] NFS: Registering the id_resolver key type
[    2.740807] Key type id_resolver registered
[    2.744946] Key type id_legacy registered
[    2.748936] nfs4filelayout_init: NFSv4 File Layout Driver Registering...
[    2.755602] jffs2: version 2.2. (NAND) (SUMMARY)  Â© 2001-2006 Red Hat, Inc.
[    2.797806] NET: Registered protocol family 38
[    2.797848] xor: measuring software checksum speed
[    2.805536]    8regs           :  2363 MB/sec
[    2.809204]    32regs          :  2799 MB/sec
[    2.814147]    arm64_neon      :  2380 MB/sec
[    2.814337] xor: using function: 32regs (2799 MB/sec)
[    2.819363] Key type asymmetric registered
[    2.823424] Asymmetric key parser 'x509' registered
[    2.828285] Block layer SCSI generic (bsg) driver version 0.4 loaded (major 248)
[    2.835622] io scheduler mq-deadline registered
[    2.840118] io scheduler kyber registered
[    2.869544] Serial: 8250/16550 driver, 4 ports, IRQ sharing disabled
[    2.874181] cacheinfo: Unable to detect cache hierarchy for CPU 0
[    2.880518] brd: module loaded
[    2.884660] loop: module loaded
[    2.885207] Registered mathworks_ip class
[    2.888545] libphy: Fixed MDIO Bus: probed
[    2.891518] tun: Universal TUN/TAP device driver, 1.6
[    2.895602] CAN device driver interface
[    2.900140] usbcore: registered new interface driver asix
[    2.904716] usbcore: registered new interface driver ax88179_178a
[    2.910759] usbcore: registered new interface driver cdc_ether
[    2.916553] usbcore: registered new interface driver net1080
[    2.922176] usbcore: registered new interface driver cdc_subset
[    2.928056] usbcore: registered new interface driver zaurus
[    2.933602] usbcore: registered new interface driver cdc_ncm
[    2.940010] ehci_hcd: USB 2.0 'Enhanced' Host Controller (EHCI) Driver
[    2.945685] ehci-pci: EHCI PCI platform driver
[    2.950487] usbcore: registered new interface driver uas
[    2.955405] usbcore: registered new interface driver usb-storage
[    2.961391] usbcore: registered new interface driver usbserial_generic
[    2.967841] usbserial: USB Serial support registered for generic
[    2.973814] usbcore: registered new interface driver ftdi_sio
[    2.979517] usbserial: USB Serial support registered for FTDI USB Serial Device
[    2.986793] usbcore: registered new interface driver upd78f0730
[    2.992665] usbserial: USB Serial support registered for upd78f0730
[    3.000329] rtc_zynqmp ffa60000.rtc: registered as rtc0
[    3.004090] rtc_zynqmp ffa60000.rtc: setting system clock to 2022-03-25T23:19:49 UTC (1648250389)
[    3.012953] i2c /dev entries driver
[    3.018260] usbcore: registered new interface driver uvcvideo
[    3.022066] USB Video Class driver (1.1.1)
[    3.027633] Bluetooth: HCI UART driver ver 2.3
[    3.030548] Bluetooth: HCI UART protocol H4 registered
[    3.035646] Bluetooth: HCI UART protocol BCSP registered
[    3.040935] Bluetooth: HCI UART protocol LL registered
[    3.046024] Bluetooth: HCI UART protocol ATH3K registered
[    3.051399] Bluetooth: HCI UART protocol Three-wire (H5) registered
[    3.057653] Bluetooth: HCI UART protocol Intel registered
[    3.062990] Bluetooth: HCI UART protocol QCA registered
[    3.068192] usbcore: registered new interface driver bcm203x
[    3.073813] usbcore: registered new interface driver bpa10x
[    3.079347] usbcore: registered new interface driver bfusb
[    3.084799] usbcore: registered new interface driver btusb
[    3.090262] usbcore: registered new interface driver ath3k
[    3.095750] EDAC MC: ECC not enabled
[    3.099365] EDAC DEVICE0: Giving out device to module zynqmp-ocm-edac controller zynqmp_ocm: DEV ff960000.memory-controller (INTERRUPT)
[    3.111684] sdhci: Secure Digital Host Controller Interface driver
[    3.117473] sdhci: Copyright(c) Pierre Ossman
[    3.121798] sdhci-pltfm: SDHCI platform and OF driver helper
[    3.127857] ledtrig-cpu: registered to indicate activity on CPUs
[    3.133402] SMCCC: SOC_ID: ARCH_SOC_ID not implemented, skipping ....
[    3.139831] zynqmp_firmware_probe Platform Management API v1.1
[    3.145589] zynqmp_firmware_probe Trustzone version v1.0
[    3.185133] zynqmp-pinctrl firmware:zynqmp-firmware:pinctrl: zynqmp pinctrl initialized
[    3.233113] zynqmp-aes firmware:zynqmp-firmware:zynqmp-aes: will run requests pump with realtime priority
[    3.248954] alg: No test for xilinx-keccak-384 (zynqmp-keccak-384)
[    3.249661] alg: No test for xilinx-zynqmp-rsa (zynqmp-rsa)
[    3.255173] usbcore: registered new interface driver usbhid
[    3.260564] usbhid: USB HID core driver
[    3.271788] axi_sysid 85000000.axi-sysid-0: AXI System ID core version (1.01.a) found
[    3.274136] axi_sysid 85000000.axi-sysid-0: [ad9081_fmca_ebz] on [zcu102] git branch <master> git <084d44c9780640ca93fd847b1d9ec70dd65f5c67> clean [2022-03-18 04:17:50] UTC
[    3.289831] fpga_manager fpga0: Xilinx ZynqMP FPGA Manager registered
[    3.296191] usbcore: registered new interface driver snd-usb-audio
[    3.303610] pktgen: Packet Generator for packet performance testing. Version: 2.75
[    3.309827] Initializing XFRM netlink socket
[    3.313665] NET: Registered protocol family 10
[    3.318385] Segment Routing with IPv6
[    3.321765] sit: IPv6, IPv4 and MPLS over IPv4 tunneling driver
[    3.327844] NET: Registered protocol family 17
[    3.331939] NET: Registered protocol family 15
[    3.336436] can: controller area network core
[    3.340690] NET: Registered protocol family 29
[    3.345077] can: raw protocol
[    3.348015] can: broadcast manager protocol
[    3.352168] can: netlink gateway - max_hops=1
[    3.356564] Bluetooth: RFCOMM TTY layer initialized
[    3.361344] Bluetooth: RFCOMM socket layer initialized
[    3.366450] Bluetooth: RFCOMM ver 1.11
[    3.370163] Bluetooth: BNEP (Ethernet Emulation) ver 1.3
[    3.375432] Bluetooth: BNEP filters: protocol multicast
[    3.380625] Bluetooth: BNEP socket layer initialized
[    3.385555] Bluetooth: HIDP (Human Interface Emulation) ver 1.2
[    3.391437] Bluetooth: HIDP socket layer initialized
[    3.396489] 9pnet: Installing 9P2000 support
[    3.400616] NET: Registered protocol family 36
[    3.405029] Key type dns_resolver registered
[    3.409466] registered taskstats version 1
[    3.413327] Loading compiled-in X.509 certificates
[    3.418440] Btrfs loaded, crc32c=crc32c-generic
[    3.430826] ff000000.serial: ttyPS0 at MMIO 0xff000000 (irq = 49, base_baud = 6249999) is a xuartps
[    3.439845] printk: console [ttyPS0] enabled
[    3.444140] printk: bootconsole [cdns0] disabled
[    3.453767] ff010000.serial: ttyPS1 at MMIO 0xff010000 (irq = 50, base_baud = 6249999) is a xuartps
[    3.467012] of-fpga-region fpga-full: FPGA Region probed
[    3.473974] nwl-pcie fd0e0000.pcie: host bridge /axi/pcie@fd0e0000 ranges:
[    3.480869] nwl-pcie fd0e0000.pcie:      MEM 0x00e0000000..0x00efffffff -> 0x00e0000000
[    3.488871] nwl-pcie fd0e0000.pcie:      MEM 0x0600000000..0x07ffffffff -> 0x0600000000
[    3.496932] nwl-pcie fd0e0000.pcie: Link is DOWN
[    3.501689] nwl-pcie fd0e0000.pcie: PCI host bridge to bus 0000:00
[    3.507868] pci_bus 0000:00: root bus resource [bus 00-ff]
[    3.513349] pci_bus 0000:00: root bus resource [mem 0xe0000000-0xefffffff]
[    3.520219] pci_bus 0000:00: root bus resource [mem 0x600000000-0x7ffffffff pref]
[    3.527727] pci 0000:00:00.0: [10ee:d021] type 01 class 0x060400
[    3.533787] pci 0000:00:00.0: PME# supported from D0 D1 D2 D3hot
[    3.544234] pci 0000:00:00.0: PCI bridge to [bus 01-0c]
[    3.550214] xilinx-zynqmp-dma fd500000.dma: ZynqMP DMA driver Probe success
[    3.557385] xilinx-zynqmp-dma fd510000.dma: ZynqMP DMA driver Probe success
[    3.564569] xilinx-zynqmp-dma fd520000.dma: ZynqMP DMA driver Probe success
[    3.571745] xilinx-zynqmp-dma fd530000.dma: ZynqMP DMA driver Probe success
[    3.578912] xilinx-zynqmp-dma fd540000.dma: ZynqMP DMA driver Probe success
[    3.586083] xilinx-zynqmp-dma fd550000.dma: ZynqMP DMA driver Probe success
[    3.593253] xilinx-zynqmp-dma fd560000.dma: ZynqMP DMA driver Probe success
[    3.600423] xilinx-zynqmp-dma fd570000.dma: ZynqMP DMA driver Probe success
[    3.607833] xilinx-zynqmp-dpdma fd4c0000.dma-controller: Xilinx DPDMA engine is probed
[    3.616382] ahci-ceva fd0c0000.ahci: supply ahci not found, using dummy regulator
[    3.623919] ahci-ceva fd0c0000.ahci: supply phy not found, using dummy regulator
[    3.711889] hmc7044 spi2.0: PLL1: Acquisition, CLKIN0 @ 122880000 Hz, PFD: 80 kHz - PLL2: Locked @ 3200.000000 MHz
[    3.722606] jesd204: /axi/spi@ff050000/hmc7044@0,jesd204:1,parent=spi2.0: Using as SYSREF provider
[    3.732188] spi-nor spi0.0: SPI-NOR-UniqueID 100000235394732200270025081115266e
[    3.739494] spi-nor spi0.0: found n25q512a, expected m25p80
[    3.745694] spi-nor spi0.0: trying to lock already unlocked area
[    3.751695] spi-nor spi0.0: n25q512a (131072 Kbytes)
[    3.756673] 4 fixed-partitions partitions found on MTD device spi0.0
[    3.763019] Creating 4 MTD partitions on "spi0.0":
[    3.767804] 0x000000000000-0x000000100000 : "qspi-fsbl-uboot"
[    3.774295] 0x000000100000-0x000000600000 : "qspi-linux"
[    3.780247] 0x000000600000-0x000000620000 : "qspi-device-tree"
[    3.786724] 0x000000620000-0x000000c00000 : "qspi-rootfs"
[    3.795187] macb ff0e0000.ethernet: Not enabling partial store and forward
[    3.802713] libphy: MACB_mii_bus: probed
[    3.807794] macb ff0e0000.ethernet eth0: Cadence GEM rev 0x50070106 at 0xff0e0000 irq 30 (00:0a:35:04:8e:1b)
[    3.818009] xilinx-axipmon ffa00000.perf-monitor: Probed Xilinx APM
[    3.824584] xilinx-axipmon fd0b0000.perf-monitor: Probed Xilinx APM
[    3.831100] xilinx-axipmon fd490000.perf-monitor: Probed Xilinx APM
[    3.837638] xilinx-axipmon ffa10000.perf-monitor: Probed Xilinx APM
[    3.847627] pca953x 0-0020: supply vcc not found, using dummy regulator
[    3.854311] pca953x 0-0020: using no AI
[    3.858801] gpio-496 (sel0): hogged as output/low
[    3.863709] gpio-497 (sel1): hogged as output/high
[    3.868692] gpio-498 (sel2): hogged as output/high
[    3.873678] gpio-499 (sel3): hogged as output/high
[    3.878857] pca953x 0-0021: supply vcc not found, using dummy regulator
[    3.885530] pca953x 0-0021: using no AI
[    3.891293] ina2xx 2-0040: power monitor ina226 (Rshunt = 5000 uOhm)
[    3.898318] ina2xx 2-0041: power monitor ina226 (Rshunt = 5000 uOhm)
[    3.905360] ina2xx 2-0042: power monitor ina226 (Rshunt = 5000 uOhm)
[    3.912390] ina2xx 2-0043: power monitor ina226 (Rshunt = 5000 uOhm)
[    3.919417] ina2xx 2-0044: power monitor ina226 (Rshunt = 5000 uOhm)
[    3.926434] ina2xx 2-0045: power monitor ina226 (Rshunt = 5000 uOhm)
[    3.933468] ina2xx 2-0046: power monitor ina226 (Rshunt = 5000 uOhm)
[    3.940543] ina2xx 2-0047: power monitor ina226 (Rshunt = 5000 uOhm)
[    3.947568] ina2xx 2-004a: power monitor ina226 (Rshunt = 5000 uOhm)
[    3.954610] ina2xx 2-004b: power monitor ina226 (Rshunt = 5000 uOhm)
[    3.961019] i2c i2c-0: Added multiplexed i2c bus 2
[    3.966403] random: fast init done
[    3.969878] ina2xx 3-0040: power monitor ina226 (Rshunt = 2000 uOhm)
[    3.976904] ina2xx 3-0041: power monitor ina226 (Rshunt = 5000 uOhm)
[    3.983931] ina2xx 3-0042: power monitor ina226 (Rshunt = 5000 uOhm)
[    3.990962] ina2xx 3-0043: power monitor ina226 (Rshunt = 5000 uOhm)
[    3.997990] ina2xx 3-0044: power monitor ina226 (Rshunt = 5000 uOhm)
[    4.005014] ina2xx 3-0045: power monitor ina226 (Rshunt = 5000 uOhm)
[    4.012048] ina2xx 3-0046: power monitor ina226 (Rshunt = 5000 uOhm)
[    4.019079] ina2xx 3-0047: power monitor ina226 (Rshunt = 5000 uOhm)
[    4.025478] i2c i2c-0: Added multiplexed i2c bus 3
[    4.081496] i2c i2c-0: Added multiplexed i2c bus 4
[    4.086437] i2c i2c-0: Added multiplexed i2c bus 5
[    4.091225] pca954x 0-0075: registered 4 multiplexed busses for I2C mux pca9544
[    4.098575] cdns-i2c ff020000.i2c: 400 kHz mmio ff020000 irq 32
[    4.106298] at24 6-0054: supply vcc not found, using dummy regulator
[    4.113192] at24 6-0054: 1024 byte 24c08 EEPROM, writable, 1 bytes/write
[    4.119946] i2c i2c-1: Added multiplexed i2c bus 6
[    4.126375] si5341 7-0036: Chip: 5341 Grade: 1 Rev: 1
[    4.164040] i2c i2c-1: Added multiplexed i2c bus 7
[    4.171694] si570 8-005d: registered, current frequency 300000000 Hz
[    4.178092] i2c i2c-1: Added multiplexed i2c bus 8
[    4.197877] si570 9-005d: registered, current frequency 148500000 Hz
[    4.204279] i2c i2c-1: Added multiplexed i2c bus 9
[    4.209309] si5324 10-0069: si5328 probed
[    4.276071] si5324 10-0069: si5328 probe successful
[    4.281004] i2c i2c-1: Added multiplexed i2c bus 10
[    4.286032] i2c i2c-1: Added multiplexed i2c bus 11
[    4.291062] i2c i2c-1: Added multiplexed i2c bus 12
[    4.296087] i2c i2c-1: Added multiplexed i2c bus 13
[    4.300959] pca954x 1-0074: registered 8 multiplexed busses for I2C switch pca9548
[    4.309070] at24 14-0050: supply vcc not found, using dummy regulator
[    4.315855] at24 14-0050: 256 byte 24c02 EEPROM, writable, 1 bytes/write
[    4.322603] i2c i2c-1: Added multiplexed i2c bus 14
[    4.327643] i2c i2c-1: Added multiplexed i2c bus 15
[    4.332676] i2c i2c-1: Added multiplexed i2c bus 16
[    4.337714] i2c i2c-1: Added multiplexed i2c bus 17
[    4.342748] i2c i2c-1: Added multiplexed i2c bus 18
[    4.347790] i2c i2c-1: Added multiplexed i2c bus 19
[    4.352827] i2c i2c-1: Added multiplexed i2c bus 20
[    4.357857] i2c i2c-1: Added multiplexed i2c bus 21
[    4.362734] pca954x 1-0075: registered 8 multiplexed busses for I2C switch pca9548
[    4.370343] cdns-i2c ff030000.i2c: 400 kHz mmio ff030000 irq 33
[    4.380092] cdns-wdt fd4d0000.watchdog: Xilinx Watchdog Timer with timeout 60s
[    4.391038] axi_adxcvr 84a60000.axi-adxcvr-rx: AXI-ADXCVR-RX (17.05.a) using CPLL on GTH4 at 0x84A60000. Number of lanes: 4.
[    4.403214] axi_adxcvr 84b60000.axi-adxcvr-tx: AXI-ADXCVR-TX (17.05.a) using QPLL on GTH4 at 0x84B60000. Number of lanes: 4.
[    4.414833] axi-jesd204-rx 84a90000.axi-jesd204-rx: AXI-JESD204-RX (1.07.a) at 0x84A90000. Encoder 8b10b, width 4/4, lanes 4, jesd204-fsm.
[    4.422120] mmc0: SDHCI controller on ff170000.mmc [ff170000.mmc] using ADMA 64-bit
[    4.427679] axi-jesd204-tx 84b90000.axi-jesd204-tx: AXI-JESD204-TX (1.06.a) at 0x84B90000. Encoder 8b10b, width 4/4, lanes 4, jesd204-fsm.
[    4.448402] zynqmp-display fd4a0000.display: vtc bridge property not present
[    4.458052] xilinx-dp-snd-codec fd4a0000.display:zynqmp_dp_snd_codec0: Failed to get required clock freq
[    4.467555] xilinx-dp-snd-codec: probe of fd4a0000.display:zynqmp_dp_snd_codec0 failed with error -22
[    4.469489] mmc0: new high speed SDHC card at address 0001
[    4.477095] xilinx-dp-snd-pcm zynqmp_dp_snd_pcm0: Xilinx DisplayPort Sound PCM probed
[    4.482604] mmcblk0: mmc0:0001 EB1QT 29.8 GiB 
[    4.490412] xilinx-dp-snd-pcm zynqmp_dp_snd_pcm1: Xilinx DisplayPort Sound PCM probed
[    4.495759]  mmcblk0: p1 p2 p3
[    4.502712] OF: graph: no port node found in /axi/display@fd4a0000
[    4.511783] xlnx-drm xlnx-drm.0: bound fd4a0000.display (ops 0xffffffc010fcbdb8)
[    5.595730] zynqmp-display fd4a0000.display: [drm] Cannot find any crtc or sizes
[    5.603345] [drm] Initialized xlnx 1.0.0 20130509 for fd4a0000.display on minor 0
[    5.610834] zynqmp-display fd4a0000.display: ZynqMP DisplayPort Subsystem driver probed
[    5.619158] ahci-ceva fd0c0000.ahci: supply ahci not found, using dummy regulator
[    5.626705] ahci-ceva fd0c0000.ahci: supply phy not found, using dummy regulator
[    5.634155] ahci-ceva fd0c0000.ahci: supply target not found, using dummy regulator
[    5.652051] ahci-ceva fd0c0000.ahci: AHCI 0001.0301 32 slots 2 ports 6 Gbps 0x3 impl platform mode
[    5.661014] ahci-ceva fd0c0000.ahci: flags: 64bit ncq sntf pm clo only pmp fbs pio slum part ccc sds apst 
[    5.671639] scsi host0: ahci-ceva
[    5.675237] scsi host1: ahci-ceva
[    5.678665] ata1: SATA max UDMA/133 mmio [mem 0xfd0c0000-0xfd0c1fff] port 0x100 irq 45
[    5.686579] ata2: SATA max UDMA/133 mmio [mem 0xfd0c0000-0xfd0c1fff] port 0x180 irq 45
[    5.695178] ad9081 spi1.0: supply vdd not found, using dummy regulator
[    6.005929] ata1: SATA link down (SStatus 0 SControl 330)
[    6.011351] ata2: SATA link down (SStatus 0 SControl 330)
[    6.679734] zynqmp-display fd4a0000.display: [drm] Cannot find any crtc or sizes
[    7.536571] ad9081 spi1.0: AD9081 Rev. 2 Grade 10 (API 1.2.2) probed
[    7.543778] xhci-hcd xhci-hcd.1.auto: xHCI Host Controller
[    7.549265] xhci-hcd xhci-hcd.1.auto: new USB bus registered, assigned bus number 1
[    7.557013] xhci-hcd xhci-hcd.1.auto: hcc params 0x0238f625 hci version 0x100 quirks 0x0000000002010810
[    7.566427] xhci-hcd xhci-hcd.1.auto: irq 59, io mem 0xfe200000
[    7.572536] usb usb1: New USB device found, idVendor=1d6b, idProduct=0002, bcdDevice= 5.10
[    7.580800] usb usb1: New USB device strings: Mfr=3, Product=2, SerialNumber=1
[    7.588018] usb usb1: Product: xHCI Host Controller
[    7.592886] usb usb1: Manufacturer: Linux 5.10.0-98103-g2aa7ac113716 xhci-hcd
[    7.600012] usb usb1: SerialNumber: xhci-hcd.1.auto
[    7.605182] hub 1-0:1.0: USB hub found
[    7.608950] hub 1-0:1.0: 1 port detected
[    7.613055] xhci-hcd xhci-hcd.1.auto: xHCI Host Controller
[    7.618544] xhci-hcd xhci-hcd.1.auto: new USB bus registered, assigned bus number 2
[    7.626198] xhci-hcd xhci-hcd.1.auto: Host supports USB 3.0 SuperSpeed
[    7.632824] usb usb2: New USB device found, idVendor=1d6b, idProduct=0003, bcdDevice= 5.10
[    7.641082] usb usb2: New USB device strings: Mfr=3, Product=2, SerialNumber=1
[    7.648306] usb usb2: Product: xHCI Host Controller
[    7.653179] usb usb2: Manufacturer: Linux 5.10.0-98103-g2aa7ac113716 xhci-hcd
[    7.660304] usb usb2: SerialNumber: xhci-hcd.1.auto
[    7.665414] hub 2-0:1.0: USB hub found
[    7.669175] hub 2-0:1.0: 1 port detected
[    7.699282] cf_axi_adc 84a10000.axi-ad9081-rx-hpc: ADI AIM (10.01.b) at 0x84A10000 mapped to 0x(____ptrval____), probed ADC AD9081 as MASTER
[    7.732553] cf_axi_dds 84b10000.axi-ad9081-tx-hpc: Analog Devices CF_AXI_DDS_DDS MASTER (9.01.b) at 0x84B10000 mapped to 0x(____ptrval____), probed DDS AD9081
[    7.746760] jesd204: /axi/spi@ff040000/ad9081@0,jesd204:0,parent=spi1.0: JESD204[2] transition initialized -> probed
[    7.757279] jesd204: /axi/spi@ff040000/ad9081@0,jesd204:0,parent=spi1.0: JESD204[0] transition initialized -> probed
[    7.767801] jesd204: /axi/spi@ff040000/ad9081@0,jesd204:0,parent=spi1.0: JESD204[2] transition probed -> idle
[    7.777709] jesd204: /axi/spi@ff040000/ad9081@0,jesd204:0,parent=spi1.0: JESD204[0] transition probed -> idle
[    7.787622] jesd204: /axi/spi@ff040000/ad9081@0,jesd204:0,parent=spi1.0: JESD204[2] transition idle -> device_init
[    7.797967] jesd204: /axi/spi@ff040000/ad9081@0,jesd204:0,parent=spi1.0: JESD204[0] transition idle -> device_init
[    7.808319] jesd204: /axi/spi@ff040000/ad9081@0,jesd204:0,parent=spi1.0: JESD204[2] transition device_init -> link_init
[    7.819093] jesd204: /axi/spi@ff040000/ad9081@0,jesd204:0,parent=spi1.0: JESD204[0] transition device_init -> link_init
[    7.829885] jesd204: /axi/spi@ff040000/ad9081@0,jesd204:0,parent=spi1.0: JESD204[2] transition link_init -> link_supported
[    7.840924] jesd204: /axi/spi@ff040000/ad9081@0,jesd204:0,parent=spi1.0: JESD204[0] transition link_init -> link_supported
[    7.852332] hmc7044 spi2.0: hmc7044_jesd204_link_pre_setup: Link2 forcing continuous SYSREF mode
[    7.861504] jesd204: /axi/spi@ff040000/ad9081@0,jesd204:0,parent=spi1.0: JESD204[2] transition link_supported -> link_pre_setup
[    7.872981] jesd204: /axi/spi@ff040000/ad9081@0,jesd204:0,parent=spi1.0: JESD204[0] transition link_supported -> link_pre_setup
[    7.896783] jesd204: /axi/spi@ff040000/ad9081@0,jesd204:0,parent=spi1.0: JESD204[2] transition link_pre_setup -> clk_sync_stage1
[    7.908349] jesd204: /axi/spi@ff040000/ad9081@0,jesd204:0,parent=spi1.0: JESD204[0] transition link_pre_setup -> clk_sync_stage1
[    7.919917] jesd204: /axi/spi@ff040000/ad9081@0,jesd204:0,parent=spi1.0: JESD204[2] transition clk_sync_stage1 -> clk_sync_stage2
[    7.931560] jesd204: /axi/spi@ff040000/ad9081@0,jesd204:0,parent=spi1.0: JESD204[0] transition clk_sync_stage1 -> clk_sync_stage2
[    7.943213] jesd204: /axi/spi@ff040000/ad9081@0,jesd204:0,parent=spi1.0: JESD204[2] transition clk_sync_stage2 -> clk_sync_stage3
[    7.954857] jesd204: /axi/spi@ff040000/ad9081@0,jesd204:0,parent=spi1.0: JESD204[0] transition clk_sync_stage2 -> clk_sync_stage3
[    7.969577] jesd204: /axi/spi@ff040000/ad9081@0,jesd204:0,parent=spi1.0: JESD204[2] transition clk_sync_stage3 -> link_setup
[    7.980797] jesd204: /axi/spi@ff040000/ad9081@0,jesd204:0,parent=spi1.0: JESD204[0] transition clk_sync_stage3 -> link_setup
[    7.996834] jesd204: /axi/spi@ff040000/ad9081@0,jesd204:0,parent=spi1.0: JESD204[2] transition link_setup -> opt_setup_stage1
[    8.008137] jesd204: /axi/spi@ff040000/ad9081@0,jesd204:0,parent=spi1.0: JESD204[0] transition link_setup -> opt_setup_stage1
[    8.024469] jesd204: /axi/spi@ff040000/ad9081@0,jesd204:0,parent=spi1.0: JESD204[2] transition opt_setup_stage1 -> opt_setup_stage2
[    8.036301] jesd204: /axi/spi@ff040000/ad9081@0,jesd204:0,parent=spi1.0: JESD204[0] transition opt_setup_stage1 -> opt_setup_stage2
[    8.048276] jesd204: /axi/spi@ff040000/ad9081@0,jesd204:0,parent=spi1.0: JESD204[2] transition opt_setup_stage2 -> opt_setup_stage3
[    8.060096] jesd204: /axi/spi@ff040000/ad9081@0,jesd204:0,parent=spi1.0: JESD204[0] transition opt_setup_stage2 -> opt_setup_stage3
[    8.071919] jesd204: /axi/spi@ff040000/ad9081@0,jesd204:0,parent=spi1.0: JESD204[2] transition opt_setup_stage3 -> opt_setup_stage4
[    8.083738] jesd204: /axi/spi@ff040000/ad9081@0,jesd204:0,parent=spi1.0: JESD204[0] transition opt_setup_stage3 -> opt_setup_stage4
[    8.095563] jesd204: /axi/spi@ff040000/ad9081@0,jesd204:0,parent=spi1.0: JESD204[2] transition opt_setup_stage4 -> opt_setup_stage5
[    8.107385] jesd204: /axi/spi@ff040000/ad9081@0,jesd204:0,parent=spi1.0: JESD204[0] transition opt_setup_stage4 -> opt_setup_stage5
[    8.123316] jesd204: /axi/spi@ff040000/ad9081@0,jesd204:0,parent=spi1.0: JESD204[2] transition opt_setup_stage5 -> clocks_enable
[    8.134883] jesd204: /axi/spi@ff040000/ad9081@0,jesd204:0,parent=spi1.0: JESD204[0] transition opt_setup_stage5 -> clocks_enable
[    8.181812] axi_adxcvr 84a60000.axi-adxcvr-rx: adxcvr_clk_enable: CPLL RX buffer underflow error, status: 0x61
[    8.191803] axi_adxcvr 84a60000.axi-adxcvr-rx: adxcvr_clk_enable: CPLL RX buffer overflow error, status: 0x61
[    8.201791] jesd204: /axi/spi@ff040000/ad9081@0,jesd204:0,parent=spi1.0: JESD204[2] transition clocks_enable -> link_enable
[    8.212914] jesd204: /axi/spi@ff040000/ad9081@0,jesd204:0,parent=spi1.0: JESD204[0] transition clocks_enable -> link_enable
[    8.247962] ad9081 spi1.0: JESD RX (JTX) Link2 in DATA, SYNC deasserted, PLL locked, PHASE established, MODE valid
[    8.258573] ad9081 spi1.0: JESD TX (JRX) Link0 0xF lanes in DATA
[    8.264579] jesd204: /axi/spi@ff040000/ad9081@0,jesd204:0,parent=spi1.0: JESD204[2] transition link_enable -> link_running
[    8.275617] jesd204: /axi/spi@ff040000/ad9081@0,jesd204:0,parent=spi1.0: JESD204[0] transition link_enable -> link_running
[    8.286664] jesd204: /axi/spi@ff040000/ad9081@0,jesd204:0,parent=spi1.0: JESD204[2] transition link_running -> opt_post_running_stage
[    8.298654] jesd204: /axi/spi@ff040000/ad9081@0,jesd204:0,parent=spi1.0: JESD204[0] transition link_running -> opt_post_running_stage
[    8.319956] input: gpio-keys as /devices/platform/gpio-keys/input/input0
[    8.326971] of_cfs_init
[    8.329433] of_cfs_init: OK
[    8.332374] cfg80211: Loading compiled-in X.509 certificates for regulatory database
[    8.450343] random: crng init done
[    8.470725] cfg80211: Loaded X.509 cert 'sforshee: 00b28ddf47aef9cea7'
[    8.477257] clk: Not disabling unused clocks
[    8.481787] ALSA device list:
[    8.484747]   No soundcards found.
[    8.488407] platform regulatory.0: Direct firmware load for regulatory.db failed with error -2
[    8.497021] cfg80211: failed to load regulatory.db
[    8.512415] EXT4-fs (mmcblk0p2): mounted filesystem with ordered data mode. Opts: (null)
[    8.520526] VFS: Mounted root (ext4 filesystem) on device 179:2.
[    8.533966] devtmpfs: mounted
[    8.537792] Freeing unused kernel memory: 2560K
[    8.551765] Run /sbin/init as init process
[    8.555860]   with arguments:
[    8.555863]     /sbin/init
[    8.555865]   with environment:
[    8.555867]     HOME=/
[    8.555870]     TERM=linux
[    9.122601] systemd[1]: systemd 241 running in system mode. (+PAM +AUDIT +SELINUX +IMA +APPARMOR +SMACK +SYSVINIT +UTMP +LIBCRYPTSETUP +GCRYPT +GNUTLS +ACL +XZ +LZ4 +SECCOMP +BLKID +ELFUTILS +KMOD -IDN2 +IDN -PCRE2 default-hierarchy=hybrid)
[    9.144484] systemd[1]: Detected architecture arm64.
[    9.168438] systemd[1]: Set hostname to <analog>.
[    9.379025] systemd[1]: File /lib/systemd/system/systemd-journald.service:12 configures an IP firewall (IPAddressDeny=any), but the local system does not support BPF/cgroup based firewalling.
[    9.396089] systemd[1]: Proceeding WITHOUT firewalling in effect! (This warning is only shown for the first loaded unit using IP firewalling.)
[    9.560353] systemd[1]: /etc/systemd/system/tof-server.service:1: Assignment outside of section. Ignoring.
[    9.570075] systemd[1]: /etc/systemd/system/tof-server.service:2: Assignment outside of section. Ignoring.
[    9.762168] systemd[1]: Created slice system-getty.slice.
[    9.783995] systemd[1]: Started Forward Password Requests to Wall Directory Watch.
[    9.808081] systemd[1]: Listening on fsck to fsckd communication Socket.
[   10.441252] ------------[ cut here ]------------
[   10.441261] Enabling unprepared \xa0\xc9Q\x88\xff\xff\xffPQ\x88\xff\xff\xff
[   10.441307] WARNING: CPU: 3 PID: 126 at drivers/clk/clk.c:1012 clk_core_enable+0xa4/0xc0
[   10.441310] Modules linked in:
[   10.441320] CPU: 3 PID: 126 Comm: kworker/3:1H Not tainted 5.10.0-98103-g2aa7ac113716 #5577
[   10.441323] Hardware name: ZynqMP ZCU102 Rev1.0 (DT)
[   10.441332] Workqueue: kblockd blk_mq_run_work_fn
[   10.441340] pstate: 80000085 (Nzcv daIf -PAN -UAO -TCO BTYPE=--)
[   10.441346] pc : clk_core_enable+0xa4/0xc0
[   10.441351] lr : clk_core_enable+0xa4/0xc0
[   10.441354] sp : ffffffc012b3b2d0
[   10.441357] x29: ffffffc012b3b2d0 x28: ffffff8800330c10 
[   10.441364] x27: ffffff8800330d48 x26: 0000005000000101 
[   10.441370] x25: 0000000268677342 x24: 0000000000000001 
[   10.441377] x23: ffffff88010e9380 x22: ffffff8801083220 
[   10.441383] x21: ffffff8801515000 x20: ffffff8801515008 
[   10.441390] x19: ffffff8801515008 x18: 0000000000000030 
[   10.441396] x17: 0000000000000001 x16: 0000b2e81bb365ae 
[   10.441403] x15: ffffffffffff86b0 x14: ffffffc011d3b1a0 
[   10.441409] x13: ffffffc011d3b1c8 x12: 00000000000005e5 
[   10.441416] x11: 00000000000001f7 x10: ffffffc011d671c8 
[   10.441422] x9 : 00000000fffff800 x8 : ffffffc011d3b1c8 
[   10.441429] x7 : ffffffc011d671c8 x6 : 0000000000000001 
[   10.441435] x5 : ffffff887f7a89e0 x4 : 0000000000000000 
[   10.441441] x3 : 0000000000000027 x2 : 0000000000000023 
[   10.441448] x1 : 4cd6e2c5371a9900 x0 : 0000000000000000 
[   10.441455] Call trace:
[   10.441461]  clk_core_enable+0xa4/0xc0
[   10.441466]  clk_enable+0x2c/0x60
[   10.441473]  zynqmp_runtime_resume+0x24/0x84
[   10.441480]  pm_generic_runtime_resume+0x30/0x50
[   10.441485]  __genpd_runtime_resume+0x30/0xb0
[   10.441492]  genpd_runtime_resume+0x90/0x250
[   10.441498]  __rpm_callback+0x10c/0x1e0
[   10.441503]  rpm_callback+0x5c/0x84
[   10.441508]  rpm_resume+0x4a4/0x74c
[   10.441513]  __pm_runtime_resume+0x78/0xc4
[   10.441518]  spi_mem_access_start.isra.0+0x30/0x80
[   10.441522]  spi_mem_exec_op+0x3b0/0x424
[   10.441527]  spi_nor_read_sr+0x78/0xe0
[   10.441532]  spi_nor_wait_till_ready_with_timeout+0xb4/0x2f0
[   10.441536]  spi_nor_read+0x188/0x380
[   10.441542]  mtd_read_oob_std+0x78/0x84
[   10.441546]  mtd_read_oob+0x7c/0x134
[   10.441551]  mtd_read+0x48/0x7c
[   10.441556]  mtdblock_readsect+0x6c/0x150
[   10.441561]  mtd_queue_rq+0x2cc/0x5a0
[   10.441567]  blk_mq_dispatch_rq_list+0x110/0x790
[   10.441573]  __blk_mq_do_dispatch_sched+0x200/0x274
[   10.441579]  __blk_mq_sched_dispatch_requests+0x1a8/0x1fc
[   10.441584]  blk_mq_sched_dispatch_requests+0x3c/0x7c
[   10.441589]  __blk_mq_run_hw_queue+0x98/0x100
[   10.441594]  blk_mq_run_work_fn+0x24/0x30
[   10.441600]  process_one_work+0x1d4/0x380
[   10.441604]  worker_thread+0x78/0x4e0
[   10.441609]  kthread+0x124/0x130
[   10.441614]  ret_from_fork+0x10/0x3c
[   10.441618] ---[ end trace c010f779c77416be ]---
[   10.441626] zynqmp-qspi ff0f0000.spi: Cannot enable APB clock.
[   10.441675] spi_master spi0: Failed to power device: -108
[   10.441685] blk_update_request: I/O error, dev mtdblock0, sector 8 op 0x0:(READ) flags 0x80700 phys_seg 1 prio class 0
[   10.441767] spi_master spi0: Failed to power device: -22
[   10.441773] blk_update_request: I/O error, dev mtdblock0, sector 8 op 0x0:(READ) flags 0x0 phys_seg 8 prio class 0
[   10.441779] Buffer I/O error on dev mtdblock0, logical block 8, async page read
[   10.441789] spi_master spi0: Failed to power device: -22
[   10.441794] blk_update_request: I/O error, dev mtdblock0, sector 9 op 0x0:(READ) flags 0x0 phys_seg 7 prio class 0
[   10.441798] Buffer I/O error on dev mtdblock0, logical block 9, async page read
[   10.441805] spi_master spi0: Failed to power device: -22
[   10.441811] blk_update_request: I/O error, dev mtdblock0, sector 10 op 0x0:(READ) flags 0x0 phys_seg 6 prio class 0
[   10.441815] Buffer I/O error on dev mtdblock0, logical block 10, async page read
[   10.441822] spi_master spi0: Failed to power device: -22
[   10.441827] blk_update_request: I/O error, dev mtdblock0, sector 11 op 0x0:(READ) flags 0x0 phys_seg 5 prio class 0
[   10.441831] Buffer I/O error on dev mtdblock0, logical block 11, async page read
[   10.441838] spi_master spi0: Failed to power device: -22
[   10.441844] blk_update_request: I/O error, dev mtdblock0, sector 12 op 0x0:(READ) flags 0x0 phys_seg 4 prio class 0
[   10.441847] Buffer I/O error on dev mtdblock0, logical block 12, async page read
[   10.441854] spi_master spi0: Failed to power device: -22
[   10.441859] blk_update_request: I/O error, dev mtdblock0, sector 13 op 0x0:(READ) flags 0x0 phys_seg 3 prio class 0
[   10.441863] Buffer I/O error on dev mtdblock0, logical block 13, async page read
[   10.441870] spi_master spi0: Failed to power device: -22
[   10.441876] blk_update_request: I/O error, dev mtdblock0, sector 14 op 0x0:(READ) flags 0x0 phys_seg 2 prio class 0
[   10.441880] Buffer I/O error on dev mtdblock0, logical block 14, async page read
[   10.441886] spi_master spi0: Failed to power device: -22
[   10.441892] blk_update_request: I/O error, dev mtdblock0, sector 15 op 0x0:(READ) flags 0x0 phys_seg 1 prio class 0
[   10.441896] Buffer I/O error on dev mtdblock0, logical block 15, async page read
[   10.442226] spi_master spi0: Failed to power device: -22
[   10.442234] blk_update_request: I/O error, dev mtdblock1, sector 10112 op 0x0:(READ) flags 0x80700 phys_seg 1 prio class 0
[   10.442278] spi_master spi0: Failed to power device: -22
[   10.442284] Buffer I/O error on dev mtdblock1, logical block 10112, async page read
[   10.442292] spi_master spi0: Failed to power device: -22
[   10.442297] Buffer I/O error on dev mtdblock1, logical block 10113, async page read
[   10.442304] spi_master spi0: Failed to power device: -22
[   10.442312] spi_master spi0: Failed to power device: -22
[   10.442319] spi_master spi0: Failed to power device: -22
[   10.442326] spi_master spi0: Failed to power device: -22
[   10.442334] spi_master spi0: Failed to power device: -22
[   10.442341] spi_master spi0: Failed to power device: -22
[   10.442574] spi_master spi0: Failed to power device: -22
[   10.442618] spi_master spi0: Failed to power device: -22
[   10.442627] spi_master spi0: Failed to power device: -22
[   10.442635] spi_master spi0: Failed to power device: -22
[   10.442643] spi_master spi0: Failed to power device: -22
[   10.442650] spi_master spi0: Failed to power device: -22
[   10.442657] spi_master spi0: Failed to power device: -22
[   10.442665] spi_master spi0: Failed to power device: -22
[   10.442672] spi_master spi0: Failed to power device: -22
[   10.442941] spi_master spi0: Failed to power device: -22
[   10.442985] spi_master spi0: Failed to power device: -22
[   10.442994] spi_master spi0: Failed to power device: -22
[   10.443002] spi_master spi0: Failed to power device: -22
[   10.443010] spi_master spi0: Failed to power device: -22
[   10.443017] spi_master spi0: Failed to power device: -22
[   10.443025] spi_master spi0: Failed to power device: -22
[   10.443032] spi_master spi0: Failed to power device: -22
[   10.443039] spi_master spi0: Failed to power device: -22
[   10.567060] EXT4-fs (mmcblk0p2): re-mounted. Opts: (null)
[   10.708688] systemd-journald[165]: Received request to flush runtime journal from PID 1
[   16.938402] macb ff0e0000.ethernet eth0: PHY [ff0e0000.ethernet-ffffffff:0c] driver [TI DP83867] (irq=POLL)
[   16.938415] macb ff0e0000.ethernet eth0: configuring for phy/rgmii-id link mode
[   17.287760] Adding 96252k swap on /var/swap.  Priority:-2 extents:1 across:96252k SS
[   20.249273] broken atomic modeset userspace detected, disabling atomic
[   21.025340] macb ff0e0000.ethernet eth0: Link is Up - 1Gbps/Full - flow control off
[   21.025365] IPv6: ADDRCONF(NETDEV_CHANGE): eth0: link becomes ready
[   23.068767] broken atomic modeset userspace detected, disabling atomic
[   26.089116] broken atomic modeset userspace detected, disabling atomic