[    0.000000] Booting Linux on physical CPU 0x0000000000 [0x410fd034]
[    0.000000] Linux version 5.10.0-98103-g2aa7ac113716 (jenkins@romlxbuild1.adlk.analog.com) (aarch64-xilinx-linux-gcc.real (GCC) 10.2.0, GNU ld (GNU Binutils) 2.35.0.20200730) #5577 SMP Wed Mar 23 07:28:49 GMT 2022
[    0.000000] Machine model: ZynqMP ZCU102 Rev1.0
[    0.000000] earlycon: cdns0 at MMIO 0x00000000ff000000 (options '115200n8')
[    0.000000] printk: bootconsole [cdns0] enabled
[    0.000000] efi: UEFI not found.
[    0.000000] cma: Reserved 256 MiB at 0x0000000070000000
[    0.000000] Zone ranges:
[    0.000000]   DMA      [mem 0x0000000000000000-0x000000003fffffff]
[    0.000000]   DMA32    [mem 0x0000000040000000-0x00000000ffffffff]
[    0.000000]   Normal   [mem 0x0000000100000000-0x000000087fffffff]
[    0.000000] Movable zone start for each node
[    0.000000] Early memory node ranges
[    0.000000]   node   0: [mem 0x0000000000000000-0x000000007fffffff]
[    0.000000]   node   0: [mem 0x0000000800000000-0x000000087fffffff]
[    0.000000] Initmem setup node 0 [mem 0x0000000000000000-0x000000087fffffff]
[    0.000000] On node 0 totalpages: 1048576
[    0.000000]   DMA zone: 3584 pages used for memmap
[    0.000000]   DMA zone: 0 pages reserved
[    0.000000]   DMA zone: 262144 pages, LIFO batch:63
[    0.000000]   DMA32 zone: 3584 pages used for memmap
[    0.000000]   DMA32 zone: 262144 pages, LIFO batch:63
[    0.000000]   Normal zone: 7168 pages used for memmap
[    0.000000]   Normal zone: 524288 pages, LIFO batch:63
[    0.000000] psci: probing for conduit method from DT.
[    0.000000] psci: PSCIv1.1 detected in firmware.
[    0.000000] psci: Using standard PSCI v0.2 function IDs
[    0.000000] psci: MIGRATE_INFO_TYPE not supported.
[    0.000000] psci: SMC Calling Convention v1.2
[    0.000000] percpu: Embedded 22 pages/cpu s49496 r8192 d32424 u90112
[    0.000000] pcpu-alloc: s49496 r8192 d32424 u90112 alloc=22*4096
[    0.000000] pcpu-alloc: [0] 0 [0] 1 [0] 2 [0] 3 
[    0.000000] Detected VIPT I-cache on CPU0
[    0.000000] CPU features: detected: ARM erratum 845719
[    0.000000] Built 1 zonelists, mobility grouping on.  Total pages: 1034240
[    0.000000] Kernel command line: console=ttyPS0,115200 root=/dev/mmcblk0p2 rw earlycon rootfstype=ext4 rootwait clk_ignore_unused cpuidle.off=1 root=/dev/mmcblk0p2 rw rootwait
[    0.000000] Dentry cache hash table entries: 524288 (order: 10, 4194304 bytes, linear)
[    0.000000] Inode-cache hash table entries: 262144 (order: 9, 2097152 bytes, linear)
[    0.000000] mem auto-init: stack:off, heap alloc:off, heap free:off
[    0.000000] software IO TLB: mapped [mem 0x000000003bfff000-0x000000003ffff000] (64MB)
[    0.000000] Memory: 3761904K/4194304K available (15296K kernel code, 1636K rwdata, 11876K rodata, 2560K init, 507K bss, 170256K reserved, 262144K cma-reserved)
[    0.000000] rcu: Hierarchical RCU implementation.
[    0.000000] rcu: 	RCU event tracing is enabled.
[    0.000000] rcu: 	RCU restricting CPUs from NR_CPUS=8 to nr_cpu_ids=4.
[    0.000000] rcu: RCU calculated value of scheduler-enlistment delay is 25 jiffies.
[    0.000000] rcu: Adjusting geometry for rcu_fanout_leaf=16, nr_cpu_ids=4
[    0.000000] NR_IRQS: 64, nr_irqs: 64, preallocated irqs: 0
[    0.000000] GIC: Adjusting CPU interface base to 0x00000000f902f000
[    0.000000] GIC: Using split EOI/Deactivate mode
[    0.000000] random: get_random_bytes called from start_kernel+0x31c/0x54c with crng_init=0
[    0.000000] arch_timer: cp15 timer(s) running at 100.00MHz (phys).
[    0.000000] clocksource: arch_sys_counter: mask: 0xffffffffffffff max_cycles: 0x171024e7e0, max_idle_ns: 440795205315 ns
[    0.000004] sched_clock: 56 bits at 100MHz, resolution 10ns, wraps every 4398046511100ns
[    0.008461] Console: colour dummy device 80x25
[    0.012482] Calibrating delay loop (skipped), value calculated using timer frequency.. 200.00 BogoMIPS (lpj=400000)
[    0.022840] pid_max: default: 32768 minimum: 301
[    0.027551] Mount-cache hash table entries: 8192 (order: 4, 65536 bytes, linear)
[    0.034789] Mountpoint-cache hash table entries: 8192 (order: 4, 65536 bytes, linear)
[    0.043393] rcu: Hierarchical SRCU implementation.
[    0.047560] EFI services will not be available.
[    0.051938] smp: Bringing up secondary CPUs ...
[    0.056659] Detected VIPT I-cache on CPU1
[    0.056697] CPU1: Booted secondary processor 0x0000000001 [0x410fd034]
[    0.057062] Detected VIPT I-cache on CPU2
[    0.057087] CPU2: Booted secondary processor 0x0000000002 [0x410fd034]
[    0.057427] Detected VIPT I-cache on CPU3
[    0.057449] CPU3: Booted secondary processor 0x0000000003 [0x410fd034]
[    0.057496] smp: Brought up 1 node, 4 CPUs
[    0.091780] SMP: Total of 4 processors activated.
[    0.096452] CPU features: detected: 32-bit EL0 Support
[    0.101555] CPU features: detected: CRC32 instructions
[    0.106695] CPU: All CPU(s) started at EL2
[    0.110736] alternatives: patching kernel code
[    0.116169] devtmpfs: initialized
[    0.124062] Registered cp15_barrier emulation handler
[    0.124112] Registered setend emulation handler
[    0.128092] clocksource: jiffies: mask: 0xffffffff max_cycles: 0xffffffff, max_idle_ns: 7645041785100000 ns
[    0.137670] futex hash table entries: 1024 (order: 4, 65536 bytes, linear)
[    0.151026] pinctrl core: initialized pinctrl subsystem
[    0.151672] NET: Registered protocol family 16
[    0.156094] DMA: preallocated 512 KiB GFP_KERNEL pool for atomic allocations
[    0.162107] DMA: preallocated 512 KiB GFP_KERNEL|GFP_DMA pool for atomic allocations
[    0.169832] DMA: preallocated 512 KiB GFP_KERNEL|GFP_DMA32 pool for atomic allocations
[    0.177636] audit: initializing netlink subsys (disabled)
[    0.183087] audit: type=2000 audit(0.116:1): state=initialized audit_enabled=0 res=1
[    0.183429] hw-breakpoint: found 6 breakpoint and 4 watchpoint registers.
[    0.197463] ASID allocator initialised with 65536 entries
[    0.224354] HugeTLB registered 1.00 GiB page size, pre-allocated 0 pages
[    0.225411] HugeTLB registered 32.0 MiB page size, pre-allocated 0 pages
[    0.232082] HugeTLB registered 2.00 MiB page size, pre-allocated 0 pages
[    0.238746] HugeTLB registered 64.0 KiB page size, pre-allocated 0 pages
[    1.304292] DRBG: Continuing without Jitter RNG
[    1.382136] raid6: neonx8   gen()  2140 MB/s
[    1.450187] raid6: neonx8   xor()  1597 MB/s
[    1.518246] raid6: neonx4   gen()  2190 MB/s
[    1.586294] raid6: neonx4   xor()  1568 MB/s
[    1.654367] raid6: neonx2   gen()  2075 MB/s
[    1.722408] raid6: neonx2   xor()  1439 MB/s
[    1.790473] raid6: neonx1   gen()  1772 MB/s
[    1.858531] raid6: neonx1   xor()  1220 MB/s
[    1.926584] raid6: int64x8  gen()  1438 MB/s
[    1.994637] raid6: int64x8  xor()   771 MB/s
[    2.062706] raid6: int64x4  gen()  1599 MB/s
[    2.130765] raid6: int64x4  xor()   817 MB/s
[    2.198833] raid6: int64x2  gen()  1397 MB/s
[    2.266874] raid6: int64x2  xor()   750 MB/s
[    2.334941] raid6: int64x1  gen()  1033 MB/s
[    2.403011] raid6: int64x1  xor()   517 MB/s
[    2.403049] raid6: using algorithm neonx4 gen() 2190 MB/s
[    2.407004] raid6: .... xor() 1568 MB/s, rmw enabled
[    2.411934] raid6: using neon recovery algorithm
[    2.416947] iommu: Default domain type: Translated 
[    2.421559] SCSI subsystem initialized
[    2.425104] libata version 3.00 loaded.
[    2.425228] usbcore: registered new interface driver usbfs
[    2.430561] usbcore: registered new interface driver hub
[    2.435834] usbcore: registered new device driver usb
[    2.440966] mc: Linux media interface: v0.10
[    2.445083] videodev: Linux video capture interface: v2.00
[    2.450574] EDAC MC: Ver: 3.0.0
[    2.454015] zynqmp-ipi-mbox mailbox@ff990400: Registered ZynqMP IPI mbox with TX/RX channels.
[    2.462528] jesd204: created con: id=0, topo=0, link=0, /axi/spi@ff050000/hmc7044@0 <-> /fpga-axi@0/axi-adxcvr-tx@84b60000
[    2.473103] jesd204: created con: id=1, topo=0, link=2, /axi/spi@ff050000/hmc7044@0 <-> /fpga-axi@0/axi-adxcvr-rx@84a60000
[    2.484087] jesd204: created con: id=2, topo=0, link=0, /fpga-axi@0/axi-adxcvr-tx@84b60000 <-> /fpga-axi@0/axi-jesd204-tx@84b90000
[    2.495763] jesd204: created con: id=3, topo=0, link=2, /fpga-axi@0/axi-adxcvr-rx@84a60000 <-> /fpga-axi@0/axi-jesd204-rx@84a90000
[    2.507440] jesd204: created con: id=4, topo=0, link=0, /fpga-axi@0/axi-jesd204-tx@84b90000 <-> /fpga-axi@0/axi-ad9081-tx-hpc@84b10000
[    2.519468] jesd204: created con: id=5, topo=0, link=2, /fpga-axi@0/axi-jesd204-rx@84a90000 <-> /fpga-axi@0/axi-ad9081-rx-hpc@84a10000
[    2.531491] jesd204: created con: id=6, topo=0, link=2, /fpga-axi@0/axi-ad9081-rx-hpc@84a10000 <-> /axi/spi@ff040000/ad9081@0
[    2.542732] jesd204: created con: id=7, topo=0, link=0, /fpga-axi@0/axi-ad9081-tx-hpc@84b10000 <-> /axi/spi@ff040000/ad9081@0
[    2.553982] jesd204: /axi/spi@ff040000/ad9081@0: JESD204[2] transition uninitialized -> initialized
[    2.562968] jesd204: /axi/spi@ff040000/ad9081@0: JESD204[0] transition uninitialized -> initialized
[    2.571960] jesd204: found 8 devices and 1 topologies
[    2.577003] FPGA manager framework
[    2.580482] Advanced Linux Sound Architecture Driver Initialized.
[    2.586778] Bluetooth: Core ver 2.22
[    2.589963] NET: Registered protocol family 31
[    2.594364] Bluetooth: HCI device and connection manager initialized
[    2.600681] Bluetooth: HCI socket layer initialized
[    2.605523] Bluetooth: L2CAP socket layer initialized
[    2.610546] Bluetooth: SCO socket layer initialized
[    2.615731] clocksource: Switched to clocksource arch_sys_counter
[    2.621541] VFS: Disk quotas dquot_6.6.0
[    2.625374] VFS: Dquot-cache hash table entries: 512 (order 0, 4096 bytes)
[    2.636086] NET: Registered protocol family 2
[    2.636818] tcp_listen_portaddr_hash hash table entries: 2048 (order: 3, 32768 bytes, linear)
[    2.645014] TCP established hash table entries: 32768 (order: 6, 262144 bytes, linear)
[    2.653039] TCP bind hash table entries: 32768 (order: 7, 524288 bytes, linear)
[    2.660484] TCP: Hash tables configured (established 32768 bind 32768)
[    2.666660] UDP hash table entries: 2048 (order: 4, 65536 bytes, linear)
[    2.673325] UDP-Lite hash table entries: 2048 (order: 4, 65536 bytes, linear)
[    2.680484] NET: Registered protocol family 1
[    2.684938] RPC: Registered named UNIX socket transport module.
[    2.690562] RPC: Registered udp transport module.
[    2.695226] RPC: Registered tcp transport module.
[    2.699896] RPC: Registered tcp NFSv4.1 backchannel transport module.
[    2.706887] PCI: CLS 0 bytes, default 64
[    2.710593] hw perfevents: no interrupt-affinity property for /pmu, guessing.
[    2.717446] hw perfevents: enabled with armv8_pmuv3 PMU driver, 7 counters available
[    2.725798] Initialise system trusted keyrings
[    2.729475] workingset: timestamp_bits=62 max_order=20 bucket_order=0
[    2.736375] NFS: Registering the id_resolver key type
[    2.740825] Key type id_resolver registered
[    2.744964] Key type id_legacy registered
[    2.748953] nfs4filelayout_init: NFSv4 File Layout Driver Registering...
[    2.755619] jffs2: version 2.2. (NAND) (SUMMARY)  Â© 2001-2006 Red Hat, Inc.
[    2.798328] NET: Registered protocol family 38
[    2.798370] xor: measuring software checksum speed
[    2.806055]    8regs           :  2363 MB/sec
[    2.809723]    32regs          :  2799 MB/sec
[    2.814666]    arm64_neon      :  2380 MB/sec
[    2.814856] xor: using function: 32regs (2799 MB/sec)
[    2.819882] Key type asymmetric registered
[    2.823943] Asymmetric key parser 'x509' registered
[    2.828804] Block layer SCSI generic (bsg) driver version 0.4 loaded (major 248)
[    2.836141] io scheduler mq-deadline registered
[    2.840637] io scheduler kyber registered
[    2.870051] Serial: 8250/16550 driver, 4 ports, IRQ sharing disabled
[    2.874692] cacheinfo: Unable to detect cache hierarchy for CPU 0
[    2.881021] brd: module loaded
[    2.885158] loop: module loaded
[    2.885702] Registered mathworks_ip class
[    2.889059] libphy: Fixed MDIO Bus: probed
[    2.892045] tun: Universal TUN/TAP device driver, 1.6
[    2.896102] CAN device driver interface
[    2.900639] usbcore: registered new interface driver asix
[    2.905232] usbcore: registered new interface driver ax88179_178a
[    2.911267] usbcore: registered new interface driver cdc_ether
[    2.917061] usbcore: registered new interface driver net1080
[    2.922687] usbcore: registered new interface driver cdc_subset
[    2.928567] usbcore: registered new interface driver zaurus
[    2.934111] usbcore: registered new interface driver cdc_ncm
[    2.940519] ehci_hcd: USB 2.0 'Enhanced' Host Controller (EHCI) Driver
[    2.946197] ehci-pci: EHCI PCI platform driver
[    2.950995] usbcore: registered new interface driver uas
[    2.955912] usbcore: registered new interface driver usb-storage
[    2.961899] usbcore: registered new interface driver usbserial_generic
[    2.968351] usbserial: USB Serial support registered for generic
[    2.974324] usbcore: registered new interface driver ftdi_sio
[    2.980028] usbserial: USB Serial support registered for FTDI USB Serial Device
[    2.987304] usbcore: registered new interface driver upd78f0730
[    2.993175] usbserial: USB Serial support registered for upd78f0730
[    3.000840] rtc_zynqmp ffa60000.rtc: registered as rtc0
[    3.004600] rtc_zynqmp ffa60000.rtc: setting system clock to 2022-03-26T00:48:37 UTC (1648255717)
[    3.013463] i2c /dev entries driver
[    3.018767] usbcore: registered new interface driver uvcvideo
[    3.022576] USB Video Class driver (1.1.1)
[    3.028157] Bluetooth: HCI UART driver ver 2.3
[    3.031047] Bluetooth: HCI UART protocol H4 registered
[    3.036157] Bluetooth: HCI UART protocol BCSP registered
[    3.041445] Bluetooth: HCI UART protocol LL registered
[    3.046534] Bluetooth: HCI UART protocol ATH3K registered
[    3.051908] Bluetooth: HCI UART protocol Three-wire (H5) registered
[    3.058164] Bluetooth: HCI UART protocol Intel registered
[    3.063500] Bluetooth: HCI UART protocol QCA registered
[    3.068703] usbcore: registered new interface driver bcm203x
[    3.074324] usbcore: registered new interface driver bpa10x
[    3.079859] usbcore: registered new interface driver bfusb
[    3.085309] usbcore: registered new interface driver btusb
[    3.090772] usbcore: registered new interface driver ath3k
[    3.096255] EDAC MC: ECC not enabled
[    3.099882] EDAC DEVICE0: Giving out device to module zynqmp-ocm-edac controller zynqmp_ocm: DEV ff960000.memory-controller (INTERRUPT)
[    3.112195] sdhci: Secure Digital Host Controller Interface driver
[    3.117983] sdhci: Copyright(c) Pierre Ossman
[    3.122308] sdhci-pltfm: SDHCI platform and OF driver helper
[    3.128362] ledtrig-cpu: registered to indicate activity on CPUs
[    3.133912] SMCCC: SOC_ID: ARCH_SOC_ID not implemented, skipping ....
[    3.140342] zynqmp_firmware_probe Platform Management API v1.1
[    3.146099] zynqmp_firmware_probe Trustzone version v1.0
[    3.185638] zynqmp-pinctrl firmware:zynqmp-firmware:pinctrl: zynqmp pinctrl initialized
[    3.233617] zynqmp-aes firmware:zynqmp-firmware:zynqmp-aes: will run requests pump with realtime priority
[    3.249435] alg: No test for xilinx-keccak-384 (zynqmp-keccak-384)
[    3.250145] alg: No test for xilinx-zynqmp-rsa (zynqmp-rsa)
[    3.255662] usbcore: registered new interface driver usbhid
[    3.261048] usbhid: USB HID core driver
[    3.272272] axi_sysid 85000000.axi-sysid-0: AXI System ID core version (1.01.a) found
[    3.274620] axi_sysid 85000000.axi-sysid-0: [ad9081_fmca_ebz] on [zcu102] git branch <master> git <084d44c9780640ca93fd847b1d9ec70dd65f5c67> clean [2022-03-18 04:17:50] UTC
[    3.290312] fpga_manager fpga0: Xilinx ZynqMP FPGA Manager registered
[    3.296671] usbcore: registered new interface driver snd-usb-audio
[    3.304108] pktgen: Packet Generator for packet performance testing. Version: 2.75
[    3.310284] Initializing XFRM netlink socket
[    3.314154] NET: Registered protocol family 10
[    3.318864] Segment Routing with IPv6
[    3.322250] sit: IPv6, IPv4 and MPLS over IPv4 tunneling driver
[    3.328317] NET: Registered protocol family 17
[    3.332421] NET: Registered protocol family 15
[    3.336916] can: controller area network core
[    3.341172] NET: Registered protocol family 29
[    3.345561] can: raw protocol
[    3.348498] can: broadcast manager protocol
[    3.352653] can: netlink gateway - max_hops=1
[    3.357046] Bluetooth: RFCOMM TTY layer initialized
[    3.361827] Bluetooth: RFCOMM socket layer initialized
[    3.366938] Bluetooth: RFCOMM ver 1.11
[    3.370645] Bluetooth: BNEP (Ethernet Emulation) ver 1.3
[    3.375916] Bluetooth: BNEP filters: protocol multicast
[    3.381110] Bluetooth: BNEP socket layer initialized
[    3.386038] Bluetooth: HIDP (Human Interface Emulation) ver 1.2
[    3.391922] Bluetooth: HIDP socket layer initialized
[    3.396977] 9pnet: Installing 9P2000 support
[    3.401099] NET: Registered protocol family 36
[    3.405516] Key type dns_resolver registered
[    3.409950] registered taskstats version 1
[    3.413811] Loading compiled-in X.509 certificates
[    3.418922] Btrfs loaded, crc32c=crc32c-generic
[    3.431310] ff000000.serial: ttyPS0 at MMIO 0xff000000 (irq = 49, base_baud = 6249999) is a xuartps
[    3.440329] printk: console [ttyPS0] enabled
[    3.444624] printk: bootconsole [cdns0] disabled
[    3.454248] ff010000.serial: ttyPS1 at MMIO 0xff010000 (irq = 50, base_baud = 6249999) is a xuartps
[    3.467494] of-fpga-region fpga-full: FPGA Region probed
[    3.474453] nwl-pcie fd0e0000.pcie: host bridge /axi/pcie@fd0e0000 ranges:
[    3.481353] nwl-pcie fd0e0000.pcie:      MEM 0x00e0000000..0x00efffffff -> 0x00e0000000
[    3.489362] nwl-pcie fd0e0000.pcie:      MEM 0x0600000000..0x07ffffffff -> 0x0600000000
[    3.497426] nwl-pcie fd0e0000.pcie: Link is DOWN
[    3.502182] nwl-pcie fd0e0000.pcie: PCI host bridge to bus 0000:00
[    3.508361] pci_bus 0000:00: root bus resource [bus 00-ff]
[    3.513842] pci_bus 0000:00: root bus resource [mem 0xe0000000-0xefffffff]
[    3.520713] pci_bus 0000:00: root bus resource [mem 0x600000000-0x7ffffffff pref]
[    3.528216] pci 0000:00:00.0: [10ee:d021] type 01 class 0x060400
[    3.534272] pci 0000:00:00.0: PME# supported from D0 D1 D2 D3hot
[    3.544713] pci 0000:00:00.0: PCI bridge to [bus 01-0c]
[    3.550690] xilinx-zynqmp-dma fd500000.dma: ZynqMP DMA driver Probe success
[    3.557859] xilinx-zynqmp-dma fd510000.dma: ZynqMP DMA driver Probe success
[    3.565029] xilinx-zynqmp-dma fd520000.dma: ZynqMP DMA driver Probe success
[    3.572198] xilinx-zynqmp-dma fd530000.dma: ZynqMP DMA driver Probe success
[    3.579362] xilinx-zynqmp-dma fd540000.dma: ZynqMP DMA driver Probe success
[    3.586533] xilinx-zynqmp-dma fd550000.dma: ZynqMP DMA driver Probe success
[    3.593704] xilinx-zynqmp-dma fd560000.dma: ZynqMP DMA driver Probe success
[    3.600873] xilinx-zynqmp-dma fd570000.dma: ZynqMP DMA driver Probe success
[    3.608271] xilinx-zynqmp-dpdma fd4c0000.dma-controller: Xilinx DPDMA engine is probed
[    3.616823] ahci-ceva fd0c0000.ahci: supply ahci not found, using dummy regulator
[    3.624366] ahci-ceva fd0c0000.ahci: supply phy not found, using dummy regulator
[    3.711907] hmc7044 spi2.0: PLL1: Acquisition, CLKIN0 @ 122880000 Hz, PFD: 80 kHz - PLL2: Locked @ 2520.000000 MHz
[    3.722621] jesd204: /axi/spi@ff050000/hmc7044@0,jesd204:1,parent=spi2.0: Using as SYSREF provider
[    3.732202] spi-nor spi0.0: SPI-NOR-UniqueID 100000235394732200270025081115266e
[    3.739509] spi-nor spi0.0: found n25q512a, expected m25p80
[    3.745701] spi-nor spi0.0: trying to lock already unlocked area
[    3.751702] spi-nor spi0.0: n25q512a (131072 Kbytes)
[    3.756680] 4 fixed-partitions partitions found on MTD device spi0.0
[    3.763026] Creating 4 MTD partitions on "spi0.0":
[    3.767812] 0x000000000000-0x000000100000 : "qspi-fsbl-uboot"
[    3.774301] 0x000000100000-0x000000600000 : "qspi-linux"
[    3.780256] 0x000000600000-0x000000620000 : "qspi-device-tree"
[    3.786731] 0x000000620000-0x000000c00000 : "qspi-rootfs"
[    3.795191] macb ff0e0000.ethernet: Not enabling partial store and forward
[    3.802717] libphy: MACB_mii_bus: probed
[    3.807793] macb ff0e0000.ethernet eth0: Cadence GEM rev 0x50070106 at 0xff0e0000 irq 30 (00:0a:35:04:8e:1b)
[    3.818009] xilinx-axipmon ffa00000.perf-monitor: Probed Xilinx APM
[    3.824590] xilinx-axipmon fd0b0000.perf-monitor: Probed Xilinx APM
[    3.831107] xilinx-axipmon fd490000.perf-monitor: Probed Xilinx APM
[    3.837649] xilinx-axipmon ffa10000.perf-monitor: Probed Xilinx APM
[    3.847631] pca953x 0-0020: supply vcc not found, using dummy regulator
[    3.854319] pca953x 0-0020: using no AI
[    3.858808] gpio-496 (sel0): hogged as output/low
[    3.863708] gpio-497 (sel1): hogged as output/high
[    3.868694] gpio-498 (sel2): hogged as output/high
[    3.873683] gpio-499 (sel3): hogged as output/high
[    3.878865] pca953x 0-0021: supply vcc not found, using dummy regulator
[    3.885536] pca953x 0-0021: using no AI
[    3.891304] ina2xx 2-0040: power monitor ina226 (Rshunt = 5000 uOhm)
[    3.898334] ina2xx 2-0041: power monitor ina226 (Rshunt = 5000 uOhm)
[    3.905376] ina2xx 2-0042: power monitor ina226 (Rshunt = 5000 uOhm)
[    3.912408] ina2xx 2-0043: power monitor ina226 (Rshunt = 5000 uOhm)
[    3.919433] ina2xx 2-0044: power monitor ina226 (Rshunt = 5000 uOhm)
[    3.926449] ina2xx 2-0045: power monitor ina226 (Rshunt = 5000 uOhm)
[    3.933480] ina2xx 2-0046: power monitor ina226 (Rshunt = 5000 uOhm)
[    3.940559] ina2xx 2-0047: power monitor ina226 (Rshunt = 5000 uOhm)
[    3.947583] ina2xx 2-004a: power monitor ina226 (Rshunt = 5000 uOhm)
[    3.954616] ina2xx 2-004b: power monitor ina226 (Rshunt = 5000 uOhm)
[    3.961028] i2c i2c-0: Added multiplexed i2c bus 2
[    3.966410] random: fast init done
[    3.969884] ina2xx 3-0040: power monitor ina226 (Rshunt = 2000 uOhm)
[    3.976911] ina2xx 3-0041: power monitor ina226 (Rshunt = 5000 uOhm)
[    3.983936] ina2xx 3-0042: power monitor ina226 (Rshunt = 5000 uOhm)
[    3.990967] ina2xx 3-0043: power monitor ina226 (Rshunt = 5000 uOhm)
[    3.997993] ina2xx 3-0044: power monitor ina226 (Rshunt = 5000 uOhm)
[    4.005019] ina2xx 3-0045: power monitor ina226 (Rshunt = 5000 uOhm)
[    4.012054] ina2xx 3-0046: power monitor ina226 (Rshunt = 5000 uOhm)
[    4.019085] ina2xx 3-0047: power monitor ina226 (Rshunt = 5000 uOhm)
[    4.025485] i2c i2c-0: Added multiplexed i2c bus 3
[    4.081079] i2c i2c-0: Added multiplexed i2c bus 4
[    4.086021] i2c i2c-0: Added multiplexed i2c bus 5
[    4.090815] pca954x 0-0075: registered 4 multiplexed busses for I2C mux pca9544
[    4.098165] cdns-i2c ff020000.i2c: 400 kHz mmio ff020000 irq 32
[    4.105895] at24 6-0054: supply vcc not found, using dummy regulator
[    4.112791] at24 6-0054: 1024 byte 24c08 EEPROM, writable, 1 bytes/write
[    4.119541] i2c i2c-1: Added multiplexed i2c bus 6
[    4.125967] si5341 7-0036: Chip: 5341 Grade: 1 Rev: 1
[    4.163664] i2c i2c-1: Added multiplexed i2c bus 7
[    4.171321] si570 8-005d: registered, current frequency 300000000 Hz
[    4.177724] i2c i2c-1: Added multiplexed i2c bus 8
[    4.197504] si570 9-005d: registered, current frequency 148500000 Hz
[    4.203904] i2c i2c-1: Added multiplexed i2c bus 9
[    4.208934] si5324 10-0069: si5328 probed
[    4.276083] si5324 10-0069: si5328 probe successful
[    4.281012] i2c i2c-1: Added multiplexed i2c bus 10
[    4.286038] i2c i2c-1: Added multiplexed i2c bus 11
[    4.291069] i2c i2c-1: Added multiplexed i2c bus 12
[    4.296095] i2c i2c-1: Added multiplexed i2c bus 13
[    4.300975] pca954x 1-0074: registered 8 multiplexed busses for I2C switch pca9548
[    4.309084] at24 14-0050: supply vcc not found, using dummy regulator
[    4.315870] at24 14-0050: 256 byte 24c02 EEPROM, writable, 1 bytes/write
[    4.322619] i2c i2c-1: Added multiplexed i2c bus 14
[    4.327658] i2c i2c-1: Added multiplexed i2c bus 15
[    4.332691] i2c i2c-1: Added multiplexed i2c bus 16
[    4.337729] i2c i2c-1: Added multiplexed i2c bus 17
[    4.342764] i2c i2c-1: Added multiplexed i2c bus 18
[    4.347807] i2c i2c-1: Added multiplexed i2c bus 19
[    4.352844] i2c i2c-1: Added multiplexed i2c bus 20
[    4.357882] i2c i2c-1: Added multiplexed i2c bus 21
[    4.362758] pca954x 1-0075: registered 8 multiplexed busses for I2C switch pca9548
[    4.370367] cdns-i2c ff030000.i2c: 400 kHz mmio ff030000 irq 33
[    4.380116] cdns-wdt fd4d0000.watchdog: Xilinx Watchdog Timer with timeout 60s
[    4.391053] axi_adxcvr 84a60000.axi-adxcvr-rx: AXI-ADXCVR-RX (17.05.a) using CPLL on GTH4 at 0x84A60000. Number of lanes: 4.
[    4.403203] axi_adxcvr 84b60000.axi-adxcvr-tx: AXI-ADXCVR-TX (17.05.a) using QPLL on GTH4 at 0x84B60000. Number of lanes: 4.
[    4.414822] axi-jesd204-rx 84a90000.axi-jesd204-rx: AXI-JESD204-RX (1.07.a) at 0x84A90000. Encoder 8b10b, width 4/4, lanes 4, jesd204-fsm.
[    4.422137] mmc0: SDHCI controller on ff170000.mmc [ff170000.mmc] using ADMA 64-bit
[    4.427667] axi-jesd204-tx 84b90000.axi-jesd204-tx: AXI-JESD204-TX (1.06.a) at 0x84B90000. Encoder 8b10b, width 4/4, lanes 4, jesd204-fsm.
[    4.448396] zynqmp-display fd4a0000.display: vtc bridge property not present
[    4.458042] xilinx-dp-snd-codec fd4a0000.display:zynqmp_dp_snd_codec0: Failed to get required clock freq
[    4.467545] xilinx-dp-snd-codec: probe of fd4a0000.display:zynqmp_dp_snd_codec0 failed with error -22
[    4.469512] mmc0: new high speed SDHC card at address 0001
[    4.477081] xilinx-dp-snd-pcm zynqmp_dp_snd_pcm0: Xilinx DisplayPort Sound PCM probed
[    4.482596] mmcblk0: mmc0:0001 EB1QT 29.8 GiB 
[    4.490400] xilinx-dp-snd-pcm zynqmp_dp_snd_pcm1: Xilinx DisplayPort Sound PCM probed
[    4.495742]  mmcblk0: p1 p2 p3
[    4.502704] OF: graph: no port node found in /axi/display@fd4a0000
[    4.511782] xlnx-drm xlnx-drm.0: bound fd4a0000.display (ops 0xffffffc010fcbdb8)
[    5.595748] zynqmp-display fd4a0000.display: [drm] Cannot find any crtc or sizes
[    5.603359] [drm] Initialized xlnx 1.0.0 20130509 for fd4a0000.display on minor 0
[    5.610850] zynqmp-display fd4a0000.display: ZynqMP DisplayPort Subsystem driver probed
[    5.619176] ahci-ceva fd0c0000.ahci: supply ahci not found, using dummy regulator
[    5.626721] ahci-ceva fd0c0000.ahci: supply phy not found, using dummy regulator
[    5.634180] ahci-ceva fd0c0000.ahci: supply target not found, using dummy regulator
[    5.652074] ahci-ceva fd0c0000.ahci: AHCI 0001.0301 32 slots 2 ports 6 Gbps 0x3 impl platform mode
[    5.661029] ahci-ceva fd0c0000.ahci: flags: 64bit ncq sntf pm clo only pmp fbs pio slum part ccc sds apst 
[    5.671656] scsi host0: ahci-ceva
[    5.675253] scsi host1: ahci-ceva
[    5.678680] ata1: SATA max UDMA/133 mmio [mem 0xfd0c0000-0xfd0c1fff] port 0x100 irq 45
[    5.686595] ata2: SATA max UDMA/133 mmio [mem 0xfd0c0000-0xfd0c1fff] port 0x180 irq 45
[    5.695197] ad9081 spi1.0: supply vdd not found, using dummy regulator
[    6.005947] ata2: SATA link down (SStatus 0 SControl 330)
[    6.011359] ata1: SATA link down (SStatus 0 SControl 330)
[    6.679751] zynqmp-display fd4a0000.display: [drm] Cannot find any crtc or sizes
[    6.901443] ad9081 spi1.0: Invalid param passed., "ref_clk_hz < 100000000ULL" in adi_ad9081_device_clk_config_set(...), line554 in drivers/iio/adc/ad9081/adi_ad9081_device.c
[    7.583564] ad9081 spi1.0: AD9081 Rev. 2 Grade 10 (API 1.2.2) probed
[    7.590767] xhci-hcd xhci-hcd.1.auto: xHCI Host Controller
[    7.596258] xhci-hcd xhci-hcd.1.auto: new USB bus registered, assigned bus number 1
[    7.604005] xhci-hcd xhci-hcd.1.auto: hcc params 0x0238f625 hci version 0x100 quirks 0x0000000002010810
[    7.613418] xhci-hcd xhci-hcd.1.auto: irq 59, io mem 0xfe200000
[    7.619529] usb usb1: New USB device found, idVendor=1d6b, idProduct=0002, bcdDevice= 5.10
[    7.627795] usb usb1: New USB device strings: Mfr=3, Product=2, SerialNumber=1
[    7.635011] usb usb1: Product: xHCI Host Controller
[    7.639880] usb usb1: Manufacturer: Linux 5.10.0-98103-g2aa7ac113716 xhci-hcd
[    7.647005] usb usb1: SerialNumber: xhci-hcd.1.auto
[    7.652175] hub 1-0:1.0: USB hub found
[    7.655938] hub 1-0:1.0: 1 port detected
[    7.660040] xhci-hcd xhci-hcd.1.auto: xHCI Host Controller
[    7.665525] xhci-hcd xhci-hcd.1.auto: new USB bus registered, assigned bus number 2
[    7.673181] xhci-hcd xhci-hcd.1.auto: Host supports USB 3.0 SuperSpeed
[    7.679811] usb usb2: New USB device found, idVendor=1d6b, idProduct=0003, bcdDevice= 5.10
[    7.688073] usb usb2: New USB device strings: Mfr=3, Product=2, SerialNumber=1
[    7.695284] usb usb2: Product: xHCI Host Controller
[    7.700153] usb usb2: Manufacturer: Linux 5.10.0-98103-g2aa7ac113716 xhci-hcd
[    7.707279] usb usb2: SerialNumber: xhci-hcd.1.auto
[    7.712388] hub 2-0:1.0: USB hub found
[    7.716150] hub 2-0:1.0: 1 port detected
[    7.746179] cf_axi_adc 84a10000.axi-ad9081-rx-hpc: ADI AIM (10.01.b) at 0x84A10000 mapped to 0x(____ptrval____), probed ADC AD9081 as MASTER
[    7.776575] cf_axi_dds 84b10000.axi-ad9081-tx-hpc: Analog Devices CF_AXI_DDS_DDS MASTER (9.01.b) at 0x84B10000 mapped to 0x(____ptrval____), probed DDS AD9081
[    7.790779] jesd204: /axi/spi@ff040000/ad9081@0,jesd204:0,parent=spi1.0: JESD204[2] transition initialized -> probed
[    7.801300] jesd204: /axi/spi@ff040000/ad9081@0,jesd204:0,parent=spi1.0: JESD204[0] transition initialized -> probed
[    7.811823] jesd204: /axi/spi@ff040000/ad9081@0,jesd204:0,parent=spi1.0: JESD204[2] transition probed -> idle
[    7.821730] jesd204: /axi/spi@ff040000/ad9081@0,jesd204:0,parent=spi1.0: JESD204[0] transition probed -> idle
[    7.831648] jesd204: /axi/spi@ff040000/ad9081@0,jesd204:0,parent=spi1.0: JESD204[2] transition idle -> device_init
[    7.841989] jesd204: /axi/spi@ff040000/ad9081@0,jesd204:0,parent=spi1.0: JESD204[0] transition idle -> device_init
[    7.852341] jesd204: /axi/spi@ff040000/ad9081@0,jesd204:0,parent=spi1.0: JESD204[2] transition device_init -> link_init
[    7.863119] jesd204: /axi/spi@ff040000/ad9081@0,jesd204:0,parent=spi1.0: JESD204[0] transition device_init -> link_init
[    7.873909] jesd204: /axi/spi@ff040000/ad9081@0,jesd204:0,parent=spi1.0: JESD204[2] transition link_init -> link_supported
[    7.884946] jesd204: /axi/spi@ff040000/ad9081@0,jesd204:0,parent=spi1.0: JESD204[0] transition link_init -> link_supported
[    7.896354] hmc7044 spi2.0: hmc7044_jesd204_link_pre_setup: Link2 forcing continuous SYSREF mode
[    7.905592] axi-jesd204-tx 84b90000.axi-jesd204-tx: axi_jesd204_tx_jesd204_link_pre_setup: Link0 set lane rate 8400000 kHz failed (-22)
[    7.917761] jesd204: /fpga-axi@0/axi-jesd204-tx@84b90000,jesd204:5,parent=84b90000.axi-jesd204-tx: JESD204[0] In link_pre_setup got error from cb: -22
[    7.931229] jesd204: /axi/spi@ff040000/ad9081@0,jesd204:0,parent=spi1.0: Rolling back from 'link_supported', got error -22
[    7.942273] jesd204: /axi/spi@ff040000/ad9081@0,jesd204:0,parent=spi1.0: JESD204[0] transition link_supported -> link_pre_setup
[    7.953744] jesd204: /axi/spi@ff040000/ad9081@0,jesd204:0,parent=spi1.0: JESD204[2] transition link_supported -> link_pre_setup
[    7.965222] jesd204: /axi/spi@ff040000/ad9081@0,jesd204:0,parent=spi1.0: JESD204[0] transition link_pre_setup -> link_supported
[    7.976695] jesd204: /axi/spi@ff040000/ad9081@0,jesd204:0,parent=spi1.0: JESD204[2] transition link_pre_setup -> link_supported
[    7.988171] jesd204: /axi/spi@ff040000/ad9081@0,jesd204:0,parent=spi1.0: JESD204[0] transition link_supported -> link_init
[    7.999210] jesd204: /axi/spi@ff040000/ad9081@0,jesd204:0,parent=spi1.0: JESD204[2] transition link_supported -> link_init
[    8.010256] jesd204: /axi/spi@ff040000/ad9081@0,jesd204:0,parent=spi1.0: JESD204[0] transition link_init -> device_init
[    8.021036] jesd204: /axi/spi@ff040000/ad9081@0,jesd204:0,parent=spi1.0: JESD204[2] transition link_init -> device_init
[    8.031820] jesd204: /axi/spi@ff040000/ad9081@0,jesd204:0,parent=spi1.0: JESD204[0] transition device_init -> idle
[    8.042167] jesd204: /axi/spi@ff040000/ad9081@0,jesd204:0,parent=spi1.0: JESD204[2] transition device_init -> idle
[    8.052519] jesd204: /axi/spi@ff040000/ad9081@0,jesd204:0,parent=spi1.0: JESD204[2] transition idle -> idle
[    8.062254] jesd204: /axi/spi@ff040000/ad9081@0,jesd204:0,parent=spi1.0: JESD204[0] transition idle -> idle
[    8.071995] jesd204: /axi/spi@ff040000/ad9081@0,jesd204:0,parent=spi1.0: JESD204[2] transition idle -> device_init
[    8.082338] jesd204: /axi/spi@ff040000/ad9081@0,jesd204:0,parent=spi1.0: JESD204[0] transition idle -> device_init
[    8.092688] jesd204: /axi/spi@ff040000/ad9081@0,jesd204:0,parent=spi1.0: JESD204[2] transition device_init -> link_init
[    8.103466] jesd204: /axi/spi@ff040000/ad9081@0,jesd204:0,parent=spi1.0: JESD204[0] transition device_init -> link_init
[    8.114256] jesd204: /axi/spi@ff040000/ad9081@0,jesd204:0,parent=spi1.0: JESD204[2] transition link_init -> link_supported
[    8.125296] jesd204: /axi/spi@ff040000/ad9081@0,jesd204:0,parent=spi1.0: JESD204[0] transition link_init -> link_supported
[    8.136635] axi-jesd204-tx 84b90000.axi-jesd204-tx: axi_jesd204_tx_jesd204_link_pre_setup: Link0 set lane rate 8400000 kHz failed (-22)
[    8.148806] jesd204: /fpga-axi@0/axi-jesd204-tx@84b90000,jesd204:5,parent=84b90000.axi-jesd204-tx: JESD204[0] In link_pre_setup got error from cb: -22
[    8.162273] jesd204: /axi/spi@ff040000/ad9081@0,jesd204:0,parent=spi1.0: Rolling back from 'link_supported', got error -22
[    8.173316] jesd204: /axi/spi@ff040000/ad9081@0,jesd204:0,parent=spi1.0: JESD204[0] transition link_supported -> link_pre_setup
[    8.184788] jesd204: /axi/spi@ff040000/ad9081@0,jesd204:0,parent=spi1.0: JESD204[2] transition link_supported -> link_pre_setup
[    8.196265] jesd204: /axi/spi@ff040000/ad9081@0,jesd204:0,parent=spi1.0: JESD204[0] transition link_pre_setup -> link_supported
[    8.207739] jesd204: /axi/spi@ff040000/ad9081@0,jesd204:0,parent=spi1.0: JESD204[2] transition link_pre_setup -> link_supported
[    8.219215] jesd204: /axi/spi@ff040000/ad9081@0,jesd204:0,parent=spi1.0: JESD204[0] transition link_supported -> link_init
[    8.230254] jesd204: /axi/spi@ff040000/ad9081@0,jesd204:0,parent=spi1.0: JESD204[2] transition link_supported -> link_init
[    8.241301] jesd204: /axi/spi@ff040000/ad9081@0,jesd204:0,parent=spi1.0: JESD204[0] transition link_init -> device_init
[    8.252076] jesd204: /axi/spi@ff040000/ad9081@0,jesd204:0,parent=spi1.0: JESD204[2] transition link_init -> device_init
[    8.262859] jesd204: /axi/spi@ff040000/ad9081@0,jesd204:0,parent=spi1.0: JESD204[0] transition device_init -> idle
[    8.273207] jesd204: /axi/spi@ff040000/ad9081@0,jesd204:0,parent=spi1.0: JESD204[2] transition device_init -> idle
[    8.283553] jesd204: /axi/spi@ff040000/ad9081@0,jesd204:0,parent=spi1.0: JESD204[2] transition idle -> idle
[    8.293288] jesd204: /axi/spi@ff040000/ad9081@0,jesd204:0,parent=spi1.0: JESD204[0] transition idle -> idle
[    8.303030] jesd204: /axi/spi@ff040000/ad9081@0,jesd204:0,parent=spi1.0: JESD204[2] transition idle -> device_init
[    8.313374] jesd204: /axi/spi@ff040000/ad9081@0,jesd204:0,parent=spi1.0: JESD204[0] transition idle -> device_init
[    8.323729] jesd204: /axi/spi@ff040000/ad9081@0,jesd204:0,parent=spi1.0: JESD204[2] transition device_init -> link_init
[    8.334513] jesd204: /axi/spi@ff040000/ad9081@0,jesd204:0,parent=spi1.0: JESD204[0] transition device_init -> link_init
[    8.345298] jesd204: /axi/spi@ff040000/ad9081@0,jesd204:0,parent=spi1.0: JESD204[2] transition link_init -> link_supported
[    8.356340] jesd204: /axi/spi@ff040000/ad9081@0,jesd204:0,parent=spi1.0: JESD204[0] transition link_init -> link_supported
[    8.367677] axi-jesd204-tx 84b90000.axi-jesd204-tx: axi_jesd204_tx_jesd204_link_pre_setup: Link0 set lane rate 8400000 kHz failed (-22)
[    8.379848] jesd204: /fpga-axi@0/axi-jesd204-tx@84b90000,jesd204:5,parent=84b90000.axi-jesd204-tx: JESD204[0] In link_pre_setup got error from cb: -22
[    8.393317] jesd204: /axi/spi@ff040000/ad9081@0,jesd204:0,parent=spi1.0: Rolling back from 'link_supported', got error -22
[    8.404362] jesd204: /axi/spi@ff040000/ad9081@0,jesd204:0,parent=spi1.0: JESD204[0] transition link_supported -> link_pre_setup
[    8.415836] jesd204: /axi/spi@ff040000/ad9081@0,jesd204:0,parent=spi1.0: JESD204[2] transition link_supported -> link_pre_setup
[    8.427311] jesd204: /axi/spi@ff040000/ad9081@0,jesd204:0,parent=spi1.0: JESD204[0] transition link_pre_setup -> link_supported
[    8.438782] jesd204: /axi/spi@ff040000/ad9081@0,jesd204:0,parent=spi1.0: JESD204[2] transition link_pre_setup -> link_supported
[    8.450259] jesd204: /axi/spi@ff040000/ad9081@0,jesd204:0,parent=spi1.0: JESD204[0] transition link_supported -> link_init
[    8.461298] jesd204: /axi/spi@ff040000/ad9081@0,jesd204:0,parent=spi1.0: JESD204[2] transition link_supported -> link_init
[    8.472345] jesd204: /axi/spi@ff040000/ad9081@0,jesd204:0,parent=spi1.0: JESD204[0] transition link_init -> device_init
[    8.483120] jesd204: /axi/spi@ff040000/ad9081@0,jesd204:0,parent=spi1.0: JESD204[2] transition link_init -> device_init
[    8.493904] jesd204: /axi/spi@ff040000/ad9081@0,jesd204:0,parent=spi1.0: JESD204[0] transition device_init -> idle
[    8.504247] jesd204: /axi/spi@ff040000/ad9081@0,jesd204:0,parent=spi1.0: JESD204[2] transition device_init -> idle
[    8.514597] jesd204: /axi/spi@ff040000/ad9081@0,jesd204:0,parent=spi1.0: JESD204[2] transition idle -> idle
[    8.524333] jesd204: /axi/spi@ff040000/ad9081@0,jesd204:0,parent=spi1.0: JESD204[0] transition idle -> idle
[    8.534079] jesd204: /axi/spi@ff040000/ad9081@0,jesd204:0,parent=spi1.0: JESD204[2] transition idle -> device_init
[    8.544427] jesd204: /axi/spi@ff040000/ad9081@0,jesd204:0,parent=spi1.0: JESD204[0] transition idle -> device_init
[    8.554777] jesd204: /axi/spi@ff040000/ad9081@0,jesd204:0,parent=spi1.0: JESD204[2] transition device_init -> link_init
[    8.565554] jesd204: /axi/spi@ff040000/ad9081@0,jesd204:0,parent=spi1.0: JESD204[0] transition device_init -> link_init
[    8.576342] jesd204: /axi/spi@ff040000/ad9081@0,jesd204:0,parent=spi1.0: JESD204[2] transition link_init -> link_supported
[    8.587385] jesd204: /axi/spi@ff040000/ad9081@0,jesd204:0,parent=spi1.0: JESD204[0] transition link_init -> link_supported
[    8.598721] axi-jesd204-tx 84b90000.axi-jesd204-tx: axi_jesd204_tx_jesd204_link_pre_setup: Link0 set lane rate 8400000 kHz failed (-22)
[    8.610892] jesd204: /fpga-axi@0/axi-jesd204-tx@84b90000,jesd204:5,parent=84b90000.axi-jesd204-tx: JESD204[0] In link_pre_setup got error from cb: -22
[    8.624362] jesd204: /axi/spi@ff040000/ad9081@0,jesd204:0,parent=spi1.0: Rolling back from 'link_supported', got error -22
[    8.635405] jesd204: /axi/spi@ff040000/ad9081@0,jesd204:0,parent=spi1.0: JESD204[0] transition link_supported -> link_pre_setup
[    8.646876] jesd204: /axi/spi@ff040000/ad9081@0,jesd204:0,parent=spi1.0: JESD204[2] transition link_supported -> link_pre_setup
[    8.658358] jesd204: /axi/spi@ff040000/ad9081@0,jesd204:0,parent=spi1.0: JESD204[0] transition link_pre_setup -> link_supported
[    8.669835] jesd204: /axi/spi@ff040000/ad9081@0,jesd204:0,parent=spi1.0: JESD204[2] transition link_pre_setup -> link_supported
[    8.681313] jesd204: /axi/spi@ff040000/ad9081@0,jesd204:0,parent=spi1.0: JESD204[0] transition link_supported -> link_init
[    8.692351] jesd204: /axi/spi@ff040000/ad9081@0,jesd204:0,parent=spi1.0: JESD204[2] transition link_supported -> link_init
[    8.703398] jesd204: /axi/spi@ff040000/ad9081@0,jesd204:0,parent=spi1.0: JESD204[0] transition link_init -> device_init
[    8.714173] jesd204: /axi/spi@ff040000/ad9081@0,jesd204:0,parent=spi1.0: JESD204[2] transition link_init -> device_init
[    8.724956] jesd204: /axi/spi@ff040000/ad9081@0,jesd204:0,parent=spi1.0: JESD204[0] transition device_init -> idle
[    8.735300] jesd204: /axi/spi@ff040000/ad9081@0,jesd204:0,parent=spi1.0: JESD204[2] transition device_init -> idle
[    8.745646] jesd204: /axi/spi@ff040000/ad9081@0,jesd204:0,parent=spi1.0: FSM completed with error -22
[    8.764082] input: gpio-keys as /devices/platform/gpio-keys/input/input0
[    8.771094] of_cfs_init
[    8.773565] of_cfs_init: OK
[    8.776503] cfg80211: Loading compiled-in X.509 certificates for regulatory database
[    8.914514] cfg80211: Loaded X.509 cert 'sforshee: 00b28ddf47aef9cea7'
[    8.921050] clk: Not disabling unused clocks
[    8.925575] ALSA device list:
[    8.928542]   No soundcards found.
[    8.932215] platform regulatory.0: Direct firmware load for regulatory.db failed with error -2
[    8.940827] cfg80211: failed to load regulatory.db
[    8.955653] EXT4-fs (mmcblk0p2): mounted filesystem with ordered data mode. Opts: (null)
[    8.963771] VFS: Mounted root (ext4 filesystem) on device 179:2.
[    8.977182] devtmpfs: mounted
[    8.980995] Freeing unused kernel memory: 2560K
[    8.995782] Run /sbin/init as init process
[    8.999873]   with arguments:
[    8.999876]     /sbin/init
[    8.999878]   with environment:
[    8.999880]     HOME=/
[    8.999882]     TERM=linux
[    9.563138] systemd[1]: systemd 241 running in system mode. (+PAM +AUDIT +SELINUX +IMA +APPARMOR +SMACK +SYSVINIT +UTMP +LIBCRYPTSETUP +GCRYPT +GNUTLS +ACL +XZ +LZ4 +SECCOMP +BLKID +ELFUTILS +KMOD -IDN2 +IDN -PCRE2 default-hierarchy=hybrid)
[    9.584996] systemd[1]: Detected architecture arm64.
[    9.608442] systemd[1]: Set hostname to <analog>.
[    9.796168] systemd[1]: File /lib/systemd/system/systemd-journald.service:12 configures an IP firewall (IPAddressDeny=any), but the local system does not support BPF/cgroup based firewalling.
[    9.813206] systemd[1]: Proceeding WITHOUT firewalling in effect! (This warning is only shown for the first loaded unit using IP firewalling.)
[    9.976272] systemd[1]: /etc/systemd/system/tof-server.service:1: Assignment outside of section. Ignoring.
[    9.985972] systemd[1]: /etc/systemd/system/tof-server.service:2: Assignment outside of section. Ignoring.
[   10.168959] random: systemd: uninitialized urandom read (16 bytes read)
[   10.183762] random: systemd: uninitialized urandom read (16 bytes read)
[   10.190966] systemd[1]: Created slice system-getty.slice.
[   10.211808] random: systemd: uninitialized urandom read (16 bytes read)
[   10.218769] systemd[1]: Listening on Journal Socket (/dev/log).
[   10.240102] systemd[1]: Listening on Journal Socket.
[   10.820875] ------------[ cut here ]------------
[   10.820884] Enabling unprepared \xa0\xc9Q\x88\xff\xff\xffPQ\x88\xff\xff\xff
[   10.820930] WARNING: CPU: 3 PID: 126 at drivers/clk/clk.c:1012 clk_core_enable+0xa4/0xc0
[   10.820933] Modules linked in:
[   10.820943] CPU: 3 PID: 126 Comm: kworker/3:1H Not tainted 5.10.0-98103-g2aa7ac113716 #5577
[   10.820946] Hardware name: ZynqMP ZCU102 Rev1.0 (DT)
[   10.820956] Workqueue: kblockd blk_mq_run_work_fn
[   10.820963] pstate: 80000085 (Nzcv daIf -PAN -UAO -TCO BTYPE=--)
[   10.820969] pc : clk_core_enable+0xa4/0xc0
[   10.820974] lr : clk_core_enable+0xa4/0xc0
[   10.820977] sp : ffffffc012b332d0
[   10.820980] x29: ffffffc012b332d0 x28: ffffff8800330c10 
[   10.820987] x27: ffffff8800330d48 x26: 0000005000000101 
[   10.820994] x25: 000000027f07cae8 x24: 0000000000000001 
[   10.821000] x23: ffffff88010e9380 x22: ffffff8801083220 
[   10.821007] x21: ffffff8801515000 x20: ffffff8801515008 
[   10.821014] x19: ffffff8801515008 x18: 0000000000000030 
[   10.821020] x17: 0000000000000001 x16: 0000b4860b4febe4 
[   10.821027] x15: ffffffffffff9cf8 x14: ffffffc011d3b1a0 
[   10.821033] x13: ffffffc011d3b1c8 x12: 0000000000000675 
[   10.821040] x11: 0000000000000227 x10: ffffffc011d671c8 
[   10.821046] x9 : 00000000fffff800 x8 : ffffffc011d3b1c8 
[   10.821053] x7 : ffffffc011d671c8 x6 : 0000000000000001 
[   10.821059] x5 : ffffff887f7a89e0 x4 : 0000000000000000 
[   10.821066] x3 : 0000000000000027 x2 : 0000000000000023 
[   10.821072] x1 : 59947175695c9c00 x0 : 0000000000000000 
[   10.821079] Call trace:
[   10.821085]  clk_core_enable+0xa4/0xc0
[   10.821090]  clk_enable+0x2c/0x60
[   10.821096]  zynqmp_runtime_resume+0x24/0x84
[   10.821103]  pm_generic_runtime_resume+0x30/0x50
[   10.821109]  __genpd_runtime_resume+0x30/0xb0
[   10.821115]  genpd_runtime_resume+0x90/0x250
[   10.821121]  __rpm_callback+0x10c/0x1e0
[   10.821126]  rpm_callback+0x5c/0x84
[   10.821131]  rpm_resume+0x4a4/0x74c
[   10.821136]  __pm_runtime_resume+0x78/0xc4
[   10.821141]  spi_mem_access_start.isra.0+0x30/0x80
[   10.821145]  spi_mem_exec_op+0x3b0/0x424
[   10.821150]  spi_nor_read_sr+0x78/0xe0
[   10.821155]  spi_nor_wait_till_ready_with_timeout+0xb4/0x2f0
[   10.821160]  spi_nor_read+0x188/0x380
[   10.821165]  mtd_read_oob_std+0x78/0x84
[   10.821169]  mtd_read_oob+0x7c/0x134
[   10.821174]  mtd_read+0x48/0x7c
[   10.821179]  mtdblock_readsect+0x6c/0x150
[   10.821184]  mtd_queue_rq+0x2cc/0x5a0
[   10.821190]  blk_mq_dispatch_rq_list+0x110/0x790
[   10.821197]  __blk_mq_do_dispatch_sched+0x200/0x274
[   10.821202]  __blk_mq_sched_dispatch_requests+0x1a8/0x1fc
[   10.821208]  blk_mq_sched_dispatch_requests+0x3c/0x7c
[   10.821213]  __blk_mq_run_hw_queue+0x98/0x100
[   10.821218]  blk_mq_run_work_fn+0x24/0x30
[   10.821223]  process_one_work+0x1d4/0x380
[   10.821227]  worker_thread+0x78/0x4e0
[   10.821232]  kthread+0x124/0x130
[   10.821238]  ret_from_fork+0x10/0x3c
[   10.821241] ---[ end trace defb3d5f933868f1 ]---
[   10.821250] zynqmp-qspi ff0f0000.spi: Cannot enable APB clock.
[   10.821298] spi_master spi0: Failed to power device: -108
[   10.821308] blk_update_request: I/O error, dev mtdblock0, sector 8 op 0x0:(READ) flags 0x80700 phys_seg 1 prio class 0
[   10.821386] spi_master spi0: Failed to power device: -22
[   10.821393] blk_update_request: I/O error, dev mtdblock0, sector 8 op 0x0:(READ) flags 0x0 phys_seg 8 prio class 0
[   10.821399] Buffer I/O error on dev mtdblock0, logical block 8, async page read
[   10.821408] spi_master spi0: Failed to power device: -22
[   10.821414] blk_update_request: I/O error, dev mtdblock0, sector 9 op 0x0:(READ) flags 0x0 phys_seg 7 prio class 0
[   10.821418] Buffer I/O error on dev mtdblock0, logical block 9, async page read
[   10.821425] spi_master spi0: Failed to power device: -22
[   10.821430] blk_update_request: I/O error, dev mtdblock0, sector 10 op 0x0:(READ) flags 0x0 phys_seg 6 prio class 0
[   10.821434] Buffer I/O error on dev mtdblock0, logical block 10, async page read
[   10.821441] spi_master spi0: Failed to power device: -22
[   10.821447] blk_update_request: I/O error, dev mtdblock0, sector 11 op 0x0:(READ) flags 0x0 phys_seg 5 prio class 0
[   10.821451] Buffer I/O error on dev mtdblock0, logical block 11, async page read
[   10.821457] spi_master spi0: Failed to power device: -22
[   10.821463] blk_update_request: I/O error, dev mtdblock0, sector 12 op 0x0:(READ) flags 0x0 phys_seg 4 prio class 0
[   10.821467] Buffer I/O error on dev mtdblock0, logical block 12, async page read
[   10.821473] spi_master spi0: Failed to power device: -22
[   10.821479] blk_update_request: I/O error, dev mtdblock0, sector 13 op 0x0:(READ) flags 0x0 phys_seg 3 prio class 0
[   10.821483] Buffer I/O error on dev mtdblock0, logical block 13, async page read
[   10.821489] spi_master spi0: Failed to power device: -22
[   10.821495] blk_update_request: I/O error, dev mtdblock0, sector 14 op 0x0:(READ) flags 0x0 phys_seg 2 prio class 0
[   10.821499] Buffer I/O error on dev mtdblock0, logical block 14, async page read
[   10.821505] spi_master spi0: Failed to power device: -22
[   10.821511] blk_update_request: I/O error, dev mtdblock0, sector 15 op 0x0:(READ) flags 0x0 phys_seg 1 prio class 0
[   10.821515] Buffer I/O error on dev mtdblock0, logical block 15, async page read
[   10.821845] spi_master spi0: Failed to power device: -22
[   10.821853] blk_update_request: I/O error, dev mtdblock1, sector 10112 op 0x0:(READ) flags 0x80700 phys_seg 1 prio class 0
[   10.821896] spi_master spi0: Failed to power device: -22
[   10.821902] Buffer I/O error on dev mtdblock1, logical block 10112, async page read
[   10.821910] spi_master spi0: Failed to power device: -22
[   10.821915] Buffer I/O error on dev mtdblock1, logical block 10113, async page read
[   10.821922] spi_master spi0: Failed to power device: -22
[   10.821929] spi_master spi0: Failed to power device: -22
[   10.821936] spi_master spi0: Failed to power device: -22
[   10.821944] spi_master spi0: Failed to power device: -22
[   10.821951] spi_master spi0: Failed to power device: -22
[   10.821958] spi_master spi0: Failed to power device: -22
[   10.822188] spi_master spi0: Failed to power device: -22
[   10.822232] spi_master spi0: Failed to power device: -22
[   10.822241] spi_master spi0: Failed to power device: -22
[   10.822249] spi_master spi0: Failed to power device: -22
[   10.822256] spi_master spi0: Failed to power device: -22
[   10.822263] spi_master spi0: Failed to power device: -22
[   10.822270] spi_master spi0: Failed to power device: -22
[   10.822278] spi_master spi0: Failed to power device: -22
[   10.822285] spi_master spi0: Failed to power device: -22
[   10.822558] spi_master spi0: Failed to power device: -22
[   10.822602] spi_master spi0: Failed to power device: -22
[   10.822611] spi_master spi0: Failed to power device: -22
[   10.822619] spi_master spi0: Failed to power device: -22
[   10.822626] spi_master spi0: Failed to power device: -22
[   10.822633] spi_master spi0: Failed to power device: -22
[   10.822641] spi_master spi0: Failed to power device: -22
[   10.822648] spi_master spi0: Failed to power device: -22
[   10.822655] spi_master spi0: Failed to power device: -22
[   10.945783] EXT4-fs (mmcblk0p2): re-mounted. Opts: (null)
[   11.031627] systemd-journald[168]: Received request to flush runtime journal from PID 1
[   17.028270] macb ff0e0000.ethernet eth0: PHY [ff0e0000.ethernet-ffffffff:0c] driver [TI DP83867] (irq=POLL)
[   17.028283] macb ff0e0000.ethernet eth0: configuring for phy/rgmii-id link mode
[   17.327764] Adding 94204k swap on /var/swap.  Priority:-2 extents:1 across:94204k SS
[   19.031756] random: crng init done
[   19.031767] random: 7 urandom warning(s) missed due to ratelimiting
[   19.851794] broken atomic modeset userspace detected, disabling atomic
[   20.097350] macb ff0e0000.ethernet eth0: Link is Up - 1Gbps/Full - flow control off
[   20.097375] IPv6: ADDRCONF(NETDEV_CHANGE): eth0: link becomes ready
[   22.520042] broken atomic modeset userspace detected, disabling atomic
[   25.431348] broken atomic modeset userspace detected, disabling atomic