[    0.000000] Booting Linux on physical CPU 0x0000000000 [0x410fd034]
[    0.000000] Linux version 5.10.0-98103-g2aa7ac113716 (jenkins@romlxbuild1.adlk.analog.com) (aarch64-xilinx-linux-gcc.real (GCC) 10.2.0, GNU ld (GNU Binutils) 2.35.0.20200730) #5577 SMP Wed Mar 23 07:28:49 GMT 2022
[    0.000000] Machine model: ZynqMP ZCU102 Rev1.0
[    0.000000] earlycon: cdns0 at MMIO 0x00000000ff000000 (options '115200n8')
[    0.000000] printk: bootconsole [cdns0] enabled
[    0.000000] efi: UEFI not found.
[    0.000000] cma: Reserved 256 MiB at 0x0000000070000000
[    0.000000] Zone ranges:
[    0.000000]   DMA      [mem 0x0000000000000000-0x000000003fffffff]
[    0.000000]   DMA32    [mem 0x0000000040000000-0x00000000ffffffff]
[    0.000000]   Normal   [mem 0x0000000100000000-0x000000087fffffff]
[    0.000000] Movable zone start for each node
[    0.000000] Early memory node ranges
[    0.000000]   node   0: [mem 0x0000000000000000-0x000000007fffffff]
[    0.000000]   node   0: [mem 0x0000000800000000-0x000000087fffffff]
[    0.000000] Initmem setup node 0 [mem 0x0000000000000000-0x000000087fffffff]
[    0.000000] On node 0 totalpages: 1048576
[    0.000000]   DMA zone: 3584 pages used for memmap
[    0.000000]   DMA zone: 0 pages reserved
[    0.000000]   DMA zone: 262144 pages, LIFO batch:63
[    0.000000]   DMA32 zone: 3584 pages used for memmap
[    0.000000]   DMA32 zone: 262144 pages, LIFO batch:63
[    0.000000]   Normal zone: 7168 pages used for memmap
[    0.000000]   Normal zone: 524288 pages, LIFO batch:63
[    0.000000] psci: probing for conduit method from DT.
[    0.000000] psci: PSCIv1.1 detected in firmware.
[    0.000000] psci: Using standard PSCI v0.2 function IDs
[    0.000000] psci: MIGRATE_INFO_TYPE not supported.
[    0.000000] psci: SMC Calling Convention v1.2
[    0.000000] percpu: Embedded 22 pages/cpu s49496 r8192 d32424 u90112
[    0.000000] pcpu-alloc: s49496 r8192 d32424 u90112 alloc=22*4096
[    0.000000] pcpu-alloc: [0] 0 [0] 1 [0] 2 [0] 3 
[    0.000000] Detected VIPT I-cache on CPU0
[    0.000000] CPU features: detected: ARM erratum 845719
[    0.000000] Built 1 zonelists, mobility grouping on.  Total pages: 1034240
[    0.000000] Kernel command line: console=ttyPS0,115200 root=/dev/mmcblk0p2 rw earlycon rootfstype=ext4 rootwait clk_ignore_unused cpuidle.off=1 root=/dev/mmcblk0p2 rw rootwait
[    0.000000] Dentry cache hash table entries: 524288 (order: 10, 4194304 bytes, linear)
[    0.000000] Inode-cache hash table entries: 262144 (order: 9, 2097152 bytes, linear)
[    0.000000] mem auto-init: stack:off, heap alloc:off, heap free:off
[    0.000000] software IO TLB: mapped [mem 0x000000003bfff000-0x000000003ffff000] (64MB)
[    0.000000] Memory: 3761904K/4194304K available (15296K kernel code, 1636K rwdata, 11876K rodata, 2560K init, 507K bss, 170256K reserved, 262144K cma-reserved)
[    0.000000] rcu: Hierarchical RCU implementation.
[    0.000000] rcu: 	RCU event tracing is enabled.
[    0.000000] rcu: 	RCU restricting CPUs from NR_CPUS=8 to nr_cpu_ids=4.
[    0.000000] rcu: RCU calculated value of scheduler-enlistment delay is 25 jiffies.
[    0.000000] rcu: Adjusting geometry for rcu_fanout_leaf=16, nr_cpu_ids=4
[    0.000000] NR_IRQS: 64, nr_irqs: 64, preallocated irqs: 0
[    0.000000] GIC: Adjusting CPU interface base to 0x00000000f902f000
[    0.000000] GIC: Using split EOI/Deactivate mode
[    0.000000] random: get_random_bytes called from start_kernel+0x31c/0x54c with crng_init=0
[    0.000000] arch_timer: cp15 timer(s) running at 100.00MHz (phys).
[    0.000000] clocksource: arch_sys_counter: mask: 0xffffffffffffff max_cycles: 0x171024e7e0, max_idle_ns: 440795205315 ns
[    0.000003] sched_clock: 56 bits at 100MHz, resolution 10ns, wraps every 4398046511100ns
[    0.008464] Console: colour dummy device 80x25
[    0.012483] Calibrating delay loop (skipped), value calculated using timer frequency.. 200.00 BogoMIPS (lpj=400000)
[    0.022840] pid_max: default: 32768 minimum: 301
[    0.027549] Mount-cache hash table entries: 8192 (order: 4, 65536 bytes, linear)
[    0.034789] Mountpoint-cache hash table entries: 8192 (order: 4, 65536 bytes, linear)
[    0.043396] rcu: Hierarchical SRCU implementation.
[    0.047560] EFI services will not be available.
[    0.051940] smp: Bringing up secondary CPUs ...
[    0.056658] Detected VIPT I-cache on CPU1
[    0.056697] CPU1: Booted secondary processor 0x0000000001 [0x410fd034]
[    0.057061] Detected VIPT I-cache on CPU2
[    0.057085] CPU2: Booted secondary processor 0x0000000002 [0x410fd034]
[    0.057425] Detected VIPT I-cache on CPU3
[    0.057448] CPU3: Booted secondary processor 0x0000000003 [0x410fd034]
[    0.057494] smp: Brought up 1 node, 4 CPUs
[    0.091779] SMP: Total of 4 processors activated.
[    0.096452] CPU features: detected: 32-bit EL0 Support
[    0.101556] CPU features: detected: CRC32 instructions
[    0.106694] CPU: All CPU(s) started at EL2
[    0.110736] alternatives: patching kernel code
[    0.116170] devtmpfs: initialized
[    0.124067] Registered cp15_barrier emulation handler
[    0.124118] Registered setend emulation handler
[    0.128102] clocksource: jiffies: mask: 0xffffffff max_cycles: 0xffffffff, max_idle_ns: 7645041785100000 ns
[    0.137679] futex hash table entries: 1024 (order: 4, 65536 bytes, linear)
[    0.151041] pinctrl core: initialized pinctrl subsystem
[    0.151689] NET: Registered protocol family 16
[    0.156107] DMA: preallocated 512 KiB GFP_KERNEL pool for atomic allocations
[    0.162125] DMA: preallocated 512 KiB GFP_KERNEL|GFP_DMA pool for atomic allocations
[    0.169850] DMA: preallocated 512 KiB GFP_KERNEL|GFP_DMA32 pool for atomic allocations
[    0.177653] audit: initializing netlink subsys (disabled)
[    0.183106] audit: type=2000 audit(0.116:1): state=initialized audit_enabled=0 res=1
[    0.183451] hw-breakpoint: found 6 breakpoint and 4 watchpoint registers.
[    0.197481] ASID allocator initialised with 65536 entries
[    0.224380] HugeTLB registered 1.00 GiB page size, pre-allocated 0 pages
[    0.225438] HugeTLB registered 32.0 MiB page size, pre-allocated 0 pages
[    0.232108] HugeTLB registered 2.00 MiB page size, pre-allocated 0 pages
[    0.238772] HugeTLB registered 64.0 KiB page size, pre-allocated 0 pages
[    1.304270] DRBG: Continuing without Jitter RNG
[    1.382170] raid6: neonx8   gen()  2143 MB/s
[    1.450213] raid6: neonx8   xor()  1600 MB/s
[    1.518268] raid6: neonx4   gen()  2200 MB/s
[    1.586319] raid6: neonx4   xor()  1566 MB/s
[    1.654387] raid6: neonx2   gen()  2075 MB/s
[    1.722437] raid6: neonx2   xor()  1435 MB/s
[    1.790497] raid6: neonx1   gen()  1771 MB/s
[    1.858544] raid6: neonx1   xor()  1220 MB/s
[    1.926603] raid6: int64x8  gen()  1438 MB/s
[    1.994660] raid6: int64x8  xor()   771 MB/s
[    2.062732] raid6: int64x4  gen()  1598 MB/s
[    2.130777] raid6: int64x4  xor()   815 MB/s
[    2.198856] raid6: int64x2  gen()  1397 MB/s
[    2.266898] raid6: int64x2  xor()   750 MB/s
[    2.334974] raid6: int64x1  gen()  1034 MB/s
[    2.403034] raid6: int64x1  xor()   517 MB/s
[    2.403071] raid6: using algorithm neonx4 gen() 2200 MB/s
[    2.407030] raid6: .... xor() 1566 MB/s, rmw enabled
[    2.411961] raid6: using neon recovery algorithm
[    2.416977] iommu: Default domain type: Translated 
[    2.421587] SCSI subsystem initialized
[    2.425130] libata version 3.00 loaded.
[    2.425254] usbcore: registered new interface driver usbfs
[    2.430585] usbcore: registered new interface driver hub
[    2.435859] usbcore: registered new device driver usb
[    2.440992] mc: Linux media interface: v0.10
[    2.445108] videodev: Linux video capture interface: v2.00
[    2.450600] EDAC MC: Ver: 3.0.0
[    2.454036] zynqmp-ipi-mbox mailbox@ff990400: Registered ZynqMP IPI mbox with TX/RX channels.
[    2.462539] jesd204: created con: id=0, topo=0, link=0, /axi/spi@ff050000/hmc7044@0 <-> /fpga-axi@0/axi-adxcvr-tx@84b60000
[    2.473129] jesd204: created con: id=1, topo=0, link=2, /axi/spi@ff050000/hmc7044@0 <-> /fpga-axi@0/axi-adxcvr-rx@84a60000
[    2.484113] jesd204: created con: id=2, topo=0, link=0, /fpga-axi@0/axi-adxcvr-tx@84b60000 <-> /fpga-axi@0/axi-jesd204-tx@84b90000
[    2.495789] jesd204: created con: id=3, topo=0, link=2, /fpga-axi@0/axi-adxcvr-rx@84a60000 <-> /fpga-axi@0/axi-jesd204-rx@84a90000
[    2.507466] jesd204: created con: id=4, topo=0, link=0, /fpga-axi@0/axi-jesd204-tx@84b90000 <-> /fpga-axi@0/axi-ad9081-tx-hpc@84b10000
[    2.519494] jesd204: created con: id=5, topo=0, link=2, /fpga-axi@0/axi-jesd204-rx@84a90000 <-> /fpga-axi@0/axi-ad9081-rx-hpc@84a10000
[    2.531516] jesd204: created con: id=6, topo=0, link=2, /fpga-axi@0/axi-ad9081-rx-hpc@84a10000 <-> /axi/spi@ff040000/ad9081@0
[    2.542758] jesd204: created con: id=7, topo=0, link=0, /fpga-axi@0/axi-ad9081-tx-hpc@84b10000 <-> /axi/spi@ff040000/ad9081@0
[    2.554008] jesd204: /axi/spi@ff040000/ad9081@0: JESD204[2] transition uninitialized -> initialized
[    2.562994] jesd204: /axi/spi@ff040000/ad9081@0: JESD204[0] transition uninitialized -> initialized
[    2.571986] jesd204: found 8 devices and 1 topologies
[    2.577030] FPGA manager framework
[    2.580506] Advanced Linux Sound Architecture Driver Initialized.
[    2.586803] Bluetooth: Core ver 2.22
[    2.589992] NET: Registered protocol family 31
[    2.594390] Bluetooth: HCI device and connection manager initialized
[    2.600707] Bluetooth: HCI socket layer initialized
[    2.605549] Bluetooth: L2CAP socket layer initialized
[    2.610573] Bluetooth: SCO socket layer initialized
[    2.615758] clocksource: Switched to clocksource arch_sys_counter
[    2.621565] VFS: Disk quotas dquot_6.6.0
[    2.625401] VFS: Dquot-cache hash table entries: 512 (order 0, 4096 bytes)
[    2.636120] NET: Registered protocol family 2
[    2.636844] tcp_listen_portaddr_hash hash table entries: 2048 (order: 3, 32768 bytes, linear)
[    2.645040] TCP established hash table entries: 32768 (order: 6, 262144 bytes, linear)
[    2.653065] TCP bind hash table entries: 32768 (order: 7, 524288 bytes, linear)
[    2.660510] TCP: Hash tables configured (established 32768 bind 32768)
[    2.666685] UDP hash table entries: 2048 (order: 4, 65536 bytes, linear)
[    2.673350] UDP-Lite hash table entries: 2048 (order: 4, 65536 bytes, linear)
[    2.680510] NET: Registered protocol family 1
[    2.684965] RPC: Registered named UNIX socket transport module.
[    2.690587] RPC: Registered udp transport module.
[    2.695252] RPC: Registered tcp transport module.
[    2.699922] RPC: Registered tcp NFSv4.1 backchannel transport module.
[    2.706915] PCI: CLS 0 bytes, default 64
[    2.710609] hw perfevents: no interrupt-affinity property for /pmu, guessing.
[    2.717484] hw perfevents: enabled with armv8_pmuv3 PMU driver, 7 counters available
[    2.725815] Initialise system trusted keyrings
[    2.729503] workingset: timestamp_bits=62 max_order=20 bucket_order=0
[    2.736397] NFS: Registering the id_resolver key type
[    2.740849] Key type id_resolver registered
[    2.744990] Key type id_legacy registered
[    2.748979] nfs4filelayout_init: NFSv4 File Layout Driver Registering...
[    2.755645] jffs2: version 2.2. (NAND) (SUMMARY)  Â© 2001-2006 Red Hat, Inc.
[    2.799141] NET: Registered protocol family 38
[    2.799183] xor: measuring software checksum speed
[    2.806877]    8regs           :  2363 MB/sec
[    2.810545]    32regs          :  2799 MB/sec
[    2.815488]    arm64_neon      :  2380 MB/sec
[    2.815678] xor: using function: 32regs (2799 MB/sec)
[    2.820704] Key type asymmetric registered
[    2.824765] Asymmetric key parser 'x509' registered
[    2.829628] Block layer SCSI generic (bsg) driver version 0.4 loaded (major 248)
[    2.836963] io scheduler mq-deadline registered
[    2.841459] io scheduler kyber registered
[    2.870865] Serial: 8250/16550 driver, 4 ports, IRQ sharing disabled
[    2.875498] cacheinfo: Unable to detect cache hierarchy for CPU 0
[    2.881840] brd: module loaded
[    2.885974] loop: module loaded
[    2.886521] Registered mathworks_ip class
[    2.889895] libphy: Fixed MDIO Bus: probed
[    2.892833] tun: Universal TUN/TAP device driver, 1.6
[    2.896917] CAN device driver interface
[    2.901450] usbcore: registered new interface driver asix
[    2.906050] usbcore: registered new interface driver ax88179_178a
[    2.912082] usbcore: registered new interface driver cdc_ether
[    2.917875] usbcore: registered new interface driver net1080
[    2.923501] usbcore: registered new interface driver cdc_subset
[    2.929381] usbcore: registered new interface driver zaurus
[    2.934924] usbcore: registered new interface driver cdc_ncm
[    2.941326] ehci_hcd: USB 2.0 'Enhanced' Host Controller (EHCI) Driver
[    2.947010] ehci-pci: EHCI PCI platform driver
[    2.951821] usbcore: registered new interface driver uas
[    2.956725] usbcore: registered new interface driver usb-storage
[    2.962714] usbcore: registered new interface driver usbserial_generic
[    2.969164] usbserial: USB Serial support registered for generic
[    2.975139] usbcore: registered new interface driver ftdi_sio
[    2.980843] usbserial: USB Serial support registered for FTDI USB Serial Device
[    2.988114] usbcore: registered new interface driver upd78f0730
[    2.993988] usbserial: USB Serial support registered for upd78f0730
[    3.001633] rtc_zynqmp ffa60000.rtc: registered as rtc0
[    3.005414] rtc_zynqmp ffa60000.rtc: setting system clock to 2022-03-25T23:54:33 UTC (1648252473)
[    3.014276] i2c /dev entries driver
[    3.019583] usbcore: registered new interface driver uvcvideo
[    3.023389] USB Video Class driver (1.1.1)
[    3.028965] Bluetooth: HCI UART driver ver 2.3
[    3.031871] Bluetooth: HCI UART protocol H4 registered
[    3.036969] Bluetooth: HCI UART protocol BCSP registered
[    3.042257] Bluetooth: HCI UART protocol LL registered
[    3.047349] Bluetooth: HCI UART protocol ATH3K registered
[    3.052723] Bluetooth: HCI UART protocol Three-wire (H5) registered
[    3.058975] Bluetooth: HCI UART protocol Intel registered
[    3.064313] Bluetooth: HCI UART protocol QCA registered
[    3.069517] usbcore: registered new interface driver bcm203x
[    3.075135] usbcore: registered new interface driver bpa10x
[    3.080676] usbcore: registered new interface driver bfusb
[    3.086124] usbcore: registered new interface driver btusb
[    3.091584] usbcore: registered new interface driver ath3k
[    3.097066] EDAC MC: ECC not enabled
[    3.100706] EDAC DEVICE0: Giving out device to module zynqmp-ocm-edac controller zynqmp_ocm: DEV ff960000.memory-controller (INTERRUPT)
[    3.113004] sdhci: Secure Digital Host Controller Interface driver
[    3.118798] sdhci: Copyright(c) Pierre Ossman
[    3.123120] sdhci-pltfm: SDHCI platform and OF driver helper
[    3.129171] ledtrig-cpu: registered to indicate activity on CPUs
[    3.134726] SMCCC: SOC_ID: ARCH_SOC_ID not implemented, skipping ....
[    3.141155] zynqmp_firmware_probe Platform Management API v1.1
[    3.146912] zynqmp_firmware_probe Trustzone version v1.0
[    3.186473] zynqmp-pinctrl firmware:zynqmp-firmware:pinctrl: zynqmp pinctrl initialized
[    3.234410] zynqmp-aes firmware:zynqmp-firmware:zynqmp-aes: will run requests pump with realtime priority
[    3.250153] alg: No test for xilinx-keccak-384 (zynqmp-keccak-384)
[    3.250864] alg: No test for xilinx-zynqmp-rsa (zynqmp-rsa)
[    3.256373] usbcore: registered new interface driver usbhid
[    3.261766] usbhid: USB HID core driver
[    3.273011] axi_sysid 85000000.axi-sysid-0: AXI System ID core version (1.01.a) found
[    3.275356] axi_sysid 85000000.axi-sysid-0: [ad9081_fmca_ebz] on [zcu102] git branch <master> git <084d44c9780640ca93fd847b1d9ec70dd65f5c67> clean [2022-03-18 04:17:50] UTC
[    3.291040] fpga_manager fpga0: Xilinx ZynqMP FPGA Manager registered
[    3.297398] usbcore: registered new interface driver snd-usb-audio
[    3.304854] pktgen: Packet Generator for packet performance testing. Version: 2.75
[    3.311030] Initializing XFRM netlink socket
[    3.314885] NET: Registered protocol family 10
[    3.319600] Segment Routing with IPv6
[    3.322987] sit: IPv6, IPv4 and MPLS over IPv4 tunneling driver
[    3.329054] NET: Registered protocol family 17
[    3.333159] NET: Registered protocol family 15
[    3.337653] can: controller area network core
[    3.341910] NET: Registered protocol family 29
[    3.346297] can: raw protocol
[    3.349233] can: broadcast manager protocol
[    3.353388] can: netlink gateway - max_hops=1
[    3.357785] Bluetooth: RFCOMM TTY layer initialized
[    3.362562] Bluetooth: RFCOMM socket layer initialized
[    3.367674] Bluetooth: RFCOMM ver 1.11
[    3.371381] Bluetooth: BNEP (Ethernet Emulation) ver 1.3
[    3.376652] Bluetooth: BNEP filters: protocol multicast
[    3.381846] Bluetooth: BNEP socket layer initialized
[    3.386773] Bluetooth: HIDP (Human Interface Emulation) ver 1.2
[    3.392656] Bluetooth: HIDP socket layer initialized
[    3.397711] 9pnet: Installing 9P2000 support
[    3.401834] NET: Registered protocol family 36
[    3.406253] Key type dns_resolver registered
[    3.410683] registered taskstats version 1
[    3.414547] Loading compiled-in X.509 certificates
[    3.419658] Btrfs loaded, crc32c=crc32c-generic
[    3.432072] ff000000.serial: ttyPS0 at MMIO 0xff000000 (irq = 49, base_baud = 6249999) is a xuartps
[    3.441099] printk: console [ttyPS0] enabled
[    3.445393] printk: bootconsole [cdns0] disabled
[    3.455021] ff010000.serial: ttyPS1 at MMIO 0xff010000 (irq = 50, base_baud = 6249999) is a xuartps
[    3.468282] of-fpga-region fpga-full: FPGA Region probed
[    3.475227] nwl-pcie fd0e0000.pcie: host bridge /axi/pcie@fd0e0000 ranges:
[    3.482124] nwl-pcie fd0e0000.pcie:      MEM 0x00e0000000..0x00efffffff -> 0x00e0000000
[    3.490131] nwl-pcie fd0e0000.pcie:      MEM 0x0600000000..0x07ffffffff -> 0x0600000000
[    3.498197] nwl-pcie fd0e0000.pcie: Link is DOWN
[    3.502952] nwl-pcie fd0e0000.pcie: PCI host bridge to bus 0000:00
[    3.509133] pci_bus 0000:00: root bus resource [bus 00-ff]
[    3.514613] pci_bus 0000:00: root bus resource [mem 0xe0000000-0xefffffff]
[    3.521483] pci_bus 0000:00: root bus resource [mem 0x600000000-0x7ffffffff pref]
[    3.528986] pci 0000:00:00.0: [10ee:d021] type 01 class 0x060400
[    3.535042] pci 0000:00:00.0: PME# supported from D0 D1 D2 D3hot
[    3.545494] pci 0000:00:00.0: PCI bridge to [bus 01-0c]
[    3.551470] xilinx-zynqmp-dma fd500000.dma: ZynqMP DMA driver Probe success
[    3.558650] xilinx-zynqmp-dma fd510000.dma: ZynqMP DMA driver Probe success
[    3.565824] xilinx-zynqmp-dma fd520000.dma: ZynqMP DMA driver Probe success
[    3.572991] xilinx-zynqmp-dma fd530000.dma: ZynqMP DMA driver Probe success
[    3.580160] xilinx-zynqmp-dma fd540000.dma: ZynqMP DMA driver Probe success
[    3.587327] xilinx-zynqmp-dma fd550000.dma: ZynqMP DMA driver Probe success
[    3.594499] xilinx-zynqmp-dma fd560000.dma: ZynqMP DMA driver Probe success
[    3.601668] xilinx-zynqmp-dma fd570000.dma: ZynqMP DMA driver Probe success
[    3.609067] xilinx-zynqmp-dpdma fd4c0000.dma-controller: Xilinx DPDMA engine is probed
[    3.617622] ahci-ceva fd0c0000.ahci: supply ahci not found, using dummy regulator
[    3.625168] ahci-ceva fd0c0000.ahci: supply phy not found, using dummy regulator
[    3.715928] hmc7044 spi2.0: PLL1: Acquisition, CLKIN0 @ 122880000 Hz, PFD: 80 kHz - PLL2: Locked @ 2880.000000 MHz
[    3.726647] jesd204: /axi/spi@ff050000/hmc7044@0,jesd204:1,parent=spi2.0: Using as SYSREF provider
[    3.736230] spi-nor spi0.0: SPI-NOR-UniqueID 100000235394732200270025081115266e
[    3.743534] spi-nor spi0.0: found n25q512a, expected m25p80
[    3.749739] spi-nor spi0.0: trying to lock already unlocked area
[    3.755751] spi-nor spi0.0: n25q512a (131072 Kbytes)
[    3.760730] 4 fixed-partitions partitions found on MTD device spi0.0
[    3.767077] Creating 4 MTD partitions on "spi0.0":
[    3.771863] 0x000000000000-0x000000100000 : "qspi-fsbl-uboot"
[    3.778350] 0x000000100000-0x000000600000 : "qspi-linux"
[    3.784312] 0x000000600000-0x000000620000 : "qspi-device-tree"
[    3.790783] 0x000000620000-0x000000c00000 : "qspi-rootfs"
[    3.799249] macb ff0e0000.ethernet: Not enabling partial store and forward
[    3.806777] libphy: MACB_mii_bus: probed
[    3.811852] macb ff0e0000.ethernet eth0: Cadence GEM rev 0x50070106 at 0xff0e0000 irq 30 (00:0a:35:04:8e:1b)
[    3.822065] xilinx-axipmon ffa00000.perf-monitor: Probed Xilinx APM
[    3.828634] xilinx-axipmon fd0b0000.perf-monitor: Probed Xilinx APM
[    3.835151] xilinx-axipmon fd490000.perf-monitor: Probed Xilinx APM
[    3.841692] xilinx-axipmon ffa10000.perf-monitor: Probed Xilinx APM
[    3.851690] pca953x 0-0020: supply vcc not found, using dummy regulator
[    3.858369] pca953x 0-0020: using no AI
[    3.862857] gpio-496 (sel0): hogged as output/low
[    3.867770] gpio-497 (sel1): hogged as output/high
[    3.872760] gpio-498 (sel2): hogged as output/high
[    3.877749] gpio-499 (sel3): hogged as output/high
[    3.882927] pca953x 0-0021: supply vcc not found, using dummy regulator
[    3.889599] pca953x 0-0021: using no AI
[    3.895370] ina2xx 2-0040: power monitor ina226 (Rshunt = 5000 uOhm)
[    3.902394] ina2xx 2-0041: power monitor ina226 (Rshunt = 5000 uOhm)
[    3.909434] ina2xx 2-0042: power monitor ina226 (Rshunt = 5000 uOhm)
[    3.916468] ina2xx 2-0043: power monitor ina226 (Rshunt = 5000 uOhm)
[    3.923488] ina2xx 2-0044: power monitor ina226 (Rshunt = 5000 uOhm)
[    3.930514] ina2xx 2-0045: power monitor ina226 (Rshunt = 5000 uOhm)
[    3.937544] ina2xx 2-0046: power monitor ina226 (Rshunt = 5000 uOhm)
[    3.944621] ina2xx 2-0047: power monitor ina226 (Rshunt = 5000 uOhm)
[    3.951660] ina2xx 2-004a: power monitor ina226 (Rshunt = 5000 uOhm)
[    3.958685] ina2xx 2-004b: power monitor ina226 (Rshunt = 5000 uOhm)
[    3.965092] i2c i2c-0: Added multiplexed i2c bus 2
[    3.970478] random: fast init done
[    3.973953] ina2xx 3-0040: power monitor ina226 (Rshunt = 2000 uOhm)
[    3.980981] ina2xx 3-0041: power monitor ina226 (Rshunt = 5000 uOhm)
[    3.988007] ina2xx 3-0042: power monitor ina226 (Rshunt = 5000 uOhm)
[    3.995039] ina2xx 3-0043: power monitor ina226 (Rshunt = 5000 uOhm)
[    4.002063] ina2xx 3-0044: power monitor ina226 (Rshunt = 5000 uOhm)
[    4.009093] ina2xx 3-0045: power monitor ina226 (Rshunt = 5000 uOhm)
[    4.016123] ina2xx 3-0046: power monitor ina226 (Rshunt = 5000 uOhm)
[    4.023154] ina2xx 3-0047: power monitor ina226 (Rshunt = 5000 uOhm)
[    4.029553] i2c i2c-0: Added multiplexed i2c bus 3
[    4.085251] i2c i2c-0: Added multiplexed i2c bus 4
[    4.090192] i2c i2c-0: Added multiplexed i2c bus 5
[    4.094980] pca954x 0-0075: registered 4 multiplexed busses for I2C mux pca9544
[    4.102329] cdns-i2c ff020000.i2c: 400 kHz mmio ff020000 irq 32
[    4.110060] at24 6-0054: supply vcc not found, using dummy regulator
[    4.116955] at24 6-0054: 1024 byte 24c08 EEPROM, writable, 1 bytes/write
[    4.123705] i2c i2c-1: Added multiplexed i2c bus 6
[    4.130131] si5341 7-0036: Chip: 5341 Grade: 1 Rev: 1
[    4.167836] i2c i2c-1: Added multiplexed i2c bus 7
[    4.175479] si570 8-005d: registered, current frequency 300000000 Hz
[    4.181881] i2c i2c-1: Added multiplexed i2c bus 8
[    4.201664] si570 9-005d: registered, current frequency 148500000 Hz
[    4.208069] i2c i2c-1: Added multiplexed i2c bus 9
[    4.213105] si5324 10-0069: si5328 probed
[    4.280116] si5324 10-0069: si5328 probe successful
[    4.285045] i2c i2c-1: Added multiplexed i2c bus 10
[    4.290072] i2c i2c-1: Added multiplexed i2c bus 11
[    4.295101] i2c i2c-1: Added multiplexed i2c bus 12
[    4.300122] i2c i2c-1: Added multiplexed i2c bus 13
[    4.305000] pca954x 1-0074: registered 8 multiplexed busses for I2C switch pca9548
[    4.313107] at24 14-0050: supply vcc not found, using dummy regulator
[    4.319895] at24 14-0050: 256 byte 24c02 EEPROM, writable, 1 bytes/write
[    4.326645] i2c i2c-1: Added multiplexed i2c bus 14
[    4.331684] i2c i2c-1: Added multiplexed i2c bus 15
[    4.336717] i2c i2c-1: Added multiplexed i2c bus 16
[    4.341754] i2c i2c-1: Added multiplexed i2c bus 17
[    4.346785] i2c i2c-1: Added multiplexed i2c bus 18
[    4.351831] i2c i2c-1: Added multiplexed i2c bus 19
[    4.356868] i2c i2c-1: Added multiplexed i2c bus 20
[    4.361901] i2c i2c-1: Added multiplexed i2c bus 21
[    4.366775] pca954x 1-0075: registered 8 multiplexed busses for I2C switch pca9548
[    4.374385] cdns-i2c ff030000.i2c: 400 kHz mmio ff030000 irq 33
[    4.384134] cdns-wdt fd4d0000.watchdog: Xilinx Watchdog Timer with timeout 60s
[    4.395083] axi_adxcvr 84a60000.axi-adxcvr-rx: AXI-ADXCVR-RX (17.05.a) using CPLL on GTH4 at 0x84A60000. Number of lanes: 4.
[    4.407248] axi_adxcvr 84b60000.axi-adxcvr-tx: AXI-ADXCVR-TX (17.05.a) using QPLL on GTH4 at 0x84B60000. Number of lanes: 4.
[    4.418882] axi-jesd204-rx 84a90000.axi-jesd204-rx: AXI-JESD204-RX (1.07.a) at 0x84A90000. Encoder 8b10b, width 4/4, lanes 4, jesd204-fsm.
[    4.426169] mmc0: SDHCI controller on ff170000.mmc [ff170000.mmc] using ADMA 64-bit
[    4.431723] axi-jesd204-tx 84b90000.axi-jesd204-tx: AXI-JESD204-TX (1.06.a) at 0x84B90000. Encoder 8b10b, width 4/4, lanes 4, jesd204-fsm.
[    4.452455] zynqmp-display fd4a0000.display: vtc bridge property not present
[    4.462113] xilinx-dp-snd-codec fd4a0000.display:zynqmp_dp_snd_codec0: Failed to get required clock freq
[    4.471614] xilinx-dp-snd-codec: probe of fd4a0000.display:zynqmp_dp_snd_codec0 failed with error -22
[    4.473540] mmc0: new high speed SDHC card at address 0001
[    4.481154] xilinx-dp-snd-pcm zynqmp_dp_snd_pcm0: Xilinx DisplayPort Sound PCM probed
[    4.486667] mmcblk0: mmc0:0001 EB1QT 29.8 GiB 
[    4.494468] xilinx-dp-snd-pcm zynqmp_dp_snd_pcm1: Xilinx DisplayPort Sound PCM probed
[    4.499826]  mmcblk0: p1 p2 p3
[    4.506772] OF: graph: no port node found in /axi/display@fd4a0000
[    4.515848] xlnx-drm xlnx-drm.0: bound fd4a0000.display (ops 0xffffffc010fcbdb8)
[    5.599772] zynqmp-display fd4a0000.display: [drm] Cannot find any crtc or sizes
[    5.607389] [drm] Initialized xlnx 1.0.0 20130509 for fd4a0000.display on minor 0
[    5.614884] zynqmp-display fd4a0000.display: ZynqMP DisplayPort Subsystem driver probed
[    5.623207] ahci-ceva fd0c0000.ahci: supply ahci not found, using dummy regulator
[    5.630753] ahci-ceva fd0c0000.ahci: supply phy not found, using dummy regulator
[    5.638205] ahci-ceva fd0c0000.ahci: supply target not found, using dummy regulator
[    5.646042] ahci-ceva fd0c0000.ahci: AHCI 0001.0301 32 slots 2 ports 6 Gbps 0x3 impl platform mode
[    5.654999] ahci-ceva fd0c0000.ahci: flags: 64bit ncq sntf pm clo only pmp fbs pio slum part ccc sds apst 
[    5.665702] scsi host0: ahci-ceva
[    5.669292] scsi host1: ahci-ceva
[    5.672717] ata1: SATA max UDMA/133 mmio [mem 0xfd0c0000-0xfd0c1fff] port 0x100 irq 45
[    5.680630] ata2: SATA max UDMA/133 mmio [mem 0xfd0c0000-0xfd0c1fff] port 0x180 irq 45
[    5.689225] ad9081 spi1.0: supply vdd not found, using dummy regulator
[    6.002008] ata1: SATA link down (SStatus 0 SControl 330)
[    6.007426] ata2: SATA link down (SStatus 0 SControl 330)
[    6.683775] zynqmp-display fd4a0000.display: [drm] Cannot find any crtc or sizes
[    6.881227] ad9081 spi1.0: Invalid param passed., "ref_clk_hz < 100000000ULL" in adi_ad9081_device_clk_config_set(...), line554 in drivers/iio/adc/ad9081/adi_ad9081_device.c
[    7.585213] ad9081 spi1.0: AD9081 Rev. 2 Grade 10 (API 1.2.2) probed
[    7.592425] xhci-hcd xhci-hcd.1.auto: xHCI Host Controller
[    7.597914] xhci-hcd xhci-hcd.1.auto: new USB bus registered, assigned bus number 1
[    7.605661] xhci-hcd xhci-hcd.1.auto: hcc params 0x0238f625 hci version 0x100 quirks 0x0000000002010810
[    7.615073] xhci-hcd xhci-hcd.1.auto: irq 59, io mem 0xfe200000
[    7.621181] usb usb1: New USB device found, idVendor=1d6b, idProduct=0002, bcdDevice= 5.10
[    7.629439] usb usb1: New USB device strings: Mfr=3, Product=2, SerialNumber=1
[    7.636657] usb usb1: Product: xHCI Host Controller
[    7.641530] usb usb1: Manufacturer: Linux 5.10.0-98103-g2aa7ac113716 xhci-hcd
[    7.648663] usb usb1: SerialNumber: xhci-hcd.1.auto
[    7.653828] hub 1-0:1.0: USB hub found
[    7.657588] hub 1-0:1.0: 1 port detected
[    7.661691] xhci-hcd xhci-hcd.1.auto: xHCI Host Controller
[    7.667174] xhci-hcd xhci-hcd.1.auto: new USB bus registered, assigned bus number 2
[    7.674830] xhci-hcd xhci-hcd.1.auto: Host supports USB 3.0 SuperSpeed
[    7.681450] usb usb2: New USB device found, idVendor=1d6b, idProduct=0003, bcdDevice= 5.10
[    7.689712] usb usb2: New USB device strings: Mfr=3, Product=2, SerialNumber=1
[    7.696932] usb usb2: Product: xHCI Host Controller
[    7.701800] usb usb2: Manufacturer: Linux 5.10.0-98103-g2aa7ac113716 xhci-hcd
[    7.708930] usb usb2: SerialNumber: xhci-hcd.1.auto
[    7.714042] hub 2-0:1.0: USB hub found
[    7.717805] hub 2-0:1.0: 1 port detected
[    7.747878] cf_axi_adc 84a10000.axi-ad9081-rx-hpc: ADI AIM (10.01.b) at 0x84A10000 mapped to 0x(____ptrval____), probed ADC AD9081 as MASTER
[    7.780596] cf_axi_dds 84b10000.axi-ad9081-tx-hpc: Analog Devices CF_AXI_DDS_DDS MASTER (9.01.b) at 0x84B10000 mapped to 0x(____ptrval____), probed DDS AD9081
[    7.794795] jesd204: /axi/spi@ff040000/ad9081@0,jesd204:0,parent=spi1.0: JESD204[2] transition initialized -> probed
[    7.805317] jesd204: /axi/spi@ff040000/ad9081@0,jesd204:0,parent=spi1.0: JESD204[0] transition initialized -> probed
[    7.815840] jesd204: /axi/spi@ff040000/ad9081@0,jesd204:0,parent=spi1.0: JESD204[2] transition probed -> idle
[    7.825748] jesd204: /axi/spi@ff040000/ad9081@0,jesd204:0,parent=spi1.0: JESD204[0] transition probed -> idle
[    7.835663] jesd204: /axi/spi@ff040000/ad9081@0,jesd204:0,parent=spi1.0: JESD204[2] transition idle -> device_init
[    7.846005] jesd204: /axi/spi@ff040000/ad9081@0,jesd204:0,parent=spi1.0: JESD204[0] transition idle -> device_init
[    7.856357] jesd204: /axi/spi@ff040000/ad9081@0,jesd204:0,parent=spi1.0: JESD204[2] transition device_init -> link_init
[    7.867135] jesd204: /axi/spi@ff040000/ad9081@0,jesd204:0,parent=spi1.0: JESD204[0] transition device_init -> link_init
[    7.877926] jesd204: /axi/spi@ff040000/ad9081@0,jesd204:0,parent=spi1.0: JESD204[2] transition link_init -> link_supported
[    7.888964] jesd204: /axi/spi@ff040000/ad9081@0,jesd204:0,parent=spi1.0: JESD204[0] transition link_init -> link_supported
[    7.900276] hmc7044 spi2.0: hmc7044_jesd204_link_pre_setup: Link2 forcing continuous SYSREF mode
[    7.909538] jesd204: /axi/spi@ff040000/ad9081@0,jesd204:0,parent=spi1.0: JESD204[2] transition link_supported -> link_pre_setup
[    7.921013] jesd204: /axi/spi@ff040000/ad9081@0,jesd204:0,parent=spi1.0: JESD204[0] transition link_supported -> link_pre_setup
[    7.944847] jesd204: /axi/spi@ff040000/ad9081@0,jesd204:0,parent=spi1.0: JESD204[2] transition link_pre_setup -> clk_sync_stage1
[    7.956409] jesd204: /axi/spi@ff040000/ad9081@0,jesd204:0,parent=spi1.0: JESD204[0] transition link_pre_setup -> clk_sync_stage1
[    7.967973] jesd204: /axi/spi@ff040000/ad9081@0,jesd204:0,parent=spi1.0: JESD204[2] transition clk_sync_stage1 -> clk_sync_stage2
[    7.979617] jesd204: /axi/spi@ff040000/ad9081@0,jesd204:0,parent=spi1.0: JESD204[0] transition clk_sync_stage1 -> clk_sync_stage2
[    7.991268] jesd204: /axi/spi@ff040000/ad9081@0,jesd204:0,parent=spi1.0: JESD204[2] transition clk_sync_stage2 -> clk_sync_stage3
[    8.002914] jesd204: /axi/spi@ff040000/ad9081@0,jesd204:0,parent=spi1.0: JESD204[0] transition clk_sync_stage2 -> clk_sync_stage3
[    8.016585] jesd204: /axi/spi@ff040000/ad9081@0,jesd204:0,parent=spi1.0: JESD204[2] transition clk_sync_stage3 -> link_setup
[    8.027805] jesd204: /axi/spi@ff040000/ad9081@0,jesd204:0,parent=spi1.0: JESD204[0] transition clk_sync_stage3 -> link_setup
[    8.043838] jesd204: /axi/spi@ff040000/ad9081@0,jesd204:0,parent=spi1.0: JESD204[2] transition link_setup -> opt_setup_stage1
[    8.055144] jesd204: /axi/spi@ff040000/ad9081@0,jesd204:0,parent=spi1.0: JESD204[0] transition link_setup -> opt_setup_stage1
[    8.071488] jesd204: /axi/spi@ff040000/ad9081@0,jesd204:0,parent=spi1.0: JESD204[2] transition opt_setup_stage1 -> opt_setup_stage2
[    8.083311] jesd204: /axi/spi@ff040000/ad9081@0,jesd204:0,parent=spi1.0: JESD204[0] transition opt_setup_stage1 -> opt_setup_stage2
[    8.095282] jesd204: /axi/spi@ff040000/ad9081@0,jesd204:0,parent=spi1.0: JESD204[2] transition opt_setup_stage2 -> opt_setup_stage3
[    8.107104] jesd204: /axi/spi@ff040000/ad9081@0,jesd204:0,parent=spi1.0: JESD204[0] transition opt_setup_stage2 -> opt_setup_stage3
[    8.118926] jesd204: /axi/spi@ff040000/ad9081@0,jesd204:0,parent=spi1.0: JESD204[2] transition opt_setup_stage3 -> opt_setup_stage4
[    8.130744] jesd204: /axi/spi@ff040000/ad9081@0,jesd204:0,parent=spi1.0: JESD204[0] transition opt_setup_stage3 -> opt_setup_stage4
[    8.142575] jesd204: /axi/spi@ff040000/ad9081@0,jesd204:0,parent=spi1.0: JESD204[2] transition opt_setup_stage4 -> opt_setup_stage5
[    8.154398] jesd204: /axi/spi@ff040000/ad9081@0,jesd204:0,parent=spi1.0: JESD204[0] transition opt_setup_stage4 -> opt_setup_stage5
[    8.170392] jesd204: /axi/spi@ff040000/ad9081@0,jesd204:0,parent=spi1.0: JESD204[2] transition opt_setup_stage5 -> clocks_enable
[    8.181950] jesd204: /axi/spi@ff040000/ad9081@0,jesd204:0,parent=spi1.0: JESD204[0] transition opt_setup_stage5 -> clocks_enable
[    8.228891] axi_adxcvr 84a60000.axi-adxcvr-rx: adxcvr_clk_enable: CPLL RX buffer underflow error, status: 0x61
[    8.238879] axi_adxcvr 84a60000.axi-adxcvr-rx: adxcvr_clk_enable: CPLL RX buffer overflow error, status: 0x61
[    8.248850] jesd204: /axi/spi@ff040000/ad9081@0,jesd204:0,parent=spi1.0: JESD204[2] transition clocks_enable -> link_enable
[    8.259974] jesd204: /axi/spi@ff040000/ad9081@0,jesd204:0,parent=spi1.0: JESD204[0] transition clocks_enable -> link_enable
[    8.291997] ad9081 spi1.0: JESD RX (JTX) Link2 in DATA, SYNC deasserted, PLL locked, PHASE established, MODE valid
[    8.302597] ad9081 spi1.0: JESD TX (JRX) Link0 0xF lanes in DATA
[    8.308601] jesd204: /axi/spi@ff040000/ad9081@0,jesd204:0,parent=spi1.0: JESD204[2] transition link_enable -> link_running
[    8.319639] jesd204: /axi/spi@ff040000/ad9081@0,jesd204:0,parent=spi1.0: JESD204[0] transition link_enable -> link_running
[    8.330684] jesd204: /axi/spi@ff040000/ad9081@0,jesd204:0,parent=spi1.0: JESD204[2] transition link_running -> opt_post_running_stage
[    8.342676] jesd204: /axi/spi@ff040000/ad9081@0,jesd204:0,parent=spi1.0: JESD204[0] transition link_running -> opt_post_running_stage
[    8.363900] input: gpio-keys as /devices/platform/gpio-keys/input/input0
[    8.370919] of_cfs_init
[    8.373384] of_cfs_init: OK
[    8.376325] cfg80211: Loading compiled-in X.509 certificates for regulatory database
[    8.514648] cfg80211: Loaded X.509 cert 'sforshee: 00b28ddf47aef9cea7'
[    8.521179] clk: Not disabling unused clocks
[    8.525710] ALSA device list:
[    8.528673]   No soundcards found.
[    8.532343] platform regulatory.0: Direct firmware load for regulatory.db failed with error -2
[    8.540952] cfg80211: failed to load regulatory.db
[    8.555577] EXT4-fs (mmcblk0p2): mounted filesystem with ordered data mode. Opts: (null)
[    8.563686] VFS: Mounted root (ext4 filesystem) on device 179:2.
[    8.577167] devtmpfs: mounted
[    8.580985] Freeing unused kernel memory: 2560K
[    8.603811] Run /sbin/init as init process
[    8.607902]   with arguments:
[    8.607904]     /sbin/init
[    8.607906]   with environment:
[    8.607909]     HOME=/
[    8.607911]     TERM=linux
[    9.176125] systemd[1]: systemd 241 running in system mode. (+PAM +AUDIT +SELINUX +IMA +APPARMOR +SMACK +SYSVINIT +UTMP +LIBCRYPTSETUP +GCRYPT +GNUTLS +ACL +XZ +LZ4 +SECCOMP +BLKID +ELFUTILS +KMOD -IDN2 +IDN -PCRE2 default-hierarchy=hybrid)
[    9.197991] systemd[1]: Detected architecture arm64.
[    9.220475] systemd[1]: Set hostname to <analog>.
[    9.418462] systemd[1]: File /lib/systemd/system/systemd-journald.service:12 configures an IP firewall (IPAddressDeny=any), but the local system does not support BPF/cgroup based firewalling.
[    9.435522] systemd[1]: Proceeding WITHOUT firewalling in effect! (This warning is only shown for the first loaded unit using IP firewalling.)
[    9.598884] systemd[1]: /etc/systemd/system/tof-server.service:1: Assignment outside of section. Ignoring.
[    9.608583] systemd[1]: /etc/systemd/system/tof-server.service:2: Assignment outside of section. Ignoring.
[    9.792030] random: systemd: uninitialized urandom read (16 bytes read)
[    9.807167] random: systemd: uninitialized urandom read (16 bytes read)
[    9.814054] systemd[1]: Listening on Journal Audit Socket.
[    9.835870] systemd[1]: Condition check resulted in Arbitrary Executable File Formats File System Automount Point being skipped.
[    9.847538] random: systemd: uninitialized urandom read (16 bytes read)
[    9.854439] systemd[1]: Listening on udev Control Socket.
[   10.670659] EXT4-fs (mmcblk0p2): re-mounted. Opts: (null)
[   10.804510] systemd-journald[147]: Received request to flush runtime journal from PID 1
[   15.934733] random: crng init done
[   15.934742] random: 7 urandom warning(s) missed due to ratelimiting
[   16.628922] macb ff0e0000.ethernet eth0: PHY [ff0e0000.ethernet-ffffffff:0c] driver [TI DP83867] (irq=POLL)
[   16.628935] macb ff0e0000.ethernet eth0: configuring for phy/rgmii-id link mode
[   16.939821] Adding 90108k swap on /var/swap.  Priority:-2 extents:1 across:90108k SS
[   19.491768] broken atomic modeset userspace detected, disabling atomic
[   20.705371] macb ff0e0000.ethernet eth0: Link is Up - 1Gbps/Full - flow control off
[   20.705397] IPv6: ADDRCONF(NETDEV_CHANGE): eth0: link becomes ready
[   22.159565] broken atomic modeset userspace detected, disabling atomic
[   25.020061] broken atomic modeset userspace detected, disabling atomic