[    0.000000] Booting Linux on physical CPU 0x0000000000 [0x410fd034]
[    0.000000] Linux version 5.10.0-98103-g2aa7ac113716 (jenkins@romlxbuild1.adlk.analog.com) (aarch64-xilinx-linux-gcc.real (GCC) 10.2.0, GNU ld (GNU Binutils) 2.35.0.20200730) #5577 SMP Wed Mar 23 07:28:49 GMT 2022
[    0.000000] Machine model: ZynqMP ZCU102 Rev1.0
[    0.000000] earlycon: cdns0 at MMIO 0x00000000ff000000 (options '115200n8')
[    0.000000] printk: bootconsole [cdns0] enabled
[    0.000000] efi: UEFI not found.
[    0.000000] cma: Reserved 256 MiB at 0x0000000070000000
[    0.000000] Zone ranges:
[    0.000000]   DMA      [mem 0x0000000000000000-0x000000003fffffff]
[    0.000000]   DMA32    [mem 0x0000000040000000-0x00000000ffffffff]
[    0.000000]   Normal   [mem 0x0000000100000000-0x000000087fffffff]
[    0.000000] Movable zone start for each node
[    0.000000] Early memory node ranges
[    0.000000]   node   0: [mem 0x0000000000000000-0x000000007fffffff]
[    0.000000]   node   0: [mem 0x0000000800000000-0x000000087fffffff]
[    0.000000] Initmem setup node 0 [mem 0x0000000000000000-0x000000087fffffff]
[    0.000000] On node 0 totalpages: 1048576
[    0.000000]   DMA zone: 3584 pages used for memmap
[    0.000000]   DMA zone: 0 pages reserved
[    0.000000]   DMA zone: 262144 pages, LIFO batch:63
[    0.000000]   DMA32 zone: 3584 pages used for memmap
[    0.000000]   DMA32 zone: 262144 pages, LIFO batch:63
[    0.000000]   Normal zone: 7168 pages used for memmap
[    0.000000]   Normal zone: 524288 pages, LIFO batch:63
[    0.000000] psci: probing for conduit method from DT.
[    0.000000] psci: PSCIv1.1 detected in firmware.
[    0.000000] psci: Using standard PSCI v0.2 function IDs
[    0.000000] psci: MIGRATE_INFO_TYPE not supported.
[    0.000000] psci: SMC Calling Convention v1.2
[    0.000000] percpu: Embedded 22 pages/cpu s49496 r8192 d32424 u90112
[    0.000000] pcpu-alloc: s49496 r8192 d32424 u90112 alloc=22*4096
[    0.000000] pcpu-alloc: [0] 0 [0] 1 [0] 2 [0] 3 
[    0.000000] Detected VIPT I-cache on CPU0
[    0.000000] CPU features: detected: ARM erratum 845719
[    0.000000] Built 1 zonelists, mobility grouping on.  Total pages: 1034240
[    0.000000] Kernel command line: console=ttyPS0,115200 root=/dev/mmcblk0p2 rw earlycon rootfstype=ext4 rootwait clk_ignore_unused cpuidle.off=1 root=/dev/mmcblk0p2 rw rootwait
[    0.000000] Dentry cache hash table entries: 524288 (order: 10, 4194304 bytes, linear)
[    0.000000] Inode-cache hash table entries: 262144 (order: 9, 2097152 bytes, linear)
[    0.000000] mem auto-init: stack:off, heap alloc:off, heap free:off
[    0.000000] software IO TLB: mapped [mem 0x000000003bfff000-0x000000003ffff000] (64MB)
[    0.000000] Memory: 3761904K/4194304K available (15296K kernel code, 1636K rwdata, 11876K rodata, 2560K init, 507K bss, 170256K reserved, 262144K cma-reserved)
[    0.000000] rcu: Hierarchical RCU implementation.
[    0.000000] rcu: 	RCU event tracing is enabled.
[    0.000000] rcu: 	RCU restricting CPUs from NR_CPUS=8 to nr_cpu_ids=4.
[    0.000000] rcu: RCU calculated value of scheduler-enlistment delay is 25 jiffies.
[    0.000000] rcu: Adjusting geometry for rcu_fanout_leaf=16, nr_cpu_ids=4
[    0.000000] NR_IRQS: 64, nr_irqs: 64, preallocated irqs: 0
[    0.000000] GIC: Adjusting CPU interface base to 0x00000000f902f000
[    0.000000] GIC: Using split EOI/Deactivate mode
[    0.000000] random: get_random_bytes called from start_kernel+0x31c/0x54c with crng_init=0
[    0.000000] arch_timer: cp15 timer(s) running at 100.00MHz (phys).
[    0.000000] clocksource: arch_sys_counter: mask: 0xffffffffffffff max_cycles: 0x171024e7e0, max_idle_ns: 440795205315 ns
[    0.000003] sched_clock: 56 bits at 100MHz, resolution 10ns, wraps every 4398046511100ns
[    0.008463] Console: colour dummy device 80x25
[    0.012482] Calibrating delay loop (skipped), value calculated using timer frequency.. 200.00 BogoMIPS (lpj=400000)
[    0.022841] pid_max: default: 32768 minimum: 301
[    0.027550] Mount-cache hash table entries: 8192 (order: 4, 65536 bytes, linear)
[    0.034789] Mountpoint-cache hash table entries: 8192 (order: 4, 65536 bytes, linear)
[    0.043399] rcu: Hierarchical SRCU implementation.
[    0.047561] EFI services will not be available.
[    0.051938] smp: Bringing up secondary CPUs ...
[    0.056657] Detected VIPT I-cache on CPU1
[    0.056695] CPU1: Booted secondary processor 0x0000000001 [0x410fd034]
[    0.057061] Detected VIPT I-cache on CPU2
[    0.057085] CPU2: Booted secondary processor 0x0000000002 [0x410fd034]
[    0.057425] Detected VIPT I-cache on CPU3
[    0.057448] CPU3: Booted secondary processor 0x0000000003 [0x410fd034]
[    0.057493] smp: Brought up 1 node, 4 CPUs
[    0.091780] SMP: Total of 4 processors activated.
[    0.096452] CPU features: detected: 32-bit EL0 Support
[    0.101556] CPU features: detected: CRC32 instructions
[    0.106696] CPU: All CPU(s) started at EL2
[    0.110736] alternatives: patching kernel code
[    0.116168] devtmpfs: initialized
[    0.124071] Registered cp15_barrier emulation handler
[    0.124122] Registered setend emulation handler
[    0.128101] clocksource: jiffies: mask: 0xffffffff max_cycles: 0xffffffff, max_idle_ns: 7645041785100000 ns
[    0.137679] futex hash table entries: 1024 (order: 4, 65536 bytes, linear)
[    0.151034] pinctrl core: initialized pinctrl subsystem
[    0.151683] NET: Registered protocol family 16
[    0.156099] DMA: preallocated 512 KiB GFP_KERNEL pool for atomic allocations
[    0.162116] DMA: preallocated 512 KiB GFP_KERNEL|GFP_DMA pool for atomic allocations
[    0.169842] DMA: preallocated 512 KiB GFP_KERNEL|GFP_DMA32 pool for atomic allocations
[    0.177646] audit: initializing netlink subsys (disabled)
[    0.183098] audit: type=2000 audit(0.116:1): state=initialized audit_enabled=0 res=1
[    0.183442] hw-breakpoint: found 6 breakpoint and 4 watchpoint registers.
[    0.197472] ASID allocator initialised with 65536 entries
[    0.224362] HugeTLB registered 1.00 GiB page size, pre-allocated 0 pages
[    0.225421] HugeTLB registered 32.0 MiB page size, pre-allocated 0 pages
[    0.232091] HugeTLB registered 2.00 MiB page size, pre-allocated 0 pages
[    0.238755] HugeTLB registered 64.0 KiB page size, pre-allocated 0 pages
[    1.304315] DRBG: Continuing without Jitter RNG
[    1.382148] raid6: neonx8   gen()  2141 MB/s
[    1.450197] raid6: neonx8   xor()  1596 MB/s
[    1.518256] raid6: neonx4   gen()  2202 MB/s
[    1.586303] raid6: neonx4   xor()  1568 MB/s
[    1.654376] raid6: neonx2   gen()  2075 MB/s
[    1.722418] raid6: neonx2   xor()  1434 MB/s
[    1.790479] raid6: neonx1   gen()  1772 MB/s
[    1.858537] raid6: neonx1   xor()  1220 MB/s
[    1.926588] raid6: int64x8  gen()  1438 MB/s
[    1.994643] raid6: int64x8  xor()   771 MB/s
[    2.062714] raid6: int64x4  gen()  1599 MB/s
[    2.130771] raid6: int64x4  xor()   819 MB/s
[    2.198831] raid6: int64x2  gen()  1397 MB/s
[    2.266887] raid6: int64x2  xor()   748 MB/s
[    2.334963] raid6: int64x1  gen()  1034 MB/s
[    2.403017] raid6: int64x1  xor()   517 MB/s
[    2.403055] raid6: using algorithm neonx4 gen() 2202 MB/s
[    2.407013] raid6: .... xor() 1568 MB/s, rmw enabled
[    2.411944] raid6: using neon recovery algorithm
[    2.416955] iommu: Default domain type: Translated 
[    2.421568] SCSI subsystem initialized
[    2.425113] libata version 3.00 loaded.
[    2.425237] usbcore: registered new interface driver usbfs
[    2.430570] usbcore: registered new interface driver hub
[    2.435843] usbcore: registered new device driver usb
[    2.440975] mc: Linux media interface: v0.10
[    2.445092] videodev: Linux video capture interface: v2.00
[    2.450583] EDAC MC: Ver: 3.0.0
[    2.454024] zynqmp-ipi-mbox mailbox@ff990400: Registered ZynqMP IPI mbox with TX/RX channels.
[    2.462528] jesd204: created con: id=0, topo=0, link=0, /axi/spi@ff050000/hmc7044@0 <-> /fpga-axi@0/axi-adxcvr-tx@84b60000
[    2.473112] jesd204: created con: id=1, topo=0, link=2, /axi/spi@ff050000/hmc7044@0 <-> /fpga-axi@0/axi-adxcvr-rx@84a60000
[    2.484096] jesd204: created con: id=2, topo=0, link=0, /fpga-axi@0/axi-adxcvr-tx@84b60000 <-> /fpga-axi@0/axi-jesd204-tx@84b90000
[    2.495772] jesd204: created con: id=3, topo=0, link=2, /fpga-axi@0/axi-adxcvr-rx@84a60000 <-> /fpga-axi@0/axi-jesd204-rx@84a90000
[    2.507449] jesd204: created con: id=4, topo=0, link=0, /fpga-axi@0/axi-jesd204-tx@84b90000 <-> /fpga-axi@0/axi-ad9081-tx-hpc@84b10000
[    2.519477] jesd204: created con: id=5, topo=0, link=2, /fpga-axi@0/axi-jesd204-rx@84a90000 <-> /fpga-axi@0/axi-ad9081-rx-hpc@84a10000
[    2.531499] jesd204: created con: id=6, topo=0, link=2, /fpga-axi@0/axi-ad9081-rx-hpc@84a10000 <-> /axi/spi@ff040000/ad9081@0
[    2.542741] jesd204: created con: id=7, topo=0, link=0, /fpga-axi@0/axi-ad9081-tx-hpc@84b10000 <-> /axi/spi@ff040000/ad9081@0
[    2.553990] jesd204: /axi/spi@ff040000/ad9081@0: JESD204[2] transition uninitialized -> initialized
[    2.562977] jesd204: /axi/spi@ff040000/ad9081@0: JESD204[0] transition uninitialized -> initialized
[    2.571969] jesd204: found 8 devices and 1 topologies
[    2.577012] FPGA manager framework
[    2.580491] Advanced Linux Sound Architecture Driver Initialized.
[    2.586786] Bluetooth: Core ver 2.22
[    2.589971] NET: Registered protocol family 31
[    2.594373] Bluetooth: HCI device and connection manager initialized
[    2.600690] Bluetooth: HCI socket layer initialized
[    2.605532] Bluetooth: L2CAP socket layer initialized
[    2.610555] Bluetooth: SCO socket layer initialized
[    2.615740] clocksource: Switched to clocksource arch_sys_counter
[    2.621549] VFS: Disk quotas dquot_6.6.0
[    2.625383] VFS: Dquot-cache hash table entries: 512 (order 0, 4096 bytes)
[    2.636100] NET: Registered protocol family 2
[    2.636828] tcp_listen_portaddr_hash hash table entries: 2048 (order: 3, 32768 bytes, linear)
[    2.645023] TCP established hash table entries: 32768 (order: 6, 262144 bytes, linear)
[    2.653048] TCP bind hash table entries: 32768 (order: 7, 524288 bytes, linear)
[    2.660493] TCP: Hash tables configured (established 32768 bind 32768)
[    2.666668] UDP hash table entries: 2048 (order: 4, 65536 bytes, linear)
[    2.673334] UDP-Lite hash table entries: 2048 (order: 4, 65536 bytes, linear)
[    2.680494] NET: Registered protocol family 1
[    2.684948] RPC: Registered named UNIX socket transport module.
[    2.690571] RPC: Registered udp transport module.
[    2.695235] RPC: Registered tcp transport module.
[    2.699905] RPC: Registered tcp NFSv4.1 backchannel transport module.
[    2.706897] PCI: CLS 0 bytes, default 64
[    2.710603] hw perfevents: no interrupt-affinity property for /pmu, guessing.
[    2.717456] hw perfevents: enabled with armv8_pmuv3 PMU driver, 7 counters available
[    2.725808] Initialise system trusted keyrings
[    2.729482] workingset: timestamp_bits=62 max_order=20 bucket_order=0
[    2.736387] NFS: Registering the id_resolver key type
[    2.740833] Key type id_resolver registered
[    2.744973] Key type id_legacy registered
[    2.748962] nfs4filelayout_init: NFSv4 File Layout Driver Registering...
[    2.755628] jffs2: version 2.2. (NAND) (SUMMARY)  Â© 2001-2006 Red Hat, Inc.
[    2.798756] NET: Registered protocol family 38
[    2.798799] xor: measuring software checksum speed
[    2.806487]    8regs           :  2363 MB/sec
[    2.810156]    32regs          :  2799 MB/sec
[    2.815099]    arm64_neon      :  2380 MB/sec
[    2.815289] xor: using function: 32regs (2799 MB/sec)
[    2.820315] Key type asymmetric registered
[    2.824376] Asymmetric key parser 'x509' registered
[    2.829237] Block layer SCSI generic (bsg) driver version 0.4 loaded (major 248)
[    2.836574] io scheduler mq-deadline registered
[    2.841070] io scheduler kyber registered
[    2.870470] Serial: 8250/16550 driver, 4 ports, IRQ sharing disabled
[    2.875107] cacheinfo: Unable to detect cache hierarchy for CPU 0
[    2.881440] brd: module loaded
[    2.885578] loop: module loaded
[    2.886126] Registered mathworks_ip class
[    2.889476] libphy: Fixed MDIO Bus: probed
[    2.892460] tun: Universal TUN/TAP device driver, 1.6
[    2.896518] CAN device driver interface
[    2.901052] usbcore: registered new interface driver asix
[    2.905648] usbcore: registered new interface driver ax88179_178a
[    2.911683] usbcore: registered new interface driver cdc_ether
[    2.917477] usbcore: registered new interface driver net1080
[    2.923103] usbcore: registered new interface driver cdc_subset
[    2.928983] usbcore: registered new interface driver zaurus
[    2.934526] usbcore: registered new interface driver cdc_ncm
[    2.940927] ehci_hcd: USB 2.0 'Enhanced' Host Controller (EHCI) Driver
[    2.946612] ehci-pci: EHCI PCI platform driver
[    2.951407] usbcore: registered new interface driver uas
[    2.956328] usbcore: registered new interface driver usb-storage
[    2.962316] usbcore: registered new interface driver usbserial_generic
[    2.968766] usbserial: USB Serial support registered for generic
[    2.974740] usbcore: registered new interface driver ftdi_sio
[    2.980443] usbserial: USB Serial support registered for FTDI USB Serial Device
[    2.987719] usbcore: registered new interface driver upd78f0730
[    2.993590] usbserial: USB Serial support registered for upd78f0730
[    3.001243] rtc_zynqmp ffa60000.rtc: registered as rtc0
[    3.005016] rtc_zynqmp ffa60000.rtc: setting system clock to 2022-03-26T02:42:55 UTC (1648262575)
[    3.013878] i2c /dev entries driver
[    3.019182] usbcore: registered new interface driver uvcvideo
[    3.022991] USB Video Class driver (1.1.1)
[    3.028577] Bluetooth: HCI UART driver ver 2.3
[    3.031462] Bluetooth: HCI UART protocol H4 registered
[    3.036572] Bluetooth: HCI UART protocol BCSP registered
[    3.041861] Bluetooth: HCI UART protocol LL registered
[    3.046949] Bluetooth: HCI UART protocol ATH3K registered
[    3.052324] Bluetooth: HCI UART protocol Three-wire (H5) registered
[    3.058579] Bluetooth: HCI UART protocol Intel registered
[    3.063917] Bluetooth: HCI UART protocol QCA registered
[    3.069118] usbcore: registered new interface driver bcm203x
[    3.074739] usbcore: registered new interface driver bpa10x
[    3.080275] usbcore: registered new interface driver bfusb
[    3.085725] usbcore: registered new interface driver btusb
[    3.091187] usbcore: registered new interface driver ath3k
[    3.096671] EDAC MC: ECC not enabled
[    3.100296] EDAC DEVICE0: Giving out device to module zynqmp-ocm-edac controller zynqmp_ocm: DEV ff960000.memory-controller (INTERRUPT)
[    3.112613] sdhci: Secure Digital Host Controller Interface driver
[    3.118399] sdhci: Copyright(c) Pierre Ossman
[    3.122724] sdhci-pltfm: SDHCI platform and OF driver helper
[    3.128776] ledtrig-cpu: registered to indicate activity on CPUs
[    3.134328] SMCCC: SOC_ID: ARCH_SOC_ID not implemented, skipping ....
[    3.140754] zynqmp_firmware_probe Platform Management API v1.1
[    3.146514] zynqmp_firmware_probe Trustzone version v1.0
[    3.186080] zynqmp-pinctrl firmware:zynqmp-firmware:pinctrl: zynqmp pinctrl initialized
[    3.234090] zynqmp-aes firmware:zynqmp-firmware:zynqmp-aes: will run requests pump with realtime priority
[    3.249932] alg: No test for xilinx-keccak-384 (zynqmp-keccak-384)
[    3.250639] alg: No test for xilinx-zynqmp-rsa (zynqmp-rsa)
[    3.256150] usbcore: registered new interface driver usbhid
[    3.261542] usbhid: USB HID core driver
[    3.272792] axi_sysid 85000000.axi-sysid-0: AXI System ID core version (1.01.a) found
[    3.275139] axi_sysid 85000000.axi-sysid-0: [ad9081_fmca_ebz] on [zcu102] git branch <master> git <084d44c9780640ca93fd847b1d9ec70dd65f5c67> clean [2022-03-18 04:17:50] UTC
[    3.290828] fpga_manager fpga0: Xilinx ZynqMP FPGA Manager registered
[    3.297183] usbcore: registered new interface driver snd-usb-audio
[    3.304637] pktgen: Packet Generator for packet performance testing. Version: 2.75
[    3.310817] Initializing XFRM netlink socket
[    3.314671] NET: Registered protocol family 10
[    3.319390] Segment Routing with IPv6
[    3.322768] sit: IPv6, IPv4 and MPLS over IPv4 tunneling driver
[    3.328838] NET: Registered protocol family 17
[    3.332944] NET: Registered protocol family 15
[    3.337438] can: controller area network core
[    3.341693] NET: Registered protocol family 29
[    3.346082] can: raw protocol
[    3.349017] can: broadcast manager protocol
[    3.353173] can: netlink gateway - max_hops=1
[    3.357567] Bluetooth: RFCOMM TTY layer initialized
[    3.362346] Bluetooth: RFCOMM socket layer initialized
[    3.367457] Bluetooth: RFCOMM ver 1.11
[    3.371165] Bluetooth: BNEP (Ethernet Emulation) ver 1.3
[    3.376436] Bluetooth: BNEP filters: protocol multicast
[    3.381630] Bluetooth: BNEP socket layer initialized
[    3.386557] Bluetooth: HIDP (Human Interface Emulation) ver 1.2
[    3.392441] Bluetooth: HIDP socket layer initialized
[    3.397496] 9pnet: Installing 9P2000 support
[    3.401619] NET: Registered protocol family 36
[    3.406034] Key type dns_resolver registered
[    3.410467] registered taskstats version 1
[    3.414331] Loading compiled-in X.509 certificates
[    3.419446] Btrfs loaded, crc32c=crc32c-generic
[    3.431878] ff000000.serial: ttyPS0 at MMIO 0xff000000 (irq = 49, base_baud = 6249999) is a xuartps
[    3.440900] printk: console [ttyPS0] enabled
[    3.445196] printk: bootconsole [cdns0] disabled
[    3.454829] ff010000.serial: ttyPS1 at MMIO 0xff010000 (irq = 50, base_baud = 6249999) is a xuartps
[    3.468077] of-fpga-region fpga-full: FPGA Region probed
[    3.475027] nwl-pcie fd0e0000.pcie: host bridge /axi/pcie@fd0e0000 ranges:
[    3.481925] nwl-pcie fd0e0000.pcie:      MEM 0x00e0000000..0x00efffffff -> 0x00e0000000
[    3.489934] nwl-pcie fd0e0000.pcie:      MEM 0x0600000000..0x07ffffffff -> 0x0600000000
[    3.497997] nwl-pcie fd0e0000.pcie: Link is DOWN
[    3.502753] nwl-pcie fd0e0000.pcie: PCI host bridge to bus 0000:00
[    3.508932] pci_bus 0000:00: root bus resource [bus 00-ff]
[    3.514414] pci_bus 0000:00: root bus resource [mem 0xe0000000-0xefffffff]
[    3.521284] pci_bus 0000:00: root bus resource [mem 0x600000000-0x7ffffffff pref]
[    3.528787] pci 0000:00:00.0: [10ee:d021] type 01 class 0x060400
[    3.534843] pci 0000:00:00.0: PME# supported from D0 D1 D2 D3hot
[    3.545292] pci 0000:00:00.0: PCI bridge to [bus 01-0c]
[    3.551273] xilinx-zynqmp-dma fd500000.dma: ZynqMP DMA driver Probe success
[    3.558449] xilinx-zynqmp-dma fd510000.dma: ZynqMP DMA driver Probe success
[    3.565628] xilinx-zynqmp-dma fd520000.dma: ZynqMP DMA driver Probe success
[    3.572804] xilinx-zynqmp-dma fd530000.dma: ZynqMP DMA driver Probe success
[    3.579968] xilinx-zynqmp-dma fd540000.dma: ZynqMP DMA driver Probe success
[    3.587138] xilinx-zynqmp-dma fd550000.dma: ZynqMP DMA driver Probe success
[    3.594309] xilinx-zynqmp-dma fd560000.dma: ZynqMP DMA driver Probe success
[    3.601480] xilinx-zynqmp-dma fd570000.dma: ZynqMP DMA driver Probe success
[    3.608874] xilinx-zynqmp-dpdma fd4c0000.dma-controller: Xilinx DPDMA engine is probed
[    3.617430] ahci-ceva fd0c0000.ahci: supply ahci not found, using dummy regulator
[    3.624972] ahci-ceva fd0c0000.ahci: supply phy not found, using dummy regulator
[    3.715909] hmc7044 spi2.0: PLL1: Acquisition, CLKIN0 @ 122880000 Hz, PFD: 80 kHz - PLL2: Locked @ 2792.000000 MHz
[    3.726621] jesd204: /axi/spi@ff050000/hmc7044@0,jesd204:1,parent=spi2.0: Using as SYSREF provider
[    3.736206] spi-nor spi0.0: SPI-NOR-UniqueID 100000235394732200270025081115266e
[    3.743509] spi-nor spi0.0: found n25q512a, expected m25p80
[    3.749709] spi-nor spi0.0: trying to lock already unlocked area
[    3.755711] spi-nor spi0.0: n25q512a (131072 Kbytes)
[    3.760690] 4 fixed-partitions partitions found on MTD device spi0.0
[    3.767035] Creating 4 MTD partitions on "spi0.0":
[    3.771820] 0x000000000000-0x000000100000 : "qspi-fsbl-uboot"
[    3.778306] 0x000000100000-0x000000600000 : "qspi-linux"
[    3.784267] 0x000000600000-0x000000620000 : "qspi-device-tree"
[    3.790740] 0x000000620000-0x000000c00000 : "qspi-rootfs"
[    3.799213] macb ff0e0000.ethernet: Not enabling partial store and forward
[    3.806739] libphy: MACB_mii_bus: probed
[    3.811810] macb ff0e0000.ethernet eth0: Cadence GEM rev 0x50070106 at 0xff0e0000 irq 30 (00:0a:35:04:8e:1b)
[    3.822024] xilinx-axipmon ffa00000.perf-monitor: Probed Xilinx APM
[    3.828597] xilinx-axipmon fd0b0000.perf-monitor: Probed Xilinx APM
[    3.835117] xilinx-axipmon fd490000.perf-monitor: Probed Xilinx APM
[    3.841659] xilinx-axipmon ffa10000.perf-monitor: Probed Xilinx APM
[    3.851654] pca953x 0-0020: supply vcc not found, using dummy regulator
[    3.858336] pca953x 0-0020: using no AI
[    3.862826] gpio-496 (sel0): hogged as output/low
[    3.867724] gpio-497 (sel1): hogged as output/high
[    3.872715] gpio-498 (sel2): hogged as output/high
[    3.877699] gpio-499 (sel3): hogged as output/high
[    3.882872] pca953x 0-0021: supply vcc not found, using dummy regulator
[    3.889546] pca953x 0-0021: using no AI
[    3.895307] ina2xx 2-0040: power monitor ina226 (Rshunt = 5000 uOhm)
[    3.902333] ina2xx 2-0041: power monitor ina226 (Rshunt = 5000 uOhm)
[    3.909360] ina2xx 2-0042: power monitor ina226 (Rshunt = 5000 uOhm)
[    3.916395] ina2xx 2-0043: power monitor ina226 (Rshunt = 5000 uOhm)
[    3.923423] ina2xx 2-0044: power monitor ina226 (Rshunt = 5000 uOhm)
[    3.930444] ina2xx 2-0045: power monitor ina226 (Rshunt = 5000 uOhm)
[    3.937474] ina2xx 2-0046: power monitor ina226 (Rshunt = 5000 uOhm)
[    3.944551] ina2xx 2-0047: power monitor ina226 (Rshunt = 5000 uOhm)
[    3.951576] ina2xx 2-004a: power monitor ina226 (Rshunt = 5000 uOhm)
[    3.958619] ina2xx 2-004b: power monitor ina226 (Rshunt = 5000 uOhm)
[    3.965029] i2c i2c-0: Added multiplexed i2c bus 2
[    3.970420] random: fast init done
[    3.973894] ina2xx 3-0040: power monitor ina226 (Rshunt = 2000 uOhm)
[    3.980919] ina2xx 3-0041: power monitor ina226 (Rshunt = 5000 uOhm)
[    3.987946] ina2xx 3-0042: power monitor ina226 (Rshunt = 5000 uOhm)
[    3.994976] ina2xx 3-0043: power monitor ina226 (Rshunt = 5000 uOhm)
[    4.002004] ina2xx 3-0044: power monitor ina226 (Rshunt = 5000 uOhm)
[    4.009033] ina2xx 3-0045: power monitor ina226 (Rshunt = 5000 uOhm)
[    4.016066] ina2xx 3-0046: power monitor ina226 (Rshunt = 5000 uOhm)
[    4.023095] ina2xx 3-0047: power monitor ina226 (Rshunt = 5000 uOhm)
[    4.029494] i2c i2c-0: Added multiplexed i2c bus 3
[    4.085962] i2c i2c-0: Added multiplexed i2c bus 4
[    4.090903] i2c i2c-0: Added multiplexed i2c bus 5
[    4.095692] pca954x 0-0075: registered 4 multiplexed busses for I2C mux pca9544
[    4.103042] cdns-i2c ff020000.i2c: 400 kHz mmio ff020000 irq 32
[    4.110776] at24 6-0054: supply vcc not found, using dummy regulator
[    4.117677] at24 6-0054: 1024 byte 24c08 EEPROM, writable, 1 bytes/write
[    4.124430] i2c i2c-1: Added multiplexed i2c bus 6
[    4.130860] si5341 7-0036: Chip: 5341 Grade: 1 Rev: 1
[    4.168578] i2c i2c-1: Added multiplexed i2c bus 7
[    4.176234] si570 8-005d: registered, current frequency 300000000 Hz
[    4.182636] i2c i2c-1: Added multiplexed i2c bus 8
[    4.202419] si570 9-005d: registered, current frequency 148500000 Hz
[    4.208825] i2c i2c-1: Added multiplexed i2c bus 9
[    4.213864] si5324 10-0069: si5328 probed
[    4.280104] si5324 10-0069: si5328 probe successful
[    4.285037] i2c i2c-1: Added multiplexed i2c bus 10
[    4.290064] i2c i2c-1: Added multiplexed i2c bus 11
[    4.295091] i2c i2c-1: Added multiplexed i2c bus 12
[    4.300111] i2c i2c-1: Added multiplexed i2c bus 13
[    4.304984] pca954x 1-0074: registered 8 multiplexed busses for I2C switch pca9548
[    4.313092] at24 14-0050: supply vcc not found, using dummy regulator
[    4.319879] at24 14-0050: 256 byte 24c02 EEPROM, writable, 1 bytes/write
[    4.326628] i2c i2c-1: Added multiplexed i2c bus 14
[    4.331667] i2c i2c-1: Added multiplexed i2c bus 15
[    4.336700] i2c i2c-1: Added multiplexed i2c bus 16
[    4.341737] i2c i2c-1: Added multiplexed i2c bus 17
[    4.346768] i2c i2c-1: Added multiplexed i2c bus 18
[    4.351814] i2c i2c-1: Added multiplexed i2c bus 19
[    4.356851] i2c i2c-1: Added multiplexed i2c bus 20
[    4.361885] i2c i2c-1: Added multiplexed i2c bus 21
[    4.366759] pca954x 1-0075: registered 8 multiplexed busses for I2C switch pca9548
[    4.374368] cdns-i2c ff030000.i2c: 400 kHz mmio ff030000 irq 33
[    4.384120] cdns-wdt fd4d0000.watchdog: Xilinx Watchdog Timer with timeout 60s
[    4.395063] axi_adxcvr 84a60000.axi-adxcvr-rx: AXI-ADXCVR-RX (17.05.a) using CPLL on GTH4 at 0x84A60000. Number of lanes: 4.
[    4.407238] axi_adxcvr 84b60000.axi-adxcvr-tx: AXI-ADXCVR-TX (17.05.a) using QPLL on GTH4 at 0x84B60000. Number of lanes: 4.
[    4.418860] axi-jesd204-rx 84a90000.axi-jesd204-rx: AXI-JESD204-RX (1.07.a) at 0x84A90000. Encoder 8b10b, width 4/4, lanes 4, jesd204-fsm.
[    4.426151] mmc0: SDHCI controller on ff170000.mmc [ff170000.mmc] using ADMA 64-bit
[    4.431701] axi-jesd204-tx 84b90000.axi-jesd204-tx: AXI-JESD204-TX (1.06.a) at 0x84B90000. Encoder 8b10b, width 4/4, lanes 4, jesd204-fsm.
[    4.452425] zynqmp-display fd4a0000.display: vtc bridge property not present
[    4.462079] xilinx-dp-snd-codec fd4a0000.display:zynqmp_dp_snd_codec0: Failed to get required clock freq
[    4.471581] xilinx-dp-snd-codec: probe of fd4a0000.display:zynqmp_dp_snd_codec0 failed with error -22
[    4.473521] mmc0: new high speed SDHC card at address 0001
[    4.481120] xilinx-dp-snd-pcm zynqmp_dp_snd_pcm0: Xilinx DisplayPort Sound PCM probed
[    4.486635] mmcblk0: mmc0:0001 EB1QT 29.8 GiB 
[    4.494437] xilinx-dp-snd-pcm zynqmp_dp_snd_pcm1: Xilinx DisplayPort Sound PCM probed
[    4.499806]  mmcblk0: p1 p2 p3
[    4.506737] OF: graph: no port node found in /axi/display@fd4a0000
[    4.515808] xlnx-drm xlnx-drm.0: bound fd4a0000.display (ops 0xffffffc010fcbdb8)
[    5.599755] zynqmp-display fd4a0000.display: [drm] Cannot find any crtc or sizes
[    5.607366] [drm] Initialized xlnx 1.0.0 20130509 for fd4a0000.display on minor 0
[    5.614858] zynqmp-display fd4a0000.display: ZynqMP DisplayPort Subsystem driver probed
[    5.623184] ahci-ceva fd0c0000.ahci: supply ahci not found, using dummy regulator
[    5.630731] ahci-ceva fd0c0000.ahci: supply phy not found, using dummy regulator
[    5.638188] ahci-ceva fd0c0000.ahci: supply target not found, using dummy regulator
[    5.646027] ahci-ceva fd0c0000.ahci: AHCI 0001.0301 32 slots 2 ports 6 Gbps 0x3 impl platform mode
[    5.654982] ahci-ceva fd0c0000.ahci: flags: 64bit ncq sntf pm clo only pmp fbs pio slum part ccc sds apst 
[    5.665678] scsi host0: ahci-ceva
[    5.669278] scsi host1: ahci-ceva
[    5.672712] ata1: SATA max UDMA/133 mmio [mem 0xfd0c0000-0xfd0c1fff] port 0x100 irq 45
[    5.680622] ata2: SATA max UDMA/133 mmio [mem 0xfd0c0000-0xfd0c1fff] port 0x180 irq 45
[    5.689224] ad9081 spi1.0: supply vdd not found, using dummy regulator
[    6.001992] ata1: SATA link down (SStatus 0 SControl 330)
[    6.007412] ata2: SATA link down (SStatus 0 SControl 330)
[    6.683757] zynqmp-display fd4a0000.display: [drm] Cannot find any crtc or sizes
[    7.523830] ad9081 spi1.0: AD9081 Rev. 2 Grade 10 (API 1.2.2) probed
[    7.531024] xhci-hcd xhci-hcd.1.auto: xHCI Host Controller
[    7.536516] xhci-hcd xhci-hcd.1.auto: new USB bus registered, assigned bus number 1
[    7.544261] xhci-hcd xhci-hcd.1.auto: hcc params 0x0238f625 hci version 0x100 quirks 0x0000000002010810
[    7.553673] xhci-hcd xhci-hcd.1.auto: irq 59, io mem 0xfe200000
[    7.559801] usb usb1: New USB device found, idVendor=1d6b, idProduct=0002, bcdDevice= 5.10
[    7.568061] usb usb1: New USB device strings: Mfr=3, Product=2, SerialNumber=1
[    7.575272] usb usb1: Product: xHCI Host Controller
[    7.580141] usb usb1: Manufacturer: Linux 5.10.0-98103-g2aa7ac113716 xhci-hcd
[    7.587267] usb usb1: SerialNumber: xhci-hcd.1.auto
[    7.592437] hub 1-0:1.0: USB hub found
[    7.596204] hub 1-0:1.0: 1 port detected
[    7.600305] xhci-hcd xhci-hcd.1.auto: xHCI Host Controller
[    7.605790] xhci-hcd xhci-hcd.1.auto: new USB bus registered, assigned bus number 2
[    7.613443] xhci-hcd xhci-hcd.1.auto: Host supports USB 3.0 SuperSpeed
[    7.620065] usb usb2: New USB device found, idVendor=1d6b, idProduct=0003, bcdDevice= 5.10
[    7.628328] usb usb2: New USB device strings: Mfr=3, Product=2, SerialNumber=1
[    7.635546] usb usb2: Product: xHCI Host Controller
[    7.640416] usb usb2: Manufacturer: Linux 5.10.0-98103-g2aa7ac113716 xhci-hcd
[    7.647542] usb usb2: SerialNumber: xhci-hcd.1.auto
[    7.652651] hub 2-0:1.0: USB hub found
[    7.656413] hub 2-0:1.0: 1 port detected
[    7.686496] cf_axi_adc 84a10000.axi-ad9081-rx-hpc: ADI AIM (10.01.b) at 0x84A10000 mapped to 0x(____ptrval____), probed ADC AD9081 as MASTER
[    7.716582] cf_axi_dds 84b10000.axi-ad9081-tx-hpc: Analog Devices CF_AXI_DDS_DDS MASTER (9.01.b) at 0x84B10000 mapped to 0x(____ptrval____), probed DDS AD9081
[    7.730781] jesd204: /axi/spi@ff040000/ad9081@0,jesd204:0,parent=spi1.0: JESD204[2] transition initialized -> probed
[    7.741303] jesd204: /axi/spi@ff040000/ad9081@0,jesd204:0,parent=spi1.0: JESD204[0] transition initialized -> probed
[    7.751826] jesd204: /axi/spi@ff040000/ad9081@0,jesd204:0,parent=spi1.0: JESD204[2] transition probed -> idle
[    7.761733] jesd204: /axi/spi@ff040000/ad9081@0,jesd204:0,parent=spi1.0: JESD204[0] transition probed -> idle
[    7.771653] jesd204: /axi/spi@ff040000/ad9081@0,jesd204:0,parent=spi1.0: JESD204[2] transition idle -> device_init
[    7.782001] jesd204: /axi/spi@ff040000/ad9081@0,jesd204:0,parent=spi1.0: JESD204[0] transition idle -> device_init
[    7.792353] jesd204: /axi/spi@ff040000/ad9081@0,jesd204:0,parent=spi1.0: JESD204[2] transition device_init -> link_init
[    7.803127] jesd204: /axi/spi@ff040000/ad9081@0,jesd204:0,parent=spi1.0: JESD204[0] transition device_init -> link_init
[    7.813919] jesd204: /axi/spi@ff040000/ad9081@0,jesd204:0,parent=spi1.0: JESD204[2] transition link_init -> link_supported
[    7.824958] jesd204: /axi/spi@ff040000/ad9081@0,jesd204:0,parent=spi1.0: JESD204[0] transition link_init -> link_supported
[    7.836377] hmc7044 spi2.0: hmc7044_jesd204_link_pre_setup: Link2 forcing continuous SYSREF mode
[    7.845316] axi-jesd204-rx 84a90000.axi-jesd204-rx: axi_jesd204_rx_jesd204_link_pre_setup: Link2 set lane rate 13960000 kHz failed (-22)
[    7.857572] jesd204: /fpga-axi@0/axi-jesd204-rx@84a90000,jesd204:4,parent=84a90000.axi-jesd204-rx: JESD204[2] In link_pre_setup got error from cb: -22
[    7.871041] jesd204: /axi/spi@ff040000/ad9081@0,jesd204:0,parent=spi1.0: Rolling back from 'link_supported', got error -22
[    7.882085] jesd204: /axi/spi@ff040000/ad9081@0,jesd204:0,parent=spi1.0: JESD204[0] transition link_supported -> link_pre_setup
[    7.893556] jesd204: /axi/spi@ff040000/ad9081@0,jesd204:0,parent=spi1.0: JESD204[2] transition link_supported -> link_pre_setup
[    7.905040] jesd204: /axi/spi@ff040000/ad9081@0,jesd204:0,parent=spi1.0: JESD204[0] transition link_pre_setup -> link_supported
[    7.916515] jesd204: /axi/spi@ff040000/ad9081@0,jesd204:0,parent=spi1.0: JESD204[2] transition link_pre_setup -> link_supported
[    7.927992] jesd204: /axi/spi@ff040000/ad9081@0,jesd204:0,parent=spi1.0: JESD204[0] transition link_supported -> link_init
[    7.939029] jesd204: /axi/spi@ff040000/ad9081@0,jesd204:0,parent=spi1.0: JESD204[2] transition link_supported -> link_init
[    7.950077] jesd204: /axi/spi@ff040000/ad9081@0,jesd204:0,parent=spi1.0: JESD204[0] transition link_init -> device_init
[    7.960857] jesd204: /axi/spi@ff040000/ad9081@0,jesd204:0,parent=spi1.0: JESD204[2] transition link_init -> device_init
[    7.971636] jesd204: /axi/spi@ff040000/ad9081@0,jesd204:0,parent=spi1.0: JESD204[0] transition device_init -> idle
[    7.981979] jesd204: /axi/spi@ff040000/ad9081@0,jesd204:0,parent=spi1.0: JESD204[2] transition device_init -> idle
[    7.992330] jesd204: /axi/spi@ff040000/ad9081@0,jesd204:0,parent=spi1.0: JESD204[2] transition idle -> idle
[    8.002064] jesd204: /axi/spi@ff040000/ad9081@0,jesd204:0,parent=spi1.0: JESD204[0] transition idle -> idle
[    8.011806] jesd204: /axi/spi@ff040000/ad9081@0,jesd204:0,parent=spi1.0: JESD204[2] transition idle -> device_init
[    8.022150] jesd204: /axi/spi@ff040000/ad9081@0,jesd204:0,parent=spi1.0: JESD204[0] transition idle -> device_init
[    8.032501] jesd204: /axi/spi@ff040000/ad9081@0,jesd204:0,parent=spi1.0: JESD204[2] transition device_init -> link_init
[    8.043277] jesd204: /axi/spi@ff040000/ad9081@0,jesd204:0,parent=spi1.0: JESD204[0] transition device_init -> link_init
[    8.054065] jesd204: /axi/spi@ff040000/ad9081@0,jesd204:0,parent=spi1.0: JESD204[2] transition link_init -> link_supported
[    8.065112] jesd204: /axi/spi@ff040000/ad9081@0,jesd204:0,parent=spi1.0: JESD204[0] transition link_init -> link_supported
[    8.076332] axi-jesd204-rx 84a90000.axi-jesd204-rx: axi_jesd204_rx_jesd204_link_pre_setup: Link2 set lane rate 13960000 kHz failed (-22)
[    8.088592] jesd204: /fpga-axi@0/axi-jesd204-rx@84a90000,jesd204:4,parent=84a90000.axi-jesd204-rx: JESD204[2] In link_pre_setup got error from cb: -22
[    8.102059] jesd204: /axi/spi@ff040000/ad9081@0,jesd204:0,parent=spi1.0: Rolling back from 'link_supported', got error -22
[    8.113103] jesd204: /axi/spi@ff040000/ad9081@0,jesd204:0,parent=spi1.0: JESD204[0] transition link_supported -> link_pre_setup
[    8.124574] jesd204: /axi/spi@ff040000/ad9081@0,jesd204:0,parent=spi1.0: JESD204[2] transition link_supported -> link_pre_setup
[    8.136052] jesd204: /axi/spi@ff040000/ad9081@0,jesd204:0,parent=spi1.0: JESD204[0] transition link_pre_setup -> link_supported
[    8.147526] jesd204: /axi/spi@ff040000/ad9081@0,jesd204:0,parent=spi1.0: JESD204[2] transition link_pre_setup -> link_supported
[    8.159001] jesd204: /axi/spi@ff040000/ad9081@0,jesd204:0,parent=spi1.0: JESD204[0] transition link_supported -> link_init
[    8.170039] jesd204: /axi/spi@ff040000/ad9081@0,jesd204:0,parent=spi1.0: JESD204[2] transition link_supported -> link_init
[    8.181086] jesd204: /axi/spi@ff040000/ad9081@0,jesd204:0,parent=spi1.0: JESD204[0] transition link_init -> device_init
[    8.191861] jesd204: /axi/spi@ff040000/ad9081@0,jesd204:0,parent=spi1.0: JESD204[2] transition link_init -> device_init
[    8.202646] jesd204: /axi/spi@ff040000/ad9081@0,jesd204:0,parent=spi1.0: JESD204[0] transition device_init -> idle
[    8.212992] jesd204: /axi/spi@ff040000/ad9081@0,jesd204:0,parent=spi1.0: JESD204[2] transition device_init -> idle
[    8.223340] jesd204: /axi/spi@ff040000/ad9081@0,jesd204:0,parent=spi1.0: JESD204[2] transition idle -> idle
[    8.233074] jesd204: /axi/spi@ff040000/ad9081@0,jesd204:0,parent=spi1.0: JESD204[0] transition idle -> idle
[    8.242816] jesd204: /axi/spi@ff040000/ad9081@0,jesd204:0,parent=spi1.0: JESD204[2] transition idle -> device_init
[    8.253159] jesd204: /axi/spi@ff040000/ad9081@0,jesd204:0,parent=spi1.0: JESD204[0] transition idle -> device_init
[    8.263509] jesd204: /axi/spi@ff040000/ad9081@0,jesd204:0,parent=spi1.0: JESD204[2] transition device_init -> link_init
[    8.274287] jesd204: /axi/spi@ff040000/ad9081@0,jesd204:0,parent=spi1.0: JESD204[0] transition device_init -> link_init
[    8.285074] jesd204: /axi/spi@ff040000/ad9081@0,jesd204:0,parent=spi1.0: JESD204[2] transition link_init -> link_supported
[    8.296117] jesd204: /axi/spi@ff040000/ad9081@0,jesd204:0,parent=spi1.0: JESD204[0] transition link_init -> link_supported
[    8.307304] axi-jesd204-rx 84a90000.axi-jesd204-rx: axi_jesd204_rx_jesd204_link_pre_setup: Link2 set lane rate 13960000 kHz failed (-22)
[    8.319564] jesd204: /fpga-axi@0/axi-jesd204-rx@84a90000,jesd204:4,parent=84a90000.axi-jesd204-rx: JESD204[2] In link_pre_setup got error from cb: -22
[    8.333033] jesd204: /axi/spi@ff040000/ad9081@0,jesd204:0,parent=spi1.0: Rolling back from 'link_supported', got error -22
[    8.344081] jesd204: /axi/spi@ff040000/ad9081@0,jesd204:0,parent=spi1.0: JESD204[0] transition link_supported -> link_pre_setup
[    8.355557] jesd204: /axi/spi@ff040000/ad9081@0,jesd204:0,parent=spi1.0: JESD204[2] transition link_supported -> link_pre_setup
[    8.367038] jesd204: /axi/spi@ff040000/ad9081@0,jesd204:0,parent=spi1.0: JESD204[0] transition link_pre_setup -> link_supported
[    8.378507] jesd204: /axi/spi@ff040000/ad9081@0,jesd204:0,parent=spi1.0: JESD204[2] transition link_pre_setup -> link_supported
[    8.389985] jesd204: /axi/spi@ff040000/ad9081@0,jesd204:0,parent=spi1.0: JESD204[0] transition link_supported -> link_init
[    8.401023] jesd204: /axi/spi@ff040000/ad9081@0,jesd204:0,parent=spi1.0: JESD204[2] transition link_supported -> link_init
[    8.412071] jesd204: /axi/spi@ff040000/ad9081@0,jesd204:0,parent=spi1.0: JESD204[0] transition link_init -> device_init
[    8.422845] jesd204: /axi/spi@ff040000/ad9081@0,jesd204:0,parent=spi1.0: JESD204[2] transition link_init -> device_init
[    8.433628] jesd204: /axi/spi@ff040000/ad9081@0,jesd204:0,parent=spi1.0: JESD204[0] transition device_init -> idle
[    8.443974] jesd204: /axi/spi@ff040000/ad9081@0,jesd204:0,parent=spi1.0: JESD204[2] transition device_init -> idle
[    8.454324] jesd204: /axi/spi@ff040000/ad9081@0,jesd204:0,parent=spi1.0: JESD204[2] transition idle -> idle
[    8.464058] jesd204: /axi/spi@ff040000/ad9081@0,jesd204:0,parent=spi1.0: JESD204[0] transition idle -> idle
[    8.473803] jesd204: /axi/spi@ff040000/ad9081@0,jesd204:0,parent=spi1.0: JESD204[2] transition idle -> device_init
[    8.484144] jesd204: /axi/spi@ff040000/ad9081@0,jesd204:0,parent=spi1.0: JESD204[0] transition idle -> device_init
[    8.494493] jesd204: /axi/spi@ff040000/ad9081@0,jesd204:0,parent=spi1.0: JESD204[2] transition device_init -> link_init
[    8.505270] jesd204: /axi/spi@ff040000/ad9081@0,jesd204:0,parent=spi1.0: JESD204[0] transition device_init -> link_init
[    8.516058] jesd204: /axi/spi@ff040000/ad9081@0,jesd204:0,parent=spi1.0: JESD204[2] transition link_init -> link_supported
[    8.527101] jesd204: /axi/spi@ff040000/ad9081@0,jesd204:0,parent=spi1.0: JESD204[0] transition link_init -> link_supported
[    8.538287] axi-jesd204-rx 84a90000.axi-jesd204-rx: axi_jesd204_rx_jesd204_link_pre_setup: Link2 set lane rate 13960000 kHz failed (-22)
[    8.550547] jesd204: /fpga-axi@0/axi-jesd204-rx@84a90000,jesd204:4,parent=84a90000.axi-jesd204-rx: JESD204[2] In link_pre_setup got error from cb: -22
[    8.564018] jesd204: /axi/spi@ff040000/ad9081@0,jesd204:0,parent=spi1.0: Rolling back from 'link_supported', got error -22
[    8.575060] jesd204: /axi/spi@ff040000/ad9081@0,jesd204:0,parent=spi1.0: JESD204[0] transition link_supported -> link_pre_setup
[    8.586532] jesd204: /axi/spi@ff040000/ad9081@0,jesd204:0,parent=spi1.0: JESD204[2] transition link_supported -> link_pre_setup
[    8.598014] jesd204: /axi/spi@ff040000/ad9081@0,jesd204:0,parent=spi1.0: JESD204[0] transition link_pre_setup -> link_supported
[    8.609491] jesd204: /axi/spi@ff040000/ad9081@0,jesd204:0,parent=spi1.0: JESD204[2] transition link_pre_setup -> link_supported
[    8.620969] jesd204: /axi/spi@ff040000/ad9081@0,jesd204:0,parent=spi1.0: JESD204[0] transition link_supported -> link_init
[    8.632006] jesd204: /axi/spi@ff040000/ad9081@0,jesd204:0,parent=spi1.0: JESD204[2] transition link_supported -> link_init
[    8.643053] jesd204: /axi/spi@ff040000/ad9081@0,jesd204:0,parent=spi1.0: JESD204[0] transition link_init -> device_init
[    8.653828] jesd204: /axi/spi@ff040000/ad9081@0,jesd204:0,parent=spi1.0: JESD204[2] transition link_init -> device_init
[    8.664611] jesd204: /axi/spi@ff040000/ad9081@0,jesd204:0,parent=spi1.0: JESD204[0] transition device_init -> idle
[    8.674955] jesd204: /axi/spi@ff040000/ad9081@0,jesd204:0,parent=spi1.0: JESD204[2] transition device_init -> idle
[    8.685301] jesd204: /axi/spi@ff040000/ad9081@0,jesd204:0,parent=spi1.0: FSM completed with error -22
[    8.703749] input: gpio-keys as /devices/platform/gpio-keys/input/input0
[    8.710759] of_cfs_init
[    8.713224] of_cfs_init: OK
[    8.716179] cfg80211: Loading compiled-in X.509 certificates for regulatory database
[    8.854425] cfg80211: Loaded X.509 cert 'sforshee: 00b28ddf47aef9cea7'
[    8.860951] clk: Not disabling unused clocks
[    8.865483] ALSA device list:
[    8.868444]   No soundcards found.
[    8.872105] platform regulatory.0: Direct firmware load for regulatory.db failed with error -2
[    8.880714] cfg80211: failed to load regulatory.db
[    8.895492] EXT4-fs (mmcblk0p2): mounted filesystem with ordered data mode. Opts: (null)
[    8.903605] VFS: Mounted root (ext4 filesystem) on device 179:2.
[    8.917251] devtmpfs: mounted
[    8.921068] Freeing unused kernel memory: 2560K
[    8.927801] Run /sbin/init as init process
[    8.931893]   with arguments:
[    8.931896]     /sbin/init
[    8.931898]   with environment:
[    8.931900]     HOME=/
[    8.931903]     TERM=linux
[    9.508914] systemd[1]: systemd 241 running in system mode. (+PAM +AUDIT +SELINUX +IMA +APPARMOR +SMACK +SYSVINIT +UTMP +LIBCRYPTSETUP +GCRYPT +GNUTLS +ACL +XZ +LZ4 +SECCOMP +BLKID +ELFUTILS +KMOD -IDN2 +IDN -PCRE2 default-hierarchy=hybrid)
[    9.530774] systemd[1]: Detected architecture arm64.
[    9.552470] systemd[1]: Set hostname to <analog>.
[    9.747106] systemd[1]: File /lib/systemd/system/systemd-journald.service:12 configures an IP firewall (IPAddressDeny=any), but the local system does not support BPF/cgroup based firewalling.
[    9.764203] systemd[1]: Proceeding WITHOUT firewalling in effect! (This warning is only shown for the first loaded unit using IP firewalling.)
[    9.929712] systemd[1]: /etc/systemd/system/tof-server.service:1: Assignment outside of section. Ignoring.
[    9.939417] systemd[1]: /etc/systemd/system/tof-server.service:2: Assignment outside of section. Ignoring.
[   10.125078] random: systemd: uninitialized urandom read (16 bytes read)
[   10.139929] random: systemd: uninitialized urandom read (16 bytes read)
[   10.146978] systemd[1]: Created slice User and Session Slice.
[   10.167840] random: systemd: uninitialized urandom read (16 bytes read)
[   10.174715] systemd[1]: Listening on udev Kernel Socket.
[   10.196190] systemd[1]: Created slice system-systemd\x2dfsck.slice.
[   10.797472] ------------[ cut here ]------------
[   10.797481] Enabling unprepared \xa0\xe9Q\x88\xff\xff\xffpQ\x88\xff\xff\xff
[   10.797526] WARNING: CPU: 2 PID: 112 at drivers/clk/clk.c:1012 clk_core_enable+0xa4/0xc0
[   10.797530] Modules linked in:
[   10.797540] CPU: 2 PID: 112 Comm: kworker/2:1H Not tainted 5.10.0-98103-g2aa7ac113716 #5577
[   10.797543] Hardware name: ZynqMP ZCU102 Rev1.0 (DT)
[   10.797552] Workqueue: kblockd blk_mq_run_work_fn
[   10.797560] pstate: 80000085 (Nzcv daIf -PAN -UAO -TCO BTYPE=--)
[   10.797565] pc : clk_core_enable+0xa4/0xc0
[   10.797571] lr : clk_core_enable+0xa4/0xc0
[   10.797574] sp : ffffffc0125bb2d0
[   10.797577] x29: ffffffc0125bb2d0 x28: ffffff8800330c10 
[   10.797584] x27: ffffff8800330d48 x26: 0000005000000101 
[   10.797590] x25: 000000027da29304 x24: 0000000000000001 
[   10.797597] x23: ffffff88010e9380 x22: ffffff8801083220 
[   10.797603] x21: ffffff8801517000 x20: ffffff8801517008 
[   10.797610] x19: ffffff8801517008 x18: 0000000000000030 
[   10.797616] x17: 0000000000000002 x16: 0000b10f3194bff8 
[   10.797623] x15: ffffffffffff9c58 x14: ffffffc011d3b1a0 
[   10.797629] x13: ffffffc011d3b1c8 x12: 0000000000000672 
[   10.797635] x11: 0000000000000226 x10: ffffffc011d671c8 
[   10.797642] x9 : 00000000fffff800 x8 : ffffffc011d3b1c8 
[   10.797649] x7 : ffffffc011d671c8 x6 : 0000000000000001 
[   10.797655] x5 : ffffff887f7929e0 x4 : 0000000000000000 
[   10.797661] x3 : 0000000000000027 x2 : 0000000000000023 
[   10.797668] x1 : 514fb6a42cbb1100 x0 : 0000000000000000 
[   10.797674] Call trace:
[   10.797680]  clk_core_enable+0xa4/0xc0
[   10.797685]  clk_enable+0x2c/0x60
[   10.797691]  zynqmp_runtime_resume+0x24/0x84
[   10.797698]  pm_generic_runtime_resume+0x30/0x50
[   10.797704]  __genpd_runtime_resume+0x30/0xb0
[   10.797710]  genpd_runtime_resume+0x90/0x250
[   10.797716]  __rpm_callback+0x10c/0x1e0
[   10.797721]  rpm_callback+0x5c/0x84
[   10.797726]  rpm_resume+0x4a4/0x74c
[   10.797731]  __pm_runtime_resume+0x78/0xc4
[   10.797736]  spi_mem_access_start.isra.0+0x30/0x80
[   10.797740]  spi_mem_exec_op+0x3b0/0x424
[   10.797745]  spi_nor_read_sr+0x78/0xe0
[   10.797750]  spi_nor_wait_till_ready_with_timeout+0xb4/0x2f0
[   10.797754]  spi_nor_read+0x188/0x380
[   10.797760]  mtd_read_oob_std+0x78/0x84
[   10.797764]  mtd_read_oob+0x7c/0x134
[   10.797769]  mtd_read+0x48/0x7c
[   10.797775]  mtdblock_readsect+0x6c/0x150
[   10.797780]  mtd_queue_rq+0x2cc/0x5a0
[   10.797785]  blk_mq_dispatch_rq_list+0x110/0x790
[   10.797791]  __blk_mq_do_dispatch_sched+0x200/0x274
[   10.797797]  __blk_mq_sched_dispatch_requests+0x1a8/0x1fc
[   10.797802]  blk_mq_sched_dispatch_requests+0x3c/0x7c
[   10.797807]  __blk_mq_run_hw_queue+0x98/0x100
[   10.797812]  blk_mq_run_work_fn+0x24/0x30
[   10.797818]  process_one_work+0x1d4/0x380
[   10.797822]  worker_thread+0x78/0x4e0
[   10.797827]  kthread+0x124/0x130
[   10.797832]  ret_from_fork+0x10/0x3c
[   10.797836] ---[ end trace 73e583b91c01410b ]---
[   10.797844] zynqmp-qspi ff0f0000.spi: Cannot enable APB clock.
[   10.797893] spi_master spi0: Failed to power device: -108
[   10.797902] blk_update_request: I/O error, dev mtdblock0, sector 8 op 0x0:(READ) flags 0x80700 phys_seg 1 prio class 0
[   10.797982] spi_master spi0: Failed to power device: -22
[   10.797989] blk_update_request: I/O error, dev mtdblock0, sector 8 op 0x0:(READ) flags 0x0 phys_seg 8 prio class 0
[   10.797995] Buffer I/O error on dev mtdblock0, logical block 8, async page read
[   10.798004] spi_master spi0: Failed to power device: -22
[   10.798009] blk_update_request: I/O error, dev mtdblock0, sector 9 op 0x0:(READ) flags 0x0 phys_seg 7 prio class 0
[   10.798013] Buffer I/O error on dev mtdblock0, logical block 9, async page read
[   10.798020] spi_master spi0: Failed to power device: -22
[   10.798026] blk_update_request: I/O error, dev mtdblock0, sector 10 op 0x0:(READ) flags 0x0 phys_seg 6 prio class 0
[   10.798030] Buffer I/O error on dev mtdblock0, logical block 10, async page read
[   10.798037] spi_master spi0: Failed to power device: -22
[   10.798042] blk_update_request: I/O error, dev mtdblock0, sector 11 op 0x0:(READ) flags 0x0 phys_seg 5 prio class 0
[   10.798046] Buffer I/O error on dev mtdblock0, logical block 11, async page read
[   10.798053] spi_master spi0: Failed to power device: -22
[   10.798059] blk_update_request: I/O error, dev mtdblock0, sector 12 op 0x0:(READ) flags 0x0 phys_seg 4 prio class 0
[   10.798062] Buffer I/O error on dev mtdblock0, logical block 12, async page read
[   10.798069] spi_master spi0: Failed to power device: -22
[   10.798075] blk_update_request: I/O error, dev mtdblock0, sector 13 op 0x0:(READ) flags 0x0 phys_seg 3 prio class 0
[   10.798078] Buffer I/O error on dev mtdblock0, logical block 13, async page read
[   10.798085] spi_master spi0: Failed to power device: -22
[   10.798091] blk_update_request: I/O error, dev mtdblock0, sector 14 op 0x0:(READ) flags 0x0 phys_seg 2 prio class 0
[   10.798095] Buffer I/O error on dev mtdblock0, logical block 14, async page read
[   10.798101] spi_master spi0: Failed to power device: -22
[   10.798107] blk_update_request: I/O error, dev mtdblock0, sector 15 op 0x0:(READ) flags 0x0 phys_seg 1 prio class 0
[   10.798111] Buffer I/O error on dev mtdblock0, logical block 15, async page read
[   10.798429] spi_master spi0: Failed to power device: -22
[   10.798436] blk_update_request: I/O error, dev mtdblock1, sector 10112 op 0x0:(READ) flags 0x80700 phys_seg 1 prio class 0
[   10.798479] spi_master spi0: Failed to power device: -22
[   10.798485] Buffer I/O error on dev mtdblock1, logical block 10112, async page read
[   10.798493] spi_master spi0: Failed to power device: -22
[   10.798497] Buffer I/O error on dev mtdblock1, logical block 10113, async page read
[   10.798504] spi_master spi0: Failed to power device: -22
[   10.798512] spi_master spi0: Failed to power device: -22
[   10.798519] spi_master spi0: Failed to power device: -22
[   10.798527] spi_master spi0: Failed to power device: -22
[   10.798534] spi_master spi0: Failed to power device: -22
[   10.798541] spi_master spi0: Failed to power device: -22
[   10.798772] spi_master spi0: Failed to power device: -22
[   10.798816] spi_master spi0: Failed to power device: -22
[   10.798825] spi_master spi0: Failed to power device: -22
[   10.798833] spi_master spi0: Failed to power device: -22
[   10.798841] spi_master spi0: Failed to power device: -22
[   10.798848] spi_master spi0: Failed to power device: -22
[   10.798855] spi_master spi0: Failed to power device: -22
[   10.798862] spi_master spi0: Failed to power device: -22
[   10.798869] spi_master spi0: Failed to power device: -22
[   10.799140] spi_master spi0: Failed to power device: -22
[   10.799184] spi_master spi0: Failed to power device: -22
[   10.799193] spi_master spi0: Failed to power device: -22
[   10.799201] spi_master spi0: Failed to power device: -22
[   10.799208] spi_master spi0: Failed to power device: -22
[   10.799216] spi_master spi0: Failed to power device: -22
[   10.799223] spi_master spi0: Failed to power device: -22
[   10.799230] spi_master spi0: Failed to power device: -22
[   10.799237] spi_master spi0: Failed to power device: -22
[   10.925196] EXT4-fs (mmcblk0p2): re-mounted. Opts: (null)
[   11.024134] systemd-journald[158]: Received request to flush runtime journal from PID 1
[   17.094565] macb ff0e0000.ethernet eth0: PHY [ff0e0000.ethernet-ffffffff:0c] driver [TI DP83867] (irq=POLL)
[   17.094577] macb ff0e0000.ethernet eth0: configuring for phy/rgmii-id link mode
[   17.379848] Adding 74748k swap on /var/swap.  Priority:-2 extents:2 across:78844k SS
[   19.191761] random: crng init done
[   19.191773] random: 7 urandom warning(s) missed due to ratelimiting
[   19.980926] broken atomic modeset userspace detected, disabling atomic
[   20.161348] macb ff0e0000.ethernet eth0: Link is Up - 1Gbps/Full - flow control off
[   20.161371] IPv6: ADDRCONF(NETDEV_CHANGE): eth0: link becomes ready
[   22.664453] broken atomic modeset userspace detected, disabling atomic
[   25.700527] broken atomic modeset userspace detected, disabling atomic