[    0.000000] Booting Linux on physical CPU 0x0000000000 [0x410fd034]
[    0.000000] Linux version 5.10.0-98103-g2aa7ac113716 (jenkins@romlxbuild1.adlk.analog.com) (aarch64-xilinx-linux-gcc.real (GCC) 10.2.0, GNU ld (GNU Binutils) 2.35.0.20200730) #5577 SMP Wed Mar 23 07:28:49 GMT 2022
[    0.000000] Machine model: ZynqMP ZCU102 Rev1.0
[    0.000000] earlycon: cdns0 at MMIO 0x00000000ff000000 (options '115200n8')
[    0.000000] printk: bootconsole [cdns0] enabled
[    0.000000] efi: UEFI not found.
[    0.000000] cma: Reserved 256 MiB at 0x0000000070000000
[    0.000000] Zone ranges:
[    0.000000]   DMA      [mem 0x0000000000000000-0x000000003fffffff]
[    0.000000]   DMA32    [mem 0x0000000040000000-0x00000000ffffffff]
[    0.000000]   Normal   [mem 0x0000000100000000-0x000000087fffffff]
[    0.000000] Movable zone start for each node
[    0.000000] Early memory node ranges
[    0.000000]   node   0: [mem 0x0000000000000000-0x000000007fffffff]
[    0.000000]   node   0: [mem 0x0000000800000000-0x000000087fffffff]
[    0.000000] Initmem setup node 0 [mem 0x0000000000000000-0x000000087fffffff]
[    0.000000] On node 0 totalpages: 1048576
[    0.000000]   DMA zone: 3584 pages used for memmap
[    0.000000]   DMA zone: 0 pages reserved
[    0.000000]   DMA zone: 262144 pages, LIFO batch:63
[    0.000000]   DMA32 zone: 3584 pages used for memmap
[    0.000000]   DMA32 zone: 262144 pages, LIFO batch:63
[    0.000000]   Normal zone: 7168 pages used for memmap
[    0.000000]   Normal zone: 524288 pages, LIFO batch:63
[    0.000000] psci: probing for conduit method from DT.
[    0.000000] psci: PSCIv1.1 detected in firmware.
[    0.000000] psci: Using standard PSCI v0.2 function IDs
[    0.000000] psci: MIGRATE_INFO_TYPE not supported.
[    0.000000] psci: SMC Calling Convention v1.2
[    0.000000] percpu: Embedded 22 pages/cpu s49496 r8192 d32424 u90112
[    0.000000] pcpu-alloc: s49496 r8192 d32424 u90112 alloc=22*4096
[    0.000000] pcpu-alloc: [0] 0 [0] 1 [0] 2 [0] 3 
[    0.000000] Detected VIPT I-cache on CPU0
[    0.000000] CPU features: detected: ARM erratum 845719
[    0.000000] Built 1 zonelists, mobility grouping on.  Total pages: 1034240
[    0.000000] Kernel command line: console=ttyPS0,115200 root=/dev/mmcblk0p2 rw earlycon rootfstype=ext4 rootwait clk_ignore_unused cpuidle.off=1 root=/dev/mmcblk0p2 rw rootwait
[    0.000000] Dentry cache hash table entries: 524288 (order: 10, 4194304 bytes, linear)
[    0.000000] Inode-cache hash table entries: 262144 (order: 9, 2097152 bytes, linear)
[    0.000000] mem auto-init: stack:off, heap alloc:off, heap free:off
[    0.000000] software IO TLB: mapped [mem 0x000000003bfff000-0x000000003ffff000] (64MB)
[    0.000000] Memory: 3761904K/4194304K available (15296K kernel code, 1636K rwdata, 11876K rodata, 2560K init, 507K bss, 170256K reserved, 262144K cma-reserved)
[    0.000000] rcu: Hierarchical RCU implementation.
[    0.000000] rcu: 	RCU event tracing is enabled.
[    0.000000] rcu: 	RCU restricting CPUs from NR_CPUS=8 to nr_cpu_ids=4.
[    0.000000] rcu: RCU calculated value of scheduler-enlistment delay is 25 jiffies.
[    0.000000] rcu: Adjusting geometry for rcu_fanout_leaf=16, nr_cpu_ids=4
[    0.000000] NR_IRQS: 64, nr_irqs: 64, preallocated irqs: 0
[    0.000000] GIC: Adjusting CPU interface base to 0x00000000f902f000
[    0.000000] GIC: Using split EOI/Deactivate mode
[    0.000000] random: get_random_bytes called from start_kernel+0x31c/0x54c with crng_init=0
[    0.000000] arch_timer: cp15 timer(s) running at 100.00MHz (phys).
[    0.000000] clocksource: arch_sys_counter: mask: 0xffffffffffffff max_cycles: 0x171024e7e0, max_idle_ns: 440795205315 ns
[    0.000004] sched_clock: 56 bits at 100MHz, resolution 10ns, wraps every 4398046511100ns
[    0.008462] Console: colour dummy device 80x25
[    0.012483] Calibrating delay loop (skipped), value calculated using timer frequency.. 200.00 BogoMIPS (lpj=400000)
[    0.022841] pid_max: default: 32768 minimum: 301
[    0.027550] Mount-cache hash table entries: 8192 (order: 4, 65536 bytes, linear)
[    0.034788] Mountpoint-cache hash table entries: 8192 (order: 4, 65536 bytes, linear)
[    0.043398] rcu: Hierarchical SRCU implementation.
[    0.047557] EFI services will not be available.
[    0.051939] smp: Bringing up secondary CPUs ...
[    0.056658] Detected VIPT I-cache on CPU1
[    0.056697] CPU1: Booted secondary processor 0x0000000001 [0x410fd034]
[    0.057063] Detected VIPT I-cache on CPU2
[    0.057088] CPU2: Booted secondary processor 0x0000000002 [0x410fd034]
[    0.057427] Detected VIPT I-cache on CPU3
[    0.057450] CPU3: Booted secondary processor 0x0000000003 [0x410fd034]
[    0.057496] smp: Brought up 1 node, 4 CPUs
[    0.091779] SMP: Total of 4 processors activated.
[    0.096452] CPU features: detected: 32-bit EL0 Support
[    0.101555] CPU features: detected: CRC32 instructions
[    0.106695] CPU: All CPU(s) started at EL2
[    0.110736] alternatives: patching kernel code
[    0.116171] devtmpfs: initialized
[    0.124064] Registered cp15_barrier emulation handler
[    0.124115] Registered setend emulation handler
[    0.128092] clocksource: jiffies: mask: 0xffffffff max_cycles: 0xffffffff, max_idle_ns: 7645041785100000 ns
[    0.137671] futex hash table entries: 1024 (order: 4, 65536 bytes, linear)
[    0.151027] pinctrl core: initialized pinctrl subsystem
[    0.151673] NET: Registered protocol family 16
[    0.156094] DMA: preallocated 512 KiB GFP_KERNEL pool for atomic allocations
[    0.162107] DMA: preallocated 512 KiB GFP_KERNEL|GFP_DMA pool for atomic allocations
[    0.169833] DMA: preallocated 512 KiB GFP_KERNEL|GFP_DMA32 pool for atomic allocations
[    0.177637] audit: initializing netlink subsys (disabled)
[    0.183088] audit: type=2000 audit(0.116:1): state=initialized audit_enabled=0 res=1
[    0.183431] hw-breakpoint: found 6 breakpoint and 4 watchpoint registers.
[    0.197464] ASID allocator initialised with 65536 entries
[    0.224354] HugeTLB registered 1.00 GiB page size, pre-allocated 0 pages
[    0.225412] HugeTLB registered 32.0 MiB page size, pre-allocated 0 pages
[    0.232082] HugeTLB registered 2.00 MiB page size, pre-allocated 0 pages
[    0.238746] HugeTLB registered 64.0 KiB page size, pre-allocated 0 pages
[    1.304320] DRBG: Continuing without Jitter RNG
[    1.382134] raid6: neonx8   gen()  2141 MB/s
[    1.450188] raid6: neonx8   xor()  1597 MB/s
[    1.518240] raid6: neonx4   gen()  2195 MB/s
[    1.586293] raid6: neonx4   xor()  1566 MB/s
[    1.654355] raid6: neonx2   gen()  2076 MB/s
[    1.722411] raid6: neonx2   xor()  1442 MB/s
[    1.790472] raid6: neonx1   gen()  1772 MB/s
[    1.858521] raid6: neonx1   xor()  1220 MB/s
[    1.926576] raid6: int64x8  gen()  1438 MB/s
[    1.994635] raid6: int64x8  xor()   771 MB/s
[    2.062710] raid6: int64x4  gen()  1598 MB/s
[    2.130751] raid6: int64x4  xor()   819 MB/s
[    2.198824] raid6: int64x2  gen()  1397 MB/s
[    2.266871] raid6: int64x2  xor()   750 MB/s
[    2.334960] raid6: int64x1  gen()  1034 MB/s
[    2.403009] raid6: int64x1  xor()   517 MB/s
[    2.403047] raid6: using algorithm neonx4 gen() 2195 MB/s
[    2.407004] raid6: .... xor() 1566 MB/s, rmw enabled
[    2.411935] raid6: using neon recovery algorithm
[    2.416946] iommu: Default domain type: Translated 
[    2.421558] SCSI subsystem initialized
[    2.425104] libata version 3.00 loaded.
[    2.425229] usbcore: registered new interface driver usbfs
[    2.430562] usbcore: registered new interface driver hub
[    2.435833] usbcore: registered new device driver usb
[    2.440966] mc: Linux media interface: v0.10
[    2.445084] videodev: Linux video capture interface: v2.00
[    2.450574] EDAC MC: Ver: 3.0.0
[    2.454016] zynqmp-ipi-mbox mailbox@ff990400: Registered ZynqMP IPI mbox with TX/RX channels.
[    2.462525] jesd204: created con: id=0, topo=0, link=0, /axi/spi@ff050000/hmc7044@0 <-> /fpga-axi@0/axi-adxcvr-tx@84b60000
[    2.473103] jesd204: created con: id=1, topo=0, link=2, /axi/spi@ff050000/hmc7044@0 <-> /fpga-axi@0/axi-adxcvr-rx@84a60000
[    2.484088] jesd204: created con: id=2, topo=0, link=0, /fpga-axi@0/axi-adxcvr-tx@84b60000 <-> /fpga-axi@0/axi-jesd204-tx@84b90000
[    2.495763] jesd204: created con: id=3, topo=0, link=2, /fpga-axi@0/axi-adxcvr-rx@84a60000 <-> /fpga-axi@0/axi-jesd204-rx@84a90000
[    2.507440] jesd204: created con: id=4, topo=0, link=0, /fpga-axi@0/axi-jesd204-tx@84b90000 <-> /fpga-axi@0/axi-ad9081-tx-hpc@84b10000
[    2.519468] jesd204: created con: id=5, topo=0, link=2, /fpga-axi@0/axi-jesd204-rx@84a90000 <-> /fpga-axi@0/axi-ad9081-rx-hpc@84a10000
[    2.531490] jesd204: created con: id=6, topo=0, link=2, /fpga-axi@0/axi-ad9081-rx-hpc@84a10000 <-> /axi/spi@ff040000/ad9081@0
[    2.542732] jesd204: created con: id=7, topo=0, link=0, /fpga-axi@0/axi-ad9081-tx-hpc@84b10000 <-> /axi/spi@ff040000/ad9081@0
[    2.553982] jesd204: /axi/spi@ff040000/ad9081@0: JESD204[2] transition uninitialized -> initialized
[    2.562969] jesd204: /axi/spi@ff040000/ad9081@0: JESD204[0] transition uninitialized -> initialized
[    2.571960] jesd204: found 8 devices and 1 topologies
[    2.577004] FPGA manager framework
[    2.580482] Advanced Linux Sound Architecture Driver Initialized.
[    2.586777] Bluetooth: Core ver 2.22
[    2.589963] NET: Registered protocol family 31
[    2.594364] Bluetooth: HCI device and connection manager initialized
[    2.600681] Bluetooth: HCI socket layer initialized
[    2.605523] Bluetooth: L2CAP socket layer initialized
[    2.610547] Bluetooth: SCO socket layer initialized
[    2.615732] clocksource: Switched to clocksource arch_sys_counter
[    2.621542] VFS: Disk quotas dquot_6.6.0
[    2.625374] VFS: Dquot-cache hash table entries: 512 (order 0, 4096 bytes)
[    2.636084] NET: Registered protocol family 2
[    2.636818] tcp_listen_portaddr_hash hash table entries: 2048 (order: 3, 32768 bytes, linear)
[    2.645014] TCP established hash table entries: 32768 (order: 6, 262144 bytes, linear)
[    2.653039] TCP bind hash table entries: 32768 (order: 7, 524288 bytes, linear)
[    2.660483] TCP: Hash tables configured (established 32768 bind 32768)
[    2.666659] UDP hash table entries: 2048 (order: 4, 65536 bytes, linear)
[    2.673325] UDP-Lite hash table entries: 2048 (order: 4, 65536 bytes, linear)
[    2.680485] NET: Registered protocol family 1
[    2.684943] RPC: Registered named UNIX socket transport module.
[    2.690562] RPC: Registered udp transport module.
[    2.695226] RPC: Registered tcp transport module.
[    2.699896] RPC: Registered tcp NFSv4.1 backchannel transport module.
[    2.706887] PCI: CLS 0 bytes, default 64
[    2.710596] hw perfevents: no interrupt-affinity property for /pmu, guessing.
[    2.717448] hw perfevents: enabled with armv8_pmuv3 PMU driver, 7 counters available
[    2.725801] Initialise system trusted keyrings
[    2.729475] workingset: timestamp_bits=62 max_order=20 bucket_order=0
[    2.736375] NFS: Registering the id_resolver key type
[    2.740824] Key type id_resolver registered
[    2.744964] Key type id_legacy registered
[    2.748953] nfs4filelayout_init: NFSv4 File Layout Driver Registering...
[    2.755619] jffs2: version 2.2. (NAND) (SUMMARY)  Â© 2001-2006 Red Hat, Inc.
[    2.797596] NET: Registered protocol family 38
[    2.797638] xor: measuring software checksum speed
[    2.805328]    8regs           :  2363 MB/sec
[    2.808997]    32regs          :  2799 MB/sec
[    2.813939]    arm64_neon      :  2380 MB/sec
[    2.814130] xor: using function: 32regs (2799 MB/sec)
[    2.819155] Key type asymmetric registered
[    2.823217] Asymmetric key parser 'x509' registered
[    2.828077] Block layer SCSI generic (bsg) driver version 0.4 loaded (major 248)
[    2.835415] io scheduler mq-deadline registered
[    2.839911] io scheduler kyber registered
[    2.869291] Serial: 8250/16550 driver, 4 ports, IRQ sharing disabled
[    2.873930] cacheinfo: Unable to detect cache hierarchy for CPU 0
[    2.880269] brd: module loaded
[    2.884419] loop: module loaded
[    2.884964] Registered mathworks_ip class
[    2.888294] libphy: Fixed MDIO Bus: probed
[    2.891266] tun: Universal TUN/TAP device driver, 1.6
[    2.895351] CAN device driver interface
[    2.899889] usbcore: registered new interface driver asix
[    2.904466] usbcore: registered new interface driver ax88179_178a
[    2.910508] usbcore: registered new interface driver cdc_ether
[    2.916302] usbcore: registered new interface driver net1080
[    2.921925] usbcore: registered new interface driver cdc_subset
[    2.927805] usbcore: registered new interface driver zaurus
[    2.933351] usbcore: registered new interface driver cdc_ncm
[    2.939762] ehci_hcd: USB 2.0 'Enhanced' Host Controller (EHCI) Driver
[    2.945433] ehci-pci: EHCI PCI platform driver
[    2.950234] usbcore: registered new interface driver uas
[    2.955154] usbcore: registered new interface driver usb-storage
[    2.961140] usbcore: registered new interface driver usbserial_generic
[    2.967590] usbserial: USB Serial support registered for generic
[    2.973563] usbcore: registered new interface driver ftdi_sio
[    2.979266] usbserial: USB Serial support registered for FTDI USB Serial Device
[    2.986543] usbcore: registered new interface driver upd78f0730
[    2.992414] usbserial: USB Serial support registered for upd78f0730
[    3.000078] rtc_zynqmp ffa60000.rtc: registered as rtc0
[    3.003839] rtc_zynqmp ffa60000.rtc: setting system clock to 2022-03-26T02:58:18 UTC (1648263498)
[    3.012702] i2c /dev entries driver
[    3.018007] usbcore: registered new interface driver uvcvideo
[    3.021815] USB Video Class driver (1.1.1)
[    3.027386] Bluetooth: HCI UART driver ver 2.3
[    3.030297] Bluetooth: HCI UART protocol H4 registered
[    3.035395] Bluetooth: HCI UART protocol BCSP registered
[    3.040684] Bluetooth: HCI UART protocol LL registered
[    3.045773] Bluetooth: HCI UART protocol ATH3K registered
[    3.051148] Bluetooth: HCI UART protocol Three-wire (H5) registered
[    3.057403] Bluetooth: HCI UART protocol Intel registered
[    3.062739] Bluetooth: HCI UART protocol QCA registered
[    3.067941] usbcore: registered new interface driver bcm203x
[    3.073563] usbcore: registered new interface driver bpa10x
[    3.079096] usbcore: registered new interface driver bfusb
[    3.084548] usbcore: registered new interface driver btusb
[    3.090012] usbcore: registered new interface driver ath3k
[    3.095493] EDAC MC: ECC not enabled
[    3.099121] EDAC DEVICE0: Giving out device to module zynqmp-ocm-edac controller zynqmp_ocm: DEV ff960000.memory-controller (INTERRUPT)
[    3.111432] sdhci: Secure Digital Host Controller Interface driver
[    3.117222] sdhci: Copyright(c) Pierre Ossman
[    3.121548] sdhci-pltfm: SDHCI platform and OF driver helper
[    3.127601] ledtrig-cpu: registered to indicate activity on CPUs
[    3.133156] SMCCC: SOC_ID: ARCH_SOC_ID not implemented, skipping ....
[    3.139576] zynqmp_firmware_probe Platform Management API v1.1
[    3.145338] zynqmp_firmware_probe Trustzone version v1.0
[    3.184884] zynqmp-pinctrl firmware:zynqmp-firmware:pinctrl: zynqmp pinctrl initialized
[    3.232869] zynqmp-aes firmware:zynqmp-firmware:zynqmp-aes: will run requests pump with realtime priority
[    3.248740] alg: No test for xilinx-keccak-384 (zynqmp-keccak-384)
[    3.249454] alg: No test for xilinx-zynqmp-rsa (zynqmp-rsa)
[    3.254967] usbcore: registered new interface driver usbhid
[    3.260356] usbhid: USB HID core driver
[    3.271577] axi_sysid 85000000.axi-sysid-0: AXI System ID core version (1.01.a) found
[    3.273943] axi_sysid 85000000.axi-sysid-0: [ad9081_fmca_ebz] on [zcu102] git branch <master> git <084d44c9780640ca93fd847b1d9ec70dd65f5c67> clean [2022-03-18 04:17:50] UTC
[    3.289614] fpga_manager fpga0: Xilinx ZynqMP FPGA Manager registered
[    3.295991] usbcore: registered new interface driver snd-usb-audio
[    3.303404] pktgen: Packet Generator for packet performance testing. Version: 2.75
[    3.309620] Initializing XFRM netlink socket
[    3.313458] NET: Registered protocol family 10
[    3.318176] Segment Routing with IPv6
[    3.321557] sit: IPv6, IPv4 and MPLS over IPv4 tunneling driver
[    3.327631] NET: Registered protocol family 17
[    3.331734] NET: Registered protocol family 15
[    3.336231] can: controller area network core
[    3.340480] NET: Registered protocol family 29
[    3.344870] can: raw protocol
[    3.347806] can: broadcast manager protocol
[    3.351961] can: netlink gateway - max_hops=1
[    3.356356] Bluetooth: RFCOMM TTY layer initialized
[    3.361135] Bluetooth: RFCOMM socket layer initialized
[    3.366242] Bluetooth: RFCOMM ver 1.11
[    3.369953] Bluetooth: BNEP (Ethernet Emulation) ver 1.3
[    3.375226] Bluetooth: BNEP filters: protocol multicast
[    3.380418] Bluetooth: BNEP socket layer initialized
[    3.385346] Bluetooth: HIDP (Human Interface Emulation) ver 1.2
[    3.391231] Bluetooth: HIDP socket layer initialized
[    3.396286] 9pnet: Installing 9P2000 support
[    3.400407] NET: Registered protocol family 36
[    3.404824] Key type dns_resolver registered
[    3.409258] registered taskstats version 1
[    3.413119] Loading compiled-in X.509 certificates
[    3.418233] Btrfs loaded, crc32c=crc32c-generic
[    3.430624] ff000000.serial: ttyPS0 at MMIO 0xff000000 (irq = 49, base_baud = 6249999) is a xuartps
[    3.439646] printk: console [ttyPS0] enabled
[    3.443941] printk: bootconsole [cdns0] disabled
[    3.453568] ff010000.serial: ttyPS1 at MMIO 0xff010000 (irq = 50, base_baud = 6249999) is a xuartps
[    3.466812] of-fpga-region fpga-full: FPGA Region probed
[    3.473774] nwl-pcie fd0e0000.pcie: host bridge /axi/pcie@fd0e0000 ranges:
[    3.480670] nwl-pcie fd0e0000.pcie:      MEM 0x00e0000000..0x00efffffff -> 0x00e0000000
[    3.488672] nwl-pcie fd0e0000.pcie:      MEM 0x0600000000..0x07ffffffff -> 0x0600000000
[    3.496733] nwl-pcie fd0e0000.pcie: Link is DOWN
[    3.501491] nwl-pcie fd0e0000.pcie: PCI host bridge to bus 0000:00
[    3.507669] pci_bus 0000:00: root bus resource [bus 00-ff]
[    3.513150] pci_bus 0000:00: root bus resource [mem 0xe0000000-0xefffffff]
[    3.520021] pci_bus 0000:00: root bus resource [mem 0x600000000-0x7ffffffff pref]
[    3.527524] pci 0000:00:00.0: [10ee:d021] type 01 class 0x060400
[    3.533581] pci 0000:00:00.0: PME# supported from D0 D1 D2 D3hot
[    3.544028] pci 0000:00:00.0: PCI bridge to [bus 01-0c]
[    3.550006] xilinx-zynqmp-dma fd500000.dma: ZynqMP DMA driver Probe success
[    3.557177] xilinx-zynqmp-dma fd510000.dma: ZynqMP DMA driver Probe success
[    3.564361] xilinx-zynqmp-dma fd520000.dma: ZynqMP DMA driver Probe success
[    3.571532] xilinx-zynqmp-dma fd530000.dma: ZynqMP DMA driver Probe success
[    3.578697] xilinx-zynqmp-dma fd540000.dma: ZynqMP DMA driver Probe success
[    3.585866] xilinx-zynqmp-dma fd550000.dma: ZynqMP DMA driver Probe success
[    3.593036] xilinx-zynqmp-dma fd560000.dma: ZynqMP DMA driver Probe success
[    3.600207] xilinx-zynqmp-dma fd570000.dma: ZynqMP DMA driver Probe success
[    3.607603] xilinx-zynqmp-dpdma fd4c0000.dma-controller: Xilinx DPDMA engine is probed
[    3.616158] ahci-ceva fd0c0000.ahci: supply ahci not found, using dummy regulator
[    3.623700] ahci-ceva fd0c0000.ahci: supply phy not found, using dummy regulator
[    3.711908] hmc7044 spi2.0: PLL1: Acquisition, CLKIN0 @ 122880000 Hz, PFD: 80 kHz - PLL2: Locked @ 2936.000000 MHz
[    3.722624] jesd204: /axi/spi@ff050000/hmc7044@0,jesd204:1,parent=spi2.0: Using as SYSREF provider
[    3.732207] spi-nor spi0.0: SPI-NOR-UniqueID 100000235394732200270025081115266e
[    3.739512] spi-nor spi0.0: found n25q512a, expected m25p80
[    3.745718] spi-nor spi0.0: trying to lock already unlocked area
[    3.751727] spi-nor spi0.0: n25q512a (131072 Kbytes)
[    3.756707] 4 fixed-partitions partitions found on MTD device spi0.0
[    3.763054] Creating 4 MTD partitions on "spi0.0":
[    3.767840] 0x000000000000-0x000000100000 : "qspi-fsbl-uboot"
[    3.774331] 0x000000100000-0x000000600000 : "qspi-linux"
[    3.780286] 0x000000600000-0x000000620000 : "qspi-device-tree"
[    3.786757] 0x000000620000-0x000000c00000 : "qspi-rootfs"
[    3.795230] macb ff0e0000.ethernet: Not enabling partial store and forward
[    3.802753] libphy: MACB_mii_bus: probed
[    3.807815] macb ff0e0000.ethernet eth0: Cadence GEM rev 0x50070106 at 0xff0e0000 irq 30 (00:0a:35:04:8e:1b)
[    3.818029] xilinx-axipmon ffa00000.perf-monitor: Probed Xilinx APM
[    3.824609] xilinx-axipmon fd0b0000.perf-monitor: Probed Xilinx APM
[    3.831126] xilinx-axipmon fd490000.perf-monitor: Probed Xilinx APM
[    3.837659] xilinx-axipmon ffa10000.perf-monitor: Probed Xilinx APM
[    3.847634] pca953x 0-0020: supply vcc not found, using dummy regulator
[    3.854321] pca953x 0-0020: using no AI
[    3.858811] gpio-496 (sel0): hogged as output/low
[    3.863711] gpio-497 (sel1): hogged as output/high
[    3.868704] gpio-498 (sel2): hogged as output/high
[    3.873695] gpio-499 (sel3): hogged as output/high
[    3.878876] pca953x 0-0021: supply vcc not found, using dummy regulator
[    3.885548] pca953x 0-0021: using no AI
[    3.891313] ina2xx 2-0040: power monitor ina226 (Rshunt = 5000 uOhm)
[    3.898337] ina2xx 2-0041: power monitor ina226 (Rshunt = 5000 uOhm)
[    3.905380] ina2xx 2-0042: power monitor ina226 (Rshunt = 5000 uOhm)
[    3.912408] ina2xx 2-0043: power monitor ina226 (Rshunt = 5000 uOhm)
[    3.919431] ina2xx 2-0044: power monitor ina226 (Rshunt = 5000 uOhm)
[    3.926452] ina2xx 2-0045: power monitor ina226 (Rshunt = 5000 uOhm)
[    3.933482] ina2xx 2-0046: power monitor ina226 (Rshunt = 5000 uOhm)
[    3.940563] ina2xx 2-0047: power monitor ina226 (Rshunt = 5000 uOhm)
[    3.947587] ina2xx 2-004a: power monitor ina226 (Rshunt = 5000 uOhm)
[    3.954628] ina2xx 2-004b: power monitor ina226 (Rshunt = 5000 uOhm)
[    3.961039] i2c i2c-0: Added multiplexed i2c bus 2
[    3.966422] random: fast init done
[    3.969896] ina2xx 3-0040: power monitor ina226 (Rshunt = 2000 uOhm)
[    3.976923] ina2xx 3-0041: power monitor ina226 (Rshunt = 5000 uOhm)
[    3.983948] ina2xx 3-0042: power monitor ina226 (Rshunt = 5000 uOhm)
[    3.990980] ina2xx 3-0043: power monitor ina226 (Rshunt = 5000 uOhm)
[    3.998007] ina2xx 3-0044: power monitor ina226 (Rshunt = 5000 uOhm)
[    4.005032] ina2xx 3-0045: power monitor ina226 (Rshunt = 5000 uOhm)
[    4.012066] ina2xx 3-0046: power monitor ina226 (Rshunt = 5000 uOhm)
[    4.019098] ina2xx 3-0047: power monitor ina226 (Rshunt = 5000 uOhm)
[    4.025496] i2c i2c-0: Added multiplexed i2c bus 3
[    4.081727] i2c i2c-0: Added multiplexed i2c bus 4
[    4.086671] i2c i2c-0: Added multiplexed i2c bus 5
[    4.091460] pca954x 0-0075: registered 4 multiplexed busses for I2C mux pca9544
[    4.098810] cdns-i2c ff020000.i2c: 400 kHz mmio ff020000 irq 32
[    4.106543] at24 6-0054: supply vcc not found, using dummy regulator
[    4.113447] at24 6-0054: 1024 byte 24c08 EEPROM, writable, 1 bytes/write
[    4.120198] i2c i2c-1: Added multiplexed i2c bus 6
[    4.126628] si5341 7-0036: Chip: 5341 Grade: 1 Rev: 1
[    4.164310] i2c i2c-1: Added multiplexed i2c bus 7
[    4.171968] si570 8-005d: registered, current frequency 300000000 Hz
[    4.178370] i2c i2c-1: Added multiplexed i2c bus 8
[    4.198151] si570 9-005d: registered, current frequency 148500000 Hz
[    4.204558] i2c i2c-1: Added multiplexed i2c bus 9
[    4.209597] si5324 10-0069: si5328 probed
[    4.276077] si5324 10-0069: si5328 probe successful
[    4.281005] i2c i2c-1: Added multiplexed i2c bus 10
[    4.286031] i2c i2c-1: Added multiplexed i2c bus 11
[    4.291062] i2c i2c-1: Added multiplexed i2c bus 12
[    4.296080] i2c i2c-1: Added multiplexed i2c bus 13
[    4.300960] pca954x 1-0074: registered 8 multiplexed busses for I2C switch pca9548
[    4.309070] at24 14-0050: supply vcc not found, using dummy regulator
[    4.315857] at24 14-0050: 256 byte 24c02 EEPROM, writable, 1 bytes/write
[    4.322604] i2c i2c-1: Added multiplexed i2c bus 14
[    4.327643] i2c i2c-1: Added multiplexed i2c bus 15
[    4.332676] i2c i2c-1: Added multiplexed i2c bus 16
[    4.337713] i2c i2c-1: Added multiplexed i2c bus 17
[    4.342748] i2c i2c-1: Added multiplexed i2c bus 18
[    4.347793] i2c i2c-1: Added multiplexed i2c bus 19
[    4.352829] i2c i2c-1: Added multiplexed i2c bus 20
[    4.357866] i2c i2c-1: Added multiplexed i2c bus 21
[    4.362744] pca954x 1-0075: registered 8 multiplexed busses for I2C switch pca9548
[    4.370352] cdns-i2c ff030000.i2c: 400 kHz mmio ff030000 irq 33
[    4.380105] cdns-wdt fd4d0000.watchdog: Xilinx Watchdog Timer with timeout 60s
[    4.391043] axi_adxcvr 84a60000.axi-adxcvr-rx: AXI-ADXCVR-RX (17.05.a) using CPLL on GTH4 at 0x84A60000. Number of lanes: 4.
[    4.403220] axi_adxcvr 84b60000.axi-adxcvr-tx: AXI-ADXCVR-TX (17.05.a) using QPLL on GTH4 at 0x84B60000. Number of lanes: 4.
[    4.414841] axi-jesd204-rx 84a90000.axi-jesd204-rx: AXI-JESD204-RX (1.07.a) at 0x84A90000. Encoder 8b10b, width 4/4, lanes 4, jesd204-fsm.
[    4.422132] mmc0: SDHCI controller on ff170000.mmc [ff170000.mmc] using ADMA 64-bit
[    4.427687] axi-jesd204-tx 84b90000.axi-jesd204-tx: AXI-JESD204-TX (1.06.a) at 0x84B90000. Encoder 8b10b, width 4/4, lanes 4, jesd204-fsm.
[    4.448413] zynqmp-display fd4a0000.display: vtc bridge property not present
[    4.458072] xilinx-dp-snd-codec fd4a0000.display:zynqmp_dp_snd_codec0: Failed to get required clock freq
[    4.467573] xilinx-dp-snd-codec: probe of fd4a0000.display:zynqmp_dp_snd_codec0 failed with error -22
[    4.469506] mmc0: new high speed SDHC card at address 0001
[    4.477112] xilinx-dp-snd-pcm zynqmp_dp_snd_pcm0: Xilinx DisplayPort Sound PCM probed
[    4.482624] mmcblk0: mmc0:0001 EB1QT 29.8 GiB 
[    4.490428] xilinx-dp-snd-pcm zynqmp_dp_snd_pcm1: Xilinx DisplayPort Sound PCM probed
[    4.495855]  mmcblk0: p1 p2 p3
[    4.502730] OF: graph: no port node found in /axi/display@fd4a0000
[    4.511807] xlnx-drm xlnx-drm.0: bound fd4a0000.display (ops 0xffffffc010fcbdb8)
[    5.595747] zynqmp-display fd4a0000.display: [drm] Cannot find any crtc or sizes
[    5.603360] [drm] Initialized xlnx 1.0.0 20130509 for fd4a0000.display on minor 0
[    5.610852] zynqmp-display fd4a0000.display: ZynqMP DisplayPort Subsystem driver probed
[    5.619176] ahci-ceva fd0c0000.ahci: supply ahci not found, using dummy regulator
[    5.626724] ahci-ceva fd0c0000.ahci: supply phy not found, using dummy regulator
[    5.634182] ahci-ceva fd0c0000.ahci: supply target not found, using dummy regulator
[    5.642021] ahci-ceva fd0c0000.ahci: AHCI 0001.0301 32 slots 2 ports 6 Gbps 0x3 impl platform mode
[    5.650976] ahci-ceva fd0c0000.ahci: flags: 64bit ncq sntf pm clo only pmp fbs pio slum part ccc sds apst 
[    5.661671] scsi host0: ahci-ceva
[    5.665277] scsi host1: ahci-ceva
[    5.668702] ata1: SATA max UDMA/133 mmio [mem 0xfd0c0000-0xfd0c1fff] port 0x100 irq 45
[    5.676616] ata2: SATA max UDMA/133 mmio [mem 0xfd0c0000-0xfd0c1fff] port 0x180 irq 45
[    5.685217] ad9081 spi1.0: supply vdd not found, using dummy regulator
[    5.997980] ata1: SATA link down (SStatus 0 SControl 330)
[    6.003398] ata2: SATA link down (SStatus 0 SControl 330)
[    6.679750] zynqmp-display fd4a0000.display: [drm] Cannot find any crtc or sizes
[    7.544431] ad9081 spi1.0: AD9081 Rev. 2 Grade 10 (API 1.2.2) probed
[    7.551635] xhci-hcd xhci-hcd.1.auto: xHCI Host Controller
[    7.557134] xhci-hcd xhci-hcd.1.auto: new USB bus registered, assigned bus number 1
[    7.564878] xhci-hcd xhci-hcd.1.auto: hcc params 0x0238f625 hci version 0x100 quirks 0x0000000002010810
[    7.574291] xhci-hcd xhci-hcd.1.auto: irq 59, io mem 0xfe200000
[    7.580400] usb usb1: New USB device found, idVendor=1d6b, idProduct=0002, bcdDevice= 5.10
[    7.588665] usb usb1: New USB device strings: Mfr=3, Product=2, SerialNumber=1
[    7.595883] usb usb1: Product: xHCI Host Controller
[    7.600753] usb usb1: Manufacturer: Linux 5.10.0-98103-g2aa7ac113716 xhci-hcd
[    7.607878] usb usb1: SerialNumber: xhci-hcd.1.auto
[    7.613044] hub 1-0:1.0: USB hub found
[    7.616805] hub 1-0:1.0: 1 port detected
[    7.620912] xhci-hcd xhci-hcd.1.auto: xHCI Host Controller
[    7.626398] xhci-hcd xhci-hcd.1.auto: new USB bus registered, assigned bus number 2
[    7.634054] xhci-hcd xhci-hcd.1.auto: Host supports USB 3.0 SuperSpeed
[    7.640681] usb usb2: New USB device found, idVendor=1d6b, idProduct=0003, bcdDevice= 5.10
[    7.648938] usb usb2: New USB device strings: Mfr=3, Product=2, SerialNumber=1
[    7.656158] usb usb2: Product: xHCI Host Controller
[    7.661026] usb usb2: Manufacturer: Linux 5.10.0-98103-g2aa7ac113716 xhci-hcd
[    7.668152] usb usb2: SerialNumber: xhci-hcd.1.auto
[    7.673261] hub 2-0:1.0: USB hub found
[    7.677023] hub 2-0:1.0: 1 port detected
[    7.707130] cf_axi_adc 84a10000.axi-ad9081-rx-hpc: ADI AIM (10.01.b) at 0x84A10000 mapped to 0x(____ptrval____), probed ADC AD9081 as MASTER
[    7.740575] cf_axi_dds 84b10000.axi-ad9081-tx-hpc: Analog Devices CF_AXI_DDS_DDS MASTER (9.01.b) at 0x84B10000 mapped to 0x(____ptrval____), probed DDS AD9081
[    7.754779] jesd204: /axi/spi@ff040000/ad9081@0,jesd204:0,parent=spi1.0: JESD204[2] transition initialized -> probed
[    7.765300] jesd204: /axi/spi@ff040000/ad9081@0,jesd204:0,parent=spi1.0: JESD204[0] transition initialized -> probed
[    7.775822] jesd204: /axi/spi@ff040000/ad9081@0,jesd204:0,parent=spi1.0: JESD204[2] transition probed -> idle
[    7.785729] jesd204: /axi/spi@ff040000/ad9081@0,jesd204:0,parent=spi1.0: JESD204[0] transition probed -> idle
[    7.795645] jesd204: /axi/spi@ff040000/ad9081@0,jesd204:0,parent=spi1.0: JESD204[2] transition idle -> device_init
[    7.805987] jesd204: /axi/spi@ff040000/ad9081@0,jesd204:0,parent=spi1.0: JESD204[0] transition idle -> device_init
[    7.816339] jesd204: /axi/spi@ff040000/ad9081@0,jesd204:0,parent=spi1.0: JESD204[2] transition device_init -> link_init
[    7.827114] jesd204: /axi/spi@ff040000/ad9081@0,jesd204:0,parent=spi1.0: JESD204[0] transition device_init -> link_init
[    7.837906] jesd204: /axi/spi@ff040000/ad9081@0,jesd204:0,parent=spi1.0: JESD204[2] transition link_init -> link_supported
[    7.848945] jesd204: /axi/spi@ff040000/ad9081@0,jesd204:0,parent=spi1.0: JESD204[0] transition link_init -> link_supported
[    7.860355] hmc7044 spi2.0: hmc7044_jesd204_link_pre_setup: Link2 forcing continuous SYSREF mode
[    7.869293] axi-jesd204-rx 84a90000.axi-jesd204-rx: axi_jesd204_rx_jesd204_link_pre_setup: Link2 set lane rate 14680000 kHz failed (-22)
[    7.881550] jesd204: /fpga-axi@0/axi-jesd204-rx@84a90000,jesd204:4,parent=84a90000.axi-jesd204-rx: JESD204[2] In link_pre_setup got error from cb: -22
[    7.895019] jesd204: /axi/spi@ff040000/ad9081@0,jesd204:0,parent=spi1.0: Rolling back from 'link_supported', got error -22
[    7.906070] jesd204: /axi/spi@ff040000/ad9081@0,jesd204:0,parent=spi1.0: JESD204[0] transition link_supported -> link_pre_setup
[    7.917543] jesd204: /axi/spi@ff040000/ad9081@0,jesd204:0,parent=spi1.0: JESD204[2] transition link_supported -> link_pre_setup
[    7.929020] jesd204: /axi/spi@ff040000/ad9081@0,jesd204:0,parent=spi1.0: JESD204[0] transition link_pre_setup -> link_supported
[    7.940493] jesd204: /axi/spi@ff040000/ad9081@0,jesd204:0,parent=spi1.0: JESD204[2] transition link_pre_setup -> link_supported
[    7.951970] jesd204: /axi/spi@ff040000/ad9081@0,jesd204:0,parent=spi1.0: JESD204[0] transition link_supported -> link_init
[    7.963008] jesd204: /axi/spi@ff040000/ad9081@0,jesd204:0,parent=spi1.0: JESD204[2] transition link_supported -> link_init
[    7.974055] jesd204: /axi/spi@ff040000/ad9081@0,jesd204:0,parent=spi1.0: JESD204[0] transition link_init -> device_init
[    7.984835] jesd204: /axi/spi@ff040000/ad9081@0,jesd204:0,parent=spi1.0: JESD204[2] transition link_init -> device_init
[    7.995613] jesd204: /axi/spi@ff040000/ad9081@0,jesd204:0,parent=spi1.0: JESD204[0] transition device_init -> idle
[    8.005957] jesd204: /axi/spi@ff040000/ad9081@0,jesd204:0,parent=spi1.0: JESD204[2] transition device_init -> idle
[    8.016308] jesd204: /axi/spi@ff040000/ad9081@0,jesd204:0,parent=spi1.0: JESD204[2] transition idle -> idle
[    8.026042] jesd204: /axi/spi@ff040000/ad9081@0,jesd204:0,parent=spi1.0: JESD204[0] transition idle -> idle
[    8.035790] jesd204: /axi/spi@ff040000/ad9081@0,jesd204:0,parent=spi1.0: JESD204[2] transition idle -> device_init
[    8.046137] jesd204: /axi/spi@ff040000/ad9081@0,jesd204:0,parent=spi1.0: JESD204[0] transition idle -> device_init
[    8.056487] jesd204: /axi/spi@ff040000/ad9081@0,jesd204:0,parent=spi1.0: JESD204[2] transition device_init -> link_init
[    8.067263] jesd204: /axi/spi@ff040000/ad9081@0,jesd204:0,parent=spi1.0: JESD204[0] transition device_init -> link_init
[    8.078052] jesd204: /axi/spi@ff040000/ad9081@0,jesd204:0,parent=spi1.0: JESD204[2] transition link_init -> link_supported
[    8.089094] jesd204: /axi/spi@ff040000/ad9081@0,jesd204:0,parent=spi1.0: JESD204[0] transition link_init -> link_supported
[    8.100321] axi-jesd204-rx 84a90000.axi-jesd204-rx: axi_jesd204_rx_jesd204_link_pre_setup: Link2 set lane rate 14680000 kHz failed (-22)
[    8.112581] jesd204: /fpga-axi@0/axi-jesd204-rx@84a90000,jesd204:4,parent=84a90000.axi-jesd204-rx: JESD204[2] In link_pre_setup got error from cb: -22
[    8.126055] jesd204: /axi/spi@ff040000/ad9081@0,jesd204:0,parent=spi1.0: Rolling back from 'link_supported', got error -22
[    8.137098] jesd204: /axi/spi@ff040000/ad9081@0,jesd204:0,parent=spi1.0: JESD204[0] transition link_supported -> link_pre_setup
[    8.148569] jesd204: /axi/spi@ff040000/ad9081@0,jesd204:0,parent=spi1.0: JESD204[2] transition link_supported -> link_pre_setup
[    8.160047] jesd204: /axi/spi@ff040000/ad9081@0,jesd204:0,parent=spi1.0: JESD204[0] transition link_pre_setup -> link_supported
[    8.171519] jesd204: /axi/spi@ff040000/ad9081@0,jesd204:0,parent=spi1.0: JESD204[2] transition link_pre_setup -> link_supported
[    8.182996] jesd204: /axi/spi@ff040000/ad9081@0,jesd204:0,parent=spi1.0: JESD204[0] transition link_supported -> link_init
[    8.194035] jesd204: /axi/spi@ff040000/ad9081@0,jesd204:0,parent=spi1.0: JESD204[2] transition link_supported -> link_init
[    8.205083] jesd204: /axi/spi@ff040000/ad9081@0,jesd204:0,parent=spi1.0: JESD204[0] transition link_init -> device_init
[    8.215866] jesd204: /axi/spi@ff040000/ad9081@0,jesd204:0,parent=spi1.0: JESD204[2] transition link_init -> device_init
[    8.226649] jesd204: /axi/spi@ff040000/ad9081@0,jesd204:0,parent=spi1.0: JESD204[0] transition device_init -> idle
[    8.236996] jesd204: /axi/spi@ff040000/ad9081@0,jesd204:0,parent=spi1.0: JESD204[2] transition device_init -> idle
[    8.247343] jesd204: /axi/spi@ff040000/ad9081@0,jesd204:0,parent=spi1.0: JESD204[2] transition idle -> idle
[    8.257078] jesd204: /axi/spi@ff040000/ad9081@0,jesd204:0,parent=spi1.0: JESD204[0] transition idle -> idle
[    8.266820] jesd204: /axi/spi@ff040000/ad9081@0,jesd204:0,parent=spi1.0: JESD204[2] transition idle -> device_init
[    8.277164] jesd204: /axi/spi@ff040000/ad9081@0,jesd204:0,parent=spi1.0: JESD204[0] transition idle -> device_init
[    8.287513] jesd204: /axi/spi@ff040000/ad9081@0,jesd204:0,parent=spi1.0: JESD204[2] transition device_init -> link_init
[    8.298291] jesd204: /axi/spi@ff040000/ad9081@0,jesd204:0,parent=spi1.0: JESD204[0] transition device_init -> link_init
[    8.309080] jesd204: /axi/spi@ff040000/ad9081@0,jesd204:0,parent=spi1.0: JESD204[2] transition link_init -> link_supported
[    8.320121] jesd204: /axi/spi@ff040000/ad9081@0,jesd204:0,parent=spi1.0: JESD204[0] transition link_init -> link_supported
[    8.331305] axi-jesd204-rx 84a90000.axi-jesd204-rx: axi_jesd204_rx_jesd204_link_pre_setup: Link2 set lane rate 14680000 kHz failed (-22)
[    8.343561] jesd204: /fpga-axi@0/axi-jesd204-rx@84a90000,jesd204:4,parent=84a90000.axi-jesd204-rx: JESD204[2] In link_pre_setup got error from cb: -22
[    8.357029] jesd204: /axi/spi@ff040000/ad9081@0,jesd204:0,parent=spi1.0: Rolling back from 'link_supported', got error -22
[    8.368077] jesd204: /axi/spi@ff040000/ad9081@0,jesd204:0,parent=spi1.0: JESD204[0] transition link_supported -> link_pre_setup
[    8.379553] jesd204: /axi/spi@ff040000/ad9081@0,jesd204:0,parent=spi1.0: JESD204[2] transition link_supported -> link_pre_setup
[    8.391031] jesd204: /axi/spi@ff040000/ad9081@0,jesd204:0,parent=spi1.0: JESD204[0] transition link_pre_setup -> link_supported
[    8.402502] jesd204: /axi/spi@ff040000/ad9081@0,jesd204:0,parent=spi1.0: JESD204[2] transition link_pre_setup -> link_supported
[    8.413981] jesd204: /axi/spi@ff040000/ad9081@0,jesd204:0,parent=spi1.0: JESD204[0] transition link_supported -> link_init
[    8.425021] jesd204: /axi/spi@ff040000/ad9081@0,jesd204:0,parent=spi1.0: JESD204[2] transition link_supported -> link_init
[    8.436065] jesd204: /axi/spi@ff040000/ad9081@0,jesd204:0,parent=spi1.0: JESD204[0] transition link_init -> device_init
[    8.446840] jesd204: /axi/spi@ff040000/ad9081@0,jesd204:0,parent=spi1.0: JESD204[2] transition link_init -> device_init
[    8.457624] jesd204: /axi/spi@ff040000/ad9081@0,jesd204:0,parent=spi1.0: JESD204[0] transition device_init -> idle
[    8.467967] jesd204: /axi/spi@ff040000/ad9081@0,jesd204:0,parent=spi1.0: JESD204[2] transition device_init -> idle
[    8.478318] jesd204: /axi/spi@ff040000/ad9081@0,jesd204:0,parent=spi1.0: JESD204[2] transition idle -> idle
[    8.488053] jesd204: /axi/spi@ff040000/ad9081@0,jesd204:0,parent=spi1.0: JESD204[0] transition idle -> idle
[    8.497799] jesd204: /axi/spi@ff040000/ad9081@0,jesd204:0,parent=spi1.0: JESD204[2] transition idle -> device_init
[    8.508148] jesd204: /axi/spi@ff040000/ad9081@0,jesd204:0,parent=spi1.0: JESD204[0] transition idle -> device_init
[    8.518498] jesd204: /axi/spi@ff040000/ad9081@0,jesd204:0,parent=spi1.0: JESD204[2] transition device_init -> link_init
[    8.529274] jesd204: /axi/spi@ff040000/ad9081@0,jesd204:0,parent=spi1.0: JESD204[0] transition device_init -> link_init
[    8.540062] jesd204: /axi/spi@ff040000/ad9081@0,jesd204:0,parent=spi1.0: JESD204[2] transition link_init -> link_supported
[    8.551104] jesd204: /axi/spi@ff040000/ad9081@0,jesd204:0,parent=spi1.0: JESD204[0] transition link_init -> link_supported
[    8.562292] axi-jesd204-rx 84a90000.axi-jesd204-rx: axi_jesd204_rx_jesd204_link_pre_setup: Link2 set lane rate 14680000 kHz failed (-22)
[    8.574551] jesd204: /fpga-axi@0/axi-jesd204-rx@84a90000,jesd204:4,parent=84a90000.axi-jesd204-rx: JESD204[2] In link_pre_setup got error from cb: -22
[    8.588021] jesd204: /axi/spi@ff040000/ad9081@0,jesd204:0,parent=spi1.0: Rolling back from 'link_supported', got error -22
[    8.599065] jesd204: /axi/spi@ff040000/ad9081@0,jesd204:0,parent=spi1.0: JESD204[0] transition link_supported -> link_pre_setup
[    8.610536] jesd204: /axi/spi@ff040000/ad9081@0,jesd204:0,parent=spi1.0: JESD204[2] transition link_supported -> link_pre_setup
[    8.622018] jesd204: /axi/spi@ff040000/ad9081@0,jesd204:0,parent=spi1.0: JESD204[0] transition link_pre_setup -> link_supported
[    8.633496] jesd204: /axi/spi@ff040000/ad9081@0,jesd204:0,parent=spi1.0: JESD204[2] transition link_pre_setup -> link_supported
[    8.644972] jesd204: /axi/spi@ff040000/ad9081@0,jesd204:0,parent=spi1.0: JESD204[0] transition link_supported -> link_init
[    8.656011] jesd204: /axi/spi@ff040000/ad9081@0,jesd204:0,parent=spi1.0: JESD204[2] transition link_supported -> link_init
[    8.667057] jesd204: /axi/spi@ff040000/ad9081@0,jesd204:0,parent=spi1.0: JESD204[0] transition link_init -> device_init
[    8.677832] jesd204: /axi/spi@ff040000/ad9081@0,jesd204:0,parent=spi1.0: JESD204[2] transition link_init -> device_init
[    8.688615] jesd204: /axi/spi@ff040000/ad9081@0,jesd204:0,parent=spi1.0: JESD204[0] transition device_init -> idle
[    8.698959] jesd204: /axi/spi@ff040000/ad9081@0,jesd204:0,parent=spi1.0: JESD204[2] transition device_init -> idle
[    8.709305] jesd204: /axi/spi@ff040000/ad9081@0,jesd204:0,parent=spi1.0: FSM completed with error -22
[    8.727741] input: gpio-keys as /devices/platform/gpio-keys/input/input0
[    8.734751] of_cfs_init
[    8.737212] of_cfs_init: OK
[    8.740151] cfg80211: Loading compiled-in X.509 certificates for regulatory database
[    8.878391] cfg80211: Loaded X.509 cert 'sforshee: 00b28ddf47aef9cea7'
[    8.884925] clk: Not disabling unused clocks
[    8.889448] ALSA device list:
[    8.892405]   No soundcards found.
[    8.896077] platform regulatory.0: Direct firmware load for regulatory.db failed with error -2
[    8.904683] cfg80211: failed to load regulatory.db
[    8.920057] EXT4-fs (mmcblk0p2): mounted filesystem with ordered data mode. Opts: (null)
[    8.928179] VFS: Mounted root (ext4 filesystem) on device 179:2.
[    8.942453] devtmpfs: mounted
[    8.946272] Freeing unused kernel memory: 2560K
[    8.950886] Run /sbin/init as init process
[    8.954976]   with arguments:
[    8.954979]     /sbin/init
[    8.954981]   with environment:
[    8.954983]     HOME=/
[    8.954985]     TERM=linux
[    9.567869] systemd[1]: systemd 241 running in system mode. (+PAM +AUDIT +SELINUX +IMA +APPARMOR +SMACK +SYSVINIT +UTMP +LIBCRYPTSETUP +GCRYPT +GNUTLS +ACL +XZ +LZ4 +SECCOMP +BLKID +ELFUTILS +KMOD -IDN2 +IDN -PCRE2 default-hierarchy=hybrid)
[    9.589736] systemd[1]: Detected architecture arm64.
[    9.612525] systemd[1]: Set hostname to <analog>.
[    9.804915] systemd[1]: File /lib/systemd/system/systemd-journald.service:12 configures an IP firewall (IPAddressDeny=any), but the local system does not support BPF/cgroup based firewalling.
[    9.821996] systemd[1]: Proceeding WITHOUT firewalling in effect! (This warning is only shown for the first loaded unit using IP firewalling.)
[    9.992771] systemd[1]: /etc/systemd/system/tof-server.service:1: Assignment outside of section. Ignoring.
[   10.002495] systemd[1]: /etc/systemd/system/tof-server.service:2: Assignment outside of section. Ignoring.
[   10.194118] random: systemd: uninitialized urandom read (16 bytes read)
[   10.208980] random: systemd: uninitialized urandom read (16 bytes read)
[   10.216004] systemd[1]: Listening on udev Kernel Socket.
[   10.236089] random: systemd: uninitialized urandom read (16 bytes read)
[   10.242913] systemd[1]: Listening on Journal Audit Socket.
[   10.263831] systemd[1]: Condition check resulted in Arbitrary Executable File Formats File System Automount Point being skipped.
[   11.105277] EXT4-fs (mmcblk0p2): re-mounted. Opts: (null)
[   11.255252] systemd-journald[155]: Received request to flush runtime journal from PID 1
[   16.759524] random: crng init done
[   16.759532] random: 7 urandom warning(s) missed due to ratelimiting
[   17.218998] macb ff0e0000.ethernet eth0: PHY [ff0e0000.ethernet-ffffffff:0c] driver [TI DP83867] (irq=POLL)
[   17.219011] macb ff0e0000.ethernet eth0: configuring for phy/rgmii-id link mode
[   18.655777] Adding 71676k swap on /var/swap.  Priority:-2 extents:1 across:71676k SS
[   21.304629] broken atomic modeset userspace detected, disabling atomic
[   21.313355] macb ff0e0000.ethernet eth0: Link is Up - 1Gbps/Full - flow control off
[   21.313379] IPv6: ADDRCONF(NETDEV_CHANGE): eth0: link becomes ready
[   23.994464] broken atomic modeset userspace detected, disabling atomic
[   27.098134] broken atomic modeset userspace detected, disabling atomic