[    0.000000] Booting Linux on physical CPU 0x0000000000 [0x410fd034]
[    0.000000] Linux version 5.10.0-98103-g2aa7ac113716 (jenkins@romlxbuild1.adlk.analog.com) (aarch64-xilinx-linux-gcc.real (GCC) 10.2.0, GNU ld (GNU Binutils) 2.35.0.20200730) #5577 SMP Wed Mar 23 07:28:49 GMT 2022
[    0.000000] Machine model: ZynqMP ZCU102 Rev1.0
[    0.000000] earlycon: cdns0 at MMIO 0x00000000ff000000 (options '115200n8')
[    0.000000] printk: bootconsole [cdns0] enabled
[    0.000000] efi: UEFI not found.
[    0.000000] cma: Reserved 256 MiB at 0x0000000070000000
[    0.000000] Zone ranges:
[    0.000000]   DMA      [mem 0x0000000000000000-0x000000003fffffff]
[    0.000000]   DMA32    [mem 0x0000000040000000-0x00000000ffffffff]
[    0.000000]   Normal   [mem 0x0000000100000000-0x000000087fffffff]
[    0.000000] Movable zone start for each node
[    0.000000] Early memory node ranges
[    0.000000]   node   0: [mem 0x0000000000000000-0x000000007fffffff]
[    0.000000]   node   0: [mem 0x0000000800000000-0x000000087fffffff]
[    0.000000] Initmem setup node 0 [mem 0x0000000000000000-0x000000087fffffff]
[    0.000000] On node 0 totalpages: 1048576
[    0.000000]   DMA zone: 3584 pages used for memmap
[    0.000000]   DMA zone: 0 pages reserved
[    0.000000]   DMA zone: 262144 pages, LIFO batch:63
[    0.000000]   DMA32 zone: 3584 pages used for memmap
[    0.000000]   DMA32 zone: 262144 pages, LIFO batch:63
[    0.000000]   Normal zone: 7168 pages used for memmap
[    0.000000]   Normal zone: 524288 pages, LIFO batch:63
[    0.000000] psci: probing for conduit method from DT.
[    0.000000] psci: PSCIv1.1 detected in firmware.
[    0.000000] psci: Using standard PSCI v0.2 function IDs
[    0.000000] psci: MIGRATE_INFO_TYPE not supported.
[    0.000000] psci: SMC Calling Convention v1.2
[    0.000000] percpu: Embedded 22 pages/cpu s49496 r8192 d32424 u90112
[    0.000000] pcpu-alloc: s49496 r8192 d32424 u90112 alloc=22*4096
[    0.000000] pcpu-alloc: [0] 0 [0] 1 [0] 2 [0] 3 
[    0.000000] Detected VIPT I-cache on CPU0
[    0.000000] CPU features: detected: ARM erratum 845719
[    0.000000] Built 1 zonelists, mobility grouping on.  Total pages: 1034240
[    0.000000] Kernel command line: console=ttyPS0,115200 root=/dev/mmcblk0p2 rw earlycon rootfstype=ext4 rootwait clk_ignore_unused cpuidle.off=1 root=/dev/mmcblk0p2 rw rootwait
[    0.000000] Dentry cache hash table entries: 524288 (order: 10, 4194304 bytes, linear)
[    0.000000] Inode-cache hash table entries: 262144 (order: 9, 2097152 bytes, linear)
[    0.000000] mem auto-init: stack:off, heap alloc:off, heap free:off
[    0.000000] software IO TLB: mapped [mem 0x000000003bfff000-0x000000003ffff000] (64MB)
[    0.000000] Memory: 3761904K/4194304K available (15296K kernel code, 1636K rwdata, 11876K rodata, 2560K init, 507K bss, 170256K reserved, 262144K cma-reserved)
[    0.000000] rcu: Hierarchical RCU implementation.
[    0.000000] rcu: 	RCU event tracing is enabled.
[    0.000000] rcu: 	RCU restricting CPUs from NR_CPUS=8 to nr_cpu_ids=4.
[    0.000000] rcu: RCU calculated value of scheduler-enlistment delay is 25 jiffies.
[    0.000000] rcu: Adjusting geometry for rcu_fanout_leaf=16, nr_cpu_ids=4
[    0.000000] NR_IRQS: 64, nr_irqs: 64, preallocated irqs: 0
[    0.000000] GIC: Adjusting CPU interface base to 0x00000000f902f000
[    0.000000] GIC: Using split EOI/Deactivate mode
[    0.000000] random: get_random_bytes called from start_kernel+0x31c/0x54c with crng_init=0
[    0.000000] arch_timer: cp15 timer(s) running at 100.00MHz (phys).
[    0.000000] clocksource: arch_sys_counter: mask: 0xffffffffffffff max_cycles: 0x171024e7e0, max_idle_ns: 440795205315 ns
[    0.000004] sched_clock: 56 bits at 100MHz, resolution 10ns, wraps every 4398046511100ns
[    0.008461] Console: colour dummy device 80x25
[    0.012482] Calibrating delay loop (skipped), value calculated using timer frequency.. 200.00 BogoMIPS (lpj=400000)
[    0.022841] pid_max: default: 32768 minimum: 301
[    0.027551] Mount-cache hash table entries: 8192 (order: 4, 65536 bytes, linear)
[    0.034789] Mountpoint-cache hash table entries: 8192 (order: 4, 65536 bytes, linear)
[    0.043394] rcu: Hierarchical SRCU implementation.
[    0.047560] EFI services will not be available.
[    0.051938] smp: Bringing up secondary CPUs ...
[    0.056656] Detected VIPT I-cache on CPU1
[    0.056695] CPU1: Booted secondary processor 0x0000000001 [0x410fd034]
[    0.057059] Detected VIPT I-cache on CPU2
[    0.057083] CPU2: Booted secondary processor 0x0000000002 [0x410fd034]
[    0.057423] Detected VIPT I-cache on CPU3
[    0.057446] CPU3: Booted secondary processor 0x0000000003 [0x410fd034]
[    0.057493] smp: Brought up 1 node, 4 CPUs
[    0.091780] SMP: Total of 4 processors activated.
[    0.096452] CPU features: detected: 32-bit EL0 Support
[    0.101556] CPU features: detected: CRC32 instructions
[    0.106696] CPU: All CPU(s) started at EL2
[    0.110737] alternatives: patching kernel code
[    0.116169] devtmpfs: initialized
[    0.124067] Registered cp15_barrier emulation handler
[    0.124117] Registered setend emulation handler
[    0.128102] clocksource: jiffies: mask: 0xffffffff max_cycles: 0xffffffff, max_idle_ns: 7645041785100000 ns
[    0.137679] futex hash table entries: 1024 (order: 4, 65536 bytes, linear)
[    0.151035] pinctrl core: initialized pinctrl subsystem
[    0.151681] NET: Registered protocol family 16
[    0.156100] DMA: preallocated 512 KiB GFP_KERNEL pool for atomic allocations
[    0.162117] DMA: preallocated 512 KiB GFP_KERNEL|GFP_DMA pool for atomic allocations
[    0.169842] DMA: preallocated 512 KiB GFP_KERNEL|GFP_DMA32 pool for atomic allocations
[    0.177645] audit: initializing netlink subsys (disabled)
[    0.183097] audit: type=2000 audit(0.116:1): state=initialized audit_enabled=0 res=1
[    0.183440] hw-breakpoint: found 6 breakpoint and 4 watchpoint registers.
[    0.197472] ASID allocator initialised with 65536 entries
[    0.224364] HugeTLB registered 1.00 GiB page size, pre-allocated 0 pages
[    0.225420] HugeTLB registered 32.0 MiB page size, pre-allocated 0 pages
[    0.232091] HugeTLB registered 2.00 MiB page size, pre-allocated 0 pages
[    0.238755] HugeTLB registered 64.0 KiB page size, pre-allocated 0 pages
[    1.304318] DRBG: Continuing without Jitter RNG
[    1.382146] raid6: neonx8   gen()  2142 MB/s
[    1.450203] raid6: neonx8   xor()  1599 MB/s
[    1.518258] raid6: neonx4   gen()  2196 MB/s
[    1.586305] raid6: neonx4   xor()  1567 MB/s
[    1.654373] raid6: neonx2   gen()  2076 MB/s
[    1.722422] raid6: neonx2   xor()  1442 MB/s
[    1.790488] raid6: neonx1   gen()  1772 MB/s
[    1.858536] raid6: neonx1   xor()  1220 MB/s
[    1.926592] raid6: int64x8  gen()  1438 MB/s
[    1.994649] raid6: int64x8  xor()   771 MB/s
[    2.062724] raid6: int64x4  gen()  1599 MB/s
[    2.130777] raid6: int64x4  xor()   817 MB/s
[    2.198840] raid6: int64x2  gen()  1397 MB/s
[    2.266886] raid6: int64x2  xor()   750 MB/s
[    2.334975] raid6: int64x1  gen()  1034 MB/s
[    2.403025] raid6: int64x1  xor()   517 MB/s
[    2.403063] raid6: using algorithm neonx4 gen() 2196 MB/s
[    2.407022] raid6: .... xor() 1567 MB/s, rmw enabled
[    2.411952] raid6: using neon recovery algorithm
[    2.416964] iommu: Default domain type: Translated 
[    2.421577] SCSI subsystem initialized
[    2.425121] libata version 3.00 loaded.
[    2.425244] usbcore: registered new interface driver usbfs
[    2.430579] usbcore: registered new interface driver hub
[    2.435850] usbcore: registered new device driver usb
[    2.440983] mc: Linux media interface: v0.10
[    2.445101] videodev: Linux video capture interface: v2.00
[    2.450592] EDAC MC: Ver: 3.0.0
[    2.454035] zynqmp-ipi-mbox mailbox@ff990400: Registered ZynqMP IPI mbox with TX/RX channels.
[    2.462546] jesd204: created con: id=0, topo=0, link=0, /axi/spi@ff050000/hmc7044@0 <-> /fpga-axi@0/axi-adxcvr-tx@84b60000
[    2.473121] jesd204: created con: id=1, topo=0, link=2, /axi/spi@ff050000/hmc7044@0 <-> /fpga-axi@0/axi-adxcvr-rx@84a60000
[    2.484105] jesd204: created con: id=2, topo=0, link=0, /fpga-axi@0/axi-adxcvr-tx@84b60000 <-> /fpga-axi@0/axi-jesd204-tx@84b90000
[    2.495780] jesd204: created con: id=3, topo=0, link=2, /fpga-axi@0/axi-adxcvr-rx@84a60000 <-> /fpga-axi@0/axi-jesd204-rx@84a90000
[    2.507458] jesd204: created con: id=4, topo=0, link=0, /fpga-axi@0/axi-jesd204-tx@84b90000 <-> /fpga-axi@0/axi-ad9081-tx-hpc@84b10000
[    2.519486] jesd204: created con: id=5, topo=0, link=2, /fpga-axi@0/axi-jesd204-rx@84a90000 <-> /fpga-axi@0/axi-ad9081-rx-hpc@84a10000
[    2.531508] jesd204: created con: id=6, topo=0, link=2, /fpga-axi@0/axi-ad9081-rx-hpc@84a10000 <-> /axi/spi@ff040000/ad9081@0
[    2.542750] jesd204: created con: id=7, topo=0, link=0, /fpga-axi@0/axi-ad9081-tx-hpc@84b10000 <-> /axi/spi@ff040000/ad9081@0
[    2.553999] jesd204: /axi/spi@ff040000/ad9081@0: JESD204[2] transition uninitialized -> initialized
[    2.562986] jesd204: /axi/spi@ff040000/ad9081@0: JESD204[0] transition uninitialized -> initialized
[    2.571977] jesd204: found 8 devices and 1 topologies
[    2.577022] FPGA manager framework
[    2.580500] Advanced Linux Sound Architecture Driver Initialized.
[    2.586791] Bluetooth: Core ver 2.22
[    2.589980] NET: Registered protocol family 31
[    2.594382] Bluetooth: HCI device and connection manager initialized
[    2.600699] Bluetooth: HCI socket layer initialized
[    2.605540] Bluetooth: L2CAP socket layer initialized
[    2.610564] Bluetooth: SCO socket layer initialized
[    2.615749] clocksource: Switched to clocksource arch_sys_counter
[    2.621559] VFS: Disk quotas dquot_6.6.0
[    2.625392] VFS: Dquot-cache hash table entries: 512 (order 0, 4096 bytes)
[    2.636108] NET: Registered protocol family 2
[    2.636835] tcp_listen_portaddr_hash hash table entries: 2048 (order: 3, 32768 bytes, linear)
[    2.645031] TCP established hash table entries: 32768 (order: 6, 262144 bytes, linear)
[    2.653056] TCP bind hash table entries: 32768 (order: 7, 524288 bytes, linear)
[    2.660501] TCP: Hash tables configured (established 32768 bind 32768)
[    2.666675] UDP hash table entries: 2048 (order: 4, 65536 bytes, linear)
[    2.673342] UDP-Lite hash table entries: 2048 (order: 4, 65536 bytes, linear)
[    2.680501] NET: Registered protocol family 1
[    2.684958] RPC: Registered named UNIX socket transport module.
[    2.690579] RPC: Registered udp transport module.
[    2.695244] RPC: Registered tcp transport module.
[    2.699913] RPC: Registered tcp NFSv4.1 backchannel transport module.
[    2.706904] PCI: CLS 0 bytes, default 64
[    2.710610] hw perfevents: no interrupt-affinity property for /pmu, guessing.
[    2.717464] hw perfevents: enabled with armv8_pmuv3 PMU driver, 7 counters available
[    2.725820] Initialise system trusted keyrings
[    2.729496] workingset: timestamp_bits=62 max_order=20 bucket_order=0
[    2.736391] NFS: Registering the id_resolver key type
[    2.740842] Key type id_resolver registered
[    2.744981] Key type id_legacy registered
[    2.748971] nfs4filelayout_init: NFSv4 File Layout Driver Registering...
[    2.755637] jffs2: version 2.2. (NAND) (SUMMARY)  Â© 2001-2006 Red Hat, Inc.
[    2.799536] NET: Registered protocol family 38
[    2.799578] xor: measuring software checksum speed
[    2.807266]    8regs           :  2363 MB/sec
[    2.810935]    32regs          :  2799 MB/sec
[    2.815881]    arm64_neon      :  2380 MB/sec
[    2.816067] xor: using function: 32regs (2799 MB/sec)
[    2.821093] Key type asymmetric registered
[    2.825154] Asymmetric key parser 'x509' registered
[    2.830015] Block layer SCSI generic (bsg) driver version 0.4 loaded (major 248)
[    2.837353] io scheduler mq-deadline registered
[    2.841849] io scheduler kyber registered
[    2.871247] Serial: 8250/16550 driver, 4 ports, IRQ sharing disabled
[    2.875900] cacheinfo: Unable to detect cache hierarchy for CPU 0
[    2.882219] brd: module loaded
[    2.886349] loop: module loaded
[    2.886893] Registered mathworks_ip class
[    2.890258] libphy: Fixed MDIO Bus: probed
[    2.893237] tun: Universal TUN/TAP device driver, 1.6
[    2.897298] CAN device driver interface
[    2.901832] usbcore: registered new interface driver asix
[    2.906430] usbcore: registered new interface driver ax88179_178a
[    2.912463] usbcore: registered new interface driver cdc_ether
[    2.918255] usbcore: registered new interface driver net1080
[    2.923880] usbcore: registered new interface driver cdc_subset
[    2.929762] usbcore: registered new interface driver zaurus
[    2.935305] usbcore: registered new interface driver cdc_ncm
[    2.941705] ehci_hcd: USB 2.0 'Enhanced' Host Controller (EHCI) Driver
[    2.947391] ehci-pci: EHCI PCI platform driver
[    2.952190] usbcore: registered new interface driver uas
[    2.957109] usbcore: registered new interface driver usb-storage
[    2.963096] usbcore: registered new interface driver usbserial_generic
[    2.969545] usbserial: USB Serial support registered for generic
[    2.975518] usbcore: registered new interface driver ftdi_sio
[    2.981221] usbserial: USB Serial support registered for FTDI USB Serial Device
[    2.988498] usbcore: registered new interface driver upd78f0730
[    2.994369] usbserial: USB Serial support registered for upd78f0730
[    3.002016] rtc_zynqmp ffa60000.rtc: registered as rtc0
[    3.005794] rtc_zynqmp ffa60000.rtc: setting system clock to 2022-03-26T00:18:20 UTC (1648253900)
[    3.014657] i2c /dev entries driver
[    3.019972] usbcore: registered new interface driver uvcvideo
[    3.023769] USB Video Class driver (1.1.1)
[    3.029337] Bluetooth: HCI UART driver ver 2.3
[    3.032252] Bluetooth: HCI UART protocol H4 registered
[    3.037350] Bluetooth: HCI UART protocol BCSP registered
[    3.042638] Bluetooth: HCI UART protocol LL registered
[    3.047729] Bluetooth: HCI UART protocol ATH3K registered
[    3.053104] Bluetooth: HCI UART protocol Three-wire (H5) registered
[    3.059356] Bluetooth: HCI UART protocol Intel registered
[    3.064694] Bluetooth: HCI UART protocol QCA registered
[    3.069898] usbcore: registered new interface driver bcm203x
[    3.075516] usbcore: registered new interface driver bpa10x
[    3.081051] usbcore: registered new interface driver bfusb
[    3.086505] usbcore: registered new interface driver btusb
[    3.091967] usbcore: registered new interface driver ath3k
[    3.097449] EDAC MC: ECC not enabled
[    3.101076] EDAC DEVICE0: Giving out device to module zynqmp-ocm-edac controller zynqmp_ocm: DEV ff960000.memory-controller (INTERRUPT)
[    3.113386] sdhci: Secure Digital Host Controller Interface driver
[    3.119179] sdhci: Copyright(c) Pierre Ossman
[    3.123501] sdhci-pltfm: SDHCI platform and OF driver helper
[    3.129551] ledtrig-cpu: registered to indicate activity on CPUs
[    3.135108] SMCCC: SOC_ID: ARCH_SOC_ID not implemented, skipping ....
[    3.141539] zynqmp_firmware_probe Platform Management API v1.1
[    3.147293] zynqmp_firmware_probe Trustzone version v1.0
[    3.186849] zynqmp-pinctrl firmware:zynqmp-firmware:pinctrl: zynqmp pinctrl initialized
[    3.234840] zynqmp-aes firmware:zynqmp-firmware:zynqmp-aes: will run requests pump with realtime priority
[    3.250712] alg: No test for xilinx-keccak-384 (zynqmp-keccak-384)
[    3.251417] alg: No test for xilinx-zynqmp-rsa (zynqmp-rsa)
[    3.256929] usbcore: registered new interface driver usbhid
[    3.262320] usbhid: USB HID core driver
[    3.273567] axi_sysid 85000000.axi-sysid-0: AXI System ID core version (1.01.a) found
[    3.275929] axi_sysid 85000000.axi-sysid-0: [ad9081_fmca_ebz] on [zcu102] git branch <master> git <084d44c9780640ca93fd847b1d9ec70dd65f5c67> clean [2022-03-18 04:17:50] UTC
[    3.291602] fpga_manager fpga0: Xilinx ZynqMP FPGA Manager registered
[    3.297961] usbcore: registered new interface driver snd-usb-audio
[    3.305411] pktgen: Packet Generator for packet performance testing. Version: 2.75
[    3.311595] Initializing XFRM netlink socket
[    3.315447] NET: Registered protocol family 10
[    3.320166] Segment Routing with IPv6
[    3.323538] sit: IPv6, IPv4 and MPLS over IPv4 tunneling driver
[    3.329622] NET: Registered protocol family 17
[    3.333721] NET: Registered protocol family 15
[    3.338216] can: controller area network core
[    3.342470] NET: Registered protocol family 29
[    3.346860] can: raw protocol
[    3.349797] can: broadcast manager protocol
[    3.353950] can: netlink gateway - max_hops=1
[    3.358342] Bluetooth: RFCOMM TTY layer initialized
[    3.363125] Bluetooth: RFCOMM socket layer initialized
[    3.368234] Bluetooth: RFCOMM ver 1.11
[    3.371946] Bluetooth: BNEP (Ethernet Emulation) ver 1.3
[    3.377215] Bluetooth: BNEP filters: protocol multicast
[    3.382408] Bluetooth: BNEP socket layer initialized
[    3.387336] Bluetooth: HIDP (Human Interface Emulation) ver 1.2
[    3.393219] Bluetooth: HIDP socket layer initialized
[    3.398273] 9pnet: Installing 9P2000 support
[    3.402396] NET: Registered protocol family 36
[    3.406815] Key type dns_resolver registered
[    3.411241] registered taskstats version 1
[    3.415109] Loading compiled-in X.509 certificates
[    3.420223] Btrfs loaded, crc32c=crc32c-generic
[    3.432614] ff000000.serial: ttyPS0 at MMIO 0xff000000 (irq = 49, base_baud = 6249999) is a xuartps
[    3.441635] printk: console [ttyPS0] enabled
[    3.445930] printk: bootconsole [cdns0] disabled
[    3.455555] ff010000.serial: ttyPS1 at MMIO 0xff010000 (irq = 50, base_baud = 6249999) is a xuartps
[    3.468806] of-fpga-region fpga-full: FPGA Region probed
[    3.475760] nwl-pcie fd0e0000.pcie: host bridge /axi/pcie@fd0e0000 ranges:
[    3.482655] nwl-pcie fd0e0000.pcie:      MEM 0x00e0000000..0x00efffffff -> 0x00e0000000
[    3.490661] nwl-pcie fd0e0000.pcie:      MEM 0x0600000000..0x07ffffffff -> 0x0600000000
[    3.498730] nwl-pcie fd0e0000.pcie: Link is DOWN
[    3.503487] nwl-pcie fd0e0000.pcie: PCI host bridge to bus 0000:00
[    3.509669] pci_bus 0000:00: root bus resource [bus 00-ff]
[    3.515149] pci_bus 0000:00: root bus resource [mem 0xe0000000-0xefffffff]
[    3.522014] pci_bus 0000:00: root bus resource [mem 0x600000000-0x7ffffffff pref]
[    3.529517] pci 0000:00:00.0: [10ee:d021] type 01 class 0x060400
[    3.535579] pci 0000:00:00.0: PME# supported from D0 D1 D2 D3hot
[    3.546020] pci 0000:00:00.0: PCI bridge to [bus 01-0c]
[    3.552009] xilinx-zynqmp-dma fd500000.dma: ZynqMP DMA driver Probe success
[    3.559185] xilinx-zynqmp-dma fd510000.dma: ZynqMP DMA driver Probe success
[    3.566361] xilinx-zynqmp-dma fd520000.dma: ZynqMP DMA driver Probe success
[    3.573528] xilinx-zynqmp-dma fd530000.dma: ZynqMP DMA driver Probe success
[    3.580696] xilinx-zynqmp-dma fd540000.dma: ZynqMP DMA driver Probe success
[    3.587871] xilinx-zynqmp-dma fd550000.dma: ZynqMP DMA driver Probe success
[    3.595045] xilinx-zynqmp-dma fd560000.dma: ZynqMP DMA driver Probe success
[    3.602212] xilinx-zynqmp-dma fd570000.dma: ZynqMP DMA driver Probe success
[    3.609610] xilinx-zynqmp-dpdma fd4c0000.dma-controller: Xilinx DPDMA engine is probed
[    3.618157] ahci-ceva fd0c0000.ahci: supply ahci not found, using dummy regulator
[    3.625706] ahci-ceva fd0c0000.ahci: supply phy not found, using dummy regulator
[    3.715919] hmc7044 spi2.0: PLL1: Acquisition, CLKIN0 @ 122880000 Hz, PFD: 80 kHz - PLL2: Locked @ 2768.000000 MHz
[    3.726635] jesd204: /axi/spi@ff050000/hmc7044@0,jesd204:1,parent=spi2.0: Using as SYSREF provider
[    3.736222] spi-nor spi0.0: SPI-NOR-UniqueID 100000235394732200270025081115266e
[    3.743532] spi-nor spi0.0: found n25q512a, expected m25p80
[    3.749721] spi-nor spi0.0: trying to lock already unlocked area
[    3.755725] spi-nor spi0.0: n25q512a (131072 Kbytes)
[    3.760703] 4 fixed-partitions partitions found on MTD device spi0.0
[    3.767049] Creating 4 MTD partitions on "spi0.0":
[    3.771834] 0x000000000000-0x000000100000 : "qspi-fsbl-uboot"
[    3.778323] 0x000000100000-0x000000600000 : "qspi-linux"
[    3.784283] 0x000000600000-0x000000620000 : "qspi-device-tree"
[    3.790762] 0x000000620000-0x000000c00000 : "qspi-rootfs"
[    3.799226] macb ff0e0000.ethernet: Not enabling partial store and forward
[    3.806752] libphy: MACB_mii_bus: probed
[    3.811812] macb ff0e0000.ethernet eth0: Cadence GEM rev 0x50070106 at 0xff0e0000 irq 30 (00:0a:35:04:8e:1b)
[    3.822019] xilinx-axipmon ffa00000.perf-monitor: Probed Xilinx APM
[    3.828594] xilinx-axipmon fd0b0000.perf-monitor: Probed Xilinx APM
[    3.835113] xilinx-axipmon fd490000.perf-monitor: Probed Xilinx APM
[    3.841657] xilinx-axipmon ffa10000.perf-monitor: Probed Xilinx APM
[    3.851650] pca953x 0-0020: supply vcc not found, using dummy regulator
[    3.858336] pca953x 0-0020: using no AI
[    3.862822] gpio-496 (sel0): hogged as output/low
[    3.867721] gpio-497 (sel1): hogged as output/high
[    3.872708] gpio-498 (sel2): hogged as output/high
[    3.877697] gpio-499 (sel3): hogged as output/high
[    3.882878] pca953x 0-0021: supply vcc not found, using dummy regulator
[    3.889551] pca953x 0-0021: using no AI
[    3.895311] ina2xx 2-0040: power monitor ina226 (Rshunt = 5000 uOhm)
[    3.902341] ina2xx 2-0041: power monitor ina226 (Rshunt = 5000 uOhm)
[    3.909375] ina2xx 2-0042: power monitor ina226 (Rshunt = 5000 uOhm)
[    3.916410] ina2xx 2-0043: power monitor ina226 (Rshunt = 5000 uOhm)
[    3.923435] ina2xx 2-0044: power monitor ina226 (Rshunt = 5000 uOhm)
[    3.930458] ina2xx 2-0045: power monitor ina226 (Rshunt = 5000 uOhm)
[    3.937488] ina2xx 2-0046: power monitor ina226 (Rshunt = 5000 uOhm)
[    3.944566] ina2xx 2-0047: power monitor ina226 (Rshunt = 5000 uOhm)
[    3.951590] ina2xx 2-004a: power monitor ina226 (Rshunt = 5000 uOhm)
[    3.958632] ina2xx 2-004b: power monitor ina226 (Rshunt = 5000 uOhm)
[    3.965044] i2c i2c-0: Added multiplexed i2c bus 2
[    3.970435] random: fast init done
[    3.973908] ina2xx 3-0040: power monitor ina226 (Rshunt = 2000 uOhm)
[    3.980934] ina2xx 3-0041: power monitor ina226 (Rshunt = 5000 uOhm)
[    3.987961] ina2xx 3-0042: power monitor ina226 (Rshunt = 5000 uOhm)
[    3.994992] ina2xx 3-0043: power monitor ina226 (Rshunt = 5000 uOhm)
[    4.002018] ina2xx 3-0044: power monitor ina226 (Rshunt = 5000 uOhm)
[    4.009045] ina2xx 3-0045: power monitor ina226 (Rshunt = 5000 uOhm)
[    4.016080] ina2xx 3-0046: power monitor ina226 (Rshunt = 5000 uOhm)
[    4.023107] ina2xx 3-0047: power monitor ina226 (Rshunt = 5000 uOhm)
[    4.029508] i2c i2c-0: Added multiplexed i2c bus 3
[    4.084846] i2c i2c-0: Added multiplexed i2c bus 4
[    4.089788] i2c i2c-0: Added multiplexed i2c bus 5
[    4.094578] pca954x 0-0075: registered 4 multiplexed busses for I2C mux pca9544
[    4.101927] cdns-i2c ff020000.i2c: 400 kHz mmio ff020000 irq 32
[    4.109656] at24 6-0054: supply vcc not found, using dummy regulator
[    4.116557] at24 6-0054: 1024 byte 24c08 EEPROM, writable, 1 bytes/write
[    4.123304] i2c i2c-1: Added multiplexed i2c bus 6
[    4.129728] si5341 7-0036: Chip: 5341 Grade: 1 Rev: 1
[    4.167383] i2c i2c-1: Added multiplexed i2c bus 7
[    4.175037] si570 8-005d: registered, current frequency 300000000 Hz
[    4.181435] i2c i2c-1: Added multiplexed i2c bus 8
[    4.201211] si570 9-005d: registered, current frequency 148500000 Hz
[    4.207614] i2c i2c-1: Added multiplexed i2c bus 9
[    4.212645] si5324 10-0069: si5328 probed
[    4.280105] si5324 10-0069: si5328 probe successful
[    4.285034] i2c i2c-1: Added multiplexed i2c bus 10
[    4.290061] i2c i2c-1: Added multiplexed i2c bus 11
[    4.295088] i2c i2c-1: Added multiplexed i2c bus 12
[    4.300109] i2c i2c-1: Added multiplexed i2c bus 13
[    4.304989] pca954x 1-0074: registered 8 multiplexed busses for I2C switch pca9548
[    4.313095] at24 14-0050: supply vcc not found, using dummy regulator
[    4.319893] at24 14-0050: 256 byte 24c02 EEPROM, writable, 1 bytes/write
[    4.326641] i2c i2c-1: Added multiplexed i2c bus 14
[    4.331683] i2c i2c-1: Added multiplexed i2c bus 15
[    4.336715] i2c i2c-1: Added multiplexed i2c bus 16
[    4.341752] i2c i2c-1: Added multiplexed i2c bus 17
[    4.346782] i2c i2c-1: Added multiplexed i2c bus 18
[    4.351834] i2c i2c-1: Added multiplexed i2c bus 19
[    4.356870] i2c i2c-1: Added multiplexed i2c bus 20
[    4.361908] i2c i2c-1: Added multiplexed i2c bus 21
[    4.366782] pca954x 1-0075: registered 8 multiplexed busses for I2C switch pca9548
[    4.374391] cdns-i2c ff030000.i2c: 400 kHz mmio ff030000 irq 33
[    4.384140] cdns-wdt fd4d0000.watchdog: Xilinx Watchdog Timer with timeout 60s
[    4.395084] axi_adxcvr 84a60000.axi-adxcvr-rx: AXI-ADXCVR-RX (17.05.a) using CPLL on GTH4 at 0x84A60000. Number of lanes: 4.
[    4.407261] axi_adxcvr 84b60000.axi-adxcvr-tx: AXI-ADXCVR-TX (17.05.a) using QPLL on GTH4 at 0x84B60000. Number of lanes: 4.
[    4.418881] axi-jesd204-rx 84a90000.axi-jesd204-rx: AXI-JESD204-RX (1.07.a) at 0x84A90000. Encoder 8b10b, width 4/4, lanes 4, jesd204-fsm.
[    4.426168] mmc0: SDHCI controller on ff170000.mmc [ff170000.mmc] using ADMA 64-bit
[    4.431724] axi-jesd204-tx 84b90000.axi-jesd204-tx: AXI-JESD204-TX (1.06.a) at 0x84B90000. Encoder 8b10b, width 4/4, lanes 4, jesd204-fsm.
[    4.452443] zynqmp-display fd4a0000.display: vtc bridge property not present
[    4.462101] xilinx-dp-snd-codec fd4a0000.display:zynqmp_dp_snd_codec0: Failed to get required clock freq
[    4.471603] xilinx-dp-snd-codec: probe of fd4a0000.display:zynqmp_dp_snd_codec0 failed with error -22
[    4.473531] mmc0: new high speed SDHC card at address 0001
[    4.481140] xilinx-dp-snd-pcm zynqmp_dp_snd_pcm0: Xilinx DisplayPort Sound PCM probed
[    4.486656] mmcblk0: mmc0:0001 EB1QT 29.8 GiB 
[    4.494460] xilinx-dp-snd-pcm zynqmp_dp_snd_pcm1: Xilinx DisplayPort Sound PCM probed
[    4.499800]  mmcblk0: p1 p2 p3
[    4.506761] OF: graph: no port node found in /axi/display@fd4a0000
[    4.515835] xlnx-drm xlnx-drm.0: bound fd4a0000.display (ops 0xffffffc010fcbdb8)
[    5.599765] zynqmp-display fd4a0000.display: [drm] Cannot find any crtc or sizes
[    5.607384] [drm] Initialized xlnx 1.0.0 20130509 for fd4a0000.display on minor 0
[    5.614873] zynqmp-display fd4a0000.display: ZynqMP DisplayPort Subsystem driver probed
[    5.623199] ahci-ceva fd0c0000.ahci: supply ahci not found, using dummy regulator
[    5.630744] ahci-ceva fd0c0000.ahci: supply phy not found, using dummy regulator
[    5.638202] ahci-ceva fd0c0000.ahci: supply target not found, using dummy regulator
[    5.656099] ahci-ceva fd0c0000.ahci: AHCI 0001.0301 32 slots 2 ports 6 Gbps 0x3 impl platform mode
[    5.665061] ahci-ceva fd0c0000.ahci: flags: 64bit ncq sntf pm clo only pmp fbs pio slum part ccc sds apst 
[    5.675686] scsi host0: ahci-ceva
[    5.679281] scsi host1: ahci-ceva
[    5.682708] ata1: SATA max UDMA/133 mmio [mem 0xfd0c0000-0xfd0c1fff] port 0x100 irq 45
[    5.690618] ata2: SATA max UDMA/133 mmio [mem 0xfd0c0000-0xfd0c1fff] port 0x180 irq 45
[    5.699221] ad9081 spi1.0: supply vdd not found, using dummy regulator
[    6.009966] ata2: SATA link down (SStatus 0 SControl 330)
[    6.015383] ata1: SATA link down (SStatus 0 SControl 330)
[    6.683767] zynqmp-display fd4a0000.display: [drm] Cannot find any crtc or sizes
[    7.519973] ad9081 spi1.0: AD9081 Rev. 2 Grade 10 (API 1.2.2) probed
[    7.527176] xhci-hcd xhci-hcd.1.auto: xHCI Host Controller
[    7.532670] xhci-hcd xhci-hcd.1.auto: new USB bus registered, assigned bus number 1
[    7.540415] xhci-hcd xhci-hcd.1.auto: hcc params 0x0238f625 hci version 0x100 quirks 0x0000000002010810
[    7.549834] xhci-hcd xhci-hcd.1.auto: irq 59, io mem 0xfe200000
[    7.555948] usb usb1: New USB device found, idVendor=1d6b, idProduct=0002, bcdDevice= 5.10
[    7.564208] usb usb1: New USB device strings: Mfr=3, Product=2, SerialNumber=1
[    7.571425] usb usb1: Product: xHCI Host Controller
[    7.576293] usb usb1: Manufacturer: Linux 5.10.0-98103-g2aa7ac113716 xhci-hcd
[    7.583418] usb usb1: SerialNumber: xhci-hcd.1.auto
[    7.588586] hub 1-0:1.0: USB hub found
[    7.592347] hub 1-0:1.0: 1 port detected
[    7.596451] xhci-hcd xhci-hcd.1.auto: xHCI Host Controller
[    7.601931] xhci-hcd xhci-hcd.1.auto: new USB bus registered, assigned bus number 2
[    7.609586] xhci-hcd xhci-hcd.1.auto: Host supports USB 3.0 SuperSpeed
[    7.616209] usb usb2: New USB device found, idVendor=1d6b, idProduct=0003, bcdDevice= 5.10
[    7.624471] usb usb2: New USB device strings: Mfr=3, Product=2, SerialNumber=1
[    7.631689] usb usb2: Product: xHCI Host Controller
[    7.636559] usb usb2: Manufacturer: Linux 5.10.0-98103-g2aa7ac113716 xhci-hcd
[    7.643685] usb usb2: SerialNumber: xhci-hcd.1.auto
[    7.648796] hub 2-0:1.0: USB hub found
[    7.652556] hub 2-0:1.0: 1 port detected
[    7.682595] cf_axi_adc 84a10000.axi-ad9081-rx-hpc: ADI AIM (10.01.b) at 0x84A10000 mapped to 0x(____ptrval____), probed ADC AD9081 as MASTER
[    7.712589] cf_axi_dds 84b10000.axi-ad9081-tx-hpc: Analog Devices CF_AXI_DDS_DDS MASTER (9.01.b) at 0x84B10000 mapped to 0x(____ptrval____), probed DDS AD9081
[    7.726795] jesd204: /axi/spi@ff040000/ad9081@0,jesd204:0,parent=spi1.0: JESD204[2] transition initialized -> probed
[    7.737315] jesd204: /axi/spi@ff040000/ad9081@0,jesd204:0,parent=spi1.0: JESD204[0] transition initialized -> probed
[    7.747839] jesd204: /axi/spi@ff040000/ad9081@0,jesd204:0,parent=spi1.0: JESD204[2] transition probed -> idle
[    7.757745] jesd204: /axi/spi@ff040000/ad9081@0,jesd204:0,parent=spi1.0: JESD204[0] transition probed -> idle
[    7.767663] jesd204: /axi/spi@ff040000/ad9081@0,jesd204:0,parent=spi1.0: JESD204[2] transition idle -> device_init
[    7.778004] jesd204: /axi/spi@ff040000/ad9081@0,jesd204:0,parent=spi1.0: JESD204[0] transition idle -> device_init
[    7.788358] jesd204: /axi/spi@ff040000/ad9081@0,jesd204:0,parent=spi1.0: JESD204[2] transition device_init -> link_init
[    7.799142] jesd204: /axi/spi@ff040000/ad9081@0,jesd204:0,parent=spi1.0: JESD204[0] transition device_init -> link_init
[    7.809932] jesd204: /axi/spi@ff040000/ad9081@0,jesd204:0,parent=spi1.0: JESD204[2] transition link_init -> link_supported
[    7.820971] jesd204: /axi/spi@ff040000/ad9081@0,jesd204:0,parent=spi1.0: JESD204[0] transition link_init -> link_supported
[    7.832383] hmc7044 spi2.0: hmc7044_jesd204_link_pre_setup: Link2 forcing continuous SYSREF mode
[    7.841564] jesd204: /axi/spi@ff040000/ad9081@0,jesd204:0,parent=spi1.0: JESD204[2] transition link_supported -> link_pre_setup
[    7.853037] jesd204: /axi/spi@ff040000/ad9081@0,jesd204:0,parent=spi1.0: JESD204[0] transition link_supported -> link_pre_setup
[    7.876826] jesd204: /axi/spi@ff040000/ad9081@0,jesd204:0,parent=spi1.0: JESD204[2] transition link_pre_setup -> clk_sync_stage1
[    7.888390] jesd204: /axi/spi@ff040000/ad9081@0,jesd204:0,parent=spi1.0: JESD204[0] transition link_pre_setup -> clk_sync_stage1
[    7.899955] jesd204: /axi/spi@ff040000/ad9081@0,jesd204:0,parent=spi1.0: JESD204[2] transition clk_sync_stage1 -> clk_sync_stage2
[    7.911604] jesd204: /axi/spi@ff040000/ad9081@0,jesd204:0,parent=spi1.0: JESD204[0] transition clk_sync_stage1 -> clk_sync_stage2
[    7.923251] jesd204: /axi/spi@ff040000/ad9081@0,jesd204:0,parent=spi1.0: JESD204[2] transition clk_sync_stage2 -> clk_sync_stage3
[    7.934895] jesd204: /axi/spi@ff040000/ad9081@0,jesd204:0,parent=spi1.0: JESD204[0] transition clk_sync_stage2 -> clk_sync_stage3
[    7.948618] jesd204: /axi/spi@ff040000/ad9081@0,jesd204:0,parent=spi1.0: JESD204[2] transition clk_sync_stage3 -> link_setup
[    7.959838] jesd204: /axi/spi@ff040000/ad9081@0,jesd204:0,parent=spi1.0: JESD204[0] transition clk_sync_stage3 -> link_setup
[    7.975881] jesd204: /axi/spi@ff040000/ad9081@0,jesd204:0,parent=spi1.0: JESD204[2] transition link_setup -> opt_setup_stage1
[    7.987187] jesd204: /axi/spi@ff040000/ad9081@0,jesd204:0,parent=spi1.0: JESD204[0] transition link_setup -> opt_setup_stage1
[    8.003519] jesd204: /axi/spi@ff040000/ad9081@0,jesd204:0,parent=spi1.0: JESD204[2] transition opt_setup_stage1 -> opt_setup_stage2
[    8.015344] jesd204: /axi/spi@ff040000/ad9081@0,jesd204:0,parent=spi1.0: JESD204[0] transition opt_setup_stage1 -> opt_setup_stage2
[    8.027316] jesd204: /axi/spi@ff040000/ad9081@0,jesd204:0,parent=spi1.0: JESD204[2] transition opt_setup_stage2 -> opt_setup_stage3
[    8.039137] jesd204: /axi/spi@ff040000/ad9081@0,jesd204:0,parent=spi1.0: JESD204[0] transition opt_setup_stage2 -> opt_setup_stage3
[    8.050959] jesd204: /axi/spi@ff040000/ad9081@0,jesd204:0,parent=spi1.0: JESD204[2] transition opt_setup_stage3 -> opt_setup_stage4
[    8.062778] jesd204: /axi/spi@ff040000/ad9081@0,jesd204:0,parent=spi1.0: JESD204[0] transition opt_setup_stage3 -> opt_setup_stage4
[    8.074611] jesd204: /axi/spi@ff040000/ad9081@0,jesd204:0,parent=spi1.0: JESD204[2] transition opt_setup_stage4 -> opt_setup_stage5
[    8.086432] jesd204: /axi/spi@ff040000/ad9081@0,jesd204:0,parent=spi1.0: JESD204[0] transition opt_setup_stage4 -> opt_setup_stage5
[    8.102363] jesd204: /axi/spi@ff040000/ad9081@0,jesd204:0,parent=spi1.0: JESD204[2] transition opt_setup_stage5 -> clocks_enable
[    8.113923] jesd204: /axi/spi@ff040000/ad9081@0,jesd204:0,parent=spi1.0: JESD204[0] transition opt_setup_stage5 -> clocks_enable
[    8.160837] axi_adxcvr 84a60000.axi-adxcvr-rx: adxcvr_clk_enable: CPLL RX buffer underflow error, status: 0x61
[    8.170826] axi_adxcvr 84a60000.axi-adxcvr-rx: adxcvr_clk_enable: CPLL RX buffer overflow error, status: 0x61
[    8.180799] jesd204: /axi/spi@ff040000/ad9081@0,jesd204:0,parent=spi1.0: JESD204[2] transition clocks_enable -> link_enable
[    8.191930] jesd204: /axi/spi@ff040000/ad9081@0,jesd204:0,parent=spi1.0: JESD204[0] transition clocks_enable -> link_enable
[    8.223985] ad9081 spi1.0: JESD RX (JTX) Link2 in DATA, SYNC deasserted, PLL locked, PHASE established, MODE valid
[    8.234588] ad9081 spi1.0: JESD TX (JRX) Link0 0xF lanes in DATA
[    8.240600] jesd204: /axi/spi@ff040000/ad9081@0,jesd204:0,parent=spi1.0: JESD204[2] transition link_enable -> link_running
[    8.251637] jesd204: /axi/spi@ff040000/ad9081@0,jesd204:0,parent=spi1.0: JESD204[0] transition link_enable -> link_running
[    8.262683] jesd204: /axi/spi@ff040000/ad9081@0,jesd204:0,parent=spi1.0: JESD204[2] transition link_running -> opt_post_running_stage
[    8.274675] jesd204: /axi/spi@ff040000/ad9081@0,jesd204:0,parent=spi1.0: JESD204[0] transition link_running -> opt_post_running_stage
[    8.295889] input: gpio-keys as /devices/platform/gpio-keys/input/input0
[    8.302898] of_cfs_init
[    8.305362] of_cfs_init: OK
[    8.308300] cfg80211: Loading compiled-in X.509 certificates for regulatory database
[    8.446437] cfg80211: Loaded X.509 cert 'sforshee: 00b28ddf47aef9cea7'
[    8.452968] clk: Not disabling unused clocks
[    8.457495] ALSA device list:
[    8.460455]   No soundcards found.
[    8.464108] platform regulatory.0: Direct firmware load for regulatory.db failed with error -2
[    8.472718] cfg80211: failed to load regulatory.db
[    8.487286] EXT4-fs (mmcblk0p2): mounted filesystem with ordered data mode. Opts: (null)
[    8.495396] VFS: Mounted root (ext4 filesystem) on device 179:2.
[    8.508736] devtmpfs: mounted
[    8.512552] Freeing unused kernel memory: 2560K
[    8.527804] Run /sbin/init as init process
[    8.531896]   with arguments:
[    8.531899]     /sbin/init
[    8.531901]   with environment:
[    8.531903]     HOME=/
[    8.531905]     TERM=linux
[    9.099823] systemd[1]: systemd 241 running in system mode. (+PAM +AUDIT +SELINUX +IMA +APPARMOR +SMACK +SYSVINIT +UTMP +LIBCRYPTSETUP +GCRYPT +GNUTLS +ACL +XZ +LZ4 +SECCOMP +BLKID +ELFUTILS +KMOD -IDN2 +IDN -PCRE2 default-hierarchy=hybrid)
[    9.121697] systemd[1]: Detected architecture arm64.
[    9.144460] systemd[1]: Set hostname to <analog>.
[    9.339903] systemd[1]: File /lib/systemd/system/systemd-journald.service:12 configures an IP firewall (IPAddressDeny=any), but the local system does not support BPF/cgroup based firewalling.
[    9.356995] systemd[1]: Proceeding WITHOUT firewalling in effect! (This warning is only shown for the first loaded unit using IP firewalling.)
[    9.519991] systemd[1]: /etc/systemd/system/tof-server.service:1: Assignment outside of section. Ignoring.
[    9.529706] systemd[1]: /etc/systemd/system/tof-server.service:2: Assignment outside of section. Ignoring.
[    9.712500] random: systemd: uninitialized urandom read (16 bytes read)
[    9.727220] random: systemd: uninitialized urandom read (16 bytes read)
[    9.734222] systemd[1]: Listening on udev Kernel Socket.
[    9.755830] random: systemd: uninitialized urandom read (16 bytes read)
[    9.762610] systemd[1]: Listening on initctl Compatibility Named Pipe.
[    9.784373] systemd[1]: Created slice system-getty.slice.
[   10.356430] ------------[ cut here ]------------
[   10.356439] Enabling unprepared \xa0\xe9Q\x88\xff\xff\xffpQ\x88\xff\xff\xff
[   10.356485] WARNING: CPU: 0 PID: 113 at drivers/clk/clk.c:1012 clk_core_enable+0xa4/0xc0
[   10.356488] Modules linked in:
[   10.356498] CPU: 0 PID: 113 Comm: kworker/0:1H Not tainted 5.10.0-98103-g2aa7ac113716 #5577
[   10.356501] Hardware name: ZynqMP ZCU102 Rev1.0 (DT)
[   10.356511] Workqueue: kblockd blk_mq_run_work_fn
[   10.356519] pstate: 80000085 (Nzcv daIf -PAN -UAO -TCO BTYPE=--)
[   10.356524] pc : clk_core_enable+0xa4/0xc0
[   10.356529] lr : clk_core_enable+0xa4/0xc0
[   10.356532] sp : ffffffc0127cb2d0
[   10.356535] x29: ffffffc0127cb2d0 x28: ffffff8800330c10 
[   10.356542] x27: ffffff8800330d48 x26: 0000005000000101 
[   10.356549] x25: 000000026358a718 x24: 0000000000000001 
[   10.356556] x23: ffffff88010e9380 x22: ffffff8801083220 
[   10.356562] x21: ffffff8801517000 x20: ffffff8801517008 
[   10.356569] x19: ffffff8801517008 x18: 0000000000000030 
[   10.356575] x17: 00017529fffe8ad6 x16: 0000000000000000 
[   10.356582] x15: ffffffffffff8750 x14: ffffffc011d3b1a0 
[   10.356588] x13: ffffffc011d3b1c8 x12: 00000000000005eb 
[   10.356594] x11: 00000000000001f9 x10: ffffffc011d671c8 
[   10.356601] x9 : 00000000fffff800 x8 : ffffffc011d3b1c8 
[   10.356608] x7 : ffffffc011d671c8 x6 : 0000000000000001 
[   10.356614] x5 : ffffff887f7669e0 x4 : 0000000000000000 
[   10.356620] x3 : 0000000000000027 x2 : 0000000000000023 
[   10.356627] x1 : 3e8f9fda3bd27f00 x0 : 0000000000000000 
[   10.356633] Call trace:
[   10.356640]  clk_core_enable+0xa4/0xc0
[   10.356645]  clk_enable+0x2c/0x60
[   10.356651]  zynqmp_runtime_resume+0x24/0x84
[   10.356658]  pm_generic_runtime_resume+0x30/0x50
[   10.356664]  __genpd_runtime_resume+0x30/0xb0
[   10.356670]  genpd_runtime_resume+0x90/0x250
[   10.356676]  __rpm_callback+0x10c/0x1e0
[   10.356681]  rpm_callback+0x5c/0x84
[   10.356686]  rpm_resume+0x4a4/0x74c
[   10.356691]  __pm_runtime_resume+0x78/0xc4
[   10.356696]  spi_mem_access_start.isra.0+0x30/0x80
[   10.356701]  spi_mem_exec_op+0x3b0/0x424
[   10.356706]  spi_nor_read_sr+0x78/0xe0
[   10.356711]  spi_nor_wait_till_ready_with_timeout+0xb4/0x2f0
[   10.356715]  spi_nor_read+0x188/0x380
[   10.356720]  mtd_read_oob_std+0x78/0x84
[   10.356725]  mtd_read_oob+0x7c/0x134
[   10.356729]  mtd_read+0x48/0x7c
[   10.356735]  mtdblock_readsect+0x6c/0x150
[   10.356740]  mtd_queue_rq+0x2cc/0x5a0
[   10.356746]  blk_mq_dispatch_rq_list+0x110/0x790
[   10.356752]  __blk_mq_do_dispatch_sched+0x200/0x274
[   10.356757]  __blk_mq_sched_dispatch_requests+0x1a8/0x1fc
[   10.356763]  blk_mq_sched_dispatch_requests+0x3c/0x7c
[   10.356768]  __blk_mq_run_hw_queue+0x98/0x100
[   10.356772]  blk_mq_run_work_fn+0x24/0x30
[   10.356778]  process_one_work+0x1d4/0x380
[   10.356782]  worker_thread+0x78/0x4e0
[   10.356788]  kthread+0x124/0x130
[   10.356793]  ret_from_fork+0x10/0x3c
[   10.356796] ---[ end trace 85d767c5c684b6b3 ]---
[   10.356804] zynqmp-qspi ff0f0000.spi: Cannot enable APB clock.
[   10.356854] spi_master spi0: Failed to power device: -108
[   10.356864] blk_update_request: I/O error, dev mtdblock0, sector 8 op 0x0:(READ) flags 0x80700 phys_seg 1 prio class 0
[   10.356929] spi_master spi0: Failed to power device: -22
[   10.356937] blk_update_request: I/O error, dev mtdblock0, sector 8 op 0x0:(READ) flags 0x0 phys_seg 8 prio class 0
[   10.356942] Buffer I/O error on dev mtdblock0, logical block 8, async page read
[   10.356951] spi_master spi0: Failed to power device: -22
[   10.356957] blk_update_request: I/O error, dev mtdblock0, sector 9 op 0x0:(READ) flags 0x0 phys_seg 7 prio class 0
[   10.356960] Buffer I/O error on dev mtdblock0, logical block 9, async page read
[   10.356968] spi_master spi0: Failed to power device: -22
[   10.356973] blk_update_request: I/O error, dev mtdblock0, sector 10 op 0x0:(READ) flags 0x0 phys_seg 6 prio class 0
[   10.356977] Buffer I/O error on dev mtdblock0, logical block 10, async page read
[   10.356984] spi_master spi0: Failed to power device: -22
[   10.356990] blk_update_request: I/O error, dev mtdblock0, sector 11 op 0x0:(READ) flags 0x0 phys_seg 5 prio class 0
[   10.356993] Buffer I/O error on dev mtdblock0, logical block 11, async page read
[   10.357000] spi_master spi0: Failed to power device: -22
[   10.357006] blk_update_request: I/O error, dev mtdblock0, sector 12 op 0x0:(READ) flags 0x0 phys_seg 4 prio class 0
[   10.357009] Buffer I/O error on dev mtdblock0, logical block 12, async page read
[   10.357016] spi_master spi0: Failed to power device: -22
[   10.357022] blk_update_request: I/O error, dev mtdblock0, sector 13 op 0x0:(READ) flags 0x0 phys_seg 3 prio class 0
[   10.357026] Buffer I/O error on dev mtdblock0, logical block 13, async page read
[   10.357032] spi_master spi0: Failed to power device: -22
[   10.357038] blk_update_request: I/O error, dev mtdblock0, sector 14 op 0x0:(READ) flags 0x0 phys_seg 2 prio class 0
[   10.357041] Buffer I/O error on dev mtdblock0, logical block 14, async page read
[   10.357048] spi_master spi0: Failed to power device: -22
[   10.357053] blk_update_request: I/O error, dev mtdblock0, sector 15 op 0x0:(READ) flags 0x0 phys_seg 1 prio class 0
[   10.357057] Buffer I/O error on dev mtdblock0, logical block 15, async page read
[   10.357359] spi_master spi0: Failed to power device: -22
[   10.357367] blk_update_request: I/O error, dev mtdblock1, sector 10112 op 0x0:(READ) flags 0x80700 phys_seg 1 prio class 0
[   10.357410] spi_master spi0: Failed to power device: -22
[   10.357416] Buffer I/O error on dev mtdblock1, logical block 10112, async page read
[   10.357424] spi_master spi0: Failed to power device: -22
[   10.357428] Buffer I/O error on dev mtdblock1, logical block 10113, async page read
[   10.357436] spi_master spi0: Failed to power device: -22
[   10.357443] spi_master spi0: Failed to power device: -22
[   10.357451] spi_master spi0: Failed to power device: -22
[   10.357458] spi_master spi0: Failed to power device: -22
[   10.357465] spi_master spi0: Failed to power device: -22
[   10.357472] spi_master spi0: Failed to power device: -22
[   10.357720] spi_master spi0: Failed to power device: -22
[   10.357763] spi_master spi0: Failed to power device: -22
[   10.357773] spi_master spi0: Failed to power device: -22
[   10.357780] spi_master spi0: Failed to power device: -22
[   10.357788] spi_master spi0: Failed to power device: -22
[   10.357795] spi_master spi0: Failed to power device: -22
[   10.357803] spi_master spi0: Failed to power device: -22
[   10.357810] spi_master spi0: Failed to power device: -22
[   10.357817] spi_master spi0: Failed to power device: -22
[   10.358112] spi_master spi0: Failed to power device: -22
[   10.358156] spi_master spi0: Failed to power device: -22
[   10.358165] spi_master spi0: Failed to power device: -22
[   10.358173] spi_master spi0: Failed to power device: -22
[   10.358180] spi_master spi0: Failed to power device: -22
[   10.358188] spi_master spi0: Failed to power device: -22
[   10.358195] spi_master spi0: Failed to power device: -22
[   10.358202] spi_master spi0: Failed to power device: -22
[   10.358209] spi_master spi0: Failed to power device: -22
[   10.483694] EXT4-fs (mmcblk0p2): re-mounted. Opts: (null)
[   10.571661] systemd-journald[147]: Received request to flush runtime journal from PID 1
[   16.569986] macb ff0e0000.ethernet eth0: PHY [ff0e0000.ethernet-ffffffff:0c] driver [TI DP83867] (irq=POLL)
[   16.569999] macb ff0e0000.ethernet eth0: configuring for phy/rgmii-id link mode
[   16.867808] Adding 99324k swap on /var/swap.  Priority:-2 extents:2 across:664572k SS
[   18.647772] random: crng init done
[   18.647784] random: 7 urandom warning(s) missed due to ratelimiting
[   19.433526] broken atomic modeset userspace detected, disabling atomic
[   19.649373] macb ff0e0000.ethernet eth0: Link is Up - 1Gbps/Full - flow control off
[   19.649396] IPv6: ADDRCONF(NETDEV_CHANGE): eth0: link becomes ready
[   22.098956] broken atomic modeset userspace detected, disabling atomic
[   24.971131] broken atomic modeset userspace detected, disabling atomic
[   27.599844] broken atomic modeset userspace detected, disabling atomic