[    0.000000] Booting Linux on physical CPU 0x0000000000 [0x410fd034]
[    0.000000] Linux version 5.10.0-98103-g2aa7ac113716 (jenkins@romlxbuild1.adlk.analog.com) (aarch64-xilinx-linux-gcc.real (GCC) 10.2.0, GNU ld (GNU Binutils) 2.35.0.20200730) #5577 SMP Wed Mar 23 07:28:49 GMT 2022
[    0.000000] Machine model: ZynqMP ZCU102 Rev1.0
[    0.000000] earlycon: cdns0 at MMIO 0x00000000ff000000 (options '115200n8')
[    0.000000] printk: bootconsole [cdns0] enabled
[    0.000000] efi: UEFI not found.
[    0.000000] cma: Reserved 256 MiB at 0x0000000070000000
[    0.000000] Zone ranges:
[    0.000000]   DMA      [mem 0x0000000000000000-0x000000003fffffff]
[    0.000000]   DMA32    [mem 0x0000000040000000-0x00000000ffffffff]
[    0.000000]   Normal   [mem 0x0000000100000000-0x000000087fffffff]
[    0.000000] Movable zone start for each node
[    0.000000] Early memory node ranges
[    0.000000]   node   0: [mem 0x0000000000000000-0x000000007fffffff]
[    0.000000]   node   0: [mem 0x0000000800000000-0x000000087fffffff]
[    0.000000] Initmem setup node 0 [mem 0x0000000000000000-0x000000087fffffff]
[    0.000000] On node 0 totalpages: 1048576
[    0.000000]   DMA zone: 3584 pages used for memmap
[    0.000000]   DMA zone: 0 pages reserved
[    0.000000]   DMA zone: 262144 pages, LIFO batch:63
[    0.000000]   DMA32 zone: 3584 pages used for memmap
[    0.000000]   DMA32 zone: 262144 pages, LIFO batch:63
[    0.000000]   Normal zone: 7168 pages used for memmap
[    0.000000]   Normal zone: 524288 pages, LIFO batch:63
[    0.000000] psci: probing for conduit method from DT.
[    0.000000] psci: PSCIv1.1 detected in firmware.
[    0.000000] psci: Using standard PSCI v0.2 function IDs
[    0.000000] psci: MIGRATE_INFO_TYPE not supported.
[    0.000000] psci: SMC Calling Convention v1.2
[    0.000000] percpu: Embedded 22 pages/cpu s49496 r8192 d32424 u90112
[    0.000000] pcpu-alloc: s49496 r8192 d32424 u90112 alloc=22*4096
[    0.000000] pcpu-alloc: [0] 0 [0] 1 [0] 2 [0] 3 
[    0.000000] Detected VIPT I-cache on CPU0
[    0.000000] CPU features: detected: ARM erratum 845719
[    0.000000] Built 1 zonelists, mobility grouping on.  Total pages: 1034240
[    0.000000] Kernel command line: console=ttyPS0,115200 root=/dev/mmcblk0p2 rw earlycon rootfstype=ext4 rootwait clk_ignore_unused cpuidle.off=1 root=/dev/mmcblk0p2 rw rootwait
[    0.000000] Dentry cache hash table entries: 524288 (order: 10, 4194304 bytes, linear)
[    0.000000] Inode-cache hash table entries: 262144 (order: 9, 2097152 bytes, linear)
[    0.000000] mem auto-init: stack:off, heap alloc:off, heap free:off
[    0.000000] software IO TLB: mapped [mem 0x000000003bfff000-0x000000003ffff000] (64MB)
[    0.000000] Memory: 3761904K/4194304K available (15296K kernel code, 1636K rwdata, 11876K rodata, 2560K init, 507K bss, 170256K reserved, 262144K cma-reserved)
[    0.000000] rcu: Hierarchical RCU implementation.
[    0.000000] rcu: 	RCU event tracing is enabled.
[    0.000000] rcu: 	RCU restricting CPUs from NR_CPUS=8 to nr_cpu_ids=4.
[    0.000000] rcu: RCU calculated value of scheduler-enlistment delay is 25 jiffies.
[    0.000000] rcu: Adjusting geometry for rcu_fanout_leaf=16, nr_cpu_ids=4
[    0.000000] NR_IRQS: 64, nr_irqs: 64, preallocated irqs: 0
[    0.000000] GIC: Adjusting CPU interface base to 0x00000000f902f000
[    0.000000] GIC: Using split EOI/Deactivate mode
[    0.000000] random: get_random_bytes called from start_kernel+0x31c/0x54c with crng_init=0
[    0.000000] arch_timer: cp15 timer(s) running at 100.00MHz (phys).
[    0.000000] clocksource: arch_sys_counter: mask: 0xffffffffffffff max_cycles: 0x171024e7e0, max_idle_ns: 440795205315 ns
[    0.000003] sched_clock: 56 bits at 100MHz, resolution 10ns, wraps every 4398046511100ns
[    0.008461] Console: colour dummy device 80x25
[    0.012482] Calibrating delay loop (skipped), value calculated using timer frequency.. 200.00 BogoMIPS (lpj=400000)
[    0.022841] pid_max: default: 32768 minimum: 301
[    0.027549] Mount-cache hash table entries: 8192 (order: 4, 65536 bytes, linear)
[    0.034789] Mountpoint-cache hash table entries: 8192 (order: 4, 65536 bytes, linear)
[    0.043398] rcu: Hierarchical SRCU implementation.
[    0.047560] EFI services will not be available.
[    0.051940] smp: Bringing up secondary CPUs ...
[    0.056659] Detected VIPT I-cache on CPU1
[    0.056699] CPU1: Booted secondary processor 0x0000000001 [0x410fd034]
[    0.057063] Detected VIPT I-cache on CPU2
[    0.057087] CPU2: Booted secondary processor 0x0000000002 [0x410fd034]
[    0.057426] Detected VIPT I-cache on CPU3
[    0.057449] CPU3: Booted secondary processor 0x0000000003 [0x410fd034]
[    0.057496] smp: Brought up 1 node, 4 CPUs
[    0.091780] SMP: Total of 4 processors activated.
[    0.096452] CPU features: detected: 32-bit EL0 Support
[    0.101556] CPU features: detected: CRC32 instructions
[    0.106696] CPU: All CPU(s) started at EL2
[    0.110736] alternatives: patching kernel code
[    0.116169] devtmpfs: initialized
[    0.124057] Registered cp15_barrier emulation handler
[    0.124108] Registered setend emulation handler
[    0.128084] clocksource: jiffies: mask: 0xffffffff max_cycles: 0xffffffff, max_idle_ns: 7645041785100000 ns
[    0.137662] futex hash table entries: 1024 (order: 4, 65536 bytes, linear)
[    0.151021] pinctrl core: initialized pinctrl subsystem
[    0.151667] NET: Registered protocol family 16
[    0.156086] DMA: preallocated 512 KiB GFP_KERNEL pool for atomic allocations
[    0.162099] DMA: preallocated 512 KiB GFP_KERNEL|GFP_DMA pool for atomic allocations
[    0.169825] DMA: preallocated 512 KiB GFP_KERNEL|GFP_DMA32 pool for atomic allocations
[    0.177626] audit: initializing netlink subsys (disabled)
[    0.183078] audit: type=2000 audit(0.116:1): state=initialized audit_enabled=0 res=1
[    0.183424] hw-breakpoint: found 6 breakpoint and 4 watchpoint registers.
[    0.197454] ASID allocator initialised with 65536 entries
[    0.224343] HugeTLB registered 1.00 GiB page size, pre-allocated 0 pages
[    0.225395] HugeTLB registered 32.0 MiB page size, pre-allocated 0 pages
[    0.232065] HugeTLB registered 2.00 MiB page size, pre-allocated 0 pages
[    0.238729] HugeTLB registered 64.0 KiB page size, pre-allocated 0 pages
[    1.304293] DRBG: Continuing without Jitter RNG
[    1.382125] raid6: neonx8   gen()  2145 MB/s
[    1.450175] raid6: neonx8   xor()  1600 MB/s
[    1.518229] raid6: neonx4   gen()  2190 MB/s
[    1.586284] raid6: neonx4   xor()  1565 MB/s
[    1.654349] raid6: neonx2   gen()  2076 MB/s
[    1.722396] raid6: neonx2   xor()  1440 MB/s
[    1.790457] raid6: neonx1   gen()  1771 MB/s
[    1.858508] raid6: neonx1   xor()  1220 MB/s
[    1.926563] raid6: int64x8  gen()  1438 MB/s
[    1.994622] raid6: int64x8  xor()   771 MB/s
[    2.062688] raid6: int64x4  gen()  1599 MB/s
[    2.130751] raid6: int64x4  xor()   817 MB/s
[    2.198807] raid6: int64x2  gen()  1397 MB/s
[    2.266858] raid6: int64x2  xor()   750 MB/s
[    2.334928] raid6: int64x1  gen()  1033 MB/s
[    2.402996] raid6: int64x1  xor()   517 MB/s
[    2.403034] raid6: using algorithm neonx4 gen() 2190 MB/s
[    2.406987] raid6: .... xor() 1565 MB/s, rmw enabled
[    2.411918] raid6: using neon recovery algorithm
[    2.416928] iommu: Default domain type: Translated 
[    2.421542] SCSI subsystem initialized
[    2.425087] libata version 3.00 loaded.
[    2.425211] usbcore: registered new interface driver usbfs
[    2.430543] usbcore: registered new interface driver hub
[    2.435816] usbcore: registered new device driver usb
[    2.440950] mc: Linux media interface: v0.10
[    2.445065] videodev: Linux video capture interface: v2.00
[    2.450558] EDAC MC: Ver: 3.0.0
[    2.453998] zynqmp-ipi-mbox mailbox@ff990400: Registered ZynqMP IPI mbox with TX/RX channels.
[    2.462491] jesd204: created con: id=0, topo=0, link=0, /axi/spi@ff050000/hmc7044@0 <-> /fpga-axi@0/axi-adxcvr-tx@84b60000
[    2.473087] jesd204: created con: id=1, topo=0, link=2, /axi/spi@ff050000/hmc7044@0 <-> /fpga-axi@0/axi-adxcvr-rx@84a60000
[    2.484070] jesd204: created con: id=2, topo=0, link=0, /fpga-axi@0/axi-adxcvr-tx@84b60000 <-> /fpga-axi@0/axi-jesd204-tx@84b90000
[    2.495746] jesd204: created con: id=3, topo=0, link=2, /fpga-axi@0/axi-adxcvr-rx@84a60000 <-> /fpga-axi@0/axi-jesd204-rx@84a90000
[    2.507423] jesd204: created con: id=4, topo=0, link=0, /fpga-axi@0/axi-jesd204-tx@84b90000 <-> /fpga-axi@0/axi-ad9081-tx-hpc@84b10000
[    2.519451] jesd204: created con: id=5, topo=0, link=2, /fpga-axi@0/axi-jesd204-rx@84a90000 <-> /fpga-axi@0/axi-ad9081-rx-hpc@84a10000
[    2.531473] jesd204: created con: id=6, topo=0, link=2, /fpga-axi@0/axi-ad9081-rx-hpc@84a10000 <-> /axi/spi@ff040000/ad9081@0
[    2.542715] jesd204: created con: id=7, topo=0, link=0, /fpga-axi@0/axi-ad9081-tx-hpc@84b10000 <-> /axi/spi@ff040000/ad9081@0
[    2.553964] jesd204: /axi/spi@ff040000/ad9081@0: JESD204[2] transition uninitialized -> initialized
[    2.562951] jesd204: /axi/spi@ff040000/ad9081@0: JESD204[0] transition uninitialized -> initialized
[    2.571943] jesd204: found 8 devices and 1 topologies
[    2.576987] FPGA manager framework
[    2.580465] Advanced Linux Sound Architecture Driver Initialized.
[    2.586762] Bluetooth: Core ver 2.22
[    2.589946] NET: Registered protocol family 31
[    2.594347] Bluetooth: HCI device and connection manager initialized
[    2.600664] Bluetooth: HCI socket layer initialized
[    2.605506] Bluetooth: L2CAP socket layer initialized
[    2.610530] Bluetooth: SCO socket layer initialized
[    2.615716] clocksource: Switched to clocksource arch_sys_counter
[    2.621520] VFS: Disk quotas dquot_6.6.0
[    2.625357] VFS: Dquot-cache hash table entries: 512 (order 0, 4096 bytes)
[    2.636077] NET: Registered protocol family 2
[    2.636802] tcp_listen_portaddr_hash hash table entries: 2048 (order: 3, 32768 bytes, linear)
[    2.644997] TCP established hash table entries: 32768 (order: 6, 262144 bytes, linear)
[    2.653022] TCP bind hash table entries: 32768 (order: 7, 524288 bytes, linear)
[    2.660468] TCP: Hash tables configured (established 32768 bind 32768)
[    2.666641] UDP hash table entries: 2048 (order: 4, 65536 bytes, linear)
[    2.673307] UDP-Lite hash table entries: 2048 (order: 4, 65536 bytes, linear)
[    2.680467] NET: Registered protocol family 1
[    2.684927] RPC: Registered named UNIX socket transport module.
[    2.690543] RPC: Registered udp transport module.
[    2.695208] RPC: Registered tcp transport module.
[    2.699877] RPC: Registered tcp NFSv4.1 backchannel transport module.
[    2.706868] PCI: CLS 0 bytes, default 64
[    2.710562] hw perfevents: no interrupt-affinity property for /pmu, guessing.
[    2.717427] hw perfevents: enabled with armv8_pmuv3 PMU driver, 7 counters available
[    2.725777] Initialise system trusted keyrings
[    2.729457] workingset: timestamp_bits=62 max_order=20 bucket_order=0
[    2.736358] NFS: Registering the id_resolver key type
[    2.740808] Key type id_resolver registered
[    2.744945] Key type id_legacy registered
[    2.748936] nfs4filelayout_init: NFSv4 File Layout Driver Registering...
[    2.755602] jffs2: version 2.2. (NAND) (SUMMARY)  Â© 2001-2006 Red Hat, Inc.
[    2.797636] NET: Registered protocol family 38
[    2.797679] xor: measuring software checksum speed
[    2.805363]    8regs           :  2363 MB/sec
[    2.809032]    32regs          :  2799 MB/sec
[    2.813974]    arm64_neon      :  2380 MB/sec
[    2.814164] xor: using function: 32regs (2799 MB/sec)
[    2.819191] Key type asymmetric registered
[    2.823251] Asymmetric key parser 'x509' registered
[    2.828113] Block layer SCSI generic (bsg) driver version 0.4 loaded (major 248)
[    2.835449] io scheduler mq-deadline registered
[    2.839946] io scheduler kyber registered
[    2.869361] Serial: 8250/16550 driver, 4 ports, IRQ sharing disabled
[    2.873996] cacheinfo: Unable to detect cache hierarchy for CPU 0
[    2.880339] brd: module loaded
[    2.884482] loop: module loaded
[    2.885030] Registered mathworks_ip class
[    2.888373] libphy: Fixed MDIO Bus: probed
[    2.891336] tun: Universal TUN/TAP device driver, 1.6
[    2.895419] CAN device driver interface
[    2.899955] usbcore: registered new interface driver asix
[    2.904535] usbcore: registered new interface driver ax88179_178a
[    2.910577] usbcore: registered new interface driver cdc_ether
[    2.916371] usbcore: registered new interface driver net1080
[    2.921994] usbcore: registered new interface driver cdc_subset
[    2.927875] usbcore: registered new interface driver zaurus
[    2.933421] usbcore: registered new interface driver cdc_ncm
[    2.939829] ehci_hcd: USB 2.0 'Enhanced' Host Controller (EHCI) Driver
[    2.945503] ehci-pci: EHCI PCI platform driver
[    2.950304] usbcore: registered new interface driver uas
[    2.955223] usbcore: registered new interface driver usb-storage
[    2.961210] usbcore: registered new interface driver usbserial_generic
[    2.967660] usbserial: USB Serial support registered for generic
[    2.973632] usbcore: registered new interface driver ftdi_sio
[    2.979336] usbserial: USB Serial support registered for FTDI USB Serial Device
[    2.986612] usbcore: registered new interface driver upd78f0730
[    2.992483] usbserial: USB Serial support registered for upd78f0730
[    3.000147] rtc_zynqmp ffa60000.rtc: registered as rtc0
[    3.003908] rtc_zynqmp ffa60000.rtc: setting system clock to 2022-03-26T00:05:58 UTC (1648253158)
[    3.012771] i2c /dev entries driver
[    3.018081] usbcore: registered new interface driver uvcvideo
[    3.021884] USB Video Class driver (1.1.1)
[    3.027455] Bluetooth: HCI UART driver ver 2.3
[    3.030366] Bluetooth: HCI UART protocol H4 registered
[    3.035464] Bluetooth: HCI UART protocol BCSP registered
[    3.040753] Bluetooth: HCI UART protocol LL registered
[    3.045842] Bluetooth: HCI UART protocol ATH3K registered
[    3.051217] Bluetooth: HCI UART protocol Three-wire (H5) registered
[    3.057472] Bluetooth: HCI UART protocol Intel registered
[    3.062808] Bluetooth: HCI UART protocol QCA registered
[    3.068011] usbcore: registered new interface driver bcm203x
[    3.073632] usbcore: registered new interface driver bpa10x
[    3.079166] usbcore: registered new interface driver bfusb
[    3.084617] usbcore: registered new interface driver btusb
[    3.090081] usbcore: registered new interface driver ath3k
[    3.095562] EDAC MC: ECC not enabled
[    3.099191] EDAC DEVICE0: Giving out device to module zynqmp-ocm-edac controller zynqmp_ocm: DEV ff960000.memory-controller (INTERRUPT)
[    3.111501] sdhci: Secure Digital Host Controller Interface driver
[    3.117292] sdhci: Copyright(c) Pierre Ossman
[    3.121617] sdhci-pltfm: SDHCI platform and OF driver helper
[    3.127670] ledtrig-cpu: registered to indicate activity on CPUs
[    3.133226] SMCCC: SOC_ID: ARCH_SOC_ID not implemented, skipping ....
[    3.139646] zynqmp_firmware_probe Platform Management API v1.1
[    3.145407] zynqmp_firmware_probe Trustzone version v1.0
[    3.184945] zynqmp-pinctrl firmware:zynqmp-firmware:pinctrl: zynqmp pinctrl initialized
[    3.232969] zynqmp-aes firmware:zynqmp-firmware:zynqmp-aes: will run requests pump with realtime priority
[    3.248824] alg: No test for xilinx-keccak-384 (zynqmp-keccak-384)
[    3.249530] alg: No test for xilinx-zynqmp-rsa (zynqmp-rsa)
[    3.255043] usbcore: registered new interface driver usbhid
[    3.260434] usbhid: USB HID core driver
[    3.271654] axi_sysid 85000000.axi-sysid-0: AXI System ID core version (1.01.a) found
[    3.274021] axi_sysid 85000000.axi-sysid-0: [ad9081_fmca_ebz] on [zcu102] git branch <master> git <084d44c9780640ca93fd847b1d9ec70dd65f5c67> clean [2022-03-18 04:17:50] UTC
[    3.289698] fpga_manager fpga0: Xilinx ZynqMP FPGA Manager registered
[    3.296066] usbcore: registered new interface driver snd-usb-audio
[    3.303483] pktgen: Packet Generator for packet performance testing. Version: 2.75
[    3.309695] Initializing XFRM netlink socket
[    3.313536] NET: Registered protocol family 10
[    3.318253] Segment Routing with IPv6
[    3.321635] sit: IPv6, IPv4 and MPLS over IPv4 tunneling driver
[    3.327717] NET: Registered protocol family 17
[    3.331809] NET: Registered protocol family 15
[    3.336305] can: controller area network core
[    3.340560] NET: Registered protocol family 29
[    3.344947] can: raw protocol
[    3.347885] can: broadcast manager protocol
[    3.352038] can: netlink gateway - max_hops=1
[    3.356433] Bluetooth: RFCOMM TTY layer initialized
[    3.361214] Bluetooth: RFCOMM socket layer initialized
[    3.366320] Bluetooth: RFCOMM ver 1.11
[    3.370034] Bluetooth: BNEP (Ethernet Emulation) ver 1.3
[    3.375303] Bluetooth: BNEP filters: protocol multicast
[    3.380495] Bluetooth: BNEP socket layer initialized
[    3.385425] Bluetooth: HIDP (Human Interface Emulation) ver 1.2
[    3.391307] Bluetooth: HIDP socket layer initialized
[    3.396361] 9pnet: Installing 9P2000 support
[    3.400487] NET: Registered protocol family 36
[    3.404900] Key type dns_resolver registered
[    3.409337] registered taskstats version 1
[    3.413198] Loading compiled-in X.509 certificates
[    3.418311] Btrfs loaded, crc32c=crc32c-generic
[    3.430696] ff000000.serial: ttyPS0 at MMIO 0xff000000 (irq = 49, base_baud = 6249999) is a xuartps
[    3.439721] printk: console [ttyPS0] enabled
[    3.444020] printk: bootconsole [cdns0] disabled
[    3.453649] ff010000.serial: ttyPS1 at MMIO 0xff010000 (irq = 50, base_baud = 6249999) is a xuartps
[    3.466891] of-fpga-region fpga-full: FPGA Region probed
[    3.473857] nwl-pcie fd0e0000.pcie: host bridge /axi/pcie@fd0e0000 ranges:
[    3.480749] nwl-pcie fd0e0000.pcie:      MEM 0x00e0000000..0x00efffffff -> 0x00e0000000
[    3.488751] nwl-pcie fd0e0000.pcie:      MEM 0x0600000000..0x07ffffffff -> 0x0600000000
[    3.496813] nwl-pcie fd0e0000.pcie: Link is DOWN
[    3.501570] nwl-pcie fd0e0000.pcie: PCI host bridge to bus 0000:00
[    3.507747] pci_bus 0000:00: root bus resource [bus 00-ff]
[    3.513229] pci_bus 0000:00: root bus resource [mem 0xe0000000-0xefffffff]
[    3.520099] pci_bus 0000:00: root bus resource [mem 0x600000000-0x7ffffffff pref]
[    3.527603] pci 0000:00:00.0: [10ee:d021] type 01 class 0x060400
[    3.533659] pci 0000:00:00.0: PME# supported from D0 D1 D2 D3hot
[    3.544107] pci 0000:00:00.0: PCI bridge to [bus 01-0c]
[    3.550087] xilinx-zynqmp-dma fd500000.dma: ZynqMP DMA driver Probe success
[    3.557265] xilinx-zynqmp-dma fd510000.dma: ZynqMP DMA driver Probe success
[    3.564448] xilinx-zynqmp-dma fd520000.dma: ZynqMP DMA driver Probe success
[    3.571618] xilinx-zynqmp-dma fd530000.dma: ZynqMP DMA driver Probe success
[    3.578783] xilinx-zynqmp-dma fd540000.dma: ZynqMP DMA driver Probe success
[    3.585953] xilinx-zynqmp-dma fd550000.dma: ZynqMP DMA driver Probe success
[    3.593125] xilinx-zynqmp-dma fd560000.dma: ZynqMP DMA driver Probe success
[    3.600294] xilinx-zynqmp-dma fd570000.dma: ZynqMP DMA driver Probe success
[    3.607689] xilinx-zynqmp-dpdma fd4c0000.dma-controller: Xilinx DPDMA engine is probed
[    3.616246] ahci-ceva fd0c0000.ahci: supply ahci not found, using dummy regulator
[    3.623788] ahci-ceva fd0c0000.ahci: supply phy not found, using dummy regulator
[    3.711892] hmc7044 spi2.0: PLL1: Acquisition, CLKIN0 @ 122880000 Hz, PFD: 80 kHz - PLL2: Locked @ 2512.000000 MHz
[    3.722607] jesd204: /axi/spi@ff050000/hmc7044@0,jesd204:1,parent=spi2.0: Using as SYSREF provider
[    3.732191] spi-nor spi0.0: SPI-NOR-UniqueID 100000235394732200270025081115266e
[    3.739495] spi-nor spi0.0: found n25q512a, expected m25p80
[    3.745700] spi-nor spi0.0: trying to lock already unlocked area
[    3.751712] spi-nor spi0.0: n25q512a (131072 Kbytes)
[    3.756693] 4 fixed-partitions partitions found on MTD device spi0.0
[    3.763038] Creating 4 MTD partitions on "spi0.0":
[    3.767824] 0x000000000000-0x000000100000 : "qspi-fsbl-uboot"
[    3.774326] 0x000000100000-0x000000600000 : "qspi-linux"
[    3.780281] 0x000000600000-0x000000620000 : "qspi-device-tree"
[    3.786761] 0x000000620000-0x000000c00000 : "qspi-rootfs"
[    3.795234] macb ff0e0000.ethernet: Not enabling partial store and forward
[    3.802764] libphy: MACB_mii_bus: probed
[    3.807851] macb ff0e0000.ethernet eth0: Cadence GEM rev 0x50070106 at 0xff0e0000 irq 30 (00:0a:35:04:8e:1b)
[    3.818066] xilinx-axipmon ffa00000.perf-monitor: Probed Xilinx APM
[    3.824647] xilinx-axipmon fd0b0000.perf-monitor: Probed Xilinx APM
[    3.831161] xilinx-axipmon fd490000.perf-monitor: Probed Xilinx APM
[    3.837696] xilinx-axipmon ffa10000.perf-monitor: Probed Xilinx APM
[    3.847683] pca953x 0-0020: supply vcc not found, using dummy regulator
[    3.854365] pca953x 0-0020: using no AI
[    3.858854] gpio-496 (sel0): hogged as output/low
[    3.863757] gpio-497 (sel1): hogged as output/high
[    3.868748] gpio-498 (sel2): hogged as output/high
[    3.873737] gpio-499 (sel3): hogged as output/high
[    3.878912] pca953x 0-0021: supply vcc not found, using dummy regulator
[    3.885586] pca953x 0-0021: using no AI
[    3.891358] ina2xx 2-0040: power monitor ina226 (Rshunt = 5000 uOhm)
[    3.898393] ina2xx 2-0041: power monitor ina226 (Rshunt = 5000 uOhm)
[    3.905428] ina2xx 2-0042: power monitor ina226 (Rshunt = 5000 uOhm)
[    3.912462] ina2xx 2-0043: power monitor ina226 (Rshunt = 5000 uOhm)
[    3.919486] ina2xx 2-0044: power monitor ina226 (Rshunt = 5000 uOhm)
[    3.926507] ina2xx 2-0045: power monitor ina226 (Rshunt = 5000 uOhm)
[    3.933536] ina2xx 2-0046: power monitor ina226 (Rshunt = 5000 uOhm)
[    3.940614] ina2xx 2-0047: power monitor ina226 (Rshunt = 5000 uOhm)
[    3.947640] ina2xx 2-004a: power monitor ina226 (Rshunt = 5000 uOhm)
[    3.954681] ina2xx 2-004b: power monitor ina226 (Rshunt = 5000 uOhm)
[    3.961089] i2c i2c-0: Added multiplexed i2c bus 2
[    3.966472] random: fast init done
[    3.969939] ina2xx 3-0040: power monitor ina226 (Rshunt = 2000 uOhm)
[    3.976967] ina2xx 3-0041: power monitor ina226 (Rshunt = 5000 uOhm)
[    3.983992] ina2xx 3-0042: power monitor ina226 (Rshunt = 5000 uOhm)
[    3.991027] ina2xx 3-0043: power monitor ina226 (Rshunt = 5000 uOhm)
[    3.998051] ina2xx 3-0044: power monitor ina226 (Rshunt = 5000 uOhm)
[    4.005078] ina2xx 3-0045: power monitor ina226 (Rshunt = 5000 uOhm)
[    4.012110] ina2xx 3-0046: power monitor ina226 (Rshunt = 5000 uOhm)
[    4.019141] ina2xx 3-0047: power monitor ina226 (Rshunt = 5000 uOhm)
[    4.025540] i2c i2c-0: Added multiplexed i2c bus 3
[    4.081243] i2c i2c-0: Added multiplexed i2c bus 4
[    4.086185] i2c i2c-0: Added multiplexed i2c bus 5
[    4.090974] pca954x 0-0075: registered 4 multiplexed busses for I2C mux pca9544
[    4.098324] cdns-i2c ff020000.i2c: 400 kHz mmio ff020000 irq 32
[    4.106057] at24 6-0054: supply vcc not found, using dummy regulator
[    4.112957] at24 6-0054: 1024 byte 24c08 EEPROM, writable, 1 bytes/write
[    4.119710] i2c i2c-1: Added multiplexed i2c bus 6
[    4.126133] si5341 7-0036: Chip: 5341 Grade: 1 Rev: 1
[    4.163847] i2c i2c-1: Added multiplexed i2c bus 7
[    4.171499] si570 8-005d: registered, current frequency 300000000 Hz
[    4.177902] i2c i2c-1: Added multiplexed i2c bus 8
[    4.197687] si570 9-005d: registered, current frequency 148500000 Hz
[    4.204089] i2c i2c-1: Added multiplexed i2c bus 9
[    4.209127] si5324 10-0069: si5328 probed
[    4.276083] si5324 10-0069: si5328 probe successful
[    4.281014] i2c i2c-1: Added multiplexed i2c bus 10
[    4.286040] i2c i2c-1: Added multiplexed i2c bus 11
[    4.291072] i2c i2c-1: Added multiplexed i2c bus 12
[    4.296098] i2c i2c-1: Added multiplexed i2c bus 13
[    4.300978] pca954x 1-0074: registered 8 multiplexed busses for I2C switch pca9548
[    4.309087] at24 14-0050: supply vcc not found, using dummy regulator
[    4.315875] at24 14-0050: 256 byte 24c02 EEPROM, writable, 1 bytes/write
[    4.322622] i2c i2c-1: Added multiplexed i2c bus 14
[    4.327661] i2c i2c-1: Added multiplexed i2c bus 15
[    4.332694] i2c i2c-1: Added multiplexed i2c bus 16
[    4.337731] i2c i2c-1: Added multiplexed i2c bus 17
[    4.342765] i2c i2c-1: Added multiplexed i2c bus 18
[    4.347821] i2c i2c-1: Added multiplexed i2c bus 19
[    4.352855] i2c i2c-1: Added multiplexed i2c bus 20
[    4.357890] i2c i2c-1: Added multiplexed i2c bus 21
[    4.362771] pca954x 1-0075: registered 8 multiplexed busses for I2C switch pca9548
[    4.370379] cdns-i2c ff030000.i2c: 400 kHz mmio ff030000 irq 33
[    4.380129] cdns-wdt fd4d0000.watchdog: Xilinx Watchdog Timer with timeout 60s
[    4.391076] axi_adxcvr 84a60000.axi-adxcvr-rx: AXI-ADXCVR-RX (17.05.a) using CPLL on GTH4 at 0x84A60000. Number of lanes: 4.
[    4.403251] axi_adxcvr 84b60000.axi-adxcvr-tx: AXI-ADXCVR-TX (17.05.a) using QPLL on GTH4 at 0x84B60000. Number of lanes: 4.
[    4.414881] axi-jesd204-rx 84a90000.axi-jesd204-rx: AXI-JESD204-RX (1.07.a) at 0x84A90000. Encoder 8b10b, width 4/4, lanes 4, jesd204-fsm.
[    4.422161] mmc0: SDHCI controller on ff170000.mmc [ff170000.mmc] using ADMA 64-bit
[    4.427728] axi-jesd204-tx 84b90000.axi-jesd204-tx: AXI-JESD204-TX (1.06.a) at 0x84B90000. Encoder 8b10b, width 4/4, lanes 4, jesd204-fsm.
[    4.448441] zynqmp-display fd4a0000.display: vtc bridge property not present
[    4.458105] xilinx-dp-snd-codec fd4a0000.display:zynqmp_dp_snd_codec0: Failed to get required clock freq
[    4.467610] xilinx-dp-snd-codec: probe of fd4a0000.display:zynqmp_dp_snd_codec0 failed with error -22
[    4.469497] mmc0: new high speed SDHC card at address 0001
[    4.477148] xilinx-dp-snd-pcm zynqmp_dp_snd_pcm0: Xilinx DisplayPort Sound PCM probed
[    4.482662] mmcblk0: mmc0:0001 EB1QT 29.8 GiB 
[    4.490466] xilinx-dp-snd-pcm zynqmp_dp_snd_pcm1: Xilinx DisplayPort Sound PCM probed
[    4.495873]  mmcblk0: p1 p2 p3
[    4.502767] OF: graph: no port node found in /axi/display@fd4a0000
[    4.511822] xlnx-drm xlnx-drm.0: bound fd4a0000.display (ops 0xffffffc010fcbdb8)
[    5.595732] zynqmp-display fd4a0000.display: [drm] Cannot find any crtc or sizes
[    5.603345] [drm] Initialized xlnx 1.0.0 20130509 for fd4a0000.display on minor 0
[    5.610835] zynqmp-display fd4a0000.display: ZynqMP DisplayPort Subsystem driver probed
[    5.619158] ahci-ceva fd0c0000.ahci: supply ahci not found, using dummy regulator
[    5.626704] ahci-ceva fd0c0000.ahci: supply phy not found, using dummy regulator
[    5.634159] ahci-ceva fd0c0000.ahci: supply target not found, using dummy regulator
[    5.641997] ahci-ceva fd0c0000.ahci: AHCI 0001.0301 32 slots 2 ports 6 Gbps 0x3 impl platform mode
[    5.650950] ahci-ceva fd0c0000.ahci: flags: 64bit ncq sntf pm clo only pmp fbs pio slum part ccc sds apst 
[    5.661592] scsi host0: ahci-ceva
[    5.665185] scsi host1: ahci-ceva
[    5.668613] ata1: SATA max UDMA/133 mmio [mem 0xfd0c0000-0xfd0c1fff] port 0x100 irq 45
[    5.676522] ata2: SATA max UDMA/133 mmio [mem 0xfd0c0000-0xfd0c1fff] port 0x180 irq 45
[    5.685141] ad9081 spi1.0: supply vdd not found, using dummy regulator
[    5.997968] ata2: SATA link down (SStatus 0 SControl 330)
[    6.003387] ata1: SATA link down (SStatus 0 SControl 330)
[    6.679734] zynqmp-display fd4a0000.display: [drm] Cannot find any crtc or sizes
[    7.544691] ad9081 spi1.0: AD9081 Rev. 2 Grade 10 (API 1.2.2) probed
[    7.551901] xhci-hcd xhci-hcd.1.auto: xHCI Host Controller
[    7.557390] xhci-hcd xhci-hcd.1.auto: new USB bus registered, assigned bus number 1
[    7.565139] xhci-hcd xhci-hcd.1.auto: hcc params 0x0238f625 hci version 0x100 quirks 0x0000000002010810
[    7.574551] xhci-hcd xhci-hcd.1.auto: irq 59, io mem 0xfe200000
[    7.580650] usb usb1: New USB device found, idVendor=1d6b, idProduct=0002, bcdDevice= 5.10
[    7.588909] usb usb1: New USB device strings: Mfr=3, Product=2, SerialNumber=1
[    7.596126] usb usb1: Product: xHCI Host Controller
[    7.600996] usb usb1: Manufacturer: Linux 5.10.0-98103-g2aa7ac113716 xhci-hcd
[    7.608122] usb usb1: SerialNumber: xhci-hcd.1.auto
[    7.613293] hub 1-0:1.0: USB hub found
[    7.617057] hub 1-0:1.0: 1 port detected
[    7.621162] xhci-hcd xhci-hcd.1.auto: xHCI Host Controller
[    7.626651] xhci-hcd xhci-hcd.1.auto: new USB bus registered, assigned bus number 2
[    7.634307] xhci-hcd xhci-hcd.1.auto: Host supports USB 3.0 SuperSpeed
[    7.640931] usb usb2: New USB device found, idVendor=1d6b, idProduct=0003, bcdDevice= 5.10
[    7.649191] usb usb2: New USB device strings: Mfr=3, Product=2, SerialNumber=1
[    7.656414] usb usb2: Product: xHCI Host Controller
[    7.661287] usb usb2: Manufacturer: Linux 5.10.0-98103-g2aa7ac113716 xhci-hcd
[    7.668413] usb usb2: SerialNumber: xhci-hcd.1.auto
[    7.673524] hub 2-0:1.0: USB hub found
[    7.677284] hub 2-0:1.0: 1 port detected
[    7.707309] cf_axi_adc 84a10000.axi-ad9081-rx-hpc: ADI AIM (10.01.b) at 0x84A10000 mapped to 0x(____ptrval____), probed ADC AD9081 as MASTER
[    7.740558] cf_axi_dds 84b10000.axi-ad9081-tx-hpc: Analog Devices CF_AXI_DDS_DDS MASTER (9.01.b) at 0x84B10000 mapped to 0x(____ptrval____), probed DDS AD9081
[    7.754763] jesd204: /axi/spi@ff040000/ad9081@0,jesd204:0,parent=spi1.0: JESD204[2] transition initialized -> probed
[    7.765283] jesd204: /axi/spi@ff040000/ad9081@0,jesd204:0,parent=spi1.0: JESD204[0] transition initialized -> probed
[    7.775805] jesd204: /axi/spi@ff040000/ad9081@0,jesd204:0,parent=spi1.0: JESD204[2] transition probed -> idle
[    7.785714] jesd204: /axi/spi@ff040000/ad9081@0,jesd204:0,parent=spi1.0: JESD204[0] transition probed -> idle
[    7.795628] jesd204: /axi/spi@ff040000/ad9081@0,jesd204:0,parent=spi1.0: JESD204[2] transition idle -> device_init
[    7.805970] jesd204: /axi/spi@ff040000/ad9081@0,jesd204:0,parent=spi1.0: JESD204[0] transition idle -> device_init
[    7.816323] jesd204: /axi/spi@ff040000/ad9081@0,jesd204:0,parent=spi1.0: JESD204[2] transition device_init -> link_init
[    7.827098] jesd204: /axi/spi@ff040000/ad9081@0,jesd204:0,parent=spi1.0: JESD204[0] transition device_init -> link_init
[    7.837889] jesd204: /axi/spi@ff040000/ad9081@0,jesd204:0,parent=spi1.0: JESD204[2] transition link_init -> link_supported
[    7.848928] jesd204: /axi/spi@ff040000/ad9081@0,jesd204:0,parent=spi1.0: JESD204[0] transition link_init -> link_supported
[    7.860345] hmc7044 spi2.0: hmc7044_jesd204_link_pre_setup: Link2 forcing continuous SYSREF mode
[    7.869523] jesd204: /axi/spi@ff040000/ad9081@0,jesd204:0,parent=spi1.0: JESD204[2] transition link_supported -> link_pre_setup
[    7.881003] jesd204: /axi/spi@ff040000/ad9081@0,jesd204:0,parent=spi1.0: JESD204[0] transition link_supported -> link_pre_setup
[    7.904819] jesd204: /axi/spi@ff040000/ad9081@0,jesd204:0,parent=spi1.0: JESD204[2] transition link_pre_setup -> clk_sync_stage1
[    7.916382] jesd204: /axi/spi@ff040000/ad9081@0,jesd204:0,parent=spi1.0: JESD204[0] transition link_pre_setup -> clk_sync_stage1
[    7.927946] jesd204: /axi/spi@ff040000/ad9081@0,jesd204:0,parent=spi1.0: JESD204[2] transition clk_sync_stage1 -> clk_sync_stage2
[    7.939590] jesd204: /axi/spi@ff040000/ad9081@0,jesd204:0,parent=spi1.0: JESD204[0] transition clk_sync_stage1 -> clk_sync_stage2
[    7.951243] jesd204: /axi/spi@ff040000/ad9081@0,jesd204:0,parent=spi1.0: JESD204[2] transition clk_sync_stage2 -> clk_sync_stage3
[    7.962887] jesd204: /axi/spi@ff040000/ad9081@0,jesd204:0,parent=spi1.0: JESD204[0] transition clk_sync_stage2 -> clk_sync_stage3
[    7.976561] jesd204: /axi/spi@ff040000/ad9081@0,jesd204:0,parent=spi1.0: JESD204[2] transition clk_sync_stage3 -> link_setup
[    7.987772] jesd204: /axi/spi@ff040000/ad9081@0,jesd204:0,parent=spi1.0: JESD204[0] transition clk_sync_stage3 -> link_setup
[    8.003766] jesd204: /axi/spi@ff040000/ad9081@0,jesd204:0,parent=spi1.0: JESD204[2] transition link_setup -> opt_setup_stage1
[    8.015065] jesd204: /axi/spi@ff040000/ad9081@0,jesd204:0,parent=spi1.0: JESD204[0] transition link_setup -> opt_setup_stage1
[    8.031145] jesd204: /axi/spi@ff040000/ad9081@0,jesd204:0,parent=spi1.0: JESD204[2] transition opt_setup_stage1 -> opt_setup_stage2
[    8.042979] jesd204: /axi/spi@ff040000/ad9081@0,jesd204:0,parent=spi1.0: JESD204[0] transition opt_setup_stage1 -> opt_setup_stage2
[    8.054953] jesd204: /axi/spi@ff040000/ad9081@0,jesd204:0,parent=spi1.0: JESD204[2] transition opt_setup_stage2 -> opt_setup_stage3
[    8.066773] jesd204: /axi/spi@ff040000/ad9081@0,jesd204:0,parent=spi1.0: JESD204[0] transition opt_setup_stage2 -> opt_setup_stage3
[    8.078595] jesd204: /axi/spi@ff040000/ad9081@0,jesd204:0,parent=spi1.0: JESD204[2] transition opt_setup_stage3 -> opt_setup_stage4
[    8.090414] jesd204: /axi/spi@ff040000/ad9081@0,jesd204:0,parent=spi1.0: JESD204[0] transition opt_setup_stage3 -> opt_setup_stage4
[    8.102243] jesd204: /axi/spi@ff040000/ad9081@0,jesd204:0,parent=spi1.0: JESD204[2] transition opt_setup_stage4 -> opt_setup_stage5
[    8.114068] jesd204: /axi/spi@ff040000/ad9081@0,jesd204:0,parent=spi1.0: JESD204[0] transition opt_setup_stage4 -> opt_setup_stage5
[    8.130008] jesd204: /axi/spi@ff040000/ad9081@0,jesd204:0,parent=spi1.0: JESD204[2] transition opt_setup_stage5 -> clocks_enable
[    8.141567] jesd204: /axi/spi@ff040000/ad9081@0,jesd204:0,parent=spi1.0: JESD204[0] transition opt_setup_stage5 -> clocks_enable
[    8.188506] axi_adxcvr 84a60000.axi-adxcvr-rx: adxcvr_clk_enable: CPLL RX buffer underflow error, status: 0x61
[    8.198496] axi_adxcvr 84a60000.axi-adxcvr-rx: adxcvr_clk_enable: CPLL RX buffer overflow error, status: 0x61
[    8.208471] jesd204: /axi/spi@ff040000/ad9081@0,jesd204:0,parent=spi1.0: JESD204[2] transition clocks_enable -> link_enable
[    8.219600] jesd204: /axi/spi@ff040000/ad9081@0,jesd204:0,parent=spi1.0: JESD204[0] transition clocks_enable -> link_enable
[    8.251957] ad9081 spi1.0: JESD RX (JTX) Link2 in DATA, SYNC deasserted, PLL locked, PHASE established, MODE valid
[    8.262564] ad9081 spi1.0: JESD TX (JRX) Link0 0xF lanes in DATA
[    8.268574] jesd204: /axi/spi@ff040000/ad9081@0,jesd204:0,parent=spi1.0: JESD204[2] transition link_enable -> link_running
[    8.279612] jesd204: /axi/spi@ff040000/ad9081@0,jesd204:0,parent=spi1.0: JESD204[0] transition link_enable -> link_running
[    8.290657] jesd204: /axi/spi@ff040000/ad9081@0,jesd204:0,parent=spi1.0: JESD204[2] transition link_running -> opt_post_running_stage
[    8.302647] jesd204: /axi/spi@ff040000/ad9081@0,jesd204:0,parent=spi1.0: JESD204[0] transition link_running -> opt_post_running_stage
[    8.323861] input: gpio-keys as /devices/platform/gpio-keys/input/input0
[    8.330876] of_cfs_init
[    8.333340] of_cfs_init: OK
[    8.336279] cfg80211: Loading compiled-in X.509 certificates for regulatory database
[    8.474508] cfg80211: Loaded X.509 cert 'sforshee: 00b28ddf47aef9cea7'
[    8.481035] clk: Not disabling unused clocks
[    8.485562] ALSA device list:
[    8.488525]   No soundcards found.
[    8.492196] platform regulatory.0: Direct firmware load for regulatory.db failed with error -2
[    8.500806] cfg80211: failed to load regulatory.db
[    8.517084] EXT4-fs (mmcblk0p2): mounted filesystem with ordered data mode. Opts: (null)
[    8.525194] VFS: Mounted root (ext4 filesystem) on device 179:2.
[    8.539150] devtmpfs: mounted
[    8.542965] Freeing unused kernel memory: 2560K
[    8.547776] Run /sbin/init as init process
[    8.551868]   with arguments:
[    8.551870]     /sbin/init
[    8.551872]   with environment:
[    8.551875]     HOME=/
[    8.551877]     TERM=linux
[    9.155618] systemd[1]: systemd 241 running in system mode. (+PAM +AUDIT +SELINUX +IMA +APPARMOR +SMACK +SYSVINIT +UTMP +LIBCRYPTSETUP +GCRYPT +GNUTLS +ACL +XZ +LZ4 +SECCOMP +BLKID +ELFUTILS +KMOD -IDN2 +IDN -PCRE2 default-hierarchy=hybrid)
[    9.177492] systemd[1]: Detected architecture arm64.
[    9.200492] systemd[1]: Set hostname to <analog>.
[    9.397262] systemd[1]: File /lib/systemd/system/systemd-journald.service:12 configures an IP firewall (IPAddressDeny=any), but the local system does not support BPF/cgroup based firewalling.
[    9.414327] systemd[1]: Proceeding WITHOUT firewalling in effect! (This warning is only shown for the first loaded unit using IP firewalling.)
[    9.582976] systemd[1]: /etc/systemd/system/tof-server.service:1: Assignment outside of section. Ignoring.
[    9.592676] systemd[1]: /etc/systemd/system/tof-server.service:2: Assignment outside of section. Ignoring.
[    9.781960] random: systemd: uninitialized urandom read (16 bytes read)
[    9.796810] random: systemd: uninitialized urandom read (16 bytes read)
[    9.803634] systemd[1]: Listening on initctl Compatibility Named Pipe.
[    9.827793] random: systemd: uninitialized urandom read (16 bytes read)
[    9.834691] systemd[1]: Listening on fsck to fsckd communication Socket.
[    9.856028] systemd[1]: Listening on Syslog Socket.
[   10.655926] EXT4-fs (mmcblk0p2): re-mounted. Opts: (null)
[   10.784625] systemd-journald[162]: Received request to flush runtime journal from PID 1
[   15.983647] random: crng init done
[   15.983656] random: 7 urandom warning(s) missed due to ratelimiting
[   16.779236] macb ff0e0000.ethernet eth0: PHY [ff0e0000.ethernet-ffffffff:0c] driver [TI DP83867] (irq=POLL)
[   16.779249] macb ff0e0000.ethernet eth0: configuring for phy/rgmii-id link mode
[   17.055756] Adding 101372k swap on /var/swap.  Priority:-2 extents:2 across:666620k SS
[   19.770166] broken atomic modeset userspace detected, disabling atomic
[   20.865339] macb ff0e0000.ethernet eth0: Link is Up - 1Gbps/Full - flow control off
[   20.865364] IPv6: ADDRCONF(NETDEV_CHANGE): eth0: link becomes ready
[   22.443102] broken atomic modeset userspace detected, disabling atomic
[   25.428859] broken atomic modeset userspace detected, disabling atomic
[   28.072348] broken atomic modeset userspace detected, disabling atomic