[    0.000000] Booting Linux on physical CPU 0x0000000000 [0x410fd034]
[    0.000000] Linux version 5.10.0-98103-g2aa7ac113716 (jenkins@romlxbuild1.adlk.analog.com) (aarch64-xilinx-linux-gcc.real (GCC) 10.2.0, GNU ld (GNU Binutils) 2.35.0.20200730) #5577 SMP Wed Mar 23 07:28:49 GMT 2022
[    0.000000] Machine model: ZynqMP ZCU102 Rev1.0
[    0.000000] earlycon: cdns0 at MMIO 0x00000000ff000000 (options '115200n8')
[    0.000000] printk: bootconsole [cdns0] enabled
[    0.000000] efi: UEFI not found.
[    0.000000] cma: Reserved 256 MiB at 0x0000000070000000
[    0.000000] Zone ranges:
[    0.000000]   DMA      [mem 0x0000000000000000-0x000000003fffffff]
[    0.000000]   DMA32    [mem 0x0000000040000000-0x00000000ffffffff]
[    0.000000]   Normal   [mem 0x0000000100000000-0x000000087fffffff]
[    0.000000] Movable zone start for each node
[    0.000000] Early memory node ranges
[    0.000000]   node   0: [mem 0x0000000000000000-0x000000007fffffff]
[    0.000000]   node   0: [mem 0x0000000800000000-0x000000087fffffff]
[    0.000000] Initmem setup node 0 [mem 0x0000000000000000-0x000000087fffffff]
[    0.000000] On node 0 totalpages: 1048576
[    0.000000]   DMA zone: 3584 pages used for memmap
[    0.000000]   DMA zone: 0 pages reserved
[    0.000000]   DMA zone: 262144 pages, LIFO batch:63
[    0.000000]   DMA32 zone: 3584 pages used for memmap
[    0.000000]   DMA32 zone: 262144 pages, LIFO batch:63
[    0.000000]   Normal zone: 7168 pages used for memmap
[    0.000000]   Normal zone: 524288 pages, LIFO batch:63
[    0.000000] psci: probing for conduit method from DT.
[    0.000000] psci: PSCIv1.1 detected in firmware.
[    0.000000] psci: Using standard PSCI v0.2 function IDs
[    0.000000] psci: MIGRATE_INFO_TYPE not supported.
[    0.000000] psci: SMC Calling Convention v1.2
[    0.000000] percpu: Embedded 22 pages/cpu s49496 r8192 d32424 u90112
[    0.000000] pcpu-alloc: s49496 r8192 d32424 u90112 alloc=22*4096
[    0.000000] pcpu-alloc: [0] 0 [0] 1 [0] 2 [0] 3 
[    0.000000] Detected VIPT I-cache on CPU0
[    0.000000] CPU features: detected: ARM erratum 845719
[    0.000000] Built 1 zonelists, mobility grouping on.  Total pages: 1034240
[    0.000000] Kernel command line: console=ttyPS0,115200 root=/dev/mmcblk0p2 rw earlycon rootfstype=ext4 rootwait clk_ignore_unused cpuidle.off=1 root=/dev/mmcblk0p2 rw rootwait
[    0.000000] Dentry cache hash table entries: 524288 (order: 10, 4194304 bytes, linear)
[    0.000000] Inode-cache hash table entries: 262144 (order: 9, 2097152 bytes, linear)
[    0.000000] mem auto-init: stack:off, heap alloc:off, heap free:off
[    0.000000] software IO TLB: mapped [mem 0x000000003bfff000-0x000000003ffff000] (64MB)
[    0.000000] Memory: 3761904K/4194304K available (15296K kernel code, 1636K rwdata, 11876K rodata, 2560K init, 507K bss, 170256K reserved, 262144K cma-reserved)
[    0.000000] rcu: Hierarchical RCU implementation.
[    0.000000] rcu: 	RCU event tracing is enabled.
[    0.000000] rcu: 	RCU restricting CPUs from NR_CPUS=8 to nr_cpu_ids=4.
[    0.000000] rcu: RCU calculated value of scheduler-enlistment delay is 25 jiffies.
[    0.000000] rcu: Adjusting geometry for rcu_fanout_leaf=16, nr_cpu_ids=4
[    0.000000] NR_IRQS: 64, nr_irqs: 64, preallocated irqs: 0
[    0.000000] GIC: Adjusting CPU interface base to 0x00000000f902f000
[    0.000000] GIC: Using split EOI/Deactivate mode
[    0.000000] random: get_random_bytes called from start_kernel+0x31c/0x54c with crng_init=0
[    0.000000] arch_timer: cp15 timer(s) running at 100.00MHz (phys).
[    0.000000] clocksource: arch_sys_counter: mask: 0xffffffffffffff max_cycles: 0x171024e7e0, max_idle_ns: 440795205315 ns
[    0.000004] sched_clock: 56 bits at 100MHz, resolution 10ns, wraps every 4398046511100ns
[    0.008464] Console: colour dummy device 80x25
[    0.012483] Calibrating delay loop (skipped), value calculated using timer frequency.. 200.00 BogoMIPS (lpj=400000)
[    0.022840] pid_max: default: 32768 minimum: 301
[    0.027549] Mount-cache hash table entries: 8192 (order: 4, 65536 bytes, linear)
[    0.034788] Mountpoint-cache hash table entries: 8192 (order: 4, 65536 bytes, linear)
[    0.043394] rcu: Hierarchical SRCU implementation.
[    0.047560] EFI services will not be available.
[    0.051939] smp: Bringing up secondary CPUs ...
[    0.056657] Detected VIPT I-cache on CPU1
[    0.056696] CPU1: Booted secondary processor 0x0000000001 [0x410fd034]
[    0.057060] Detected VIPT I-cache on CPU2
[    0.057085] CPU2: Booted secondary processor 0x0000000002 [0x410fd034]
[    0.057425] Detected VIPT I-cache on CPU3
[    0.057447] CPU3: Booted secondary processor 0x0000000003 [0x410fd034]
[    0.057494] smp: Brought up 1 node, 4 CPUs
[    0.091780] SMP: Total of 4 processors activated.
[    0.096452] CPU features: detected: 32-bit EL0 Support
[    0.101556] CPU features: detected: CRC32 instructions
[    0.106697] CPU: All CPU(s) started at EL2
[    0.110736] alternatives: patching kernel code
[    0.116168] devtmpfs: initialized
[    0.124061] Registered cp15_barrier emulation handler
[    0.124111] Registered setend emulation handler
[    0.128092] clocksource: jiffies: mask: 0xffffffff max_cycles: 0xffffffff, max_idle_ns: 7645041785100000 ns
[    0.137670] futex hash table entries: 1024 (order: 4, 65536 bytes, linear)
[    0.151034] pinctrl core: initialized pinctrl subsystem
[    0.151681] NET: Registered protocol family 16
[    0.156099] DMA: preallocated 512 KiB GFP_KERNEL pool for atomic allocations
[    0.162115] DMA: preallocated 512 KiB GFP_KERNEL|GFP_DMA pool for atomic allocations
[    0.169841] DMA: preallocated 512 KiB GFP_KERNEL|GFP_DMA32 pool for atomic allocations
[    0.177645] audit: initializing netlink subsys (disabled)
[    0.183096] audit: type=2000 audit(0.116:1): state=initialized audit_enabled=0 res=1
[    0.183441] hw-breakpoint: found 6 breakpoint and 4 watchpoint registers.
[    0.197472] ASID allocator initialised with 65536 entries
[    0.224363] HugeTLB registered 1.00 GiB page size, pre-allocated 0 pages
[    0.225420] HugeTLB registered 32.0 MiB page size, pre-allocated 0 pages
[    0.232091] HugeTLB registered 2.00 MiB page size, pre-allocated 0 pages
[    0.238755] HugeTLB registered 64.0 KiB page size, pre-allocated 0 pages
[    1.304313] DRBG: Continuing without Jitter RNG
[    1.382149] raid6: neonx8   gen()  2142 MB/s
[    1.450195] raid6: neonx8   xor()  1599 MB/s
[    1.518259] raid6: neonx4   gen()  2200 MB/s
[    1.586306] raid6: neonx4   xor()  1567 MB/s
[    1.654367] raid6: neonx2   gen()  2075 MB/s
[    1.722417] raid6: neonx2   xor()  1440 MB/s
[    1.790482] raid6: neonx1   gen()  1772 MB/s
[    1.858530] raid6: neonx1   xor()  1220 MB/s
[    1.926594] raid6: int64x8  gen()  1438 MB/s
[    1.994644] raid6: int64x8  xor()   771 MB/s
[    2.062716] raid6: int64x4  gen()  1598 MB/s
[    2.130763] raid6: int64x4  xor()   821 MB/s
[    2.198837] raid6: int64x2  gen()  1397 MB/s
[    2.266880] raid6: int64x2  xor()   750 MB/s
[    2.334948] raid6: int64x1  gen()  1033 MB/s
[    2.403018] raid6: int64x1  xor()   517 MB/s
[    2.403056] raid6: using algorithm neonx4 gen() 2200 MB/s
[    2.407013] raid6: .... xor() 1567 MB/s, rmw enabled
[    2.411944] raid6: using neon recovery algorithm
[    2.416957] iommu: Default domain type: Translated 
[    2.421568] SCSI subsystem initialized
[    2.425112] libata version 3.00 loaded.
[    2.425237] usbcore: registered new interface driver usbfs
[    2.430569] usbcore: registered new interface driver hub
[    2.435842] usbcore: registered new device driver usb
[    2.440974] mc: Linux media interface: v0.10
[    2.445092] videodev: Linux video capture interface: v2.00
[    2.450582] EDAC MC: Ver: 3.0.0
[    2.454025] zynqmp-ipi-mbox mailbox@ff990400: Registered ZynqMP IPI mbox with TX/RX channels.
[    2.462532] jesd204: created con: id=0, topo=0, link=0, /axi/spi@ff050000/hmc7044@0 <-> /fpga-axi@0/axi-adxcvr-tx@84b60000
[    2.473112] jesd204: created con: id=1, topo=0, link=2, /axi/spi@ff050000/hmc7044@0 <-> /fpga-axi@0/axi-adxcvr-rx@84a60000
[    2.484096] jesd204: created con: id=2, topo=0, link=0, /fpga-axi@0/axi-adxcvr-tx@84b60000 <-> /fpga-axi@0/axi-jesd204-tx@84b90000
[    2.495771] jesd204: created con: id=3, topo=0, link=2, /fpga-axi@0/axi-adxcvr-rx@84a60000 <-> /fpga-axi@0/axi-jesd204-rx@84a90000
[    2.507449] jesd204: created con: id=4, topo=0, link=0, /fpga-axi@0/axi-jesd204-tx@84b90000 <-> /fpga-axi@0/axi-ad9081-tx-hpc@84b10000
[    2.519476] jesd204: created con: id=5, topo=0, link=2, /fpga-axi@0/axi-jesd204-rx@84a90000 <-> /fpga-axi@0/axi-ad9081-rx-hpc@84a10000
[    2.531499] jesd204: created con: id=6, topo=0, link=2, /fpga-axi@0/axi-ad9081-rx-hpc@84a10000 <-> /axi/spi@ff040000/ad9081@0
[    2.542740] jesd204: created con: id=7, topo=0, link=0, /fpga-axi@0/axi-ad9081-tx-hpc@84b10000 <-> /axi/spi@ff040000/ad9081@0
[    2.553990] jesd204: /axi/spi@ff040000/ad9081@0: JESD204[2] transition uninitialized -> initialized
[    2.562977] jesd204: /axi/spi@ff040000/ad9081@0: JESD204[0] transition uninitialized -> initialized
[    2.571969] jesd204: found 8 devices and 1 topologies
[    2.577012] FPGA manager framework
[    2.580490] Advanced Linux Sound Architecture Driver Initialized.
[    2.586783] Bluetooth: Core ver 2.22
[    2.589971] NET: Registered protocol family 31
[    2.594373] Bluetooth: HCI device and connection manager initialized
[    2.600690] Bluetooth: HCI socket layer initialized
[    2.605531] Bluetooth: L2CAP socket layer initialized
[    2.610556] Bluetooth: SCO socket layer initialized
[    2.615741] clocksource: Switched to clocksource arch_sys_counter
[    2.621548] VFS: Disk quotas dquot_6.6.0
[    2.625384] VFS: Dquot-cache hash table entries: 512 (order 0, 4096 bytes)
[    2.636095] NET: Registered protocol family 2
[    2.636828] tcp_listen_portaddr_hash hash table entries: 2048 (order: 3, 32768 bytes, linear)
[    2.645022] TCP established hash table entries: 32768 (order: 6, 262144 bytes, linear)
[    2.653048] TCP bind hash table entries: 32768 (order: 7, 524288 bytes, linear)
[    2.660493] TCP: Hash tables configured (established 32768 bind 32768)
[    2.666667] UDP hash table entries: 2048 (order: 4, 65536 bytes, linear)
[    2.673333] UDP-Lite hash table entries: 2048 (order: 4, 65536 bytes, linear)
[    2.680493] NET: Registered protocol family 1
[    2.684952] RPC: Registered named UNIX socket transport module.
[    2.690570] RPC: Registered udp transport module.
[    2.695234] RPC: Registered tcp transport module.
[    2.699904] RPC: Registered tcp NFSv4.1 backchannel transport module.
[    2.706896] PCI: CLS 0 bytes, default 64
[    2.710601] hw perfevents: no interrupt-affinity property for /pmu, guessing.
[    2.717455] hw perfevents: enabled with armv8_pmuv3 PMU driver, 7 counters available
[    2.725809] Initialise system trusted keyrings
[    2.729483] workingset: timestamp_bits=62 max_order=20 bucket_order=0
[    2.736383] NFS: Registering the id_resolver key type
[    2.740833] Key type id_resolver registered
[    2.744972] Key type id_legacy registered
[    2.748962] nfs4filelayout_init: NFSv4 File Layout Driver Registering...
[    2.755627] jffs2: version 2.2. (NAND) (SUMMARY)  Â© 2001-2006 Red Hat, Inc.
[    2.798662] NET: Registered protocol family 38
[    2.798705] xor: measuring software checksum speed
[    2.806392]    8regs           :  2363 MB/sec
[    2.810061]    32regs          :  2799 MB/sec
[    2.815005]    arm64_neon      :  2379 MB/sec
[    2.815193] xor: using function: 32regs (2799 MB/sec)
[    2.820219] Key type asymmetric registered
[    2.824281] Asymmetric key parser 'x509' registered
[    2.829141] Block layer SCSI generic (bsg) driver version 0.4 loaded (major 248)
[    2.836479] io scheduler mq-deadline registered
[    2.840975] io scheduler kyber registered
[    2.870372] Serial: 8250/16550 driver, 4 ports, IRQ sharing disabled
[    2.875011] cacheinfo: Unable to detect cache hierarchy for CPU 0
[    2.881347] brd: module loaded
[    2.885493] loop: module loaded
[    2.886039] Registered mathworks_ip class
[    2.889380] libphy: Fixed MDIO Bus: probed
[    2.892364] tun: Universal TUN/TAP device driver, 1.6
[    2.896421] CAN device driver interface
[    2.900959] usbcore: registered new interface driver asix
[    2.905553] usbcore: registered new interface driver ax88179_178a
[    2.911587] usbcore: registered new interface driver cdc_ether
[    2.917381] usbcore: registered new interface driver net1080
[    2.923008] usbcore: registered new interface driver cdc_subset
[    2.928888] usbcore: registered new interface driver zaurus
[    2.934431] usbcore: registered new interface driver cdc_ncm
[    2.940832] ehci_hcd: USB 2.0 'Enhanced' Host Controller (EHCI) Driver
[    2.946517] ehci-pci: EHCI PCI platform driver
[    2.951315] usbcore: registered new interface driver uas
[    2.956233] usbcore: registered new interface driver usb-storage
[    2.962220] usbcore: registered new interface driver usbserial_generic
[    2.968671] usbserial: USB Serial support registered for generic
[    2.974644] usbcore: registered new interface driver ftdi_sio
[    2.980347] usbserial: USB Serial support registered for FTDI USB Serial Device
[    2.987624] usbcore: registered new interface driver upd78f0730
[    2.993495] usbserial: USB Serial support registered for upd78f0730
[    3.001156] rtc_zynqmp ffa60000.rtc: registered as rtc0
[    3.004921] rtc_zynqmp ffa60000.rtc: setting system clock to 2022-03-25T23:59:54 UTC (1648252794)
[    3.013783] i2c /dev entries driver
[    3.019088] usbcore: registered new interface driver uvcvideo
[    3.022896] USB Video Class driver (1.1.1)
[    3.028478] Bluetooth: HCI UART driver ver 2.3
[    3.031367] Bluetooth: HCI UART protocol H4 registered
[    3.036476] Bluetooth: HCI UART protocol BCSP registered
[    3.041766] Bluetooth: HCI UART protocol LL registered
[    3.046854] Bluetooth: HCI UART protocol ATH3K registered
[    3.052228] Bluetooth: HCI UART protocol Three-wire (H5) registered
[    3.058483] Bluetooth: HCI UART protocol Intel registered
[    3.063822] Bluetooth: HCI UART protocol QCA registered
[    3.069023] usbcore: registered new interface driver bcm203x
[    3.074644] usbcore: registered new interface driver bpa10x
[    3.080179] usbcore: registered new interface driver bfusb
[    3.085629] usbcore: registered new interface driver btusb
[    3.091093] usbcore: registered new interface driver ath3k
[    3.096576] EDAC MC: ECC not enabled
[    3.100201] EDAC DEVICE0: Giving out device to module zynqmp-ocm-edac controller zynqmp_ocm: DEV ff960000.memory-controller (INTERRUPT)
[    3.112515] sdhci: Secure Digital Host Controller Interface driver
[    3.118303] sdhci: Copyright(c) Pierre Ossman
[    3.122628] sdhci-pltfm: SDHCI platform and OF driver helper
[    3.128681] ledtrig-cpu: registered to indicate activity on CPUs
[    3.134232] SMCCC: SOC_ID: ARCH_SOC_ID not implemented, skipping ....
[    3.140659] zynqmp_firmware_probe Platform Management API v1.1
[    3.146419] zynqmp_firmware_probe Trustzone version v1.0
[    3.185971] zynqmp-pinctrl firmware:zynqmp-firmware:pinctrl: zynqmp pinctrl initialized
[    3.233964] zynqmp-aes firmware:zynqmp-firmware:zynqmp-aes: will run requests pump with realtime priority
[    3.249832] alg: No test for xilinx-keccak-384 (zynqmp-keccak-384)
[    3.250542] alg: No test for xilinx-zynqmp-rsa (zynqmp-rsa)
[    3.256060] usbcore: registered new interface driver usbhid
[    3.261446] usbhid: USB HID core driver
[    3.272690] axi_sysid 85000000.axi-sysid-0: AXI System ID core version (1.01.a) found
[    3.275036] axi_sysid 85000000.axi-sysid-0: [ad9081_fmca_ebz] on [zcu102] git branch <master> git <084d44c9780640ca93fd847b1d9ec70dd65f5c67> clean [2022-03-18 04:17:50] UTC
[    3.290725] fpga_manager fpga0: Xilinx ZynqMP FPGA Manager registered
[    3.297080] usbcore: registered new interface driver snd-usb-audio
[    3.304530] pktgen: Packet Generator for packet performance testing. Version: 2.75
[    3.310714] Initializing XFRM netlink socket
[    3.314564] NET: Registered protocol family 10
[    3.319283] Segment Routing with IPv6
[    3.322663] sit: IPv6, IPv4 and MPLS over IPv4 tunneling driver
[    3.328736] NET: Registered protocol family 17
[    3.332837] NET: Registered protocol family 15
[    3.337334] can: controller area network core
[    3.341589] NET: Registered protocol family 29
[    3.345975] can: raw protocol
[    3.348917] can: broadcast manager protocol
[    3.353068] can: netlink gateway - max_hops=1
[    3.357464] Bluetooth: RFCOMM TTY layer initialized
[    3.362242] Bluetooth: RFCOMM socket layer initialized
[    3.367350] Bluetooth: RFCOMM ver 1.11
[    3.371061] Bluetooth: BNEP (Ethernet Emulation) ver 1.3
[    3.376332] Bluetooth: BNEP filters: protocol multicast
[    3.381526] Bluetooth: BNEP socket layer initialized
[    3.386453] Bluetooth: HIDP (Human Interface Emulation) ver 1.2
[    3.392336] Bluetooth: HIDP socket layer initialized
[    3.397391] 9pnet: Installing 9P2000 support
[    3.401514] NET: Registered protocol family 36
[    3.405931] Key type dns_resolver registered
[    3.410358] registered taskstats version 1
[    3.414226] Loading compiled-in X.509 certificates
[    3.419339] Btrfs loaded, crc32c=crc32c-generic
[    3.431754] ff000000.serial: ttyPS0 at MMIO 0xff000000 (irq = 49, base_baud = 6249999) is a xuartps
[    3.440779] printk: console [ttyPS0] enabled
[    3.445073] printk: bootconsole [cdns0] disabled
[    3.454707] ff010000.serial: ttyPS1 at MMIO 0xff010000 (irq = 50, base_baud = 6249999) is a xuartps
[    3.467957] of-fpga-region fpga-full: FPGA Region probed
[    3.474904] nwl-pcie fd0e0000.pcie: host bridge /axi/pcie@fd0e0000 ranges:
[    3.481802] nwl-pcie fd0e0000.pcie:      MEM 0x00e0000000..0x00efffffff -> 0x00e0000000
[    3.489804] nwl-pcie fd0e0000.pcie:      MEM 0x0600000000..0x07ffffffff -> 0x0600000000
[    3.497866] nwl-pcie fd0e0000.pcie: Link is DOWN
[    3.502625] nwl-pcie fd0e0000.pcie: PCI host bridge to bus 0000:00
[    3.508801] pci_bus 0000:00: root bus resource [bus 00-ff]
[    3.514283] pci_bus 0000:00: root bus resource [mem 0xe0000000-0xefffffff]
[    3.521153] pci_bus 0000:00: root bus resource [mem 0x600000000-0x7ffffffff pref]
[    3.528657] pci 0000:00:00.0: [10ee:d021] type 01 class 0x060400
[    3.534713] pci 0000:00:00.0: PME# supported from D0 D1 D2 D3hot
[    3.545156] pci 0000:00:00.0: PCI bridge to [bus 01-0c]
[    3.551132] xilinx-zynqmp-dma fd500000.dma: ZynqMP DMA driver Probe success
[    3.558311] xilinx-zynqmp-dma fd510000.dma: ZynqMP DMA driver Probe success
[    3.565492] xilinx-zynqmp-dma fd520000.dma: ZynqMP DMA driver Probe success
[    3.572663] xilinx-zynqmp-dma fd530000.dma: ZynqMP DMA driver Probe success
[    3.579834] xilinx-zynqmp-dma fd540000.dma: ZynqMP DMA driver Probe success
[    3.587002] xilinx-zynqmp-dma fd550000.dma: ZynqMP DMA driver Probe success
[    3.594169] xilinx-zynqmp-dma fd560000.dma: ZynqMP DMA driver Probe success
[    3.601340] xilinx-zynqmp-dma fd570000.dma: ZynqMP DMA driver Probe success
[    3.608734] xilinx-zynqmp-dpdma fd4c0000.dma-controller: Xilinx DPDMA engine is probed
[    3.617281] ahci-ceva fd0c0000.ahci: supply ahci not found, using dummy regulator
[    3.624818] ahci-ceva fd0c0000.ahci: supply phy not found, using dummy regulator
[    3.715911] hmc7044 spi2.0: PLL1: Acquisition, CLKIN0 @ 122880000 Hz, PFD: 80 kHz - PLL2: Locked @ 2416.000000 MHz
[    3.726631] jesd204: /axi/spi@ff050000/hmc7044@0,jesd204:1,parent=spi2.0: Using as SYSREF provider
[    3.736213] spi-nor spi0.0: SPI-NOR-UniqueID 100000235394732200270025081115266e
[    3.743518] spi-nor spi0.0: found n25q512a, expected m25p80
[    3.749719] spi-nor spi0.0: trying to lock already unlocked area
[    3.755719] spi-nor spi0.0: n25q512a (131072 Kbytes)
[    3.760698] 4 fixed-partitions partitions found on MTD device spi0.0
[    3.767043] Creating 4 MTD partitions on "spi0.0":
[    3.771829] 0x000000000000-0x000000100000 : "qspi-fsbl-uboot"
[    3.778316] 0x000000100000-0x000000600000 : "qspi-linux"
[    3.784274] 0x000000600000-0x000000620000 : "qspi-device-tree"
[    3.790746] 0x000000620000-0x000000c00000 : "qspi-rootfs"
[    3.799212] macb ff0e0000.ethernet: Not enabling partial store and forward
[    3.806736] libphy: MACB_mii_bus: probed
[    3.811804] macb ff0e0000.ethernet eth0: Cadence GEM rev 0x50070106 at 0xff0e0000 irq 30 (00:0a:35:04:8e:1b)
[    3.822014] xilinx-axipmon ffa00000.perf-monitor: Probed Xilinx APM
[    3.828589] xilinx-axipmon fd0b0000.perf-monitor: Probed Xilinx APM
[    3.835109] xilinx-axipmon fd490000.perf-monitor: Probed Xilinx APM
[    3.841650] xilinx-axipmon ffa10000.perf-monitor: Probed Xilinx APM
[    3.851631] pca953x 0-0020: supply vcc not found, using dummy regulator
[    3.858318] pca953x 0-0020: using no AI
[    3.862807] gpio-496 (sel0): hogged as output/low
[    3.867706] gpio-497 (sel1): hogged as output/high
[    3.872693] gpio-498 (sel2): hogged as output/high
[    3.877682] gpio-499 (sel3): hogged as output/high
[    3.882857] pca953x 0-0021: supply vcc not found, using dummy regulator
[    3.889529] pca953x 0-0021: using no AI
[    3.895292] ina2xx 2-0040: power monitor ina226 (Rshunt = 5000 uOhm)
[    3.902318] ina2xx 2-0041: power monitor ina226 (Rshunt = 5000 uOhm)
[    3.909359] ina2xx 2-0042: power monitor ina226 (Rshunt = 5000 uOhm)
[    3.916396] ina2xx 2-0043: power monitor ina226 (Rshunt = 5000 uOhm)
[    3.923421] ina2xx 2-0044: power monitor ina226 (Rshunt = 5000 uOhm)
[    3.930445] ina2xx 2-0045: power monitor ina226 (Rshunt = 5000 uOhm)
[    3.937473] ina2xx 2-0046: power monitor ina226 (Rshunt = 5000 uOhm)
[    3.944551] ina2xx 2-0047: power monitor ina226 (Rshunt = 5000 uOhm)
[    3.951576] ina2xx 2-004a: power monitor ina226 (Rshunt = 5000 uOhm)
[    3.958618] ina2xx 2-004b: power monitor ina226 (Rshunt = 5000 uOhm)
[    3.965027] i2c i2c-0: Added multiplexed i2c bus 2
[    3.970411] random: fast init done
[    3.973884] ina2xx 3-0040: power monitor ina226 (Rshunt = 2000 uOhm)
[    3.980910] ina2xx 3-0041: power monitor ina226 (Rshunt = 5000 uOhm)
[    3.987938] ina2xx 3-0042: power monitor ina226 (Rshunt = 5000 uOhm)
[    3.994968] ina2xx 3-0043: power monitor ina226 (Rshunt = 5000 uOhm)
[    4.001996] ina2xx 3-0044: power monitor ina226 (Rshunt = 5000 uOhm)
[    4.009022] ina2xx 3-0045: power monitor ina226 (Rshunt = 5000 uOhm)
[    4.016055] ina2xx 3-0046: power monitor ina226 (Rshunt = 5000 uOhm)
[    4.023084] ina2xx 3-0047: power monitor ina226 (Rshunt = 5000 uOhm)
[    4.029485] i2c i2c-0: Added multiplexed i2c bus 3
[    4.085031] i2c i2c-0: Added multiplexed i2c bus 4
[    4.089976] i2c i2c-0: Added multiplexed i2c bus 5
[    4.094763] pca954x 0-0075: registered 4 multiplexed busses for I2C mux pca9544
[    4.102112] cdns-i2c ff020000.i2c: 400 kHz mmio ff020000 irq 32
[    4.109845] at24 6-0054: supply vcc not found, using dummy regulator
[    4.116749] at24 6-0054: 1024 byte 24c08 EEPROM, writable, 1 bytes/write
[    4.123498] i2c i2c-1: Added multiplexed i2c bus 6
[    4.129925] si5341 7-0036: Chip: 5341 Grade: 1 Rev: 1
[    4.167588] i2c i2c-1: Added multiplexed i2c bus 7
[    4.175241] si570 8-005d: registered, current frequency 300000000 Hz
[    4.181646] i2c i2c-1: Added multiplexed i2c bus 8
[    4.201420] si570 9-005d: registered, current frequency 148500000 Hz
[    4.207825] i2c i2c-1: Added multiplexed i2c bus 9
[    4.212857] si5324 10-0069: si5328 probed
[    4.280103] si5324 10-0069: si5328 probe successful
[    4.285036] i2c i2c-1: Added multiplexed i2c bus 10
[    4.290063] i2c i2c-1: Added multiplexed i2c bus 11
[    4.295091] i2c i2c-1: Added multiplexed i2c bus 12
[    4.300111] i2c i2c-1: Added multiplexed i2c bus 13
[    4.304983] pca954x 1-0074: registered 8 multiplexed busses for I2C switch pca9548
[    4.313093] at24 14-0050: supply vcc not found, using dummy regulator
[    4.319880] at24 14-0050: 256 byte 24c02 EEPROM, writable, 1 bytes/write
[    4.326628] i2c i2c-1: Added multiplexed i2c bus 14
[    4.331667] i2c i2c-1: Added multiplexed i2c bus 15
[    4.336700] i2c i2c-1: Added multiplexed i2c bus 16
[    4.341737] i2c i2c-1: Added multiplexed i2c bus 17
[    4.346767] i2c i2c-1: Added multiplexed i2c bus 18
[    4.351814] i2c i2c-1: Added multiplexed i2c bus 19
[    4.356851] i2c i2c-1: Added multiplexed i2c bus 20
[    4.361884] i2c i2c-1: Added multiplexed i2c bus 21
[    4.366758] pca954x 1-0075: registered 8 multiplexed busses for I2C switch pca9548
[    4.374367] cdns-i2c ff030000.i2c: 400 kHz mmio ff030000 irq 33
[    4.384118] cdns-wdt fd4d0000.watchdog: Xilinx Watchdog Timer with timeout 60s
[    4.395059] axi_adxcvr 84a60000.axi-adxcvr-rx: AXI-ADXCVR-RX (17.05.a) using CPLL on GTH4 at 0x84A60000. Number of lanes: 4.
[    4.407235] axi_adxcvr 84b60000.axi-adxcvr-tx: AXI-ADXCVR-TX (17.05.a) using QPLL on GTH4 at 0x84B60000. Number of lanes: 4.
[    4.418858] axi-jesd204-rx 84a90000.axi-jesd204-rx: AXI-JESD204-RX (1.07.a) at 0x84A90000. Encoder 8b10b, width 4/4, lanes 4, jesd204-fsm.
[    4.426147] mmc0: SDHCI controller on ff170000.mmc [ff170000.mmc] using ADMA 64-bit
[    4.431703] axi-jesd204-tx 84b90000.axi-jesd204-tx: AXI-JESD204-TX (1.06.a) at 0x84B90000. Encoder 8b10b, width 4/4, lanes 4, jesd204-fsm.
[    4.452421] zynqmp-display fd4a0000.display: vtc bridge property not present
[    4.462075] xilinx-dp-snd-codec fd4a0000.display:zynqmp_dp_snd_codec0: Failed to get required clock freq
[    4.471580] xilinx-dp-snd-codec: probe of fd4a0000.display:zynqmp_dp_snd_codec0 failed with error -22
[    4.473524] mmc0: new high speed SDHC card at address 0001
[    4.481117] xilinx-dp-snd-pcm zynqmp_dp_snd_pcm0: Xilinx DisplayPort Sound PCM probed
[    4.486632] mmcblk0: mmc0:0001 EB1QT 29.8 GiB 
[    4.494437] xilinx-dp-snd-pcm zynqmp_dp_snd_pcm1: Xilinx DisplayPort Sound PCM probed
[    4.499825]  mmcblk0: p1 p2 p3
[    4.506736] OF: graph: no port node found in /axi/display@fd4a0000
[    4.515807] xlnx-drm xlnx-drm.0: bound fd4a0000.display (ops 0xffffffc010fcbdb8)
[    5.599758] zynqmp-display fd4a0000.display: [drm] Cannot find any crtc or sizes
[    5.607367] [drm] Initialized xlnx 1.0.0 20130509 for fd4a0000.display on minor 0
[    5.614858] zynqmp-display fd4a0000.display: ZynqMP DisplayPort Subsystem driver probed
[    5.623180] ahci-ceva fd0c0000.ahci: supply ahci not found, using dummy regulator
[    5.630729] ahci-ceva fd0c0000.ahci: supply phy not found, using dummy regulator
[    5.638179] ahci-ceva fd0c0000.ahci: supply target not found, using dummy regulator
[    5.656076] ahci-ceva fd0c0000.ahci: AHCI 0001.0301 32 slots 2 ports 6 Gbps 0x3 impl platform mode
[    5.665037] ahci-ceva fd0c0000.ahci: flags: 64bit ncq sntf pm clo only pmp fbs pio slum part ccc sds apst 
[    5.675660] scsi host0: ahci-ceva
[    5.679263] scsi host1: ahci-ceva
[    5.682689] ata1: SATA max UDMA/133 mmio [mem 0xfd0c0000-0xfd0c1fff] port 0x100 irq 45
[    5.690603] ata2: SATA max UDMA/133 mmio [mem 0xfd0c0000-0xfd0c1fff] port 0x180 irq 45
[    5.699205] ad9081 spi1.0: supply vdd not found, using dummy regulator
[    6.009957] ata2: SATA link down (SStatus 0 SControl 330)
[    6.015368] ata1: SATA link down (SStatus 0 SControl 330)
[    6.683761] zynqmp-display fd4a0000.display: [drm] Cannot find any crtc or sizes
[    7.519983] ad9081 spi1.0: AD9081 Rev. 2 Grade 10 (API 1.2.2) probed
[    7.527187] xhci-hcd xhci-hcd.1.auto: xHCI Host Controller
[    7.532681] xhci-hcd xhci-hcd.1.auto: new USB bus registered, assigned bus number 1
[    7.540427] xhci-hcd xhci-hcd.1.auto: hcc params 0x0238f625 hci version 0x100 quirks 0x0000000002010810
[    7.549844] xhci-hcd xhci-hcd.1.auto: irq 59, io mem 0xfe200000
[    7.555958] usb usb1: New USB device found, idVendor=1d6b, idProduct=0002, bcdDevice= 5.10
[    7.564219] usb usb1: New USB device strings: Mfr=3, Product=2, SerialNumber=1
[    7.571437] usb usb1: Product: xHCI Host Controller
[    7.576305] usb usb1: Manufacturer: Linux 5.10.0-98103-g2aa7ac113716 xhci-hcd
[    7.583430] usb usb1: SerialNumber: xhci-hcd.1.auto
[    7.588597] hub 1-0:1.0: USB hub found
[    7.592358] hub 1-0:1.0: 1 port detected
[    7.596464] xhci-hcd xhci-hcd.1.auto: xHCI Host Controller
[    7.601952] xhci-hcd xhci-hcd.1.auto: new USB bus registered, assigned bus number 2
[    7.609607] xhci-hcd xhci-hcd.1.auto: Host supports USB 3.0 SuperSpeed
[    7.616227] usb usb2: New USB device found, idVendor=1d6b, idProduct=0003, bcdDevice= 5.10
[    7.624491] usb usb2: New USB device strings: Mfr=3, Product=2, SerialNumber=1
[    7.631709] usb usb2: Product: xHCI Host Controller
[    7.636579] usb usb2: Manufacturer: Linux 5.10.0-98103-g2aa7ac113716 xhci-hcd
[    7.643704] usb usb2: SerialNumber: xhci-hcd.1.auto
[    7.648815] hub 2-0:1.0: USB hub found
[    7.652576] hub 2-0:1.0: 1 port detected
[    7.682676] cf_axi_adc 84a10000.axi-ad9081-rx-hpc: ADI AIM (10.01.b) at 0x84A10000 mapped to 0x(____ptrval____), probed ADC AD9081 as MASTER
[    7.712583] cf_axi_dds 84b10000.axi-ad9081-tx-hpc: Analog Devices CF_AXI_DDS_DDS MASTER (9.01.b) at 0x84B10000 mapped to 0x(____ptrval____), probed DDS AD9081
[    7.726779] jesd204: /axi/spi@ff040000/ad9081@0,jesd204:0,parent=spi1.0: JESD204[2] transition initialized -> probed
[    7.737300] jesd204: /axi/spi@ff040000/ad9081@0,jesd204:0,parent=spi1.0: JESD204[0] transition initialized -> probed
[    7.747824] jesd204: /axi/spi@ff040000/ad9081@0,jesd204:0,parent=spi1.0: JESD204[2] transition probed -> idle
[    7.757730] jesd204: /axi/spi@ff040000/ad9081@0,jesd204:0,parent=spi1.0: JESD204[0] transition probed -> idle
[    7.767648] jesd204: /axi/spi@ff040000/ad9081@0,jesd204:0,parent=spi1.0: JESD204[2] transition idle -> device_init
[    7.777990] jesd204: /axi/spi@ff040000/ad9081@0,jesd204:0,parent=spi1.0: JESD204[0] transition idle -> device_init
[    7.788343] jesd204: /axi/spi@ff040000/ad9081@0,jesd204:0,parent=spi1.0: JESD204[2] transition device_init -> link_init
[    7.799127] jesd204: /axi/spi@ff040000/ad9081@0,jesd204:0,parent=spi1.0: JESD204[0] transition device_init -> link_init
[    7.809918] jesd204: /axi/spi@ff040000/ad9081@0,jesd204:0,parent=spi1.0: JESD204[2] transition link_init -> link_supported
[    7.820956] jesd204: /axi/spi@ff040000/ad9081@0,jesd204:0,parent=spi1.0: JESD204[0] transition link_init -> link_supported
[    7.832360] hmc7044 spi2.0: hmc7044_jesd204_link_pre_setup: Link2 forcing continuous SYSREF mode
[    7.841541] jesd204: /axi/spi@ff040000/ad9081@0,jesd204:0,parent=spi1.0: JESD204[2] transition link_supported -> link_pre_setup
[    7.853014] jesd204: /axi/spi@ff040000/ad9081@0,jesd204:0,parent=spi1.0: JESD204[0] transition link_supported -> link_pre_setup
[    7.876851] jesd204: /axi/spi@ff040000/ad9081@0,jesd204:0,parent=spi1.0: JESD204[2] transition link_pre_setup -> clk_sync_stage1
[    7.888410] jesd204: /axi/spi@ff040000/ad9081@0,jesd204:0,parent=spi1.0: JESD204[0] transition link_pre_setup -> clk_sync_stage1
[    7.899974] jesd204: /axi/spi@ff040000/ad9081@0,jesd204:0,parent=spi1.0: JESD204[2] transition clk_sync_stage1 -> clk_sync_stage2
[    7.911625] jesd204: /axi/spi@ff040000/ad9081@0,jesd204:0,parent=spi1.0: JESD204[0] transition clk_sync_stage1 -> clk_sync_stage2
[    7.923271] jesd204: /axi/spi@ff040000/ad9081@0,jesd204:0,parent=spi1.0: JESD204[2] transition clk_sync_stage2 -> clk_sync_stage3
[    7.934916] jesd204: /axi/spi@ff040000/ad9081@0,jesd204:0,parent=spi1.0: JESD204[0] transition clk_sync_stage2 -> clk_sync_stage3
[    7.948588] jesd204: /axi/spi@ff040000/ad9081@0,jesd204:0,parent=spi1.0: JESD204[2] transition clk_sync_stage3 -> link_setup
[    7.959806] jesd204: /axi/spi@ff040000/ad9081@0,jesd204:0,parent=spi1.0: JESD204[0] transition clk_sync_stage3 -> link_setup
[    7.975847] jesd204: /axi/spi@ff040000/ad9081@0,jesd204:0,parent=spi1.0: JESD204[2] transition link_setup -> opt_setup_stage1
[    7.987145] jesd204: /axi/spi@ff040000/ad9081@0,jesd204:0,parent=spi1.0: JESD204[0] transition link_setup -> opt_setup_stage1
[    8.003470] jesd204: /axi/spi@ff040000/ad9081@0,jesd204:0,parent=spi1.0: JESD204[2] transition opt_setup_stage1 -> opt_setup_stage2
[    8.015295] jesd204: /axi/spi@ff040000/ad9081@0,jesd204:0,parent=spi1.0: JESD204[0] transition opt_setup_stage1 -> opt_setup_stage2
[    8.027266] jesd204: /axi/spi@ff040000/ad9081@0,jesd204:0,parent=spi1.0: JESD204[2] transition opt_setup_stage2 -> opt_setup_stage3
[    8.039088] jesd204: /axi/spi@ff040000/ad9081@0,jesd204:0,parent=spi1.0: JESD204[0] transition opt_setup_stage2 -> opt_setup_stage3
[    8.050910] jesd204: /axi/spi@ff040000/ad9081@0,jesd204:0,parent=spi1.0: JESD204[2] transition opt_setup_stage3 -> opt_setup_stage4
[    8.062728] jesd204: /axi/spi@ff040000/ad9081@0,jesd204:0,parent=spi1.0: JESD204[0] transition opt_setup_stage3 -> opt_setup_stage4
[    8.074562] jesd204: /axi/spi@ff040000/ad9081@0,jesd204:0,parent=spi1.0: JESD204[2] transition opt_setup_stage4 -> opt_setup_stage5
[    8.086383] jesd204: /axi/spi@ff040000/ad9081@0,jesd204:0,parent=spi1.0: JESD204[0] transition opt_setup_stage4 -> opt_setup_stage5
[    8.102313] jesd204: /axi/spi@ff040000/ad9081@0,jesd204:0,parent=spi1.0: JESD204[2] transition opt_setup_stage5 -> clocks_enable
[    8.113873] jesd204: /axi/spi@ff040000/ad9081@0,jesd204:0,parent=spi1.0: JESD204[0] transition opt_setup_stage5 -> clocks_enable
[    8.160784] axi_adxcvr 84a60000.axi-adxcvr-rx: adxcvr_clk_enable: CPLL RX buffer underflow error, status: 0x61
[    8.170767] axi_adxcvr 84a60000.axi-adxcvr-rx: adxcvr_clk_enable: CPLL RX buffer overflow error, status: 0x61
[    8.180753] jesd204: /axi/spi@ff040000/ad9081@0,jesd204:0,parent=spi1.0: JESD204[2] transition clocks_enable -> link_enable
[    8.191879] jesd204: /axi/spi@ff040000/ad9081@0,jesd204:0,parent=spi1.0: JESD204[0] transition clocks_enable -> link_enable
[    8.223987] ad9081 spi1.0: JESD RX (JTX) Link2 in DATA, SYNC deasserted, PLL locked, PHASE established, MODE valid
[    8.234607] ad9081 spi1.0: JESD TX (JRX) Link0 0xF lanes in DATA
[    8.240610] jesd204: /axi/spi@ff040000/ad9081@0,jesd204:0,parent=spi1.0: JESD204[2] transition link_enable -> link_running
[    8.251647] jesd204: /axi/spi@ff040000/ad9081@0,jesd204:0,parent=spi1.0: JESD204[0] transition link_enable -> link_running
[    8.262694] jesd204: /axi/spi@ff040000/ad9081@0,jesd204:0,parent=spi1.0: JESD204[2] transition link_running -> opt_post_running_stage
[    8.274684] jesd204: /axi/spi@ff040000/ad9081@0,jesd204:0,parent=spi1.0: JESD204[0] transition link_running -> opt_post_running_stage
[    8.295989] input: gpio-keys as /devices/platform/gpio-keys/input/input0
[    8.303005] of_cfs_init
[    8.305468] of_cfs_init: OK
[    8.308408] cfg80211: Loading compiled-in X.509 certificates for regulatory database
[    8.479965] cfg80211: Loaded X.509 cert 'sforshee: 00b28ddf47aef9cea7'
[    8.486496] clk: Not disabling unused clocks
[    8.491028] ALSA device list:
[    8.493989]   No soundcards found.
[    8.497663] platform regulatory.0: Direct firmware load for regulatory.db failed with error -2
[    8.506275] cfg80211: failed to load regulatory.db
[    8.515762] random: crng init done
[    8.521431] EXT4-fs (mmcblk0p2): mounted filesystem with ordered data mode. Opts: (null)
[    8.529542] VFS: Mounted root (ext4 filesystem) on device 179:2.
[    8.543411] devtmpfs: mounted
[    8.547245] Freeing unused kernel memory: 2560K
[    8.563790] Run /sbin/init as init process
[    8.567886]   with arguments:
[    8.567889]     /sbin/init
[    8.567891]   with environment:
[    8.567893]     HOME=/
[    8.567895]     TERM=linux
[    9.157867] systemd[1]: systemd 241 running in system mode. (+PAM +AUDIT +SELINUX +IMA +APPARMOR +SMACK +SYSVINIT +UTMP +LIBCRYPTSETUP +GCRYPT +GNUTLS +ACL +XZ +LZ4 +SECCOMP +BLKID +ELFUTILS +KMOD -IDN2 +IDN -PCRE2 default-hierarchy=hybrid)
[    9.179800] systemd[1]: Detected architecture arm64.
[    9.204492] systemd[1]: Set hostname to <analog>.
[    9.402527] systemd[1]: File /lib/systemd/system/systemd-journald.service:12 configures an IP firewall (IPAddressDeny=any), but the local system does not support BPF/cgroup based firewalling.
[    9.419587] systemd[1]: Proceeding WITHOUT firewalling in effect! (This warning is only shown for the first loaded unit using IP firewalling.)
[    9.587190] systemd[1]: /etc/systemd/system/tof-server.service:1: Assignment outside of section. Ignoring.
[    9.596882] systemd[1]: /etc/systemd/system/tof-server.service:2: Assignment outside of section. Ignoring.
[    9.793670] systemd[1]: Listening on Syslog Socket.
[    9.808209] systemd[1]: Listening on Journal Socket.
[    9.833656] systemd[1]: Starting Set the console keyboard layout...
[   10.430835] ------------[ cut here ]------------
[   10.430844] Enabling unprepared \xa0\xe9Q\x88\xff\xff\xffpQ\x88\xff\xff\xff
[   10.430890] WARNING: CPU: 2 PID: 136 at drivers/clk/clk.c:1012 clk_core_enable+0xa4/0xc0
[   10.430893] Modules linked in:
[   10.430903] CPU: 2 PID: 136 Comm: kworker/2:2H Not tainted 5.10.0-98103-g2aa7ac113716 #5577
[   10.430906] Hardware name: ZynqMP ZCU102 Rev1.0 (DT)
[   10.430916] Workqueue: kblockd blk_mq_run_work_fn
[   10.430923] pstate: 80000085 (Nzcv daIf -PAN -UAO -TCO BTYPE=--)
[   10.430929] pc : clk_core_enable+0xa4/0xc0
[   10.430934] lr : clk_core_enable+0xa4/0xc0
[   10.430937] sp : ffffffc012b7b2d0
[   10.430940] x29: ffffffc012b7b2d0 x28: ffffff8800330c10 
[   10.430947] x27: ffffff8800330d48 x26: 0000005000000101 
[   10.430954] x25: 0000000267c819fa x24: 0000000000000001 
[   10.430961] x23: ffffff88010e9380 x22: ffffff8801083220 
[   10.430967] x21: ffffff8801517000 x20: ffffff8801517008 
[   10.430974] x19: ffffff8801517008 x18: 0000000000000030 
[   10.430980] x17: 0000000000000003 x16: 0000ad5e29e9bd34 
[   10.430987] x15: ffffffffffff8680 x14: ffffffc011d3b1a0 
[   10.430993] x13: ffffffc011d3b1c8 x12: 00000000000005e5 
[   10.431000] x11: 00000000000001f7 x10: ffffffc011d671c8 
[   10.431006] x9 : 00000000fffff800 x8 : ffffffc011d3b1c8 
[   10.431013] x7 : ffffffc011d671c8 x6 : 0000000000000001 
[   10.431019] x5 : ffffff887f7929e0 x4 : 0000000000000000 
[   10.431025] x3 : 0000000000000027 x2 : 0000000000000023 
[   10.431032] x1 : 2080787a8ed55c00 x0 : 0000000000000000 
[   10.431038] Call trace:
[   10.431045]  clk_core_enable+0xa4/0xc0
[   10.431050]  clk_enable+0x2c/0x60
[   10.431056]  zynqmp_runtime_resume+0x24/0x84
[   10.431062]  pm_generic_runtime_resume+0x30/0x50
[   10.431068]  __genpd_runtime_resume+0x30/0xb0
[   10.431075]  genpd_runtime_resume+0x90/0x250
[   10.431080]  __rpm_callback+0x10c/0x1e0
[   10.431085]  rpm_callback+0x5c/0x84
[   10.431090]  rpm_resume+0x4a4/0x74c
[   10.431096]  __pm_runtime_resume+0x78/0xc4
[   10.431100]  spi_mem_access_start.isra.0+0x30/0x80
[   10.431104]  spi_mem_exec_op+0x3b0/0x424
[   10.431109]  spi_nor_read_sr+0x78/0xe0
[   10.431114]  spi_nor_wait_till_ready_with_timeout+0xb4/0x2f0
[   10.431119]  spi_nor_read+0x188/0x380
[   10.431124]  mtd_read_oob_std+0x78/0x84
[   10.431128]  mtd_read_oob+0x7c/0x134
[   10.431133]  mtd_read+0x48/0x7c
[   10.431139]  mtdblock_readsect+0x6c/0x150
[   10.431144]  mtd_queue_rq+0x2cc/0x5a0
[   10.431149]  blk_mq_dispatch_rq_list+0x110/0x790
[   10.431156]  __blk_mq_do_dispatch_sched+0x200/0x274
[   10.431161]  __blk_mq_sched_dispatch_requests+0x1a8/0x1fc
[   10.431167]  blk_mq_sched_dispatch_requests+0x3c/0x7c
[   10.431172]  __blk_mq_run_hw_queue+0x98/0x100
[   10.431176]  blk_mq_run_work_fn+0x24/0x30
[   10.431182]  process_one_work+0x1d4/0x380
[   10.431186]  worker_thread+0x78/0x4e0
[   10.431191]  kthread+0x124/0x130
[   10.431197]  ret_from_fork+0x10/0x3c
[   10.431200] ---[ end trace 73edc3ff324f239d ]---
[   10.431208] zynqmp-qspi ff0f0000.spi: Cannot enable APB clock.
[   10.431257] spi_master spi0: Failed to power device: -108
[   10.431266] blk_update_request: I/O error, dev mtdblock0, sector 8 op 0x0:(READ) flags 0x80700 phys_seg 1 prio class 0
[   10.431335] spi_master spi0: Failed to power device: -22
[   10.431342] blk_update_request: I/O error, dev mtdblock0, sector 8 op 0x0:(READ) flags 0x0 phys_seg 8 prio class 0
[   10.431347] Buffer I/O error on dev mtdblock0, logical block 8, async page read
[   10.431357] spi_master spi0: Failed to power device: -22
[   10.431362] blk_update_request: I/O error, dev mtdblock0, sector 9 op 0x0:(READ) flags 0x0 phys_seg 7 prio class 0
[   10.431366] Buffer I/O error on dev mtdblock0, logical block 9, async page read
[   10.431373] spi_master spi0: Failed to power device: -22
[   10.431379] blk_update_request: I/O error, dev mtdblock0, sector 10 op 0x0:(READ) flags 0x0 phys_seg 6 prio class 0
[   10.431383] Buffer I/O error on dev mtdblock0, logical block 10, async page read
[   10.431389] spi_master spi0: Failed to power device: -22
[   10.431395] blk_update_request: I/O error, dev mtdblock0, sector 11 op 0x0:(READ) flags 0x0 phys_seg 5 prio class 0
[   10.431399] Buffer I/O error on dev mtdblock0, logical block 11, async page read
[   10.431406] spi_master spi0: Failed to power device: -22
[   10.431412] blk_update_request: I/O error, dev mtdblock0, sector 12 op 0x0:(READ) flags 0x0 phys_seg 4 prio class 0
[   10.431415] Buffer I/O error on dev mtdblock0, logical block 12, async page read
[   10.431422] spi_master spi0: Failed to power device: -22
[   10.431427] blk_update_request: I/O error, dev mtdblock0, sector 13 op 0x0:(READ) flags 0x0 phys_seg 3 prio class 0
[   10.431431] Buffer I/O error on dev mtdblock0, logical block 13, async page read
[   10.431438] spi_master spi0: Failed to power device: -22
[   10.431444] blk_update_request: I/O error, dev mtdblock0, sector 14 op 0x0:(READ) flags 0x0 phys_seg 2 prio class 0
[   10.431447] Buffer I/O error on dev mtdblock0, logical block 14, async page read
[   10.431454] spi_master spi0: Failed to power device: -22
[   10.431459] blk_update_request: I/O error, dev mtdblock0, sector 15 op 0x0:(READ) flags 0x0 phys_seg 1 prio class 0
[   10.431463] Buffer I/O error on dev mtdblock0, logical block 15, async page read
[   10.443848] spi_master spi0: Failed to power device: -22
[   10.443861] blk_update_request: I/O error, dev mtdblock1, sector 10112 op 0x0:(READ) flags 0x80700 phys_seg 1 prio class 0
[   10.443922] spi_master spi0: Failed to power device: -22
[   10.443930] Buffer I/O error on dev mtdblock1, logical block 10112, async page read
[   10.443939] spi_master spi0: Failed to power device: -22
[   10.443944] Buffer I/O error on dev mtdblock1, logical block 10113, async page read
[   10.443951] spi_master spi0: Failed to power device: -22
[   10.443959] spi_master spi0: Failed to power device: -22
[   10.443967] spi_master spi0: Failed to power device: -22
[   10.443974] spi_master spi0: Failed to power device: -22
[   10.443981] spi_master spi0: Failed to power device: -22
[   10.443989] spi_master spi0: Failed to power device: -22
[   10.444336] spi_master spi0: Failed to power device: -22
[   10.444382] spi_master spi0: Failed to power device: -22
[   10.444391] spi_master spi0: Failed to power device: -22
[   10.444399] spi_master spi0: Failed to power device: -22
[   10.444406] spi_master spi0: Failed to power device: -22
[   10.444414] spi_master spi0: Failed to power device: -22
[   10.444421] spi_master spi0: Failed to power device: -22
[   10.444428] spi_master spi0: Failed to power device: -22
[   10.444435] spi_master spi0: Failed to power device: -22
[   10.444715] spi_master spi0: Failed to power device: -22
[   10.444760] spi_master spi0: Failed to power device: -22
[   10.444769] spi_master spi0: Failed to power device: -22
[   10.444777] spi_master spi0: Failed to power device: -22
[   10.444784] spi_master spi0: Failed to power device: -22
[   10.444792] spi_master spi0: Failed to power device: -22
[   10.444799] spi_master spi0: Failed to power device: -22
[   10.444806] spi_master spi0: Failed to power device: -22
[   10.444813] spi_master spi0: Failed to power device: -22
[   10.576959] EXT4-fs (mmcblk0p2): re-mounted. Opts: (null)
[   10.716575] systemd-journald[160]: Received request to flush runtime journal from PID 1
[   17.349456] macb ff0e0000.ethernet eth0: PHY [ff0e0000.ethernet-ffffffff:0c] driver [TI DP83867] (irq=POLL)
[   17.349469] macb ff0e0000.ethernet eth0: configuring for phy/rgmii-id link mode
[   17.655778] Adding 89084k swap on /var/swap.  Priority:-2 extents:2 across:613500k SS
[   20.421375] macb ff0e0000.ethernet eth0: Link is Up - 1Gbps/Full - flow control off
[   20.421403] IPv6: ADDRCONF(NETDEV_CHANGE): eth0: link becomes ready
[   22.935836] broken atomic modeset userspace detected, disabling atomic
[   25.650969] broken atomic modeset userspace detected, disabling atomic