[    0.000000] Booting Linux on physical CPU 0x0000000000 [0x410fd034]
[    0.000000] Linux version 5.10.0-98103-g2aa7ac113716 (jenkins@romlxbuild1.adlk.analog.com) (aarch64-xilinx-linux-gcc.real (GCC) 10.2.0, GNU ld (GNU Binutils) 2.35.0.20200730) #5577 SMP Wed Mar 23 07:28:49 GMT 2022
[    0.000000] Machine model: ZynqMP ZCU102 Rev1.0
[    0.000000] earlycon: cdns0 at MMIO 0x00000000ff000000 (options '115200n8')
[    0.000000] printk: bootconsole [cdns0] enabled
[    0.000000] efi: UEFI not found.
[    0.000000] cma: Reserved 256 MiB at 0x0000000070000000
[    0.000000] Zone ranges:
[    0.000000]   DMA      [mem 0x0000000000000000-0x000000003fffffff]
[    0.000000]   DMA32    [mem 0x0000000040000000-0x00000000ffffffff]
[    0.000000]   Normal   [mem 0x0000000100000000-0x000000087fffffff]
[    0.000000] Movable zone start for each node
[    0.000000] Early memory node ranges
[    0.000000]   node   0: [mem 0x0000000000000000-0x000000007fffffff]
[    0.000000]   node   0: [mem 0x0000000800000000-0x000000087fffffff]
[    0.000000] Initmem setup node 0 [mem 0x0000000000000000-0x000000087fffffff]
[    0.000000] On node 0 totalpages: 1048576
[    0.000000]   DMA zone: 3584 pages used for memmap
[    0.000000]   DMA zone: 0 pages reserved
[    0.000000]   DMA zone: 262144 pages, LIFO batch:63
[    0.000000]   DMA32 zone: 3584 pages used for memmap
[    0.000000]   DMA32 zone: 262144 pages, LIFO batch:63
[    0.000000]   Normal zone: 7168 pages used for memmap
[    0.000000]   Normal zone: 524288 pages, LIFO batch:63
[    0.000000] psci: probing for conduit method from DT.
[    0.000000] psci: PSCIv1.1 detected in firmware.
[    0.000000] psci: Using standard PSCI v0.2 function IDs
[    0.000000] psci: MIGRATE_INFO_TYPE not supported.
[    0.000000] psci: SMC Calling Convention v1.2
[    0.000000] percpu: Embedded 22 pages/cpu s49496 r8192 d32424 u90112
[    0.000000] pcpu-alloc: s49496 r8192 d32424 u90112 alloc=22*4096
[    0.000000] pcpu-alloc: [0] 0 [0] 1 [0] 2 [0] 3 
[    0.000000] Detected VIPT I-cache on CPU0
[    0.000000] CPU features: detected: ARM erratum 845719
[    0.000000] Built 1 zonelists, mobility grouping on.  Total pages: 1034240
[    0.000000] Kernel command line: console=ttyPS0,115200 root=/dev/mmcblk0p2 rw earlycon rootfstype=ext4 rootwait clk_ignore_unused cpuidle.off=1 root=/dev/mmcblk0p2 rw rootwait
[    0.000000] Dentry cache hash table entries: 524288 (order: 10, 4194304 bytes, linear)
[    0.000000] Inode-cache hash table entries: 262144 (order: 9, 2097152 bytes, linear)
[    0.000000] mem auto-init: stack:off, heap alloc:off, heap free:off
[    0.000000] software IO TLB: mapped [mem 0x000000003bfff000-0x000000003ffff000] (64MB)
[    0.000000] Memory: 3761904K/4194304K available (15296K kernel code, 1636K rwdata, 11876K rodata, 2560K init, 507K bss, 170256K reserved, 262144K cma-reserved)
[    0.000000] rcu: Hierarchical RCU implementation.
[    0.000000] rcu: 	RCU event tracing is enabled.
[    0.000000] rcu: 	RCU restricting CPUs from NR_CPUS=8 to nr_cpu_ids=4.
[    0.000000] rcu: RCU calculated value of scheduler-enlistment delay is 25 jiffies.
[    0.000000] rcu: Adjusting geometry for rcu_fanout_leaf=16, nr_cpu_ids=4
[    0.000000] NR_IRQS: 64, nr_irqs: 64, preallocated irqs: 0
[    0.000000] GIC: Adjusting CPU interface base to 0x00000000f902f000
[    0.000000] GIC: Using split EOI/Deactivate mode
[    0.000000] random: get_random_bytes called from start_kernel+0x31c/0x54c with crng_init=0
[    0.000000] arch_timer: cp15 timer(s) running at 100.00MHz (phys).
[    0.000000] clocksource: arch_sys_counter: mask: 0xffffffffffffff max_cycles: 0x171024e7e0, max_idle_ns: 440795205315 ns
[    0.000004] sched_clock: 56 bits at 100MHz, resolution 10ns, wraps every 4398046511100ns
[    0.008462] Console: colour dummy device 80x25
[    0.012482] Calibrating delay loop (skipped), value calculated using timer frequency.. 200.00 BogoMIPS (lpj=400000)
[    0.022840] pid_max: default: 32768 minimum: 301
[    0.027550] Mount-cache hash table entries: 8192 (order: 4, 65536 bytes, linear)
[    0.034789] Mountpoint-cache hash table entries: 8192 (order: 4, 65536 bytes, linear)
[    0.043398] rcu: Hierarchical SRCU implementation.
[    0.047559] EFI services will not be available.
[    0.051938] smp: Bringing up secondary CPUs ...
[    0.056656] Detected VIPT I-cache on CPU1
[    0.056695] CPU1: Booted secondary processor 0x0000000001 [0x410fd034]
[    0.057060] Detected VIPT I-cache on CPU2
[    0.057083] CPU2: Booted secondary processor 0x0000000002 [0x410fd034]
[    0.057424] Detected VIPT I-cache on CPU3
[    0.057447] CPU3: Booted secondary processor 0x0000000003 [0x410fd034]
[    0.057493] smp: Brought up 1 node, 4 CPUs
[    0.091780] SMP: Total of 4 processors activated.
[    0.096452] CPU features: detected: 32-bit EL0 Support
[    0.101556] CPU features: detected: CRC32 instructions
[    0.106695] CPU: All CPU(s) started at EL2
[    0.110736] alternatives: patching kernel code
[    0.116170] devtmpfs: initialized
[    0.124066] Registered cp15_barrier emulation handler
[    0.124116] Registered setend emulation handler
[    0.128090] clocksource: jiffies: mask: 0xffffffff max_cycles: 0xffffffff, max_idle_ns: 7645041785100000 ns
[    0.137670] futex hash table entries: 1024 (order: 4, 65536 bytes, linear)
[    0.151023] pinctrl core: initialized pinctrl subsystem
[    0.151672] NET: Registered protocol family 16
[    0.156098] DMA: preallocated 512 KiB GFP_KERNEL pool for atomic allocations
[    0.162107] DMA: preallocated 512 KiB GFP_KERNEL|GFP_DMA pool for atomic allocations
[    0.169834] DMA: preallocated 512 KiB GFP_KERNEL|GFP_DMA32 pool for atomic allocations
[    0.177635] audit: initializing netlink subsys (disabled)
[    0.183088] audit: type=2000 audit(0.116:1): state=initialized audit_enabled=0 res=1
[    0.183435] hw-breakpoint: found 6 breakpoint and 4 watchpoint registers.
[    0.197463] ASID allocator initialised with 65536 entries
[    0.224330] HugeTLB registered 1.00 GiB page size, pre-allocated 0 pages
[    0.225386] HugeTLB registered 32.0 MiB page size, pre-allocated 0 pages
[    0.232057] HugeTLB registered 2.00 MiB page size, pre-allocated 0 pages
[    0.238720] HugeTLB registered 64.0 KiB page size, pre-allocated 0 pages
[    1.304356] DRBG: Continuing without Jitter RNG
[    1.382109] raid6: neonx8   gen()  2140 MB/s
[    1.450164] raid6: neonx8   xor()  1598 MB/s
[    1.518222] raid6: neonx4   gen()  2199 MB/s
[    1.586267] raid6: neonx4   xor()  1564 MB/s
[    1.654335] raid6: neonx2   gen()  2076 MB/s
[    1.722381] raid6: neonx2   xor()  1442 MB/s
[    1.790447] raid6: neonx1   gen()  1772 MB/s
[    1.858494] raid6: neonx1   xor()  1220 MB/s
[    1.926552] raid6: int64x8  gen()  1438 MB/s
[    1.994610] raid6: int64x8  xor()   771 MB/s
[    2.062686] raid6: int64x4  gen()  1599 MB/s
[    2.130731] raid6: int64x4  xor()   819 MB/s
[    2.198807] raid6: int64x2  gen()  1397 MB/s
[    2.266847] raid6: int64x2  xor()   750 MB/s
[    2.334923] raid6: int64x1  gen()  1033 MB/s
[    2.402986] raid6: int64x1  xor()   517 MB/s
[    2.403024] raid6: using algorithm neonx4 gen() 2199 MB/s
[    2.406978] raid6: .... xor() 1564 MB/s, rmw enabled
[    2.411909] raid6: using neon recovery algorithm
[    2.416919] iommu: Default domain type: Translated 
[    2.421535] SCSI subsystem initialized
[    2.425078] libata version 3.00 loaded.
[    2.425203] usbcore: registered new interface driver usbfs
[    2.430534] usbcore: registered new interface driver hub
[    2.435808] usbcore: registered new device driver usb
[    2.440940] mc: Linux media interface: v0.10
[    2.445058] videodev: Linux video capture interface: v2.00
[    2.450549] EDAC MC: Ver: 3.0.0
[    2.453994] zynqmp-ipi-mbox mailbox@ff990400: Registered ZynqMP IPI mbox with TX/RX channels.
[    2.462493] jesd204: created con: id=0, topo=0, link=0, /axi/spi@ff050000/hmc7044@0 <-> /fpga-axi@0/axi-adxcvr-tx@84b60000
[    2.473078] jesd204: created con: id=1, topo=0, link=2, /axi/spi@ff050000/hmc7044@0 <-> /fpga-axi@0/axi-adxcvr-rx@84a60000
[    2.484061] jesd204: created con: id=2, topo=0, link=0, /fpga-axi@0/axi-adxcvr-tx@84b60000 <-> /fpga-axi@0/axi-jesd204-tx@84b90000
[    2.495738] jesd204: created con: id=3, topo=0, link=2, /fpga-axi@0/axi-adxcvr-rx@84a60000 <-> /fpga-axi@0/axi-jesd204-rx@84a90000
[    2.507414] jesd204: created con: id=4, topo=0, link=0, /fpga-axi@0/axi-jesd204-tx@84b90000 <-> /fpga-axi@0/axi-ad9081-tx-hpc@84b10000
[    2.519442] jesd204: created con: id=5, topo=0, link=2, /fpga-axi@0/axi-jesd204-rx@84a90000 <-> /fpga-axi@0/axi-ad9081-rx-hpc@84a10000
[    2.531464] jesd204: created con: id=6, topo=0, link=2, /fpga-axi@0/axi-ad9081-rx-hpc@84a10000 <-> /axi/spi@ff040000/ad9081@0
[    2.542706] jesd204: created con: id=7, topo=0, link=0, /fpga-axi@0/axi-ad9081-tx-hpc@84b10000 <-> /axi/spi@ff040000/ad9081@0
[    2.553956] jesd204: /axi/spi@ff040000/ad9081@0: JESD204[2] transition uninitialized -> initialized
[    2.562943] jesd204: /axi/spi@ff040000/ad9081@0: JESD204[0] transition uninitialized -> initialized
[    2.571934] jesd204: found 8 devices and 1 topologies
[    2.576978] FPGA manager framework
[    2.580456] Advanced Linux Sound Architecture Driver Initialized.
[    2.586748] Bluetooth: Core ver 2.22
[    2.589937] NET: Registered protocol family 31
[    2.594338] Bluetooth: HCI device and connection manager initialized
[    2.600655] Bluetooth: HCI socket layer initialized
[    2.605497] Bluetooth: L2CAP socket layer initialized
[    2.610521] Bluetooth: SCO socket layer initialized
[    2.615705] clocksource: Switched to clocksource arch_sys_counter
[    2.621513] VFS: Disk quotas dquot_6.6.0
[    2.625348] VFS: Dquot-cache hash table entries: 512 (order 0, 4096 bytes)
[    2.636066] NET: Registered protocol family 2
[    2.636793] tcp_listen_portaddr_hash hash table entries: 2048 (order: 3, 32768 bytes, linear)
[    2.644988] TCP established hash table entries: 32768 (order: 6, 262144 bytes, linear)
[    2.653013] TCP bind hash table entries: 32768 (order: 7, 524288 bytes, linear)
[    2.660458] TCP: Hash tables configured (established 32768 bind 32768)
[    2.666633] UDP hash table entries: 2048 (order: 4, 65536 bytes, linear)
[    2.673298] UDP-Lite hash table entries: 2048 (order: 4, 65536 bytes, linear)
[    2.680460] NET: Registered protocol family 1
[    2.684914] RPC: Registered named UNIX socket transport module.
[    2.690536] RPC: Registered udp transport module.
[    2.695200] RPC: Registered tcp transport module.
[    2.699870] RPC: Registered tcp NFSv4.1 backchannel transport module.
[    2.706862] PCI: CLS 0 bytes, default 64
[    2.710566] hw perfevents: no interrupt-affinity property for /pmu, guessing.
[    2.717421] hw perfevents: enabled with armv8_pmuv3 PMU driver, 7 counters available
[    2.725776] Initialise system trusted keyrings
[    2.729448] workingset: timestamp_bits=62 max_order=20 bucket_order=0
[    2.736349] NFS: Registering the id_resolver key type
[    2.740800] Key type id_resolver registered
[    2.744938] Key type id_legacy registered
[    2.748928] nfs4filelayout_init: NFSv4 File Layout Driver Registering...
[    2.755593] jffs2: version 2.2. (NAND) (SUMMARY)  Â© 2001-2006 Red Hat, Inc.
[    2.798722] NET: Registered protocol family 38
[    2.798765] xor: measuring software checksum speed
[    2.806453]    8regs           :  2363 MB/sec
[    2.810121]    32regs          :  2799 MB/sec
[    2.815064]    arm64_neon      :  2380 MB/sec
[    2.815254] xor: using function: 32regs (2799 MB/sec)
[    2.820280] Key type asymmetric registered
[    2.824341] Asymmetric key parser 'x509' registered
[    2.829202] Block layer SCSI generic (bsg) driver version 0.4 loaded (major 248)
[    2.836539] io scheduler mq-deadline registered
[    2.841035] io scheduler kyber registered
[    2.870431] Serial: 8250/16550 driver, 4 ports, IRQ sharing disabled
[    2.875073] cacheinfo: Unable to detect cache hierarchy for CPU 0
[    2.881407] brd: module loaded
[    2.885551] loop: module loaded
[    2.886094] Registered mathworks_ip class
[    2.889440] libphy: Fixed MDIO Bus: probed
[    2.892423] tun: Universal TUN/TAP device driver, 1.6
[    2.896483] CAN device driver interface
[    2.901019] usbcore: registered new interface driver asix
[    2.905613] usbcore: registered new interface driver ax88179_178a
[    2.911648] usbcore: registered new interface driver cdc_ether
[    2.917442] usbcore: registered new interface driver net1080
[    2.923068] usbcore: registered new interface driver cdc_subset
[    2.928949] usbcore: registered new interface driver zaurus
[    2.934492] usbcore: registered new interface driver cdc_ncm
[    2.940892] ehci_hcd: USB 2.0 'Enhanced' Host Controller (EHCI) Driver
[    2.946578] ehci-pci: EHCI PCI platform driver
[    2.951373] usbcore: registered new interface driver uas
[    2.956292] usbcore: registered new interface driver usb-storage
[    2.962281] usbcore: registered new interface driver usbserial_generic
[    2.968732] usbserial: USB Serial support registered for generic
[    2.974705] usbcore: registered new interface driver ftdi_sio
[    2.980408] usbserial: USB Serial support registered for FTDI USB Serial Device
[    2.987685] usbcore: registered new interface driver upd78f0730
[    2.993556] usbserial: USB Serial support registered for upd78f0730
[    3.001211] rtc_zynqmp ffa60000.rtc: registered as rtc0
[    3.004981] rtc_zynqmp ffa60000.rtc: setting system clock to 2022-03-26T01:03:48 UTC (1648256628)
[    3.013844] i2c /dev entries driver
[    3.019149] usbcore: registered new interface driver uvcvideo
[    3.022956] USB Video Class driver (1.1.1)
[    3.028541] Bluetooth: HCI UART driver ver 2.3
[    3.031428] Bluetooth: HCI UART protocol H4 registered
[    3.036537] Bluetooth: HCI UART protocol BCSP registered
[    3.041826] Bluetooth: HCI UART protocol LL registered
[    3.046915] Bluetooth: HCI UART protocol ATH3K registered
[    3.052289] Bluetooth: HCI UART protocol Three-wire (H5) registered
[    3.058544] Bluetooth: HCI UART protocol Intel registered
[    3.063882] Bluetooth: HCI UART protocol QCA registered
[    3.069083] usbcore: registered new interface driver bcm203x
[    3.074705] usbcore: registered new interface driver bpa10x
[    3.080240] usbcore: registered new interface driver bfusb
[    3.085691] usbcore: registered new interface driver btusb
[    3.091153] usbcore: registered new interface driver ath3k
[    3.096637] EDAC MC: ECC not enabled
[    3.100262] EDAC DEVICE0: Giving out device to module zynqmp-ocm-edac controller zynqmp_ocm: DEV ff960000.memory-controller (INTERRUPT)
[    3.112573] sdhci: Secure Digital Host Controller Interface driver
[    3.118364] sdhci: Copyright(c) Pierre Ossman
[    3.122689] sdhci-pltfm: SDHCI platform and OF driver helper
[    3.128743] ledtrig-cpu: registered to indicate activity on CPUs
[    3.134292] SMCCC: SOC_ID: ARCH_SOC_ID not implemented, skipping ....
[    3.140719] zynqmp_firmware_probe Platform Management API v1.1
[    3.146480] zynqmp_firmware_probe Trustzone version v1.0
[    3.186005] zynqmp-pinctrl firmware:zynqmp-firmware:pinctrl: zynqmp pinctrl initialized
[    3.233995] zynqmp-aes firmware:zynqmp-firmware:zynqmp-aes: will run requests pump with realtime priority
[    3.249861] alg: No test for xilinx-keccak-384 (zynqmp-keccak-384)
[    3.250568] alg: No test for xilinx-zynqmp-rsa (zynqmp-rsa)
[    3.256083] usbcore: registered new interface driver usbhid
[    3.261472] usbhid: USB HID core driver
[    3.272721] axi_sysid 85000000.axi-sysid-0: AXI System ID core version (1.01.a) found
[    3.275070] axi_sysid 85000000.axi-sysid-0: [ad9081_fmca_ebz] on [zcu102] git branch <master> git <084d44c9780640ca93fd847b1d9ec70dd65f5c67> clean [2022-03-18 04:17:50] UTC
[    3.290759] fpga_manager fpga0: Xilinx ZynqMP FPGA Manager registered
[    3.297113] usbcore: registered new interface driver snd-usb-audio
[    3.304562] pktgen: Packet Generator for packet performance testing. Version: 2.75
[    3.310750] Initializing XFRM netlink socket
[    3.314601] NET: Registered protocol family 10
[    3.319317] Segment Routing with IPv6
[    3.322698] sit: IPv6, IPv4 and MPLS over IPv4 tunneling driver
[    3.328769] NET: Registered protocol family 17
[    3.332874] NET: Registered protocol family 15
[    3.337369] can: controller area network core
[    3.341624] NET: Registered protocol family 29
[    3.346012] can: raw protocol
[    3.348948] can: broadcast manager protocol
[    3.353103] can: netlink gateway - max_hops=1
[    3.357496] Bluetooth: RFCOMM TTY layer initialized
[    3.362276] Bluetooth: RFCOMM socket layer initialized
[    3.367383] Bluetooth: RFCOMM ver 1.11
[    3.371095] Bluetooth: BNEP (Ethernet Emulation) ver 1.3
[    3.376367] Bluetooth: BNEP filters: protocol multicast
[    3.381560] Bluetooth: BNEP socket layer initialized
[    3.386487] Bluetooth: HIDP (Human Interface Emulation) ver 1.2
[    3.392371] Bluetooth: HIDP socket layer initialized
[    3.397427] 9pnet: Installing 9P2000 support
[    3.401548] NET: Registered protocol family 36
[    3.405966] Key type dns_resolver registered
[    3.410396] registered taskstats version 1
[    3.414261] Loading compiled-in X.509 certificates
[    3.419377] Btrfs loaded, crc32c=crc32c-generic
[    3.431798] ff000000.serial: ttyPS0 at MMIO 0xff000000 (irq = 49, base_baud = 6249999) is a xuartps
[    3.440822] printk: console [ttyPS0] enabled
[    3.445117] printk: bootconsole [cdns0] disabled
[    3.454746] ff010000.serial: ttyPS1 at MMIO 0xff010000 (irq = 50, base_baud = 6249999) is a xuartps
[    3.467998] of-fpga-region fpga-full: FPGA Region probed
[    3.474942] nwl-pcie fd0e0000.pcie: host bridge /axi/pcie@fd0e0000 ranges:
[    3.481838] nwl-pcie fd0e0000.pcie:      MEM 0x00e0000000..0x00efffffff -> 0x00e0000000
[    3.489840] nwl-pcie fd0e0000.pcie:      MEM 0x0600000000..0x07ffffffff -> 0x0600000000
[    3.497901] nwl-pcie fd0e0000.pcie: Link is DOWN
[    3.502660] nwl-pcie fd0e0000.pcie: PCI host bridge to bus 0000:00
[    3.508837] pci_bus 0000:00: root bus resource [bus 00-ff]
[    3.514318] pci_bus 0000:00: root bus resource [mem 0xe0000000-0xefffffff]
[    3.521189] pci_bus 0000:00: root bus resource [mem 0x600000000-0x7ffffffff pref]
[    3.528693] pci 0000:00:00.0: [10ee:d021] type 01 class 0x060400
[    3.534749] pci 0000:00:00.0: PME# supported from D0 D1 D2 D3hot
[    3.545196] pci 0000:00:00.0: PCI bridge to [bus 01-0c]
[    3.551172] xilinx-zynqmp-dma fd500000.dma: ZynqMP DMA driver Probe success
[    3.558346] xilinx-zynqmp-dma fd510000.dma: ZynqMP DMA driver Probe success
[    3.565528] xilinx-zynqmp-dma fd520000.dma: ZynqMP DMA driver Probe success
[    3.572699] xilinx-zynqmp-dma fd530000.dma: ZynqMP DMA driver Probe success
[    3.579871] xilinx-zynqmp-dma fd540000.dma: ZynqMP DMA driver Probe success
[    3.587042] xilinx-zynqmp-dma fd550000.dma: ZynqMP DMA driver Probe success
[    3.594215] xilinx-zynqmp-dma fd560000.dma: ZynqMP DMA driver Probe success
[    3.601384] xilinx-zynqmp-dma fd570000.dma: ZynqMP DMA driver Probe success
[    3.608778] xilinx-zynqmp-dpdma fd4c0000.dma-controller: Xilinx DPDMA engine is probed
[    3.617322] ahci-ceva fd0c0000.ahci: supply ahci not found, using dummy regulator
[    3.624860] ahci-ceva fd0c0000.ahci: supply phy not found, using dummy regulator
[    3.715873] hmc7044 spi2.0: PLL1: Acquisition, CLKIN0 @ 122880000 Hz, PFD: 80 kHz - PLL2: Locked @ 2736.000000 MHz
[    3.726587] jesd204: /axi/spi@ff050000/hmc7044@0,jesd204:1,parent=spi2.0: Using as SYSREF provider
[    3.736172] spi-nor spi0.0: SPI-NOR-UniqueID 100000235394732200270025081115266e
[    3.743483] spi-nor spi0.0: found n25q512a, expected m25p80
[    3.749678] spi-nor spi0.0: trying to lock already unlocked area
[    3.755685] spi-nor spi0.0: n25q512a (131072 Kbytes)
[    3.760663] 4 fixed-partitions partitions found on MTD device spi0.0
[    3.767009] Creating 4 MTD partitions on "spi0.0":
[    3.771794] 0x000000000000-0x000000100000 : "qspi-fsbl-uboot"
[    3.778283] 0x000000100000-0x000000600000 : "qspi-linux"
[    3.784244] 0x000000600000-0x000000620000 : "qspi-device-tree"
[    3.790721] 0x000000620000-0x000000c00000 : "qspi-rootfs"
[    3.799189] macb ff0e0000.ethernet: Not enabling partial store and forward
[    3.806720] libphy: MACB_mii_bus: probed
[    3.811772] macb ff0e0000.ethernet eth0: Cadence GEM rev 0x50070106 at 0xff0e0000 irq 30 (00:0a:35:04:8e:1b)
[    3.821979] xilinx-axipmon ffa00000.perf-monitor: Probed Xilinx APM
[    3.828553] xilinx-axipmon fd0b0000.perf-monitor: Probed Xilinx APM
[    3.835064] xilinx-axipmon fd490000.perf-monitor: Probed Xilinx APM
[    3.841608] xilinx-axipmon ffa10000.perf-monitor: Probed Xilinx APM
[    3.851601] pca953x 0-0020: supply vcc not found, using dummy regulator
[    3.858287] pca953x 0-0020: using no AI
[    3.862773] gpio-496 (sel0): hogged as output/low
[    3.867673] gpio-497 (sel1): hogged as output/high
[    3.872659] gpio-498 (sel2): hogged as output/high
[    3.877648] gpio-499 (sel3): hogged as output/high
[    3.882831] pca953x 0-0021: supply vcc not found, using dummy regulator
[    3.889502] pca953x 0-0021: using no AI
[    3.895266] ina2xx 2-0040: power monitor ina226 (Rshunt = 5000 uOhm)
[    3.902293] ina2xx 2-0041: power monitor ina226 (Rshunt = 5000 uOhm)
[    3.909326] ina2xx 2-0042: power monitor ina226 (Rshunt = 5000 uOhm)
[    3.916361] ina2xx 2-0043: power monitor ina226 (Rshunt = 5000 uOhm)
[    3.923387] ina2xx 2-0044: power monitor ina226 (Rshunt = 5000 uOhm)
[    3.930408] ina2xx 2-0045: power monitor ina226 (Rshunt = 5000 uOhm)
[    3.937439] ina2xx 2-0046: power monitor ina226 (Rshunt = 5000 uOhm)
[    3.944515] ina2xx 2-0047: power monitor ina226 (Rshunt = 5000 uOhm)
[    3.951542] ina2xx 2-004a: power monitor ina226 (Rshunt = 5000 uOhm)
[    3.958581] ina2xx 2-004b: power monitor ina226 (Rshunt = 5000 uOhm)
[    3.964994] i2c i2c-0: Added multiplexed i2c bus 2
[    3.970377] random: fast init done
[    3.973850] ina2xx 3-0040: power monitor ina226 (Rshunt = 2000 uOhm)
[    3.980877] ina2xx 3-0041: power monitor ina226 (Rshunt = 5000 uOhm)
[    3.987903] ina2xx 3-0042: power monitor ina226 (Rshunt = 5000 uOhm)
[    3.994934] ina2xx 3-0043: power monitor ina226 (Rshunt = 5000 uOhm)
[    4.001961] ina2xx 3-0044: power monitor ina226 (Rshunt = 5000 uOhm)
[    4.008987] ina2xx 3-0045: power monitor ina226 (Rshunt = 5000 uOhm)
[    4.016021] ina2xx 3-0046: power monitor ina226 (Rshunt = 5000 uOhm)
[    4.023050] ina2xx 3-0047: power monitor ina226 (Rshunt = 5000 uOhm)
[    4.029450] i2c i2c-0: Added multiplexed i2c bus 3
[    4.085462] i2c i2c-0: Added multiplexed i2c bus 4
[    4.090401] i2c i2c-0: Added multiplexed i2c bus 5
[    4.095189] pca954x 0-0075: registered 4 multiplexed busses for I2C mux pca9544
[    4.102538] cdns-i2c ff020000.i2c: 400 kHz mmio ff020000 irq 32
[    4.110271] at24 6-0054: supply vcc not found, using dummy regulator
[    4.117172] at24 6-0054: 1024 byte 24c08 EEPROM, writable, 1 bytes/write
[    4.123927] i2c i2c-1: Added multiplexed i2c bus 6
[    4.130355] si5341 7-0036: Chip: 5341 Grade: 1 Rev: 1
[    4.168029] i2c i2c-1: Added multiplexed i2c bus 7
[    4.175682] si570 8-005d: registered, current frequency 300000000 Hz
[    4.182080] i2c i2c-1: Added multiplexed i2c bus 8
[    4.201859] si570 9-005d: registered, current frequency 148500000 Hz
[    4.208260] i2c i2c-1: Added multiplexed i2c bus 9
[    4.213299] si5324 10-0069: si5328 probed
[    4.280059] si5324 10-0069: si5328 probe successful
[    4.284985] i2c i2c-1: Added multiplexed i2c bus 10
[    4.290012] i2c i2c-1: Added multiplexed i2c bus 11
[    4.295040] i2c i2c-1: Added multiplexed i2c bus 12
[    4.300060] i2c i2c-1: Added multiplexed i2c bus 13
[    4.304941] pca954x 1-0074: registered 8 multiplexed busses for I2C switch pca9548
[    4.313052] at24 14-0050: supply vcc not found, using dummy regulator
[    4.319844] at24 14-0050: 256 byte 24c02 EEPROM, writable, 1 bytes/write
[    4.326592] i2c i2c-1: Added multiplexed i2c bus 14
[    4.331634] i2c i2c-1: Added multiplexed i2c bus 15
[    4.336665] i2c i2c-1: Added multiplexed i2c bus 16
[    4.341703] i2c i2c-1: Added multiplexed i2c bus 17
[    4.346734] i2c i2c-1: Added multiplexed i2c bus 18
[    4.351781] i2c i2c-1: Added multiplexed i2c bus 19
[    4.356818] i2c i2c-1: Added multiplexed i2c bus 20
[    4.361858] i2c i2c-1: Added multiplexed i2c bus 21
[    4.366733] pca954x 1-0075: registered 8 multiplexed busses for I2C switch pca9548
[    4.374342] cdns-i2c ff030000.i2c: 400 kHz mmio ff030000 irq 33
[    4.384088] cdns-wdt fd4d0000.watchdog: Xilinx Watchdog Timer with timeout 60s
[    4.395023] axi_adxcvr 84a60000.axi-adxcvr-rx: AXI-ADXCVR-RX (17.05.a) using CPLL on GTH4 at 0x84A60000. Number of lanes: 4.
[    4.407166] axi_adxcvr 84b60000.axi-adxcvr-tx: AXI-ADXCVR-TX (17.05.a) using QPLL on GTH4 at 0x84B60000. Number of lanes: 4.
[    4.418786] axi-jesd204-rx 84a90000.axi-jesd204-rx: AXI-JESD204-RX (1.07.a) at 0x84A90000. Encoder 8b10b, width 4/4, lanes 4, jesd204-fsm.
[    4.426102] mmc0: SDHCI controller on ff170000.mmc [ff170000.mmc] using ADMA 64-bit
[    4.431633] axi-jesd204-tx 84b90000.axi-jesd204-tx: AXI-JESD204-TX (1.06.a) at 0x84B90000. Encoder 8b10b, width 4/4, lanes 4, jesd204-fsm.
[    4.452355] zynqmp-display fd4a0000.display: vtc bridge property not present
[    4.462003] xilinx-dp-snd-codec fd4a0000.display:zynqmp_dp_snd_codec0: Failed to get required clock freq
[    4.471511] xilinx-dp-snd-codec: probe of fd4a0000.display:zynqmp_dp_snd_codec0 failed with error -22
[    4.473485] mmc0: new high speed SDHC card at address 0001
[    4.481049] xilinx-dp-snd-pcm zynqmp_dp_snd_pcm0: Xilinx DisplayPort Sound PCM probed
[    4.486564] mmcblk0: mmc0:0001 EB1QT 29.8 GiB 
[    4.494367] xilinx-dp-snd-pcm zynqmp_dp_snd_pcm1: Xilinx DisplayPort Sound PCM probed
[    4.499715]  mmcblk0: p1 p2 p3
[    4.506669] OF: graph: no port node found in /axi/display@fd4a0000
[    4.515747] xlnx-drm xlnx-drm.0: bound fd4a0000.display (ops 0xffffffc010fcbdb8)
[    5.599721] zynqmp-display fd4a0000.display: [drm] Cannot find any crtc or sizes
[    5.607334] [drm] Initialized xlnx 1.0.0 20130509 for fd4a0000.display on minor 0
[    5.614823] zynqmp-display fd4a0000.display: ZynqMP DisplayPort Subsystem driver probed
[    5.623151] ahci-ceva fd0c0000.ahci: supply ahci not found, using dummy regulator
[    5.630694] ahci-ceva fd0c0000.ahci: supply phy not found, using dummy regulator
[    5.638145] ahci-ceva fd0c0000.ahci: supply target not found, using dummy regulator
[    5.645983] ahci-ceva fd0c0000.ahci: AHCI 0001.0301 32 slots 2 ports 6 Gbps 0x3 impl platform mode
[    5.654939] ahci-ceva fd0c0000.ahci: flags: 64bit ncq sntf pm clo only pmp fbs pio slum part ccc sds apst 
[    5.665636] scsi host0: ahci-ceva
[    5.669233] scsi host1: ahci-ceva
[    5.672660] ata1: SATA max UDMA/133 mmio [mem 0xfd0c0000-0xfd0c1fff] port 0x100 irq 45
[    5.680570] ata2: SATA max UDMA/133 mmio [mem 0xfd0c0000-0xfd0c1fff] port 0x180 irq 45
[    5.689168] ad9081 spi1.0: supply vdd not found, using dummy regulator
[    6.001958] ata1: SATA link down (SStatus 0 SControl 330)
[    6.007377] ata2: SATA link down (SStatus 0 SControl 330)
[    6.683721] zynqmp-display fd4a0000.display: [drm] Cannot find any crtc or sizes
[    6.881206] ad9081 spi1.0: Invalid param passed., "ref_clk_hz < 100000000ULL" in adi_ad9081_device_clk_config_set(...), line554 in drivers/iio/adc/ad9081/adi_ad9081_device.c
[    7.548566] ad9081 spi1.0: AD9081 Rev. 2 Grade 10 (API 1.2.2) probed
[    7.555769] xhci-hcd xhci-hcd.1.auto: xHCI Host Controller
[    7.561257] xhci-hcd xhci-hcd.1.auto: new USB bus registered, assigned bus number 1
[    7.569006] xhci-hcd xhci-hcd.1.auto: hcc params 0x0238f625 hci version 0x100 quirks 0x0000000002010810
[    7.578418] xhci-hcd xhci-hcd.1.auto: irq 59, io mem 0xfe200000
[    7.584529] usb usb1: New USB device found, idVendor=1d6b, idProduct=0002, bcdDevice= 5.10
[    7.592793] usb usb1: New USB device strings: Mfr=3, Product=2, SerialNumber=1
[    7.600011] usb usb1: Product: xHCI Host Controller
[    7.604880] usb usb1: Manufacturer: Linux 5.10.0-98103-g2aa7ac113716 xhci-hcd
[    7.612006] usb usb1: SerialNumber: xhci-hcd.1.auto
[    7.617175] hub 1-0:1.0: USB hub found
[    7.620942] hub 1-0:1.0: 1 port detected
[    7.625047] xhci-hcd xhci-hcd.1.auto: xHCI Host Controller
[    7.630535] xhci-hcd xhci-hcd.1.auto: new USB bus registered, assigned bus number 2
[    7.638190] xhci-hcd xhci-hcd.1.auto: Host supports USB 3.0 SuperSpeed
[    7.644817] usb usb2: New USB device found, idVendor=1d6b, idProduct=0003, bcdDevice= 5.10
[    7.653075] usb usb2: New USB device strings: Mfr=3, Product=2, SerialNumber=1
[    7.660299] usb usb2: Product: xHCI Host Controller
[    7.665171] usb usb2: Manufacturer: Linux 5.10.0-98103-g2aa7ac113716 xhci-hcd
[    7.672297] usb usb2: SerialNumber: xhci-hcd.1.auto
[    7.677405] hub 2-0:1.0: USB hub found
[    7.681168] hub 2-0:1.0: 1 port detected
[    7.711218] cf_axi_adc 84a10000.axi-ad9081-rx-hpc: ADI AIM (10.01.b) at 0x84A10000 mapped to 0x(____ptrval____), probed ADC AD9081 as MASTER
[    7.744539] cf_axi_dds 84b10000.axi-ad9081-tx-hpc: Analog Devices CF_AXI_DDS_DDS MASTER (9.01.b) at 0x84B10000 mapped to 0x(____ptrval____), probed DDS AD9081
[    7.758743] jesd204: /axi/spi@ff040000/ad9081@0,jesd204:0,parent=spi1.0: JESD204[2] transition initialized -> probed
[    7.769262] jesd204: /axi/spi@ff040000/ad9081@0,jesd204:0,parent=spi1.0: JESD204[0] transition initialized -> probed
[    7.779783] jesd204: /axi/spi@ff040000/ad9081@0,jesd204:0,parent=spi1.0: JESD204[2] transition probed -> idle
[    7.789694] jesd204: /axi/spi@ff040000/ad9081@0,jesd204:0,parent=spi1.0: JESD204[0] transition probed -> idle
[    7.799608] jesd204: /axi/spi@ff040000/ad9081@0,jesd204:0,parent=spi1.0: JESD204[2] transition idle -> device_init
[    7.809950] jesd204: /axi/spi@ff040000/ad9081@0,jesd204:0,parent=spi1.0: JESD204[0] transition idle -> device_init
[    7.820302] jesd204: /axi/spi@ff040000/ad9081@0,jesd204:0,parent=spi1.0: JESD204[2] transition device_init -> link_init
[    7.831077] jesd204: /axi/spi@ff040000/ad9081@0,jesd204:0,parent=spi1.0: JESD204[0] transition device_init -> link_init
[    7.841869] jesd204: /axi/spi@ff040000/ad9081@0,jesd204:0,parent=spi1.0: JESD204[2] transition link_init -> link_supported
[    7.852908] jesd204: /axi/spi@ff040000/ad9081@0,jesd204:0,parent=spi1.0: JESD204[0] transition link_init -> link_supported
[    7.864327] hmc7044 spi2.0: hmc7044_jesd204_link_pre_setup: Link2 forcing continuous SYSREF mode
[    7.873475] axi-jesd204-tx 84b90000.axi-jesd204-tx: axi_jesd204_tx_jesd204_link_pre_setup: Link0 set lane rate 9120000 kHz failed (-22)
[    7.885642] jesd204: /fpga-axi@0/axi-jesd204-tx@84b90000,jesd204:5,parent=84b90000.axi-jesd204-tx: JESD204[0] In link_pre_setup got error from cb: -22
[    7.899112] jesd204: /axi/spi@ff040000/ad9081@0,jesd204:0,parent=spi1.0: Rolling back from 'link_supported', got error -22
[    7.910162] jesd204: /axi/spi@ff040000/ad9081@0,jesd204:0,parent=spi1.0: JESD204[0] transition link_supported -> link_pre_setup
[    7.921636] jesd204: /axi/spi@ff040000/ad9081@0,jesd204:0,parent=spi1.0: JESD204[2] transition link_supported -> link_pre_setup
[    7.933113] jesd204: /axi/spi@ff040000/ad9081@0,jesd204:0,parent=spi1.0: JESD204[0] transition link_pre_setup -> link_supported
[    7.944586] jesd204: /axi/spi@ff040000/ad9081@0,jesd204:0,parent=spi1.0: JESD204[2] transition link_pre_setup -> link_supported
[    7.956063] jesd204: /axi/spi@ff040000/ad9081@0,jesd204:0,parent=spi1.0: JESD204[0] transition link_supported -> link_init
[    7.967101] jesd204: /axi/spi@ff040000/ad9081@0,jesd204:0,parent=spi1.0: JESD204[2] transition link_supported -> link_init
[    7.978148] jesd204: /axi/spi@ff040000/ad9081@0,jesd204:0,parent=spi1.0: JESD204[0] transition link_init -> device_init
[    7.988927] jesd204: /axi/spi@ff040000/ad9081@0,jesd204:0,parent=spi1.0: JESD204[2] transition link_init -> device_init
[    7.999707] jesd204: /axi/spi@ff040000/ad9081@0,jesd204:0,parent=spi1.0: JESD204[0] transition device_init -> idle
[    8.010050] jesd204: /axi/spi@ff040000/ad9081@0,jesd204:0,parent=spi1.0: JESD204[2] transition device_init -> idle
[    8.020401] jesd204: /axi/spi@ff040000/ad9081@0,jesd204:0,parent=spi1.0: JESD204[2] transition idle -> idle
[    8.030136] jesd204: /axi/spi@ff040000/ad9081@0,jesd204:0,parent=spi1.0: JESD204[0] transition idle -> idle
[    8.039877] jesd204: /axi/spi@ff040000/ad9081@0,jesd204:0,parent=spi1.0: JESD204[2] transition idle -> device_init
[    8.050221] jesd204: /axi/spi@ff040000/ad9081@0,jesd204:0,parent=spi1.0: JESD204[0] transition idle -> device_init
[    8.060571] jesd204: /axi/spi@ff040000/ad9081@0,jesd204:0,parent=spi1.0: JESD204[2] transition device_init -> link_init
[    8.071354] jesd204: /axi/spi@ff040000/ad9081@0,jesd204:0,parent=spi1.0: JESD204[0] transition device_init -> link_init
[    8.082137] jesd204: /axi/spi@ff040000/ad9081@0,jesd204:0,parent=spi1.0: JESD204[2] transition link_init -> link_supported
[    8.093177] jesd204: /axi/spi@ff040000/ad9081@0,jesd204:0,parent=spi1.0: JESD204[0] transition link_init -> link_supported
[    8.104555] axi-jesd204-tx 84b90000.axi-jesd204-tx: axi_jesd204_tx_jesd204_link_pre_setup: Link0 set lane rate 9120000 kHz failed (-22)
[    8.116724] jesd204: /fpga-axi@0/axi-jesd204-tx@84b90000,jesd204:5,parent=84b90000.axi-jesd204-tx: JESD204[0] In link_pre_setup got error from cb: -22
[    8.130191] jesd204: /axi/spi@ff040000/ad9081@0,jesd204:0,parent=spi1.0: Rolling back from 'link_supported', got error -22
[    8.141234] jesd204: /axi/spi@ff040000/ad9081@0,jesd204:0,parent=spi1.0: JESD204[0] transition link_supported -> link_pre_setup
[    8.152708] jesd204: /axi/spi@ff040000/ad9081@0,jesd204:0,parent=spi1.0: JESD204[2] transition link_supported -> link_pre_setup
[    8.164184] jesd204: /axi/spi@ff040000/ad9081@0,jesd204:0,parent=spi1.0: JESD204[0] transition link_pre_setup -> link_supported
[    8.175655] jesd204: /axi/spi@ff040000/ad9081@0,jesd204:0,parent=spi1.0: JESD204[2] transition link_pre_setup -> link_supported
[    8.187133] jesd204: /axi/spi@ff040000/ad9081@0,jesd204:0,parent=spi1.0: JESD204[0] transition link_supported -> link_init
[    8.198170] jesd204: /axi/spi@ff040000/ad9081@0,jesd204:0,parent=spi1.0: JESD204[2] transition link_supported -> link_init
[    8.209210] jesd204: /axi/spi@ff040000/ad9081@0,jesd204:0,parent=spi1.0: JESD204[0] transition link_init -> device_init
[    8.219984] jesd204: /axi/spi@ff040000/ad9081@0,jesd204:0,parent=spi1.0: JESD204[2] transition link_init -> device_init
[    8.230767] jesd204: /axi/spi@ff040000/ad9081@0,jesd204:0,parent=spi1.0: JESD204[0] transition device_init -> idle
[    8.241116] jesd204: /axi/spi@ff040000/ad9081@0,jesd204:0,parent=spi1.0: JESD204[2] transition device_init -> idle
[    8.251463] jesd204: /axi/spi@ff040000/ad9081@0,jesd204:0,parent=spi1.0: JESD204[2] transition idle -> idle
[    8.261197] jesd204: /axi/spi@ff040000/ad9081@0,jesd204:0,parent=spi1.0: JESD204[0] transition idle -> idle
[    8.270939] jesd204: /axi/spi@ff040000/ad9081@0,jesd204:0,parent=spi1.0: JESD204[2] transition idle -> device_init
[    8.281282] jesd204: /axi/spi@ff040000/ad9081@0,jesd204:0,parent=spi1.0: JESD204[0] transition idle -> device_init
[    8.291633] jesd204: /axi/spi@ff040000/ad9081@0,jesd204:0,parent=spi1.0: JESD204[2] transition device_init -> link_init
[    8.302409] jesd204: /axi/spi@ff040000/ad9081@0,jesd204:0,parent=spi1.0: JESD204[0] transition device_init -> link_init
[    8.313198] jesd204: /axi/spi@ff040000/ad9081@0,jesd204:0,parent=spi1.0: JESD204[2] transition link_init -> link_supported
[    8.324241] jesd204: /axi/spi@ff040000/ad9081@0,jesd204:0,parent=spi1.0: JESD204[0] transition link_init -> link_supported
[    8.335576] axi-jesd204-tx 84b90000.axi-jesd204-tx: axi_jesd204_tx_jesd204_link_pre_setup: Link0 set lane rate 9120000 kHz failed (-22)
[    8.347748] jesd204: /fpga-axi@0/axi-jesd204-tx@84b90000,jesd204:5,parent=84b90000.axi-jesd204-tx: JESD204[0] In link_pre_setup got error from cb: -22
[    8.361218] jesd204: /axi/spi@ff040000/ad9081@0,jesd204:0,parent=spi1.0: Rolling back from 'link_supported', got error -22
[    8.372266] jesd204: /axi/spi@ff040000/ad9081@0,jesd204:0,parent=spi1.0: JESD204[0] transition link_supported -> link_pre_setup
[    8.383742] jesd204: /axi/spi@ff040000/ad9081@0,jesd204:0,parent=spi1.0: JESD204[2] transition link_supported -> link_pre_setup
[    8.395219] jesd204: /axi/spi@ff040000/ad9081@0,jesd204:0,parent=spi1.0: JESD204[0] transition link_pre_setup -> link_supported
[    8.406691] jesd204: /axi/spi@ff040000/ad9081@0,jesd204:0,parent=spi1.0: JESD204[2] transition link_pre_setup -> link_supported
[    8.418169] jesd204: /axi/spi@ff040000/ad9081@0,jesd204:0,parent=spi1.0: JESD204[0] transition link_supported -> link_init
[    8.429207] jesd204: /axi/spi@ff040000/ad9081@0,jesd204:0,parent=spi1.0: JESD204[2] transition link_supported -> link_init
[    8.440253] jesd204: /axi/spi@ff040000/ad9081@0,jesd204:0,parent=spi1.0: JESD204[0] transition link_init -> device_init
[    8.451031] jesd204: /axi/spi@ff040000/ad9081@0,jesd204:0,parent=spi1.0: JESD204[2] transition link_init -> device_init
[    8.461812] jesd204: /axi/spi@ff040000/ad9081@0,jesd204:0,parent=spi1.0: JESD204[0] transition device_init -> idle
[    8.472156] jesd204: /axi/spi@ff040000/ad9081@0,jesd204:0,parent=spi1.0: JESD204[2] transition device_init -> idle
[    8.482506] jesd204: /axi/spi@ff040000/ad9081@0,jesd204:0,parent=spi1.0: JESD204[2] transition idle -> idle
[    8.492241] jesd204: /axi/spi@ff040000/ad9081@0,jesd204:0,parent=spi1.0: JESD204[0] transition idle -> idle
[    8.501987] jesd204: /axi/spi@ff040000/ad9081@0,jesd204:0,parent=spi1.0: JESD204[2] transition idle -> device_init
[    8.512328] jesd204: /axi/spi@ff040000/ad9081@0,jesd204:0,parent=spi1.0: JESD204[0] transition idle -> device_init
[    8.522677] jesd204: /axi/spi@ff040000/ad9081@0,jesd204:0,parent=spi1.0: JESD204[2] transition device_init -> link_init
[    8.533454] jesd204: /axi/spi@ff040000/ad9081@0,jesd204:0,parent=spi1.0: JESD204[0] transition device_init -> link_init
[    8.544242] jesd204: /axi/spi@ff040000/ad9081@0,jesd204:0,parent=spi1.0: JESD204[2] transition link_init -> link_supported
[    8.555285] jesd204: /axi/spi@ff040000/ad9081@0,jesd204:0,parent=spi1.0: JESD204[0] transition link_init -> link_supported
[    8.566621] axi-jesd204-tx 84b90000.axi-jesd204-tx: axi_jesd204_tx_jesd204_link_pre_setup: Link0 set lane rate 9120000 kHz failed (-22)
[    8.578792] jesd204: /fpga-axi@0/axi-jesd204-tx@84b90000,jesd204:5,parent=84b90000.axi-jesd204-tx: JESD204[0] In link_pre_setup got error from cb: -22
[    8.592262] jesd204: /axi/spi@ff040000/ad9081@0,jesd204:0,parent=spi1.0: Rolling back from 'link_supported', got error -22
[    8.603304] jesd204: /axi/spi@ff040000/ad9081@0,jesd204:0,parent=spi1.0: JESD204[0] transition link_supported -> link_pre_setup
[    8.614776] jesd204: /axi/spi@ff040000/ad9081@0,jesd204:0,parent=spi1.0: JESD204[2] transition link_supported -> link_pre_setup
[    8.626259] jesd204: /axi/spi@ff040000/ad9081@0,jesd204:0,parent=spi1.0: JESD204[0] transition link_pre_setup -> link_supported
[    8.637736] jesd204: /axi/spi@ff040000/ad9081@0,jesd204:0,parent=spi1.0: JESD204[2] transition link_pre_setup -> link_supported
[    8.649213] jesd204: /axi/spi@ff040000/ad9081@0,jesd204:0,parent=spi1.0: JESD204[0] transition link_supported -> link_init
[    8.660251] jesd204: /axi/spi@ff040000/ad9081@0,jesd204:0,parent=spi1.0: JESD204[2] transition link_supported -> link_init
[    8.671298] jesd204: /axi/spi@ff040000/ad9081@0,jesd204:0,parent=spi1.0: JESD204[0] transition link_init -> device_init
[    8.682073] jesd204: /axi/spi@ff040000/ad9081@0,jesd204:0,parent=spi1.0: JESD204[2] transition link_init -> device_init
[    8.692856] jesd204: /axi/spi@ff040000/ad9081@0,jesd204:0,parent=spi1.0: JESD204[0] transition device_init -> idle
[    8.703200] jesd204: /axi/spi@ff040000/ad9081@0,jesd204:0,parent=spi1.0: JESD204[2] transition device_init -> idle
[    8.713546] jesd204: /axi/spi@ff040000/ad9081@0,jesd204:0,parent=spi1.0: FSM completed with error -22
[    8.731987] input: gpio-keys as /devices/platform/gpio-keys/input/input0
[    8.739003] of_cfs_init
[    8.741469] of_cfs_init: OK
[    8.744411] cfg80211: Loading compiled-in X.509 certificates for regulatory database
[    8.882633] cfg80211: Loaded X.509 cert 'sforshee: 00b28ddf47aef9cea7'
[    8.889168] clk: Not disabling unused clocks
[    8.893702] ALSA device list:
[    8.896663]   No soundcards found.
[    8.900336] platform regulatory.0: Direct firmware load for regulatory.db failed with error -2
[    8.908943] cfg80211: failed to load regulatory.db
[    8.923806] EXT4-fs (mmcblk0p2): mounted filesystem with ordered data mode. Opts: (null)
[    8.931914] VFS: Mounted root (ext4 filesystem) on device 179:2.
[    8.945368] devtmpfs: mounted
[    8.949179] Freeing unused kernel memory: 2560K
[    8.959768] Run /sbin/init as init process
[    8.963856]   with arguments:
[    8.963859]     /sbin/init
[    8.963861]   with environment:
[    8.963863]     HOME=/
[    8.963865]     TERM=linux
[    9.528262] systemd[1]: systemd 241 running in system mode. (+PAM +AUDIT +SELINUX +IMA +APPARMOR +SMACK +SYSVINIT +UTMP +LIBCRYPTSETUP +GCRYPT +GNUTLS +ACL +XZ +LZ4 +SECCOMP +BLKID +ELFUTILS +KMOD -IDN2 +IDN -PCRE2 default-hierarchy=hybrid)
[    9.550125] systemd[1]: Detected architecture arm64.
[    9.572413] systemd[1]: Set hostname to <analog>.
[    9.764941] systemd[1]: File /lib/systemd/system/systemd-journald.service:12 configures an IP firewall (IPAddressDeny=any), but the local system does not support BPF/cgroup based firewalling.
[    9.782000] systemd[1]: Proceeding WITHOUT firewalling in effect! (This warning is only shown for the first loaded unit using IP firewalling.)
[    9.944955] systemd[1]: /etc/systemd/system/tof-server.service:1: Assignment outside of section. Ignoring.
[    9.954655] systemd[1]: /etc/systemd/system/tof-server.service:2: Assignment outside of section. Ignoring.
[   10.137421] random: systemd: uninitialized urandom read (16 bytes read)
[   10.152136] random: systemd: uninitialized urandom read (16 bytes read)
[   10.158791] systemd[1]: Reached target Swap.
[   10.171779] random: systemd: uninitialized urandom read (16 bytes read)
[   10.178805] systemd[1]: Created slice User and Session Slice.
[   10.200165] systemd[1]: Listening on Journal Socket (/dev/log).
[   10.759601] ------------[ cut here ]------------
[   10.759610] Enabling unprepared \xa0\xe9Q\x88\xff\xff\xffpQ\x88\xff\xff\xff
[   10.759656] WARNING: CPU: 0 PID: 113 at drivers/clk/clk.c:1012 clk_core_enable+0xa4/0xc0
[   10.759659] Modules linked in:
[   10.759670] CPU: 0 PID: 113 Comm: kworker/0:1H Not tainted 5.10.0-98103-g2aa7ac113716 #5577
[   10.759673] Hardware name: ZynqMP ZCU102 Rev1.0 (DT)
[   10.759681] Workqueue: kblockd blk_mq_run_work_fn
[   10.759689] pstate: 80000085 (Nzcv daIf -PAN -UAO -TCO BTYPE=--)
[   10.759695] pc : clk_core_enable+0xa4/0xc0
[   10.759700] lr : clk_core_enable+0xa4/0xc0
[   10.759703] sp : ffffffc0127cb2d0
[   10.759706] x29: ffffffc0127cb2d0 x28: ffffff8800330c10 
[   10.759713] x27: ffffff8800330d48 x26: 0000005000000101 
[   10.759720] x25: 000000027b613d52 x24: 0000000000000001 
[   10.759726] x23: ffffff88010e9380 x22: ffffff8801083220 
[   10.759733] x21: ffffff8801517000 x20: ffffff8801517008 
[   10.759740] x19: ffffff8801517008 x18: 0000000000000030 
[   10.759746] x17: 0000000000000004 x16: 0000a8ecfe600b6a 
[   10.759753] x15: ffffffffffff9cf8 x14: ffffffc011d3b1a0 
[   10.759760] x13: ffffffc011d3b1c8 x12: 0000000000000675 
[   10.759766] x11: 0000000000000227 x10: ffffffc011d671c8 
[   10.759772] x9 : 00000000fffff800 x8 : ffffffc011d3b1c8 
[   10.759779] x7 : ffffffc011d671c8 x6 : 0000000000000001 
[   10.759785] x5 : ffffff887f7669e0 x4 : 0000000000000000 
[   10.759792] x3 : 0000000000000027 x2 : 0000000000000023 
[   10.759798] x1 : 71499daceef31600 x0 : 0000000000000000 
[   10.759805] Call trace:
[   10.759812]  clk_core_enable+0xa4/0xc0
[   10.759817]  clk_enable+0x2c/0x60
[   10.759824]  zynqmp_runtime_resume+0x24/0x84
[   10.759831]  pm_generic_runtime_resume+0x30/0x50
[   10.759837]  __genpd_runtime_resume+0x30/0xb0
[   10.759844]  genpd_runtime_resume+0x90/0x250
[   10.759850]  __rpm_callback+0x10c/0x1e0
[   10.759855]  rpm_callback+0x5c/0x84
[   10.759860]  rpm_resume+0x4a4/0x74c
[   10.759865]  __pm_runtime_resume+0x78/0xc4
[   10.759870]  spi_mem_access_start.isra.0+0x30/0x80
[   10.759875]  spi_mem_exec_op+0x3b0/0x424
[   10.759879]  spi_nor_read_sr+0x78/0xe0
[   10.759885]  spi_nor_wait_till_ready_with_timeout+0xb4/0x2f0
[   10.759889]  spi_nor_read+0x188/0x380
[   10.759894]  mtd_read_oob_std+0x78/0x84
[   10.759899]  mtd_read_oob+0x7c/0x134
[   10.759903]  mtd_read+0x48/0x7c
[   10.759909]  mtdblock_readsect+0x6c/0x150
[   10.759914]  mtd_queue_rq+0x2cc/0x5a0
[   10.759921]  blk_mq_dispatch_rq_list+0x110/0x790
[   10.759927]  __blk_mq_do_dispatch_sched+0x200/0x274
[   10.759933]  __blk_mq_sched_dispatch_requests+0x1a8/0x1fc
[   10.759938]  blk_mq_sched_dispatch_requests+0x3c/0x7c
[   10.759943]  __blk_mq_run_hw_queue+0x98/0x100
[   10.759948]  blk_mq_run_work_fn+0x24/0x30
[   10.759954]  process_one_work+0x1d4/0x380
[   10.759958]  worker_thread+0x78/0x4e0
[   10.759963]  kthread+0x124/0x130
[   10.759969]  ret_from_fork+0x10/0x3c
[   10.759973] ---[ end trace 894a5c84318b6c7c ]---
[   10.760005] zynqmp-qspi ff0f0000.spi: Cannot enable APB clock.
[   10.760060] spi_master spi0: Failed to power device: -108
[   10.760070] blk_update_request: I/O error, dev mtdblock0, sector 8 op 0x0:(READ) flags 0x80700 phys_seg 1 prio class 0
[   10.760164] spi_master spi0: Failed to power device: -22
[   10.760171] blk_update_request: I/O error, dev mtdblock0, sector 8 op 0x0:(READ) flags 0x0 phys_seg 8 prio class 0
[   10.760177] Buffer I/O error on dev mtdblock0, logical block 8, async page read
[   10.760188] spi_master spi0: Failed to power device: -22
[   10.760193] blk_update_request: I/O error, dev mtdblock0, sector 9 op 0x0:(READ) flags 0x0 phys_seg 7 prio class 0
[   10.760197] Buffer I/O error on dev mtdblock0, logical block 9, async page read
[   10.760205] spi_master spi0: Failed to power device: -22
[   10.760211] blk_update_request: I/O error, dev mtdblock0, sector 10 op 0x0:(READ) flags 0x0 phys_seg 6 prio class 0
[   10.760214] Buffer I/O error on dev mtdblock0, logical block 10, async page read
[   10.760221] spi_master spi0: Failed to power device: -22
[   10.760227] blk_update_request: I/O error, dev mtdblock0, sector 11 op 0x0:(READ) flags 0x0 phys_seg 5 prio class 0
[   10.760231] Buffer I/O error on dev mtdblock0, logical block 11, async page read
[   10.760238] spi_master spi0: Failed to power device: -22
[   10.760243] blk_update_request: I/O error, dev mtdblock0, sector 12 op 0x0:(READ) flags 0x0 phys_seg 4 prio class 0
[   10.760247] Buffer I/O error on dev mtdblock0, logical block 12, async page read
[   10.760254] spi_master spi0: Failed to power device: -22
[   10.760260] blk_update_request: I/O error, dev mtdblock0, sector 13 op 0x0:(READ) flags 0x0 phys_seg 3 prio class 0
[   10.760264] Buffer I/O error on dev mtdblock0, logical block 13, async page read
[   10.760270] spi_master spi0: Failed to power device: -22
[   10.760276] blk_update_request: I/O error, dev mtdblock0, sector 14 op 0x0:(READ) flags 0x0 phys_seg 2 prio class 0
[   10.760280] Buffer I/O error on dev mtdblock0, logical block 14, async page read
[   10.760287] spi_master spi0: Failed to power device: -22
[   10.760292] blk_update_request: I/O error, dev mtdblock0, sector 15 op 0x0:(READ) flags 0x0 phys_seg 1 prio class 0
[   10.760296] Buffer I/O error on dev mtdblock0, logical block 15, async page read
[   10.760703] spi_master spi0: Failed to power device: -22
[   10.760711] blk_update_request: I/O error, dev mtdblock1, sector 10112 op 0x0:(READ) flags 0x80700 phys_seg 1 prio class 0
[   10.760756] spi_master spi0: Failed to power device: -22
[   10.760762] Buffer I/O error on dev mtdblock1, logical block 10112, async page read
[   10.760770] spi_master spi0: Failed to power device: -22
[   10.760775] Buffer I/O error on dev mtdblock1, logical block 10113, async page read
[   10.760782] spi_master spi0: Failed to power device: -22
[   10.760790] spi_master spi0: Failed to power device: -22
[   10.760797] spi_master spi0: Failed to power device: -22
[   10.760804] spi_master spi0: Failed to power device: -22
[   10.760811] spi_master spi0: Failed to power device: -22
[   10.760823] spi_master spi0: Failed to power device: -22
[   10.761054] spi_master spi0: Failed to power device: -22
[   10.761099] spi_master spi0: Failed to power device: -22
[   10.761108] spi_master spi0: Failed to power device: -22
[   10.761116] spi_master spi0: Failed to power device: -22
[   10.761124] spi_master spi0: Failed to power device: -22
[   10.761131] spi_master spi0: Failed to power device: -22
[   10.761138] spi_master spi0: Failed to power device: -22
[   10.761146] spi_master spi0: Failed to power device: -22
[   10.761153] spi_master spi0: Failed to power device: -22
[   10.761421] spi_master spi0: Failed to power device: -22
[   10.761466] spi_master spi0: Failed to power device: -22
[   10.761475] spi_master spi0: Failed to power device: -22
[   10.761483] spi_master spi0: Failed to power device: -22
[   10.761491] spi_master spi0: Failed to power device: -22
[   10.761498] spi_master spi0: Failed to power device: -22
[   10.761505] spi_master spi0: Failed to power device: -22
[   10.761513] spi_master spi0: Failed to power device: -22
[   10.761520] spi_master spi0: Failed to power device: -22
[   10.885772] EXT4-fs (mmcblk0p2): re-mounted. Opts: (null)
[   10.965676] systemd-journald[164]: Received request to flush runtime journal from PID 1
[   16.873390] macb ff0e0000.ethernet eth0: PHY [ff0e0000.ethernet-ffffffff:0c] driver [TI DP83867] (irq=POLL)
[   16.873403] macb ff0e0000.ethernet eth0: configuring for phy/rgmii-id link mode
[   17.155788] Adding 92156k swap on /var/swap.  Priority:-2 extents:1 across:92156k SS
[   18.835730] random: crng init done
[   18.835741] random: 7 urandom warning(s) missed due to ratelimiting
[   19.698707] broken atomic modeset userspace detected, disabling atomic
[   20.961340] macb ff0e0000.ethernet eth0: Link is Up - 1Gbps/Full - flow control off
[   20.961366] IPv6: ADDRCONF(NETDEV_CHANGE): eth0: link becomes ready
[   22.367066] broken atomic modeset userspace detected, disabling atomic
[   25.248816] broken atomic modeset userspace detected, disabling atomic
[   27.877181] broken atomic modeset userspace detected, disabling atomic