[    0.000000] Booting Linux on physical CPU 0x0000000000 [0x410fd034]
[    0.000000] Linux version 5.10.0-98103-g2aa7ac113716 (jenkins@romlxbuild1.adlk.analog.com) (aarch64-xilinx-linux-gcc.real (GCC) 10.2.0, GNU ld (GNU Binutils) 2.35.0.20200730) #5577 SMP Wed Mar 23 07:28:49 GMT 2022
[    0.000000] Machine model: ZynqMP ZCU102 Rev1.0
[    0.000000] earlycon: cdns0 at MMIO 0x00000000ff000000 (options '115200n8')
[    0.000000] printk: bootconsole [cdns0] enabled
[    0.000000] efi: UEFI not found.
[    0.000000] cma: Reserved 256 MiB at 0x0000000070000000
[    0.000000] Zone ranges:
[    0.000000]   DMA      [mem 0x0000000000000000-0x000000003fffffff]
[    0.000000]   DMA32    [mem 0x0000000040000000-0x00000000ffffffff]
[    0.000000]   Normal   [mem 0x0000000100000000-0x000000087fffffff]
[    0.000000] Movable zone start for each node
[    0.000000] Early memory node ranges
[    0.000000]   node   0: [mem 0x0000000000000000-0x000000007fffffff]
[    0.000000]   node   0: [mem 0x0000000800000000-0x000000087fffffff]
[    0.000000] Initmem setup node 0 [mem 0x0000000000000000-0x000000087fffffff]
[    0.000000] On node 0 totalpages: 1048576
[    0.000000]   DMA zone: 3584 pages used for memmap
[    0.000000]   DMA zone: 0 pages reserved
[    0.000000]   DMA zone: 262144 pages, LIFO batch:63
[    0.000000]   DMA32 zone: 3584 pages used for memmap
[    0.000000]   DMA32 zone: 262144 pages, LIFO batch:63
[    0.000000]   Normal zone: 7168 pages used for memmap
[    0.000000]   Normal zone: 524288 pages, LIFO batch:63
[    0.000000] psci: probing for conduit method from DT.
[    0.000000] psci: PSCIv1.1 detected in firmware.
[    0.000000] psci: Using standard PSCI v0.2 function IDs
[    0.000000] psci: MIGRATE_INFO_TYPE not supported.
[    0.000000] psci: SMC Calling Convention v1.2
[    0.000000] percpu: Embedded 22 pages/cpu s49496 r8192 d32424 u90112
[    0.000000] pcpu-alloc: s49496 r8192 d32424 u90112 alloc=22*4096
[    0.000000] pcpu-alloc: [0] 0 [0] 1 [0] 2 [0] 3 
[    0.000000] Detected VIPT I-cache on CPU0
[    0.000000] CPU features: detected: ARM erratum 845719
[    0.000000] Built 1 zonelists, mobility grouping on.  Total pages: 1034240
[    0.000000] Kernel command line: console=ttyPS0,115200 root=/dev/mmcblk0p2 rw earlycon rootfstype=ext4 rootwait clk_ignore_unused cpuidle.off=1 root=/dev/mmcblk0p2 rw rootwait
[    0.000000] Dentry cache hash table entries: 524288 (order: 10, 4194304 bytes, linear)
[    0.000000] Inode-cache hash table entries: 262144 (order: 9, 2097152 bytes, linear)
[    0.000000] mem auto-init: stack:off, heap alloc:off, heap free:off
[    0.000000] software IO TLB: mapped [mem 0x000000003bfff000-0x000000003ffff000] (64MB)
[    0.000000] Memory: 3761904K/4194304K available (15296K kernel code, 1636K rwdata, 11876K rodata, 2560K init, 507K bss, 170256K reserved, 262144K cma-reserved)
[    0.000000] rcu: Hierarchical RCU implementation.
[    0.000000] rcu: 	RCU event tracing is enabled.
[    0.000000] rcu: 	RCU restricting CPUs from NR_CPUS=8 to nr_cpu_ids=4.
[    0.000000] rcu: RCU calculated value of scheduler-enlistment delay is 25 jiffies.
[    0.000000] rcu: Adjusting geometry for rcu_fanout_leaf=16, nr_cpu_ids=4
[    0.000000] NR_IRQS: 64, nr_irqs: 64, preallocated irqs: 0
[    0.000000] GIC: Adjusting CPU interface base to 0x00000000f902f000
[    0.000000] GIC: Using split EOI/Deactivate mode
[    0.000000] random: get_random_bytes called from start_kernel+0x31c/0x54c with crng_init=0
[    0.000000] arch_timer: cp15 timer(s) running at 100.00MHz (phys).
[    0.000000] clocksource: arch_sys_counter: mask: 0xffffffffffffff max_cycles: 0x171024e7e0, max_idle_ns: 440795205315 ns
[    0.000004] sched_clock: 56 bits at 100MHz, resolution 10ns, wraps every 4398046511100ns
[    0.008462] Console: colour dummy device 80x25
[    0.012482] Calibrating delay loop (skipped), value calculated using timer frequency.. 200.00 BogoMIPS (lpj=400000)
[    0.022841] pid_max: default: 32768 minimum: 301
[    0.027553] Mount-cache hash table entries: 8192 (order: 4, 65536 bytes, linear)
[    0.034790] Mountpoint-cache hash table entries: 8192 (order: 4, 65536 bytes, linear)
[    0.043395] rcu: Hierarchical SRCU implementation.
[    0.047559] EFI services will not be available.
[    0.051939] smp: Bringing up secondary CPUs ...
[    0.056657] Detected VIPT I-cache on CPU1
[    0.056694] CPU1: Booted secondary processor 0x0000000001 [0x410fd034]
[    0.057059] Detected VIPT I-cache on CPU2
[    0.057084] CPU2: Booted secondary processor 0x0000000002 [0x410fd034]
[    0.057423] Detected VIPT I-cache on CPU3
[    0.057446] CPU3: Booted secondary processor 0x0000000003 [0x410fd034]
[    0.057492] smp: Brought up 1 node, 4 CPUs
[    0.091780] SMP: Total of 4 processors activated.
[    0.096452] CPU features: detected: 32-bit EL0 Support
[    0.101556] CPU features: detected: CRC32 instructions
[    0.106696] CPU: All CPU(s) started at EL2
[    0.110736] alternatives: patching kernel code
[    0.116168] devtmpfs: initialized
[    0.124068] Registered cp15_barrier emulation handler
[    0.124118] Registered setend emulation handler
[    0.128099] clocksource: jiffies: mask: 0xffffffff max_cycles: 0xffffffff, max_idle_ns: 7645041785100000 ns
[    0.137679] futex hash table entries: 1024 (order: 4, 65536 bytes, linear)
[    0.151036] pinctrl core: initialized pinctrl subsystem
[    0.151684] NET: Registered protocol family 16
[    0.156103] DMA: preallocated 512 KiB GFP_KERNEL pool for atomic allocations
[    0.162116] DMA: preallocated 512 KiB GFP_KERNEL|GFP_DMA pool for atomic allocations
[    0.169842] DMA: preallocated 512 KiB GFP_KERNEL|GFP_DMA32 pool for atomic allocations
[    0.177646] audit: initializing netlink subsys (disabled)
[    0.183097] audit: type=2000 audit(0.116:1): state=initialized audit_enabled=0 res=1
[    0.183441] hw-breakpoint: found 6 breakpoint and 4 watchpoint registers.
[    0.197472] ASID allocator initialised with 65536 entries
[    0.224367] HugeTLB registered 1.00 GiB page size, pre-allocated 0 pages
[    0.225421] HugeTLB registered 32.0 MiB page size, pre-allocated 0 pages
[    0.232091] HugeTLB registered 2.00 MiB page size, pre-allocated 0 pages
[    0.238755] HugeTLB registered 64.0 KiB page size, pre-allocated 0 pages
[    1.304268] DRBG: Continuing without Jitter RNG
[    1.382142] raid6: neonx8   gen()  2145 MB/s
[    1.450194] raid6: neonx8   xor()  1598 MB/s
[    1.518254] raid6: neonx4   gen()  2201 MB/s
[    1.586300] raid6: neonx4   xor()  1566 MB/s
[    1.654359] raid6: neonx2   gen()  2075 MB/s
[    1.722417] raid6: neonx2   xor()  1437 MB/s
[    1.790480] raid6: neonx1   gen()  1772 MB/s
[    1.858524] raid6: neonx1   xor()  1220 MB/s
[    1.926588] raid6: int64x8  gen()  1438 MB/s
[    1.994640] raid6: int64x8  xor()   771 MB/s
[    2.062702] raid6: int64x4  gen()  1598 MB/s
[    2.130755] raid6: int64x4  xor()   820 MB/s
[    2.198824] raid6: int64x2  gen()  1397 MB/s
[    2.266875] raid6: int64x2  xor()   750 MB/s
[    2.334950] raid6: int64x1  gen()  1034 MB/s
[    2.403014] raid6: int64x1  xor()   517 MB/s
[    2.403052] raid6: using algorithm neonx4 gen() 2201 MB/s
[    2.407004] raid6: .... xor() 1566 MB/s, rmw enabled
[    2.411935] raid6: using neon recovery algorithm
[    2.416951] iommu: Default domain type: Translated 
[    2.421563] SCSI subsystem initialized
[    2.425104] libata version 3.00 loaded.
[    2.425228] usbcore: registered new interface driver usbfs
[    2.430559] usbcore: registered new interface driver hub
[    2.435834] usbcore: registered new device driver usb
[    2.440966] mc: Linux media interface: v0.10
[    2.445083] videodev: Linux video capture interface: v2.00
[    2.450575] EDAC MC: Ver: 3.0.0
[    2.454007] zynqmp-ipi-mbox mailbox@ff990400: Registered ZynqMP IPI mbox with TX/RX channels.
[    2.462525] jesd204: created con: id=0, topo=0, link=0, /axi/spi@ff050000/hmc7044@0 <-> /fpga-axi@0/axi-adxcvr-tx@84b60000
[    2.473103] jesd204: created con: id=1, topo=0, link=2, /axi/spi@ff050000/hmc7044@0 <-> /fpga-axi@0/axi-adxcvr-rx@84a60000
[    2.484087] jesd204: created con: id=2, topo=0, link=0, /fpga-axi@0/axi-adxcvr-tx@84b60000 <-> /fpga-axi@0/axi-jesd204-tx@84b90000
[    2.495763] jesd204: created con: id=3, topo=0, link=2, /fpga-axi@0/axi-adxcvr-rx@84a60000 <-> /fpga-axi@0/axi-jesd204-rx@84a90000
[    2.507441] jesd204: created con: id=4, topo=0, link=0, /fpga-axi@0/axi-jesd204-tx@84b90000 <-> /fpga-axi@0/axi-ad9081-tx-hpc@84b10000
[    2.519468] jesd204: created con: id=5, topo=0, link=2, /fpga-axi@0/axi-jesd204-rx@84a90000 <-> /fpga-axi@0/axi-ad9081-rx-hpc@84a10000
[    2.531491] jesd204: created con: id=6, topo=0, link=2, /fpga-axi@0/axi-ad9081-rx-hpc@84a10000 <-> /axi/spi@ff040000/ad9081@0
[    2.542732] jesd204: created con: id=7, topo=0, link=0, /fpga-axi@0/axi-ad9081-tx-hpc@84b10000 <-> /axi/spi@ff040000/ad9081@0
[    2.553982] jesd204: /axi/spi@ff040000/ad9081@0: JESD204[2] transition uninitialized -> initialized
[    2.562969] jesd204: /axi/spi@ff040000/ad9081@0: JESD204[0] transition uninitialized -> initialized
[    2.571961] jesd204: found 8 devices and 1 topologies
[    2.577004] FPGA manager framework
[    2.580480] Advanced Linux Sound Architecture Driver Initialized.
[    2.586775] Bluetooth: Core ver 2.22
[    2.589965] NET: Registered protocol family 31
[    2.594364] Bluetooth: HCI device and connection manager initialized
[    2.600681] Bluetooth: HCI socket layer initialized
[    2.605523] Bluetooth: L2CAP socket layer initialized
[    2.610547] Bluetooth: SCO socket layer initialized
[    2.615737] clocksource: Switched to clocksource arch_sys_counter
[    2.621537] VFS: Disk quotas dquot_6.6.0
[    2.625373] VFS: Dquot-cache hash table entries: 512 (order 0, 4096 bytes)
[    2.636090] NET: Registered protocol family 2
[    2.636821] tcp_listen_portaddr_hash hash table entries: 2048 (order: 3, 32768 bytes, linear)
[    2.645014] TCP established hash table entries: 32768 (order: 6, 262144 bytes, linear)
[    2.653040] TCP bind hash table entries: 32768 (order: 7, 524288 bytes, linear)
[    2.660484] TCP: Hash tables configured (established 32768 bind 32768)
[    2.666657] UDP hash table entries: 2048 (order: 4, 65536 bytes, linear)
[    2.673325] UDP-Lite hash table entries: 2048 (order: 4, 65536 bytes, linear)
[    2.680484] NET: Registered protocol family 1
[    2.684963] RPC: Registered named UNIX socket transport module.
[    2.690561] RPC: Registered udp transport module.
[    2.695226] RPC: Registered tcp transport module.
[    2.699895] RPC: Registered tcp NFSv4.1 backchannel transport module.
[    2.706881] PCI: CLS 0 bytes, default 64
[    2.710584] hw perfevents: no interrupt-affinity property for /pmu, guessing.
[    2.717449] hw perfevents: enabled with armv8_pmuv3 PMU driver, 7 counters available
[    2.725790] Initialise system trusted keyrings
[    2.729484] workingset: timestamp_bits=62 max_order=20 bucket_order=0
[    2.736371] NFS: Registering the id_resolver key type
[    2.740825] Key type id_resolver registered
[    2.744963] Key type id_legacy registered
[    2.748954] nfs4filelayout_init: NFSv4 File Layout Driver Registering...
[    2.755620] jffs2: version 2.2. (NAND) (SUMMARY)  Â© 2001-2006 Red Hat, Inc.
[    2.798625] NET: Registered protocol family 38
[    2.798667] xor: measuring software checksum speed
[    2.806358]    8regs           :  2363 MB/sec
[    2.810026]    32regs          :  2799 MB/sec
[    2.814969]    arm64_neon      :  2380 MB/sec
[    2.815159] xor: using function: 32regs (2799 MB/sec)
[    2.820185] Key type asymmetric registered
[    2.824246] Asymmetric key parser 'x509' registered
[    2.829108] Block layer SCSI generic (bsg) driver version 0.4 loaded (major 248)
[    2.836445] io scheduler mq-deadline registered
[    2.840941] io scheduler kyber registered
[    2.870351] Serial: 8250/16550 driver, 4 ports, IRQ sharing disabled
[    2.874986] cacheinfo: Unable to detect cache hierarchy for CPU 0
[    2.881330] brd: module loaded
[    2.885482] loop: module loaded
[    2.886029] Registered mathworks_ip class
[    2.889367] libphy: Fixed MDIO Bus: probed
[    2.892329] tun: Universal TUN/TAP device driver, 1.6
[    2.896398] CAN device driver interface
[    2.900934] usbcore: registered new interface driver asix
[    2.905524] usbcore: registered new interface driver ax88179_178a
[    2.911564] usbcore: registered new interface driver cdc_ether
[    2.917356] usbcore: registered new interface driver net1080
[    2.922980] usbcore: registered new interface driver cdc_subset
[    2.928862] usbcore: registered new interface driver zaurus
[    2.934406] usbcore: registered new interface driver cdc_ncm
[    2.940810] ehci_hcd: USB 2.0 'Enhanced' Host Controller (EHCI) Driver
[    2.946491] ehci-pci: EHCI PCI platform driver
[    2.951279] usbcore: registered new interface driver uas
[    2.956208] usbcore: registered new interface driver usb-storage
[    2.962194] usbcore: registered new interface driver usbserial_generic
[    2.968648] usbserial: USB Serial support registered for generic
[    2.974620] usbcore: registered new interface driver ftdi_sio
[    2.980321] usbserial: USB Serial support registered for FTDI USB Serial Device
[    2.987594] usbcore: registered new interface driver upd78f0730
[    2.993469] usbserial: USB Serial support registered for upd78f0730
[    3.001135] rtc_zynqmp ffa60000.rtc: registered as rtc0
[    3.004898] rtc_zynqmp ffa60000.rtc: setting system clock to 2022-03-26T01:05:18 UTC (1648256718)
[    3.013760] i2c /dev entries driver
[    3.019065] usbcore: registered new interface driver uvcvideo
[    3.022870] USB Video Class driver (1.1.1)
[    3.028458] Bluetooth: HCI UART driver ver 2.3
[    3.031341] Bluetooth: HCI UART protocol H4 registered
[    3.036451] Bluetooth: HCI UART protocol BCSP registered
[    3.041740] Bluetooth: HCI UART protocol LL registered
[    3.046829] Bluetooth: HCI UART protocol ATH3K registered
[    3.052205] Bluetooth: HCI UART protocol Three-wire (H5) registered
[    3.058458] Bluetooth: HCI UART protocol Intel registered
[    3.063796] Bluetooth: HCI UART protocol QCA registered
[    3.068994] usbcore: registered new interface driver bcm203x
[    3.074618] usbcore: registered new interface driver bpa10x
[    3.080155] usbcore: registered new interface driver bfusb
[    3.085602] usbcore: registered new interface driver btusb
[    3.091067] usbcore: registered new interface driver ath3k
[    3.096551] EDAC MC: ECC not enabled
[    3.100174] EDAC DEVICE0: Giving out device to module zynqmp-ocm-edac controller zynqmp_ocm: DEV ff960000.memory-controller (INTERRUPT)
[    3.112489] sdhci: Secure Digital Host Controller Interface driver
[    3.118278] sdhci: Copyright(c) Pierre Ossman
[    3.122603] sdhci-pltfm: SDHCI platform and OF driver helper
[    3.128659] ledtrig-cpu: registered to indicate activity on CPUs
[    3.134207] SMCCC: SOC_ID: ARCH_SOC_ID not implemented, skipping ....
[    3.140637] zynqmp_firmware_probe Platform Management API v1.1
[    3.146394] zynqmp_firmware_probe Trustzone version v1.0
[    3.185965] zynqmp-pinctrl firmware:zynqmp-firmware:pinctrl: zynqmp pinctrl initialized
[    3.233864] zynqmp-aes firmware:zynqmp-firmware:zynqmp-aes: will run requests pump with realtime priority
[    3.249565] alg: No test for xilinx-keccak-384 (zynqmp-keccak-384)
[    3.250276] alg: No test for xilinx-zynqmp-rsa (zynqmp-rsa)
[    3.255798] usbcore: registered new interface driver usbhid
[    3.261175] usbhid: USB HID core driver
[    3.272390] axi_sysid 85000000.axi-sysid-0: AXI System ID core version (1.01.a) found
[    3.274741] axi_sysid 85000000.axi-sysid-0: [ad9081_fmca_ebz] on [zcu102] git branch <master> git <084d44c9780640ca93fd847b1d9ec70dd65f5c67> clean [2022-03-18 04:17:50] UTC
[    3.290428] fpga_manager fpga0: Xilinx ZynqMP FPGA Manager registered
[    3.296800] usbcore: registered new interface driver snd-usb-audio
[    3.304230] pktgen: Packet Generator for packet performance testing. Version: 2.75
[    3.310423] Initializing XFRM netlink socket
[    3.314269] NET: Registered protocol family 10
[    3.318999] Segment Routing with IPv6
[    3.322363] sit: IPv6, IPv4 and MPLS over IPv4 tunneling driver
[    3.328441] NET: Registered protocol family 17
[    3.332545] NET: Registered protocol family 15
[    3.337036] can: controller area network core
[    3.341296] NET: Registered protocol family 29
[    3.345684] can: raw protocol
[    3.348619] can: broadcast manager protocol
[    3.352775] can: netlink gateway - max_hops=1
[    3.357172] Bluetooth: RFCOMM TTY layer initialized
[    3.361948] Bluetooth: RFCOMM socket layer initialized
[    3.367059] Bluetooth: RFCOMM ver 1.11
[    3.370767] Bluetooth: BNEP (Ethernet Emulation) ver 1.3
[    3.376038] Bluetooth: BNEP filters: protocol multicast
[    3.381232] Bluetooth: BNEP socket layer initialized
[    3.386159] Bluetooth: HIDP (Human Interface Emulation) ver 1.2
[    3.392043] Bluetooth: HIDP socket layer initialized
[    3.397094] 9pnet: Installing 9P2000 support
[    3.401220] NET: Registered protocol family 36
[    3.405638] Key type dns_resolver registered
[    3.410071] registered taskstats version 1
[    3.413933] Loading compiled-in X.509 certificates
[    3.419055] Btrfs loaded, crc32c=crc32c-generic
[    3.431456] ff000000.serial: ttyPS0 at MMIO 0xff000000 (irq = 49, base_baud = 6249999) is a xuartps
[    3.440477] printk: console [ttyPS0] enabled
[    3.444772] printk: bootconsole [cdns0] disabled
[    3.454397] ff010000.serial: ttyPS1 at MMIO 0xff010000 (irq = 50, base_baud = 6249999) is a xuartps
[    3.467649] of-fpga-region fpga-full: FPGA Region probed
[    3.474599] nwl-pcie fd0e0000.pcie: host bridge /axi/pcie@fd0e0000 ranges:
[    3.481492] nwl-pcie fd0e0000.pcie:      MEM 0x00e0000000..0x00efffffff -> 0x00e0000000
[    3.489500] nwl-pcie fd0e0000.pcie:      MEM 0x0600000000..0x07ffffffff -> 0x0600000000
[    3.497564] nwl-pcie fd0e0000.pcie: Link is DOWN
[    3.502323] nwl-pcie fd0e0000.pcie: PCI host bridge to bus 0000:00
[    3.508501] pci_bus 0000:00: root bus resource [bus 00-ff]
[    3.513982] pci_bus 0000:00: root bus resource [mem 0xe0000000-0xefffffff]
[    3.520852] pci_bus 0000:00: root bus resource [mem 0x600000000-0x7ffffffff pref]
[    3.528355] pci 0000:00:00.0: [10ee:d021] type 01 class 0x060400
[    3.534411] pci 0000:00:00.0: PME# supported from D0 D1 D2 D3hot
[    3.544852] pci 0000:00:00.0: PCI bridge to [bus 01-0c]
[    3.550834] xilinx-zynqmp-dma fd500000.dma: ZynqMP DMA driver Probe success
[    3.558008] xilinx-zynqmp-dma fd510000.dma: ZynqMP DMA driver Probe success
[    3.565182] xilinx-zynqmp-dma fd520000.dma: ZynqMP DMA driver Probe success
[    3.572352] xilinx-zynqmp-dma fd530000.dma: ZynqMP DMA driver Probe success
[    3.579520] xilinx-zynqmp-dma fd540000.dma: ZynqMP DMA driver Probe success
[    3.586689] xilinx-zynqmp-dma fd550000.dma: ZynqMP DMA driver Probe success
[    3.593859] xilinx-zynqmp-dma fd560000.dma: ZynqMP DMA driver Probe success
[    3.601024] xilinx-zynqmp-dma fd570000.dma: ZynqMP DMA driver Probe success
[    3.608429] xilinx-zynqmp-dpdma fd4c0000.dma-controller: Xilinx DPDMA engine is probed
[    3.616979] ahci-ceva fd0c0000.ahci: supply ahci not found, using dummy regulator
[    3.624517] ahci-ceva fd0c0000.ahci: supply phy not found, using dummy regulator
[    3.711914] hmc7044 spi2.0: PLL1: Acquisition, CLKIN0 @ 122880000 Hz, PFD: 80 kHz - PLL2: Locked @ 2760.000000 MHz
[    3.722635] jesd204: /axi/spi@ff050000/hmc7044@0,jesd204:1,parent=spi2.0: Using as SYSREF provider
[    3.732220] spi-nor spi0.0: SPI-NOR-UniqueID 100000235394732200270025081115266e
[    3.739527] spi-nor spi0.0: found n25q512a, expected m25p80
[    3.745741] spi-nor spi0.0: trying to lock already unlocked area
[    3.751747] spi-nor spi0.0: n25q512a (131072 Kbytes)
[    3.756731] 4 fixed-partitions partitions found on MTD device spi0.0
[    3.763078] Creating 4 MTD partitions on "spi0.0":
[    3.767864] 0x000000000000-0x000000100000 : "qspi-fsbl-uboot"
[    3.774344] 0x000000100000-0x000000600000 : "qspi-linux"
[    3.780304] 0x000000600000-0x000000620000 : "qspi-device-tree"
[    3.786787] 0x000000620000-0x000000c00000 : "qspi-rootfs"
[    3.795254] macb ff0e0000.ethernet: Not enabling partial store and forward
[    3.802768] libphy: MACB_mii_bus: probed
[    3.807829] macb ff0e0000.ethernet eth0: Cadence GEM rev 0x50070106 at 0xff0e0000 irq 30 (00:0a:35:04:8e:1b)
[    3.818039] xilinx-axipmon ffa00000.perf-monitor: Probed Xilinx APM
[    3.824613] xilinx-axipmon fd0b0000.perf-monitor: Probed Xilinx APM
[    3.831127] xilinx-axipmon fd490000.perf-monitor: Probed Xilinx APM
[    3.837667] xilinx-axipmon ffa10000.perf-monitor: Probed Xilinx APM
[    3.847661] pca953x 0-0020: supply vcc not found, using dummy regulator
[    3.854345] pca953x 0-0020: using no AI
[    3.858833] gpio-496 (sel0): hogged as output/low
[    3.863748] gpio-497 (sel1): hogged as output/high
[    3.868740] gpio-498 (sel2): hogged as output/high
[    3.873726] gpio-499 (sel3): hogged as output/high
[    3.878906] pca953x 0-0021: supply vcc not found, using dummy regulator
[    3.885575] pca953x 0-0021: using no AI
[    3.891339] ina2xx 2-0040: power monitor ina226 (Rshunt = 5000 uOhm)
[    3.898375] ina2xx 2-0041: power monitor ina226 (Rshunt = 5000 uOhm)
[    3.905407] ina2xx 2-0042: power monitor ina226 (Rshunt = 5000 uOhm)
[    3.912433] ina2xx 2-0043: power monitor ina226 (Rshunt = 5000 uOhm)
[    3.919458] ina2xx 2-0044: power monitor ina226 (Rshunt = 5000 uOhm)
[    3.926481] ina2xx 2-0045: power monitor ina226 (Rshunt = 5000 uOhm)
[    3.933510] ina2xx 2-0046: power monitor ina226 (Rshunt = 5000 uOhm)
[    3.940582] ina2xx 2-0047: power monitor ina226 (Rshunt = 5000 uOhm)
[    3.947611] ina2xx 2-004a: power monitor ina226 (Rshunt = 5000 uOhm)
[    3.954643] ina2xx 2-004b: power monitor ina226 (Rshunt = 5000 uOhm)
[    3.961049] i2c i2c-0: Added multiplexed i2c bus 2
[    3.966435] random: fast init done
[    3.969904] ina2xx 3-0040: power monitor ina226 (Rshunt = 2000 uOhm)
[    3.976932] ina2xx 3-0041: power monitor ina226 (Rshunt = 5000 uOhm)
[    3.983961] ina2xx 3-0042: power monitor ina226 (Rshunt = 5000 uOhm)
[    3.990985] ina2xx 3-0043: power monitor ina226 (Rshunt = 5000 uOhm)
[    3.998018] ina2xx 3-0044: power monitor ina226 (Rshunt = 5000 uOhm)
[    4.005047] ina2xx 3-0045: power monitor ina226 (Rshunt = 5000 uOhm)
[    4.012082] ina2xx 3-0046: power monitor ina226 (Rshunt = 5000 uOhm)
[    4.019107] ina2xx 3-0047: power monitor ina226 (Rshunt = 5000 uOhm)
[    4.025511] i2c i2c-0: Added multiplexed i2c bus 3
[    4.081333] i2c i2c-0: Added multiplexed i2c bus 4
[    4.086273] i2c i2c-0: Added multiplexed i2c bus 5
[    4.091067] pca954x 0-0075: registered 4 multiplexed busses for I2C mux pca9544
[    4.098417] cdns-i2c ff020000.i2c: 400 kHz mmio ff020000 irq 32
[    4.106144] at24 6-0054: supply vcc not found, using dummy regulator
[    4.113033] at24 6-0054: 1024 byte 24c08 EEPROM, writable, 1 bytes/write
[    4.119789] i2c i2c-1: Added multiplexed i2c bus 6
[    4.126217] si5341 7-0036: Chip: 5341 Grade: 1 Rev: 1
[    4.163936] i2c i2c-1: Added multiplexed i2c bus 7
[    4.171587] si570 8-005d: registered, current frequency 300000000 Hz
[    4.177986] i2c i2c-1: Added multiplexed i2c bus 8
[    4.197773] si570 9-005d: registered, current frequency 148500000 Hz
[    4.204174] i2c i2c-1: Added multiplexed i2c bus 9
[    4.209211] si5324 10-0069: si5328 probed
[    4.276100] si5324 10-0069: si5328 probe successful
[    4.281029] i2c i2c-1: Added multiplexed i2c bus 10
[    4.286057] i2c i2c-1: Added multiplexed i2c bus 11
[    4.291093] i2c i2c-1: Added multiplexed i2c bus 12
[    4.296110] i2c i2c-1: Added multiplexed i2c bus 13
[    4.300984] pca954x 1-0074: registered 8 multiplexed busses for I2C switch pca9548
[    4.309099] at24 14-0050: supply vcc not found, using dummy regulator
[    4.315885] at24 14-0050: 256 byte 24c02 EEPROM, writable, 1 bytes/write
[    4.322637] i2c i2c-1: Added multiplexed i2c bus 14
[    4.327678] i2c i2c-1: Added multiplexed i2c bus 15
[    4.332709] i2c i2c-1: Added multiplexed i2c bus 16
[    4.337744] i2c i2c-1: Added multiplexed i2c bus 17
[    4.342780] i2c i2c-1: Added multiplexed i2c bus 18
[    4.347829] i2c i2c-1: Added multiplexed i2c bus 19
[    4.352866] i2c i2c-1: Added multiplexed i2c bus 20
[    4.357904] i2c i2c-1: Added multiplexed i2c bus 21
[    4.362776] pca954x 1-0075: registered 8 multiplexed busses for I2C switch pca9548
[    4.370386] cdns-i2c ff030000.i2c: 400 kHz mmio ff030000 irq 33
[    4.380135] cdns-wdt fd4d0000.watchdog: Xilinx Watchdog Timer with timeout 60s
[    4.390926] axi_adxcvr 84a60000.axi-adxcvr-rx: AXI-ADXCVR-RX (17.05.a) using CPLL on GTH4 at 0x84A60000. Number of lanes: 4.
[    4.403060] axi_adxcvr 84b60000.axi-adxcvr-tx: AXI-ADXCVR-TX (17.05.a) using QPLL on GTH4 at 0x84B60000. Number of lanes: 4.
[    4.414691] axi-jesd204-rx 84a90000.axi-jesd204-rx: AXI-JESD204-RX (1.07.a) at 0x84A90000. Encoder 8b10b, width 4/4, lanes 4, jesd204-fsm.
[    4.422226] mmc0: SDHCI controller on ff170000.mmc [ff170000.mmc] using ADMA 64-bit
[    4.427531] axi-jesd204-tx 84b90000.axi-jesd204-tx: AXI-JESD204-TX (1.06.a) at 0x84B90000. Encoder 8b10b, width 4/4, lanes 4, jesd204-fsm.
[    4.448255] zynqmp-display fd4a0000.display: vtc bridge property not present
[    4.457906] xilinx-dp-snd-codec fd4a0000.display:zynqmp_dp_snd_codec0: Failed to get required clock freq
[    4.467405] xilinx-dp-snd-codec: probe of fd4a0000.display:zynqmp_dp_snd_codec0 failed with error -22
[    4.469680] mmc0: new high speed SDHC card at address 0001
[    4.476948] xilinx-dp-snd-pcm zynqmp_dp_snd_pcm0: Xilinx DisplayPort Sound PCM probed
[    4.482463] mmcblk0: mmc0:0001 EB1QT 29.8 GiB 
[    4.490262] xilinx-dp-snd-pcm zynqmp_dp_snd_pcm1: Xilinx DisplayPort Sound PCM probed
[    4.502551] OF: graph: no port node found in /axi/display@fd4a0000
[    4.508953] xlnx-drm xlnx-drm.0: bound fd4a0000.display (ops 0xffffffc010fcbdb8)
[    4.509645]  mmcblk0: p1 p2 p3
[    5.595755] zynqmp-display fd4a0000.display: [drm] Cannot find any crtc or sizes
[    5.603371] [drm] Initialized xlnx 1.0.0 20130509 for fd4a0000.display on minor 0
[    5.610860] zynqmp-display fd4a0000.display: ZynqMP DisplayPort Subsystem driver probed
[    5.619200] ahci-ceva fd0c0000.ahci: supply ahci not found, using dummy regulator
[    5.626744] ahci-ceva fd0c0000.ahci: supply phy not found, using dummy regulator
[    5.634197] ahci-ceva fd0c0000.ahci: supply target not found, using dummy regulator
[    5.652091] ahci-ceva fd0c0000.ahci: AHCI 0001.0301 32 slots 2 ports 6 Gbps 0x3 impl platform mode
[    5.661047] ahci-ceva fd0c0000.ahci: flags: 64bit ncq sntf pm clo only pmp fbs pio slum part ccc sds apst 
[    5.671678] scsi host0: ahci-ceva
[    5.675262] scsi host1: ahci-ceva
[    5.678697] ata1: SATA max UDMA/133 mmio [mem 0xfd0c0000-0xfd0c1fff] port 0x100 irq 45
[    5.686612] ata2: SATA max UDMA/133 mmio [mem 0xfd0c0000-0xfd0c1fff] port 0x180 irq 45
[    5.695208] ad9081 spi1.0: supply vdd not found, using dummy regulator
[    6.005953] ata2: SATA link down (SStatus 0 SControl 330)
[    6.011366] ata1: SATA link down (SStatus 0 SControl 330)
[    6.679756] zynqmp-display fd4a0000.display: [drm] Cannot find any crtc or sizes
[    6.901446] ad9081 spi1.0: Invalid param passed., "ref_clk_hz < 100000000ULL" in adi_ad9081_device_clk_config_set(...), line554 in drivers/iio/adc/ad9081/adi_ad9081_device.c
[    7.580899] ad9081 spi1.0: AD9081 Rev. 2 Grade 10 (API 1.2.2) probed
[    7.588096] xhci-hcd xhci-hcd.1.auto: xHCI Host Controller
[    7.593588] xhci-hcd xhci-hcd.1.auto: new USB bus registered, assigned bus number 1
[    7.601332] xhci-hcd xhci-hcd.1.auto: hcc params 0x0238f625 hci version 0x100 quirks 0x0000000002010810
[    7.610744] xhci-hcd xhci-hcd.1.auto: irq 59, io mem 0xfe200000
[    7.616852] usb usb1: New USB device found, idVendor=1d6b, idProduct=0002, bcdDevice= 5.10
[    7.625111] usb usb1: New USB device strings: Mfr=3, Product=2, SerialNumber=1
[    7.632331] usb usb1: Product: xHCI Host Controller
[    7.637198] usb usb1: Manufacturer: Linux 5.10.0-98103-g2aa7ac113716 xhci-hcd
[    7.644323] usb usb1: SerialNumber: xhci-hcd.1.auto
[    7.649488] hub 1-0:1.0: USB hub found
[    7.653251] hub 1-0:1.0: 1 port detected
[    7.657356] xhci-hcd xhci-hcd.1.auto: xHCI Host Controller
[    7.662843] xhci-hcd xhci-hcd.1.auto: new USB bus registered, assigned bus number 2
[    7.670499] xhci-hcd xhci-hcd.1.auto: Host supports USB 3.0 SuperSpeed
[    7.677119] usb usb2: New USB device found, idVendor=1d6b, idProduct=0003, bcdDevice= 5.10
[    7.685375] usb usb2: New USB device strings: Mfr=3, Product=2, SerialNumber=1
[    7.692595] usb usb2: Product: xHCI Host Controller
[    7.697462] usb usb2: Manufacturer: Linux 5.10.0-98103-g2aa7ac113716 xhci-hcd
[    7.704592] usb usb2: SerialNumber: xhci-hcd.1.auto
[    7.709707] hub 2-0:1.0: USB hub found
[    7.713477] hub 2-0:1.0: 1 port detected
[    7.743507] cf_axi_adc 84a10000.axi-ad9081-rx-hpc: ADI AIM (10.01.b) at 0x84A10000 mapped to 0x(____ptrval____), probed ADC AD9081 as MASTER
[    7.776577] cf_axi_dds 84b10000.axi-ad9081-tx-hpc: Analog Devices CF_AXI_DDS_DDS MASTER (9.01.b) at 0x84B10000 mapped to 0x(____ptrval____), probed DDS AD9081
[    7.790779] jesd204: /axi/spi@ff040000/ad9081@0,jesd204:0,parent=spi1.0: JESD204[2] transition initialized -> probed
[    7.801300] jesd204: /axi/spi@ff040000/ad9081@0,jesd204:0,parent=spi1.0: JESD204[0] transition initialized -> probed
[    7.811824] jesd204: /axi/spi@ff040000/ad9081@0,jesd204:0,parent=spi1.0: JESD204[2] transition probed -> idle
[    7.821732] jesd204: /axi/spi@ff040000/ad9081@0,jesd204:0,parent=spi1.0: JESD204[0] transition probed -> idle
[    7.831646] jesd204: /axi/spi@ff040000/ad9081@0,jesd204:0,parent=spi1.0: JESD204[2] transition idle -> device_init
[    7.841989] jesd204: /axi/spi@ff040000/ad9081@0,jesd204:0,parent=spi1.0: JESD204[0] transition idle -> device_init
[    7.852341] jesd204: /axi/spi@ff040000/ad9081@0,jesd204:0,parent=spi1.0: JESD204[2] transition device_init -> link_init
[    7.863119] jesd204: /axi/spi@ff040000/ad9081@0,jesd204:0,parent=spi1.0: JESD204[0] transition device_init -> link_init
[    7.873910] jesd204: /axi/spi@ff040000/ad9081@0,jesd204:0,parent=spi1.0: JESD204[2] transition link_init -> link_supported
[    7.884946] jesd204: /axi/spi@ff040000/ad9081@0,jesd204:0,parent=spi1.0: JESD204[0] transition link_init -> link_supported
[    7.896352] hmc7044 spi2.0: hmc7044_jesd204_link_pre_setup: Link2 forcing continuous SYSREF mode
[    7.905592] axi-jesd204-tx 84b90000.axi-jesd204-tx: axi_jesd204_tx_jesd204_link_pre_setup: Link0 set lane rate 9200000 kHz failed (-22)
[    7.917761] jesd204: /fpga-axi@0/axi-jesd204-tx@84b90000,jesd204:5,parent=84b90000.axi-jesd204-tx: JESD204[0] In link_pre_setup got error from cb: -22
[    7.931230] jesd204: /axi/spi@ff040000/ad9081@0,jesd204:0,parent=spi1.0: Rolling back from 'link_supported', got error -22
[    7.942274] jesd204: /axi/spi@ff040000/ad9081@0,jesd204:0,parent=spi1.0: JESD204[0] transition link_supported -> link_pre_setup
[    7.953744] jesd204: /axi/spi@ff040000/ad9081@0,jesd204:0,parent=spi1.0: JESD204[2] transition link_supported -> link_pre_setup
[    7.965222] jesd204: /axi/spi@ff040000/ad9081@0,jesd204:0,parent=spi1.0: JESD204[0] transition link_pre_setup -> link_supported
[    7.976695] jesd204: /axi/spi@ff040000/ad9081@0,jesd204:0,parent=spi1.0: JESD204[2] transition link_pre_setup -> link_supported
[    7.988171] jesd204: /axi/spi@ff040000/ad9081@0,jesd204:0,parent=spi1.0: JESD204[0] transition link_supported -> link_init
[    7.999210] jesd204: /axi/spi@ff040000/ad9081@0,jesd204:0,parent=spi1.0: JESD204[2] transition link_supported -> link_init
[    8.010256] jesd204: /axi/spi@ff040000/ad9081@0,jesd204:0,parent=spi1.0: JESD204[0] transition link_init -> device_init
[    8.021037] jesd204: /axi/spi@ff040000/ad9081@0,jesd204:0,parent=spi1.0: JESD204[2] transition link_init -> device_init
[    8.031821] jesd204: /axi/spi@ff040000/ad9081@0,jesd204:0,parent=spi1.0: JESD204[0] transition device_init -> idle
[    8.042168] jesd204: /axi/spi@ff040000/ad9081@0,jesd204:0,parent=spi1.0: JESD204[2] transition device_init -> idle
[    8.052519] jesd204: /axi/spi@ff040000/ad9081@0,jesd204:0,parent=spi1.0: JESD204[2] transition idle -> idle
[    8.062253] jesd204: /axi/spi@ff040000/ad9081@0,jesd204:0,parent=spi1.0: JESD204[0] transition idle -> idle
[    8.071995] jesd204: /axi/spi@ff040000/ad9081@0,jesd204:0,parent=spi1.0: JESD204[2] transition idle -> device_init
[    8.082339] jesd204: /axi/spi@ff040000/ad9081@0,jesd204:0,parent=spi1.0: JESD204[0] transition idle -> device_init
[    8.092688] jesd204: /axi/spi@ff040000/ad9081@0,jesd204:0,parent=spi1.0: JESD204[2] transition device_init -> link_init
[    8.103467] jesd204: /axi/spi@ff040000/ad9081@0,jesd204:0,parent=spi1.0: JESD204[0] transition device_init -> link_init
[    8.114256] jesd204: /axi/spi@ff040000/ad9081@0,jesd204:0,parent=spi1.0: JESD204[2] transition link_init -> link_supported
[    8.125297] jesd204: /axi/spi@ff040000/ad9081@0,jesd204:0,parent=spi1.0: JESD204[0] transition link_init -> link_supported
[    8.136633] axi-jesd204-tx 84b90000.axi-jesd204-tx: axi_jesd204_tx_jesd204_link_pre_setup: Link0 set lane rate 9200000 kHz failed (-22)
[    8.148807] jesd204: /fpga-axi@0/axi-jesd204-tx@84b90000,jesd204:5,parent=84b90000.axi-jesd204-tx: JESD204[0] In link_pre_setup got error from cb: -22
[    8.162274] jesd204: /axi/spi@ff040000/ad9081@0,jesd204:0,parent=spi1.0: Rolling back from 'link_supported', got error -22
[    8.173316] jesd204: /axi/spi@ff040000/ad9081@0,jesd204:0,parent=spi1.0: JESD204[0] transition link_supported -> link_pre_setup
[    8.184788] jesd204: /axi/spi@ff040000/ad9081@0,jesd204:0,parent=spi1.0: JESD204[2] transition link_supported -> link_pre_setup
[    8.196266] jesd204: /axi/spi@ff040000/ad9081@0,jesd204:0,parent=spi1.0: JESD204[0] transition link_pre_setup -> link_supported
[    8.207738] jesd204: /axi/spi@ff040000/ad9081@0,jesd204:0,parent=spi1.0: JESD204[2] transition link_pre_setup -> link_supported
[    8.219216] jesd204: /axi/spi@ff040000/ad9081@0,jesd204:0,parent=spi1.0: JESD204[0] transition link_supported -> link_init
[    8.230254] jesd204: /axi/spi@ff040000/ad9081@0,jesd204:0,parent=spi1.0: JESD204[2] transition link_supported -> link_init
[    8.241302] jesd204: /axi/spi@ff040000/ad9081@0,jesd204:0,parent=spi1.0: JESD204[0] transition link_init -> device_init
[    8.252077] jesd204: /axi/spi@ff040000/ad9081@0,jesd204:0,parent=spi1.0: JESD204[2] transition link_init -> device_init
[    8.262859] jesd204: /axi/spi@ff040000/ad9081@0,jesd204:0,parent=spi1.0: JESD204[0] transition device_init -> idle
[    8.273207] jesd204: /axi/spi@ff040000/ad9081@0,jesd204:0,parent=spi1.0: JESD204[2] transition device_init -> idle
[    8.283554] jesd204: /axi/spi@ff040000/ad9081@0,jesd204:0,parent=spi1.0: JESD204[2] transition idle -> idle
[    8.293289] jesd204: /axi/spi@ff040000/ad9081@0,jesd204:0,parent=spi1.0: JESD204[0] transition idle -> idle
[    8.303030] jesd204: /axi/spi@ff040000/ad9081@0,jesd204:0,parent=spi1.0: JESD204[2] transition idle -> device_init
[    8.313374] jesd204: /axi/spi@ff040000/ad9081@0,jesd204:0,parent=spi1.0: JESD204[0] transition idle -> device_init
[    8.323724] jesd204: /axi/spi@ff040000/ad9081@0,jesd204:0,parent=spi1.0: JESD204[2] transition device_init -> link_init
[    8.334512] jesd204: /axi/spi@ff040000/ad9081@0,jesd204:0,parent=spi1.0: JESD204[0] transition device_init -> link_init
[    8.345299] jesd204: /axi/spi@ff040000/ad9081@0,jesd204:0,parent=spi1.0: JESD204[2] transition link_init -> link_supported
[    8.356340] jesd204: /axi/spi@ff040000/ad9081@0,jesd204:0,parent=spi1.0: JESD204[0] transition link_init -> link_supported
[    8.367677] axi-jesd204-tx 84b90000.axi-jesd204-tx: axi_jesd204_tx_jesd204_link_pre_setup: Link0 set lane rate 9200000 kHz failed (-22)
[    8.379849] jesd204: /fpga-axi@0/axi-jesd204-tx@84b90000,jesd204:5,parent=84b90000.axi-jesd204-tx: JESD204[0] In link_pre_setup got error from cb: -22
[    8.393317] jesd204: /axi/spi@ff040000/ad9081@0,jesd204:0,parent=spi1.0: Rolling back from 'link_supported', got error -22
[    8.404362] jesd204: /axi/spi@ff040000/ad9081@0,jesd204:0,parent=spi1.0: JESD204[0] transition link_supported -> link_pre_setup
[    8.415837] jesd204: /axi/spi@ff040000/ad9081@0,jesd204:0,parent=spi1.0: JESD204[2] transition link_supported -> link_pre_setup
[    8.427311] jesd204: /axi/spi@ff040000/ad9081@0,jesd204:0,parent=spi1.0: JESD204[0] transition link_pre_setup -> link_supported
[    8.438783] jesd204: /axi/spi@ff040000/ad9081@0,jesd204:0,parent=spi1.0: JESD204[2] transition link_pre_setup -> link_supported
[    8.450259] jesd204: /axi/spi@ff040000/ad9081@0,jesd204:0,parent=spi1.0: JESD204[0] transition link_supported -> link_init
[    8.461299] jesd204: /axi/spi@ff040000/ad9081@0,jesd204:0,parent=spi1.0: JESD204[2] transition link_supported -> link_init
[    8.472345] jesd204: /axi/spi@ff040000/ad9081@0,jesd204:0,parent=spi1.0: JESD204[0] transition link_init -> device_init
[    8.483120] jesd204: /axi/spi@ff040000/ad9081@0,jesd204:0,parent=spi1.0: JESD204[2] transition link_init -> device_init
[    8.493903] jesd204: /axi/spi@ff040000/ad9081@0,jesd204:0,parent=spi1.0: JESD204[0] transition device_init -> idle
[    8.504247] jesd204: /axi/spi@ff040000/ad9081@0,jesd204:0,parent=spi1.0: JESD204[2] transition device_init -> idle
[    8.514598] jesd204: /axi/spi@ff040000/ad9081@0,jesd204:0,parent=spi1.0: JESD204[2] transition idle -> idle
[    8.524333] jesd204: /axi/spi@ff040000/ad9081@0,jesd204:0,parent=spi1.0: JESD204[0] transition idle -> idle
[    8.534078] jesd204: /axi/spi@ff040000/ad9081@0,jesd204:0,parent=spi1.0: JESD204[2] transition idle -> device_init
[    8.544419] jesd204: /axi/spi@ff040000/ad9081@0,jesd204:0,parent=spi1.0: JESD204[0] transition idle -> device_init
[    8.554768] jesd204: /axi/spi@ff040000/ad9081@0,jesd204:0,parent=spi1.0: JESD204[2] transition device_init -> link_init
[    8.565545] jesd204: /axi/spi@ff040000/ad9081@0,jesd204:0,parent=spi1.0: JESD204[0] transition device_init -> link_init
[    8.576333] jesd204: /axi/spi@ff040000/ad9081@0,jesd204:0,parent=spi1.0: JESD204[2] transition link_init -> link_supported
[    8.587376] jesd204: /axi/spi@ff040000/ad9081@0,jesd204:0,parent=spi1.0: JESD204[0] transition link_init -> link_supported
[    8.598712] axi-jesd204-tx 84b90000.axi-jesd204-tx: axi_jesd204_tx_jesd204_link_pre_setup: Link0 set lane rate 9200000 kHz failed (-22)
[    8.610884] jesd204: /fpga-axi@0/axi-jesd204-tx@84b90000,jesd204:5,parent=84b90000.axi-jesd204-tx: JESD204[0] In link_pre_setup got error from cb: -22
[    8.624353] jesd204: /axi/spi@ff040000/ad9081@0,jesd204:0,parent=spi1.0: Rolling back from 'link_supported', got error -22
[    8.635397] jesd204: /axi/spi@ff040000/ad9081@0,jesd204:0,parent=spi1.0: JESD204[0] transition link_supported -> link_pre_setup
[    8.646868] jesd204: /axi/spi@ff040000/ad9081@0,jesd204:0,parent=spi1.0: JESD204[2] transition link_supported -> link_pre_setup
[    8.658350] jesd204: /axi/spi@ff040000/ad9081@0,jesd204:0,parent=spi1.0: JESD204[0] transition link_pre_setup -> link_supported
[    8.669827] jesd204: /axi/spi@ff040000/ad9081@0,jesd204:0,parent=spi1.0: JESD204[2] transition link_pre_setup -> link_supported
[    8.681305] jesd204: /axi/spi@ff040000/ad9081@0,jesd204:0,parent=spi1.0: JESD204[0] transition link_supported -> link_init
[    8.692342] jesd204: /axi/spi@ff040000/ad9081@0,jesd204:0,parent=spi1.0: JESD204[2] transition link_supported -> link_init
[    8.703390] jesd204: /axi/spi@ff040000/ad9081@0,jesd204:0,parent=spi1.0: JESD204[0] transition link_init -> device_init
[    8.714165] jesd204: /axi/spi@ff040000/ad9081@0,jesd204:0,parent=spi1.0: JESD204[2] transition link_init -> device_init
[    8.724948] jesd204: /axi/spi@ff040000/ad9081@0,jesd204:0,parent=spi1.0: JESD204[0] transition device_init -> idle
[    8.735291] jesd204: /axi/spi@ff040000/ad9081@0,jesd204:0,parent=spi1.0: JESD204[2] transition device_init -> idle
[    8.745638] jesd204: /axi/spi@ff040000/ad9081@0,jesd204:0,parent=spi1.0: FSM completed with error -22
[    8.764080] input: gpio-keys as /devices/platform/gpio-keys/input/input0
[    8.771129] of_cfs_init
[    8.773599] of_cfs_init: OK
[    8.776546] cfg80211: Loading compiled-in X.509 certificates for regulatory database
[    8.914533] cfg80211: Loaded X.509 cert 'sforshee: 00b28ddf47aef9cea7'
[    8.921067] clk: Not disabling unused clocks
[    8.925597] ALSA device list:
[    8.928557]   No soundcards found.
[    8.932231] platform regulatory.0: Direct firmware load for regulatory.db failed with error -2
[    8.940844] cfg80211: failed to load regulatory.db
[    8.955649] EXT4-fs (mmcblk0p2): mounted filesystem with ordered data mode. Opts: (null)
[    8.963767] VFS: Mounted root (ext4 filesystem) on device 179:2.
[    8.977205] devtmpfs: mounted
[    8.981021] Freeing unused kernel memory: 2560K
[    8.987791] Run /sbin/init as init process
[    8.991880]   with arguments:
[    8.991883]     /sbin/init
[    8.991885]   with environment:
[    8.991887]     HOME=/
[    8.991890]     TERM=linux
[    9.557682] systemd[1]: systemd 241 running in system mode. (+PAM +AUDIT +SELINUX +IMA +APPARMOR +SMACK +SYSVINIT +UTMP +LIBCRYPTSETUP +GCRYPT +GNUTLS +ACL +XZ +LZ4 +SECCOMP +BLKID +ELFUTILS +KMOD -IDN2 +IDN -PCRE2 default-hierarchy=hybrid)
[    9.579531] systemd[1]: Detected architecture arm64.
[    9.604446] systemd[1]: Set hostname to <analog>.
[    9.791548] systemd[1]: File /lib/systemd/system/systemd-journald.service:12 configures an IP firewall (IPAddressDeny=any), but the local system does not support BPF/cgroup based firewalling.
[    9.808611] systemd[1]: Proceeding WITHOUT firewalling in effect! (This warning is only shown for the first loaded unit using IP firewalling.)
[    9.971610] systemd[1]: /etc/systemd/system/tof-server.service:1: Assignment outside of section. Ignoring.
[    9.981306] systemd[1]: /etc/systemd/system/tof-server.service:2: Assignment outside of section. Ignoring.
[   10.164444] random: systemd: uninitialized urandom read (16 bytes read)
[   10.179243] systemd[1]: Condition check resulted in Arbitrary Executable File Formats File System Automount Point being skipped.
[   10.190884] random: systemd: uninitialized urandom read (16 bytes read)
[   10.198084] systemd[1]: Created slice system-systemd\x2dfsck.slice.
[   10.219825] random: systemd: uninitialized urandom read (16 bytes read)
[   10.226658] systemd[1]: Created slice User and Session Slice.
[   10.852624] ------------[ cut here ]------------
[   10.852633] Enabling unprepared \xa0\xe9R\x88\xff\xff\xffpR\x88\xff\xff\xff
[   10.852679] WARNING: CPU: 1 PID: 130 at drivers/clk/clk.c:1012 clk_core_enable+0xa4/0xc0
[   10.852682] Modules linked in:
[   10.852692] CPU: 1 PID: 130 Comm: kworker/1:1H Not tainted 5.10.0-98103-g2aa7ac113716 #5577
[   10.852695] Hardware name: ZynqMP ZCU102 Rev1.0 (DT)
[   10.852704] Workqueue: kblockd blk_mq_run_work_fn
[   10.852712] pstate: 80000085 (Nzcv daIf -PAN -UAO -TCO BTYPE=--)
[   10.852717] pc : clk_core_enable+0xa4/0xc0
[   10.852723] lr : clk_core_enable+0xa4/0xc0
[   10.852725] sp : ffffffc012adb2d0
[   10.852728] x29: ffffffc012adb2d0 x28: ffffff8800330c10 
[   10.852735] x27: ffffff8800330d48 x26: 0000005000000101 
[   10.852742] x25: 0000000280ec2476 x24: 0000000000000001 
[   10.852749] x23: ffffff8801104a00 x22: ffffff8801083220 
[   10.852755] x21: ffffff8801527000 x20: ffffff8801527008 
[   10.852762] x19: ffffff8801527008 x18: 0000000000000030 
[   10.852768] x17: 000018b824ea07c8 x16: 0000000000000005 
[   10.852775] x15: ffffffffffff9d50 x14: ffffffc011d3b1a0 
[   10.852781] x13: ffffffc011d3b1c8 x12: 0000000000000675 
[   10.852788] x11: 0000000000000227 x10: ffffffc011d671c8 
[   10.852794] x9 : 00000000fffff800 x8 : ffffffc011d3b1c8 
[   10.852801] x7 : ffffffc011d671c8 x6 : 0000000000000001 
[   10.852807] x5 : ffffff887f77c9e0 x4 : 0000000000000000 
[   10.852814] x3 : 0000000000000027 x2 : 0000000000000023 
[   10.852820] x1 : 0742683926da9600 x0 : 0000000000000000 
[   10.852826] Call trace:
[   10.852833]  clk_core_enable+0xa4/0xc0
[   10.852838]  clk_enable+0x2c/0x60
[   10.852844]  zynqmp_runtime_resume+0x24/0x84
[   10.852851]  pm_generic_runtime_resume+0x30/0x50
[   10.852857]  __genpd_runtime_resume+0x30/0xb0
[   10.852863]  genpd_runtime_resume+0x90/0x250
[   10.852869]  __rpm_callback+0x10c/0x1e0
[   10.852874]  rpm_callback+0x5c/0x84
[   10.852879]  rpm_resume+0x4a4/0x74c
[   10.852884]  __pm_runtime_resume+0x78/0xc4
[   10.852889]  spi_mem_access_start.isra.0+0x30/0x80
[   10.852893]  spi_mem_exec_op+0x3b0/0x424
[   10.852898]  spi_nor_read_sr+0x78/0xe0
[   10.852903]  spi_nor_wait_till_ready_with_timeout+0xb4/0x2f0
[   10.852907]  spi_nor_read+0x188/0x380
[   10.852912]  mtd_read_oob_std+0x78/0x84
[   10.852917]  mtd_read_oob+0x7c/0x134
[   10.852921]  mtd_read+0x48/0x7c
[   10.852927]  mtdblock_readsect+0x6c/0x150
[   10.852932]  mtd_queue_rq+0x2cc/0x5a0
[   10.852938]  blk_mq_dispatch_rq_list+0x110/0x790
[   10.852945]  __blk_mq_do_dispatch_sched+0x200/0x274
[   10.852951]  __blk_mq_sched_dispatch_requests+0x1a8/0x1fc
[   10.852956]  blk_mq_sched_dispatch_requests+0x3c/0x7c
[   10.852961]  __blk_mq_run_hw_queue+0x98/0x100
[   10.852966]  blk_mq_run_work_fn+0x24/0x30
[   10.852971]  process_one_work+0x1d4/0x380
[   10.852975]  worker_thread+0x78/0x4e0
[   10.852981]  kthread+0x124/0x130
[   10.852986]  ret_from_fork+0x10/0x3c
[   10.852990] ---[ end trace 241678ce8f5832dd ]---
[   10.852998] zynqmp-qspi ff0f0000.spi: Cannot enable APB clock.
[   10.853048] spi_master spi0: Failed to power device: -108
[   10.853057] blk_update_request: I/O error, dev mtdblock0, sector 8 op 0x0:(READ) flags 0x80700 phys_seg 1 prio class 0
[   10.853122] spi_master spi0: Failed to power device: -22
[   10.853129] blk_update_request: I/O error, dev mtdblock0, sector 8 op 0x0:(READ) flags 0x0 phys_seg 8 prio class 0
[   10.853134] Buffer I/O error on dev mtdblock0, logical block 8, async page read
[   10.853144] spi_master spi0: Failed to power device: -22
[   10.853150] blk_update_request: I/O error, dev mtdblock0, sector 9 op 0x0:(READ) flags 0x0 phys_seg 7 prio class 0
[   10.853154] Buffer I/O error on dev mtdblock0, logical block 9, async page read
[   10.853161] spi_master spi0: Failed to power device: -22
[   10.853166] blk_update_request: I/O error, dev mtdblock0, sector 10 op 0x0:(READ) flags 0x0 phys_seg 6 prio class 0
[   10.853170] Buffer I/O error on dev mtdblock0, logical block 10, async page read
[   10.853177] spi_master spi0: Failed to power device: -22
[   10.853183] blk_update_request: I/O error, dev mtdblock0, sector 11 op 0x0:(READ) flags 0x0 phys_seg 5 prio class 0
[   10.853187] Buffer I/O error on dev mtdblock0, logical block 11, async page read
[   10.853193] spi_master spi0: Failed to power device: -22
[   10.853199] blk_update_request: I/O error, dev mtdblock0, sector 12 op 0x0:(READ) flags 0x0 phys_seg 4 prio class 0
[   10.853203] Buffer I/O error on dev mtdblock0, logical block 12, async page read
[   10.853209] spi_master spi0: Failed to power device: -22
[   10.853215] blk_update_request: I/O error, dev mtdblock0, sector 13 op 0x0:(READ) flags 0x0 phys_seg 3 prio class 0
[   10.853219] Buffer I/O error on dev mtdblock0, logical block 13, async page read
[   10.853225] spi_master spi0: Failed to power device: -22
[   10.853231] blk_update_request: I/O error, dev mtdblock0, sector 14 op 0x0:(READ) flags 0x0 phys_seg 2 prio class 0
[   10.853235] Buffer I/O error on dev mtdblock0, logical block 14, async page read
[   10.853241] spi_master spi0: Failed to power device: -22
[   10.853247] blk_update_request: I/O error, dev mtdblock0, sector 15 op 0x0:(READ) flags 0x0 phys_seg 1 prio class 0
[   10.853250] Buffer I/O error on dev mtdblock0, logical block 15, async page read
[   10.853573] spi_master spi0: Failed to power device: -22
[   10.853580] blk_update_request: I/O error, dev mtdblock1, sector 10112 op 0x0:(READ) flags 0x80700 phys_seg 1 prio class 0
[   10.853624] spi_master spi0: Failed to power device: -22
[   10.853629] Buffer I/O error on dev mtdblock1, logical block 10112, async page read
[   10.853637] spi_master spi0: Failed to power device: -22
[   10.853642] Buffer I/O error on dev mtdblock1, logical block 10113, async page read
[   10.853649] spi_master spi0: Failed to power device: -22
[   10.853656] spi_master spi0: Failed to power device: -22
[   10.853664] spi_master spi0: Failed to power device: -22
[   10.853671] spi_master spi0: Failed to power device: -22
[   10.853678] spi_master spi0: Failed to power device: -22
[   10.853685] spi_master spi0: Failed to power device: -22
[   10.853948] spi_master spi0: Failed to power device: -22
[   10.853992] spi_master spi0: Failed to power device: -22
[   10.854001] spi_master spi0: Failed to power device: -22
[   10.854009] spi_master spi0: Failed to power device: -22
[   10.854017] spi_master spi0: Failed to power device: -22
[   10.854024] spi_master spi0: Failed to power device: -22
[   10.854032] spi_master spi0: Failed to power device: -22
[   10.854039] spi_master spi0: Failed to power device: -22
[   10.854046] spi_master spi0: Failed to power device: -22
[   10.854309] spi_master spi0: Failed to power device: -22
[   10.854354] spi_master spi0: Failed to power device: -22
[   10.854363] spi_master spi0: Failed to power device: -22
[   10.854371] spi_master spi0: Failed to power device: -22
[   10.854378] spi_master spi0: Failed to power device: -22
[   10.854386] spi_master spi0: Failed to power device: -22
[   10.854393] spi_master spi0: Failed to power device: -22
[   10.854401] spi_master spi0: Failed to power device: -22
[   10.854408] spi_master spi0: Failed to power device: -22
[   10.978475] EXT4-fs (mmcblk0p2): re-mounted. Opts: (null)
[   11.176598] systemd-journald[151]: Received request to flush runtime journal from PID 1
[   17.019368] macb ff0e0000.ethernet eth0: PHY [ff0e0000.ethernet-ffffffff:0c] driver [TI DP83867] (irq=POLL)
[   17.019379] macb ff0e0000.ethernet eth0: configuring for phy/rgmii-id link mode
[   18.231767] Adding 91132k swap on /var/swap.  Priority:-2 extents:2 across:649196k SS
[   19.063765] random: crng init done
[   19.063776] random: 7 urandom warning(s) missed due to ratelimiting
[   20.022875] broken atomic modeset userspace detected, disabling atomic
[   20.097360] macb ff0e0000.ethernet eth0: Link is Up - 1Gbps/Full - flow control off
[   20.097384] IPv6: ADDRCONF(NETDEV_CHANGE): eth0: link becomes ready
[   22.690666] broken atomic modeset userspace detected, disabling atomic
[   25.798127] broken atomic modeset userspace detected, disabling atomic