[    0.000000] Booting Linux on physical CPU 0x0000000000 [0x410fd034]
[    0.000000] Linux version 5.10.0-98103-g2aa7ac113716 (jenkins@romlxbuild1.adlk.analog.com) (aarch64-xilinx-linux-gcc.real (GCC) 10.2.0, GNU ld (GNU Binutils) 2.35.0.20200730) #5577 SMP Wed Mar 23 07:28:49 GMT 2022
[    0.000000] Machine model: ZynqMP ZCU102 Rev1.0
[    0.000000] earlycon: cdns0 at MMIO 0x00000000ff000000 (options '115200n8')
[    0.000000] printk: bootconsole [cdns0] enabled
[    0.000000] efi: UEFI not found.
[    0.000000] cma: Reserved 256 MiB at 0x0000000070000000
[    0.000000] Zone ranges:
[    0.000000]   DMA      [mem 0x0000000000000000-0x000000003fffffff]
[    0.000000]   DMA32    [mem 0x0000000040000000-0x00000000ffffffff]
[    0.000000]   Normal   [mem 0x0000000100000000-0x000000087fffffff]
[    0.000000] Movable zone start for each node
[    0.000000] Early memory node ranges
[    0.000000]   node   0: [mem 0x0000000000000000-0x000000007fffffff]
[    0.000000]   node   0: [mem 0x0000000800000000-0x000000087fffffff]
[    0.000000] Initmem setup node 0 [mem 0x0000000000000000-0x000000087fffffff]
[    0.000000] On node 0 totalpages: 1048576
[    0.000000]   DMA zone: 3584 pages used for memmap
[    0.000000]   DMA zone: 0 pages reserved
[    0.000000]   DMA zone: 262144 pages, LIFO batch:63
[    0.000000]   DMA32 zone: 3584 pages used for memmap
[    0.000000]   DMA32 zone: 262144 pages, LIFO batch:63
[    0.000000]   Normal zone: 7168 pages used for memmap
[    0.000000]   Normal zone: 524288 pages, LIFO batch:63
[    0.000000] psci: probing for conduit method from DT.
[    0.000000] psci: PSCIv1.1 detected in firmware.
[    0.000000] psci: Using standard PSCI v0.2 function IDs
[    0.000000] psci: MIGRATE_INFO_TYPE not supported.
[    0.000000] psci: SMC Calling Convention v1.2
[    0.000000] percpu: Embedded 22 pages/cpu s49496 r8192 d32424 u90112
[    0.000000] pcpu-alloc: s49496 r8192 d32424 u90112 alloc=22*4096
[    0.000000] pcpu-alloc: [0] 0 [0] 1 [0] 2 [0] 3 
[    0.000000] Detected VIPT I-cache on CPU0
[    0.000000] CPU features: detected: ARM erratum 845719
[    0.000000] Built 1 zonelists, mobility grouping on.  Total pages: 1034240
[    0.000000] Kernel command line: console=ttyPS0,115200 root=/dev/mmcblk0p2 rw earlycon rootfstype=ext4 rootwait clk_ignore_unused cpuidle.off=1 root=/dev/mmcblk0p2 rw rootwait
[    0.000000] Dentry cache hash table entries: 524288 (order: 10, 4194304 bytes, linear)
[    0.000000] Inode-cache hash table entries: 262144 (order: 9, 2097152 bytes, linear)
[    0.000000] mem auto-init: stack:off, heap alloc:off, heap free:off
[    0.000000] software IO TLB: mapped [mem 0x000000003bfff000-0x000000003ffff000] (64MB)
[    0.000000] Memory: 3761904K/4194304K available (15296K kernel code, 1636K rwdata, 11876K rodata, 2560K init, 507K bss, 170256K reserved, 262144K cma-reserved)
[    0.000000] rcu: Hierarchical RCU implementation.
[    0.000000] rcu: 	RCU event tracing is enabled.
[    0.000000] rcu: 	RCU restricting CPUs from NR_CPUS=8 to nr_cpu_ids=4.
[    0.000000] rcu: RCU calculated value of scheduler-enlistment delay is 25 jiffies.
[    0.000000] rcu: Adjusting geometry for rcu_fanout_leaf=16, nr_cpu_ids=4
[    0.000000] NR_IRQS: 64, nr_irqs: 64, preallocated irqs: 0
[    0.000000] GIC: Adjusting CPU interface base to 0x00000000f902f000
[    0.000000] GIC: Using split EOI/Deactivate mode
[    0.000000] random: get_random_bytes called from start_kernel+0x31c/0x54c with crng_init=0
[    0.000000] arch_timer: cp15 timer(s) running at 100.00MHz (phys).
[    0.000000] clocksource: arch_sys_counter: mask: 0xffffffffffffff max_cycles: 0x171024e7e0, max_idle_ns: 440795205315 ns
[    0.000003] sched_clock: 56 bits at 100MHz, resolution 10ns, wraps every 4398046511100ns
[    0.008465] Console: colour dummy device 80x25
[    0.012482] Calibrating delay loop (skipped), value calculated using timer frequency.. 200.00 BogoMIPS (lpj=400000)
[    0.022840] pid_max: default: 32768 minimum: 301
[    0.027548] Mount-cache hash table entries: 8192 (order: 4, 65536 bytes, linear)
[    0.034788] Mountpoint-cache hash table entries: 8192 (order: 4, 65536 bytes, linear)
[    0.043391] rcu: Hierarchical SRCU implementation.
[    0.047558] EFI services will not be available.
[    0.051939] smp: Bringing up secondary CPUs ...
[    0.056656] Detected VIPT I-cache on CPU1
[    0.056694] CPU1: Booted secondary processor 0x0000000001 [0x410fd034]
[    0.057059] Detected VIPT I-cache on CPU2
[    0.057083] CPU2: Booted secondary processor 0x0000000002 [0x410fd034]
[    0.057423] Detected VIPT I-cache on CPU3
[    0.057446] CPU3: Booted secondary processor 0x0000000003 [0x410fd034]
[    0.057492] smp: Brought up 1 node, 4 CPUs
[    0.091779] SMP: Total of 4 processors activated.
[    0.096452] CPU features: detected: 32-bit EL0 Support
[    0.101556] CPU features: detected: CRC32 instructions
[    0.106695] CPU: All CPU(s) started at EL2
[    0.110736] alternatives: patching kernel code
[    0.116168] devtmpfs: initialized
[    0.124067] Registered cp15_barrier emulation handler
[    0.124118] Registered setend emulation handler
[    0.128101] clocksource: jiffies: mask: 0xffffffff max_cycles: 0xffffffff, max_idle_ns: 7645041785100000 ns
[    0.137679] futex hash table entries: 1024 (order: 4, 65536 bytes, linear)
[    0.151029] pinctrl core: initialized pinctrl subsystem
[    0.151679] NET: Registered protocol family 16
[    0.156095] DMA: preallocated 512 KiB GFP_KERNEL pool for atomic allocations
[    0.162106] DMA: preallocated 512 KiB GFP_KERNEL|GFP_DMA pool for atomic allocations
[    0.169833] DMA: preallocated 512 KiB GFP_KERNEL|GFP_DMA32 pool for atomic allocations
[    0.177637] audit: initializing netlink subsys (disabled)
[    0.183089] audit: type=2000 audit(0.116:1): state=initialized audit_enabled=0 res=1
[    0.183434] hw-breakpoint: found 6 breakpoint and 4 watchpoint registers.
[    0.197463] ASID allocator initialised with 65536 entries
[    0.224347] HugeTLB registered 1.00 GiB page size, pre-allocated 0 pages
[    0.225403] HugeTLB registered 32.0 MiB page size, pre-allocated 0 pages
[    0.232073] HugeTLB registered 2.00 MiB page size, pre-allocated 0 pages
[    0.238738] HugeTLB registered 64.0 KiB page size, pre-allocated 0 pages
[    1.304319] DRBG: Continuing without Jitter RNG
[    1.382133] raid6: neonx8   gen()  2140 MB/s
[    1.450180] raid6: neonx8   xor()  1597 MB/s
[    1.518244] raid6: neonx4   gen()  2196 MB/s
[    1.586293] raid6: neonx4   xor()  1567 MB/s
[    1.654351] raid6: neonx2   gen()  2076 MB/s
[    1.722406] raid6: neonx2   xor()  1434 MB/s
[    1.790471] raid6: neonx1   gen()  1772 MB/s
[    1.858517] raid6: neonx1   xor()  1220 MB/s
[    1.926574] raid6: int64x8  gen()  1438 MB/s
[    1.994630] raid6: int64x8  xor()   771 MB/s
[    2.062699] raid6: int64x4  gen()  1599 MB/s
[    2.130752] raid6: int64x4  xor()   813 MB/s
[    2.198821] raid6: int64x2  gen()  1397 MB/s
[    2.266878] raid6: int64x2  xor()   749 MB/s
[    2.334936] raid6: int64x1  gen()  1033 MB/s
[    2.403005] raid6: int64x1  xor()   517 MB/s
[    2.403043] raid6: using algorithm neonx4 gen() 2196 MB/s
[    2.406996] raid6: .... xor() 1567 MB/s, rmw enabled
[    2.411926] raid6: using neon recovery algorithm
[    2.416939] iommu: Default domain type: Translated 
[    2.421552] SCSI subsystem initialized
[    2.425095] libata version 3.00 loaded.
[    2.425220] usbcore: registered new interface driver usbfs
[    2.430552] usbcore: registered new interface driver hub
[    2.435825] usbcore: registered new device driver usb
[    2.440958] mc: Linux media interface: v0.10
[    2.445075] videodev: Linux video capture interface: v2.00
[    2.450566] EDAC MC: Ver: 3.0.0
[    2.454008] zynqmp-ipi-mbox mailbox@ff990400: Registered ZynqMP IPI mbox with TX/RX channels.
[    2.462506] jesd204: created con: id=0, topo=0, link=0, /axi/spi@ff050000/hmc7044@0 <-> /fpga-axi@0/axi-adxcvr-tx@84b60000
[    2.473095] jesd204: created con: id=1, topo=0, link=2, /axi/spi@ff050000/hmc7044@0 <-> /fpga-axi@0/axi-adxcvr-rx@84a60000
[    2.484079] jesd204: created con: id=2, topo=0, link=0, /fpga-axi@0/axi-adxcvr-tx@84b60000 <-> /fpga-axi@0/axi-jesd204-tx@84b90000
[    2.495754] jesd204: created con: id=3, topo=0, link=2, /fpga-axi@0/axi-adxcvr-rx@84a60000 <-> /fpga-axi@0/axi-jesd204-rx@84a90000
[    2.507431] jesd204: created con: id=4, topo=0, link=0, /fpga-axi@0/axi-jesd204-tx@84b90000 <-> /fpga-axi@0/axi-ad9081-tx-hpc@84b10000
[    2.519459] jesd204: created con: id=5, topo=0, link=2, /fpga-axi@0/axi-jesd204-rx@84a90000 <-> /fpga-axi@0/axi-ad9081-rx-hpc@84a10000
[    2.531482] jesd204: created con: id=6, topo=0, link=2, /fpga-axi@0/axi-ad9081-rx-hpc@84a10000 <-> /axi/spi@ff040000/ad9081@0
[    2.542723] jesd204: created con: id=7, topo=0, link=0, /fpga-axi@0/axi-ad9081-tx-hpc@84b10000 <-> /axi/spi@ff040000/ad9081@0
[    2.553972] jesd204: /axi/spi@ff040000/ad9081@0: JESD204[2] transition uninitialized -> initialized
[    2.562960] jesd204: /axi/spi@ff040000/ad9081@0: JESD204[0] transition uninitialized -> initialized
[    2.571951] jesd204: found 8 devices and 1 topologies
[    2.576995] FPGA manager framework
[    2.580471] Advanced Linux Sound Architecture Driver Initialized.
[    2.586766] Bluetooth: Core ver 2.22
[    2.589954] NET: Registered protocol family 31
[    2.594355] Bluetooth: HCI device and connection manager initialized
[    2.600672] Bluetooth: HCI socket layer initialized
[    2.605514] Bluetooth: L2CAP socket layer initialized
[    2.610538] Bluetooth: SCO socket layer initialized
[    2.615723] clocksource: Switched to clocksource arch_sys_counter
[    2.621531] VFS: Disk quotas dquot_6.6.0
[    2.625365] VFS: Dquot-cache hash table entries: 512 (order 0, 4096 bytes)
[    2.636083] NET: Registered protocol family 2
[    2.636811] tcp_listen_portaddr_hash hash table entries: 2048 (order: 3, 32768 bytes, linear)
[    2.645005] TCP established hash table entries: 32768 (order: 6, 262144 bytes, linear)
[    2.653031] TCP bind hash table entries: 32768 (order: 7, 524288 bytes, linear)
[    2.660476] TCP: Hash tables configured (established 32768 bind 32768)
[    2.666649] UDP hash table entries: 2048 (order: 4, 65536 bytes, linear)
[    2.673316] UDP-Lite hash table entries: 2048 (order: 4, 65536 bytes, linear)
[    2.680477] NET: Registered protocol family 1
[    2.684931] RPC: Registered named UNIX socket transport module.
[    2.690553] RPC: Registered udp transport module.
[    2.695217] RPC: Registered tcp transport module.
[    2.699887] RPC: Registered tcp NFSv4.1 backchannel transport module.
[    2.706878] PCI: CLS 0 bytes, default 64
[    2.710584] hw perfevents: no interrupt-affinity property for /pmu, guessing.
[    2.717438] hw perfevents: enabled with armv8_pmuv3 PMU driver, 7 counters available
[    2.725793] Initialise system trusted keyrings
[    2.729468] workingset: timestamp_bits=62 max_order=20 bucket_order=0
[    2.736366] NFS: Registering the id_resolver key type
[    2.740816] Key type id_resolver registered
[    2.744955] Key type id_legacy registered
[    2.748945] nfs4filelayout_init: NFSv4 File Layout Driver Registering...
[    2.755610] jffs2: version 2.2. (NAND) (SUMMARY)  Â© 2001-2006 Red Hat, Inc.
[    2.798543] NET: Registered protocol family 38
[    2.798586] xor: measuring software checksum speed
[    2.806271]    8regs           :  2363 MB/sec
[    2.809940]    32regs          :  2799 MB/sec
[    2.814883]    arm64_neon      :  2380 MB/sec
[    2.815072] xor: using function: 32regs (2799 MB/sec)
[    2.820098] Key type asymmetric registered
[    2.824159] Asymmetric key parser 'x509' registered
[    2.829020] Block layer SCSI generic (bsg) driver version 0.4 loaded (major 248)
[    2.836357] io scheduler mq-deadline registered
[    2.840854] io scheduler kyber registered
[    2.870251] Serial: 8250/16550 driver, 4 ports, IRQ sharing disabled
[    2.874895] cacheinfo: Unable to detect cache hierarchy for CPU 0
[    2.881224] brd: module loaded
[    2.885368] loop: module loaded
[    2.885912] Registered mathworks_ip class
[    2.889261] libphy: Fixed MDIO Bus: probed
[    2.892245] tun: Universal TUN/TAP device driver, 1.6
[    2.896301] CAN device driver interface
[    2.900837] usbcore: registered new interface driver asix
[    2.905432] usbcore: registered new interface driver ax88179_178a
[    2.911465] usbcore: registered new interface driver cdc_ether
[    2.917260] usbcore: registered new interface driver net1080
[    2.922886] usbcore: registered new interface driver cdc_subset
[    2.928766] usbcore: registered new interface driver zaurus
[    2.934310] usbcore: registered new interface driver cdc_ncm
[    2.940714] ehci_hcd: USB 2.0 'Enhanced' Host Controller (EHCI) Driver
[    2.946396] ehci-pci: EHCI PCI platform driver
[    2.951191] usbcore: registered new interface driver uas
[    2.956111] usbcore: registered new interface driver usb-storage
[    2.962099] usbcore: registered new interface driver usbserial_generic
[    2.968550] usbserial: USB Serial support registered for generic
[    2.974523] usbcore: registered new interface driver ftdi_sio
[    2.980226] usbserial: USB Serial support registered for FTDI USB Serial Device
[    2.987502] usbcore: registered new interface driver upd78f0730
[    2.993374] usbserial: USB Serial support registered for upd78f0730
[    3.001035] rtc_zynqmp ffa60000.rtc: registered as rtc0
[    3.004799] rtc_zynqmp ffa60000.rtc: setting system clock to 2022-03-26T02:45:25 UTC (1648262725)
[    3.013661] i2c /dev entries driver
[    3.018969] usbcore: registered new interface driver uvcvideo
[    3.022775] USB Video Class driver (1.1.1)
[    3.028357] Bluetooth: HCI UART driver ver 2.3
[    3.031246] Bluetooth: HCI UART protocol H4 registered
[    3.036355] Bluetooth: HCI UART protocol BCSP registered
[    3.041645] Bluetooth: HCI UART protocol LL registered
[    3.046733] Bluetooth: HCI UART protocol ATH3K registered
[    3.052107] Bluetooth: HCI UART protocol Three-wire (H5) registered
[    3.058362] Bluetooth: HCI UART protocol Intel registered
[    3.063699] Bluetooth: HCI UART protocol QCA registered
[    3.068902] usbcore: registered new interface driver bcm203x
[    3.074522] usbcore: registered new interface driver bpa10x
[    3.080058] usbcore: registered new interface driver bfusb
[    3.085508] usbcore: registered new interface driver btusb
[    3.090972] usbcore: registered new interface driver ath3k
[    3.096455] EDAC MC: ECC not enabled
[    3.100079] EDAC DEVICE0: Giving out device to module zynqmp-ocm-edac controller zynqmp_ocm: DEV ff960000.memory-controller (INTERRUPT)
[    3.112394] sdhci: Secure Digital Host Controller Interface driver
[    3.118182] sdhci: Copyright(c) Pierre Ossman
[    3.122507] sdhci-pltfm: SDHCI platform and OF driver helper
[    3.128560] ledtrig-cpu: registered to indicate activity on CPUs
[    3.134111] SMCCC: SOC_ID: ARCH_SOC_ID not implemented, skipping ....
[    3.140541] zynqmp_firmware_probe Platform Management API v1.1
[    3.146298] zynqmp_firmware_probe Trustzone version v1.0
[    3.185853] zynqmp-pinctrl firmware:zynqmp-firmware:pinctrl: zynqmp pinctrl initialized
[    3.233838] zynqmp-aes firmware:zynqmp-firmware:zynqmp-aes: will run requests pump with realtime priority
[    3.249712] alg: No test for xilinx-keccak-384 (zynqmp-keccak-384)
[    3.250421] alg: No test for xilinx-zynqmp-rsa (zynqmp-rsa)
[    3.255936] usbcore: registered new interface driver usbhid
[    3.261326] usbhid: USB HID core driver
[    3.272570] axi_sysid 85000000.axi-sysid-0: AXI System ID core version (1.01.a) found
[    3.274914] axi_sysid 85000000.axi-sysid-0: [ad9081_fmca_ebz] on [zcu102] git branch <master> git <084d44c9780640ca93fd847b1d9ec70dd65f5c67> clean [2022-03-18 04:17:50] UTC
[    3.290604] fpga_manager fpga0: Xilinx ZynqMP FPGA Manager registered
[    3.296958] usbcore: registered new interface driver snd-usb-audio
[    3.304409] pktgen: Packet Generator for packet performance testing. Version: 2.75
[    3.310589] Initializing XFRM netlink socket
[    3.314446] NET: Registered protocol family 10
[    3.319162] Segment Routing with IPv6
[    3.322542] sit: IPv6, IPv4 and MPLS over IPv4 tunneling driver
[    3.328613] NET: Registered protocol family 17
[    3.332719] NET: Registered protocol family 15
[    3.337212] can: controller area network core
[    3.341468] NET: Registered protocol family 29
[    3.345856] can: raw protocol
[    3.348792] can: broadcast manager protocol
[    3.352947] can: netlink gateway - max_hops=1
[    3.357342] Bluetooth: RFCOMM TTY layer initialized
[    3.362120] Bluetooth: RFCOMM socket layer initialized
[    3.367228] Bluetooth: RFCOMM ver 1.11
[    3.370939] Bluetooth: BNEP (Ethernet Emulation) ver 1.3
[    3.376211] Bluetooth: BNEP filters: protocol multicast
[    3.381405] Bluetooth: BNEP socket layer initialized
[    3.386332] Bluetooth: HIDP (Human Interface Emulation) ver 1.2
[    3.392215] Bluetooth: HIDP socket layer initialized
[    3.397271] 9pnet: Installing 9P2000 support
[    3.401393] NET: Registered protocol family 36
[    3.405812] Key type dns_resolver registered
[    3.410237] registered taskstats version 1
[    3.414105] Loading compiled-in X.509 certificates
[    3.419219] Btrfs loaded, crc32c=crc32c-generic
[    3.431620] ff000000.serial: ttyPS0 at MMIO 0xff000000 (irq = 49, base_baud = 6249999) is a xuartps
[    3.440641] printk: console [ttyPS0] enabled
[    3.444936] printk: bootconsole [cdns0] disabled
[    3.454566] ff010000.serial: ttyPS1 at MMIO 0xff010000 (irq = 50, base_baud = 6249999) is a xuartps
[    3.467819] of-fpga-region fpga-full: FPGA Region probed
[    3.474781] nwl-pcie fd0e0000.pcie: host bridge /axi/pcie@fd0e0000 ranges:
[    3.481673] nwl-pcie fd0e0000.pcie:      MEM 0x00e0000000..0x00efffffff -> 0x00e0000000
[    3.489675] nwl-pcie fd0e0000.pcie:      MEM 0x0600000000..0x07ffffffff -> 0x0600000000
[    3.497736] nwl-pcie fd0e0000.pcie: Link is DOWN
[    3.502494] nwl-pcie fd0e0000.pcie: PCI host bridge to bus 0000:00
[    3.508673] pci_bus 0000:00: root bus resource [bus 00-ff]
[    3.514154] pci_bus 0000:00: root bus resource [mem 0xe0000000-0xefffffff]
[    3.521024] pci_bus 0000:00: root bus resource [mem 0x600000000-0x7ffffffff pref]
[    3.528527] pci 0000:00:00.0: [10ee:d021] type 01 class 0x060400
[    3.534585] pci 0000:00:00.0: PME# supported from D0 D1 D2 D3hot
[    3.545035] pci 0000:00:00.0: PCI bridge to [bus 01-0c]
[    3.551010] xilinx-zynqmp-dma fd500000.dma: ZynqMP DMA driver Probe success
[    3.558181] xilinx-zynqmp-dma fd510000.dma: ZynqMP DMA driver Probe success
[    3.565363] xilinx-zynqmp-dma fd520000.dma: ZynqMP DMA driver Probe success
[    3.572534] xilinx-zynqmp-dma fd530000.dma: ZynqMP DMA driver Probe success
[    3.579700] xilinx-zynqmp-dma fd540000.dma: ZynqMP DMA driver Probe success
[    3.586871] xilinx-zynqmp-dma fd550000.dma: ZynqMP DMA driver Probe success
[    3.594041] xilinx-zynqmp-dma fd560000.dma: ZynqMP DMA driver Probe success
[    3.601209] xilinx-zynqmp-dma fd570000.dma: ZynqMP DMA driver Probe success
[    3.608606] xilinx-zynqmp-dpdma fd4c0000.dma-controller: Xilinx DPDMA engine is probed
[    3.617156] ahci-ceva fd0c0000.ahci: supply ahci not found, using dummy regulator
[    3.624695] ahci-ceva fd0c0000.ahci: supply phy not found, using dummy regulator
[    3.715893] hmc7044 spi2.0: PLL1: Acquisition, CLKIN0 @ 122880000 Hz, PFD: 80 kHz - PLL2: Locked @ 2816.000000 MHz
[    3.726613] jesd204: /axi/spi@ff050000/hmc7044@0,jesd204:1,parent=spi2.0: Using as SYSREF provider
[    3.736199] spi-nor spi0.0: SPI-NOR-UniqueID 100000235394732200270025081115266e
[    3.743509] spi-nor spi0.0: found n25q512a, expected m25p80
[    3.749712] spi-nor spi0.0: trying to lock already unlocked area
[    3.755718] spi-nor spi0.0: n25q512a (131072 Kbytes)
[    3.760699] 4 fixed-partitions partitions found on MTD device spi0.0
[    3.767044] Creating 4 MTD partitions on "spi0.0":
[    3.771829] 0x000000000000-0x000000100000 : "qspi-fsbl-uboot"
[    3.778325] 0x000000100000-0x000000600000 : "qspi-linux"
[    3.784284] 0x000000600000-0x000000620000 : "qspi-device-tree"
[    3.790753] 0x000000620000-0x000000c00000 : "qspi-rootfs"
[    3.799227] macb ff0e0000.ethernet: Not enabling partial store and forward
[    3.806759] libphy: MACB_mii_bus: probed
[    3.811819] macb ff0e0000.ethernet eth0: Cadence GEM rev 0x50070106 at 0xff0e0000 irq 30 (00:0a:35:04:8e:1b)
[    3.822032] xilinx-axipmon ffa00000.perf-monitor: Probed Xilinx APM
[    3.828605] xilinx-axipmon fd0b0000.perf-monitor: Probed Xilinx APM
[    3.835126] xilinx-axipmon fd490000.perf-monitor: Probed Xilinx APM
[    3.841671] xilinx-axipmon ffa10000.perf-monitor: Probed Xilinx APM
[    3.851659] pca953x 0-0020: supply vcc not found, using dummy regulator
[    3.858345] pca953x 0-0020: using no AI
[    3.862833] gpio-496 (sel0): hogged as output/low
[    3.867734] gpio-497 (sel1): hogged as output/high
[    3.872716] gpio-498 (sel2): hogged as output/high
[    3.877700] gpio-499 (sel3): hogged as output/high
[    3.882882] pca953x 0-0021: supply vcc not found, using dummy regulator
[    3.889555] pca953x 0-0021: using no AI
[    3.895319] ina2xx 2-0040: power monitor ina226 (Rshunt = 5000 uOhm)
[    3.902344] ina2xx 2-0041: power monitor ina226 (Rshunt = 5000 uOhm)
[    3.909383] ina2xx 2-0042: power monitor ina226 (Rshunt = 5000 uOhm)
[    3.916417] ina2xx 2-0043: power monitor ina226 (Rshunt = 5000 uOhm)
[    3.923440] ina2xx 2-0044: power monitor ina226 (Rshunt = 5000 uOhm)
[    3.930461] ina2xx 2-0045: power monitor ina226 (Rshunt = 5000 uOhm)
[    3.937489] ina2xx 2-0046: power monitor ina226 (Rshunt = 5000 uOhm)
[    3.944569] ina2xx 2-0047: power monitor ina226 (Rshunt = 5000 uOhm)
[    3.951594] ina2xx 2-004a: power monitor ina226 (Rshunt = 5000 uOhm)
[    3.958634] ina2xx 2-004b: power monitor ina226 (Rshunt = 5000 uOhm)
[    3.965043] i2c i2c-0: Added multiplexed i2c bus 2
[    3.970428] random: fast init done
[    3.973902] ina2xx 3-0040: power monitor ina226 (Rshunt = 2000 uOhm)
[    3.980928] ina2xx 3-0041: power monitor ina226 (Rshunt = 5000 uOhm)
[    3.987955] ina2xx 3-0042: power monitor ina226 (Rshunt = 5000 uOhm)
[    3.994988] ina2xx 3-0043: power monitor ina226 (Rshunt = 5000 uOhm)
[    4.002012] ina2xx 3-0044: power monitor ina226 (Rshunt = 5000 uOhm)
[    4.009039] ina2xx 3-0045: power monitor ina226 (Rshunt = 5000 uOhm)
[    4.016074] ina2xx 3-0046: power monitor ina226 (Rshunt = 5000 uOhm)
[    4.023103] ina2xx 3-0047: power monitor ina226 (Rshunt = 5000 uOhm)
[    4.029503] i2c i2c-0: Added multiplexed i2c bus 3
[    4.085102] i2c i2c-0: Added multiplexed i2c bus 4
[    4.090044] i2c i2c-0: Added multiplexed i2c bus 5
[    4.094833] pca954x 0-0075: registered 4 multiplexed busses for I2C mux pca9544
[    4.102183] cdns-i2c ff020000.i2c: 400 kHz mmio ff020000 irq 32
[    4.109915] at24 6-0054: supply vcc not found, using dummy regulator
[    4.116816] at24 6-0054: 1024 byte 24c08 EEPROM, writable, 1 bytes/write
[    4.123566] i2c i2c-1: Added multiplexed i2c bus 6
[    4.129998] si5341 7-0036: Chip: 5341 Grade: 1 Rev: 1
[    4.167704] i2c i2c-1: Added multiplexed i2c bus 7
[    4.175353] si570 8-005d: registered, current frequency 300000000 Hz
[    4.181751] i2c i2c-1: Added multiplexed i2c bus 8
[    4.201525] si570 9-005d: registered, current frequency 148500000 Hz
[    4.207930] i2c i2c-1: Added multiplexed i2c bus 9
[    4.212970] si5324 10-0069: si5328 probed
[    4.280085] si5324 10-0069: si5328 probe successful
[    4.285011] i2c i2c-1: Added multiplexed i2c bus 10
[    4.290039] i2c i2c-1: Added multiplexed i2c bus 11
[    4.295065] i2c i2c-1: Added multiplexed i2c bus 12
[    4.300086] i2c i2c-1: Added multiplexed i2c bus 13
[    4.304967] pca954x 1-0074: registered 8 multiplexed busses for I2C switch pca9548
[    4.313078] at24 14-0050: supply vcc not found, using dummy regulator
[    4.319864] at24 14-0050: 256 byte 24c02 EEPROM, writable, 1 bytes/write
[    4.326611] i2c i2c-1: Added multiplexed i2c bus 14
[    4.331652] i2c i2c-1: Added multiplexed i2c bus 15
[    4.336683] i2c i2c-1: Added multiplexed i2c bus 16
[    4.341720] i2c i2c-1: Added multiplexed i2c bus 17
[    4.346751] i2c i2c-1: Added multiplexed i2c bus 18
[    4.351798] i2c i2c-1: Added multiplexed i2c bus 19
[    4.356835] i2c i2c-1: Added multiplexed i2c bus 20
[    4.361867] i2c i2c-1: Added multiplexed i2c bus 21
[    4.366741] pca954x 1-0075: registered 8 multiplexed busses for I2C switch pca9548
[    4.374351] cdns-i2c ff030000.i2c: 400 kHz mmio ff030000 irq 33
[    4.384103] cdns-wdt fd4d0000.watchdog: Xilinx Watchdog Timer with timeout 60s
[    4.395048] axi_adxcvr 84a60000.axi-adxcvr-rx: AXI-ADXCVR-RX (17.05.a) using CPLL on GTH4 at 0x84A60000. Number of lanes: 4.
[    4.407224] axi_adxcvr 84b60000.axi-adxcvr-tx: AXI-ADXCVR-TX (17.05.a) using QPLL on GTH4 at 0x84B60000. Number of lanes: 4.
[    4.418851] axi-jesd204-rx 84a90000.axi-jesd204-rx: AXI-JESD204-RX (1.07.a) at 0x84A90000. Encoder 8b10b, width 4/4, lanes 4, jesd204-fsm.
[    4.426134] mmc0: SDHCI controller on ff170000.mmc [ff170000.mmc] using ADMA 64-bit
[    4.431693] axi-jesd204-tx 84b90000.axi-jesd204-tx: AXI-JESD204-TX (1.06.a) at 0x84B90000. Encoder 8b10b, width 4/4, lanes 4, jesd204-fsm.
[    4.452418] zynqmp-display fd4a0000.display: vtc bridge property not present
[    4.462070] xilinx-dp-snd-codec fd4a0000.display:zynqmp_dp_snd_codec0: Failed to get required clock freq
[    4.471572] xilinx-dp-snd-codec: probe of fd4a0000.display:zynqmp_dp_snd_codec0 failed with error -22
[    4.473504] mmc0: new high speed SDHC card at address 0001
[    4.481110] xilinx-dp-snd-pcm zynqmp_dp_snd_pcm0: Xilinx DisplayPort Sound PCM probed
[    4.486625] mmcblk0: mmc0:0001 EB1QT 29.8 GiB 
[    4.494426] xilinx-dp-snd-pcm zynqmp_dp_snd_pcm1: Xilinx DisplayPort Sound PCM probed
[    4.503909]  mmcblk0: p1 p2 p3
[    4.506728] OF: graph: no port node found in /axi/display@fd4a0000
[    4.515796] xlnx-drm xlnx-drm.0: bound fd4a0000.display (ops 0xffffffc010fcbdb8)
[    5.599738] zynqmp-display fd4a0000.display: [drm] Cannot find any crtc or sizes
[    5.607351] [drm] Initialized xlnx 1.0.0 20130509 for fd4a0000.display on minor 0
[    5.614841] zynqmp-display fd4a0000.display: ZynqMP DisplayPort Subsystem driver probed
[    5.623166] ahci-ceva fd0c0000.ahci: supply ahci not found, using dummy regulator
[    5.630714] ahci-ceva fd0c0000.ahci: supply phy not found, using dummy regulator
[    5.638171] ahci-ceva fd0c0000.ahci: supply target not found, using dummy regulator
[    5.656068] ahci-ceva fd0c0000.ahci: AHCI 0001.0301 32 slots 2 ports 6 Gbps 0x3 impl platform mode
[    5.665030] ahci-ceva fd0c0000.ahci: flags: 64bit ncq sntf pm clo only pmp fbs pio slum part ccc sds apst 
[    5.675650] scsi host0: ahci-ceva
[    5.679255] scsi host1: ahci-ceva
[    5.682681] ata1: SATA max UDMA/133 mmio [mem 0xfd0c0000-0xfd0c1fff] port 0x100 irq 45
[    5.690595] ata2: SATA max UDMA/133 mmio [mem 0xfd0c0000-0xfd0c1fff] port 0x180 irq 45
[    5.699199] ad9081 spi1.0: supply vdd not found, using dummy regulator
[    6.009939] ata2: SATA link down (SStatus 0 SControl 330)
[    6.015351] ata1: SATA link down (SStatus 0 SControl 330)
[    6.683741] zynqmp-display fd4a0000.display: [drm] Cannot find any crtc or sizes
[    7.519565] ad9081 spi1.0: AD9081 Rev. 2 Grade 10 (API 1.2.2) probed
[    7.526767] xhci-hcd xhci-hcd.1.auto: xHCI Host Controller
[    7.532266] xhci-hcd xhci-hcd.1.auto: new USB bus registered, assigned bus number 1
[    7.540011] xhci-hcd xhci-hcd.1.auto: hcc params 0x0238f625 hci version 0x100 quirks 0x0000000002010810
[    7.549428] xhci-hcd xhci-hcd.1.auto: irq 59, io mem 0xfe200000
[    7.555541] usb usb1: New USB device found, idVendor=1d6b, idProduct=0002, bcdDevice= 5.10
[    7.563804] usb usb1: New USB device strings: Mfr=3, Product=2, SerialNumber=1
[    7.571021] usb usb1: Product: xHCI Host Controller
[    7.575889] usb usb1: Manufacturer: Linux 5.10.0-98103-g2aa7ac113716 xhci-hcd
[    7.583014] usb usb1: SerialNumber: xhci-hcd.1.auto
[    7.588178] hub 1-0:1.0: USB hub found
[    7.591944] hub 1-0:1.0: 1 port detected
[    7.596047] xhci-hcd xhci-hcd.1.auto: xHCI Host Controller
[    7.601536] xhci-hcd xhci-hcd.1.auto: new USB bus registered, assigned bus number 2
[    7.609191] xhci-hcd xhci-hcd.1.auto: Host supports USB 3.0 SuperSpeed
[    7.615815] usb usb2: New USB device found, idVendor=1d6b, idProduct=0003, bcdDevice= 5.10
[    7.624075] usb usb2: New USB device strings: Mfr=3, Product=2, SerialNumber=1
[    7.631293] usb usb2: Product: xHCI Host Controller
[    7.636163] usb usb2: Manufacturer: Linux 5.10.0-98103-g2aa7ac113716 xhci-hcd
[    7.643289] usb usb2: SerialNumber: xhci-hcd.1.auto
[    7.648398] hub 2-0:1.0: USB hub found
[    7.652159] hub 2-0:1.0: 1 port detected
[    7.682218] cf_axi_adc 84a10000.axi-ad9081-rx-hpc: ADI AIM (10.01.b) at 0x84A10000 mapped to 0x(____ptrval____), probed ADC AD9081 as MASTER
[    7.712562] cf_axi_dds 84b10000.axi-ad9081-tx-hpc: Analog Devices CF_AXI_DDS_DDS MASTER (9.01.b) at 0x84B10000 mapped to 0x(____ptrval____), probed DDS AD9081
[    7.726762] jesd204: /axi/spi@ff040000/ad9081@0,jesd204:0,parent=spi1.0: JESD204[2] transition initialized -> probed
[    7.737284] jesd204: /axi/spi@ff040000/ad9081@0,jesd204:0,parent=spi1.0: JESD204[0] transition initialized -> probed
[    7.747807] jesd204: /axi/spi@ff040000/ad9081@0,jesd204:0,parent=spi1.0: JESD204[2] transition probed -> idle
[    7.757714] jesd204: /axi/spi@ff040000/ad9081@0,jesd204:0,parent=spi1.0: JESD204[0] transition probed -> idle
[    7.767634] jesd204: /axi/spi@ff040000/ad9081@0,jesd204:0,parent=spi1.0: JESD204[2] transition idle -> device_init
[    7.777984] jesd204: /axi/spi@ff040000/ad9081@0,jesd204:0,parent=spi1.0: JESD204[0] transition idle -> device_init
[    7.788332] jesd204: /axi/spi@ff040000/ad9081@0,jesd204:0,parent=spi1.0: JESD204[2] transition device_init -> link_init
[    7.799110] jesd204: /axi/spi@ff040000/ad9081@0,jesd204:0,parent=spi1.0: JESD204[0] transition device_init -> link_init
[    7.809901] jesd204: /axi/spi@ff040000/ad9081@0,jesd204:0,parent=spi1.0: JESD204[2] transition link_init -> link_supported
[    7.820939] jesd204: /axi/spi@ff040000/ad9081@0,jesd204:0,parent=spi1.0: JESD204[0] transition link_init -> link_supported
[    7.832339] hmc7044 spi2.0: hmc7044_jesd204_link_pre_setup: Link2 forcing continuous SYSREF mode
[    7.841273] axi-jesd204-rx 84a90000.axi-jesd204-rx: axi_jesd204_rx_jesd204_link_pre_setup: Link2 set lane rate 14080000 kHz failed (-22)
[    7.853527] jesd204: /fpga-axi@0/axi-jesd204-rx@84a90000,jesd204:4,parent=84a90000.axi-jesd204-rx: JESD204[2] In link_pre_setup got error from cb: -22
[    7.866996] jesd204: /axi/spi@ff040000/ad9081@0,jesd204:0,parent=spi1.0: Rolling back from 'link_supported', got error -22
[    7.878041] jesd204: /axi/spi@ff040000/ad9081@0,jesd204:0,parent=spi1.0: JESD204[0] transition link_supported -> link_pre_setup
[    7.889511] jesd204: /axi/spi@ff040000/ad9081@0,jesd204:0,parent=spi1.0: JESD204[2] transition link_supported -> link_pre_setup
[    7.900989] jesd204: /axi/spi@ff040000/ad9081@0,jesd204:0,parent=spi1.0: JESD204[0] transition link_pre_setup -> link_supported
[    7.912468] jesd204: /axi/spi@ff040000/ad9081@0,jesd204:0,parent=spi1.0: JESD204[2] transition link_pre_setup -> link_supported
[    7.923948] jesd204: /axi/spi@ff040000/ad9081@0,jesd204:0,parent=spi1.0: JESD204[0] transition link_supported -> link_init
[    7.934985] jesd204: /axi/spi@ff040000/ad9081@0,jesd204:0,parent=spi1.0: JESD204[2] transition link_supported -> link_init
[    7.946032] jesd204: /axi/spi@ff040000/ad9081@0,jesd204:0,parent=spi1.0: JESD204[0] transition link_init -> device_init
[    7.956812] jesd204: /axi/spi@ff040000/ad9081@0,jesd204:0,parent=spi1.0: JESD204[2] transition link_init -> device_init
[    7.967591] jesd204: /axi/spi@ff040000/ad9081@0,jesd204:0,parent=spi1.0: JESD204[0] transition device_init -> idle
[    7.977934] jesd204: /axi/spi@ff040000/ad9081@0,jesd204:0,parent=spi1.0: JESD204[2] transition device_init -> idle
[    7.988285] jesd204: /axi/spi@ff040000/ad9081@0,jesd204:0,parent=spi1.0: JESD204[2] transition idle -> idle
[    7.998019] jesd204: /axi/spi@ff040000/ad9081@0,jesd204:0,parent=spi1.0: JESD204[0] transition idle -> idle
[    8.007762] jesd204: /axi/spi@ff040000/ad9081@0,jesd204:0,parent=spi1.0: JESD204[2] transition idle -> device_init
[    8.018105] jesd204: /axi/spi@ff040000/ad9081@0,jesd204:0,parent=spi1.0: JESD204[0] transition idle -> device_init
[    8.028455] jesd204: /axi/spi@ff040000/ad9081@0,jesd204:0,parent=spi1.0: JESD204[2] transition device_init -> link_init
[    8.039233] jesd204: /axi/spi@ff040000/ad9081@0,jesd204:0,parent=spi1.0: JESD204[0] transition device_init -> link_init
[    8.050020] jesd204: /axi/spi@ff040000/ad9081@0,jesd204:0,parent=spi1.0: JESD204[2] transition link_init -> link_supported
[    8.061063] jesd204: /axi/spi@ff040000/ad9081@0,jesd204:0,parent=spi1.0: JESD204[0] transition link_init -> link_supported
[    8.072293] axi-jesd204-rx 84a90000.axi-jesd204-rx: axi_jesd204_rx_jesd204_link_pre_setup: Link2 set lane rate 14080000 kHz failed (-22)
[    8.084554] jesd204: /fpga-axi@0/axi-jesd204-rx@84a90000,jesd204:4,parent=84a90000.axi-jesd204-rx: JESD204[2] In link_pre_setup got error from cb: -22
[    8.098023] jesd204: /axi/spi@ff040000/ad9081@0,jesd204:0,parent=spi1.0: Rolling back from 'link_supported', got error -22
[    8.109067] jesd204: /axi/spi@ff040000/ad9081@0,jesd204:0,parent=spi1.0: JESD204[0] transition link_supported -> link_pre_setup
[    8.120538] jesd204: /axi/spi@ff040000/ad9081@0,jesd204:0,parent=spi1.0: JESD204[2] transition link_supported -> link_pre_setup
[    8.132015] jesd204: /axi/spi@ff040000/ad9081@0,jesd204:0,parent=spi1.0: JESD204[0] transition link_pre_setup -> link_supported
[    8.143487] jesd204: /axi/spi@ff040000/ad9081@0,jesd204:0,parent=spi1.0: JESD204[2] transition link_pre_setup -> link_supported
[    8.154968] jesd204: /axi/spi@ff040000/ad9081@0,jesd204:0,parent=spi1.0: JESD204[0] transition link_supported -> link_init
[    8.166003] jesd204: /axi/spi@ff040000/ad9081@0,jesd204:0,parent=spi1.0: JESD204[2] transition link_supported -> link_init
[    8.177050] jesd204: /axi/spi@ff040000/ad9081@0,jesd204:0,parent=spi1.0: JESD204[0] transition link_init -> device_init
[    8.187826] jesd204: /axi/spi@ff040000/ad9081@0,jesd204:0,parent=spi1.0: JESD204[2] transition link_init -> device_init
[    8.198608] jesd204: /axi/spi@ff040000/ad9081@0,jesd204:0,parent=spi1.0: JESD204[0] transition device_init -> idle
[    8.208957] jesd204: /axi/spi@ff040000/ad9081@0,jesd204:0,parent=spi1.0: JESD204[2] transition device_init -> idle
[    8.219303] jesd204: /axi/spi@ff040000/ad9081@0,jesd204:0,parent=spi1.0: JESD204[2] transition idle -> idle
[    8.229039] jesd204: /axi/spi@ff040000/ad9081@0,jesd204:0,parent=spi1.0: JESD204[0] transition idle -> idle
[    8.238780] jesd204: /axi/spi@ff040000/ad9081@0,jesd204:0,parent=spi1.0: JESD204[2] transition idle -> device_init
[    8.249123] jesd204: /axi/spi@ff040000/ad9081@0,jesd204:0,parent=spi1.0: JESD204[0] transition idle -> device_init
[    8.259473] jesd204: /axi/spi@ff040000/ad9081@0,jesd204:0,parent=spi1.0: JESD204[2] transition device_init -> link_init
[    8.270251] jesd204: /axi/spi@ff040000/ad9081@0,jesd204:0,parent=spi1.0: JESD204[0] transition device_init -> link_init
[    8.281038] jesd204: /axi/spi@ff040000/ad9081@0,jesd204:0,parent=spi1.0: JESD204[2] transition link_init -> link_supported
[    8.292081] jesd204: /axi/spi@ff040000/ad9081@0,jesd204:0,parent=spi1.0: JESD204[0] transition link_init -> link_supported
[    8.303268] axi-jesd204-rx 84a90000.axi-jesd204-rx: axi_jesd204_rx_jesd204_link_pre_setup: Link2 set lane rate 14080000 kHz failed (-22)
[    8.315528] jesd204: /fpga-axi@0/axi-jesd204-rx@84a90000,jesd204:4,parent=84a90000.axi-jesd204-rx: JESD204[2] In link_pre_setup got error from cb: -22
[    8.328997] jesd204: /axi/spi@ff040000/ad9081@0,jesd204:0,parent=spi1.0: Rolling back from 'link_supported', got error -22
[    8.340041] jesd204: /axi/spi@ff040000/ad9081@0,jesd204:0,parent=spi1.0: JESD204[0] transition link_supported -> link_pre_setup
[    8.351512] jesd204: /axi/spi@ff040000/ad9081@0,jesd204:0,parent=spi1.0: JESD204[2] transition link_supported -> link_pre_setup
[    8.362990] jesd204: /axi/spi@ff040000/ad9081@0,jesd204:0,parent=spi1.0: JESD204[0] transition link_pre_setup -> link_supported
[    8.374465] jesd204: /axi/spi@ff040000/ad9081@0,jesd204:0,parent=spi1.0: JESD204[2] transition link_pre_setup -> link_supported
[    8.385940] jesd204: /axi/spi@ff040000/ad9081@0,jesd204:0,parent=spi1.0: JESD204[0] transition link_supported -> link_init
[    8.396978] jesd204: /axi/spi@ff040000/ad9081@0,jesd204:0,parent=spi1.0: JESD204[2] transition link_supported -> link_init
[    8.408025] jesd204: /axi/spi@ff040000/ad9081@0,jesd204:0,parent=spi1.0: JESD204[0] transition link_init -> device_init
[    8.418801] jesd204: /axi/spi@ff040000/ad9081@0,jesd204:0,parent=spi1.0: JESD204[2] transition link_init -> device_init
[    8.429583] jesd204: /axi/spi@ff040000/ad9081@0,jesd204:0,parent=spi1.0: JESD204[0] transition device_init -> idle
[    8.439927] jesd204: /axi/spi@ff040000/ad9081@0,jesd204:0,parent=spi1.0: JESD204[2] transition device_init -> idle
[    8.450279] jesd204: /axi/spi@ff040000/ad9081@0,jesd204:0,parent=spi1.0: JESD204[2] transition idle -> idle
[    8.460017] jesd204: /axi/spi@ff040000/ad9081@0,jesd204:0,parent=spi1.0: JESD204[0] transition idle -> idle
[    8.469755] jesd204: /axi/spi@ff040000/ad9081@0,jesd204:0,parent=spi1.0: JESD204[2] transition idle -> device_init
[    8.480098] jesd204: /axi/spi@ff040000/ad9081@0,jesd204:0,parent=spi1.0: JESD204[0] transition idle -> device_init
[    8.490449] jesd204: /axi/spi@ff040000/ad9081@0,jesd204:0,parent=spi1.0: JESD204[2] transition device_init -> link_init
[    8.501225] jesd204: /axi/spi@ff040000/ad9081@0,jesd204:0,parent=spi1.0: JESD204[0] transition device_init -> link_init
[    8.512014] jesd204: /axi/spi@ff040000/ad9081@0,jesd204:0,parent=spi1.0: JESD204[2] transition link_init -> link_supported
[    8.523056] jesd204: /axi/spi@ff040000/ad9081@0,jesd204:0,parent=spi1.0: JESD204[0] transition link_init -> link_supported
[    8.534243] axi-jesd204-rx 84a90000.axi-jesd204-rx: axi_jesd204_rx_jesd204_link_pre_setup: Link2 set lane rate 14080000 kHz failed (-22)
[    8.546503] jesd204: /fpga-axi@0/axi-jesd204-rx@84a90000,jesd204:4,parent=84a90000.axi-jesd204-rx: JESD204[2] In link_pre_setup got error from cb: -22
[    8.559972] jesd204: /axi/spi@ff040000/ad9081@0,jesd204:0,parent=spi1.0: Rolling back from 'link_supported', got error -22
[    8.571016] jesd204: /axi/spi@ff040000/ad9081@0,jesd204:0,parent=spi1.0: JESD204[0] transition link_supported -> link_pre_setup
[    8.582487] jesd204: /axi/spi@ff040000/ad9081@0,jesd204:0,parent=spi1.0: JESD204[2] transition link_supported -> link_pre_setup
[    8.593965] jesd204: /axi/spi@ff040000/ad9081@0,jesd204:0,parent=spi1.0: JESD204[0] transition link_pre_setup -> link_supported
[    8.605437] jesd204: /axi/spi@ff040000/ad9081@0,jesd204:0,parent=spi1.0: JESD204[2] transition link_pre_setup -> link_supported
[    8.616915] jesd204: /axi/spi@ff040000/ad9081@0,jesd204:0,parent=spi1.0: JESD204[0] transition link_supported -> link_init
[    8.627954] jesd204: /axi/spi@ff040000/ad9081@0,jesd204:0,parent=spi1.0: JESD204[2] transition link_supported -> link_init
[    8.639000] jesd204: /axi/spi@ff040000/ad9081@0,jesd204:0,parent=spi1.0: JESD204[0] transition link_init -> device_init
[    8.649775] jesd204: /axi/spi@ff040000/ad9081@0,jesd204:0,parent=spi1.0: JESD204[2] transition link_init -> device_init
[    8.660558] jesd204: /axi/spi@ff040000/ad9081@0,jesd204:0,parent=spi1.0: JESD204[0] transition device_init -> idle
[    8.670902] jesd204: /axi/spi@ff040000/ad9081@0,jesd204:0,parent=spi1.0: JESD204[2] transition device_init -> idle
[    8.681248] jesd204: /axi/spi@ff040000/ad9081@0,jesd204:0,parent=spi1.0: FSM completed with error -22
[    8.699670] input: gpio-keys as /devices/platform/gpio-keys/input/input0
[    8.706691] of_cfs_init
[    8.709159] of_cfs_init: OK
[    8.712095] cfg80211: Loading compiled-in X.509 certificates for regulatory database
[    8.850211] cfg80211: Loaded X.509 cert 'sforshee: 00b28ddf47aef9cea7'
[    8.856747] clk: Not disabling unused clocks
[    8.861270] ALSA device list:
[    8.864234]   No soundcards found.
[    8.867895] platform regulatory.0: Direct firmware load for regulatory.db failed with error -2
[    8.876506] cfg80211: failed to load regulatory.db
[    8.891092] EXT4-fs (mmcblk0p2): mounted filesystem with ordered data mode. Opts: (null)
[    8.899204] VFS: Mounted root (ext4 filesystem) on device 179:2.
[    8.912633] devtmpfs: mounted
[    8.916456] Freeing unused kernel memory: 2560K
[    8.927777] Run /sbin/init as init process
[    8.931881]   with arguments:
[    8.931884]     /sbin/init
[    8.931886]   with environment:
[    8.931888]     HOME=/
[    8.931890]     TERM=linux
[    9.500628] systemd[1]: systemd 241 running in system mode. (+PAM +AUDIT +SELINUX +IMA +APPARMOR +SMACK +SYSVINIT +UTMP +LIBCRYPTSETUP +GCRYPT +GNUTLS +ACL +XZ +LZ4 +SECCOMP +BLKID +ELFUTILS +KMOD -IDN2 +IDN -PCRE2 default-hierarchy=hybrid)
[    9.522489] systemd[1]: Detected architecture arm64.
[    9.544437] systemd[1]: Set hostname to <analog>.
[    9.732288] systemd[1]: File /lib/systemd/system/systemd-journald.service:12 configures an IP firewall (IPAddressDeny=any), but the local system does not support BPF/cgroup based firewalling.
[    9.749340] systemd[1]: Proceeding WITHOUT firewalling in effect! (This warning is only shown for the first loaded unit using IP firewalling.)
[    9.912643] systemd[1]: /etc/systemd/system/tof-server.service:1: Assignment outside of section. Ignoring.
[    9.922338] systemd[1]: /etc/systemd/system/tof-server.service:2: Assignment outside of section. Ignoring.
[   10.105214] random: systemd: uninitialized urandom read (16 bytes read)
[   10.119910] random: systemd: uninitialized urandom read (16 bytes read)
[   10.126991] systemd[1]: Listening on udev Control Socket.
[   10.147805] random: systemd: uninitialized urandom read (16 bytes read)
[   10.154676] systemd[1]: Listening on Syslog Socket.
[   10.171808] systemd[1]: Reached target Swap.
[   11.026073] EXT4-fs (mmcblk0p2): re-mounted. Opts: (null)
[   11.228525] systemd-journald[166]: Received request to flush runtime journal from PID 1
[   16.705385] random: crng init done
[   16.705394] random: 7 urandom warning(s) missed due to ratelimiting
[   17.162147] macb ff0e0000.ethernet eth0: PHY [ff0e0000.ethernet-ffffffff:0c] driver [TI DP83867] (irq=POLL)
[   17.162160] macb ff0e0000.ethernet eth0: configuring for phy/rgmii-id link mode
[   17.427958] Adding 73724k swap on /var/swap.  Priority:-2 extents:1 across:73724k SS
[   21.249405] macb ff0e0000.ethernet eth0: Link is Up - 1Gbps/Full - flow control off
[   21.249434] IPv6: ADDRCONF(NETDEV_CHANGE): eth0: link becomes ready
[   21.344739] broken atomic modeset userspace detected, disabling atomic
[   24.034971] broken atomic modeset userspace detected, disabling atomic
[   27.024398] broken atomic modeset userspace detected, disabling atomic