[    0.000000] Booting Linux on physical CPU 0x0000000000 [0x410fd034]
[    0.000000] Linux version 5.10.0-98103-g2aa7ac113716 (jenkins@romlxbuild1.adlk.analog.com) (aarch64-xilinx-linux-gcc.real (GCC) 10.2.0, GNU ld (GNU Binutils) 2.35.0.20200730) #5577 SMP Wed Mar 23 07:28:49 GMT 2022
[    0.000000] Machine model: ZynqMP ZCU102 Rev1.0
[    0.000000] earlycon: cdns0 at MMIO 0x00000000ff000000 (options '115200n8')
[    0.000000] printk: bootconsole [cdns0] enabled
[    0.000000] efi: UEFI not found.
[    0.000000] cma: Reserved 256 MiB at 0x0000000070000000
[    0.000000] Zone ranges:
[    0.000000]   DMA      [mem 0x0000000000000000-0x000000003fffffff]
[    0.000000]   DMA32    [mem 0x0000000040000000-0x00000000ffffffff]
[    0.000000]   Normal   [mem 0x0000000100000000-0x000000087fffffff]
[    0.000000] Movable zone start for each node
[    0.000000] Early memory node ranges
[    0.000000]   node   0: [mem 0x0000000000000000-0x000000007fffffff]
[    0.000000]   node   0: [mem 0x0000000800000000-0x000000087fffffff]
[    0.000000] Initmem setup node 0 [mem 0x0000000000000000-0x000000087fffffff]
[    0.000000] On node 0 totalpages: 1048576
[    0.000000]   DMA zone: 3584 pages used for memmap
[    0.000000]   DMA zone: 0 pages reserved
[    0.000000]   DMA zone: 262144 pages, LIFO batch:63
[    0.000000]   DMA32 zone: 3584 pages used for memmap
[    0.000000]   DMA32 zone: 262144 pages, LIFO batch:63
[    0.000000]   Normal zone: 7168 pages used for memmap
[    0.000000]   Normal zone: 524288 pages, LIFO batch:63
[    0.000000] psci: probing for conduit method from DT.
[    0.000000] psci: PSCIv1.1 detected in firmware.
[    0.000000] psci: Using standard PSCI v0.2 function IDs
[    0.000000] psci: MIGRATE_INFO_TYPE not supported.
[    0.000000] psci: SMC Calling Convention v1.2
[    0.000000] percpu: Embedded 22 pages/cpu s49496 r8192 d32424 u90112
[    0.000000] pcpu-alloc: s49496 r8192 d32424 u90112 alloc=22*4096
[    0.000000] pcpu-alloc: [0] 0 [0] 1 [0] 2 [0] 3 
[    0.000000] Detected VIPT I-cache on CPU0
[    0.000000] CPU features: detected: ARM erratum 845719
[    0.000000] Built 1 zonelists, mobility grouping on.  Total pages: 1034240
[    0.000000] Kernel command line: console=ttyPS0,115200 root=/dev/mmcblk0p2 rw earlycon rootfstype=ext4 rootwait clk_ignore_unused cpuidle.off=1 root=/dev/mmcblk0p2 rw rootwait
[    0.000000] Dentry cache hash table entries: 524288 (order: 10, 4194304 bytes, linear)
[    0.000000] Inode-cache hash table entries: 262144 (order: 9, 2097152 bytes, linear)
[    0.000000] mem auto-init: stack:off, heap alloc:off, heap free:off
[    0.000000] software IO TLB: mapped [mem 0x000000003bfff000-0x000000003ffff000] (64MB)
[    0.000000] Memory: 3761904K/4194304K available (15296K kernel code, 1636K rwdata, 11876K rodata, 2560K init, 507K bss, 170256K reserved, 262144K cma-reserved)
[    0.000000] rcu: Hierarchical RCU implementation.
[    0.000000] rcu: 	RCU event tracing is enabled.
[    0.000000] rcu: 	RCU restricting CPUs from NR_CPUS=8 to nr_cpu_ids=4.
[    0.000000] rcu: RCU calculated value of scheduler-enlistment delay is 25 jiffies.
[    0.000000] rcu: Adjusting geometry for rcu_fanout_leaf=16, nr_cpu_ids=4
[    0.000000] NR_IRQS: 64, nr_irqs: 64, preallocated irqs: 0
[    0.000000] GIC: Adjusting CPU interface base to 0x00000000f902f000
[    0.000000] GIC: Using split EOI/Deactivate mode
[    0.000000] random: get_random_bytes called from start_kernel+0x31c/0x54c with crng_init=0
[    0.000000] arch_timer: cp15 timer(s) running at 100.00MHz (phys).
[    0.000000] clocksource: arch_sys_counter: mask: 0xffffffffffffff max_cycles: 0x171024e7e0, max_idle_ns: 440795205315 ns
[    0.000003] sched_clock: 56 bits at 100MHz, resolution 10ns, wraps every 4398046511100ns
[    0.008463] Console: colour dummy device 80x25
[    0.012482] Calibrating delay loop (skipped), value calculated using timer frequency.. 200.00 BogoMIPS (lpj=400000)
[    0.022841] pid_max: default: 32768 minimum: 301
[    0.027550] Mount-cache hash table entries: 8192 (order: 4, 65536 bytes, linear)
[    0.034789] Mountpoint-cache hash table entries: 8192 (order: 4, 65536 bytes, linear)
[    0.043396] rcu: Hierarchical SRCU implementation.
[    0.047559] EFI services will not be available.
[    0.051939] smp: Bringing up secondary CPUs ...
[    0.056655] Detected VIPT I-cache on CPU1
[    0.056695] CPU1: Booted secondary processor 0x0000000001 [0x410fd034]
[    0.057059] Detected VIPT I-cache on CPU2
[    0.057083] CPU2: Booted secondary processor 0x0000000002 [0x410fd034]
[    0.057422] Detected VIPT I-cache on CPU3
[    0.057445] CPU3: Booted secondary processor 0x0000000003 [0x410fd034]
[    0.057491] smp: Brought up 1 node, 4 CPUs
[    0.091780] SMP: Total of 4 processors activated.
[    0.096452] CPU features: detected: 32-bit EL0 Support
[    0.101556] CPU features: detected: CRC32 instructions
[    0.106695] CPU: All CPU(s) started at EL2
[    0.110736] alternatives: patching kernel code
[    0.116171] devtmpfs: initialized
[    0.124066] Registered cp15_barrier emulation handler
[    0.124116] Registered setend emulation handler
[    0.128092] clocksource: jiffies: mask: 0xffffffff max_cycles: 0xffffffff, max_idle_ns: 7645041785100000 ns
[    0.137670] futex hash table entries: 1024 (order: 4, 65536 bytes, linear)
[    0.151020] pinctrl core: initialized pinctrl subsystem
[    0.151664] NET: Registered protocol family 16
[    0.156087] DMA: preallocated 512 KiB GFP_KERNEL pool for atomic allocations
[    0.162098] DMA: preallocated 512 KiB GFP_KERNEL|GFP_DMA pool for atomic allocations
[    0.169825] DMA: preallocated 512 KiB GFP_KERNEL|GFP_DMA32 pool for atomic allocations
[    0.177628] audit: initializing netlink subsys (disabled)
[    0.183080] audit: type=2000 audit(0.116:1): state=initialized audit_enabled=0 res=1
[    0.183425] hw-breakpoint: found 6 breakpoint and 4 watchpoint registers.
[    0.197454] ASID allocator initialised with 65536 entries
[    0.224363] HugeTLB registered 1.00 GiB page size, pre-allocated 0 pages
[    0.225421] HugeTLB registered 32.0 MiB page size, pre-allocated 0 pages
[    0.232091] HugeTLB registered 2.00 MiB page size, pre-allocated 0 pages
[    0.238755] HugeTLB registered 64.0 KiB page size, pre-allocated 0 pages
[    1.304363] DRBG: Continuing without Jitter RNG
[    1.382147] raid6: neonx8   gen()  2142 MB/s
[    1.450198] raid6: neonx8   xor()  1600 MB/s
[    1.518254] raid6: neonx4   gen()  2195 MB/s
[    1.586304] raid6: neonx4   xor()  1566 MB/s
[    1.654371] raid6: neonx2   gen()  2076 MB/s
[    1.722417] raid6: neonx2   xor()  1431 MB/s
[    1.790484] raid6: neonx1   gen()  1772 MB/s
[    1.858531] raid6: neonx1   xor()  1220 MB/s
[    1.926591] raid6: int64x8  gen()  1438 MB/s
[    1.994647] raid6: int64x8  xor()   771 MB/s
[    2.062711] raid6: int64x4  gen()  1598 MB/s
[    2.130774] raid6: int64x4  xor()   818 MB/s
[    2.198836] raid6: int64x2  gen()  1397 MB/s
[    2.266882] raid6: int64x2  xor()   750 MB/s
[    2.334972] raid6: int64x1  gen()  1033 MB/s
[    2.403021] raid6: int64x1  xor()   517 MB/s
[    2.403059] raid6: using algorithm neonx4 gen() 2195 MB/s
[    2.407013] raid6: .... xor() 1566 MB/s, rmw enabled
[    2.411944] raid6: using neon recovery algorithm
[    2.416958] iommu: Default domain type: Translated 
[    2.421571] SCSI subsystem initialized
[    2.425113] libata version 3.00 loaded.
[    2.425237] usbcore: registered new interface driver usbfs
[    2.430567] usbcore: registered new interface driver hub
[    2.435842] usbcore: registered new device driver usb
[    2.440975] mc: Linux media interface: v0.10
[    2.445092] videodev: Linux video capture interface: v2.00
[    2.450583] EDAC MC: Ver: 3.0.0
[    2.454015] zynqmp-ipi-mbox mailbox@ff990400: Registered ZynqMP IPI mbox with TX/RX channels.
[    2.462520] jesd204: created con: id=0, topo=0, link=0, /axi/spi@ff050000/hmc7044@0 <-> /fpga-axi@0/axi-adxcvr-tx@84b60000
[    2.473120] jesd204: created con: id=1, topo=0, link=2, /axi/spi@ff050000/hmc7044@0 <-> /fpga-axi@0/axi-adxcvr-rx@84a60000
[    2.484095] jesd204: created con: id=2, topo=0, link=0, /fpga-axi@0/axi-adxcvr-tx@84b60000 <-> /fpga-axi@0/axi-jesd204-tx@84b90000
[    2.495772] jesd204: created con: id=3, topo=0, link=2, /fpga-axi@0/axi-adxcvr-rx@84a60000 <-> /fpga-axi@0/axi-jesd204-rx@84a90000
[    2.507450] jesd204: created con: id=4, topo=0, link=0, /fpga-axi@0/axi-jesd204-tx@84b90000 <-> /fpga-axi@0/axi-ad9081-tx-hpc@84b10000
[    2.519473] jesd204: created con: id=5, topo=0, link=2, /fpga-axi@0/axi-jesd204-rx@84a90000 <-> /fpga-axi@0/axi-ad9081-rx-hpc@84a10000
[    2.531501] jesd204: created con: id=6, topo=0, link=2, /fpga-axi@0/axi-ad9081-rx-hpc@84a10000 <-> /axi/spi@ff040000/ad9081@0
[    2.542742] jesd204: created con: id=7, topo=0, link=0, /fpga-axi@0/axi-ad9081-tx-hpc@84b10000 <-> /axi/spi@ff040000/ad9081@0
[    2.553991] jesd204: /axi/spi@ff040000/ad9081@0: JESD204[2] transition uninitialized -> initialized
[    2.562978] jesd204: /axi/spi@ff040000/ad9081@0: JESD204[0] transition uninitialized -> initialized
[    2.571970] jesd204: found 8 devices and 1 topologies
[    2.577012] FPGA manager framework
[    2.580492] Advanced Linux Sound Architecture Driver Initialized.
[    2.586792] Bluetooth: Core ver 2.22
[    2.589971] NET: Registered protocol family 31
[    2.594374] Bluetooth: HCI device and connection manager initialized
[    2.600690] Bluetooth: HCI socket layer initialized
[    2.605533] Bluetooth: L2CAP socket layer initialized
[    2.610554] Bluetooth: SCO socket layer initialized
[    2.615741] clocksource: Switched to clocksource arch_sys_counter
[    2.621556] VFS: Disk quotas dquot_6.6.0
[    2.625382] VFS: Dquot-cache hash table entries: 512 (order 0, 4096 bytes)
[    2.636107] NET: Registered protocol family 2
[    2.636831] tcp_listen_portaddr_hash hash table entries: 2048 (order: 3, 32768 bytes, linear)
[    2.645018] TCP established hash table entries: 32768 (order: 6, 262144 bytes, linear)
[    2.653048] TCP bind hash table entries: 32768 (order: 7, 524288 bytes, linear)
[    2.660492] TCP: Hash tables configured (established 32768 bind 32768)
[    2.666669] UDP hash table entries: 2048 (order: 4, 65536 bytes, linear)
[    2.673335] UDP-Lite hash table entries: 2048 (order: 4, 65536 bytes, linear)
[    2.680500] NET: Registered protocol family 1
[    2.684942] RPC: Registered named UNIX socket transport module.
[    2.690572] RPC: Registered udp transport module.
[    2.695233] RPC: Registered tcp transport module.
[    2.699903] RPC: Registered tcp NFSv4.1 backchannel transport module.
[    2.706886] PCI: CLS 0 bytes, default 64
[    2.710604] hw perfevents: no interrupt-affinity property for /pmu, guessing.
[    2.717470] hw perfevents: enabled with armv8_pmuv3 PMU driver, 7 counters available
[    2.725804] Initialise system trusted keyrings
[    2.729484] workingset: timestamp_bits=62 max_order=20 bucket_order=0
[    2.736394] NFS: Registering the id_resolver key type
[    2.740828] Key type id_resolver registered
[    2.744970] Key type id_legacy registered
[    2.748964] nfs4filelayout_init: NFSv4 File Layout Driver Registering...
[    2.755626] jffs2: version 2.2. (NAND) (SUMMARY)  Â© 2001-2006 Red Hat, Inc.
[    2.798853] NET: Registered protocol family 38
[    2.798895] xor: measuring software checksum speed
[    2.806582]    8regs           :  2363 MB/sec
[    2.810251]    32regs          :  2799 MB/sec
[    2.815194]    arm64_neon      :  2380 MB/sec
[    2.815384] xor: using function: 32regs (2799 MB/sec)
[    2.820410] Key type asymmetric registered
[    2.824471] Asymmetric key parser 'x509' registered
[    2.829333] Block layer SCSI generic (bsg) driver version 0.4 loaded (major 248)
[    2.836669] io scheduler mq-deadline registered
[    2.841170] io scheduler kyber registered
[    2.870576] Serial: 8250/16550 driver, 4 ports, IRQ sharing disabled
[    2.875213] cacheinfo: Unable to detect cache hierarchy for CPU 0
[    2.881547] brd: module loaded
[    2.885723] loop: module loaded
[    2.886268] Registered mathworks_ip class
[    2.889594] libphy: Fixed MDIO Bus: probed
[    2.892565] tun: Universal TUN/TAP device driver, 1.6
[    2.896633] CAN device driver interface
[    2.901158] usbcore: registered new interface driver asix
[    2.905770] usbcore: registered new interface driver ax88179_178a
[    2.911802] usbcore: registered new interface driver cdc_ether
[    2.917593] usbcore: registered new interface driver net1080
[    2.923215] usbcore: registered new interface driver cdc_subset
[    2.929099] usbcore: registered new interface driver zaurus
[    2.934643] usbcore: registered new interface driver cdc_ncm
[    2.941071] ehci_hcd: USB 2.0 'Enhanced' Host Controller (EHCI) Driver
[    2.946726] ehci-pci: EHCI PCI platform driver
[    2.951527] usbcore: registered new interface driver uas
[    2.956440] usbcore: registered new interface driver usb-storage
[    2.962433] usbcore: registered new interface driver usbserial_generic
[    2.968879] usbserial: USB Serial support registered for generic
[    2.974855] usbcore: registered new interface driver ftdi_sio
[    2.980555] usbserial: USB Serial support registered for FTDI USB Serial Device
[    2.987828] usbcore: registered new interface driver upd78f0730
[    2.993703] usbserial: USB Serial support registered for upd78f0730
[    3.001354] rtc_zynqmp ffa60000.rtc: registered as rtc0
[    3.005128] rtc_zynqmp ffa60000.rtc: setting system clock to 2022-03-25T23:29:40 UTC (1648250980)
[    3.013992] i2c /dev entries driver
[    3.019297] usbcore: registered new interface driver uvcvideo
[    3.023103] USB Video Class driver (1.1.1)
[    3.028692] Bluetooth: HCI UART driver ver 2.3
[    3.031575] Bluetooth: HCI UART protocol H4 registered
[    3.036685] Bluetooth: HCI UART protocol BCSP registered
[    3.041974] Bluetooth: HCI UART protocol LL registered
[    3.047062] Bluetooth: HCI UART protocol ATH3K registered
[    3.052436] Bluetooth: HCI UART protocol Three-wire (H5) registered
[    3.058693] Bluetooth: HCI UART protocol Intel registered
[    3.064030] Bluetooth: HCI UART protocol QCA registered
[    3.069230] usbcore: registered new interface driver bcm203x
[    3.074851] usbcore: registered new interface driver bpa10x
[    3.080387] usbcore: registered new interface driver bfusb
[    3.085837] usbcore: registered new interface driver btusb
[    3.091299] usbcore: registered new interface driver ath3k
[    3.096781] EDAC MC: ECC not enabled
[    3.100410] EDAC DEVICE0: Giving out device to module zynqmp-ocm-edac controller zynqmp_ocm: DEV ff960000.memory-controller (INTERRUPT)
[    3.112724] sdhci: Secure Digital Host Controller Interface driver
[    3.118511] sdhci: Copyright(c) Pierre Ossman
[    3.122836] sdhci-pltfm: SDHCI platform and OF driver helper
[    3.128895] ledtrig-cpu: registered to indicate activity on CPUs
[    3.134440] SMCCC: SOC_ID: ARCH_SOC_ID not implemented, skipping ....
[    3.140866] zynqmp_firmware_probe Platform Management API v1.1
[    3.146627] zynqmp_firmware_probe Trustzone version v1.0
[    3.186180] zynqmp-pinctrl firmware:zynqmp-firmware:pinctrl: zynqmp pinctrl initialized
[    3.234061] zynqmp-aes firmware:zynqmp-firmware:zynqmp-aes: will run requests pump with realtime priority
[    3.249877] alg: No test for xilinx-keccak-384 (zynqmp-keccak-384)
[    3.250582] alg: No test for xilinx-zynqmp-rsa (zynqmp-rsa)
[    3.256102] usbcore: registered new interface driver usbhid
[    3.261490] usbhid: USB HID core driver
[    3.272712] axi_sysid 85000000.axi-sysid-0: AXI System ID core version (1.01.a) found
[    3.275062] axi_sysid 85000000.axi-sysid-0: [ad9081_fmca_ebz] on [zcu102] git branch <master> git <084d44c9780640ca93fd847b1d9ec70dd65f5c67> clean [2022-03-18 04:17:50] UTC
[    3.290738] fpga_manager fpga0: Xilinx ZynqMP FPGA Manager registered
[    3.297107] usbcore: registered new interface driver snd-usb-audio
[    3.304555] pktgen: Packet Generator for packet performance testing. Version: 2.75
[    3.310741] Initializing XFRM netlink socket
[    3.314599] NET: Registered protocol family 10
[    3.319311] Segment Routing with IPv6
[    3.322684] sit: IPv6, IPv4 and MPLS over IPv4 tunneling driver
[    3.328760] NET: Registered protocol family 17
[    3.332864] NET: Registered protocol family 15
[    3.337356] can: controller area network core
[    3.341616] NET: Registered protocol family 29
[    3.346002] can: raw protocol
[    3.348941] can: broadcast manager protocol
[    3.353094] can: netlink gateway - max_hops=1
[    3.357488] Bluetooth: RFCOMM TTY layer initialized
[    3.362270] Bluetooth: RFCOMM socket layer initialized
[    3.367376] Bluetooth: RFCOMM ver 1.11
[    3.371089] Bluetooth: BNEP (Ethernet Emulation) ver 1.3
[    3.376359] Bluetooth: BNEP filters: protocol multicast
[    3.381551] Bluetooth: BNEP socket layer initialized
[    3.386480] Bluetooth: HIDP (Human Interface Emulation) ver 1.2
[    3.392364] Bluetooth: HIDP socket layer initialized
[    3.397416] 9pnet: Installing 9P2000 support
[    3.401542] NET: Registered protocol family 36
[    3.405955] Key type dns_resolver registered
[    3.410395] registered taskstats version 1
[    3.414254] Loading compiled-in X.509 certificates
[    3.419366] Btrfs loaded, crc32c=crc32c-generic
[    3.431802] ff000000.serial: ttyPS0 at MMIO 0xff000000 (irq = 49, base_baud = 6249999) is a xuartps
[    3.440823] printk: console [ttyPS0] enabled
[    3.445118] printk: bootconsole [cdns0] disabled
[    3.454744] ff010000.serial: ttyPS1 at MMIO 0xff010000 (irq = 50, base_baud = 6249999) is a xuartps
[    3.467980] of-fpga-region fpga-full: FPGA Region probed
[    3.474909] nwl-pcie fd0e0000.pcie: host bridge /axi/pcie@fd0e0000 ranges:
[    3.481805] nwl-pcie fd0e0000.pcie:      MEM 0x00e0000000..0x00efffffff -> 0x00e0000000
[    3.489805] nwl-pcie fd0e0000.pcie:      MEM 0x0600000000..0x07ffffffff -> 0x0600000000
[    3.497866] nwl-pcie fd0e0000.pcie: Link is DOWN
[    3.502625] nwl-pcie fd0e0000.pcie: PCI host bridge to bus 0000:00
[    3.508803] pci_bus 0000:00: root bus resource [bus 00-ff]
[    3.514284] pci_bus 0000:00: root bus resource [mem 0xe0000000-0xefffffff]
[    3.521156] pci_bus 0000:00: root bus resource [mem 0x600000000-0x7ffffffff pref]
[    3.528658] pci 0000:00:00.0: [10ee:d021] type 01 class 0x060400
[    3.534713] pci 0000:00:00.0: PME# supported from D0 D1 D2 D3hot
[    3.545147] pci 0000:00:00.0: PCI bridge to [bus 01-0c]
[    3.551131] xilinx-zynqmp-dma fd500000.dma: ZynqMP DMA driver Probe success
[    3.558306] xilinx-zynqmp-dma fd510000.dma: ZynqMP DMA driver Probe success
[    3.565481] xilinx-zynqmp-dma fd520000.dma: ZynqMP DMA driver Probe success
[    3.572651] xilinx-zynqmp-dma fd530000.dma: ZynqMP DMA driver Probe success
[    3.579830] xilinx-zynqmp-dma fd540000.dma: ZynqMP DMA driver Probe success
[    3.587000] xilinx-zynqmp-dma fd550000.dma: ZynqMP DMA driver Probe success
[    3.594169] xilinx-zynqmp-dma fd560000.dma: ZynqMP DMA driver Probe success
[    3.601343] xilinx-zynqmp-dma fd570000.dma: ZynqMP DMA driver Probe success
[    3.608733] xilinx-zynqmp-dpdma fd4c0000.dma-controller: Xilinx DPDMA engine is probed
[    3.617286] ahci-ceva fd0c0000.ahci: supply ahci not found, using dummy regulator
[    3.624828] ahci-ceva fd0c0000.ahci: supply phy not found, using dummy regulator
[    3.715911] hmc7044 spi2.0: PLL1: Acquisition, CLKIN0 @ 122880000 Hz, PFD: 80 kHz - PLL2: Locked @ 2712.000000 MHz
[    3.726623] jesd204: /axi/spi@ff050000/hmc7044@0,jesd204:1,parent=spi2.0: Using as SYSREF provider
[    3.736196] spi-nor spi0.0: SPI-NOR-UniqueID 100000235394732200270025081115266e
[    3.743501] spi-nor spi0.0: found n25q512a, expected m25p80
[    3.749683] spi-nor spi0.0: trying to lock already unlocked area
[    3.755685] spi-nor spi0.0: n25q512a (131072 Kbytes)
[    3.760663] 4 fixed-partitions partitions found on MTD device spi0.0
[    3.767008] Creating 4 MTD partitions on "spi0.0":
[    3.771795] 0x000000000000-0x000000100000 : "qspi-fsbl-uboot"
[    3.778305] 0x000000100000-0x000000600000 : "qspi-linux"
[    3.784285] 0x000000600000-0x000000620000 : "qspi-device-tree"
[    3.790774] 0x000000620000-0x000000c00000 : "qspi-rootfs"
[    3.799251] macb ff0e0000.ethernet: Not enabling partial store and forward
[    3.806770] libphy: MACB_mii_bus: probed
[    3.811817] macb ff0e0000.ethernet eth0: Cadence GEM rev 0x50070106 at 0xff0e0000 irq 30 (00:0a:35:04:8e:1b)
[    3.822003] xilinx-axipmon ffa00000.perf-monitor: Probed Xilinx APM
[    3.828569] xilinx-axipmon fd0b0000.perf-monitor: Probed Xilinx APM
[    3.835089] xilinx-axipmon fd490000.perf-monitor: Probed Xilinx APM
[    3.841612] xilinx-axipmon ffa10000.perf-monitor: Probed Xilinx APM
[    3.851610] pca953x 0-0020: supply vcc not found, using dummy regulator
[    3.858296] pca953x 0-0020: using no AI
[    3.862767] gpio-496 (sel0): hogged as output/low
[    3.867666] gpio-497 (sel1): hogged as output/high
[    3.872661] gpio-498 (sel2): hogged as output/high
[    3.877648] gpio-499 (sel3): hogged as output/high
[    3.882829] pca953x 0-0021: supply vcc not found, using dummy regulator
[    3.889498] pca953x 0-0021: using no AI
[    3.895273] ina2xx 2-0040: power monitor ina226 (Rshunt = 5000 uOhm)
[    3.902299] ina2xx 2-0041: power monitor ina226 (Rshunt = 5000 uOhm)
[    3.909327] ina2xx 2-0042: power monitor ina226 (Rshunt = 5000 uOhm)
[    3.916361] ina2xx 2-0043: power monitor ina226 (Rshunt = 5000 uOhm)
[    3.923392] ina2xx 2-0044: power monitor ina226 (Rshunt = 5000 uOhm)
[    3.930417] ina2xx 2-0045: power monitor ina226 (Rshunt = 5000 uOhm)
[    3.937442] ina2xx 2-0046: power monitor ina226 (Rshunt = 5000 uOhm)
[    3.944517] ina2xx 2-0047: power monitor ina226 (Rshunt = 5000 uOhm)
[    3.951544] ina2xx 2-004a: power monitor ina226 (Rshunt = 5000 uOhm)
[    3.958573] ina2xx 2-004b: power monitor ina226 (Rshunt = 5000 uOhm)
[    3.964983] i2c i2c-0: Added multiplexed i2c bus 2
[    3.970363] random: fast init done
[    3.973832] ina2xx 3-0040: power monitor ina226 (Rshunt = 2000 uOhm)
[    3.980861] ina2xx 3-0041: power monitor ina226 (Rshunt = 5000 uOhm)
[    3.987895] ina2xx 3-0042: power monitor ina226 (Rshunt = 5000 uOhm)
[    3.994921] ina2xx 3-0043: power monitor ina226 (Rshunt = 5000 uOhm)
[    4.001955] ina2xx 3-0044: power monitor ina226 (Rshunt = 5000 uOhm)
[    4.008989] ina2xx 3-0045: power monitor ina226 (Rshunt = 5000 uOhm)
[    4.016017] ina2xx 3-0046: power monitor ina226 (Rshunt = 5000 uOhm)
[    4.023050] ina2xx 3-0047: power monitor ina226 (Rshunt = 5000 uOhm)
[    4.029451] i2c i2c-0: Added multiplexed i2c bus 3
[    4.085356] i2c i2c-0: Added multiplexed i2c bus 4
[    4.090303] i2c i2c-0: Added multiplexed i2c bus 5
[    4.095093] pca954x 0-0075: registered 4 multiplexed busses for I2C mux pca9544
[    4.102443] cdns-i2c ff020000.i2c: 400 kHz mmio ff020000 irq 32
[    4.110175] at24 6-0054: supply vcc not found, using dummy regulator
[    4.117064] at24 6-0054: 1024 byte 24c08 EEPROM, writable, 1 bytes/write
[    4.123814] i2c i2c-1: Added multiplexed i2c bus 6
[    4.130244] si5341 7-0036: Chip: 5341 Grade: 1 Rev: 1
[    4.167937] i2c i2c-1: Added multiplexed i2c bus 7
[    4.175590] si570 8-005d: registered, current frequency 300000000 Hz
[    4.181994] i2c i2c-1: Added multiplexed i2c bus 8
[    4.201776] si570 9-005d: registered, current frequency 148500000 Hz
[    4.208182] i2c i2c-1: Added multiplexed i2c bus 9
[    4.213229] si5324 10-0069: si5328 probed
[    4.280107] si5324 10-0069: si5328 probe successful
[    4.285037] i2c i2c-1: Added multiplexed i2c bus 10
[    4.290063] i2c i2c-1: Added multiplexed i2c bus 11
[    4.295102] i2c i2c-1: Added multiplexed i2c bus 12
[    4.300119] i2c i2c-1: Added multiplexed i2c bus 13
[    4.304992] pca954x 1-0074: registered 8 multiplexed busses for I2C switch pca9548
[    4.313113] at24 14-0050: supply vcc not found, using dummy regulator
[    4.319897] at24 14-0050: 256 byte 24c02 EEPROM, writable, 1 bytes/write
[    4.326645] i2c i2c-1: Added multiplexed i2c bus 14
[    4.331680] i2c i2c-1: Added multiplexed i2c bus 15
[    4.336714] i2c i2c-1: Added multiplexed i2c bus 16
[    4.341743] i2c i2c-1: Added multiplexed i2c bus 17
[    4.346779] i2c i2c-1: Added multiplexed i2c bus 18
[    4.351828] i2c i2c-1: Added multiplexed i2c bus 19
[    4.356865] i2c i2c-1: Added multiplexed i2c bus 20
[    4.361901] i2c i2c-1: Added multiplexed i2c bus 21
[    4.366776] pca954x 1-0075: registered 8 multiplexed busses for I2C switch pca9548
[    4.374385] cdns-i2c ff030000.i2c: 400 kHz mmio ff030000 irq 33
[    4.384128] cdns-wdt fd4d0000.watchdog: Xilinx Watchdog Timer with timeout 60s
[    4.397076] axi_adxcvr 84a60000.axi-adxcvr-rx: AXI-ADXCVR-RX (17.05.a) using CPLL on GTH4 at 0x84A60000. Number of lanes: 4.
[    4.409187] axi_adxcvr 84b60000.axi-adxcvr-tx: AXI-ADXCVR-TX (17.05.a) using QPLL on GTH4 at 0x84B60000. Number of lanes: 4.
[    4.420823] axi-jesd204-rx 84a90000.axi-jesd204-rx: AXI-JESD204-RX (1.07.a) at 0x84A90000. Encoder 8b10b, width 4/4, lanes 4, jesd204-fsm.
[    4.427215] mmc0: SDHCI controller on ff170000.mmc [ff170000.mmc] using ADMA 64-bit
[    4.433654] axi-jesd204-tx 84b90000.axi-jesd204-tx: AXI-JESD204-TX (1.06.a) at 0x84B90000. Encoder 8b10b, width 4/4, lanes 4, jesd204-fsm.
[    4.454394] zynqmp-display fd4a0000.display: vtc bridge property not present
[    4.464041] xilinx-dp-snd-codec fd4a0000.display:zynqmp_dp_snd_codec0: Failed to get required clock freq
[    4.473540] xilinx-dp-snd-codec: probe of fd4a0000.display:zynqmp_dp_snd_codec0 failed with error -22
[    4.476025] mmc0: new high speed SDHC card at address 0001
[    4.483089] xilinx-dp-snd-pcm zynqmp_dp_snd_pcm0: Xilinx DisplayPort Sound PCM probed
[    4.488601] mmcblk0: mmc0:0001 EB1QT 29.8 GiB 
[    4.496393] xilinx-dp-snd-pcm zynqmp_dp_snd_pcm1: Xilinx DisplayPort Sound PCM probed
[    4.505830]  mmcblk0: p1 p2 p3
[    4.508701] OF: graph: no port node found in /axi/display@fd4a0000
[    4.517758] xlnx-drm xlnx-drm.0: bound fd4a0000.display (ops 0xffffffc010fcbdb8)
[    5.603756] zynqmp-display fd4a0000.display: [drm] Cannot find any crtc or sizes
[    5.611379] [drm] Initialized xlnx 1.0.0 20130509 for fd4a0000.display on minor 0
[    5.618869] zynqmp-display fd4a0000.display: ZynqMP DisplayPort Subsystem driver probed
[    5.627187] ahci-ceva fd0c0000.ahci: supply ahci not found, using dummy regulator
[    5.634728] ahci-ceva fd0c0000.ahci: supply phy not found, using dummy regulator
[    5.642181] ahci-ceva fd0c0000.ahci: supply target not found, using dummy regulator
[    5.650014] ahci-ceva fd0c0000.ahci: AHCI 0001.0301 32 slots 2 ports 6 Gbps 0x3 impl platform mode
[    5.658966] ahci-ceva fd0c0000.ahci: flags: 64bit ncq sntf pm clo only pmp fbs pio slum part ccc sds apst 
[    5.669670] scsi host0: ahci-ceva
[    5.673261] scsi host1: ahci-ceva
[    5.676683] ata1: SATA max UDMA/133 mmio [mem 0xfd0c0000-0xfd0c1fff] port 0x100 irq 45
[    5.684597] ata2: SATA max UDMA/133 mmio [mem 0xfd0c0000-0xfd0c1fff] port 0x180 irq 45
[    5.693207] ad9081 spi1.0: supply vdd not found, using dummy regulator
[    6.005992] ata1: SATA link down (SStatus 0 SControl 330)
[    6.011407] ata2: SATA link down (SStatus 0 SControl 330)
[    6.687758] zynqmp-display fd4a0000.display: [drm] Cannot find any crtc or sizes
[    6.877404] ad9081 spi1.0: Invalid param passed., "ref_clk_hz < 100000000ULL" in adi_ad9081_device_clk_config_set(...), line554 in drivers/iio/adc/ad9081/adi_ad9081_device.c
[    7.551552] ad9081 spi1.0: AD9081 Rev. 2 Grade 10 (API 1.2.2) probed
[    7.558730] xhci-hcd xhci-hcd.1.auto: xHCI Host Controller
[    7.564221] xhci-hcd xhci-hcd.1.auto: new USB bus registered, assigned bus number 1
[    7.571966] xhci-hcd xhci-hcd.1.auto: hcc params 0x0238f625 hci version 0x100 quirks 0x0000000002010810
[    7.581380] xhci-hcd xhci-hcd.1.auto: irq 59, io mem 0xfe200000
[    7.587488] usb usb1: New USB device found, idVendor=1d6b, idProduct=0002, bcdDevice= 5.10
[    7.595753] usb usb1: New USB device strings: Mfr=3, Product=2, SerialNumber=1
[    7.602970] usb usb1: Product: xHCI Host Controller
[    7.607840] usb usb1: Manufacturer: Linux 5.10.0-98103-g2aa7ac113716 xhci-hcd
[    7.614966] usb usb1: SerialNumber: xhci-hcd.1.auto
[    7.620125] hub 1-0:1.0: USB hub found
[    7.623891] hub 1-0:1.0: 1 port detected
[    7.627992] xhci-hcd xhci-hcd.1.auto: xHCI Host Controller
[    7.633477] xhci-hcd xhci-hcd.1.auto: new USB bus registered, assigned bus number 2
[    7.641131] xhci-hcd xhci-hcd.1.auto: Host supports USB 3.0 SuperSpeed
[    7.647767] usb usb2: New USB device found, idVendor=1d6b, idProduct=0003, bcdDevice= 5.10
[    7.656025] usb usb2: New USB device strings: Mfr=3, Product=2, SerialNumber=1
[    7.663236] usb usb2: Product: xHCI Host Controller
[    7.668105] usb usb2: Manufacturer: Linux 5.10.0-98103-g2aa7ac113716 xhci-hcd
[    7.675230] usb usb2: SerialNumber: xhci-hcd.1.auto
[    7.680343] hub 2-0:1.0: USB hub found
[    7.684103] hub 2-0:1.0: 1 port detected
[    7.714136] cf_axi_adc 84a10000.axi-ad9081-rx-hpc: ADI AIM (10.01.b) at 0x84A10000 mapped to 0x(____ptrval____), probed ADC AD9081 as MASTER
[    7.744583] cf_axi_dds 84b10000.axi-ad9081-tx-hpc: Analog Devices CF_AXI_DDS_DDS MASTER (9.01.b) at 0x84B10000 mapped to 0x(____ptrval____), probed DDS AD9081
[    7.758785] jesd204: /axi/spi@ff040000/ad9081@0,jesd204:0,parent=spi1.0: JESD204[2] transition initialized -> probed
[    7.769305] jesd204: /axi/spi@ff040000/ad9081@0,jesd204:0,parent=spi1.0: JESD204[0] transition initialized -> probed
[    7.779826] jesd204: /axi/spi@ff040000/ad9081@0,jesd204:0,parent=spi1.0: JESD204[2] transition probed -> idle
[    7.789735] jesd204: /axi/spi@ff040000/ad9081@0,jesd204:0,parent=spi1.0: JESD204[0] transition probed -> idle
[    7.799653] jesd204: /axi/spi@ff040000/ad9081@0,jesd204:0,parent=spi1.0: JESD204[2] transition idle -> device_init
[    7.809994] jesd204: /axi/spi@ff040000/ad9081@0,jesd204:0,parent=spi1.0: JESD204[0] transition idle -> device_init
[    7.820346] jesd204: /axi/spi@ff040000/ad9081@0,jesd204:0,parent=spi1.0: JESD204[2] transition device_init -> link_init
[    7.831120] jesd204: /axi/spi@ff040000/ad9081@0,jesd204:0,parent=spi1.0: JESD204[0] transition device_init -> link_init
[    7.841912] jesd204: /axi/spi@ff040000/ad9081@0,jesd204:0,parent=spi1.0: JESD204[2] transition link_init -> link_supported
[    7.852951] jesd204: /axi/spi@ff040000/ad9081@0,jesd204:0,parent=spi1.0: JESD204[0] transition link_init -> link_supported
[    7.864364] hmc7044 spi2.0: hmc7044_jesd204_link_pre_setup: Link2 forcing continuous SYSREF mode
[    7.873518] axi-jesd204-tx 84b90000.axi-jesd204-tx: axi_jesd204_tx_jesd204_link_pre_setup: Link0 set lane rate 4520000 kHz failed (-22)
[    7.885685] jesd204: /fpga-axi@0/axi-jesd204-tx@84b90000,jesd204:5,parent=84b90000.axi-jesd204-tx: JESD204[0] In link_pre_setup got error from cb: -22
[    7.899156] jesd204: /axi/spi@ff040000/ad9081@0,jesd204:0,parent=spi1.0: Rolling back from 'link_supported', got error -22
[    7.910199] jesd204: /axi/spi@ff040000/ad9081@0,jesd204:0,parent=spi1.0: JESD204[0] transition link_supported -> link_pre_setup
[    7.921670] jesd204: /axi/spi@ff040000/ad9081@0,jesd204:0,parent=spi1.0: JESD204[2] transition link_supported -> link_pre_setup
[    7.933148] jesd204: /axi/spi@ff040000/ad9081@0,jesd204:0,parent=spi1.0: JESD204[0] transition link_pre_setup -> link_supported
[    7.944620] jesd204: /axi/spi@ff040000/ad9081@0,jesd204:0,parent=spi1.0: JESD204[2] transition link_pre_setup -> link_supported
[    7.956098] jesd204: /axi/spi@ff040000/ad9081@0,jesd204:0,parent=spi1.0: JESD204[0] transition link_supported -> link_init
[    7.967136] jesd204: /axi/spi@ff040000/ad9081@0,jesd204:0,parent=spi1.0: JESD204[2] transition link_supported -> link_init
[    7.978182] jesd204: /axi/spi@ff040000/ad9081@0,jesd204:0,parent=spi1.0: JESD204[0] transition link_init -> device_init
[    7.988961] jesd204: /axi/spi@ff040000/ad9081@0,jesd204:0,parent=spi1.0: JESD204[2] transition link_init -> device_init
[    7.999747] jesd204: /axi/spi@ff040000/ad9081@0,jesd204:0,parent=spi1.0: JESD204[0] transition device_init -> idle
[    8.010094] jesd204: /axi/spi@ff040000/ad9081@0,jesd204:0,parent=spi1.0: JESD204[2] transition device_init -> idle
[    8.020444] jesd204: /axi/spi@ff040000/ad9081@0,jesd204:0,parent=spi1.0: JESD204[2] transition idle -> idle
[    8.030179] jesd204: /axi/spi@ff040000/ad9081@0,jesd204:0,parent=spi1.0: JESD204[0] transition idle -> idle
[    8.039921] jesd204: /axi/spi@ff040000/ad9081@0,jesd204:0,parent=spi1.0: JESD204[2] transition idle -> device_init
[    8.050264] jesd204: /axi/spi@ff040000/ad9081@0,jesd204:0,parent=spi1.0: JESD204[0] transition idle -> device_init
[    8.060619] jesd204: /axi/spi@ff040000/ad9081@0,jesd204:0,parent=spi1.0: JESD204[2] transition device_init -> link_init
[    8.071401] jesd204: /axi/spi@ff040000/ad9081@0,jesd204:0,parent=spi1.0: JESD204[0] transition device_init -> link_init
[    8.082189] jesd204: /axi/spi@ff040000/ad9081@0,jesd204:0,parent=spi1.0: JESD204[2] transition link_init -> link_supported
[    8.093229] jesd204: /axi/spi@ff040000/ad9081@0,jesd204:0,parent=spi1.0: JESD204[0] transition link_init -> link_supported
[    8.104593] axi-jesd204-tx 84b90000.axi-jesd204-tx: axi_jesd204_tx_jesd204_link_pre_setup: Link0 set lane rate 4520000 kHz failed (-22)
[    8.116767] jesd204: /fpga-axi@0/axi-jesd204-tx@84b90000,jesd204:5,parent=84b90000.axi-jesd204-tx: JESD204[0] In link_pre_setup got error from cb: -22
[    8.130234] jesd204: /axi/spi@ff040000/ad9081@0,jesd204:0,parent=spi1.0: Rolling back from 'link_supported', got error -22
[    8.141280] jesd204: /axi/spi@ff040000/ad9081@0,jesd204:0,parent=spi1.0: JESD204[0] transition link_supported -> link_pre_setup
[    8.152749] jesd204: /axi/spi@ff040000/ad9081@0,jesd204:0,parent=spi1.0: JESD204[2] transition link_supported -> link_pre_setup
[    8.164227] jesd204: /axi/spi@ff040000/ad9081@0,jesd204:0,parent=spi1.0: JESD204[0] transition link_pre_setup -> link_supported
[    8.175698] jesd204: /axi/spi@ff040000/ad9081@0,jesd204:0,parent=spi1.0: JESD204[2] transition link_pre_setup -> link_supported
[    8.187177] jesd204: /axi/spi@ff040000/ad9081@0,jesd204:0,parent=spi1.0: JESD204[0] transition link_supported -> link_init
[    8.198213] jesd204: /axi/spi@ff040000/ad9081@0,jesd204:0,parent=spi1.0: JESD204[2] transition link_supported -> link_init
[    8.209262] jesd204: /axi/spi@ff040000/ad9081@0,jesd204:0,parent=spi1.0: JESD204[0] transition link_init -> device_init
[    8.220037] jesd204: /axi/spi@ff040000/ad9081@0,jesd204:0,parent=spi1.0: JESD204[2] transition link_init -> device_init
[    8.230819] jesd204: /axi/spi@ff040000/ad9081@0,jesd204:0,parent=spi1.0: JESD204[0] transition device_init -> idle
[    8.241167] jesd204: /axi/spi@ff040000/ad9081@0,jesd204:0,parent=spi1.0: JESD204[2] transition device_init -> idle
[    8.251515] jesd204: /axi/spi@ff040000/ad9081@0,jesd204:0,parent=spi1.0: JESD204[2] transition idle -> idle
[    8.261249] jesd204: /axi/spi@ff040000/ad9081@0,jesd204:0,parent=spi1.0: JESD204[0] transition idle -> idle
[    8.270991] jesd204: /axi/spi@ff040000/ad9081@0,jesd204:0,parent=spi1.0: JESD204[2] transition idle -> device_init
[    8.281334] jesd204: /axi/spi@ff040000/ad9081@0,jesd204:0,parent=spi1.0: JESD204[0] transition idle -> device_init
[    8.291684] jesd204: /axi/spi@ff040000/ad9081@0,jesd204:0,parent=spi1.0: JESD204[2] transition device_init -> link_init
[    8.302461] jesd204: /axi/spi@ff040000/ad9081@0,jesd204:0,parent=spi1.0: JESD204[0] transition device_init -> link_init
[    8.313250] jesd204: /axi/spi@ff040000/ad9081@0,jesd204:0,parent=spi1.0: JESD204[2] transition link_init -> link_supported
[    8.324293] jesd204: /axi/spi@ff040000/ad9081@0,jesd204:0,parent=spi1.0: JESD204[0] transition link_init -> link_supported
[    8.335628] axi-jesd204-tx 84b90000.axi-jesd204-tx: axi_jesd204_tx_jesd204_link_pre_setup: Link0 set lane rate 4520000 kHz failed (-22)
[    8.347800] jesd204: /fpga-axi@0/axi-jesd204-tx@84b90000,jesd204:5,parent=84b90000.axi-jesd204-tx: JESD204[0] In link_pre_setup got error from cb: -22
[    8.361272] jesd204: /axi/spi@ff040000/ad9081@0,jesd204:0,parent=spi1.0: Rolling back from 'link_supported', got error -22
[    8.372316] jesd204: /axi/spi@ff040000/ad9081@0,jesd204:0,parent=spi1.0: JESD204[0] transition link_supported -> link_pre_setup
[    8.383785] jesd204: /axi/spi@ff040000/ad9081@0,jesd204:0,parent=spi1.0: JESD204[2] transition link_supported -> link_pre_setup
[    8.395262] jesd204: /axi/spi@ff040000/ad9081@0,jesd204:0,parent=spi1.0: JESD204[0] transition link_pre_setup -> link_supported
[    8.406733] jesd204: /axi/spi@ff040000/ad9081@0,jesd204:0,parent=spi1.0: JESD204[2] transition link_pre_setup -> link_supported
[    8.418212] jesd204: /axi/spi@ff040000/ad9081@0,jesd204:0,parent=spi1.0: JESD204[0] transition link_supported -> link_init
[    8.429250] jesd204: /axi/spi@ff040000/ad9081@0,jesd204:0,parent=spi1.0: JESD204[2] transition link_supported -> link_init
[    8.440298] jesd204: /axi/spi@ff040000/ad9081@0,jesd204:0,parent=spi1.0: JESD204[0] transition link_init -> device_init
[    8.451073] jesd204: /axi/spi@ff040000/ad9081@0,jesd204:0,parent=spi1.0: JESD204[2] transition link_init -> device_init
[    8.461855] jesd204: /axi/spi@ff040000/ad9081@0,jesd204:0,parent=spi1.0: JESD204[0] transition device_init -> idle
[    8.472199] jesd204: /axi/spi@ff040000/ad9081@0,jesd204:0,parent=spi1.0: JESD204[2] transition device_init -> idle
[    8.482549] jesd204: /axi/spi@ff040000/ad9081@0,jesd204:0,parent=spi1.0: JESD204[2] transition idle -> idle
[    8.492284] jesd204: /axi/spi@ff040000/ad9081@0,jesd204:0,parent=spi1.0: JESD204[0] transition idle -> idle
[    8.502030] jesd204: /axi/spi@ff040000/ad9081@0,jesd204:0,parent=spi1.0: JESD204[2] transition idle -> device_init
[    8.512369] jesd204: /axi/spi@ff040000/ad9081@0,jesd204:0,parent=spi1.0: JESD204[0] transition idle -> device_init
[    8.522720] jesd204: /axi/spi@ff040000/ad9081@0,jesd204:0,parent=spi1.0: JESD204[2] transition device_init -> link_init
[    8.533497] jesd204: /axi/spi@ff040000/ad9081@0,jesd204:0,parent=spi1.0: JESD204[0] transition device_init -> link_init
[    8.544285] jesd204: /axi/spi@ff040000/ad9081@0,jesd204:0,parent=spi1.0: JESD204[2] transition link_init -> link_supported
[    8.555329] jesd204: /axi/spi@ff040000/ad9081@0,jesd204:0,parent=spi1.0: JESD204[0] transition link_init -> link_supported
[    8.566663] axi-jesd204-tx 84b90000.axi-jesd204-tx: axi_jesd204_tx_jesd204_link_pre_setup: Link0 set lane rate 4520000 kHz failed (-22)
[    8.578835] jesd204: /fpga-axi@0/axi-jesd204-tx@84b90000,jesd204:5,parent=84b90000.axi-jesd204-tx: JESD204[0] In link_pre_setup got error from cb: -22
[    8.592305] jesd204: /axi/spi@ff040000/ad9081@0,jesd204:0,parent=spi1.0: Rolling back from 'link_supported', got error -22
[    8.603347] jesd204: /axi/spi@ff040000/ad9081@0,jesd204:0,parent=spi1.0: JESD204[0] transition link_supported -> link_pre_setup
[    8.614819] jesd204: /axi/spi@ff040000/ad9081@0,jesd204:0,parent=spi1.0: JESD204[2] transition link_supported -> link_pre_setup
[    8.626302] jesd204: /axi/spi@ff040000/ad9081@0,jesd204:0,parent=spi1.0: JESD204[0] transition link_pre_setup -> link_supported
[    8.637779] jesd204: /axi/spi@ff040000/ad9081@0,jesd204:0,parent=spi1.0: JESD204[2] transition link_pre_setup -> link_supported
[    8.649256] jesd204: /axi/spi@ff040000/ad9081@0,jesd204:0,parent=spi1.0: JESD204[0] transition link_supported -> link_init
[    8.660294] jesd204: /axi/spi@ff040000/ad9081@0,jesd204:0,parent=spi1.0: JESD204[2] transition link_supported -> link_init
[    8.671341] jesd204: /axi/spi@ff040000/ad9081@0,jesd204:0,parent=spi1.0: JESD204[0] transition link_init -> device_init
[    8.682116] jesd204: /axi/spi@ff040000/ad9081@0,jesd204:0,parent=spi1.0: JESD204[2] transition link_init -> device_init
[    8.692899] jesd204: /axi/spi@ff040000/ad9081@0,jesd204:0,parent=spi1.0: JESD204[0] transition device_init -> idle
[    8.703243] jesd204: /axi/spi@ff040000/ad9081@0,jesd204:0,parent=spi1.0: JESD204[2] transition device_init -> idle
[    8.713589] jesd204: /axi/spi@ff040000/ad9081@0,jesd204:0,parent=spi1.0: FSM completed with error -22
[    8.732048] input: gpio-keys as /devices/platform/gpio-keys/input/input0
[    8.739065] of_cfs_init
[    8.741532] of_cfs_init: OK
[    8.744471] cfg80211: Loading compiled-in X.509 certificates for regulatory database
[    8.882515] cfg80211: Loaded X.509 cert 'sforshee: 00b28ddf47aef9cea7'
[    8.889043] clk: Not disabling unused clocks
[    8.893568] ALSA device list:
[    8.896532]   No soundcards found.
[    8.900196] platform regulatory.0: Direct firmware load for regulatory.db failed with error -2
[    8.908805] cfg80211: failed to load regulatory.db
[    8.923370] EXT4-fs (mmcblk0p2): mounted filesystem with ordered data mode. Opts: (null)
[    8.931490] VFS: Mounted root (ext4 filesystem) on device 179:2.
[    8.944942] devtmpfs: mounted
[    8.948759] Freeing unused kernel memory: 2560K
[    8.967790] Run /sbin/init as init process
[    8.971888]   with arguments:
[    8.971890]     /sbin/init
[    8.971893]   with environment:
[    8.971895]     HOME=/
[    8.971897]     TERM=linux
[    9.536304] systemd[1]: systemd 241 running in system mode. (+PAM +AUDIT +SELINUX +IMA +APPARMOR +SMACK +SYSVINIT +UTMP +LIBCRYPTSETUP +GCRYPT +GNUTLS +ACL +XZ +LZ4 +SECCOMP +BLKID +ELFUTILS +KMOD -IDN2 +IDN -PCRE2 default-hierarchy=hybrid)
[    9.558166] systemd[1]: Detected architecture arm64.
[    9.580448] systemd[1]: Set hostname to <analog>.
[    9.764748] systemd[1]: File /lib/systemd/system/systemd-journald.service:12 configures an IP firewall (IPAddressDeny=any), but the local system does not support BPF/cgroup based firewalling.
[    9.781820] systemd[1]: Proceeding WITHOUT firewalling in effect! (This warning is only shown for the first loaded unit using IP firewalling.)
[    9.944917] systemd[1]: /etc/systemd/system/tof-server.service:1: Assignment outside of section. Ignoring.
[    9.954644] systemd[1]: /etc/systemd/system/tof-server.service:2: Assignment outside of section. Ignoring.
[   10.137348] random: systemd: uninitialized urandom read (16 bytes read)
[   10.152082] random: systemd: uninitialized urandom read (16 bytes read)
[   10.159002] systemd[1]: Started Forward Password Requests to Wall Directory Watch.
[   10.184106] random: systemd: uninitialized urandom read (16 bytes read)
[   10.190984] systemd[1]: Listening on Journal Audit Socket.
[   10.212091] systemd[1]: Listening on Journal Socket (/dev/log).
[   11.103568] EXT4-fs (mmcblk0p2): re-mounted. Opts: (null)
[   11.308529] systemd-journald[165]: Received request to flush runtime journal from PID 1
[   16.746780] random: crng init done
[   16.746789] random: 7 urandom warning(s) missed due to ratelimiting
[   17.126198] macb ff0e0000.ethernet eth0: PHY [ff0e0000.ethernet-ffffffff:0c] driver [TI DP83867] (irq=POLL)
[   17.126210] macb ff0e0000.ethernet eth0: configuring for phy/rgmii-id link mode
[   17.471786] Adding 94204k swap on /var/swap.  Priority:-2 extents:1 across:94204k SS
[   20.061171] broken atomic modeset userspace detected, disabling atomic
[   21.213371] macb ff0e0000.ethernet eth0: Link is Up - 1Gbps/Full - flow control off
[   21.213396] IPv6: ADDRCONF(NETDEV_CHANGE): eth0: link becomes ready
[   22.723052] broken atomic modeset userspace detected, disabling atomic
[   25.587137] broken atomic modeset userspace detected, disabling atomic
[   28.225807] broken atomic modeset userspace detected, disabling atomic