[    0.000000] Booting Linux on physical CPU 0x0000000000 [0x410fd034]
[    0.000000] Linux version 5.10.0-98103-g2aa7ac113716 (jenkins@romlxbuild1.adlk.analog.com) (aarch64-xilinx-linux-gcc.real (GCC) 10.2.0, GNU ld (GNU Binutils) 2.35.0.20200730) #5577 SMP Wed Mar 23 07:28:49 GMT 2022
[    0.000000] Machine model: ZynqMP ZCU102 Rev1.0
[    0.000000] earlycon: cdns0 at MMIO 0x00000000ff000000 (options '115200n8')
[    0.000000] printk: bootconsole [cdns0] enabled
[    0.000000] efi: UEFI not found.
[    0.000000] cma: Reserved 256 MiB at 0x0000000070000000
[    0.000000] Zone ranges:
[    0.000000]   DMA      [mem 0x0000000000000000-0x000000003fffffff]
[    0.000000]   DMA32    [mem 0x0000000040000000-0x00000000ffffffff]
[    0.000000]   Normal   [mem 0x0000000100000000-0x000000087fffffff]
[    0.000000] Movable zone start for each node
[    0.000000] Early memory node ranges
[    0.000000]   node   0: [mem 0x0000000000000000-0x000000007fffffff]
[    0.000000]   node   0: [mem 0x0000000800000000-0x000000087fffffff]
[    0.000000] Initmem setup node 0 [mem 0x0000000000000000-0x000000087fffffff]
[    0.000000] On node 0 totalpages: 1048576
[    0.000000]   DMA zone: 3584 pages used for memmap
[    0.000000]   DMA zone: 0 pages reserved
[    0.000000]   DMA zone: 262144 pages, LIFO batch:63
[    0.000000]   DMA32 zone: 3584 pages used for memmap
[    0.000000]   DMA32 zone: 262144 pages, LIFO batch:63
[    0.000000]   Normal zone: 7168 pages used for memmap
[    0.000000]   Normal zone: 524288 pages, LIFO batch:63
[    0.000000] psci: probing for conduit method from DT.
[    0.000000] psci: PSCIv1.1 detected in firmware.
[    0.000000] psci: Using standard PSCI v0.2 function IDs
[    0.000000] psci: MIGRATE_INFO_TYPE not supported.
[    0.000000] psci: SMC Calling Convention v1.2
[    0.000000] percpu: Embedded 22 pages/cpu s49496 r8192 d32424 u90112
[    0.000000] pcpu-alloc: s49496 r8192 d32424 u90112 alloc=22*4096
[    0.000000] pcpu-alloc: [0] 0 [0] 1 [0] 2 [0] 3 
[    0.000000] Detected VIPT I-cache on CPU0
[    0.000000] CPU features: detected: ARM erratum 845719
[    0.000000] Built 1 zonelists, mobility grouping on.  Total pages: 1034240
[    0.000000] Kernel command line: console=ttyPS0,115200 root=/dev/mmcblk0p2 rw earlycon rootfstype=ext4 rootwait clk_ignore_unused cpuidle.off=1 root=/dev/mmcblk0p2 rw rootwait
[    0.000000] Dentry cache hash table entries: 524288 (order: 10, 4194304 bytes, linear)
[    0.000000] Inode-cache hash table entries: 262144 (order: 9, 2097152 bytes, linear)
[    0.000000] mem auto-init: stack:off, heap alloc:off, heap free:off
[    0.000000] software IO TLB: mapped [mem 0x000000003bfff000-0x000000003ffff000] (64MB)
[    0.000000] Memory: 3761904K/4194304K available (15296K kernel code, 1636K rwdata, 11876K rodata, 2560K init, 507K bss, 170256K reserved, 262144K cma-reserved)
[    0.000000] rcu: Hierarchical RCU implementation.
[    0.000000] rcu: 	RCU event tracing is enabled.
[    0.000000] rcu: 	RCU restricting CPUs from NR_CPUS=8 to nr_cpu_ids=4.
[    0.000000] rcu: RCU calculated value of scheduler-enlistment delay is 25 jiffies.
[    0.000000] rcu: Adjusting geometry for rcu_fanout_leaf=16, nr_cpu_ids=4
[    0.000000] NR_IRQS: 64, nr_irqs: 64, preallocated irqs: 0
[    0.000000] GIC: Adjusting CPU interface base to 0x00000000f902f000
[    0.000000] GIC: Using split EOI/Deactivate mode
[    0.000000] random: get_random_bytes called from start_kernel+0x31c/0x54c with crng_init=0
[    0.000000] arch_timer: cp15 timer(s) running at 100.00MHz (phys).
[    0.000000] clocksource: arch_sys_counter: mask: 0xffffffffffffff max_cycles: 0x171024e7e0, max_idle_ns: 440795205315 ns
[    0.000003] sched_clock: 56 bits at 100MHz, resolution 10ns, wraps every 4398046511100ns
[    0.008463] Console: colour dummy device 80x25
[    0.012483] Calibrating delay loop (skipped), value calculated using timer frequency.. 200.00 BogoMIPS (lpj=400000)
[    0.022840] pid_max: default: 32768 minimum: 301
[    0.027550] Mount-cache hash table entries: 8192 (order: 4, 65536 bytes, linear)
[    0.034788] Mountpoint-cache hash table entries: 8192 (order: 4, 65536 bytes, linear)
[    0.043397] rcu: Hierarchical SRCU implementation.
[    0.047560] EFI services will not be available.
[    0.051938] smp: Bringing up secondary CPUs ...
[    0.056655] Detected VIPT I-cache on CPU1
[    0.056695] CPU1: Booted secondary processor 0x0000000001 [0x410fd034]
[    0.057059] Detected VIPT I-cache on CPU2
[    0.057083] CPU2: Booted secondary processor 0x0000000002 [0x410fd034]
[    0.057423] Detected VIPT I-cache on CPU3
[    0.057446] CPU3: Booted secondary processor 0x0000000003 [0x410fd034]
[    0.057492] smp: Brought up 1 node, 4 CPUs
[    0.091780] SMP: Total of 4 processors activated.
[    0.096452] CPU features: detected: 32-bit EL0 Support
[    0.101556] CPU features: detected: CRC32 instructions
[    0.106694] CPU: All CPU(s) started at EL2
[    0.110736] alternatives: patching kernel code
[    0.116171] devtmpfs: initialized
[    0.124056] Registered cp15_barrier emulation handler
[    0.124106] Registered setend emulation handler
[    0.128082] clocksource: jiffies: mask: 0xffffffff max_cycles: 0xffffffff, max_idle_ns: 7645041785100000 ns
[    0.137662] futex hash table entries: 1024 (order: 4, 65536 bytes, linear)
[    0.151017] pinctrl core: initialized pinctrl subsystem
[    0.151660] NET: Registered protocol family 16
[    0.156084] DMA: preallocated 512 KiB GFP_KERNEL pool for atomic allocations
[    0.162098] DMA: preallocated 512 KiB GFP_KERNEL|GFP_DMA pool for atomic allocations
[    0.169824] DMA: preallocated 512 KiB GFP_KERNEL|GFP_DMA32 pool for atomic allocations
[    0.177627] audit: initializing netlink subsys (disabled)
[    0.183080] audit: type=2000 audit(0.116:1): state=initialized audit_enabled=0 res=1
[    0.183425] hw-breakpoint: found 6 breakpoint and 4 watchpoint registers.
[    0.197454] ASID allocator initialised with 65536 entries
[    0.224345] HugeTLB registered 1.00 GiB page size, pre-allocated 0 pages
[    0.225403] HugeTLB registered 32.0 MiB page size, pre-allocated 0 pages
[    0.232074] HugeTLB registered 2.00 MiB page size, pre-allocated 0 pages
[    0.238738] HugeTLB registered 64.0 KiB page size, pre-allocated 0 pages
[    1.304303] DRBG: Continuing without Jitter RNG
[    1.382126] raid6: neonx8   gen()  2144 MB/s
[    1.450179] raid6: neonx8   xor()  1599 MB/s
[    1.518244] raid6: neonx4   gen()  2194 MB/s
[    1.586290] raid6: neonx4   xor()  1566 MB/s
[    1.654349] raid6: neonx2   gen()  2076 MB/s
[    1.722403] raid6: neonx2   xor()  1430 MB/s
[    1.790476] raid6: neonx1   gen()  1772 MB/s
[    1.858513] raid6: neonx1   xor()  1220 MB/s
[    1.926573] raid6: int64x8  gen()  1438 MB/s
[    1.994629] raid6: int64x8  xor()   771 MB/s
[    2.062693] raid6: int64x4  gen()  1598 MB/s
[    2.130755] raid6: int64x4  xor()   819 MB/s
[    2.198817] raid6: int64x2  gen()  1397 MB/s
[    2.266865] raid6: int64x2  xor()   750 MB/s
[    2.334934] raid6: int64x1  gen()  1032 MB/s
[    2.403002] raid6: int64x1  xor()   517 MB/s
[    2.403040] raid6: using algorithm neonx4 gen() 2194 MB/s
[    2.406995] raid6: .... xor() 1566 MB/s, rmw enabled
[    2.411926] raid6: using neon recovery algorithm
[    2.416935] iommu: Default domain type: Translated 
[    2.421551] SCSI subsystem initialized
[    2.425096] libata version 3.00 loaded.
[    2.425220] usbcore: registered new interface driver usbfs
[    2.430553] usbcore: registered new interface driver hub
[    2.435826] usbcore: registered new device driver usb
[    2.440958] mc: Linux media interface: v0.10
[    2.445075] videodev: Linux video capture interface: v2.00
[    2.450566] EDAC MC: Ver: 3.0.0
[    2.454008] zynqmp-ipi-mbox mailbox@ff990400: Registered ZynqMP IPI mbox with TX/RX channels.
[    2.462503] jesd204: created con: id=0, topo=0, link=0, /axi/spi@ff050000/hmc7044@0 <-> /fpga-axi@0/axi-adxcvr-tx@84b60000
[    2.473094] jesd204: created con: id=1, topo=0, link=2, /axi/spi@ff050000/hmc7044@0 <-> /fpga-axi@0/axi-adxcvr-rx@84a60000
[    2.484079] jesd204: created con: id=2, topo=0, link=0, /fpga-axi@0/axi-adxcvr-tx@84b60000 <-> /fpga-axi@0/axi-jesd204-tx@84b90000
[    2.495754] jesd204: created con: id=3, topo=0, link=2, /fpga-axi@0/axi-adxcvr-rx@84a60000 <-> /fpga-axi@0/axi-jesd204-rx@84a90000
[    2.507432] jesd204: created con: id=4, topo=0, link=0, /fpga-axi@0/axi-jesd204-tx@84b90000 <-> /fpga-axi@0/axi-ad9081-tx-hpc@84b10000
[    2.519459] jesd204: created con: id=5, topo=0, link=2, /fpga-axi@0/axi-jesd204-rx@84a90000 <-> /fpga-axi@0/axi-ad9081-rx-hpc@84a10000
[    2.531482] jesd204: created con: id=6, topo=0, link=2, /fpga-axi@0/axi-ad9081-rx-hpc@84a10000 <-> /axi/spi@ff040000/ad9081@0
[    2.542723] jesd204: created con: id=7, topo=0, link=0, /fpga-axi@0/axi-ad9081-tx-hpc@84b10000 <-> /axi/spi@ff040000/ad9081@0
[    2.553973] jesd204: /axi/spi@ff040000/ad9081@0: JESD204[2] transition uninitialized -> initialized
[    2.562960] jesd204: /axi/spi@ff040000/ad9081@0: JESD204[0] transition uninitialized -> initialized
[    2.571951] jesd204: found 8 devices and 1 topologies
[    2.576995] FPGA manager framework
[    2.580473] Advanced Linux Sound Architecture Driver Initialized.
[    2.586768] Bluetooth: Core ver 2.22
[    2.589954] NET: Registered protocol family 31
[    2.594356] Bluetooth: HCI device and connection manager initialized
[    2.600673] Bluetooth: HCI socket layer initialized
[    2.605515] Bluetooth: L2CAP socket layer initialized
[    2.610538] Bluetooth: SCO socket layer initialized
[    2.615724] clocksource: Switched to clocksource arch_sys_counter
[    2.621531] VFS: Disk quotas dquot_6.6.0
[    2.625365] VFS: Dquot-cache hash table entries: 512 (order 0, 4096 bytes)
[    2.636079] NET: Registered protocol family 2
[    2.636810] tcp_listen_portaddr_hash hash table entries: 2048 (order: 3, 32768 bytes, linear)
[    2.645005] TCP established hash table entries: 32768 (order: 6, 262144 bytes, linear)
[    2.653030] TCP bind hash table entries: 32768 (order: 7, 524288 bytes, linear)
[    2.660476] TCP: Hash tables configured (established 32768 bind 32768)
[    2.666650] UDP hash table entries: 2048 (order: 4, 65536 bytes, linear)
[    2.673316] UDP-Lite hash table entries: 2048 (order: 4, 65536 bytes, linear)
[    2.680476] NET: Registered protocol family 1
[    2.684930] RPC: Registered named UNIX socket transport module.
[    2.690553] RPC: Registered udp transport module.
[    2.695217] RPC: Registered tcp transport module.
[    2.699887] RPC: Registered tcp NFSv4.1 backchannel transport module.
[    2.706879] PCI: CLS 0 bytes, default 64
[    2.710584] hw perfevents: no interrupt-affinity property for /pmu, guessing.
[    2.717439] hw perfevents: enabled with armv8_pmuv3 PMU driver, 7 counters available
[    2.725795] Initialise system trusted keyrings
[    2.729466] workingset: timestamp_bits=62 max_order=20 bucket_order=0
[    2.736363] NFS: Registering the id_resolver key type
[    2.740818] Key type id_resolver registered
[    2.744955] Key type id_legacy registered
[    2.748945] nfs4filelayout_init: NFSv4 File Layout Driver Registering...
[    2.755611] jffs2: version 2.2. (NAND) (SUMMARY)  Â© 2001-2006 Red Hat, Inc.
[    2.798329] NET: Registered protocol family 38
[    2.798371] xor: measuring software checksum speed
[    2.806064]    8regs           :  2363 MB/sec
[    2.809732]    32regs          :  2799 MB/sec
[    2.814675]    arm64_neon      :  2380 MB/sec
[    2.814865] xor: using function: 32regs (2799 MB/sec)
[    2.819891] Key type asymmetric registered
[    2.823952] Asymmetric key parser 'x509' registered
[    2.828813] Block layer SCSI generic (bsg) driver version 0.4 loaded (major 248)
[    2.836150] io scheduler mq-deadline registered
[    2.840646] io scheduler kyber registered
[    2.870044] Serial: 8250/16550 driver, 4 ports, IRQ sharing disabled
[    2.874689] cacheinfo: Unable to detect cache hierarchy for CPU 0
[    2.881024] brd: module loaded
[    2.885166] loop: module loaded
[    2.885711] Registered mathworks_ip class
[    2.889051] libphy: Fixed MDIO Bus: probed
[    2.892034] tun: Universal TUN/TAP device driver, 1.6
[    2.896093] CAN device driver interface
[    2.900630] usbcore: registered new interface driver asix
[    2.905224] usbcore: registered new interface driver ax88179_178a
[    2.911259] usbcore: registered new interface driver cdc_ether
[    2.917053] usbcore: registered new interface driver net1080
[    2.922679] usbcore: registered new interface driver cdc_subset
[    2.928559] usbcore: registered new interface driver zaurus
[    2.934103] usbcore: registered new interface driver cdc_ncm
[    2.940510] ehci_hcd: USB 2.0 'Enhanced' Host Controller (EHCI) Driver
[    2.946189] ehci-pci: EHCI PCI platform driver
[    2.950984] usbcore: registered new interface driver uas
[    2.955904] usbcore: registered new interface driver usb-storage
[    2.961892] usbcore: registered new interface driver usbserial_generic
[    2.968342] usbserial: USB Serial support registered for generic
[    2.974316] usbcore: registered new interface driver ftdi_sio
[    2.980019] usbserial: USB Serial support registered for FTDI USB Serial Device
[    2.987295] usbcore: registered new interface driver upd78f0730
[    2.993167] usbserial: USB Serial support registered for upd78f0730
[    3.000825] rtc_zynqmp ffa60000.rtc: registered as rtc0
[    3.004591] rtc_zynqmp ffa60000.rtc: setting system clock to 2022-03-26T02:28:32 UTC (1648261712)
[    3.013454] i2c /dev entries driver
[    3.018758] usbcore: registered new interface driver uvcvideo
[    3.022567] USB Video Class driver (1.1.1)
[    3.028151] Bluetooth: HCI UART driver ver 2.3
[    3.031038] Bluetooth: HCI UART protocol H4 registered
[    3.036148] Bluetooth: HCI UART protocol BCSP registered
[    3.041437] Bluetooth: HCI UART protocol LL registered
[    3.046526] Bluetooth: HCI UART protocol ATH3K registered
[    3.051900] Bluetooth: HCI UART protocol Three-wire (H5) registered
[    3.058155] Bluetooth: HCI UART protocol Intel registered
[    3.063492] Bluetooth: HCI UART protocol QCA registered
[    3.068694] usbcore: registered new interface driver bcm203x
[    3.074315] usbcore: registered new interface driver bpa10x
[    3.079850] usbcore: registered new interface driver bfusb
[    3.085301] usbcore: registered new interface driver btusb
[    3.090764] usbcore: registered new interface driver ath3k
[    3.096247] EDAC MC: ECC not enabled
[    3.099872] EDAC DEVICE0: Giving out device to module zynqmp-ocm-edac controller zynqmp_ocm: DEV ff960000.memory-controller (INTERRUPT)
[    3.112188] sdhci: Secure Digital Host Controller Interface driver
[    3.117975] sdhci: Copyright(c) Pierre Ossman
[    3.122300] sdhci-pltfm: SDHCI platform and OF driver helper
[    3.128355] ledtrig-cpu: registered to indicate activity on CPUs
[    3.133903] SMCCC: SOC_ID: ARCH_SOC_ID not implemented, skipping ....
[    3.140334] zynqmp_firmware_probe Platform Management API v1.1
[    3.146091] zynqmp_firmware_probe Trustzone version v1.0
[    3.185644] zynqmp-pinctrl firmware:zynqmp-firmware:pinctrl: zynqmp pinctrl initialized
[    3.233623] zynqmp-aes firmware:zynqmp-firmware:zynqmp-aes: will run requests pump with realtime priority
[    3.249460] alg: No test for xilinx-keccak-384 (zynqmp-keccak-384)
[    3.250172] alg: No test for xilinx-zynqmp-rsa (zynqmp-rsa)
[    3.255687] usbcore: registered new interface driver usbhid
[    3.261074] usbhid: USB HID core driver
[    3.272303] axi_sysid 85000000.axi-sysid-0: AXI System ID core version (1.01.a) found
[    3.274654] axi_sysid 85000000.axi-sysid-0: [ad9081_fmca_ebz] on [zcu102] git branch <master> git <084d44c9780640ca93fd847b1d9ec70dd65f5c67> clean [2022-03-18 04:17:50] UTC
[    3.290345] fpga_manager fpga0: Xilinx ZynqMP FPGA Manager registered
[    3.296706] usbcore: registered new interface driver snd-usb-audio
[    3.304145] pktgen: Packet Generator for packet performance testing. Version: 2.75
[    3.310318] Initializing XFRM netlink socket
[    3.314187] NET: Registered protocol family 10
[    3.318902] Segment Routing with IPv6
[    3.322286] sit: IPv6, IPv4 and MPLS over IPv4 tunneling driver
[    3.328353] NET: Registered protocol family 17
[    3.332455] NET: Registered protocol family 15
[    3.336953] can: controller area network core
[    3.341208] NET: Registered protocol family 29
[    3.345596] can: raw protocol
[    3.348533] can: broadcast manager protocol
[    3.352688] can: netlink gateway - max_hops=1
[    3.357082] Bluetooth: RFCOMM TTY layer initialized
[    3.361861] Bluetooth: RFCOMM socket layer initialized
[    3.366972] Bluetooth: RFCOMM ver 1.11
[    3.370681] Bluetooth: BNEP (Ethernet Emulation) ver 1.3
[    3.375952] Bluetooth: BNEP filters: protocol multicast
[    3.381146] Bluetooth: BNEP socket layer initialized
[    3.386073] Bluetooth: HIDP (Human Interface Emulation) ver 1.2
[    3.391956] Bluetooth: HIDP socket layer initialized
[    3.397009] 9pnet: Installing 9P2000 support
[    3.401133] NET: Registered protocol family 36
[    3.405550] Key type dns_resolver registered
[    3.409985] registered taskstats version 1
[    3.413847] Loading compiled-in X.509 certificates
[    3.418959] Btrfs loaded, crc32c=crc32c-generic
[    3.431344] ff000000.serial: ttyPS0 at MMIO 0xff000000 (irq = 49, base_baud = 6249999) is a xuartps
[    3.440364] printk: console [ttyPS0] enabled
[    3.444659] printk: bootconsole [cdns0] disabled
[    3.454284] ff010000.serial: ttyPS1 at MMIO 0xff010000 (irq = 50, base_baud = 6249999) is a xuartps
[    3.467531] of-fpga-region fpga-full: FPGA Region probed
[    3.474495] nwl-pcie fd0e0000.pcie: host bridge /axi/pcie@fd0e0000 ranges:
[    3.481388] nwl-pcie fd0e0000.pcie:      MEM 0x00e0000000..0x00efffffff -> 0x00e0000000
[    3.489396] nwl-pcie fd0e0000.pcie:      MEM 0x0600000000..0x07ffffffff -> 0x0600000000
[    3.497460] nwl-pcie fd0e0000.pcie: Link is DOWN
[    3.502217] nwl-pcie fd0e0000.pcie: PCI host bridge to bus 0000:00
[    3.508395] pci_bus 0000:00: root bus resource [bus 00-ff]
[    3.513877] pci_bus 0000:00: root bus resource [mem 0xe0000000-0xefffffff]
[    3.520747] pci_bus 0000:00: root bus resource [mem 0x600000000-0x7ffffffff pref]
[    3.528250] pci 0000:00:00.0: [10ee:d021] type 01 class 0x060400
[    3.534307] pci 0000:00:00.0: PME# supported from D0 D1 D2 D3hot
[    3.544753] pci 0000:00:00.0: PCI bridge to [bus 01-0c]
[    3.550735] xilinx-zynqmp-dma fd500000.dma: ZynqMP DMA driver Probe success
[    3.557912] xilinx-zynqmp-dma fd510000.dma: ZynqMP DMA driver Probe success
[    3.565090] xilinx-zynqmp-dma fd520000.dma: ZynqMP DMA driver Probe success
[    3.572257] xilinx-zynqmp-dma fd530000.dma: ZynqMP DMA driver Probe success
[    3.579424] xilinx-zynqmp-dma fd540000.dma: ZynqMP DMA driver Probe success
[    3.586593] xilinx-zynqmp-dma fd550000.dma: ZynqMP DMA driver Probe success
[    3.593763] xilinx-zynqmp-dma fd560000.dma: ZynqMP DMA driver Probe success
[    3.600934] xilinx-zynqmp-dma fd570000.dma: ZynqMP DMA driver Probe success
[    3.608331] xilinx-zynqmp-dpdma fd4c0000.dma-controller: Xilinx DPDMA engine is probed
[    3.616886] ahci-ceva fd0c0000.ahci: supply ahci not found, using dummy regulator
[    3.624427] ahci-ceva fd0c0000.ahci: supply phy not found, using dummy regulator
[    3.711901] hmc7044 spi2.0: PLL1: Acquisition, CLKIN0 @ 122880000 Hz, PFD: 80 kHz - PLL2: Locked @ 2656.000000 MHz
[    3.722621] jesd204: /axi/spi@ff050000/hmc7044@0,jesd204:1,parent=spi2.0: Using as SYSREF provider
[    3.732207] spi-nor spi0.0: SPI-NOR-UniqueID 100000235394732200270025081115266e
[    3.739518] spi-nor spi0.0: found n25q512a, expected m25p80
[    3.745721] spi-nor spi0.0: trying to lock already unlocked area
[    3.751730] spi-nor spi0.0: n25q512a (131072 Kbytes)
[    3.756713] 4 fixed-partitions partitions found on MTD device spi0.0
[    3.763061] Creating 4 MTD partitions on "spi0.0":
[    3.767846] 0x000000000000-0x000000100000 : "qspi-fsbl-uboot"
[    3.774334] 0x000000100000-0x000000600000 : "qspi-linux"
[    3.780289] 0x000000600000-0x000000620000 : "qspi-device-tree"
[    3.786762] 0x000000620000-0x000000c00000 : "qspi-rootfs"
[    3.795227] macb ff0e0000.ethernet: Not enabling partial store and forward
[    3.802754] libphy: MACB_mii_bus: probed
[    3.807832] macb ff0e0000.ethernet eth0: Cadence GEM rev 0x50070106 at 0xff0e0000 irq 30 (00:0a:35:04:8e:1b)
[    3.818046] xilinx-axipmon ffa00000.perf-monitor: Probed Xilinx APM
[    3.824626] xilinx-axipmon fd0b0000.perf-monitor: Probed Xilinx APM
[    3.831143] xilinx-axipmon fd490000.perf-monitor: Probed Xilinx APM
[    3.837683] xilinx-axipmon ffa10000.perf-monitor: Probed Xilinx APM
[    3.847673] pca953x 0-0020: supply vcc not found, using dummy regulator
[    3.854354] pca953x 0-0020: using no AI
[    3.858842] gpio-496 (sel0): hogged as output/low
[    3.863745] gpio-497 (sel1): hogged as output/high
[    3.868735] gpio-498 (sel2): hogged as output/high
[    3.873724] gpio-499 (sel3): hogged as output/high
[    3.878899] pca953x 0-0021: supply vcc not found, using dummy regulator
[    3.885573] pca953x 0-0021: using no AI
[    3.891334] ina2xx 2-0040: power monitor ina226 (Rshunt = 5000 uOhm)
[    3.898361] ina2xx 2-0041: power monitor ina226 (Rshunt = 5000 uOhm)
[    3.905403] ina2xx 2-0042: power monitor ina226 (Rshunt = 5000 uOhm)
[    3.912433] ina2xx 2-0043: power monitor ina226 (Rshunt = 5000 uOhm)
[    3.919457] ina2xx 2-0044: power monitor ina226 (Rshunt = 5000 uOhm)
[    3.926476] ina2xx 2-0045: power monitor ina226 (Rshunt = 5000 uOhm)
[    3.933506] ina2xx 2-0046: power monitor ina226 (Rshunt = 5000 uOhm)
[    3.940583] ina2xx 2-0047: power monitor ina226 (Rshunt = 5000 uOhm)
[    3.947611] ina2xx 2-004a: power monitor ina226 (Rshunt = 5000 uOhm)
[    3.954653] ina2xx 2-004b: power monitor ina226 (Rshunt = 5000 uOhm)
[    3.961061] i2c i2c-0: Added multiplexed i2c bus 2
[    3.966442] random: fast init done
[    3.969911] ina2xx 3-0040: power monitor ina226 (Rshunt = 2000 uOhm)
[    3.976938] ina2xx 3-0041: power monitor ina226 (Rshunt = 5000 uOhm)
[    3.983963] ina2xx 3-0042: power monitor ina226 (Rshunt = 5000 uOhm)
[    3.990997] ina2xx 3-0043: power monitor ina226 (Rshunt = 5000 uOhm)
[    3.998020] ina2xx 3-0044: power monitor ina226 (Rshunt = 5000 uOhm)
[    4.005046] ina2xx 3-0045: power monitor ina226 (Rshunt = 5000 uOhm)
[    4.012081] ina2xx 3-0046: power monitor ina226 (Rshunt = 5000 uOhm)
[    4.019111] ina2xx 3-0047: power monitor ina226 (Rshunt = 5000 uOhm)
[    4.025511] i2c i2c-0: Added multiplexed i2c bus 3
[    4.081033] i2c i2c-0: Added multiplexed i2c bus 4
[    4.085976] i2c i2c-0: Added multiplexed i2c bus 5
[    4.090763] pca954x 0-0075: registered 4 multiplexed busses for I2C mux pca9544
[    4.098112] cdns-i2c ff020000.i2c: 400 kHz mmio ff020000 irq 32
[    4.105841] at24 6-0054: supply vcc not found, using dummy regulator
[    4.112738] at24 6-0054: 1024 byte 24c08 EEPROM, writable, 1 bytes/write
[    4.119489] i2c i2c-1: Added multiplexed i2c bus 6
[    4.125918] si5341 7-0036: Chip: 5341 Grade: 1 Rev: 1
[    4.163584] i2c i2c-1: Added multiplexed i2c bus 7
[    4.171230] si570 8-005d: registered, current frequency 300000000 Hz
[    4.177630] i2c i2c-1: Added multiplexed i2c bus 8
[    4.197412] si570 9-005d: registered, current frequency 148500000 Hz
[    4.203818] i2c i2c-1: Added multiplexed i2c bus 9
[    4.208856] si5324 10-0069: si5328 probed
[    4.276071] si5324 10-0069: si5328 probe successful
[    4.281002] i2c i2c-1: Added multiplexed i2c bus 10
[    4.286029] i2c i2c-1: Added multiplexed i2c bus 11
[    4.291059] i2c i2c-1: Added multiplexed i2c bus 12
[    4.296077] i2c i2c-1: Added multiplexed i2c bus 13
[    4.300958] pca954x 1-0074: registered 8 multiplexed busses for I2C switch pca9548
[    4.309064] at24 14-0050: supply vcc not found, using dummy regulator
[    4.315852] at24 14-0050: 256 byte 24c02 EEPROM, writable, 1 bytes/write
[    4.322600] i2c i2c-1: Added multiplexed i2c bus 14
[    4.327641] i2c i2c-1: Added multiplexed i2c bus 15
[    4.332673] i2c i2c-1: Added multiplexed i2c bus 16
[    4.337711] i2c i2c-1: Added multiplexed i2c bus 17
[    4.342745] i2c i2c-1: Added multiplexed i2c bus 18
[    4.347789] i2c i2c-1: Added multiplexed i2c bus 19
[    4.352826] i2c i2c-1: Added multiplexed i2c bus 20
[    4.357865] i2c i2c-1: Added multiplexed i2c bus 21
[    4.362741] pca954x 1-0075: registered 8 multiplexed busses for I2C switch pca9548
[    4.370350] cdns-i2c ff030000.i2c: 400 kHz mmio ff030000 irq 33
[    4.380095] cdns-wdt fd4d0000.watchdog: Xilinx Watchdog Timer with timeout 60s
[    4.391034] axi_adxcvr 84a60000.axi-adxcvr-rx: AXI-ADXCVR-RX (17.05.a) using CPLL on GTH4 at 0x84A60000. Number of lanes: 4.
[    4.403203] axi_adxcvr 84b60000.axi-adxcvr-tx: AXI-ADXCVR-TX (17.05.a) using QPLL on GTH4 at 0x84B60000. Number of lanes: 4.
[    4.414824] axi-jesd204-rx 84a90000.axi-jesd204-rx: AXI-JESD204-RX (1.07.a) at 0x84A90000. Encoder 8b10b, width 4/4, lanes 4, jesd204-fsm.
[    4.422118] mmc0: SDHCI controller on ff170000.mmc [ff170000.mmc] using ADMA 64-bit
[    4.427669] axi-jesd204-tx 84b90000.axi-jesd204-tx: AXI-JESD204-TX (1.06.a) at 0x84B90000. Encoder 8b10b, width 4/4, lanes 4, jesd204-fsm.
[    4.448402] zynqmp-display fd4a0000.display: vtc bridge property not present
[    4.458058] xilinx-dp-snd-codec fd4a0000.display:zynqmp_dp_snd_codec0: Failed to get required clock freq
[    4.467563] xilinx-dp-snd-codec: probe of fd4a0000.display:zynqmp_dp_snd_codec0 failed with error -22
[    4.469504] mmc0: new high speed SDHC card at address 0001
[    4.477102] xilinx-dp-snd-pcm zynqmp_dp_snd_pcm0: Xilinx DisplayPort Sound PCM probed
[    4.482617] mmcblk0: mmc0:0001 EB1QT 29.8 GiB 
[    4.490418] xilinx-dp-snd-pcm zynqmp_dp_snd_pcm1: Xilinx DisplayPort Sound PCM probed
[    4.495779]  mmcblk0: p1 p2 p3
[    4.502719] OF: graph: no port node found in /axi/display@fd4a0000
[    4.511792] xlnx-drm xlnx-drm.0: bound fd4a0000.display (ops 0xffffffc010fcbdb8)
[    5.595740] zynqmp-display fd4a0000.display: [drm] Cannot find any crtc or sizes
[    5.603352] [drm] Initialized xlnx 1.0.0 20130509 for fd4a0000.display on minor 0
[    5.610842] zynqmp-display fd4a0000.display: ZynqMP DisplayPort Subsystem driver probed
[    5.619167] ahci-ceva fd0c0000.ahci: supply ahci not found, using dummy regulator
[    5.626711] ahci-ceva fd0c0000.ahci: supply phy not found, using dummy regulator
[    5.634161] ahci-ceva fd0c0000.ahci: supply target not found, using dummy regulator
[    5.652059] ahci-ceva fd0c0000.ahci: AHCI 0001.0301 32 slots 2 ports 6 Gbps 0x3 impl platform mode
[    5.661021] ahci-ceva fd0c0000.ahci: flags: 64bit ncq sntf pm clo only pmp fbs pio slum part ccc sds apst 
[    5.671646] scsi host0: ahci-ceva
[    5.675245] scsi host1: ahci-ceva
[    5.678673] ata1: SATA max UDMA/133 mmio [mem 0xfd0c0000-0xfd0c1fff] port 0x100 irq 45
[    5.686586] ata2: SATA max UDMA/133 mmio [mem 0xfd0c0000-0xfd0c1fff] port 0x180 irq 45
[    5.695184] ad9081 spi1.0: supply vdd not found, using dummy regulator
[    6.005938] ata1: SATA link down (SStatus 0 SControl 330)
[    6.011356] ata2: SATA link down (SStatus 0 SControl 330)
[    6.679743] zynqmp-display fd4a0000.display: [drm] Cannot find any crtc or sizes
[    7.536584] ad9081 spi1.0: AD9081 Rev. 2 Grade 10 (API 1.2.2) probed
[    7.543789] xhci-hcd xhci-hcd.1.auto: xHCI Host Controller
[    7.549281] xhci-hcd xhci-hcd.1.auto: new USB bus registered, assigned bus number 1
[    7.557029] xhci-hcd xhci-hcd.1.auto: hcc params 0x0238f625 hci version 0x100 quirks 0x0000000002010810
[    7.566441] xhci-hcd xhci-hcd.1.auto: irq 59, io mem 0xfe200000
[    7.572554] usb usb1: New USB device found, idVendor=1d6b, idProduct=0002, bcdDevice= 5.10
[    7.580816] usb usb1: New USB device strings: Mfr=3, Product=2, SerialNumber=1
[    7.588033] usb usb1: Product: xHCI Host Controller
[    7.592901] usb usb1: Manufacturer: Linux 5.10.0-98103-g2aa7ac113716 xhci-hcd
[    7.600027] usb usb1: SerialNumber: xhci-hcd.1.auto
[    7.605195] hub 1-0:1.0: USB hub found
[    7.608956] hub 1-0:1.0: 1 port detected
[    7.613062] xhci-hcd xhci-hcd.1.auto: xHCI Host Controller
[    7.618551] xhci-hcd xhci-hcd.1.auto: new USB bus registered, assigned bus number 2
[    7.626205] xhci-hcd xhci-hcd.1.auto: Host supports USB 3.0 SuperSpeed
[    7.632831] usb usb2: New USB device found, idVendor=1d6b, idProduct=0003, bcdDevice= 5.10
[    7.641089] usb usb2: New USB device strings: Mfr=3, Product=2, SerialNumber=1
[    7.648313] usb usb2: Product: xHCI Host Controller
[    7.653186] usb usb2: Manufacturer: Linux 5.10.0-98103-g2aa7ac113716 xhci-hcd
[    7.660311] usb usb2: SerialNumber: xhci-hcd.1.auto
[    7.665420] hub 2-0:1.0: USB hub found
[    7.669182] hub 2-0:1.0: 1 port detected
[    7.699226] cf_axi_adc 84a10000.axi-ad9081-rx-hpc: ADI AIM (10.01.b) at 0x84A10000 mapped to 0x(____ptrval____), probed ADC AD9081 as MASTER
[    7.732565] cf_axi_dds 84b10000.axi-ad9081-tx-hpc: Analog Devices CF_AXI_DDS_DDS MASTER (9.01.b) at 0x84B10000 mapped to 0x(____ptrval____), probed DDS AD9081
[    7.746767] jesd204: /axi/spi@ff040000/ad9081@0,jesd204:0,parent=spi1.0: JESD204[2] transition initialized -> probed
[    7.757285] jesd204: /axi/spi@ff040000/ad9081@0,jesd204:0,parent=spi1.0: JESD204[0] transition initialized -> probed
[    7.767808] jesd204: /axi/spi@ff040000/ad9081@0,jesd204:0,parent=spi1.0: JESD204[2] transition probed -> idle
[    7.777716] jesd204: /axi/spi@ff040000/ad9081@0,jesd204:0,parent=spi1.0: JESD204[0] transition probed -> idle
[    7.787629] jesd204: /axi/spi@ff040000/ad9081@0,jesd204:0,parent=spi1.0: JESD204[2] transition idle -> device_init
[    7.797974] jesd204: /axi/spi@ff040000/ad9081@0,jesd204:0,parent=spi1.0: JESD204[0] transition idle -> device_init
[    7.808325] jesd204: /axi/spi@ff040000/ad9081@0,jesd204:0,parent=spi1.0: JESD204[2] transition device_init -> link_init
[    7.819100] jesd204: /axi/spi@ff040000/ad9081@0,jesd204:0,parent=spi1.0: JESD204[0] transition device_init -> link_init
[    7.829891] jesd204: /axi/spi@ff040000/ad9081@0,jesd204:0,parent=spi1.0: JESD204[2] transition link_init -> link_supported
[    7.840930] jesd204: /axi/spi@ff040000/ad9081@0,jesd204:0,parent=spi1.0: JESD204[0] transition link_init -> link_supported
[    7.852340] hmc7044 spi2.0: hmc7044_jesd204_link_pre_setup: Link2 forcing continuous SYSREF mode
[    7.861279] axi-jesd204-rx 84a90000.axi-jesd204-rx: axi_jesd204_rx_jesd204_link_pre_setup: Link2 set lane rate 13280000 kHz failed (-22)
[    7.873536] jesd204: /fpga-axi@0/axi-jesd204-rx@84a90000,jesd204:4,parent=84a90000.axi-jesd204-rx: JESD204[2] In link_pre_setup got error from cb: -22
[    7.887003] jesd204: /axi/spi@ff040000/ad9081@0,jesd204:0,parent=spi1.0: Rolling back from 'link_supported', got error -22
[    7.898049] jesd204: /axi/spi@ff040000/ad9081@0,jesd204:0,parent=spi1.0: JESD204[0] transition link_supported -> link_pre_setup
[    7.909526] jesd204: /axi/spi@ff040000/ad9081@0,jesd204:0,parent=spi1.0: JESD204[2] transition link_supported -> link_pre_setup
[    7.921007] jesd204: /axi/spi@ff040000/ad9081@0,jesd204:0,parent=spi1.0: JESD204[0] transition link_pre_setup -> link_supported
[    7.932478] jesd204: /axi/spi@ff040000/ad9081@0,jesd204:0,parent=spi1.0: JESD204[2] transition link_pre_setup -> link_supported
[    7.943956] jesd204: /axi/spi@ff040000/ad9081@0,jesd204:0,parent=spi1.0: JESD204[0] transition link_supported -> link_init
[    7.954994] jesd204: /axi/spi@ff040000/ad9081@0,jesd204:0,parent=spi1.0: JESD204[2] transition link_supported -> link_init
[    7.966042] jesd204: /axi/spi@ff040000/ad9081@0,jesd204:0,parent=spi1.0: JESD204[0] transition link_init -> device_init
[    7.976821] jesd204: /axi/spi@ff040000/ad9081@0,jesd204:0,parent=spi1.0: JESD204[2] transition link_init -> device_init
[    7.987600] jesd204: /axi/spi@ff040000/ad9081@0,jesd204:0,parent=spi1.0: JESD204[0] transition device_init -> idle
[    7.997943] jesd204: /axi/spi@ff040000/ad9081@0,jesd204:0,parent=spi1.0: JESD204[2] transition device_init -> idle
[    8.008294] jesd204: /axi/spi@ff040000/ad9081@0,jesd204:0,parent=spi1.0: JESD204[2] transition idle -> idle
[    8.018028] jesd204: /axi/spi@ff040000/ad9081@0,jesd204:0,parent=spi1.0: JESD204[0] transition idle -> idle
[    8.027771] jesd204: /axi/spi@ff040000/ad9081@0,jesd204:0,parent=spi1.0: JESD204[2] transition idle -> device_init
[    8.038118] jesd204: /axi/spi@ff040000/ad9081@0,jesd204:0,parent=spi1.0: JESD204[0] transition idle -> device_init
[    8.048464] jesd204: /axi/spi@ff040000/ad9081@0,jesd204:0,parent=spi1.0: JESD204[2] transition device_init -> link_init
[    8.059241] jesd204: /axi/spi@ff040000/ad9081@0,jesd204:0,parent=spi1.0: JESD204[0] transition device_init -> link_init
[    8.070030] jesd204: /axi/spi@ff040000/ad9081@0,jesd204:0,parent=spi1.0: JESD204[2] transition link_init -> link_supported
[    8.081071] jesd204: /axi/spi@ff040000/ad9081@0,jesd204:0,parent=spi1.0: JESD204[0] transition link_init -> link_supported
[    8.092294] axi-jesd204-rx 84a90000.axi-jesd204-rx: axi_jesd204_rx_jesd204_link_pre_setup: Link2 set lane rate 13280000 kHz failed (-22)
[    8.104557] jesd204: /fpga-axi@0/axi-jesd204-rx@84a90000,jesd204:4,parent=84a90000.axi-jesd204-rx: JESD204[2] In link_pre_setup got error from cb: -22
[    8.118034] jesd204: /axi/spi@ff040000/ad9081@0,jesd204:0,parent=spi1.0: Rolling back from 'link_supported', got error -22
[    8.129075] jesd204: /axi/spi@ff040000/ad9081@0,jesd204:0,parent=spi1.0: JESD204[0] transition link_supported -> link_pre_setup
[    8.140546] jesd204: /axi/spi@ff040000/ad9081@0,jesd204:0,parent=spi1.0: JESD204[2] transition link_supported -> link_pre_setup
[    8.152025] jesd204: /axi/spi@ff040000/ad9081@0,jesd204:0,parent=spi1.0: JESD204[0] transition link_pre_setup -> link_supported
[    8.163496] jesd204: /axi/spi@ff040000/ad9081@0,jesd204:0,parent=spi1.0: JESD204[2] transition link_pre_setup -> link_supported
[    8.174974] jesd204: /axi/spi@ff040000/ad9081@0,jesd204:0,parent=spi1.0: JESD204[0] transition link_supported -> link_init
[    8.186012] jesd204: /axi/spi@ff040000/ad9081@0,jesd204:0,parent=spi1.0: JESD204[2] transition link_supported -> link_init
[    8.197059] jesd204: /axi/spi@ff040000/ad9081@0,jesd204:0,parent=spi1.0: JESD204[0] transition link_init -> device_init
[    8.207835] jesd204: /axi/spi@ff040000/ad9081@0,jesd204:0,parent=spi1.0: JESD204[2] transition link_init -> device_init
[    8.218617] jesd204: /axi/spi@ff040000/ad9081@0,jesd204:0,parent=spi1.0: JESD204[0] transition device_init -> idle
[    8.228965] jesd204: /axi/spi@ff040000/ad9081@0,jesd204:0,parent=spi1.0: JESD204[2] transition device_init -> idle
[    8.239313] jesd204: /axi/spi@ff040000/ad9081@0,jesd204:0,parent=spi1.0: JESD204[2] transition idle -> idle
[    8.249047] jesd204: /axi/spi@ff040000/ad9081@0,jesd204:0,parent=spi1.0: JESD204[0] transition idle -> idle
[    8.258788] jesd204: /axi/spi@ff040000/ad9081@0,jesd204:0,parent=spi1.0: JESD204[2] transition idle -> device_init
[    8.269132] jesd204: /axi/spi@ff040000/ad9081@0,jesd204:0,parent=spi1.0: JESD204[0] transition idle -> device_init
[    8.279482] jesd204: /axi/spi@ff040000/ad9081@0,jesd204:0,parent=spi1.0: JESD204[2] transition device_init -> link_init
[    8.290259] jesd204: /axi/spi@ff040000/ad9081@0,jesd204:0,parent=spi1.0: JESD204[0] transition device_init -> link_init
[    8.301047] jesd204: /axi/spi@ff040000/ad9081@0,jesd204:0,parent=spi1.0: JESD204[2] transition link_init -> link_supported
[    8.312089] jesd204: /axi/spi@ff040000/ad9081@0,jesd204:0,parent=spi1.0: JESD204[0] transition link_init -> link_supported
[    8.323276] axi-jesd204-rx 84a90000.axi-jesd204-rx: axi_jesd204_rx_jesd204_link_pre_setup: Link2 set lane rate 13280000 kHz failed (-22)
[    8.335536] jesd204: /fpga-axi@0/axi-jesd204-rx@84a90000,jesd204:4,parent=84a90000.axi-jesd204-rx: JESD204[2] In link_pre_setup got error from cb: -22
[    8.349009] jesd204: /axi/spi@ff040000/ad9081@0,jesd204:0,parent=spi1.0: Rolling back from 'link_supported', got error -22
[    8.360053] jesd204: /axi/spi@ff040000/ad9081@0,jesd204:0,parent=spi1.0: JESD204[0] transition link_supported -> link_pre_setup
[    8.371530] jesd204: /axi/spi@ff040000/ad9081@0,jesd204:0,parent=spi1.0: JESD204[2] transition link_supported -> link_pre_setup
[    8.383008] jesd204: /axi/spi@ff040000/ad9081@0,jesd204:0,parent=spi1.0: JESD204[0] transition link_pre_setup -> link_supported
[    8.394480] jesd204: /axi/spi@ff040000/ad9081@0,jesd204:0,parent=spi1.0: JESD204[2] transition link_pre_setup -> link_supported
[    8.405957] jesd204: /axi/spi@ff040000/ad9081@0,jesd204:0,parent=spi1.0: JESD204[0] transition link_supported -> link_init
[    8.416996] jesd204: /axi/spi@ff040000/ad9081@0,jesd204:0,parent=spi1.0: JESD204[2] transition link_supported -> link_init
[    8.428043] jesd204: /axi/spi@ff040000/ad9081@0,jesd204:0,parent=spi1.0: JESD204[0] transition link_init -> device_init
[    8.438826] jesd204: /axi/spi@ff040000/ad9081@0,jesd204:0,parent=spi1.0: JESD204[2] transition link_init -> device_init
[    8.449609] jesd204: /axi/spi@ff040000/ad9081@0,jesd204:0,parent=spi1.0: JESD204[0] transition device_init -> idle
[    8.459953] jesd204: /axi/spi@ff040000/ad9081@0,jesd204:0,parent=spi1.0: JESD204[2] transition device_init -> idle
[    8.470304] jesd204: /axi/spi@ff040000/ad9081@0,jesd204:0,parent=spi1.0: JESD204[2] transition idle -> idle
[    8.480039] jesd204: /axi/spi@ff040000/ad9081@0,jesd204:0,parent=spi1.0: JESD204[0] transition idle -> idle
[    8.489784] jesd204: /axi/spi@ff040000/ad9081@0,jesd204:0,parent=spi1.0: JESD204[2] transition idle -> device_init
[    8.500133] jesd204: /axi/spi@ff040000/ad9081@0,jesd204:0,parent=spi1.0: JESD204[0] transition idle -> device_init
[    8.510483] jesd204: /axi/spi@ff040000/ad9081@0,jesd204:0,parent=spi1.0: JESD204[2] transition device_init -> link_init
[    8.521260] jesd204: /axi/spi@ff040000/ad9081@0,jesd204:0,parent=spi1.0: JESD204[0] transition device_init -> link_init
[    8.532049] jesd204: /axi/spi@ff040000/ad9081@0,jesd204:0,parent=spi1.0: JESD204[2] transition link_init -> link_supported
[    8.543090] jesd204: /axi/spi@ff040000/ad9081@0,jesd204:0,parent=spi1.0: JESD204[0] transition link_init -> link_supported
[    8.554278] axi-jesd204-rx 84a90000.axi-jesd204-rx: axi_jesd204_rx_jesd204_link_pre_setup: Link2 set lane rate 13280000 kHz failed (-22)
[    8.566537] jesd204: /fpga-axi@0/axi-jesd204-rx@84a90000,jesd204:4,parent=84a90000.axi-jesd204-rx: JESD204[2] In link_pre_setup got error from cb: -22
[    8.580007] jesd204: /axi/spi@ff040000/ad9081@0,jesd204:0,parent=spi1.0: Rolling back from 'link_supported', got error -22
[    8.591050] jesd204: /axi/spi@ff040000/ad9081@0,jesd204:0,parent=spi1.0: JESD204[0] transition link_supported -> link_pre_setup
[    8.602521] jesd204: /axi/spi@ff040000/ad9081@0,jesd204:0,parent=spi1.0: JESD204[2] transition link_supported -> link_pre_setup
[    8.614003] jesd204: /axi/spi@ff040000/ad9081@0,jesd204:0,parent=spi1.0: JESD204[0] transition link_pre_setup -> link_supported
[    8.625472] jesd204: /axi/spi@ff040000/ad9081@0,jesd204:0,parent=spi1.0: JESD204[2] transition link_pre_setup -> link_supported
[    8.636949] jesd204: /axi/spi@ff040000/ad9081@0,jesd204:0,parent=spi1.0: JESD204[0] transition link_supported -> link_init
[    8.647988] jesd204: /axi/spi@ff040000/ad9081@0,jesd204:0,parent=spi1.0: JESD204[2] transition link_supported -> link_init
[    8.659035] jesd204: /axi/spi@ff040000/ad9081@0,jesd204:0,parent=spi1.0: JESD204[0] transition link_init -> device_init
[    8.669810] jesd204: /axi/spi@ff040000/ad9081@0,jesd204:0,parent=spi1.0: JESD204[2] transition link_init -> device_init
[    8.680593] jesd204: /axi/spi@ff040000/ad9081@0,jesd204:0,parent=spi1.0: JESD204[0] transition device_init -> idle
[    8.690936] jesd204: /axi/spi@ff040000/ad9081@0,jesd204:0,parent=spi1.0: JESD204[2] transition device_init -> idle
[    8.701282] jesd204: /axi/spi@ff040000/ad9081@0,jesd204:0,parent=spi1.0: FSM completed with error -22
[    8.719728] input: gpio-keys as /devices/platform/gpio-keys/input/input0
[    8.726736] of_cfs_init
[    8.729197] of_cfs_init: OK
[    8.732138] cfg80211: Loading compiled-in X.509 certificates for regulatory database
[    8.870419] cfg80211: Loaded X.509 cert 'sforshee: 00b28ddf47aef9cea7'
[    8.876951] clk: Not disabling unused clocks
[    8.881478] ALSA device list:
[    8.884434]   No soundcards found.
[    8.888100] platform regulatory.0: Direct firmware load for regulatory.db failed with error -2
[    8.896705] cfg80211: failed to load regulatory.db
[    8.911440] EXT4-fs (mmcblk0p2): mounted filesystem with ordered data mode. Opts: (null)
[    8.919554] VFS: Mounted root (ext4 filesystem) on device 179:2.
[    8.932829] devtmpfs: mounted
[    8.936640] Freeing unused kernel memory: 2560K
[    8.951772] Run /sbin/init as init process
[    8.955864]   with arguments:
[    8.955867]     /sbin/init
[    8.955869]   with environment:
[    8.955872]     HOME=/
[    8.955874]     TERM=linux
[    9.529497] systemd[1]: systemd 241 running in system mode. (+PAM +AUDIT +SELINUX +IMA +APPARMOR +SMACK +SYSVINIT +UTMP +LIBCRYPTSETUP +GCRYPT +GNUTLS +ACL +XZ +LZ4 +SECCOMP +BLKID +ELFUTILS +KMOD -IDN2 +IDN -PCRE2 default-hierarchy=hybrid)
[    9.551369] systemd[1]: Detected architecture arm64.
[    9.576458] systemd[1]: Set hostname to <analog>.
[    9.766820] systemd[1]: File /lib/systemd/system/systemd-journald.service:12 configures an IP firewall (IPAddressDeny=any), but the local system does not support BPF/cgroup based firewalling.
[    9.783879] systemd[1]: Proceeding WITHOUT firewalling in effect! (This warning is only shown for the first loaded unit using IP firewalling.)
[    9.948386] systemd[1]: /etc/systemd/system/tof-server.service:1: Assignment outside of section. Ignoring.
[    9.958106] systemd[1]: /etc/systemd/system/tof-server.service:2: Assignment outside of section. Ignoring.
[   10.142463] random: systemd: uninitialized urandom read (16 bytes read)
[   10.157152] random: systemd: uninitialized urandom read (16 bytes read)
[   10.164256] systemd[1]: Listening on Journal Socket (/dev/log).
[   10.187824] random: systemd: uninitialized urandom read (16 bytes read)
[   10.194672] systemd[1]: Listening on udev Kernel Socket.
[   10.215927] systemd[1]: Listening on initctl Compatibility Named Pipe.
[   11.046110] EXT4-fs (mmcblk0p2): re-mounted. Opts: (null)
[   11.196523] systemd-journald[152]: Received request to flush runtime journal from PID 1
[   16.590104] random: crng init done
[   16.590114] random: 7 urandom warning(s) missed due to ratelimiting
[   16.939959] macb ff0e0000.ethernet eth0: PHY [ff0e0000.ethernet-ffffffff:0c] driver [TI DP83867] (irq=POLL)
[   16.939971] macb ff0e0000.ethernet eth0: configuring for phy/rgmii-id link mode
[   17.299768] Adding 76796k swap on /var/swap.  Priority:-2 extents:2 across:78900k SS
[   19.857949] broken atomic modeset userspace detected, disabling atomic
[   21.025341] macb ff0e0000.ethernet eth0: Link is Up - 1Gbps/Full - flow control off
[   21.025367] IPv6: ADDRCONF(NETDEV_CHANGE): eth0: link becomes ready
[   22.528757] broken atomic modeset userspace detected, disabling atomic
[   25.413594] broken atomic modeset userspace detected, disabling atomic
[   28.052482] broken atomic modeset userspace detected, disabling atomic