[    0.000000] Booting Linux on physical CPU 0x0000000000 [0x410fd034]
[    0.000000] Linux version 5.10.0-98103-g2aa7ac113716 (jenkins@romlxbuild1.adlk.analog.com) (aarch64-xilinx-linux-gcc.real (GCC) 10.2.0, GNU ld (GNU Binutils) 2.35.0.20200730) #5577 SMP Wed Mar 23 07:28:49 GMT 2022
[    0.000000] Machine model: ZynqMP ZCU102 Rev1.0
[    0.000000] earlycon: cdns0 at MMIO 0x00000000ff000000 (options '115200n8')
[    0.000000] printk: bootconsole [cdns0] enabled
[    0.000000] efi: UEFI not found.
[    0.000000] cma: Reserved 256 MiB at 0x0000000070000000
[    0.000000] Zone ranges:
[    0.000000]   DMA      [mem 0x0000000000000000-0x000000003fffffff]
[    0.000000]   DMA32    [mem 0x0000000040000000-0x00000000ffffffff]
[    0.000000]   Normal   [mem 0x0000000100000000-0x000000087fffffff]
[    0.000000] Movable zone start for each node
[    0.000000] Early memory node ranges
[    0.000000]   node   0: [mem 0x0000000000000000-0x000000007fffffff]
[    0.000000]   node   0: [mem 0x0000000800000000-0x000000087fffffff]
[    0.000000] Initmem setup node 0 [mem 0x0000000000000000-0x000000087fffffff]
[    0.000000] On node 0 totalpages: 1048576
[    0.000000]   DMA zone: 3584 pages used for memmap
[    0.000000]   DMA zone: 0 pages reserved
[    0.000000]   DMA zone: 262144 pages, LIFO batch:63
[    0.000000]   DMA32 zone: 3584 pages used for memmap
[    0.000000]   DMA32 zone: 262144 pages, LIFO batch:63
[    0.000000]   Normal zone: 7168 pages used for memmap
[    0.000000]   Normal zone: 524288 pages, LIFO batch:63
[    0.000000] psci: probing for conduit method from DT.
[    0.000000] psci: PSCIv1.1 detected in firmware.
[    0.000000] psci: Using standard PSCI v0.2 function IDs
[    0.000000] psci: MIGRATE_INFO_TYPE not supported.
[    0.000000] psci: SMC Calling Convention v1.2
[    0.000000] percpu: Embedded 22 pages/cpu s49496 r8192 d32424 u90112
[    0.000000] pcpu-alloc: s49496 r8192 d32424 u90112 alloc=22*4096
[    0.000000] pcpu-alloc: [0] 0 [0] 1 [0] 2 [0] 3 
[    0.000000] Detected VIPT I-cache on CPU0
[    0.000000] CPU features: detected: ARM erratum 845719
[    0.000000] Built 1 zonelists, mobility grouping on.  Total pages: 1034240
[    0.000000] Kernel command line: console=ttyPS0,115200 root=/dev/mmcblk0p2 rw earlycon rootfstype=ext4 rootwait clk_ignore_unused cpuidle.off=1 root=/dev/mmcblk0p2 rw rootwait
[    0.000000] Dentry cache hash table entries: 524288 (order: 10, 4194304 bytes, linear)
[    0.000000] Inode-cache hash table entries: 262144 (order: 9, 2097152 bytes, linear)
[    0.000000] mem auto-init: stack:off, heap alloc:off, heap free:off
[    0.000000] software IO TLB: mapped [mem 0x000000003bfff000-0x000000003ffff000] (64MB)
[    0.000000] Memory: 3761904K/4194304K available (15296K kernel code, 1636K rwdata, 11876K rodata, 2560K init, 507K bss, 170256K reserved, 262144K cma-reserved)
[    0.000000] rcu: Hierarchical RCU implementation.
[    0.000000] rcu: 	RCU event tracing is enabled.
[    0.000000] rcu: 	RCU restricting CPUs from NR_CPUS=8 to nr_cpu_ids=4.
[    0.000000] rcu: RCU calculated value of scheduler-enlistment delay is 25 jiffies.
[    0.000000] rcu: Adjusting geometry for rcu_fanout_leaf=16, nr_cpu_ids=4
[    0.000000] NR_IRQS: 64, nr_irqs: 64, preallocated irqs: 0
[    0.000000] GIC: Adjusting CPU interface base to 0x00000000f902f000
[    0.000000] GIC: Using split EOI/Deactivate mode
[    0.000000] random: get_random_bytes called from start_kernel+0x31c/0x54c with crng_init=0
[    0.000000] arch_timer: cp15 timer(s) running at 100.00MHz (phys).
[    0.000000] clocksource: arch_sys_counter: mask: 0xffffffffffffff max_cycles: 0x171024e7e0, max_idle_ns: 440795205315 ns
[    0.000003] sched_clock: 56 bits at 100MHz, resolution 10ns, wraps every 4398046511100ns
[    0.008463] Console: colour dummy device 80x25
[    0.012482] Calibrating delay loop (skipped), value calculated using timer frequency.. 200.00 BogoMIPS (lpj=400000)
[    0.022840] pid_max: default: 32768 minimum: 301
[    0.027550] Mount-cache hash table entries: 8192 (order: 4, 65536 bytes, linear)
[    0.034789] Mountpoint-cache hash table entries: 8192 (order: 4, 65536 bytes, linear)
[    0.043396] rcu: Hierarchical SRCU implementation.
[    0.047560] EFI services will not be available.
[    0.051939] smp: Bringing up secondary CPUs ...
[    0.056659] Detected VIPT I-cache on CPU1
[    0.056699] CPU1: Booted secondary processor 0x0000000001 [0x410fd034]
[    0.057063] Detected VIPT I-cache on CPU2
[    0.057087] CPU2: Booted secondary processor 0x0000000002 [0x410fd034]
[    0.057427] Detected VIPT I-cache on CPU3
[    0.057450] CPU3: Booted secondary processor 0x0000000003 [0x410fd034]
[    0.057496] smp: Brought up 1 node, 4 CPUs
[    0.091780] SMP: Total of 4 processors activated.
[    0.096452] CPU features: detected: 32-bit EL0 Support
[    0.101556] CPU features: detected: CRC32 instructions
[    0.106696] CPU: All CPU(s) started at EL2
[    0.110736] alternatives: patching kernel code
[    0.116166] devtmpfs: initialized
[    0.124073] Registered cp15_barrier emulation handler
[    0.124124] Registered setend emulation handler
[    0.128101] clocksource: jiffies: mask: 0xffffffff max_cycles: 0xffffffff, max_idle_ns: 7645041785100000 ns
[    0.137679] futex hash table entries: 1024 (order: 4, 65536 bytes, linear)
[    0.151035] pinctrl core: initialized pinctrl subsystem
[    0.151681] NET: Registered protocol family 16
[    0.156100] DMA: preallocated 512 KiB GFP_KERNEL pool for atomic allocations
[    0.162116] DMA: preallocated 512 KiB GFP_KERNEL|GFP_DMA pool for atomic allocations
[    0.169843] DMA: preallocated 512 KiB GFP_KERNEL|GFP_DMA32 pool for atomic allocations
[    0.177644] audit: initializing netlink subsys (disabled)
[    0.183095] audit: type=2000 audit(0.116:1): state=initialized audit_enabled=0 res=1
[    0.183442] hw-breakpoint: found 6 breakpoint and 4 watchpoint registers.
[    0.197471] ASID allocator initialised with 65536 entries
[    0.224340] HugeTLB registered 1.00 GiB page size, pre-allocated 0 pages
[    0.225395] HugeTLB registered 32.0 MiB page size, pre-allocated 0 pages
[    0.232065] HugeTLB registered 2.00 MiB page size, pre-allocated 0 pages
[    0.238725] HugeTLB registered 64.0 KiB page size, pre-allocated 0 pages
[    1.304307] DRBG: Continuing without Jitter RNG
[    1.382126] raid6: neonx8   gen()  2143 MB/s
[    1.450174] raid6: neonx8   xor()  1599 MB/s
[    1.518230] raid6: neonx4   gen()  2194 MB/s
[    1.586275] raid6: neonx4   xor()  1569 MB/s
[    1.654341] raid6: neonx2   gen()  2075 MB/s
[    1.722395] raid6: neonx2   xor()  1441 MB/s
[    1.790456] raid6: neonx1   gen()  1772 MB/s
[    1.858502] raid6: neonx1   xor()  1220 MB/s
[    1.926560] raid6: int64x8  gen()  1438 MB/s
[    1.994617] raid6: int64x8  xor()   771 MB/s
[    2.062687] raid6: int64x4  gen()  1599 MB/s
[    2.130732] raid6: int64x4  xor()   818 MB/s
[    2.198807] raid6: int64x2  gen()  1397 MB/s
[    2.266852] raid6: int64x2  xor()   750 MB/s
[    2.334939] raid6: int64x1  gen()  1034 MB/s
[    2.402990] raid6: int64x1  xor()   517 MB/s
[    2.403028] raid6: using algorithm neonx4 gen() 2194 MB/s
[    2.406987] raid6: .... xor() 1569 MB/s, rmw enabled
[    2.411918] raid6: using neon recovery algorithm
[    2.416931] iommu: Default domain type: Translated 
[    2.421543] SCSI subsystem initialized
[    2.425087] libata version 3.00 loaded.
[    2.425211] usbcore: registered new interface driver usbfs
[    2.430543] usbcore: registered new interface driver hub
[    2.435816] usbcore: registered new device driver usb
[    2.440951] mc: Linux media interface: v0.10
[    2.445065] videodev: Linux video capture interface: v2.00
[    2.450556] EDAC MC: Ver: 3.0.0
[    2.454002] zynqmp-ipi-mbox mailbox@ff990400: Registered ZynqMP IPI mbox with TX/RX channels.
[    2.462479] jesd204: created con: id=0, topo=0, link=0, /axi/spi@ff050000/hmc7044@0 <-> /fpga-axi@0/axi-adxcvr-tx@84b60000
[    2.473086] jesd204: created con: id=1, topo=0, link=2, /axi/spi@ff050000/hmc7044@0 <-> /fpga-axi@0/axi-adxcvr-rx@84a60000
[    2.484070] jesd204: created con: id=2, topo=0, link=0, /fpga-axi@0/axi-adxcvr-tx@84b60000 <-> /fpga-axi@0/axi-jesd204-tx@84b90000
[    2.495746] jesd204: created con: id=3, topo=0, link=2, /fpga-axi@0/axi-adxcvr-rx@84a60000 <-> /fpga-axi@0/axi-jesd204-rx@84a90000
[    2.507423] jesd204: created con: id=4, topo=0, link=0, /fpga-axi@0/axi-jesd204-tx@84b90000 <-> /fpga-axi@0/axi-ad9081-tx-hpc@84b10000
[    2.519450] jesd204: created con: id=5, topo=0, link=2, /fpga-axi@0/axi-jesd204-rx@84a90000 <-> /fpga-axi@0/axi-ad9081-rx-hpc@84a10000
[    2.531473] jesd204: created con: id=6, topo=0, link=2, /fpga-axi@0/axi-ad9081-rx-hpc@84a10000 <-> /axi/spi@ff040000/ad9081@0
[    2.542715] jesd204: created con: id=7, topo=0, link=0, /fpga-axi@0/axi-ad9081-tx-hpc@84b10000 <-> /axi/spi@ff040000/ad9081@0
[    2.553965] jesd204: /axi/spi@ff040000/ad9081@0: JESD204[2] transition uninitialized -> initialized
[    2.562951] jesd204: /axi/spi@ff040000/ad9081@0: JESD204[0] transition uninitialized -> initialized
[    2.571943] jesd204: found 8 devices and 1 topologies
[    2.576987] FPGA manager framework
[    2.580467] Advanced Linux Sound Architecture Driver Initialized.
[    2.586760] Bluetooth: Core ver 2.22
[    2.589946] NET: Registered protocol family 31
[    2.594347] Bluetooth: HCI device and connection manager initialized
[    2.600663] Bluetooth: HCI socket layer initialized
[    2.605506] Bluetooth: L2CAP socket layer initialized
[    2.610529] Bluetooth: SCO socket layer initialized
[    2.615717] clocksource: Switched to clocksource arch_sys_counter
[    2.621521] VFS: Disk quotas dquot_6.6.0
[    2.625358] VFS: Dquot-cache hash table entries: 512 (order 0, 4096 bytes)
[    2.636075] NET: Registered protocol family 2
[    2.636803] tcp_listen_portaddr_hash hash table entries: 2048 (order: 3, 32768 bytes, linear)
[    2.644997] TCP established hash table entries: 32768 (order: 6, 262144 bytes, linear)
[    2.653022] TCP bind hash table entries: 32768 (order: 7, 524288 bytes, linear)
[    2.660467] TCP: Hash tables configured (established 32768 bind 32768)
[    2.666641] UDP hash table entries: 2048 (order: 4, 65536 bytes, linear)
[    2.673307] UDP-Lite hash table entries: 2048 (order: 4, 65536 bytes, linear)
[    2.680467] NET: Registered protocol family 1
[    2.684924] RPC: Registered named UNIX socket transport module.
[    2.690545] RPC: Registered udp transport module.
[    2.695209] RPC: Registered tcp transport module.
[    2.699879] RPC: Registered tcp NFSv4.1 backchannel transport module.
[    2.706870] PCI: CLS 0 bytes, default 64
[    2.710574] hw perfevents: no interrupt-affinity property for /pmu, guessing.
[    2.717430] hw perfevents: enabled with armv8_pmuv3 PMU driver, 7 counters available
[    2.725783] Initialise system trusted keyrings
[    2.729461] workingset: timestamp_bits=62 max_order=20 bucket_order=0
[    2.736361] NFS: Registering the id_resolver key type
[    2.740808] Key type id_resolver registered
[    2.744946] Key type id_legacy registered
[    2.748936] nfs4filelayout_init: NFSv4 File Layout Driver Registering...
[    2.755602] jffs2: version 2.2. (NAND) (SUMMARY)  Â© 2001-2006 Red Hat, Inc.
[    2.798871] NET: Registered protocol family 38
[    2.798913] xor: measuring software checksum speed
[    2.806600]    8regs           :  2363 MB/sec
[    2.810268]    32regs          :  2799 MB/sec
[    2.815211]    arm64_neon      :  2380 MB/sec
[    2.815401] xor: using function: 32regs (2799 MB/sec)
[    2.820427] Key type asymmetric registered
[    2.824488] Asymmetric key parser 'x509' registered
[    2.829349] Block layer SCSI generic (bsg) driver version 0.4 loaded (major 248)
[    2.836687] io scheduler mq-deadline registered
[    2.841183] io scheduler kyber registered
[    2.870600] Serial: 8250/16550 driver, 4 ports, IRQ sharing disabled
[    2.875233] cacheinfo: Unable to detect cache hierarchy for CPU 0
[    2.881578] brd: module loaded
[    2.885720] loop: module loaded
[    2.886271] Registered mathworks_ip class
[    2.889611] libphy: Fixed MDIO Bus: probed
[    2.892588] tun: Universal TUN/TAP device driver, 1.6
[    2.896645] CAN device driver interface
[    2.901183] usbcore: registered new interface driver asix
[    2.905781] usbcore: registered new interface driver ax88179_178a
[    2.911814] usbcore: registered new interface driver cdc_ether
[    2.917607] usbcore: registered new interface driver net1080
[    2.923231] usbcore: registered new interface driver cdc_subset
[    2.929113] usbcore: registered new interface driver zaurus
[    2.934658] usbcore: registered new interface driver cdc_ncm
[    2.941060] ehci_hcd: USB 2.0 'Enhanced' Host Controller (EHCI) Driver
[    2.946742] ehci-pci: EHCI PCI platform driver
[    2.951537] usbcore: registered new interface driver uas
[    2.956457] usbcore: registered new interface driver usb-storage
[    2.962447] usbcore: registered new interface driver usbserial_generic
[    2.968896] usbserial: USB Serial support registered for generic
[    2.974870] usbcore: registered new interface driver ftdi_sio
[    2.980573] usbserial: USB Serial support registered for FTDI USB Serial Device
[    2.987848] usbcore: registered new interface driver upd78f0730
[    2.993720] usbserial: USB Serial support registered for upd78f0730
[    3.001387] rtc_zynqmp ffa60000.rtc: registered as rtc0
[    3.005145] rtc_zynqmp ffa60000.rtc: setting system clock to 2022-04-12T21:04:13 UTC (1649797453)
[    3.014008] i2c /dev entries driver
[    3.019329] usbcore: registered new interface driver uvcvideo
[    3.023121] USB Video Class driver (1.1.1)
[    3.028700] Bluetooth: HCI UART driver ver 2.3
[    3.031592] Bluetooth: HCI UART protocol H4 registered
[    3.036706] Bluetooth: HCI UART protocol BCSP registered
[    3.041992] Bluetooth: HCI UART protocol LL registered
[    3.047079] Bluetooth: HCI UART protocol ATH3K registered
[    3.052453] Bluetooth: HCI UART protocol Three-wire (H5) registered
[    3.058708] Bluetooth: HCI UART protocol Intel registered
[    3.064047] Bluetooth: HCI UART protocol QCA registered
[    3.069245] usbcore: registered new interface driver bcm203x
[    3.074870] usbcore: registered new interface driver bpa10x
[    3.080404] usbcore: registered new interface driver bfusb
[    3.085853] usbcore: registered new interface driver btusb
[    3.091317] usbcore: registered new interface driver ath3k
[    3.096803] EDAC MC: ECC not enabled
[    3.100424] EDAC DEVICE0: Giving out device to module zynqmp-ocm-edac controller zynqmp_ocm: DEV ff960000.memory-controller (INTERRUPT)
[    3.112738] sdhci: Secure Digital Host Controller Interface driver
[    3.118529] sdhci: Copyright(c) Pierre Ossman
[    3.122853] sdhci-pltfm: SDHCI platform and OF driver helper
[    3.128909] ledtrig-cpu: registered to indicate activity on CPUs
[    3.134458] SMCCC: SOC_ID: ARCH_SOC_ID not implemented, skipping ....
[    3.140890] zynqmp_firmware_probe Platform Management API v1.1
[    3.146644] zynqmp_firmware_probe Trustzone version v1.0
[    3.186208] zynqmp-pinctrl firmware:zynqmp-firmware:pinctrl: zynqmp pinctrl initialized
[    3.234178] zynqmp-aes firmware:zynqmp-firmware:zynqmp-aes: will run requests pump with realtime priority
[    3.249995] alg: No test for xilinx-keccak-384 (zynqmp-keccak-384)
[    3.250708] alg: No test for xilinx-zynqmp-rsa (zynqmp-rsa)
[    3.256220] usbcore: registered new interface driver usbhid
[    3.261611] usbhid: USB HID core driver
[    3.272855] axi_sysid 85000000.axi-sysid-0: AXI System ID core version (1.01.a) found
[    3.275200] axi_sysid 85000000.axi-sysid-0: [ad9081_fmca_ebz] on [zcu102] git branch <master> git <084d44c9780640ca93fd847b1d9ec70dd65f5c67> clean [2022-03-18 04:17:50] UTC
[    3.290883] fpga_manager fpga0: Xilinx ZynqMP FPGA Manager registered
[    3.297245] usbcore: registered new interface driver snd-usb-audio
[    3.304700] pktgen: Packet Generator for packet performance testing. Version: 2.75
[    3.310889] Initializing XFRM netlink socket
[    3.314730] NET: Registered protocol family 10
[    3.319450] Segment Routing with IPv6
[    3.322821] sit: IPv6, IPv4 and MPLS over IPv4 tunneling driver
[    3.328899] NET: Registered protocol family 17
[    3.333004] NET: Registered protocol family 15
[    3.337496] can: controller area network core
[    3.341753] NET: Registered protocol family 29
[    3.346142] can: raw protocol
[    3.349078] can: broadcast manager protocol
[    3.353233] can: netlink gateway - max_hops=1
[    3.357627] Bluetooth: RFCOMM TTY layer initialized
[    3.362406] Bluetooth: RFCOMM socket layer initialized
[    3.367518] Bluetooth: RFCOMM ver 1.11
[    3.371225] Bluetooth: BNEP (Ethernet Emulation) ver 1.3
[    3.376496] Bluetooth: BNEP filters: protocol multicast
[    3.381690] Bluetooth: BNEP socket layer initialized
[    3.386618] Bluetooth: HIDP (Human Interface Emulation) ver 1.2
[    3.392501] Bluetooth: HIDP socket layer initialized
[    3.397558] 9pnet: Installing 9P2000 support
[    3.401679] NET: Registered protocol family 36
[    3.406095] Key type dns_resolver registered
[    3.410535] registered taskstats version 1
[    3.414391] Loading compiled-in X.509 certificates
[    3.419508] Btrfs loaded, crc32c=crc32c-generic
[    3.431926] ff000000.serial: ttyPS0 at MMIO 0xff000000 (irq = 49, base_baud = 6249999) is a xuartps
[    3.440952] printk: console [ttyPS0] enabled
[    3.445247] printk: bootconsole [cdns0] disabled
[    3.454876] ff010000.serial: ttyPS1 at MMIO 0xff010000 (irq = 50, base_baud = 6249999) is a xuartps
[    3.468125] of-fpga-region fpga-full: FPGA Region probed
[    3.475067] nwl-pcie fd0e0000.pcie: host bridge /axi/pcie@fd0e0000 ranges:
[    3.481958] nwl-pcie fd0e0000.pcie:      MEM 0x00e0000000..0x00efffffff -> 0x00e0000000
[    3.489968] nwl-pcie fd0e0000.pcie:      MEM 0x0600000000..0x07ffffffff -> 0x0600000000
[    3.498031] nwl-pcie fd0e0000.pcie: Link is DOWN
[    3.502787] nwl-pcie fd0e0000.pcie: PCI host bridge to bus 0000:00
[    3.508968] pci_bus 0000:00: root bus resource [bus 00-ff]
[    3.514448] pci_bus 0000:00: root bus resource [mem 0xe0000000-0xefffffff]
[    3.521318] pci_bus 0000:00: root bus resource [mem 0x600000000-0x7ffffffff pref]
[    3.528821] pci 0000:00:00.0: [10ee:d021] type 01 class 0x060400
[    3.534877] pci 0000:00:00.0: PME# supported from D0 D1 D2 D3hot
[    3.545318] pci 0000:00:00.0: PCI bridge to [bus 01-0c]
[    3.551296] xilinx-zynqmp-dma fd500000.dma: ZynqMP DMA driver Probe success
[    3.558475] xilinx-zynqmp-dma fd510000.dma: ZynqMP DMA driver Probe success
[    3.565650] xilinx-zynqmp-dma fd520000.dma: ZynqMP DMA driver Probe success
[    3.572822] xilinx-zynqmp-dma fd530000.dma: ZynqMP DMA driver Probe success
[    3.579995] xilinx-zynqmp-dma fd540000.dma: ZynqMP DMA driver Probe success
[    3.587166] xilinx-zynqmp-dma fd550000.dma: ZynqMP DMA driver Probe success
[    3.594336] xilinx-zynqmp-dma fd560000.dma: ZynqMP DMA driver Probe success
[    3.601501] xilinx-zynqmp-dma fd570000.dma: ZynqMP DMA driver Probe success
[    3.608894] xilinx-zynqmp-dpdma fd4c0000.dma-controller: Xilinx DPDMA engine is probed
[    3.617449] ahci-ceva fd0c0000.ahci: supply ahci not found, using dummy regulator
[    3.624990] ahci-ceva fd0c0000.ahci: supply phy not found, using dummy regulator
[    3.715887] hmc7044 spi2.0: PLL1: Acquisition, CLKIN0 @ 122880000 Hz, PFD: 80 kHz - PLL2: Locked @ 2576.000000 MHz
[    3.726607] jesd204: /axi/spi@ff050000/hmc7044@0,jesd204:1,parent=spi2.0: Using as SYSREF provider
[    3.736192] spi-nor spi0.0: SPI-NOR-UniqueID 100000235394732200270025081115266e
[    3.743500] spi-nor spi0.0: found n25q512a, expected m25p80
[    3.749697] spi-nor spi0.0: trying to lock already unlocked area
[    3.755702] spi-nor spi0.0: n25q512a (131072 Kbytes)
[    3.760687] 4 fixed-partitions partitions found on MTD device spi0.0
[    3.767034] Creating 4 MTD partitions on "spi0.0":
[    3.771820] 0x000000000000-0x000000100000 : "qspi-fsbl-uboot"
[    3.778295] 0x000000100000-0x000000600000 : "qspi-linux"
[    3.784262] 0x000000600000-0x000000620000 : "qspi-device-tree"
[    3.790744] 0x000000620000-0x000000c00000 : "qspi-rootfs"
[    3.799210] macb ff0e0000.ethernet: Not enabling partial store and forward
[    3.806720] libphy: MACB_mii_bus: probed
[    3.811784] macb ff0e0000.ethernet eth0: Cadence GEM rev 0x50070106 at 0xff0e0000 irq 30 (00:0a:35:04:8e:1b)
[    3.821999] xilinx-axipmon ffa00000.perf-monitor: Probed Xilinx APM
[    3.828571] xilinx-axipmon fd0b0000.perf-monitor: Probed Xilinx APM
[    3.835087] xilinx-axipmon fd490000.perf-monitor: Probed Xilinx APM
[    3.841624] xilinx-axipmon ffa10000.perf-monitor: Probed Xilinx APM
[    3.851635] pca953x 0-0020: supply vcc not found, using dummy regulator
[    3.858317] pca953x 0-0020: using no AI
[    3.862810] gpio-496 (sel0): hogged as output/low
[    3.867724] gpio-497 (sel1): hogged as output/high
[    3.872709] gpio-498 (sel2): hogged as output/high
[    3.877699] gpio-499 (sel3): hogged as output/high
[    3.882868] pca953x 0-0021: supply vcc not found, using dummy regulator
[    3.889538] pca953x 0-0021: using no AI
[    3.895288] ina2xx 2-0040: power monitor ina226 (Rshunt = 5000 uOhm)
[    3.902318] ina2xx 2-0041: power monitor ina226 (Rshunt = 5000 uOhm)
[    3.909354] ina2xx 2-0042: power monitor ina226 (Rshunt = 5000 uOhm)
[    3.916384] ina2xx 2-0043: power monitor ina226 (Rshunt = 5000 uOhm)
[    3.923407] ina2xx 2-0044: power monitor ina226 (Rshunt = 5000 uOhm)
[    3.930427] ina2xx 2-0045: power monitor ina226 (Rshunt = 5000 uOhm)
[    3.937458] ina2xx 2-0046: power monitor ina226 (Rshunt = 5000 uOhm)
[    3.944525] ina2xx 2-0047: power monitor ina226 (Rshunt = 5000 uOhm)
[    3.951553] ina2xx 2-004a: power monitor ina226 (Rshunt = 5000 uOhm)
[    3.958578] ina2xx 2-004b: power monitor ina226 (Rshunt = 5000 uOhm)
[    3.964982] i2c i2c-0: Added multiplexed i2c bus 2
[    3.970365] random: fast init done
[    3.973833] ina2xx 3-0040: power monitor ina226 (Rshunt = 2000 uOhm)
[    3.980861] ina2xx 3-0041: power monitor ina226 (Rshunt = 5000 uOhm)
[    3.987892] ina2xx 3-0042: power monitor ina226 (Rshunt = 5000 uOhm)
[    3.994924] ina2xx 3-0043: power monitor ina226 (Rshunt = 5000 uOhm)
[    4.001953] ina2xx 3-0044: power monitor ina226 (Rshunt = 5000 uOhm)
[    4.008989] ina2xx 3-0045: power monitor ina226 (Rshunt = 5000 uOhm)
[    4.016017] ina2xx 3-0046: power monitor ina226 (Rshunt = 5000 uOhm)
[    4.023059] ina2xx 3-0047: power monitor ina226 (Rshunt = 5000 uOhm)
[    4.029459] i2c i2c-0: Added multiplexed i2c bus 3
[    4.085145] i2c i2c-0: Added multiplexed i2c bus 4
[    4.090085] i2c i2c-0: Added multiplexed i2c bus 5
[    4.094876] pca954x 0-0075: registered 4 multiplexed busses for I2C mux pca9544
[    4.102225] cdns-i2c ff020000.i2c: 400 kHz mmio ff020000 irq 32
[    4.109963] at24 6-0054: supply vcc not found, using dummy regulator
[    4.116852] at24 6-0054: 1024 byte 24c08 EEPROM, writable, 1 bytes/write
[    4.123601] i2c i2c-1: Added multiplexed i2c bus 6
[    4.130028] si5341 7-0036: Chip: 5341 Grade: 1 Rev: 1
[    4.167756] i2c i2c-1: Added multiplexed i2c bus 7
[    4.175402] si570 8-005d: registered, current frequency 300000000 Hz
[    4.181802] i2c i2c-1: Added multiplexed i2c bus 8
[    4.201583] si570 9-005d: registered, current frequency 148500000 Hz
[    4.207982] i2c i2c-1: Added multiplexed i2c bus 9
[    4.213024] si5324 10-0069: si5328 probed
[    4.280091] si5324 10-0069: si5328 probe successful
[    4.285022] i2c i2c-1: Added multiplexed i2c bus 10
[    4.290046] i2c i2c-1: Added multiplexed i2c bus 11
[    4.295066] i2c i2c-1: Added multiplexed i2c bus 12
[    4.300087] i2c i2c-1: Added multiplexed i2c bus 13
[    4.304966] pca954x 1-0074: registered 8 multiplexed busses for I2C switch pca9548
[    4.313078] at24 14-0050: supply vcc not found, using dummy regulator
[    4.319861] at24 14-0050: 256 byte 24c02 EEPROM, writable, 1 bytes/write
[    4.326610] i2c i2c-1: Added multiplexed i2c bus 14
[    4.331651] i2c i2c-1: Added multiplexed i2c bus 15
[    4.336684] i2c i2c-1: Added multiplexed i2c bus 16
[    4.341716] i2c i2c-1: Added multiplexed i2c bus 17
[    4.346752] i2c i2c-1: Added multiplexed i2c bus 18
[    4.351801] i2c i2c-1: Added multiplexed i2c bus 19
[    4.356839] i2c i2c-1: Added multiplexed i2c bus 20
[    4.361879] i2c i2c-1: Added multiplexed i2c bus 21
[    4.366758] pca954x 1-0075: registered 8 multiplexed busses for I2C switch pca9548
[    4.374368] cdns-i2c ff030000.i2c: 400 kHz mmio ff030000 irq 33
[    4.384110] cdns-wdt fd4d0000.watchdog: Xilinx Watchdog Timer with timeout 60s
[    4.393167] axi_adxcvr 84a60000.axi-adxcvr-rx: adxcvr_enforce_settings: Using QPLL without access, assuming desired Lane rate will be configured by a different instance
[    4.409804] axi_adxcvr 84a60000.axi-adxcvr-rx: AXI-ADXCVR-RX (17.05.a) using QPLL on GTH4 at 0x84A60000. Number of lanes: 4.
[    4.421961] axi_adxcvr 84b60000.axi-adxcvr-tx: AXI-ADXCVR-TX (17.05.a) using QPLL on GTH4 at 0x84B60000. Number of lanes: 4.
[    4.425920] mmc0: SDHCI controller on ff170000.mmc [ff170000.mmc] using ADMA 64-bit
[    4.441115] axi-jesd204-rx 84a90000.axi-jesd204-rx: AXI-JESD204-RX (1.07.a) at 0x84A90000. Encoder 8b10b, width 4/4, lanes 4, jesd204-fsm.
[    4.453945] axi-jesd204-tx 84b90000.axi-jesd204-tx: AXI-JESD204-TX (1.06.a) at 0x84B90000. Encoder 8b10b, width 4/4, lanes 4, jesd204-fsm.
[    4.467447] zynqmp-display fd4a0000.display: vtc bridge property not present
[    4.473481] mmc0: new high speed SDHC card at address 0001
[    4.477096] xilinx-dp-snd-codec fd4a0000.display:zynqmp_dp_snd_codec0: Failed to get required clock freq
[    4.480332] mmcblk0: mmc0:0001 EB1QT 29.8 GiB 
[    4.489460] xilinx-dp-snd-codec: probe of fd4a0000.display:zynqmp_dp_snd_codec0 failed with error -22
[    4.495120]  mmcblk0: p1 p2 p3
[    4.503443] xilinx-dp-snd-pcm zynqmp_dp_snd_pcm0: Xilinx DisplayPort Sound PCM probed
[    4.514313] xilinx-dp-snd-pcm zynqmp_dp_snd_pcm1: Xilinx DisplayPort Sound PCM probed
[    4.522523] OF: graph: no port node found in /axi/display@fd4a0000
[    4.528931] xlnx-drm xlnx-drm.0: bound fd4a0000.display (ops 0xffffffc010fcbdb8)
[    5.615732] zynqmp-display fd4a0000.display: [drm] Cannot find any crtc or sizes
[    5.623352] [drm] Initialized xlnx 1.0.0 20130509 for fd4a0000.display on minor 0
[    5.630846] zynqmp-display fd4a0000.display: ZynqMP DisplayPort Subsystem driver probed
[    5.639157] ahci-ceva fd0c0000.ahci: supply ahci not found, using dummy regulator
[    5.646705] ahci-ceva fd0c0000.ahci: supply phy not found, using dummy regulator
[    5.654159] ahci-ceva fd0c0000.ahci: supply target not found, using dummy regulator
[    5.661996] ahci-ceva fd0c0000.ahci: AHCI 0001.0301 32 slots 2 ports 6 Gbps 0x3 impl platform mode
[    5.670953] ahci-ceva fd0c0000.ahci: flags: 64bit ncq sntf pm clo only pmp fbs pio slum part ccc sds apst 
[    5.681648] scsi host0: ahci-ceva
[    5.685236] scsi host1: ahci-ceva
[    5.688660] ata1: SATA max UDMA/133 mmio [mem 0xfd0c0000-0xfd0c1fff] port 0x100 irq 45
[    5.696579] ata2: SATA max UDMA/133 mmio [mem 0xfd0c0000-0xfd0c1fff] port 0x180 irq 45
[    5.705192] ad9081 spi1.0: supply vdd not found, using dummy regulator
[    6.017967] ata1: SATA link down (SStatus 0 SControl 330)
[    6.023377] ata2: SATA link down (SStatus 0 SControl 330)
[    6.699736] zynqmp-display fd4a0000.display: [drm] Cannot find any crtc or sizes
[    7.496598] ad9081 spi1.0: AD9081 Rev. 2 Grade 10 (API 1.2.2) probed
[    7.503803] xhci-hcd xhci-hcd.1.auto: xHCI Host Controller
[    7.509290] xhci-hcd xhci-hcd.1.auto: new USB bus registered, assigned bus number 1
[    7.517040] xhci-hcd xhci-hcd.1.auto: hcc params 0x0238f625 hci version 0x100 quirks 0x0000000002010810
[    7.526452] xhci-hcd xhci-hcd.1.auto: irq 59, io mem 0xfe200000
[    7.532557] usb usb1: New USB device found, idVendor=1d6b, idProduct=0002, bcdDevice= 5.10
[    7.540817] usb usb1: New USB device strings: Mfr=3, Product=2, SerialNumber=1
[    7.548034] usb usb1: Product: xHCI Host Controller
[    7.552904] usb usb1: Manufacturer: Linux 5.10.0-98103-g2aa7ac113716 xhci-hcd
[    7.560030] usb usb1: SerialNumber: xhci-hcd.1.auto
[    7.565199] hub 1-0:1.0: USB hub found
[    7.568966] hub 1-0:1.0: 1 port detected
[    7.573069] xhci-hcd xhci-hcd.1.auto: xHCI Host Controller
[    7.578552] xhci-hcd xhci-hcd.1.auto: new USB bus registered, assigned bus number 2
[    7.586204] xhci-hcd xhci-hcd.1.auto: Host supports USB 3.0 SuperSpeed
[    7.592830] usb usb2: New USB device found, idVendor=1d6b, idProduct=0003, bcdDevice= 5.10
[    7.601090] usb usb2: New USB device strings: Mfr=3, Product=2, SerialNumber=1
[    7.608310] usb usb2: Product: xHCI Host Controller
[    7.613178] usb usb2: Manufacturer: Linux 5.10.0-98103-g2aa7ac113716 xhci-hcd
[    7.620307] usb usb2: SerialNumber: xhci-hcd.1.auto
[    7.625426] hub 2-0:1.0: USB hub found
[    7.629183] hub 2-0:1.0: 1 port detected
[    7.659273] cf_axi_adc 84a10000.axi-ad9081-rx-hpc: ADI AIM (10.01.b) at 0x84A10000 mapped to 0x(____ptrval____), probed ADC AD9081 as MASTER
[    7.692555] cf_axi_dds 84b10000.axi-ad9081-tx-hpc: Analog Devices CF_AXI_DDS_DDS MASTER (9.01.b) at 0x84B10000 mapped to 0x(____ptrval____), probed DDS AD9081
[    7.706755] jesd204: /axi/spi@ff040000/ad9081@0,jesd204:0,parent=spi1.0: JESD204[2] transition initialized -> probed
[    7.717276] jesd204: /axi/spi@ff040000/ad9081@0,jesd204:0,parent=spi1.0: JESD204[0] transition initialized -> probed
[    7.727800] jesd204: /axi/spi@ff040000/ad9081@0,jesd204:0,parent=spi1.0: JESD204[2] transition probed -> idle
[    7.737709] jesd204: /axi/spi@ff040000/ad9081@0,jesd204:0,parent=spi1.0: JESD204[0] transition probed -> idle
[    7.747623] jesd204: /axi/spi@ff040000/ad9081@0,jesd204:0,parent=spi1.0: JESD204[2] transition idle -> device_init
[    7.757965] jesd204: /axi/spi@ff040000/ad9081@0,jesd204:0,parent=spi1.0: JESD204[0] transition idle -> device_init
[    7.768318] jesd204: /axi/spi@ff040000/ad9081@0,jesd204:0,parent=spi1.0: JESD204[2] transition device_init -> link_init
[    7.779092] jesd204: /axi/spi@ff040000/ad9081@0,jesd204:0,parent=spi1.0: JESD204[0] transition device_init -> link_init
[    7.789884] jesd204: /axi/spi@ff040000/ad9081@0,jesd204:0,parent=spi1.0: JESD204[2] transition link_init -> link_supported
[    7.800923] jesd204: /axi/spi@ff040000/ad9081@0,jesd204:0,parent=spi1.0: JESD204[0] transition link_init -> link_supported
[    7.812331] hmc7044 spi2.0: hmc7044_jesd204_link_pre_setup: Link2 forcing continuous SYSREF mode
[    7.821449] jesd204: /axi/spi@ff040000/ad9081@0,jesd204:0,parent=spi1.0: JESD204[2] transition link_supported -> link_pre_setup
[    7.832928] jesd204: /axi/spi@ff040000/ad9081@0,jesd204:0,parent=spi1.0: JESD204[0] transition link_supported -> link_pre_setup
[    7.856761] jesd204: /axi/spi@ff040000/ad9081@0,jesd204:0,parent=spi1.0: JESD204[2] transition link_pre_setup -> clk_sync_stage1
[    7.868325] jesd204: /axi/spi@ff040000/ad9081@0,jesd204:0,parent=spi1.0: JESD204[0] transition link_pre_setup -> clk_sync_stage1
[    7.879889] jesd204: /axi/spi@ff040000/ad9081@0,jesd204:0,parent=spi1.0: JESD204[2] transition clk_sync_stage1 -> clk_sync_stage2
[    7.891533] jesd204: /axi/spi@ff040000/ad9081@0,jesd204:0,parent=spi1.0: JESD204[0] transition clk_sync_stage1 -> clk_sync_stage2
[    7.903185] jesd204: /axi/spi@ff040000/ad9081@0,jesd204:0,parent=spi1.0: JESD204[2] transition clk_sync_stage2 -> clk_sync_stage3
[    7.914835] jesd204: /axi/spi@ff040000/ad9081@0,jesd204:0,parent=spi1.0: JESD204[0] transition clk_sync_stage2 -> clk_sync_stage3
[    7.928501] jesd204: /axi/spi@ff040000/ad9081@0,jesd204:0,parent=spi1.0: JESD204[2] transition clk_sync_stage3 -> link_setup
[    7.939720] jesd204: /axi/spi@ff040000/ad9081@0,jesd204:0,parent=spi1.0: JESD204[0] transition clk_sync_stage3 -> link_setup
[    7.955770] jesd204: /axi/spi@ff040000/ad9081@0,jesd204:0,parent=spi1.0: JESD204[2] transition link_setup -> opt_setup_stage1
[    7.967068] jesd204: /axi/spi@ff040000/ad9081@0,jesd204:0,parent=spi1.0: JESD204[0] transition link_setup -> opt_setup_stage1
[    7.983411] jesd204: /axi/spi@ff040000/ad9081@0,jesd204:0,parent=spi1.0: JESD204[2] transition opt_setup_stage1 -> opt_setup_stage2
[    7.995235] jesd204: /axi/spi@ff040000/ad9081@0,jesd204:0,parent=spi1.0: JESD204[0] transition opt_setup_stage1 -> opt_setup_stage2
[    8.007208] jesd204: /axi/spi@ff040000/ad9081@0,jesd204:0,parent=spi1.0: JESD204[2] transition opt_setup_stage2 -> opt_setup_stage3
[    8.019027] jesd204: /axi/spi@ff040000/ad9081@0,jesd204:0,parent=spi1.0: JESD204[0] transition opt_setup_stage2 -> opt_setup_stage3
[    8.030851] jesd204: /axi/spi@ff040000/ad9081@0,jesd204:0,parent=spi1.0: JESD204[2] transition opt_setup_stage3 -> opt_setup_stage4
[    8.042669] jesd204: /axi/spi@ff040000/ad9081@0,jesd204:0,parent=spi1.0: JESD204[0] transition opt_setup_stage3 -> opt_setup_stage4
[    8.054497] jesd204: /axi/spi@ff040000/ad9081@0,jesd204:0,parent=spi1.0: JESD204[2] transition opt_setup_stage4 -> opt_setup_stage5
[    8.066323] jesd204: /axi/spi@ff040000/ad9081@0,jesd204:0,parent=spi1.0: JESD204[0] transition opt_setup_stage4 -> opt_setup_stage5
[    8.084278] jesd204: /axi/spi@ff040000/ad9081@0,jesd204:0,parent=spi1.0: JESD204[2] transition opt_setup_stage5 -> clocks_enable
[    8.095836] jesd204: /axi/spi@ff040000/ad9081@0,jesd204:0,parent=spi1.0: JESD204[0] transition opt_setup_stage5 -> clocks_enable
[    8.107456] jesd204: /axi/spi@ff040000/ad9081@0,jesd204:0,parent=spi1.0: JESD204[2] transition clocks_enable -> link_enable
[    8.118587] jesd204: /axi/spi@ff040000/ad9081@0,jesd204:0,parent=spi1.0: JESD204[0] transition clocks_enable -> link_enable
[    8.151956] ad9081 spi1.0: JESD RX (JTX) Link2 in DATA, SYNC deasserted, PLL locked, PHASE established, MODE valid
[    8.162556] ad9081 spi1.0: JESD TX (JRX) Link0 0xF lanes in DATA
[    8.168567] jesd204: /axi/spi@ff040000/ad9081@0,jesd204:0,parent=spi1.0: JESD204[2] transition link_enable -> link_running
[    8.179605] jesd204: /axi/spi@ff040000/ad9081@0,jesd204:0,parent=spi1.0: JESD204[0] transition link_enable -> link_running
[    8.190654] jesd204: /axi/spi@ff040000/ad9081@0,jesd204:0,parent=spi1.0: JESD204[2] transition link_running -> opt_post_running_stage
[    8.202651] jesd204: /axi/spi@ff040000/ad9081@0,jesd204:0,parent=spi1.0: JESD204[0] transition link_running -> opt_post_running_stage
[    8.223888] input: gpio-keys as /devices/platform/gpio-keys/input/input0
[    8.230898] of_cfs_init
[    8.233366] of_cfs_init: OK
[    8.236309] cfg80211: Loading compiled-in X.509 certificates for regulatory database
[    8.374572] cfg80211: Loaded X.509 cert 'sforshee: 00b28ddf47aef9cea7'
[    8.381111] clk: Not disabling unused clocks
[    8.385644] ALSA device list:
[    8.388604]   No soundcards found.
[    8.392279] platform regulatory.0: Direct firmware load for regulatory.db failed with error -2
[    8.400883] cfg80211: failed to load regulatory.db
[    8.416123] EXT4-fs (mmcblk0p2): mounted filesystem with ordered data mode. Opts: (null)
[    8.424239] VFS: Mounted root (ext4 filesystem) on device 179:2.
[    8.437383] devtmpfs: mounted
[    8.441200] Freeing unused kernel memory: 2560K
[    8.463763] Run /sbin/init as init process
[    8.467861]   with arguments:
[    8.467863]     /sbin/init
[    8.467865]   with environment:
[    8.467868]     HOME=/
[    8.467870]     TERM=linux
[    9.036971] systemd[1]: systemd 241 running in system mode. (+PAM +AUDIT +SELINUX +IMA +APPARMOR +SMACK +SYSVINIT +UTMP +LIBCRYPTSETUP +GCRYPT +GNUTLS +ACL +XZ +LZ4 +SECCOMP +BLKID +ELFUTILS +KMOD -IDN2 +IDN -PCRE2 default-hierarchy=hybrid)
[    9.058829] systemd[1]: Detected architecture arm64.
[    9.080435] systemd[1]: Set hostname to <analog>.
[    9.289183] systemd[1]: File /lib/systemd/system/systemd-journald.service:12 configures an IP firewall (IPAddressDeny=any), but the local system does not support BPF/cgroup based firewalling.
[    9.306229] systemd[1]: Proceeding WITHOUT firewalling in effect! (This warning is only shown for the first loaded unit using IP firewalling.)
[    9.469597] systemd[1]: /etc/systemd/system/tof-server.service:1: Assignment outside of section. Ignoring.
[    9.479319] systemd[1]: /etc/systemd/system/tof-server.service:2: Assignment outside of section. Ignoring.
[    9.662072] random: systemd: uninitialized urandom read (16 bytes read)
[    9.676721] random: systemd: uninitialized urandom read (16 bytes read)
[    9.683657] systemd[1]: Listening on Syslog Socket.
[    9.699819] random: systemd: uninitialized urandom read (16 bytes read)
[    9.707007] systemd[1]: Created slice system-systemd\x2dfsck.slice.
[    9.728175] systemd[1]: Listening on Journal Socket.
[   10.276800] ------------[ cut here ]------------
[   10.276809] Enabling unprepared \xa0\xb9P\x88\xff\xff\xff@P\x88\xff\xff\xff
[   10.276854] WARNING: CPU: 2 PID: 112 at drivers/clk/clk.c:1012 clk_core_enable+0xa4/0xc0
[   10.276857] Modules linked in:
[   10.276867] CPU: 2 PID: 112 Comm: kworker/2:1H Not tainted 5.10.0-98103-g2aa7ac113716 #5577
[   10.276870] Hardware name: ZynqMP ZCU102 Rev1.0 (DT)
[   10.276879] Workqueue: kblockd blk_mq_run_work_fn
[   10.276887] pstate: 80000085 (Nzcv daIf -PAN -UAO -TCO BTYPE=--)
[   10.276892] pc : clk_core_enable+0xa4/0xc0
[   10.276898] lr : clk_core_enable+0xa4/0xc0
[   10.276901] sp : ffffffc0127d32d0
[   10.276904] x29: ffffffc0127d32d0 x28: ffffff8800330c10 
[   10.276910] x27: ffffff8800330d48 x26: 0000005000000101 
[   10.276917] x25: 000000025e9a195a x24: 0000000000000001 
[   10.276923] x23: ffffff88010d3800 x22: ffffff8801043220 
[   10.276930] x21: ffffff8801504000 x20: ffffff8801504008 
[   10.276937] x19: ffffff8801504008 x18: 0000000000000030 
[   10.276943] x17: 0000000000000001 x16: 0000b59cefee0896 
[   10.276950] x15: ffffffffffff8700 x14: ffffffc011d3b1a0 
[   10.276956] x13: ffffffc011d3b1c8 x12: 00000000000005e8 
[   10.276963] x11: 00000000000001f8 x10: ffffffc011d671c8 
[   10.276969] x9 : 00000000fffff800 x8 : ffffffc011d3b1c8 
[   10.276976] x7 : ffffffc011d671c8 x6 : 0000000000000001 
[   10.276983] x5 : ffffff887f7929e0 x4 : 0000000000000000 
[   10.276989] x3 : 0000000000000027 x2 : 0000000000000023 
[   10.276995] x1 : bbf7927fe2cb6d00 x0 : 0000000000000000 
[   10.277001] Call trace:
[   10.277008]  clk_core_enable+0xa4/0xc0
[   10.277013]  clk_enable+0x2c/0x60
[   10.277019]  zynqmp_runtime_resume+0x24/0x84
[   10.277026]  pm_generic_runtime_resume+0x30/0x50
[   10.277032]  __genpd_runtime_resume+0x30/0xb0
[   10.277038]  genpd_runtime_resume+0x90/0x250
[   10.277044]  __rpm_callback+0x10c/0x1e0
[   10.277049]  rpm_callback+0x5c/0x84
[   10.277054]  rpm_resume+0x4a4/0x74c
[   10.277059]  __pm_runtime_resume+0x78/0xc4
[   10.277064]  spi_mem_access_start.isra.0+0x30/0x80
[   10.277068]  spi_mem_exec_op+0x3b0/0x424
[   10.277073]  spi_nor_read_sr+0x78/0xe0
[   10.277078]  spi_nor_wait_till_ready_with_timeout+0xb4/0x2f0
[   10.277083]  spi_nor_read+0x188/0x380
[   10.277088]  mtd_read_oob_std+0x78/0x84
[   10.277092]  mtd_read_oob+0x7c/0x134
[   10.277097]  mtd_read+0x48/0x7c
[   10.277102]  mtdblock_readsect+0x6c/0x150
[   10.277107]  mtd_queue_rq+0x2cc/0x5a0
[   10.277113]  blk_mq_dispatch_rq_list+0x110/0x790
[   10.277119]  __blk_mq_do_dispatch_sched+0x200/0x274
[   10.277125]  __blk_mq_sched_dispatch_requests+0x1a8/0x1fc
[   10.277130]  blk_mq_sched_dispatch_requests+0x3c/0x7c
[   10.277135]  __blk_mq_run_hw_queue+0x98/0x100
[   10.277140]  blk_mq_run_work_fn+0x24/0x30
[   10.277145]  process_one_work+0x1d4/0x380
[   10.277149]  worker_thread+0x78/0x4e0
[   10.277155]  kthread+0x124/0x130
[   10.277160]  ret_from_fork+0x10/0x3c
[   10.277164] ---[ end trace 2331ead88801a168 ]---
[   10.277171] zynqmp-qspi ff0f0000.spi: Cannot enable APB clock.
[   10.277219] spi_master spi0: Failed to power device: -108
[   10.277229] blk_update_request: I/O error, dev mtdblock0, sector 8 op 0x0:(READ) flags 0x80700 phys_seg 1 prio class 0
[   10.277304] spi_master spi0: Failed to power device: -22
[   10.277310] blk_update_request: I/O error, dev mtdblock0, sector 8 op 0x0:(READ) flags 0x0 phys_seg 8 prio class 0
[   10.277316] Buffer I/O error on dev mtdblock0, logical block 8, async page read
[   10.277325] spi_master spi0: Failed to power device: -22
[   10.277331] blk_update_request: I/O error, dev mtdblock0, sector 9 op 0x0:(READ) flags 0x0 phys_seg 7 prio class 0
[   10.277335] Buffer I/O error on dev mtdblock0, logical block 9, async page read
[   10.277342] spi_master spi0: Failed to power device: -22
[   10.277348] blk_update_request: I/O error, dev mtdblock0, sector 10 op 0x0:(READ) flags 0x0 phys_seg 6 prio class 0
[   10.277352] Buffer I/O error on dev mtdblock0, logical block 10, async page read
[   10.277359] spi_master spi0: Failed to power device: -22
[   10.277365] blk_update_request: I/O error, dev mtdblock0, sector 11 op 0x0:(READ) flags 0x0 phys_seg 5 prio class 0
[   10.277368] Buffer I/O error on dev mtdblock0, logical block 11, async page read
[   10.277375] spi_master spi0: Failed to power device: -22
[   10.277381] blk_update_request: I/O error, dev mtdblock0, sector 12 op 0x0:(READ) flags 0x0 phys_seg 4 prio class 0
[   10.277385] Buffer I/O error on dev mtdblock0, logical block 12, async page read
[   10.277392] spi_master spi0: Failed to power device: -22
[   10.277397] blk_update_request: I/O error, dev mtdblock0, sector 13 op 0x0:(READ) flags 0x0 phys_seg 3 prio class 0
[   10.277401] Buffer I/O error on dev mtdblock0, logical block 13, async page read
[   10.277408] spi_master spi0: Failed to power device: -22
[   10.277413] blk_update_request: I/O error, dev mtdblock0, sector 14 op 0x0:(READ) flags 0x0 phys_seg 2 prio class 0
[   10.277417] Buffer I/O error on dev mtdblock0, logical block 14, async page read
[   10.277424] spi_master spi0: Failed to power device: -22
[   10.277430] blk_update_request: I/O error, dev mtdblock0, sector 15 op 0x0:(READ) flags 0x0 phys_seg 1 prio class 0
[   10.277433] Buffer I/O error on dev mtdblock0, logical block 15, async page read
[   10.277750] spi_master spi0: Failed to power device: -22
[   10.277757] blk_update_request: I/O error, dev mtdblock1, sector 10112 op 0x0:(READ) flags 0x80700 phys_seg 1 prio class 0
[   10.277801] spi_master spi0: Failed to power device: -22
[   10.277807] Buffer I/O error on dev mtdblock1, logical block 10112, async page read
[   10.277814] spi_master spi0: Failed to power device: -22
[   10.277819] Buffer I/O error on dev mtdblock1, logical block 10113, async page read
[   10.277826] spi_master spi0: Failed to power device: -22
[   10.277834] spi_master spi0: Failed to power device: -22
[   10.277841] spi_master spi0: Failed to power device: -22
[   10.277848] spi_master spi0: Failed to power device: -22
[   10.277856] spi_master spi0: Failed to power device: -22
[   10.277862] spi_master spi0: Failed to power device: -22
[   10.278095] spi_master spi0: Failed to power device: -22
[   10.278139] spi_master spi0: Failed to power device: -22
[   10.278148] spi_master spi0: Failed to power device: -22
[   10.278156] spi_master spi0: Failed to power device: -22
[   10.278164] spi_master spi0: Failed to power device: -22
[   10.278171] spi_master spi0: Failed to power device: -22
[   10.278179] spi_master spi0: Failed to power device: -22
[   10.278186] spi_master spi0: Failed to power device: -22
[   10.278193] spi_master spi0: Failed to power device: -22
[   10.278453] spi_master spi0: Failed to power device: -22
[   10.278497] spi_master spi0: Failed to power device: -22
[   10.278506] spi_master spi0: Failed to power device: -22
[   10.278514] spi_master spi0: Failed to power device: -22
[   10.278522] spi_master spi0: Failed to power device: -22
[   10.278529] spi_master spi0: Failed to power device: -22
[   10.278536] spi_master spi0: Failed to power device: -22
[   10.278543] spi_master spi0: Failed to power device: -22
[   10.278550] spi_master spi0: Failed to power device: -22
[   10.402020] EXT4-fs (mmcblk0p2): re-mounted. Opts: (null)
[   10.528443] systemd-journald[167]: Received request to flush runtime journal from PID 1
[   16.309018] macb ff0e0000.ethernet eth0: PHY [ff0e0000.ethernet-ffffffff:0c] driver [TI DP83867] (irq=POLL)
[   16.309032] macb ff0e0000.ethernet eth0: configuring for phy/rgmii-id link mode
[   16.583741] Adding 102396k swap on /var/swap.  Priority:-2 extents:4 across:9953604k SS
[   18.255740] random: crng init done
[   18.255751] random: 7 urandom warning(s) missed due to ratelimiting
[   19.130963] broken atomic modeset userspace detected, disabling atomic
[   20.385351] macb ff0e0000.ethernet eth0: Link is Up - 1Gbps/Full - flow control off
[   20.385377] IPv6: ADDRCONF(NETDEV_CHANGE): eth0: link becomes ready
[   21.798844] broken atomic modeset userspace detected, disabling atomic
[   24.697152] broken atomic modeset userspace detected, disabling atomic
[   27.329978] broken atomic modeset userspace detected, disabling atomic