[    0.000000] Booting Linux on physical CPU 0x0000000000 [0x410fd034]
[    0.000000] Linux version 5.10.0-98103-g2aa7ac113716 (jenkins@romlxbuild1.adlk.analog.com) (aarch64-xilinx-linux-gcc.real (GCC) 10.2.0, GNU ld (GNU Binutils) 2.35.0.20200730) #5577 SMP Wed Mar 23 07:28:49 GMT 2022
[    0.000000] Machine model: ZynqMP ZCU102 Rev1.0
[    0.000000] earlycon: cdns0 at MMIO 0x00000000ff000000 (options '115200n8')
[    0.000000] printk: bootconsole [cdns0] enabled
[    0.000000] efi: UEFI not found.
[    0.000000] cma: Reserved 256 MiB at 0x0000000070000000
[    0.000000] Zone ranges:
[    0.000000]   DMA      [mem 0x0000000000000000-0x000000003fffffff]
[    0.000000]   DMA32    [mem 0x0000000040000000-0x00000000ffffffff]
[    0.000000]   Normal   [mem 0x0000000100000000-0x000000087fffffff]
[    0.000000] Movable zone start for each node
[    0.000000] Early memory node ranges
[    0.000000]   node   0: [mem 0x0000000000000000-0x000000007fffffff]
[    0.000000]   node   0: [mem 0x0000000800000000-0x000000087fffffff]
[    0.000000] Initmem setup node 0 [mem 0x0000000000000000-0x000000087fffffff]
[    0.000000] On node 0 totalpages: 1048576
[    0.000000]   DMA zone: 3584 pages used for memmap
[    0.000000]   DMA zone: 0 pages reserved
[    0.000000]   DMA zone: 262144 pages, LIFO batch:63
[    0.000000]   DMA32 zone: 3584 pages used for memmap
[    0.000000]   DMA32 zone: 262144 pages, LIFO batch:63
[    0.000000]   Normal zone: 7168 pages used for memmap
[    0.000000]   Normal zone: 524288 pages, LIFO batch:63
[    0.000000] psci: probing for conduit method from DT.
[    0.000000] psci: PSCIv1.1 detected in firmware.
[    0.000000] psci: Using standard PSCI v0.2 function IDs
[    0.000000] psci: MIGRATE_INFO_TYPE not supported.
[    0.000000] psci: SMC Calling Convention v1.2
[    0.000000] percpu: Embedded 22 pages/cpu s49496 r8192 d32424 u90112
[    0.000000] pcpu-alloc: s49496 r8192 d32424 u90112 alloc=22*4096
[    0.000000] pcpu-alloc: [0] 0 [0] 1 [0] 2 [0] 3 
[    0.000000] Detected VIPT I-cache on CPU0
[    0.000000] CPU features: detected: ARM erratum 845719
[    0.000000] Built 1 zonelists, mobility grouping on.  Total pages: 1034240
[    0.000000] Kernel command line: console=ttyPS0,115200 root=/dev/mmcblk0p2 rw earlycon rootfstype=ext4 rootwait clk_ignore_unused cpuidle.off=1 root=/dev/mmcblk0p2 rw rootwait
[    0.000000] Dentry cache hash table entries: 524288 (order: 10, 4194304 bytes, linear)
[    0.000000] Inode-cache hash table entries: 262144 (order: 9, 2097152 bytes, linear)
[    0.000000] mem auto-init: stack:off, heap alloc:off, heap free:off
[    0.000000] software IO TLB: mapped [mem 0x000000003bfff000-0x000000003ffff000] (64MB)
[    0.000000] Memory: 3761904K/4194304K available (15296K kernel code, 1636K rwdata, 11876K rodata, 2560K init, 507K bss, 170256K reserved, 262144K cma-reserved)
[    0.000000] rcu: Hierarchical RCU implementation.
[    0.000000] rcu: 	RCU event tracing is enabled.
[    0.000000] rcu: 	RCU restricting CPUs from NR_CPUS=8 to nr_cpu_ids=4.
[    0.000000] rcu: RCU calculated value of scheduler-enlistment delay is 25 jiffies.
[    0.000000] rcu: Adjusting geometry for rcu_fanout_leaf=16, nr_cpu_ids=4
[    0.000000] NR_IRQS: 64, nr_irqs: 64, preallocated irqs: 0
[    0.000000] GIC: Adjusting CPU interface base to 0x00000000f902f000
[    0.000000] GIC: Using split EOI/Deactivate mode
[    0.000000] random: get_random_bytes called from start_kernel+0x31c/0x54c with crng_init=0
[    0.000000] arch_timer: cp15 timer(s) running at 100.00MHz (phys).
[    0.000000] clocksource: arch_sys_counter: mask: 0xffffffffffffff max_cycles: 0x171024e7e0, max_idle_ns: 440795205315 ns
[    0.000003] sched_clock: 56 bits at 100MHz, resolution 10ns, wraps every 4398046511100ns
[    0.008463] Console: colour dummy device 80x25
[    0.012483] Calibrating delay loop (skipped), value calculated using timer frequency.. 200.00 BogoMIPS (lpj=400000)
[    0.022841] pid_max: default: 32768 minimum: 301
[    0.027550] Mount-cache hash table entries: 8192 (order: 4, 65536 bytes, linear)
[    0.034789] Mountpoint-cache hash table entries: 8192 (order: 4, 65536 bytes, linear)
[    0.043395] rcu: Hierarchical SRCU implementation.
[    0.047561] EFI services will not be available.
[    0.051937] smp: Bringing up secondary CPUs ...
[    0.056656] Detected VIPT I-cache on CPU1
[    0.056695] CPU1: Booted secondary processor 0x0000000001 [0x410fd034]
[    0.057059] Detected VIPT I-cache on CPU2
[    0.057083] CPU2: Booted secondary processor 0x0000000002 [0x410fd034]
[    0.057422] Detected VIPT I-cache on CPU3
[    0.057445] CPU3: Booted secondary processor 0x0000000003 [0x410fd034]
[    0.057491] smp: Brought up 1 node, 4 CPUs
[    0.091780] SMP: Total of 4 processors activated.
[    0.096452] CPU features: detected: 32-bit EL0 Support
[    0.101556] CPU features: detected: CRC32 instructions
[    0.106696] CPU: All CPU(s) started at EL2
[    0.110736] alternatives: patching kernel code
[    0.116170] devtmpfs: initialized
[    0.124067] Registered cp15_barrier emulation handler
[    0.124117] Registered setend emulation handler
[    0.128100] clocksource: jiffies: mask: 0xffffffff max_cycles: 0xffffffff, max_idle_ns: 7645041785100000 ns
[    0.137679] futex hash table entries: 1024 (order: 4, 65536 bytes, linear)
[    0.151046] pinctrl core: initialized pinctrl subsystem
[    0.151693] NET: Registered protocol family 16
[    0.156102] DMA: preallocated 512 KiB GFP_KERNEL pool for atomic allocations
[    0.162124] DMA: preallocated 512 KiB GFP_KERNEL|GFP_DMA pool for atomic allocations
[    0.169852] DMA: preallocated 512 KiB GFP_KERNEL|GFP_DMA32 pool for atomic allocations
[    0.177653] audit: initializing netlink subsys (disabled)
[    0.183104] audit: type=2000 audit(0.116:1): state=initialized audit_enabled=0 res=1
[    0.183450] hw-breakpoint: found 6 breakpoint and 4 watchpoint registers.
[    0.197481] ASID allocator initialised with 65536 entries
[    0.224345] HugeTLB registered 1.00 GiB page size, pre-allocated 0 pages
[    0.225403] HugeTLB registered 32.0 MiB page size, pre-allocated 0 pages
[    0.232073] HugeTLB registered 2.00 MiB page size, pre-allocated 0 pages
[    0.238733] HugeTLB registered 64.0 KiB page size, pre-allocated 0 pages
[    1.304309] DRBG: Continuing without Jitter RNG
[    1.382134] raid6: neonx8   gen()  2145 MB/s
[    1.450183] raid6: neonx8   xor()  1596 MB/s
[    1.518240] raid6: neonx4   gen()  2197 MB/s
[    1.586285] raid6: neonx4   xor()  1565 MB/s
[    1.654349] raid6: neonx2   gen()  2076 MB/s
[    1.722400] raid6: neonx2   xor()  1438 MB/s
[    1.790466] raid6: neonx1   gen()  1772 MB/s
[    1.858513] raid6: neonx1   xor()  1220 MB/s
[    1.926569] raid6: int64x8  gen()  1438 MB/s
[    1.994628] raid6: int64x8  xor()   771 MB/s
[    2.062699] raid6: int64x4  gen()  1598 MB/s
[    2.130755] raid6: int64x4  xor()   819 MB/s
[    2.198824] raid6: int64x2  gen()  1397 MB/s
[    2.266864] raid6: int64x2  xor()   750 MB/s
[    2.334946] raid6: int64x1  gen()  1034 MB/s
[    2.403003] raid6: int64x1  xor()   517 MB/s
[    2.403041] raid6: using algorithm neonx4 gen() 2197 MB/s
[    2.406996] raid6: .... xor() 1565 MB/s, rmw enabled
[    2.411926] raid6: using neon recovery algorithm
[    2.416938] iommu: Default domain type: Translated 
[    2.421552] SCSI subsystem initialized
[    2.425096] libata version 3.00 loaded.
[    2.425219] usbcore: registered new interface driver usbfs
[    2.430553] usbcore: registered new interface driver hub
[    2.435826] usbcore: registered new device driver usb
[    2.440960] mc: Linux media interface: v0.10
[    2.445073] videodev: Linux video capture interface: v2.00
[    2.450565] EDAC MC: Ver: 3.0.0
[    2.454007] zynqmp-ipi-mbox mailbox@ff990400: Registered ZynqMP IPI mbox with TX/RX channels.
[    2.462507] jesd204: created con: id=0, topo=0, link=0, /axi/spi@ff050000/hmc7044@0 <-> /fpga-axi@0/axi-adxcvr-tx@84b60000
[    2.473095] jesd204: created con: id=1, topo=0, link=2, /axi/spi@ff050000/hmc7044@0 <-> /fpga-axi@0/axi-adxcvr-rx@84a60000
[    2.484079] jesd204: created con: id=2, topo=0, link=0, /fpga-axi@0/axi-adxcvr-tx@84b60000 <-> /fpga-axi@0/axi-jesd204-tx@84b90000
[    2.495755] jesd204: created con: id=3, topo=0, link=2, /fpga-axi@0/axi-adxcvr-rx@84a60000 <-> /fpga-axi@0/axi-jesd204-rx@84a90000
[    2.507431] jesd204: created con: id=4, topo=0, link=0, /fpga-axi@0/axi-jesd204-tx@84b90000 <-> /fpga-axi@0/axi-ad9081-tx-hpc@84b10000
[    2.519459] jesd204: created con: id=5, topo=0, link=2, /fpga-axi@0/axi-jesd204-rx@84a90000 <-> /fpga-axi@0/axi-ad9081-rx-hpc@84a10000
[    2.531482] jesd204: created con: id=6, topo=0, link=2, /fpga-axi@0/axi-ad9081-rx-hpc@84a10000 <-> /axi/spi@ff040000/ad9081@0
[    2.542724] jesd204: created con: id=7, topo=0, link=0, /fpga-axi@0/axi-ad9081-tx-hpc@84b10000 <-> /axi/spi@ff040000/ad9081@0
[    2.553973] jesd204: /axi/spi@ff040000/ad9081@0: JESD204[2] transition uninitialized -> initialized
[    2.562960] jesd204: /axi/spi@ff040000/ad9081@0: JESD204[0] transition uninitialized -> initialized
[    2.571951] jesd204: found 8 devices and 1 topologies
[    2.576996] FPGA manager framework
[    2.580475] Advanced Linux Sound Architecture Driver Initialized.
[    2.586769] Bluetooth: Core ver 2.22
[    2.589955] NET: Registered protocol family 31
[    2.594356] Bluetooth: HCI device and connection manager initialized
[    2.600672] Bluetooth: HCI socket layer initialized
[    2.605514] Bluetooth: L2CAP socket layer initialized
[    2.610538] Bluetooth: SCO socket layer initialized
[    2.615723] clocksource: Switched to clocksource arch_sys_counter
[    2.621531] VFS: Disk quotas dquot_6.6.0
[    2.625366] VFS: Dquot-cache hash table entries: 512 (order 0, 4096 bytes)
[    2.636093] NET: Registered protocol family 2
[    2.636809] tcp_listen_portaddr_hash hash table entries: 2048 (order: 3, 32768 bytes, linear)
[    2.645005] TCP established hash table entries: 32768 (order: 6, 262144 bytes, linear)
[    2.653031] TCP bind hash table entries: 32768 (order: 7, 524288 bytes, linear)
[    2.660477] TCP: Hash tables configured (established 32768 bind 32768)
[    2.666652] UDP hash table entries: 2048 (order: 4, 65536 bytes, linear)
[    2.673318] UDP-Lite hash table entries: 2048 (order: 4, 65536 bytes, linear)
[    2.680478] NET: Registered protocol family 1
[    2.684933] RPC: Registered named UNIX socket transport module.
[    2.690554] RPC: Registered udp transport module.
[    2.695220] RPC: Registered tcp transport module.
[    2.699887] RPC: Registered tcp NFSv4.1 backchannel transport module.
[    2.706879] PCI: CLS 0 bytes, default 64
[    2.710584] hw perfevents: no interrupt-affinity property for /pmu, guessing.
[    2.717440] hw perfevents: enabled with armv8_pmuv3 PMU driver, 7 counters available
[    2.725791] Initialise system trusted keyrings
[    2.729467] workingset: timestamp_bits=62 max_order=20 bucket_order=0
[    2.736369] NFS: Registering the id_resolver key type
[    2.740816] Key type id_resolver registered
[    2.744955] Key type id_legacy registered
[    2.748944] nfs4filelayout_init: NFSv4 File Layout Driver Registering...
[    2.755611] jffs2: version 2.2. (NAND) (SUMMARY)  Â© 2001-2006 Red Hat, Inc.
[    2.799055] NET: Registered protocol family 38
[    2.799097] xor: measuring software checksum speed
[    2.806790]    8regs           :  2363 MB/sec
[    2.810459]    32regs          :  2799 MB/sec
[    2.815402]    arm64_neon      :  2380 MB/sec
[    2.815592] xor: using function: 32regs (2799 MB/sec)
[    2.820618] Key type asymmetric registered
[    2.824678] Asymmetric key parser 'x509' registered
[    2.829539] Block layer SCSI generic (bsg) driver version 0.4 loaded (major 248)
[    2.836876] io scheduler mq-deadline registered
[    2.841373] io scheduler kyber registered
[    2.870765] Serial: 8250/16550 driver, 4 ports, IRQ sharing disabled
[    2.875406] cacheinfo: Unable to detect cache hierarchy for CPU 0
[    2.881752] brd: module loaded
[    2.885890] loop: module loaded
[    2.886434] Registered mathworks_ip class
[    2.889770] libphy: Fixed MDIO Bus: probed
[    2.892766] tun: Universal TUN/TAP device driver, 1.6
[    2.896811] CAN device driver interface
[    2.901348] usbcore: registered new interface driver asix
[    2.905943] usbcore: registered new interface driver ax88179_178a
[    2.911978] usbcore: registered new interface driver cdc_ether
[    2.917771] usbcore: registered new interface driver net1080
[    2.923397] usbcore: registered new interface driver cdc_subset
[    2.929277] usbcore: registered new interface driver zaurus
[    2.934821] usbcore: registered new interface driver cdc_ncm
[    2.941223] ehci_hcd: USB 2.0 'Enhanced' Host Controller (EHCI) Driver
[    2.946907] ehci-pci: EHCI PCI platform driver
[    2.951704] usbcore: registered new interface driver uas
[    2.956621] usbcore: registered new interface driver usb-storage
[    2.962609] usbcore: registered new interface driver usbserial_generic
[    2.969060] usbserial: USB Serial support registered for generic
[    2.975034] usbcore: registered new interface driver ftdi_sio
[    2.980737] usbserial: USB Serial support registered for FTDI USB Serial Device
[    2.988014] usbcore: registered new interface driver upd78f0730
[    2.993884] usbserial: USB Serial support registered for upd78f0730
[    3.001533] rtc_zynqmp ffa60000.rtc: registered as rtc0
[    3.005310] rtc_zynqmp ffa60000.rtc: setting system clock to 2022-04-12T20:00:26 UTC (1649793626)
[    3.014172] i2c /dev entries driver
[    3.019486] usbcore: registered new interface driver uvcvideo
[    3.023285] USB Video Class driver (1.1.1)
[    3.028862] Bluetooth: HCI UART driver ver 2.3
[    3.031767] Bluetooth: HCI UART protocol H4 registered
[    3.036866] Bluetooth: HCI UART protocol BCSP registered
[    3.042153] Bluetooth: HCI UART protocol LL registered
[    3.047245] Bluetooth: HCI UART protocol ATH3K registered
[    3.052619] Bluetooth: HCI UART protocol Three-wire (H5) registered
[    3.058872] Bluetooth: HCI UART protocol Intel registered
[    3.064210] Bluetooth: HCI UART protocol QCA registered
[    3.069414] usbcore: registered new interface driver bcm203x
[    3.075031] usbcore: registered new interface driver bpa10x
[    3.080567] usbcore: registered new interface driver bfusb
[    3.086021] usbcore: registered new interface driver btusb
[    3.091480] usbcore: registered new interface driver ath3k
[    3.096963] EDAC MC: ECC not enabled
[    3.100593] EDAC DEVICE0: Giving out device to module zynqmp-ocm-edac controller zynqmp_ocm: DEV ff960000.memory-controller (INTERRUPT)
[    3.112904] sdhci: Secure Digital Host Controller Interface driver
[    3.118694] sdhci: Copyright(c) Pierre Ossman
[    3.123017] sdhci-pltfm: SDHCI platform and OF driver helper
[    3.129067] ledtrig-cpu: registered to indicate activity on CPUs
[    3.134622] SMCCC: SOC_ID: ARCH_SOC_ID not implemented, skipping ....
[    3.141054] zynqmp_firmware_probe Platform Management API v1.1
[    3.146809] zynqmp_firmware_probe Trustzone version v1.0
[    3.186352] zynqmp-pinctrl firmware:zynqmp-firmware:pinctrl: zynqmp pinctrl initialized
[    3.234348] zynqmp-aes firmware:zynqmp-firmware:zynqmp-aes: will run requests pump with realtime priority
[    3.250154] alg: No test for xilinx-keccak-384 (zynqmp-keccak-384)
[    3.250862] alg: No test for xilinx-zynqmp-rsa (zynqmp-rsa)
[    3.256378] usbcore: registered new interface driver usbhid
[    3.261766] usbhid: USB HID core driver
[    3.273023] axi_sysid 85000000.axi-sysid-0: AXI System ID core version (1.01.a) found
[    3.275373] axi_sysid 85000000.axi-sysid-0: [ad9081_fmca_ebz] on [zcu102] git branch <master> git <084d44c9780640ca93fd847b1d9ec70dd65f5c67> clean [2022-03-18 04:17:50] UTC
[    3.291057] fpga_manager fpga0: Xilinx ZynqMP FPGA Manager registered
[    3.297416] usbcore: registered new interface driver snd-usb-audio
[    3.304868] pktgen: Packet Generator for packet performance testing. Version: 2.75
[    3.311048] Initializing XFRM netlink socket
[    3.314902] NET: Registered protocol family 10
[    3.319620] Segment Routing with IPv6
[    3.323005] sit: IPv6, IPv4 and MPLS over IPv4 tunneling driver
[    3.329072] NET: Registered protocol family 17
[    3.333177] NET: Registered protocol family 15
[    3.337672] can: controller area network core
[    3.341927] NET: Registered protocol family 29
[    3.346315] can: raw protocol
[    3.349251] can: broadcast manager protocol
[    3.353406] can: netlink gateway - max_hops=1
[    3.357799] Bluetooth: RFCOMM TTY layer initialized
[    3.362580] Bluetooth: RFCOMM socket layer initialized
[    3.367686] Bluetooth: RFCOMM ver 1.11
[    3.371398] Bluetooth: BNEP (Ethernet Emulation) ver 1.3
[    3.376669] Bluetooth: BNEP filters: protocol multicast
[    3.381863] Bluetooth: BNEP socket layer initialized
[    3.386790] Bluetooth: HIDP (Human Interface Emulation) ver 1.2
[    3.392674] Bluetooth: HIDP socket layer initialized
[    3.397729] 9pnet: Installing 9P2000 support
[    3.401851] NET: Registered protocol family 36
[    3.406267] Key type dns_resolver registered
[    3.410697] registered taskstats version 1
[    3.414564] Loading compiled-in X.509 certificates
[    3.419679] Btrfs loaded, crc32c=crc32c-generic
[    3.432086] ff000000.serial: ttyPS0 at MMIO 0xff000000 (irq = 49, base_baud = 6249999) is a xuartps
[    3.441108] printk: console [ttyPS0] enabled
[    3.445401] printk: bootconsole [cdns0] disabled
[    3.455033] ff010000.serial: ttyPS1 at MMIO 0xff010000 (irq = 50, base_baud = 6249999) is a xuartps
[    3.468269] of-fpga-region fpga-full: FPGA Region probed
[    3.475220] nwl-pcie fd0e0000.pcie: host bridge /axi/pcie@fd0e0000 ranges:
[    3.482115] nwl-pcie fd0e0000.pcie:      MEM 0x00e0000000..0x00efffffff -> 0x00e0000000
[    3.490116] nwl-pcie fd0e0000.pcie:      MEM 0x0600000000..0x07ffffffff -> 0x0600000000
[    3.498178] nwl-pcie fd0e0000.pcie: Link is DOWN
[    3.502934] nwl-pcie fd0e0000.pcie: PCI host bridge to bus 0000:00
[    3.509115] pci_bus 0000:00: root bus resource [bus 00-ff]
[    3.514594] pci_bus 0000:00: root bus resource [mem 0xe0000000-0xefffffff]
[    3.521465] pci_bus 0000:00: root bus resource [mem 0x600000000-0x7ffffffff pref]
[    3.528968] pci 0000:00:00.0: [10ee:d021] type 01 class 0x060400
[    3.535024] pci 0000:00:00.0: PME# supported from D0 D1 D2 D3hot
[    3.545470] pci 0000:00:00.0: PCI bridge to [bus 01-0c]
[    3.551443] xilinx-zynqmp-dma fd500000.dma: ZynqMP DMA driver Probe success
[    3.558622] xilinx-zynqmp-dma fd510000.dma: ZynqMP DMA driver Probe success
[    3.565803] xilinx-zynqmp-dma fd520000.dma: ZynqMP DMA driver Probe success
[    3.572976] xilinx-zynqmp-dma fd530000.dma: ZynqMP DMA driver Probe success
[    3.580140] xilinx-zynqmp-dma fd540000.dma: ZynqMP DMA driver Probe success
[    3.587310] xilinx-zynqmp-dma fd550000.dma: ZynqMP DMA driver Probe success
[    3.594482] xilinx-zynqmp-dma fd560000.dma: ZynqMP DMA driver Probe success
[    3.601651] xilinx-zynqmp-dma fd570000.dma: ZynqMP DMA driver Probe success
[    3.609049] xilinx-zynqmp-dpdma fd4c0000.dma-controller: Xilinx DPDMA engine is probed
[    3.617591] ahci-ceva fd0c0000.ahci: supply ahci not found, using dummy regulator
[    3.625128] ahci-ceva fd0c0000.ahci: supply phy not found, using dummy regulator
[    3.715894] hmc7044 spi2.0: PLL1: Acquisition, CLKIN0 @ 122880000 Hz, PFD: 80 kHz - PLL2: Locked @ 3168.000000 MHz
[    3.726611] jesd204: /axi/spi@ff050000/hmc7044@0,jesd204:1,parent=spi2.0: Using as SYSREF provider
[    3.736196] spi-nor spi0.0: SPI-NOR-UniqueID 100000235394732200270025081115266e
[    3.743499] spi-nor spi0.0: found n25q512a, expected m25p80
[    3.749691] spi-nor spi0.0: trying to lock already unlocked area
[    3.755692] spi-nor spi0.0: n25q512a (131072 Kbytes)
[    3.760680] 4 fixed-partitions partitions found on MTD device spi0.0
[    3.767024] Creating 4 MTD partitions on "spi0.0":
[    3.771811] 0x000000000000-0x000000100000 : "qspi-fsbl-uboot"
[    3.778296] 0x000000100000-0x000000600000 : "qspi-linux"
[    3.784257] 0x000000600000-0x000000620000 : "qspi-device-tree"
[    3.790727] 0x000000620000-0x000000c00000 : "qspi-rootfs"
[    3.799199] macb ff0e0000.ethernet: Not enabling partial store and forward
[    3.806721] libphy: MACB_mii_bus: probed
[    3.811781] macb ff0e0000.ethernet eth0: Cadence GEM rev 0x50070106 at 0xff0e0000 irq 30 (00:0a:35:04:8e:1b)
[    3.821985] xilinx-axipmon ffa00000.perf-monitor: Probed Xilinx APM
[    3.828561] xilinx-axipmon fd0b0000.perf-monitor: Probed Xilinx APM
[    3.835079] xilinx-axipmon fd490000.perf-monitor: Probed Xilinx APM
[    3.841625] xilinx-axipmon ffa10000.perf-monitor: Probed Xilinx APM
[    3.851621] pca953x 0-0020: supply vcc not found, using dummy regulator
[    3.858309] pca953x 0-0020: using no AI
[    3.862796] gpio-496 (sel0): hogged as output/low
[    3.867696] gpio-497 (sel1): hogged as output/high
[    3.872683] gpio-498 (sel2): hogged as output/high
[    3.877671] gpio-499 (sel3): hogged as output/high
[    3.882845] pca953x 0-0021: supply vcc not found, using dummy regulator
[    3.889512] pca953x 0-0021: using no AI
[    3.895274] ina2xx 2-0040: power monitor ina226 (Rshunt = 5000 uOhm)
[    3.902300] ina2xx 2-0041: power monitor ina226 (Rshunt = 5000 uOhm)
[    3.909341] ina2xx 2-0042: power monitor ina226 (Rshunt = 5000 uOhm)
[    3.916378] ina2xx 2-0043: power monitor ina226 (Rshunt = 5000 uOhm)
[    3.923406] ina2xx 2-0044: power monitor ina226 (Rshunt = 5000 uOhm)
[    3.930427] ina2xx 2-0045: power monitor ina226 (Rshunt = 5000 uOhm)
[    3.937454] ina2xx 2-0046: power monitor ina226 (Rshunt = 5000 uOhm)
[    3.944529] ina2xx 2-0047: power monitor ina226 (Rshunt = 5000 uOhm)
[    3.951557] ina2xx 2-004a: power monitor ina226 (Rshunt = 5000 uOhm)
[    3.958599] ina2xx 2-004b: power monitor ina226 (Rshunt = 5000 uOhm)
[    3.965009] i2c i2c-0: Added multiplexed i2c bus 2
[    3.970394] random: fast init done
[    3.973866] ina2xx 3-0040: power monitor ina226 (Rshunt = 2000 uOhm)
[    3.980891] ina2xx 3-0041: power monitor ina226 (Rshunt = 5000 uOhm)
[    3.987919] ina2xx 3-0042: power monitor ina226 (Rshunt = 5000 uOhm)
[    3.994952] ina2xx 3-0043: power monitor ina226 (Rshunt = 5000 uOhm)
[    4.001977] ina2xx 3-0044: power monitor ina226 (Rshunt = 5000 uOhm)
[    4.009004] ina2xx 3-0045: power monitor ina226 (Rshunt = 5000 uOhm)
[    4.016035] ina2xx 3-0046: power monitor ina226 (Rshunt = 5000 uOhm)
[    4.023067] ina2xx 3-0047: power monitor ina226 (Rshunt = 5000 uOhm)
[    4.029467] i2c i2c-0: Added multiplexed i2c bus 3
[    4.085010] i2c i2c-0: Added multiplexed i2c bus 4
[    4.089944] i2c i2c-0: Added multiplexed i2c bus 5
[    4.094735] pca954x 0-0075: registered 4 multiplexed busses for I2C mux pca9544
[    4.102085] cdns-i2c ff020000.i2c: 400 kHz mmio ff020000 irq 32
[    4.109813] at24 6-0054: supply vcc not found, using dummy regulator
[    4.116712] at24 6-0054: 1024 byte 24c08 EEPROM, writable, 1 bytes/write
[    4.123462] i2c i2c-1: Added multiplexed i2c bus 6
[    4.129887] si5341 7-0036: Chip: 5341 Grade: 1 Rev: 1
[    4.167553] i2c i2c-1: Added multiplexed i2c bus 7
[    4.175209] si570 8-005d: registered, current frequency 300000000 Hz
[    4.181610] i2c i2c-1: Added multiplexed i2c bus 8
[    4.201389] si570 9-005d: registered, current frequency 148500000 Hz
[    4.207790] i2c i2c-1: Added multiplexed i2c bus 9
[    4.212830] si5324 10-0069: si5328 probed
[    4.280075] si5324 10-0069: si5328 probe successful
[    4.285000] i2c i2c-1: Added multiplexed i2c bus 10
[    4.290028] i2c i2c-1: Added multiplexed i2c bus 11
[    4.295052] i2c i2c-1: Added multiplexed i2c bus 12
[    4.300075] i2c i2c-1: Added multiplexed i2c bus 13
[    4.304947] pca954x 1-0074: registered 8 multiplexed busses for I2C switch pca9548
[    4.313055] at24 14-0050: supply vcc not found, using dummy regulator
[    4.319845] at24 14-0050: 256 byte 24c02 EEPROM, writable, 1 bytes/write
[    4.326592] i2c i2c-1: Added multiplexed i2c bus 14
[    4.331632] i2c i2c-1: Added multiplexed i2c bus 15
[    4.336665] i2c i2c-1: Added multiplexed i2c bus 16
[    4.341700] i2c i2c-1: Added multiplexed i2c bus 17
[    4.346732] i2c i2c-1: Added multiplexed i2c bus 18
[    4.351779] i2c i2c-1: Added multiplexed i2c bus 19
[    4.356819] i2c i2c-1: Added multiplexed i2c bus 20
[    4.361857] i2c i2c-1: Added multiplexed i2c bus 21
[    4.366731] pca954x 1-0075: registered 8 multiplexed busses for I2C switch pca9548
[    4.374340] cdns-i2c ff030000.i2c: 400 kHz mmio ff030000 irq 33
[    4.384084] cdns-wdt fd4d0000.watchdog: Xilinx Watchdog Timer with timeout 60s
[    4.393138] axi_adxcvr 84a60000.axi-adxcvr-rx: adxcvr_enforce_settings: Using QPLL without access, assuming desired Lane rate will be configured by a different instance
[    4.409776] axi_adxcvr 84a60000.axi-adxcvr-rx: AXI-ADXCVR-RX (17.05.a) using QPLL on GTH4 at 0x84A60000. Number of lanes: 4.
[    4.421937] axi_adxcvr 84b60000.axi-adxcvr-tx: AXI-ADXCVR-TX (17.05.a) using QPLL on GTH4 at 0x84B60000. Number of lanes: 4.
[    4.425889] mmc0: SDHCI controller on ff170000.mmc [ff170000.mmc] using ADMA 64-bit
[    4.441087] axi-jesd204-rx 84a90000.axi-jesd204-rx: AXI-JESD204-RX (1.07.a) at 0x84A90000. Encoder 8b10b, width 4/4, lanes 4, jesd204-fsm.
[    4.453924] axi-jesd204-tx 84b90000.axi-jesd204-tx: AXI-JESD204-TX (1.06.a) at 0x84B90000. Encoder 8b10b, width 4/4, lanes 4, jesd204-fsm.
[    4.467430] zynqmp-display fd4a0000.display: vtc bridge property not present
[    4.473485] mmc0: new high speed SDHC card at address 0001
[    4.477082] xilinx-dp-snd-codec fd4a0000.display:zynqmp_dp_snd_codec0: Failed to get required clock freq
[    4.480315] mmcblk0: mmc0:0001 EB1QT 29.8 GiB 
[    4.489442] xilinx-dp-snd-codec: probe of fd4a0000.display:zynqmp_dp_snd_codec0 failed with error -22
[    4.495089]  mmcblk0: p1 p2 p3
[    4.503431] xilinx-dp-snd-pcm zynqmp_dp_snd_pcm0: Xilinx DisplayPort Sound PCM probed
[    4.514286] xilinx-dp-snd-pcm zynqmp_dp_snd_pcm1: Xilinx DisplayPort Sound PCM probed
[    4.522496] OF: graph: no port node found in /axi/display@fd4a0000
[    4.528904] xlnx-drm xlnx-drm.0: bound fd4a0000.display (ops 0xffffffc010fcbdb8)
[    5.615739] zynqmp-display fd4a0000.display: [drm] Cannot find any crtc or sizes
[    5.623359] [drm] Initialized xlnx 1.0.0 20130509 for fd4a0000.display on minor 0
[    5.630853] zynqmp-display fd4a0000.display: ZynqMP DisplayPort Subsystem driver probed
[    5.639165] ahci-ceva fd0c0000.ahci: supply ahci not found, using dummy regulator
[    5.646711] ahci-ceva fd0c0000.ahci: supply phy not found, using dummy regulator
[    5.654167] ahci-ceva fd0c0000.ahci: supply target not found, using dummy regulator
[    5.672063] ahci-ceva fd0c0000.ahci: AHCI 0001.0301 32 slots 2 ports 6 Gbps 0x3 impl platform mode
[    5.681026] ahci-ceva fd0c0000.ahci: flags: 64bit ncq sntf pm clo only pmp fbs pio slum part ccc sds apst 
[    5.691648] scsi host0: ahci-ceva
[    5.695247] scsi host1: ahci-ceva
[    5.698681] ata1: SATA max UDMA/133 mmio [mem 0xfd0c0000-0xfd0c1fff] port 0x100 irq 45
[    5.706591] ata2: SATA max UDMA/133 mmio [mem 0xfd0c0000-0xfd0c1fff] port 0x180 irq 45
[    5.715197] ad9081 spi1.0: supply vdd not found, using dummy regulator
[    6.025955] ata1: SATA link down (SStatus 0 SControl 330)
[    6.031367] ata2: SATA link down (SStatus 0 SControl 330)
[    6.699741] zynqmp-display fd4a0000.display: [drm] Cannot find any crtc or sizes
[    7.515494] ad9081 spi1.0: AD9081 Rev. 2 Grade 10 (API 1.2.2) probed
[    7.522702] xhci-hcd xhci-hcd.1.auto: xHCI Host Controller
[    7.528196] xhci-hcd xhci-hcd.1.auto: new USB bus registered, assigned bus number 1
[    7.535942] xhci-hcd xhci-hcd.1.auto: hcc params 0x0238f625 hci version 0x100 quirks 0x0000000002010810
[    7.545355] xhci-hcd xhci-hcd.1.auto: irq 59, io mem 0xfe200000
[    7.551463] usb usb1: New USB device found, idVendor=1d6b, idProduct=0002, bcdDevice= 5.10
[    7.559721] usb usb1: New USB device strings: Mfr=3, Product=2, SerialNumber=1
[    7.566938] usb usb1: Product: xHCI Host Controller
[    7.571806] usb usb1: Manufacturer: Linux 5.10.0-98103-g2aa7ac113716 xhci-hcd
[    7.578933] usb usb1: SerialNumber: xhci-hcd.1.auto
[    7.584103] hub 1-0:1.0: USB hub found
[    7.587871] hub 1-0:1.0: 1 port detected
[    7.591974] xhci-hcd xhci-hcd.1.auto: xHCI Host Controller
[    7.597468] xhci-hcd xhci-hcd.1.auto: new USB bus registered, assigned bus number 2
[    7.605121] xhci-hcd xhci-hcd.1.auto: Host supports USB 3.0 SuperSpeed
[    7.611753] usb usb2: New USB device found, idVendor=1d6b, idProduct=0003, bcdDevice= 5.10
[    7.620014] usb usb2: New USB device strings: Mfr=3, Product=2, SerialNumber=1
[    7.627230] usb usb2: Product: xHCI Host Controller
[    7.632098] usb usb2: Manufacturer: Linux 5.10.0-98103-g2aa7ac113716 xhci-hcd
[    7.639224] usb usb2: SerialNumber: xhci-hcd.1.auto
[    7.644334] hub 2-0:1.0: USB hub found
[    7.648096] hub 2-0:1.0: 1 port detected
[    7.678189] cf_axi_adc 84a10000.axi-ad9081-rx-hpc: ADI AIM (10.01.b) at 0x84A10000 mapped to 0x(____ptrval____), probed ADC AD9081 as MASTER
[    7.708562] cf_axi_dds 84b10000.axi-ad9081-tx-hpc: Analog Devices CF_AXI_DDS_DDS MASTER (9.01.b) at 0x84B10000 mapped to 0x(____ptrval____), probed DDS AD9081
[    7.722760] jesd204: /axi/spi@ff040000/ad9081@0,jesd204:0,parent=spi1.0: JESD204[2] transition initialized -> probed
[    7.733282] jesd204: /axi/spi@ff040000/ad9081@0,jesd204:0,parent=spi1.0: JESD204[0] transition initialized -> probed
[    7.743804] jesd204: /axi/spi@ff040000/ad9081@0,jesd204:0,parent=spi1.0: JESD204[2] transition probed -> idle
[    7.753711] jesd204: /axi/spi@ff040000/ad9081@0,jesd204:0,parent=spi1.0: JESD204[0] transition probed -> idle
[    7.763629] jesd204: /axi/spi@ff040000/ad9081@0,jesd204:0,parent=spi1.0: JESD204[2] transition idle -> device_init
[    7.773971] jesd204: /axi/spi@ff040000/ad9081@0,jesd204:0,parent=spi1.0: JESD204[0] transition idle -> device_init
[    7.784322] jesd204: /axi/spi@ff040000/ad9081@0,jesd204:0,parent=spi1.0: JESD204[2] transition device_init -> link_init
[    7.795097] jesd204: /axi/spi@ff040000/ad9081@0,jesd204:0,parent=spi1.0: JESD204[0] transition device_init -> link_init
[    7.805889] jesd204: /axi/spi@ff040000/ad9081@0,jesd204:0,parent=spi1.0: JESD204[2] transition link_init -> link_supported
[    7.816928] jesd204: /axi/spi@ff040000/ad9081@0,jesd204:0,parent=spi1.0: JESD204[0] transition link_init -> link_supported
[    7.828336] hmc7044 spi2.0: hmc7044_jesd204_link_pre_setup: Link2 forcing continuous SYSREF mode
[    7.837553] jesd204: /axi/spi@ff040000/ad9081@0,jesd204:0,parent=spi1.0: JESD204[2] transition link_supported -> link_pre_setup
[    7.849029] jesd204: /axi/spi@ff040000/ad9081@0,jesd204:0,parent=spi1.0: JESD204[0] transition link_supported -> link_pre_setup
[    7.872870] jesd204: /axi/spi@ff040000/ad9081@0,jesd204:0,parent=spi1.0: JESD204[2] transition link_pre_setup -> clk_sync_stage1
[    7.884432] jesd204: /axi/spi@ff040000/ad9081@0,jesd204:0,parent=spi1.0: JESD204[0] transition link_pre_setup -> clk_sync_stage1
[    7.895998] jesd204: /axi/spi@ff040000/ad9081@0,jesd204:0,parent=spi1.0: JESD204[2] transition clk_sync_stage1 -> clk_sync_stage2
[    7.907649] jesd204: /axi/spi@ff040000/ad9081@0,jesd204:0,parent=spi1.0: JESD204[0] transition clk_sync_stage1 -> clk_sync_stage2
[    7.919303] jesd204: /axi/spi@ff040000/ad9081@0,jesd204:0,parent=spi1.0: JESD204[2] transition clk_sync_stage2 -> clk_sync_stage3
[    7.930948] jesd204: /axi/spi@ff040000/ad9081@0,jesd204:0,parent=spi1.0: JESD204[0] transition clk_sync_stage2 -> clk_sync_stage3
[    7.944619] jesd204: /axi/spi@ff040000/ad9081@0,jesd204:0,parent=spi1.0: JESD204[2] transition clk_sync_stage3 -> link_setup
[    7.955838] jesd204: /axi/spi@ff040000/ad9081@0,jesd204:0,parent=spi1.0: JESD204[0] transition clk_sync_stage3 -> link_setup
[    7.971866] jesd204: /axi/spi@ff040000/ad9081@0,jesd204:0,parent=spi1.0: JESD204[2] transition link_setup -> opt_setup_stage1
[    7.983169] jesd204: /axi/spi@ff040000/ad9081@0,jesd204:0,parent=spi1.0: JESD204[0] transition link_setup -> opt_setup_stage1
[    7.999498] jesd204: /axi/spi@ff040000/ad9081@0,jesd204:0,parent=spi1.0: JESD204[2] transition opt_setup_stage1 -> opt_setup_stage2
[    8.011318] jesd204: /axi/spi@ff040000/ad9081@0,jesd204:0,parent=spi1.0: JESD204[0] transition opt_setup_stage1 -> opt_setup_stage2
[    8.023291] jesd204: /axi/spi@ff040000/ad9081@0,jesd204:0,parent=spi1.0: JESD204[2] transition opt_setup_stage2 -> opt_setup_stage3
[    8.035110] jesd204: /axi/spi@ff040000/ad9081@0,jesd204:0,parent=spi1.0: JESD204[0] transition opt_setup_stage2 -> opt_setup_stage3
[    8.046933] jesd204: /axi/spi@ff040000/ad9081@0,jesd204:0,parent=spi1.0: JESD204[2] transition opt_setup_stage3 -> opt_setup_stage4
[    8.058753] jesd204: /axi/spi@ff040000/ad9081@0,jesd204:0,parent=spi1.0: JESD204[0] transition opt_setup_stage3 -> opt_setup_stage4
[    8.070585] jesd204: /axi/spi@ff040000/ad9081@0,jesd204:0,parent=spi1.0: JESD204[2] transition opt_setup_stage4 -> opt_setup_stage5
[    8.082410] jesd204: /axi/spi@ff040000/ad9081@0,jesd204:0,parent=spi1.0: JESD204[0] transition opt_setup_stage4 -> opt_setup_stage5
[    8.117466] axi_adxcvr 84a60000.axi-adxcvr-rx: adxcvr_clk_enable: QPLL RX buffer underflow error, status: 0x61
[    8.127453] axi_adxcvr 84a60000.axi-adxcvr-rx: adxcvr_clk_enable: QPLL RX buffer overflow error, status: 0x61
[    8.141504] jesd204: /axi/spi@ff040000/ad9081@0,jesd204:0,parent=spi1.0: JESD204[2] transition opt_setup_stage5 -> clocks_enable
[    8.153064] jesd204: /axi/spi@ff040000/ad9081@0,jesd204:0,parent=spi1.0: JESD204[0] transition opt_setup_stage5 -> clocks_enable
[    8.164681] jesd204: /axi/spi@ff040000/ad9081@0,jesd204:0,parent=spi1.0: JESD204[2] transition clocks_enable -> link_enable
[    8.175813] jesd204: /axi/spi@ff040000/ad9081@0,jesd204:0,parent=spi1.0: JESD204[0] transition clocks_enable -> link_enable
[    8.315725] axi-jesd204-rx 84a90000.axi-jesd204-rx: axi_jesd204_rx_jesd204_link_running: Link2 status failed (CGS)
[    8.326073] jesd204: /fpga-axi@0/axi-jesd204-rx@84a90000,jesd204:4,parent=84a90000.axi-jesd204-rx: JESD204[2] In link_running got error from cb: -1 (ignoring!)
[    8.435958] ad9081 spi1.0: JESD RX (JTX) Link2 in CGS, SYNC asserted, PLL locked, PHASE established, MODE valid
[    8.446048] jesd204: /axi/spi@ff040000/ad9081@0,jesd204:0,parent=spi1.0: JESD204[2] In link_running got error from cb: -1 (ignoring!)
[    8.458303] ad9081 spi1.0: JESD TX (JRX) Link0 0xF lanes in DATA
[    8.464311] jesd204: /axi/spi@ff040000/ad9081@0,jesd204:0,parent=spi1.0: JESD204[2] transition link_enable -> link_running
[    8.475349] jesd204: /axi/spi@ff040000/ad9081@0,jesd204:0,parent=spi1.0: JESD204[0] transition link_enable -> link_running
[    8.486394] jesd204: /axi/spi@ff040000/ad9081@0,jesd204:0,parent=spi1.0: JESD204[2] transition link_running -> opt_post_running_stage
[    8.498386] jesd204: /axi/spi@ff040000/ad9081@0,jesd204:0,parent=spi1.0: JESD204[0] transition link_running -> opt_post_running_stage
[    8.519594] input: gpio-keys as /devices/platform/gpio-keys/input/input0
[    8.526619] of_cfs_init
[    8.529073] of_cfs_init: OK
[    8.532020] cfg80211: Loading compiled-in X.509 certificates for regulatory database
[    8.670253] cfg80211: Loaded X.509 cert 'sforshee: 00b28ddf47aef9cea7'
[    8.676781] clk: Not disabling unused clocks
[    8.681309] ALSA device list:
[    8.684270]   No soundcards found.
[    8.687933] platform regulatory.0: Direct firmware load for regulatory.db failed with error -2
[    8.696542] cfg80211: failed to load regulatory.db
[    8.711778] EXT4-fs (mmcblk0p2): mounted filesystem with ordered data mode. Opts: (null)
[    8.719891] VFS: Mounted root (ext4 filesystem) on device 179:2.
[    8.733108] devtmpfs: mounted
[    8.736961] Freeing unused kernel memory: 2560K
[    8.751780] Run /sbin/init as init process
[    8.755877]   with arguments:
[    8.755880]     /sbin/init
[    8.755882]   with environment:
[    8.755884]     HOME=/
[    8.755887]     TERM=linux
[    9.319661] systemd[1]: systemd 241 running in system mode. (+PAM +AUDIT +SELINUX +IMA +APPARMOR +SMACK +SYSVINIT +UTMP +LIBCRYPTSETUP +GCRYPT +GNUTLS +ACL +XZ +LZ4 +SECCOMP +BLKID +ELFUTILS +KMOD -IDN2 +IDN -PCRE2 default-hierarchy=hybrid)
[    9.341521] systemd[1]: Detected architecture arm64.
[    9.364432] systemd[1]: Set hostname to <analog>.
[    9.551385] systemd[1]: File /lib/systemd/system/systemd-journald.service:12 configures an IP firewall (IPAddressDeny=any), but the local system does not support BPF/cgroup based firewalling.
[    9.568441] systemd[1]: Proceeding WITHOUT firewalling in effect! (This warning is only shown for the first loaded unit using IP firewalling.)
[    9.731410] systemd[1]: /etc/systemd/system/tof-server.service:1: Assignment outside of section. Ignoring.
[    9.741106] systemd[1]: /etc/systemd/system/tof-server.service:2: Assignment outside of section. Ignoring.
[    9.923840] random: systemd: uninitialized urandom read (16 bytes read)
[    9.938509] random: systemd: uninitialized urandom read (16 bytes read)
[    9.945563] systemd[1]: Created slice User and Session Slice.
[    9.967790] random: systemd: uninitialized urandom read (16 bytes read)
[    9.974440] systemd[1]: Reached target Slices.
[    9.988181] systemd[1]: Created slice system-getty.slice.
[   10.559853] ------------[ cut here ]------------
[   10.559863] Enabling unprepared \xa0\xe9Q\x88\xff\xff\xffpQ\x88\xff\xff\xff
[   10.559913] WARNING: CPU: 1 PID: 129 at drivers/clk/clk.c:1012 clk_core_enable+0xa4/0xc0
[   10.559917] Modules linked in:
[   10.559927] CPU: 1 PID: 129 Comm: kworker/1:1H Not tainted 5.10.0-98103-g2aa7ac113716 #5577
[   10.559930] Hardware name: ZynqMP ZCU102 Rev1.0 (DT)
[   10.559940] Workqueue: kblockd blk_mq_run_work_fn
[   10.559947] pstate: 80000085 (Nzcv daIf -PAN -UAO -TCO BTYPE=--)
[   10.559953] pc : clk_core_enable+0xa4/0xc0
[   10.559958] lr : clk_core_enable+0xa4/0xc0
[   10.559961] sp : ffffffc012b5b2d0
[   10.559964] x29: ffffffc012b5b2d0 x28: ffffff8800330c10 
[   10.559971] x27: ffffff8800330d48 x26: 0000005000000101 
[   10.559978] x25: 000000026f79077c x24: 0000000000000001 
[   10.559984] x23: ffffff88010e9380 x22: ffffff8801083220 
[   10.559991] x21: ffffff8801517000 x20: ffffff8801517008 
[   10.559998] x19: ffffff8801517008 x18: 0000000000000030 
[   10.560004] x17: 00001dd000162f36 x16: 0000000000000005 
[   10.560011] x15: ffffffffffff8980 x14: ffffffc011d3b1a0 
[   10.560018] x13: ffffffc011d3b1c8 x12: 00000000000005f7 
[   10.560024] x11: 00000000000001fd x10: ffffffc011d671c8 
[   10.560031] x9 : 00000000fffff800 x8 : ffffffc011d3b1c8 
[   10.560037] x7 : ffffffc011d671c8 x6 : 0000000000000001 
[   10.560044] x5 : ffffff887f77c9e0 x4 : 0000000000000000 
[   10.560050] x3 : 0000000000000027 x2 : 0000000000000023 
[   10.560056] x1 : 389e7a9634ad5000 x0 : 0000000000000000 
[   10.560063] Call trace:
[   10.560070]  clk_core_enable+0xa4/0xc0
[   10.560075]  clk_enable+0x2c/0x60
[   10.560081]  zynqmp_runtime_resume+0x24/0x84
[   10.560088]  pm_generic_runtime_resume+0x30/0x50
[   10.560094]  __genpd_runtime_resume+0x30/0xb0
[   10.560100]  genpd_runtime_resume+0x90/0x250
[   10.560106]  __rpm_callback+0x10c/0x1e0
[   10.560111]  rpm_callback+0x5c/0x84
[   10.560116]  rpm_resume+0x4a4/0x74c
[   10.560121]  __pm_runtime_resume+0x78/0xc4
[   10.560126]  spi_mem_access_start.isra.0+0x30/0x80
[   10.560130]  spi_mem_exec_op+0x3b0/0x424
[   10.560135]  spi_nor_read_sr+0x78/0xe0
[   10.560140]  spi_nor_wait_till_ready_with_timeout+0xb4/0x2f0
[   10.560145]  spi_nor_read+0x188/0x380
[   10.560151]  mtd_read_oob_std+0x78/0x84
[   10.560155]  mtd_read_oob+0x7c/0x134
[   10.560160]  mtd_read+0x48/0x7c
[   10.560166]  mtdblock_readsect+0x6c/0x150
[   10.560171]  mtd_queue_rq+0x2cc/0x5a0
[   10.560177]  blk_mq_dispatch_rq_list+0x110/0x790
[   10.560183]  __blk_mq_do_dispatch_sched+0x200/0x274
[   10.560188]  __blk_mq_sched_dispatch_requests+0x1a8/0x1fc
[   10.560194]  blk_mq_sched_dispatch_requests+0x3c/0x7c
[   10.560199]  __blk_mq_run_hw_queue+0x98/0x100
[   10.560204]  blk_mq_run_work_fn+0x24/0x30
[   10.560210]  process_one_work+0x1d4/0x380
[   10.560214]  worker_thread+0x78/0x4e0
[   10.560219]  kthread+0x124/0x130
[   10.560225]  ret_from_fork+0x10/0x3c
[   10.560228] ---[ end trace a84433b05540ba4c ]---
[   10.560237] zynqmp-qspi ff0f0000.spi: Cannot enable APB clock.
[   10.560288] spi_master spi0: Failed to power device: -108
[   10.560299] blk_update_request: I/O error, dev mtdblock0, sector 8 op 0x0:(READ) flags 0x80700 phys_seg 1 prio class 0
[   10.560372] spi_master spi0: Failed to power device: -22
[   10.560379] blk_update_request: I/O error, dev mtdblock0, sector 8 op 0x0:(READ) flags 0x0 phys_seg 8 prio class 0
[   10.560385] Buffer I/O error on dev mtdblock0, logical block 8, async page read
[   10.560395] spi_master spi0: Failed to power device: -22
[   10.560400] blk_update_request: I/O error, dev mtdblock0, sector 9 op 0x0:(READ) flags 0x0 phys_seg 7 prio class 0
[   10.560404] Buffer I/O error on dev mtdblock0, logical block 9, async page read
[   10.560412] spi_master spi0: Failed to power device: -22
[   10.560418] blk_update_request: I/O error, dev mtdblock0, sector 10 op 0x0:(READ) flags 0x0 phys_seg 6 prio class 0
[   10.560421] Buffer I/O error on dev mtdblock0, logical block 10, async page read
[   10.560428] spi_master spi0: Failed to power device: -22
[   10.560434] blk_update_request: I/O error, dev mtdblock0, sector 11 op 0x0:(READ) flags 0x0 phys_seg 5 prio class 0
[   10.560438] Buffer I/O error on dev mtdblock0, logical block 11, async page read
[   10.560444] spi_master spi0: Failed to power device: -22
[   10.560450] blk_update_request: I/O error, dev mtdblock0, sector 12 op 0x0:(READ) flags 0x0 phys_seg 4 prio class 0
[   10.560454] Buffer I/O error on dev mtdblock0, logical block 12, async page read
[   10.560461] spi_master spi0: Failed to power device: -22
[   10.560466] blk_update_request: I/O error, dev mtdblock0, sector 13 op 0x0:(READ) flags 0x0 phys_seg 3 prio class 0
[   10.560470] Buffer I/O error on dev mtdblock0, logical block 13, async page read
[   10.560476] spi_master spi0: Failed to power device: -22
[   10.560482] blk_update_request: I/O error, dev mtdblock0, sector 14 op 0x0:(READ) flags 0x0 phys_seg 2 prio class 0
[   10.560486] Buffer I/O error on dev mtdblock0, logical block 14, async page read
[   10.560492] spi_master spi0: Failed to power device: -22
[   10.560498] blk_update_request: I/O error, dev mtdblock0, sector 15 op 0x0:(READ) flags 0x0 phys_seg 1 prio class 0
[   10.560502] Buffer I/O error on dev mtdblock0, logical block 15, async page read
[   10.560828] spi_master spi0: Failed to power device: -22
[   10.560836] blk_update_request: I/O error, dev mtdblock1, sector 10112 op 0x0:(READ) flags 0x80700 phys_seg 1 prio class 0
[   10.560880] spi_master spi0: Failed to power device: -22
[   10.560886] Buffer I/O error on dev mtdblock1, logical block 10112, async page read
[   10.560895] spi_master spi0: Failed to power device: -22
[   10.560899] Buffer I/O error on dev mtdblock1, logical block 10113, async page read
[   10.560907] spi_master spi0: Failed to power device: -22
[   10.560914] spi_master spi0: Failed to power device: -22
[   10.560922] spi_master spi0: Failed to power device: -22
[   10.560929] spi_master spi0: Failed to power device: -22
[   10.560936] spi_master spi0: Failed to power device: -22
[   10.560943] spi_master spi0: Failed to power device: -22
[   10.561171] spi_master spi0: Failed to power device: -22
[   10.561216] spi_master spi0: Failed to power device: -22
[   10.561225] spi_master spi0: Failed to power device: -22
[   10.561233] spi_master spi0: Failed to power device: -22
[   10.561241] spi_master spi0: Failed to power device: -22
[   10.561248] spi_master spi0: Failed to power device: -22
[   10.561255] spi_master spi0: Failed to power device: -22
[   10.561262] spi_master spi0: Failed to power device: -22
[   10.561269] spi_master spi0: Failed to power device: -22
[   10.561548] spi_master spi0: Failed to power device: -22
[   10.561592] spi_master spi0: Failed to power device: -22
[   10.561601] spi_master spi0: Failed to power device: -22
[   10.561609] spi_master spi0: Failed to power device: -22
[   10.561616] spi_master spi0: Failed to power device: -22
[   10.561623] spi_master spi0: Failed to power device: -22
[   10.561630] spi_master spi0: Failed to power device: -22
[   10.561637] spi_master spi0: Failed to power device: -22
[   10.561645] spi_master spi0: Failed to power device: -22
[   10.684947] EXT4-fs (mmcblk0p2): re-mounted. Opts: (null)
[   10.812531] systemd-journald[167]: Received request to flush runtime journal from PID 1
[   16.784808] macb ff0e0000.ethernet eth0: PHY [ff0e0000.ethernet-ffffffff:0c] driver [TI DP83867] (irq=POLL)
[   16.784821] macb ff0e0000.ethernet eth0: configuring for phy/rgmii-id link mode
[   17.167813] Adding 102396k swap on /var/swap.  Priority:-2 extents:4 across:9953604k SS
[   18.799748] random: crng init done
[   18.799759] random: 7 urandom warning(s) missed due to ratelimiting
[   19.716904] broken atomic modeset userspace detected, disabling atomic
[   20.865354] macb ff0e0000.ethernet eth0: Link is Up - 1Gbps/Full - flow control off
[   20.865379] IPv6: ADDRCONF(NETDEV_CHANGE): eth0: link becomes ready
[   22.388987] broken atomic modeset userspace detected, disabling atomic
[   25.243425] broken atomic modeset userspace detected, disabling atomic
[   27.881631] broken atomic modeset userspace detected, disabling atomic