[    0.000000] Booting Linux on physical CPU 0x0000000000 [0x410fd034]
[    0.000000] Linux version 5.10.0-98103-g2aa7ac113716 (jenkins@romlxbuild1.adlk.analog.com) (aarch64-xilinx-linux-gcc.real (GCC) 10.2.0, GNU ld (GNU Binutils) 2.35.0.20200730) #5577 SMP Wed Mar 23 07:28:49 GMT 2022
[    0.000000] Machine model: ZynqMP ZCU102 Rev1.0
[    0.000000] earlycon: cdns0 at MMIO 0x00000000ff000000 (options '115200n8')
[    0.000000] printk: bootconsole [cdns0] enabled
[    0.000000] efi: UEFI not found.
[    0.000000] cma: Reserved 256 MiB at 0x0000000070000000
[    0.000000] Zone ranges:
[    0.000000]   DMA      [mem 0x0000000000000000-0x000000003fffffff]
[    0.000000]   DMA32    [mem 0x0000000040000000-0x00000000ffffffff]
[    0.000000]   Normal   [mem 0x0000000100000000-0x000000087fffffff]
[    0.000000] Movable zone start for each node
[    0.000000] Early memory node ranges
[    0.000000]   node   0: [mem 0x0000000000000000-0x000000007fffffff]
[    0.000000]   node   0: [mem 0x0000000800000000-0x000000087fffffff]
[    0.000000] Initmem setup node 0 [mem 0x0000000000000000-0x000000087fffffff]
[    0.000000] On node 0 totalpages: 1048576
[    0.000000]   DMA zone: 3584 pages used for memmap
[    0.000000]   DMA zone: 0 pages reserved
[    0.000000]   DMA zone: 262144 pages, LIFO batch:63
[    0.000000]   DMA32 zone: 3584 pages used for memmap
[    0.000000]   DMA32 zone: 262144 pages, LIFO batch:63
[    0.000000]   Normal zone: 7168 pages used for memmap
[    0.000000]   Normal zone: 524288 pages, LIFO batch:63
[    0.000000] psci: probing for conduit method from DT.
[    0.000000] psci: PSCIv1.1 detected in firmware.
[    0.000000] psci: Using standard PSCI v0.2 function IDs
[    0.000000] psci: MIGRATE_INFO_TYPE not supported.
[    0.000000] psci: SMC Calling Convention v1.2
[    0.000000] percpu: Embedded 22 pages/cpu s49496 r8192 d32424 u90112
[    0.000000] pcpu-alloc: s49496 r8192 d32424 u90112 alloc=22*4096
[    0.000000] pcpu-alloc: [0] 0 [0] 1 [0] 2 [0] 3 
[    0.000000] Detected VIPT I-cache on CPU0
[    0.000000] CPU features: detected: ARM erratum 845719
[    0.000000] Built 1 zonelists, mobility grouping on.  Total pages: 1034240
[    0.000000] Kernel command line: console=ttyPS0,115200 root=/dev/mmcblk0p2 rw earlycon rootfstype=ext4 rootwait clk_ignore_unused cpuidle.off=1 root=/dev/mmcblk0p2 rw rootwait
[    0.000000] Dentry cache hash table entries: 524288 (order: 10, 4194304 bytes, linear)
[    0.000000] Inode-cache hash table entries: 262144 (order: 9, 2097152 bytes, linear)
[    0.000000] mem auto-init: stack:off, heap alloc:off, heap free:off
[    0.000000] software IO TLB: mapped [mem 0x000000003bfff000-0x000000003ffff000] (64MB)
[    0.000000] Memory: 3761904K/4194304K available (15296K kernel code, 1636K rwdata, 11876K rodata, 2560K init, 507K bss, 170256K reserved, 262144K cma-reserved)
[    0.000000] rcu: Hierarchical RCU implementation.
[    0.000000] rcu: 	RCU event tracing is enabled.
[    0.000000] rcu: 	RCU restricting CPUs from NR_CPUS=8 to nr_cpu_ids=4.
[    0.000000] rcu: RCU calculated value of scheduler-enlistment delay is 25 jiffies.
[    0.000000] rcu: Adjusting geometry for rcu_fanout_leaf=16, nr_cpu_ids=4
[    0.000000] NR_IRQS: 64, nr_irqs: 64, preallocated irqs: 0
[    0.000000] GIC: Adjusting CPU interface base to 0x00000000f902f000
[    0.000000] GIC: Using split EOI/Deactivate mode
[    0.000000] random: get_random_bytes called from start_kernel+0x31c/0x54c with crng_init=0
[    0.000000] arch_timer: cp15 timer(s) running at 100.00MHz (phys).
[    0.000000] clocksource: arch_sys_counter: mask: 0xffffffffffffff max_cycles: 0x171024e7e0, max_idle_ns: 440795205315 ns
[    0.000003] sched_clock: 56 bits at 100MHz, resolution 10ns, wraps every 4398046511100ns
[    0.008462] Console: colour dummy device 80x25
[    0.012482] Calibrating delay loop (skipped), value calculated using timer frequency.. 200.00 BogoMIPS (lpj=400000)
[    0.022841] pid_max: default: 32768 minimum: 301
[    0.027549] Mount-cache hash table entries: 8192 (order: 4, 65536 bytes, linear)
[    0.034789] Mountpoint-cache hash table entries: 8192 (order: 4, 65536 bytes, linear)
[    0.043396] rcu: Hierarchical SRCU implementation.
[    0.047560] EFI services will not be available.
[    0.051938] smp: Bringing up secondary CPUs ...
[    0.056656] Detected VIPT I-cache on CPU1
[    0.056695] CPU1: Booted secondary processor 0x0000000001 [0x410fd034]
[    0.057059] Detected VIPT I-cache on CPU2
[    0.057083] CPU2: Booted secondary processor 0x0000000002 [0x410fd034]
[    0.057422] Detected VIPT I-cache on CPU3
[    0.057446] CPU3: Booted secondary processor 0x0000000003 [0x410fd034]
[    0.057492] smp: Brought up 1 node, 4 CPUs
[    0.091780] SMP: Total of 4 processors activated.
[    0.096452] CPU features: detected: 32-bit EL0 Support
[    0.101556] CPU features: detected: CRC32 instructions
[    0.106695] CPU: All CPU(s) started at EL2
[    0.110736] alternatives: patching kernel code
[    0.116168] devtmpfs: initialized
[    0.124055] Registered cp15_barrier emulation handler
[    0.124106] Registered setend emulation handler
[    0.128083] clocksource: jiffies: mask: 0xffffffff max_cycles: 0xffffffff, max_idle_ns: 7645041785100000 ns
[    0.137661] futex hash table entries: 1024 (order: 4, 65536 bytes, linear)
[    0.151016] pinctrl core: initialized pinctrl subsystem
[    0.151663] NET: Registered protocol family 16
[    0.156084] DMA: preallocated 512 KiB GFP_KERNEL pool for atomic allocations
[    0.162098] DMA: preallocated 512 KiB GFP_KERNEL|GFP_DMA pool for atomic allocations
[    0.169826] DMA: preallocated 512 KiB GFP_KERNEL|GFP_DMA32 pool for atomic allocations
[    0.177627] audit: initializing netlink subsys (disabled)
[    0.183078] audit: type=2000 audit(0.116:1): state=initialized audit_enabled=0 res=1
[    0.183422] hw-breakpoint: found 6 breakpoint and 4 watchpoint registers.
[    0.197455] ASID allocator initialised with 65536 entries
[    0.224308] HugeTLB registered 1.00 GiB page size, pre-allocated 0 pages
[    0.225360] HugeTLB registered 32.0 MiB page size, pre-allocated 0 pages
[    0.232030] HugeTLB registered 2.00 MiB page size, pre-allocated 0 pages
[    0.238690] HugeTLB registered 64.0 KiB page size, pre-allocated 0 pages
[    1.304273] DRBG: Continuing without Jitter RNG
[    1.382083] raid6: neonx8   gen()  2141 MB/s
[    1.450135] raid6: neonx8   xor()  1598 MB/s
[    1.518193] raid6: neonx4   gen()  2194 MB/s
[    1.586244] raid6: neonx4   xor()  1568 MB/s
[    1.654312] raid6: neonx2   gen()  2076 MB/s
[    1.722355] raid6: neonx2   xor()  1439 MB/s
[    1.790424] raid6: neonx1   gen()  1772 MB/s
[    1.858476] raid6: neonx1   xor()  1220 MB/s
[    1.926527] raid6: int64x8  gen()  1438 MB/s
[    1.994584] raid6: int64x8  xor()   771 MB/s
[    2.062656] raid6: int64x4  gen()  1599 MB/s
[    2.130710] raid6: int64x4  xor()   813 MB/s
[    2.198777] raid6: int64x2  gen()  1395 MB/s
[    2.266832] raid6: int64x2  xor()   749 MB/s
[    2.334907] raid6: int64x1  gen()  1034 MB/s
[    2.402959] raid6: int64x1  xor()   517 MB/s
[    2.402997] raid6: using algorithm neonx4 gen() 2194 MB/s
[    2.406952] raid6: .... xor() 1568 MB/s, rmw enabled
[    2.411883] raid6: using neon recovery algorithm
[    2.416895] iommu: Default domain type: Translated 
[    2.421508] SCSI subsystem initialized
[    2.425051] libata version 3.00 loaded.
[    2.425176] usbcore: registered new interface driver usbfs
[    2.430509] usbcore: registered new interface driver hub
[    2.435782] usbcore: registered new device driver usb
[    2.440916] mc: Linux media interface: v0.10
[    2.445030] videodev: Linux video capture interface: v2.00
[    2.450522] EDAC MC: Ver: 3.0.0
[    2.453961] zynqmp-ipi-mbox mailbox@ff990400: Registered ZynqMP IPI mbox with TX/RX channels.
[    2.462446] jesd204: created con: id=0, topo=0, link=0, /axi/spi@ff050000/hmc7044@0 <-> /fpga-axi@0/axi-adxcvr-tx@84b60000
[    2.473051] jesd204: created con: id=1, topo=0, link=2, /axi/spi@ff050000/hmc7044@0 <-> /fpga-axi@0/axi-adxcvr-rx@84a60000
[    2.484035] jesd204: created con: id=2, topo=0, link=0, /fpga-axi@0/axi-adxcvr-tx@84b60000 <-> /fpga-axi@0/axi-jesd204-tx@84b90000
[    2.495711] jesd204: created con: id=3, topo=0, link=2, /fpga-axi@0/axi-adxcvr-rx@84a60000 <-> /fpga-axi@0/axi-jesd204-rx@84a90000
[    2.507388] jesd204: created con: id=4, topo=0, link=0, /fpga-axi@0/axi-jesd204-tx@84b90000 <-> /fpga-axi@0/axi-ad9081-tx-hpc@84b10000
[    2.519416] jesd204: created con: id=5, topo=0, link=2, /fpga-axi@0/axi-jesd204-rx@84a90000 <-> /fpga-axi@0/axi-ad9081-rx-hpc@84a10000
[    2.531439] jesd204: created con: id=6, topo=0, link=2, /fpga-axi@0/axi-ad9081-rx-hpc@84a10000 <-> /axi/spi@ff040000/ad9081@0
[    2.542680] jesd204: created con: id=7, topo=0, link=0, /fpga-axi@0/axi-ad9081-tx-hpc@84b10000 <-> /axi/spi@ff040000/ad9081@0
[    2.553929] jesd204: /axi/spi@ff040000/ad9081@0: JESD204[2] transition uninitialized -> initialized
[    2.562916] jesd204: /axi/spi@ff040000/ad9081@0: JESD204[0] transition uninitialized -> initialized
[    2.571908] jesd204: found 8 devices and 1 topologies
[    2.576952] FPGA manager framework
[    2.580431] Advanced Linux Sound Architecture Driver Initialized.
[    2.586725] Bluetooth: Core ver 2.22
[    2.589911] NET: Registered protocol family 31
[    2.594312] Bluetooth: HCI device and connection manager initialized
[    2.600629] Bluetooth: HCI socket layer initialized
[    2.605471] Bluetooth: L2CAP socket layer initialized
[    2.610494] Bluetooth: SCO socket layer initialized
[    2.615677] clocksource: Switched to clocksource arch_sys_counter
[    2.621486] VFS: Disk quotas dquot_6.6.0
[    2.625322] VFS: Dquot-cache hash table entries: 512 (order 0, 4096 bytes)
[    2.636025] NET: Registered protocol family 2
[    2.636765] tcp_listen_portaddr_hash hash table entries: 2048 (order: 3, 32768 bytes, linear)
[    2.644963] TCP established hash table entries: 32768 (order: 6, 262144 bytes, linear)
[    2.652987] TCP bind hash table entries: 32768 (order: 7, 524288 bytes, linear)
[    2.660432] TCP: Hash tables configured (established 32768 bind 32768)
[    2.666607] UDP hash table entries: 2048 (order: 4, 65536 bytes, linear)
[    2.673272] UDP-Lite hash table entries: 2048 (order: 4, 65536 bytes, linear)
[    2.680433] NET: Registered protocol family 1
[    2.684889] RPC: Registered named UNIX socket transport module.
[    2.690510] RPC: Registered udp transport module.
[    2.695174] RPC: Registered tcp transport module.
[    2.699844] RPC: Registered tcp NFSv4.1 backchannel transport module.
[    2.706827] PCI: CLS 0 bytes, default 64
[    2.710538] hw perfevents: no interrupt-affinity property for /pmu, guessing.
[    2.717395] hw perfevents: enabled with armv8_pmuv3 PMU driver, 7 counters available
[    2.725750] Initialise system trusted keyrings
[    2.729432] workingset: timestamp_bits=62 max_order=20 bucket_order=0
[    2.736324] NFS: Registering the id_resolver key type
[    2.740771] Key type id_resolver registered
[    2.744912] Key type id_legacy registered
[    2.748903] nfs4filelayout_init: NFSv4 File Layout Driver Registering...
[    2.755567] jffs2: version 2.2. (NAND) (SUMMARY)  Â© 2001-2006 Red Hat, Inc.
[    2.799240] NET: Registered protocol family 38
[    2.799282] xor: measuring software checksum speed
[    2.806972]    8regs           :  2363 MB/sec
[    2.810640]    32regs          :  2799 MB/sec
[    2.815583]    arm64_neon      :  2380 MB/sec
[    2.815777] xor: using function: 32regs (2799 MB/sec)
[    2.820799] Key type asymmetric registered
[    2.824860] Asymmetric key parser 'x509' registered
[    2.829721] Block layer SCSI generic (bsg) driver version 0.4 loaded (major 248)
[    2.837058] io scheduler mq-deadline registered
[    2.841554] io scheduler kyber registered
[    2.870989] Serial: 8250/16550 driver, 4 ports, IRQ sharing disabled
[    2.875631] cacheinfo: Unable to detect cache hierarchy for CPU 0
[    2.881975] brd: module loaded
[    2.886137] loop: module loaded
[    2.886684] Registered mathworks_ip class
[    2.890006] libphy: Fixed MDIO Bus: probed
[    2.892991] tun: Universal TUN/TAP device driver, 1.6
[    2.897035] CAN device driver interface
[    2.901572] usbcore: registered new interface driver asix
[    2.906169] usbcore: registered new interface driver ax88179_178a
[    2.912203] usbcore: registered new interface driver cdc_ether
[    2.917996] usbcore: registered new interface driver net1080
[    2.923622] usbcore: registered new interface driver cdc_subset
[    2.929502] usbcore: registered new interface driver zaurus
[    2.935045] usbcore: registered new interface driver cdc_ncm
[    2.941449] ehci_hcd: USB 2.0 'Enhanced' Host Controller (EHCI) Driver
[    2.947131] ehci-pci: EHCI PCI platform driver
[    2.951940] usbcore: registered new interface driver uas
[    2.956849] usbcore: registered new interface driver usb-storage
[    2.962837] usbcore: registered new interface driver usbserial_generic
[    2.969286] usbserial: USB Serial support registered for generic
[    2.975259] usbcore: registered new interface driver ftdi_sio
[    2.980961] usbserial: USB Serial support registered for FTDI USB Serial Device
[    2.988237] usbcore: registered new interface driver upd78f0730
[    2.994109] usbserial: USB Serial support registered for upd78f0730
[    3.001758] rtc_zynqmp ffa60000.rtc: registered as rtc0
[    3.005534] rtc_zynqmp ffa60000.rtc: setting system clock to 2022-04-12T20:44:08 UTC (1649796248)
[    3.014397] i2c /dev entries driver
[    3.019718] usbcore: registered new interface driver uvcvideo
[    3.023503] USB Video Class driver (1.1.1)
[    3.029090] Bluetooth: HCI UART driver ver 2.3
[    3.031992] Bluetooth: HCI UART protocol H4 registered
[    3.037090] Bluetooth: HCI UART protocol BCSP registered
[    3.042378] Bluetooth: HCI UART protocol LL registered
[    3.047470] Bluetooth: HCI UART protocol ATH3K registered
[    3.052844] Bluetooth: HCI UART protocol Three-wire (H5) registered
[    3.059096] Bluetooth: HCI UART protocol Intel registered
[    3.064434] Bluetooth: HCI UART protocol QCA registered
[    3.069638] usbcore: registered new interface driver bcm203x
[    3.075257] usbcore: registered new interface driver bpa10x
[    3.080792] usbcore: registered new interface driver bfusb
[    3.086245] usbcore: registered new interface driver btusb
[    3.091708] usbcore: registered new interface driver ath3k
[    3.097188] EDAC MC: ECC not enabled
[    3.100828] EDAC DEVICE0: Giving out device to module zynqmp-ocm-edac controller zynqmp_ocm: DEV ff960000.memory-controller (INTERRUPT)
[    3.113125] sdhci: Secure Digital Host Controller Interface driver
[    3.118919] sdhci: Copyright(c) Pierre Ossman
[    3.123241] sdhci-pltfm: SDHCI platform and OF driver helper
[    3.129293] ledtrig-cpu: registered to indicate activity on CPUs
[    3.134847] SMCCC: SOC_ID: ARCH_SOC_ID not implemented, skipping ....
[    3.141279] zynqmp_firmware_probe Platform Management API v1.1
[    3.147033] zynqmp_firmware_probe Trustzone version v1.0
[    3.186563] zynqmp-pinctrl firmware:zynqmp-firmware:pinctrl: zynqmp pinctrl initialized
[    3.234499] zynqmp-aes firmware:zynqmp-firmware:zynqmp-aes: will run requests pump with realtime priority
[    3.250218] alg: No test for xilinx-keccak-384 (zynqmp-keccak-384)
[    3.250927] alg: No test for xilinx-zynqmp-rsa (zynqmp-rsa)
[    3.256433] usbcore: registered new interface driver usbhid
[    3.261827] usbhid: USB HID core driver
[    3.273072] axi_sysid 85000000.axi-sysid-0: AXI System ID core version (1.01.a) found
[    3.275424] axi_sysid 85000000.axi-sysid-0: [ad9081_fmca_ebz] on [zcu102] git branch <master> git <084d44c9780640ca93fd847b1d9ec70dd65f5c67> clean [2022-03-18 04:17:50] UTC
[    3.291108] fpga_manager fpga0: Xilinx ZynqMP FPGA Manager registered
[    3.297468] usbcore: registered new interface driver snd-usb-audio
[    3.304920] pktgen: Packet Generator for packet performance testing. Version: 2.75
[    3.311101] Initializing XFRM netlink socket
[    3.314954] NET: Registered protocol family 10
[    3.319680] Segment Routing with IPv6
[    3.323044] sit: IPv6, IPv4 and MPLS over IPv4 tunneling driver
[    3.329127] NET: Registered protocol family 17
[    3.333229] NET: Registered protocol family 15
[    3.337725] can: controller area network core
[    3.341978] NET: Registered protocol family 29
[    3.346366] can: raw protocol
[    3.349303] can: broadcast manager protocol
[    3.353458] can: netlink gateway - max_hops=1
[    3.357852] Bluetooth: RFCOMM TTY layer initialized
[    3.362631] Bluetooth: RFCOMM socket layer initialized
[    3.367740] Bluetooth: RFCOMM ver 1.11
[    3.371445] Bluetooth: BNEP (Ethernet Emulation) ver 1.3
[    3.376722] Bluetooth: BNEP filters: protocol multicast
[    3.381915] Bluetooth: BNEP socket layer initialized
[    3.386842] Bluetooth: HIDP (Human Interface Emulation) ver 1.2
[    3.392726] Bluetooth: HIDP socket layer initialized
[    3.397785] 9pnet: Installing 9P2000 support
[    3.401904] NET: Registered protocol family 36
[    3.406321] Key type dns_resolver registered
[    3.410748] registered taskstats version 1
[    3.414616] Loading compiled-in X.509 certificates
[    3.419742] Btrfs loaded, crc32c=crc32c-generic
[    3.432136] ff000000.serial: ttyPS0 at MMIO 0xff000000 (irq = 49, base_baud = 6249999) is a xuartps
[    3.441160] printk: console [ttyPS0] enabled
[    3.445454] printk: bootconsole [cdns0] disabled
[    3.455087] ff010000.serial: ttyPS1 at MMIO 0xff010000 (irq = 50, base_baud = 6249999) is a xuartps
[    3.468334] of-fpga-region fpga-full: FPGA Region probed
[    3.475280] nwl-pcie fd0e0000.pcie: host bridge /axi/pcie@fd0e0000 ranges:
[    3.482176] nwl-pcie fd0e0000.pcie:      MEM 0x00e0000000..0x00efffffff -> 0x00e0000000
[    3.490177] nwl-pcie fd0e0000.pcie:      MEM 0x0600000000..0x07ffffffff -> 0x0600000000
[    3.498245] nwl-pcie fd0e0000.pcie: Link is DOWN
[    3.503004] nwl-pcie fd0e0000.pcie: PCI host bridge to bus 0000:00
[    3.509184] pci_bus 0000:00: root bus resource [bus 00-ff]
[    3.514665] pci_bus 0000:00: root bus resource [mem 0xe0000000-0xefffffff]
[    3.521530] pci_bus 0000:00: root bus resource [mem 0x600000000-0x7ffffffff pref]
[    3.529032] pci 0000:00:00.0: [10ee:d021] type 01 class 0x060400
[    3.535096] pci 0000:00:00.0: PME# supported from D0 D1 D2 D3hot
[    3.545541] pci 0000:00:00.0: PCI bridge to [bus 01-0c]
[    3.551521] xilinx-zynqmp-dma fd500000.dma: ZynqMP DMA driver Probe success
[    3.558700] xilinx-zynqmp-dma fd510000.dma: ZynqMP DMA driver Probe success
[    3.565875] xilinx-zynqmp-dma fd520000.dma: ZynqMP DMA driver Probe success
[    3.573046] xilinx-zynqmp-dma fd530000.dma: ZynqMP DMA driver Probe success
[    3.580210] xilinx-zynqmp-dma fd540000.dma: ZynqMP DMA driver Probe success
[    3.587379] xilinx-zynqmp-dma fd550000.dma: ZynqMP DMA driver Probe success
[    3.594549] xilinx-zynqmp-dma fd560000.dma: ZynqMP DMA driver Probe success
[    3.601720] xilinx-zynqmp-dma fd570000.dma: ZynqMP DMA driver Probe success
[    3.609119] xilinx-zynqmp-dpdma fd4c0000.dma-controller: Xilinx DPDMA engine is probed
[    3.617665] ahci-ceva fd0c0000.ahci: supply ahci not found, using dummy regulator
[    3.625214] ahci-ceva fd0c0000.ahci: supply phy not found, using dummy regulator
[    3.715852] hmc7044 spi2.0: PLL1: Acquisition, CLKIN0 @ 122880000 Hz, PFD: 80 kHz - PLL2: Locked @ 2960.000000 MHz
[    3.726569] jesd204: /axi/spi@ff050000/hmc7044@0,jesd204:1,parent=spi2.0: Using as SYSREF provider
[    3.736153] spi-nor spi0.0: SPI-NOR-UniqueID 100000235394732200270025081115266e
[    3.743456] spi-nor spi0.0: found n25q512a, expected m25p80
[    3.749656] spi-nor spi0.0: trying to lock already unlocked area
[    3.755658] spi-nor spi0.0: n25q512a (131072 Kbytes)
[    3.760644] 4 fixed-partitions partitions found on MTD device spi0.0
[    3.766990] Creating 4 MTD partitions on "spi0.0":
[    3.771775] 0x000000000000-0x000000100000 : "qspi-fsbl-uboot"
[    3.778263] 0x000000100000-0x000000600000 : "qspi-linux"
[    3.784224] 0x000000600000-0x000000620000 : "qspi-device-tree"
[    3.790700] 0x000000620000-0x000000c00000 : "qspi-rootfs"
[    3.799171] macb ff0e0000.ethernet: Not enabling partial store and forward
[    3.806694] libphy: MACB_mii_bus: probed
[    3.811763] macb ff0e0000.ethernet eth0: Cadence GEM rev 0x50070106 at 0xff0e0000 irq 30 (00:0a:35:04:8e:1b)
[    3.821969] xilinx-axipmon ffa00000.perf-monitor: Probed Xilinx APM
[    3.828544] xilinx-axipmon fd0b0000.perf-monitor: Probed Xilinx APM
[    3.835063] xilinx-axipmon fd490000.perf-monitor: Probed Xilinx APM
[    3.841609] xilinx-axipmon ffa10000.perf-monitor: Probed Xilinx APM
[    3.851616] pca953x 0-0020: supply vcc not found, using dummy regulator
[    3.858298] pca953x 0-0020: using no AI
[    3.862789] gpio-496 (sel0): hogged as output/low
[    3.867694] gpio-497 (sel1): hogged as output/high
[    3.872682] gpio-498 (sel2): hogged as output/high
[    3.877671] gpio-499 (sel3): hogged as output/high
[    3.882848] pca953x 0-0021: supply vcc not found, using dummy regulator
[    3.889519] pca953x 0-0021: using no AI
[    3.895267] ina2xx 2-0040: power monitor ina226 (Rshunt = 5000 uOhm)
[    3.902298] ina2xx 2-0041: power monitor ina226 (Rshunt = 5000 uOhm)
[    3.909341] ina2xx 2-0042: power monitor ina226 (Rshunt = 5000 uOhm)
[    3.916369] ina2xx 2-0043: power monitor ina226 (Rshunt = 5000 uOhm)
[    3.923398] ina2xx 2-0044: power monitor ina226 (Rshunt = 5000 uOhm)
[    3.930419] ina2xx 2-0045: power monitor ina226 (Rshunt = 5000 uOhm)
[    3.937450] ina2xx 2-0046: power monitor ina226 (Rshunt = 5000 uOhm)
[    3.944517] ina2xx 2-0047: power monitor ina226 (Rshunt = 5000 uOhm)
[    3.951560] ina2xx 2-004a: power monitor ina226 (Rshunt = 5000 uOhm)
[    3.958588] ina2xx 2-004b: power monitor ina226 (Rshunt = 5000 uOhm)
[    3.964999] i2c i2c-0: Added multiplexed i2c bus 2
[    3.970384] random: fast init done
[    3.973856] ina2xx 3-0040: power monitor ina226 (Rshunt = 2000 uOhm)
[    3.980883] ina2xx 3-0041: power monitor ina226 (Rshunt = 5000 uOhm)
[    3.987911] ina2xx 3-0042: power monitor ina226 (Rshunt = 5000 uOhm)
[    3.994945] ina2xx 3-0043: power monitor ina226 (Rshunt = 5000 uOhm)
[    4.001968] ina2xx 3-0044: power monitor ina226 (Rshunt = 5000 uOhm)
[    4.008995] ina2xx 3-0045: power monitor ina226 (Rshunt = 5000 uOhm)
[    4.016024] ina2xx 3-0046: power monitor ina226 (Rshunt = 5000 uOhm)
[    4.023058] ina2xx 3-0047: power monitor ina226 (Rshunt = 5000 uOhm)
[    4.029458] i2c i2c-0: Added multiplexed i2c bus 3
[    4.085403] i2c i2c-0: Added multiplexed i2c bus 4
[    4.090347] i2c i2c-0: Added multiplexed i2c bus 5
[    4.095134] pca954x 0-0075: registered 4 multiplexed busses for I2C mux pca9544
[    4.102484] cdns-i2c ff020000.i2c: 400 kHz mmio ff020000 irq 32
[    4.110215] at24 6-0054: supply vcc not found, using dummy regulator
[    4.117111] at24 6-0054: 1024 byte 24c08 EEPROM, writable, 1 bytes/write
[    4.123864] i2c i2c-1: Added multiplexed i2c bus 6
[    4.130292] si5341 7-0036: Chip: 5341 Grade: 1 Rev: 1
[    4.167967] i2c i2c-1: Added multiplexed i2c bus 7
[    4.175623] si570 8-005d: registered, current frequency 300000000 Hz
[    4.182027] i2c i2c-1: Added multiplexed i2c bus 8
[    4.201811] si570 9-005d: registered, current frequency 148500000 Hz
[    4.208216] i2c i2c-1: Added multiplexed i2c bus 9
[    4.213253] si5324 10-0069: si5328 probed
[    4.280045] si5324 10-0069: si5328 probe successful
[    4.284975] i2c i2c-1: Added multiplexed i2c bus 10
[    4.290003] i2c i2c-1: Added multiplexed i2c bus 11
[    4.295024] i2c i2c-1: Added multiplexed i2c bus 12
[    4.300052] i2c i2c-1: Added multiplexed i2c bus 13
[    4.304930] pca954x 1-0074: registered 8 multiplexed busses for I2C switch pca9548
[    4.313037] at24 14-0050: supply vcc not found, using dummy regulator
[    4.319829] at24 14-0050: 256 byte 24c02 EEPROM, writable, 1 bytes/write
[    4.326574] i2c i2c-1: Added multiplexed i2c bus 14
[    4.331614] i2c i2c-1: Added multiplexed i2c bus 15
[    4.336647] i2c i2c-1: Added multiplexed i2c bus 16
[    4.341684] i2c i2c-1: Added multiplexed i2c bus 17
[    4.346716] i2c i2c-1: Added multiplexed i2c bus 18
[    4.351765] i2c i2c-1: Added multiplexed i2c bus 19
[    4.356805] i2c i2c-1: Added multiplexed i2c bus 20
[    4.361841] i2c i2c-1: Added multiplexed i2c bus 21
[    4.366714] pca954x 1-0075: registered 8 multiplexed busses for I2C switch pca9548
[    4.374323] cdns-i2c ff030000.i2c: 400 kHz mmio ff030000 irq 33
[    4.384066] cdns-wdt fd4d0000.watchdog: Xilinx Watchdog Timer with timeout 60s
[    4.393127] axi_adxcvr 84a60000.axi-adxcvr-rx: adxcvr_enforce_settings: Using QPLL without access, assuming desired Lane rate will be configured by a different instance
[    4.409770] axi_adxcvr 84a60000.axi-adxcvr-rx: AXI-ADXCVR-RX (17.05.a) using QPLL on GTH4 at 0x84A60000. Number of lanes: 4.
[    4.421915] axi_adxcvr 84b60000.axi-adxcvr-tx: AXI-ADXCVR-TX (17.05.a) using QPLL on GTH4 at 0x84B60000. Number of lanes: 4.
[    4.425870] mmc0: SDHCI controller on ff170000.mmc [ff170000.mmc] using ADMA 64-bit
[    4.441066] axi-jesd204-rx 84a90000.axi-jesd204-rx: AXI-JESD204-RX (1.07.a) at 0x84A90000. Encoder 8b10b, width 4/4, lanes 4, jesd204-fsm.
[    4.453904] axi-jesd204-tx 84b90000.axi-jesd204-tx: AXI-JESD204-TX (1.06.a) at 0x84B90000. Encoder 8b10b, width 4/4, lanes 4, jesd204-fsm.
[    4.467410] zynqmp-display fd4a0000.display: vtc bridge property not present
[    4.473449] mmc0: new high speed SDHC card at address 0001
[    4.477062] xilinx-dp-snd-codec fd4a0000.display:zynqmp_dp_snd_codec0: Failed to get required clock freq
[    4.480303] mmcblk0: mmc0:0001 EB1QT 29.8 GiB 
[    4.489424] xilinx-dp-snd-codec: probe of fd4a0000.display:zynqmp_dp_snd_codec0 failed with error -22
[    4.495163]  mmcblk0: p1 p2 p3
[    4.503410] xilinx-dp-snd-pcm zynqmp_dp_snd_pcm0: Xilinx DisplayPort Sound PCM probed
[    4.514269] xilinx-dp-snd-pcm zynqmp_dp_snd_pcm1: Xilinx DisplayPort Sound PCM probed
[    4.522478] OF: graph: no port node found in /axi/display@fd4a0000
[    4.528885] xlnx-drm xlnx-drm.0: bound fd4a0000.display (ops 0xffffffc010fcbdb8)
[    5.615697] zynqmp-display fd4a0000.display: [drm] Cannot find any crtc or sizes
[    5.623315] [drm] Initialized xlnx 1.0.0 20130509 for fd4a0000.display on minor 0
[    5.630801] zynqmp-display fd4a0000.display: ZynqMP DisplayPort Subsystem driver probed
[    5.639114] ahci-ceva fd0c0000.ahci: supply ahci not found, using dummy regulator
[    5.646660] ahci-ceva fd0c0000.ahci: supply phy not found, using dummy regulator
[    5.654117] ahci-ceva fd0c0000.ahci: supply target not found, using dummy regulator
[    5.661952] ahci-ceva fd0c0000.ahci: AHCI 0001.0301 32 slots 2 ports 6 Gbps 0x3 impl platform mode
[    5.670909] ahci-ceva fd0c0000.ahci: flags: 64bit ncq sntf pm clo only pmp fbs pio slum part ccc sds apst 
[    5.681601] scsi host0: ahci-ceva
[    5.685199] scsi host1: ahci-ceva
[    5.688625] ata1: SATA max UDMA/133 mmio [mem 0xfd0c0000-0xfd0c1fff] port 0x100 irq 45
[    5.696544] ata2: SATA max UDMA/133 mmio [mem 0xfd0c0000-0xfd0c1fff] port 0x180 irq 45
[    5.705149] ad9081 spi1.0: supply vdd not found, using dummy regulator
[    6.017931] ata1: SATA link down (SStatus 0 SControl 330)
[    6.023342] ata2: SATA link down (SStatus 0 SControl 330)
[    6.699700] zynqmp-display fd4a0000.display: [drm] Cannot find any crtc or sizes
[    6.861148] ad9081 spi1.0: Invalid param passed., "ref_clk_hz < 100000000ULL" in adi_ad9081_device_clk_config_set(...), line554 in drivers/iio/adc/ad9081/adi_ad9081_device.c
[    7.545145] ad9081 spi1.0: AD9081 Rev. 2 Grade 10 (API 1.2.2) probed
[    7.552342] xhci-hcd xhci-hcd.1.auto: xHCI Host Controller
[    7.557837] xhci-hcd xhci-hcd.1.auto: new USB bus registered, assigned bus number 1
[    7.565585] xhci-hcd xhci-hcd.1.auto: hcc params 0x0238f625 hci version 0x100 quirks 0x0000000002010810
[    7.574997] xhci-hcd xhci-hcd.1.auto: irq 59, io mem 0xfe200000
[    7.581105] usb usb1: New USB device found, idVendor=1d6b, idProduct=0002, bcdDevice= 5.10
[    7.589366] usb usb1: New USB device strings: Mfr=3, Product=2, SerialNumber=1
[    7.596582] usb usb1: Product: xHCI Host Controller
[    7.601451] usb usb1: Manufacturer: Linux 5.10.0-98103-g2aa7ac113716 xhci-hcd
[    7.608581] usb usb1: SerialNumber: xhci-hcd.1.auto
[    7.613757] hub 1-0:1.0: USB hub found
[    7.617520] hub 1-0:1.0: 1 port detected
[    7.621622] xhci-hcd xhci-hcd.1.auto: xHCI Host Controller
[    7.627107] xhci-hcd xhci-hcd.1.auto: new USB bus registered, assigned bus number 2
[    7.634761] xhci-hcd xhci-hcd.1.auto: Host supports USB 3.0 SuperSpeed
[    7.641381] usb usb2: New USB device found, idVendor=1d6b, idProduct=0003, bcdDevice= 5.10
[    7.649645] usb usb2: New USB device strings: Mfr=3, Product=2, SerialNumber=1
[    7.656865] usb usb2: Product: xHCI Host Controller
[    7.661732] usb usb2: Manufacturer: Linux 5.10.0-98103-g2aa7ac113716 xhci-hcd
[    7.668858] usb usb2: SerialNumber: xhci-hcd.1.auto
[    7.673965] hub 2-0:1.0: USB hub found
[    7.677729] hub 2-0:1.0: 1 port detected
[    7.707768] cf_axi_adc 84a10000.axi-ad9081-rx-hpc: ADI AIM (10.01.b) at 0x84A10000 mapped to 0x(____ptrval____), probed ADC AD9081 as MASTER
[    7.740523] cf_axi_dds 84b10000.axi-ad9081-tx-hpc: Analog Devices CF_AXI_DDS_DDS MASTER (9.01.b) at 0x84B10000 mapped to 0x(____ptrval____), probed DDS AD9081
[    7.754724] jesd204: /axi/spi@ff040000/ad9081@0,jesd204:0,parent=spi1.0: JESD204[2] transition initialized -> probed
[    7.765240] jesd204: /axi/spi@ff040000/ad9081@0,jesd204:0,parent=spi1.0: JESD204[0] transition initialized -> probed
[    7.775763] jesd204: /axi/spi@ff040000/ad9081@0,jesd204:0,parent=spi1.0: JESD204[2] transition probed -> idle
[    7.785672] jesd204: /axi/spi@ff040000/ad9081@0,jesd204:0,parent=spi1.0: JESD204[0] transition probed -> idle
[    7.795587] jesd204: /axi/spi@ff040000/ad9081@0,jesd204:0,parent=spi1.0: JESD204[2] transition idle -> device_init
[    7.805930] jesd204: /axi/spi@ff040000/ad9081@0,jesd204:0,parent=spi1.0: JESD204[0] transition idle -> device_init
[    7.816281] jesd204: /axi/spi@ff040000/ad9081@0,jesd204:0,parent=spi1.0: JESD204[2] transition device_init -> link_init
[    7.827059] jesd204: /axi/spi@ff040000/ad9081@0,jesd204:0,parent=spi1.0: JESD204[0] transition device_init -> link_init
[    7.837850] jesd204: /axi/spi@ff040000/ad9081@0,jesd204:0,parent=spi1.0: JESD204[2] transition link_init -> link_supported
[    7.848887] jesd204: /axi/spi@ff040000/ad9081@0,jesd204:0,parent=spi1.0: JESD204[0] transition link_init -> link_supported
[    7.860299] hmc7044 spi2.0: hmc7044_jesd204_link_pre_setup: Link2 forcing continuous SYSREF mode
[    7.869517] jesd204: /axi/spi@ff040000/ad9081@0,jesd204:0,parent=spi1.0: JESD204[2] transition link_supported -> link_pre_setup
[    7.880989] jesd204: /axi/spi@ff040000/ad9081@0,jesd204:0,parent=spi1.0: JESD204[0] transition link_supported -> link_pre_setup
[    7.904771] jesd204: /axi/spi@ff040000/ad9081@0,jesd204:0,parent=spi1.0: JESD204[2] transition link_pre_setup -> clk_sync_stage1
[    7.916334] jesd204: /axi/spi@ff040000/ad9081@0,jesd204:0,parent=spi1.0: JESD204[0] transition link_pre_setup -> clk_sync_stage1
[    7.927898] jesd204: /axi/spi@ff040000/ad9081@0,jesd204:0,parent=spi1.0: JESD204[2] transition clk_sync_stage1 -> clk_sync_stage2
[    7.939540] jesd204: /axi/spi@ff040000/ad9081@0,jesd204:0,parent=spi1.0: JESD204[0] transition clk_sync_stage1 -> clk_sync_stage2
[    7.951194] jesd204: /axi/spi@ff040000/ad9081@0,jesd204:0,parent=spi1.0: JESD204[2] transition clk_sync_stage2 -> clk_sync_stage3
[    7.962838] jesd204: /axi/spi@ff040000/ad9081@0,jesd204:0,parent=spi1.0: JESD204[0] transition clk_sync_stage2 -> clk_sync_stage3
[    7.976569] jesd204: /axi/spi@ff040000/ad9081@0,jesd204:0,parent=spi1.0: JESD204[2] transition clk_sync_stage3 -> link_setup
[    7.987784] jesd204: /axi/spi@ff040000/ad9081@0,jesd204:0,parent=spi1.0: JESD204[0] transition clk_sync_stage3 -> link_setup
[    8.003852] jesd204: /axi/spi@ff040000/ad9081@0,jesd204:0,parent=spi1.0: JESD204[2] transition link_setup -> opt_setup_stage1
[    8.015155] jesd204: /axi/spi@ff040000/ad9081@0,jesd204:0,parent=spi1.0: JESD204[0] transition link_setup -> opt_setup_stage1
[    8.031487] jesd204: /axi/spi@ff040000/ad9081@0,jesd204:0,parent=spi1.0: JESD204[2] transition opt_setup_stage1 -> opt_setup_stage2
[    8.043313] jesd204: /axi/spi@ff040000/ad9081@0,jesd204:0,parent=spi1.0: JESD204[0] transition opt_setup_stage1 -> opt_setup_stage2
[    8.055284] jesd204: /axi/spi@ff040000/ad9081@0,jesd204:0,parent=spi1.0: JESD204[2] transition opt_setup_stage2 -> opt_setup_stage3
[    8.067111] jesd204: /axi/spi@ff040000/ad9081@0,jesd204:0,parent=spi1.0: JESD204[0] transition opt_setup_stage2 -> opt_setup_stage3
[    8.078936] jesd204: /axi/spi@ff040000/ad9081@0,jesd204:0,parent=spi1.0: JESD204[2] transition opt_setup_stage3 -> opt_setup_stage4
[    8.090755] jesd204: /axi/spi@ff040000/ad9081@0,jesd204:0,parent=spi1.0: JESD204[0] transition opt_setup_stage3 -> opt_setup_stage4
[    8.102585] jesd204: /axi/spi@ff040000/ad9081@0,jesd204:0,parent=spi1.0: JESD204[2] transition opt_setup_stage4 -> opt_setup_stage5
[    8.114409] jesd204: /axi/spi@ff040000/ad9081@0,jesd204:0,parent=spi1.0: JESD204[0] transition opt_setup_stage4 -> opt_setup_stage5
[    8.132388] jesd204: /axi/spi@ff040000/ad9081@0,jesd204:0,parent=spi1.0: JESD204[2] transition opt_setup_stage5 -> clocks_enable
[    8.143951] jesd204: /axi/spi@ff040000/ad9081@0,jesd204:0,parent=spi1.0: JESD204[0] transition opt_setup_stage5 -> clocks_enable
[    8.155570] jesd204: /axi/spi@ff040000/ad9081@0,jesd204:0,parent=spi1.0: JESD204[2] transition clocks_enable -> link_enable
[    8.166699] jesd204: /axi/spi@ff040000/ad9081@0,jesd204:0,parent=spi1.0: JESD204[0] transition clocks_enable -> link_enable
[    8.199922] ad9081 spi1.0: JESD RX (JTX) Link2 in DATA, SYNC deasserted, PLL locked, PHASE established, MODE valid
[    8.210529] ad9081 spi1.0: JESD TX (JRX) Link0 0xF lanes in DATA
[    8.216540] jesd204: /axi/spi@ff040000/ad9081@0,jesd204:0,parent=spi1.0: JESD204[2] transition link_enable -> link_running
[    8.227578] jesd204: /axi/spi@ff040000/ad9081@0,jesd204:0,parent=spi1.0: JESD204[0] transition link_enable -> link_running
[    8.238628] jesd204: /axi/spi@ff040000/ad9081@0,jesd204:0,parent=spi1.0: JESD204[2] transition link_running -> opt_post_running_stage
[    8.250624] jesd204: /axi/spi@ff040000/ad9081@0,jesd204:0,parent=spi1.0: JESD204[0] transition link_running -> opt_post_running_stage
[    8.271859] input: gpio-keys as /devices/platform/gpio-keys/input/input0
[    8.278882] of_cfs_init
[    8.281337] of_cfs_init: OK
[    8.284273] cfg80211: Loading compiled-in X.509 certificates for regulatory database
[    8.422536] cfg80211: Loaded X.509 cert 'sforshee: 00b28ddf47aef9cea7'
[    8.429066] clk: Not disabling unused clocks
[    8.433597] ALSA device list:
[    8.436561]   No soundcards found.
[    8.440233] platform regulatory.0: Direct firmware load for regulatory.db failed with error -2
[    8.448840] cfg80211: failed to load regulatory.db
[    8.465544] EXT4-fs (mmcblk0p2): mounted filesystem with ordered data mode. Opts: (null)
[    8.473658] VFS: Mounted root (ext4 filesystem) on device 179:2.
[    8.487417] devtmpfs: mounted
[    8.491234] Freeing unused kernel memory: 2560K
[    8.495854] Run /sbin/init as init process
[    8.499949]   with arguments:
[    8.499952]     /sbin/init
[    8.499954]   with environment:
[    8.499956]     HOME=/
[    8.499958]     TERM=linux
[    9.117728] systemd[1]: systemd 241 running in system mode. (+PAM +AUDIT +SELINUX +IMA +APPARMOR +SMACK +SYSVINIT +UTMP +LIBCRYPTSETUP +GCRYPT +GNUTLS +ACL +XZ +LZ4 +SECCOMP +BLKID +ELFUTILS +KMOD -IDN2 +IDN -PCRE2 default-hierarchy=hybrid)
[    9.139606] systemd[1]: Detected architecture arm64.
[    9.164472] systemd[1]: Set hostname to <analog>.
[    9.359847] systemd[1]: File /lib/systemd/system/systemd-journald.service:12 configures an IP firewall (IPAddressDeny=any), but the local system does not support BPF/cgroup based firewalling.
[    9.376901] systemd[1]: Proceeding WITHOUT firewalling in effect! (This warning is only shown for the first loaded unit using IP firewalling.)
[    9.547462] systemd[1]: /etc/systemd/system/tof-server.service:1: Assignment outside of section. Ignoring.
[    9.557179] systemd[1]: /etc/systemd/system/tof-server.service:2: Assignment outside of section. Ignoring.
[    9.748732] random: systemd: uninitialized urandom read (16 bytes read)
[    9.763747] random: systemd: uninitialized urandom read (16 bytes read)
[    9.770883] systemd[1]: Listening on Journal Socket.
[    9.788129] random: systemd: uninitialized urandom read (16 bytes read)
[    9.796335] systemd[1]: Mounting Huge Pages File System...
[    9.812256] systemd[1]: Listening on udev Kernel Socket.
[   10.593367] EXT4-fs (mmcblk0p2): re-mounted. Opts: (null)
[   10.776496] systemd-journald[166]: Received request to flush runtime journal from PID 1
[   16.082477] random: crng init done
[   16.082486] random: 7 urandom warning(s) missed due to ratelimiting
[   16.884724] macb ff0e0000.ethernet eth0: PHY [ff0e0000.ethernet-ffffffff:0c] driver [TI DP83867] (irq=POLL)
[   16.884737] macb ff0e0000.ethernet eth0: configuring for phy/rgmii-id link mode
[   17.207729] Adding 102396k swap on /var/swap.  Priority:-2 extents:4 across:9953604k SS
[   19.941642] broken atomic modeset userspace detected, disabling atomic
[   20.961296] macb ff0e0000.ethernet eth0: Link is Up - 1Gbps/Full - flow control off
[   20.961321] IPv6: ADDRCONF(NETDEV_CHANGE): eth0: link becomes ready
[   22.630313] broken atomic modeset userspace detected, disabling atomic
[   25.689380] broken atomic modeset userspace detected, disabling atomic
[   28.362271] broken atomic modeset userspace detected, disabling atomic