[    0.000000] Booting Linux on physical CPU 0x0000000000 [0x410fd034]
[    0.000000] Linux version 5.10.0-98103-g2aa7ac113716 (jenkins@romlxbuild1.adlk.analog.com) (aarch64-xilinx-linux-gcc.real (GCC) 10.2.0, GNU ld (GNU Binutils) 2.35.0.20200730) #5577 SMP Wed Mar 23 07:28:49 GMT 2022
[    0.000000] Machine model: ZynqMP ZCU102 Rev1.0
[    0.000000] earlycon: cdns0 at MMIO 0x00000000ff000000 (options '115200n8')
[    0.000000] printk: bootconsole [cdns0] enabled
[    0.000000] efi: UEFI not found.
[    0.000000] cma: Reserved 256 MiB at 0x0000000070000000
[    0.000000] Zone ranges:
[    0.000000]   DMA      [mem 0x0000000000000000-0x000000003fffffff]
[    0.000000]   DMA32    [mem 0x0000000040000000-0x00000000ffffffff]
[    0.000000]   Normal   [mem 0x0000000100000000-0x000000087fffffff]
[    0.000000] Movable zone start for each node
[    0.000000] Early memory node ranges
[    0.000000]   node   0: [mem 0x0000000000000000-0x000000007fffffff]
[    0.000000]   node   0: [mem 0x0000000800000000-0x000000087fffffff]
[    0.000000] Initmem setup node 0 [mem 0x0000000000000000-0x000000087fffffff]
[    0.000000] On node 0 totalpages: 1048576
[    0.000000]   DMA zone: 3584 pages used for memmap
[    0.000000]   DMA zone: 0 pages reserved
[    0.000000]   DMA zone: 262144 pages, LIFO batch:63
[    0.000000]   DMA32 zone: 3584 pages used for memmap
[    0.000000]   DMA32 zone: 262144 pages, LIFO batch:63
[    0.000000]   Normal zone: 7168 pages used for memmap
[    0.000000]   Normal zone: 524288 pages, LIFO batch:63
[    0.000000] psci: probing for conduit method from DT.
[    0.000000] psci: PSCIv1.1 detected in firmware.
[    0.000000] psci: Using standard PSCI v0.2 function IDs
[    0.000000] psci: MIGRATE_INFO_TYPE not supported.
[    0.000000] psci: SMC Calling Convention v1.2
[    0.000000] percpu: Embedded 22 pages/cpu s49496 r8192 d32424 u90112
[    0.000000] pcpu-alloc: s49496 r8192 d32424 u90112 alloc=22*4096
[    0.000000] pcpu-alloc: [0] 0 [0] 1 [0] 2 [0] 3 
[    0.000000] Detected VIPT I-cache on CPU0
[    0.000000] CPU features: detected: ARM erratum 845719
[    0.000000] Built 1 zonelists, mobility grouping on.  Total pages: 1034240
[    0.000000] Kernel command line: console=ttyPS0,115200 root=/dev/mmcblk0p2 rw earlycon rootfstype=ext4 rootwait clk_ignore_unused cpuidle.off=1 root=/dev/mmcblk0p2 rw rootwait
[    0.000000] Dentry cache hash table entries: 524288 (order: 10, 4194304 bytes, linear)
[    0.000000] Inode-cache hash table entries: 262144 (order: 9, 2097152 bytes, linear)
[    0.000000] mem auto-init: stack:off, heap alloc:off, heap free:off
[    0.000000] software IO TLB: mapped [mem 0x000000003bfff000-0x000000003ffff000] (64MB)
[    0.000000] Memory: 3761904K/4194304K available (15296K kernel code, 1636K rwdata, 11876K rodata, 2560K init, 507K bss, 170256K reserved, 262144K cma-reserved)
[    0.000000] rcu: Hierarchical RCU implementation.
[    0.000000] rcu: 	RCU event tracing is enabled.
[    0.000000] rcu: 	RCU restricting CPUs from NR_CPUS=8 to nr_cpu_ids=4.
[    0.000000] rcu: RCU calculated value of scheduler-enlistment delay is 25 jiffies.
[    0.000000] rcu: Adjusting geometry for rcu_fanout_leaf=16, nr_cpu_ids=4
[    0.000000] NR_IRQS: 64, nr_irqs: 64, preallocated irqs: 0
[    0.000000] GIC: Adjusting CPU interface base to 0x00000000f902f000
[    0.000000] GIC: Using split EOI/Deactivate mode
[    0.000000] random: get_random_bytes called from start_kernel+0x31c/0x54c with crng_init=0
[    0.000000] arch_timer: cp15 timer(s) running at 100.00MHz (phys).
[    0.000000] clocksource: arch_sys_counter: mask: 0xffffffffffffff max_cycles: 0x171024e7e0, max_idle_ns: 440795205315 ns
[    0.000003] sched_clock: 56 bits at 100MHz, resolution 10ns, wraps every 4398046511100ns
[    0.008465] Console: colour dummy device 80x25
[    0.012483] Calibrating delay loop (skipped), value calculated using timer frequency.. 200.00 BogoMIPS (lpj=400000)
[    0.022841] pid_max: default: 32768 minimum: 301
[    0.027550] Mount-cache hash table entries: 8192 (order: 4, 65536 bytes, linear)
[    0.034789] Mountpoint-cache hash table entries: 8192 (order: 4, 65536 bytes, linear)
[    0.043398] rcu: Hierarchical SRCU implementation.
[    0.047560] EFI services will not be available.
[    0.051937] smp: Bringing up secondary CPUs ...
[    0.056656] Detected VIPT I-cache on CPU1
[    0.056695] CPU1: Booted secondary processor 0x0000000001 [0x410fd034]
[    0.057061] Detected VIPT I-cache on CPU2
[    0.057085] CPU2: Booted secondary processor 0x0000000002 [0x410fd034]
[    0.057424] Detected VIPT I-cache on CPU3
[    0.057447] CPU3: Booted secondary processor 0x0000000003 [0x410fd034]
[    0.057494] smp: Brought up 1 node, 4 CPUs
[    0.091780] SMP: Total of 4 processors activated.
[    0.096452] CPU features: detected: 32-bit EL0 Support
[    0.101556] CPU features: detected: CRC32 instructions
[    0.106695] CPU: All CPU(s) started at EL2
[    0.110736] alternatives: patching kernel code
[    0.116171] devtmpfs: initialized
[    0.124063] Registered cp15_barrier emulation handler
[    0.124113] Registered setend emulation handler
[    0.128090] clocksource: jiffies: mask: 0xffffffff max_cycles: 0xffffffff, max_idle_ns: 7645041785100000 ns
[    0.137670] futex hash table entries: 1024 (order: 4, 65536 bytes, linear)
[    0.151032] pinctrl core: initialized pinctrl subsystem
[    0.151679] NET: Registered protocol family 16
[    0.156101] DMA: preallocated 512 KiB GFP_KERNEL pool for atomic allocations
[    0.162117] DMA: preallocated 512 KiB GFP_KERNEL|GFP_DMA pool for atomic allocations
[    0.169843] DMA: preallocated 512 KiB GFP_KERNEL|GFP_DMA32 pool for atomic allocations
[    0.177644] audit: initializing netlink subsys (disabled)
[    0.183094] audit: type=2000 audit(0.116:1): state=initialized audit_enabled=0 res=1
[    0.183438] hw-breakpoint: found 6 breakpoint and 4 watchpoint registers.
[    0.197471] ASID allocator initialised with 65536 entries
[    0.224327] HugeTLB registered 1.00 GiB page size, pre-allocated 0 pages
[    0.225386] HugeTLB registered 32.0 MiB page size, pre-allocated 0 pages
[    0.232056] HugeTLB registered 2.00 MiB page size, pre-allocated 0 pages
[    0.238717] HugeTLB registered 64.0 KiB page size, pre-allocated 0 pages
[    1.304313] DRBG: Continuing without Jitter RNG
[    1.382107] raid6: neonx8   gen()  2139 MB/s
[    1.450161] raid6: neonx8   xor()  1594 MB/s
[    1.518218] raid6: neonx4   gen()  2203 MB/s
[    1.586265] raid6: neonx4   xor()  1565 MB/s
[    1.654330] raid6: neonx2   gen()  2075 MB/s
[    1.722378] raid6: neonx2   xor()  1440 MB/s
[    1.790449] raid6: neonx1   gen()  1772 MB/s
[    1.858492] raid6: neonx1   xor()  1220 MB/s
[    1.926549] raid6: int64x8  gen()  1438 MB/s
[    1.994608] raid6: int64x8  xor()   771 MB/s
[    2.062680] raid6: int64x4  gen()  1600 MB/s
[    2.130737] raid6: int64x4  xor()   816 MB/s
[    2.198792] raid6: int64x2  gen()  1397 MB/s
[    2.266844] raid6: int64x2  xor()   750 MB/s
[    2.334924] raid6: int64x1  gen()  1034 MB/s
[    2.402983] raid6: int64x1  xor()   517 MB/s
[    2.403021] raid6: using algorithm neonx4 gen() 2203 MB/s
[    2.406978] raid6: .... xor() 1565 MB/s, rmw enabled
[    2.411909] raid6: using neon recovery algorithm
[    2.416921] iommu: Default domain type: Translated 
[    2.421536] SCSI subsystem initialized
[    2.425078] libata version 3.00 loaded.
[    2.425202] usbcore: registered new interface driver usbfs
[    2.430535] usbcore: registered new interface driver hub
[    2.435808] usbcore: registered new device driver usb
[    2.440942] mc: Linux media interface: v0.10
[    2.445056] videodev: Linux video capture interface: v2.00
[    2.450547] EDAC MC: Ver: 3.0.0
[    2.453989] zynqmp-ipi-mbox mailbox@ff990400: Registered ZynqMP IPI mbox with TX/RX channels.
[    2.462496] jesd204: created con: id=0, topo=0, link=0, /axi/spi@ff050000/hmc7044@0 <-> /fpga-axi@0/axi-adxcvr-tx@84b60000
[    2.473077] jesd204: created con: id=1, topo=0, link=2, /axi/spi@ff050000/hmc7044@0 <-> /fpga-axi@0/axi-adxcvr-rx@84a60000
[    2.484061] jesd204: created con: id=2, topo=0, link=0, /fpga-axi@0/axi-adxcvr-tx@84b60000 <-> /fpga-axi@0/axi-jesd204-tx@84b90000
[    2.495737] jesd204: created con: id=3, topo=0, link=2, /fpga-axi@0/axi-adxcvr-rx@84a60000 <-> /fpga-axi@0/axi-jesd204-rx@84a90000
[    2.507414] jesd204: created con: id=4, topo=0, link=0, /fpga-axi@0/axi-jesd204-tx@84b90000 <-> /fpga-axi@0/axi-ad9081-tx-hpc@84b10000
[    2.519442] jesd204: created con: id=5, topo=0, link=2, /fpga-axi@0/axi-jesd204-rx@84a90000 <-> /fpga-axi@0/axi-ad9081-rx-hpc@84a10000
[    2.531464] jesd204: created con: id=6, topo=0, link=2, /fpga-axi@0/axi-ad9081-rx-hpc@84a10000 <-> /axi/spi@ff040000/ad9081@0
[    2.542706] jesd204: created con: id=7, topo=0, link=0, /fpga-axi@0/axi-ad9081-tx-hpc@84b10000 <-> /axi/spi@ff040000/ad9081@0
[    2.553956] jesd204: /axi/spi@ff040000/ad9081@0: JESD204[2] transition uninitialized -> initialized
[    2.562943] jesd204: /axi/spi@ff040000/ad9081@0: JESD204[0] transition uninitialized -> initialized
[    2.571934] jesd204: found 8 devices and 1 topologies
[    2.576978] FPGA manager framework
[    2.580457] Advanced Linux Sound Architecture Driver Initialized.
[    2.586748] Bluetooth: Core ver 2.22
[    2.589937] NET: Registered protocol family 31
[    2.594339] Bluetooth: HCI device and connection manager initialized
[    2.600655] Bluetooth: HCI socket layer initialized
[    2.605497] Bluetooth: L2CAP socket layer initialized
[    2.610521] Bluetooth: SCO socket layer initialized
[    2.615708] clocksource: Switched to clocksource arch_sys_counter
[    2.621513] VFS: Disk quotas dquot_6.6.0
[    2.625349] VFS: Dquot-cache hash table entries: 512 (order 0, 4096 bytes)
[    2.636074] NET: Registered protocol family 2
[    2.636794] tcp_listen_portaddr_hash hash table entries: 2048 (order: 3, 32768 bytes, linear)
[    2.644988] TCP established hash table entries: 32768 (order: 6, 262144 bytes, linear)
[    2.653013] TCP bind hash table entries: 32768 (order: 7, 524288 bytes, linear)
[    2.660460] TCP: Hash tables configured (established 32768 bind 32768)
[    2.666632] UDP hash table entries: 2048 (order: 4, 65536 bytes, linear)
[    2.673299] UDP-Lite hash table entries: 2048 (order: 4, 65536 bytes, linear)
[    2.680460] NET: Registered protocol family 1
[    2.684918] RPC: Registered named UNIX socket transport module.
[    2.690536] RPC: Registered udp transport module.
[    2.695200] RPC: Registered tcp transport module.
[    2.699870] RPC: Registered tcp NFSv4.1 backchannel transport module.
[    2.706863] PCI: CLS 0 bytes, default 64
[    2.710566] hw perfevents: no interrupt-affinity property for /pmu, guessing.
[    2.717420] hw perfevents: enabled with armv8_pmuv3 PMU driver, 7 counters available
[    2.725777] Initialise system trusted keyrings
[    2.729452] workingset: timestamp_bits=62 max_order=20 bucket_order=0
[    2.736351] NFS: Registering the id_resolver key type
[    2.740800] Key type id_resolver registered
[    2.744938] Key type id_legacy registered
[    2.748927] nfs4filelayout_init: NFSv4 File Layout Driver Registering...
[    2.755593] jffs2: version 2.2. (NAND) (SUMMARY)  Â© 2001-2006 Red Hat, Inc.
[    2.799248] NET: Registered protocol family 38
[    2.799291] xor: measuring software checksum speed
[    2.806980]    8regs           :  2363 MB/sec
[    2.810649]    32regs          :  2799 MB/sec
[    2.815592]    arm64_neon      :  2380 MB/sec
[    2.815786] xor: using function: 32regs (2799 MB/sec)
[    2.820808] Key type asymmetric registered
[    2.824869] Asymmetric key parser 'x509' registered
[    2.829730] Block layer SCSI generic (bsg) driver version 0.4 loaded (major 248)
[    2.837067] io scheduler mq-deadline registered
[    2.841563] io scheduler kyber registered
[    2.870942] Serial: 8250/16550 driver, 4 ports, IRQ sharing disabled
[    2.875583] cacheinfo: Unable to detect cache hierarchy for CPU 0
[    2.881937] brd: module loaded
[    2.886074] loop: module loaded
[    2.886620] Registered mathworks_ip class
[    2.889958] libphy: Fixed MDIO Bus: probed
[    2.892943] tun: Universal TUN/TAP device driver, 1.6
[    2.896993] CAN device driver interface
[    2.901529] usbcore: registered new interface driver asix
[    2.906125] usbcore: registered new interface driver ax88179_178a
[    2.912160] usbcore: registered new interface driver cdc_ether
[    2.917952] usbcore: registered new interface driver net1080
[    2.923579] usbcore: registered new interface driver cdc_subset
[    2.929459] usbcore: registered new interface driver zaurus
[    2.935002] usbcore: registered new interface driver cdc_ncm
[    2.941406] ehci_hcd: USB 2.0 'Enhanced' Host Controller (EHCI) Driver
[    2.947088] ehci-pci: EHCI PCI platform driver
[    2.951894] usbcore: registered new interface driver uas
[    2.956807] usbcore: registered new interface driver usb-storage
[    2.962793] usbcore: registered new interface driver usbserial_generic
[    2.969242] usbserial: USB Serial support registered for generic
[    2.975215] usbcore: registered new interface driver ftdi_sio
[    2.980918] usbserial: USB Serial support registered for FTDI USB Serial Device
[    2.988195] usbcore: registered new interface driver upd78f0730
[    2.994066] usbserial: USB Serial support registered for upd78f0730
[    3.001717] rtc_zynqmp ffa60000.rtc: registered as rtc0
[    3.005492] rtc_zynqmp ffa60000.rtc: setting system clock to 2022-04-12T21:39:37 UTC (1649799577)
[    3.014354] i2c /dev entries driver
[    3.019666] usbcore: registered new interface driver uvcvideo
[    3.023467] USB Video Class driver (1.1.1)
[    3.029043] Bluetooth: HCI UART driver ver 2.3
[    3.031948] Bluetooth: HCI UART protocol H4 registered
[    3.037047] Bluetooth: HCI UART protocol BCSP registered
[    3.042335] Bluetooth: HCI UART protocol LL registered
[    3.047426] Bluetooth: HCI UART protocol ATH3K registered
[    3.052801] Bluetooth: HCI UART protocol Three-wire (H5) registered
[    3.059054] Bluetooth: HCI UART protocol Intel registered
[    3.064391] Bluetooth: HCI UART protocol QCA registered
[    3.069595] usbcore: registered new interface driver bcm203x
[    3.075213] usbcore: registered new interface driver bpa10x
[    3.080749] usbcore: registered new interface driver bfusb
[    3.086202] usbcore: registered new interface driver btusb
[    3.091661] usbcore: registered new interface driver ath3k
[    3.097145] EDAC MC: ECC not enabled
[    3.100774] EDAC DEVICE0: Giving out device to module zynqmp-ocm-edac controller zynqmp_ocm: DEV ff960000.memory-controller (INTERRUPT)
[    3.113086] sdhci: Secure Digital Host Controller Interface driver
[    3.118876] sdhci: Copyright(c) Pierre Ossman
[    3.123198] sdhci-pltfm: SDHCI platform and OF driver helper
[    3.129248] ledtrig-cpu: registered to indicate activity on CPUs
[    3.134804] SMCCC: SOC_ID: ARCH_SOC_ID not implemented, skipping ....
[    3.141236] zynqmp_firmware_probe Platform Management API v1.1
[    3.146990] zynqmp_firmware_probe Trustzone version v1.0
[    3.186559] zynqmp-pinctrl firmware:zynqmp-firmware:pinctrl: zynqmp pinctrl initialized
[    3.234561] zynqmp-aes firmware:zynqmp-firmware:zynqmp-aes: will run requests pump with realtime priority
[    3.250385] alg: No test for xilinx-keccak-384 (zynqmp-keccak-384)
[    3.251096] alg: No test for xilinx-zynqmp-rsa (zynqmp-rsa)
[    3.256612] usbcore: registered new interface driver usbhid
[    3.262000] usbhid: USB HID core driver
[    3.273253] axi_sysid 85000000.axi-sysid-0: AXI System ID core version (1.01.a) found
[    3.275598] axi_sysid 85000000.axi-sysid-0: [ad9081_fmca_ebz] on [zcu102] git branch <master> git <084d44c9780640ca93fd847b1d9ec70dd65f5c67> clean [2022-03-18 04:17:50] UTC
[    3.291284] fpga_manager fpga0: Xilinx ZynqMP FPGA Manager registered
[    3.297642] usbcore: registered new interface driver snd-usb-audio
[    3.305094] pktgen: Packet Generator for packet performance testing. Version: 2.75
[    3.311276] Initializing XFRM netlink socket
[    3.315127] NET: Registered protocol family 10
[    3.319846] Segment Routing with IPv6
[    3.323219] sit: IPv6, IPv4 and MPLS over IPv4 tunneling driver
[    3.329297] NET: Registered protocol family 17
[    3.333399] NET: Registered protocol family 15
[    3.337900] can: controller area network core
[    3.342149] NET: Registered protocol family 29
[    3.346540] can: raw protocol
[    3.349476] can: broadcast manager protocol
[    3.353631] can: netlink gateway - max_hops=1
[    3.358025] Bluetooth: RFCOMM TTY layer initialized
[    3.362804] Bluetooth: RFCOMM socket layer initialized
[    3.367911] Bluetooth: RFCOMM ver 1.11
[    3.371618] Bluetooth: BNEP (Ethernet Emulation) ver 1.3
[    3.376895] Bluetooth: BNEP filters: protocol multicast
[    3.382088] Bluetooth: BNEP socket layer initialized
[    3.387016] Bluetooth: HIDP (Human Interface Emulation) ver 1.2
[    3.392899] Bluetooth: HIDP socket layer initialized
[    3.397955] 9pnet: Installing 9P2000 support
[    3.402076] NET: Registered protocol family 36
[    3.406494] Key type dns_resolver registered
[    3.410921] registered taskstats version 1
[    3.414789] Loading compiled-in X.509 certificates
[    3.419910] Btrfs loaded, crc32c=crc32c-generic
[    3.432304] ff000000.serial: ttyPS0 at MMIO 0xff000000 (irq = 49, base_baud = 6249999) is a xuartps
[    3.441324] printk: console [ttyPS0] enabled
[    3.445625] printk: bootconsole [cdns0] disabled
[    3.455251] ff010000.serial: ttyPS1 at MMIO 0xff010000 (irq = 50, base_baud = 6249999) is a xuartps
[    3.468485] of-fpga-region fpga-full: FPGA Region probed
[    3.475439] nwl-pcie fd0e0000.pcie: host bridge /axi/pcie@fd0e0000 ranges:
[    3.482331] nwl-pcie fd0e0000.pcie:      MEM 0x00e0000000..0x00efffffff -> 0x00e0000000
[    3.490333] nwl-pcie fd0e0000.pcie:      MEM 0x0600000000..0x07ffffffff -> 0x0600000000
[    3.498394] nwl-pcie fd0e0000.pcie: Link is DOWN
[    3.503151] nwl-pcie fd0e0000.pcie: PCI host bridge to bus 0000:00
[    3.509331] pci_bus 0000:00: root bus resource [bus 00-ff]
[    3.514811] pci_bus 0000:00: root bus resource [mem 0xe0000000-0xefffffff]
[    3.521677] pci_bus 0000:00: root bus resource [mem 0x600000000-0x7ffffffff pref]
[    3.529179] pci 0000:00:00.0: [10ee:d021] type 01 class 0x060400
[    3.535241] pci 0000:00:00.0: PME# supported from D0 D1 D2 D3hot
[    3.545686] pci 0000:00:00.0: PCI bridge to [bus 01-0c]
[    3.551661] xilinx-zynqmp-dma fd500000.dma: ZynqMP DMA driver Probe success
[    3.558839] xilinx-zynqmp-dma fd510000.dma: ZynqMP DMA driver Probe success
[    3.566014] xilinx-zynqmp-dma fd520000.dma: ZynqMP DMA driver Probe success
[    3.573189] xilinx-zynqmp-dma fd530000.dma: ZynqMP DMA driver Probe success
[    3.580357] xilinx-zynqmp-dma fd540000.dma: ZynqMP DMA driver Probe success
[    3.587528] xilinx-zynqmp-dma fd550000.dma: ZynqMP DMA driver Probe success
[    3.594698] xilinx-zynqmp-dma fd560000.dma: ZynqMP DMA driver Probe success
[    3.601866] xilinx-zynqmp-dma fd570000.dma: ZynqMP DMA driver Probe success
[    3.609265] xilinx-zynqmp-dpdma fd4c0000.dma-controller: Xilinx DPDMA engine is probed
[    3.617812] ahci-ceva fd0c0000.ahci: supply ahci not found, using dummy regulator
[    3.625353] ahci-ceva fd0c0000.ahci: supply phy not found, using dummy regulator
[    3.715878] hmc7044 spi2.0: PLL1: Acquisition, CLKIN0 @ 122880000 Hz, PFD: 80 kHz - PLL2: Locked @ 2952.000000 MHz
[    3.726596] jesd204: /axi/spi@ff050000/hmc7044@0,jesd204:1,parent=spi2.0: Using as SYSREF provider
[    3.736186] spi-nor spi0.0: SPI-NOR-UniqueID 100000235394732200270025081115266e
[    3.743490] spi-nor spi0.0: found n25q512a, expected m25p80
[    3.749682] spi-nor spi0.0: trying to lock already unlocked area
[    3.755683] spi-nor spi0.0: n25q512a (131072 Kbytes)
[    3.760662] 4 fixed-partitions partitions found on MTD device spi0.0
[    3.767007] Creating 4 MTD partitions on "spi0.0":
[    3.771792] 0x000000000000-0x000000100000 : "qspi-fsbl-uboot"
[    3.778278] 0x000000100000-0x000000600000 : "qspi-linux"
[    3.784239] 0x000000600000-0x000000620000 : "qspi-device-tree"
[    3.790708] 0x000000620000-0x000000c00000 : "qspi-rootfs"
[    3.799189] macb ff0e0000.ethernet: Not enabling partial store and forward
[    3.806711] libphy: MACB_mii_bus: probed
[    3.811768] macb ff0e0000.ethernet eth0: Cadence GEM rev 0x50070106 at 0xff0e0000 irq 30 (00:0a:35:04:8e:1b)
[    3.821976] xilinx-axipmon ffa00000.perf-monitor: Probed Xilinx APM
[    3.828551] xilinx-axipmon fd0b0000.perf-monitor: Probed Xilinx APM
[    3.835072] xilinx-axipmon fd490000.perf-monitor: Probed Xilinx APM
[    3.841617] xilinx-axipmon ffa10000.perf-monitor: Probed Xilinx APM
[    3.851616] pca953x 0-0020: supply vcc not found, using dummy regulator
[    3.858300] pca953x 0-0020: using no AI
[    3.862787] gpio-496 (sel0): hogged as output/low
[    3.867688] gpio-497 (sel1): hogged as output/high
[    3.872673] gpio-498 (sel2): hogged as output/high
[    3.877663] gpio-499 (sel3): hogged as output/high
[    3.882833] pca953x 0-0021: supply vcc not found, using dummy regulator
[    3.889501] pca953x 0-0021: using no AI
[    3.895258] ina2xx 2-0040: power monitor ina226 (Rshunt = 5000 uOhm)
[    3.902290] ina2xx 2-0041: power monitor ina226 (Rshunt = 5000 uOhm)
[    3.909332] ina2xx 2-0042: power monitor ina226 (Rshunt = 5000 uOhm)
[    3.916368] ina2xx 2-0043: power monitor ina226 (Rshunt = 5000 uOhm)
[    3.923395] ina2xx 2-0044: power monitor ina226 (Rshunt = 5000 uOhm)
[    3.930416] ina2xx 2-0045: power monitor ina226 (Rshunt = 5000 uOhm)
[    3.937448] ina2xx 2-0046: power monitor ina226 (Rshunt = 5000 uOhm)
[    3.944522] ina2xx 2-0047: power monitor ina226 (Rshunt = 5000 uOhm)
[    3.951549] ina2xx 2-004a: power monitor ina226 (Rshunt = 5000 uOhm)
[    3.958587] ina2xx 2-004b: power monitor ina226 (Rshunt = 5000 uOhm)
[    3.965001] i2c i2c-0: Added multiplexed i2c bus 2
[    3.970382] random: fast init done
[    3.973857] ina2xx 3-0040: power monitor ina226 (Rshunt = 2000 uOhm)
[    3.980883] ina2xx 3-0041: power monitor ina226 (Rshunt = 5000 uOhm)
[    3.987909] ina2xx 3-0042: power monitor ina226 (Rshunt = 5000 uOhm)
[    3.994943] ina2xx 3-0043: power monitor ina226 (Rshunt = 5000 uOhm)
[    4.001968] ina2xx 3-0044: power monitor ina226 (Rshunt = 5000 uOhm)
[    4.008994] ina2xx 3-0045: power monitor ina226 (Rshunt = 5000 uOhm)
[    4.016026] ina2xx 3-0046: power monitor ina226 (Rshunt = 5000 uOhm)
[    4.023057] ina2xx 3-0047: power monitor ina226 (Rshunt = 5000 uOhm)
[    4.029457] i2c i2c-0: Added multiplexed i2c bus 3
[    4.084946] i2c i2c-0: Added multiplexed i2c bus 4
[    4.089883] i2c i2c-0: Added multiplexed i2c bus 5
[    4.094675] pca954x 0-0075: registered 4 multiplexed busses for I2C mux pca9544
[    4.102024] cdns-i2c ff020000.i2c: 400 kHz mmio ff020000 irq 32
[    4.109752] at24 6-0054: supply vcc not found, using dummy regulator
[    4.116650] at24 6-0054: 1024 byte 24c08 EEPROM, writable, 1 bytes/write
[    4.123401] i2c i2c-1: Added multiplexed i2c bus 6
[    4.129829] si5341 7-0036: Chip: 5341 Grade: 1 Rev: 1
[    4.167504] i2c i2c-1: Added multiplexed i2c bus 7
[    4.175157] si570 8-005d: registered, current frequency 300000000 Hz
[    4.181558] i2c i2c-1: Added multiplexed i2c bus 8
[    4.201334] si570 9-005d: registered, current frequency 148500000 Hz
[    4.207743] i2c i2c-1: Added multiplexed i2c bus 9
[    4.212777] si5324 10-0069: si5328 probed
[    4.280072] si5324 10-0069: si5328 probe successful
[    4.285001] i2c i2c-1: Added multiplexed i2c bus 10
[    4.290029] i2c i2c-1: Added multiplexed i2c bus 11
[    4.295052] i2c i2c-1: Added multiplexed i2c bus 12
[    4.300075] i2c i2c-1: Added multiplexed i2c bus 13
[    4.304947] pca954x 1-0074: registered 8 multiplexed busses for I2C switch pca9548
[    4.313060] at24 14-0050: supply vcc not found, using dummy regulator
[    4.319845] at24 14-0050: 256 byte 24c02 EEPROM, writable, 1 bytes/write
[    4.326591] i2c i2c-1: Added multiplexed i2c bus 14
[    4.331632] i2c i2c-1: Added multiplexed i2c bus 15
[    4.336664] i2c i2c-1: Added multiplexed i2c bus 16
[    4.341701] i2c i2c-1: Added multiplexed i2c bus 17
[    4.346732] i2c i2c-1: Added multiplexed i2c bus 18
[    4.351778] i2c i2c-1: Added multiplexed i2c bus 19
[    4.356819] i2c i2c-1: Added multiplexed i2c bus 20
[    4.361857] i2c i2c-1: Added multiplexed i2c bus 21
[    4.366731] pca954x 1-0075: registered 8 multiplexed busses for I2C switch pca9548
[    4.374340] cdns-i2c ff030000.i2c: 400 kHz mmio ff030000 irq 33
[    4.384085] cdns-wdt fd4d0000.watchdog: Xilinx Watchdog Timer with timeout 60s
[    4.393137] axi_adxcvr 84a60000.axi-adxcvr-rx: adxcvr_enforce_settings: Using QPLL without access, assuming desired Lane rate will be configured by a different instance
[    4.409776] axi_adxcvr 84a60000.axi-adxcvr-rx: AXI-ADXCVR-RX (17.05.a) using QPLL on GTH4 at 0x84A60000. Number of lanes: 4.
[    4.421935] axi_adxcvr 84b60000.axi-adxcvr-tx: AXI-ADXCVR-TX (17.05.a) using QPLL on GTH4 at 0x84B60000. Number of lanes: 4.
[    4.425891] mmc0: SDHCI controller on ff170000.mmc [ff170000.mmc] using ADMA 64-bit
[    4.441088] axi-jesd204-rx 84a90000.axi-jesd204-rx: AXI-JESD204-RX (1.07.a) at 0x84A90000. Encoder 8b10b, width 4/4, lanes 4, jesd204-fsm.
[    4.453923] axi-jesd204-tx 84b90000.axi-jesd204-tx: AXI-JESD204-TX (1.06.a) at 0x84B90000. Encoder 8b10b, width 4/4, lanes 4, jesd204-fsm.
[    4.467427] zynqmp-display fd4a0000.display: vtc bridge property not present
[    4.473474] mmc0: new high speed SDHC card at address 0001
[    4.477081] xilinx-dp-snd-codec fd4a0000.display:zynqmp_dp_snd_codec0: Failed to get required clock freq
[    4.480312] mmcblk0: mmc0:0001 EB1QT 29.8 GiB 
[    4.489441] xilinx-dp-snd-codec: probe of fd4a0000.display:zynqmp_dp_snd_codec0 failed with error -22
[    4.495094]  mmcblk0: p1 p2 p3
[    4.503429] xilinx-dp-snd-pcm zynqmp_dp_snd_pcm0: Xilinx DisplayPort Sound PCM probed
[    4.514289] xilinx-dp-snd-pcm zynqmp_dp_snd_pcm1: Xilinx DisplayPort Sound PCM probed
[    4.522503] OF: graph: no port node found in /axi/display@fd4a0000
[    4.528913] xlnx-drm xlnx-drm.0: bound fd4a0000.display (ops 0xffffffc010fcbdb8)
[    5.615723] zynqmp-display fd4a0000.display: [drm] Cannot find any crtc or sizes
[    5.623341] [drm] Initialized xlnx 1.0.0 20130509 for fd4a0000.display on minor 0
[    5.630827] zynqmp-display fd4a0000.display: ZynqMP DisplayPort Subsystem driver probed
[    5.639143] ahci-ceva fd0c0000.ahci: supply ahci not found, using dummy regulator
[    5.646687] ahci-ceva fd0c0000.ahci: supply phy not found, using dummy regulator
[    5.654140] ahci-ceva fd0c0000.ahci: supply target not found, using dummy regulator
[    5.661978] ahci-ceva fd0c0000.ahci: AHCI 0001.0301 32 slots 2 ports 6 Gbps 0x3 impl platform mode
[    5.670934] ahci-ceva fd0c0000.ahci: flags: 64bit ncq sntf pm clo only pmp fbs pio slum part ccc sds apst 
[    5.681627] scsi host0: ahci-ceva
[    5.685227] scsi host1: ahci-ceva
[    5.688650] ata1: SATA max UDMA/133 mmio [mem 0xfd0c0000-0xfd0c1fff] port 0x100 irq 45
[    5.696570] ata2: SATA max UDMA/133 mmio [mem 0xfd0c0000-0xfd0c1fff] port 0x180 irq 45
[    5.705170] ad9081 spi1.0: supply vdd not found, using dummy regulator
[    6.017958] ata1: SATA link down (SStatus 0 SControl 330)
[    6.023368] ata2: SATA link down (SStatus 0 SControl 330)
[    6.699726] zynqmp-display fd4a0000.display: [drm] Cannot find any crtc or sizes
[    7.496464] ad9081 spi1.0: AD9081 Rev. 2 Grade 10 (API 1.2.2) probed
[    7.503682] xhci-hcd xhci-hcd.1.auto: xHCI Host Controller
[    7.509177] xhci-hcd xhci-hcd.1.auto: new USB bus registered, assigned bus number 1
[    7.516924] xhci-hcd xhci-hcd.1.auto: hcc params 0x0238f625 hci version 0x100 quirks 0x0000000002010810
[    7.526337] xhci-hcd xhci-hcd.1.auto: irq 59, io mem 0xfe200000
[    7.532443] usb usb1: New USB device found, idVendor=1d6b, idProduct=0002, bcdDevice= 5.10
[    7.540703] usb usb1: New USB device strings: Mfr=3, Product=2, SerialNumber=1
[    7.547920] usb usb1: Product: xHCI Host Controller
[    7.552790] usb usb1: Manufacturer: Linux 5.10.0-98103-g2aa7ac113716 xhci-hcd
[    7.559916] usb usb1: SerialNumber: xhci-hcd.1.auto
[    7.565083] hub 1-0:1.0: USB hub found
[    7.568852] hub 1-0:1.0: 1 port detected
[    7.572957] xhci-hcd xhci-hcd.1.auto: xHCI Host Controller
[    7.578447] xhci-hcd xhci-hcd.1.auto: new USB bus registered, assigned bus number 2
[    7.586101] xhci-hcd xhci-hcd.1.auto: Host supports USB 3.0 SuperSpeed
[    7.592728] usb usb2: New USB device found, idVendor=1d6b, idProduct=0003, bcdDevice= 5.10
[    7.600984] usb usb2: New USB device strings: Mfr=3, Product=2, SerialNumber=1
[    7.608208] usb usb2: Product: xHCI Host Controller
[    7.613082] usb usb2: Manufacturer: Linux 5.10.0-98103-g2aa7ac113716 xhci-hcd
[    7.620207] usb usb2: SerialNumber: xhci-hcd.1.auto
[    7.625315] hub 2-0:1.0: USB hub found
[    7.629078] hub 2-0:1.0: 1 port detected
[    7.659196] cf_axi_adc 84a10000.axi-ad9081-rx-hpc: ADI AIM (10.01.b) at 0x84A10000 mapped to 0x(____ptrval____), probed ADC AD9081 as MASTER
[    7.692544] cf_axi_dds 84b10000.axi-ad9081-tx-hpc: Analog Devices CF_AXI_DDS_DDS MASTER (9.01.b) at 0x84B10000 mapped to 0x(____ptrval____), probed DDS AD9081
[    7.706745] jesd204: /axi/spi@ff040000/ad9081@0,jesd204:0,parent=spi1.0: JESD204[2] transition initialized -> probed
[    7.717267] jesd204: /axi/spi@ff040000/ad9081@0,jesd204:0,parent=spi1.0: JESD204[0] transition initialized -> probed
[    7.727790] jesd204: /axi/spi@ff040000/ad9081@0,jesd204:0,parent=spi1.0: JESD204[2] transition probed -> idle
[    7.737699] jesd204: /axi/spi@ff040000/ad9081@0,jesd204:0,parent=spi1.0: JESD204[0] transition probed -> idle
[    7.747612] jesd204: /axi/spi@ff040000/ad9081@0,jesd204:0,parent=spi1.0: JESD204[2] transition idle -> device_init
[    7.757955] jesd204: /axi/spi@ff040000/ad9081@0,jesd204:0,parent=spi1.0: JESD204[0] transition idle -> device_init
[    7.768308] jesd204: /axi/spi@ff040000/ad9081@0,jesd204:0,parent=spi1.0: JESD204[2] transition device_init -> link_init
[    7.779082] jesd204: /axi/spi@ff040000/ad9081@0,jesd204:0,parent=spi1.0: JESD204[0] transition device_init -> link_init
[    7.789873] jesd204: /axi/spi@ff040000/ad9081@0,jesd204:0,parent=spi1.0: JESD204[2] transition link_init -> link_supported
[    7.800913] jesd204: /axi/spi@ff040000/ad9081@0,jesd204:0,parent=spi1.0: JESD204[0] transition link_init -> link_supported
[    7.812329] hmc7044 spi2.0: hmc7044_jesd204_link_pre_setup: Link2 forcing continuous SYSREF mode
[    7.821449] jesd204: /axi/spi@ff040000/ad9081@0,jesd204:0,parent=spi1.0: JESD204[2] transition link_supported -> link_pre_setup
[    7.832927] jesd204: /axi/spi@ff040000/ad9081@0,jesd204:0,parent=spi1.0: JESD204[0] transition link_supported -> link_pre_setup
[    7.856711] jesd204: /axi/spi@ff040000/ad9081@0,jesd204:0,parent=spi1.0: JESD204[2] transition link_pre_setup -> clk_sync_stage1
[    7.868271] jesd204: /axi/spi@ff040000/ad9081@0,jesd204:0,parent=spi1.0: JESD204[0] transition link_pre_setup -> clk_sync_stage1
[    7.879836] jesd204: /axi/spi@ff040000/ad9081@0,jesd204:0,parent=spi1.0: JESD204[2] transition clk_sync_stage1 -> clk_sync_stage2
[    7.891480] jesd204: /axi/spi@ff040000/ad9081@0,jesd204:0,parent=spi1.0: JESD204[0] transition clk_sync_stage1 -> clk_sync_stage2
[    7.903132] jesd204: /axi/spi@ff040000/ad9081@0,jesd204:0,parent=spi1.0: JESD204[2] transition clk_sync_stage2 -> clk_sync_stage3
[    7.914782] jesd204: /axi/spi@ff040000/ad9081@0,jesd204:0,parent=spi1.0: JESD204[0] transition clk_sync_stage2 -> clk_sync_stage3
[    7.928503] jesd204: /axi/spi@ff040000/ad9081@0,jesd204:0,parent=spi1.0: JESD204[2] transition clk_sync_stage3 -> link_setup
[    7.939719] jesd204: /axi/spi@ff040000/ad9081@0,jesd204:0,parent=spi1.0: JESD204[0] transition clk_sync_stage3 -> link_setup
[    7.955715] jesd204: /axi/spi@ff040000/ad9081@0,jesd204:0,parent=spi1.0: JESD204[2] transition link_setup -> opt_setup_stage1
[    7.967015] jesd204: /axi/spi@ff040000/ad9081@0,jesd204:0,parent=spi1.0: JESD204[0] transition link_setup -> opt_setup_stage1
[    7.983356] jesd204: /axi/spi@ff040000/ad9081@0,jesd204:0,parent=spi1.0: JESD204[2] transition opt_setup_stage1 -> opt_setup_stage2
[    7.995182] jesd204: /axi/spi@ff040000/ad9081@0,jesd204:0,parent=spi1.0: JESD204[0] transition opt_setup_stage1 -> opt_setup_stage2
[    8.007155] jesd204: /axi/spi@ff040000/ad9081@0,jesd204:0,parent=spi1.0: JESD204[2] transition opt_setup_stage2 -> opt_setup_stage3
[    8.018973] jesd204: /axi/spi@ff040000/ad9081@0,jesd204:0,parent=spi1.0: JESD204[0] transition opt_setup_stage2 -> opt_setup_stage3
[    8.030798] jesd204: /axi/spi@ff040000/ad9081@0,jesd204:0,parent=spi1.0: JESD204[2] transition opt_setup_stage3 -> opt_setup_stage4
[    8.042616] jesd204: /axi/spi@ff040000/ad9081@0,jesd204:0,parent=spi1.0: JESD204[0] transition opt_setup_stage3 -> opt_setup_stage4
[    8.054444] jesd204: /axi/spi@ff040000/ad9081@0,jesd204:0,parent=spi1.0: JESD204[2] transition opt_setup_stage4 -> opt_setup_stage5
[    8.066270] jesd204: /axi/spi@ff040000/ad9081@0,jesd204:0,parent=spi1.0: JESD204[0] transition opt_setup_stage4 -> opt_setup_stage5
[    8.101345] axi_adxcvr 84a60000.axi-adxcvr-rx: adxcvr_clk_enable: QPLL RX buffer underflow error, status: 0x61
[    8.111334] axi_adxcvr 84a60000.axi-adxcvr-rx: adxcvr_clk_enable: QPLL RX buffer overflow error, status: 0x61
[    8.125356] jesd204: /axi/spi@ff040000/ad9081@0,jesd204:0,parent=spi1.0: JESD204[2] transition opt_setup_stage5 -> clocks_enable
[    8.136917] jesd204: /axi/spi@ff040000/ad9081@0,jesd204:0,parent=spi1.0: JESD204[0] transition opt_setup_stage5 -> clocks_enable
[    8.148539] jesd204: /axi/spi@ff040000/ad9081@0,jesd204:0,parent=spi1.0: JESD204[2] transition clocks_enable -> link_enable
[    8.159666] jesd204: /axi/spi@ff040000/ad9081@0,jesd204:0,parent=spi1.0: JESD204[0] transition clocks_enable -> link_enable
[    8.299958] ad9081 spi1.0: JESD RX (JTX) Link2 in DATA, SYNC deasserted, PLL locked, PHASE established, MODE valid
[    8.310566] ad9081 spi1.0: JESD TX (JRX) Link0 0xF lanes in DATA
[    8.316576] jesd204: /axi/spi@ff040000/ad9081@0,jesd204:0,parent=spi1.0: JESD204[2] transition link_enable -> link_running
[    8.327614] jesd204: /axi/spi@ff040000/ad9081@0,jesd204:0,parent=spi1.0: JESD204[0] transition link_enable -> link_running
[    8.338664] jesd204: /axi/spi@ff040000/ad9081@0,jesd204:0,parent=spi1.0: JESD204[2] transition link_running -> opt_post_running_stage
[    8.350659] jesd204: /axi/spi@ff040000/ad9081@0,jesd204:0,parent=spi1.0: JESD204[0] transition link_running -> opt_post_running_stage
[    8.371905] input: gpio-keys as /devices/platform/gpio-keys/input/input0
[    8.378925] of_cfs_init
[    8.381385] of_cfs_init: OK
[    8.384331] cfg80211: Loading compiled-in X.509 certificates for regulatory database
[    8.522595] cfg80211: Loaded X.509 cert 'sforshee: 00b28ddf47aef9cea7'
[    8.529127] clk: Not disabling unused clocks
[    8.533654] ALSA device list:
[    8.536616]   No soundcards found.
[    8.540288] platform regulatory.0: Direct firmware load for regulatory.db failed with error -2
[    8.548896] cfg80211: failed to load regulatory.db
[    8.563417] EXT4-fs (mmcblk0p2): mounted filesystem with ordered data mode. Opts: (null)
[    8.571530] VFS: Mounted root (ext4 filesystem) on device 179:2.
[    8.584655] devtmpfs: mounted
[    8.588469] Freeing unused kernel memory: 2560K
[    8.599763] Run /sbin/init as init process
[    8.603855]   with arguments:
[    8.603858]     /sbin/init
[    8.603860]   with environment:
[    8.603862]     HOME=/
[    8.603865]     TERM=linux
[    9.167975] systemd[1]: systemd 241 running in system mode. (+PAM +AUDIT +SELINUX +IMA +APPARMOR +SMACK +SYSVINIT +UTMP +LIBCRYPTSETUP +GCRYPT +GNUTLS +ACL +XZ +LZ4 +SECCOMP +BLKID +ELFUTILS +KMOD -IDN2 +IDN -PCRE2 default-hierarchy=hybrid)
[    9.189844] systemd[1]: Detected architecture arm64.
[    9.212418] systemd[1]: Set hostname to <analog>.
[    9.423870] systemd[1]: File /lib/systemd/system/systemd-journald.service:12 configures an IP firewall (IPAddressDeny=any), but the local system does not support BPF/cgroup based firewalling.
[    9.440912] systemd[1]: Proceeding WITHOUT firewalling in effect! (This warning is only shown for the first loaded unit using IP firewalling.)
[    9.604443] systemd[1]: /etc/systemd/system/tof-server.service:1: Assignment outside of section. Ignoring.
[    9.614156] systemd[1]: /etc/systemd/system/tof-server.service:2: Assignment outside of section. Ignoring.
[    9.797401] random: systemd: uninitialized urandom read (16 bytes read)
[    9.812096] random: systemd: uninitialized urandom read (16 bytes read)
[    9.819128] systemd[1]: Listening on fsck to fsckd communication Socket.
[    9.843785] random: systemd: uninitialized urandom read (16 bytes read)
[    9.850660] systemd[1]: Listening on Syslog Socket.
[    9.868004] systemd[1]: Listening on udev Kernel Socket.
[   10.439572] ------------[ cut here ]------------
[   10.439581] Enabling unprepared \xa0\xe9Q\x88\xff\xff\xffpQ\x88\xff\xff\xff
[   10.439627] WARNING: CPU: 3 PID: 132 at drivers/clk/clk.c:1012 clk_core_enable+0xa4/0xc0
[   10.439630] Modules linked in:
[   10.439640] CPU: 3 PID: 132 Comm: kworker/3:1H Not tainted 5.10.0-98103-g2aa7ac113716 #5577
[   10.439643] Hardware name: ZynqMP ZCU102 Rev1.0 (DT)
[   10.439653] Workqueue: kblockd blk_mq_run_work_fn
[   10.439660] pstate: 80000085 (Nzcv daIf -PAN -UAO -TCO BTYPE=--)
[   10.439666] pc : clk_core_enable+0xa4/0xc0
[   10.439671] lr : clk_core_enable+0xa4/0xc0
[   10.439674] sp : ffffffc012b732d0
[   10.439677] x29: ffffffc012b732d0 x28: ffffff8800330c10 
[   10.439684] x27: ffffff8800330d48 x26: 0000005000000101 
[   10.439691] x25: 00000002684debde x24: 0000000000000001 
[   10.439697] x23: ffffff88010e9380 x22: ffffff8801083220 
[   10.439704] x21: ffffff8801517000 x20: ffffff8801517008 
[   10.439710] x19: ffffff8801517008 x18: 0000000000000030 
[   10.439717] x17: 0000000000000003 x16: 0000abf0b376fc98 
[   10.439724] x15: ffffffffffff87f0 x14: ffffffc011d3b1a0 
[   10.439730] x13: ffffffc011d3b1c8 x12: 00000000000005ee 
[   10.439737] x11: 00000000000001fa x10: ffffffc011d671c8 
[   10.439744] x9 : 00000000fffff800 x8 : ffffffc011d3b1c8 
[   10.439750] x7 : ffffffc011d671c8 x6 : 0000000000000001 
[   10.439757] x5 : ffffff887f7a89e0 x4 : 0000000000000000 
[   10.439763] x3 : 0000000000000027 x2 : 0000000000000023 
[   10.439769] x1 : 2e8f46cf664f6d00 x0 : 0000000000000000 
[   10.439776] Call trace:
[   10.439783]  clk_core_enable+0xa4/0xc0
[   10.439788]  clk_enable+0x2c/0x60
[   10.439795]  zynqmp_runtime_resume+0x24/0x84
[   10.439803]  pm_generic_runtime_resume+0x30/0x50
[   10.439808]  __genpd_runtime_resume+0x30/0xb0
[   10.439815]  genpd_runtime_resume+0x90/0x250
[   10.439821]  __rpm_callback+0x10c/0x1e0
[   10.439826]  rpm_callback+0x5c/0x84
[   10.439831]  rpm_resume+0x4a4/0x74c
[   10.439836]  __pm_runtime_resume+0x78/0xc4
[   10.439842]  spi_mem_access_start.isra.0+0x30/0x80
[   10.439846]  spi_mem_exec_op+0x3b0/0x424
[   10.439851]  spi_nor_read_sr+0x78/0xe0
[   10.439856]  spi_nor_wait_till_ready_with_timeout+0xb4/0x2f0
[   10.439860]  spi_nor_read+0x188/0x380
[   10.439866]  mtd_read_oob_std+0x78/0x84
[   10.439871]  mtd_read_oob+0x7c/0x134
[   10.439875]  mtd_read+0x48/0x7c
[   10.439881]  mtdblock_readsect+0x6c/0x150
[   10.439886]  mtd_queue_rq+0x2cc/0x5a0
[   10.439892]  blk_mq_dispatch_rq_list+0x110/0x790
[   10.439899]  __blk_mq_do_dispatch_sched+0x200/0x274
[   10.439904]  __blk_mq_sched_dispatch_requests+0x1a8/0x1fc
[   10.439910]  blk_mq_sched_dispatch_requests+0x3c/0x7c
[   10.439915]  __blk_mq_run_hw_queue+0x98/0x100
[   10.439919]  blk_mq_run_work_fn+0x24/0x30
[   10.439926]  process_one_work+0x1d4/0x380
[   10.439930]  worker_thread+0x78/0x4e0
[   10.439935]  kthread+0x124/0x130
[   10.439941]  ret_from_fork+0x10/0x3c
[   10.439945] ---[ end trace 5ed6ef9ecd94e43e ]---
[   10.440023] zynqmp-qspi ff0f0000.spi: Cannot enable APB clock.
[   10.440085] spi_master spi0: Failed to power device: -108
[   10.440096] blk_update_request: I/O error, dev mtdblock0, sector 8 op 0x0:(READ) flags 0x80700 phys_seg 1 prio class 0
[   10.440179] spi_master spi0: Failed to power device: -22
[   10.440186] blk_update_request: I/O error, dev mtdblock0, sector 8 op 0x0:(READ) flags 0x0 phys_seg 8 prio class 0
[   10.440192] Buffer I/O error on dev mtdblock0, logical block 8, async page read
[   10.440201] spi_master spi0: Failed to power device: -22
[   10.440207] blk_update_request: I/O error, dev mtdblock0, sector 9 op 0x0:(READ) flags 0x0 phys_seg 7 prio class 0
[   10.440210] Buffer I/O error on dev mtdblock0, logical block 9, async page read
[   10.440218] spi_master spi0: Failed to power device: -22
[   10.440224] blk_update_request: I/O error, dev mtdblock0, sector 10 op 0x0:(READ) flags 0x0 phys_seg 6 prio class 0
[   10.440228] Buffer I/O error on dev mtdblock0, logical block 10, async page read
[   10.440235] spi_master spi0: Failed to power device: -22
[   10.440240] blk_update_request: I/O error, dev mtdblock0, sector 11 op 0x0:(READ) flags 0x0 phys_seg 5 prio class 0
[   10.440253] Buffer I/O error on dev mtdblock0, logical block 11, async page read
[   10.440260] spi_master spi0: Failed to power device: -22
[   10.440265] blk_update_request: I/O error, dev mtdblock0, sector 12 op 0x0:(READ) flags 0x0 phys_seg 4 prio class 0
[   10.440269] Buffer I/O error on dev mtdblock0, logical block 12, async page read
[   10.440276] spi_master spi0: Failed to power device: -22
[   10.440282] blk_update_request: I/O error, dev mtdblock0, sector 13 op 0x0:(READ) flags 0x0 phys_seg 3 prio class 0
[   10.440285] Buffer I/O error on dev mtdblock0, logical block 13, async page read
[   10.440292] spi_master spi0: Failed to power device: -22
[   10.440298] blk_update_request: I/O error, dev mtdblock0, sector 14 op 0x0:(READ) flags 0x0 phys_seg 2 prio class 0
[   10.440302] Buffer I/O error on dev mtdblock0, logical block 14, async page read
[   10.440308] spi_master spi0: Failed to power device: -22
[   10.440314] blk_update_request: I/O error, dev mtdblock0, sector 15 op 0x0:(READ) flags 0x0 phys_seg 1 prio class 0
[   10.440318] Buffer I/O error on dev mtdblock0, logical block 15, async page read
[   10.440657] spi_master spi0: Failed to power device: -22
[   10.440664] blk_update_request: I/O error, dev mtdblock1, sector 10112 op 0x0:(READ) flags 0x80700 phys_seg 1 prio class 0
[   10.440708] spi_master spi0: Failed to power device: -22
[   10.440714] Buffer I/O error on dev mtdblock1, logical block 10112, async page read
[   10.440722] spi_master spi0: Failed to power device: -22
[   10.440727] Buffer I/O error on dev mtdblock1, logical block 10113, async page read
[   10.440734] spi_master spi0: Failed to power device: -22
[   10.440742] spi_master spi0: Failed to power device: -22
[   10.440749] spi_master spi0: Failed to power device: -22
[   10.440756] spi_master spi0: Failed to power device: -22
[   10.440763] spi_master spi0: Failed to power device: -22
[   10.440771] spi_master spi0: Failed to power device: -22
[   10.441032] spi_master spi0: Failed to power device: -22
[   10.441076] spi_master spi0: Failed to power device: -22
[   10.441085] spi_master spi0: Failed to power device: -22
[   10.441093] spi_master spi0: Failed to power device: -22
[   10.441101] spi_master spi0: Failed to power device: -22
[   10.441108] spi_master spi0: Failed to power device: -22
[   10.441119] spi_master spi0: Failed to power device: -22
[   10.441126] spi_master spi0: Failed to power device: -22
[   10.441133] spi_master spi0: Failed to power device: -22
[   10.441397] spi_master spi0: Failed to power device: -22
[   10.441441] spi_master spi0: Failed to power device: -22
[   10.441450] spi_master spi0: Failed to power device: -22
[   10.441458] spi_master spi0: Failed to power device: -22
[   10.441465] spi_master spi0: Failed to power device: -22
[   10.441473] spi_master spi0: Failed to power device: -22
[   10.441480] spi_master spi0: Failed to power device: -22
[   10.441487] spi_master spi0: Failed to power device: -22
[   10.441494] spi_master spi0: Failed to power device: -22
[   10.564782] EXT4-fs (mmcblk0p2): re-mounted. Opts: (null)
[   10.688591] systemd-journald[164]: Received request to flush runtime journal from PID 1
[   16.652110] macb ff0e0000.ethernet eth0: PHY [ff0e0000.ethernet-ffffffff:0c] driver [TI DP83867] (irq=POLL)
[   16.652123] macb ff0e0000.ethernet eth0: configuring for phy/rgmii-id link mode
[   16.911735] Adding 102396k swap on /var/swap.  Priority:-2 extents:4 across:9953604k SS
[   18.311732] random: crng init done
[   18.311742] random: 7 urandom warning(s) missed due to ratelimiting
[   19.453599] broken atomic modeset userspace detected, disabling atomic
[   20.737341] macb ff0e0000.ethernet eth0: Link is Up - 1Gbps/Full - flow control off
[   20.737367] IPv6: ADDRCONF(NETDEV_CHANGE): eth0: link becomes ready
[   22.128630] broken atomic modeset userspace detected, disabling atomic
[   25.024644] broken atomic modeset userspace detected, disabling atomic
[   27.658198] broken atomic modeset userspace detected, disabling atomic