[    0.000000] Booting Linux on physical CPU 0x0000000000 [0x410fd034]
[    0.000000] Linux version 5.10.0-98103-g2aa7ac113716 (jenkins@romlxbuild1.adlk.analog.com) (aarch64-xilinx-linux-gcc.real (GCC) 10.2.0, GNU ld (GNU Binutils) 2.35.0.20200730) #5577 SMP Wed Mar 23 07:28:49 GMT 2022
[    0.000000] Machine model: ZynqMP ZCU102 Rev1.0
[    0.000000] earlycon: cdns0 at MMIO 0x00000000ff000000 (options '115200n8')
[    0.000000] printk: bootconsole [cdns0] enabled
[    0.000000] efi: UEFI not found.
[    0.000000] cma: Reserved 256 MiB at 0x0000000070000000
[    0.000000] Zone ranges:
[    0.000000]   DMA      [mem 0x0000000000000000-0x000000003fffffff]
[    0.000000]   DMA32    [mem 0x0000000040000000-0x00000000ffffffff]
[    0.000000]   Normal   [mem 0x0000000100000000-0x000000087fffffff]
[    0.000000] Movable zone start for each node
[    0.000000] Early memory node ranges
[    0.000000]   node   0: [mem 0x0000000000000000-0x000000007fffffff]
[    0.000000]   node   0: [mem 0x0000000800000000-0x000000087fffffff]
[    0.000000] Initmem setup node 0 [mem 0x0000000000000000-0x000000087fffffff]
[    0.000000] On node 0 totalpages: 1048576
[    0.000000]   DMA zone: 3584 pages used for memmap
[    0.000000]   DMA zone: 0 pages reserved
[    0.000000]   DMA zone: 262144 pages, LIFO batch:63
[    0.000000]   DMA32 zone: 3584 pages used for memmap
[    0.000000]   DMA32 zone: 262144 pages, LIFO batch:63
[    0.000000]   Normal zone: 7168 pages used for memmap
[    0.000000]   Normal zone: 524288 pages, LIFO batch:63
[    0.000000] psci: probing for conduit method from DT.
[    0.000000] psci: PSCIv1.1 detected in firmware.
[    0.000000] psci: Using standard PSCI v0.2 function IDs
[    0.000000] psci: MIGRATE_INFO_TYPE not supported.
[    0.000000] psci: SMC Calling Convention v1.2
[    0.000000] percpu: Embedded 22 pages/cpu s49496 r8192 d32424 u90112
[    0.000000] pcpu-alloc: s49496 r8192 d32424 u90112 alloc=22*4096
[    0.000000] pcpu-alloc: [0] 0 [0] 1 [0] 2 [0] 3 
[    0.000000] Detected VIPT I-cache on CPU0
[    0.000000] CPU features: detected: ARM erratum 845719
[    0.000000] Built 1 zonelists, mobility grouping on.  Total pages: 1034240
[    0.000000] Kernel command line: console=ttyPS0,115200 root=/dev/mmcblk0p2 rw earlycon rootfstype=ext4 rootwait clk_ignore_unused cpuidle.off=1 root=/dev/mmcblk0p2 rw rootwait
[    0.000000] Dentry cache hash table entries: 524288 (order: 10, 4194304 bytes, linear)
[    0.000000] Inode-cache hash table entries: 262144 (order: 9, 2097152 bytes, linear)
[    0.000000] mem auto-init: stack:off, heap alloc:off, heap free:off
[    0.000000] software IO TLB: mapped [mem 0x000000003bfff000-0x000000003ffff000] (64MB)
[    0.000000] Memory: 3761904K/4194304K available (15296K kernel code, 1636K rwdata, 11876K rodata, 2560K init, 507K bss, 170256K reserved, 262144K cma-reserved)
[    0.000000] rcu: Hierarchical RCU implementation.
[    0.000000] rcu: 	RCU event tracing is enabled.
[    0.000000] rcu: 	RCU restricting CPUs from NR_CPUS=8 to nr_cpu_ids=4.
[    0.000000] rcu: RCU calculated value of scheduler-enlistment delay is 25 jiffies.
[    0.000000] rcu: Adjusting geometry for rcu_fanout_leaf=16, nr_cpu_ids=4
[    0.000000] NR_IRQS: 64, nr_irqs: 64, preallocated irqs: 0
[    0.000000] GIC: Adjusting CPU interface base to 0x00000000f902f000
[    0.000000] GIC: Using split EOI/Deactivate mode
[    0.000000] random: get_random_bytes called from start_kernel+0x31c/0x54c with crng_init=0
[    0.000000] arch_timer: cp15 timer(s) running at 100.00MHz (phys).
[    0.000000] clocksource: arch_sys_counter: mask: 0xffffffffffffff max_cycles: 0x171024e7e0, max_idle_ns: 440795205315 ns
[    0.000003] sched_clock: 56 bits at 100MHz, resolution 10ns, wraps every 4398046511100ns
[    0.008462] Console: colour dummy device 80x25
[    0.012482] Calibrating delay loop (skipped), value calculated using timer frequency.. 200.00 BogoMIPS (lpj=400000)
[    0.022840] pid_max: default: 32768 minimum: 301
[    0.027552] Mount-cache hash table entries: 8192 (order: 4, 65536 bytes, linear)
[    0.034788] Mountpoint-cache hash table entries: 8192 (order: 4, 65536 bytes, linear)
[    0.043396] rcu: Hierarchical SRCU implementation.
[    0.047561] EFI services will not be available.
[    0.051939] smp: Bringing up secondary CPUs ...
[    0.056657] Detected VIPT I-cache on CPU1
[    0.056696] CPU1: Booted secondary processor 0x0000000001 [0x410fd034]
[    0.057061] Detected VIPT I-cache on CPU2
[    0.057085] CPU2: Booted secondary processor 0x0000000002 [0x410fd034]
[    0.057424] Detected VIPT I-cache on CPU3
[    0.057447] CPU3: Booted secondary processor 0x0000000003 [0x410fd034]
[    0.057493] smp: Brought up 1 node, 4 CPUs
[    0.091780] SMP: Total of 4 processors activated.
[    0.096452] CPU features: detected: 32-bit EL0 Support
[    0.101556] CPU features: detected: CRC32 instructions
[    0.106694] CPU: All CPU(s) started at EL2
[    0.110736] alternatives: patching kernel code
[    0.116169] devtmpfs: initialized
[    0.124065] Registered cp15_barrier emulation handler
[    0.124116] Registered setend emulation handler
[    0.128090] clocksource: jiffies: mask: 0xffffffff max_cycles: 0xffffffff, max_idle_ns: 7645041785100000 ns
[    0.137670] futex hash table entries: 1024 (order: 4, 65536 bytes, linear)
[    0.151031] pinctrl core: initialized pinctrl subsystem
[    0.151680] NET: Registered protocol family 16
[    0.156100] DMA: preallocated 512 KiB GFP_KERNEL pool for atomic allocations
[    0.162116] DMA: preallocated 512 KiB GFP_KERNEL|GFP_DMA pool for atomic allocations
[    0.169843] DMA: preallocated 512 KiB GFP_KERNEL|GFP_DMA32 pool for atomic allocations
[    0.177644] audit: initializing netlink subsys (disabled)
[    0.183095] audit: type=2000 audit(0.116:1): state=initialized audit_enabled=0 res=1
[    0.183437] hw-breakpoint: found 6 breakpoint and 4 watchpoint registers.
[    0.197471] ASID allocator initialised with 65536 entries
[    0.224306] HugeTLB registered 1.00 GiB page size, pre-allocated 0 pages
[    0.225360] HugeTLB registered 32.0 MiB page size, pre-allocated 0 pages
[    0.232030] HugeTLB registered 2.00 MiB page size, pre-allocated 0 pages
[    0.238692] HugeTLB registered 64.0 KiB page size, pre-allocated 0 pages
[    1.304277] DRBG: Continuing without Jitter RNG
[    1.382084] raid6: neonx8   gen()  2144 MB/s
[    1.450131] raid6: neonx8   xor()  1599 MB/s
[    1.518193] raid6: neonx4   gen()  2199 MB/s
[    1.586237] raid6: neonx4   xor()  1567 MB/s
[    1.654306] raid6: neonx2   gen()  2076 MB/s
[    1.722354] raid6: neonx2   xor()  1436 MB/s
[    1.790416] raid6: neonx1   gen()  1772 MB/s
[    1.858464] raid6: neonx1   xor()  1220 MB/s
[    1.926523] raid6: int64x8  gen()  1438 MB/s
[    1.994579] raid6: int64x8  xor()   771 MB/s
[    2.062657] raid6: int64x4  gen()  1598 MB/s
[    2.130703] raid6: int64x4  xor()   817 MB/s
[    2.198764] raid6: int64x2  gen()  1397 MB/s
[    2.266816] raid6: int64x2  xor()   750 MB/s
[    2.334900] raid6: int64x1  gen()  1034 MB/s
[    2.402954] raid6: int64x1  xor()   517 MB/s
[    2.402993] raid6: using algorithm neonx4 gen() 2199 MB/s
[    2.406952] raid6: .... xor() 1567 MB/s, rmw enabled
[    2.411883] raid6: using neon recovery algorithm
[    2.416894] iommu: Default domain type: Translated 
[    2.421509] SCSI subsystem initialized
[    2.425053] libata version 3.00 loaded.
[    2.425176] usbcore: registered new interface driver usbfs
[    2.430509] usbcore: registered new interface driver hub
[    2.435782] usbcore: registered new device driver usb
[    2.440916] mc: Linux media interface: v0.10
[    2.445030] videodev: Linux video capture interface: v2.00
[    2.450522] EDAC MC: Ver: 3.0.0
[    2.453964] zynqmp-ipi-mbox mailbox@ff990400: Registered ZynqMP IPI mbox with TX/RX channels.
[    2.462466] jesd204: created con: id=0, topo=0, link=0, /axi/spi@ff050000/hmc7044@0 <-> /fpga-axi@0/axi-adxcvr-tx@84b60000
[    2.473051] jesd204: created con: id=1, topo=0, link=2, /axi/spi@ff050000/hmc7044@0 <-> /fpga-axi@0/axi-adxcvr-rx@84a60000
[    2.484035] jesd204: created con: id=2, topo=0, link=0, /fpga-axi@0/axi-adxcvr-tx@84b60000 <-> /fpga-axi@0/axi-jesd204-tx@84b90000
[    2.495711] jesd204: created con: id=3, topo=0, link=2, /fpga-axi@0/axi-adxcvr-rx@84a60000 <-> /fpga-axi@0/axi-jesd204-rx@84a90000
[    2.507388] jesd204: created con: id=4, topo=0, link=0, /fpga-axi@0/axi-jesd204-tx@84b90000 <-> /fpga-axi@0/axi-ad9081-tx-hpc@84b10000
[    2.519416] jesd204: created con: id=5, topo=0, link=2, /fpga-axi@0/axi-jesd204-rx@84a90000 <-> /fpga-axi@0/axi-ad9081-rx-hpc@84a10000
[    2.531438] jesd204: created con: id=6, topo=0, link=2, /fpga-axi@0/axi-ad9081-rx-hpc@84a10000 <-> /axi/spi@ff040000/ad9081@0
[    2.542680] jesd204: created con: id=7, topo=0, link=0, /fpga-axi@0/axi-ad9081-tx-hpc@84b10000 <-> /axi/spi@ff040000/ad9081@0
[    2.553930] jesd204: /axi/spi@ff040000/ad9081@0: JESD204[2] transition uninitialized -> initialized
[    2.562916] jesd204: /axi/spi@ff040000/ad9081@0: JESD204[0] transition uninitialized -> initialized
[    2.571908] jesd204: found 8 devices and 1 topologies
[    2.576951] FPGA manager framework
[    2.580430] Advanced Linux Sound Architecture Driver Initialized.
[    2.586725] Bluetooth: Core ver 2.22
[    2.589911] NET: Registered protocol family 31
[    2.594312] Bluetooth: HCI device and connection manager initialized
[    2.600629] Bluetooth: HCI socket layer initialized
[    2.605471] Bluetooth: L2CAP socket layer initialized
[    2.610494] Bluetooth: SCO socket layer initialized
[    2.615675] clocksource: Switched to clocksource arch_sys_counter
[    2.621488] VFS: Disk quotas dquot_6.6.0
[    2.625321] VFS: Dquot-cache hash table entries: 512 (order 0, 4096 bytes)
[    2.636038] NET: Registered protocol family 2
[    2.636765] tcp_listen_portaddr_hash hash table entries: 2048 (order: 3, 32768 bytes, linear)
[    2.644961] TCP established hash table entries: 32768 (order: 6, 262144 bytes, linear)
[    2.652987] TCP bind hash table entries: 32768 (order: 7, 524288 bytes, linear)
[    2.660432] TCP: Hash tables configured (established 32768 bind 32768)
[    2.666607] UDP hash table entries: 2048 (order: 4, 65536 bytes, linear)
[    2.673273] UDP-Lite hash table entries: 2048 (order: 4, 65536 bytes, linear)
[    2.680435] NET: Registered protocol family 1
[    2.684889] RPC: Registered named UNIX socket transport module.
[    2.690510] RPC: Registered udp transport module.
[    2.695174] RPC: Registered tcp transport module.
[    2.699844] RPC: Registered tcp NFSv4.1 backchannel transport module.
[    2.706834] PCI: CLS 0 bytes, default 64
[    2.710541] hw perfevents: no interrupt-affinity property for /pmu, guessing.
[    2.717394] hw perfevents: enabled with armv8_pmuv3 PMU driver, 7 counters available
[    2.725748] Initialise system trusted keyrings
[    2.729423] workingset: timestamp_bits=62 max_order=20 bucket_order=0
[    2.736328] NFS: Registering the id_resolver key type
[    2.740773] Key type id_resolver registered
[    2.744912] Key type id_legacy registered
[    2.748901] nfs4filelayout_init: NFSv4 File Layout Driver Registering...
[    2.755567] jffs2: version 2.2. (NAND) (SUMMARY)  Â© 2001-2006 Red Hat, Inc.
[    2.798014] NET: Registered protocol family 38
[    2.798057] xor: measuring software checksum speed
[    2.805744]    8regs           :  2363 MB/sec
[    2.809412]    32regs          :  2799 MB/sec
[    2.814355]    arm64_neon      :  2380 MB/sec
[    2.814545] xor: using function: 32regs (2799 MB/sec)
[    2.819571] Key type asymmetric registered
[    2.823632] Asymmetric key parser 'x509' registered
[    2.828493] Block layer SCSI generic (bsg) driver version 0.4 loaded (major 248)
[    2.835830] io scheduler mq-deadline registered
[    2.840326] io scheduler kyber registered
[    2.869733] Serial: 8250/16550 driver, 4 ports, IRQ sharing disabled
[    2.874378] cacheinfo: Unable to detect cache hierarchy for CPU 0
[    2.880716] brd: module loaded
[    2.884862] loop: module loaded
[    2.885409] Registered mathworks_ip class
[    2.888745] libphy: Fixed MDIO Bus: probed
[    2.891732] tun: Universal TUN/TAP device driver, 1.6
[    2.895782] CAN device driver interface
[    2.900321] usbcore: registered new interface driver asix
[    2.904913] usbcore: registered new interface driver ax88179_178a
[    2.910947] usbcore: registered new interface driver cdc_ether
[    2.916741] usbcore: registered new interface driver net1080
[    2.922368] usbcore: registered new interface driver cdc_subset
[    2.928247] usbcore: registered new interface driver zaurus
[    2.933791] usbcore: registered new interface driver cdc_ncm
[    2.940204] ehci_hcd: USB 2.0 'Enhanced' Host Controller (EHCI) Driver
[    2.945877] ehci-pci: EHCI PCI platform driver
[    2.950676] usbcore: registered new interface driver uas
[    2.955594] usbcore: registered new interface driver usb-storage
[    2.961582] usbcore: registered new interface driver usbserial_generic
[    2.968031] usbserial: USB Serial support registered for generic
[    2.974004] usbcore: registered new interface driver ftdi_sio
[    2.979707] usbserial: USB Serial support registered for FTDI USB Serial Device
[    2.986984] usbcore: registered new interface driver upd78f0730
[    2.992855] usbserial: USB Serial support registered for upd78f0730
[    3.000514] rtc_zynqmp ffa60000.rtc: registered as rtc0
[    3.004280] rtc_zynqmp ffa60000.rtc: setting system clock to 2022-04-12T21:33:37 UTC (1649799217)
[    3.013142] i2c /dev entries driver
[    3.018458] usbcore: registered new interface driver uvcvideo
[    3.022256] USB Video Class driver (1.1.1)
[    3.027836] Bluetooth: HCI UART driver ver 2.3
[    3.030727] Bluetooth: HCI UART protocol H4 registered
[    3.035836] Bluetooth: HCI UART protocol BCSP registered
[    3.041126] Bluetooth: HCI UART protocol LL registered
[    3.046214] Bluetooth: HCI UART protocol ATH3K registered
[    3.051589] Bluetooth: HCI UART protocol Three-wire (H5) registered
[    3.057843] Bluetooth: HCI UART protocol Intel registered
[    3.063180] Bluetooth: HCI UART protocol QCA registered
[    3.068383] usbcore: registered new interface driver bcm203x
[    3.074004] usbcore: registered new interface driver bpa10x
[    3.079538] usbcore: registered new interface driver bfusb
[    3.084989] usbcore: registered new interface driver btusb
[    3.090451] usbcore: registered new interface driver ath3k
[    3.095935] EDAC MC: ECC not enabled
[    3.099557] EDAC DEVICE0: Giving out device to module zynqmp-ocm-edac controller zynqmp_ocm: DEV ff960000.memory-controller (INTERRUPT)
[    3.111882] sdhci: Secure Digital Host Controller Interface driver
[    3.117663] sdhci: Copyright(c) Pierre Ossman
[    3.121988] sdhci-pltfm: SDHCI platform and OF driver helper
[    3.128045] ledtrig-cpu: registered to indicate activity on CPUs
[    3.133593] SMCCC: SOC_ID: ARCH_SOC_ID not implemented, skipping ....
[    3.140025] zynqmp_firmware_probe Platform Management API v1.1
[    3.145779] zynqmp_firmware_probe Trustzone version v1.0
[    3.185315] zynqmp-pinctrl firmware:zynqmp-firmware:pinctrl: zynqmp pinctrl initialized
[    3.233335] zynqmp-aes firmware:zynqmp-firmware:zynqmp-aes: will run requests pump with realtime priority
[    3.249169] alg: No test for xilinx-keccak-384 (zynqmp-keccak-384)
[    3.249878] alg: No test for xilinx-zynqmp-rsa (zynqmp-rsa)
[    3.255389] usbcore: registered new interface driver usbhid
[    3.260780] usbhid: USB HID core driver
[    3.272016] axi_sysid 85000000.axi-sysid-0: AXI System ID core version (1.01.a) found
[    3.274361] axi_sysid 85000000.axi-sysid-0: [ad9081_fmca_ebz] on [zcu102] git branch <master> git <084d44c9780640ca93fd847b1d9ec70dd65f5c67> clean [2022-03-18 04:17:50] UTC
[    3.290051] fpga_manager fpga0: Xilinx ZynqMP FPGA Manager registered
[    3.296413] usbcore: registered new interface driver snd-usb-audio
[    3.303845] pktgen: Packet Generator for packet performance testing. Version: 2.75
[    3.310027] Initializing XFRM netlink socket
[    3.313895] NET: Registered protocol family 10
[    3.318606] Segment Routing with IPv6
[    3.321989] sit: IPv6, IPv4 and MPLS over IPv4 tunneling driver
[    3.328059] NET: Registered protocol family 17
[    3.332163] NET: Registered protocol family 15
[    3.336659] can: controller area network core
[    3.340914] NET: Registered protocol family 29
[    3.345303] can: raw protocol
[    3.348239] can: broadcast manager protocol
[    3.352394] can: netlink gateway - max_hops=1
[    3.356787] Bluetooth: RFCOMM TTY layer initialized
[    3.361567] Bluetooth: RFCOMM socket layer initialized
[    3.366678] Bluetooth: RFCOMM ver 1.11
[    3.370386] Bluetooth: BNEP (Ethernet Emulation) ver 1.3
[    3.375658] Bluetooth: BNEP filters: protocol multicast
[    3.380851] Bluetooth: BNEP socket layer initialized
[    3.385778] Bluetooth: HIDP (Human Interface Emulation) ver 1.2
[    3.391663] Bluetooth: HIDP socket layer initialized
[    3.396716] 9pnet: Installing 9P2000 support
[    3.400839] NET: Registered protocol family 36
[    3.405255] Key type dns_resolver registered
[    3.409691] registered taskstats version 1
[    3.413552] Loading compiled-in X.509 certificates
[    3.418666] Btrfs loaded, crc32c=crc32c-generic
[    3.431060] ff000000.serial: ttyPS0 at MMIO 0xff000000 (irq = 49, base_baud = 6249999) is a xuartps
[    3.440078] printk: console [ttyPS0] enabled
[    3.444373] printk: bootconsole [cdns0] disabled
[    3.454005] ff010000.serial: ttyPS1 at MMIO 0xff010000 (irq = 50, base_baud = 6249999) is a xuartps
[    3.467231] of-fpga-region fpga-full: FPGA Region probed
[    3.474187] nwl-pcie fd0e0000.pcie: host bridge /axi/pcie@fd0e0000 ranges:
[    3.481085] nwl-pcie fd0e0000.pcie:      MEM 0x00e0000000..0x00efffffff -> 0x00e0000000
[    3.489093] nwl-pcie fd0e0000.pcie:      MEM 0x0600000000..0x07ffffffff -> 0x0600000000
[    3.497158] nwl-pcie fd0e0000.pcie: Link is DOWN
[    3.501914] nwl-pcie fd0e0000.pcie: PCI host bridge to bus 0000:00
[    3.508093] pci_bus 0000:00: root bus resource [bus 00-ff]
[    3.513574] pci_bus 0000:00: root bus resource [mem 0xe0000000-0xefffffff]
[    3.520444] pci_bus 0000:00: root bus resource [mem 0x600000000-0x7ffffffff pref]
[    3.527947] pci 0000:00:00.0: [10ee:d021] type 01 class 0x060400
[    3.534003] pci 0000:00:00.0: PME# supported from D0 D1 D2 D3hot
[    3.544448] pci 0000:00:00.0: PCI bridge to [bus 01-0c]
[    3.550425] xilinx-zynqmp-dma fd500000.dma: ZynqMP DMA driver Probe success
[    3.557603] xilinx-zynqmp-dma fd510000.dma: ZynqMP DMA driver Probe success
[    3.564779] xilinx-zynqmp-dma fd520000.dma: ZynqMP DMA driver Probe success
[    3.571955] xilinx-zynqmp-dma fd530000.dma: ZynqMP DMA driver Probe success
[    3.579120] xilinx-zynqmp-dma fd540000.dma: ZynqMP DMA driver Probe success
[    3.586292] xilinx-zynqmp-dma fd550000.dma: ZynqMP DMA driver Probe success
[    3.593460] xilinx-zynqmp-dma fd560000.dma: ZynqMP DMA driver Probe success
[    3.600629] xilinx-zynqmp-dma fd570000.dma: ZynqMP DMA driver Probe success
[    3.608042] xilinx-zynqmp-dpdma fd4c0000.dma-controller: Xilinx DPDMA engine is probed
[    3.616585] ahci-ceva fd0c0000.ahci: supply ahci not found, using dummy regulator
[    3.624128] ahci-ceva fd0c0000.ahci: supply phy not found, using dummy regulator
[    3.711856] hmc7044 spi2.0: PLL1: Acquisition, CLKIN0 @ 122880000 Hz, PFD: 80 kHz - PLL2: Locked @ 2888.000000 MHz
[    3.722572] jesd204: /axi/spi@ff050000/hmc7044@0,jesd204:1,parent=spi2.0: Using as SYSREF provider
[    3.732163] spi-nor spi0.0: SPI-NOR-UniqueID 100000235394732200270025081115266e
[    3.739466] spi-nor spi0.0: found n25q512a, expected m25p80
[    3.745670] spi-nor spi0.0: trying to lock already unlocked area
[    3.751678] spi-nor spi0.0: n25q512a (131072 Kbytes)
[    3.756662] 4 fixed-partitions partitions found on MTD device spi0.0
[    3.763009] Creating 4 MTD partitions on "spi0.0":
[    3.767795] 0x000000000000-0x000000100000 : "qspi-fsbl-uboot"
[    3.774283] 0x000000100000-0x000000600000 : "qspi-linux"
[    3.780237] 0x000000600000-0x000000620000 : "qspi-device-tree"
[    3.786713] 0x000000620000-0x000000c00000 : "qspi-rootfs"
[    3.795181] macb ff0e0000.ethernet: Not enabling partial store and forward
[    3.802710] libphy: MACB_mii_bus: probed
[    3.807761] macb ff0e0000.ethernet eth0: Cadence GEM rev 0x50070106 at 0xff0e0000 irq 30 (00:0a:35:04:8e:1b)
[    3.817972] xilinx-axipmon ffa00000.perf-monitor: Probed Xilinx APM
[    3.824548] xilinx-axipmon fd0b0000.perf-monitor: Probed Xilinx APM
[    3.831064] xilinx-axipmon fd490000.perf-monitor: Probed Xilinx APM
[    3.837604] xilinx-axipmon ffa10000.perf-monitor: Probed Xilinx APM
[    3.847628] pca953x 0-0020: supply vcc not found, using dummy regulator
[    3.854311] pca953x 0-0020: using no AI
[    3.858799] gpio-496 (sel0): hogged as output/low
[    3.863702] gpio-497 (sel1): hogged as output/high
[    3.868693] gpio-498 (sel2): hogged as output/high
[    3.873682] gpio-499 (sel3): hogged as output/high
[    3.878855] pca953x 0-0021: supply vcc not found, using dummy regulator
[    3.885522] pca953x 0-0021: using no AI
[    3.891274] ina2xx 2-0040: power monitor ina226 (Rshunt = 5000 uOhm)
[    3.898301] ina2xx 2-0041: power monitor ina226 (Rshunt = 5000 uOhm)
[    3.905343] ina2xx 2-0042: power monitor ina226 (Rshunt = 5000 uOhm)
[    3.912372] ina2xx 2-0043: power monitor ina226 (Rshunt = 5000 uOhm)
[    3.919399] ina2xx 2-0044: power monitor ina226 (Rshunt = 5000 uOhm)
[    3.926417] ina2xx 2-0045: power monitor ina226 (Rshunt = 5000 uOhm)
[    3.933447] ina2xx 2-0046: power monitor ina226 (Rshunt = 5000 uOhm)
[    3.940523] ina2xx 2-0047: power monitor ina226 (Rshunt = 5000 uOhm)
[    3.947550] ina2xx 2-004a: power monitor ina226 (Rshunt = 5000 uOhm)
[    3.954591] ina2xx 2-004b: power monitor ina226 (Rshunt = 5000 uOhm)
[    3.961000] i2c i2c-0: Added multiplexed i2c bus 2
[    3.966383] random: fast init done
[    3.969850] ina2xx 3-0040: power monitor ina226 (Rshunt = 2000 uOhm)
[    3.976878] ina2xx 3-0041: power monitor ina226 (Rshunt = 5000 uOhm)
[    3.983904] ina2xx 3-0042: power monitor ina226 (Rshunt = 5000 uOhm)
[    3.990940] ina2xx 3-0043: power monitor ina226 (Rshunt = 5000 uOhm)
[    3.997962] ina2xx 3-0044: power monitor ina226 (Rshunt = 5000 uOhm)
[    4.004987] ina2xx 3-0045: power monitor ina226 (Rshunt = 5000 uOhm)
[    4.012020] ina2xx 3-0046: power monitor ina226 (Rshunt = 5000 uOhm)
[    4.019051] ina2xx 3-0047: power monitor ina226 (Rshunt = 5000 uOhm)
[    4.025452] i2c i2c-0: Added multiplexed i2c bus 3
[    4.081076] i2c i2c-0: Added multiplexed i2c bus 4
[    4.086017] i2c i2c-0: Added multiplexed i2c bus 5
[    4.090807] pca954x 0-0075: registered 4 multiplexed busses for I2C mux pca9544
[    4.098156] cdns-i2c ff020000.i2c: 400 kHz mmio ff020000 irq 32
[    4.105891] at24 6-0054: supply vcc not found, using dummy regulator
[    4.112793] at24 6-0054: 1024 byte 24c08 EEPROM, writable, 1 bytes/write
[    4.119541] i2c i2c-1: Added multiplexed i2c bus 6
[    4.125971] si5341 7-0036: Chip: 5341 Grade: 1 Rev: 1
[    4.163717] i2c i2c-1: Added multiplexed i2c bus 7
[    4.171371] si570 8-005d: registered, current frequency 300000000 Hz
[    4.177769] i2c i2c-1: Added multiplexed i2c bus 8
[    4.197546] si570 9-005d: registered, current frequency 148500000 Hz
[    4.203948] i2c i2c-1: Added multiplexed i2c bus 9
[    4.208987] si5324 10-0069: si5328 probed
[    4.276045] si5324 10-0069: si5328 probe successful
[    4.280976] i2c i2c-1: Added multiplexed i2c bus 10
[    4.286003] i2c i2c-1: Added multiplexed i2c bus 11
[    4.291030] i2c i2c-1: Added multiplexed i2c bus 12
[    4.296050] i2c i2c-1: Added multiplexed i2c bus 13
[    4.300924] pca954x 1-0074: registered 8 multiplexed busses for I2C switch pca9548
[    4.309031] at24 14-0050: supply vcc not found, using dummy regulator
[    4.315820] at24 14-0050: 256 byte 24c02 EEPROM, writable, 1 bytes/write
[    4.322568] i2c i2c-1: Added multiplexed i2c bus 14
[    4.327605] i2c i2c-1: Added multiplexed i2c bus 15
[    4.332640] i2c i2c-1: Added multiplexed i2c bus 16
[    4.337677] i2c i2c-1: Added multiplexed i2c bus 17
[    4.342712] i2c i2c-1: Added multiplexed i2c bus 18
[    4.347755] i2c i2c-1: Added multiplexed i2c bus 19
[    4.352795] i2c i2c-1: Added multiplexed i2c bus 20
[    4.357830] i2c i2c-1: Added multiplexed i2c bus 21
[    4.362707] pca954x 1-0075: registered 8 multiplexed busses for I2C switch pca9548
[    4.370316] cdns-i2c ff030000.i2c: 400 kHz mmio ff030000 irq 33
[    4.380058] cdns-wdt fd4d0000.watchdog: Xilinx Watchdog Timer with timeout 60s
[    4.389111] axi_adxcvr 84a60000.axi-adxcvr-rx: adxcvr_enforce_settings: Using QPLL without access, assuming desired Lane rate will be configured by a different instance
[    4.405748] axi_adxcvr 84a60000.axi-adxcvr-rx: AXI-ADXCVR-RX (17.05.a) using QPLL on GTH4 at 0x84A60000. Number of lanes: 4.
[    4.417910] axi_adxcvr 84b60000.axi-adxcvr-tx: AXI-ADXCVR-TX (17.05.a) using QPLL on GTH4 at 0x84B60000. Number of lanes: 4.
[    4.421869] mmc0: SDHCI controller on ff170000.mmc [ff170000.mmc] using ADMA 64-bit
[    4.436878] axi-jesd204-rx 84a90000.axi-jesd204-rx: AXI-JESD204-RX (1.07.a) at 0x84A90000. Encoder 8b10b, width 4/4, lanes 4, jesd204-fsm.
[    4.449717] axi-jesd204-tx 84b90000.axi-jesd204-tx: AXI-JESD204-TX (1.06.a) at 0x84B90000. Encoder 8b10b, width 4/4, lanes 4, jesd204-fsm.
[    4.463228] zynqmp-display fd4a0000.display: vtc bridge property not present
[    4.469448] mmc0: new high speed SDHC card at address 0001
[    4.472878] xilinx-dp-snd-codec fd4a0000.display:zynqmp_dp_snd_codec0: Failed to get required clock freq
[    4.476109] mmcblk0: mmc0:0001 EB1QT 29.8 GiB 
[    4.485235] xilinx-dp-snd-codec: probe of fd4a0000.display:zynqmp_dp_snd_codec0 failed with error -22
[    4.490894]  mmcblk0: p1 p2 p3
[    4.499223] xilinx-dp-snd-pcm zynqmp_dp_snd_pcm0: Xilinx DisplayPort Sound PCM probed
[    4.510082] xilinx-dp-snd-pcm zynqmp_dp_snd_pcm1: Xilinx DisplayPort Sound PCM probed
[    4.518289] OF: graph: no port node found in /axi/display@fd4a0000
[    4.524697] xlnx-drm xlnx-drm.0: bound fd4a0000.display (ops 0xffffffc010fcbdb8)
[    5.611696] zynqmp-display fd4a0000.display: [drm] Cannot find any crtc or sizes
[    5.619309] [drm] Initialized xlnx 1.0.0 20130509 for fd4a0000.display on minor 0
[    5.626803] zynqmp-display fd4a0000.display: ZynqMP DisplayPort Subsystem driver probed
[    5.635116] ahci-ceva fd0c0000.ahci: supply ahci not found, using dummy regulator
[    5.642662] ahci-ceva fd0c0000.ahci: supply phy not found, using dummy regulator
[    5.650116] ahci-ceva fd0c0000.ahci: supply target not found, using dummy regulator
[    5.657955] ahci-ceva fd0c0000.ahci: AHCI 0001.0301 32 slots 2 ports 6 Gbps 0x3 impl platform mode
[    5.666911] ahci-ceva fd0c0000.ahci: flags: 64bit ncq sntf pm clo only pmp fbs pio slum part ccc sds apst 
[    5.677603] scsi host0: ahci-ceva
[    5.681202] scsi host1: ahci-ceva
[    5.684628] ata1: SATA max UDMA/133 mmio [mem 0xfd0c0000-0xfd0c1fff] port 0x100 irq 45
[    5.692542] ata2: SATA max UDMA/133 mmio [mem 0xfd0c0000-0xfd0c1fff] port 0x180 irq 45
[    5.701144] ad9081 spi1.0: supply vdd not found, using dummy regulator
[    6.013905] ata1: SATA link down (SStatus 0 SControl 330)
[    6.019313] ata2: SATA link down (SStatus 0 SControl 330)
[    6.695698] zynqmp-display fd4a0000.display: [drm] Cannot find any crtc or sizes
[    7.488449] ad9081 spi1.0: AD9081 Rev. 2 Grade 10 (API 1.2.2) probed
[    7.495641] xhci-hcd xhci-hcd.1.auto: xHCI Host Controller
[    7.501134] xhci-hcd xhci-hcd.1.auto: new USB bus registered, assigned bus number 1
[    7.508881] xhci-hcd xhci-hcd.1.auto: hcc params 0x0238f625 hci version 0x100 quirks 0x0000000002010810
[    7.518294] xhci-hcd xhci-hcd.1.auto: irq 59, io mem 0xfe200000
[    7.524402] usb usb1: New USB device found, idVendor=1d6b, idProduct=0002, bcdDevice= 5.10
[    7.532660] usb usb1: New USB device strings: Mfr=3, Product=2, SerialNumber=1
[    7.539877] usb usb1: Product: xHCI Host Controller
[    7.544747] usb usb1: Manufacturer: Linux 5.10.0-98103-g2aa7ac113716 xhci-hcd
[    7.551873] usb usb1: SerialNumber: xhci-hcd.1.auto
[    7.557040] hub 1-0:1.0: USB hub found
[    7.560801] hub 1-0:1.0: 1 port detected
[    7.564907] xhci-hcd xhci-hcd.1.auto: xHCI Host Controller
[    7.570394] xhci-hcd xhci-hcd.1.auto: new USB bus registered, assigned bus number 2
[    7.578047] xhci-hcd xhci-hcd.1.auto: Host supports USB 3.0 SuperSpeed
[    7.584676] usb usb2: New USB device found, idVendor=1d6b, idProduct=0003, bcdDevice= 5.10
[    7.592933] usb usb2: New USB device strings: Mfr=3, Product=2, SerialNumber=1
[    7.600157] usb usb2: Product: xHCI Host Controller
[    7.605030] usb usb2: Manufacturer: Linux 5.10.0-98103-g2aa7ac113716 xhci-hcd
[    7.612156] usb usb2: SerialNumber: xhci-hcd.1.auto
[    7.617262] hub 2-0:1.0: USB hub found
[    7.621019] hub 2-0:1.0: 1 port detected
[    7.651073] cf_axi_adc 84a10000.axi-ad9081-rx-hpc: ADI AIM (10.01.b) at 0x84A10000 mapped to 0x(____ptrval____), probed ADC AD9081 as MASTER
[    7.684518] cf_axi_dds 84b10000.axi-ad9081-tx-hpc: Analog Devices CF_AXI_DDS_DDS MASTER (9.01.b) at 0x84B10000 mapped to 0x(____ptrval____), probed DDS AD9081
[    7.698719] jesd204: /axi/spi@ff040000/ad9081@0,jesd204:0,parent=spi1.0: JESD204[2] transition initialized -> probed
[    7.709242] jesd204: /axi/spi@ff040000/ad9081@0,jesd204:0,parent=spi1.0: JESD204[0] transition initialized -> probed
[    7.719764] jesd204: /axi/spi@ff040000/ad9081@0,jesd204:0,parent=spi1.0: JESD204[2] transition probed -> idle
[    7.729682] jesd204: /axi/spi@ff040000/ad9081@0,jesd204:0,parent=spi1.0: JESD204[0] transition probed -> idle
[    7.739596] jesd204: /axi/spi@ff040000/ad9081@0,jesd204:0,parent=spi1.0: JESD204[2] transition idle -> device_init
[    7.749938] jesd204: /axi/spi@ff040000/ad9081@0,jesd204:0,parent=spi1.0: JESD204[0] transition idle -> device_init
[    7.760291] jesd204: /axi/spi@ff040000/ad9081@0,jesd204:0,parent=spi1.0: JESD204[2] transition device_init -> link_init
[    7.771066] jesd204: /axi/spi@ff040000/ad9081@0,jesd204:0,parent=spi1.0: JESD204[0] transition device_init -> link_init
[    7.781856] jesd204: /axi/spi@ff040000/ad9081@0,jesd204:0,parent=spi1.0: JESD204[2] transition link_init -> link_supported
[    7.792896] jesd204: /axi/spi@ff040000/ad9081@0,jesd204:0,parent=spi1.0: JESD204[0] transition link_init -> link_supported
[    7.804298] hmc7044 spi2.0: hmc7044_jesd204_link_pre_setup: Link2 forcing continuous SYSREF mode
[    7.813414] jesd204: /axi/spi@ff040000/ad9081@0,jesd204:0,parent=spi1.0: JESD204[2] transition link_supported -> link_pre_setup
[    7.824893] jesd204: /axi/spi@ff040000/ad9081@0,jesd204:0,parent=spi1.0: JESD204[0] transition link_supported -> link_pre_setup
[    7.848698] jesd204: /axi/spi@ff040000/ad9081@0,jesd204:0,parent=spi1.0: JESD204[2] transition link_pre_setup -> clk_sync_stage1
[    7.860264] jesd204: /axi/spi@ff040000/ad9081@0,jesd204:0,parent=spi1.0: JESD204[0] transition link_pre_setup -> clk_sync_stage1
[    7.871828] jesd204: /axi/spi@ff040000/ad9081@0,jesd204:0,parent=spi1.0: JESD204[2] transition clk_sync_stage1 -> clk_sync_stage2
[    7.883472] jesd204: /axi/spi@ff040000/ad9081@0,jesd204:0,parent=spi1.0: JESD204[0] transition clk_sync_stage1 -> clk_sync_stage2
[    7.895124] jesd204: /axi/spi@ff040000/ad9081@0,jesd204:0,parent=spi1.0: JESD204[2] transition clk_sync_stage2 -> clk_sync_stage3
[    7.906774] jesd204: /axi/spi@ff040000/ad9081@0,jesd204:0,parent=spi1.0: JESD204[0] transition clk_sync_stage2 -> clk_sync_stage3
[    7.920441] jesd204: /axi/spi@ff040000/ad9081@0,jesd204:0,parent=spi1.0: JESD204[2] transition clk_sync_stage3 -> link_setup
[    7.931659] jesd204: /axi/spi@ff040000/ad9081@0,jesd204:0,parent=spi1.0: JESD204[0] transition clk_sync_stage3 -> link_setup
[    7.947713] jesd204: /axi/spi@ff040000/ad9081@0,jesd204:0,parent=spi1.0: JESD204[2] transition link_setup -> opt_setup_stage1
[    7.959016] jesd204: /axi/spi@ff040000/ad9081@0,jesd204:0,parent=spi1.0: JESD204[0] transition link_setup -> opt_setup_stage1
[    7.975361] jesd204: /axi/spi@ff040000/ad9081@0,jesd204:0,parent=spi1.0: JESD204[2] transition opt_setup_stage1 -> opt_setup_stage2
[    7.987184] jesd204: /axi/spi@ff040000/ad9081@0,jesd204:0,parent=spi1.0: JESD204[0] transition opt_setup_stage1 -> opt_setup_stage2
[    7.999156] jesd204: /axi/spi@ff040000/ad9081@0,jesd204:0,parent=spi1.0: JESD204[2] transition opt_setup_stage2 -> opt_setup_stage3
[    8.010983] jesd204: /axi/spi@ff040000/ad9081@0,jesd204:0,parent=spi1.0: JESD204[0] transition opt_setup_stage2 -> opt_setup_stage3
[    8.022806] jesd204: /axi/spi@ff040000/ad9081@0,jesd204:0,parent=spi1.0: JESD204[2] transition opt_setup_stage3 -> opt_setup_stage4
[    8.034626] jesd204: /axi/spi@ff040000/ad9081@0,jesd204:0,parent=spi1.0: JESD204[0] transition opt_setup_stage3 -> opt_setup_stage4
[    8.046454] jesd204: /axi/spi@ff040000/ad9081@0,jesd204:0,parent=spi1.0: JESD204[2] transition opt_setup_stage4 -> opt_setup_stage5
[    8.058274] jesd204: /axi/spi@ff040000/ad9081@0,jesd204:0,parent=spi1.0: JESD204[0] transition opt_setup_stage4 -> opt_setup_stage5
[    8.093350] axi_adxcvr 84a60000.axi-adxcvr-rx: adxcvr_clk_enable: QPLL RX buffer underflow error, status: 0x61
[    8.103335] axi_adxcvr 84a60000.axi-adxcvr-rx: adxcvr_clk_enable: QPLL RX buffer overflow error, status: 0x61
[    8.117356] jesd204: /axi/spi@ff040000/ad9081@0,jesd204:0,parent=spi1.0: JESD204[2] transition opt_setup_stage5 -> clocks_enable
[    8.128919] jesd204: /axi/spi@ff040000/ad9081@0,jesd204:0,parent=spi1.0: JESD204[0] transition opt_setup_stage5 -> clocks_enable
[    8.140534] jesd204: /axi/spi@ff040000/ad9081@0,jesd204:0,parent=spi1.0: JESD204[2] transition clocks_enable -> link_enable
[    8.151662] jesd204: /axi/spi@ff040000/ad9081@0,jesd204:0,parent=spi1.0: JESD204[0] transition clocks_enable -> link_enable
[    8.283929] ad9081 spi1.0: JESD RX (JTX) Link2 in DATA, SYNC deasserted, PLL locked, PHASE established, MODE valid
[    8.294534] ad9081 spi1.0: JESD TX (JRX) Link0 0xF lanes in DATA
[    8.300539] jesd204: /axi/spi@ff040000/ad9081@0,jesd204:0,parent=spi1.0: JESD204[2] transition link_enable -> link_running
[    8.311577] jesd204: /axi/spi@ff040000/ad9081@0,jesd204:0,parent=spi1.0: JESD204[0] transition link_enable -> link_running
[    8.322626] jesd204: /axi/spi@ff040000/ad9081@0,jesd204:0,parent=spi1.0: JESD204[2] transition link_running -> opt_post_running_stage
[    8.334623] jesd204: /axi/spi@ff040000/ad9081@0,jesd204:0,parent=spi1.0: JESD204[0] transition link_running -> opt_post_running_stage
[    8.355869] input: gpio-keys as /devices/platform/gpio-keys/input/input0
[    8.362887] of_cfs_init
[    8.365351] of_cfs_init: OK
[    8.368302] cfg80211: Loading compiled-in X.509 certificates for regulatory database
[    8.506620] cfg80211: Loaded X.509 cert 'sforshee: 00b28ddf47aef9cea7'
[    8.513155] clk: Not disabling unused clocks
[    8.517684] ALSA device list:
[    8.520647]   No soundcards found.
[    8.524314] platform regulatory.0: Direct firmware load for regulatory.db failed with error -2
[    8.532928] cfg80211: failed to load regulatory.db
[    8.547596] EXT4-fs (mmcblk0p2): mounted filesystem with ordered data mode. Opts: (null)
[    8.555718] VFS: Mounted root (ext4 filesystem) on device 179:2.
[    8.568965] devtmpfs: mounted
[    8.572827] Freeing unused kernel memory: 2560K
[    8.587732] Run /sbin/init as init process
[    8.591828]   with arguments:
[    8.591831]     /sbin/init
[    8.591833]   with environment:
[    8.591835]     HOME=/
[    8.591837]     TERM=linux
[    9.162561] systemd[1]: systemd 241 running in system mode. (+PAM +AUDIT +SELINUX +IMA +APPARMOR +SMACK +SYSVINIT +UTMP +LIBCRYPTSETUP +GCRYPT +GNUTLS +ACL +XZ +LZ4 +SECCOMP +BLKID +ELFUTILS +KMOD -IDN2 +IDN -PCRE2 default-hierarchy=hybrid)
[    9.184432] systemd[1]: Detected architecture arm64.
[    9.208397] systemd[1]: Set hostname to <analog>.
[    9.402592] systemd[1]: File /lib/systemd/system/systemd-journald.service:12 configures an IP firewall (IPAddressDeny=any), but the local system does not support BPF/cgroup based firewalling.
[    9.407436] random: crng init done
[    9.419653] systemd[1]: Proceeding WITHOUT firewalling in effect! (This warning is only shown for the first loaded unit using IP firewalling.)
[    9.586704] systemd[1]: /etc/systemd/system/tof-server.service:1: Assignment outside of section. Ignoring.
[    9.596396] systemd[1]: /etc/systemd/system/tof-server.service:2: Assignment outside of section. Ignoring.
[    9.788573] systemd[1]: Created slice system-serial\x2dgetty.slice.
[    9.812123] systemd[1]: Listening on udev Control Socket.
[    9.831787] systemd[1]: Reached target Swap.
[   10.593482] EXT4-fs (mmcblk0p2): re-mounted. Opts: (null)
[   10.788561] systemd-journald[149]: Received request to flush runtime journal from PID 1
[   16.950445] macb ff0e0000.ethernet eth0: PHY [ff0e0000.ethernet-ffffffff:0c] driver [TI DP83867] (irq=POLL)
[   16.950458] macb ff0e0000.ethernet eth0: configuring for phy/rgmii-id link mode
[   17.283776] Adding 102396k swap on /var/swap.  Priority:-2 extents:4 across:9953604k SS
[   19.883143] broken atomic modeset userspace detected, disabling atomic
[   21.057287] macb ff0e0000.ethernet eth0: Link is Up - 1Gbps/Full - flow control off
[   21.057312] IPv6: ADDRCONF(NETDEV_CHANGE): eth0: link becomes ready
[   22.551972] broken atomic modeset userspace detected, disabling atomic
[   25.415805] broken atomic modeset userspace detected, disabling atomic
[   28.061203] broken atomic modeset userspace detected, disabling atomic