[    0.000000] Booting Linux on physical CPU 0x0000000000 [0x410fd034]
[    0.000000] Linux version 5.10.0-98103-g2aa7ac113716 (jenkins@romlxbuild1.adlk.analog.com) (aarch64-xilinx-linux-gcc.real (GCC) 10.2.0, GNU ld (GNU Binutils) 2.35.0.20200730) #5577 SMP Wed Mar 23 07:28:49 GMT 2022
[    0.000000] Machine model: ZynqMP ZCU102 Rev1.0
[    0.000000] earlycon: cdns0 at MMIO 0x00000000ff000000 (options '115200n8')
[    0.000000] printk: bootconsole [cdns0] enabled
[    0.000000] efi: UEFI not found.
[    0.000000] cma: Reserved 256 MiB at 0x0000000070000000
[    0.000000] Zone ranges:
[    0.000000]   DMA      [mem 0x0000000000000000-0x000000003fffffff]
[    0.000000]   DMA32    [mem 0x0000000040000000-0x00000000ffffffff]
[    0.000000]   Normal   [mem 0x0000000100000000-0x000000087fffffff]
[    0.000000] Movable zone start for each node
[    0.000000] Early memory node ranges
[    0.000000]   node   0: [mem 0x0000000000000000-0x000000007fffffff]
[    0.000000]   node   0: [mem 0x0000000800000000-0x000000087fffffff]
[    0.000000] Initmem setup node 0 [mem 0x0000000000000000-0x000000087fffffff]
[    0.000000] On node 0 totalpages: 1048576
[    0.000000]   DMA zone: 3584 pages used for memmap
[    0.000000]   DMA zone: 0 pages reserved
[    0.000000]   DMA zone: 262144 pages, LIFO batch:63
[    0.000000]   DMA32 zone: 3584 pages used for memmap
[    0.000000]   DMA32 zone: 262144 pages, LIFO batch:63
[    0.000000]   Normal zone: 7168 pages used for memmap
[    0.000000]   Normal zone: 524288 pages, LIFO batch:63
[    0.000000] psci: probing for conduit method from DT.
[    0.000000] psci: PSCIv1.1 detected in firmware.
[    0.000000] psci: Using standard PSCI v0.2 function IDs
[    0.000000] psci: MIGRATE_INFO_TYPE not supported.
[    0.000000] psci: SMC Calling Convention v1.2
[    0.000000] percpu: Embedded 22 pages/cpu s49496 r8192 d32424 u90112
[    0.000000] pcpu-alloc: s49496 r8192 d32424 u90112 alloc=22*4096
[    0.000000] pcpu-alloc: [0] 0 [0] 1 [0] 2 [0] 3 
[    0.000000] Detected VIPT I-cache on CPU0
[    0.000000] CPU features: detected: ARM erratum 845719
[    0.000000] Built 1 zonelists, mobility grouping on.  Total pages: 1034240
[    0.000000] Kernel command line: console=ttyPS0,115200 root=/dev/mmcblk0p2 rw earlycon rootfstype=ext4 rootwait clk_ignore_unused cpuidle.off=1 root=/dev/mmcblk0p2 rw rootwait
[    0.000000] Dentry cache hash table entries: 524288 (order: 10, 4194304 bytes, linear)
[    0.000000] Inode-cache hash table entries: 262144 (order: 9, 2097152 bytes, linear)
[    0.000000] mem auto-init: stack:off, heap alloc:off, heap free:off
[    0.000000] software IO TLB: mapped [mem 0x000000003bfff000-0x000000003ffff000] (64MB)
[    0.000000] Memory: 3761904K/4194304K available (15296K kernel code, 1636K rwdata, 11876K rodata, 2560K init, 507K bss, 170256K reserved, 262144K cma-reserved)
[    0.000000] rcu: Hierarchical RCU implementation.
[    0.000000] rcu: 	RCU event tracing is enabled.
[    0.000000] rcu: 	RCU restricting CPUs from NR_CPUS=8 to nr_cpu_ids=4.
[    0.000000] rcu: RCU calculated value of scheduler-enlistment delay is 25 jiffies.
[    0.000000] rcu: Adjusting geometry for rcu_fanout_leaf=16, nr_cpu_ids=4
[    0.000000] NR_IRQS: 64, nr_irqs: 64, preallocated irqs: 0
[    0.000000] GIC: Adjusting CPU interface base to 0x00000000f902f000
[    0.000000] GIC: Using split EOI/Deactivate mode
[    0.000000] random: get_random_bytes called from start_kernel+0x31c/0x54c with crng_init=0
[    0.000000] arch_timer: cp15 timer(s) running at 100.00MHz (phys).
[    0.000000] clocksource: arch_sys_counter: mask: 0xffffffffffffff max_cycles: 0x171024e7e0, max_idle_ns: 440795205315 ns
[    0.000003] sched_clock: 56 bits at 100MHz, resolution 10ns, wraps every 4398046511100ns
[    0.008465] Console: colour dummy device 80x25
[    0.012483] Calibrating delay loop (skipped), value calculated using timer frequency.. 200.00 BogoMIPS (lpj=400000)
[    0.022841] pid_max: default: 32768 minimum: 301
[    0.027548] Mount-cache hash table entries: 8192 (order: 4, 65536 bytes, linear)
[    0.034789] Mountpoint-cache hash table entries: 8192 (order: 4, 65536 bytes, linear)
[    0.043397] rcu: Hierarchical SRCU implementation.
[    0.047560] EFI services will not be available.
[    0.051938] smp: Bringing up secondary CPUs ...
[    0.056656] Detected VIPT I-cache on CPU1
[    0.056695] CPU1: Booted secondary processor 0x0000000001 [0x410fd034]
[    0.057061] Detected VIPT I-cache on CPU2
[    0.057085] CPU2: Booted secondary processor 0x0000000002 [0x410fd034]
[    0.057425] Detected VIPT I-cache on CPU3
[    0.057448] CPU3: Booted secondary processor 0x0000000003 [0x410fd034]
[    0.057494] smp: Brought up 1 node, 4 CPUs
[    0.091780] SMP: Total of 4 processors activated.
[    0.096452] CPU features: detected: 32-bit EL0 Support
[    0.101556] CPU features: detected: CRC32 instructions
[    0.106694] CPU: All CPU(s) started at EL2
[    0.110736] alternatives: patching kernel code
[    0.116170] devtmpfs: initialized
[    0.124065] Registered cp15_barrier emulation handler
[    0.124115] Registered setend emulation handler
[    0.128092] clocksource: jiffies: mask: 0xffffffff max_cycles: 0xffffffff, max_idle_ns: 7645041785100000 ns
[    0.137671] futex hash table entries: 1024 (order: 4, 65536 bytes, linear)
[    0.151033] pinctrl core: initialized pinctrl subsystem
[    0.151676] NET: Registered protocol family 16
[    0.156101] DMA: preallocated 512 KiB GFP_KERNEL pool for atomic allocations
[    0.162117] DMA: preallocated 512 KiB GFP_KERNEL|GFP_DMA pool for atomic allocations
[    0.169844] DMA: preallocated 512 KiB GFP_KERNEL|GFP_DMA32 pool for atomic allocations
[    0.177645] audit: initializing netlink subsys (disabled)
[    0.183095] audit: type=2000 audit(0.116:1): state=initialized audit_enabled=0 res=1
[    0.183438] hw-breakpoint: found 6 breakpoint and 4 watchpoint registers.
[    0.197472] ASID allocator initialised with 65536 entries
[    0.224316] HugeTLB registered 1.00 GiB page size, pre-allocated 0 pages
[    0.225368] HugeTLB registered 32.0 MiB page size, pre-allocated 0 pages
[    0.232040] HugeTLB registered 2.00 MiB page size, pre-allocated 0 pages
[    0.238700] HugeTLB registered 64.0 KiB page size, pre-allocated 0 pages
[    1.304210] DRBG: Continuing without Jitter RNG
[    1.382091] raid6: neonx8   gen()  2142 MB/s
[    1.450142] raid6: neonx8   xor()  1599 MB/s
[    1.518199] raid6: neonx4   gen()  2196 MB/s
[    1.586247] raid6: neonx4   xor()  1567 MB/s
[    1.654311] raid6: neonx2   gen()  2075 MB/s
[    1.722366] raid6: neonx2   xor()  1442 MB/s
[    1.790426] raid6: neonx1   gen()  1771 MB/s
[    1.858477] raid6: neonx1   xor()  1220 MB/s
[    1.926537] raid6: int64x8  gen()  1438 MB/s
[    1.994591] raid6: int64x8  xor()   771 MB/s
[    2.062659] raid6: int64x4  gen()  1598 MB/s
[    2.130711] raid6: int64x4  xor()   818 MB/s
[    2.198787] raid6: int64x2  gen()  1397 MB/s
[    2.266828] raid6: int64x2  xor()   750 MB/s
[    2.334916] raid6: int64x1  gen()  1034 MB/s
[    2.402966] raid6: int64x1  xor()   517 MB/s
[    2.403004] raid6: using algorithm neonx4 gen() 2196 MB/s
[    2.406961] raid6: .... xor() 1567 MB/s, rmw enabled
[    2.411892] raid6: using neon recovery algorithm
[    2.416900] iommu: Default domain type: Translated 
[    2.421517] SCSI subsystem initialized
[    2.425061] libata version 3.00 loaded.
[    2.425185] usbcore: registered new interface driver usbfs
[    2.430518] usbcore: registered new interface driver hub
[    2.435796] usbcore: registered new device driver usb
[    2.440921] mc: Linux media interface: v0.10
[    2.445038] videodev: Linux video capture interface: v2.00
[    2.450531] EDAC MC: Ver: 3.0.0
[    2.453947] zynqmp-ipi-mbox mailbox@ff990400: Registered ZynqMP IPI mbox with TX/RX channels.
[    2.462475] jesd204: created con: id=0, topo=0, link=0, /axi/spi@ff050000/hmc7044@0 <-> /fpga-axi@0/axi-adxcvr-tx@84b60000
[    2.473061] jesd204: created con: id=1, topo=0, link=2, /axi/spi@ff050000/hmc7044@0 <-> /fpga-axi@0/axi-adxcvr-rx@84a60000
[    2.484043] jesd204: created con: id=2, topo=0, link=0, /fpga-axi@0/axi-adxcvr-tx@84b60000 <-> /fpga-axi@0/axi-jesd204-tx@84b90000
[    2.495721] jesd204: created con: id=3, topo=0, link=2, /fpga-axi@0/axi-adxcvr-rx@84a60000 <-> /fpga-axi@0/axi-jesd204-rx@84a90000
[    2.507397] jesd204: created con: id=4, topo=0, link=0, /fpga-axi@0/axi-jesd204-tx@84b90000 <-> /fpga-axi@0/axi-ad9081-tx-hpc@84b10000
[    2.519425] jesd204: created con: id=5, topo=0, link=2, /fpga-axi@0/axi-jesd204-rx@84a90000 <-> /fpga-axi@0/axi-ad9081-rx-hpc@84a10000
[    2.531447] jesd204: created con: id=6, topo=0, link=2, /fpga-axi@0/axi-ad9081-rx-hpc@84a10000 <-> /axi/spi@ff040000/ad9081@0
[    2.542689] jesd204: created con: id=7, topo=0, link=0, /fpga-axi@0/axi-ad9081-tx-hpc@84b10000 <-> /axi/spi@ff040000/ad9081@0
[    2.553939] jesd204: /axi/spi@ff040000/ad9081@0: JESD204[2] transition uninitialized -> initialized
[    2.562925] jesd204: /axi/spi@ff040000/ad9081@0: JESD204[0] transition uninitialized -> initialized
[    2.571917] jesd204: found 8 devices and 1 topologies
[    2.576959] FPGA manager framework
[    2.580436] Advanced Linux Sound Architecture Driver Initialized.
[    2.586737] Bluetooth: Core ver 2.22
[    2.589920] NET: Registered protocol family 31
[    2.594321] Bluetooth: HCI device and connection manager initialized
[    2.600637] Bluetooth: HCI socket layer initialized
[    2.605480] Bluetooth: L2CAP socket layer initialized
[    2.610503] Bluetooth: SCO socket layer initialized
[    2.615700] clocksource: Switched to clocksource arch_sys_counter
[    2.621494] VFS: Disk quotas dquot_6.6.0
[    2.625332] VFS: Dquot-cache hash table entries: 512 (order 0, 4096 bytes)
[    2.636061] NET: Registered protocol family 2
[    2.636775] tcp_listen_portaddr_hash hash table entries: 2048 (order: 3, 32768 bytes, linear)
[    2.644973] TCP established hash table entries: 32768 (order: 6, 262144 bytes, linear)
[    2.652996] TCP bind hash table entries: 32768 (order: 7, 524288 bytes, linear)
[    2.660440] TCP: Hash tables configured (established 32768 bind 32768)
[    2.666617] UDP hash table entries: 2048 (order: 4, 65536 bytes, linear)
[    2.673282] UDP-Lite hash table entries: 2048 (order: 4, 65536 bytes, linear)
[    2.680444] NET: Registered protocol family 1
[    2.684911] RPC: Registered named UNIX socket transport module.
[    2.690518] RPC: Registered udp transport module.
[    2.695185] RPC: Registered tcp transport module.
[    2.699852] RPC: Registered tcp NFSv4.1 backchannel transport module.
[    2.706838] PCI: CLS 0 bytes, default 64
[    2.710560] hw perfevents: no interrupt-affinity property for /pmu, guessing.
[    2.717403] hw perfevents: enabled with armv8_pmuv3 PMU driver, 7 counters available
[    2.725758] Initialise system trusted keyrings
[    2.729427] workingset: timestamp_bits=62 max_order=20 bucket_order=0
[    2.736335] NFS: Registering the id_resolver key type
[    2.740782] Key type id_resolver registered
[    2.744919] Key type id_legacy registered
[    2.748912] nfs4filelayout_init: NFSv4 File Layout Driver Registering...
[    2.755575] jffs2: version 2.2. (NAND) (SUMMARY)  Â© 2001-2006 Red Hat, Inc.
[    2.797972] NET: Registered protocol family 38
[    2.798015] xor: measuring software checksum speed
[    2.805700]    8regs           :  2363 MB/sec
[    2.809369]    32regs          :  2799 MB/sec
[    2.814311]    arm64_neon      :  2380 MB/sec
[    2.814501] xor: using function: 32regs (2799 MB/sec)
[    2.819527] Key type asymmetric registered
[    2.823589] Asymmetric key parser 'x509' registered
[    2.828450] Block layer SCSI generic (bsg) driver version 0.4 loaded (major 248)
[    2.835787] io scheduler mq-deadline registered
[    2.840283] io scheduler kyber registered
[    2.869714] Serial: 8250/16550 driver, 4 ports, IRQ sharing disabled
[    2.874362] cacheinfo: Unable to detect cache hierarchy for CPU 0
[    2.880713] brd: module loaded
[    2.884859] loop: module loaded
[    2.885406] Registered mathworks_ip class
[    2.888736] libphy: Fixed MDIO Bus: probed
[    2.891684] tun: Universal TUN/TAP device driver, 1.6
[    2.895764] CAN device driver interface
[    2.900298] usbcore: registered new interface driver asix
[    2.904903] usbcore: registered new interface driver ax88179_178a
[    2.910930] usbcore: registered new interface driver cdc_ether
[    2.916725] usbcore: registered new interface driver net1080
[    2.922349] usbcore: registered new interface driver cdc_subset
[    2.928231] usbcore: registered new interface driver zaurus
[    2.933776] usbcore: registered new interface driver cdc_ncm
[    2.940189] ehci_hcd: USB 2.0 'Enhanced' Host Controller (EHCI) Driver
[    2.945860] ehci-pci: EHCI PCI platform driver
[    2.950658] usbcore: registered new interface driver uas
[    2.955577] usbcore: registered new interface driver usb-storage
[    2.961567] usbcore: registered new interface driver usbserial_generic
[    2.968013] usbserial: USB Serial support registered for generic
[    2.973988] usbcore: registered new interface driver ftdi_sio
[    2.979694] usbserial: USB Serial support registered for FTDI USB Serial Device
[    2.986961] usbcore: registered new interface driver upd78f0730
[    2.992836] usbserial: USB Serial support registered for upd78f0730
[    3.000492] rtc_zynqmp ffa60000.rtc: registered as rtc0
[    3.004270] rtc_zynqmp ffa60000.rtc: setting system clock to 2022-04-12T20:54:27 UTC (1649796867)
[    3.013128] i2c /dev entries driver
[    3.018437] usbcore: registered new interface driver uvcvideo
[    3.022239] USB Video Class driver (1.1.1)
[    3.027823] Bluetooth: HCI UART driver ver 2.3
[    3.030710] Bluetooth: HCI UART protocol H4 registered
[    3.035819] Bluetooth: HCI UART protocol BCSP registered
[    3.041108] Bluetooth: HCI UART protocol LL registered
[    3.046197] Bluetooth: HCI UART protocol ATH3K registered
[    3.051572] Bluetooth: HCI UART protocol Three-wire (H5) registered
[    3.057826] Bluetooth: HCI UART protocol Intel registered
[    3.063163] Bluetooth: HCI UART protocol QCA registered
[    3.068363] usbcore: registered new interface driver bcm203x
[    3.073989] usbcore: registered new interface driver bpa10x
[    3.079521] usbcore: registered new interface driver bfusb
[    3.084973] usbcore: registered new interface driver btusb
[    3.090436] usbcore: registered new interface driver ath3k
[    3.095920] EDAC MC: ECC not enabled
[    3.099535] EDAC DEVICE0: Giving out device to module zynqmp-ocm-edac controller zynqmp_ocm: DEV ff960000.memory-controller (INTERRUPT)
[    3.111874] sdhci: Secure Digital Host Controller Interface driver
[    3.117646] sdhci: Copyright(c) Pierre Ossman
[    3.121971] sdhci-pltfm: SDHCI platform and OF driver helper
[    3.128031] ledtrig-cpu: registered to indicate activity on CPUs
[    3.133576] SMCCC: SOC_ID: ARCH_SOC_ID not implemented, skipping ....
[    3.140008] zynqmp_firmware_probe Platform Management API v1.1
[    3.145762] zynqmp_firmware_probe Trustzone version v1.0
[    3.185312] zynqmp-pinctrl firmware:zynqmp-firmware:pinctrl: zynqmp pinctrl initialized
[    3.233165] zynqmp-aes firmware:zynqmp-firmware:zynqmp-aes: will run requests pump with realtime priority
[    3.248990] alg: No test for xilinx-keccak-384 (zynqmp-keccak-384)
[    3.249697] alg: No test for xilinx-zynqmp-rsa (zynqmp-rsa)
[    3.255209] usbcore: registered new interface driver usbhid
[    3.260599] usbhid: USB HID core driver
[    3.271826] axi_sysid 85000000.axi-sysid-0: AXI System ID core version (1.01.a) found
[    3.274171] axi_sysid 85000000.axi-sysid-0: [ad9081_fmca_ebz] on [zcu102] git branch <master> git <084d44c9780640ca93fd847b1d9ec70dd65f5c67> clean [2022-03-18 04:17:50] UTC
[    3.289860] fpga_manager fpga0: Xilinx ZynqMP FPGA Manager registered
[    3.296221] usbcore: registered new interface driver snd-usb-audio
[    3.303652] pktgen: Packet Generator for packet performance testing. Version: 2.75
[    3.309858] Initializing XFRM netlink socket
[    3.313698] NET: Registered protocol family 10
[    3.318417] Segment Routing with IPv6
[    3.321799] sit: IPv6, IPv4 and MPLS over IPv4 tunneling driver
[    3.327884] NET: Registered protocol family 17
[    3.331973] NET: Registered protocol family 15
[    3.336471] can: controller area network core
[    3.340726] NET: Registered protocol family 29
[    3.345111] can: raw protocol
[    3.348050] can: broadcast manager protocol
[    3.352202] can: netlink gateway - max_hops=1
[    3.356602] Bluetooth: RFCOMM TTY layer initialized
[    3.361378] Bluetooth: RFCOMM socket layer initialized
[    3.366489] Bluetooth: RFCOMM ver 1.11
[    3.370198] Bluetooth: BNEP (Ethernet Emulation) ver 1.3
[    3.375467] Bluetooth: BNEP filters: protocol multicast
[    3.380660] Bluetooth: BNEP socket layer initialized
[    3.385590] Bluetooth: HIDP (Human Interface Emulation) ver 1.2
[    3.391472] Bluetooth: HIDP socket layer initialized
[    3.396526] 9pnet: Installing 9P2000 support
[    3.400651] NET: Registered protocol family 36
[    3.405064] Key type dns_resolver registered
[    3.409502] registered taskstats version 1
[    3.413362] Loading compiled-in X.509 certificates
[    3.418468] Btrfs loaded, crc32c=crc32c-generic
[    3.430886] ff000000.serial: ttyPS0 at MMIO 0xff000000 (irq = 49, base_baud = 6249999) is a xuartps
[    3.439905] printk: console [ttyPS0] enabled
[    3.444201] printk: bootconsole [cdns0] disabled
[    3.453826] ff010000.serial: ttyPS1 at MMIO 0xff010000 (irq = 50, base_baud = 6249999) is a xuartps
[    3.467067] of-fpga-region fpga-full: FPGA Region probed
[    3.474020] nwl-pcie fd0e0000.pcie: host bridge /axi/pcie@fd0e0000 ranges:
[    3.480912] nwl-pcie fd0e0000.pcie:      MEM 0x00e0000000..0x00efffffff -> 0x00e0000000
[    3.488919] nwl-pcie fd0e0000.pcie:      MEM 0x0600000000..0x07ffffffff -> 0x0600000000
[    3.496984] nwl-pcie fd0e0000.pcie: Link is DOWN
[    3.501742] nwl-pcie fd0e0000.pcie: PCI host bridge to bus 0000:00
[    3.507920] pci_bus 0000:00: root bus resource [bus 00-ff]
[    3.513401] pci_bus 0000:00: root bus resource [mem 0xe0000000-0xefffffff]
[    3.520272] pci_bus 0000:00: root bus resource [mem 0x600000000-0x7ffffffff pref]
[    3.527775] pci 0000:00:00.0: [10ee:d021] type 01 class 0x060400
[    3.533830] pci 0000:00:00.0: PME# supported from D0 D1 D2 D3hot
[    3.544278] pci 0000:00:00.0: PCI bridge to [bus 01-0c]
[    3.550257] xilinx-zynqmp-dma fd500000.dma: ZynqMP DMA driver Probe success
[    3.557426] xilinx-zynqmp-dma fd510000.dma: ZynqMP DMA driver Probe success
[    3.564595] xilinx-zynqmp-dma fd520000.dma: ZynqMP DMA driver Probe success
[    3.571772] xilinx-zynqmp-dma fd530000.dma: ZynqMP DMA driver Probe success
[    3.578939] xilinx-zynqmp-dma fd540000.dma: ZynqMP DMA driver Probe success
[    3.586107] xilinx-zynqmp-dma fd550000.dma: ZynqMP DMA driver Probe success
[    3.593279] xilinx-zynqmp-dma fd560000.dma: ZynqMP DMA driver Probe success
[    3.600446] xilinx-zynqmp-dma fd570000.dma: ZynqMP DMA driver Probe success
[    3.607863] xilinx-zynqmp-dpdma fd4c0000.dma-controller: Xilinx DPDMA engine is probed
[    3.616405] ahci-ceva fd0c0000.ahci: supply ahci not found, using dummy regulator
[    3.623946] ahci-ceva fd0c0000.ahci: supply phy not found, using dummy regulator
[    3.711874] hmc7044 spi2.0: PLL1: Acquisition, CLKIN0 @ 122880000 Hz, PFD: 80 kHz - PLL2: Locked @ 2480.000000 MHz
[    3.722589] jesd204: /axi/spi@ff050000/hmc7044@0,jesd204:1,parent=spi2.0: Using as SYSREF provider
[    3.732164] spi-nor spi0.0: SPI-NOR-UniqueID 100000235394732200270025081115266e
[    3.739468] spi-nor spi0.0: found n25q512a, expected m25p80
[    3.745659] spi-nor spi0.0: trying to lock already unlocked area
[    3.751660] spi-nor spi0.0: n25q512a (131072 Kbytes)
[    3.756639] 4 fixed-partitions partitions found on MTD device spi0.0
[    3.762984] Creating 4 MTD partitions on "spi0.0":
[    3.767769] 0x000000000000-0x000000100000 : "qspi-fsbl-uboot"
[    3.774255] 0x000000100000-0x000000600000 : "qspi-linux"
[    3.780216] 0x000000600000-0x000000620000 : "qspi-device-tree"
[    3.786689] 0x000000620000-0x000000c00000 : "qspi-rootfs"
[    3.795154] macb ff0e0000.ethernet: Not enabling partial store and forward
[    3.802668] libphy: MACB_mii_bus: probed
[    3.807733] macb ff0e0000.ethernet eth0: Cadence GEM rev 0x50070106 at 0xff0e0000 irq 30 (00:0a:35:04:8e:1b)
[    3.817951] xilinx-axipmon ffa00000.perf-monitor: Probed Xilinx APM
[    3.824531] xilinx-axipmon fd0b0000.perf-monitor: Probed Xilinx APM
[    3.831045] xilinx-axipmon fd490000.perf-monitor: Probed Xilinx APM
[    3.837581] xilinx-axipmon ffa10000.perf-monitor: Probed Xilinx APM
[    3.847580] pca953x 0-0020: supply vcc not found, using dummy regulator
[    3.854262] pca953x 0-0020: using no AI
[    3.858748] gpio-496 (sel0): hogged as output/low
[    3.863650] gpio-497 (sel1): hogged as output/high
[    3.868644] gpio-498 (sel2): hogged as output/high
[    3.873635] gpio-499 (sel3): hogged as output/high
[    3.878808] pca953x 0-0021: supply vcc not found, using dummy regulator
[    3.885479] pca953x 0-0021: using no AI
[    3.891255] ina2xx 2-0040: power monitor ina226 (Rshunt = 5000 uOhm)
[    3.898285] ina2xx 2-0041: power monitor ina226 (Rshunt = 5000 uOhm)
[    3.905317] ina2xx 2-0042: power monitor ina226 (Rshunt = 5000 uOhm)
[    3.912354] ina2xx 2-0043: power monitor ina226 (Rshunt = 5000 uOhm)
[    3.919385] ina2xx 2-0044: power monitor ina226 (Rshunt = 5000 uOhm)
[    3.926406] ina2xx 2-0045: power monitor ina226 (Rshunt = 5000 uOhm)
[    3.933442] ina2xx 2-0046: power monitor ina226 (Rshunt = 5000 uOhm)
[    3.940515] ina2xx 2-0047: power monitor ina226 (Rshunt = 5000 uOhm)
[    3.947546] ina2xx 2-004a: power monitor ina226 (Rshunt = 5000 uOhm)
[    3.954583] ina2xx 2-004b: power monitor ina226 (Rshunt = 5000 uOhm)
[    3.960992] i2c i2c-0: Added multiplexed i2c bus 2
[    3.966378] random: fast init done
[    3.969852] ina2xx 3-0040: power monitor ina226 (Rshunt = 2000 uOhm)
[    3.976882] ina2xx 3-0041: power monitor ina226 (Rshunt = 5000 uOhm)
[    3.983909] ina2xx 3-0042: power monitor ina226 (Rshunt = 5000 uOhm)
[    3.990938] ina2xx 3-0043: power monitor ina226 (Rshunt = 5000 uOhm)
[    3.997964] ina2xx 3-0044: power monitor ina226 (Rshunt = 5000 uOhm)
[    4.004996] ina2xx 3-0045: power monitor ina226 (Rshunt = 5000 uOhm)
[    4.012029] ina2xx 3-0046: power monitor ina226 (Rshunt = 5000 uOhm)
[    4.019060] ina2xx 3-0047: power monitor ina226 (Rshunt = 5000 uOhm)
[    4.025463] i2c i2c-0: Added multiplexed i2c bus 3
[    4.081516] i2c i2c-0: Added multiplexed i2c bus 4
[    4.086454] i2c i2c-0: Added multiplexed i2c bus 5
[    4.091242] pca954x 0-0075: registered 4 multiplexed busses for I2C mux pca9544
[    4.098591] cdns-i2c ff020000.i2c: 400 kHz mmio ff020000 irq 32
[    4.106347] at24 6-0054: supply vcc not found, using dummy regulator
[    4.113245] at24 6-0054: 1024 byte 24c08 EEPROM, writable, 1 bytes/write
[    4.119998] i2c i2c-1: Added multiplexed i2c bus 6
[    4.126424] si5341 7-0036: Chip: 5341 Grade: 1 Rev: 1
[    4.164088] i2c i2c-1: Added multiplexed i2c bus 7
[    4.171739] si570 8-005d: registered, current frequency 300000000 Hz
[    4.178143] i2c i2c-1: Added multiplexed i2c bus 8
[    4.197915] si570 9-005d: registered, current frequency 148500000 Hz
[    4.204314] i2c i2c-1: Added multiplexed i2c bus 9
[    4.209355] si5324 10-0069: si5328 probed
[    4.276062] si5324 10-0069: si5328 probe successful
[    4.280986] i2c i2c-1: Added multiplexed i2c bus 10
[    4.286013] i2c i2c-1: Added multiplexed i2c bus 11
[    4.291042] i2c i2c-1: Added multiplexed i2c bus 12
[    4.296063] i2c i2c-1: Added multiplexed i2c bus 13
[    4.300942] pca954x 1-0074: registered 8 multiplexed busses for I2C switch pca9548
[    4.309055] at24 14-0050: supply vcc not found, using dummy regulator
[    4.315846] at24 14-0050: 256 byte 24c02 EEPROM, writable, 1 bytes/write
[    4.322594] i2c i2c-1: Added multiplexed i2c bus 14
[    4.327631] i2c i2c-1: Added multiplexed i2c bus 15
[    4.332669] i2c i2c-1: Added multiplexed i2c bus 16
[    4.337698] i2c i2c-1: Added multiplexed i2c bus 17
[    4.342733] i2c i2c-1: Added multiplexed i2c bus 18
[    4.347772] i2c i2c-1: Added multiplexed i2c bus 19
[    4.352815] i2c i2c-1: Added multiplexed i2c bus 20
[    4.357848] i2c i2c-1: Added multiplexed i2c bus 21
[    4.362725] pca954x 1-0075: registered 8 multiplexed busses for I2C switch pca9548
[    4.370335] cdns-i2c ff030000.i2c: 400 kHz mmio ff030000 irq 33
[    4.380081] cdns-wdt fd4d0000.watchdog: Xilinx Watchdog Timer with timeout 60s
[    4.389128] axi_adxcvr 84a60000.axi-adxcvr-rx: adxcvr_enforce_settings: Using QPLL without access, assuming desired Lane rate will be configured by a different instance
[    4.405774] axi_adxcvr 84a60000.axi-adxcvr-rx: AXI-ADXCVR-RX (17.05.a) using QPLL on GTH4 at 0x84A60000. Number of lanes: 4.
[    4.417921] axi_adxcvr 84b60000.axi-adxcvr-tx: AXI-ADXCVR-TX (17.05.a) using QPLL on GTH4 at 0x84B60000. Number of lanes: 4.
[    4.421871] mmc0: SDHCI controller on ff170000.mmc [ff170000.mmc] using ADMA 64-bit
[    4.437080] axi-jesd204-rx 84a90000.axi-jesd204-rx: AXI-JESD204-RX (1.07.a) at 0x84A90000. Encoder 8b10b, width 4/4, lanes 4, jesd204-fsm.
[    4.449909] axi-jesd204-tx 84b90000.axi-jesd204-tx: AXI-JESD204-TX (1.06.a) at 0x84B90000. Encoder 8b10b, width 4/4, lanes 4, jesd204-fsm.
[    4.463429] zynqmp-display fd4a0000.display: vtc bridge property not present
[    4.469458] mmc0: new high speed SDHC card at address 0001
[    4.473084] xilinx-dp-snd-codec fd4a0000.display:zynqmp_dp_snd_codec0: Failed to get required clock freq
[    4.476320] mmcblk0: mmc0:0001 EB1QT 29.8 GiB 
[    4.485444] xilinx-dp-snd-codec: probe of fd4a0000.display:zynqmp_dp_snd_codec0 failed with error -22
[    4.491057]  mmcblk0: p1 p2 p3
[    4.499433] xilinx-dp-snd-pcm zynqmp_dp_snd_pcm0: Xilinx DisplayPort Sound PCM probed
[    4.510289] xilinx-dp-snd-pcm zynqmp_dp_snd_pcm1: Xilinx DisplayPort Sound PCM probed
[    4.518499] OF: graph: no port node found in /axi/display@fd4a0000
[    4.524912] xlnx-drm xlnx-drm.0: bound fd4a0000.display (ops 0xffffffc010fcbdb8)
[    5.611714] zynqmp-display fd4a0000.display: [drm] Cannot find any crtc or sizes
[    5.619346] [drm] Initialized xlnx 1.0.0 20130509 for fd4a0000.display on minor 0
[    5.626839] zynqmp-display fd4a0000.display: ZynqMP DisplayPort Subsystem driver probed
[    5.635149] ahci-ceva fd0c0000.ahci: supply ahci not found, using dummy regulator
[    5.642687] ahci-ceva fd0c0000.ahci: supply phy not found, using dummy regulator
[    5.650143] ahci-ceva fd0c0000.ahci: supply target not found, using dummy regulator
[    5.668037] ahci-ceva fd0c0000.ahci: AHCI 0001.0301 32 slots 2 ports 6 Gbps 0x3 impl platform mode
[    5.676993] ahci-ceva fd0c0000.ahci: flags: 64bit ncq sntf pm clo only pmp fbs pio slum part ccc sds apst 
[    5.687621] scsi host0: ahci-ceva
[    5.691212] scsi host1: ahci-ceva
[    5.694637] ata1: SATA max UDMA/133 mmio [mem 0xfd0c0000-0xfd0c1fff] port 0x100 irq 45
[    5.702553] ata2: SATA max UDMA/133 mmio [mem 0xfd0c0000-0xfd0c1fff] port 0x180 irq 45
[    5.711165] ad9081 spi1.0: supply vdd not found, using dummy regulator
[    6.021954] ata1: SATA link down (SStatus 0 SControl 330)
[    6.027364] ata2: SATA link down (SStatus 0 SControl 330)
[    6.695718] zynqmp-display fd4a0000.display: [drm] Cannot find any crtc or sizes
[    7.496444] ad9081 spi1.0: AD9081 Rev. 2 Grade 10 (API 1.2.2) probed
[    7.503639] xhci-hcd xhci-hcd.1.auto: xHCI Host Controller
[    7.509130] xhci-hcd xhci-hcd.1.auto: new USB bus registered, assigned bus number 1
[    7.516878] xhci-hcd xhci-hcd.1.auto: hcc params 0x0238f625 hci version 0x100 quirks 0x0000000002010810
[    7.526289] xhci-hcd xhci-hcd.1.auto: irq 59, io mem 0xfe200000
[    7.532398] usb usb1: New USB device found, idVendor=1d6b, idProduct=0002, bcdDevice= 5.10
[    7.540655] usb usb1: New USB device strings: Mfr=3, Product=2, SerialNumber=1
[    7.547873] usb usb1: Product: xHCI Host Controller
[    7.552742] usb usb1: Manufacturer: Linux 5.10.0-98103-g2aa7ac113716 xhci-hcd
[    7.559868] usb usb1: SerialNumber: xhci-hcd.1.auto
[    7.565030] hub 1-0:1.0: USB hub found
[    7.568796] hub 1-0:1.0: 1 port detected
[    7.572901] xhci-hcd xhci-hcd.1.auto: xHCI Host Controller
[    7.578390] xhci-hcd xhci-hcd.1.auto: new USB bus registered, assigned bus number 2
[    7.586043] xhci-hcd xhci-hcd.1.auto: Host supports USB 3.0 SuperSpeed
[    7.592672] usb usb2: New USB device found, idVendor=1d6b, idProduct=0003, bcdDevice= 5.10
[    7.600928] usb usb2: New USB device strings: Mfr=3, Product=2, SerialNumber=1
[    7.608148] usb usb2: Product: xHCI Host Controller
[    7.613017] usb usb2: Manufacturer: Linux 5.10.0-98103-g2aa7ac113716 xhci-hcd
[    7.620146] usb usb2: SerialNumber: xhci-hcd.1.auto
[    7.625263] hub 2-0:1.0: USB hub found
[    7.629023] hub 2-0:1.0: 1 port detected
[    7.659126] cf_axi_adc 84a10000.axi-ad9081-rx-hpc: ADI AIM (10.01.b) at 0x84A10000 mapped to 0x(____ptrval____), probed ADC AD9081 as MASTER
[    7.692541] cf_axi_dds 84b10000.axi-ad9081-tx-hpc: Analog Devices CF_AXI_DDS_DDS MASTER (9.01.b) at 0x84B10000 mapped to 0x(____ptrval____), probed DDS AD9081
[    7.706740] jesd204: /axi/spi@ff040000/ad9081@0,jesd204:0,parent=spi1.0: JESD204[2] transition initialized -> probed
[    7.717262] jesd204: /axi/spi@ff040000/ad9081@0,jesd204:0,parent=spi1.0: JESD204[0] transition initialized -> probed
[    7.727786] jesd204: /axi/spi@ff040000/ad9081@0,jesd204:0,parent=spi1.0: JESD204[2] transition probed -> idle
[    7.737704] jesd204: /axi/spi@ff040000/ad9081@0,jesd204:0,parent=spi1.0: JESD204[0] transition probed -> idle
[    7.747618] jesd204: /axi/spi@ff040000/ad9081@0,jesd204:0,parent=spi1.0: JESD204[2] transition idle -> device_init
[    7.757960] jesd204: /axi/spi@ff040000/ad9081@0,jesd204:0,parent=spi1.0: JESD204[0] transition idle -> device_init
[    7.768313] jesd204: /axi/spi@ff040000/ad9081@0,jesd204:0,parent=spi1.0: JESD204[2] transition device_init -> link_init
[    7.779087] jesd204: /axi/spi@ff040000/ad9081@0,jesd204:0,parent=spi1.0: JESD204[0] transition device_init -> link_init
[    7.789878] jesd204: /axi/spi@ff040000/ad9081@0,jesd204:0,parent=spi1.0: JESD204[2] transition link_init -> link_supported
[    7.800917] jesd204: /axi/spi@ff040000/ad9081@0,jesd204:0,parent=spi1.0: JESD204[0] transition link_init -> link_supported
[    7.812333] hmc7044 spi2.0: hmc7044_jesd204_link_pre_setup: Link2 forcing continuous SYSREF mode
[    7.821451] jesd204: /axi/spi@ff040000/ad9081@0,jesd204:0,parent=spi1.0: JESD204[2] transition link_supported -> link_pre_setup
[    7.832932] jesd204: /axi/spi@ff040000/ad9081@0,jesd204:0,parent=spi1.0: JESD204[0] transition link_supported -> link_pre_setup
[    7.856764] jesd204: /axi/spi@ff040000/ad9081@0,jesd204:0,parent=spi1.0: JESD204[2] transition link_pre_setup -> clk_sync_stage1
[    7.868328] jesd204: /axi/spi@ff040000/ad9081@0,jesd204:0,parent=spi1.0: JESD204[0] transition link_pre_setup -> clk_sync_stage1
[    7.879893] jesd204: /axi/spi@ff040000/ad9081@0,jesd204:0,parent=spi1.0: JESD204[2] transition clk_sync_stage1 -> clk_sync_stage2
[    7.891536] jesd204: /axi/spi@ff040000/ad9081@0,jesd204:0,parent=spi1.0: JESD204[0] transition clk_sync_stage1 -> clk_sync_stage2
[    7.903189] jesd204: /axi/spi@ff040000/ad9081@0,jesd204:0,parent=spi1.0: JESD204[2] transition clk_sync_stage2 -> clk_sync_stage3
[    7.914839] jesd204: /axi/spi@ff040000/ad9081@0,jesd204:0,parent=spi1.0: JESD204[0] transition clk_sync_stage2 -> clk_sync_stage3
[    7.928506] jesd204: /axi/spi@ff040000/ad9081@0,jesd204:0,parent=spi1.0: JESD204[2] transition clk_sync_stage3 -> link_setup
[    7.939723] jesd204: /axi/spi@ff040000/ad9081@0,jesd204:0,parent=spi1.0: JESD204[0] transition clk_sync_stage3 -> link_setup
[    7.955766] jesd204: /axi/spi@ff040000/ad9081@0,jesd204:0,parent=spi1.0: JESD204[2] transition link_setup -> opt_setup_stage1
[    7.967072] jesd204: /axi/spi@ff040000/ad9081@0,jesd204:0,parent=spi1.0: JESD204[0] transition link_setup -> opt_setup_stage1
[    7.983369] jesd204: /axi/spi@ff040000/ad9081@0,jesd204:0,parent=spi1.0: JESD204[2] transition opt_setup_stage1 -> opt_setup_stage2
[    7.995195] jesd204: /axi/spi@ff040000/ad9081@0,jesd204:0,parent=spi1.0: JESD204[0] transition opt_setup_stage1 -> opt_setup_stage2
[    8.007168] jesd204: /axi/spi@ff040000/ad9081@0,jesd204:0,parent=spi1.0: JESD204[2] transition opt_setup_stage2 -> opt_setup_stage3
[    8.018987] jesd204: /axi/spi@ff040000/ad9081@0,jesd204:0,parent=spi1.0: JESD204[0] transition opt_setup_stage2 -> opt_setup_stage3
[    8.030811] jesd204: /axi/spi@ff040000/ad9081@0,jesd204:0,parent=spi1.0: JESD204[2] transition opt_setup_stage3 -> opt_setup_stage4
[    8.042629] jesd204: /axi/spi@ff040000/ad9081@0,jesd204:0,parent=spi1.0: JESD204[0] transition opt_setup_stage3 -> opt_setup_stage4
[    8.054458] jesd204: /axi/spi@ff040000/ad9081@0,jesd204:0,parent=spi1.0: JESD204[2] transition opt_setup_stage4 -> opt_setup_stage5
[    8.066292] jesd204: /axi/spi@ff040000/ad9081@0,jesd204:0,parent=spi1.0: JESD204[0] transition opt_setup_stage4 -> opt_setup_stage5
[    8.084293] jesd204: /axi/spi@ff040000/ad9081@0,jesd204:0,parent=spi1.0: JESD204[2] transition opt_setup_stage5 -> clocks_enable
[    8.095857] jesd204: /axi/spi@ff040000/ad9081@0,jesd204:0,parent=spi1.0: JESD204[0] transition opt_setup_stage5 -> clocks_enable
[    8.107475] jesd204: /axi/spi@ff040000/ad9081@0,jesd204:0,parent=spi1.0: JESD204[2] transition clocks_enable -> link_enable
[    8.118608] jesd204: /axi/spi@ff040000/ad9081@0,jesd204:0,parent=spi1.0: JESD204[0] transition clocks_enable -> link_enable
[    8.151937] ad9081 spi1.0: JESD RX (JTX) Link2 in DATA, SYNC deasserted, PLL locked, PHASE established, MODE valid
[    8.162539] ad9081 spi1.0: JESD TX (JRX) Link0 0xF lanes in DATA
[    8.168544] jesd204: /axi/spi@ff040000/ad9081@0,jesd204:0,parent=spi1.0: JESD204[2] transition link_enable -> link_running
[    8.179582] jesd204: /axi/spi@ff040000/ad9081@0,jesd204:0,parent=spi1.0: JESD204[0] transition link_enable -> link_running
[    8.190631] jesd204: /axi/spi@ff040000/ad9081@0,jesd204:0,parent=spi1.0: JESD204[2] transition link_running -> opt_post_running_stage
[    8.202628] jesd204: /axi/spi@ff040000/ad9081@0,jesd204:0,parent=spi1.0: JESD204[0] transition link_running -> opt_post_running_stage
[    8.223859] input: gpio-keys as /devices/platform/gpio-keys/input/input0
[    8.230869] of_cfs_init
[    8.233329] of_cfs_init: OK
[    8.236271] cfg80211: Loading compiled-in X.509 certificates for regulatory database
[    8.374534] cfg80211: Loaded X.509 cert 'sforshee: 00b28ddf47aef9cea7'
[    8.381071] clk: Not disabling unused clocks
[    8.385604] ALSA device list:
[    8.388564]   No soundcards found.
[    8.392227] platform regulatory.0: Direct firmware load for regulatory.db failed with error -2
[    8.400837] cfg80211: failed to load regulatory.db
[    8.416101] EXT4-fs (mmcblk0p2): mounted filesystem with ordered data mode. Opts: (null)
[    8.424220] VFS: Mounted root (ext4 filesystem) on device 179:2.
[    8.437533] devtmpfs: mounted
[    8.441349] Freeing unused kernel memory: 2560K
[    8.455751] Run /sbin/init as init process
[    8.459849]   with arguments:
[    8.459852]     /sbin/init
[    8.459854]   with environment:
[    8.459856]     HOME=/
[    8.459858]     TERM=linux
[    9.026682] systemd[1]: systemd 241 running in system mode. (+PAM +AUDIT +SELINUX +IMA +APPARMOR +SMACK +SYSVINIT +UTMP +LIBCRYPTSETUP +GCRYPT +GNUTLS +ACL +XZ +LZ4 +SECCOMP +BLKID +ELFUTILS +KMOD -IDN2 +IDN -PCRE2 default-hierarchy=hybrid)
[    9.048544] systemd[1]: Detected architecture arm64.
[    9.072421] systemd[1]: Set hostname to <analog>.
[    9.263393] systemd[1]: File /lib/systemd/system/systemd-journald.service:12 configures an IP firewall (IPAddressDeny=any), but the local system does not support BPF/cgroup based firewalling.
[    9.280499] systemd[1]: Proceeding WITHOUT firewalling in effect! (This warning is only shown for the first loaded unit using IP firewalling.)
[    9.443685] systemd[1]: /etc/systemd/system/tof-server.service:1: Assignment outside of section. Ignoring.
[    9.453406] systemd[1]: /etc/systemd/system/tof-server.service:2: Assignment outside of section. Ignoring.
[    9.635822] random: systemd: uninitialized urandom read (16 bytes read)
[    9.650535] random: systemd: uninitialized urandom read (16 bytes read)
[    9.657195] systemd[1]: Reached target Swap.
[    9.671864] random: systemd: uninitialized urandom read (16 bytes read)
[    9.678744] systemd[1]: Listening on udev Kernel Socket.
[    9.700160] systemd[1]: Listening on Journal Socket.
[   10.276381] ------------[ cut here ]------------
[   10.276389] Enabling unprepared \xa0\xf9L\x88\xff\xff\xffpL\x88\xff\xff\xff
[   10.276435] WARNING: CPU: 1 PID: 132 at drivers/clk/clk.c:1012 clk_core_enable+0xa4/0xc0
[   10.276438] Modules linked in:
[   10.276448] CPU: 1 PID: 132 Comm: kworker/1:1H Not tainted 5.10.0-98103-g2aa7ac113716 #5577
[   10.276451] Hardware name: ZynqMP ZCU102 Rev1.0 (DT)
[   10.276461] Workqueue: kblockd blk_mq_run_work_fn
[   10.276468] pstate: 80000085 (Nzcv daIf -PAN -UAO -TCO BTYPE=--)
[   10.276474] pc : clk_core_enable+0xa4/0xc0
[   10.276479] lr : clk_core_enable+0xa4/0xc0
[   10.276482] sp : ffffffc012b6b2d0
[   10.276485] x29: ffffffc012b6b2d0 x28: ffffff8800330c10 
[   10.276492] x27: ffffff8800330d48 x26: 0000005000000101 
[   10.276498] x25: 000000025e93f5ac x24: 0000000000000001 
[   10.276505] x23: ffffff8801120580 x22: ffffff8801083220 
[   10.276511] x21: ffffff88014c7000 x20: ffffff88014c7008 
[   10.276518] x19: ffffff88014c7008 x18: 0000000000000030 
[   10.276524] x17: 0000000000000001 x16: 0000b55290d4efde 
[   10.276531] x15: ffffffffffff86f0 x14: ffffffc011d3b1a0 
[   10.276537] x13: ffffffc011d3b1c8 x12: 00000000000005e8 
[   10.276544] x11: 00000000000001f8 x10: ffffffc011d671c8 
[   10.276551] x9 : 00000000fffff800 x8 : ffffffc011d3b1c8 
[   10.276557] x7 : ffffffc011d671c8 x6 : 0000000000000001 
[   10.276564] x5 : ffffff887f77c9e0 x4 : 0000000000000000 
[   10.276570] x3 : 0000000000000027 x2 : 0000000000000023 
[   10.276576] x1 : 281627dbec8a4600 x0 : 0000000000000000 
[   10.276583] Call trace:
[   10.276589]  clk_core_enable+0xa4/0xc0
[   10.276594]  clk_enable+0x2c/0x60
[   10.276601]  zynqmp_runtime_resume+0x24/0x84
[   10.276608]  pm_generic_runtime_resume+0x30/0x50
[   10.276614]  __genpd_runtime_resume+0x30/0xb0
[   10.276620]  genpd_runtime_resume+0x90/0x250
[   10.276625]  __rpm_callback+0x10c/0x1e0
[   10.276631]  rpm_callback+0x5c/0x84
[   10.276636]  rpm_resume+0x4a4/0x74c
[   10.276641]  __pm_runtime_resume+0x78/0xc4
[   10.276645]  spi_mem_access_start.isra.0+0x30/0x80
[   10.276649]  spi_mem_exec_op+0x3b0/0x424
[   10.276654]  spi_nor_read_sr+0x78/0xe0
[   10.276659]  spi_nor_wait_till_ready_with_timeout+0xb4/0x2f0
[   10.276664]  spi_nor_read+0x188/0x380
[   10.276669]  mtd_read_oob_std+0x78/0x84
[   10.276673]  mtd_read_oob+0x7c/0x134
[   10.276678]  mtd_read+0x48/0x7c
[   10.276683]  mtdblock_readsect+0x6c/0x150
[   10.276688]  mtd_queue_rq+0x2cc/0x5a0
[   10.276694]  blk_mq_dispatch_rq_list+0x110/0x790
[   10.276701]  __blk_mq_do_dispatch_sched+0x200/0x274
[   10.276707]  __blk_mq_sched_dispatch_requests+0x1a8/0x1fc
[   10.276712]  blk_mq_sched_dispatch_requests+0x3c/0x7c
[   10.276717]  __blk_mq_run_hw_queue+0x98/0x100
[   10.276722]  blk_mq_run_work_fn+0x24/0x30
[   10.276727]  process_one_work+0x1d4/0x380
[   10.276731]  worker_thread+0x78/0x4e0
[   10.276737]  kthread+0x124/0x130
[   10.276742]  ret_from_fork+0x10/0x3c
[   10.276746] ---[ end trace ceb2c8983ab6e24a ]---
[   10.276754] zynqmp-qspi ff0f0000.spi: Cannot enable APB clock.
[   10.276803] spi_master spi0: Failed to power device: -108
[   10.276812] blk_update_request: I/O error, dev mtdblock0, sector 8 op 0x0:(READ) flags 0x80700 phys_seg 1 prio class 0
[   10.276887] spi_master spi0: Failed to power device: -22
[   10.276894] blk_update_request: I/O error, dev mtdblock0, sector 8 op 0x0:(READ) flags 0x0 phys_seg 8 prio class 0
[   10.276900] Buffer I/O error on dev mtdblock0, logical block 8, async page read
[   10.276909] spi_master spi0: Failed to power device: -22
[   10.276914] blk_update_request: I/O error, dev mtdblock0, sector 9 op 0x0:(READ) flags 0x0 phys_seg 7 prio class 0
[   10.276918] Buffer I/O error on dev mtdblock0, logical block 9, async page read
[   10.276926] spi_master spi0: Failed to power device: -22
[   10.276931] blk_update_request: I/O error, dev mtdblock0, sector 10 op 0x0:(READ) flags 0x0 phys_seg 6 prio class 0
[   10.276935] Buffer I/O error on dev mtdblock0, logical block 10, async page read
[   10.276942] spi_master spi0: Failed to power device: -22
[   10.276948] blk_update_request: I/O error, dev mtdblock0, sector 11 op 0x0:(READ) flags 0x0 phys_seg 5 prio class 0
[   10.276952] Buffer I/O error on dev mtdblock0, logical block 11, async page read
[   10.276958] spi_master spi0: Failed to power device: -22
[   10.276964] blk_update_request: I/O error, dev mtdblock0, sector 12 op 0x0:(READ) flags 0x0 phys_seg 4 prio class 0
[   10.276968] Buffer I/O error on dev mtdblock0, logical block 12, async page read
[   10.276974] spi_master spi0: Failed to power device: -22
[   10.276980] blk_update_request: I/O error, dev mtdblock0, sector 13 op 0x0:(READ) flags 0x0 phys_seg 3 prio class 0
[   10.276984] Buffer I/O error on dev mtdblock0, logical block 13, async page read
[   10.276990] spi_master spi0: Failed to power device: -22
[   10.276996] blk_update_request: I/O error, dev mtdblock0, sector 14 op 0x0:(READ) flags 0x0 phys_seg 2 prio class 0
[   10.277000] Buffer I/O error on dev mtdblock0, logical block 14, async page read
[   10.277006] spi_master spi0: Failed to power device: -22
[   10.277012] blk_update_request: I/O error, dev mtdblock0, sector 15 op 0x0:(READ) flags 0x0 phys_seg 1 prio class 0
[   10.277015] Buffer I/O error on dev mtdblock0, logical block 15, async page read
[   10.277339] spi_master spi0: Failed to power device: -22
[   10.277346] blk_update_request: I/O error, dev mtdblock1, sector 10112 op 0x0:(READ) flags 0x80700 phys_seg 1 prio class 0
[   10.277391] spi_master spi0: Failed to power device: -22
[   10.277396] Buffer I/O error on dev mtdblock1, logical block 10112, async page read
[   10.277404] spi_master spi0: Failed to power device: -22
[   10.277409] Buffer I/O error on dev mtdblock1, logical block 10113, async page read
[   10.277416] spi_master spi0: Failed to power device: -22
[   10.277424] spi_master spi0: Failed to power device: -22
[   10.277431] spi_master spi0: Failed to power device: -22
[   10.277438] spi_master spi0: Failed to power device: -22
[   10.277446] spi_master spi0: Failed to power device: -22
[   10.277453] spi_master spi0: Failed to power device: -22
[   10.277679] spi_master spi0: Failed to power device: -22
[   10.277724] spi_master spi0: Failed to power device: -22
[   10.277733] spi_master spi0: Failed to power device: -22
[   10.277740] spi_master spi0: Failed to power device: -22
[   10.277748] spi_master spi0: Failed to power device: -22
[   10.277755] spi_master spi0: Failed to power device: -22
[   10.277763] spi_master spi0: Failed to power device: -22
[   10.277770] spi_master spi0: Failed to power device: -22
[   10.277777] spi_master spi0: Failed to power device: -22
[   10.278046] spi_master spi0: Failed to power device: -22
[   10.278090] spi_master spi0: Failed to power device: -22
[   10.278100] spi_master spi0: Failed to power device: -22
[   10.278107] spi_master spi0: Failed to power device: -22
[   10.278115] spi_master spi0: Failed to power device: -22
[   10.278123] spi_master spi0: Failed to power device: -22
[   10.278130] spi_master spi0: Failed to power device: -22
[   10.278137] spi_master spi0: Failed to power device: -22
[   10.278144] spi_master spi0: Failed to power device: -22
[   10.401787] EXT4-fs (mmcblk0p2): re-mounted. Opts: (null)
[   10.600495] systemd-journald[152]: Received request to flush runtime journal from PID 1
[   16.409249] macb ff0e0000.ethernet eth0: PHY [ff0e0000.ethernet-ffffffff:0c] driver [TI DP83867] (irq=POLL)
[   16.409262] macb ff0e0000.ethernet eth0: configuring for phy/rgmii-id link mode
[   16.703743] Adding 102396k swap on /var/swap.  Priority:-2 extents:4 across:9953604k SS
[   18.499726] random: crng init done
[   18.499738] random: 7 urandom warning(s) missed due to ratelimiting
[   19.281761] broken atomic modeset userspace detected, disabling atomic
[   19.489324] macb ff0e0000.ethernet eth0: Link is Up - 1Gbps/Full - flow control off
[   19.489348] IPv6: ADDRCONF(NETDEV_CHANGE): eth0: link becomes ready
[   21.946551] broken atomic modeset userspace detected, disabling atomic
[   24.813121] broken atomic modeset userspace detected, disabling atomic
[   27.457278] broken atomic modeset userspace detected, disabling atomic