[    0.000000] Booting Linux on physical CPU 0x0000000000 [0x410fd034]
[    0.000000] Linux version 5.10.0-98103-g2aa7ac113716 (jenkins@romlxbuild1.adlk.analog.com) (aarch64-xilinx-linux-gcc.real (GCC) 10.2.0, GNU ld (GNU Binutils) 2.35.0.20200730) #5577 SMP Wed Mar 23 07:28:49 GMT 2022
[    0.000000] Machine model: ZynqMP ZCU102 Rev1.0
[    0.000000] earlycon: cdns0 at MMIO 0x00000000ff000000 (options '115200n8')
[    0.000000] printk: bootconsole [cdns0] enabled
[    0.000000] efi: UEFI not found.
[    0.000000] cma: Reserved 256 MiB at 0x0000000070000000
[    0.000000] Zone ranges:
[    0.000000]   DMA      [mem 0x0000000000000000-0x000000003fffffff]
[    0.000000]   DMA32    [mem 0x0000000040000000-0x00000000ffffffff]
[    0.000000]   Normal   [mem 0x0000000100000000-0x000000087fffffff]
[    0.000000] Movable zone start for each node
[    0.000000] Early memory node ranges
[    0.000000]   node   0: [mem 0x0000000000000000-0x000000007fffffff]
[    0.000000]   node   0: [mem 0x0000000800000000-0x000000087fffffff]
[    0.000000] Initmem setup node 0 [mem 0x0000000000000000-0x000000087fffffff]
[    0.000000] On node 0 totalpages: 1048576
[    0.000000]   DMA zone: 3584 pages used for memmap
[    0.000000]   DMA zone: 0 pages reserved
[    0.000000]   DMA zone: 262144 pages, LIFO batch:63
[    0.000000]   DMA32 zone: 3584 pages used for memmap
[    0.000000]   DMA32 zone: 262144 pages, LIFO batch:63
[    0.000000]   Normal zone: 7168 pages used for memmap
[    0.000000]   Normal zone: 524288 pages, LIFO batch:63
[    0.000000] psci: probing for conduit method from DT.
[    0.000000] psci: PSCIv1.1 detected in firmware.
[    0.000000] psci: Using standard PSCI v0.2 function IDs
[    0.000000] psci: MIGRATE_INFO_TYPE not supported.
[    0.000000] psci: SMC Calling Convention v1.2
[    0.000000] percpu: Embedded 22 pages/cpu s49496 r8192 d32424 u90112
[    0.000000] pcpu-alloc: s49496 r8192 d32424 u90112 alloc=22*4096
[    0.000000] pcpu-alloc: [0] 0 [0] 1 [0] 2 [0] 3 
[    0.000000] Detected VIPT I-cache on CPU0
[    0.000000] CPU features: detected: ARM erratum 845719
[    0.000000] Built 1 zonelists, mobility grouping on.  Total pages: 1034240
[    0.000000] Kernel command line: console=ttyPS0,115200 root=/dev/mmcblk0p2 rw earlycon rootfstype=ext4 rootwait clk_ignore_unused cpuidle.off=1 root=/dev/mmcblk0p2 rw rootwait
[    0.000000] Dentry cache hash table entries: 524288 (order: 10, 4194304 bytes, linear)
[    0.000000] Inode-cache hash table entries: 262144 (order: 9, 2097152 bytes, linear)
[    0.000000] mem auto-init: stack:off, heap alloc:off, heap free:off
[    0.000000] software IO TLB: mapped [mem 0x000000003bfff000-0x000000003ffff000] (64MB)
[    0.000000] Memory: 3761904K/4194304K available (15296K kernel code, 1636K rwdata, 11876K rodata, 2560K init, 507K bss, 170256K reserved, 262144K cma-reserved)
[    0.000000] rcu: Hierarchical RCU implementation.
[    0.000000] rcu: 	RCU event tracing is enabled.
[    0.000000] rcu: 	RCU restricting CPUs from NR_CPUS=8 to nr_cpu_ids=4.
[    0.000000] rcu: RCU calculated value of scheduler-enlistment delay is 25 jiffies.
[    0.000000] rcu: Adjusting geometry for rcu_fanout_leaf=16, nr_cpu_ids=4
[    0.000000] NR_IRQS: 64, nr_irqs: 64, preallocated irqs: 0
[    0.000000] GIC: Adjusting CPU interface base to 0x00000000f902f000
[    0.000000] GIC: Using split EOI/Deactivate mode
[    0.000000] random: get_random_bytes called from start_kernel+0x31c/0x54c with crng_init=0
[    0.000000] arch_timer: cp15 timer(s) running at 100.00MHz (phys).
[    0.000000] clocksource: arch_sys_counter: mask: 0xffffffffffffff max_cycles: 0x171024e7e0, max_idle_ns: 440795205315 ns
[    0.000003] sched_clock: 56 bits at 100MHz, resolution 10ns, wraps every 4398046511100ns
[    0.008463] Console: colour dummy device 80x25
[    0.012483] Calibrating delay loop (skipped), value calculated using timer frequency.. 200.00 BogoMIPS (lpj=400000)
[    0.022841] pid_max: default: 32768 minimum: 301
[    0.027548] Mount-cache hash table entries: 8192 (order: 4, 65536 bytes, linear)
[    0.034789] Mountpoint-cache hash table entries: 8192 (order: 4, 65536 bytes, linear)
[    0.043400] rcu: Hierarchical SRCU implementation.
[    0.047560] EFI services will not be available.
[    0.051939] smp: Bringing up secondary CPUs ...
[    0.056656] Detected VIPT I-cache on CPU1
[    0.056694] CPU1: Booted secondary processor 0x0000000001 [0x410fd034]
[    0.057058] Detected VIPT I-cache on CPU2
[    0.057082] CPU2: Booted secondary processor 0x0000000002 [0x410fd034]
[    0.057422] Detected VIPT I-cache on CPU3
[    0.057445] CPU3: Booted secondary processor 0x0000000003 [0x410fd034]
[    0.057491] smp: Brought up 1 node, 4 CPUs
[    0.091780] SMP: Total of 4 processors activated.
[    0.096452] CPU features: detected: 32-bit EL0 Support
[    0.101556] CPU features: detected: CRC32 instructions
[    0.106695] CPU: All CPU(s) started at EL2
[    0.110736] alternatives: patching kernel code
[    0.116169] devtmpfs: initialized
[    0.124069] Registered cp15_barrier emulation handler
[    0.124120] Registered setend emulation handler
[    0.128101] clocksource: jiffies: mask: 0xffffffff max_cycles: 0xffffffff, max_idle_ns: 7645041785100000 ns
[    0.137680] futex hash table entries: 1024 (order: 4, 65536 bytes, linear)
[    0.151043] pinctrl core: initialized pinctrl subsystem
[    0.151687] NET: Registered protocol family 16
[    0.156110] DMA: preallocated 512 KiB GFP_KERNEL pool for atomic allocations
[    0.162125] DMA: preallocated 512 KiB GFP_KERNEL|GFP_DMA pool for atomic allocations
[    0.169853] DMA: preallocated 512 KiB GFP_KERNEL|GFP_DMA32 pool for atomic allocations
[    0.177653] audit: initializing netlink subsys (disabled)
[    0.183103] audit: type=2000 audit(0.116:1): state=initialized audit_enabled=0 res=1
[    0.183448] hw-breakpoint: found 6 breakpoint and 4 watchpoint registers.
[    0.197480] ASID allocator initialised with 65536 entries
[    0.224338] HugeTLB registered 1.00 GiB page size, pre-allocated 0 pages
[    0.225395] HugeTLB registered 32.0 MiB page size, pre-allocated 0 pages
[    0.232065] HugeTLB registered 2.00 MiB page size, pre-allocated 0 pages
[    0.238725] HugeTLB registered 64.0 KiB page size, pre-allocated 0 pages
[    1.304306] DRBG: Continuing without Jitter RNG
[    1.382127] raid6: neonx8   gen()  2143 MB/s
[    1.450176] raid6: neonx8   xor()  1599 MB/s
[    1.518234] raid6: neonx4   gen()  2197 MB/s
[    1.586282] raid6: neonx4   xor()  1565 MB/s
[    1.654348] raid6: neonx2   gen()  2075 MB/s
[    1.722394] raid6: neonx2   xor()  1439 MB/s
[    1.790459] raid6: neonx1   gen()  1772 MB/s
[    1.858507] raid6: neonx1   xor()  1220 MB/s
[    1.926563] raid6: int64x8  gen()  1438 MB/s
[    1.994621] raid6: int64x8  xor()   771 MB/s
[    2.062686] raid6: int64x4  gen()  1599 MB/s
[    2.130737] raid6: int64x4  xor()   817 MB/s
[    2.198810] raid6: int64x2  gen()  1397 MB/s
[    2.266857] raid6: int64x2  xor()   750 MB/s
[    2.334935] raid6: int64x1  gen()  1034 MB/s
[    2.402996] raid6: int64x1  xor()   517 MB/s
[    2.403034] raid6: using algorithm neonx4 gen() 2197 MB/s
[    2.406987] raid6: .... xor() 1565 MB/s, rmw enabled
[    2.411917] raid6: using neon recovery algorithm
[    2.416932] iommu: Default domain type: Translated 
[    2.421544] SCSI subsystem initialized
[    2.425086] libata version 3.00 loaded.
[    2.425209] usbcore: registered new interface driver usbfs
[    2.430544] usbcore: registered new interface driver hub
[    2.435816] usbcore: registered new device driver usb
[    2.440952] mc: Linux media interface: v0.10
[    2.445064] videodev: Linux video capture interface: v2.00
[    2.450557] EDAC MC: Ver: 3.0.0
[    2.453999] zynqmp-ipi-mbox mailbox@ff990400: Registered ZynqMP IPI mbox with TX/RX channels.
[    2.462501] jesd204: created con: id=0, topo=0, link=0, /axi/spi@ff050000/hmc7044@0 <-> /fpga-axi@0/axi-adxcvr-tx@84b60000
[    2.473086] jesd204: created con: id=1, topo=0, link=2, /axi/spi@ff050000/hmc7044@0 <-> /fpga-axi@0/axi-adxcvr-rx@84a60000
[    2.484070] jesd204: created con: id=2, topo=0, link=0, /fpga-axi@0/axi-adxcvr-tx@84b60000 <-> /fpga-axi@0/axi-jesd204-tx@84b90000
[    2.495746] jesd204: created con: id=3, topo=0, link=2, /fpga-axi@0/axi-adxcvr-rx@84a60000 <-> /fpga-axi@0/axi-jesd204-rx@84a90000
[    2.507423] jesd204: created con: id=4, topo=0, link=0, /fpga-axi@0/axi-jesd204-tx@84b90000 <-> /fpga-axi@0/axi-ad9081-tx-hpc@84b10000
[    2.519451] jesd204: created con: id=5, topo=0, link=2, /fpga-axi@0/axi-jesd204-rx@84a90000 <-> /fpga-axi@0/axi-ad9081-rx-hpc@84a10000
[    2.531473] jesd204: created con: id=6, topo=0, link=2, /fpga-axi@0/axi-ad9081-rx-hpc@84a10000 <-> /axi/spi@ff040000/ad9081@0
[    2.542715] jesd204: created con: id=7, topo=0, link=0, /fpga-axi@0/axi-ad9081-tx-hpc@84b10000 <-> /axi/spi@ff040000/ad9081@0
[    2.553964] jesd204: /axi/spi@ff040000/ad9081@0: JESD204[2] transition uninitialized -> initialized
[    2.562951] jesd204: /axi/spi@ff040000/ad9081@0: JESD204[0] transition uninitialized -> initialized
[    2.571943] jesd204: found 8 devices and 1 topologies
[    2.576986] FPGA manager framework
[    2.580464] Advanced Linux Sound Architecture Driver Initialized.
[    2.586758] Bluetooth: Core ver 2.22
[    2.589946] NET: Registered protocol family 31
[    2.594347] Bluetooth: HCI device and connection manager initialized
[    2.600664] Bluetooth: HCI socket layer initialized
[    2.605506] Bluetooth: L2CAP socket layer initialized
[    2.610530] Bluetooth: SCO socket layer initialized
[    2.615716] clocksource: Switched to clocksource arch_sys_counter
[    2.621522] VFS: Disk quotas dquot_6.6.0
[    2.625356] VFS: Dquot-cache hash table entries: 512 (order 0, 4096 bytes)
[    2.636074] NET: Registered protocol family 2
[    2.636804] tcp_listen_portaddr_hash hash table entries: 2048 (order: 3, 32768 bytes, linear)
[    2.644996] TCP established hash table entries: 32768 (order: 6, 262144 bytes, linear)
[    2.653022] TCP bind hash table entries: 32768 (order: 7, 524288 bytes, linear)
[    2.660467] TCP: Hash tables configured (established 32768 bind 32768)
[    2.666640] UDP hash table entries: 2048 (order: 4, 65536 bytes, linear)
[    2.673307] UDP-Lite hash table entries: 2048 (order: 4, 65536 bytes, linear)
[    2.680467] NET: Registered protocol family 1
[    2.684924] RPC: Registered named UNIX socket transport module.
[    2.690545] RPC: Registered udp transport module.
[    2.695209] RPC: Registered tcp transport module.
[    2.699878] RPC: Registered tcp NFSv4.1 backchannel transport module.
[    2.706870] PCI: CLS 0 bytes, default 64
[    2.710577] hw perfevents: no interrupt-affinity property for /pmu, guessing.
[    2.717429] hw perfevents: enabled with armv8_pmuv3 PMU driver, 7 counters available
[    2.725782] Initialise system trusted keyrings
[    2.729458] workingset: timestamp_bits=62 max_order=20 bucket_order=0
[    2.736359] NFS: Registering the id_resolver key type
[    2.740807] Key type id_resolver registered
[    2.744946] Key type id_legacy registered
[    2.748936] nfs4filelayout_init: NFSv4 File Layout Driver Registering...
[    2.755602] jffs2: version 2.2. (NAND) (SUMMARY)  Â© 2001-2006 Red Hat, Inc.
[    2.799254] NET: Registered protocol family 38
[    2.799297] xor: measuring software checksum speed
[    2.806989]    8regs           :  2363 MB/sec
[    2.810657]    32regs          :  2799 MB/sec
[    2.815600]    arm64_neon      :  2380 MB/sec
[    2.815794] xor: using function: 32regs (2799 MB/sec)
[    2.820817] Key type asymmetric registered
[    2.824877] Asymmetric key parser 'x509' registered
[    2.829738] Block layer SCSI generic (bsg) driver version 0.4 loaded (major 248)
[    2.837075] io scheduler mq-deadline registered
[    2.841572] io scheduler kyber registered
[    2.870979] Serial: 8250/16550 driver, 4 ports, IRQ sharing disabled
[    2.875620] cacheinfo: Unable to detect cache hierarchy for CPU 0
[    2.881971] brd: module loaded
[    2.886114] loop: module loaded
[    2.886663] Registered mathworks_ip class
[    2.889990] libphy: Fixed MDIO Bus: probed
[    2.892981] tun: Universal TUN/TAP device driver, 1.6
[    2.897027] CAN device driver interface
[    2.901563] usbcore: registered new interface driver asix
[    2.906161] usbcore: registered new interface driver ax88179_178a
[    2.912195] usbcore: registered new interface driver cdc_ether
[    2.917987] usbcore: registered new interface driver net1080
[    2.923613] usbcore: registered new interface driver cdc_subset
[    2.929494] usbcore: registered new interface driver zaurus
[    2.935037] usbcore: registered new interface driver cdc_ncm
[    2.941441] ehci_hcd: USB 2.0 'Enhanced' Host Controller (EHCI) Driver
[    2.947122] ehci-pci: EHCI PCI platform driver
[    2.951927] usbcore: registered new interface driver uas
[    2.956840] usbcore: registered new interface driver usb-storage
[    2.962828] usbcore: registered new interface driver usbserial_generic
[    2.969277] usbserial: USB Serial support registered for generic
[    2.975250] usbcore: registered new interface driver ftdi_sio
[    2.980953] usbserial: USB Serial support registered for FTDI USB Serial Device
[    2.988230] usbcore: registered new interface driver upd78f0730
[    2.994101] usbserial: USB Serial support registered for upd78f0730
[    3.001750] rtc_zynqmp ffa60000.rtc: registered as rtc0
[    3.005526] rtc_zynqmp ffa60000.rtc: setting system clock to 2022-04-12T22:02:17 UTC (1649800937)
[    3.014389] i2c /dev entries driver
[    3.019709] usbcore: registered new interface driver uvcvideo
[    3.023494] USB Video Class driver (1.1.1)
[    3.029078] Bluetooth: HCI UART driver ver 2.3
[    3.031984] Bluetooth: HCI UART protocol H4 registered
[    3.037082] Bluetooth: HCI UART protocol BCSP registered
[    3.042370] Bluetooth: HCI UART protocol LL registered
[    3.047461] Bluetooth: HCI UART protocol ATH3K registered
[    3.052835] Bluetooth: HCI UART protocol Three-wire (H5) registered
[    3.059088] Bluetooth: HCI UART protocol Intel registered
[    3.064426] Bluetooth: HCI UART protocol QCA registered
[    3.069630] usbcore: registered new interface driver bcm203x
[    3.075248] usbcore: registered new interface driver bpa10x
[    3.080783] usbcore: registered new interface driver bfusb
[    3.086237] usbcore: registered new interface driver btusb
[    3.091696] usbcore: registered new interface driver ath3k
[    3.097179] EDAC MC: ECC not enabled
[    3.100808] EDAC DEVICE0: Giving out device to module zynqmp-ocm-edac controller zynqmp_ocm: DEV ff960000.memory-controller (INTERRUPT)
[    3.113120] sdhci: Secure Digital Host Controller Interface driver
[    3.118910] sdhci: Copyright(c) Pierre Ossman
[    3.123233] sdhci-pltfm: SDHCI platform and OF driver helper
[    3.129283] ledtrig-cpu: registered to indicate activity on CPUs
[    3.134839] SMCCC: SOC_ID: ARCH_SOC_ID not implemented, skipping ....
[    3.141270] zynqmp_firmware_probe Platform Management API v1.1
[    3.147025] zynqmp_firmware_probe Trustzone version v1.0
[    3.186565] zynqmp-pinctrl firmware:zynqmp-firmware:pinctrl: zynqmp pinctrl initialized
[    3.234565] zynqmp-aes firmware:zynqmp-firmware:zynqmp-aes: will run requests pump with realtime priority
[    3.250387] alg: No test for xilinx-keccak-384 (zynqmp-keccak-384)
[    3.251097] alg: No test for xilinx-zynqmp-rsa (zynqmp-rsa)
[    3.256611] usbcore: registered new interface driver usbhid
[    3.262000] usbhid: USB HID core driver
[    3.273256] axi_sysid 85000000.axi-sysid-0: AXI System ID core version (1.01.a) found
[    3.275607] axi_sysid 85000000.axi-sysid-0: [ad9081_fmca_ebz] on [zcu102] git branch <master> git <084d44c9780640ca93fd847b1d9ec70dd65f5c67> clean [2022-03-18 04:17:50] UTC
[    3.291294] fpga_manager fpga0: Xilinx ZynqMP FPGA Manager registered
[    3.297650] usbcore: registered new interface driver snd-usb-audio
[    3.305104] pktgen: Packet Generator for packet performance testing. Version: 2.75
[    3.311283] Initializing XFRM netlink socket
[    3.315138] NET: Registered protocol family 10
[    3.319861] Segment Routing with IPv6
[    3.323226] sit: IPv6, IPv4 and MPLS over IPv4 tunneling driver
[    3.329306] NET: Registered protocol family 17
[    3.333411] NET: Registered protocol family 15
[    3.337906] can: controller area network core
[    3.342161] NET: Registered protocol family 29
[    3.346548] can: raw protocol
[    3.349484] can: broadcast manager protocol
[    3.353640] can: netlink gateway - max_hops=1
[    3.358032] Bluetooth: RFCOMM TTY layer initialized
[    3.362813] Bluetooth: RFCOMM socket layer initialized
[    3.367919] Bluetooth: RFCOMM ver 1.11
[    3.371627] Bluetooth: BNEP (Ethernet Emulation) ver 1.3
[    3.376903] Bluetooth: BNEP filters: protocol multicast
[    3.382097] Bluetooth: BNEP socket layer initialized
[    3.387024] Bluetooth: HIDP (Human Interface Emulation) ver 1.2
[    3.392908] Bluetooth: HIDP socket layer initialized
[    3.397961] 9pnet: Installing 9P2000 support
[    3.402085] NET: Registered protocol family 36
[    3.406502] Key type dns_resolver registered
[    3.410931] registered taskstats version 1
[    3.414797] Loading compiled-in X.509 certificates
[    3.419921] Btrfs loaded, crc32c=crc32c-generic
[    3.432320] ff000000.serial: ttyPS0 at MMIO 0xff000000 (irq = 49, base_baud = 6249999) is a xuartps
[    3.441341] printk: console [ttyPS0] enabled
[    3.445642] printk: bootconsole [cdns0] disabled
[    3.455269] ff010000.serial: ttyPS1 at MMIO 0xff010000 (irq = 50, base_baud = 6249999) is a xuartps
[    3.468505] of-fpga-region fpga-full: FPGA Region probed
[    3.475462] nwl-pcie fd0e0000.pcie: host bridge /axi/pcie@fd0e0000 ranges:
[    3.482357] nwl-pcie fd0e0000.pcie:      MEM 0x00e0000000..0x00efffffff -> 0x00e0000000
[    3.490358] nwl-pcie fd0e0000.pcie:      MEM 0x0600000000..0x07ffffffff -> 0x0600000000
[    3.498420] nwl-pcie fd0e0000.pcie: Link is DOWN
[    3.503176] nwl-pcie fd0e0000.pcie: PCI host bridge to bus 0000:00
[    3.509356] pci_bus 0000:00: root bus resource [bus 00-ff]
[    3.514837] pci_bus 0000:00: root bus resource [mem 0xe0000000-0xefffffff]
[    3.521703] pci_bus 0000:00: root bus resource [mem 0x600000000-0x7ffffffff pref]
[    3.529206] pci 0000:00:00.0: [10ee:d021] type 01 class 0x060400
[    3.535267] pci 0000:00:00.0: PME# supported from D0 D1 D2 D3hot
[    3.545707] pci 0000:00:00.0: PCI bridge to [bus 01-0c]
[    3.551686] xilinx-zynqmp-dma fd500000.dma: ZynqMP DMA driver Probe success
[    3.558863] xilinx-zynqmp-dma fd510000.dma: ZynqMP DMA driver Probe success
[    3.566032] xilinx-zynqmp-dma fd520000.dma: ZynqMP DMA driver Probe success
[    3.573204] xilinx-zynqmp-dma fd530000.dma: ZynqMP DMA driver Probe success
[    3.580375] xilinx-zynqmp-dma fd540000.dma: ZynqMP DMA driver Probe success
[    3.587545] xilinx-zynqmp-dma fd550000.dma: ZynqMP DMA driver Probe success
[    3.594715] xilinx-zynqmp-dma fd560000.dma: ZynqMP DMA driver Probe success
[    3.601882] xilinx-zynqmp-dma fd570000.dma: ZynqMP DMA driver Probe success
[    3.609283] xilinx-zynqmp-dpdma fd4c0000.dma-controller: Xilinx DPDMA engine is probed
[    3.617831] ahci-ceva fd0c0000.ahci: supply ahci not found, using dummy regulator
[    3.625371] ahci-ceva fd0c0000.ahci: supply phy not found, using dummy regulator
[    3.715886] hmc7044 spi2.0: PLL1: Acquisition, CLKIN0 @ 122880000 Hz, PFD: 80 kHz - PLL2: Locked @ 3192.000000 MHz
[    3.726603] jesd204: /axi/spi@ff050000/hmc7044@0,jesd204:1,parent=spi2.0: Using as SYSREF provider
[    3.736183] spi-nor spi0.0: SPI-NOR-UniqueID 100000235394732200270025081115266e
[    3.743490] spi-nor spi0.0: found n25q512a, expected m25p80
[    3.749697] spi-nor spi0.0: trying to lock already unlocked area
[    3.755700] spi-nor spi0.0: n25q512a (131072 Kbytes)
[    3.760685] 4 fixed-partitions partitions found on MTD device spi0.0
[    3.767032] Creating 4 MTD partitions on "spi0.0":
[    3.771819] 0x000000000000-0x000000100000 : "qspi-fsbl-uboot"
[    3.778304] 0x000000100000-0x000000600000 : "qspi-linux"
[    3.784266] 0x000000600000-0x000000620000 : "qspi-device-tree"
[    3.790743] 0x000000620000-0x000000c00000 : "qspi-rootfs"
[    3.799219] macb ff0e0000.ethernet: Not enabling partial store and forward
[    3.806738] libphy: MACB_mii_bus: probed
[    3.811783] macb ff0e0000.ethernet eth0: Cadence GEM rev 0x50070106 at 0xff0e0000 irq 30 (00:0a:35:04:8e:1b)
[    3.821994] xilinx-axipmon ffa00000.perf-monitor: Probed Xilinx APM
[    3.828569] xilinx-axipmon fd0b0000.perf-monitor: Probed Xilinx APM
[    3.835089] xilinx-axipmon fd490000.perf-monitor: Probed Xilinx APM
[    3.841635] xilinx-axipmon ffa10000.perf-monitor: Probed Xilinx APM
[    3.851638] pca953x 0-0020: supply vcc not found, using dummy regulator
[    3.858326] pca953x 0-0020: using no AI
[    3.862815] gpio-496 (sel0): hogged as output/low
[    3.867727] gpio-497 (sel1): hogged as output/high
[    3.872713] gpio-498 (sel2): hogged as output/high
[    3.877697] gpio-499 (sel3): hogged as output/high
[    3.882867] pca953x 0-0021: supply vcc not found, using dummy regulator
[    3.889536] pca953x 0-0021: using no AI
[    3.895283] ina2xx 2-0040: power monitor ina226 (Rshunt = 5000 uOhm)
[    3.902314] ina2xx 2-0041: power monitor ina226 (Rshunt = 5000 uOhm)
[    3.909349] ina2xx 2-0042: power monitor ina226 (Rshunt = 5000 uOhm)
[    3.916384] ina2xx 2-0043: power monitor ina226 (Rshunt = 5000 uOhm)
[    3.923414] ina2xx 2-0044: power monitor ina226 (Rshunt = 5000 uOhm)
[    3.930434] ina2xx 2-0045: power monitor ina226 (Rshunt = 5000 uOhm)
[    3.937463] ina2xx 2-0046: power monitor ina226 (Rshunt = 5000 uOhm)
[    3.944538] ina2xx 2-0047: power monitor ina226 (Rshunt = 5000 uOhm)
[    3.951566] ina2xx 2-004a: power monitor ina226 (Rshunt = 5000 uOhm)
[    3.958606] ina2xx 2-004b: power monitor ina226 (Rshunt = 5000 uOhm)
[    3.965016] i2c i2c-0: Added multiplexed i2c bus 2
[    3.970401] random: fast init done
[    3.973875] ina2xx 3-0040: power monitor ina226 (Rshunt = 2000 uOhm)
[    3.980901] ina2xx 3-0041: power monitor ina226 (Rshunt = 5000 uOhm)
[    3.987928] ina2xx 3-0042: power monitor ina226 (Rshunt = 5000 uOhm)
[    3.994961] ina2xx 3-0043: power monitor ina226 (Rshunt = 5000 uOhm)
[    4.001984] ina2xx 3-0044: power monitor ina226 (Rshunt = 5000 uOhm)
[    4.009012] ina2xx 3-0045: power monitor ina226 (Rshunt = 5000 uOhm)
[    4.016044] ina2xx 3-0046: power monitor ina226 (Rshunt = 5000 uOhm)
[    4.023073] ina2xx 3-0047: power monitor ina226 (Rshunt = 5000 uOhm)
[    4.029475] i2c i2c-0: Added multiplexed i2c bus 3
[    4.085719] i2c i2c-0: Added multiplexed i2c bus 4
[    4.090657] i2c i2c-0: Added multiplexed i2c bus 5
[    4.095447] pca954x 0-0075: registered 4 multiplexed busses for I2C mux pca9544
[    4.102798] cdns-i2c ff020000.i2c: 400 kHz mmio ff020000 irq 32
[    4.110528] at24 6-0054: supply vcc not found, using dummy regulator
[    4.117425] at24 6-0054: 1024 byte 24c08 EEPROM, writable, 1 bytes/write
[    4.124177] i2c i2c-1: Added multiplexed i2c bus 6
[    4.130607] si5341 7-0036: Chip: 5341 Grade: 1 Rev: 1
[    4.168306] i2c i2c-1: Added multiplexed i2c bus 7
[    4.175964] si570 8-005d: registered, current frequency 300000000 Hz
[    4.182365] i2c i2c-1: Added multiplexed i2c bus 8
[    4.202146] si570 9-005d: registered, current frequency 148500000 Hz
[    4.208545] i2c i2c-1: Added multiplexed i2c bus 9
[    4.213583] si5324 10-0069: si5328 probed
[    4.280073] si5324 10-0069: si5328 probe successful
[    4.285000] i2c i2c-1: Added multiplexed i2c bus 10
[    4.290027] i2c i2c-1: Added multiplexed i2c bus 11
[    4.295050] i2c i2c-1: Added multiplexed i2c bus 12
[    4.300075] i2c i2c-1: Added multiplexed i2c bus 13
[    4.304947] pca954x 1-0074: registered 8 multiplexed busses for I2C switch pca9548
[    4.313058] at24 14-0050: supply vcc not found, using dummy regulator
[    4.319844] at24 14-0050: 256 byte 24c02 EEPROM, writable, 1 bytes/write
[    4.326590] i2c i2c-1: Added multiplexed i2c bus 14
[    4.331632] i2c i2c-1: Added multiplexed i2c bus 15
[    4.336663] i2c i2c-1: Added multiplexed i2c bus 16
[    4.341700] i2c i2c-1: Added multiplexed i2c bus 17
[    4.346732] i2c i2c-1: Added multiplexed i2c bus 18
[    4.351778] i2c i2c-1: Added multiplexed i2c bus 19
[    4.356819] i2c i2c-1: Added multiplexed i2c bus 20
[    4.361857] i2c i2c-1: Added multiplexed i2c bus 21
[    4.366731] pca954x 1-0075: registered 8 multiplexed busses for I2C switch pca9548
[    4.374340] cdns-i2c ff030000.i2c: 400 kHz mmio ff030000 irq 33
[    4.384078] cdns-wdt fd4d0000.watchdog: Xilinx Watchdog Timer with timeout 60s
[    4.393129] axi_adxcvr 84a60000.axi-adxcvr-rx: adxcvr_enforce_settings: Using QPLL without access, assuming desired Lane rate will be configured by a different instance
[    4.409760] axi_adxcvr 84a60000.axi-adxcvr-rx: AXI-ADXCVR-RX (17.05.a) using QPLL on GTH4 at 0x84A60000. Number of lanes: 4.
[    4.421918] axi_adxcvr 84b60000.axi-adxcvr-tx: AXI-ADXCVR-TX (17.05.a) using QPLL on GTH4 at 0x84B60000. Number of lanes: 4.
[    4.425886] mmc0: SDHCI controller on ff170000.mmc [ff170000.mmc] using ADMA 64-bit
[    4.441070] axi-jesd204-rx 84a90000.axi-jesd204-rx: AXI-JESD204-RX (1.07.a) at 0x84A90000. Encoder 8b10b, width 4/4, lanes 4, jesd204-fsm.
[    4.453905] axi-jesd204-tx 84b90000.axi-jesd204-tx: AXI-JESD204-TX (1.06.a) at 0x84B90000. Encoder 8b10b, width 4/4, lanes 4, jesd204-fsm.
[    4.467406] zynqmp-display fd4a0000.display: vtc bridge property not present
[    4.473482] mmc0: new high speed SDHC card at address 0001
[    4.477053] xilinx-dp-snd-codec fd4a0000.display:zynqmp_dp_snd_codec0: Failed to get required clock freq
[    4.480285] mmcblk0: mmc0:0001 EB1QT 29.8 GiB 
[    4.489415] xilinx-dp-snd-codec: probe of fd4a0000.display:zynqmp_dp_snd_codec0 failed with error -22
[    4.495066]  mmcblk0: p1 p2 p3
[    4.503403] xilinx-dp-snd-pcm zynqmp_dp_snd_pcm0: Xilinx DisplayPort Sound PCM probed
[    4.514263] xilinx-dp-snd-pcm zynqmp_dp_snd_pcm1: Xilinx DisplayPort Sound PCM probed
[    4.522478] OF: graph: no port node found in /axi/display@fd4a0000
[    4.528886] xlnx-drm xlnx-drm.0: bound fd4a0000.display (ops 0xffffffc010fcbdb8)
[    5.615730] zynqmp-display fd4a0000.display: [drm] Cannot find any crtc or sizes
[    5.623352] [drm] Initialized xlnx 1.0.0 20130509 for fd4a0000.display on minor 0
[    5.630845] zynqmp-display fd4a0000.display: ZynqMP DisplayPort Subsystem driver probed
[    5.639159] ahci-ceva fd0c0000.ahci: supply ahci not found, using dummy regulator
[    5.646703] ahci-ceva fd0c0000.ahci: supply phy not found, using dummy regulator
[    5.654157] ahci-ceva fd0c0000.ahci: supply target not found, using dummy regulator
[    5.661996] ahci-ceva fd0c0000.ahci: AHCI 0001.0301 32 slots 2 ports 6 Gbps 0x3 impl platform mode
[    5.670952] ahci-ceva fd0c0000.ahci: flags: 64bit ncq sntf pm clo only pmp fbs pio slum part ccc sds apst 
[    5.681642] scsi host0: ahci-ceva
[    5.685238] scsi host1: ahci-ceva
[    5.688672] ata1: SATA max UDMA/133 mmio [mem 0xfd0c0000-0xfd0c1fff] port 0x100 irq 45
[    5.696587] ata2: SATA max UDMA/133 mmio [mem 0xfd0c0000-0xfd0c1fff] port 0x180 irq 45
[    5.705187] ad9081 spi1.0: supply vdd not found, using dummy regulator
[    6.017964] ata1: SATA link down (SStatus 0 SControl 330)
[    6.023377] ata2: SATA link down (SStatus 0 SControl 330)
[    6.699733] zynqmp-display fd4a0000.display: [drm] Cannot find any crtc or sizes
[    7.507594] ad9081 spi1.0: AD9081 Rev. 2 Grade 10 (API 1.2.2) probed
[    7.514798] xhci-hcd xhci-hcd.1.auto: xHCI Host Controller
[    7.520288] xhci-hcd xhci-hcd.1.auto: new USB bus registered, assigned bus number 1
[    7.528036] xhci-hcd xhci-hcd.1.auto: hcc params 0x0238f625 hci version 0x100 quirks 0x0000000002010810
[    7.537447] xhci-hcd xhci-hcd.1.auto: irq 59, io mem 0xfe200000
[    7.543557] usb usb1: New USB device found, idVendor=1d6b, idProduct=0002, bcdDevice= 5.10
[    7.551822] usb usb1: New USB device strings: Mfr=3, Product=2, SerialNumber=1
[    7.559039] usb usb1: Product: xHCI Host Controller
[    7.563907] usb usb1: Manufacturer: Linux 5.10.0-98103-g2aa7ac113716 xhci-hcd
[    7.571033] usb usb1: SerialNumber: xhci-hcd.1.auto
[    7.576200] hub 1-0:1.0: USB hub found
[    7.579962] hub 1-0:1.0: 1 port detected
[    7.584068] xhci-hcd xhci-hcd.1.auto: xHCI Host Controller
[    7.589558] xhci-hcd xhci-hcd.1.auto: new USB bus registered, assigned bus number 2
[    7.597211] xhci-hcd xhci-hcd.1.auto: Host supports USB 3.0 SuperSpeed
[    7.603835] usb usb2: New USB device found, idVendor=1d6b, idProduct=0003, bcdDevice= 5.10
[    7.612099] usb usb2: New USB device strings: Mfr=3, Product=2, SerialNumber=1
[    7.619313] usb usb2: Product: xHCI Host Controller
[    7.624183] usb usb2: Manufacturer: Linux 5.10.0-98103-g2aa7ac113716 xhci-hcd
[    7.631308] usb usb2: SerialNumber: xhci-hcd.1.auto
[    7.636418] hub 2-0:1.0: USB hub found
[    7.640179] hub 2-0:1.0: 1 port detected
[    7.670233] cf_axi_adc 84a10000.axi-ad9081-rx-hpc: ADI AIM (10.01.b) at 0x84A10000 mapped to 0x(____ptrval____), probed ADC AD9081 as MASTER
[    7.700553] cf_axi_dds 84b10000.axi-ad9081-tx-hpc: Analog Devices CF_AXI_DDS_DDS MASTER (9.01.b) at 0x84B10000 mapped to 0x(____ptrval____), probed DDS AD9081
[    7.714756] jesd204: /axi/spi@ff040000/ad9081@0,jesd204:0,parent=spi1.0: JESD204[2] transition initialized -> probed
[    7.725278] jesd204: /axi/spi@ff040000/ad9081@0,jesd204:0,parent=spi1.0: JESD204[0] transition initialized -> probed
[    7.735801] jesd204: /axi/spi@ff040000/ad9081@0,jesd204:0,parent=spi1.0: JESD204[2] transition probed -> idle
[    7.745707] jesd204: /axi/spi@ff040000/ad9081@0,jesd204:0,parent=spi1.0: JESD204[0] transition probed -> idle
[    7.755625] jesd204: /axi/spi@ff040000/ad9081@0,jesd204:0,parent=spi1.0: JESD204[2] transition idle -> device_init
[    7.765967] jesd204: /axi/spi@ff040000/ad9081@0,jesd204:0,parent=spi1.0: JESD204[0] transition idle -> device_init
[    7.776318] jesd204: /axi/spi@ff040000/ad9081@0,jesd204:0,parent=spi1.0: JESD204[2] transition device_init -> link_init
[    7.787095] jesd204: /axi/spi@ff040000/ad9081@0,jesd204:0,parent=spi1.0: JESD204[0] transition device_init -> link_init
[    7.797885] jesd204: /axi/spi@ff040000/ad9081@0,jesd204:0,parent=spi1.0: JESD204[2] transition link_init -> link_supported
[    7.808924] jesd204: /axi/spi@ff040000/ad9081@0,jesd204:0,parent=spi1.0: JESD204[0] transition link_init -> link_supported
[    7.820340] hmc7044 spi2.0: hmc7044_jesd204_link_pre_setup: Link2 forcing continuous SYSREF mode
[    7.829459] jesd204: /axi/spi@ff040000/ad9081@0,jesd204:0,parent=spi1.0: JESD204[2] transition link_supported -> link_pre_setup
[    7.840939] jesd204: /axi/spi@ff040000/ad9081@0,jesd204:0,parent=spi1.0: JESD204[0] transition link_supported -> link_pre_setup
[    7.864727] jesd204: /axi/spi@ff040000/ad9081@0,jesd204:0,parent=spi1.0: JESD204[2] transition link_pre_setup -> clk_sync_stage1
[    7.876292] jesd204: /axi/spi@ff040000/ad9081@0,jesd204:0,parent=spi1.0: JESD204[0] transition link_pre_setup -> clk_sync_stage1
[    7.887855] jesd204: /axi/spi@ff040000/ad9081@0,jesd204:0,parent=spi1.0: JESD204[2] transition clk_sync_stage1 -> clk_sync_stage2
[    7.899500] jesd204: /axi/spi@ff040000/ad9081@0,jesd204:0,parent=spi1.0: JESD204[0] transition clk_sync_stage1 -> clk_sync_stage2
[    7.911158] jesd204: /axi/spi@ff040000/ad9081@0,jesd204:0,parent=spi1.0: JESD204[2] transition clk_sync_stage2 -> clk_sync_stage3
[    7.922806] jesd204: /axi/spi@ff040000/ad9081@0,jesd204:0,parent=spi1.0: JESD204[0] transition clk_sync_stage2 -> clk_sync_stage3
[    7.936536] jesd204: /axi/spi@ff040000/ad9081@0,jesd204:0,parent=spi1.0: JESD204[2] transition clk_sync_stage3 -> link_setup
[    7.947756] jesd204: /axi/spi@ff040000/ad9081@0,jesd204:0,parent=spi1.0: JESD204[0] transition clk_sync_stage3 -> link_setup
[    7.963744] jesd204: /axi/spi@ff040000/ad9081@0,jesd204:0,parent=spi1.0: JESD204[2] transition link_setup -> opt_setup_stage1
[    7.975044] jesd204: /axi/spi@ff040000/ad9081@0,jesd204:0,parent=spi1.0: JESD204[0] transition link_setup -> opt_setup_stage1
[    7.991444] jesd204: /axi/spi@ff040000/ad9081@0,jesd204:0,parent=spi1.0: JESD204[2] transition opt_setup_stage1 -> opt_setup_stage2
[    8.003263] jesd204: /axi/spi@ff040000/ad9081@0,jesd204:0,parent=spi1.0: JESD204[0] transition opt_setup_stage1 -> opt_setup_stage2
[    8.015235] jesd204: /axi/spi@ff040000/ad9081@0,jesd204:0,parent=spi1.0: JESD204[2] transition opt_setup_stage2 -> opt_setup_stage3
[    8.027055] jesd204: /axi/spi@ff040000/ad9081@0,jesd204:0,parent=spi1.0: JESD204[0] transition opt_setup_stage2 -> opt_setup_stage3
[    8.038878] jesd204: /axi/spi@ff040000/ad9081@0,jesd204:0,parent=spi1.0: JESD204[2] transition opt_setup_stage3 -> opt_setup_stage4
[    8.050696] jesd204: /axi/spi@ff040000/ad9081@0,jesd204:0,parent=spi1.0: JESD204[0] transition opt_setup_stage3 -> opt_setup_stage4
[    8.062526] jesd204: /axi/spi@ff040000/ad9081@0,jesd204:0,parent=spi1.0: JESD204[2] transition opt_setup_stage4 -> opt_setup_stage5
[    8.074360] jesd204: /axi/spi@ff040000/ad9081@0,jesd204:0,parent=spi1.0: JESD204[0] transition opt_setup_stage4 -> opt_setup_stage5
[    8.109435] axi_adxcvr 84a60000.axi-adxcvr-rx: adxcvr_clk_enable: QPLL RX buffer underflow error, status: 0x61
[    8.119424] axi_adxcvr 84a60000.axi-adxcvr-rx: adxcvr_clk_enable: QPLL RX buffer overflow error, status: 0x61
[    8.133493] jesd204: /axi/spi@ff040000/ad9081@0,jesd204:0,parent=spi1.0: JESD204[2] transition opt_setup_stage5 -> clocks_enable
[    8.145059] jesd204: /axi/spi@ff040000/ad9081@0,jesd204:0,parent=spi1.0: JESD204[0] transition opt_setup_stage5 -> clocks_enable
[    8.156681] jesd204: /axi/spi@ff040000/ad9081@0,jesd204:0,parent=spi1.0: JESD204[2] transition clocks_enable -> link_enable
[    8.167810] jesd204: /axi/spi@ff040000/ad9081@0,jesd204:0,parent=spi1.0: JESD204[0] transition clocks_enable -> link_enable
[    8.307717] axi-jesd204-rx 84a90000.axi-jesd204-rx: axi_jesd204_rx_jesd204_link_running: Link2 status failed (CGS)
[    8.318061] jesd204: /fpga-axi@0/axi-jesd204-rx@84a90000,jesd204:4,parent=84a90000.axi-jesd204-rx: JESD204[2] In link_running got error from cb: -1 (ignoring!)
[    8.427951] ad9081 spi1.0: JESD RX (JTX) Link2 in CGS, SYNC asserted, PLL locked, PHASE established, MODE valid
[    8.438036] jesd204: /axi/spi@ff040000/ad9081@0,jesd204:0,parent=spi1.0: JESD204[2] In link_running got error from cb: -1 (ignoring!)
[    8.450271] ad9081 spi1.0: JESD TX (JRX) Link0 0xF lanes in DATA
[    8.456283] jesd204: /axi/spi@ff040000/ad9081@0,jesd204:0,parent=spi1.0: JESD204[2] transition link_enable -> link_running
[    8.467319] jesd204: /axi/spi@ff040000/ad9081@0,jesd204:0,parent=spi1.0: JESD204[0] transition link_enable -> link_running
[    8.478365] jesd204: /axi/spi@ff040000/ad9081@0,jesd204:0,parent=spi1.0: JESD204[2] transition link_running -> opt_post_running_stage
[    8.490357] jesd204: /axi/spi@ff040000/ad9081@0,jesd204:0,parent=spi1.0: JESD204[0] transition link_running -> opt_post_running_stage
[    8.511570] input: gpio-keys as /devices/platform/gpio-keys/input/input0
[    8.518595] of_cfs_init
[    8.521055] of_cfs_init: OK
[    8.523997] cfg80211: Loading compiled-in X.509 certificates for regulatory database
[    8.662197] cfg80211: Loaded X.509 cert 'sforshee: 00b28ddf47aef9cea7'
[    8.668724] clk: Not disabling unused clocks
[    8.673251] ALSA device list:
[    8.676215]   No soundcards found.
[    8.679879] platform regulatory.0: Direct firmware load for regulatory.db failed with error -2
[    8.688487] cfg80211: failed to load regulatory.db
[    8.703340] EXT4-fs (mmcblk0p2): mounted filesystem with ordered data mode. Opts: (null)
[    8.711455] VFS: Mounted root (ext4 filesystem) on device 179:2.
[    8.724608] devtmpfs: mounted
[    8.728429] Freeing unused kernel memory: 2560K
[    8.739770] Run /sbin/init as init process
[    8.743864]   with arguments:
[    8.743866]     /sbin/init
[    8.743868]   with environment:
[    8.743871]     HOME=/
[    8.743873]     TERM=linux
[    9.312572] systemd[1]: systemd 241 running in system mode. (+PAM +AUDIT +SELINUX +IMA +APPARMOR +SMACK +SYSVINIT +UTMP +LIBCRYPTSETUP +GCRYPT +GNUTLS +ACL +XZ +LZ4 +SECCOMP +BLKID +ELFUTILS +KMOD -IDN2 +IDN -PCRE2 default-hierarchy=hybrid)
[    9.334433] systemd[1]: Detected architecture arm64.
[    9.356418] systemd[1]: Set hostname to <analog>.
[    9.537326] systemd[1]: File /lib/systemd/system/systemd-journald.service:12 configures an IP firewall (IPAddressDeny=any), but the local system does not support BPF/cgroup based firewalling.
[    9.554386] systemd[1]: Proceeding WITHOUT firewalling in effect! (This warning is only shown for the first loaded unit using IP firewalling.)
[    9.717358] systemd[1]: /etc/systemd/system/tof-server.service:1: Assignment outside of section. Ignoring.
[    9.727053] systemd[1]: /etc/systemd/system/tof-server.service:2: Assignment outside of section. Ignoring.
[    9.909628] random: systemd: uninitialized urandom read (16 bytes read)
[    9.924355] random: systemd: uninitialized urandom read (16 bytes read)
[    9.931400] systemd[1]: Listening on fsck to fsckd communication Socket.
[    9.955821] random: systemd: uninitialized urandom read (16 bytes read)
[    9.963010] systemd[1]: Created slice system-serial\x2dgetty.slice.
[    9.983976] systemd[1]: Started Forward Password Requests to Wall Directory Watch.
[   10.841209] EXT4-fs (mmcblk0p2): re-mounted. Opts: (null)
[   11.036519] systemd-journald[169]: Received request to flush runtime journal from PID 1
[   16.020524] random: crng init done
[   16.020534] random: 7 urandom warning(s) missed due to ratelimiting
[   16.786081] macb ff0e0000.ethernet eth0: PHY [ff0e0000.ethernet-ffffffff:0c] driver [TI DP83867] (irq=POLL)
[   16.786095] macb ff0e0000.ethernet eth0: configuring for phy/rgmii-id link mode
[   17.031750] Adding 98300k swap on /var/swap.  Priority:-2 extents:4 across:10138612k SS
[   19.609941] broken atomic modeset userspace detected, disabling atomic
[   20.865355] macb ff0e0000.ethernet eth0: Link is Up - 1Gbps/Full - flow control off
[   20.865381] IPv6: ADDRCONF(NETDEV_CHANGE): eth0: link becomes ready
[   22.291822] broken atomic modeset userspace detected, disabling atomic
[   25.181977] broken atomic modeset userspace detected, disabling atomic
[   27.815793] broken atomic modeset userspace detected, disabling atomic