[    0.000000] Booting Linux on physical CPU 0x0000000000 [0x410fd034]
[    0.000000] Linux version 5.10.0-98103-g2aa7ac113716 (jenkins@romlxbuild1.adlk.analog.com) (aarch64-xilinx-linux-gcc.real (GCC) 10.2.0, GNU ld (GNU Binutils) 2.35.0.20200730) #5577 SMP Wed Mar 23 07:28:49 GMT 2022
[    0.000000] Machine model: ZynqMP ZCU102 Rev1.0
[    0.000000] earlycon: cdns0 at MMIO 0x00000000ff000000 (options '115200n8')
[    0.000000] printk: bootconsole [cdns0] enabled
[    0.000000] efi: UEFI not found.
[    0.000000] cma: Reserved 256 MiB at 0x0000000070000000
[    0.000000] Zone ranges:
[    0.000000]   DMA      [mem 0x0000000000000000-0x000000003fffffff]
[    0.000000]   DMA32    [mem 0x0000000040000000-0x00000000ffffffff]
[    0.000000]   Normal   [mem 0x0000000100000000-0x000000087fffffff]
[    0.000000] Movable zone start for each node
[    0.000000] Early memory node ranges
[    0.000000]   node   0: [mem 0x0000000000000000-0x000000007fffffff]
[    0.000000]   node   0: [mem 0x0000000800000000-0x000000087fffffff]
[    0.000000] Initmem setup node 0 [mem 0x0000000000000000-0x000000087fffffff]
[    0.000000] On node 0 totalpages: 1048576
[    0.000000]   DMA zone: 3584 pages used for memmap
[    0.000000]   DMA zone: 0 pages reserved
[    0.000000]   DMA zone: 262144 pages, LIFO batch:63
[    0.000000]   DMA32 zone: 3584 pages used for memmap
[    0.000000]   DMA32 zone: 262144 pages, LIFO batch:63
[    0.000000]   Normal zone: 7168 pages used for memmap
[    0.000000]   Normal zone: 524288 pages, LIFO batch:63
[    0.000000] psci: probing for conduit method from DT.
[    0.000000] psci: PSCIv1.1 detected in firmware.
[    0.000000] psci: Using standard PSCI v0.2 function IDs
[    0.000000] psci: MIGRATE_INFO_TYPE not supported.
[    0.000000] psci: SMC Calling Convention v1.2
[    0.000000] percpu: Embedded 22 pages/cpu s49496 r8192 d32424 u90112
[    0.000000] pcpu-alloc: s49496 r8192 d32424 u90112 alloc=22*4096
[    0.000000] pcpu-alloc: [0] 0 [0] 1 [0] 2 [0] 3 
[    0.000000] Detected VIPT I-cache on CPU0
[    0.000000] CPU features: detected: ARM erratum 845719
[    0.000000] Built 1 zonelists, mobility grouping on.  Total pages: 1034240
[    0.000000] Kernel command line: console=ttyPS0,115200 root=/dev/mmcblk0p2 rw earlycon rootfstype=ext4 rootwait clk_ignore_unused cpuidle.off=1 root=/dev/mmcblk0p2 rw rootwait
[    0.000000] Dentry cache hash table entries: 524288 (order: 10, 4194304 bytes, linear)
[    0.000000] Inode-cache hash table entries: 262144 (order: 9, 2097152 bytes, linear)
[    0.000000] mem auto-init: stack:off, heap alloc:off, heap free:off
[    0.000000] software IO TLB: mapped [mem 0x000000003bfff000-0x000000003ffff000] (64MB)
[    0.000000] Memory: 3761904K/4194304K available (15296K kernel code, 1636K rwdata, 11876K rodata, 2560K init, 507K bss, 170256K reserved, 262144K cma-reserved)
[    0.000000] rcu: Hierarchical RCU implementation.
[    0.000000] rcu: 	RCU event tracing is enabled.
[    0.000000] rcu: 	RCU restricting CPUs from NR_CPUS=8 to nr_cpu_ids=4.
[    0.000000] rcu: RCU calculated value of scheduler-enlistment delay is 25 jiffies.
[    0.000000] rcu: Adjusting geometry for rcu_fanout_leaf=16, nr_cpu_ids=4
[    0.000000] NR_IRQS: 64, nr_irqs: 64, preallocated irqs: 0
[    0.000000] GIC: Adjusting CPU interface base to 0x00000000f902f000
[    0.000000] GIC: Using split EOI/Deactivate mode
[    0.000000] random: get_random_bytes called from start_kernel+0x31c/0x54c with crng_init=0
[    0.000000] arch_timer: cp15 timer(s) running at 100.00MHz (phys).
[    0.000000] clocksource: arch_sys_counter: mask: 0xffffffffffffff max_cycles: 0x171024e7e0, max_idle_ns: 440795205315 ns
[    0.000003] sched_clock: 56 bits at 100MHz, resolution 10ns, wraps every 4398046511100ns
[    0.008463] Console: colour dummy device 80x25
[    0.012483] Calibrating delay loop (skipped), value calculated using timer frequency.. 200.00 BogoMIPS (lpj=400000)
[    0.022841] pid_max: default: 32768 minimum: 301
[    0.027550] Mount-cache hash table entries: 8192 (order: 4, 65536 bytes, linear)
[    0.034789] Mountpoint-cache hash table entries: 8192 (order: 4, 65536 bytes, linear)
[    0.043396] rcu: Hierarchical SRCU implementation.
[    0.047562] EFI services will not be available.
[    0.051938] smp: Bringing up secondary CPUs ...
[    0.056658] Detected VIPT I-cache on CPU1
[    0.056697] CPU1: Booted secondary processor 0x0000000001 [0x410fd034]
[    0.057061] Detected VIPT I-cache on CPU2
[    0.057085] CPU2: Booted secondary processor 0x0000000002 [0x410fd034]
[    0.057424] Detected VIPT I-cache on CPU3
[    0.057447] CPU3: Booted secondary processor 0x0000000003 [0x410fd034]
[    0.057493] smp: Brought up 1 node, 4 CPUs
[    0.091780] SMP: Total of 4 processors activated.
[    0.096452] CPU features: detected: 32-bit EL0 Support
[    0.101556] CPU features: detected: CRC32 instructions
[    0.106695] CPU: All CPU(s) started at EL2
[    0.110736] alternatives: patching kernel code
[    0.116168] devtmpfs: initialized
[    0.124061] Registered cp15_barrier emulation handler
[    0.124112] Registered setend emulation handler
[    0.128092] clocksource: jiffies: mask: 0xffffffff max_cycles: 0xffffffff, max_idle_ns: 7645041785100000 ns
[    0.137670] futex hash table entries: 1024 (order: 4, 65536 bytes, linear)
[    0.151020] pinctrl core: initialized pinctrl subsystem
[    0.151663] NET: Registered protocol family 16
[    0.156088] DMA: preallocated 512 KiB GFP_KERNEL pool for atomic allocations
[    0.162098] DMA: preallocated 512 KiB GFP_KERNEL|GFP_DMA pool for atomic allocations
[    0.169826] DMA: preallocated 512 KiB GFP_KERNEL|GFP_DMA32 pool for atomic allocations
[    0.177628] audit: initializing netlink subsys (disabled)
[    0.183077] audit: type=2000 audit(0.116:1): state=initialized audit_enabled=0 res=1
[    0.183420] hw-breakpoint: found 6 breakpoint and 4 watchpoint registers.
[    0.197454] ASID allocator initialised with 65536 entries
[    0.224296] HugeTLB registered 1.00 GiB page size, pre-allocated 0 pages
[    0.225352] HugeTLB registered 32.0 MiB page size, pre-allocated 0 pages
[    0.232022] HugeTLB registered 2.00 MiB page size, pre-allocated 0 pages
[    0.238682] HugeTLB registered 64.0 KiB page size, pre-allocated 0 pages
[    1.304190] DRBG: Continuing without Jitter RNG
[    1.382077] raid6: neonx8   gen()  2144 MB/s
[    1.450123] raid6: neonx8   xor()  1599 MB/s
[    1.518180] raid6: neonx4   gen()  2196 MB/s
[    1.586227] raid6: neonx4   xor()  1566 MB/s
[    1.654298] raid6: neonx2   gen()  2075 MB/s
[    1.722348] raid6: neonx2   xor()  1437 MB/s
[    1.790410] raid6: neonx1   gen()  1772 MB/s
[    1.858459] raid6: neonx1   xor()  1220 MB/s
[    1.926517] raid6: int64x8  gen()  1438 MB/s
[    1.994573] raid6: int64x8  xor()   771 MB/s
[    2.062638] raid6: int64x4  gen()  1598 MB/s
[    2.130694] raid6: int64x4  xor()   816 MB/s
[    2.198763] raid6: int64x2  gen()  1397 MB/s
[    2.266809] raid6: int64x2  xor()   750 MB/s
[    2.334889] raid6: int64x1  gen()  1034 MB/s
[    2.402947] raid6: int64x1  xor()   517 MB/s
[    2.402985] raid6: using algorithm neonx4 gen() 2196 MB/s
[    2.406944] raid6: .... xor() 1566 MB/s, rmw enabled
[    2.411874] raid6: using neon recovery algorithm
[    2.416884] iommu: Default domain type: Translated 
[    2.421499] SCSI subsystem initialized
[    2.425044] libata version 3.00 loaded.
[    2.425170] usbcore: registered new interface driver usbfs
[    2.430499] usbcore: registered new interface driver hub
[    2.435773] usbcore: registered new device driver usb
[    2.440907] mc: Linux media interface: v0.10
[    2.445021] videodev: Linux video capture interface: v2.00
[    2.450513] EDAC MC: Ver: 3.0.0
[    2.453952] zynqmp-ipi-mbox mailbox@ff990400: Registered ZynqMP IPI mbox with TX/RX channels.
[    2.462451] jesd204: created con: id=0, topo=0, link=0, /axi/spi@ff050000/hmc7044@0 <-> /fpga-axi@0/axi-adxcvr-tx@84b60000
[    2.473043] jesd204: created con: id=1, topo=0, link=2, /axi/spi@ff050000/hmc7044@0 <-> /fpga-axi@0/axi-adxcvr-rx@84a60000
[    2.484027] jesd204: created con: id=2, topo=0, link=0, /fpga-axi@0/axi-adxcvr-tx@84b60000 <-> /fpga-axi@0/axi-jesd204-tx@84b90000
[    2.495702] jesd204: created con: id=3, topo=0, link=2, /fpga-axi@0/axi-adxcvr-rx@84a60000 <-> /fpga-axi@0/axi-jesd204-rx@84a90000
[    2.507380] jesd204: created con: id=4, topo=0, link=0, /fpga-axi@0/axi-jesd204-tx@84b90000 <-> /fpga-axi@0/axi-ad9081-tx-hpc@84b10000
[    2.519408] jesd204: created con: id=5, topo=0, link=2, /fpga-axi@0/axi-jesd204-rx@84a90000 <-> /fpga-axi@0/axi-ad9081-rx-hpc@84a10000
[    2.531430] jesd204: created con: id=6, topo=0, link=2, /fpga-axi@0/axi-ad9081-rx-hpc@84a10000 <-> /axi/spi@ff040000/ad9081@0
[    2.542672] jesd204: created con: id=7, topo=0, link=0, /fpga-axi@0/axi-ad9081-tx-hpc@84b10000 <-> /axi/spi@ff040000/ad9081@0
[    2.553922] jesd204: /axi/spi@ff040000/ad9081@0: JESD204[2] transition uninitialized -> initialized
[    2.562908] jesd204: /axi/spi@ff040000/ad9081@0: JESD204[0] transition uninitialized -> initialized
[    2.571900] jesd204: found 8 devices and 1 topologies
[    2.576945] FPGA manager framework
[    2.580421] Advanced Linux Sound Architecture Driver Initialized.
[    2.586716] Bluetooth: Core ver 2.22
[    2.589903] NET: Registered protocol family 31
[    2.594304] Bluetooth: HCI device and connection manager initialized
[    2.600620] Bluetooth: HCI socket layer initialized
[    2.605463] Bluetooth: L2CAP socket layer initialized
[    2.610486] Bluetooth: SCO socket layer initialized
[    2.615678] clocksource: Switched to clocksource arch_sys_counter
[    2.621477] VFS: Disk quotas dquot_6.6.0
[    2.625314] VFS: Dquot-cache hash table entries: 512 (order 0, 4096 bytes)
[    2.636029] NET: Registered protocol family 2
[    2.636757] tcp_listen_portaddr_hash hash table entries: 2048 (order: 3, 32768 bytes, linear)
[    2.644955] TCP established hash table entries: 32768 (order: 6, 262144 bytes, linear)
[    2.652978] TCP bind hash table entries: 32768 (order: 7, 524288 bytes, linear)
[    2.660425] TCP: Hash tables configured (established 32768 bind 32768)
[    2.666597] UDP hash table entries: 2048 (order: 4, 65536 bytes, linear)
[    2.673264] UDP-Lite hash table entries: 2048 (order: 4, 65536 bytes, linear)
[    2.680425] NET: Registered protocol family 1
[    2.684900] RPC: Registered named UNIX socket transport module.
[    2.690500] RPC: Registered udp transport module.
[    2.695166] RPC: Registered tcp transport module.
[    2.699835] RPC: Registered tcp NFSv4.1 backchannel transport module.
[    2.706819] PCI: CLS 0 bytes, default 64
[    2.710525] hw perfevents: no interrupt-affinity property for /pmu, guessing.
[    2.717389] hw perfevents: enabled with armv8_pmuv3 PMU driver, 7 counters available
[    2.725732] Initialise system trusted keyrings
[    2.729408] workingset: timestamp_bits=62 max_order=20 bucket_order=0
[    2.736316] NFS: Registering the id_resolver key type
[    2.740765] Key type id_resolver registered
[    2.744902] Key type id_legacy registered
[    2.748894] nfs4filelayout_init: NFSv4 File Layout Driver Registering...
[    2.755559] jffs2: version 2.2. (NAND) (SUMMARY)  Â© 2001-2006 Red Hat, Inc.
[    2.799214] NET: Registered protocol family 38
[    2.799257] xor: measuring software checksum speed
[    2.806946]    8regs           :  2363 MB/sec
[    2.810614]    32regs          :  2799 MB/sec
[    2.815559]    arm64_neon      :  2379 MB/sec
[    2.815751] xor: using function: 32regs (2799 MB/sec)
[    2.820773] Key type asymmetric registered
[    2.824834] Asymmetric key parser 'x509' registered
[    2.829695] Block layer SCSI generic (bsg) driver version 0.4 loaded (major 248)
[    2.837032] io scheduler mq-deadline registered
[    2.841528] io scheduler kyber registered
[    2.870973] Serial: 8250/16550 driver, 4 ports, IRQ sharing disabled
[    2.875609] cacheinfo: Unable to detect cache hierarchy for CPU 0
[    2.881960] brd: module loaded
[    2.886123] loop: module loaded
[    2.886671] Registered mathworks_ip class
[    2.890005] libphy: Fixed MDIO Bus: probed
[    2.892953] tun: Universal TUN/TAP device driver, 1.6
[    2.897020] CAN device driver interface
[    2.901557] usbcore: registered new interface driver asix
[    2.906147] usbcore: registered new interface driver ax88179_178a
[    2.912185] usbcore: registered new interface driver cdc_ether
[    2.917981] usbcore: registered new interface driver net1080
[    2.923603] usbcore: registered new interface driver cdc_subset
[    2.929485] usbcore: registered new interface driver zaurus
[    2.935031] usbcore: registered new interface driver cdc_ncm
[    2.941435] ehci_hcd: USB 2.0 'Enhanced' Host Controller (EHCI) Driver
[    2.947114] ehci-pci: EHCI PCI platform driver
[    2.951918] usbcore: registered new interface driver uas
[    2.956834] usbcore: registered new interface driver usb-storage
[    2.962824] usbcore: registered new interface driver usbserial_generic
[    2.969270] usbserial: USB Serial support registered for generic
[    2.975240] usbcore: registered new interface driver ftdi_sio
[    2.980943] usbserial: USB Serial support registered for FTDI USB Serial Device
[    2.988215] usbcore: registered new interface driver upd78f0730
[    2.994092] usbserial: USB Serial support registered for upd78f0730
[    3.001749] rtc_zynqmp ffa60000.rtc: registered as rtc0
[    3.005521] rtc_zynqmp ffa60000.rtc: setting system clock to 2022-04-12T20:03:26 UTC (1649793806)
[    3.014381] i2c /dev entries driver
[    3.019707] usbcore: registered new interface driver uvcvideo
[    3.023485] USB Video Class driver (1.1.1)
[    3.029075] Bluetooth: HCI UART driver ver 2.3
[    3.031976] Bluetooth: HCI UART protocol H4 registered
[    3.037074] Bluetooth: HCI UART protocol BCSP registered
[    3.042363] Bluetooth: HCI UART protocol LL registered
[    3.047451] Bluetooth: HCI UART protocol ATH3K registered
[    3.052825] Bluetooth: HCI UART protocol Three-wire (H5) registered
[    3.059084] Bluetooth: HCI UART protocol Intel registered
[    3.064419] Bluetooth: HCI UART protocol QCA registered
[    3.069618] usbcore: registered new interface driver bcm203x
[    3.075243] usbcore: registered new interface driver bpa10x
[    3.080778] usbcore: registered new interface driver bfusb
[    3.086225] usbcore: registered new interface driver btusb
[    3.091693] usbcore: registered new interface driver ath3k
[    3.097173] EDAC MC: ECC not enabled
[    3.100803] EDAC DEVICE0: Giving out device to module zynqmp-ocm-edac controller zynqmp_ocm: DEV ff960000.memory-controller (INTERRUPT)
[    3.113121] sdhci: Secure Digital Host Controller Interface driver
[    3.118910] sdhci: Copyright(c) Pierre Ossman
[    3.123228] sdhci-pltfm: SDHCI platform and OF driver helper
[    3.129284] ledtrig-cpu: registered to indicate activity on CPUs
[    3.134827] SMCCC: SOC_ID: ARCH_SOC_ID not implemented, skipping ....
[    3.141259] zynqmp_firmware_probe Platform Management API v1.1
[    3.147017] zynqmp_firmware_probe Trustzone version v1.0
[    3.186587] zynqmp-pinctrl firmware:zynqmp-firmware:pinctrl: zynqmp pinctrl initialized
[    3.234458] zynqmp-aes firmware:zynqmp-firmware:zynqmp-aes: will run requests pump with realtime priority
[    3.250240] alg: No test for xilinx-keccak-384 (zynqmp-keccak-384)
[    3.250957] alg: No test for xilinx-zynqmp-rsa (zynqmp-rsa)
[    3.256465] usbcore: registered new interface driver usbhid
[    3.261852] usbhid: USB HID core driver
[    3.273107] axi_sysid 85000000.axi-sysid-0: AXI System ID core version (1.01.a) found
[    3.275460] axi_sysid 85000000.axi-sysid-0: [ad9081_fmca_ebz] on [zcu102] git branch <master> git <084d44c9780640ca93fd847b1d9ec70dd65f5c67> clean [2022-03-18 04:17:50] UTC
[    3.291135] fpga_manager fpga0: Xilinx ZynqMP FPGA Manager registered
[    3.297509] usbcore: registered new interface driver snd-usb-audio
[    3.304967] pktgen: Packet Generator for packet performance testing. Version: 2.75
[    3.311134] Initializing XFRM netlink socket
[    3.314987] NET: Registered protocol family 10
[    3.319711] Segment Routing with IPv6
[    3.323072] sit: IPv6, IPv4 and MPLS over IPv4 tunneling driver
[    3.329164] NET: Registered protocol family 17
[    3.333261] NET: Registered protocol family 15
[    3.337765] can: controller area network core
[    3.342014] NET: Registered protocol family 29
[    3.346399] can: raw protocol
[    3.349340] can: broadcast manager protocol
[    3.353492] can: netlink gateway - max_hops=1
[    3.357891] Bluetooth: RFCOMM TTY layer initialized
[    3.362667] Bluetooth: RFCOMM socket layer initialized
[    3.367774] Bluetooth: RFCOMM ver 1.11
[    3.371480] Bluetooth: BNEP (Ethernet Emulation) ver 1.3
[    3.376758] Bluetooth: BNEP filters: protocol multicast
[    3.381954] Bluetooth: BNEP socket layer initialized
[    3.386878] Bluetooth: HIDP (Human Interface Emulation) ver 1.2
[    3.392761] Bluetooth: HIDP socket layer initialized
[    3.397821] 9pnet: Installing 9P2000 support
[    3.401938] NET: Registered protocol family 36
[    3.406355] Key type dns_resolver registered
[    3.410792] registered taskstats version 1
[    3.414652] Loading compiled-in X.509 certificates
[    3.419773] Btrfs loaded, crc32c=crc32c-generic
[    3.432195] ff000000.serial: ttyPS0 at MMIO 0xff000000 (irq = 49, base_baud = 6249999) is a xuartps
[    3.441220] printk: console [ttyPS0] enabled
[    3.445515] printk: bootconsole [cdns0] disabled
[    3.455132] ff010000.serial: ttyPS1 at MMIO 0xff010000 (irq = 50, base_baud = 6249999) is a xuartps
[    3.468371] of-fpga-region fpga-full: FPGA Region probed
[    3.475303] nwl-pcie fd0e0000.pcie: host bridge /axi/pcie@fd0e0000 ranges:
[    3.482202] nwl-pcie fd0e0000.pcie:      MEM 0x00e0000000..0x00efffffff -> 0x00e0000000
[    3.490211] nwl-pcie fd0e0000.pcie:      MEM 0x0600000000..0x07ffffffff -> 0x0600000000
[    3.498272] nwl-pcie fd0e0000.pcie: Link is DOWN
[    3.503033] nwl-pcie fd0e0000.pcie: PCI host bridge to bus 0000:00
[    3.509214] pci_bus 0000:00: root bus resource [bus 00-ff]
[    3.514690] pci_bus 0000:00: root bus resource [mem 0xe0000000-0xefffffff]
[    3.521555] pci_bus 0000:00: root bus resource [mem 0x600000000-0x7ffffffff pref]
[    3.529059] pci 0000:00:00.0: [10ee:d021] type 01 class 0x060400
[    3.535121] pci 0000:00:00.0: PME# supported from D0 D1 D2 D3hot
[    3.545558] pci 0000:00:00.0: PCI bridge to [bus 01-0c]
[    3.551544] xilinx-zynqmp-dma fd500000.dma: ZynqMP DMA driver Probe success
[    3.558713] xilinx-zynqmp-dma fd510000.dma: ZynqMP DMA driver Probe success
[    3.565893] xilinx-zynqmp-dma fd520000.dma: ZynqMP DMA driver Probe success
[    3.573060] xilinx-zynqmp-dma fd530000.dma: ZynqMP DMA driver Probe success
[    3.580232] xilinx-zynqmp-dma fd540000.dma: ZynqMP DMA driver Probe success
[    3.587397] xilinx-zynqmp-dma fd550000.dma: ZynqMP DMA driver Probe success
[    3.594569] xilinx-zynqmp-dma fd560000.dma: ZynqMP DMA driver Probe success
[    3.601735] xilinx-zynqmp-dma fd570000.dma: ZynqMP DMA driver Probe success
[    3.609135] xilinx-zynqmp-dpdma fd4c0000.dma-controller: Xilinx DPDMA engine is probed
[    3.617674] ahci-ceva fd0c0000.ahci: supply ahci not found, using dummy regulator
[    3.625217] ahci-ceva fd0c0000.ahci: supply phy not found, using dummy regulator
[    3.715844] hmc7044 spi2.0: PLL1: Acquisition, CLKIN0 @ 122880000 Hz, PFD: 80 kHz - PLL2: Locked @ 2424.000000 MHz
[    3.726553] jesd204: /axi/spi@ff050000/hmc7044@0,jesd204:1,parent=spi2.0: Using as SYSREF provider
[    3.736144] spi-nor spi0.0: SPI-NOR-UniqueID 100000235394732200270025081115266e
[    3.743454] spi-nor spi0.0: found n25q512a, expected m25p80
[    3.749553] spi-nor spi0.0: trying to lock already unlocked area
[    3.755553] spi-nor spi0.0: n25q512a (131072 Kbytes)
[    3.760531] 4 fixed-partitions partitions found on MTD device spi0.0
[    3.766877] Creating 4 MTD partitions on "spi0.0":
[    3.771661] 0x000000000000-0x000000100000 : "qspi-fsbl-uboot"
[    3.778150] 0x000000100000-0x000000600000 : "qspi-linux"
[    3.784117] 0x000000600000-0x000000620000 : "qspi-device-tree"
[    3.790609] 0x000000620000-0x000000c00000 : "qspi-rootfs"
[    3.799089] macb ff0e0000.ethernet: Not enabling partial store and forward
[    3.806602] libphy: MACB_mii_bus: probed
[    3.811642] macb ff0e0000.ethernet eth0: Cadence GEM rev 0x50070106 at 0xff0e0000 irq 30 (00:0a:35:04:8e:1b)
[    3.821848] xilinx-axipmon ffa00000.perf-monitor: Probed Xilinx APM
[    3.828411] xilinx-axipmon fd0b0000.perf-monitor: Probed Xilinx APM
[    3.834922] xilinx-axipmon fd490000.perf-monitor: Probed Xilinx APM
[    3.841453] xilinx-axipmon ffa10000.perf-monitor: Probed Xilinx APM
[    3.851472] pca953x 0-0020: supply vcc not found, using dummy regulator
[    3.858152] pca953x 0-0020: using no AI
[    3.862637] gpio-496 (sel0): hogged as output/low
[    3.867532] gpio-497 (sel1): hogged as output/high
[    3.872516] gpio-498 (sel2): hogged as output/high
[    3.877507] gpio-499 (sel3): hogged as output/high
[    3.882685] pca953x 0-0021: supply vcc not found, using dummy regulator
[    3.889351] pca953x 0-0021: using no AI
[    3.895114] ina2xx 2-0040: power monitor ina226 (Rshunt = 5000 uOhm)
[    3.902142] ina2xx 2-0041: power monitor ina226 (Rshunt = 5000 uOhm)
[    3.909166] ina2xx 2-0042: power monitor ina226 (Rshunt = 5000 uOhm)
[    3.916195] ina2xx 2-0043: power monitor ina226 (Rshunt = 5000 uOhm)
[    3.923223] ina2xx 2-0044: power monitor ina226 (Rshunt = 5000 uOhm)
[    3.930237] ina2xx 2-0045: power monitor ina226 (Rshunt = 5000 uOhm)
[    3.937262] ina2xx 2-0046: power monitor ina226 (Rshunt = 5000 uOhm)
[    3.944345] ina2xx 2-0047: power monitor ina226 (Rshunt = 5000 uOhm)
[    3.951372] ina2xx 2-004a: power monitor ina226 (Rshunt = 5000 uOhm)
[    3.958393] ina2xx 2-004b: power monitor ina226 (Rshunt = 5000 uOhm)
[    3.964800] i2c i2c-0: Added multiplexed i2c bus 2
[    3.970180] random: fast init done
[    3.973770] ina2xx 3-0040: power monitor ina226 (Rshunt = 2000 uOhm)
[    3.980802] ina2xx 3-0041: power monitor ina226 (Rshunt = 5000 uOhm)
[    3.987824] ina2xx 3-0042: power monitor ina226 (Rshunt = 5000 uOhm)
[    3.994847] ina2xx 3-0043: power monitor ina226 (Rshunt = 5000 uOhm)
[    4.001872] ina2xx 3-0044: power monitor ina226 (Rshunt = 5000 uOhm)
[    4.008894] ina2xx 3-0045: power monitor ina226 (Rshunt = 5000 uOhm)
[    4.015934] ina2xx 3-0046: power monitor ina226 (Rshunt = 5000 uOhm)
[    4.022949] ina2xx 3-0047: power monitor ina226 (Rshunt = 5000 uOhm)
[    4.029353] i2c i2c-0: Added multiplexed i2c bus 3
[    4.085350] i2c i2c-0: Added multiplexed i2c bus 4
[    4.090289] i2c i2c-0: Added multiplexed i2c bus 5
[    4.095082] pca954x 0-0075: registered 4 multiplexed busses for I2C mux pca9544
[    4.102432] cdns-i2c ff020000.i2c: 400 kHz mmio ff020000 irq 32
[    4.110165] at24 6-0054: supply vcc not found, using dummy regulator
[    4.117054] at24 6-0054: 1024 byte 24c08 EEPROM, writable, 1 bytes/write
[    4.123803] i2c i2c-1: Added multiplexed i2c bus 6
[    4.130219] si5341 7-0036: Chip: 5341 Grade: 1 Rev: 1
[    4.167607] i2c i2c-1: Added multiplexed i2c bus 7
[    4.175240] si570 8-005d: registered, current frequency 300000000 Hz
[    4.181645] i2c i2c-1: Added multiplexed i2c bus 8
[    4.201398] si570 9-005d: registered, current frequency 148500000 Hz
[    4.207798] i2c i2c-1: Added multiplexed i2c bus 9
[    4.212845] si5324 10-0069: si5328 probed
[    4.279980] si5324 10-0069: si5328 probe successful
[    4.284901] i2c i2c-1: Added multiplexed i2c bus 10
[    4.289921] i2c i2c-1: Added multiplexed i2c bus 11
[    4.294947] i2c i2c-1: Added multiplexed i2c bus 12
[    4.299973] i2c i2c-1: Added multiplexed i2c bus 13
[    4.304852] pca954x 1-0074: registered 8 multiplexed busses for I2C switch pca9548
[    4.312962] at24 14-0050: supply vcc not found, using dummy regulator
[    4.319747] at24 14-0050: 256 byte 24c02 EEPROM, writable, 1 bytes/write
[    4.326495] i2c i2c-1: Added multiplexed i2c bus 14
[    4.331530] i2c i2c-1: Added multiplexed i2c bus 15
[    4.336563] i2c i2c-1: Added multiplexed i2c bus 16
[    4.341592] i2c i2c-1: Added multiplexed i2c bus 17
[    4.346628] i2c i2c-1: Added multiplexed i2c bus 18
[    4.351663] i2c i2c-1: Added multiplexed i2c bus 19
[    4.356719] i2c i2c-1: Added multiplexed i2c bus 20
[    4.361750] i2c i2c-1: Added multiplexed i2c bus 21
[    4.366626] pca954x 1-0075: registered 8 multiplexed busses for I2C switch pca9548
[    4.374236] cdns-i2c ff030000.i2c: 400 kHz mmio ff030000 irq 33
[    4.383971] cdns-wdt fd4d0000.watchdog: Xilinx Watchdog Timer with timeout 60s
[    4.393011] axi_adxcvr 84a60000.axi-adxcvr-rx: adxcvr_enforce_settings: Using QPLL without access, assuming desired Lane rate will be configured by a different instance
[    4.409657] axi_adxcvr 84a60000.axi-adxcvr-rx: AXI-ADXCVR-RX (17.05.a) using QPLL on GTH4 at 0x84A60000. Number of lanes: 4.
[    4.421801] axi_adxcvr 84b60000.axi-adxcvr-tx: AXI-ADXCVR-TX (17.05.a) using QPLL on GTH4 at 0x84B60000. Number of lanes: 4.
[    4.425733] mmc0: SDHCI controller on ff170000.mmc [ff170000.mmc] using ADMA 64-bit
[    4.433448] axi-jesd204-rx 84a90000.axi-jesd204-rx: AXI-JESD204-RX (1.07.a) at 0x84A90000. Encoder 8b10b, width 4/4, lanes 4, jesd204-fsm.
[    4.453487] axi-jesd204-tx 84b90000.axi-jesd204-tx: AXI-JESD204-TX (1.06.a) at 0x84B90000. Encoder 8b10b, width 4/4, lanes 4, jesd204-fsm.
[    4.467056] zynqmp-display fd4a0000.display: vtc bridge property not present
[    4.476709] xilinx-dp-snd-codec fd4a0000.display:zynqmp_dp_snd_codec0: Failed to get required clock freq
[    4.486206] xilinx-dp-snd-codec: probe of fd4a0000.display:zynqmp_dp_snd_codec0 failed with error -22
[    4.495747] xilinx-dp-snd-pcm zynqmp_dp_snd_pcm0: Xilinx DisplayPort Sound PCM probed
[    4.503915] xilinx-dp-snd-pcm zynqmp_dp_snd_pcm1: Xilinx DisplayPort Sound PCM probed
[    4.512121] OF: graph: no port node found in /axi/display@fd4a0000
[    4.518638] xlnx-drm xlnx-drm.0: bound fd4a0000.display (ops 0xffffffc010fcbdb8)
[    4.558692] mmc0: new high speed SDHC card at address 0001
[    4.564525] mmcblk0: mmc0:0001 EB1QT 29.8 GiB 
[    4.570207]  mmcblk0: p1 p2 p3
[    5.603698] zynqmp-display fd4a0000.display: [drm] Cannot find any crtc or sizes
[    5.611327] [drm] Initialized xlnx 1.0.0 20130509 for fd4a0000.display on minor 0
[    5.618819] zynqmp-display fd4a0000.display: ZynqMP DisplayPort Subsystem driver probed
[    5.627197] ahci-ceva fd0c0000.ahci: supply ahci not found, using dummy regulator
[    5.634753] ahci-ceva fd0c0000.ahci: supply phy not found, using dummy regulator
[    5.642208] ahci-ceva fd0c0000.ahci: supply target not found, using dummy regulator
[    5.650041] ahci-ceva fd0c0000.ahci: AHCI 0001.0301 32 slots 2 ports 6 Gbps 0x3 impl platform mode
[    5.659001] ahci-ceva fd0c0000.ahci: flags: 64bit ncq sntf pm clo only pmp fbs pio slum part ccc sds apst 
[    5.669632] scsi host0: ahci-ceva
[    5.673222] scsi host1: ahci-ceva
[    5.676648] ata1: SATA max UDMA/133 mmio [mem 0xfd0c0000-0xfd0c1fff] port 0x100 irq 45
[    5.684562] ata2: SATA max UDMA/133 mmio [mem 0xfd0c0000-0xfd0c1fff] port 0x180 irq 45
[    5.693168] ad9081 spi1.0: supply vdd not found, using dummy regulator
[    6.005926] ata1: SATA link down (SStatus 0 SControl 330)
[    6.011342] ata2: SATA link down (SStatus 0 SControl 330)
[    6.687697] zynqmp-display fd4a0000.display: [drm] Cannot find any crtc or sizes
[    6.857372] ad9081 spi1.0: Invalid param passed., "ref_clk_hz < 100000000ULL" in adi_ad9081_device_clk_config_set(...), line554 in drivers/iio/adc/ad9081/adi_ad9081_device.c
[    7.554232] ad9081 spi1.0: AD9081 Rev. 2 Grade 10 (API 1.2.2) probed
[    7.561436] xhci-hcd xhci-hcd.1.auto: xHCI Host Controller
[    7.566926] xhci-hcd xhci-hcd.1.auto: new USB bus registered, assigned bus number 1
[    7.574674] xhci-hcd xhci-hcd.1.auto: hcc params 0x0238f625 hci version 0x100 quirks 0x0000000002010810
[    7.584090] xhci-hcd xhci-hcd.1.auto: irq 59, io mem 0xfe200000
[    7.590198] usb usb1: New USB device found, idVendor=1d6b, idProduct=0002, bcdDevice= 5.10
[    7.598459] usb usb1: New USB device strings: Mfr=3, Product=2, SerialNumber=1
[    7.605681] usb usb1: Product: xHCI Host Controller
[    7.610554] usb usb1: Manufacturer: Linux 5.10.0-98103-g2aa7ac113716 xhci-hcd
[    7.617680] usb usb1: SerialNumber: xhci-hcd.1.auto
[    7.622858] hub 1-0:1.0: USB hub found
[    7.626625] hub 1-0:1.0: 1 port detected
[    7.630729] xhci-hcd xhci-hcd.1.auto: xHCI Host Controller
[    7.636212] xhci-hcd xhci-hcd.1.auto: new USB bus registered, assigned bus number 2
[    7.643867] xhci-hcd xhci-hcd.1.auto: Host supports USB 3.0 SuperSpeed
[    7.650484] usb usb2: New USB device found, idVendor=1d6b, idProduct=0003, bcdDevice= 5.10
[    7.658741] usb usb2: New USB device strings: Mfr=3, Product=2, SerialNumber=1
[    7.665961] usb usb2: Product: xHCI Host Controller
[    7.670829] usb usb2: Manufacturer: Linux 5.10.0-98103-g2aa7ac113716 xhci-hcd
[    7.677953] usb usb2: SerialNumber: xhci-hcd.1.auto
[    7.683064] hub 2-0:1.0: USB hub found
[    7.686826] hub 2-0:1.0: 1 port detected
[    7.716883] cf_axi_adc 84a10000.axi-ad9081-rx-hpc: ADI AIM (10.01.b) at 0x84A10000 mapped to 0x(____ptrval____), probed ADC AD9081 as MASTER
[    7.748520] cf_axi_dds 84b10000.axi-ad9081-tx-hpc: Analog Devices CF_AXI_DDS_DDS MASTER (9.01.b) at 0x84B10000 mapped to 0x(____ptrval____), probed DDS AD9081
[    7.762718] jesd204: /axi/spi@ff040000/ad9081@0,jesd204:0,parent=spi1.0: JESD204[2] transition initialized -> probed
[    7.773241] jesd204: /axi/spi@ff040000/ad9081@0,jesd204:0,parent=spi1.0: JESD204[0] transition initialized -> probed
[    7.783765] jesd204: /axi/spi@ff040000/ad9081@0,jesd204:0,parent=spi1.0: JESD204[2] transition probed -> idle
[    7.793675] jesd204: /axi/spi@ff040000/ad9081@0,jesd204:0,parent=spi1.0: JESD204[0] transition probed -> idle
[    7.803589] jesd204: /axi/spi@ff040000/ad9081@0,jesd204:0,parent=spi1.0: JESD204[2] transition idle -> device_init
[    7.813932] jesd204: /axi/spi@ff040000/ad9081@0,jesd204:0,parent=spi1.0: JESD204[0] transition idle -> device_init
[    7.824288] jesd204: /axi/spi@ff040000/ad9081@0,jesd204:0,parent=spi1.0: JESD204[2] transition device_init -> link_init
[    7.835068] jesd204: /axi/spi@ff040000/ad9081@0,jesd204:0,parent=spi1.0: JESD204[0] transition device_init -> link_init
[    7.845861] jesd204: /axi/spi@ff040000/ad9081@0,jesd204:0,parent=spi1.0: JESD204[2] transition link_init -> link_supported
[    7.856899] jesd204: /axi/spi@ff040000/ad9081@0,jesd204:0,parent=spi1.0: JESD204[0] transition link_init -> link_supported
[    7.868316] hmc7044 spi2.0: hmc7044_jesd204_link_pre_setup: Link2 forcing continuous SYSREF mode
[    7.877534] jesd204: /axi/spi@ff040000/ad9081@0,jesd204:0,parent=spi1.0: JESD204[2] transition link_supported -> link_pre_setup
[    7.889007] jesd204: /axi/spi@ff040000/ad9081@0,jesd204:0,parent=spi1.0: JESD204[0] transition link_supported -> link_pre_setup
[    7.912788] jesd204: /axi/spi@ff040000/ad9081@0,jesd204:0,parent=spi1.0: JESD204[2] transition link_pre_setup -> clk_sync_stage1
[    7.924353] jesd204: /axi/spi@ff040000/ad9081@0,jesd204:0,parent=spi1.0: JESD204[0] transition link_pre_setup -> clk_sync_stage1
[    7.935922] jesd204: /axi/spi@ff040000/ad9081@0,jesd204:0,parent=spi1.0: JESD204[2] transition clk_sync_stage1 -> clk_sync_stage2
[    7.947570] jesd204: /axi/spi@ff040000/ad9081@0,jesd204:0,parent=spi1.0: JESD204[0] transition clk_sync_stage1 -> clk_sync_stage2
[    7.959222] jesd204: /axi/spi@ff040000/ad9081@0,jesd204:0,parent=spi1.0: JESD204[2] transition clk_sync_stage2 -> clk_sync_stage3
[    7.970867] jesd204: /axi/spi@ff040000/ad9081@0,jesd204:0,parent=spi1.0: JESD204[0] transition clk_sync_stage2 -> clk_sync_stage3
[    7.984585] jesd204: /axi/spi@ff040000/ad9081@0,jesd204:0,parent=spi1.0: JESD204[2] transition clk_sync_stage3 -> link_setup
[    7.995800] jesd204: /axi/spi@ff040000/ad9081@0,jesd204:0,parent=spi1.0: JESD204[0] transition clk_sync_stage3 -> link_setup
[    8.011821] jesd204: /axi/spi@ff040000/ad9081@0,jesd204:0,parent=spi1.0: JESD204[2] transition link_setup -> opt_setup_stage1
[    8.023122] jesd204: /axi/spi@ff040000/ad9081@0,jesd204:0,parent=spi1.0: JESD204[0] transition link_setup -> opt_setup_stage1
[    8.039286] jesd204: /axi/spi@ff040000/ad9081@0,jesd204:0,parent=spi1.0: JESD204[2] transition opt_setup_stage1 -> opt_setup_stage2
[    8.051108] jesd204: /axi/spi@ff040000/ad9081@0,jesd204:0,parent=spi1.0: JESD204[0] transition opt_setup_stage1 -> opt_setup_stage2
[    8.063069] jesd204: /axi/spi@ff040000/ad9081@0,jesd204:0,parent=spi1.0: JESD204[2] transition opt_setup_stage2 -> opt_setup_stage3
[    8.074896] jesd204: /axi/spi@ff040000/ad9081@0,jesd204:0,parent=spi1.0: JESD204[0] transition opt_setup_stage2 -> opt_setup_stage3
[    8.086723] jesd204: /axi/spi@ff040000/ad9081@0,jesd204:0,parent=spi1.0: JESD204[2] transition opt_setup_stage3 -> opt_setup_stage4
[    8.098539] jesd204: /axi/spi@ff040000/ad9081@0,jesd204:0,parent=spi1.0: JESD204[0] transition opt_setup_stage3 -> opt_setup_stage4
[    8.110370] jesd204: /axi/spi@ff040000/ad9081@0,jesd204:0,parent=spi1.0: JESD204[2] transition opt_setup_stage4 -> opt_setup_stage5
[    8.122195] jesd204: /axi/spi@ff040000/ad9081@0,jesd204:0,parent=spi1.0: JESD204[0] transition opt_setup_stage4 -> opt_setup_stage5
[    8.157265] axi_adxcvr 84a60000.axi-adxcvr-rx: adxcvr_clk_enable: QPLL RX buffer underflow error, status: 0x61
[    8.167251] axi_adxcvr 84a60000.axi-adxcvr-rx: adxcvr_clk_enable: QPLL RX buffer overflow error, status: 0x61
[    8.181276] jesd204: /axi/spi@ff040000/ad9081@0,jesd204:0,parent=spi1.0: JESD204[2] transition opt_setup_stage5 -> clocks_enable
[    8.192834] jesd204: /axi/spi@ff040000/ad9081@0,jesd204:0,parent=spi1.0: JESD204[0] transition opt_setup_stage5 -> clocks_enable
[    8.204451] jesd204: /axi/spi@ff040000/ad9081@0,jesd204:0,parent=spi1.0: JESD204[2] transition clocks_enable -> link_enable
[    8.215576] jesd204: /axi/spi@ff040000/ad9081@0,jesd204:0,parent=spi1.0: JESD204[0] transition clocks_enable -> link_enable
[    8.355679] axi-jesd204-rx 84a90000.axi-jesd204-rx: axi_jesd204_rx_jesd204_link_running: Link2 status failed (CGS)
[    8.366027] jesd204: /fpga-axi@0/axi-jesd204-rx@84a90000,jesd204:4,parent=84a90000.axi-jesd204-rx: JESD204[2] In link_running got error from cb: -1 (ignoring!)
[    8.475902] ad9081 spi1.0: JESD RX (JTX) Link2 in CGS, SYNC asserted, PLL locked, PHASE established, MODE valid
[    8.485994] jesd204: /axi/spi@ff040000/ad9081@0,jesd204:0,parent=spi1.0: JESD204[2] In link_running got error from cb: -1 (ignoring!)
[    8.498239] ad9081 spi1.0: JESD TX (JRX) Link0 0xF lanes in DATA
[    8.504247] jesd204: /axi/spi@ff040000/ad9081@0,jesd204:0,parent=spi1.0: JESD204[2] transition link_enable -> link_running
[    8.515284] jesd204: /axi/spi@ff040000/ad9081@0,jesd204:0,parent=spi1.0: JESD204[0] transition link_enable -> link_running
[    8.526331] jesd204: /axi/spi@ff040000/ad9081@0,jesd204:0,parent=spi1.0: JESD204[2] transition link_running -> opt_post_running_stage
[    8.538322] jesd204: /axi/spi@ff040000/ad9081@0,jesd204:0,parent=spi1.0: JESD204[0] transition link_running -> opt_post_running_stage
[    8.559548] input: gpio-keys as /devices/platform/gpio-keys/input/input0
[    8.566574] of_cfs_init
[    8.569041] of_cfs_init: OK
[    8.571979] cfg80211: Loading compiled-in X.509 certificates for regulatory database
[    8.710111] cfg80211: Loaded X.509 cert 'sforshee: 00b28ddf47aef9cea7'
[    8.716641] clk: Not disabling unused clocks
[    8.721170] ALSA device list:
[    8.724128]   No soundcards found.
[    8.727787] platform regulatory.0: Direct firmware load for regulatory.db failed with error -2
[    8.736401] cfg80211: failed to load regulatory.db
[    8.751686] EXT4-fs (mmcblk0p2): mounted filesystem with ordered data mode. Opts: (null)
[    8.759798] VFS: Mounted root (ext4 filesystem) on device 179:2.
[    8.772939] devtmpfs: mounted
[    8.776746] Freeing unused kernel memory: 2560K
[    8.791727] Run /sbin/init as init process
[    8.795820]   with arguments:
[    8.795822]     /sbin/init
[    8.795824]   with environment:
[    8.795827]     HOME=/
[    8.795829]     TERM=linux
[    9.360916] systemd[1]: systemd 241 running in system mode. (+PAM +AUDIT +SELINUX +IMA +APPARMOR +SMACK +SYSVINIT +UTMP +LIBCRYPTSETUP +GCRYPT +GNUTLS +ACL +XZ +LZ4 +SECCOMP +BLKID +ELFUTILS +KMOD -IDN2 +IDN -PCRE2 default-hierarchy=hybrid)
[    9.382799] systemd[1]: Detected architecture arm64.
[    9.404381] systemd[1]: Set hostname to <analog>.
[    9.595496] systemd[1]: File /lib/systemd/system/systemd-journald.service:12 configures an IP firewall (IPAddressDeny=any), but the local system does not support BPF/cgroup based firewalling.
[    9.612557] systemd[1]: Proceeding WITHOUT firewalling in effect! (This warning is only shown for the first loaded unit using IP firewalling.)
[    9.775578] systemd[1]: /etc/systemd/system/tof-server.service:1: Assignment outside of section. Ignoring.
[    9.785278] systemd[1]: /etc/systemd/system/tof-server.service:2: Assignment outside of section. Ignoring.
[    9.970844] random: systemd: uninitialized urandom read (16 bytes read)
[    9.985537] random: systemd: uninitialized urandom read (16 bytes read)
[    9.992492] systemd[1]: Listening on Syslog Socket.
[   10.007817] systemd[1]: Condition check resulted in Arbitrary Executable File Formats File System Automount Point being skipped.
[   10.019423] random: systemd: uninitialized urandom read (16 bytes read)
[   10.026196] systemd[1]: Started Forward Password Requests to Wall Directory Watch.
[   10.615782] ------------[ cut here ]------------
[   10.615792] Enabling unprepared \xa0S\x88\xff\xff\xff\xd8R\x88\xff\xff\xff
[   10.615841] WARNING: CPU: 0 PID: 114 at drivers/clk/clk.c:1012 clk_core_enable+0xa4/0xc0
[   10.615844] Modules linked in:
[   10.615855] CPU: 0 PID: 114 Comm: kworker/0:1H Not tainted 5.10.0-98103-g2aa7ac113716 #5577
[   10.615858] Hardware name: ZynqMP ZCU102 Rev1.0 (DT)
[   10.615868] Workqueue: kblockd blk_mq_run_work_fn
[   10.615875] pstate: 80000085 (Nzcv daIf -PAN -UAO -TCO BTYPE=--)
[   10.615881] pc : clk_core_enable+0xa4/0xc0
[   10.615886] lr : clk_core_enable+0xa4/0xc0
[   10.615889] sp : ffffffc0127a32d0
[   10.615892] x29: ffffffc0127a32d0 x28: ffffff8800330c10 
[   10.615899] x27: ffffff8800330d48 x26: 0000005000000101 
[   10.615906] x25: 0000000272cf2118 x24: 0000000000000001 
[   10.615912] x23: ffffff880110fc00 x22: ffffff8801083220 
[   10.615919] x21: ffffff880152d800 x20: ffffff880152d808 
[   10.615925] x19: ffffff880152d808 x18: 0000000000000030 
[   10.615932] x17: 000000000000001e x16: 0000004893b818ed 
[   10.615938] x15: ffffffffffff8a88 x14: ffffffc011d3b1a0 
[   10.615945] x13: ffffffc011d3b1c8 x12: 00000000000005fa 
[   10.615951] x11: 00000000000001fe x10: ffffffc011d671c8 
[   10.615958] x9 : 00000000fffff800 x8 : ffffffc011d3b1c8 
[   10.615964] x7 : ffffffc011d671c8 x6 : 0000000000000001 
[   10.615970] x5 : ffffff887f7669e0 x4 : 0000000000000000 
[   10.615976] x3 : 0000000000000027 x2 : 0000000000000023 
[   10.615983] x1 : ebc8c5f90369d700 x0 : 0000000000000000 
[   10.615990] Call trace:
[   10.615997]  clk_core_enable+0xa4/0xc0
[   10.616001]  clk_enable+0x2c/0x60
[   10.616008]  zynqmp_runtime_resume+0x24/0x84
[   10.616015]  pm_generic_runtime_resume+0x30/0x50
[   10.616020]  __genpd_runtime_resume+0x30/0xb0
[   10.616027]  genpd_runtime_resume+0x90/0x250
[   10.616033]  __rpm_callback+0x10c/0x1e0
[   10.616038]  rpm_callback+0x5c/0x84
[   10.616043]  rpm_resume+0x4a4/0x74c
[   10.616048]  __pm_runtime_resume+0x78/0xc4
[   10.616053]  spi_mem_access_start.isra.0+0x30/0x80
[   10.616057]  spi_mem_exec_op+0x3b0/0x424
[   10.616062]  spi_nor_read_sr+0x78/0xe0
[   10.616067]  spi_nor_wait_till_ready_with_timeout+0xb4/0x2f0
[   10.616071]  spi_nor_read+0x188/0x380
[   10.616077]  mtd_read_oob_std+0x78/0x84
[   10.616081]  mtd_read_oob+0x7c/0x134
[   10.616086]  mtd_read+0x48/0x7c
[   10.616092]  mtdblock_readsect+0x6c/0x150
[   10.616097]  mtd_queue_rq+0x2cc/0x5a0
[   10.616102]  blk_mq_dispatch_rq_list+0x110/0x790
[   10.616108]  __blk_mq_do_dispatch_sched+0x200/0x274
[   10.616114]  __blk_mq_sched_dispatch_requests+0x1a8/0x1fc
[   10.616120]  blk_mq_sched_dispatch_requests+0x3c/0x7c
[   10.616125]  __blk_mq_run_hw_queue+0x98/0x100
[   10.616129]  blk_mq_run_work_fn+0x24/0x30
[   10.616135]  process_one_work+0x1d4/0x380
[   10.616139]  worker_thread+0x78/0x4e0
[   10.616144]  kthread+0x124/0x130
[   10.616150]  ret_from_fork+0x10/0x3c
[   10.616153] ---[ end trace a886b3a452f149cb ]---
[   10.616162] zynqmp-qspi ff0f0000.spi: Cannot enable APB clock.
[   10.616213] spi_master spi0: Failed to power device: -108
[   10.616223] blk_update_request: I/O error, dev mtdblock0, sector 8 op 0x0:(READ) flags 0x80700 phys_seg 1 prio class 0
[   10.616306] spi_master spi0: Failed to power device: -22
[   10.616313] blk_update_request: I/O error, dev mtdblock0, sector 8 op 0x0:(READ) flags 0x0 phys_seg 8 prio class 0
[   10.616319] Buffer I/O error on dev mtdblock0, logical block 8, async page read
[   10.616328] spi_master spi0: Failed to power device: -22
[   10.616334] blk_update_request: I/O error, dev mtdblock0, sector 9 op 0x0:(READ) flags 0x0 phys_seg 7 prio class 0
[   10.616338] Buffer I/O error on dev mtdblock0, logical block 9, async page read
[   10.616345] spi_master spi0: Failed to power device: -22
[   10.616351] blk_update_request: I/O error, dev mtdblock0, sector 10 op 0x0:(READ) flags 0x0 phys_seg 6 prio class 0
[   10.616355] Buffer I/O error on dev mtdblock0, logical block 10, async page read
[   10.616362] spi_master spi0: Failed to power device: -22
[   10.616368] blk_update_request: I/O error, dev mtdblock0, sector 11 op 0x0:(READ) flags 0x0 phys_seg 5 prio class 0
[   10.616372] Buffer I/O error on dev mtdblock0, logical block 11, async page read
[   10.616379] spi_master spi0: Failed to power device: -22
[   10.616384] blk_update_request: I/O error, dev mtdblock0, sector 12 op 0x0:(READ) flags 0x0 phys_seg 4 prio class 0
[   10.616388] Buffer I/O error on dev mtdblock0, logical block 12, async page read
[   10.616394] spi_master spi0: Failed to power device: -22
[   10.616400] blk_update_request: I/O error, dev mtdblock0, sector 13 op 0x0:(READ) flags 0x0 phys_seg 3 prio class 0
[   10.616404] Buffer I/O error on dev mtdblock0, logical block 13, async page read
[   10.616410] spi_master spi0: Failed to power device: -22
[   10.616416] blk_update_request: I/O error, dev mtdblock0, sector 14 op 0x0:(READ) flags 0x0 phys_seg 2 prio class 0
[   10.616420] Buffer I/O error on dev mtdblock0, logical block 14, async page read
[   10.616427] spi_master spi0: Failed to power device: -22
[   10.616432] blk_update_request: I/O error, dev mtdblock0, sector 15 op 0x0:(READ) flags 0x0 phys_seg 1 prio class 0
[   10.616436] Buffer I/O error on dev mtdblock0, logical block 15, async page read
[   10.616777] spi_master spi0: Failed to power device: -22
[   10.616784] blk_update_request: I/O error, dev mtdblock1, sector 10112 op 0x0:(READ) flags 0x80700 phys_seg 1 prio class 0
[   10.616827] spi_master spi0: Failed to power device: -22
[   10.616833] Buffer I/O error on dev mtdblock1, logical block 10112, async page read
[   10.616841] spi_master spi0: Failed to power device: -22
[   10.616846] Buffer I/O error on dev mtdblock1, logical block 10113, async page read
[   10.616853] spi_master spi0: Failed to power device: -22
[   10.616860] spi_master spi0: Failed to power device: -22
[   10.616867] spi_master spi0: Failed to power device: -22
[   10.616875] spi_master spi0: Failed to power device: -22
[   10.616882] spi_master spi0: Failed to power device: -22
[   10.616889] spi_master spi0: Failed to power device: -22
[   10.617121] spi_master spi0: Failed to power device: -22
[   10.617164] spi_master spi0: Failed to power device: -22
[   10.617173] spi_master spi0: Failed to power device: -22
[   10.617181] spi_master spi0: Failed to power device: -22
[   10.617188] spi_master spi0: Failed to power device: -22
[   10.617196] spi_master spi0: Failed to power device: -22
[   10.617203] spi_master spi0: Failed to power device: -22
[   10.617210] spi_master spi0: Failed to power device: -22
[   10.617217] spi_master spi0: Failed to power device: -22
[   10.617486] spi_master spi0: Failed to power device: -22
[   10.617530] spi_master spi0: Failed to power device: -22
[   10.617539] spi_master spi0: Failed to power device: -22
[   10.617547] spi_master spi0: Failed to power device: -22
[   10.617555] spi_master spi0: Failed to power device: -22
[   10.617562] spi_master spi0: Failed to power device: -22
[   10.617569] spi_master spi0: Failed to power device: -22
[   10.617576] spi_master spi0: Failed to power device: -22
[   10.617583] spi_master spi0: Failed to power device: -22
[   10.741546] EXT4-fs (mmcblk0p2): re-mounted. Opts: (null)
[   10.823368] systemd-journald[163]: Received request to flush runtime journal from PID 1
[   16.843872] macb ff0e0000.ethernet eth0: PHY [ff0e0000.ethernet-ffffffff:0c] driver [TI DP83867] (irq=POLL)
[   16.843885] macb ff0e0000.ethernet eth0: configuring for phy/rgmii-id link mode
[   17.111714] Adding 102396k swap on /var/swap.  Priority:-2 extents:4 across:9953604k SS
[   18.775708] random: crng init done
[   18.775721] random: 7 urandom warning(s) missed due to ratelimiting
[   19.663257] broken atomic modeset userspace detected, disabling atomic
[   20.929301] macb ff0e0000.ethernet eth0: Link is Up - 1Gbps/Full - flow control off
[   20.929326] IPv6: ADDRCONF(NETDEV_CHANGE): eth0: link becomes ready
[   22.342416] broken atomic modeset userspace detected, disabling atomic
[   25.242742] broken atomic modeset userspace detected, disabling atomic
[   27.888219] broken atomic modeset userspace detected, disabling atomic