[    0.000000] Booting Linux on physical CPU 0x0000000000 [0x410fd034]
[    0.000000] Linux version 5.10.0-98103-g2aa7ac113716 (jenkins@romlxbuild1.adlk.analog.com) (aarch64-xilinx-linux-gcc.real (GCC) 10.2.0, GNU ld (GNU Binutils) 2.35.0.20200730) #5577 SMP Wed Mar 23 07:28:49 GMT 2022
[    0.000000] Machine model: ZynqMP ZCU102 Rev1.0
[    0.000000] earlycon: cdns0 at MMIO 0x00000000ff000000 (options '115200n8')
[    0.000000] printk: bootconsole [cdns0] enabled
[    0.000000] efi: UEFI not found.
[    0.000000] cma: Reserved 256 MiB at 0x0000000070000000
[    0.000000] Zone ranges:
[    0.000000]   DMA      [mem 0x0000000000000000-0x000000003fffffff]
[    0.000000]   DMA32    [mem 0x0000000040000000-0x00000000ffffffff]
[    0.000000]   Normal   [mem 0x0000000100000000-0x000000087fffffff]
[    0.000000] Movable zone start for each node
[    0.000000] Early memory node ranges
[    0.000000]   node   0: [mem 0x0000000000000000-0x000000007fffffff]
[    0.000000]   node   0: [mem 0x0000000800000000-0x000000087fffffff]
[    0.000000] Initmem setup node 0 [mem 0x0000000000000000-0x000000087fffffff]
[    0.000000] On node 0 totalpages: 1048576
[    0.000000]   DMA zone: 3584 pages used for memmap
[    0.000000]   DMA zone: 0 pages reserved
[    0.000000]   DMA zone: 262144 pages, LIFO batch:63
[    0.000000]   DMA32 zone: 3584 pages used for memmap
[    0.000000]   DMA32 zone: 262144 pages, LIFO batch:63
[    0.000000]   Normal zone: 7168 pages used for memmap
[    0.000000]   Normal zone: 524288 pages, LIFO batch:63
[    0.000000] psci: probing for conduit method from DT.
[    0.000000] psci: PSCIv1.1 detected in firmware.
[    0.000000] psci: Using standard PSCI v0.2 function IDs
[    0.000000] psci: MIGRATE_INFO_TYPE not supported.
[    0.000000] psci: SMC Calling Convention v1.2
[    0.000000] percpu: Embedded 22 pages/cpu s49496 r8192 d32424 u90112
[    0.000000] pcpu-alloc: s49496 r8192 d32424 u90112 alloc=22*4096
[    0.000000] pcpu-alloc: [0] 0 [0] 1 [0] 2 [0] 3 
[    0.000000] Detected VIPT I-cache on CPU0
[    0.000000] CPU features: detected: ARM erratum 845719
[    0.000000] Built 1 zonelists, mobility grouping on.  Total pages: 1034240
[    0.000000] Kernel command line: console=ttyPS0,115200 root=/dev/mmcblk0p2 rw earlycon rootfstype=ext4 rootwait clk_ignore_unused cpuidle.off=1 root=/dev/mmcblk0p2 rw rootwait
[    0.000000] Dentry cache hash table entries: 524288 (order: 10, 4194304 bytes, linear)
[    0.000000] Inode-cache hash table entries: 262144 (order: 9, 2097152 bytes, linear)
[    0.000000] mem auto-init: stack:off, heap alloc:off, heap free:off
[    0.000000] software IO TLB: mapped [mem 0x000000003bfff000-0x000000003ffff000] (64MB)
[    0.000000] Memory: 3761904K/4194304K available (15296K kernel code, 1636K rwdata, 11876K rodata, 2560K init, 507K bss, 170256K reserved, 262144K cma-reserved)
[    0.000000] rcu: Hierarchical RCU implementation.
[    0.000000] rcu: 	RCU event tracing is enabled.
[    0.000000] rcu: 	RCU restricting CPUs from NR_CPUS=8 to nr_cpu_ids=4.
[    0.000000] rcu: RCU calculated value of scheduler-enlistment delay is 25 jiffies.
[    0.000000] rcu: Adjusting geometry for rcu_fanout_leaf=16, nr_cpu_ids=4
[    0.000000] NR_IRQS: 64, nr_irqs: 64, preallocated irqs: 0
[    0.000000] GIC: Adjusting CPU interface base to 0x00000000f902f000
[    0.000000] GIC: Using split EOI/Deactivate mode
[    0.000000] random: get_random_bytes called from start_kernel+0x31c/0x54c with crng_init=0
[    0.000000] arch_timer: cp15 timer(s) running at 100.00MHz (phys).
[    0.000000] clocksource: arch_sys_counter: mask: 0xffffffffffffff max_cycles: 0x171024e7e0, max_idle_ns: 440795205315 ns
[    0.000003] sched_clock: 56 bits at 100MHz, resolution 10ns, wraps every 4398046511100ns
[    0.008462] Console: colour dummy device 80x25
[    0.012481] Calibrating delay loop (skipped), value calculated using timer frequency.. 200.00 BogoMIPS (lpj=400000)
[    0.022840] pid_max: default: 32768 minimum: 301
[    0.027550] Mount-cache hash table entries: 8192 (order: 4, 65536 bytes, linear)
[    0.034789] Mountpoint-cache hash table entries: 8192 (order: 4, 65536 bytes, linear)
[    0.043396] rcu: Hierarchical SRCU implementation.
[    0.047559] EFI services will not be available.
[    0.051938] smp: Bringing up secondary CPUs ...
[    0.056660] Detected VIPT I-cache on CPU1
[    0.056700] CPU1: Booted secondary processor 0x0000000001 [0x410fd034]
[    0.057064] Detected VIPT I-cache on CPU2
[    0.057088] CPU2: Booted secondary processor 0x0000000002 [0x410fd034]
[    0.057426] Detected VIPT I-cache on CPU3
[    0.057449] CPU3: Booted secondary processor 0x0000000003 [0x410fd034]
[    0.057495] smp: Brought up 1 node, 4 CPUs
[    0.091780] SMP: Total of 4 processors activated.
[    0.096452] CPU features: detected: 32-bit EL0 Support
[    0.101556] CPU features: detected: CRC32 instructions
[    0.106695] CPU: All CPU(s) started at EL2
[    0.110736] alternatives: patching kernel code
[    0.116170] devtmpfs: initialized
[    0.124065] Registered cp15_barrier emulation handler
[    0.124115] Registered setend emulation handler
[    0.128092] clocksource: jiffies: mask: 0xffffffff max_cycles: 0xffffffff, max_idle_ns: 7645041785100000 ns
[    0.137670] futex hash table entries: 1024 (order: 4, 65536 bytes, linear)
[    0.151028] pinctrl core: initialized pinctrl subsystem
[    0.151674] NET: Registered protocol family 16
[    0.156091] DMA: preallocated 512 KiB GFP_KERNEL pool for atomic allocations
[    0.162108] DMA: preallocated 512 KiB GFP_KERNEL|GFP_DMA pool for atomic allocations
[    0.169835] DMA: preallocated 512 KiB GFP_KERNEL|GFP_DMA32 pool for atomic allocations
[    0.177636] audit: initializing netlink subsys (disabled)
[    0.183087] audit: type=2000 audit(0.116:1): state=initialized audit_enabled=0 res=1
[    0.183431] hw-breakpoint: found 6 breakpoint and 4 watchpoint registers.
[    0.197463] ASID allocator initialised with 65536 entries
[    0.224315] HugeTLB registered 1.00 GiB page size, pre-allocated 0 pages
[    0.225369] HugeTLB registered 32.0 MiB page size, pre-allocated 0 pages
[    0.232039] HugeTLB registered 2.00 MiB page size, pre-allocated 0 pages
[    0.238699] HugeTLB registered 64.0 KiB page size, pre-allocated 0 pages
[    1.304346] DRBG: Continuing without Jitter RNG
[    1.382100] raid6: neonx8   gen()  2141 MB/s
[    1.450145] raid6: neonx8   xor()  1599 MB/s
[    1.518196] raid6: neonx4   gen()  2191 MB/s
[    1.586250] raid6: neonx4   xor()  1569 MB/s
[    1.654310] raid6: neonx2   gen()  2076 MB/s
[    1.722367] raid6: neonx2   xor()  1440 MB/s
[    1.790429] raid6: neonx1   gen()  1772 MB/s
[    1.858474] raid6: neonx1   xor()  1220 MB/s
[    1.926532] raid6: int64x8  gen()  1438 MB/s
[    1.994589] raid6: int64x8  xor()   771 MB/s
[    2.062664] raid6: int64x4  gen()  1599 MB/s
[    2.130705] raid6: int64x4  xor()   819 MB/s
[    2.198773] raid6: int64x2  gen()  1397 MB/s
[    2.266825] raid6: int64x2  xor()   750 MB/s
[    2.334906] raid6: int64x1  gen()  1033 MB/s
[    2.402963] raid6: int64x1  xor()   517 MB/s
[    2.403001] raid6: using algorithm neonx4 gen() 2191 MB/s
[    2.406961] raid6: .... xor() 1569 MB/s, rmw enabled
[    2.411892] raid6: using neon recovery algorithm
[    2.416903] iommu: Default domain type: Translated 
[    2.421516] SCSI subsystem initialized
[    2.425061] libata version 3.00 loaded.
[    2.425184] usbcore: registered new interface driver usbfs
[    2.430518] usbcore: registered new interface driver hub
[    2.435790] usbcore: registered new device driver usb
[    2.440925] mc: Linux media interface: v0.10
[    2.445039] videodev: Linux video capture interface: v2.00
[    2.450531] EDAC MC: Ver: 3.0.0
[    2.453972] zynqmp-ipi-mbox mailbox@ff990400: Registered ZynqMP IPI mbox with TX/RX channels.
[    2.462474] jesd204: created con: id=0, topo=0, link=0, /axi/spi@ff050000/hmc7044@0 <-> /fpga-axi@0/axi-adxcvr-tx@84b60000
[    2.473060] jesd204: created con: id=1, topo=0, link=2, /axi/spi@ff050000/hmc7044@0 <-> /fpga-axi@0/axi-adxcvr-rx@84a60000
[    2.484043] jesd204: created con: id=2, topo=0, link=0, /fpga-axi@0/axi-adxcvr-tx@84b60000 <-> /fpga-axi@0/axi-jesd204-tx@84b90000
[    2.495720] jesd204: created con: id=3, topo=0, link=2, /fpga-axi@0/axi-adxcvr-rx@84a60000 <-> /fpga-axi@0/axi-jesd204-rx@84a90000
[    2.507397] jesd204: created con: id=4, topo=0, link=0, /fpga-axi@0/axi-jesd204-tx@84b90000 <-> /fpga-axi@0/axi-ad9081-tx-hpc@84b10000
[    2.519425] jesd204: created con: id=5, topo=0, link=2, /fpga-axi@0/axi-jesd204-rx@84a90000 <-> /fpga-axi@0/axi-ad9081-rx-hpc@84a10000
[    2.531447] jesd204: created con: id=6, topo=0, link=2, /fpga-axi@0/axi-ad9081-rx-hpc@84a10000 <-> /axi/spi@ff040000/ad9081@0
[    2.542689] jesd204: created con: id=7, topo=0, link=0, /fpga-axi@0/axi-ad9081-tx-hpc@84b10000 <-> /axi/spi@ff040000/ad9081@0
[    2.553939] jesd204: /axi/spi@ff040000/ad9081@0: JESD204[2] transition uninitialized -> initialized
[    2.562925] jesd204: /axi/spi@ff040000/ad9081@0: JESD204[0] transition uninitialized -> initialized
[    2.571916] jesd204: found 8 devices and 1 topologies
[    2.576961] FPGA manager framework
[    2.580440] Advanced Linux Sound Architecture Driver Initialized.
[    2.586733] Bluetooth: Core ver 2.22
[    2.589920] NET: Registered protocol family 31
[    2.594321] Bluetooth: HCI device and connection manager initialized
[    2.600637] Bluetooth: HCI socket layer initialized
[    2.605480] Bluetooth: L2CAP socket layer initialized
[    2.610503] Bluetooth: SCO socket layer initialized
[    2.615691] clocksource: Switched to clocksource arch_sys_counter
[    2.621497] VFS: Disk quotas dquot_6.6.0
[    2.625330] VFS: Dquot-cache hash table entries: 512 (order 0, 4096 bytes)
[    2.636043] NET: Registered protocol family 2
[    2.636777] tcp_listen_portaddr_hash hash table entries: 2048 (order: 3, 32768 bytes, linear)
[    2.644971] TCP established hash table entries: 32768 (order: 6, 262144 bytes, linear)
[    2.652996] TCP bind hash table entries: 32768 (order: 7, 524288 bytes, linear)
[    2.660442] TCP: Hash tables configured (established 32768 bind 32768)
[    2.666615] UDP hash table entries: 2048 (order: 4, 65536 bytes, linear)
[    2.673281] UDP-Lite hash table entries: 2048 (order: 4, 65536 bytes, linear)
[    2.680441] NET: Registered protocol family 1
[    2.684899] RPC: Registered named UNIX socket transport module.
[    2.690518] RPC: Registered udp transport module.
[    2.695182] RPC: Registered tcp transport module.
[    2.699853] RPC: Registered tcp NFSv4.1 backchannel transport module.
[    2.706843] PCI: CLS 0 bytes, default 64
[    2.710548] hw perfevents: no interrupt-affinity property for /pmu, guessing.
[    2.717406] hw perfevents: enabled with armv8_pmuv3 PMU driver, 7 counters available
[    2.725758] Initialise system trusted keyrings
[    2.729432] workingset: timestamp_bits=62 max_order=20 bucket_order=0
[    2.736336] NFS: Registering the id_resolver key type
[    2.740784] Key type id_resolver registered
[    2.744920] Key type id_legacy registered
[    2.748910] nfs4filelayout_init: NFSv4 File Layout Driver Registering...
[    2.755575] jffs2: version 2.2. (NAND) (SUMMARY)  Â© 2001-2006 Red Hat, Inc.
[    2.798949] NET: Registered protocol family 38
[    2.798991] xor: measuring software checksum speed
[    2.806677]    8regs           :  2363 MB/sec
[    2.810346]    32regs          :  2799 MB/sec
[    2.815289]    arm64_neon      :  2380 MB/sec
[    2.815479] xor: using function: 32regs (2799 MB/sec)
[    2.820505] Key type asymmetric registered
[    2.824566] Asymmetric key parser 'x509' registered
[    2.829426] Block layer SCSI generic (bsg) driver version 0.4 loaded (major 248)
[    2.836763] io scheduler mq-deadline registered
[    2.841260] io scheduler kyber registered
[    2.870657] Serial: 8250/16550 driver, 4 ports, IRQ sharing disabled
[    2.875302] cacheinfo: Unable to detect cache hierarchy for CPU 0
[    2.881648] brd: module loaded
[    2.885798] loop: module loaded
[    2.886348] Registered mathworks_ip class
[    2.889669] libphy: Fixed MDIO Bus: probed
[    2.892661] tun: Universal TUN/TAP device driver, 1.6
[    2.896708] CAN device driver interface
[    2.901244] usbcore: registered new interface driver asix
[    2.905840] usbcore: registered new interface driver ax88179_178a
[    2.911874] usbcore: registered new interface driver cdc_ether
[    2.917667] usbcore: registered new interface driver net1080
[    2.923294] usbcore: registered new interface driver cdc_subset
[    2.929174] usbcore: registered new interface driver zaurus
[    2.934717] usbcore: registered new interface driver cdc_ncm
[    2.941121] ehci_hcd: USB 2.0 'Enhanced' Host Controller (EHCI) Driver
[    2.946803] ehci-pci: EHCI PCI platform driver
[    2.951602] usbcore: registered new interface driver uas
[    2.956518] usbcore: registered new interface driver usb-storage
[    2.962506] usbcore: registered new interface driver usbserial_generic
[    2.968957] usbserial: USB Serial support registered for generic
[    2.974930] usbcore: registered new interface driver ftdi_sio
[    2.980633] usbserial: USB Serial support registered for FTDI USB Serial Device
[    2.987910] usbcore: registered new interface driver upd78f0730
[    2.993780] usbserial: USB Serial support registered for upd78f0730
[    3.001434] rtc_zynqmp ffa60000.rtc: registered as rtc0
[    3.005206] rtc_zynqmp ffa60000.rtc: setting system clock to 2022-04-12T21:32:06 UTC (1649799126)
[    3.014069] i2c /dev entries driver
[    3.019383] usbcore: registered new interface driver uvcvideo
[    3.023181] USB Video Class driver (1.1.1)
[    3.028755] Bluetooth: HCI UART driver ver 2.3
[    3.031652] Bluetooth: HCI UART protocol H4 registered
[    3.036767] Bluetooth: HCI UART protocol BCSP registered
[    3.042052] Bluetooth: HCI UART protocol LL registered
[    3.047140] Bluetooth: HCI UART protocol ATH3K registered
[    3.052514] Bluetooth: HCI UART protocol Three-wire (H5) registered
[    3.058769] Bluetooth: HCI UART protocol Intel registered
[    3.064107] Bluetooth: HCI UART protocol QCA registered
[    3.069308] usbcore: registered new interface driver bcm203x
[    3.074929] usbcore: registered new interface driver bpa10x
[    3.080464] usbcore: registered new interface driver bfusb
[    3.085915] usbcore: registered new interface driver btusb
[    3.091378] usbcore: registered new interface driver ath3k
[    3.096861] EDAC MC: ECC not enabled
[    3.100486] EDAC DEVICE0: Giving out device to module zynqmp-ocm-edac controller zynqmp_ocm: DEV ff960000.memory-controller (INTERRUPT)
[    3.112801] sdhci: Secure Digital Host Controller Interface driver
[    3.118589] sdhci: Copyright(c) Pierre Ossman
[    3.122914] sdhci-pltfm: SDHCI platform and OF driver helper
[    3.128964] ledtrig-cpu: registered to indicate activity on CPUs
[    3.134519] SMCCC: SOC_ID: ARCH_SOC_ID not implemented, skipping ....
[    3.140951] zynqmp_firmware_probe Platform Management API v1.1
[    3.146705] zynqmp_firmware_probe Trustzone version v1.0
[    3.186263] zynqmp-pinctrl firmware:zynqmp-firmware:pinctrl: zynqmp pinctrl initialized
[    3.234251] zynqmp-aes firmware:zynqmp-firmware:zynqmp-aes: will run requests pump with realtime priority
[    3.250056] alg: No test for xilinx-keccak-384 (zynqmp-keccak-384)
[    3.250768] alg: No test for xilinx-zynqmp-rsa (zynqmp-rsa)
[    3.256285] usbcore: registered new interface driver usbhid
[    3.261671] usbhid: USB HID core driver
[    3.272926] axi_sysid 85000000.axi-sysid-0: AXI System ID core version (1.01.a) found
[    3.275278] axi_sysid 85000000.axi-sysid-0: [ad9081_fmca_ebz] on [zcu102] git branch <master> git <084d44c9780640ca93fd847b1d9ec70dd65f5c67> clean [2022-03-18 04:17:50] UTC
[    3.290962] fpga_manager fpga0: Xilinx ZynqMP FPGA Manager registered
[    3.297322] usbcore: registered new interface driver snd-usb-audio
[    3.304772] pktgen: Packet Generator for packet performance testing. Version: 2.75
[    3.310954] Initializing XFRM netlink socket
[    3.314809] NET: Registered protocol family 10
[    3.319526] Segment Routing with IPv6
[    3.322907] sit: IPv6, IPv4 and MPLS over IPv4 tunneling driver
[    3.328975] NET: Registered protocol family 17
[    3.333082] NET: Registered protocol family 15
[    3.337576] can: controller area network core
[    3.341832] NET: Registered protocol family 29
[    3.346220] can: raw protocol
[    3.349155] can: broadcast manager protocol
[    3.353311] can: netlink gateway - max_hops=1
[    3.357704] Bluetooth: RFCOMM TTY layer initialized
[    3.362484] Bluetooth: RFCOMM socket layer initialized
[    3.367592] Bluetooth: RFCOMM ver 1.11
[    3.371303] Bluetooth: BNEP (Ethernet Emulation) ver 1.3
[    3.376574] Bluetooth: BNEP filters: protocol multicast
[    3.381768] Bluetooth: BNEP socket layer initialized
[    3.386695] Bluetooth: HIDP (Human Interface Emulation) ver 1.2
[    3.392579] Bluetooth: HIDP socket layer initialized
[    3.397635] 9pnet: Installing 9P2000 support
[    3.401757] NET: Registered protocol family 36
[    3.406178] Key type dns_resolver registered
[    3.410604] registered taskstats version 1
[    3.414468] Loading compiled-in X.509 certificates
[    3.419583] Btrfs loaded, crc32c=crc32c-generic
[    3.431994] ff000000.serial: ttyPS0 at MMIO 0xff000000 (irq = 49, base_baud = 6249999) is a xuartps
[    3.441013] printk: console [ttyPS0] enabled
[    3.445306] printk: bootconsole [cdns0] disabled
[    3.454941] ff010000.serial: ttyPS1 at MMIO 0xff010000 (irq = 50, base_baud = 6249999) is a xuartps
[    3.468174] of-fpga-region fpga-full: FPGA Region probed
[    3.475126] nwl-pcie fd0e0000.pcie: host bridge /axi/pcie@fd0e0000 ranges:
[    3.482019] nwl-pcie fd0e0000.pcie:      MEM 0x00e0000000..0x00efffffff -> 0x00e0000000
[    3.490022] nwl-pcie fd0e0000.pcie:      MEM 0x0600000000..0x07ffffffff -> 0x0600000000
[    3.498084] nwl-pcie fd0e0000.pcie: Link is DOWN
[    3.502838] nwl-pcie fd0e0000.pcie: PCI host bridge to bus 0000:00
[    3.509019] pci_bus 0000:00: root bus resource [bus 00-ff]
[    3.514500] pci_bus 0000:00: root bus resource [mem 0xe0000000-0xefffffff]
[    3.521370] pci_bus 0000:00: root bus resource [mem 0x600000000-0x7ffffffff pref]
[    3.528874] pci 0000:00:00.0: [10ee:d021] type 01 class 0x060400
[    3.534930] pci 0000:00:00.0: PME# supported from D0 D1 D2 D3hot
[    3.545377] pci 0000:00:00.0: PCI bridge to [bus 01-0c]
[    3.551358] xilinx-zynqmp-dma fd500000.dma: ZynqMP DMA driver Probe success
[    3.558537] xilinx-zynqmp-dma fd510000.dma: ZynqMP DMA driver Probe success
[    3.565718] xilinx-zynqmp-dma fd520000.dma: ZynqMP DMA driver Probe success
[    3.572888] xilinx-zynqmp-dma fd530000.dma: ZynqMP DMA driver Probe success
[    3.580055] xilinx-zynqmp-dma fd540000.dma: ZynqMP DMA driver Probe success
[    3.587225] xilinx-zynqmp-dma fd550000.dma: ZynqMP DMA driver Probe success
[    3.594395] xilinx-zynqmp-dma fd560000.dma: ZynqMP DMA driver Probe success
[    3.601565] xilinx-zynqmp-dma fd570000.dma: ZynqMP DMA driver Probe success
[    3.608965] xilinx-zynqmp-dpdma fd4c0000.dma-controller: Xilinx DPDMA engine is probed
[    3.617501] ahci-ceva fd0c0000.ahci: supply ahci not found, using dummy regulator
[    3.625043] ahci-ceva fd0c0000.ahci: supply phy not found, using dummy regulator
[    3.715861] hmc7044 spi2.0: PLL1: Acquisition, CLKIN0 @ 122880000 Hz, PFD: 80 kHz - PLL2: Locked @ 2872.000000 MHz
[    3.726578] jesd204: /axi/spi@ff050000/hmc7044@0,jesd204:1,parent=spi2.0: Using as SYSREF provider
[    3.736164] spi-nor spi0.0: SPI-NOR-UniqueID 100000235394732200270025081115266e
[    3.743474] spi-nor spi0.0: found n25q512a, expected m25p80
[    3.749676] spi-nor spi0.0: trying to lock already unlocked area
[    3.755676] spi-nor spi0.0: n25q512a (131072 Kbytes)
[    3.760660] 4 fixed-partitions partitions found on MTD device spi0.0
[    3.767008] Creating 4 MTD partitions on "spi0.0":
[    3.771793] 0x000000000000-0x000000100000 : "qspi-fsbl-uboot"
[    3.778279] 0x000000100000-0x000000600000 : "qspi-linux"
[    3.784241] 0x000000600000-0x000000620000 : "qspi-device-tree"
[    3.790707] 0x000000620000-0x000000c00000 : "qspi-rootfs"
[    3.799169] macb ff0e0000.ethernet: Not enabling partial store and forward
[    3.806686] libphy: MACB_mii_bus: probed
[    3.811748] macb ff0e0000.ethernet eth0: Cadence GEM rev 0x50070106 at 0xff0e0000 irq 30 (00:0a:35:04:8e:1b)
[    3.821957] xilinx-axipmon ffa00000.perf-monitor: Probed Xilinx APM
[    3.828536] xilinx-axipmon fd0b0000.perf-monitor: Probed Xilinx APM
[    3.835056] xilinx-axipmon fd490000.perf-monitor: Probed Xilinx APM
[    3.841600] xilinx-axipmon ffa10000.perf-monitor: Probed Xilinx APM
[    3.851594] pca953x 0-0020: supply vcc not found, using dummy regulator
[    3.858274] pca953x 0-0020: using no AI
[    3.862765] gpio-496 (sel0): hogged as output/low
[    3.867662] gpio-497 (sel1): hogged as output/high
[    3.872649] gpio-498 (sel2): hogged as output/high
[    3.877636] gpio-499 (sel3): hogged as output/high
[    3.882807] pca953x 0-0021: supply vcc not found, using dummy regulator
[    3.889479] pca953x 0-0021: using no AI
[    3.895236] ina2xx 2-0040: power monitor ina226 (Rshunt = 5000 uOhm)
[    3.902265] ina2xx 2-0041: power monitor ina226 (Rshunt = 5000 uOhm)
[    3.909306] ina2xx 2-0042: power monitor ina226 (Rshunt = 5000 uOhm)
[    3.916342] ina2xx 2-0043: power monitor ina226 (Rshunt = 5000 uOhm)
[    3.923371] ina2xx 2-0044: power monitor ina226 (Rshunt = 5000 uOhm)
[    3.930393] ina2xx 2-0045: power monitor ina226 (Rshunt = 5000 uOhm)
[    3.937420] ina2xx 2-0046: power monitor ina226 (Rshunt = 5000 uOhm)
[    3.944497] ina2xx 2-0047: power monitor ina226 (Rshunt = 5000 uOhm)
[    3.951521] ina2xx 2-004a: power monitor ina226 (Rshunt = 5000 uOhm)
[    3.958556] ina2xx 2-004b: power monitor ina226 (Rshunt = 5000 uOhm)
[    3.964967] i2c i2c-0: Added multiplexed i2c bus 2
[    3.970349] random: fast init done
[    3.973823] ina2xx 3-0040: power monitor ina226 (Rshunt = 2000 uOhm)
[    3.980850] ina2xx 3-0041: power monitor ina226 (Rshunt = 5000 uOhm)
[    3.987876] ina2xx 3-0042: power monitor ina226 (Rshunt = 5000 uOhm)
[    3.994909] ina2xx 3-0043: power monitor ina226 (Rshunt = 5000 uOhm)
[    4.001934] ina2xx 3-0044: power monitor ina226 (Rshunt = 5000 uOhm)
[    4.008960] ina2xx 3-0045: power monitor ina226 (Rshunt = 5000 uOhm)
[    4.015992] ina2xx 3-0046: power monitor ina226 (Rshunt = 5000 uOhm)
[    4.023024] ina2xx 3-0047: power monitor ina226 (Rshunt = 5000 uOhm)
[    4.029423] i2c i2c-0: Added multiplexed i2c bus 3
[    4.085291] i2c i2c-0: Added multiplexed i2c bus 4
[    4.090233] i2c i2c-0: Added multiplexed i2c bus 5
[    4.095023] pca954x 0-0075: registered 4 multiplexed busses for I2C mux pca9544
[    4.102373] cdns-i2c ff020000.i2c: 400 kHz mmio ff020000 irq 32
[    4.110104] at24 6-0054: supply vcc not found, using dummy regulator
[    4.117000] at24 6-0054: 1024 byte 24c08 EEPROM, writable, 1 bytes/write
[    4.123752] i2c i2c-1: Added multiplexed i2c bus 6
[    4.130180] si5341 7-0036: Chip: 5341 Grade: 1 Rev: 1
[    4.167875] i2c i2c-1: Added multiplexed i2c bus 7
[    4.175524] si570 8-005d: registered, current frequency 300000000 Hz
[    4.181924] i2c i2c-1: Added multiplexed i2c bus 8
[    4.201713] si570 9-005d: registered, current frequency 148500000 Hz
[    4.208112] i2c i2c-1: Added multiplexed i2c bus 9
[    4.213151] si5324 10-0069: si5328 probed
[    4.280044] si5324 10-0069: si5328 probe successful
[    4.284975] i2c i2c-1: Added multiplexed i2c bus 10
[    4.290002] i2c i2c-1: Added multiplexed i2c bus 11
[    4.295026] i2c i2c-1: Added multiplexed i2c bus 12
[    4.300050] i2c i2c-1: Added multiplexed i2c bus 13
[    4.304931] pca954x 1-0074: registered 8 multiplexed busses for I2C switch pca9548
[    4.313042] at24 14-0050: supply vcc not found, using dummy regulator
[    4.319827] at24 14-0050: 256 byte 24c02 EEPROM, writable, 1 bytes/write
[    4.326575] i2c i2c-1: Added multiplexed i2c bus 14
[    4.331615] i2c i2c-1: Added multiplexed i2c bus 15
[    4.336648] i2c i2c-1: Added multiplexed i2c bus 16
[    4.341685] i2c i2c-1: Added multiplexed i2c bus 17
[    4.346716] i2c i2c-1: Added multiplexed i2c bus 18
[    4.351763] i2c i2c-1: Added multiplexed i2c bus 19
[    4.356803] i2c i2c-1: Added multiplexed i2c bus 20
[    4.361840] i2c i2c-1: Added multiplexed i2c bus 21
[    4.366714] pca954x 1-0075: registered 8 multiplexed busses for I2C switch pca9548
[    4.374324] cdns-i2c ff030000.i2c: 400 kHz mmio ff030000 irq 33
[    4.384065] cdns-wdt fd4d0000.watchdog: Xilinx Watchdog Timer with timeout 60s
[    4.393117] axi_adxcvr 84a60000.axi-adxcvr-rx: adxcvr_enforce_settings: Using QPLL without access, assuming desired Lane rate will be configured by a different instance
[    4.409761] axi_adxcvr 84a60000.axi-adxcvr-rx: AXI-ADXCVR-RX (17.05.a) using QPLL on GTH4 at 0x84A60000. Number of lanes: 4.
[    4.421920] axi_adxcvr 84b60000.axi-adxcvr-tx: AXI-ADXCVR-TX (17.05.a) using QPLL on GTH4 at 0x84B60000. Number of lanes: 4.
[    4.425870] mmc0: SDHCI controller on ff170000.mmc [ff170000.mmc] using ADMA 64-bit
[    4.441072] axi-jesd204-rx 84a90000.axi-jesd204-rx: AXI-JESD204-RX (1.07.a) at 0x84A90000. Encoder 8b10b, width 4/4, lanes 4, jesd204-fsm.
[    4.453908] axi-jesd204-tx 84b90000.axi-jesd204-tx: AXI-JESD204-TX (1.06.a) at 0x84B90000. Encoder 8b10b, width 4/4, lanes 4, jesd204-fsm.
[    4.467414] zynqmp-display fd4a0000.display: vtc bridge property not present
[    4.473454] mmc0: new high speed SDHC card at address 0001
[    4.477062] xilinx-dp-snd-codec fd4a0000.display:zynqmp_dp_snd_codec0: Failed to get required clock freq
[    4.480297] mmcblk0: mmc0:0001 EB1QT 29.8 GiB 
[    4.489426] xilinx-dp-snd-codec: probe of fd4a0000.display:zynqmp_dp_snd_codec0 failed with error -22
[    4.495081]  mmcblk0: p1 p2 p3
[    4.503412] xilinx-dp-snd-pcm zynqmp_dp_snd_pcm0: Xilinx DisplayPort Sound PCM probed
[    4.514268] xilinx-dp-snd-pcm zynqmp_dp_snd_pcm1: Xilinx DisplayPort Sound PCM probed
[    4.522478] OF: graph: no port node found in /axi/display@fd4a0000
[    4.528884] xlnx-drm xlnx-drm.0: bound fd4a0000.display (ops 0xffffffc010fcbdb8)
[    5.615705] zynqmp-display fd4a0000.display: [drm] Cannot find any crtc or sizes
[    5.623322] [drm] Initialized xlnx 1.0.0 20130509 for fd4a0000.display on minor 0
[    5.630811] zynqmp-display fd4a0000.display: ZynqMP DisplayPort Subsystem driver probed
[    5.639122] ahci-ceva fd0c0000.ahci: supply ahci not found, using dummy regulator
[    5.646661] ahci-ceva fd0c0000.ahci: supply phy not found, using dummy regulator
[    5.654115] ahci-ceva fd0c0000.ahci: supply target not found, using dummy regulator
[    5.661952] ahci-ceva fd0c0000.ahci: AHCI 0001.0301 32 slots 2 ports 6 Gbps 0x3 impl platform mode
[    5.670909] ahci-ceva fd0c0000.ahci: flags: 64bit ncq sntf pm clo only pmp fbs pio slum part ccc sds apst 
[    5.681603] scsi host0: ahci-ceva
[    5.685211] scsi host1: ahci-ceva
[    5.688635] ata1: SATA max UDMA/133 mmio [mem 0xfd0c0000-0xfd0c1fff] port 0x100 irq 45
[    5.696553] ata2: SATA max UDMA/133 mmio [mem 0xfd0c0000-0xfd0c1fff] port 0x180 irq 45
[    5.705153] ad9081 spi1.0: supply vdd not found, using dummy regulator
[    6.017941] ata1: SATA link down (SStatus 0 SControl 330)
[    6.023351] ata2: SATA link down (SStatus 0 SControl 330)
[    6.699709] zynqmp-display fd4a0000.display: [drm] Cannot find any crtc or sizes
[    7.496427] ad9081 spi1.0: AD9081 Rev. 2 Grade 10 (API 1.2.2) probed
[    7.503647] xhci-hcd xhci-hcd.1.auto: xHCI Host Controller
[    7.509143] xhci-hcd xhci-hcd.1.auto: new USB bus registered, assigned bus number 1
[    7.516890] xhci-hcd xhci-hcd.1.auto: hcc params 0x0238f625 hci version 0x100 quirks 0x0000000002010810
[    7.526303] xhci-hcd xhci-hcd.1.auto: irq 59, io mem 0xfe200000
[    7.532409] usb usb1: New USB device found, idVendor=1d6b, idProduct=0002, bcdDevice= 5.10
[    7.540669] usb usb1: New USB device strings: Mfr=3, Product=2, SerialNumber=1
[    7.547887] usb usb1: Product: xHCI Host Controller
[    7.552756] usb usb1: Manufacturer: Linux 5.10.0-98103-g2aa7ac113716 xhci-hcd
[    7.559882] usb usb1: SerialNumber: xhci-hcd.1.auto
[    7.565050] hub 1-0:1.0: USB hub found
[    7.568818] hub 1-0:1.0: 1 port detected
[    7.572925] xhci-hcd xhci-hcd.1.auto: xHCI Host Controller
[    7.578413] xhci-hcd xhci-hcd.1.auto: new USB bus registered, assigned bus number 2
[    7.586065] xhci-hcd xhci-hcd.1.auto: Host supports USB 3.0 SuperSpeed
[    7.592694] usb usb2: New USB device found, idVendor=1d6b, idProduct=0003, bcdDevice= 5.10
[    7.600951] usb usb2: New USB device strings: Mfr=3, Product=2, SerialNumber=1
[    7.608175] usb usb2: Product: xHCI Host Controller
[    7.613047] usb usb2: Manufacturer: Linux 5.10.0-98103-g2aa7ac113716 xhci-hcd
[    7.620173] usb usb2: SerialNumber: xhci-hcd.1.auto
[    7.625282] hub 2-0:1.0: USB hub found
[    7.629046] hub 2-0:1.0: 1 port detected
[    7.659133] cf_axi_adc 84a10000.axi-ad9081-rx-hpc: ADI AIM (10.01.b) at 0x84A10000 mapped to 0x(____ptrval____), probed ADC AD9081 as MASTER
[    7.692529] cf_axi_dds 84b10000.axi-ad9081-tx-hpc: Analog Devices CF_AXI_DDS_DDS MASTER (9.01.b) at 0x84B10000 mapped to 0x(____ptrval____), probed DDS AD9081
[    7.706727] jesd204: /axi/spi@ff040000/ad9081@0,jesd204:0,parent=spi1.0: JESD204[2] transition initialized -> probed
[    7.717251] jesd204: /axi/spi@ff040000/ad9081@0,jesd204:0,parent=spi1.0: JESD204[0] transition initialized -> probed
[    7.727773] jesd204: /axi/spi@ff040000/ad9081@0,jesd204:0,parent=spi1.0: JESD204[2] transition probed -> idle
[    7.737682] jesd204: /axi/spi@ff040000/ad9081@0,jesd204:0,parent=spi1.0: JESD204[0] transition probed -> idle
[    7.747596] jesd204: /axi/spi@ff040000/ad9081@0,jesd204:0,parent=spi1.0: JESD204[2] transition idle -> device_init
[    7.757940] jesd204: /axi/spi@ff040000/ad9081@0,jesd204:0,parent=spi1.0: JESD204[0] transition idle -> device_init
[    7.768291] jesd204: /axi/spi@ff040000/ad9081@0,jesd204:0,parent=spi1.0: JESD204[2] transition device_init -> link_init
[    7.779066] jesd204: /axi/spi@ff040000/ad9081@0,jesd204:0,parent=spi1.0: JESD204[0] transition device_init -> link_init
[    7.789858] jesd204: /axi/spi@ff040000/ad9081@0,jesd204:0,parent=spi1.0: JESD204[2] transition link_init -> link_supported
[    7.800896] jesd204: /axi/spi@ff040000/ad9081@0,jesd204:0,parent=spi1.0: JESD204[0] transition link_init -> link_supported
[    7.812306] hmc7044 spi2.0: hmc7044_jesd204_link_pre_setup: Link2 forcing continuous SYSREF mode
[    7.821423] jesd204: /axi/spi@ff040000/ad9081@0,jesd204:0,parent=spi1.0: JESD204[2] transition link_supported -> link_pre_setup
[    7.832902] jesd204: /axi/spi@ff040000/ad9081@0,jesd204:0,parent=spi1.0: JESD204[0] transition link_supported -> link_pre_setup
[    7.856742] jesd204: /axi/spi@ff040000/ad9081@0,jesd204:0,parent=spi1.0: JESD204[2] transition link_pre_setup -> clk_sync_stage1
[    7.868308] jesd204: /axi/spi@ff040000/ad9081@0,jesd204:0,parent=spi1.0: JESD204[0] transition link_pre_setup -> clk_sync_stage1
[    7.879871] jesd204: /axi/spi@ff040000/ad9081@0,jesd204:0,parent=spi1.0: JESD204[2] transition clk_sync_stage1 -> clk_sync_stage2
[    7.891516] jesd204: /axi/spi@ff040000/ad9081@0,jesd204:0,parent=spi1.0: JESD204[0] transition clk_sync_stage1 -> clk_sync_stage2
[    7.903168] jesd204: /axi/spi@ff040000/ad9081@0,jesd204:0,parent=spi1.0: JESD204[2] transition clk_sync_stage2 -> clk_sync_stage3
[    7.914818] jesd204: /axi/spi@ff040000/ad9081@0,jesd204:0,parent=spi1.0: JESD204[0] transition clk_sync_stage2 -> clk_sync_stage3
[    7.928484] jesd204: /axi/spi@ff040000/ad9081@0,jesd204:0,parent=spi1.0: JESD204[2] transition clk_sync_stage3 -> link_setup
[    7.939702] jesd204: /axi/spi@ff040000/ad9081@0,jesd204:0,parent=spi1.0: JESD204[0] transition clk_sync_stage3 -> link_setup
[    7.955700] jesd204: /axi/spi@ff040000/ad9081@0,jesd204:0,parent=spi1.0: JESD204[2] transition link_setup -> opt_setup_stage1
[    7.966999] jesd204: /axi/spi@ff040000/ad9081@0,jesd204:0,parent=spi1.0: JESD204[0] transition link_setup -> opt_setup_stage1
[    7.983336] jesd204: /axi/spi@ff040000/ad9081@0,jesd204:0,parent=spi1.0: JESD204[2] transition opt_setup_stage1 -> opt_setup_stage2
[    7.995157] jesd204: /axi/spi@ff040000/ad9081@0,jesd204:0,parent=spi1.0: JESD204[0] transition opt_setup_stage1 -> opt_setup_stage2
[    8.007130] jesd204: /axi/spi@ff040000/ad9081@0,jesd204:0,parent=spi1.0: JESD204[2] transition opt_setup_stage2 -> opt_setup_stage3
[    8.018949] jesd204: /axi/spi@ff040000/ad9081@0,jesd204:0,parent=spi1.0: JESD204[0] transition opt_setup_stage2 -> opt_setup_stage3
[    8.030773] jesd204: /axi/spi@ff040000/ad9081@0,jesd204:0,parent=spi1.0: JESD204[2] transition opt_setup_stage3 -> opt_setup_stage4
[    8.042591] jesd204: /axi/spi@ff040000/ad9081@0,jesd204:0,parent=spi1.0: JESD204[0] transition opt_setup_stage3 -> opt_setup_stage4
[    8.054419] jesd204: /axi/spi@ff040000/ad9081@0,jesd204:0,parent=spi1.0: JESD204[2] transition opt_setup_stage4 -> opt_setup_stage5
[    8.066245] jesd204: /axi/spi@ff040000/ad9081@0,jesd204:0,parent=spi1.0: JESD204[0] transition opt_setup_stage4 -> opt_setup_stage5
[    8.101317] axi_adxcvr 84a60000.axi-adxcvr-rx: adxcvr_clk_enable: QPLL RX buffer underflow error, status: 0x61
[    8.111309] axi_adxcvr 84a60000.axi-adxcvr-rx: adxcvr_clk_enable: QPLL RX buffer overflow error, status: 0x61
[    8.125394] jesd204: /axi/spi@ff040000/ad9081@0,jesd204:0,parent=spi1.0: JESD204[2] transition opt_setup_stage5 -> clocks_enable
[    8.136953] jesd204: /axi/spi@ff040000/ad9081@0,jesd204:0,parent=spi1.0: JESD204[0] transition opt_setup_stage5 -> clocks_enable
[    8.148580] jesd204: /axi/spi@ff040000/ad9081@0,jesd204:0,parent=spi1.0: JESD204[2] transition clocks_enable -> link_enable
[    8.159703] jesd204: /axi/spi@ff040000/ad9081@0,jesd204:0,parent=spi1.0: JESD204[0] transition clocks_enable -> link_enable
[    8.299693] axi-jesd204-rx 84a90000.axi-jesd204-rx: axi_jesd204_rx_jesd204_link_running: Link2 status failed (CGS)
[    8.310040] jesd204: /fpga-axi@0/axi-jesd204-rx@84a90000,jesd204:4,parent=84a90000.axi-jesd204-rx: JESD204[2] In link_running got error from cb: -1 (ignoring!)
[    8.419925] ad9081 spi1.0: JESD RX (JTX) Link2 in CGS, SYNC asserted, PLL locked, PHASE established, MODE valid
[    8.430017] jesd204: /axi/spi@ff040000/ad9081@0,jesd204:0,parent=spi1.0: JESD204[2] In link_running got error from cb: -1 (ignoring!)
[    8.442253] ad9081 spi1.0: JESD TX (JRX) Link0 0xF lanes in DATA
[    8.448263] jesd204: /axi/spi@ff040000/ad9081@0,jesd204:0,parent=spi1.0: JESD204[2] transition link_enable -> link_running
[    8.459301] jesd204: /axi/spi@ff040000/ad9081@0,jesd204:0,parent=spi1.0: JESD204[0] transition link_enable -> link_running
[    8.470345] jesd204: /axi/spi@ff040000/ad9081@0,jesd204:0,parent=spi1.0: JESD204[2] transition link_running -> opt_post_running_stage
[    8.482338] jesd204: /axi/spi@ff040000/ad9081@0,jesd204:0,parent=spi1.0: JESD204[0] transition link_running -> opt_post_running_stage
[    8.503544] input: gpio-keys as /devices/platform/gpio-keys/input/input0
[    8.510556] of_cfs_init
[    8.513023] of_cfs_init: OK
[    8.515971] cfg80211: Loading compiled-in X.509 certificates for regulatory database
[    8.654248] cfg80211: Loaded X.509 cert 'sforshee: 00b28ddf47aef9cea7'
[    8.660775] clk: Not disabling unused clocks
[    8.665304] ALSA device list:
[    8.668265]   No soundcards found.
[    8.671933] platform regulatory.0: Direct firmware load for regulatory.db failed with error -2
[    8.680546] cfg80211: failed to load regulatory.db
[    8.695088] EXT4-fs (mmcblk0p2): mounted filesystem with ordered data mode. Opts: (null)
[    8.703200] VFS: Mounted root (ext4 filesystem) on device 179:2.
[    8.716345] devtmpfs: mounted
[    8.720186] Freeing unused kernel memory: 2560K
[    8.731740] Run /sbin/init as init process
[    8.735832]   with arguments:
[    8.735834]     /sbin/init
[    8.735836]   with environment:
[    8.735839]     HOME=/
[    8.735841]     TERM=linux
[    9.299536] systemd[1]: systemd 241 running in system mode. (+PAM +AUDIT +SELINUX +IMA +APPARMOR +SMACK +SYSVINIT +UTMP +LIBCRYPTSETUP +GCRYPT +GNUTLS +ACL +XZ +LZ4 +SECCOMP +BLKID +ELFUTILS +KMOD -IDN2 +IDN -PCRE2 default-hierarchy=hybrid)
[    9.321405] systemd[1]: Detected architecture arm64.
[    9.344395] systemd[1]: Set hostname to <analog>.
[    9.527493] systemd[1]: File /lib/systemd/system/systemd-journald.service:12 configures an IP firewall (IPAddressDeny=any), but the local system does not support BPF/cgroup based firewalling.
[    9.540567] random: crng init done
[    9.544567] systemd[1]: Proceeding WITHOUT firewalling in effect! (This warning is only shown for the first loaded unit using IP firewalling.)
[    9.711096] systemd[1]: /etc/systemd/system/tof-server.service:1: Assignment outside of section. Ignoring.
[    9.720795] systemd[1]: /etc/systemd/system/tof-server.service:2: Assignment outside of section. Ignoring.
[    9.911646] systemd[1]: Created slice system-getty.slice.
[    9.932079] systemd[1]: Listening on Syslog Socket.
[    9.947984] systemd[1]: Created slice system-systemd\x2dfsck.slice.
[   10.543384] ------------[ cut here ]------------
[   10.543395] Enabling unprepared \xa0\xe9Q\x88\xff\xff\xffpQ\x88\xff\xff\xff
[   10.543442] WARNING: CPU: 3 PID: 126 at drivers/clk/clk.c:1012 clk_core_enable+0xa4/0xc0
[   10.543445] Modules linked in:
[   10.543456] CPU: 3 PID: 126 Comm: kworker/3:1H Not tainted 5.10.0-98103-g2aa7ac113716 #5577
[   10.543459] Hardware name: ZynqMP ZCU102 Rev1.0 (DT)
[   10.543468] Workqueue: kblockd blk_mq_run_work_fn
[   10.543476] pstate: 80000085 (Nzcv daIf -PAN -UAO -TCO BTYPE=--)
[   10.543481] pc : clk_core_enable+0xa4/0xc0
[   10.543486] lr : clk_core_enable+0xa4/0xc0
[   10.543489] sp : ffffffc012b432d0
[   10.543492] x29: ffffffc012b432d0 x28: ffffff8800330c10 
[   10.543500] x27: ffffff8800330d48 x26: 0000005000000101 
[   10.543506] x25: 000000026e7e3cac x24: 0000000000000001 
[   10.543513] x23: ffffff88010e9380 x22: ffffff8801083220 
[   10.543519] x21: ffffff8801517000 x20: ffffff8801517008 
[   10.543526] x19: ffffff8801517008 x18: 0000000000000030 
[   10.543532] x17: 0000000000000003 x16: 0000ad579aa8a9fe 
[   10.543538] x15: ffffffffffff88c8 x14: ffffffc011d3b1a0 
[   10.543545] x13: ffffffc011d3b1c8 x12: 00000000000005f1 
[   10.543551] x11: 00000000000001fb x10: ffffffc011d671c8 
[   10.543558] x9 : 00000000fffff800 x8 : ffffffc011d3b1c8 
[   10.543564] x7 : ffffffc011d671c8 x6 : 0000000000000001 
[   10.543571] x5 : ffffff887f7a89e0 x4 : 0000000000000000 
[   10.543577] x3 : 0000000000000027 x2 : 0000000000000023 
[   10.543583] x1 : abf5b370f5b2ce00 x0 : 0000000000000000 
[   10.543589] Call trace:
[   10.543596]  clk_core_enable+0xa4/0xc0
[   10.543601]  clk_enable+0x2c/0x60
[   10.543607]  zynqmp_runtime_resume+0x24/0x84
[   10.543614]  pm_generic_runtime_resume+0x30/0x50
[   10.543619]  __genpd_runtime_resume+0x30/0xb0
[   10.543626]  genpd_runtime_resume+0x90/0x250
[   10.543632]  __rpm_callback+0x10c/0x1e0
[   10.543637]  rpm_callback+0x5c/0x84
[   10.543642]  rpm_resume+0x4a4/0x74c
[   10.543647]  __pm_runtime_resume+0x78/0xc4
[   10.543652]  spi_mem_access_start.isra.0+0x30/0x80
[   10.543656]  spi_mem_exec_op+0x3b0/0x424
[   10.543661]  spi_nor_read_sr+0x78/0xe0
[   10.543666]  spi_nor_wait_till_ready_with_timeout+0xb4/0x2f0
[   10.543670]  spi_nor_read+0x188/0x380
[   10.543676]  mtd_read_oob_std+0x78/0x84
[   10.543680]  mtd_read_oob+0x7c/0x134
[   10.543685]  mtd_read+0x48/0x7c
[   10.543692]  mtdblock_readsect+0x6c/0x150
[   10.543697]  mtd_queue_rq+0x2cc/0x5a0
[   10.543702]  blk_mq_dispatch_rq_list+0x110/0x790
[   10.543708]  __blk_mq_do_dispatch_sched+0x200/0x274
[   10.543714]  __blk_mq_sched_dispatch_requests+0x1a8/0x1fc
[   10.543720]  blk_mq_sched_dispatch_requests+0x3c/0x7c
[   10.543724]  __blk_mq_run_hw_queue+0x98/0x100
[   10.543729]  blk_mq_run_work_fn+0x24/0x30
[   10.543735]  process_one_work+0x1d4/0x380
[   10.543739]  worker_thread+0x78/0x4e0
[   10.543745]  kthread+0x124/0x130
[   10.543750]  ret_from_fork+0x10/0x3c
[   10.543754] ---[ end trace f52a7f122cd1501d ]---
[   10.543840] zynqmp-qspi ff0f0000.spi: Cannot enable APB clock.
[   10.543891] spi_master spi0: Failed to power device: -108
[   10.543902] blk_update_request: I/O error, dev mtdblock0, sector 8 op 0x0:(READ) flags 0x80700 phys_seg 1 prio class 0
[   10.543972] spi_master spi0: Failed to power device: -22
[   10.543979] blk_update_request: I/O error, dev mtdblock0, sector 8 op 0x0:(READ) flags 0x0 phys_seg 8 prio class 0
[   10.543985] Buffer I/O error on dev mtdblock0, logical block 8, async page read
[   10.543994] spi_master spi0: Failed to power device: -22
[   10.544000] blk_update_request: I/O error, dev mtdblock0, sector 9 op 0x0:(READ) flags 0x0 phys_seg 7 prio class 0
[   10.544004] Buffer I/O error on dev mtdblock0, logical block 9, async page read
[   10.544011] spi_master spi0: Failed to power device: -22
[   10.544017] blk_update_request: I/O error, dev mtdblock0, sector 10 op 0x0:(READ) flags 0x0 phys_seg 6 prio class 0
[   10.544021] Buffer I/O error on dev mtdblock0, logical block 10, async page read
[   10.544029] spi_master spi0: Failed to power device: -22
[   10.544034] blk_update_request: I/O error, dev mtdblock0, sector 11 op 0x0:(READ) flags 0x0 phys_seg 5 prio class 0
[   10.544038] Buffer I/O error on dev mtdblock0, logical block 11, async page read
[   10.544045] spi_master spi0: Failed to power device: -22
[   10.544060] blk_update_request: I/O error, dev mtdblock0, sector 12 op 0x0:(READ) flags 0x0 phys_seg 4 prio class 0
[   10.544063] Buffer I/O error on dev mtdblock0, logical block 12, async page read
[   10.544070] spi_master spi0: Failed to power device: -22
[   10.544076] blk_update_request: I/O error, dev mtdblock0, sector 13 op 0x0:(READ) flags 0x0 phys_seg 3 prio class 0
[   10.544080] Buffer I/O error on dev mtdblock0, logical block 13, async page read
[   10.544086] spi_master spi0: Failed to power device: -22
[   10.544092] blk_update_request: I/O error, dev mtdblock0, sector 14 op 0x0:(READ) flags 0x0 phys_seg 2 prio class 0
[   10.544096] Buffer I/O error on dev mtdblock0, logical block 14, async page read
[   10.544102] spi_master spi0: Failed to power device: -22
[   10.544108] blk_update_request: I/O error, dev mtdblock0, sector 15 op 0x0:(READ) flags 0x0 phys_seg 1 prio class 0
[   10.544112] Buffer I/O error on dev mtdblock0, logical block 15, async page read
[   10.544442] spi_master spi0: Failed to power device: -22
[   10.544450] blk_update_request: I/O error, dev mtdblock1, sector 10112 op 0x0:(READ) flags 0x80700 phys_seg 1 prio class 0
[   10.544493] spi_master spi0: Failed to power device: -22
[   10.544503] Buffer I/O error on dev mtdblock1, logical block 10112, async page read
[   10.544511] spi_master spi0: Failed to power device: -22
[   10.544516] Buffer I/O error on dev mtdblock1, logical block 10113, async page read
[   10.544523] spi_master spi0: Failed to power device: -22
[   10.544530] spi_master spi0: Failed to power device: -22
[   10.544538] spi_master spi0: Failed to power device: -22
[   10.544545] spi_master spi0: Failed to power device: -22
[   10.544552] spi_master spi0: Failed to power device: -22
[   10.544559] spi_master spi0: Failed to power device: -22
[   10.544816] spi_master spi0: Failed to power device: -22
[   10.544860] spi_master spi0: Failed to power device: -22
[   10.544870] spi_master spi0: Failed to power device: -22
[   10.544878] spi_master spi0: Failed to power device: -22
[   10.544886] spi_master spi0: Failed to power device: -22
[   10.544893] spi_master spi0: Failed to power device: -22
[   10.544901] spi_master spi0: Failed to power device: -22
[   10.544908] spi_master spi0: Failed to power device: -22
[   10.544919] spi_master spi0: Failed to power device: -22
[   10.545184] spi_master spi0: Failed to power device: -22
[   10.545231] spi_master spi0: Failed to power device: -22
[   10.545241] spi_master spi0: Failed to power device: -22
[   10.545249] spi_master spi0: Failed to power device: -22
[   10.545256] spi_master spi0: Failed to power device: -22
[   10.545263] spi_master spi0: Failed to power device: -22
[   10.545271] spi_master spi0: Failed to power device: -22
[   10.545278] spi_master spi0: Failed to power device: -22
[   10.545285] spi_master spi0: Failed to power device: -22
[   10.668818] EXT4-fs (mmcblk0p2): re-mounted. Opts: (null)
[   10.759400] systemd-journald[160]: Received request to flush runtime journal from PID 1
[   16.757757] macb ff0e0000.ethernet eth0: PHY [ff0e0000.ethernet-ffffffff:0c] driver [TI DP83867] (irq=POLL)
[   16.757770] macb ff0e0000.ethernet eth0: configuring for phy/rgmii-id link mode
[   17.051731] Adding 102396k swap on /var/swap.  Priority:-2 extents:4 across:9953604k SS
[   19.591541] broken atomic modeset userspace detected, disabling atomic
[   20.833328] macb ff0e0000.ethernet eth0: Link is Up - 1Gbps/Full - flow control off
[   20.833354] IPv6: ADDRCONF(NETDEV_CHANGE): eth0: link becomes ready
[   22.269741] broken atomic modeset userspace detected, disabling atomic
[   25.226163] broken atomic modeset userspace detected, disabling atomic
[   27.845522] broken atomic modeset userspace detected, disabling atomic