[    0.000000] Booting Linux on physical CPU 0x0000000000 [0x410fd034]
[    0.000000] Linux version 5.10.0-98103-g2aa7ac113716 (jenkins@romlxbuild1.adlk.analog.com) (aarch64-xilinx-linux-gcc.real (GCC) 10.2.0, GNU ld (GNU Binutils) 2.35.0.20200730) #5577 SMP Wed Mar 23 07:28:49 GMT 2022
[    0.000000] Machine model: ZynqMP ZCU102 Rev1.0
[    0.000000] earlycon: cdns0 at MMIO 0x00000000ff000000 (options '115200n8')
[    0.000000] printk: bootconsole [cdns0] enabled
[    0.000000] efi: UEFI not found.
[    0.000000] cma: Reserved 256 MiB at 0x0000000070000000
[    0.000000] Zone ranges:
[    0.000000]   DMA      [mem 0x0000000000000000-0x000000003fffffff]
[    0.000000]   DMA32    [mem 0x0000000040000000-0x00000000ffffffff]
[    0.000000]   Normal   [mem 0x0000000100000000-0x000000087fffffff]
[    0.000000] Movable zone start for each node
[    0.000000] Early memory node ranges
[    0.000000]   node   0: [mem 0x0000000000000000-0x000000007fffffff]
[    0.000000]   node   0: [mem 0x0000000800000000-0x000000087fffffff]
[    0.000000] Initmem setup node 0 [mem 0x0000000000000000-0x000000087fffffff]
[    0.000000] On node 0 totalpages: 1048576
[    0.000000]   DMA zone: 3584 pages used for memmap
[    0.000000]   DMA zone: 0 pages reserved
[    0.000000]   DMA zone: 262144 pages, LIFO batch:63
[    0.000000]   DMA32 zone: 3584 pages used for memmap
[    0.000000]   DMA32 zone: 262144 pages, LIFO batch:63
[    0.000000]   Normal zone: 7168 pages used for memmap
[    0.000000]   Normal zone: 524288 pages, LIFO batch:63
[    0.000000] psci: probing for conduit method from DT.
[    0.000000] psci: PSCIv1.1 detected in firmware.
[    0.000000] psci: Using standard PSCI v0.2 function IDs
[    0.000000] psci: MIGRATE_INFO_TYPE not supported.
[    0.000000] psci: SMC Calling Convention v1.2
[    0.000000] percpu: Embedded 22 pages/cpu s49496 r8192 d32424 u90112
[    0.000000] pcpu-alloc: s49496 r8192 d32424 u90112 alloc=22*4096
[    0.000000] pcpu-alloc: [0] 0 [0] 1 [0] 2 [0] 3 
[    0.000000] Detected VIPT I-cache on CPU0
[    0.000000] CPU features: detected: ARM erratum 845719
[    0.000000] Built 1 zonelists, mobility grouping on.  Total pages: 1034240
[    0.000000] Kernel command line: console=ttyPS0,115200 root=/dev/mmcblk0p2 rw earlycon rootfstype=ext4 rootwait clk_ignore_unused cpuidle.off=1 root=/dev/mmcblk0p2 rw rootwait
[    0.000000] Dentry cache hash table entries: 524288 (order: 10, 4194304 bytes, linear)
[    0.000000] Inode-cache hash table entries: 262144 (order: 9, 2097152 bytes, linear)
[    0.000000] mem auto-init: stack:off, heap alloc:off, heap free:off
[    0.000000] software IO TLB: mapped [mem 0x000000003bfff000-0x000000003ffff000] (64MB)
[    0.000000] Memory: 3761904K/4194304K available (15296K kernel code, 1636K rwdata, 11876K rodata, 2560K init, 507K bss, 170256K reserved, 262144K cma-reserved)
[    0.000000] rcu: Hierarchical RCU implementation.
[    0.000000] rcu: 	RCU event tracing is enabled.
[    0.000000] rcu: 	RCU restricting CPUs from NR_CPUS=8 to nr_cpu_ids=4.
[    0.000000] rcu: RCU calculated value of scheduler-enlistment delay is 25 jiffies.
[    0.000000] rcu: Adjusting geometry for rcu_fanout_leaf=16, nr_cpu_ids=4
[    0.000000] NR_IRQS: 64, nr_irqs: 64, preallocated irqs: 0
[    0.000000] GIC: Adjusting CPU interface base to 0x00000000f902f000
[    0.000000] GIC: Using split EOI/Deactivate mode
[    0.000000] random: get_random_bytes called from start_kernel+0x31c/0x54c with crng_init=0
[    0.000000] arch_timer: cp15 timer(s) running at 100.00MHz (phys).
[    0.000000] clocksource: arch_sys_counter: mask: 0xffffffffffffff max_cycles: 0x171024e7e0, max_idle_ns: 440795205315 ns
[    0.000003] sched_clock: 56 bits at 100MHz, resolution 10ns, wraps every 4398046511100ns
[    0.008461] Console: colour dummy device 80x25
[    0.012483] Calibrating delay loop (skipped), value calculated using timer frequency.. 200.00 BogoMIPS (lpj=400000)
[    0.022840] pid_max: default: 32768 minimum: 301
[    0.027548] Mount-cache hash table entries: 8192 (order: 4, 65536 bytes, linear)
[    0.034788] Mountpoint-cache hash table entries: 8192 (order: 4, 65536 bytes, linear)
[    0.043399] rcu: Hierarchical SRCU implementation.
[    0.047560] EFI services will not be available.
[    0.051939] smp: Bringing up secondary CPUs ...
[    0.056654] Detected VIPT I-cache on CPU1
[    0.056693] CPU1: Booted secondary processor 0x0000000001 [0x410fd034]
[    0.057057] Detected VIPT I-cache on CPU2
[    0.057082] CPU2: Booted secondary processor 0x0000000002 [0x410fd034]
[    0.057422] Detected VIPT I-cache on CPU3
[    0.057445] CPU3: Booted secondary processor 0x0000000003 [0x410fd034]
[    0.057491] smp: Brought up 1 node, 4 CPUs
[    0.091779] SMP: Total of 4 processors activated.
[    0.096452] CPU features: detected: 32-bit EL0 Support
[    0.101555] CPU features: detected: CRC32 instructions
[    0.106695] CPU: All CPU(s) started at EL2
[    0.110735] alternatives: patching kernel code
[    0.116169] devtmpfs: initialized
[    0.124077] Registered cp15_barrier emulation handler
[    0.124127] Registered setend emulation handler
[    0.128108] clocksource: jiffies: mask: 0xffffffff max_cycles: 0xffffffff, max_idle_ns: 7645041785100000 ns
[    0.137687] futex hash table entries: 1024 (order: 4, 65536 bytes, linear)
[    0.151047] pinctrl core: initialized pinctrl subsystem
[    0.151690] NET: Registered protocol family 16
[    0.156120] DMA: preallocated 512 KiB GFP_KERNEL pool for atomic allocations
[    0.162133] DMA: preallocated 512 KiB GFP_KERNEL|GFP_DMA pool for atomic allocations
[    0.169859] DMA: preallocated 512 KiB GFP_KERNEL|GFP_DMA32 pool for atomic allocations
[    0.177662] audit: initializing netlink subsys (disabled)
[    0.183112] audit: type=2000 audit(0.116:1): state=initialized audit_enabled=0 res=1
[    0.183455] hw-breakpoint: found 6 breakpoint and 4 watchpoint registers.
[    0.197489] ASID allocator initialised with 65536 entries
[    0.224332] HugeTLB registered 1.00 GiB page size, pre-allocated 0 pages
[    0.225386] HugeTLB registered 32.0 MiB page size, pre-allocated 0 pages
[    0.232057] HugeTLB registered 2.00 MiB page size, pre-allocated 0 pages
[    0.238717] HugeTLB registered 64.0 KiB page size, pre-allocated 0 pages
[    1.304274] DRBG: Continuing without Jitter RNG
[    1.382108] raid6: neonx8   gen()  2144 MB/s
[    1.450155] raid6: neonx8   xor()  1597 MB/s
[    1.518218] raid6: neonx4   gen()  2202 MB/s
[    1.586261] raid6: neonx4   xor()  1566 MB/s
[    1.654325] raid6: neonx2   gen()  2075 MB/s
[    1.722377] raid6: neonx2   xor()  1442 MB/s
[    1.790448] raid6: neonx1   gen()  1772 MB/s
[    1.858494] raid6: neonx1   xor()  1220 MB/s
[    1.926547] raid6: int64x8  gen()  1438 MB/s
[    1.994606] raid6: int64x8  xor()   771 MB/s
[    2.062679] raid6: int64x4  gen()  1598 MB/s
[    2.130727] raid6: int64x4  xor()   817 MB/s
[    2.198796] raid6: int64x2  gen()  1397 MB/s
[    2.266843] raid6: int64x2  xor()   750 MB/s
[    2.334935] raid6: int64x1  gen()  1034 MB/s
[    2.402982] raid6: int64x1  xor()   517 MB/s
[    2.403020] raid6: using algorithm neonx4 gen() 2202 MB/s
[    2.406978] raid6: .... xor() 1566 MB/s, rmw enabled
[    2.411909] raid6: using neon recovery algorithm
[    2.416920] iommu: Default domain type: Translated 
[    2.421533] SCSI subsystem initialized
[    2.425078] libata version 3.00 loaded.
[    2.425203] usbcore: registered new interface driver usbfs
[    2.430533] usbcore: registered new interface driver hub
[    2.435807] usbcore: registered new device driver usb
[    2.440943] mc: Linux media interface: v0.10
[    2.445055] videodev: Linux video capture interface: v2.00
[    2.450547] EDAC MC: Ver: 3.0.0
[    2.453987] zynqmp-ipi-mbox mailbox@ff990400: Registered ZynqMP IPI mbox with TX/RX channels.
[    2.462484] jesd204: created con: id=0, topo=0, link=0, /axi/spi@ff050000/hmc7044@0 <-> /fpga-axi@0/axi-adxcvr-tx@84b60000
[    2.473077] jesd204: created con: id=1, topo=0, link=2, /axi/spi@ff050000/hmc7044@0 <-> /fpga-axi@0/axi-adxcvr-rx@84a60000
[    2.484061] jesd204: created con: id=2, topo=0, link=0, /fpga-axi@0/axi-adxcvr-tx@84b60000 <-> /fpga-axi@0/axi-jesd204-tx@84b90000
[    2.495737] jesd204: created con: id=3, topo=0, link=2, /fpga-axi@0/axi-adxcvr-rx@84a60000 <-> /fpga-axi@0/axi-jesd204-rx@84a90000
[    2.507414] jesd204: created con: id=4, topo=0, link=0, /fpga-axi@0/axi-jesd204-tx@84b90000 <-> /fpga-axi@0/axi-ad9081-tx-hpc@84b10000
[    2.519441] jesd204: created con: id=5, topo=0, link=2, /fpga-axi@0/axi-jesd204-rx@84a90000 <-> /fpga-axi@0/axi-ad9081-rx-hpc@84a10000
[    2.531465] jesd204: created con: id=6, topo=0, link=2, /fpga-axi@0/axi-ad9081-rx-hpc@84a10000 <-> /axi/spi@ff040000/ad9081@0
[    2.542706] jesd204: created con: id=7, topo=0, link=0, /fpga-axi@0/axi-ad9081-tx-hpc@84b10000 <-> /axi/spi@ff040000/ad9081@0
[    2.553955] jesd204: /axi/spi@ff040000/ad9081@0: JESD204[2] transition uninitialized -> initialized
[    2.562942] jesd204: /axi/spi@ff040000/ad9081@0: JESD204[0] transition uninitialized -> initialized
[    2.571934] jesd204: found 8 devices and 1 topologies
[    2.576976] FPGA manager framework
[    2.580453] Advanced Linux Sound Architecture Driver Initialized.
[    2.586753] Bluetooth: Core ver 2.22
[    2.589937] NET: Registered protocol family 31
[    2.594338] Bluetooth: HCI device and connection manager initialized
[    2.600654] Bluetooth: HCI socket layer initialized
[    2.605497] Bluetooth: L2CAP socket layer initialized
[    2.610521] Bluetooth: SCO socket layer initialized
[    2.615697] clocksource: Switched to clocksource arch_sys_counter
[    2.621510] VFS: Disk quotas dquot_6.6.0
[    2.625348] VFS: Dquot-cache hash table entries: 512 (order 0, 4096 bytes)
[    2.636056] NET: Registered protocol family 2
[    2.636792] tcp_listen_portaddr_hash hash table entries: 2048 (order: 3, 32768 bytes, linear)
[    2.644990] TCP established hash table entries: 32768 (order: 6, 262144 bytes, linear)
[    2.653014] TCP bind hash table entries: 32768 (order: 7, 524288 bytes, linear)
[    2.660457] TCP: Hash tables configured (established 32768 bind 32768)
[    2.666632] UDP hash table entries: 2048 (order: 4, 65536 bytes, linear)
[    2.673298] UDP-Lite hash table entries: 2048 (order: 4, 65536 bytes, linear)
[    2.680461] NET: Registered protocol family 1
[    2.684911] RPC: Registered named UNIX socket transport module.
[    2.690534] RPC: Registered udp transport module.
[    2.695202] RPC: Registered tcp transport module.
[    2.699868] RPC: Registered tcp NFSv4.1 backchannel transport module.
[    2.706854] PCI: CLS 0 bytes, default 64
[    2.710563] hw perfevents: no interrupt-affinity property for /pmu, guessing.
[    2.717422] hw perfevents: enabled with armv8_pmuv3 PMU driver, 7 counters available
[    2.725766] Initialise system trusted keyrings
[    2.729451] workingset: timestamp_bits=62 max_order=20 bucket_order=0
[    2.736348] NFS: Registering the id_resolver key type
[    2.740797] Key type id_resolver registered
[    2.744937] Key type id_legacy registered
[    2.748928] nfs4filelayout_init: NFSv4 File Layout Driver Registering...
[    2.755593] jffs2: version 2.2. (NAND) (SUMMARY)  Â© 2001-2006 Red Hat, Inc.
[    2.798035] NET: Registered protocol family 38
[    2.798078] xor: measuring software checksum speed
[    2.805769]    8regs           :  2363 MB/sec
[    2.809438]    32regs          :  2799 MB/sec
[    2.814380]    arm64_neon      :  2380 MB/sec
[    2.814570] xor: using function: 32regs (2799 MB/sec)
[    2.819596] Key type asymmetric registered
[    2.823657] Asymmetric key parser 'x509' registered
[    2.828518] Block layer SCSI generic (bsg) driver version 0.4 loaded (major 248)
[    2.835855] io scheduler mq-deadline registered
[    2.840352] io scheduler kyber registered
[    2.869752] Serial: 8250/16550 driver, 4 ports, IRQ sharing disabled
[    2.874392] cacheinfo: Unable to detect cache hierarchy for CPU 0
[    2.880731] brd: module loaded
[    2.884885] loop: module loaded
[    2.885436] Registered mathworks_ip class
[    2.888765] libphy: Fixed MDIO Bus: probed
[    2.891738] tun: Universal TUN/TAP device driver, 1.6
[    2.895800] CAN device driver interface
[    2.900340] usbcore: registered new interface driver asix
[    2.904931] usbcore: registered new interface driver ax88179_178a
[    2.910967] usbcore: registered new interface driver cdc_ether
[    2.916759] usbcore: registered new interface driver net1080
[    2.922383] usbcore: registered new interface driver cdc_subset
[    2.928265] usbcore: registered new interface driver zaurus
[    2.933809] usbcore: registered new interface driver cdc_ncm
[    2.940222] ehci_hcd: USB 2.0 'Enhanced' Host Controller (EHCI) Driver
[    2.945894] ehci-pci: EHCI PCI platform driver
[    2.950691] usbcore: registered new interface driver uas
[    2.955612] usbcore: registered new interface driver usb-storage
[    2.961608] usbcore: registered new interface driver usbserial_generic
[    2.968050] usbserial: USB Serial support registered for generic
[    2.974022] usbcore: registered new interface driver ftdi_sio
[    2.979725] usbserial: USB Serial support registered for FTDI USB Serial Device
[    2.986998] usbcore: registered new interface driver upd78f0730
[    2.992872] usbserial: USB Serial support registered for upd78f0730
[    3.000529] rtc_zynqmp ffa60000.rtc: registered as rtc0
[    3.004298] rtc_zynqmp ffa60000.rtc: setting system clock to 2022-04-12T21:26:51 UTC (1649798811)
[    3.013160] i2c /dev entries driver
[    3.018478] usbcore: registered new interface driver uvcvideo
[    3.022273] USB Video Class driver (1.1.1)
[    3.027855] Bluetooth: HCI UART driver ver 2.3
[    3.030744] Bluetooth: HCI UART protocol H4 registered
[    3.035853] Bluetooth: HCI UART protocol BCSP registered
[    3.041143] Bluetooth: HCI UART protocol LL registered
[    3.046231] Bluetooth: HCI UART protocol ATH3K registered
[    3.051609] Bluetooth: HCI UART protocol Three-wire (H5) registered
[    3.057861] Bluetooth: HCI UART protocol Intel registered
[    3.063197] Bluetooth: HCI UART protocol QCA registered
[    3.068400] usbcore: registered new interface driver bcm203x
[    3.074021] usbcore: registered new interface driver bpa10x
[    3.079557] usbcore: registered new interface driver bfusb
[    3.085005] usbcore: registered new interface driver btusb
[    3.090469] usbcore: registered new interface driver ath3k
[    3.095954] EDAC MC: ECC not enabled
[    3.099572] EDAC DEVICE0: Giving out device to module zynqmp-ocm-edac controller zynqmp_ocm: DEV ff960000.memory-controller (INTERRUPT)
[    3.111895] sdhci: Secure Digital Host Controller Interface driver
[    3.117680] sdhci: Copyright(c) Pierre Ossman
[    3.122005] sdhci-pltfm: SDHCI platform and OF driver helper
[    3.128062] ledtrig-cpu: registered to indicate activity on CPUs
[    3.133612] SMCCC: SOC_ID: ARCH_SOC_ID not implemented, skipping ....
[    3.140044] zynqmp_firmware_probe Platform Management API v1.1
[    3.145796] zynqmp_firmware_probe Trustzone version v1.0
[    3.185345] zynqmp-pinctrl firmware:zynqmp-firmware:pinctrl: zynqmp pinctrl initialized
[    3.233229] zynqmp-aes firmware:zynqmp-firmware:zynqmp-aes: will run requests pump with realtime priority
[    3.249001] alg: No test for xilinx-keccak-384 (zynqmp-keccak-384)
[    3.249717] alg: No test for xilinx-zynqmp-rsa (zynqmp-rsa)
[    3.255226] usbcore: registered new interface driver usbhid
[    3.260616] usbhid: USB HID core driver
[    3.271852] axi_sysid 85000000.axi-sysid-0: AXI System ID core version (1.01.a) found
[    3.274205] axi_sysid 85000000.axi-sysid-0: [ad9081_fmca_ebz] on [zcu102] git branch <master> git <084d44c9780640ca93fd847b1d9ec70dd65f5c67> clean [2022-03-18 04:17:50] UTC
[    3.289898] fpga_manager fpga0: Xilinx ZynqMP FPGA Manager registered
[    3.296255] usbcore: registered new interface driver snd-usb-audio
[    3.303687] pktgen: Packet Generator for packet performance testing. Version: 2.75
[    3.309898] Initializing XFRM netlink socket
[    3.313731] NET: Registered protocol family 10
[    3.318454] Segment Routing with IPv6
[    3.321823] sit: IPv6, IPv4 and MPLS over IPv4 tunneling driver
[    3.327912] NET: Registered protocol family 17
[    3.332009] NET: Registered protocol family 15
[    3.336500] can: controller area network core
[    3.340760] NET: Registered protocol family 29
[    3.345146] can: raw protocol
[    3.348084] can: broadcast manager protocol
[    3.352236] can: netlink gateway - max_hops=1
[    3.356631] Bluetooth: RFCOMM TTY layer initialized
[    3.361413] Bluetooth: RFCOMM socket layer initialized
[    3.366518] Bluetooth: RFCOMM ver 1.11
[    3.370233] Bluetooth: BNEP (Ethernet Emulation) ver 1.3
[    3.375501] Bluetooth: BNEP filters: protocol multicast
[    3.380694] Bluetooth: BNEP socket layer initialized
[    3.385624] Bluetooth: HIDP (Human Interface Emulation) ver 1.2
[    3.391506] Bluetooth: HIDP socket layer initialized
[    3.396559] 9pnet: Installing 9P2000 support
[    3.400685] NET: Registered protocol family 36
[    3.405098] Key type dns_resolver registered
[    3.409546] registered taskstats version 1
[    3.413396] Loading compiled-in X.509 certificates
[    3.418513] Btrfs loaded, crc32c=crc32c-generic
[    3.430916] ff000000.serial: ttyPS0 at MMIO 0xff000000 (irq = 49, base_baud = 6249999) is a xuartps
[    3.439940] printk: console [ttyPS0] enabled
[    3.444235] printk: bootconsole [cdns0] disabled
[    3.453864] ff010000.serial: ttyPS1 at MMIO 0xff010000 (irq = 50, base_baud = 6249999) is a xuartps
[    3.467099] of-fpga-region fpga-full: FPGA Region probed
[    3.474058] nwl-pcie fd0e0000.pcie: host bridge /axi/pcie@fd0e0000 ranges:
[    3.480956] nwl-pcie fd0e0000.pcie:      MEM 0x00e0000000..0x00efffffff -> 0x00e0000000
[    3.488957] nwl-pcie fd0e0000.pcie:      MEM 0x0600000000..0x07ffffffff -> 0x0600000000
[    3.497019] nwl-pcie fd0e0000.pcie: Link is DOWN
[    3.501778] nwl-pcie fd0e0000.pcie: PCI host bridge to bus 0000:00
[    3.507954] pci_bus 0000:00: root bus resource [bus 00-ff]
[    3.513435] pci_bus 0000:00: root bus resource [mem 0xe0000000-0xefffffff]
[    3.520306] pci_bus 0000:00: root bus resource [mem 0x600000000-0x7ffffffff pref]
[    3.527809] pci 0000:00:00.0: [10ee:d021] type 01 class 0x060400
[    3.533865] pci 0000:00:00.0: PME# supported from D0 D1 D2 D3hot
[    3.544305] pci 0000:00:00.0: PCI bridge to [bus 01-0c]
[    3.550280] xilinx-zynqmp-dma fd500000.dma: ZynqMP DMA driver Probe success
[    3.557452] xilinx-zynqmp-dma fd510000.dma: ZynqMP DMA driver Probe success
[    3.564627] xilinx-zynqmp-dma fd520000.dma: ZynqMP DMA driver Probe success
[    3.571805] xilinx-zynqmp-dma fd530000.dma: ZynqMP DMA driver Probe success
[    3.578973] xilinx-zynqmp-dma fd540000.dma: ZynqMP DMA driver Probe success
[    3.586153] xilinx-zynqmp-dma fd550000.dma: ZynqMP DMA driver Probe success
[    3.593323] xilinx-zynqmp-dma fd560000.dma: ZynqMP DMA driver Probe success
[    3.600490] xilinx-zynqmp-dma fd570000.dma: ZynqMP DMA driver Probe success
[    3.607908] xilinx-zynqmp-dpdma fd4c0000.dma-controller: Xilinx DPDMA engine is probed
[    3.616449] ahci-ceva fd0c0000.ahci: supply ahci not found, using dummy regulator
[    3.623989] ahci-ceva fd0c0000.ahci: supply phy not found, using dummy regulator
[    3.711878] hmc7044 spi2.0: PLL1: Acquisition, CLKIN0 @ 122880000 Hz, PFD: 80 kHz - PLL2: Locked @ 2816.000000 MHz
[    3.722601] jesd204: /axi/spi@ff050000/hmc7044@0,jesd204:1,parent=spi2.0: Using as SYSREF provider
[    3.732189] spi-nor spi0.0: SPI-NOR-UniqueID 100000235394732200270025081115266e
[    3.739493] spi-nor spi0.0: found n25q512a, expected m25p80
[    3.745704] spi-nor spi0.0: trying to lock already unlocked area
[    3.751705] spi-nor spi0.0: n25q512a (131072 Kbytes)
[    3.756689] 4 fixed-partitions partitions found on MTD device spi0.0
[    3.763035] Creating 4 MTD partitions on "spi0.0":
[    3.767821] 0x000000000000-0x000000100000 : "qspi-fsbl-uboot"
[    3.774300] 0x000000100000-0x000000600000 : "qspi-linux"
[    3.780256] 0x000000600000-0x000000620000 : "qspi-device-tree"
[    3.786741] 0x000000620000-0x000000c00000 : "qspi-rootfs"
[    3.795200] macb ff0e0000.ethernet: Not enabling partial store and forward
[    3.802716] libphy: MACB_mii_bus: probed
[    3.807796] macb ff0e0000.ethernet eth0: Cadence GEM rev 0x50070106 at 0xff0e0000 irq 30 (00:0a:35:04:8e:1b)
[    3.818009] xilinx-axipmon ffa00000.perf-monitor: Probed Xilinx APM
[    3.824580] xilinx-axipmon fd0b0000.perf-monitor: Probed Xilinx APM
[    3.831099] xilinx-axipmon fd490000.perf-monitor: Probed Xilinx APM
[    3.837639] xilinx-axipmon ffa10000.perf-monitor: Probed Xilinx APM
[    3.847663] pca953x 0-0020: supply vcc not found, using dummy regulator
[    3.854345] pca953x 0-0020: using no AI
[    3.858836] gpio-496 (sel0): hogged as output/low
[    3.863738] gpio-497 (sel1): hogged as output/high
[    3.868728] gpio-498 (sel2): hogged as output/high
[    3.873720] gpio-499 (sel3): hogged as output/high
[    3.878896] pca953x 0-0021: supply vcc not found, using dummy regulator
[    3.885569] pca953x 0-0021: using no AI
[    3.891327] ina2xx 2-0040: power monitor ina226 (Rshunt = 5000 uOhm)
[    3.898358] ina2xx 2-0041: power monitor ina226 (Rshunt = 5000 uOhm)
[    3.905388] ina2xx 2-0042: power monitor ina226 (Rshunt = 5000 uOhm)
[    3.912416] ina2xx 2-0043: power monitor ina226 (Rshunt = 5000 uOhm)
[    3.919442] ina2xx 2-0044: power monitor ina226 (Rshunt = 5000 uOhm)
[    3.926463] ina2xx 2-0045: power monitor ina226 (Rshunt = 5000 uOhm)
[    3.933493] ina2xx 2-0046: power monitor ina226 (Rshunt = 5000 uOhm)
[    3.940566] ina2xx 2-0047: power monitor ina226 (Rshunt = 5000 uOhm)
[    3.947594] ina2xx 2-004a: power monitor ina226 (Rshunt = 5000 uOhm)
[    3.954627] ina2xx 2-004b: power monitor ina226 (Rshunt = 5000 uOhm)
[    3.961034] i2c i2c-0: Added multiplexed i2c bus 2
[    3.966420] random: fast init done
[    3.969893] ina2xx 3-0040: power monitor ina226 (Rshunt = 2000 uOhm)
[    3.976926] ina2xx 3-0041: power monitor ina226 (Rshunt = 5000 uOhm)
[    3.983959] ina2xx 3-0042: power monitor ina226 (Rshunt = 5000 uOhm)
[    3.990990] ina2xx 3-0043: power monitor ina226 (Rshunt = 5000 uOhm)
[    3.998017] ina2xx 3-0044: power monitor ina226 (Rshunt = 5000 uOhm)
[    4.005047] ina2xx 3-0045: power monitor ina226 (Rshunt = 5000 uOhm)
[    4.012093] ina2xx 3-0046: power monitor ina226 (Rshunt = 5000 uOhm)
[    4.019117] ina2xx 3-0047: power monitor ina226 (Rshunt = 5000 uOhm)
[    4.025521] i2c i2c-0: Added multiplexed i2c bus 3
[    4.081644] i2c i2c-0: Added multiplexed i2c bus 4
[    4.086583] i2c i2c-0: Added multiplexed i2c bus 5
[    4.091371] pca954x 0-0075: registered 4 multiplexed busses for I2C mux pca9544
[    4.098723] cdns-i2c ff020000.i2c: 400 kHz mmio ff020000 irq 32
[    4.106452] at24 6-0054: supply vcc not found, using dummy regulator
[    4.113339] at24 6-0054: 1024 byte 24c08 EEPROM, writable, 1 bytes/write
[    4.120093] i2c i2c-1: Added multiplexed i2c bus 6
[    4.126522] si5341 7-0036: Chip: 5341 Grade: 1 Rev: 1
[    4.164217] i2c i2c-1: Added multiplexed i2c bus 7
[    4.171864] si570 8-005d: registered, current frequency 300000000 Hz
[    4.178264] i2c i2c-1: Added multiplexed i2c bus 8
[    4.198047] si570 9-005d: registered, current frequency 148500000 Hz
[    4.204452] i2c i2c-1: Added multiplexed i2c bus 9
[    4.209488] si5324 10-0069: si5328 probed
[    4.276070] si5324 10-0069: si5328 probe successful
[    4.280995] i2c i2c-1: Added multiplexed i2c bus 10
[    4.286026] i2c i2c-1: Added multiplexed i2c bus 11
[    4.291058] i2c i2c-1: Added multiplexed i2c bus 12
[    4.296078] i2c i2c-1: Added multiplexed i2c bus 13
[    4.300959] pca954x 1-0074: registered 8 multiplexed busses for I2C switch pca9548
[    4.309069] at24 14-0050: supply vcc not found, using dummy regulator
[    4.315853] at24 14-0050: 256 byte 24c02 EEPROM, writable, 1 bytes/write
[    4.322603] i2c i2c-1: Added multiplexed i2c bus 14
[    4.327639] i2c i2c-1: Added multiplexed i2c bus 15
[    4.332676] i2c i2c-1: Added multiplexed i2c bus 16
[    4.337711] i2c i2c-1: Added multiplexed i2c bus 17
[    4.342750] i2c i2c-1: Added multiplexed i2c bus 18
[    4.347801] i2c i2c-1: Added multiplexed i2c bus 19
[    4.352833] i2c i2c-1: Added multiplexed i2c bus 20
[    4.357869] i2c i2c-1: Added multiplexed i2c bus 21
[    4.362742] pca954x 1-0075: registered 8 multiplexed busses for I2C switch pca9548
[    4.370352] cdns-i2c ff030000.i2c: 400 kHz mmio ff030000 irq 33
[    4.380092] cdns-wdt fd4d0000.watchdog: Xilinx Watchdog Timer with timeout 60s
[    4.389147] axi_adxcvr 84a60000.axi-adxcvr-rx: adxcvr_enforce_settings: Using QPLL without access, assuming desired Lane rate will be configured by a different instance
[    4.405790] axi_adxcvr 84a60000.axi-adxcvr-rx: AXI-ADXCVR-RX (17.05.a) using QPLL on GTH4 at 0x84A60000. Number of lanes: 4.
[    4.417937] axi_adxcvr 84b60000.axi-adxcvr-tx: AXI-ADXCVR-TX (17.05.a) using QPLL on GTH4 at 0x84B60000. Number of lanes: 4.
[    4.421887] mmc0: SDHCI controller on ff170000.mmc [ff170000.mmc] using ADMA 64-bit
[    4.437088] axi-jesd204-rx 84a90000.axi-jesd204-rx: AXI-JESD204-RX (1.07.a) at 0x84A90000. Encoder 8b10b, width 4/4, lanes 4, jesd204-fsm.
[    4.449919] axi-jesd204-tx 84b90000.axi-jesd204-tx: AXI-JESD204-TX (1.06.a) at 0x84B90000. Encoder 8b10b, width 4/4, lanes 4, jesd204-fsm.
[    4.463436] zynqmp-display fd4a0000.display: vtc bridge property not present
[    4.469466] mmc0: new high speed SDHC card at address 0001
[    4.473080] xilinx-dp-snd-codec fd4a0000.display:zynqmp_dp_snd_codec0: Failed to get required clock freq
[    4.476321] mmcblk0: mmc0:0001 EB1QT 29.8 GiB 
[    4.485444] xilinx-dp-snd-codec: probe of fd4a0000.display:zynqmp_dp_snd_codec0 failed with error -22
[    4.491106]  mmcblk0: p1 p2 p3
[    4.499437] xilinx-dp-snd-pcm zynqmp_dp_snd_pcm0: Xilinx DisplayPort Sound PCM probed
[    4.510294] xilinx-dp-snd-pcm zynqmp_dp_snd_pcm1: Xilinx DisplayPort Sound PCM probed
[    4.518505] OF: graph: no port node found in /axi/display@fd4a0000
[    4.524917] xlnx-drm xlnx-drm.0: bound fd4a0000.display (ops 0xffffffc010fcbdb8)
[    5.611720] zynqmp-display fd4a0000.display: [drm] Cannot find any crtc or sizes
[    5.619336] [drm] Initialized xlnx 1.0.0 20130509 for fd4a0000.display on minor 0
[    5.626831] zynqmp-display fd4a0000.display: ZynqMP DisplayPort Subsystem driver probed
[    5.635142] ahci-ceva fd0c0000.ahci: supply ahci not found, using dummy regulator
[    5.642688] ahci-ceva fd0c0000.ahci: supply phy not found, using dummy regulator
[    5.650143] ahci-ceva fd0c0000.ahci: supply target not found, using dummy regulator
[    5.657980] ahci-ceva fd0c0000.ahci: AHCI 0001.0301 32 slots 2 ports 6 Gbps 0x3 impl platform mode
[    5.666937] ahci-ceva fd0c0000.ahci: flags: 64bit ncq sntf pm clo only pmp fbs pio slum part ccc sds apst 
[    5.677631] scsi host0: ahci-ceva
[    5.681222] scsi host1: ahci-ceva
[    5.684649] ata1: SATA max UDMA/133 mmio [mem 0xfd0c0000-0xfd0c1fff] port 0x100 irq 45
[    5.692559] ata2: SATA max UDMA/133 mmio [mem 0xfd0c0000-0xfd0c1fff] port 0x180 irq 45
[    5.701181] ad9081 spi1.0: supply vdd not found, using dummy regulator
[    6.013924] ata1: SATA link down (SStatus 0 SControl 330)
[    6.019331] ata2: SATA link down (SStatus 0 SControl 330)
[    6.695720] zynqmp-display fd4a0000.display: [drm] Cannot find any crtc or sizes
[    7.488590] ad9081 spi1.0: AD9081 Rev. 2 Grade 10 (API 1.2.2) probed
[    7.495791] xhci-hcd xhci-hcd.1.auto: xHCI Host Controller
[    7.501281] xhci-hcd xhci-hcd.1.auto: new USB bus registered, assigned bus number 1
[    7.509030] xhci-hcd xhci-hcd.1.auto: hcc params 0x0238f625 hci version 0x100 quirks 0x0000000002010810
[    7.518441] xhci-hcd xhci-hcd.1.auto: irq 59, io mem 0xfe200000
[    7.524540] usb usb1: New USB device found, idVendor=1d6b, idProduct=0002, bcdDevice= 5.10
[    7.532799] usb usb1: New USB device strings: Mfr=3, Product=2, SerialNumber=1
[    7.540017] usb usb1: Product: xHCI Host Controller
[    7.544886] usb usb1: Manufacturer: Linux 5.10.0-98103-g2aa7ac113716 xhci-hcd
[    7.552013] usb usb1: SerialNumber: xhci-hcd.1.auto
[    7.557180] hub 1-0:1.0: USB hub found
[    7.560950] hub 1-0:1.0: 1 port detected
[    7.565054] xhci-hcd xhci-hcd.1.auto: xHCI Host Controller
[    7.570543] xhci-hcd xhci-hcd.1.auto: new USB bus registered, assigned bus number 2
[    7.578196] xhci-hcd xhci-hcd.1.auto: Host supports USB 3.0 SuperSpeed
[    7.584822] usb usb2: New USB device found, idVendor=1d6b, idProduct=0003, bcdDevice= 5.10
[    7.593081] usb usb2: New USB device strings: Mfr=3, Product=2, SerialNumber=1
[    7.600301] usb usb2: Product: xHCI Host Controller
[    7.605169] usb usb2: Manufacturer: Linux 5.10.0-98103-g2aa7ac113716 xhci-hcd
[    7.612299] usb usb2: SerialNumber: xhci-hcd.1.auto
[    7.617417] hub 2-0:1.0: USB hub found
[    7.621177] hub 2-0:1.0: 1 port detected
[    7.651276] cf_axi_adc 84a10000.axi-ad9081-rx-hpc: ADI AIM (10.01.b) at 0x84A10000 mapped to 0x(____ptrval____), probed ADC AD9081 as MASTER
[    7.684538] cf_axi_dds 84b10000.axi-ad9081-tx-hpc: Analog Devices CF_AXI_DDS_DDS MASTER (9.01.b) at 0x84B10000 mapped to 0x(____ptrval____), probed DDS AD9081
[    7.698736] jesd204: /axi/spi@ff040000/ad9081@0,jesd204:0,parent=spi1.0: JESD204[2] transition initialized -> probed
[    7.709260] jesd204: /axi/spi@ff040000/ad9081@0,jesd204:0,parent=spi1.0: JESD204[0] transition initialized -> probed
[    7.719782] jesd204: /axi/spi@ff040000/ad9081@0,jesd204:0,parent=spi1.0: JESD204[2] transition probed -> idle
[    7.729691] jesd204: /axi/spi@ff040000/ad9081@0,jesd204:0,parent=spi1.0: JESD204[0] transition probed -> idle
[    7.739605] jesd204: /axi/spi@ff040000/ad9081@0,jesd204:0,parent=spi1.0: JESD204[2] transition idle -> device_init
[    7.749948] jesd204: /axi/spi@ff040000/ad9081@0,jesd204:0,parent=spi1.0: JESD204[0] transition idle -> device_init
[    7.760300] jesd204: /axi/spi@ff040000/ad9081@0,jesd204:0,parent=spi1.0: JESD204[2] transition device_init -> link_init
[    7.771075] jesd204: /axi/spi@ff040000/ad9081@0,jesd204:0,parent=spi1.0: JESD204[0] transition device_init -> link_init
[    7.781865] jesd204: /axi/spi@ff040000/ad9081@0,jesd204:0,parent=spi1.0: JESD204[2] transition link_init -> link_supported
[    7.792905] jesd204: /axi/spi@ff040000/ad9081@0,jesd204:0,parent=spi1.0: JESD204[0] transition link_init -> link_supported
[    7.804320] hmc7044 spi2.0: hmc7044_jesd204_link_pre_setup: Link2 forcing continuous SYSREF mode
[    7.813439] jesd204: /axi/spi@ff040000/ad9081@0,jesd204:0,parent=spi1.0: JESD204[2] transition link_supported -> link_pre_setup
[    7.824911] jesd204: /axi/spi@ff040000/ad9081@0,jesd204:0,parent=spi1.0: JESD204[0] transition link_supported -> link_pre_setup
[    7.848751] jesd204: /axi/spi@ff040000/ad9081@0,jesd204:0,parent=spi1.0: JESD204[2] transition link_pre_setup -> clk_sync_stage1
[    7.860316] jesd204: /axi/spi@ff040000/ad9081@0,jesd204:0,parent=spi1.0: JESD204[0] transition link_pre_setup -> clk_sync_stage1
[    7.871881] jesd204: /axi/spi@ff040000/ad9081@0,jesd204:0,parent=spi1.0: JESD204[2] transition clk_sync_stage1 -> clk_sync_stage2
[    7.883524] jesd204: /axi/spi@ff040000/ad9081@0,jesd204:0,parent=spi1.0: JESD204[0] transition clk_sync_stage1 -> clk_sync_stage2
[    7.895177] jesd204: /axi/spi@ff040000/ad9081@0,jesd204:0,parent=spi1.0: JESD204[2] transition clk_sync_stage2 -> clk_sync_stage3
[    7.906826] jesd204: /axi/spi@ff040000/ad9081@0,jesd204:0,parent=spi1.0: JESD204[0] transition clk_sync_stage2 -> clk_sync_stage3
[    7.920494] jesd204: /axi/spi@ff040000/ad9081@0,jesd204:0,parent=spi1.0: JESD204[2] transition clk_sync_stage3 -> link_setup
[    7.931711] jesd204: /axi/spi@ff040000/ad9081@0,jesd204:0,parent=spi1.0: JESD204[0] transition clk_sync_stage3 -> link_setup
[    7.947754] jesd204: /axi/spi@ff040000/ad9081@0,jesd204:0,parent=spi1.0: JESD204[2] transition link_setup -> opt_setup_stage1
[    7.959060] jesd204: /axi/spi@ff040000/ad9081@0,jesd204:0,parent=spi1.0: JESD204[0] transition link_setup -> opt_setup_stage1
[    7.975395] jesd204: /axi/spi@ff040000/ad9081@0,jesd204:0,parent=spi1.0: JESD204[2] transition opt_setup_stage1 -> opt_setup_stage2
[    7.987219] jesd204: /axi/spi@ff040000/ad9081@0,jesd204:0,parent=spi1.0: JESD204[0] transition opt_setup_stage1 -> opt_setup_stage2
[    7.999191] jesd204: /axi/spi@ff040000/ad9081@0,jesd204:0,parent=spi1.0: JESD204[2] transition opt_setup_stage2 -> opt_setup_stage3
[    8.011010] jesd204: /axi/spi@ff040000/ad9081@0,jesd204:0,parent=spi1.0: JESD204[0] transition opt_setup_stage2 -> opt_setup_stage3
[    8.022833] jesd204: /axi/spi@ff040000/ad9081@0,jesd204:0,parent=spi1.0: JESD204[2] transition opt_setup_stage3 -> opt_setup_stage4
[    8.034652] jesd204: /axi/spi@ff040000/ad9081@0,jesd204:0,parent=spi1.0: JESD204[0] transition opt_setup_stage3 -> opt_setup_stage4
[    8.046480] jesd204: /axi/spi@ff040000/ad9081@0,jesd204:0,parent=spi1.0: JESD204[2] transition opt_setup_stage4 -> opt_setup_stage5
[    8.058301] jesd204: /axi/spi@ff040000/ad9081@0,jesd204:0,parent=spi1.0: JESD204[0] transition opt_setup_stage4 -> opt_setup_stage5
[    8.076269] jesd204: /axi/spi@ff040000/ad9081@0,jesd204:0,parent=spi1.0: JESD204[2] transition opt_setup_stage5 -> clocks_enable
[    8.087827] jesd204: /axi/spi@ff040000/ad9081@0,jesd204:0,parent=spi1.0: JESD204[0] transition opt_setup_stage5 -> clocks_enable
[    8.099451] jesd204: /axi/spi@ff040000/ad9081@0,jesd204:0,parent=spi1.0: JESD204[2] transition clocks_enable -> link_enable
[    8.110576] jesd204: /axi/spi@ff040000/ad9081@0,jesd204:0,parent=spi1.0: JESD204[0] transition clocks_enable -> link_enable
[    8.143952] ad9081 spi1.0: JESD RX (JTX) Link2 in DATA, SYNC deasserted, PLL locked, PHASE established, MODE valid
[    8.154559] ad9081 spi1.0: JESD TX (JRX) Link0 0xF lanes in DATA
[    8.160565] jesd204: /axi/spi@ff040000/ad9081@0,jesd204:0,parent=spi1.0: JESD204[2] transition link_enable -> link_running
[    8.171604] jesd204: /axi/spi@ff040000/ad9081@0,jesd204:0,parent=spi1.0: JESD204[0] transition link_enable -> link_running
[    8.182653] jesd204: /axi/spi@ff040000/ad9081@0,jesd204:0,parent=spi1.0: JESD204[2] transition link_running -> opt_post_running_stage
[    8.194650] jesd204: /axi/spi@ff040000/ad9081@0,jesd204:0,parent=spi1.0: JESD204[0] transition link_running -> opt_post_running_stage
[    8.215966] input: gpio-keys as /devices/platform/gpio-keys/input/input0
[    8.222983] of_cfs_init
[    8.225445] of_cfs_init: OK
[    8.228387] cfg80211: Loading compiled-in X.509 certificates for regulatory database
[    8.366632] cfg80211: Loaded X.509 cert 'sforshee: 00b28ddf47aef9cea7'
[    8.373165] clk: Not disabling unused clocks
[    8.377696] ALSA device list:
[    8.380657]   No soundcards found.
[    8.384329] platform regulatory.0: Direct firmware load for regulatory.db failed with error -2
[    8.392936] cfg80211: failed to load regulatory.db
[    8.407512] EXT4-fs (mmcblk0p2): mounted filesystem with ordered data mode. Opts: (null)
[    8.415626] VFS: Mounted root (ext4 filesystem) on device 179:2.
[    8.428777] devtmpfs: mounted
[    8.432596] Freeing unused kernel memory: 2560K
[    8.459750] Run /sbin/init as init process
[    8.463841]   with arguments:
[    8.463844]     /sbin/init
[    8.463846]   with environment:
[    8.463848]     HOME=/
[    8.463850]     TERM=linux
[    9.029576] systemd[1]: systemd 241 running in system mode. (+PAM +AUDIT +SELINUX +IMA +APPARMOR +SMACK +SYSVINIT +UTMP +LIBCRYPTSETUP +GCRYPT +GNUTLS +ACL +XZ +LZ4 +SECCOMP +BLKID +ELFUTILS +KMOD -IDN2 +IDN -PCRE2 default-hierarchy=hybrid)
[    9.051437] systemd[1]: Detected architecture arm64.
[    9.076410] systemd[1]: Set hostname to <analog>.
[    9.263115] systemd[1]: File /lib/systemd/system/systemd-journald.service:12 configures an IP firewall (IPAddressDeny=any), but the local system does not support BPF/cgroup based firewalling.
[    9.280187] systemd[1]: Proceeding WITHOUT firewalling in effect! (This warning is only shown for the first loaded unit using IP firewalling.)
[    9.443574] systemd[1]: /etc/systemd/system/tof-server.service:1: Assignment outside of section. Ignoring.
[    9.453274] systemd[1]: /etc/systemd/system/tof-server.service:2: Assignment outside of section. Ignoring.
[    9.636375] random: systemd: uninitialized urandom read (16 bytes read)
[    9.651131] random: systemd: uninitialized urandom read (16 bytes read)
[    9.658334] systemd[1]: Created slice system-getty.slice.
[    9.679802] random: systemd: uninitialized urandom read (16 bytes read)
[    9.686656] systemd[1]: Created slice system-serial\x2dgetty.slice.
[    9.708070] systemd[1]: Listening on Syslog Socket.
[   10.290751] ------------[ cut here ]------------
[   10.290760] Enabling unprepared \xa0YG\x88\xff\xff\xff\xd0F\x88\xff\xff\xff
[   10.290806] WARNING: CPU: 2 PID: 112 at drivers/clk/clk.c:1012 clk_core_enable+0xa4/0xc0
[   10.290809] Modules linked in:
[   10.290820] CPU: 2 PID: 112 Comm: kworker/2:1H Not tainted 5.10.0-98103-g2aa7ac113716 #5577
[   10.290822] Hardware name: ZynqMP ZCU102 Rev1.0 (DT)
[   10.290832] Workqueue: kblockd blk_mq_run_work_fn
[   10.290839] pstate: 80000085 (Nzcv daIf -PAN -UAO -TCO BTYPE=--)
[   10.290845] pc : clk_core_enable+0xa4/0xc0
[   10.290850] lr : clk_core_enable+0xa4/0xc0
[   10.290853] sp : ffffffc0127d32d0
[   10.290856] x29: ffffffc0127d32d0 x28: ffffff8800330c10 
[   10.290863] x27: ffffff8800330d48 x26: 0000005000000101 
[   10.290869] x25: 000000025f6f3018 x24: 0000000000000001 
[   10.290876] x23: ffffff8801109a80 x22: ffffff8801083220 
[   10.290883] x21: ffffff880146d000 x20: ffffff880146d008 
[   10.290889] x19: ffffff880146d008 x18: 0000000000000030 
[   10.290895] x17: 0000000000000002 x16: 0000af149f1d49a4 
[   10.290902] x15: ffffffffffff8708 x14: ffffffc011d3b1a0 
[   10.290908] x13: ffffffc011d3b1c8 x12: 00000000000005e8 
[   10.290915] x11: 00000000000001f8 x10: ffffffc011d671c8 
[   10.290921] x9 : 00000000fffff800 x8 : ffffffc011d3b1c8 
[   10.290928] x7 : ffffffc011d671c8 x6 : 0000000000000001 
[   10.290934] x5 : ffffff887f7929e0 x4 : 0000000000000000 
[   10.290940] x3 : 0000000000000027 x2 : 0000000000000023 
[   10.290946] x1 : d919822a17ab8f00 x0 : 0000000000000000 
[   10.290953] Call trace:
[   10.290959]  clk_core_enable+0xa4/0xc0
[   10.290964]  clk_enable+0x2c/0x60
[   10.290970]  zynqmp_runtime_resume+0x24/0x84
[   10.290977]  pm_generic_runtime_resume+0x30/0x50
[   10.290982]  __genpd_runtime_resume+0x30/0xb0
[   10.290989]  genpd_runtime_resume+0x90/0x250
[   10.290995]  __rpm_callback+0x10c/0x1e0
[   10.291000]  rpm_callback+0x5c/0x84
[   10.291005]  rpm_resume+0x4a4/0x74c
[   10.291010]  __pm_runtime_resume+0x78/0xc4
[   10.291014]  spi_mem_access_start.isra.0+0x30/0x80
[   10.291018]  spi_mem_exec_op+0x3b0/0x424
[   10.291023]  spi_nor_read_sr+0x78/0xe0
[   10.291028]  spi_nor_wait_till_ready_with_timeout+0xb4/0x2f0
[   10.291033]  spi_nor_read+0x188/0x380
[   10.291038]  mtd_read_oob_std+0x78/0x84
[   10.291042]  mtd_read_oob+0x7c/0x134
[   10.291046]  mtd_read+0x48/0x7c
[   10.291052]  mtdblock_readsect+0x6c/0x150
[   10.291057]  mtd_queue_rq+0x2cc/0x5a0
[   10.291063]  blk_mq_dispatch_rq_list+0x110/0x790
[   10.291070]  __blk_mq_do_dispatch_sched+0x200/0x274
[   10.291075]  __blk_mq_sched_dispatch_requests+0x1a8/0x1fc
[   10.291081]  blk_mq_sched_dispatch_requests+0x3c/0x7c
[   10.291085]  __blk_mq_run_hw_queue+0x98/0x100
[   10.291090]  blk_mq_run_work_fn+0x24/0x30
[   10.291095]  process_one_work+0x1d4/0x380
[   10.291099]  worker_thread+0x78/0x4e0
[   10.291105]  kthread+0x124/0x130
[   10.291111]  ret_from_fork+0x10/0x3c
[   10.291114] ---[ end trace 71127d181dd42450 ]---
[   10.291123] zynqmp-qspi ff0f0000.spi: Cannot enable APB clock.
[   10.291172] spi_master spi0: Failed to power device: -108
[   10.291182] blk_update_request: I/O error, dev mtdblock0, sector 8 op 0x0:(READ) flags 0x80700 phys_seg 1 prio class 0
[   10.291248] spi_master spi0: Failed to power device: -22
[   10.291255] blk_update_request: I/O error, dev mtdblock0, sector 8 op 0x0:(READ) flags 0x0 phys_seg 8 prio class 0
[   10.291261] Buffer I/O error on dev mtdblock0, logical block 8, async page read
[   10.291270] spi_master spi0: Failed to power device: -22
[   10.291276] blk_update_request: I/O error, dev mtdblock0, sector 9 op 0x0:(READ) flags 0x0 phys_seg 7 prio class 0
[   10.291280] Buffer I/O error on dev mtdblock0, logical block 9, async page read
[   10.291287] spi_master spi0: Failed to power device: -22
[   10.291292] blk_update_request: I/O error, dev mtdblock0, sector 10 op 0x0:(READ) flags 0x0 phys_seg 6 prio class 0
[   10.291296] Buffer I/O error on dev mtdblock0, logical block 10, async page read
[   10.291303] spi_master spi0: Failed to power device: -22
[   10.291309] blk_update_request: I/O error, dev mtdblock0, sector 11 op 0x0:(READ) flags 0x0 phys_seg 5 prio class 0
[   10.291313] Buffer I/O error on dev mtdblock0, logical block 11, async page read
[   10.291319] spi_master spi0: Failed to power device: -22
[   10.291325] blk_update_request: I/O error, dev mtdblock0, sector 12 op 0x0:(READ) flags 0x0 phys_seg 4 prio class 0
[   10.291329] Buffer I/O error on dev mtdblock0, logical block 12, async page read
[   10.291335] spi_master spi0: Failed to power device: -22
[   10.291341] blk_update_request: I/O error, dev mtdblock0, sector 13 op 0x0:(READ) flags 0x0 phys_seg 3 prio class 0
[   10.291345] Buffer I/O error on dev mtdblock0, logical block 13, async page read
[   10.291352] spi_master spi0: Failed to power device: -22
[   10.291357] blk_update_request: I/O error, dev mtdblock0, sector 14 op 0x0:(READ) flags 0x0 phys_seg 2 prio class 0
[   10.291361] Buffer I/O error on dev mtdblock0, logical block 14, async page read
[   10.291368] spi_master spi0: Failed to power device: -22
[   10.291373] blk_update_request: I/O error, dev mtdblock0, sector 15 op 0x0:(READ) flags 0x0 phys_seg 1 prio class 0
[   10.291377] Buffer I/O error on dev mtdblock0, logical block 15, async page read
[   10.291668] spi_master spi0: Failed to power device: -22
[   10.291675] blk_update_request: I/O error, dev mtdblock1, sector 10112 op 0x0:(READ) flags 0x80700 phys_seg 1 prio class 0
[   10.291758] spi_master spi0: Failed to power device: -22
[   10.291764] Buffer I/O error on dev mtdblock1, logical block 10112, async page read
[   10.291772] spi_master spi0: Failed to power device: -22
[   10.291776] Buffer I/O error on dev mtdblock1, logical block 10113, async page read
[   10.291789] spi_master spi0: Failed to power device: -22
[   10.291797] spi_master spi0: Failed to power device: -22
[   10.291804] spi_master spi0: Failed to power device: -22
[   10.291811] spi_master spi0: Failed to power device: -22
[   10.291819] spi_master spi0: Failed to power device: -22
[   10.291826] spi_master spi0: Failed to power device: -22
[   10.292085] spi_master spi0: Failed to power device: -22
[   10.292129] spi_master spi0: Failed to power device: -22
[   10.292139] spi_master spi0: Failed to power device: -22
[   10.292146] spi_master spi0: Failed to power device: -22
[   10.292154] spi_master spi0: Failed to power device: -22
[   10.292161] spi_master spi0: Failed to power device: -22
[   10.292169] spi_master spi0: Failed to power device: -22
[   10.292176] spi_master spi0: Failed to power device: -22
[   10.292183] spi_master spi0: Failed to power device: -22
[   10.292477] spi_master spi0: Failed to power device: -22
[   10.292523] spi_master spi0: Failed to power device: -22
[   10.292532] spi_master spi0: Failed to power device: -22
[   10.292540] spi_master spi0: Failed to power device: -22
[   10.292548] spi_master spi0: Failed to power device: -22
[   10.292559] spi_master spi0: Failed to power device: -22
[   10.292566] spi_master spi0: Failed to power device: -22
[   10.292573] spi_master spi0: Failed to power device: -22
[   10.292580] spi_master spi0: Failed to power device: -22
[   10.359699] random: crng init done
[   10.359708] random: 7 urandom warning(s) missed due to ratelimiting
[   10.417025] EXT4-fs (mmcblk0p2): re-mounted. Opts: (null)
[   10.527074] systemd-journald[164]: Received request to flush runtime journal from PID 1
[   16.448170] macb ff0e0000.ethernet eth0: PHY [ff0e0000.ethernet-ffffffff:0c] driver [TI DP83867] (irq=POLL)
[   16.448184] macb ff0e0000.ethernet eth0: configuring for phy/rgmii-id link mode
[   16.811764] Adding 102396k swap on /var/swap.  Priority:-2 extents:4 across:9953604k SS
[   19.405118] broken atomic modeset userspace detected, disabling atomic
[   19.521333] macb ff0e0000.ethernet eth0: Link is Up - 1Gbps/Full - flow control off
[   19.521358] IPv6: ADDRCONF(NETDEV_CHANGE): eth0: link becomes ready
[   22.073676] broken atomic modeset userspace detected, disabling atomic
[   25.028711] broken atomic modeset userspace detected, disabling atomic