[    0.000000] Booting Linux on physical CPU 0x0000000000 [0x410fd034]
[    0.000000] Linux version 5.10.0-98103-g2aa7ac113716 (jenkins@romlxbuild1.adlk.analog.com) (aarch64-xilinx-linux-gcc.real (GCC) 10.2.0, GNU ld (GNU Binutils) 2.35.0.20200730) #5577 SMP Wed Mar 23 07:28:49 GMT 2022
[    0.000000] Machine model: ZynqMP ZCU102 Rev1.0
[    0.000000] earlycon: cdns0 at MMIO 0x00000000ff000000 (options '115200n8')
[    0.000000] printk: bootconsole [cdns0] enabled
[    0.000000] efi: UEFI not found.
[    0.000000] cma: Reserved 256 MiB at 0x0000000070000000
[    0.000000] Zone ranges:
[    0.000000]   DMA      [mem 0x0000000000000000-0x000000003fffffff]
[    0.000000]   DMA32    [mem 0x0000000040000000-0x00000000ffffffff]
[    0.000000]   Normal   [mem 0x0000000100000000-0x000000087fffffff]
[    0.000000] Movable zone start for each node
[    0.000000] Early memory node ranges
[    0.000000]   node   0: [mem 0x0000000000000000-0x000000007fffffff]
[    0.000000]   node   0: [mem 0x0000000800000000-0x000000087fffffff]
[    0.000000] Initmem setup node 0 [mem 0x0000000000000000-0x000000087fffffff]
[    0.000000] On node 0 totalpages: 1048576
[    0.000000]   DMA zone: 3584 pages used for memmap
[    0.000000]   DMA zone: 0 pages reserved
[    0.000000]   DMA zone: 262144 pages, LIFO batch:63
[    0.000000]   DMA32 zone: 3584 pages used for memmap
[    0.000000]   DMA32 zone: 262144 pages, LIFO batch:63
[    0.000000]   Normal zone: 7168 pages used for memmap
[    0.000000]   Normal zone: 524288 pages, LIFO batch:63
[    0.000000] psci: probing for conduit method from DT.
[    0.000000] psci: PSCIv1.1 detected in firmware.
[    0.000000] psci: Using standard PSCI v0.2 function IDs
[    0.000000] psci: MIGRATE_INFO_TYPE not supported.
[    0.000000] psci: SMC Calling Convention v1.2
[    0.000000] percpu: Embedded 22 pages/cpu s49496 r8192 d32424 u90112
[    0.000000] pcpu-alloc: s49496 r8192 d32424 u90112 alloc=22*4096
[    0.000000] pcpu-alloc: [0] 0 [0] 1 [0] 2 [0] 3 
[    0.000000] Detected VIPT I-cache on CPU0
[    0.000000] CPU features: detected: ARM erratum 845719
[    0.000000] Built 1 zonelists, mobility grouping on.  Total pages: 1034240
[    0.000000] Kernel command line: console=ttyPS0,115200 root=/dev/mmcblk0p2 rw earlycon rootfstype=ext4 rootwait clk_ignore_unused cpuidle.off=1 root=/dev/mmcblk0p2 rw rootwait
[    0.000000] Dentry cache hash table entries: 524288 (order: 10, 4194304 bytes, linear)
[    0.000000] Inode-cache hash table entries: 262144 (order: 9, 2097152 bytes, linear)
[    0.000000] mem auto-init: stack:off, heap alloc:off, heap free:off
[    0.000000] software IO TLB: mapped [mem 0x000000003bfff000-0x000000003ffff000] (64MB)
[    0.000000] Memory: 3761904K/4194304K available (15296K kernel code, 1636K rwdata, 11876K rodata, 2560K init, 507K bss, 170256K reserved, 262144K cma-reserved)
[    0.000000] rcu: Hierarchical RCU implementation.
[    0.000000] rcu: 	RCU event tracing is enabled.
[    0.000000] rcu: 	RCU restricting CPUs from NR_CPUS=8 to nr_cpu_ids=4.
[    0.000000] rcu: RCU calculated value of scheduler-enlistment delay is 25 jiffies.
[    0.000000] rcu: Adjusting geometry for rcu_fanout_leaf=16, nr_cpu_ids=4
[    0.000000] NR_IRQS: 64, nr_irqs: 64, preallocated irqs: 0
[    0.000000] GIC: Adjusting CPU interface base to 0x00000000f902f000
[    0.000000] GIC: Using split EOI/Deactivate mode
[    0.000000] random: get_random_bytes called from start_kernel+0x31c/0x54c with crng_init=0
[    0.000000] arch_timer: cp15 timer(s) running at 100.00MHz (phys).
[    0.000000] clocksource: arch_sys_counter: mask: 0xffffffffffffff max_cycles: 0x171024e7e0, max_idle_ns: 440795205315 ns
[    0.000003] sched_clock: 56 bits at 100MHz, resolution 10ns, wraps every 4398046511100ns
[    0.008461] Console: colour dummy device 80x25
[    0.012482] Calibrating delay loop (skipped), value calculated using timer frequency.. 200.00 BogoMIPS (lpj=400000)
[    0.022841] pid_max: default: 32768 minimum: 301
[    0.027550] Mount-cache hash table entries: 8192 (order: 4, 65536 bytes, linear)
[    0.034789] Mountpoint-cache hash table entries: 8192 (order: 4, 65536 bytes, linear)
[    0.043397] rcu: Hierarchical SRCU implementation.
[    0.047559] EFI services will not be available.
[    0.051939] smp: Bringing up secondary CPUs ...
[    0.056657] Detected VIPT I-cache on CPU1
[    0.056696] CPU1: Booted secondary processor 0x0000000001 [0x410fd034]
[    0.057060] Detected VIPT I-cache on CPU2
[    0.057084] CPU2: Booted secondary processor 0x0000000002 [0x410fd034]
[    0.057421] Detected VIPT I-cache on CPU3
[    0.057444] CPU3: Booted secondary processor 0x0000000003 [0x410fd034]
[    0.057491] smp: Brought up 1 node, 4 CPUs
[    0.091780] SMP: Total of 4 processors activated.
[    0.096452] CPU features: detected: 32-bit EL0 Support
[    0.101556] CPU features: detected: CRC32 instructions
[    0.106695] CPU: All CPU(s) started at EL2
[    0.110736] alternatives: patching kernel code
[    0.116167] devtmpfs: initialized
[    0.124072] Registered cp15_barrier emulation handler
[    0.124122] Registered setend emulation handler
[    0.128100] clocksource: jiffies: mask: 0xffffffff max_cycles: 0xffffffff, max_idle_ns: 7645041785100000 ns
[    0.137679] futex hash table entries: 1024 (order: 4, 65536 bytes, linear)
[    0.151035] pinctrl core: initialized pinctrl subsystem
[    0.151683] NET: Registered protocol family 16
[    0.156102] DMA: preallocated 512 KiB GFP_KERNEL pool for atomic allocations
[    0.162117] DMA: preallocated 512 KiB GFP_KERNEL|GFP_DMA pool for atomic allocations
[    0.169844] DMA: preallocated 512 KiB GFP_KERNEL|GFP_DMA32 pool for atomic allocations
[    0.177646] audit: initializing netlink subsys (disabled)
[    0.183095] audit: type=2000 audit(0.116:1): state=initialized audit_enabled=0 res=1
[    0.183440] hw-breakpoint: found 6 breakpoint and 4 watchpoint registers.
[    0.197472] ASID allocator initialised with 65536 entries
[    0.224326] HugeTLB registered 1.00 GiB page size, pre-allocated 0 pages
[    0.225377] HugeTLB registered 32.0 MiB page size, pre-allocated 0 pages
[    0.232047] HugeTLB registered 2.00 MiB page size, pre-allocated 0 pages
[    0.238707] HugeTLB registered 64.0 KiB page size, pre-allocated 0 pages
[    1.304295] DRBG: Continuing without Jitter RNG
[    1.382110] raid6: neonx8   gen()  2143 MB/s
[    1.450153] raid6: neonx8   xor()  1599 MB/s
[    1.518221] raid6: neonx4   gen()  2192 MB/s
[    1.586263] raid6: neonx4   xor()  1565 MB/s
[    1.654332] raid6: neonx2   gen()  2076 MB/s
[    1.722377] raid6: neonx2   xor()  1433 MB/s
[    1.790448] raid6: neonx1   gen()  1772 MB/s
[    1.858492] raid6: neonx1   xor()  1220 MB/s
[    1.926548] raid6: int64x8  gen()  1438 MB/s
[    1.994607] raid6: int64x8  xor()   771 MB/s
[    2.062677] raid6: int64x4  gen()  1598 MB/s
[    2.130728] raid6: int64x4  xor()   816 MB/s
[    2.198803] raid6: int64x2  gen()  1397 MB/s
[    2.266843] raid6: int64x2  xor()   750 MB/s
[    2.334933] raid6: int64x1  gen()  1034 MB/s
[    2.402983] raid6: int64x1  xor()   517 MB/s
[    2.403021] raid6: using algorithm neonx4 gen() 2192 MB/s
[    2.406978] raid6: .... xor() 1565 MB/s, rmw enabled
[    2.411909] raid6: using neon recovery algorithm
[    2.416918] iommu: Default domain type: Translated 
[    2.421535] SCSI subsystem initialized
[    2.425078] libata version 3.00 loaded.
[    2.425202] usbcore: registered new interface driver usbfs
[    2.430535] usbcore: registered new interface driver hub
[    2.435808] usbcore: registered new device driver usb
[    2.440942] mc: Linux media interface: v0.10
[    2.445055] videodev: Linux video capture interface: v2.00
[    2.450548] EDAC MC: Ver: 3.0.0
[    2.453988] zynqmp-ipi-mbox mailbox@ff990400: Registered ZynqMP IPI mbox with TX/RX channels.
[    2.462483] jesd204: created con: id=0, topo=0, link=0, /axi/spi@ff050000/hmc7044@0 <-> /fpga-axi@0/axi-adxcvr-tx@84b60000
[    2.473077] jesd204: created con: id=1, topo=0, link=2, /axi/spi@ff050000/hmc7044@0 <-> /fpga-axi@0/axi-adxcvr-rx@84a60000
[    2.484061] jesd204: created con: id=2, topo=0, link=0, /fpga-axi@0/axi-adxcvr-tx@84b60000 <-> /fpga-axi@0/axi-jesd204-tx@84b90000
[    2.495737] jesd204: created con: id=3, topo=0, link=2, /fpga-axi@0/axi-adxcvr-rx@84a60000 <-> /fpga-axi@0/axi-jesd204-rx@84a90000
[    2.507414] jesd204: created con: id=4, topo=0, link=0, /fpga-axi@0/axi-jesd204-tx@84b90000 <-> /fpga-axi@0/axi-ad9081-tx-hpc@84b10000
[    2.519442] jesd204: created con: id=5, topo=0, link=2, /fpga-axi@0/axi-jesd204-rx@84a90000 <-> /fpga-axi@0/axi-ad9081-rx-hpc@84a10000
[    2.531464] jesd204: created con: id=6, topo=0, link=2, /fpga-axi@0/axi-ad9081-rx-hpc@84a10000 <-> /axi/spi@ff040000/ad9081@0
[    2.542706] jesd204: created con: id=7, topo=0, link=0, /fpga-axi@0/axi-ad9081-tx-hpc@84b10000 <-> /axi/spi@ff040000/ad9081@0
[    2.553956] jesd204: /axi/spi@ff040000/ad9081@0: JESD204[2] transition uninitialized -> initialized
[    2.562942] jesd204: /axi/spi@ff040000/ad9081@0: JESD204[0] transition uninitialized -> initialized
[    2.571934] jesd204: found 8 devices and 1 topologies
[    2.576978] FPGA manager framework
[    2.580457] Advanced Linux Sound Architecture Driver Initialized.
[    2.586753] Bluetooth: Core ver 2.22
[    2.589937] NET: Registered protocol family 31
[    2.594338] Bluetooth: HCI device and connection manager initialized
[    2.600655] Bluetooth: HCI socket layer initialized
[    2.605497] Bluetooth: L2CAP socket layer initialized
[    2.610520] Bluetooth: SCO socket layer initialized
[    2.615707] clocksource: Switched to clocksource arch_sys_counter
[    2.621514] VFS: Disk quotas dquot_6.6.0
[    2.625347] VFS: Dquot-cache hash table entries: 512 (order 0, 4096 bytes)
[    2.636067] NET: Registered protocol family 2
[    2.636793] tcp_listen_portaddr_hash hash table entries: 2048 (order: 3, 32768 bytes, linear)
[    2.644988] TCP established hash table entries: 32768 (order: 6, 262144 bytes, linear)
[    2.653013] TCP bind hash table entries: 32768 (order: 7, 524288 bytes, linear)
[    2.660457] TCP: Hash tables configured (established 32768 bind 32768)
[    2.666632] UDP hash table entries: 2048 (order: 4, 65536 bytes, linear)
[    2.673299] UDP-Lite hash table entries: 2048 (order: 4, 65536 bytes, linear)
[    2.680458] NET: Registered protocol family 1
[    2.684915] RPC: Registered named UNIX socket transport module.
[    2.690536] RPC: Registered udp transport module.
[    2.695200] RPC: Registered tcp transport module.
[    2.699870] RPC: Registered tcp NFSv4.1 backchannel transport module.
[    2.706861] PCI: CLS 0 bytes, default 64
[    2.710568] hw perfevents: no interrupt-affinity property for /pmu, guessing.
[    2.717421] hw perfevents: enabled with armv8_pmuv3 PMU driver, 7 counters available
[    2.725771] Initialise system trusted keyrings
[    2.729448] workingset: timestamp_bits=62 max_order=20 bucket_order=0
[    2.736350] NFS: Registering the id_resolver key type
[    2.740799] Key type id_resolver registered
[    2.744938] Key type id_legacy registered
[    2.748928] nfs4filelayout_init: NFSv4 File Layout Driver Registering...
[    2.755593] jffs2: version 2.2. (NAND) (SUMMARY)  Â© 2001-2006 Red Hat, Inc.
[    2.798515] NET: Registered protocol family 38
[    2.798558] xor: measuring software checksum speed
[    2.806245]    8regs           :  2363 MB/sec
[    2.809914]    32regs          :  2799 MB/sec
[    2.814856]    arm64_neon      :  2380 MB/sec
[    2.815046] xor: using function: 32regs (2799 MB/sec)
[    2.820072] Key type asymmetric registered
[    2.824134] Asymmetric key parser 'x509' registered
[    2.828995] Block layer SCSI generic (bsg) driver version 0.4 loaded (major 248)
[    2.836331] io scheduler mq-deadline registered
[    2.840828] io scheduler kyber registered
[    2.870207] Serial: 8250/16550 driver, 4 ports, IRQ sharing disabled
[    2.874853] cacheinfo: Unable to detect cache hierarchy for CPU 0
[    2.881194] brd: module loaded
[    2.885333] loop: module loaded
[    2.885878] Registered mathworks_ip class
[    2.889219] libphy: Fixed MDIO Bus: probed
[    2.892211] tun: Universal TUN/TAP device driver, 1.6
[    2.896258] CAN device driver interface
[    2.900793] usbcore: registered new interface driver asix
[    2.905389] usbcore: registered new interface driver ax88179_178a
[    2.911423] usbcore: registered new interface driver cdc_ether
[    2.917218] usbcore: registered new interface driver net1080
[    2.922844] usbcore: registered new interface driver cdc_subset
[    2.928724] usbcore: registered new interface driver zaurus
[    2.934267] usbcore: registered new interface driver cdc_ncm
[    2.940671] ehci_hcd: USB 2.0 'Enhanced' Host Controller (EHCI) Driver
[    2.946352] ehci-pci: EHCI PCI platform driver
[    2.951150] usbcore: registered new interface driver uas
[    2.956068] usbcore: registered new interface driver usb-storage
[    2.962056] usbcore: registered new interface driver usbserial_generic
[    2.968506] usbserial: USB Serial support registered for generic
[    2.974480] usbcore: registered new interface driver ftdi_sio
[    2.980183] usbserial: USB Serial support registered for FTDI USB Serial Device
[    2.987460] usbcore: registered new interface driver upd78f0730
[    2.993331] usbserial: USB Serial support registered for upd78f0730
[    3.000988] rtc_zynqmp ffa60000.rtc: registered as rtc0
[    3.004756] rtc_zynqmp ffa60000.rtc: setting system clock to 2022-04-12T21:45:39 UTC (1649799939)
[    3.013619] i2c /dev entries driver
[    3.018933] usbcore: registered new interface driver uvcvideo
[    3.022731] USB Video Class driver (1.1.1)
[    3.028317] Bluetooth: HCI UART driver ver 2.3
[    3.031203] Bluetooth: HCI UART protocol H4 registered
[    3.036312] Bluetooth: HCI UART protocol BCSP registered
[    3.041601] Bluetooth: HCI UART protocol LL registered
[    3.046690] Bluetooth: HCI UART protocol ATH3K registered
[    3.052064] Bluetooth: HCI UART protocol Three-wire (H5) registered
[    3.058319] Bluetooth: HCI UART protocol Intel registered
[    3.063656] Bluetooth: HCI UART protocol QCA registered
[    3.068858] usbcore: registered new interface driver bcm203x
[    3.074479] usbcore: registered new interface driver bpa10x
[    3.080015] usbcore: registered new interface driver bfusb
[    3.085466] usbcore: registered new interface driver btusb
[    3.090928] usbcore: registered new interface driver ath3k
[    3.096412] EDAC MC: ECC not enabled
[    3.100037] EDAC DEVICE0: Giving out device to module zynqmp-ocm-edac controller zynqmp_ocm: DEV ff960000.memory-controller (INTERRUPT)
[    3.112352] sdhci: Secure Digital Host Controller Interface driver
[    3.118139] sdhci: Copyright(c) Pierre Ossman
[    3.122464] sdhci-pltfm: SDHCI platform and OF driver helper
[    3.128513] ledtrig-cpu: registered to indicate activity on CPUs
[    3.134069] SMCCC: SOC_ID: ARCH_SOC_ID not implemented, skipping ....
[    3.140500] zynqmp_firmware_probe Platform Management API v1.1
[    3.146255] zynqmp_firmware_probe Trustzone version v1.0
[    3.185791] zynqmp-pinctrl firmware:zynqmp-firmware:pinctrl: zynqmp pinctrl initialized
[    3.233782] zynqmp-aes firmware:zynqmp-firmware:zynqmp-aes: will run requests pump with realtime priority
[    3.249645] alg: No test for xilinx-keccak-384 (zynqmp-keccak-384)
[    3.250353] alg: No test for xilinx-zynqmp-rsa (zynqmp-rsa)
[    3.255867] usbcore: registered new interface driver usbhid
[    3.261256] usbhid: USB HID core driver
[    3.272486] axi_sysid 85000000.axi-sysid-0: AXI System ID core version (1.01.a) found
[    3.274837] axi_sysid 85000000.axi-sysid-0: [ad9081_fmca_ebz] on [zcu102] git branch <master> git <084d44c9780640ca93fd847b1d9ec70dd65f5c67> clean [2022-03-18 04:17:50] UTC
[    3.290525] fpga_manager fpga0: Xilinx ZynqMP FPGA Manager registered
[    3.296890] usbcore: registered new interface driver snd-usb-audio
[    3.304324] pktgen: Packet Generator for packet performance testing. Version: 2.75
[    3.310504] Initializing XFRM netlink socket
[    3.314370] NET: Registered protocol family 10
[    3.319084] Segment Routing with IPv6
[    3.322466] sit: IPv6, IPv4 and MPLS over IPv4 tunneling driver
[    3.328535] NET: Registered protocol family 17
[    3.332636] NET: Registered protocol family 15
[    3.337136] can: controller area network core
[    3.341388] NET: Registered protocol family 29
[    3.345775] can: raw protocol
[    3.348714] can: broadcast manager protocol
[    3.352870] can: netlink gateway - max_hops=1
[    3.357263] Bluetooth: RFCOMM TTY layer initialized
[    3.362044] Bluetooth: RFCOMM socket layer initialized
[    3.367153] Bluetooth: RFCOMM ver 1.11
[    3.370863] Bluetooth: BNEP (Ethernet Emulation) ver 1.3
[    3.376134] Bluetooth: BNEP filters: protocol multicast
[    3.381326] Bluetooth: BNEP socket layer initialized
[    3.386255] Bluetooth: HIDP (Human Interface Emulation) ver 1.2
[    3.392139] Bluetooth: HIDP socket layer initialized
[    3.397191] 9pnet: Installing 9P2000 support
[    3.401316] NET: Registered protocol family 36
[    3.405732] Key type dns_resolver registered
[    3.410165] registered taskstats version 1
[    3.414029] Loading compiled-in X.509 certificates
[    3.419136] Btrfs loaded, crc32c=crc32c-generic
[    3.431541] ff000000.serial: ttyPS0 at MMIO 0xff000000 (irq = 49, base_baud = 6249999) is a xuartps
[    3.440563] printk: console [ttyPS0] enabled
[    3.444858] printk: bootconsole [cdns0] disabled
[    3.454487] ff010000.serial: ttyPS1 at MMIO 0xff010000 (irq = 50, base_baud = 6249999) is a xuartps
[    3.467725] of-fpga-region fpga-full: FPGA Region probed
[    3.474685] nwl-pcie fd0e0000.pcie: host bridge /axi/pcie@fd0e0000 ranges:
[    3.481579] nwl-pcie fd0e0000.pcie:      MEM 0x00e0000000..0x00efffffff -> 0x00e0000000
[    3.489587] nwl-pcie fd0e0000.pcie:      MEM 0x0600000000..0x07ffffffff -> 0x0600000000
[    3.497651] nwl-pcie fd0e0000.pcie: Link is DOWN
[    3.502408] nwl-pcie fd0e0000.pcie: PCI host bridge to bus 0000:00
[    3.508586] pci_bus 0000:00: root bus resource [bus 00-ff]
[    3.514067] pci_bus 0000:00: root bus resource [mem 0xe0000000-0xefffffff]
[    3.520938] pci_bus 0000:00: root bus resource [mem 0x600000000-0x7ffffffff pref]
[    3.528442] pci 0000:00:00.0: [10ee:d021] type 01 class 0x060400
[    3.534497] pci 0000:00:00.0: PME# supported from D0 D1 D2 D3hot
[    3.544940] pci 0000:00:00.0: PCI bridge to [bus 01-0c]
[    3.550918] xilinx-zynqmp-dma fd500000.dma: ZynqMP DMA driver Probe success
[    3.558094] xilinx-zynqmp-dma fd510000.dma: ZynqMP DMA driver Probe success
[    3.565271] xilinx-zynqmp-dma fd520000.dma: ZynqMP DMA driver Probe success
[    3.572439] xilinx-zynqmp-dma fd530000.dma: ZynqMP DMA driver Probe success
[    3.579606] xilinx-zynqmp-dma fd540000.dma: ZynqMP DMA driver Probe success
[    3.586775] xilinx-zynqmp-dma fd550000.dma: ZynqMP DMA driver Probe success
[    3.593946] xilinx-zynqmp-dma fd560000.dma: ZynqMP DMA driver Probe success
[    3.601113] xilinx-zynqmp-dma fd570000.dma: ZynqMP DMA driver Probe success
[    3.608514] xilinx-zynqmp-dpdma fd4c0000.dma-controller: Xilinx DPDMA engine is probed
[    3.617067] ahci-ceva fd0c0000.ahci: supply ahci not found, using dummy regulator
[    3.624609] ahci-ceva fd0c0000.ahci: supply phy not found, using dummy regulator
[    3.715876] hmc7044 spi2.0: PLL1: Acquisition, CLKIN0 @ 122880000 Hz, PFD: 80 kHz - PLL2: Locked @ 3016.000000 MHz
[    3.726593] jesd204: /axi/spi@ff050000/hmc7044@0,jesd204:1,parent=spi2.0: Using as SYSREF provider
[    3.736178] spi-nor spi0.0: SPI-NOR-UniqueID 100000235394732200270025081115266e
[    3.743485] spi-nor spi0.0: found n25q512a, expected m25p80
[    3.749691] spi-nor spi0.0: trying to lock already unlocked area
[    3.755700] spi-nor spi0.0: n25q512a (131072 Kbytes)
[    3.760679] 4 fixed-partitions partitions found on MTD device spi0.0
[    3.767027] Creating 4 MTD partitions on "spi0.0":
[    3.771812] 0x000000000000-0x000000100000 : "qspi-fsbl-uboot"
[    3.778302] 0x000000100000-0x000000600000 : "qspi-linux"
[    3.784259] 0x000000600000-0x000000620000 : "qspi-device-tree"
[    3.790731] 0x000000620000-0x000000c00000 : "qspi-rootfs"
[    3.799198] macb ff0e0000.ethernet: Not enabling partial store and forward
[    3.806721] libphy: MACB_mii_bus: probed
[    3.811767] macb ff0e0000.ethernet eth0: Cadence GEM rev 0x50070106 at 0xff0e0000 irq 30 (00:0a:35:04:8e:1b)
[    3.821980] xilinx-axipmon ffa00000.perf-monitor: Probed Xilinx APM
[    3.828555] xilinx-axipmon fd0b0000.perf-monitor: Probed Xilinx APM
[    3.835073] xilinx-axipmon fd490000.perf-monitor: Probed Xilinx APM
[    3.841616] xilinx-axipmon ffa10000.perf-monitor: Probed Xilinx APM
[    3.851599] pca953x 0-0020: supply vcc not found, using dummy regulator
[    3.858288] pca953x 0-0020: using no AI
[    3.862773] gpio-496 (sel0): hogged as output/low
[    3.867674] gpio-497 (sel1): hogged as output/high
[    3.872660] gpio-498 (sel2): hogged as output/high
[    3.877649] gpio-499 (sel3): hogged as output/high
[    3.882829] pca953x 0-0021: supply vcc not found, using dummy regulator
[    3.889495] pca953x 0-0021: using no AI
[    3.895249] ina2xx 2-0040: power monitor ina226 (Rshunt = 5000 uOhm)
[    3.902273] ina2xx 2-0041: power monitor ina226 (Rshunt = 5000 uOhm)
[    3.909307] ina2xx 2-0042: power monitor ina226 (Rshunt = 5000 uOhm)
[    3.916345] ina2xx 2-0043: power monitor ina226 (Rshunt = 5000 uOhm)
[    3.923374] ina2xx 2-0044: power monitor ina226 (Rshunt = 5000 uOhm)
[    3.930393] ina2xx 2-0045: power monitor ina226 (Rshunt = 5000 uOhm)
[    3.937422] ina2xx 2-0046: power monitor ina226 (Rshunt = 5000 uOhm)
[    3.944498] ina2xx 2-0047: power monitor ina226 (Rshunt = 5000 uOhm)
[    3.951525] ina2xx 2-004a: power monitor ina226 (Rshunt = 5000 uOhm)
[    3.958566] ina2xx 2-004b: power monitor ina226 (Rshunt = 5000 uOhm)
[    3.964978] i2c i2c-0: Added multiplexed i2c bus 2
[    3.970367] random: fast init done
[    3.973843] ina2xx 3-0040: power monitor ina226 (Rshunt = 2000 uOhm)
[    3.980869] ina2xx 3-0041: power monitor ina226 (Rshunt = 5000 uOhm)
[    3.987895] ina2xx 3-0042: power monitor ina226 (Rshunt = 5000 uOhm)
[    3.994928] ina2xx 3-0043: power monitor ina226 (Rshunt = 5000 uOhm)
[    4.001954] ina2xx 3-0044: power monitor ina226 (Rshunt = 5000 uOhm)
[    4.008988] ina2xx 3-0045: power monitor ina226 (Rshunt = 5000 uOhm)
[    4.016020] ina2xx 3-0046: power monitor ina226 (Rshunt = 5000 uOhm)
[    4.023052] ina2xx 3-0047: power monitor ina226 (Rshunt = 5000 uOhm)
[    4.029452] i2c i2c-0: Added multiplexed i2c bus 3
[    4.085513] i2c i2c-0: Added multiplexed i2c bus 4
[    4.090450] i2c i2c-0: Added multiplexed i2c bus 5
[    4.095243] pca954x 0-0075: registered 4 multiplexed busses for I2C mux pca9544
[    4.102591] cdns-i2c ff020000.i2c: 400 kHz mmio ff020000 irq 32
[    4.110327] at24 6-0054: supply vcc not found, using dummy regulator
[    4.117226] at24 6-0054: 1024 byte 24c08 EEPROM, writable, 1 bytes/write
[    4.123980] i2c i2c-1: Added multiplexed i2c bus 6
[    4.130410] si5341 7-0036: Chip: 5341 Grade: 1 Rev: 1
[    4.168114] i2c i2c-1: Added multiplexed i2c bus 7
[    4.175764] si570 8-005d: registered, current frequency 300000000 Hz
[    4.182169] i2c i2c-1: Added multiplexed i2c bus 8
[    4.201948] si570 9-005d: registered, current frequency 148500000 Hz
[    4.208348] i2c i2c-1: Added multiplexed i2c bus 9
[    4.213386] si5324 10-0069: si5328 probed
[    4.280065] si5324 10-0069: si5328 probe successful
[    4.284994] i2c i2c-1: Added multiplexed i2c bus 10
[    4.290021] i2c i2c-1: Added multiplexed i2c bus 11
[    4.295049] i2c i2c-1: Added multiplexed i2c bus 12
[    4.300068] i2c i2c-1: Added multiplexed i2c bus 13
[    4.304942] pca954x 1-0074: registered 8 multiplexed busses for I2C switch pca9548
[    4.313052] at24 14-0050: supply vcc not found, using dummy regulator
[    4.319844] at24 14-0050: 256 byte 24c02 EEPROM, writable, 1 bytes/write
[    4.326593] i2c i2c-1: Added multiplexed i2c bus 14
[    4.331634] i2c i2c-1: Added multiplexed i2c bus 15
[    4.336667] i2c i2c-1: Added multiplexed i2c bus 16
[    4.341704] i2c i2c-1: Added multiplexed i2c bus 17
[    4.346738] i2c i2c-1: Added multiplexed i2c bus 18
[    4.351781] i2c i2c-1: Added multiplexed i2c bus 19
[    4.356823] i2c i2c-1: Added multiplexed i2c bus 20
[    4.361856] i2c i2c-1: Added multiplexed i2c bus 21
[    4.366733] pca954x 1-0075: registered 8 multiplexed busses for I2C switch pca9548
[    4.374342] cdns-i2c ff030000.i2c: 400 kHz mmio ff030000 irq 33
[    4.384086] cdns-wdt fd4d0000.watchdog: Xilinx Watchdog Timer with timeout 60s
[    4.393148] axi_adxcvr 84a60000.axi-adxcvr-rx: adxcvr_enforce_settings: Using QPLL without access, assuming desired Lane rate will be configured by a different instance
[    4.409790] axi_adxcvr 84a60000.axi-adxcvr-rx: AXI-ADXCVR-RX (17.05.a) using QPLL on GTH4 at 0x84A60000. Number of lanes: 4.
[    4.421950] axi_adxcvr 84b60000.axi-adxcvr-tx: AXI-ADXCVR-TX (17.05.a) using QPLL on GTH4 at 0x84B60000. Number of lanes: 4.
[    4.425900] mmc0: SDHCI controller on ff170000.mmc [ff170000.mmc] using ADMA 64-bit
[    4.441100] axi-jesd204-rx 84a90000.axi-jesd204-rx: AXI-JESD204-RX (1.07.a) at 0x84A90000. Encoder 8b10b, width 4/4, lanes 4, jesd204-fsm.
[    4.453935] axi-jesd204-tx 84b90000.axi-jesd204-tx: AXI-JESD204-TX (1.06.a) at 0x84B90000. Encoder 8b10b, width 4/4, lanes 4, jesd204-fsm.
[    4.467442] zynqmp-display fd4a0000.display: vtc bridge property not present
[    4.473471] mmc0: new high speed SDHC card at address 0001
[    4.477090] xilinx-dp-snd-codec fd4a0000.display:zynqmp_dp_snd_codec0: Failed to get required clock freq
[    4.480324] mmcblk0: mmc0:0001 EB1QT 29.8 GiB 
[    4.489453] xilinx-dp-snd-codec: probe of fd4a0000.display:zynqmp_dp_snd_codec0 failed with error -22
[    4.495101]  mmcblk0: p1 p2 p3
[    4.503441] xilinx-dp-snd-pcm zynqmp_dp_snd_pcm0: Xilinx DisplayPort Sound PCM probed
[    4.514299] xilinx-dp-snd-pcm zynqmp_dp_snd_pcm1: Xilinx DisplayPort Sound PCM probed
[    4.522505] OF: graph: no port node found in /axi/display@fd4a0000
[    4.528914] xlnx-drm xlnx-drm.0: bound fd4a0000.display (ops 0xffffffc010fcbdb8)
[    5.615721] zynqmp-display fd4a0000.display: [drm] Cannot find any crtc or sizes
[    5.623337] [drm] Initialized xlnx 1.0.0 20130509 for fd4a0000.display on minor 0
[    5.630830] zynqmp-display fd4a0000.display: ZynqMP DisplayPort Subsystem driver probed
[    5.639143] ahci-ceva fd0c0000.ahci: supply ahci not found, using dummy regulator
[    5.646689] ahci-ceva fd0c0000.ahci: supply phy not found, using dummy regulator
[    5.654143] ahci-ceva fd0c0000.ahci: supply target not found, using dummy regulator
[    5.661982] ahci-ceva fd0c0000.ahci: AHCI 0001.0301 32 slots 2 ports 6 Gbps 0x3 impl platform mode
[    5.670937] ahci-ceva fd0c0000.ahci: flags: 64bit ncq sntf pm clo only pmp fbs pio slum part ccc sds apst 
[    5.681627] scsi host0: ahci-ceva
[    5.685224] scsi host1: ahci-ceva
[    5.688658] ata1: SATA max UDMA/133 mmio [mem 0xfd0c0000-0xfd0c1fff] port 0x100 irq 45
[    5.696572] ata2: SATA max UDMA/133 mmio [mem 0xfd0c0000-0xfd0c1fff] port 0x180 irq 45
[    5.705178] ad9081 spi1.0: supply vdd not found, using dummy regulator
[    6.017955] ata1: SATA link down (SStatus 0 SControl 330)
[    6.023370] ata2: SATA link down (SStatus 0 SControl 330)
[    6.699724] zynqmp-display fd4a0000.display: [drm] Cannot find any crtc or sizes
[    7.508744] ad9081 spi1.0: AD9081 Rev. 2 Grade 10 (API 1.2.2) probed
[    7.515941] xhci-hcd xhci-hcd.1.auto: xHCI Host Controller
[    7.521435] xhci-hcd xhci-hcd.1.auto: new USB bus registered, assigned bus number 1
[    7.529182] xhci-hcd xhci-hcd.1.auto: hcc params 0x0238f625 hci version 0x100 quirks 0x0000000002010810
[    7.538595] xhci-hcd xhci-hcd.1.auto: irq 59, io mem 0xfe200000
[    7.544704] usb usb1: New USB device found, idVendor=1d6b, idProduct=0002, bcdDevice= 5.10
[    7.552961] usb usb1: New USB device strings: Mfr=3, Product=2, SerialNumber=1
[    7.560179] usb usb1: Product: xHCI Host Controller
[    7.565049] usb usb1: Manufacturer: Linux 5.10.0-98103-g2aa7ac113716 xhci-hcd
[    7.572173] usb usb1: SerialNumber: xhci-hcd.1.auto
[    7.577341] hub 1-0:1.0: USB hub found
[    7.581100] hub 1-0:1.0: 1 port detected
[    7.585199] xhci-hcd xhci-hcd.1.auto: xHCI Host Controller
[    7.590689] xhci-hcd xhci-hcd.1.auto: new USB bus registered, assigned bus number 2
[    7.598343] xhci-hcd xhci-hcd.1.auto: Host supports USB 3.0 SuperSpeed
[    7.604966] usb usb2: New USB device found, idVendor=1d6b, idProduct=0003, bcdDevice= 5.10
[    7.613230] usb usb2: New USB device strings: Mfr=3, Product=2, SerialNumber=1
[    7.620446] usb usb2: Product: xHCI Host Controller
[    7.625313] usb usb2: Manufacturer: Linux 5.10.0-98103-g2aa7ac113716 xhci-hcd
[    7.632440] usb usb2: SerialNumber: xhci-hcd.1.auto
[    7.637548] hub 2-0:1.0: USB hub found
[    7.641310] hub 2-0:1.0: 1 port detected
[    7.671365] cf_axi_adc 84a10000.axi-ad9081-rx-hpc: ADI AIM (10.01.b) at 0x84A10000 mapped to 0x(____ptrval____), probed ADC AD9081 as MASTER
[    7.704547] cf_axi_dds 84b10000.axi-ad9081-tx-hpc: Analog Devices CF_AXI_DDS_DDS MASTER (9.01.b) at 0x84B10000 mapped to 0x(____ptrval____), probed DDS AD9081
[    7.718751] jesd204: /axi/spi@ff040000/ad9081@0,jesd204:0,parent=spi1.0: JESD204[2] transition initialized -> probed
[    7.729273] jesd204: /axi/spi@ff040000/ad9081@0,jesd204:0,parent=spi1.0: JESD204[0] transition initialized -> probed
[    7.739797] jesd204: /axi/spi@ff040000/ad9081@0,jesd204:0,parent=spi1.0: JESD204[2] transition probed -> idle
[    7.749705] jesd204: /axi/spi@ff040000/ad9081@0,jesd204:0,parent=spi1.0: JESD204[0] transition probed -> idle
[    7.759619] jesd204: /axi/spi@ff040000/ad9081@0,jesd204:0,parent=spi1.0: JESD204[2] transition idle -> device_init
[    7.769962] jesd204: /axi/spi@ff040000/ad9081@0,jesd204:0,parent=spi1.0: JESD204[0] transition idle -> device_init
[    7.780314] jesd204: /axi/spi@ff040000/ad9081@0,jesd204:0,parent=spi1.0: JESD204[2] transition device_init -> link_init
[    7.791089] jesd204: /axi/spi@ff040000/ad9081@0,jesd204:0,parent=spi1.0: JESD204[0] transition device_init -> link_init
[    7.801881] jesd204: /axi/spi@ff040000/ad9081@0,jesd204:0,parent=spi1.0: JESD204[2] transition link_init -> link_supported
[    7.812920] jesd204: /axi/spi@ff040000/ad9081@0,jesd204:0,parent=spi1.0: JESD204[0] transition link_init -> link_supported
[    7.824331] hmc7044 spi2.0: hmc7044_jesd204_link_pre_setup: Link2 forcing continuous SYSREF mode
[    7.833446] jesd204: /axi/spi@ff040000/ad9081@0,jesd204:0,parent=spi1.0: JESD204[2] transition link_supported -> link_pre_setup
[    7.844925] jesd204: /axi/spi@ff040000/ad9081@0,jesd204:0,parent=spi1.0: JESD204[0] transition link_supported -> link_pre_setup
[    7.868775] jesd204: /axi/spi@ff040000/ad9081@0,jesd204:0,parent=spi1.0: JESD204[2] transition link_pre_setup -> clk_sync_stage1
[    7.880339] jesd204: /axi/spi@ff040000/ad9081@0,jesd204:0,parent=spi1.0: JESD204[0] transition link_pre_setup -> clk_sync_stage1
[    7.891904] jesd204: /axi/spi@ff040000/ad9081@0,jesd204:0,parent=spi1.0: JESD204[2] transition clk_sync_stage1 -> clk_sync_stage2
[    7.903547] jesd204: /axi/spi@ff040000/ad9081@0,jesd204:0,parent=spi1.0: JESD204[0] transition clk_sync_stage1 -> clk_sync_stage2
[    7.915206] jesd204: /axi/spi@ff040000/ad9081@0,jesd204:0,parent=spi1.0: JESD204[2] transition clk_sync_stage2 -> clk_sync_stage3
[    7.926853] jesd204: /axi/spi@ff040000/ad9081@0,jesd204:0,parent=spi1.0: JESD204[0] transition clk_sync_stage2 -> clk_sync_stage3
[    7.940525] jesd204: /axi/spi@ff040000/ad9081@0,jesd204:0,parent=spi1.0: JESD204[2] transition clk_sync_stage3 -> link_setup
[    7.951743] jesd204: /axi/spi@ff040000/ad9081@0,jesd204:0,parent=spi1.0: JESD204[0] transition clk_sync_stage3 -> link_setup
[    7.967741] jesd204: /axi/spi@ff040000/ad9081@0,jesd204:0,parent=spi1.0: JESD204[2] transition link_setup -> opt_setup_stage1
[    7.979040] jesd204: /axi/spi@ff040000/ad9081@0,jesd204:0,parent=spi1.0: JESD204[0] transition link_setup -> opt_setup_stage1
[    7.995377] jesd204: /axi/spi@ff040000/ad9081@0,jesd204:0,parent=spi1.0: JESD204[2] transition opt_setup_stage1 -> opt_setup_stage2
[    8.007198] jesd204: /axi/spi@ff040000/ad9081@0,jesd204:0,parent=spi1.0: JESD204[0] transition opt_setup_stage1 -> opt_setup_stage2
[    8.019171] jesd204: /axi/spi@ff040000/ad9081@0,jesd204:0,parent=spi1.0: JESD204[2] transition opt_setup_stage2 -> opt_setup_stage3
[    8.030990] jesd204: /axi/spi@ff040000/ad9081@0,jesd204:0,parent=spi1.0: JESD204[0] transition opt_setup_stage2 -> opt_setup_stage3
[    8.042813] jesd204: /axi/spi@ff040000/ad9081@0,jesd204:0,parent=spi1.0: JESD204[2] transition opt_setup_stage3 -> opt_setup_stage4
[    8.054631] jesd204: /axi/spi@ff040000/ad9081@0,jesd204:0,parent=spi1.0: JESD204[0] transition opt_setup_stage3 -> opt_setup_stage4
[    8.066465] jesd204: /axi/spi@ff040000/ad9081@0,jesd204:0,parent=spi1.0: JESD204[2] transition opt_setup_stage4 -> opt_setup_stage5
[    8.078289] jesd204: /axi/spi@ff040000/ad9081@0,jesd204:0,parent=spi1.0: JESD204[0] transition opt_setup_stage4 -> opt_setup_stage5
[    8.113353] axi_adxcvr 84a60000.axi-adxcvr-rx: adxcvr_clk_enable: QPLL RX buffer underflow error, status: 0x61
[    8.123341] axi_adxcvr 84a60000.axi-adxcvr-rx: adxcvr_clk_enable: QPLL RX buffer overflow error, status: 0x61
[    8.137409] jesd204: /axi/spi@ff040000/ad9081@0,jesd204:0,parent=spi1.0: JESD204[2] transition opt_setup_stage5 -> clocks_enable
[    8.148970] jesd204: /axi/spi@ff040000/ad9081@0,jesd204:0,parent=spi1.0: JESD204[0] transition opt_setup_stage5 -> clocks_enable
[    8.160587] jesd204: /axi/spi@ff040000/ad9081@0,jesd204:0,parent=spi1.0: JESD204[2] transition clocks_enable -> link_enable
[    8.171719] jesd204: /axi/spi@ff040000/ad9081@0,jesd204:0,parent=spi1.0: JESD204[0] transition clocks_enable -> link_enable
[    8.311708] axi-jesd204-rx 84a90000.axi-jesd204-rx: axi_jesd204_rx_jesd204_link_running: Link2 status failed (CGS)
[    8.322057] jesd204: /fpga-axi@0/axi-jesd204-rx@84a90000,jesd204:4,parent=84a90000.axi-jesd204-rx: JESD204[2] In link_running got error from cb: -1 (ignoring!)
[    8.431942] ad9081 spi1.0: JESD RX (JTX) Link2 in CGS, SYNC asserted, PLL locked, PHASE established, MODE valid
[    8.442032] jesd204: /axi/spi@ff040000/ad9081@0,jesd204:0,parent=spi1.0: JESD204[2] In link_running got error from cb: -1 (ignoring!)
[    8.454288] ad9081 spi1.0: JESD TX (JRX) Link0 0xF lanes in DATA
[    8.460294] jesd204: /axi/spi@ff040000/ad9081@0,jesd204:0,parent=spi1.0: JESD204[2] transition link_enable -> link_running
[    8.471332] jesd204: /axi/spi@ff040000/ad9081@0,jesd204:0,parent=spi1.0: JESD204[0] transition link_enable -> link_running
[    8.482378] jesd204: /axi/spi@ff040000/ad9081@0,jesd204:0,parent=spi1.0: JESD204[2] transition link_running -> opt_post_running_stage
[    8.494370] jesd204: /axi/spi@ff040000/ad9081@0,jesd204:0,parent=spi1.0: JESD204[0] transition link_running -> opt_post_running_stage
[    8.515590] input: gpio-keys as /devices/platform/gpio-keys/input/input0
[    8.522609] of_cfs_init
[    8.525066] of_cfs_init: OK
[    8.528001] cfg80211: Loading compiled-in X.509 certificates for regulatory database
[    8.666274] cfg80211: Loaded X.509 cert 'sforshee: 00b28ddf47aef9cea7'
[    8.672806] clk: Not disabling unused clocks
[    8.677334] ALSA device list:
[    8.680297]   No soundcards found.
[    8.683953] platform regulatory.0: Direct firmware load for regulatory.db failed with error -2
[    8.692559] cfg80211: failed to load regulatory.db
[    8.707417] EXT4-fs (mmcblk0p2): mounted filesystem with ordered data mode. Opts: (null)
[    8.715531] VFS: Mounted root (ext4 filesystem) on device 179:2.
[    8.728768] devtmpfs: mounted
[    8.732616] Freeing unused kernel memory: 2560K
[    8.751758] Run /sbin/init as init process
[    8.755856]   with arguments:
[    8.755858]     /sbin/init
[    8.755860]   with environment:
[    8.755863]     HOME=/
[    8.755865]     TERM=linux
[    9.320856] systemd[1]: systemd 241 running in system mode. (+PAM +AUDIT +SELINUX +IMA +APPARMOR +SMACK +SYSVINIT +UTMP +LIBCRYPTSETUP +GCRYPT +GNUTLS +ACL +XZ +LZ4 +SECCOMP +BLKID +ELFUTILS +KMOD -IDN2 +IDN -PCRE2 default-hierarchy=hybrid)
[    9.342709] systemd[1]: Detected architecture arm64.
[    9.364413] systemd[1]: Set hostname to <analog>.
[    9.548425] systemd[1]: File /lib/systemd/system/systemd-journald.service:12 configures an IP firewall (IPAddressDeny=any), but the local system does not support BPF/cgroup based firewalling.
[    9.565508] systemd[1]: Proceeding WITHOUT firewalling in effect! (This warning is only shown for the first loaded unit using IP firewalling.)
[    9.728481] systemd[1]: /etc/systemd/system/tof-server.service:1: Assignment outside of section. Ignoring.
[    9.738176] systemd[1]: /etc/systemd/system/tof-server.service:2: Assignment outside of section. Ignoring.
[    9.920895] random: systemd: uninitialized urandom read (16 bytes read)
[    9.935647] random: systemd: uninitialized urandom read (16 bytes read)
[    9.942584] systemd[1]: Listening on Syslog Socket.
[    9.959846] random: systemd: uninitialized urandom read (16 bytes read)
[    9.966675] systemd[1]: Listening on udev Kernel Socket.
[    9.988031] systemd[1]: Listening on Journal Socket (/dev/log).
[   10.776173] EXT4-fs (mmcblk0p2): re-mounted. Opts: (null)
[   10.952495] systemd-journald[169]: Received request to flush runtime journal from PID 1
[   16.028237] random: crng init done
[   16.028246] random: 7 urandom warning(s) missed due to ratelimiting
[   16.835343] macb ff0e0000.ethernet eth0: PHY [ff0e0000.ethernet-ffffffff:0c] driver [TI DP83867] (irq=POLL)
[   16.835357] macb ff0e0000.ethernet eth0: configuring for phy/rgmii-id link mode
[   17.115746] Adding 101372k swap on /var/swap.  Priority:-2 extents:13 across:10143904k SS
[   19.683923] broken atomic modeset userspace detected, disabling atomic
[   19.905343] macb ff0e0000.ethernet eth0: Link is Up - 1Gbps/Full - flow control off
[   19.905368] IPv6: ADDRCONF(NETDEV_CHANGE): eth0: link becomes ready
[   22.367322] broken atomic modeset userspace detected, disabling atomic
[   25.226807] broken atomic modeset userspace detected, disabling atomic
[   27.872742] broken atomic modeset userspace detected, disabling atomic