[    0.000000] Booting Linux on physical CPU 0x0000000000 [0x410fd034]
[    0.000000] Linux version 5.10.0-98103-g2aa7ac113716 (jenkins@romlxbuild1.adlk.analog.com) (aarch64-xilinx-linux-gcc.real (GCC) 10.2.0, GNU ld (GNU Binutils) 2.35.0.20200730) #5577 SMP Wed Mar 23 07:28:49 GMT 2022
[    0.000000] Machine model: ZynqMP ZCU102 Rev1.0
[    0.000000] earlycon: cdns0 at MMIO 0x00000000ff000000 (options '115200n8')
[    0.000000] printk: bootconsole [cdns0] enabled
[    0.000000] efi: UEFI not found.
[    0.000000] cma: Reserved 256 MiB at 0x0000000070000000
[    0.000000] Zone ranges:
[    0.000000]   DMA      [mem 0x0000000000000000-0x000000003fffffff]
[    0.000000]   DMA32    [mem 0x0000000040000000-0x00000000ffffffff]
[    0.000000]   Normal   [mem 0x0000000100000000-0x000000087fffffff]
[    0.000000] Movable zone start for each node
[    0.000000] Early memory node ranges
[    0.000000]   node   0: [mem 0x0000000000000000-0x000000007fffffff]
[    0.000000]   node   0: [mem 0x0000000800000000-0x000000087fffffff]
[    0.000000] Initmem setup node 0 [mem 0x0000000000000000-0x000000087fffffff]
[    0.000000] On node 0 totalpages: 1048576
[    0.000000]   DMA zone: 3584 pages used for memmap
[    0.000000]   DMA zone: 0 pages reserved
[    0.000000]   DMA zone: 262144 pages, LIFO batch:63
[    0.000000]   DMA32 zone: 3584 pages used for memmap
[    0.000000]   DMA32 zone: 262144 pages, LIFO batch:63
[    0.000000]   Normal zone: 7168 pages used for memmap
[    0.000000]   Normal zone: 524288 pages, LIFO batch:63
[    0.000000] psci: probing for conduit method from DT.
[    0.000000] psci: PSCIv1.1 detected in firmware.
[    0.000000] psci: Using standard PSCI v0.2 function IDs
[    0.000000] psci: MIGRATE_INFO_TYPE not supported.
[    0.000000] psci: SMC Calling Convention v1.2
[    0.000000] percpu: Embedded 22 pages/cpu s49496 r8192 d32424 u90112
[    0.000000] pcpu-alloc: s49496 r8192 d32424 u90112 alloc=22*4096
[    0.000000] pcpu-alloc: [0] 0 [0] 1 [0] 2 [0] 3 
[    0.000000] Detected VIPT I-cache on CPU0
[    0.000000] CPU features: detected: ARM erratum 845719
[    0.000000] Built 1 zonelists, mobility grouping on.  Total pages: 1034240
[    0.000000] Kernel command line: console=ttyPS0,115200 root=/dev/mmcblk0p2 rw earlycon rootfstype=ext4 rootwait clk_ignore_unused cpuidle.off=1 root=/dev/mmcblk0p2 rw rootwait
[    0.000000] Dentry cache hash table entries: 524288 (order: 10, 4194304 bytes, linear)
[    0.000000] Inode-cache hash table entries: 262144 (order: 9, 2097152 bytes, linear)
[    0.000000] mem auto-init: stack:off, heap alloc:off, heap free:off
[    0.000000] software IO TLB: mapped [mem 0x000000003bfff000-0x000000003ffff000] (64MB)
[    0.000000] Memory: 3761904K/4194304K available (15296K kernel code, 1636K rwdata, 11876K rodata, 2560K init, 507K bss, 170256K reserved, 262144K cma-reserved)
[    0.000000] rcu: Hierarchical RCU implementation.
[    0.000000] rcu: 	RCU event tracing is enabled.
[    0.000000] rcu: 	RCU restricting CPUs from NR_CPUS=8 to nr_cpu_ids=4.
[    0.000000] rcu: RCU calculated value of scheduler-enlistment delay is 25 jiffies.
[    0.000000] rcu: Adjusting geometry for rcu_fanout_leaf=16, nr_cpu_ids=4
[    0.000000] NR_IRQS: 64, nr_irqs: 64, preallocated irqs: 0
[    0.000000] GIC: Adjusting CPU interface base to 0x00000000f902f000
[    0.000000] GIC: Using split EOI/Deactivate mode
[    0.000000] random: get_random_bytes called from start_kernel+0x31c/0x54c with crng_init=0
[    0.000000] arch_timer: cp15 timer(s) running at 100.00MHz (phys).
[    0.000000] clocksource: arch_sys_counter: mask: 0xffffffffffffff max_cycles: 0x171024e7e0, max_idle_ns: 440795205315 ns
[    0.000004] sched_clock: 56 bits at 100MHz, resolution 10ns, wraps every 4398046511100ns
[    0.008461] Console: colour dummy device 80x25
[    0.012483] Calibrating delay loop (skipped), value calculated using timer frequency.. 200.00 BogoMIPS (lpj=400000)
[    0.022841] pid_max: default: 32768 minimum: 301
[    0.027550] Mount-cache hash table entries: 8192 (order: 4, 65536 bytes, linear)
[    0.034789] Mountpoint-cache hash table entries: 8192 (order: 4, 65536 bytes, linear)
[    0.043395] rcu: Hierarchical SRCU implementation.
[    0.047560] EFI services will not be available.
[    0.051940] smp: Bringing up secondary CPUs ...
[    0.056658] Detected VIPT I-cache on CPU1
[    0.056697] CPU1: Booted secondary processor 0x0000000001 [0x410fd034]
[    0.057060] Detected VIPT I-cache on CPU2
[    0.057085] CPU2: Booted secondary processor 0x0000000002 [0x410fd034]
[    0.057426] Detected VIPT I-cache on CPU3
[    0.057449] CPU3: Booted secondary processor 0x0000000003 [0x410fd034]
[    0.057495] smp: Brought up 1 node, 4 CPUs
[    0.091780] SMP: Total of 4 processors activated.
[    0.096452] CPU features: detected: 32-bit EL0 Support
[    0.101556] CPU features: detected: CRC32 instructions
[    0.106694] CPU: All CPU(s) started at EL2
[    0.110737] alternatives: patching kernel code
[    0.116169] devtmpfs: initialized
[    0.124063] Registered cp15_barrier emulation handler
[    0.124113] Registered setend emulation handler
[    0.128092] clocksource: jiffies: mask: 0xffffffff max_cycles: 0xffffffff, max_idle_ns: 7645041785100000 ns
[    0.137670] futex hash table entries: 1024 (order: 4, 65536 bytes, linear)
[    0.151030] pinctrl core: initialized pinctrl subsystem
[    0.151676] NET: Registered protocol family 16
[    0.156100] DMA: preallocated 512 KiB GFP_KERNEL pool for atomic allocations
[    0.162116] DMA: preallocated 512 KiB GFP_KERNEL|GFP_DMA pool for atomic allocations
[    0.169843] DMA: preallocated 512 KiB GFP_KERNEL|GFP_DMA32 pool for atomic allocations
[    0.177645] audit: initializing netlink subsys (disabled)
[    0.183097] audit: type=2000 audit(0.116:1): state=initialized audit_enabled=0 res=1
[    0.183440] hw-breakpoint: found 6 breakpoint and 4 watchpoint registers.
[    0.197472] ASID allocator initialised with 65536 entries
[    0.224334] HugeTLB registered 1.00 GiB page size, pre-allocated 0 pages
[    0.225386] HugeTLB registered 32.0 MiB page size, pre-allocated 0 pages
[    0.232056] HugeTLB registered 2.00 MiB page size, pre-allocated 0 pages
[    0.238716] HugeTLB registered 64.0 KiB page size, pre-allocated 0 pages
[    1.304291] DRBG: Continuing without Jitter RNG
[    1.382110] raid6: neonx8   gen()  2146 MB/s
[    1.450163] raid6: neonx8   xor()  1598 MB/s
[    1.518223] raid6: neonx4   gen()  2196 MB/s
[    1.586266] raid6: neonx4   xor()  1568 MB/s
[    1.654334] raid6: neonx2   gen()  2076 MB/s
[    1.722379] raid6: neonx2   xor()  1441 MB/s
[    1.790451] raid6: neonx1   gen()  1772 MB/s
[    1.858494] raid6: neonx1   xor()  1220 MB/s
[    1.926552] raid6: int64x8  gen()  1438 MB/s
[    1.994608] raid6: int64x8  xor()   771 MB/s
[    2.062683] raid6: int64x4  gen()  1599 MB/s
[    2.130729] raid6: int64x4  xor()   819 MB/s
[    2.198809] raid6: int64x2  gen()  1397 MB/s
[    2.266844] raid6: int64x2  xor()   750 MB/s
[    2.334916] raid6: int64x1  gen()  1033 MB/s
[    2.402981] raid6: int64x1  xor()   517 MB/s
[    2.403019] raid6: using algorithm neonx4 gen() 2196 MB/s
[    2.406979] raid6: .... xor() 1568 MB/s, rmw enabled
[    2.411909] raid6: using neon recovery algorithm
[    2.416925] iommu: Default domain type: Translated 
[    2.421533] SCSI subsystem initialized
[    2.425078] libata version 3.00 loaded.
[    2.425202] usbcore: registered new interface driver usbfs
[    2.430535] usbcore: registered new interface driver hub
[    2.435808] usbcore: registered new device driver usb
[    2.440942] mc: Linux media interface: v0.10
[    2.445056] videodev: Linux video capture interface: v2.00
[    2.450548] EDAC MC: Ver: 3.0.0
[    2.453989] zynqmp-ipi-mbox mailbox@ff990400: Registered ZynqMP IPI mbox with TX/RX channels.
[    2.462496] jesd204: created con: id=0, topo=0, link=0, /axi/spi@ff050000/hmc7044@0 <-> /fpga-axi@0/axi-adxcvr-tx@84b60000
[    2.473077] jesd204: created con: id=1, topo=0, link=2, /axi/spi@ff050000/hmc7044@0 <-> /fpga-axi@0/axi-adxcvr-rx@84a60000
[    2.484062] jesd204: created con: id=2, topo=0, link=0, /fpga-axi@0/axi-adxcvr-tx@84b60000 <-> /fpga-axi@0/axi-jesd204-tx@84b90000
[    2.495737] jesd204: created con: id=3, topo=0, link=2, /fpga-axi@0/axi-adxcvr-rx@84a60000 <-> /fpga-axi@0/axi-jesd204-rx@84a90000
[    2.507414] jesd204: created con: id=4, topo=0, link=0, /fpga-axi@0/axi-jesd204-tx@84b90000 <-> /fpga-axi@0/axi-ad9081-tx-hpc@84b10000
[    2.519442] jesd204: created con: id=5, topo=0, link=2, /fpga-axi@0/axi-jesd204-rx@84a90000 <-> /fpga-axi@0/axi-ad9081-rx-hpc@84a10000
[    2.531465] jesd204: created con: id=6, topo=0, link=2, /fpga-axi@0/axi-ad9081-rx-hpc@84a10000 <-> /axi/spi@ff040000/ad9081@0
[    2.542706] jesd204: created con: id=7, topo=0, link=0, /fpga-axi@0/axi-ad9081-tx-hpc@84b10000 <-> /axi/spi@ff040000/ad9081@0
[    2.553956] jesd204: /axi/spi@ff040000/ad9081@0: JESD204[2] transition uninitialized -> initialized
[    2.562943] jesd204: /axi/spi@ff040000/ad9081@0: JESD204[0] transition uninitialized -> initialized
[    2.571934] jesd204: found 8 devices and 1 topologies
[    2.576978] FPGA manager framework
[    2.580456] Advanced Linux Sound Architecture Driver Initialized.
[    2.586751] Bluetooth: Core ver 2.22
[    2.589937] NET: Registered protocol family 31
[    2.594339] Bluetooth: HCI device and connection manager initialized
[    2.600655] Bluetooth: HCI socket layer initialized
[    2.605497] Bluetooth: L2CAP socket layer initialized
[    2.610521] Bluetooth: SCO socket layer initialized
[    2.615701] clocksource: Switched to clocksource arch_sys_counter
[    2.621514] VFS: Disk quotas dquot_6.6.0
[    2.625348] VFS: Dquot-cache hash table entries: 512 (order 0, 4096 bytes)
[    2.636063] NET: Registered protocol family 2
[    2.636792] tcp_listen_portaddr_hash hash table entries: 2048 (order: 3, 32768 bytes, linear)
[    2.644988] TCP established hash table entries: 32768 (order: 6, 262144 bytes, linear)
[    2.653014] TCP bind hash table entries: 32768 (order: 7, 524288 bytes, linear)
[    2.660459] TCP: Hash tables configured (established 32768 bind 32768)
[    2.666632] UDP hash table entries: 2048 (order: 4, 65536 bytes, linear)
[    2.673298] UDP-Lite hash table entries: 2048 (order: 4, 65536 bytes, linear)
[    2.680461] NET: Registered protocol family 1
[    2.684915] RPC: Registered named UNIX socket transport module.
[    2.690536] RPC: Registered udp transport module.
[    2.695200] RPC: Registered tcp transport module.
[    2.699870] RPC: Registered tcp NFSv4.1 backchannel transport module.
[    2.706859] PCI: CLS 0 bytes, default 64
[    2.710565] hw perfevents: no interrupt-affinity property for /pmu, guessing.
[    2.717420] hw perfevents: enabled with armv8_pmuv3 PMU driver, 7 counters available
[    2.725778] Initialise system trusted keyrings
[    2.729448] workingset: timestamp_bits=62 max_order=20 bucket_order=0
[    2.736353] NFS: Registering the id_resolver key type
[    2.740799] Key type id_resolver registered
[    2.744938] Key type id_legacy registered
[    2.748928] nfs4filelayout_init: NFSv4 File Layout Driver Registering...
[    2.755595] jffs2: version 2.2. (NAND) (SUMMARY)  Â© 2001-2006 Red Hat, Inc.
[    2.798316] NET: Registered protocol family 38
[    2.798358] xor: measuring software checksum speed
[    2.806046]    8regs           :  2363 MB/sec
[    2.809715]    32regs          :  2799 MB/sec
[    2.814657]    arm64_neon      :  2380 MB/sec
[    2.814848] xor: using function: 32regs (2799 MB/sec)
[    2.819874] Key type asymmetric registered
[    2.823935] Asymmetric key parser 'x509' registered
[    2.828796] Block layer SCSI generic (bsg) driver version 0.4 loaded (major 248)
[    2.836132] io scheduler mq-deadline registered
[    2.840629] io scheduler kyber registered
[    2.870062] Serial: 8250/16550 driver, 4 ports, IRQ sharing disabled
[    2.874701] cacheinfo: Unable to detect cache hierarchy for CPU 0
[    2.881058] brd: module loaded
[    2.885198] loop: module loaded
[    2.885746] Registered mathworks_ip class
[    2.889071] libphy: Fixed MDIO Bus: probed
[    2.892061] tun: Universal TUN/TAP device driver, 1.6
[    2.896110] CAN device driver interface
[    2.900649] usbcore: registered new interface driver asix
[    2.905242] usbcore: registered new interface driver ax88179_178a
[    2.911275] usbcore: registered new interface driver cdc_ether
[    2.917070] usbcore: registered new interface driver net1080
[    2.922697] usbcore: registered new interface driver cdc_subset
[    2.928577] usbcore: registered new interface driver zaurus
[    2.934120] usbcore: registered new interface driver cdc_ncm
[    2.940525] ehci_hcd: USB 2.0 'Enhanced' Host Controller (EHCI) Driver
[    2.946206] ehci-pci: EHCI PCI platform driver
[    2.951004] usbcore: registered new interface driver uas
[    2.955921] usbcore: registered new interface driver usb-storage
[    2.961910] usbcore: registered new interface driver usbserial_generic
[    2.968360] usbserial: USB Serial support registered for generic
[    2.974334] usbcore: registered new interface driver ftdi_sio
[    2.980036] usbserial: USB Serial support registered for FTDI USB Serial Device
[    2.987312] usbcore: registered new interface driver upd78f0730
[    2.993184] usbserial: USB Serial support registered for upd78f0730
[    3.000846] rtc_zynqmp ffa60000.rtc: registered as rtc0
[    3.004610] rtc_zynqmp ffa60000.rtc: setting system clock to 2022-04-12T19:22:04 UTC (1649791324)
[    3.013472] i2c /dev entries driver
[    3.018788] usbcore: registered new interface driver uvcvideo
[    3.022585] USB Video Class driver (1.1.1)
[    3.028170] Bluetooth: HCI UART driver ver 2.3
[    3.031056] Bluetooth: HCI UART protocol H4 registered
[    3.036165] Bluetooth: HCI UART protocol BCSP registered
[    3.041454] Bluetooth: HCI UART protocol LL registered
[    3.046543] Bluetooth: HCI UART protocol ATH3K registered
[    3.051917] Bluetooth: HCI UART protocol Three-wire (H5) registered
[    3.058172] Bluetooth: HCI UART protocol Intel registered
[    3.063509] Bluetooth: HCI UART protocol QCA registered
[    3.068712] usbcore: registered new interface driver bcm203x
[    3.074332] usbcore: registered new interface driver bpa10x
[    3.079868] usbcore: registered new interface driver bfusb
[    3.085319] usbcore: registered new interface driver btusb
[    3.090781] usbcore: registered new interface driver ath3k
[    3.096264] EDAC MC: ECC not enabled
[    3.099891] EDAC DEVICE0: Giving out device to module zynqmp-ocm-edac controller zynqmp_ocm: DEV ff960000.memory-controller (INTERRUPT)
[    3.112205] sdhci: Secure Digital Host Controller Interface driver
[    3.117992] sdhci: Copyright(c) Pierre Ossman
[    3.122317] sdhci-pltfm: SDHCI platform and OF driver helper
[    3.128368] ledtrig-cpu: registered to indicate activity on CPUs
[    3.133922] SMCCC: SOC_ID: ARCH_SOC_ID not implemented, skipping ....
[    3.140354] zynqmp_firmware_probe Platform Management API v1.1
[    3.146108] zynqmp_firmware_probe Trustzone version v1.0
[    3.185642] zynqmp-pinctrl firmware:zynqmp-firmware:pinctrl: zynqmp pinctrl initialized
[    3.233627] zynqmp-aes firmware:zynqmp-firmware:zynqmp-aes: will run requests pump with realtime priority
[    3.249377] alg: No test for xilinx-keccak-384 (zynqmp-keccak-384)
[    3.250084] alg: No test for xilinx-zynqmp-rsa (zynqmp-rsa)
[    3.255601] usbcore: registered new interface driver usbhid
[    3.260988] usbhid: USB HID core driver
[    3.272229] axi_sysid 85000000.axi-sysid-0: AXI System ID core version (1.01.a) found
[    3.274578] axi_sysid 85000000.axi-sysid-0: [ad9081_fmca_ebz] on [zcu102] git branch <master> git <084d44c9780640ca93fd847b1d9ec70dd65f5c67> clean [2022-03-18 04:17:50] UTC
[    3.290264] fpga_manager fpga0: Xilinx ZynqMP FPGA Manager registered
[    3.296631] usbcore: registered new interface driver snd-usb-audio
[    3.304068] pktgen: Packet Generator for packet performance testing. Version: 2.75
[    3.310242] Initializing XFRM netlink socket
[    3.314112] NET: Registered protocol family 10
[    3.318821] Segment Routing with IPv6
[    3.322207] sit: IPv6, IPv4 and MPLS over IPv4 tunneling driver
[    3.328275] NET: Registered protocol family 17
[    3.332377] NET: Registered protocol family 15
[    3.336873] can: controller area network core
[    3.341129] NET: Registered protocol family 29
[    3.345518] can: raw protocol
[    3.348455] can: broadcast manager protocol
[    3.352610] can: netlink gateway - max_hops=1
[    3.357004] Bluetooth: RFCOMM TTY layer initialized
[    3.361784] Bluetooth: RFCOMM socket layer initialized
[    3.366896] Bluetooth: RFCOMM ver 1.11
[    3.370602] Bluetooth: BNEP (Ethernet Emulation) ver 1.3
[    3.375874] Bluetooth: BNEP filters: protocol multicast
[    3.381068] Bluetooth: BNEP socket layer initialized
[    3.385995] Bluetooth: HIDP (Human Interface Emulation) ver 1.2
[    3.391878] Bluetooth: HIDP socket layer initialized
[    3.396932] 9pnet: Installing 9P2000 support
[    3.401056] NET: Registered protocol family 36
[    3.405473] Key type dns_resolver registered
[    3.409906] registered taskstats version 1
[    3.413768] Loading compiled-in X.509 certificates
[    3.418882] Btrfs loaded, crc32c=crc32c-generic
[    3.431272] ff000000.serial: ttyPS0 at MMIO 0xff000000 (irq = 49, base_baud = 6249999) is a xuartps
[    3.440295] printk: console [ttyPS0] enabled
[    3.444590] printk: bootconsole [cdns0] disabled
[    3.454223] ff010000.serial: ttyPS1 at MMIO 0xff010000 (irq = 50, base_baud = 6249999) is a xuartps
[    3.467453] of-fpga-region fpga-full: FPGA Region probed
[    3.474412] nwl-pcie fd0e0000.pcie: host bridge /axi/pcie@fd0e0000 ranges:
[    3.481311] nwl-pcie fd0e0000.pcie:      MEM 0x00e0000000..0x00efffffff -> 0x00e0000000
[    3.489319] nwl-pcie fd0e0000.pcie:      MEM 0x0600000000..0x07ffffffff -> 0x0600000000
[    3.497384] nwl-pcie fd0e0000.pcie: Link is DOWN
[    3.502140] nwl-pcie fd0e0000.pcie: PCI host bridge to bus 0000:00
[    3.508319] pci_bus 0000:00: root bus resource [bus 00-ff]
[    3.513800] pci_bus 0000:00: root bus resource [mem 0xe0000000-0xefffffff]
[    3.520670] pci_bus 0000:00: root bus resource [mem 0x600000000-0x7ffffffff pref]
[    3.528173] pci 0000:00:00.0: [10ee:d021] type 01 class 0x060400
[    3.534230] pci 0000:00:00.0: PME# supported from D0 D1 D2 D3hot
[    3.544669] pci 0000:00:00.0: PCI bridge to [bus 01-0c]
[    3.550647] xilinx-zynqmp-dma fd500000.dma: ZynqMP DMA driver Probe success
[    3.557818] xilinx-zynqmp-dma fd510000.dma: ZynqMP DMA driver Probe success
[    3.564995] xilinx-zynqmp-dma fd520000.dma: ZynqMP DMA driver Probe success
[    3.572163] xilinx-zynqmp-dma fd530000.dma: ZynqMP DMA driver Probe success
[    3.579328] xilinx-zynqmp-dma fd540000.dma: ZynqMP DMA driver Probe success
[    3.586498] xilinx-zynqmp-dma fd550000.dma: ZynqMP DMA driver Probe success
[    3.593668] xilinx-zynqmp-dma fd560000.dma: ZynqMP DMA driver Probe success
[    3.600840] xilinx-zynqmp-dma fd570000.dma: ZynqMP DMA driver Probe success
[    3.608237] xilinx-zynqmp-dpdma fd4c0000.dma-controller: Xilinx DPDMA engine is probed
[    3.616785] ahci-ceva fd0c0000.ahci: supply ahci not found, using dummy regulator
[    3.624326] ahci-ceva fd0c0000.ahci: supply phy not found, using dummy regulator
[    3.711882] hmc7044 spi2.0: PLL1: Acquisition, CLKIN0 @ 122880000 Hz, PFD: 80 kHz - PLL2: Locked @ 2960.000000 MHz
[    3.722597] jesd204: /axi/spi@ff050000/hmc7044@0,jesd204:1,parent=spi2.0: Using as SYSREF provider
[    3.732182] spi-nor spi0.0: SPI-NOR-UniqueID 100000235394732200270025081115266e
[    3.739493] spi-nor spi0.0: found n25q512a, expected m25p80
[    3.745694] spi-nor spi0.0: trying to lock already unlocked area
[    3.751700] spi-nor spi0.0: n25q512a (131072 Kbytes)
[    3.756679] 4 fixed-partitions partitions found on MTD device spi0.0
[    3.763026] Creating 4 MTD partitions on "spi0.0":
[    3.767812] 0x000000000000-0x000000100000 : "qspi-fsbl-uboot"
[    3.774302] 0x000000100000-0x000000600000 : "qspi-linux"
[    3.780258] 0x000000600000-0x000000620000 : "qspi-device-tree"
[    3.786734] 0x000000620000-0x000000c00000 : "qspi-rootfs"
[    3.795187] macb ff0e0000.ethernet: Not enabling partial store and forward
[    3.802703] libphy: MACB_mii_bus: probed
[    3.807774] macb ff0e0000.ethernet eth0: Cadence GEM rev 0x50070106 at 0xff0e0000 irq 30 (00:0a:35:04:8e:1b)
[    3.817983] xilinx-axipmon ffa00000.perf-monitor: Probed Xilinx APM
[    3.824564] xilinx-axipmon fd0b0000.perf-monitor: Probed Xilinx APM
[    3.831081] xilinx-axipmon fd490000.perf-monitor: Probed Xilinx APM
[    3.837614] xilinx-axipmon ffa10000.perf-monitor: Probed Xilinx APM
[    3.847620] pca953x 0-0020: supply vcc not found, using dummy regulator
[    3.854301] pca953x 0-0020: using no AI
[    3.858792] gpio-496 (sel0): hogged as output/low
[    3.863700] gpio-497 (sel1): hogged as output/high
[    3.868681] gpio-498 (sel2): hogged as output/high
[    3.873667] gpio-499 (sel3): hogged as output/high
[    3.878843] pca953x 0-0021: supply vcc not found, using dummy regulator
[    3.885512] pca953x 0-0021: using no AI
[    3.891262] ina2xx 2-0040: power monitor ina226 (Rshunt = 5000 uOhm)
[    3.898291] ina2xx 2-0041: power monitor ina226 (Rshunt = 5000 uOhm)
[    3.905333] ina2xx 2-0042: power monitor ina226 (Rshunt = 5000 uOhm)
[    3.912370] ina2xx 2-0043: power monitor ina226 (Rshunt = 5000 uOhm)
[    3.919402] ina2xx 2-0044: power monitor ina226 (Rshunt = 5000 uOhm)
[    3.926426] ina2xx 2-0045: power monitor ina226 (Rshunt = 5000 uOhm)
[    3.933457] ina2xx 2-0046: power monitor ina226 (Rshunt = 5000 uOhm)
[    3.940532] ina2xx 2-0047: power monitor ina226 (Rshunt = 5000 uOhm)
[    3.947559] ina2xx 2-004a: power monitor ina226 (Rshunt = 5000 uOhm)
[    3.954601] ina2xx 2-004b: power monitor ina226 (Rshunt = 5000 uOhm)
[    3.961012] i2c i2c-0: Added multiplexed i2c bus 2
[    3.966404] random: fast init done
[    3.969875] ina2xx 3-0040: power monitor ina226 (Rshunt = 2000 uOhm)
[    3.976905] ina2xx 3-0041: power monitor ina226 (Rshunt = 5000 uOhm)
[    3.983929] ina2xx 3-0042: power monitor ina226 (Rshunt = 5000 uOhm)
[    3.990962] ina2xx 3-0043: power monitor ina226 (Rshunt = 5000 uOhm)
[    3.997988] ina2xx 3-0044: power monitor ina226 (Rshunt = 5000 uOhm)
[    4.005016] ina2xx 3-0045: power monitor ina226 (Rshunt = 5000 uOhm)
[    4.012044] ina2xx 3-0046: power monitor ina226 (Rshunt = 5000 uOhm)
[    4.019078] ina2xx 3-0047: power monitor ina226 (Rshunt = 5000 uOhm)
[    4.025477] i2c i2c-0: Added multiplexed i2c bus 3
[    4.081160] i2c i2c-0: Added multiplexed i2c bus 4
[    4.086097] i2c i2c-0: Added multiplexed i2c bus 5
[    4.090885] pca954x 0-0075: registered 4 multiplexed busses for I2C mux pca9544
[    4.098235] cdns-i2c ff020000.i2c: 400 kHz mmio ff020000 irq 32
[    4.105967] at24 6-0054: supply vcc not found, using dummy regulator
[    4.112865] at24 6-0054: 1024 byte 24c08 EEPROM, writable, 1 bytes/write
[    4.119612] i2c i2c-1: Added multiplexed i2c bus 6
[    4.126039] si5341 7-0036: Chip: 5341 Grade: 1 Rev: 1
[    4.163729] i2c i2c-1: Added multiplexed i2c bus 7
[    4.171384] si570 8-005d: registered, current frequency 300000000 Hz
[    4.177787] i2c i2c-1: Added multiplexed i2c bus 8
[    4.197568] si570 9-005d: registered, current frequency 148500000 Hz
[    4.203966] i2c i2c-1: Added multiplexed i2c bus 9
[    4.209004] si5324 10-0069: si5328 probed
[    4.276067] si5324 10-0069: si5328 probe successful
[    4.280995] i2c i2c-1: Added multiplexed i2c bus 10
[    4.286023] i2c i2c-1: Added multiplexed i2c bus 11
[    4.291048] i2c i2c-1: Added multiplexed i2c bus 12
[    4.296069] i2c i2c-1: Added multiplexed i2c bus 13
[    4.300950] pca954x 1-0074: registered 8 multiplexed busses for I2C switch pca9548
[    4.309061] at24 14-0050: supply vcc not found, using dummy regulator
[    4.315847] at24 14-0050: 256 byte 24c02 EEPROM, writable, 1 bytes/write
[    4.322594] i2c i2c-1: Added multiplexed i2c bus 14
[    4.327631] i2c i2c-1: Added multiplexed i2c bus 15
[    4.332666] i2c i2c-1: Added multiplexed i2c bus 16
[    4.337704] i2c i2c-1: Added multiplexed i2c bus 17
[    4.342738] i2c i2c-1: Added multiplexed i2c bus 18
[    4.347780] i2c i2c-1: Added multiplexed i2c bus 19
[    4.352821] i2c i2c-1: Added multiplexed i2c bus 20
[    4.357856] i2c i2c-1: Added multiplexed i2c bus 21
[    4.362733] pca954x 1-0075: registered 8 multiplexed busses for I2C switch pca9548
[    4.370343] cdns-i2c ff030000.i2c: 400 kHz mmio ff030000 irq 33
[    4.380085] cdns-wdt fd4d0000.watchdog: Xilinx Watchdog Timer with timeout 60s
[    4.389140] axi_adxcvr 84a60000.axi-adxcvr-rx: adxcvr_enforce_settings: Using QPLL without access, assuming desired Lane rate will be configured by a different instance
[    4.405778] axi_adxcvr 84a60000.axi-adxcvr-rx: AXI-ADXCVR-RX (17.05.a) using QPLL on GTH4 at 0x84A60000. Number of lanes: 4.
[    4.417941] axi_adxcvr 84b60000.axi-adxcvr-tx: AXI-ADXCVR-TX (17.05.a) using QPLL on GTH4 at 0x84B60000. Number of lanes: 4.
[    4.421891] mmc0: SDHCI controller on ff170000.mmc [ff170000.mmc] using ADMA 64-bit
[    4.437091] axi-jesd204-rx 84a90000.axi-jesd204-rx: AXI-JESD204-RX (1.07.a) at 0x84A90000. Encoder 8b10b, width 4/4, lanes 4, jesd204-fsm.
[    4.449921] axi-jesd204-tx 84b90000.axi-jesd204-tx: AXI-JESD204-TX (1.06.a) at 0x84B90000. Encoder 8b10b, width 4/4, lanes 4, jesd204-fsm.
[    4.463425] zynqmp-display fd4a0000.display: vtc bridge property not present
[    4.469469] mmc0: new high speed SDHC card at address 0001
[    4.473067] xilinx-dp-snd-codec fd4a0000.display:zynqmp_dp_snd_codec0: Failed to get required clock freq
[    4.476307] mmcblk0: mmc0:0001 EB1QT 29.8 GiB 
[    4.485436] xilinx-dp-snd-codec: probe of fd4a0000.display:zynqmp_dp_snd_codec0 failed with error -22
[    4.491092]  mmcblk0: p1 p2 p3
[    4.499422] xilinx-dp-snd-pcm zynqmp_dp_snd_pcm0: Xilinx DisplayPort Sound PCM probed
[    4.510280] xilinx-dp-snd-pcm zynqmp_dp_snd_pcm1: Xilinx DisplayPort Sound PCM probed
[    4.518489] OF: graph: no port node found in /axi/display@fd4a0000
[    4.524896] xlnx-drm xlnx-drm.0: bound fd4a0000.display (ops 0xffffffc010fcbdb8)
[    5.611721] zynqmp-display fd4a0000.display: [drm] Cannot find any crtc or sizes
[    5.619337] [drm] Initialized xlnx 1.0.0 20130509 for fd4a0000.display on minor 0
[    5.626830] zynqmp-display fd4a0000.display: ZynqMP DisplayPort Subsystem driver probed
[    5.635140] ahci-ceva fd0c0000.ahci: supply ahci not found, using dummy regulator
[    5.642680] ahci-ceva fd0c0000.ahci: supply phy not found, using dummy regulator
[    5.650134] ahci-ceva fd0c0000.ahci: supply target not found, using dummy regulator
[    5.657972] ahci-ceva fd0c0000.ahci: AHCI 0001.0301 32 slots 2 ports 6 Gbps 0x3 impl platform mode
[    5.666928] ahci-ceva fd0c0000.ahci: flags: 64bit ncq sntf pm clo only pmp fbs pio slum part ccc sds apst 
[    5.677617] scsi host0: ahci-ceva
[    5.681218] scsi host1: ahci-ceva
[    5.684645] ata1: SATA max UDMA/133 mmio [mem 0xfd0c0000-0xfd0c1fff] port 0x100 irq 45
[    5.692559] ata2: SATA max UDMA/133 mmio [mem 0xfd0c0000-0xfd0c1fff] port 0x180 irq 45
[    5.701163] ad9081 spi1.0: supply vdd not found, using dummy regulator
[    6.013930] ata1: SATA link down (SStatus 0 SControl 330)
[    6.019339] ata2: SATA link down (SStatus 0 SControl 330)
[    6.695724] zynqmp-display fd4a0000.display: [drm] Cannot find any crtc or sizes
[    6.853421] ad9081 spi1.0: Invalid param passed., "ref_clk_hz < 100000000ULL" in adi_ad9081_device_clk_config_set(...), line554 in drivers/iio/adc/ad9081/adi_ad9081_device.c
[    7.555911] ad9081 spi1.0: AD9081 Rev. 2 Grade 10 (API 1.2.2) probed
[    7.563107] xhci-hcd xhci-hcd.1.auto: xHCI Host Controller
[    7.568596] xhci-hcd xhci-hcd.1.auto: new USB bus registered, assigned bus number 1
[    7.576342] xhci-hcd xhci-hcd.1.auto: hcc params 0x0238f625 hci version 0x100 quirks 0x0000000002010810
[    7.585760] xhci-hcd xhci-hcd.1.auto: irq 59, io mem 0xfe200000
[    7.591873] usb usb1: New USB device found, idVendor=1d6b, idProduct=0002, bcdDevice= 5.10
[    7.600133] usb usb1: New USB device strings: Mfr=3, Product=2, SerialNumber=1
[    7.607347] usb usb1: Product: xHCI Host Controller
[    7.612216] usb usb1: Manufacturer: Linux 5.10.0-98103-g2aa7ac113716 xhci-hcd
[    7.619341] usb usb1: SerialNumber: xhci-hcd.1.auto
[    7.624508] hub 1-0:1.0: USB hub found
[    7.628270] hub 1-0:1.0: 1 port detected
[    7.632375] xhci-hcd xhci-hcd.1.auto: xHCI Host Controller
[    7.637865] xhci-hcd xhci-hcd.1.auto: new USB bus registered, assigned bus number 2
[    7.645518] xhci-hcd xhci-hcd.1.auto: Host supports USB 3.0 SuperSpeed
[    7.652140] usb usb2: New USB device found, idVendor=1d6b, idProduct=0003, bcdDevice= 5.10
[    7.660403] usb usb2: New USB device strings: Mfr=3, Product=2, SerialNumber=1
[    7.667621] usb usb2: Product: xHCI Host Controller
[    7.672491] usb usb2: Manufacturer: Linux 5.10.0-98103-g2aa7ac113716 xhci-hcd
[    7.679615] usb usb2: SerialNumber: xhci-hcd.1.auto
[    7.684726] hub 2-0:1.0: USB hub found
[    7.688487] hub 2-0:1.0: 1 port detected
[    7.718572] cf_axi_adc 84a10000.axi-ad9081-rx-hpc: ADI AIM (10.01.b) at 0x84A10000 mapped to 0x(____ptrval____), probed ADC AD9081 as MASTER
[    7.748545] cf_axi_dds 84b10000.axi-ad9081-tx-hpc: Analog Devices CF_AXI_DDS_DDS MASTER (9.01.b) at 0x84B10000 mapped to 0x(____ptrval____), probed DDS AD9081
[    7.762739] jesd204: /axi/spi@ff040000/ad9081@0,jesd204:0,parent=spi1.0: JESD204[2] transition initialized -> probed
[    7.773264] jesd204: /axi/spi@ff040000/ad9081@0,jesd204:0,parent=spi1.0: JESD204[0] transition initialized -> probed
[    7.783788] jesd204: /axi/spi@ff040000/ad9081@0,jesd204:0,parent=spi1.0: JESD204[2] transition probed -> idle
[    7.793695] jesd204: /axi/spi@ff040000/ad9081@0,jesd204:0,parent=spi1.0: JESD204[0] transition probed -> idle
[    7.803612] jesd204: /axi/spi@ff040000/ad9081@0,jesd204:0,parent=spi1.0: JESD204[2] transition idle -> device_init
[    7.813955] jesd204: /axi/spi@ff040000/ad9081@0,jesd204:0,parent=spi1.0: JESD204[0] transition idle -> device_init
[    7.824308] jesd204: /axi/spi@ff040000/ad9081@0,jesd204:0,parent=spi1.0: JESD204[2] transition device_init -> link_init
[    7.835091] jesd204: /axi/spi@ff040000/ad9081@0,jesd204:0,parent=spi1.0: JESD204[0] transition device_init -> link_init
[    7.845882] jesd204: /axi/spi@ff040000/ad9081@0,jesd204:0,parent=spi1.0: JESD204[2] transition link_init -> link_supported
[    7.856920] jesd204: /axi/spi@ff040000/ad9081@0,jesd204:0,parent=spi1.0: JESD204[0] transition link_init -> link_supported
[    7.868325] hmc7044 spi2.0: hmc7044_jesd204_link_pre_setup: Link2 forcing continuous SYSREF mode
[    7.877537] jesd204: /axi/spi@ff040000/ad9081@0,jesd204:0,parent=spi1.0: JESD204[2] transition link_supported -> link_pre_setup
[    7.889013] jesd204: /axi/spi@ff040000/ad9081@0,jesd204:0,parent=spi1.0: JESD204[0] transition link_supported -> link_pre_setup
[    7.912883] jesd204: /axi/spi@ff040000/ad9081@0,jesd204:0,parent=spi1.0: JESD204[2] transition link_pre_setup -> clk_sync_stage1
[    7.924444] jesd204: /axi/spi@ff040000/ad9081@0,jesd204:0,parent=spi1.0: JESD204[0] transition link_pre_setup -> clk_sync_stage1
[    7.936006] jesd204: /axi/spi@ff040000/ad9081@0,jesd204:0,parent=spi1.0: JESD204[2] transition clk_sync_stage1 -> clk_sync_stage2
[    7.947653] jesd204: /axi/spi@ff040000/ad9081@0,jesd204:0,parent=spi1.0: JESD204[0] transition clk_sync_stage1 -> clk_sync_stage2
[    7.959304] jesd204: /axi/spi@ff040000/ad9081@0,jesd204:0,parent=spi1.0: JESD204[2] transition clk_sync_stage2 -> clk_sync_stage3
[    7.970949] jesd204: /axi/spi@ff040000/ad9081@0,jesd204:0,parent=spi1.0: JESD204[0] transition clk_sync_stage2 -> clk_sync_stage3
[    7.984622] jesd204: /axi/spi@ff040000/ad9081@0,jesd204:0,parent=spi1.0: JESD204[2] transition clk_sync_stage3 -> link_setup
[    7.995839] jesd204: /axi/spi@ff040000/ad9081@0,jesd204:0,parent=spi1.0: JESD204[0] transition clk_sync_stage3 -> link_setup
[    8.011899] jesd204: /axi/spi@ff040000/ad9081@0,jesd204:0,parent=spi1.0: JESD204[2] transition link_setup -> opt_setup_stage1
[    8.023205] jesd204: /axi/spi@ff040000/ad9081@0,jesd204:0,parent=spi1.0: JESD204[0] transition link_setup -> opt_setup_stage1
[    8.039538] jesd204: /axi/spi@ff040000/ad9081@0,jesd204:0,parent=spi1.0: JESD204[2] transition opt_setup_stage1 -> opt_setup_stage2
[    8.051364] jesd204: /axi/spi@ff040000/ad9081@0,jesd204:0,parent=spi1.0: JESD204[0] transition opt_setup_stage1 -> opt_setup_stage2
[    8.063328] jesd204: /axi/spi@ff040000/ad9081@0,jesd204:0,parent=spi1.0: JESD204[2] transition opt_setup_stage2 -> opt_setup_stage3
[    8.075160] jesd204: /axi/spi@ff040000/ad9081@0,jesd204:0,parent=spi1.0: JESD204[0] transition opt_setup_stage2 -> opt_setup_stage3
[    8.086987] jesd204: /axi/spi@ff040000/ad9081@0,jesd204:0,parent=spi1.0: JESD204[2] transition opt_setup_stage3 -> opt_setup_stage4
[    8.098805] jesd204: /axi/spi@ff040000/ad9081@0,jesd204:0,parent=spi1.0: JESD204[0] transition opt_setup_stage3 -> opt_setup_stage4
[    8.110635] jesd204: /axi/spi@ff040000/ad9081@0,jesd204:0,parent=spi1.0: JESD204[2] transition opt_setup_stage4 -> opt_setup_stage5
[    8.122463] jesd204: /axi/spi@ff040000/ad9081@0,jesd204:0,parent=spi1.0: JESD204[0] transition opt_setup_stage4 -> opt_setup_stage5
[    8.140435] jesd204: /axi/spi@ff040000/ad9081@0,jesd204:0,parent=spi1.0: JESD204[2] transition opt_setup_stage5 -> clocks_enable
[    8.152001] jesd204: /axi/spi@ff040000/ad9081@0,jesd204:0,parent=spi1.0: JESD204[0] transition opt_setup_stage5 -> clocks_enable
[    8.163617] jesd204: /axi/spi@ff040000/ad9081@0,jesd204:0,parent=spi1.0: JESD204[2] transition clocks_enable -> link_enable
[    8.174749] jesd204: /axi/spi@ff040000/ad9081@0,jesd204:0,parent=spi1.0: JESD204[0] transition clocks_enable -> link_enable
[    8.207946] ad9081 spi1.0: JESD RX (JTX) Link2 in DATA, SYNC deasserted, PLL locked, PHASE established, MODE valid
[    8.218552] ad9081 spi1.0: JESD TX (JRX) Link0 0xF lanes in DATA
[    8.224564] jesd204: /axi/spi@ff040000/ad9081@0,jesd204:0,parent=spi1.0: JESD204[2] transition link_enable -> link_running
[    8.235602] jesd204: /axi/spi@ff040000/ad9081@0,jesd204:0,parent=spi1.0: JESD204[0] transition link_enable -> link_running
[    8.246651] jesd204: /axi/spi@ff040000/ad9081@0,jesd204:0,parent=spi1.0: JESD204[2] transition link_running -> opt_post_running_stage
[    8.258648] jesd204: /axi/spi@ff040000/ad9081@0,jesd204:0,parent=spi1.0: JESD204[0] transition link_running -> opt_post_running_stage
[    8.279882] input: gpio-keys as /devices/platform/gpio-keys/input/input0
[    8.286906] of_cfs_init
[    8.289364] of_cfs_init: OK
[    8.292307] cfg80211: Loading compiled-in X.509 certificates for regulatory database
[    8.430612] cfg80211: Loaded X.509 cert 'sforshee: 00b28ddf47aef9cea7'
[    8.437137] clk: Not disabling unused clocks
[    8.441666] ALSA device list:
[    8.444628]   No soundcards found.
[    8.448318] platform regulatory.0: Direct firmware load for regulatory.db failed with error -2
[    8.456929] cfg80211: failed to load regulatory.db
[    8.458957] EXT4-fs (mmcblk0p2): mounted filesystem with ordered data mode. Opts: (null)
[    8.469827] VFS: Mounted root (ext4 filesystem) on device 179:2.
[    8.482950] devtmpfs: mounted
[    8.486763] Freeing unused kernel memory: 2560K
[    8.507770] Run /sbin/init as init process
[    8.511865]   with arguments:
[    8.511868]     /sbin/init
[    8.511870]   with environment:
[    8.511872]     HOME=/
[    8.511874]     TERM=linux
[    9.080142] systemd[1]: systemd 241 running in system mode. (+PAM +AUDIT +SELINUX +IMA +APPARMOR +SMACK +SYSVINIT +UTMP +LIBCRYPTSETUP +GCRYPT +GNUTLS +ACL +XZ +LZ4 +SECCOMP +BLKID +ELFUTILS +KMOD -IDN2 +IDN -PCRE2 default-hierarchy=hybrid)
[    9.102017] systemd[1]: Detected architecture arm64.
[    9.124411] systemd[1]: Set hostname to <analog>.
[    9.308576] systemd[1]: File /lib/systemd/system/systemd-journald.service:12 configures an IP firewall (IPAddressDeny=any), but the local system does not support BPF/cgroup based firewalling.
[    9.325627] systemd[1]: Proceeding WITHOUT firewalling in effect! (This warning is only shown for the first loaded unit using IP firewalling.)
[    9.488315] systemd[1]: /etc/systemd/system/tof-server.service:1: Assignment outside of section. Ignoring.
[    9.498032] systemd[1]: /etc/systemd/system/tof-server.service:2: Assignment outside of section. Ignoring.
[    9.680641] random: systemd: uninitialized urandom read (16 bytes read)
[    9.695367] random: systemd: uninitialized urandom read (16 bytes read)
[    9.702304] systemd[1]: Listening on Syslog Socket.
[    9.719798] random: systemd: uninitialized urandom read (16 bytes read)
[    9.726579] systemd[1]: Listening on initctl Compatibility Named Pipe.
[    9.748010] systemd[1]: Listening on fsck to fsckd communication Socket.
[   10.304895] ------------[ cut here ]------------
[   10.304904] Enabling unprepared \xa0\xd9Q\x88\xff\xff\xff`Q\x88\xff\xff\xff
[   10.304948] WARNING: CPU: 1 PID: 131 at drivers/clk/clk.c:1012 clk_core_enable+0xa4/0xc0
[   10.304951] Modules linked in:
[   10.304961] CPU: 1 PID: 131 Comm: kworker/1:1H Not tainted 5.10.0-98103-g2aa7ac113716 #5577
[   10.304964] Hardware name: ZynqMP ZCU102 Rev1.0 (DT)
[   10.304974] Workqueue: kblockd blk_mq_run_work_fn
[   10.304981] pstate: 80000085 (Nzcv daIf -PAN -UAO -TCO BTYPE=--)
[   10.304987] pc : clk_core_enable+0xa4/0xc0
[   10.304992] lr : clk_core_enable+0xa4/0xc0
[   10.304995] sp : ffffffc012b632d0
[   10.304998] x29: ffffffc012b632d0 x28: ffffff8800330c10 
[   10.305005] x27: ffffff8800330d48 x26: 0000005000000101 
[   10.305011] x25: 000000026046f598 x24: 0000000000000001 
[   10.305018] x23: ffffff88010e7380 x22: ffffff8801083220 
[   10.305025] x21: ffffff8801516000 x20: ffffff8801516008 
[   10.305031] x19: ffffff8801516008 x18: 0000000000000030 
[   10.305038] x17: 0000000000000001 x16: 0000b3fd0b4a1cac 
[   10.305044] x15: ffffffffffff87d0 x14: ffffffc011d3b1a0 
[   10.305050] x13: ffffffc011d3b1c8 x12: 00000000000005eb 
[   10.305057] x11: 00000000000001f9 x10: ffffffc011d671c8 
[   10.305063] x9 : 00000000fffff800 x8 : ffffffc011d3b1c8 
[   10.305070] x7 : ffffffc011d671c8 x6 : 0000000000000001 
[   10.305076] x5 : ffffff887f77c9e0 x4 : 0000000000000000 
[   10.305082] x3 : 0000000000000027 x2 : 0000000000000023 
[   10.305088] x1 : 66ce6cd0d1994300 x0 : 0000000000000000 
[   10.305095] Call trace:
[   10.305101]  clk_core_enable+0xa4/0xc0
[   10.305107]  clk_enable+0x2c/0x60
[   10.305113]  zynqmp_runtime_resume+0x24/0x84
[   10.305120]  pm_generic_runtime_resume+0x30/0x50
[   10.305126]  __genpd_runtime_resume+0x30/0xb0
[   10.305132]  genpd_runtime_resume+0x90/0x250
[   10.305138]  __rpm_callback+0x10c/0x1e0
[   10.305143]  rpm_callback+0x5c/0x84
[   10.305148]  rpm_resume+0x4a4/0x74c
[   10.305153]  __pm_runtime_resume+0x78/0xc4
[   10.305158]  spi_mem_access_start.isra.0+0x30/0x80
[   10.305162]  spi_mem_exec_op+0x3b0/0x424
[   10.305167]  spi_nor_read_sr+0x78/0xe0
[   10.305172]  spi_nor_wait_till_ready_with_timeout+0xb4/0x2f0
[   10.305177]  spi_nor_read+0x188/0x380
[   10.305182]  mtd_read_oob_std+0x78/0x84
[   10.305186]  mtd_read_oob+0x7c/0x134
[   10.305191]  mtd_read+0x48/0x7c
[   10.305197]  mtdblock_readsect+0x6c/0x150
[   10.305202]  mtd_queue_rq+0x2cc/0x5a0
[   10.305208]  blk_mq_dispatch_rq_list+0x110/0x790
[   10.305214]  __blk_mq_do_dispatch_sched+0x200/0x274
[   10.305220]  __blk_mq_sched_dispatch_requests+0x1a8/0x1fc
[   10.305225]  blk_mq_sched_dispatch_requests+0x3c/0x7c
[   10.305230]  __blk_mq_run_hw_queue+0x98/0x100
[   10.305235]  blk_mq_run_work_fn+0x24/0x30
[   10.305240]  process_one_work+0x1d4/0x380
[   10.305245]  worker_thread+0x78/0x4e0
[   10.305250]  kthread+0x124/0x130
[   10.305255]  ret_from_fork+0x10/0x3c
[   10.305259] ---[ end trace bf65ffedf705be9f ]---
[   10.305267] zynqmp-qspi ff0f0000.spi: Cannot enable APB clock.
[   10.305315] spi_master spi0: Failed to power device: -108
[   10.305325] blk_update_request: I/O error, dev mtdblock0, sector 8 op 0x0:(READ) flags 0x80700 phys_seg 1 prio class 0
[   10.305399] spi_master spi0: Failed to power device: -22
[   10.305406] blk_update_request: I/O error, dev mtdblock0, sector 8 op 0x0:(READ) flags 0x0 phys_seg 8 prio class 0
[   10.305412] Buffer I/O error on dev mtdblock0, logical block 8, async page read
[   10.305421] spi_master spi0: Failed to power device: -22
[   10.305427] blk_update_request: I/O error, dev mtdblock0, sector 9 op 0x0:(READ) flags 0x0 phys_seg 7 prio class 0
[   10.305431] Buffer I/O error on dev mtdblock0, logical block 9, async page read
[   10.305438] spi_master spi0: Failed to power device: -22
[   10.305443] blk_update_request: I/O error, dev mtdblock0, sector 10 op 0x0:(READ) flags 0x0 phys_seg 6 prio class 0
[   10.305447] Buffer I/O error on dev mtdblock0, logical block 10, async page read
[   10.305455] spi_master spi0: Failed to power device: -22
[   10.305460] blk_update_request: I/O error, dev mtdblock0, sector 11 op 0x0:(READ) flags 0x0 phys_seg 5 prio class 0
[   10.305464] Buffer I/O error on dev mtdblock0, logical block 11, async page read
[   10.305471] spi_master spi0: Failed to power device: -22
[   10.305477] blk_update_request: I/O error, dev mtdblock0, sector 12 op 0x0:(READ) flags 0x0 phys_seg 4 prio class 0
[   10.305480] Buffer I/O error on dev mtdblock0, logical block 12, async page read
[   10.305487] spi_master spi0: Failed to power device: -22
[   10.305493] blk_update_request: I/O error, dev mtdblock0, sector 13 op 0x0:(READ) flags 0x0 phys_seg 3 prio class 0
[   10.305497] Buffer I/O error on dev mtdblock0, logical block 13, async page read
[   10.305503] spi_master spi0: Failed to power device: -22
[   10.305509] blk_update_request: I/O error, dev mtdblock0, sector 14 op 0x0:(READ) flags 0x0 phys_seg 2 prio class 0
[   10.305512] Buffer I/O error on dev mtdblock0, logical block 14, async page read
[   10.305519] spi_master spi0: Failed to power device: -22
[   10.305524] blk_update_request: I/O error, dev mtdblock0, sector 15 op 0x0:(READ) flags 0x0 phys_seg 1 prio class 0
[   10.305528] Buffer I/O error on dev mtdblock0, logical block 15, async page read
[   10.305835] spi_master spi0: Failed to power device: -22
[   10.305843] blk_update_request: I/O error, dev mtdblock1, sector 10112 op 0x0:(READ) flags 0x80700 phys_seg 1 prio class 0
[   10.305886] spi_master spi0: Failed to power device: -22
[   10.305892] Buffer I/O error on dev mtdblock1, logical block 10112, async page read
[   10.305899] spi_master spi0: Failed to power device: -22
[   10.305904] Buffer I/O error on dev mtdblock1, logical block 10113, async page read
[   10.305911] spi_master spi0: Failed to power device: -22
[   10.305919] spi_master spi0: Failed to power device: -22
[   10.305926] spi_master spi0: Failed to power device: -22
[   10.305933] spi_master spi0: Failed to power device: -22
[   10.305941] spi_master spi0: Failed to power device: -22
[   10.305948] spi_master spi0: Failed to power device: -22
[   10.306207] spi_master spi0: Failed to power device: -22
[   10.306250] spi_master spi0: Failed to power device: -22
[   10.306259] spi_master spi0: Failed to power device: -22
[   10.306267] spi_master spi0: Failed to power device: -22
[   10.306274] spi_master spi0: Failed to power device: -22
[   10.306282] spi_master spi0: Failed to power device: -22
[   10.306289] spi_master spi0: Failed to power device: -22
[   10.306296] spi_master spi0: Failed to power device: -22
[   10.306303] spi_master spi0: Failed to power device: -22
[   10.306563] spi_master spi0: Failed to power device: -22
[   10.306606] spi_master spi0: Failed to power device: -22
[   10.306615] spi_master spi0: Failed to power device: -22
[   10.306623] spi_master spi0: Failed to power device: -22
[   10.306631] spi_master spi0: Failed to power device: -22
[   10.306639] spi_master spi0: Failed to power device: -22
[   10.306646] spi_master spi0: Failed to power device: -22
[   10.306653] spi_master spi0: Failed to power device: -22
[   10.306660] spi_master spi0: Failed to power device: -22
[   10.430292] EXT4-fs (mmcblk0p2): re-mounted. Opts: (null)
[   10.520711] systemd-journald[169]: Received request to flush runtime journal from PID 1
[   16.306683] macb ff0e0000.ethernet eth0: PHY [ff0e0000.ethernet-ffffffff:0c] driver [TI DP83867] (irq=POLL)
[   16.306697] macb ff0e0000.ethernet eth0: configuring for phy/rgmii-id link mode
[   16.635746] Adding 102396k swap on /var/swap.  Priority:-2 extents:4 across:9953604k SS
[   18.335723] random: crng init done
[   18.335733] random: 7 urandom warning(s) missed due to ratelimiting
[   20.385352] macb ff0e0000.ethernet eth0: Link is Up - 1Gbps/Full - flow control off
[   20.385379] IPv6: ADDRCONF(NETDEV_CHANGE): eth0: link becomes ready
[   20.513071] broken atomic modeset userspace detected, disabling atomic
[   23.213834] broken atomic modeset userspace detected, disabling atomic
[   26.307809] broken atomic modeset userspace detected, disabling atomic