[    0.000000] Booting Linux on physical CPU 0x0000000000 [0x410fd034]
[    0.000000] Linux version 5.10.0-98103-g2aa7ac113716 (jenkins@romlxbuild1.adlk.analog.com) (aarch64-xilinx-linux-gcc.real (GCC) 10.2.0, GNU ld (GNU Binutils) 2.35.0.20200730) #5577 SMP Wed Mar 23 07:28:49 GMT 2022
[    0.000000] Machine model: ZynqMP ZCU102 Rev1.0
[    0.000000] earlycon: cdns0 at MMIO 0x00000000ff000000 (options '115200n8')
[    0.000000] printk: bootconsole [cdns0] enabled
[    0.000000] efi: UEFI not found.
[    0.000000] cma: Reserved 256 MiB at 0x0000000070000000
[    0.000000] Zone ranges:
[    0.000000]   DMA      [mem 0x0000000000000000-0x000000003fffffff]
[    0.000000]   DMA32    [mem 0x0000000040000000-0x00000000ffffffff]
[    0.000000]   Normal   [mem 0x0000000100000000-0x000000087fffffff]
[    0.000000] Movable zone start for each node
[    0.000000] Early memory node ranges
[    0.000000]   node   0: [mem 0x0000000000000000-0x000000007fffffff]
[    0.000000]   node   0: [mem 0x0000000800000000-0x000000087fffffff]
[    0.000000] Initmem setup node 0 [mem 0x0000000000000000-0x000000087fffffff]
[    0.000000] On node 0 totalpages: 1048576
[    0.000000]   DMA zone: 3584 pages used for memmap
[    0.000000]   DMA zone: 0 pages reserved
[    0.000000]   DMA zone: 262144 pages, LIFO batch:63
[    0.000000]   DMA32 zone: 3584 pages used for memmap
[    0.000000]   DMA32 zone: 262144 pages, LIFO batch:63
[    0.000000]   Normal zone: 7168 pages used for memmap
[    0.000000]   Normal zone: 524288 pages, LIFO batch:63
[    0.000000] psci: probing for conduit method from DT.
[    0.000000] psci: PSCIv1.1 detected in firmware.
[    0.000000] psci: Using standard PSCI v0.2 function IDs
[    0.000000] psci: MIGRATE_INFO_TYPE not supported.
[    0.000000] psci: SMC Calling Convention v1.2
[    0.000000] percpu: Embedded 22 pages/cpu s49496 r8192 d32424 u90112
[    0.000000] pcpu-alloc: s49496 r8192 d32424 u90112 alloc=22*4096
[    0.000000] pcpu-alloc: [0] 0 [0] 1 [0] 2 [0] 3 
[    0.000000] Detected VIPT I-cache on CPU0
[    0.000000] CPU features: detected: ARM erratum 845719
[    0.000000] Built 1 zonelists, mobility grouping on.  Total pages: 1034240
[    0.000000] Kernel command line: console=ttyPS0,115200 root=/dev/mmcblk0p2 rw earlycon rootfstype=ext4 rootwait clk_ignore_unused cpuidle.off=1 root=/dev/mmcblk0p2 rw rootwait
[    0.000000] Dentry cache hash table entries: 524288 (order: 10, 4194304 bytes, linear)
[    0.000000] Inode-cache hash table entries: 262144 (order: 9, 2097152 bytes, linear)
[    0.000000] mem auto-init: stack:off, heap alloc:off, heap free:off
[    0.000000] software IO TLB: mapped [mem 0x000000003bfff000-0x000000003ffff000] (64MB)
[    0.000000] Memory: 3761904K/4194304K available (15296K kernel code, 1636K rwdata, 11876K rodata, 2560K init, 507K bss, 170256K reserved, 262144K cma-reserved)
[    0.000000] rcu: Hierarchical RCU implementation.
[    0.000000] rcu: 	RCU event tracing is enabled.
[    0.000000] rcu: 	RCU restricting CPUs from NR_CPUS=8 to nr_cpu_ids=4.
[    0.000000] rcu: RCU calculated value of scheduler-enlistment delay is 25 jiffies.
[    0.000000] rcu: Adjusting geometry for rcu_fanout_leaf=16, nr_cpu_ids=4
[    0.000000] NR_IRQS: 64, nr_irqs: 64, preallocated irqs: 0
[    0.000000] GIC: Adjusting CPU interface base to 0x00000000f902f000
[    0.000000] GIC: Using split EOI/Deactivate mode
[    0.000000] random: get_random_bytes called from start_kernel+0x31c/0x54c with crng_init=0
[    0.000000] arch_timer: cp15 timer(s) running at 100.00MHz (phys).
[    0.000000] clocksource: arch_sys_counter: mask: 0xffffffffffffff max_cycles: 0x171024e7e0, max_idle_ns: 440795205315 ns
[    0.000003] sched_clock: 56 bits at 100MHz, resolution 10ns, wraps every 4398046511100ns
[    0.008462] Console: colour dummy device 80x25
[    0.012483] Calibrating delay loop (skipped), value calculated using timer frequency.. 200.00 BogoMIPS (lpj=400000)
[    0.022841] pid_max: default: 32768 minimum: 301
[    0.027549] Mount-cache hash table entries: 8192 (order: 4, 65536 bytes, linear)
[    0.034789] Mountpoint-cache hash table entries: 8192 (order: 4, 65536 bytes, linear)
[    0.043396] rcu: Hierarchical SRCU implementation.
[    0.047559] EFI services will not be available.
[    0.051940] smp: Bringing up secondary CPUs ...
[    0.056657] Detected VIPT I-cache on CPU1
[    0.056695] CPU1: Booted secondary processor 0x0000000001 [0x410fd034]
[    0.057060] Detected VIPT I-cache on CPU2
[    0.057085] CPU2: Booted secondary processor 0x0000000002 [0x410fd034]
[    0.057423] Detected VIPT I-cache on CPU3
[    0.057446] CPU3: Booted secondary processor 0x0000000003 [0x410fd034]
[    0.057492] smp: Brought up 1 node, 4 CPUs
[    0.091780] SMP: Total of 4 processors activated.
[    0.096453] CPU features: detected: 32-bit EL0 Support
[    0.101556] CPU features: detected: CRC32 instructions
[    0.106695] CPU: All CPU(s) started at EL2
[    0.110737] alternatives: patching kernel code
[    0.116170] devtmpfs: initialized
[    0.124069] Registered cp15_barrier emulation handler
[    0.124120] Registered setend emulation handler
[    0.128099] clocksource: jiffies: mask: 0xffffffff max_cycles: 0xffffffff, max_idle_ns: 7645041785100000 ns
[    0.137679] futex hash table entries: 1024 (order: 4, 65536 bytes, linear)
[    0.151045] pinctrl core: initialized pinctrl subsystem
[    0.151689] NET: Registered protocol family 16
[    0.156108] DMA: preallocated 512 KiB GFP_KERNEL pool for atomic allocations
[    0.162126] DMA: preallocated 512 KiB GFP_KERNEL|GFP_DMA pool for atomic allocations
[    0.169851] DMA: preallocated 512 KiB GFP_KERNEL|GFP_DMA32 pool for atomic allocations
[    0.177653] audit: initializing netlink subsys (disabled)
[    0.183103] audit: type=2000 audit(0.116:1): state=initialized audit_enabled=0 res=1
[    0.183449] hw-breakpoint: found 6 breakpoint and 4 watchpoint registers.
[    0.197482] ASID allocator initialised with 65536 entries
[    0.224317] HugeTLB registered 1.00 GiB page size, pre-allocated 0 pages
[    0.225369] HugeTLB registered 32.0 MiB page size, pre-allocated 0 pages
[    0.232040] HugeTLB registered 2.00 MiB page size, pre-allocated 0 pages
[    0.238703] HugeTLB registered 64.0 KiB page size, pre-allocated 0 pages
[    1.304221] DRBG: Continuing without Jitter RNG
[    1.382099] raid6: neonx8   gen()  2143 MB/s
[    1.450139] raid6: neonx8   xor()  1600 MB/s
[    1.518195] raid6: neonx4   gen()  2194 MB/s
[    1.586247] raid6: neonx4   xor()  1567 MB/s
[    1.654310] raid6: neonx2   gen()  2076 MB/s
[    1.722365] raid6: neonx2   xor()  1434 MB/s
[    1.790439] raid6: neonx1   gen()  1772 MB/s
[    1.858475] raid6: neonx1   xor()  1220 MB/s
[    1.926535] raid6: int64x8  gen()  1438 MB/s
[    1.994591] raid6: int64x8  xor()   771 MB/s
[    2.062658] raid6: int64x4  gen()  1599 MB/s
[    2.130708] raid6: int64x4  xor()   817 MB/s
[    2.198782] raid6: int64x2  gen()  1397 MB/s
[    2.266838] raid6: int64x2  xor()   749 MB/s
[    2.334905] raid6: int64x1  gen()  1034 MB/s
[    2.402964] raid6: int64x1  xor()   517 MB/s
[    2.403002] raid6: using algorithm neonx4 gen() 2194 MB/s
[    2.406961] raid6: .... xor() 1567 MB/s, rmw enabled
[    2.411892] raid6: using neon recovery algorithm
[    2.416902] iommu: Default domain type: Translated 
[    2.421517] SCSI subsystem initialized
[    2.425061] libata version 3.00 loaded.
[    2.425185] usbcore: registered new interface driver usbfs
[    2.430518] usbcore: registered new interface driver hub
[    2.435795] usbcore: registered new device driver usb
[    2.440921] mc: Linux media interface: v0.10
[    2.445039] videodev: Linux video capture interface: v2.00
[    2.450531] EDAC MC: Ver: 3.0.0
[    2.453948] zynqmp-ipi-mbox mailbox@ff990400: Registered ZynqMP IPI mbox with TX/RX channels.
[    2.462468] jesd204: created con: id=0, topo=0, link=0, /axi/spi@ff050000/hmc7044@0 <-> /fpga-axi@0/axi-adxcvr-tx@84b60000
[    2.473060] jesd204: created con: id=1, topo=0, link=2, /axi/spi@ff050000/hmc7044@0 <-> /fpga-axi@0/axi-adxcvr-rx@84a60000
[    2.484043] jesd204: created con: id=2, topo=0, link=0, /fpga-axi@0/axi-adxcvr-tx@84b60000 <-> /fpga-axi@0/axi-jesd204-tx@84b90000
[    2.495722] jesd204: created con: id=3, topo=0, link=2, /fpga-axi@0/axi-adxcvr-rx@84a60000 <-> /fpga-axi@0/axi-jesd204-rx@84a90000
[    2.507397] jesd204: created con: id=4, topo=0, link=0, /fpga-axi@0/axi-jesd204-tx@84b90000 <-> /fpga-axi@0/axi-ad9081-tx-hpc@84b10000
[    2.519425] jesd204: created con: id=5, topo=0, link=2, /fpga-axi@0/axi-jesd204-rx@84a90000 <-> /fpga-axi@0/axi-ad9081-rx-hpc@84a10000
[    2.531448] jesd204: created con: id=6, topo=0, link=2, /fpga-axi@0/axi-ad9081-rx-hpc@84a10000 <-> /axi/spi@ff040000/ad9081@0
[    2.542689] jesd204: created con: id=7, topo=0, link=0, /fpga-axi@0/axi-ad9081-tx-hpc@84b10000 <-> /axi/spi@ff040000/ad9081@0
[    2.553938] jesd204: /axi/spi@ff040000/ad9081@0: JESD204[2] transition uninitialized -> initialized
[    2.562926] jesd204: /axi/spi@ff040000/ad9081@0: JESD204[0] transition uninitialized -> initialized
[    2.571917] jesd204: found 8 devices and 1 topologies
[    2.576959] FPGA manager framework
[    2.580438] Advanced Linux Sound Architecture Driver Initialized.
[    2.586737] Bluetooth: Core ver 2.22
[    2.589919] NET: Registered protocol family 31
[    2.594321] Bluetooth: HCI device and connection manager initialized
[    2.600638] Bluetooth: HCI socket layer initialized
[    2.605480] Bluetooth: L2CAP socket layer initialized
[    2.610504] Bluetooth: SCO socket layer initialized
[    2.615698] clocksource: Switched to clocksource arch_sys_counter
[    2.621496] VFS: Disk quotas dquot_6.6.0
[    2.625332] VFS: Dquot-cache hash table entries: 512 (order 0, 4096 bytes)
[    2.636062] NET: Registered protocol family 2
[    2.636777] tcp_listen_portaddr_hash hash table entries: 2048 (order: 3, 32768 bytes, linear)
[    2.644972] TCP established hash table entries: 32768 (order: 6, 262144 bytes, linear)
[    2.652996] TCP bind hash table entries: 32768 (order: 7, 524288 bytes, linear)
[    2.660441] TCP: Hash tables configured (established 32768 bind 32768)
[    2.666619] UDP hash table entries: 2048 (order: 4, 65536 bytes, linear)
[    2.673283] UDP-Lite hash table entries: 2048 (order: 4, 65536 bytes, linear)
[    2.680443] NET: Registered protocol family 1
[    2.684909] RPC: Registered named UNIX socket transport module.
[    2.690519] RPC: Registered udp transport module.
[    2.695185] RPC: Registered tcp transport module.
[    2.699852] RPC: Registered tcp NFSv4.1 backchannel transport module.
[    2.706841] PCI: CLS 0 bytes, default 64
[    2.710562] hw perfevents: no interrupt-affinity property for /pmu, guessing.
[    2.717405] hw perfevents: enabled with armv8_pmuv3 PMU driver, 7 counters available
[    2.725755] Initialise system trusted keyrings
[    2.729427] workingset: timestamp_bits=62 max_order=20 bucket_order=0
[    2.736336] NFS: Registering the id_resolver key type
[    2.740781] Key type id_resolver registered
[    2.744920] Key type id_legacy registered
[    2.748912] nfs4filelayout_init: NFSv4 File Layout Driver Registering...
[    2.755575] jffs2: version 2.2. (NAND) (SUMMARY)  Â© 2001-2006 Red Hat, Inc.
[    2.800058] NET: Registered protocol family 38
[    2.800101] xor: measuring software checksum speed
[    2.807796]    8regs           :  2363 MB/sec
[    2.811458]    32regs          :  2799 MB/sec
[    2.816411]    arm64_neon      :  2380 MB/sec
[    2.816595] xor: using function: 32regs (2799 MB/sec)
[    2.821621] Key type asymmetric registered
[    2.825683] Asymmetric key parser 'x509' registered
[    2.830544] Block layer SCSI generic (bsg) driver version 0.4 loaded (major 248)
[    2.837881] io scheduler mq-deadline registered
[    2.842377] io scheduler kyber registered
[    2.871854] Serial: 8250/16550 driver, 4 ports, IRQ sharing disabled
[    2.876494] cacheinfo: Unable to detect cache hierarchy for CPU 0
[    2.882821] brd: module loaded
[    2.886968] loop: module loaded
[    2.887514] Registered mathworks_ip class
[    2.890878] libphy: Fixed MDIO Bus: probed
[    2.893840] tun: Universal TUN/TAP device driver, 1.6
[    2.897904] CAN device driver interface
[    2.902435] usbcore: registered new interface driver asix
[    2.907031] usbcore: registered new interface driver ax88179_178a
[    2.913068] usbcore: registered new interface driver cdc_ether
[    2.918863] usbcore: registered new interface driver net1080
[    2.924484] usbcore: registered new interface driver cdc_subset
[    2.930367] usbcore: registered new interface driver zaurus
[    2.935912] usbcore: registered new interface driver cdc_ncm
[    2.942314] ehci_hcd: USB 2.0 'Enhanced' Host Controller (EHCI) Driver
[    2.947995] ehci-pci: EHCI PCI platform driver
[    2.952806] usbcore: registered new interface driver uas
[    2.957716] usbcore: registered new interface driver usb-storage
[    2.963713] usbcore: registered new interface driver usbserial_generic
[    2.970153] usbserial: USB Serial support registered for generic
[    2.976125] usbcore: registered new interface driver ftdi_sio
[    2.981825] usbserial: USB Serial support registered for FTDI USB Serial Device
[    2.989097] usbcore: registered new interface driver upd78f0730
[    2.994974] usbserial: USB Serial support registered for upd78f0730
[    3.002628] rtc_zynqmp ffa60000.rtc: registered as rtc0
[    3.006402] rtc_zynqmp ffa60000.rtc: setting system clock to 2022-04-12T20:25:06 UTC (1649795106)
[    3.015264] i2c /dev entries driver
[    3.020580] usbcore: registered new interface driver uvcvideo
[    3.024375] USB Video Class driver (1.1.1)
[    3.029947] Bluetooth: HCI UART driver ver 2.3
[    3.032857] Bluetooth: HCI UART protocol H4 registered
[    3.037956] Bluetooth: HCI UART protocol BCSP registered
[    3.043244] Bluetooth: HCI UART protocol LL registered
[    3.048334] Bluetooth: HCI UART protocol ATH3K registered
[    3.053709] Bluetooth: HCI UART protocol Three-wire (H5) registered
[    3.059965] Bluetooth: HCI UART protocol Intel registered
[    3.065300] Bluetooth: HCI UART protocol QCA registered
[    3.070502] usbcore: registered new interface driver bcm203x
[    3.076123] usbcore: registered new interface driver bpa10x
[    3.081659] usbcore: registered new interface driver bfusb
[    3.087109] usbcore: registered new interface driver btusb
[    3.092569] usbcore: registered new interface driver ath3k
[    3.098055] EDAC MC: ECC not enabled
[    3.101683] EDAC DEVICE0: Giving out device to module zynqmp-ocm-edac controller zynqmp_ocm: DEV ff960000.memory-controller (INTERRUPT)
[    3.113992] sdhci: Secure Digital Host Controller Interface driver
[    3.119783] sdhci: Copyright(c) Pierre Ossman
[    3.124108] sdhci-pltfm: SDHCI platform and OF driver helper
[    3.130159] ledtrig-cpu: registered to indicate activity on CPUs
[    3.135710] SMCCC: SOC_ID: ARCH_SOC_ID not implemented, skipping ....
[    3.142147] zynqmp_firmware_probe Platform Management API v1.1
[    3.147899] zynqmp_firmware_probe Trustzone version v1.0
[    3.187443] zynqmp-pinctrl firmware:zynqmp-firmware:pinctrl: zynqmp pinctrl initialized
[    3.235328] zynqmp-aes firmware:zynqmp-firmware:zynqmp-aes: will run requests pump with realtime priority
[    3.251151] alg: No test for xilinx-keccak-384 (zynqmp-keccak-384)
[    3.251861] alg: No test for xilinx-zynqmp-rsa (zynqmp-rsa)
[    3.257365] usbcore: registered new interface driver usbhid
[    3.262761] usbhid: USB HID core driver
[    3.273998] axi_sysid 85000000.axi-sysid-0: AXI System ID core version (1.01.a) found
[    3.276359] axi_sysid 85000000.axi-sysid-0: [ad9081_fmca_ebz] on [zcu102] git branch <master> git <084d44c9780640ca93fd847b1d9ec70dd65f5c67> clean [2022-03-18 04:17:50] UTC
[    3.292042] fpga_manager fpga0: Xilinx ZynqMP FPGA Manager registered
[    3.298394] usbcore: registered new interface driver snd-usb-audio
[    3.305838] pktgen: Packet Generator for packet performance testing. Version: 2.75
[    3.312026] Initializing XFRM netlink socket
[    3.315885] NET: Registered protocol family 10
[    3.320593] Segment Routing with IPv6
[    3.323970] sit: IPv6, IPv4 and MPLS over IPv4 tunneling driver
[    3.330050] NET: Registered protocol family 17
[    3.334153] NET: Registered protocol family 15
[    3.338655] can: controller area network core
[    3.342899] NET: Registered protocol family 29
[    3.347294] can: raw protocol
[    3.350229] can: broadcast manager protocol
[    3.354384] can: netlink gateway - max_hops=1
[    3.358788] Bluetooth: RFCOMM TTY layer initialized
[    3.363557] Bluetooth: RFCOMM socket layer initialized
[    3.368667] Bluetooth: RFCOMM ver 1.11
[    3.372377] Bluetooth: BNEP (Ethernet Emulation) ver 1.3
[    3.377647] Bluetooth: BNEP filters: protocol multicast
[    3.382841] Bluetooth: BNEP socket layer initialized
[    3.387769] Bluetooth: HIDP (Human Interface Emulation) ver 1.2
[    3.393652] Bluetooth: HIDP socket layer initialized
[    3.398706] 9pnet: Installing 9P2000 support
[    3.402829] NET: Registered protocol family 36
[    3.407245] Key type dns_resolver registered
[    3.411680] registered taskstats version 1
[    3.415539] Loading compiled-in X.509 certificates
[    3.420658] Btrfs loaded, crc32c=crc32c-generic
[    3.433056] ff000000.serial: ttyPS0 at MMIO 0xff000000 (irq = 49, base_baud = 6249999) is a xuartps
[    3.442077] printk: console [ttyPS0] enabled
[    3.446372] printk: bootconsole [cdns0] disabled
[    3.456005] ff010000.serial: ttyPS1 at MMIO 0xff010000 (irq = 50, base_baud = 6249999) is a xuartps
[    3.469238] of-fpga-region fpga-full: FPGA Region probed
[    3.476191] nwl-pcie fd0e0000.pcie: host bridge /axi/pcie@fd0e0000 ranges:
[    3.483081] nwl-pcie fd0e0000.pcie:      MEM 0x00e0000000..0x00efffffff -> 0x00e0000000
[    3.491088] nwl-pcie fd0e0000.pcie:      MEM 0x0600000000..0x07ffffffff -> 0x0600000000
[    3.499154] nwl-pcie fd0e0000.pcie: Link is DOWN
[    3.503914] nwl-pcie fd0e0000.pcie: PCI host bridge to bus 0000:00
[    3.510092] pci_bus 0000:00: root bus resource [bus 00-ff]
[    3.515573] pci_bus 0000:00: root bus resource [mem 0xe0000000-0xefffffff]
[    3.522437] pci_bus 0000:00: root bus resource [mem 0x600000000-0x7ffffffff pref]
[    3.529941] pci 0000:00:00.0: [10ee:d021] type 01 class 0x060400
[    3.536003] pci 0000:00:00.0: PME# supported from D0 D1 D2 D3hot
[    3.546436] pci 0000:00:00.0: PCI bridge to [bus 01-0c]
[    3.552426] xilinx-zynqmp-dma fd500000.dma: ZynqMP DMA driver Probe success
[    3.559608] xilinx-zynqmp-dma fd510000.dma: ZynqMP DMA driver Probe success
[    3.566781] xilinx-zynqmp-dma fd520000.dma: ZynqMP DMA driver Probe success
[    3.573955] xilinx-zynqmp-dma fd530000.dma: ZynqMP DMA driver Probe success
[    3.581120] xilinx-zynqmp-dma fd540000.dma: ZynqMP DMA driver Probe success
[    3.588285] xilinx-zynqmp-dma fd550000.dma: ZynqMP DMA driver Probe success
[    3.595452] xilinx-zynqmp-dma fd560000.dma: ZynqMP DMA driver Probe success
[    3.602617] xilinx-zynqmp-dma fd570000.dma: ZynqMP DMA driver Probe success
[    3.610022] xilinx-zynqmp-dpdma fd4c0000.dma-controller: Xilinx DPDMA engine is probed
[    3.618572] ahci-ceva fd0c0000.ahci: supply ahci not found, using dummy regulator
[    3.626120] ahci-ceva fd0c0000.ahci: supply phy not found, using dummy regulator
[    3.715874] hmc7044 spi2.0: PLL1: Acquisition, CLKIN0 @ 122880000 Hz, PFD: 80 kHz - PLL2: Locked @ 2710.000000 MHz
[    3.726592] jesd204: /axi/spi@ff050000/hmc7044@0,jesd204:1,parent=spi2.0: Using as SYSREF provider
[    3.736171] spi-nor spi0.0: SPI-NOR-UniqueID 100000235394732200270025081115266e
[    3.743479] spi-nor spi0.0: found n25q512a, expected m25p80
[    3.749683] spi-nor spi0.0: trying to lock already unlocked area
[    3.755695] spi-nor spi0.0: n25q512a (131072 Kbytes)
[    3.760674] 4 fixed-partitions partitions found on MTD device spi0.0
[    3.767021] Creating 4 MTD partitions on "spi0.0":
[    3.771807] 0x000000000000-0x000000100000 : "qspi-fsbl-uboot"
[    3.778282] 0x000000100000-0x000000600000 : "qspi-linux"
[    3.784251] 0x000000600000-0x000000620000 : "qspi-device-tree"
[    3.790720] 0x000000620000-0x000000c00000 : "qspi-rootfs"
[    3.799179] macb ff0e0000.ethernet: Not enabling partial store and forward
[    3.806688] libphy: MACB_mii_bus: probed
[    3.811742] macb ff0e0000.ethernet eth0: Cadence GEM rev 0x50070106 at 0xff0e0000 irq 30 (00:0a:35:04:8e:1b)
[    3.821948] xilinx-axipmon ffa00000.perf-monitor: Probed Xilinx APM
[    3.828526] xilinx-axipmon fd0b0000.perf-monitor: Probed Xilinx APM
[    3.835042] xilinx-axipmon fd490000.perf-monitor: Probed Xilinx APM
[    3.841591] xilinx-axipmon ffa10000.perf-monitor: Probed Xilinx APM
[    3.851572] pca953x 0-0020: supply vcc not found, using dummy regulator
[    3.858255] pca953x 0-0020: using no AI
[    3.862748] gpio-496 (sel0): hogged as output/low
[    3.867643] gpio-497 (sel1): hogged as output/high
[    3.872628] gpio-498 (sel2): hogged as output/high
[    3.877617] gpio-499 (sel3): hogged as output/high
[    3.882794] pca953x 0-0021: supply vcc not found, using dummy regulator
[    3.889466] pca953x 0-0021: using no AI
[    3.895227] ina2xx 2-0040: power monitor ina226 (Rshunt = 5000 uOhm)
[    3.902257] ina2xx 2-0041: power monitor ina226 (Rshunt = 5000 uOhm)
[    3.909286] ina2xx 2-0042: power monitor ina226 (Rshunt = 5000 uOhm)
[    3.916320] ina2xx 2-0043: power monitor ina226 (Rshunt = 5000 uOhm)
[    3.923341] ina2xx 2-0044: power monitor ina226 (Rshunt = 5000 uOhm)
[    3.930359] ina2xx 2-0045: power monitor ina226 (Rshunt = 5000 uOhm)
[    3.937392] ina2xx 2-0046: power monitor ina226 (Rshunt = 5000 uOhm)
[    3.944464] ina2xx 2-0047: power monitor ina226 (Rshunt = 5000 uOhm)
[    3.951494] ina2xx 2-004a: power monitor ina226 (Rshunt = 5000 uOhm)
[    3.958524] ina2xx 2-004b: power monitor ina226 (Rshunt = 5000 uOhm)
[    3.964935] i2c i2c-0: Added multiplexed i2c bus 2
[    3.970320] random: fast init done
[    3.973795] ina2xx 3-0040: power monitor ina226 (Rshunt = 2000 uOhm)
[    3.980824] ina2xx 3-0041: power monitor ina226 (Rshunt = 5000 uOhm)
[    3.987853] ina2xx 3-0042: power monitor ina226 (Rshunt = 5000 uOhm)
[    3.994884] ina2xx 3-0043: power monitor ina226 (Rshunt = 5000 uOhm)
[    4.001916] ina2xx 3-0044: power monitor ina226 (Rshunt = 5000 uOhm)
[    4.008957] ina2xx 3-0045: power monitor ina226 (Rshunt = 5000 uOhm)
[    4.015983] ina2xx 3-0046: power monitor ina226 (Rshunt = 5000 uOhm)
[    4.023013] ina2xx 3-0047: power monitor ina226 (Rshunt = 5000 uOhm)
[    4.029412] i2c i2c-0: Added multiplexed i2c bus 3
[    4.085454] i2c i2c-0: Added multiplexed i2c bus 4
[    4.090395] i2c i2c-0: Added multiplexed i2c bus 5
[    4.095184] pca954x 0-0075: registered 4 multiplexed busses for I2C mux pca9544
[    4.102533] cdns-i2c ff020000.i2c: 400 kHz mmio ff020000 irq 32
[    4.110265] at24 6-0054: supply vcc not found, using dummy regulator
[    4.117150] at24 6-0054: 1024 byte 24c08 EEPROM, writable, 1 bytes/write
[    4.123895] i2c i2c-1: Added multiplexed i2c bus 6
[    4.130328] si5341 7-0036: Chip: 5341 Grade: 1 Rev: 1
[    4.168017] i2c i2c-1: Added multiplexed i2c bus 7
[    4.175668] si570 8-005d: registered, current frequency 300000000 Hz
[    4.182071] i2c i2c-1: Added multiplexed i2c bus 8
[    4.201859] si570 9-005d: registered, current frequency 148500000 Hz
[    4.208264] i2c i2c-1: Added multiplexed i2c bus 9
[    4.213294] si5324 10-0069: si5328 probed
[    4.280058] si5324 10-0069: si5328 probe successful
[    4.284989] i2c i2c-1: Added multiplexed i2c bus 10
[    4.290017] i2c i2c-1: Added multiplexed i2c bus 11
[    4.295039] i2c i2c-1: Added multiplexed i2c bus 12
[    4.300066] i2c i2c-1: Added multiplexed i2c bus 13
[    4.304944] pca954x 1-0074: registered 8 multiplexed busses for I2C switch pca9548
[    4.313055] at24 14-0050: supply vcc not found, using dummy regulator
[    4.319842] at24 14-0050: 256 byte 24c02 EEPROM, writable, 1 bytes/write
[    4.326588] i2c i2c-1: Added multiplexed i2c bus 14
[    4.331631] i2c i2c-1: Added multiplexed i2c bus 15
[    4.336664] i2c i2c-1: Added multiplexed i2c bus 16
[    4.341696] i2c i2c-1: Added multiplexed i2c bus 17
[    4.346732] i2c i2c-1: Added multiplexed i2c bus 18
[    4.351776] i2c i2c-1: Added multiplexed i2c bus 19
[    4.356815] i2c i2c-1: Added multiplexed i2c bus 20
[    4.361857] i2c i2c-1: Added multiplexed i2c bus 21
[    4.366737] pca954x 1-0075: registered 8 multiplexed busses for I2C switch pca9548
[    4.374346] cdns-i2c ff030000.i2c: 400 kHz mmio ff030000 irq 33
[    4.384084] cdns-wdt fd4d0000.watchdog: Xilinx Watchdog Timer with timeout 60s
[    4.393130] axi_adxcvr 84a60000.axi-adxcvr-rx: adxcvr_enforce_settings: Using QPLL without access, assuming desired Lane rate will be configured by a different instance
[    4.409766] axi_adxcvr 84a60000.axi-adxcvr-rx: AXI-ADXCVR-RX (17.05.a) using QPLL on GTH4 at 0x84A60000. Number of lanes: 4.
[    4.421912] axi_adxcvr 84b60000.axi-adxcvr-tx: AXI-ADXCVR-TX (17.05.a) using QPLL on GTH4 at 0x84B60000. Number of lanes: 4.
[    4.425848] mmc0: SDHCI controller on ff170000.mmc [ff170000.mmc] using ADMA 64-bit
[    4.433556] axi-jesd204-rx 84a90000.axi-jesd204-rx: AXI-JESD204-RX (1.07.a) at 0x84A90000. Encoder 8b10b, width 4/4, lanes 4, jesd204-fsm.
[    4.453588] axi-jesd204-tx 84b90000.axi-jesd204-tx: AXI-JESD204-TX (1.06.a) at 0x84B90000. Encoder 8b10b, width 4/4, lanes 4, jesd204-fsm.
[    4.467108] zynqmp-display fd4a0000.display: vtc bridge property not present
[    4.473470] mmc0: new high speed SDHC card at address 0001
[    4.476744] xilinx-dp-snd-codec fd4a0000.display:zynqmp_dp_snd_codec0: Failed to get required clock freq
[    4.479988] mmcblk0: mmc0:0001 EB1QT 29.8 GiB 
[    4.489107] xilinx-dp-snd-codec: probe of fd4a0000.display:zynqmp_dp_snd_codec0 failed with error -22
[    4.503085] xilinx-dp-snd-pcm zynqmp_dp_snd_pcm0: Xilinx DisplayPort Sound PCM probed
[    4.503577]  mmcblk0: p1 p2 p3
[    4.511259] xilinx-dp-snd-pcm zynqmp_dp_snd_pcm1: Xilinx DisplayPort Sound PCM probed
[    4.522168] OF: graph: no port node found in /axi/display@fd4a0000
[    4.528581] xlnx-drm xlnx-drm.0: bound fd4a0000.display (ops 0xffffffc010fcbdb8)
[    5.615718] zynqmp-display fd4a0000.display: [drm] Cannot find any crtc or sizes
[    5.623353] [drm] Initialized xlnx 1.0.0 20130509 for fd4a0000.display on minor 0
[    5.630843] zynqmp-display fd4a0000.display: ZynqMP DisplayPort Subsystem driver probed
[    5.639151] ahci-ceva fd0c0000.ahci: supply ahci not found, using dummy regulator
[    5.646691] ahci-ceva fd0c0000.ahci: supply phy not found, using dummy regulator
[    5.654146] ahci-ceva fd0c0000.ahci: supply target not found, using dummy regulator
[    5.661981] ahci-ceva fd0c0000.ahci: AHCI 0001.0301 32 slots 2 ports 6 Gbps 0x3 impl platform mode
[    5.670932] ahci-ceva fd0c0000.ahci: flags: 64bit ncq sntf pm clo only pmp fbs pio slum part ccc sds apst 
[    5.681632] scsi host0: ahci-ceva
[    5.685213] scsi host1: ahci-ceva
[    5.688653] ata1: SATA max UDMA/133 mmio [mem 0xfd0c0000-0xfd0c1fff] port 0x100 irq 45
[    5.696567] ata2: SATA max UDMA/133 mmio [mem 0xfd0c0000-0xfd0c1fff] port 0x180 irq 45
[    5.705171] ad9081 spi1.0: supply vdd not found, using dummy regulator
[    6.017923] ata2: SATA link down (SStatus 0 SControl 330)
[    6.023333] ata1: SATA link down (SStatus 0 SControl 330)
[    6.699722] zynqmp-display fd4a0000.display: [drm] Cannot find any crtc or sizes
[    6.857409] ad9081 spi1.0: Invalid param passed., "ref_clk_hz < 100000000ULL" in adi_ad9081_device_clk_config_set(...), line554 in drivers/iio/adc/ad9081/adi_ad9081_device.c
[    7.543320] ad9081 spi1.0: AD9081 Rev. 2 Grade 10 (API 1.2.2) probed
[    7.550517] xhci-hcd xhci-hcd.1.auto: xHCI Host Controller
[    7.556012] xhci-hcd xhci-hcd.1.auto: new USB bus registered, assigned bus number 1
[    7.563760] xhci-hcd xhci-hcd.1.auto: hcc params 0x0238f625 hci version 0x100 quirks 0x0000000002010810
[    7.573170] xhci-hcd xhci-hcd.1.auto: irq 59, io mem 0xfe200000
[    7.579270] usb usb1: New USB device found, idVendor=1d6b, idProduct=0002, bcdDevice= 5.10
[    7.587531] usb usb1: New USB device strings: Mfr=3, Product=2, SerialNumber=1
[    7.594748] usb usb1: Product: xHCI Host Controller
[    7.599615] usb usb1: Manufacturer: Linux 5.10.0-98103-g2aa7ac113716 xhci-hcd
[    7.606745] usb usb1: SerialNumber: xhci-hcd.1.auto
[    7.611921] hub 1-0:1.0: USB hub found
[    7.615676] hub 1-0:1.0: 1 port detected
[    7.619785] xhci-hcd xhci-hcd.1.auto: xHCI Host Controller
[    7.625271] xhci-hcd xhci-hcd.1.auto: new USB bus registered, assigned bus number 2
[    7.632924] xhci-hcd xhci-hcd.1.auto: Host supports USB 3.0 SuperSpeed
[    7.639544] usb usb2: New USB device found, idVendor=1d6b, idProduct=0003, bcdDevice= 5.10
[    7.647802] usb usb2: New USB device strings: Mfr=3, Product=2, SerialNumber=1
[    7.655020] usb usb2: Product: xHCI Host Controller
[    7.659890] usb usb2: Manufacturer: Linux 5.10.0-98103-g2aa7ac113716 xhci-hcd
[    7.667015] usb usb2: SerialNumber: xhci-hcd.1.auto
[    7.672128] hub 2-0:1.0: USB hub found
[    7.675886] hub 2-0:1.0: 1 port detected
[    7.706001] cf_axi_adc 84a10000.axi-ad9081-rx-hpc: ADI AIM (10.01.b) at 0x84A10000 mapped to 0x(____ptrval____), probed ADC AD9081 as MASTER
[    7.736542] cf_axi_dds 84b10000.axi-ad9081-tx-hpc: Analog Devices CF_AXI_DDS_DDS MASTER (9.01.b) at 0x84B10000 mapped to 0x(____ptrval____), probed DDS AD9081
[    7.750736] jesd204: /axi/spi@ff040000/ad9081@0,jesd204:0,parent=spi1.0: JESD204[2] transition initialized -> probed
[    7.761253] jesd204: /axi/spi@ff040000/ad9081@0,jesd204:0,parent=spi1.0: JESD204[0] transition initialized -> probed
[    7.771777] jesd204: /axi/spi@ff040000/ad9081@0,jesd204:0,parent=spi1.0: JESD204[2] transition probed -> idle
[    7.781684] jesd204: /axi/spi@ff040000/ad9081@0,jesd204:0,parent=spi1.0: JESD204[0] transition probed -> idle
[    7.791602] jesd204: /axi/spi@ff040000/ad9081@0,jesd204:0,parent=spi1.0: JESD204[2] transition idle -> device_init
[    7.801943] jesd204: /axi/spi@ff040000/ad9081@0,jesd204:0,parent=spi1.0: JESD204[0] transition idle -> device_init
[    7.812294] jesd204: /axi/spi@ff040000/ad9081@0,jesd204:0,parent=spi1.0: JESD204[2] transition device_init -> link_init
[    7.823072] jesd204: /axi/spi@ff040000/ad9081@0,jesd204:0,parent=spi1.0: JESD204[0] transition device_init -> link_init
[    7.833863] jesd204: /axi/spi@ff040000/ad9081@0,jesd204:0,parent=spi1.0: JESD204[2] transition link_init -> link_supported
[    7.844900] jesd204: /axi/spi@ff040000/ad9081@0,jesd204:0,parent=spi1.0: JESD204[0] transition link_init -> link_supported
[    7.856307] hmc7044 spi2.0: hmc7044_jesd204_link_pre_setup: Link2 forcing continuous SYSREF mode
[    7.865516] jesd204: /axi/spi@ff040000/ad9081@0,jesd204:0,parent=spi1.0: JESD204[2] transition link_supported -> link_pre_setup
[    7.876993] jesd204: /axi/spi@ff040000/ad9081@0,jesd204:0,parent=spi1.0: JESD204[0] transition link_supported -> link_pre_setup
[    7.900841] jesd204: /axi/spi@ff040000/ad9081@0,jesd204:0,parent=spi1.0: JESD204[2] transition link_pre_setup -> clk_sync_stage1
[    7.912413] jesd204: /axi/spi@ff040000/ad9081@0,jesd204:0,parent=spi1.0: JESD204[0] transition link_pre_setup -> clk_sync_stage1
[    7.923979] jesd204: /axi/spi@ff040000/ad9081@0,jesd204:0,parent=spi1.0: JESD204[2] transition clk_sync_stage1 -> clk_sync_stage2
[    7.935624] jesd204: /axi/spi@ff040000/ad9081@0,jesd204:0,parent=spi1.0: JESD204[0] transition clk_sync_stage1 -> clk_sync_stage2
[    7.947276] jesd204: /axi/spi@ff040000/ad9081@0,jesd204:0,parent=spi1.0: JESD204[2] transition clk_sync_stage2 -> clk_sync_stage3
[    7.958920] jesd204: /axi/spi@ff040000/ad9081@0,jesd204:0,parent=spi1.0: JESD204[0] transition clk_sync_stage2 -> clk_sync_stage3
[    7.972593] jesd204: /axi/spi@ff040000/ad9081@0,jesd204:0,parent=spi1.0: JESD204[2] transition clk_sync_stage3 -> link_setup
[    7.983810] jesd204: /axi/spi@ff040000/ad9081@0,jesd204:0,parent=spi1.0: JESD204[0] transition clk_sync_stage3 -> link_setup
[    7.999803] jesd204: /axi/spi@ff040000/ad9081@0,jesd204:0,parent=spi1.0: JESD204[2] transition link_setup -> opt_setup_stage1
[    8.011107] jesd204: /axi/spi@ff040000/ad9081@0,jesd204:0,parent=spi1.0: JESD204[0] transition link_setup -> opt_setup_stage1
[    8.027445] jesd204: /axi/spi@ff040000/ad9081@0,jesd204:0,parent=spi1.0: JESD204[2] transition opt_setup_stage1 -> opt_setup_stage2
[    8.039266] jesd204: /axi/spi@ff040000/ad9081@0,jesd204:0,parent=spi1.0: JESD204[0] transition opt_setup_stage1 -> opt_setup_stage2
[    8.051237] jesd204: /axi/spi@ff040000/ad9081@0,jesd204:0,parent=spi1.0: JESD204[2] transition opt_setup_stage2 -> opt_setup_stage3
[    8.063057] jesd204: /axi/spi@ff040000/ad9081@0,jesd204:0,parent=spi1.0: JESD204[0] transition opt_setup_stage2 -> opt_setup_stage3
[    8.074886] jesd204: /axi/spi@ff040000/ad9081@0,jesd204:0,parent=spi1.0: JESD204[2] transition opt_setup_stage3 -> opt_setup_stage4
[    8.086707] jesd204: /axi/spi@ff040000/ad9081@0,jesd204:0,parent=spi1.0: JESD204[0] transition opt_setup_stage3 -> opt_setup_stage4
[    8.098535] jesd204: /axi/spi@ff040000/ad9081@0,jesd204:0,parent=spi1.0: JESD204[2] transition opt_setup_stage4 -> opt_setup_stage5
[    8.110357] jesd204: /axi/spi@ff040000/ad9081@0,jesd204:0,parent=spi1.0: JESD204[0] transition opt_setup_stage4 -> opt_setup_stage5
[    8.128353] jesd204: /axi/spi@ff040000/ad9081@0,jesd204:0,parent=spi1.0: JESD204[2] transition opt_setup_stage5 -> clocks_enable
[    8.139918] jesd204: /axi/spi@ff040000/ad9081@0,jesd204:0,parent=spi1.0: JESD204[0] transition opt_setup_stage5 -> clocks_enable
[    8.151540] jesd204: /axi/spi@ff040000/ad9081@0,jesd204:0,parent=spi1.0: JESD204[2] transition clocks_enable -> link_enable
[    8.162668] jesd204: /axi/spi@ff040000/ad9081@0,jesd204:0,parent=spi1.0: JESD204[0] transition clocks_enable -> link_enable
[    8.195942] ad9081 spi1.0: JESD RX (JTX) Link2 in DATA, SYNC deasserted, PLL locked, PHASE established, MODE valid
[    8.206543] ad9081 spi1.0: JESD TX (JRX) Link0 0xF lanes in DATA
[    8.212553] jesd204: /axi/spi@ff040000/ad9081@0,jesd204:0,parent=spi1.0: JESD204[2] transition link_enable -> link_running
[    8.223592] jesd204: /axi/spi@ff040000/ad9081@0,jesd204:0,parent=spi1.0: JESD204[0] transition link_enable -> link_running
[    8.234640] jesd204: /axi/spi@ff040000/ad9081@0,jesd204:0,parent=spi1.0: JESD204[2] transition link_running -> opt_post_running_stage
[    8.246637] jesd204: /axi/spi@ff040000/ad9081@0,jesd204:0,parent=spi1.0: JESD204[0] transition link_running -> opt_post_running_stage
[    8.267882] input: gpio-keys as /devices/platform/gpio-keys/input/input0
[    8.274898] of_cfs_init
[    8.277367] of_cfs_init: OK
[    8.280307] cfg80211: Loading compiled-in X.509 certificates for regulatory database
[    8.418374] cfg80211: Loaded X.509 cert 'sforshee: 00b28ddf47aef9cea7'
[    8.424899] clk: Not disabling unused clocks
[    8.429432] ALSA device list:
[    8.432392]   No soundcards found.
[    8.436051] platform regulatory.0: Direct firmware load for regulatory.db failed with error -2
[    8.444664] cfg80211: failed to load regulatory.db
[    8.459915] EXT4-fs (mmcblk0p2): mounted filesystem with ordered data mode. Opts: (null)
[    8.468032] VFS: Mounted root (ext4 filesystem) on device 179:2.
[    8.481164] devtmpfs: mounted
[    8.485014] Freeing unused kernel memory: 2560K
[    8.499756] Run /sbin/init as init process
[    8.503853]   with arguments:
[    8.503856]     /sbin/init
[    8.503858]   with environment:
[    8.503860]     HOME=/
[    8.503862]     TERM=linux
[    9.067427] systemd[1]: systemd 241 running in system mode. (+PAM +AUDIT +SELINUX +IMA +APPARMOR +SMACK +SYSVINIT +UTMP +LIBCRYPTSETUP +GCRYPT +GNUTLS +ACL +XZ +LZ4 +SECCOMP +BLKID +ELFUTILS +KMOD -IDN2 +IDN -PCRE2 default-hierarchy=hybrid)
[    9.089279] systemd[1]: Detected architecture arm64.
[    9.112410] systemd[1]: Set hostname to <analog>.
[    9.321914] systemd[1]: File /lib/systemd/system/systemd-journald.service:12 configures an IP firewall (IPAddressDeny=any), but the local system does not support BPF/cgroup based firewalling.
[    9.339031] systemd[1]: Proceeding WITHOUT firewalling in effect! (This warning is only shown for the first loaded unit using IP firewalling.)
[    9.502039] systemd[1]: /etc/systemd/system/tof-server.service:1: Assignment outside of section. Ignoring.
[    9.511772] systemd[1]: /etc/systemd/system/tof-server.service:2: Assignment outside of section. Ignoring.
[    9.694341] random: systemd: uninitialized urandom read (16 bytes read)
[    9.708963] random: systemd: uninitialized urandom read (16 bytes read)
[    9.716032] systemd[1]: Created slice User and Session Slice.
[    9.739778] random: systemd: uninitialized urandom read (16 bytes read)
[    9.746693] systemd[1]: Listening on Syslog Socket.
[    9.764122] systemd[1]: Listening on Journal Socket.
[   10.370366] ------------[ cut here ]------------
[   10.370375] Enabling unprepared \xa0\xb9F\x88\xff\xff\xff0F\x88\xff\xff\xff
[   10.370422] WARNING: CPU: 0 PID: 112 at drivers/clk/clk.c:1012 clk_core_enable+0xa4/0xc0
[   10.370425] Modules linked in:
[   10.370436] CPU: 0 PID: 112 Comm: kworker/0:1H Not tainted 5.10.0-98103-g2aa7ac113716 #5577
[   10.370439] Hardware name: ZynqMP ZCU102 Rev1.0 (DT)
[   10.370449] Workqueue: kblockd blk_mq_run_work_fn
[   10.370456] pstate: 80000085 (Nzcv daIf -PAN -UAO -TCO BTYPE=--)
[   10.370462] pc : clk_core_enable+0xa4/0xc0
[   10.370467] lr : clk_core_enable+0xa4/0xc0
[   10.370470] sp : ffffffc01278b2d0
[   10.370473] x29: ffffffc01278b2d0 x28: ffffff8800330c10 
[   10.370479] x27: ffffff8800330d48 x26: 0000005000000101 
[   10.370486] x25: 00000002642dfa44 x24: 0000000000000001 
[   10.370493] x23: ffffff8801110900 x22: ffffff8801083220 
[   10.370499] x21: ffffff8801463000 x20: ffffff8801463008 
[   10.370506] x19: ffffff8801463008 x18: 0000000000000030 
[   10.370512] x17: 0000000000000002 x16: 0000b04cccda911c 
[   10.370519] x15: ffffffffffff87b0 x14: ffffffc011d3b1a0 
[   10.370525] x13: ffffffc011d3b1c8 x12: 00000000000005eb 
[   10.370532] x11: 00000000000001f9 x10: ffffffc011d671c8 
[   10.370538] x9 : 00000000fffff800 x8 : ffffffc011d3b1c8 
[   10.370545] x7 : ffffffc011d671c8 x6 : 0000000000000001 
[   10.370551] x5 : ffffff887f7669e0 x4 : 0000000000000000 
[   10.370557] x3 : 0000000000000027 x2 : 0000000000000023 
[   10.370564] x1 : b97fb2059ed30300 x0 : 0000000000000000 
[   10.370570] Call trace:
[   10.370576]  clk_core_enable+0xa4/0xc0
[   10.370581]  clk_enable+0x2c/0x60
[   10.370588]  zynqmp_runtime_resume+0x24/0x84
[   10.370594]  pm_generic_runtime_resume+0x30/0x50
[   10.370600]  __genpd_runtime_resume+0x30/0xb0
[   10.370606]  genpd_runtime_resume+0x90/0x250
[   10.370612]  __rpm_callback+0x10c/0x1e0
[   10.370618]  rpm_callback+0x5c/0x84
[   10.370622]  rpm_resume+0x4a4/0x74c
[   10.370628]  __pm_runtime_resume+0x78/0xc4
[   10.370632]  spi_mem_access_start.isra.0+0x30/0x80
[   10.370636]  spi_mem_exec_op+0x3b0/0x424
[   10.370641]  spi_nor_read_sr+0x78/0xe0
[   10.370646]  spi_nor_wait_till_ready_with_timeout+0xb4/0x2f0
[   10.370651]  spi_nor_read+0x188/0x380
[   10.370656]  mtd_read_oob_std+0x78/0x84
[   10.370660]  mtd_read_oob+0x7c/0x134
[   10.370664]  mtd_read+0x48/0x7c
[   10.370670]  mtdblock_readsect+0x6c/0x150
[   10.370675]  mtd_queue_rq+0x2cc/0x5a0
[   10.370681]  blk_mq_dispatch_rq_list+0x110/0x790
[   10.370687]  __blk_mq_do_dispatch_sched+0x200/0x274
[   10.370692]  __blk_mq_sched_dispatch_requests+0x1a8/0x1fc
[   10.370698]  blk_mq_sched_dispatch_requests+0x3c/0x7c
[   10.370703]  __blk_mq_run_hw_queue+0x98/0x100
[   10.370707]  blk_mq_run_work_fn+0x24/0x30
[   10.370713]  process_one_work+0x1d4/0x380
[   10.370717]  worker_thread+0x78/0x4e0
[   10.370723]  kthread+0x124/0x130
[   10.370728]  ret_from_fork+0x10/0x3c
[   10.370732] ---[ end trace 7a684afe1e5fa8eb ]---
[   10.370740] zynqmp-qspi ff0f0000.spi: Cannot enable APB clock.
[   10.370790] spi_master spi0: Failed to power device: -108
[   10.370800] blk_update_request: I/O error, dev mtdblock0, sector 8 op 0x0:(READ) flags 0x80700 phys_seg 1 prio class 0
[   10.370869] spi_master spi0: Failed to power device: -22
[   10.370876] blk_update_request: I/O error, dev mtdblock0, sector 8 op 0x0:(READ) flags 0x0 phys_seg 8 prio class 0
[   10.370881] Buffer I/O error on dev mtdblock0, logical block 8, async page read
[   10.370891] spi_master spi0: Failed to power device: -22
[   10.370896] blk_update_request: I/O error, dev mtdblock0, sector 9 op 0x0:(READ) flags 0x0 phys_seg 7 prio class 0
[   10.370900] Buffer I/O error on dev mtdblock0, logical block 9, async page read
[   10.370907] spi_master spi0: Failed to power device: -22
[   10.370913] blk_update_request: I/O error, dev mtdblock0, sector 10 op 0x0:(READ) flags 0x0 phys_seg 6 prio class 0
[   10.370916] Buffer I/O error on dev mtdblock0, logical block 10, async page read
[   10.370924] spi_master spi0: Failed to power device: -22
[   10.370929] blk_update_request: I/O error, dev mtdblock0, sector 11 op 0x0:(READ) flags 0x0 phys_seg 5 prio class 0
[   10.370933] Buffer I/O error on dev mtdblock0, logical block 11, async page read
[   10.370940] spi_master spi0: Failed to power device: -22
[   10.370945] blk_update_request: I/O error, dev mtdblock0, sector 12 op 0x0:(READ) flags 0x0 phys_seg 4 prio class 0
[   10.370949] Buffer I/O error on dev mtdblock0, logical block 12, async page read
[   10.370956] spi_master spi0: Failed to power device: -22
[   10.370962] blk_update_request: I/O error, dev mtdblock0, sector 13 op 0x0:(READ) flags 0x0 phys_seg 3 prio class 0
[   10.370966] Buffer I/O error on dev mtdblock0, logical block 13, async page read
[   10.370972] spi_master spi0: Failed to power device: -22
[   10.370978] blk_update_request: I/O error, dev mtdblock0, sector 14 op 0x0:(READ) flags 0x0 phys_seg 2 prio class 0
[   10.370982] Buffer I/O error on dev mtdblock0, logical block 14, async page read
[   10.370988] spi_master spi0: Failed to power device: -22
[   10.370994] blk_update_request: I/O error, dev mtdblock0, sector 15 op 0x0:(READ) flags 0x0 phys_seg 1 prio class 0
[   10.370998] Buffer I/O error on dev mtdblock0, logical block 15, async page read
[   10.371288] spi_master spi0: Failed to power device: -22
[   10.371295] blk_update_request: I/O error, dev mtdblock1, sector 10112 op 0x0:(READ) flags 0x80700 phys_seg 1 prio class 0
[   10.371339] spi_master spi0: Failed to power device: -22
[   10.371345] Buffer I/O error on dev mtdblock1, logical block 10112, async page read
[   10.371353] spi_master spi0: Failed to power device: -22
[   10.371357] Buffer I/O error on dev mtdblock1, logical block 10113, async page read
[   10.371365] spi_master spi0: Failed to power device: -22
[   10.371372] spi_master spi0: Failed to power device: -22
[   10.371380] spi_master spi0: Failed to power device: -22
[   10.371387] spi_master spi0: Failed to power device: -22
[   10.371394] spi_master spi0: Failed to power device: -22
[   10.371401] spi_master spi0: Failed to power device: -22
[   10.371629] spi_master spi0: Failed to power device: -22
[   10.371673] spi_master spi0: Failed to power device: -22
[   10.371683] spi_master spi0: Failed to power device: -22
[   10.371713] spi_master spi0: Failed to power device: -22
[   10.371721] spi_master spi0: Failed to power device: -22
[   10.371729] spi_master spi0: Failed to power device: -22
[   10.371736] spi_master spi0: Failed to power device: -22
[   10.371743] spi_master spi0: Failed to power device: -22
[   10.371750] spi_master spi0: Failed to power device: -22
[   10.372017] spi_master spi0: Failed to power device: -22
[   10.372062] spi_master spi0: Failed to power device: -22
[   10.372071] spi_master spi0: Failed to power device: -22
[   10.372079] spi_master spi0: Failed to power device: -22
[   10.372086] spi_master spi0: Failed to power device: -22
[   10.372094] spi_master spi0: Failed to power device: -22
[   10.372101] spi_master spi0: Failed to power device: -22
[   10.372108] spi_master spi0: Failed to power device: -22
[   10.372115] spi_master spi0: Failed to power device: -22
[   10.495483] EXT4-fs (mmcblk0p2): re-mounted. Opts: (null)
[   10.624608] systemd-journald[166]: Received request to flush runtime journal from PID 1
[   16.456994] macb ff0e0000.ethernet eth0: PHY [ff0e0000.ethernet-ffffffff:0c] driver [TI DP83867] (irq=POLL)
[   16.457008] macb ff0e0000.ethernet eth0: configuring for phy/rgmii-id link mode
[   16.827796] Adding 102396k swap on /var/swap.  Priority:-2 extents:4 across:9953604k SS
[   18.471729] random: crng init done
[   18.471738] random: 7 urandom warning(s) missed due to ratelimiting
[   19.439114] broken atomic modeset userspace detected, disabling atomic
[   20.545316] macb ff0e0000.ethernet eth0: Link is Up - 1Gbps/Full - flow control off
[   20.545341] IPv6: ADDRCONF(NETDEV_CHANGE): eth0: link becomes ready
[   22.102715] broken atomic modeset userspace detected, disabling atomic
[   24.948225] broken atomic modeset userspace detected, disabling atomic
[   27.569404] broken atomic modeset userspace detected, disabling atomic