[    0.000000] Booting Linux on physical CPU 0x0000000000 [0x410fd034]
[    0.000000] Linux version 5.10.0-98103-g2aa7ac113716 (jenkins@romlxbuild1.adlk.analog.com) (aarch64-xilinx-linux-gcc.real (GCC) 10.2.0, GNU ld (GNU Binutils) 2.35.0.20200730) #5577 SMP Wed Mar 23 07:28:49 GMT 2022
[    0.000000] Machine model: ZynqMP ZCU102 Rev1.0
[    0.000000] earlycon: cdns0 at MMIO 0x00000000ff000000 (options '115200n8')
[    0.000000] printk: bootconsole [cdns0] enabled
[    0.000000] efi: UEFI not found.
[    0.000000] cma: Reserved 256 MiB at 0x0000000070000000
[    0.000000] Zone ranges:
[    0.000000]   DMA      [mem 0x0000000000000000-0x000000003fffffff]
[    0.000000]   DMA32    [mem 0x0000000040000000-0x00000000ffffffff]
[    0.000000]   Normal   [mem 0x0000000100000000-0x000000087fffffff]
[    0.000000] Movable zone start for each node
[    0.000000] Early memory node ranges
[    0.000000]   node   0: [mem 0x0000000000000000-0x000000007fffffff]
[    0.000000]   node   0: [mem 0x0000000800000000-0x000000087fffffff]
[    0.000000] Initmem setup node 0 [mem 0x0000000000000000-0x000000087fffffff]
[    0.000000] On node 0 totalpages: 1048576
[    0.000000]   DMA zone: 3584 pages used for memmap
[    0.000000]   DMA zone: 0 pages reserved
[    0.000000]   DMA zone: 262144 pages, LIFO batch:63
[    0.000000]   DMA32 zone: 3584 pages used for memmap
[    0.000000]   DMA32 zone: 262144 pages, LIFO batch:63
[    0.000000]   Normal zone: 7168 pages used for memmap
[    0.000000]   Normal zone: 524288 pages, LIFO batch:63
[    0.000000] psci: probing for conduit method from DT.
[    0.000000] psci: PSCIv1.1 detected in firmware.
[    0.000000] psci: Using standard PSCI v0.2 function IDs
[    0.000000] psci: MIGRATE_INFO_TYPE not supported.
[    0.000000] psci: SMC Calling Convention v1.2
[    0.000000] percpu: Embedded 22 pages/cpu s49496 r8192 d32424 u90112
[    0.000000] pcpu-alloc: s49496 r8192 d32424 u90112 alloc=22*4096
[    0.000000] pcpu-alloc: [0] 0 [0] 1 [0] 2 [0] 3 
[    0.000000] Detected VIPT I-cache on CPU0
[    0.000000] CPU features: detected: ARM erratum 845719
[    0.000000] Built 1 zonelists, mobility grouping on.  Total pages: 1034240
[    0.000000] Kernel command line: console=ttyPS0,115200 root=/dev/mmcblk0p2 rw earlycon rootfstype=ext4 rootwait clk_ignore_unused cpuidle.off=1 root=/dev/mmcblk0p2 rw rootwait
[    0.000000] Dentry cache hash table entries: 524288 (order: 10, 4194304 bytes, linear)
[    0.000000] Inode-cache hash table entries: 262144 (order: 9, 2097152 bytes, linear)
[    0.000000] mem auto-init: stack:off, heap alloc:off, heap free:off
[    0.000000] software IO TLB: mapped [mem 0x000000003bfff000-0x000000003ffff000] (64MB)
[    0.000000] Memory: 3761904K/4194304K available (15296K kernel code, 1636K rwdata, 11876K rodata, 2560K init, 507K bss, 170256K reserved, 262144K cma-reserved)
[    0.000000] rcu: Hierarchical RCU implementation.
[    0.000000] rcu: 	RCU event tracing is enabled.
[    0.000000] rcu: 	RCU restricting CPUs from NR_CPUS=8 to nr_cpu_ids=4.
[    0.000000] rcu: RCU calculated value of scheduler-enlistment delay is 25 jiffies.
[    0.000000] rcu: Adjusting geometry for rcu_fanout_leaf=16, nr_cpu_ids=4
[    0.000000] NR_IRQS: 64, nr_irqs: 64, preallocated irqs: 0
[    0.000000] GIC: Adjusting CPU interface base to 0x00000000f902f000
[    0.000000] GIC: Using split EOI/Deactivate mode
[    0.000000] random: get_random_bytes called from start_kernel+0x31c/0x54c with crng_init=0
[    0.000000] arch_timer: cp15 timer(s) running at 100.00MHz (phys).
[    0.000000] clocksource: arch_sys_counter: mask: 0xffffffffffffff max_cycles: 0x171024e7e0, max_idle_ns: 440795205315 ns
[    0.000003] sched_clock: 56 bits at 100MHz, resolution 10ns, wraps every 4398046511100ns
[    0.008464] Console: colour dummy device 80x25
[    0.012483] Calibrating delay loop (skipped), value calculated using timer frequency.. 200.00 BogoMIPS (lpj=400000)
[    0.022840] pid_max: default: 32768 minimum: 301
[    0.027550] Mount-cache hash table entries: 8192 (order: 4, 65536 bytes, linear)
[    0.034789] Mountpoint-cache hash table entries: 8192 (order: 4, 65536 bytes, linear)
[    0.043395] rcu: Hierarchical SRCU implementation.
[    0.047560] EFI services will not be available.
[    0.051938] smp: Bringing up secondary CPUs ...
[    0.056657] Detected VIPT I-cache on CPU1
[    0.056695] CPU1: Booted secondary processor 0x0000000001 [0x410fd034]
[    0.057061] Detected VIPT I-cache on CPU2
[    0.057085] CPU2: Booted secondary processor 0x0000000002 [0x410fd034]
[    0.057424] Detected VIPT I-cache on CPU3
[    0.057447] CPU3: Booted secondary processor 0x0000000003 [0x410fd034]
[    0.057493] smp: Brought up 1 node, 4 CPUs
[    0.091780] SMP: Total of 4 processors activated.
[    0.096452] CPU features: detected: 32-bit EL0 Support
[    0.101556] CPU features: detected: CRC32 instructions
[    0.106696] CPU: All CPU(s) started at EL2
[    0.110736] alternatives: patching kernel code
[    0.116167] devtmpfs: initialized
[    0.124058] Registered cp15_barrier emulation handler
[    0.124108] Registered setend emulation handler
[    0.128082] clocksource: jiffies: mask: 0xffffffff max_cycles: 0xffffffff, max_idle_ns: 7645041785100000 ns
[    0.137662] futex hash table entries: 1024 (order: 4, 65536 bytes, linear)
[    0.151015] pinctrl core: initialized pinctrl subsystem
[    0.151654] NET: Registered protocol family 16
[    0.156083] DMA: preallocated 512 KiB GFP_KERNEL pool for atomic allocations
[    0.162098] DMA: preallocated 512 KiB GFP_KERNEL|GFP_DMA pool for atomic allocations
[    0.169827] DMA: preallocated 512 KiB GFP_KERNEL|GFP_DMA32 pool for atomic allocations
[    0.177628] audit: initializing netlink subsys (disabled)
[    0.183078] audit: type=2000 audit(0.116:1): state=initialized audit_enabled=0 res=1
[    0.183422] hw-breakpoint: found 6 breakpoint and 4 watchpoint registers.
[    0.197455] ASID allocator initialised with 65536 entries
[    0.224295] HugeTLB registered 1.00 GiB page size, pre-allocated 0 pages
[    0.225351] HugeTLB registered 32.0 MiB page size, pre-allocated 0 pages
[    0.232022] HugeTLB registered 2.00 MiB page size, pre-allocated 0 pages
[    0.238682] HugeTLB registered 64.0 KiB page size, pre-allocated 0 pages
[    1.304246] DRBG: Continuing without Jitter RNG
[    1.382075] raid6: neonx8   gen()  2142 MB/s
[    1.450123] raid6: neonx8   xor()  1600 MB/s
[    1.518184] raid6: neonx4   gen()  2198 MB/s
[    1.586235] raid6: neonx4   xor()  1568 MB/s
[    1.654304] raid6: neonx2   gen()  2076 MB/s
[    1.722347] raid6: neonx2   xor()  1439 MB/s
[    1.790414] raid6: neonx1   gen()  1772 MB/s
[    1.858458] raid6: neonx1   xor()  1220 MB/s
[    1.926516] raid6: int64x8  gen()  1438 MB/s
[    1.994572] raid6: int64x8  xor()   771 MB/s
[    2.062638] raid6: int64x4  gen()  1599 MB/s
[    2.130689] raid6: int64x4  xor()   819 MB/s
[    2.198760] raid6: int64x2  gen()  1397 MB/s
[    2.266808] raid6: int64x2  xor()   750 MB/s
[    2.334892] raid6: int64x1  gen()  1034 MB/s
[    2.402945] raid6: int64x1  xor()   517 MB/s
[    2.402984] raid6: using algorithm neonx4 gen() 2198 MB/s
[    2.406935] raid6: .... xor() 1568 MB/s, rmw enabled
[    2.411866] raid6: using neon recovery algorithm
[    2.416878] iommu: Default domain type: Translated 
[    2.421490] SCSI subsystem initialized
[    2.425035] libata version 3.00 loaded.
[    2.425160] usbcore: registered new interface driver usbfs
[    2.430492] usbcore: registered new interface driver hub
[    2.435765] usbcore: registered new device driver usb
[    2.440900] mc: Linux media interface: v0.10
[    2.445013] videodev: Linux video capture interface: v2.00
[    2.450505] EDAC MC: Ver: 3.0.0
[    2.453945] zynqmp-ipi-mbox mailbox@ff990400: Registered ZynqMP IPI mbox with TX/RX channels.
[    2.462445] jesd204: created con: id=0, topo=0, link=0, /axi/spi@ff050000/hmc7044@0 <-> /fpga-axi@0/axi-adxcvr-tx@84b60000
[    2.473034] jesd204: created con: id=1, topo=0, link=2, /axi/spi@ff050000/hmc7044@0 <-> /fpga-axi@0/axi-adxcvr-rx@84a60000
[    2.484019] jesd204: created con: id=2, topo=0, link=0, /fpga-axi@0/axi-adxcvr-tx@84b60000 <-> /fpga-axi@0/axi-jesd204-tx@84b90000
[    2.495694] jesd204: created con: id=3, topo=0, link=2, /fpga-axi@0/axi-adxcvr-rx@84a60000 <-> /fpga-axi@0/axi-jesd204-rx@84a90000
[    2.507371] jesd204: created con: id=4, topo=0, link=0, /fpga-axi@0/axi-jesd204-tx@84b90000 <-> /fpga-axi@0/axi-ad9081-tx-hpc@84b10000
[    2.519398] jesd204: created con: id=5, topo=0, link=2, /fpga-axi@0/axi-jesd204-rx@84a90000 <-> /fpga-axi@0/axi-ad9081-rx-hpc@84a10000
[    2.531421] jesd204: created con: id=6, topo=0, link=2, /fpga-axi@0/axi-ad9081-rx-hpc@84a10000 <-> /axi/spi@ff040000/ad9081@0
[    2.542663] jesd204: created con: id=7, topo=0, link=0, /fpga-axi@0/axi-ad9081-tx-hpc@84b10000 <-> /axi/spi@ff040000/ad9081@0
[    2.553913] jesd204: /axi/spi@ff040000/ad9081@0: JESD204[2] transition uninitialized -> initialized
[    2.562899] jesd204: /axi/spi@ff040000/ad9081@0: JESD204[0] transition uninitialized -> initialized
[    2.571891] jesd204: found 8 devices and 1 topologies
[    2.576935] FPGA manager framework
[    2.580414] Advanced Linux Sound Architecture Driver Initialized.
[    2.586710] Bluetooth: Core ver 2.22
[    2.589894] NET: Registered protocol family 31
[    2.594296] Bluetooth: HCI device and connection manager initialized
[    2.600612] Bluetooth: HCI socket layer initialized
[    2.605454] Bluetooth: L2CAP socket layer initialized
[    2.610477] Bluetooth: SCO socket layer initialized
[    2.615664] clocksource: Switched to clocksource arch_sys_counter
[    2.621469] VFS: Disk quotas dquot_6.6.0
[    2.625305] VFS: Dquot-cache hash table entries: 512 (order 0, 4096 bytes)
[    2.636013] NET: Registered protocol family 2
[    2.636748] tcp_listen_portaddr_hash hash table entries: 2048 (order: 3, 32768 bytes, linear)
[    2.644947] TCP established hash table entries: 32768 (order: 6, 262144 bytes, linear)
[    2.652970] TCP bind hash table entries: 32768 (order: 7, 524288 bytes, linear)
[    2.660415] TCP: Hash tables configured (established 32768 bind 32768)
[    2.666589] UDP hash table entries: 2048 (order: 4, 65536 bytes, linear)
[    2.673257] UDP-Lite hash table entries: 2048 (order: 4, 65536 bytes, linear)
[    2.680419] NET: Registered protocol family 1
[    2.684875] RPC: Registered named UNIX socket transport module.
[    2.690493] RPC: Registered udp transport module.
[    2.695160] RPC: Registered tcp transport module.
[    2.699826] RPC: Registered tcp NFSv4.1 backchannel transport module.
[    2.706808] PCI: CLS 0 bytes, default 64
[    2.710525] hw perfevents: no interrupt-affinity property for /pmu, guessing.
[    2.717380] hw perfevents: enabled with armv8_pmuv3 PMU driver, 7 counters available
[    2.725732] Initialise system trusted keyrings
[    2.729413] workingset: timestamp_bits=62 max_order=20 bucket_order=0
[    2.736306] NFS: Registering the id_resolver key type
[    2.740754] Key type id_resolver registered
[    2.744894] Key type id_legacy registered
[    2.748885] nfs4filelayout_init: NFSv4 File Layout Driver Registering...
[    2.755550] jffs2: version 2.2. (NAND) (SUMMARY)  Â© 2001-2006 Red Hat, Inc.
[    2.798068] NET: Registered protocol family 38
[    2.798110] xor: measuring software checksum speed
[    2.805795]    8regs           :  2363 MB/sec
[    2.809464]    32regs          :  2799 MB/sec
[    2.814406]    arm64_neon      :  2380 MB/sec
[    2.814597] xor: using function: 32regs (2799 MB/sec)
[    2.819622] Key type asymmetric registered
[    2.823684] Asymmetric key parser 'x509' registered
[    2.828545] Block layer SCSI generic (bsg) driver version 0.4 loaded (major 248)
[    2.835882] io scheduler mq-deadline registered
[    2.840378] io scheduler kyber registered
[    2.869800] Serial: 8250/16550 driver, 4 ports, IRQ sharing disabled
[    2.874448] cacheinfo: Unable to detect cache hierarchy for CPU 0
[    2.880781] brd: module loaded
[    2.884918] loop: module loaded
[    2.885464] Registered mathworks_ip class
[    2.888812] libphy: Fixed MDIO Bus: probed
[    2.891806] tun: Universal TUN/TAP device driver, 1.6
[    2.895851] CAN device driver interface
[    2.900390] usbcore: registered new interface driver asix
[    2.904982] usbcore: registered new interface driver ax88179_178a
[    2.911016] usbcore: registered new interface driver cdc_ether
[    2.916811] usbcore: registered new interface driver net1080
[    2.922437] usbcore: registered new interface driver cdc_subset
[    2.928317] usbcore: registered new interface driver zaurus
[    2.933861] usbcore: registered new interface driver cdc_ncm
[    2.940273] ehci_hcd: USB 2.0 'Enhanced' Host Controller (EHCI) Driver
[    2.945946] ehci-pci: EHCI PCI platform driver
[    2.950747] usbcore: registered new interface driver uas
[    2.955673] usbcore: registered new interface driver usb-storage
[    2.961649] usbcore: registered new interface driver usbserial_generic
[    2.968101] usbserial: USB Serial support registered for generic
[    2.974074] usbcore: registered new interface driver ftdi_sio
[    2.979777] usbserial: USB Serial support registered for FTDI USB Serial Device
[    2.987052] usbcore: registered new interface driver upd78f0730
[    2.992924] usbserial: USB Serial support registered for upd78f0730
[    3.000581] rtc_zynqmp ffa60000.rtc: registered as rtc0
[    3.004349] rtc_zynqmp ffa60000.rtc: setting system clock to 2022-04-12T19:52:53 UTC (1649793173)
[    3.013212] i2c /dev entries driver
[    3.018525] usbcore: registered new interface driver uvcvideo
[    3.022325] USB Video Class driver (1.1.1)
[    3.027908] Bluetooth: HCI UART driver ver 2.3
[    3.030796] Bluetooth: HCI UART protocol H4 registered
[    3.035906] Bluetooth: HCI UART protocol BCSP registered
[    3.041195] Bluetooth: HCI UART protocol LL registered
[    3.046284] Bluetooth: HCI UART protocol ATH3K registered
[    3.051663] Bluetooth: HCI UART protocol Three-wire (H5) registered
[    3.057913] Bluetooth: HCI UART protocol Intel registered
[    3.063249] Bluetooth: HCI UART protocol QCA registered
[    3.068451] usbcore: registered new interface driver bcm203x
[    3.074073] usbcore: registered new interface driver bpa10x
[    3.079607] usbcore: registered new interface driver bfusb
[    3.085059] usbcore: registered new interface driver btusb
[    3.090522] usbcore: registered new interface driver ath3k
[    3.096005] EDAC MC: ECC not enabled
[    3.099636] EDAC DEVICE0: Giving out device to module zynqmp-ocm-edac controller zynqmp_ocm: DEV ff960000.memory-controller (INTERRUPT)
[    3.111948] sdhci: Secure Digital Host Controller Interface driver
[    3.117733] sdhci: Copyright(c) Pierre Ossman
[    3.122058] sdhci-pltfm: SDHCI platform and OF driver helper
[    3.128107] ledtrig-cpu: registered to indicate activity on CPUs
[    3.133662] SMCCC: SOC_ID: ARCH_SOC_ID not implemented, skipping ....
[    3.140094] zynqmp_firmware_probe Platform Management API v1.1
[    3.145849] zynqmp_firmware_probe Trustzone version v1.0
[    3.185400] zynqmp-pinctrl firmware:zynqmp-firmware:pinctrl: zynqmp pinctrl initialized
[    3.233321] zynqmp-aes firmware:zynqmp-firmware:zynqmp-aes: will run requests pump with realtime priority
[    3.249095] alg: No test for xilinx-keccak-384 (zynqmp-keccak-384)
[    3.249804] alg: No test for xilinx-zynqmp-rsa (zynqmp-rsa)
[    3.255316] usbcore: registered new interface driver usbhid
[    3.260703] usbhid: USB HID core driver
[    3.271936] axi_sysid 85000000.axi-sysid-0: AXI System ID core version (1.01.a) found
[    3.274283] axi_sysid 85000000.axi-sysid-0: [ad9081_fmca_ebz] on [zcu102] git branch <master> git <084d44c9780640ca93fd847b1d9ec70dd65f5c67> clean [2022-03-18 04:17:50] UTC
[    3.289971] fpga_manager fpga0: Xilinx ZynqMP FPGA Manager registered
[    3.296335] usbcore: registered new interface driver snd-usb-audio
[    3.303774] pktgen: Packet Generator for packet performance testing. Version: 2.75
[    3.309950] Initializing XFRM netlink socket
[    3.313816] NET: Registered protocol family 10
[    3.318527] Segment Routing with IPv6
[    3.321914] sit: IPv6, IPv4 and MPLS over IPv4 tunneling driver
[    3.327979] NET: Registered protocol family 17
[    3.332086] NET: Registered protocol family 15
[    3.336582] can: controller area network core
[    3.340835] NET: Registered protocol family 29
[    3.345224] can: raw protocol
[    3.348161] can: broadcast manager protocol
[    3.352316] can: netlink gateway - max_hops=1
[    3.356713] Bluetooth: RFCOMM TTY layer initialized
[    3.361489] Bluetooth: RFCOMM socket layer initialized
[    3.366601] Bluetooth: RFCOMM ver 1.11
[    3.370308] Bluetooth: BNEP (Ethernet Emulation) ver 1.3
[    3.375581] Bluetooth: BNEP filters: protocol multicast
[    3.380773] Bluetooth: BNEP socket layer initialized
[    3.385701] Bluetooth: HIDP (Human Interface Emulation) ver 1.2
[    3.391585] Bluetooth: HIDP socket layer initialized
[    3.396638] 9pnet: Installing 9P2000 support
[    3.400762] NET: Registered protocol family 36
[    3.405177] Key type dns_resolver registered
[    3.409611] registered taskstats version 1
[    3.413474] Loading compiled-in X.509 certificates
[    3.418588] Btrfs loaded, crc32c=crc32c-generic
[    3.430987] ff000000.serial: ttyPS0 at MMIO 0xff000000 (irq = 49, base_baud = 6249999) is a xuartps
[    3.440010] printk: console [ttyPS0] enabled
[    3.444305] printk: bootconsole [cdns0] disabled
[    3.453938] ff010000.serial: ttyPS1 at MMIO 0xff010000 (irq = 50, base_baud = 6249999) is a xuartps
[    3.467182] of-fpga-region fpga-full: FPGA Region probed
[    3.474134] nwl-pcie fd0e0000.pcie: host bridge /axi/pcie@fd0e0000 ranges:
[    3.481034] nwl-pcie fd0e0000.pcie:      MEM 0x00e0000000..0x00efffffff -> 0x00e0000000
[    3.489043] nwl-pcie fd0e0000.pcie:      MEM 0x0600000000..0x07ffffffff -> 0x0600000000
[    3.497107] nwl-pcie fd0e0000.pcie: Link is DOWN
[    3.501866] nwl-pcie fd0e0000.pcie: PCI host bridge to bus 0000:00
[    3.508042] pci_bus 0000:00: root bus resource [bus 00-ff]
[    3.513523] pci_bus 0000:00: root bus resource [mem 0xe0000000-0xefffffff]
[    3.520393] pci_bus 0000:00: root bus resource [mem 0x600000000-0x7ffffffff pref]
[    3.527897] pci 0000:00:00.0: [10ee:d021] type 01 class 0x060400
[    3.533952] pci 0000:00:00.0: PME# supported from D0 D1 D2 D3hot
[    3.544395] pci 0000:00:00.0: PCI bridge to [bus 01-0c]
[    3.550368] xilinx-zynqmp-dma fd500000.dma: ZynqMP DMA driver Probe success
[    3.557544] xilinx-zynqmp-dma fd510000.dma: ZynqMP DMA driver Probe success
[    3.564715] xilinx-zynqmp-dma fd520000.dma: ZynqMP DMA driver Probe success
[    3.571887] xilinx-zynqmp-dma fd530000.dma: ZynqMP DMA driver Probe success
[    3.579050] xilinx-zynqmp-dma fd540000.dma: ZynqMP DMA driver Probe success
[    3.586221] xilinx-zynqmp-dma fd550000.dma: ZynqMP DMA driver Probe success
[    3.593391] xilinx-zynqmp-dma fd560000.dma: ZynqMP DMA driver Probe success
[    3.600562] xilinx-zynqmp-dma fd570000.dma: ZynqMP DMA driver Probe success
[    3.607973] xilinx-zynqmp-dpdma fd4c0000.dma-controller: Xilinx DPDMA engine is probed
[    3.616525] ahci-ceva fd0c0000.ahci: supply ahci not found, using dummy regulator
[    3.624069] ahci-ceva fd0c0000.ahci: supply phy not found, using dummy regulator
[    3.711840] hmc7044 spi2.0: PLL1: Acquisition, CLKIN0 @ 122880000 Hz, PFD: 80 kHz - PLL2: Locked @ 3008.000000 MHz
[    3.722555] jesd204: /axi/spi@ff050000/hmc7044@0,jesd204:1,parent=spi2.0: Using as SYSREF provider
[    3.732134] spi-nor spi0.0: SPI-NOR-UniqueID 100000235394732200270025081115266e
[    3.739442] spi-nor spi0.0: found n25q512a, expected m25p80
[    3.745651] spi-nor spi0.0: trying to lock already unlocked area
[    3.751657] spi-nor spi0.0: n25q512a (131072 Kbytes)
[    3.756637] 4 fixed-partitions partitions found on MTD device spi0.0
[    3.762984] Creating 4 MTD partitions on "spi0.0":
[    3.767770] 0x000000000000-0x000000100000 : "qspi-fsbl-uboot"
[    3.774258] 0x000000100000-0x000000600000 : "qspi-linux"
[    3.780215] 0x000000600000-0x000000620000 : "qspi-device-tree"
[    3.786687] 0x000000620000-0x000000c00000 : "qspi-rootfs"
[    3.795152] macb ff0e0000.ethernet: Not enabling partial store and forward
[    3.802672] libphy: MACB_mii_bus: probed
[    3.807724] macb ff0e0000.ethernet eth0: Cadence GEM rev 0x50070106 at 0xff0e0000 irq 30 (00:0a:35:04:8e:1b)
[    3.817930] xilinx-axipmon ffa00000.perf-monitor: Probed Xilinx APM
[    3.824506] xilinx-axipmon fd0b0000.perf-monitor: Probed Xilinx APM
[    3.831021] xilinx-axipmon fd490000.perf-monitor: Probed Xilinx APM
[    3.837564] xilinx-axipmon ffa10000.perf-monitor: Probed Xilinx APM
[    3.847572] pca953x 0-0020: supply vcc not found, using dummy regulator
[    3.854258] pca953x 0-0020: using no AI
[    3.858750] gpio-496 (sel0): hogged as output/low
[    3.863649] gpio-497 (sel1): hogged as output/high
[    3.868639] gpio-498 (sel2): hogged as output/high
[    3.873624] gpio-499 (sel3): hogged as output/high
[    3.878806] pca953x 0-0021: supply vcc not found, using dummy regulator
[    3.885476] pca953x 0-0021: using no AI
[    3.891229] ina2xx 2-0040: power monitor ina226 (Rshunt = 5000 uOhm)
[    3.898257] ina2xx 2-0041: power monitor ina226 (Rshunt = 5000 uOhm)
[    3.905302] ina2xx 2-0042: power monitor ina226 (Rshunt = 5000 uOhm)
[    3.912334] ina2xx 2-0043: power monitor ina226 (Rshunt = 5000 uOhm)
[    3.919359] ina2xx 2-0044: power monitor ina226 (Rshunt = 5000 uOhm)
[    3.926383] ina2xx 2-0045: power monitor ina226 (Rshunt = 5000 uOhm)
[    3.933415] ina2xx 2-0046: power monitor ina226 (Rshunt = 5000 uOhm)
[    3.940486] ina2xx 2-0047: power monitor ina226 (Rshunt = 5000 uOhm)
[    3.947527] ina2xx 2-004a: power monitor ina226 (Rshunt = 5000 uOhm)
[    3.954556] ina2xx 2-004b: power monitor ina226 (Rshunt = 5000 uOhm)
[    3.960970] i2c i2c-0: Added multiplexed i2c bus 2
[    3.966361] random: fast init done
[    3.969834] ina2xx 3-0040: power monitor ina226 (Rshunt = 2000 uOhm)
[    3.976862] ina2xx 3-0041: power monitor ina226 (Rshunt = 5000 uOhm)
[    3.983888] ina2xx 3-0042: power monitor ina226 (Rshunt = 5000 uOhm)
[    3.990916] ina2xx 3-0043: power monitor ina226 (Rshunt = 5000 uOhm)
[    3.997946] ina2xx 3-0044: power monitor ina226 (Rshunt = 5000 uOhm)
[    4.004972] ina2xx 3-0045: power monitor ina226 (Rshunt = 5000 uOhm)
[    4.012001] ina2xx 3-0046: power monitor ina226 (Rshunt = 5000 uOhm)
[    4.019036] ina2xx 3-0047: power monitor ina226 (Rshunt = 5000 uOhm)
[    4.025436] i2c i2c-0: Added multiplexed i2c bus 3
[    4.080980] i2c i2c-0: Added multiplexed i2c bus 4
[    4.085926] i2c i2c-0: Added multiplexed i2c bus 5
[    4.090713] pca954x 0-0075: registered 4 multiplexed busses for I2C mux pca9544
[    4.098063] cdns-i2c ff020000.i2c: 400 kHz mmio ff020000 irq 32
[    4.105801] at24 6-0054: supply vcc not found, using dummy regulator
[    4.112699] at24 6-0054: 1024 byte 24c08 EEPROM, writable, 1 bytes/write
[    4.119447] i2c i2c-1: Added multiplexed i2c bus 6
[    4.125876] si5341 7-0036: Chip: 5341 Grade: 1 Rev: 1
[    4.163566] i2c i2c-1: Added multiplexed i2c bus 7
[    4.171218] si570 8-005d: registered, current frequency 300000000 Hz
[    4.177624] i2c i2c-1: Added multiplexed i2c bus 8
[    4.197408] si570 9-005d: registered, current frequency 148500000 Hz
[    4.203810] i2c i2c-1: Added multiplexed i2c bus 9
[    4.208838] si5324 10-0069: si5328 probed
[    4.276020] si5324 10-0069: si5328 probe successful
[    4.280952] i2c i2c-1: Added multiplexed i2c bus 10
[    4.285980] i2c i2c-1: Added multiplexed i2c bus 11
[    4.291005] i2c i2c-1: Added multiplexed i2c bus 12
[    4.296029] i2c i2c-1: Added multiplexed i2c bus 13
[    4.300907] pca954x 1-0074: registered 8 multiplexed busses for I2C switch pca9548
[    4.309011] at24 14-0050: supply vcc not found, using dummy regulator
[    4.315803] at24 14-0050: 256 byte 24c02 EEPROM, writable, 1 bytes/write
[    4.322550] i2c i2c-1: Added multiplexed i2c bus 14
[    4.327588] i2c i2c-1: Added multiplexed i2c bus 15
[    4.332624] i2c i2c-1: Added multiplexed i2c bus 16
[    4.337661] i2c i2c-1: Added multiplexed i2c bus 17
[    4.342696] i2c i2c-1: Added multiplexed i2c bus 18
[    4.347737] i2c i2c-1: Added multiplexed i2c bus 19
[    4.352779] i2c i2c-1: Added multiplexed i2c bus 20
[    4.357813] i2c i2c-1: Added multiplexed i2c bus 21
[    4.362691] pca954x 1-0075: registered 8 multiplexed busses for I2C switch pca9548
[    4.370300] cdns-i2c ff030000.i2c: 400 kHz mmio ff030000 irq 33
[    4.380047] cdns-wdt fd4d0000.watchdog: Xilinx Watchdog Timer with timeout 60s
[    4.389104] axi_adxcvr 84a60000.axi-adxcvr-rx: adxcvr_enforce_settings: Using QPLL without access, assuming desired Lane rate will be configured by a different instance
[    4.405742] axi_adxcvr 84a60000.axi-adxcvr-rx: AXI-ADXCVR-RX (17.05.a) using QPLL on GTH4 at 0x84A60000. Number of lanes: 4.
[    4.417895] axi_adxcvr 84b60000.axi-adxcvr-tx: AXI-ADXCVR-TX (17.05.a) using QPLL on GTH4 at 0x84B60000. Number of lanes: 4.
[    4.421849] mmc0: SDHCI controller on ff170000.mmc [ff170000.mmc] using ADMA 64-bit
[    4.437054] axi-jesd204-rx 84a90000.axi-jesd204-rx: AXI-JESD204-RX (1.07.a) at 0x84A90000. Encoder 8b10b, width 4/4, lanes 4, jesd204-fsm.
[    4.449889] axi-jesd204-tx 84b90000.axi-jesd204-tx: AXI-JESD204-TX (1.06.a) at 0x84B90000. Encoder 8b10b, width 4/4, lanes 4, jesd204-fsm.
[    4.463403] zynqmp-display fd4a0000.display: vtc bridge property not present
[    4.469426] mmc0: new high speed SDHC card at address 0001
[    4.473054] xilinx-dp-snd-codec fd4a0000.display:zynqmp_dp_snd_codec0: Failed to get required clock freq
[    4.476292] mmcblk0: mmc0:0001 EB1QT 29.8 GiB 
[    4.485419] xilinx-dp-snd-codec: probe of fd4a0000.display:zynqmp_dp_snd_codec0 failed with error -22
[    4.491066]  mmcblk0: p1 p2 p3
[    4.499408] xilinx-dp-snd-pcm zynqmp_dp_snd_pcm0: Xilinx DisplayPort Sound PCM probed
[    4.510262] xilinx-dp-snd-pcm zynqmp_dp_snd_pcm1: Xilinx DisplayPort Sound PCM probed
[    4.518472] OF: graph: no port node found in /axi/display@fd4a0000
[    4.524879] xlnx-drm xlnx-drm.0: bound fd4a0000.display (ops 0xffffffc010fcbdb8)
[    5.611679] zynqmp-display fd4a0000.display: [drm] Cannot find any crtc or sizes
[    5.619293] [drm] Initialized xlnx 1.0.0 20130509 for fd4a0000.display on minor 0
[    5.626787] zynqmp-display fd4a0000.display: ZynqMP DisplayPort Subsystem driver probed
[    5.635096] ahci-ceva fd0c0000.ahci: supply ahci not found, using dummy regulator
[    5.642637] ahci-ceva fd0c0000.ahci: supply phy not found, using dummy regulator
[    5.650093] ahci-ceva fd0c0000.ahci: supply target not found, using dummy regulator
[    5.667986] ahci-ceva fd0c0000.ahci: AHCI 0001.0301 32 slots 2 ports 6 Gbps 0x3 impl platform mode
[    5.676943] ahci-ceva fd0c0000.ahci: flags: 64bit ncq sntf pm clo only pmp fbs pio slum part ccc sds apst 
[    5.687564] scsi host0: ahci-ceva
[    5.691163] scsi host1: ahci-ceva
[    5.694592] ata1: SATA max UDMA/133 mmio [mem 0xfd0c0000-0xfd0c1fff] port 0x100 irq 45
[    5.702510] ata2: SATA max UDMA/133 mmio [mem 0xfd0c0000-0xfd0c1fff] port 0x180 irq 45
[    5.711125] ad9081 spi1.0: supply vdd not found, using dummy regulator
[    6.021878] ata2: SATA link down (SStatus 0 SControl 330)
[    6.027283] ata1: SATA link down (SStatus 0 SControl 330)
[    6.695682] zynqmp-display fd4a0000.display: [drm] Cannot find any crtc or sizes
[    7.508841] ad9081 spi1.0: AD9081 Rev. 2 Grade 10 (API 1.2.2) probed
[    7.516056] xhci-hcd xhci-hcd.1.auto: xHCI Host Controller
[    7.521552] xhci-hcd xhci-hcd.1.auto: new USB bus registered, assigned bus number 1
[    7.529302] xhci-hcd xhci-hcd.1.auto: hcc params 0x0238f625 hci version 0x100 quirks 0x0000000002010810
[    7.538719] xhci-hcd xhci-hcd.1.auto: irq 59, io mem 0xfe200000
[    7.544827] usb usb1: New USB device found, idVendor=1d6b, idProduct=0002, bcdDevice= 5.10
[    7.553085] usb usb1: New USB device strings: Mfr=3, Product=2, SerialNumber=1
[    7.560303] usb usb1: Product: xHCI Host Controller
[    7.565171] usb usb1: Manufacturer: Linux 5.10.0-98103-g2aa7ac113716 xhci-hcd
[    7.572297] usb usb1: SerialNumber: xhci-hcd.1.auto
[    7.577465] hub 1-0:1.0: USB hub found
[    7.581226] hub 1-0:1.0: 1 port detected
[    7.585330] xhci-hcd xhci-hcd.1.auto: xHCI Host Controller
[    7.590823] xhci-hcd xhci-hcd.1.auto: new USB bus registered, assigned bus number 2
[    7.598476] xhci-hcd xhci-hcd.1.auto: Host supports USB 3.0 SuperSpeed
[    7.605101] usb usb2: New USB device found, idVendor=1d6b, idProduct=0003, bcdDevice= 5.10
[    7.613361] usb usb2: New USB device strings: Mfr=3, Product=2, SerialNumber=1
[    7.620577] usb usb2: Product: xHCI Host Controller
[    7.625445] usb usb2: Manufacturer: Linux 5.10.0-98103-g2aa7ac113716 xhci-hcd
[    7.632572] usb usb2: SerialNumber: xhci-hcd.1.auto
[    7.637680] hub 2-0:1.0: USB hub found
[    7.641443] hub 2-0:1.0: 1 port detected
[    7.671486] cf_axi_adc 84a10000.axi-ad9081-rx-hpc: ADI AIM (10.01.b) at 0x84A10000 mapped to 0x(____ptrval____), probed ADC AD9081 as MASTER
[    7.704502] cf_axi_dds 84b10000.axi-ad9081-tx-hpc: Analog Devices CF_AXI_DDS_DDS MASTER (9.01.b) at 0x84B10000 mapped to 0x(____ptrval____), probed DDS AD9081
[    7.718701] jesd204: /axi/spi@ff040000/ad9081@0,jesd204:0,parent=spi1.0: JESD204[2] transition initialized -> probed
[    7.729224] jesd204: /axi/spi@ff040000/ad9081@0,jesd204:0,parent=spi1.0: JESD204[0] transition initialized -> probed
[    7.739746] jesd204: /axi/spi@ff040000/ad9081@0,jesd204:0,parent=spi1.0: JESD204[2] transition probed -> idle
[    7.749655] jesd204: /axi/spi@ff040000/ad9081@0,jesd204:0,parent=spi1.0: JESD204[0] transition probed -> idle
[    7.759570] jesd204: /axi/spi@ff040000/ad9081@0,jesd204:0,parent=spi1.0: JESD204[2] transition idle -> device_init
[    7.769913] jesd204: /axi/spi@ff040000/ad9081@0,jesd204:0,parent=spi1.0: JESD204[0] transition idle -> device_init
[    7.780263] jesd204: /axi/spi@ff040000/ad9081@0,jesd204:0,parent=spi1.0: JESD204[2] transition device_init -> link_init
[    7.791040] jesd204: /axi/spi@ff040000/ad9081@0,jesd204:0,parent=spi1.0: JESD204[0] transition device_init -> link_init
[    7.801832] jesd204: /axi/spi@ff040000/ad9081@0,jesd204:0,parent=spi1.0: JESD204[2] transition link_init -> link_supported
[    7.812870] jesd204: /axi/spi@ff040000/ad9081@0,jesd204:0,parent=spi1.0: JESD204[0] transition link_init -> link_supported
[    7.824284] hmc7044 spi2.0: hmc7044_jesd204_link_pre_setup: Link2 forcing continuous SYSREF mode
[    7.833497] jesd204: /axi/spi@ff040000/ad9081@0,jesd204:0,parent=spi1.0: JESD204[2] transition link_supported -> link_pre_setup
[    7.844971] jesd204: /axi/spi@ff040000/ad9081@0,jesd204:0,parent=spi1.0: JESD204[0] transition link_supported -> link_pre_setup
[    7.868783] jesd204: /axi/spi@ff040000/ad9081@0,jesd204:0,parent=spi1.0: JESD204[2] transition link_pre_setup -> clk_sync_stage1
[    7.880341] jesd204: /axi/spi@ff040000/ad9081@0,jesd204:0,parent=spi1.0: JESD204[0] transition link_pre_setup -> clk_sync_stage1
[    7.891905] jesd204: /axi/spi@ff040000/ad9081@0,jesd204:0,parent=spi1.0: JESD204[2] transition clk_sync_stage1 -> clk_sync_stage2
[    7.903550] jesd204: /axi/spi@ff040000/ad9081@0,jesd204:0,parent=spi1.0: JESD204[0] transition clk_sync_stage1 -> clk_sync_stage2
[    7.915208] jesd204: /axi/spi@ff040000/ad9081@0,jesd204:0,parent=spi1.0: JESD204[2] transition clk_sync_stage2 -> clk_sync_stage3
[    7.926855] jesd204: /axi/spi@ff040000/ad9081@0,jesd204:0,parent=spi1.0: JESD204[0] transition clk_sync_stage2 -> clk_sync_stage3
[    7.940527] jesd204: /axi/spi@ff040000/ad9081@0,jesd204:0,parent=spi1.0: JESD204[2] transition clk_sync_stage3 -> link_setup
[    7.951746] jesd204: /axi/spi@ff040000/ad9081@0,jesd204:0,parent=spi1.0: JESD204[0] transition clk_sync_stage3 -> link_setup
[    7.967835] jesd204: /axi/spi@ff040000/ad9081@0,jesd204:0,parent=spi1.0: JESD204[2] transition link_setup -> opt_setup_stage1
[    7.979138] jesd204: /axi/spi@ff040000/ad9081@0,jesd204:0,parent=spi1.0: JESD204[0] transition link_setup -> opt_setup_stage1
[    7.995482] jesd204: /axi/spi@ff040000/ad9081@0,jesd204:0,parent=spi1.0: JESD204[2] transition opt_setup_stage1 -> opt_setup_stage2
[    8.007304] jesd204: /axi/spi@ff040000/ad9081@0,jesd204:0,parent=spi1.0: JESD204[0] transition opt_setup_stage1 -> opt_setup_stage2
[    8.019277] jesd204: /axi/spi@ff040000/ad9081@0,jesd204:0,parent=spi1.0: JESD204[2] transition opt_setup_stage2 -> opt_setup_stage3
[    8.031097] jesd204: /axi/spi@ff040000/ad9081@0,jesd204:0,parent=spi1.0: JESD204[0] transition opt_setup_stage2 -> opt_setup_stage3
[    8.042919] jesd204: /axi/spi@ff040000/ad9081@0,jesd204:0,parent=spi1.0: JESD204[2] transition opt_setup_stage3 -> opt_setup_stage4
[    8.054738] jesd204: /axi/spi@ff040000/ad9081@0,jesd204:0,parent=spi1.0: JESD204[0] transition opt_setup_stage3 -> opt_setup_stage4
[    8.066572] jesd204: /axi/spi@ff040000/ad9081@0,jesd204:0,parent=spi1.0: JESD204[2] transition opt_setup_stage4 -> opt_setup_stage5
[    8.078395] jesd204: /axi/spi@ff040000/ad9081@0,jesd204:0,parent=spi1.0: JESD204[0] transition opt_setup_stage4 -> opt_setup_stage5
[    8.113471] axi_adxcvr 84a60000.axi-adxcvr-rx: adxcvr_clk_enable: QPLL RX buffer underflow error, status: 0x61
[    8.123456] axi_adxcvr 84a60000.axi-adxcvr-rx: adxcvr_clk_enable: QPLL RX buffer overflow error, status: 0x61
[    8.137476] jesd204: /axi/spi@ff040000/ad9081@0,jesd204:0,parent=spi1.0: JESD204[2] transition opt_setup_stage5 -> clocks_enable
[    8.149041] jesd204: /axi/spi@ff040000/ad9081@0,jesd204:0,parent=spi1.0: JESD204[0] transition opt_setup_stage5 -> clocks_enable
[    8.160658] jesd204: /axi/spi@ff040000/ad9081@0,jesd204:0,parent=spi1.0: JESD204[2] transition clocks_enable -> link_enable
[    8.171790] jesd204: /axi/spi@ff040000/ad9081@0,jesd204:0,parent=spi1.0: JESD204[0] transition clocks_enable -> link_enable
[    8.311666] axi-jesd204-rx 84a90000.axi-jesd204-rx: axi_jesd204_rx_jesd204_link_running: Link2 status failed (CGS)
[    8.322016] jesd204: /fpga-axi@0/axi-jesd204-rx@84a90000,jesd204:4,parent=84a90000.axi-jesd204-rx: JESD204[2] In link_running got error from cb: -1 (ignoring!)
[    8.431900] ad9081 spi1.0: JESD RX (JTX) Link2 in CGS, SYNC asserted, PLL locked, PHASE established, MODE valid
[    8.441991] jesd204: /axi/spi@ff040000/ad9081@0,jesd204:0,parent=spi1.0: JESD204[2] In link_running got error from cb: -1 (ignoring!)
[    8.454246] ad9081 spi1.0: JESD TX (JRX) Link0 0xF lanes in DATA
[    8.460253] jesd204: /axi/spi@ff040000/ad9081@0,jesd204:0,parent=spi1.0: JESD204[2] transition link_enable -> link_running
[    8.471291] jesd204: /axi/spi@ff040000/ad9081@0,jesd204:0,parent=spi1.0: JESD204[0] transition link_enable -> link_running
[    8.482337] jesd204: /axi/spi@ff040000/ad9081@0,jesd204:0,parent=spi1.0: JESD204[2] transition link_running -> opt_post_running_stage
[    8.494329] jesd204: /axi/spi@ff040000/ad9081@0,jesd204:0,parent=spi1.0: JESD204[0] transition link_running -> opt_post_running_stage
[    8.515543] input: gpio-keys as /devices/platform/gpio-keys/input/input0
[    8.522563] of_cfs_init
[    8.525028] of_cfs_init: OK
[    8.527969] cfg80211: Loading compiled-in X.509 certificates for regulatory database
[    8.666049] cfg80211: Loaded X.509 cert 'sforshee: 00b28ddf47aef9cea7'
[    8.672584] clk: Not disabling unused clocks
[    8.677113] ALSA device list:
[    8.680074]   No soundcards found.
[    8.683746] platform regulatory.0: Direct firmware load for regulatory.db failed with error -2
[    8.692354] cfg80211: failed to load regulatory.db
[    8.707626] EXT4-fs (mmcblk0p2): mounted filesystem with ordered data mode. Opts: (null)
[    8.715745] VFS: Mounted root (ext4 filesystem) on device 179:2.
[    8.728977] devtmpfs: mounted
[    8.732827] Freeing unused kernel memory: 2560K
[    8.751714] Run /sbin/init as init process
[    8.755812]   with arguments:
[    8.755814]     /sbin/init
[    8.755816]   with environment:
[    8.755819]     HOME=/
[    8.755821]     TERM=linux
[    9.320923] systemd[1]: systemd 241 running in system mode. (+PAM +AUDIT +SELINUX +IMA +APPARMOR +SMACK +SYSVINIT +UTMP +LIBCRYPTSETUP +GCRYPT +GNUTLS +ACL +XZ +LZ4 +SECCOMP +BLKID +ELFUTILS +KMOD -IDN2 +IDN -PCRE2 default-hierarchy=hybrid)
[    9.342783] systemd[1]: Detected architecture arm64.
[    9.364381] systemd[1]: Set hostname to <analog>.
[    9.556618] systemd[1]: File /lib/systemd/system/systemd-journald.service:12 configures an IP firewall (IPAddressDeny=any), but the local system does not support BPF/cgroup based firewalling.
[    9.573661] systemd[1]: Proceeding WITHOUT firewalling in effect! (This warning is only shown for the first loaded unit using IP firewalling.)
[    9.736647] systemd[1]: /etc/systemd/system/tof-server.service:1: Assignment outside of section. Ignoring.
[    9.746370] systemd[1]: /etc/systemd/system/tof-server.service:2: Assignment outside of section. Ignoring.
[    9.929481] random: systemd: uninitialized urandom read (16 bytes read)
[    9.944155] random: systemd: uninitialized urandom read (16 bytes read)
[    9.951362] systemd[1]: Created slice system-serial\x2dgetty.slice.
[    9.975742] random: systemd: uninitialized urandom read (16 bytes read)
[    9.982614] systemd[1]: Created slice system-getty.slice.
[   10.003757] systemd[1]: Condition check resulted in Arbitrary Executable File Formats File System Automount Point being skipped.
[   10.593557] ------------[ cut here ]------------
[   10.593566] Enabling unprepared \xa0\xf9Q\x88\xff\xff\xff\x80Q\x88\xff\xff\xff
[   10.593612] WARNING: CPU: 1 PID: 129 at drivers/clk/clk.c:1012 clk_core_enable+0xa4/0xc0
[   10.593615] Modules linked in:
[   10.593626] CPU: 1 PID: 129 Comm: kworker/1:1H Not tainted 5.10.0-98103-g2aa7ac113716 #5577
[   10.593628] Hardware name: ZynqMP ZCU102 Rev1.0 (DT)
[   10.593638] Workqueue: kblockd blk_mq_run_work_fn
[   10.593645] pstate: 80000085 (Nzcv daIf -PAN -UAO -TCO BTYPE=--)
[   10.593651] pc : clk_core_enable+0xa4/0xc0
[   10.593656] lr : clk_core_enable+0xa4/0xc0
[   10.593659] sp : ffffffc012b4b2d0
[   10.593662] x29: ffffffc012b4b2d0 x28: ffffff8800330c10 
[   10.593669] x27: ffffff8800330d48 x26: 0000005000000101 
[   10.593675] x25: 00000002717c39cc x24: 0000000000000001 
[   10.593682] x23: ffffff88010eb280 x22: ffffff8801083220 
[   10.593688] x21: ffffff8801518000 x20: ffffff8801518008 
[   10.593695] x19: ffffff8801518008 x18: 0000000000000030 
[   10.593701] x17: 0000000000000002 x16: 0000b29026732960 
[   10.593708] x15: ffffffffffff89d0 x14: ffffffc011d3b1a0 
[   10.593714] x13: ffffffc011d3b1c8 x12: 00000000000005f7 
[   10.593720] x11: 00000000000001fd x10: ffffffc011d671c8 
[   10.593727] x9 : 00000000fffff800 x8 : ffffffc011d3b1c8 
[   10.593734] x7 : ffffffc011d671c8 x6 : 0000000000000001 
[   10.593740] x5 : ffffff887f77c9e0 x4 : 0000000000000000 
[   10.593746] x3 : 0000000000000027 x2 : 0000000000000023 
[   10.593752] x1 : 685278117840c300 x0 : 0000000000000000 
[   10.593759] Call trace:
[   10.593765]  clk_core_enable+0xa4/0xc0
[   10.593770]  clk_enable+0x2c/0x60
[   10.593776]  zynqmp_runtime_resume+0x24/0x84
[   10.593783]  pm_generic_runtime_resume+0x30/0x50
[   10.593789]  __genpd_runtime_resume+0x30/0xb0
[   10.593796]  genpd_runtime_resume+0x90/0x250
[   10.593802]  __rpm_callback+0x10c/0x1e0
[   10.593807]  rpm_callback+0x5c/0x84
[   10.593812]  rpm_resume+0x4a4/0x74c
[   10.593817]  __pm_runtime_resume+0x78/0xc4
[   10.593822]  spi_mem_access_start.isra.0+0x30/0x80
[   10.593826]  spi_mem_exec_op+0x3b0/0x424
[   10.593831]  spi_nor_read_sr+0x78/0xe0
[   10.593836]  spi_nor_wait_till_ready_with_timeout+0xb4/0x2f0
[   10.593840]  spi_nor_read+0x188/0x380
[   10.593846]  mtd_read_oob_std+0x78/0x84
[   10.593850]  mtd_read_oob+0x7c/0x134
[   10.593854]  mtd_read+0x48/0x7c
[   10.593860]  mtdblock_readsect+0x6c/0x150
[   10.593865]  mtd_queue_rq+0x2cc/0x5a0
[   10.593871]  blk_mq_dispatch_rq_list+0x110/0x790
[   10.593877]  __blk_mq_do_dispatch_sched+0x200/0x274
[   10.593882]  __blk_mq_sched_dispatch_requests+0x1a8/0x1fc
[   10.593888]  blk_mq_sched_dispatch_requests+0x3c/0x7c
[   10.593893]  __blk_mq_run_hw_queue+0x98/0x100
[   10.593898]  blk_mq_run_work_fn+0x24/0x30
[   10.593903]  process_one_work+0x1d4/0x380
[   10.593907]  worker_thread+0x78/0x4e0
[   10.593913]  kthread+0x124/0x130
[   10.593918]  ret_from_fork+0x10/0x3c
[   10.593921] ---[ end trace 85aa985283f2fd0b ]---
[   10.593930] zynqmp-qspi ff0f0000.spi: Cannot enable APB clock.
[   10.593979] spi_master spi0: Failed to power device: -108
[   10.593989] blk_update_request: I/O error, dev mtdblock0, sector 8 op 0x0:(READ) flags 0x80700 phys_seg 1 prio class 0
[   10.594057] spi_master spi0: Failed to power device: -22
[   10.594064] blk_update_request: I/O error, dev mtdblock0, sector 8 op 0x0:(READ) flags 0x0 phys_seg 8 prio class 0
[   10.594070] Buffer I/O error on dev mtdblock0, logical block 8, async page read
[   10.594079] spi_master spi0: Failed to power device: -22
[   10.594085] blk_update_request: I/O error, dev mtdblock0, sector 9 op 0x0:(READ) flags 0x0 phys_seg 7 prio class 0
[   10.594089] Buffer I/O error on dev mtdblock0, logical block 9, async page read
[   10.594096] spi_master spi0: Failed to power device: -22
[   10.594102] blk_update_request: I/O error, dev mtdblock0, sector 10 op 0x0:(READ) flags 0x0 phys_seg 6 prio class 0
[   10.594106] Buffer I/O error on dev mtdblock0, logical block 10, async page read
[   10.594113] spi_master spi0: Failed to power device: -22
[   10.594118] blk_update_request: I/O error, dev mtdblock0, sector 11 op 0x0:(READ) flags 0x0 phys_seg 5 prio class 0
[   10.594122] Buffer I/O error on dev mtdblock0, logical block 11, async page read
[   10.594129] spi_master spi0: Failed to power device: -22
[   10.594135] blk_update_request: I/O error, dev mtdblock0, sector 12 op 0x0:(READ) flags 0x0 phys_seg 4 prio class 0
[   10.594138] Buffer I/O error on dev mtdblock0, logical block 12, async page read
[   10.594145] spi_master spi0: Failed to power device: -22
[   10.594151] blk_update_request: I/O error, dev mtdblock0, sector 13 op 0x0:(READ) flags 0x0 phys_seg 3 prio class 0
[   10.594154] Buffer I/O error on dev mtdblock0, logical block 13, async page read
[   10.594161] spi_master spi0: Failed to power device: -22
[   10.594166] blk_update_request: I/O error, dev mtdblock0, sector 14 op 0x0:(READ) flags 0x0 phys_seg 2 prio class 0
[   10.594170] Buffer I/O error on dev mtdblock0, logical block 14, async page read
[   10.594177] spi_master spi0: Failed to power device: -22
[   10.594183] blk_update_request: I/O error, dev mtdblock0, sector 15 op 0x0:(READ) flags 0x0 phys_seg 1 prio class 0
[   10.594186] Buffer I/O error on dev mtdblock0, logical block 15, async page read
[   10.594484] spi_master spi0: Failed to power device: -22
[   10.594491] blk_update_request: I/O error, dev mtdblock1, sector 10112 op 0x0:(READ) flags 0x80700 phys_seg 1 prio class 0
[   10.594535] spi_master spi0: Failed to power device: -22
[   10.594541] Buffer I/O error on dev mtdblock1, logical block 10112, async page read
[   10.594548] spi_master spi0: Failed to power device: -22
[   10.594554] Buffer I/O error on dev mtdblock1, logical block 10113, async page read
[   10.594561] spi_master spi0: Failed to power device: -22
[   10.594568] spi_master spi0: Failed to power device: -22
[   10.594576] spi_master spi0: Failed to power device: -22
[   10.594583] spi_master spi0: Failed to power device: -22
[   10.594590] spi_master spi0: Failed to power device: -22
[   10.594597] spi_master spi0: Failed to power device: -22
[   10.594821] spi_master spi0: Failed to power device: -22
[   10.594865] spi_master spi0: Failed to power device: -22
[   10.594875] spi_master spi0: Failed to power device: -22
[   10.594883] spi_master spi0: Failed to power device: -22
[   10.594890] spi_master spi0: Failed to power device: -22
[   10.594898] spi_master spi0: Failed to power device: -22
[   10.594905] spi_master spi0: Failed to power device: -22
[   10.594912] spi_master spi0: Failed to power device: -22
[   10.594919] spi_master spi0: Failed to power device: -22
[   10.595184] spi_master spi0: Failed to power device: -22
[   10.595227] spi_master spi0: Failed to power device: -22
[   10.595236] spi_master spi0: Failed to power device: -22
[   10.595244] spi_master spi0: Failed to power device: -22
[   10.595251] spi_master spi0: Failed to power device: -22
[   10.595259] spi_master spi0: Failed to power device: -22
[   10.595266] spi_master spi0: Failed to power device: -22
[   10.595273] spi_master spi0: Failed to power device: -22
[   10.595280] spi_master spi0: Failed to power device: -22
[   10.718548] EXT4-fs (mmcblk0p2): re-mounted. Opts: (null)
[   10.815462] systemd-journald[169]: Received request to flush runtime journal from PID 1
[   16.700647] macb ff0e0000.ethernet eth0: PHY [ff0e0000.ethernet-ffffffff:0c] driver [TI DP83867] (irq=POLL)
[   16.700660] macb ff0e0000.ethernet eth0: configuring for phy/rgmii-id link mode
[   17.007762] Adding 102396k swap on /var/swap.  Priority:-2 extents:4 across:9953604k SS
[   18.779687] random: crng init done
[   18.779699] random: 7 urandom warning(s) missed due to ratelimiting
[   19.719319] broken atomic modeset userspace detected, disabling atomic
[   19.777279] macb ff0e0000.ethernet eth0: Link is Up - 1Gbps/Full - flow control off
[   19.777303] IPv6: ADDRCONF(NETDEV_CHANGE): eth0: link becomes ready
[   22.401767] broken atomic modeset userspace detected, disabling atomic
[   25.505724] broken atomic modeset userspace detected, disabling atomic
[   28.157015] broken atomic modeset userspace detected, disabling atomic