[    0.000000] Booting Linux on physical CPU 0x0000000000 [0x410fd034]
[    0.000000] Linux version 5.10.0-98103-g2aa7ac113716 (jenkins@romlxbuild1.adlk.analog.com) (aarch64-xilinx-linux-gcc.real (GCC) 10.2.0, GNU ld (GNU Binutils) 2.35.0.20200730) #5577 SMP Wed Mar 23 07:28:49 GMT 2022
[    0.000000] Machine model: ZynqMP ZCU102 Rev1.0
[    0.000000] earlycon: cdns0 at MMIO 0x00000000ff000000 (options '115200n8')
[    0.000000] printk: bootconsole [cdns0] enabled
[    0.000000] efi: UEFI not found.
[    0.000000] cma: Reserved 256 MiB at 0x0000000070000000
[    0.000000] Zone ranges:
[    0.000000]   DMA      [mem 0x0000000000000000-0x000000003fffffff]
[    0.000000]   DMA32    [mem 0x0000000040000000-0x00000000ffffffff]
[    0.000000]   Normal   [mem 0x0000000100000000-0x000000087fffffff]
[    0.000000] Movable zone start for each node
[    0.000000] Early memory node ranges
[    0.000000]   node   0: [mem 0x0000000000000000-0x000000007fffffff]
[    0.000000]   node   0: [mem 0x0000000800000000-0x000000087fffffff]
[    0.000000] Initmem setup node 0 [mem 0x0000000000000000-0x000000087fffffff]
[    0.000000] On node 0 totalpages: 1048576
[    0.000000]   DMA zone: 3584 pages used for memmap
[    0.000000]   DMA zone: 0 pages reserved
[    0.000000]   DMA zone: 262144 pages, LIFO batch:63
[    0.000000]   DMA32 zone: 3584 pages used for memmap
[    0.000000]   DMA32 zone: 262144 pages, LIFO batch:63
[    0.000000]   Normal zone: 7168 pages used for memmap
[    0.000000]   Normal zone: 524288 pages, LIFO batch:63
[    0.000000] psci: probing for conduit method from DT.
[    0.000000] psci: PSCIv1.1 detected in firmware.
[    0.000000] psci: Using standard PSCI v0.2 function IDs
[    0.000000] psci: MIGRATE_INFO_TYPE not supported.
[    0.000000] psci: SMC Calling Convention v1.2
[    0.000000] percpu: Embedded 22 pages/cpu s49496 r8192 d32424 u90112
[    0.000000] pcpu-alloc: s49496 r8192 d32424 u90112 alloc=22*4096
[    0.000000] pcpu-alloc: [0] 0 [0] 1 [0] 2 [0] 3 
[    0.000000] Detected VIPT I-cache on CPU0
[    0.000000] CPU features: detected: ARM erratum 845719
[    0.000000] Built 1 zonelists, mobility grouping on.  Total pages: 1034240
[    0.000000] Kernel command line: console=ttyPS0,115200 root=/dev/mmcblk0p2 rw earlycon rootfstype=ext4 rootwait clk_ignore_unused cpuidle.off=1 root=/dev/mmcblk0p2 rw rootwait
[    0.000000] Dentry cache hash table entries: 524288 (order: 10, 4194304 bytes, linear)
[    0.000000] Inode-cache hash table entries: 262144 (order: 9, 2097152 bytes, linear)
[    0.000000] mem auto-init: stack:off, heap alloc:off, heap free:off
[    0.000000] software IO TLB: mapped [mem 0x000000003bfff000-0x000000003ffff000] (64MB)
[    0.000000] Memory: 3761904K/4194304K available (15296K kernel code, 1636K rwdata, 11876K rodata, 2560K init, 507K bss, 170256K reserved, 262144K cma-reserved)
[    0.000000] rcu: Hierarchical RCU implementation.
[    0.000000] rcu: 	RCU event tracing is enabled.
[    0.000000] rcu: 	RCU restricting CPUs from NR_CPUS=8 to nr_cpu_ids=4.
[    0.000000] rcu: RCU calculated value of scheduler-enlistment delay is 25 jiffies.
[    0.000000] rcu: Adjusting geometry for rcu_fanout_leaf=16, nr_cpu_ids=4
[    0.000000] NR_IRQS: 64, nr_irqs: 64, preallocated irqs: 0
[    0.000000] GIC: Adjusting CPU interface base to 0x00000000f902f000
[    0.000000] GIC: Using split EOI/Deactivate mode
[    0.000000] random: get_random_bytes called from start_kernel+0x31c/0x54c with crng_init=0
[    0.000000] arch_timer: cp15 timer(s) running at 100.00MHz (phys).
[    0.000000] clocksource: arch_sys_counter: mask: 0xffffffffffffff max_cycles: 0x171024e7e0, max_idle_ns: 440795205315 ns
[    0.000003] sched_clock: 56 bits at 100MHz, resolution 10ns, wraps every 4398046511100ns
[    0.008462] Console: colour dummy device 80x25
[    0.012482] Calibrating delay loop (skipped), value calculated using timer frequency.. 200.00 BogoMIPS (lpj=400000)
[    0.022841] pid_max: default: 32768 minimum: 301
[    0.027548] Mount-cache hash table entries: 8192 (order: 4, 65536 bytes, linear)
[    0.034789] Mountpoint-cache hash table entries: 8192 (order: 4, 65536 bytes, linear)
[    0.043395] rcu: Hierarchical SRCU implementation.
[    0.047562] EFI services will not be available.
[    0.051939] smp: Bringing up secondary CPUs ...
[    0.056656] Detected VIPT I-cache on CPU1
[    0.056696] CPU1: Booted secondary processor 0x0000000001 [0x410fd034]
[    0.057061] Detected VIPT I-cache on CPU2
[    0.057085] CPU2: Booted secondary processor 0x0000000002 [0x410fd034]
[    0.057425] Detected VIPT I-cache on CPU3
[    0.057448] CPU3: Booted secondary processor 0x0000000003 [0x410fd034]
[    0.057494] smp: Brought up 1 node, 4 CPUs
[    0.091780] SMP: Total of 4 processors activated.
[    0.096452] CPU features: detected: 32-bit EL0 Support
[    0.101556] CPU features: detected: CRC32 instructions
[    0.106695] CPU: All CPU(s) started at EL2
[    0.110736] alternatives: patching kernel code
[    0.116168] devtmpfs: initialized
[    0.124067] Registered cp15_barrier emulation handler
[    0.124117] Registered setend emulation handler
[    0.128099] clocksource: jiffies: mask: 0xffffffff max_cycles: 0xffffffff, max_idle_ns: 7645041785100000 ns
[    0.137679] futex hash table entries: 1024 (order: 4, 65536 bytes, linear)
[    0.151035] pinctrl core: initialized pinctrl subsystem
[    0.151679] NET: Registered protocol family 16
[    0.156101] DMA: preallocated 512 KiB GFP_KERNEL pool for atomic allocations
[    0.162117] DMA: preallocated 512 KiB GFP_KERNEL|GFP_DMA pool for atomic allocations
[    0.169843] DMA: preallocated 512 KiB GFP_KERNEL|GFP_DMA32 pool for atomic allocations
[    0.177645] audit: initializing netlink subsys (disabled)
[    0.183095] audit: type=2000 audit(0.116:1): state=initialized audit_enabled=0 res=1
[    0.183437] hw-breakpoint: found 6 breakpoint and 4 watchpoint registers.
[    0.197472] ASID allocator initialised with 65536 entries
[    0.224321] HugeTLB registered 1.00 GiB page size, pre-allocated 0 pages
[    0.225378] HugeTLB registered 32.0 MiB page size, pre-allocated 0 pages
[    0.232049] HugeTLB registered 2.00 MiB page size, pre-allocated 0 pages
[    0.238708] HugeTLB registered 64.0 KiB page size, pre-allocated 0 pages
[    1.304224] DRBG: Continuing without Jitter RNG
[    1.382106] raid6: neonx8   gen()  2139 MB/s
[    1.450157] raid6: neonx8   xor()  1594 MB/s
[    1.518218] raid6: neonx4   gen()  2194 MB/s
[    1.586258] raid6: neonx4   xor()  1566 MB/s
[    1.654335] raid6: neonx2   gen()  2076 MB/s
[    1.722377] raid6: neonx2   xor()  1440 MB/s
[    1.790448] raid6: neonx1   gen()  1772 MB/s
[    1.858497] raid6: neonx1   xor()  1220 MB/s
[    1.926550] raid6: int64x8  gen()  1438 MB/s
[    1.994602] raid6: int64x8  xor()   771 MB/s
[    2.062673] raid6: int64x4  gen()  1599 MB/s
[    2.130729] raid6: int64x4  xor()   817 MB/s
[    2.198789] raid6: int64x2  gen()  1397 MB/s
[    2.266850] raid6: int64x2  xor()   749 MB/s
[    2.334921] raid6: int64x1  gen()  1034 MB/s
[    2.402976] raid6: int64x1  xor()   517 MB/s
[    2.403014] raid6: using algorithm neonx4 gen() 2194 MB/s
[    2.406970] raid6: .... xor() 1566 MB/s, rmw enabled
[    2.411900] raid6: using neon recovery algorithm
[    2.416912] iommu: Default domain type: Translated 
[    2.421527] SCSI subsystem initialized
[    2.425070] libata version 3.00 loaded.
[    2.425192] usbcore: registered new interface driver usbfs
[    2.430527] usbcore: registered new interface driver hub
[    2.435799] usbcore: registered new device driver usb
[    2.440936] mc: Linux media interface: v0.10
[    2.445047] videodev: Linux video capture interface: v2.00
[    2.450539] EDAC MC: Ver: 3.0.0
[    2.453978] zynqmp-ipi-mbox mailbox@ff990400: Registered ZynqMP IPI mbox with TX/RX channels.
[    2.462467] jesd204: created con: id=0, topo=0, link=0, /axi/spi@ff050000/hmc7044@0 <-> /fpga-axi@0/axi-adxcvr-tx@84b60000
[    2.473069] jesd204: created con: id=1, topo=0, link=2, /axi/spi@ff050000/hmc7044@0 <-> /fpga-axi@0/axi-adxcvr-rx@84a60000
[    2.484053] jesd204: created con: id=2, topo=0, link=0, /fpga-axi@0/axi-adxcvr-tx@84b60000 <-> /fpga-axi@0/axi-jesd204-tx@84b90000
[    2.495729] jesd204: created con: id=3, topo=0, link=2, /fpga-axi@0/axi-adxcvr-rx@84a60000 <-> /fpga-axi@0/axi-jesd204-rx@84a90000
[    2.507406] jesd204: created con: id=4, topo=0, link=0, /fpga-axi@0/axi-jesd204-tx@84b90000 <-> /fpga-axi@0/axi-ad9081-tx-hpc@84b10000
[    2.519433] jesd204: created con: id=5, topo=0, link=2, /fpga-axi@0/axi-jesd204-rx@84a90000 <-> /fpga-axi@0/axi-ad9081-rx-hpc@84a10000
[    2.531456] jesd204: created con: id=6, topo=0, link=2, /fpga-axi@0/axi-ad9081-rx-hpc@84a10000 <-> /axi/spi@ff040000/ad9081@0
[    2.542698] jesd204: created con: id=7, topo=0, link=0, /fpga-axi@0/axi-ad9081-tx-hpc@84b10000 <-> /axi/spi@ff040000/ad9081@0
[    2.553947] jesd204: /axi/spi@ff040000/ad9081@0: JESD204[2] transition uninitialized -> initialized
[    2.562934] jesd204: /axi/spi@ff040000/ad9081@0: JESD204[0] transition uninitialized -> initialized
[    2.571926] jesd204: found 8 devices and 1 topologies
[    2.576969] FPGA manager framework
[    2.580449] Advanced Linux Sound Architecture Driver Initialized.
[    2.586741] Bluetooth: Core ver 2.22
[    2.589929] NET: Registered protocol family 31
[    2.594330] Bluetooth: HCI device and connection manager initialized
[    2.600647] Bluetooth: HCI socket layer initialized
[    2.605488] Bluetooth: L2CAP socket layer initialized
[    2.610512] Bluetooth: SCO socket layer initialized
[    2.615692] clocksource: Switched to clocksource arch_sys_counter
[    2.621505] VFS: Disk quotas dquot_6.6.0
[    2.625339] VFS: Dquot-cache hash table entries: 512 (order 0, 4096 bytes)
[    2.636060] NET: Registered protocol family 2
[    2.636784] tcp_listen_portaddr_hash hash table entries: 2048 (order: 3, 32768 bytes, linear)
[    2.644979] TCP established hash table entries: 32768 (order: 6, 262144 bytes, linear)
[    2.653004] TCP bind hash table entries: 32768 (order: 7, 524288 bytes, linear)
[    2.660450] TCP: Hash tables configured (established 32768 bind 32768)
[    2.666625] UDP hash table entries: 2048 (order: 4, 65536 bytes, linear)
[    2.673290] UDP-Lite hash table entries: 2048 (order: 4, 65536 bytes, linear)
[    2.680451] NET: Registered protocol family 1
[    2.684906] RPC: Registered named UNIX socket transport module.
[    2.690527] RPC: Registered udp transport module.
[    2.695191] RPC: Registered tcp transport module.
[    2.699861] RPC: Registered tcp NFSv4.1 backchannel transport module.
[    2.706852] PCI: CLS 0 bytes, default 64
[    2.710559] hw perfevents: no interrupt-affinity property for /pmu, guessing.
[    2.717412] hw perfevents: enabled with armv8_pmuv3 PMU driver, 7 counters available
[    2.725765] Initialise system trusted keyrings
[    2.729443] workingset: timestamp_bits=62 max_order=20 bucket_order=0
[    2.736344] NFS: Registering the id_resolver key type
[    2.740790] Key type id_resolver registered
[    2.744929] Key type id_legacy registered
[    2.748919] nfs4filelayout_init: NFSv4 File Layout Driver Registering...
[    2.755585] jffs2: version 2.2. (NAND) (SUMMARY)  Â© 2001-2006 Red Hat, Inc.
[    2.798704] NET: Registered protocol family 38
[    2.798747] xor: measuring software checksum speed
[    2.806436]    8regs           :  2363 MB/sec
[    2.810104]    32regs          :  2799 MB/sec
[    2.815047]    arm64_neon      :  2380 MB/sec
[    2.815237] xor: using function: 32regs (2799 MB/sec)
[    2.820263] Key type asymmetric registered
[    2.824324] Asymmetric key parser 'x509' registered
[    2.829185] Block layer SCSI generic (bsg) driver version 0.4 loaded (major 248)
[    2.836522] io scheduler mq-deadline registered
[    2.841018] io scheduler kyber registered
[    2.870439] Serial: 8250/16550 driver, 4 ports, IRQ sharing disabled
[    2.875079] cacheinfo: Unable to detect cache hierarchy for CPU 0
[    2.881430] brd: module loaded
[    2.885572] loop: module loaded
[    2.886121] Registered mathworks_ip class
[    2.889455] libphy: Fixed MDIO Bus: probed
[    2.892443] tun: Universal TUN/TAP device driver, 1.6
[    2.896491] CAN device driver interface
[    2.901027] usbcore: registered new interface driver asix
[    2.905623] usbcore: registered new interface driver ax88179_178a
[    2.911656] usbcore: registered new interface driver cdc_ether
[    2.917451] usbcore: registered new interface driver net1080
[    2.923078] usbcore: registered new interface driver cdc_subset
[    2.928958] usbcore: registered new interface driver zaurus
[    2.934501] usbcore: registered new interface driver cdc_ncm
[    2.940905] ehci_hcd: USB 2.0 'Enhanced' Host Controller (EHCI) Driver
[    2.946586] ehci-pci: EHCI PCI platform driver
[    2.951383] usbcore: registered new interface driver uas
[    2.956301] usbcore: registered new interface driver usb-storage
[    2.962290] usbcore: registered new interface driver usbserial_generic
[    2.968741] usbserial: USB Serial support registered for generic
[    2.974714] usbcore: registered new interface driver ftdi_sio
[    2.980417] usbserial: USB Serial support registered for FTDI USB Serial Device
[    2.987700] usbcore: registered new interface driver upd78f0730
[    2.993564] usbserial: USB Serial support registered for upd78f0730
[    3.001217] rtc_zynqmp ffa60000.rtc: registered as rtc0
[    3.004990] rtc_zynqmp ffa60000.rtc: setting system clock to 2022-04-12T21:46:23 UTC (1649799983)
[    3.013852] i2c /dev entries driver
[    3.019165] usbcore: registered new interface driver uvcvideo
[    3.022965] USB Video Class driver (1.1.1)
[    3.028548] Bluetooth: HCI UART driver ver 2.3
[    3.031436] Bluetooth: HCI UART protocol H4 registered
[    3.036546] Bluetooth: HCI UART protocol BCSP registered
[    3.041835] Bluetooth: HCI UART protocol LL registered
[    3.046924] Bluetooth: HCI UART protocol ATH3K registered
[    3.052297] Bluetooth: HCI UART protocol Three-wire (H5) registered
[    3.058553] Bluetooth: HCI UART protocol Intel registered
[    3.063891] Bluetooth: HCI UART protocol QCA registered
[    3.069092] usbcore: registered new interface driver bcm203x
[    3.074713] usbcore: registered new interface driver bpa10x
[    3.080249] usbcore: registered new interface driver bfusb
[    3.085699] usbcore: registered new interface driver btusb
[    3.091161] usbcore: registered new interface driver ath3k
[    3.096645] EDAC MC: ECC not enabled
[    3.100271] EDAC DEVICE0: Giving out device to module zynqmp-ocm-edac controller zynqmp_ocm: DEV ff960000.memory-controller (INTERRUPT)
[    3.112585] sdhci: Secure Digital Host Controller Interface driver
[    3.118373] sdhci: Copyright(c) Pierre Ossman
[    3.122698] sdhci-pltfm: SDHCI platform and OF driver helper
[    3.128748] ledtrig-cpu: registered to indicate activity on CPUs
[    3.134303] SMCCC: SOC_ID: ARCH_SOC_ID not implemented, skipping ....
[    3.140731] zynqmp_firmware_probe Platform Management API v1.1
[    3.146489] zynqmp_firmware_probe Trustzone version v1.0
[    3.186023] zynqmp-pinctrl firmware:zynqmp-firmware:pinctrl: zynqmp pinctrl initialized
[    3.234029] zynqmp-aes firmware:zynqmp-firmware:zynqmp-aes: will run requests pump with realtime priority
[    3.249849] alg: No test for xilinx-keccak-384 (zynqmp-keccak-384)
[    3.250559] alg: No test for xilinx-zynqmp-rsa (zynqmp-rsa)
[    3.256074] usbcore: registered new interface driver usbhid
[    3.261464] usbhid: USB HID core driver
[    3.272707] axi_sysid 85000000.axi-sysid-0: AXI System ID core version (1.01.a) found
[    3.275054] axi_sysid 85000000.axi-sysid-0: [ad9081_fmca_ebz] on [zcu102] git branch <master> git <084d44c9780640ca93fd847b1d9ec70dd65f5c67> clean [2022-03-18 04:17:50] UTC
[    3.290740] fpga_manager fpga0: Xilinx ZynqMP FPGA Manager registered
[    3.297095] usbcore: registered new interface driver snd-usb-audio
[    3.304547] pktgen: Packet Generator for packet performance testing. Version: 2.75
[    3.310728] Initializing XFRM netlink socket
[    3.314581] NET: Registered protocol family 10
[    3.319298] Segment Routing with IPv6
[    3.322679] sit: IPv6, IPv4 and MPLS over IPv4 tunneling driver
[    3.328753] NET: Registered protocol family 17
[    3.332854] NET: Registered protocol family 15
[    3.337351] can: controller area network core
[    3.341606] NET: Registered protocol family 29
[    3.345993] can: raw protocol
[    3.348933] can: broadcast manager protocol
[    3.353085] can: netlink gateway - max_hops=1
[    3.357482] Bluetooth: RFCOMM TTY layer initialized
[    3.362260] Bluetooth: RFCOMM socket layer initialized
[    3.367367] Bluetooth: RFCOMM ver 1.11
[    3.371078] Bluetooth: BNEP (Ethernet Emulation) ver 1.3
[    3.376349] Bluetooth: BNEP filters: protocol multicast
[    3.381543] Bluetooth: BNEP socket layer initialized
[    3.386470] Bluetooth: HIDP (Human Interface Emulation) ver 1.2
[    3.392354] Bluetooth: HIDP socket layer initialized
[    3.397410] 9pnet: Installing 9P2000 support
[    3.401531] NET: Registered protocol family 36
[    3.405948] Key type dns_resolver registered
[    3.410377] registered taskstats version 1
[    3.414244] Loading compiled-in X.509 certificates
[    3.419357] Btrfs loaded, crc32c=crc32c-generic
[    3.431779] ff000000.serial: ttyPS0 at MMIO 0xff000000 (irq = 49, base_baud = 6249999) is a xuartps
[    3.440805] printk: console [ttyPS0] enabled
[    3.445100] printk: bootconsole [cdns0] disabled
[    3.454737] ff010000.serial: ttyPS1 at MMIO 0xff010000 (irq = 50, base_baud = 6249999) is a xuartps
[    3.467971] of-fpga-region fpga-full: FPGA Region probed
[    3.474923] nwl-pcie fd0e0000.pcie: host bridge /axi/pcie@fd0e0000 ranges:
[    3.481821] nwl-pcie fd0e0000.pcie:      MEM 0x00e0000000..0x00efffffff -> 0x00e0000000
[    3.489822] nwl-pcie fd0e0000.pcie:      MEM 0x0600000000..0x07ffffffff -> 0x0600000000
[    3.497883] nwl-pcie fd0e0000.pcie: Link is DOWN
[    3.502641] nwl-pcie fd0e0000.pcie: PCI host bridge to bus 0000:00
[    3.508819] pci_bus 0000:00: root bus resource [bus 00-ff]
[    3.514301] pci_bus 0000:00: root bus resource [mem 0xe0000000-0xefffffff]
[    3.521171] pci_bus 0000:00: root bus resource [mem 0x600000000-0x7ffffffff pref]
[    3.528674] pci 0000:00:00.0: [10ee:d021] type 01 class 0x060400
[    3.534730] pci 0000:00:00.0: PME# supported from D0 D1 D2 D3hot
[    3.545180] pci 0000:00:00.0: PCI bridge to [bus 01-0c]
[    3.551159] xilinx-zynqmp-dma fd500000.dma: ZynqMP DMA driver Probe success
[    3.558337] xilinx-zynqmp-dma fd510000.dma: ZynqMP DMA driver Probe success
[    3.565520] xilinx-zynqmp-dma fd520000.dma: ZynqMP DMA driver Probe success
[    3.572689] xilinx-zynqmp-dma fd530000.dma: ZynqMP DMA driver Probe success
[    3.579862] xilinx-zynqmp-dma fd540000.dma: ZynqMP DMA driver Probe success
[    3.587027] xilinx-zynqmp-dma fd550000.dma: ZynqMP DMA driver Probe success
[    3.594195] xilinx-zynqmp-dma fd560000.dma: ZynqMP DMA driver Probe success
[    3.601364] xilinx-zynqmp-dma fd570000.dma: ZynqMP DMA driver Probe success
[    3.608764] xilinx-zynqmp-dpdma fd4c0000.dma-controller: Xilinx DPDMA engine is probed
[    3.617307] ahci-ceva fd0c0000.ahci: supply ahci not found, using dummy regulator
[    3.624842] ahci-ceva fd0c0000.ahci: supply phy not found, using dummy regulator
[    3.715866] hmc7044 spi2.0: PLL1: Acquisition, CLKIN0 @ 122880000 Hz, PFD: 80 kHz - PLL2: Locked @ 3024.000000 MHz
[    3.726576] jesd204: /axi/spi@ff050000/hmc7044@0,jesd204:1,parent=spi2.0: Using as SYSREF provider
[    3.736166] spi-nor spi0.0: SPI-NOR-UniqueID 100000235394732200270025081115266e
[    3.743474] spi-nor spi0.0: found n25q512a, expected m25p80
[    3.749670] spi-nor spi0.0: trying to lock already unlocked area
[    3.755676] spi-nor spi0.0: n25q512a (131072 Kbytes)
[    3.760663] 4 fixed-partitions partitions found on MTD device spi0.0
[    3.767009] Creating 4 MTD partitions on "spi0.0":
[    3.771794] 0x000000000000-0x000000100000 : "qspi-fsbl-uboot"
[    3.778279] 0x000000100000-0x000000600000 : "qspi-linux"
[    3.784243] 0x000000600000-0x000000620000 : "qspi-device-tree"
[    3.790718] 0x000000620000-0x000000c00000 : "qspi-rootfs"
[    3.799195] macb ff0e0000.ethernet: Not enabling partial store and forward
[    3.806713] libphy: MACB_mii_bus: probed
[    3.811772] macb ff0e0000.ethernet eth0: Cadence GEM rev 0x50070106 at 0xff0e0000 irq 30 (00:0a:35:04:8e:1b)
[    3.821977] xilinx-axipmon ffa00000.perf-monitor: Probed Xilinx APM
[    3.828555] xilinx-axipmon fd0b0000.perf-monitor: Probed Xilinx APM
[    3.835074] xilinx-axipmon fd490000.perf-monitor: Probed Xilinx APM
[    3.841615] xilinx-axipmon ffa10000.perf-monitor: Probed Xilinx APM
[    3.851614] pca953x 0-0020: supply vcc not found, using dummy regulator
[    3.858300] pca953x 0-0020: using no AI
[    3.862790] gpio-496 (sel0): hogged as output/low
[    3.867694] gpio-497 (sel1): hogged as output/high
[    3.872682] gpio-498 (sel2): hogged as output/high
[    3.877664] gpio-499 (sel3): hogged as output/high
[    3.882837] pca953x 0-0021: supply vcc not found, using dummy regulator
[    3.889504] pca953x 0-0021: using no AI
[    3.895265] ina2xx 2-0040: power monitor ina226 (Rshunt = 5000 uOhm)
[    3.902289] ina2xx 2-0041: power monitor ina226 (Rshunt = 5000 uOhm)
[    3.909323] ina2xx 2-0042: power monitor ina226 (Rshunt = 5000 uOhm)
[    3.916361] ina2xx 2-0043: power monitor ina226 (Rshunt = 5000 uOhm)
[    3.923390] ina2xx 2-0044: power monitor ina226 (Rshunt = 5000 uOhm)
[    3.930419] ina2xx 2-0045: power monitor ina226 (Rshunt = 5000 uOhm)
[    3.937446] ina2xx 2-0046: power monitor ina226 (Rshunt = 5000 uOhm)
[    3.944523] ina2xx 2-0047: power monitor ina226 (Rshunt = 5000 uOhm)
[    3.951550] ina2xx 2-004a: power monitor ina226 (Rshunt = 5000 uOhm)
[    3.958591] ina2xx 2-004b: power monitor ina226 (Rshunt = 5000 uOhm)
[    3.965002] i2c i2c-0: Added multiplexed i2c bus 2
[    3.970385] random: fast init done
[    3.973858] ina2xx 3-0040: power monitor ina226 (Rshunt = 2000 uOhm)
[    3.980886] ina2xx 3-0041: power monitor ina226 (Rshunt = 5000 uOhm)
[    3.987912] ina2xx 3-0042: power monitor ina226 (Rshunt = 5000 uOhm)
[    3.994944] ina2xx 3-0043: power monitor ina226 (Rshunt = 5000 uOhm)
[    4.001969] ina2xx 3-0044: power monitor ina226 (Rshunt = 5000 uOhm)
[    4.008996] ina2xx 3-0045: power monitor ina226 (Rshunt = 5000 uOhm)
[    4.016028] ina2xx 3-0046: power monitor ina226 (Rshunt = 5000 uOhm)
[    4.023059] ina2xx 3-0047: power monitor ina226 (Rshunt = 5000 uOhm)
[    4.029460] i2c i2c-0: Added multiplexed i2c bus 3
[    4.085495] i2c i2c-0: Added multiplexed i2c bus 4
[    4.090432] i2c i2c-0: Added multiplexed i2c bus 5
[    4.095223] pca954x 0-0075: registered 4 multiplexed busses for I2C mux pca9544
[    4.102573] cdns-i2c ff020000.i2c: 400 kHz mmio ff020000 irq 32
[    4.110303] at24 6-0054: supply vcc not found, using dummy regulator
[    4.117200] at24 6-0054: 1024 byte 24c08 EEPROM, writable, 1 bytes/write
[    4.123952] i2c i2c-1: Added multiplexed i2c bus 6
[    4.130378] si5341 7-0036: Chip: 5341 Grade: 1 Rev: 1
[    4.168061] i2c i2c-1: Added multiplexed i2c bus 7
[    4.175712] si570 8-005d: registered, current frequency 300000000 Hz
[    4.182115] i2c i2c-1: Added multiplexed i2c bus 8
[    4.201905] si570 9-005d: registered, current frequency 148500000 Hz
[    4.208303] i2c i2c-1: Added multiplexed i2c bus 9
[    4.213334] si5324 10-0069: si5328 probed
[    4.280060] si5324 10-0069: si5328 probe successful
[    4.284984] i2c i2c-1: Added multiplexed i2c bus 10
[    4.290012] i2c i2c-1: Added multiplexed i2c bus 11
[    4.295035] i2c i2c-1: Added multiplexed i2c bus 12
[    4.300058] i2c i2c-1: Added multiplexed i2c bus 13
[    4.304932] pca954x 1-0074: registered 8 multiplexed busses for I2C switch pca9548
[    4.313042] at24 14-0050: supply vcc not found, using dummy regulator
[    4.319835] at24 14-0050: 256 byte 24c02 EEPROM, writable, 1 bytes/write
[    4.326583] i2c i2c-1: Added multiplexed i2c bus 14
[    4.331625] i2c i2c-1: Added multiplexed i2c bus 15
[    4.336656] i2c i2c-1: Added multiplexed i2c bus 16
[    4.341694] i2c i2c-1: Added multiplexed i2c bus 17
[    4.346725] i2c i2c-1: Added multiplexed i2c bus 18
[    4.351771] i2c i2c-1: Added multiplexed i2c bus 19
[    4.356812] i2c i2c-1: Added multiplexed i2c bus 20
[    4.361850] i2c i2c-1: Added multiplexed i2c bus 21
[    4.366723] pca954x 1-0075: registered 8 multiplexed busses for I2C switch pca9548
[    4.374333] cdns-i2c ff030000.i2c: 400 kHz mmio ff030000 irq 33
[    4.384074] cdns-wdt fd4d0000.watchdog: Xilinx Watchdog Timer with timeout 60s
[    4.393129] axi_adxcvr 84a60000.axi-adxcvr-rx: adxcvr_enforce_settings: Using QPLL without access, assuming desired Lane rate will be configured by a different instance
[    4.409766] axi_adxcvr 84a60000.axi-adxcvr-rx: AXI-ADXCVR-RX (17.05.a) using QPLL on GTH4 at 0x84A60000. Number of lanes: 4.
[    4.421929] axi_adxcvr 84b60000.axi-adxcvr-tx: AXI-ADXCVR-TX (17.05.a) using QPLL on GTH4 at 0x84B60000. Number of lanes: 4.
[    4.425878] mmc0: SDHCI controller on ff170000.mmc [ff170000.mmc] using ADMA 64-bit
[    4.441077] axi-jesd204-rx 84a90000.axi-jesd204-rx: AXI-JESD204-RX (1.07.a) at 0x84A90000. Encoder 8b10b, width 4/4, lanes 4, jesd204-fsm.
[    4.453916] axi-jesd204-tx 84b90000.axi-jesd204-tx: AXI-JESD204-TX (1.06.a) at 0x84B90000. Encoder 8b10b, width 4/4, lanes 4, jesd204-fsm.
[    4.467416] zynqmp-display fd4a0000.display: vtc bridge property not present
[    4.473463] mmc0: new high speed SDHC card at address 0001
[    4.477064] xilinx-dp-snd-codec fd4a0000.display:zynqmp_dp_snd_codec0: Failed to get required clock freq
[    4.480296] mmcblk0: mmc0:0001 EB1QT 29.8 GiB 
[    4.489426] xilinx-dp-snd-codec: probe of fd4a0000.display:zynqmp_dp_snd_codec0 failed with error -22
[    4.495077]  mmcblk0: p1 p2 p3
[    4.503416] xilinx-dp-snd-pcm zynqmp_dp_snd_pcm0: Xilinx DisplayPort Sound PCM probed
[    4.514274] xilinx-dp-snd-pcm zynqmp_dp_snd_pcm1: Xilinx DisplayPort Sound PCM probed
[    4.522487] OF: graph: no port node found in /axi/display@fd4a0000
[    4.528895] xlnx-drm xlnx-drm.0: bound fd4a0000.display (ops 0xffffffc010fcbdb8)
[    5.615713] zynqmp-display fd4a0000.display: [drm] Cannot find any crtc or sizes
[    5.623333] [drm] Initialized xlnx 1.0.0 20130509 for fd4a0000.display on minor 0
[    5.630820] zynqmp-display fd4a0000.display: ZynqMP DisplayPort Subsystem driver probed
[    5.639132] ahci-ceva fd0c0000.ahci: supply ahci not found, using dummy regulator
[    5.646678] ahci-ceva fd0c0000.ahci: supply phy not found, using dummy regulator
[    5.654134] ahci-ceva fd0c0000.ahci: supply target not found, using dummy regulator
[    5.661970] ahci-ceva fd0c0000.ahci: AHCI 0001.0301 32 slots 2 ports 6 Gbps 0x3 impl platform mode
[    5.670927] ahci-ceva fd0c0000.ahci: flags: 64bit ncq sntf pm clo only pmp fbs pio slum part ccc sds apst 
[    5.681621] scsi host0: ahci-ceva
[    5.685229] scsi host1: ahci-ceva
[    5.688653] ata1: SATA max UDMA/133 mmio [mem 0xfd0c0000-0xfd0c1fff] port 0x100 irq 45
[    5.696571] ata2: SATA max UDMA/133 mmio [mem 0xfd0c0000-0xfd0c1fff] port 0x180 irq 45
[    5.705171] ad9081 spi1.0: supply vdd not found, using dummy regulator
[    6.017948] ata1: SATA link down (SStatus 0 SControl 330)
[    6.023361] ata2: SATA link down (SStatus 0 SControl 330)
[    6.699715] zynqmp-display fd4a0000.display: [drm] Cannot find any crtc or sizes
[    7.509116] ad9081 spi1.0: AD9081 Rev. 2 Grade 10 (API 1.2.2) probed
[    7.516331] xhci-hcd xhci-hcd.1.auto: xHCI Host Controller
[    7.521825] xhci-hcd xhci-hcd.1.auto: new USB bus registered, assigned bus number 1
[    7.529574] xhci-hcd xhci-hcd.1.auto: hcc params 0x0238f625 hci version 0x100 quirks 0x0000000002010810
[    7.538984] xhci-hcd xhci-hcd.1.auto: irq 59, io mem 0xfe200000
[    7.545092] usb usb1: New USB device found, idVendor=1d6b, idProduct=0002, bcdDevice= 5.10
[    7.553351] usb usb1: New USB device strings: Mfr=3, Product=2, SerialNumber=1
[    7.560568] usb usb1: Product: xHCI Host Controller
[    7.565438] usb usb1: Manufacturer: Linux 5.10.0-98103-g2aa7ac113716 xhci-hcd
[    7.572563] usb usb1: SerialNumber: xhci-hcd.1.auto
[    7.577727] hub 1-0:1.0: USB hub found
[    7.581489] hub 1-0:1.0: 1 port detected
[    7.585589] xhci-hcd xhci-hcd.1.auto: xHCI Host Controller
[    7.591079] xhci-hcd xhci-hcd.1.auto: new USB bus registered, assigned bus number 2
[    7.598732] xhci-hcd xhci-hcd.1.auto: Host supports USB 3.0 SuperSpeed
[    7.605356] usb usb2: New USB device found, idVendor=1d6b, idProduct=0003, bcdDevice= 5.10
[    7.613619] usb usb2: New USB device strings: Mfr=3, Product=2, SerialNumber=1
[    7.620835] usb usb2: Product: xHCI Host Controller
[    7.625703] usb usb2: Manufacturer: Linux 5.10.0-98103-g2aa7ac113716 xhci-hcd
[    7.632829] usb usb2: SerialNumber: xhci-hcd.1.auto
[    7.637937] hub 2-0:1.0: USB hub found
[    7.641701] hub 2-0:1.0: 1 port detected
[    7.671771] cf_axi_adc 84a10000.axi-ad9081-rx-hpc: ADI AIM (10.01.b) at 0x84A10000 mapped to 0x(____ptrval____), probed ADC AD9081 as MASTER
[    7.704534] cf_axi_dds 84b10000.axi-ad9081-tx-hpc: Analog Devices CF_AXI_DDS_DDS MASTER (9.01.b) at 0x84B10000 mapped to 0x(____ptrval____), probed DDS AD9081
[    7.718733] jesd204: /axi/spi@ff040000/ad9081@0,jesd204:0,parent=spi1.0: JESD204[2] transition initialized -> probed
[    7.729255] jesd204: /axi/spi@ff040000/ad9081@0,jesd204:0,parent=spi1.0: JESD204[0] transition initialized -> probed
[    7.739779] jesd204: /axi/spi@ff040000/ad9081@0,jesd204:0,parent=spi1.0: JESD204[2] transition probed -> idle
[    7.749695] jesd204: /axi/spi@ff040000/ad9081@0,jesd204:0,parent=spi1.0: JESD204[0] transition probed -> idle
[    7.759610] jesd204: /axi/spi@ff040000/ad9081@0,jesd204:0,parent=spi1.0: JESD204[2] transition idle -> device_init
[    7.769953] jesd204: /axi/spi@ff040000/ad9081@0,jesd204:0,parent=spi1.0: JESD204[0] transition idle -> device_init
[    7.780303] jesd204: /axi/spi@ff040000/ad9081@0,jesd204:0,parent=spi1.0: JESD204[2] transition device_init -> link_init
[    7.791079] jesd204: /axi/spi@ff040000/ad9081@0,jesd204:0,parent=spi1.0: JESD204[0] transition device_init -> link_init
[    7.801870] jesd204: /axi/spi@ff040000/ad9081@0,jesd204:0,parent=spi1.0: JESD204[2] transition link_init -> link_supported
[    7.812911] jesd204: /axi/spi@ff040000/ad9081@0,jesd204:0,parent=spi1.0: JESD204[0] transition link_init -> link_supported
[    7.824317] hmc7044 spi2.0: hmc7044_jesd204_link_pre_setup: Link2 forcing continuous SYSREF mode
[    7.833440] jesd204: /axi/spi@ff040000/ad9081@0,jesd204:0,parent=spi1.0: JESD204[2] transition link_supported -> link_pre_setup
[    7.844916] jesd204: /axi/spi@ff040000/ad9081@0,jesd204:0,parent=spi1.0: JESD204[0] transition link_supported -> link_pre_setup
[    7.868696] jesd204: /axi/spi@ff040000/ad9081@0,jesd204:0,parent=spi1.0: JESD204[2] transition link_pre_setup -> clk_sync_stage1
[    7.880260] jesd204: /axi/spi@ff040000/ad9081@0,jesd204:0,parent=spi1.0: JESD204[0] transition link_pre_setup -> clk_sync_stage1
[    7.891825] jesd204: /axi/spi@ff040000/ad9081@0,jesd204:0,parent=spi1.0: JESD204[2] transition clk_sync_stage1 -> clk_sync_stage2
[    7.903468] jesd204: /axi/spi@ff040000/ad9081@0,jesd204:0,parent=spi1.0: JESD204[0] transition clk_sync_stage1 -> clk_sync_stage2
[    7.915127] jesd204: /axi/spi@ff040000/ad9081@0,jesd204:0,parent=spi1.0: JESD204[2] transition clk_sync_stage2 -> clk_sync_stage3
[    7.926774] jesd204: /axi/spi@ff040000/ad9081@0,jesd204:0,parent=spi1.0: JESD204[0] transition clk_sync_stage2 -> clk_sync_stage3
[    7.940506] jesd204: /axi/spi@ff040000/ad9081@0,jesd204:0,parent=spi1.0: JESD204[2] transition clk_sync_stage3 -> link_setup
[    7.951724] jesd204: /axi/spi@ff040000/ad9081@0,jesd204:0,parent=spi1.0: JESD204[0] transition clk_sync_stage3 -> link_setup
[    7.967723] jesd204: /axi/spi@ff040000/ad9081@0,jesd204:0,parent=spi1.0: JESD204[2] transition link_setup -> opt_setup_stage1
[    7.979021] jesd204: /axi/spi@ff040000/ad9081@0,jesd204:0,parent=spi1.0: JESD204[0] transition link_setup -> opt_setup_stage1
[    7.995351] jesd204: /axi/spi@ff040000/ad9081@0,jesd204:0,parent=spi1.0: JESD204[2] transition opt_setup_stage1 -> opt_setup_stage2
[    8.007170] jesd204: /axi/spi@ff040000/ad9081@0,jesd204:0,parent=spi1.0: JESD204[0] transition opt_setup_stage1 -> opt_setup_stage2
[    8.019143] jesd204: /axi/spi@ff040000/ad9081@0,jesd204:0,parent=spi1.0: JESD204[2] transition opt_setup_stage2 -> opt_setup_stage3
[    8.030963] jesd204: /axi/spi@ff040000/ad9081@0,jesd204:0,parent=spi1.0: JESD204[0] transition opt_setup_stage2 -> opt_setup_stage3
[    8.042786] jesd204: /axi/spi@ff040000/ad9081@0,jesd204:0,parent=spi1.0: JESD204[2] transition opt_setup_stage3 -> opt_setup_stage4
[    8.054604] jesd204: /axi/spi@ff040000/ad9081@0,jesd204:0,parent=spi1.0: JESD204[0] transition opt_setup_stage3 -> opt_setup_stage4
[    8.066438] jesd204: /axi/spi@ff040000/ad9081@0,jesd204:0,parent=spi1.0: JESD204[2] transition opt_setup_stage4 -> opt_setup_stage5
[    8.078262] jesd204: /axi/spi@ff040000/ad9081@0,jesd204:0,parent=spi1.0: JESD204[0] transition opt_setup_stage4 -> opt_setup_stage5
[    8.113278] axi_adxcvr 84a60000.axi-adxcvr-rx: adxcvr_clk_enable: QPLL RX buffer underflow error, status: 0x61
[    8.123262] axi_adxcvr 84a60000.axi-adxcvr-rx: adxcvr_clk_enable: QPLL RX buffer overflow error, status: 0x61
[    8.137297] jesd204: /axi/spi@ff040000/ad9081@0,jesd204:0,parent=spi1.0: JESD204[2] transition opt_setup_stage5 -> clocks_enable
[    8.148865] jesd204: /axi/spi@ff040000/ad9081@0,jesd204:0,parent=spi1.0: JESD204[0] transition opt_setup_stage5 -> clocks_enable
[    8.160481] jesd204: /axi/spi@ff040000/ad9081@0,jesd204:0,parent=spi1.0: JESD204[2] transition clocks_enable -> link_enable
[    8.171613] jesd204: /axi/spi@ff040000/ad9081@0,jesd204:0,parent=spi1.0: JESD204[0] transition clocks_enable -> link_enable
[    8.311699] axi-jesd204-rx 84a90000.axi-jesd204-rx: axi_jesd204_rx_jesd204_link_running: Link2 status failed (CGS)
[    8.322047] jesd204: /fpga-axi@0/axi-jesd204-rx@84a90000,jesd204:4,parent=84a90000.axi-jesd204-rx: JESD204[2] In link_running got error from cb: -1 (ignoring!)
[    8.431934] ad9081 spi1.0: JESD RX (JTX) Link2 in CGS, SYNC asserted, PLL locked, PHASE established, MODE valid
[    8.442022] jesd204: /axi/spi@ff040000/ad9081@0,jesd204:0,parent=spi1.0: JESD204[2] In link_running got error from cb: -1 (ignoring!)
[    8.454278] ad9081 spi1.0: JESD TX (JRX) Link0 0xF lanes in DATA
[    8.460284] jesd204: /axi/spi@ff040000/ad9081@0,jesd204:0,parent=spi1.0: JESD204[2] transition link_enable -> link_running
[    8.471322] jesd204: /axi/spi@ff040000/ad9081@0,jesd204:0,parent=spi1.0: JESD204[0] transition link_enable -> link_running
[    8.482368] jesd204: /axi/spi@ff040000/ad9081@0,jesd204:0,parent=spi1.0: JESD204[2] transition link_running -> opt_post_running_stage
[    8.494359] jesd204: /axi/spi@ff040000/ad9081@0,jesd204:0,parent=spi1.0: JESD204[0] transition link_running -> opt_post_running_stage
[    8.515571] input: gpio-keys as /devices/platform/gpio-keys/input/input0
[    8.522589] of_cfs_init
[    8.525052] of_cfs_init: OK
[    8.528001] cfg80211: Loading compiled-in X.509 certificates for regulatory database
[    8.666223] cfg80211: Loaded X.509 cert 'sforshee: 00b28ddf47aef9cea7'
[    8.672753] clk: Not disabling unused clocks
[    8.677283] ALSA device list:
[    8.680244]   No soundcards found.
[    8.683904] platform regulatory.0: Direct firmware load for regulatory.db failed with error -2
[    8.692516] cfg80211: failed to load regulatory.db
[    8.707332] EXT4-fs (mmcblk0p2): mounted filesystem with ordered data mode. Opts: (null)
[    8.715449] VFS: Mounted root (ext4 filesystem) on device 179:2.
[    8.728579] devtmpfs: mounted
[    8.732396] Freeing unused kernel memory: 2560K
[    8.737010] Run /sbin/init as init process
[    8.741105]   with arguments:
[    8.741107]     /sbin/init
[    8.741109]   with environment:
[    8.741111]     HOME=/
[    8.741114]     TERM=linux
[    9.304423] systemd[1]: systemd 241 running in system mode. (+PAM +AUDIT +SELINUX +IMA +APPARMOR +SMACK +SYSVINIT +UTMP +LIBCRYPTSETUP +GCRYPT +GNUTLS +ACL +XZ +LZ4 +SECCOMP +BLKID +ELFUTILS +KMOD -IDN2 +IDN -PCRE2 default-hierarchy=hybrid)
[    9.326325] systemd[1]: Detected architecture arm64.
[    9.348400] systemd[1]: Set hostname to <analog>.
[    9.534534] systemd[1]: File /lib/systemd/system/systemd-journald.service:12 configures an IP firewall (IPAddressDeny=any), but the local system does not support BPF/cgroup based firewalling.
[    9.551577] systemd[1]: Proceeding WITHOUT firewalling in effect! (This warning is only shown for the first loaded unit using IP firewalling.)
[    9.714327] systemd[1]: /etc/systemd/system/tof-server.service:1: Assignment outside of section. Ignoring.
[    9.724049] systemd[1]: /etc/systemd/system/tof-server.service:2: Assignment outside of section. Ignoring.
[    9.906583] random: systemd: uninitialized urandom read (16 bytes read)
[    9.921305] random: systemd: uninitialized urandom read (16 bytes read)
[    9.928533] systemd[1]: Created slice system-systemd\x2dfsck.slice.
[    9.951783] random: systemd: uninitialized urandom read (16 bytes read)
[    9.958649] systemd[1]: Created slice system-getty.slice.
[    9.980063] systemd[1]: Created slice system-serial\x2dgetty.slice.
[   10.553834] ------------[ cut here ]------------
[   10.553843] Enabling unprepared \xa0\xe9Q\x88\xff\xff\xffpQ\x88\xff\xff\xff
[   10.553890] WARNING: CPU: 3 PID: 126 at drivers/clk/clk.c:1012 clk_core_enable+0xa4/0xc0
[   10.553893] Modules linked in:
[   10.553903] CPU: 3 PID: 126 Comm: kworker/3:1H Not tainted 5.10.0-98103-g2aa7ac113716 #5577
[   10.553906] Hardware name: ZynqMP ZCU102 Rev1.0 (DT)
[   10.553916] Workqueue: kblockd blk_mq_run_work_fn
[   10.553923] pstate: 80000085 (Nzcv daIf -PAN -UAO -TCO BTYPE=--)
[   10.553929] pc : clk_core_enable+0xa4/0xc0
[   10.553934] lr : clk_core_enable+0xa4/0xc0
[   10.553938] sp : ffffffc012b432d0
[   10.553940] x29: ffffffc012b432d0 x28: ffffff8800330c10 
[   10.553947] x27: ffffff8800330d48 x26: 0000005000000101 
[   10.553954] x25: 000000026f1d9586 x24: 0000000000000001 
[   10.553961] x23: ffffff88010e9380 x22: ffffff8801083220 
[   10.553967] x21: ffffff8801517000 x20: ffffff8801517008 
[   10.553973] x19: ffffff8801517008 x18: 0000000000000030 
[   10.553980] x17: 0000000000000002 x16: 0000b23fb6261ed0 
[   10.553986] x15: ffffffffffff8990 x14: ffffffc011d3b1a0 
[   10.553993] x13: ffffffc011d3b1c8 x12: 00000000000005f7 
[   10.553999] x11: 00000000000001fd x10: ffffffc011d671c8 
[   10.554006] x9 : 00000000fffff800 x8 : ffffffc011d3b1c8 
[   10.554012] x7 : ffffffc011d671c8 x6 : 0000000000000001 
[   10.554019] x5 : ffffff887f7a89e0 x4 : 0000000000000000 
[   10.554025] x3 : 0000000000000027 x2 : 0000000000000023 
[   10.554031] x1 : 8ad4de8ebc348200 x0 : 0000000000000000 
[   10.554038] Call trace:
[   10.554044]  clk_core_enable+0xa4/0xc0
[   10.554049]  clk_enable+0x2c/0x60
[   10.554055]  zynqmp_runtime_resume+0x24/0x84
[   10.554062]  pm_generic_runtime_resume+0x30/0x50
[   10.554067]  __genpd_runtime_resume+0x30/0xb0
[   10.554074]  genpd_runtime_resume+0x90/0x250
[   10.554080]  __rpm_callback+0x10c/0x1e0
[   10.554085]  rpm_callback+0x5c/0x84
[   10.554090]  rpm_resume+0x4a4/0x74c
[   10.554095]  __pm_runtime_resume+0x78/0xc4
[   10.554099]  spi_mem_access_start.isra.0+0x30/0x80
[   10.554103]  spi_mem_exec_op+0x3b0/0x424
[   10.554108]  spi_nor_read_sr+0x78/0xe0
[   10.554113]  spi_nor_wait_till_ready_with_timeout+0xb4/0x2f0
[   10.554118]  spi_nor_read+0x188/0x380
[   10.554123]  mtd_read_oob_std+0x78/0x84
[   10.554127]  mtd_read_oob+0x7c/0x134
[   10.554132]  mtd_read+0x48/0x7c
[   10.554137]  mtdblock_readsect+0x6c/0x150
[   10.554142]  mtd_queue_rq+0x2cc/0x5a0
[   10.554148]  blk_mq_dispatch_rq_list+0x110/0x790
[   10.554154]  __blk_mq_do_dispatch_sched+0x200/0x274
[   10.554160]  __blk_mq_sched_dispatch_requests+0x1a8/0x1fc
[   10.554165]  blk_mq_sched_dispatch_requests+0x3c/0x7c
[   10.554170]  __blk_mq_run_hw_queue+0x98/0x100
[   10.554175]  blk_mq_run_work_fn+0x24/0x30
[   10.554181]  process_one_work+0x1d4/0x380
[   10.554185]  worker_thread+0x78/0x4e0
[   10.554190]  kthread+0x124/0x130
[   10.554195]  ret_from_fork+0x10/0x3c
[   10.554199] ---[ end trace 542241b126074f9c ]---
[   10.554208] zynqmp-qspi ff0f0000.spi: Cannot enable APB clock.
[   10.554258] spi_master spi0: Failed to power device: -108
[   10.554268] blk_update_request: I/O error, dev mtdblock0, sector 8 op 0x0:(READ) flags 0x80700 phys_seg 1 prio class 0
[   10.554337] spi_master spi0: Failed to power device: -22
[   10.554344] blk_update_request: I/O error, dev mtdblock0, sector 8 op 0x0:(READ) flags 0x0 phys_seg 8 prio class 0
[   10.554349] Buffer I/O error on dev mtdblock0, logical block 8, async page read
[   10.554358] spi_master spi0: Failed to power device: -22
[   10.554364] blk_update_request: I/O error, dev mtdblock0, sector 9 op 0x0:(READ) flags 0x0 phys_seg 7 prio class 0
[   10.554368] Buffer I/O error on dev mtdblock0, logical block 9, async page read
[   10.554375] spi_master spi0: Failed to power device: -22
[   10.554381] blk_update_request: I/O error, dev mtdblock0, sector 10 op 0x0:(READ) flags 0x0 phys_seg 6 prio class 0
[   10.554385] Buffer I/O error on dev mtdblock0, logical block 10, async page read
[   10.554392] spi_master spi0: Failed to power device: -22
[   10.554397] blk_update_request: I/O error, dev mtdblock0, sector 11 op 0x0:(READ) flags 0x0 phys_seg 5 prio class 0
[   10.554401] Buffer I/O error on dev mtdblock0, logical block 11, async page read
[   10.554408] spi_master spi0: Failed to power device: -22
[   10.554413] blk_update_request: I/O error, dev mtdblock0, sector 12 op 0x0:(READ) flags 0x0 phys_seg 4 prio class 0
[   10.554417] Buffer I/O error on dev mtdblock0, logical block 12, async page read
[   10.554424] spi_master spi0: Failed to power device: -22
[   10.554430] blk_update_request: I/O error, dev mtdblock0, sector 13 op 0x0:(READ) flags 0x0 phys_seg 3 prio class 0
[   10.554433] Buffer I/O error on dev mtdblock0, logical block 13, async page read
[   10.554440] spi_master spi0: Failed to power device: -22
[   10.554445] blk_update_request: I/O error, dev mtdblock0, sector 14 op 0x0:(READ) flags 0x0 phys_seg 2 prio class 0
[   10.554449] Buffer I/O error on dev mtdblock0, logical block 14, async page read
[   10.554456] spi_master spi0: Failed to power device: -22
[   10.554461] blk_update_request: I/O error, dev mtdblock0, sector 15 op 0x0:(READ) flags 0x0 phys_seg 1 prio class 0
[   10.554465] Buffer I/O error on dev mtdblock0, logical block 15, async page read
[   10.554759] spi_master spi0: Failed to power device: -22
[   10.554766] blk_update_request: I/O error, dev mtdblock1, sector 10112 op 0x0:(READ) flags 0x80700 phys_seg 1 prio class 0
[   10.554809] spi_master spi0: Failed to power device: -22
[   10.554815] Buffer I/O error on dev mtdblock1, logical block 10112, async page read
[   10.554823] spi_master spi0: Failed to power device: -22
[   10.554828] Buffer I/O error on dev mtdblock1, logical block 10113, async page read
[   10.554835] spi_master spi0: Failed to power device: -22
[   10.554843] spi_master spi0: Failed to power device: -22
[   10.554850] spi_master spi0: Failed to power device: -22
[   10.554857] spi_master spi0: Failed to power device: -22
[   10.554864] spi_master spi0: Failed to power device: -22
[   10.554871] spi_master spi0: Failed to power device: -22
[   10.555111] spi_master spi0: Failed to power device: -22
[   10.555155] spi_master spi0: Failed to power device: -22
[   10.555165] spi_master spi0: Failed to power device: -22
[   10.555173] spi_master spi0: Failed to power device: -22
[   10.555180] spi_master spi0: Failed to power device: -22
[   10.555188] spi_master spi0: Failed to power device: -22
[   10.555195] spi_master spi0: Failed to power device: -22
[   10.555202] spi_master spi0: Failed to power device: -22
[   10.555209] spi_master spi0: Failed to power device: -22
[   10.555515] spi_master spi0: Failed to power device: -22
[   10.555559] spi_master spi0: Failed to power device: -22
[   10.555568] spi_master spi0: Failed to power device: -22
[   10.555576] spi_master spi0: Failed to power device: -22
[   10.555583] spi_master spi0: Failed to power device: -22
[   10.555591] spi_master spi0: Failed to power device: -22
[   10.555598] spi_master spi0: Failed to power device: -22
[   10.555605] spi_master spi0: Failed to power device: -22
[   10.555612] spi_master spi0: Failed to power device: -22
[   10.679593] EXT4-fs (mmcblk0p2): re-mounted. Opts: (null)
[   10.763880] systemd-journald[168]: Received request to flush runtime journal from PID 1
[   16.686880] macb ff0e0000.ethernet eth0: PHY [ff0e0000.ethernet-ffffffff:0c] driver [TI DP83867] (irq=POLL)
[   16.686892] macb ff0e0000.ethernet eth0: configuring for phy/rgmii-id link mode
[   16.967758] Adding 101372k swap on /var/swap.  Priority:-2 extents:13 across:10143904k SS
[   18.747724] random: crng init done
[   18.747736] random: 7 urandom warning(s) missed due to ratelimiting
[   19.495635] broken atomic modeset userspace detected, disabling atomic
[   20.769326] macb ff0e0000.ethernet eth0: Link is Up - 1Gbps/Full - flow control off
[   20.769352] IPv6: ADDRCONF(NETDEV_CHANGE): eth0: link becomes ready
[   22.168253] broken atomic modeset userspace detected, disabling atomic
[   25.095530] broken atomic modeset userspace detected, disabling atomic
[   27.723167] broken atomic modeset userspace detected, disabling atomic