[    0.000000] Booting Linux on physical CPU 0x0000000000 [0x410fd034]
[    0.000000] Linux version 5.10.0-98103-g2aa7ac113716 (jenkins@romlxbuild1.adlk.analog.com) (aarch64-xilinx-linux-gcc.real (GCC) 10.2.0, GNU ld (GNU Binutils) 2.35.0.20200730) #5577 SMP Wed Mar 23 07:28:49 GMT 2022
[    0.000000] Machine model: ZynqMP ZCU102 Rev1.0
[    0.000000] earlycon: cdns0 at MMIO 0x00000000ff000000 (options '115200n8')
[    0.000000] printk: bootconsole [cdns0] enabled
[    0.000000] efi: UEFI not found.
[    0.000000] cma: Reserved 256 MiB at 0x0000000070000000
[    0.000000] Zone ranges:
[    0.000000]   DMA      [mem 0x0000000000000000-0x000000003fffffff]
[    0.000000]   DMA32    [mem 0x0000000040000000-0x00000000ffffffff]
[    0.000000]   Normal   [mem 0x0000000100000000-0x000000087fffffff]
[    0.000000] Movable zone start for each node
[    0.000000] Early memory node ranges
[    0.000000]   node   0: [mem 0x0000000000000000-0x000000007fffffff]
[    0.000000]   node   0: [mem 0x0000000800000000-0x000000087fffffff]
[    0.000000] Initmem setup node 0 [mem 0x0000000000000000-0x000000087fffffff]
[    0.000000] On node 0 totalpages: 1048576
[    0.000000]   DMA zone: 3584 pages used for memmap
[    0.000000]   DMA zone: 0 pages reserved
[    0.000000]   DMA zone: 262144 pages, LIFO batch:63
[    0.000000]   DMA32 zone: 3584 pages used for memmap
[    0.000000]   DMA32 zone: 262144 pages, LIFO batch:63
[    0.000000]   Normal zone: 7168 pages used for memmap
[    0.000000]   Normal zone: 524288 pages, LIFO batch:63
[    0.000000] psci: probing for conduit method from DT.
[    0.000000] psci: PSCIv1.1 detected in firmware.
[    0.000000] psci: Using standard PSCI v0.2 function IDs
[    0.000000] psci: MIGRATE_INFO_TYPE not supported.
[    0.000000] psci: SMC Calling Convention v1.2
[    0.000000] percpu: Embedded 22 pages/cpu s49496 r8192 d32424 u90112
[    0.000000] pcpu-alloc: s49496 r8192 d32424 u90112 alloc=22*4096
[    0.000000] pcpu-alloc: [0] 0 [0] 1 [0] 2 [0] 3 
[    0.000000] Detected VIPT I-cache on CPU0
[    0.000000] CPU features: detected: ARM erratum 845719
[    0.000000] Built 1 zonelists, mobility grouping on.  Total pages: 1034240
[    0.000000] Kernel command line: console=ttyPS0,115200 root=/dev/mmcblk0p2 rw earlycon rootfstype=ext4 rootwait clk_ignore_unused cpuidle.off=1 root=/dev/mmcblk0p2 rw rootwait
[    0.000000] Dentry cache hash table entries: 524288 (order: 10, 4194304 bytes, linear)
[    0.000000] Inode-cache hash table entries: 262144 (order: 9, 2097152 bytes, linear)
[    0.000000] mem auto-init: stack:off, heap alloc:off, heap free:off
[    0.000000] software IO TLB: mapped [mem 0x000000003bfff000-0x000000003ffff000] (64MB)
[    0.000000] Memory: 3761904K/4194304K available (15296K kernel code, 1636K rwdata, 11876K rodata, 2560K init, 507K bss, 170256K reserved, 262144K cma-reserved)
[    0.000000] rcu: Hierarchical RCU implementation.
[    0.000000] rcu: 	RCU event tracing is enabled.
[    0.000000] rcu: 	RCU restricting CPUs from NR_CPUS=8 to nr_cpu_ids=4.
[    0.000000] rcu: RCU calculated value of scheduler-enlistment delay is 25 jiffies.
[    0.000000] rcu: Adjusting geometry for rcu_fanout_leaf=16, nr_cpu_ids=4
[    0.000000] NR_IRQS: 64, nr_irqs: 64, preallocated irqs: 0
[    0.000000] GIC: Adjusting CPU interface base to 0x00000000f902f000
[    0.000000] GIC: Using split EOI/Deactivate mode
[    0.000000] random: get_random_bytes called from start_kernel+0x31c/0x54c with crng_init=0
[    0.000000] arch_timer: cp15 timer(s) running at 100.00MHz (phys).
[    0.000000] clocksource: arch_sys_counter: mask: 0xffffffffffffff max_cycles: 0x171024e7e0, max_idle_ns: 440795205315 ns
[    0.000004] sched_clock: 56 bits at 100MHz, resolution 10ns, wraps every 4398046511100ns
[    0.008463] Console: colour dummy device 80x25
[    0.012483] Calibrating delay loop (skipped), value calculated using timer frequency.. 200.00 BogoMIPS (lpj=400000)
[    0.022841] pid_max: default: 32768 minimum: 301
[    0.027548] Mount-cache hash table entries: 8192 (order: 4, 65536 bytes, linear)
[    0.034789] Mountpoint-cache hash table entries: 8192 (order: 4, 65536 bytes, linear)
[    0.043395] rcu: Hierarchical SRCU implementation.
[    0.047561] EFI services will not be available.
[    0.051939] smp: Bringing up secondary CPUs ...
[    0.056654] Detected VIPT I-cache on CPU1
[    0.056694] CPU1: Booted secondary processor 0x0000000001 [0x410fd034]
[    0.057060] Detected VIPT I-cache on CPU2
[    0.057084] CPU2: Booted secondary processor 0x0000000002 [0x410fd034]
[    0.057422] Detected VIPT I-cache on CPU3
[    0.057445] CPU3: Booted secondary processor 0x0000000003 [0x410fd034]
[    0.057491] smp: Brought up 1 node, 4 CPUs
[    0.091780] SMP: Total of 4 processors activated.
[    0.096452] CPU features: detected: 32-bit EL0 Support
[    0.101556] CPU features: detected: CRC32 instructions
[    0.106696] CPU: All CPU(s) started at EL2
[    0.110737] alternatives: patching kernel code
[    0.116168] devtmpfs: initialized
[    0.124057] Registered cp15_barrier emulation handler
[    0.124107] Registered setend emulation handler
[    0.128083] clocksource: jiffies: mask: 0xffffffff max_cycles: 0xffffffff, max_idle_ns: 7645041785100000 ns
[    0.137662] futex hash table entries: 1024 (order: 4, 65536 bytes, linear)
[    0.151013] pinctrl core: initialized pinctrl subsystem
[    0.151656] NET: Registered protocol family 16
[    0.156079] DMA: preallocated 512 KiB GFP_KERNEL pool for atomic allocations
[    0.162091] DMA: preallocated 512 KiB GFP_KERNEL|GFP_DMA pool for atomic allocations
[    0.169817] DMA: preallocated 512 KiB GFP_KERNEL|GFP_DMA32 pool for atomic allocations
[    0.177619] audit: initializing netlink subsys (disabled)
[    0.183070] audit: type=2000 audit(0.116:1): state=initialized audit_enabled=0 res=1
[    0.183416] hw-breakpoint: found 6 breakpoint and 4 watchpoint registers.
[    0.197445] ASID allocator initialised with 65536 entries
[    0.224297] HugeTLB registered 1.00 GiB page size, pre-allocated 0 pages
[    0.225351] HugeTLB registered 32.0 MiB page size, pre-allocated 0 pages
[    0.232022] HugeTLB registered 2.00 MiB page size, pre-allocated 0 pages
[    0.238682] HugeTLB registered 64.0 KiB page size, pre-allocated 0 pages
[    1.304252] DRBG: Continuing without Jitter RNG
[    1.382085] raid6: neonx8   gen()  2145 MB/s
[    1.450130] raid6: neonx8   xor()  1597 MB/s
[    1.518184] raid6: neonx4   gen()  2193 MB/s
[    1.586235] raid6: neonx4   xor()  1568 MB/s
[    1.654310] raid6: neonx2   gen()  2076 MB/s
[    1.722352] raid6: neonx2   xor()  1440 MB/s
[    1.790418] raid6: neonx1   gen()  1771 MB/s
[    1.858464] raid6: neonx1   xor()  1220 MB/s
[    1.926527] raid6: int64x8  gen()  1438 MB/s
[    1.994580] raid6: int64x8  xor()   771 MB/s
[    2.062647] raid6: int64x4  gen()  1598 MB/s
[    2.130696] raid6: int64x4  xor()   818 MB/s
[    2.198780] raid6: int64x2  gen()  1397 MB/s
[    2.266828] raid6: int64x2  xor()   749 MB/s
[    2.334902] raid6: int64x1  gen()  1032 MB/s
[    2.402953] raid6: int64x1  xor()   517 MB/s
[    2.402991] raid6: using algorithm neonx4 gen() 2193 MB/s
[    2.406944] raid6: .... xor() 1568 MB/s, rmw enabled
[    2.411874] raid6: using neon recovery algorithm
[    2.416886] iommu: Default domain type: Translated 
[    2.421500] SCSI subsystem initialized
[    2.425044] libata version 3.00 loaded.
[    2.425170] usbcore: registered new interface driver usbfs
[    2.430498] usbcore: registered new interface driver hub
[    2.435774] usbcore: registered new device driver usb
[    2.440908] mc: Linux media interface: v0.10
[    2.445021] videodev: Linux video capture interface: v2.00
[    2.450514] EDAC MC: Ver: 3.0.0
[    2.453948] zynqmp-ipi-mbox mailbox@ff990400: Registered ZynqMP IPI mbox with TX/RX channels.
[    2.462443] jesd204: created con: id=0, topo=0, link=0, /axi/spi@ff050000/hmc7044@0 <-> /fpga-axi@0/axi-adxcvr-tx@84b60000
[    2.473043] jesd204: created con: id=1, topo=0, link=2, /axi/spi@ff050000/hmc7044@0 <-> /fpga-axi@0/axi-adxcvr-rx@84a60000
[    2.484027] jesd204: created con: id=2, topo=0, link=0, /fpga-axi@0/axi-adxcvr-tx@84b60000 <-> /fpga-axi@0/axi-jesd204-tx@84b90000
[    2.495702] jesd204: created con: id=3, topo=0, link=2, /fpga-axi@0/axi-adxcvr-rx@84a60000 <-> /fpga-axi@0/axi-jesd204-rx@84a90000
[    2.507380] jesd204: created con: id=4, topo=0, link=0, /fpga-axi@0/axi-jesd204-tx@84b90000 <-> /fpga-axi@0/axi-ad9081-tx-hpc@84b10000
[    2.519407] jesd204: created con: id=5, topo=0, link=2, /fpga-axi@0/axi-jesd204-rx@84a90000 <-> /fpga-axi@0/axi-ad9081-rx-hpc@84a10000
[    2.531430] jesd204: created con: id=6, topo=0, link=2, /fpga-axi@0/axi-ad9081-rx-hpc@84a10000 <-> /axi/spi@ff040000/ad9081@0
[    2.542671] jesd204: created con: id=7, topo=0, link=0, /fpga-axi@0/axi-ad9081-tx-hpc@84b10000 <-> /axi/spi@ff040000/ad9081@0
[    2.553922] jesd204: /axi/spi@ff040000/ad9081@0: JESD204[2] transition uninitialized -> initialized
[    2.562908] jesd204: /axi/spi@ff040000/ad9081@0: JESD204[0] transition uninitialized -> initialized
[    2.571900] jesd204: found 8 devices and 1 topologies
[    2.576942] FPGA manager framework
[    2.580420] Advanced Linux Sound Architecture Driver Initialized.
[    2.586719] Bluetooth: Core ver 2.22
[    2.589902] NET: Registered protocol family 31
[    2.594304] Bluetooth: HCI device and connection manager initialized
[    2.600620] Bluetooth: HCI socket layer initialized
[    2.605463] Bluetooth: L2CAP socket layer initialized
[    2.610486] Bluetooth: SCO socket layer initialized
[    2.615675] clocksource: Switched to clocksource arch_sys_counter
[    2.621474] VFS: Disk quotas dquot_6.6.0
[    2.625314] VFS: Dquot-cache hash table entries: 512 (order 0, 4096 bytes)
[    2.636023] NET: Registered protocol family 2
[    2.636763] tcp_listen_portaddr_hash hash table entries: 2048 (order: 3, 32768 bytes, linear)
[    2.644957] TCP established hash table entries: 32768 (order: 6, 262144 bytes, linear)
[    2.652979] TCP bind hash table entries: 32768 (order: 7, 524288 bytes, linear)
[    2.660424] TCP: Hash tables configured (established 32768 bind 32768)
[    2.666603] UDP hash table entries: 2048 (order: 4, 65536 bytes, linear)
[    2.673265] UDP-Lite hash table entries: 2048 (order: 4, 65536 bytes, linear)
[    2.680428] NET: Registered protocol family 1
[    2.684893] RPC: Registered named UNIX socket transport module.
[    2.690501] RPC: Registered udp transport module.
[    2.695168] RPC: Registered tcp transport module.
[    2.699835] RPC: Registered tcp NFSv4.1 backchannel transport module.
[    2.706821] PCI: CLS 0 bytes, default 64
[    2.710530] hw perfevents: no interrupt-affinity property for /pmu, guessing.
[    2.717387] hw perfevents: enabled with armv8_pmuv3 PMU driver, 7 counters available
[    2.725733] Initialise system trusted keyrings
[    2.729407] workingset: timestamp_bits=62 max_order=20 bucket_order=0
[    2.736319] NFS: Registering the id_resolver key type
[    2.740764] Key type id_resolver registered
[    2.744902] Key type id_legacy registered
[    2.748896] nfs4filelayout_init: NFSv4 File Layout Driver Registering...
[    2.755558] jffs2: version 2.2. (NAND) (SUMMARY)  Â© 2001-2006 Red Hat, Inc.
[    2.798137] NET: Registered protocol family 38
[    2.798179] xor: measuring software checksum speed
[    2.805865]    8regs           :  2363 MB/sec
[    2.809533]    32regs          :  2799 MB/sec
[    2.814476]    arm64_neon      :  2380 MB/sec
[    2.814666] xor: using function: 32regs (2799 MB/sec)
[    2.819692] Key type asymmetric registered
[    2.823753] Asymmetric key parser 'x509' registered
[    2.828614] Block layer SCSI generic (bsg) driver version 0.4 loaded (major 248)
[    2.835951] io scheduler mq-deadline registered
[    2.840447] io scheduler kyber registered
[    2.869813] Serial: 8250/16550 driver, 4 ports, IRQ sharing disabled
[    2.874464] cacheinfo: Unable to detect cache hierarchy for CPU 0
[    2.880820] brd: module loaded
[    2.884972] loop: module loaded
[    2.885521] Registered mathworks_ip class
[    2.888823] libphy: Fixed MDIO Bus: probed
[    2.891810] tun: Universal TUN/TAP device driver, 1.6
[    2.895860] CAN device driver interface
[    2.900392] usbcore: registered new interface driver asix
[    2.904997] usbcore: registered new interface driver ax88179_178a
[    2.911026] usbcore: registered new interface driver cdc_ether
[    2.916819] usbcore: registered new interface driver net1080
[    2.922444] usbcore: registered new interface driver cdc_subset
[    2.928326] usbcore: registered new interface driver zaurus
[    2.933871] usbcore: registered new interface driver cdc_ncm
[    2.940279] ehci_hcd: USB 2.0 'Enhanced' Host Controller (EHCI) Driver
[    2.945955] ehci-pci: EHCI PCI platform driver
[    2.950759] usbcore: registered new interface driver uas
[    2.955683] usbcore: registered new interface driver usb-storage
[    2.961658] usbcore: registered new interface driver usbserial_generic
[    2.968108] usbserial: USB Serial support registered for generic
[    2.974083] usbcore: registered new interface driver ftdi_sio
[    2.979786] usbserial: USB Serial support registered for FTDI USB Serial Device
[    2.987056] usbcore: registered new interface driver upd78f0730
[    2.992931] usbserial: USB Serial support registered for upd78f0730
[    3.000590] rtc_zynqmp ffa60000.rtc: registered as rtc0
[    3.004365] rtc_zynqmp ffa60000.rtc: setting system clock to 2022-04-12T21:51:38 UTC (1649800298)
[    3.013223] i2c /dev entries driver
[    3.018534] usbcore: registered new interface driver uvcvideo
[    3.022333] USB Video Class driver (1.1.1)
[    3.027918] Bluetooth: HCI UART driver ver 2.3
[    3.030805] Bluetooth: HCI UART protocol H4 registered
[    3.035914] Bluetooth: HCI UART protocol BCSP registered
[    3.041206] Bluetooth: HCI UART protocol LL registered
[    3.046292] Bluetooth: HCI UART protocol ATH3K registered
[    3.051672] Bluetooth: HCI UART protocol Three-wire (H5) registered
[    3.057921] Bluetooth: HCI UART protocol Intel registered
[    3.063258] Bluetooth: HCI UART protocol QCA registered
[    3.068459] usbcore: registered new interface driver bcm203x
[    3.074083] usbcore: registered new interface driver bpa10x
[    3.079616] usbcore: registered new interface driver bfusb
[    3.085066] usbcore: registered new interface driver btusb
[    3.090531] usbcore: registered new interface driver ath3k
[    3.096013] EDAC MC: ECC not enabled
[    3.099633] EDAC DEVICE0: Giving out device to module zynqmp-ocm-edac controller zynqmp_ocm: DEV ff960000.memory-controller (INTERRUPT)
[    3.111957] sdhci: Secure Digital Host Controller Interface driver
[    3.117741] sdhci: Copyright(c) Pierre Ossman
[    3.122066] sdhci-pltfm: SDHCI platform and OF driver helper
[    3.128120] ledtrig-cpu: registered to indicate activity on CPUs
[    3.133671] SMCCC: SOC_ID: ARCH_SOC_ID not implemented, skipping ....
[    3.140104] zynqmp_firmware_probe Platform Management API v1.1
[    3.145857] zynqmp_firmware_probe Trustzone version v1.0
[    3.185406] zynqmp-pinctrl firmware:zynqmp-firmware:pinctrl: zynqmp pinctrl initialized
[    3.233410] zynqmp-aes firmware:zynqmp-firmware:zynqmp-aes: will run requests pump with realtime priority
[    3.249185] alg: No test for xilinx-keccak-384 (zynqmp-keccak-384)
[    3.249895] alg: No test for xilinx-zynqmp-rsa (zynqmp-rsa)
[    3.255411] usbcore: registered new interface driver usbhid
[    3.260798] usbhid: USB HID core driver
[    3.272019] axi_sysid 85000000.axi-sysid-0: AXI System ID core version (1.01.a) found
[    3.274370] axi_sysid 85000000.axi-sysid-0: [ad9081_fmca_ebz] on [zcu102] git branch <master> git <084d44c9780640ca93fd847b1d9ec70dd65f5c67> clean [2022-03-18 04:17:50] UTC
[    3.290063] fpga_manager fpga0: Xilinx ZynqMP FPGA Manager registered
[    3.296427] usbcore: registered new interface driver snd-usb-audio
[    3.303860] pktgen: Packet Generator for packet performance testing. Version: 2.75
[    3.310039] Initializing XFRM netlink socket
[    3.313902] NET: Registered protocol family 10
[    3.318610] Segment Routing with IPv6
[    3.321995] sit: IPv6, IPv4 and MPLS over IPv4 tunneling driver
[    3.328069] NET: Registered protocol family 17
[    3.332171] NET: Registered protocol family 15
[    3.336673] can: controller area network core
[    3.340921] NET: Registered protocol family 29
[    3.345309] can: raw protocol
[    3.348247] can: broadcast manager protocol
[    3.352402] can: netlink gateway - max_hops=1
[    3.356797] Bluetooth: RFCOMM TTY layer initialized
[    3.361577] Bluetooth: RFCOMM socket layer initialized
[    3.366686] Bluetooth: RFCOMM ver 1.11
[    3.370396] Bluetooth: BNEP (Ethernet Emulation) ver 1.3
[    3.375667] Bluetooth: BNEP filters: protocol multicast
[    3.380858] Bluetooth: BNEP socket layer initialized
[    3.385788] Bluetooth: HIDP (Human Interface Emulation) ver 1.2
[    3.391672] Bluetooth: HIDP socket layer initialized
[    3.396724] 9pnet: Installing 9P2000 support
[    3.400849] NET: Registered protocol family 36
[    3.405264] Key type dns_resolver registered
[    3.409696] registered taskstats version 1
[    3.413562] Loading compiled-in X.509 certificates
[    3.418672] Btrfs loaded, crc32c=crc32c-generic
[    3.431074] ff000000.serial: ttyPS0 at MMIO 0xff000000 (irq = 49, base_baud = 6249999) is a xuartps
[    3.440096] printk: console [ttyPS0] enabled
[    3.444391] printk: bootconsole [cdns0] disabled
[    3.454023] ff010000.serial: ttyPS1 at MMIO 0xff010000 (irq = 50, base_baud = 6249999) is a xuartps
[    3.467254] of-fpga-region fpga-full: FPGA Region probed
[    3.474215] nwl-pcie fd0e0000.pcie: host bridge /axi/pcie@fd0e0000 ranges:
[    3.481111] nwl-pcie fd0e0000.pcie:      MEM 0x00e0000000..0x00efffffff -> 0x00e0000000
[    3.489119] nwl-pcie fd0e0000.pcie:      MEM 0x0600000000..0x07ffffffff -> 0x0600000000
[    3.497183] nwl-pcie fd0e0000.pcie: Link is DOWN
[    3.501940] nwl-pcie fd0e0000.pcie: PCI host bridge to bus 0000:00
[    3.508119] pci_bus 0000:00: root bus resource [bus 00-ff]
[    3.513600] pci_bus 0000:00: root bus resource [mem 0xe0000000-0xefffffff]
[    3.520470] pci_bus 0000:00: root bus resource [mem 0x600000000-0x7ffffffff pref]
[    3.527974] pci 0000:00:00.0: [10ee:d021] type 01 class 0x060400
[    3.534030] pci 0000:00:00.0: PME# supported from D0 D1 D2 D3hot
[    3.544465] pci 0000:00:00.0: PCI bridge to [bus 01-0c]
[    3.550440] xilinx-zynqmp-dma fd500000.dma: ZynqMP DMA driver Probe success
[    3.557617] xilinx-zynqmp-dma fd510000.dma: ZynqMP DMA driver Probe success
[    3.564785] xilinx-zynqmp-dma fd520000.dma: ZynqMP DMA driver Probe success
[    3.571957] xilinx-zynqmp-dma fd530000.dma: ZynqMP DMA driver Probe success
[    3.579117] xilinx-zynqmp-dma fd540000.dma: ZynqMP DMA driver Probe success
[    3.586280] xilinx-zynqmp-dma fd550000.dma: ZynqMP DMA driver Probe success
[    3.593450] xilinx-zynqmp-dma fd560000.dma: ZynqMP DMA driver Probe success
[    3.600621] xilinx-zynqmp-dma fd570000.dma: ZynqMP DMA driver Probe success
[    3.608032] xilinx-zynqmp-dpdma fd4c0000.dma-controller: Xilinx DPDMA engine is probed
[    3.616578] ahci-ceva fd0c0000.ahci: supply ahci not found, using dummy regulator
[    3.624122] ahci-ceva fd0c0000.ahci: supply phy not found, using dummy regulator
[    3.711850] hmc7044 spi2.0: PLL1: Acquisition, CLKIN0 @ 122880000 Hz, PFD: 80 kHz - PLL2: Locked @ 3080.000000 MHz
[    3.722567] jesd204: /axi/spi@ff050000/hmc7044@0,jesd204:1,parent=spi2.0: Using as SYSREF provider
[    3.732148] spi-nor spi0.0: SPI-NOR-UniqueID 100000235394732200270025081115266e
[    3.739458] spi-nor spi0.0: found n25q512a, expected m25p80
[    3.745658] spi-nor spi0.0: trying to lock already unlocked area
[    3.751659] spi-nor spi0.0: n25q512a (131072 Kbytes)
[    3.756645] 4 fixed-partitions partitions found on MTD device spi0.0
[    3.762992] Creating 4 MTD partitions on "spi0.0":
[    3.767778] 0x000000000000-0x000000100000 : "qspi-fsbl-uboot"
[    3.774262] 0x000000100000-0x000000600000 : "qspi-linux"
[    3.780221] 0x000000600000-0x000000620000 : "qspi-device-tree"
[    3.786696] 0x000000620000-0x000000c00000 : "qspi-rootfs"
[    3.795156] macb ff0e0000.ethernet: Not enabling partial store and forward
[    3.802681] libphy: MACB_mii_bus: probed
[    3.807743] macb ff0e0000.ethernet eth0: Cadence GEM rev 0x50070106 at 0xff0e0000 irq 30 (00:0a:35:04:8e:1b)
[    3.817948] xilinx-axipmon ffa00000.perf-monitor: Probed Xilinx APM
[    3.824532] xilinx-axipmon fd0b0000.perf-monitor: Probed Xilinx APM
[    3.831045] xilinx-axipmon fd490000.perf-monitor: Probed Xilinx APM
[    3.837585] xilinx-axipmon ffa10000.perf-monitor: Probed Xilinx APM
[    3.847591] pca953x 0-0020: supply vcc not found, using dummy regulator
[    3.854277] pca953x 0-0020: using no AI
[    3.858767] gpio-496 (sel0): hogged as output/low
[    3.863682] gpio-497 (sel1): hogged as output/high
[    3.868667] gpio-498 (sel2): hogged as output/high
[    3.873657] gpio-499 (sel3): hogged as output/high
[    3.878827] pca953x 0-0021: supply vcc not found, using dummy regulator
[    3.885499] pca953x 0-0021: using no AI
[    3.891250] ina2xx 2-0040: power monitor ina226 (Rshunt = 5000 uOhm)
[    3.898276] ina2xx 2-0041: power monitor ina226 (Rshunt = 5000 uOhm)
[    3.905314] ina2xx 2-0042: power monitor ina226 (Rshunt = 5000 uOhm)
[    3.912350] ina2xx 2-0043: power monitor ina226 (Rshunt = 5000 uOhm)
[    3.919372] ina2xx 2-0044: power monitor ina226 (Rshunt = 5000 uOhm)
[    3.926387] ina2xx 2-0045: power monitor ina226 (Rshunt = 5000 uOhm)
[    3.933414] ina2xx 2-0046: power monitor ina226 (Rshunt = 5000 uOhm)
[    3.940487] ina2xx 2-0047: power monitor ina226 (Rshunt = 5000 uOhm)
[    3.947516] ina2xx 2-004a: power monitor ina226 (Rshunt = 5000 uOhm)
[    3.954547] ina2xx 2-004b: power monitor ina226 (Rshunt = 5000 uOhm)
[    3.960957] i2c i2c-0: Added multiplexed i2c bus 2
[    3.966354] random: fast init done
[    3.969824] ina2xx 3-0040: power monitor ina226 (Rshunt = 2000 uOhm)
[    3.976857] ina2xx 3-0041: power monitor ina226 (Rshunt = 5000 uOhm)
[    3.983882] ina2xx 3-0042: power monitor ina226 (Rshunt = 5000 uOhm)
[    3.990911] ina2xx 3-0043: power monitor ina226 (Rshunt = 5000 uOhm)
[    3.997934] ina2xx 3-0044: power monitor ina226 (Rshunt = 5000 uOhm)
[    4.004962] ina2xx 3-0045: power monitor ina226 (Rshunt = 5000 uOhm)
[    4.011991] ina2xx 3-0046: power monitor ina226 (Rshunt = 5000 uOhm)
[    4.019024] ina2xx 3-0047: power monitor ina226 (Rshunt = 5000 uOhm)
[    4.025425] i2c i2c-0: Added multiplexed i2c bus 3
[    4.081586] i2c i2c-0: Added multiplexed i2c bus 4
[    4.086535] i2c i2c-0: Added multiplexed i2c bus 5
[    4.091328] pca954x 0-0075: registered 4 multiplexed busses for I2C mux pca9544
[    4.098678] cdns-i2c ff020000.i2c: 400 kHz mmio ff020000 irq 32
[    4.106413] at24 6-0054: supply vcc not found, using dummy regulator
[    4.113311] at24 6-0054: 1024 byte 24c08 EEPROM, writable, 1 bytes/write
[    4.120058] i2c i2c-1: Added multiplexed i2c bus 6
[    4.126485] si5341 7-0036: Chip: 5341 Grade: 1 Rev: 1
[    4.164163] i2c i2c-1: Added multiplexed i2c bus 7
[    4.171817] si570 8-005d: registered, current frequency 300000000 Hz
[    4.178220] i2c i2c-1: Added multiplexed i2c bus 8
[    4.198012] si570 9-005d: registered, current frequency 148500000 Hz
[    4.204417] i2c i2c-1: Added multiplexed i2c bus 9
[    4.209456] si5324 10-0069: si5328 probed
[    4.276031] si5324 10-0069: si5328 probe successful
[    4.280960] i2c i2c-1: Added multiplexed i2c bus 10
[    4.285989] i2c i2c-1: Added multiplexed i2c bus 11
[    4.291013] i2c i2c-1: Added multiplexed i2c bus 12
[    4.296034] i2c i2c-1: Added multiplexed i2c bus 13
[    4.300915] pca954x 1-0074: registered 8 multiplexed busses for I2C switch pca9548
[    4.309026] at24 14-0050: supply vcc not found, using dummy regulator
[    4.315811] at24 14-0050: 256 byte 24c02 EEPROM, writable, 1 bytes/write
[    4.322559] i2c i2c-1: Added multiplexed i2c bus 14
[    4.327600] i2c i2c-1: Added multiplexed i2c bus 15
[    4.332631] i2c i2c-1: Added multiplexed i2c bus 16
[    4.337666] i2c i2c-1: Added multiplexed i2c bus 17
[    4.342704] i2c i2c-1: Added multiplexed i2c bus 18
[    4.347744] i2c i2c-1: Added multiplexed i2c bus 19
[    4.352790] i2c i2c-1: Added multiplexed i2c bus 20
[    4.357826] i2c i2c-1: Added multiplexed i2c bus 21
[    4.362699] pca954x 1-0075: registered 8 multiplexed busses for I2C switch pca9548
[    4.370308] cdns-i2c ff030000.i2c: 400 kHz mmio ff030000 irq 33
[    4.380055] cdns-wdt fd4d0000.watchdog: Xilinx Watchdog Timer with timeout 60s
[    4.389106] axi_adxcvr 84a60000.axi-adxcvr-rx: adxcvr_enforce_settings: Using QPLL without access, assuming desired Lane rate will be configured by a different instance
[    4.405739] axi_adxcvr 84a60000.axi-adxcvr-rx: AXI-ADXCVR-RX (17.05.a) using QPLL on GTH4 at 0x84A60000. Number of lanes: 4.
[    4.417890] axi_adxcvr 84b60000.axi-adxcvr-tx: AXI-ADXCVR-TX (17.05.a) using QPLL on GTH4 at 0x84B60000. Number of lanes: 4.
[    4.421852] mmc0: SDHCI controller on ff170000.mmc [ff170000.mmc] using ADMA 64-bit
[    4.437038] axi-jesd204-rx 84a90000.axi-jesd204-rx: AXI-JESD204-RX (1.07.a) at 0x84A90000. Encoder 8b10b, width 4/4, lanes 4, jesd204-fsm.
[    4.449866] axi-jesd204-tx 84b90000.axi-jesd204-tx: AXI-JESD204-TX (1.06.a) at 0x84B90000. Encoder 8b10b, width 4/4, lanes 4, jesd204-fsm.
[    4.463376] zynqmp-display fd4a0000.display: vtc bridge property not present
[    4.469433] mmc0: new high speed SDHC card at address 0001
[    4.473030] xilinx-dp-snd-codec fd4a0000.display:zynqmp_dp_snd_codec0: Failed to get required clock freq
[    4.476267] mmcblk0: mmc0:0001 EB1QT 29.8 GiB 
[    4.485390] xilinx-dp-snd-codec: probe of fd4a0000.display:zynqmp_dp_snd_codec0 failed with error -22
[    4.491005]  mmcblk0: p1 p2 p3
[    4.499380] xilinx-dp-snd-pcm zynqmp_dp_snd_pcm0: Xilinx DisplayPort Sound PCM probed
[    4.510237] xilinx-dp-snd-pcm zynqmp_dp_snd_pcm1: Xilinx DisplayPort Sound PCM probed
[    4.518445] OF: graph: no port node found in /axi/display@fd4a0000
[    4.524855] xlnx-drm xlnx-drm.0: bound fd4a0000.display (ops 0xffffffc010fcbdb8)
[    5.611690] zynqmp-display fd4a0000.display: [drm] Cannot find any crtc or sizes
[    5.619317] [drm] Initialized xlnx 1.0.0 20130509 for fd4a0000.display on minor 0
[    5.626804] zynqmp-display fd4a0000.display: ZynqMP DisplayPort Subsystem driver probed
[    5.635113] ahci-ceva fd0c0000.ahci: supply ahci not found, using dummy regulator
[    5.642651] ahci-ceva fd0c0000.ahci: supply phy not found, using dummy regulator
[    5.650108] ahci-ceva fd0c0000.ahci: supply target not found, using dummy regulator
[    5.657946] ahci-ceva fd0c0000.ahci: AHCI 0001.0301 32 slots 2 ports 6 Gbps 0x3 impl platform mode
[    5.666902] ahci-ceva fd0c0000.ahci: flags: 64bit ncq sntf pm clo only pmp fbs pio slum part ccc sds apst 
[    5.677594] scsi host0: ahci-ceva
[    5.681187] scsi host1: ahci-ceva
[    5.684612] ata1: SATA max UDMA/133 mmio [mem 0xfd0c0000-0xfd0c1fff] port 0x100 irq 45
[    5.692527] ata2: SATA max UDMA/133 mmio [mem 0xfd0c0000-0xfd0c1fff] port 0x180 irq 45
[    5.701131] ad9081 spi1.0: supply vdd not found, using dummy regulator
[    6.013896] ata1: SATA link down (SStatus 0 SControl 330)
[    6.019303] ata2: SATA link down (SStatus 0 SControl 330)
[    6.695694] zynqmp-display fd4a0000.display: [drm] Cannot find any crtc or sizes
[    7.488411] ad9081 spi1.0: AD9081 Rev. 2 Grade 10 (API 1.2.2) probed
[    7.495613] xhci-hcd xhci-hcd.1.auto: xHCI Host Controller
[    7.501109] xhci-hcd xhci-hcd.1.auto: new USB bus registered, assigned bus number 1
[    7.508857] xhci-hcd xhci-hcd.1.auto: hcc params 0x0238f625 hci version 0x100 quirks 0x0000000002010810
[    7.518268] xhci-hcd xhci-hcd.1.auto: irq 59, io mem 0xfe200000
[    7.524375] usb usb1: New USB device found, idVendor=1d6b, idProduct=0002, bcdDevice= 5.10
[    7.532634] usb usb1: New USB device strings: Mfr=3, Product=2, SerialNumber=1
[    7.539852] usb usb1: Product: xHCI Host Controller
[    7.544721] usb usb1: Manufacturer: Linux 5.10.0-98103-g2aa7ac113716 xhci-hcd
[    7.551847] usb usb1: SerialNumber: xhci-hcd.1.auto
[    7.557009] hub 1-0:1.0: USB hub found
[    7.560775] hub 1-0:1.0: 1 port detected
[    7.564877] xhci-hcd xhci-hcd.1.auto: xHCI Host Controller
[    7.570359] xhci-hcd xhci-hcd.1.auto: new USB bus registered, assigned bus number 2
[    7.578013] xhci-hcd xhci-hcd.1.auto: Host supports USB 3.0 SuperSpeed
[    7.584642] usb usb2: New USB device found, idVendor=1d6b, idProduct=0003, bcdDevice= 5.10
[    7.592899] usb usb2: New USB device strings: Mfr=3, Product=2, SerialNumber=1
[    7.600119] usb usb2: Product: xHCI Host Controller
[    7.604986] usb usb2: Manufacturer: Linux 5.10.0-98103-g2aa7ac113716 xhci-hcd
[    7.612117] usb usb2: SerialNumber: xhci-hcd.1.auto
[    7.617237] hub 2-0:1.0: USB hub found
[    7.621000] hub 2-0:1.0: 1 port detected
[    7.651036] cf_axi_adc 84a10000.axi-ad9081-rx-hpc: ADI AIM (10.01.b) at 0x84A10000 mapped to 0x(____ptrval____), probed ADC AD9081 as MASTER
[    7.684516] cf_axi_dds 84b10000.axi-ad9081-tx-hpc: Analog Devices CF_AXI_DDS_DDS MASTER (9.01.b) at 0x84B10000 mapped to 0x(____ptrval____), probed DDS AD9081
[    7.698718] jesd204: /axi/spi@ff040000/ad9081@0,jesd204:0,parent=spi1.0: JESD204[2] transition initialized -> probed
[    7.709241] jesd204: /axi/spi@ff040000/ad9081@0,jesd204:0,parent=spi1.0: JESD204[0] transition initialized -> probed
[    7.719764] jesd204: /axi/spi@ff040000/ad9081@0,jesd204:0,parent=spi1.0: JESD204[2] transition probed -> idle
[    7.729674] jesd204: /axi/spi@ff040000/ad9081@0,jesd204:0,parent=spi1.0: JESD204[0] transition probed -> idle
[    7.739588] jesd204: /axi/spi@ff040000/ad9081@0,jesd204:0,parent=spi1.0: JESD204[2] transition idle -> device_init
[    7.749930] jesd204: /axi/spi@ff040000/ad9081@0,jesd204:0,parent=spi1.0: JESD204[0] transition idle -> device_init
[    7.760283] jesd204: /axi/spi@ff040000/ad9081@0,jesd204:0,parent=spi1.0: JESD204[2] transition device_init -> link_init
[    7.771057] jesd204: /axi/spi@ff040000/ad9081@0,jesd204:0,parent=spi1.0: JESD204[0] transition device_init -> link_init
[    7.781848] jesd204: /axi/spi@ff040000/ad9081@0,jesd204:0,parent=spi1.0: JESD204[2] transition link_init -> link_supported
[    7.792888] jesd204: /axi/spi@ff040000/ad9081@0,jesd204:0,parent=spi1.0: JESD204[0] transition link_init -> link_supported
[    7.804302] hmc7044 spi2.0: hmc7044_jesd204_link_pre_setup: Link2 forcing continuous SYSREF mode
[    7.813426] jesd204: /axi/spi@ff040000/ad9081@0,jesd204:0,parent=spi1.0: JESD204[2] transition link_supported -> link_pre_setup
[    7.824902] jesd204: /axi/spi@ff040000/ad9081@0,jesd204:0,parent=spi1.0: JESD204[0] transition link_supported -> link_pre_setup
[    7.848710] jesd204: /axi/spi@ff040000/ad9081@0,jesd204:0,parent=spi1.0: JESD204[2] transition link_pre_setup -> clk_sync_stage1
[    7.860272] jesd204: /axi/spi@ff040000/ad9081@0,jesd204:0,parent=spi1.0: JESD204[0] transition link_pre_setup -> clk_sync_stage1
[    7.871837] jesd204: /axi/spi@ff040000/ad9081@0,jesd204:0,parent=spi1.0: JESD204[2] transition clk_sync_stage1 -> clk_sync_stage2
[    7.883480] jesd204: /axi/spi@ff040000/ad9081@0,jesd204:0,parent=spi1.0: JESD204[0] transition clk_sync_stage1 -> clk_sync_stage2
[    7.895133] jesd204: /axi/spi@ff040000/ad9081@0,jesd204:0,parent=spi1.0: JESD204[2] transition clk_sync_stage2 -> clk_sync_stage3
[    7.906783] jesd204: /axi/spi@ff040000/ad9081@0,jesd204:0,parent=spi1.0: JESD204[0] transition clk_sync_stage2 -> clk_sync_stage3
[    7.920450] jesd204: /axi/spi@ff040000/ad9081@0,jesd204:0,parent=spi1.0: JESD204[2] transition clk_sync_stage3 -> link_setup
[    7.931671] jesd204: /axi/spi@ff040000/ad9081@0,jesd204:0,parent=spi1.0: JESD204[0] transition clk_sync_stage3 -> link_setup
[    7.947709] jesd204: /axi/spi@ff040000/ad9081@0,jesd204:0,parent=spi1.0: JESD204[2] transition link_setup -> opt_setup_stage1
[    7.959008] jesd204: /axi/spi@ff040000/ad9081@0,jesd204:0,parent=spi1.0: JESD204[0] transition link_setup -> opt_setup_stage1
[    7.975311] jesd204: /axi/spi@ff040000/ad9081@0,jesd204:0,parent=spi1.0: JESD204[2] transition opt_setup_stage1 -> opt_setup_stage2
[    7.987131] jesd204: /axi/spi@ff040000/ad9081@0,jesd204:0,parent=spi1.0: JESD204[0] transition opt_setup_stage1 -> opt_setup_stage2
[    7.999104] jesd204: /axi/spi@ff040000/ad9081@0,jesd204:0,parent=spi1.0: JESD204[2] transition opt_setup_stage2 -> opt_setup_stage3
[    8.010923] jesd204: /axi/spi@ff040000/ad9081@0,jesd204:0,parent=spi1.0: JESD204[0] transition opt_setup_stage2 -> opt_setup_stage3
[    8.022745] jesd204: /axi/spi@ff040000/ad9081@0,jesd204:0,parent=spi1.0: JESD204[2] transition opt_setup_stage3 -> opt_setup_stage4
[    8.034565] jesd204: /axi/spi@ff040000/ad9081@0,jesd204:0,parent=spi1.0: JESD204[0] transition opt_setup_stage3 -> opt_setup_stage4
[    8.046393] jesd204: /axi/spi@ff040000/ad9081@0,jesd204:0,parent=spi1.0: JESD204[2] transition opt_setup_stage4 -> opt_setup_stage5
[    8.058210] jesd204: /axi/spi@ff040000/ad9081@0,jesd204:0,parent=spi1.0: JESD204[0] transition opt_setup_stage4 -> opt_setup_stage5
[    8.093272] axi_adxcvr 84a60000.axi-adxcvr-rx: adxcvr_clk_enable: QPLL RX buffer underflow error, status: 0x61
[    8.103257] axi_adxcvr 84a60000.axi-adxcvr-rx: adxcvr_clk_enable: QPLL RX buffer overflow error, status: 0x61
[    8.117311] jesd204: /axi/spi@ff040000/ad9081@0,jesd204:0,parent=spi1.0: JESD204[2] transition opt_setup_stage5 -> clocks_enable
[    8.128875] jesd204: /axi/spi@ff040000/ad9081@0,jesd204:0,parent=spi1.0: JESD204[0] transition opt_setup_stage5 -> clocks_enable
[    8.140490] jesd204: /axi/spi@ff040000/ad9081@0,jesd204:0,parent=spi1.0: JESD204[2] transition clocks_enable -> link_enable
[    8.151617] jesd204: /axi/spi@ff040000/ad9081@0,jesd204:0,parent=spi1.0: JESD204[0] transition clocks_enable -> link_enable
[    8.291676] axi-jesd204-rx 84a90000.axi-jesd204-rx: axi_jesd204_rx_jesd204_link_running: Link2 status failed (CGS)
[    8.302023] jesd204: /fpga-axi@0/axi-jesd204-rx@84a90000,jesd204:4,parent=84a90000.axi-jesd204-rx: JESD204[2] In link_running got error from cb: -1 (ignoring!)
[    8.411909] ad9081 spi1.0: JESD RX (JTX) Link2 in CGS, SYNC asserted, PLL locked, PHASE established, MODE valid
[    8.422000] jesd204: /axi/spi@ff040000/ad9081@0,jesd204:0,parent=spi1.0: JESD204[2] In link_running got error from cb: -1 (ignoring!)
[    8.434251] ad9081 spi1.0: JESD TX (JRX) Link0 0xF lanes in DATA
[    8.440262] jesd204: /axi/spi@ff040000/ad9081@0,jesd204:0,parent=spi1.0: JESD204[2] transition link_enable -> link_running
[    8.451301] jesd204: /axi/spi@ff040000/ad9081@0,jesd204:0,parent=spi1.0: JESD204[0] transition link_enable -> link_running
[    8.462346] jesd204: /axi/spi@ff040000/ad9081@0,jesd204:0,parent=spi1.0: JESD204[2] transition link_running -> opt_post_running_stage
[    8.474338] jesd204: /axi/spi@ff040000/ad9081@0,jesd204:0,parent=spi1.0: JESD204[0] transition link_running -> opt_post_running_stage
[    8.495557] input: gpio-keys as /devices/platform/gpio-keys/input/input0
[    8.502570] of_cfs_init
[    8.505030] of_cfs_init: OK
[    8.507976] cfg80211: Loading compiled-in X.509 certificates for regulatory database
[    8.646056] cfg80211: Loaded X.509 cert 'sforshee: 00b28ddf47aef9cea7'
[    8.652585] clk: Not disabling unused clocks
[    8.657112] ALSA device list:
[    8.660074]   No soundcards found.
[    8.663748] platform regulatory.0: Direct firmware load for regulatory.db failed with error -2
[    8.672356] cfg80211: failed to load regulatory.db
[    8.687215] EXT4-fs (mmcblk0p2): mounted filesystem with ordered data mode. Opts: (null)
[    8.695331] VFS: Mounted root (ext4 filesystem) on device 179:2.
[    8.708483] devtmpfs: mounted
[    8.712302] Freeing unused kernel memory: 2560K
[    8.727728] Run /sbin/init as init process
[    8.731818]   with arguments:
[    8.731821]     /sbin/init
[    8.731823]   with environment:
[    8.731825]     HOME=/
[    8.731828]     TERM=linux
[    9.296647] systemd[1]: systemd 241 running in system mode. (+PAM +AUDIT +SELINUX +IMA +APPARMOR +SMACK +SYSVINIT +UTMP +LIBCRYPTSETUP +GCRYPT +GNUTLS +ACL +XZ +LZ4 +SECCOMP +BLKID +ELFUTILS +KMOD -IDN2 +IDN -PCRE2 default-hierarchy=hybrid)
[    9.318500] systemd[1]: Detected architecture arm64.
[    9.340522] systemd[1]: Set hostname to <analog>.
[    9.526396] systemd[1]: File /lib/systemd/system/systemd-journald.service:12 configures an IP firewall (IPAddressDeny=any), but the local system does not support BPF/cgroup based firewalling.
[    9.543448] systemd[1]: Proceeding WITHOUT firewalling in effect! (This warning is only shown for the first loaded unit using IP firewalling.)
[    9.706450] systemd[1]: /etc/systemd/system/tof-server.service:1: Assignment outside of section. Ignoring.
[    9.716137] systemd[1]: /etc/systemd/system/tof-server.service:2: Assignment outside of section. Ignoring.
[    9.898938] random: systemd: uninitialized urandom read (16 bytes read)
[    9.913641] random: systemd: uninitialized urandom read (16 bytes read)
[    9.920635] systemd[1]: Listening on udev Kernel Socket.
[    9.943768] random: systemd: uninitialized urandom read (16 bytes read)
[    9.950726] systemd[1]: Listening on Journal Socket.
[    9.967827] systemd[1]: Reached target Swap.
[   10.742557] EXT4-fs (mmcblk0p2): re-mounted. Opts: (null)
[   10.940490] systemd-journald[167]: Received request to flush runtime journal from PID 1
[   15.845151] random: crng init done
[   15.845160] random: 7 urandom warning(s) missed due to ratelimiting
[   16.795638] macb ff0e0000.ethernet eth0: PHY [ff0e0000.ethernet-ffffffff:0c] driver [TI DP83867] (irq=POLL)
[   16.795651] macb ff0e0000.ethernet eth0: configuring for phy/rgmii-id link mode
[   17.075778] Adding 100348k swap on /var/swap.  Priority:-2 extents:4 across:9953600k SS
[   19.625631] broken atomic modeset userspace detected, disabling atomic
[   19.873313] macb ff0e0000.ethernet eth0: Link is Up - 1Gbps/Full - flow control off
[   19.873336] IPv6: ADDRCONF(NETDEV_CHANGE): eth0: link becomes ready
[   22.293966] broken atomic modeset userspace detected, disabling atomic
[   25.184166] broken atomic modeset userspace detected, disabling atomic