[    0.000000] Booting Linux on physical CPU 0x0000000000 [0x410fd034]
[    0.000000] Linux version 5.10.0-98103-g2aa7ac113716 (jenkins@romlxbuild1.adlk.analog.com) (aarch64-xilinx-linux-gcc.real (GCC) 10.2.0, GNU ld (GNU Binutils) 2.35.0.20200730) #5577 SMP Wed Mar 23 07:28:49 GMT 2022
[    0.000000] Machine model: ZynqMP ZCU102 Rev1.0
[    0.000000] earlycon: cdns0 at MMIO 0x00000000ff000000 (options '115200n8')
[    0.000000] printk: bootconsole [cdns0] enabled
[    0.000000] efi: UEFI not found.
[    0.000000] cma: Reserved 256 MiB at 0x0000000070000000
[    0.000000] Zone ranges:
[    0.000000]   DMA      [mem 0x0000000000000000-0x000000003fffffff]
[    0.000000]   DMA32    [mem 0x0000000040000000-0x00000000ffffffff]
[    0.000000]   Normal   [mem 0x0000000100000000-0x000000087fffffff]
[    0.000000] Movable zone start for each node
[    0.000000] Early memory node ranges
[    0.000000]   node   0: [mem 0x0000000000000000-0x000000007fffffff]
[    0.000000]   node   0: [mem 0x0000000800000000-0x000000087fffffff]
[    0.000000] Initmem setup node 0 [mem 0x0000000000000000-0x000000087fffffff]
[    0.000000] On node 0 totalpages: 1048576
[    0.000000]   DMA zone: 3584 pages used for memmap
[    0.000000]   DMA zone: 0 pages reserved
[    0.000000]   DMA zone: 262144 pages, LIFO batch:63
[    0.000000]   DMA32 zone: 3584 pages used for memmap
[    0.000000]   DMA32 zone: 262144 pages, LIFO batch:63
[    0.000000]   Normal zone: 7168 pages used for memmap
[    0.000000]   Normal zone: 524288 pages, LIFO batch:63
[    0.000000] psci: probing for conduit method from DT.
[    0.000000] psci: PSCIv1.1 detected in firmware.
[    0.000000] psci: Using standard PSCI v0.2 function IDs
[    0.000000] psci: MIGRATE_INFO_TYPE not supported.
[    0.000000] psci: SMC Calling Convention v1.2
[    0.000000] percpu: Embedded 22 pages/cpu s49496 r8192 d32424 u90112
[    0.000000] pcpu-alloc: s49496 r8192 d32424 u90112 alloc=22*4096
[    0.000000] pcpu-alloc: [0] 0 [0] 1 [0] 2 [0] 3 
[    0.000000] Detected VIPT I-cache on CPU0
[    0.000000] CPU features: detected: ARM erratum 845719
[    0.000000] Built 1 zonelists, mobility grouping on.  Total pages: 1034240
[    0.000000] Kernel command line: console=ttyPS0,115200 root=/dev/mmcblk0p2 rw earlycon rootfstype=ext4 rootwait clk_ignore_unused cpuidle.off=1 root=/dev/mmcblk0p2 rw rootwait
[    0.000000] Dentry cache hash table entries: 524288 (order: 10, 4194304 bytes, linear)
[    0.000000] Inode-cache hash table entries: 262144 (order: 9, 2097152 bytes, linear)
[    0.000000] mem auto-init: stack:off, heap alloc:off, heap free:off
[    0.000000] software IO TLB: mapped [mem 0x000000003bfff000-0x000000003ffff000] (64MB)
[    0.000000] Memory: 3761904K/4194304K available (15296K kernel code, 1636K rwdata, 11876K rodata, 2560K init, 507K bss, 170256K reserved, 262144K cma-reserved)
[    0.000000] rcu: Hierarchical RCU implementation.
[    0.000000] rcu: 	RCU event tracing is enabled.
[    0.000000] rcu: 	RCU restricting CPUs from NR_CPUS=8 to nr_cpu_ids=4.
[    0.000000] rcu: RCU calculated value of scheduler-enlistment delay is 25 jiffies.
[    0.000000] rcu: Adjusting geometry for rcu_fanout_leaf=16, nr_cpu_ids=4
[    0.000000] NR_IRQS: 64, nr_irqs: 64, preallocated irqs: 0
[    0.000000] GIC: Adjusting CPU interface base to 0x00000000f902f000
[    0.000000] GIC: Using split EOI/Deactivate mode
[    0.000000] random: get_random_bytes called from start_kernel+0x31c/0x54c with crng_init=0
[    0.000000] arch_timer: cp15 timer(s) running at 100.00MHz (phys).
[    0.000000] clocksource: arch_sys_counter: mask: 0xffffffffffffff max_cycles: 0x171024e7e0, max_idle_ns: 440795205315 ns
[    0.000004] sched_clock: 56 bits at 100MHz, resolution 10ns, wraps every 4398046511100ns
[    0.008462] Console: colour dummy device 80x25
[    0.012483] Calibrating delay loop (skipped), value calculated using timer frequency.. 200.00 BogoMIPS (lpj=400000)
[    0.022841] pid_max: default: 32768 minimum: 301
[    0.027549] Mount-cache hash table entries: 8192 (order: 4, 65536 bytes, linear)
[    0.034789] Mountpoint-cache hash table entries: 8192 (order: 4, 65536 bytes, linear)
[    0.043396] rcu: Hierarchical SRCU implementation.
[    0.047561] EFI services will not be available.
[    0.051938] smp: Bringing up secondary CPUs ...
[    0.056657] Detected VIPT I-cache on CPU1
[    0.056696] CPU1: Booted secondary processor 0x0000000001 [0x410fd034]
[    0.057061] Detected VIPT I-cache on CPU2
[    0.057085] CPU2: Booted secondary processor 0x0000000002 [0x410fd034]
[    0.057424] Detected VIPT I-cache on CPU3
[    0.057447] CPU3: Booted secondary processor 0x0000000003 [0x410fd034]
[    0.057493] smp: Brought up 1 node, 4 CPUs
[    0.091780] SMP: Total of 4 processors activated.
[    0.096453] CPU features: detected: 32-bit EL0 Support
[    0.101556] CPU features: detected: CRC32 instructions
[    0.106695] CPU: All CPU(s) started at EL2
[    0.110736] alternatives: patching kernel code
[    0.116168] devtmpfs: initialized
[    0.124062] Registered cp15_barrier emulation handler
[    0.124113] Registered setend emulation handler
[    0.128090] clocksource: jiffies: mask: 0xffffffff max_cycles: 0xffffffff, max_idle_ns: 7645041785100000 ns
[    0.137670] futex hash table entries: 1024 (order: 4, 65536 bytes, linear)
[    0.151033] pinctrl core: initialized pinctrl subsystem
[    0.151681] NET: Registered protocol family 16
[    0.156100] DMA: preallocated 512 KiB GFP_KERNEL pool for atomic allocations
[    0.162116] DMA: preallocated 512 KiB GFP_KERNEL|GFP_DMA pool for atomic allocations
[    0.169843] DMA: preallocated 512 KiB GFP_KERNEL|GFP_DMA32 pool for atomic allocations
[    0.177645] audit: initializing netlink subsys (disabled)
[    0.183095] audit: type=2000 audit(0.116:1): state=initialized audit_enabled=0 res=1
[    0.183441] hw-breakpoint: found 6 breakpoint and 4 watchpoint registers.
[    0.197472] ASID allocator initialised with 65536 entries
[    0.224329] HugeTLB registered 1.00 GiB page size, pre-allocated 0 pages
[    0.225386] HugeTLB registered 32.0 MiB page size, pre-allocated 0 pages
[    0.232056] HugeTLB registered 2.00 MiB page size, pre-allocated 0 pages
[    0.238716] HugeTLB registered 64.0 KiB page size, pre-allocated 0 pages
[    1.304299] DRBG: Continuing without Jitter RNG
[    1.382118] raid6: neonx8   gen()  2144 MB/s
[    1.450159] raid6: neonx8   xor()  1599 MB/s
[    1.518226] raid6: neonx4   gen()  2201 MB/s
[    1.586269] raid6: neonx4   xor()  1566 MB/s
[    1.654341] raid6: neonx2   gen()  2076 MB/s
[    1.722386] raid6: neonx2   xor()  1441 MB/s
[    1.790448] raid6: neonx1   gen()  1772 MB/s
[    1.858502] raid6: neonx1   xor()  1220 MB/s
[    1.926558] raid6: int64x8  gen()  1438 MB/s
[    1.994609] raid6: int64x8  xor()   771 MB/s
[    2.062677] raid6: int64x4  gen()  1599 MB/s
[    2.130731] raid6: int64x4  xor()   818 MB/s
[    2.198796] raid6: int64x2  gen()  1397 MB/s
[    2.266844] raid6: int64x2  xor()   750 MB/s
[    2.334915] raid6: int64x1  gen()  1033 MB/s
[    2.402982] raid6: int64x1  xor()   517 MB/s
[    2.403020] raid6: using algorithm neonx4 gen() 2201 MB/s
[    2.406978] raid6: .... xor() 1566 MB/s, rmw enabled
[    2.411909] raid6: using neon recovery algorithm
[    2.416920] iommu: Default domain type: Translated 
[    2.421533] SCSI subsystem initialized
[    2.425078] libata version 3.00 loaded.
[    2.425202] usbcore: registered new interface driver usbfs
[    2.430535] usbcore: registered new interface driver hub
[    2.435808] usbcore: registered new device driver usb
[    2.440944] mc: Linux media interface: v0.10
[    2.445056] videodev: Linux video capture interface: v2.00
[    2.450549] EDAC MC: Ver: 3.0.0
[    2.453989] zynqmp-ipi-mbox mailbox@ff990400: Registered ZynqMP IPI mbox with TX/RX channels.
[    2.462489] jesd204: created con: id=0, topo=0, link=0, /axi/spi@ff050000/hmc7044@0 <-> /fpga-axi@0/axi-adxcvr-tx@84b60000
[    2.473077] jesd204: created con: id=1, topo=0, link=2, /axi/spi@ff050000/hmc7044@0 <-> /fpga-axi@0/axi-adxcvr-rx@84a60000
[    2.484061] jesd204: created con: id=2, topo=0, link=0, /fpga-axi@0/axi-adxcvr-tx@84b60000 <-> /fpga-axi@0/axi-jesd204-tx@84b90000
[    2.495737] jesd204: created con: id=3, topo=0, link=2, /fpga-axi@0/axi-adxcvr-rx@84a60000 <-> /fpga-axi@0/axi-jesd204-rx@84a90000
[    2.507414] jesd204: created con: id=4, topo=0, link=0, /fpga-axi@0/axi-jesd204-tx@84b90000 <-> /fpga-axi@0/axi-ad9081-tx-hpc@84b10000
[    2.519442] jesd204: created con: id=5, topo=0, link=2, /fpga-axi@0/axi-jesd204-rx@84a90000 <-> /fpga-axi@0/axi-ad9081-rx-hpc@84a10000
[    2.531465] jesd204: created con: id=6, topo=0, link=2, /fpga-axi@0/axi-ad9081-rx-hpc@84a10000 <-> /axi/spi@ff040000/ad9081@0
[    2.542706] jesd204: created con: id=7, topo=0, link=0, /fpga-axi@0/axi-ad9081-tx-hpc@84b10000 <-> /axi/spi@ff040000/ad9081@0
[    2.553956] jesd204: /axi/spi@ff040000/ad9081@0: JESD204[2] transition uninitialized -> initialized
[    2.562943] jesd204: /axi/spi@ff040000/ad9081@0: JESD204[0] transition uninitialized -> initialized
[    2.571934] jesd204: found 8 devices and 1 topologies
[    2.576978] FPGA manager framework
[    2.580457] Advanced Linux Sound Architecture Driver Initialized.
[    2.586748] Bluetooth: Core ver 2.22
[    2.589938] NET: Registered protocol family 31
[    2.594339] Bluetooth: HCI device and connection manager initialized
[    2.600655] Bluetooth: HCI socket layer initialized
[    2.605497] Bluetooth: L2CAP socket layer initialized
[    2.610521] Bluetooth: SCO socket layer initialized
[    2.615709] clocksource: Switched to clocksource arch_sys_counter
[    2.621514] VFS: Disk quotas dquot_6.6.0
[    2.625347] VFS: Dquot-cache hash table entries: 512 (order 0, 4096 bytes)
[    2.636062] NET: Registered protocol family 2
[    2.636793] tcp_listen_portaddr_hash hash table entries: 2048 (order: 3, 32768 bytes, linear)
[    2.644988] TCP established hash table entries: 32768 (order: 6, 262144 bytes, linear)
[    2.653013] TCP bind hash table entries: 32768 (order: 7, 524288 bytes, linear)
[    2.660458] TCP: Hash tables configured (established 32768 bind 32768)
[    2.666632] UDP hash table entries: 2048 (order: 4, 65536 bytes, linear)
[    2.673299] UDP-Lite hash table entries: 2048 (order: 4, 65536 bytes, linear)
[    2.680458] NET: Registered protocol family 1
[    2.684914] RPC: Registered named UNIX socket transport module.
[    2.690536] RPC: Registered udp transport module.
[    2.695200] RPC: Registered tcp transport module.
[    2.699870] RPC: Registered tcp NFSv4.1 backchannel transport module.
[    2.706861] PCI: CLS 0 bytes, default 64
[    2.710565] hw perfevents: no interrupt-affinity property for /pmu, guessing.
[    2.717421] hw perfevents: enabled with armv8_pmuv3 PMU driver, 7 counters available
[    2.725777] Initialise system trusted keyrings
[    2.729448] workingset: timestamp_bits=62 max_order=20 bucket_order=0
[    2.736352] NFS: Registering the id_resolver key type
[    2.740798] Key type id_resolver registered
[    2.744938] Key type id_legacy registered
[    2.748927] nfs4filelayout_init: NFSv4 File Layout Driver Registering...
[    2.755593] jffs2: version 2.2. (NAND) (SUMMARY)  Â© 2001-2006 Red Hat, Inc.
[    2.799019] NET: Registered protocol family 38
[    2.799062] xor: measuring software checksum speed
[    2.806747]    8regs           :  2363 MB/sec
[    2.810416]    32regs          :  2799 MB/sec
[    2.815358]    arm64_neon      :  2380 MB/sec
[    2.815549] xor: using function: 32regs (2799 MB/sec)
[    2.820574] Key type asymmetric registered
[    2.824635] Asymmetric key parser 'x509' registered
[    2.829496] Block layer SCSI generic (bsg) driver version 0.4 loaded (major 248)
[    2.836833] io scheduler mq-deadline registered
[    2.841330] io scheduler kyber registered
[    2.870740] Serial: 8250/16550 driver, 4 ports, IRQ sharing disabled
[    2.875390] cacheinfo: Unable to detect cache hierarchy for CPU 0
[    2.881730] brd: module loaded
[    2.885872] loop: module loaded
[    2.886421] Registered mathworks_ip class
[    2.889755] libphy: Fixed MDIO Bus: probed
[    2.892744] tun: Universal TUN/TAP device driver, 1.6
[    2.896795] CAN device driver interface
[    2.901331] usbcore: registered new interface driver asix
[    2.905927] usbcore: registered new interface driver ax88179_178a
[    2.911961] usbcore: registered new interface driver cdc_ether
[    2.917753] usbcore: registered new interface driver net1080
[    2.923380] usbcore: registered new interface driver cdc_subset
[    2.929260] usbcore: registered new interface driver zaurus
[    2.934803] usbcore: registered new interface driver cdc_ncm
[    2.941208] ehci_hcd: USB 2.0 'Enhanced' Host Controller (EHCI) Driver
[    2.946889] ehci-pci: EHCI PCI platform driver
[    2.951689] usbcore: registered new interface driver uas
[    2.956604] usbcore: registered new interface driver usb-storage
[    2.962592] usbcore: registered new interface driver usbserial_generic
[    2.969044] usbserial: USB Serial support registered for generic
[    2.975017] usbcore: registered new interface driver ftdi_sio
[    2.980720] usbserial: USB Serial support registered for FTDI USB Serial Device
[    2.987996] usbcore: registered new interface driver upd78f0730
[    2.993867] usbserial: USB Serial support registered for upd78f0730
[    3.001516] rtc_zynqmp ffa60000.rtc: registered as rtc0
[    3.005293] rtc_zynqmp ffa60000.rtc: setting system clock to 2022-04-12T22:00:42 UTC (1649800842)
[    3.014155] i2c /dev entries driver
[    3.019469] usbcore: registered new interface driver uvcvideo
[    3.023268] USB Video Class driver (1.1.1)
[    3.028846] Bluetooth: HCI UART driver ver 2.3
[    3.031750] Bluetooth: HCI UART protocol H4 registered
[    3.036849] Bluetooth: HCI UART protocol BCSP registered
[    3.042136] Bluetooth: HCI UART protocol LL registered
[    3.047227] Bluetooth: HCI UART protocol ATH3K registered
[    3.052602] Bluetooth: HCI UART protocol Three-wire (H5) registered
[    3.058854] Bluetooth: HCI UART protocol Intel registered
[    3.064192] Bluetooth: HCI UART protocol QCA registered
[    3.069397] usbcore: registered new interface driver bcm203x
[    3.075015] usbcore: registered new interface driver bpa10x
[    3.080550] usbcore: registered new interface driver bfusb
[    3.086004] usbcore: registered new interface driver btusb
[    3.091463] usbcore: registered new interface driver ath3k
[    3.096946] EDAC MC: ECC not enabled
[    3.100575] EDAC DEVICE0: Giving out device to module zynqmp-ocm-edac controller zynqmp_ocm: DEV ff960000.memory-controller (INTERRUPT)
[    3.112886] sdhci: Secure Digital Host Controller Interface driver
[    3.118677] sdhci: Copyright(c) Pierre Ossman
[    3.122999] sdhci-pltfm: SDHCI platform and OF driver helper
[    3.129052] ledtrig-cpu: registered to indicate activity on CPUs
[    3.134605] SMCCC: SOC_ID: ARCH_SOC_ID not implemented, skipping ....
[    3.141037] zynqmp_firmware_probe Platform Management API v1.1
[    3.146792] zynqmp_firmware_probe Trustzone version v1.0
[    3.186310] zynqmp-pinctrl firmware:zynqmp-firmware:pinctrl: zynqmp pinctrl initialized
[    3.234337] zynqmp-aes firmware:zynqmp-firmware:zynqmp-aes: will run requests pump with realtime priority
[    3.250161] alg: No test for xilinx-keccak-384 (zynqmp-keccak-384)
[    3.250873] alg: No test for xilinx-zynqmp-rsa (zynqmp-rsa)
[    3.256385] usbcore: registered new interface driver usbhid
[    3.261775] usbhid: USB HID core driver
[    3.273024] axi_sysid 85000000.axi-sysid-0: AXI System ID core version (1.01.a) found
[    3.275373] axi_sysid 85000000.axi-sysid-0: [ad9081_fmca_ebz] on [zcu102] git branch <master> git <084d44c9780640ca93fd847b1d9ec70dd65f5c67> clean [2022-03-18 04:17:50] UTC
[    3.291063] fpga_manager fpga0: Xilinx ZynqMP FPGA Manager registered
[    3.297416] usbcore: registered new interface driver snd-usb-audio
[    3.304866] pktgen: Packet Generator for packet performance testing. Version: 2.75
[    3.311049] Initializing XFRM netlink socket
[    3.314902] NET: Registered protocol family 10
[    3.319620] Segment Routing with IPv6
[    3.322999] sit: IPv6, IPv4 and MPLS over IPv4 tunneling driver
[    3.329073] NET: Registered protocol family 17
[    3.333175] NET: Registered protocol family 15
[    3.337672] can: controller area network core
[    3.341926] NET: Registered protocol family 29
[    3.346313] can: raw protocol
[    3.349254] can: broadcast manager protocol
[    3.353405] can: netlink gateway - max_hops=1
[    3.357802] Bluetooth: RFCOMM TTY layer initialized
[    3.362579] Bluetooth: RFCOMM socket layer initialized
[    3.367687] Bluetooth: RFCOMM ver 1.11
[    3.371398] Bluetooth: BNEP (Ethernet Emulation) ver 1.3
[    3.376670] Bluetooth: BNEP filters: protocol multicast
[    3.381863] Bluetooth: BNEP socket layer initialized
[    3.386790] Bluetooth: HIDP (Human Interface Emulation) ver 1.2
[    3.392674] Bluetooth: HIDP socket layer initialized
[    3.397729] 9pnet: Installing 9P2000 support
[    3.401852] NET: Registered protocol family 36
[    3.406268] Key type dns_resolver registered
[    3.410696] registered taskstats version 1
[    3.414564] Loading compiled-in X.509 certificates
[    3.419680] Btrfs loaded, crc32c=crc32c-generic
[    3.432087] ff000000.serial: ttyPS0 at MMIO 0xff000000 (irq = 49, base_baud = 6249999) is a xuartps
[    3.441108] printk: console [ttyPS0] enabled
[    3.445402] printk: bootconsole [cdns0] disabled
[    3.455033] ff010000.serial: ttyPS1 at MMIO 0xff010000 (irq = 50, base_baud = 6249999) is a xuartps
[    3.468268] of-fpga-region fpga-full: FPGA Region probed
[    3.475220] nwl-pcie fd0e0000.pcie: host bridge /axi/pcie@fd0e0000 ranges:
[    3.482116] nwl-pcie fd0e0000.pcie:      MEM 0x00e0000000..0x00efffffff -> 0x00e0000000
[    3.490117] nwl-pcie fd0e0000.pcie:      MEM 0x0600000000..0x07ffffffff -> 0x0600000000
[    3.498178] nwl-pcie fd0e0000.pcie: Link is DOWN
[    3.502934] nwl-pcie fd0e0000.pcie: PCI host bridge to bus 0000:00
[    3.509115] pci_bus 0000:00: root bus resource [bus 00-ff]
[    3.514595] pci_bus 0000:00: root bus resource [mem 0xe0000000-0xefffffff]
[    3.521465] pci_bus 0000:00: root bus resource [mem 0x600000000-0x7ffffffff pref]
[    3.528969] pci 0000:00:00.0: [10ee:d021] type 01 class 0x060400
[    3.535027] pci 0000:00:00.0: PME# supported from D0 D1 D2 D3hot
[    3.545471] pci 0000:00:00.0: PCI bridge to [bus 01-0c]
[    3.551455] xilinx-zynqmp-dma fd500000.dma: ZynqMP DMA driver Probe success
[    3.558631] xilinx-zynqmp-dma fd510000.dma: ZynqMP DMA driver Probe success
[    3.565812] xilinx-zynqmp-dma fd520000.dma: ZynqMP DMA driver Probe success
[    3.572983] xilinx-zynqmp-dma fd530000.dma: ZynqMP DMA driver Probe success
[    3.580150] xilinx-zynqmp-dma fd540000.dma: ZynqMP DMA driver Probe success
[    3.587321] xilinx-zynqmp-dma fd550000.dma: ZynqMP DMA driver Probe success
[    3.594490] xilinx-zynqmp-dma fd560000.dma: ZynqMP DMA driver Probe success
[    3.601659] xilinx-zynqmp-dma fd570000.dma: ZynqMP DMA driver Probe success
[    3.609058] xilinx-zynqmp-dpdma fd4c0000.dma-controller: Xilinx DPDMA engine is probed
[    3.617603] ahci-ceva fd0c0000.ahci: supply ahci not found, using dummy regulator
[    3.625146] ahci-ceva fd0c0000.ahci: supply phy not found, using dummy regulator
[    3.715877] hmc7044 spi2.0: PLL1: Acquisition, CLKIN0 @ 122880000 Hz, PFD: 80 kHz - PLL2: Locked @ 3176.000000 MHz
[    3.726596] jesd204: /axi/spi@ff050000/hmc7044@0,jesd204:1,parent=spi2.0: Using as SYSREF provider
[    3.736176] spi-nor spi0.0: SPI-NOR-UniqueID 100000235394732200270025081115266e
[    3.743483] spi-nor spi0.0: found n25q512a, expected m25p80
[    3.749683] spi-nor spi0.0: trying to lock already unlocked area
[    3.755684] spi-nor spi0.0: n25q512a (131072 Kbytes)
[    3.760662] 4 fixed-partitions partitions found on MTD device spi0.0
[    3.767008] Creating 4 MTD partitions on "spi0.0":
[    3.771793] 0x000000000000-0x000000100000 : "qspi-fsbl-uboot"
[    3.778277] 0x000000100000-0x000000600000 : "qspi-linux"
[    3.784237] 0x000000600000-0x000000620000 : "qspi-device-tree"
[    3.790709] 0x000000620000-0x000000c00000 : "qspi-rootfs"
[    3.799184] macb ff0e0000.ethernet: Not enabling partial store and forward
[    3.806704] libphy: MACB_mii_bus: probed
[    3.811776] macb ff0e0000.ethernet eth0: Cadence GEM rev 0x50070106 at 0xff0e0000 irq 30 (00:0a:35:04:8e:1b)
[    3.821989] xilinx-axipmon ffa00000.perf-monitor: Probed Xilinx APM
[    3.828560] xilinx-axipmon fd0b0000.perf-monitor: Probed Xilinx APM
[    3.835071] xilinx-axipmon fd490000.perf-monitor: Probed Xilinx APM
[    3.841615] xilinx-axipmon ffa10000.perf-monitor: Probed Xilinx APM
[    3.851623] pca953x 0-0020: supply vcc not found, using dummy regulator
[    3.858309] pca953x 0-0020: using no AI
[    3.862799] gpio-496 (sel0): hogged as output/low
[    3.867716] gpio-497 (sel1): hogged as output/high
[    3.872699] gpio-498 (sel2): hogged as output/high
[    3.877689] gpio-499 (sel3): hogged as output/high
[    3.882862] pca953x 0-0021: supply vcc not found, using dummy regulator
[    3.889530] pca953x 0-0021: using no AI
[    3.895291] ina2xx 2-0040: power monitor ina226 (Rshunt = 5000 uOhm)
[    3.902315] ina2xx 2-0041: power monitor ina226 (Rshunt = 5000 uOhm)
[    3.909357] ina2xx 2-0042: power monitor ina226 (Rshunt = 5000 uOhm)
[    3.916391] ina2xx 2-0043: power monitor ina226 (Rshunt = 5000 uOhm)
[    3.923416] ina2xx 2-0044: power monitor ina226 (Rshunt = 5000 uOhm)
[    3.930444] ina2xx 2-0045: power monitor ina226 (Rshunt = 5000 uOhm)
[    3.937474] ina2xx 2-0046: power monitor ina226 (Rshunt = 5000 uOhm)
[    3.944548] ina2xx 2-0047: power monitor ina226 (Rshunt = 5000 uOhm)
[    3.951576] ina2xx 2-004a: power monitor ina226 (Rshunt = 5000 uOhm)
[    3.958617] ina2xx 2-004b: power monitor ina226 (Rshunt = 5000 uOhm)
[    3.965027] i2c i2c-0: Added multiplexed i2c bus 2
[    3.970408] random: fast init done
[    3.973884] ina2xx 3-0040: power monitor ina226 (Rshunt = 2000 uOhm)
[    3.980910] ina2xx 3-0041: power monitor ina226 (Rshunt = 5000 uOhm)
[    3.987935] ina2xx 3-0042: power monitor ina226 (Rshunt = 5000 uOhm)
[    3.994971] ina2xx 3-0043: power monitor ina226 (Rshunt = 5000 uOhm)
[    4.001995] ina2xx 3-0044: power monitor ina226 (Rshunt = 5000 uOhm)
[    4.009022] ina2xx 3-0045: power monitor ina226 (Rshunt = 5000 uOhm)
[    4.016053] ina2xx 3-0046: power monitor ina226 (Rshunt = 5000 uOhm)
[    4.023085] ina2xx 3-0047: power monitor ina226 (Rshunt = 5000 uOhm)
[    4.029484] i2c i2c-0: Added multiplexed i2c bus 3
[    4.085355] i2c i2c-0: Added multiplexed i2c bus 4
[    4.090294] i2c i2c-0: Added multiplexed i2c bus 5
[    4.095083] pca954x 0-0075: registered 4 multiplexed busses for I2C mux pca9544
[    4.102433] cdns-i2c ff020000.i2c: 400 kHz mmio ff020000 irq 32
[    4.110165] at24 6-0054: supply vcc not found, using dummy regulator
[    4.117061] at24 6-0054: 1024 byte 24c08 EEPROM, writable, 1 bytes/write
[    4.123813] i2c i2c-1: Added multiplexed i2c bus 6
[    4.130242] si5341 7-0036: Chip: 5341 Grade: 1 Rev: 1
[    4.167945] i2c i2c-1: Added multiplexed i2c bus 7
[    4.175596] si570 8-005d: registered, current frequency 300000000 Hz
[    4.182002] i2c i2c-1: Added multiplexed i2c bus 8
[    4.201794] si570 9-005d: registered, current frequency 148500000 Hz
[    4.208199] i2c i2c-1: Added multiplexed i2c bus 9
[    4.213242] si5324 10-0069: si5328 probed
[    4.280071] si5324 10-0069: si5328 probe successful
[    4.285001] i2c i2c-1: Added multiplexed i2c bus 10
[    4.290028] i2c i2c-1: Added multiplexed i2c bus 11
[    4.295052] i2c i2c-1: Added multiplexed i2c bus 12
[    4.300075] i2c i2c-1: Added multiplexed i2c bus 13
[    4.304948] pca954x 1-0074: registered 8 multiplexed busses for I2C switch pca9548
[    4.313056] at24 14-0050: supply vcc not found, using dummy regulator
[    4.319846] at24 14-0050: 256 byte 24c02 EEPROM, writable, 1 bytes/write
[    4.326592] i2c i2c-1: Added multiplexed i2c bus 14
[    4.331632] i2c i2c-1: Added multiplexed i2c bus 15
[    4.336663] i2c i2c-1: Added multiplexed i2c bus 16
[    4.341701] i2c i2c-1: Added multiplexed i2c bus 17
[    4.346732] i2c i2c-1: Added multiplexed i2c bus 18
[    4.351779] i2c i2c-1: Added multiplexed i2c bus 19
[    4.356819] i2c i2c-1: Added multiplexed i2c bus 20
[    4.361859] i2c i2c-1: Added multiplexed i2c bus 21
[    4.366731] pca954x 1-0075: registered 8 multiplexed busses for I2C switch pca9548
[    4.374341] cdns-i2c ff030000.i2c: 400 kHz mmio ff030000 irq 33
[    4.384086] cdns-wdt fd4d0000.watchdog: Xilinx Watchdog Timer with timeout 60s
[    4.393136] axi_adxcvr 84a60000.axi-adxcvr-rx: adxcvr_enforce_settings: Using QPLL without access, assuming desired Lane rate will be configured by a different instance
[    4.409775] axi_adxcvr 84a60000.axi-adxcvr-rx: AXI-ADXCVR-RX (17.05.a) using QPLL on GTH4 at 0x84A60000. Number of lanes: 4.
[    4.421939] axi_adxcvr 84b60000.axi-adxcvr-tx: AXI-ADXCVR-TX (17.05.a) using QPLL on GTH4 at 0x84B60000. Number of lanes: 4.
[    4.425887] mmc0: SDHCI controller on ff170000.mmc [ff170000.mmc] using ADMA 64-bit
[    4.441088] axi-jesd204-rx 84a90000.axi-jesd204-rx: AXI-JESD204-RX (1.07.a) at 0x84A90000. Encoder 8b10b, width 4/4, lanes 4, jesd204-fsm.
[    4.453921] axi-jesd204-tx 84b90000.axi-jesd204-tx: AXI-JESD204-TX (1.06.a) at 0x84B90000. Encoder 8b10b, width 4/4, lanes 4, jesd204-fsm.
[    4.467426] zynqmp-display fd4a0000.display: vtc bridge property not present
[    4.473475] mmc0: new high speed SDHC card at address 0001
[    4.477083] xilinx-dp-snd-codec fd4a0000.display:zynqmp_dp_snd_codec0: Failed to get required clock freq
[    4.480315] mmcblk0: mmc0:0001 EB1QT 29.8 GiB 
[    4.489441] xilinx-dp-snd-codec: probe of fd4a0000.display:zynqmp_dp_snd_codec0 failed with error -22
[    4.495092]  mmcblk0: p1 p2 p3
[    4.503432] xilinx-dp-snd-pcm zynqmp_dp_snd_pcm0: Xilinx DisplayPort Sound PCM probed
[    4.514287] xilinx-dp-snd-pcm zynqmp_dp_snd_pcm1: Xilinx DisplayPort Sound PCM probed
[    4.522495] OF: graph: no port node found in /axi/display@fd4a0000
[    4.528901] xlnx-drm xlnx-drm.0: bound fd4a0000.display (ops 0xffffffc010fcbdb8)
[    5.615723] zynqmp-display fd4a0000.display: [drm] Cannot find any crtc or sizes
[    5.623340] [drm] Initialized xlnx 1.0.0 20130509 for fd4a0000.display on minor 0
[    5.630828] zynqmp-display fd4a0000.display: ZynqMP DisplayPort Subsystem driver probed
[    5.639140] ahci-ceva fd0c0000.ahci: supply ahci not found, using dummy regulator
[    5.646687] ahci-ceva fd0c0000.ahci: supply phy not found, using dummy regulator
[    5.654140] ahci-ceva fd0c0000.ahci: supply target not found, using dummy regulator
[    5.661980] ahci-ceva fd0c0000.ahci: AHCI 0001.0301 32 slots 2 ports 6 Gbps 0x3 impl platform mode
[    5.670935] ahci-ceva fd0c0000.ahci: flags: 64bit ncq sntf pm clo only pmp fbs pio slum part ccc sds apst 
[    5.681630] scsi host0: ahci-ceva
[    5.685236] scsi host1: ahci-ceva
[    5.688661] ata1: SATA max UDMA/133 mmio [mem 0xfd0c0000-0xfd0c1fff] port 0x100 irq 45
[    5.696580] ata2: SATA max UDMA/133 mmio [mem 0xfd0c0000-0xfd0c1fff] port 0x180 irq 45
[    5.705180] ad9081 spi1.0: supply vdd not found, using dummy regulator
[    6.017957] ata1: SATA link down (SStatus 0 SControl 330)
[    6.023369] ata2: SATA link down (SStatus 0 SControl 330)
[    6.699727] zynqmp-display fd4a0000.display: [drm] Cannot find any crtc or sizes
[    7.508220] ad9081 spi1.0: AD9081 Rev. 2 Grade 10 (API 1.2.2) probed
[    7.515421] xhci-hcd xhci-hcd.1.auto: xHCI Host Controller
[    7.520913] xhci-hcd xhci-hcd.1.auto: new USB bus registered, assigned bus number 1
[    7.528662] xhci-hcd xhci-hcd.1.auto: hcc params 0x0238f625 hci version 0x100 quirks 0x0000000002010810
[    7.538073] xhci-hcd xhci-hcd.1.auto: irq 59, io mem 0xfe200000
[    7.544180] usb usb1: New USB device found, idVendor=1d6b, idProduct=0002, bcdDevice= 5.10
[    7.552438] usb usb1: New USB device strings: Mfr=3, Product=2, SerialNumber=1
[    7.559656] usb usb1: Product: xHCI Host Controller
[    7.564524] usb usb1: Manufacturer: Linux 5.10.0-98103-g2aa7ac113716 xhci-hcd
[    7.571650] usb usb1: SerialNumber: xhci-hcd.1.auto
[    7.576820] hub 1-0:1.0: USB hub found
[    7.580587] hub 1-0:1.0: 1 port detected
[    7.584693] xhci-hcd xhci-hcd.1.auto: xHCI Host Controller
[    7.590185] xhci-hcd xhci-hcd.1.auto: new USB bus registered, assigned bus number 2
[    7.597838] xhci-hcd xhci-hcd.1.auto: Host supports USB 3.0 SuperSpeed
[    7.604461] usb usb2: New USB device found, idVendor=1d6b, idProduct=0003, bcdDevice= 5.10
[    7.612724] usb usb2: New USB device strings: Mfr=3, Product=2, SerialNumber=1
[    7.619941] usb usb2: Product: xHCI Host Controller
[    7.624808] usb usb2: Manufacturer: Linux 5.10.0-98103-g2aa7ac113716 xhci-hcd
[    7.631934] usb usb2: SerialNumber: xhci-hcd.1.auto
[    7.637043] hub 2-0:1.0: USB hub found
[    7.640805] hub 2-0:1.0: 1 port detected
[    7.670928] cf_axi_adc 84a10000.axi-ad9081-rx-hpc: ADI AIM (10.01.b) at 0x84A10000 mapped to 0x(____ptrval____), probed ADC AD9081 as MASTER
[    7.704551] cf_axi_dds 84b10000.axi-ad9081-tx-hpc: Analog Devices CF_AXI_DDS_DDS MASTER (9.01.b) at 0x84B10000 mapped to 0x(____ptrval____), probed DDS AD9081
[    7.718749] jesd204: /axi/spi@ff040000/ad9081@0,jesd204:0,parent=spi1.0: JESD204[2] transition initialized -> probed
[    7.729272] jesd204: /axi/spi@ff040000/ad9081@0,jesd204:0,parent=spi1.0: JESD204[0] transition initialized -> probed
[    7.739795] jesd204: /axi/spi@ff040000/ad9081@0,jesd204:0,parent=spi1.0: JESD204[2] transition probed -> idle
[    7.749703] jesd204: /axi/spi@ff040000/ad9081@0,jesd204:0,parent=spi1.0: JESD204[0] transition probed -> idle
[    7.759618] jesd204: /axi/spi@ff040000/ad9081@0,jesd204:0,parent=spi1.0: JESD204[2] transition idle -> device_init
[    7.769961] jesd204: /axi/spi@ff040000/ad9081@0,jesd204:0,parent=spi1.0: JESD204[0] transition idle -> device_init
[    7.780311] jesd204: /axi/spi@ff040000/ad9081@0,jesd204:0,parent=spi1.0: JESD204[2] transition device_init -> link_init
[    7.791088] jesd204: /axi/spi@ff040000/ad9081@0,jesd204:0,parent=spi1.0: JESD204[0] transition device_init -> link_init
[    7.801879] jesd204: /axi/spi@ff040000/ad9081@0,jesd204:0,parent=spi1.0: JESD204[2] transition link_init -> link_supported
[    7.812919] jesd204: /axi/spi@ff040000/ad9081@0,jesd204:0,parent=spi1.0: JESD204[0] transition link_init -> link_supported
[    7.824320] hmc7044 spi2.0: hmc7044_jesd204_link_pre_setup: Link2 forcing continuous SYSREF mode
[    7.833436] jesd204: /axi/spi@ff040000/ad9081@0,jesd204:0,parent=spi1.0: JESD204[2] transition link_supported -> link_pre_setup
[    7.844915] jesd204: /axi/spi@ff040000/ad9081@0,jesd204:0,parent=spi1.0: JESD204[0] transition link_supported -> link_pre_setup
[    7.868753] jesd204: /axi/spi@ff040000/ad9081@0,jesd204:0,parent=spi1.0: JESD204[2] transition link_pre_setup -> clk_sync_stage1
[    7.880311] jesd204: /axi/spi@ff040000/ad9081@0,jesd204:0,parent=spi1.0: JESD204[0] transition link_pre_setup -> clk_sync_stage1
[    7.891876] jesd204: /axi/spi@ff040000/ad9081@0,jesd204:0,parent=spi1.0: JESD204[2] transition clk_sync_stage1 -> clk_sync_stage2
[    7.903519] jesd204: /axi/spi@ff040000/ad9081@0,jesd204:0,parent=spi1.0: JESD204[0] transition clk_sync_stage1 -> clk_sync_stage2
[    7.915177] jesd204: /axi/spi@ff040000/ad9081@0,jesd204:0,parent=spi1.0: JESD204[2] transition clk_sync_stage2 -> clk_sync_stage3
[    7.926825] jesd204: /axi/spi@ff040000/ad9081@0,jesd204:0,parent=spi1.0: JESD204[0] transition clk_sync_stage2 -> clk_sync_stage3
[    7.940497] jesd204: /axi/spi@ff040000/ad9081@0,jesd204:0,parent=spi1.0: JESD204[2] transition clk_sync_stage3 -> link_setup
[    7.951712] jesd204: /axi/spi@ff040000/ad9081@0,jesd204:0,parent=spi1.0: JESD204[0] transition clk_sync_stage3 -> link_setup
[    7.967715] jesd204: /axi/spi@ff040000/ad9081@0,jesd204:0,parent=spi1.0: JESD204[2] transition link_setup -> opt_setup_stage1
[    7.979018] jesd204: /axi/spi@ff040000/ad9081@0,jesd204:0,parent=spi1.0: JESD204[0] transition link_setup -> opt_setup_stage1
[    7.995355] jesd204: /axi/spi@ff040000/ad9081@0,jesd204:0,parent=spi1.0: JESD204[2] transition opt_setup_stage1 -> opt_setup_stage2
[    8.007178] jesd204: /axi/spi@ff040000/ad9081@0,jesd204:0,parent=spi1.0: JESD204[0] transition opt_setup_stage1 -> opt_setup_stage2
[    8.019150] jesd204: /axi/spi@ff040000/ad9081@0,jesd204:0,parent=spi1.0: JESD204[2] transition opt_setup_stage2 -> opt_setup_stage3
[    8.030971] jesd204: /axi/spi@ff040000/ad9081@0,jesd204:0,parent=spi1.0: JESD204[0] transition opt_setup_stage2 -> opt_setup_stage3
[    8.042793] jesd204: /axi/spi@ff040000/ad9081@0,jesd204:0,parent=spi1.0: JESD204[2] transition opt_setup_stage3 -> opt_setup_stage4
[    8.054612] jesd204: /axi/spi@ff040000/ad9081@0,jesd204:0,parent=spi1.0: JESD204[0] transition opt_setup_stage3 -> opt_setup_stage4
[    8.066446] jesd204: /axi/spi@ff040000/ad9081@0,jesd204:0,parent=spi1.0: JESD204[2] transition opt_setup_stage4 -> opt_setup_stage5
[    8.078265] jesd204: /axi/spi@ff040000/ad9081@0,jesd204:0,parent=spi1.0: JESD204[0] transition opt_setup_stage4 -> opt_setup_stage5
[    8.113333] axi_adxcvr 84a60000.axi-adxcvr-rx: adxcvr_clk_enable: QPLL RX buffer underflow error, status: 0x61
[    8.123322] axi_adxcvr 84a60000.axi-adxcvr-rx: adxcvr_clk_enable: QPLL RX buffer overflow error, status: 0x61
[    8.137371] jesd204: /axi/spi@ff040000/ad9081@0,jesd204:0,parent=spi1.0: JESD204[2] transition opt_setup_stage5 -> clocks_enable
[    8.148933] jesd204: /axi/spi@ff040000/ad9081@0,jesd204:0,parent=spi1.0: JESD204[0] transition opt_setup_stage5 -> clocks_enable
[    8.160550] jesd204: /axi/spi@ff040000/ad9081@0,jesd204:0,parent=spi1.0: JESD204[2] transition clocks_enable -> link_enable
[    8.171682] jesd204: /axi/spi@ff040000/ad9081@0,jesd204:0,parent=spi1.0: JESD204[0] transition clocks_enable -> link_enable
[    8.311710] axi-jesd204-rx 84a90000.axi-jesd204-rx: axi_jesd204_rx_jesd204_link_running: Link2 status failed (CGS)
[    8.322055] jesd204: /fpga-axi@0/axi-jesd204-rx@84a90000,jesd204:4,parent=84a90000.axi-jesd204-rx: JESD204[2] In link_running got error from cb: -1 (ignoring!)
[    8.431944] ad9081 spi1.0: JESD RX (JTX) Link2 in CGS, SYNC asserted, PLL locked, PHASE established, MODE valid
[    8.442030] jesd204: /axi/spi@ff040000/ad9081@0,jesd204:0,parent=spi1.0: JESD204[2] In link_running got error from cb: -1 (ignoring!)
[    8.454286] ad9081 spi1.0: JESD TX (JRX) Link0 0xF lanes in DATA
[    8.460292] jesd204: /axi/spi@ff040000/ad9081@0,jesd204:0,parent=spi1.0: JESD204[2] transition link_enable -> link_running
[    8.471330] jesd204: /axi/spi@ff040000/ad9081@0,jesd204:0,parent=spi1.0: JESD204[0] transition link_enable -> link_running
[    8.482376] jesd204: /axi/spi@ff040000/ad9081@0,jesd204:0,parent=spi1.0: JESD204[2] transition link_running -> opt_post_running_stage
[    8.494368] jesd204: /axi/spi@ff040000/ad9081@0,jesd204:0,parent=spi1.0: JESD204[0] transition link_running -> opt_post_running_stage
[    8.515573] input: gpio-keys as /devices/platform/gpio-keys/input/input0
[    8.522589] of_cfs_init
[    8.525047] of_cfs_init: OK
[    8.527993] cfg80211: Loading compiled-in X.509 certificates for regulatory database
[    8.666173] cfg80211: Loaded X.509 cert 'sforshee: 00b28ddf47aef9cea7'
[    8.672700] clk: Not disabling unused clocks
[    8.677231] ALSA device list:
[    8.680191]   No soundcards found.
[    8.683854] platform regulatory.0: Direct firmware load for regulatory.db failed with error -2
[    8.692461] cfg80211: failed to load regulatory.db
[    8.707278] EXT4-fs (mmcblk0p2): mounted filesystem with ordered data mode. Opts: (null)
[    8.715388] VFS: Mounted root (ext4 filesystem) on device 179:2.
[    8.728521] devtmpfs: mounted
[    8.732348] Freeing unused kernel memory: 2560K
[    8.755760] Run /sbin/init as init process
[    8.759854]   with arguments:
[    8.759857]     /sbin/init
[    8.759859]   with environment:
[    8.759861]     HOME=/
[    8.759864]     TERM=linux
[    9.323356] systemd[1]: systemd 241 running in system mode. (+PAM +AUDIT +SELINUX +IMA +APPARMOR +SMACK +SYSVINIT +UTMP +LIBCRYPTSETUP +GCRYPT +GNUTLS +ACL +XZ +LZ4 +SECCOMP +BLKID +ELFUTILS +KMOD -IDN2 +IDN -PCRE2 default-hierarchy=hybrid)
[    9.345234] systemd[1]: Detected architecture arm64.
[    9.368418] systemd[1]: Set hostname to <analog>.
[    9.565501] systemd[1]: File /lib/systemd/system/systemd-journald.service:12 configures an IP firewall (IPAddressDeny=any), but the local system does not support BPF/cgroup based firewalling.
[    9.582591] systemd[1]: Proceeding WITHOUT firewalling in effect! (This warning is only shown for the first loaded unit using IP firewalling.)
[    9.745075] systemd[1]: /etc/systemd/system/tof-server.service:1: Assignment outside of section. Ignoring.
[    9.754772] systemd[1]: /etc/systemd/system/tof-server.service:2: Assignment outside of section. Ignoring.
[    9.937003] random: systemd: uninitialized urandom read (16 bytes read)
[    9.951719] systemd[1]: Condition check resulted in Arbitrary Executable File Formats File System Automount Point being skipped.
[    9.963330] random: systemd: uninitialized urandom read (16 bytes read)
[    9.970516] systemd[1]: Created slice system-systemd\x2dfsck.slice.
[    9.991793] random: systemd: uninitialized urandom read (16 bytes read)
[    9.998563] systemd[1]: Started Forward Password Requests to Wall Directory Watch.
[   10.566939] ------------[ cut here ]------------
[   10.566948] Enabling unprepared \xa0\xe9Q\x88\xff\xff\xffpQ\x88\xff\xff\xff
[   10.566994] WARNING: CPU: 0 PID: 113 at drivers/clk/clk.c:1012 clk_core_enable+0xa4/0xc0
[   10.566997] Modules linked in:
[   10.567008] CPU: 0 PID: 113 Comm: kworker/0:1H Not tainted 5.10.0-98103-g2aa7ac113716 #5577
[   10.567011] Hardware name: ZynqMP ZCU102 Rev1.0 (DT)
[   10.567019] Workqueue: kblockd blk_mq_run_work_fn
[   10.567027] pstate: 80000085 (Nzcv daIf -PAN -UAO -TCO BTYPE=--)
[   10.567033] pc : clk_core_enable+0xa4/0xc0
[   10.567038] lr : clk_core_enable+0xa4/0xc0
[   10.567041] sp : ffffffc0125eb2d0
[   10.567044] x29: ffffffc0125eb2d0 x28: ffffff8800330c10 
[   10.567051] x27: ffffff8800330d48 x26: 0000005000000101 
[   10.567057] x25: 000000026fe5637c x24: 0000000000000001 
[   10.567064] x23: ffffff88010e9380 x22: ffffff8801083220 
[   10.567070] x21: ffffff8801517000 x20: ffffff8801517008 
[   10.567077] x19: ffffff8801517008 x18: 0000000000000030 
[   10.567083] x17: 0000000000000003 x16: 0000ac36fb795cb6 
[   10.567090] x15: ffffffffffff89e8 x14: ffffffc011d3b1a0 
[   10.567097] x13: ffffffc011d3b1c8 x12: 00000000000005f7 
[   10.567103] x11: 00000000000001fd x10: ffffffc011d671c8 
[   10.567109] x9 : 00000000fffff800 x8 : ffffffc011d3b1c8 
[   10.567116] x7 : ffffffc011d671c8 x6 : 0000000000000001 
[   10.567122] x5 : ffffff887f7669e0 x4 : 0000000000000000 
[   10.567128] x3 : 0000000000000027 x2 : 0000000000000023 
[   10.567135] x1 : ea8c4c2ec9097c00 x0 : 0000000000000000 
[   10.567142] Call trace:
[   10.567148]  clk_core_enable+0xa4/0xc0
[   10.567153]  clk_enable+0x2c/0x60
[   10.567160]  zynqmp_runtime_resume+0x24/0x84
[   10.567167]  pm_generic_runtime_resume+0x30/0x50
[   10.567173]  __genpd_runtime_resume+0x30/0xb0
[   10.567179]  genpd_runtime_resume+0x90/0x250
[   10.567185]  __rpm_callback+0x10c/0x1e0
[   10.567190]  rpm_callback+0x5c/0x84
[   10.567195]  rpm_resume+0x4a4/0x74c
[   10.567200]  __pm_runtime_resume+0x78/0xc4
[   10.567205]  spi_mem_access_start.isra.0+0x30/0x80
[   10.567209]  spi_mem_exec_op+0x3b0/0x424
[   10.567214]  spi_nor_read_sr+0x78/0xe0
[   10.567219]  spi_nor_wait_till_ready_with_timeout+0xb4/0x2f0
[   10.567223]  spi_nor_read+0x188/0x380
[   10.567229]  mtd_read_oob_std+0x78/0x84
[   10.567233]  mtd_read_oob+0x7c/0x134
[   10.567238]  mtd_read+0x48/0x7c
[   10.567243]  mtdblock_readsect+0x6c/0x150
[   10.567248]  mtd_queue_rq+0x2cc/0x5a0
[   10.567254]  blk_mq_dispatch_rq_list+0x110/0x790
[   10.567260]  __blk_mq_do_dispatch_sched+0x200/0x274
[   10.567266]  __blk_mq_sched_dispatch_requests+0x1a8/0x1fc
[   10.567272]  blk_mq_sched_dispatch_requests+0x3c/0x7c
[   10.567277]  __blk_mq_run_hw_queue+0x98/0x100
[   10.567281]  blk_mq_run_work_fn+0x24/0x30
[   10.567287]  process_one_work+0x1d4/0x380
[   10.567291]  worker_thread+0x78/0x4e0
[   10.567296]  kthread+0x124/0x130
[   10.567302]  ret_from_fork+0x10/0x3c
[   10.567305] ---[ end trace 56c0f4b4232585d5 ]---
[   10.567314] zynqmp-qspi ff0f0000.spi: Cannot enable APB clock.
[   10.567363] spi_master spi0: Failed to power device: -108
[   10.567373] blk_update_request: I/O error, dev mtdblock0, sector 8 op 0x0:(READ) flags 0x80700 phys_seg 1 prio class 0
[   10.567446] spi_master spi0: Failed to power device: -22
[   10.567452] blk_update_request: I/O error, dev mtdblock0, sector 8 op 0x0:(READ) flags 0x0 phys_seg 8 prio class 0
[   10.567458] Buffer I/O error on dev mtdblock0, logical block 8, async page read
[   10.567467] spi_master spi0: Failed to power device: -22
[   10.567473] blk_update_request: I/O error, dev mtdblock0, sector 9 op 0x0:(READ) flags 0x0 phys_seg 7 prio class 0
[   10.567477] Buffer I/O error on dev mtdblock0, logical block 9, async page read
[   10.567484] spi_master spi0: Failed to power device: -22
[   10.567489] blk_update_request: I/O error, dev mtdblock0, sector 10 op 0x0:(READ) flags 0x0 phys_seg 6 prio class 0
[   10.567493] Buffer I/O error on dev mtdblock0, logical block 10, async page read
[   10.567500] spi_master spi0: Failed to power device: -22
[   10.567506] blk_update_request: I/O error, dev mtdblock0, sector 11 op 0x0:(READ) flags 0x0 phys_seg 5 prio class 0
[   10.567510] Buffer I/O error on dev mtdblock0, logical block 11, async page read
[   10.567516] spi_master spi0: Failed to power device: -22
[   10.567522] blk_update_request: I/O error, dev mtdblock0, sector 12 op 0x0:(READ) flags 0x0 phys_seg 4 prio class 0
[   10.567526] Buffer I/O error on dev mtdblock0, logical block 12, async page read
[   10.567532] spi_master spi0: Failed to power device: -22
[   10.567538] blk_update_request: I/O error, dev mtdblock0, sector 13 op 0x0:(READ) flags 0x0 phys_seg 3 prio class 0
[   10.567542] Buffer I/O error on dev mtdblock0, logical block 13, async page read
[   10.567549] spi_master spi0: Failed to power device: -22
[   10.567554] blk_update_request: I/O error, dev mtdblock0, sector 14 op 0x0:(READ) flags 0x0 phys_seg 2 prio class 0
[   10.567558] Buffer I/O error on dev mtdblock0, logical block 14, async page read
[   10.567564] spi_master spi0: Failed to power device: -22
[   10.567570] blk_update_request: I/O error, dev mtdblock0, sector 15 op 0x0:(READ) flags 0x0 phys_seg 1 prio class 0
[   10.567574] Buffer I/O error on dev mtdblock0, logical block 15, async page read
[   10.568050] spi_master spi0: Failed to power device: -22
[   10.568058] blk_update_request: I/O error, dev mtdblock1, sector 10112 op 0x0:(READ) flags 0x80700 phys_seg 1 prio class 0
[   10.568104] spi_master spi0: Failed to power device: -22
[   10.568110] Buffer I/O error on dev mtdblock1, logical block 10112, async page read
[   10.568118] spi_master spi0: Failed to power device: -22
[   10.568123] Buffer I/O error on dev mtdblock1, logical block 10113, async page read
[   10.568130] spi_master spi0: Failed to power device: -22
[   10.568138] spi_master spi0: Failed to power device: -22
[   10.568145] spi_master spi0: Failed to power device: -22
[   10.568152] spi_master spi0: Failed to power device: -22
[   10.568160] spi_master spi0: Failed to power device: -22
[   10.568167] spi_master spi0: Failed to power device: -22
[   10.568442] spi_master spi0: Failed to power device: -22
[   10.568486] spi_master spi0: Failed to power device: -22
[   10.568496] spi_master spi0: Failed to power device: -22
[   10.568503] spi_master spi0: Failed to power device: -22
[   10.568511] spi_master spi0: Failed to power device: -22
[   10.568518] spi_master spi0: Failed to power device: -22
[   10.568525] spi_master spi0: Failed to power device: -22
[   10.568532] spi_master spi0: Failed to power device: -22
[   10.568540] spi_master spi0: Failed to power device: -22
[   10.568807] spi_master spi0: Failed to power device: -22
[   10.568851] spi_master spi0: Failed to power device: -22
[   10.568864] spi_master spi0: Failed to power device: -22
[   10.568872] spi_master spi0: Failed to power device: -22
[   10.568880] spi_master spi0: Failed to power device: -22
[   10.568887] spi_master spi0: Failed to power device: -22
[   10.568895] spi_master spi0: Failed to power device: -22
[   10.568902] spi_master spi0: Failed to power device: -22
[   10.568909] spi_master spi0: Failed to power device: -22
[   10.692499] EXT4-fs (mmcblk0p2): re-mounted. Opts: (null)
[   10.808430] systemd-journald[169]: Received request to flush runtime journal from PID 1
[   16.637587] macb ff0e0000.ethernet eth0: PHY [ff0e0000.ethernet-ffffffff:0c] driver [TI DP83867] (irq=POLL)
[   16.637600] macb ff0e0000.ethernet eth0: configuring for phy/rgmii-id link mode
[   16.952547] Adding 99324k swap on /var/swap.  Priority:-2 extents:13 across:10143904k SS
[   18.635733] random: crng init done
[   18.635744] random: 7 urandom warning(s) missed due to ratelimiting
[   19.473666] broken atomic modeset userspace detected, disabling atomic
[   19.713344] macb ff0e0000.ethernet eth0: Link is Up - 1Gbps/Full - flow control off
[   19.713368] IPv6: ADDRCONF(NETDEV_CHANGE): eth0: link becomes ready
[   22.150990] broken atomic modeset userspace detected, disabling atomic
[   25.069920] broken atomic modeset userspace detected, disabling atomic
[   27.698220] broken atomic modeset userspace detected, disabling atomic