[    0.000000] Booting Linux on physical CPU 0x0000000000 [0x410fd034]
[    0.000000] Linux version 5.10.0-98103-g2aa7ac113716 (jenkins@romlxbuild1.adlk.analog.com) (aarch64-xilinx-linux-gcc.real (GCC) 10.2.0, GNU ld (GNU Binutils) 2.35.0.20200730) #5577 SMP Wed Mar 23 07:28:49 GMT 2022
[    0.000000] Machine model: ZynqMP ZCU102 Rev1.0
[    0.000000] earlycon: cdns0 at MMIO 0x00000000ff000000 (options '115200n8')
[    0.000000] printk: bootconsole [cdns0] enabled
[    0.000000] efi: UEFI not found.
[    0.000000] cma: Reserved 256 MiB at 0x0000000070000000
[    0.000000] Zone ranges:
[    0.000000]   DMA      [mem 0x0000000000000000-0x000000003fffffff]
[    0.000000]   DMA32    [mem 0x0000000040000000-0x00000000ffffffff]
[    0.000000]   Normal   [mem 0x0000000100000000-0x000000087fffffff]
[    0.000000] Movable zone start for each node
[    0.000000] Early memory node ranges
[    0.000000]   node   0: [mem 0x0000000000000000-0x000000007fffffff]
[    0.000000]   node   0: [mem 0x0000000800000000-0x000000087fffffff]
[    0.000000] Initmem setup node 0 [mem 0x0000000000000000-0x000000087fffffff]
[    0.000000] On node 0 totalpages: 1048576
[    0.000000]   DMA zone: 3584 pages used for memmap
[    0.000000]   DMA zone: 0 pages reserved
[    0.000000]   DMA zone: 262144 pages, LIFO batch:63
[    0.000000]   DMA32 zone: 3584 pages used for memmap
[    0.000000]   DMA32 zone: 262144 pages, LIFO batch:63
[    0.000000]   Normal zone: 7168 pages used for memmap
[    0.000000]   Normal zone: 524288 pages, LIFO batch:63
[    0.000000] psci: probing for conduit method from DT.
[    0.000000] psci: PSCIv1.1 detected in firmware.
[    0.000000] psci: Using standard PSCI v0.2 function IDs
[    0.000000] psci: MIGRATE_INFO_TYPE not supported.
[    0.000000] psci: SMC Calling Convention v1.2
[    0.000000] percpu: Embedded 22 pages/cpu s49496 r8192 d32424 u90112
[    0.000000] pcpu-alloc: s49496 r8192 d32424 u90112 alloc=22*4096
[    0.000000] pcpu-alloc: [0] 0 [0] 1 [0] 2 [0] 3 
[    0.000000] Detected VIPT I-cache on CPU0
[    0.000000] CPU features: detected: ARM erratum 845719
[    0.000000] Built 1 zonelists, mobility grouping on.  Total pages: 1034240
[    0.000000] Kernel command line: console=ttyPS0,115200 root=/dev/mmcblk0p2 rw earlycon rootfstype=ext4 rootwait clk_ignore_unused cpuidle.off=1 root=/dev/mmcblk0p2 rw rootwait
[    0.000000] Dentry cache hash table entries: 524288 (order: 10, 4194304 bytes, linear)
[    0.000000] Inode-cache hash table entries: 262144 (order: 9, 2097152 bytes, linear)
[    0.000000] mem auto-init: stack:off, heap alloc:off, heap free:off
[    0.000000] software IO TLB: mapped [mem 0x000000003bfff000-0x000000003ffff000] (64MB)
[    0.000000] Memory: 3761904K/4194304K available (15296K kernel code, 1636K rwdata, 11876K rodata, 2560K init, 507K bss, 170256K reserved, 262144K cma-reserved)
[    0.000000] rcu: Hierarchical RCU implementation.
[    0.000000] rcu: 	RCU event tracing is enabled.
[    0.000000] rcu: 	RCU restricting CPUs from NR_CPUS=8 to nr_cpu_ids=4.
[    0.000000] rcu: RCU calculated value of scheduler-enlistment delay is 25 jiffies.
[    0.000000] rcu: Adjusting geometry for rcu_fanout_leaf=16, nr_cpu_ids=4
[    0.000000] NR_IRQS: 64, nr_irqs: 64, preallocated irqs: 0
[    0.000000] GIC: Adjusting CPU interface base to 0x00000000f902f000
[    0.000000] GIC: Using split EOI/Deactivate mode
[    0.000000] random: get_random_bytes called from start_kernel+0x31c/0x54c with crng_init=0
[    0.000000] arch_timer: cp15 timer(s) running at 100.00MHz (phys).
[    0.000000] clocksource: arch_sys_counter: mask: 0xffffffffffffff max_cycles: 0x171024e7e0, max_idle_ns: 440795205315 ns
[    0.000003] sched_clock: 56 bits at 100MHz, resolution 10ns, wraps every 4398046511100ns
[    0.008463] Console: colour dummy device 80x25
[    0.012482] Calibrating delay loop (skipped), value calculated using timer frequency.. 200.00 BogoMIPS (lpj=400000)
[    0.022840] pid_max: default: 32768 minimum: 301
[    0.027549] Mount-cache hash table entries: 8192 (order: 4, 65536 bytes, linear)
[    0.034788] Mountpoint-cache hash table entries: 8192 (order: 4, 65536 bytes, linear)
[    0.043396] rcu: Hierarchical SRCU implementation.
[    0.047561] EFI services will not be available.
[    0.051939] smp: Bringing up secondary CPUs ...
[    0.056656] Detected VIPT I-cache on CPU1
[    0.056695] CPU1: Booted secondary processor 0x0000000001 [0x410fd034]
[    0.057062] Detected VIPT I-cache on CPU2
[    0.057086] CPU2: Booted secondary processor 0x0000000002 [0x410fd034]
[    0.057425] Detected VIPT I-cache on CPU3
[    0.057448] CPU3: Booted secondary processor 0x0000000003 [0x410fd034]
[    0.057494] smp: Brought up 1 node, 4 CPUs
[    0.091779] SMP: Total of 4 processors activated.
[    0.096452] CPU features: detected: 32-bit EL0 Support
[    0.101555] CPU features: detected: CRC32 instructions
[    0.106696] CPU: All CPU(s) started at EL2
[    0.110736] alternatives: patching kernel code
[    0.116168] devtmpfs: initialized
[    0.124077] Registered cp15_barrier emulation handler
[    0.124128] Registered setend emulation handler
[    0.128109] clocksource: jiffies: mask: 0xffffffff max_cycles: 0xffffffff, max_idle_ns: 7645041785100000 ns
[    0.137687] futex hash table entries: 1024 (order: 4, 65536 bytes, linear)
[    0.151053] pinctrl core: initialized pinctrl subsystem
[    0.151699] NET: Registered protocol family 16
[    0.156121] DMA: preallocated 512 KiB GFP_KERNEL pool for atomic allocations
[    0.162133] DMA: preallocated 512 KiB GFP_KERNEL|GFP_DMA pool for atomic allocations
[    0.169860] DMA: preallocated 512 KiB GFP_KERNEL|GFP_DMA32 pool for atomic allocations
[    0.177662] audit: initializing netlink subsys (disabled)
[    0.183109] audit: type=2000 audit(0.116:1): state=initialized audit_enabled=0 res=1
[    0.183453] hw-breakpoint: found 6 breakpoint and 4 watchpoint registers.
[    0.197488] ASID allocator initialised with 65536 entries
[    0.224333] HugeTLB registered 1.00 GiB page size, pre-allocated 0 pages
[    0.225386] HugeTLB registered 32.0 MiB page size, pre-allocated 0 pages
[    0.232056] HugeTLB registered 2.00 MiB page size, pre-allocated 0 pages
[    0.238716] HugeTLB registered 64.0 KiB page size, pre-allocated 0 pages
[    1.304256] DRBG: Continuing without Jitter RNG
[    1.382109] raid6: neonx8   gen()  2140 MB/s
[    1.450158] raid6: neonx8   xor()  1598 MB/s
[    1.518213] raid6: neonx4   gen()  2195 MB/s
[    1.586269] raid6: neonx4   xor()  1564 MB/s
[    1.654333] raid6: neonx2   gen()  2076 MB/s
[    1.722378] raid6: neonx2   xor()  1435 MB/s
[    1.790442] raid6: neonx1   gen()  1772 MB/s
[    1.858492] raid6: neonx1   xor()  1220 MB/s
[    1.926552] raid6: int64x8  gen()  1438 MB/s
[    1.994607] raid6: int64x8  xor()   771 MB/s
[    2.062684] raid6: int64x4  gen()  1599 MB/s
[    2.130723] raid6: int64x4  xor()   817 MB/s
[    2.198806] raid6: int64x2  gen()  1397 MB/s
[    2.266852] raid6: int64x2  xor()   741 MB/s
[    2.334924] raid6: int64x1  gen()  1033 MB/s
[    2.402983] raid6: int64x1  xor()   517 MB/s
[    2.403022] raid6: using algorithm neonx4 gen() 2195 MB/s
[    2.406978] raid6: .... xor() 1564 MB/s, rmw enabled
[    2.411908] raid6: using neon recovery algorithm
[    2.416922] iommu: Default domain type: Translated 
[    2.421533] SCSI subsystem initialized
[    2.425078] libata version 3.00 loaded.
[    2.425202] usbcore: registered new interface driver usbfs
[    2.430535] usbcore: registered new interface driver hub
[    2.435807] usbcore: registered new device driver usb
[    2.440942] mc: Linux media interface: v0.10
[    2.445055] videodev: Linux video capture interface: v2.00
[    2.450547] EDAC MC: Ver: 3.0.0
[    2.453987] zynqmp-ipi-mbox mailbox@ff990400: Registered ZynqMP IPI mbox with TX/RX channels.
[    2.462496] jesd204: created con: id=0, topo=0, link=0, /axi/spi@ff050000/hmc7044@0 <-> /fpga-axi@0/axi-adxcvr-tx@84b60000
[    2.473077] jesd204: created con: id=1, topo=0, link=2, /axi/spi@ff050000/hmc7044@0 <-> /fpga-axi@0/axi-adxcvr-rx@84a60000
[    2.484061] jesd204: created con: id=2, topo=0, link=0, /fpga-axi@0/axi-adxcvr-tx@84b60000 <-> /fpga-axi@0/axi-jesd204-tx@84b90000
[    2.495737] jesd204: created con: id=3, topo=0, link=2, /fpga-axi@0/axi-adxcvr-rx@84a60000 <-> /fpga-axi@0/axi-jesd204-rx@84a90000
[    2.507414] jesd204: created con: id=4, topo=0, link=0, /fpga-axi@0/axi-jesd204-tx@84b90000 <-> /fpga-axi@0/axi-ad9081-tx-hpc@84b10000
[    2.519442] jesd204: created con: id=5, topo=0, link=2, /fpga-axi@0/axi-jesd204-rx@84a90000 <-> /fpga-axi@0/axi-ad9081-rx-hpc@84a10000
[    2.531464] jesd204: created con: id=6, topo=0, link=2, /fpga-axi@0/axi-ad9081-rx-hpc@84a10000 <-> /axi/spi@ff040000/ad9081@0
[    2.542706] jesd204: created con: id=7, topo=0, link=0, /fpga-axi@0/axi-ad9081-tx-hpc@84b10000 <-> /axi/spi@ff040000/ad9081@0
[    2.553956] jesd204: /axi/spi@ff040000/ad9081@0: JESD204[2] transition uninitialized -> initialized
[    2.562942] jesd204: /axi/spi@ff040000/ad9081@0: JESD204[0] transition uninitialized -> initialized
[    2.571934] jesd204: found 8 devices and 1 topologies
[    2.576977] FPGA manager framework
[    2.580457] Advanced Linux Sound Architecture Driver Initialized.
[    2.586749] Bluetooth: Core ver 2.22
[    2.589936] NET: Registered protocol family 31
[    2.594338] Bluetooth: HCI device and connection manager initialized
[    2.600654] Bluetooth: HCI socket layer initialized
[    2.605497] Bluetooth: L2CAP socket layer initialized
[    2.610520] Bluetooth: SCO socket layer initialized
[    2.615707] clocksource: Switched to clocksource arch_sys_counter
[    2.621513] VFS: Disk quotas dquot_6.6.0
[    2.625348] VFS: Dquot-cache hash table entries: 512 (order 0, 4096 bytes)
[    2.636058] NET: Registered protocol family 2
[    2.636794] tcp_listen_portaddr_hash hash table entries: 2048 (order: 3, 32768 bytes, linear)
[    2.644988] TCP established hash table entries: 32768 (order: 6, 262144 bytes, linear)
[    2.653013] TCP bind hash table entries: 32768 (order: 7, 524288 bytes, linear)
[    2.660457] TCP: Hash tables configured (established 32768 bind 32768)
[    2.666633] UDP hash table entries: 2048 (order: 4, 65536 bytes, linear)
[    2.673298] UDP-Lite hash table entries: 2048 (order: 4, 65536 bytes, linear)
[    2.680459] NET: Registered protocol family 1
[    2.684912] RPC: Registered named UNIX socket transport module.
[    2.690535] RPC: Registered udp transport module.
[    2.695200] RPC: Registered tcp transport module.
[    2.699869] RPC: Registered tcp NFSv4.1 backchannel transport module.
[    2.706861] PCI: CLS 0 bytes, default 64
[    2.710567] hw perfevents: no interrupt-affinity property for /pmu, guessing.
[    2.717422] hw perfevents: enabled with armv8_pmuv3 PMU driver, 7 counters available
[    2.725774] Initialise system trusted keyrings
[    2.729448] workingset: timestamp_bits=62 max_order=20 bucket_order=0
[    2.736353] NFS: Registering the id_resolver key type
[    2.740798] Key type id_resolver registered
[    2.744937] Key type id_legacy registered
[    2.748927] nfs4filelayout_init: NFSv4 File Layout Driver Registering...
[    2.755593] jffs2: version 2.2. (NAND) (SUMMARY)  Â© 2001-2006 Red Hat, Inc.
[    2.798044] NET: Registered protocol family 38
[    2.798087] xor: measuring software checksum speed
[    2.805778]    8regs           :  2363 MB/sec
[    2.809446]    32regs          :  2799 MB/sec
[    2.814390]    arm64_neon      :  2380 MB/sec
[    2.814579] xor: using function: 32regs (2799 MB/sec)
[    2.819605] Key type asymmetric registered
[    2.823666] Asymmetric key parser 'x509' registered
[    2.828527] Block layer SCSI generic (bsg) driver version 0.4 loaded (major 248)
[    2.835865] io scheduler mq-deadline registered
[    2.840360] io scheduler kyber registered
[    2.869778] Serial: 8250/16550 driver, 4 ports, IRQ sharing disabled
[    2.874416] cacheinfo: Unable to detect cache hierarchy for CPU 0
[    2.880765] brd: module loaded
[    2.884903] loop: module loaded
[    2.885449] Registered mathworks_ip class
[    2.888790] libphy: Fixed MDIO Bus: probed
[    2.891780] tun: Universal TUN/TAP device driver, 1.6
[    2.895824] CAN device driver interface
[    2.900362] usbcore: registered new interface driver asix
[    2.904956] usbcore: registered new interface driver ax88179_178a
[    2.910990] usbcore: registered new interface driver cdc_ether
[    2.916784] usbcore: registered new interface driver net1080
[    2.922411] usbcore: registered new interface driver cdc_subset
[    2.928291] usbcore: registered new interface driver zaurus
[    2.933834] usbcore: registered new interface driver cdc_ncm
[    2.940245] ehci_hcd: USB 2.0 'Enhanced' Host Controller (EHCI) Driver
[    2.945919] ehci-pci: EHCI PCI platform driver
[    2.950719] usbcore: registered new interface driver uas
[    2.955638] usbcore: registered new interface driver usb-storage
[    2.961625] usbcore: registered new interface driver usbserial_generic
[    2.968074] usbserial: USB Serial support registered for generic
[    2.974047] usbcore: registered new interface driver ftdi_sio
[    2.979750] usbserial: USB Serial support registered for FTDI USB Serial Device
[    2.987027] usbcore: registered new interface driver upd78f0730
[    2.992898] usbserial: USB Serial support registered for upd78f0730
[    3.000554] rtc_zynqmp ffa60000.rtc: registered as rtc0
[    3.004323] rtc_zynqmp ffa60000.rtc: setting system clock to 2022-04-12T19:22:58 UTC (1649791378)
[    3.013186] i2c /dev entries driver
[    3.018499] usbcore: registered new interface driver uvcvideo
[    3.022298] USB Video Class driver (1.1.1)
[    3.027879] Bluetooth: HCI UART driver ver 2.3
[    3.030770] Bluetooth: HCI UART protocol H4 registered
[    3.035879] Bluetooth: HCI UART protocol BCSP registered
[    3.041168] Bluetooth: HCI UART protocol LL registered
[    3.046257] Bluetooth: HCI UART protocol ATH3K registered
[    3.051632] Bluetooth: HCI UART protocol Three-wire (H5) registered
[    3.057886] Bluetooth: HCI UART protocol Intel registered
[    3.063223] Bluetooth: HCI UART protocol QCA registered
[    3.068426] usbcore: registered new interface driver bcm203x
[    3.074047] usbcore: registered new interface driver bpa10x
[    3.079580] usbcore: registered new interface driver bfusb
[    3.085033] usbcore: registered new interface driver btusb
[    3.090496] usbcore: registered new interface driver ath3k
[    3.095979] EDAC MC: ECC not enabled
[    3.099598] EDAC DEVICE0: Giving out device to module zynqmp-ocm-edac controller zynqmp_ocm: DEV ff960000.memory-controller (INTERRUPT)
[    3.111923] sdhci: Secure Digital Host Controller Interface driver
[    3.117706] sdhci: Copyright(c) Pierre Ossman
[    3.122031] sdhci-pltfm: SDHCI platform and OF driver helper
[    3.128087] ledtrig-cpu: registered to indicate activity on CPUs
[    3.133636] SMCCC: SOC_ID: ARCH_SOC_ID not implemented, skipping ....
[    3.140068] zynqmp_firmware_probe Platform Management API v1.1
[    3.145822] zynqmp_firmware_probe Trustzone version v1.0
[    3.185381] zynqmp-pinctrl firmware:zynqmp-firmware:pinctrl: zynqmp pinctrl initialized
[    3.233374] zynqmp-aes firmware:zynqmp-firmware:zynqmp-aes: will run requests pump with realtime priority
[    3.249186] alg: No test for xilinx-keccak-384 (zynqmp-keccak-384)
[    3.249894] alg: No test for xilinx-zynqmp-rsa (zynqmp-rsa)
[    3.255406] usbcore: registered new interface driver usbhid
[    3.260797] usbhid: USB HID core driver
[    3.272036] axi_sysid 85000000.axi-sysid-0: AXI System ID core version (1.01.a) found
[    3.274387] axi_sysid 85000000.axi-sysid-0: [ad9081_fmca_ebz] on [zcu102] git branch <master> git <084d44c9780640ca93fd847b1d9ec70dd65f5c67> clean [2022-03-18 04:17:50] UTC
[    3.290077] fpga_manager fpga0: Xilinx ZynqMP FPGA Manager registered
[    3.296435] usbcore: registered new interface driver snd-usb-audio
[    3.303886] pktgen: Packet Generator for packet performance testing. Version: 2.75
[    3.310071] Initializing XFRM netlink socket
[    3.313916] NET: Registered protocol family 10
[    3.318633] Segment Routing with IPv6
[    3.322013] sit: IPv6, IPv4 and MPLS over IPv4 tunneling driver
[    3.328084] NET: Registered protocol family 17
[    3.332189] NET: Registered protocol family 15
[    3.336690] can: controller area network core
[    3.340938] NET: Registered protocol family 29
[    3.345328] can: raw protocol
[    3.348264] can: broadcast manager protocol
[    3.352419] can: netlink gateway - max_hops=1
[    3.356814] Bluetooth: RFCOMM TTY layer initialized
[    3.361593] Bluetooth: RFCOMM socket layer initialized
[    3.366700] Bluetooth: RFCOMM ver 1.11
[    3.370412] Bluetooth: BNEP (Ethernet Emulation) ver 1.3
[    3.375684] Bluetooth: BNEP filters: protocol multicast
[    3.380876] Bluetooth: BNEP socket layer initialized
[    3.385804] Bluetooth: HIDP (Human Interface Emulation) ver 1.2
[    3.391689] Bluetooth: HIDP socket layer initialized
[    3.396741] 9pnet: Installing 9P2000 support
[    3.400865] NET: Registered protocol family 36
[    3.405283] Key type dns_resolver registered
[    3.409712] registered taskstats version 1
[    3.413579] Loading compiled-in X.509 certificates
[    3.418690] Btrfs loaded, crc32c=crc32c-generic
[    3.431088] ff000000.serial: ttyPS0 at MMIO 0xff000000 (irq = 49, base_baud = 6249999) is a xuartps
[    3.440113] printk: console [ttyPS0] enabled
[    3.444408] printk: bootconsole [cdns0] disabled
[    3.454022] ff010000.serial: ttyPS1 at MMIO 0xff010000 (irq = 50, base_baud = 6249999) is a xuartps
[    3.467257] of-fpga-region fpga-full: FPGA Region probed
[    3.474207] nwl-pcie fd0e0000.pcie: host bridge /axi/pcie@fd0e0000 ranges:
[    3.481102] nwl-pcie fd0e0000.pcie:      MEM 0x00e0000000..0x00efffffff -> 0x00e0000000
[    3.489104] nwl-pcie fd0e0000.pcie:      MEM 0x0600000000..0x07ffffffff -> 0x0600000000
[    3.497165] nwl-pcie fd0e0000.pcie: Link is DOWN
[    3.501922] nwl-pcie fd0e0000.pcie: PCI host bridge to bus 0000:00
[    3.508102] pci_bus 0000:00: root bus resource [bus 00-ff]
[    3.513582] pci_bus 0000:00: root bus resource [mem 0xe0000000-0xefffffff]
[    3.520453] pci_bus 0000:00: root bus resource [mem 0x600000000-0x7ffffffff pref]
[    3.527956] pci 0000:00:00.0: [10ee:d021] type 01 class 0x060400
[    3.534012] pci 0000:00:00.0: PME# supported from D0 D1 D2 D3hot
[    3.544450] pci 0000:00:00.0: PCI bridge to [bus 01-0c]
[    3.550427] xilinx-zynqmp-dma fd500000.dma: ZynqMP DMA driver Probe success
[    3.557602] xilinx-zynqmp-dma fd510000.dma: ZynqMP DMA driver Probe success
[    3.564783] xilinx-zynqmp-dma fd520000.dma: ZynqMP DMA driver Probe success
[    3.571954] xilinx-zynqmp-dma fd530000.dma: ZynqMP DMA driver Probe success
[    3.579121] xilinx-zynqmp-dma fd540000.dma: ZynqMP DMA driver Probe success
[    3.586289] xilinx-zynqmp-dma fd550000.dma: ZynqMP DMA driver Probe success
[    3.593460] xilinx-zynqmp-dma fd560000.dma: ZynqMP DMA driver Probe success
[    3.600630] xilinx-zynqmp-dma fd570000.dma: ZynqMP DMA driver Probe success
[    3.608040] xilinx-zynqmp-dpdma fd4c0000.dma-controller: Xilinx DPDMA engine is probed
[    3.616584] ahci-ceva fd0c0000.ahci: supply ahci not found, using dummy regulator
[    3.624127] ahci-ceva fd0c0000.ahci: supply phy not found, using dummy regulator
[    3.711883] hmc7044 spi2.0: PLL1: Acquisition, CLKIN0 @ 122880000 Hz, PFD: 80 kHz - PLL2: Locked @ 2980.000000 MHz
[    3.722592] jesd204: /axi/spi@ff050000/hmc7044@0,jesd204:1,parent=spi2.0: Using as SYSREF provider
[    3.732181] spi-nor spi0.0: SPI-NOR-UniqueID 100000235394732200270025081115266e
[    3.739492] spi-nor spi0.0: found n25q512a, expected m25p80
[    3.745695] spi-nor spi0.0: trying to lock already unlocked area
[    3.751700] spi-nor spi0.0: n25q512a (131072 Kbytes)
[    3.756678] 4 fixed-partitions partitions found on MTD device spi0.0
[    3.763026] Creating 4 MTD partitions on "spi0.0":
[    3.767814] 0x000000000000-0x000000100000 : "qspi-fsbl-uboot"
[    3.774311] 0x000000100000-0x000000600000 : "qspi-linux"
[    3.780280] 0x000000600000-0x000000620000 : "qspi-device-tree"
[    3.786770] 0x000000620000-0x000000c00000 : "qspi-rootfs"
[    3.795250] macb ff0e0000.ethernet: Not enabling partial store and forward
[    3.802772] libphy: MACB_mii_bus: probed
[    3.807850] macb ff0e0000.ethernet eth0: Cadence GEM rev 0x50070106 at 0xff0e0000 irq 30 (00:0a:35:04:8e:1b)
[    3.818038] xilinx-axipmon ffa00000.perf-monitor: Probed Xilinx APM
[    3.824607] xilinx-axipmon fd0b0000.perf-monitor: Probed Xilinx APM
[    3.831126] xilinx-axipmon fd490000.perf-monitor: Probed Xilinx APM
[    3.837665] xilinx-axipmon ffa10000.perf-monitor: Probed Xilinx APM
[    3.847653] pca953x 0-0020: supply vcc not found, using dummy regulator
[    3.854337] pca953x 0-0020: using no AI
[    3.858826] gpio-496 (sel0): hogged as output/low
[    3.863726] gpio-497 (sel1): hogged as output/high
[    3.868708] gpio-498 (sel2): hogged as output/high
[    3.873690] gpio-499 (sel3): hogged as output/high
[    3.878865] pca953x 0-0021: supply vcc not found, using dummy regulator
[    3.885539] pca953x 0-0021: using no AI
[    3.891295] ina2xx 2-0040: power monitor ina226 (Rshunt = 5000 uOhm)
[    3.898328] ina2xx 2-0041: power monitor ina226 (Rshunt = 5000 uOhm)
[    3.905369] ina2xx 2-0042: power monitor ina226 (Rshunt = 5000 uOhm)
[    3.912397] ina2xx 2-0043: power monitor ina226 (Rshunt = 5000 uOhm)
[    3.919422] ina2xx 2-0044: power monitor ina226 (Rshunt = 5000 uOhm)
[    3.926448] ina2xx 2-0045: power monitor ina226 (Rshunt = 5000 uOhm)
[    3.933481] ina2xx 2-0046: power monitor ina226 (Rshunt = 5000 uOhm)
[    3.940557] ina2xx 2-0047: power monitor ina226 (Rshunt = 5000 uOhm)
[    3.947582] ina2xx 2-004a: power monitor ina226 (Rshunt = 5000 uOhm)
[    3.954608] ina2xx 2-004b: power monitor ina226 (Rshunt = 5000 uOhm)
[    3.961017] i2c i2c-0: Added multiplexed i2c bus 2
[    3.966405] random: fast init done
[    3.969886] ina2xx 3-0040: power monitor ina226 (Rshunt = 2000 uOhm)
[    3.976909] ina2xx 3-0041: power monitor ina226 (Rshunt = 5000 uOhm)
[    3.983937] ina2xx 3-0042: power monitor ina226 (Rshunt = 5000 uOhm)
[    3.990974] ina2xx 3-0043: power monitor ina226 (Rshunt = 5000 uOhm)
[    3.997996] ina2xx 3-0044: power monitor ina226 (Rshunt = 5000 uOhm)
[    4.005023] ina2xx 3-0045: power monitor ina226 (Rshunt = 5000 uOhm)
[    4.012053] ina2xx 3-0046: power monitor ina226 (Rshunt = 5000 uOhm)
[    4.019084] ina2xx 3-0047: power monitor ina226 (Rshunt = 5000 uOhm)
[    4.025485] i2c i2c-0: Added multiplexed i2c bus 3
[    4.081179] i2c i2c-0: Added multiplexed i2c bus 4
[    4.086125] i2c i2c-0: Added multiplexed i2c bus 5
[    4.090912] pca954x 0-0075: registered 4 multiplexed busses for I2C mux pca9544
[    4.098260] cdns-i2c ff020000.i2c: 400 kHz mmio ff020000 irq 32
[    4.105987] at24 6-0054: supply vcc not found, using dummy regulator
[    4.112877] at24 6-0054: 1024 byte 24c08 EEPROM, writable, 1 bytes/write
[    4.119629] i2c i2c-1: Added multiplexed i2c bus 6
[    4.126045] si5341 7-0036: Chip: 5341 Grade: 1 Rev: 1
[    4.163760] i2c i2c-1: Added multiplexed i2c bus 7
[    4.171417] si570 8-005d: registered, current frequency 300000000 Hz
[    4.177822] i2c i2c-1: Added multiplexed i2c bus 8
[    4.197617] si570 9-005d: registered, current frequency 148500000 Hz
[    4.204016] i2c i2c-1: Added multiplexed i2c bus 9
[    4.209052] si5324 10-0069: si5328 probed
[    4.276051] si5324 10-0069: si5328 probe successful
[    4.280976] i2c i2c-1: Added multiplexed i2c bus 10
[    4.286006] i2c i2c-1: Added multiplexed i2c bus 11
[    4.291032] i2c i2c-1: Added multiplexed i2c bus 12
[    4.296055] i2c i2c-1: Added multiplexed i2c bus 13
[    4.300933] pca954x 1-0074: registered 8 multiplexed busses for I2C switch pca9548
[    4.309043] at24 14-0050: supply vcc not found, using dummy regulator
[    4.315830] at24 14-0050: 256 byte 24c02 EEPROM, writable, 1 bytes/write
[    4.322575] i2c i2c-1: Added multiplexed i2c bus 14
[    4.327615] i2c i2c-1: Added multiplexed i2c bus 15
[    4.332652] i2c i2c-1: Added multiplexed i2c bus 16
[    4.337690] i2c i2c-1: Added multiplexed i2c bus 17
[    4.342731] i2c i2c-1: Added multiplexed i2c bus 18
[    4.347774] i2c i2c-1: Added multiplexed i2c bus 19
[    4.352811] i2c i2c-1: Added multiplexed i2c bus 20
[    4.357854] i2c i2c-1: Added multiplexed i2c bus 21
[    4.362734] pca954x 1-0075: registered 8 multiplexed busses for I2C switch pca9548
[    4.370342] cdns-i2c ff030000.i2c: 400 kHz mmio ff030000 irq 33
[    4.380079] cdns-wdt fd4d0000.watchdog: Xilinx Watchdog Timer with timeout 60s
[    4.389113] axi_adxcvr 84a60000.axi-adxcvr-rx: adxcvr_enforce_settings: Using QPLL without access, assuming desired Lane rate will be configured by a different instance
[    4.405763] axi_adxcvr 84a60000.axi-adxcvr-rx: AXI-ADXCVR-RX (17.05.a) using QPLL on GTH4 at 0x84A60000. Number of lanes: 4.
[    4.417911] axi_adxcvr 84b60000.axi-adxcvr-tx: AXI-ADXCVR-TX (17.05.a) using QPLL on GTH4 at 0x84B60000. Number of lanes: 4.
[    4.421873] mmc0: SDHCI controller on ff170000.mmc [ff170000.mmc] using ADMA 64-bit
[    4.437065] axi-jesd204-rx 84a90000.axi-jesd204-rx: AXI-JESD204-RX (1.07.a) at 0x84A90000. Encoder 8b10b, width 4/4, lanes 4, jesd204-fsm.
[    4.449905] axi-jesd204-tx 84b90000.axi-jesd204-tx: AXI-JESD204-TX (1.06.a) at 0x84B90000. Encoder 8b10b, width 4/4, lanes 4, jesd204-fsm.
[    4.463391] zynqmp-display fd4a0000.display: vtc bridge property not present
[    4.469473] mmc0: new high speed SDHC card at address 0001
[    4.473034] xilinx-dp-snd-codec fd4a0000.display:zynqmp_dp_snd_codec0: Failed to get required clock freq
[    4.476265] mmcblk0: mmc0:0001 EB1QT 29.8 GiB 
[    4.485398] xilinx-dp-snd-codec: probe of fd4a0000.display:zynqmp_dp_snd_codec0 failed with error -22
[    4.491047]  mmcblk0: p1 p2 p3
[    4.499390] xilinx-dp-snd-pcm zynqmp_dp_snd_pcm0: Xilinx DisplayPort Sound PCM probed
[    4.510247] xilinx-dp-snd-pcm zynqmp_dp_snd_pcm1: Xilinx DisplayPort Sound PCM probed
[    4.518454] OF: graph: no port node found in /axi/display@fd4a0000
[    4.524860] xlnx-drm xlnx-drm.0: bound fd4a0000.display (ops 0xffffffc010fcbdb8)
[    5.611722] zynqmp-display fd4a0000.display: [drm] Cannot find any crtc or sizes
[    5.619347] [drm] Initialized xlnx 1.0.0 20130509 for fd4a0000.display on minor 0
[    5.626838] zynqmp-display fd4a0000.display: ZynqMP DisplayPort Subsystem driver probed
[    5.635152] ahci-ceva fd0c0000.ahci: supply ahci not found, using dummy regulator
[    5.642695] ahci-ceva fd0c0000.ahci: supply phy not found, using dummy regulator
[    5.650151] ahci-ceva fd0c0000.ahci: supply target not found, using dummy regulator
[    5.668048] ahci-ceva fd0c0000.ahci: AHCI 0001.0301 32 slots 2 ports 6 Gbps 0x3 impl platform mode
[    5.677009] ahci-ceva fd0c0000.ahci: flags: 64bit ncq sntf pm clo only pmp fbs pio slum part ccc sds apst 
[    5.687630] scsi host0: ahci-ceva
[    5.691231] scsi host1: ahci-ceva
[    5.694662] ata1: SATA max UDMA/133 mmio [mem 0xfd0c0000-0xfd0c1fff] port 0x100 irq 45
[    5.702578] ata2: SATA max UDMA/133 mmio [mem 0xfd0c0000-0xfd0c1fff] port 0x180 irq 45
[    5.711192] ad9081 spi1.0: supply vdd not found, using dummy regulator
[    6.021921] ata2: SATA link down (SStatus 0 SControl 330)
[    6.027326] ata1: SATA link down (SStatus 0 SControl 330)
[    6.695725] zynqmp-display fd4a0000.display: [drm] Cannot find any crtc or sizes
[    6.861419] ad9081 spi1.0: Invalid param passed., "ref_clk_hz < 100000000ULL" in adi_ad9081_device_clk_config_set(...), line554 in drivers/iio/adc/ad9081/adi_ad9081_device.c
[    7.555997] ad9081 spi1.0: AD9081 Rev. 2 Grade 10 (API 1.2.2) probed
[    7.563199] xhci-hcd xhci-hcd.1.auto: xHCI Host Controller
[    7.568691] xhci-hcd xhci-hcd.1.auto: new USB bus registered, assigned bus number 1
[    7.576438] xhci-hcd xhci-hcd.1.auto: hcc params 0x0238f625 hci version 0x100 quirks 0x0000000002010810
[    7.585849] xhci-hcd xhci-hcd.1.auto: irq 59, io mem 0xfe200000
[    7.591959] usb usb1: New USB device found, idVendor=1d6b, idProduct=0002, bcdDevice= 5.10
[    7.600216] usb usb1: New USB device strings: Mfr=3, Product=2, SerialNumber=1
[    7.607434] usb usb1: Product: xHCI Host Controller
[    7.612305] usb usb1: Manufacturer: Linux 5.10.0-98103-g2aa7ac113716 xhci-hcd
[    7.619429] usb usb1: SerialNumber: xhci-hcd.1.auto
[    7.624594] hub 1-0:1.0: USB hub found
[    7.628355] hub 1-0:1.0: 1 port detected
[    7.632455] xhci-hcd xhci-hcd.1.auto: xHCI Host Controller
[    7.637941] xhci-hcd xhci-hcd.1.auto: new USB bus registered, assigned bus number 2
[    7.645595] xhci-hcd xhci-hcd.1.auto: Host supports USB 3.0 SuperSpeed
[    7.652217] usb usb2: New USB device found, idVendor=1d6b, idProduct=0003, bcdDevice= 5.10
[    7.660472] usb usb2: New USB device strings: Mfr=3, Product=2, SerialNumber=1
[    7.667690] usb usb2: Product: xHCI Host Controller
[    7.672568] usb usb2: Manufacturer: Linux 5.10.0-98103-g2aa7ac113716 xhci-hcd
[    7.679704] usb usb2: SerialNumber: xhci-hcd.1.auto
[    7.684812] hub 2-0:1.0: USB hub found
[    7.688575] hub 2-0:1.0: 1 port detected
[    7.718668] cf_axi_adc 84a10000.axi-ad9081-rx-hpc: ADI AIM (10.01.b) at 0x84A10000 mapped to 0x(____ptrval____), probed ADC AD9081 as MASTER
[    7.752550] cf_axi_dds 84b10000.axi-ad9081-tx-hpc: Analog Devices CF_AXI_DDS_DDS MASTER (9.01.b) at 0x84B10000 mapped to 0x(____ptrval____), probed DDS AD9081
[    7.766749] jesd204: /axi/spi@ff040000/ad9081@0,jesd204:0,parent=spi1.0: JESD204[2] transition initialized -> probed
[    7.777266] jesd204: /axi/spi@ff040000/ad9081@0,jesd204:0,parent=spi1.0: JESD204[0] transition initialized -> probed
[    7.787789] jesd204: /axi/spi@ff040000/ad9081@0,jesd204:0,parent=spi1.0: JESD204[2] transition probed -> idle
[    7.797697] jesd204: /axi/spi@ff040000/ad9081@0,jesd204:0,parent=spi1.0: JESD204[0] transition probed -> idle
[    7.807612] jesd204: /axi/spi@ff040000/ad9081@0,jesd204:0,parent=spi1.0: JESD204[2] transition idle -> device_init
[    7.817955] jesd204: /axi/spi@ff040000/ad9081@0,jesd204:0,parent=spi1.0: JESD204[0] transition idle -> device_init
[    7.828309] jesd204: /axi/spi@ff040000/ad9081@0,jesd204:0,parent=spi1.0: JESD204[2] transition device_init -> link_init
[    7.839092] jesd204: /axi/spi@ff040000/ad9081@0,jesd204:0,parent=spi1.0: JESD204[0] transition device_init -> link_init
[    7.849882] jesd204: /axi/spi@ff040000/ad9081@0,jesd204:0,parent=spi1.0: JESD204[2] transition link_init -> link_supported
[    7.860921] jesd204: /axi/spi@ff040000/ad9081@0,jesd204:0,parent=spi1.0: JESD204[0] transition link_init -> link_supported
[    7.872325] hmc7044 spi2.0: hmc7044_jesd204_link_pre_setup: Link2 forcing continuous SYSREF mode
[    7.881544] jesd204: /axi/spi@ff040000/ad9081@0,jesd204:0,parent=spi1.0: JESD204[2] transition link_supported -> link_pre_setup
[    7.893022] jesd204: /axi/spi@ff040000/ad9081@0,jesd204:0,parent=spi1.0: JESD204[0] transition link_supported -> link_pre_setup
[    7.916952] jesd204: /axi/spi@ff040000/ad9081@0,jesd204:0,parent=spi1.0: JESD204[2] transition link_pre_setup -> clk_sync_stage1
[    7.928514] jesd204: /axi/spi@ff040000/ad9081@0,jesd204:0,parent=spi1.0: JESD204[0] transition link_pre_setup -> clk_sync_stage1
[    7.940079] jesd204: /axi/spi@ff040000/ad9081@0,jesd204:0,parent=spi1.0: JESD204[2] transition clk_sync_stage1 -> clk_sync_stage2
[    7.951722] jesd204: /axi/spi@ff040000/ad9081@0,jesd204:0,parent=spi1.0: JESD204[0] transition clk_sync_stage1 -> clk_sync_stage2
[    7.963374] jesd204: /axi/spi@ff040000/ad9081@0,jesd204:0,parent=spi1.0: JESD204[2] transition clk_sync_stage2 -> clk_sync_stage3
[    7.975019] jesd204: /axi/spi@ff040000/ad9081@0,jesd204:0,parent=spi1.0: JESD204[0] transition clk_sync_stage2 -> clk_sync_stage3
[    7.988692] jesd204: /axi/spi@ff040000/ad9081@0,jesd204:0,parent=spi1.0: JESD204[2] transition clk_sync_stage3 -> link_setup
[    7.999905] jesd204: /axi/spi@ff040000/ad9081@0,jesd204:0,parent=spi1.0: JESD204[0] transition clk_sync_stage3 -> link_setup
[    8.015896] jesd204: /axi/spi@ff040000/ad9081@0,jesd204:0,parent=spi1.0: JESD204[2] transition link_setup -> opt_setup_stage1
[    8.027197] jesd204: /axi/spi@ff040000/ad9081@0,jesd204:0,parent=spi1.0: JESD204[0] transition link_setup -> opt_setup_stage1
[    8.043529] jesd204: /axi/spi@ff040000/ad9081@0,jesd204:0,parent=spi1.0: JESD204[2] transition opt_setup_stage1 -> opt_setup_stage2
[    8.055356] jesd204: /axi/spi@ff040000/ad9081@0,jesd204:0,parent=spi1.0: JESD204[0] transition opt_setup_stage1 -> opt_setup_stage2
[    8.067332] jesd204: /axi/spi@ff040000/ad9081@0,jesd204:0,parent=spi1.0: JESD204[2] transition opt_setup_stage2 -> opt_setup_stage3
[    8.079156] jesd204: /axi/spi@ff040000/ad9081@0,jesd204:0,parent=spi1.0: JESD204[0] transition opt_setup_stage2 -> opt_setup_stage3
[    8.090980] jesd204: /axi/spi@ff040000/ad9081@0,jesd204:0,parent=spi1.0: JESD204[2] transition opt_setup_stage3 -> opt_setup_stage4
[    8.102798] jesd204: /axi/spi@ff040000/ad9081@0,jesd204:0,parent=spi1.0: JESD204[0] transition opt_setup_stage3 -> opt_setup_stage4
[    8.114626] jesd204: /axi/spi@ff040000/ad9081@0,jesd204:0,parent=spi1.0: JESD204[2] transition opt_setup_stage4 -> opt_setup_stage5
[    8.126443] jesd204: /axi/spi@ff040000/ad9081@0,jesd204:0,parent=spi1.0: JESD204[0] transition opt_setup_stage4 -> opt_setup_stage5
[    8.144462] jesd204: /axi/spi@ff040000/ad9081@0,jesd204:0,parent=spi1.0: JESD204[2] transition opt_setup_stage5 -> clocks_enable
[    8.156026] jesd204: /axi/spi@ff040000/ad9081@0,jesd204:0,parent=spi1.0: JESD204[0] transition opt_setup_stage5 -> clocks_enable
[    8.167644] jesd204: /axi/spi@ff040000/ad9081@0,jesd204:0,parent=spi1.0: JESD204[2] transition clocks_enable -> link_enable
[    8.178776] jesd204: /axi/spi@ff040000/ad9081@0,jesd204:0,parent=spi1.0: JESD204[0] transition clocks_enable -> link_enable
[    8.211946] ad9081 spi1.0: JESD RX (JTX) Link2 in DATA, SYNC deasserted, PLL locked, PHASE established, MODE valid
[    8.222555] ad9081 spi1.0: JESD TX (JRX) Link0 0xF lanes in DATA
[    8.228565] jesd204: /axi/spi@ff040000/ad9081@0,jesd204:0,parent=spi1.0: JESD204[2] transition link_enable -> link_running
[    8.239603] jesd204: /axi/spi@ff040000/ad9081@0,jesd204:0,parent=spi1.0: JESD204[0] transition link_enable -> link_running
[    8.250653] jesd204: /axi/spi@ff040000/ad9081@0,jesd204:0,parent=spi1.0: JESD204[2] transition link_running -> opt_post_running_stage
[    8.262649] jesd204: /axi/spi@ff040000/ad9081@0,jesd204:0,parent=spi1.0: JESD204[0] transition link_running -> opt_post_running_stage
[    8.283878] input: gpio-keys as /devices/platform/gpio-keys/input/input0
[    8.290927] of_cfs_init
[    8.293392] of_cfs_init: OK
[    8.296342] cfg80211: Loading compiled-in X.509 certificates for regulatory database
[    8.434519] cfg80211: Loaded X.509 cert 'sforshee: 00b28ddf47aef9cea7'
[    8.441054] clk: Not disabling unused clocks
[    8.445581] ALSA device list:
[    8.448542]   No soundcards found.
[    8.452209] platform regulatory.0: Direct firmware load for regulatory.db failed with error -2
[    8.460823] cfg80211: failed to load regulatory.db
[    8.476011] EXT4-fs (mmcblk0p2): mounted filesystem with ordered data mode. Opts: (null)
[    8.484127] VFS: Mounted root (ext4 filesystem) on device 179:2.
[    8.497247] devtmpfs: mounted
[    8.501057] Freeing unused kernel memory: 2560K
[    8.511757] Run /sbin/init as init process
[    8.515851]   with arguments:
[    8.515854]     /sbin/init
[    8.515856]   with environment:
[    8.515858]     HOME=/
[    8.515860]     TERM=linux
[    9.082631] systemd[1]: systemd 241 running in system mode. (+PAM +AUDIT +SELINUX +IMA +APPARMOR +SMACK +SYSVINIT +UTMP +LIBCRYPTSETUP +GCRYPT +GNUTLS +ACL +XZ +LZ4 +SECCOMP +BLKID +ELFUTILS +KMOD -IDN2 +IDN -PCRE2 default-hierarchy=hybrid)
[    9.104484] systemd[1]: Detected architecture arm64.
[    9.128414] systemd[1]: Set hostname to <analog>.
[    9.310857] systemd[1]: File /lib/systemd/system/systemd-journald.service:12 configures an IP firewall (IPAddressDeny=any), but the local system does not support BPF/cgroup based firewalling.
[    9.327943] systemd[1]: Proceeding WITHOUT firewalling in effect! (This warning is only shown for the first loaded unit using IP firewalling.)
[    9.490823] systemd[1]: /etc/systemd/system/tof-server.service:1: Assignment outside of section. Ignoring.
[    9.500517] systemd[1]: /etc/systemd/system/tof-server.service:2: Assignment outside of section. Ignoring.
[    9.682778] random: systemd: uninitialized urandom read (16 bytes read)
[    9.697480] random: systemd: uninitialized urandom read (16 bytes read)
[    9.704606] systemd[1]: Listening on Journal Socket.
[    9.720107] random: systemd: uninitialized urandom read (16 bytes read)
[    9.726920] systemd[1]: Listening on Journal Audit Socket.
[    9.748006] systemd[1]: Listening on fsck to fsckd communication Socket.
[   10.340268] ------------[ cut here ]------------
[   10.340277] Enabling unprepared \xa0\xf9Q\x88\xff\xff\xff\x80Q\x88\xff\xff\xff
[   10.340324] WARNING: CPU: 2 PID: 112 at drivers/clk/clk.c:1012 clk_core_enable+0xa4/0xc0
[   10.340327] Modules linked in:
[   10.340337] CPU: 2 PID: 112 Comm: kworker/2:1H Not tainted 5.10.0-98103-g2aa7ac113716 #5577
[   10.340340] Hardware name: ZynqMP ZCU102 Rev1.0 (DT)
[   10.340349] Workqueue: kblockd blk_mq_run_work_fn
[   10.340357] pstate: 80000085 (Nzcv daIf -PAN -UAO -TCO BTYPE=--)
[   10.340362] pc : clk_core_enable+0xa4/0xc0
[   10.340368] lr : clk_core_enable+0xa4/0xc0
[   10.340370] sp : ffffffc0127d32d0
[   10.340373] x29: ffffffc0127d32d0 x28: ffffff8800330c10 
[   10.340380] x27: ffffff8800330d48 x26: 0000005000000101 
[   10.340387] x25: 000000026262b1a0 x24: 0000000000000001 
[   10.340394] x23: ffffff88010e9380 x22: ffffff8801083220 
[   10.340400] x21: ffffff8801518000 x20: ffffff8801518008 
[   10.340407] x19: ffffff8801518008 x18: 0000000000000030 
[   10.340413] x17: 0000000000000001 x16: 0000b55f498504f0 
[   10.340420] x15: ffffffffffff87c0 x14: ffffffc011d3b1a0 
[   10.340426] x13: ffffffc011d3b1c8 x12: 00000000000005eb 
[   10.340433] x11: 00000000000001f9 x10: ffffffc011d671c8 
[   10.340439] x9 : 00000000fffff800 x8 : ffffffc011d3b1c8 
[   10.340446] x7 : ffffffc011d671c8 x6 : 0000000000000001 
[   10.340452] x5 : ffffff887f7929e0 x4 : 0000000000000000 
[   10.340458] x3 : 0000000000000027 x2 : 0000000000000023 
[   10.340465] x1 : 6cc6a08b779ea400 x0 : 0000000000000000 
[   10.340471] Call trace:
[   10.340478]  clk_core_enable+0xa4/0xc0
[   10.340483]  clk_enable+0x2c/0x60
[   10.340489]  zynqmp_runtime_resume+0x24/0x84
[   10.340496]  pm_generic_runtime_resume+0x30/0x50
[   10.340502]  __genpd_runtime_resume+0x30/0xb0
[   10.340508]  genpd_runtime_resume+0x90/0x250
[   10.340514]  __rpm_callback+0x10c/0x1e0
[   10.340519]  rpm_callback+0x5c/0x84
[   10.340524]  rpm_resume+0x4a4/0x74c
[   10.340529]  __pm_runtime_resume+0x78/0xc4
[   10.340534]  spi_mem_access_start.isra.0+0x30/0x80
[   10.340538]  spi_mem_exec_op+0x3b0/0x424
[   10.340543]  spi_nor_read_sr+0x78/0xe0
[   10.340548]  spi_nor_wait_till_ready_with_timeout+0xb4/0x2f0
[   10.340552]  spi_nor_read+0x188/0x380
[   10.340558]  mtd_read_oob_std+0x78/0x84
[   10.340562]  mtd_read_oob+0x7c/0x134
[   10.340566]  mtd_read+0x48/0x7c
[   10.340572]  mtdblock_readsect+0x6c/0x150
[   10.340577]  mtd_queue_rq+0x2cc/0x5a0
[   10.340583]  blk_mq_dispatch_rq_list+0x110/0x790
[   10.340589]  __blk_mq_do_dispatch_sched+0x200/0x274
[   10.340594]  __blk_mq_sched_dispatch_requests+0x1a8/0x1fc
[   10.340600]  blk_mq_sched_dispatch_requests+0x3c/0x7c
[   10.340605]  __blk_mq_run_hw_queue+0x98/0x100
[   10.340610]  blk_mq_run_work_fn+0x24/0x30
[   10.340615]  process_one_work+0x1d4/0x380
[   10.340619]  worker_thread+0x78/0x4e0
[   10.340625]  kthread+0x124/0x130
[   10.340630]  ret_from_fork+0x10/0x3c
[   10.340634] ---[ end trace 2ad89165a2f0b644 ]---
[   10.340642] zynqmp-qspi ff0f0000.spi: Cannot enable APB clock.
[   10.340691] spi_master spi0: Failed to power device: -108
[   10.340701] blk_update_request: I/O error, dev mtdblock0, sector 8 op 0x0:(READ) flags 0x80700 phys_seg 1 prio class 0
[   10.340766] spi_master spi0: Failed to power device: -22
[   10.340772] blk_update_request: I/O error, dev mtdblock0, sector 8 op 0x0:(READ) flags 0x0 phys_seg 8 prio class 0
[   10.340778] Buffer I/O error on dev mtdblock0, logical block 8, async page read
[   10.340787] spi_master spi0: Failed to power device: -22
[   10.340793] blk_update_request: I/O error, dev mtdblock0, sector 9 op 0x0:(READ) flags 0x0 phys_seg 7 prio class 0
[   10.340796] Buffer I/O error on dev mtdblock0, logical block 9, async page read
[   10.340804] spi_master spi0: Failed to power device: -22
[   10.340809] blk_update_request: I/O error, dev mtdblock0, sector 10 op 0x0:(READ) flags 0x0 phys_seg 6 prio class 0
[   10.340813] Buffer I/O error on dev mtdblock0, logical block 10, async page read
[   10.340820] spi_master spi0: Failed to power device: -22
[   10.340826] blk_update_request: I/O error, dev mtdblock0, sector 11 op 0x0:(READ) flags 0x0 phys_seg 5 prio class 0
[   10.340829] Buffer I/O error on dev mtdblock0, logical block 11, async page read
[   10.340836] spi_master spi0: Failed to power device: -22
[   10.340842] blk_update_request: I/O error, dev mtdblock0, sector 12 op 0x0:(READ) flags 0x0 phys_seg 4 prio class 0
[   10.340846] Buffer I/O error on dev mtdblock0, logical block 12, async page read
[   10.340852] spi_master spi0: Failed to power device: -22
[   10.340858] blk_update_request: I/O error, dev mtdblock0, sector 13 op 0x0:(READ) flags 0x0 phys_seg 3 prio class 0
[   10.340862] Buffer I/O error on dev mtdblock0, logical block 13, async page read
[   10.340868] spi_master spi0: Failed to power device: -22
[   10.340874] blk_update_request: I/O error, dev mtdblock0, sector 14 op 0x0:(READ) flags 0x0 phys_seg 2 prio class 0
[   10.340877] Buffer I/O error on dev mtdblock0, logical block 14, async page read
[   10.340884] spi_master spi0: Failed to power device: -22
[   10.340889] blk_update_request: I/O error, dev mtdblock0, sector 15 op 0x0:(READ) flags 0x0 phys_seg 1 prio class 0
[   10.340893] Buffer I/O error on dev mtdblock0, logical block 15, async page read
[   10.341218] spi_master spi0: Failed to power device: -22
[   10.341225] blk_update_request: I/O error, dev mtdblock1, sector 10112 op 0x0:(READ) flags 0x80700 phys_seg 1 prio class 0
[   10.341268] spi_master spi0: Failed to power device: -22
[   10.341274] Buffer I/O error on dev mtdblock1, logical block 10112, async page read
[   10.341282] spi_master spi0: Failed to power device: -22
[   10.341287] Buffer I/O error on dev mtdblock1, logical block 10113, async page read
[   10.341294] spi_master spi0: Failed to power device: -22
[   10.341302] spi_master spi0: Failed to power device: -22
[   10.341309] spi_master spi0: Failed to power device: -22
[   10.341317] spi_master spi0: Failed to power device: -22
[   10.341324] spi_master spi0: Failed to power device: -22
[   10.341331] spi_master spi0: Failed to power device: -22
[   10.341589] spi_master spi0: Failed to power device: -22
[   10.341632] spi_master spi0: Failed to power device: -22
[   10.341642] spi_master spi0: Failed to power device: -22
[   10.341650] spi_master spi0: Failed to power device: -22
[   10.341658] spi_master spi0: Failed to power device: -22
[   10.341665] spi_master spi0: Failed to power device: -22
[   10.341672] spi_master spi0: Failed to power device: -22
[   10.341680] spi_master spi0: Failed to power device: -22
[   10.341687] spi_master spi0: Failed to power device: -22
[   10.341946] spi_master spi0: Failed to power device: -22
[   10.341989] spi_master spi0: Failed to power device: -22
[   10.341998] spi_master spi0: Failed to power device: -22
[   10.342006] spi_master spi0: Failed to power device: -22
[   10.342014] spi_master spi0: Failed to power device: -22
[   10.342021] spi_master spi0: Failed to power device: -22
[   10.342028] spi_master spi0: Failed to power device: -22
[   10.342035] spi_master spi0: Failed to power device: -22
[   10.342042] spi_master spi0: Failed to power device: -22
[   10.465481] EXT4-fs (mmcblk0p2): re-mounted. Opts: (null)
[   10.564038] systemd-journald[169]: Received request to flush runtime journal from PID 1
[   16.479414] macb ff0e0000.ethernet eth0: PHY [ff0e0000.ethernet-ffffffff:0c] driver [TI DP83867] (irq=POLL)
[   16.479426] macb ff0e0000.ethernet eth0: configuring for phy/rgmii-id link mode
[   16.779740] Adding 102396k swap on /var/swap.  Priority:-2 extents:4 across:9953604k SS
[   18.491735] random: crng init done
[   18.491746] random: 7 urandom warning(s) missed due to ratelimiting
[   19.323458] broken atomic modeset userspace detected, disabling atomic
[   19.553346] macb ff0e0000.ethernet eth0: Link is Up - 1Gbps/Full - flow control off
[   19.553370] IPv6: ADDRCONF(NETDEV_CHANGE): eth0: link becomes ready
[   21.998960] broken atomic modeset userspace detected, disabling atomic
[   24.869452] broken atomic modeset userspace detected, disabling atomic