[    0.000000] Booting Linux on physical CPU 0x0000000000 [0x410fd034]
[    0.000000] Linux version 5.10.0-98103-g2aa7ac113716 (jenkins@romlxbuild1.adlk.analog.com) (aarch64-xilinx-linux-gcc.real (GCC) 10.2.0, GNU ld (GNU Binutils) 2.35.0.20200730) #5577 SMP Wed Mar 23 07:28:49 GMT 2022
[    0.000000] Machine model: ZynqMP ZCU102 Rev1.0
[    0.000000] earlycon: cdns0 at MMIO 0x00000000ff000000 (options '115200n8')
[    0.000000] printk: bootconsole [cdns0] enabled
[    0.000000] efi: UEFI not found.
[    0.000000] cma: Reserved 256 MiB at 0x0000000070000000
[    0.000000] Zone ranges:
[    0.000000]   DMA      [mem 0x0000000000000000-0x000000003fffffff]
[    0.000000]   DMA32    [mem 0x0000000040000000-0x00000000ffffffff]
[    0.000000]   Normal   [mem 0x0000000100000000-0x000000087fffffff]
[    0.000000] Movable zone start for each node
[    0.000000] Early memory node ranges
[    0.000000]   node   0: [mem 0x0000000000000000-0x000000007fffffff]
[    0.000000]   node   0: [mem 0x0000000800000000-0x000000087fffffff]
[    0.000000] Initmem setup node 0 [mem 0x0000000000000000-0x000000087fffffff]
[    0.000000] On node 0 totalpages: 1048576
[    0.000000]   DMA zone: 3584 pages used for memmap
[    0.000000]   DMA zone: 0 pages reserved
[    0.000000]   DMA zone: 262144 pages, LIFO batch:63
[    0.000000]   DMA32 zone: 3584 pages used for memmap
[    0.000000]   DMA32 zone: 262144 pages, LIFO batch:63
[    0.000000]   Normal zone: 7168 pages used for memmap
[    0.000000]   Normal zone: 524288 pages, LIFO batch:63
[    0.000000] psci: probing for conduit method from DT.
[    0.000000] psci: PSCIv1.1 detected in firmware.
[    0.000000] psci: Using standard PSCI v0.2 function IDs
[    0.000000] psci: MIGRATE_INFO_TYPE not supported.
[    0.000000] psci: SMC Calling Convention v1.2
[    0.000000] percpu: Embedded 22 pages/cpu s49496 r8192 d32424 u90112
[    0.000000] pcpu-alloc: s49496 r8192 d32424 u90112 alloc=22*4096
[    0.000000] pcpu-alloc: [0] 0 [0] 1 [0] 2 [0] 3 
[    0.000000] Detected VIPT I-cache on CPU0
[    0.000000] CPU features: detected: ARM erratum 845719
[    0.000000] Built 1 zonelists, mobility grouping on.  Total pages: 1034240
[    0.000000] Kernel command line: console=ttyPS0,115200 root=/dev/mmcblk0p2 rw earlycon rootfstype=ext4 rootwait clk_ignore_unused cpuidle.off=1 root=/dev/mmcblk0p2 rw rootwait
[    0.000000] Dentry cache hash table entries: 524288 (order: 10, 4194304 bytes, linear)
[    0.000000] Inode-cache hash table entries: 262144 (order: 9, 2097152 bytes, linear)
[    0.000000] mem auto-init: stack:off, heap alloc:off, heap free:off
[    0.000000] software IO TLB: mapped [mem 0x000000003bfff000-0x000000003ffff000] (64MB)
[    0.000000] Memory: 3761904K/4194304K available (15296K kernel code, 1636K rwdata, 11876K rodata, 2560K init, 507K bss, 170256K reserved, 262144K cma-reserved)
[    0.000000] rcu: Hierarchical RCU implementation.
[    0.000000] rcu: 	RCU event tracing is enabled.
[    0.000000] rcu: 	RCU restricting CPUs from NR_CPUS=8 to nr_cpu_ids=4.
[    0.000000] rcu: RCU calculated value of scheduler-enlistment delay is 25 jiffies.
[    0.000000] rcu: Adjusting geometry for rcu_fanout_leaf=16, nr_cpu_ids=4
[    0.000000] NR_IRQS: 64, nr_irqs: 64, preallocated irqs: 0
[    0.000000] GIC: Adjusting CPU interface base to 0x00000000f902f000
[    0.000000] GIC: Using split EOI/Deactivate mode
[    0.000000] random: get_random_bytes called from start_kernel+0x31c/0x54c with crng_init=0
[    0.000000] arch_timer: cp15 timer(s) running at 100.00MHz (phys).
[    0.000000] clocksource: arch_sys_counter: mask: 0xffffffffffffff max_cycles: 0x171024e7e0, max_idle_ns: 440795205315 ns
[    0.000003] sched_clock: 56 bits at 100MHz, resolution 10ns, wraps every 4398046511100ns
[    0.008461] Console: colour dummy device 80x25
[    0.012483] Calibrating delay loop (skipped), value calculated using timer frequency.. 200.00 BogoMIPS (lpj=400000)
[    0.022841] pid_max: default: 32768 minimum: 301
[    0.027552] Mount-cache hash table entries: 8192 (order: 4, 65536 bytes, linear)
[    0.034789] Mountpoint-cache hash table entries: 8192 (order: 4, 65536 bytes, linear)
[    0.043393] rcu: Hierarchical SRCU implementation.
[    0.047560] EFI services will not be available.
[    0.051938] smp: Bringing up secondary CPUs ...
[    0.056657] Detected VIPT I-cache on CPU1
[    0.056696] CPU1: Booted secondary processor 0x0000000001 [0x410fd034]
[    0.057060] Detected VIPT I-cache on CPU2
[    0.057084] CPU2: Booted secondary processor 0x0000000002 [0x410fd034]
[    0.057423] Detected VIPT I-cache on CPU3
[    0.057446] CPU3: Booted secondary processor 0x0000000003 [0x410fd034]
[    0.057492] smp: Brought up 1 node, 4 CPUs
[    0.091780] SMP: Total of 4 processors activated.
[    0.096452] CPU features: detected: 32-bit EL0 Support
[    0.101556] CPU features: detected: CRC32 instructions
[    0.106696] CPU: All CPU(s) started at EL2
[    0.110736] alternatives: patching kernel code
[    0.116167] devtmpfs: initialized
[    0.124064] Registered cp15_barrier emulation handler
[    0.124114] Registered setend emulation handler
[    0.128093] clocksource: jiffies: mask: 0xffffffff max_cycles: 0xffffffff, max_idle_ns: 7645041785100000 ns
[    0.137671] futex hash table entries: 1024 (order: 4, 65536 bytes, linear)
[    0.151033] pinctrl core: initialized pinctrl subsystem
[    0.151681] NET: Registered protocol family 16
[    0.156102] DMA: preallocated 512 KiB GFP_KERNEL pool for atomic allocations
[    0.162116] DMA: preallocated 512 KiB GFP_KERNEL|GFP_DMA pool for atomic allocations
[    0.169843] DMA: preallocated 512 KiB GFP_KERNEL|GFP_DMA32 pool for atomic allocations
[    0.177644] audit: initializing netlink subsys (disabled)
[    0.183095] audit: type=2000 audit(0.116:1): state=initialized audit_enabled=0 res=1
[    0.183439] hw-breakpoint: found 6 breakpoint and 4 watchpoint registers.
[    0.197472] ASID allocator initialised with 65536 entries
[    0.224322] HugeTLB registered 1.00 GiB page size, pre-allocated 0 pages
[    0.225377] HugeTLB registered 32.0 MiB page size, pre-allocated 0 pages
[    0.232048] HugeTLB registered 2.00 MiB page size, pre-allocated 0 pages
[    0.238708] HugeTLB registered 64.0 KiB page size, pre-allocated 0 pages
[    1.304279] DRBG: Continuing without Jitter RNG
[    1.382098] raid6: neonx8   gen()  2143 MB/s
[    1.450149] raid6: neonx8   xor()  1598 MB/s
[    1.518207] raid6: neonx4   gen()  2195 MB/s
[    1.586262] raid6: neonx4   xor()  1563 MB/s
[    1.654329] raid6: neonx2   gen()  2076 MB/s
[    1.722375] raid6: neonx2   xor()  1435 MB/s
[    1.790451] raid6: neonx1   gen()  1772 MB/s
[    1.858489] raid6: neonx1   xor()  1220 MB/s
[    1.926544] raid6: int64x8  gen()  1438 MB/s
[    1.994603] raid6: int64x8  xor()   771 MB/s
[    2.062666] raid6: int64x4  gen()  1598 MB/s
[    2.130719] raid6: int64x4  xor()   817 MB/s
[    2.198802] raid6: int64x2  gen()  1395 MB/s
[    2.266839] raid6: int64x2  xor()   750 MB/s
[    2.334918] raid6: int64x1  gen()  1034 MB/s
[    2.402978] raid6: int64x1  xor()   517 MB/s
[    2.403016] raid6: using algorithm neonx4 gen() 2195 MB/s
[    2.406970] raid6: .... xor() 1563 MB/s, rmw enabled
[    2.411900] raid6: using neon recovery algorithm
[    2.416912] iommu: Default domain type: Translated 
[    2.421527] SCSI subsystem initialized
[    2.425069] libata version 3.00 loaded.
[    2.425195] usbcore: registered new interface driver usbfs
[    2.430524] usbcore: registered new interface driver hub
[    2.435799] usbcore: registered new device driver usb
[    2.440933] mc: Linux media interface: v0.10
[    2.445047] videodev: Linux video capture interface: v2.00
[    2.450539] EDAC MC: Ver: 3.0.0
[    2.453977] zynqmp-ipi-mbox mailbox@ff990400: Registered ZynqMP IPI mbox with TX/RX channels.
[    2.462487] jesd204: created con: id=0, topo=0, link=0, /axi/spi@ff050000/hmc7044@0 <-> /fpga-axi@0/axi-adxcvr-tx@84b60000
[    2.473069] jesd204: created con: id=1, topo=0, link=2, /axi/spi@ff050000/hmc7044@0 <-> /fpga-axi@0/axi-adxcvr-rx@84a60000
[    2.484053] jesd204: created con: id=2, topo=0, link=0, /fpga-axi@0/axi-adxcvr-tx@84b60000 <-> /fpga-axi@0/axi-jesd204-tx@84b90000
[    2.495729] jesd204: created con: id=3, topo=0, link=2, /fpga-axi@0/axi-adxcvr-rx@84a60000 <-> /fpga-axi@0/axi-jesd204-rx@84a90000
[    2.507405] jesd204: created con: id=4, topo=0, link=0, /fpga-axi@0/axi-jesd204-tx@84b90000 <-> /fpga-axi@0/axi-ad9081-tx-hpc@84b10000
[    2.519433] jesd204: created con: id=5, topo=0, link=2, /fpga-axi@0/axi-jesd204-rx@84a90000 <-> /fpga-axi@0/axi-ad9081-rx-hpc@84a10000
[    2.531456] jesd204: created con: id=6, topo=0, link=2, /fpga-axi@0/axi-ad9081-rx-hpc@84a10000 <-> /axi/spi@ff040000/ad9081@0
[    2.542697] jesd204: created con: id=7, topo=0, link=0, /fpga-axi@0/axi-ad9081-tx-hpc@84b10000 <-> /axi/spi@ff040000/ad9081@0
[    2.553947] jesd204: /axi/spi@ff040000/ad9081@0: JESD204[2] transition uninitialized -> initialized
[    2.562934] jesd204: /axi/spi@ff040000/ad9081@0: JESD204[0] transition uninitialized -> initialized
[    2.571925] jesd204: found 8 devices and 1 topologies
[    2.576968] FPGA manager framework
[    2.580445] Advanced Linux Sound Architecture Driver Initialized.
[    2.586746] Bluetooth: Core ver 2.22
[    2.589928] NET: Registered protocol family 31
[    2.594329] Bluetooth: HCI device and connection manager initialized
[    2.600646] Bluetooth: HCI socket layer initialized
[    2.605488] Bluetooth: L2CAP socket layer initialized
[    2.610512] Bluetooth: SCO socket layer initialized
[    2.615691] clocksource: Switched to clocksource arch_sys_counter
[    2.621502] VFS: Disk quotas dquot_6.6.0
[    2.625339] VFS: Dquot-cache hash table entries: 512 (order 0, 4096 bytes)
[    2.636050] NET: Registered protocol family 2
[    2.636792] tcp_listen_portaddr_hash hash table entries: 2048 (order: 3, 32768 bytes, linear)
[    2.644982] TCP established hash table entries: 32768 (order: 6, 262144 bytes, linear)
[    2.653005] TCP bind hash table entries: 32768 (order: 7, 524288 bytes, linear)
[    2.660451] TCP: Hash tables configured (established 32768 bind 32768)
[    2.666625] UDP hash table entries: 2048 (order: 4, 65536 bytes, linear)
[    2.673290] UDP-Lite hash table entries: 2048 (order: 4, 65536 bytes, linear)
[    2.680451] NET: Registered protocol family 1
[    2.684908] RPC: Registered named UNIX socket transport module.
[    2.690524] RPC: Registered udp transport module.
[    2.695194] RPC: Registered tcp transport module.
[    2.699861] RPC: Registered tcp NFSv4.1 backchannel transport module.
[    2.706841] PCI: CLS 0 bytes, default 64
[    2.710547] hw perfevents: no interrupt-affinity property for /pmu, guessing.
[    2.717409] hw perfevents: enabled with armv8_pmuv3 PMU driver, 7 counters available
[    2.725750] Initialise system trusted keyrings
[    2.729442] workingset: timestamp_bits=62 max_order=20 bucket_order=0
[    2.736338] NFS: Registering the id_resolver key type
[    2.740790] Key type id_resolver registered
[    2.744927] Key type id_legacy registered
[    2.748919] nfs4filelayout_init: NFSv4 File Layout Driver Registering...
[    2.755584] jffs2: version 2.2. (NAND) (SUMMARY)  Â© 2001-2006 Red Hat, Inc.
[    2.798651] NET: Registered protocol family 38
[    2.798693] xor: measuring software checksum speed
[    2.806384]    8regs           :  2363 MB/sec
[    2.810052]    32regs          :  2799 MB/sec
[    2.814995]    arm64_neon      :  2380 MB/sec
[    2.815185] xor: using function: 32regs (2799 MB/sec)
[    2.820210] Key type asymmetric registered
[    2.824272] Asymmetric key parser 'x509' registered
[    2.829133] Block layer SCSI generic (bsg) driver version 0.4 loaded (major 248)
[    2.836470] io scheduler mq-deadline registered
[    2.840966] io scheduler kyber registered
[    2.870388] Serial: 8250/16550 driver, 4 ports, IRQ sharing disabled
[    2.875030] cacheinfo: Unable to detect cache hierarchy for CPU 0
[    2.881365] brd: module loaded
[    2.885520] loop: module loaded
[    2.886064] Registered mathworks_ip class
[    2.889409] libphy: Fixed MDIO Bus: probed
[    2.892378] tun: Universal TUN/TAP device driver, 1.6
[    2.896439] CAN device driver interface
[    2.900979] usbcore: registered new interface driver asix
[    2.905571] usbcore: registered new interface driver ax88179_178a
[    2.911604] usbcore: registered new interface driver cdc_ether
[    2.917401] usbcore: registered new interface driver net1080
[    2.923023] usbcore: registered new interface driver cdc_subset
[    2.928905] usbcore: registered new interface driver zaurus
[    2.934448] usbcore: registered new interface driver cdc_ncm
[    2.940852] ehci_hcd: USB 2.0 'Enhanced' Host Controller (EHCI) Driver
[    2.946534] ehci-pci: EHCI PCI platform driver
[    2.951330] usbcore: registered new interface driver uas
[    2.956250] usbcore: registered new interface driver usb-storage
[    2.962237] usbcore: registered new interface driver usbserial_generic
[    2.968691] usbserial: USB Serial support registered for generic
[    2.974662] usbcore: registered new interface driver ftdi_sio
[    2.980365] usbserial: USB Serial support registered for FTDI USB Serial Device
[    2.987638] usbcore: registered new interface driver upd78f0730
[    2.993512] usbserial: USB Serial support registered for upd78f0730
[    3.001173] rtc_zynqmp ffa60000.rtc: registered as rtc0
[    3.004938] rtc_zynqmp ffa60000.rtc: setting system clock to 2022-04-12T19:36:14 UTC (1649792174)
[    3.013801] i2c /dev entries driver
[    3.019117] usbcore: registered new interface driver uvcvideo
[    3.022913] USB Video Class driver (1.1.1)
[    3.028496] Bluetooth: HCI UART driver ver 2.3
[    3.031384] Bluetooth: HCI UART protocol H4 registered
[    3.036494] Bluetooth: HCI UART protocol BCSP registered
[    3.041783] Bluetooth: HCI UART protocol LL registered
[    3.046871] Bluetooth: HCI UART protocol ATH3K registered
[    3.052246] Bluetooth: HCI UART protocol Three-wire (H5) registered
[    3.058503] Bluetooth: HCI UART protocol Intel registered
[    3.063840] Bluetooth: HCI UART protocol QCA registered
[    3.069038] usbcore: registered new interface driver bcm203x
[    3.074663] usbcore: registered new interface driver bpa10x
[    3.080198] usbcore: registered new interface driver bfusb
[    3.085645] usbcore: registered new interface driver btusb
[    3.091109] usbcore: registered new interface driver ath3k
[    3.096594] EDAC MC: ECC not enabled
[    3.100220] EDAC DEVICE0: Giving out device to module zynqmp-ocm-edac controller zynqmp_ocm: DEV ff960000.memory-controller (INTERRUPT)
[    3.112529] sdhci: Secure Digital Host Controller Interface driver
[    3.118321] sdhci: Copyright(c) Pierre Ossman
[    3.122646] sdhci-pltfm: SDHCI platform and OF driver helper
[    3.128694] ledtrig-cpu: registered to indicate activity on CPUs
[    3.134250] SMCCC: SOC_ID: ARCH_SOC_ID not implemented, skipping ....
[    3.140681] zynqmp_firmware_probe Platform Management API v1.1
[    3.146437] zynqmp_firmware_probe Trustzone version v1.0
[    3.186002] zynqmp-pinctrl firmware:zynqmp-firmware:pinctrl: zynqmp pinctrl initialized
[    3.233901] zynqmp-aes firmware:zynqmp-firmware:zynqmp-aes: will run requests pump with realtime priority
[    3.249663] alg: No test for xilinx-keccak-384 (zynqmp-keccak-384)
[    3.250372] alg: No test for xilinx-zynqmp-rsa (zynqmp-rsa)
[    3.255887] usbcore: registered new interface driver usbhid
[    3.261273] usbhid: USB HID core driver
[    3.272513] axi_sysid 85000000.axi-sysid-0: AXI System ID core version (1.01.a) found
[    3.274862] axi_sysid 85000000.axi-sysid-0: [ad9081_fmca_ebz] on [zcu102] git branch <master> git <084d44c9780640ca93fd847b1d9ec70dd65f5c67> clean [2022-03-18 04:17:50] UTC
[    3.290547] fpga_manager fpga0: Xilinx ZynqMP FPGA Manager registered
[    3.296907] usbcore: registered new interface driver snd-usb-audio
[    3.304363] pktgen: Packet Generator for packet performance testing. Version: 2.75
[    3.310549] Initializing XFRM netlink socket
[    3.314392] NET: Registered protocol family 10
[    3.319113] Segment Routing with IPv6
[    3.322481] sit: IPv6, IPv4 and MPLS over IPv4 tunneling driver
[    3.328562] NET: Registered protocol family 17
[    3.332665] NET: Registered protocol family 15
[    3.337162] can: controller area network core
[    3.341414] NET: Registered protocol family 29
[    3.345805] can: raw protocol
[    3.348740] can: broadcast manager protocol
[    3.352895] can: netlink gateway - max_hops=1
[    3.357287] Bluetooth: RFCOMM TTY layer initialized
[    3.362069] Bluetooth: RFCOMM socket layer initialized
[    3.367177] Bluetooth: RFCOMM ver 1.11
[    3.370888] Bluetooth: BNEP (Ethernet Emulation) ver 1.3
[    3.376159] Bluetooth: BNEP filters: protocol multicast
[    3.381353] Bluetooth: BNEP socket layer initialized
[    3.386280] Bluetooth: HIDP (Human Interface Emulation) ver 1.2
[    3.392164] Bluetooth: HIDP socket layer initialized
[    3.397220] 9pnet: Installing 9P2000 support
[    3.401340] NET: Registered protocol family 36
[    3.405757] Key type dns_resolver registered
[    3.410192] registered taskstats version 1
[    3.414054] Loading compiled-in X.509 certificates
[    3.419175] Btrfs loaded, crc32c=crc32c-generic
[    3.431573] ff000000.serial: ttyPS0 at MMIO 0xff000000 (irq = 49, base_baud = 6249999) is a xuartps
[    3.440598] printk: console [ttyPS0] enabled
[    3.444892] printk: bootconsole [cdns0] disabled
[    3.454526] ff010000.serial: ttyPS1 at MMIO 0xff010000 (irq = 50, base_baud = 6249999) is a xuartps
[    3.467769] of-fpga-region fpga-full: FPGA Region probed
[    3.474717] nwl-pcie fd0e0000.pcie: host bridge /axi/pcie@fd0e0000 ranges:
[    3.481613] nwl-pcie fd0e0000.pcie:      MEM 0x00e0000000..0x00efffffff -> 0x00e0000000
[    3.489615] nwl-pcie fd0e0000.pcie:      MEM 0x0600000000..0x07ffffffff -> 0x0600000000
[    3.497677] nwl-pcie fd0e0000.pcie: Link is DOWN
[    3.502436] nwl-pcie fd0e0000.pcie: PCI host bridge to bus 0000:00
[    3.508612] pci_bus 0000:00: root bus resource [bus 00-ff]
[    3.514093] pci_bus 0000:00: root bus resource [mem 0xe0000000-0xefffffff]
[    3.520964] pci_bus 0000:00: root bus resource [mem 0x600000000-0x7ffffffff pref]
[    3.528467] pci 0000:00:00.0: [10ee:d021] type 01 class 0x060400
[    3.534523] pci 0000:00:00.0: PME# supported from D0 D1 D2 D3hot
[    3.544963] pci 0000:00:00.0: PCI bridge to [bus 01-0c]
[    3.550943] xilinx-zynqmp-dma fd500000.dma: ZynqMP DMA driver Probe success
[    3.558120] xilinx-zynqmp-dma fd510000.dma: ZynqMP DMA driver Probe success
[    3.565300] xilinx-zynqmp-dma fd520000.dma: ZynqMP DMA driver Probe success
[    3.572476] xilinx-zynqmp-dma fd530000.dma: ZynqMP DMA driver Probe success
[    3.579640] xilinx-zynqmp-dma fd540000.dma: ZynqMP DMA driver Probe success
[    3.586808] xilinx-zynqmp-dma fd550000.dma: ZynqMP DMA driver Probe success
[    3.593980] xilinx-zynqmp-dma fd560000.dma: ZynqMP DMA driver Probe success
[    3.601159] xilinx-zynqmp-dma fd570000.dma: ZynqMP DMA driver Probe success
[    3.608561] xilinx-zynqmp-dpdma fd4c0000.dma-controller: Xilinx DPDMA engine is probed
[    3.617110] ahci-ceva fd0c0000.ahci: supply ahci not found, using dummy regulator
[    3.624655] ahci-ceva fd0c0000.ahci: supply phy not found, using dummy regulator
[    3.715865] hmc7044 spi2.0: PLL1: Acquisition, CLKIN0 @ 122880000 Hz, PFD: 80 kHz - PLL2: Locked @ 2656.000000 MHz
[    3.726580] jesd204: /axi/spi@ff050000/hmc7044@0,jesd204:1,parent=spi2.0: Using as SYSREF provider
[    3.736154] spi-nor spi0.0: SPI-NOR-UniqueID 100000235394732200270025081115266e
[    3.743459] spi-nor spi0.0: found n25q512a, expected m25p80
[    3.749658] spi-nor spi0.0: trying to lock already unlocked area
[    3.755660] spi-nor spi0.0: n25q512a (131072 Kbytes)
[    3.760638] 4 fixed-partitions partitions found on MTD device spi0.0
[    3.766983] Creating 4 MTD partitions on "spi0.0":
[    3.771769] 0x000000000000-0x000000100000 : "qspi-fsbl-uboot"
[    3.778247] 0x000000100000-0x000000600000 : "qspi-linux"
[    3.784211] 0x000000600000-0x000000620000 : "qspi-device-tree"
[    3.790696] 0x000000620000-0x000000c00000 : "qspi-rootfs"
[    3.799157] macb ff0e0000.ethernet: Not enabling partial store and forward
[    3.806671] libphy: MACB_mii_bus: probed
[    3.811739] macb ff0e0000.ethernet eth0: Cadence GEM rev 0x50070106 at 0xff0e0000 irq 30 (00:0a:35:04:8e:1b)
[    3.821943] xilinx-axipmon ffa00000.perf-monitor: Probed Xilinx APM
[    3.828515] xilinx-axipmon fd0b0000.perf-monitor: Probed Xilinx APM
[    3.835033] xilinx-axipmon fd490000.perf-monitor: Probed Xilinx APM
[    3.841574] xilinx-axipmon ffa10000.perf-monitor: Probed Xilinx APM
[    3.851589] pca953x 0-0020: supply vcc not found, using dummy regulator
[    3.858274] pca953x 0-0020: using no AI
[    3.862758] gpio-496 (sel0): hogged as output/low
[    3.867656] gpio-497 (sel1): hogged as output/high
[    3.872641] gpio-498 (sel2): hogged as output/high
[    3.877631] gpio-499 (sel3): hogged as output/high
[    3.882801] pca953x 0-0021: supply vcc not found, using dummy regulator
[    3.889471] pca953x 0-0021: using no AI
[    3.895228] ina2xx 2-0040: power monitor ina226 (Rshunt = 5000 uOhm)
[    3.902260] ina2xx 2-0041: power monitor ina226 (Rshunt = 5000 uOhm)
[    3.909289] ina2xx 2-0042: power monitor ina226 (Rshunt = 5000 uOhm)
[    3.916326] ina2xx 2-0043: power monitor ina226 (Rshunt = 5000 uOhm)
[    3.923347] ina2xx 2-0044: power monitor ina226 (Rshunt = 5000 uOhm)
[    3.930366] ina2xx 2-0045: power monitor ina226 (Rshunt = 5000 uOhm)
[    3.937401] ina2xx 2-0046: power monitor ina226 (Rshunt = 5000 uOhm)
[    3.944469] ina2xx 2-0047: power monitor ina226 (Rshunt = 5000 uOhm)
[    3.951500] ina2xx 2-004a: power monitor ina226 (Rshunt = 5000 uOhm)
[    3.958533] ina2xx 2-004b: power monitor ina226 (Rshunt = 5000 uOhm)
[    3.964941] i2c i2c-0: Added multiplexed i2c bus 2
[    3.970327] random: fast init done
[    3.973798] ina2xx 3-0040: power monitor ina226 (Rshunt = 2000 uOhm)
[    3.980829] ina2xx 3-0041: power monitor ina226 (Rshunt = 5000 uOhm)
[    3.987858] ina2xx 3-0042: power monitor ina226 (Rshunt = 5000 uOhm)
[    3.994890] ina2xx 3-0043: power monitor ina226 (Rshunt = 5000 uOhm)
[    4.001922] ina2xx 3-0044: power monitor ina226 (Rshunt = 5000 uOhm)
[    4.008953] ina2xx 3-0045: power monitor ina226 (Rshunt = 5000 uOhm)
[    4.015981] ina2xx 3-0046: power monitor ina226 (Rshunt = 5000 uOhm)
[    4.023016] ina2xx 3-0047: power monitor ina226 (Rshunt = 5000 uOhm)
[    4.029417] i2c i2c-0: Added multiplexed i2c bus 3
[    4.085116] i2c i2c-0: Added multiplexed i2c bus 4
[    4.090054] i2c i2c-0: Added multiplexed i2c bus 5
[    4.094842] pca954x 0-0075: registered 4 multiplexed busses for I2C mux pca9544
[    4.102192] cdns-i2c ff020000.i2c: 400 kHz mmio ff020000 irq 32
[    4.109935] at24 6-0054: supply vcc not found, using dummy regulator
[    4.116827] at24 6-0054: 1024 byte 24c08 EEPROM, writable, 1 bytes/write
[    4.123577] i2c i2c-1: Added multiplexed i2c bus 6
[    4.130006] si5341 7-0036: Chip: 5341 Grade: 1 Rev: 1
[    4.167721] i2c i2c-1: Added multiplexed i2c bus 7
[    4.175370] si570 8-005d: registered, current frequency 300000000 Hz
[    4.181771] i2c i2c-1: Added multiplexed i2c bus 8
[    4.201558] si570 9-005d: registered, current frequency 148500000 Hz
[    4.207958] i2c i2c-1: Added multiplexed i2c bus 9
[    4.212992] si5324 10-0069: si5328 probed
[    4.280055] si5324 10-0069: si5328 probe successful
[    4.284985] i2c i2c-1: Added multiplexed i2c bus 10
[    4.290024] i2c i2c-1: Added multiplexed i2c bus 11
[    4.295048] i2c i2c-1: Added multiplexed i2c bus 12
[    4.300068] i2c i2c-1: Added multiplexed i2c bus 13
[    4.304941] pca954x 1-0074: registered 8 multiplexed busses for I2C switch pca9548
[    4.313052] at24 14-0050: supply vcc not found, using dummy regulator
[    4.319835] at24 14-0050: 256 byte 24c02 EEPROM, writable, 1 bytes/write
[    4.326585] i2c i2c-1: Added multiplexed i2c bus 14
[    4.331625] i2c i2c-1: Added multiplexed i2c bus 15
[    4.336660] i2c i2c-1: Added multiplexed i2c bus 16
[    4.341693] i2c i2c-1: Added multiplexed i2c bus 17
[    4.346727] i2c i2c-1: Added multiplexed i2c bus 18
[    4.351772] i2c i2c-1: Added multiplexed i2c bus 19
[    4.356813] i2c i2c-1: Added multiplexed i2c bus 20
[    4.361852] i2c i2c-1: Added multiplexed i2c bus 21
[    4.366725] pca954x 1-0075: registered 8 multiplexed busses for I2C switch pca9548
[    4.374336] cdns-i2c ff030000.i2c: 400 kHz mmio ff030000 irq 33
[    4.384090] cdns-wdt fd4d0000.watchdog: Xilinx Watchdog Timer with timeout 60s
[    4.393137] axi_adxcvr 84a60000.axi-adxcvr-rx: adxcvr_enforce_settings: Using QPLL without access, assuming desired Lane rate will be configured by a different instance
[    4.409774] axi_adxcvr 84a60000.axi-adxcvr-rx: AXI-ADXCVR-RX (17.05.a) using QPLL on GTH4 at 0x84A60000. Number of lanes: 4.
[    4.421919] axi_adxcvr 84b60000.axi-adxcvr-tx: AXI-ADXCVR-TX (17.05.a) using QPLL on GTH4 at 0x84B60000. Number of lanes: 4.
[    4.425881] mmc0: SDHCI controller on ff170000.mmc [ff170000.mmc] using ADMA 64-bit
[    4.441076] axi-jesd204-rx 84a90000.axi-jesd204-rx: AXI-JESD204-RX (1.07.a) at 0x84A90000. Encoder 8b10b, width 4/4, lanes 4, jesd204-fsm.
[    4.453908] axi-jesd204-tx 84b90000.axi-jesd204-tx: AXI-JESD204-TX (1.06.a) at 0x84B90000. Encoder 8b10b, width 4/4, lanes 4, jesd204-fsm.
[    4.467415] zynqmp-display fd4a0000.display: vtc bridge property not present
[    4.473460] mmc0: new high speed SDHC card at address 0001
[    4.477057] xilinx-dp-snd-codec fd4a0000.display:zynqmp_dp_snd_codec0: Failed to get required clock freq
[    4.480300] mmcblk0: mmc0:0001 EB1QT 29.8 GiB 
[    4.489427] xilinx-dp-snd-codec: probe of fd4a0000.display:zynqmp_dp_snd_codec0 failed with error -22
[    4.495099]  mmcblk0: p1 p2 p3
[    4.503415] xilinx-dp-snd-pcm zynqmp_dp_snd_pcm0: Xilinx DisplayPort Sound PCM probed
[    4.514273] xilinx-dp-snd-pcm zynqmp_dp_snd_pcm1: Xilinx DisplayPort Sound PCM probed
[    4.522479] OF: graph: no port node found in /axi/display@fd4a0000
[    4.528895] xlnx-drm xlnx-drm.0: bound fd4a0000.display (ops 0xffffffc010fcbdb8)
[    5.615712] zynqmp-display fd4a0000.display: [drm] Cannot find any crtc or sizes
[    5.623331] [drm] Initialized xlnx 1.0.0 20130509 for fd4a0000.display on minor 0
[    5.630821] zynqmp-display fd4a0000.display: ZynqMP DisplayPort Subsystem driver probed
[    5.639132] ahci-ceva fd0c0000.ahci: supply ahci not found, using dummy regulator
[    5.646669] ahci-ceva fd0c0000.ahci: supply phy not found, using dummy regulator
[    5.654126] ahci-ceva fd0c0000.ahci: supply target not found, using dummy regulator
[    5.672020] ahci-ceva fd0c0000.ahci: AHCI 0001.0301 32 slots 2 ports 6 Gbps 0x3 impl platform mode
[    5.680977] ahci-ceva fd0c0000.ahci: flags: 64bit ncq sntf pm clo only pmp fbs pio slum part ccc sds apst 
[    5.691600] scsi host0: ahci-ceva
[    5.695182] scsi host1: ahci-ceva
[    5.698618] ata1: SATA max UDMA/133 mmio [mem 0xfd0c0000-0xfd0c1fff] port 0x100 irq 45
[    5.706532] ata2: SATA max UDMA/133 mmio [mem 0xfd0c0000-0xfd0c1fff] port 0x180 irq 45
[    5.715136] ad9081 spi1.0: supply vdd not found, using dummy regulator
[    6.025924] ata1: SATA link down (SStatus 0 SControl 330)
[    6.031332] ata2: SATA link down (SStatus 0 SControl 330)
[    6.699714] zynqmp-display fd4a0000.display: [drm] Cannot find any crtc or sizes
[    7.500551] ad9081 spi1.0: AD9081 Rev. 2 Grade 10 (API 1.2.2) probed
[    7.507757] xhci-hcd xhci-hcd.1.auto: xHCI Host Controller
[    7.513249] xhci-hcd xhci-hcd.1.auto: new USB bus registered, assigned bus number 1
[    7.520998] xhci-hcd xhci-hcd.1.auto: hcc params 0x0238f625 hci version 0x100 quirks 0x0000000002010810
[    7.530410] xhci-hcd xhci-hcd.1.auto: irq 59, io mem 0xfe200000
[    7.536514] usb usb1: New USB device found, idVendor=1d6b, idProduct=0002, bcdDevice= 5.10
[    7.544776] usb usb1: New USB device strings: Mfr=3, Product=2, SerialNumber=1
[    7.551994] usb usb1: Product: xHCI Host Controller
[    7.556862] usb usb1: Manufacturer: Linux 5.10.0-98103-g2aa7ac113716 xhci-hcd
[    7.563988] usb usb1: SerialNumber: xhci-hcd.1.auto
[    7.569152] hub 1-0:1.0: USB hub found
[    7.572919] hub 1-0:1.0: 1 port detected
[    7.577023] xhci-hcd xhci-hcd.1.auto: xHCI Host Controller
[    7.582512] xhci-hcd xhci-hcd.1.auto: new USB bus registered, assigned bus number 2
[    7.590166] xhci-hcd xhci-hcd.1.auto: Host supports USB 3.0 SuperSpeed
[    7.596791] usb usb2: New USB device found, idVendor=1d6b, idProduct=0003, bcdDevice= 5.10
[    7.605049] usb usb2: New USB device strings: Mfr=3, Product=2, SerialNumber=1
[    7.612273] usb usb2: Product: xHCI Host Controller
[    7.617147] usb usb2: Manufacturer: Linux 5.10.0-98103-g2aa7ac113716 xhci-hcd
[    7.624271] usb usb2: SerialNumber: xhci-hcd.1.auto
[    7.629382] hub 2-0:1.0: USB hub found
[    7.633144] hub 2-0:1.0: 1 port detected
[    7.663224] cf_axi_adc 84a10000.axi-ad9081-rx-hpc: ADI AIM (10.01.b) at 0x84A10000 mapped to 0x(____ptrval____), probed ADC AD9081 as MASTER
[    7.696544] cf_axi_dds 84b10000.axi-ad9081-tx-hpc: Analog Devices CF_AXI_DDS_DDS MASTER (9.01.b) at 0x84B10000 mapped to 0x(____ptrval____), probed DDS AD9081
[    7.710749] jesd204: /axi/spi@ff040000/ad9081@0,jesd204:0,parent=spi1.0: JESD204[2] transition initialized -> probed
[    7.721271] jesd204: /axi/spi@ff040000/ad9081@0,jesd204:0,parent=spi1.0: JESD204[0] transition initialized -> probed
[    7.731794] jesd204: /axi/spi@ff040000/ad9081@0,jesd204:0,parent=spi1.0: JESD204[2] transition probed -> idle
[    7.741703] jesd204: /axi/spi@ff040000/ad9081@0,jesd204:0,parent=spi1.0: JESD204[0] transition probed -> idle
[    7.751617] jesd204: /axi/spi@ff040000/ad9081@0,jesd204:0,parent=spi1.0: JESD204[2] transition idle -> device_init
[    7.761959] jesd204: /axi/spi@ff040000/ad9081@0,jesd204:0,parent=spi1.0: JESD204[0] transition idle -> device_init
[    7.772312] jesd204: /axi/spi@ff040000/ad9081@0,jesd204:0,parent=spi1.0: JESD204[2] transition device_init -> link_init
[    7.783085] jesd204: /axi/spi@ff040000/ad9081@0,jesd204:0,parent=spi1.0: JESD204[0] transition device_init -> link_init
[    7.793879] jesd204: /axi/spi@ff040000/ad9081@0,jesd204:0,parent=spi1.0: JESD204[2] transition link_init -> link_supported
[    7.804917] jesd204: /axi/spi@ff040000/ad9081@0,jesd204:0,parent=spi1.0: JESD204[0] transition link_init -> link_supported
[    7.816334] hmc7044 spi2.0: hmc7044_jesd204_link_pre_setup: Link2 forcing continuous SYSREF mode
[    7.825556] jesd204: /axi/spi@ff040000/ad9081@0,jesd204:0,parent=spi1.0: JESD204[2] transition link_supported -> link_pre_setup
[    7.837035] jesd204: /axi/spi@ff040000/ad9081@0,jesd204:0,parent=spi1.0: JESD204[0] transition link_supported -> link_pre_setup
[    7.860876] jesd204: /axi/spi@ff040000/ad9081@0,jesd204:0,parent=spi1.0: JESD204[2] transition link_pre_setup -> clk_sync_stage1
[    7.872440] jesd204: /axi/spi@ff040000/ad9081@0,jesd204:0,parent=spi1.0: JESD204[0] transition link_pre_setup -> clk_sync_stage1
[    7.884003] jesd204: /axi/spi@ff040000/ad9081@0,jesd204:0,parent=spi1.0: JESD204[2] transition clk_sync_stage1 -> clk_sync_stage2
[    7.895650] jesd204: /axi/spi@ff040000/ad9081@0,jesd204:0,parent=spi1.0: JESD204[0] transition clk_sync_stage1 -> clk_sync_stage2
[    7.907307] jesd204: /axi/spi@ff040000/ad9081@0,jesd204:0,parent=spi1.0: JESD204[2] transition clk_sync_stage2 -> clk_sync_stage3
[    7.918954] jesd204: /axi/spi@ff040000/ad9081@0,jesd204:0,parent=spi1.0: JESD204[0] transition clk_sync_stage2 -> clk_sync_stage3
[    7.932625] jesd204: /axi/spi@ff040000/ad9081@0,jesd204:0,parent=spi1.0: JESD204[2] transition clk_sync_stage3 -> link_setup
[    7.943845] jesd204: /axi/spi@ff040000/ad9081@0,jesd204:0,parent=spi1.0: JESD204[0] transition clk_sync_stage3 -> link_setup
[    7.960007] jesd204: /axi/spi@ff040000/ad9081@0,jesd204:0,parent=spi1.0: JESD204[2] transition link_setup -> opt_setup_stage1
[    7.971306] jesd204: /axi/spi@ff040000/ad9081@0,jesd204:0,parent=spi1.0: JESD204[0] transition link_setup -> opt_setup_stage1
[    7.987806] jesd204: /axi/spi@ff040000/ad9081@0,jesd204:0,parent=spi1.0: JESD204[2] transition opt_setup_stage1 -> opt_setup_stage2
[    7.999629] jesd204: /axi/spi@ff040000/ad9081@0,jesd204:0,parent=spi1.0: JESD204[0] transition opt_setup_stage1 -> opt_setup_stage2
[    8.011601] jesd204: /axi/spi@ff040000/ad9081@0,jesd204:0,parent=spi1.0: JESD204[2] transition opt_setup_stage2 -> opt_setup_stage3
[    8.023421] jesd204: /axi/spi@ff040000/ad9081@0,jesd204:0,parent=spi1.0: JESD204[0] transition opt_setup_stage2 -> opt_setup_stage3
[    8.035244] jesd204: /axi/spi@ff040000/ad9081@0,jesd204:0,parent=spi1.0: JESD204[2] transition opt_setup_stage3 -> opt_setup_stage4
[    8.047062] jesd204: /axi/spi@ff040000/ad9081@0,jesd204:0,parent=spi1.0: JESD204[0] transition opt_setup_stage3 -> opt_setup_stage4
[    8.058891] jesd204: /axi/spi@ff040000/ad9081@0,jesd204:0,parent=spi1.0: JESD204[2] transition opt_setup_stage4 -> opt_setup_stage5
[    8.070713] jesd204: /axi/spi@ff040000/ad9081@0,jesd204:0,parent=spi1.0: JESD204[0] transition opt_setup_stage4 -> opt_setup_stage5
[    8.088708] jesd204: /axi/spi@ff040000/ad9081@0,jesd204:0,parent=spi1.0: JESD204[2] transition opt_setup_stage5 -> clocks_enable
[    8.100273] jesd204: /axi/spi@ff040000/ad9081@0,jesd204:0,parent=spi1.0: JESD204[0] transition opt_setup_stage5 -> clocks_enable
[    8.111892] jesd204: /axi/spi@ff040000/ad9081@0,jesd204:0,parent=spi1.0: JESD204[2] transition clocks_enable -> link_enable
[    8.123023] jesd204: /axi/spi@ff040000/ad9081@0,jesd204:0,parent=spi1.0: JESD204[0] transition clocks_enable -> link_enable
[    8.263698] axi-jesd204-rx 84a90000.axi-jesd204-rx: axi_jesd204_rx_jesd204_link_running: Link2 status failed (CGS)
[    8.274047] jesd204: /fpga-axi@0/axi-jesd204-rx@84a90000,jesd204:4,parent=84a90000.axi-jesd204-rx: JESD204[2] In link_running got error from cb: -1 (ignoring!)
[    8.383932] ad9081 spi1.0: JESD RX (JTX) Link2 in CGS, SYNC asserted, PLL locked, PHASE established, MODE valid
[    8.394023] jesd204: /axi/spi@ff040000/ad9081@0,jesd204:0,parent=spi1.0: JESD204[2] In link_running got error from cb: -1 (ignoring!)
[    8.406275] ad9081 spi1.0: JESD TX (JRX) Link0 0xF lanes in DATA
[    8.412285] jesd204: /axi/spi@ff040000/ad9081@0,jesd204:0,parent=spi1.0: JESD204[2] transition link_enable -> link_running
[    8.423323] jesd204: /axi/spi@ff040000/ad9081@0,jesd204:0,parent=spi1.0: JESD204[0] transition link_enable -> link_running
[    8.434369] jesd204: /axi/spi@ff040000/ad9081@0,jesd204:0,parent=spi1.0: JESD204[2] transition link_running -> opt_post_running_stage
[    8.446363] jesd204: /axi/spi@ff040000/ad9081@0,jesd204:0,parent=spi1.0: JESD204[0] transition link_running -> opt_post_running_stage
[    8.467584] input: gpio-keys as /devices/platform/gpio-keys/input/input0
[    8.474601] of_cfs_init
[    8.477061] of_cfs_init: OK
[    8.480007] cfg80211: Loading compiled-in X.509 certificates for regulatory database
[    8.618199] cfg80211: Loaded X.509 cert 'sforshee: 00b28ddf47aef9cea7'
[    8.624728] clk: Not disabling unused clocks
[    8.629255] ALSA device list:
[    8.632219]   No soundcards found.
[    8.635902] platform regulatory.0: Direct firmware load for regulatory.db failed with error -2
[    8.644509] cfg80211: failed to load regulatory.db
[    8.646700] EXT4-fs (mmcblk0p2): mounted filesystem with ordered data mode. Opts: (null)
[    8.657410] VFS: Mounted root (ext4 filesystem) on device 179:2.
[    8.670657] devtmpfs: mounted
[    8.674475] Freeing unused kernel memory: 2560K
[    8.695744] Run /sbin/init as init process
[    8.699840]   with arguments:
[    8.699842]     /sbin/init
[    8.699845]   with environment:
[    8.699847]     HOME=/
[    8.699849]     TERM=linux
[    9.275121] systemd[1]: systemd 241 running in system mode. (+PAM +AUDIT +SELINUX +IMA +APPARMOR +SMACK +SYSVINIT +UTMP +LIBCRYPTSETUP +GCRYPT +GNUTLS +ACL +XZ +LZ4 +SECCOMP +BLKID +ELFUTILS +KMOD -IDN2 +IDN -PCRE2 default-hierarchy=hybrid)
[    9.296988] systemd[1]: Detected architecture arm64.
[    9.320421] systemd[1]: Set hostname to <analog>.
[    9.511357] systemd[1]: File /lib/systemd/system/systemd-journald.service:12 configures an IP firewall (IPAddressDeny=any), but the local system does not support BPF/cgroup based firewalling.
[    9.528417] systemd[1]: Proceeding WITHOUT firewalling in effect! (This warning is only shown for the first loaded unit using IP firewalling.)
[    9.693296] systemd[1]: /etc/systemd/system/tof-server.service:1: Assignment outside of section. Ignoring.
[    9.703019] systemd[1]: /etc/systemd/system/tof-server.service:2: Assignment outside of section. Ignoring.
[    9.887636] random: systemd: uninitialized urandom read (16 bytes read)
[    9.902637] random: systemd: uninitialized urandom read (16 bytes read)
[    9.909587] systemd[1]: Listening on Syslog Socket.
[    9.923812] random: systemd: uninitialized urandom read (16 bytes read)
[    9.930744] systemd[1]: Listening on Journal Socket.
[    9.951205] systemd[1]: Starting Load Kernel Modules...
[   10.701444] EXT4-fs (mmcblk0p2): re-mounted. Opts: (null)
[   10.796663] systemd-journald[154]: Received request to flush runtime journal from PID 1
[   16.078346] random: crng init done
[   16.078357] random: 7 urandom warning(s) missed due to ratelimiting
[   16.849031] macb ff0e0000.ethernet eth0: PHY [ff0e0000.ethernet-ffffffff:0c] driver [TI DP83867] (irq=POLL)
[   16.849046] macb ff0e0000.ethernet eth0: configuring for phy/rgmii-id link mode
[   17.119744] Adding 102396k swap on /var/swap.  Priority:-2 extents:4 across:9953604k SS
[   19.725235] broken atomic modeset userspace detected, disabling atomic
[   20.929326] macb ff0e0000.ethernet eth0: Link is Up - 1Gbps/Full - flow control off
[   20.929353] IPv6: ADDRCONF(NETDEV_CHANGE): eth0: link becomes ready
[   22.389753] broken atomic modeset userspace detected, disabling atomic
[   25.244422] broken atomic modeset userspace detected, disabling atomic
[   27.886585] broken atomic modeset userspace detected, disabling atomic