[    0.000000] Booting Linux on physical CPU 0x0000000000 [0x410fd034]
[    0.000000] Linux version 5.10.0-98103-g2aa7ac113716 (jenkins@romlxbuild1.adlk.analog.com) (aarch64-xilinx-linux-gcc.real (GCC) 10.2.0, GNU ld (GNU Binutils) 2.35.0.20200730) #5577 SMP Wed Mar 23 07:28:49 GMT 2022
[    0.000000] Machine model: ZynqMP ZCU102 Rev1.0
[    0.000000] earlycon: cdns0 at MMIO 0x00000000ff000000 (options '115200n8')
[    0.000000] printk: bootconsole [cdns0] enabled
[    0.000000] efi: UEFI not found.
[    0.000000] cma: Reserved 256 MiB at 0x0000000070000000
[    0.000000] Zone ranges:
[    0.000000]   DMA      [mem 0x0000000000000000-0x000000003fffffff]
[    0.000000]   DMA32    [mem 0x0000000040000000-0x00000000ffffffff]
[    0.000000]   Normal   [mem 0x0000000100000000-0x000000087fffffff]
[    0.000000] Movable zone start for each node
[    0.000000] Early memory node ranges
[    0.000000]   node   0: [mem 0x0000000000000000-0x000000007fffffff]
[    0.000000]   node   0: [mem 0x0000000800000000-0x000000087fffffff]
[    0.000000] Initmem setup node 0 [mem 0x0000000000000000-0x000000087fffffff]
[    0.000000] On node 0 totalpages: 1048576
[    0.000000]   DMA zone: 3584 pages used for memmap
[    0.000000]   DMA zone: 0 pages reserved
[    0.000000]   DMA zone: 262144 pages, LIFO batch:63
[    0.000000]   DMA32 zone: 3584 pages used for memmap
[    0.000000]   DMA32 zone: 262144 pages, LIFO batch:63
[    0.000000]   Normal zone: 7168 pages used for memmap
[    0.000000]   Normal zone: 524288 pages, LIFO batch:63
[    0.000000] psci: probing for conduit method from DT.
[    0.000000] psci: PSCIv1.1 detected in firmware.
[    0.000000] psci: Using standard PSCI v0.2 function IDs
[    0.000000] psci: MIGRATE_INFO_TYPE not supported.
[    0.000000] psci: SMC Calling Convention v1.2
[    0.000000] percpu: Embedded 22 pages/cpu s49496 r8192 d32424 u90112
[    0.000000] pcpu-alloc: s49496 r8192 d32424 u90112 alloc=22*4096
[    0.000000] pcpu-alloc: [0] 0 [0] 1 [0] 2 [0] 3 
[    0.000000] Detected VIPT I-cache on CPU0
[    0.000000] CPU features: detected: ARM erratum 845719
[    0.000000] Built 1 zonelists, mobility grouping on.  Total pages: 1034240
[    0.000000] Kernel command line: console=ttyPS0,115200 root=/dev/mmcblk0p2 rw earlycon rootfstype=ext4 rootwait clk_ignore_unused cpuidle.off=1 root=/dev/mmcblk0p2 rw rootwait
[    0.000000] Dentry cache hash table entries: 524288 (order: 10, 4194304 bytes, linear)
[    0.000000] Inode-cache hash table entries: 262144 (order: 9, 2097152 bytes, linear)
[    0.000000] mem auto-init: stack:off, heap alloc:off, heap free:off
[    0.000000] software IO TLB: mapped [mem 0x000000003bfff000-0x000000003ffff000] (64MB)
[    0.000000] Memory: 3761904K/4194304K available (15296K kernel code, 1636K rwdata, 11876K rodata, 2560K init, 507K bss, 170256K reserved, 262144K cma-reserved)
[    0.000000] rcu: Hierarchical RCU implementation.
[    0.000000] rcu: 	RCU event tracing is enabled.
[    0.000000] rcu: 	RCU restricting CPUs from NR_CPUS=8 to nr_cpu_ids=4.
[    0.000000] rcu: RCU calculated value of scheduler-enlistment delay is 25 jiffies.
[    0.000000] rcu: Adjusting geometry for rcu_fanout_leaf=16, nr_cpu_ids=4
[    0.000000] NR_IRQS: 64, nr_irqs: 64, preallocated irqs: 0
[    0.000000] GIC: Adjusting CPU interface base to 0x00000000f902f000
[    0.000000] GIC: Using split EOI/Deactivate mode
[    0.000000] random: get_random_bytes called from start_kernel+0x31c/0x54c with crng_init=0
[    0.000000] arch_timer: cp15 timer(s) running at 100.00MHz (phys).
[    0.000000] clocksource: arch_sys_counter: mask: 0xffffffffffffff max_cycles: 0x171024e7e0, max_idle_ns: 440795205315 ns
[    0.000004] sched_clock: 56 bits at 100MHz, resolution 10ns, wraps every 4398046511100ns
[    0.008464] Console: colour dummy device 80x25
[    0.012482] Calibrating delay loop (skipped), value calculated using timer frequency.. 200.00 BogoMIPS (lpj=400000)
[    0.022840] pid_max: default: 32768 minimum: 301
[    0.027550] Mount-cache hash table entries: 8192 (order: 4, 65536 bytes, linear)
[    0.034789] Mountpoint-cache hash table entries: 8192 (order: 4, 65536 bytes, linear)
[    0.043396] rcu: Hierarchical SRCU implementation.
[    0.047560] EFI services will not be available.
[    0.051938] smp: Bringing up secondary CPUs ...
[    0.056656] Detected VIPT I-cache on CPU1
[    0.056695] CPU1: Booted secondary processor 0x0000000001 [0x410fd034]
[    0.057060] Detected VIPT I-cache on CPU2
[    0.057084] CPU2: Booted secondary processor 0x0000000002 [0x410fd034]
[    0.057422] Detected VIPT I-cache on CPU3
[    0.057445] CPU3: Booted secondary processor 0x0000000003 [0x410fd034]
[    0.057491] smp: Brought up 1 node, 4 CPUs
[    0.091780] SMP: Total of 4 processors activated.
[    0.096452] CPU features: detected: 32-bit EL0 Support
[    0.101556] CPU features: detected: CRC32 instructions
[    0.106696] CPU: All CPU(s) started at EL2
[    0.110737] alternatives: patching kernel code
[    0.116169] devtmpfs: initialized
[    0.124061] Registered cp15_barrier emulation handler
[    0.124111] Registered setend emulation handler
[    0.128091] clocksource: jiffies: mask: 0xffffffff max_cycles: 0xffffffff, max_idle_ns: 7645041785100000 ns
[    0.137670] futex hash table entries: 1024 (order: 4, 65536 bytes, linear)
[    0.151026] pinctrl core: initialized pinctrl subsystem
[    0.151675] NET: Registered protocol family 16
[    0.156092] DMA: preallocated 512 KiB GFP_KERNEL pool for atomic allocations
[    0.162108] DMA: preallocated 512 KiB GFP_KERNEL|GFP_DMA pool for atomic allocations
[    0.169835] DMA: preallocated 512 KiB GFP_KERNEL|GFP_DMA32 pool for atomic allocations
[    0.177636] audit: initializing netlink subsys (disabled)
[    0.183087] audit: type=2000 audit(0.116:1): state=initialized audit_enabled=0 res=1
[    0.183430] hw-breakpoint: found 6 breakpoint and 4 watchpoint registers.
[    0.197464] ASID allocator initialised with 65536 entries
[    0.224317] HugeTLB registered 1.00 GiB page size, pre-allocated 0 pages
[    0.225369] HugeTLB registered 32.0 MiB page size, pre-allocated 0 pages
[    0.232039] HugeTLB registered 2.00 MiB page size, pre-allocated 0 pages
[    0.238699] HugeTLB registered 64.0 KiB page size, pre-allocated 0 pages
[    1.304275] DRBG: Continuing without Jitter RNG
[    1.382097] raid6: neonx8   gen()  2143 MB/s
[    1.450143] raid6: neonx8   xor()  1599 MB/s
[    1.518202] raid6: neonx4   gen()  2198 MB/s
[    1.586251] raid6: neonx4   xor()  1567 MB/s
[    1.654323] raid6: neonx2   gen()  2076 MB/s
[    1.722365] raid6: neonx2   xor()  1435 MB/s
[    1.790431] raid6: neonx1   gen()  1772 MB/s
[    1.858480] raid6: neonx1   xor()  1220 MB/s
[    1.926538] raid6: int64x8  gen()  1438 MB/s
[    1.994594] raid6: int64x8  xor()   771 MB/s
[    2.062673] raid6: int64x4  gen()  1598 MB/s
[    2.130715] raid6: int64x4  xor()   816 MB/s
[    2.198780] raid6: int64x2  gen()  1397 MB/s
[    2.266844] raid6: int64x2  xor()   749 MB/s
[    2.334903] raid6: int64x1  gen()  1033 MB/s
[    2.402970] raid6: int64x1  xor()   517 MB/s
[    2.403008] raid6: using algorithm neonx4 gen() 2198 MB/s
[    2.406961] raid6: .... xor() 1567 MB/s, rmw enabled
[    2.411891] raid6: using neon recovery algorithm
[    2.416905] iommu: Default domain type: Translated 
[    2.421516] SCSI subsystem initialized
[    2.425061] libata version 3.00 loaded.
[    2.425185] usbcore: registered new interface driver usbfs
[    2.430517] usbcore: registered new interface driver hub
[    2.435790] usbcore: registered new device driver usb
[    2.440925] mc: Linux media interface: v0.10
[    2.445038] videodev: Linux video capture interface: v2.00
[    2.450531] EDAC MC: Ver: 3.0.0
[    2.453972] zynqmp-ipi-mbox mailbox@ff990400: Registered ZynqMP IPI mbox with TX/RX channels.
[    2.462471] jesd204: created con: id=0, topo=0, link=0, /axi/spi@ff050000/hmc7044@0 <-> /fpga-axi@0/axi-adxcvr-tx@84b60000
[    2.473060] jesd204: created con: id=1, topo=0, link=2, /axi/spi@ff050000/hmc7044@0 <-> /fpga-axi@0/axi-adxcvr-rx@84a60000
[    2.484044] jesd204: created con: id=2, topo=0, link=0, /fpga-axi@0/axi-adxcvr-tx@84b60000 <-> /fpga-axi@0/axi-jesd204-tx@84b90000
[    2.495720] jesd204: created con: id=3, topo=0, link=2, /fpga-axi@0/axi-adxcvr-rx@84a60000 <-> /fpga-axi@0/axi-jesd204-rx@84a90000
[    2.507397] jesd204: created con: id=4, topo=0, link=0, /fpga-axi@0/axi-jesd204-tx@84b90000 <-> /fpga-axi@0/axi-ad9081-tx-hpc@84b10000
[    2.519425] jesd204: created con: id=5, topo=0, link=2, /fpga-axi@0/axi-jesd204-rx@84a90000 <-> /fpga-axi@0/axi-ad9081-rx-hpc@84a10000
[    2.531448] jesd204: created con: id=6, topo=0, link=2, /fpga-axi@0/axi-ad9081-rx-hpc@84a10000 <-> /axi/spi@ff040000/ad9081@0
[    2.542689] jesd204: created con: id=7, topo=0, link=0, /fpga-axi@0/axi-ad9081-tx-hpc@84b10000 <-> /axi/spi@ff040000/ad9081@0
[    2.553938] jesd204: /axi/spi@ff040000/ad9081@0: JESD204[2] transition uninitialized -> initialized
[    2.562925] jesd204: /axi/spi@ff040000/ad9081@0: JESD204[0] transition uninitialized -> initialized
[    2.571917] jesd204: found 8 devices and 1 topologies
[    2.576961] FPGA manager framework
[    2.580441] Advanced Linux Sound Architecture Driver Initialized.
[    2.586733] Bluetooth: Core ver 2.22
[    2.589920] NET: Registered protocol family 31
[    2.594321] Bluetooth: HCI device and connection manager initialized
[    2.600638] Bluetooth: HCI socket layer initialized
[    2.605480] Bluetooth: L2CAP socket layer initialized
[    2.610504] Bluetooth: SCO socket layer initialized
[    2.615691] clocksource: Switched to clocksource arch_sys_counter
[    2.621495] VFS: Disk quotas dquot_6.6.0
[    2.625330] VFS: Dquot-cache hash table entries: 512 (order 0, 4096 bytes)
[    2.636038] NET: Registered protocol family 2
[    2.636779] tcp_listen_portaddr_hash hash table entries: 2048 (order: 3, 32768 bytes, linear)
[    2.644971] TCP established hash table entries: 32768 (order: 6, 262144 bytes, linear)
[    2.652995] TCP bind hash table entries: 32768 (order: 7, 524288 bytes, linear)
[    2.660441] TCP: Hash tables configured (established 32768 bind 32768)
[    2.666615] UDP hash table entries: 2048 (order: 4, 65536 bytes, linear)
[    2.673282] UDP-Lite hash table entries: 2048 (order: 4, 65536 bytes, linear)
[    2.680442] NET: Registered protocol family 1
[    2.684900] RPC: Registered named UNIX socket transport module.
[    2.690519] RPC: Registered udp transport module.
[    2.695183] RPC: Registered tcp transport module.
[    2.699853] RPC: Registered tcp NFSv4.1 backchannel transport module.
[    2.706844] PCI: CLS 0 bytes, default 64
[    2.710552] hw perfevents: no interrupt-affinity property for /pmu, guessing.
[    2.717402] hw perfevents: enabled with armv8_pmuv3 PMU driver, 7 counters available
[    2.725761] Initialise system trusted keyrings
[    2.729436] workingset: timestamp_bits=62 max_order=20 bucket_order=0
[    2.736332] NFS: Registering the id_resolver key type
[    2.740783] Key type id_resolver registered
[    2.744920] Key type id_legacy registered
[    2.748910] nfs4filelayout_init: NFSv4 File Layout Driver Registering...
[    2.755576] jffs2: version 2.2. (NAND) (SUMMARY)  Â© 2001-2006 Red Hat, Inc.
[    2.797935] NET: Registered protocol family 38
[    2.797978] xor: measuring software checksum speed
[    2.805666]    8regs           :  2363 MB/sec
[    2.809334]    32regs          :  2799 MB/sec
[    2.814277]    arm64_neon      :  2380 MB/sec
[    2.814467] xor: using function: 32regs (2799 MB/sec)
[    2.819493] Key type asymmetric registered
[    2.823554] Asymmetric key parser 'x509' registered
[    2.828415] Block layer SCSI generic (bsg) driver version 0.4 loaded (major 248)
[    2.835752] io scheduler mq-deadline registered
[    2.840248] io scheduler kyber registered
[    2.869647] Serial: 8250/16550 driver, 4 ports, IRQ sharing disabled
[    2.874294] cacheinfo: Unable to detect cache hierarchy for CPU 0
[    2.880635] brd: module loaded
[    2.884776] loop: module loaded
[    2.885320] Registered mathworks_ip class
[    2.888653] libphy: Fixed MDIO Bus: probed
[    2.891624] tun: Universal TUN/TAP device driver, 1.6
[    2.895720] CAN device driver interface
[    2.900236] usbcore: registered new interface driver asix
[    2.904824] usbcore: registered new interface driver ax88179_178a
[    2.910860] usbcore: registered new interface driver cdc_ether
[    2.916655] usbcore: registered new interface driver net1080
[    2.922281] usbcore: registered new interface driver cdc_subset
[    2.928161] usbcore: registered new interface driver zaurus
[    2.933704] usbcore: registered new interface driver cdc_ncm
[    2.940116] ehci_hcd: USB 2.0 'Enhanced' Host Controller (EHCI) Driver
[    2.945790] ehci-pci: EHCI PCI platform driver
[    2.950587] usbcore: registered new interface driver uas
[    2.955509] usbcore: registered new interface driver usb-storage
[    2.961496] usbcore: registered new interface driver usbserial_generic
[    2.967945] usbserial: USB Serial support registered for generic
[    2.973918] usbcore: registered new interface driver ftdi_sio
[    2.979621] usbserial: USB Serial support registered for FTDI USB Serial Device
[    2.986898] usbcore: registered new interface driver upd78f0730
[    2.992769] usbserial: USB Serial support registered for upd78f0730
[    3.000429] rtc_zynqmp ffa60000.rtc: registered as rtc0
[    3.004194] rtc_zynqmp ffa60000.rtc: setting system clock to 2022-04-12T20:22:04 UTC (1649794924)
[    3.013057] i2c /dev entries driver
[    3.018369] usbcore: registered new interface driver uvcvideo
[    3.022170] USB Video Class driver (1.1.1)
[    3.027749] Bluetooth: HCI UART driver ver 2.3
[    3.030641] Bluetooth: HCI UART protocol H4 registered
[    3.035750] Bluetooth: HCI UART protocol BCSP registered
[    3.041039] Bluetooth: HCI UART protocol LL registered
[    3.046128] Bluetooth: HCI UART protocol ATH3K registered
[    3.051503] Bluetooth: HCI UART protocol Three-wire (H5) registered
[    3.057757] Bluetooth: HCI UART protocol Intel registered
[    3.063093] Bluetooth: HCI UART protocol QCA registered
[    3.068296] usbcore: registered new interface driver bcm203x
[    3.073917] usbcore: registered new interface driver bpa10x
[    3.079451] usbcore: registered new interface driver bfusb
[    3.084903] usbcore: registered new interface driver btusb
[    3.090366] usbcore: registered new interface driver ath3k
[    3.095849] EDAC MC: ECC not enabled
[    3.099469] EDAC DEVICE0: Giving out device to module zynqmp-ocm-edac controller zynqmp_ocm: DEV ff960000.memory-controller (INTERRUPT)
[    3.111796] sdhci: Secure Digital Host Controller Interface driver
[    3.117577] sdhci: Copyright(c) Pierre Ossman
[    3.121902] sdhci-pltfm: SDHCI platform and OF driver helper
[    3.127959] ledtrig-cpu: registered to indicate activity on CPUs
[    3.133507] SMCCC: SOC_ID: ARCH_SOC_ID not implemented, skipping ....
[    3.139938] zynqmp_firmware_probe Platform Management API v1.1
[    3.145693] zynqmp_firmware_probe Trustzone version v1.0
[    3.185245] zynqmp-pinctrl firmware:zynqmp-firmware:pinctrl: zynqmp pinctrl initialized
[    3.233244] zynqmp-aes firmware:zynqmp-firmware:zynqmp-aes: will run requests pump with realtime priority
[    3.249065] alg: No test for xilinx-keccak-384 (zynqmp-keccak-384)
[    3.249774] alg: No test for xilinx-zynqmp-rsa (zynqmp-rsa)
[    3.255285] usbcore: registered new interface driver usbhid
[    3.260676] usbhid: USB HID core driver
[    3.271913] axi_sysid 85000000.axi-sysid-0: AXI System ID core version (1.01.a) found
[    3.274266] axi_sysid 85000000.axi-sysid-0: [ad9081_fmca_ebz] on [zcu102] git branch <master> git <084d44c9780640ca93fd847b1d9ec70dd65f5c67> clean [2022-03-18 04:17:50] UTC
[    3.289957] fpga_manager fpga0: Xilinx ZynqMP FPGA Manager registered
[    3.296316] usbcore: registered new interface driver snd-usb-audio
[    3.303763] pktgen: Packet Generator for packet performance testing. Version: 2.75
[    3.309951] Initializing XFRM netlink socket
[    3.313794] NET: Registered protocol family 10
[    3.318514] Segment Routing with IPv6
[    3.321894] sit: IPv6, IPv4 and MPLS over IPv4 tunneling driver
[    3.327973] NET: Registered protocol family 17
[    3.332069] NET: Registered protocol family 15
[    3.336567] can: controller area network core
[    3.340820] NET: Registered protocol family 29
[    3.345207] can: raw protocol
[    3.348145] can: broadcast manager protocol
[    3.352298] can: netlink gateway - max_hops=1
[    3.356693] Bluetooth: RFCOMM TTY layer initialized
[    3.361474] Bluetooth: RFCOMM socket layer initialized
[    3.366579] Bluetooth: RFCOMM ver 1.11
[    3.370293] Bluetooth: BNEP (Ethernet Emulation) ver 1.3
[    3.375562] Bluetooth: BNEP filters: protocol multicast
[    3.380755] Bluetooth: BNEP socket layer initialized
[    3.385684] Bluetooth: HIDP (Human Interface Emulation) ver 1.2
[    3.391567] Bluetooth: HIDP socket layer initialized
[    3.396620] 9pnet: Installing 9P2000 support
[    3.400746] NET: Registered protocol family 36
[    3.405160] Key type dns_resolver registered
[    3.409596] registered taskstats version 1
[    3.413457] Loading compiled-in X.509 certificates
[    3.418570] Btrfs loaded, crc32c=crc32c-generic
[    3.430973] ff000000.serial: ttyPS0 at MMIO 0xff000000 (irq = 49, base_baud = 6249999) is a xuartps
[    3.439992] printk: console [ttyPS0] enabled
[    3.444287] printk: bootconsole [cdns0] disabled
[    3.453916] ff010000.serial: ttyPS1 at MMIO 0xff010000 (irq = 50, base_baud = 6249999) is a xuartps
[    3.467148] of-fpga-region fpga-full: FPGA Region probed
[    3.474115] nwl-pcie fd0e0000.pcie: host bridge /axi/pcie@fd0e0000 ranges:
[    3.481006] nwl-pcie fd0e0000.pcie:      MEM 0x00e0000000..0x00efffffff -> 0x00e0000000
[    3.489009] nwl-pcie fd0e0000.pcie:      MEM 0x0600000000..0x07ffffffff -> 0x0600000000
[    3.497071] nwl-pcie fd0e0000.pcie: Link is DOWN
[    3.501829] nwl-pcie fd0e0000.pcie: PCI host bridge to bus 0000:00
[    3.508006] pci_bus 0000:00: root bus resource [bus 00-ff]
[    3.513487] pci_bus 0000:00: root bus resource [mem 0xe0000000-0xefffffff]
[    3.520358] pci_bus 0000:00: root bus resource [mem 0x600000000-0x7ffffffff pref]
[    3.527862] pci 0000:00:00.0: [10ee:d021] type 01 class 0x060400
[    3.533917] pci 0000:00:00.0: PME# supported from D0 D1 D2 D3hot
[    3.544366] pci 0000:00:00.0: PCI bridge to [bus 01-0c]
[    3.550347] xilinx-zynqmp-dma fd500000.dma: ZynqMP DMA driver Probe success
[    3.557524] xilinx-zynqmp-dma fd510000.dma: ZynqMP DMA driver Probe success
[    3.564707] xilinx-zynqmp-dma fd520000.dma: ZynqMP DMA driver Probe success
[    3.571881] xilinx-zynqmp-dma fd530000.dma: ZynqMP DMA driver Probe success
[    3.579050] xilinx-zynqmp-dma fd540000.dma: ZynqMP DMA driver Probe success
[    3.586222] xilinx-zynqmp-dma fd550000.dma: ZynqMP DMA driver Probe success
[    3.593391] xilinx-zynqmp-dma fd560000.dma: ZynqMP DMA driver Probe success
[    3.600561] xilinx-zynqmp-dma fd570000.dma: ZynqMP DMA driver Probe success
[    3.607974] xilinx-zynqmp-dpdma fd4c0000.dma-controller: Xilinx DPDMA engine is probed
[    3.616512] ahci-ceva fd0c0000.ahci: supply ahci not found, using dummy regulator
[    3.624058] ahci-ceva fd0c0000.ahci: supply phy not found, using dummy regulator
[    3.711867] hmc7044 spi2.0: PLL1: Acquisition, CLKIN0 @ 122880000 Hz, PFD: 80 kHz - PLL2: Locked @ 2670.000000 MHz
[    3.722580] jesd204: /axi/spi@ff050000/hmc7044@0,jesd204:1,parent=spi2.0: Using as SYSREF provider
[    3.732169] spi-nor spi0.0: SPI-NOR-UniqueID 100000235394732200270025081115266e
[    3.739476] spi-nor spi0.0: found n25q512a, expected m25p80
[    3.745682] spi-nor spi0.0: trying to lock already unlocked area
[    3.751687] spi-nor spi0.0: n25q512a (131072 Kbytes)
[    3.756671] 4 fixed-partitions partitions found on MTD device spi0.0
[    3.763018] Creating 4 MTD partitions on "spi0.0":
[    3.767804] 0x000000000000-0x000000100000 : "qspi-fsbl-uboot"
[    3.774293] 0x000000100000-0x000000600000 : "qspi-linux"
[    3.780246] 0x000000600000-0x000000620000 : "qspi-device-tree"
[    3.786722] 0x000000620000-0x000000c00000 : "qspi-rootfs"
[    3.795186] macb ff0e0000.ethernet: Not enabling partial store and forward
[    3.802706] libphy: MACB_mii_bus: probed
[    3.807786] macb ff0e0000.ethernet eth0: Cadence GEM rev 0x50070106 at 0xff0e0000 irq 30 (00:0a:35:04:8e:1b)
[    3.818000] xilinx-axipmon ffa00000.perf-monitor: Probed Xilinx APM
[    3.824573] xilinx-axipmon fd0b0000.perf-monitor: Probed Xilinx APM
[    3.831091] xilinx-axipmon fd490000.perf-monitor: Probed Xilinx APM
[    3.837633] xilinx-axipmon ffa10000.perf-monitor: Probed Xilinx APM
[    3.847630] pca953x 0-0020: supply vcc not found, using dummy regulator
[    3.854310] pca953x 0-0020: using no AI
[    3.858799] gpio-496 (sel0): hogged as output/low
[    3.863701] gpio-497 (sel1): hogged as output/high
[    3.868681] gpio-498 (sel2): hogged as output/high
[    3.873665] gpio-499 (sel3): hogged as output/high
[    3.878836] pca953x 0-0021: supply vcc not found, using dummy regulator
[    3.885503] pca953x 0-0021: using no AI
[    3.891252] ina2xx 2-0040: power monitor ina226 (Rshunt = 5000 uOhm)
[    3.898285] ina2xx 2-0041: power monitor ina226 (Rshunt = 5000 uOhm)
[    3.905326] ina2xx 2-0042: power monitor ina226 (Rshunt = 5000 uOhm)
[    3.912361] ina2xx 2-0043: power monitor ina226 (Rshunt = 5000 uOhm)
[    3.919392] ina2xx 2-0044: power monitor ina226 (Rshunt = 5000 uOhm)
[    3.926420] ina2xx 2-0045: power monitor ina226 (Rshunt = 5000 uOhm)
[    3.933448] ina2xx 2-0046: power monitor ina226 (Rshunt = 5000 uOhm)
[    3.940524] ina2xx 2-0047: power monitor ina226 (Rshunt = 5000 uOhm)
[    3.947550] ina2xx 2-004a: power monitor ina226 (Rshunt = 5000 uOhm)
[    3.954592] ina2xx 2-004b: power monitor ina226 (Rshunt = 5000 uOhm)
[    3.961001] i2c i2c-0: Added multiplexed i2c bus 2
[    3.966386] random: fast init done
[    3.969860] ina2xx 3-0040: power monitor ina226 (Rshunt = 2000 uOhm)
[    3.976887] ina2xx 3-0041: power monitor ina226 (Rshunt = 5000 uOhm)
[    3.983912] ina2xx 3-0042: power monitor ina226 (Rshunt = 5000 uOhm)
[    3.990950] ina2xx 3-0043: power monitor ina226 (Rshunt = 5000 uOhm)
[    3.997980] ina2xx 3-0044: power monitor ina226 (Rshunt = 5000 uOhm)
[    4.005005] ina2xx 3-0045: power monitor ina226 (Rshunt = 5000 uOhm)
[    4.012037] ina2xx 3-0046: power monitor ina226 (Rshunt = 5000 uOhm)
[    4.019069] ina2xx 3-0047: power monitor ina226 (Rshunt = 5000 uOhm)
[    4.025469] i2c i2c-0: Added multiplexed i2c bus 3
[    4.081959] i2c i2c-0: Added multiplexed i2c bus 4
[    4.086903] i2c i2c-0: Added multiplexed i2c bus 5
[    4.091693] pca954x 0-0075: registered 4 multiplexed busses for I2C mux pca9544
[    4.099043] cdns-i2c ff020000.i2c: 400 kHz mmio ff020000 irq 32
[    4.106776] at24 6-0054: supply vcc not found, using dummy regulator
[    4.113681] at24 6-0054: 1024 byte 24c08 EEPROM, writable, 1 bytes/write
[    4.120431] i2c i2c-1: Added multiplexed i2c bus 6
[    4.126860] si5341 7-0036: Chip: 5341 Grade: 1 Rev: 1
[    4.164582] i2c i2c-1: Added multiplexed i2c bus 7
[    4.172233] si570 8-005d: registered, current frequency 300000000 Hz
[    4.178638] i2c i2c-1: Added multiplexed i2c bus 8
[    4.198430] si570 9-005d: registered, current frequency 148500000 Hz
[    4.204834] i2c i2c-1: Added multiplexed i2c bus 9
[    4.209873] si5324 10-0069: si5328 probed
[    4.276049] si5324 10-0069: si5328 probe successful
[    4.280977] i2c i2c-1: Added multiplexed i2c bus 10
[    4.286005] i2c i2c-1: Added multiplexed i2c bus 11
[    4.291032] i2c i2c-1: Added multiplexed i2c bus 12
[    4.296051] i2c i2c-1: Added multiplexed i2c bus 13
[    4.300924] pca954x 1-0074: registered 8 multiplexed busses for I2C switch pca9548
[    4.309033] at24 14-0050: supply vcc not found, using dummy regulator
[    4.315828] at24 14-0050: 256 byte 24c02 EEPROM, writable, 1 bytes/write
[    4.322576] i2c i2c-1: Added multiplexed i2c bus 14
[    4.327616] i2c i2c-1: Added multiplexed i2c bus 15
[    4.332649] i2c i2c-1: Added multiplexed i2c bus 16
[    4.337687] i2c i2c-1: Added multiplexed i2c bus 17
[    4.342720] i2c i2c-1: Added multiplexed i2c bus 18
[    4.347764] i2c i2c-1: Added multiplexed i2c bus 19
[    4.352805] i2c i2c-1: Added multiplexed i2c bus 20
[    4.357839] i2c i2c-1: Added multiplexed i2c bus 21
[    4.362716] pca954x 1-0075: registered 8 multiplexed busses for I2C switch pca9548
[    4.370325] cdns-i2c ff030000.i2c: 400 kHz mmio ff030000 irq 33
[    4.380067] cdns-wdt fd4d0000.watchdog: Xilinx Watchdog Timer with timeout 60s
[    4.389124] axi_adxcvr 84a60000.axi-adxcvr-rx: adxcvr_enforce_settings: Using QPLL without access, assuming desired Lane rate will be configured by a different instance
[    4.405760] axi_adxcvr 84a60000.axi-adxcvr-rx: AXI-ADXCVR-RX (17.05.a) using QPLL on GTH4 at 0x84A60000. Number of lanes: 4.
[    4.417923] axi_adxcvr 84b60000.axi-adxcvr-tx: AXI-ADXCVR-TX (17.05.a) using QPLL on GTH4 at 0x84B60000. Number of lanes: 4.
[    4.421884] mmc0: SDHCI controller on ff170000.mmc [ff170000.mmc] using ADMA 64-bit
[    4.437074] axi-jesd204-rx 84a90000.axi-jesd204-rx: AXI-JESD204-RX (1.07.a) at 0x84A90000. Encoder 8b10b, width 4/4, lanes 4, jesd204-fsm.
[    4.449910] axi-jesd204-tx 84b90000.axi-jesd204-tx: AXI-JESD204-TX (1.06.a) at 0x84B90000. Encoder 8b10b, width 4/4, lanes 4, jesd204-fsm.
[    4.463416] zynqmp-display fd4a0000.display: vtc bridge property not present
[    4.469455] mmc0: new high speed SDHC card at address 0001
[    4.473064] xilinx-dp-snd-codec fd4a0000.display:zynqmp_dp_snd_codec0: Failed to get required clock freq
[    4.476297] mmcblk0: mmc0:0001 EB1QT 29.8 GiB 
[    4.485426] xilinx-dp-snd-codec: probe of fd4a0000.display:zynqmp_dp_snd_codec0 failed with error -22
[    4.491075]  mmcblk0: p1 p2 p3
[    4.499414] xilinx-dp-snd-pcm zynqmp_dp_snd_pcm0: Xilinx DisplayPort Sound PCM probed
[    4.510272] xilinx-dp-snd-pcm zynqmp_dp_snd_pcm1: Xilinx DisplayPort Sound PCM probed
[    4.518482] OF: graph: no port node found in /axi/display@fd4a0000
[    4.524887] xlnx-drm xlnx-drm.0: bound fd4a0000.display (ops 0xffffffc010fcbdb8)
[    5.611706] zynqmp-display fd4a0000.display: [drm] Cannot find any crtc or sizes
[    5.619325] [drm] Initialized xlnx 1.0.0 20130509 for fd4a0000.display on minor 0
[    5.626812] zynqmp-display fd4a0000.display: ZynqMP DisplayPort Subsystem driver probed
[    5.635128] ahci-ceva fd0c0000.ahci: supply ahci not found, using dummy regulator
[    5.642671] ahci-ceva fd0c0000.ahci: supply phy not found, using dummy regulator
[    5.650126] ahci-ceva fd0c0000.ahci: supply target not found, using dummy regulator
[    5.657963] ahci-ceva fd0c0000.ahci: AHCI 0001.0301 32 slots 2 ports 6 Gbps 0x3 impl platform mode
[    5.666920] ahci-ceva fd0c0000.ahci: flags: 64bit ncq sntf pm clo only pmp fbs pio slum part ccc sds apst 
[    5.677608] scsi host0: ahci-ceva
[    5.681208] scsi host1: ahci-ceva
[    5.684635] ata1: SATA max UDMA/133 mmio [mem 0xfd0c0000-0xfd0c1fff] port 0x100 irq 45
[    5.692551] ata2: SATA max UDMA/133 mmio [mem 0xfd0c0000-0xfd0c1fff] port 0x180 irq 45
[    5.701154] ad9081 spi1.0: supply vdd not found, using dummy regulator
[    6.013910] ata2: SATA link down (SStatus 0 SControl 330)
[    6.019315] ata1: SATA link down (SStatus 0 SControl 330)
[    6.695709] zynqmp-display fd4a0000.display: [drm] Cannot find any crtc or sizes
[    6.853410] ad9081 spi1.0: Invalid param passed., "ref_clk_hz < 100000000ULL" in adi_ad9081_device_clk_config_set(...), line554 in drivers/iio/adc/ad9081/adi_ad9081_device.c
[    7.541155] ad9081 spi1.0: AD9081 Rev. 2 Grade 10 (API 1.2.2) probed
[    7.548364] xhci-hcd xhci-hcd.1.auto: xHCI Host Controller
[    7.553857] xhci-hcd xhci-hcd.1.auto: new USB bus registered, assigned bus number 1
[    7.561605] xhci-hcd xhci-hcd.1.auto: hcc params 0x0238f625 hci version 0x100 quirks 0x0000000002010810
[    7.571017] xhci-hcd xhci-hcd.1.auto: irq 59, io mem 0xfe200000
[    7.577125] usb usb1: New USB device found, idVendor=1d6b, idProduct=0002, bcdDevice= 5.10
[    7.585385] usb usb1: New USB device strings: Mfr=3, Product=2, SerialNumber=1
[    7.592602] usb usb1: Product: xHCI Host Controller
[    7.597472] usb usb1: Manufacturer: Linux 5.10.0-98103-g2aa7ac113716 xhci-hcd
[    7.604601] usb usb1: SerialNumber: xhci-hcd.1.auto
[    7.609772] hub 1-0:1.0: USB hub found
[    7.613538] hub 1-0:1.0: 1 port detected
[    7.617639] xhci-hcd xhci-hcd.1.auto: xHCI Host Controller
[    7.623125] xhci-hcd xhci-hcd.1.auto: new USB bus registered, assigned bus number 2
[    7.630779] xhci-hcd xhci-hcd.1.auto: Host supports USB 3.0 SuperSpeed
[    7.637401] usb usb2: New USB device found, idVendor=1d6b, idProduct=0003, bcdDevice= 5.10
[    7.645665] usb usb2: New USB device strings: Mfr=3, Product=2, SerialNumber=1
[    7.652884] usb usb2: Product: xHCI Host Controller
[    7.657752] usb usb2: Manufacturer: Linux 5.10.0-98103-g2aa7ac113716 xhci-hcd
[    7.664878] usb usb2: SerialNumber: xhci-hcd.1.auto
[    7.669986] hub 2-0:1.0: USB hub found
[    7.673751] hub 2-0:1.0: 1 port detected
[    7.703828] cf_axi_adc 84a10000.axi-ad9081-rx-hpc: ADI AIM (10.01.b) at 0x84A10000 mapped to 0x(____ptrval____), probed ADC AD9081 as MASTER
[    7.736531] cf_axi_dds 84b10000.axi-ad9081-tx-hpc: Analog Devices CF_AXI_DDS_DDS MASTER (9.01.b) at 0x84B10000 mapped to 0x(____ptrval____), probed DDS AD9081
[    7.750727] jesd204: /axi/spi@ff040000/ad9081@0,jesd204:0,parent=spi1.0: JESD204[2] transition initialized -> probed
[    7.761251] jesd204: /axi/spi@ff040000/ad9081@0,jesd204:0,parent=spi1.0: JESD204[0] transition initialized -> probed
[    7.771775] jesd204: /axi/spi@ff040000/ad9081@0,jesd204:0,parent=spi1.0: JESD204[2] transition probed -> idle
[    7.781682] jesd204: /axi/spi@ff040000/ad9081@0,jesd204:0,parent=spi1.0: JESD204[0] transition probed -> idle
[    7.791598] jesd204: /axi/spi@ff040000/ad9081@0,jesd204:0,parent=spi1.0: JESD204[2] transition idle -> device_init
[    7.801940] jesd204: /axi/spi@ff040000/ad9081@0,jesd204:0,parent=spi1.0: JESD204[0] transition idle -> device_init
[    7.812292] jesd204: /axi/spi@ff040000/ad9081@0,jesd204:0,parent=spi1.0: JESD204[2] transition device_init -> link_init
[    7.823071] jesd204: /axi/spi@ff040000/ad9081@0,jesd204:0,parent=spi1.0: JESD204[0] transition device_init -> link_init
[    7.833861] jesd204: /axi/spi@ff040000/ad9081@0,jesd204:0,parent=spi1.0: JESD204[2] transition link_init -> link_supported
[    7.844899] jesd204: /axi/spi@ff040000/ad9081@0,jesd204:0,parent=spi1.0: JESD204[0] transition link_init -> link_supported
[    7.856314] hmc7044 spi2.0: hmc7044_jesd204_link_pre_setup: Link2 forcing continuous SYSREF mode
[    7.865529] jesd204: /axi/spi@ff040000/ad9081@0,jesd204:0,parent=spi1.0: JESD204[2] transition link_supported -> link_pre_setup
[    7.877008] jesd204: /axi/spi@ff040000/ad9081@0,jesd204:0,parent=spi1.0: JESD204[0] transition link_supported -> link_pre_setup
[    7.900822] jesd204: /axi/spi@ff040000/ad9081@0,jesd204:0,parent=spi1.0: JESD204[2] transition link_pre_setup -> clk_sync_stage1
[    7.912393] jesd204: /axi/spi@ff040000/ad9081@0,jesd204:0,parent=spi1.0: JESD204[0] transition link_pre_setup -> clk_sync_stage1
[    7.923960] jesd204: /axi/spi@ff040000/ad9081@0,jesd204:0,parent=spi1.0: JESD204[2] transition clk_sync_stage1 -> clk_sync_stage2
[    7.935604] jesd204: /axi/spi@ff040000/ad9081@0,jesd204:0,parent=spi1.0: JESD204[0] transition clk_sync_stage1 -> clk_sync_stage2
[    7.947257] jesd204: /axi/spi@ff040000/ad9081@0,jesd204:0,parent=spi1.0: JESD204[2] transition clk_sync_stage2 -> clk_sync_stage3
[    7.958901] jesd204: /axi/spi@ff040000/ad9081@0,jesd204:0,parent=spi1.0: JESD204[0] transition clk_sync_stage2 -> clk_sync_stage3
[    7.972634] jesd204: /axi/spi@ff040000/ad9081@0,jesd204:0,parent=spi1.0: JESD204[2] transition clk_sync_stage3 -> link_setup
[    7.983852] jesd204: /axi/spi@ff040000/ad9081@0,jesd204:0,parent=spi1.0: JESD204[0] transition clk_sync_stage3 -> link_setup
[    7.999839] jesd204: /axi/spi@ff040000/ad9081@0,jesd204:0,parent=spi1.0: JESD204[2] transition link_setup -> opt_setup_stage1
[    8.011140] jesd204: /axi/spi@ff040000/ad9081@0,jesd204:0,parent=spi1.0: JESD204[0] transition link_setup -> opt_setup_stage1
[    8.027473] jesd204: /axi/spi@ff040000/ad9081@0,jesd204:0,parent=spi1.0: JESD204[2] transition opt_setup_stage1 -> opt_setup_stage2
[    8.039299] jesd204: /axi/spi@ff040000/ad9081@0,jesd204:0,parent=spi1.0: JESD204[0] transition opt_setup_stage1 -> opt_setup_stage2
[    8.051270] jesd204: /axi/spi@ff040000/ad9081@0,jesd204:0,parent=spi1.0: JESD204[2] transition opt_setup_stage2 -> opt_setup_stage3
[    8.063090] jesd204: /axi/spi@ff040000/ad9081@0,jesd204:0,parent=spi1.0: JESD204[0] transition opt_setup_stage2 -> opt_setup_stage3
[    8.074918] jesd204: /axi/spi@ff040000/ad9081@0,jesd204:0,parent=spi1.0: JESD204[2] transition opt_setup_stage3 -> opt_setup_stage4
[    8.086741] jesd204: /axi/spi@ff040000/ad9081@0,jesd204:0,parent=spi1.0: JESD204[0] transition opt_setup_stage3 -> opt_setup_stage4
[    8.098570] jesd204: /axi/spi@ff040000/ad9081@0,jesd204:0,parent=spi1.0: JESD204[2] transition opt_setup_stage4 -> opt_setup_stage5
[    8.110398] jesd204: /axi/spi@ff040000/ad9081@0,jesd204:0,parent=spi1.0: JESD204[0] transition opt_setup_stage4 -> opt_setup_stage5
[    8.128334] jesd204: /axi/spi@ff040000/ad9081@0,jesd204:0,parent=spi1.0: JESD204[2] transition opt_setup_stage5 -> clocks_enable
[    8.139899] jesd204: /axi/spi@ff040000/ad9081@0,jesd204:0,parent=spi1.0: JESD204[0] transition opt_setup_stage5 -> clocks_enable
[    8.151521] jesd204: /axi/spi@ff040000/ad9081@0,jesd204:0,parent=spi1.0: JESD204[2] transition clocks_enable -> link_enable
[    8.162650] jesd204: /axi/spi@ff040000/ad9081@0,jesd204:0,parent=spi1.0: JESD204[0] transition clocks_enable -> link_enable
[    8.195930] ad9081 spi1.0: JESD RX (JTX) Link2 in DATA, SYNC deasserted, PLL locked, PHASE established, MODE valid
[    8.206532] ad9081 spi1.0: JESD TX (JRX) Link0 0xF lanes in DATA
[    8.212543] jesd204: /axi/spi@ff040000/ad9081@0,jesd204:0,parent=spi1.0: JESD204[2] transition link_enable -> link_running
[    8.223581] jesd204: /axi/spi@ff040000/ad9081@0,jesd204:0,parent=spi1.0: JESD204[0] transition link_enable -> link_running
[    8.234630] jesd204: /axi/spi@ff040000/ad9081@0,jesd204:0,parent=spi1.0: JESD204[2] transition link_running -> opt_post_running_stage
[    8.246627] jesd204: /axi/spi@ff040000/ad9081@0,jesd204:0,parent=spi1.0: JESD204[0] transition link_running -> opt_post_running_stage
[    8.267864] input: gpio-keys as /devices/platform/gpio-keys/input/input0
[    8.274878] of_cfs_init
[    8.277346] of_cfs_init: OK
[    8.280289] cfg80211: Loading compiled-in X.509 certificates for regulatory database
[    8.418385] cfg80211: Loaded X.509 cert 'sforshee: 00b28ddf47aef9cea7'
[    8.424916] clk: Not disabling unused clocks
[    8.429446] ALSA device list:
[    8.432407]   No soundcards found.
[    8.436079] platform regulatory.0: Direct firmware load for regulatory.db failed with error -2
[    8.444686] cfg80211: failed to load regulatory.db
[    8.459210] EXT4-fs (mmcblk0p2): mounted filesystem with ordered data mode. Opts: (null)
[    8.467326] VFS: Mounted root (ext4 filesystem) on device 179:2.
[    8.480445] devtmpfs: mounted
[    8.484269] Freeing unused kernel memory: 2560K
[    8.495746] Run /sbin/init as init process
[    8.499841]   with arguments:
[    8.499843]     /sbin/init
[    8.499845]   with environment:
[    8.499847]     HOME=/
[    8.499850]     TERM=linux
[    9.067829] systemd[1]: systemd 241 running in system mode. (+PAM +AUDIT +SELINUX +IMA +APPARMOR +SMACK +SYSVINIT +UTMP +LIBCRYPTSETUP +GCRYPT +GNUTLS +ACL +XZ +LZ4 +SECCOMP +BLKID +ELFUTILS +KMOD -IDN2 +IDN -PCRE2 default-hierarchy=hybrid)
[    9.089685] systemd[1]: Detected architecture arm64.
[    9.112397] systemd[1]: Set hostname to <analog>.
[    9.306379] systemd[1]: File /lib/systemd/system/systemd-journald.service:12 configures an IP firewall (IPAddressDeny=any), but the local system does not support BPF/cgroup based firewalling.
[    9.323427] systemd[1]: Proceeding WITHOUT firewalling in effect! (This warning is only shown for the first loaded unit using IP firewalling.)
[    9.486018] systemd[1]: /etc/systemd/system/tof-server.service:1: Assignment outside of section. Ignoring.
[    9.495706] systemd[1]: /etc/systemd/system/tof-server.service:2: Assignment outside of section. Ignoring.
[    9.678405] random: systemd: uninitialized urandom read (16 bytes read)
[    9.693055] random: systemd: uninitialized urandom read (16 bytes read)
[    9.700095] systemd[1]: Created slice User and Session Slice.
[    9.723764] random: systemd: uninitialized urandom read (16 bytes read)
[    9.730774] systemd[1]: Created slice system-systemd\x2dfsck.slice.
[    9.752098] systemd[1]: Listening on udev Control Socket.
[   10.332577] ------------[ cut here ]------------
[   10.332586] Enabling unprepared \xa0\xc9Q\x88\xff\xff\xffPQ\x88\xff\xff\xff
[   10.332632] WARNING: CPU: 1 PID: 130 at drivers/clk/clk.c:1012 clk_core_enable+0xa4/0xc0
[   10.332635] Modules linked in:
[   10.332645] CPU: 1 PID: 130 Comm: kworker/1:1H Not tainted 5.10.0-98103-g2aa7ac113716 #5577
[   10.332648] Hardware name: ZynqMP ZCU102 Rev1.0 (DT)
[   10.332657] Workqueue: kblockd blk_mq_run_work_fn
[   10.332664] pstate: 80000085 (Nzcv daIf -PAN -UAO -TCO BTYPE=--)
[   10.332670] pc : clk_core_enable+0xa4/0xc0
[   10.332675] lr : clk_core_enable+0xa4/0xc0
[   10.332678] sp : ffffffc012b432d0
[   10.332681] x29: ffffffc012b432d0 x28: ffffff8800330c10 
[   10.332688] x27: ffffff8800330d48 x26: 0000005000000101 
[   10.332695] x25: 0000000261ed9636 x24: 0000000000000001 
[   10.332702] x23: ffffff88010e9380 x22: ffffff8801083220 
[   10.332708] x21: ffffff8801515000 x20: ffffff8801515008 
[   10.332715] x19: ffffff8801515008 x18: 0000000000000030 
[   10.332721] x17: 00008e013c99f6b9 x16: 0000000000000011 
[   10.332728] x15: ffffffffffff87c8 x14: ffffffc011d3b1a0 
[   10.332734] x13: ffffffc011d3b1c8 x12: 00000000000005eb 
[   10.332741] x11: 00000000000001f9 x10: ffffffc011d671c8 
[   10.332747] x9 : 00000000fffff800 x8 : ffffffc011d3b1c8 
[   10.332754] x7 : ffffffc011d671c8 x6 : 0000000000000001 
[   10.332760] x5 : ffffff887f77c9e0 x4 : 0000000000000000 
[   10.332766] x3 : 0000000000000027 x2 : 0000000000000023 
[   10.332773] x1 : ad1ee464b4c4f600 x0 : 0000000000000000 
[   10.332779] Call trace:
[   10.332786]  clk_core_enable+0xa4/0xc0
[   10.332791]  clk_enable+0x2c/0x60
[   10.332797]  zynqmp_runtime_resume+0x24/0x84
[   10.332805]  pm_generic_runtime_resume+0x30/0x50
[   10.332810]  __genpd_runtime_resume+0x30/0xb0
[   10.332816]  genpd_runtime_resume+0x90/0x250
[   10.332823]  __rpm_callback+0x10c/0x1e0
[   10.332827]  rpm_callback+0x5c/0x84
[   10.332832]  rpm_resume+0x4a4/0x74c
[   10.332838]  __pm_runtime_resume+0x78/0xc4
[   10.332842]  spi_mem_access_start.isra.0+0x30/0x80
[   10.332846]  spi_mem_exec_op+0x3b0/0x424
[   10.332852]  spi_nor_read_sr+0x78/0xe0
[   10.332857]  spi_nor_wait_till_ready_with_timeout+0xb4/0x2f0
[   10.332861]  spi_nor_read+0x188/0x380
[   10.332867]  mtd_read_oob_std+0x78/0x84
[   10.332871]  mtd_read_oob+0x7c/0x134
[   10.332875]  mtd_read+0x48/0x7c
[   10.332881]  mtdblock_readsect+0x6c/0x150
[   10.332886]  mtd_queue_rq+0x2cc/0x5a0
[   10.332892]  blk_mq_dispatch_rq_list+0x110/0x790
[   10.332898]  __blk_mq_do_dispatch_sched+0x200/0x274
[   10.332904]  __blk_mq_sched_dispatch_requests+0x1a8/0x1fc
[   10.332909]  blk_mq_sched_dispatch_requests+0x3c/0x7c
[   10.332914]  __blk_mq_run_hw_queue+0x98/0x100
[   10.332919]  blk_mq_run_work_fn+0x24/0x30
[   10.332925]  process_one_work+0x1d4/0x380
[   10.332929]  worker_thread+0x78/0x4e0
[   10.332934]  kthread+0x124/0x130
[   10.332939]  ret_from_fork+0x10/0x3c
[   10.332943] ---[ end trace 93061f3c08776779 ]---
[   10.332951] zynqmp-qspi ff0f0000.spi: Cannot enable APB clock.
[   10.333000] spi_master spi0: Failed to power device: -108
[   10.333010] blk_update_request: I/O error, dev mtdblock0, sector 8 op 0x0:(READ) flags 0x80700 phys_seg 1 prio class 0
[   10.333077] spi_master spi0: Failed to power device: -22
[   10.333084] blk_update_request: I/O error, dev mtdblock0, sector 8 op 0x0:(READ) flags 0x0 phys_seg 8 prio class 0
[   10.333089] Buffer I/O error on dev mtdblock0, logical block 8, async page read
[   10.333098] spi_master spi0: Failed to power device: -22
[   10.333104] blk_update_request: I/O error, dev mtdblock0, sector 9 op 0x0:(READ) flags 0x0 phys_seg 7 prio class 0
[   10.333108] Buffer I/O error on dev mtdblock0, logical block 9, async page read
[   10.333116] spi_master spi0: Failed to power device: -22
[   10.333121] blk_update_request: I/O error, dev mtdblock0, sector 10 op 0x0:(READ) flags 0x0 phys_seg 6 prio class 0
[   10.333125] Buffer I/O error on dev mtdblock0, logical block 10, async page read
[   10.333132] spi_master spi0: Failed to power device: -22
[   10.333138] blk_update_request: I/O error, dev mtdblock0, sector 11 op 0x0:(READ) flags 0x0 phys_seg 5 prio class 0
[   10.333142] Buffer I/O error on dev mtdblock0, logical block 11, async page read
[   10.333148] spi_master spi0: Failed to power device: -22
[   10.333154] blk_update_request: I/O error, dev mtdblock0, sector 12 op 0x0:(READ) flags 0x0 phys_seg 4 prio class 0
[   10.333158] Buffer I/O error on dev mtdblock0, logical block 12, async page read
[   10.333165] spi_master spi0: Failed to power device: -22
[   10.333170] blk_update_request: I/O error, dev mtdblock0, sector 13 op 0x0:(READ) flags 0x0 phys_seg 3 prio class 0
[   10.333174] Buffer I/O error on dev mtdblock0, logical block 13, async page read
[   10.333181] spi_master spi0: Failed to power device: -22
[   10.333187] blk_update_request: I/O error, dev mtdblock0, sector 14 op 0x0:(READ) flags 0x0 phys_seg 2 prio class 0
[   10.333190] Buffer I/O error on dev mtdblock0, logical block 14, async page read
[   10.333197] spi_master spi0: Failed to power device: -22
[   10.333202] blk_update_request: I/O error, dev mtdblock0, sector 15 op 0x0:(READ) flags 0x0 phys_seg 1 prio class 0
[   10.333206] Buffer I/O error on dev mtdblock0, logical block 15, async page read
[   10.333500] spi_master spi0: Failed to power device: -22
[   10.333507] blk_update_request: I/O error, dev mtdblock1, sector 10112 op 0x0:(READ) flags 0x80700 phys_seg 1 prio class 0
[   10.333551] spi_master spi0: Failed to power device: -22
[   10.333557] Buffer I/O error on dev mtdblock1, logical block 10112, async page read
[   10.333565] spi_master spi0: Failed to power device: -22
[   10.333569] Buffer I/O error on dev mtdblock1, logical block 10113, async page read
[   10.333576] spi_master spi0: Failed to power device: -22
[   10.333584] spi_master spi0: Failed to power device: -22
[   10.333591] spi_master spi0: Failed to power device: -22
[   10.333598] spi_master spi0: Failed to power device: -22
[   10.333605] spi_master spi0: Failed to power device: -22
[   10.333612] spi_master spi0: Failed to power device: -22
[   10.333853] spi_master spi0: Failed to power device: -22
[   10.333897] spi_master spi0: Failed to power device: -22
[   10.333906] spi_master spi0: Failed to power device: -22
[   10.333913] spi_master spi0: Failed to power device: -22
[   10.333921] spi_master spi0: Failed to power device: -22
[   10.333928] spi_master spi0: Failed to power device: -22
[   10.333936] spi_master spi0: Failed to power device: -22
[   10.333943] spi_master spi0: Failed to power device: -22
[   10.333949] spi_master spi0: Failed to power device: -22
[   10.334243] spi_master spi0: Failed to power device: -22
[   10.334287] spi_master spi0: Failed to power device: -22
[   10.334296] spi_master spi0: Failed to power device: -22
[   10.334304] spi_master spi0: Failed to power device: -22
[   10.334312] spi_master spi0: Failed to power device: -22
[   10.334319] spi_master spi0: Failed to power device: -22
[   10.334327] spi_master spi0: Failed to power device: -22
[   10.334334] spi_master spi0: Failed to power device: -22
[   10.334340] spi_master spi0: Failed to power device: -22
[   10.457787] EXT4-fs (mmcblk0p2): re-mounted. Opts: (null)
[   10.564644] systemd-journald[151]: Received request to flush runtime journal from PID 1
[   16.537519] macb ff0e0000.ethernet eth0: PHY [ff0e0000.ethernet-ffffffff:0c] driver [TI DP83867] (irq=POLL)
[   16.537532] macb ff0e0000.ethernet eth0: configuring for phy/rgmii-id link mode
[   16.799722] Adding 102396k swap on /var/swap.  Priority:-2 extents:4 across:9953604k SS
[   18.471717] random: crng init done
[   18.471728] random: 7 urandom warning(s) missed due to ratelimiting
[   19.364823] broken atomic modeset userspace detected, disabling atomic
[   19.617321] macb ff0e0000.ethernet eth0: Link is Up - 1Gbps/Full - flow control off
[   19.617345] IPv6: ADDRCONF(NETDEV_CHANGE): eth0: link becomes ready
[   22.046642] broken atomic modeset userspace detected, disabling atomic
[   24.940499] broken atomic modeset userspace detected, disabling atomic