[    0.000000] Booting Linux on physical CPU 0x0000000000 [0x410fd034]
[    0.000000] Linux version 5.10.0-98103-g2aa7ac113716 (jenkins@romlxbuild1.adlk.analog.com) (aarch64-xilinx-linux-gcc.real (GCC) 10.2.0, GNU ld (GNU Binutils) 2.35.0.20200730) #5577 SMP Wed Mar 23 07:28:49 GMT 2022
[    0.000000] Machine model: ZynqMP ZCU102 Rev1.0
[    0.000000] earlycon: cdns0 at MMIO 0x00000000ff000000 (options '115200n8')
[    0.000000] printk: bootconsole [cdns0] enabled
[    0.000000] efi: UEFI not found.
[    0.000000] cma: Reserved 256 MiB at 0x0000000070000000
[    0.000000] Zone ranges:
[    0.000000]   DMA      [mem 0x0000000000000000-0x000000003fffffff]
[    0.000000]   DMA32    [mem 0x0000000040000000-0x00000000ffffffff]
[    0.000000]   Normal   [mem 0x0000000100000000-0x000000087fffffff]
[    0.000000] Movable zone start for each node
[    0.000000] Early memory node ranges
[    0.000000]   node   0: [mem 0x0000000000000000-0x000000007fffffff]
[    0.000000]   node   0: [mem 0x0000000800000000-0x000000087fffffff]
[    0.000000] Initmem setup node 0 [mem 0x0000000000000000-0x000000087fffffff]
[    0.000000] On node 0 totalpages: 1048576
[    0.000000]   DMA zone: 3584 pages used for memmap
[    0.000000]   DMA zone: 0 pages reserved
[    0.000000]   DMA zone: 262144 pages, LIFO batch:63
[    0.000000]   DMA32 zone: 3584 pages used for memmap
[    0.000000]   DMA32 zone: 262144 pages, LIFO batch:63
[    0.000000]   Normal zone: 7168 pages used for memmap
[    0.000000]   Normal zone: 524288 pages, LIFO batch:63
[    0.000000] psci: probing for conduit method from DT.
[    0.000000] psci: PSCIv1.1 detected in firmware.
[    0.000000] psci: Using standard PSCI v0.2 function IDs
[    0.000000] psci: MIGRATE_INFO_TYPE not supported.
[    0.000000] psci: SMC Calling Convention v1.2
[    0.000000] percpu: Embedded 22 pages/cpu s49496 r8192 d32424 u90112
[    0.000000] pcpu-alloc: s49496 r8192 d32424 u90112 alloc=22*4096
[    0.000000] pcpu-alloc: [0] 0 [0] 1 [0] 2 [0] 3 
[    0.000000] Detected VIPT I-cache on CPU0
[    0.000000] CPU features: detected: ARM erratum 845719
[    0.000000] Built 1 zonelists, mobility grouping on.  Total pages: 1034240
[    0.000000] Kernel command line: console=ttyPS0,115200 root=/dev/mmcblk0p2 rw earlycon rootfstype=ext4 rootwait clk_ignore_unused cpuidle.off=1 root=/dev/mmcblk0p2 rw rootwait
[    0.000000] Dentry cache hash table entries: 524288 (order: 10, 4194304 bytes, linear)
[    0.000000] Inode-cache hash table entries: 262144 (order: 9, 2097152 bytes, linear)
[    0.000000] mem auto-init: stack:off, heap alloc:off, heap free:off
[    0.000000] software IO TLB: mapped [mem 0x000000003bfff000-0x000000003ffff000] (64MB)
[    0.000000] Memory: 3761904K/4194304K available (15296K kernel code, 1636K rwdata, 11876K rodata, 2560K init, 507K bss, 170256K reserved, 262144K cma-reserved)
[    0.000000] rcu: Hierarchical RCU implementation.
[    0.000000] rcu: 	RCU event tracing is enabled.
[    0.000000] rcu: 	RCU restricting CPUs from NR_CPUS=8 to nr_cpu_ids=4.
[    0.000000] rcu: RCU calculated value of scheduler-enlistment delay is 25 jiffies.
[    0.000000] rcu: Adjusting geometry for rcu_fanout_leaf=16, nr_cpu_ids=4
[    0.000000] NR_IRQS: 64, nr_irqs: 64, preallocated irqs: 0
[    0.000000] GIC: Adjusting CPU interface base to 0x00000000f902f000
[    0.000000] GIC: Using split EOI/Deactivate mode
[    0.000000] random: get_random_bytes called from start_kernel+0x31c/0x54c with crng_init=0
[    0.000000] arch_timer: cp15 timer(s) running at 100.00MHz (phys).
[    0.000000] clocksource: arch_sys_counter: mask: 0xffffffffffffff max_cycles: 0x171024e7e0, max_idle_ns: 440795205315 ns
[    0.000003] sched_clock: 56 bits at 100MHz, resolution 10ns, wraps every 4398046511100ns
[    0.008463] Console: colour dummy device 80x25
[    0.012482] Calibrating delay loop (skipped), value calculated using timer frequency.. 200.00 BogoMIPS (lpj=400000)
[    0.022841] pid_max: default: 32768 minimum: 301
[    0.027549] Mount-cache hash table entries: 8192 (order: 4, 65536 bytes, linear)
[    0.034788] Mountpoint-cache hash table entries: 8192 (order: 4, 65536 bytes, linear)
[    0.043393] rcu: Hierarchical SRCU implementation.
[    0.047560] EFI services will not be available.
[    0.051938] smp: Bringing up secondary CPUs ...
[    0.056658] Detected VIPT I-cache on CPU1
[    0.056698] CPU1: Booted secondary processor 0x0000000001 [0x410fd034]
[    0.057064] Detected VIPT I-cache on CPU2
[    0.057088] CPU2: Booted secondary processor 0x0000000002 [0x410fd034]
[    0.057428] Detected VIPT I-cache on CPU3
[    0.057451] CPU3: Booted secondary processor 0x0000000003 [0x410fd034]
[    0.057497] smp: Brought up 1 node, 4 CPUs
[    0.091780] SMP: Total of 4 processors activated.
[    0.096452] CPU features: detected: 32-bit EL0 Support
[    0.101556] CPU features: detected: CRC32 instructions
[    0.106695] CPU: All CPU(s) started at EL2
[    0.110736] alternatives: patching kernel code
[    0.116168] devtmpfs: initialized
[    0.124070] Registered cp15_barrier emulation handler
[    0.124121] Registered setend emulation handler
[    0.128102] clocksource: jiffies: mask: 0xffffffff max_cycles: 0xffffffff, max_idle_ns: 7645041785100000 ns
[    0.137679] futex hash table entries: 1024 (order: 4, 65536 bytes, linear)
[    0.151036] pinctrl core: initialized pinctrl subsystem
[    0.151685] NET: Registered protocol family 16
[    0.156098] DMA: preallocated 512 KiB GFP_KERNEL pool for atomic allocations
[    0.162116] DMA: preallocated 512 KiB GFP_KERNEL|GFP_DMA pool for atomic allocations
[    0.169844] DMA: preallocated 512 KiB GFP_KERNEL|GFP_DMA32 pool for atomic allocations
[    0.177644] audit: initializing netlink subsys (disabled)
[    0.183095] audit: type=2000 audit(0.116:1): state=initialized audit_enabled=0 res=1
[    0.183441] hw-breakpoint: found 6 breakpoint and 4 watchpoint registers.
[    0.197472] ASID allocator initialised with 65536 entries
[    0.224325] HugeTLB registered 1.00 GiB page size, pre-allocated 0 pages
[    0.225386] HugeTLB registered 32.0 MiB page size, pre-allocated 0 pages
[    0.232057] HugeTLB registered 2.00 MiB page size, pre-allocated 0 pages
[    0.238716] HugeTLB registered 64.0 KiB page size, pre-allocated 0 pages
[    1.304288] DRBG: Continuing without Jitter RNG
[    1.382115] raid6: neonx8   gen()  2144 MB/s
[    1.450160] raid6: neonx8   xor()  1600 MB/s
[    1.518221] raid6: neonx4   gen()  2197 MB/s
[    1.586267] raid6: neonx4   xor()  1567 MB/s
[    1.654340] raid6: neonx2   gen()  2075 MB/s
[    1.722382] raid6: neonx2   xor()  1438 MB/s
[    1.790451] raid6: neonx1   gen()  1772 MB/s
[    1.858495] raid6: neonx1   xor()  1220 MB/s
[    1.926560] raid6: int64x8  gen()  1438 MB/s
[    1.994611] raid6: int64x8  xor()   771 MB/s
[    2.062688] raid6: int64x4  gen()  1599 MB/s
[    2.130730] raid6: int64x4  xor()   819 MB/s
[    2.198812] raid6: int64x2  gen()  1397 MB/s
[    2.266849] raid6: int64x2  xor()   750 MB/s
[    2.334921] raid6: int64x1  gen()  1033 MB/s
[    2.402986] raid6: int64x1  xor()   517 MB/s
[    2.403024] raid6: using algorithm neonx4 gen() 2197 MB/s
[    2.406978] raid6: .... xor() 1567 MB/s, rmw enabled
[    2.411909] raid6: using neon recovery algorithm
[    2.416921] iommu: Default domain type: Translated 
[    2.421533] SCSI subsystem initialized
[    2.425077] libata version 3.00 loaded.
[    2.425202] usbcore: registered new interface driver usbfs
[    2.430534] usbcore: registered new interface driver hub
[    2.435808] usbcore: registered new device driver usb
[    2.440942] mc: Linux media interface: v0.10
[    2.445055] videodev: Linux video capture interface: v2.00
[    2.450548] EDAC MC: Ver: 3.0.0
[    2.453989] zynqmp-ipi-mbox mailbox@ff990400: Registered ZynqMP IPI mbox with TX/RX channels.
[    2.462483] jesd204: created con: id=0, topo=0, link=0, /axi/spi@ff050000/hmc7044@0 <-> /fpga-axi@0/axi-adxcvr-tx@84b60000
[    2.473077] jesd204: created con: id=1, topo=0, link=2, /axi/spi@ff050000/hmc7044@0 <-> /fpga-axi@0/axi-adxcvr-rx@84a60000
[    2.484062] jesd204: created con: id=2, topo=0, link=0, /fpga-axi@0/axi-adxcvr-tx@84b60000 <-> /fpga-axi@0/axi-jesd204-tx@84b90000
[    2.495737] jesd204: created con: id=3, topo=0, link=2, /fpga-axi@0/axi-adxcvr-rx@84a60000 <-> /fpga-axi@0/axi-jesd204-rx@84a90000
[    2.507414] jesd204: created con: id=4, topo=0, link=0, /fpga-axi@0/axi-jesd204-tx@84b90000 <-> /fpga-axi@0/axi-ad9081-tx-hpc@84b10000
[    2.519442] jesd204: created con: id=5, topo=0, link=2, /fpga-axi@0/axi-jesd204-rx@84a90000 <-> /fpga-axi@0/axi-ad9081-rx-hpc@84a10000
[    2.531465] jesd204: created con: id=6, topo=0, link=2, /fpga-axi@0/axi-ad9081-rx-hpc@84a10000 <-> /axi/spi@ff040000/ad9081@0
[    2.542706] jesd204: created con: id=7, topo=0, link=0, /fpga-axi@0/axi-ad9081-tx-hpc@84b10000 <-> /axi/spi@ff040000/ad9081@0
[    2.553956] jesd204: /axi/spi@ff040000/ad9081@0: JESD204[2] transition uninitialized -> initialized
[    2.562943] jesd204: /axi/spi@ff040000/ad9081@0: JESD204[0] transition uninitialized -> initialized
[    2.571934] jesd204: found 8 devices and 1 topologies
[    2.576978] FPGA manager framework
[    2.580457] Advanced Linux Sound Architecture Driver Initialized.
[    2.586750] Bluetooth: Core ver 2.22
[    2.589937] NET: Registered protocol family 31
[    2.594338] Bluetooth: HCI device and connection manager initialized
[    2.600654] Bluetooth: HCI socket layer initialized
[    2.605497] Bluetooth: L2CAP socket layer initialized
[    2.610521] Bluetooth: SCO socket layer initialized
[    2.615707] clocksource: Switched to clocksource arch_sys_counter
[    2.621514] VFS: Disk quotas dquot_6.6.0
[    2.625348] VFS: Dquot-cache hash table entries: 512 (order 0, 4096 bytes)
[    2.636064] NET: Registered protocol family 2
[    2.636793] tcp_listen_portaddr_hash hash table entries: 2048 (order: 3, 32768 bytes, linear)
[    2.644988] TCP established hash table entries: 32768 (order: 6, 262144 bytes, linear)
[    2.653013] TCP bind hash table entries: 32768 (order: 7, 524288 bytes, linear)
[    2.660459] TCP: Hash tables configured (established 32768 bind 32768)
[    2.666633] UDP hash table entries: 2048 (order: 4, 65536 bytes, linear)
[    2.673299] UDP-Lite hash table entries: 2048 (order: 4, 65536 bytes, linear)
[    2.680460] NET: Registered protocol family 1
[    2.684919] RPC: Registered named UNIX socket transport module.
[    2.690536] RPC: Registered udp transport module.
[    2.695200] RPC: Registered tcp transport module.
[    2.699870] RPC: Registered tcp NFSv4.1 backchannel transport module.
[    2.706860] PCI: CLS 0 bytes, default 64
[    2.710565] hw perfevents: no interrupt-affinity property for /pmu, guessing.
[    2.717421] hw perfevents: enabled with armv8_pmuv3 PMU driver, 7 counters available
[    2.725775] Initialise system trusted keyrings
[    2.729452] workingset: timestamp_bits=62 max_order=20 bucket_order=0
[    2.736351] NFS: Registering the id_resolver key type
[    2.740801] Key type id_resolver registered
[    2.744938] Key type id_legacy registered
[    2.748927] nfs4filelayout_init: NFSv4 File Layout Driver Registering...
[    2.755593] jffs2: version 2.2. (NAND) (SUMMARY)  Â© 2001-2006 Red Hat, Inc.
[    2.798269] NET: Registered protocol family 38
[    2.798311] xor: measuring software checksum speed
[    2.806003]    8regs           :  2363 MB/sec
[    2.809671]    32regs          :  2799 MB/sec
[    2.814614]    arm64_neon      :  2380 MB/sec
[    2.814804] xor: using function: 32regs (2799 MB/sec)
[    2.819831] Key type asymmetric registered
[    2.823892] Asymmetric key parser 'x509' registered
[    2.828752] Block layer SCSI generic (bsg) driver version 0.4 loaded (major 248)
[    2.836089] io scheduler mq-deadline registered
[    2.840585] io scheduler kyber registered
[    2.869979] Serial: 8250/16550 driver, 4 ports, IRQ sharing disabled
[    2.874625] cacheinfo: Unable to detect cache hierarchy for CPU 0
[    2.880969] brd: module loaded
[    2.885111] loop: module loaded
[    2.885658] Registered mathworks_ip class
[    2.888991] libphy: Fixed MDIO Bus: probed
[    2.891985] tun: Universal TUN/TAP device driver, 1.6
[    2.896032] CAN device driver interface
[    2.900569] usbcore: registered new interface driver asix
[    2.905165] usbcore: registered new interface driver ax88179_178a
[    2.911198] usbcore: registered new interface driver cdc_ether
[    2.916992] usbcore: registered new interface driver net1080
[    2.922619] usbcore: registered new interface driver cdc_subset
[    2.928499] usbcore: registered new interface driver zaurus
[    2.934042] usbcore: registered new interface driver cdc_ncm
[    2.940452] ehci_hcd: USB 2.0 'Enhanced' Host Controller (EHCI) Driver
[    2.946128] ehci-pci: EHCI PCI platform driver
[    2.950927] usbcore: registered new interface driver uas
[    2.955843] usbcore: registered new interface driver usb-storage
[    2.961831] usbcore: registered new interface driver usbserial_generic
[    2.968282] usbserial: USB Serial support registered for generic
[    2.974255] usbcore: registered new interface driver ftdi_sio
[    2.979958] usbserial: USB Serial support registered for FTDI USB Serial Device
[    2.987235] usbcore: registered new interface driver upd78f0730
[    2.993106] usbserial: USB Serial support registered for upd78f0730
[    3.000768] rtc_zynqmp ffa60000.rtc: registered as rtc0
[    3.004531] rtc_zynqmp ffa60000.rtc: setting system clock to 2022-04-12T20:40:19 UTC (1649796019)
[    3.013393] i2c /dev entries driver
[    3.018708] usbcore: registered new interface driver uvcvideo
[    3.022507] USB Video Class driver (1.1.1)
[    3.028088] Bluetooth: HCI UART driver ver 2.3
[    3.030978] Bluetooth: HCI UART protocol H4 registered
[    3.036087] Bluetooth: HCI UART protocol BCSP registered
[    3.041377] Bluetooth: HCI UART protocol LL registered
[    3.046465] Bluetooth: HCI UART protocol ATH3K registered
[    3.051839] Bluetooth: HCI UART protocol Three-wire (H5) registered
[    3.058095] Bluetooth: HCI UART protocol Intel registered
[    3.063431] Bluetooth: HCI UART protocol QCA registered
[    3.068634] usbcore: registered new interface driver bcm203x
[    3.074255] usbcore: registered new interface driver bpa10x
[    3.079790] usbcore: registered new interface driver bfusb
[    3.085241] usbcore: registered new interface driver btusb
[    3.090703] usbcore: registered new interface driver ath3k
[    3.096186] EDAC MC: ECC not enabled
[    3.099813] EDAC DEVICE0: Giving out device to module zynqmp-ocm-edac controller zynqmp_ocm: DEV ff960000.memory-controller (INTERRUPT)
[    3.112128] sdhci: Secure Digital Host Controller Interface driver
[    3.117914] sdhci: Copyright(c) Pierre Ossman
[    3.122239] sdhci-pltfm: SDHCI platform and OF driver helper
[    3.128288] ledtrig-cpu: registered to indicate activity on CPUs
[    3.133844] SMCCC: SOC_ID: ARCH_SOC_ID not implemented, skipping ....
[    3.140276] zynqmp_firmware_probe Platform Management API v1.1
[    3.146030] zynqmp_firmware_probe Trustzone version v1.0
[    3.185581] zynqmp-pinctrl firmware:zynqmp-firmware:pinctrl: zynqmp pinctrl initialized
[    3.233579] zynqmp-aes firmware:zynqmp-firmware:zynqmp-aes: will run requests pump with realtime priority
[    3.249395] alg: No test for xilinx-keccak-384 (zynqmp-keccak-384)
[    3.250101] alg: No test for xilinx-zynqmp-rsa (zynqmp-rsa)
[    3.255619] usbcore: registered new interface driver usbhid
[    3.261005] usbhid: USB HID core driver
[    3.272248] axi_sysid 85000000.axi-sysid-0: AXI System ID core version (1.01.a) found
[    3.274595] axi_sysid 85000000.axi-sysid-0: [ad9081_fmca_ebz] on [zcu102] git branch <master> git <084d44c9780640ca93fd847b1d9ec70dd65f5c67> clean [2022-03-18 04:17:50] UTC
[    3.290284] fpga_manager fpga0: Xilinx ZynqMP FPGA Manager registered
[    3.296650] usbcore: registered new interface driver snd-usb-audio
[    3.304081] pktgen: Packet Generator for packet performance testing. Version: 2.75
[    3.310264] Initializing XFRM netlink socket
[    3.314128] NET: Registered protocol family 10
[    3.318836] Segment Routing with IPv6
[    3.322225] sit: IPv6, IPv4 and MPLS over IPv4 tunneling driver
[    3.328294] NET: Registered protocol family 17
[    3.332396] NET: Registered protocol family 15
[    3.336892] can: controller area network core
[    3.341148] NET: Registered protocol family 29
[    3.345535] can: raw protocol
[    3.348474] can: broadcast manager protocol
[    3.352626] can: netlink gateway - max_hops=1
[    3.357023] Bluetooth: RFCOMM TTY layer initialized
[    3.361802] Bluetooth: RFCOMM socket layer initialized
[    3.366912] Bluetooth: RFCOMM ver 1.11
[    3.370620] Bluetooth: BNEP (Ethernet Emulation) ver 1.3
[    3.375891] Bluetooth: BNEP filters: protocol multicast
[    3.381085] Bluetooth: BNEP socket layer initialized
[    3.386012] Bluetooth: HIDP (Human Interface Emulation) ver 1.2
[    3.391896] Bluetooth: HIDP socket layer initialized
[    3.396953] 9pnet: Installing 9P2000 support
[    3.401073] NET: Registered protocol family 36
[    3.405492] Key type dns_resolver registered
[    3.409920] registered taskstats version 1
[    3.413786] Loading compiled-in X.509 certificates
[    3.418892] Btrfs loaded, crc32c=crc32c-generic
[    3.431301] ff000000.serial: ttyPS0 at MMIO 0xff000000 (irq = 49, base_baud = 6249999) is a xuartps
[    3.440320] printk: console [ttyPS0] enabled
[    3.444616] printk: bootconsole [cdns0] disabled
[    3.454248] ff010000.serial: ttyPS1 at MMIO 0xff010000 (irq = 50, base_baud = 6249999) is a xuartps
[    3.467477] of-fpga-region fpga-full: FPGA Region probed
[    3.474444] nwl-pcie fd0e0000.pcie: host bridge /axi/pcie@fd0e0000 ranges:
[    3.481336] nwl-pcie fd0e0000.pcie:      MEM 0x00e0000000..0x00efffffff -> 0x00e0000000
[    3.489344] nwl-pcie fd0e0000.pcie:      MEM 0x0600000000..0x07ffffffff -> 0x0600000000
[    3.497409] nwl-pcie fd0e0000.pcie: Link is DOWN
[    3.502165] nwl-pcie fd0e0000.pcie: PCI host bridge to bus 0000:00
[    3.508343] pci_bus 0000:00: root bus resource [bus 00-ff]
[    3.513825] pci_bus 0000:00: root bus resource [mem 0xe0000000-0xefffffff]
[    3.520695] pci_bus 0000:00: root bus resource [mem 0x600000000-0x7ffffffff pref]
[    3.528199] pci 0000:00:00.0: [10ee:d021] type 01 class 0x060400
[    3.534254] pci 0000:00:00.0: PME# supported from D0 D1 D2 D3hot
[    3.544701] pci 0000:00:00.0: PCI bridge to [bus 01-0c]
[    3.550674] xilinx-zynqmp-dma fd500000.dma: ZynqMP DMA driver Probe success
[    3.557853] xilinx-zynqmp-dma fd510000.dma: ZynqMP DMA driver Probe success
[    3.565030] xilinx-zynqmp-dma fd520000.dma: ZynqMP DMA driver Probe success
[    3.572205] xilinx-zynqmp-dma fd530000.dma: ZynqMP DMA driver Probe success
[    3.579372] xilinx-zynqmp-dma fd540000.dma: ZynqMP DMA driver Probe success
[    3.586541] xilinx-zynqmp-dma fd550000.dma: ZynqMP DMA driver Probe success
[    3.593712] xilinx-zynqmp-dma fd560000.dma: ZynqMP DMA driver Probe success
[    3.600880] xilinx-zynqmp-dma fd570000.dma: ZynqMP DMA driver Probe success
[    3.608280] xilinx-zynqmp-dpdma fd4c0000.dma-controller: Xilinx DPDMA engine is probed
[    3.616829] ahci-ceva fd0c0000.ahci: supply ahci not found, using dummy regulator
[    3.624367] ahci-ceva fd0c0000.ahci: supply phy not found, using dummy regulator
[    3.711884] hmc7044 spi2.0: PLL1: Acquisition, CLKIN0 @ 122880000 Hz, PFD: 80 kHz - PLL2: Locked @ 2910.000000 MHz
[    3.722605] jesd204: /axi/spi@ff050000/hmc7044@0,jesd204:1,parent=spi2.0: Using as SYSREF provider
[    3.732187] spi-nor spi0.0: SPI-NOR-UniqueID 100000235394732200270025081115266e
[    3.739492] spi-nor spi0.0: found n25q512a, expected m25p80
[    3.745699] spi-nor spi0.0: trying to lock already unlocked area
[    3.751704] spi-nor spi0.0: n25q512a (131072 Kbytes)
[    3.756687] 4 fixed-partitions partitions found on MTD device spi0.0
[    3.763034] Creating 4 MTD partitions on "spi0.0":
[    3.767820] 0x000000000000-0x000000100000 : "qspi-fsbl-uboot"
[    3.774304] 0x000000100000-0x000000600000 : "qspi-linux"
[    3.780269] 0x000000600000-0x000000620000 : "qspi-device-tree"
[    3.786745] 0x000000620000-0x000000c00000 : "qspi-rootfs"
[    3.795219] macb ff0e0000.ethernet: Not enabling partial store and forward
[    3.802739] libphy: MACB_mii_bus: probed
[    3.807802] macb ff0e0000.ethernet eth0: Cadence GEM rev 0x50070106 at 0xff0e0000 irq 30 (00:0a:35:04:8e:1b)
[    3.818012] xilinx-axipmon ffa00000.perf-monitor: Probed Xilinx APM
[    3.824588] xilinx-axipmon fd0b0000.perf-monitor: Probed Xilinx APM
[    3.831107] xilinx-axipmon fd490000.perf-monitor: Probed Xilinx APM
[    3.837649] xilinx-axipmon ffa10000.perf-monitor: Probed Xilinx APM
[    3.847647] pca953x 0-0020: supply vcc not found, using dummy regulator
[    3.854326] pca953x 0-0020: using no AI
[    3.858817] gpio-496 (sel0): hogged as output/low
[    3.863719] gpio-497 (sel1): hogged as output/high
[    3.868706] gpio-498 (sel2): hogged as output/high
[    3.873690] gpio-499 (sel3): hogged as output/high
[    3.878861] pca953x 0-0021: supply vcc not found, using dummy regulator
[    3.885528] pca953x 0-0021: using no AI
[    3.891280] ina2xx 2-0040: power monitor ina226 (Rshunt = 5000 uOhm)
[    3.898308] ina2xx 2-0041: power monitor ina226 (Rshunt = 5000 uOhm)
[    3.905351] ina2xx 2-0042: power monitor ina226 (Rshunt = 5000 uOhm)
[    3.912385] ina2xx 2-0043: power monitor ina226 (Rshunt = 5000 uOhm)
[    3.919408] ina2xx 2-0044: power monitor ina226 (Rshunt = 5000 uOhm)
[    3.926434] ina2xx 2-0045: power monitor ina226 (Rshunt = 5000 uOhm)
[    3.933461] ina2xx 2-0046: power monitor ina226 (Rshunt = 5000 uOhm)
[    3.940542] ina2xx 2-0047: power monitor ina226 (Rshunt = 5000 uOhm)
[    3.947568] ina2xx 2-004a: power monitor ina226 (Rshunt = 5000 uOhm)
[    3.954606] ina2xx 2-004b: power monitor ina226 (Rshunt = 5000 uOhm)
[    3.961016] i2c i2c-0: Added multiplexed i2c bus 2
[    3.966401] random: fast init done
[    3.969876] ina2xx 3-0040: power monitor ina226 (Rshunt = 2000 uOhm)
[    3.976904] ina2xx 3-0041: power monitor ina226 (Rshunt = 5000 uOhm)
[    3.983929] ina2xx 3-0042: power monitor ina226 (Rshunt = 5000 uOhm)
[    3.990965] ina2xx 3-0043: power monitor ina226 (Rshunt = 5000 uOhm)
[    3.997987] ina2xx 3-0044: power monitor ina226 (Rshunt = 5000 uOhm)
[    4.005014] ina2xx 3-0045: power monitor ina226 (Rshunt = 5000 uOhm)
[    4.012045] ina2xx 3-0046: power monitor ina226 (Rshunt = 5000 uOhm)
[    4.019075] ina2xx 3-0047: power monitor ina226 (Rshunt = 5000 uOhm)
[    4.025476] i2c i2c-0: Added multiplexed i2c bus 3
[    4.081286] i2c i2c-0: Added multiplexed i2c bus 4
[    4.086224] i2c i2c-0: Added multiplexed i2c bus 5
[    4.091015] pca954x 0-0075: registered 4 multiplexed busses for I2C mux pca9544
[    4.098364] cdns-i2c ff020000.i2c: 400 kHz mmio ff020000 irq 32
[    4.106097] at24 6-0054: supply vcc not found, using dummy regulator
[    4.113000] at24 6-0054: 1024 byte 24c08 EEPROM, writable, 1 bytes/write
[    4.119755] i2c i2c-1: Added multiplexed i2c bus 6
[    4.126181] si5341 7-0036: Chip: 5341 Grade: 1 Rev: 1
[    4.163875] i2c i2c-1: Added multiplexed i2c bus 7
[    4.171529] si570 8-005d: registered, current frequency 300000000 Hz
[    4.177933] i2c i2c-1: Added multiplexed i2c bus 8
[    4.197721] si570 9-005d: registered, current frequency 148500000 Hz
[    4.204121] i2c i2c-1: Added multiplexed i2c bus 9
[    4.209161] si5324 10-0069: si5328 probed
[    4.276065] si5324 10-0069: si5328 probe successful
[    4.280993] i2c i2c-1: Added multiplexed i2c bus 10
[    4.286020] i2c i2c-1: Added multiplexed i2c bus 11
[    4.291044] i2c i2c-1: Added multiplexed i2c bus 12
[    4.296068] i2c i2c-1: Added multiplexed i2c bus 13
[    4.300949] pca954x 1-0074: registered 8 multiplexed busses for I2C switch pca9548
[    4.309059] at24 14-0050: supply vcc not found, using dummy regulator
[    4.315846] at24 14-0050: 256 byte 24c02 EEPROM, writable, 1 bytes/write
[    4.322593] i2c i2c-1: Added multiplexed i2c bus 14
[    4.327633] i2c i2c-1: Added multiplexed i2c bus 15
[    4.332665] i2c i2c-1: Added multiplexed i2c bus 16
[    4.337702] i2c i2c-1: Added multiplexed i2c bus 17
[    4.342734] i2c i2c-1: Added multiplexed i2c bus 18
[    4.347780] i2c i2c-1: Added multiplexed i2c bus 19
[    4.352821] i2c i2c-1: Added multiplexed i2c bus 20
[    4.357859] i2c i2c-1: Added multiplexed i2c bus 21
[    4.362732] pca954x 1-0075: registered 8 multiplexed busses for I2C switch pca9548
[    4.370342] cdns-i2c ff030000.i2c: 400 kHz mmio ff030000 irq 33
[    4.380092] cdns-wdt fd4d0000.watchdog: Xilinx Watchdog Timer with timeout 60s
[    4.389149] axi_adxcvr 84a60000.axi-adxcvr-rx: adxcvr_enforce_settings: Using QPLL without access, assuming desired Lane rate will be configured by a different instance
[    4.405788] axi_adxcvr 84a60000.axi-adxcvr-rx: AXI-ADXCVR-RX (17.05.a) using QPLL on GTH4 at 0x84A60000. Number of lanes: 4.
[    4.417950] axi_adxcvr 84b60000.axi-adxcvr-tx: AXI-ADXCVR-TX (17.05.a) using QPLL on GTH4 at 0x84B60000. Number of lanes: 4.
[    4.421910] mmc0: SDHCI controller on ff170000.mmc [ff170000.mmc] using ADMA 64-bit
[    4.437097] axi-jesd204-rx 84a90000.axi-jesd204-rx: AXI-JESD204-RX (1.07.a) at 0x84A90000. Encoder 8b10b, width 4/4, lanes 4, jesd204-fsm.
[    4.449935] axi-jesd204-tx 84b90000.axi-jesd204-tx: AXI-JESD204-TX (1.06.a) at 0x84B90000. Encoder 8b10b, width 4/4, lanes 4, jesd204-fsm.
[    4.463437] zynqmp-display fd4a0000.display: vtc bridge property not present
[    4.469471] mmc0: new high speed SDHC card at address 0001
[    4.473091] xilinx-dp-snd-codec fd4a0000.display:zynqmp_dp_snd_codec0: Failed to get required clock freq
[    4.476325] mmcblk0: mmc0:0001 EB1QT 29.8 GiB 
[    4.485450] xilinx-dp-snd-codec: probe of fd4a0000.display:zynqmp_dp_snd_codec0 failed with error -22
[    4.491103]  mmcblk0: p1 p2 p3
[    4.499441] xilinx-dp-snd-pcm zynqmp_dp_snd_pcm0: Xilinx DisplayPort Sound PCM probed
[    4.510302] xilinx-dp-snd-pcm zynqmp_dp_snd_pcm1: Xilinx DisplayPort Sound PCM probed
[    4.518511] OF: graph: no port node found in /axi/display@fd4a0000
[    4.524922] xlnx-drm xlnx-drm.0: bound fd4a0000.display (ops 0xffffffc010fcbdb8)
[    5.611723] zynqmp-display fd4a0000.display: [drm] Cannot find any crtc or sizes
[    5.619342] [drm] Initialized xlnx 1.0.0 20130509 for fd4a0000.display on minor 0
[    5.626829] zynqmp-display fd4a0000.display: ZynqMP DisplayPort Subsystem driver probed
[    5.635142] ahci-ceva fd0c0000.ahci: supply ahci not found, using dummy regulator
[    5.642687] ahci-ceva fd0c0000.ahci: supply phy not found, using dummy regulator
[    5.650142] ahci-ceva fd0c0000.ahci: supply target not found, using dummy regulator
[    5.657979] ahci-ceva fd0c0000.ahci: AHCI 0001.0301 32 slots 2 ports 6 Gbps 0x3 impl platform mode
[    5.666936] ahci-ceva fd0c0000.ahci: flags: 64bit ncq sntf pm clo only pmp fbs pio slum part ccc sds apst 
[    5.677626] scsi host0: ahci-ceva
[    5.681227] scsi host1: ahci-ceva
[    5.684653] ata1: SATA max UDMA/133 mmio [mem 0xfd0c0000-0xfd0c1fff] port 0x100 irq 45
[    5.692566] ata2: SATA max UDMA/133 mmio [mem 0xfd0c0000-0xfd0c1fff] port 0x180 irq 45
[    5.701168] ad9081 spi1.0: supply vdd not found, using dummy regulator
[    6.013930] ata1: SATA link down (SStatus 0 SControl 330)
[    6.019337] ata2: SATA link down (SStatus 0 SControl 330)
[    6.695725] zynqmp-display fd4a0000.display: [drm] Cannot find any crtc or sizes
[    6.853419] ad9081 spi1.0: Invalid param passed., "ref_clk_hz < 100000000ULL" in adi_ad9081_device_clk_config_set(...), line554 in drivers/iio/adc/ad9081/adi_ad9081_device.c
[    7.538090] ad9081 spi1.0: AD9081 Rev. 2 Grade 10 (API 1.2.2) probed
[    7.545285] xhci-hcd xhci-hcd.1.auto: xHCI Host Controller
[    7.550774] xhci-hcd xhci-hcd.1.auto: new USB bus registered, assigned bus number 1
[    7.558522] xhci-hcd xhci-hcd.1.auto: hcc params 0x0238f625 hci version 0x100 quirks 0x0000000002010810
[    7.567934] xhci-hcd xhci-hcd.1.auto: irq 59, io mem 0xfe200000
[    7.574041] usb usb1: New USB device found, idVendor=1d6b, idProduct=0002, bcdDevice= 5.10
[    7.582303] usb usb1: New USB device strings: Mfr=3, Product=2, SerialNumber=1
[    7.589519] usb usb1: Product: xHCI Host Controller
[    7.594386] usb usb1: Manufacturer: Linux 5.10.0-98103-g2aa7ac113716 xhci-hcd
[    7.601513] usb usb1: SerialNumber: xhci-hcd.1.auto
[    7.606682] hub 1-0:1.0: USB hub found
[    7.610449] hub 1-0:1.0: 1 port detected
[    7.614556] xhci-hcd xhci-hcd.1.auto: xHCI Host Controller
[    7.620045] xhci-hcd xhci-hcd.1.auto: new USB bus registered, assigned bus number 2
[    7.627701] xhci-hcd xhci-hcd.1.auto: Host supports USB 3.0 SuperSpeed
[    7.634318] usb usb2: New USB device found, idVendor=1d6b, idProduct=0003, bcdDevice= 5.10
[    7.642582] usb usb2: New USB device strings: Mfr=3, Product=2, SerialNumber=1
[    7.649802] usb usb2: Product: xHCI Host Controller
[    7.654669] usb usb2: Manufacturer: Linux 5.10.0-98103-g2aa7ac113716 xhci-hcd
[    7.661799] usb usb2: SerialNumber: xhci-hcd.1.auto
[    7.666912] hub 2-0:1.0: USB hub found
[    7.670676] hub 2-0:1.0: 1 port detected
[    7.700754] cf_axi_adc 84a10000.axi-ad9081-rx-hpc: ADI AIM (10.01.b) at 0x84A10000 mapped to 0x(____ptrval____), probed ADC AD9081 as MASTER
[    7.732547] cf_axi_dds 84b10000.axi-ad9081-tx-hpc: Analog Devices CF_AXI_DDS_DDS MASTER (9.01.b) at 0x84B10000 mapped to 0x(____ptrval____), probed DDS AD9081
[    7.746742] jesd204: /axi/spi@ff040000/ad9081@0,jesd204:0,parent=spi1.0: JESD204[2] transition initialized -> probed
[    7.757266] jesd204: /axi/spi@ff040000/ad9081@0,jesd204:0,parent=spi1.0: JESD204[0] transition initialized -> probed
[    7.767789] jesd204: /axi/spi@ff040000/ad9081@0,jesd204:0,parent=spi1.0: JESD204[2] transition probed -> idle
[    7.777698] jesd204: /axi/spi@ff040000/ad9081@0,jesd204:0,parent=spi1.0: JESD204[0] transition probed -> idle
[    7.787613] jesd204: /axi/spi@ff040000/ad9081@0,jesd204:0,parent=spi1.0: JESD204[2] transition idle -> device_init
[    7.797955] jesd204: /axi/spi@ff040000/ad9081@0,jesd204:0,parent=spi1.0: JESD204[0] transition idle -> device_init
[    7.808307] jesd204: /axi/spi@ff040000/ad9081@0,jesd204:0,parent=spi1.0: JESD204[2] transition device_init -> link_init
[    7.819086] jesd204: /axi/spi@ff040000/ad9081@0,jesd204:0,parent=spi1.0: JESD204[0] transition device_init -> link_init
[    7.829876] jesd204: /axi/spi@ff040000/ad9081@0,jesd204:0,parent=spi1.0: JESD204[2] transition link_init -> link_supported
[    7.840913] jesd204: /axi/spi@ff040000/ad9081@0,jesd204:0,parent=spi1.0: JESD204[0] transition link_init -> link_supported
[    7.852328] hmc7044 spi2.0: hmc7044_jesd204_link_pre_setup: Link2 forcing continuous SYSREF mode
[    7.861550] jesd204: /axi/spi@ff040000/ad9081@0,jesd204:0,parent=spi1.0: JESD204[2] transition link_supported -> link_pre_setup
[    7.873023] jesd204: /axi/spi@ff040000/ad9081@0,jesd204:0,parent=spi1.0: JESD204[0] transition link_supported -> link_pre_setup
[    7.896799] jesd204: /axi/spi@ff040000/ad9081@0,jesd204:0,parent=spi1.0: JESD204[2] transition link_pre_setup -> clk_sync_stage1
[    7.908364] jesd204: /axi/spi@ff040000/ad9081@0,jesd204:0,parent=spi1.0: JESD204[0] transition link_pre_setup -> clk_sync_stage1
[    7.919932] jesd204: /axi/spi@ff040000/ad9081@0,jesd204:0,parent=spi1.0: JESD204[2] transition clk_sync_stage1 -> clk_sync_stage2
[    7.931575] jesd204: /axi/spi@ff040000/ad9081@0,jesd204:0,parent=spi1.0: JESD204[0] transition clk_sync_stage1 -> clk_sync_stage2
[    7.943228] jesd204: /axi/spi@ff040000/ad9081@0,jesd204:0,parent=spi1.0: JESD204[2] transition clk_sync_stage2 -> clk_sync_stage3
[    7.954872] jesd204: /axi/spi@ff040000/ad9081@0,jesd204:0,parent=spi1.0: JESD204[0] transition clk_sync_stage2 -> clk_sync_stage3
[    7.968593] jesd204: /axi/spi@ff040000/ad9081@0,jesd204:0,parent=spi1.0: JESD204[2] transition clk_sync_stage3 -> link_setup
[    7.979805] jesd204: /axi/spi@ff040000/ad9081@0,jesd204:0,parent=spi1.0: JESD204[0] transition clk_sync_stage3 -> link_setup
[    7.995799] jesd204: /axi/spi@ff040000/ad9081@0,jesd204:0,parent=spi1.0: JESD204[2] transition link_setup -> opt_setup_stage1
[    8.007102] jesd204: /axi/spi@ff040000/ad9081@0,jesd204:0,parent=spi1.0: JESD204[0] transition link_setup -> opt_setup_stage1
[    8.023451] jesd204: /axi/spi@ff040000/ad9081@0,jesd204:0,parent=spi1.0: JESD204[2] transition opt_setup_stage1 -> opt_setup_stage2
[    8.035278] jesd204: /axi/spi@ff040000/ad9081@0,jesd204:0,parent=spi1.0: JESD204[0] transition opt_setup_stage1 -> opt_setup_stage2
[    8.047250] jesd204: /axi/spi@ff040000/ad9081@0,jesd204:0,parent=spi1.0: JESD204[2] transition opt_setup_stage2 -> opt_setup_stage3
[    8.059069] jesd204: /axi/spi@ff040000/ad9081@0,jesd204:0,parent=spi1.0: JESD204[0] transition opt_setup_stage2 -> opt_setup_stage3
[    8.070899] jesd204: /axi/spi@ff040000/ad9081@0,jesd204:0,parent=spi1.0: JESD204[2] transition opt_setup_stage3 -> opt_setup_stage4
[    8.082720] jesd204: /axi/spi@ff040000/ad9081@0,jesd204:0,parent=spi1.0: JESD204[0] transition opt_setup_stage3 -> opt_setup_stage4
[    8.094548] jesd204: /axi/spi@ff040000/ad9081@0,jesd204:0,parent=spi1.0: JESD204[2] transition opt_setup_stage4 -> opt_setup_stage5
[    8.106370] jesd204: /axi/spi@ff040000/ad9081@0,jesd204:0,parent=spi1.0: JESD204[0] transition opt_setup_stage4 -> opt_setup_stage5
[    8.124305] jesd204: /axi/spi@ff040000/ad9081@0,jesd204:0,parent=spi1.0: JESD204[2] transition opt_setup_stage5 -> clocks_enable
[    8.135870] jesd204: /axi/spi@ff040000/ad9081@0,jesd204:0,parent=spi1.0: JESD204[0] transition opt_setup_stage5 -> clocks_enable
[    8.147492] jesd204: /axi/spi@ff040000/ad9081@0,jesd204:0,parent=spi1.0: JESD204[2] transition clocks_enable -> link_enable
[    8.158620] jesd204: /axi/spi@ff040000/ad9081@0,jesd204:0,parent=spi1.0: JESD204[0] transition clocks_enable -> link_enable
[    8.191945] ad9081 spi1.0: JESD RX (JTX) Link2 in DATA, SYNC deasserted, PLL locked, PHASE established, MODE valid
[    8.202547] ad9081 spi1.0: JESD TX (JRX) Link0 0xF lanes in DATA
[    8.208557] jesd204: /axi/spi@ff040000/ad9081@0,jesd204:0,parent=spi1.0: JESD204[2] transition link_enable -> link_running
[    8.219596] jesd204: /axi/spi@ff040000/ad9081@0,jesd204:0,parent=spi1.0: JESD204[0] transition link_enable -> link_running
[    8.230644] jesd204: /axi/spi@ff040000/ad9081@0,jesd204:0,parent=spi1.0: JESD204[2] transition link_running -> opt_post_running_stage
[    8.242641] jesd204: /axi/spi@ff040000/ad9081@0,jesd204:0,parent=spi1.0: JESD204[0] transition link_running -> opt_post_running_stage
[    8.263875] input: gpio-keys as /devices/platform/gpio-keys/input/input0
[    8.270885] of_cfs_init
[    8.273354] of_cfs_init: OK
[    8.276299] cfg80211: Loading compiled-in X.509 certificates for regulatory database
[    8.414538] cfg80211: Loaded X.509 cert 'sforshee: 00b28ddf47aef9cea7'
[    8.421069] clk: Not disabling unused clocks
[    8.425600] ALSA device list:
[    8.428560]   No soundcards found.
[    8.432231] platform regulatory.0: Direct firmware load for regulatory.db failed with error -2
[    8.440840] cfg80211: failed to load regulatory.db
[    8.456089] EXT4-fs (mmcblk0p2): mounted filesystem with ordered data mode. Opts: (null)
[    8.464200] VFS: Mounted root (ext4 filesystem) on device 179:2.
[    8.477329] devtmpfs: mounted
[    8.481141] Freeing unused kernel memory: 2560K
[    8.487767] Run /sbin/init as init process
[    8.491861]   with arguments:
[    8.491864]     /sbin/init
[    8.491866]   with environment:
[    8.491868]     HOME=/
[    8.491870]     TERM=linux
[    9.055563] systemd[1]: systemd 241 running in system mode. (+PAM +AUDIT +SELINUX +IMA +APPARMOR +SMACK +SYSVINIT +UTMP +LIBCRYPTSETUP +GCRYPT +GNUTLS +ACL +XZ +LZ4 +SECCOMP +BLKID +ELFUTILS +KMOD -IDN2 +IDN -PCRE2 default-hierarchy=hybrid)
[    9.077417] systemd[1]: Detected architecture arm64.
[    9.100411] systemd[1]: Set hostname to <analog>.
[    9.286476] systemd[1]: File /lib/systemd/system/systemd-journald.service:12 configures an IP firewall (IPAddressDeny=any), but the local system does not support BPF/cgroup based firewalling.
[    9.303538] systemd[1]: Proceeding WITHOUT firewalling in effect! (This warning is only shown for the first loaded unit using IP firewalling.)
[    9.466320] systemd[1]: /etc/systemd/system/tof-server.service:1: Assignment outside of section. Ignoring.
[    9.476055] systemd[1]: /etc/systemd/system/tof-server.service:2: Assignment outside of section. Ignoring.
[    9.658700] random: systemd: uninitialized urandom read (16 bytes read)
[    9.673360] random: systemd: uninitialized urandom read (16 bytes read)
[    9.680339] systemd[1]: Listening on Syslog Socket.
[    9.695821] random: systemd: uninitialized urandom read (16 bytes read)
[    9.702656] systemd[1]: Listening on udev Kernel Socket.
[    9.724248] systemd[1]: Listening on Journal Audit Socket.
[   10.288812] ------------[ cut here ]------------
[   10.288822] Enabling unprepared \xa0\xd9Q\x88\xff\xff\xff`Q\x88\xff\xff\xff
[   10.288869] WARNING: CPU: 1 PID: 131 at drivers/clk/clk.c:1012 clk_core_enable+0xa4/0xc0
[   10.288872] Modules linked in:
[   10.288883] CPU: 1 PID: 131 Comm: kworker/1:1H Not tainted 5.10.0-98103-g2aa7ac113716 #5577
[   10.288885] Hardware name: ZynqMP ZCU102 Rev1.0 (DT)
[   10.288895] Workqueue: kblockd blk_mq_run_work_fn
[   10.288903] pstate: 80000085 (Nzcv daIf -PAN -UAO -TCO BTYPE=--)
[   10.288909] pc : clk_core_enable+0xa4/0xc0
[   10.288914] lr : clk_core_enable+0xa4/0xc0
[   10.288917] sp : ffffffc012b632d0
[   10.288920] x29: ffffffc012b632d0 x28: ffffff8800330c10 
[   10.288927] x27: ffffff8800330d48 x26: 0000005000000101 
[   10.288933] x25: 000000025f518662 x24: 0000000000000001 
[   10.288940] x23: ffffff88010e9380 x22: ffffff8801083220 
[   10.288946] x21: ffffff8801516000 x20: ffffff8801516008 
[   10.288953] x19: ffffff8801516008 x18: 0000000000000030 
[   10.288959] x17: 0000000000000001 x16: 0000b30866ad73c8 
[   10.288966] x15: ffffffffffff87b0 x14: ffffffc011d3b1a0 
[   10.288972] x13: ffffffc011d3b1c8 x12: 00000000000005eb 
[   10.288979] x11: 00000000000001f9 x10: ffffffc011d671c8 
[   10.288985] x9 : 00000000fffff800 x8 : ffffffc011d3b1c8 
[   10.288992] x7 : ffffffc011d671c8 x6 : 0000000000000001 
[   10.288998] x5 : ffffff887f77c9e0 x4 : 0000000000000000 
[   10.289004] x3 : 0000000000000027 x2 : 0000000000000023 
[   10.289011] x1 : 9a590146aad1f400 x0 : 0000000000000000 
[   10.289017] Call trace:
[   10.289024]  clk_core_enable+0xa4/0xc0
[   10.289029]  clk_enable+0x2c/0x60
[   10.289035]  zynqmp_runtime_resume+0x24/0x84
[   10.289042]  pm_generic_runtime_resume+0x30/0x50
[   10.289048]  __genpd_runtime_resume+0x30/0xb0
[   10.289054]  genpd_runtime_resume+0x90/0x250
[   10.289060]  __rpm_callback+0x10c/0x1e0
[   10.289065]  rpm_callback+0x5c/0x84
[   10.289070]  rpm_resume+0x4a4/0x74c
[   10.289075]  __pm_runtime_resume+0x78/0xc4
[   10.289079]  spi_mem_access_start.isra.0+0x30/0x80
[   10.289084]  spi_mem_exec_op+0x3b0/0x424
[   10.289088]  spi_nor_read_sr+0x78/0xe0
[   10.289093]  spi_nor_wait_till_ready_with_timeout+0xb4/0x2f0
[   10.289098]  spi_nor_read+0x188/0x380
[   10.289103]  mtd_read_oob_std+0x78/0x84
[   10.289107]  mtd_read_oob+0x7c/0x134
[   10.289112]  mtd_read+0x48/0x7c
[   10.289118]  mtdblock_readsect+0x6c/0x150
[   10.289123]  mtd_queue_rq+0x2cc/0x5a0
[   10.289129]  blk_mq_dispatch_rq_list+0x110/0x790
[   10.289135]  __blk_mq_do_dispatch_sched+0x200/0x274
[   10.289140]  __blk_mq_sched_dispatch_requests+0x1a8/0x1fc
[   10.289146]  blk_mq_sched_dispatch_requests+0x3c/0x7c
[   10.289151]  __blk_mq_run_hw_queue+0x98/0x100
[   10.289155]  blk_mq_run_work_fn+0x24/0x30
[   10.289161]  process_one_work+0x1d4/0x380
[   10.289165]  worker_thread+0x78/0x4e0
[   10.289170]  kthread+0x124/0x130
[   10.289176]  ret_from_fork+0x10/0x3c
[   10.289179] ---[ end trace 3b08fd3fd93adfdf ]---
[   10.289187] zynqmp-qspi ff0f0000.spi: Cannot enable APB clock.
[   10.289236] spi_master spi0: Failed to power device: -108
[   10.289246] blk_update_request: I/O error, dev mtdblock0, sector 8 op 0x0:(READ) flags 0x80700 phys_seg 1 prio class 0
[   10.289313] spi_master spi0: Failed to power device: -22
[   10.289320] blk_update_request: I/O error, dev mtdblock0, sector 8 op 0x0:(READ) flags 0x0 phys_seg 8 prio class 0
[   10.289326] Buffer I/O error on dev mtdblock0, logical block 8, async page read
[   10.289335] spi_master spi0: Failed to power device: -22
[   10.289340] blk_update_request: I/O error, dev mtdblock0, sector 9 op 0x0:(READ) flags 0x0 phys_seg 7 prio class 0
[   10.289344] Buffer I/O error on dev mtdblock0, logical block 9, async page read
[   10.289351] spi_master spi0: Failed to power device: -22
[   10.289357] blk_update_request: I/O error, dev mtdblock0, sector 10 op 0x0:(READ) flags 0x0 phys_seg 6 prio class 0
[   10.289360] Buffer I/O error on dev mtdblock0, logical block 10, async page read
[   10.289368] spi_master spi0: Failed to power device: -22
[   10.289373] blk_update_request: I/O error, dev mtdblock0, sector 11 op 0x0:(READ) flags 0x0 phys_seg 5 prio class 0
[   10.289377] Buffer I/O error on dev mtdblock0, logical block 11, async page read
[   10.289384] spi_master spi0: Failed to power device: -22
[   10.289389] blk_update_request: I/O error, dev mtdblock0, sector 12 op 0x0:(READ) flags 0x0 phys_seg 4 prio class 0
[   10.289393] Buffer I/O error on dev mtdblock0, logical block 12, async page read
[   10.289400] spi_master spi0: Failed to power device: -22
[   10.289406] blk_update_request: I/O error, dev mtdblock0, sector 13 op 0x0:(READ) flags 0x0 phys_seg 3 prio class 0
[   10.289410] Buffer I/O error on dev mtdblock0, logical block 13, async page read
[   10.289416] spi_master spi0: Failed to power device: -22
[   10.289422] blk_update_request: I/O error, dev mtdblock0, sector 14 op 0x0:(READ) flags 0x0 phys_seg 2 prio class 0
[   10.289426] Buffer I/O error on dev mtdblock0, logical block 14, async page read
[   10.289432] spi_master spi0: Failed to power device: -22
[   10.289438] blk_update_request: I/O error, dev mtdblock0, sector 15 op 0x0:(READ) flags 0x0 phys_seg 1 prio class 0
[   10.289442] Buffer I/O error on dev mtdblock0, logical block 15, async page read
[   10.289751] spi_master spi0: Failed to power device: -22
[   10.289759] blk_update_request: I/O error, dev mtdblock1, sector 10112 op 0x0:(READ) flags 0x80700 phys_seg 1 prio class 0
[   10.289802] spi_master spi0: Failed to power device: -22
[   10.289808] Buffer I/O error on dev mtdblock1, logical block 10112, async page read
[   10.289815] spi_master spi0: Failed to power device: -22
[   10.289820] Buffer I/O error on dev mtdblock1, logical block 10113, async page read
[   10.289827] spi_master spi0: Failed to power device: -22
[   10.289835] spi_master spi0: Failed to power device: -22
[   10.289842] spi_master spi0: Failed to power device: -22
[   10.289850] spi_master spi0: Failed to power device: -22
[   10.289857] spi_master spi0: Failed to power device: -22
[   10.289864] spi_master spi0: Failed to power device: -22
[   10.290120] spi_master spi0: Failed to power device: -22
[   10.290163] spi_master spi0: Failed to power device: -22
[   10.290173] spi_master spi0: Failed to power device: -22
[   10.290180] spi_master spi0: Failed to power device: -22
[   10.290188] spi_master spi0: Failed to power device: -22
[   10.290196] spi_master spi0: Failed to power device: -22
[   10.290203] spi_master spi0: Failed to power device: -22
[   10.290210] spi_master spi0: Failed to power device: -22
[   10.290217] spi_master spi0: Failed to power device: -22
[   10.290487] spi_master spi0: Failed to power device: -22
[   10.290531] spi_master spi0: Failed to power device: -22
[   10.290540] spi_master spi0: Failed to power device: -22
[   10.290548] spi_master spi0: Failed to power device: -22
[   10.290555] spi_master spi0: Failed to power device: -22
[   10.290562] spi_master spi0: Failed to power device: -22
[   10.290570] spi_master spi0: Failed to power device: -22
[   10.290577] spi_master spi0: Failed to power device: -22
[   10.290584] spi_master spi0: Failed to power device: -22
[   10.414077] EXT4-fs (mmcblk0p2): re-mounted. Opts: (null)
[   10.503545] systemd-journald[168]: Received request to flush runtime journal from PID 1
[   16.353443] macb ff0e0000.ethernet eth0: PHY [ff0e0000.ethernet-ffffffff:0c] driver [TI DP83867] (irq=POLL)
[   16.353457] macb ff0e0000.ethernet eth0: configuring for phy/rgmii-id link mode
[   16.675745] Adding 102396k swap on /var/swap.  Priority:-2 extents:4 across:9953604k SS
[   18.351730] random: crng init done
[   18.351741] random: 7 urandom warning(s) missed due to ratelimiting
[   19.221299] broken atomic modeset userspace detected, disabling atomic
[   20.449330] macb ff0e0000.ethernet eth0: Link is Up - 1Gbps/Full - flow control off
[   20.449355] IPv6: ADDRCONF(NETDEV_CHANGE): eth0: link becomes ready
[   21.891821] broken atomic modeset userspace detected, disabling atomic
[   24.802704] broken atomic modeset userspace detected, disabling atomic
[   27.427177] broken atomic modeset userspace detected, disabling atomic