[    0.000000] Booting Linux on physical CPU 0x0000000000 [0x410fd034]
[    0.000000] Linux version 5.10.0-98103-g2aa7ac113716 (jenkins@romlxbuild1.adlk.analog.com) (aarch64-xilinx-linux-gcc.real (GCC) 10.2.0, GNU ld (GNU Binutils) 2.35.0.20200730) #5577 SMP Wed Mar 23 07:28:49 GMT 2022
[    0.000000] Machine model: ZynqMP ZCU102 Rev1.0
[    0.000000] earlycon: cdns0 at MMIO 0x00000000ff000000 (options '115200n8')
[    0.000000] printk: bootconsole [cdns0] enabled
[    0.000000] efi: UEFI not found.
[    0.000000] cma: Reserved 256 MiB at 0x0000000070000000
[    0.000000] Zone ranges:
[    0.000000]   DMA      [mem 0x0000000000000000-0x000000003fffffff]
[    0.000000]   DMA32    [mem 0x0000000040000000-0x00000000ffffffff]
[    0.000000]   Normal   [mem 0x0000000100000000-0x000000087fffffff]
[    0.000000] Movable zone start for each node
[    0.000000] Early memory node ranges
[    0.000000]   node   0: [mem 0x0000000000000000-0x000000007fffffff]
[    0.000000]   node   0: [mem 0x0000000800000000-0x000000087fffffff]
[    0.000000] Initmem setup node 0 [mem 0x0000000000000000-0x000000087fffffff]
[    0.000000] On node 0 totalpages: 1048576
[    0.000000]   DMA zone: 3584 pages used for memmap
[    0.000000]   DMA zone: 0 pages reserved
[    0.000000]   DMA zone: 262144 pages, LIFO batch:63
[    0.000000]   DMA32 zone: 3584 pages used for memmap
[    0.000000]   DMA32 zone: 262144 pages, LIFO batch:63
[    0.000000]   Normal zone: 7168 pages used for memmap
[    0.000000]   Normal zone: 524288 pages, LIFO batch:63
[    0.000000] psci: probing for conduit method from DT.
[    0.000000] psci: PSCIv1.1 detected in firmware.
[    0.000000] psci: Using standard PSCI v0.2 function IDs
[    0.000000] psci: MIGRATE_INFO_TYPE not supported.
[    0.000000] psci: SMC Calling Convention v1.2
[    0.000000] percpu: Embedded 22 pages/cpu s49496 r8192 d32424 u90112
[    0.000000] pcpu-alloc: s49496 r8192 d32424 u90112 alloc=22*4096
[    0.000000] pcpu-alloc: [0] 0 [0] 1 [0] 2 [0] 3 
[    0.000000] Detected VIPT I-cache on CPU0
[    0.000000] CPU features: detected: ARM erratum 845719
[    0.000000] Built 1 zonelists, mobility grouping on.  Total pages: 1034240
[    0.000000] Kernel command line: console=ttyPS0,115200 root=/dev/mmcblk0p2 rw earlycon rootfstype=ext4 rootwait clk_ignore_unused cpuidle.off=1 root=/dev/mmcblk0p2 rw rootwait
[    0.000000] Dentry cache hash table entries: 524288 (order: 10, 4194304 bytes, linear)
[    0.000000] Inode-cache hash table entries: 262144 (order: 9, 2097152 bytes, linear)
[    0.000000] mem auto-init: stack:off, heap alloc:off, heap free:off
[    0.000000] software IO TLB: mapped [mem 0x000000003bfff000-0x000000003ffff000] (64MB)
[    0.000000] Memory: 3761904K/4194304K available (15296K kernel code, 1636K rwdata, 11876K rodata, 2560K init, 507K bss, 170256K reserved, 262144K cma-reserved)
[    0.000000] rcu: Hierarchical RCU implementation.
[    0.000000] rcu: 	RCU event tracing is enabled.
[    0.000000] rcu: 	RCU restricting CPUs from NR_CPUS=8 to nr_cpu_ids=4.
[    0.000000] rcu: RCU calculated value of scheduler-enlistment delay is 25 jiffies.
[    0.000000] rcu: Adjusting geometry for rcu_fanout_leaf=16, nr_cpu_ids=4
[    0.000000] NR_IRQS: 64, nr_irqs: 64, preallocated irqs: 0
[    0.000000] GIC: Adjusting CPU interface base to 0x00000000f902f000
[    0.000000] GIC: Using split EOI/Deactivate mode
[    0.000000] random: get_random_bytes called from start_kernel+0x31c/0x54c with crng_init=0
[    0.000000] arch_timer: cp15 timer(s) running at 100.00MHz (phys).
[    0.000000] clocksource: arch_sys_counter: mask: 0xffffffffffffff max_cycles: 0x171024e7e0, max_idle_ns: 440795205315 ns
[    0.000003] sched_clock: 56 bits at 100MHz, resolution 10ns, wraps every 4398046511100ns
[    0.008461] Console: colour dummy device 80x25
[    0.012483] Calibrating delay loop (skipped), value calculated using timer frequency.. 200.00 BogoMIPS (lpj=400000)
[    0.022840] pid_max: default: 32768 minimum: 301
[    0.027549] Mount-cache hash table entries: 8192 (order: 4, 65536 bytes, linear)
[    0.034789] Mountpoint-cache hash table entries: 8192 (order: 4, 65536 bytes, linear)
[    0.043394] rcu: Hierarchical SRCU implementation.
[    0.047561] EFI services will not be available.
[    0.051938] smp: Bringing up secondary CPUs ...
[    0.056658] Detected VIPT I-cache on CPU1
[    0.056697] CPU1: Booted secondary processor 0x0000000001 [0x410fd034]
[    0.057064] Detected VIPT I-cache on CPU2
[    0.057088] CPU2: Booted secondary processor 0x0000000002 [0x410fd034]
[    0.057429] Detected VIPT I-cache on CPU3
[    0.057452] CPU3: Booted secondary processor 0x0000000003 [0x410fd034]
[    0.057499] smp: Brought up 1 node, 4 CPUs
[    0.091779] SMP: Total of 4 processors activated.
[    0.096452] CPU features: detected: 32-bit EL0 Support
[    0.101555] CPU features: detected: CRC32 instructions
[    0.106696] CPU: All CPU(s) started at EL2
[    0.110736] alternatives: patching kernel code
[    0.116170] devtmpfs: initialized
[    0.124067] Registered cp15_barrier emulation handler
[    0.124116] Registered setend emulation handler
[    0.128092] clocksource: jiffies: mask: 0xffffffff max_cycles: 0xffffffff, max_idle_ns: 7645041785100000 ns
[    0.137670] futex hash table entries: 1024 (order: 4, 65536 bytes, linear)
[    0.151025] pinctrl core: initialized pinctrl subsystem
[    0.151669] NET: Registered protocol family 16
[    0.156093] DMA: preallocated 512 KiB GFP_KERNEL pool for atomic allocations
[    0.162107] DMA: preallocated 512 KiB GFP_KERNEL|GFP_DMA pool for atomic allocations
[    0.169835] DMA: preallocated 512 KiB GFP_KERNEL|GFP_DMA32 pool for atomic allocations
[    0.177636] audit: initializing netlink subsys (disabled)
[    0.183087] audit: type=2000 audit(0.116:1): state=initialized audit_enabled=0 res=1
[    0.183433] hw-breakpoint: found 6 breakpoint and 4 watchpoint registers.
[    0.197463] ASID allocator initialised with 65536 entries
[    0.224306] HugeTLB registered 1.00 GiB page size, pre-allocated 0 pages
[    0.225360] HugeTLB registered 32.0 MiB page size, pre-allocated 0 pages
[    0.232030] HugeTLB registered 2.00 MiB page size, pre-allocated 0 pages
[    0.238690] HugeTLB registered 64.0 KiB page size, pre-allocated 0 pages
[    1.304240] DRBG: Continuing without Jitter RNG
[    1.382085] raid6: neonx8   gen()  2141 MB/s
[    1.450133] raid6: neonx8   xor()  1599 MB/s
[    1.518192] raid6: neonx4   gen()  2198 MB/s
[    1.586237] raid6: neonx4   xor()  1562 MB/s
[    1.654311] raid6: neonx2   gen()  2076 MB/s
[    1.722351] raid6: neonx2   xor()  1441 MB/s
[    1.790424] raid6: neonx1   gen()  1772 MB/s
[    1.858464] raid6: neonx1   xor()  1220 MB/s
[    1.926521] raid6: int64x8  gen()  1438 MB/s
[    1.994579] raid6: int64x8  xor()   771 MB/s
[    2.062642] raid6: int64x4  gen()  1599 MB/s
[    2.130695] raid6: int64x4  xor()   817 MB/s
[    2.198762] raid6: int64x2  gen()  1396 MB/s
[    2.266815] raid6: int64x2  xor()   750 MB/s
[    2.334887] raid6: int64x1  gen()  1033 MB/s
[    2.402952] raid6: int64x1  xor()   517 MB/s
[    2.402990] raid6: using algorithm neonx4 gen() 2198 MB/s
[    2.406943] raid6: .... xor() 1562 MB/s, rmw enabled
[    2.411874] raid6: using neon recovery algorithm
[    2.416885] iommu: Default domain type: Translated 
[    2.421500] SCSI subsystem initialized
[    2.425043] libata version 3.00 loaded.
[    2.425169] usbcore: registered new interface driver usbfs
[    2.430500] usbcore: registered new interface driver hub
[    2.435773] usbcore: registered new device driver usb
[    2.440908] mc: Linux media interface: v0.10
[    2.445021] videodev: Linux video capture interface: v2.00
[    2.450513] EDAC MC: Ver: 3.0.0
[    2.453954] zynqmp-ipi-mbox mailbox@ff990400: Registered ZynqMP IPI mbox with TX/RX channels.
[    2.462460] jesd204: created con: id=0, topo=0, link=0, /axi/spi@ff050000/hmc7044@0 <-> /fpga-axi@0/axi-adxcvr-tx@84b60000
[    2.473042] jesd204: created con: id=1, topo=0, link=2, /axi/spi@ff050000/hmc7044@0 <-> /fpga-axi@0/axi-adxcvr-rx@84a60000
[    2.484027] jesd204: created con: id=2, topo=0, link=0, /fpga-axi@0/axi-adxcvr-tx@84b60000 <-> /fpga-axi@0/axi-jesd204-tx@84b90000
[    2.495702] jesd204: created con: id=3, topo=0, link=2, /fpga-axi@0/axi-adxcvr-rx@84a60000 <-> /fpga-axi@0/axi-jesd204-rx@84a90000
[    2.507379] jesd204: created con: id=4, topo=0, link=0, /fpga-axi@0/axi-jesd204-tx@84b90000 <-> /fpga-axi@0/axi-ad9081-tx-hpc@84b10000
[    2.519407] jesd204: created con: id=5, topo=0, link=2, /fpga-axi@0/axi-jesd204-rx@84a90000 <-> /fpga-axi@0/axi-ad9081-rx-hpc@84a10000
[    2.531429] jesd204: created con: id=6, topo=0, link=2, /fpga-axi@0/axi-ad9081-rx-hpc@84a10000 <-> /axi/spi@ff040000/ad9081@0
[    2.542671] jesd204: created con: id=7, topo=0, link=0, /fpga-axi@0/axi-ad9081-tx-hpc@84b10000 <-> /axi/spi@ff040000/ad9081@0
[    2.553921] jesd204: /axi/spi@ff040000/ad9081@0: JESD204[2] transition uninitialized -> initialized
[    2.562908] jesd204: /axi/spi@ff040000/ad9081@0: JESD204[0] transition uninitialized -> initialized
[    2.571899] jesd204: found 8 devices and 1 topologies
[    2.576943] FPGA manager framework
[    2.580421] Advanced Linux Sound Architecture Driver Initialized.
[    2.586714] Bluetooth: Core ver 2.22
[    2.589903] NET: Registered protocol family 31
[    2.594304] Bluetooth: HCI device and connection manager initialized
[    2.600620] Bluetooth: HCI socket layer initialized
[    2.605462] Bluetooth: L2CAP socket layer initialized
[    2.610486] Bluetooth: SCO socket layer initialized
[    2.615669] clocksource: Switched to clocksource arch_sys_counter
[    2.621478] VFS: Disk quotas dquot_6.6.0
[    2.625313] VFS: Dquot-cache hash table entries: 512 (order 0, 4096 bytes)
[    2.636033] NET: Registered protocol family 2
[    2.636762] tcp_listen_portaddr_hash hash table entries: 2048 (order: 3, 32768 bytes, linear)
[    2.644953] TCP established hash table entries: 32768 (order: 6, 262144 bytes, linear)
[    2.652979] TCP bind hash table entries: 32768 (order: 7, 524288 bytes, linear)
[    2.660425] TCP: Hash tables configured (established 32768 bind 32768)
[    2.666598] UDP hash table entries: 2048 (order: 4, 65536 bytes, linear)
[    2.673264] UDP-Lite hash table entries: 2048 (order: 4, 65536 bytes, linear)
[    2.680424] NET: Registered protocol family 1
[    2.684878] RPC: Registered named UNIX socket transport module.
[    2.690501] RPC: Registered udp transport module.
[    2.695165] RPC: Registered tcp transport module.
[    2.699835] RPC: Registered tcp NFSv4.1 backchannel transport module.
[    2.706829] PCI: CLS 0 bytes, default 64
[    2.710530] hw perfevents: no interrupt-affinity property for /pmu, guessing.
[    2.717386] hw perfevents: enabled with armv8_pmuv3 PMU driver, 7 counters available
[    2.725739] Initialise system trusted keyrings
[    2.729414] workingset: timestamp_bits=62 max_order=20 bucket_order=0
[    2.736317] NFS: Registering the id_resolver key type
[    2.740767] Key type id_resolver registered
[    2.744903] Key type id_legacy registered
[    2.748893] nfs4filelayout_init: NFSv4 File Layout Driver Registering...
[    2.755558] jffs2: version 2.2. (NAND) (SUMMARY)  Â© 2001-2006 Red Hat, Inc.
[    2.799209] NET: Registered protocol family 38
[    2.799251] xor: measuring software checksum speed
[    2.806937]    8regs           :  2363 MB/sec
[    2.810606]    32regs          :  2799 MB/sec
[    2.815548]    arm64_neon      :  2380 MB/sec
[    2.815742] xor: using function: 32regs (2799 MB/sec)
[    2.820764] Key type asymmetric registered
[    2.824825] Asymmetric key parser 'x509' registered
[    2.829686] Block layer SCSI generic (bsg) driver version 0.4 loaded (major 248)
[    2.837023] io scheduler mq-deadline registered
[    2.841520] io scheduler kyber registered
[    2.870926] Serial: 8250/16550 driver, 4 ports, IRQ sharing disabled
[    2.875569] cacheinfo: Unable to detect cache hierarchy for CPU 0
[    2.881917] brd: module loaded
[    2.886057] loop: module loaded
[    2.886602] Registered mathworks_ip class
[    2.889937] libphy: Fixed MDIO Bus: probed
[    2.892926] tun: Universal TUN/TAP device driver, 1.6
[    2.896976] CAN device driver interface
[    2.901511] usbcore: registered new interface driver asix
[    2.906108] usbcore: registered new interface driver ax88179_178a
[    2.912142] usbcore: registered new interface driver cdc_ether
[    2.917935] usbcore: registered new interface driver net1080
[    2.923561] usbcore: registered new interface driver cdc_subset
[    2.929441] usbcore: registered new interface driver zaurus
[    2.934984] usbcore: registered new interface driver cdc_ncm
[    2.941390] ehci_hcd: USB 2.0 'Enhanced' Host Controller (EHCI) Driver
[    2.947070] ehci-pci: EHCI PCI platform driver
[    2.951877] usbcore: registered new interface driver uas
[    2.956788] usbcore: registered new interface driver usb-storage
[    2.962776] usbcore: registered new interface driver usbserial_generic
[    2.969225] usbserial: USB Serial support registered for generic
[    2.975198] usbcore: registered new interface driver ftdi_sio
[    2.980901] usbserial: USB Serial support registered for FTDI USB Serial Device
[    2.988178] usbcore: registered new interface driver upd78f0730
[    2.994049] usbserial: USB Serial support registered for upd78f0730
[    3.001700] rtc_zynqmp ffa60000.rtc: registered as rtc0
[    3.005474] rtc_zynqmp ffa60000.rtc: setting system clock to 2022-04-12T19:51:25 UTC (1649793085)
[    3.014336] i2c /dev entries driver
[    3.019650] usbcore: registered new interface driver uvcvideo
[    3.023449] USB Video Class driver (1.1.1)
[    3.029027] Bluetooth: HCI UART driver ver 2.3
[    3.031932] Bluetooth: HCI UART protocol H4 registered
[    3.037030] Bluetooth: HCI UART protocol BCSP registered
[    3.042318] Bluetooth: HCI UART protocol LL registered
[    3.047409] Bluetooth: HCI UART protocol ATH3K registered
[    3.052783] Bluetooth: HCI UART protocol Three-wire (H5) registered
[    3.059035] Bluetooth: HCI UART protocol Intel registered
[    3.064374] Bluetooth: HCI UART protocol QCA registered
[    3.069578] usbcore: registered new interface driver bcm203x
[    3.075196] usbcore: registered new interface driver bpa10x
[    3.080731] usbcore: registered new interface driver bfusb
[    3.086185] usbcore: registered new interface driver btusb
[    3.091644] usbcore: registered new interface driver ath3k
[    3.097127] EDAC MC: ECC not enabled
[    3.100757] EDAC DEVICE0: Giving out device to module zynqmp-ocm-edac controller zynqmp_ocm: DEV ff960000.memory-controller (INTERRUPT)
[    3.113068] sdhci: Secure Digital Host Controller Interface driver
[    3.118858] sdhci: Copyright(c) Pierre Ossman
[    3.123180] sdhci-pltfm: SDHCI platform and OF driver helper
[    3.129232] ledtrig-cpu: registered to indicate activity on CPUs
[    3.134786] SMCCC: SOC_ID: ARCH_SOC_ID not implemented, skipping ....
[    3.141218] zynqmp_firmware_probe Platform Management API v1.1
[    3.146973] zynqmp_firmware_probe Trustzone version v1.0
[    3.186504] zynqmp-pinctrl firmware:zynqmp-firmware:pinctrl: zynqmp pinctrl initialized
[    3.234495] zynqmp-aes firmware:zynqmp-firmware:zynqmp-aes: will run requests pump with realtime priority
[    3.250309] alg: No test for xilinx-keccak-384 (zynqmp-keccak-384)
[    3.251019] alg: No test for xilinx-zynqmp-rsa (zynqmp-rsa)
[    3.256532] usbcore: registered new interface driver usbhid
[    3.261922] usbhid: USB HID core driver
[    3.273174] axi_sysid 85000000.axi-sysid-0: AXI System ID core version (1.01.a) found
[    3.275520] axi_sysid 85000000.axi-sysid-0: [ad9081_fmca_ebz] on [zcu102] git branch <master> git <084d44c9780640ca93fd847b1d9ec70dd65f5c67> clean [2022-03-18 04:17:50] UTC
[    3.291206] fpga_manager fpga0: Xilinx ZynqMP FPGA Manager registered
[    3.297563] usbcore: registered new interface driver snd-usb-audio
[    3.305013] pktgen: Packet Generator for packet performance testing. Version: 2.75
[    3.311194] Initializing XFRM netlink socket
[    3.315049] NET: Registered protocol family 10
[    3.319774] Segment Routing with IPv6
[    3.323139] sit: IPv6, IPv4 and MPLS over IPv4 tunneling driver
[    3.329218] NET: Registered protocol family 17
[    3.333323] NET: Registered protocol family 15
[    3.337820] can: controller area network core
[    3.342075] NET: Registered protocol family 29
[    3.346461] can: raw protocol
[    3.349399] can: broadcast manager protocol
[    3.353552] can: netlink gateway - max_hops=1
[    3.357949] Bluetooth: RFCOMM TTY layer initialized
[    3.362727] Bluetooth: RFCOMM socket layer initialized
[    3.367833] Bluetooth: RFCOMM ver 1.11
[    3.371540] Bluetooth: BNEP (Ethernet Emulation) ver 1.3
[    3.376816] Bluetooth: BNEP filters: protocol multicast
[    3.382010] Bluetooth: BNEP socket layer initialized
[    3.386937] Bluetooth: HIDP (Human Interface Emulation) ver 1.2
[    3.392821] Bluetooth: HIDP socket layer initialized
[    3.397879] 9pnet: Installing 9P2000 support
[    3.401998] NET: Registered protocol family 36
[    3.406415] Key type dns_resolver registered
[    3.410843] registered taskstats version 1
[    3.414711] Loading compiled-in X.509 certificates
[    3.419834] Btrfs loaded, crc32c=crc32c-generic
[    3.432242] ff000000.serial: ttyPS0 at MMIO 0xff000000 (irq = 49, base_baud = 6249999) is a xuartps
[    3.441264] printk: console [ttyPS0] enabled
[    3.445558] printk: bootconsole [cdns0] disabled
[    3.455191] ff010000.serial: ttyPS1 at MMIO 0xff010000 (irq = 50, base_baud = 6249999) is a xuartps
[    3.468420] of-fpga-region fpga-full: FPGA Region probed
[    3.475371] nwl-pcie fd0e0000.pcie: host bridge /axi/pcie@fd0e0000 ranges:
[    3.482270] nwl-pcie fd0e0000.pcie:      MEM 0x00e0000000..0x00efffffff -> 0x00e0000000
[    3.490272] nwl-pcie fd0e0000.pcie:      MEM 0x0600000000..0x07ffffffff -> 0x0600000000
[    3.498334] nwl-pcie fd0e0000.pcie: Link is DOWN
[    3.503090] nwl-pcie fd0e0000.pcie: PCI host bridge to bus 0000:00
[    3.509270] pci_bus 0000:00: root bus resource [bus 00-ff]
[    3.514750] pci_bus 0000:00: root bus resource [mem 0xe0000000-0xefffffff]
[    3.521616] pci_bus 0000:00: root bus resource [mem 0x600000000-0x7ffffffff pref]
[    3.529119] pci 0000:00:00.0: [10ee:d021] type 01 class 0x060400
[    3.535180] pci 0000:00:00.0: PME# supported from D0 D1 D2 D3hot
[    3.545616] pci 0000:00:00.0: PCI bridge to [bus 01-0c]
[    3.551589] xilinx-zynqmp-dma fd500000.dma: ZynqMP DMA driver Probe success
[    3.558769] xilinx-zynqmp-dma fd510000.dma: ZynqMP DMA driver Probe success
[    3.565950] xilinx-zynqmp-dma fd520000.dma: ZynqMP DMA driver Probe success
[    3.573122] xilinx-zynqmp-dma fd530000.dma: ZynqMP DMA driver Probe success
[    3.580286] xilinx-zynqmp-dma fd540000.dma: ZynqMP DMA driver Probe success
[    3.587458] xilinx-zynqmp-dma fd550000.dma: ZynqMP DMA driver Probe success
[    3.594628] xilinx-zynqmp-dma fd560000.dma: ZynqMP DMA driver Probe success
[    3.601798] xilinx-zynqmp-dma fd570000.dma: ZynqMP DMA driver Probe success
[    3.609196] xilinx-zynqmp-dpdma fd4c0000.dma-controller: Xilinx DPDMA engine is probed
[    3.617739] ahci-ceva fd0c0000.ahci: supply ahci not found, using dummy regulator
[    3.625275] ahci-ceva fd0c0000.ahci: supply phy not found, using dummy regulator
[    3.715837] hmc7044 spi2.0: PLL1: Acquisition, CLKIN0 @ 122880000 Hz, PFD: 80 kHz - PLL2: Locked @ 2976.000000 MHz
[    3.726550] jesd204: /axi/spi@ff050000/hmc7044@0,jesd204:1,parent=spi2.0: Using as SYSREF provider
[    3.736138] spi-nor spi0.0: SPI-NOR-UniqueID 100000235394732200270025081115266e
[    3.743446] spi-nor spi0.0: found n25q512a, expected m25p80
[    3.749652] spi-nor spi0.0: trying to lock already unlocked area
[    3.755663] spi-nor spi0.0: n25q512a (131072 Kbytes)
[    3.760642] 4 fixed-partitions partitions found on MTD device spi0.0
[    3.766989] Creating 4 MTD partitions on "spi0.0":
[    3.771774] 0x000000000000-0x000000100000 : "qspi-fsbl-uboot"
[    3.778257] 0x000000100000-0x000000600000 : "qspi-linux"
[    3.784215] 0x000000600000-0x000000620000 : "qspi-device-tree"
[    3.790689] 0x000000620000-0x000000c00000 : "qspi-rootfs"
[    3.799161] macb ff0e0000.ethernet: Not enabling partial store and forward
[    3.806688] libphy: MACB_mii_bus: probed
[    3.811762] macb ff0e0000.ethernet eth0: Cadence GEM rev 0x50070106 at 0xff0e0000 irq 30 (00:0a:35:04:8e:1b)
[    3.821966] xilinx-axipmon ffa00000.perf-monitor: Probed Xilinx APM
[    3.828543] xilinx-axipmon fd0b0000.perf-monitor: Probed Xilinx APM
[    3.835064] xilinx-axipmon fd490000.perf-monitor: Probed Xilinx APM
[    3.841606] xilinx-axipmon ffa10000.perf-monitor: Probed Xilinx APM
[    3.851611] pca953x 0-0020: supply vcc not found, using dummy regulator
[    3.858291] pca953x 0-0020: using no AI
[    3.862778] gpio-496 (sel0): hogged as output/low
[    3.867681] gpio-497 (sel1): hogged as output/high
[    3.872669] gpio-498 (sel2): hogged as output/high
[    3.877654] gpio-499 (sel3): hogged as output/high
[    3.882834] pca953x 0-0021: supply vcc not found, using dummy regulator
[    3.889499] pca953x 0-0021: using no AI
[    3.895251] ina2xx 2-0040: power monitor ina226 (Rshunt = 5000 uOhm)
[    3.902281] ina2xx 2-0041: power monitor ina226 (Rshunt = 5000 uOhm)
[    3.909315] ina2xx 2-0042: power monitor ina226 (Rshunt = 5000 uOhm)
[    3.916344] ina2xx 2-0043: power monitor ina226 (Rshunt = 5000 uOhm)
[    3.923371] ina2xx 2-0044: power monitor ina226 (Rshunt = 5000 uOhm)
[    3.930389] ina2xx 2-0045: power monitor ina226 (Rshunt = 5000 uOhm)
[    3.937419] ina2xx 2-0046: power monitor ina226 (Rshunt = 5000 uOhm)
[    3.944496] ina2xx 2-0047: power monitor ina226 (Rshunt = 5000 uOhm)
[    3.951521] ina2xx 2-004a: power monitor ina226 (Rshunt = 5000 uOhm)
[    3.958562] ina2xx 2-004b: power monitor ina226 (Rshunt = 5000 uOhm)
[    3.964972] i2c i2c-0: Added multiplexed i2c bus 2
[    3.970358] random: fast init done
[    3.973830] ina2xx 3-0040: power monitor ina226 (Rshunt = 2000 uOhm)
[    3.980856] ina2xx 3-0041: power monitor ina226 (Rshunt = 5000 uOhm)
[    3.987885] ina2xx 3-0042: power monitor ina226 (Rshunt = 5000 uOhm)
[    3.994920] ina2xx 3-0043: power monitor ina226 (Rshunt = 5000 uOhm)
[    4.001942] ina2xx 3-0044: power monitor ina226 (Rshunt = 5000 uOhm)
[    4.008969] ina2xx 3-0045: power monitor ina226 (Rshunt = 5000 uOhm)
[    4.015999] ina2xx 3-0046: power monitor ina226 (Rshunt = 5000 uOhm)
[    4.023031] ina2xx 3-0047: power monitor ina226 (Rshunt = 5000 uOhm)
[    4.029431] i2c i2c-0: Added multiplexed i2c bus 3
[    4.085239] i2c i2c-0: Added multiplexed i2c bus 4
[    4.090179] i2c i2c-0: Added multiplexed i2c bus 5
[    4.094969] pca954x 0-0075: registered 4 multiplexed busses for I2C mux pca9544
[    4.102319] cdns-i2c ff020000.i2c: 400 kHz mmio ff020000 irq 32
[    4.110061] at24 6-0054: supply vcc not found, using dummy regulator
[    4.116964] at24 6-0054: 1024 byte 24c08 EEPROM, writable, 1 bytes/write
[    4.123719] i2c i2c-1: Added multiplexed i2c bus 6
[    4.130144] si5341 7-0036: Chip: 5341 Grade: 1 Rev: 1
[    4.167835] i2c i2c-1: Added multiplexed i2c bus 7
[    4.175488] si570 8-005d: registered, current frequency 300000000 Hz
[    4.181888] i2c i2c-1: Added multiplexed i2c bus 8
[    4.201676] si570 9-005d: registered, current frequency 148500000 Hz
[    4.208076] i2c i2c-1: Added multiplexed i2c bus 9
[    4.213114] si5324 10-0069: si5328 probed
[    4.280026] si5324 10-0069: si5328 probe successful
[    4.284957] i2c i2c-1: Added multiplexed i2c bus 10
[    4.289983] i2c i2c-1: Added multiplexed i2c bus 11
[    4.295007] i2c i2c-1: Added multiplexed i2c bus 12
[    4.300031] i2c i2c-1: Added multiplexed i2c bus 13
[    4.304904] pca954x 1-0074: registered 8 multiplexed busses for I2C switch pca9548
[    4.313013] at24 14-0050: supply vcc not found, using dummy regulator
[    4.319809] at24 14-0050: 256 byte 24c02 EEPROM, writable, 1 bytes/write
[    4.326555] i2c i2c-1: Added multiplexed i2c bus 14
[    4.331597] i2c i2c-1: Added multiplexed i2c bus 15
[    4.336629] i2c i2c-1: Added multiplexed i2c bus 16
[    4.341665] i2c i2c-1: Added multiplexed i2c bus 17
[    4.346697] i2c i2c-1: Added multiplexed i2c bus 18
[    4.351744] i2c i2c-1: Added multiplexed i2c bus 19
[    4.356784] i2c i2c-1: Added multiplexed i2c bus 20
[    4.361822] i2c i2c-1: Added multiplexed i2c bus 21
[    4.366696] pca954x 1-0075: registered 8 multiplexed busses for I2C switch pca9548
[    4.374305] cdns-i2c ff030000.i2c: 400 kHz mmio ff030000 irq 33
[    4.384058] cdns-wdt fd4d0000.watchdog: Xilinx Watchdog Timer with timeout 60s
[    4.393107] axi_adxcvr 84a60000.axi-adxcvr-rx: adxcvr_enforce_settings: Using QPLL without access, assuming desired Lane rate will be configured by a different instance
[    4.409744] axi_adxcvr 84a60000.axi-adxcvr-rx: AXI-ADXCVR-RX (17.05.a) using QPLL on GTH4 at 0x84A60000. Number of lanes: 4.
[    4.421899] axi_adxcvr 84b60000.axi-adxcvr-tx: AXI-ADXCVR-TX (17.05.a) using QPLL on GTH4 at 0x84B60000. Number of lanes: 4.
[    4.425866] mmc0: SDHCI controller on ff170000.mmc [ff170000.mmc] using ADMA 64-bit
[    4.441051] axi-jesd204-rx 84a90000.axi-jesd204-rx: AXI-JESD204-RX (1.07.a) at 0x84A90000. Encoder 8b10b, width 4/4, lanes 4, jesd204-fsm.
[    4.453886] axi-jesd204-tx 84b90000.axi-jesd204-tx: AXI-JESD204-TX (1.06.a) at 0x84B90000. Encoder 8b10b, width 4/4, lanes 4, jesd204-fsm.
[    4.467391] zynqmp-display fd4a0000.display: vtc bridge property not present
[    4.473433] mmc0: new high speed SDHC card at address 0001
[    4.477041] xilinx-dp-snd-codec fd4a0000.display:zynqmp_dp_snd_codec0: Failed to get required clock freq
[    4.480277] mmcblk0: mmc0:0001 EB1QT 29.8 GiB 
[    4.489406] xilinx-dp-snd-codec: probe of fd4a0000.display:zynqmp_dp_snd_codec0 failed with error -22
[    4.495095]  mmcblk0: p1 p2 p3
[    4.503399] xilinx-dp-snd-pcm zynqmp_dp_snd_pcm0: Xilinx DisplayPort Sound PCM probed
[    4.514251] xilinx-dp-snd-pcm zynqmp_dp_snd_pcm1: Xilinx DisplayPort Sound PCM probed
[    4.522460] OF: graph: no port node found in /axi/display@fd4a0000
[    4.528869] xlnx-drm xlnx-drm.0: bound fd4a0000.display (ops 0xffffffc010fcbdb8)
[    5.615684] zynqmp-display fd4a0000.display: [drm] Cannot find any crtc or sizes
[    5.623299] [drm] Initialized xlnx 1.0.0 20130509 for fd4a0000.display on minor 0
[    5.630792] zynqmp-display fd4a0000.display: ZynqMP DisplayPort Subsystem driver probed
[    5.639105] ahci-ceva fd0c0000.ahci: supply ahci not found, using dummy regulator
[    5.646650] ahci-ceva fd0c0000.ahci: supply phy not found, using dummy regulator
[    5.654104] ahci-ceva fd0c0000.ahci: supply target not found, using dummy regulator
[    5.661944] ahci-ceva fd0c0000.ahci: AHCI 0001.0301 32 slots 2 ports 6 Gbps 0x3 impl platform mode
[    5.670899] ahci-ceva fd0c0000.ahci: flags: 64bit ncq sntf pm clo only pmp fbs pio slum part ccc sds apst 
[    5.681589] scsi host0: ahci-ceva
[    5.685188] scsi host1: ahci-ceva
[    5.688620] ata1: SATA max UDMA/133 mmio [mem 0xfd0c0000-0xfd0c1fff] port 0x100 irq 45
[    5.696534] ata2: SATA max UDMA/133 mmio [mem 0xfd0c0000-0xfd0c1fff] port 0x180 irq 45
[    5.705132] ad9081 spi1.0: supply vdd not found, using dummy regulator
[    6.017920] ata1: SATA link down (SStatus 0 SControl 330)
[    6.023332] ata2: SATA link down (SStatus 0 SControl 330)
[    6.699686] zynqmp-display fd4a0000.display: [drm] Cannot find any crtc or sizes
[    7.509128] ad9081 spi1.0: AD9081 Rev. 2 Grade 10 (API 1.2.2) probed
[    7.516332] xhci-hcd xhci-hcd.1.auto: xHCI Host Controller
[    7.521823] xhci-hcd xhci-hcd.1.auto: new USB bus registered, assigned bus number 1
[    7.529570] xhci-hcd xhci-hcd.1.auto: hcc params 0x0238f625 hci version 0x100 quirks 0x0000000002010810
[    7.538983] xhci-hcd xhci-hcd.1.auto: irq 59, io mem 0xfe200000
[    7.545093] usb usb1: New USB device found, idVendor=1d6b, idProduct=0002, bcdDevice= 5.10
[    7.553357] usb usb1: New USB device strings: Mfr=3, Product=2, SerialNumber=1
[    7.560575] usb usb1: Product: xHCI Host Controller
[    7.565445] usb usb1: Manufacturer: Linux 5.10.0-98103-g2aa7ac113716 xhci-hcd
[    7.572570] usb usb1: SerialNumber: xhci-hcd.1.auto
[    7.577737] hub 1-0:1.0: USB hub found
[    7.581496] hub 1-0:1.0: 1 port detected
[    7.585593] xhci-hcd xhci-hcd.1.auto: xHCI Host Controller
[    7.591076] xhci-hcd xhci-hcd.1.auto: new USB bus registered, assigned bus number 2
[    7.598731] xhci-hcd xhci-hcd.1.auto: Host supports USB 3.0 SuperSpeed
[    7.605356] usb usb2: New USB device found, idVendor=1d6b, idProduct=0003, bcdDevice= 5.10
[    7.613617] usb usb2: New USB device strings: Mfr=3, Product=2, SerialNumber=1
[    7.620833] usb usb2: Product: xHCI Host Controller
[    7.625701] usb usb2: Manufacturer: Linux 5.10.0-98103-g2aa7ac113716 xhci-hcd
[    7.632826] usb usb2: SerialNumber: xhci-hcd.1.auto
[    7.637935] hub 2-0:1.0: USB hub found
[    7.641698] hub 2-0:1.0: 1 port detected
[    7.671729] cf_axi_adc 84a10000.axi-ad9081-rx-hpc: ADI AIM (10.01.b) at 0x84A10000 mapped to 0x(____ptrval____), probed ADC AD9081 as MASTER
[    7.704507] cf_axi_dds 84b10000.axi-ad9081-tx-hpc: Analog Devices CF_AXI_DDS_DDS MASTER (9.01.b) at 0x84B10000 mapped to 0x(____ptrval____), probed DDS AD9081
[    7.718705] jesd204: /axi/spi@ff040000/ad9081@0,jesd204:0,parent=spi1.0: JESD204[2] transition initialized -> probed
[    7.729227] jesd204: /axi/spi@ff040000/ad9081@0,jesd204:0,parent=spi1.0: JESD204[0] transition initialized -> probed
[    7.739751] jesd204: /axi/spi@ff040000/ad9081@0,jesd204:0,parent=spi1.0: JESD204[2] transition probed -> idle
[    7.749667] jesd204: /axi/spi@ff040000/ad9081@0,jesd204:0,parent=spi1.0: JESD204[0] transition probed -> idle
[    7.759582] jesd204: /axi/spi@ff040000/ad9081@0,jesd204:0,parent=spi1.0: JESD204[2] transition idle -> device_init
[    7.769925] jesd204: /axi/spi@ff040000/ad9081@0,jesd204:0,parent=spi1.0: JESD204[0] transition idle -> device_init
[    7.780276] jesd204: /axi/spi@ff040000/ad9081@0,jesd204:0,parent=spi1.0: JESD204[2] transition device_init -> link_init
[    7.791052] jesd204: /axi/spi@ff040000/ad9081@0,jesd204:0,parent=spi1.0: JESD204[0] transition device_init -> link_init
[    7.801843] jesd204: /axi/spi@ff040000/ad9081@0,jesd204:0,parent=spi1.0: JESD204[2] transition link_init -> link_supported
[    7.812882] jesd204: /axi/spi@ff040000/ad9081@0,jesd204:0,parent=spi1.0: JESD204[0] transition link_init -> link_supported
[    7.824292] hmc7044 spi2.0: hmc7044_jesd204_link_pre_setup: Link2 forcing continuous SYSREF mode
[    7.833505] jesd204: /axi/spi@ff040000/ad9081@0,jesd204:0,parent=spi1.0: JESD204[2] transition link_supported -> link_pre_setup
[    7.844983] jesd204: /axi/spi@ff040000/ad9081@0,jesd204:0,parent=spi1.0: JESD204[0] transition link_supported -> link_pre_setup
[    7.868822] jesd204: /axi/spi@ff040000/ad9081@0,jesd204:0,parent=spi1.0: JESD204[2] transition link_pre_setup -> clk_sync_stage1
[    7.880388] jesd204: /axi/spi@ff040000/ad9081@0,jesd204:0,parent=spi1.0: JESD204[0] transition link_pre_setup -> clk_sync_stage1
[    7.891953] jesd204: /axi/spi@ff040000/ad9081@0,jesd204:0,parent=spi1.0: JESD204[2] transition clk_sync_stage1 -> clk_sync_stage2
[    7.903596] jesd204: /axi/spi@ff040000/ad9081@0,jesd204:0,parent=spi1.0: JESD204[0] transition clk_sync_stage1 -> clk_sync_stage2
[    7.915255] jesd204: /axi/spi@ff040000/ad9081@0,jesd204:0,parent=spi1.0: JESD204[2] transition clk_sync_stage2 -> clk_sync_stage3
[    7.926902] jesd204: /axi/spi@ff040000/ad9081@0,jesd204:0,parent=spi1.0: JESD204[0] transition clk_sync_stage2 -> clk_sync_stage3
[    7.940573] jesd204: /axi/spi@ff040000/ad9081@0,jesd204:0,parent=spi1.0: JESD204[2] transition clk_sync_stage3 -> link_setup
[    7.951792] jesd204: /axi/spi@ff040000/ad9081@0,jesd204:0,parent=spi1.0: JESD204[0] transition clk_sync_stage3 -> link_setup
[    7.967833] jesd204: /axi/spi@ff040000/ad9081@0,jesd204:0,parent=spi1.0: JESD204[2] transition link_setup -> opt_setup_stage1
[    7.979132] jesd204: /axi/spi@ff040000/ad9081@0,jesd204:0,parent=spi1.0: JESD204[0] transition link_setup -> opt_setup_stage1
[    7.995457] jesd204: /axi/spi@ff040000/ad9081@0,jesd204:0,parent=spi1.0: JESD204[2] transition opt_setup_stage1 -> opt_setup_stage2
[    8.007281] jesd204: /axi/spi@ff040000/ad9081@0,jesd204:0,parent=spi1.0: JESD204[0] transition opt_setup_stage1 -> opt_setup_stage2
[    8.019254] jesd204: /axi/spi@ff040000/ad9081@0,jesd204:0,parent=spi1.0: JESD204[2] transition opt_setup_stage2 -> opt_setup_stage3
[    8.031074] jesd204: /axi/spi@ff040000/ad9081@0,jesd204:0,parent=spi1.0: JESD204[0] transition opt_setup_stage2 -> opt_setup_stage3
[    8.042896] jesd204: /axi/spi@ff040000/ad9081@0,jesd204:0,parent=spi1.0: JESD204[2] transition opt_setup_stage3 -> opt_setup_stage4
[    8.054715] jesd204: /axi/spi@ff040000/ad9081@0,jesd204:0,parent=spi1.0: JESD204[0] transition opt_setup_stage3 -> opt_setup_stage4
[    8.066549] jesd204: /axi/spi@ff040000/ad9081@0,jesd204:0,parent=spi1.0: JESD204[2] transition opt_setup_stage4 -> opt_setup_stage5
[    8.078372] jesd204: /axi/spi@ff040000/ad9081@0,jesd204:0,parent=spi1.0: JESD204[0] transition opt_setup_stage4 -> opt_setup_stage5
[    8.113419] axi_adxcvr 84a60000.axi-adxcvr-rx: adxcvr_clk_enable: QPLL RX buffer underflow error, status: 0x61
[    8.123408] axi_adxcvr 84a60000.axi-adxcvr-rx: adxcvr_clk_enable: QPLL RX buffer overflow error, status: 0x61
[    8.137457] jesd204: /axi/spi@ff040000/ad9081@0,jesd204:0,parent=spi1.0: JESD204[2] transition opt_setup_stage5 -> clocks_enable
[    8.149019] jesd204: /axi/spi@ff040000/ad9081@0,jesd204:0,parent=spi1.0: JESD204[0] transition opt_setup_stage5 -> clocks_enable
[    8.160636] jesd204: /axi/spi@ff040000/ad9081@0,jesd204:0,parent=spi1.0: JESD204[2] transition clocks_enable -> link_enable
[    8.171768] jesd204: /axi/spi@ff040000/ad9081@0,jesd204:0,parent=spi1.0: JESD204[0] transition clocks_enable -> link_enable
[    8.311671] axi-jesd204-rx 84a90000.axi-jesd204-rx: axi_jesd204_rx_jesd204_link_running: Link2 status failed (CGS)
[    8.322019] jesd204: /fpga-axi@0/axi-jesd204-rx@84a90000,jesd204:4,parent=84a90000.axi-jesd204-rx: JESD204[2] In link_running got error from cb: -1 (ignoring!)
[    8.431904] ad9081 spi1.0: JESD RX (JTX) Link2 in CGS, SYNC asserted, PLL locked, PHASE established, MODE valid
[    8.441994] jesd204: /axi/spi@ff040000/ad9081@0,jesd204:0,parent=spi1.0: JESD204[2] In link_running got error from cb: -1 (ignoring!)
[    8.454250] ad9081 spi1.0: JESD TX (JRX) Link0 0xF lanes in DATA
[    8.460256] jesd204: /axi/spi@ff040000/ad9081@0,jesd204:0,parent=spi1.0: JESD204[2] transition link_enable -> link_running
[    8.471295] jesd204: /axi/spi@ff040000/ad9081@0,jesd204:0,parent=spi1.0: JESD204[0] transition link_enable -> link_running
[    8.482340] jesd204: /axi/spi@ff040000/ad9081@0,jesd204:0,parent=spi1.0: JESD204[2] transition link_running -> opt_post_running_stage
[    8.494332] jesd204: /axi/spi@ff040000/ad9081@0,jesd204:0,parent=spi1.0: JESD204[0] transition link_running -> opt_post_running_stage
[    8.515546] input: gpio-keys as /devices/platform/gpio-keys/input/input0
[    8.522574] of_cfs_init
[    8.525041] of_cfs_init: OK
[    8.527979] cfg80211: Loading compiled-in X.509 certificates for regulatory database
[    8.666187] cfg80211: Loaded X.509 cert 'sforshee: 00b28ddf47aef9cea7'
[    8.672717] clk: Not disabling unused clocks
[    8.677246] ALSA device list:
[    8.680207]   No soundcards found.
[    8.683870] platform regulatory.0: Direct firmware load for regulatory.db failed with error -2
[    8.692479] cfg80211: failed to load regulatory.db
[    8.707491] EXT4-fs (mmcblk0p2): mounted filesystem with ordered data mode. Opts: (null)
[    8.715606] VFS: Mounted root (ext4 filesystem) on device 179:2.
[    8.729111] devtmpfs: mounted
[    8.732957] Freeing unused kernel memory: 2560K
[    8.751718] Run /sbin/init as init process
[    8.755814]   with arguments:
[    8.755817]     /sbin/init
[    8.755819]   with environment:
[    8.755821]     HOME=/
[    8.755824]     TERM=linux
[    9.343594] systemd[1]: systemd 241 running in system mode. (+PAM +AUDIT +SELINUX +IMA +APPARMOR +SMACK +SYSVINIT +UTMP +LIBCRYPTSETUP +GCRYPT +GNUTLS +ACL +XZ +LZ4 +SECCOMP +BLKID +ELFUTILS +KMOD -IDN2 +IDN -PCRE2 default-hierarchy=hybrid)
[    9.365457] systemd[1]: Detected architecture arm64.
[    9.388423] systemd[1]: Set hostname to <analog>.
[    9.585923] systemd[1]: File /lib/systemd/system/systemd-journald.service:12 configures an IP firewall (IPAddressDeny=any), but the local system does not support BPF/cgroup based firewalling.
[    9.602994] systemd[1]: Proceeding WITHOUT firewalling in effect! (This warning is only shown for the first loaded unit using IP firewalling.)
[    9.769962] systemd[1]: /etc/systemd/system/tof-server.service:1: Assignment outside of section. Ignoring.
[    9.779689] systemd[1]: /etc/systemd/system/tof-server.service:2: Assignment outside of section. Ignoring.
[    9.966697] random: systemd: uninitialized urandom read (16 bytes read)
[    9.981601] random: systemd: uninitialized urandom read (16 bytes read)
[    9.988660] systemd[1]: Listening on fsck to fsckd communication Socket.
[   10.011748] random: systemd: uninitialized urandom read (16 bytes read)
[   10.018959] systemd[1]: Created slice system-serial\x2dgetty.slice.
[   10.040076] systemd[1]: Listening on udev Control Socket.
[   10.592106] ------------[ cut here ]------------
[   10.592115] Enabling unprepared \xa0\xe9Q\x88\xff\xff\xffpQ\x88\xff\xff\xff
[   10.592163] WARNING: CPU: 3 PID: 145 at drivers/clk/clk.c:1012 clk_core_enable+0xa4/0xc0
[   10.592166] Modules linked in:
[   10.592177] CPU: 3 PID: 145 Comm: kworker/3:2H Not tainted 5.10.0-98103-g2aa7ac113716 #5577
[   10.592179] Hardware name: ZynqMP ZCU102 Rev1.0 (DT)
[   10.592189] Workqueue: kblockd blk_mq_run_work_fn
[   10.592197] pstate: 80000085 (Nzcv daIf -PAN -UAO -TCO BTYPE=--)
[   10.592202] pc : clk_core_enable+0xa4/0xc0
[   10.592207] lr : clk_core_enable+0xa4/0xc0
[   10.592210] sp : ffffffc012bdb2d0
[   10.592213] x29: ffffffc012bdb2d0 x28: ffffff8800330c10 
[   10.592220] x27: ffffff8800330d48 x26: 0000005000000101 
[   10.592227] x25: 000000027165fffe x24: 0000000000000001 
[   10.592233] x23: ffffff88010e9380 x22: ffffff8801083220 
[   10.592240] x21: ffffff8801517000 x20: ffffff8801517008 
[   10.592246] x19: ffffff8801517008 x18: 0000000000000030 
[   10.592253] x17: 000028c35f59ac69 x16: 0000000000000011 
[   10.592259] x15: ffffffffffff8998 x14: ffffffc011d3b1a0 
[   10.592266] x13: ffffffc011d3b1c8 x12: 00000000000005f7 
[   10.592272] x11: 00000000000001fd x10: ffffffc011d671c8 
[   10.592278] x9 : 00000000fffff800 x8 : ffffffc011d3b1c8 
[   10.592285] x7 : ffffffc011d671c8 x6 : 0000000000000001 
[   10.592291] x5 : ffffff887f7a89e0 x4 : 0000000000000000 
[   10.592297] x3 : 0000000000000027 x2 : 0000000000000023 
[   10.592304] x1 : a829ce694b3fca00 x0 : 0000000000000000 
[   10.592310] Call trace:
[   10.592317]  clk_core_enable+0xa4/0xc0
[   10.592322]  clk_enable+0x2c/0x60
[   10.592328]  zynqmp_runtime_resume+0x24/0x84
[   10.592335]  pm_generic_runtime_resume+0x30/0x50
[   10.592341]  __genpd_runtime_resume+0x30/0xb0
[   10.592347]  genpd_runtime_resume+0x90/0x250
[   10.592352]  __rpm_callback+0x10c/0x1e0
[   10.592358]  rpm_callback+0x5c/0x84
[   10.592363]  rpm_resume+0x4a4/0x74c
[   10.592368]  __pm_runtime_resume+0x78/0xc4
[   10.592372]  spi_mem_access_start.isra.0+0x30/0x80
[   10.592376]  spi_mem_exec_op+0x3b0/0x424
[   10.592381]  spi_nor_read_sr+0x78/0xe0
[   10.592386]  spi_nor_wait_till_ready_with_timeout+0xb4/0x2f0
[   10.592390]  spi_nor_read+0x188/0x380
[   10.592396]  mtd_read_oob_std+0x78/0x84
[   10.592400]  mtd_read_oob+0x7c/0x134
[   10.592405]  mtd_read+0x48/0x7c
[   10.592411]  mtdblock_readsect+0x6c/0x150
[   10.592415]  mtd_queue_rq+0x2cc/0x5a0
[   10.592421]  blk_mq_dispatch_rq_list+0x110/0x790
[   10.592427]  __blk_mq_do_dispatch_sched+0x200/0x274
[   10.592433]  __blk_mq_sched_dispatch_requests+0x1a8/0x1fc
[   10.592438]  blk_mq_sched_dispatch_requests+0x3c/0x7c
[   10.592443]  __blk_mq_run_hw_queue+0x98/0x100
[   10.592448]  blk_mq_run_work_fn+0x24/0x30
[   10.592453]  process_one_work+0x1d4/0x380
[   10.592457]  worker_thread+0x78/0x4e0
[   10.592462]  kthread+0x124/0x130
[   10.592468]  ret_from_fork+0x10/0x3c
[   10.592471] ---[ end trace 3e90aeb66dc74389 ]---
[   10.592479] zynqmp-qspi ff0f0000.spi: Cannot enable APB clock.
[   10.592529] spi_master spi0: Failed to power device: -108
[   10.592539] blk_update_request: I/O error, dev mtdblock0, sector 8 op 0x0:(READ) flags 0x80700 phys_seg 1 prio class 0
[   10.592602] spi_master spi0: Failed to power device: -22
[   10.592609] blk_update_request: I/O error, dev mtdblock0, sector 8 op 0x0:(READ) flags 0x0 phys_seg 8 prio class 0
[   10.592615] Buffer I/O error on dev mtdblock0, logical block 8, async page read
[   10.592624] spi_master spi0: Failed to power device: -22
[   10.592629] blk_update_request: I/O error, dev mtdblock0, sector 9 op 0x0:(READ) flags 0x0 phys_seg 7 prio class 0
[   10.592634] Buffer I/O error on dev mtdblock0, logical block 9, async page read
[   10.592641] spi_master spi0: Failed to power device: -22
[   10.592647] blk_update_request: I/O error, dev mtdblock0, sector 10 op 0x0:(READ) flags 0x0 phys_seg 6 prio class 0
[   10.592650] Buffer I/O error on dev mtdblock0, logical block 10, async page read
[   10.592657] spi_master spi0: Failed to power device: -22
[   10.592663] blk_update_request: I/O error, dev mtdblock0, sector 11 op 0x0:(READ) flags 0x0 phys_seg 5 prio class 0
[   10.592667] Buffer I/O error on dev mtdblock0, logical block 11, async page read
[   10.592674] spi_master spi0: Failed to power device: -22
[   10.592679] blk_update_request: I/O error, dev mtdblock0, sector 12 op 0x0:(READ) flags 0x0 phys_seg 4 prio class 0
[   10.592683] Buffer I/O error on dev mtdblock0, logical block 12, async page read
[   10.592690] spi_master spi0: Failed to power device: -22
[   10.592696] blk_update_request: I/O error, dev mtdblock0, sector 13 op 0x0:(READ) flags 0x0 phys_seg 3 prio class 0
[   10.592699] Buffer I/O error on dev mtdblock0, logical block 13, async page read
[   10.592706] spi_master spi0: Failed to power device: -22
[   10.592711] blk_update_request: I/O error, dev mtdblock0, sector 14 op 0x0:(READ) flags 0x0 phys_seg 2 prio class 0
[   10.592715] Buffer I/O error on dev mtdblock0, logical block 14, async page read
[   10.592722] spi_master spi0: Failed to power device: -22
[   10.592727] blk_update_request: I/O error, dev mtdblock0, sector 15 op 0x0:(READ) flags 0x0 phys_seg 1 prio class 0
[   10.592731] Buffer I/O error on dev mtdblock0, logical block 15, async page read
[   10.593051] spi_master spi0: Failed to power device: -22
[   10.593058] blk_update_request: I/O error, dev mtdblock1, sector 10112 op 0x0:(READ) flags 0x80700 phys_seg 1 prio class 0
[   10.593101] spi_master spi0: Failed to power device: -22
[   10.593107] Buffer I/O error on dev mtdblock1, logical block 10112, async page read
[   10.593114] spi_master spi0: Failed to power device: -22
[   10.593119] Buffer I/O error on dev mtdblock1, logical block 10113, async page read
[   10.593126] spi_master spi0: Failed to power device: -22
[   10.593133] spi_master spi0: Failed to power device: -22
[   10.593141] spi_master spi0: Failed to power device: -22
[   10.593148] spi_master spi0: Failed to power device: -22
[   10.593155] spi_master spi0: Failed to power device: -22
[   10.593162] spi_master spi0: Failed to power device: -22
[   10.593391] spi_master spi0: Failed to power device: -22
[   10.593435] spi_master spi0: Failed to power device: -22
[   10.593444] spi_master spi0: Failed to power device: -22
[   10.593452] spi_master spi0: Failed to power device: -22
[   10.593459] spi_master spi0: Failed to power device: -22
[   10.593467] spi_master spi0: Failed to power device: -22
[   10.593474] spi_master spi0: Failed to power device: -22
[   10.593481] spi_master spi0: Failed to power device: -22
[   10.593488] spi_master spi0: Failed to power device: -22
[   10.593749] spi_master spi0: Failed to power device: -22
[   10.593792] spi_master spi0: Failed to power device: -22
[   10.593801] spi_master spi0: Failed to power device: -22
[   10.593809] spi_master spi0: Failed to power device: -22
[   10.593817] spi_master spi0: Failed to power device: -22
[   10.593824] spi_master spi0: Failed to power device: -22
[   10.593831] spi_master spi0: Failed to power device: -22
[   10.593838] spi_master spi0: Failed to power device: -22
[   10.593846] spi_master spi0: Failed to power device: -22
[   10.722392] EXT4-fs (mmcblk0p2): re-mounted. Opts: (null)
[   10.847021] systemd-journald[163]: Received request to flush runtime journal from PID 1
[   16.786058] macb ff0e0000.ethernet eth0: PHY [ff0e0000.ethernet-ffffffff:0c] driver [TI DP83867] (irq=POLL)
[   16.786071] macb ff0e0000.ethernet eth0: configuring for phy/rgmii-id link mode
[   17.123701] Adding 102396k swap on /var/swap.  Priority:-2 extents:4 across:9953604k SS
[   18.907693] random: crng init done
[   18.907705] random: 7 urandom warning(s) missed due to ratelimiting
[   19.760456] broken atomic modeset userspace detected, disabling atomic
[   20.865281] macb ff0e0000.ethernet eth0: Link is Up - 1Gbps/Full - flow control off
[   20.865306] IPv6: ADDRCONF(NETDEV_CHANGE): eth0: link becomes ready
[   22.440701] broken atomic modeset userspace detected, disabling atomic
[   25.519100] broken atomic modeset userspace detected, disabling atomic
[   28.200415] broken atomic modeset userspace detected, disabling atomic