[    0.000000] Booting Linux on physical CPU 0x0000000000 [0x410fd034]
[    0.000000] Linux version 5.10.0-98103-g2aa7ac113716 (jenkins@romlxbuild1.adlk.analog.com) (aarch64-xilinx-linux-gcc.real (GCC) 10.2.0, GNU ld (GNU Binutils) 2.35.0.20200730) #5577 SMP Wed Mar 23 07:28:49 GMT 2022
[    0.000000] Machine model: ZynqMP ZCU102 Rev1.0
[    0.000000] earlycon: cdns0 at MMIO 0x00000000ff000000 (options '115200n8')
[    0.000000] printk: bootconsole [cdns0] enabled
[    0.000000] efi: UEFI not found.
[    0.000000] cma: Reserved 256 MiB at 0x0000000070000000
[    0.000000] Zone ranges:
[    0.000000]   DMA      [mem 0x0000000000000000-0x000000003fffffff]
[    0.000000]   DMA32    [mem 0x0000000040000000-0x00000000ffffffff]
[    0.000000]   Normal   [mem 0x0000000100000000-0x000000087fffffff]
[    0.000000] Movable zone start for each node
[    0.000000] Early memory node ranges
[    0.000000]   node   0: [mem 0x0000000000000000-0x000000007fffffff]
[    0.000000]   node   0: [mem 0x0000000800000000-0x000000087fffffff]
[    0.000000] Initmem setup node 0 [mem 0x0000000000000000-0x000000087fffffff]
[    0.000000] On node 0 totalpages: 1048576
[    0.000000]   DMA zone: 3584 pages used for memmap
[    0.000000]   DMA zone: 0 pages reserved
[    0.000000]   DMA zone: 262144 pages, LIFO batch:63
[    0.000000]   DMA32 zone: 3584 pages used for memmap
[    0.000000]   DMA32 zone: 262144 pages, LIFO batch:63
[    0.000000]   Normal zone: 7168 pages used for memmap
[    0.000000]   Normal zone: 524288 pages, LIFO batch:63
[    0.000000] psci: probing for conduit method from DT.
[    0.000000] psci: PSCIv1.1 detected in firmware.
[    0.000000] psci: Using standard PSCI v0.2 function IDs
[    0.000000] psci: MIGRATE_INFO_TYPE not supported.
[    0.000000] psci: SMC Calling Convention v1.2
[    0.000000] percpu: Embedded 22 pages/cpu s49496 r8192 d32424 u90112
[    0.000000] pcpu-alloc: s49496 r8192 d32424 u90112 alloc=22*4096
[    0.000000] pcpu-alloc: [0] 0 [0] 1 [0] 2 [0] 3 
[    0.000000] Detected VIPT I-cache on CPU0
[    0.000000] CPU features: detected: ARM erratum 845719
[    0.000000] Built 1 zonelists, mobility grouping on.  Total pages: 1034240
[    0.000000] Kernel command line: console=ttyPS0,115200 root=/dev/mmcblk0p2 rw earlycon rootfstype=ext4 rootwait clk_ignore_unused cpuidle.off=1 root=/dev/mmcblk0p2 rw rootwait
[    0.000000] Dentry cache hash table entries: 524288 (order: 10, 4194304 bytes, linear)
[    0.000000] Inode-cache hash table entries: 262144 (order: 9, 2097152 bytes, linear)
[    0.000000] mem auto-init: stack:off, heap alloc:off, heap free:off
[    0.000000] software IO TLB: mapped [mem 0x000000003bfff000-0x000000003ffff000] (64MB)
[    0.000000] Memory: 3761904K/4194304K available (15296K kernel code, 1636K rwdata, 11876K rodata, 2560K init, 507K bss, 170256K reserved, 262144K cma-reserved)
[    0.000000] rcu: Hierarchical RCU implementation.
[    0.000000] rcu: 	RCU event tracing is enabled.
[    0.000000] rcu: 	RCU restricting CPUs from NR_CPUS=8 to nr_cpu_ids=4.
[    0.000000] rcu: RCU calculated value of scheduler-enlistment delay is 25 jiffies.
[    0.000000] rcu: Adjusting geometry for rcu_fanout_leaf=16, nr_cpu_ids=4
[    0.000000] NR_IRQS: 64, nr_irqs: 64, preallocated irqs: 0
[    0.000000] GIC: Adjusting CPU interface base to 0x00000000f902f000
[    0.000000] GIC: Using split EOI/Deactivate mode
[    0.000000] random: get_random_bytes called from start_kernel+0x31c/0x54c with crng_init=0
[    0.000000] arch_timer: cp15 timer(s) running at 100.00MHz (phys).
[    0.000000] clocksource: arch_sys_counter: mask: 0xffffffffffffff max_cycles: 0x171024e7e0, max_idle_ns: 440795205315 ns
[    0.000003] sched_clock: 56 bits at 100MHz, resolution 10ns, wraps every 4398046511100ns
[    0.008463] Console: colour dummy device 80x25
[    0.012482] Calibrating delay loop (skipped), value calculated using timer frequency.. 200.00 BogoMIPS (lpj=400000)
[    0.022841] pid_max: default: 32768 minimum: 301
[    0.027548] Mount-cache hash table entries: 8192 (order: 4, 65536 bytes, linear)
[    0.034789] Mountpoint-cache hash table entries: 8192 (order: 4, 65536 bytes, linear)
[    0.043397] rcu: Hierarchical SRCU implementation.
[    0.047559] EFI services will not be available.
[    0.051938] smp: Bringing up secondary CPUs ...
[    0.056657] Detected VIPT I-cache on CPU1
[    0.056696] CPU1: Booted secondary processor 0x0000000001 [0x410fd034]
[    0.057062] Detected VIPT I-cache on CPU2
[    0.057086] CPU2: Booted secondary processor 0x0000000002 [0x410fd034]
[    0.057425] Detected VIPT I-cache on CPU3
[    0.057448] CPU3: Booted secondary processor 0x0000000003 [0x410fd034]
[    0.057494] smp: Brought up 1 node, 4 CPUs
[    0.091780] SMP: Total of 4 processors activated.
[    0.096452] CPU features: detected: 32-bit EL0 Support
[    0.101556] CPU features: detected: CRC32 instructions
[    0.106695] CPU: All CPU(s) started at EL2
[    0.110736] alternatives: patching kernel code
[    0.116166] devtmpfs: initialized
[    0.124060] Registered cp15_barrier emulation handler
[    0.124110] Registered setend emulation handler
[    0.128093] clocksource: jiffies: mask: 0xffffffff max_cycles: 0xffffffff, max_idle_ns: 7645041785100000 ns
[    0.137670] futex hash table entries: 1024 (order: 4, 65536 bytes, linear)
[    0.151033] pinctrl core: initialized pinctrl subsystem
[    0.151677] NET: Registered protocol family 16
[    0.156100] DMA: preallocated 512 KiB GFP_KERNEL pool for atomic allocations
[    0.162116] DMA: preallocated 512 KiB GFP_KERNEL|GFP_DMA pool for atomic allocations
[    0.169844] DMA: preallocated 512 KiB GFP_KERNEL|GFP_DMA32 pool for atomic allocations
[    0.177644] audit: initializing netlink subsys (disabled)
[    0.183095] audit: type=2000 audit(0.116:1): state=initialized audit_enabled=0 res=1
[    0.183440] hw-breakpoint: found 6 breakpoint and 4 watchpoint registers.
[    0.197471] ASID allocator initialised with 65536 entries
[    0.224311] HugeTLB registered 1.00 GiB page size, pre-allocated 0 pages
[    0.225368] HugeTLB registered 32.0 MiB page size, pre-allocated 0 pages
[    0.232039] HugeTLB registered 2.00 MiB page size, pre-allocated 0 pages
[    0.238701] HugeTLB registered 64.0 KiB page size, pre-allocated 0 pages
[    1.304300] DRBG: Continuing without Jitter RNG
[    1.382096] raid6: neonx8   gen()  2148 MB/s
[    1.450141] raid6: neonx8   xor()  1599 MB/s
[    1.518201] raid6: neonx4   gen()  2199 MB/s
[    1.586248] raid6: neonx4   xor()  1567 MB/s
[    1.654317] raid6: neonx2   gen()  2076 MB/s
[    1.722368] raid6: neonx2   xor()  1441 MB/s
[    1.790425] raid6: neonx1   gen()  1772 MB/s
[    1.858476] raid6: neonx1   xor()  1220 MB/s
[    1.926533] raid6: int64x8  gen()  1438 MB/s
[    1.994590] raid6: int64x8  xor()   771 MB/s
[    2.062654] raid6: int64x4  gen()  1598 MB/s
[    2.130713] raid6: int64x4  xor()   817 MB/s
[    2.198788] raid6: int64x2  gen()  1397 MB/s
[    2.266837] raid6: int64x2  xor()   749 MB/s
[    2.334901] raid6: int64x1  gen()  1033 MB/s
[    2.402963] raid6: int64x1  xor()   517 MB/s
[    2.403001] raid6: using algorithm neonx4 gen() 2199 MB/s
[    2.406961] raid6: .... xor() 1567 MB/s, rmw enabled
[    2.411892] raid6: using neon recovery algorithm
[    2.416903] iommu: Default domain type: Translated 
[    2.421518] SCSI subsystem initialized
[    2.425060] libata version 3.00 loaded.
[    2.425187] usbcore: registered new interface driver usbfs
[    2.430515] usbcore: registered new interface driver hub
[    2.435791] usbcore: registered new device driver usb
[    2.440925] mc: Linux media interface: v0.10
[    2.445039] videodev: Linux video capture interface: v2.00
[    2.450530] EDAC MC: Ver: 3.0.0
[    2.453964] zynqmp-ipi-mbox mailbox@ff990400: Registered ZynqMP IPI mbox with TX/RX channels.
[    2.462475] jesd204: created con: id=0, topo=0, link=0, /axi/spi@ff050000/hmc7044@0 <-> /fpga-axi@0/axi-adxcvr-tx@84b60000
[    2.473060] jesd204: created con: id=1, topo=0, link=2, /axi/spi@ff050000/hmc7044@0 <-> /fpga-axi@0/axi-adxcvr-rx@84a60000
[    2.484044] jesd204: created con: id=2, topo=0, link=0, /fpga-axi@0/axi-adxcvr-tx@84b60000 <-> /fpga-axi@0/axi-jesd204-tx@84b90000
[    2.495720] jesd204: created con: id=3, topo=0, link=2, /fpga-axi@0/axi-adxcvr-rx@84a60000 <-> /fpga-axi@0/axi-jesd204-rx@84a90000
[    2.507397] jesd204: created con: id=4, topo=0, link=0, /fpga-axi@0/axi-jesd204-tx@84b90000 <-> /fpga-axi@0/axi-ad9081-tx-hpc@84b10000
[    2.519424] jesd204: created con: id=5, topo=0, link=2, /fpga-axi@0/axi-jesd204-rx@84a90000 <-> /fpga-axi@0/axi-ad9081-rx-hpc@84a10000
[    2.531447] jesd204: created con: id=6, topo=0, link=2, /fpga-axi@0/axi-ad9081-rx-hpc@84a10000 <-> /axi/spi@ff040000/ad9081@0
[    2.542689] jesd204: created con: id=7, topo=0, link=0, /fpga-axi@0/axi-ad9081-tx-hpc@84b10000 <-> /axi/spi@ff040000/ad9081@0
[    2.553939] jesd204: /axi/spi@ff040000/ad9081@0: JESD204[2] transition uninitialized -> initialized
[    2.562925] jesd204: /axi/spi@ff040000/ad9081@0: JESD204[0] transition uninitialized -> initialized
[    2.571917] jesd204: found 8 devices and 1 topologies
[    2.576959] FPGA manager framework
[    2.580438] Advanced Linux Sound Architecture Driver Initialized.
[    2.586736] Bluetooth: Core ver 2.22
[    2.589920] NET: Registered protocol family 31
[    2.594321] Bluetooth: HCI device and connection manager initialized
[    2.600638] Bluetooth: HCI socket layer initialized
[    2.605479] Bluetooth: L2CAP socket layer initialized
[    2.610504] Bluetooth: SCO socket layer initialized
[    2.615693] clocksource: Switched to clocksource arch_sys_counter
[    2.621492] VFS: Disk quotas dquot_6.6.0
[    2.625331] VFS: Dquot-cache hash table entries: 512 (order 0, 4096 bytes)
[    2.636035] NET: Registered protocol family 2
[    2.636785] tcp_listen_portaddr_hash hash table entries: 2048 (order: 3, 32768 bytes, linear)
[    2.644973] TCP established hash table entries: 32768 (order: 6, 262144 bytes, linear)
[    2.652997] TCP bind hash table entries: 32768 (order: 7, 524288 bytes, linear)
[    2.660441] TCP: Hash tables configured (established 32768 bind 32768)
[    2.666618] UDP hash table entries: 2048 (order: 4, 65536 bytes, linear)
[    2.673283] UDP-Lite hash table entries: 2048 (order: 4, 65536 bytes, linear)
[    2.680443] NET: Registered protocol family 1
[    2.684909] RPC: Registered named UNIX socket transport module.
[    2.690519] RPC: Registered udp transport module.
[    2.695187] RPC: Registered tcp transport module.
[    2.699852] RPC: Registered tcp NFSv4.1 backchannel transport module.
[    2.706837] PCI: CLS 0 bytes, default 64
[    2.710549] hw perfevents: no interrupt-affinity property for /pmu, guessing.
[    2.717403] hw perfevents: enabled with armv8_pmuv3 PMU driver, 7 counters available
[    2.725751] Initialise system trusted keyrings
[    2.729426] workingset: timestamp_bits=62 max_order=20 bucket_order=0
[    2.736335] NFS: Registering the id_resolver key type
[    2.740781] Key type id_resolver registered
[    2.744919] Key type id_legacy registered
[    2.748913] nfs4filelayout_init: NFSv4 File Layout Driver Registering...
[    2.755576] jffs2: version 2.2. (NAND) (SUMMARY)  Â© 2001-2006 Red Hat, Inc.
[    2.799120] NET: Registered protocol family 38
[    2.799162] xor: measuring software checksum speed
[    2.806851]    8regs           :  2363 MB/sec
[    2.810519]    32regs          :  2799 MB/sec
[    2.815462]    arm64_neon      :  2380 MB/sec
[    2.815652] xor: using function: 32regs (2799 MB/sec)
[    2.820678] Key type asymmetric registered
[    2.824739] Asymmetric key parser 'x509' registered
[    2.829601] Block layer SCSI generic (bsg) driver version 0.4 loaded (major 248)
[    2.836937] io scheduler mq-deadline registered
[    2.841433] io scheduler kyber registered
[    2.870840] Serial: 8250/16550 driver, 4 ports, IRQ sharing disabled
[    2.875481] cacheinfo: Unable to detect cache hierarchy for CPU 0
[    2.881837] brd: module loaded
[    2.885992] loop: module loaded
[    2.886545] Registered mathworks_ip class
[    2.889861] libphy: Fixed MDIO Bus: probed
[    2.892821] tun: Universal TUN/TAP device driver, 1.6
[    2.896890] CAN device driver interface
[    2.901428] usbcore: registered new interface driver asix
[    2.906016] usbcore: registered new interface driver ax88179_178a
[    2.912055] usbcore: registered new interface driver cdc_ether
[    2.917851] usbcore: registered new interface driver net1080
[    2.923473] usbcore: registered new interface driver cdc_subset
[    2.929355] usbcore: registered new interface driver zaurus
[    2.934899] usbcore: registered new interface driver cdc_ncm
[    2.941302] ehci_hcd: USB 2.0 'Enhanced' Host Controller (EHCI) Driver
[    2.946984] ehci-pci: EHCI PCI platform driver
[    2.951793] usbcore: registered new interface driver uas
[    2.956703] usbcore: registered new interface driver usb-storage
[    2.962693] usbcore: registered new interface driver usbserial_generic
[    2.969139] usbserial: USB Serial support registered for generic
[    2.975113] usbcore: registered new interface driver ftdi_sio
[    2.980813] usbserial: USB Serial support registered for FTDI USB Serial Device
[    2.988085] usbcore: registered new interface driver upd78f0730
[    2.993962] usbserial: USB Serial support registered for upd78f0730
[    3.001620] rtc_zynqmp ffa60000.rtc: registered as rtc0
[    3.005390] rtc_zynqmp ffa60000.rtc: setting system clock to 2022-04-12T21:02:43 UTC (1649797363)
[    3.014253] i2c /dev entries driver
[    3.019565] usbcore: registered new interface driver uvcvideo
[    3.023363] USB Video Class driver (1.1.1)
[    3.028942] Bluetooth: HCI UART driver ver 2.3
[    3.031844] Bluetooth: HCI UART protocol H4 registered
[    3.036943] Bluetooth: HCI UART protocol BCSP registered
[    3.042231] Bluetooth: HCI UART protocol LL registered
[    3.047322] Bluetooth: HCI UART protocol ATH3K registered
[    3.052697] Bluetooth: HCI UART protocol Three-wire (H5) registered
[    3.058949] Bluetooth: HCI UART protocol Intel registered
[    3.064289] Bluetooth: HCI UART protocol QCA registered
[    3.069490] usbcore: registered new interface driver bcm203x
[    3.075109] usbcore: registered new interface driver bpa10x
[    3.080645] usbcore: registered new interface driver bfusb
[    3.086099] usbcore: registered new interface driver btusb
[    3.091556] usbcore: registered new interface driver ath3k
[    3.097042] EDAC MC: ECC not enabled
[    3.100670] EDAC DEVICE0: Giving out device to module zynqmp-ocm-edac controller zynqmp_ocm: DEV ff960000.memory-controller (INTERRUPT)
[    3.112979] sdhci: Secure Digital Host Controller Interface driver
[    3.118772] sdhci: Copyright(c) Pierre Ossman
[    3.123094] sdhci-pltfm: SDHCI platform and OF driver helper
[    3.129149] ledtrig-cpu: registered to indicate activity on CPUs
[    3.134700] SMCCC: SOC_ID: ARCH_SOC_ID not implemented, skipping ....
[    3.141133] zynqmp_firmware_probe Platform Management API v1.1
[    3.146887] zynqmp_firmware_probe Trustzone version v1.0
[    3.186440] zynqmp-pinctrl firmware:zynqmp-firmware:pinctrl: zynqmp pinctrl initialized
[    3.234430] zynqmp-aes firmware:zynqmp-firmware:zynqmp-aes: will run requests pump with realtime priority
[    3.250173] alg: No test for xilinx-keccak-384 (zynqmp-keccak-384)
[    3.250877] alg: No test for xilinx-zynqmp-rsa (zynqmp-rsa)
[    3.256396] usbcore: registered new interface driver usbhid
[    3.261783] usbhid: USB HID core driver
[    3.273031] axi_sysid 85000000.axi-sysid-0: AXI System ID core version (1.01.a) found
[    3.275381] axi_sysid 85000000.axi-sysid-0: [ad9081_fmca_ebz] on [zcu102] git branch <master> git <084d44c9780640ca93fd847b1d9ec70dd65f5c67> clean [2022-03-18 04:17:50] UTC
[    3.291069] fpga_manager fpga0: Xilinx ZynqMP FPGA Manager registered
[    3.297423] usbcore: registered new interface driver snd-usb-audio
[    3.304879] pktgen: Packet Generator for packet performance testing. Version: 2.75
[    3.311074] Initializing XFRM netlink socket
[    3.314910] NET: Registered protocol family 10
[    3.319625] Segment Routing with IPv6
[    3.323003] sit: IPv6, IPv4 and MPLS over IPv4 tunneling driver
[    3.329080] NET: Registered protocol family 17
[    3.333184] NET: Registered protocol family 15
[    3.337686] can: controller area network core
[    3.341936] NET: Registered protocol family 29
[    3.346322] can: raw protocol
[    3.349261] can: broadcast manager protocol
[    3.353413] can: netlink gateway - max_hops=1
[    3.357810] Bluetooth: RFCOMM TTY layer initialized
[    3.362589] Bluetooth: RFCOMM socket layer initialized
[    3.367703] Bluetooth: RFCOMM ver 1.11
[    3.371402] Bluetooth: BNEP (Ethernet Emulation) ver 1.3
[    3.376680] Bluetooth: BNEP filters: protocol multicast
[    3.381872] Bluetooth: BNEP socket layer initialized
[    3.386799] Bluetooth: HIDP (Human Interface Emulation) ver 1.2
[    3.392683] Bluetooth: HIDP socket layer initialized
[    3.397734] 9pnet: Installing 9P2000 support
[    3.401860] NET: Registered protocol family 36
[    3.406277] Key type dns_resolver registered
[    3.410718] registered taskstats version 1
[    3.414573] Loading compiled-in X.509 certificates
[    3.419678] Btrfs loaded, crc32c=crc32c-generic
[    3.432088] ff000000.serial: ttyPS0 at MMIO 0xff000000 (irq = 49, base_baud = 6249999) is a xuartps
[    3.441108] printk: console [ttyPS0] enabled
[    3.445402] printk: bootconsole [cdns0] disabled
[    3.455038] ff010000.serial: ttyPS1 at MMIO 0xff010000 (irq = 50, base_baud = 6249999) is a xuartps
[    3.468272] of-fpga-region fpga-full: FPGA Region probed
[    3.475215] nwl-pcie fd0e0000.pcie: host bridge /axi/pcie@fd0e0000 ranges:
[    3.482115] nwl-pcie fd0e0000.pcie:      MEM 0x00e0000000..0x00efffffff -> 0x00e0000000
[    3.490116] nwl-pcie fd0e0000.pcie:      MEM 0x0600000000..0x07ffffffff -> 0x0600000000
[    3.498184] nwl-pcie fd0e0000.pcie: Link is DOWN
[    3.502944] nwl-pcie fd0e0000.pcie: PCI host bridge to bus 0000:00
[    3.509123] pci_bus 0000:00: root bus resource [bus 00-ff]
[    3.514604] pci_bus 0000:00: root bus resource [mem 0xe0000000-0xefffffff]
[    3.521474] pci_bus 0000:00: root bus resource [mem 0x600000000-0x7ffffffff pref]
[    3.528977] pci 0000:00:00.0: [10ee:d021] type 01 class 0x060400
[    3.535034] pci 0000:00:00.0: PME# supported from D0 D1 D2 D3hot
[    3.545476] pci 0000:00:00.0: PCI bridge to [bus 01-0c]
[    3.551453] xilinx-zynqmp-dma fd500000.dma: ZynqMP DMA driver Probe success
[    3.558632] xilinx-zynqmp-dma fd510000.dma: ZynqMP DMA driver Probe success
[    3.565807] xilinx-zynqmp-dma fd520000.dma: ZynqMP DMA driver Probe success
[    3.572978] xilinx-zynqmp-dma fd530000.dma: ZynqMP DMA driver Probe success
[    3.580153] xilinx-zynqmp-dma fd540000.dma: ZynqMP DMA driver Probe success
[    3.587328] xilinx-zynqmp-dma fd550000.dma: ZynqMP DMA driver Probe success
[    3.594499] xilinx-zynqmp-dma fd560000.dma: ZynqMP DMA driver Probe success
[    3.601667] xilinx-zynqmp-dma fd570000.dma: ZynqMP DMA driver Probe success
[    3.609070] xilinx-zynqmp-dpdma fd4c0000.dma-controller: Xilinx DPDMA engine is probed
[    3.617621] ahci-ceva fd0c0000.ahci: supply ahci not found, using dummy regulator
[    3.625172] ahci-ceva fd0c0000.ahci: supply phy not found, using dummy regulator
[    3.715863] hmc7044 spi2.0: PLL1: Acquisition, CLKIN0 @ 122880000 Hz, PFD: 80 kHz - PLL2: Locked @ 2560.000000 MHz
[    3.726577] jesd204: /axi/spi@ff050000/hmc7044@0,jesd204:1,parent=spi2.0: Using as SYSREF provider
[    3.736154] spi-nor spi0.0: SPI-NOR-UniqueID 100000235394732200270025081115266e
[    3.743465] spi-nor spi0.0: found n25q512a, expected m25p80
[    3.749665] spi-nor spi0.0: trying to lock already unlocked area
[    3.755666] spi-nor spi0.0: n25q512a (131072 Kbytes)
[    3.760646] 4 fixed-partitions partitions found on MTD device spi0.0
[    3.766990] Creating 4 MTD partitions on "spi0.0":
[    3.771775] 0x000000000000-0x000000100000 : "qspi-fsbl-uboot"
[    3.778252] 0x000000100000-0x000000600000 : "qspi-linux"
[    3.784215] 0x000000600000-0x000000620000 : "qspi-device-tree"
[    3.790705] 0x000000620000-0x000000c00000 : "qspi-rootfs"
[    3.799163] macb ff0e0000.ethernet: Not enabling partial store and forward
[    3.806675] libphy: MACB_mii_bus: probed
[    3.811744] macb ff0e0000.ethernet eth0: Cadence GEM rev 0x50070106 at 0xff0e0000 irq 30 (00:0a:35:04:8e:1b)
[    3.821948] xilinx-axipmon ffa00000.perf-monitor: Probed Xilinx APM
[    3.828522] xilinx-axipmon fd0b0000.perf-monitor: Probed Xilinx APM
[    3.835042] xilinx-axipmon fd490000.perf-monitor: Probed Xilinx APM
[    3.841578] xilinx-axipmon ffa10000.perf-monitor: Probed Xilinx APM
[    3.851592] pca953x 0-0020: supply vcc not found, using dummy regulator
[    3.858276] pca953x 0-0020: using no AI
[    3.862764] gpio-496 (sel0): hogged as output/low
[    3.867662] gpio-497 (sel1): hogged as output/high
[    3.872652] gpio-498 (sel2): hogged as output/high
[    3.877637] gpio-499 (sel3): hogged as output/high
[    3.882806] pca953x 0-0021: supply vcc not found, using dummy regulator
[    3.889475] pca953x 0-0021: using no AI
[    3.895235] ina2xx 2-0040: power monitor ina226 (Rshunt = 5000 uOhm)
[    3.902263] ina2xx 2-0041: power monitor ina226 (Rshunt = 5000 uOhm)
[    3.909296] ina2xx 2-0042: power monitor ina226 (Rshunt = 5000 uOhm)
[    3.916333] ina2xx 2-0043: power monitor ina226 (Rshunt = 5000 uOhm)
[    3.923363] ina2xx 2-0044: power monitor ina226 (Rshunt = 5000 uOhm)
[    3.930385] ina2xx 2-0045: power monitor ina226 (Rshunt = 5000 uOhm)
[    3.937411] ina2xx 2-0046: power monitor ina226 (Rshunt = 5000 uOhm)
[    3.944487] ina2xx 2-0047: power monitor ina226 (Rshunt = 5000 uOhm)
[    3.951514] ina2xx 2-004a: power monitor ina226 (Rshunt = 5000 uOhm)
[    3.958549] ina2xx 2-004b: power monitor ina226 (Rshunt = 5000 uOhm)
[    3.964955] i2c i2c-0: Added multiplexed i2c bus 2
[    3.970339] random: fast init done
[    3.973816] ina2xx 3-0040: power monitor ina226 (Rshunt = 2000 uOhm)
[    3.980842] ina2xx 3-0041: power monitor ina226 (Rshunt = 5000 uOhm)
[    3.987868] ina2xx 3-0042: power monitor ina226 (Rshunt = 5000 uOhm)
[    3.994894] ina2xx 3-0043: power monitor ina226 (Rshunt = 5000 uOhm)
[    4.001919] ina2xx 3-0044: power monitor ina226 (Rshunt = 5000 uOhm)
[    4.008953] ina2xx 3-0045: power monitor ina226 (Rshunt = 5000 uOhm)
[    4.015977] ina2xx 3-0046: power monitor ina226 (Rshunt = 5000 uOhm)
[    4.023015] ina2xx 3-0047: power monitor ina226 (Rshunt = 5000 uOhm)
[    4.029415] i2c i2c-0: Added multiplexed i2c bus 3
[    4.085196] i2c i2c-0: Added multiplexed i2c bus 4
[    4.090140] i2c i2c-0: Added multiplexed i2c bus 5
[    4.094927] pca954x 0-0075: registered 4 multiplexed busses for I2C mux pca9544
[    4.102277] cdns-i2c ff020000.i2c: 400 kHz mmio ff020000 irq 32
[    4.110014] at24 6-0054: supply vcc not found, using dummy regulator
[    4.116901] at24 6-0054: 1024 byte 24c08 EEPROM, writable, 1 bytes/write
[    4.123644] i2c i2c-1: Added multiplexed i2c bus 6
[    4.130074] si5341 7-0036: Chip: 5341 Grade: 1 Rev: 1
[    4.167783] i2c i2c-1: Added multiplexed i2c bus 7
[    4.175430] si570 8-005d: registered, current frequency 300000000 Hz
[    4.181828] i2c i2c-1: Added multiplexed i2c bus 8
[    4.201617] si570 9-005d: registered, current frequency 148500000 Hz
[    4.208016] i2c i2c-1: Added multiplexed i2c bus 9
[    4.213050] si5324 10-0069: si5328 probed
[    4.280067] si5324 10-0069: si5328 probe successful
[    4.284993] i2c i2c-1: Added multiplexed i2c bus 10
[    4.290021] i2c i2c-1: Added multiplexed i2c bus 11
[    4.295045] i2c i2c-1: Added multiplexed i2c bus 12
[    4.300068] i2c i2c-1: Added multiplexed i2c bus 13
[    4.304948] pca954x 1-0074: registered 8 multiplexed busses for I2C switch pca9548
[    4.313062] at24 14-0050: supply vcc not found, using dummy regulator
[    4.319852] at24 14-0050: 256 byte 24c02 EEPROM, writable, 1 bytes/write
[    4.326601] i2c i2c-1: Added multiplexed i2c bus 14
[    4.331641] i2c i2c-1: Added multiplexed i2c bus 15
[    4.336675] i2c i2c-1: Added multiplexed i2c bus 16
[    4.341707] i2c i2c-1: Added multiplexed i2c bus 17
[    4.346744] i2c i2c-1: Added multiplexed i2c bus 18
[    4.351791] i2c i2c-1: Added multiplexed i2c bus 19
[    4.356829] i2c i2c-1: Added multiplexed i2c bus 20
[    4.361866] i2c i2c-1: Added multiplexed i2c bus 21
[    4.366740] pca954x 1-0075: registered 8 multiplexed busses for I2C switch pca9548
[    4.374350] cdns-i2c ff030000.i2c: 400 kHz mmio ff030000 irq 33
[    4.384102] cdns-wdt fd4d0000.watchdog: Xilinx Watchdog Timer with timeout 60s
[    4.393158] axi_adxcvr 84a60000.axi-adxcvr-rx: adxcvr_enforce_settings: Using QPLL without access, assuming desired Lane rate will be configured by a different instance
[    4.409792] axi_adxcvr 84a60000.axi-adxcvr-rx: AXI-ADXCVR-RX (17.05.a) using QPLL on GTH4 at 0x84A60000. Number of lanes: 4.
[    4.421951] axi_adxcvr 84b60000.axi-adxcvr-tx: AXI-ADXCVR-TX (17.05.a) using QPLL on GTH4 at 0x84B60000. Number of lanes: 4.
[    4.425901] mmc0: SDHCI controller on ff170000.mmc [ff170000.mmc] using ADMA 64-bit
[    4.441111] axi-jesd204-rx 84a90000.axi-jesd204-rx: AXI-JESD204-RX (1.07.a) at 0x84A90000. Encoder 8b10b, width 4/4, lanes 4, jesd204-fsm.
[    4.453942] axi-jesd204-tx 84b90000.axi-jesd204-tx: AXI-JESD204-TX (1.06.a) at 0x84B90000. Encoder 8b10b, width 4/4, lanes 4, jesd204-fsm.
[    4.467475] zynqmp-display fd4a0000.display: vtc bridge property not present
[    4.473452] mmc0: new high speed SDHC card at address 0001
[    4.477123] xilinx-dp-snd-codec fd4a0000.display:zynqmp_dp_snd_codec0: Failed to get required clock freq
[    4.480358] mmcblk0: mmc0:0001 EB1QT 29.8 GiB 
[    4.489484] xilinx-dp-snd-codec: probe of fd4a0000.display:zynqmp_dp_snd_codec0 failed with error -22
[    4.495097]  mmcblk0: p1 p2 p3
[    4.503478] xilinx-dp-snd-pcm zynqmp_dp_snd_pcm0: Xilinx DisplayPort Sound PCM probed
[    4.514331] xilinx-dp-snd-pcm zynqmp_dp_snd_pcm1: Xilinx DisplayPort Sound PCM probed
[    4.522538] OF: graph: no port node found in /axi/display@fd4a0000
[    4.528948] xlnx-drm xlnx-drm.0: bound fd4a0000.display (ops 0xffffffc010fcbdb8)
[    5.615709] zynqmp-display fd4a0000.display: [drm] Cannot find any crtc or sizes
[    5.623331] [drm] Initialized xlnx 1.0.0 20130509 for fd4a0000.display on minor 0
[    5.630819] zynqmp-display fd4a0000.display: ZynqMP DisplayPort Subsystem driver probed
[    5.639128] ahci-ceva fd0c0000.ahci: supply ahci not found, using dummy regulator
[    5.646668] ahci-ceva fd0c0000.ahci: supply phy not found, using dummy regulator
[    5.654123] ahci-ceva fd0c0000.ahci: supply target not found, using dummy regulator
[    5.661960] ahci-ceva fd0c0000.ahci: AHCI 0001.0301 32 slots 2 ports 6 Gbps 0x3 impl platform mode
[    5.670918] ahci-ceva fd0c0000.ahci: flags: 64bit ncq sntf pm clo only pmp fbs pio slum part ccc sds apst 
[    5.681612] scsi host0: ahci-ceva
[    5.685210] scsi host1: ahci-ceva
[    5.688646] ata1: SATA max UDMA/133 mmio [mem 0xfd0c0000-0xfd0c1fff] port 0x100 irq 45
[    5.696564] ata2: SATA max UDMA/133 mmio [mem 0xfd0c0000-0xfd0c1fff] port 0x180 irq 45
[    5.705166] ad9081 spi1.0: supply vdd not found, using dummy regulator
[    6.017942] ata1: SATA link down (SStatus 0 SControl 330)
[    6.023350] ata2: SATA link down (SStatus 0 SControl 330)
[    6.699711] zynqmp-display fd4a0000.display: [drm] Cannot find any crtc or sizes
[    7.496451] ad9081 spi1.0: AD9081 Rev. 2 Grade 10 (API 1.2.2) probed
[    7.503646] xhci-hcd xhci-hcd.1.auto: xHCI Host Controller
[    7.509134] xhci-hcd xhci-hcd.1.auto: new USB bus registered, assigned bus number 1
[    7.516882] xhci-hcd xhci-hcd.1.auto: hcc params 0x0238f625 hci version 0x100 quirks 0x0000000002010810
[    7.526294] xhci-hcd xhci-hcd.1.auto: irq 59, io mem 0xfe200000
[    7.532401] usb usb1: New USB device found, idVendor=1d6b, idProduct=0002, bcdDevice= 5.10
[    7.540660] usb usb1: New USB device strings: Mfr=3, Product=2, SerialNumber=1
[    7.547878] usb usb1: Product: xHCI Host Controller
[    7.552747] usb usb1: Manufacturer: Linux 5.10.0-98103-g2aa7ac113716 xhci-hcd
[    7.559873] usb usb1: SerialNumber: xhci-hcd.1.auto
[    7.565035] hub 1-0:1.0: USB hub found
[    7.568800] hub 1-0:1.0: 1 port detected
[    7.572909] xhci-hcd xhci-hcd.1.auto: xHCI Host Controller
[    7.578393] xhci-hcd xhci-hcd.1.auto: new USB bus registered, assigned bus number 2
[    7.586049] xhci-hcd xhci-hcd.1.auto: Host supports USB 3.0 SuperSpeed
[    7.592674] usb usb2: New USB device found, idVendor=1d6b, idProduct=0003, bcdDevice= 5.10
[    7.600933] usb usb2: New USB device strings: Mfr=3, Product=2, SerialNumber=1
[    7.608158] usb usb2: Product: xHCI Host Controller
[    7.613030] usb usb2: Manufacturer: Linux 5.10.0-98103-g2aa7ac113716 xhci-hcd
[    7.620155] usb usb2: SerialNumber: xhci-hcd.1.auto
[    7.625268] hub 2-0:1.0: USB hub found
[    7.629028] hub 2-0:1.0: 1 port detected
[    7.659090] cf_axi_adc 84a10000.axi-ad9081-rx-hpc: ADI AIM (10.01.b) at 0x84A10000 mapped to 0x(____ptrval____), probed ADC AD9081 as MASTER
[    7.692534] cf_axi_dds 84b10000.axi-ad9081-tx-hpc: Analog Devices CF_AXI_DDS_DDS MASTER (9.01.b) at 0x84B10000 mapped to 0x(____ptrval____), probed DDS AD9081
[    7.706736] jesd204: /axi/spi@ff040000/ad9081@0,jesd204:0,parent=spi1.0: JESD204[2] transition initialized -> probed
[    7.717259] jesd204: /axi/spi@ff040000/ad9081@0,jesd204:0,parent=spi1.0: JESD204[0] transition initialized -> probed
[    7.727781] jesd204: /axi/spi@ff040000/ad9081@0,jesd204:0,parent=spi1.0: JESD204[2] transition probed -> idle
[    7.737691] jesd204: /axi/spi@ff040000/ad9081@0,jesd204:0,parent=spi1.0: JESD204[0] transition probed -> idle
[    7.747604] jesd204: /axi/spi@ff040000/ad9081@0,jesd204:0,parent=spi1.0: JESD204[2] transition idle -> device_init
[    7.757947] jesd204: /axi/spi@ff040000/ad9081@0,jesd204:0,parent=spi1.0: JESD204[0] transition idle -> device_init
[    7.768300] jesd204: /axi/spi@ff040000/ad9081@0,jesd204:0,parent=spi1.0: JESD204[2] transition device_init -> link_init
[    7.779074] jesd204: /axi/spi@ff040000/ad9081@0,jesd204:0,parent=spi1.0: JESD204[0] transition device_init -> link_init
[    7.789866] jesd204: /axi/spi@ff040000/ad9081@0,jesd204:0,parent=spi1.0: JESD204[2] transition link_init -> link_supported
[    7.800904] jesd204: /axi/spi@ff040000/ad9081@0,jesd204:0,parent=spi1.0: JESD204[0] transition link_init -> link_supported
[    7.812323] hmc7044 spi2.0: hmc7044_jesd204_link_pre_setup: Link2 forcing continuous SYSREF mode
[    7.821437] jesd204: /axi/spi@ff040000/ad9081@0,jesd204:0,parent=spi1.0: JESD204[2] transition link_supported -> link_pre_setup
[    7.832910] jesd204: /axi/spi@ff040000/ad9081@0,jesd204:0,parent=spi1.0: JESD204[0] transition link_supported -> link_pre_setup
[    7.856755] jesd204: /axi/spi@ff040000/ad9081@0,jesd204:0,parent=spi1.0: JESD204[2] transition link_pre_setup -> clk_sync_stage1
[    7.868315] jesd204: /axi/spi@ff040000/ad9081@0,jesd204:0,parent=spi1.0: JESD204[0] transition link_pre_setup -> clk_sync_stage1
[    7.879880] jesd204: /axi/spi@ff040000/ad9081@0,jesd204:0,parent=spi1.0: JESD204[2] transition clk_sync_stage1 -> clk_sync_stage2
[    7.891524] jesd204: /axi/spi@ff040000/ad9081@0,jesd204:0,parent=spi1.0: JESD204[0] transition clk_sync_stage1 -> clk_sync_stage2
[    7.903176] jesd204: /axi/spi@ff040000/ad9081@0,jesd204:0,parent=spi1.0: JESD204[2] transition clk_sync_stage2 -> clk_sync_stage3
[    7.914825] jesd204: /axi/spi@ff040000/ad9081@0,jesd204:0,parent=spi1.0: JESD204[0] transition clk_sync_stage2 -> clk_sync_stage3
[    7.928492] jesd204: /axi/spi@ff040000/ad9081@0,jesd204:0,parent=spi1.0: JESD204[2] transition clk_sync_stage3 -> link_setup
[    7.939710] jesd204: /axi/spi@ff040000/ad9081@0,jesd204:0,parent=spi1.0: JESD204[0] transition clk_sync_stage3 -> link_setup
[    7.955795] jesd204: /axi/spi@ff040000/ad9081@0,jesd204:0,parent=spi1.0: JESD204[2] transition link_setup -> opt_setup_stage1
[    7.967094] jesd204: /axi/spi@ff040000/ad9081@0,jesd204:0,parent=spi1.0: JESD204[0] transition link_setup -> opt_setup_stage1
[    7.983390] jesd204: /axi/spi@ff040000/ad9081@0,jesd204:0,parent=spi1.0: JESD204[2] transition opt_setup_stage1 -> opt_setup_stage2
[    7.995208] jesd204: /axi/spi@ff040000/ad9081@0,jesd204:0,parent=spi1.0: JESD204[0] transition opt_setup_stage1 -> opt_setup_stage2
[    8.007181] jesd204: /axi/spi@ff040000/ad9081@0,jesd204:0,parent=spi1.0: JESD204[2] transition opt_setup_stage2 -> opt_setup_stage3
[    8.019000] jesd204: /axi/spi@ff040000/ad9081@0,jesd204:0,parent=spi1.0: JESD204[0] transition opt_setup_stage2 -> opt_setup_stage3
[    8.030823] jesd204: /axi/spi@ff040000/ad9081@0,jesd204:0,parent=spi1.0: JESD204[2] transition opt_setup_stage3 -> opt_setup_stage4
[    8.042643] jesd204: /axi/spi@ff040000/ad9081@0,jesd204:0,parent=spi1.0: JESD204[0] transition opt_setup_stage3 -> opt_setup_stage4
[    8.054471] jesd204: /axi/spi@ff040000/ad9081@0,jesd204:0,parent=spi1.0: JESD204[2] transition opt_setup_stage4 -> opt_setup_stage5
[    8.066296] jesd204: /axi/spi@ff040000/ad9081@0,jesd204:0,parent=spi1.0: JESD204[0] transition opt_setup_stage4 -> opt_setup_stage5
[    8.084237] jesd204: /axi/spi@ff040000/ad9081@0,jesd204:0,parent=spi1.0: JESD204[2] transition opt_setup_stage5 -> clocks_enable
[    8.095800] jesd204: /axi/spi@ff040000/ad9081@0,jesd204:0,parent=spi1.0: JESD204[0] transition opt_setup_stage5 -> clocks_enable
[    8.107420] jesd204: /axi/spi@ff040000/ad9081@0,jesd204:0,parent=spi1.0: JESD204[2] transition clocks_enable -> link_enable
[    8.118552] jesd204: /axi/spi@ff040000/ad9081@0,jesd204:0,parent=spi1.0: JESD204[0] transition clocks_enable -> link_enable
[    8.151932] ad9081 spi1.0: JESD RX (JTX) Link2 in DATA, SYNC deasserted, PLL locked, PHASE established, MODE valid
[    8.162536] ad9081 spi1.0: JESD TX (JRX) Link0 0xF lanes in DATA
[    8.168540] jesd204: /axi/spi@ff040000/ad9081@0,jesd204:0,parent=spi1.0: JESD204[2] transition link_enable -> link_running
[    8.179578] jesd204: /axi/spi@ff040000/ad9081@0,jesd204:0,parent=spi1.0: JESD204[0] transition link_enable -> link_running
[    8.190627] jesd204: /axi/spi@ff040000/ad9081@0,jesd204:0,parent=spi1.0: JESD204[2] transition link_running -> opt_post_running_stage
[    8.202624] jesd204: /axi/spi@ff040000/ad9081@0,jesd204:0,parent=spi1.0: JESD204[0] transition link_running -> opt_post_running_stage
[    8.223864] input: gpio-keys as /devices/platform/gpio-keys/input/input0
[    8.230872] of_cfs_init
[    8.233336] of_cfs_init: OK
[    8.236279] cfg80211: Loading compiled-in X.509 certificates for regulatory database
[    8.374387] cfg80211: Loaded X.509 cert 'sforshee: 00b28ddf47aef9cea7'
[    8.380914] clk: Not disabling unused clocks
[    8.385444] ALSA device list:
[    8.388405]   No soundcards found.
[    8.392075] platform regulatory.0: Direct firmware load for regulatory.db failed with error -2
[    8.400687] cfg80211: failed to load regulatory.db
[    8.416657] EXT4-fs (mmcblk0p2): mounted filesystem with ordered data mode. Opts: (null)
[    8.424772] VFS: Mounted root (ext4 filesystem) on device 179:2.
[    8.437887] devtmpfs: mounted
[    8.441699] Freeing unused kernel memory: 2560K
[    8.446315] Run /sbin/init as init process
[    8.450413]   with arguments:
[    8.450416]     /sbin/init
[    8.450418]   with environment:
[    8.450420]     HOME=/
[    8.450422]     TERM=linux
[    9.013691] systemd[1]: systemd 241 running in system mode. (+PAM +AUDIT +SELINUX +IMA +APPARMOR +SMACK +SYSVINIT +UTMP +LIBCRYPTSETUP +GCRYPT +GNUTLS +ACL +XZ +LZ4 +SECCOMP +BLKID +ELFUTILS +KMOD -IDN2 +IDN -PCRE2 default-hierarchy=hybrid)
[    9.035575] systemd[1]: Detected architecture arm64.
[    9.060406] systemd[1]: Set hostname to <analog>.
[    9.248038] systemd[1]: File /lib/systemd/system/systemd-journald.service:12 configures an IP firewall (IPAddressDeny=any), but the local system does not support BPF/cgroup based firewalling.
[    9.265088] systemd[1]: Proceeding WITHOUT firewalling in effect! (This warning is only shown for the first loaded unit using IP firewalling.)
[    9.428261] systemd[1]: /etc/systemd/system/tof-server.service:1: Assignment outside of section. Ignoring.
[    9.437956] systemd[1]: /etc/systemd/system/tof-server.service:2: Assignment outside of section. Ignoring.
[    9.620468] random: systemd: uninitialized urandom read (16 bytes read)
[    9.635167] random: systemd: uninitialized urandom read (16 bytes read)
[    9.642292] systemd[1]: Listening on Journal Socket.
[    9.660081] random: systemd: uninitialized urandom read (16 bytes read)
[    9.668262] systemd[1]: Mounting Kernel Debug File System...
[    9.685304] systemd[1]: Starting Set the console keyboard layout...
[   10.276247] ------------[ cut here ]------------
[   10.276255] Enabling unprepared \xa0\xa9O\x88\xff\xff\xff O\x88\xff\xff\xff
[   10.276301] WARNING: CPU: 3 PID: 125 at drivers/clk/clk.c:1012 clk_core_enable+0xa4/0xc0
[   10.276304] Modules linked in:
[   10.276314] CPU: 3 PID: 125 Comm: kworker/3:1H Not tainted 5.10.0-98103-g2aa7ac113716 #5577
[   10.276317] Hardware name: ZynqMP ZCU102 Rev1.0 (DT)
[   10.276327] Workqueue: kblockd blk_mq_run_work_fn
[   10.276334] pstate: 80000085 (Nzcv daIf -PAN -UAO -TCO BTYPE=--)
[   10.276340] pc : clk_core_enable+0xa4/0xc0
[   10.276345] lr : clk_core_enable+0xa4/0xc0
[   10.276348] sp : ffffffc012b332d0
[   10.276351] x29: ffffffc012b332d0 x28: ffffff8800330c10 
[   10.276358] x27: ffffff8800330d48 x26: 0000005000000101 
[   10.276364] x25: 000000025e92010c x24: 0000000000000001 
[   10.276371] x23: ffffff8801108a00 x22: ffffff8801083220 
[   10.276378] x21: ffffff88014f2000 x20: ffffff88014f2008 
[   10.276384] x19: ffffff88014f2008 x18: 0000000000000030 
[   10.276391] x17: 0000000000000001 x16: 0000b52d61486382 
[   10.276397] x15: ffffffffffff8708 x14: ffffffc011d3b1a0 
[   10.276404] x13: ffffffc011d3b1c8 x12: 00000000000005e8 
[   10.276410] x11: 00000000000001f8 x10: ffffffc011d671c8 
[   10.276417] x9 : 00000000fffff800 x8 : ffffffc011d3b1c8 
[   10.276423] x7 : ffffffc011d671c8 x6 : 0000000000000001 
[   10.276430] x5 : ffffff887f7a89e0 x4 : 0000000000000000 
[   10.276436] x3 : 0000000000000027 x2 : 0000000000000023 
[   10.276442] x1 : 741f01410bf5c500 x0 : 0000000000000000 
[   10.276448] Call trace:
[   10.276455]  clk_core_enable+0xa4/0xc0
[   10.276459]  clk_enable+0x2c/0x60
[   10.276466]  zynqmp_runtime_resume+0x24/0x84
[   10.276472]  pm_generic_runtime_resume+0x30/0x50
[   10.276478]  __genpd_runtime_resume+0x30/0xb0
[   10.276485]  genpd_runtime_resume+0x90/0x250
[   10.276490]  __rpm_callback+0x10c/0x1e0
[   10.276495]  rpm_callback+0x5c/0x84
[   10.276500]  rpm_resume+0x4a4/0x74c
[   10.276506]  __pm_runtime_resume+0x78/0xc4
[   10.276510]  spi_mem_access_start.isra.0+0x30/0x80
[   10.276514]  spi_mem_exec_op+0x3b0/0x424
[   10.276519]  spi_nor_read_sr+0x78/0xe0
[   10.276524]  spi_nor_wait_till_ready_with_timeout+0xb4/0x2f0
[   10.276529]  spi_nor_read+0x188/0x380
[   10.276534]  mtd_read_oob_std+0x78/0x84
[   10.276538]  mtd_read_oob+0x7c/0x134
[   10.276542]  mtd_read+0x48/0x7c
[   10.276548]  mtdblock_readsect+0x6c/0x150
[   10.276553]  mtd_queue_rq+0x2cc/0x5a0
[   10.276559]  blk_mq_dispatch_rq_list+0x110/0x790
[   10.276565]  __blk_mq_do_dispatch_sched+0x200/0x274
[   10.276571]  __blk_mq_sched_dispatch_requests+0x1a8/0x1fc
[   10.276576]  blk_mq_sched_dispatch_requests+0x3c/0x7c
[   10.276581]  __blk_mq_run_hw_queue+0x98/0x100
[   10.276585]  blk_mq_run_work_fn+0x24/0x30
[   10.276591]  process_one_work+0x1d4/0x380
[   10.276595]  worker_thread+0x78/0x4e0
[   10.276601]  kthread+0x124/0x130
[   10.276606]  ret_from_fork+0x10/0x3c
[   10.276609] ---[ end trace db9b12a521995c74 ]---
[   10.276618] zynqmp-qspi ff0f0000.spi: Cannot enable APB clock.
[   10.276667] spi_master spi0: Failed to power device: -108
[   10.276678] blk_update_request: I/O error, dev mtdblock0, sector 8 op 0x0:(READ) flags 0x80700 phys_seg 1 prio class 0
[   10.276744] spi_master spi0: Failed to power device: -22
[   10.276751] blk_update_request: I/O error, dev mtdblock0, sector 8 op 0x0:(READ) flags 0x0 phys_seg 8 prio class 0
[   10.276757] Buffer I/O error on dev mtdblock0, logical block 8, async page read
[   10.276766] spi_master spi0: Failed to power device: -22
[   10.276772] blk_update_request: I/O error, dev mtdblock0, sector 9 op 0x0:(READ) flags 0x0 phys_seg 7 prio class 0
[   10.276776] Buffer I/O error on dev mtdblock0, logical block 9, async page read
[   10.276783] spi_master spi0: Failed to power device: -22
[   10.276789] blk_update_request: I/O error, dev mtdblock0, sector 10 op 0x0:(READ) flags 0x0 phys_seg 6 prio class 0
[   10.276792] Buffer I/O error on dev mtdblock0, logical block 10, async page read
[   10.276799] spi_master spi0: Failed to power device: -22
[   10.276805] blk_update_request: I/O error, dev mtdblock0, sector 11 op 0x0:(READ) flags 0x0 phys_seg 5 prio class 0
[   10.276809] Buffer I/O error on dev mtdblock0, logical block 11, async page read
[   10.276815] spi_master spi0: Failed to power device: -22
[   10.276821] blk_update_request: I/O error, dev mtdblock0, sector 12 op 0x0:(READ) flags 0x0 phys_seg 4 prio class 0
[   10.276825] Buffer I/O error on dev mtdblock0, logical block 12, async page read
[   10.276831] spi_master spi0: Failed to power device: -22
[   10.276837] blk_update_request: I/O error, dev mtdblock0, sector 13 op 0x0:(READ) flags 0x0 phys_seg 3 prio class 0
[   10.276841] Buffer I/O error on dev mtdblock0, logical block 13, async page read
[   10.276848] spi_master spi0: Failed to power device: -22
[   10.276853] blk_update_request: I/O error, dev mtdblock0, sector 14 op 0x0:(READ) flags 0x0 phys_seg 2 prio class 0
[   10.276857] Buffer I/O error on dev mtdblock0, logical block 14, async page read
[   10.276863] spi_master spi0: Failed to power device: -22
[   10.276869] blk_update_request: I/O error, dev mtdblock0, sector 15 op 0x0:(READ) flags 0x0 phys_seg 1 prio class 0
[   10.276873] Buffer I/O error on dev mtdblock0, logical block 15, async page read
[   10.277177] spi_master spi0: Failed to power device: -22
[   10.277184] blk_update_request: I/O error, dev mtdblock1, sector 10112 op 0x0:(READ) flags 0x80700 phys_seg 1 prio class 0
[   10.277228] spi_master spi0: Failed to power device: -22
[   10.277233] Buffer I/O error on dev mtdblock1, logical block 10112, async page read
[   10.277241] spi_master spi0: Failed to power device: -22
[   10.277246] Buffer I/O error on dev mtdblock1, logical block 10113, async page read
[   10.277253] spi_master spi0: Failed to power device: -22
[   10.277261] spi_master spi0: Failed to power device: -22
[   10.277268] spi_master spi0: Failed to power device: -22
[   10.277275] spi_master spi0: Failed to power device: -22
[   10.277283] spi_master spi0: Failed to power device: -22
[   10.277290] spi_master spi0: Failed to power device: -22
[   10.277550] spi_master spi0: Failed to power device: -22
[   10.277595] spi_master spi0: Failed to power device: -22
[   10.277604] spi_master spi0: Failed to power device: -22
[   10.277612] spi_master spi0: Failed to power device: -22
[   10.277619] spi_master spi0: Failed to power device: -22
[   10.277626] spi_master spi0: Failed to power device: -22
[   10.277634] spi_master spi0: Failed to power device: -22
[   10.277641] spi_master spi0: Failed to power device: -22
[   10.277648] spi_master spi0: Failed to power device: -22
[   10.277926] spi_master spi0: Failed to power device: -22
[   10.277969] spi_master spi0: Failed to power device: -22
[   10.277979] spi_master spi0: Failed to power device: -22
[   10.277986] spi_master spi0: Failed to power device: -22
[   10.277994] spi_master spi0: Failed to power device: -22
[   10.278001] spi_master spi0: Failed to power device: -22
[   10.278009] spi_master spi0: Failed to power device: -22
[   10.278016] spi_master spi0: Failed to power device: -22
[   10.278022] spi_master spi0: Failed to power device: -22
[   10.401688] EXT4-fs (mmcblk0p2): re-mounted. Opts: (null)
[   10.524583] systemd-journald[164]: Received request to flush runtime journal from PID 1
[   16.546190] macb ff0e0000.ethernet eth0: PHY [ff0e0000.ethernet-ffffffff:0c] driver [TI DP83867] (irq=POLL)
[   16.546203] macb ff0e0000.ethernet eth0: configuring for phy/rgmii-id link mode
[   16.827718] Adding 102396k swap on /var/swap.  Priority:-2 extents:4 across:9953604k SS
[   18.635720] random: crng init done
[   18.635729] random: 7 urandom warning(s) missed due to ratelimiting
[   19.617338] macb ff0e0000.ethernet eth0: Link is Up - 1Gbps/Full - flow control off
[   19.617364] IPv6: ADDRCONF(NETDEV_CHANGE): eth0: link becomes ready
[   22.195433] broken atomic modeset userspace detected, disabling atomic
[   24.877752] broken atomic modeset userspace detected, disabling atomic