[    0.000000] Booting Linux on physical CPU 0x0000000000 [0x410fd034]
[    0.000000] Linux version 5.10.0-98103-g2aa7ac113716 (jenkins@romlxbuild1.adlk.analog.com) (aarch64-xilinx-linux-gcc.real (GCC) 10.2.0, GNU ld (GNU Binutils) 2.35.0.20200730) #5577 SMP Wed Mar 23 07:28:49 GMT 2022
[    0.000000] Machine model: ZynqMP ZCU102 Rev1.0
[    0.000000] earlycon: cdns0 at MMIO 0x00000000ff000000 (options '115200n8')
[    0.000000] printk: bootconsole [cdns0] enabled
[    0.000000] efi: UEFI not found.
[    0.000000] cma: Reserved 256 MiB at 0x0000000070000000
[    0.000000] Zone ranges:
[    0.000000]   DMA      [mem 0x0000000000000000-0x000000003fffffff]
[    0.000000]   DMA32    [mem 0x0000000040000000-0x00000000ffffffff]
[    0.000000]   Normal   [mem 0x0000000100000000-0x000000087fffffff]
[    0.000000] Movable zone start for each node
[    0.000000] Early memory node ranges
[    0.000000]   node   0: [mem 0x0000000000000000-0x000000007fffffff]
[    0.000000]   node   0: [mem 0x0000000800000000-0x000000087fffffff]
[    0.000000] Initmem setup node 0 [mem 0x0000000000000000-0x000000087fffffff]
[    0.000000] On node 0 totalpages: 1048576
[    0.000000]   DMA zone: 3584 pages used for memmap
[    0.000000]   DMA zone: 0 pages reserved
[    0.000000]   DMA zone: 262144 pages, LIFO batch:63
[    0.000000]   DMA32 zone: 3584 pages used for memmap
[    0.000000]   DMA32 zone: 262144 pages, LIFO batch:63
[    0.000000]   Normal zone: 7168 pages used for memmap
[    0.000000]   Normal zone: 524288 pages, LIFO batch:63
[    0.000000] psci: probing for conduit method from DT.
[    0.000000] psci: PSCIv1.1 detected in firmware.
[    0.000000] psci: Using standard PSCI v0.2 function IDs
[    0.000000] psci: MIGRATE_INFO_TYPE not supported.
[    0.000000] psci: SMC Calling Convention v1.2
[    0.000000] percpu: Embedded 22 pages/cpu s49496 r8192 d32424 u90112
[    0.000000] pcpu-alloc: s49496 r8192 d32424 u90112 alloc=22*4096
[    0.000000] pcpu-alloc: [0] 0 [0] 1 [0] 2 [0] 3 
[    0.000000] Detected VIPT I-cache on CPU0
[    0.000000] CPU features: detected: ARM erratum 845719
[    0.000000] Built 1 zonelists, mobility grouping on.  Total pages: 1034240
[    0.000000] Kernel command line: console=ttyPS0,115200 root=/dev/mmcblk0p2 rw earlycon rootfstype=ext4 rootwait clk_ignore_unused cpuidle.off=1 root=/dev/mmcblk0p2 rw rootwait
[    0.000000] Dentry cache hash table entries: 524288 (order: 10, 4194304 bytes, linear)
[    0.000000] Inode-cache hash table entries: 262144 (order: 9, 2097152 bytes, linear)
[    0.000000] mem auto-init: stack:off, heap alloc:off, heap free:off
[    0.000000] software IO TLB: mapped [mem 0x000000003bfff000-0x000000003ffff000] (64MB)
[    0.000000] Memory: 3761904K/4194304K available (15296K kernel code, 1636K rwdata, 11876K rodata, 2560K init, 507K bss, 170256K reserved, 262144K cma-reserved)
[    0.000000] rcu: Hierarchical RCU implementation.
[    0.000000] rcu: 	RCU event tracing is enabled.
[    0.000000] rcu: 	RCU restricting CPUs from NR_CPUS=8 to nr_cpu_ids=4.
[    0.000000] rcu: RCU calculated value of scheduler-enlistment delay is 25 jiffies.
[    0.000000] rcu: Adjusting geometry for rcu_fanout_leaf=16, nr_cpu_ids=4
[    0.000000] NR_IRQS: 64, nr_irqs: 64, preallocated irqs: 0
[    0.000000] GIC: Adjusting CPU interface base to 0x00000000f902f000
[    0.000000] GIC: Using split EOI/Deactivate mode
[    0.000000] random: get_random_bytes called from start_kernel+0x31c/0x54c with crng_init=0
[    0.000000] arch_timer: cp15 timer(s) running at 100.00MHz (phys).
[    0.000000] clocksource: arch_sys_counter: mask: 0xffffffffffffff max_cycles: 0x171024e7e0, max_idle_ns: 440795205315 ns
[    0.000004] sched_clock: 56 bits at 100MHz, resolution 10ns, wraps every 4398046511100ns
[    0.008461] Console: colour dummy device 80x25
[    0.012483] Calibrating delay loop (skipped), value calculated using timer frequency.. 200.00 BogoMIPS (lpj=400000)
[    0.022840] pid_max: default: 32768 minimum: 301
[    0.027549] Mount-cache hash table entries: 8192 (order: 4, 65536 bytes, linear)
[    0.034789] Mountpoint-cache hash table entries: 8192 (order: 4, 65536 bytes, linear)
[    0.043393] rcu: Hierarchical SRCU implementation.
[    0.047562] EFI services will not be available.
[    0.051937] smp: Bringing up secondary CPUs ...
[    0.056656] Detected VIPT I-cache on CPU1
[    0.056695] CPU1: Booted secondary processor 0x0000000001 [0x410fd034]
[    0.057061] Detected VIPT I-cache on CPU2
[    0.057085] CPU2: Booted secondary processor 0x0000000002 [0x410fd034]
[    0.057424] Detected VIPT I-cache on CPU3
[    0.057447] CPU3: Booted secondary processor 0x0000000003 [0x410fd034]
[    0.057493] smp: Brought up 1 node, 4 CPUs
[    0.091780] SMP: Total of 4 processors activated.
[    0.096452] CPU features: detected: 32-bit EL0 Support
[    0.101556] CPU features: detected: CRC32 instructions
[    0.106695] CPU: All CPU(s) started at EL2
[    0.110736] alternatives: patching kernel code
[    0.116171] devtmpfs: initialized
[    0.124066] Registered cp15_barrier emulation handler
[    0.124116] Registered setend emulation handler
[    0.128092] clocksource: jiffies: mask: 0xffffffff max_cycles: 0xffffffff, max_idle_ns: 7645041785100000 ns
[    0.137670] futex hash table entries: 1024 (order: 4, 65536 bytes, linear)
[    0.151027] pinctrl core: initialized pinctrl subsystem
[    0.151668] NET: Registered protocol family 16
[    0.156094] DMA: preallocated 512 KiB GFP_KERNEL pool for atomic allocations
[    0.162108] DMA: preallocated 512 KiB GFP_KERNEL|GFP_DMA pool for atomic allocations
[    0.169835] DMA: preallocated 512 KiB GFP_KERNEL|GFP_DMA32 pool for atomic allocations
[    0.177636] audit: initializing netlink subsys (disabled)
[    0.183086] audit: type=2000 audit(0.116:1): state=initialized audit_enabled=0 res=1
[    0.183430] hw-breakpoint: found 6 breakpoint and 4 watchpoint registers.
[    0.197463] ASID allocator initialised with 65536 entries
[    0.224339] HugeTLB registered 1.00 GiB page size, pre-allocated 0 pages
[    0.225394] HugeTLB registered 32.0 MiB page size, pre-allocated 0 pages
[    0.232065] HugeTLB registered 2.00 MiB page size, pre-allocated 0 pages
[    0.238725] HugeTLB registered 64.0 KiB page size, pre-allocated 0 pages
[    1.304317] DRBG: Continuing without Jitter RNG
[    1.382126] raid6: neonx8   gen()  2141 MB/s
[    1.450170] raid6: neonx8   xor()  1597 MB/s
[    1.518232] raid6: neonx4   gen()  2193 MB/s
[    1.586281] raid6: neonx4   xor()  1568 MB/s
[    1.654341] raid6: neonx2   gen()  2076 MB/s
[    1.722396] raid6: neonx2   xor()  1434 MB/s
[    1.790457] raid6: neonx1   gen()  1772 MB/s
[    1.858504] raid6: neonx1   xor()  1220 MB/s
[    1.926567] raid6: int64x8  gen()  1438 MB/s
[    1.994618] raid6: int64x8  xor()   771 MB/s
[    2.062694] raid6: int64x4  gen()  1599 MB/s
[    2.130743] raid6: int64x4  xor()   815 MB/s
[    2.198808] raid6: int64x2  gen()  1397 MB/s
[    2.266868] raid6: int64x2  xor()   749 MB/s
[    2.334943] raid6: int64x1  gen()  1034 MB/s
[    2.402993] raid6: int64x1  xor()   517 MB/s
[    2.403031] raid6: using algorithm neonx4 gen() 2193 MB/s
[    2.406987] raid6: .... xor() 1568 MB/s, rmw enabled
[    2.411918] raid6: using neon recovery algorithm
[    2.416930] iommu: Default domain type: Translated 
[    2.421546] SCSI subsystem initialized
[    2.425086] libata version 3.00 loaded.
[    2.425210] usbcore: registered new interface driver usbfs
[    2.430544] usbcore: registered new interface driver hub
[    2.435816] usbcore: registered new device driver usb
[    2.440952] mc: Linux media interface: v0.10
[    2.445064] videodev: Linux video capture interface: v2.00
[    2.450557] EDAC MC: Ver: 3.0.0
[    2.453997] zynqmp-ipi-mbox mailbox@ff990400: Registered ZynqMP IPI mbox with TX/RX channels.
[    2.462488] jesd204: created con: id=0, topo=0, link=0, /axi/spi@ff050000/hmc7044@0 <-> /fpga-axi@0/axi-adxcvr-tx@84b60000
[    2.473085] jesd204: created con: id=1, topo=0, link=2, /axi/spi@ff050000/hmc7044@0 <-> /fpga-axi@0/axi-adxcvr-rx@84a60000
[    2.484070] jesd204: created con: id=2, topo=0, link=0, /fpga-axi@0/axi-adxcvr-tx@84b60000 <-> /fpga-axi@0/axi-jesd204-tx@84b90000
[    2.495746] jesd204: created con: id=3, topo=0, link=2, /fpga-axi@0/axi-adxcvr-rx@84a60000 <-> /fpga-axi@0/axi-jesd204-rx@84a90000
[    2.507423] jesd204: created con: id=4, topo=0, link=0, /fpga-axi@0/axi-jesd204-tx@84b90000 <-> /fpga-axi@0/axi-ad9081-tx-hpc@84b10000
[    2.519450] jesd204: created con: id=5, topo=0, link=2, /fpga-axi@0/axi-jesd204-rx@84a90000 <-> /fpga-axi@0/axi-ad9081-rx-hpc@84a10000
[    2.531473] jesd204: created con: id=6, topo=0, link=2, /fpga-axi@0/axi-ad9081-rx-hpc@84a10000 <-> /axi/spi@ff040000/ad9081@0
[    2.542715] jesd204: created con: id=7, topo=0, link=0, /fpga-axi@0/axi-ad9081-tx-hpc@84b10000 <-> /axi/spi@ff040000/ad9081@0
[    2.553965] jesd204: /axi/spi@ff040000/ad9081@0: JESD204[2] transition uninitialized -> initialized
[    2.562951] jesd204: /axi/spi@ff040000/ad9081@0: JESD204[0] transition uninitialized -> initialized
[    2.571943] jesd204: found 8 devices and 1 topologies
[    2.576987] FPGA manager framework
[    2.580465] Advanced Linux Sound Architecture Driver Initialized.
[    2.586757] Bluetooth: Core ver 2.22
[    2.589946] NET: Registered protocol family 31
[    2.594347] Bluetooth: HCI device and connection manager initialized
[    2.600664] Bluetooth: HCI socket layer initialized
[    2.605506] Bluetooth: L2CAP socket layer initialized
[    2.610529] Bluetooth: SCO socket layer initialized
[    2.615716] clocksource: Switched to clocksource arch_sys_counter
[    2.621521] VFS: Disk quotas dquot_6.6.0
[    2.625357] VFS: Dquot-cache hash table entries: 512 (order 0, 4096 bytes)
[    2.636081] NET: Registered protocol family 2
[    2.636802] tcp_listen_portaddr_hash hash table entries: 2048 (order: 3, 32768 bytes, linear)
[    2.644997] TCP established hash table entries: 32768 (order: 6, 262144 bytes, linear)
[    2.653022] TCP bind hash table entries: 32768 (order: 7, 524288 bytes, linear)
[    2.660465] TCP: Hash tables configured (established 32768 bind 32768)
[    2.666640] UDP hash table entries: 2048 (order: 4, 65536 bytes, linear)
[    2.673308] UDP-Lite hash table entries: 2048 (order: 4, 65536 bytes, linear)
[    2.680469] NET: Registered protocol family 1
[    2.684922] RPC: Registered named UNIX socket transport module.
[    2.690544] RPC: Registered udp transport module.
[    2.695209] RPC: Registered tcp transport module.
[    2.699878] RPC: Registered tcp NFSv4.1 backchannel transport module.
[    2.706869] PCI: CLS 0 bytes, default 64
[    2.710576] hw perfevents: no interrupt-affinity property for /pmu, guessing.
[    2.717429] hw perfevents: enabled with armv8_pmuv3 PMU driver, 7 counters available
[    2.725785] Initialise system trusted keyrings
[    2.729458] workingset: timestamp_bits=62 max_order=20 bucket_order=0
[    2.736362] NFS: Registering the id_resolver key type
[    2.740807] Key type id_resolver registered
[    2.744946] Key type id_legacy registered
[    2.748936] nfs4filelayout_init: NFSv4 File Layout Driver Registering...
[    2.755602] jffs2: version 2.2. (NAND) (SUMMARY)  Â© 2001-2006 Red Hat, Inc.
[    2.798206] NET: Registered protocol family 38
[    2.798248] xor: measuring software checksum speed
[    2.805934]    8regs           :  2363 MB/sec
[    2.809603]    32regs          :  2799 MB/sec
[    2.814545]    arm64_neon      :  2380 MB/sec
[    2.814735] xor: using function: 32regs (2799 MB/sec)
[    2.819761] Key type asymmetric registered
[    2.823822] Asymmetric key parser 'x509' registered
[    2.828684] Block layer SCSI generic (bsg) driver version 0.4 loaded (major 248)
[    2.836020] io scheduler mq-deadline registered
[    2.840516] io scheduler kyber registered
[    2.869905] Serial: 8250/16550 driver, 4 ports, IRQ sharing disabled
[    2.874552] cacheinfo: Unable to detect cache hierarchy for CPU 0
[    2.880887] brd: module loaded
[    2.885028] loop: module loaded
[    2.885577] Registered mathworks_ip class
[    2.888911] libphy: Fixed MDIO Bus: probed
[    2.891909] tun: Universal TUN/TAP device driver, 1.6
[    2.895955] CAN device driver interface
[    2.900493] usbcore: registered new interface driver asix
[    2.905086] usbcore: registered new interface driver ax88179_178a
[    2.911120] usbcore: registered new interface driver cdc_ether
[    2.916914] usbcore: registered new interface driver net1080
[    2.922541] usbcore: registered new interface driver cdc_subset
[    2.928421] usbcore: registered new interface driver zaurus
[    2.933965] usbcore: registered new interface driver cdc_ncm
[    2.940377] ehci_hcd: USB 2.0 'Enhanced' Host Controller (EHCI) Driver
[    2.946050] ehci-pci: EHCI PCI platform driver
[    2.950849] usbcore: registered new interface driver uas
[    2.955765] usbcore: registered new interface driver usb-storage
[    2.961754] usbcore: registered new interface driver usbserial_generic
[    2.968204] usbserial: USB Serial support registered for generic
[    2.974178] usbcore: registered new interface driver ftdi_sio
[    2.979880] usbserial: USB Serial support registered for FTDI USB Serial Device
[    2.987157] usbcore: registered new interface driver upd78f0730
[    2.993028] usbserial: USB Serial support registered for upd78f0730
[    3.000688] rtc_zynqmp ffa60000.rtc: registered as rtc0
[    3.004454] rtc_zynqmp ffa60000.rtc: setting system clock to 2022-04-12T21:10:17 UTC (1649797817)
[    3.013317] i2c /dev entries driver
[    3.018628] usbcore: registered new interface driver uvcvideo
[    3.022429] USB Video Class driver (1.1.1)
[    3.028012] Bluetooth: HCI UART driver ver 2.3
[    3.030900] Bluetooth: HCI UART protocol H4 registered
[    3.036009] Bluetooth: HCI UART protocol BCSP registered
[    3.041298] Bluetooth: HCI UART protocol LL registered
[    3.046387] Bluetooth: HCI UART protocol ATH3K registered
[    3.051761] Bluetooth: HCI UART protocol Three-wire (H5) registered
[    3.058017] Bluetooth: HCI UART protocol Intel registered
[    3.063353] Bluetooth: HCI UART protocol QCA registered
[    3.068556] usbcore: registered new interface driver bcm203x
[    3.074176] usbcore: registered new interface driver bpa10x
[    3.079717] usbcore: registered new interface driver bfusb
[    3.085163] usbcore: registered new interface driver btusb
[    3.090625] usbcore: registered new interface driver ath3k
[    3.096108] EDAC MC: ECC not enabled
[    3.099735] EDAC DEVICE0: Giving out device to module zynqmp-ocm-edac controller zynqmp_ocm: DEV ff960000.memory-controller (INTERRUPT)
[    3.112051] sdhci: Secure Digital Host Controller Interface driver
[    3.117836] sdhci: Copyright(c) Pierre Ossman
[    3.122161] sdhci-pltfm: SDHCI platform and OF driver helper
[    3.128211] ledtrig-cpu: registered to indicate activity on CPUs
[    3.133767] SMCCC: SOC_ID: ARCH_SOC_ID not implemented, skipping ....
[    3.140198] zynqmp_firmware_probe Platform Management API v1.1
[    3.145952] zynqmp_firmware_probe Trustzone version v1.0
[    3.185501] zynqmp-pinctrl firmware:zynqmp-firmware:pinctrl: zynqmp pinctrl initialized
[    3.233505] zynqmp-aes firmware:zynqmp-firmware:zynqmp-aes: will run requests pump with realtime priority
[    3.249313] alg: No test for xilinx-keccak-384 (zynqmp-keccak-384)
[    3.250024] alg: No test for xilinx-zynqmp-rsa (zynqmp-rsa)
[    3.255542] usbcore: registered new interface driver usbhid
[    3.260927] usbhid: USB HID core driver
[    3.272156] axi_sysid 85000000.axi-sysid-0: AXI System ID core version (1.01.a) found
[    3.274508] axi_sysid 85000000.axi-sysid-0: [ad9081_fmca_ebz] on [zcu102] git branch <master> git <084d44c9780640ca93fd847b1d9ec70dd65f5c67> clean [2022-03-18 04:17:50] UTC
[    3.290198] fpga_manager fpga0: Xilinx ZynqMP FPGA Manager registered
[    3.296564] usbcore: registered new interface driver snd-usb-audio
[    3.303996] pktgen: Packet Generator for packet performance testing. Version: 2.75
[    3.310178] Initializing XFRM netlink socket
[    3.314040] NET: Registered protocol family 10
[    3.318752] Segment Routing with IPv6
[    3.322137] sit: IPv6, IPv4 and MPLS over IPv4 tunneling driver
[    3.328205] NET: Registered protocol family 17
[    3.332309] NET: Registered protocol family 15
[    3.336806] can: controller area network core
[    3.341062] NET: Registered protocol family 29
[    3.345449] can: raw protocol
[    3.348387] can: broadcast manager protocol
[    3.352539] can: netlink gateway - max_hops=1
[    3.356936] Bluetooth: RFCOMM TTY layer initialized
[    3.361715] Bluetooth: RFCOMM socket layer initialized
[    3.366826] Bluetooth: RFCOMM ver 1.11
[    3.370533] Bluetooth: BNEP (Ethernet Emulation) ver 1.3
[    3.375804] Bluetooth: BNEP filters: protocol multicast
[    3.380998] Bluetooth: BNEP socket layer initialized
[    3.385925] Bluetooth: HIDP (Human Interface Emulation) ver 1.2
[    3.391809] Bluetooth: HIDP socket layer initialized
[    3.396865] 9pnet: Installing 9P2000 support
[    3.400987] NET: Registered protocol family 36
[    3.405403] Key type dns_resolver registered
[    3.409832] registered taskstats version 1
[    3.413699] Loading compiled-in X.509 certificates
[    3.418805] Btrfs loaded, crc32c=crc32c-generic
[    3.431222] ff000000.serial: ttyPS0 at MMIO 0xff000000 (irq = 49, base_baud = 6249999) is a xuartps
[    3.440242] printk: console [ttyPS0] enabled
[    3.444538] printk: bootconsole [cdns0] disabled
[    3.454167] ff010000.serial: ttyPS1 at MMIO 0xff010000 (irq = 50, base_baud = 6249999) is a xuartps
[    3.467399] of-fpga-region fpga-full: FPGA Region probed
[    3.474364] nwl-pcie fd0e0000.pcie: host bridge /axi/pcie@fd0e0000 ranges:
[    3.481257] nwl-pcie fd0e0000.pcie:      MEM 0x00e0000000..0x00efffffff -> 0x00e0000000
[    3.489266] nwl-pcie fd0e0000.pcie:      MEM 0x0600000000..0x07ffffffff -> 0x0600000000
[    3.497330] nwl-pcie fd0e0000.pcie: Link is DOWN
[    3.502087] nwl-pcie fd0e0000.pcie: PCI host bridge to bus 0000:00
[    3.508266] pci_bus 0000:00: root bus resource [bus 00-ff]
[    3.513747] pci_bus 0000:00: root bus resource [mem 0xe0000000-0xefffffff]
[    3.520617] pci_bus 0000:00: root bus resource [mem 0x600000000-0x7ffffffff pref]
[    3.528121] pci 0000:00:00.0: [10ee:d021] type 01 class 0x060400
[    3.534176] pci 0000:00:00.0: PME# supported from D0 D1 D2 D3hot
[    3.544624] pci 0000:00:00.0: PCI bridge to [bus 01-0c]
[    3.550606] xilinx-zynqmp-dma fd500000.dma: ZynqMP DMA driver Probe success
[    3.557782] xilinx-zynqmp-dma fd510000.dma: ZynqMP DMA driver Probe success
[    3.564961] xilinx-zynqmp-dma fd520000.dma: ZynqMP DMA driver Probe success
[    3.572136] xilinx-zynqmp-dma fd530000.dma: ZynqMP DMA driver Probe success
[    3.579303] xilinx-zynqmp-dma fd540000.dma: ZynqMP DMA driver Probe success
[    3.586472] xilinx-zynqmp-dma fd550000.dma: ZynqMP DMA driver Probe success
[    3.593641] xilinx-zynqmp-dma fd560000.dma: ZynqMP DMA driver Probe success
[    3.600810] xilinx-zynqmp-dma fd570000.dma: ZynqMP DMA driver Probe success
[    3.608212] xilinx-zynqmp-dpdma fd4c0000.dma-controller: Xilinx DPDMA engine is probed
[    3.616763] ahci-ceva fd0c0000.ahci: supply ahci not found, using dummy regulator
[    3.624307] ahci-ceva fd0c0000.ahci: supply phy not found, using dummy regulator
[    3.711893] hmc7044 spi2.0: PLL1: Acquisition, CLKIN0 @ 122880000 Hz, PFD: 80 kHz - PLL2: Locked @ 2640.000000 MHz
[    3.722616] jesd204: /axi/spi@ff050000/hmc7044@0,jesd204:1,parent=spi2.0: Using as SYSREF provider
[    3.732206] spi-nor spi0.0: SPI-NOR-UniqueID 100000235394732200270025081115266e
[    3.739509] spi-nor spi0.0: found n25q512a, expected m25p80
[    3.745710] spi-nor spi0.0: trying to lock already unlocked area
[    3.751713] spi-nor spi0.0: n25q512a (131072 Kbytes)
[    3.756696] 4 fixed-partitions partitions found on MTD device spi0.0
[    3.763043] Creating 4 MTD partitions on "spi0.0":
[    3.767828] 0x000000000000-0x000000100000 : "qspi-fsbl-uboot"
[    3.774312] 0x000000100000-0x000000600000 : "qspi-linux"
[    3.780269] 0x000000600000-0x000000620000 : "qspi-device-tree"
[    3.786742] 0x000000620000-0x000000c00000 : "qspi-rootfs"
[    3.795215] macb ff0e0000.ethernet: Not enabling partial store and forward
[    3.802741] libphy: MACB_mii_bus: probed
[    3.807797] macb ff0e0000.ethernet eth0: Cadence GEM rev 0x50070106 at 0xff0e0000 irq 30 (00:0a:35:04:8e:1b)
[    3.818003] xilinx-axipmon ffa00000.perf-monitor: Probed Xilinx APM
[    3.824580] xilinx-axipmon fd0b0000.perf-monitor: Probed Xilinx APM
[    3.831097] xilinx-axipmon fd490000.perf-monitor: Probed Xilinx APM
[    3.837633] xilinx-axipmon ffa10000.perf-monitor: Probed Xilinx APM
[    3.847653] pca953x 0-0020: supply vcc not found, using dummy regulator
[    3.854336] pca953x 0-0020: using no AI
[    3.858827] gpio-496 (sel0): hogged as output/low
[    3.863727] gpio-497 (sel1): hogged as output/high
[    3.868715] gpio-498 (sel2): hogged as output/high
[    3.873699] gpio-499 (sel3): hogged as output/high
[    3.878870] pca953x 0-0021: supply vcc not found, using dummy regulator
[    3.885538] pca953x 0-0021: using no AI
[    3.891287] ina2xx 2-0040: power monitor ina226 (Rshunt = 5000 uOhm)
[    3.898320] ina2xx 2-0041: power monitor ina226 (Rshunt = 5000 uOhm)
[    3.905358] ina2xx 2-0042: power monitor ina226 (Rshunt = 5000 uOhm)
[    3.912393] ina2xx 2-0043: power monitor ina226 (Rshunt = 5000 uOhm)
[    3.919417] ina2xx 2-0044: power monitor ina226 (Rshunt = 5000 uOhm)
[    3.926445] ina2xx 2-0045: power monitor ina226 (Rshunt = 5000 uOhm)
[    3.933472] ina2xx 2-0046: power monitor ina226 (Rshunt = 5000 uOhm)
[    3.940549] ina2xx 2-0047: power monitor ina226 (Rshunt = 5000 uOhm)
[    3.947577] ina2xx 2-004a: power monitor ina226 (Rshunt = 5000 uOhm)
[    3.954616] ina2xx 2-004b: power monitor ina226 (Rshunt = 5000 uOhm)
[    3.961026] i2c i2c-0: Added multiplexed i2c bus 2
[    3.966410] random: fast init done
[    3.969885] ina2xx 3-0040: power monitor ina226 (Rshunt = 2000 uOhm)
[    3.976913] ina2xx 3-0041: power monitor ina226 (Rshunt = 5000 uOhm)
[    3.983938] ina2xx 3-0042: power monitor ina226 (Rshunt = 5000 uOhm)
[    3.990972] ina2xx 3-0043: power monitor ina226 (Rshunt = 5000 uOhm)
[    3.997995] ina2xx 3-0044: power monitor ina226 (Rshunt = 5000 uOhm)
[    4.005022] ina2xx 3-0045: power monitor ina226 (Rshunt = 5000 uOhm)
[    4.012055] ina2xx 3-0046: power monitor ina226 (Rshunt = 5000 uOhm)
[    4.019084] ina2xx 3-0047: power monitor ina226 (Rshunt = 5000 uOhm)
[    4.025485] i2c i2c-0: Added multiplexed i2c bus 3
[    4.081637] i2c i2c-0: Added multiplexed i2c bus 4
[    4.086572] i2c i2c-0: Added multiplexed i2c bus 5
[    4.091362] pca954x 0-0075: registered 4 multiplexed busses for I2C mux pca9544
[    4.098711] cdns-i2c ff020000.i2c: 400 kHz mmio ff020000 irq 32
[    4.106442] at24 6-0054: supply vcc not found, using dummy regulator
[    4.113341] at24 6-0054: 1024 byte 24c08 EEPROM, writable, 1 bytes/write
[    4.120092] i2c i2c-1: Added multiplexed i2c bus 6
[    4.126522] si5341 7-0036: Chip: 5341 Grade: 1 Rev: 1
[    4.164165] i2c i2c-1: Added multiplexed i2c bus 7
[    4.171816] si570 8-005d: registered, current frequency 300000000 Hz
[    4.178220] i2c i2c-1: Added multiplexed i2c bus 8
[    4.198008] si570 9-005d: registered, current frequency 148500000 Hz
[    4.204408] i2c i2c-1: Added multiplexed i2c bus 9
[    4.209446] si5324 10-0069: si5328 probed
[    4.276066] si5324 10-0069: si5328 probe successful
[    4.280994] i2c i2c-1: Added multiplexed i2c bus 10
[    4.286020] i2c i2c-1: Added multiplexed i2c bus 11
[    4.291044] i2c i2c-1: Added multiplexed i2c bus 12
[    4.296068] i2c i2c-1: Added multiplexed i2c bus 13
[    4.300949] pca954x 1-0074: registered 8 multiplexed busses for I2C switch pca9548
[    4.309055] at24 14-0050: supply vcc not found, using dummy regulator
[    4.315853] at24 14-0050: 256 byte 24c02 EEPROM, writable, 1 bytes/write
[    4.322600] i2c i2c-1: Added multiplexed i2c bus 14
[    4.327643] i2c i2c-1: Added multiplexed i2c bus 15
[    4.332674] i2c i2c-1: Added multiplexed i2c bus 16
[    4.337712] i2c i2c-1: Added multiplexed i2c bus 17
[    4.342743] i2c i2c-1: Added multiplexed i2c bus 18
[    4.347788] i2c i2c-1: Added multiplexed i2c bus 19
[    4.352830] i2c i2c-1: Added multiplexed i2c bus 20
[    4.357868] i2c i2c-1: Added multiplexed i2c bus 21
[    4.362741] pca954x 1-0075: registered 8 multiplexed busses for I2C switch pca9548
[    4.370351] cdns-i2c ff030000.i2c: 400 kHz mmio ff030000 irq 33
[    4.380101] cdns-wdt fd4d0000.watchdog: Xilinx Watchdog Timer with timeout 60s
[    4.389156] axi_adxcvr 84a60000.axi-adxcvr-rx: adxcvr_enforce_settings: Using QPLL without access, assuming desired Lane rate will be configured by a different instance
[    4.405793] axi_adxcvr 84a60000.axi-adxcvr-rx: AXI-ADXCVR-RX (17.05.a) using QPLL on GTH4 at 0x84A60000. Number of lanes: 4.
[    4.417955] axi_adxcvr 84b60000.axi-adxcvr-tx: AXI-ADXCVR-TX (17.05.a) using QPLL on GTH4 at 0x84B60000. Number of lanes: 4.
[    4.421908] mmc0: SDHCI controller on ff170000.mmc [ff170000.mmc] using ADMA 64-bit
[    4.437108] axi-jesd204-rx 84a90000.axi-jesd204-rx: AXI-JESD204-RX (1.07.a) at 0x84A90000. Encoder 8b10b, width 4/4, lanes 4, jesd204-fsm.
[    4.449942] axi-jesd204-tx 84b90000.axi-jesd204-tx: AXI-JESD204-TX (1.06.a) at 0x84B90000. Encoder 8b10b, width 4/4, lanes 4, jesd204-fsm.
[    4.463449] zynqmp-display fd4a0000.display: vtc bridge property not present
[    4.469480] mmc0: new high speed SDHC card at address 0001
[    4.473098] xilinx-dp-snd-codec fd4a0000.display:zynqmp_dp_snd_codec0: Failed to get required clock freq
[    4.476333] mmcblk0: mmc0:0001 EB1QT 29.8 GiB 
[    4.485460] xilinx-dp-snd-codec: probe of fd4a0000.display:zynqmp_dp_snd_codec0 failed with error -22
[    4.491122]  mmcblk0: p1 p2 p3
[    4.499450] xilinx-dp-snd-pcm zynqmp_dp_snd_pcm0: Xilinx DisplayPort Sound PCM probed
[    4.510306] xilinx-dp-snd-pcm zynqmp_dp_snd_pcm1: Xilinx DisplayPort Sound PCM probed
[    4.518514] OF: graph: no port node found in /axi/display@fd4a0000
[    4.524922] xlnx-drm xlnx-drm.0: bound fd4a0000.display (ops 0xffffffc010fcbdb8)
[    5.611731] zynqmp-display fd4a0000.display: [drm] Cannot find any crtc or sizes
[    5.619351] [drm] Initialized xlnx 1.0.0 20130509 for fd4a0000.display on minor 0
[    5.626838] zynqmp-display fd4a0000.display: ZynqMP DisplayPort Subsystem driver probed
[    5.635151] ahci-ceva fd0c0000.ahci: supply ahci not found, using dummy regulator
[    5.642696] ahci-ceva fd0c0000.ahci: supply phy not found, using dummy regulator
[    5.650151] ahci-ceva fd0c0000.ahci: supply target not found, using dummy regulator
[    5.657989] ahci-ceva fd0c0000.ahci: AHCI 0001.0301 32 slots 2 ports 6 Gbps 0x3 impl platform mode
[    5.666945] ahci-ceva fd0c0000.ahci: flags: 64bit ncq sntf pm clo only pmp fbs pio slum part ccc sds apst 
[    5.677638] scsi host0: ahci-ceva
[    5.681245] scsi host1: ahci-ceva
[    5.684671] ata1: SATA max UDMA/133 mmio [mem 0xfd0c0000-0xfd0c1fff] port 0x100 irq 45
[    5.692584] ata2: SATA max UDMA/133 mmio [mem 0xfd0c0000-0xfd0c1fff] port 0x180 irq 45
[    5.701183] ad9081 spi1.0: supply vdd not found, using dummy regulator
[    6.013934] ata2: SATA link down (SStatus 0 SControl 330)
[    6.019339] ata1: SATA link down (SStatus 0 SControl 330)
[    6.695734] zynqmp-display fd4a0000.display: [drm] Cannot find any crtc or sizes
[    7.488456] ad9081 spi1.0: AD9081 Rev. 2 Grade 10 (API 1.2.2) probed
[    7.495651] xhci-hcd xhci-hcd.1.auto: xHCI Host Controller
[    7.501143] xhci-hcd xhci-hcd.1.auto: new USB bus registered, assigned bus number 1
[    7.508890] xhci-hcd xhci-hcd.1.auto: hcc params 0x0238f625 hci version 0x100 quirks 0x0000000002010810
[    7.518303] xhci-hcd xhci-hcd.1.auto: irq 59, io mem 0xfe200000
[    7.524410] usb usb1: New USB device found, idVendor=1d6b, idProduct=0002, bcdDevice= 5.10
[    7.532668] usb usb1: New USB device strings: Mfr=3, Product=2, SerialNumber=1
[    7.539886] usb usb1: Product: xHCI Host Controller
[    7.544754] usb usb1: Manufacturer: Linux 5.10.0-98103-g2aa7ac113716 xhci-hcd
[    7.551880] usb usb1: SerialNumber: xhci-hcd.1.auto
[    7.557048] hub 1-0:1.0: USB hub found
[    7.560808] hub 1-0:1.0: 1 port detected
[    7.564915] xhci-hcd xhci-hcd.1.auto: xHCI Host Controller
[    7.570404] xhci-hcd xhci-hcd.1.auto: new USB bus registered, assigned bus number 2
[    7.578056] xhci-hcd xhci-hcd.1.auto: Host supports USB 3.0 SuperSpeed
[    7.584684] usb usb2: New USB device found, idVendor=1d6b, idProduct=0003, bcdDevice= 5.10
[    7.592941] usb usb2: New USB device strings: Mfr=3, Product=2, SerialNumber=1
[    7.600165] usb usb2: Product: xHCI Host Controller
[    7.605038] usb usb2: Manufacturer: Linux 5.10.0-98103-g2aa7ac113716 xhci-hcd
[    7.612163] usb usb2: SerialNumber: xhci-hcd.1.auto
[    7.617271] hub 2-0:1.0: USB hub found
[    7.621036] hub 2-0:1.0: 1 port detected
[    7.651138] cf_axi_adc 84a10000.axi-ad9081-rx-hpc: ADI AIM (10.01.b) at 0x84A10000 mapped to 0x(____ptrval____), probed ADC AD9081 as MASTER
[    7.684554] cf_axi_dds 84b10000.axi-ad9081-tx-hpc: Analog Devices CF_AXI_DDS_DDS MASTER (9.01.b) at 0x84B10000 mapped to 0x(____ptrval____), probed DDS AD9081
[    7.698753] jesd204: /axi/spi@ff040000/ad9081@0,jesd204:0,parent=spi1.0: JESD204[2] transition initialized -> probed
[    7.709277] jesd204: /axi/spi@ff040000/ad9081@0,jesd204:0,parent=spi1.0: JESD204[0] transition initialized -> probed
[    7.719799] jesd204: /axi/spi@ff040000/ad9081@0,jesd204:0,parent=spi1.0: JESD204[2] transition probed -> idle
[    7.729708] jesd204: /axi/spi@ff040000/ad9081@0,jesd204:0,parent=spi1.0: JESD204[0] transition probed -> idle
[    7.739621] jesd204: /axi/spi@ff040000/ad9081@0,jesd204:0,parent=spi1.0: JESD204[2] transition idle -> device_init
[    7.749964] jesd204: /axi/spi@ff040000/ad9081@0,jesd204:0,parent=spi1.0: JESD204[0] transition idle -> device_init
[    7.760317] jesd204: /axi/spi@ff040000/ad9081@0,jesd204:0,parent=spi1.0: JESD204[2] transition device_init -> link_init
[    7.771091] jesd204: /axi/spi@ff040000/ad9081@0,jesd204:0,parent=spi1.0: JESD204[0] transition device_init -> link_init
[    7.781881] jesd204: /axi/spi@ff040000/ad9081@0,jesd204:0,parent=spi1.0: JESD204[2] transition link_init -> link_supported
[    7.792922] jesd204: /axi/spi@ff040000/ad9081@0,jesd204:0,parent=spi1.0: JESD204[0] transition link_init -> link_supported
[    7.804331] hmc7044 spi2.0: hmc7044_jesd204_link_pre_setup: Link2 forcing continuous SYSREF mode
[    7.813448] jesd204: /axi/spi@ff040000/ad9081@0,jesd204:0,parent=spi1.0: JESD204[2] transition link_supported -> link_pre_setup
[    7.824927] jesd204: /axi/spi@ff040000/ad9081@0,jesd204:0,parent=spi1.0: JESD204[0] transition link_supported -> link_pre_setup
[    7.848763] jesd204: /axi/spi@ff040000/ad9081@0,jesd204:0,parent=spi1.0: JESD204[2] transition link_pre_setup -> clk_sync_stage1
[    7.860323] jesd204: /axi/spi@ff040000/ad9081@0,jesd204:0,parent=spi1.0: JESD204[0] transition link_pre_setup -> clk_sync_stage1
[    7.871888] jesd204: /axi/spi@ff040000/ad9081@0,jesd204:0,parent=spi1.0: JESD204[2] transition clk_sync_stage1 -> clk_sync_stage2
[    7.883532] jesd204: /axi/spi@ff040000/ad9081@0,jesd204:0,parent=spi1.0: JESD204[0] transition clk_sync_stage1 -> clk_sync_stage2
[    7.895185] jesd204: /axi/spi@ff040000/ad9081@0,jesd204:0,parent=spi1.0: JESD204[2] transition clk_sync_stage2 -> clk_sync_stage3
[    7.906834] jesd204: /axi/spi@ff040000/ad9081@0,jesd204:0,parent=spi1.0: JESD204[0] transition clk_sync_stage2 -> clk_sync_stage3
[    7.920501] jesd204: /axi/spi@ff040000/ad9081@0,jesd204:0,parent=spi1.0: JESD204[2] transition clk_sync_stage3 -> link_setup
[    7.931719] jesd204: /axi/spi@ff040000/ad9081@0,jesd204:0,parent=spi1.0: JESD204[0] transition clk_sync_stage3 -> link_setup
[    7.947770] jesd204: /axi/spi@ff040000/ad9081@0,jesd204:0,parent=spi1.0: JESD204[2] transition link_setup -> opt_setup_stage1
[    7.959077] jesd204: /axi/spi@ff040000/ad9081@0,jesd204:0,parent=spi1.0: JESD204[0] transition link_setup -> opt_setup_stage1
[    7.975401] jesd204: /axi/spi@ff040000/ad9081@0,jesd204:0,parent=spi1.0: JESD204[2] transition opt_setup_stage1 -> opt_setup_stage2
[    7.987226] jesd204: /axi/spi@ff040000/ad9081@0,jesd204:0,parent=spi1.0: JESD204[0] transition opt_setup_stage1 -> opt_setup_stage2
[    7.999199] jesd204: /axi/spi@ff040000/ad9081@0,jesd204:0,parent=spi1.0: JESD204[2] transition opt_setup_stage2 -> opt_setup_stage3
[    8.011026] jesd204: /axi/spi@ff040000/ad9081@0,jesd204:0,parent=spi1.0: JESD204[0] transition opt_setup_stage2 -> opt_setup_stage3
[    8.022849] jesd204: /axi/spi@ff040000/ad9081@0,jesd204:0,parent=spi1.0: JESD204[2] transition opt_setup_stage3 -> opt_setup_stage4
[    8.034668] jesd204: /axi/spi@ff040000/ad9081@0,jesd204:0,parent=spi1.0: JESD204[0] transition opt_setup_stage3 -> opt_setup_stage4
[    8.046497] jesd204: /axi/spi@ff040000/ad9081@0,jesd204:0,parent=spi1.0: JESD204[2] transition opt_setup_stage4 -> opt_setup_stage5
[    8.058326] jesd204: /axi/spi@ff040000/ad9081@0,jesd204:0,parent=spi1.0: JESD204[0] transition opt_setup_stage4 -> opt_setup_stage5
[    8.076279] jesd204: /axi/spi@ff040000/ad9081@0,jesd204:0,parent=spi1.0: JESD204[2] transition opt_setup_stage5 -> clocks_enable
[    8.087843] jesd204: /axi/spi@ff040000/ad9081@0,jesd204:0,parent=spi1.0: JESD204[0] transition opt_setup_stage5 -> clocks_enable
[    8.099463] jesd204: /axi/spi@ff040000/ad9081@0,jesd204:0,parent=spi1.0: JESD204[2] transition clocks_enable -> link_enable
[    8.110594] jesd204: /axi/spi@ff040000/ad9081@0,jesd204:0,parent=spi1.0: JESD204[0] transition clocks_enable -> link_enable
[    8.143957] ad9081 spi1.0: JESD RX (JTX) Link2 in DATA, SYNC deasserted, PLL locked, PHASE established, MODE valid
[    8.154563] ad9081 spi1.0: JESD TX (JRX) Link0 0xF lanes in DATA
[    8.160575] jesd204: /axi/spi@ff040000/ad9081@0,jesd204:0,parent=spi1.0: JESD204[2] transition link_enable -> link_running
[    8.171613] jesd204: /axi/spi@ff040000/ad9081@0,jesd204:0,parent=spi1.0: JESD204[0] transition link_enable -> link_running
[    8.182661] jesd204: /axi/spi@ff040000/ad9081@0,jesd204:0,parent=spi1.0: JESD204[2] transition link_running -> opt_post_running_stage
[    8.194659] jesd204: /axi/spi@ff040000/ad9081@0,jesd204:0,parent=spi1.0: JESD204[0] transition link_running -> opt_post_running_stage
[    8.215886] input: gpio-keys as /devices/platform/gpio-keys/input/input0
[    8.222901] of_cfs_init
[    8.225367] of_cfs_init: OK
[    8.228311] cfg80211: Loading compiled-in X.509 certificates for regulatory database
[    8.366458] cfg80211: Loaded X.509 cert 'sforshee: 00b28ddf47aef9cea7'
[    8.372993] clk: Not disabling unused clocks
[    8.377521] ALSA device list:
[    8.380482]   No soundcards found.
[    8.384153] platform regulatory.0: Direct firmware load for regulatory.db failed with error -2
[    8.392762] cfg80211: failed to load regulatory.db
[    8.408054] EXT4-fs (mmcblk0p2): mounted filesystem with ordered data mode. Opts: (null)
[    8.416175] VFS: Mounted root (ext4 filesystem) on device 179:2.
[    8.429319] devtmpfs: mounted
[    8.433132] Freeing unused kernel memory: 2560K
[    8.447781] Run /sbin/init as init process
[    8.451878]   with arguments:
[    8.451881]     /sbin/init
[    8.451883]   with environment:
[    8.451886]     HOME=/
[    8.451888]     TERM=linux
[    9.020812] systemd[1]: systemd 241 running in system mode. (+PAM +AUDIT +SELINUX +IMA +APPARMOR +SMACK +SYSVINIT +UTMP +LIBCRYPTSETUP +GCRYPT +GNUTLS +ACL +XZ +LZ4 +SECCOMP +BLKID +ELFUTILS +KMOD -IDN2 +IDN -PCRE2 default-hierarchy=hybrid)
[    9.042678] systemd[1]: Detected architecture arm64.
[    9.064437] systemd[1]: Set hostname to <analog>.
[    9.253992] systemd[1]: File /lib/systemd/system/systemd-journald.service:12 configures an IP firewall (IPAddressDeny=any), but the local system does not support BPF/cgroup based firewalling.
[    9.271044] systemd[1]: Proceeding WITHOUT firewalling in effect! (This warning is only shown for the first loaded unit using IP firewalling.)
[    9.434201] systemd[1]: /etc/systemd/system/tof-server.service:1: Assignment outside of section. Ignoring.
[    9.443924] systemd[1]: /etc/systemd/system/tof-server.service:2: Assignment outside of section. Ignoring.
[    9.627031] random: systemd: uninitialized urandom read (16 bytes read)
[    9.641720] random: systemd: uninitialized urandom read (16 bytes read)
[    9.648702] systemd[1]: Listening on udev Kernel Socket.
[    9.671790] random: systemd: uninitialized urandom read (16 bytes read)
[    9.678557] systemd[1]: Listening on initctl Compatibility Named Pipe.
[    9.700073] systemd[1]: Listening on Journal Socket (/dev/log).
[   10.279915] ------------[ cut here ]------------
[   10.279923] Enabling unprepared \xa0\xd9Q\x88\xff\xff\xff`Q\x88\xff\xff\xff
[   10.279970] WARNING: CPU: 1 PID: 132 at drivers/clk/clk.c:1012 clk_core_enable+0xa4/0xc0
[   10.279973] Modules linked in:
[   10.279984] CPU: 1 PID: 132 Comm: kworker/1:1H Not tainted 5.10.0-98103-g2aa7ac113716 #5577
[   10.279986] Hardware name: ZynqMP ZCU102 Rev1.0 (DT)
[   10.279996] Workqueue: kblockd blk_mq_run_work_fn
[   10.280004] pstate: 80000085 (Nzcv daIf -PAN -UAO -TCO BTYPE=--)
[   10.280009] pc : clk_core_enable+0xa4/0xc0
[   10.280014] lr : clk_core_enable+0xa4/0xc0
[   10.280017] sp : ffffffc012b632d0
[   10.280020] x29: ffffffc012b632d0 x28: ffffff8800330c10 
[   10.280027] x27: ffffff8800330d48 x26: 0000005000000101 
[   10.280033] x25: 000000025ec9a116 x24: 0000000000000001 
[   10.280040] x23: ffffff88010e9380 x22: ffffff8801083220 
[   10.280047] x21: ffffff8801516000 x20: ffffff8801516008 
[   10.280053] x19: ffffff8801516008 x18: 0000000000000030 
[   10.280060] x17: 00008cc44e55c59a x16: 000000000000000f 
[   10.280066] x15: ffffffffffff8720 x14: ffffffc011d3b1a0 
[   10.280073] x13: ffffffc011d3b1c8 x12: 00000000000005e8 
[   10.280079] x11: 00000000000001f8 x10: ffffffc011d671c8 
[   10.280085] x9 : 00000000fffff800 x8 : ffffffc011d3b1c8 
[   10.280092] x7 : ffffffc011d671c8 x6 : 0000000000000001 
[   10.280099] x5 : ffffff887f77c9e0 x4 : 0000000000000000 
[   10.280105] x3 : 0000000000000027 x2 : 0000000000000023 
[   10.280111] x1 : d7e9f5e1ab1b7f00 x0 : 0000000000000000 
[   10.280118] Call trace:
[   10.280125]  clk_core_enable+0xa4/0xc0
[   10.280129]  clk_enable+0x2c/0x60
[   10.280136]  zynqmp_runtime_resume+0x24/0x84
[   10.280142]  pm_generic_runtime_resume+0x30/0x50
[   10.280148]  __genpd_runtime_resume+0x30/0xb0
[   10.280154]  genpd_runtime_resume+0x90/0x250
[   10.280160]  __rpm_callback+0x10c/0x1e0
[   10.280165]  rpm_callback+0x5c/0x84
[   10.280170]  rpm_resume+0x4a4/0x74c
[   10.280175]  __pm_runtime_resume+0x78/0xc4
[   10.280180]  spi_mem_access_start.isra.0+0x30/0x80
[   10.280184]  spi_mem_exec_op+0x3b0/0x424
[   10.280189]  spi_nor_read_sr+0x78/0xe0
[   10.280194]  spi_nor_wait_till_ready_with_timeout+0xb4/0x2f0
[   10.280198]  spi_nor_read+0x188/0x380
[   10.280204]  mtd_read_oob_std+0x78/0x84
[   10.280208]  mtd_read_oob+0x7c/0x134
[   10.280212]  mtd_read+0x48/0x7c
[   10.280218]  mtdblock_readsect+0x6c/0x150
[   10.280223]  mtd_queue_rq+0x2cc/0x5a0
[   10.280229]  blk_mq_dispatch_rq_list+0x110/0x790
[   10.280235]  __blk_mq_do_dispatch_sched+0x200/0x274
[   10.280240]  __blk_mq_sched_dispatch_requests+0x1a8/0x1fc
[   10.280246]  blk_mq_sched_dispatch_requests+0x3c/0x7c
[   10.280250]  __blk_mq_run_hw_queue+0x98/0x100
[   10.280255]  blk_mq_run_work_fn+0x24/0x30
[   10.280260]  process_one_work+0x1d4/0x380
[   10.280264]  worker_thread+0x78/0x4e0
[   10.280270]  kthread+0x124/0x130
[   10.280275]  ret_from_fork+0x10/0x3c
[   10.280279] ---[ end trace 26697ccc80bd9705 ]---
[   10.280287] zynqmp-qspi ff0f0000.spi: Cannot enable APB clock.
[   10.280336] spi_master spi0: Failed to power device: -108
[   10.280346] blk_update_request: I/O error, dev mtdblock0, sector 8 op 0x0:(READ) flags 0x80700 phys_seg 1 prio class 0
[   10.280413] spi_master spi0: Failed to power device: -22
[   10.280420] blk_update_request: I/O error, dev mtdblock0, sector 8 op 0x0:(READ) flags 0x0 phys_seg 8 prio class 0
[   10.280426] Buffer I/O error on dev mtdblock0, logical block 8, async page read
[   10.280435] spi_master spi0: Failed to power device: -22
[   10.280440] blk_update_request: I/O error, dev mtdblock0, sector 9 op 0x0:(READ) flags 0x0 phys_seg 7 prio class 0
[   10.280444] Buffer I/O error on dev mtdblock0, logical block 9, async page read
[   10.280451] spi_master spi0: Failed to power device: -22
[   10.280457] blk_update_request: I/O error, dev mtdblock0, sector 10 op 0x0:(READ) flags 0x0 phys_seg 6 prio class 0
[   10.280460] Buffer I/O error on dev mtdblock0, logical block 10, async page read
[   10.280467] spi_master spi0: Failed to power device: -22
[   10.280473] blk_update_request: I/O error, dev mtdblock0, sector 11 op 0x0:(READ) flags 0x0 phys_seg 5 prio class 0
[   10.280477] Buffer I/O error on dev mtdblock0, logical block 11, async page read
[   10.280484] spi_master spi0: Failed to power device: -22
[   10.280490] blk_update_request: I/O error, dev mtdblock0, sector 12 op 0x0:(READ) flags 0x0 phys_seg 4 prio class 0
[   10.280493] Buffer I/O error on dev mtdblock0, logical block 12, async page read
[   10.280500] spi_master spi0: Failed to power device: -22
[   10.280505] blk_update_request: I/O error, dev mtdblock0, sector 13 op 0x0:(READ) flags 0x0 phys_seg 3 prio class 0
[   10.280509] Buffer I/O error on dev mtdblock0, logical block 13, async page read
[   10.280516] spi_master spi0: Failed to power device: -22
[   10.280521] blk_update_request: I/O error, dev mtdblock0, sector 14 op 0x0:(READ) flags 0x0 phys_seg 2 prio class 0
[   10.280525] Buffer I/O error on dev mtdblock0, logical block 14, async page read
[   10.280532] spi_master spi0: Failed to power device: -22
[   10.280537] blk_update_request: I/O error, dev mtdblock0, sector 15 op 0x0:(READ) flags 0x0 phys_seg 1 prio class 0
[   10.280541] Buffer I/O error on dev mtdblock0, logical block 15, async page read
[   10.280848] spi_master spi0: Failed to power device: -22
[   10.280855] blk_update_request: I/O error, dev mtdblock1, sector 10112 op 0x0:(READ) flags 0x80700 phys_seg 1 prio class 0
[   10.280899] spi_master spi0: Failed to power device: -22
[   10.280904] Buffer I/O error on dev mtdblock1, logical block 10112, async page read
[   10.280912] spi_master spi0: Failed to power device: -22
[   10.280917] Buffer I/O error on dev mtdblock1, logical block 10113, async page read
[   10.280924] spi_master spi0: Failed to power device: -22
[   10.280931] spi_master spi0: Failed to power device: -22
[   10.280939] spi_master spi0: Failed to power device: -22
[   10.280946] spi_master spi0: Failed to power device: -22
[   10.280953] spi_master spi0: Failed to power device: -22
[   10.280960] spi_master spi0: Failed to power device: -22
[   10.281216] spi_master spi0: Failed to power device: -22
[   10.281259] spi_master spi0: Failed to power device: -22
[   10.281269] spi_master spi0: Failed to power device: -22
[   10.281277] spi_master spi0: Failed to power device: -22
[   10.281284] spi_master spi0: Failed to power device: -22
[   10.281292] spi_master spi0: Failed to power device: -22
[   10.281299] spi_master spi0: Failed to power device: -22
[   10.281306] spi_master spi0: Failed to power device: -22
[   10.281313] spi_master spi0: Failed to power device: -22
[   10.281585] spi_master spi0: Failed to power device: -22
[   10.281631] spi_master spi0: Failed to power device: -22
[   10.281640] spi_master spi0: Failed to power device: -22
[   10.281648] spi_master spi0: Failed to power device: -22
[   10.281655] spi_master spi0: Failed to power device: -22
[   10.281663] spi_master spi0: Failed to power device: -22
[   10.281670] spi_master spi0: Failed to power device: -22
[   10.281677] spi_master spi0: Failed to power device: -22
[   10.281684] spi_master spi0: Failed to power device: -22
[   10.405621] EXT4-fs (mmcblk0p2): re-mounted. Opts: (null)
[   10.532542] systemd-journald[169]: Received request to flush runtime journal from PID 1
[   16.221862] macb ff0e0000.ethernet eth0: PHY [ff0e0000.ethernet-ffffffff:0c] driver [TI DP83867] (irq=POLL)
[   16.221875] macb ff0e0000.ethernet eth0: configuring for phy/rgmii-id link mode
[   16.699763] Adding 102396k swap on /var/swap.  Priority:-2 extents:4 across:9953604k SS
[   18.467743] random: crng init done
[   18.467755] random: 7 urandom warning(s) missed due to ratelimiting
[   19.235503] broken atomic modeset userspace detected, disabling atomic
[   20.321341] macb ff0e0000.ethernet eth0: Link is Up - 1Gbps/Full - flow control off
[   20.321367] IPv6: ADDRCONF(NETDEV_CHANGE): eth0: link becomes ready
[   21.896826] broken atomic modeset userspace detected, disabling atomic
[   24.797447] broken atomic modeset userspace detected, disabling atomic
[   27.461947] broken atomic modeset userspace detected, disabling atomic