[    0.000000] Booting Linux on physical CPU 0x0000000000 [0x410fd034]
[    0.000000] Linux version 5.10.0-98103-g2aa7ac113716 (jenkins@romlxbuild1.adlk.analog.com) (aarch64-xilinx-linux-gcc.real (GCC) 10.2.0, GNU ld (GNU Binutils) 2.35.0.20200730) #5577 SMP Wed Mar 23 07:28:49 GMT 2022
[    0.000000] Machine model: ZynqMP ZCU102 Rev1.0
[    0.000000] earlycon: cdns0 at MMIO 0x00000000ff000000 (options '115200n8')
[    0.000000] printk: bootconsole [cdns0] enabled
[    0.000000] efi: UEFI not found.
[    0.000000] cma: Reserved 256 MiB at 0x0000000070000000
[    0.000000] Zone ranges:
[    0.000000]   DMA      [mem 0x0000000000000000-0x000000003fffffff]
[    0.000000]   DMA32    [mem 0x0000000040000000-0x00000000ffffffff]
[    0.000000]   Normal   [mem 0x0000000100000000-0x000000087fffffff]
[    0.000000] Movable zone start for each node
[    0.000000] Early memory node ranges
[    0.000000]   node   0: [mem 0x0000000000000000-0x000000007fffffff]
[    0.000000]   node   0: [mem 0x0000000800000000-0x000000087fffffff]
[    0.000000] Initmem setup node 0 [mem 0x0000000000000000-0x000000087fffffff]
[    0.000000] On node 0 totalpages: 1048576
[    0.000000]   DMA zone: 3584 pages used for memmap
[    0.000000]   DMA zone: 0 pages reserved
[    0.000000]   DMA zone: 262144 pages, LIFO batch:63
[    0.000000]   DMA32 zone: 3584 pages used for memmap
[    0.000000]   DMA32 zone: 262144 pages, LIFO batch:63
[    0.000000]   Normal zone: 7168 pages used for memmap
[    0.000000]   Normal zone: 524288 pages, LIFO batch:63
[    0.000000] psci: probing for conduit method from DT.
[    0.000000] psci: PSCIv1.1 detected in firmware.
[    0.000000] psci: Using standard PSCI v0.2 function IDs
[    0.000000] psci: MIGRATE_INFO_TYPE not supported.
[    0.000000] psci: SMC Calling Convention v1.2
[    0.000000] percpu: Embedded 22 pages/cpu s49496 r8192 d32424 u90112
[    0.000000] pcpu-alloc: s49496 r8192 d32424 u90112 alloc=22*4096
[    0.000000] pcpu-alloc: [0] 0 [0] 1 [0] 2 [0] 3 
[    0.000000] Detected VIPT I-cache on CPU0
[    0.000000] CPU features: detected: ARM erratum 845719
[    0.000000] Built 1 zonelists, mobility grouping on.  Total pages: 1034240
[    0.000000] Kernel command line: console=ttyPS0,115200 root=/dev/mmcblk0p2 rw earlycon rootfstype=ext4 rootwait clk_ignore_unused cpuidle.off=1 root=/dev/mmcblk0p2 rw rootwait
[    0.000000] Dentry cache hash table entries: 524288 (order: 10, 4194304 bytes, linear)
[    0.000000] Inode-cache hash table entries: 262144 (order: 9, 2097152 bytes, linear)
[    0.000000] mem auto-init: stack:off, heap alloc:off, heap free:off
[    0.000000] software IO TLB: mapped [mem 0x000000003bfff000-0x000000003ffff000] (64MB)
[    0.000000] Memory: 3761904K/4194304K available (15296K kernel code, 1636K rwdata, 11876K rodata, 2560K init, 507K bss, 170256K reserved, 262144K cma-reserved)
[    0.000000] rcu: Hierarchical RCU implementation.
[    0.000000] rcu: 	RCU event tracing is enabled.
[    0.000000] rcu: 	RCU restricting CPUs from NR_CPUS=8 to nr_cpu_ids=4.
[    0.000000] rcu: RCU calculated value of scheduler-enlistment delay is 25 jiffies.
[    0.000000] rcu: Adjusting geometry for rcu_fanout_leaf=16, nr_cpu_ids=4
[    0.000000] NR_IRQS: 64, nr_irqs: 64, preallocated irqs: 0
[    0.000000] GIC: Adjusting CPU interface base to 0x00000000f902f000
[    0.000000] GIC: Using split EOI/Deactivate mode
[    0.000000] random: get_random_bytes called from start_kernel+0x31c/0x54c with crng_init=0
[    0.000000] arch_timer: cp15 timer(s) running at 100.00MHz (phys).
[    0.000000] clocksource: arch_sys_counter: mask: 0xffffffffffffff max_cycles: 0x171024e7e0, max_idle_ns: 440795205315 ns
[    0.000003] sched_clock: 56 bits at 100MHz, resolution 10ns, wraps every 4398046511100ns
[    0.008460] Console: colour dummy device 80x25
[    0.012483] Calibrating delay loop (skipped), value calculated using timer frequency.. 200.00 BogoMIPS (lpj=400000)
[    0.022840] pid_max: default: 32768 minimum: 301
[    0.027549] Mount-cache hash table entries: 8192 (order: 4, 65536 bytes, linear)
[    0.034788] Mountpoint-cache hash table entries: 8192 (order: 4, 65536 bytes, linear)
[    0.043397] rcu: Hierarchical SRCU implementation.
[    0.047560] EFI services will not be available.
[    0.051938] smp: Bringing up secondary CPUs ...
[    0.056658] Detected VIPT I-cache on CPU1
[    0.056697] CPU1: Booted secondary processor 0x0000000001 [0x410fd034]
[    0.057061] Detected VIPT I-cache on CPU2
[    0.057086] CPU2: Booted secondary processor 0x0000000002 [0x410fd034]
[    0.057427] Detected VIPT I-cache on CPU3
[    0.057450] CPU3: Booted secondary processor 0x0000000003 [0x410fd034]
[    0.057496] smp: Brought up 1 node, 4 CPUs
[    0.091780] SMP: Total of 4 processors activated.
[    0.096452] CPU features: detected: 32-bit EL0 Support
[    0.101556] CPU features: detected: CRC32 instructions
[    0.106696] CPU: All CPU(s) started at EL2
[    0.110737] alternatives: patching kernel code
[    0.116168] devtmpfs: initialized
[    0.124069] Registered cp15_barrier emulation handler
[    0.124120] Registered setend emulation handler
[    0.128099] clocksource: jiffies: mask: 0xffffffff max_cycles: 0xffffffff, max_idle_ns: 7645041785100000 ns
[    0.137679] futex hash table entries: 1024 (order: 4, 65536 bytes, linear)
[    0.151035] pinctrl core: initialized pinctrl subsystem
[    0.151681] NET: Registered protocol family 16
[    0.156099] DMA: preallocated 512 KiB GFP_KERNEL pool for atomic allocations
[    0.162116] DMA: preallocated 512 KiB GFP_KERNEL|GFP_DMA pool for atomic allocations
[    0.169843] DMA: preallocated 512 KiB GFP_KERNEL|GFP_DMA32 pool for atomic allocations
[    0.177645] audit: initializing netlink subsys (disabled)
[    0.183096] audit: type=2000 audit(0.116:1): state=initialized audit_enabled=0 res=1
[    0.183437] hw-breakpoint: found 6 breakpoint and 4 watchpoint registers.
[    0.197472] ASID allocator initialised with 65536 entries
[    0.224316] HugeTLB registered 1.00 GiB page size, pre-allocated 0 pages
[    0.225368] HugeTLB registered 32.0 MiB page size, pre-allocated 0 pages
[    0.232039] HugeTLB registered 2.00 MiB page size, pre-allocated 0 pages
[    0.238699] HugeTLB registered 64.0 KiB page size, pre-allocated 0 pages
[    1.304283] DRBG: Continuing without Jitter RNG
[    1.382097] raid6: neonx8   gen()  2144 MB/s
[    1.450140] raid6: neonx8   xor()  1600 MB/s
[    1.518196] raid6: neonx4   gen()  2200 MB/s
[    1.586248] raid6: neonx4   xor()  1570 MB/s
[    1.654310] raid6: neonx2   gen()  2075 MB/s
[    1.722363] raid6: neonx2   xor()  1443 MB/s
[    1.790427] raid6: neonx1   gen()  1772 MB/s
[    1.858472] raid6: neonx1   xor()  1220 MB/s
[    1.926530] raid6: int64x8  gen()  1438 MB/s
[    1.994585] raid6: int64x8  xor()   771 MB/s
[    2.062661] raid6: int64x4  gen()  1599 MB/s
[    2.130708] raid6: int64x4  xor()   818 MB/s
[    2.198777] raid6: int64x2  gen()  1397 MB/s
[    2.266822] raid6: int64x2  xor()   750 MB/s
[    2.334910] raid6: int64x1  gen()  1034 MB/s
[    2.402960] raid6: int64x1  xor()   517 MB/s
[    2.402998] raid6: using algorithm neonx4 gen() 2200 MB/s
[    2.406952] raid6: .... xor() 1570 MB/s, rmw enabled
[    2.411883] raid6: using neon recovery algorithm
[    2.416891] iommu: Default domain type: Translated 
[    2.421509] SCSI subsystem initialized
[    2.425052] libata version 3.00 loaded.
[    2.425175] usbcore: registered new interface driver usbfs
[    2.430509] usbcore: registered new interface driver hub
[    2.435782] usbcore: registered new device driver usb
[    2.440917] mc: Linux media interface: v0.10
[    2.445030] videodev: Linux video capture interface: v2.00
[    2.450522] EDAC MC: Ver: 3.0.0
[    2.453964] zynqmp-ipi-mbox mailbox@ff990400: Registered ZynqMP IPI mbox with TX/RX channels.
[    2.462462] jesd204: created con: id=0, topo=0, link=0, /axi/spi@ff050000/hmc7044@0 <-> /fpga-axi@0/axi-adxcvr-tx@84b60000
[    2.473051] jesd204: created con: id=1, topo=0, link=2, /axi/spi@ff050000/hmc7044@0 <-> /fpga-axi@0/axi-adxcvr-rx@84a60000
[    2.484035] jesd204: created con: id=2, topo=0, link=0, /fpga-axi@0/axi-adxcvr-tx@84b60000 <-> /fpga-axi@0/axi-jesd204-tx@84b90000
[    2.495711] jesd204: created con: id=3, topo=0, link=2, /fpga-axi@0/axi-adxcvr-rx@84a60000 <-> /fpga-axi@0/axi-jesd204-rx@84a90000
[    2.507388] jesd204: created con: id=4, topo=0, link=0, /fpga-axi@0/axi-jesd204-tx@84b90000 <-> /fpga-axi@0/axi-ad9081-tx-hpc@84b10000
[    2.519416] jesd204: created con: id=5, topo=0, link=2, /fpga-axi@0/axi-jesd204-rx@84a90000 <-> /fpga-axi@0/axi-ad9081-rx-hpc@84a10000
[    2.531439] jesd204: created con: id=6, topo=0, link=2, /fpga-axi@0/axi-ad9081-rx-hpc@84a10000 <-> /axi/spi@ff040000/ad9081@0
[    2.542680] jesd204: created con: id=7, topo=0, link=0, /fpga-axi@0/axi-ad9081-tx-hpc@84b10000 <-> /axi/spi@ff040000/ad9081@0
[    2.553930] jesd204: /axi/spi@ff040000/ad9081@0: JESD204[2] transition uninitialized -> initialized
[    2.562917] jesd204: /axi/spi@ff040000/ad9081@0: JESD204[0] transition uninitialized -> initialized
[    2.571908] jesd204: found 8 devices and 1 topologies
[    2.576952] FPGA manager framework
[    2.580431] Advanced Linux Sound Architecture Driver Initialized.
[    2.586724] Bluetooth: Core ver 2.22
[    2.589912] NET: Registered protocol family 31
[    2.594312] Bluetooth: HCI device and connection manager initialized
[    2.600629] Bluetooth: HCI socket layer initialized
[    2.605471] Bluetooth: L2CAP socket layer initialized
[    2.610495] Bluetooth: SCO socket layer initialized
[    2.615674] clocksource: Switched to clocksource arch_sys_counter
[    2.621485] VFS: Disk quotas dquot_6.6.0
[    2.625321] VFS: Dquot-cache hash table entries: 512 (order 0, 4096 bytes)
[    2.636043] NET: Registered protocol family 2
[    2.636767] tcp_listen_portaddr_hash hash table entries: 2048 (order: 3, 32768 bytes, linear)
[    2.644962] TCP established hash table entries: 32768 (order: 6, 262144 bytes, linear)
[    2.652987] TCP bind hash table entries: 32768 (order: 7, 524288 bytes, linear)
[    2.660433] TCP: Hash tables configured (established 32768 bind 32768)
[    2.666605] UDP hash table entries: 2048 (order: 4, 65536 bytes, linear)
[    2.673273] UDP-Lite hash table entries: 2048 (order: 4, 65536 bytes, linear)
[    2.680434] NET: Registered protocol family 1
[    2.684888] RPC: Registered named UNIX socket transport module.
[    2.690510] RPC: Registered udp transport module.
[    2.695174] RPC: Registered tcp transport module.
[    2.699844] RPC: Registered tcp NFSv4.1 backchannel transport module.
[    2.706834] PCI: CLS 0 bytes, default 64
[    2.710541] hw perfevents: no interrupt-affinity property for /pmu, guessing.
[    2.717395] hw perfevents: enabled with armv8_pmuv3 PMU driver, 7 counters available
[    2.725753] Initialise system trusted keyrings
[    2.729423] workingset: timestamp_bits=62 max_order=20 bucket_order=0
[    2.736326] NFS: Registering the id_resolver key type
[    2.740772] Key type id_resolver registered
[    2.744912] Key type id_legacy registered
[    2.748901] nfs4filelayout_init: NFSv4 File Layout Driver Registering...
[    2.755567] jffs2: version 2.2. (NAND) (SUMMARY)  Â© 2001-2006 Red Hat, Inc.
[    2.798654] NET: Registered protocol family 38
[    2.798697] xor: measuring software checksum speed
[    2.806383]    8regs           :  2363 MB/sec
[    2.810052]    32regs          :  2799 MB/sec
[    2.814995]    arm64_neon      :  2380 MB/sec
[    2.815185] xor: using function: 32regs (2799 MB/sec)
[    2.820211] Key type asymmetric registered
[    2.824272] Asymmetric key parser 'x509' registered
[    2.829133] Block layer SCSI generic (bsg) driver version 0.4 loaded (major 248)
[    2.836470] io scheduler mq-deadline registered
[    2.840966] io scheduler kyber registered
[    2.870394] Serial: 8250/16550 driver, 4 ports, IRQ sharing disabled
[    2.875029] cacheinfo: Unable to detect cache hierarchy for CPU 0
[    2.881379] brd: module loaded
[    2.885522] loop: module loaded
[    2.886068] Registered mathworks_ip class
[    2.889402] libphy: Fixed MDIO Bus: probed
[    2.892393] tun: Universal TUN/TAP device driver, 1.6
[    2.896439] CAN device driver interface
[    2.900974] usbcore: registered new interface driver asix
[    2.905571] usbcore: registered new interface driver ax88179_178a
[    2.911604] usbcore: registered new interface driver cdc_ether
[    2.917399] usbcore: registered new interface driver net1080
[    2.923025] usbcore: registered new interface driver cdc_subset
[    2.928906] usbcore: registered new interface driver zaurus
[    2.934448] usbcore: registered new interface driver cdc_ncm
[    2.940850] ehci_hcd: USB 2.0 'Enhanced' Host Controller (EHCI) Driver
[    2.946534] ehci-pci: EHCI PCI platform driver
[    2.951334] usbcore: registered new interface driver uas
[    2.956250] usbcore: registered new interface driver usb-storage
[    2.962238] usbcore: registered new interface driver usbserial_generic
[    2.968689] usbserial: USB Serial support registered for generic
[    2.974662] usbcore: registered new interface driver ftdi_sio
[    2.980365] usbserial: USB Serial support registered for FTDI USB Serial Device
[    2.987641] usbcore: registered new interface driver upd78f0730
[    2.993512] usbserial: USB Serial support registered for upd78f0730
[    3.001169] rtc_zynqmp ffa60000.rtc: registered as rtc0
[    3.004938] rtc_zynqmp ffa60000.rtc: setting system clock to 2022-04-12T21:13:14 UTC (1649797994)
[    3.013800] i2c /dev entries driver
[    3.019116] usbcore: registered new interface driver uvcvideo
[    3.022913] USB Video Class driver (1.1.1)
[    3.028496] Bluetooth: HCI UART driver ver 2.3
[    3.031384] Bluetooth: HCI UART protocol H4 registered
[    3.036494] Bluetooth: HCI UART protocol BCSP registered
[    3.041783] Bluetooth: HCI UART protocol LL registered
[    3.046871] Bluetooth: HCI UART protocol ATH3K registered
[    3.052246] Bluetooth: HCI UART protocol Three-wire (H5) registered
[    3.058501] Bluetooth: HCI UART protocol Intel registered
[    3.063838] Bluetooth: HCI UART protocol QCA registered
[    3.069040] usbcore: registered new interface driver bcm203x
[    3.074661] usbcore: registered new interface driver bpa10x
[    3.080197] usbcore: registered new interface driver bfusb
[    3.085647] usbcore: registered new interface driver btusb
[    3.091110] usbcore: registered new interface driver ath3k
[    3.096593] EDAC MC: ECC not enabled
[    3.100219] EDAC DEVICE0: Giving out device to module zynqmp-ocm-edac controller zynqmp_ocm: DEV ff960000.memory-controller (INTERRUPT)
[    3.112533] sdhci: Secure Digital Host Controller Interface driver
[    3.118320] sdhci: Copyright(c) Pierre Ossman
[    3.122646] sdhci-pltfm: SDHCI platform and OF driver helper
[    3.128695] ledtrig-cpu: registered to indicate activity on CPUs
[    3.134251] SMCCC: SOC_ID: ARCH_SOC_ID not implemented, skipping ....
[    3.140679] zynqmp_firmware_probe Platform Management API v1.1
[    3.146437] zynqmp_firmware_probe Trustzone version v1.0
[    3.185976] zynqmp-pinctrl firmware:zynqmp-firmware:pinctrl: zynqmp pinctrl initialized
[    3.233975] zynqmp-aes firmware:zynqmp-firmware:zynqmp-aes: will run requests pump with realtime priority
[    3.249839] alg: No test for xilinx-keccak-384 (zynqmp-keccak-384)
[    3.250551] alg: No test for xilinx-zynqmp-rsa (zynqmp-rsa)
[    3.256066] usbcore: registered new interface driver usbhid
[    3.261455] usbhid: USB HID core driver
[    3.272699] axi_sysid 85000000.axi-sysid-0: AXI System ID core version (1.01.a) found
[    3.275044] axi_sysid 85000000.axi-sysid-0: [ad9081_fmca_ebz] on [zcu102] git branch <master> git <084d44c9780640ca93fd847b1d9ec70dd65f5c67> clean [2022-03-18 04:17:50] UTC
[    3.290729] fpga_manager fpga0: Xilinx ZynqMP FPGA Manager registered
[    3.297088] usbcore: registered new interface driver snd-usb-audio
[    3.304540] pktgen: Packet Generator for packet performance testing. Version: 2.75
[    3.310726] Initializing XFRM netlink socket
[    3.314576] NET: Registered protocol family 10
[    3.319292] Segment Routing with IPv6
[    3.322676] sit: IPv6, IPv4 and MPLS over IPv4 tunneling driver
[    3.328744] NET: Registered protocol family 17
[    3.332848] NET: Registered protocol family 15
[    3.337342] can: controller area network core
[    3.341598] NET: Registered protocol family 29
[    3.345986] can: raw protocol
[    3.348922] can: broadcast manager protocol
[    3.353077] can: netlink gateway - max_hops=1
[    3.357470] Bluetooth: RFCOMM TTY layer initialized
[    3.362250] Bluetooth: RFCOMM socket layer initialized
[    3.367359] Bluetooth: RFCOMM ver 1.11
[    3.371069] Bluetooth: BNEP (Ethernet Emulation) ver 1.3
[    3.376341] Bluetooth: BNEP filters: protocol multicast
[    3.381535] Bluetooth: BNEP socket layer initialized
[    3.386462] Bluetooth: HIDP (Human Interface Emulation) ver 1.2
[    3.392345] Bluetooth: HIDP socket layer initialized
[    3.397401] 9pnet: Installing 9P2000 support
[    3.401522] NET: Registered protocol family 36
[    3.405941] Key type dns_resolver registered
[    3.410369] registered taskstats version 1
[    3.414235] Loading compiled-in X.509 certificates
[    3.419348] Btrfs loaded, crc32c=crc32c-generic
[    3.431758] ff000000.serial: ttyPS0 at MMIO 0xff000000 (irq = 49, base_baud = 6249999) is a xuartps
[    3.440779] printk: console [ttyPS0] enabled
[    3.445074] printk: bootconsole [cdns0] disabled
[    3.454709] ff010000.serial: ttyPS1 at MMIO 0xff010000 (irq = 50, base_baud = 6249999) is a xuartps
[    3.467948] of-fpga-region fpga-full: FPGA Region probed
[    3.474897] nwl-pcie fd0e0000.pcie: host bridge /axi/pcie@fd0e0000 ranges:
[    3.481795] nwl-pcie fd0e0000.pcie:      MEM 0x00e0000000..0x00efffffff -> 0x00e0000000
[    3.489796] nwl-pcie fd0e0000.pcie:      MEM 0x0600000000..0x07ffffffff -> 0x0600000000
[    3.497858] nwl-pcie fd0e0000.pcie: Link is DOWN
[    3.502616] nwl-pcie fd0e0000.pcie: PCI host bridge to bus 0000:00
[    3.508793] pci_bus 0000:00: root bus resource [bus 00-ff]
[    3.514275] pci_bus 0000:00: root bus resource [mem 0xe0000000-0xefffffff]
[    3.521145] pci_bus 0000:00: root bus resource [mem 0x600000000-0x7ffffffff pref]
[    3.528648] pci 0000:00:00.0: [10ee:d021] type 01 class 0x060400
[    3.534704] pci 0000:00:00.0: PME# supported from D0 D1 D2 D3hot
[    3.545145] pci 0000:00:00.0: PCI bridge to [bus 01-0c]
[    3.551126] xilinx-zynqmp-dma fd500000.dma: ZynqMP DMA driver Probe success
[    3.558303] xilinx-zynqmp-dma fd510000.dma: ZynqMP DMA driver Probe success
[    3.565485] xilinx-zynqmp-dma fd520000.dma: ZynqMP DMA driver Probe success
[    3.572655] xilinx-zynqmp-dma fd530000.dma: ZynqMP DMA driver Probe success
[    3.579826] xilinx-zynqmp-dma fd540000.dma: ZynqMP DMA driver Probe success
[    3.586990] xilinx-zynqmp-dma fd550000.dma: ZynqMP DMA driver Probe success
[    3.594161] xilinx-zynqmp-dma fd560000.dma: ZynqMP DMA driver Probe success
[    3.601330] xilinx-zynqmp-dma fd570000.dma: ZynqMP DMA driver Probe success
[    3.608729] xilinx-zynqmp-dpdma fd4c0000.dma-controller: Xilinx DPDMA engine is probed
[    3.617269] ahci-ceva fd0c0000.ahci: supply ahci not found, using dummy regulator
[    3.624807] ahci-ceva fd0c0000.ahci: supply phy not found, using dummy regulator
[    3.715849] hmc7044 spi2.0: PLL1: Acquisition, CLKIN0 @ 122880000 Hz, PFD: 80 kHz - PLL2: Locked @ 2672.000000 MHz
[    3.726559] jesd204: /axi/spi@ff050000/hmc7044@0,jesd204:1,parent=spi2.0: Using as SYSREF provider
[    3.736145] spi-nor spi0.0: SPI-NOR-UniqueID 100000235394732200270025081115266e
[    3.743448] spi-nor spi0.0: found n25q512a, expected m25p80
[    3.749638] spi-nor spi0.0: trying to lock already unlocked area
[    3.755641] spi-nor spi0.0: n25q512a (131072 Kbytes)
[    3.760621] 4 fixed-partitions partitions found on MTD device spi0.0
[    3.766965] Creating 4 MTD partitions on "spi0.0":
[    3.771750] 0x000000000000-0x000000100000 : "qspi-fsbl-uboot"
[    3.778235] 0x000000100000-0x000000600000 : "qspi-linux"
[    3.784196] 0x000000600000-0x000000620000 : "qspi-device-tree"
[    3.790666] 0x000000620000-0x000000c00000 : "qspi-rootfs"
[    3.799139] macb ff0e0000.ethernet: Not enabling partial store and forward
[    3.806662] libphy: MACB_mii_bus: probed
[    3.811733] macb ff0e0000.ethernet eth0: Cadence GEM rev 0x50070106 at 0xff0e0000 irq 30 (00:0a:35:04:8e:1b)
[    3.821942] xilinx-axipmon ffa00000.perf-monitor: Probed Xilinx APM
[    3.828519] xilinx-axipmon fd0b0000.perf-monitor: Probed Xilinx APM
[    3.835040] xilinx-axipmon fd490000.perf-monitor: Probed Xilinx APM
[    3.841581] xilinx-axipmon ffa10000.perf-monitor: Probed Xilinx APM
[    3.851584] pca953x 0-0020: supply vcc not found, using dummy regulator
[    3.858267] pca953x 0-0020: using no AI
[    3.862755] gpio-496 (sel0): hogged as output/low
[    3.867654] gpio-497 (sel1): hogged as output/high
[    3.872642] gpio-498 (sel2): hogged as output/high
[    3.877629] gpio-499 (sel3): hogged as output/high
[    3.882802] pca953x 0-0021: supply vcc not found, using dummy regulator
[    3.889470] pca953x 0-0021: using no AI
[    3.895228] ina2xx 2-0040: power monitor ina226 (Rshunt = 5000 uOhm)
[    3.902257] ina2xx 2-0041: power monitor ina226 (Rshunt = 5000 uOhm)
[    3.909299] ina2xx 2-0042: power monitor ina226 (Rshunt = 5000 uOhm)
[    3.916335] ina2xx 2-0043: power monitor ina226 (Rshunt = 5000 uOhm)
[    3.923363] ina2xx 2-0044: power monitor ina226 (Rshunt = 5000 uOhm)
[    3.930384] ina2xx 2-0045: power monitor ina226 (Rshunt = 5000 uOhm)
[    3.937412] ina2xx 2-0046: power monitor ina226 (Rshunt = 5000 uOhm)
[    3.944487] ina2xx 2-0047: power monitor ina226 (Rshunt = 5000 uOhm)
[    3.951514] ina2xx 2-004a: power monitor ina226 (Rshunt = 5000 uOhm)
[    3.958554] ina2xx 2-004b: power monitor ina226 (Rshunt = 5000 uOhm)
[    3.964969] i2c i2c-0: Added multiplexed i2c bus 2
[    3.970359] random: fast init done
[    3.973832] ina2xx 3-0040: power monitor ina226 (Rshunt = 2000 uOhm)
[    3.980858] ina2xx 3-0041: power monitor ina226 (Rshunt = 5000 uOhm)
[    3.987885] ina2xx 3-0042: power monitor ina226 (Rshunt = 5000 uOhm)
[    3.994918] ina2xx 3-0043: power monitor ina226 (Rshunt = 5000 uOhm)
[    4.001945] ina2xx 3-0044: power monitor ina226 (Rshunt = 5000 uOhm)
[    4.008977] ina2xx 3-0045: power monitor ina226 (Rshunt = 5000 uOhm)
[    4.016010] ina2xx 3-0046: power monitor ina226 (Rshunt = 5000 uOhm)
[    4.023042] ina2xx 3-0047: power monitor ina226 (Rshunt = 5000 uOhm)
[    4.029442] i2c i2c-0: Added multiplexed i2c bus 3
[    4.085568] i2c i2c-0: Added multiplexed i2c bus 4
[    4.090510] i2c i2c-0: Added multiplexed i2c bus 5
[    4.095301] pca954x 0-0075: registered 4 multiplexed busses for I2C mux pca9544
[    4.102651] cdns-i2c ff020000.i2c: 400 kHz mmio ff020000 irq 32
[    4.110383] at24 6-0054: supply vcc not found, using dummy regulator
[    4.117285] at24 6-0054: 1024 byte 24c08 EEPROM, writable, 1 bytes/write
[    4.124039] i2c i2c-1: Added multiplexed i2c bus 6
[    4.130470] si5341 7-0036: Chip: 5341 Grade: 1 Rev: 1
[    4.168126] i2c i2c-1: Added multiplexed i2c bus 7
[    4.175782] si570 8-005d: registered, current frequency 300000000 Hz
[    4.182184] i2c i2c-1: Added multiplexed i2c bus 8
[    4.201959] si570 9-005d: registered, current frequency 148500000 Hz
[    4.208364] i2c i2c-1: Added multiplexed i2c bus 9
[    4.213403] si5324 10-0069: si5328 probed
[    4.280028] si5324 10-0069: si5328 probe successful
[    4.284958] i2c i2c-1: Added multiplexed i2c bus 10
[    4.289986] i2c i2c-1: Added multiplexed i2c bus 11
[    4.295009] i2c i2c-1: Added multiplexed i2c bus 12
[    4.300033] i2c i2c-1: Added multiplexed i2c bus 13
[    4.304914] pca954x 1-0074: registered 8 multiplexed busses for I2C switch pca9548
[    4.313026] at24 14-0050: supply vcc not found, using dummy regulator
[    4.319817] at24 14-0050: 256 byte 24c02 EEPROM, writable, 1 bytes/write
[    4.326566] i2c i2c-1: Added multiplexed i2c bus 14
[    4.331608] i2c i2c-1: Added multiplexed i2c bus 15
[    4.336639] i2c i2c-1: Added multiplexed i2c bus 16
[    4.341676] i2c i2c-1: Added multiplexed i2c bus 17
[    4.346707] i2c i2c-1: Added multiplexed i2c bus 18
[    4.351753] i2c i2c-1: Added multiplexed i2c bus 19
[    4.356795] i2c i2c-1: Added multiplexed i2c bus 20
[    4.361833] i2c i2c-1: Added multiplexed i2c bus 21
[    4.366706] pca954x 1-0075: registered 8 multiplexed busses for I2C switch pca9548
[    4.374316] cdns-i2c ff030000.i2c: 400 kHz mmio ff030000 irq 33
[    4.384059] cdns-wdt fd4d0000.watchdog: Xilinx Watchdog Timer with timeout 60s
[    4.393108] axi_adxcvr 84a60000.axi-adxcvr-rx: adxcvr_enforce_settings: Using QPLL without access, assuming desired Lane rate will be configured by a different instance
[    4.409748] axi_adxcvr 84a60000.axi-adxcvr-rx: AXI-ADXCVR-RX (17.05.a) using QPLL on GTH4 at 0x84A60000. Number of lanes: 4.
[    4.421909] axi_adxcvr 84b60000.axi-adxcvr-tx: AXI-ADXCVR-TX (17.05.a) using QPLL on GTH4 at 0x84B60000. Number of lanes: 4.
[    4.425867] mmc0: SDHCI controller on ff170000.mmc [ff170000.mmc] using ADMA 64-bit
[    4.441065] axi-jesd204-rx 84a90000.axi-jesd204-rx: AXI-JESD204-RX (1.07.a) at 0x84A90000. Encoder 8b10b, width 4/4, lanes 4, jesd204-fsm.
[    4.453897] axi-jesd204-tx 84b90000.axi-jesd204-tx: AXI-JESD204-TX (1.06.a) at 0x84B90000. Encoder 8b10b, width 4/4, lanes 4, jesd204-fsm.
[    4.467404] zynqmp-display fd4a0000.display: vtc bridge property not present
[    4.473439] mmc0: new high speed SDHC card at address 0001
[    4.477058] xilinx-dp-snd-codec fd4a0000.display:zynqmp_dp_snd_codec0: Failed to get required clock freq
[    4.480287] mmcblk0: mmc0:0001 EB1QT 29.8 GiB 
[    4.489417] xilinx-dp-snd-codec: probe of fd4a0000.display:zynqmp_dp_snd_codec0 failed with error -22
[    4.495081]  mmcblk0: p1 p2 p3
[    4.503405] xilinx-dp-snd-pcm zynqmp_dp_snd_pcm0: Xilinx DisplayPort Sound PCM probed
[    4.514266] xilinx-dp-snd-pcm zynqmp_dp_snd_pcm1: Xilinx DisplayPort Sound PCM probed
[    4.522478] OF: graph: no port node found in /axi/display@fd4a0000
[    4.528889] xlnx-drm xlnx-drm.0: bound fd4a0000.display (ops 0xffffffc010fcbdb8)
[    5.615694] zynqmp-display fd4a0000.display: [drm] Cannot find any crtc or sizes
[    5.623310] [drm] Initialized xlnx 1.0.0 20130509 for fd4a0000.display on minor 0
[    5.630802] zynqmp-display fd4a0000.display: ZynqMP DisplayPort Subsystem driver probed
[    5.639114] ahci-ceva fd0c0000.ahci: supply ahci not found, using dummy regulator
[    5.646661] ahci-ceva fd0c0000.ahci: supply phy not found, using dummy regulator
[    5.654116] ahci-ceva fd0c0000.ahci: supply target not found, using dummy regulator
[    5.672011] ahci-ceva fd0c0000.ahci: AHCI 0001.0301 32 slots 2 ports 6 Gbps 0x3 impl platform mode
[    5.680967] ahci-ceva fd0c0000.ahci: flags: 64bit ncq sntf pm clo only pmp fbs pio slum part ccc sds apst 
[    5.691587] scsi host0: ahci-ceva
[    5.695188] scsi host1: ahci-ceva
[    5.698621] ata1: SATA max UDMA/133 mmio [mem 0xfd0c0000-0xfd0c1fff] port 0x100 irq 45
[    5.706531] ata2: SATA max UDMA/133 mmio [mem 0xfd0c0000-0xfd0c1fff] port 0x180 irq 45
[    5.715140] ad9081 spi1.0: supply vdd not found, using dummy regulator
[    6.025913] ata1: SATA link down (SStatus 0 SControl 330)
[    6.031324] ata2: SATA link down (SStatus 0 SControl 330)
[    6.699698] zynqmp-display fd4a0000.display: [drm] Cannot find any crtc or sizes
[    7.504532] ad9081 spi1.0: AD9081 Rev. 2 Grade 10 (API 1.2.2) probed
[    7.511734] xhci-hcd xhci-hcd.1.auto: xHCI Host Controller
[    7.517223] xhci-hcd xhci-hcd.1.auto: new USB bus registered, assigned bus number 1
[    7.524964] xhci-hcd xhci-hcd.1.auto: hcc params 0x0238f625 hci version 0x100 quirks 0x0000000002010810
[    7.534376] xhci-hcd xhci-hcd.1.auto: irq 59, io mem 0xfe200000
[    7.540484] usb usb1: New USB device found, idVendor=1d6b, idProduct=0002, bcdDevice= 5.10
[    7.548742] usb usb1: New USB device strings: Mfr=3, Product=2, SerialNumber=1
[    7.555959] usb usb1: Product: xHCI Host Controller
[    7.560827] usb usb1: Manufacturer: Linux 5.10.0-98103-g2aa7ac113716 xhci-hcd
[    7.567954] usb usb1: SerialNumber: xhci-hcd.1.auto
[    7.573123] hub 1-0:1.0: USB hub found
[    7.576891] hub 1-0:1.0: 1 port detected
[    7.580997] xhci-hcd xhci-hcd.1.auto: xHCI Host Controller
[    7.586483] xhci-hcd xhci-hcd.1.auto: new USB bus registered, assigned bus number 2
[    7.594140] xhci-hcd xhci-hcd.1.auto: Host supports USB 3.0 SuperSpeed
[    7.600766] usb usb2: New USB device found, idVendor=1d6b, idProduct=0003, bcdDevice= 5.10
[    7.609024] usb usb2: New USB device strings: Mfr=3, Product=2, SerialNumber=1
[    7.616248] usb usb2: Product: xHCI Host Controller
[    7.621120] usb usb2: Manufacturer: Linux 5.10.0-98103-g2aa7ac113716 xhci-hcd
[    7.628246] usb usb2: SerialNumber: xhci-hcd.1.auto
[    7.633352] hub 2-0:1.0: USB hub found
[    7.637108] hub 2-0:1.0: 1 port detected
[    7.667177] cf_axi_adc 84a10000.axi-ad9081-rx-hpc: ADI AIM (10.01.b) at 0x84A10000 mapped to 0x(____ptrval____), probed ADC AD9081 as MASTER
[    7.700518] cf_axi_dds 84b10000.axi-ad9081-tx-hpc: Analog Devices CF_AXI_DDS_DDS MASTER (9.01.b) at 0x84B10000 mapped to 0x(____ptrval____), probed DDS AD9081
[    7.714722] jesd204: /axi/spi@ff040000/ad9081@0,jesd204:0,parent=spi1.0: JESD204[2] transition initialized -> probed
[    7.725246] jesd204: /axi/spi@ff040000/ad9081@0,jesd204:0,parent=spi1.0: JESD204[0] transition initialized -> probed
[    7.735768] jesd204: /axi/spi@ff040000/ad9081@0,jesd204:0,parent=spi1.0: JESD204[2] transition probed -> idle
[    7.745677] jesd204: /axi/spi@ff040000/ad9081@0,jesd204:0,parent=spi1.0: JESD204[0] transition probed -> idle
[    7.755591] jesd204: /axi/spi@ff040000/ad9081@0,jesd204:0,parent=spi1.0: JESD204[2] transition idle -> device_init
[    7.765934] jesd204: /axi/spi@ff040000/ad9081@0,jesd204:0,parent=spi1.0: JESD204[0] transition idle -> device_init
[    7.776286] jesd204: /axi/spi@ff040000/ad9081@0,jesd204:0,parent=spi1.0: JESD204[2] transition device_init -> link_init
[    7.787061] jesd204: /axi/spi@ff040000/ad9081@0,jesd204:0,parent=spi1.0: JESD204[0] transition device_init -> link_init
[    7.797852] jesd204: /axi/spi@ff040000/ad9081@0,jesd204:0,parent=spi1.0: JESD204[2] transition link_init -> link_supported
[    7.808892] jesd204: /axi/spi@ff040000/ad9081@0,jesd204:0,parent=spi1.0: JESD204[0] transition link_init -> link_supported
[    7.820297] hmc7044 spi2.0: hmc7044_jesd204_link_pre_setup: Link2 forcing continuous SYSREF mode
[    7.829422] jesd204: /axi/spi@ff040000/ad9081@0,jesd204:0,parent=spi1.0: JESD204[2] transition link_supported -> link_pre_setup
[    7.840897] jesd204: /axi/spi@ff040000/ad9081@0,jesd204:0,parent=spi1.0: JESD204[0] transition link_supported -> link_pre_setup
[    7.864672] jesd204: /axi/spi@ff040000/ad9081@0,jesd204:0,parent=spi1.0: JESD204[2] transition link_pre_setup -> clk_sync_stage1
[    7.876232] jesd204: /axi/spi@ff040000/ad9081@0,jesd204:0,parent=spi1.0: JESD204[0] transition link_pre_setup -> clk_sync_stage1
[    7.887796] jesd204: /axi/spi@ff040000/ad9081@0,jesd204:0,parent=spi1.0: JESD204[2] transition clk_sync_stage1 -> clk_sync_stage2
[    7.899441] jesd204: /axi/spi@ff040000/ad9081@0,jesd204:0,parent=spi1.0: JESD204[0] transition clk_sync_stage1 -> clk_sync_stage2
[    7.911100] jesd204: /axi/spi@ff040000/ad9081@0,jesd204:0,parent=spi1.0: JESD204[2] transition clk_sync_stage2 -> clk_sync_stage3
[    7.922747] jesd204: /axi/spi@ff040000/ad9081@0,jesd204:0,parent=spi1.0: JESD204[0] transition clk_sync_stage2 -> clk_sync_stage3
[    7.936417] jesd204: /axi/spi@ff040000/ad9081@0,jesd204:0,parent=spi1.0: JESD204[2] transition clk_sync_stage3 -> link_setup
[    7.947636] jesd204: /axi/spi@ff040000/ad9081@0,jesd204:0,parent=spi1.0: JESD204[0] transition clk_sync_stage3 -> link_setup
[    7.963729] jesd204: /axi/spi@ff040000/ad9081@0,jesd204:0,parent=spi1.0: JESD204[2] transition link_setup -> opt_setup_stage1
[    7.975028] jesd204: /axi/spi@ff040000/ad9081@0,jesd204:0,parent=spi1.0: JESD204[0] transition link_setup -> opt_setup_stage1
[    7.991385] jesd204: /axi/spi@ff040000/ad9081@0,jesd204:0,parent=spi1.0: JESD204[2] transition opt_setup_stage1 -> opt_setup_stage2
[    8.003203] jesd204: /axi/spi@ff040000/ad9081@0,jesd204:0,parent=spi1.0: JESD204[0] transition opt_setup_stage1 -> opt_setup_stage2
[    8.015176] jesd204: /axi/spi@ff040000/ad9081@0,jesd204:0,parent=spi1.0: JESD204[2] transition opt_setup_stage2 -> opt_setup_stage3
[    8.026996] jesd204: /axi/spi@ff040000/ad9081@0,jesd204:0,parent=spi1.0: JESD204[0] transition opt_setup_stage2 -> opt_setup_stage3
[    8.038819] jesd204: /axi/spi@ff040000/ad9081@0,jesd204:0,parent=spi1.0: JESD204[2] transition opt_setup_stage3 -> opt_setup_stage4
[    8.050637] jesd204: /axi/spi@ff040000/ad9081@0,jesd204:0,parent=spi1.0: JESD204[0] transition opt_setup_stage3 -> opt_setup_stage4
[    8.062467] jesd204: /axi/spi@ff040000/ad9081@0,jesd204:0,parent=spi1.0: JESD204[2] transition opt_setup_stage4 -> opt_setup_stage5
[    8.074300] jesd204: /axi/spi@ff040000/ad9081@0,jesd204:0,parent=spi1.0: JESD204[0] transition opt_setup_stage4 -> opt_setup_stage5
[    8.092314] jesd204: /axi/spi@ff040000/ad9081@0,jesd204:0,parent=spi1.0: JESD204[2] transition opt_setup_stage5 -> clocks_enable
[    8.103874] jesd204: /axi/spi@ff040000/ad9081@0,jesd204:0,parent=spi1.0: JESD204[0] transition opt_setup_stage5 -> clocks_enable
[    8.115494] jesd204: /axi/spi@ff040000/ad9081@0,jesd204:0,parent=spi1.0: JESD204[2] transition clocks_enable -> link_enable
[    8.126625] jesd204: /axi/spi@ff040000/ad9081@0,jesd204:0,parent=spi1.0: JESD204[0] transition clocks_enable -> link_enable
[    8.159917] ad9081 spi1.0: JESD RX (JTX) Link2 in DATA, SYNC deasserted, PLL locked, PHASE established, MODE valid
[    8.170523] ad9081 spi1.0: JESD TX (JRX) Link0 0xF lanes in DATA
[    8.176527] jesd204: /axi/spi@ff040000/ad9081@0,jesd204:0,parent=spi1.0: JESD204[2] transition link_enable -> link_running
[    8.187564] jesd204: /axi/spi@ff040000/ad9081@0,jesd204:0,parent=spi1.0: JESD204[0] transition link_enable -> link_running
[    8.198612] jesd204: /axi/spi@ff040000/ad9081@0,jesd204:0,parent=spi1.0: JESD204[2] transition link_running -> opt_post_running_stage
[    8.210612] jesd204: /axi/spi@ff040000/ad9081@0,jesd204:0,parent=spi1.0: JESD204[0] transition link_running -> opt_post_running_stage
[    8.231837] input: gpio-keys as /devices/platform/gpio-keys/input/input0
[    8.238860] of_cfs_init
[    8.241316] of_cfs_init: OK
[    8.244256] cfg80211: Loading compiled-in X.509 certificates for regulatory database
[    8.382528] cfg80211: Loaded X.509 cert 'sforshee: 00b28ddf47aef9cea7'
[    8.389060] clk: Not disabling unused clocks
[    8.393595] ALSA device list:
[    8.396555]   No soundcards found.
[    8.400227] platform regulatory.0: Direct firmware load for regulatory.db failed with error -2
[    8.408837] cfg80211: failed to load regulatory.db
[    8.423526] EXT4-fs (mmcblk0p2): mounted filesystem with ordered data mode. Opts: (null)
[    8.431639] VFS: Mounted root (ext4 filesystem) on device 179:2.
[    8.444850] devtmpfs: mounted
[    8.448671] Freeing unused kernel memory: 2560K
[    8.463727] Run /sbin/init as init process
[    8.467815]   with arguments:
[    8.467818]     /sbin/init
[    8.467820]   with environment:
[    8.467822]     HOME=/
[    8.467825]     TERM=linux
[    9.038379] systemd[1]: systemd 241 running in system mode. (+PAM +AUDIT +SELINUX +IMA +APPARMOR +SMACK +SYSVINIT +UTMP +LIBCRYPTSETUP +GCRYPT +GNUTLS +ACL +XZ +LZ4 +SECCOMP +BLKID +ELFUTILS +KMOD -IDN2 +IDN -PCRE2 default-hierarchy=hybrid)
[    9.060251] systemd[1]: Detected architecture arm64.
[    9.084402] systemd[1]: Set hostname to <analog>.
[    9.270653] systemd[1]: File /lib/systemd/system/systemd-journald.service:12 configures an IP firewall (IPAddressDeny=any), but the local system does not support BPF/cgroup based firewalling.
[    9.287714] systemd[1]: Proceeding WITHOUT firewalling in effect! (This warning is only shown for the first loaded unit using IP firewalling.)
[    9.451798] systemd[1]: /etc/systemd/system/tof-server.service:1: Assignment outside of section. Ignoring.
[    9.461518] systemd[1]: /etc/systemd/system/tof-server.service:2: Assignment outside of section. Ignoring.
[    9.647406] random: systemd: uninitialized urandom read (16 bytes read)
[    9.662203] random: systemd: uninitialized urandom read (16 bytes read)
[    9.668872] systemd[1]: Reached target Swap.
[    9.683771] random: systemd: uninitialized urandom read (16 bytes read)
[    9.690562] systemd[1]: Listening on initctl Compatibility Named Pipe.
[    9.712058] systemd[1]: Listening on udev Control Socket.
[   10.325890] ------------[ cut here ]------------
[   10.325899] Enabling unprepared \xa0\xe9Q\x88\xff\xff\xffpQ\x88\xff\xff\xff
[   10.325945] WARNING: CPU: 3 PID: 126 at drivers/clk/clk.c:1012 clk_core_enable+0xa4/0xc0
[   10.325948] Modules linked in:
[   10.325958] CPU: 3 PID: 126 Comm: kworker/3:1H Not tainted 5.10.0-98103-g2aa7ac113716 #5577
[   10.325961] Hardware name: ZynqMP ZCU102 Rev1.0 (DT)
[   10.325971] Workqueue: kblockd blk_mq_run_work_fn
[   10.325979] pstate: 80000085 (Nzcv daIf -PAN -UAO -TCO BTYPE=--)
[   10.325984] pc : clk_core_enable+0xa4/0xc0
[   10.325990] lr : clk_core_enable+0xa4/0xc0
[   10.325993] sp : ffffffc0122732d0
[   10.325996] x29: ffffffc0122732d0 x28: ffffff8800330c10 
[   10.326003] x27: ffffff8800330d48 x26: 0000005000000101 
[   10.326009] x25: 000000026187b8e8 x24: 0000000000000001 
[   10.326016] x23: ffffff88010e9380 x22: ffffff8801083220 
[   10.326022] x21: ffffff8801517000 x20: ffffff8801517008 
[   10.326029] x19: ffffff8801517008 x18: 0000000000000030 
[   10.326035] x17: 0000000000000002 x16: 0000b05efea2d998 
[   10.326042] x15: ffffffffffff8708 x14: ffffffc011d3b1a0 
[   10.326048] x13: ffffffc011d3b1c8 x12: 00000000000005e8 
[   10.326054] x11: 00000000000001f8 x10: ffffffc011d671c8 
[   10.326061] x9 : 00000000fffff800 x8 : ffffffc011d3b1c8 
[   10.326067] x7 : ffffffc011d671c8 x6 : 0000000000000001 
[   10.326074] x5 : ffffff887f7a89e0 x4 : 0000000000000000 
[   10.326080] x3 : 0000000000000027 x2 : 0000000000000023 
[   10.326086] x1 : 3d6b0c4b3f508f00 x0 : 0000000000000000 
[   10.326093] Call trace:
[   10.326099]  clk_core_enable+0xa4/0xc0
[   10.326104]  clk_enable+0x2c/0x60
[   10.326110]  zynqmp_runtime_resume+0x24/0x84
[   10.326117]  pm_generic_runtime_resume+0x30/0x50
[   10.326123]  __genpd_runtime_resume+0x30/0xb0
[   10.326129]  genpd_runtime_resume+0x90/0x250
[   10.326134]  __rpm_callback+0x10c/0x1e0
[   10.326140]  rpm_callback+0x5c/0x84
[   10.326145]  rpm_resume+0x4a4/0x74c
[   10.326150]  __pm_runtime_resume+0x78/0xc4
[   10.326154]  spi_mem_access_start.isra.0+0x30/0x80
[   10.326158]  spi_mem_exec_op+0x3b0/0x424
[   10.326164]  spi_nor_read_sr+0x78/0xe0
[   10.326168]  spi_nor_wait_till_ready_with_timeout+0xb4/0x2f0
[   10.326173]  spi_nor_read+0x188/0x380
[   10.326178]  mtd_read_oob_std+0x78/0x84
[   10.326182]  mtd_read_oob+0x7c/0x134
[   10.326187]  mtd_read+0x48/0x7c
[   10.326193]  mtdblock_readsect+0x6c/0x150
[   10.326198]  mtd_queue_rq+0x2cc/0x5a0
[   10.326203]  blk_mq_dispatch_rq_list+0x110/0x790
[   10.326210]  __blk_mq_do_dispatch_sched+0x200/0x274
[   10.326216]  __blk_mq_sched_dispatch_requests+0x1a8/0x1fc
[   10.326221]  blk_mq_sched_dispatch_requests+0x3c/0x7c
[   10.326226]  __blk_mq_run_hw_queue+0x98/0x100
[   10.326231]  blk_mq_run_work_fn+0x24/0x30
[   10.326236]  process_one_work+0x1d4/0x380
[   10.326240]  worker_thread+0x78/0x4e0
[   10.326246]  kthread+0x124/0x130
[   10.326252]  ret_from_fork+0x10/0x3c
[   10.326255] ---[ end trace 0475df44b78eb196 ]---
[   10.326263] zynqmp-qspi ff0f0000.spi: Cannot enable APB clock.
[   10.326313] spi_master spi0: Failed to power device: -108
[   10.326323] blk_update_request: I/O error, dev mtdblock0, sector 8 op 0x0:(READ) flags 0x80700 phys_seg 1 prio class 0
[   10.326391] spi_master spi0: Failed to power device: -22
[   10.326398] blk_update_request: I/O error, dev mtdblock0, sector 8 op 0x0:(READ) flags 0x0 phys_seg 8 prio class 0
[   10.326404] Buffer I/O error on dev mtdblock0, logical block 8, async page read
[   10.326413] spi_master spi0: Failed to power device: -22
[   10.326418] blk_update_request: I/O error, dev mtdblock0, sector 9 op 0x0:(READ) flags 0x0 phys_seg 7 prio class 0
[   10.326422] Buffer I/O error on dev mtdblock0, logical block 9, async page read
[   10.326429] spi_master spi0: Failed to power device: -22
[   10.326435] blk_update_request: I/O error, dev mtdblock0, sector 10 op 0x0:(READ) flags 0x0 phys_seg 6 prio class 0
[   10.326439] Buffer I/O error on dev mtdblock0, logical block 10, async page read
[   10.326445] spi_master spi0: Failed to power device: -22
[   10.326451] blk_update_request: I/O error, dev mtdblock0, sector 11 op 0x0:(READ) flags 0x0 phys_seg 5 prio class 0
[   10.326455] Buffer I/O error on dev mtdblock0, logical block 11, async page read
[   10.326462] spi_master spi0: Failed to power device: -22
[   10.326468] blk_update_request: I/O error, dev mtdblock0, sector 12 op 0x0:(READ) flags 0x0 phys_seg 4 prio class 0
[   10.326471] Buffer I/O error on dev mtdblock0, logical block 12, async page read
[   10.326478] spi_master spi0: Failed to power device: -22
[   10.326484] blk_update_request: I/O error, dev mtdblock0, sector 13 op 0x0:(READ) flags 0x0 phys_seg 3 prio class 0
[   10.326487] Buffer I/O error on dev mtdblock0, logical block 13, async page read
[   10.326494] spi_master spi0: Failed to power device: -22
[   10.326500] blk_update_request: I/O error, dev mtdblock0, sector 14 op 0x0:(READ) flags 0x0 phys_seg 2 prio class 0
[   10.326504] Buffer I/O error on dev mtdblock0, logical block 14, async page read
[   10.326510] spi_master spi0: Failed to power device: -22
[   10.326516] blk_update_request: I/O error, dev mtdblock0, sector 15 op 0x0:(READ) flags 0x0 phys_seg 1 prio class 0
[   10.326520] Buffer I/O error on dev mtdblock0, logical block 15, async page read
[   10.326819] spi_master spi0: Failed to power device: -22
[   10.326826] blk_update_request: I/O error, dev mtdblock1, sector 10112 op 0x0:(READ) flags 0x80700 phys_seg 1 prio class 0
[   10.326870] spi_master spi0: Failed to power device: -22
[   10.326876] Buffer I/O error on dev mtdblock1, logical block 10112, async page read
[   10.326883] spi_master spi0: Failed to power device: -22
[   10.326888] Buffer I/O error on dev mtdblock1, logical block 10113, async page read
[   10.326895] spi_master spi0: Failed to power device: -22
[   10.326903] spi_master spi0: Failed to power device: -22
[   10.326910] spi_master spi0: Failed to power device: -22
[   10.326917] spi_master spi0: Failed to power device: -22
[   10.326925] spi_master spi0: Failed to power device: -22
[   10.326932] spi_master spi0: Failed to power device: -22
[   10.327158] spi_master spi0: Failed to power device: -22
[   10.327202] spi_master spi0: Failed to power device: -22
[   10.327211] spi_master spi0: Failed to power device: -22
[   10.327219] spi_master spi0: Failed to power device: -22
[   10.327227] spi_master spi0: Failed to power device: -22
[   10.327234] spi_master spi0: Failed to power device: -22
[   10.327241] spi_master spi0: Failed to power device: -22
[   10.327249] spi_master spi0: Failed to power device: -22
[   10.327256] spi_master spi0: Failed to power device: -22
[   10.327519] spi_master spi0: Failed to power device: -22
[   10.327563] spi_master spi0: Failed to power device: -22
[   10.327572] spi_master spi0: Failed to power device: -22
[   10.327580] spi_master spi0: Failed to power device: -22
[   10.327587] spi_master spi0: Failed to power device: -22
[   10.327595] spi_master spi0: Failed to power device: -22
[   10.327602] spi_master spi0: Failed to power device: -22
[   10.327609] spi_master spi0: Failed to power device: -22
[   10.327616] spi_master spi0: Failed to power device: -22
[   10.452497] EXT4-fs (mmcblk0p2): re-mounted. Opts: (null)
[   10.656478] systemd-journald[169]: Received request to flush runtime journal from PID 1
[   16.396401] macb ff0e0000.ethernet eth0: PHY [ff0e0000.ethernet-ffffffff:0c] driver [TI DP83867] (irq=POLL)
[   16.396414] macb ff0e0000.ethernet eth0: configuring for phy/rgmii-id link mode
[   16.743733] Adding 102396k swap on /var/swap.  Priority:-2 extents:4 across:9953604k SS
[   18.527703] random: crng init done
[   18.527715] random: 7 urandom warning(s) missed due to ratelimiting
[   19.420122] broken atomic modeset userspace detected, disabling atomic
[   20.481288] macb ff0e0000.ethernet eth0: Link is Up - 1Gbps/Full - flow control off
[   20.481312] IPv6: ADDRCONF(NETDEV_CHANGE): eth0: link becomes ready
[   22.112594] broken atomic modeset userspace detected, disabling atomic
[   25.214193] broken atomic modeset userspace detected, disabling atomic
[   27.834492] broken atomic modeset userspace detected, disabling atomic