[    0.000000] Booting Linux on physical CPU 0x0000000000 [0x410fd034]
[    0.000000] Linux version 5.10.0-98103-g2aa7ac113716 (jenkins@romlxbuild1.adlk.analog.com) (aarch64-xilinx-linux-gcc.real (GCC) 10.2.0, GNU ld (GNU Binutils) 2.35.0.20200730) #5577 SMP Wed Mar 23 07:28:49 GMT 2022
[    0.000000] Machine model: ZynqMP ZCU102 Rev1.0
[    0.000000] earlycon: cdns0 at MMIO 0x00000000ff000000 (options '115200n8')
[    0.000000] printk: bootconsole [cdns0] enabled
[    0.000000] efi: UEFI not found.
[    0.000000] cma: Reserved 256 MiB at 0x0000000070000000
[    0.000000] Zone ranges:
[    0.000000]   DMA      [mem 0x0000000000000000-0x000000003fffffff]
[    0.000000]   DMA32    [mem 0x0000000040000000-0x00000000ffffffff]
[    0.000000]   Normal   [mem 0x0000000100000000-0x000000087fffffff]
[    0.000000] Movable zone start for each node
[    0.000000] Early memory node ranges
[    0.000000]   node   0: [mem 0x0000000000000000-0x000000007fffffff]
[    0.000000]   node   0: [mem 0x0000000800000000-0x000000087fffffff]
[    0.000000] Initmem setup node 0 [mem 0x0000000000000000-0x000000087fffffff]
[    0.000000] On node 0 totalpages: 1048576
[    0.000000]   DMA zone: 3584 pages used for memmap
[    0.000000]   DMA zone: 0 pages reserved
[    0.000000]   DMA zone: 262144 pages, LIFO batch:63
[    0.000000]   DMA32 zone: 3584 pages used for memmap
[    0.000000]   DMA32 zone: 262144 pages, LIFO batch:63
[    0.000000]   Normal zone: 7168 pages used for memmap
[    0.000000]   Normal zone: 524288 pages, LIFO batch:63
[    0.000000] psci: probing for conduit method from DT.
[    0.000000] psci: PSCIv1.1 detected in firmware.
[    0.000000] psci: Using standard PSCI v0.2 function IDs
[    0.000000] psci: MIGRATE_INFO_TYPE not supported.
[    0.000000] psci: SMC Calling Convention v1.2
[    0.000000] percpu: Embedded 22 pages/cpu s49496 r8192 d32424 u90112
[    0.000000] pcpu-alloc: s49496 r8192 d32424 u90112 alloc=22*4096
[    0.000000] pcpu-alloc: [0] 0 [0] 1 [0] 2 [0] 3 
[    0.000000] Detected VIPT I-cache on CPU0
[    0.000000] CPU features: detected: ARM erratum 845719
[    0.000000] Built 1 zonelists, mobility grouping on.  Total pages: 1034240
[    0.000000] Kernel command line: console=ttyPS0,115200 root=/dev/mmcblk0p2 rw earlycon rootfstype=ext4 rootwait clk_ignore_unused cpuidle.off=1 root=/dev/mmcblk0p2 rw rootwait
[    0.000000] Dentry cache hash table entries: 524288 (order: 10, 4194304 bytes, linear)
[    0.000000] Inode-cache hash table entries: 262144 (order: 9, 2097152 bytes, linear)
[    0.000000] mem auto-init: stack:off, heap alloc:off, heap free:off
[    0.000000] software IO TLB: mapped [mem 0x000000003bfff000-0x000000003ffff000] (64MB)
[    0.000000] Memory: 3761904K/4194304K available (15296K kernel code, 1636K rwdata, 11876K rodata, 2560K init, 507K bss, 170256K reserved, 262144K cma-reserved)
[    0.000000] rcu: Hierarchical RCU implementation.
[    0.000000] rcu: 	RCU event tracing is enabled.
[    0.000000] rcu: 	RCU restricting CPUs from NR_CPUS=8 to nr_cpu_ids=4.
[    0.000000] rcu: RCU calculated value of scheduler-enlistment delay is 25 jiffies.
[    0.000000] rcu: Adjusting geometry for rcu_fanout_leaf=16, nr_cpu_ids=4
[    0.000000] NR_IRQS: 64, nr_irqs: 64, preallocated irqs: 0
[    0.000000] GIC: Adjusting CPU interface base to 0x00000000f902f000
[    0.000000] GIC: Using split EOI/Deactivate mode
[    0.000000] random: get_random_bytes called from start_kernel+0x31c/0x54c with crng_init=0
[    0.000000] arch_timer: cp15 timer(s) running at 100.00MHz (phys).
[    0.000000] clocksource: arch_sys_counter: mask: 0xffffffffffffff max_cycles: 0x171024e7e0, max_idle_ns: 440795205315 ns
[    0.000003] sched_clock: 56 bits at 100MHz, resolution 10ns, wraps every 4398046511100ns
[    0.008462] Console: colour dummy device 80x25
[    0.012483] Calibrating delay loop (skipped), value calculated using timer frequency.. 200.00 BogoMIPS (lpj=400000)
[    0.022841] pid_max: default: 32768 minimum: 301
[    0.027551] Mount-cache hash table entries: 8192 (order: 4, 65536 bytes, linear)
[    0.034789] Mountpoint-cache hash table entries: 8192 (order: 4, 65536 bytes, linear)
[    0.043397] rcu: Hierarchical SRCU implementation.
[    0.047559] EFI services will not be available.
[    0.051938] smp: Bringing up secondary CPUs ...
[    0.056657] Detected VIPT I-cache on CPU1
[    0.056696] CPU1: Booted secondary processor 0x0000000001 [0x410fd034]
[    0.057061] Detected VIPT I-cache on CPU2
[    0.057086] CPU2: Booted secondary processor 0x0000000002 [0x410fd034]
[    0.057426] Detected VIPT I-cache on CPU3
[    0.057449] CPU3: Booted secondary processor 0x0000000003 [0x410fd034]
[    0.057495] smp: Brought up 1 node, 4 CPUs
[    0.091780] SMP: Total of 4 processors activated.
[    0.096452] CPU features: detected: 32-bit EL0 Support
[    0.101556] CPU features: detected: CRC32 instructions
[    0.106697] CPU: All CPU(s) started at EL2
[    0.110736] alternatives: patching kernel code
[    0.116169] devtmpfs: initialized
[    0.124056] Registered cp15_barrier emulation handler
[    0.124106] Registered setend emulation handler
[    0.128083] clocksource: jiffies: mask: 0xffffffff max_cycles: 0xffffffff, max_idle_ns: 7645041785100000 ns
[    0.137661] futex hash table entries: 1024 (order: 4, 65536 bytes, linear)
[    0.151012] pinctrl core: initialized pinctrl subsystem
[    0.151654] NET: Registered protocol family 16
[    0.156078] DMA: preallocated 512 KiB GFP_KERNEL pool for atomic allocations
[    0.162090] DMA: preallocated 512 KiB GFP_KERNEL|GFP_DMA pool for atomic allocations
[    0.169819] DMA: preallocated 512 KiB GFP_KERNEL|GFP_DMA32 pool for atomic allocations
[    0.177618] audit: initializing netlink subsys (disabled)
[    0.183069] audit: type=2000 audit(0.116:1): state=initialized audit_enabled=0 res=1
[    0.183414] hw-breakpoint: found 6 breakpoint and 4 watchpoint registers.
[    0.197446] ASID allocator initialised with 65536 entries
[    0.224294] HugeTLB registered 1.00 GiB page size, pre-allocated 0 pages
[    0.225351] HugeTLB registered 32.0 MiB page size, pre-allocated 0 pages
[    0.232022] HugeTLB registered 2.00 MiB page size, pre-allocated 0 pages
[    0.238682] HugeTLB registered 64.0 KiB page size, pre-allocated 0 pages
[    1.304270] DRBG: Continuing without Jitter RNG
[    1.382073] raid6: neonx8   gen()  2142 MB/s
[    1.450123] raid6: neonx8   xor()  1599 MB/s
[    1.518189] raid6: neonx4   gen()  2197 MB/s
[    1.586233] raid6: neonx4   xor()  1565 MB/s
[    1.654309] raid6: neonx2   gen()  2076 MB/s
[    1.722354] raid6: neonx2   xor()  1440 MB/s
[    1.790418] raid6: neonx1   gen()  1772 MB/s
[    1.858463] raid6: neonx1   xor()  1220 MB/s
[    1.926519] raid6: int64x8  gen()  1438 MB/s
[    1.994576] raid6: int64x8  xor()   771 MB/s
[    2.062653] raid6: int64x4  gen()  1599 MB/s
[    2.130702] raid6: int64x4  xor()   817 MB/s
[    2.198769] raid6: int64x2  gen()  1397 MB/s
[    2.266813] raid6: int64x2  xor()   750 MB/s
[    2.334900] raid6: int64x1  gen()  1034 MB/s
[    2.402951] raid6: int64x1  xor()   517 MB/s
[    2.402989] raid6: using algorithm neonx4 gen() 2197 MB/s
[    2.406944] raid6: .... xor() 1565 MB/s, rmw enabled
[    2.411875] raid6: using neon recovery algorithm
[    2.416886] iommu: Default domain type: Translated 
[    2.421499] SCSI subsystem initialized
[    2.425043] libata version 3.00 loaded.
[    2.425166] usbcore: registered new interface driver usbfs
[    2.430501] usbcore: registered new interface driver hub
[    2.435773] usbcore: registered new device driver usb
[    2.440907] mc: Linux media interface: v0.10
[    2.445021] videodev: Linux video capture interface: v2.00
[    2.450513] EDAC MC: Ver: 3.0.0
[    2.453954] zynqmp-ipi-mbox mailbox@ff990400: Registered ZynqMP IPI mbox with TX/RX channels.
[    2.462443] jesd204: created con: id=0, topo=0, link=0, /axi/spi@ff050000/hmc7044@0 <-> /fpga-axi@0/axi-adxcvr-tx@84b60000
[    2.473043] jesd204: created con: id=1, topo=0, link=2, /axi/spi@ff050000/hmc7044@0 <-> /fpga-axi@0/axi-adxcvr-rx@84a60000
[    2.484027] jesd204: created con: id=2, topo=0, link=0, /fpga-axi@0/axi-adxcvr-tx@84b60000 <-> /fpga-axi@0/axi-jesd204-tx@84b90000
[    2.495702] jesd204: created con: id=3, topo=0, link=2, /fpga-axi@0/axi-adxcvr-rx@84a60000 <-> /fpga-axi@0/axi-jesd204-rx@84a90000
[    2.507380] jesd204: created con: id=4, topo=0, link=0, /fpga-axi@0/axi-jesd204-tx@84b90000 <-> /fpga-axi@0/axi-ad9081-tx-hpc@84b10000
[    2.519407] jesd204: created con: id=5, topo=0, link=2, /fpga-axi@0/axi-jesd204-rx@84a90000 <-> /fpga-axi@0/axi-ad9081-rx-hpc@84a10000
[    2.531430] jesd204: created con: id=6, topo=0, link=2, /fpga-axi@0/axi-ad9081-rx-hpc@84a10000 <-> /axi/spi@ff040000/ad9081@0
[    2.542672] jesd204: created con: id=7, topo=0, link=0, /fpga-axi@0/axi-ad9081-tx-hpc@84b10000 <-> /axi/spi@ff040000/ad9081@0
[    2.553921] jesd204: /axi/spi@ff040000/ad9081@0: JESD204[2] transition uninitialized -> initialized
[    2.562908] jesd204: /axi/spi@ff040000/ad9081@0: JESD204[0] transition uninitialized -> initialized
[    2.571900] jesd204: found 8 devices and 1 topologies
[    2.576943] FPGA manager framework
[    2.580422] Advanced Linux Sound Architecture Driver Initialized.
[    2.586715] Bluetooth: Core ver 2.22
[    2.589903] NET: Registered protocol family 31
[    2.594304] Bluetooth: HCI device and connection manager initialized
[    2.600620] Bluetooth: HCI socket layer initialized
[    2.605462] Bluetooth: L2CAP socket layer initialized
[    2.610487] Bluetooth: SCO socket layer initialized
[    2.615674] clocksource: Switched to clocksource arch_sys_counter
[    2.621477] VFS: Disk quotas dquot_6.6.0
[    2.625314] VFS: Dquot-cache hash table entries: 512 (order 0, 4096 bytes)
[    2.636032] NET: Registered protocol family 2
[    2.636759] tcp_listen_portaddr_hash hash table entries: 2048 (order: 3, 32768 bytes, linear)
[    2.644953] TCP established hash table entries: 32768 (order: 6, 262144 bytes, linear)
[    2.652979] TCP bind hash table entries: 32768 (order: 7, 524288 bytes, linear)
[    2.660424] TCP: Hash tables configured (established 32768 bind 32768)
[    2.666598] UDP hash table entries: 2048 (order: 4, 65536 bytes, linear)
[    2.673264] UDP-Lite hash table entries: 2048 (order: 4, 65536 bytes, linear)
[    2.680424] NET: Registered protocol family 1
[    2.684882] RPC: Registered named UNIX socket transport module.
[    2.690501] RPC: Registered udp transport module.
[    2.695165] RPC: Registered tcp transport module.
[    2.699835] RPC: Registered tcp NFSv4.1 backchannel transport module.
[    2.706826] PCI: CLS 0 bytes, default 64
[    2.710533] hw perfevents: no interrupt-affinity property for /pmu, guessing.
[    2.717385] hw perfevents: enabled with armv8_pmuv3 PMU driver, 7 counters available
[    2.725739] Initialise system trusted keyrings
[    2.729413] workingset: timestamp_bits=62 max_order=20 bucket_order=0
[    2.736319] NFS: Registering the id_resolver key type
[    2.740765] Key type id_resolver registered
[    2.744903] Key type id_legacy registered
[    2.748893] nfs4filelayout_init: NFSv4 File Layout Driver Registering...
[    2.755559] jffs2: version 2.2. (NAND) (SUMMARY)  Â© 2001-2006 Red Hat, Inc.
[    2.798843] NET: Registered protocol family 38
[    2.798885] xor: measuring software checksum speed
[    2.806574]    8regs           :  2363 MB/sec
[    2.810242]    32regs          :  2799 MB/sec
[    2.815185]    arm64_neon      :  2380 MB/sec
[    2.815375] xor: using function: 32regs (2799 MB/sec)
[    2.820401] Key type asymmetric registered
[    2.824463] Asymmetric key parser 'x509' registered
[    2.829324] Block layer SCSI generic (bsg) driver version 0.4 loaded (major 248)
[    2.836660] io scheduler mq-deadline registered
[    2.841157] io scheduler kyber registered
[    2.870552] Serial: 8250/16550 driver, 4 ports, IRQ sharing disabled
[    2.875198] cacheinfo: Unable to detect cache hierarchy for CPU 0
[    2.881542] brd: module loaded
[    2.885692] loop: module loaded
[    2.886239] Registered mathworks_ip class
[    2.889569] libphy: Fixed MDIO Bus: probed
[    2.892556] tun: Universal TUN/TAP device driver, 1.6
[    2.896604] CAN device driver interface
[    2.901141] usbcore: registered new interface driver asix
[    2.905736] usbcore: registered new interface driver ax88179_178a
[    2.911770] usbcore: registered new interface driver cdc_ether
[    2.917563] usbcore: registered new interface driver net1080
[    2.923189] usbcore: registered new interface driver cdc_subset
[    2.929070] usbcore: registered new interface driver zaurus
[    2.934613] usbcore: registered new interface driver cdc_ncm
[    2.941015] ehci_hcd: USB 2.0 'Enhanced' Host Controller (EHCI) Driver
[    2.946699] ehci-pci: EHCI PCI platform driver
[    2.951496] usbcore: registered new interface driver uas
[    2.956414] usbcore: registered new interface driver usb-storage
[    2.962402] usbcore: registered new interface driver usbserial_generic
[    2.968853] usbserial: USB Serial support registered for generic
[    2.974827] usbcore: registered new interface driver ftdi_sio
[    2.980529] usbserial: USB Serial support registered for FTDI USB Serial Device
[    2.987806] usbcore: registered new interface driver upd78f0730
[    2.993677] usbserial: USB Serial support registered for upd78f0730
[    3.001327] rtc_zynqmp ffa60000.rtc: registered as rtc0
[    3.005102] rtc_zynqmp ffa60000.rtc: setting system clock to 2022-04-12T19:56:44 UTC (1649793404)
[    3.013964] i2c /dev entries driver
[    3.019276] usbcore: registered new interface driver uvcvideo
[    3.023078] USB Video Class driver (1.1.1)
[    3.028655] Bluetooth: HCI UART driver ver 2.3
[    3.031549] Bluetooth: HCI UART protocol H4 registered
[    3.036663] Bluetooth: HCI UART protocol BCSP registered
[    3.041948] Bluetooth: HCI UART protocol LL registered
[    3.047036] Bluetooth: HCI UART protocol ATH3K registered
[    3.052410] Bluetooth: HCI UART protocol Three-wire (H5) registered
[    3.058666] Bluetooth: HCI UART protocol Intel registered
[    3.064004] Bluetooth: HCI UART protocol QCA registered
[    3.069205] usbcore: registered new interface driver bcm203x
[    3.074825] usbcore: registered new interface driver bpa10x
[    3.080361] usbcore: registered new interface driver bfusb
[    3.085812] usbcore: registered new interface driver btusb
[    3.091274] usbcore: registered new interface driver ath3k
[    3.096757] EDAC MC: ECC not enabled
[    3.100384] EDAC DEVICE0: Giving out device to module zynqmp-ocm-edac controller zynqmp_ocm: DEV ff960000.memory-controller (INTERRUPT)
[    3.112699] sdhci: Secure Digital Host Controller Interface driver
[    3.118485] sdhci: Copyright(c) Pierre Ossman
[    3.122810] sdhci-pltfm: SDHCI platform and OF driver helper
[    3.128861] ledtrig-cpu: registered to indicate activity on CPUs
[    3.134415] SMCCC: SOC_ID: ARCH_SOC_ID not implemented, skipping ....
[    3.140847] zynqmp_firmware_probe Platform Management API v1.1
[    3.146601] zynqmp_firmware_probe Trustzone version v1.0
[    3.186133] zynqmp-pinctrl firmware:zynqmp-firmware:pinctrl: zynqmp pinctrl initialized
[    3.234141] zynqmp-aes firmware:zynqmp-firmware:zynqmp-aes: will run requests pump with realtime priority
[    3.249972] alg: No test for xilinx-keccak-384 (zynqmp-keccak-384)
[    3.250682] alg: No test for xilinx-zynqmp-rsa (zynqmp-rsa)
[    3.256196] usbcore: registered new interface driver usbhid
[    3.261585] usbhid: USB HID core driver
[    3.272836] axi_sysid 85000000.axi-sysid-0: AXI System ID core version (1.01.a) found
[    3.275183] axi_sysid 85000000.axi-sysid-0: [ad9081_fmca_ebz] on [zcu102] git branch <master> git <084d44c9780640ca93fd847b1d9ec70dd65f5c67> clean [2022-03-18 04:17:50] UTC
[    3.290869] fpga_manager fpga0: Xilinx ZynqMP FPGA Manager registered
[    3.297226] usbcore: registered new interface driver snd-usb-audio
[    3.304679] pktgen: Packet Generator for packet performance testing. Version: 2.75
[    3.310860] Initializing XFRM netlink socket
[    3.314713] NET: Registered protocol family 10
[    3.319430] Segment Routing with IPv6
[    3.322812] sit: IPv6, IPv4 and MPLS over IPv4 tunneling driver
[    3.328883] NET: Registered protocol family 17
[    3.332983] NET: Registered protocol family 15
[    3.337481] can: controller area network core
[    3.341736] NET: Registered protocol family 29
[    3.346122] can: raw protocol
[    3.349064] can: broadcast manager protocol
[    3.353215] can: netlink gateway - max_hops=1
[    3.357612] Bluetooth: RFCOMM TTY layer initialized
[    3.362389] Bluetooth: RFCOMM socket layer initialized
[    3.367497] Bluetooth: RFCOMM ver 1.11
[    3.371207] Bluetooth: BNEP (Ethernet Emulation) ver 1.3
[    3.376479] Bluetooth: BNEP filters: protocol multicast
[    3.381673] Bluetooth: BNEP socket layer initialized
[    3.386600] Bluetooth: HIDP (Human Interface Emulation) ver 1.2
[    3.392484] Bluetooth: HIDP socket layer initialized
[    3.397542] 9pnet: Installing 9P2000 support
[    3.401661] NET: Registered protocol family 36
[    3.406077] Key type dns_resolver registered
[    3.410508] registered taskstats version 1
[    3.414373] Loading compiled-in X.509 certificates
[    3.419490] Btrfs loaded, crc32c=crc32c-generic
[    3.431909] ff000000.serial: ttyPS0 at MMIO 0xff000000 (irq = 49, base_baud = 6249999) is a xuartps
[    3.440935] printk: console [ttyPS0] enabled
[    3.445231] printk: bootconsole [cdns0] disabled
[    3.454863] ff010000.serial: ttyPS1 at MMIO 0xff010000 (irq = 50, base_baud = 6249999) is a xuartps
[    3.468098] of-fpga-region fpga-full: FPGA Region probed
[    3.475045] nwl-pcie fd0e0000.pcie: host bridge /axi/pcie@fd0e0000 ranges:
[    3.481942] nwl-pcie fd0e0000.pcie:      MEM 0x00e0000000..0x00efffffff -> 0x00e0000000
[    3.489944] nwl-pcie fd0e0000.pcie:      MEM 0x0600000000..0x07ffffffff -> 0x0600000000
[    3.498006] nwl-pcie fd0e0000.pcie: Link is DOWN
[    3.502762] nwl-pcie fd0e0000.pcie: PCI host bridge to bus 0000:00
[    3.508942] pci_bus 0000:00: root bus resource [bus 00-ff]
[    3.514422] pci_bus 0000:00: root bus resource [mem 0xe0000000-0xefffffff]
[    3.521293] pci_bus 0000:00: root bus resource [mem 0x600000000-0x7ffffffff pref]
[    3.528796] pci 0000:00:00.0: [10ee:d021] type 01 class 0x060400
[    3.534852] pci 0000:00:00.0: PME# supported from D0 D1 D2 D3hot
[    3.545297] pci 0000:00:00.0: PCI bridge to [bus 01-0c]
[    3.551272] xilinx-zynqmp-dma fd500000.dma: ZynqMP DMA driver Probe success
[    3.558450] xilinx-zynqmp-dma fd510000.dma: ZynqMP DMA driver Probe success
[    3.565633] xilinx-zynqmp-dma fd520000.dma: ZynqMP DMA driver Probe success
[    3.572803] xilinx-zynqmp-dma fd530000.dma: ZynqMP DMA driver Probe success
[    3.579967] xilinx-zynqmp-dma fd540000.dma: ZynqMP DMA driver Probe success
[    3.587138] xilinx-zynqmp-dma fd550000.dma: ZynqMP DMA driver Probe success
[    3.594310] xilinx-zynqmp-dma fd560000.dma: ZynqMP DMA driver Probe success
[    3.601478] xilinx-zynqmp-dma fd570000.dma: ZynqMP DMA driver Probe success
[    3.608877] xilinx-zynqmp-dpdma fd4c0000.dma-controller: Xilinx DPDMA engine is probed
[    3.617418] ahci-ceva fd0c0000.ahci: supply ahci not found, using dummy regulator
[    3.624956] ahci-ceva fd0c0000.ahci: supply phy not found, using dummy regulator
[    3.715843] hmc7044 spi2.0: PLL1: Acquisition, CLKIN0 @ 122880000 Hz, PFD: 80 kHz - PLL2: Locked @ 3088.000000 MHz
[    3.726562] jesd204: /axi/spi@ff050000/hmc7044@0,jesd204:1,parent=spi2.0: Using as SYSREF provider
[    3.736142] spi-nor spi0.0: SPI-NOR-UniqueID 100000235394732200270025081115266e
[    3.743448] spi-nor spi0.0: found n25q512a, expected m25p80
[    3.749651] spi-nor spi0.0: trying to lock already unlocked area
[    3.755650] spi-nor spi0.0: n25q512a (131072 Kbytes)
[    3.760628] 4 fixed-partitions partitions found on MTD device spi0.0
[    3.766974] Creating 4 MTD partitions on "spi0.0":
[    3.771760] 0x000000000000-0x000000100000 : "qspi-fsbl-uboot"
[    3.778243] 0x000000100000-0x000000600000 : "qspi-linux"
[    3.784200] 0x000000600000-0x000000620000 : "qspi-device-tree"
[    3.790674] 0x000000620000-0x000000c00000 : "qspi-rootfs"
[    3.799144] macb ff0e0000.ethernet: Not enabling partial store and forward
[    3.806669] libphy: MACB_mii_bus: probed
[    3.811743] macb ff0e0000.ethernet eth0: Cadence GEM rev 0x50070106 at 0xff0e0000 irq 30 (00:0a:35:04:8e:1b)
[    3.821951] xilinx-axipmon ffa00000.perf-monitor: Probed Xilinx APM
[    3.828527] xilinx-axipmon fd0b0000.perf-monitor: Probed Xilinx APM
[    3.835044] xilinx-axipmon fd490000.perf-monitor: Probed Xilinx APM
[    3.841582] xilinx-axipmon ffa10000.perf-monitor: Probed Xilinx APM
[    3.851587] pca953x 0-0020: supply vcc not found, using dummy regulator
[    3.858275] pca953x 0-0020: using no AI
[    3.862764] gpio-496 (sel0): hogged as output/low
[    3.867678] gpio-497 (sel1): hogged as output/high
[    3.872662] gpio-498 (sel2): hogged as output/high
[    3.877647] gpio-499 (sel3): hogged as output/high
[    3.882826] pca953x 0-0021: supply vcc not found, using dummy regulator
[    3.889493] pca953x 0-0021: using no AI
[    3.895246] ina2xx 2-0040: power monitor ina226 (Rshunt = 5000 uOhm)
[    3.902274] ina2xx 2-0041: power monitor ina226 (Rshunt = 5000 uOhm)
[    3.909308] ina2xx 2-0042: power monitor ina226 (Rshunt = 5000 uOhm)
[    3.916342] ina2xx 2-0043: power monitor ina226 (Rshunt = 5000 uOhm)
[    3.923362] ina2xx 2-0044: power monitor ina226 (Rshunt = 5000 uOhm)
[    3.930383] ina2xx 2-0045: power monitor ina226 (Rshunt = 5000 uOhm)
[    3.937412] ina2xx 2-0046: power monitor ina226 (Rshunt = 5000 uOhm)
[    3.944489] ina2xx 2-0047: power monitor ina226 (Rshunt = 5000 uOhm)
[    3.951515] ina2xx 2-004a: power monitor ina226 (Rshunt = 5000 uOhm)
[    3.958555] ina2xx 2-004b: power monitor ina226 (Rshunt = 5000 uOhm)
[    3.964968] i2c i2c-0: Added multiplexed i2c bus 2
[    3.970360] random: fast init done
[    3.973833] ina2xx 3-0040: power monitor ina226 (Rshunt = 2000 uOhm)
[    3.980859] ina2xx 3-0041: power monitor ina226 (Rshunt = 5000 uOhm)
[    3.987886] ina2xx 3-0042: power monitor ina226 (Rshunt = 5000 uOhm)
[    3.994920] ina2xx 3-0043: power monitor ina226 (Rshunt = 5000 uOhm)
[    4.001944] ina2xx 3-0044: power monitor ina226 (Rshunt = 5000 uOhm)
[    4.008969] ina2xx 3-0045: power monitor ina226 (Rshunt = 5000 uOhm)
[    4.016003] ina2xx 3-0046: power monitor ina226 (Rshunt = 5000 uOhm)
[    4.023033] ina2xx 3-0047: power monitor ina226 (Rshunt = 5000 uOhm)
[    4.029433] i2c i2c-0: Added multiplexed i2c bus 3
[    4.085831] i2c i2c-0: Added multiplexed i2c bus 4
[    4.090773] i2c i2c-0: Added multiplexed i2c bus 5
[    4.095561] pca954x 0-0075: registered 4 multiplexed busses for I2C mux pca9544
[    4.102911] cdns-i2c ff020000.i2c: 400 kHz mmio ff020000 irq 32
[    4.110649] at24 6-0054: supply vcc not found, using dummy regulator
[    4.117548] at24 6-0054: 1024 byte 24c08 EEPROM, writable, 1 bytes/write
[    4.124299] i2c i2c-1: Added multiplexed i2c bus 6
[    4.130729] si5341 7-0036: Chip: 5341 Grade: 1 Rev: 1
[    4.168426] i2c i2c-1: Added multiplexed i2c bus 7
[    4.176073] si570 8-005d: registered, current frequency 300000000 Hz
[    4.182473] i2c i2c-1: Added multiplexed i2c bus 8
[    4.202261] si570 9-005d: registered, current frequency 148500000 Hz
[    4.208658] i2c i2c-1: Added multiplexed i2c bus 9
[    4.213689] si5324 10-0069: si5328 probed
[    4.280029] si5324 10-0069: si5328 probe successful
[    4.284958] i2c i2c-1: Added multiplexed i2c bus 10
[    4.289987] i2c i2c-1: Added multiplexed i2c bus 11
[    4.295008] i2c i2c-1: Added multiplexed i2c bus 12
[    4.300033] i2c i2c-1: Added multiplexed i2c bus 13
[    4.304905] pca954x 1-0074: registered 8 multiplexed busses for I2C switch pca9548
[    4.313014] at24 14-0050: supply vcc not found, using dummy regulator
[    4.319803] at24 14-0050: 256 byte 24c02 EEPROM, writable, 1 bytes/write
[    4.326548] i2c i2c-1: Added multiplexed i2c bus 14
[    4.331590] i2c i2c-1: Added multiplexed i2c bus 15
[    4.336622] i2c i2c-1: Added multiplexed i2c bus 16
[    4.341658] i2c i2c-1: Added multiplexed i2c bus 17
[    4.346689] i2c i2c-1: Added multiplexed i2c bus 18
[    4.351737] i2c i2c-1: Added multiplexed i2c bus 19
[    4.356778] i2c i2c-1: Added multiplexed i2c bus 20
[    4.361816] i2c i2c-1: Added multiplexed i2c bus 21
[    4.366689] pca954x 1-0075: registered 8 multiplexed busses for I2C switch pca9548
[    4.374298] cdns-i2c ff030000.i2c: 400 kHz mmio ff030000 irq 33
[    4.384048] cdns-wdt fd4d0000.watchdog: Xilinx Watchdog Timer with timeout 60s
[    4.393107] axi_adxcvr 84a60000.axi-adxcvr-rx: adxcvr_enforce_settings: Using QPLL without access, assuming desired Lane rate will be configured by a different instance
[    4.409740] axi_adxcvr 84a60000.axi-adxcvr-rx: AXI-ADXCVR-RX (17.05.a) using QPLL on GTH4 at 0x84A60000. Number of lanes: 4.
[    4.421902] axi_adxcvr 84b60000.axi-adxcvr-tx: AXI-ADXCVR-TX (17.05.a) using QPLL on GTH4 at 0x84B60000. Number of lanes: 4.
[    4.425853] mmc0: SDHCI controller on ff170000.mmc [ff170000.mmc] using ADMA 64-bit
[    4.441057] axi-jesd204-rx 84a90000.axi-jesd204-rx: AXI-JESD204-RX (1.07.a) at 0x84A90000. Encoder 8b10b, width 4/4, lanes 4, jesd204-fsm.
[    4.453902] axi-jesd204-tx 84b90000.axi-jesd204-tx: AXI-JESD204-TX (1.06.a) at 0x84B90000. Encoder 8b10b, width 4/4, lanes 4, jesd204-fsm.
[    4.467399] zynqmp-display fd4a0000.display: vtc bridge property not present
[    4.473440] mmc0: new high speed SDHC card at address 0001
[    4.477047] xilinx-dp-snd-codec fd4a0000.display:zynqmp_dp_snd_codec0: Failed to get required clock freq
[    4.480282] mmcblk0: mmc0:0001 EB1QT 29.8 GiB 
[    4.489409] xilinx-dp-snd-codec: probe of fd4a0000.display:zynqmp_dp_snd_codec0 failed with error -22
[    4.495053]  mmcblk0: p1 p2 p3
[    4.503399] xilinx-dp-snd-pcm zynqmp_dp_snd_pcm0: Xilinx DisplayPort Sound PCM probed
[    4.514257] xilinx-dp-snd-pcm zynqmp_dp_snd_pcm1: Xilinx DisplayPort Sound PCM probed
[    4.522471] OF: graph: no port node found in /axi/display@fd4a0000
[    4.528875] xlnx-drm xlnx-drm.0: bound fd4a0000.display (ops 0xffffffc010fcbdb8)
[    5.615688] zynqmp-display fd4a0000.display: [drm] Cannot find any crtc or sizes
[    5.623307] [drm] Initialized xlnx 1.0.0 20130509 for fd4a0000.display on minor 0
[    5.630794] zynqmp-display fd4a0000.display: ZynqMP DisplayPort Subsystem driver probed
[    5.639107] ahci-ceva fd0c0000.ahci: supply ahci not found, using dummy regulator
[    5.646652] ahci-ceva fd0c0000.ahci: supply phy not found, using dummy regulator
[    5.654106] ahci-ceva fd0c0000.ahci: supply target not found, using dummy regulator
[    5.661945] ahci-ceva fd0c0000.ahci: AHCI 0001.0301 32 slots 2 ports 6 Gbps 0x3 impl platform mode
[    5.670901] ahci-ceva fd0c0000.ahci: flags: 64bit ncq sntf pm clo only pmp fbs pio slum part ccc sds apst 
[    5.681593] scsi host0: ahci-ceva
[    5.685189] scsi host1: ahci-ceva
[    5.688623] ata1: SATA max UDMA/133 mmio [mem 0xfd0c0000-0xfd0c1fff] port 0x100 irq 45
[    5.696536] ata2: SATA max UDMA/133 mmio [mem 0xfd0c0000-0xfd0c1fff] port 0x180 irq 45
[    5.705134] ad9081 spi1.0: supply vdd not found, using dummy regulator
[    6.017924] ata1: SATA link down (SStatus 0 SControl 330)
[    6.023334] ata2: SATA link down (SStatus 0 SControl 330)
[    6.699692] zynqmp-display fd4a0000.display: [drm] Cannot find any crtc or sizes
[    7.508132] ad9081 spi1.0: AD9081 Rev. 2 Grade 10 (API 1.2.2) probed
[    7.515330] xhci-hcd xhci-hcd.1.auto: xHCI Host Controller
[    7.520819] xhci-hcd xhci-hcd.1.auto: new USB bus registered, assigned bus number 1
[    7.528567] xhci-hcd xhci-hcd.1.auto: hcc params 0x0238f625 hci version 0x100 quirks 0x0000000002010810
[    7.537978] xhci-hcd xhci-hcd.1.auto: irq 59, io mem 0xfe200000
[    7.544087] usb usb1: New USB device found, idVendor=1d6b, idProduct=0002, bcdDevice= 5.10
[    7.552344] usb usb1: New USB device strings: Mfr=3, Product=2, SerialNumber=1
[    7.559561] usb usb1: Product: xHCI Host Controller
[    7.564430] usb usb1: Manufacturer: Linux 5.10.0-98103-g2aa7ac113716 xhci-hcd
[    7.571556] usb usb1: SerialNumber: xhci-hcd.1.auto
[    7.576722] hub 1-0:1.0: USB hub found
[    7.580483] hub 1-0:1.0: 1 port detected
[    7.584580] xhci-hcd xhci-hcd.1.auto: xHCI Host Controller
[    7.590071] xhci-hcd xhci-hcd.1.auto: new USB bus registered, assigned bus number 2
[    7.597727] xhci-hcd xhci-hcd.1.auto: Host supports USB 3.0 SuperSpeed
[    7.604351] usb usb2: New USB device found, idVendor=1d6b, idProduct=0003, bcdDevice= 5.10
[    7.612612] usb usb2: New USB device strings: Mfr=3, Product=2, SerialNumber=1
[    7.619829] usb usb2: Product: xHCI Host Controller
[    7.624696] usb usb2: Manufacturer: Linux 5.10.0-98103-g2aa7ac113716 xhci-hcd
[    7.631823] usb usb2: SerialNumber: xhci-hcd.1.auto
[    7.636930] hub 2-0:1.0: USB hub found
[    7.640693] hub 2-0:1.0: 1 port detected
[    7.670796] cf_axi_adc 84a10000.axi-ad9081-rx-hpc: ADI AIM (10.01.b) at 0x84A10000 mapped to 0x(____ptrval____), probed ADC AD9081 as MASTER
[    7.704518] cf_axi_dds 84b10000.axi-ad9081-tx-hpc: Analog Devices CF_AXI_DDS_DDS MASTER (9.01.b) at 0x84B10000 mapped to 0x(____ptrval____), probed DDS AD9081
[    7.718715] jesd204: /axi/spi@ff040000/ad9081@0,jesd204:0,parent=spi1.0: JESD204[2] transition initialized -> probed
[    7.729238] jesd204: /axi/spi@ff040000/ad9081@0,jesd204:0,parent=spi1.0: JESD204[0] transition initialized -> probed
[    7.739761] jesd204: /axi/spi@ff040000/ad9081@0,jesd204:0,parent=spi1.0: JESD204[2] transition probed -> idle
[    7.749669] jesd204: /axi/spi@ff040000/ad9081@0,jesd204:0,parent=spi1.0: JESD204[0] transition probed -> idle
[    7.759584] jesd204: /axi/spi@ff040000/ad9081@0,jesd204:0,parent=spi1.0: JESD204[2] transition idle -> device_init
[    7.769927] jesd204: /axi/spi@ff040000/ad9081@0,jesd204:0,parent=spi1.0: JESD204[0] transition idle -> device_init
[    7.780277] jesd204: /axi/spi@ff040000/ad9081@0,jesd204:0,parent=spi1.0: JESD204[2] transition device_init -> link_init
[    7.791053] jesd204: /axi/spi@ff040000/ad9081@0,jesd204:0,parent=spi1.0: JESD204[0] transition device_init -> link_init
[    7.801845] jesd204: /axi/spi@ff040000/ad9081@0,jesd204:0,parent=spi1.0: JESD204[2] transition link_init -> link_supported
[    7.812885] jesd204: /axi/spi@ff040000/ad9081@0,jesd204:0,parent=spi1.0: JESD204[0] transition link_init -> link_supported
[    7.824292] hmc7044 spi2.0: hmc7044_jesd204_link_pre_setup: Link2 forcing continuous SYSREF mode
[    7.833510] jesd204: /axi/spi@ff040000/ad9081@0,jesd204:0,parent=spi1.0: JESD204[2] transition link_supported -> link_pre_setup
[    7.844985] jesd204: /axi/spi@ff040000/ad9081@0,jesd204:0,parent=spi1.0: JESD204[0] transition link_supported -> link_pre_setup
[    7.868796] jesd204: /axi/spi@ff040000/ad9081@0,jesd204:0,parent=spi1.0: JESD204[2] transition link_pre_setup -> clk_sync_stage1
[    7.880356] jesd204: /axi/spi@ff040000/ad9081@0,jesd204:0,parent=spi1.0: JESD204[0] transition link_pre_setup -> clk_sync_stage1
[    7.891920] jesd204: /axi/spi@ff040000/ad9081@0,jesd204:0,parent=spi1.0: JESD204[2] transition clk_sync_stage1 -> clk_sync_stage2
[    7.903563] jesd204: /axi/spi@ff040000/ad9081@0,jesd204:0,parent=spi1.0: JESD204[0] transition clk_sync_stage1 -> clk_sync_stage2
[    7.915222] jesd204: /axi/spi@ff040000/ad9081@0,jesd204:0,parent=spi1.0: JESD204[2] transition clk_sync_stage2 -> clk_sync_stage3
[    7.926869] jesd204: /axi/spi@ff040000/ad9081@0,jesd204:0,parent=spi1.0: JESD204[0] transition clk_sync_stage2 -> clk_sync_stage3
[    7.940541] jesd204: /axi/spi@ff040000/ad9081@0,jesd204:0,parent=spi1.0: JESD204[2] transition clk_sync_stage3 -> link_setup
[    7.951756] jesd204: /axi/spi@ff040000/ad9081@0,jesd204:0,parent=spi1.0: JESD204[0] transition clk_sync_stage3 -> link_setup
[    7.967860] jesd204: /axi/spi@ff040000/ad9081@0,jesd204:0,parent=spi1.0: JESD204[2] transition link_setup -> opt_setup_stage1
[    7.979160] jesd204: /axi/spi@ff040000/ad9081@0,jesd204:0,parent=spi1.0: JESD204[0] transition link_setup -> opt_setup_stage1
[    7.995493] jesd204: /axi/spi@ff040000/ad9081@0,jesd204:0,parent=spi1.0: JESD204[2] transition opt_setup_stage1 -> opt_setup_stage2
[    8.007318] jesd204: /axi/spi@ff040000/ad9081@0,jesd204:0,parent=spi1.0: JESD204[0] transition opt_setup_stage1 -> opt_setup_stage2
[    8.019291] jesd204: /axi/spi@ff040000/ad9081@0,jesd204:0,parent=spi1.0: JESD204[2] transition opt_setup_stage2 -> opt_setup_stage3
[    8.031110] jesd204: /axi/spi@ff040000/ad9081@0,jesd204:0,parent=spi1.0: JESD204[0] transition opt_setup_stage2 -> opt_setup_stage3
[    8.042933] jesd204: /axi/spi@ff040000/ad9081@0,jesd204:0,parent=spi1.0: JESD204[2] transition opt_setup_stage3 -> opt_setup_stage4
[    8.054752] jesd204: /axi/spi@ff040000/ad9081@0,jesd204:0,parent=spi1.0: JESD204[0] transition opt_setup_stage3 -> opt_setup_stage4
[    8.066586] jesd204: /axi/spi@ff040000/ad9081@0,jesd204:0,parent=spi1.0: JESD204[2] transition opt_setup_stage4 -> opt_setup_stage5
[    8.078405] jesd204: /axi/spi@ff040000/ad9081@0,jesd204:0,parent=spi1.0: JESD204[0] transition opt_setup_stage4 -> opt_setup_stage5
[    8.113485] axi_adxcvr 84a60000.axi-adxcvr-rx: adxcvr_clk_enable: QPLL RX buffer underflow error, status: 0x61
[    8.123470] axi_adxcvr 84a60000.axi-adxcvr-rx: adxcvr_clk_enable: QPLL RX buffer overflow error, status: 0x61
[    8.137490] jesd204: /axi/spi@ff040000/ad9081@0,jesd204:0,parent=spi1.0: JESD204[2] transition opt_setup_stage5 -> clocks_enable
[    8.149055] jesd204: /axi/spi@ff040000/ad9081@0,jesd204:0,parent=spi1.0: JESD204[0] transition opt_setup_stage5 -> clocks_enable
[    8.160672] jesd204: /axi/spi@ff040000/ad9081@0,jesd204:0,parent=spi1.0: JESD204[2] transition clocks_enable -> link_enable
[    8.171804] jesd204: /axi/spi@ff040000/ad9081@0,jesd204:0,parent=spi1.0: JESD204[0] transition clocks_enable -> link_enable
[    8.311675] axi-jesd204-rx 84a90000.axi-jesd204-rx: axi_jesd204_rx_jesd204_link_running: Link2 status failed (CGS)
[    8.322021] jesd204: /fpga-axi@0/axi-jesd204-rx@84a90000,jesd204:4,parent=84a90000.axi-jesd204-rx: JESD204[2] In link_running got error from cb: -1 (ignoring!)
[    8.431909] ad9081 spi1.0: JESD RX (JTX) Link2 in CGS, SYNC asserted, PLL locked, PHASE established, MODE valid
[    8.441996] jesd204: /axi/spi@ff040000/ad9081@0,jesd204:0,parent=spi1.0: JESD204[2] In link_running got error from cb: -1 (ignoring!)
[    8.454253] ad9081 spi1.0: JESD TX (JRX) Link0 0xF lanes in DATA
[    8.460259] jesd204: /axi/spi@ff040000/ad9081@0,jesd204:0,parent=spi1.0: JESD204[2] transition link_enable -> link_running
[    8.471296] jesd204: /axi/spi@ff040000/ad9081@0,jesd204:0,parent=spi1.0: JESD204[0] transition link_enable -> link_running
[    8.482342] jesd204: /axi/spi@ff040000/ad9081@0,jesd204:0,parent=spi1.0: JESD204[2] transition link_running -> opt_post_running_stage
[    8.494334] jesd204: /axi/spi@ff040000/ad9081@0,jesd204:0,parent=spi1.0: JESD204[0] transition link_running -> opt_post_running_stage
[    8.515539] input: gpio-keys as /devices/platform/gpio-keys/input/input0
[    8.522566] of_cfs_init
[    8.525024] of_cfs_init: OK
[    8.527964] cfg80211: Loading compiled-in X.509 certificates for regulatory database
[    8.666173] cfg80211: Loaded X.509 cert 'sforshee: 00b28ddf47aef9cea7'
[    8.672701] clk: Not disabling unused clocks
[    8.677231] ALSA device list:
[    8.680192]   No soundcards found.
[    8.683854] platform regulatory.0: Direct firmware load for regulatory.db failed with error -2
[    8.692463] cfg80211: failed to load regulatory.db
[    8.707708] EXT4-fs (mmcblk0p2): mounted filesystem with ordered data mode. Opts: (null)
[    8.715826] VFS: Mounted root (ext4 filesystem) on device 179:2.
[    8.729031] devtmpfs: mounted
[    8.732881] Freeing unused kernel memory: 2560K
[    8.751724] Run /sbin/init as init process
[    8.755816]   with arguments:
[    8.755819]     /sbin/init
[    8.755821]   with environment:
[    8.755823]     HOME=/
[    8.755826]     TERM=linux
[    9.319237] systemd[1]: systemd 241 running in system mode. (+PAM +AUDIT +SELINUX +IMA +APPARMOR +SMACK +SYSVINIT +UTMP +LIBCRYPTSETUP +GCRYPT +GNUTLS +ACL +XZ +LZ4 +SECCOMP +BLKID +ELFUTILS +KMOD -IDN2 +IDN -PCRE2 default-hierarchy=hybrid)
[    9.341112] systemd[1]: Detected architecture arm64.
[    9.364380] systemd[1]: Set hostname to <analog>.
[    9.546019] systemd[1]: File /lib/systemd/system/systemd-journald.service:12 configures an IP firewall (IPAddressDeny=any), but the local system does not support BPF/cgroup based firewalling.
[    9.563108] systemd[1]: Proceeding WITHOUT firewalling in effect! (This warning is only shown for the first loaded unit using IP firewalling.)
[    9.725984] systemd[1]: /etc/systemd/system/tof-server.service:1: Assignment outside of section. Ignoring.
[    9.735716] systemd[1]: /etc/systemd/system/tof-server.service:2: Assignment outside of section. Ignoring.
[    9.918135] random: systemd: uninitialized urandom read (16 bytes read)
[    9.932900] random: systemd: uninitialized urandom read (16 bytes read)
[    9.940005] systemd[1]: Listening on Journal Socket (/dev/log).
[    9.963812] random: systemd: uninitialized urandom read (16 bytes read)
[    9.970660] systemd[1]: Listening on udev Kernel Socket.
[    9.991904] systemd[1]: Started Forward Password Requests to Wall Directory Watch.
[   10.632155] ------------[ cut here ]------------
[   10.632164] Enabling unprepared \xa0\xe9Q\x88\xff\xff\xffpQ\x88\xff\xff\xff
[   10.632210] WARNING: CPU: 2 PID: 112 at drivers/clk/clk.c:1012 clk_core_enable+0xa4/0xc0
[   10.632213] Modules linked in:
[   10.632224] CPU: 2 PID: 112 Comm: kworker/2:1H Not tainted 5.10.0-98103-g2aa7ac113716 #5577
[   10.632227] Hardware name: ZynqMP ZCU102 Rev1.0 (DT)
[   10.632236] Workqueue: kblockd blk_mq_run_work_fn
[   10.632243] pstate: 80000085 (Nzcv daIf -PAN -UAO -TCO BTYPE=--)
[   10.632249] pc : clk_core_enable+0xa4/0xc0
[   10.632254] lr : clk_core_enable+0xa4/0xc0
[   10.632257] sp : ffffffc0127d32d0
[   10.632260] x29: ffffffc0127d32d0 x28: ffffff8800330c10 
[   10.632267] x27: ffffff8800330d48 x26: 0000005000000101 
[   10.632273] x25: 0000000273c9098a x24: 0000000000000001 
[   10.632280] x23: ffffff88010e9380 x22: ffffff8801083220 
[   10.632287] x21: ffffff8801517000 x20: ffffff8801517008 
[   10.632293] x19: ffffff8801517008 x18: 0000000000000030 
[   10.632299] x17: 000013e47cabeca2 x16: 0000000000000005 
[   10.632306] x15: ffffffffffff89a0 x14: ffffffc011d3b1a0 
[   10.632312] x13: ffffffc011d3b1c8 x12: 00000000000005f7 
[   10.632319] x11: 00000000000001fd x10: ffffffc011d671c8 
[   10.632325] x9 : 00000000fffff800 x8 : ffffffc011d3b1c8 
[   10.632332] x7 : ffffffc011d671c8 x6 : 0000000000000001 
[   10.632338] x5 : ffffff887f7929e0 x4 : 0000000000000000 
[   10.632344] x3 : 0000000000000027 x2 : 0000000000000023 
[   10.632350] x1 : 41d3c6eefc041900 x0 : 0000000000000000 
[   10.632357] Call trace:
[   10.632364]  clk_core_enable+0xa4/0xc0
[   10.632369]  clk_enable+0x2c/0x60
[   10.632375]  zynqmp_runtime_resume+0x24/0x84
[   10.632382]  pm_generic_runtime_resume+0x30/0x50
[   10.632388]  __genpd_runtime_resume+0x30/0xb0
[   10.632394]  genpd_runtime_resume+0x90/0x250
[   10.632400]  __rpm_callback+0x10c/0x1e0
[   10.632405]  rpm_callback+0x5c/0x84
[   10.632410]  rpm_resume+0x4a4/0x74c
[   10.632415]  __pm_runtime_resume+0x78/0xc4
[   10.632420]  spi_mem_access_start.isra.0+0x30/0x80
[   10.632424]  spi_mem_exec_op+0x3b0/0x424
[   10.632428]  spi_nor_read_sr+0x78/0xe0
[   10.632433]  spi_nor_wait_till_ready_with_timeout+0xb4/0x2f0
[   10.632438]  spi_nor_read+0x188/0x380
[   10.632443]  mtd_read_oob_std+0x78/0x84
[   10.632447]  mtd_read_oob+0x7c/0x134
[   10.632452]  mtd_read+0x48/0x7c
[   10.632458]  mtdblock_readsect+0x6c/0x150
[   10.632463]  mtd_queue_rq+0x2cc/0x5a0
[   10.632468]  blk_mq_dispatch_rq_list+0x110/0x790
[   10.632474]  __blk_mq_do_dispatch_sched+0x200/0x274
[   10.632480]  __blk_mq_sched_dispatch_requests+0x1a8/0x1fc
[   10.632486]  blk_mq_sched_dispatch_requests+0x3c/0x7c
[   10.632491]  __blk_mq_run_hw_queue+0x98/0x100
[   10.632495]  blk_mq_run_work_fn+0x24/0x30
[   10.632501]  process_one_work+0x1d4/0x380
[   10.632505]  worker_thread+0x78/0x4e0
[   10.632510]  kthread+0x124/0x130
[   10.632516]  ret_from_fork+0x10/0x3c
[   10.632519] ---[ end trace 6d11a0db36dbefa7 ]---
[   10.632528] zynqmp-qspi ff0f0000.spi: Cannot enable APB clock.
[   10.632577] spi_master spi0: Failed to power device: -108
[   10.632587] blk_update_request: I/O error, dev mtdblock0, sector 8 op 0x0:(READ) flags 0x80700 phys_seg 1 prio class 0
[   10.632666] spi_master spi0: Failed to power device: -22
[   10.632673] blk_update_request: I/O error, dev mtdblock0, sector 8 op 0x0:(READ) flags 0x0 phys_seg 8 prio class 0
[   10.632678] Buffer I/O error on dev mtdblock0, logical block 8, async page read
[   10.632687] spi_master spi0: Failed to power device: -22
[   10.632693] blk_update_request: I/O error, dev mtdblock0, sector 9 op 0x0:(READ) flags 0x0 phys_seg 7 prio class 0
[   10.632697] Buffer I/O error on dev mtdblock0, logical block 9, async page read
[   10.632704] spi_master spi0: Failed to power device: -22
[   10.632710] blk_update_request: I/O error, dev mtdblock0, sector 10 op 0x0:(READ) flags 0x0 phys_seg 6 prio class 0
[   10.632714] Buffer I/O error on dev mtdblock0, logical block 10, async page read
[   10.632720] spi_master spi0: Failed to power device: -22
[   10.632726] blk_update_request: I/O error, dev mtdblock0, sector 11 op 0x0:(READ) flags 0x0 phys_seg 5 prio class 0
[   10.632730] Buffer I/O error on dev mtdblock0, logical block 11, async page read
[   10.632737] spi_master spi0: Failed to power device: -22
[   10.632742] blk_update_request: I/O error, dev mtdblock0, sector 12 op 0x0:(READ) flags 0x0 phys_seg 4 prio class 0
[   10.632746] Buffer I/O error on dev mtdblock0, logical block 12, async page read
[   10.632753] spi_master spi0: Failed to power device: -22
[   10.632758] blk_update_request: I/O error, dev mtdblock0, sector 13 op 0x0:(READ) flags 0x0 phys_seg 3 prio class 0
[   10.632762] Buffer I/O error on dev mtdblock0, logical block 13, async page read
[   10.632768] spi_master spi0: Failed to power device: -22
[   10.632774] blk_update_request: I/O error, dev mtdblock0, sector 14 op 0x0:(READ) flags 0x0 phys_seg 2 prio class 0
[   10.632778] Buffer I/O error on dev mtdblock0, logical block 14, async page read
[   10.632784] spi_master spi0: Failed to power device: -22
[   10.632790] blk_update_request: I/O error, dev mtdblock0, sector 15 op 0x0:(READ) flags 0x0 phys_seg 1 prio class 0
[   10.632794] Buffer I/O error on dev mtdblock0, logical block 15, async page read
[   10.633112] spi_master spi0: Failed to power device: -22
[   10.633119] blk_update_request: I/O error, dev mtdblock1, sector 10112 op 0x0:(READ) flags 0x80700 phys_seg 1 prio class 0
[   10.633163] spi_master spi0: Failed to power device: -22
[   10.633169] Buffer I/O error on dev mtdblock1, logical block 10112, async page read
[   10.633177] spi_master spi0: Failed to power device: -22
[   10.633182] Buffer I/O error on dev mtdblock1, logical block 10113, async page read
[   10.633188] spi_master spi0: Failed to power device: -22
[   10.633196] spi_master spi0: Failed to power device: -22
[   10.633203] spi_master spi0: Failed to power device: -22
[   10.633210] spi_master spi0: Failed to power device: -22
[   10.633218] spi_master spi0: Failed to power device: -22
[   10.633225] spi_master spi0: Failed to power device: -22
[   10.633458] spi_master spi0: Failed to power device: -22
[   10.633501] spi_master spi0: Failed to power device: -22
[   10.633510] spi_master spi0: Failed to power device: -22
[   10.633518] spi_master spi0: Failed to power device: -22
[   10.633525] spi_master spi0: Failed to power device: -22
[   10.633533] spi_master spi0: Failed to power device: -22
[   10.633540] spi_master spi0: Failed to power device: -22
[   10.633547] spi_master spi0: Failed to power device: -22
[   10.633554] spi_master spi0: Failed to power device: -22
[   10.633833] spi_master spi0: Failed to power device: -22
[   10.633878] spi_master spi0: Failed to power device: -22
[   10.633887] spi_master spi0: Failed to power device: -22
[   10.633895] spi_master spi0: Failed to power device: -22
[   10.633903] spi_master spi0: Failed to power device: -22
[   10.633910] spi_master spi0: Failed to power device: -22
[   10.633917] spi_master spi0: Failed to power device: -22
[   10.633924] spi_master spi0: Failed to power device: -22
[   10.633932] spi_master spi0: Failed to power device: -22
[   10.761071] EXT4-fs (mmcblk0p2): re-mounted. Opts: (null)
[   10.860686] systemd-journald[167]: Received request to flush runtime journal from PID 1
[   16.825539] macb ff0e0000.ethernet eth0: PHY [ff0e0000.ethernet-ffffffff:0c] driver [TI DP83867] (irq=POLL)
[   16.825552] macb ff0e0000.ethernet eth0: configuring for phy/rgmii-id link mode
[   17.127719] Adding 102396k swap on /var/swap.  Priority:-2 extents:4 across:9953604k SS
[   18.783697] random: crng init done
[   18.783707] random: 7 urandom warning(s) missed due to ratelimiting
[   19.662879] broken atomic modeset userspace detected, disabling atomic
[   19.905303] macb ff0e0000.ethernet eth0: Link is Up - 1Gbps/Full - flow control off
[   19.905327] IPv6: ADDRCONF(NETDEV_CHANGE): eth0: link becomes ready
[   22.337159] broken atomic modeset userspace detected, disabling atomic
[   25.238634] broken atomic modeset userspace detected, disabling atomic