[    0.000000] Booting Linux on physical CPU 0x0000000000 [0x410fd034]
[    0.000000] Linux version 5.10.0-98103-g2aa7ac113716 (jenkins@romlxbuild1.adlk.analog.com) (aarch64-xilinx-linux-gcc.real (GCC) 10.2.0, GNU ld (GNU Binutils) 2.35.0.20200730) #5577 SMP Wed Mar 23 07:28:49 GMT 2022
[    0.000000] Machine model: ZynqMP ZCU102 Rev1.0
[    0.000000] earlycon: cdns0 at MMIO 0x00000000ff000000 (options '115200n8')
[    0.000000] printk: bootconsole [cdns0] enabled
[    0.000000] efi: UEFI not found.
[    0.000000] cma: Reserved 256 MiB at 0x0000000070000000
[    0.000000] Zone ranges:
[    0.000000]   DMA      [mem 0x0000000000000000-0x000000003fffffff]
[    0.000000]   DMA32    [mem 0x0000000040000000-0x00000000ffffffff]
[    0.000000]   Normal   [mem 0x0000000100000000-0x000000087fffffff]
[    0.000000] Movable zone start for each node
[    0.000000] Early memory node ranges
[    0.000000]   node   0: [mem 0x0000000000000000-0x000000007fffffff]
[    0.000000]   node   0: [mem 0x0000000800000000-0x000000087fffffff]
[    0.000000] Initmem setup node 0 [mem 0x0000000000000000-0x000000087fffffff]
[    0.000000] On node 0 totalpages: 1048576
[    0.000000]   DMA zone: 3584 pages used for memmap
[    0.000000]   DMA zone: 0 pages reserved
[    0.000000]   DMA zone: 262144 pages, LIFO batch:63
[    0.000000]   DMA32 zone: 3584 pages used for memmap
[    0.000000]   DMA32 zone: 262144 pages, LIFO batch:63
[    0.000000]   Normal zone: 7168 pages used for memmap
[    0.000000]   Normal zone: 524288 pages, LIFO batch:63
[    0.000000] psci: probing for conduit method from DT.
[    0.000000] psci: PSCIv1.1 detected in firmware.
[    0.000000] psci: Using standard PSCI v0.2 function IDs
[    0.000000] psci: MIGRATE_INFO_TYPE not supported.
[    0.000000] psci: SMC Calling Convention v1.2
[    0.000000] percpu: Embedded 22 pages/cpu s49496 r8192 d32424 u90112
[    0.000000] pcpu-alloc: s49496 r8192 d32424 u90112 alloc=22*4096
[    0.000000] pcpu-alloc: [0] 0 [0] 1 [0] 2 [0] 3 
[    0.000000] Detected VIPT I-cache on CPU0
[    0.000000] CPU features: detected: ARM erratum 845719
[    0.000000] Built 1 zonelists, mobility grouping on.  Total pages: 1034240
[    0.000000] Kernel command line: console=ttyPS0,115200 root=/dev/mmcblk0p2 rw earlycon rootfstype=ext4 rootwait clk_ignore_unused cpuidle.off=1 root=/dev/mmcblk0p2 rw rootwait
[    0.000000] Dentry cache hash table entries: 524288 (order: 10, 4194304 bytes, linear)
[    0.000000] Inode-cache hash table entries: 262144 (order: 9, 2097152 bytes, linear)
[    0.000000] mem auto-init: stack:off, heap alloc:off, heap free:off
[    0.000000] software IO TLB: mapped [mem 0x000000003bfff000-0x000000003ffff000] (64MB)
[    0.000000] Memory: 3761904K/4194304K available (15296K kernel code, 1636K rwdata, 11876K rodata, 2560K init, 507K bss, 170256K reserved, 262144K cma-reserved)
[    0.000000] rcu: Hierarchical RCU implementation.
[    0.000000] rcu: 	RCU event tracing is enabled.
[    0.000000] rcu: 	RCU restricting CPUs from NR_CPUS=8 to nr_cpu_ids=4.
[    0.000000] rcu: RCU calculated value of scheduler-enlistment delay is 25 jiffies.
[    0.000000] rcu: Adjusting geometry for rcu_fanout_leaf=16, nr_cpu_ids=4
[    0.000000] NR_IRQS: 64, nr_irqs: 64, preallocated irqs: 0
[    0.000000] GIC: Adjusting CPU interface base to 0x00000000f902f000
[    0.000000] GIC: Using split EOI/Deactivate mode
[    0.000000] random: get_random_bytes called from start_kernel+0x31c/0x54c with crng_init=0
[    0.000000] arch_timer: cp15 timer(s) running at 100.00MHz (phys).
[    0.000000] clocksource: arch_sys_counter: mask: 0xffffffffffffff max_cycles: 0x171024e7e0, max_idle_ns: 440795205315 ns
[    0.000003] sched_clock: 56 bits at 100MHz, resolution 10ns, wraps every 4398046511100ns
[    0.008463] Console: colour dummy device 80x25
[    0.012482] Calibrating delay loop (skipped), value calculated using timer frequency.. 200.00 BogoMIPS (lpj=400000)
[    0.022840] pid_max: default: 32768 minimum: 301
[    0.027548] Mount-cache hash table entries: 8192 (order: 4, 65536 bytes, linear)
[    0.034788] Mountpoint-cache hash table entries: 8192 (order: 4, 65536 bytes, linear)
[    0.043399] rcu: Hierarchical SRCU implementation.
[    0.047559] EFI services will not be available.
[    0.051938] smp: Bringing up secondary CPUs ...
[    0.056656] Detected VIPT I-cache on CPU1
[    0.056696] CPU1: Booted secondary processor 0x0000000001 [0x410fd034]
[    0.057060] Detected VIPT I-cache on CPU2
[    0.057084] CPU2: Booted secondary processor 0x0000000002 [0x410fd034]
[    0.057423] Detected VIPT I-cache on CPU3
[    0.057446] CPU3: Booted secondary processor 0x0000000003 [0x410fd034]
[    0.057493] smp: Brought up 1 node, 4 CPUs
[    0.091779] SMP: Total of 4 processors activated.
[    0.096452] CPU features: detected: 32-bit EL0 Support
[    0.101555] CPU features: detected: CRC32 instructions
[    0.106695] CPU: All CPU(s) started at EL2
[    0.110736] alternatives: patching kernel code
[    0.116168] devtmpfs: initialized
[    0.124056] Registered cp15_barrier emulation handler
[    0.124107] Registered setend emulation handler
[    0.128083] clocksource: jiffies: mask: 0xffffffff max_cycles: 0xffffffff, max_idle_ns: 7645041785100000 ns
[    0.137662] futex hash table entries: 1024 (order: 4, 65536 bytes, linear)
[    0.151024] pinctrl core: initialized pinctrl subsystem
[    0.151666] NET: Registered protocol family 16
[    0.156094] DMA: preallocated 512 KiB GFP_KERNEL pool for atomic allocations
[    0.162108] DMA: preallocated 512 KiB GFP_KERNEL|GFP_DMA pool for atomic allocations
[    0.169835] DMA: preallocated 512 KiB GFP_KERNEL|GFP_DMA32 pool for atomic allocations
[    0.177636] audit: initializing netlink subsys (disabled)
[    0.183086] audit: type=2000 audit(0.116:1): state=initialized audit_enabled=0 res=1
[    0.183428] hw-breakpoint: found 6 breakpoint and 4 watchpoint registers.
[    0.197463] ASID allocator initialised with 65536 entries
[    0.224292] HugeTLB registered 1.00 GiB page size, pre-allocated 0 pages
[    0.225351] HugeTLB registered 32.0 MiB page size, pre-allocated 0 pages
[    0.232021] HugeTLB registered 2.00 MiB page size, pre-allocated 0 pages
[    0.238683] HugeTLB registered 64.0 KiB page size, pre-allocated 0 pages
[    1.304222] DRBG: Continuing without Jitter RNG
[    1.382078] raid6: neonx8   gen()  2142 MB/s
[    1.450128] raid6: neonx8   xor()  1596 MB/s
[    1.518181] raid6: neonx4   gen()  2201 MB/s
[    1.586231] raid6: neonx4   xor()  1567 MB/s
[    1.654291] raid6: neonx2   gen()  2076 MB/s
[    1.722344] raid6: neonx2   xor()  1438 MB/s
[    1.790415] raid6: neonx1   gen()  1772 MB/s
[    1.858457] raid6: neonx1   xor()  1220 MB/s
[    1.926515] raid6: int64x8  gen()  1438 MB/s
[    1.994571] raid6: int64x8  xor()   771 MB/s
[    2.062644] raid6: int64x4  gen()  1599 MB/s
[    2.130689] raid6: int64x4  xor()   817 MB/s
[    2.198758] raid6: int64x2  gen()  1397 MB/s
[    2.266808] raid6: int64x2  xor()   750 MB/s
[    2.334875] raid6: int64x1  gen()  1033 MB/s
[    2.402946] raid6: int64x1  xor()   517 MB/s
[    2.402985] raid6: using algorithm neonx4 gen() 2201 MB/s
[    2.406943] raid6: .... xor() 1567 MB/s, rmw enabled
[    2.411874] raid6: using neon recovery algorithm
[    2.416886] iommu: Default domain type: Translated 
[    2.421498] SCSI subsystem initialized
[    2.425043] libata version 3.00 loaded.
[    2.425168] usbcore: registered new interface driver usbfs
[    2.430498] usbcore: registered new interface driver hub
[    2.435773] usbcore: registered new device driver usb
[    2.440907] mc: Linux media interface: v0.10
[    2.445021] videodev: Linux video capture interface: v2.00
[    2.450512] EDAC MC: Ver: 3.0.0
[    2.453950] zynqmp-ipi-mbox mailbox@ff990400: Registered ZynqMP IPI mbox with TX/RX channels.
[    2.462460] jesd204: created con: id=0, topo=0, link=0, /axi/spi@ff050000/hmc7044@0 <-> /fpga-axi@0/axi-adxcvr-tx@84b60000
[    2.473042] jesd204: created con: id=1, topo=0, link=2, /axi/spi@ff050000/hmc7044@0 <-> /fpga-axi@0/axi-adxcvr-rx@84a60000
[    2.484026] jesd204: created con: id=2, topo=0, link=0, /fpga-axi@0/axi-adxcvr-tx@84b60000 <-> /fpga-axi@0/axi-jesd204-tx@84b90000
[    2.495702] jesd204: created con: id=3, topo=0, link=2, /fpga-axi@0/axi-adxcvr-rx@84a60000 <-> /fpga-axi@0/axi-jesd204-rx@84a90000
[    2.507379] jesd204: created con: id=4, topo=0, link=0, /fpga-axi@0/axi-jesd204-tx@84b90000 <-> /fpga-axi@0/axi-ad9081-tx-hpc@84b10000
[    2.519407] jesd204: created con: id=5, topo=0, link=2, /fpga-axi@0/axi-jesd204-rx@84a90000 <-> /fpga-axi@0/axi-ad9081-rx-hpc@84a10000
[    2.531430] jesd204: created con: id=6, topo=0, link=2, /fpga-axi@0/axi-ad9081-rx-hpc@84a10000 <-> /axi/spi@ff040000/ad9081@0
[    2.542671] jesd204: created con: id=7, topo=0, link=0, /fpga-axi@0/axi-ad9081-tx-hpc@84b10000 <-> /axi/spi@ff040000/ad9081@0
[    2.553920] jesd204: /axi/spi@ff040000/ad9081@0: JESD204[2] transition uninitialized -> initialized
[    2.562908] jesd204: /axi/spi@ff040000/ad9081@0: JESD204[0] transition uninitialized -> initialized
[    2.571899] jesd204: found 8 devices and 1 topologies
[    2.576941] FPGA manager framework
[    2.580418] Advanced Linux Sound Architecture Driver Initialized.
[    2.586721] Bluetooth: Core ver 2.22
[    2.589902] NET: Registered protocol family 31
[    2.594304] Bluetooth: HCI device and connection manager initialized
[    2.600620] Bluetooth: HCI socket layer initialized
[    2.605462] Bluetooth: L2CAP socket layer initialized
[    2.610486] Bluetooth: SCO socket layer initialized
[    2.615669] clocksource: Switched to clocksource arch_sys_counter
[    2.621476] VFS: Disk quotas dquot_6.6.0
[    2.625313] VFS: Dquot-cache hash table entries: 512 (order 0, 4096 bytes)
[    2.636018] NET: Registered protocol family 2
[    2.636767] tcp_listen_portaddr_hash hash table entries: 2048 (order: 3, 32768 bytes, linear)
[    2.644955] TCP established hash table entries: 32768 (order: 6, 262144 bytes, linear)
[    2.652979] TCP bind hash table entries: 32768 (order: 7, 524288 bytes, linear)
[    2.660423] TCP: Hash tables configured (established 32768 bind 32768)
[    2.666599] UDP hash table entries: 2048 (order: 4, 65536 bytes, linear)
[    2.673263] UDP-Lite hash table entries: 2048 (order: 4, 65536 bytes, linear)
[    2.680425] NET: Registered protocol family 1
[    2.684879] RPC: Registered named UNIX socket transport module.
[    2.690497] RPC: Registered udp transport module.
[    2.695167] RPC: Registered tcp transport module.
[    2.699835] RPC: Registered tcp NFSv4.1 backchannel transport module.
[    2.706818] PCI: CLS 0 bytes, default 64
[    2.710518] hw perfevents: no interrupt-affinity property for /pmu, guessing.
[    2.717382] hw perfevents: enabled with armv8_pmuv3 PMU driver, 7 counters available
[    2.725730] Initialise system trusted keyrings
[    2.729416] workingset: timestamp_bits=62 max_order=20 bucket_order=0
[    2.736312] NFS: Registering the id_resolver key type
[    2.740763] Key type id_resolver registered
[    2.744901] Key type id_legacy registered
[    2.748893] nfs4filelayout_init: NFSv4 File Layout Driver Registering...
[    2.755558] jffs2: version 2.2. (NAND) (SUMMARY)  Â© 2001-2006 Red Hat, Inc.
[    2.798283] NET: Registered protocol family 38
[    2.798325] xor: measuring software checksum speed
[    2.806011]    8regs           :  2363 MB/sec
[    2.809680]    32regs          :  2799 MB/sec
[    2.814622]    arm64_neon      :  2380 MB/sec
[    2.814813] xor: using function: 32regs (2799 MB/sec)
[    2.819839] Key type asymmetric registered
[    2.823900] Asymmetric key parser 'x509' registered
[    2.828761] Block layer SCSI generic (bsg) driver version 0.4 loaded (major 248)
[    2.836097] io scheduler mq-deadline registered
[    2.840594] io scheduler kyber registered
[    2.870002] Serial: 8250/16550 driver, 4 ports, IRQ sharing disabled
[    2.874641] cacheinfo: Unable to detect cache hierarchy for CPU 0
[    2.880979] brd: module loaded
[    2.885129] loop: module loaded
[    2.885680] Registered mathworks_ip class
[    2.889014] libphy: Fixed MDIO Bus: probed
[    2.891987] tun: Universal TUN/TAP device driver, 1.6
[    2.896051] CAN device driver interface
[    2.900588] usbcore: registered new interface driver asix
[    2.905181] usbcore: registered new interface driver ax88179_178a
[    2.911215] usbcore: registered new interface driver cdc_ether
[    2.917011] usbcore: registered new interface driver net1080
[    2.922634] usbcore: registered new interface driver cdc_subset
[    2.928515] usbcore: registered new interface driver zaurus
[    2.934059] usbcore: registered new interface driver cdc_ncm
[    2.940468] ehci_hcd: USB 2.0 'Enhanced' Host Controller (EHCI) Driver
[    2.946145] ehci-pci: EHCI PCI platform driver
[    2.950955] usbcore: registered new interface driver uas
[    2.955860] usbcore: registered new interface driver usb-storage
[    2.961848] usbcore: registered new interface driver usbserial_generic
[    2.968301] usbserial: USB Serial support registered for generic
[    2.974273] usbcore: registered new interface driver ftdi_sio
[    2.979975] usbserial: USB Serial support registered for FTDI USB Serial Device
[    2.987249] usbcore: registered new interface driver upd78f0730
[    2.993123] usbserial: USB Serial support registered for upd78f0730
[    3.000791] rtc_zynqmp ffa60000.rtc: registered as rtc0
[    3.004548] rtc_zynqmp ffa60000.rtc: setting system clock to 2022-04-12T20:58:31 UTC (1649797111)
[    3.013410] i2c /dev entries driver
[    3.018728] usbcore: registered new interface driver uvcvideo
[    3.022523] USB Video Class driver (1.1.1)
[    3.028106] Bluetooth: HCI UART driver ver 2.3
[    3.030995] Bluetooth: HCI UART protocol H4 registered
[    3.036104] Bluetooth: HCI UART protocol BCSP registered
[    3.041393] Bluetooth: HCI UART protocol LL registered
[    3.046482] Bluetooth: HCI UART protocol ATH3K registered
[    3.051856] Bluetooth: HCI UART protocol Three-wire (H5) registered
[    3.058114] Bluetooth: HCI UART protocol Intel registered
[    3.063448] Bluetooth: HCI UART protocol QCA registered
[    3.068648] usbcore: registered new interface driver bcm203x
[    3.074274] usbcore: registered new interface driver bpa10x
[    3.079809] usbcore: registered new interface driver bfusb
[    3.085256] usbcore: registered new interface driver btusb
[    3.090719] usbcore: registered new interface driver ath3k
[    3.096204] EDAC MC: ECC not enabled
[    3.099831] EDAC DEVICE0: Giving out device to module zynqmp-ocm-edac controller zynqmp_ocm: DEV ff960000.memory-controller (INTERRUPT)
[    3.112141] sdhci: Secure Digital Host Controller Interface driver
[    3.117931] sdhci: Copyright(c) Pierre Ossman
[    3.122256] sdhci-pltfm: SDHCI platform and OF driver helper
[    3.128306] ledtrig-cpu: registered to indicate activity on CPUs
[    3.133861] SMCCC: SOC_ID: ARCH_SOC_ID not implemented, skipping ....
[    3.140295] zynqmp_firmware_probe Platform Management API v1.1
[    3.146047] zynqmp_firmware_probe Trustzone version v1.0
[    3.185633] zynqmp-pinctrl firmware:zynqmp-firmware:pinctrl: zynqmp pinctrl initialized
[    3.233565] zynqmp-aes firmware:zynqmp-firmware:zynqmp-aes: will run requests pump with realtime priority
[    3.249377] alg: No test for xilinx-keccak-384 (zynqmp-keccak-384)
[    3.250086] alg: No test for xilinx-zynqmp-rsa (zynqmp-rsa)
[    3.255605] usbcore: registered new interface driver usbhid
[    3.260987] usbhid: USB HID core driver
[    3.272229] axi_sysid 85000000.axi-sysid-0: AXI System ID core version (1.01.a) found
[    3.274577] axi_sysid 85000000.axi-sysid-0: [ad9081_fmca_ebz] on [zcu102] git branch <master> git <084d44c9780640ca93fd847b1d9ec70dd65f5c67> clean [2022-03-18 04:17:50] UTC
[    3.290262] fpga_manager fpga0: Xilinx ZynqMP FPGA Manager registered
[    3.296635] usbcore: registered new interface driver snd-usb-audio
[    3.304063] pktgen: Packet Generator for packet performance testing. Version: 2.75
[    3.310261] Initializing XFRM netlink socket
[    3.314108] NET: Registered protocol family 10
[    3.318821] Segment Routing with IPv6
[    3.322198] sit: IPv6, IPv4 and MPLS over IPv4 tunneling driver
[    3.328276] NET: Registered protocol family 17
[    3.332378] NET: Registered protocol family 15
[    3.336872] can: controller area network core
[    3.341132] NET: Registered protocol family 29
[    3.345517] can: raw protocol
[    3.348456] can: broadcast manager protocol
[    3.352609] can: netlink gateway - max_hops=1
[    3.357005] Bluetooth: RFCOMM TTY layer initialized
[    3.361784] Bluetooth: RFCOMM socket layer initialized
[    3.366890] Bluetooth: RFCOMM ver 1.11
[    3.370604] Bluetooth: BNEP (Ethernet Emulation) ver 1.3
[    3.375878] Bluetooth: BNEP filters: protocol multicast
[    3.381066] Bluetooth: BNEP socket layer initialized
[    3.385996] Bluetooth: HIDP (Human Interface Emulation) ver 1.2
[    3.391879] Bluetooth: HIDP socket layer initialized
[    3.396933] 9pnet: Installing 9P2000 support
[    3.401056] NET: Registered protocol family 36
[    3.405470] Key type dns_resolver registered
[    3.409907] registered taskstats version 1
[    3.413768] Loading compiled-in X.509 certificates
[    3.418891] Btrfs loaded, crc32c=crc32c-generic
[    3.431274] ff000000.serial: ttyPS0 at MMIO 0xff000000 (irq = 49, base_baud = 6249999) is a xuartps
[    3.440294] printk: console [ttyPS0] enabled
[    3.444589] printk: bootconsole [cdns0] disabled
[    3.454223] ff010000.serial: ttyPS1 at MMIO 0xff010000 (irq = 50, base_baud = 6249999) is a xuartps
[    3.467460] of-fpga-region fpga-full: FPGA Region probed
[    3.474417] nwl-pcie fd0e0000.pcie: host bridge /axi/pcie@fd0e0000 ranges:
[    3.481310] nwl-pcie fd0e0000.pcie:      MEM 0x00e0000000..0x00efffffff -> 0x00e0000000
[    3.489311] nwl-pcie fd0e0000.pcie:      MEM 0x0600000000..0x07ffffffff -> 0x0600000000
[    3.497373] nwl-pcie fd0e0000.pcie: Link is DOWN
[    3.502139] nwl-pcie fd0e0000.pcie: PCI host bridge to bus 0000:00
[    3.508317] pci_bus 0000:00: root bus resource [bus 00-ff]
[    3.513798] pci_bus 0000:00: root bus resource [mem 0xe0000000-0xefffffff]
[    3.520668] pci_bus 0000:00: root bus resource [mem 0x600000000-0x7ffffffff pref]
[    3.528172] pci 0000:00:00.0: [10ee:d021] type 01 class 0x060400
[    3.534229] pci 0000:00:00.0: PME# supported from D0 D1 D2 D3hot
[    3.544674] pci 0000:00:00.0: PCI bridge to [bus 01-0c]
[    3.550646] xilinx-zynqmp-dma fd500000.dma: ZynqMP DMA driver Probe success
[    3.557824] xilinx-zynqmp-dma fd510000.dma: ZynqMP DMA driver Probe success
[    3.564991] xilinx-zynqmp-dma fd520000.dma: ZynqMP DMA driver Probe success
[    3.572163] xilinx-zynqmp-dma fd530000.dma: ZynqMP DMA driver Probe success
[    3.579328] xilinx-zynqmp-dma fd540000.dma: ZynqMP DMA driver Probe success
[    3.586497] xilinx-zynqmp-dma fd550000.dma: ZynqMP DMA driver Probe success
[    3.593668] xilinx-zynqmp-dma fd560000.dma: ZynqMP DMA driver Probe success
[    3.600845] xilinx-zynqmp-dma fd570000.dma: ZynqMP DMA driver Probe success
[    3.608247] xilinx-zynqmp-dpdma fd4c0000.dma-controller: Xilinx DPDMA engine is probed
[    3.616799] ahci-ceva fd0c0000.ahci: supply ahci not found, using dummy regulator
[    3.624349] ahci-ceva fd0c0000.ahci: supply phy not found, using dummy regulator
[    3.711845] hmc7044 spi2.0: PLL1: Acquisition, CLKIN0 @ 122880000 Hz, PFD: 80 kHz - PLL2: Locked @ 2520.000000 MHz
[    3.722566] jesd204: /axi/spi@ff050000/hmc7044@0,jesd204:1,parent=spi2.0: Using as SYSREF provider
[    3.732148] spi-nor spi0.0: SPI-NOR-UniqueID 100000235394732200270025081115266e
[    3.739456] spi-nor spi0.0: found n25q512a, expected m25p80
[    3.745665] spi-nor spi0.0: trying to lock already unlocked area
[    3.751669] spi-nor spi0.0: n25q512a (131072 Kbytes)
[    3.756652] 4 fixed-partitions partitions found on MTD device spi0.0
[    3.762999] Creating 4 MTD partitions on "spi0.0":
[    3.767785] 0x000000000000-0x000000100000 : "qspi-fsbl-uboot"
[    3.774261] 0x000000100000-0x000000600000 : "qspi-linux"
[    3.780223] 0x000000600000-0x000000620000 : "qspi-device-tree"
[    3.786700] 0x000000620000-0x000000c00000 : "qspi-rootfs"
[    3.795162] macb ff0e0000.ethernet: Not enabling partial store and forward
[    3.802675] libphy: MACB_mii_bus: probed
[    3.807749] macb ff0e0000.ethernet eth0: Cadence GEM rev 0x50070106 at 0xff0e0000 irq 30 (00:0a:35:04:8e:1b)
[    3.817957] xilinx-axipmon ffa00000.perf-monitor: Probed Xilinx APM
[    3.824533] xilinx-axipmon fd0b0000.perf-monitor: Probed Xilinx APM
[    3.831048] xilinx-axipmon fd490000.perf-monitor: Probed Xilinx APM
[    3.837590] xilinx-axipmon ffa10000.perf-monitor: Probed Xilinx APM
[    3.847614] pca953x 0-0020: supply vcc not found, using dummy regulator
[    3.854300] pca953x 0-0020: using no AI
[    3.858794] gpio-496 (sel0): hogged as output/low
[    3.863691] gpio-497 (sel1): hogged as output/high
[    3.868681] gpio-498 (sel2): hogged as output/high
[    3.873663] gpio-499 (sel3): hogged as output/high
[    3.878835] pca953x 0-0021: supply vcc not found, using dummy regulator
[    3.885506] pca953x 0-0021: using no AI
[    3.891255] ina2xx 2-0040: power monitor ina226 (Rshunt = 5000 uOhm)
[    3.898286] ina2xx 2-0041: power monitor ina226 (Rshunt = 5000 uOhm)
[    3.905319] ina2xx 2-0042: power monitor ina226 (Rshunt = 5000 uOhm)
[    3.912345] ina2xx 2-0043: power monitor ina226 (Rshunt = 5000 uOhm)
[    3.919373] ina2xx 2-0044: power monitor ina226 (Rshunt = 5000 uOhm)
[    3.926399] ina2xx 2-0045: power monitor ina226 (Rshunt = 5000 uOhm)
[    3.933432] ina2xx 2-0046: power monitor ina226 (Rshunt = 5000 uOhm)
[    3.940502] ina2xx 2-0047: power monitor ina226 (Rshunt = 5000 uOhm)
[    3.947533] ina2xx 2-004a: power monitor ina226 (Rshunt = 5000 uOhm)
[    3.954565] ina2xx 2-004b: power monitor ina226 (Rshunt = 5000 uOhm)
[    3.960971] i2c i2c-0: Added multiplexed i2c bus 2
[    3.966356] random: fast init done
[    3.969822] ina2xx 3-0040: power monitor ina226 (Rshunt = 2000 uOhm)
[    3.976856] ina2xx 3-0041: power monitor ina226 (Rshunt = 5000 uOhm)
[    3.983882] ina2xx 3-0042: power monitor ina226 (Rshunt = 5000 uOhm)
[    3.990910] ina2xx 3-0043: power monitor ina226 (Rshunt = 5000 uOhm)
[    3.997939] ina2xx 3-0044: power monitor ina226 (Rshunt = 5000 uOhm)
[    4.004970] ina2xx 3-0045: power monitor ina226 (Rshunt = 5000 uOhm)
[    4.011997] ina2xx 3-0046: power monitor ina226 (Rshunt = 5000 uOhm)
[    4.019032] ina2xx 3-0047: power monitor ina226 (Rshunt = 5000 uOhm)
[    4.025432] i2c i2c-0: Added multiplexed i2c bus 3
[    4.081428] i2c i2c-0: Added multiplexed i2c bus 4
[    4.086363] i2c i2c-0: Added multiplexed i2c bus 5
[    4.091153] pca954x 0-0075: registered 4 multiplexed busses for I2C mux pca9544
[    4.098503] cdns-i2c ff020000.i2c: 400 kHz mmio ff020000 irq 32
[    4.106236] at24 6-0054: supply vcc not found, using dummy regulator
[    4.113127] at24 6-0054: 1024 byte 24c08 EEPROM, writable, 1 bytes/write
[    4.119872] i2c i2c-1: Added multiplexed i2c bus 6
[    4.126294] si5341 7-0036: Chip: 5341 Grade: 1 Rev: 1
[    4.164007] i2c i2c-1: Added multiplexed i2c bus 7
[    4.171663] si570 8-005d: registered, current frequency 300000000 Hz
[    4.178064] i2c i2c-1: Added multiplexed i2c bus 8
[    4.197852] si570 9-005d: registered, current frequency 148500000 Hz
[    4.204250] i2c i2c-1: Added multiplexed i2c bus 9
[    4.209277] si5324 10-0069: si5328 probed
[    4.276035] si5324 10-0069: si5328 probe successful
[    4.280966] i2c i2c-1: Added multiplexed i2c bus 10
[    4.286003] i2c i2c-1: Added multiplexed i2c bus 11
[    4.291029] i2c i2c-1: Added multiplexed i2c bus 12
[    4.296051] i2c i2c-1: Added multiplexed i2c bus 13
[    4.300931] pca954x 1-0074: registered 8 multiplexed busses for I2C switch pca9548
[    4.309042] at24 14-0050: supply vcc not found, using dummy regulator
[    4.315822] at24 14-0050: 256 byte 24c02 EEPROM, writable, 1 bytes/write
[    4.322566] i2c i2c-1: Added multiplexed i2c bus 14
[    4.327607] i2c i2c-1: Added multiplexed i2c bus 15
[    4.332641] i2c i2c-1: Added multiplexed i2c bus 16
[    4.337673] i2c i2c-1: Added multiplexed i2c bus 17
[    4.342708] i2c i2c-1: Added multiplexed i2c bus 18
[    4.347758] i2c i2c-1: Added multiplexed i2c bus 19
[    4.352796] i2c i2c-1: Added multiplexed i2c bus 20
[    4.357835] i2c i2c-1: Added multiplexed i2c bus 21
[    4.362715] pca954x 1-0075: registered 8 multiplexed busses for I2C switch pca9548
[    4.370326] cdns-i2c ff030000.i2c: 400 kHz mmio ff030000 irq 33
[    4.380079] cdns-wdt fd4d0000.watchdog: Xilinx Watchdog Timer with timeout 60s
[    4.389121] axi_adxcvr 84a60000.axi-adxcvr-rx: adxcvr_enforce_settings: Using QPLL without access, assuming desired Lane rate will be configured by a different instance
[    4.405759] axi_adxcvr 84a60000.axi-adxcvr-rx: AXI-ADXCVR-RX (17.05.a) using QPLL on GTH4 at 0x84A60000. Number of lanes: 4.
[    4.417913] axi_adxcvr 84b60000.axi-adxcvr-tx: AXI-ADXCVR-TX (17.05.a) using QPLL on GTH4 at 0x84B60000. Number of lanes: 4.
[    4.421876] mmc0: SDHCI controller on ff170000.mmc [ff170000.mmc] using ADMA 64-bit
[    4.437066] axi-jesd204-rx 84a90000.axi-jesd204-rx: AXI-JESD204-RX (1.07.a) at 0x84A90000. Encoder 8b10b, width 4/4, lanes 4, jesd204-fsm.
[    4.449900] axi-jesd204-tx 84b90000.axi-jesd204-tx: AXI-JESD204-TX (1.06.a) at 0x84B90000. Encoder 8b10b, width 4/4, lanes 4, jesd204-fsm.
[    4.463407] zynqmp-display fd4a0000.display: vtc bridge property not present
[    4.469431] mmc0: new high speed SDHC card at address 0001
[    4.473053] xilinx-dp-snd-codec fd4a0000.display:zynqmp_dp_snd_codec0: Failed to get required clock freq
[    4.476289] mmcblk0: mmc0:0001 EB1QT 29.8 GiB 
[    4.485415] xilinx-dp-snd-codec: probe of fd4a0000.display:zynqmp_dp_snd_codec0 failed with error -22
[    4.491067]  mmcblk0: p1 p2 p3
[    4.499405] xilinx-dp-snd-pcm zynqmp_dp_snd_pcm0: Xilinx DisplayPort Sound PCM probed
[    4.510267] xilinx-dp-snd-pcm zynqmp_dp_snd_pcm1: Xilinx DisplayPort Sound PCM probed
[    4.518479] OF: graph: no port node found in /axi/display@fd4a0000
[    4.524896] xlnx-drm xlnx-drm.0: bound fd4a0000.display (ops 0xffffffc010fcbdb8)
[    5.611684] zynqmp-display fd4a0000.display: [drm] Cannot find any crtc or sizes
[    5.619303] [drm] Initialized xlnx 1.0.0 20130509 for fd4a0000.display on minor 0
[    5.626794] zynqmp-display fd4a0000.display: ZynqMP DisplayPort Subsystem driver probed
[    5.635105] ahci-ceva fd0c0000.ahci: supply ahci not found, using dummy regulator
[    5.642651] ahci-ceva fd0c0000.ahci: supply phy not found, using dummy regulator
[    5.650106] ahci-ceva fd0c0000.ahci: supply target not found, using dummy regulator
[    5.657944] ahci-ceva fd0c0000.ahci: AHCI 0001.0301 32 slots 2 ports 6 Gbps 0x3 impl platform mode
[    5.666900] ahci-ceva fd0c0000.ahci: flags: 64bit ncq sntf pm clo only pmp fbs pio slum part ccc sds apst 
[    5.677596] scsi host0: ahci-ceva
[    5.681187] scsi host1: ahci-ceva
[    5.684618] ata1: SATA max UDMA/133 mmio [mem 0xfd0c0000-0xfd0c1fff] port 0x100 irq 45
[    5.692531] ata2: SATA max UDMA/133 mmio [mem 0xfd0c0000-0xfd0c1fff] port 0x180 irq 45
[    5.701130] ad9081 spi1.0: supply vdd not found, using dummy regulator
[    6.013890] ata1: SATA link down (SStatus 0 SControl 330)
[    6.019294] ata2: SATA link down (SStatus 0 SControl 330)
[    6.695686] zynqmp-display fd4a0000.display: [drm] Cannot find any crtc or sizes
[    7.488441] ad9081 spi1.0: AD9081 Rev. 2 Grade 10 (API 1.2.2) probed
[    7.495633] xhci-hcd xhci-hcd.1.auto: xHCI Host Controller
[    7.501124] xhci-hcd xhci-hcd.1.auto: new USB bus registered, assigned bus number 1
[    7.508872] xhci-hcd xhci-hcd.1.auto: hcc params 0x0238f625 hci version 0x100 quirks 0x0000000002010810
[    7.518284] xhci-hcd xhci-hcd.1.auto: irq 59, io mem 0xfe200000
[    7.524390] usb usb1: New USB device found, idVendor=1d6b, idProduct=0002, bcdDevice= 5.10
[    7.532650] usb usb1: New USB device strings: Mfr=3, Product=2, SerialNumber=1
[    7.539867] usb usb1: Product: xHCI Host Controller
[    7.544736] usb usb1: Manufacturer: Linux 5.10.0-98103-g2aa7ac113716 xhci-hcd
[    7.551862] usb usb1: SerialNumber: xhci-hcd.1.auto
[    7.557029] hub 1-0:1.0: USB hub found
[    7.560793] hub 1-0:1.0: 1 port detected
[    7.564892] xhci-hcd xhci-hcd.1.auto: xHCI Host Controller
[    7.570376] xhci-hcd xhci-hcd.1.auto: new USB bus registered, assigned bus number 2
[    7.578030] xhci-hcd xhci-hcd.1.auto: Host supports USB 3.0 SuperSpeed
[    7.584655] usb usb2: New USB device found, idVendor=1d6b, idProduct=0003, bcdDevice= 5.10
[    7.592915] usb usb2: New USB device strings: Mfr=3, Product=2, SerialNumber=1
[    7.600138] usb usb2: Product: xHCI Host Controller
[    7.605011] usb usb2: Manufacturer: Linux 5.10.0-98103-g2aa7ac113716 xhci-hcd
[    7.612137] usb usb2: SerialNumber: xhci-hcd.1.auto
[    7.617248] hub 2-0:1.0: USB hub found
[    7.621009] hub 2-0:1.0: 1 port detected
[    7.651101] cf_axi_adc 84a10000.axi-ad9081-rx-hpc: ADI AIM (10.01.b) at 0x84A10000 mapped to 0x(____ptrval____), probed ADC AD9081 as MASTER
[    7.684518] cf_axi_dds 84b10000.axi-ad9081-tx-hpc: Analog Devices CF_AXI_DDS_DDS MASTER (9.01.b) at 0x84B10000 mapped to 0x(____ptrval____), probed DDS AD9081
[    7.698719] jesd204: /axi/spi@ff040000/ad9081@0,jesd204:0,parent=spi1.0: JESD204[2] transition initialized -> probed
[    7.709241] jesd204: /axi/spi@ff040000/ad9081@0,jesd204:0,parent=spi1.0: JESD204[0] transition initialized -> probed
[    7.719763] jesd204: /axi/spi@ff040000/ad9081@0,jesd204:0,parent=spi1.0: JESD204[2] transition probed -> idle
[    7.729672] jesd204: /axi/spi@ff040000/ad9081@0,jesd204:0,parent=spi1.0: JESD204[0] transition probed -> idle
[    7.739586] jesd204: /axi/spi@ff040000/ad9081@0,jesd204:0,parent=spi1.0: JESD204[2] transition idle -> device_init
[    7.749929] jesd204: /axi/spi@ff040000/ad9081@0,jesd204:0,parent=spi1.0: JESD204[0] transition idle -> device_init
[    7.760281] jesd204: /axi/spi@ff040000/ad9081@0,jesd204:0,parent=spi1.0: JESD204[2] transition device_init -> link_init
[    7.771056] jesd204: /axi/spi@ff040000/ad9081@0,jesd204:0,parent=spi1.0: JESD204[0] transition device_init -> link_init
[    7.781846] jesd204: /axi/spi@ff040000/ad9081@0,jesd204:0,parent=spi1.0: JESD204[2] transition link_init -> link_supported
[    7.792886] jesd204: /axi/spi@ff040000/ad9081@0,jesd204:0,parent=spi1.0: JESD204[0] transition link_init -> link_supported
[    7.804303] hmc7044 spi2.0: hmc7044_jesd204_link_pre_setup: Link2 forcing continuous SYSREF mode
[    7.813419] jesd204: /axi/spi@ff040000/ad9081@0,jesd204:0,parent=spi1.0: JESD204[2] transition link_supported -> link_pre_setup
[    7.824892] jesd204: /axi/spi@ff040000/ad9081@0,jesd204:0,parent=spi1.0: JESD204[0] transition link_supported -> link_pre_setup
[    7.848735] jesd204: /axi/spi@ff040000/ad9081@0,jesd204:0,parent=spi1.0: JESD204[2] transition link_pre_setup -> clk_sync_stage1
[    7.860297] jesd204: /axi/spi@ff040000/ad9081@0,jesd204:0,parent=spi1.0: JESD204[0] transition link_pre_setup -> clk_sync_stage1
[    7.871861] jesd204: /axi/spi@ff040000/ad9081@0,jesd204:0,parent=spi1.0: JESD204[2] transition clk_sync_stage1 -> clk_sync_stage2
[    7.883505] jesd204: /axi/spi@ff040000/ad9081@0,jesd204:0,parent=spi1.0: JESD204[0] transition clk_sync_stage1 -> clk_sync_stage2
[    7.895158] jesd204: /axi/spi@ff040000/ad9081@0,jesd204:0,parent=spi1.0: JESD204[2] transition clk_sync_stage2 -> clk_sync_stage3
[    7.906807] jesd204: /axi/spi@ff040000/ad9081@0,jesd204:0,parent=spi1.0: JESD204[0] transition clk_sync_stage2 -> clk_sync_stage3
[    7.920473] jesd204: /axi/spi@ff040000/ad9081@0,jesd204:0,parent=spi1.0: JESD204[2] transition clk_sync_stage3 -> link_setup
[    7.931692] jesd204: /axi/spi@ff040000/ad9081@0,jesd204:0,parent=spi1.0: JESD204[0] transition clk_sync_stage3 -> link_setup
[    7.947685] jesd204: /axi/spi@ff040000/ad9081@0,jesd204:0,parent=spi1.0: JESD204[2] transition link_setup -> opt_setup_stage1
[    7.958989] jesd204: /axi/spi@ff040000/ad9081@0,jesd204:0,parent=spi1.0: JESD204[0] transition link_setup -> opt_setup_stage1
[    7.975318] jesd204: /axi/spi@ff040000/ad9081@0,jesd204:0,parent=spi1.0: JESD204[2] transition opt_setup_stage1 -> opt_setup_stage2
[    7.987138] jesd204: /axi/spi@ff040000/ad9081@0,jesd204:0,parent=spi1.0: JESD204[0] transition opt_setup_stage1 -> opt_setup_stage2
[    7.999111] jesd204: /axi/spi@ff040000/ad9081@0,jesd204:0,parent=spi1.0: JESD204[2] transition opt_setup_stage2 -> opt_setup_stage3
[    8.010930] jesd204: /axi/spi@ff040000/ad9081@0,jesd204:0,parent=spi1.0: JESD204[0] transition opt_setup_stage2 -> opt_setup_stage3
[    8.022753] jesd204: /axi/spi@ff040000/ad9081@0,jesd204:0,parent=spi1.0: JESD204[2] transition opt_setup_stage3 -> opt_setup_stage4
[    8.034573] jesd204: /axi/spi@ff040000/ad9081@0,jesd204:0,parent=spi1.0: JESD204[0] transition opt_setup_stage3 -> opt_setup_stage4
[    8.046401] jesd204: /axi/spi@ff040000/ad9081@0,jesd204:0,parent=spi1.0: JESD204[2] transition opt_setup_stage4 -> opt_setup_stage5
[    8.058230] jesd204: /axi/spi@ff040000/ad9081@0,jesd204:0,parent=spi1.0: JESD204[0] transition opt_setup_stage4 -> opt_setup_stage5
[    8.076171] jesd204: /axi/spi@ff040000/ad9081@0,jesd204:0,parent=spi1.0: JESD204[2] transition opt_setup_stage5 -> clocks_enable
[    8.087730] jesd204: /axi/spi@ff040000/ad9081@0,jesd204:0,parent=spi1.0: JESD204[0] transition opt_setup_stage5 -> clocks_enable
[    8.099350] jesd204: /axi/spi@ff040000/ad9081@0,jesd204:0,parent=spi1.0: JESD204[2] transition clocks_enable -> link_enable
[    8.110480] jesd204: /axi/spi@ff040000/ad9081@0,jesd204:0,parent=spi1.0: JESD204[0] transition clocks_enable -> link_enable
[    8.143910] ad9081 spi1.0: JESD RX (JTX) Link2 in DATA, SYNC deasserted, PLL locked, PHASE established, MODE valid
[    8.154511] ad9081 spi1.0: JESD TX (JRX) Link0 0xF lanes in DATA
[    8.160521] jesd204: /axi/spi@ff040000/ad9081@0,jesd204:0,parent=spi1.0: JESD204[2] transition link_enable -> link_running
[    8.171560] jesd204: /axi/spi@ff040000/ad9081@0,jesd204:0,parent=spi1.0: JESD204[0] transition link_enable -> link_running
[    8.182608] jesd204: /axi/spi@ff040000/ad9081@0,jesd204:0,parent=spi1.0: JESD204[2] transition link_running -> opt_post_running_stage
[    8.194606] jesd204: /axi/spi@ff040000/ad9081@0,jesd204:0,parent=spi1.0: JESD204[0] transition link_running -> opt_post_running_stage
[    8.215839] input: gpio-keys as /devices/platform/gpio-keys/input/input0
[    8.222849] of_cfs_init
[    8.225314] of_cfs_init: OK
[    8.228254] cfg80211: Loading compiled-in X.509 certificates for regulatory database
[    8.366365] cfg80211: Loaded X.509 cert 'sforshee: 00b28ddf47aef9cea7'
[    8.372897] clk: Not disabling unused clocks
[    8.377428] ALSA device list:
[    8.380386]   No soundcards found.
[    8.384063] platform regulatory.0: Direct firmware load for regulatory.db failed with error -2
[    8.392672] cfg80211: failed to load regulatory.db
[    8.394488] EXT4-fs (mmcblk0p2): mounted filesystem with ordered data mode. Opts: (null)
[    8.405576] VFS: Mounted root (ext4 filesystem) on device 179:2.
[    8.418713] devtmpfs: mounted
[    8.422524] Freeing unused kernel memory: 2560K
[    8.439718] Run /sbin/init as init process
[    8.443808]   with arguments:
[    8.443811]     /sbin/init
[    8.443813]   with environment:
[    8.443815]     HOME=/
[    8.443817]     TERM=linux
[    9.007517] systemd[1]: systemd 241 running in system mode. (+PAM +AUDIT +SELINUX +IMA +APPARMOR +SMACK +SYSVINIT +UTMP +LIBCRYPTSETUP +GCRYPT +GNUTLS +ACL +XZ +LZ4 +SECCOMP +BLKID +ELFUTILS +KMOD -IDN2 +IDN -PCRE2 default-hierarchy=hybrid)
[    9.029383] systemd[1]: Detected architecture arm64.
[    9.052375] systemd[1]: Set hostname to <analog>.
[    9.237958] systemd[1]: File /lib/systemd/system/systemd-journald.service:12 configures an IP firewall (IPAddressDeny=any), but the local system does not support BPF/cgroup based firewalling.
[    9.255022] systemd[1]: Proceeding WITHOUT firewalling in effect! (This warning is only shown for the first loaded unit using IP firewalling.)
[    9.418167] systemd[1]: /etc/systemd/system/tof-server.service:1: Assignment outside of section. Ignoring.
[    9.427889] systemd[1]: /etc/systemd/system/tof-server.service:2: Assignment outside of section. Ignoring.
[    9.610999] random: systemd: uninitialized urandom read (16 bytes read)
[    9.626072] random: systemd: uninitialized urandom read (16 bytes read)
[    9.632957] systemd[1]: Listening on Journal Audit Socket.
[    9.655790] random: systemd: uninitialized urandom read (16 bytes read)
[    9.663001] systemd[1]: Created slice system-systemd\x2dfsck.slice.
[    9.683973] systemd[1]: Listening on udev Kernel Socket.
[   10.273754] ------------[ cut here ]------------
[   10.273763] Enabling unprepared \xa0\xd9S\x88\xff\xff\xffPS\x88\xff\xff\xff
[   10.273807] WARNING: CPU: 1 PID: 143 at drivers/clk/clk.c:1012 clk_core_enable+0xa4/0xc0
[   10.273810] Modules linked in:
[   10.273821] CPU: 1 PID: 143 Comm: kworker/1:1H Not tainted 5.10.0-98103-g2aa7ac113716 #5577
[   10.273823] Hardware name: ZynqMP ZCU102 Rev1.0 (DT)
[   10.273833] Workqueue: kblockd blk_mq_run_work_fn
[   10.273840] pstate: 80000085 (Nzcv daIf -PAN -UAO -TCO BTYPE=--)
[   10.273846] pc : clk_core_enable+0xa4/0xc0
[   10.273851] lr : clk_core_enable+0xa4/0xc0
[   10.273854] sp : ffffffc012b5b2d0
[   10.273857] x29: ffffffc012b5b2d0 x28: ffffff8800330c10 
[   10.273864] x27: ffffff8800330d48 x26: 0000005000000101 
[   10.273871] x25: 000000025e6c58bc x24: 0000000000000001 
[   10.273877] x23: ffffff880110bb80 x22: ffffff8801083220 
[   10.273884] x21: ffffff8801535000 x20: ffffff8801535008 
[   10.273890] x19: ffffff8801535008 x18: 0000000000000030 
[   10.273897] x17: 0000000000000002 x16: 0000b282be665248 
[   10.273903] x15: ffffffffffff8710 x14: ffffffc011d3b1a0 
[   10.273910] x13: ffffffc011d3b1c8 x12: 00000000000005e8 
[   10.273916] x11: 00000000000001f8 x10: ffffffc011d671c8 
[   10.273922] x9 : 00000000fffff800 x8 : ffffffc011d3b1c8 
[   10.273929] x7 : ffffffc011d671c8 x6 : 0000000000000001 
[   10.273936] x5 : ffffff887f77c9e0 x4 : 0000000000000000 
[   10.273942] x3 : 0000000000000027 x2 : 0000000000000023 
[   10.273948] x1 : 700d3f22a40ef600 x0 : 0000000000000000 
[   10.273955] Call trace:
[   10.273961]  clk_core_enable+0xa4/0xc0
[   10.273966]  clk_enable+0x2c/0x60
[   10.273972]  zynqmp_runtime_resume+0x24/0x84
[   10.273979]  pm_generic_runtime_resume+0x30/0x50
[   10.273985]  __genpd_runtime_resume+0x30/0xb0
[   10.273991]  genpd_runtime_resume+0x90/0x250
[   10.273997]  __rpm_callback+0x10c/0x1e0
[   10.274002]  rpm_callback+0x5c/0x84
[   10.274007]  rpm_resume+0x4a4/0x74c
[   10.274012]  __pm_runtime_resume+0x78/0xc4
[   10.274016]  spi_mem_access_start.isra.0+0x30/0x80
[   10.274020]  spi_mem_exec_op+0x3b0/0x424
[   10.274026]  spi_nor_read_sr+0x78/0xe0
[   10.274030]  spi_nor_wait_till_ready_with_timeout+0xb4/0x2f0
[   10.274035]  spi_nor_read+0x188/0x380
[   10.274040]  mtd_read_oob_std+0x78/0x84
[   10.274044]  mtd_read_oob+0x7c/0x134
[   10.274049]  mtd_read+0x48/0x7c
[   10.274055]  mtdblock_readsect+0x6c/0x150
[   10.274059]  mtd_queue_rq+0x2cc/0x5a0
[   10.274065]  blk_mq_dispatch_rq_list+0x110/0x790
[   10.274071]  __blk_mq_do_dispatch_sched+0x200/0x274
[   10.274077]  __blk_mq_sched_dispatch_requests+0x1a8/0x1fc
[   10.274083]  blk_mq_sched_dispatch_requests+0x3c/0x7c
[   10.274087]  __blk_mq_run_hw_queue+0x98/0x100
[   10.274092]  blk_mq_run_work_fn+0x24/0x30
[   10.274098]  process_one_work+0x1d4/0x380
[   10.274102]  worker_thread+0x78/0x4e0
[   10.274107]  kthread+0x124/0x130
[   10.274113]  ret_from_fork+0x10/0x3c
[   10.274116] ---[ end trace 3717f218bf1cd333 ]---
[   10.274124] zynqmp-qspi ff0f0000.spi: Cannot enable APB clock.
[   10.274173] spi_master spi0: Failed to power device: -108
[   10.274182] blk_update_request: I/O error, dev mtdblock0, sector 8 op 0x0:(READ) flags 0x80700 phys_seg 1 prio class 0
[   10.274252] spi_master spi0: Failed to power device: -22
[   10.274259] blk_update_request: I/O error, dev mtdblock0, sector 8 op 0x0:(READ) flags 0x0 phys_seg 8 prio class 0
[   10.274264] Buffer I/O error on dev mtdblock0, logical block 8, async page read
[   10.274274] spi_master spi0: Failed to power device: -22
[   10.274279] blk_update_request: I/O error, dev mtdblock0, sector 9 op 0x0:(READ) flags 0x0 phys_seg 7 prio class 0
[   10.274283] Buffer I/O error on dev mtdblock0, logical block 9, async page read
[   10.274290] spi_master spi0: Failed to power device: -22
[   10.274296] blk_update_request: I/O error, dev mtdblock0, sector 10 op 0x0:(READ) flags 0x0 phys_seg 6 prio class 0
[   10.274300] Buffer I/O error on dev mtdblock0, logical block 10, async page read
[   10.274307] spi_master spi0: Failed to power device: -22
[   10.274313] blk_update_request: I/O error, dev mtdblock0, sector 11 op 0x0:(READ) flags 0x0 phys_seg 5 prio class 0
[   10.274316] Buffer I/O error on dev mtdblock0, logical block 11, async page read
[   10.274323] spi_master spi0: Failed to power device: -22
[   10.274329] blk_update_request: I/O error, dev mtdblock0, sector 12 op 0x0:(READ) flags 0x0 phys_seg 4 prio class 0
[   10.274332] Buffer I/O error on dev mtdblock0, logical block 12, async page read
[   10.274339] spi_master spi0: Failed to power device: -22
[   10.274345] blk_update_request: I/O error, dev mtdblock0, sector 13 op 0x0:(READ) flags 0x0 phys_seg 3 prio class 0
[   10.274349] Buffer I/O error on dev mtdblock0, logical block 13, async page read
[   10.274356] spi_master spi0: Failed to power device: -22
[   10.274361] blk_update_request: I/O error, dev mtdblock0, sector 14 op 0x0:(READ) flags 0x0 phys_seg 2 prio class 0
[   10.274365] Buffer I/O error on dev mtdblock0, logical block 14, async page read
[   10.274371] spi_master spi0: Failed to power device: -22
[   10.274377] blk_update_request: I/O error, dev mtdblock0, sector 15 op 0x0:(READ) flags 0x0 phys_seg 1 prio class 0
[   10.274381] Buffer I/O error on dev mtdblock0, logical block 15, async page read
[   10.274685] spi_master spi0: Failed to power device: -22
[   10.274692] blk_update_request: I/O error, dev mtdblock1, sector 10112 op 0x0:(READ) flags 0x80700 phys_seg 1 prio class 0
[   10.274735] spi_master spi0: Failed to power device: -22
[   10.274741] Buffer I/O error on dev mtdblock1, logical block 10112, async page read
[   10.274749] spi_master spi0: Failed to power device: -22
[   10.274754] Buffer I/O error on dev mtdblock1, logical block 10113, async page read
[   10.274761] spi_master spi0: Failed to power device: -22
[   10.274768] spi_master spi0: Failed to power device: -22
[   10.274775] spi_master spi0: Failed to power device: -22
[   10.274783] spi_master spi0: Failed to power device: -22
[   10.274790] spi_master spi0: Failed to power device: -22
[   10.274797] spi_master spi0: Failed to power device: -22
[   10.275054] spi_master spi0: Failed to power device: -22
[   10.275097] spi_master spi0: Failed to power device: -22
[   10.275106] spi_master spi0: Failed to power device: -22
[   10.275114] spi_master spi0: Failed to power device: -22
[   10.275121] spi_master spi0: Failed to power device: -22
[   10.275129] spi_master spi0: Failed to power device: -22
[   10.275136] spi_master spi0: Failed to power device: -22
[   10.275143] spi_master spi0: Failed to power device: -22
[   10.275150] spi_master spi0: Failed to power device: -22
[   10.275408] spi_master spi0: Failed to power device: -22
[   10.275452] spi_master spi0: Failed to power device: -22
[   10.275461] spi_master spi0: Failed to power device: -22
[   10.275469] spi_master spi0: Failed to power device: -22
[   10.275476] spi_master spi0: Failed to power device: -22
[   10.275484] spi_master spi0: Failed to power device: -22
[   10.275491] spi_master spi0: Failed to power device: -22
[   10.275498] spi_master spi0: Failed to power device: -22
[   10.275505] spi_master spi0: Failed to power device: -22
[   10.398552] EXT4-fs (mmcblk0p2): re-mounted. Opts: (null)
[   10.528453] systemd-journald[167]: Received request to flush runtime journal from PID 1
[   16.411061] macb ff0e0000.ethernet eth0: PHY [ff0e0000.ethernet-ffffffff:0c] driver [TI DP83867] (irq=POLL)
[   16.411074] macb ff0e0000.ethernet eth0: configuring for phy/rgmii-id link mode
[   16.703715] Adding 102396k swap on /var/swap.  Priority:-2 extents:4 across:9953604k SS
[   18.355693] random: crng init done
[   18.355703] random: 7 urandom warning(s) missed due to ratelimiting
[   19.254860] broken atomic modeset userspace detected, disabling atomic
[   19.489285] macb ff0e0000.ethernet eth0: Link is Up - 1Gbps/Full - flow control off
[   19.489309] IPv6: ADDRCONF(NETDEV_CHANGE): eth0: link becomes ready
[   21.924305] broken atomic modeset userspace detected, disabling atomic
[   24.833950] broken atomic modeset userspace detected, disabling atomic