[    0.000000] Booting Linux on physical CPU 0x0000000000 [0x410fd034]
[    0.000000] Linux version 5.10.0-98103-g2aa7ac113716 (jenkins@romlxbuild1.adlk.analog.com) (aarch64-xilinx-linux-gcc.real (GCC) 10.2.0, GNU ld (GNU Binutils) 2.35.0.20200730) #5577 SMP Wed Mar 23 07:28:49 GMT 2022
[    0.000000] Machine model: ZynqMP ZCU102 Rev1.0
[    0.000000] earlycon: cdns0 at MMIO 0x00000000ff000000 (options '115200n8')
[    0.000000] printk: bootconsole [cdns0] enabled
[    0.000000] efi: UEFI not found.
[    0.000000] cma: Reserved 256 MiB at 0x0000000070000000
[    0.000000] Zone ranges:
[    0.000000]   DMA      [mem 0x0000000000000000-0x000000003fffffff]
[    0.000000]   DMA32    [mem 0x0000000040000000-0x00000000ffffffff]
[    0.000000]   Normal   [mem 0x0000000100000000-0x000000087fffffff]
[    0.000000] Movable zone start for each node
[    0.000000] Early memory node ranges
[    0.000000]   node   0: [mem 0x0000000000000000-0x000000007fffffff]
[    0.000000]   node   0: [mem 0x0000000800000000-0x000000087fffffff]
[    0.000000] Initmem setup node 0 [mem 0x0000000000000000-0x000000087fffffff]
[    0.000000] On node 0 totalpages: 1048576
[    0.000000]   DMA zone: 3584 pages used for memmap
[    0.000000]   DMA zone: 0 pages reserved
[    0.000000]   DMA zone: 262144 pages, LIFO batch:63
[    0.000000]   DMA32 zone: 3584 pages used for memmap
[    0.000000]   DMA32 zone: 262144 pages, LIFO batch:63
[    0.000000]   Normal zone: 7168 pages used for memmap
[    0.000000]   Normal zone: 524288 pages, LIFO batch:63
[    0.000000] psci: probing for conduit method from DT.
[    0.000000] psci: PSCIv1.1 detected in firmware.
[    0.000000] psci: Using standard PSCI v0.2 function IDs
[    0.000000] psci: MIGRATE_INFO_TYPE not supported.
[    0.000000] psci: SMC Calling Convention v1.2
[    0.000000] percpu: Embedded 22 pages/cpu s49496 r8192 d32424 u90112
[    0.000000] pcpu-alloc: s49496 r8192 d32424 u90112 alloc=22*4096
[    0.000000] pcpu-alloc: [0] 0 [0] 1 [0] 2 [0] 3 
[    0.000000] Detected VIPT I-cache on CPU0
[    0.000000] CPU features: detected: ARM erratum 845719
[    0.000000] Built 1 zonelists, mobility grouping on.  Total pages: 1034240
[    0.000000] Kernel command line: console=ttyPS0,115200 root=/dev/mmcblk0p2 rw earlycon rootfstype=ext4 rootwait clk_ignore_unused cpuidle.off=1 root=/dev/mmcblk0p2 rw rootwait
[    0.000000] Dentry cache hash table entries: 524288 (order: 10, 4194304 bytes, linear)
[    0.000000] Inode-cache hash table entries: 262144 (order: 9, 2097152 bytes, linear)
[    0.000000] mem auto-init: stack:off, heap alloc:off, heap free:off
[    0.000000] software IO TLB: mapped [mem 0x000000003bfff000-0x000000003ffff000] (64MB)
[    0.000000] Memory: 3761904K/4194304K available (15296K kernel code, 1636K rwdata, 11876K rodata, 2560K init, 507K bss, 170256K reserved, 262144K cma-reserved)
[    0.000000] rcu: Hierarchical RCU implementation.
[    0.000000] rcu: 	RCU event tracing is enabled.
[    0.000000] rcu: 	RCU restricting CPUs from NR_CPUS=8 to nr_cpu_ids=4.
[    0.000000] rcu: RCU calculated value of scheduler-enlistment delay is 25 jiffies.
[    0.000000] rcu: Adjusting geometry for rcu_fanout_leaf=16, nr_cpu_ids=4
[    0.000000] NR_IRQS: 64, nr_irqs: 64, preallocated irqs: 0
[    0.000000] GIC: Adjusting CPU interface base to 0x00000000f902f000
[    0.000000] GIC: Using split EOI/Deactivate mode
[    0.000000] random: get_random_bytes called from start_kernel+0x31c/0x54c with crng_init=0
[    0.000000] arch_timer: cp15 timer(s) running at 100.00MHz (phys).
[    0.000000] clocksource: arch_sys_counter: mask: 0xffffffffffffff max_cycles: 0x171024e7e0, max_idle_ns: 440795205315 ns
[    0.000003] sched_clock: 56 bits at 100MHz, resolution 10ns, wraps every 4398046511100ns
[    0.008462] Console: colour dummy device 80x25
[    0.012483] Calibrating delay loop (skipped), value calculated using timer frequency.. 200.00 BogoMIPS (lpj=400000)
[    0.022840] pid_max: default: 32768 minimum: 301
[    0.027549] Mount-cache hash table entries: 8192 (order: 4, 65536 bytes, linear)
[    0.034788] Mountpoint-cache hash table entries: 8192 (order: 4, 65536 bytes, linear)
[    0.043397] rcu: Hierarchical SRCU implementation.
[    0.047561] EFI services will not be available.
[    0.051938] smp: Bringing up secondary CPUs ...
[    0.056657] Detected VIPT I-cache on CPU1
[    0.056697] CPU1: Booted secondary processor 0x0000000001 [0x410fd034]
[    0.057061] Detected VIPT I-cache on CPU2
[    0.057086] CPU2: Booted secondary processor 0x0000000002 [0x410fd034]
[    0.057426] Detected VIPT I-cache on CPU3
[    0.057449] CPU3: Booted secondary processor 0x0000000003 [0x410fd034]
[    0.057495] smp: Brought up 1 node, 4 CPUs
[    0.091779] SMP: Total of 4 processors activated.
[    0.096452] CPU features: detected: 32-bit EL0 Support
[    0.101555] CPU features: detected: CRC32 instructions
[    0.106695] CPU: All CPU(s) started at EL2
[    0.110737] alternatives: patching kernel code
[    0.116166] devtmpfs: initialized
[    0.124057] Registered cp15_barrier emulation handler
[    0.124107] Registered setend emulation handler
[    0.128083] clocksource: jiffies: mask: 0xffffffff max_cycles: 0xffffffff, max_idle_ns: 7645041785100000 ns
[    0.137661] futex hash table entries: 1024 (order: 4, 65536 bytes, linear)
[    0.151028] pinctrl core: initialized pinctrl subsystem
[    0.151673] NET: Registered protocol family 16
[    0.156094] DMA: preallocated 512 KiB GFP_KERNEL pool for atomic allocations
[    0.162108] DMA: preallocated 512 KiB GFP_KERNEL|GFP_DMA pool for atomic allocations
[    0.169835] DMA: preallocated 512 KiB GFP_KERNEL|GFP_DMA32 pool for atomic allocations
[    0.177636] audit: initializing netlink subsys (disabled)
[    0.183086] audit: type=2000 audit(0.116:1): state=initialized audit_enabled=0 res=1
[    0.183430] hw-breakpoint: found 6 breakpoint and 4 watchpoint registers.
[    0.197464] ASID allocator initialised with 65536 entries
[    0.224305] HugeTLB registered 1.00 GiB page size, pre-allocated 0 pages
[    0.225360] HugeTLB registered 32.0 MiB page size, pre-allocated 0 pages
[    0.232031] HugeTLB registered 2.00 MiB page size, pre-allocated 0 pages
[    0.238690] HugeTLB registered 64.0 KiB page size, pre-allocated 0 pages
[    1.304257] DRBG: Continuing without Jitter RNG
[    1.382089] raid6: neonx8   gen()  2141 MB/s
[    1.450131] raid6: neonx8   xor()  1600 MB/s
[    1.518194] raid6: neonx4   gen()  2198 MB/s
[    1.586237] raid6: neonx4   xor()  1564 MB/s
[    1.654300] raid6: neonx2   gen()  2075 MB/s
[    1.722349] raid6: neonx2   xor()  1439 MB/s
[    1.790423] raid6: neonx1   gen()  1772 MB/s
[    1.858465] raid6: neonx1   xor()  1220 MB/s
[    1.926522] raid6: int64x8  gen()  1438 MB/s
[    1.994579] raid6: int64x8  xor()   771 MB/s
[    2.062652] raid6: int64x4  gen()  1598 MB/s
[    2.130706] raid6: int64x4  xor()   817 MB/s
[    2.198769] raid6: int64x2  gen()  1397 MB/s
[    2.266816] raid6: int64x2  xor()   750 MB/s
[    2.334894] raid6: int64x1  gen()  1033 MB/s
[    2.402954] raid6: int64x1  xor()   517 MB/s
[    2.402992] raid6: using algorithm neonx4 gen() 2198 MB/s
[    2.406944] raid6: .... xor() 1564 MB/s, rmw enabled
[    2.411874] raid6: using neon recovery algorithm
[    2.416885] iommu: Default domain type: Translated 
[    2.421501] SCSI subsystem initialized
[    2.425043] libata version 3.00 loaded.
[    2.425168] usbcore: registered new interface driver usbfs
[    2.430500] usbcore: registered new interface driver hub
[    2.435777] usbcore: registered new device driver usb
[    2.440903] mc: Linux media interface: v0.10
[    2.445021] videodev: Linux video capture interface: v2.00
[    2.450512] EDAC MC: Ver: 3.0.0
[    2.453931] zynqmp-ipi-mbox mailbox@ff990400: Registered ZynqMP IPI mbox with TX/RX channels.
[    2.462450] jesd204: created con: id=0, topo=0, link=0, /axi/spi@ff050000/hmc7044@0 <-> /fpga-axi@0/axi-adxcvr-tx@84b60000
[    2.473043] jesd204: created con: id=1, topo=0, link=2, /axi/spi@ff050000/hmc7044@0 <-> /fpga-axi@0/axi-adxcvr-rx@84a60000
[    2.484025] jesd204: created con: id=2, topo=0, link=0, /fpga-axi@0/axi-adxcvr-tx@84b60000 <-> /fpga-axi@0/axi-jesd204-tx@84b90000
[    2.495704] jesd204: created con: id=3, topo=0, link=2, /fpga-axi@0/axi-adxcvr-rx@84a60000 <-> /fpga-axi@0/axi-jesd204-rx@84a90000
[    2.507380] jesd204: created con: id=4, topo=0, link=0, /fpga-axi@0/axi-jesd204-tx@84b90000 <-> /fpga-axi@0/axi-ad9081-tx-hpc@84b10000
[    2.519407] jesd204: created con: id=5, topo=0, link=2, /fpga-axi@0/axi-jesd204-rx@84a90000 <-> /fpga-axi@0/axi-ad9081-rx-hpc@84a10000
[    2.531430] jesd204: created con: id=6, topo=0, link=2, /fpga-axi@0/axi-ad9081-rx-hpc@84a10000 <-> /axi/spi@ff040000/ad9081@0
[    2.542671] jesd204: created con: id=7, topo=0, link=0, /fpga-axi@0/axi-ad9081-tx-hpc@84b10000 <-> /axi/spi@ff040000/ad9081@0
[    2.553921] jesd204: /axi/spi@ff040000/ad9081@0: JESD204[2] transition uninitialized -> initialized
[    2.562908] jesd204: /axi/spi@ff040000/ad9081@0: JESD204[0] transition uninitialized -> initialized
[    2.571899] jesd204: found 8 devices and 1 topologies
[    2.576942] FPGA manager framework
[    2.580419] Advanced Linux Sound Architecture Driver Initialized.
[    2.586716] Bluetooth: Core ver 2.22
[    2.589902] NET: Registered protocol family 31
[    2.594303] Bluetooth: HCI device and connection manager initialized
[    2.600620] Bluetooth: HCI socket layer initialized
[    2.605463] Bluetooth: L2CAP socket layer initialized
[    2.610486] Bluetooth: SCO socket layer initialized
[    2.615682] clocksource: Switched to clocksource arch_sys_counter
[    2.621476] VFS: Disk quotas dquot_6.6.0
[    2.625315] VFS: Dquot-cache hash table entries: 512 (order 0, 4096 bytes)
[    2.636040] NET: Registered protocol family 2
[    2.636758] tcp_listen_portaddr_hash hash table entries: 2048 (order: 3, 32768 bytes, linear)
[    2.644954] TCP established hash table entries: 32768 (order: 6, 262144 bytes, linear)
[    2.652978] TCP bind hash table entries: 32768 (order: 7, 524288 bytes, linear)
[    2.660424] TCP: Hash tables configured (established 32768 bind 32768)
[    2.666601] UDP hash table entries: 2048 (order: 4, 65536 bytes, linear)
[    2.673266] UDP-Lite hash table entries: 2048 (order: 4, 65536 bytes, linear)
[    2.680426] NET: Registered protocol family 1
[    2.684888] RPC: Registered named UNIX socket transport module.
[    2.690501] RPC: Registered udp transport module.
[    2.695167] RPC: Registered tcp transport module.
[    2.699835] RPC: Registered tcp NFSv4.1 backchannel transport module.
[    2.706822] PCI: CLS 0 bytes, default 64
[    2.710543] hw perfevents: no interrupt-affinity property for /pmu, guessing.
[    2.717386] hw perfevents: enabled with armv8_pmuv3 PMU driver, 7 counters available
[    2.725738] Initialise system trusted keyrings
[    2.729420] workingset: timestamp_bits=62 max_order=20 bucket_order=0
[    2.736317] NFS: Registering the id_resolver key type
[    2.740765] Key type id_resolver registered
[    2.744902] Key type id_legacy registered
[    2.748895] nfs4filelayout_init: NFSv4 File Layout Driver Registering...
[    2.755557] jffs2: version 2.2. (NAND) (SUMMARY)  Â© 2001-2006 Red Hat, Inc.
[    2.799230] NET: Registered protocol family 38
[    2.799272] xor: measuring software checksum speed
[    2.806963]    8regs           :  2363 MB/sec
[    2.810631]    32regs          :  2799 MB/sec
[    2.815574]    arm64_neon      :  2380 MB/sec
[    2.815768] xor: using function: 32regs (2799 MB/sec)
[    2.820790] Key type asymmetric registered
[    2.824851] Asymmetric key parser 'x509' registered
[    2.829715] Block layer SCSI generic (bsg) driver version 0.4 loaded (major 248)
[    2.837050] io scheduler mq-deadline registered
[    2.841546] io scheduler kyber registered
[    2.870934] Serial: 8250/16550 driver, 4 ports, IRQ sharing disabled
[    2.875580] cacheinfo: Unable to detect cache hierarchy for CPU 0
[    2.881935] brd: module loaded
[    2.886069] loop: module loaded
[    2.886617] Registered mathworks_ip class
[    2.889966] libphy: Fixed MDIO Bus: probed
[    2.892921] tun: Universal TUN/TAP device driver, 1.6
[    2.896983] CAN device driver interface
[    2.901521] usbcore: registered new interface driver asix
[    2.906114] usbcore: registered new interface driver ax88179_178a
[    2.912151] usbcore: registered new interface driver cdc_ether
[    2.917943] usbcore: registered new interface driver net1080
[    2.923568] usbcore: registered new interface driver cdc_subset
[    2.929449] usbcore: registered new interface driver zaurus
[    2.934996] usbcore: registered new interface driver cdc_ncm
[    2.941398] ehci_hcd: USB 2.0 'Enhanced' Host Controller (EHCI) Driver
[    2.947079] ehci-pci: EHCI PCI platform driver
[    2.951886] usbcore: registered new interface driver uas
[    2.956799] usbcore: registered new interface driver usb-storage
[    2.962788] usbcore: registered new interface driver usbserial_generic
[    2.969233] usbserial: USB Serial support registered for generic
[    2.975206] usbcore: registered new interface driver ftdi_sio
[    2.980908] usbserial: USB Serial support registered for FTDI USB Serial Device
[    2.988180] usbcore: registered new interface driver upd78f0730
[    2.994057] usbserial: USB Serial support registered for upd78f0730
[    3.001708] rtc_zynqmp ffa60000.rtc: registered as rtc0
[    3.005485] rtc_zynqmp ffa60000.rtc: setting system clock to 2022-04-12T20:21:20 UTC (1649794880)
[    3.014348] i2c /dev entries driver
[    3.019654] usbcore: registered new interface driver uvcvideo
[    3.023458] USB Video Class driver (1.1.1)
[    3.029034] Bluetooth: HCI UART driver ver 2.3
[    3.031940] Bluetooth: HCI UART protocol H4 registered
[    3.037039] Bluetooth: HCI UART protocol BCSP registered
[    3.042326] Bluetooth: HCI UART protocol LL registered
[    3.047418] Bluetooth: HCI UART protocol ATH3K registered
[    3.052792] Bluetooth: HCI UART protocol Three-wire (H5) registered
[    3.059044] Bluetooth: HCI UART protocol Intel registered
[    3.064382] Bluetooth: HCI UART protocol QCA registered
[    3.069584] usbcore: registered new interface driver bcm203x
[    3.075207] usbcore: registered new interface driver bpa10x
[    3.080740] usbcore: registered new interface driver bfusb
[    3.086194] usbcore: registered new interface driver btusb
[    3.091653] usbcore: registered new interface driver ath3k
[    3.097147] EDAC MC: ECC not enabled
[    3.100763] EDAC DEVICE0: Giving out device to module zynqmp-ocm-edac controller zynqmp_ocm: DEV ff960000.memory-controller (INTERRUPT)
[    3.113077] sdhci: Secure Digital Host Controller Interface driver
[    3.118867] sdhci: Copyright(c) Pierre Ossman
[    3.123189] sdhci-pltfm: SDHCI platform and OF driver helper
[    3.129243] ledtrig-cpu: registered to indicate activity on CPUs
[    3.134795] SMCCC: SOC_ID: ARCH_SOC_ID not implemented, skipping ....
[    3.141228] zynqmp_firmware_probe Platform Management API v1.1
[    3.146982] zynqmp_firmware_probe Trustzone version v1.0
[    3.186543] zynqmp-pinctrl firmware:zynqmp-firmware:pinctrl: zynqmp pinctrl initialized
[    3.234434] zynqmp-aes firmware:zynqmp-firmware:zynqmp-aes: will run requests pump with realtime priority
[    3.250268] alg: No test for xilinx-keccak-384 (zynqmp-keccak-384)
[    3.250980] alg: No test for xilinx-zynqmp-rsa (zynqmp-rsa)
[    3.256488] usbcore: registered new interface driver usbhid
[    3.261879] usbhid: USB HID core driver
[    3.273129] axi_sysid 85000000.axi-sysid-0: AXI System ID core version (1.01.a) found
[    3.275476] axi_sysid 85000000.axi-sysid-0: [ad9081_fmca_ebz] on [zcu102] git branch <master> git <084d44c9780640ca93fd847b1d9ec70dd65f5c67> clean [2022-03-18 04:17:50] UTC
[    3.291157] fpga_manager fpga0: Xilinx ZynqMP FPGA Manager registered
[    3.297525] usbcore: registered new interface driver snd-usb-audio
[    3.304964] pktgen: Packet Generator for packet performance testing. Version: 2.75
[    3.311145] Initializing XFRM netlink socket
[    3.315008] NET: Registered protocol family 10
[    3.319730] Segment Routing with IPv6
[    3.323094] sit: IPv6, IPv4 and MPLS over IPv4 tunneling driver
[    3.329178] NET: Registered protocol family 17
[    3.333278] NET: Registered protocol family 15
[    3.337774] can: controller area network core
[    3.342032] NET: Registered protocol family 29
[    3.346418] can: raw protocol
[    3.349356] can: broadcast manager protocol
[    3.353508] can: netlink gateway - max_hops=1
[    3.357910] Bluetooth: RFCOMM TTY layer initialized
[    3.362684] Bluetooth: RFCOMM socket layer initialized
[    3.367795] Bluetooth: RFCOMM ver 1.11
[    3.371497] Bluetooth: BNEP (Ethernet Emulation) ver 1.3
[    3.376775] Bluetooth: BNEP filters: protocol multicast
[    3.381967] Bluetooth: BNEP socket layer initialized
[    3.386894] Bluetooth: HIDP (Human Interface Emulation) ver 1.2
[    3.392778] Bluetooth: HIDP socket layer initialized
[    3.397832] 9pnet: Installing 9P2000 support
[    3.401955] NET: Registered protocol family 36
[    3.406371] Key type dns_resolver registered
[    3.410800] registered taskstats version 1
[    3.414669] Loading compiled-in X.509 certificates
[    3.419792] Btrfs loaded, crc32c=crc32c-generic
[    3.432196] ff000000.serial: ttyPS0 at MMIO 0xff000000 (irq = 49, base_baud = 6249999) is a xuartps
[    3.441220] printk: console [ttyPS0] enabled
[    3.445515] printk: bootconsole [cdns0] disabled
[    3.455147] ff010000.serial: ttyPS1 at MMIO 0xff010000 (irq = 50, base_baud = 6249999) is a xuartps
[    3.468388] of-fpga-region fpga-full: FPGA Region probed
[    3.475326] nwl-pcie fd0e0000.pcie: host bridge /axi/pcie@fd0e0000 ranges:
[    3.482219] nwl-pcie fd0e0000.pcie:      MEM 0x00e0000000..0x00efffffff -> 0x00e0000000
[    3.490220] nwl-pcie fd0e0000.pcie:      MEM 0x0600000000..0x07ffffffff -> 0x0600000000
[    3.498288] nwl-pcie fd0e0000.pcie: Link is DOWN
[    3.503048] nwl-pcie fd0e0000.pcie: PCI host bridge to bus 0000:00
[    3.509227] pci_bus 0000:00: root bus resource [bus 00-ff]
[    3.514707] pci_bus 0000:00: root bus resource [mem 0xe0000000-0xefffffff]
[    3.521573] pci_bus 0000:00: root bus resource [mem 0x600000000-0x7ffffffff pref]
[    3.529075] pci 0000:00:00.0: [10ee:d021] type 01 class 0x060400
[    3.535138] pci 0000:00:00.0: PME# supported from D0 D1 D2 D3hot
[    3.545592] pci 0000:00:00.0: PCI bridge to [bus 01-0c]
[    3.551563] xilinx-zynqmp-dma fd500000.dma: ZynqMP DMA driver Probe success
[    3.558733] xilinx-zynqmp-dma fd510000.dma: ZynqMP DMA driver Probe success
[    3.565904] xilinx-zynqmp-dma fd520000.dma: ZynqMP DMA driver Probe success
[    3.573080] xilinx-zynqmp-dma fd530000.dma: ZynqMP DMA driver Probe success
[    3.580243] xilinx-zynqmp-dma fd540000.dma: ZynqMP DMA driver Probe success
[    3.587404] xilinx-zynqmp-dma fd550000.dma: ZynqMP DMA driver Probe success
[    3.594577] xilinx-zynqmp-dma fd560000.dma: ZynqMP DMA driver Probe success
[    3.601748] xilinx-zynqmp-dma fd570000.dma: ZynqMP DMA driver Probe success
[    3.609143] xilinx-zynqmp-dpdma fd4c0000.dma-controller: Xilinx DPDMA engine is probed
[    3.617690] ahci-ceva fd0c0000.ahci: supply ahci not found, using dummy regulator
[    3.625240] ahci-ceva fd0c0000.ahci: supply phy not found, using dummy regulator
[    3.715852] hmc7044 spi2.0: PLL1: Acquisition, CLKIN0 @ 122880000 Hz, PFD: 80 kHz - PLL2: Locked @ 3192.000000 MHz
[    3.726565] jesd204: /axi/spi@ff050000/hmc7044@0,jesd204:1,parent=spi2.0: Using as SYSREF provider
[    3.736150] spi-nor spi0.0: SPI-NOR-UniqueID 100000235394732200270025081115266e
[    3.743455] spi-nor spi0.0: found n25q512a, expected m25p80
[    3.749649] spi-nor spi0.0: trying to lock already unlocked area
[    3.755649] spi-nor spi0.0: n25q512a (131072 Kbytes)
[    3.760627] 4 fixed-partitions partitions found on MTD device spi0.0
[    3.766972] Creating 4 MTD partitions on "spi0.0":
[    3.771765] 0x000000000000-0x000000100000 : "qspi-fsbl-uboot"
[    3.778246] 0x000000100000-0x000000600000 : "qspi-linux"
[    3.784206] 0x000000600000-0x000000620000 : "qspi-device-tree"
[    3.790682] 0x000000620000-0x000000c00000 : "qspi-rootfs"
[    3.799156] macb ff0e0000.ethernet: Not enabling partial store and forward
[    3.806676] libphy: MACB_mii_bus: probed
[    3.811737] macb ff0e0000.ethernet eth0: Cadence GEM rev 0x50070106 at 0xff0e0000 irq 30 (00:0a:35:04:8e:1b)
[    3.821941] xilinx-axipmon ffa00000.perf-monitor: Probed Xilinx APM
[    3.828518] xilinx-axipmon fd0b0000.perf-monitor: Probed Xilinx APM
[    3.835036] xilinx-axipmon fd490000.perf-monitor: Probed Xilinx APM
[    3.841583] xilinx-axipmon ffa10000.perf-monitor: Probed Xilinx APM
[    3.851584] pca953x 0-0020: supply vcc not found, using dummy regulator
[    3.858267] pca953x 0-0020: using no AI
[    3.862753] gpio-496 (sel0): hogged as output/low
[    3.867653] gpio-497 (sel1): hogged as output/high
[    3.872640] gpio-498 (sel2): hogged as output/high
[    3.877628] gpio-499 (sel3): hogged as output/high
[    3.882797] pca953x 0-0021: supply vcc not found, using dummy regulator
[    3.889467] pca953x 0-0021: using no AI
[    3.895220] ina2xx 2-0040: power monitor ina226 (Rshunt = 5000 uOhm)
[    3.902248] ina2xx 2-0041: power monitor ina226 (Rshunt = 5000 uOhm)
[    3.909277] ina2xx 2-0042: power monitor ina226 (Rshunt = 5000 uOhm)
[    3.916320] ina2xx 2-0043: power monitor ina226 (Rshunt = 5000 uOhm)
[    3.923341] ina2xx 2-0044: power monitor ina226 (Rshunt = 5000 uOhm)
[    3.930364] ina2xx 2-0045: power monitor ina226 (Rshunt = 5000 uOhm)
[    3.937396] ina2xx 2-0046: power monitor ina226 (Rshunt = 5000 uOhm)
[    3.944479] ina2xx 2-0047: power monitor ina226 (Rshunt = 5000 uOhm)
[    3.951508] ina2xx 2-004a: power monitor ina226 (Rshunt = 5000 uOhm)
[    3.958537] ina2xx 2-004b: power monitor ina226 (Rshunt = 5000 uOhm)
[    3.964946] i2c i2c-0: Added multiplexed i2c bus 2
[    3.970331] random: fast init done
[    3.973805] ina2xx 3-0040: power monitor ina226 (Rshunt = 2000 uOhm)
[    3.980834] ina2xx 3-0041: power monitor ina226 (Rshunt = 5000 uOhm)
[    3.987870] ina2xx 3-0042: power monitor ina226 (Rshunt = 5000 uOhm)
[    3.994899] ina2xx 3-0043: power monitor ina226 (Rshunt = 5000 uOhm)
[    4.001924] ina2xx 3-0044: power monitor ina226 (Rshunt = 5000 uOhm)
[    4.008949] ina2xx 3-0045: power monitor ina226 (Rshunt = 5000 uOhm)
[    4.015984] ina2xx 3-0046: power monitor ina226 (Rshunt = 5000 uOhm)
[    4.023013] ina2xx 3-0047: power monitor ina226 (Rshunt = 5000 uOhm)
[    4.029417] i2c i2c-0: Added multiplexed i2c bus 3
[    4.085223] i2c i2c-0: Added multiplexed i2c bus 4
[    4.090164] i2c i2c-0: Added multiplexed i2c bus 5
[    4.094953] pca954x 0-0075: registered 4 multiplexed busses for I2C mux pca9544
[    4.102303] cdns-i2c ff020000.i2c: 400 kHz mmio ff020000 irq 32
[    4.110053] at24 6-0054: supply vcc not found, using dummy regulator
[    4.116947] at24 6-0054: 1024 byte 24c08 EEPROM, writable, 1 bytes/write
[    4.123705] i2c i2c-1: Added multiplexed i2c bus 6
[    4.130129] si5341 7-0036: Chip: 5341 Grade: 1 Rev: 1
[    4.167794] i2c i2c-1: Added multiplexed i2c bus 7
[    4.175447] si570 8-005d: registered, current frequency 300000000 Hz
[    4.181846] i2c i2c-1: Added multiplexed i2c bus 8
[    4.201629] si570 9-005d: registered, current frequency 148500000 Hz
[    4.208033] i2c i2c-1: Added multiplexed i2c bus 9
[    4.213073] si5324 10-0069: si5328 probed
[    4.280040] si5324 10-0069: si5328 probe successful
[    4.284967] i2c i2c-1: Added multiplexed i2c bus 10
[    4.289990] i2c i2c-1: Added multiplexed i2c bus 11
[    4.295019] i2c i2c-1: Added multiplexed i2c bus 12
[    4.300041] i2c i2c-1: Added multiplexed i2c bus 13
[    4.304921] pca954x 1-0074: registered 8 multiplexed busses for I2C switch pca9548
[    4.313036] at24 14-0050: supply vcc not found, using dummy regulator
[    4.319827] at24 14-0050: 256 byte 24c02 EEPROM, writable, 1 bytes/write
[    4.326574] i2c i2c-1: Added multiplexed i2c bus 14
[    4.331613] i2c i2c-1: Added multiplexed i2c bus 15
[    4.336649] i2c i2c-1: Added multiplexed i2c bus 16
[    4.341681] i2c i2c-1: Added multiplexed i2c bus 17
[    4.346717] i2c i2c-1: Added multiplexed i2c bus 18
[    4.351759] i2c i2c-1: Added multiplexed i2c bus 19
[    4.356801] i2c i2c-1: Added multiplexed i2c bus 20
[    4.361840] i2c i2c-1: Added multiplexed i2c bus 21
[    4.366714] pca954x 1-0075: registered 8 multiplexed busses for I2C switch pca9548
[    4.374322] cdns-i2c ff030000.i2c: 400 kHz mmio ff030000 irq 33
[    4.384067] cdns-wdt fd4d0000.watchdog: Xilinx Watchdog Timer with timeout 60s
[    4.393124] axi_adxcvr 84a60000.axi-adxcvr-rx: adxcvr_enforce_settings: Using QPLL without access, assuming desired Lane rate will be configured by a different instance
[    4.409754] axi_adxcvr 84a60000.axi-adxcvr-rx: AXI-ADXCVR-RX (17.05.a) using QPLL on GTH4 at 0x84A60000. Number of lanes: 4.
[    4.421904] axi_adxcvr 84b60000.axi-adxcvr-tx: AXI-ADXCVR-TX (17.05.a) using QPLL on GTH4 at 0x84B60000. Number of lanes: 4.
[    4.425866] mmc0: SDHCI controller on ff170000.mmc [ff170000.mmc] using ADMA 64-bit
[    4.441062] axi-jesd204-rx 84a90000.axi-jesd204-rx: AXI-JESD204-RX (1.07.a) at 0x84A90000. Encoder 8b10b, width 4/4, lanes 4, jesd204-fsm.
[    4.453894] axi-jesd204-tx 84b90000.axi-jesd204-tx: AXI-JESD204-TX (1.06.a) at 0x84B90000. Encoder 8b10b, width 4/4, lanes 4, jesd204-fsm.
[    4.467423] zynqmp-display fd4a0000.display: vtc bridge property not present
[    4.473439] mmc0: new high speed SDHC card at address 0001
[    4.477074] xilinx-dp-snd-codec fd4a0000.display:zynqmp_dp_snd_codec0: Failed to get required clock freq
[    4.480309] mmcblk0: mmc0:0001 EB1QT 29.8 GiB 
[    4.489433] xilinx-dp-snd-codec: probe of fd4a0000.display:zynqmp_dp_snd_codec0 failed with error -22
[    4.495143]  mmcblk0: p1 p2 p3
[    4.503423] xilinx-dp-snd-pcm zynqmp_dp_snd_pcm0: Xilinx DisplayPort Sound PCM probed
[    4.514279] xilinx-dp-snd-pcm zynqmp_dp_snd_pcm1: Xilinx DisplayPort Sound PCM probed
[    4.522492] OF: graph: no port node found in /axi/display@fd4a0000
[    4.528909] xlnx-drm xlnx-drm.0: bound fd4a0000.display (ops 0xffffffc010fcbdb8)
[    5.615698] zynqmp-display fd4a0000.display: [drm] Cannot find any crtc or sizes
[    5.623325] [drm] Initialized xlnx 1.0.0 20130509 for fd4a0000.display on minor 0
[    5.630819] zynqmp-display fd4a0000.display: ZynqMP DisplayPort Subsystem driver probed
[    5.639131] ahci-ceva fd0c0000.ahci: supply ahci not found, using dummy regulator
[    5.646675] ahci-ceva fd0c0000.ahci: supply phy not found, using dummy regulator
[    5.654134] ahci-ceva fd0c0000.ahci: supply target not found, using dummy regulator
[    5.661967] ahci-ceva fd0c0000.ahci: AHCI 0001.0301 32 slots 2 ports 6 Gbps 0x3 impl platform mode
[    5.670917] ahci-ceva fd0c0000.ahci: flags: 64bit ncq sntf pm clo only pmp fbs pio slum part ccc sds apst 
[    5.681614] scsi host0: ahci-ceva
[    5.685209] scsi host1: ahci-ceva
[    5.688636] ata1: SATA max UDMA/133 mmio [mem 0xfd0c0000-0xfd0c1fff] port 0x100 irq 45
[    5.696555] ata2: SATA max UDMA/133 mmio [mem 0xfd0c0000-0xfd0c1fff] port 0x180 irq 45
[    5.705160] ad9081 spi1.0: supply vdd not found, using dummy regulator
[    6.017932] ata1: SATA link down (SStatus 0 SControl 330)
[    6.023341] ata2: SATA link down (SStatus 0 SControl 330)
[    6.699701] zynqmp-display fd4a0000.display: [drm] Cannot find any crtc or sizes
[    7.510784] ad9081 spi1.0: AD9081 Rev. 2 Grade 10 (API 1.2.2) probed
[    7.517976] xhci-hcd xhci-hcd.1.auto: xHCI Host Controller
[    7.523464] xhci-hcd xhci-hcd.1.auto: new USB bus registered, assigned bus number 1
[    7.531214] xhci-hcd xhci-hcd.1.auto: hcc params 0x0238f625 hci version 0x100 quirks 0x0000000002010810
[    7.540624] xhci-hcd xhci-hcd.1.auto: irq 59, io mem 0xfe200000
[    7.546733] usb usb1: New USB device found, idVendor=1d6b, idProduct=0002, bcdDevice= 5.10
[    7.554990] usb usb1: New USB device strings: Mfr=3, Product=2, SerialNumber=1
[    7.562207] usb usb1: Product: xHCI Host Controller
[    7.567075] usb usb1: Manufacturer: Linux 5.10.0-98103-g2aa7ac113716 xhci-hcd
[    7.574202] usb usb1: SerialNumber: xhci-hcd.1.auto
[    7.579365] hub 1-0:1.0: USB hub found
[    7.583129] hub 1-0:1.0: 1 port detected
[    7.587227] xhci-hcd xhci-hcd.1.auto: xHCI Host Controller
[    7.592720] xhci-hcd xhci-hcd.1.auto: new USB bus registered, assigned bus number 2
[    7.600372] xhci-hcd xhci-hcd.1.auto: Host supports USB 3.0 SuperSpeed
[    7.606995] usb usb2: New USB device found, idVendor=1d6b, idProduct=0003, bcdDevice= 5.10
[    7.615258] usb usb2: New USB device strings: Mfr=3, Product=2, SerialNumber=1
[    7.622474] usb usb2: Product: xHCI Host Controller
[    7.627342] usb usb2: Manufacturer: Linux 5.10.0-98103-g2aa7ac113716 xhci-hcd
[    7.634468] usb usb2: SerialNumber: xhci-hcd.1.auto
[    7.639579] hub 2-0:1.0: USB hub found
[    7.643338] hub 2-0:1.0: 1 port detected
[    7.673386] cf_axi_adc 84a10000.axi-ad9081-rx-hpc: ADI AIM (10.01.b) at 0x84A10000 mapped to 0x(____ptrval____), probed ADC AD9081 as MASTER
[    7.704525] cf_axi_dds 84b10000.axi-ad9081-tx-hpc: Analog Devices CF_AXI_DDS_DDS MASTER (9.01.b) at 0x84B10000 mapped to 0x(____ptrval____), probed DDS AD9081
[    7.718722] jesd204: /axi/spi@ff040000/ad9081@0,jesd204:0,parent=spi1.0: JESD204[2] transition initialized -> probed
[    7.729245] jesd204: /axi/spi@ff040000/ad9081@0,jesd204:0,parent=spi1.0: JESD204[0] transition initialized -> probed
[    7.739768] jesd204: /axi/spi@ff040000/ad9081@0,jesd204:0,parent=spi1.0: JESD204[2] transition probed -> idle
[    7.749676] jesd204: /axi/spi@ff040000/ad9081@0,jesd204:0,parent=spi1.0: JESD204[0] transition probed -> idle
[    7.759591] jesd204: /axi/spi@ff040000/ad9081@0,jesd204:0,parent=spi1.0: JESD204[2] transition idle -> device_init
[    7.769935] jesd204: /axi/spi@ff040000/ad9081@0,jesd204:0,parent=spi1.0: JESD204[0] transition idle -> device_init
[    7.780284] jesd204: /axi/spi@ff040000/ad9081@0,jesd204:0,parent=spi1.0: JESD204[2] transition device_init -> link_init
[    7.791061] jesd204: /axi/spi@ff040000/ad9081@0,jesd204:0,parent=spi1.0: JESD204[0] transition device_init -> link_init
[    7.801853] jesd204: /axi/spi@ff040000/ad9081@0,jesd204:0,parent=spi1.0: JESD204[2] transition link_init -> link_supported
[    7.812892] jesd204: /axi/spi@ff040000/ad9081@0,jesd204:0,parent=spi1.0: JESD204[0] transition link_init -> link_supported
[    7.824206] hmc7044 spi2.0: hmc7044_jesd204_link_pre_setup: Link2 forcing continuous SYSREF mode
[    7.833328] jesd204: /axi/spi@ff040000/ad9081@0,jesd204:0,parent=spi1.0: JESD204[2] transition link_supported -> link_pre_setup
[    7.844801] jesd204: /axi/spi@ff040000/ad9081@0,jesd204:0,parent=spi1.0: JESD204[0] transition link_supported -> link_pre_setup
[    7.868581] jesd204: /axi/spi@ff040000/ad9081@0,jesd204:0,parent=spi1.0: JESD204[2] transition link_pre_setup -> clk_sync_stage1
[    7.880146] jesd204: /axi/spi@ff040000/ad9081@0,jesd204:0,parent=spi1.0: JESD204[0] transition link_pre_setup -> clk_sync_stage1
[    7.891710] jesd204: /axi/spi@ff040000/ad9081@0,jesd204:0,parent=spi1.0: JESD204[2] transition clk_sync_stage1 -> clk_sync_stage2
[    7.903354] jesd204: /axi/spi@ff040000/ad9081@0,jesd204:0,parent=spi1.0: JESD204[0] transition clk_sync_stage1 -> clk_sync_stage2
[    7.915012] jesd204: /axi/spi@ff040000/ad9081@0,jesd204:0,parent=spi1.0: JESD204[2] transition clk_sync_stage2 -> clk_sync_stage3
[    7.926660] jesd204: /axi/spi@ff040000/ad9081@0,jesd204:0,parent=spi1.0: JESD204[0] transition clk_sync_stage2 -> clk_sync_stage3
[    7.940374] jesd204: /axi/spi@ff040000/ad9081@0,jesd204:0,parent=spi1.0: JESD204[2] transition clk_sync_stage3 -> link_setup
[    7.951593] jesd204: /axi/spi@ff040000/ad9081@0,jesd204:0,parent=spi1.0: JESD204[0] transition clk_sync_stage3 -> link_setup
[    7.967628] jesd204: /axi/spi@ff040000/ad9081@0,jesd204:0,parent=spi1.0: JESD204[2] transition link_setup -> opt_setup_stage1
[    7.978933] jesd204: /axi/spi@ff040000/ad9081@0,jesd204:0,parent=spi1.0: JESD204[0] transition link_setup -> opt_setup_stage1
[    7.995258] jesd204: /axi/spi@ff040000/ad9081@0,jesd204:0,parent=spi1.0: JESD204[2] transition opt_setup_stage1 -> opt_setup_stage2
[    8.007082] jesd204: /axi/spi@ff040000/ad9081@0,jesd204:0,parent=spi1.0: JESD204[0] transition opt_setup_stage1 -> opt_setup_stage2
[    8.019054] jesd204: /axi/spi@ff040000/ad9081@0,jesd204:0,parent=spi1.0: JESD204[2] transition opt_setup_stage2 -> opt_setup_stage3
[    8.030875] jesd204: /axi/spi@ff040000/ad9081@0,jesd204:0,parent=spi1.0: JESD204[0] transition opt_setup_stage2 -> opt_setup_stage3
[    8.042697] jesd204: /axi/spi@ff040000/ad9081@0,jesd204:0,parent=spi1.0: JESD204[2] transition opt_setup_stage3 -> opt_setup_stage4
[    8.054516] jesd204: /axi/spi@ff040000/ad9081@0,jesd204:0,parent=spi1.0: JESD204[0] transition opt_setup_stage3 -> opt_setup_stage4
[    8.066350] jesd204: /axi/spi@ff040000/ad9081@0,jesd204:0,parent=spi1.0: JESD204[2] transition opt_setup_stage4 -> opt_setup_stage5
[    8.078174] jesd204: /axi/spi@ff040000/ad9081@0,jesd204:0,parent=spi1.0: JESD204[0] transition opt_setup_stage4 -> opt_setup_stage5
[    8.096109] jesd204: /axi/spi@ff040000/ad9081@0,jesd204:0,parent=spi1.0: JESD204[2] transition opt_setup_stage5 -> clocks_enable
[    8.107678] jesd204: /axi/spi@ff040000/ad9081@0,jesd204:0,parent=spi1.0: JESD204[0] transition opt_setup_stage5 -> clocks_enable
[    8.119294] jesd204: /axi/spi@ff040000/ad9081@0,jesd204:0,parent=spi1.0: JESD204[2] transition clocks_enable -> link_enable
[    8.130424] jesd204: /axi/spi@ff040000/ad9081@0,jesd204:0,parent=spi1.0: JESD204[0] transition clocks_enable -> link_enable
[    8.163922] ad9081 spi1.0: JESD RX (JTX) Link2 in DATA, SYNC deasserted, PLL locked, PHASE established, MODE valid
[    8.174524] ad9081 spi1.0: JESD TX (JRX) Link0 0xF lanes in DATA
[    8.180535] jesd204: /axi/spi@ff040000/ad9081@0,jesd204:0,parent=spi1.0: JESD204[2] transition link_enable -> link_running
[    8.191574] jesd204: /axi/spi@ff040000/ad9081@0,jesd204:0,parent=spi1.0: JESD204[0] transition link_enable -> link_running
[    8.202623] jesd204: /axi/spi@ff040000/ad9081@0,jesd204:0,parent=spi1.0: JESD204[2] transition link_running -> opt_post_running_stage
[    8.214619] jesd204: /axi/spi@ff040000/ad9081@0,jesd204:0,parent=spi1.0: JESD204[0] transition link_running -> opt_post_running_stage
[    8.235835] input: gpio-keys as /devices/platform/gpio-keys/input/input0
[    8.242842] of_cfs_init
[    8.245303] of_cfs_init: OK
[    8.248245] cfg80211: Loading compiled-in X.509 certificates for regulatory database
[    8.386474] cfg80211: Loaded X.509 cert 'sforshee: 00b28ddf47aef9cea7'
[    8.393009] clk: Not disabling unused clocks
[    8.397543] ALSA device list:
[    8.400503]   No soundcards found.
[    8.404180] platform regulatory.0: Direct firmware load for regulatory.db failed with error -2
[    8.412792] cfg80211: failed to load regulatory.db
[    8.428499] EXT4-fs (mmcblk0p2): mounted filesystem with ordered data mode. Opts: (null)
[    8.436612] VFS: Mounted root (ext4 filesystem) on device 179:2.
[    8.450448] devtmpfs: mounted
[    8.454264] Freeing unused kernel memory: 2560K
[    8.467734] Run /sbin/init as init process
[    8.471826]   with arguments:
[    8.471829]     /sbin/init
[    8.471831]   with environment:
[    8.471833]     HOME=/
[    8.471836]     TERM=linux
[    9.094922] systemd[1]: systemd 241 running in system mode. (+PAM +AUDIT +SELINUX +IMA +APPARMOR +SMACK +SYSVINIT +UTMP +LIBCRYPTSETUP +GCRYPT +GNUTLS +ACL +XZ +LZ4 +SECCOMP +BLKID +ELFUTILS +KMOD -IDN2 +IDN -PCRE2 default-hierarchy=hybrid)
[    9.116778] systemd[1]: Detected architecture arm64.
[    9.140488] systemd[1]: Set hostname to <analog>.
[    9.339304] systemd[1]: File /lib/systemd/system/systemd-journald.service:12 configures an IP firewall (IPAddressDeny=any), but the local system does not support BPF/cgroup based firewalling.
[    9.356364] systemd[1]: Proceeding WITHOUT firewalling in effect! (This warning is only shown for the first loaded unit using IP firewalling.)
[    9.528368] systemd[1]: /etc/systemd/system/tof-server.service:1: Assignment outside of section. Ignoring.
[    9.538092] systemd[1]: /etc/systemd/system/tof-server.service:2: Assignment outside of section. Ignoring.
[    9.730905] random: systemd: uninitialized urandom read (16 bytes read)
[    9.745930] random: systemd: uninitialized urandom read (16 bytes read)
[    9.752982] systemd[1]: Created slice User and Session Slice.
[    9.775794] random: systemd: uninitialized urandom read (16 bytes read)
[    9.782718] systemd[1]: Listening on fsck to fsckd communication Socket.
[    9.804140] systemd[1]: Created slice system-getty.slice.
[   10.353483] ------------[ cut here ]------------
[   10.353493] Enabling unprepared \xa0\xa9Z\x88\xff\xff\xff\xf0L\x88\xff\xff\xff
[   10.353541] WARNING: CPU: 3 PID: 130 at drivers/clk/clk.c:1012 clk_core_enable+0xa4/0xc0
[   10.353544] Modules linked in:
[   10.353555] CPU: 3 PID: 130 Comm: kworker/3:1H Not tainted 5.10.0-98103-g2aa7ac113716 #5577
[   10.353558] Hardware name: ZynqMP ZCU102 Rev1.0 (DT)
[   10.353567] Workqueue: kblockd blk_mq_run_work_fn
[   10.353575] pstate: 80000085 (Nzcv daIf -PAN -UAO -TCO BTYPE=--)
[   10.353581] pc : clk_core_enable+0xa4/0xc0
[   10.353586] lr : clk_core_enable+0xa4/0xc0
[   10.353589] sp : ffffffc012b632d0
[   10.353592] x29: ffffffc012b632d0 x28: ffffff8800330c10 
[   10.353599] x27: ffffff8800330d48 x26: 0000005000000101 
[   10.353605] x25: 00000002632cafa0 x24: 0000000000000001 
[   10.353612] x23: ffffff8801126480 x22: ffffff88010c3220 
[   10.353618] x21: ffffff88014cf000 x20: ffffff88014cf008 
[   10.353625] x19: ffffff88014cf008 x18: 0000000000000030 
[   10.353631] x17: 0000000000000001 x16: 0000b2fca8811190 
[   10.353638] x15: ffffffffffff8720 x14: ffffffc011d3b1a0 
[   10.353644] x13: ffffffc011d3b1c8 x12: 00000000000005e8 
[   10.353650] x11: 00000000000001f8 x10: ffffffc011d671c8 
[   10.353657] x9 : 00000000fffff800 x8 : ffffffc011d3b1c8 
[   10.353663] x7 : ffffffc011d671c8 x6 : 0000000000000001 
[   10.353670] x5 : ffffff887f7a89e0 x4 : 0000000000000000 
[   10.353676] x3 : 0000000000000027 x2 : 0000000000000023 
[   10.353682] x1 : 293c4d357780fe00 x0 : 0000000000000000 
[   10.353689] Call trace:
[   10.353695]  clk_core_enable+0xa4/0xc0
[   10.353700]  clk_enable+0x2c/0x60
[   10.353706]  zynqmp_runtime_resume+0x24/0x84
[   10.353713]  pm_generic_runtime_resume+0x30/0x50
[   10.353719]  __genpd_runtime_resume+0x30/0xb0
[   10.353725]  genpd_runtime_resume+0x90/0x250
[   10.353731]  __rpm_callback+0x10c/0x1e0
[   10.353736]  rpm_callback+0x5c/0x84
[   10.353741]  rpm_resume+0x4a4/0x74c
[   10.353746]  __pm_runtime_resume+0x78/0xc4
[   10.353751]  spi_mem_access_start.isra.0+0x30/0x80
[   10.353755]  spi_mem_exec_op+0x3b0/0x424
[   10.353760]  spi_nor_read_sr+0x78/0xe0
[   10.353764]  spi_nor_wait_till_ready_with_timeout+0xb4/0x2f0
[   10.353769]  spi_nor_read+0x188/0x380
[   10.353774]  mtd_read_oob_std+0x78/0x84
[   10.353779]  mtd_read_oob+0x7c/0x134
[   10.353783]  mtd_read+0x48/0x7c
[   10.353789]  mtdblock_readsect+0x6c/0x150
[   10.353794]  mtd_queue_rq+0x2cc/0x5a0
[   10.353800]  blk_mq_dispatch_rq_list+0x110/0x790
[   10.353806]  __blk_mq_do_dispatch_sched+0x200/0x274
[   10.353811]  __blk_mq_sched_dispatch_requests+0x1a8/0x1fc
[   10.353817]  blk_mq_sched_dispatch_requests+0x3c/0x7c
[   10.353821]  __blk_mq_run_hw_queue+0x98/0x100
[   10.353826]  blk_mq_run_work_fn+0x24/0x30
[   10.353832]  process_one_work+0x1d4/0x380
[   10.353835]  worker_thread+0x78/0x4e0
[   10.353841]  kthread+0x124/0x130
[   10.353846]  ret_from_fork+0x10/0x3c
[   10.353850] ---[ end trace 50953c651dbce16f ]---
[   10.353858] zynqmp-qspi ff0f0000.spi: Cannot enable APB clock.
[   10.353907] spi_master spi0: Failed to power device: -108
[   10.353916] blk_update_request: I/O error, dev mtdblock0, sector 8 op 0x0:(READ) flags 0x80700 phys_seg 1 prio class 0
[   10.353992] spi_master spi0: Failed to power device: -22
[   10.353998] blk_update_request: I/O error, dev mtdblock0, sector 8 op 0x0:(READ) flags 0x0 phys_seg 8 prio class 0
[   10.354004] Buffer I/O error on dev mtdblock0, logical block 8, async page read
[   10.354013] spi_master spi0: Failed to power device: -22
[   10.354019] blk_update_request: I/O error, dev mtdblock0, sector 9 op 0x0:(READ) flags 0x0 phys_seg 7 prio class 0
[   10.354023] Buffer I/O error on dev mtdblock0, logical block 9, async page read
[   10.354030] spi_master spi0: Failed to power device: -22
[   10.354036] blk_update_request: I/O error, dev mtdblock0, sector 10 op 0x0:(READ) flags 0x0 phys_seg 6 prio class 0
[   10.354039] Buffer I/O error on dev mtdblock0, logical block 10, async page read
[   10.354046] spi_master spi0: Failed to power device: -22
[   10.354052] blk_update_request: I/O error, dev mtdblock0, sector 11 op 0x0:(READ) flags 0x0 phys_seg 5 prio class 0
[   10.354055] Buffer I/O error on dev mtdblock0, logical block 11, async page read
[   10.354062] spi_master spi0: Failed to power device: -22
[   10.354068] blk_update_request: I/O error, dev mtdblock0, sector 12 op 0x0:(READ) flags 0x0 phys_seg 4 prio class 0
[   10.354072] Buffer I/O error on dev mtdblock0, logical block 12, async page read
[   10.354078] spi_master spi0: Failed to power device: -22
[   10.354084] blk_update_request: I/O error, dev mtdblock0, sector 13 op 0x0:(READ) flags 0x0 phys_seg 3 prio class 0
[   10.354088] Buffer I/O error on dev mtdblock0, logical block 13, async page read
[   10.354094] spi_master spi0: Failed to power device: -22
[   10.354100] blk_update_request: I/O error, dev mtdblock0, sector 14 op 0x0:(READ) flags 0x0 phys_seg 2 prio class 0
[   10.354104] Buffer I/O error on dev mtdblock0, logical block 14, async page read
[   10.354110] spi_master spi0: Failed to power device: -22
[   10.354116] blk_update_request: I/O error, dev mtdblock0, sector 15 op 0x0:(READ) flags 0x0 phys_seg 1 prio class 0
[   10.354119] Buffer I/O error on dev mtdblock0, logical block 15, async page read
[   10.354429] spi_master spi0: Failed to power device: -22
[   10.354436] blk_update_request: I/O error, dev mtdblock1, sector 10112 op 0x0:(READ) flags 0x80700 phys_seg 1 prio class 0
[   10.354479] spi_master spi0: Failed to power device: -22
[   10.354485] Buffer I/O error on dev mtdblock1, logical block 10112, async page read
[   10.354493] spi_master spi0: Failed to power device: -22
[   10.354497] Buffer I/O error on dev mtdblock1, logical block 10113, async page read
[   10.354504] spi_master spi0: Failed to power device: -22
[   10.354512] spi_master spi0: Failed to power device: -22
[   10.354519] spi_master spi0: Failed to power device: -22
[   10.354526] spi_master spi0: Failed to power device: -22
[   10.354534] spi_master spi0: Failed to power device: -22
[   10.354541] spi_master spi0: Failed to power device: -22
[   10.354769] spi_master spi0: Failed to power device: -22
[   10.354813] spi_master spi0: Failed to power device: -22
[   10.354822] spi_master spi0: Failed to power device: -22
[   10.354829] spi_master spi0: Failed to power device: -22
[   10.354837] spi_master spi0: Failed to power device: -22
[   10.354844] spi_master spi0: Failed to power device: -22
[   10.354852] spi_master spi0: Failed to power device: -22
[   10.354859] spi_master spi0: Failed to power device: -22
[   10.354866] spi_master spi0: Failed to power device: -22
[   10.355122] spi_master spi0: Failed to power device: -22
[   10.355164] spi_master spi0: Failed to power device: -22
[   10.355174] spi_master spi0: Failed to power device: -22
[   10.355181] spi_master spi0: Failed to power device: -22
[   10.355189] spi_master spi0: Failed to power device: -22
[   10.355196] spi_master spi0: Failed to power device: -22
[   10.355204] spi_master spi0: Failed to power device: -22
[   10.355211] spi_master spi0: Failed to power device: -22
[   10.355218] spi_master spi0: Failed to power device: -22
[   10.490528] EXT4-fs (mmcblk0p2): re-mounted. Opts: (null)
[   10.612503] systemd-journald[167]: Received request to flush runtime journal from PID 1
[   16.577715] macb ff0e0000.ethernet eth0: PHY [ff0e0000.ethernet-ffffffff:0c] driver [TI DP83867] (irq=POLL)
[   16.577728] macb ff0e0000.ethernet eth0: configuring for phy/rgmii-id link mode
[   16.867708] Adding 102396k swap on /var/swap.  Priority:-2 extents:4 across:9953604k SS
[   18.599709] random: crng init done
[   18.599718] random: 7 urandom warning(s) missed due to ratelimiting
[   19.622622] broken atomic modeset userspace detected, disabling atomic
[   19.649322] macb ff0e0000.ethernet eth0: Link is Up - 1Gbps/Full - flow control off
[   19.649346] IPv6: ADDRCONF(NETDEV_CHANGE): eth0: link becomes ready
[   22.305595] broken atomic modeset userspace detected, disabling atomic
[   25.404975] broken atomic modeset userspace detected, disabling atomic