[    0.000000] Booting Linux on physical CPU 0x0000000000 [0x410fd034]
[    0.000000] Linux version 5.10.0-98103-g2aa7ac113716 (jenkins@romlxbuild1.adlk.analog.com) (aarch64-xilinx-linux-gcc.real (GCC) 10.2.0, GNU ld (GNU Binutils) 2.35.0.20200730) #5577 SMP Wed Mar 23 07:28:49 GMT 2022
[    0.000000] Machine model: ZynqMP ZCU102 Rev1.0
[    0.000000] earlycon: cdns0 at MMIO 0x00000000ff000000 (options '115200n8')
[    0.000000] printk: bootconsole [cdns0] enabled
[    0.000000] efi: UEFI not found.
[    0.000000] cma: Reserved 256 MiB at 0x0000000070000000
[    0.000000] Zone ranges:
[    0.000000]   DMA      [mem 0x0000000000000000-0x000000003fffffff]
[    0.000000]   DMA32    [mem 0x0000000040000000-0x00000000ffffffff]
[    0.000000]   Normal   [mem 0x0000000100000000-0x000000087fffffff]
[    0.000000] Movable zone start for each node
[    0.000000] Early memory node ranges
[    0.000000]   node   0: [mem 0x0000000000000000-0x000000007fffffff]
[    0.000000]   node   0: [mem 0x0000000800000000-0x000000087fffffff]
[    0.000000] Initmem setup node 0 [mem 0x0000000000000000-0x000000087fffffff]
[    0.000000] On node 0 totalpages: 1048576
[    0.000000]   DMA zone: 3584 pages used for memmap
[    0.000000]   DMA zone: 0 pages reserved
[    0.000000]   DMA zone: 262144 pages, LIFO batch:63
[    0.000000]   DMA32 zone: 3584 pages used for memmap
[    0.000000]   DMA32 zone: 262144 pages, LIFO batch:63
[    0.000000]   Normal zone: 7168 pages used for memmap
[    0.000000]   Normal zone: 524288 pages, LIFO batch:63
[    0.000000] psci: probing for conduit method from DT.
[    0.000000] psci: PSCIv1.1 detected in firmware.
[    0.000000] psci: Using standard PSCI v0.2 function IDs
[    0.000000] psci: MIGRATE_INFO_TYPE not supported.
[    0.000000] psci: SMC Calling Convention v1.2
[    0.000000] percpu: Embedded 22 pages/cpu s49496 r8192 d32424 u90112
[    0.000000] pcpu-alloc: s49496 r8192 d32424 u90112 alloc=22*4096
[    0.000000] pcpu-alloc: [0] 0 [0] 1 [0] 2 [0] 3 
[    0.000000] Detected VIPT I-cache on CPU0
[    0.000000] CPU features: detected: ARM erratum 845719
[    0.000000] Built 1 zonelists, mobility grouping on.  Total pages: 1034240
[    0.000000] Kernel command line: console=ttyPS0,115200 root=/dev/mmcblk0p2 rw earlycon rootfstype=ext4 rootwait clk_ignore_unused cpuidle.off=1 root=/dev/mmcblk0p2 rw rootwait
[    0.000000] Dentry cache hash table entries: 524288 (order: 10, 4194304 bytes, linear)
[    0.000000] Inode-cache hash table entries: 262144 (order: 9, 2097152 bytes, linear)
[    0.000000] mem auto-init: stack:off, heap alloc:off, heap free:off
[    0.000000] software IO TLB: mapped [mem 0x000000003bfff000-0x000000003ffff000] (64MB)
[    0.000000] Memory: 3761904K/4194304K available (15296K kernel code, 1636K rwdata, 11876K rodata, 2560K init, 507K bss, 170256K reserved, 262144K cma-reserved)
[    0.000000] rcu: Hierarchical RCU implementation.
[    0.000000] rcu: 	RCU event tracing is enabled.
[    0.000000] rcu: 	RCU restricting CPUs from NR_CPUS=8 to nr_cpu_ids=4.
[    0.000000] rcu: RCU calculated value of scheduler-enlistment delay is 25 jiffies.
[    0.000000] rcu: Adjusting geometry for rcu_fanout_leaf=16, nr_cpu_ids=4
[    0.000000] NR_IRQS: 64, nr_irqs: 64, preallocated irqs: 0
[    0.000000] GIC: Adjusting CPU interface base to 0x00000000f902f000
[    0.000000] GIC: Using split EOI/Deactivate mode
[    0.000000] random: get_random_bytes called from start_kernel+0x31c/0x54c with crng_init=0
[    0.000000] arch_timer: cp15 timer(s) running at 100.00MHz (phys).
[    0.000000] clocksource: arch_sys_counter: mask: 0xffffffffffffff max_cycles: 0x171024e7e0, max_idle_ns: 440795205315 ns
[    0.000003] sched_clock: 56 bits at 100MHz, resolution 10ns, wraps every 4398046511100ns
[    0.008464] Console: colour dummy device 80x25
[    0.012484] Calibrating delay loop (skipped), value calculated using timer frequency.. 200.00 BogoMIPS (lpj=400000)
[    0.022841] pid_max: default: 32768 minimum: 301
[    0.027549] Mount-cache hash table entries: 8192 (order: 4, 65536 bytes, linear)
[    0.034789] Mountpoint-cache hash table entries: 8192 (order: 4, 65536 bytes, linear)
[    0.043396] rcu: Hierarchical SRCU implementation.
[    0.047560] EFI services will not be available.
[    0.051937] smp: Bringing up secondary CPUs ...
[    0.056657] Detected VIPT I-cache on CPU1
[    0.056695] CPU1: Booted secondary processor 0x0000000001 [0x410fd034]
[    0.057062] Detected VIPT I-cache on CPU2
[    0.057086] CPU2: Booted secondary processor 0x0000000002 [0x410fd034]
[    0.057424] Detected VIPT I-cache on CPU3
[    0.057447] CPU3: Booted secondary processor 0x0000000003 [0x410fd034]
[    0.057493] smp: Brought up 1 node, 4 CPUs
[    0.091780] SMP: Total of 4 processors activated.
[    0.096452] CPU features: detected: 32-bit EL0 Support
[    0.101556] CPU features: detected: CRC32 instructions
[    0.106696] CPU: All CPU(s) started at EL2
[    0.110737] alternatives: patching kernel code
[    0.116167] devtmpfs: initialized
[    0.124077] Registered cp15_barrier emulation handler
[    0.124128] Registered setend emulation handler
[    0.128109] clocksource: jiffies: mask: 0xffffffff max_cycles: 0xffffffff, max_idle_ns: 7645041785100000 ns
[    0.137688] futex hash table entries: 1024 (order: 4, 65536 bytes, linear)
[    0.151057] pinctrl core: initialized pinctrl subsystem
[    0.151700] NET: Registered protocol family 16
[    0.156127] DMA: preallocated 512 KiB GFP_KERNEL pool for atomic allocations
[    0.162143] DMA: preallocated 512 KiB GFP_KERNEL|GFP_DMA pool for atomic allocations
[    0.169870] DMA: preallocated 512 KiB GFP_KERNEL|GFP_DMA32 pool for atomic allocations
[    0.177670] audit: initializing netlink subsys (disabled)
[    0.183121] audit: type=2000 audit(0.116:1): state=initialized audit_enabled=0 res=1
[    0.183465] hw-breakpoint: found 6 breakpoint and 4 watchpoint registers.
[    0.197498] ASID allocator initialised with 65536 entries
[    0.224360] HugeTLB registered 1.00 GiB page size, pre-allocated 0 pages
[    0.225412] HugeTLB registered 32.0 MiB page size, pre-allocated 0 pages
[    0.232083] HugeTLB registered 2.00 MiB page size, pre-allocated 0 pages
[    0.238743] HugeTLB registered 64.0 KiB page size, pre-allocated 0 pages
[    1.304323] DRBG: Continuing without Jitter RNG
[    1.382138] raid6: neonx8   gen()  2140 MB/s
[    1.450184] raid6: neonx8   xor()  1598 MB/s
[    1.518246] raid6: neonx4   gen()  2203 MB/s
[    1.586290] raid6: neonx4   xor()  1567 MB/s
[    1.654355] raid6: neonx2   gen()  2076 MB/s
[    1.722410] raid6: neonx2   xor()  1440 MB/s
[    1.790467] raid6: neonx1   gen()  1772 MB/s
[    1.858518] raid6: neonx1   xor()  1220 MB/s
[    1.926578] raid6: int64x8  gen()  1438 MB/s
[    1.994633] raid6: int64x8  xor()   771 MB/s
[    2.062700] raid6: int64x4  gen()  1599 MB/s
[    2.130751] raid6: int64x4  xor()   819 MB/s
[    2.198827] raid6: int64x2  gen()  1397 MB/s
[    2.266870] raid6: int64x2  xor()   750 MB/s
[    2.334939] raid6: int64x1  gen()  1033 MB/s
[    2.403008] raid6: int64x1  xor()   517 MB/s
[    2.403045] raid6: using algorithm neonx4 gen() 2203 MB/s
[    2.407005] raid6: .... xor() 1567 MB/s, rmw enabled
[    2.411935] raid6: using neon recovery algorithm
[    2.416950] iommu: Default domain type: Translated 
[    2.421561] SCSI subsystem initialized
[    2.425105] libata version 3.00 loaded.
[    2.425228] usbcore: registered new interface driver usbfs
[    2.430562] usbcore: registered new interface driver hub
[    2.435834] usbcore: registered new device driver usb
[    2.440968] mc: Linux media interface: v0.10
[    2.445082] videodev: Linux video capture interface: v2.00
[    2.450575] EDAC MC: Ver: 3.0.0
[    2.454019] zynqmp-ipi-mbox mailbox@ff990400: Registered ZynqMP IPI mbox with TX/RX channels.
[    2.462512] jesd204: created con: id=0, topo=0, link=0, /axi/spi@ff050000/hmc7044@0 <-> /fpga-axi@0/axi-adxcvr-tx@84b60000
[    2.473104] jesd204: created con: id=1, topo=0, link=2, /axi/spi@ff050000/hmc7044@0 <-> /fpga-axi@0/axi-adxcvr-rx@84a60000
[    2.484088] jesd204: created con: id=2, topo=0, link=0, /fpga-axi@0/axi-adxcvr-tx@84b60000 <-> /fpga-axi@0/axi-jesd204-tx@84b90000
[    2.495763] jesd204: created con: id=3, topo=0, link=2, /fpga-axi@0/axi-adxcvr-rx@84a60000 <-> /fpga-axi@0/axi-jesd204-rx@84a90000
[    2.507441] jesd204: created con: id=4, topo=0, link=0, /fpga-axi@0/axi-jesd204-tx@84b90000 <-> /fpga-axi@0/axi-ad9081-tx-hpc@84b10000
[    2.519468] jesd204: created con: id=5, topo=0, link=2, /fpga-axi@0/axi-jesd204-rx@84a90000 <-> /fpga-axi@0/axi-ad9081-rx-hpc@84a10000
[    2.531491] jesd204: created con: id=6, topo=0, link=2, /fpga-axi@0/axi-ad9081-rx-hpc@84a10000 <-> /axi/spi@ff040000/ad9081@0
[    2.542732] jesd204: created con: id=7, topo=0, link=0, /fpga-axi@0/axi-ad9081-tx-hpc@84b10000 <-> /axi/spi@ff040000/ad9081@0
[    2.553982] jesd204: /axi/spi@ff040000/ad9081@0: JESD204[2] transition uninitialized -> initialized
[    2.562969] jesd204: /axi/spi@ff040000/ad9081@0: JESD204[0] transition uninitialized -> initialized
[    2.571960] jesd204: found 8 devices and 1 topologies
[    2.577004] FPGA manager framework
[    2.580484] Advanced Linux Sound Architecture Driver Initialized.
[    2.586777] Bluetooth: Core ver 2.22
[    2.589964] NET: Registered protocol family 31
[    2.594365] Bluetooth: HCI device and connection manager initialized
[    2.600682] Bluetooth: HCI socket layer initialized
[    2.605523] Bluetooth: L2CAP socket layer initialized
[    2.610547] Bluetooth: SCO socket layer initialized
[    2.615725] clocksource: Switched to clocksource arch_sys_counter
[    2.621540] VFS: Disk quotas dquot_6.6.0
[    2.625375] VFS: Dquot-cache hash table entries: 512 (order 0, 4096 bytes)
[    2.636104] NET: Registered protocol family 2
[    2.636819] tcp_listen_portaddr_hash hash table entries: 2048 (order: 3, 32768 bytes, linear)
[    2.645014] TCP established hash table entries: 32768 (order: 6, 262144 bytes, linear)
[    2.653039] TCP bind hash table entries: 32768 (order: 7, 524288 bytes, linear)
[    2.660484] TCP: Hash tables configured (established 32768 bind 32768)
[    2.666659] UDP hash table entries: 2048 (order: 4, 65536 bytes, linear)
[    2.673325] UDP-Lite hash table entries: 2048 (order: 4, 65536 bytes, linear)
[    2.680485] NET: Registered protocol family 1
[    2.684941] RPC: Registered named UNIX socket transport module.
[    2.690562] RPC: Registered udp transport module.
[    2.695226] RPC: Registered tcp transport module.
[    2.699896] RPC: Registered tcp NFSv4.1 backchannel transport module.
[    2.706886] PCI: CLS 0 bytes, default 64
[    2.710594] hw perfevents: no interrupt-affinity property for /pmu, guessing.
[    2.717448] hw perfevents: enabled with armv8_pmuv3 PMU driver, 7 counters available
[    2.725804] Initialise system trusted keyrings
[    2.729475] workingset: timestamp_bits=62 max_order=20 bucket_order=0
[    2.736381] NFS: Registering the id_resolver key type
[    2.740825] Key type id_resolver registered
[    2.744964] Key type id_legacy registered
[    2.748954] nfs4filelayout_init: NFSv4 File Layout Driver Registering...
[    2.755619] jffs2: version 2.2. (NAND) (SUMMARY)  Â© 2001-2006 Red Hat, Inc.
[    2.799008] NET: Registered protocol family 38
[    2.799050] xor: measuring software checksum speed
[    2.806739]    8regs           :  2363 MB/sec
[    2.810407]    32regs          :  2799 MB/sec
[    2.815350]    arm64_neon      :  2380 MB/sec
[    2.815540] xor: using function: 32regs (2799 MB/sec)
[    2.820566] Key type asymmetric registered
[    2.824627] Asymmetric key parser 'x509' registered
[    2.829488] Block layer SCSI generic (bsg) driver version 0.4 loaded (major 248)
[    2.836825] io scheduler mq-deadline registered
[    2.841321] io scheduler kyber registered
[    2.870718] Serial: 8250/16550 driver, 4 ports, IRQ sharing disabled
[    2.875364] cacheinfo: Unable to detect cache hierarchy for CPU 0
[    2.881716] brd: module loaded
[    2.885851] loop: module loaded
[    2.886397] Registered mathworks_ip class
[    2.889732] libphy: Fixed MDIO Bus: probed
[    2.892723] tun: Universal TUN/TAP device driver, 1.6
[    2.896768] CAN device driver interface
[    2.901305] usbcore: registered new interface driver asix
[    2.905902] usbcore: registered new interface driver ax88179_178a
[    2.911935] usbcore: registered new interface driver cdc_ether
[    2.917728] usbcore: registered new interface driver net1080
[    2.923355] usbcore: registered new interface driver cdc_subset
[    2.929234] usbcore: registered new interface driver zaurus
[    2.934778] usbcore: registered new interface driver cdc_ncm
[    2.941181] ehci_hcd: USB 2.0 'Enhanced' Host Controller (EHCI) Driver
[    2.946863] ehci-pci: EHCI PCI platform driver
[    2.951658] usbcore: registered new interface driver uas
[    2.956578] usbcore: registered new interface driver usb-storage
[    2.962566] usbcore: registered new interface driver usbserial_generic
[    2.969018] usbserial: USB Serial support registered for generic
[    2.974991] usbcore: registered new interface driver ftdi_sio
[    2.980694] usbserial: USB Serial support registered for FTDI USB Serial Device
[    2.987970] usbcore: registered new interface driver upd78f0730
[    2.993842] usbserial: USB Serial support registered for upd78f0730
[    3.001494] rtc_zynqmp ffa60000.rtc: registered as rtc0
[    3.005267] rtc_zynqmp ffa60000.rtc: setting system clock to 2022-04-12T21:12:28 UTC (1649797948)
[    3.014129] i2c /dev entries driver
[    3.019447] usbcore: registered new interface driver uvcvideo
[    3.023242] USB Video Class driver (1.1.1)
[    3.028819] Bluetooth: HCI UART driver ver 2.3
[    3.031713] Bluetooth: HCI UART protocol H4 registered
[    3.036823] Bluetooth: HCI UART protocol BCSP registered
[    3.042111] Bluetooth: HCI UART protocol LL registered
[    3.047202] Bluetooth: HCI UART protocol ATH3K registered
[    3.052576] Bluetooth: HCI UART protocol Three-wire (H5) registered
[    3.058829] Bluetooth: HCI UART protocol Intel registered
[    3.064167] Bluetooth: HCI UART protocol QCA registered
[    3.069371] usbcore: registered new interface driver bcm203x
[    3.074988] usbcore: registered new interface driver bpa10x
[    3.080524] usbcore: registered new interface driver bfusb
[    3.085978] usbcore: registered new interface driver btusb
[    3.091437] usbcore: registered new interface driver ath3k
[    3.096921] EDAC MC: ECC not enabled
[    3.100549] EDAC DEVICE0: Giving out device to module zynqmp-ocm-edac controller zynqmp_ocm: DEV ff960000.memory-controller (INTERRUPT)
[    3.112862] sdhci: Secure Digital Host Controller Interface driver
[    3.118651] sdhci: Copyright(c) Pierre Ossman
[    3.122974] sdhci-pltfm: SDHCI platform and OF driver helper
[    3.129026] ledtrig-cpu: registered to indicate activity on CPUs
[    3.134580] SMCCC: SOC_ID: ARCH_SOC_ID not implemented, skipping ....
[    3.141011] zynqmp_firmware_probe Platform Management API v1.1
[    3.146766] zynqmp_firmware_probe Trustzone version v1.0
[    3.186323] zynqmp-pinctrl firmware:zynqmp-firmware:pinctrl: zynqmp pinctrl initialized
[    3.234324] zynqmp-aes firmware:zynqmp-firmware:zynqmp-aes: will run requests pump with realtime priority
[    3.250152] alg: No test for xilinx-keccak-384 (zynqmp-keccak-384)
[    3.250865] alg: No test for xilinx-zynqmp-rsa (zynqmp-rsa)
[    3.256376] usbcore: registered new interface driver usbhid
[    3.261766] usbhid: USB HID core driver
[    3.273020] axi_sysid 85000000.axi-sysid-0: AXI System ID core version (1.01.a) found
[    3.275364] axi_sysid 85000000.axi-sysid-0: [ad9081_fmca_ebz] on [zcu102] git branch <master> git <084d44c9780640ca93fd847b1d9ec70dd65f5c67> clean [2022-03-18 04:17:50] UTC
[    3.291050] fpga_manager fpga0: Xilinx ZynqMP FPGA Manager registered
[    3.297408] usbcore: registered new interface driver snd-usb-audio
[    3.304860] pktgen: Packet Generator for packet performance testing. Version: 2.75
[    3.311042] Initializing XFRM netlink socket
[    3.314896] NET: Registered protocol family 10
[    3.319611] Segment Routing with IPv6
[    3.322995] sit: IPv6, IPv4 and MPLS over IPv4 tunneling driver
[    3.329062] NET: Registered protocol family 17
[    3.333168] NET: Registered protocol family 15
[    3.337662] can: controller area network core
[    3.341918] NET: Registered protocol family 29
[    3.346306] can: raw protocol
[    3.349243] can: broadcast manager protocol
[    3.353398] can: netlink gateway - max_hops=1
[    3.357791] Bluetooth: RFCOMM TTY layer initialized
[    3.362571] Bluetooth: RFCOMM socket layer initialized
[    3.367682] Bluetooth: RFCOMM ver 1.11
[    3.371390] Bluetooth: BNEP (Ethernet Emulation) ver 1.3
[    3.376661] Bluetooth: BNEP filters: protocol multicast
[    3.381855] Bluetooth: BNEP socket layer initialized
[    3.386782] Bluetooth: HIDP (Human Interface Emulation) ver 1.2
[    3.392666] Bluetooth: HIDP socket layer initialized
[    3.397721] 9pnet: Installing 9P2000 support
[    3.401843] NET: Registered protocol family 36
[    3.406259] Key type dns_resolver registered
[    3.410688] registered taskstats version 1
[    3.414556] Loading compiled-in X.509 certificates
[    3.419672] Btrfs loaded, crc32c=crc32c-generic
[    3.432087] ff000000.serial: ttyPS0 at MMIO 0xff000000 (irq = 49, base_baud = 6249999) is a xuartps
[    3.441108] printk: console [ttyPS0] enabled
[    3.445402] printk: bootconsole [cdns0] disabled
[    3.455032] ff010000.serial: ttyPS1 at MMIO 0xff010000 (irq = 50, base_baud = 6249999) is a xuartps
[    3.468267] of-fpga-region fpga-full: FPGA Region probed
[    3.475220] nwl-pcie fd0e0000.pcie: host bridge /axi/pcie@fd0e0000 ranges:
[    3.482115] nwl-pcie fd0e0000.pcie:      MEM 0x00e0000000..0x00efffffff -> 0x00e0000000
[    3.490123] nwl-pcie fd0e0000.pcie:      MEM 0x0600000000..0x07ffffffff -> 0x0600000000
[    3.498187] nwl-pcie fd0e0000.pcie: Link is DOWN
[    3.502942] nwl-pcie fd0e0000.pcie: PCI host bridge to bus 0000:00
[    3.509123] pci_bus 0000:00: root bus resource [bus 00-ff]
[    3.514604] pci_bus 0000:00: root bus resource [mem 0xe0000000-0xefffffff]
[    3.521474] pci_bus 0000:00: root bus resource [mem 0x600000000-0x7ffffffff pref]
[    3.528977] pci 0000:00:00.0: [10ee:d021] type 01 class 0x060400
[    3.535033] pci 0000:00:00.0: PME# supported from D0 D1 D2 D3hot
[    3.545475] pci 0000:00:00.0: PCI bridge to [bus 01-0c]
[    3.551453] xilinx-zynqmp-dma fd500000.dma: ZynqMP DMA driver Probe success
[    3.558632] xilinx-zynqmp-dma fd510000.dma: ZynqMP DMA driver Probe success
[    3.565807] xilinx-zynqmp-dma fd520000.dma: ZynqMP DMA driver Probe success
[    3.572976] xilinx-zynqmp-dma fd530000.dma: ZynqMP DMA driver Probe success
[    3.580141] xilinx-zynqmp-dma fd540000.dma: ZynqMP DMA driver Probe success
[    3.587310] xilinx-zynqmp-dma fd550000.dma: ZynqMP DMA driver Probe success
[    3.594481] xilinx-zynqmp-dma fd560000.dma: ZynqMP DMA driver Probe success
[    3.601651] xilinx-zynqmp-dma fd570000.dma: ZynqMP DMA driver Probe success
[    3.609049] xilinx-zynqmp-dpdma fd4c0000.dma-controller: Xilinx DPDMA engine is probed
[    3.617596] ahci-ceva fd0c0000.ahci: supply ahci not found, using dummy regulator
[    3.625137] ahci-ceva fd0c0000.ahci: supply phy not found, using dummy regulator
[    3.715900] hmc7044 spi2.0: PLL1: Acquisition, CLKIN0 @ 122880000 Hz, PFD: 80 kHz - PLL2: Locked @ 2664.000000 MHz
[    3.726609] jesd204: /axi/spi@ff050000/hmc7044@0,jesd204:1,parent=spi2.0: Using as SYSREF provider
[    3.736198] spi-nor spi0.0: SPI-NOR-UniqueID 100000235394732200270025081115266e
[    3.743509] spi-nor spi0.0: found n25q512a, expected m25p80
[    3.749708] spi-nor spi0.0: trying to lock already unlocked area
[    3.755710] spi-nor spi0.0: n25q512a (131072 Kbytes)
[    3.760689] 4 fixed-partitions partitions found on MTD device spi0.0
[    3.767033] Creating 4 MTD partitions on "spi0.0":
[    3.771819] 0x000000000000-0x000000100000 : "qspi-fsbl-uboot"
[    3.778308] 0x000000100000-0x000000600000 : "qspi-linux"
[    3.784267] 0x000000600000-0x000000620000 : "qspi-device-tree"
[    3.790743] 0x000000620000-0x000000c00000 : "qspi-rootfs"
[    3.799210] macb ff0e0000.ethernet: Not enabling partial store and forward
[    3.806730] libphy: MACB_mii_bus: probed
[    3.811791] macb ff0e0000.ethernet eth0: Cadence GEM rev 0x50070106 at 0xff0e0000 irq 30 (00:0a:35:04:8e:1b)
[    3.822005] xilinx-axipmon ffa00000.perf-monitor: Probed Xilinx APM
[    3.828578] xilinx-axipmon fd0b0000.perf-monitor: Probed Xilinx APM
[    3.835099] xilinx-axipmon fd490000.perf-monitor: Probed Xilinx APM
[    3.841641] xilinx-axipmon ffa10000.perf-monitor: Probed Xilinx APM
[    3.851652] pca953x 0-0020: supply vcc not found, using dummy regulator
[    3.858335] pca953x 0-0020: using no AI
[    3.862825] gpio-496 (sel0): hogged as output/low
[    3.867738] gpio-497 (sel1): hogged as output/high
[    3.872725] gpio-498 (sel2): hogged as output/high
[    3.877715] gpio-499 (sel3): hogged as output/high
[    3.882888] pca953x 0-0021: supply vcc not found, using dummy regulator
[    3.889553] pca953x 0-0021: using no AI
[    3.895310] ina2xx 2-0040: power monitor ina226 (Rshunt = 5000 uOhm)
[    3.902343] ina2xx 2-0041: power monitor ina226 (Rshunt = 5000 uOhm)
[    3.909382] ina2xx 2-0042: power monitor ina226 (Rshunt = 5000 uOhm)
[    3.916416] ina2xx 2-0043: power monitor ina226 (Rshunt = 5000 uOhm)
[    3.923440] ina2xx 2-0044: power monitor ina226 (Rshunt = 5000 uOhm)
[    3.930461] ina2xx 2-0045: power monitor ina226 (Rshunt = 5000 uOhm)
[    3.937490] ina2xx 2-0046: power monitor ina226 (Rshunt = 5000 uOhm)
[    3.944564] ina2xx 2-0047: power monitor ina226 (Rshunt = 5000 uOhm)
[    3.951593] ina2xx 2-004a: power monitor ina226 (Rshunt = 5000 uOhm)
[    3.958633] ina2xx 2-004b: power monitor ina226 (Rshunt = 5000 uOhm)
[    3.965045] i2c i2c-0: Added multiplexed i2c bus 2
[    3.970429] random: fast init done
[    3.973901] ina2xx 3-0040: power monitor ina226 (Rshunt = 2000 uOhm)
[    3.980927] ina2xx 3-0041: power monitor ina226 (Rshunt = 5000 uOhm)
[    3.987954] ina2xx 3-0042: power monitor ina226 (Rshunt = 5000 uOhm)
[    3.994988] ina2xx 3-0043: power monitor ina226 (Rshunt = 5000 uOhm)
[    4.002013] ina2xx 3-0044: power monitor ina226 (Rshunt = 5000 uOhm)
[    4.009038] ina2xx 3-0045: power monitor ina226 (Rshunt = 5000 uOhm)
[    4.016071] ina2xx 3-0046: power monitor ina226 (Rshunt = 5000 uOhm)
[    4.023102] ina2xx 3-0047: power monitor ina226 (Rshunt = 5000 uOhm)
[    4.029502] i2c i2c-0: Added multiplexed i2c bus 3
[    4.085393] i2c i2c-0: Added multiplexed i2c bus 4
[    4.090337] i2c i2c-0: Added multiplexed i2c bus 5
[    4.095126] pca954x 0-0075: registered 4 multiplexed busses for I2C mux pca9544
[    4.102476] cdns-i2c ff020000.i2c: 400 kHz mmio ff020000 irq 32
[    4.110205] at24 6-0054: supply vcc not found, using dummy regulator
[    4.117104] at24 6-0054: 1024 byte 24c08 EEPROM, writable, 1 bytes/write
[    4.123856] i2c i2c-1: Added multiplexed i2c bus 6
[    4.130288] si5341 7-0036: Chip: 5341 Grade: 1 Rev: 1
[    4.167989] i2c i2c-1: Added multiplexed i2c bus 7
[    4.175636] si570 8-005d: registered, current frequency 300000000 Hz
[    4.182037] i2c i2c-1: Added multiplexed i2c bus 8
[    4.201825] si570 9-005d: registered, current frequency 148500000 Hz
[    4.208224] i2c i2c-1: Added multiplexed i2c bus 9
[    4.213263] si5324 10-0069: si5328 probed
[    4.280086] si5324 10-0069: si5328 probe successful
[    4.285018] i2c i2c-1: Added multiplexed i2c bus 10
[    4.290046] i2c i2c-1: Added multiplexed i2c bus 11
[    4.295070] i2c i2c-1: Added multiplexed i2c bus 12
[    4.300093] i2c i2c-1: Added multiplexed i2c bus 13
[    4.304974] pca954x 1-0074: registered 8 multiplexed busses for I2C switch pca9548
[    4.313085] at24 14-0050: supply vcc not found, using dummy regulator
[    4.319871] at24 14-0050: 256 byte 24c02 EEPROM, writable, 1 bytes/write
[    4.326618] i2c i2c-1: Added multiplexed i2c bus 14
[    4.331660] i2c i2c-1: Added multiplexed i2c bus 15
[    4.336691] i2c i2c-1: Added multiplexed i2c bus 16
[    4.341727] i2c i2c-1: Added multiplexed i2c bus 17
[    4.346759] i2c i2c-1: Added multiplexed i2c bus 18
[    4.351804] i2c i2c-1: Added multiplexed i2c bus 19
[    4.356845] i2c i2c-1: Added multiplexed i2c bus 20
[    4.361883] i2c i2c-1: Added multiplexed i2c bus 21
[    4.366757] pca954x 1-0075: registered 8 multiplexed busses for I2C switch pca9548
[    4.374367] cdns-i2c ff030000.i2c: 400 kHz mmio ff030000 irq 33
[    4.384110] cdns-wdt fd4d0000.watchdog: Xilinx Watchdog Timer with timeout 60s
[    4.393166] axi_adxcvr 84a60000.axi-adxcvr-rx: adxcvr_enforce_settings: Using QPLL without access, assuming desired Lane rate will be configured by a different instance
[    4.409801] axi_adxcvr 84a60000.axi-adxcvr-rx: AXI-ADXCVR-RX (17.05.a) using QPLL on GTH4 at 0x84A60000. Number of lanes: 4.
[    4.421964] axi_adxcvr 84b60000.axi-adxcvr-tx: AXI-ADXCVR-TX (17.05.a) using QPLL on GTH4 at 0x84B60000. Number of lanes: 4.
[    4.425921] mmc0: SDHCI controller on ff170000.mmc [ff170000.mmc] using ADMA 64-bit
[    4.441112] axi-jesd204-rx 84a90000.axi-jesd204-rx: AXI-JESD204-RX (1.07.a) at 0x84A90000. Encoder 8b10b, width 4/4, lanes 4, jesd204-fsm.
[    4.453951] axi-jesd204-tx 84b90000.axi-jesd204-tx: AXI-JESD204-TX (1.06.a) at 0x84B90000. Encoder 8b10b, width 4/4, lanes 4, jesd204-fsm.
[    4.467453] zynqmp-display fd4a0000.display: vtc bridge property not present
[    4.473496] mmc0: new high speed SDHC card at address 0001
[    4.477107] xilinx-dp-snd-codec fd4a0000.display:zynqmp_dp_snd_codec0: Failed to get required clock freq
[    4.480342] mmcblk0: mmc0:0001 EB1QT 29.8 GiB 
[    4.489468] xilinx-dp-snd-codec: probe of fd4a0000.display:zynqmp_dp_snd_codec0 failed with error -22
[    4.495125]  mmcblk0: p1 p2 p3
[    4.503455] xilinx-dp-snd-pcm zynqmp_dp_snd_pcm0: Xilinx DisplayPort Sound PCM probed
[    4.514315] xilinx-dp-snd-pcm zynqmp_dp_snd_pcm1: Xilinx DisplayPort Sound PCM probed
[    4.522529] OF: graph: no port node found in /axi/display@fd4a0000
[    4.528936] xlnx-drm xlnx-drm.0: bound fd4a0000.display (ops 0xffffffc010fcbdb8)
[    5.615745] zynqmp-display fd4a0000.display: [drm] Cannot find any crtc or sizes
[    5.623359] [drm] Initialized xlnx 1.0.0 20130509 for fd4a0000.display on minor 0
[    5.630853] zynqmp-display fd4a0000.display: ZynqMP DisplayPort Subsystem driver probed
[    5.639168] ahci-ceva fd0c0000.ahci: supply ahci not found, using dummy regulator
[    5.646712] ahci-ceva fd0c0000.ahci: supply phy not found, using dummy regulator
[    5.654167] ahci-ceva fd0c0000.ahci: supply target not found, using dummy regulator
[    5.662004] ahci-ceva fd0c0000.ahci: AHCI 0001.0301 32 slots 2 ports 6 Gbps 0x3 impl platform mode
[    5.670961] ahci-ceva fd0c0000.ahci: flags: 64bit ncq sntf pm clo only pmp fbs pio slum part ccc sds apst 
[    5.681649] scsi host0: ahci-ceva
[    5.685253] scsi host1: ahci-ceva
[    5.688677] ata1: SATA max UDMA/133 mmio [mem 0xfd0c0000-0xfd0c1fff] port 0x100 irq 45
[    5.696596] ata2: SATA max UDMA/133 mmio [mem 0xfd0c0000-0xfd0c1fff] port 0x180 irq 45
[    5.705202] ad9081 spi1.0: supply vdd not found, using dummy regulator
[    6.017979] ata1: SATA link down (SStatus 0 SControl 330)
[    6.023394] ata2: SATA link down (SStatus 0 SControl 330)
[    6.699747] zynqmp-display fd4a0000.display: [drm] Cannot find any crtc or sizes
[    7.496610] ad9081 spi1.0: AD9081 Rev. 2 Grade 10 (API 1.2.2) probed
[    7.503820] xhci-hcd xhci-hcd.1.auto: xHCI Host Controller
[    7.509315] xhci-hcd xhci-hcd.1.auto: new USB bus registered, assigned bus number 1
[    7.517055] xhci-hcd xhci-hcd.1.auto: hcc params 0x0238f625 hci version 0x100 quirks 0x0000000002010810
[    7.526468] xhci-hcd xhci-hcd.1.auto: irq 59, io mem 0xfe200000
[    7.532573] usb usb1: New USB device found, idVendor=1d6b, idProduct=0002, bcdDevice= 5.10
[    7.540833] usb usb1: New USB device strings: Mfr=3, Product=2, SerialNumber=1
[    7.548051] usb usb1: Product: xHCI Host Controller
[    7.552919] usb usb1: Manufacturer: Linux 5.10.0-98103-g2aa7ac113716 xhci-hcd
[    7.560045] usb usb1: SerialNumber: xhci-hcd.1.auto
[    7.565211] hub 1-0:1.0: USB hub found
[    7.568974] hub 1-0:1.0: 1 port detected
[    7.573081] xhci-hcd xhci-hcd.1.auto: xHCI Host Controller
[    7.578569] xhci-hcd xhci-hcd.1.auto: new USB bus registered, assigned bus number 2
[    7.586221] xhci-hcd xhci-hcd.1.auto: Host supports USB 3.0 SuperSpeed
[    7.592850] usb usb2: New USB device found, idVendor=1d6b, idProduct=0003, bcdDevice= 5.10
[    7.601106] usb usb2: New USB device strings: Mfr=3, Product=2, SerialNumber=1
[    7.608327] usb usb2: Product: xHCI Host Controller
[    7.613195] usb usb2: Manufacturer: Linux 5.10.0-98103-g2aa7ac113716 xhci-hcd
[    7.620324] usb usb2: SerialNumber: xhci-hcd.1.auto
[    7.625435] hub 2-0:1.0: USB hub found
[    7.629193] hub 2-0:1.0: 1 port detected
[    7.659306] cf_axi_adc 84a10000.axi-ad9081-rx-hpc: ADI AIM (10.01.b) at 0x84A10000 mapped to 0x(____ptrval____), probed ADC AD9081 as MASTER
[    7.692568] cf_axi_dds 84b10000.axi-ad9081-tx-hpc: Analog Devices CF_AXI_DDS_DDS MASTER (9.01.b) at 0x84B10000 mapped to 0x(____ptrval____), probed DDS AD9081
[    7.706771] jesd204: /axi/spi@ff040000/ad9081@0,jesd204:0,parent=spi1.0: JESD204[2] transition initialized -> probed
[    7.717293] jesd204: /axi/spi@ff040000/ad9081@0,jesd204:0,parent=spi1.0: JESD204[0] transition initialized -> probed
[    7.727817] jesd204: /axi/spi@ff040000/ad9081@0,jesd204:0,parent=spi1.0: JESD204[2] transition probed -> idle
[    7.737734] jesd204: /axi/spi@ff040000/ad9081@0,jesd204:0,parent=spi1.0: JESD204[0] transition probed -> idle
[    7.747648] jesd204: /axi/spi@ff040000/ad9081@0,jesd204:0,parent=spi1.0: JESD204[2] transition idle -> device_init
[    7.757990] jesd204: /axi/spi@ff040000/ad9081@0,jesd204:0,parent=spi1.0: JESD204[0] transition idle -> device_init
[    7.768342] jesd204: /axi/spi@ff040000/ad9081@0,jesd204:0,parent=spi1.0: JESD204[2] transition device_init -> link_init
[    7.779118] jesd204: /axi/spi@ff040000/ad9081@0,jesd204:0,parent=spi1.0: JESD204[0] transition device_init -> link_init
[    7.789909] jesd204: /axi/spi@ff040000/ad9081@0,jesd204:0,parent=spi1.0: JESD204[2] transition link_init -> link_supported
[    7.800948] jesd204: /axi/spi@ff040000/ad9081@0,jesd204:0,parent=spi1.0: JESD204[0] transition link_init -> link_supported
[    7.812356] hmc7044 spi2.0: hmc7044_jesd204_link_pre_setup: Link2 forcing continuous SYSREF mode
[    7.821479] jesd204: /axi/spi@ff040000/ad9081@0,jesd204:0,parent=spi1.0: JESD204[2] transition link_supported -> link_pre_setup
[    7.832953] jesd204: /axi/spi@ff040000/ad9081@0,jesd204:0,parent=spi1.0: JESD204[0] transition link_supported -> link_pre_setup
[    7.856799] jesd204: /axi/spi@ff040000/ad9081@0,jesd204:0,parent=spi1.0: JESD204[2] transition link_pre_setup -> clk_sync_stage1
[    7.868359] jesd204: /axi/spi@ff040000/ad9081@0,jesd204:0,parent=spi1.0: JESD204[0] transition link_pre_setup -> clk_sync_stage1
[    7.879924] jesd204: /axi/spi@ff040000/ad9081@0,jesd204:0,parent=spi1.0: JESD204[2] transition clk_sync_stage1 -> clk_sync_stage2
[    7.891567] jesd204: /axi/spi@ff040000/ad9081@0,jesd204:0,parent=spi1.0: JESD204[0] transition clk_sync_stage1 -> clk_sync_stage2
[    7.903219] jesd204: /axi/spi@ff040000/ad9081@0,jesd204:0,parent=spi1.0: JESD204[2] transition clk_sync_stage2 -> clk_sync_stage3
[    7.914869] jesd204: /axi/spi@ff040000/ad9081@0,jesd204:0,parent=spi1.0: JESD204[0] transition clk_sync_stage2 -> clk_sync_stage3
[    7.928536] jesd204: /axi/spi@ff040000/ad9081@0,jesd204:0,parent=spi1.0: JESD204[2] transition clk_sync_stage3 -> link_setup
[    7.939754] jesd204: /axi/spi@ff040000/ad9081@0,jesd204:0,parent=spi1.0: JESD204[0] transition clk_sync_stage3 -> link_setup
[    7.955751] jesd204: /axi/spi@ff040000/ad9081@0,jesd204:0,parent=spi1.0: JESD204[2] transition link_setup -> opt_setup_stage1
[    7.967050] jesd204: /axi/spi@ff040000/ad9081@0,jesd204:0,parent=spi1.0: JESD204[0] transition link_setup -> opt_setup_stage1
[    7.983386] jesd204: /axi/spi@ff040000/ad9081@0,jesd204:0,parent=spi1.0: JESD204[2] transition opt_setup_stage1 -> opt_setup_stage2
[    7.995209] jesd204: /axi/spi@ff040000/ad9081@0,jesd204:0,parent=spi1.0: JESD204[0] transition opt_setup_stage1 -> opt_setup_stage2
[    8.007181] jesd204: /axi/spi@ff040000/ad9081@0,jesd204:0,parent=spi1.0: JESD204[2] transition opt_setup_stage2 -> opt_setup_stage3
[    8.019001] jesd204: /axi/spi@ff040000/ad9081@0,jesd204:0,parent=spi1.0: JESD204[0] transition opt_setup_stage2 -> opt_setup_stage3
[    8.030825] jesd204: /axi/spi@ff040000/ad9081@0,jesd204:0,parent=spi1.0: JESD204[2] transition opt_setup_stage3 -> opt_setup_stage4
[    8.042642] jesd204: /axi/spi@ff040000/ad9081@0,jesd204:0,parent=spi1.0: JESD204[0] transition opt_setup_stage3 -> opt_setup_stage4
[    8.054471] jesd204: /axi/spi@ff040000/ad9081@0,jesd204:0,parent=spi1.0: JESD204[2] transition opt_setup_stage4 -> opt_setup_stage5
[    8.066296] jesd204: /axi/spi@ff040000/ad9081@0,jesd204:0,parent=spi1.0: JESD204[0] transition opt_setup_stage4 -> opt_setup_stage5
[    8.084299] jesd204: /axi/spi@ff040000/ad9081@0,jesd204:0,parent=spi1.0: JESD204[2] transition opt_setup_stage5 -> clocks_enable
[    8.095861] jesd204: /axi/spi@ff040000/ad9081@0,jesd204:0,parent=spi1.0: JESD204[0] transition opt_setup_stage5 -> clocks_enable
[    8.107482] jesd204: /axi/spi@ff040000/ad9081@0,jesd204:0,parent=spi1.0: JESD204[2] transition clocks_enable -> link_enable
[    8.118613] jesd204: /axi/spi@ff040000/ad9081@0,jesd204:0,parent=spi1.0: JESD204[0] transition clocks_enable -> link_enable
[    8.151970] ad9081 spi1.0: JESD RX (JTX) Link2 in DATA, SYNC deasserted, PLL locked, PHASE established, MODE valid
[    8.162572] ad9081 spi1.0: JESD TX (JRX) Link0 0xF lanes in DATA
[    8.168583] jesd204: /axi/spi@ff040000/ad9081@0,jesd204:0,parent=spi1.0: JESD204[2] transition link_enable -> link_running
[    8.179621] jesd204: /axi/spi@ff040000/ad9081@0,jesd204:0,parent=spi1.0: JESD204[0] transition link_enable -> link_running
[    8.190671] jesd204: /axi/spi@ff040000/ad9081@0,jesd204:0,parent=spi1.0: JESD204[2] transition link_running -> opt_post_running_stage
[    8.202668] jesd204: /axi/spi@ff040000/ad9081@0,jesd204:0,parent=spi1.0: JESD204[0] transition link_running -> opt_post_running_stage
[    8.223901] input: gpio-keys as /devices/platform/gpio-keys/input/input0
[    8.230906] of_cfs_init
[    8.233373] of_cfs_init: OK
[    8.236328] cfg80211: Loading compiled-in X.509 certificates for regulatory database
[    8.374625] cfg80211: Loaded X.509 cert 'sforshee: 00b28ddf47aef9cea7'
[    8.381162] clk: Not disabling unused clocks
[    8.385696] ALSA device list:
[    8.388656]   No soundcards found.
[    8.392328] platform regulatory.0: Direct firmware load for regulatory.db failed with error -2
[    8.400937] cfg80211: failed to load regulatory.db
[    8.416867] EXT4-fs (mmcblk0p2): mounted filesystem with ordered data mode. Opts: (null)
[    8.424979] VFS: Mounted root (ext4 filesystem) on device 179:2.
[    8.438131] devtmpfs: mounted
[    8.441946] Freeing unused kernel memory: 2560K
[    8.451787] Run /sbin/init as init process
[    8.455877]   with arguments:
[    8.455880]     /sbin/init
[    8.455882]   with environment:
[    8.455884]     HOME=/
[    8.455887]     TERM=linux
[    9.020660] systemd[1]: systemd 241 running in system mode. (+PAM +AUDIT +SELINUX +IMA +APPARMOR +SMACK +SYSVINIT +UTMP +LIBCRYPTSETUP +GCRYPT +GNUTLS +ACL +XZ +LZ4 +SECCOMP +BLKID +ELFUTILS +KMOD -IDN2 +IDN -PCRE2 default-hierarchy=hybrid)
[    9.042539] systemd[1]: Detected architecture arm64.
[    9.064431] systemd[1]: Set hostname to <analog>.
[    9.252221] systemd[1]: File /lib/systemd/system/systemd-journald.service:12 configures an IP firewall (IPAddressDeny=any), but the local system does not support BPF/cgroup based firewalling.
[    9.269334] systemd[1]: Proceeding WITHOUT firewalling in effect! (This warning is only shown for the first loaded unit using IP firewalling.)
[    9.432654] systemd[1]: /etc/systemd/system/tof-server.service:1: Assignment outside of section. Ignoring.
[    9.442372] systemd[1]: /etc/systemd/system/tof-server.service:2: Assignment outside of section. Ignoring.
[    9.625388] random: systemd: uninitialized urandom read (16 bytes read)
[    9.640067] random: systemd: uninitialized urandom read (16 bytes read)
[    9.647098] systemd[1]: Created slice User and Session Slice.
[    9.667856] random: systemd: uninitialized urandom read (16 bytes read)
[    9.674628] systemd[1]: Listening on initctl Compatibility Named Pipe.
[    9.696123] systemd[1]: Listening on Journal Socket (/dev/log).
[   10.255396] ------------[ cut here ]------------
[   10.255405] Enabling unprepared \xa0\xe9Q\x88\xff\xff\xffpQ\x88\xff\xff\xff
[   10.255453] WARNING: CPU: 1 PID: 131 at drivers/clk/clk.c:1012 clk_core_enable+0xa4/0xc0
[   10.255455] Modules linked in:
[   10.255465] CPU: 1 PID: 131 Comm: kworker/1:1H Not tainted 5.10.0-98103-g2aa7ac113716 #5577
[   10.255468] Hardware name: ZynqMP ZCU102 Rev1.0 (DT)
[   10.255478] Workqueue: kblockd blk_mq_run_work_fn
[   10.255486] pstate: 80000085 (Nzcv daIf -PAN -UAO -TCO BTYPE=--)
[   10.255491] pc : clk_core_enable+0xa4/0xc0
[   10.255496] lr : clk_core_enable+0xa4/0xc0
[   10.255499] sp : ffffffc012b632d0
[   10.255502] x29: ffffffc012b632d0 x28: ffffff8800330c10 
[   10.255509] x27: ffffff8800330d48 x26: 0000005000000101 
[   10.255516] x25: 000000025d534cb0 x24: 0000000000000001 
[   10.255522] x23: ffffff88010e9380 x22: ffffff8801083220 
[   10.255529] x21: ffffff8801517000 x20: ffffff8801517008 
[   10.255536] x19: ffffff8801517008 x18: 0000000000000030 
[   10.255542] x17: 0000000000000004 x16: 0000aa371d77beda 
[   10.255549] x15: ffffffffffff8728 x14: ffffffc011d3b1a0 
[   10.255555] x13: ffffffc011d3b1c8 x12: 00000000000005e8 
[   10.255562] x11: 00000000000001f8 x10: ffffffc011d671c8 
[   10.255568] x9 : 00000000fffff800 x8 : ffffffc011d3b1c8 
[   10.255574] x7 : ffffffc011d671c8 x6 : 0000000000000001 
[   10.255581] x5 : ffffff887f77c9e0 x4 : 0000000000000000 
[   10.255587] x3 : 0000000000000027 x2 : 0000000000000023 
[   10.255594] x1 : bfd3c4f627646300 x0 : 0000000000000000 
[   10.255600] Call trace:
[   10.255607]  clk_core_enable+0xa4/0xc0
[   10.255612]  clk_enable+0x2c/0x60
[   10.255618]  zynqmp_runtime_resume+0x24/0x84
[   10.255625]  pm_generic_runtime_resume+0x30/0x50
[   10.255631]  __genpd_runtime_resume+0x30/0xb0
[   10.255637]  genpd_runtime_resume+0x90/0x250
[   10.255643]  __rpm_callback+0x10c/0x1e0
[   10.255648]  rpm_callback+0x5c/0x84
[   10.255653]  rpm_resume+0x4a4/0x74c
[   10.255658]  __pm_runtime_resume+0x78/0xc4
[   10.255663]  spi_mem_access_start.isra.0+0x30/0x80
[   10.255667]  spi_mem_exec_op+0x3b0/0x424
[   10.255672]  spi_nor_read_sr+0x78/0xe0
[   10.255677]  spi_nor_wait_till_ready_with_timeout+0xb4/0x2f0
[   10.255681]  spi_nor_read+0x188/0x380
[   10.255687]  mtd_read_oob_std+0x78/0x84
[   10.255691]  mtd_read_oob+0x7c/0x134
[   10.255696]  mtd_read+0x48/0x7c
[   10.255702]  mtdblock_readsect+0x6c/0x150
[   10.255707]  mtd_queue_rq+0x2cc/0x5a0
[   10.255713]  blk_mq_dispatch_rq_list+0x110/0x790
[   10.255720]  __blk_mq_do_dispatch_sched+0x200/0x274
[   10.255726]  __blk_mq_sched_dispatch_requests+0x1a8/0x1fc
[   10.255732]  blk_mq_sched_dispatch_requests+0x3c/0x7c
[   10.255737]  __blk_mq_run_hw_queue+0x98/0x100
[   10.255742]  blk_mq_run_work_fn+0x24/0x30
[   10.255747]  process_one_work+0x1d4/0x380
[   10.255751]  worker_thread+0x78/0x4e0
[   10.255757]  kthread+0x124/0x130
[   10.255763]  ret_from_fork+0x10/0x3c
[   10.255767] ---[ end trace c5a25ebdf2be6355 ]---
[   10.255803] zynqmp-qspi ff0f0000.spi: Cannot enable APB clock.
[   10.255857] spi_master spi0: Failed to power device: -108
[   10.255872] blk_update_request: I/O error, dev mtdblock0, sector 8 op 0x0:(READ) flags 0x80700 phys_seg 1 prio class 0
[   10.255949] spi_master spi0: Failed to power device: -22
[   10.255956] blk_update_request: I/O error, dev mtdblock0, sector 8 op 0x0:(READ) flags 0x0 phys_seg 8 prio class 0
[   10.255962] Buffer I/O error on dev mtdblock0, logical block 8, async page read
[   10.255972] spi_master spi0: Failed to power device: -22
[   10.255977] blk_update_request: I/O error, dev mtdblock0, sector 9 op 0x0:(READ) flags 0x0 phys_seg 7 prio class 0
[   10.255981] Buffer I/O error on dev mtdblock0, logical block 9, async page read
[   10.255988] spi_master spi0: Failed to power device: -22
[   10.255994] blk_update_request: I/O error, dev mtdblock0, sector 10 op 0x0:(READ) flags 0x0 phys_seg 6 prio class 0
[   10.255998] Buffer I/O error on dev mtdblock0, logical block 10, async page read
[   10.256004] spi_master spi0: Failed to power device: -22
[   10.256011] blk_update_request: I/O error, dev mtdblock0, sector 11 op 0x0:(READ) flags 0x0 phys_seg 5 prio class 0
[   10.256014] Buffer I/O error on dev mtdblock0, logical block 11, async page read
[   10.256021] spi_master spi0: Failed to power device: -22
[   10.256027] blk_update_request: I/O error, dev mtdblock0, sector 12 op 0x0:(READ) flags 0x0 phys_seg 4 prio class 0
[   10.256031] Buffer I/O error on dev mtdblock0, logical block 12, async page read
[   10.256037] spi_master spi0: Failed to power device: -22
[   10.256043] blk_update_request: I/O error, dev mtdblock0, sector 13 op 0x0:(READ) flags 0x0 phys_seg 3 prio class 0
[   10.256047] Buffer I/O error on dev mtdblock0, logical block 13, async page read
[   10.256054] spi_master spi0: Failed to power device: -22
[   10.256060] blk_update_request: I/O error, dev mtdblock0, sector 14 op 0x0:(READ) flags 0x0 phys_seg 2 prio class 0
[   10.256064] Buffer I/O error on dev mtdblock0, logical block 14, async page read
[   10.256071] spi_master spi0: Failed to power device: -22
[   10.256077] blk_update_request: I/O error, dev mtdblock0, sector 15 op 0x0:(READ) flags 0x0 phys_seg 1 prio class 0
[   10.256089] Buffer I/O error on dev mtdblock0, logical block 15, async page read
[   10.256432] spi_master spi0: Failed to power device: -22
[   10.256440] blk_update_request: I/O error, dev mtdblock1, sector 10112 op 0x0:(READ) flags 0x80700 phys_seg 1 prio class 0
[   10.256485] spi_master spi0: Failed to power device: -22
[   10.256491] Buffer I/O error on dev mtdblock1, logical block 10112, async page read
[   10.256499] spi_master spi0: Failed to power device: -22
[   10.256503] Buffer I/O error on dev mtdblock1, logical block 10113, async page read
[   10.256510] spi_master spi0: Failed to power device: -22
[   10.256520] spi_master spi0: Failed to power device: -22
[   10.256528] spi_master spi0: Failed to power device: -22
[   10.256535] spi_master spi0: Failed to power device: -22
[   10.256543] spi_master spi0: Failed to power device: -22
[   10.256550] spi_master spi0: Failed to power device: -22
[   10.256838] spi_master spi0: Failed to power device: -22
[   10.256882] spi_master spi0: Failed to power device: -22
[   10.256891] spi_master spi0: Failed to power device: -22
[   10.256899] spi_master spi0: Failed to power device: -22
[   10.256906] spi_master spi0: Failed to power device: -22
[   10.256914] spi_master spi0: Failed to power device: -22
[   10.256922] spi_master spi0: Failed to power device: -22
[   10.256929] spi_master spi0: Failed to power device: -22
[   10.256936] spi_master spi0: Failed to power device: -22
[   10.257209] spi_master spi0: Failed to power device: -22
[   10.257254] spi_master spi0: Failed to power device: -22
[   10.257263] spi_master spi0: Failed to power device: -22
[   10.257271] spi_master spi0: Failed to power device: -22
[   10.257278] spi_master spi0: Failed to power device: -22
[   10.257286] spi_master spi0: Failed to power device: -22
[   10.257293] spi_master spi0: Failed to power device: -22
[   10.257300] spi_master spi0: Failed to power device: -22
[   10.257307] spi_master spi0: Failed to power device: -22
[   10.381159] EXT4-fs (mmcblk0p2): re-mounted. Opts: (null)
[   10.528543] systemd-journald[169]: Received request to flush runtime journal from PID 1
[   16.596930] macb ff0e0000.ethernet eth0: PHY [ff0e0000.ethernet-ffffffff:0c] driver [TI DP83867] (irq=POLL)
[   16.596943] macb ff0e0000.ethernet eth0: configuring for phy/rgmii-id link mode
[   16.863786] Adding 102396k swap on /var/swap.  Priority:-2 extents:4 across:9953604k SS
[   18.631752] random: crng init done
[   18.631763] random: 7 urandom warning(s) missed due to ratelimiting
[   19.391755] broken atomic modeset userspace detected, disabling atomic
[   20.673334] macb ff0e0000.ethernet eth0: Link is Up - 1Gbps/Full - flow control off
[   20.673360] IPv6: ADDRCONF(NETDEV_CHANGE): eth0: link becomes ready
[   22.063436] broken atomic modeset userspace detected, disabling atomic
[   25.000738] broken atomic modeset userspace detected, disabling atomic
[   27.629552] broken atomic modeset userspace detected, disabling atomic