[    0.000000] Booting Linux on physical CPU 0x0000000000 [0x410fd034]
[    0.000000] Linux version 5.10.0-98103-g2aa7ac113716 (jenkins@romlxbuild1.adlk.analog.com) (aarch64-xilinx-linux-gcc.real (GCC) 10.2.0, GNU ld (GNU Binutils) 2.35.0.20200730) #5577 SMP Wed Mar 23 07:28:49 GMT 2022
[    0.000000] Machine model: ZynqMP ZCU102 Rev1.0
[    0.000000] earlycon: cdns0 at MMIO 0x00000000ff000000 (options '115200n8')
[    0.000000] printk: bootconsole [cdns0] enabled
[    0.000000] efi: UEFI not found.
[    0.000000] cma: Reserved 256 MiB at 0x0000000070000000
[    0.000000] Zone ranges:
[    0.000000]   DMA      [mem 0x0000000000000000-0x000000003fffffff]
[    0.000000]   DMA32    [mem 0x0000000040000000-0x00000000ffffffff]
[    0.000000]   Normal   [mem 0x0000000100000000-0x000000087fffffff]
[    0.000000] Movable zone start for each node
[    0.000000] Early memory node ranges
[    0.000000]   node   0: [mem 0x0000000000000000-0x000000007fffffff]
[    0.000000]   node   0: [mem 0x0000000800000000-0x000000087fffffff]
[    0.000000] Initmem setup node 0 [mem 0x0000000000000000-0x000000087fffffff]
[    0.000000] On node 0 totalpages: 1048576
[    0.000000]   DMA zone: 3584 pages used for memmap
[    0.000000]   DMA zone: 0 pages reserved
[    0.000000]   DMA zone: 262144 pages, LIFO batch:63
[    0.000000]   DMA32 zone: 3584 pages used for memmap
[    0.000000]   DMA32 zone: 262144 pages, LIFO batch:63
[    0.000000]   Normal zone: 7168 pages used for memmap
[    0.000000]   Normal zone: 524288 pages, LIFO batch:63
[    0.000000] psci: probing for conduit method from DT.
[    0.000000] psci: PSCIv1.1 detected in firmware.
[    0.000000] psci: Using standard PSCI v0.2 function IDs
[    0.000000] psci: MIGRATE_INFO_TYPE not supported.
[    0.000000] psci: SMC Calling Convention v1.2
[    0.000000] percpu: Embedded 22 pages/cpu s49496 r8192 d32424 u90112
[    0.000000] pcpu-alloc: s49496 r8192 d32424 u90112 alloc=22*4096
[    0.000000] pcpu-alloc: [0] 0 [0] 1 [0] 2 [0] 3 
[    0.000000] Detected VIPT I-cache on CPU0
[    0.000000] CPU features: detected: ARM erratum 845719
[    0.000000] Built 1 zonelists, mobility grouping on.  Total pages: 1034240
[    0.000000] Kernel command line: console=ttyPS0,115200 root=/dev/mmcblk0p2 rw earlycon rootfstype=ext4 rootwait clk_ignore_unused cpuidle.off=1 root=/dev/mmcblk0p2 rw rootwait
[    0.000000] Dentry cache hash table entries: 524288 (order: 10, 4194304 bytes, linear)
[    0.000000] Inode-cache hash table entries: 262144 (order: 9, 2097152 bytes, linear)
[    0.000000] mem auto-init: stack:off, heap alloc:off, heap free:off
[    0.000000] software IO TLB: mapped [mem 0x000000003bfff000-0x000000003ffff000] (64MB)
[    0.000000] Memory: 3761904K/4194304K available (15296K kernel code, 1636K rwdata, 11876K rodata, 2560K init, 507K bss, 170256K reserved, 262144K cma-reserved)
[    0.000000] rcu: Hierarchical RCU implementation.
[    0.000000] rcu: 	RCU event tracing is enabled.
[    0.000000] rcu: 	RCU restricting CPUs from NR_CPUS=8 to nr_cpu_ids=4.
[    0.000000] rcu: RCU calculated value of scheduler-enlistment delay is 25 jiffies.
[    0.000000] rcu: Adjusting geometry for rcu_fanout_leaf=16, nr_cpu_ids=4
[    0.000000] NR_IRQS: 64, nr_irqs: 64, preallocated irqs: 0
[    0.000000] GIC: Adjusting CPU interface base to 0x00000000f902f000
[    0.000000] GIC: Using split EOI/Deactivate mode
[    0.000000] random: get_random_bytes called from start_kernel+0x31c/0x54c with crng_init=0
[    0.000000] arch_timer: cp15 timer(s) running at 100.00MHz (phys).
[    0.000000] clocksource: arch_sys_counter: mask: 0xffffffffffffff max_cycles: 0x171024e7e0, max_idle_ns: 440795205315 ns
[    0.000003] sched_clock: 56 bits at 100MHz, resolution 10ns, wraps every 4398046511100ns
[    0.008460] Console: colour dummy device 80x25
[    0.012482] Calibrating delay loop (skipped), value calculated using timer frequency.. 200.00 BogoMIPS (lpj=400000)
[    0.022841] pid_max: default: 32768 minimum: 301
[    0.027549] Mount-cache hash table entries: 8192 (order: 4, 65536 bytes, linear)
[    0.034789] Mountpoint-cache hash table entries: 8192 (order: 4, 65536 bytes, linear)
[    0.043397] rcu: Hierarchical SRCU implementation.
[    0.047561] EFI services will not be available.
[    0.051937] smp: Bringing up secondary CPUs ...
[    0.056654] Detected VIPT I-cache on CPU1
[    0.056693] CPU1: Booted secondary processor 0x0000000001 [0x410fd034]
[    0.057058] Detected VIPT I-cache on CPU2
[    0.057082] CPU2: Booted secondary processor 0x0000000002 [0x410fd034]
[    0.057420] Detected VIPT I-cache on CPU3
[    0.057443] CPU3: Booted secondary processor 0x0000000003 [0x410fd034]
[    0.057489] smp: Brought up 1 node, 4 CPUs
[    0.091780] SMP: Total of 4 processors activated.
[    0.096452] CPU features: detected: 32-bit EL0 Support
[    0.101556] CPU features: detected: CRC32 instructions
[    0.106695] CPU: All CPU(s) started at EL2
[    0.110736] alternatives: patching kernel code
[    0.116170] devtmpfs: initialized
[    0.124063] Registered cp15_barrier emulation handler
[    0.124113] Registered setend emulation handler
[    0.128091] clocksource: jiffies: mask: 0xffffffff max_cycles: 0xffffffff, max_idle_ns: 7645041785100000 ns
[    0.137670] futex hash table entries: 1024 (order: 4, 65536 bytes, linear)
[    0.151039] pinctrl core: initialized pinctrl subsystem
[    0.151686] NET: Registered protocol family 16
[    0.156112] DMA: preallocated 512 KiB GFP_KERNEL pool for atomic allocations
[    0.162123] DMA: preallocated 512 KiB GFP_KERNEL|GFP_DMA pool for atomic allocations
[    0.169852] DMA: preallocated 512 KiB GFP_KERNEL|GFP_DMA32 pool for atomic allocations
[    0.177652] audit: initializing netlink subsys (disabled)
[    0.183103] audit: type=2000 audit(0.116:1): state=initialized audit_enabled=0 res=1
[    0.183447] hw-breakpoint: found 6 breakpoint and 4 watchpoint registers.
[    0.197480] ASID allocator initialised with 65536 entries
[    0.224339] HugeTLB registered 1.00 GiB page size, pre-allocated 0 pages
[    0.225395] HugeTLB registered 32.0 MiB page size, pre-allocated 0 pages
[    0.232065] HugeTLB registered 2.00 MiB page size, pre-allocated 0 pages
[    0.238725] HugeTLB registered 64.0 KiB page size, pre-allocated 0 pages
[    1.304312] DRBG: Continuing without Jitter RNG
[    1.382124] raid6: neonx8   gen()  2145 MB/s
[    1.450170] raid6: neonx8   xor()  1595 MB/s
[    1.518227] raid6: neonx4   gen()  2196 MB/s
[    1.586275] raid6: neonx4   xor()  1567 MB/s
[    1.654346] raid6: neonx2   gen()  2075 MB/s
[    1.722393] raid6: neonx2   xor()  1442 MB/s
[    1.790454] raid6: neonx1   gen()  1772 MB/s
[    1.858502] raid6: neonx1   xor()  1220 MB/s
[    1.926558] raid6: int64x8  gen()  1438 MB/s
[    1.994616] raid6: int64x8  xor()   771 MB/s
[    2.062686] raid6: int64x4  gen()  1599 MB/s
[    2.130737] raid6: int64x4  xor()   818 MB/s
[    2.198799] raid6: int64x2  gen()  1397 MB/s
[    2.266853] raid6: int64x2  xor()   750 MB/s
[    2.334926] raid6: int64x1  gen()  1032 MB/s
[    2.402991] raid6: int64x1  xor()   517 MB/s
[    2.403029] raid6: using algorithm neonx4 gen() 2196 MB/s
[    2.406987] raid6: .... xor() 1567 MB/s, rmw enabled
[    2.411917] raid6: using neon recovery algorithm
[    2.416929] iommu: Default domain type: Translated 
[    2.421543] SCSI subsystem initialized
[    2.425087] libata version 3.00 loaded.
[    2.425211] usbcore: registered new interface driver usbfs
[    2.430544] usbcore: registered new interface driver hub
[    2.435816] usbcore: registered new device driver usb
[    2.440952] mc: Linux media interface: v0.10
[    2.445065] videodev: Linux video capture interface: v2.00
[    2.450557] EDAC MC: Ver: 3.0.0
[    2.453998] zynqmp-ipi-mbox mailbox@ff990400: Registered ZynqMP IPI mbox with TX/RX channels.
[    2.462481] jesd204: created con: id=0, topo=0, link=0, /axi/spi@ff050000/hmc7044@0 <-> /fpga-axi@0/axi-adxcvr-tx@84b60000
[    2.473086] jesd204: created con: id=1, topo=0, link=2, /axi/spi@ff050000/hmc7044@0 <-> /fpga-axi@0/axi-adxcvr-rx@84a60000
[    2.484070] jesd204: created con: id=2, topo=0, link=0, /fpga-axi@0/axi-adxcvr-tx@84b60000 <-> /fpga-axi@0/axi-jesd204-tx@84b90000
[    2.495746] jesd204: created con: id=3, topo=0, link=2, /fpga-axi@0/axi-adxcvr-rx@84a60000 <-> /fpga-axi@0/axi-jesd204-rx@84a90000
[    2.507423] jesd204: created con: id=4, topo=0, link=0, /fpga-axi@0/axi-jesd204-tx@84b90000 <-> /fpga-axi@0/axi-ad9081-tx-hpc@84b10000
[    2.519450] jesd204: created con: id=5, topo=0, link=2, /fpga-axi@0/axi-jesd204-rx@84a90000 <-> /fpga-axi@0/axi-ad9081-rx-hpc@84a10000
[    2.531473] jesd204: created con: id=6, topo=0, link=2, /fpga-axi@0/axi-ad9081-rx-hpc@84a10000 <-> /axi/spi@ff040000/ad9081@0
[    2.542714] jesd204: created con: id=7, topo=0, link=0, /fpga-axi@0/axi-ad9081-tx-hpc@84b10000 <-> /axi/spi@ff040000/ad9081@0
[    2.553964] jesd204: /axi/spi@ff040000/ad9081@0: JESD204[2] transition uninitialized -> initialized
[    2.562951] jesd204: /axi/spi@ff040000/ad9081@0: JESD204[0] transition uninitialized -> initialized
[    2.571943] jesd204: found 8 devices and 1 topologies
[    2.576986] FPGA manager framework
[    2.580465] Advanced Linux Sound Architecture Driver Initialized.
[    2.586758] Bluetooth: Core ver 2.22
[    2.589946] NET: Registered protocol family 31
[    2.594347] Bluetooth: HCI device and connection manager initialized
[    2.600663] Bluetooth: HCI socket layer initialized
[    2.605506] Bluetooth: L2CAP socket layer initialized
[    2.610529] Bluetooth: SCO socket layer initialized
[    2.615714] clocksource: Switched to clocksource arch_sys_counter
[    2.621522] VFS: Disk quotas dquot_6.6.0
[    2.625356] VFS: Dquot-cache hash table entries: 512 (order 0, 4096 bytes)
[    2.636068] NET: Registered protocol family 2
[    2.636800] tcp_listen_portaddr_hash hash table entries: 2048 (order: 3, 32768 bytes, linear)
[    2.644997] TCP established hash table entries: 32768 (order: 6, 262144 bytes, linear)
[    2.653022] TCP bind hash table entries: 32768 (order: 7, 524288 bytes, linear)
[    2.660468] TCP: Hash tables configured (established 32768 bind 32768)
[    2.666640] UDP hash table entries: 2048 (order: 4, 65536 bytes, linear)
[    2.673307] UDP-Lite hash table entries: 2048 (order: 4, 65536 bytes, linear)
[    2.680469] NET: Registered protocol family 1
[    2.684922] RPC: Registered named UNIX socket transport module.
[    2.690545] RPC: Registered udp transport module.
[    2.695209] RPC: Registered tcp transport module.
[    2.699878] RPC: Registered tcp NFSv4.1 backchannel transport module.
[    2.706870] PCI: CLS 0 bytes, default 64
[    2.710576] hw perfevents: no interrupt-affinity property for /pmu, guessing.
[    2.717430] hw perfevents: enabled with armv8_pmuv3 PMU driver, 7 counters available
[    2.725785] Initialise system trusted keyrings
[    2.729457] workingset: timestamp_bits=62 max_order=20 bucket_order=0
[    2.736360] NFS: Registering the id_resolver key type
[    2.740808] Key type id_resolver registered
[    2.744946] Key type id_legacy registered
[    2.748936] nfs4filelayout_init: NFSv4 File Layout Driver Registering...
[    2.755602] jffs2: version 2.2. (NAND) (SUMMARY)  Â© 2001-2006 Red Hat, Inc.
[    2.799270] NET: Registered protocol family 38
[    2.799313] xor: measuring software checksum speed
[    2.806998]    8regs           :  2363 MB/sec
[    2.810666]    32regs          :  2799 MB/sec
[    2.815609]    arm64_neon      :  2380 MB/sec
[    2.815803] xor: using function: 32regs (2799 MB/sec)
[    2.820825] Key type asymmetric registered
[    2.824886] Asymmetric key parser 'x509' registered
[    2.829747] Block layer SCSI generic (bsg) driver version 0.4 loaded (major 248)
[    2.837084] io scheduler mq-deadline registered
[    2.841580] io scheduler kyber registered
[    2.870989] Serial: 8250/16550 driver, 4 ports, IRQ sharing disabled
[    2.875627] cacheinfo: Unable to detect cache hierarchy for CPU 0
[    2.881978] brd: module loaded
[    2.886122] loop: module loaded
[    2.886667] Registered mathworks_ip class
[    2.889999] libphy: Fixed MDIO Bus: probed
[    2.892988] tun: Universal TUN/TAP device driver, 1.6
[    2.897037] CAN device driver interface
[    2.901573] usbcore: registered new interface driver asix
[    2.906169] usbcore: registered new interface driver ax88179_178a
[    2.912203] usbcore: registered new interface driver cdc_ether
[    2.917996] usbcore: registered new interface driver net1080
[    2.923622] usbcore: registered new interface driver cdc_subset
[    2.929502] usbcore: registered new interface driver zaurus
[    2.935045] usbcore: registered new interface driver cdc_ncm
[    2.941447] ehci_hcd: USB 2.0 'Enhanced' Host Controller (EHCI) Driver
[    2.947131] ehci-pci: EHCI PCI platform driver
[    2.951936] usbcore: registered new interface driver uas
[    2.956849] usbcore: registered new interface driver usb-storage
[    2.962836] usbcore: registered new interface driver usbserial_generic
[    2.969286] usbserial: USB Serial support registered for generic
[    2.975259] usbcore: registered new interface driver ftdi_sio
[    2.980962] usbserial: USB Serial support registered for FTDI USB Serial Device
[    2.988239] usbcore: registered new interface driver upd78f0730
[    2.994109] usbserial: USB Serial support registered for upd78f0730
[    3.001763] rtc_zynqmp ffa60000.rtc: registered as rtc0
[    3.005535] rtc_zynqmp ffa60000.rtc: setting system clock to 2022-04-12T19:58:12 UTC (1649793492)
[    3.014397] i2c /dev entries driver
[    3.019716] usbcore: registered new interface driver uvcvideo
[    3.023503] USB Video Class driver (1.1.1)
[    3.029087] Bluetooth: HCI UART driver ver 2.3
[    3.031992] Bluetooth: HCI UART protocol H4 registered
[    3.037090] Bluetooth: HCI UART protocol BCSP registered
[    3.042378] Bluetooth: HCI UART protocol LL registered
[    3.047469] Bluetooth: HCI UART protocol ATH3K registered
[    3.052844] Bluetooth: HCI UART protocol Three-wire (H5) registered
[    3.059096] Bluetooth: HCI UART protocol Intel registered
[    3.064434] Bluetooth: HCI UART protocol QCA registered
[    3.069638] usbcore: registered new interface driver bcm203x
[    3.075256] usbcore: registered new interface driver bpa10x
[    3.080792] usbcore: registered new interface driver bfusb
[    3.086245] usbcore: registered new interface driver btusb
[    3.091711] usbcore: registered new interface driver ath3k
[    3.097188] EDAC MC: ECC not enabled
[    3.100817] EDAC DEVICE0: Giving out device to module zynqmp-ocm-edac controller zynqmp_ocm: DEV ff960000.memory-controller (INTERRUPT)
[    3.113127] sdhci: Secure Digital Host Controller Interface driver
[    3.118919] sdhci: Copyright(c) Pierre Ossman
[    3.123241] sdhci-pltfm: SDHCI platform and OF driver helper
[    3.129292] ledtrig-cpu: registered to indicate activity on CPUs
[    3.134847] SMCCC: SOC_ID: ARCH_SOC_ID not implemented, skipping ....
[    3.141278] zynqmp_firmware_probe Platform Management API v1.1
[    3.147033] zynqmp_firmware_probe Trustzone version v1.0
[    3.186567] zynqmp-pinctrl firmware:zynqmp-firmware:pinctrl: zynqmp pinctrl initialized
[    3.234554] zynqmp-aes firmware:zynqmp-firmware:zynqmp-aes: will run requests pump with realtime priority
[    3.250391] alg: No test for xilinx-keccak-384 (zynqmp-keccak-384)
[    3.251096] alg: No test for xilinx-zynqmp-rsa (zynqmp-rsa)
[    3.256611] usbcore: registered new interface driver usbhid
[    3.262000] usbhid: USB HID core driver
[    3.273259] axi_sysid 85000000.axi-sysid-0: AXI System ID core version (1.01.a) found
[    3.275606] axi_sysid 85000000.axi-sysid-0: [ad9081_fmca_ebz] on [zcu102] git branch <master> git <084d44c9780640ca93fd847b1d9ec70dd65f5c67> clean [2022-03-18 04:17:50] UTC
[    3.291292] fpga_manager fpga0: Xilinx ZynqMP FPGA Manager registered
[    3.297649] usbcore: registered new interface driver snd-usb-audio
[    3.305102] pktgen: Packet Generator for packet performance testing. Version: 2.75
[    3.311279] Initializing XFRM netlink socket
[    3.315137] NET: Registered protocol family 10
[    3.319862] Segment Routing with IPv6
[    3.323225] sit: IPv6, IPv4 and MPLS over IPv4 tunneling driver
[    3.329305] NET: Registered protocol family 17
[    3.333411] NET: Registered protocol family 15
[    3.337905] can: controller area network core
[    3.342160] NET: Registered protocol family 29
[    3.346548] can: raw protocol
[    3.349484] can: broadcast manager protocol
[    3.353639] can: netlink gateway - max_hops=1
[    3.358034] Bluetooth: RFCOMM TTY layer initialized
[    3.362813] Bluetooth: RFCOMM socket layer initialized
[    3.367919] Bluetooth: RFCOMM ver 1.11
[    3.371626] Bluetooth: BNEP (Ethernet Emulation) ver 1.3
[    3.376903] Bluetooth: BNEP filters: protocol multicast
[    3.382097] Bluetooth: BNEP socket layer initialized
[    3.387024] Bluetooth: HIDP (Human Interface Emulation) ver 1.2
[    3.392908] Bluetooth: HIDP socket layer initialized
[    3.397963] 9pnet: Installing 9P2000 support
[    3.402085] NET: Registered protocol family 36
[    3.406501] Key type dns_resolver registered
[    3.410931] registered taskstats version 1
[    3.414798] Loading compiled-in X.509 certificates
[    3.419920] Btrfs loaded, crc32c=crc32c-generic
[    3.432317] ff000000.serial: ttyPS0 at MMIO 0xff000000 (irq = 49, base_baud = 6249999) is a xuartps
[    3.441340] printk: console [ttyPS0] enabled
[    3.445635] printk: bootconsole [cdns0] disabled
[    3.455266] ff010000.serial: ttyPS1 at MMIO 0xff010000 (irq = 50, base_baud = 6249999) is a xuartps
[    3.468504] of-fpga-region fpga-full: FPGA Region probed
[    3.475462] nwl-pcie fd0e0000.pcie: host bridge /axi/pcie@fd0e0000 ranges:
[    3.482356] nwl-pcie fd0e0000.pcie:      MEM 0x00e0000000..0x00efffffff -> 0x00e0000000
[    3.490358] nwl-pcie fd0e0000.pcie:      MEM 0x0600000000..0x07ffffffff -> 0x0600000000
[    3.498419] nwl-pcie fd0e0000.pcie: Link is DOWN
[    3.503175] nwl-pcie fd0e0000.pcie: PCI host bridge to bus 0000:00
[    3.509356] pci_bus 0000:00: root bus resource [bus 00-ff]
[    3.514837] pci_bus 0000:00: root bus resource [mem 0xe0000000-0xefffffff]
[    3.521702] pci_bus 0000:00: root bus resource [mem 0x600000000-0x7ffffffff pref]
[    3.529205] pci 0000:00:00.0: [10ee:d021] type 01 class 0x060400
[    3.535266] pci 0000:00:00.0: PME# supported from D0 D1 D2 D3hot
[    3.545722] pci 0000:00:00.0: PCI bridge to [bus 01-0c]
[    3.551709] xilinx-zynqmp-dma fd500000.dma: ZynqMP DMA driver Probe success
[    3.558879] xilinx-zynqmp-dma fd510000.dma: ZynqMP DMA driver Probe success
[    3.566053] xilinx-zynqmp-dma fd520000.dma: ZynqMP DMA driver Probe success
[    3.573226] xilinx-zynqmp-dma fd530000.dma: ZynqMP DMA driver Probe success
[    3.580392] xilinx-zynqmp-dma fd540000.dma: ZynqMP DMA driver Probe success
[    3.587561] xilinx-zynqmp-dma fd550000.dma: ZynqMP DMA driver Probe success
[    3.594733] xilinx-zynqmp-dma fd560000.dma: ZynqMP DMA driver Probe success
[    3.601901] xilinx-zynqmp-dma fd570000.dma: ZynqMP DMA driver Probe success
[    3.609300] xilinx-zynqmp-dpdma fd4c0000.dma-controller: Xilinx DPDMA engine is probed
[    3.617839] ahci-ceva fd0c0000.ahci: supply ahci not found, using dummy regulator
[    3.625380] ahci-ceva fd0c0000.ahci: supply phy not found, using dummy regulator
[    3.715884] hmc7044 spi2.0: PLL1: Acquisition, CLKIN0 @ 122880000 Hz, PFD: 80 kHz - PLL2: Locked @ 3120.000000 MHz
[    3.726602] jesd204: /axi/spi@ff050000/hmc7044@0,jesd204:1,parent=spi2.0: Using as SYSREF provider
[    3.736187] spi-nor spi0.0: SPI-NOR-UniqueID 100000235394732200270025081115266e
[    3.743498] spi-nor spi0.0: found n25q512a, expected m25p80
[    3.749697] spi-nor spi0.0: trying to lock already unlocked area
[    3.755699] spi-nor spi0.0: n25q512a (131072 Kbytes)
[    3.760683] 4 fixed-partitions partitions found on MTD device spi0.0
[    3.767032] Creating 4 MTD partitions on "spi0.0":
[    3.771817] 0x000000000000-0x000000100000 : "qspi-fsbl-uboot"
[    3.778305] 0x000000100000-0x000000600000 : "qspi-linux"
[    3.784263] 0x000000600000-0x000000620000 : "qspi-device-tree"
[    3.790731] 0x000000620000-0x000000c00000 : "qspi-rootfs"
[    3.799188] macb ff0e0000.ethernet: Not enabling partial store and forward
[    3.806711] libphy: MACB_mii_bus: probed
[    3.811776] macb ff0e0000.ethernet eth0: Cadence GEM rev 0x50070106 at 0xff0e0000 irq 30 (00:0a:35:04:8e:1b)
[    3.821980] xilinx-axipmon ffa00000.perf-monitor: Probed Xilinx APM
[    3.828558] xilinx-axipmon fd0b0000.perf-monitor: Probed Xilinx APM
[    3.835070] xilinx-axipmon fd490000.perf-monitor: Probed Xilinx APM
[    3.841615] xilinx-axipmon ffa10000.perf-monitor: Probed Xilinx APM
[    3.851613] pca953x 0-0020: supply vcc not found, using dummy regulator
[    3.858301] pca953x 0-0020: using no AI
[    3.862788] gpio-496 (sel0): hogged as output/low
[    3.867689] gpio-497 (sel1): hogged as output/high
[    3.872673] gpio-498 (sel2): hogged as output/high
[    3.877664] gpio-499 (sel3): hogged as output/high
[    3.882843] pca953x 0-0021: supply vcc not found, using dummy regulator
[    3.889509] pca953x 0-0021: using no AI
[    3.895262] ina2xx 2-0040: power monitor ina226 (Rshunt = 5000 uOhm)
[    3.902288] ina2xx 2-0041: power monitor ina226 (Rshunt = 5000 uOhm)
[    3.909321] ina2xx 2-0042: power monitor ina226 (Rshunt = 5000 uOhm)
[    3.916359] ina2xx 2-0043: power monitor ina226 (Rshunt = 5000 uOhm)
[    3.923387] ina2xx 2-0044: power monitor ina226 (Rshunt = 5000 uOhm)
[    3.930405] ina2xx 2-0045: power monitor ina226 (Rshunt = 5000 uOhm)
[    3.937436] ina2xx 2-0046: power monitor ina226 (Rshunt = 5000 uOhm)
[    3.944512] ina2xx 2-0047: power monitor ina226 (Rshunt = 5000 uOhm)
[    3.951538] ina2xx 2-004a: power monitor ina226 (Rshunt = 5000 uOhm)
[    3.958580] ina2xx 2-004b: power monitor ina226 (Rshunt = 5000 uOhm)
[    3.964991] i2c i2c-0: Added multiplexed i2c bus 2
[    3.970376] random: fast init done
[    3.973848] ina2xx 3-0040: power monitor ina226 (Rshunt = 2000 uOhm)
[    3.980873] ina2xx 3-0041: power monitor ina226 (Rshunt = 5000 uOhm)
[    3.987901] ina2xx 3-0042: power monitor ina226 (Rshunt = 5000 uOhm)
[    3.994934] ina2xx 3-0043: power monitor ina226 (Rshunt = 5000 uOhm)
[    4.001959] ina2xx 3-0044: power monitor ina226 (Rshunt = 5000 uOhm)
[    4.008985] ina2xx 3-0045: power monitor ina226 (Rshunt = 5000 uOhm)
[    4.016016] ina2xx 3-0046: power monitor ina226 (Rshunt = 5000 uOhm)
[    4.023047] ina2xx 3-0047: power monitor ina226 (Rshunt = 5000 uOhm)
[    4.029448] i2c i2c-0: Added multiplexed i2c bus 3
[    4.085681] i2c i2c-0: Added multiplexed i2c bus 4
[    4.090624] i2c i2c-0: Added multiplexed i2c bus 5
[    4.095411] pca954x 0-0075: registered 4 multiplexed busses for I2C mux pca9544
[    4.102761] cdns-i2c ff020000.i2c: 400 kHz mmio ff020000 irq 32
[    4.110500] at24 6-0054: supply vcc not found, using dummy regulator
[    4.117399] at24 6-0054: 1024 byte 24c08 EEPROM, writable, 1 bytes/write
[    4.124150] i2c i2c-1: Added multiplexed i2c bus 6
[    4.130580] si5341 7-0036: Chip: 5341 Grade: 1 Rev: 1
[    4.168248] i2c i2c-1: Added multiplexed i2c bus 7
[    4.175903] si570 8-005d: registered, current frequency 300000000 Hz
[    4.182303] i2c i2c-1: Added multiplexed i2c bus 8
[    4.202084] si570 9-005d: registered, current frequency 148500000 Hz
[    4.208483] i2c i2c-1: Added multiplexed i2c bus 9
[    4.213522] si5324 10-0069: si5328 probed
[    4.280067] si5324 10-0069: si5328 probe successful
[    4.284999] i2c i2c-1: Added multiplexed i2c bus 10
[    4.290027] i2c i2c-1: Added multiplexed i2c bus 11
[    4.295051] i2c i2c-1: Added multiplexed i2c bus 12
[    4.300074] i2c i2c-1: Added multiplexed i2c bus 13
[    4.304955] pca954x 1-0074: registered 8 multiplexed busses for I2C switch pca9548
[    4.313065] at24 14-0050: supply vcc not found, using dummy regulator
[    4.319852] at24 14-0050: 256 byte 24c02 EEPROM, writable, 1 bytes/write
[    4.326599] i2c i2c-1: Added multiplexed i2c bus 14
[    4.331640] i2c i2c-1: Added multiplexed i2c bus 15
[    4.336672] i2c i2c-1: Added multiplexed i2c bus 16
[    4.341709] i2c i2c-1: Added multiplexed i2c bus 17
[    4.346740] i2c i2c-1: Added multiplexed i2c bus 18
[    4.351785] i2c i2c-1: Added multiplexed i2c bus 19
[    4.356826] i2c i2c-1: Added multiplexed i2c bus 20
[    4.361865] i2c i2c-1: Added multiplexed i2c bus 21
[    4.366738] pca954x 1-0075: registered 8 multiplexed busses for I2C switch pca9548
[    4.374348] cdns-i2c ff030000.i2c: 400 kHz mmio ff030000 irq 33
[    4.384092] cdns-wdt fd4d0000.watchdog: Xilinx Watchdog Timer with timeout 60s
[    4.393143] axi_adxcvr 84a60000.axi-adxcvr-rx: adxcvr_enforce_settings: Using QPLL without access, assuming desired Lane rate will be configured by a different instance
[    4.409785] axi_adxcvr 84a60000.axi-adxcvr-rx: AXI-ADXCVR-RX (17.05.a) using QPLL on GTH4 at 0x84A60000. Number of lanes: 4.
[    4.421948] axi_adxcvr 84b60000.axi-adxcvr-tx: AXI-ADXCVR-TX (17.05.a) using QPLL on GTH4 at 0x84B60000. Number of lanes: 4.
[    4.425895] mmc0: SDHCI controller on ff170000.mmc [ff170000.mmc] using ADMA 64-bit
[    4.441095] axi-jesd204-rx 84a90000.axi-jesd204-rx: AXI-JESD204-RX (1.07.a) at 0x84A90000. Encoder 8b10b, width 4/4, lanes 4, jesd204-fsm.
[    4.453932] axi-jesd204-tx 84b90000.axi-jesd204-tx: AXI-JESD204-TX (1.06.a) at 0x84B90000. Encoder 8b10b, width 4/4, lanes 4, jesd204-fsm.
[    4.467434] zynqmp-display fd4a0000.display: vtc bridge property not present
[    4.473481] mmc0: new high speed SDHC card at address 0001
[    4.477085] xilinx-dp-snd-codec fd4a0000.display:zynqmp_dp_snd_codec0: Failed to get required clock freq
[    4.480322] mmcblk0: mmc0:0001 EB1QT 29.8 GiB 
[    4.489450] xilinx-dp-snd-codec: probe of fd4a0000.display:zynqmp_dp_snd_codec0 failed with error -22
[    4.495098]  mmcblk0: p1 p2 p3
[    4.503439] xilinx-dp-snd-pcm zynqmp_dp_snd_pcm0: Xilinx DisplayPort Sound PCM probed
[    4.514295] xilinx-dp-snd-pcm zynqmp_dp_snd_pcm1: Xilinx DisplayPort Sound PCM probed
[    4.522501] OF: graph: no port node found in /axi/display@fd4a0000
[    4.528908] xlnx-drm xlnx-drm.0: bound fd4a0000.display (ops 0xffffffc010fcbdb8)
[    5.615730] zynqmp-display fd4a0000.display: [drm] Cannot find any crtc or sizes
[    5.623350] [drm] Initialized xlnx 1.0.0 20130509 for fd4a0000.display on minor 0
[    5.630844] zynqmp-display fd4a0000.display: ZynqMP DisplayPort Subsystem driver probed
[    5.639155] ahci-ceva fd0c0000.ahci: supply ahci not found, using dummy regulator
[    5.646693] ahci-ceva fd0c0000.ahci: supply phy not found, using dummy regulator
[    5.654147] ahci-ceva fd0c0000.ahci: supply target not found, using dummy regulator
[    5.672044] ahci-ceva fd0c0000.ahci: AHCI 0001.0301 32 slots 2 ports 6 Gbps 0x3 impl platform mode
[    5.681007] ahci-ceva fd0c0000.ahci: flags: 64bit ncq sntf pm clo only pmp fbs pio slum part ccc sds apst 
[    5.691627] scsi host0: ahci-ceva
[    5.695224] scsi host1: ahci-ceva
[    5.698656] ata1: SATA max UDMA/133 mmio [mem 0xfd0c0000-0xfd0c1fff] port 0x100 irq 45
[    5.706572] ata2: SATA max UDMA/133 mmio [mem 0xfd0c0000-0xfd0c1fff] port 0x180 irq 45
[    5.715176] ad9081 spi1.0: supply vdd not found, using dummy regulator
[    6.025947] ata2: SATA link down (SStatus 0 SControl 330)
[    6.031359] ata1: SATA link down (SStatus 0 SControl 330)
[    6.699731] zynqmp-display fd4a0000.display: [drm] Cannot find any crtc or sizes
[    7.519759] ad9081 spi1.0: AD9081 Rev. 2 Grade 10 (API 1.2.2) probed
[    7.526961] xhci-hcd xhci-hcd.1.auto: xHCI Host Controller
[    7.532457] xhci-hcd xhci-hcd.1.auto: new USB bus registered, assigned bus number 1
[    7.540202] xhci-hcd xhci-hcd.1.auto: hcc params 0x0238f625 hci version 0x100 quirks 0x0000000002010810
[    7.549616] xhci-hcd xhci-hcd.1.auto: irq 59, io mem 0xfe200000
[    7.555736] usb usb1: New USB device found, idVendor=1d6b, idProduct=0002, bcdDevice= 5.10
[    7.563996] usb usb1: New USB device strings: Mfr=3, Product=2, SerialNumber=1
[    7.571207] usb usb1: Product: xHCI Host Controller
[    7.576076] usb usb1: Manufacturer: Linux 5.10.0-98103-g2aa7ac113716 xhci-hcd
[    7.583202] usb usb1: SerialNumber: xhci-hcd.1.auto
[    7.588369] hub 1-0:1.0: USB hub found
[    7.592130] hub 1-0:1.0: 1 port detected
[    7.596239] xhci-hcd xhci-hcd.1.auto: xHCI Host Controller
[    7.601728] xhci-hcd xhci-hcd.1.auto: new USB bus registered, assigned bus number 2
[    7.609381] xhci-hcd xhci-hcd.1.auto: Host supports USB 3.0 SuperSpeed
[    7.616005] usb usb2: New USB device found, idVendor=1d6b, idProduct=0003, bcdDevice= 5.10
[    7.624267] usb usb2: New USB device strings: Mfr=3, Product=2, SerialNumber=1
[    7.631485] usb usb2: Product: xHCI Host Controller
[    7.636351] usb usb2: Manufacturer: Linux 5.10.0-98103-g2aa7ac113716 xhci-hcd
[    7.643477] usb usb2: SerialNumber: xhci-hcd.1.auto
[    7.648586] hub 2-0:1.0: USB hub found
[    7.652347] hub 2-0:1.0: 1 port detected
[    7.682397] cf_axi_adc 84a10000.axi-ad9081-rx-hpc: ADI AIM (10.01.b) at 0x84A10000 mapped to 0x(____ptrval____), probed ADC AD9081 as MASTER
[    7.712554] cf_axi_dds 84b10000.axi-ad9081-tx-hpc: Analog Devices CF_AXI_DDS_DDS MASTER (9.01.b) at 0x84B10000 mapped to 0x(____ptrval____), probed DDS AD9081
[    7.726751] jesd204: /axi/spi@ff040000/ad9081@0,jesd204:0,parent=spi1.0: JESD204[2] transition initialized -> probed
[    7.737273] jesd204: /axi/spi@ff040000/ad9081@0,jesd204:0,parent=spi1.0: JESD204[0] transition initialized -> probed
[    7.747796] jesd204: /axi/spi@ff040000/ad9081@0,jesd204:0,parent=spi1.0: JESD204[2] transition probed -> idle
[    7.757711] jesd204: /axi/spi@ff040000/ad9081@0,jesd204:0,parent=spi1.0: JESD204[0] transition probed -> idle
[    7.767629] jesd204: /axi/spi@ff040000/ad9081@0,jesd204:0,parent=spi1.0: JESD204[2] transition idle -> device_init
[    7.777971] jesd204: /axi/spi@ff040000/ad9081@0,jesd204:0,parent=spi1.0: JESD204[0] transition idle -> device_init
[    7.788322] jesd204: /axi/spi@ff040000/ad9081@0,jesd204:0,parent=spi1.0: JESD204[2] transition device_init -> link_init
[    7.799098] jesd204: /axi/spi@ff040000/ad9081@0,jesd204:0,parent=spi1.0: JESD204[0] transition device_init -> link_init
[    7.809888] jesd204: /axi/spi@ff040000/ad9081@0,jesd204:0,parent=spi1.0: JESD204[2] transition link_init -> link_supported
[    7.820929] jesd204: /axi/spi@ff040000/ad9081@0,jesd204:0,parent=spi1.0: JESD204[0] transition link_init -> link_supported
[    7.832344] hmc7044 spi2.0: hmc7044_jesd204_link_pre_setup: Link2 forcing continuous SYSREF mode
[    7.841562] jesd204: /axi/spi@ff040000/ad9081@0,jesd204:0,parent=spi1.0: JESD204[2] transition link_supported -> link_pre_setup
[    7.853038] jesd204: /axi/spi@ff040000/ad9081@0,jesd204:0,parent=spi1.0: JESD204[0] transition link_supported -> link_pre_setup
[    7.876822] jesd204: /axi/spi@ff040000/ad9081@0,jesd204:0,parent=spi1.0: JESD204[2] transition link_pre_setup -> clk_sync_stage1
[    7.888382] jesd204: /axi/spi@ff040000/ad9081@0,jesd204:0,parent=spi1.0: JESD204[0] transition link_pre_setup -> clk_sync_stage1
[    7.899946] jesd204: /axi/spi@ff040000/ad9081@0,jesd204:0,parent=spi1.0: JESD204[2] transition clk_sync_stage1 -> clk_sync_stage2
[    7.911595] jesd204: /axi/spi@ff040000/ad9081@0,jesd204:0,parent=spi1.0: JESD204[0] transition clk_sync_stage1 -> clk_sync_stage2
[    7.923243] jesd204: /axi/spi@ff040000/ad9081@0,jesd204:0,parent=spi1.0: JESD204[2] transition clk_sync_stage2 -> clk_sync_stage3
[    7.934887] jesd204: /axi/spi@ff040000/ad9081@0,jesd204:0,parent=spi1.0: JESD204[0] transition clk_sync_stage2 -> clk_sync_stage3
[    7.948615] jesd204: /axi/spi@ff040000/ad9081@0,jesd204:0,parent=spi1.0: JESD204[2] transition clk_sync_stage3 -> link_setup
[    7.959829] jesd204: /axi/spi@ff040000/ad9081@0,jesd204:0,parent=spi1.0: JESD204[0] transition clk_sync_stage3 -> link_setup
[    7.975818] jesd204: /axi/spi@ff040000/ad9081@0,jesd204:0,parent=spi1.0: JESD204[2] transition link_setup -> opt_setup_stage1
[    7.987117] jesd204: /axi/spi@ff040000/ad9081@0,jesd204:0,parent=spi1.0: JESD204[0] transition link_setup -> opt_setup_stage1
[    8.003455] jesd204: /axi/spi@ff040000/ad9081@0,jesd204:0,parent=spi1.0: JESD204[2] transition opt_setup_stage1 -> opt_setup_stage2
[    8.015275] jesd204: /axi/spi@ff040000/ad9081@0,jesd204:0,parent=spi1.0: JESD204[0] transition opt_setup_stage1 -> opt_setup_stage2
[    8.027249] jesd204: /axi/spi@ff040000/ad9081@0,jesd204:0,parent=spi1.0: JESD204[2] transition opt_setup_stage2 -> opt_setup_stage3
[    8.039075] jesd204: /axi/spi@ff040000/ad9081@0,jesd204:0,parent=spi1.0: JESD204[0] transition opt_setup_stage2 -> opt_setup_stage3
[    8.050899] jesd204: /axi/spi@ff040000/ad9081@0,jesd204:0,parent=spi1.0: JESD204[2] transition opt_setup_stage3 -> opt_setup_stage4
[    8.062718] jesd204: /axi/spi@ff040000/ad9081@0,jesd204:0,parent=spi1.0: JESD204[0] transition opt_setup_stage3 -> opt_setup_stage4
[    8.074551] jesd204: /axi/spi@ff040000/ad9081@0,jesd204:0,parent=spi1.0: JESD204[2] transition opt_setup_stage4 -> opt_setup_stage5
[    8.086372] jesd204: /axi/spi@ff040000/ad9081@0,jesd204:0,parent=spi1.0: JESD204[0] transition opt_setup_stage4 -> opt_setup_stage5
[    8.121439] axi_adxcvr 84a60000.axi-adxcvr-rx: adxcvr_clk_enable: QPLL RX buffer underflow error, status: 0x61
[    8.131427] axi_adxcvr 84a60000.axi-adxcvr-rx: adxcvr_clk_enable: QPLL RX buffer overflow error, status: 0x61
[    8.145451] jesd204: /axi/spi@ff040000/ad9081@0,jesd204:0,parent=spi1.0: JESD204[2] transition opt_setup_stage5 -> clocks_enable
[    8.157012] jesd204: /axi/spi@ff040000/ad9081@0,jesd204:0,parent=spi1.0: JESD204[0] transition opt_setup_stage5 -> clocks_enable
[    8.168629] jesd204: /axi/spi@ff040000/ad9081@0,jesd204:0,parent=spi1.0: JESD204[2] transition clocks_enable -> link_enable
[    8.179761] jesd204: /axi/spi@ff040000/ad9081@0,jesd204:0,parent=spi1.0: JESD204[0] transition clocks_enable -> link_enable
[    8.319715] axi-jesd204-rx 84a90000.axi-jesd204-rx: axi_jesd204_rx_jesd204_link_running: Link2 status failed (CGS)
[    8.330065] jesd204: /fpga-axi@0/axi-jesd204-rx@84a90000,jesd204:4,parent=84a90000.axi-jesd204-rx: JESD204[2] In link_running got error from cb: -1 (ignoring!)
[    8.439950] ad9081 spi1.0: JESD RX (JTX) Link2 in CGS, SYNC asserted, PLL locked, PHASE established, MODE valid
[    8.450039] jesd204: /axi/spi@ff040000/ad9081@0,jesd204:0,parent=spi1.0: JESD204[2] In link_running got error from cb: -1 (ignoring!)
[    8.462296] ad9081 spi1.0: JESD TX (JRX) Link0 0xF lanes in DATA
[    8.468302] jesd204: /axi/spi@ff040000/ad9081@0,jesd204:0,parent=spi1.0: JESD204[2] transition link_enable -> link_running
[    8.479340] jesd204: /axi/spi@ff040000/ad9081@0,jesd204:0,parent=spi1.0: JESD204[0] transition link_enable -> link_running
[    8.490386] jesd204: /axi/spi@ff040000/ad9081@0,jesd204:0,parent=spi1.0: JESD204[2] transition link_running -> opt_post_running_stage
[    8.502378] jesd204: /axi/spi@ff040000/ad9081@0,jesd204:0,parent=spi1.0: JESD204[0] transition link_running -> opt_post_running_stage
[    8.523592] input: gpio-keys as /devices/platform/gpio-keys/input/input0
[    8.530610] of_cfs_init
[    8.533069] of_cfs_init: OK
[    8.536016] cfg80211: Loading compiled-in X.509 certificates for regulatory database
[    8.674092] cfg80211: Loaded X.509 cert 'sforshee: 00b28ddf47aef9cea7'
[    8.680626] clk: Not disabling unused clocks
[    8.685153] ALSA device list:
[    8.688114]   No soundcards found.
[    8.691770] platform regulatory.0: Direct firmware load for regulatory.db failed with error -2
[    8.700378] cfg80211: failed to load regulatory.db
[    8.715656] EXT4-fs (mmcblk0p2): mounted filesystem with ordered data mode. Opts: (null)
[    8.723772] VFS: Mounted root (ext4 filesystem) on device 179:2.
[    8.736939] devtmpfs: mounted
[    8.740758] Freeing unused kernel memory: 2560K
[    8.759766] Run /sbin/init as init process
[    8.763859]   with arguments:
[    8.763862]     /sbin/init
[    8.763864]   with environment:
[    8.763866]     HOME=/
[    8.763869]     TERM=linux
[    9.334234] systemd[1]: systemd 241 running in system mode. (+PAM +AUDIT +SELINUX +IMA +APPARMOR +SMACK +SYSVINIT +UTMP +LIBCRYPTSETUP +GCRYPT +GNUTLS +ACL +XZ +LZ4 +SECCOMP +BLKID +ELFUTILS +KMOD -IDN2 +IDN -PCRE2 default-hierarchy=hybrid)
[    9.356124] systemd[1]: Detected architecture arm64.
[    9.380428] systemd[1]: Set hostname to <analog>.
[    9.566475] systemd[1]: File /lib/systemd/system/systemd-journald.service:12 configures an IP firewall (IPAddressDeny=any), but the local system does not support BPF/cgroup based firewalling.
[    9.583527] systemd[1]: Proceeding WITHOUT firewalling in effect! (This warning is only shown for the first loaded unit using IP firewalling.)
[    9.746859] systemd[1]: /etc/systemd/system/tof-server.service:1: Assignment outside of section. Ignoring.
[    9.756554] systemd[1]: /etc/systemd/system/tof-server.service:2: Assignment outside of section. Ignoring.
[    9.939947] random: systemd: uninitialized urandom read (16 bytes read)
[    9.954712] random: systemd: uninitialized urandom read (16 bytes read)
[    9.961779] systemd[1]: Listening on udev Control Socket.
[    9.983802] random: systemd: uninitialized urandom read (16 bytes read)
[    9.990707] systemd[1]: Listening on Journal Socket (/dev/log).
[   10.012343] systemd[1]: Created slice system-getty.slice.
[   10.601200] ------------[ cut here ]------------
[   10.601210] Enabling unprepared \xa0\xe9Q\x88\xff\xff\xffpQ\x88\xff\xff\xff
[   10.601255] WARNING: CPU: 1 PID: 130 at drivers/clk/clk.c:1012 clk_core_enable+0xa4/0xc0
[   10.601258] Modules linked in:
[   10.601268] CPU: 1 PID: 130 Comm: kworker/1:1H Not tainted 5.10.0-98103-g2aa7ac113716 #5577
[   10.601271] Hardware name: ZynqMP ZCU102 Rev1.0 (DT)
[   10.601280] Workqueue: kblockd blk_mq_run_work_fn
[   10.601288] pstate: 80000085 (Nzcv daIf -PAN -UAO -TCO BTYPE=--)
[   10.601293] pc : clk_core_enable+0xa4/0xc0
[   10.601299] lr : clk_core_enable+0xa4/0xc0
[   10.601302] sp : ffffffc012b532d0
[   10.601305] x29: ffffffc012b532d0 x28: ffffff8800330c10 
[   10.601312] x27: ffffff8800330d48 x26: 0000005000000101 
[   10.601318] x25: 0000000271f019aa x24: 0000000000000001 
[   10.601325] x23: ffffff88010e9380 x22: ffffff8801083220 
[   10.601331] x21: ffffff8801517000 x20: ffffff8801517008 
[   10.601338] x19: ffffff8801517008 x18: 0000000000000030 
[   10.601344] x17: 0000000000000002 x16: 0000b1504f89f948 
[   10.601351] x15: ffffffffffff8988 x14: ffffffc011d3b1a0 
[   10.601357] x13: ffffffc011d3b1c8 x12: 00000000000005f7 
[   10.601364] x11: 00000000000001fd x10: ffffffc011d671c8 
[   10.601370] x9 : 00000000fffff800 x8 : ffffffc011d3b1c8 
[   10.601377] x7 : ffffffc011d671c8 x6 : 0000000000000001 
[   10.601383] x5 : ffffff887f77c9e0 x4 : 0000000000000000 
[   10.601389] x3 : 0000000000000027 x2 : 0000000000000023 
[   10.601395] x1 : 89ae04a0463e7a00 x0 : 0000000000000000 
[   10.601402] Call trace:
[   10.601409]  clk_core_enable+0xa4/0xc0
[   10.601414]  clk_enable+0x2c/0x60
[   10.601420]  zynqmp_runtime_resume+0x24/0x84
[   10.601428]  pm_generic_runtime_resume+0x30/0x50
[   10.601433]  __genpd_runtime_resume+0x30/0xb0
[   10.601439]  genpd_runtime_resume+0x90/0x250
[   10.601445]  __rpm_callback+0x10c/0x1e0
[   10.601451]  rpm_callback+0x5c/0x84
[   10.601455]  rpm_resume+0x4a4/0x74c
[   10.601461]  __pm_runtime_resume+0x78/0xc4
[   10.601465]  spi_mem_access_start.isra.0+0x30/0x80
[   10.601469]  spi_mem_exec_op+0x3b0/0x424
[   10.601474]  spi_nor_read_sr+0x78/0xe0
[   10.601479]  spi_nor_wait_till_ready_with_timeout+0xb4/0x2f0
[   10.601483]  spi_nor_read+0x188/0x380
[   10.601489]  mtd_read_oob_std+0x78/0x84
[   10.601493]  mtd_read_oob+0x7c/0x134
[   10.601497]  mtd_read+0x48/0x7c
[   10.601503]  mtdblock_readsect+0x6c/0x150
[   10.601508]  mtd_queue_rq+0x2cc/0x5a0
[   10.601513]  blk_mq_dispatch_rq_list+0x110/0x790
[   10.601520]  __blk_mq_do_dispatch_sched+0x200/0x274
[   10.601525]  __blk_mq_sched_dispatch_requests+0x1a8/0x1fc
[   10.601531]  blk_mq_sched_dispatch_requests+0x3c/0x7c
[   10.601536]  __blk_mq_run_hw_queue+0x98/0x100
[   10.601540]  blk_mq_run_work_fn+0x24/0x30
[   10.601546]  process_one_work+0x1d4/0x380
[   10.601550]  worker_thread+0x78/0x4e0
[   10.601555]  kthread+0x124/0x130
[   10.601561]  ret_from_fork+0x10/0x3c
[   10.601565] ---[ end trace d325c6d6c5271e72 ]---
[   10.601573] zynqmp-qspi ff0f0000.spi: Cannot enable APB clock.
[   10.601622] spi_master spi0: Failed to power device: -108
[   10.601632] blk_update_request: I/O error, dev mtdblock0, sector 8 op 0x0:(READ) flags 0x80700 phys_seg 1 prio class 0
[   10.601700] spi_master spi0: Failed to power device: -22
[   10.601706] blk_update_request: I/O error, dev mtdblock0, sector 8 op 0x0:(READ) flags 0x0 phys_seg 8 prio class 0
[   10.601712] Buffer I/O error on dev mtdblock0, logical block 8, async page read
[   10.601721] spi_master spi0: Failed to power device: -22
[   10.601727] blk_update_request: I/O error, dev mtdblock0, sector 9 op 0x0:(READ) flags 0x0 phys_seg 7 prio class 0
[   10.601731] Buffer I/O error on dev mtdblock0, logical block 9, async page read
[   10.601738] spi_master spi0: Failed to power device: -22
[   10.601744] blk_update_request: I/O error, dev mtdblock0, sector 10 op 0x0:(READ) flags 0x0 phys_seg 6 prio class 0
[   10.601748] Buffer I/O error on dev mtdblock0, logical block 10, async page read
[   10.601755] spi_master spi0: Failed to power device: -22
[   10.601760] blk_update_request: I/O error, dev mtdblock0, sector 11 op 0x0:(READ) flags 0x0 phys_seg 5 prio class 0
[   10.601764] Buffer I/O error on dev mtdblock0, logical block 11, async page read
[   10.601771] spi_master spi0: Failed to power device: -22
[   10.601777] blk_update_request: I/O error, dev mtdblock0, sector 12 op 0x0:(READ) flags 0x0 phys_seg 4 prio class 0
[   10.601781] Buffer I/O error on dev mtdblock0, logical block 12, async page read
[   10.601787] spi_master spi0: Failed to power device: -22
[   10.601793] blk_update_request: I/O error, dev mtdblock0, sector 13 op 0x0:(READ) flags 0x0 phys_seg 3 prio class 0
[   10.601797] Buffer I/O error on dev mtdblock0, logical block 13, async page read
[   10.601803] spi_master spi0: Failed to power device: -22
[   10.601809] blk_update_request: I/O error, dev mtdblock0, sector 14 op 0x0:(READ) flags 0x0 phys_seg 2 prio class 0
[   10.601813] Buffer I/O error on dev mtdblock0, logical block 14, async page read
[   10.601819] spi_master spi0: Failed to power device: -22
[   10.601825] blk_update_request: I/O error, dev mtdblock0, sector 15 op 0x0:(READ) flags 0x0 phys_seg 1 prio class 0
[   10.601829] Buffer I/O error on dev mtdblock0, logical block 15, async page read
[   10.602130] spi_master spi0: Failed to power device: -22
[   10.602137] blk_update_request: I/O error, dev mtdblock1, sector 10112 op 0x0:(READ) flags 0x80700 phys_seg 1 prio class 0
[   10.602181] spi_master spi0: Failed to power device: -22
[   10.602187] Buffer I/O error on dev mtdblock1, logical block 10112, async page read
[   10.602194] spi_master spi0: Failed to power device: -22
[   10.602200] Buffer I/O error on dev mtdblock1, logical block 10113, async page read
[   10.602207] spi_master spi0: Failed to power device: -22
[   10.602214] spi_master spi0: Failed to power device: -22
[   10.602222] spi_master spi0: Failed to power device: -22
[   10.602229] spi_master spi0: Failed to power device: -22
[   10.602236] spi_master spi0: Failed to power device: -22
[   10.602243] spi_master spi0: Failed to power device: -22
[   10.602497] spi_master spi0: Failed to power device: -22
[   10.602541] spi_master spi0: Failed to power device: -22
[   10.602550] spi_master spi0: Failed to power device: -22
[   10.602558] spi_master spi0: Failed to power device: -22
[   10.602565] spi_master spi0: Failed to power device: -22
[   10.602573] spi_master spi0: Failed to power device: -22
[   10.602580] spi_master spi0: Failed to power device: -22
[   10.602587] spi_master spi0: Failed to power device: -22
[   10.602594] spi_master spi0: Failed to power device: -22
[   10.602851] spi_master spi0: Failed to power device: -22
[   10.602895] spi_master spi0: Failed to power device: -22
[   10.602905] spi_master spi0: Failed to power device: -22
[   10.602913] spi_master spi0: Failed to power device: -22
[   10.602920] spi_master spi0: Failed to power device: -22
[   10.602927] spi_master spi0: Failed to power device: -22
[   10.602934] spi_master spi0: Failed to power device: -22
[   10.602941] spi_master spi0: Failed to power device: -22
[   10.602948] spi_master spi0: Failed to power device: -22
[   10.730381] EXT4-fs (mmcblk0p2): re-mounted. Opts: (null)
[   10.843474] systemd-journald[168]: Received request to flush runtime journal from PID 1
[   16.676714] macb ff0e0000.ethernet eth0: PHY [ff0e0000.ethernet-ffffffff:0c] driver [TI DP83867] (irq=POLL)
[   16.676727] macb ff0e0000.ethernet eth0: configuring for phy/rgmii-id link mode
[   16.971763] Adding 102396k swap on /var/swap.  Priority:-2 extents:4 across:9953604k SS
[   18.643738] random: crng init done
[   18.643749] random: 7 urandom warning(s) missed due to ratelimiting
[   19.502808] broken atomic modeset userspace detected, disabling atomic
[   19.745331] macb ff0e0000.ethernet eth0: Link is Up - 1Gbps/Full - flow control off
[   19.745355] IPv6: ADDRCONF(NETDEV_CHANGE): eth0: link becomes ready
[   22.168365] broken atomic modeset userspace detected, disabling atomic
[   25.099509] broken atomic modeset userspace detected, disabling atomic