[    0.000000] Booting Linux on physical CPU 0x0000000000 [0x410fd034]
[    0.000000] Linux version 5.10.0-98103-g2aa7ac113716 (jenkins@romlxbuild1.adlk.analog.com) (aarch64-xilinx-linux-gcc.real (GCC) 10.2.0, GNU ld (GNU Binutils) 2.35.0.20200730) #5577 SMP Wed Mar 23 07:28:49 GMT 2022
[    0.000000] Machine model: ZynqMP ZCU102 Rev1.0
[    0.000000] earlycon: cdns0 at MMIO 0x00000000ff000000 (options '115200n8')
[    0.000000] printk: bootconsole [cdns0] enabled
[    0.000000] efi: UEFI not found.
[    0.000000] cma: Reserved 256 MiB at 0x0000000070000000
[    0.000000] Zone ranges:
[    0.000000]   DMA      [mem 0x0000000000000000-0x000000003fffffff]
[    0.000000]   DMA32    [mem 0x0000000040000000-0x00000000ffffffff]
[    0.000000]   Normal   [mem 0x0000000100000000-0x000000087fffffff]
[    0.000000] Movable zone start for each node
[    0.000000] Early memory node ranges
[    0.000000]   node   0: [mem 0x0000000000000000-0x000000007fffffff]
[    0.000000]   node   0: [mem 0x0000000800000000-0x000000087fffffff]
[    0.000000] Initmem setup node 0 [mem 0x0000000000000000-0x000000087fffffff]
[    0.000000] On node 0 totalpages: 1048576
[    0.000000]   DMA zone: 3584 pages used for memmap
[    0.000000]   DMA zone: 0 pages reserved
[    0.000000]   DMA zone: 262144 pages, LIFO batch:63
[    0.000000]   DMA32 zone: 3584 pages used for memmap
[    0.000000]   DMA32 zone: 262144 pages, LIFO batch:63
[    0.000000]   Normal zone: 7168 pages used for memmap
[    0.000000]   Normal zone: 524288 pages, LIFO batch:63
[    0.000000] psci: probing for conduit method from DT.
[    0.000000] psci: PSCIv1.1 detected in firmware.
[    0.000000] psci: Using standard PSCI v0.2 function IDs
[    0.000000] psci: MIGRATE_INFO_TYPE not supported.
[    0.000000] psci: SMC Calling Convention v1.2
[    0.000000] percpu: Embedded 22 pages/cpu s49496 r8192 d32424 u90112
[    0.000000] pcpu-alloc: s49496 r8192 d32424 u90112 alloc=22*4096
[    0.000000] pcpu-alloc: [0] 0 [0] 1 [0] 2 [0] 3 
[    0.000000] Detected VIPT I-cache on CPU0
[    0.000000] CPU features: detected: ARM erratum 845719
[    0.000000] Built 1 zonelists, mobility grouping on.  Total pages: 1034240
[    0.000000] Kernel command line: console=ttyPS0,115200 root=/dev/mmcblk0p2 rw earlycon rootfstype=ext4 rootwait clk_ignore_unused cpuidle.off=1 root=/dev/mmcblk0p2 rw rootwait
[    0.000000] Dentry cache hash table entries: 524288 (order: 10, 4194304 bytes, linear)
[    0.000000] Inode-cache hash table entries: 262144 (order: 9, 2097152 bytes, linear)
[    0.000000] mem auto-init: stack:off, heap alloc:off, heap free:off
[    0.000000] software IO TLB: mapped [mem 0x000000003bfff000-0x000000003ffff000] (64MB)
[    0.000000] Memory: 3761904K/4194304K available (15296K kernel code, 1636K rwdata, 11876K rodata, 2560K init, 507K bss, 170256K reserved, 262144K cma-reserved)
[    0.000000] rcu: Hierarchical RCU implementation.
[    0.000000] rcu: 	RCU event tracing is enabled.
[    0.000000] rcu: 	RCU restricting CPUs from NR_CPUS=8 to nr_cpu_ids=4.
[    0.000000] rcu: RCU calculated value of scheduler-enlistment delay is 25 jiffies.
[    0.000000] rcu: Adjusting geometry for rcu_fanout_leaf=16, nr_cpu_ids=4
[    0.000000] NR_IRQS: 64, nr_irqs: 64, preallocated irqs: 0
[    0.000000] GIC: Adjusting CPU interface base to 0x00000000f902f000
[    0.000000] GIC: Using split EOI/Deactivate mode
[    0.000000] random: get_random_bytes called from start_kernel+0x31c/0x54c with crng_init=0
[    0.000000] arch_timer: cp15 timer(s) running at 100.00MHz (phys).
[    0.000000] clocksource: arch_sys_counter: mask: 0xffffffffffffff max_cycles: 0x171024e7e0, max_idle_ns: 440795205315 ns
[    0.000003] sched_clock: 56 bits at 100MHz, resolution 10ns, wraps every 4398046511100ns
[    0.008459] Console: colour dummy device 80x25
[    0.012483] Calibrating delay loop (skipped), value calculated using timer frequency.. 200.00 BogoMIPS (lpj=400000)
[    0.022841] pid_max: default: 32768 minimum: 301
[    0.027550] Mount-cache hash table entries: 8192 (order: 4, 65536 bytes, linear)
[    0.034788] Mountpoint-cache hash table entries: 8192 (order: 4, 65536 bytes, linear)
[    0.043394] rcu: Hierarchical SRCU implementation.
[    0.047561] EFI services will not be available.
[    0.051939] smp: Bringing up secondary CPUs ...
[    0.056657] Detected VIPT I-cache on CPU1
[    0.056696] CPU1: Booted secondary processor 0x0000000001 [0x410fd034]
[    0.057063] Detected VIPT I-cache on CPU2
[    0.057087] CPU2: Booted secondary processor 0x0000000002 [0x410fd034]
[    0.057427] Detected VIPT I-cache on CPU3
[    0.057450] CPU3: Booted secondary processor 0x0000000003 [0x410fd034]
[    0.057496] smp: Brought up 1 node, 4 CPUs
[    0.091780] SMP: Total of 4 processors activated.
[    0.096452] CPU features: detected: 32-bit EL0 Support
[    0.101556] CPU features: detected: CRC32 instructions
[    0.106694] CPU: All CPU(s) started at EL2
[    0.110736] alternatives: patching kernel code
[    0.116168] devtmpfs: initialized
[    0.124063] Registered cp15_barrier emulation handler
[    0.124113] Registered setend emulation handler
[    0.128091] clocksource: jiffies: mask: 0xffffffff max_cycles: 0xffffffff, max_idle_ns: 7645041785100000 ns
[    0.137670] futex hash table entries: 1024 (order: 4, 65536 bytes, linear)
[    0.151030] pinctrl core: initialized pinctrl subsystem
[    0.151674] NET: Registered protocol family 16
[    0.156089] DMA: preallocated 512 KiB GFP_KERNEL pool for atomic allocations
[    0.162109] DMA: preallocated 512 KiB GFP_KERNEL|GFP_DMA pool for atomic allocations
[    0.169835] DMA: preallocated 512 KiB GFP_KERNEL|GFP_DMA32 pool for atomic allocations
[    0.177636] audit: initializing netlink subsys (disabled)
[    0.183087] audit: type=2000 audit(0.116:1): state=initialized audit_enabled=0 res=1
[    0.183433] hw-breakpoint: found 6 breakpoint and 4 watchpoint registers.
[    0.197463] ASID allocator initialised with 65536 entries
[    0.224311] HugeTLB registered 1.00 GiB page size, pre-allocated 0 pages
[    0.225369] HugeTLB registered 32.0 MiB page size, pre-allocated 0 pages
[    0.232039] HugeTLB registered 2.00 MiB page size, pre-allocated 0 pages
[    0.238699] HugeTLB registered 64.0 KiB page size, pre-allocated 0 pages
[    1.304436] DRBG: Continuing without Jitter RNG
[    1.382089] raid6: neonx8   gen()  2143 MB/s
[    1.450140] raid6: neonx8   xor()  1599 MB/s
[    1.518204] raid6: neonx4   gen()  2195 MB/s
[    1.586247] raid6: neonx4   xor()  1565 MB/s
[    1.654315] raid6: neonx2   gen()  2075 MB/s
[    1.722360] raid6: neonx2   xor()  1437 MB/s
[    1.790434] raid6: neonx1   gen()  1772 MB/s
[    1.858473] raid6: neonx1   xor()  1220 MB/s
[    1.926532] raid6: int64x8  gen()  1438 MB/s
[    1.994589] raid6: int64x8  xor()   771 MB/s
[    2.062662] raid6: int64x4  gen()  1599 MB/s
[    2.130718] raid6: int64x4  xor()   813 MB/s
[    2.198776] raid6: int64x2  gen()  1397 MB/s
[    2.266824] raid6: int64x2  xor()   750 MB/s
[    2.334908] raid6: int64x1  gen()  1033 MB/s
[    2.402962] raid6: int64x1  xor()   517 MB/s
[    2.403000] raid6: using algorithm neonx4 gen() 2195 MB/s
[    2.406952] raid6: .... xor() 1565 MB/s, rmw enabled
[    2.411883] raid6: using neon recovery algorithm
[    2.416892] iommu: Default domain type: Translated 
[    2.421510] SCSI subsystem initialized
[    2.425052] libata version 3.00 loaded.
[    2.425178] usbcore: registered new interface driver usbfs
[    2.430507] usbcore: registered new interface driver hub
[    2.435782] usbcore: registered new device driver usb
[    2.440917] mc: Linux media interface: v0.10
[    2.445030] videodev: Linux video capture interface: v2.00
[    2.450522] EDAC MC: Ver: 3.0.0
[    2.453960] zynqmp-ipi-mbox mailbox@ff990400: Registered ZynqMP IPI mbox with TX/RX channels.
[    2.462474] jesd204: created con: id=0, topo=0, link=0, /axi/spi@ff050000/hmc7044@0 <-> /fpga-axi@0/axi-adxcvr-tx@84b60000
[    2.473051] jesd204: created con: id=1, topo=0, link=2, /axi/spi@ff050000/hmc7044@0 <-> /fpga-axi@0/axi-adxcvr-rx@84a60000
[    2.484035] jesd204: created con: id=2, topo=0, link=0, /fpga-axi@0/axi-adxcvr-tx@84b60000 <-> /fpga-axi@0/axi-jesd204-tx@84b90000
[    2.495711] jesd204: created con: id=3, topo=0, link=2, /fpga-axi@0/axi-adxcvr-rx@84a60000 <-> /fpga-axi@0/axi-jesd204-rx@84a90000
[    2.507388] jesd204: created con: id=4, topo=0, link=0, /fpga-axi@0/axi-jesd204-tx@84b90000 <-> /fpga-axi@0/axi-ad9081-tx-hpc@84b10000
[    2.519416] jesd204: created con: id=5, topo=0, link=2, /fpga-axi@0/axi-jesd204-rx@84a90000 <-> /fpga-axi@0/axi-ad9081-rx-hpc@84a10000
[    2.531439] jesd204: created con: id=6, topo=0, link=2, /fpga-axi@0/axi-ad9081-rx-hpc@84a10000 <-> /axi/spi@ff040000/ad9081@0
[    2.542680] jesd204: created con: id=7, topo=0, link=0, /fpga-axi@0/axi-ad9081-tx-hpc@84b10000 <-> /axi/spi@ff040000/ad9081@0
[    2.553929] jesd204: /axi/spi@ff040000/ad9081@0: JESD204[2] transition uninitialized -> initialized
[    2.562917] jesd204: /axi/spi@ff040000/ad9081@0: JESD204[0] transition uninitialized -> initialized
[    2.571908] jesd204: found 8 devices and 1 topologies
[    2.576952] FPGA manager framework
[    2.580428] Advanced Linux Sound Architecture Driver Initialized.
[    2.586727] Bluetooth: Core ver 2.22
[    2.589911] NET: Registered protocol family 31
[    2.594313] Bluetooth: HCI device and connection manager initialized
[    2.600629] Bluetooth: HCI socket layer initialized
[    2.605471] Bluetooth: L2CAP socket layer initialized
[    2.610494] Bluetooth: SCO socket layer initialized
[    2.615684] clocksource: Switched to clocksource arch_sys_counter
[    2.621487] VFS: Disk quotas dquot_6.6.0
[    2.625323] VFS: Dquot-cache hash table entries: 512 (order 0, 4096 bytes)
[    2.636026] NET: Registered protocol family 2
[    2.636767] tcp_listen_portaddr_hash hash table entries: 2048 (order: 3, 32768 bytes, linear)
[    2.644966] TCP established hash table entries: 32768 (order: 6, 262144 bytes, linear)
[    2.652988] TCP bind hash table entries: 32768 (order: 7, 524288 bytes, linear)
[    2.660432] TCP: Hash tables configured (established 32768 bind 32768)
[    2.666608] UDP hash table entries: 2048 (order: 4, 65536 bytes, linear)
[    2.673273] UDP-Lite hash table entries: 2048 (order: 4, 65536 bytes, linear)
[    2.680435] NET: Registered protocol family 1
[    2.684881] RPC: Registered named UNIX socket transport module.
[    2.690508] RPC: Registered udp transport module.
[    2.695174] RPC: Registered tcp transport module.
[    2.699844] RPC: Registered tcp NFSv4.1 backchannel transport module.
[    2.706827] PCI: CLS 0 bytes, default 64
[    2.710527] hw perfevents: no interrupt-affinity property for /pmu, guessing.
[    2.717392] hw perfevents: enabled with armv8_pmuv3 PMU driver, 7 counters available
[    2.725734] Initialise system trusted keyrings
[    2.729421] workingset: timestamp_bits=62 max_order=20 bucket_order=0
[    2.736324] NFS: Registering the id_resolver key type
[    2.740769] Key type id_resolver registered
[    2.744910] Key type id_legacy registered
[    2.748902] nfs4filelayout_init: NFSv4 File Layout Driver Registering...
[    2.755567] jffs2: version 2.2. (NAND) (SUMMARY)  Â© 2001-2006 Red Hat, Inc.
[    2.798167] NET: Registered protocol family 38
[    2.798209] xor: measuring software checksum speed
[    2.805899]    8regs           :  2363 MB/sec
[    2.809568]    32regs          :  2799 MB/sec
[    2.814511]    arm64_neon      :  2380 MB/sec
[    2.814700] xor: using function: 32regs (2799 MB/sec)
[    2.819726] Key type asymmetric registered
[    2.823788] Asymmetric key parser 'x509' registered
[    2.828648] Block layer SCSI generic (bsg) driver version 0.4 loaded (major 248)
[    2.835986] io scheduler mq-deadline registered
[    2.840482] io scheduler kyber registered
[    2.869861] Serial: 8250/16550 driver, 4 ports, IRQ sharing disabled
[    2.874499] cacheinfo: Unable to detect cache hierarchy for CPU 0
[    2.880848] brd: module loaded
[    2.885001] loop: module loaded
[    2.885553] Registered mathworks_ip class
[    2.888872] libphy: Fixed MDIO Bus: probed
[    2.891847] tun: Universal TUN/TAP device driver, 1.6
[    2.895914] CAN device driver interface
[    2.900451] usbcore: registered new interface driver asix
[    2.905043] usbcore: registered new interface driver ax88179_178a
[    2.911077] usbcore: registered new interface driver cdc_ether
[    2.916874] usbcore: registered new interface driver net1080
[    2.922495] usbcore: registered new interface driver cdc_subset
[    2.928378] usbcore: registered new interface driver zaurus
[    2.933921] usbcore: registered new interface driver cdc_ncm
[    2.940335] ehci_hcd: USB 2.0 'Enhanced' Host Controller (EHCI) Driver
[    2.946006] ehci-pci: EHCI PCI platform driver
[    2.950808] usbcore: registered new interface driver uas
[    2.955721] usbcore: registered new interface driver usb-storage
[    2.961710] usbcore: registered new interface driver usbserial_generic
[    2.968163] usbserial: USB Serial support registered for generic
[    2.974135] usbcore: registered new interface driver ftdi_sio
[    2.979837] usbserial: USB Serial support registered for FTDI USB Serial Device
[    2.987111] usbcore: registered new interface driver upd78f0730
[    2.992985] usbserial: USB Serial support registered for upd78f0730
[    3.000654] rtc_zynqmp ffa60000.rtc: registered as rtc0
[    3.004411] rtc_zynqmp ffa60000.rtc: setting system clock to 2022-04-12T21:25:21 UTC (1649798721)
[    3.013273] i2c /dev entries driver
[    3.018587] usbcore: registered new interface driver uvcvideo
[    3.022385] USB Video Class driver (1.1.1)
[    3.027969] Bluetooth: HCI UART driver ver 2.3
[    3.030857] Bluetooth: HCI UART protocol H4 registered
[    3.035966] Bluetooth: HCI UART protocol BCSP registered
[    3.041255] Bluetooth: HCI UART protocol LL registered
[    3.046344] Bluetooth: HCI UART protocol ATH3K registered
[    3.051718] Bluetooth: HCI UART protocol Three-wire (H5) registered
[    3.057976] Bluetooth: HCI UART protocol Intel registered
[    3.063310] Bluetooth: HCI UART protocol QCA registered
[    3.068513] usbcore: registered new interface driver bcm203x
[    3.074133] usbcore: registered new interface driver bpa10x
[    3.079675] usbcore: registered new interface driver bfusb
[    3.085118] usbcore: registered new interface driver btusb
[    3.090582] usbcore: registered new interface driver ath3k
[    3.096064] EDAC MC: ECC not enabled
[    3.099694] EDAC DEVICE0: Giving out device to module zynqmp-ocm-edac controller zynqmp_ocm: DEV ff960000.memory-controller (INTERRUPT)
[    3.112009] sdhci: Secure Digital Host Controller Interface driver
[    3.117793] sdhci: Copyright(c) Pierre Ossman
[    3.122118] sdhci-pltfm: SDHCI platform and OF driver helper
[    3.128166] ledtrig-cpu: registered to indicate activity on CPUs
[    3.133725] SMCCC: SOC_ID: ARCH_SOC_ID not implemented, skipping ....
[    3.140155] zynqmp_firmware_probe Platform Management API v1.1
[    3.145909] zynqmp_firmware_probe Trustzone version v1.0
[    3.185485] zynqmp-pinctrl firmware:zynqmp-firmware:pinctrl: zynqmp pinctrl initialized
[    3.233386] zynqmp-aes firmware:zynqmp-firmware:zynqmp-aes: will run requests pump with realtime priority
[    3.249096] alg: No test for xilinx-keccak-384 (zynqmp-keccak-384)
[    3.249810] alg: No test for xilinx-zynqmp-rsa (zynqmp-rsa)
[    3.255320] usbcore: registered new interface driver usbhid
[    3.260711] usbhid: USB HID core driver
[    3.271957] axi_sysid 85000000.axi-sysid-0: AXI System ID core version (1.01.a) found
[    3.274309] axi_sysid 85000000.axi-sysid-0: [ad9081_fmca_ebz] on [zcu102] git branch <master> git <084d44c9780640ca93fd847b1d9ec70dd65f5c67> clean [2022-03-18 04:17:50] UTC
[    3.290000] fpga_manager fpga0: Xilinx ZynqMP FPGA Manager registered
[    3.296360] usbcore: registered new interface driver snd-usb-audio
[    3.303808] pktgen: Packet Generator for packet performance testing. Version: 2.75
[    3.310003] Initializing XFRM netlink socket
[    3.313835] NET: Registered protocol family 10
[    3.318557] Segment Routing with IPv6
[    3.321930] sit: IPv6, IPv4 and MPLS over IPv4 tunneling driver
[    3.328009] NET: Registered protocol family 17
[    3.332113] NET: Registered protocol family 15
[    3.336606] can: controller area network core
[    3.340864] NET: Registered protocol family 29
[    3.345250] can: raw protocol
[    3.348188] can: broadcast manager protocol
[    3.352341] can: netlink gateway - max_hops=1
[    3.356737] Bluetooth: RFCOMM TTY layer initialized
[    3.361516] Bluetooth: RFCOMM socket layer initialized
[    3.366623] Bluetooth: RFCOMM ver 1.11
[    3.370336] Bluetooth: BNEP (Ethernet Emulation) ver 1.3
[    3.375606] Bluetooth: BNEP filters: protocol multicast
[    3.380798] Bluetooth: BNEP socket layer initialized
[    3.385728] Bluetooth: HIDP (Human Interface Emulation) ver 1.2
[    3.391610] Bluetooth: HIDP socket layer initialized
[    3.396665] 9pnet: Installing 9P2000 support
[    3.400789] NET: Registered protocol family 36
[    3.405203] Key type dns_resolver registered
[    3.409649] registered taskstats version 1
[    3.413500] Loading compiled-in X.509 certificates
[    3.418617] Btrfs loaded, crc32c=crc32c-generic
[    3.431018] ff000000.serial: ttyPS0 at MMIO 0xff000000 (irq = 49, base_baud = 6249999) is a xuartps
[    3.440045] printk: console [ttyPS0] enabled
[    3.444339] printk: bootconsole [cdns0] disabled
[    3.453972] ff010000.serial: ttyPS1 at MMIO 0xff010000 (irq = 50, base_baud = 6249999) is a xuartps
[    3.467203] of-fpga-region fpga-full: FPGA Region probed
[    3.474154] nwl-pcie fd0e0000.pcie: host bridge /axi/pcie@fd0e0000 ranges:
[    3.481051] nwl-pcie fd0e0000.pcie:      MEM 0x00e0000000..0x00efffffff -> 0x00e0000000
[    3.489053] nwl-pcie fd0e0000.pcie:      MEM 0x0600000000..0x07ffffffff -> 0x0600000000
[    3.497114] nwl-pcie fd0e0000.pcie: Link is DOWN
[    3.501874] nwl-pcie fd0e0000.pcie: PCI host bridge to bus 0000:00
[    3.508050] pci_bus 0000:00: root bus resource [bus 00-ff]
[    3.513532] pci_bus 0000:00: root bus resource [mem 0xe0000000-0xefffffff]
[    3.520402] pci_bus 0000:00: root bus resource [mem 0x600000000-0x7ffffffff pref]
[    3.527905] pci 0000:00:00.0: [10ee:d021] type 01 class 0x060400
[    3.533960] pci 0000:00:00.0: PME# supported from D0 D1 D2 D3hot
[    3.544405] pci 0000:00:00.0: PCI bridge to [bus 01-0c]
[    3.550378] xilinx-zynqmp-dma fd500000.dma: ZynqMP DMA driver Probe success
[    3.557549] xilinx-zynqmp-dma fd510000.dma: ZynqMP DMA driver Probe success
[    3.564728] xilinx-zynqmp-dma fd520000.dma: ZynqMP DMA driver Probe success
[    3.571904] xilinx-zynqmp-dma fd530000.dma: ZynqMP DMA driver Probe success
[    3.579071] xilinx-zynqmp-dma fd540000.dma: ZynqMP DMA driver Probe success
[    3.586238] xilinx-zynqmp-dma fd550000.dma: ZynqMP DMA driver Probe success
[    3.593408] xilinx-zynqmp-dma fd560000.dma: ZynqMP DMA driver Probe success
[    3.600589] xilinx-zynqmp-dma fd570000.dma: ZynqMP DMA driver Probe success
[    3.608003] xilinx-zynqmp-dpdma fd4c0000.dma-controller: Xilinx DPDMA engine is probed
[    3.616540] ahci-ceva fd0c0000.ahci: supply ahci not found, using dummy regulator
[    3.624086] ahci-ceva fd0c0000.ahci: supply phy not found, using dummy regulator
[    3.711862] hmc7044 spi2.0: PLL1: Acquisition, CLKIN0 @ 122880000 Hz, PFD: 80 kHz - PLL2: Locked @ 2800.000000 MHz
[    3.722586] jesd204: /axi/spi@ff050000/hmc7044@0,jesd204:1,parent=spi2.0: Using as SYSREF provider
[    3.732165] spi-nor spi0.0: SPI-NOR-UniqueID 100000235394732200270025081115266e
[    3.739476] spi-nor spi0.0: found n25q512a, expected m25p80
[    3.745685] spi-nor spi0.0: trying to lock already unlocked area
[    3.751688] spi-nor spi0.0: n25q512a (131072 Kbytes)
[    3.756671] 4 fixed-partitions partitions found on MTD device spi0.0
[    3.763019] Creating 4 MTD partitions on "spi0.0":
[    3.767804] 0x000000000000-0x000000100000 : "qspi-fsbl-uboot"
[    3.774287] 0x000000100000-0x000000600000 : "qspi-linux"
[    3.780240] 0x000000600000-0x000000620000 : "qspi-device-tree"
[    3.786726] 0x000000620000-0x000000c00000 : "qspi-rootfs"
[    3.795186] macb ff0e0000.ethernet: Not enabling partial store and forward
[    3.802698] libphy: MACB_mii_bus: probed
[    3.807759] macb ff0e0000.ethernet eth0: Cadence GEM rev 0x50070106 at 0xff0e0000 irq 30 (00:0a:35:04:8e:1b)
[    3.817977] xilinx-axipmon ffa00000.perf-monitor: Probed Xilinx APM
[    3.824557] xilinx-axipmon fd0b0000.perf-monitor: Probed Xilinx APM
[    3.831075] xilinx-axipmon fd490000.perf-monitor: Probed Xilinx APM
[    3.837614] xilinx-axipmon ffa10000.perf-monitor: Probed Xilinx APM
[    3.847652] pca953x 0-0020: supply vcc not found, using dummy regulator
[    3.854336] pca953x 0-0020: using no AI
[    3.858827] gpio-496 (sel0): hogged as output/low
[    3.863730] gpio-497 (sel1): hogged as output/high
[    3.868720] gpio-498 (sel2): hogged as output/high
[    3.873711] gpio-499 (sel3): hogged as output/high
[    3.878890] pca953x 0-0021: supply vcc not found, using dummy regulator
[    3.885558] pca953x 0-0021: using no AI
[    3.891315] ina2xx 2-0040: power monitor ina226 (Rshunt = 5000 uOhm)
[    3.898352] ina2xx 2-0041: power monitor ina226 (Rshunt = 5000 uOhm)
[    3.905380] ina2xx 2-0042: power monitor ina226 (Rshunt = 5000 uOhm)
[    3.912406] ina2xx 2-0043: power monitor ina226 (Rshunt = 5000 uOhm)
[    3.919436] ina2xx 2-0044: power monitor ina226 (Rshunt = 5000 uOhm)
[    3.926462] ina2xx 2-0045: power monitor ina226 (Rshunt = 5000 uOhm)
[    3.933495] ina2xx 2-0046: power monitor ina226 (Rshunt = 5000 uOhm)
[    3.940562] ina2xx 2-0047: power monitor ina226 (Rshunt = 5000 uOhm)
[    3.947585] ina2xx 2-004a: power monitor ina226 (Rshunt = 5000 uOhm)
[    3.954613] ina2xx 2-004b: power monitor ina226 (Rshunt = 5000 uOhm)
[    3.961016] i2c i2c-0: Added multiplexed i2c bus 2
[    3.966402] random: fast init done
[    3.969876] ina2xx 3-0040: power monitor ina226 (Rshunt = 2000 uOhm)
[    3.976908] ina2xx 3-0041: power monitor ina226 (Rshunt = 5000 uOhm)
[    3.983942] ina2xx 3-0042: power monitor ina226 (Rshunt = 5000 uOhm)
[    3.990975] ina2xx 3-0043: power monitor ina226 (Rshunt = 5000 uOhm)
[    3.998001] ina2xx 3-0044: power monitor ina226 (Rshunt = 5000 uOhm)
[    4.005030] ina2xx 3-0045: power monitor ina226 (Rshunt = 5000 uOhm)
[    4.012058] ina2xx 3-0046: power monitor ina226 (Rshunt = 5000 uOhm)
[    4.019084] ina2xx 3-0047: power monitor ina226 (Rshunt = 5000 uOhm)
[    4.025486] i2c i2c-0: Added multiplexed i2c bus 3
[    4.081584] i2c i2c-0: Added multiplexed i2c bus 4
[    4.086525] i2c i2c-0: Added multiplexed i2c bus 5
[    4.091311] pca954x 0-0075: registered 4 multiplexed busses for I2C mux pca9544
[    4.098661] cdns-i2c ff020000.i2c: 400 kHz mmio ff020000 irq 32
[    4.106401] at24 6-0054: supply vcc not found, using dummy regulator
[    4.113287] at24 6-0054: 1024 byte 24c08 EEPROM, writable, 1 bytes/write
[    4.120041] i2c i2c-1: Added multiplexed i2c bus 6
[    4.126469] si5341 7-0036: Chip: 5341 Grade: 1 Rev: 1
[    4.164132] i2c i2c-1: Added multiplexed i2c bus 7
[    4.171785] si570 8-005d: registered, current frequency 300000000 Hz
[    4.178189] i2c i2c-1: Added multiplexed i2c bus 8
[    4.197968] si570 9-005d: registered, current frequency 148500000 Hz
[    4.204375] i2c i2c-1: Added multiplexed i2c bus 9
[    4.209409] si5324 10-0069: si5328 probed
[    4.276042] si5324 10-0069: si5328 probe successful
[    4.280969] i2c i2c-1: Added multiplexed i2c bus 10
[    4.286012] i2c i2c-1: Added multiplexed i2c bus 11
[    4.291039] i2c i2c-1: Added multiplexed i2c bus 12
[    4.296062] i2c i2c-1: Added multiplexed i2c bus 13
[    4.300942] pca954x 1-0074: registered 8 multiplexed busses for I2C switch pca9548
[    4.309054] at24 14-0050: supply vcc not found, using dummy regulator
[    4.315834] at24 14-0050: 256 byte 24c02 EEPROM, writable, 1 bytes/write
[    4.322577] i2c i2c-1: Added multiplexed i2c bus 14
[    4.327614] i2c i2c-1: Added multiplexed i2c bus 15
[    4.332651] i2c i2c-1: Added multiplexed i2c bus 16
[    4.337684] i2c i2c-1: Added multiplexed i2c bus 17
[    4.342724] i2c i2c-1: Added multiplexed i2c bus 18
[    4.347775] i2c i2c-1: Added multiplexed i2c bus 19
[    4.352809] i2c i2c-1: Added multiplexed i2c bus 20
[    4.357843] i2c i2c-1: Added multiplexed i2c bus 21
[    4.362716] pca954x 1-0075: registered 8 multiplexed busses for I2C switch pca9548
[    4.370325] cdns-i2c ff030000.i2c: 400 kHz mmio ff030000 irq 33
[    4.380071] cdns-wdt fd4d0000.watchdog: Xilinx Watchdog Timer with timeout 60s
[    4.389111] axi_adxcvr 84a60000.axi-adxcvr-rx: adxcvr_enforce_settings: Using QPLL without access, assuming desired Lane rate will be configured by a different instance
[    4.405754] axi_adxcvr 84a60000.axi-adxcvr-rx: AXI-ADXCVR-RX (17.05.a) using QPLL on GTH4 at 0x84A60000. Number of lanes: 4.
[    4.417901] axi_adxcvr 84b60000.axi-adxcvr-tx: AXI-ADXCVR-TX (17.05.a) using QPLL on GTH4 at 0x84B60000. Number of lanes: 4.
[    4.421844] mmc0: SDHCI controller on ff170000.mmc [ff170000.mmc] using ADMA 64-bit
[    4.437048] axi-jesd204-rx 84a90000.axi-jesd204-rx: AXI-JESD204-RX (1.07.a) at 0x84A90000. Encoder 8b10b, width 4/4, lanes 4, jesd204-fsm.
[    4.449880] axi-jesd204-tx 84b90000.axi-jesd204-tx: AXI-JESD204-TX (1.06.a) at 0x84B90000. Encoder 8b10b, width 4/4, lanes 4, jesd204-fsm.
[    4.463398] zynqmp-display fd4a0000.display: vtc bridge property not present
[    4.469447] mmc0: new high speed SDHC card at address 0001
[    4.473044] xilinx-dp-snd-codec fd4a0000.display:zynqmp_dp_snd_codec0: Failed to get required clock freq
[    4.476289] mmcblk0: mmc0:0001 EB1QT 29.8 GiB 
[    4.485410] xilinx-dp-snd-codec: probe of fd4a0000.display:zynqmp_dp_snd_codec0 failed with error -22
[    4.491067]  mmcblk0: p1 p2 p3
[    4.499394] xilinx-dp-snd-pcm zynqmp_dp_snd_pcm0: Xilinx DisplayPort Sound PCM probed
[    4.510264] xilinx-dp-snd-pcm zynqmp_dp_snd_pcm1: Xilinx DisplayPort Sound PCM probed
[    4.518473] OF: graph: no port node found in /axi/display@fd4a0000
[    4.524881] xlnx-drm xlnx-drm.0: bound fd4a0000.display (ops 0xffffffc010fcbdb8)
[    5.611702] zynqmp-display fd4a0000.display: [drm] Cannot find any crtc or sizes
[    5.619321] [drm] Initialized xlnx 1.0.0 20130509 for fd4a0000.display on minor 0
[    5.626813] zynqmp-display fd4a0000.display: ZynqMP DisplayPort Subsystem driver probed
[    5.635126] ahci-ceva fd0c0000.ahci: supply ahci not found, using dummy regulator
[    5.642670] ahci-ceva fd0c0000.ahci: supply phy not found, using dummy regulator
[    5.650128] ahci-ceva fd0c0000.ahci: supply target not found, using dummy regulator
[    5.668019] ahci-ceva fd0c0000.ahci: AHCI 0001.0301 32 slots 2 ports 6 Gbps 0x3 impl platform mode
[    5.676977] ahci-ceva fd0c0000.ahci: flags: 64bit ncq sntf pm clo only pmp fbs pio slum part ccc sds apst 
[    5.687595] scsi host0: ahci-ceva
[    5.691182] scsi host1: ahci-ceva
[    5.694614] ata1: SATA max UDMA/133 mmio [mem 0xfd0c0000-0xfd0c1fff] port 0x100 irq 45
[    5.702527] ata2: SATA max UDMA/133 mmio [mem 0xfd0c0000-0xfd0c1fff] port 0x180 irq 45
[    5.711134] ad9081 spi1.0: supply vdd not found, using dummy regulator
[    6.021896] ata1: SATA link down (SStatus 0 SControl 330)
[    6.027307] ata2: SATA link down (SStatus 0 SControl 330)
[    6.695701] zynqmp-display fd4a0000.display: [drm] Cannot find any crtc or sizes
[    7.496431] ad9081 spi1.0: AD9081 Rev. 2 Grade 10 (API 1.2.2) probed
[    7.503616] xhci-hcd xhci-hcd.1.auto: xHCI Host Controller
[    7.509113] xhci-hcd xhci-hcd.1.auto: new USB bus registered, assigned bus number 1
[    7.516861] xhci-hcd xhci-hcd.1.auto: hcc params 0x0238f625 hci version 0x100 quirks 0x0000000002010810
[    7.526271] xhci-hcd xhci-hcd.1.auto: irq 59, io mem 0xfe200000
[    7.532377] usb usb1: New USB device found, idVendor=1d6b, idProduct=0002, bcdDevice= 5.10
[    7.540637] usb usb1: New USB device strings: Mfr=3, Product=2, SerialNumber=1
[    7.547855] usb usb1: Product: xHCI Host Controller
[    7.552723] usb usb1: Manufacturer: Linux 5.10.0-98103-g2aa7ac113716 xhci-hcd
[    7.559849] usb usb1: SerialNumber: xhci-hcd.1.auto
[    7.565020] hub 1-0:1.0: USB hub found
[    7.568787] hub 1-0:1.0: 1 port detected
[    7.572892] xhci-hcd xhci-hcd.1.auto: xHCI Host Controller
[    7.578380] xhci-hcd xhci-hcd.1.auto: new USB bus registered, assigned bus number 2
[    7.586033] xhci-hcd xhci-hcd.1.auto: Host supports USB 3.0 SuperSpeed
[    7.592660] usb usb2: New USB device found, idVendor=1d6b, idProduct=0003, bcdDevice= 5.10
[    7.600920] usb usb2: New USB device strings: Mfr=3, Product=2, SerialNumber=1
[    7.608143] usb usb2: Product: xHCI Host Controller
[    7.613017] usb usb2: Manufacturer: Linux 5.10.0-98103-g2aa7ac113716 xhci-hcd
[    7.620142] usb usb2: SerialNumber: xhci-hcd.1.auto
[    7.625252] hub 2-0:1.0: USB hub found
[    7.629015] hub 2-0:1.0: 1 port detected
[    7.659112] cf_axi_adc 84a10000.axi-ad9081-rx-hpc: ADI AIM (10.01.b) at 0x84A10000 mapped to 0x(____ptrval____), probed ADC AD9081 as MASTER
[    7.692526] cf_axi_dds 84b10000.axi-ad9081-tx-hpc: Analog Devices CF_AXI_DDS_DDS MASTER (9.01.b) at 0x84B10000 mapped to 0x(____ptrval____), probed DDS AD9081
[    7.706723] jesd204: /axi/spi@ff040000/ad9081@0,jesd204:0,parent=spi1.0: JESD204[2] transition initialized -> probed
[    7.717246] jesd204: /axi/spi@ff040000/ad9081@0,jesd204:0,parent=spi1.0: JESD204[0] transition initialized -> probed
[    7.727768] jesd204: /axi/spi@ff040000/ad9081@0,jesd204:0,parent=spi1.0: JESD204[2] transition probed -> idle
[    7.737677] jesd204: /axi/spi@ff040000/ad9081@0,jesd204:0,parent=spi1.0: JESD204[0] transition probed -> idle
[    7.747591] jesd204: /axi/spi@ff040000/ad9081@0,jesd204:0,parent=spi1.0: JESD204[2] transition idle -> device_init
[    7.757934] jesd204: /axi/spi@ff040000/ad9081@0,jesd204:0,parent=spi1.0: JESD204[0] transition idle -> device_init
[    7.768286] jesd204: /axi/spi@ff040000/ad9081@0,jesd204:0,parent=spi1.0: JESD204[2] transition device_init -> link_init
[    7.779061] jesd204: /axi/spi@ff040000/ad9081@0,jesd204:0,parent=spi1.0: JESD204[0] transition device_init -> link_init
[    7.789853] jesd204: /axi/spi@ff040000/ad9081@0,jesd204:0,parent=spi1.0: JESD204[2] transition link_init -> link_supported
[    7.800891] jesd204: /axi/spi@ff040000/ad9081@0,jesd204:0,parent=spi1.0: JESD204[0] transition link_init -> link_supported
[    7.812292] hmc7044 spi2.0: hmc7044_jesd204_link_pre_setup: Link2 forcing continuous SYSREF mode
[    7.821409] jesd204: /axi/spi@ff040000/ad9081@0,jesd204:0,parent=spi1.0: JESD204[2] transition link_supported -> link_pre_setup
[    7.832888] jesd204: /axi/spi@ff040000/ad9081@0,jesd204:0,parent=spi1.0: JESD204[0] transition link_supported -> link_pre_setup
[    7.856666] jesd204: /axi/spi@ff040000/ad9081@0,jesd204:0,parent=spi1.0: JESD204[2] transition link_pre_setup -> clk_sync_stage1
[    7.868232] jesd204: /axi/spi@ff040000/ad9081@0,jesd204:0,parent=spi1.0: JESD204[0] transition link_pre_setup -> clk_sync_stage1
[    7.879796] jesd204: /axi/spi@ff040000/ad9081@0,jesd204:0,parent=spi1.0: JESD204[2] transition clk_sync_stage1 -> clk_sync_stage2
[    7.891441] jesd204: /axi/spi@ff040000/ad9081@0,jesd204:0,parent=spi1.0: JESD204[0] transition clk_sync_stage1 -> clk_sync_stage2
[    7.903093] jesd204: /axi/spi@ff040000/ad9081@0,jesd204:0,parent=spi1.0: JESD204[2] transition clk_sync_stage2 -> clk_sync_stage3
[    7.914742] jesd204: /axi/spi@ff040000/ad9081@0,jesd204:0,parent=spi1.0: JESD204[0] transition clk_sync_stage2 -> clk_sync_stage3
[    7.928458] jesd204: /axi/spi@ff040000/ad9081@0,jesd204:0,parent=spi1.0: JESD204[2] transition clk_sync_stage3 -> link_setup
[    7.939670] jesd204: /axi/spi@ff040000/ad9081@0,jesd204:0,parent=spi1.0: JESD204[0] transition clk_sync_stage3 -> link_setup
[    7.955729] jesd204: /axi/spi@ff040000/ad9081@0,jesd204:0,parent=spi1.0: JESD204[2] transition link_setup -> opt_setup_stage1
[    7.967028] jesd204: /axi/spi@ff040000/ad9081@0,jesd204:0,parent=spi1.0: JESD204[0] transition link_setup -> opt_setup_stage1
[    7.983351] jesd204: /axi/spi@ff040000/ad9081@0,jesd204:0,parent=spi1.0: JESD204[2] transition opt_setup_stage1 -> opt_setup_stage2
[    7.995178] jesd204: /axi/spi@ff040000/ad9081@0,jesd204:0,parent=spi1.0: JESD204[0] transition opt_setup_stage1 -> opt_setup_stage2
[    8.007150] jesd204: /axi/spi@ff040000/ad9081@0,jesd204:0,parent=spi1.0: JESD204[2] transition opt_setup_stage2 -> opt_setup_stage3
[    8.018970] jesd204: /axi/spi@ff040000/ad9081@0,jesd204:0,parent=spi1.0: JESD204[0] transition opt_setup_stage2 -> opt_setup_stage3
[    8.030793] jesd204: /axi/spi@ff040000/ad9081@0,jesd204:0,parent=spi1.0: JESD204[2] transition opt_setup_stage3 -> opt_setup_stage4
[    8.042611] jesd204: /axi/spi@ff040000/ad9081@0,jesd204:0,parent=spi1.0: JESD204[0] transition opt_setup_stage3 -> opt_setup_stage4
[    8.054440] jesd204: /axi/spi@ff040000/ad9081@0,jesd204:0,parent=spi1.0: JESD204[2] transition opt_setup_stage4 -> opt_setup_stage5
[    8.066266] jesd204: /axi/spi@ff040000/ad9081@0,jesd204:0,parent=spi1.0: JESD204[0] transition opt_setup_stage4 -> opt_setup_stage5
[    8.084273] jesd204: /axi/spi@ff040000/ad9081@0,jesd204:0,parent=spi1.0: JESD204[2] transition opt_setup_stage5 -> clocks_enable
[    8.095831] jesd204: /axi/spi@ff040000/ad9081@0,jesd204:0,parent=spi1.0: JESD204[0] transition opt_setup_stage5 -> clocks_enable
[    8.107454] jesd204: /axi/spi@ff040000/ad9081@0,jesd204:0,parent=spi1.0: JESD204[2] transition clocks_enable -> link_enable
[    8.118580] jesd204: /axi/spi@ff040000/ad9081@0,jesd204:0,parent=spi1.0: JESD204[0] transition clocks_enable -> link_enable
[    8.151932] ad9081 spi1.0: JESD RX (JTX) Link2 in DATA, SYNC deasserted, PLL locked, PHASE established, MODE valid
[    8.162534] ad9081 spi1.0: JESD TX (JRX) Link0 0xF lanes in DATA
[    8.168543] jesd204: /axi/spi@ff040000/ad9081@0,jesd204:0,parent=spi1.0: JESD204[2] transition link_enable -> link_running
[    8.179581] jesd204: /axi/spi@ff040000/ad9081@0,jesd204:0,parent=spi1.0: JESD204[0] transition link_enable -> link_running
[    8.190631] jesd204: /axi/spi@ff040000/ad9081@0,jesd204:0,parent=spi1.0: JESD204[2] transition link_running -> opt_post_running_stage
[    8.202627] jesd204: /axi/spi@ff040000/ad9081@0,jesd204:0,parent=spi1.0: JESD204[0] transition link_running -> opt_post_running_stage
[    8.223941] input: gpio-keys as /devices/platform/gpio-keys/input/input0
[    8.230961] of_cfs_init
[    8.233424] of_cfs_init: OK
[    8.236363] cfg80211: Loading compiled-in X.509 certificates for regulatory database
[    8.407766] cfg80211: Loaded X.509 cert 'sforshee: 00b28ddf47aef9cea7'
[    8.414290] clk: Not disabling unused clocks
[    8.418822] ALSA device list:
[    8.421782]   No soundcards found.
[    8.425457] platform regulatory.0: Direct firmware load for regulatory.db failed with error -2
[    8.434065] cfg80211: failed to load regulatory.db
[    8.448711] EXT4-fs (mmcblk0p2): mounted filesystem with ordered data mode. Opts: (null)
[    8.452088] random: crng init done
[    8.456830] VFS: Mounted root (ext4 filesystem) on device 179:2.
[    8.473338] devtmpfs: mounted
[    8.477164] Freeing unused kernel memory: 2560K
[    8.491735] Run /sbin/init as init process
[    8.495829]   with arguments:
[    8.495831]     /sbin/init
[    8.495833]   with environment:
[    8.495836]     HOME=/
[    8.495838]     TERM=linux
[    9.062063] systemd[1]: systemd 241 running in system mode. (+PAM +AUDIT +SELINUX +IMA +APPARMOR +SMACK +SYSVINIT +UTMP +LIBCRYPTSETUP +GCRYPT +GNUTLS +ACL +XZ +LZ4 +SECCOMP +BLKID +ELFUTILS +KMOD -IDN2 +IDN -PCRE2 default-hierarchy=hybrid)
[    9.083969] systemd[1]: Detected architecture arm64.
[    9.108398] systemd[1]: Set hostname to <analog>.
[    9.320767] systemd[1]: File /lib/systemd/system/systemd-journald.service:12 configures an IP firewall (IPAddressDeny=any), but the local system does not support BPF/cgroup based firewalling.
[    9.337826] systemd[1]: Proceeding WITHOUT firewalling in effect! (This warning is only shown for the first loaded unit using IP firewalling.)
[    9.502071] systemd[1]: /etc/systemd/system/tof-server.service:1: Assignment outside of section. Ignoring.
[    9.511769] systemd[1]: /etc/systemd/system/tof-server.service:2: Assignment outside of section. Ignoring.
[    9.703366] systemd[1]: Condition check resulted in Arbitrary Executable File Formats File System Automount Point being skipped.
[    9.715481] systemd[1]: Listening on Journal Socket.
[    9.732344] systemd[1]: Created slice system-getty.slice.
[   10.322835] ------------[ cut here ]------------
[   10.322845] Enabling unprepared \xa0)G\x88\xff\xff\xff\xa0F\x88\xff\xff\xff
[   10.322890] WARNING: CPU: 1 PID: 132 at drivers/clk/clk.c:1012 clk_core_enable+0xa4/0xc0
[   10.322893] Modules linked in:
[   10.322903] CPU: 1 PID: 132 Comm: kworker/1:1H Not tainted 5.10.0-98103-g2aa7ac113716 #5577
[   10.322906] Hardware name: ZynqMP ZCU102 Rev1.0 (DT)
[   10.322916] Workqueue: kblockd blk_mq_run_work_fn
[   10.322923] pstate: 80000085 (Nzcv daIf -PAN -UAO -TCO BTYPE=--)
[   10.322928] pc : clk_core_enable+0xa4/0xc0
[   10.322934] lr : clk_core_enable+0xa4/0xc0
[   10.322937] sp : ffffffc012b632d0
[   10.322940] x29: ffffffc012b632d0 x28: ffffff8800330c10 
[   10.322947] x27: ffffff8800330d48 x26: 0000005000000101 
[   10.322954] x25: 000000026159064c x24: 0000000000000001 
[   10.322960] x23: ffffff8801106a80 x22: ffffff8801083220 
[   10.322967] x21: ffffff880146a000 x20: ffffff880146a008 
[   10.322973] x19: ffffff880146a008 x18: 0000000000000030 
[   10.322980] x17: 0000000000000003 x16: 0000add52c61d09a 
[   10.322986] x15: ffffffffffff8690 x14: ffffffc011d3b1a0 
[   10.322993] x13: ffffffc011d3b1c8 x12: 00000000000005e2 
[   10.322999] x11: 00000000000001f6 x10: ffffffc011d671c8 
[   10.323006] x9 : 00000000fffff800 x8 : ffffffc011d3b1c8 
[   10.323012] x7 : ffffffc011d671c8 x6 : 0000000000000001 
[   10.323019] x5 : ffffff887f77c9e0 x4 : 0000000000000000 
[   10.323025] x3 : 0000000000000027 x2 : 0000000000000023 
[   10.323031] x1 : 78abab26e6941b00 x0 : 0000000000000000 
[   10.323038] Call trace:
[   10.323044]  clk_core_enable+0xa4/0xc0
[   10.323049]  clk_enable+0x2c/0x60
[   10.323055]  zynqmp_runtime_resume+0x24/0x84
[   10.323062]  pm_generic_runtime_resume+0x30/0x50
[   10.323068]  __genpd_runtime_resume+0x30/0xb0
[   10.323074]  genpd_runtime_resume+0x90/0x250
[   10.323080]  __rpm_callback+0x10c/0x1e0
[   10.323085]  rpm_callback+0x5c/0x84
[   10.323090]  rpm_resume+0x4a4/0x74c
[   10.323095]  __pm_runtime_resume+0x78/0xc4
[   10.323099]  spi_mem_access_start.isra.0+0x30/0x80
[   10.323103]  spi_mem_exec_op+0x3b0/0x424
[   10.323108]  spi_nor_read_sr+0x78/0xe0
[   10.323113]  spi_nor_wait_till_ready_with_timeout+0xb4/0x2f0
[   10.323118]  spi_nor_read+0x188/0x380
[   10.323123]  mtd_read_oob_std+0x78/0x84
[   10.323127]  mtd_read_oob+0x7c/0x134
[   10.323132]  mtd_read+0x48/0x7c
[   10.323138]  mtdblock_readsect+0x6c/0x150
[   10.323142]  mtd_queue_rq+0x2cc/0x5a0
[   10.323148]  blk_mq_dispatch_rq_list+0x110/0x790
[   10.323154]  __blk_mq_do_dispatch_sched+0x200/0x274
[   10.323160]  __blk_mq_sched_dispatch_requests+0x1a8/0x1fc
[   10.323165]  blk_mq_sched_dispatch_requests+0x3c/0x7c
[   10.323170]  __blk_mq_run_hw_queue+0x98/0x100
[   10.323175]  blk_mq_run_work_fn+0x24/0x30
[   10.323180]  process_one_work+0x1d4/0x380
[   10.323184]  worker_thread+0x78/0x4e0
[   10.323189]  kthread+0x124/0x130
[   10.323195]  ret_from_fork+0x10/0x3c
[   10.323198] ---[ end trace 2116ffb8159352b1 ]---
[   10.323207] zynqmp-qspi ff0f0000.spi: Cannot enable APB clock.
[   10.323255] spi_master spi0: Failed to power device: -108
[   10.323265] blk_update_request: I/O error, dev mtdblock0, sector 8 op 0x0:(READ) flags 0x80700 phys_seg 1 prio class 0
[   10.323336] spi_master spi0: Failed to power device: -22
[   10.323342] blk_update_request: I/O error, dev mtdblock0, sector 8 op 0x0:(READ) flags 0x0 phys_seg 8 prio class 0
[   10.323348] Buffer I/O error on dev mtdblock0, logical block 8, async page read
[   10.323357] spi_master spi0: Failed to power device: -22
[   10.323363] blk_update_request: I/O error, dev mtdblock0, sector 9 op 0x0:(READ) flags 0x0 phys_seg 7 prio class 0
[   10.323367] Buffer I/O error on dev mtdblock0, logical block 9, async page read
[   10.323374] spi_master spi0: Failed to power device: -22
[   10.323380] blk_update_request: I/O error, dev mtdblock0, sector 10 op 0x0:(READ) flags 0x0 phys_seg 6 prio class 0
[   10.323384] Buffer I/O error on dev mtdblock0, logical block 10, async page read
[   10.323391] spi_master spi0: Failed to power device: -22
[   10.323397] blk_update_request: I/O error, dev mtdblock0, sector 11 op 0x0:(READ) flags 0x0 phys_seg 5 prio class 0
[   10.323400] Buffer I/O error on dev mtdblock0, logical block 11, async page read
[   10.323407] spi_master spi0: Failed to power device: -22
[   10.323413] blk_update_request: I/O error, dev mtdblock0, sector 12 op 0x0:(READ) flags 0x0 phys_seg 4 prio class 0
[   10.323417] Buffer I/O error on dev mtdblock0, logical block 12, async page read
[   10.323423] spi_master spi0: Failed to power device: -22
[   10.323429] blk_update_request: I/O error, dev mtdblock0, sector 13 op 0x0:(READ) flags 0x0 phys_seg 3 prio class 0
[   10.323433] Buffer I/O error on dev mtdblock0, logical block 13, async page read
[   10.323439] spi_master spi0: Failed to power device: -22
[   10.323445] blk_update_request: I/O error, dev mtdblock0, sector 14 op 0x0:(READ) flags 0x0 phys_seg 2 prio class 0
[   10.323449] Buffer I/O error on dev mtdblock0, logical block 14, async page read
[   10.323455] spi_master spi0: Failed to power device: -22
[   10.323461] blk_update_request: I/O error, dev mtdblock0, sector 15 op 0x0:(READ) flags 0x0 phys_seg 1 prio class 0
[   10.323464] Buffer I/O error on dev mtdblock0, logical block 15, async page read
[   10.323813] spi_master spi0: Failed to power device: -22
[   10.323821] blk_update_request: I/O error, dev mtdblock1, sector 10112 op 0x0:(READ) flags 0x80700 phys_seg 1 prio class 0
[   10.323866] spi_master spi0: Failed to power device: -22
[   10.323872] Buffer I/O error on dev mtdblock1, logical block 10112, async page read
[   10.323880] spi_master spi0: Failed to power device: -22
[   10.323885] Buffer I/O error on dev mtdblock1, logical block 10113, async page read
[   10.323892] spi_master spi0: Failed to power device: -22
[   10.323900] spi_master spi0: Failed to power device: -22
[   10.323907] spi_master spi0: Failed to power device: -22
[   10.323914] spi_master spi0: Failed to power device: -22
[   10.323922] spi_master spi0: Failed to power device: -22
[   10.323929] spi_master spi0: Failed to power device: -22
[   10.324185] spi_master spi0: Failed to power device: -22
[   10.324230] spi_master spi0: Failed to power device: -22
[   10.324239] spi_master spi0: Failed to power device: -22
[   10.324248] spi_master spi0: Failed to power device: -22
[   10.324255] spi_master spi0: Failed to power device: -22
[   10.324263] spi_master spi0: Failed to power device: -22
[   10.324270] spi_master spi0: Failed to power device: -22
[   10.324277] spi_master spi0: Failed to power device: -22
[   10.324288] spi_master spi0: Failed to power device: -22
[   10.324584] spi_master spi0: Failed to power device: -22
[   10.324629] spi_master spi0: Failed to power device: -22
[   10.324638] spi_master spi0: Failed to power device: -22
[   10.324646] spi_master spi0: Failed to power device: -22
[   10.324654] spi_master spi0: Failed to power device: -22
[   10.324662] spi_master spi0: Failed to power device: -22
[   10.324669] spi_master spi0: Failed to power device: -22
[   10.324676] spi_master spi0: Failed to power device: -22
[   10.324684] spi_master spi0: Failed to power device: -22
[   10.448521] EXT4-fs (mmcblk0p2): re-mounted. Opts: (null)
[   10.567501] systemd-journald[167]: Received request to flush runtime journal from PID 1
[   16.486681] macb ff0e0000.ethernet eth0: PHY [ff0e0000.ethernet-ffffffff:0c] driver [TI DP83867] (irq=POLL)
[   16.486694] macb ff0e0000.ethernet eth0: configuring for phy/rgmii-id link mode
[   16.787732] Adding 102396k swap on /var/swap.  Priority:-2 extents:4 across:9953604k SS
[   19.336467] broken atomic modeset userspace detected, disabling atomic
[   20.577313] macb ff0e0000.ethernet eth0: Link is Up - 1Gbps/Full - flow control off
[   20.577339] IPv6: ADDRCONF(NETDEV_CHANGE): eth0: link becomes ready
[   22.006441] broken atomic modeset userspace detected, disabling atomic
[   24.901094] broken atomic modeset userspace detected, disabling atomic
[   27.547600] broken atomic modeset userspace detected, disabling atomic