[    0.000000] Booting Linux on physical CPU 0x0000000000 [0x410fd034]
[    0.000000] Linux version 5.10.0-98103-g2aa7ac113716 (jenkins@romlxbuild1.adlk.analog.com) (aarch64-xilinx-linux-gcc.real (GCC) 10.2.0, GNU ld (GNU Binutils) 2.35.0.20200730) #5577 SMP Wed Mar 23 07:28:49 GMT 2022
[    0.000000] Machine model: ZynqMP ZCU102 Rev1.0
[    0.000000] earlycon: cdns0 at MMIO 0x00000000ff000000 (options '115200n8')
[    0.000000] printk: bootconsole [cdns0] enabled
[    0.000000] efi: UEFI not found.
[    0.000000] cma: Reserved 256 MiB at 0x0000000070000000
[    0.000000] Zone ranges:
[    0.000000]   DMA      [mem 0x0000000000000000-0x000000003fffffff]
[    0.000000]   DMA32    [mem 0x0000000040000000-0x00000000ffffffff]
[    0.000000]   Normal   [mem 0x0000000100000000-0x000000087fffffff]
[    0.000000] Movable zone start for each node
[    0.000000] Early memory node ranges
[    0.000000]   node   0: [mem 0x0000000000000000-0x000000007fffffff]
[    0.000000]   node   0: [mem 0x0000000800000000-0x000000087fffffff]
[    0.000000] Initmem setup node 0 [mem 0x0000000000000000-0x000000087fffffff]
[    0.000000] On node 0 totalpages: 1048576
[    0.000000]   DMA zone: 3584 pages used for memmap
[    0.000000]   DMA zone: 0 pages reserved
[    0.000000]   DMA zone: 262144 pages, LIFO batch:63
[    0.000000]   DMA32 zone: 3584 pages used for memmap
[    0.000000]   DMA32 zone: 262144 pages, LIFO batch:63
[    0.000000]   Normal zone: 7168 pages used for memmap
[    0.000000]   Normal zone: 524288 pages, LIFO batch:63
[    0.000000] psci: probing for conduit method from DT.
[    0.000000] psci: PSCIv1.1 detected in firmware.
[    0.000000] psci: Using standard PSCI v0.2 function IDs
[    0.000000] psci: MIGRATE_INFO_TYPE not supported.
[    0.000000] psci: SMC Calling Convention v1.2
[    0.000000] percpu: Embedded 22 pages/cpu s49496 r8192 d32424 u90112
[    0.000000] pcpu-alloc: s49496 r8192 d32424 u90112 alloc=22*4096
[    0.000000] pcpu-alloc: [0] 0 [0] 1 [0] 2 [0] 3 
[    0.000000] Detected VIPT I-cache on CPU0
[    0.000000] CPU features: detected: ARM erratum 845719
[    0.000000] Built 1 zonelists, mobility grouping on.  Total pages: 1034240
[    0.000000] Kernel command line: console=ttyPS0,115200 root=/dev/mmcblk0p2 rw earlycon rootfstype=ext4 rootwait clk_ignore_unused cpuidle.off=1 root=/dev/mmcblk0p2 rw rootwait
[    0.000000] Dentry cache hash table entries: 524288 (order: 10, 4194304 bytes, linear)
[    0.000000] Inode-cache hash table entries: 262144 (order: 9, 2097152 bytes, linear)
[    0.000000] mem auto-init: stack:off, heap alloc:off, heap free:off
[    0.000000] software IO TLB: mapped [mem 0x000000003bfff000-0x000000003ffff000] (64MB)
[    0.000000] Memory: 3761904K/4194304K available (15296K kernel code, 1636K rwdata, 11876K rodata, 2560K init, 507K bss, 170256K reserved, 262144K cma-reserved)
[    0.000000] rcu: Hierarchical RCU implementation.
[    0.000000] rcu: 	RCU event tracing is enabled.
[    0.000000] rcu: 	RCU restricting CPUs from NR_CPUS=8 to nr_cpu_ids=4.
[    0.000000] rcu: RCU calculated value of scheduler-enlistment delay is 25 jiffies.
[    0.000000] rcu: Adjusting geometry for rcu_fanout_leaf=16, nr_cpu_ids=4
[    0.000000] NR_IRQS: 64, nr_irqs: 64, preallocated irqs: 0
[    0.000000] GIC: Adjusting CPU interface base to 0x00000000f902f000
[    0.000000] GIC: Using split EOI/Deactivate mode
[    0.000000] random: get_random_bytes called from start_kernel+0x31c/0x54c with crng_init=0
[    0.000000] arch_timer: cp15 timer(s) running at 100.00MHz (phys).
[    0.000000] clocksource: arch_sys_counter: mask: 0xffffffffffffff max_cycles: 0x171024e7e0, max_idle_ns: 440795205315 ns
[    0.000003] sched_clock: 56 bits at 100MHz, resolution 10ns, wraps every 4398046511100ns
[    0.008465] Console: colour dummy device 80x25
[    0.012482] Calibrating delay loop (skipped), value calculated using timer frequency.. 200.00 BogoMIPS (lpj=400000)
[    0.022840] pid_max: default: 32768 minimum: 301
[    0.027552] Mount-cache hash table entries: 8192 (order: 4, 65536 bytes, linear)
[    0.034788] Mountpoint-cache hash table entries: 8192 (order: 4, 65536 bytes, linear)
[    0.043394] rcu: Hierarchical SRCU implementation.
[    0.047561] EFI services will not be available.
[    0.051938] smp: Bringing up secondary CPUs ...
[    0.056657] Detected VIPT I-cache on CPU1
[    0.056696] CPU1: Booted secondary processor 0x0000000001 [0x410fd034]
[    0.057062] Detected VIPT I-cache on CPU2
[    0.057086] CPU2: Booted secondary processor 0x0000000002 [0x410fd034]
[    0.057425] Detected VIPT I-cache on CPU3
[    0.057448] CPU3: Booted secondary processor 0x0000000003 [0x410fd034]
[    0.057494] smp: Brought up 1 node, 4 CPUs
[    0.091780] SMP: Total of 4 processors activated.
[    0.096452] CPU features: detected: 32-bit EL0 Support
[    0.101555] CPU features: detected: CRC32 instructions
[    0.106696] CPU: All CPU(s) started at EL2
[    0.110736] alternatives: patching kernel code
[    0.116170] devtmpfs: initialized
[    0.124061] Registered cp15_barrier emulation handler
[    0.124111] Registered setend emulation handler
[    0.128093] clocksource: jiffies: mask: 0xffffffff max_cycles: 0xffffffff, max_idle_ns: 7645041785100000 ns
[    0.137670] futex hash table entries: 1024 (order: 4, 65536 bytes, linear)
[    0.151033] pinctrl core: initialized pinctrl subsystem
[    0.151680] NET: Registered protocol family 16
[    0.156105] DMA: preallocated 512 KiB GFP_KERNEL pool for atomic allocations
[    0.162116] DMA: preallocated 512 KiB GFP_KERNEL|GFP_DMA pool for atomic allocations
[    0.169843] DMA: preallocated 512 KiB GFP_KERNEL|GFP_DMA32 pool for atomic allocations
[    0.177645] audit: initializing netlink subsys (disabled)
[    0.183095] audit: type=2000 audit(0.116:1): state=initialized audit_enabled=0 res=1
[    0.183440] hw-breakpoint: found 6 breakpoint and 4 watchpoint registers.
[    0.197472] ASID allocator initialised with 65536 entries
[    0.224315] HugeTLB registered 1.00 GiB page size, pre-allocated 0 pages
[    0.225368] HugeTLB registered 32.0 MiB page size, pre-allocated 0 pages
[    0.232039] HugeTLB registered 2.00 MiB page size, pre-allocated 0 pages
[    0.238699] HugeTLB registered 64.0 KiB page size, pre-allocated 0 pages
[    1.304232] DRBG: Continuing without Jitter RNG
[    1.382087] raid6: neonx8   gen()  2142 MB/s
[    1.450143] raid6: neonx8   xor()  1599 MB/s
[    1.518200] raid6: neonx4   gen()  2197 MB/s
[    1.586251] raid6: neonx4   xor()  1565 MB/s
[    1.654320] raid6: neonx2   gen()  2076 MB/s
[    1.722360] raid6: neonx2   xor()  1439 MB/s
[    1.790437] raid6: neonx1   gen()  1772 MB/s
[    1.858476] raid6: neonx1   xor()  1220 MB/s
[    1.926539] raid6: int64x8  gen()  1438 MB/s
[    1.994590] raid6: int64x8  xor()   771 MB/s
[    2.062660] raid6: int64x4  gen()  1598 MB/s
[    2.130717] raid6: int64x4  xor()   819 MB/s
[    2.198781] raid6: int64x2  gen()  1397 MB/s
[    2.266827] raid6: int64x2  xor()   750 MB/s
[    2.334902] raid6: int64x1  gen()  1033 MB/s
[    2.402966] raid6: int64x1  xor()   517 MB/s
[    2.403004] raid6: using algorithm neonx4 gen() 2197 MB/s
[    2.406961] raid6: .... xor() 1565 MB/s, rmw enabled
[    2.411891] raid6: using neon recovery algorithm
[    2.416903] iommu: Default domain type: Translated 
[    2.421516] SCSI subsystem initialized
[    2.425060] libata version 3.00 loaded.
[    2.425186] usbcore: registered new interface driver usbfs
[    2.430516] usbcore: registered new interface driver hub
[    2.435794] usbcore: registered new device driver usb
[    2.440920] mc: Linux media interface: v0.10
[    2.445038] videodev: Linux video capture interface: v2.00
[    2.450530] EDAC MC: Ver: 3.0.0
[    2.453948] zynqmp-ipi-mbox mailbox@ff990400: Registered ZynqMP IPI mbox with TX/RX channels.
[    2.462473] jesd204: created con: id=0, topo=0, link=0, /axi/spi@ff050000/hmc7044@0 <-> /fpga-axi@0/axi-adxcvr-tx@84b60000
[    2.473060] jesd204: created con: id=1, topo=0, link=2, /axi/spi@ff050000/hmc7044@0 <-> /fpga-axi@0/axi-adxcvr-rx@84a60000
[    2.484042] jesd204: created con: id=2, topo=0, link=0, /fpga-axi@0/axi-adxcvr-tx@84b60000 <-> /fpga-axi@0/axi-jesd204-tx@84b90000
[    2.495721] jesd204: created con: id=3, topo=0, link=2, /fpga-axi@0/axi-adxcvr-rx@84a60000 <-> /fpga-axi@0/axi-jesd204-rx@84a90000
[    2.507397] jesd204: created con: id=4, topo=0, link=0, /fpga-axi@0/axi-jesd204-tx@84b90000 <-> /fpga-axi@0/axi-ad9081-tx-hpc@84b10000
[    2.519424] jesd204: created con: id=5, topo=0, link=2, /fpga-axi@0/axi-jesd204-rx@84a90000 <-> /fpga-axi@0/axi-ad9081-rx-hpc@84a10000
[    2.531447] jesd204: created con: id=6, topo=0, link=2, /fpga-axi@0/axi-ad9081-rx-hpc@84a10000 <-> /axi/spi@ff040000/ad9081@0
[    2.542689] jesd204: created con: id=7, topo=0, link=0, /fpga-axi@0/axi-ad9081-tx-hpc@84b10000 <-> /axi/spi@ff040000/ad9081@0
[    2.553938] jesd204: /axi/spi@ff040000/ad9081@0: JESD204[2] transition uninitialized -> initialized
[    2.562925] jesd204: /axi/spi@ff040000/ad9081@0: JESD204[0] transition uninitialized -> initialized
[    2.571917] jesd204: found 8 devices and 1 topologies
[    2.576958] FPGA manager framework
[    2.580437] Advanced Linux Sound Architecture Driver Initialized.
[    2.586735] Bluetooth: Core ver 2.22
[    2.589920] NET: Registered protocol family 31
[    2.594321] Bluetooth: HCI device and connection manager initialized
[    2.600638] Bluetooth: HCI socket layer initialized
[    2.605480] Bluetooth: L2CAP socket layer initialized
[    2.610504] Bluetooth: SCO socket layer initialized
[    2.615702] clocksource: Switched to clocksource arch_sys_counter
[    2.621494] VFS: Disk quotas dquot_6.6.0
[    2.625329] VFS: Dquot-cache hash table entries: 512 (order 0, 4096 bytes)
[    2.636058] NET: Registered protocol family 2
[    2.636774] tcp_listen_portaddr_hash hash table entries: 2048 (order: 3, 32768 bytes, linear)
[    2.644973] TCP established hash table entries: 32768 (order: 6, 262144 bytes, linear)
[    2.652995] TCP bind hash table entries: 32768 (order: 7, 524288 bytes, linear)
[    2.660441] TCP: Hash tables configured (established 32768 bind 32768)
[    2.666617] UDP hash table entries: 2048 (order: 4, 65536 bytes, linear)
[    2.673281] UDP-Lite hash table entries: 2048 (order: 4, 65536 bytes, linear)
[    2.680442] NET: Registered protocol family 1
[    2.684893] RPC: Registered named UNIX socket transport module.
[    2.690517] RPC: Registered udp transport module.
[    2.695184] RPC: Registered tcp transport module.
[    2.699852] RPC: Registered tcp NFSv4.1 backchannel transport module.
[    2.706834] PCI: CLS 0 bytes, default 64
[    2.710563] hw perfevents: no interrupt-affinity property for /pmu, guessing.
[    2.717403] hw perfevents: enabled with armv8_pmuv3 PMU driver, 7 counters available
[    2.725753] Initialise system trusted keyrings
[    2.729431] workingset: timestamp_bits=62 max_order=20 bucket_order=0
[    2.736328] NFS: Registering the id_resolver key type
[    2.740782] Key type id_resolver registered
[    2.744920] Key type id_legacy registered
[    2.748910] nfs4filelayout_init: NFSv4 File Layout Driver Registering...
[    2.755574] jffs2: version 2.2. (NAND) (SUMMARY)  Â© 2001-2006 Red Hat, Inc.
[    2.799023] NET: Registered protocol family 38
[    2.799066] xor: measuring software checksum speed
[    2.806755]    8regs           :  2363 MB/sec
[    2.810424]    32regs          :  2799 MB/sec
[    2.815367]    arm64_neon      :  2380 MB/sec
[    2.815557] xor: using function: 32regs (2799 MB/sec)
[    2.820583] Key type asymmetric registered
[    2.824644] Asymmetric key parser 'x509' registered
[    2.829504] Block layer SCSI generic (bsg) driver version 0.4 loaded (major 248)
[    2.836842] io scheduler mq-deadline registered
[    2.841338] io scheduler kyber registered
[    2.870759] Serial: 8250/16550 driver, 4 ports, IRQ sharing disabled
[    2.875402] cacheinfo: Unable to detect cache hierarchy for CPU 0
[    2.881743] brd: module loaded
[    2.885896] loop: module loaded
[    2.886442] Registered mathworks_ip class
[    2.889775] libphy: Fixed MDIO Bus: probed
[    2.892747] tun: Universal TUN/TAP device driver, 1.6
[    2.896809] CAN device driver interface
[    2.901349] usbcore: registered new interface driver asix
[    2.905943] usbcore: registered new interface driver ax88179_178a
[    2.911980] usbcore: registered new interface driver cdc_ether
[    2.917771] usbcore: registered new interface driver net1080
[    2.923395] usbcore: registered new interface driver cdc_subset
[    2.929277] usbcore: registered new interface driver zaurus
[    2.934820] usbcore: registered new interface driver cdc_ncm
[    2.941227] ehci_hcd: USB 2.0 'Enhanced' Host Controller (EHCI) Driver
[    2.946906] ehci-pci: EHCI PCI platform driver
[    2.951716] usbcore: registered new interface driver uas
[    2.956621] usbcore: registered new interface driver usb-storage
[    2.962610] usbcore: registered new interface driver usbserial_generic
[    2.969061] usbserial: USB Serial support registered for generic
[    2.975035] usbcore: registered new interface driver ftdi_sio
[    2.980736] usbserial: USB Serial support registered for FTDI USB Serial Device
[    2.988010] usbcore: registered new interface driver upd78f0730
[    2.993884] usbserial: USB Serial support registered for upd78f0730
[    3.001540] rtc_zynqmp ffa60000.rtc: registered as rtc0
[    3.005309] rtc_zynqmp ffa60000.rtc: setting system clock to 2022-04-12T20:23:34 UTC (1649795014)
[    3.014172] i2c /dev entries driver
[    3.019487] usbcore: registered new interface driver uvcvideo
[    3.023285] USB Video Class driver (1.1.1)
[    3.028865] Bluetooth: HCI UART driver ver 2.3
[    3.031767] Bluetooth: HCI UART protocol H4 registered
[    3.036865] Bluetooth: HCI UART protocol BCSP registered
[    3.042156] Bluetooth: HCI UART protocol LL registered
[    3.047245] Bluetooth: HCI UART protocol ATH3K registered
[    3.052619] Bluetooth: HCI UART protocol Three-wire (H5) registered
[    3.058872] Bluetooth: HCI UART protocol Intel registered
[    3.064209] Bluetooth: HCI UART protocol QCA registered
[    3.069411] usbcore: registered new interface driver bcm203x
[    3.075034] usbcore: registered new interface driver bpa10x
[    3.080569] usbcore: registered new interface driver bfusb
[    3.086021] usbcore: registered new interface driver btusb
[    3.091479] usbcore: registered new interface driver ath3k
[    3.096967] EDAC MC: ECC not enabled
[    3.100591] EDAC DEVICE0: Giving out device to module zynqmp-ocm-edac controller zynqmp_ocm: DEV ff960000.memory-controller (INTERRUPT)
[    3.112902] sdhci: Secure Digital Host Controller Interface driver
[    3.118694] sdhci: Copyright(c) Pierre Ossman
[    3.123016] sdhci-pltfm: SDHCI platform and OF driver helper
[    3.129069] ledtrig-cpu: registered to indicate activity on CPUs
[    3.134623] SMCCC: SOC_ID: ARCH_SOC_ID not implemented, skipping ....
[    3.141056] zynqmp_firmware_probe Platform Management API v1.1
[    3.146809] zynqmp_firmware_probe Trustzone version v1.0
[    3.186366] zynqmp-pinctrl firmware:zynqmp-firmware:pinctrl: zynqmp pinctrl initialized
[    3.234290] zynqmp-aes firmware:zynqmp-firmware:zynqmp-aes: will run requests pump with realtime priority
[    3.250042] alg: No test for xilinx-keccak-384 (zynqmp-keccak-384)
[    3.250749] alg: No test for xilinx-zynqmp-rsa (zynqmp-rsa)
[    3.256268] usbcore: registered new interface driver usbhid
[    3.261654] usbhid: USB HID core driver
[    3.272901] axi_sysid 85000000.axi-sysid-0: AXI System ID core version (1.01.a) found
[    3.275252] axi_sysid 85000000.axi-sysid-0: [ad9081_fmca_ebz] on [zcu102] git branch <master> git <084d44c9780640ca93fd847b1d9ec70dd65f5c67> clean [2022-03-18 04:17:50] UTC
[    3.290940] fpga_manager fpga0: Xilinx ZynqMP FPGA Manager registered
[    3.297298] usbcore: registered new interface driver snd-usb-audio
[    3.304750] pktgen: Packet Generator for packet performance testing. Version: 2.75
[    3.310933] Initializing XFRM netlink socket
[    3.314779] NET: Registered protocol family 10
[    3.319494] Segment Routing with IPv6
[    3.322869] sit: IPv6, IPv4 and MPLS over IPv4 tunneling driver
[    3.328953] NET: Registered protocol family 17
[    3.333052] NET: Registered protocol family 15
[    3.337546] can: controller area network core
[    3.341804] NET: Registered protocol family 29
[    3.346193] can: raw protocol
[    3.349130] can: broadcast manager protocol
[    3.353286] can: netlink gateway - max_hops=1
[    3.357687] Bluetooth: RFCOMM TTY layer initialized
[    3.362460] Bluetooth: RFCOMM socket layer initialized
[    3.367564] Bluetooth: RFCOMM ver 1.11
[    3.371278] Bluetooth: BNEP (Ethernet Emulation) ver 1.3
[    3.376549] Bluetooth: BNEP filters: protocol multicast
[    3.381741] Bluetooth: BNEP socket layer initialized
[    3.386671] Bluetooth: HIDP (Human Interface Emulation) ver 1.2
[    3.392554] Bluetooth: HIDP socket layer initialized
[    3.397605] 9pnet: Installing 9P2000 support
[    3.401732] NET: Registered protocol family 36
[    3.406148] Key type dns_resolver registered
[    3.410580] registered taskstats version 1
[    3.414444] Loading compiled-in X.509 certificates
[    3.419553] Btrfs loaded, crc32c=crc32c-generic
[    3.431978] ff000000.serial: ttyPS0 at MMIO 0xff000000 (irq = 49, base_baud = 6249999) is a xuartps
[    3.441004] printk: console [ttyPS0] enabled
[    3.445298] printk: bootconsole [cdns0] disabled
[    3.454924] ff010000.serial: ttyPS1 at MMIO 0xff010000 (irq = 50, base_baud = 6249999) is a xuartps
[    3.468172] of-fpga-region fpga-full: FPGA Region probed
[    3.475114] nwl-pcie fd0e0000.pcie: host bridge /axi/pcie@fd0e0000 ranges:
[    3.482011] nwl-pcie fd0e0000.pcie:      MEM 0x00e0000000..0x00efffffff -> 0x00e0000000
[    3.490013] nwl-pcie fd0e0000.pcie:      MEM 0x0600000000..0x07ffffffff -> 0x0600000000
[    3.498075] nwl-pcie fd0e0000.pcie: Link is DOWN
[    3.502832] nwl-pcie fd0e0000.pcie: PCI host bridge to bus 0000:00
[    3.509011] pci_bus 0000:00: root bus resource [bus 00-ff]
[    3.514491] pci_bus 0000:00: root bus resource [mem 0xe0000000-0xefffffff]
[    3.521361] pci_bus 0000:00: root bus resource [mem 0x600000000-0x7ffffffff pref]
[    3.528865] pci 0000:00:00.0: [10ee:d021] type 01 class 0x060400
[    3.534921] pci 0000:00:00.0: PME# supported from D0 D1 D2 D3hot
[    3.545367] pci 0000:00:00.0: PCI bridge to [bus 01-0c]
[    3.551342] xilinx-zynqmp-dma fd500000.dma: ZynqMP DMA driver Probe success
[    3.558517] xilinx-zynqmp-dma fd510000.dma: ZynqMP DMA driver Probe success
[    3.565690] xilinx-zynqmp-dma fd520000.dma: ZynqMP DMA driver Probe success
[    3.572864] xilinx-zynqmp-dma fd530000.dma: ZynqMP DMA driver Probe success
[    3.580038] xilinx-zynqmp-dma fd540000.dma: ZynqMP DMA driver Probe success
[    3.587206] xilinx-zynqmp-dma fd550000.dma: ZynqMP DMA driver Probe success
[    3.594378] xilinx-zynqmp-dma fd560000.dma: ZynqMP DMA driver Probe success
[    3.601546] xilinx-zynqmp-dma fd570000.dma: ZynqMP DMA driver Probe success
[    3.608946] xilinx-zynqmp-dpdma fd4c0000.dma-controller: Xilinx DPDMA engine is probed
[    3.617498] ahci-ceva fd0c0000.ahci: supply ahci not found, using dummy regulator
[    3.625046] ahci-ceva fd0c0000.ahci: supply phy not found, using dummy regulator
[    3.715872] hmc7044 spi2.0: PLL1: Acquisition, CLKIN0 @ 122880000 Hz, PFD: 80 kHz - PLL2: Locked @ 2690.000000 MHz
[    3.726585] jesd204: /axi/spi@ff050000/hmc7044@0,jesd204:1,parent=spi2.0: Using as SYSREF provider
[    3.736163] spi-nor spi0.0: SPI-NOR-UniqueID 100000235394732200270025081115266e
[    3.743474] spi-nor spi0.0: found n25q512a, expected m25p80
[    3.749676] spi-nor spi0.0: trying to lock already unlocked area
[    3.755675] spi-nor spi0.0: n25q512a (131072 Kbytes)
[    3.760654] 4 fixed-partitions partitions found on MTD device spi0.0
[    3.766999] Creating 4 MTD partitions on "spi0.0":
[    3.771784] 0x000000000000-0x000000100000 : "qspi-fsbl-uboot"
[    3.778260] 0x000000100000-0x000000600000 : "qspi-linux"
[    3.784216] 0x000000600000-0x000000620000 : "qspi-device-tree"
[    3.790696] 0x000000620000-0x000000c00000 : "qspi-rootfs"
[    3.799161] macb ff0e0000.ethernet: Not enabling partial store and forward
[    3.806665] libphy: MACB_mii_bus: probed
[    3.811721] macb ff0e0000.ethernet eth0: Cadence GEM rev 0x50070106 at 0xff0e0000 irq 30 (00:0a:35:04:8e:1b)
[    3.821931] xilinx-axipmon ffa00000.perf-monitor: Probed Xilinx APM
[    3.828507] xilinx-axipmon fd0b0000.perf-monitor: Probed Xilinx APM
[    3.835022] xilinx-axipmon fd490000.perf-monitor: Probed Xilinx APM
[    3.841565] xilinx-axipmon ffa10000.perf-monitor: Probed Xilinx APM
[    3.851558] pca953x 0-0020: supply vcc not found, using dummy regulator
[    3.858242] pca953x 0-0020: using no AI
[    3.862729] gpio-496 (sel0): hogged as output/low
[    3.867630] gpio-497 (sel1): hogged as output/high
[    3.872614] gpio-498 (sel2): hogged as output/high
[    3.877603] gpio-499 (sel3): hogged as output/high
[    3.882774] pca953x 0-0021: supply vcc not found, using dummy regulator
[    3.889441] pca953x 0-0021: using no AI
[    3.895207] ina2xx 2-0040: power monitor ina226 (Rshunt = 5000 uOhm)
[    3.902243] ina2xx 2-0041: power monitor ina226 (Rshunt = 5000 uOhm)
[    3.909274] ina2xx 2-0042: power monitor ina226 (Rshunt = 5000 uOhm)
[    3.916306] ina2xx 2-0043: power monitor ina226 (Rshunt = 5000 uOhm)
[    3.923328] ina2xx 2-0044: power monitor ina226 (Rshunt = 5000 uOhm)
[    3.930345] ina2xx 2-0045: power monitor ina226 (Rshunt = 5000 uOhm)
[    3.937379] ina2xx 2-0046: power monitor ina226 (Rshunt = 5000 uOhm)
[    3.944449] ina2xx 2-0047: power monitor ina226 (Rshunt = 5000 uOhm)
[    3.951484] ina2xx 2-004a: power monitor ina226 (Rshunt = 5000 uOhm)
[    3.958511] ina2xx 2-004b: power monitor ina226 (Rshunt = 5000 uOhm)
[    3.964921] i2c i2c-0: Added multiplexed i2c bus 2
[    3.970305] random: fast init done
[    3.973779] ina2xx 3-0040: power monitor ina226 (Rshunt = 2000 uOhm)
[    3.980809] ina2xx 3-0041: power monitor ina226 (Rshunt = 5000 uOhm)
[    3.987839] ina2xx 3-0042: power monitor ina226 (Rshunt = 5000 uOhm)
[    3.994869] ina2xx 3-0043: power monitor ina226 (Rshunt = 5000 uOhm)
[    4.001897] ina2xx 3-0044: power monitor ina226 (Rshunt = 5000 uOhm)
[    4.008923] ina2xx 3-0045: power monitor ina226 (Rshunt = 5000 uOhm)
[    4.015964] ina2xx 3-0046: power monitor ina226 (Rshunt = 5000 uOhm)
[    4.023005] ina2xx 3-0047: power monitor ina226 (Rshunt = 5000 uOhm)
[    4.029409] i2c i2c-0: Added multiplexed i2c bus 3
[    4.085453] i2c i2c-0: Added multiplexed i2c bus 4
[    4.090393] i2c i2c-0: Added multiplexed i2c bus 5
[    4.095179] pca954x 0-0075: registered 4 multiplexed busses for I2C mux pca9544
[    4.102529] cdns-i2c ff020000.i2c: 400 kHz mmio ff020000 irq 32
[    4.110263] at24 6-0054: supply vcc not found, using dummy regulator
[    4.117156] at24 6-0054: 1024 byte 24c08 EEPROM, writable, 1 bytes/write
[    4.123909] i2c i2c-1: Added multiplexed i2c bus 6
[    4.130337] si5341 7-0036: Chip: 5341 Grade: 1 Rev: 1
[    4.168037] i2c i2c-1: Added multiplexed i2c bus 7
[    4.175702] si570 8-005d: registered, current frequency 300000000 Hz
[    4.182104] i2c i2c-1: Added multiplexed i2c bus 8
[    4.201879] si570 9-005d: registered, current frequency 148500000 Hz
[    4.208277] i2c i2c-1: Added multiplexed i2c bus 9
[    4.213314] si5324 10-0069: si5328 probed
[    4.280070] si5324 10-0069: si5328 probe successful
[    4.285001] i2c i2c-1: Added multiplexed i2c bus 10
[    4.290028] i2c i2c-1: Added multiplexed i2c bus 11
[    4.295055] i2c i2c-1: Added multiplexed i2c bus 12
[    4.300075] i2c i2c-1: Added multiplexed i2c bus 13
[    4.304949] pca954x 1-0074: registered 8 multiplexed busses for I2C switch pca9548
[    4.313065] at24 14-0050: supply vcc not found, using dummy regulator
[    4.319852] at24 14-0050: 256 byte 24c02 EEPROM, writable, 1 bytes/write
[    4.326601] i2c i2c-1: Added multiplexed i2c bus 14
[    4.331640] i2c i2c-1: Added multiplexed i2c bus 15
[    4.336675] i2c i2c-1: Added multiplexed i2c bus 16
[    4.341707] i2c i2c-1: Added multiplexed i2c bus 17
[    4.346743] i2c i2c-1: Added multiplexed i2c bus 18
[    4.351793] i2c i2c-1: Added multiplexed i2c bus 19
[    4.356830] i2c i2c-1: Added multiplexed i2c bus 20
[    4.361867] i2c i2c-1: Added multiplexed i2c bus 21
[    4.366741] pca954x 1-0075: registered 8 multiplexed busses for I2C switch pca9548
[    4.374352] cdns-i2c ff030000.i2c: 400 kHz mmio ff030000 irq 33
[    4.384112] cdns-wdt fd4d0000.watchdog: Xilinx Watchdog Timer with timeout 60s
[    4.393148] axi_adxcvr 84a60000.axi-adxcvr-rx: adxcvr_enforce_settings: Using QPLL without access, assuming desired Lane rate will be configured by a different instance
[    4.409789] axi_adxcvr 84a60000.axi-adxcvr-rx: AXI-ADXCVR-RX (17.05.a) using QPLL on GTH4 at 0x84A60000. Number of lanes: 4.
[    4.421935] axi_adxcvr 84b60000.axi-adxcvr-tx: AXI-ADXCVR-TX (17.05.a) using QPLL on GTH4 at 0x84B60000. Number of lanes: 4.
[    4.425889] mmc0: SDHCI controller on ff170000.mmc [ff170000.mmc] using ADMA 64-bit
[    4.433578] axi-jesd204-rx 84a90000.axi-jesd204-rx: AXI-JESD204-RX (1.07.a) at 0x84A90000. Encoder 8b10b, width 4/4, lanes 4, jesd204-fsm.
[    4.453624] axi-jesd204-tx 84b90000.axi-jesd204-tx: AXI-JESD204-TX (1.06.a) at 0x84B90000. Encoder 8b10b, width 4/4, lanes 4, jesd204-fsm.
[    4.467136] zynqmp-display fd4a0000.display: vtc bridge property not present
[    4.473462] mmc0: new high speed SDHC card at address 0001
[    4.476790] xilinx-dp-snd-codec fd4a0000.display:zynqmp_dp_snd_codec0: Failed to get required clock freq
[    4.480019] mmcblk0: mmc0:0001 EB1QT 29.8 GiB 
[    4.489136] xilinx-dp-snd-codec: probe of fd4a0000.display:zynqmp_dp_snd_codec0 failed with error -22
[    4.494796]  mmcblk0: p1 p2 p3
[    4.503111] xilinx-dp-snd-pcm zynqmp_dp_snd_pcm0: Xilinx DisplayPort Sound PCM probed
[    4.513987] xilinx-dp-snd-pcm zynqmp_dp_snd_pcm1: Xilinx DisplayPort Sound PCM probed
[    4.522202] OF: graph: no port node found in /axi/display@fd4a0000
[    4.528617] xlnx-drm xlnx-drm.0: bound fd4a0000.display (ops 0xffffffc010fcbdb8)
[    5.615720] zynqmp-display fd4a0000.display: [drm] Cannot find any crtc or sizes
[    5.623336] [drm] Initialized xlnx 1.0.0 20130509 for fd4a0000.display on minor 0
[    5.630828] zynqmp-display fd4a0000.display: ZynqMP DisplayPort Subsystem driver probed
[    5.639143] ahci-ceva fd0c0000.ahci: supply ahci not found, using dummy regulator
[    5.646687] ahci-ceva fd0c0000.ahci: supply phy not found, using dummy regulator
[    5.654141] ahci-ceva fd0c0000.ahci: supply target not found, using dummy regulator
[    5.661978] ahci-ceva fd0c0000.ahci: AHCI 0001.0301 32 slots 2 ports 6 Gbps 0x3 impl platform mode
[    5.670935] ahci-ceva fd0c0000.ahci: flags: 64bit ncq sntf pm clo only pmp fbs pio slum part ccc sds apst 
[    5.681629] scsi host0: ahci-ceva
[    5.685216] scsi host1: ahci-ceva
[    5.688647] ata1: SATA max UDMA/133 mmio [mem 0xfd0c0000-0xfd0c1fff] port 0x100 irq 45
[    5.696562] ata2: SATA max UDMA/133 mmio [mem 0xfd0c0000-0xfd0c1fff] port 0x180 irq 45
[    5.705176] ad9081 spi1.0: supply vdd not found, using dummy regulator
[    6.017951] ata1: SATA link down (SStatus 0 SControl 330)
[    6.023359] ata2: SATA link down (SStatus 0 SControl 330)
[    6.699719] zynqmp-display fd4a0000.display: [drm] Cannot find any crtc or sizes
[    6.861206] ad9081 spi1.0: Invalid param passed., "ref_clk_hz < 100000000ULL" in adi_ad9081_device_clk_config_set(...), line554 in drivers/iio/adc/ad9081/adi_ad9081_device.c
[    7.547419] ad9081 spi1.0: AD9081 Rev. 2 Grade 10 (API 1.2.2) probed
[    7.554604] xhci-hcd xhci-hcd.1.auto: xHCI Host Controller
[    7.560095] xhci-hcd xhci-hcd.1.auto: new USB bus registered, assigned bus number 1
[    7.567843] xhci-hcd xhci-hcd.1.auto: hcc params 0x0238f625 hci version 0x100 quirks 0x0000000002010810
[    7.577255] xhci-hcd xhci-hcd.1.auto: irq 59, io mem 0xfe200000
[    7.583359] usb usb1: New USB device found, idVendor=1d6b, idProduct=0002, bcdDevice= 5.10
[    7.591623] usb usb1: New USB device strings: Mfr=3, Product=2, SerialNumber=1
[    7.598839] usb usb1: Product: xHCI Host Controller
[    7.603707] usb usb1: Manufacturer: Linux 5.10.0-98103-g2aa7ac113716 xhci-hcd
[    7.610836] usb usb1: SerialNumber: xhci-hcd.1.auto
[    7.616003] hub 1-0:1.0: USB hub found
[    7.619770] hub 1-0:1.0: 1 port detected
[    7.623873] xhci-hcd xhci-hcd.1.auto: xHCI Host Controller
[    7.629362] xhci-hcd xhci-hcd.1.auto: new USB bus registered, assigned bus number 2
[    7.637016] xhci-hcd xhci-hcd.1.auto: Host supports USB 3.0 SuperSpeed
[    7.643636] usb usb2: New USB device found, idVendor=1d6b, idProduct=0003, bcdDevice= 5.10
[    7.651894] usb usb2: New USB device strings: Mfr=3, Product=2, SerialNumber=1
[    7.659111] usb usb2: Product: xHCI Host Controller
[    7.663980] usb usb2: Manufacturer: Linux 5.10.0-98103-g2aa7ac113716 xhci-hcd
[    7.671106] usb usb2: SerialNumber: xhci-hcd.1.auto
[    7.676213] hub 2-0:1.0: USB hub found
[    7.679974] hub 2-0:1.0: 1 port detected
[    7.710093] cf_axi_adc 84a10000.axi-ad9081-rx-hpc: ADI AIM (10.01.b) at 0x84A10000 mapped to 0x(____ptrval____), probed ADC AD9081 as MASTER
[    7.740546] cf_axi_dds 84b10000.axi-ad9081-tx-hpc: Analog Devices CF_AXI_DDS_DDS MASTER (9.01.b) at 0x84B10000 mapped to 0x(____ptrval____), probed DDS AD9081
[    7.754742] jesd204: /axi/spi@ff040000/ad9081@0,jesd204:0,parent=spi1.0: JESD204[2] transition initialized -> probed
[    7.765259] jesd204: /axi/spi@ff040000/ad9081@0,jesd204:0,parent=spi1.0: JESD204[0] transition initialized -> probed
[    7.775782] jesd204: /axi/spi@ff040000/ad9081@0,jesd204:0,parent=spi1.0: JESD204[2] transition probed -> idle
[    7.785689] jesd204: /axi/spi@ff040000/ad9081@0,jesd204:0,parent=spi1.0: JESD204[0] transition probed -> idle
[    7.795606] jesd204: /axi/spi@ff040000/ad9081@0,jesd204:0,parent=spi1.0: JESD204[2] transition idle -> device_init
[    7.805948] jesd204: /axi/spi@ff040000/ad9081@0,jesd204:0,parent=spi1.0: JESD204[0] transition idle -> device_init
[    7.816299] jesd204: /axi/spi@ff040000/ad9081@0,jesd204:0,parent=spi1.0: JESD204[2] transition device_init -> link_init
[    7.827077] jesd204: /axi/spi@ff040000/ad9081@0,jesd204:0,parent=spi1.0: JESD204[0] transition device_init -> link_init
[    7.837868] jesd204: /axi/spi@ff040000/ad9081@0,jesd204:0,parent=spi1.0: JESD204[2] transition link_init -> link_supported
[    7.848906] jesd204: /axi/spi@ff040000/ad9081@0,jesd204:0,parent=spi1.0: JESD204[0] transition link_init -> link_supported
[    7.860312] hmc7044 spi2.0: hmc7044_jesd204_link_pre_setup: Link2 forcing continuous SYSREF mode
[    7.869526] jesd204: /axi/spi@ff040000/ad9081@0,jesd204:0,parent=spi1.0: JESD204[2] transition link_supported -> link_pre_setup
[    7.881006] jesd204: /axi/spi@ff040000/ad9081@0,jesd204:0,parent=spi1.0: JESD204[0] transition link_supported -> link_pre_setup
[    7.904817] jesd204: /axi/spi@ff040000/ad9081@0,jesd204:0,parent=spi1.0: JESD204[2] transition link_pre_setup -> clk_sync_stage1
[    7.916377] jesd204: /axi/spi@ff040000/ad9081@0,jesd204:0,parent=spi1.0: JESD204[0] transition link_pre_setup -> clk_sync_stage1
[    7.927942] jesd204: /axi/spi@ff040000/ad9081@0,jesd204:0,parent=spi1.0: JESD204[2] transition clk_sync_stage1 -> clk_sync_stage2
[    7.939589] jesd204: /axi/spi@ff040000/ad9081@0,jesd204:0,parent=spi1.0: JESD204[0] transition clk_sync_stage1 -> clk_sync_stage2
[    7.951239] jesd204: /axi/spi@ff040000/ad9081@0,jesd204:0,parent=spi1.0: JESD204[2] transition clk_sync_stage2 -> clk_sync_stage3
[    7.962882] jesd204: /axi/spi@ff040000/ad9081@0,jesd204:0,parent=spi1.0: JESD204[0] transition clk_sync_stage2 -> clk_sync_stage3
[    7.976553] jesd204: /axi/spi@ff040000/ad9081@0,jesd204:0,parent=spi1.0: JESD204[2] transition clk_sync_stage3 -> link_setup
[    7.987767] jesd204: /axi/spi@ff040000/ad9081@0,jesd204:0,parent=spi1.0: JESD204[0] transition clk_sync_stage3 -> link_setup
[    8.003709] jesd204: /axi/spi@ff040000/ad9081@0,jesd204:0,parent=spi1.0: JESD204[2] transition link_setup -> opt_setup_stage1
[    8.015006] jesd204: /axi/spi@ff040000/ad9081@0,jesd204:0,parent=spi1.0: JESD204[0] transition link_setup -> opt_setup_stage1
[    8.031340] jesd204: /axi/spi@ff040000/ad9081@0,jesd204:0,parent=spi1.0: JESD204[2] transition opt_setup_stage1 -> opt_setup_stage2
[    8.043166] jesd204: /axi/spi@ff040000/ad9081@0,jesd204:0,parent=spi1.0: JESD204[0] transition opt_setup_stage1 -> opt_setup_stage2
[    8.055137] jesd204: /axi/spi@ff040000/ad9081@0,jesd204:0,parent=spi1.0: JESD204[2] transition opt_setup_stage2 -> opt_setup_stage3
[    8.066963] jesd204: /axi/spi@ff040000/ad9081@0,jesd204:0,parent=spi1.0: JESD204[0] transition opt_setup_stage2 -> opt_setup_stage3
[    8.078791] jesd204: /axi/spi@ff040000/ad9081@0,jesd204:0,parent=spi1.0: JESD204[2] transition opt_setup_stage3 -> opt_setup_stage4
[    8.090608] jesd204: /axi/spi@ff040000/ad9081@0,jesd204:0,parent=spi1.0: JESD204[0] transition opt_setup_stage3 -> opt_setup_stage4
[    8.102438] jesd204: /axi/spi@ff040000/ad9081@0,jesd204:0,parent=spi1.0: JESD204[2] transition opt_setup_stage4 -> opt_setup_stage5
[    8.114263] jesd204: /axi/spi@ff040000/ad9081@0,jesd204:0,parent=spi1.0: JESD204[0] transition opt_setup_stage4 -> opt_setup_stage5
[    8.132201] jesd204: /axi/spi@ff040000/ad9081@0,jesd204:0,parent=spi1.0: JESD204[2] transition opt_setup_stage5 -> clocks_enable
[    8.143769] jesd204: /axi/spi@ff040000/ad9081@0,jesd204:0,parent=spi1.0: JESD204[0] transition opt_setup_stage5 -> clocks_enable
[    8.155390] jesd204: /axi/spi@ff040000/ad9081@0,jesd204:0,parent=spi1.0: JESD204[2] transition clocks_enable -> link_enable
[    8.166517] jesd204: /axi/spi@ff040000/ad9081@0,jesd204:0,parent=spi1.0: JESD204[0] transition clocks_enable -> link_enable
[    8.199942] ad9081 spi1.0: JESD RX (JTX) Link2 in DATA, SYNC deasserted, PLL locked, PHASE established, MODE valid
[    8.210547] ad9081 spi1.0: JESD TX (JRX) Link0 0xF lanes in DATA
[    8.216558] jesd204: /axi/spi@ff040000/ad9081@0,jesd204:0,parent=spi1.0: JESD204[2] transition link_enable -> link_running
[    8.227597] jesd204: /axi/spi@ff040000/ad9081@0,jesd204:0,parent=spi1.0: JESD204[0] transition link_enable -> link_running
[    8.238645] jesd204: /axi/spi@ff040000/ad9081@0,jesd204:0,parent=spi1.0: JESD204[2] transition link_running -> opt_post_running_stage
[    8.250643] jesd204: /axi/spi@ff040000/ad9081@0,jesd204:0,parent=spi1.0: JESD204[0] transition link_running -> opt_post_running_stage
[    8.271867] input: gpio-keys as /devices/platform/gpio-keys/input/input0
[    8.278877] of_cfs_init
[    8.281341] of_cfs_init: OK
[    8.284285] cfg80211: Loading compiled-in X.509 certificates for regulatory database
[    8.422574] cfg80211: Loaded X.509 cert 'sforshee: 00b28ddf47aef9cea7'
[    8.429106] clk: Not disabling unused clocks
[    8.433637] ALSA device list:
[    8.436596]   No soundcards found.
[    8.440260] platform regulatory.0: Direct firmware load for regulatory.db failed with error -2
[    8.448869] cfg80211: failed to load regulatory.db
[    8.463440] EXT4-fs (mmcblk0p2): mounted filesystem with ordered data mode. Opts: (null)
[    8.471556] VFS: Mounted root (ext4 filesystem) on device 179:2.
[    8.484688] devtmpfs: mounted
[    8.488509] Freeing unused kernel memory: 2560K
[    8.507747] Run /sbin/init as init process
[    8.511842]   with arguments:
[    8.511845]     /sbin/init
[    8.511847]   with environment:
[    8.511849]     HOME=/
[    8.511852]     TERM=linux
[    9.076770] systemd[1]: systemd 241 running in system mode. (+PAM +AUDIT +SELINUX +IMA +APPARMOR +SMACK +SYSVINIT +UTMP +LIBCRYPTSETUP +GCRYPT +GNUTLS +ACL +XZ +LZ4 +SECCOMP +BLKID +ELFUTILS +KMOD -IDN2 +IDN -PCRE2 default-hierarchy=hybrid)
[    9.098636] systemd[1]: Detected architecture arm64.
[    9.120413] systemd[1]: Set hostname to <analog>.
[    9.310063] systemd[1]: File /lib/systemd/system/systemd-journald.service:12 configures an IP firewall (IPAddressDeny=any), but the local system does not support BPF/cgroup based firewalling.
[    9.327181] systemd[1]: Proceeding WITHOUT firewalling in effect! (This warning is only shown for the first loaded unit using IP firewalling.)
[    9.490215] systemd[1]: /etc/systemd/system/tof-server.service:1: Assignment outside of section. Ignoring.
[    9.499941] systemd[1]: /etc/systemd/system/tof-server.service:2: Assignment outside of section. Ignoring.
[    9.682680] random: systemd: uninitialized urandom read (16 bytes read)
[    9.697337] random: systemd: uninitialized urandom read (16 bytes read)
[    9.704008] systemd[1]: Reached target Swap.
[    9.719822] random: systemd: uninitialized urandom read (16 bytes read)
[    9.727004] systemd[1]: Created slice system-serial\x2dgetty.slice.
[    9.747989] systemd[1]: Created slice system-systemd\x2dfsck.slice.
[   10.307181] ------------[ cut here ]------------
[   10.307188] Enabling unprepared \xa0\xd9F\x88\xff\xff\xff`F\x88\xff\xff\xff
[   10.307234] WARNING: CPU: 1 PID: 132 at drivers/clk/clk.c:1012 clk_core_enable+0xa4/0xc0
[   10.307237] Modules linked in:
[   10.307247] CPU: 1 PID: 132 Comm: kworker/1:1H Not tainted 5.10.0-98103-g2aa7ac113716 #5577
[   10.307250] Hardware name: ZynqMP ZCU102 Rev1.0 (DT)
[   10.307260] Workqueue: kblockd blk_mq_run_work_fn
[   10.307267] pstate: 80000085 (Nzcv daIf -PAN -UAO -TCO BTYPE=--)
[   10.307273] pc : clk_core_enable+0xa4/0xc0
[   10.307278] lr : clk_core_enable+0xa4/0xc0
[   10.307281] sp : ffffffc012b232d0
[   10.307284] x29: ffffffc012b232d0 x28: ffffff8800330c10 
[   10.307290] x27: ffffff8800330d48 x26: 0000005000000101 
[   10.307297] x25: 000000026069e698 x24: 0000000000000001 
[   10.307304] x23: ffffff880110ab80 x22: ffffff8801083220 
[   10.307310] x21: ffffff8801466000 x20: ffffff8801466008 
[   10.307317] x19: ffffff8801466008 x18: 0000000000000030 
[   10.307323] x17: 0000000000000003 x16: 0000ace817566368 
[   10.307330] x15: ffffffffffff87b8 x14: ffffffc011d3b1a0 
[   10.307337] x13: ffffffc011d3b1c8 x12: 00000000000005eb 
[   10.307343] x11: 00000000000001f9 x10: ffffffc011d671c8 
[   10.307355] x9 : 00000000fffff800 x8 : ffffffc011d3b1c8 
[   10.307362] x7 : ffffffc011d671c8 x6 : 0000000000000001 
[   10.307368] x5 : ffffff887f77c9e0 x4 : 0000000000000000 
[   10.307374] x3 : 0000000000000027 x2 : 0000000000000023 
[   10.307381] x1 : 4a378875b3219400 x0 : 0000000000000000 
[   10.307387] Call trace:
[   10.307394]  clk_core_enable+0xa4/0xc0
[   10.307399]  clk_enable+0x2c/0x60
[   10.307405]  zynqmp_runtime_resume+0x24/0x84
[   10.307412]  pm_generic_runtime_resume+0x30/0x50
[   10.307417]  __genpd_runtime_resume+0x30/0xb0
[   10.307424]  genpd_runtime_resume+0x90/0x250
[   10.307430]  __rpm_callback+0x10c/0x1e0
[   10.307435]  rpm_callback+0x5c/0x84
[   10.307440]  rpm_resume+0x4a4/0x74c
[   10.307445]  __pm_runtime_resume+0x78/0xc4
[   10.307450]  spi_mem_access_start.isra.0+0x30/0x80
[   10.307454]  spi_mem_exec_op+0x3b0/0x424
[   10.307459]  spi_nor_read_sr+0x78/0xe0
[   10.307464]  spi_nor_wait_till_ready_with_timeout+0xb4/0x2f0
[   10.307469]  spi_nor_read+0x188/0x380
[   10.307474]  mtd_read_oob_std+0x78/0x84
[   10.307478]  mtd_read_oob+0x7c/0x134
[   10.307482]  mtd_read+0x48/0x7c
[   10.307488]  mtdblock_readsect+0x6c/0x150
[   10.307494]  mtd_queue_rq+0x2cc/0x5a0
[   10.307499]  blk_mq_dispatch_rq_list+0x110/0x790
[   10.307506]  __blk_mq_do_dispatch_sched+0x200/0x274
[   10.307511]  __blk_mq_sched_dispatch_requests+0x1a8/0x1fc
[   10.307517]  blk_mq_sched_dispatch_requests+0x3c/0x7c
[   10.307522]  __blk_mq_run_hw_queue+0x98/0x100
[   10.307526]  blk_mq_run_work_fn+0x24/0x30
[   10.307532]  process_one_work+0x1d4/0x380
[   10.307536]  worker_thread+0x78/0x4e0
[   10.307542]  kthread+0x124/0x130
[   10.307547]  ret_from_fork+0x10/0x3c
[   10.307551] ---[ end trace babe22edfcbede8c ]---
[   10.307560] zynqmp-qspi ff0f0000.spi: Cannot enable APB clock.
[   10.307609] spi_master spi0: Failed to power device: -108
[   10.307618] blk_update_request: I/O error, dev mtdblock0, sector 8 op 0x0:(READ) flags 0x80700 phys_seg 1 prio class 0
[   10.307712] spi_master spi0: Failed to power device: -22
[   10.307720] blk_update_request: I/O error, dev mtdblock0, sector 8 op 0x0:(READ) flags 0x0 phys_seg 8 prio class 0
[   10.307726] Buffer I/O error on dev mtdblock0, logical block 8, async page read
[   10.307736] spi_master spi0: Failed to power device: -22
[   10.307742] blk_update_request: I/O error, dev mtdblock0, sector 9 op 0x0:(READ) flags 0x0 phys_seg 7 prio class 0
[   10.307745] Buffer I/O error on dev mtdblock0, logical block 9, async page read
[   10.307753] spi_master spi0: Failed to power device: -22
[   10.307759] blk_update_request: I/O error, dev mtdblock0, sector 10 op 0x0:(READ) flags 0x0 phys_seg 6 prio class 0
[   10.307762] Buffer I/O error on dev mtdblock0, logical block 10, async page read
[   10.307770] spi_master spi0: Failed to power device: -22
[   10.307775] blk_update_request: I/O error, dev mtdblock0, sector 11 op 0x0:(READ) flags 0x0 phys_seg 5 prio class 0
[   10.307779] Buffer I/O error on dev mtdblock0, logical block 11, async page read
[   10.307786] spi_master spi0: Failed to power device: -22
[   10.307792] blk_update_request: I/O error, dev mtdblock0, sector 12 op 0x0:(READ) flags 0x0 phys_seg 4 prio class 0
[   10.307796] Buffer I/O error on dev mtdblock0, logical block 12, async page read
[   10.307802] spi_master spi0: Failed to power device: -22
[   10.307808] blk_update_request: I/O error, dev mtdblock0, sector 13 op 0x0:(READ) flags 0x0 phys_seg 3 prio class 0
[   10.307812] Buffer I/O error on dev mtdblock0, logical block 13, async page read
[   10.307819] spi_master spi0: Failed to power device: -22
[   10.307824] blk_update_request: I/O error, dev mtdblock0, sector 14 op 0x0:(READ) flags 0x0 phys_seg 2 prio class 0
[   10.307828] Buffer I/O error on dev mtdblock0, logical block 14, async page read
[   10.307835] spi_master spi0: Failed to power device: -22
[   10.307840] blk_update_request: I/O error, dev mtdblock0, sector 15 op 0x0:(READ) flags 0x0 phys_seg 1 prio class 0
[   10.307844] Buffer I/O error on dev mtdblock0, logical block 15, async page read
[   10.308191] spi_master spi0: Failed to power device: -22
[   10.308199] blk_update_request: I/O error, dev mtdblock1, sector 10112 op 0x0:(READ) flags 0x80700 phys_seg 1 prio class 0
[   10.308245] spi_master spi0: Failed to power device: -22
[   10.308250] Buffer I/O error on dev mtdblock1, logical block 10112, async page read
[   10.308258] spi_master spi0: Failed to power device: -22
[   10.308263] Buffer I/O error on dev mtdblock1, logical block 10113, async page read
[   10.308270] spi_master spi0: Failed to power device: -22
[   10.308278] spi_master spi0: Failed to power device: -22
[   10.308286] spi_master spi0: Failed to power device: -22
[   10.308293] spi_master spi0: Failed to power device: -22
[   10.308301] spi_master spi0: Failed to power device: -22
[   10.308308] spi_master spi0: Failed to power device: -22
[   10.308592] spi_master spi0: Failed to power device: -22
[   10.308635] spi_master spi0: Failed to power device: -22
[   10.308645] spi_master spi0: Failed to power device: -22
[   10.308652] spi_master spi0: Failed to power device: -22
[   10.308660] spi_master spi0: Failed to power device: -22
[   10.308667] spi_master spi0: Failed to power device: -22
[   10.308674] spi_master spi0: Failed to power device: -22
[   10.308682] spi_master spi0: Failed to power device: -22
[   10.308688] spi_master spi0: Failed to power device: -22
[   10.308960] spi_master spi0: Failed to power device: -22
[   10.309004] spi_master spi0: Failed to power device: -22
[   10.309014] spi_master spi0: Failed to power device: -22
[   10.309022] spi_master spi0: Failed to power device: -22
[   10.309029] spi_master spi0: Failed to power device: -22
[   10.309037] spi_master spi0: Failed to power device: -22
[   10.309044] spi_master spi0: Failed to power device: -22
[   10.309051] spi_master spi0: Failed to power device: -22
[   10.309058] spi_master spi0: Failed to power device: -22
[   10.432674] EXT4-fs (mmcblk0p2): re-mounted. Opts: (null)
[   10.554975] systemd-journald[168]: Received request to flush runtime journal from PID 1
[   16.539413] macb ff0e0000.ethernet eth0: PHY [ff0e0000.ethernet-ffffffff:0c] driver [TI DP83867] (irq=POLL)
[   16.539427] macb ff0e0000.ethernet eth0: configuring for phy/rgmii-id link mode
[   16.843723] Adding 102396k swap on /var/swap.  Priority:-2 extents:4 across:9953604k SS
[   18.471729] random: crng init done
[   18.471740] random: 7 urandom warning(s) missed due to ratelimiting
[   19.356569] broken atomic modeset userspace detected, disabling atomic
[   20.641312] macb ff0e0000.ethernet eth0: Link is Up - 1Gbps/Full - flow control off
[   20.641339] IPv6: ADDRCONF(NETDEV_CHANGE): eth0: link becomes ready
[   22.028150] broken atomic modeset userspace detected, disabling atomic
[   24.938565] broken atomic modeset userspace detected, disabling atomic
[   27.560618] broken atomic modeset userspace detected, disabling atomic