[    0.000000] Booting Linux on physical CPU 0x0000000000 [0x410fd034]
[    0.000000] Linux version 5.10.0-98103-g2aa7ac113716 (jenkins@romlxbuild1.adlk.analog.com) (aarch64-xilinx-linux-gcc.real (GCC) 10.2.0, GNU ld (GNU Binutils) 2.35.0.20200730) #5577 SMP Wed Mar 23 07:28:49 GMT 2022
[    0.000000] Machine model: ZynqMP ZCU102 Rev1.0
[    0.000000] earlycon: cdns0 at MMIO 0x00000000ff000000 (options '115200n8')
[    0.000000] printk: bootconsole [cdns0] enabled
[    0.000000] efi: UEFI not found.
[    0.000000] cma: Reserved 256 MiB at 0x0000000070000000
[    0.000000] Zone ranges:
[    0.000000]   DMA      [mem 0x0000000000000000-0x000000003fffffff]
[    0.000000]   DMA32    [mem 0x0000000040000000-0x00000000ffffffff]
[    0.000000]   Normal   [mem 0x0000000100000000-0x000000087fffffff]
[    0.000000] Movable zone start for each node
[    0.000000] Early memory node ranges
[    0.000000]   node   0: [mem 0x0000000000000000-0x000000007fffffff]
[    0.000000]   node   0: [mem 0x0000000800000000-0x000000087fffffff]
[    0.000000] Initmem setup node 0 [mem 0x0000000000000000-0x000000087fffffff]
[    0.000000] On node 0 totalpages: 1048576
[    0.000000]   DMA zone: 3584 pages used for memmap
[    0.000000]   DMA zone: 0 pages reserved
[    0.000000]   DMA zone: 262144 pages, LIFO batch:63
[    0.000000]   DMA32 zone: 3584 pages used for memmap
[    0.000000]   DMA32 zone: 262144 pages, LIFO batch:63
[    0.000000]   Normal zone: 7168 pages used for memmap
[    0.000000]   Normal zone: 524288 pages, LIFO batch:63
[    0.000000] psci: probing for conduit method from DT.
[    0.000000] psci: PSCIv1.1 detected in firmware.
[    0.000000] psci: Using standard PSCI v0.2 function IDs
[    0.000000] psci: MIGRATE_INFO_TYPE not supported.
[    0.000000] psci: SMC Calling Convention v1.2
[    0.000000] percpu: Embedded 22 pages/cpu s49496 r8192 d32424 u90112
[    0.000000] pcpu-alloc: s49496 r8192 d32424 u90112 alloc=22*4096
[    0.000000] pcpu-alloc: [0] 0 [0] 1 [0] 2 [0] 3 
[    0.000000] Detected VIPT I-cache on CPU0
[    0.000000] CPU features: detected: ARM erratum 845719
[    0.000000] Built 1 zonelists, mobility grouping on.  Total pages: 1034240
[    0.000000] Kernel command line: console=ttyPS0,115200 root=/dev/mmcblk0p2 rw earlycon rootfstype=ext4 rootwait clk_ignore_unused cpuidle.off=1 root=/dev/mmcblk0p2 rw rootwait
[    0.000000] Dentry cache hash table entries: 524288 (order: 10, 4194304 bytes, linear)
[    0.000000] Inode-cache hash table entries: 262144 (order: 9, 2097152 bytes, linear)
[    0.000000] mem auto-init: stack:off, heap alloc:off, heap free:off
[    0.000000] software IO TLB: mapped [mem 0x000000003bfff000-0x000000003ffff000] (64MB)
[    0.000000] Memory: 3761904K/4194304K available (15296K kernel code, 1636K rwdata, 11876K rodata, 2560K init, 507K bss, 170256K reserved, 262144K cma-reserved)
[    0.000000] rcu: Hierarchical RCU implementation.
[    0.000000] rcu: 	RCU event tracing is enabled.
[    0.000000] rcu: 	RCU restricting CPUs from NR_CPUS=8 to nr_cpu_ids=4.
[    0.000000] rcu: RCU calculated value of scheduler-enlistment delay is 25 jiffies.
[    0.000000] rcu: Adjusting geometry for rcu_fanout_leaf=16, nr_cpu_ids=4
[    0.000000] NR_IRQS: 64, nr_irqs: 64, preallocated irqs: 0
[    0.000000] GIC: Adjusting CPU interface base to 0x00000000f902f000
[    0.000000] GIC: Using split EOI/Deactivate mode
[    0.000000] random: get_random_bytes called from start_kernel+0x31c/0x54c with crng_init=0
[    0.000000] arch_timer: cp15 timer(s) running at 100.00MHz (phys).
[    0.000000] clocksource: arch_sys_counter: mask: 0xffffffffffffff max_cycles: 0x171024e7e0, max_idle_ns: 440795205315 ns
[    0.000003] sched_clock: 56 bits at 100MHz, resolution 10ns, wraps every 4398046511100ns
[    0.008462] Console: colour dummy device 80x25
[    0.012482] Calibrating delay loop (skipped), value calculated using timer frequency.. 200.00 BogoMIPS (lpj=400000)
[    0.022840] pid_max: default: 32768 minimum: 301
[    0.027549] Mount-cache hash table entries: 8192 (order: 4, 65536 bytes, linear)
[    0.034788] Mountpoint-cache hash table entries: 8192 (order: 4, 65536 bytes, linear)
[    0.043398] rcu: Hierarchical SRCU implementation.
[    0.047559] EFI services will not be available.
[    0.051938] smp: Bringing up secondary CPUs ...
[    0.056658] Detected VIPT I-cache on CPU1
[    0.056697] CPU1: Booted secondary processor 0x0000000001 [0x410fd034]
[    0.057062] Detected VIPT I-cache on CPU2
[    0.057087] CPU2: Booted secondary processor 0x0000000002 [0x410fd034]
[    0.057427] Detected VIPT I-cache on CPU3
[    0.057450] CPU3: Booted secondary processor 0x0000000003 [0x410fd034]
[    0.057496] smp: Brought up 1 node, 4 CPUs
[    0.091779] SMP: Total of 4 processors activated.
[    0.096452] CPU features: detected: 32-bit EL0 Support
[    0.101555] CPU features: detected: CRC32 instructions
[    0.106695] CPU: All CPU(s) started at EL2
[    0.110736] alternatives: patching kernel code
[    0.116169] devtmpfs: initialized
[    0.124059] Registered cp15_barrier emulation handler
[    0.124109] Registered setend emulation handler
[    0.128094] clocksource: jiffies: mask: 0xffffffff max_cycles: 0xffffffff, max_idle_ns: 7645041785100000 ns
[    0.137670] futex hash table entries: 1024 (order: 4, 65536 bytes, linear)
[    0.151030] pinctrl core: initialized pinctrl subsystem
[    0.151679] NET: Registered protocol family 16
[    0.156101] DMA: preallocated 512 KiB GFP_KERNEL pool for atomic allocations
[    0.162116] DMA: preallocated 512 KiB GFP_KERNEL|GFP_DMA pool for atomic allocations
[    0.169843] DMA: preallocated 512 KiB GFP_KERNEL|GFP_DMA32 pool for atomic allocations
[    0.177644] audit: initializing netlink subsys (disabled)
[    0.183094] audit: type=2000 audit(0.116:1): state=initialized audit_enabled=0 res=1
[    0.183439] hw-breakpoint: found 6 breakpoint and 4 watchpoint registers.
[    0.197471] ASID allocator initialised with 65536 entries
[    0.224318] HugeTLB registered 1.00 GiB page size, pre-allocated 0 pages
[    0.225377] HugeTLB registered 32.0 MiB page size, pre-allocated 0 pages
[    0.232047] HugeTLB registered 2.00 MiB page size, pre-allocated 0 pages
[    0.238707] HugeTLB registered 64.0 KiB page size, pre-allocated 0 pages
[    1.304287] DRBG: Continuing without Jitter RNG
[    1.382100] raid6: neonx8   gen()  2140 MB/s
[    1.450154] raid6: neonx8   xor()  1596 MB/s
[    1.518208] raid6: neonx4   gen()  2200 MB/s
[    1.586261] raid6: neonx4   xor()  1566 MB/s
[    1.654321] raid6: neonx2   gen()  2076 MB/s
[    1.722374] raid6: neonx2   xor()  1437 MB/s
[    1.790447] raid6: neonx1   gen()  1772 MB/s
[    1.858485] raid6: neonx1   xor()  1220 MB/s
[    1.926544] raid6: int64x8  gen()  1438 MB/s
[    1.994599] raid6: int64x8  xor()   771 MB/s
[    2.062670] raid6: int64x4  gen()  1599 MB/s
[    2.130727] raid6: int64x4  xor()   819 MB/s
[    2.198792] raid6: int64x2  gen()  1397 MB/s
[    2.266848] raid6: int64x2  xor()   749 MB/s
[    2.334920] raid6: int64x1  gen()  1034 MB/s
[    2.402975] raid6: int64x1  xor()   517 MB/s
[    2.403013] raid6: using algorithm neonx4 gen() 2200 MB/s
[    2.406969] raid6: .... xor() 1566 MB/s, rmw enabled
[    2.411900] raid6: using neon recovery algorithm
[    2.416914] iommu: Default domain type: Translated 
[    2.421527] SCSI subsystem initialized
[    2.425070] libata version 3.00 loaded.
[    2.425194] usbcore: registered new interface driver usbfs
[    2.430524] usbcore: registered new interface driver hub
[    2.435799] usbcore: registered new device driver usb
[    2.440933] mc: Linux media interface: v0.10
[    2.445048] videodev: Linux video capture interface: v2.00
[    2.450538] EDAC MC: Ver: 3.0.0
[    2.453977] zynqmp-ipi-mbox mailbox@ff990400: Registered ZynqMP IPI mbox with TX/RX channels.
[    2.462480] jesd204: created con: id=0, topo=0, link=0, /axi/spi@ff050000/hmc7044@0 <-> /fpga-axi@0/axi-adxcvr-tx@84b60000
[    2.473068] jesd204: created con: id=1, topo=0, link=2, /axi/spi@ff050000/hmc7044@0 <-> /fpga-axi@0/axi-adxcvr-rx@84a60000
[    2.484052] jesd204: created con: id=2, topo=0, link=0, /fpga-axi@0/axi-adxcvr-tx@84b60000 <-> /fpga-axi@0/axi-jesd204-tx@84b90000
[    2.495728] jesd204: created con: id=3, topo=0, link=2, /fpga-axi@0/axi-adxcvr-rx@84a60000 <-> /fpga-axi@0/axi-jesd204-rx@84a90000
[    2.507405] jesd204: created con: id=4, topo=0, link=0, /fpga-axi@0/axi-jesd204-tx@84b90000 <-> /fpga-axi@0/axi-ad9081-tx-hpc@84b10000
[    2.519433] jesd204: created con: id=5, topo=0, link=2, /fpga-axi@0/axi-jesd204-rx@84a90000 <-> /fpga-axi@0/axi-ad9081-rx-hpc@84a10000
[    2.531456] jesd204: created con: id=6, topo=0, link=2, /fpga-axi@0/axi-ad9081-rx-hpc@84a10000 <-> /axi/spi@ff040000/ad9081@0
[    2.542697] jesd204: created con: id=7, topo=0, link=0, /fpga-axi@0/axi-ad9081-tx-hpc@84b10000 <-> /axi/spi@ff040000/ad9081@0
[    2.553947] jesd204: /axi/spi@ff040000/ad9081@0: JESD204[2] transition uninitialized -> initialized
[    2.562933] jesd204: /axi/spi@ff040000/ad9081@0: JESD204[0] transition uninitialized -> initialized
[    2.571925] jesd204: found 8 devices and 1 topologies
[    2.576967] FPGA manager framework
[    2.580446] Advanced Linux Sound Architecture Driver Initialized.
[    2.586743] Bluetooth: Core ver 2.22
[    2.589928] NET: Registered protocol family 31
[    2.594329] Bluetooth: HCI device and connection manager initialized
[    2.600646] Bluetooth: HCI socket layer initialized
[    2.605488] Bluetooth: L2CAP socket layer initialized
[    2.610512] Bluetooth: SCO socket layer initialized
[    2.615692] clocksource: Switched to clocksource arch_sys_counter
[    2.621501] VFS: Disk quotas dquot_6.6.0
[    2.625341] VFS: Dquot-cache hash table entries: 512 (order 0, 4096 bytes)
[    2.636050] NET: Registered protocol family 2
[    2.636784] tcp_listen_portaddr_hash hash table entries: 2048 (order: 3, 32768 bytes, linear)
[    2.644979] TCP established hash table entries: 32768 (order: 6, 262144 bytes, linear)
[    2.653004] TCP bind hash table entries: 32768 (order: 7, 524288 bytes, linear)
[    2.660449] TCP: Hash tables configured (established 32768 bind 32768)
[    2.666621] UDP hash table entries: 2048 (order: 4, 65536 bytes, linear)
[    2.673289] UDP-Lite hash table entries: 2048 (order: 4, 65536 bytes, linear)
[    2.680451] NET: Registered protocol family 1
[    2.684902] RPC: Registered named UNIX socket transport module.
[    2.690526] RPC: Registered udp transport module.
[    2.695191] RPC: Registered tcp transport module.
[    2.699861] RPC: Registered tcp NFSv4.1 backchannel transport module.
[    2.706842] PCI: CLS 0 bytes, default 64
[    2.710551] hw perfevents: no interrupt-affinity property for /pmu, guessing.
[    2.717413] hw perfevents: enabled with armv8_pmuv3 PMU driver, 7 counters available
[    2.725767] Initialise system trusted keyrings
[    2.729448] workingset: timestamp_bits=62 max_order=20 bucket_order=0
[    2.736336] NFS: Registering the id_resolver key type
[    2.740789] Key type id_resolver registered
[    2.744929] Key type id_legacy registered
[    2.748918] nfs4filelayout_init: NFSv4 File Layout Driver Registering...
[    2.755584] jffs2: version 2.2. (NAND) (SUMMARY)  Â© 2001-2006 Red Hat, Inc.
[    2.798752] NET: Registered protocol family 38
[    2.798795] xor: measuring software checksum speed
[    2.806487]    8regs           :  2363 MB/sec
[    2.810156]    32regs          :  2799 MB/sec
[    2.815098]    arm64_neon      :  2380 MB/sec
[    2.815288] xor: using function: 32regs (2799 MB/sec)
[    2.820314] Key type asymmetric registered
[    2.824375] Asymmetric key parser 'x509' registered
[    2.829237] Block layer SCSI generic (bsg) driver version 0.4 loaded (major 248)
[    2.836573] io scheduler mq-deadline registered
[    2.841070] io scheduler kyber registered
[    2.870477] Serial: 8250/16550 driver, 4 ports, IRQ sharing disabled
[    2.875120] cacheinfo: Unable to detect cache hierarchy for CPU 0
[    2.881469] brd: module loaded
[    2.885602] loop: module loaded
[    2.886151] Registered mathworks_ip class
[    2.889496] libphy: Fixed MDIO Bus: probed
[    2.892474] tun: Universal TUN/TAP device driver, 1.6
[    2.896527] CAN device driver interface
[    2.901064] usbcore: registered new interface driver asix
[    2.905660] usbcore: registered new interface driver ax88179_178a
[    2.911697] usbcore: registered new interface driver cdc_ether
[    2.917485] usbcore: registered new interface driver net1080
[    2.923111] usbcore: registered new interface driver cdc_subset
[    2.928991] usbcore: registered new interface driver zaurus
[    2.934534] usbcore: registered new interface driver cdc_ncm
[    2.940938] ehci_hcd: USB 2.0 'Enhanced' Host Controller (EHCI) Driver
[    2.946621] ehci-pci: EHCI PCI platform driver
[    2.951424] usbcore: registered new interface driver uas
[    2.956336] usbcore: registered new interface driver usb-storage
[    2.962324] usbcore: registered new interface driver usbserial_generic
[    2.968775] usbserial: USB Serial support registered for generic
[    2.974749] usbcore: registered new interface driver ftdi_sio
[    2.980451] usbserial: USB Serial support registered for FTDI USB Serial Device
[    2.987726] usbcore: registered new interface driver upd78f0730
[    2.993598] usbserial: USB Serial support registered for upd78f0730
[    3.001250] rtc_zynqmp ffa60000.rtc: registered as rtc0
[    3.005024] rtc_zynqmp ffa60000.rtc: setting system clock to 2022-04-12T21:44:06 UTC (1649799846)
[    3.013887] i2c /dev entries driver
[    3.019201] usbcore: registered new interface driver uvcvideo
[    3.022999] USB Video Class driver (1.1.1)
[    3.028588] Bluetooth: HCI UART driver ver 2.3
[    3.031470] Bluetooth: HCI UART protocol H4 registered
[    3.036580] Bluetooth: HCI UART protocol BCSP registered
[    3.041869] Bluetooth: HCI UART protocol LL registered
[    3.046958] Bluetooth: HCI UART protocol ATH3K registered
[    3.052332] Bluetooth: HCI UART protocol Three-wire (H5) registered
[    3.058587] Bluetooth: HCI UART protocol Intel registered
[    3.063925] Bluetooth: HCI UART protocol QCA registered
[    3.069126] usbcore: registered new interface driver bcm203x
[    3.074747] usbcore: registered new interface driver bpa10x
[    3.080282] usbcore: registered new interface driver bfusb
[    3.085733] usbcore: registered new interface driver btusb
[    3.091196] usbcore: registered new interface driver ath3k
[    3.096677] EDAC MC: ECC not enabled
[    3.100306] EDAC DEVICE0: Giving out device to module zynqmp-ocm-edac controller zynqmp_ocm: DEV ff960000.memory-controller (INTERRUPT)
[    3.112619] sdhci: Secure Digital Host Controller Interface driver
[    3.118407] sdhci: Copyright(c) Pierre Ossman
[    3.122732] sdhci-pltfm: SDHCI platform and OF driver helper
[    3.128790] ledtrig-cpu: registered to indicate activity on CPUs
[    3.134337] SMCCC: SOC_ID: ARCH_SOC_ID not implemented, skipping ....
[    3.140765] zynqmp_firmware_probe Platform Management API v1.1
[    3.146523] zynqmp_firmware_probe Trustzone version v1.0
[    3.186061] zynqmp-pinctrl firmware:zynqmp-firmware:pinctrl: zynqmp pinctrl initialized
[    3.234039] zynqmp-aes firmware:zynqmp-firmware:zynqmp-aes: will run requests pump with realtime priority
[    3.249783] alg: No test for xilinx-keccak-384 (zynqmp-keccak-384)
[    3.250495] alg: No test for xilinx-zynqmp-rsa (zynqmp-rsa)
[    3.256002] usbcore: registered new interface driver usbhid
[    3.261394] usbhid: USB HID core driver
[    3.272646] axi_sysid 85000000.axi-sysid-0: AXI System ID core version (1.01.a) found
[    3.274992] axi_sysid 85000000.axi-sysid-0: [ad9081_fmca_ebz] on [zcu102] git branch <master> git <084d44c9780640ca93fd847b1d9ec70dd65f5c67> clean [2022-03-18 04:17:50] UTC
[    3.290680] fpga_manager fpga0: Xilinx ZynqMP FPGA Manager registered
[    3.297034] usbcore: registered new interface driver snd-usb-audio
[    3.304491] pktgen: Packet Generator for packet performance testing. Version: 2.75
[    3.310671] Initializing XFRM netlink socket
[    3.314523] NET: Registered protocol family 10
[    3.319238] Segment Routing with IPv6
[    3.322621] sit: IPv6, IPv4 and MPLS over IPv4 tunneling driver
[    3.328692] NET: Registered protocol family 17
[    3.332796] NET: Registered protocol family 15
[    3.337290] can: controller area network core
[    3.341545] NET: Registered protocol family 29
[    3.345934] can: raw protocol
[    3.348870] can: broadcast manager protocol
[    3.353025] can: netlink gateway - max_hops=1
[    3.357420] Bluetooth: RFCOMM TTY layer initialized
[    3.362199] Bluetooth: RFCOMM socket layer initialized
[    3.367310] Bluetooth: RFCOMM ver 1.11
[    3.371017] Bluetooth: BNEP (Ethernet Emulation) ver 1.3
[    3.376288] Bluetooth: BNEP filters: protocol multicast
[    3.381482] Bluetooth: BNEP socket layer initialized
[    3.386410] Bluetooth: HIDP (Human Interface Emulation) ver 1.2
[    3.392293] Bluetooth: HIDP socket layer initialized
[    3.397348] 9pnet: Installing 9P2000 support
[    3.401471] NET: Registered protocol family 36
[    3.405887] Key type dns_resolver registered
[    3.410318] registered taskstats version 1
[    3.414183] Loading compiled-in X.509 certificates
[    3.419297] Btrfs loaded, crc32c=crc32c-generic
[    3.431721] ff000000.serial: ttyPS0 at MMIO 0xff000000 (irq = 49, base_baud = 6249999) is a xuartps
[    3.440744] printk: console [ttyPS0] enabled
[    3.445039] printk: bootconsole [cdns0] disabled
[    3.454671] ff010000.serial: ttyPS1 at MMIO 0xff010000 (irq = 50, base_baud = 6249999) is a xuartps
[    3.467921] of-fpga-region fpga-full: FPGA Region probed
[    3.474867] nwl-pcie fd0e0000.pcie: host bridge /axi/pcie@fd0e0000 ranges:
[    3.481760] nwl-pcie fd0e0000.pcie:      MEM 0x00e0000000..0x00efffffff -> 0x00e0000000
[    3.489768] nwl-pcie fd0e0000.pcie:      MEM 0x0600000000..0x07ffffffff -> 0x0600000000
[    3.497832] nwl-pcie fd0e0000.pcie: Link is DOWN
[    3.502590] nwl-pcie fd0e0000.pcie: PCI host bridge to bus 0000:00
[    3.508768] pci_bus 0000:00: root bus resource [bus 00-ff]
[    3.514249] pci_bus 0000:00: root bus resource [mem 0xe0000000-0xefffffff]
[    3.521119] pci_bus 0000:00: root bus resource [mem 0x600000000-0x7ffffffff pref]
[    3.528623] pci 0000:00:00.0: [10ee:d021] type 01 class 0x060400
[    3.534679] pci 0000:00:00.0: PME# supported from D0 D1 D2 D3hot
[    3.545120] pci 0000:00:00.0: PCI bridge to [bus 01-0c]
[    3.551097] xilinx-zynqmp-dma fd500000.dma: ZynqMP DMA driver Probe success
[    3.558277] xilinx-zynqmp-dma fd510000.dma: ZynqMP DMA driver Probe success
[    3.565450] xilinx-zynqmp-dma fd520000.dma: ZynqMP DMA driver Probe success
[    3.572620] xilinx-zynqmp-dma fd530000.dma: ZynqMP DMA driver Probe success
[    3.579792] xilinx-zynqmp-dma fd540000.dma: ZynqMP DMA driver Probe success
[    3.586955] xilinx-zynqmp-dma fd550000.dma: ZynqMP DMA driver Probe success
[    3.594126] xilinx-zynqmp-dma fd560000.dma: ZynqMP DMA driver Probe success
[    3.601298] xilinx-zynqmp-dma fd570000.dma: ZynqMP DMA driver Probe success
[    3.608693] xilinx-zynqmp-dpdma fd4c0000.dma-controller: Xilinx DPDMA engine is probed
[    3.617246] ahci-ceva fd0c0000.ahci: supply ahci not found, using dummy regulator
[    3.624794] ahci-ceva fd0c0000.ahci: supply phy not found, using dummy regulator
[    3.715868] hmc7044 spi2.0: PLL1: Acquisition, CLKIN0 @ 122880000 Hz, PFD: 80 kHz - PLL2: Locked @ 3000.000000 MHz
[    3.726587] jesd204: /axi/spi@ff050000/hmc7044@0,jesd204:1,parent=spi2.0: Using as SYSREF provider
[    3.736169] spi-nor spi0.0: SPI-NOR-UniqueID 100000235394732200270025081115266e
[    3.743474] spi-nor spi0.0: found n25q512a, expected m25p80
[    3.749672] spi-nor spi0.0: trying to lock already unlocked area
[    3.755676] spi-nor spi0.0: n25q512a (131072 Kbytes)
[    3.760655] 4 fixed-partitions partitions found on MTD device spi0.0
[    3.767000] Creating 4 MTD partitions on "spi0.0":
[    3.771785] 0x000000000000-0x000000100000 : "qspi-fsbl-uboot"
[    3.778277] 0x000000100000-0x000000600000 : "qspi-linux"
[    3.784235] 0x000000600000-0x000000620000 : "qspi-device-tree"
[    3.790706] 0x000000620000-0x000000c00000 : "qspi-rootfs"
[    3.799178] macb ff0e0000.ethernet: Not enabling partial store and forward
[    3.806699] libphy: MACB_mii_bus: probed
[    3.811772] macb ff0e0000.ethernet eth0: Cadence GEM rev 0x50070106 at 0xff0e0000 irq 30 (00:0a:35:04:8e:1b)
[    3.821976] xilinx-axipmon ffa00000.perf-monitor: Probed Xilinx APM
[    3.828554] xilinx-axipmon fd0b0000.perf-monitor: Probed Xilinx APM
[    3.835076] xilinx-axipmon fd490000.perf-monitor: Probed Xilinx APM
[    3.841616] xilinx-axipmon ffa10000.perf-monitor: Probed Xilinx APM
[    3.851616] pca953x 0-0020: supply vcc not found, using dummy regulator
[    3.858301] pca953x 0-0020: using no AI
[    3.862790] gpio-496 (sel0): hogged as output/low
[    3.867706] gpio-497 (sel1): hogged as output/high
[    3.872691] gpio-498 (sel2): hogged as output/high
[    3.877672] gpio-499 (sel3): hogged as output/high
[    3.882850] pca953x 0-0021: supply vcc not found, using dummy regulator
[    3.889522] pca953x 0-0021: using no AI
[    3.895286] ina2xx 2-0040: power monitor ina226 (Rshunt = 5000 uOhm)
[    3.902317] ina2xx 2-0041: power monitor ina226 (Rshunt = 5000 uOhm)
[    3.909357] ina2xx 2-0042: power monitor ina226 (Rshunt = 5000 uOhm)
[    3.916391] ina2xx 2-0043: power monitor ina226 (Rshunt = 5000 uOhm)
[    3.923411] ina2xx 2-0044: power monitor ina226 (Rshunt = 5000 uOhm)
[    3.930438] ina2xx 2-0045: power monitor ina226 (Rshunt = 5000 uOhm)
[    3.937468] ina2xx 2-0046: power monitor ina226 (Rshunt = 5000 uOhm)
[    3.944542] ina2xx 2-0047: power monitor ina226 (Rshunt = 5000 uOhm)
[    3.951566] ina2xx 2-004a: power monitor ina226 (Rshunt = 5000 uOhm)
[    3.958607] ina2xx 2-004b: power monitor ina226 (Rshunt = 5000 uOhm)
[    3.965020] i2c i2c-0: Added multiplexed i2c bus 2
[    3.970410] random: fast init done
[    3.973885] ina2xx 3-0040: power monitor ina226 (Rshunt = 2000 uOhm)
[    3.980912] ina2xx 3-0041: power monitor ina226 (Rshunt = 5000 uOhm)
[    3.987938] ina2xx 3-0042: power monitor ina226 (Rshunt = 5000 uOhm)
[    3.994965] ina2xx 3-0043: power monitor ina226 (Rshunt = 5000 uOhm)
[    4.001986] ina2xx 3-0044: power monitor ina226 (Rshunt = 5000 uOhm)
[    4.009013] ina2xx 3-0045: power monitor ina226 (Rshunt = 5000 uOhm)
[    4.016047] ina2xx 3-0046: power monitor ina226 (Rshunt = 5000 uOhm)
[    4.023076] ina2xx 3-0047: power monitor ina226 (Rshunt = 5000 uOhm)
[    4.029476] i2c i2c-0: Added multiplexed i2c bus 3
[    4.084999] i2c i2c-0: Added multiplexed i2c bus 4
[    4.089940] i2c i2c-0: Added multiplexed i2c bus 5
[    4.094728] pca954x 0-0075: registered 4 multiplexed busses for I2C mux pca9544
[    4.102078] cdns-i2c ff020000.i2c: 400 kHz mmio ff020000 irq 32
[    4.109813] at24 6-0054: supply vcc not found, using dummy regulator
[    4.116711] at24 6-0054: 1024 byte 24c08 EEPROM, writable, 1 bytes/write
[    4.123456] i2c i2c-1: Added multiplexed i2c bus 6
[    4.129883] si5341 7-0036: Chip: 5341 Grade: 1 Rev: 1
[    4.167581] i2c i2c-1: Added multiplexed i2c bus 7
[    4.175236] si570 8-005d: registered, current frequency 300000000 Hz
[    4.181638] i2c i2c-1: Added multiplexed i2c bus 8
[    4.201423] si570 9-005d: registered, current frequency 148500000 Hz
[    4.207826] i2c i2c-1: Added multiplexed i2c bus 9
[    4.212864] si5324 10-0069: si5328 probed
[    4.280062] si5324 10-0069: si5328 probe successful
[    4.284993] i2c i2c-1: Added multiplexed i2c bus 10
[    4.290020] i2c i2c-1: Added multiplexed i2c bus 11
[    4.295049] i2c i2c-1: Added multiplexed i2c bus 12
[    4.300069] i2c i2c-1: Added multiplexed i2c bus 13
[    4.304949] pca954x 1-0074: registered 8 multiplexed busses for I2C switch pca9548
[    4.313056] at24 14-0050: supply vcc not found, using dummy regulator
[    4.319845] at24 14-0050: 256 byte 24c02 EEPROM, writable, 1 bytes/write
[    4.326593] i2c i2c-1: Added multiplexed i2c bus 14
[    4.331633] i2c i2c-1: Added multiplexed i2c bus 15
[    4.336666] i2c i2c-1: Added multiplexed i2c bus 16
[    4.341703] i2c i2c-1: Added multiplexed i2c bus 17
[    4.346733] i2c i2c-1: Added multiplexed i2c bus 18
[    4.351784] i2c i2c-1: Added multiplexed i2c bus 19
[    4.356821] i2c i2c-1: Added multiplexed i2c bus 20
[    4.361860] i2c i2c-1: Added multiplexed i2c bus 21
[    4.366732] pca954x 1-0075: registered 8 multiplexed busses for I2C switch pca9548
[    4.374342] cdns-i2c ff030000.i2c: 400 kHz mmio ff030000 irq 33
[    4.384095] cdns-wdt fd4d0000.watchdog: Xilinx Watchdog Timer with timeout 60s
[    4.393144] axi_adxcvr 84a60000.axi-adxcvr-rx: adxcvr_enforce_settings: Using QPLL without access, assuming desired Lane rate will be configured by a different instance
[    4.409786] axi_adxcvr 84a60000.axi-adxcvr-rx: AXI-ADXCVR-RX (17.05.a) using QPLL on GTH4 at 0x84A60000. Number of lanes: 4.
[    4.421946] axi_adxcvr 84b60000.axi-adxcvr-tx: AXI-ADXCVR-TX (17.05.a) using QPLL on GTH4 at 0x84B60000. Number of lanes: 4.
[    4.425896] mmc0: SDHCI controller on ff170000.mmc [ff170000.mmc] using ADMA 64-bit
[    4.441108] axi-jesd204-rx 84a90000.axi-jesd204-rx: AXI-JESD204-RX (1.07.a) at 0x84A90000. Encoder 8b10b, width 4/4, lanes 4, jesd204-fsm.
[    4.453939] axi-jesd204-tx 84b90000.axi-jesd204-tx: AXI-JESD204-TX (1.06.a) at 0x84B90000. Encoder 8b10b, width 4/4, lanes 4, jesd204-fsm.
[    4.467451] zynqmp-display fd4a0000.display: vtc bridge property not present
[    4.473461] mmc0: new high speed SDHC card at address 0001
[    4.477102] xilinx-dp-snd-codec fd4a0000.display:zynqmp_dp_snd_codec0: Failed to get required clock freq
[    4.480337] mmcblk0: mmc0:0001 EB1QT 29.8 GiB 
[    4.489461] xilinx-dp-snd-codec: probe of fd4a0000.display:zynqmp_dp_snd_codec0 failed with error -22
[    4.495109]  mmcblk0: p1 p2 p3
[    4.503445] xilinx-dp-snd-pcm zynqmp_dp_snd_pcm0: Xilinx DisplayPort Sound PCM probed
[    4.514303] xilinx-dp-snd-pcm zynqmp_dp_snd_pcm1: Xilinx DisplayPort Sound PCM probed
[    4.522512] OF: graph: no port node found in /axi/display@fd4a0000
[    4.528926] xlnx-drm xlnx-drm.0: bound fd4a0000.display (ops 0xffffffc010fcbdb8)
[    5.615713] zynqmp-display fd4a0000.display: [drm] Cannot find any crtc or sizes
[    5.623337] [drm] Initialized xlnx 1.0.0 20130509 for fd4a0000.display on minor 0
[    5.630829] zynqmp-display fd4a0000.display: ZynqMP DisplayPort Subsystem driver probed
[    5.639143] ahci-ceva fd0c0000.ahci: supply ahci not found, using dummy regulator
[    5.646686] ahci-ceva fd0c0000.ahci: supply phy not found, using dummy regulator
[    5.654145] ahci-ceva fd0c0000.ahci: supply target not found, using dummy regulator
[    5.661977] ahci-ceva fd0c0000.ahci: AHCI 0001.0301 32 slots 2 ports 6 Gbps 0x3 impl platform mode
[    5.670927] ahci-ceva fd0c0000.ahci: flags: 64bit ncq sntf pm clo only pmp fbs pio slum part ccc sds apst 
[    5.681617] scsi host0: ahci-ceva
[    5.685212] scsi host1: ahci-ceva
[    5.688636] ata1: SATA max UDMA/133 mmio [mem 0xfd0c0000-0xfd0c1fff] port 0x100 irq 45
[    5.696554] ata2: SATA max UDMA/133 mmio [mem 0xfd0c0000-0xfd0c1fff] port 0x180 irq 45
[    5.705155] ad9081 spi1.0: supply vdd not found, using dummy regulator
[    6.017946] ata1: SATA link down (SStatus 0 SControl 330)
[    6.023360] ata2: SATA link down (SStatus 0 SControl 330)
[    6.699716] zynqmp-display fd4a0000.display: [drm] Cannot find any crtc or sizes
[    7.496593] ad9081 spi1.0: AD9081 Rev. 2 Grade 10 (API 1.2.2) probed
[    7.503800] xhci-hcd xhci-hcd.1.auto: xHCI Host Controller
[    7.509290] xhci-hcd xhci-hcd.1.auto: new USB bus registered, assigned bus number 1
[    7.517039] xhci-hcd xhci-hcd.1.auto: hcc params 0x0238f625 hci version 0x100 quirks 0x0000000002010810
[    7.526451] xhci-hcd xhci-hcd.1.auto: irq 59, io mem 0xfe200000
[    7.532560] usb usb1: New USB device found, idVendor=1d6b, idProduct=0002, bcdDevice= 5.10
[    7.540817] usb usb1: New USB device strings: Mfr=3, Product=2, SerialNumber=1
[    7.548035] usb usb1: Product: xHCI Host Controller
[    7.552904] usb usb1: Manufacturer: Linux 5.10.0-98103-g2aa7ac113716 xhci-hcd
[    7.560030] usb usb1: SerialNumber: xhci-hcd.1.auto
[    7.565197] hub 1-0:1.0: USB hub found
[    7.568958] hub 1-0:1.0: 1 port detected
[    7.573061] xhci-hcd xhci-hcd.1.auto: xHCI Host Controller
[    7.578544] xhci-hcd xhci-hcd.1.auto: new USB bus registered, assigned bus number 2
[    7.586196] xhci-hcd xhci-hcd.1.auto: Host supports USB 3.0 SuperSpeed
[    7.592826] usb usb2: New USB device found, idVendor=1d6b, idProduct=0003, bcdDevice= 5.10
[    7.601090] usb usb2: New USB device strings: Mfr=3, Product=2, SerialNumber=1
[    7.608314] usb usb2: Product: xHCI Host Controller
[    7.613188] usb usb2: Manufacturer: Linux 5.10.0-98103-g2aa7ac113716 xhci-hcd
[    7.620312] usb usb2: SerialNumber: xhci-hcd.1.auto
[    7.625419] hub 2-0:1.0: USB hub found
[    7.629176] hub 2-0:1.0: 1 port detected
[    7.659219] cf_axi_adc 84a10000.axi-ad9081-rx-hpc: ADI AIM (10.01.b) at 0x84A10000 mapped to 0x(____ptrval____), probed ADC AD9081 as MASTER
[    7.692538] cf_axi_dds 84b10000.axi-ad9081-tx-hpc: Analog Devices CF_AXI_DDS_DDS MASTER (9.01.b) at 0x84B10000 mapped to 0x(____ptrval____), probed DDS AD9081
[    7.706737] jesd204: /axi/spi@ff040000/ad9081@0,jesd204:0,parent=spi1.0: JESD204[2] transition initialized -> probed
[    7.717260] jesd204: /axi/spi@ff040000/ad9081@0,jesd204:0,parent=spi1.0: JESD204[0] transition initialized -> probed
[    7.727783] jesd204: /axi/spi@ff040000/ad9081@0,jesd204:0,parent=spi1.0: JESD204[2] transition probed -> idle
[    7.737700] jesd204: /axi/spi@ff040000/ad9081@0,jesd204:0,parent=spi1.0: JESD204[0] transition probed -> idle
[    7.747614] jesd204: /axi/spi@ff040000/ad9081@0,jesd204:0,parent=spi1.0: JESD204[2] transition idle -> device_init
[    7.757957] jesd204: /axi/spi@ff040000/ad9081@0,jesd204:0,parent=spi1.0: JESD204[0] transition idle -> device_init
[    7.768309] jesd204: /axi/spi@ff040000/ad9081@0,jesd204:0,parent=spi1.0: JESD204[2] transition device_init -> link_init
[    7.779084] jesd204: /axi/spi@ff040000/ad9081@0,jesd204:0,parent=spi1.0: JESD204[0] transition device_init -> link_init
[    7.789875] jesd204: /axi/spi@ff040000/ad9081@0,jesd204:0,parent=spi1.0: JESD204[2] transition link_init -> link_supported
[    7.800914] jesd204: /axi/spi@ff040000/ad9081@0,jesd204:0,parent=spi1.0: JESD204[0] transition link_init -> link_supported
[    7.812320] hmc7044 spi2.0: hmc7044_jesd204_link_pre_setup: Link2 forcing continuous SYSREF mode
[    7.821439] jesd204: /axi/spi@ff040000/ad9081@0,jesd204:0,parent=spi1.0: JESD204[2] transition link_supported -> link_pre_setup
[    7.832911] jesd204: /axi/spi@ff040000/ad9081@0,jesd204:0,parent=spi1.0: JESD204[0] transition link_supported -> link_pre_setup
[    7.856683] jesd204: /axi/spi@ff040000/ad9081@0,jesd204:0,parent=spi1.0: JESD204[2] transition link_pre_setup -> clk_sync_stage1
[    7.868247] jesd204: /axi/spi@ff040000/ad9081@0,jesd204:0,parent=spi1.0: JESD204[0] transition link_pre_setup -> clk_sync_stage1
[    7.879812] jesd204: /axi/spi@ff040000/ad9081@0,jesd204:0,parent=spi1.0: JESD204[2] transition clk_sync_stage1 -> clk_sync_stage2
[    7.891455] jesd204: /axi/spi@ff040000/ad9081@0,jesd204:0,parent=spi1.0: JESD204[0] transition clk_sync_stage1 -> clk_sync_stage2
[    7.903108] jesd204: /axi/spi@ff040000/ad9081@0,jesd204:0,parent=spi1.0: JESD204[2] transition clk_sync_stage2 -> clk_sync_stage3
[    7.914758] jesd204: /axi/spi@ff040000/ad9081@0,jesd204:0,parent=spi1.0: JESD204[0] transition clk_sync_stage2 -> clk_sync_stage3
[    7.928423] jesd204: /axi/spi@ff040000/ad9081@0,jesd204:0,parent=spi1.0: JESD204[2] transition clk_sync_stage3 -> link_setup
[    7.939641] jesd204: /axi/spi@ff040000/ad9081@0,jesd204:0,parent=spi1.0: JESD204[0] transition clk_sync_stage3 -> link_setup
[    7.955697] jesd204: /axi/spi@ff040000/ad9081@0,jesd204:0,parent=spi1.0: JESD204[2] transition link_setup -> opt_setup_stage1
[    7.966998] jesd204: /axi/spi@ff040000/ad9081@0,jesd204:0,parent=spi1.0: JESD204[0] transition link_setup -> opt_setup_stage1
[    7.983346] jesd204: /axi/spi@ff040000/ad9081@0,jesd204:0,parent=spi1.0: JESD204[2] transition opt_setup_stage1 -> opt_setup_stage2
[    7.995166] jesd204: /axi/spi@ff040000/ad9081@0,jesd204:0,parent=spi1.0: JESD204[0] transition opt_setup_stage1 -> opt_setup_stage2
[    8.007139] jesd204: /axi/spi@ff040000/ad9081@0,jesd204:0,parent=spi1.0: JESD204[2] transition opt_setup_stage2 -> opt_setup_stage3
[    8.018958] jesd204: /axi/spi@ff040000/ad9081@0,jesd204:0,parent=spi1.0: JESD204[0] transition opt_setup_stage2 -> opt_setup_stage3
[    8.030782] jesd204: /axi/spi@ff040000/ad9081@0,jesd204:0,parent=spi1.0: JESD204[2] transition opt_setup_stage3 -> opt_setup_stage4
[    8.042600] jesd204: /axi/spi@ff040000/ad9081@0,jesd204:0,parent=spi1.0: JESD204[0] transition opt_setup_stage3 -> opt_setup_stage4
[    8.054428] jesd204: /axi/spi@ff040000/ad9081@0,jesd204:0,parent=spi1.0: JESD204[2] transition opt_setup_stage4 -> opt_setup_stage5
[    8.066254] jesd204: /axi/spi@ff040000/ad9081@0,jesd204:0,parent=spi1.0: JESD204[0] transition opt_setup_stage4 -> opt_setup_stage5
[    8.101336] axi_adxcvr 84a60000.axi-adxcvr-rx: adxcvr_clk_enable: QPLL RX buffer underflow error, status: 0x61
[    8.111327] axi_adxcvr 84a60000.axi-adxcvr-rx: adxcvr_clk_enable: QPLL RX buffer overflow error, status: 0x61
[    8.125348] jesd204: /axi/spi@ff040000/ad9081@0,jesd204:0,parent=spi1.0: JESD204[2] transition opt_setup_stage5 -> clocks_enable
[    8.136910] jesd204: /axi/spi@ff040000/ad9081@0,jesd204:0,parent=spi1.0: JESD204[0] transition opt_setup_stage5 -> clocks_enable
[    8.148533] jesd204: /axi/spi@ff040000/ad9081@0,jesd204:0,parent=spi1.0: JESD204[2] transition clocks_enable -> link_enable
[    8.159660] jesd204: /axi/spi@ff040000/ad9081@0,jesd204:0,parent=spi1.0: JESD204[0] transition clocks_enable -> link_enable
[    8.299700] axi-jesd204-rx 84a90000.axi-jesd204-rx: axi_jesd204_rx_jesd204_link_running: Link2 status failed (CGS)
[    8.310051] jesd204: /fpga-axi@0/axi-jesd204-rx@84a90000,jesd204:4,parent=84a90000.axi-jesd204-rx: JESD204[2] In link_running got error from cb: -1 (ignoring!)
[    8.419934] ad9081 spi1.0: JESD RX (JTX) Link2 in CGS, SYNC asserted, PLL locked, PHASE established, MODE valid
[    8.430018] jesd204: /axi/spi@ff040000/ad9081@0,jesd204:0,parent=spi1.0: JESD204[2] In link_running got error from cb: -1 (ignoring!)
[    8.442254] ad9081 spi1.0: JESD TX (JRX) Link0 0xF lanes in DATA
[    8.448264] jesd204: /axi/spi@ff040000/ad9081@0,jesd204:0,parent=spi1.0: JESD204[2] transition link_enable -> link_running
[    8.459301] jesd204: /axi/spi@ff040000/ad9081@0,jesd204:0,parent=spi1.0: JESD204[0] transition link_enable -> link_running
[    8.470346] jesd204: /axi/spi@ff040000/ad9081@0,jesd204:0,parent=spi1.0: JESD204[2] transition link_running -> opt_post_running_stage
[    8.482338] jesd204: /axi/spi@ff040000/ad9081@0,jesd204:0,parent=spi1.0: JESD204[0] transition link_running -> opt_post_running_stage
[    8.503540] input: gpio-keys as /devices/platform/gpio-keys/input/input0
[    8.510566] of_cfs_init
[    8.513031] of_cfs_init: OK
[    8.515987] cfg80211: Loading compiled-in X.509 certificates for regulatory database
[    8.654244] cfg80211: Loaded X.509 cert 'sforshee: 00b28ddf47aef9cea7'
[    8.660776] clk: Not disabling unused clocks
[    8.665304] ALSA device list:
[    8.668266]   No soundcards found.
[    8.671924] platform regulatory.0: Direct firmware load for regulatory.db failed with error -2
[    8.680537] cfg80211: failed to load regulatory.db
[    8.695077] EXT4-fs (mmcblk0p2): mounted filesystem with ordered data mode. Opts: (null)
[    8.703197] VFS: Mounted root (ext4 filesystem) on device 179:2.
[    8.716413] devtmpfs: mounted
[    8.720277] Freeing unused kernel memory: 2560K
[    8.739748] Run /sbin/init as init process
[    8.743838]   with arguments:
[    8.743841]     /sbin/init
[    8.743843]   with environment:
[    8.743845]     HOME=/
[    8.743848]     TERM=linux
[    9.307092] systemd[1]: systemd 241 running in system mode. (+PAM +AUDIT +SELINUX +IMA +APPARMOR +SMACK +SYSVINIT +UTMP +LIBCRYPTSETUP +GCRYPT +GNUTLS +ACL +XZ +LZ4 +SECCOMP +BLKID +ELFUTILS +KMOD -IDN2 +IDN -PCRE2 default-hierarchy=hybrid)
[    9.328988] systemd[1]: Detected architecture arm64.
[    9.352414] systemd[1]: Set hostname to <analog>.
[    9.538006] systemd[1]: File /lib/systemd/system/systemd-journald.service:12 configures an IP firewall (IPAddressDeny=any), but the local system does not support BPF/cgroup based firewalling.
[    9.555056] systemd[1]: Proceeding WITHOUT firewalling in effect! (This warning is only shown for the first loaded unit using IP firewalling.)
[    9.717651] systemd[1]: /etc/systemd/system/tof-server.service:1: Assignment outside of section. Ignoring.
[    9.727350] systemd[1]: /etc/systemd/system/tof-server.service:2: Assignment outside of section. Ignoring.
[    9.909631] random: systemd: uninitialized urandom read (16 bytes read)
[    9.924493] random: systemd: uninitialized urandom read (16 bytes read)
[    9.931554] systemd[1]: Listening on udev Control Socket.
[    9.951788] random: systemd: uninitialized urandom read (16 bytes read)
[    9.958799] systemd[1]: Created slice User and Session Slice.
[    9.979784] systemd[1]: Reached target Slices.
[   10.536980] ------------[ cut here ]------------
[   10.536989] Enabling unprepared \xa0\xf9Q\x88\xff\xff\xff\x80Q\x88\xff\xff\xff
[   10.537036] WARNING: CPU: 0 PID: 113 at drivers/clk/clk.c:1012 clk_core_enable+0xa4/0xc0
[   10.537039] Modules linked in:
[   10.537049] CPU: 0 PID: 113 Comm: kworker/0:1H Not tainted 5.10.0-98103-g2aa7ac113716 #5577
[   10.537052] Hardware name: ZynqMP ZCU102 Rev1.0 (DT)
[   10.537061] Workqueue: kblockd blk_mq_run_work_fn
[   10.537068] pstate: 80000085 (Nzcv daIf -PAN -UAO -TCO BTYPE=--)
[   10.537074] pc : clk_core_enable+0xa4/0xc0
[   10.537079] lr : clk_core_enable+0xa4/0xc0
[   10.537082] sp : ffffffc0126032d0
[   10.537085] x29: ffffffc0126032d0 x28: ffffff8800330c10 
[   10.537092] x27: ffffff8800330d48 x26: 0000005000000101 
[   10.537099] x25: 000000026e1c6d06 x24: 0000000000000001 
[   10.537105] x23: ffffff88010ec280 x22: ffffff8801083220 
[   10.537112] x21: ffffff8801518000 x20: ffffff8801518008 
[   10.537118] x19: ffffff8801518008 x18: 0000000000000030 
[   10.537125] x17: 0000000000000001 x16: 0000b5005d9e4056 
[   10.537131] x15: ffffffffffff8980 x14: ffffffc011d3b1a0 
[   10.537138] x13: ffffffc011d3b1c8 x12: 00000000000005f7 
[   10.537144] x11: 00000000000001fd x10: ffffffc011d671c8 
[   10.537151] x9 : 00000000fffff800 x8 : ffffffc011d3b1c8 
[   10.537157] x7 : ffffffc011d671c8 x6 : 0000000000000001 
[   10.537164] x5 : ffffff887f7669e0 x4 : 0000000000000000 
[   10.537170] x3 : 0000000000000027 x2 : 0000000000000023 
[   10.537176] x1 : 8e4fcbad277c6f00 x0 : 0000000000000000 
[   10.537183] Call trace:
[   10.537189]  clk_core_enable+0xa4/0xc0
[   10.537194]  clk_enable+0x2c/0x60
[   10.537201]  zynqmp_runtime_resume+0x24/0x84
[   10.537207]  pm_generic_runtime_resume+0x30/0x50
[   10.537213]  __genpd_runtime_resume+0x30/0xb0
[   10.537219]  genpd_runtime_resume+0x90/0x250
[   10.537225]  __rpm_callback+0x10c/0x1e0
[   10.537231]  rpm_callback+0x5c/0x84
[   10.537236]  rpm_resume+0x4a4/0x74c
[   10.537241]  __pm_runtime_resume+0x78/0xc4
[   10.537246]  spi_mem_access_start.isra.0+0x30/0x80
[   10.537250]  spi_mem_exec_op+0x3b0/0x424
[   10.537255]  spi_nor_read_sr+0x78/0xe0
[   10.537259]  spi_nor_wait_till_ready_with_timeout+0xb4/0x2f0
[   10.537264]  spi_nor_read+0x188/0x380
[   10.537269]  mtd_read_oob_std+0x78/0x84
[   10.537274]  mtd_read_oob+0x7c/0x134
[   10.537278]  mtd_read+0x48/0x7c
[   10.537284]  mtdblock_readsect+0x6c/0x150
[   10.537289]  mtd_queue_rq+0x2cc/0x5a0
[   10.537294]  blk_mq_dispatch_rq_list+0x110/0x790
[   10.537300]  __blk_mq_do_dispatch_sched+0x200/0x274
[   10.537306]  __blk_mq_sched_dispatch_requests+0x1a8/0x1fc
[   10.537312]  blk_mq_sched_dispatch_requests+0x3c/0x7c
[   10.537317]  __blk_mq_run_hw_queue+0x98/0x100
[   10.537321]  blk_mq_run_work_fn+0x24/0x30
[   10.537327]  process_one_work+0x1d4/0x380
[   10.537331]  worker_thread+0x78/0x4e0
[   10.537337]  kthread+0x124/0x130
[   10.537342]  ret_from_fork+0x10/0x3c
[   10.537346] ---[ end trace 65a0b3889b6c9bd2 ]---
[   10.537354] zynqmp-qspi ff0f0000.spi: Cannot enable APB clock.
[   10.537403] spi_master spi0: Failed to power device: -108
[   10.537413] blk_update_request: I/O error, dev mtdblock0, sector 8 op 0x0:(READ) flags 0x80700 phys_seg 1 prio class 0
[   10.537479] spi_master spi0: Failed to power device: -22
[   10.537485] blk_update_request: I/O error, dev mtdblock0, sector 8 op 0x0:(READ) flags 0x0 phys_seg 8 prio class 0
[   10.537491] Buffer I/O error on dev mtdblock0, logical block 8, async page read
[   10.537500] spi_master spi0: Failed to power device: -22
[   10.537506] blk_update_request: I/O error, dev mtdblock0, sector 9 op 0x0:(READ) flags 0x0 phys_seg 7 prio class 0
[   10.537510] Buffer I/O error on dev mtdblock0, logical block 9, async page read
[   10.537517] spi_master spi0: Failed to power device: -22
[   10.537523] blk_update_request: I/O error, dev mtdblock0, sector 10 op 0x0:(READ) flags 0x0 phys_seg 6 prio class 0
[   10.537527] Buffer I/O error on dev mtdblock0, logical block 10, async page read
[   10.537534] spi_master spi0: Failed to power device: -22
[   10.537539] blk_update_request: I/O error, dev mtdblock0, sector 11 op 0x0:(READ) flags 0x0 phys_seg 5 prio class 0
[   10.537543] Buffer I/O error on dev mtdblock0, logical block 11, async page read
[   10.537550] spi_master spi0: Failed to power device: -22
[   10.537556] blk_update_request: I/O error, dev mtdblock0, sector 12 op 0x0:(READ) flags 0x0 phys_seg 4 prio class 0
[   10.537559] Buffer I/O error on dev mtdblock0, logical block 12, async page read
[   10.537566] spi_master spi0: Failed to power device: -22
[   10.537572] blk_update_request: I/O error, dev mtdblock0, sector 13 op 0x0:(READ) flags 0x0 phys_seg 3 prio class 0
[   10.537576] Buffer I/O error on dev mtdblock0, logical block 13, async page read
[   10.537582] spi_master spi0: Failed to power device: -22
[   10.537588] blk_update_request: I/O error, dev mtdblock0, sector 14 op 0x0:(READ) flags 0x0 phys_seg 2 prio class 0
[   10.537591] Buffer I/O error on dev mtdblock0, logical block 14, async page read
[   10.537598] spi_master spi0: Failed to power device: -22
[   10.537604] blk_update_request: I/O error, dev mtdblock0, sector 15 op 0x0:(READ) flags 0x0 phys_seg 1 prio class 0
[   10.537608] Buffer I/O error on dev mtdblock0, logical block 15, async page read
[   10.537909] spi_master spi0: Failed to power device: -22
[   10.537916] blk_update_request: I/O error, dev mtdblock1, sector 10112 op 0x0:(READ) flags 0x80700 phys_seg 1 prio class 0
[   10.537961] spi_master spi0: Failed to power device: -22
[   10.537967] Buffer I/O error on dev mtdblock1, logical block 10112, async page read
[   10.537975] spi_master spi0: Failed to power device: -22
[   10.537980] Buffer I/O error on dev mtdblock1, logical block 10113, async page read
[   10.537987] spi_master spi0: Failed to power device: -22
[   10.537994] spi_master spi0: Failed to power device: -22
[   10.538002] spi_master spi0: Failed to power device: -22
[   10.538009] spi_master spi0: Failed to power device: -22
[   10.538016] spi_master spi0: Failed to power device: -22
[   10.538023] spi_master spi0: Failed to power device: -22
[   10.538285] spi_master spi0: Failed to power device: -22
[   10.538329] spi_master spi0: Failed to power device: -22
[   10.538338] spi_master spi0: Failed to power device: -22
[   10.538346] spi_master spi0: Failed to power device: -22
[   10.538353] spi_master spi0: Failed to power device: -22
[   10.538361] spi_master spi0: Failed to power device: -22
[   10.538368] spi_master spi0: Failed to power device: -22
[   10.538375] spi_master spi0: Failed to power device: -22
[   10.538382] spi_master spi0: Failed to power device: -22
[   10.538649] spi_master spi0: Failed to power device: -22
[   10.538693] spi_master spi0: Failed to power device: -22
[   10.538702] spi_master spi0: Failed to power device: -22
[   10.538710] spi_master spi0: Failed to power device: -22
[   10.538717] spi_master spi0: Failed to power device: -22
[   10.538724] spi_master spi0: Failed to power device: -22
[   10.538731] spi_master spi0: Failed to power device: -22
[   10.538739] spi_master spi0: Failed to power device: -22
[   10.538746] spi_master spi0: Failed to power device: -22
[   10.662394] EXT4-fs (mmcblk0p2): re-mounted. Opts: (null)
[   10.743521] systemd-journald[145]: Received request to flush runtime journal from PID 1
[   16.693847] macb ff0e0000.ethernet eth0: PHY [ff0e0000.ethernet-ffffffff:0c] driver [TI DP83867] (irq=POLL)
[   16.693860] macb ff0e0000.ethernet eth0: configuring for phy/rgmii-id link mode
[   17.919720] Adding 101372k swap on /var/swap.  Priority:-2 extents:13 across:10143904k SS
[   18.819723] random: crng init done
[   18.819733] random: 7 urandom warning(s) missed due to ratelimiting
[   19.745072] broken atomic modeset userspace detected, disabling atomic
[   20.769305] macb ff0e0000.ethernet eth0: Link is Up - 1Gbps/Full - flow control off
[   20.769330] IPv6: ADDRCONF(NETDEV_CHANGE): eth0: link becomes ready
[   22.414431] broken atomic modeset userspace detected, disabling atomic
[   25.484041] broken atomic modeset userspace detected, disabling atomic
[   28.109323] broken atomic modeset userspace detected, disabling atomic