[    0.000000] Booting Linux on physical CPU 0x0000000000 [0x410fd034]
[    0.000000] Linux version 5.10.0-98103-g2aa7ac113716 (jenkins@romlxbuild1.adlk.analog.com) (aarch64-xilinx-linux-gcc.real (GCC) 10.2.0, GNU ld (GNU Binutils) 2.35.0.20200730) #5577 SMP Wed Mar 23 07:28:49 GMT 2022
[    0.000000] Machine model: ZynqMP ZCU102 Rev1.0
[    0.000000] earlycon: cdns0 at MMIO 0x00000000ff000000 (options '115200n8')
[    0.000000] printk: bootconsole [cdns0] enabled
[    0.000000] efi: UEFI not found.
[    0.000000] cma: Reserved 256 MiB at 0x0000000070000000
[    0.000000] Zone ranges:
[    0.000000]   DMA      [mem 0x0000000000000000-0x000000003fffffff]
[    0.000000]   DMA32    [mem 0x0000000040000000-0x00000000ffffffff]
[    0.000000]   Normal   [mem 0x0000000100000000-0x000000087fffffff]
[    0.000000] Movable zone start for each node
[    0.000000] Early memory node ranges
[    0.000000]   node   0: [mem 0x0000000000000000-0x000000007fffffff]
[    0.000000]   node   0: [mem 0x0000000800000000-0x000000087fffffff]
[    0.000000] Initmem setup node 0 [mem 0x0000000000000000-0x000000087fffffff]
[    0.000000] On node 0 totalpages: 1048576
[    0.000000]   DMA zone: 3584 pages used for memmap
[    0.000000]   DMA zone: 0 pages reserved
[    0.000000]   DMA zone: 262144 pages, LIFO batch:63
[    0.000000]   DMA32 zone: 3584 pages used for memmap
[    0.000000]   DMA32 zone: 262144 pages, LIFO batch:63
[    0.000000]   Normal zone: 7168 pages used for memmap
[    0.000000]   Normal zone: 524288 pages, LIFO batch:63
[    0.000000] psci: probing for conduit method from DT.
[    0.000000] psci: PSCIv1.1 detected in firmware.
[    0.000000] psci: Using standard PSCI v0.2 function IDs
[    0.000000] psci: MIGRATE_INFO_TYPE not supported.
[    0.000000] psci: SMC Calling Convention v1.2
[    0.000000] percpu: Embedded 22 pages/cpu s49496 r8192 d32424 u90112
[    0.000000] pcpu-alloc: s49496 r8192 d32424 u90112 alloc=22*4096
[    0.000000] pcpu-alloc: [0] 0 [0] 1 [0] 2 [0] 3 
[    0.000000] Detected VIPT I-cache on CPU0
[    0.000000] CPU features: detected: ARM erratum 845719
[    0.000000] Built 1 zonelists, mobility grouping on.  Total pages: 1034240
[    0.000000] Kernel command line: console=ttyPS0,115200 root=/dev/mmcblk0p2 rw earlycon rootfstype=ext4 rootwait clk_ignore_unused cpuidle.off=1 root=/dev/mmcblk0p2 rw rootwait
[    0.000000] Dentry cache hash table entries: 524288 (order: 10, 4194304 bytes, linear)
[    0.000000] Inode-cache hash table entries: 262144 (order: 9, 2097152 bytes, linear)
[    0.000000] mem auto-init: stack:off, heap alloc:off, heap free:off
[    0.000000] software IO TLB: mapped [mem 0x000000003bfff000-0x000000003ffff000] (64MB)
[    0.000000] Memory: 3761904K/4194304K available (15296K kernel code, 1636K rwdata, 11876K rodata, 2560K init, 507K bss, 170256K reserved, 262144K cma-reserved)
[    0.000000] rcu: Hierarchical RCU implementation.
[    0.000000] rcu: 	RCU event tracing is enabled.
[    0.000000] rcu: 	RCU restricting CPUs from NR_CPUS=8 to nr_cpu_ids=4.
[    0.000000] rcu: RCU calculated value of scheduler-enlistment delay is 25 jiffies.
[    0.000000] rcu: Adjusting geometry for rcu_fanout_leaf=16, nr_cpu_ids=4
[    0.000000] NR_IRQS: 64, nr_irqs: 64, preallocated irqs: 0
[    0.000000] GIC: Adjusting CPU interface base to 0x00000000f902f000
[    0.000000] GIC: Using split EOI/Deactivate mode
[    0.000000] random: get_random_bytes called from start_kernel+0x31c/0x54c with crng_init=0
[    0.000000] arch_timer: cp15 timer(s) running at 100.00MHz (phys).
[    0.000000] clocksource: arch_sys_counter: mask: 0xffffffffffffff max_cycles: 0x171024e7e0, max_idle_ns: 440795205315 ns
[    0.000003] sched_clock: 56 bits at 100MHz, resolution 10ns, wraps every 4398046511100ns
[    0.008461] Console: colour dummy device 80x25
[    0.012483] Calibrating delay loop (skipped), value calculated using timer frequency.. 200.00 BogoMIPS (lpj=400000)
[    0.022841] pid_max: default: 32768 minimum: 301
[    0.027549] Mount-cache hash table entries: 8192 (order: 4, 65536 bytes, linear)
[    0.034789] Mountpoint-cache hash table entries: 8192 (order: 4, 65536 bytes, linear)
[    0.043394] rcu: Hierarchical SRCU implementation.
[    0.047562] EFI services will not be available.
[    0.051939] smp: Bringing up secondary CPUs ...
[    0.056655] Detected VIPT I-cache on CPU1
[    0.056694] CPU1: Booted secondary processor 0x0000000001 [0x410fd034]
[    0.057059] Detected VIPT I-cache on CPU2
[    0.057084] CPU2: Booted secondary processor 0x0000000002 [0x410fd034]
[    0.057425] Detected VIPT I-cache on CPU3
[    0.057448] CPU3: Booted secondary processor 0x0000000003 [0x410fd034]
[    0.057494] smp: Brought up 1 node, 4 CPUs
[    0.091780] SMP: Total of 4 processors activated.
[    0.096452] CPU features: detected: 32-bit EL0 Support
[    0.101556] CPU features: detected: CRC32 instructions
[    0.106696] CPU: All CPU(s) started at EL2
[    0.110737] alternatives: patching kernel code
[    0.116166] devtmpfs: initialized
[    0.124061] Registered cp15_barrier emulation handler
[    0.124111] Registered setend emulation handler
[    0.128093] clocksource: jiffies: mask: 0xffffffff max_cycles: 0xffffffff, max_idle_ns: 7645041785100000 ns
[    0.137671] futex hash table entries: 1024 (order: 4, 65536 bytes, linear)
[    0.151032] pinctrl core: initialized pinctrl subsystem
[    0.151677] NET: Registered protocol family 16
[    0.156104] DMA: preallocated 512 KiB GFP_KERNEL pool for atomic allocations
[    0.162116] DMA: preallocated 512 KiB GFP_KERNEL|GFP_DMA pool for atomic allocations
[    0.169844] DMA: preallocated 512 KiB GFP_KERNEL|GFP_DMA32 pool for atomic allocations
[    0.177645] audit: initializing netlink subsys (disabled)
[    0.183095] audit: type=2000 audit(0.116:1): state=initialized audit_enabled=0 res=1
[    0.183438] hw-breakpoint: found 6 breakpoint and 4 watchpoint registers.
[    0.197472] ASID allocator initialised with 65536 entries
[    0.224331] HugeTLB registered 1.00 GiB page size, pre-allocated 0 pages
[    0.225386] HugeTLB registered 32.0 MiB page size, pre-allocated 0 pages
[    0.232056] HugeTLB registered 2.00 MiB page size, pre-allocated 0 pages
[    0.238717] HugeTLB registered 64.0 KiB page size, pre-allocated 0 pages
[    1.304259] DRBG: Continuing without Jitter RNG
[    1.382112] raid6: neonx8   gen()  2140 MB/s
[    1.450159] raid6: neonx8   xor()  1599 MB/s
[    1.518225] raid6: neonx4   gen()  2196 MB/s
[    1.586268] raid6: neonx4   xor()  1567 MB/s
[    1.654342] raid6: neonx2   gen()  2076 MB/s
[    1.722384] raid6: neonx2   xor()  1437 MB/s
[    1.790457] raid6: neonx1   gen()  1771 MB/s
[    1.858497] raid6: neonx1   xor()  1220 MB/s
[    1.926555] raid6: int64x8  gen()  1438 MB/s
[    1.994612] raid6: int64x8  xor()   771 MB/s
[    2.062690] raid6: int64x4  gen()  1598 MB/s
[    2.130731] raid6: int64x4  xor()   816 MB/s
[    2.198804] raid6: int64x2  gen()  1397 MB/s
[    2.266850] raid6: int64x2  xor()   750 MB/s
[    2.334930] raid6: int64x1  gen()  1033 MB/s
[    2.402987] raid6: int64x1  xor()   517 MB/s
[    2.403025] raid6: using algorithm neonx4 gen() 2196 MB/s
[    2.406978] raid6: .... xor() 1567 MB/s, rmw enabled
[    2.411909] raid6: using neon recovery algorithm
[    2.416921] iommu: Default domain type: Translated 
[    2.421535] SCSI subsystem initialized
[    2.425078] libata version 3.00 loaded.
[    2.425201] usbcore: registered new interface driver usbfs
[    2.430535] usbcore: registered new interface driver hub
[    2.435809] usbcore: registered new device driver usb
[    2.440943] mc: Linux media interface: v0.10
[    2.445056] videodev: Linux video capture interface: v2.00
[    2.450547] EDAC MC: Ver: 3.0.0
[    2.453990] zynqmp-ipi-mbox mailbox@ff990400: Registered ZynqMP IPI mbox with TX/RX channels.
[    2.462480] jesd204: created con: id=0, topo=0, link=0, /axi/spi@ff050000/hmc7044@0 <-> /fpga-axi@0/axi-adxcvr-tx@84b60000
[    2.473077] jesd204: created con: id=1, topo=0, link=2, /axi/spi@ff050000/hmc7044@0 <-> /fpga-axi@0/axi-adxcvr-rx@84a60000
[    2.484061] jesd204: created con: id=2, topo=0, link=0, /fpga-axi@0/axi-adxcvr-tx@84b60000 <-> /fpga-axi@0/axi-jesd204-tx@84b90000
[    2.495737] jesd204: created con: id=3, topo=0, link=2, /fpga-axi@0/axi-adxcvr-rx@84a60000 <-> /fpga-axi@0/axi-jesd204-rx@84a90000
[    2.507414] jesd204: created con: id=4, topo=0, link=0, /fpga-axi@0/axi-jesd204-tx@84b90000 <-> /fpga-axi@0/axi-ad9081-tx-hpc@84b10000
[    2.519442] jesd204: created con: id=5, topo=0, link=2, /fpga-axi@0/axi-jesd204-rx@84a90000 <-> /fpga-axi@0/axi-ad9081-rx-hpc@84a10000
[    2.531464] jesd204: created con: id=6, topo=0, link=2, /fpga-axi@0/axi-ad9081-rx-hpc@84a10000 <-> /axi/spi@ff040000/ad9081@0
[    2.542706] jesd204: created con: id=7, topo=0, link=0, /fpga-axi@0/axi-ad9081-tx-hpc@84b10000 <-> /axi/spi@ff040000/ad9081@0
[    2.553956] jesd204: /axi/spi@ff040000/ad9081@0: JESD204[2] transition uninitialized -> initialized
[    2.562942] jesd204: /axi/spi@ff040000/ad9081@0: JESD204[0] transition uninitialized -> initialized
[    2.571934] jesd204: found 8 devices and 1 topologies
[    2.576978] FPGA manager framework
[    2.580457] Advanced Linux Sound Architecture Driver Initialized.
[    2.586750] Bluetooth: Core ver 2.22
[    2.589937] NET: Registered protocol family 31
[    2.594338] Bluetooth: HCI device and connection manager initialized
[    2.600655] Bluetooth: HCI socket layer initialized
[    2.605497] Bluetooth: L2CAP socket layer initialized
[    2.610521] Bluetooth: SCO socket layer initialized
[    2.615707] clocksource: Switched to clocksource arch_sys_counter
[    2.621515] VFS: Disk quotas dquot_6.6.0
[    2.625348] VFS: Dquot-cache hash table entries: 512 (order 0, 4096 bytes)
[    2.636064] NET: Registered protocol family 2
[    2.636795] tcp_listen_portaddr_hash hash table entries: 2048 (order: 3, 32768 bytes, linear)
[    2.644988] TCP established hash table entries: 32768 (order: 6, 262144 bytes, linear)
[    2.653013] TCP bind hash table entries: 32768 (order: 7, 524288 bytes, linear)
[    2.660459] TCP: Hash tables configured (established 32768 bind 32768)
[    2.666632] UDP hash table entries: 2048 (order: 4, 65536 bytes, linear)
[    2.673298] UDP-Lite hash table entries: 2048 (order: 4, 65536 bytes, linear)
[    2.680458] NET: Registered protocol family 1
[    2.684915] RPC: Registered named UNIX socket transport module.
[    2.690536] RPC: Registered udp transport module.
[    2.695200] RPC: Registered tcp transport module.
[    2.699870] RPC: Registered tcp NFSv4.1 backchannel transport module.
[    2.706861] PCI: CLS 0 bytes, default 64
[    2.710569] hw perfevents: no interrupt-affinity property for /pmu, guessing.
[    2.717422] hw perfevents: enabled with armv8_pmuv3 PMU driver, 7 counters available
[    2.725777] Initialise system trusted keyrings
[    2.729449] workingset: timestamp_bits=62 max_order=20 bucket_order=0
[    2.736351] NFS: Registering the id_resolver key type
[    2.740800] Key type id_resolver registered
[    2.744938] Key type id_legacy registered
[    2.748928] nfs4filelayout_init: NFSv4 File Layout Driver Registering...
[    2.755593] jffs2: version 2.2. (NAND) (SUMMARY)  Â© 2001-2006 Red Hat, Inc.
[    2.798690] NET: Registered protocol family 38
[    2.798733] xor: measuring software checksum speed
[    2.806418]    8regs           :  2363 MB/sec
[    2.810087]    32regs          :  2799 MB/sec
[    2.815030]    arm64_neon      :  2380 MB/sec
[    2.815220] xor: using function: 32regs (2799 MB/sec)
[    2.820246] Key type asymmetric registered
[    2.824307] Asymmetric key parser 'x509' registered
[    2.829167] Block layer SCSI generic (bsg) driver version 0.4 loaded (major 248)
[    2.836505] io scheduler mq-deadline registered
[    2.841001] io scheduler kyber registered
[    2.870410] Serial: 8250/16550 driver, 4 ports, IRQ sharing disabled
[    2.875051] cacheinfo: Unable to detect cache hierarchy for CPU 0
[    2.881396] brd: module loaded
[    2.885542] loop: module loaded
[    2.886090] Registered mathworks_ip class
[    2.889418] libphy: Fixed MDIO Bus: probed
[    2.892411] tun: Universal TUN/TAP device driver, 1.6
[    2.896457] CAN device driver interface
[    2.900995] usbcore: registered new interface driver asix
[    2.905589] usbcore: registered new interface driver ax88179_178a
[    2.911622] usbcore: registered new interface driver cdc_ether
[    2.917416] usbcore: registered new interface driver net1080
[    2.923043] usbcore: registered new interface driver cdc_subset
[    2.928923] usbcore: registered new interface driver zaurus
[    2.934466] usbcore: registered new interface driver cdc_ncm
[    2.940869] ehci_hcd: USB 2.0 'Enhanced' Host Controller (EHCI) Driver
[    2.946551] ehci-pci: EHCI PCI platform driver
[    2.951350] usbcore: registered new interface driver uas
[    2.956267] usbcore: registered new interface driver usb-storage
[    2.962256] usbcore: registered new interface driver usbserial_generic
[    2.968706] usbserial: USB Serial support registered for generic
[    2.974679] usbcore: registered new interface driver ftdi_sio
[    2.980382] usbserial: USB Serial support registered for FTDI USB Serial Device
[    2.987659] usbcore: registered new interface driver upd78f0730
[    2.993529] usbserial: USB Serial support registered for upd78f0730
[    3.001180] rtc_zynqmp ffa60000.rtc: registered as rtc0
[    3.004955] rtc_zynqmp ffa60000.rtc: setting system clock to 2022-04-12T20:02:42 UTC (1649793762)
[    3.013818] i2c /dev entries driver
[    3.019134] usbcore: registered new interface driver uvcvideo
[    3.022931] USB Video Class driver (1.1.1)
[    3.028511] Bluetooth: HCI UART driver ver 2.3
[    3.031402] Bluetooth: HCI UART protocol H4 registered
[    3.036512] Bluetooth: HCI UART protocol BCSP registered
[    3.041800] Bluetooth: HCI UART protocol LL registered
[    3.046889] Bluetooth: HCI UART protocol ATH3K registered
[    3.052263] Bluetooth: HCI UART protocol Three-wire (H5) registered
[    3.058519] Bluetooth: HCI UART protocol Intel registered
[    3.063856] Bluetooth: HCI UART protocol QCA registered
[    3.069057] usbcore: registered new interface driver bcm203x
[    3.074678] usbcore: registered new interface driver bpa10x
[    3.080214] usbcore: registered new interface driver bfusb
[    3.085664] usbcore: registered new interface driver btusb
[    3.091127] usbcore: registered new interface driver ath3k
[    3.096610] EDAC MC: ECC not enabled
[    3.100236] EDAC DEVICE0: Giving out device to module zynqmp-ocm-edac controller zynqmp_ocm: DEV ff960000.memory-controller (INTERRUPT)
[    3.112551] sdhci: Secure Digital Host Controller Interface driver
[    3.118338] sdhci: Copyright(c) Pierre Ossman
[    3.122663] sdhci-pltfm: SDHCI platform and OF driver helper
[    3.128712] ledtrig-cpu: registered to indicate activity on CPUs
[    3.134268] SMCCC: SOC_ID: ARCH_SOC_ID not implemented, skipping ....
[    3.140697] zynqmp_firmware_probe Platform Management API v1.1
[    3.146454] zynqmp_firmware_probe Trustzone version v1.0
[    3.185985] zynqmp-pinctrl firmware:zynqmp-firmware:pinctrl: zynqmp pinctrl initialized
[    3.233978] zynqmp-aes firmware:zynqmp-firmware:zynqmp-aes: will run requests pump with realtime priority
[    3.249835] alg: No test for xilinx-keccak-384 (zynqmp-keccak-384)
[    3.250542] alg: No test for xilinx-zynqmp-rsa (zynqmp-rsa)
[    3.256059] usbcore: registered new interface driver usbhid
[    3.261446] usbhid: USB HID core driver
[    3.272701] axi_sysid 85000000.axi-sysid-0: AXI System ID core version (1.01.a) found
[    3.275053] axi_sysid 85000000.axi-sysid-0: [ad9081_fmca_ebz] on [zcu102] git branch <master> git <084d44c9780640ca93fd847b1d9ec70dd65f5c67> clean [2022-03-18 04:17:50] UTC
[    3.290738] fpga_manager fpga0: Xilinx ZynqMP FPGA Manager registered
[    3.297097] usbcore: registered new interface driver snd-usb-audio
[    3.304552] pktgen: Packet Generator for packet performance testing. Version: 2.75
[    3.310732] Initializing XFRM netlink socket
[    3.314582] NET: Registered protocol family 10
[    3.319304] Segment Routing with IPv6
[    3.322683] sit: IPv6, IPv4 and MPLS over IPv4 tunneling driver
[    3.328752] NET: Registered protocol family 17
[    3.332856] NET: Registered protocol family 15
[    3.337357] can: controller area network core
[    3.341604] NET: Registered protocol family 29
[    3.345995] can: raw protocol
[    3.348931] can: broadcast manager protocol
[    3.353086] can: netlink gateway - max_hops=1
[    3.357480] Bluetooth: RFCOMM TTY layer initialized
[    3.362259] Bluetooth: RFCOMM socket layer initialized
[    3.367367] Bluetooth: RFCOMM ver 1.11
[    3.371078] Bluetooth: BNEP (Ethernet Emulation) ver 1.3
[    3.376349] Bluetooth: BNEP filters: protocol multicast
[    3.381543] Bluetooth: BNEP socket layer initialized
[    3.386471] Bluetooth: HIDP (Human Interface Emulation) ver 1.2
[    3.392354] Bluetooth: HIDP socket layer initialized
[    3.397410] 9pnet: Installing 9P2000 support
[    3.401531] NET: Registered protocol family 36
[    3.405947] Key type dns_resolver registered
[    3.410378] registered taskstats version 1
[    3.414244] Loading compiled-in X.509 certificates
[    3.419360] Btrfs loaded, crc32c=crc32c-generic
[    3.431785] ff000000.serial: ttyPS0 at MMIO 0xff000000 (irq = 49, base_baud = 6249999) is a xuartps
[    3.440805] printk: console [ttyPS0] enabled
[    3.445101] printk: bootconsole [cdns0] disabled
[    3.454738] ff010000.serial: ttyPS1 at MMIO 0xff010000 (irq = 50, base_baud = 6249999) is a xuartps
[    3.467972] of-fpga-region fpga-full: FPGA Region probed
[    3.474924] nwl-pcie fd0e0000.pcie: host bridge /axi/pcie@fd0e0000 ranges:
[    3.481821] nwl-pcie fd0e0000.pcie:      MEM 0x00e0000000..0x00efffffff -> 0x00e0000000
[    3.489823] nwl-pcie fd0e0000.pcie:      MEM 0x0600000000..0x07ffffffff -> 0x0600000000
[    3.497884] nwl-pcie fd0e0000.pcie: Link is DOWN
[    3.502642] nwl-pcie fd0e0000.pcie: PCI host bridge to bus 0000:00
[    3.508820] pci_bus 0000:00: root bus resource [bus 00-ff]
[    3.514301] pci_bus 0000:00: root bus resource [mem 0xe0000000-0xefffffff]
[    3.521171] pci_bus 0000:00: root bus resource [mem 0x600000000-0x7ffffffff pref]
[    3.528675] pci 0000:00:00.0: [10ee:d021] type 01 class 0x060400
[    3.534731] pci 0000:00:00.0: PME# supported from D0 D1 D2 D3hot
[    3.545183] pci 0000:00:00.0: PCI bridge to [bus 01-0c]
[    3.551161] xilinx-zynqmp-dma fd500000.dma: ZynqMP DMA driver Probe success
[    3.558336] xilinx-zynqmp-dma fd510000.dma: ZynqMP DMA driver Probe success
[    3.565519] xilinx-zynqmp-dma fd520000.dma: ZynqMP DMA driver Probe success
[    3.572690] xilinx-zynqmp-dma fd530000.dma: ZynqMP DMA driver Probe success
[    3.579861] xilinx-zynqmp-dma fd540000.dma: ZynqMP DMA driver Probe success
[    3.587026] xilinx-zynqmp-dma fd550000.dma: ZynqMP DMA driver Probe success
[    3.594196] xilinx-zynqmp-dma fd560000.dma: ZynqMP DMA driver Probe success
[    3.601367] xilinx-zynqmp-dma fd570000.dma: ZynqMP DMA driver Probe success
[    3.608764] xilinx-zynqmp-dpdma fd4c0000.dma-controller: Xilinx DPDMA engine is probed
[    3.617308] ahci-ceva fd0c0000.ahci: supply ahci not found, using dummy regulator
[    3.624852] ahci-ceva fd0c0000.ahci: supply phy not found, using dummy regulator
[    3.715875] hmc7044 spi2.0: PLL1: Acquisition, CLKIN0 @ 122880000 Hz, PFD: 80 kHz - PLL2: Locked @ 2412.000000 MHz
[    3.726596] jesd204: /axi/spi@ff050000/hmc7044@0,jesd204:1,parent=spi2.0: Using as SYSREF provider
[    3.736181] spi-nor spi0.0: SPI-NOR-UniqueID 100000235394732200270025081115266e
[    3.743492] spi-nor spi0.0: found n25q512a, expected m25p80
[    3.749704] spi-nor spi0.0: trying to lock already unlocked area
[    3.755704] spi-nor spi0.0: n25q512a (131072 Kbytes)
[    3.760688] 4 fixed-partitions partitions found on MTD device spi0.0
[    3.767034] Creating 4 MTD partitions on "spi0.0":
[    3.771820] 0x000000000000-0x000000100000 : "qspi-fsbl-uboot"
[    3.778306] 0x000000100000-0x000000600000 : "qspi-linux"
[    3.784268] 0x000000600000-0x000000620000 : "qspi-device-tree"
[    3.790743] 0x000000620000-0x000000c00000 : "qspi-rootfs"
[    3.799211] macb ff0e0000.ethernet: Not enabling partial store and forward
[    3.806734] libphy: MACB_mii_bus: probed
[    3.811786] macb ff0e0000.ethernet eth0: Cadence GEM rev 0x50070106 at 0xff0e0000 irq 30 (00:0a:35:04:8e:1b)
[    3.821995] xilinx-axipmon ffa00000.perf-monitor: Probed Xilinx APM
[    3.828571] xilinx-axipmon fd0b0000.perf-monitor: Probed Xilinx APM
[    3.835090] xilinx-axipmon fd490000.perf-monitor: Probed Xilinx APM
[    3.841634] xilinx-axipmon ffa10000.perf-monitor: Probed Xilinx APM
[    3.851644] pca953x 0-0020: supply vcc not found, using dummy regulator
[    3.858327] pca953x 0-0020: using no AI
[    3.862818] gpio-496 (sel0): hogged as output/low
[    3.867717] gpio-497 (sel1): hogged as output/high
[    3.872699] gpio-498 (sel2): hogged as output/high
[    3.877682] gpio-499 (sel3): hogged as output/high
[    3.882854] pca953x 0-0021: supply vcc not found, using dummy regulator
[    3.889523] pca953x 0-0021: using no AI
[    3.895277] ina2xx 2-0040: power monitor ina226 (Rshunt = 5000 uOhm)
[    3.902309] ina2xx 2-0041: power monitor ina226 (Rshunt = 5000 uOhm)
[    3.909350] ina2xx 2-0042: power monitor ina226 (Rshunt = 5000 uOhm)
[    3.916382] ina2xx 2-0043: power monitor ina226 (Rshunt = 5000 uOhm)
[    3.923407] ina2xx 2-0044: power monitor ina226 (Rshunt = 5000 uOhm)
[    3.930430] ina2xx 2-0045: power monitor ina226 (Rshunt = 5000 uOhm)
[    3.937457] ina2xx 2-0046: power monitor ina226 (Rshunt = 5000 uOhm)
[    3.944532] ina2xx 2-0047: power monitor ina226 (Rshunt = 5000 uOhm)
[    3.951558] ina2xx 2-004a: power monitor ina226 (Rshunt = 5000 uOhm)
[    3.958599] ina2xx 2-004b: power monitor ina226 (Rshunt = 5000 uOhm)
[    3.965008] i2c i2c-0: Added multiplexed i2c bus 2
[    3.970393] random: fast init done
[    3.973869] ina2xx 3-0040: power monitor ina226 (Rshunt = 2000 uOhm)
[    3.980896] ina2xx 3-0041: power monitor ina226 (Rshunt = 5000 uOhm)
[    3.987921] ina2xx 3-0042: power monitor ina226 (Rshunt = 5000 uOhm)
[    3.994955] ina2xx 3-0043: power monitor ina226 (Rshunt = 5000 uOhm)
[    4.001979] ina2xx 3-0044: power monitor ina226 (Rshunt = 5000 uOhm)
[    4.009005] ina2xx 3-0045: power monitor ina226 (Rshunt = 5000 uOhm)
[    4.016036] ina2xx 3-0046: power monitor ina226 (Rshunt = 5000 uOhm)
[    4.023068] ina2xx 3-0047: power monitor ina226 (Rshunt = 5000 uOhm)
[    4.029469] i2c i2c-0: Added multiplexed i2c bus 3
[    4.085309] i2c i2c-0: Added multiplexed i2c bus 4
[    4.090250] i2c i2c-0: Added multiplexed i2c bus 5
[    4.095041] pca954x 0-0075: registered 4 multiplexed busses for I2C mux pca9544
[    4.102390] cdns-i2c ff020000.i2c: 400 kHz mmio ff020000 irq 32
[    4.110115] at24 6-0054: supply vcc not found, using dummy regulator
[    4.117010] at24 6-0054: 1024 byte 24c08 EEPROM, writable, 1 bytes/write
[    4.123761] i2c i2c-1: Added multiplexed i2c bus 6
[    4.130191] si5341 7-0036: Chip: 5341 Grade: 1 Rev: 1
[    4.167919] i2c i2c-1: Added multiplexed i2c bus 7
[    4.175571] si570 8-005d: registered, current frequency 300000000 Hz
[    4.181977] i2c i2c-1: Added multiplexed i2c bus 8
[    4.201769] si570 9-005d: registered, current frequency 148500000 Hz
[    4.208174] i2c i2c-1: Added multiplexed i2c bus 9
[    4.213212] si5324 10-0069: si5328 probed
[    4.280073] si5324 10-0069: si5328 probe successful
[    4.285002] i2c i2c-1: Added multiplexed i2c bus 10
[    4.290030] i2c i2c-1: Added multiplexed i2c bus 11
[    4.295053] i2c i2c-1: Added multiplexed i2c bus 12
[    4.300077] i2c i2c-1: Added multiplexed i2c bus 13
[    4.304949] pca954x 1-0074: registered 8 multiplexed busses for I2C switch pca9548
[    4.313061] at24 14-0050: supply vcc not found, using dummy regulator
[    4.319848] at24 14-0050: 256 byte 24c02 EEPROM, writable, 1 bytes/write
[    4.326594] i2c i2c-1: Added multiplexed i2c bus 14
[    4.331635] i2c i2c-1: Added multiplexed i2c bus 15
[    4.336665] i2c i2c-1: Added multiplexed i2c bus 16
[    4.341703] i2c i2c-1: Added multiplexed i2c bus 17
[    4.346734] i2c i2c-1: Added multiplexed i2c bus 18
[    4.351779] i2c i2c-1: Added multiplexed i2c bus 19
[    4.356821] i2c i2c-1: Added multiplexed i2c bus 20
[    4.361860] i2c i2c-1: Added multiplexed i2c bus 21
[    4.366733] pca954x 1-0075: registered 8 multiplexed busses for I2C switch pca9548
[    4.374342] cdns-i2c ff030000.i2c: 400 kHz mmio ff030000 irq 33
[    4.384085] cdns-wdt fd4d0000.watchdog: Xilinx Watchdog Timer with timeout 60s
[    4.393136] axi_adxcvr 84a60000.axi-adxcvr-rx: adxcvr_enforce_settings: Using QPLL without access, assuming desired Lane rate will be configured by a different instance
[    4.409776] axi_adxcvr 84a60000.axi-adxcvr-rx: AXI-ADXCVR-RX (17.05.a) using QPLL on GTH4 at 0x84A60000. Number of lanes: 4.
[    4.421938] axi_adxcvr 84b60000.axi-adxcvr-tx: AXI-ADXCVR-TX (17.05.a) using QPLL on GTH4 at 0x84B60000. Number of lanes: 4.
[    4.425890] mmc0: SDHCI controller on ff170000.mmc [ff170000.mmc] using ADMA 64-bit
[    4.441090] axi-jesd204-rx 84a90000.axi-jesd204-rx: AXI-JESD204-RX (1.07.a) at 0x84A90000. Encoder 8b10b, width 4/4, lanes 4, jesd204-fsm.
[    4.453923] axi-jesd204-tx 84b90000.axi-jesd204-tx: AXI-JESD204-TX (1.06.a) at 0x84B90000. Encoder 8b10b, width 4/4, lanes 4, jesd204-fsm.
[    4.467428] zynqmp-display fd4a0000.display: vtc bridge property not present
[    4.473470] mmc0: new high speed SDHC card at address 0001
[    4.477085] xilinx-dp-snd-codec fd4a0000.display:zynqmp_dp_snd_codec0: Failed to get required clock freq
[    4.480316] mmcblk0: mmc0:0001 EB1QT 29.8 GiB 
[    4.489443] xilinx-dp-snd-codec: probe of fd4a0000.display:zynqmp_dp_snd_codec0 failed with error -22
[    4.495096]  mmcblk0: p1 p2 p3
[    4.503430] xilinx-dp-snd-pcm zynqmp_dp_snd_pcm0: Xilinx DisplayPort Sound PCM probed
[    4.514290] xilinx-dp-snd-pcm zynqmp_dp_snd_pcm1: Xilinx DisplayPort Sound PCM probed
[    4.522497] OF: graph: no port node found in /axi/display@fd4a0000
[    4.528903] xlnx-drm xlnx-drm.0: bound fd4a0000.display (ops 0xffffffc010fcbdb8)
[    5.615721] zynqmp-display fd4a0000.display: [drm] Cannot find any crtc or sizes
[    5.623343] [drm] Initialized xlnx 1.0.0 20130509 for fd4a0000.display on minor 0
[    5.630837] zynqmp-display fd4a0000.display: ZynqMP DisplayPort Subsystem driver probed
[    5.639149] ahci-ceva fd0c0000.ahci: supply ahci not found, using dummy regulator
[    5.646696] ahci-ceva fd0c0000.ahci: supply phy not found, using dummy regulator
[    5.654151] ahci-ceva fd0c0000.ahci: supply target not found, using dummy regulator
[    5.661989] ahci-ceva fd0c0000.ahci: AHCI 0001.0301 32 slots 2 ports 6 Gbps 0x3 impl platform mode
[    5.670945] ahci-ceva fd0c0000.ahci: flags: 64bit ncq sntf pm clo only pmp fbs pio slum part ccc sds apst 
[    5.681635] scsi host0: ahci-ceva
[    5.685237] scsi host1: ahci-ceva
[    5.688663] ata1: SATA max UDMA/133 mmio [mem 0xfd0c0000-0xfd0c1fff] port 0x100 irq 45
[    5.696580] ata2: SATA max UDMA/133 mmio [mem 0xfd0c0000-0xfd0c1fff] port 0x180 irq 45
[    5.705187] ad9081 spi1.0: supply vdd not found, using dummy regulator
[    6.017955] ata1: SATA link down (SStatus 0 SControl 330)
[    6.023370] ata2: SATA link down (SStatus 0 SControl 330)
[    6.699724] zynqmp-display fd4a0000.display: [drm] Cannot find any crtc or sizes
[    6.861214] ad9081 spi1.0: Invalid param passed., "ref_clk_hz < 100000000ULL" in adi_ad9081_device_clk_config_set(...), line554 in drivers/iio/adc/ad9081/adi_ad9081_device.c
[    7.566547] ad9081 spi1.0: AD9081 Rev. 2 Grade 10 (API 1.2.2) probed
[    7.573750] xhci-hcd xhci-hcd.1.auto: xHCI Host Controller
[    7.579245] xhci-hcd xhci-hcd.1.auto: new USB bus registered, assigned bus number 1
[    7.586992] xhci-hcd xhci-hcd.1.auto: hcc params 0x0238f625 hci version 0x100 quirks 0x0000000002010810
[    7.596408] xhci-hcd xhci-hcd.1.auto: irq 59, io mem 0xfe200000
[    7.602514] usb usb1: New USB device found, idVendor=1d6b, idProduct=0002, bcdDevice= 5.10
[    7.610782] usb usb1: New USB device strings: Mfr=3, Product=2, SerialNumber=1
[    7.617996] usb usb1: Product: xHCI Host Controller
[    7.622866] usb usb1: Manufacturer: Linux 5.10.0-98103-g2aa7ac113716 xhci-hcd
[    7.629991] usb usb1: SerialNumber: xhci-hcd.1.auto
[    7.635158] hub 1-0:1.0: USB hub found
[    7.638918] hub 1-0:1.0: 1 port detected
[    7.643025] xhci-hcd xhci-hcd.1.auto: xHCI Host Controller
[    7.648513] xhci-hcd xhci-hcd.1.auto: new USB bus registered, assigned bus number 2
[    7.656167] xhci-hcd xhci-hcd.1.auto: Host supports USB 3.0 SuperSpeed
[    7.662789] usb usb2: New USB device found, idVendor=1d6b, idProduct=0003, bcdDevice= 5.10
[    7.671051] usb usb2: New USB device strings: Mfr=3, Product=2, SerialNumber=1
[    7.678269] usb usb2: Product: xHCI Host Controller
[    7.683139] usb usb2: Manufacturer: Linux 5.10.0-98103-g2aa7ac113716 xhci-hcd
[    7.690265] usb usb2: SerialNumber: xhci-hcd.1.auto
[    7.695374] hub 2-0:1.0: USB hub found
[    7.699136] hub 2-0:1.0: 1 port detected
[    7.729224] cf_axi_adc 84a10000.axi-ad9081-rx-hpc: ADI AIM (10.01.b) at 0x84A10000 mapped to 0x(____ptrval____), probed ADC AD9081 as MASTER
[    7.760546] cf_axi_dds 84b10000.axi-ad9081-tx-hpc: Analog Devices CF_AXI_DDS_DDS MASTER (9.01.b) at 0x84B10000 mapped to 0x(____ptrval____), probed DDS AD9081
[    7.774742] jesd204: /axi/spi@ff040000/ad9081@0,jesd204:0,parent=spi1.0: JESD204[2] transition initialized -> probed
[    7.785266] jesd204: /axi/spi@ff040000/ad9081@0,jesd204:0,parent=spi1.0: JESD204[0] transition initialized -> probed
[    7.795791] jesd204: /axi/spi@ff040000/ad9081@0,jesd204:0,parent=spi1.0: JESD204[2] transition probed -> idle
[    7.805707] jesd204: /axi/spi@ff040000/ad9081@0,jesd204:0,parent=spi1.0: JESD204[0] transition probed -> idle
[    7.815622] jesd204: /axi/spi@ff040000/ad9081@0,jesd204:0,parent=spi1.0: JESD204[2] transition idle -> device_init
[    7.825965] jesd204: /axi/spi@ff040000/ad9081@0,jesd204:0,parent=spi1.0: JESD204[0] transition idle -> device_init
[    7.836319] jesd204: /axi/spi@ff040000/ad9081@0,jesd204:0,parent=spi1.0: JESD204[2] transition device_init -> link_init
[    7.847102] jesd204: /axi/spi@ff040000/ad9081@0,jesd204:0,parent=spi1.0: JESD204[0] transition device_init -> link_init
[    7.857892] jesd204: /axi/spi@ff040000/ad9081@0,jesd204:0,parent=spi1.0: JESD204[2] transition link_init -> link_supported
[    7.868931] jesd204: /axi/spi@ff040000/ad9081@0,jesd204:0,parent=spi1.0: JESD204[0] transition link_init -> link_supported
[    7.880339] hmc7044 spi2.0: hmc7044_jesd204_link_pre_setup: Link2 forcing continuous SYSREF mode
[    7.889555] jesd204: /axi/spi@ff040000/ad9081@0,jesd204:0,parent=spi1.0: JESD204[2] transition link_supported -> link_pre_setup
[    7.901032] jesd204: /axi/spi@ff040000/ad9081@0,jesd204:0,parent=spi1.0: JESD204[0] transition link_supported -> link_pre_setup
[    7.924906] jesd204: /axi/spi@ff040000/ad9081@0,jesd204:0,parent=spi1.0: JESD204[2] transition link_pre_setup -> clk_sync_stage1
[    7.936471] jesd204: /axi/spi@ff040000/ad9081@0,jesd204:0,parent=spi1.0: JESD204[0] transition link_pre_setup -> clk_sync_stage1
[    7.948036] jesd204: /axi/spi@ff040000/ad9081@0,jesd204:0,parent=spi1.0: JESD204[2] transition clk_sync_stage1 -> clk_sync_stage2
[    7.959680] jesd204: /axi/spi@ff040000/ad9081@0,jesd204:0,parent=spi1.0: JESD204[0] transition clk_sync_stage1 -> clk_sync_stage2
[    7.971332] jesd204: /axi/spi@ff040000/ad9081@0,jesd204:0,parent=spi1.0: JESD204[2] transition clk_sync_stage2 -> clk_sync_stage3
[    7.982978] jesd204: /axi/spi@ff040000/ad9081@0,jesd204:0,parent=spi1.0: JESD204[0] transition clk_sync_stage2 -> clk_sync_stage3
[    7.996649] jesd204: /axi/spi@ff040000/ad9081@0,jesd204:0,parent=spi1.0: JESD204[2] transition clk_sync_stage3 -> link_setup
[    8.007868] jesd204: /axi/spi@ff040000/ad9081@0,jesd204:0,parent=spi1.0: JESD204[0] transition clk_sync_stage3 -> link_setup
[    8.023806] jesd204: /axi/spi@ff040000/ad9081@0,jesd204:0,parent=spi1.0: JESD204[2] transition link_setup -> opt_setup_stage1
[    8.035111] jesd204: /axi/spi@ff040000/ad9081@0,jesd204:0,parent=spi1.0: JESD204[0] transition link_setup -> opt_setup_stage1
[    8.051451] jesd204: /axi/spi@ff040000/ad9081@0,jesd204:0,parent=spi1.0: JESD204[2] transition opt_setup_stage1 -> opt_setup_stage2
[    8.063270] jesd204: /axi/spi@ff040000/ad9081@0,jesd204:0,parent=spi1.0: JESD204[0] transition opt_setup_stage1 -> opt_setup_stage2
[    8.075247] jesd204: /axi/spi@ff040000/ad9081@0,jesd204:0,parent=spi1.0: JESD204[2] transition opt_setup_stage2 -> opt_setup_stage3
[    8.087071] jesd204: /axi/spi@ff040000/ad9081@0,jesd204:0,parent=spi1.0: JESD204[0] transition opt_setup_stage2 -> opt_setup_stage3
[    8.098894] jesd204: /axi/spi@ff040000/ad9081@0,jesd204:0,parent=spi1.0: JESD204[2] transition opt_setup_stage3 -> opt_setup_stage4
[    8.110712] jesd204: /axi/spi@ff040000/ad9081@0,jesd204:0,parent=spi1.0: JESD204[0] transition opt_setup_stage3 -> opt_setup_stage4
[    8.122542] jesd204: /axi/spi@ff040000/ad9081@0,jesd204:0,parent=spi1.0: JESD204[2] transition opt_setup_stage4 -> opt_setup_stage5
[    8.134369] jesd204: /axi/spi@ff040000/ad9081@0,jesd204:0,parent=spi1.0: JESD204[0] transition opt_setup_stage4 -> opt_setup_stage5
[    8.169440] axi_adxcvr 84a60000.axi-adxcvr-rx: adxcvr_clk_enable: QPLL RX buffer underflow error, status: 0x61
[    8.179431] axi_adxcvr 84a60000.axi-adxcvr-rx: adxcvr_clk_enable: QPLL RX buffer overflow error, status: 0x61
[    8.193516] jesd204: /axi/spi@ff040000/ad9081@0,jesd204:0,parent=spi1.0: JESD204[2] transition opt_setup_stage5 -> clocks_enable
[    8.205075] jesd204: /axi/spi@ff040000/ad9081@0,jesd204:0,parent=spi1.0: JESD204[0] transition opt_setup_stage5 -> clocks_enable
[    8.216694] jesd204: /axi/spi@ff040000/ad9081@0,jesd204:0,parent=spi1.0: JESD204[2] transition clocks_enable -> link_enable
[    8.227825] jesd204: /axi/spi@ff040000/ad9081@0,jesd204:0,parent=spi1.0: JESD204[0] transition clocks_enable -> link_enable
[    8.367708] axi-jesd204-rx 84a90000.axi-jesd204-rx: axi_jesd204_rx_jesd204_link_running: Link2 status failed (CGS)
[    8.378060] jesd204: /fpga-axi@0/axi-jesd204-rx@84a90000,jesd204:4,parent=84a90000.axi-jesd204-rx: JESD204[2] In link_running got error from cb: -1 (ignoring!)
[    8.487939] ad9081 spi1.0: JESD RX (JTX) Link2 in CGS, SYNC asserted, PLL locked, PHASE established, MODE valid
[    8.498026] jesd204: /axi/spi@ff040000/ad9081@0,jesd204:0,parent=spi1.0: JESD204[2] In link_running got error from cb: -1 (ignoring!)
[    8.510280] ad9081 spi1.0: JESD TX (JRX) Link0 0xF lanes in DATA
[    8.516288] jesd204: /axi/spi@ff040000/ad9081@0,jesd204:0,parent=spi1.0: JESD204[2] transition link_enable -> link_running
[    8.527326] jesd204: /axi/spi@ff040000/ad9081@0,jesd204:0,parent=spi1.0: JESD204[0] transition link_enable -> link_running
[    8.538372] jesd204: /axi/spi@ff040000/ad9081@0,jesd204:0,parent=spi1.0: JESD204[2] transition link_running -> opt_post_running_stage
[    8.550364] jesd204: /axi/spi@ff040000/ad9081@0,jesd204:0,parent=spi1.0: JESD204[0] transition link_running -> opt_post_running_stage
[    8.571576] input: gpio-keys as /devices/platform/gpio-keys/input/input0
[    8.578597] of_cfs_init
[    8.581062] of_cfs_init: OK
[    8.584009] cfg80211: Loading compiled-in X.509 certificates for regulatory database
[    8.722132] cfg80211: Loaded X.509 cert 'sforshee: 00b28ddf47aef9cea7'
[    8.728662] clk: Not disabling unused clocks
[    8.733191] ALSA device list:
[    8.736152]   No soundcards found.
[    8.739833] platform regulatory.0: Direct firmware load for regulatory.db failed with error -2
[    8.748448] cfg80211: failed to load regulatory.db
[    8.763434] EXT4-fs (mmcblk0p2): mounted filesystem with ordered data mode. Opts: (null)
[    8.771546] VFS: Mounted root (ext4 filesystem) on device 179:2.
[    8.784657] devtmpfs: mounted
[    8.788498] Freeing unused kernel memory: 2560K
[    8.799758] Run /sbin/init as init process
[    8.803851]   with arguments:
[    8.803854]     /sbin/init
[    8.803856]   with environment:
[    8.803859]     HOME=/
[    8.803861]     TERM=linux
[    9.367473] systemd[1]: systemd 241 running in system mode. (+PAM +AUDIT +SELINUX +IMA +APPARMOR +SMACK +SYSVINIT +UTMP +LIBCRYPTSETUP +GCRYPT +GNUTLS +ACL +XZ +LZ4 +SECCOMP +BLKID +ELFUTILS +KMOD -IDN2 +IDN -PCRE2 default-hierarchy=hybrid)
[    9.389372] systemd[1]: Detected architecture arm64.
[    9.412410] systemd[1]: Set hostname to <analog>.
[    9.604850] systemd[1]: File /lib/systemd/system/systemd-journald.service:12 configures an IP firewall (IPAddressDeny=any), but the local system does not support BPF/cgroup based firewalling.
[    9.621909] systemd[1]: Proceeding WITHOUT firewalling in effect! (This warning is only shown for the first loaded unit using IP firewalling.)
[    9.784651] systemd[1]: /etc/systemd/system/tof-server.service:1: Assignment outside of section. Ignoring.
[    9.794348] systemd[1]: /etc/systemd/system/tof-server.service:2: Assignment outside of section. Ignoring.
[    9.976697] random: systemd: uninitialized urandom read (16 bytes read)
[    9.991382] random: systemd: uninitialized urandom read (16 bytes read)
[    9.998435] systemd[1]: Listening on fsck to fsckd communication Socket.
[   10.019787] random: systemd: uninitialized urandom read (16 bytes read)
[   10.026664] systemd[1]: Listening on Syslog Socket.
[   10.044334] systemd[1]: Created slice system-getty.slice.
[   10.665376] ------------[ cut here ]------------
[   10.665386] Enabling unprepared \xa0\xe9Q\x88\xff\xff\xffpQ\x88\xff\xff\xff
[   10.665432] WARNING: CPU: 0 PID: 113 at drivers/clk/clk.c:1012 clk_core_enable+0xa4/0xc0
[   10.665435] Modules linked in:
[   10.665446] CPU: 0 PID: 113 Comm: kworker/0:1H Not tainted 5.10.0-98103-g2aa7ac113716 #5577
[   10.665449] Hardware name: ZynqMP ZCU102 Rev1.0 (DT)
[   10.665458] Workqueue: kblockd blk_mq_run_work_fn
[   10.665466] pstate: 80000085 (Nzcv daIf -PAN -UAO -TCO BTYPE=--)
[   10.665471] pc : clk_core_enable+0xa4/0xc0
[   10.665476] lr : clk_core_enable+0xa4/0xc0
[   10.665479] sp : ffffffc0125db2d0
[   10.665482] x29: ffffffc0125db2d0 x28: ffffff8800330c10 
[   10.665489] x27: ffffff8800330d48 x26: 0000005000000101 
[   10.665496] x25: 0000000275c375d6 x24: 0000000000000001 
[   10.665502] x23: ffffff88010e9380 x22: ffffff8801083220 
[   10.665509] x21: ffffff8801517000 x20: ffffff8801517008 
[   10.665515] x19: ffffff8801517008 x18: 0000000000000030 
[   10.665522] x17: 0000000000000002 x16: 0000b1637677bed8 
[   10.665528] x15: ffffffffffff8a38 x14: ffffffc011d3b1a0 
[   10.665535] x13: ffffffc011d3b1c8 x12: 00000000000005fa 
[   10.665541] x11: 00000000000001fe x10: ffffffc011d671c8 
[   10.665548] x9 : 00000000fffff800 x8 : ffffffc011d3b1c8 
[   10.665554] x7 : ffffffc011d671c8 x6 : 0000000000000001 
[   10.665560] x5 : ffffff887f7669e0 x4 : 0000000000000000 
[   10.665567] x3 : 0000000000000027 x2 : 0000000000000023 
[   10.665573] x1 : ea76f2146a413400 x0 : 0000000000000000 
[   10.665580] Call trace:
[   10.665586]  clk_core_enable+0xa4/0xc0
[   10.665592]  clk_enable+0x2c/0x60
[   10.665598]  zynqmp_runtime_resume+0x24/0x84
[   10.665604]  pm_generic_runtime_resume+0x30/0x50
[   10.665610]  __genpd_runtime_resume+0x30/0xb0
[   10.665616]  genpd_runtime_resume+0x90/0x250
[   10.665622]  __rpm_callback+0x10c/0x1e0
[   10.665627]  rpm_callback+0x5c/0x84
[   10.665632]  rpm_resume+0x4a4/0x74c
[   10.665637]  __pm_runtime_resume+0x78/0xc4
[   10.665642]  spi_mem_access_start.isra.0+0x30/0x80
[   10.665646]  spi_mem_exec_op+0x3b0/0x424
[   10.665651]  spi_nor_read_sr+0x78/0xe0
[   10.665655]  spi_nor_wait_till_ready_with_timeout+0xb4/0x2f0
[   10.665660]  spi_nor_read+0x188/0x380
[   10.665666]  mtd_read_oob_std+0x78/0x84
[   10.665670]  mtd_read_oob+0x7c/0x134
[   10.665674]  mtd_read+0x48/0x7c
[   10.665680]  mtdblock_readsect+0x6c/0x150
[   10.665685]  mtd_queue_rq+0x2cc/0x5a0
[   10.665691]  blk_mq_dispatch_rq_list+0x110/0x790
[   10.665697]  __blk_mq_do_dispatch_sched+0x200/0x274
[   10.665703]  __blk_mq_sched_dispatch_requests+0x1a8/0x1fc
[   10.665708]  blk_mq_sched_dispatch_requests+0x3c/0x7c
[   10.665713]  __blk_mq_run_hw_queue+0x98/0x100
[   10.665718]  blk_mq_run_work_fn+0x24/0x30
[   10.665724]  process_one_work+0x1d4/0x380
[   10.665728]  worker_thread+0x78/0x4e0
[   10.665733]  kthread+0x124/0x130
[   10.665739]  ret_from_fork+0x10/0x3c
[   10.665742] ---[ end trace 9c265b54572466eb ]---
[   10.665751] zynqmp-qspi ff0f0000.spi: Cannot enable APB clock.
[   10.665800] spi_master spi0: Failed to power device: -108
[   10.665810] blk_update_request: I/O error, dev mtdblock0, sector 8 op 0x0:(READ) flags 0x80700 phys_seg 1 prio class 0
[   10.665877] spi_master spi0: Failed to power device: -22
[   10.665883] blk_update_request: I/O error, dev mtdblock0, sector 8 op 0x0:(READ) flags 0x0 phys_seg 8 prio class 0
[   10.665889] Buffer I/O error on dev mtdblock0, logical block 8, async page read
[   10.665898] spi_master spi0: Failed to power device: -22
[   10.665904] blk_update_request: I/O error, dev mtdblock0, sector 9 op 0x0:(READ) flags 0x0 phys_seg 7 prio class 0
[   10.665908] Buffer I/O error on dev mtdblock0, logical block 9, async page read
[   10.665915] spi_master spi0: Failed to power device: -22
[   10.665921] blk_update_request: I/O error, dev mtdblock0, sector 10 op 0x0:(READ) flags 0x0 phys_seg 6 prio class 0
[   10.665924] Buffer I/O error on dev mtdblock0, logical block 10, async page read
[   10.665931] spi_master spi0: Failed to power device: -22
[   10.665937] blk_update_request: I/O error, dev mtdblock0, sector 11 op 0x0:(READ) flags 0x0 phys_seg 5 prio class 0
[   10.665941] Buffer I/O error on dev mtdblock0, logical block 11, async page read
[   10.665948] spi_master spi0: Failed to power device: -22
[   10.665953] blk_update_request: I/O error, dev mtdblock0, sector 12 op 0x0:(READ) flags 0x0 phys_seg 4 prio class 0
[   10.665957] Buffer I/O error on dev mtdblock0, logical block 12, async page read
[   10.665964] spi_master spi0: Failed to power device: -22
[   10.665969] blk_update_request: I/O error, dev mtdblock0, sector 13 op 0x0:(READ) flags 0x0 phys_seg 3 prio class 0
[   10.665973] Buffer I/O error on dev mtdblock0, logical block 13, async page read
[   10.665979] spi_master spi0: Failed to power device: -22
[   10.665985] blk_update_request: I/O error, dev mtdblock0, sector 14 op 0x0:(READ) flags 0x0 phys_seg 2 prio class 0
[   10.665989] Buffer I/O error on dev mtdblock0, logical block 14, async page read
[   10.665995] spi_master spi0: Failed to power device: -22
[   10.666001] blk_update_request: I/O error, dev mtdblock0, sector 15 op 0x0:(READ) flags 0x0 phys_seg 1 prio class 0
[   10.666005] Buffer I/O error on dev mtdblock0, logical block 15, async page read
[   10.666329] spi_master spi0: Failed to power device: -22
[   10.666337] blk_update_request: I/O error, dev mtdblock1, sector 10112 op 0x0:(READ) flags 0x80700 phys_seg 1 prio class 0
[   10.666380] spi_master spi0: Failed to power device: -22
[   10.666386] Buffer I/O error on dev mtdblock1, logical block 10112, async page read
[   10.666394] spi_master spi0: Failed to power device: -22
[   10.666399] Buffer I/O error on dev mtdblock1, logical block 10113, async page read
[   10.666406] spi_master spi0: Failed to power device: -22
[   10.666413] spi_master spi0: Failed to power device: -22
[   10.666421] spi_master spi0: Failed to power device: -22
[   10.666428] spi_master spi0: Failed to power device: -22
[   10.666435] spi_master spi0: Failed to power device: -22
[   10.666442] spi_master spi0: Failed to power device: -22
[   10.666677] spi_master spi0: Failed to power device: -22
[   10.666724] spi_master spi0: Failed to power device: -22
[   10.666733] spi_master spi0: Failed to power device: -22
[   10.666741] spi_master spi0: Failed to power device: -22
[   10.666748] spi_master spi0: Failed to power device: -22
[   10.666756] spi_master spi0: Failed to power device: -22
[   10.666763] spi_master spi0: Failed to power device: -22
[   10.666770] spi_master spi0: Failed to power device: -22
[   10.666777] spi_master spi0: Failed to power device: -22
[   10.667044] spi_master spi0: Failed to power device: -22
[   10.667088] spi_master spi0: Failed to power device: -22
[   10.667097] spi_master spi0: Failed to power device: -22
[   10.667105] spi_master spi0: Failed to power device: -22
[   10.667112] spi_master spi0: Failed to power device: -22
[   10.667119] spi_master spi0: Failed to power device: -22
[   10.667126] spi_master spi0: Failed to power device: -22
[   10.667134] spi_master spi0: Failed to power device: -22
[   10.667141] spi_master spi0: Failed to power device: -22
[   10.790693] EXT4-fs (mmcblk0p2): re-mounted. Opts: (null)
[   10.906907] systemd-journald[153]: Received request to flush runtime journal from PID 1
[   16.701366] macb ff0e0000.ethernet eth0: PHY [ff0e0000.ethernet-ffffffff:0c] driver [TI DP83867] (irq=POLL)
[   16.701378] macb ff0e0000.ethernet eth0: configuring for phy/rgmii-id link mode
[   17.019757] Adding 102396k swap on /var/swap.  Priority:-2 extents:4 across:9953604k SS
[   18.699732] random: crng init done
[   18.699743] random: 7 urandom warning(s) missed due to ratelimiting
[   19.577571] broken atomic modeset userspace detected, disabling atomic
[   19.777345] macb ff0e0000.ethernet eth0: Link is Up - 1Gbps/Full - flow control off
[   19.777368] IPv6: ADDRCONF(NETDEV_CHANGE): eth0: link becomes ready
[   22.239564] broken atomic modeset userspace detected, disabling atomic
[   25.158356] broken atomic modeset userspace detected, disabling atomic
[   27.780895] broken atomic modeset userspace detected, disabling atomic