[    0.000000] Booting Linux on physical CPU 0x0000000000 [0x410fd034]
[    0.000000] Linux version 5.10.0-98103-g2aa7ac113716 (jenkins@romlxbuild1.adlk.analog.com) (aarch64-xilinx-linux-gcc.real (GCC) 10.2.0, GNU ld (GNU Binutils) 2.35.0.20200730) #5577 SMP Wed Mar 23 07:28:49 GMT 2022
[    0.000000] Machine model: ZynqMP ZCU102 Rev1.0
[    0.000000] earlycon: cdns0 at MMIO 0x00000000ff000000 (options '115200n8')
[    0.000000] printk: bootconsole [cdns0] enabled
[    0.000000] efi: UEFI not found.
[    0.000000] cma: Reserved 256 MiB at 0x0000000070000000
[    0.000000] Zone ranges:
[    0.000000]   DMA      [mem 0x0000000000000000-0x000000003fffffff]
[    0.000000]   DMA32    [mem 0x0000000040000000-0x00000000ffffffff]
[    0.000000]   Normal   [mem 0x0000000100000000-0x000000087fffffff]
[    0.000000] Movable zone start for each node
[    0.000000] Early memory node ranges
[    0.000000]   node   0: [mem 0x0000000000000000-0x000000007fffffff]
[    0.000000]   node   0: [mem 0x0000000800000000-0x000000087fffffff]
[    0.000000] Initmem setup node 0 [mem 0x0000000000000000-0x000000087fffffff]
[    0.000000] On node 0 totalpages: 1048576
[    0.000000]   DMA zone: 3584 pages used for memmap
[    0.000000]   DMA zone: 0 pages reserved
[    0.000000]   DMA zone: 262144 pages, LIFO batch:63
[    0.000000]   DMA32 zone: 3584 pages used for memmap
[    0.000000]   DMA32 zone: 262144 pages, LIFO batch:63
[    0.000000]   Normal zone: 7168 pages used for memmap
[    0.000000]   Normal zone: 524288 pages, LIFO batch:63
[    0.000000] psci: probing for conduit method from DT.
[    0.000000] psci: PSCIv1.1 detected in firmware.
[    0.000000] psci: Using standard PSCI v0.2 function IDs
[    0.000000] psci: MIGRATE_INFO_TYPE not supported.
[    0.000000] psci: SMC Calling Convention v1.2
[    0.000000] percpu: Embedded 22 pages/cpu s49496 r8192 d32424 u90112
[    0.000000] pcpu-alloc: s49496 r8192 d32424 u90112 alloc=22*4096
[    0.000000] pcpu-alloc: [0] 0 [0] 1 [0] 2 [0] 3 
[    0.000000] Detected VIPT I-cache on CPU0
[    0.000000] CPU features: detected: ARM erratum 845719
[    0.000000] Built 1 zonelists, mobility grouping on.  Total pages: 1034240
[    0.000000] Kernel command line: console=ttyPS0,115200 root=/dev/mmcblk0p2 rw earlycon rootfstype=ext4 rootwait clk_ignore_unused cpuidle.off=1 root=/dev/mmcblk0p2 rw rootwait
[    0.000000] Dentry cache hash table entries: 524288 (order: 10, 4194304 bytes, linear)
[    0.000000] Inode-cache hash table entries: 262144 (order: 9, 2097152 bytes, linear)
[    0.000000] mem auto-init: stack:off, heap alloc:off, heap free:off
[    0.000000] software IO TLB: mapped [mem 0x000000003bfff000-0x000000003ffff000] (64MB)
[    0.000000] Memory: 3761904K/4194304K available (15296K kernel code, 1636K rwdata, 11876K rodata, 2560K init, 507K bss, 170256K reserved, 262144K cma-reserved)
[    0.000000] rcu: Hierarchical RCU implementation.
[    0.000000] rcu: 	RCU event tracing is enabled.
[    0.000000] rcu: 	RCU restricting CPUs from NR_CPUS=8 to nr_cpu_ids=4.
[    0.000000] rcu: RCU calculated value of scheduler-enlistment delay is 25 jiffies.
[    0.000000] rcu: Adjusting geometry for rcu_fanout_leaf=16, nr_cpu_ids=4
[    0.000000] NR_IRQS: 64, nr_irqs: 64, preallocated irqs: 0
[    0.000000] GIC: Adjusting CPU interface base to 0x00000000f902f000
[    0.000000] GIC: Using split EOI/Deactivate mode
[    0.000000] random: get_random_bytes called from start_kernel+0x31c/0x54c with crng_init=0
[    0.000000] arch_timer: cp15 timer(s) running at 100.00MHz (phys).
[    0.000000] clocksource: arch_sys_counter: mask: 0xffffffffffffff max_cycles: 0x171024e7e0, max_idle_ns: 440795205315 ns
[    0.000004] sched_clock: 56 bits at 100MHz, resolution 10ns, wraps every 4398046511100ns
[    0.008462] Console: colour dummy device 80x25
[    0.012483] Calibrating delay loop (skipped), value calculated using timer frequency.. 200.00 BogoMIPS (lpj=400000)
[    0.022840] pid_max: default: 32768 minimum: 301
[    0.027549] Mount-cache hash table entries: 8192 (order: 4, 65536 bytes, linear)
[    0.034789] Mountpoint-cache hash table entries: 8192 (order: 4, 65536 bytes, linear)
[    0.043396] rcu: Hierarchical SRCU implementation.
[    0.047561] EFI services will not be available.
[    0.051939] smp: Bringing up secondary CPUs ...
[    0.056655] Detected VIPT I-cache on CPU1
[    0.056695] CPU1: Booted secondary processor 0x0000000001 [0x410fd034]
[    0.057063] Detected VIPT I-cache on CPU2
[    0.057087] CPU2: Booted secondary processor 0x0000000002 [0x410fd034]
[    0.057425] Detected VIPT I-cache on CPU3
[    0.057448] CPU3: Booted secondary processor 0x0000000003 [0x410fd034]
[    0.057494] smp: Brought up 1 node, 4 CPUs
[    0.091780] SMP: Total of 4 processors activated.
[    0.096452] CPU features: detected: 32-bit EL0 Support
[    0.101555] CPU features: detected: CRC32 instructions
[    0.106697] CPU: All CPU(s) started at EL2
[    0.110736] alternatives: patching kernel code
[    0.116169] devtmpfs: initialized
[    0.124067] Registered cp15_barrier emulation handler
[    0.124118] Registered setend emulation handler
[    0.128099] clocksource: jiffies: mask: 0xffffffff max_cycles: 0xffffffff, max_idle_ns: 7645041785100000 ns
[    0.137679] futex hash table entries: 1024 (order: 4, 65536 bytes, linear)
[    0.151031] pinctrl core: initialized pinctrl subsystem
[    0.151675] NET: Registered protocol family 16
[    0.156104] DMA: preallocated 512 KiB GFP_KERNEL pool for atomic allocations
[    0.162115] DMA: preallocated 512 KiB GFP_KERNEL|GFP_DMA pool for atomic allocations
[    0.169843] DMA: preallocated 512 KiB GFP_KERNEL|GFP_DMA32 pool for atomic allocations
[    0.177644] audit: initializing netlink subsys (disabled)
[    0.183095] audit: type=2000 audit(0.116:1): state=initialized audit_enabled=0 res=1
[    0.183439] hw-breakpoint: found 6 breakpoint and 4 watchpoint registers.
[    0.197472] ASID allocator initialised with 65536 entries
[    0.224353] HugeTLB registered 1.00 GiB page size, pre-allocated 0 pages
[    0.225412] HugeTLB registered 32.0 MiB page size, pre-allocated 0 pages
[    0.232082] HugeTLB registered 2.00 MiB page size, pre-allocated 0 pages
[    0.238742] HugeTLB registered 64.0 KiB page size, pre-allocated 0 pages
[    1.304291] DRBG: Continuing without Jitter RNG
[    1.382144] raid6: neonx8   gen()  2145 MB/s
[    1.450191] raid6: neonx8   xor()  1599 MB/s
[    1.518240] raid6: neonx4   gen()  2196 MB/s
[    1.586296] raid6: neonx4   xor()  1566 MB/s
[    1.654360] raid6: neonx2   gen()  2075 MB/s
[    1.722407] raid6: neonx2   xor()  1441 MB/s
[    1.790469] raid6: neonx1   gen()  1772 MB/s
[    1.858528] raid6: neonx1   xor()  1220 MB/s
[    1.926576] raid6: int64x8  gen()  1438 MB/s
[    1.994634] raid6: int64x8  xor()   771 MB/s
[    2.062704] raid6: int64x4  gen()  1598 MB/s
[    2.130751] raid6: int64x4  xor()   817 MB/s
[    2.198821] raid6: int64x2  gen()  1397 MB/s
[    2.266870] raid6: int64x2  xor()   750 MB/s
[    2.334945] raid6: int64x1  gen()  1032 MB/s
[    2.403009] raid6: int64x1  xor()   517 MB/s
[    2.403047] raid6: using algorithm neonx4 gen() 2196 MB/s
[    2.407004] raid6: .... xor() 1566 MB/s, rmw enabled
[    2.411934] raid6: using neon recovery algorithm
[    2.416946] iommu: Default domain type: Translated 
[    2.421560] SCSI subsystem initialized
[    2.425104] libata version 3.00 loaded.
[    2.425227] usbcore: registered new interface driver usbfs
[    2.430561] usbcore: registered new interface driver hub
[    2.435832] usbcore: registered new device driver usb
[    2.440968] mc: Linux media interface: v0.10
[    2.445082] videodev: Linux video capture interface: v2.00
[    2.450573] EDAC MC: Ver: 3.0.0
[    2.454015] zynqmp-ipi-mbox mailbox@ff990400: Registered ZynqMP IPI mbox with TX/RX channels.
[    2.462537] jesd204: created con: id=0, topo=0, link=0, /axi/spi@ff050000/hmc7044@0 <-> /fpga-axi@0/axi-adxcvr-tx@84b60000
[    2.473103] jesd204: created con: id=1, topo=0, link=2, /axi/spi@ff050000/hmc7044@0 <-> /fpga-axi@0/axi-adxcvr-rx@84a60000
[    2.484087] jesd204: created con: id=2, topo=0, link=0, /fpga-axi@0/axi-adxcvr-tx@84b60000 <-> /fpga-axi@0/axi-jesd204-tx@84b90000
[    2.495763] jesd204: created con: id=3, topo=0, link=2, /fpga-axi@0/axi-adxcvr-rx@84a60000 <-> /fpga-axi@0/axi-jesd204-rx@84a90000
[    2.507440] jesd204: created con: id=4, topo=0, link=0, /fpga-axi@0/axi-jesd204-tx@84b90000 <-> /fpga-axi@0/axi-ad9081-tx-hpc@84b10000
[    2.519468] jesd204: created con: id=5, topo=0, link=2, /fpga-axi@0/axi-jesd204-rx@84a90000 <-> /fpga-axi@0/axi-ad9081-rx-hpc@84a10000
[    2.531491] jesd204: created con: id=6, topo=0, link=2, /fpga-axi@0/axi-ad9081-rx-hpc@84a10000 <-> /axi/spi@ff040000/ad9081@0
[    2.542732] jesd204: created con: id=7, topo=0, link=0, /fpga-axi@0/axi-ad9081-tx-hpc@84b10000 <-> /axi/spi@ff040000/ad9081@0
[    2.553982] jesd204: /axi/spi@ff040000/ad9081@0: JESD204[2] transition uninitialized -> initialized
[    2.562969] jesd204: /axi/spi@ff040000/ad9081@0: JESD204[0] transition uninitialized -> initialized
[    2.571960] jesd204: found 8 devices and 1 topologies
[    2.577004] FPGA manager framework
[    2.580483] Advanced Linux Sound Architecture Driver Initialized.
[    2.586774] Bluetooth: Core ver 2.22
[    2.589963] NET: Registered protocol family 31
[    2.594364] Bluetooth: HCI device and connection manager initialized
[    2.600681] Bluetooth: HCI socket layer initialized
[    2.605523] Bluetooth: L2CAP socket layer initialized
[    2.610546] Bluetooth: SCO socket layer initialized
[    2.615733] clocksource: Switched to clocksource arch_sys_counter
[    2.621540] VFS: Disk quotas dquot_6.6.0
[    2.625373] VFS: Dquot-cache hash table entries: 512 (order 0, 4096 bytes)
[    2.636097] NET: Registered protocol family 2
[    2.636818] tcp_listen_portaddr_hash hash table entries: 2048 (order: 3, 32768 bytes, linear)
[    2.645014] TCP established hash table entries: 32768 (order: 6, 262144 bytes, linear)
[    2.653039] TCP bind hash table entries: 32768 (order: 7, 524288 bytes, linear)
[    2.660484] TCP: Hash tables configured (established 32768 bind 32768)
[    2.666658] UDP hash table entries: 2048 (order: 4, 65536 bytes, linear)
[    2.673324] UDP-Lite hash table entries: 2048 (order: 4, 65536 bytes, linear)
[    2.680485] NET: Registered protocol family 1
[    2.684941] RPC: Registered named UNIX socket transport module.
[    2.690562] RPC: Registered udp transport module.
[    2.695226] RPC: Registered tcp transport module.
[    2.699896] RPC: Registered tcp NFSv4.1 backchannel transport module.
[    2.706885] PCI: CLS 0 bytes, default 64
[    2.710591] hw perfevents: no interrupt-affinity property for /pmu, guessing.
[    2.717447] hw perfevents: enabled with armv8_pmuv3 PMU driver, 7 counters available
[    2.725800] Initialise system trusted keyrings
[    2.729475] workingset: timestamp_bits=62 max_order=20 bucket_order=0
[    2.736380] NFS: Registering the id_resolver key type
[    2.740831] Key type id_resolver registered
[    2.744964] Key type id_legacy registered
[    2.748953] nfs4filelayout_init: NFSv4 File Layout Driver Registering...
[    2.755619] jffs2: version 2.2. (NAND) (SUMMARY)  Â© 2001-2006 Red Hat, Inc.
[    2.798231] NET: Registered protocol family 38
[    2.798273] xor: measuring software checksum speed
[    2.805960]    8regs           :  2363 MB/sec
[    2.809628]    32regs          :  2799 MB/sec
[    2.814573]    arm64_neon      :  2379 MB/sec
[    2.814761] xor: using function: 32regs (2799 MB/sec)
[    2.819787] Key type asymmetric registered
[    2.823848] Asymmetric key parser 'x509' registered
[    2.828709] Block layer SCSI generic (bsg) driver version 0.4 loaded (major 248)
[    2.836046] io scheduler mq-deadline registered
[    2.840542] io scheduler kyber registered
[    2.869954] Serial: 8250/16550 driver, 4 ports, IRQ sharing disabled
[    2.874604] cacheinfo: Unable to detect cache hierarchy for CPU 0
[    2.880943] brd: module loaded
[    2.885086] loop: module loaded
[    2.885633] Registered mathworks_ip class
[    2.888969] libphy: Fixed MDIO Bus: probed
[    2.891963] tun: Universal TUN/TAP device driver, 1.6
[    2.896007] CAN device driver interface
[    2.900544] usbcore: registered new interface driver asix
[    2.905138] usbcore: registered new interface driver ax88179_178a
[    2.911172] usbcore: registered new interface driver cdc_ether
[    2.916966] usbcore: registered new interface driver net1080
[    2.922592] usbcore: registered new interface driver cdc_subset
[    2.928472] usbcore: registered new interface driver zaurus
[    2.934016] usbcore: registered new interface driver cdc_ncm
[    2.940428] ehci_hcd: USB 2.0 'Enhanced' Host Controller (EHCI) Driver
[    2.946102] ehci-pci: EHCI PCI platform driver
[    2.950899] usbcore: registered new interface driver uas
[    2.955817] usbcore: registered new interface driver usb-storage
[    2.961806] usbcore: registered new interface driver usbserial_generic
[    2.968256] usbserial: USB Serial support registered for generic
[    2.974230] usbcore: registered new interface driver ftdi_sio
[    2.979933] usbserial: USB Serial support registered for FTDI USB Serial Device
[    2.987209] usbcore: registered new interface driver upd78f0730
[    2.993080] usbserial: USB Serial support registered for upd78f0730
[    3.000741] rtc_zynqmp ffa60000.rtc: registered as rtc0
[    3.004505] rtc_zynqmp ffa60000.rtc: setting system clock to 2022-04-12T20:26:38 UTC (1649795198)
[    3.013368] i2c /dev entries driver
[    3.018682] usbcore: registered new interface driver uvcvideo
[    3.022480] USB Video Class driver (1.1.1)
[    3.028063] Bluetooth: HCI UART driver ver 2.3
[    3.030952] Bluetooth: HCI UART protocol H4 registered
[    3.036061] Bluetooth: HCI UART protocol BCSP registered
[    3.041351] Bluetooth: HCI UART protocol LL registered
[    3.046439] Bluetooth: HCI UART protocol ATH3K registered
[    3.051813] Bluetooth: HCI UART protocol Three-wire (H5) registered
[    3.058069] Bluetooth: HCI UART protocol Intel registered
[    3.063405] Bluetooth: HCI UART protocol QCA registered
[    3.068608] usbcore: registered new interface driver bcm203x
[    3.074229] usbcore: registered new interface driver bpa10x
[    3.079764] usbcore: registered new interface driver bfusb
[    3.085214] usbcore: registered new interface driver btusb
[    3.090677] usbcore: registered new interface driver ath3k
[    3.096160] EDAC MC: ECC not enabled
[    3.099787] EDAC DEVICE0: Giving out device to module zynqmp-ocm-edac controller zynqmp_ocm: DEV ff960000.memory-controller (INTERRUPT)
[    3.112101] sdhci: Secure Digital Host Controller Interface driver
[    3.117888] sdhci: Copyright(c) Pierre Ossman
[    3.122213] sdhci-pltfm: SDHCI platform and OF driver helper
[    3.128263] ledtrig-cpu: registered to indicate activity on CPUs
[    3.133818] SMCCC: SOC_ID: ARCH_SOC_ID not implemented, skipping ....
[    3.140250] zynqmp_firmware_probe Platform Management API v1.1
[    3.146004] zynqmp_firmware_probe Trustzone version v1.0
[    3.185533] zynqmp-pinctrl firmware:zynqmp-firmware:pinctrl: zynqmp pinctrl initialized
[    3.233537] zynqmp-aes firmware:zynqmp-firmware:zynqmp-aes: will run requests pump with realtime priority
[    3.249361] alg: No test for xilinx-keccak-384 (zynqmp-keccak-384)
[    3.250067] alg: No test for xilinx-zynqmp-rsa (zynqmp-rsa)
[    3.255578] usbcore: registered new interface driver usbhid
[    3.260970] usbhid: USB HID core driver
[    3.272208] axi_sysid 85000000.axi-sysid-0: AXI System ID core version (1.01.a) found
[    3.274560] axi_sysid 85000000.axi-sysid-0: [ad9081_fmca_ebz] on [zcu102] git branch <master> git <084d44c9780640ca93fd847b1d9ec70dd65f5c67> clean [2022-03-18 04:17:50] UTC
[    3.290247] fpga_manager fpga0: Xilinx ZynqMP FPGA Manager registered
[    3.296612] usbcore: registered new interface driver snd-usb-audio
[    3.304047] pktgen: Packet Generator for packet performance testing. Version: 2.75
[    3.310226] Initializing XFRM netlink socket
[    3.314094] NET: Registered protocol family 10
[    3.318803] Segment Routing with IPv6
[    3.322189] sit: IPv6, IPv4 and MPLS over IPv4 tunneling driver
[    3.328257] NET: Registered protocol family 17
[    3.332361] NET: Registered protocol family 15
[    3.336856] can: controller area network core
[    3.341113] NET: Registered protocol family 29
[    3.345502] can: raw protocol
[    3.348438] can: broadcast manager protocol
[    3.352593] can: netlink gateway - max_hops=1
[    3.356987] Bluetooth: RFCOMM TTY layer initialized
[    3.361766] Bluetooth: RFCOMM socket layer initialized
[    3.366877] Bluetooth: RFCOMM ver 1.11
[    3.370585] Bluetooth: BNEP (Ethernet Emulation) ver 1.3
[    3.375856] Bluetooth: BNEP filters: protocol multicast
[    3.381050] Bluetooth: BNEP socket layer initialized
[    3.385977] Bluetooth: HIDP (Human Interface Emulation) ver 1.2
[    3.391861] Bluetooth: HIDP socket layer initialized
[    3.396916] 9pnet: Installing 9P2000 support
[    3.401039] NET: Registered protocol family 36
[    3.405455] Key type dns_resolver registered
[    3.409887] registered taskstats version 1
[    3.413751] Loading compiled-in X.509 certificates
[    3.418863] Btrfs loaded, crc32c=crc32c-generic
[    3.431257] ff000000.serial: ttyPS0 at MMIO 0xff000000 (irq = 49, base_baud = 6249999) is a xuartps
[    3.440277] printk: console [ttyPS0] enabled
[    3.444573] printk: bootconsole [cdns0] disabled
[    3.454204] ff010000.serial: ttyPS1 at MMIO 0xff010000 (irq = 50, base_baud = 6249999) is a xuartps
[    3.467431] of-fpga-region fpga-full: FPGA Region probed
[    3.474395] nwl-pcie fd0e0000.pcie: host bridge /axi/pcie@fd0e0000 ranges:
[    3.481294] nwl-pcie fd0e0000.pcie:      MEM 0x00e0000000..0x00efffffff -> 0x00e0000000
[    3.489302] nwl-pcie fd0e0000.pcie:      MEM 0x0600000000..0x07ffffffff -> 0x0600000000
[    3.497365] nwl-pcie fd0e0000.pcie: Link is DOWN
[    3.502123] nwl-pcie fd0e0000.pcie: PCI host bridge to bus 0000:00
[    3.508301] pci_bus 0000:00: root bus resource [bus 00-ff]
[    3.513782] pci_bus 0000:00: root bus resource [mem 0xe0000000-0xefffffff]
[    3.520652] pci_bus 0000:00: root bus resource [mem 0x600000000-0x7ffffffff pref]
[    3.528156] pci 0000:00:00.0: [10ee:d021] type 01 class 0x060400
[    3.534214] pci 0000:00:00.0: PME# supported from D0 D1 D2 D3hot
[    3.544657] pci 0000:00:00.0: PCI bridge to [bus 01-0c]
[    3.550632] xilinx-zynqmp-dma fd500000.dma: ZynqMP DMA driver Probe success
[    3.557809] xilinx-zynqmp-dma fd510000.dma: ZynqMP DMA driver Probe success
[    3.564986] xilinx-zynqmp-dma fd520000.dma: ZynqMP DMA driver Probe success
[    3.572153] xilinx-zynqmp-dma fd530000.dma: ZynqMP DMA driver Probe success
[    3.579320] xilinx-zynqmp-dma fd540000.dma: ZynqMP DMA driver Probe success
[    3.586489] xilinx-zynqmp-dma fd550000.dma: ZynqMP DMA driver Probe success
[    3.593660] xilinx-zynqmp-dma fd560000.dma: ZynqMP DMA driver Probe success
[    3.600829] xilinx-zynqmp-dma fd570000.dma: ZynqMP DMA driver Probe success
[    3.608228] xilinx-zynqmp-dpdma fd4c0000.dma-controller: Xilinx DPDMA engine is probed
[    3.616779] ahci-ceva fd0c0000.ahci: supply ahci not found, using dummy regulator
[    3.624316] ahci-ceva fd0c0000.ahci: supply phy not found, using dummy regulator
[    3.711910] hmc7044 spi2.0: PLL1: Acquisition, CLKIN0 @ 122880000 Hz, PFD: 80 kHz - PLL2: Locked @ 2730.000000 MHz
[    3.722625] jesd204: /axi/spi@ff050000/hmc7044@0,jesd204:1,parent=spi2.0: Using as SYSREF provider
[    3.732211] spi-nor spi0.0: SPI-NOR-UniqueID 100000235394732200270025081115266e
[    3.739519] spi-nor spi0.0: found n25q512a, expected m25p80
[    3.745728] spi-nor spi0.0: trying to lock already unlocked area
[    3.751731] spi-nor spi0.0: n25q512a (131072 Kbytes)
[    3.756714] 4 fixed-partitions partitions found on MTD device spi0.0
[    3.763061] Creating 4 MTD partitions on "spi0.0":
[    3.767847] 0x000000000000-0x000000100000 : "qspi-fsbl-uboot"
[    3.774335] 0x000000100000-0x000000600000 : "qspi-linux"
[    3.780292] 0x000000600000-0x000000620000 : "qspi-device-tree"
[    3.786765] 0x000000620000-0x000000c00000 : "qspi-rootfs"
[    3.795232] macb ff0e0000.ethernet: Not enabling partial store and forward
[    3.802759] libphy: MACB_mii_bus: probed
[    3.807814] macb ff0e0000.ethernet eth0: Cadence GEM rev 0x50070106 at 0xff0e0000 irq 30 (00:0a:35:04:8e:1b)
[    3.818027] xilinx-axipmon ffa00000.perf-monitor: Probed Xilinx APM
[    3.824610] xilinx-axipmon fd0b0000.perf-monitor: Probed Xilinx APM
[    3.831124] xilinx-axipmon fd490000.perf-monitor: Probed Xilinx APM
[    3.837666] xilinx-axipmon ffa10000.perf-monitor: Probed Xilinx APM
[    3.847690] pca953x 0-0020: supply vcc not found, using dummy regulator
[    3.854372] pca953x 0-0020: using no AI
[    3.858859] gpio-496 (sel0): hogged as output/low
[    3.863764] gpio-497 (sel1): hogged as output/high
[    3.868754] gpio-498 (sel2): hogged as output/high
[    3.873743] gpio-499 (sel3): hogged as output/high
[    3.878916] pca953x 0-0021: supply vcc not found, using dummy regulator
[    3.885583] pca953x 0-0021: using no AI
[    3.891357] ina2xx 2-0040: power monitor ina226 (Rshunt = 5000 uOhm)
[    3.898387] ina2xx 2-0041: power monitor ina226 (Rshunt = 5000 uOhm)
[    3.905427] ina2xx 2-0042: power monitor ina226 (Rshunt = 5000 uOhm)
[    3.912460] ina2xx 2-0043: power monitor ina226 (Rshunt = 5000 uOhm)
[    3.919486] ina2xx 2-0044: power monitor ina226 (Rshunt = 5000 uOhm)
[    3.926503] ina2xx 2-0045: power monitor ina226 (Rshunt = 5000 uOhm)
[    3.933534] ina2xx 2-0046: power monitor ina226 (Rshunt = 5000 uOhm)
[    3.940612] ina2xx 2-0047: power monitor ina226 (Rshunt = 5000 uOhm)
[    3.947637] ina2xx 2-004a: power monitor ina226 (Rshunt = 5000 uOhm)
[    3.954680] ina2xx 2-004b: power monitor ina226 (Rshunt = 5000 uOhm)
[    3.961087] i2c i2c-0: Added multiplexed i2c bus 2
[    3.966473] random: fast init done
[    3.969946] ina2xx 3-0040: power monitor ina226 (Rshunt = 2000 uOhm)
[    3.976972] ina2xx 3-0041: power monitor ina226 (Rshunt = 5000 uOhm)
[    3.984000] ina2xx 3-0042: power monitor ina226 (Rshunt = 5000 uOhm)
[    3.991035] ina2xx 3-0043: power monitor ina226 (Rshunt = 5000 uOhm)
[    3.998057] ina2xx 3-0044: power monitor ina226 (Rshunt = 5000 uOhm)
[    4.005083] ina2xx 3-0045: power monitor ina226 (Rshunt = 5000 uOhm)
[    4.012115] ina2xx 3-0046: power monitor ina226 (Rshunt = 5000 uOhm)
[    4.019147] ina2xx 3-0047: power monitor ina226 (Rshunt = 5000 uOhm)
[    4.025547] i2c i2c-0: Added multiplexed i2c bus 3
[    4.081484] i2c i2c-0: Added multiplexed i2c bus 4
[    4.086426] i2c i2c-0: Added multiplexed i2c bus 5
[    4.091215] pca954x 0-0075: registered 4 multiplexed busses for I2C mux pca9544
[    4.098566] cdns-i2c ff020000.i2c: 400 kHz mmio ff020000 irq 32
[    4.106296] at24 6-0054: supply vcc not found, using dummy regulator
[    4.113190] at24 6-0054: 1024 byte 24c08 EEPROM, writable, 1 bytes/write
[    4.119944] i2c i2c-1: Added multiplexed i2c bus 6
[    4.126376] si5341 7-0036: Chip: 5341 Grade: 1 Rev: 1
[    4.164085] i2c i2c-1: Added multiplexed i2c bus 7
[    4.171738] si570 8-005d: registered, current frequency 300000000 Hz
[    4.178142] i2c i2c-1: Added multiplexed i2c bus 8
[    4.197915] si570 9-005d: registered, current frequency 148500000 Hz
[    4.204313] i2c i2c-1: Added multiplexed i2c bus 9
[    4.209352] si5324 10-0069: si5328 probed
[    4.276091] si5324 10-0069: si5328 probe successful
[    4.281020] i2c i2c-1: Added multiplexed i2c bus 10
[    4.286046] i2c i2c-1: Added multiplexed i2c bus 11
[    4.291074] i2c i2c-1: Added multiplexed i2c bus 12
[    4.296096] i2c i2c-1: Added multiplexed i2c bus 13
[    4.300976] pca954x 1-0074: registered 8 multiplexed busses for I2C switch pca9548
[    4.309087] at24 14-0050: supply vcc not found, using dummy regulator
[    4.315873] at24 14-0050: 256 byte 24c02 EEPROM, writable, 1 bytes/write
[    4.322620] i2c i2c-1: Added multiplexed i2c bus 14
[    4.327659] i2c i2c-1: Added multiplexed i2c bus 15
[    4.332692] i2c i2c-1: Added multiplexed i2c bus 16
[    4.337728] i2c i2c-1: Added multiplexed i2c bus 17
[    4.342763] i2c i2c-1: Added multiplexed i2c bus 18
[    4.347808] i2c i2c-1: Added multiplexed i2c bus 19
[    4.352848] i2c i2c-1: Added multiplexed i2c bus 20
[    4.357882] i2c i2c-1: Added multiplexed i2c bus 21
[    4.362759] pca954x 1-0075: registered 8 multiplexed busses for I2C switch pca9548
[    4.370368] cdns-i2c ff030000.i2c: 400 kHz mmio ff030000 irq 33
[    4.380108] cdns-wdt fd4d0000.watchdog: Xilinx Watchdog Timer with timeout 60s
[    4.389161] axi_adxcvr 84a60000.axi-adxcvr-rx: adxcvr_enforce_settings: Using QPLL without access, assuming desired Lane rate will be configured by a different instance
[    4.405802] axi_adxcvr 84a60000.axi-adxcvr-rx: AXI-ADXCVR-RX (17.05.a) using QPLL on GTH4 at 0x84A60000. Number of lanes: 4.
[    4.417968] axi_adxcvr 84b60000.axi-adxcvr-tx: AXI-ADXCVR-TX (17.05.a) using QPLL on GTH4 at 0x84B60000. Number of lanes: 4.
[    4.421918] mmc0: SDHCI controller on ff170000.mmc [ff170000.mmc] using ADMA 64-bit
[    4.437116] axi-jesd204-rx 84a90000.axi-jesd204-rx: AXI-JESD204-RX (1.07.a) at 0x84A90000. Encoder 8b10b, width 4/4, lanes 4, jesd204-fsm.
[    4.449950] axi-jesd204-tx 84b90000.axi-jesd204-tx: AXI-JESD204-TX (1.06.a) at 0x84B90000. Encoder 8b10b, width 4/4, lanes 4, jesd204-fsm.
[    4.463457] zynqmp-display fd4a0000.display: vtc bridge property not present
[    4.469498] mmc0: new high speed SDHC card at address 0001
[    4.473109] xilinx-dp-snd-codec fd4a0000.display:zynqmp_dp_snd_codec0: Failed to get required clock freq
[    4.476342] mmcblk0: mmc0:0001 EB1QT 29.8 GiB 
[    4.485470] xilinx-dp-snd-codec: probe of fd4a0000.display:zynqmp_dp_snd_codec0 failed with error -22
[    4.491122]  mmcblk0: p1 p2 p3
[    4.499455] xilinx-dp-snd-pcm zynqmp_dp_snd_pcm0: Xilinx DisplayPort Sound PCM probed
[    4.510315] xilinx-dp-snd-pcm zynqmp_dp_snd_pcm1: Xilinx DisplayPort Sound PCM probed
[    4.518522] OF: graph: no port node found in /axi/display@fd4a0000
[    4.524929] xlnx-drm xlnx-drm.0: bound fd4a0000.display (ops 0xffffffc010fcbdb8)
[    5.611749] zynqmp-display fd4a0000.display: [drm] Cannot find any crtc or sizes
[    5.619369] [drm] Initialized xlnx 1.0.0 20130509 for fd4a0000.display on minor 0
[    5.626855] zynqmp-display fd4a0000.display: ZynqMP DisplayPort Subsystem driver probed
[    5.635169] ahci-ceva fd0c0000.ahci: supply ahci not found, using dummy regulator
[    5.642715] ahci-ceva fd0c0000.ahci: supply phy not found, using dummy regulator
[    5.650169] ahci-ceva fd0c0000.ahci: supply target not found, using dummy regulator
[    5.658007] ahci-ceva fd0c0000.ahci: AHCI 0001.0301 32 slots 2 ports 6 Gbps 0x3 impl platform mode
[    5.666963] ahci-ceva fd0c0000.ahci: flags: 64bit ncq sntf pm clo only pmp fbs pio slum part ccc sds apst 
[    5.677654] scsi host0: ahci-ceva
[    5.681254] scsi host1: ahci-ceva
[    5.684680] ata1: SATA max UDMA/133 mmio [mem 0xfd0c0000-0xfd0c1fff] port 0x100 irq 45
[    5.692594] ata2: SATA max UDMA/133 mmio [mem 0xfd0c0000-0xfd0c1fff] port 0x180 irq 45
[    5.701198] ad9081 spi1.0: supply vdd not found, using dummy regulator
[    6.013952] ata2: SATA link down (SStatus 0 SControl 330)
[    6.019358] ata1: SATA link down (SStatus 0 SControl 330)
[    6.695752] zynqmp-display fd4a0000.display: [drm] Cannot find any crtc or sizes
[    6.853441] ad9081 spi1.0: Invalid param passed., "ref_clk_hz < 100000000ULL" in adi_ad9081_device_clk_config_set(...), line554 in drivers/iio/adc/ad9081/adi_ad9081_device.c
[    7.539636] ad9081 spi1.0: AD9081 Rev. 2 Grade 10 (API 1.2.2) probed
[    7.546824] xhci-hcd xhci-hcd.1.auto: xHCI Host Controller
[    7.552311] xhci-hcd xhci-hcd.1.auto: new USB bus registered, assigned bus number 1
[    7.560058] xhci-hcd xhci-hcd.1.auto: hcc params 0x0238f625 hci version 0x100 quirks 0x0000000002010810
[    7.569471] xhci-hcd xhci-hcd.1.auto: irq 59, io mem 0xfe200000
[    7.575577] usb usb1: New USB device found, idVendor=1d6b, idProduct=0002, bcdDevice= 5.10
[    7.583840] usb usb1: New USB device strings: Mfr=3, Product=2, SerialNumber=1
[    7.591057] usb usb1: Product: xHCI Host Controller
[    7.595926] usb usb1: Manufacturer: Linux 5.10.0-98103-g2aa7ac113716 xhci-hcd
[    7.603054] usb usb1: SerialNumber: xhci-hcd.1.auto
[    7.608221] hub 1-0:1.0: USB hub found
[    7.611986] hub 1-0:1.0: 1 port detected
[    7.616094] xhci-hcd xhci-hcd.1.auto: xHCI Host Controller
[    7.621582] xhci-hcd xhci-hcd.1.auto: new USB bus registered, assigned bus number 2
[    7.629234] xhci-hcd xhci-hcd.1.auto: Host supports USB 3.0 SuperSpeed
[    7.635856] usb usb2: New USB device found, idVendor=1d6b, idProduct=0003, bcdDevice= 5.10
[    7.644119] usb usb2: New USB device strings: Mfr=3, Product=2, SerialNumber=1
[    7.651337] usb usb2: Product: xHCI Host Controller
[    7.656207] usb usb2: Manufacturer: Linux 5.10.0-98103-g2aa7ac113716 xhci-hcd
[    7.663332] usb usb2: SerialNumber: xhci-hcd.1.auto
[    7.668440] hub 2-0:1.0: USB hub found
[    7.672205] hub 2-0:1.0: 1 port detected
[    7.702266] cf_axi_adc 84a10000.axi-ad9081-rx-hpc: ADI AIM (10.01.b) at 0x84A10000 mapped to 0x(____ptrval____), probed ADC AD9081 as MASTER
[    7.732574] cf_axi_dds 84b10000.axi-ad9081-tx-hpc: Analog Devices CF_AXI_DDS_DDS MASTER (9.01.b) at 0x84B10000 mapped to 0x(____ptrval____), probed DDS AD9081
[    7.746767] jesd204: /axi/spi@ff040000/ad9081@0,jesd204:0,parent=spi1.0: JESD204[2] transition initialized -> probed
[    7.757284] jesd204: /axi/spi@ff040000/ad9081@0,jesd204:0,parent=spi1.0: JESD204[0] transition initialized -> probed
[    7.767808] jesd204: /axi/spi@ff040000/ad9081@0,jesd204:0,parent=spi1.0: JESD204[2] transition probed -> idle
[    7.777715] jesd204: /axi/spi@ff040000/ad9081@0,jesd204:0,parent=spi1.0: JESD204[0] transition probed -> idle
[    7.787633] jesd204: /axi/spi@ff040000/ad9081@0,jesd204:0,parent=spi1.0: JESD204[2] transition idle -> device_init
[    7.797974] jesd204: /axi/spi@ff040000/ad9081@0,jesd204:0,parent=spi1.0: JESD204[0] transition idle -> device_init
[    7.808325] jesd204: /axi/spi@ff040000/ad9081@0,jesd204:0,parent=spi1.0: JESD204[2] transition device_init -> link_init
[    7.819103] jesd204: /axi/spi@ff040000/ad9081@0,jesd204:0,parent=spi1.0: JESD204[0] transition device_init -> link_init
[    7.829894] jesd204: /axi/spi@ff040000/ad9081@0,jesd204:0,parent=spi1.0: JESD204[2] transition link_init -> link_supported
[    7.840931] jesd204: /axi/spi@ff040000/ad9081@0,jesd204:0,parent=spi1.0: JESD204[0] transition link_init -> link_supported
[    7.852339] hmc7044 spi2.0: hmc7044_jesd204_link_pre_setup: Link2 forcing continuous SYSREF mode
[    7.861554] jesd204: /axi/spi@ff040000/ad9081@0,jesd204:0,parent=spi1.0: JESD204[2] transition link_supported -> link_pre_setup
[    7.873032] jesd204: /axi/spi@ff040000/ad9081@0,jesd204:0,parent=spi1.0: JESD204[0] transition link_supported -> link_pre_setup
[    7.896810] jesd204: /axi/spi@ff040000/ad9081@0,jesd204:0,parent=spi1.0: JESD204[2] transition link_pre_setup -> clk_sync_stage1
[    7.908383] jesd204: /axi/spi@ff040000/ad9081@0,jesd204:0,parent=spi1.0: JESD204[0] transition link_pre_setup -> clk_sync_stage1
[    7.919950] jesd204: /axi/spi@ff040000/ad9081@0,jesd204:0,parent=spi1.0: JESD204[2] transition clk_sync_stage1 -> clk_sync_stage2
[    7.931594] jesd204: /axi/spi@ff040000/ad9081@0,jesd204:0,parent=spi1.0: JESD204[0] transition clk_sync_stage1 -> clk_sync_stage2
[    7.943246] jesd204: /axi/spi@ff040000/ad9081@0,jesd204:0,parent=spi1.0: JESD204[2] transition clk_sync_stage2 -> clk_sync_stage3
[    7.954890] jesd204: /axi/spi@ff040000/ad9081@0,jesd204:0,parent=spi1.0: JESD204[0] transition clk_sync_stage2 -> clk_sync_stage3
[    7.968620] jesd204: /axi/spi@ff040000/ad9081@0,jesd204:0,parent=spi1.0: JESD204[2] transition clk_sync_stage3 -> link_setup
[    7.979841] jesd204: /axi/spi@ff040000/ad9081@0,jesd204:0,parent=spi1.0: JESD204[0] transition clk_sync_stage3 -> link_setup
[    7.995828] jesd204: /axi/spi@ff040000/ad9081@0,jesd204:0,parent=spi1.0: JESD204[2] transition link_setup -> opt_setup_stage1
[    8.007129] jesd204: /axi/spi@ff040000/ad9081@0,jesd204:0,parent=spi1.0: JESD204[0] transition link_setup -> opt_setup_stage1
[    8.023469] jesd204: /axi/spi@ff040000/ad9081@0,jesd204:0,parent=spi1.0: JESD204[2] transition opt_setup_stage1 -> opt_setup_stage2
[    8.035297] jesd204: /axi/spi@ff040000/ad9081@0,jesd204:0,parent=spi1.0: JESD204[0] transition opt_setup_stage1 -> opt_setup_stage2
[    8.047268] jesd204: /axi/spi@ff040000/ad9081@0,jesd204:0,parent=spi1.0: JESD204[2] transition opt_setup_stage2 -> opt_setup_stage3
[    8.059088] jesd204: /axi/spi@ff040000/ad9081@0,jesd204:0,parent=spi1.0: JESD204[0] transition opt_setup_stage2 -> opt_setup_stage3
[    8.070917] jesd204: /axi/spi@ff040000/ad9081@0,jesd204:0,parent=spi1.0: JESD204[2] transition opt_setup_stage3 -> opt_setup_stage4
[    8.082739] jesd204: /axi/spi@ff040000/ad9081@0,jesd204:0,parent=spi1.0: JESD204[0] transition opt_setup_stage3 -> opt_setup_stage4
[    8.094566] jesd204: /axi/spi@ff040000/ad9081@0,jesd204:0,parent=spi1.0: JESD204[2] transition opt_setup_stage4 -> opt_setup_stage5
[    8.106388] jesd204: /axi/spi@ff040000/ad9081@0,jesd204:0,parent=spi1.0: JESD204[0] transition opt_setup_stage4 -> opt_setup_stage5
[    8.124323] jesd204: /axi/spi@ff040000/ad9081@0,jesd204:0,parent=spi1.0: JESD204[2] transition opt_setup_stage5 -> clocks_enable
[    8.135888] jesd204: /axi/spi@ff040000/ad9081@0,jesd204:0,parent=spi1.0: JESD204[0] transition opt_setup_stage5 -> clocks_enable
[    8.147510] jesd204: /axi/spi@ff040000/ad9081@0,jesd204:0,parent=spi1.0: JESD204[2] transition clocks_enable -> link_enable
[    8.158639] jesd204: /axi/spi@ff040000/ad9081@0,jesd204:0,parent=spi1.0: JESD204[0] transition clocks_enable -> link_enable
[    8.191971] ad9081 spi1.0: JESD RX (JTX) Link2 in DATA, SYNC deasserted, PLL locked, PHASE established, MODE valid
[    8.202573] ad9081 spi1.0: JESD TX (JRX) Link0 0xF lanes in DATA
[    8.208584] jesd204: /axi/spi@ff040000/ad9081@0,jesd204:0,parent=spi1.0: JESD204[2] transition link_enable -> link_running
[    8.219622] jesd204: /axi/spi@ff040000/ad9081@0,jesd204:0,parent=spi1.0: JESD204[0] transition link_enable -> link_running
[    8.230672] jesd204: /axi/spi@ff040000/ad9081@0,jesd204:0,parent=spi1.0: JESD204[2] transition link_running -> opt_post_running_stage
[    8.242668] jesd204: /axi/spi@ff040000/ad9081@0,jesd204:0,parent=spi1.0: JESD204[0] transition link_running -> opt_post_running_stage
[    8.263897] input: gpio-keys as /devices/platform/gpio-keys/input/input0
[    8.270912] of_cfs_init
[    8.273378] of_cfs_init: OK
[    8.276330] cfg80211: Loading compiled-in X.509 certificates for regulatory database
[    8.414473] cfg80211: Loaded X.509 cert 'sforshee: 00b28ddf47aef9cea7'
[    8.421000] clk: Not disabling unused clocks
[    8.425531] ALSA device list:
[    8.428491]   No soundcards found.
[    8.432156] platform regulatory.0: Direct firmware load for regulatory.db failed with error -2
[    8.440764] cfg80211: failed to load regulatory.db
[    8.455984] EXT4-fs (mmcblk0p2): mounted filesystem with ordered data mode. Opts: (null)
[    8.464100] VFS: Mounted root (ext4 filesystem) on device 179:2.
[    8.477224] devtmpfs: mounted
[    8.481036] Freeing unused kernel memory: 2560K
[    8.485651] Run /sbin/init as init process
[    8.489739]   with arguments:
[    8.489741]     /sbin/init
[    8.489743]   with environment:
[    8.489746]     HOME=/
[    8.489748]     TERM=linux
[    9.054136] systemd[1]: systemd 241 running in system mode. (+PAM +AUDIT +SELINUX +IMA +APPARMOR +SMACK +SYSVINIT +UTMP +LIBCRYPTSETUP +GCRYPT +GNUTLS +ACL +XZ +LZ4 +SECCOMP +BLKID +ELFUTILS +KMOD -IDN2 +IDN -PCRE2 default-hierarchy=hybrid)
[    9.076004] systemd[1]: Detected architecture arm64.
[    9.100451] systemd[1]: Set hostname to <analog>.
[    9.283594] systemd[1]: File /lib/systemd/system/systemd-journald.service:12 configures an IP firewall (IPAddressDeny=any), but the local system does not support BPF/cgroup based firewalling.
[    9.300643] systemd[1]: Proceeding WITHOUT firewalling in effect! (This warning is only shown for the first loaded unit using IP firewalling.)
[    9.463814] systemd[1]: /etc/systemd/system/tof-server.service:1: Assignment outside of section. Ignoring.
[    9.473504] systemd[1]: /etc/systemd/system/tof-server.service:2: Assignment outside of section. Ignoring.
[    9.656125] random: systemd: uninitialized urandom read (16 bytes read)
[    9.670738] random: systemd: uninitialized urandom read (16 bytes read)
[    9.677777] systemd[1]: Created slice User and Session Slice.
[    9.699814] random: systemd: uninitialized urandom read (16 bytes read)
[    9.706456] systemd[1]: Reached target Slices.
[    9.720093] systemd[1]: Listening on Syslog Socket.
[   10.337931] ------------[ cut here ]------------
[   10.337940] Enabling unprepared \xa0\xc9Q\x88\xff\xff\xffPQ\x88\xff\xff\xff
[   10.337987] WARNING: CPU: 0 PID: 113 at drivers/clk/clk.c:1012 clk_core_enable+0xa4/0xc0
[   10.337990] Modules linked in:
[   10.338000] CPU: 0 PID: 113 Comm: kworker/0:1H Not tainted 5.10.0-98103-g2aa7ac113716 #5577
[   10.338003] Hardware name: ZynqMP ZCU102 Rev1.0 (DT)
[   10.338012] Workqueue: kblockd blk_mq_run_work_fn
[   10.338020] pstate: 80000085 (Nzcv daIf -PAN -UAO -TCO BTYPE=--)
[   10.338025] pc : clk_core_enable+0xa4/0xc0
[   10.338030] lr : clk_core_enable+0xa4/0xc0
[   10.338033] sp : ffffffc0125eb2d0
[   10.338036] x29: ffffffc0125eb2d0 x28: ffffff8800330c10 
[   10.338043] x27: ffffff8800330d48 x26: 0000005000000101 
[   10.338049] x25: 00000002623ea1ac x24: 0000000000000001 
[   10.338056] x23: ffffff88010e9380 x22: ffffff8801083220 
[   10.338063] x21: ffffff8801515000 x20: ffffff8801515008 
[   10.338069] x19: ffffff8801515008 x18: 0000000000000030 
[   10.338075] x17: 00003d05ddf16d38 x16: 000000000000000e 
[   10.338082] x15: ffffffffffff87b0 x14: ffffffc011d3b1a0 
[   10.338088] x13: ffffffc011d3b1c8 x12: 00000000000005eb 
[   10.338095] x11: 00000000000001f9 x10: ffffffc011d671c8 
[   10.338101] x9 : 00000000fffff800 x8 : ffffffc011d3b1c8 
[   10.338108] x7 : ffffffc011d671c8 x6 : 0000000000000001 
[   10.338114] x5 : ffffff887f7669e0 x4 : 0000000000000000 
[   10.338120] x3 : 0000000000000027 x2 : 0000000000000023 
[   10.338127] x1 : de769e816c1bac00 x0 : 0000000000000000 
[   10.338133] Call trace:
[   10.338140]  clk_core_enable+0xa4/0xc0
[   10.338145]  clk_enable+0x2c/0x60
[   10.338151]  zynqmp_runtime_resume+0x24/0x84
[   10.338158]  pm_generic_runtime_resume+0x30/0x50
[   10.338164]  __genpd_runtime_resume+0x30/0xb0
[   10.338170]  genpd_runtime_resume+0x90/0x250
[   10.338176]  __rpm_callback+0x10c/0x1e0
[   10.338181]  rpm_callback+0x5c/0x84
[   10.338186]  rpm_resume+0x4a4/0x74c
[   10.338191]  __pm_runtime_resume+0x78/0xc4
[   10.338196]  spi_mem_access_start.isra.0+0x30/0x80
[   10.338201]  spi_mem_exec_op+0x3b0/0x424
[   10.338205]  spi_nor_read_sr+0x78/0xe0
[   10.338210]  spi_nor_wait_till_ready_with_timeout+0xb4/0x2f0
[   10.338215]  spi_nor_read+0x188/0x380
[   10.338220]  mtd_read_oob_std+0x78/0x84
[   10.338225]  mtd_read_oob+0x7c/0x134
[   10.338229]  mtd_read+0x48/0x7c
[   10.338235]  mtdblock_readsect+0x6c/0x150
[   10.338240]  mtd_queue_rq+0x2cc/0x5a0
[   10.338246]  blk_mq_dispatch_rq_list+0x110/0x790
[   10.338252]  __blk_mq_do_dispatch_sched+0x200/0x274
[   10.338257]  __blk_mq_sched_dispatch_requests+0x1a8/0x1fc
[   10.338263]  blk_mq_sched_dispatch_requests+0x3c/0x7c
[   10.338268]  __blk_mq_run_hw_queue+0x98/0x100
[   10.338272]  blk_mq_run_work_fn+0x24/0x30
[   10.338278]  process_one_work+0x1d4/0x380
[   10.338282]  worker_thread+0x78/0x4e0
[   10.338287]  kthread+0x124/0x130
[   10.338293]  ret_from_fork+0x10/0x3c
[   10.338296] ---[ end trace 26eb6d9cd6a57ff3 ]---
[   10.338304] zynqmp-qspi ff0f0000.spi: Cannot enable APB clock.
[   10.338353] spi_master spi0: Failed to power device: -108
[   10.338363] blk_update_request: I/O error, dev mtdblock0, sector 8 op 0x0:(READ) flags 0x80700 phys_seg 1 prio class 0
[   10.338430] spi_master spi0: Failed to power device: -22
[   10.338437] blk_update_request: I/O error, dev mtdblock0, sector 8 op 0x0:(READ) flags 0x0 phys_seg 8 prio class 0
[   10.338442] Buffer I/O error on dev mtdblock0, logical block 8, async page read
[   10.338452] spi_master spi0: Failed to power device: -22
[   10.338457] blk_update_request: I/O error, dev mtdblock0, sector 9 op 0x0:(READ) flags 0x0 phys_seg 7 prio class 0
[   10.338461] Buffer I/O error on dev mtdblock0, logical block 9, async page read
[   10.338469] spi_master spi0: Failed to power device: -22
[   10.338474] blk_update_request: I/O error, dev mtdblock0, sector 10 op 0x0:(READ) flags 0x0 phys_seg 6 prio class 0
[   10.338478] Buffer I/O error on dev mtdblock0, logical block 10, async page read
[   10.338485] spi_master spi0: Failed to power device: -22
[   10.338491] blk_update_request: I/O error, dev mtdblock0, sector 11 op 0x0:(READ) flags 0x0 phys_seg 5 prio class 0
[   10.338495] Buffer I/O error on dev mtdblock0, logical block 11, async page read
[   10.338502] spi_master spi0: Failed to power device: -22
[   10.338507] blk_update_request: I/O error, dev mtdblock0, sector 12 op 0x0:(READ) flags 0x0 phys_seg 4 prio class 0
[   10.338511] Buffer I/O error on dev mtdblock0, logical block 12, async page read
[   10.338518] spi_master spi0: Failed to power device: -22
[   10.338523] blk_update_request: I/O error, dev mtdblock0, sector 13 op 0x0:(READ) flags 0x0 phys_seg 3 prio class 0
[   10.338527] Buffer I/O error on dev mtdblock0, logical block 13, async page read
[   10.338534] spi_master spi0: Failed to power device: -22
[   10.338539] blk_update_request: I/O error, dev mtdblock0, sector 14 op 0x0:(READ) flags 0x0 phys_seg 2 prio class 0
[   10.338543] Buffer I/O error on dev mtdblock0, logical block 14, async page read
[   10.338549] spi_master spi0: Failed to power device: -22
[   10.338555] blk_update_request: I/O error, dev mtdblock0, sector 15 op 0x0:(READ) flags 0x0 phys_seg 1 prio class 0
[   10.338559] Buffer I/O error on dev mtdblock0, logical block 15, async page read
[   10.338861] spi_master spi0: Failed to power device: -22
[   10.338869] blk_update_request: I/O error, dev mtdblock1, sector 10112 op 0x0:(READ) flags 0x80700 phys_seg 1 prio class 0
[   10.338912] spi_master spi0: Failed to power device: -22
[   10.338918] Buffer I/O error on dev mtdblock1, logical block 10112, async page read
[   10.338926] spi_master spi0: Failed to power device: -22
[   10.338930] Buffer I/O error on dev mtdblock1, logical block 10113, async page read
[   10.338938] spi_master spi0: Failed to power device: -22
[   10.338945] spi_master spi0: Failed to power device: -22
[   10.338953] spi_master spi0: Failed to power device: -22
[   10.338960] spi_master spi0: Failed to power device: -22
[   10.338967] spi_master spi0: Failed to power device: -22
[   10.338974] spi_master spi0: Failed to power device: -22
[   10.339231] spi_master spi0: Failed to power device: -22
[   10.339275] spi_master spi0: Failed to power device: -22
[   10.339285] spi_master spi0: Failed to power device: -22
[   10.339293] spi_master spi0: Failed to power device: -22
[   10.339300] spi_master spi0: Failed to power device: -22
[   10.339307] spi_master spi0: Failed to power device: -22
[   10.339315] spi_master spi0: Failed to power device: -22
[   10.339322] spi_master spi0: Failed to power device: -22
[   10.339329] spi_master spi0: Failed to power device: -22
[   10.339591] spi_master spi0: Failed to power device: -22
[   10.339635] spi_master spi0: Failed to power device: -22
[   10.339644] spi_master spi0: Failed to power device: -22
[   10.339652] spi_master spi0: Failed to power device: -22
[   10.339660] spi_master spi0: Failed to power device: -22
[   10.339667] spi_master spi0: Failed to power device: -22
[   10.339674] spi_master spi0: Failed to power device: -22
[   10.339681] spi_master spi0: Failed to power device: -22
[   10.339688] spi_master spi0: Failed to power device: -22
[   10.467083] EXT4-fs (mmcblk0p2): re-mounted. Opts: (null)
[   10.596689] systemd-journald[168]: Received request to flush runtime journal from PID 1
[   16.505275] macb ff0e0000.ethernet eth0: PHY [ff0e0000.ethernet-ffffffff:0c] driver [TI DP83867] (irq=POLL)
[   16.505288] macb ff0e0000.ethernet eth0: configuring for phy/rgmii-id link mode
[   16.767774] Adding 102396k swap on /var/swap.  Priority:-2 extents:4 across:9953604k SS
[   18.423760] random: crng init done
[   18.423771] random: 7 urandom warning(s) missed due to ratelimiting
[   19.308690] broken atomic modeset userspace detected, disabling atomic
[   19.585377] macb ff0e0000.ethernet eth0: Link is Up - 1Gbps/Full - flow control off
[   19.585401] IPv6: ADDRCONF(NETDEV_CHANGE): eth0: link becomes ready
[   21.979235] broken atomic modeset userspace detected, disabling atomic
[   24.886780] broken atomic modeset userspace detected, disabling atomic