[    0.000000] Booting Linux on physical CPU 0x0000000000 [0x410fd034]
[    0.000000] Linux version 5.10.0-98103-g2aa7ac113716 (jenkins@romlxbuild1.adlk.analog.com) (aarch64-xilinx-linux-gcc.real (GCC) 10.2.0, GNU ld (GNU Binutils) 2.35.0.20200730) #5577 SMP Wed Mar 23 07:28:49 GMT 2022
[    0.000000] Machine model: ZynqMP ZCU102 Rev1.0
[    0.000000] earlycon: cdns0 at MMIO 0x00000000ff000000 (options '115200n8')
[    0.000000] printk: bootconsole [cdns0] enabled
[    0.000000] efi: UEFI not found.
[    0.000000] cma: Reserved 256 MiB at 0x0000000070000000
[    0.000000] Zone ranges:
[    0.000000]   DMA      [mem 0x0000000000000000-0x000000003fffffff]
[    0.000000]   DMA32    [mem 0x0000000040000000-0x00000000ffffffff]
[    0.000000]   Normal   [mem 0x0000000100000000-0x000000087fffffff]
[    0.000000] Movable zone start for each node
[    0.000000] Early memory node ranges
[    0.000000]   node   0: [mem 0x0000000000000000-0x000000007fffffff]
[    0.000000]   node   0: [mem 0x0000000800000000-0x000000087fffffff]
[    0.000000] Initmem setup node 0 [mem 0x0000000000000000-0x000000087fffffff]
[    0.000000] On node 0 totalpages: 1048576
[    0.000000]   DMA zone: 3584 pages used for memmap
[    0.000000]   DMA zone: 0 pages reserved
[    0.000000]   DMA zone: 262144 pages, LIFO batch:63
[    0.000000]   DMA32 zone: 3584 pages used for memmap
[    0.000000]   DMA32 zone: 262144 pages, LIFO batch:63
[    0.000000]   Normal zone: 7168 pages used for memmap
[    0.000000]   Normal zone: 524288 pages, LIFO batch:63
[    0.000000] psci: probing for conduit method from DT.
[    0.000000] psci: PSCIv1.1 detected in firmware.
[    0.000000] psci: Using standard PSCI v0.2 function IDs
[    0.000000] psci: MIGRATE_INFO_TYPE not supported.
[    0.000000] psci: SMC Calling Convention v1.2
[    0.000000] percpu: Embedded 22 pages/cpu s49496 r8192 d32424 u90112
[    0.000000] pcpu-alloc: s49496 r8192 d32424 u90112 alloc=22*4096
[    0.000000] pcpu-alloc: [0] 0 [0] 1 [0] 2 [0] 3 
[    0.000000] Detected VIPT I-cache on CPU0
[    0.000000] CPU features: detected: ARM erratum 845719
[    0.000000] Built 1 zonelists, mobility grouping on.  Total pages: 1034240
[    0.000000] Kernel command line: console=ttyPS0,115200 root=/dev/mmcblk0p2 rw earlycon rootfstype=ext4 rootwait clk_ignore_unused cpuidle.off=1 root=/dev/mmcblk0p2 rw rootwait
[    0.000000] Dentry cache hash table entries: 524288 (order: 10, 4194304 bytes, linear)
[    0.000000] Inode-cache hash table entries: 262144 (order: 9, 2097152 bytes, linear)
[    0.000000] mem auto-init: stack:off, heap alloc:off, heap free:off
[    0.000000] software IO TLB: mapped [mem 0x000000003bfff000-0x000000003ffff000] (64MB)
[    0.000000] Memory: 3761904K/4194304K available (15296K kernel code, 1636K rwdata, 11876K rodata, 2560K init, 507K bss, 170256K reserved, 262144K cma-reserved)
[    0.000000] rcu: Hierarchical RCU implementation.
[    0.000000] rcu: 	RCU event tracing is enabled.
[    0.000000] rcu: 	RCU restricting CPUs from NR_CPUS=8 to nr_cpu_ids=4.
[    0.000000] rcu: RCU calculated value of scheduler-enlistment delay is 25 jiffies.
[    0.000000] rcu: Adjusting geometry for rcu_fanout_leaf=16, nr_cpu_ids=4
[    0.000000] NR_IRQS: 64, nr_irqs: 64, preallocated irqs: 0
[    0.000000] GIC: Adjusting CPU interface base to 0x00000000f902f000
[    0.000000] GIC: Using split EOI/Deactivate mode
[    0.000000] random: get_random_bytes called from start_kernel+0x31c/0x54c with crng_init=0
[    0.000000] arch_timer: cp15 timer(s) running at 100.00MHz (phys).
[    0.000000] clocksource: arch_sys_counter: mask: 0xffffffffffffff max_cycles: 0x171024e7e0, max_idle_ns: 440795205315 ns
[    0.000003] sched_clock: 56 bits at 100MHz, resolution 10ns, wraps every 4398046511100ns
[    0.008462] Console: colour dummy device 80x25
[    0.012483] Calibrating delay loop (skipped), value calculated using timer frequency.. 200.00 BogoMIPS (lpj=400000)
[    0.022841] pid_max: default: 32768 minimum: 301
[    0.027548] Mount-cache hash table entries: 8192 (order: 4, 65536 bytes, linear)
[    0.034789] Mountpoint-cache hash table entries: 8192 (order: 4, 65536 bytes, linear)
[    0.043397] rcu: Hierarchical SRCU implementation.
[    0.047561] EFI services will not be available.
[    0.051938] smp: Bringing up secondary CPUs ...
[    0.056656] Detected VIPT I-cache on CPU1
[    0.056695] CPU1: Booted secondary processor 0x0000000001 [0x410fd034]
[    0.057061] Detected VIPT I-cache on CPU2
[    0.057085] CPU2: Booted secondary processor 0x0000000002 [0x410fd034]
[    0.057424] Detected VIPT I-cache on CPU3
[    0.057447] CPU3: Booted secondary processor 0x0000000003 [0x410fd034]
[    0.057494] smp: Brought up 1 node, 4 CPUs
[    0.091780] SMP: Total of 4 processors activated.
[    0.096452] CPU features: detected: 32-bit EL0 Support
[    0.101556] CPU features: detected: CRC32 instructions
[    0.106697] CPU: All CPU(s) started at EL2
[    0.110736] alternatives: patching kernel code
[    0.116168] devtmpfs: initialized
[    0.124065] Registered cp15_barrier emulation handler
[    0.124115] Registered setend emulation handler
[    0.128093] clocksource: jiffies: mask: 0xffffffff max_cycles: 0xffffffff, max_idle_ns: 7645041785100000 ns
[    0.137670] futex hash table entries: 1024 (order: 4, 65536 bytes, linear)
[    0.151039] pinctrl core: initialized pinctrl subsystem
[    0.151686] NET: Registered protocol family 16
[    0.156109] DMA: preallocated 512 KiB GFP_KERNEL pool for atomic allocations
[    0.162124] DMA: preallocated 512 KiB GFP_KERNEL|GFP_DMA pool for atomic allocations
[    0.169851] DMA: preallocated 512 KiB GFP_KERNEL|GFP_DMA32 pool for atomic allocations
[    0.177654] audit: initializing netlink subsys (disabled)
[    0.183103] audit: type=2000 audit(0.116:1): state=initialized audit_enabled=0 res=1
[    0.183451] hw-breakpoint: found 6 breakpoint and 4 watchpoint registers.
[    0.197480] ASID allocator initialised with 65536 entries
[    0.224339] HugeTLB registered 1.00 GiB page size, pre-allocated 0 pages
[    0.225395] HugeTLB registered 32.0 MiB page size, pre-allocated 0 pages
[    0.232065] HugeTLB registered 2.00 MiB page size, pre-allocated 0 pages
[    0.238725] HugeTLB registered 64.0 KiB page size, pre-allocated 0 pages
[    1.304242] DRBG: Continuing without Jitter RNG
[    1.382120] raid6: neonx8   gen()  2141 MB/s
[    1.450173] raid6: neonx8   xor()  1599 MB/s
[    1.518229] raid6: neonx4   gen()  2196 MB/s
[    1.586277] raid6: neonx4   xor()  1569 MB/s
[    1.654347] raid6: neonx2   gen()  2075 MB/s
[    1.722392] raid6: neonx2   xor()  1440 MB/s
[    1.790467] raid6: neonx1   gen()  1772 MB/s
[    1.858505] raid6: neonx1   xor()  1220 MB/s
[    1.926562] raid6: int64x8  gen()  1438 MB/s
[    1.994619] raid6: int64x8  xor()   771 MB/s
[    2.062684] raid6: int64x4  gen()  1600 MB/s
[    2.130737] raid6: int64x4  xor()   813 MB/s
[    2.198810] raid6: int64x2  gen()  1397 MB/s
[    2.266856] raid6: int64x2  xor()   750 MB/s
[    2.334931] raid6: int64x1  gen()  1033 MB/s
[    2.402993] raid6: int64x1  xor()   517 MB/s
[    2.403032] raid6: using algorithm neonx4 gen() 2196 MB/s
[    2.406987] raid6: .... xor() 1569 MB/s, rmw enabled
[    2.411917] raid6: using neon recovery algorithm
[    2.416929] iommu: Default domain type: Translated 
[    2.421543] SCSI subsystem initialized
[    2.425087] libata version 3.00 loaded.
[    2.425210] usbcore: registered new interface driver usbfs
[    2.430544] usbcore: registered new interface driver hub
[    2.435816] usbcore: registered new device driver usb
[    2.440951] mc: Linux media interface: v0.10
[    2.445065] videodev: Linux video capture interface: v2.00
[    2.450557] EDAC MC: Ver: 3.0.0
[    2.453998] zynqmp-ipi-mbox mailbox@ff990400: Registered ZynqMP IPI mbox with TX/RX channels.
[    2.462500] jesd204: created con: id=0, topo=0, link=0, /axi/spi@ff050000/hmc7044@0 <-> /fpga-axi@0/axi-adxcvr-tx@84b60000
[    2.473086] jesd204: created con: id=1, topo=0, link=2, /axi/spi@ff050000/hmc7044@0 <-> /fpga-axi@0/axi-adxcvr-rx@84a60000
[    2.484070] jesd204: created con: id=2, topo=0, link=0, /fpga-axi@0/axi-adxcvr-tx@84b60000 <-> /fpga-axi@0/axi-jesd204-tx@84b90000
[    2.495746] jesd204: created con: id=3, topo=0, link=2, /fpga-axi@0/axi-adxcvr-rx@84a60000 <-> /fpga-axi@0/axi-jesd204-rx@84a90000
[    2.507423] jesd204: created con: id=4, topo=0, link=0, /fpga-axi@0/axi-jesd204-tx@84b90000 <-> /fpga-axi@0/axi-ad9081-tx-hpc@84b10000
[    2.519451] jesd204: created con: id=5, topo=0, link=2, /fpga-axi@0/axi-jesd204-rx@84a90000 <-> /fpga-axi@0/axi-ad9081-rx-hpc@84a10000
[    2.531473] jesd204: created con: id=6, topo=0, link=2, /fpga-axi@0/axi-ad9081-rx-hpc@84a10000 <-> /axi/spi@ff040000/ad9081@0
[    2.542715] jesd204: created con: id=7, topo=0, link=0, /fpga-axi@0/axi-ad9081-tx-hpc@84b10000 <-> /axi/spi@ff040000/ad9081@0
[    2.553964] jesd204: /axi/spi@ff040000/ad9081@0: JESD204[2] transition uninitialized -> initialized
[    2.562951] jesd204: /axi/spi@ff040000/ad9081@0: JESD204[0] transition uninitialized -> initialized
[    2.571943] jesd204: found 8 devices and 1 topologies
[    2.576986] FPGA manager framework
[    2.580466] Advanced Linux Sound Architecture Driver Initialized.
[    2.586757] Bluetooth: Core ver 2.22
[    2.589945] NET: Registered protocol family 31
[    2.594347] Bluetooth: HCI device and connection manager initialized
[    2.600663] Bluetooth: HCI socket layer initialized
[    2.605505] Bluetooth: L2CAP socket layer initialized
[    2.610529] Bluetooth: SCO socket layer initialized
[    2.615718] clocksource: Switched to clocksource arch_sys_counter
[    2.621521] VFS: Disk quotas dquot_6.6.0
[    2.625357] VFS: Dquot-cache hash table entries: 512 (order 0, 4096 bytes)
[    2.636082] NET: Registered protocol family 2
[    2.636801] tcp_listen_portaddr_hash hash table entries: 2048 (order: 3, 32768 bytes, linear)
[    2.644997] TCP established hash table entries: 32768 (order: 6, 262144 bytes, linear)
[    2.653022] TCP bind hash table entries: 32768 (order: 7, 524288 bytes, linear)
[    2.660468] TCP: Hash tables configured (established 32768 bind 32768)
[    2.666641] UDP hash table entries: 2048 (order: 4, 65536 bytes, linear)
[    2.673308] UDP-Lite hash table entries: 2048 (order: 4, 65536 bytes, linear)
[    2.680468] NET: Registered protocol family 1
[    2.684924] RPC: Registered named UNIX socket transport module.
[    2.690544] RPC: Registered udp transport module.
[    2.695209] RPC: Registered tcp transport module.
[    2.699878] RPC: Registered tcp NFSv4.1 backchannel transport module.
[    2.706870] PCI: CLS 0 bytes, default 64
[    2.710576] hw perfevents: no interrupt-affinity property for /pmu, guessing.
[    2.717429] hw perfevents: enabled with armv8_pmuv3 PMU driver, 7 counters available
[    2.725785] Initialise system trusted keyrings
[    2.729458] workingset: timestamp_bits=62 max_order=20 bucket_order=0
[    2.736362] NFS: Registering the id_resolver key type
[    2.740807] Key type id_resolver registered
[    2.744946] Key type id_legacy registered
[    2.748936] nfs4filelayout_init: NFSv4 File Layout Driver Registering...
[    2.755601] jffs2: version 2.2. (NAND) (SUMMARY)  Â© 2001-2006 Red Hat, Inc.
[    2.798263] NET: Registered protocol family 38
[    2.798307] xor: measuring software checksum speed
[    2.805994]    8regs           :  2363 MB/sec
[    2.809663]    32regs          :  2799 MB/sec
[    2.814605]    arm64_neon      :  2380 MB/sec
[    2.814796] xor: using function: 32regs (2799 MB/sec)
[    2.819822] Key type asymmetric registered
[    2.823883] Asymmetric key parser 'x509' registered
[    2.828744] Block layer SCSI generic (bsg) driver version 0.4 loaded (major 248)
[    2.836080] io scheduler mq-deadline registered
[    2.840577] io scheduler kyber registered
[    2.869976] Serial: 8250/16550 driver, 4 ports, IRQ sharing disabled
[    2.874613] cacheinfo: Unable to detect cache hierarchy for CPU 0
[    2.880957] brd: module loaded
[    2.885101] loop: module loaded
[    2.885648] Registered mathworks_ip class
[    2.888983] libphy: Fixed MDIO Bus: probed
[    2.891979] tun: Universal TUN/TAP device driver, 1.6
[    2.896024] CAN device driver interface
[    2.900562] usbcore: registered new interface driver asix
[    2.905155] usbcore: registered new interface driver ax88179_178a
[    2.911189] usbcore: registered new interface driver cdc_ether
[    2.916984] usbcore: registered new interface driver net1080
[    2.922610] usbcore: registered new interface driver cdc_subset
[    2.928490] usbcore: registered new interface driver zaurus
[    2.934034] usbcore: registered new interface driver cdc_ncm
[    2.940445] ehci_hcd: USB 2.0 'Enhanced' Host Controller (EHCI) Driver
[    2.946119] ehci-pci: EHCI PCI platform driver
[    2.950916] usbcore: registered new interface driver uas
[    2.955834] usbcore: registered new interface driver usb-storage
[    2.961822] usbcore: registered new interface driver usbserial_generic
[    2.968274] usbserial: USB Serial support registered for generic
[    2.974247] usbcore: registered new interface driver ftdi_sio
[    2.979949] usbserial: USB Serial support registered for FTDI USB Serial Device
[    2.987227] usbcore: registered new interface driver upd78f0730
[    2.993097] usbserial: USB Serial support registered for upd78f0730
[    3.000758] rtc_zynqmp ffa60000.rtc: registered as rtc0
[    3.004522] rtc_zynqmp ffa60000.rtc: setting system clock to 2022-04-12T21:18:30 UTC (1649798310)
[    3.013385] i2c /dev entries driver
[    3.018702] usbcore: registered new interface driver uvcvideo
[    3.022498] USB Video Class driver (1.1.1)
[    3.028083] Bluetooth: HCI UART driver ver 2.3
[    3.030969] Bluetooth: HCI UART protocol H4 registered
[    3.036079] Bluetooth: HCI UART protocol BCSP registered
[    3.041368] Bluetooth: HCI UART protocol LL registered
[    3.046456] Bluetooth: HCI UART protocol ATH3K registered
[    3.051830] Bluetooth: HCI UART protocol Three-wire (H5) registered
[    3.058086] Bluetooth: HCI UART protocol Intel registered
[    3.063423] Bluetooth: HCI UART protocol QCA registered
[    3.068625] usbcore: registered new interface driver bcm203x
[    3.074246] usbcore: registered new interface driver bpa10x
[    3.079781] usbcore: registered new interface driver bfusb
[    3.085232] usbcore: registered new interface driver btusb
[    3.090694] usbcore: registered new interface driver ath3k
[    3.096178] EDAC MC: ECC not enabled
[    3.099805] EDAC DEVICE0: Giving out device to module zynqmp-ocm-edac controller zynqmp_ocm: DEV ff960000.memory-controller (INTERRUPT)
[    3.112119] sdhci: Secure Digital Host Controller Interface driver
[    3.117905] sdhci: Copyright(c) Pierre Ossman
[    3.122231] sdhci-pltfm: SDHCI platform and OF driver helper
[    3.128281] ledtrig-cpu: registered to indicate activity on CPUs
[    3.133836] SMCCC: SOC_ID: ARCH_SOC_ID not implemented, skipping ....
[    3.140267] zynqmp_firmware_probe Platform Management API v1.1
[    3.146021] zynqmp_firmware_probe Trustzone version v1.0
[    3.185557] zynqmp-pinctrl firmware:zynqmp-firmware:pinctrl: zynqmp pinctrl initialized
[    3.233549] zynqmp-aes firmware:zynqmp-firmware:zynqmp-aes: will run requests pump with realtime priority
[    3.249366] alg: No test for xilinx-keccak-384 (zynqmp-keccak-384)
[    3.250077] alg: No test for xilinx-zynqmp-rsa (zynqmp-rsa)
[    3.255589] usbcore: registered new interface driver usbhid
[    3.260979] usbhid: USB HID core driver
[    3.272218] axi_sysid 85000000.axi-sysid-0: AXI System ID core version (1.01.a) found
[    3.274568] axi_sysid 85000000.axi-sysid-0: [ad9081_fmca_ebz] on [zcu102] git branch <master> git <084d44c9780640ca93fd847b1d9ec70dd65f5c67> clean [2022-03-18 04:17:50] UTC
[    3.290257] fpga_manager fpga0: Xilinx ZynqMP FPGA Manager registered
[    3.296620] usbcore: registered new interface driver snd-usb-audio
[    3.304057] pktgen: Packet Generator for packet performance testing. Version: 2.75
[    3.310233] Initializing XFRM netlink socket
[    3.314101] NET: Registered protocol family 10
[    3.318813] Segment Routing with IPv6
[    3.322199] sit: IPv6, IPv4 and MPLS over IPv4 tunneling driver
[    3.328263] NET: Registered protocol family 17
[    3.332370] NET: Registered protocol family 15
[    3.336865] can: controller area network core
[    3.341122] NET: Registered protocol family 29
[    3.345510] can: raw protocol
[    3.348446] can: broadcast manager protocol
[    3.352601] can: netlink gateway - max_hops=1
[    3.356995] Bluetooth: RFCOMM TTY layer initialized
[    3.361775] Bluetooth: RFCOMM socket layer initialized
[    3.366887] Bluetooth: RFCOMM ver 1.11
[    3.370594] Bluetooth: BNEP (Ethernet Emulation) ver 1.3
[    3.375865] Bluetooth: BNEP filters: protocol multicast
[    3.381059] Bluetooth: BNEP socket layer initialized
[    3.385986] Bluetooth: HIDP (Human Interface Emulation) ver 1.2
[    3.391870] Bluetooth: HIDP socket layer initialized
[    3.396924] 9pnet: Installing 9P2000 support
[    3.401047] NET: Registered protocol family 36
[    3.405463] Key type dns_resolver registered
[    3.409897] registered taskstats version 1
[    3.413760] Loading compiled-in X.509 certificates
[    3.418873] Btrfs loaded, crc32c=crc32c-generic
[    3.431263] ff000000.serial: ttyPS0 at MMIO 0xff000000 (irq = 49, base_baud = 6249999) is a xuartps
[    3.440286] printk: console [ttyPS0] enabled
[    3.444581] printk: bootconsole [cdns0] disabled
[    3.454212] ff010000.serial: ttyPS1 at MMIO 0xff010000 (irq = 50, base_baud = 6249999) is a xuartps
[    3.467442] of-fpga-region fpga-full: FPGA Region probed
[    3.474406] nwl-pcie fd0e0000.pcie: host bridge /axi/pcie@fd0e0000 ranges:
[    3.481302] nwl-pcie fd0e0000.pcie:      MEM 0x00e0000000..0x00efffffff -> 0x00e0000000
[    3.489310] nwl-pcie fd0e0000.pcie:      MEM 0x0600000000..0x07ffffffff -> 0x0600000000
[    3.497375] nwl-pcie fd0e0000.pcie: Link is DOWN
[    3.502131] nwl-pcie fd0e0000.pcie: PCI host bridge to bus 0000:00
[    3.508310] pci_bus 0000:00: root bus resource [bus 00-ff]
[    3.513791] pci_bus 0000:00: root bus resource [mem 0xe0000000-0xefffffff]
[    3.520661] pci_bus 0000:00: root bus resource [mem 0x600000000-0x7ffffffff pref]
[    3.528164] pci 0000:00:00.0: [10ee:d021] type 01 class 0x060400
[    3.534221] pci 0000:00:00.0: PME# supported from D0 D1 D2 D3hot
[    3.544664] pci 0000:00:00.0: PCI bridge to [bus 01-0c]
[    3.550641] xilinx-zynqmp-dma fd500000.dma: ZynqMP DMA driver Probe success
[    3.557818] xilinx-zynqmp-dma fd510000.dma: ZynqMP DMA driver Probe success
[    3.564996] xilinx-zynqmp-dma fd520000.dma: ZynqMP DMA driver Probe success
[    3.572172] xilinx-zynqmp-dma fd530000.dma: ZynqMP DMA driver Probe success
[    3.579336] xilinx-zynqmp-dma fd540000.dma: ZynqMP DMA driver Probe success
[    3.586507] xilinx-zynqmp-dma fd550000.dma: ZynqMP DMA driver Probe success
[    3.593676] xilinx-zynqmp-dma fd560000.dma: ZynqMP DMA driver Probe success
[    3.600847] xilinx-zynqmp-dma fd570000.dma: ZynqMP DMA driver Probe success
[    3.608244] xilinx-zynqmp-dpdma fd4c0000.dma-controller: Xilinx DPDMA engine is probed
[    3.616788] ahci-ceva fd0c0000.ahci: supply ahci not found, using dummy regulator
[    3.624324] ahci-ceva fd0c0000.ahci: supply phy not found, using dummy regulator
[    3.711895] hmc7044 spi2.0: PLL1: Acquisition, CLKIN0 @ 122880000 Hz, PFD: 80 kHz - PLL2: Locked @ 2728.000000 MHz
[    3.722612] jesd204: /axi/spi@ff050000/hmc7044@0,jesd204:1,parent=spi2.0: Using as SYSREF provider
[    3.732197] spi-nor spi0.0: SPI-NOR-UniqueID 100000235394732200270025081115266e
[    3.739501] spi-nor spi0.0: found n25q512a, expected m25p80
[    3.745699] spi-nor spi0.0: trying to lock already unlocked area
[    3.751703] spi-nor spi0.0: n25q512a (131072 Kbytes)
[    3.756687] 4 fixed-partitions partitions found on MTD device spi0.0
[    3.763035] Creating 4 MTD partitions on "spi0.0":
[    3.767821] 0x000000000000-0x000000100000 : "qspi-fsbl-uboot"
[    3.774308] 0x000000100000-0x000000600000 : "qspi-linux"
[    3.780266] 0x000000600000-0x000000620000 : "qspi-device-tree"
[    3.786740] 0x000000620000-0x000000c00000 : "qspi-rootfs"
[    3.795206] macb ff0e0000.ethernet: Not enabling partial store and forward
[    3.802724] libphy: MACB_mii_bus: probed
[    3.807785] macb ff0e0000.ethernet eth0: Cadence GEM rev 0x50070106 at 0xff0e0000 irq 30 (00:0a:35:04:8e:1b)
[    3.817999] xilinx-axipmon ffa00000.perf-monitor: Probed Xilinx APM
[    3.824575] xilinx-axipmon fd0b0000.perf-monitor: Probed Xilinx APM
[    3.831089] xilinx-axipmon fd490000.perf-monitor: Probed Xilinx APM
[    3.837622] xilinx-axipmon ffa10000.perf-monitor: Probed Xilinx APM
[    3.847646] pca953x 0-0020: supply vcc not found, using dummy regulator
[    3.854328] pca953x 0-0020: using no AI
[    3.858817] gpio-496 (sel0): hogged as output/low
[    3.863729] gpio-497 (sel1): hogged as output/high
[    3.868719] gpio-498 (sel2): hogged as output/high
[    3.873708] gpio-499 (sel3): hogged as output/high
[    3.878882] pca953x 0-0021: supply vcc not found, using dummy regulator
[    3.885557] pca953x 0-0021: using no AI
[    3.891312] ina2xx 2-0040: power monitor ina226 (Rshunt = 5000 uOhm)
[    3.898344] ina2xx 2-0041: power monitor ina226 (Rshunt = 5000 uOhm)
[    3.905386] ina2xx 2-0042: power monitor ina226 (Rshunt = 5000 uOhm)
[    3.912417] ina2xx 2-0043: power monitor ina226 (Rshunt = 5000 uOhm)
[    3.919442] ina2xx 2-0044: power monitor ina226 (Rshunt = 5000 uOhm)
[    3.926460] ina2xx 2-0045: power monitor ina226 (Rshunt = 5000 uOhm)
[    3.933491] ina2xx 2-0046: power monitor ina226 (Rshunt = 5000 uOhm)
[    3.940566] ina2xx 2-0047: power monitor ina226 (Rshunt = 5000 uOhm)
[    3.947591] ina2xx 2-004a: power monitor ina226 (Rshunt = 5000 uOhm)
[    3.954626] ina2xx 2-004b: power monitor ina226 (Rshunt = 5000 uOhm)
[    3.961035] i2c i2c-0: Added multiplexed i2c bus 2
[    3.966418] random: fast init done
[    3.969886] ina2xx 3-0040: power monitor ina226 (Rshunt = 2000 uOhm)
[    3.976912] ina2xx 3-0041: power monitor ina226 (Rshunt = 5000 uOhm)
[    3.983938] ina2xx 3-0042: power monitor ina226 (Rshunt = 5000 uOhm)
[    3.990976] ina2xx 3-0043: power monitor ina226 (Rshunt = 5000 uOhm)
[    3.998007] ina2xx 3-0044: power monitor ina226 (Rshunt = 5000 uOhm)
[    4.005041] ina2xx 3-0045: power monitor ina226 (Rshunt = 5000 uOhm)
[    4.012072] ina2xx 3-0046: power monitor ina226 (Rshunt = 5000 uOhm)
[    4.019104] ina2xx 3-0047: power monitor ina226 (Rshunt = 5000 uOhm)
[    4.025503] i2c i2c-0: Added multiplexed i2c bus 3
[    4.081016] i2c i2c-0: Added multiplexed i2c bus 4
[    4.085958] i2c i2c-0: Added multiplexed i2c bus 5
[    4.090746] pca954x 0-0075: registered 4 multiplexed busses for I2C mux pca9544
[    4.098096] cdns-i2c ff020000.i2c: 400 kHz mmio ff020000 irq 32
[    4.105826] at24 6-0054: supply vcc not found, using dummy regulator
[    4.112724] at24 6-0054: 1024 byte 24c08 EEPROM, writable, 1 bytes/write
[    4.119472] i2c i2c-1: Added multiplexed i2c bus 6
[    4.125899] si5341 7-0036: Chip: 5341 Grade: 1 Rev: 1
[    4.163583] i2c i2c-1: Added multiplexed i2c bus 7
[    4.171235] si570 8-005d: registered, current frequency 300000000 Hz
[    4.177639] i2c i2c-1: Added multiplexed i2c bus 8
[    4.197424] si570 9-005d: registered, current frequency 148500000 Hz
[    4.203827] i2c i2c-1: Added multiplexed i2c bus 9
[    4.208866] si5324 10-0069: si5328 probed
[    4.276083] si5324 10-0069: si5328 probe successful
[    4.281011] i2c i2c-1: Added multiplexed i2c bus 10
[    4.286039] i2c i2c-1: Added multiplexed i2c bus 11
[    4.291066] i2c i2c-1: Added multiplexed i2c bus 12
[    4.296087] i2c i2c-1: Added multiplexed i2c bus 13
[    4.300967] pca954x 1-0074: registered 8 multiplexed busses for I2C switch pca9548
[    4.309079] at24 14-0050: supply vcc not found, using dummy regulator
[    4.315864] at24 14-0050: 256 byte 24c02 EEPROM, writable, 1 bytes/write
[    4.322611] i2c i2c-1: Added multiplexed i2c bus 14
[    4.327649] i2c i2c-1: Added multiplexed i2c bus 15
[    4.332683] i2c i2c-1: Added multiplexed i2c bus 16
[    4.337720] i2c i2c-1: Added multiplexed i2c bus 17
[    4.342756] i2c i2c-1: Added multiplexed i2c bus 18
[    4.347802] i2c i2c-1: Added multiplexed i2c bus 19
[    4.352841] i2c i2c-1: Added multiplexed i2c bus 20
[    4.357875] i2c i2c-1: Added multiplexed i2c bus 21
[    4.362750] pca954x 1-0075: registered 8 multiplexed busses for I2C switch pca9548
[    4.370359] cdns-i2c ff030000.i2c: 400 kHz mmio ff030000 irq 33
[    4.380104] cdns-wdt fd4d0000.watchdog: Xilinx Watchdog Timer with timeout 60s
[    4.389156] axi_adxcvr 84a60000.axi-adxcvr-rx: adxcvr_enforce_settings: Using QPLL without access, assuming desired Lane rate will be configured by a different instance
[    4.405796] axi_adxcvr 84a60000.axi-adxcvr-rx: AXI-ADXCVR-RX (17.05.a) using QPLL on GTH4 at 0x84A60000. Number of lanes: 4.
[    4.417960] axi_adxcvr 84b60000.axi-adxcvr-tx: AXI-ADXCVR-TX (17.05.a) using QPLL on GTH4 at 0x84B60000. Number of lanes: 4.
[    4.421910] mmc0: SDHCI controller on ff170000.mmc [ff170000.mmc] using ADMA 64-bit
[    4.437106] axi-jesd204-rx 84a90000.axi-jesd204-rx: AXI-JESD204-RX (1.07.a) at 0x84A90000. Encoder 8b10b, width 4/4, lanes 4, jesd204-fsm.
[    4.449942] axi-jesd204-tx 84b90000.axi-jesd204-tx: AXI-JESD204-TX (1.06.a) at 0x84B90000. Encoder 8b10b, width 4/4, lanes 4, jesd204-fsm.
[    4.463450] zynqmp-display fd4a0000.display: vtc bridge property not present
[    4.469482] mmc0: new high speed SDHC card at address 0001
[    4.473098] xilinx-dp-snd-codec fd4a0000.display:zynqmp_dp_snd_codec0: Failed to get required clock freq
[    4.476332] mmcblk0: mmc0:0001 EB1QT 29.8 GiB 
[    4.485460] xilinx-dp-snd-codec: probe of fd4a0000.display:zynqmp_dp_snd_codec0 failed with error -22
[    4.491118]  mmcblk0: p1 p2 p3
[    4.499450] xilinx-dp-snd-pcm zynqmp_dp_snd_pcm0: Xilinx DisplayPort Sound PCM probed
[    4.510306] xilinx-dp-snd-pcm zynqmp_dp_snd_pcm1: Xilinx DisplayPort Sound PCM probed
[    4.518515] OF: graph: no port node found in /axi/display@fd4a0000
[    4.524922] xlnx-drm xlnx-drm.0: bound fd4a0000.display (ops 0xffffffc010fcbdb8)
[    5.611733] zynqmp-display fd4a0000.display: [drm] Cannot find any crtc or sizes
[    5.619352] [drm] Initialized xlnx 1.0.0 20130509 for fd4a0000.display on minor 0
[    5.626847] zynqmp-display fd4a0000.display: ZynqMP DisplayPort Subsystem driver probed
[    5.635159] ahci-ceva fd0c0000.ahci: supply ahci not found, using dummy regulator
[    5.642706] ahci-ceva fd0c0000.ahci: supply phy not found, using dummy regulator
[    5.650160] ahci-ceva fd0c0000.ahci: supply target not found, using dummy regulator
[    5.657997] ahci-ceva fd0c0000.ahci: AHCI 0001.0301 32 slots 2 ports 6 Gbps 0x3 impl platform mode
[    5.666954] ahci-ceva fd0c0000.ahci: flags: 64bit ncq sntf pm clo only pmp fbs pio slum part ccc sds apst 
[    5.677646] scsi host0: ahci-ceva
[    5.681246] scsi host1: ahci-ceva
[    5.684670] ata1: SATA max UDMA/133 mmio [mem 0xfd0c0000-0xfd0c1fff] port 0x100 irq 45
[    5.692585] ata2: SATA max UDMA/133 mmio [mem 0xfd0c0000-0xfd0c1fff] port 0x180 irq 45
[    5.701186] ad9081 spi1.0: supply vdd not found, using dummy regulator
[    6.013938] ata2: SATA link down (SStatus 0 SControl 330)
[    6.019349] ata1: SATA link down (SStatus 0 SControl 330)
[    6.695736] zynqmp-display fd4a0000.display: [drm] Cannot find any crtc or sizes
[    7.488489] ad9081 spi1.0: AD9081 Rev. 2 Grade 10 (API 1.2.2) probed
[    7.495682] xhci-hcd xhci-hcd.1.auto: xHCI Host Controller
[    7.501179] xhci-hcd xhci-hcd.1.auto: new USB bus registered, assigned bus number 1
[    7.508926] xhci-hcd xhci-hcd.1.auto: hcc params 0x0238f625 hci version 0x100 quirks 0x0000000002010810
[    7.518337] xhci-hcd xhci-hcd.1.auto: irq 59, io mem 0xfe200000
[    7.524445] usb usb1: New USB device found, idVendor=1d6b, idProduct=0002, bcdDevice= 5.10
[    7.532703] usb usb1: New USB device strings: Mfr=3, Product=2, SerialNumber=1
[    7.539921] usb usb1: Product: xHCI Host Controller
[    7.544789] usb usb1: Manufacturer: Linux 5.10.0-98103-g2aa7ac113716 xhci-hcd
[    7.551915] usb usb1: SerialNumber: xhci-hcd.1.auto
[    7.557083] hub 1-0:1.0: USB hub found
[    7.560844] hub 1-0:1.0: 1 port detected
[    7.564950] xhci-hcd xhci-hcd.1.auto: xHCI Host Controller
[    7.570439] xhci-hcd xhci-hcd.1.auto: new USB bus registered, assigned bus number 2
[    7.578091] xhci-hcd xhci-hcd.1.auto: Host supports USB 3.0 SuperSpeed
[    7.584718] usb usb2: New USB device found, idVendor=1d6b, idProduct=0003, bcdDevice= 5.10
[    7.592976] usb usb2: New USB device strings: Mfr=3, Product=2, SerialNumber=1
[    7.600200] usb usb2: Product: xHCI Host Controller
[    7.605073] usb usb2: Manufacturer: Linux 5.10.0-98103-g2aa7ac113716 xhci-hcd
[    7.612199] usb usb2: SerialNumber: xhci-hcd.1.auto
[    7.617307] hub 2-0:1.0: USB hub found
[    7.621071] hub 2-0:1.0: 1 port detected
[    7.651122] cf_axi_adc 84a10000.axi-ad9081-rx-hpc: ADI AIM (10.01.b) at 0x84A10000 mapped to 0x(____ptrval____), probed ADC AD9081 as MASTER
[    7.684554] cf_axi_dds 84b10000.axi-ad9081-tx-hpc: Analog Devices CF_AXI_DDS_DDS MASTER (9.01.b) at 0x84B10000 mapped to 0x(____ptrval____), probed DDS AD9081
[    7.698753] jesd204: /axi/spi@ff040000/ad9081@0,jesd204:0,parent=spi1.0: JESD204[2] transition initialized -> probed
[    7.709277] jesd204: /axi/spi@ff040000/ad9081@0,jesd204:0,parent=spi1.0: JESD204[0] transition initialized -> probed
[    7.719799] jesd204: /axi/spi@ff040000/ad9081@0,jesd204:0,parent=spi1.0: JESD204[2] transition probed -> idle
[    7.729708] jesd204: /axi/spi@ff040000/ad9081@0,jesd204:0,parent=spi1.0: JESD204[0] transition probed -> idle
[    7.739622] jesd204: /axi/spi@ff040000/ad9081@0,jesd204:0,parent=spi1.0: JESD204[2] transition idle -> device_init
[    7.749965] jesd204: /axi/spi@ff040000/ad9081@0,jesd204:0,parent=spi1.0: JESD204[0] transition idle -> device_init
[    7.760317] jesd204: /axi/spi@ff040000/ad9081@0,jesd204:0,parent=spi1.0: JESD204[2] transition device_init -> link_init
[    7.771092] jesd204: /axi/spi@ff040000/ad9081@0,jesd204:0,parent=spi1.0: JESD204[0] transition device_init -> link_init
[    7.781882] jesd204: /axi/spi@ff040000/ad9081@0,jesd204:0,parent=spi1.0: JESD204[2] transition link_init -> link_supported
[    7.792922] jesd204: /axi/spi@ff040000/ad9081@0,jesd204:0,parent=spi1.0: JESD204[0] transition link_init -> link_supported
[    7.804336] hmc7044 spi2.0: hmc7044_jesd204_link_pre_setup: Link2 forcing continuous SYSREF mode
[    7.813457] jesd204: /axi/spi@ff040000/ad9081@0,jesd204:0,parent=spi1.0: JESD204[2] transition link_supported -> link_pre_setup
[    7.824936] jesd204: /axi/spi@ff040000/ad9081@0,jesd204:0,parent=spi1.0: JESD204[0] transition link_supported -> link_pre_setup
[    7.848746] jesd204: /axi/spi@ff040000/ad9081@0,jesd204:0,parent=spi1.0: JESD204[2] transition link_pre_setup -> clk_sync_stage1
[    7.860307] jesd204: /axi/spi@ff040000/ad9081@0,jesd204:0,parent=spi1.0: JESD204[0] transition link_pre_setup -> clk_sync_stage1
[    7.871871] jesd204: /axi/spi@ff040000/ad9081@0,jesd204:0,parent=spi1.0: JESD204[2] transition clk_sync_stage1 -> clk_sync_stage2
[    7.883515] jesd204: /axi/spi@ff040000/ad9081@0,jesd204:0,parent=spi1.0: JESD204[0] transition clk_sync_stage1 -> clk_sync_stage2
[    7.895168] jesd204: /axi/spi@ff040000/ad9081@0,jesd204:0,parent=spi1.0: JESD204[2] transition clk_sync_stage2 -> clk_sync_stage3
[    7.906817] jesd204: /axi/spi@ff040000/ad9081@0,jesd204:0,parent=spi1.0: JESD204[0] transition clk_sync_stage2 -> clk_sync_stage3
[    7.920484] jesd204: /axi/spi@ff040000/ad9081@0,jesd204:0,parent=spi1.0: JESD204[2] transition clk_sync_stage3 -> link_setup
[    7.931702] jesd204: /axi/spi@ff040000/ad9081@0,jesd204:0,parent=spi1.0: JESD204[0] transition clk_sync_stage3 -> link_setup
[    7.947746] jesd204: /axi/spi@ff040000/ad9081@0,jesd204:0,parent=spi1.0: JESD204[2] transition link_setup -> opt_setup_stage1
[    7.959051] jesd204: /axi/spi@ff040000/ad9081@0,jesd204:0,parent=spi1.0: JESD204[0] transition link_setup -> opt_setup_stage1
[    7.975392] jesd204: /axi/spi@ff040000/ad9081@0,jesd204:0,parent=spi1.0: JESD204[2] transition opt_setup_stage1 -> opt_setup_stage2
[    7.987218] jesd204: /axi/spi@ff040000/ad9081@0,jesd204:0,parent=spi1.0: JESD204[0] transition opt_setup_stage1 -> opt_setup_stage2
[    7.999191] jesd204: /axi/spi@ff040000/ad9081@0,jesd204:0,parent=spi1.0: JESD204[2] transition opt_setup_stage2 -> opt_setup_stage3
[    8.011018] jesd204: /axi/spi@ff040000/ad9081@0,jesd204:0,parent=spi1.0: JESD204[0] transition opt_setup_stage2 -> opt_setup_stage3
[    8.022841] jesd204: /axi/spi@ff040000/ad9081@0,jesd204:0,parent=spi1.0: JESD204[2] transition opt_setup_stage3 -> opt_setup_stage4
[    8.034660] jesd204: /axi/spi@ff040000/ad9081@0,jesd204:0,parent=spi1.0: JESD204[0] transition opt_setup_stage3 -> opt_setup_stage4
[    8.046488] jesd204: /axi/spi@ff040000/ad9081@0,jesd204:0,parent=spi1.0: JESD204[2] transition opt_setup_stage4 -> opt_setup_stage5
[    8.058309] jesd204: /axi/spi@ff040000/ad9081@0,jesd204:0,parent=spi1.0: JESD204[0] transition opt_setup_stage4 -> opt_setup_stage5
[    8.076250] jesd204: /axi/spi@ff040000/ad9081@0,jesd204:0,parent=spi1.0: JESD204[2] transition opt_setup_stage5 -> clocks_enable
[    8.087809] jesd204: /axi/spi@ff040000/ad9081@0,jesd204:0,parent=spi1.0: JESD204[0] transition opt_setup_stage5 -> clocks_enable
[    8.099429] jesd204: /axi/spi@ff040000/ad9081@0,jesd204:0,parent=spi1.0: JESD204[2] transition clocks_enable -> link_enable
[    8.110559] jesd204: /axi/spi@ff040000/ad9081@0,jesd204:0,parent=spi1.0: JESD204[0] transition clocks_enable -> link_enable
[    8.143958] ad9081 spi1.0: JESD RX (JTX) Link2 in DATA, SYNC deasserted, PLL locked, PHASE established, MODE valid
[    8.154565] ad9081 spi1.0: JESD TX (JRX) Link0 0xF lanes in DATA
[    8.160575] jesd204: /axi/spi@ff040000/ad9081@0,jesd204:0,parent=spi1.0: JESD204[2] transition link_enable -> link_running
[    8.171613] jesd204: /axi/spi@ff040000/ad9081@0,jesd204:0,parent=spi1.0: JESD204[0] transition link_enable -> link_running
[    8.182662] jesd204: /axi/spi@ff040000/ad9081@0,jesd204:0,parent=spi1.0: JESD204[2] transition link_running -> opt_post_running_stage
[    8.194660] jesd204: /axi/spi@ff040000/ad9081@0,jesd204:0,parent=spi1.0: JESD204[0] transition link_running -> opt_post_running_stage
[    8.215898] input: gpio-keys as /devices/platform/gpio-keys/input/input0
[    8.222915] of_cfs_init
[    8.225378] of_cfs_init: OK
[    8.228317] cfg80211: Loading compiled-in X.509 certificates for regulatory database
[    8.368831] cfg80211: Loaded X.509 cert 'sforshee: 00b28ddf47aef9cea7'
[    8.375361] clk: Not disabling unused clocks
[    8.379898] ALSA device list:
[    8.382857]   No soundcards found.
[    8.386552] platform regulatory.0: Direct firmware load for regulatory.db failed with error -2
[    8.395174] cfg80211: failed to load regulatory.db
[    8.409159] EXT4-fs (mmcblk0p2): mounted filesystem with ordered data mode. Opts: (null)
[    8.417274] VFS: Mounted root (ext4 filesystem) on device 179:2.
[    8.430398] devtmpfs: mounted
[    8.434212] Freeing unused kernel memory: 2560K
[    8.443768] Run /sbin/init as init process
[    8.447865]   with arguments:
[    8.447867]     /sbin/init
[    8.447870]   with environment:
[    8.447872]     HOME=/
[    8.447874]     TERM=linux
[    9.010677] systemd[1]: systemd 241 running in system mode. (+PAM +AUDIT +SELINUX +IMA +APPARMOR +SMACK +SYSVINIT +UTMP +LIBCRYPTSETUP +GCRYPT +GNUTLS +ACL +XZ +LZ4 +SECCOMP +BLKID +ELFUTILS +KMOD -IDN2 +IDN -PCRE2 default-hierarchy=hybrid)
[    9.032556] systemd[1]: Detected architecture arm64.
[    9.056429] systemd[1]: Set hostname to <analog>.
[    9.248793] systemd[1]: File /lib/systemd/system/systemd-journald.service:12 configures an IP firewall (IPAddressDeny=any), but the local system does not support BPF/cgroup based firewalling.
[    9.265856] systemd[1]: Proceeding WITHOUT firewalling in effect! (This warning is only shown for the first loaded unit using IP firewalling.)
[    9.428728] systemd[1]: /etc/systemd/system/tof-server.service:1: Assignment outside of section. Ignoring.
[    9.438451] systemd[1]: /etc/systemd/system/tof-server.service:2: Assignment outside of section. Ignoring.
[    9.621242] random: systemd: uninitialized urandom read (16 bytes read)
[    9.635922] random: systemd: uninitialized urandom read (16 bytes read)
[    9.643132] systemd[1]: Created slice system-serial\x2dgetty.slice.
[    9.663799] random: systemd: uninitialized urandom read (16 bytes read)
[    9.670652] systemd[1]: Created slice system-getty.slice.
[    9.692052] systemd[1]: Listening on udev Kernel Socket.
[   10.280769] ------------[ cut here ]------------
[   10.280779] Enabling unprepared \xa0\xc9Q\x88\xff\xff\xffPQ\x88\xff\xff\xff
[   10.280826] WARNING: CPU: 0 PID: 113 at drivers/clk/clk.c:1012 clk_core_enable+0xa4/0xc0
[   10.280829] Modules linked in:
[   10.280840] CPU: 0 PID: 113 Comm: kworker/0:1H Not tainted 5.10.0-98103-g2aa7ac113716 #5577
[   10.280842] Hardware name: ZynqMP ZCU102 Rev1.0 (DT)
[   10.280852] Workqueue: kblockd blk_mq_run_work_fn
[   10.280860] pstate: 80000085 (Nzcv daIf -PAN -UAO -TCO BTYPE=--)
[   10.280865] pc : clk_core_enable+0xa4/0xc0
[   10.280871] lr : clk_core_enable+0xa4/0xc0
[   10.280873] sp : ffffffc0125eb2d0
[   10.280876] x29: ffffffc0125eb2d0 x28: ffffff8800330c10 
[   10.280883] x27: ffffff8800330d48 x26: 0000005000000101 
[   10.280890] x25: 000000025ed6a0b4 x24: 0000000000000001 
[   10.280897] x23: ffffff88010e9380 x22: ffffff8801083220 
[   10.280904] x21: ffffff8801515000 x20: ffffff8801515008 
[   10.280910] x19: ffffff8801515008 x18: 0000000000000030 
[   10.280916] x17: 0000000000000001 x16: 0000b4775d98711e 
[   10.280923] x15: ffffffffffff8710 x14: ffffffc011d3b1a0 
[   10.280929] x13: ffffffc011d3b1c8 x12: 00000000000005e8 
[   10.280936] x11: 00000000000001f8 x10: ffffffc011d671c8 
[   10.280942] x9 : 00000000fffff800 x8 : ffffffc011d3b1c8 
[   10.280949] x7 : ffffffc011d671c8 x6 : 0000000000000001 
[   10.280955] x5 : ffffff887f7669e0 x4 : 0000000000000000 
[   10.280961] x3 : 0000000000000027 x2 : 0000000000000023 
[   10.280967] x1 : b6a7c8388ad22e00 x0 : 0000000000000000 
[   10.280974] Call trace:
[   10.280980]  clk_core_enable+0xa4/0xc0
[   10.280985]  clk_enable+0x2c/0x60
[   10.280991]  zynqmp_runtime_resume+0x24/0x84
[   10.280998]  pm_generic_runtime_resume+0x30/0x50
[   10.281004]  __genpd_runtime_resume+0x30/0xb0
[   10.281010]  genpd_runtime_resume+0x90/0x250
[   10.281016]  __rpm_callback+0x10c/0x1e0
[   10.281021]  rpm_callback+0x5c/0x84
[   10.281026]  rpm_resume+0x4a4/0x74c
[   10.281031]  __pm_runtime_resume+0x78/0xc4
[   10.281036]  spi_mem_access_start.isra.0+0x30/0x80
[   10.281040]  spi_mem_exec_op+0x3b0/0x424
[   10.281045]  spi_nor_read_sr+0x78/0xe0
[   10.281050]  spi_nor_wait_till_ready_with_timeout+0xb4/0x2f0
[   10.281054]  spi_nor_read+0x188/0x380
[   10.281059]  mtd_read_oob_std+0x78/0x84
[   10.281064]  mtd_read_oob+0x7c/0x134
[   10.281068]  mtd_read+0x48/0x7c
[   10.281074]  mtdblock_readsect+0x6c/0x150
[   10.281079]  mtd_queue_rq+0x2cc/0x5a0
[   10.281085]  blk_mq_dispatch_rq_list+0x110/0x790
[   10.281091]  __blk_mq_do_dispatch_sched+0x200/0x274
[   10.281096]  __blk_mq_sched_dispatch_requests+0x1a8/0x1fc
[   10.281102]  blk_mq_sched_dispatch_requests+0x3c/0x7c
[   10.281107]  __blk_mq_run_hw_queue+0x98/0x100
[   10.281111]  blk_mq_run_work_fn+0x24/0x30
[   10.281117]  process_one_work+0x1d4/0x380
[   10.281121]  worker_thread+0x78/0x4e0
[   10.281126]  kthread+0x124/0x130
[   10.281132]  ret_from_fork+0x10/0x3c
[   10.281135] ---[ end trace ce88dd95d835d2fc ]---
[   10.281143] zynqmp-qspi ff0f0000.spi: Cannot enable APB clock.
[   10.281191] spi_master spi0: Failed to power device: -108
[   10.281201] blk_update_request: I/O error, dev mtdblock0, sector 8 op 0x0:(READ) flags 0x80700 phys_seg 1 prio class 0
[   10.281265] spi_master spi0: Failed to power device: -22
[   10.281271] blk_update_request: I/O error, dev mtdblock0, sector 8 op 0x0:(READ) flags 0x0 phys_seg 8 prio class 0
[   10.281278] Buffer I/O error on dev mtdblock0, logical block 8, async page read
[   10.281286] spi_master spi0: Failed to power device: -22
[   10.281292] blk_update_request: I/O error, dev mtdblock0, sector 9 op 0x0:(READ) flags 0x0 phys_seg 7 prio class 0
[   10.281296] Buffer I/O error on dev mtdblock0, logical block 9, async page read
[   10.281303] spi_master spi0: Failed to power device: -22
[   10.281308] blk_update_request: I/O error, dev mtdblock0, sector 10 op 0x0:(READ) flags 0x0 phys_seg 6 prio class 0
[   10.281312] Buffer I/O error on dev mtdblock0, logical block 10, async page read
[   10.281319] spi_master spi0: Failed to power device: -22
[   10.281325] blk_update_request: I/O error, dev mtdblock0, sector 11 op 0x0:(READ) flags 0x0 phys_seg 5 prio class 0
[   10.281328] Buffer I/O error on dev mtdblock0, logical block 11, async page read
[   10.281335] spi_master spi0: Failed to power device: -22
[   10.281341] blk_update_request: I/O error, dev mtdblock0, sector 12 op 0x0:(READ) flags 0x0 phys_seg 4 prio class 0
[   10.281345] Buffer I/O error on dev mtdblock0, logical block 12, async page read
[   10.281351] spi_master spi0: Failed to power device: -22
[   10.281357] blk_update_request: I/O error, dev mtdblock0, sector 13 op 0x0:(READ) flags 0x0 phys_seg 3 prio class 0
[   10.281361] Buffer I/O error on dev mtdblock0, logical block 13, async page read
[   10.281368] spi_master spi0: Failed to power device: -22
[   10.281373] blk_update_request: I/O error, dev mtdblock0, sector 14 op 0x0:(READ) flags 0x0 phys_seg 2 prio class 0
[   10.281377] Buffer I/O error on dev mtdblock0, logical block 14, async page read
[   10.281384] spi_master spi0: Failed to power device: -22
[   10.281389] blk_update_request: I/O error, dev mtdblock0, sector 15 op 0x0:(READ) flags 0x0 phys_seg 1 prio class 0
[   10.281393] Buffer I/O error on dev mtdblock0, logical block 15, async page read
[   10.281691] spi_master spi0: Failed to power device: -22
[   10.281699] blk_update_request: I/O error, dev mtdblock1, sector 10112 op 0x0:(READ) flags 0x80700 phys_seg 1 prio class 0
[   10.281742] spi_master spi0: Failed to power device: -22
[   10.281748] Buffer I/O error on dev mtdblock1, logical block 10112, async page read
[   10.281755] spi_master spi0: Failed to power device: -22
[   10.281760] Buffer I/O error on dev mtdblock1, logical block 10113, async page read
[   10.281767] spi_master spi0: Failed to power device: -22
[   10.281775] spi_master spi0: Failed to power device: -22
[   10.281782] spi_master spi0: Failed to power device: -22
[   10.281789] spi_master spi0: Failed to power device: -22
[   10.281796] spi_master spi0: Failed to power device: -22
[   10.281803] spi_master spi0: Failed to power device: -22
[   10.282047] spi_master spi0: Failed to power device: -22
[   10.282090] spi_master spi0: Failed to power device: -22
[   10.282100] spi_master spi0: Failed to power device: -22
[   10.282108] spi_master spi0: Failed to power device: -22
[   10.282115] spi_master spi0: Failed to power device: -22
[   10.282123] spi_master spi0: Failed to power device: -22
[   10.282130] spi_master spi0: Failed to power device: -22
[   10.282137] spi_master spi0: Failed to power device: -22
[   10.282144] spi_master spi0: Failed to power device: -22
[   10.282436] spi_master spi0: Failed to power device: -22
[   10.282480] spi_master spi0: Failed to power device: -22
[   10.282489] spi_master spi0: Failed to power device: -22
[   10.282496] spi_master spi0: Failed to power device: -22
[   10.282504] spi_master spi0: Failed to power device: -22
[   10.282511] spi_master spi0: Failed to power device: -22
[   10.282518] spi_master spi0: Failed to power device: -22
[   10.282525] spi_master spi0: Failed to power device: -22
[   10.282532] spi_master spi0: Failed to power device: -22
[   10.406056] EXT4-fs (mmcblk0p2): re-mounted. Opts: (null)
[   10.536661] systemd-journald[169]: Received request to flush runtime journal from PID 1
[   16.357861] macb ff0e0000.ethernet eth0: PHY [ff0e0000.ethernet-ffffffff:0c] driver [TI DP83867] (irq=POLL)
[   16.357874] macb ff0e0000.ethernet eth0: configuring for phy/rgmii-id link mode
[   16.679755] Adding 102396k swap on /var/swap.  Priority:-2 extents:4 across:9953604k SS
[   18.411740] random: crng init done
[   18.411751] random: 7 urandom warning(s) missed due to ratelimiting
[   19.201242] broken atomic modeset userspace detected, disabling atomic
[   19.425359] macb ff0e0000.ethernet eth0: Link is Up - 1Gbps/Full - flow control off
[   19.425381] IPv6: ADDRCONF(NETDEV_CHANGE): eth0: link becomes ready
[   21.870167] broken atomic modeset userspace detected, disabling atomic
[   24.792049] broken atomic modeset userspace detected, disabling atomic