[    0.000000] Booting Linux on physical CPU 0x0000000000 [0x410fd034]
[    0.000000] Linux version 5.10.0-98103-g2aa7ac113716 (jenkins@romlxbuild1.adlk.analog.com) (aarch64-xilinx-linux-gcc.real (GCC) 10.2.0, GNU ld (GNU Binutils) 2.35.0.20200730) #5577 SMP Wed Mar 23 07:28:49 GMT 2022
[    0.000000] Machine model: ZynqMP ZCU102 Rev1.0
[    0.000000] earlycon: cdns0 at MMIO 0x00000000ff000000 (options '115200n8')
[    0.000000] printk: bootconsole [cdns0] enabled
[    0.000000] efi: UEFI not found.
[    0.000000] cma: Reserved 256 MiB at 0x0000000070000000
[    0.000000] Zone ranges:
[    0.000000]   DMA      [mem 0x0000000000000000-0x000000003fffffff]
[    0.000000]   DMA32    [mem 0x0000000040000000-0x00000000ffffffff]
[    0.000000]   Normal   [mem 0x0000000100000000-0x000000087fffffff]
[    0.000000] Movable zone start for each node
[    0.000000] Early memory node ranges
[    0.000000]   node   0: [mem 0x0000000000000000-0x000000007fffffff]
[    0.000000]   node   0: [mem 0x0000000800000000-0x000000087fffffff]
[    0.000000] Initmem setup node 0 [mem 0x0000000000000000-0x000000087fffffff]
[    0.000000] On node 0 totalpages: 1048576
[    0.000000]   DMA zone: 3584 pages used for memmap
[    0.000000]   DMA zone: 0 pages reserved
[    0.000000]   DMA zone: 262144 pages, LIFO batch:63
[    0.000000]   DMA32 zone: 3584 pages used for memmap
[    0.000000]   DMA32 zone: 262144 pages, LIFO batch:63
[    0.000000]   Normal zone: 7168 pages used for memmap
[    0.000000]   Normal zone: 524288 pages, LIFO batch:63
[    0.000000] psci: probing for conduit method from DT.
[    0.000000] psci: PSCIv1.1 detected in firmware.
[    0.000000] psci: Using standard PSCI v0.2 function IDs
[    0.000000] psci: MIGRATE_INFO_TYPE not supported.
[    0.000000] psci: SMC Calling Convention v1.2
[    0.000000] percpu: Embedded 22 pages/cpu s49496 r8192 d32424 u90112
[    0.000000] pcpu-alloc: s49496 r8192 d32424 u90112 alloc=22*4096
[    0.000000] pcpu-alloc: [0] 0 [0] 1 [0] 2 [0] 3 
[    0.000000] Detected VIPT I-cache on CPU0
[    0.000000] CPU features: detected: ARM erratum 845719
[    0.000000] Built 1 zonelists, mobility grouping on.  Total pages: 1034240
[    0.000000] Kernel command line: console=ttyPS0,115200 root=/dev/mmcblk0p2 rw earlycon rootfstype=ext4 rootwait clk_ignore_unused cpuidle.off=1 root=/dev/mmcblk0p2 rw rootwait
[    0.000000] Dentry cache hash table entries: 524288 (order: 10, 4194304 bytes, linear)
[    0.000000] Inode-cache hash table entries: 262144 (order: 9, 2097152 bytes, linear)
[    0.000000] mem auto-init: stack:off, heap alloc:off, heap free:off
[    0.000000] software IO TLB: mapped [mem 0x000000003bfff000-0x000000003ffff000] (64MB)
[    0.000000] Memory: 3761904K/4194304K available (15296K kernel code, 1636K rwdata, 11876K rodata, 2560K init, 507K bss, 170256K reserved, 262144K cma-reserved)
[    0.000000] rcu: Hierarchical RCU implementation.
[    0.000000] rcu: 	RCU event tracing is enabled.
[    0.000000] rcu: 	RCU restricting CPUs from NR_CPUS=8 to nr_cpu_ids=4.
[    0.000000] rcu: RCU calculated value of scheduler-enlistment delay is 25 jiffies.
[    0.000000] rcu: Adjusting geometry for rcu_fanout_leaf=16, nr_cpu_ids=4
[    0.000000] NR_IRQS: 64, nr_irqs: 64, preallocated irqs: 0
[    0.000000] GIC: Adjusting CPU interface base to 0x00000000f902f000
[    0.000000] GIC: Using split EOI/Deactivate mode
[    0.000000] random: get_random_bytes called from start_kernel+0x31c/0x54c with crng_init=0
[    0.000000] arch_timer: cp15 timer(s) running at 100.00MHz (phys).
[    0.000000] clocksource: arch_sys_counter: mask: 0xffffffffffffff max_cycles: 0x171024e7e0, max_idle_ns: 440795205315 ns
[    0.000004] sched_clock: 56 bits at 100MHz, resolution 10ns, wraps every 4398046511100ns
[    0.008461] Console: colour dummy device 80x25
[    0.012483] Calibrating delay loop (skipped), value calculated using timer frequency.. 200.00 BogoMIPS (lpj=400000)
[    0.022841] pid_max: default: 32768 minimum: 301
[    0.027550] Mount-cache hash table entries: 8192 (order: 4, 65536 bytes, linear)
[    0.034788] Mountpoint-cache hash table entries: 8192 (order: 4, 65536 bytes, linear)
[    0.043398] rcu: Hierarchical SRCU implementation.
[    0.047561] EFI services will not be available.
[    0.051937] smp: Bringing up secondary CPUs ...
[    0.056659] Detected VIPT I-cache on CPU1
[    0.056698] CPU1: Booted secondary processor 0x0000000001 [0x410fd034]
[    0.057062] Detected VIPT I-cache on CPU2
[    0.057087] CPU2: Booted secondary processor 0x0000000002 [0x410fd034]
[    0.057427] Detected VIPT I-cache on CPU3
[    0.057450] CPU3: Booted secondary processor 0x0000000003 [0x410fd034]
[    0.057496] smp: Brought up 1 node, 4 CPUs
[    0.091779] SMP: Total of 4 processors activated.
[    0.096452] CPU features: detected: 32-bit EL0 Support
[    0.101556] CPU features: detected: CRC32 instructions
[    0.106697] CPU: All CPU(s) started at EL2
[    0.110736] alternatives: patching kernel code
[    0.116166] devtmpfs: initialized
[    0.124057] Registered cp15_barrier emulation handler
[    0.124108] Registered setend emulation handler
[    0.128084] clocksource: jiffies: mask: 0xffffffff max_cycles: 0xffffffff, max_idle_ns: 7645041785100000 ns
[    0.137661] futex hash table entries: 1024 (order: 4, 65536 bytes, linear)
[    0.151022] pinctrl core: initialized pinctrl subsystem
[    0.151664] NET: Registered protocol family 16
[    0.156093] DMA: preallocated 512 KiB GFP_KERNEL pool for atomic allocations
[    0.162108] DMA: preallocated 512 KiB GFP_KERNEL|GFP_DMA pool for atomic allocations
[    0.169836] DMA: preallocated 512 KiB GFP_KERNEL|GFP_DMA32 pool for atomic allocations
[    0.177636] audit: initializing netlink subsys (disabled)
[    0.183087] audit: type=2000 audit(0.116:1): state=initialized audit_enabled=0 res=1
[    0.183433] hw-breakpoint: found 6 breakpoint and 4 watchpoint registers.
[    0.197464] ASID allocator initialised with 65536 entries
[    0.224310] HugeTLB registered 1.00 GiB page size, pre-allocated 0 pages
[    0.225369] HugeTLB registered 32.0 MiB page size, pre-allocated 0 pages
[    0.232039] HugeTLB registered 2.00 MiB page size, pre-allocated 0 pages
[    0.238699] HugeTLB registered 64.0 KiB page size, pre-allocated 0 pages
[    1.304316] DRBG: Continuing without Jitter RNG
[    1.382095] raid6: neonx8   gen()  2143 MB/s
[    1.450145] raid6: neonx8   xor()  1599 MB/s
[    1.518203] raid6: neonx4   gen()  2189 MB/s
[    1.586253] raid6: neonx4   xor()  1566 MB/s
[    1.654323] raid6: neonx2   gen()  2076 MB/s
[    1.722367] raid6: neonx2   xor()  1437 MB/s
[    1.790440] raid6: neonx1   gen()  1772 MB/s
[    1.858481] raid6: neonx1   xor()  1220 MB/s
[    1.926540] raid6: int64x8  gen()  1437 MB/s
[    1.994595] raid6: int64x8  xor()   771 MB/s
[    2.062666] raid6: int64x4  gen()  1599 MB/s
[    2.130719] raid6: int64x4  xor()   817 MB/s
[    2.198784] raid6: int64x2  gen()  1397 MB/s
[    2.266831] raid6: int64x2  xor()   750 MB/s
[    2.334907] raid6: int64x1  gen()  1034 MB/s
[    2.402970] raid6: int64x1  xor()   517 MB/s
[    2.403008] raid6: using algorithm neonx4 gen() 2189 MB/s
[    2.406961] raid6: .... xor() 1566 MB/s, rmw enabled
[    2.411891] raid6: using neon recovery algorithm
[    2.416904] iommu: Default domain type: Translated 
[    2.421517] SCSI subsystem initialized
[    2.425060] libata version 3.00 loaded.
[    2.425185] usbcore: registered new interface driver usbfs
[    2.430518] usbcore: registered new interface driver hub
[    2.435790] usbcore: registered new device driver usb
[    2.440926] mc: Linux media interface: v0.10
[    2.445039] videodev: Linux video capture interface: v2.00
[    2.450531] EDAC MC: Ver: 3.0.0
[    2.453972] zynqmp-ipi-mbox mailbox@ff990400: Registered ZynqMP IPI mbox with TX/RX channels.
[    2.462482] jesd204: created con: id=0, topo=0, link=0, /axi/spi@ff050000/hmc7044@0 <-> /fpga-axi@0/axi-adxcvr-tx@84b60000
[    2.473060] jesd204: created con: id=1, topo=0, link=2, /axi/spi@ff050000/hmc7044@0 <-> /fpga-axi@0/axi-adxcvr-rx@84a60000
[    2.484044] jesd204: created con: id=2, topo=0, link=0, /fpga-axi@0/axi-adxcvr-tx@84b60000 <-> /fpga-axi@0/axi-jesd204-tx@84b90000
[    2.495720] jesd204: created con: id=3, topo=0, link=2, /fpga-axi@0/axi-adxcvr-rx@84a60000 <-> /fpga-axi@0/axi-jesd204-rx@84a90000
[    2.507397] jesd204: created con: id=4, topo=0, link=0, /fpga-axi@0/axi-jesd204-tx@84b90000 <-> /fpga-axi@0/axi-ad9081-tx-hpc@84b10000
[    2.519424] jesd204: created con: id=5, topo=0, link=2, /fpga-axi@0/axi-jesd204-rx@84a90000 <-> /fpga-axi@0/axi-ad9081-rx-hpc@84a10000
[    2.531447] jesd204: created con: id=6, topo=0, link=2, /fpga-axi@0/axi-ad9081-rx-hpc@84a10000 <-> /axi/spi@ff040000/ad9081@0
[    2.542689] jesd204: created con: id=7, topo=0, link=0, /fpga-axi@0/axi-ad9081-tx-hpc@84b10000 <-> /axi/spi@ff040000/ad9081@0
[    2.553938] jesd204: /axi/spi@ff040000/ad9081@0: JESD204[2] transition uninitialized -> initialized
[    2.562925] jesd204: /axi/spi@ff040000/ad9081@0: JESD204[0] transition uninitialized -> initialized
[    2.571917] jesd204: found 8 devices and 1 topologies
[    2.576960] FPGA manager framework
[    2.580439] Advanced Linux Sound Architecture Driver Initialized.
[    2.586733] Bluetooth: Core ver 2.22
[    2.589920] NET: Registered protocol family 31
[    2.594321] Bluetooth: HCI device and connection manager initialized
[    2.600638] Bluetooth: HCI socket layer initialized
[    2.605480] Bluetooth: L2CAP socket layer initialized
[    2.610503] Bluetooth: SCO socket layer initialized
[    2.615687] clocksource: Switched to clocksource arch_sys_counter
[    2.621496] VFS: Disk quotas dquot_6.6.0
[    2.625331] VFS: Dquot-cache hash table entries: 512 (order 0, 4096 bytes)
[    2.636047] NET: Registered protocol family 2
[    2.636778] tcp_listen_portaddr_hash hash table entries: 2048 (order: 3, 32768 bytes, linear)
[    2.644971] TCP established hash table entries: 32768 (order: 6, 262144 bytes, linear)
[    2.652996] TCP bind hash table entries: 32768 (order: 7, 524288 bytes, linear)
[    2.660441] TCP: Hash tables configured (established 32768 bind 32768)
[    2.666616] UDP hash table entries: 2048 (order: 4, 65536 bytes, linear)
[    2.673281] UDP-Lite hash table entries: 2048 (order: 4, 65536 bytes, linear)
[    2.680441] NET: Registered protocol family 1
[    2.684898] RPC: Registered named UNIX socket transport module.
[    2.690519] RPC: Registered udp transport module.
[    2.695182] RPC: Registered tcp transport module.
[    2.699853] RPC: Registered tcp NFSv4.1 backchannel transport module.
[    2.706843] PCI: CLS 0 bytes, default 64
[    2.710551] hw perfevents: no interrupt-affinity property for /pmu, guessing.
[    2.717403] hw perfevents: enabled with armv8_pmuv3 PMU driver, 7 counters available
[    2.725757] Initialise system trusted keyrings
[    2.729431] workingset: timestamp_bits=62 max_order=20 bucket_order=0
[    2.736334] NFS: Registering the id_resolver key type
[    2.740785] Key type id_resolver registered
[    2.744920] Key type id_legacy registered
[    2.748910] nfs4filelayout_init: NFSv4 File Layout Driver Registering...
[    2.755576] jffs2: version 2.2. (NAND) (SUMMARY)  Â© 2001-2006 Red Hat, Inc.
[    2.798249] NET: Registered protocol family 38
[    2.798292] xor: measuring software checksum speed
[    2.805977]    8regs           :  2363 MB/sec
[    2.809646]    32regs          :  2799 MB/sec
[    2.814589]    arm64_neon      :  2380 MB/sec
[    2.814778] xor: using function: 32regs (2799 MB/sec)
[    2.819804] Key type asymmetric registered
[    2.823865] Asymmetric key parser 'x509' registered
[    2.828726] Block layer SCSI generic (bsg) driver version 0.4 loaded (major 248)
[    2.836063] io scheduler mq-deadline registered
[    2.840560] io scheduler kyber registered
[    2.869954] Serial: 8250/16550 driver, 4 ports, IRQ sharing disabled
[    2.874599] cacheinfo: Unable to detect cache hierarchy for CPU 0
[    2.880940] brd: module loaded
[    2.885090] loop: module loaded
[    2.885635] Registered mathworks_ip class
[    2.888962] libphy: Fixed MDIO Bus: probed
[    2.891962] tun: Universal TUN/TAP device driver, 1.6
[    2.896007] CAN device driver interface
[    2.900541] usbcore: registered new interface driver asix
[    2.905138] usbcore: registered new interface driver ax88179_178a
[    2.911172] usbcore: registered new interface driver cdc_ether
[    2.916967] usbcore: registered new interface driver net1080
[    2.922593] usbcore: registered new interface driver cdc_subset
[    2.928473] usbcore: registered new interface driver zaurus
[    2.934016] usbcore: registered new interface driver cdc_ncm
[    2.940428] ehci_hcd: USB 2.0 'Enhanced' Host Controller (EHCI) Driver
[    2.946102] ehci-pci: EHCI PCI platform driver
[    2.950897] usbcore: registered new interface driver uas
[    2.955817] usbcore: registered new interface driver usb-storage
[    2.961805] usbcore: registered new interface driver usbserial_generic
[    2.968256] usbserial: USB Serial support registered for generic
[    2.974230] usbcore: registered new interface driver ftdi_sio
[    2.979932] usbserial: USB Serial support registered for FTDI USB Serial Device
[    2.987209] usbcore: registered new interface driver upd78f0730
[    2.993080] usbserial: USB Serial support registered for upd78f0730
[    3.000742] rtc_zynqmp ffa60000.rtc: registered as rtc0
[    3.004505] rtc_zynqmp ffa60000.rtc: setting system clock to 2022-04-12T21:29:04 UTC (1649798944)
[    3.013368] i2c /dev entries driver
[    3.018682] usbcore: registered new interface driver uvcvideo
[    3.022481] USB Video Class driver (1.1.1)
[    3.028064] Bluetooth: HCI UART driver ver 2.3
[    3.030952] Bluetooth: HCI UART protocol H4 registered
[    3.036061] Bluetooth: HCI UART protocol BCSP registered
[    3.041351] Bluetooth: HCI UART protocol LL registered
[    3.046439] Bluetooth: HCI UART protocol ATH3K registered
[    3.051813] Bluetooth: HCI UART protocol Three-wire (H5) registered
[    3.058069] Bluetooth: HCI UART protocol Intel registered
[    3.063405] Bluetooth: HCI UART protocol QCA registered
[    3.068608] usbcore: registered new interface driver bcm203x
[    3.074228] usbcore: registered new interface driver bpa10x
[    3.079764] usbcore: registered new interface driver bfusb
[    3.085214] usbcore: registered new interface driver btusb
[    3.090677] usbcore: registered new interface driver ath3k
[    3.096161] EDAC MC: ECC not enabled
[    3.099786] EDAC DEVICE0: Giving out device to module zynqmp-ocm-edac controller zynqmp_ocm: DEV ff960000.memory-controller (INTERRUPT)
[    3.112100] sdhci: Secure Digital Host Controller Interface driver
[    3.117888] sdhci: Copyright(c) Pierre Ossman
[    3.122213] sdhci-pltfm: SDHCI platform and OF driver helper
[    3.128263] ledtrig-cpu: registered to indicate activity on CPUs
[    3.133818] SMCCC: SOC_ID: ARCH_SOC_ID not implemented, skipping ....
[    3.140249] zynqmp_firmware_probe Platform Management API v1.1
[    3.146004] zynqmp_firmware_probe Trustzone version v1.0
[    3.185529] zynqmp-pinctrl firmware:zynqmp-firmware:pinctrl: zynqmp pinctrl initialized
[    3.233534] zynqmp-aes firmware:zynqmp-firmware:zynqmp-aes: will run requests pump with realtime priority
[    3.249361] alg: No test for xilinx-keccak-384 (zynqmp-keccak-384)
[    3.250069] alg: No test for xilinx-zynqmp-rsa (zynqmp-rsa)
[    3.255579] usbcore: registered new interface driver usbhid
[    3.260970] usbhid: USB HID core driver
[    3.272218] axi_sysid 85000000.axi-sysid-0: AXI System ID core version (1.01.a) found
[    3.274568] axi_sysid 85000000.axi-sysid-0: [ad9081_fmca_ebz] on [zcu102] git branch <master> git <084d44c9780640ca93fd847b1d9ec70dd65f5c67> clean [2022-03-18 04:17:50] UTC
[    3.290257] fpga_manager fpga0: Xilinx ZynqMP FPGA Manager registered
[    3.296620] usbcore: registered new interface driver snd-usb-audio
[    3.304057] pktgen: Packet Generator for packet performance testing. Version: 2.75
[    3.310230] Initializing XFRM netlink socket
[    3.314100] NET: Registered protocol family 10
[    3.318813] Segment Routing with IPv6
[    3.322197] sit: IPv6, IPv4 and MPLS over IPv4 tunneling driver
[    3.328267] NET: Registered protocol family 17
[    3.332370] NET: Registered protocol family 15
[    3.336866] can: controller area network core
[    3.341122] NET: Registered protocol family 29
[    3.345510] can: raw protocol
[    3.348447] can: broadcast manager protocol
[    3.352602] can: netlink gateway - max_hops=1
[    3.356996] Bluetooth: RFCOMM TTY layer initialized
[    3.361775] Bluetooth: RFCOMM socket layer initialized
[    3.366887] Bluetooth: RFCOMM ver 1.11
[    3.370594] Bluetooth: BNEP (Ethernet Emulation) ver 1.3
[    3.375865] Bluetooth: BNEP filters: protocol multicast
[    3.381059] Bluetooth: BNEP socket layer initialized
[    3.385986] Bluetooth: HIDP (Human Interface Emulation) ver 1.2
[    3.391869] Bluetooth: HIDP socket layer initialized
[    3.396921] 9pnet: Installing 9P2000 support
[    3.401047] NET: Registered protocol family 36
[    3.405464] Key type dns_resolver registered
[    3.409897] registered taskstats version 1
[    3.413760] Loading compiled-in X.509 certificates
[    3.418873] Btrfs loaded, crc32c=crc32c-generic
[    3.431262] ff000000.serial: ttyPS0 at MMIO 0xff000000 (irq = 49, base_baud = 6249999) is a xuartps
[    3.440286] printk: console [ttyPS0] enabled
[    3.444581] printk: bootconsole [cdns0] disabled
[    3.454210] ff010000.serial: ttyPS1 at MMIO 0xff010000 (irq = 50, base_baud = 6249999) is a xuartps
[    3.467439] of-fpga-region fpga-full: FPGA Region probed
[    3.474394] nwl-pcie fd0e0000.pcie: host bridge /axi/pcie@fd0e0000 ranges:
[    3.481293] nwl-pcie fd0e0000.pcie:      MEM 0x00e0000000..0x00efffffff -> 0x00e0000000
[    3.489302] nwl-pcie fd0e0000.pcie:      MEM 0x0600000000..0x07ffffffff -> 0x0600000000
[    3.497366] nwl-pcie fd0e0000.pcie: Link is DOWN
[    3.502122] nwl-pcie fd0e0000.pcie: PCI host bridge to bus 0000:00
[    3.508300] pci_bus 0000:00: root bus resource [bus 00-ff]
[    3.513782] pci_bus 0000:00: root bus resource [mem 0xe0000000-0xefffffff]
[    3.520652] pci_bus 0000:00: root bus resource [mem 0x600000000-0x7ffffffff pref]
[    3.528155] pci 0000:00:00.0: [10ee:d021] type 01 class 0x060400
[    3.534212] pci 0000:00:00.0: PME# supported from D0 D1 D2 D3hot
[    3.544645] pci 0000:00:00.0: PCI bridge to [bus 01-0c]
[    3.550620] xilinx-zynqmp-dma fd500000.dma: ZynqMP DMA driver Probe success
[    3.557791] xilinx-zynqmp-dma fd510000.dma: ZynqMP DMA driver Probe success
[    3.564969] xilinx-zynqmp-dma fd520000.dma: ZynqMP DMA driver Probe success
[    3.572137] xilinx-zynqmp-dma fd530000.dma: ZynqMP DMA driver Probe success
[    3.579301] xilinx-zynqmp-dma fd540000.dma: ZynqMP DMA driver Probe success
[    3.586472] xilinx-zynqmp-dma fd550000.dma: ZynqMP DMA driver Probe success
[    3.593643] xilinx-zynqmp-dma fd560000.dma: ZynqMP DMA driver Probe success
[    3.600813] xilinx-zynqmp-dma fd570000.dma: ZynqMP DMA driver Probe success
[    3.608213] xilinx-zynqmp-dpdma fd4c0000.dma-controller: Xilinx DPDMA engine is probed
[    3.616760] ahci-ceva fd0c0000.ahci: supply ahci not found, using dummy regulator
[    3.624298] ahci-ceva fd0c0000.ahci: supply phy not found, using dummy regulator
[    3.711864] hmc7044 spi2.0: PLL1: Acquisition, CLKIN0 @ 122880000 Hz, PFD: 80 kHz - PLL2: Locked @ 2840.000000 MHz
[    3.722578] jesd204: /axi/spi@ff050000/hmc7044@0,jesd204:1,parent=spi2.0: Using as SYSREF provider
[    3.732162] spi-nor spi0.0: SPI-NOR-UniqueID 100000235394732200270025081115266e
[    3.739466] spi-nor spi0.0: found n25q512a, expected m25p80
[    3.745671] spi-nor spi0.0: trying to lock already unlocked area
[    3.751683] spi-nor spi0.0: n25q512a (131072 Kbytes)
[    3.756664] 4 fixed-partitions partitions found on MTD device spi0.0
[    3.763009] Creating 4 MTD partitions on "spi0.0":
[    3.767795] 0x000000000000-0x000000100000 : "qspi-fsbl-uboot"
[    3.774293] 0x000000100000-0x000000600000 : "qspi-linux"
[    3.780245] 0x000000600000-0x000000620000 : "qspi-device-tree"
[    3.786719] 0x000000620000-0x000000c00000 : "qspi-rootfs"
[    3.795194] macb ff0e0000.ethernet: Not enabling partial store and forward
[    3.802712] libphy: MACB_mii_bus: probed
[    3.807766] macb ff0e0000.ethernet eth0: Cadence GEM rev 0x50070106 at 0xff0e0000 irq 30 (00:0a:35:04:8e:1b)
[    3.817982] xilinx-axipmon ffa00000.perf-monitor: Probed Xilinx APM
[    3.824556] xilinx-axipmon fd0b0000.perf-monitor: Probed Xilinx APM
[    3.831071] xilinx-axipmon fd490000.perf-monitor: Probed Xilinx APM
[    3.837605] xilinx-axipmon ffa10000.perf-monitor: Probed Xilinx APM
[    3.847620] pca953x 0-0020: supply vcc not found, using dummy regulator
[    3.854302] pca953x 0-0020: using no AI
[    3.858790] gpio-496 (sel0): hogged as output/low
[    3.863700] gpio-497 (sel1): hogged as output/high
[    3.868684] gpio-498 (sel2): hogged as output/high
[    3.873673] gpio-499 (sel3): hogged as output/high
[    3.878845] pca953x 0-0021: supply vcc not found, using dummy regulator
[    3.885513] pca953x 0-0021: using no AI
[    3.891284] ina2xx 2-0040: power monitor ina226 (Rshunt = 5000 uOhm)
[    3.898308] ina2xx 2-0041: power monitor ina226 (Rshunt = 5000 uOhm)
[    3.905352] ina2xx 2-0042: power monitor ina226 (Rshunt = 5000 uOhm)
[    3.912381] ina2xx 2-0043: power monitor ina226 (Rshunt = 5000 uOhm)
[    3.919407] ina2xx 2-0044: power monitor ina226 (Rshunt = 5000 uOhm)
[    3.926425] ina2xx 2-0045: power monitor ina226 (Rshunt = 5000 uOhm)
[    3.933456] ina2xx 2-0046: power monitor ina226 (Rshunt = 5000 uOhm)
[    3.940531] ina2xx 2-0047: power monitor ina226 (Rshunt = 5000 uOhm)
[    3.947559] ina2xx 2-004a: power monitor ina226 (Rshunt = 5000 uOhm)
[    3.954600] ina2xx 2-004b: power monitor ina226 (Rshunt = 5000 uOhm)
[    3.961008] i2c i2c-0: Added multiplexed i2c bus 2
[    3.966392] random: fast init done
[    3.969859] ina2xx 3-0040: power monitor ina226 (Rshunt = 2000 uOhm)
[    3.976886] ina2xx 3-0041: power monitor ina226 (Rshunt = 5000 uOhm)
[    3.983913] ina2xx 3-0042: power monitor ina226 (Rshunt = 5000 uOhm)
[    3.990948] ina2xx 3-0043: power monitor ina226 (Rshunt = 5000 uOhm)
[    3.997970] ina2xx 3-0044: power monitor ina226 (Rshunt = 5000 uOhm)
[    4.004995] ina2xx 3-0045: power monitor ina226 (Rshunt = 5000 uOhm)
[    4.012027] ina2xx 3-0046: power monitor ina226 (Rshunt = 5000 uOhm)
[    4.019059] ina2xx 3-0047: power monitor ina226 (Rshunt = 5000 uOhm)
[    4.025459] i2c i2c-0: Added multiplexed i2c bus 3
[    4.081421] i2c i2c-0: Added multiplexed i2c bus 4
[    4.086364] i2c i2c-0: Added multiplexed i2c bus 5
[    4.091154] pca954x 0-0075: registered 4 multiplexed busses for I2C mux pca9544
[    4.098504] cdns-i2c ff020000.i2c: 400 kHz mmio ff020000 irq 32
[    4.106235] at24 6-0054: supply vcc not found, using dummy regulator
[    4.113131] at24 6-0054: 1024 byte 24c08 EEPROM, writable, 1 bytes/write
[    4.119883] i2c i2c-1: Added multiplexed i2c bus 6
[    4.126313] si5341 7-0036: Chip: 5341 Grade: 1 Rev: 1
[    4.164010] i2c i2c-1: Added multiplexed i2c bus 7
[    4.171654] si570 8-005d: registered, current frequency 300000000 Hz
[    4.178055] i2c i2c-1: Added multiplexed i2c bus 8
[    4.197833] si570 9-005d: registered, current frequency 148500000 Hz
[    4.204234] i2c i2c-1: Added multiplexed i2c bus 9
[    4.209264] si5324 10-0069: si5328 probed
[    4.276042] si5324 10-0069: si5328 probe successful
[    4.280968] i2c i2c-1: Added multiplexed i2c bus 10
[    4.285995] i2c i2c-1: Added multiplexed i2c bus 11
[    4.291022] i2c i2c-1: Added multiplexed i2c bus 12
[    4.296043] i2c i2c-1: Added multiplexed i2c bus 13
[    4.300923] pca954x 1-0074: registered 8 multiplexed busses for I2C switch pca9548
[    4.309033] at24 14-0050: supply vcc not found, using dummy regulator
[    4.315828] at24 14-0050: 256 byte 24c02 EEPROM, writable, 1 bytes/write
[    4.322575] i2c i2c-1: Added multiplexed i2c bus 14
[    4.327615] i2c i2c-1: Added multiplexed i2c bus 15
[    4.332647] i2c i2c-1: Added multiplexed i2c bus 16
[    4.337686] i2c i2c-1: Added multiplexed i2c bus 17
[    4.342721] i2c i2c-1: Added multiplexed i2c bus 18
[    4.347763] i2c i2c-1: Added multiplexed i2c bus 19
[    4.352804] i2c i2c-1: Added multiplexed i2c bus 20
[    4.357838] i2c i2c-1: Added multiplexed i2c bus 21
[    4.362715] pca954x 1-0075: registered 8 multiplexed busses for I2C switch pca9548
[    4.370324] cdns-i2c ff030000.i2c: 400 kHz mmio ff030000 irq 33
[    4.380063] cdns-wdt fd4d0000.watchdog: Xilinx Watchdog Timer with timeout 60s
[    4.389115] axi_adxcvr 84a60000.axi-adxcvr-rx: adxcvr_enforce_settings: Using QPLL without access, assuming desired Lane rate will be configured by a different instance
[    4.405753] axi_adxcvr 84a60000.axi-adxcvr-rx: AXI-ADXCVR-RX (17.05.a) using QPLL on GTH4 at 0x84A60000. Number of lanes: 4.
[    4.417912] axi_adxcvr 84b60000.axi-adxcvr-tx: AXI-ADXCVR-TX (17.05.a) using QPLL on GTH4 at 0x84B60000. Number of lanes: 4.
[    4.421865] mmc0: SDHCI controller on ff170000.mmc [ff170000.mmc] using ADMA 64-bit
[    4.437065] axi-jesd204-rx 84a90000.axi-jesd204-rx: AXI-JESD204-RX (1.07.a) at 0x84A90000. Encoder 8b10b, width 4/4, lanes 4, jesd204-fsm.
[    4.449898] axi-jesd204-tx 84b90000.axi-jesd204-tx: AXI-JESD204-TX (1.06.a) at 0x84B90000. Encoder 8b10b, width 4/4, lanes 4, jesd204-fsm.
[    4.463404] zynqmp-display fd4a0000.display: vtc bridge property not present
[    4.469454] mmc0: new high speed SDHC card at address 0001
[    4.473051] xilinx-dp-snd-codec fd4a0000.display:zynqmp_dp_snd_codec0: Failed to get required clock freq
[    4.476290] mmcblk0: mmc0:0001 EB1QT 29.8 GiB 
[    4.485418] xilinx-dp-snd-codec: probe of fd4a0000.display:zynqmp_dp_snd_codec0 failed with error -22
[    4.491070]  mmcblk0: p1 p2 p3
[    4.499405] xilinx-dp-snd-pcm zynqmp_dp_snd_pcm0: Xilinx DisplayPort Sound PCM probed
[    4.510263] xilinx-dp-snd-pcm zynqmp_dp_snd_pcm1: Xilinx DisplayPort Sound PCM probed
[    4.518471] OF: graph: no port node found in /axi/display@fd4a0000
[    4.524879] xlnx-drm xlnx-drm.0: bound fd4a0000.display (ops 0xffffffc010fcbdb8)
[    5.611702] zynqmp-display fd4a0000.display: [drm] Cannot find any crtc or sizes
[    5.619315] [drm] Initialized xlnx 1.0.0 20130509 for fd4a0000.display on minor 0
[    5.626803] zynqmp-display fd4a0000.display: ZynqMP DisplayPort Subsystem driver probed
[    5.635118] ahci-ceva fd0c0000.ahci: supply ahci not found, using dummy regulator
[    5.642662] ahci-ceva fd0c0000.ahci: supply phy not found, using dummy regulator
[    5.650116] ahci-ceva fd0c0000.ahci: supply target not found, using dummy regulator
[    5.657953] ahci-ceva fd0c0000.ahci: AHCI 0001.0301 32 slots 2 ports 6 Gbps 0x3 impl platform mode
[    5.666910] ahci-ceva fd0c0000.ahci: flags: 64bit ncq sntf pm clo only pmp fbs pio slum part ccc sds apst 
[    5.677605] scsi host0: ahci-ceva
[    5.681209] scsi host1: ahci-ceva
[    5.684636] ata1: SATA max UDMA/133 mmio [mem 0xfd0c0000-0xfd0c1fff] port 0x100 irq 45
[    5.692550] ata2: SATA max UDMA/133 mmio [mem 0xfd0c0000-0xfd0c1fff] port 0x180 irq 45
[    5.701148] ad9081 spi1.0: supply vdd not found, using dummy regulator
[    6.013907] ata2: SATA link down (SStatus 0 SControl 330)
[    6.019315] ata1: SATA link down (SStatus 0 SControl 330)
[    6.695706] zynqmp-display fd4a0000.display: [drm] Cannot find any crtc or sizes
[    7.488434] ad9081 spi1.0: AD9081 Rev. 2 Grade 10 (API 1.2.2) probed
[    7.495635] xhci-hcd xhci-hcd.1.auto: xHCI Host Controller
[    7.501125] xhci-hcd xhci-hcd.1.auto: new USB bus registered, assigned bus number 1
[    7.508872] xhci-hcd xhci-hcd.1.auto: hcc params 0x0238f625 hci version 0x100 quirks 0x0000000002010810
[    7.518286] xhci-hcd xhci-hcd.1.auto: irq 59, io mem 0xfe200000
[    7.524392] usb usb1: New USB device found, idVendor=1d6b, idProduct=0002, bcdDevice= 5.10
[    7.532651] usb usb1: New USB device strings: Mfr=3, Product=2, SerialNumber=1
[    7.539869] usb usb1: Product: xHCI Host Controller
[    7.544737] usb usb1: Manufacturer: Linux 5.10.0-98103-g2aa7ac113716 xhci-hcd
[    7.551863] usb usb1: SerialNumber: xhci-hcd.1.auto
[    7.557032] hub 1-0:1.0: USB hub found
[    7.560800] hub 1-0:1.0: 1 port detected
[    7.564907] xhci-hcd xhci-hcd.1.auto: xHCI Host Controller
[    7.570395] xhci-hcd xhci-hcd.1.auto: new USB bus registered, assigned bus number 2
[    7.578048] xhci-hcd xhci-hcd.1.auto: Host supports USB 3.0 SuperSpeed
[    7.584676] usb usb2: New USB device found, idVendor=1d6b, idProduct=0003, bcdDevice= 5.10
[    7.592933] usb usb2: New USB device strings: Mfr=3, Product=2, SerialNumber=1
[    7.600153] usb usb2: Product: xHCI Host Controller
[    7.605020] usb usb2: Manufacturer: Linux 5.10.0-98103-g2aa7ac113716 xhci-hcd
[    7.612151] usb usb2: SerialNumber: xhci-hcd.1.auto
[    7.617263] hub 2-0:1.0: USB hub found
[    7.621028] hub 2-0:1.0: 1 port detected
[    7.651126] cf_axi_adc 84a10000.axi-ad9081-rx-hpc: ADI AIM (10.01.b) at 0x84A10000 mapped to 0x(____ptrval____), probed ADC AD9081 as MASTER
[    7.684527] cf_axi_dds 84b10000.axi-ad9081-tx-hpc: Analog Devices CF_AXI_DDS_DDS MASTER (9.01.b) at 0x84B10000 mapped to 0x(____ptrval____), probed DDS AD9081
[    7.698728] jesd204: /axi/spi@ff040000/ad9081@0,jesd204:0,parent=spi1.0: JESD204[2] transition initialized -> probed
[    7.709250] jesd204: /axi/spi@ff040000/ad9081@0,jesd204:0,parent=spi1.0: JESD204[0] transition initialized -> probed
[    7.719773] jesd204: /axi/spi@ff040000/ad9081@0,jesd204:0,parent=spi1.0: JESD204[2] transition probed -> idle
[    7.729690] jesd204: /axi/spi@ff040000/ad9081@0,jesd204:0,parent=spi1.0: JESD204[0] transition probed -> idle
[    7.739605] jesd204: /axi/spi@ff040000/ad9081@0,jesd204:0,parent=spi1.0: JESD204[2] transition idle -> device_init
[    7.749947] jesd204: /axi/spi@ff040000/ad9081@0,jesd204:0,parent=spi1.0: JESD204[0] transition idle -> device_init
[    7.760299] jesd204: /axi/spi@ff040000/ad9081@0,jesd204:0,parent=spi1.0: JESD204[2] transition device_init -> link_init
[    7.771074] jesd204: /axi/spi@ff040000/ad9081@0,jesd204:0,parent=spi1.0: JESD204[0] transition device_init -> link_init
[    7.781864] jesd204: /axi/spi@ff040000/ad9081@0,jesd204:0,parent=spi1.0: JESD204[2] transition link_init -> link_supported
[    7.792905] jesd204: /axi/spi@ff040000/ad9081@0,jesd204:0,parent=spi1.0: JESD204[0] transition link_init -> link_supported
[    7.804321] hmc7044 spi2.0: hmc7044_jesd204_link_pre_setup: Link2 forcing continuous SYSREF mode
[    7.813439] jesd204: /axi/spi@ff040000/ad9081@0,jesd204:0,parent=spi1.0: JESD204[2] transition link_supported -> link_pre_setup
[    7.824919] jesd204: /axi/spi@ff040000/ad9081@0,jesd204:0,parent=spi1.0: JESD204[0] transition link_supported -> link_pre_setup
[    7.848767] jesd204: /axi/spi@ff040000/ad9081@0,jesd204:0,parent=spi1.0: JESD204[2] transition link_pre_setup -> clk_sync_stage1
[    7.860332] jesd204: /axi/spi@ff040000/ad9081@0,jesd204:0,parent=spi1.0: JESD204[0] transition link_pre_setup -> clk_sync_stage1
[    7.871897] jesd204: /axi/spi@ff040000/ad9081@0,jesd204:0,parent=spi1.0: JESD204[2] transition clk_sync_stage1 -> clk_sync_stage2
[    7.883540] jesd204: /axi/spi@ff040000/ad9081@0,jesd204:0,parent=spi1.0: JESD204[0] transition clk_sync_stage1 -> clk_sync_stage2
[    7.895194] jesd204: /axi/spi@ff040000/ad9081@0,jesd204:0,parent=spi1.0: JESD204[2] transition clk_sync_stage2 -> clk_sync_stage3
[    7.906843] jesd204: /axi/spi@ff040000/ad9081@0,jesd204:0,parent=spi1.0: JESD204[0] transition clk_sync_stage2 -> clk_sync_stage3
[    7.920510] jesd204: /axi/spi@ff040000/ad9081@0,jesd204:0,parent=spi1.0: JESD204[2] transition clk_sync_stage3 -> link_setup
[    7.931727] jesd204: /axi/spi@ff040000/ad9081@0,jesd204:0,parent=spi1.0: JESD204[0] transition clk_sync_stage3 -> link_setup
[    7.947716] jesd204: /axi/spi@ff040000/ad9081@0,jesd204:0,parent=spi1.0: JESD204[2] transition link_setup -> opt_setup_stage1
[    7.959016] jesd204: /axi/spi@ff040000/ad9081@0,jesd204:0,parent=spi1.0: JESD204[0] transition link_setup -> opt_setup_stage1
[    7.975357] jesd204: /axi/spi@ff040000/ad9081@0,jesd204:0,parent=spi1.0: JESD204[2] transition opt_setup_stage1 -> opt_setup_stage2
[    7.987183] jesd204: /axi/spi@ff040000/ad9081@0,jesd204:0,parent=spi1.0: JESD204[0] transition opt_setup_stage1 -> opt_setup_stage2
[    7.999156] jesd204: /axi/spi@ff040000/ad9081@0,jesd204:0,parent=spi1.0: JESD204[2] transition opt_setup_stage2 -> opt_setup_stage3
[    8.010974] jesd204: /axi/spi@ff040000/ad9081@0,jesd204:0,parent=spi1.0: JESD204[0] transition opt_setup_stage2 -> opt_setup_stage3
[    8.022797] jesd204: /axi/spi@ff040000/ad9081@0,jesd204:0,parent=spi1.0: JESD204[2] transition opt_setup_stage3 -> opt_setup_stage4
[    8.034617] jesd204: /axi/spi@ff040000/ad9081@0,jesd204:0,parent=spi1.0: JESD204[0] transition opt_setup_stage3 -> opt_setup_stage4
[    8.046445] jesd204: /axi/spi@ff040000/ad9081@0,jesd204:0,parent=spi1.0: JESD204[2] transition opt_setup_stage4 -> opt_setup_stage5
[    8.058266] jesd204: /axi/spi@ff040000/ad9081@0,jesd204:0,parent=spi1.0: JESD204[0] transition opt_setup_stage4 -> opt_setup_stage5
[    8.076266] jesd204: /axi/spi@ff040000/ad9081@0,jesd204:0,parent=spi1.0: JESD204[2] transition opt_setup_stage5 -> clocks_enable
[    8.087826] jesd204: /axi/spi@ff040000/ad9081@0,jesd204:0,parent=spi1.0: JESD204[0] transition opt_setup_stage5 -> clocks_enable
[    8.099452] jesd204: /axi/spi@ff040000/ad9081@0,jesd204:0,parent=spi1.0: JESD204[2] transition clocks_enable -> link_enable
[    8.110575] jesd204: /axi/spi@ff040000/ad9081@0,jesd204:0,parent=spi1.0: JESD204[0] transition clocks_enable -> link_enable
[    8.143941] ad9081 spi1.0: JESD RX (JTX) Link2 in DATA, SYNC deasserted, PLL locked, PHASE established, MODE valid
[    8.154601] ad9081 spi1.0: JESD TX (JRX) Link0 0xF lanes in DATA
[    8.160609] jesd204: /axi/spi@ff040000/ad9081@0,jesd204:0,parent=spi1.0: JESD204[2] transition link_enable -> link_running
[    8.171646] jesd204: /axi/spi@ff040000/ad9081@0,jesd204:0,parent=spi1.0: JESD204[0] transition link_enable -> link_running
[    8.182695] jesd204: /axi/spi@ff040000/ad9081@0,jesd204:0,parent=spi1.0: JESD204[2] transition link_running -> opt_post_running_stage
[    8.194692] jesd204: /axi/spi@ff040000/ad9081@0,jesd204:0,parent=spi1.0: JESD204[0] transition link_running -> opt_post_running_stage
[    8.216026] input: gpio-keys as /devices/platform/gpio-keys/input/input0
[    8.223046] of_cfs_init
[    8.225506] of_cfs_init: OK
[    8.228447] cfg80211: Loading compiled-in X.509 certificates for regulatory database
[    8.389251] cfg80211: Loaded X.509 cert 'sforshee: 00b28ddf47aef9cea7'
[    8.395778] clk: Not disabling unused clocks
[    8.400307] ALSA device list:
[    8.403261]   No soundcards found.
[    8.406939] platform regulatory.0: Direct firmware load for regulatory.db failed with error -2
[    8.415548] cfg80211: failed to load regulatory.db
[    8.430106] EXT4-fs (mmcblk0p2): mounted filesystem with ordered data mode. Opts: (null)
[    8.438219] VFS: Mounted root (ext4 filesystem) on device 179:2.
[    8.451371] devtmpfs: mounted
[    8.455187] Freeing unused kernel memory: 2560K
[    8.475738] Run /sbin/init as init process
[    8.479829]   with arguments:
[    8.479832]     /sbin/init
[    8.479834]   with environment:
[    8.479837]     HOME=/
[    8.479839]     TERM=linux
[    9.048265] systemd[1]: systemd 241 running in system mode. (+PAM +AUDIT +SELINUX +IMA +APPARMOR +SMACK +SYSVINIT +UTMP +LIBCRYPTSETUP +GCRYPT +GNUTLS +ACL +XZ +LZ4 +SECCOMP +BLKID +ELFUTILS +KMOD -IDN2 +IDN -PCRE2 default-hierarchy=hybrid)
[    9.070142] systemd[1]: Detected architecture arm64.
[    9.092400] systemd[1]: Set hostname to <analog>.
[    9.270484] systemd[1]: File /lib/systemd/system/systemd-journald.service:12 configures an IP firewall (IPAddressDeny=any), but the local system does not support BPF/cgroup based firewalling.
[    9.287537] systemd[1]: Proceeding WITHOUT firewalling in effect! (This warning is only shown for the first loaded unit using IP firewalling.)
[    9.451300] systemd[1]: /etc/systemd/system/tof-server.service:1: Assignment outside of section. Ignoring.
[    9.460984] systemd[1]: /etc/systemd/system/tof-server.service:2: Assignment outside of section. Ignoring.
[    9.644366] random: systemd: uninitialized urandom read (16 bytes read)
[    9.659054] random: systemd: uninitialized urandom read (16 bytes read)
[    9.666136] systemd[1]: Listening on udev Control Socket.
[    9.687760] random: systemd: uninitialized urandom read (16 bytes read)
[    9.694966] systemd[1]: Created slice system-systemd\x2dfsck.slice.
[    9.715775] systemd[1]: Condition check resulted in Arbitrary Executable File Formats File System Automount Point being skipped.
[   10.009706] random: crng init done
[   10.013101] random: 7 urandom warning(s) missed due to ratelimiting
[   10.315889] ------------[ cut here ]------------
[   10.315899] Enabling unprepared \xa0\xc9Q\x88\xff\xff\xffPQ\x88\xff\xff\xff
[   10.315947] WARNING: CPU: 1 PID: 130 at drivers/clk/clk.c:1012 clk_core_enable+0xa4/0xc0
[   10.315951] Modules linked in:
[   10.315961] CPU: 1 PID: 130 Comm: kworker/1:1H Not tainted 5.10.0-98103-g2aa7ac113716 #5577
[   10.315964] Hardware name: ZynqMP ZCU102 Rev1.0 (DT)
[   10.315974] Workqueue: kblockd blk_mq_run_work_fn
[   10.315982] pstate: 80000085 (Nzcv daIf -PAN -UAO -TCO BTYPE=--)
[   10.315988] pc : clk_core_enable+0xa4/0xc0
[   10.315993] lr : clk_core_enable+0xa4/0xc0
[   10.315996] sp : ffffffc012b4b2d0
[   10.315999] x29: ffffffc012b4b2d0 x28: ffffff8800330c10 
[   10.316006] x27: ffffff8800330d48 x26: 0000005000000101 
[   10.316013] x25: 0000000260eef554 x24: 0000000000000001 
[   10.316019] x23: ffffff88010e9380 x22: ffffff8801083220 
[   10.316026] x21: ffffff8801515000 x20: ffffff8801515008 
[   10.316032] x19: ffffff8801515008 x18: 0000000000000030 
[   10.316039] x17: 00001ed7bd9a45b0 x16: 0000000000000018 
[   10.316045] x15: ffffffffffff87b8 x14: ffffffc011d3b1a0 
[   10.316052] x13: ffffffc011d3b1c8 x12: 00000000000005ee 
[   10.316058] x11: 00000000000001fa x10: ffffffc011d671c8 
[   10.316065] x9 : 00000000fffff800 x8 : ffffffc011d3b1c8 
[   10.316071] x7 : ffffffc011d671c8 x6 : 0000000000000001 
[   10.316078] x5 : ffffff887f77c9e0 x4 : 0000000000000000 
[   10.316084] x3 : 0000000000000027 x2 : 0000000000000023 
[   10.316090] x1 : 602f6262635e0d00 x0 : 0000000000000000 
[   10.316097] Call trace:
[   10.316104]  clk_core_enable+0xa4/0xc0
[   10.316108]  clk_enable+0x2c/0x60
[   10.316115]  zynqmp_runtime_resume+0x24/0x84
[   10.316122]  pm_generic_runtime_resume+0x30/0x50
[   10.316127]  __genpd_runtime_resume+0x30/0xb0
[   10.316134]  genpd_runtime_resume+0x90/0x250
[   10.316140]  __rpm_callback+0x10c/0x1e0
[   10.316145]  rpm_callback+0x5c/0x84
[   10.316150]  rpm_resume+0x4a4/0x74c
[   10.316155]  __pm_runtime_resume+0x78/0xc4
[   10.316160]  spi_mem_access_start.isra.0+0x30/0x80
[   10.316164]  spi_mem_exec_op+0x3b0/0x424
[   10.316169]  spi_nor_read_sr+0x78/0xe0
[   10.316174]  spi_nor_wait_till_ready_with_timeout+0xb4/0x2f0
[   10.316179]  spi_nor_read+0x188/0x380
[   10.316184]  mtd_read_oob_std+0x78/0x84
[   10.316188]  mtd_read_oob+0x7c/0x134
[   10.316193]  mtd_read+0x48/0x7c
[   10.316199]  mtdblock_readsect+0x6c/0x150
[   10.316204]  mtd_queue_rq+0x2cc/0x5a0
[   10.316210]  blk_mq_dispatch_rq_list+0x110/0x790
[   10.316216]  __blk_mq_do_dispatch_sched+0x200/0x274
[   10.316222]  __blk_mq_sched_dispatch_requests+0x1a8/0x1fc
[   10.316228]  blk_mq_sched_dispatch_requests+0x3c/0x7c
[   10.316232]  __blk_mq_run_hw_queue+0x98/0x100
[   10.316237]  blk_mq_run_work_fn+0x24/0x30
[   10.316243]  process_one_work+0x1d4/0x380
[   10.316247]  worker_thread+0x78/0x4e0
[   10.316253]  kthread+0x124/0x130
[   10.316258]  ret_from_fork+0x10/0x3c
[   10.316262] ---[ end trace dad9099c0f98db8b ]---
[   10.316270] zynqmp-qspi ff0f0000.spi: Cannot enable APB clock.
[   10.316320] spi_master spi0: Failed to power device: -108
[   10.316331] blk_update_request: I/O error, dev mtdblock0, sector 8 op 0x0:(READ) flags 0x80700 phys_seg 1 prio class 0
[   10.316405] spi_master spi0: Failed to power device: -22
[   10.316412] blk_update_request: I/O error, dev mtdblock0, sector 8 op 0x0:(READ) flags 0x0 phys_seg 8 prio class 0
[   10.316418] Buffer I/O error on dev mtdblock0, logical block 8, async page read
[   10.316427] spi_master spi0: Failed to power device: -22
[   10.316433] blk_update_request: I/O error, dev mtdblock0, sector 9 op 0x0:(READ) flags 0x0 phys_seg 7 prio class 0
[   10.316437] Buffer I/O error on dev mtdblock0, logical block 9, async page read
[   10.316445] spi_master spi0: Failed to power device: -22
[   10.316450] blk_update_request: I/O error, dev mtdblock0, sector 10 op 0x0:(READ) flags 0x0 phys_seg 6 prio class 0
[   10.316454] Buffer I/O error on dev mtdblock0, logical block 10, async page read
[   10.316461] spi_master spi0: Failed to power device: -22
[   10.316467] blk_update_request: I/O error, dev mtdblock0, sector 11 op 0x0:(READ) flags 0x0 phys_seg 5 prio class 0
[   10.316471] Buffer I/O error on dev mtdblock0, logical block 11, async page read
[   10.316478] spi_master spi0: Failed to power device: -22
[   10.316483] blk_update_request: I/O error, dev mtdblock0, sector 12 op 0x0:(READ) flags 0x0 phys_seg 4 prio class 0
[   10.316487] Buffer I/O error on dev mtdblock0, logical block 12, async page read
[   10.316494] spi_master spi0: Failed to power device: -22
[   10.316499] blk_update_request: I/O error, dev mtdblock0, sector 13 op 0x0:(READ) flags 0x0 phys_seg 3 prio class 0
[   10.316503] Buffer I/O error on dev mtdblock0, logical block 13, async page read
[   10.316510] spi_master spi0: Failed to power device: -22
[   10.316516] blk_update_request: I/O error, dev mtdblock0, sector 14 op 0x0:(READ) flags 0x0 phys_seg 2 prio class 0
[   10.316519] Buffer I/O error on dev mtdblock0, logical block 14, async page read
[   10.316526] spi_master spi0: Failed to power device: -22
[   10.316531] blk_update_request: I/O error, dev mtdblock0, sector 15 op 0x0:(READ) flags 0x0 phys_seg 1 prio class 0
[   10.316535] Buffer I/O error on dev mtdblock0, logical block 15, async page read
[   10.316911] spi_master spi0: Failed to power device: -22
[   10.316919] blk_update_request: I/O error, dev mtdblock1, sector 10112 op 0x0:(READ) flags 0x80700 phys_seg 1 prio class 0
[   10.316966] spi_master spi0: Failed to power device: -22
[   10.316972] Buffer I/O error on dev mtdblock1, logical block 10112, async page read
[   10.316980] spi_master spi0: Failed to power device: -22
[   10.316984] Buffer I/O error on dev mtdblock1, logical block 10113, async page read
[   10.316991] spi_master spi0: Failed to power device: -22
[   10.316999] spi_master spi0: Failed to power device: -22
[   10.317007] spi_master spi0: Failed to power device: -22
[   10.317014] spi_master spi0: Failed to power device: -22
[   10.317021] spi_master spi0: Failed to power device: -22
[   10.317028] spi_master spi0: Failed to power device: -22
[   10.317269] spi_master spi0: Failed to power device: -22
[   10.317313] spi_master spi0: Failed to power device: -22
[   10.317322] spi_master spi0: Failed to power device: -22
[   10.317330] spi_master spi0: Failed to power device: -22
[   10.317338] spi_master spi0: Failed to power device: -22
[   10.317345] spi_master spi0: Failed to power device: -22
[   10.317352] spi_master spi0: Failed to power device: -22
[   10.317359] spi_master spi0: Failed to power device: -22
[   10.317366] spi_master spi0: Failed to power device: -22
[   10.317651] spi_master spi0: Failed to power device: -22
[   10.317694] spi_master spi0: Failed to power device: -22
[   10.317704] spi_master spi0: Failed to power device: -22
[   10.317712] spi_master spi0: Failed to power device: -22
[   10.317719] spi_master spi0: Failed to power device: -22
[   10.317727] spi_master spi0: Failed to power device: -22
[   10.317734] spi_master spi0: Failed to power device: -22
[   10.317741] spi_master spi0: Failed to power device: -22
[   10.317748] spi_master spi0: Failed to power device: -22
[   10.449924] EXT4-fs (mmcblk0p2): re-mounted. Opts: (null)
[   10.535325] systemd-journald[168]: Received request to flush runtime journal from PID 1
[   16.532418] macb ff0e0000.ethernet eth0: PHY [ff0e0000.ethernet-ffffffff:0c] driver [TI DP83867] (irq=POLL)
[   16.532431] macb ff0e0000.ethernet eth0: configuring for phy/rgmii-id link mode
[   16.823778] Adding 102396k swap on /var/swap.  Priority:-2 extents:4 across:9953604k SS
[   19.380023] broken atomic modeset userspace detected, disabling atomic
[   20.609299] macb ff0e0000.ethernet eth0: Link is Up - 1Gbps/Full - flow control off
[   20.609325] IPv6: ADDRCONF(NETDEV_CHANGE): eth0: link becomes ready
[   22.062014] broken atomic modeset userspace detected, disabling atomic
[   24.952387] broken atomic modeset userspace detected, disabling atomic
[   27.588543] broken atomic modeset userspace detected, disabling atomic