[    0.000000] Booting Linux on physical CPU 0x0000000000 [0x410fd034]
[    0.000000] Linux version 5.10.0-98103-g2aa7ac113716 (jenkins@romlxbuild1.adlk.analog.com) (aarch64-xilinx-linux-gcc.real (GCC) 10.2.0, GNU ld (GNU Binutils) 2.35.0.20200730) #5577 SMP Wed Mar 23 07:28:49 GMT 2022
[    0.000000] Machine model: ZynqMP ZCU102 Rev1.0
[    0.000000] earlycon: cdns0 at MMIO 0x00000000ff000000 (options '115200n8')
[    0.000000] printk: bootconsole [cdns0] enabled
[    0.000000] efi: UEFI not found.
[    0.000000] cma: Reserved 256 MiB at 0x0000000070000000
[    0.000000] Zone ranges:
[    0.000000]   DMA      [mem 0x0000000000000000-0x000000003fffffff]
[    0.000000]   DMA32    [mem 0x0000000040000000-0x00000000ffffffff]
[    0.000000]   Normal   [mem 0x0000000100000000-0x000000087fffffff]
[    0.000000] Movable zone start for each node
[    0.000000] Early memory node ranges
[    0.000000]   node   0: [mem 0x0000000000000000-0x000000007fffffff]
[    0.000000]   node   0: [mem 0x0000000800000000-0x000000087fffffff]
[    0.000000] Initmem setup node 0 [mem 0x0000000000000000-0x000000087fffffff]
[    0.000000] On node 0 totalpages: 1048576
[    0.000000]   DMA zone: 3584 pages used for memmap
[    0.000000]   DMA zone: 0 pages reserved
[    0.000000]   DMA zone: 262144 pages, LIFO batch:63
[    0.000000]   DMA32 zone: 3584 pages used for memmap
[    0.000000]   DMA32 zone: 262144 pages, LIFO batch:63
[    0.000000]   Normal zone: 7168 pages used for memmap
[    0.000000]   Normal zone: 524288 pages, LIFO batch:63
[    0.000000] psci: probing for conduit method from DT.
[    0.000000] psci: PSCIv1.1 detected in firmware.
[    0.000000] psci: Using standard PSCI v0.2 function IDs
[    0.000000] psci: MIGRATE_INFO_TYPE not supported.
[    0.000000] psci: SMC Calling Convention v1.2
[    0.000000] percpu: Embedded 22 pages/cpu s49496 r8192 d32424 u90112
[    0.000000] pcpu-alloc: s49496 r8192 d32424 u90112 alloc=22*4096
[    0.000000] pcpu-alloc: [0] 0 [0] 1 [0] 2 [0] 3 
[    0.000000] Detected VIPT I-cache on CPU0
[    0.000000] CPU features: detected: ARM erratum 845719
[    0.000000] Built 1 zonelists, mobility grouping on.  Total pages: 1034240
[    0.000000] Kernel command line: console=ttyPS0,115200 root=/dev/mmcblk0p2 rw earlycon rootfstype=ext4 rootwait clk_ignore_unused cpuidle.off=1 root=/dev/mmcblk0p2 rw rootwait
[    0.000000] Dentry cache hash table entries: 524288 (order: 10, 4194304 bytes, linear)
[    0.000000] Inode-cache hash table entries: 262144 (order: 9, 2097152 bytes, linear)
[    0.000000] mem auto-init: stack:off, heap alloc:off, heap free:off
[    0.000000] software IO TLB: mapped [mem 0x000000003bfff000-0x000000003ffff000] (64MB)
[    0.000000] Memory: 3761904K/4194304K available (15296K kernel code, 1636K rwdata, 11876K rodata, 2560K init, 507K bss, 170256K reserved, 262144K cma-reserved)
[    0.000000] rcu: Hierarchical RCU implementation.
[    0.000000] rcu: 	RCU event tracing is enabled.
[    0.000000] rcu: 	RCU restricting CPUs from NR_CPUS=8 to nr_cpu_ids=4.
[    0.000000] rcu: RCU calculated value of scheduler-enlistment delay is 25 jiffies.
[    0.000000] rcu: Adjusting geometry for rcu_fanout_leaf=16, nr_cpu_ids=4
[    0.000000] NR_IRQS: 64, nr_irqs: 64, preallocated irqs: 0
[    0.000000] GIC: Adjusting CPU interface base to 0x00000000f902f000
[    0.000000] GIC: Using split EOI/Deactivate mode
[    0.000000] random: get_random_bytes called from start_kernel+0x31c/0x54c with crng_init=0
[    0.000000] arch_timer: cp15 timer(s) running at 100.00MHz (phys).
[    0.000000] clocksource: arch_sys_counter: mask: 0xffffffffffffff max_cycles: 0x171024e7e0, max_idle_ns: 440795205315 ns
[    0.000003] sched_clock: 56 bits at 100MHz, resolution 10ns, wraps every 4398046511100ns
[    0.008463] Console: colour dummy device 80x25
[    0.012483] Calibrating delay loop (skipped), value calculated using timer frequency.. 200.00 BogoMIPS (lpj=400000)
[    0.022841] pid_max: default: 32768 minimum: 301
[    0.027550] Mount-cache hash table entries: 8192 (order: 4, 65536 bytes, linear)
[    0.034789] Mountpoint-cache hash table entries: 8192 (order: 4, 65536 bytes, linear)
[    0.043396] rcu: Hierarchical SRCU implementation.
[    0.047560] EFI services will not be available.
[    0.051939] smp: Bringing up secondary CPUs ...
[    0.056657] Detected VIPT I-cache on CPU1
[    0.056696] CPU1: Booted secondary processor 0x0000000001 [0x410fd034]
[    0.057061] Detected VIPT I-cache on CPU2
[    0.057086] CPU2: Booted secondary processor 0x0000000002 [0x410fd034]
[    0.057426] Detected VIPT I-cache on CPU3
[    0.057449] CPU3: Booted secondary processor 0x0000000003 [0x410fd034]
[    0.057495] smp: Brought up 1 node, 4 CPUs
[    0.091780] SMP: Total of 4 processors activated.
[    0.096452] CPU features: detected: 32-bit EL0 Support
[    0.101556] CPU features: detected: CRC32 instructions
[    0.106696] CPU: All CPU(s) started at EL2
[    0.110736] alternatives: patching kernel code
[    0.116170] devtmpfs: initialized
[    0.124060] Registered cp15_barrier emulation handler
[    0.124110] Registered setend emulation handler
[    0.128092] clocksource: jiffies: mask: 0xffffffff max_cycles: 0xffffffff, max_idle_ns: 7645041785100000 ns
[    0.137670] futex hash table entries: 1024 (order: 4, 65536 bytes, linear)
[    0.151024] pinctrl core: initialized pinctrl subsystem
[    0.151667] NET: Registered protocol family 16
[    0.156095] DMA: preallocated 512 KiB GFP_KERNEL pool for atomic allocations
[    0.162108] DMA: preallocated 512 KiB GFP_KERNEL|GFP_DMA pool for atomic allocations
[    0.169835] DMA: preallocated 512 KiB GFP_KERNEL|GFP_DMA32 pool for atomic allocations
[    0.177636] audit: initializing netlink subsys (disabled)
[    0.183086] audit: type=2000 audit(0.116:1): state=initialized audit_enabled=0 res=1
[    0.183430] hw-breakpoint: found 6 breakpoint and 4 watchpoint registers.
[    0.197464] ASID allocator initialised with 65536 entries
[    0.224312] HugeTLB registered 1.00 GiB page size, pre-allocated 0 pages
[    0.225368] HugeTLB registered 32.0 MiB page size, pre-allocated 0 pages
[    0.232039] HugeTLB registered 2.00 MiB page size, pre-allocated 0 pages
[    0.238699] HugeTLB registered 64.0 KiB page size, pre-allocated 0 pages
[    1.304301] DRBG: Continuing without Jitter RNG
[    1.382100] raid6: neonx8   gen()  2144 MB/s
[    1.450149] raid6: neonx8   xor()  1600 MB/s
[    1.518208] raid6: neonx4   gen()  2199 MB/s
[    1.586257] raid6: neonx4   xor()  1566 MB/s
[    1.654326] raid6: neonx2   gen()  2076 MB/s
[    1.722369] raid6: neonx2   xor()  1442 MB/s
[    1.790431] raid6: neonx1   gen()  1772 MB/s
[    1.858480] raid6: neonx1   xor()  1220 MB/s
[    1.926537] raid6: int64x8  gen()  1438 MB/s
[    1.994595] raid6: int64x8  xor()   771 MB/s
[    2.062666] raid6: int64x4  gen()  1598 MB/s
[    2.130722] raid6: int64x4  xor()   817 MB/s
[    2.198793] raid6: int64x2  gen()  1397 MB/s
[    2.266832] raid6: int64x2  xor()   750 MB/s
[    2.334916] raid6: int64x1  gen()  1034 MB/s
[    2.402971] raid6: int64x1  xor()   517 MB/s
[    2.403010] raid6: using algorithm neonx4 gen() 2199 MB/s
[    2.406961] raid6: .... xor() 1566 MB/s, rmw enabled
[    2.411891] raid6: using neon recovery algorithm
[    2.416903] iommu: Default domain type: Translated 
[    2.421517] SCSI subsystem initialized
[    2.425061] libata version 3.00 loaded.
[    2.425185] usbcore: registered new interface driver usbfs
[    2.430517] usbcore: registered new interface driver hub
[    2.435790] usbcore: registered new device driver usb
[    2.440926] mc: Linux media interface: v0.10
[    2.445038] videodev: Linux video capture interface: v2.00
[    2.450531] EDAC MC: Ver: 3.0.0
[    2.453974] zynqmp-ipi-mbox mailbox@ff990400: Registered ZynqMP IPI mbox with TX/RX channels.
[    2.462478] jesd204: created con: id=0, topo=0, link=0, /axi/spi@ff050000/hmc7044@0 <-> /fpga-axi@0/axi-adxcvr-tx@84b60000
[    2.473060] jesd204: created con: id=1, topo=0, link=2, /axi/spi@ff050000/hmc7044@0 <-> /fpga-axi@0/axi-adxcvr-rx@84a60000
[    2.484044] jesd204: created con: id=2, topo=0, link=0, /fpga-axi@0/axi-adxcvr-tx@84b60000 <-> /fpga-axi@0/axi-jesd204-tx@84b90000
[    2.495720] jesd204: created con: id=3, topo=0, link=2, /fpga-axi@0/axi-adxcvr-rx@84a60000 <-> /fpga-axi@0/axi-jesd204-rx@84a90000
[    2.507397] jesd204: created con: id=4, topo=0, link=0, /fpga-axi@0/axi-jesd204-tx@84b90000 <-> /fpga-axi@0/axi-ad9081-tx-hpc@84b10000
[    2.519425] jesd204: created con: id=5, topo=0, link=2, /fpga-axi@0/axi-jesd204-rx@84a90000 <-> /fpga-axi@0/axi-ad9081-rx-hpc@84a10000
[    2.531447] jesd204: created con: id=6, topo=0, link=2, /fpga-axi@0/axi-ad9081-rx-hpc@84a10000 <-> /axi/spi@ff040000/ad9081@0
[    2.542689] jesd204: created con: id=7, topo=0, link=0, /fpga-axi@0/axi-ad9081-tx-hpc@84b10000 <-> /axi/spi@ff040000/ad9081@0
[    2.553939] jesd204: /axi/spi@ff040000/ad9081@0: JESD204[2] transition uninitialized -> initialized
[    2.562925] jesd204: /axi/spi@ff040000/ad9081@0: JESD204[0] transition uninitialized -> initialized
[    2.571917] jesd204: found 8 devices and 1 topologies
[    2.576961] FPGA manager framework
[    2.580440] Advanced Linux Sound Architecture Driver Initialized.
[    2.586735] Bluetooth: Core ver 2.22
[    2.589919] NET: Registered protocol family 31
[    2.594321] Bluetooth: HCI device and connection manager initialized
[    2.600638] Bluetooth: HCI socket layer initialized
[    2.605480] Bluetooth: L2CAP socket layer initialized
[    2.610504] Bluetooth: SCO socket layer initialized
[    2.615689] clocksource: Switched to clocksource arch_sys_counter
[    2.621497] VFS: Disk quotas dquot_6.6.0
[    2.625331] VFS: Dquot-cache hash table entries: 512 (order 0, 4096 bytes)
[    2.636042] NET: Registered protocol family 2
[    2.636777] tcp_listen_portaddr_hash hash table entries: 2048 (order: 3, 32768 bytes, linear)
[    2.644971] TCP established hash table entries: 32768 (order: 6, 262144 bytes, linear)
[    2.652996] TCP bind hash table entries: 32768 (order: 7, 524288 bytes, linear)
[    2.660441] TCP: Hash tables configured (established 32768 bind 32768)
[    2.666615] UDP hash table entries: 2048 (order: 4, 65536 bytes, linear)
[    2.673281] UDP-Lite hash table entries: 2048 (order: 4, 65536 bytes, linear)
[    2.680442] NET: Registered protocol family 1
[    2.684899] RPC: Registered named UNIX socket transport module.
[    2.690518] RPC: Registered udp transport module.
[    2.695183] RPC: Registered tcp transport module.
[    2.699853] RPC: Registered tcp NFSv4.1 backchannel transport module.
[    2.706844] PCI: CLS 0 bytes, default 64
[    2.710550] hw perfevents: no interrupt-affinity property for /pmu, guessing.
[    2.717405] hw perfevents: enabled with armv8_pmuv3 PMU driver, 7 counters available
[    2.725756] Initialise system trusted keyrings
[    2.729434] workingset: timestamp_bits=62 max_order=20 bucket_order=0
[    2.736335] NFS: Registering the id_resolver key type
[    2.740782] Key type id_resolver registered
[    2.744920] Key type id_legacy registered
[    2.748910] nfs4filelayout_init: NFSv4 File Layout Driver Registering...
[    2.755576] jffs2: version 2.2. (NAND) (SUMMARY)  Â© 2001-2006 Red Hat, Inc.
[    2.798123] NET: Registered protocol family 38
[    2.798165] xor: measuring software checksum speed
[    2.805856]    8regs           :  2363 MB/sec
[    2.809524]    32regs          :  2799 MB/sec
[    2.814467]    arm64_neon      :  2380 MB/sec
[    2.814657] xor: using function: 32regs (2799 MB/sec)
[    2.819683] Key type asymmetric registered
[    2.823744] Asymmetric key parser 'x509' registered
[    2.828606] Block layer SCSI generic (bsg) driver version 0.4 loaded (major 248)
[    2.835942] io scheduler mq-deadline registered
[    2.840439] io scheduler kyber registered
[    2.869835] Serial: 8250/16550 driver, 4 ports, IRQ sharing disabled
[    2.874480] cacheinfo: Unable to detect cache hierarchy for CPU 0
[    2.880825] brd: module loaded
[    2.884966] loop: module loaded
[    2.885515] Registered mathworks_ip class
[    2.888841] libphy: Fixed MDIO Bus: probed
[    2.891836] tun: Universal TUN/TAP device driver, 1.6
[    2.895884] CAN device driver interface
[    2.900425] usbcore: registered new interface driver asix
[    2.905016] usbcore: registered new interface driver ax88179_178a
[    2.911051] usbcore: registered new interface driver cdc_ether
[    2.916845] usbcore: registered new interface driver net1080
[    2.922472] usbcore: registered new interface driver cdc_subset
[    2.928352] usbcore: registered new interface driver zaurus
[    2.933896] usbcore: registered new interface driver cdc_ncm
[    2.940306] ehci_hcd: USB 2.0 'Enhanced' Host Controller (EHCI) Driver
[    2.945981] ehci-pci: EHCI PCI platform driver
[    2.950779] usbcore: registered new interface driver uas
[    2.955704] usbcore: registered new interface driver usb-storage
[    2.961686] usbcore: registered new interface driver usbserial_generic
[    2.968135] usbserial: USB Serial support registered for generic
[    2.974108] usbcore: registered new interface driver ftdi_sio
[    2.979811] usbserial: USB Serial support registered for FTDI USB Serial Device
[    2.987088] usbcore: registered new interface driver upd78f0730
[    2.992959] usbserial: USB Serial support registered for upd78f0730
[    3.000622] rtc_zynqmp ffa60000.rtc: registered as rtc0
[    3.004384] rtc_zynqmp ffa60000.rtc: setting system clock to 2022-04-12T21:56:07 UTC (1649800567)
[    3.013247] i2c /dev entries driver
[    3.018559] usbcore: registered new interface driver uvcvideo
[    3.022360] USB Video Class driver (1.1.1)
[    3.027939] Bluetooth: HCI UART driver ver 2.3
[    3.030831] Bluetooth: HCI UART protocol H4 registered
[    3.035940] Bluetooth: HCI UART protocol BCSP registered
[    3.041230] Bluetooth: HCI UART protocol LL registered
[    3.046318] Bluetooth: HCI UART protocol ATH3K registered
[    3.051692] Bluetooth: HCI UART protocol Three-wire (H5) registered
[    3.057947] Bluetooth: HCI UART protocol Intel registered
[    3.063284] Bluetooth: HCI UART protocol QCA registered
[    3.068487] usbcore: registered new interface driver bcm203x
[    3.074107] usbcore: registered new interface driver bpa10x
[    3.079641] usbcore: registered new interface driver bfusb
[    3.085094] usbcore: registered new interface driver btusb
[    3.090556] usbcore: registered new interface driver ath3k
[    3.096039] EDAC MC: ECC not enabled
[    3.099660] EDAC DEVICE0: Giving out device to module zynqmp-ocm-edac controller zynqmp_ocm: DEV ff960000.memory-controller (INTERRUPT)
[    3.111984] sdhci: Secure Digital Host Controller Interface driver
[    3.117767] sdhci: Copyright(c) Pierre Ossman
[    3.122092] sdhci-pltfm: SDHCI platform and OF driver helper
[    3.128141] ledtrig-cpu: registered to indicate activity on CPUs
[    3.133697] SMCCC: SOC_ID: ARCH_SOC_ID not implemented, skipping ....
[    3.140128] zynqmp_firmware_probe Platform Management API v1.1
[    3.145883] zynqmp_firmware_probe Trustzone version v1.0
[    3.185437] zynqmp-pinctrl firmware:zynqmp-firmware:pinctrl: zynqmp pinctrl initialized
[    3.233441] zynqmp-aes firmware:zynqmp-firmware:zynqmp-aes: will run requests pump with realtime priority
[    3.249271] alg: No test for xilinx-keccak-384 (zynqmp-keccak-384)
[    3.249981] alg: No test for xilinx-zynqmp-rsa (zynqmp-rsa)
[    3.255492] usbcore: registered new interface driver usbhid
[    3.260884] usbhid: USB HID core driver
[    3.272127] axi_sysid 85000000.axi-sysid-0: AXI System ID core version (1.01.a) found
[    3.274474] axi_sysid 85000000.axi-sysid-0: [ad9081_fmca_ebz] on [zcu102] git branch <master> git <084d44c9780640ca93fd847b1d9ec70dd65f5c67> clean [2022-03-18 04:17:50] UTC
[    3.290165] fpga_manager fpga0: Xilinx ZynqMP FPGA Manager registered
[    3.296524] usbcore: registered new interface driver snd-usb-audio
[    3.303968] pktgen: Packet Generator for packet performance testing. Version: 2.75
[    3.310154] Initializing XFRM netlink socket
[    3.314002] NET: Registered protocol family 10
[    3.318722] Segment Routing with IPv6
[    3.322101] sit: IPv6, IPv4 and MPLS over IPv4 tunneling driver
[    3.328175] NET: Registered protocol family 17
[    3.332276] NET: Registered protocol family 15
[    3.336776] can: controller area network core
[    3.341025] NET: Registered protocol family 29
[    3.345415] can: raw protocol
[    3.348351] can: broadcast manager protocol
[    3.352506] can: netlink gateway - max_hops=1
[    3.356901] Bluetooth: RFCOMM TTY layer initialized
[    3.361680] Bluetooth: RFCOMM socket layer initialized
[    3.366788] Bluetooth: RFCOMM ver 1.11
[    3.370499] Bluetooth: BNEP (Ethernet Emulation) ver 1.3
[    3.375770] Bluetooth: BNEP filters: protocol multicast
[    3.380964] Bluetooth: BNEP socket layer initialized
[    3.385891] Bluetooth: HIDP (Human Interface Emulation) ver 1.2
[    3.391775] Bluetooth: HIDP socket layer initialized
[    3.396827] 9pnet: Installing 9P2000 support
[    3.400952] NET: Registered protocol family 36
[    3.405368] Key type dns_resolver registered
[    3.409802] registered taskstats version 1
[    3.413665] Loading compiled-in X.509 certificates
[    3.418778] Btrfs loaded, crc32c=crc32c-generic
[    3.431168] ff000000.serial: ttyPS0 at MMIO 0xff000000 (irq = 49, base_baud = 6249999) is a xuartps
[    3.440191] printk: console [ttyPS0] enabled
[    3.444487] printk: bootconsole [cdns0] disabled
[    3.454117] ff010000.serial: ttyPS1 at MMIO 0xff010000 (irq = 50, base_baud = 6249999) is a xuartps
[    3.467346] of-fpga-region fpga-full: FPGA Region probed
[    3.474311] nwl-pcie fd0e0000.pcie: host bridge /axi/pcie@fd0e0000 ranges:
[    3.481206] nwl-pcie fd0e0000.pcie:      MEM 0x00e0000000..0x00efffffff -> 0x00e0000000
[    3.489208] nwl-pcie fd0e0000.pcie:      MEM 0x0600000000..0x07ffffffff -> 0x0600000000
[    3.497270] nwl-pcie fd0e0000.pcie: Link is DOWN
[    3.502027] nwl-pcie fd0e0000.pcie: PCI host bridge to bus 0000:00
[    3.508205] pci_bus 0000:00: root bus resource [bus 00-ff]
[    3.513687] pci_bus 0000:00: root bus resource [mem 0xe0000000-0xefffffff]
[    3.520557] pci_bus 0000:00: root bus resource [mem 0x600000000-0x7ffffffff pref]
[    3.528060] pci 0000:00:00.0: [10ee:d021] type 01 class 0x060400
[    3.534117] pci 0000:00:00.0: PME# supported from D0 D1 D2 D3hot
[    3.544566] pci 0000:00:00.0: PCI bridge to [bus 01-0c]
[    3.550542] xilinx-zynqmp-dma fd500000.dma: ZynqMP DMA driver Probe success
[    3.557714] xilinx-zynqmp-dma fd510000.dma: ZynqMP DMA driver Probe success
[    3.564897] xilinx-zynqmp-dma fd520000.dma: ZynqMP DMA driver Probe success
[    3.572067] xilinx-zynqmp-dma fd530000.dma: ZynqMP DMA driver Probe success
[    3.579231] xilinx-zynqmp-dma fd540000.dma: ZynqMP DMA driver Probe success
[    3.586402] xilinx-zynqmp-dma fd550000.dma: ZynqMP DMA driver Probe success
[    3.593573] xilinx-zynqmp-dma fd560000.dma: ZynqMP DMA driver Probe success
[    3.600742] xilinx-zynqmp-dma fd570000.dma: ZynqMP DMA driver Probe success
[    3.608141] xilinx-zynqmp-dpdma fd4c0000.dma-controller: Xilinx DPDMA engine is probed
[    3.616683] ahci-ceva fd0c0000.ahci: supply ahci not found, using dummy regulator
[    3.624220] ahci-ceva fd0c0000.ahci: supply phy not found, using dummy regulator
[    3.711866] hmc7044 spi2.0: PLL1: Acquisition, CLKIN0 @ 122880000 Hz, PFD: 80 kHz - PLL2: Locked @ 3128.000000 MHz
[    3.722589] jesd204: /axi/spi@ff050000/hmc7044@0,jesd204:1,parent=spi2.0: Using as SYSREF provider
[    3.732183] spi-nor spi0.0: SPI-NOR-UniqueID 100000235394732200270025081115266e
[    3.739492] spi-nor spi0.0: found n25q512a, expected m25p80
[    3.745698] spi-nor spi0.0: trying to lock already unlocked area
[    3.751704] spi-nor spi0.0: n25q512a (131072 Kbytes)
[    3.756688] 4 fixed-partitions partitions found on MTD device spi0.0
[    3.763035] Creating 4 MTD partitions on "spi0.0":
[    3.767821] 0x000000000000-0x000000100000 : "qspi-fsbl-uboot"
[    3.774310] 0x000000100000-0x000000600000 : "qspi-linux"
[    3.780264] 0x000000600000-0x000000620000 : "qspi-device-tree"
[    3.786741] 0x000000620000-0x000000c00000 : "qspi-rootfs"
[    3.795204] macb ff0e0000.ethernet: Not enabling partial store and forward
[    3.802720] libphy: MACB_mii_bus: probed
[    3.807782] macb ff0e0000.ethernet eth0: Cadence GEM rev 0x50070106 at 0xff0e0000 irq 30 (00:0a:35:04:8e:1b)
[    3.817989] xilinx-axipmon ffa00000.perf-monitor: Probed Xilinx APM
[    3.824563] xilinx-axipmon fd0b0000.perf-monitor: Probed Xilinx APM
[    3.831082] xilinx-axipmon fd490000.perf-monitor: Probed Xilinx APM
[    3.837622] xilinx-axipmon ffa10000.perf-monitor: Probed Xilinx APM
[    3.847646] pca953x 0-0020: supply vcc not found, using dummy regulator
[    3.854327] pca953x 0-0020: using no AI
[    3.858819] gpio-496 (sel0): hogged as output/low
[    3.863719] gpio-497 (sel1): hogged as output/high
[    3.868709] gpio-498 (sel2): hogged as output/high
[    3.873700] gpio-499 (sel3): hogged as output/high
[    3.878881] pca953x 0-0021: supply vcc not found, using dummy regulator
[    3.885548] pca953x 0-0021: using no AI
[    3.891301] ina2xx 2-0040: power monitor ina226 (Rshunt = 5000 uOhm)
[    3.898328] ina2xx 2-0041: power monitor ina226 (Rshunt = 5000 uOhm)
[    3.905367] ina2xx 2-0042: power monitor ina226 (Rshunt = 5000 uOhm)
[    3.912398] ina2xx 2-0043: power monitor ina226 (Rshunt = 5000 uOhm)
[    3.919425] ina2xx 2-0044: power monitor ina226 (Rshunt = 5000 uOhm)
[    3.926445] ina2xx 2-0045: power monitor ina226 (Rshunt = 5000 uOhm)
[    3.933473] ina2xx 2-0046: power monitor ina226 (Rshunt = 5000 uOhm)
[    3.940548] ina2xx 2-0047: power monitor ina226 (Rshunt = 5000 uOhm)
[    3.947575] ina2xx 2-004a: power monitor ina226 (Rshunt = 5000 uOhm)
[    3.954608] ina2xx 2-004b: power monitor ina226 (Rshunt = 5000 uOhm)
[    3.961017] i2c i2c-0: Added multiplexed i2c bus 2
[    3.966403] random: fast init done
[    3.969877] ina2xx 3-0040: power monitor ina226 (Rshunt = 2000 uOhm)
[    3.976903] ina2xx 3-0041: power monitor ina226 (Rshunt = 5000 uOhm)
[    3.983929] ina2xx 3-0042: power monitor ina226 (Rshunt = 5000 uOhm)
[    3.990965] ina2xx 3-0043: power monitor ina226 (Rshunt = 5000 uOhm)
[    3.997988] ina2xx 3-0044: power monitor ina226 (Rshunt = 5000 uOhm)
[    4.005013] ina2xx 3-0045: power monitor ina226 (Rshunt = 5000 uOhm)
[    4.012045] ina2xx 3-0046: power monitor ina226 (Rshunt = 5000 uOhm)
[    4.019078] ina2xx 3-0047: power monitor ina226 (Rshunt = 5000 uOhm)
[    4.025477] i2c i2c-0: Added multiplexed i2c bus 3
[    4.081844] i2c i2c-0: Added multiplexed i2c bus 4
[    4.086780] i2c i2c-0: Added multiplexed i2c bus 5
[    4.091571] pca954x 0-0075: registered 4 multiplexed busses for I2C mux pca9544
[    4.098920] cdns-i2c ff020000.i2c: 400 kHz mmio ff020000 irq 32
[    4.106660] at24 6-0054: supply vcc not found, using dummy regulator
[    4.113555] at24 6-0054: 1024 byte 24c08 EEPROM, writable, 1 bytes/write
[    4.120309] i2c i2c-1: Added multiplexed i2c bus 6
[    4.126740] si5341 7-0036: Chip: 5341 Grade: 1 Rev: 1
[    4.164440] i2c i2c-1: Added multiplexed i2c bus 7
[    4.172092] si570 8-005d: registered, current frequency 300000000 Hz
[    4.178489] i2c i2c-1: Added multiplexed i2c bus 8
[    4.198264] si570 9-005d: registered, current frequency 148500000 Hz
[    4.204669] i2c i2c-1: Added multiplexed i2c bus 9
[    4.209706] si5324 10-0069: si5328 probed
[    4.276044] si5324 10-0069: si5328 probe successful
[    4.280976] i2c i2c-1: Added multiplexed i2c bus 10
[    4.286004] i2c i2c-1: Added multiplexed i2c bus 11
[    4.291031] i2c i2c-1: Added multiplexed i2c bus 12
[    4.296051] i2c i2c-1: Added multiplexed i2c bus 13
[    4.300932] pca954x 1-0074: registered 8 multiplexed busses for I2C switch pca9548
[    4.309041] at24 14-0050: supply vcc not found, using dummy regulator
[    4.315829] at24 14-0050: 256 byte 24c02 EEPROM, writable, 1 bytes/write
[    4.322576] i2c i2c-1: Added multiplexed i2c bus 14
[    4.327615] i2c i2c-1: Added multiplexed i2c bus 15
[    4.332648] i2c i2c-1: Added multiplexed i2c bus 16
[    4.337686] i2c i2c-1: Added multiplexed i2c bus 17
[    4.342720] i2c i2c-1: Added multiplexed i2c bus 18
[    4.347763] i2c i2c-1: Added multiplexed i2c bus 19
[    4.352804] i2c i2c-1: Added multiplexed i2c bus 20
[    4.357839] i2c i2c-1: Added multiplexed i2c bus 21
[    4.362716] pca954x 1-0075: registered 8 multiplexed busses for I2C switch pca9548
[    4.370325] cdns-i2c ff030000.i2c: 400 kHz mmio ff030000 irq 33
[    4.380061] cdns-wdt fd4d0000.watchdog: Xilinx Watchdog Timer with timeout 60s
[    4.389116] axi_adxcvr 84a60000.axi-adxcvr-rx: adxcvr_enforce_settings: Using QPLL without access, assuming desired Lane rate will be configured by a different instance
[    4.405751] axi_adxcvr 84a60000.axi-adxcvr-rx: AXI-ADXCVR-RX (17.05.a) using QPLL on GTH4 at 0x84A60000. Number of lanes: 4.
[    4.417913] axi_adxcvr 84b60000.axi-adxcvr-tx: AXI-ADXCVR-TX (17.05.a) using QPLL on GTH4 at 0x84B60000. Number of lanes: 4.
[    4.421863] mmc0: SDHCI controller on ff170000.mmc [ff170000.mmc] using ADMA 64-bit
[    4.437065] axi-jesd204-rx 84a90000.axi-jesd204-rx: AXI-JESD204-RX (1.07.a) at 0x84A90000. Encoder 8b10b, width 4/4, lanes 4, jesd204-fsm.
[    4.449900] axi-jesd204-tx 84b90000.axi-jesd204-tx: AXI-JESD204-TX (1.06.a) at 0x84B90000. Encoder 8b10b, width 4/4, lanes 4, jesd204-fsm.
[    4.463405] zynqmp-display fd4a0000.display: vtc bridge property not present
[    4.469453] mmc0: new high speed SDHC card at address 0001
[    4.473057] xilinx-dp-snd-codec fd4a0000.display:zynqmp_dp_snd_codec0: Failed to get required clock freq
[    4.476288] mmcblk0: mmc0:0001 EB1QT 29.8 GiB 
[    4.485418] xilinx-dp-snd-codec: probe of fd4a0000.display:zynqmp_dp_snd_codec0 failed with error -22
[    4.491085]  mmcblk0: p1 p2 p3
[    4.499405] xilinx-dp-snd-pcm zynqmp_dp_snd_pcm0: Xilinx DisplayPort Sound PCM probed
[    4.510267] xilinx-dp-snd-pcm zynqmp_dp_snd_pcm1: Xilinx DisplayPort Sound PCM probed
[    4.518480] OF: graph: no port node found in /axi/display@fd4a0000
[    4.524889] xlnx-drm xlnx-drm.0: bound fd4a0000.display (ops 0xffffffc010fcbdb8)
[    5.611704] zynqmp-display fd4a0000.display: [drm] Cannot find any crtc or sizes
[    5.619324] [drm] Initialized xlnx 1.0.0 20130509 for fd4a0000.display on minor 0
[    5.626812] zynqmp-display fd4a0000.display: ZynqMP DisplayPort Subsystem driver probed
[    5.635124] ahci-ceva fd0c0000.ahci: supply ahci not found, using dummy regulator
[    5.642670] ahci-ceva fd0c0000.ahci: supply phy not found, using dummy regulator
[    5.650125] ahci-ceva fd0c0000.ahci: supply target not found, using dummy regulator
[    5.657963] ahci-ceva fd0c0000.ahci: AHCI 0001.0301 32 slots 2 ports 6 Gbps 0x3 impl platform mode
[    5.666919] ahci-ceva fd0c0000.ahci: flags: 64bit ncq sntf pm clo only pmp fbs pio slum part ccc sds apst 
[    5.677612] scsi host0: ahci-ceva
[    5.681219] scsi host1: ahci-ceva
[    5.684646] ata1: SATA max UDMA/133 mmio [mem 0xfd0c0000-0xfd0c1fff] port 0x100 irq 45
[    5.692559] ata2: SATA max UDMA/133 mmio [mem 0xfd0c0000-0xfd0c1fff] port 0x180 irq 45
[    5.701159] ad9081 spi1.0: supply vdd not found, using dummy regulator
[    6.013911] ata2: SATA link down (SStatus 0 SControl 330)
[    6.019320] ata1: SATA link down (SStatus 0 SControl 330)
[    6.695708] zynqmp-display fd4a0000.display: [drm] Cannot find any crtc or sizes
[    7.499587] ad9081 spi1.0: AD9081 Rev. 2 Grade 10 (API 1.2.2) probed
[    7.506794] xhci-hcd xhci-hcd.1.auto: xHCI Host Controller
[    7.512288] xhci-hcd xhci-hcd.1.auto: new USB bus registered, assigned bus number 1
[    7.520036] xhci-hcd xhci-hcd.1.auto: hcc params 0x0238f625 hci version 0x100 quirks 0x0000000002010810
[    7.529448] xhci-hcd xhci-hcd.1.auto: irq 59, io mem 0xfe200000
[    7.535555] usb usb1: New USB device found, idVendor=1d6b, idProduct=0002, bcdDevice= 5.10
[    7.543813] usb usb1: New USB device strings: Mfr=3, Product=2, SerialNumber=1
[    7.551031] usb usb1: Product: xHCI Host Controller
[    7.555899] usb usb1: Manufacturer: Linux 5.10.0-98103-g2aa7ac113716 xhci-hcd
[    7.563025] usb usb1: SerialNumber: xhci-hcd.1.auto
[    7.568190] hub 1-0:1.0: USB hub found
[    7.571954] hub 1-0:1.0: 1 port detected
[    7.576061] xhci-hcd xhci-hcd.1.auto: xHCI Host Controller
[    7.581552] xhci-hcd xhci-hcd.1.auto: new USB bus registered, assigned bus number 2
[    7.589203] xhci-hcd xhci-hcd.1.auto: Host supports USB 3.0 SuperSpeed
[    7.595827] usb usb2: New USB device found, idVendor=1d6b, idProduct=0003, bcdDevice= 5.10
[    7.604087] usb usb2: New USB device strings: Mfr=3, Product=2, SerialNumber=1
[    7.611305] usb usb2: Product: xHCI Host Controller
[    7.616179] usb usb2: Manufacturer: Linux 5.10.0-98103-g2aa7ac113716 xhci-hcd
[    7.623310] usb usb2: SerialNumber: xhci-hcd.1.auto
[    7.628417] hub 2-0:1.0: USB hub found
[    7.632181] hub 2-0:1.0: 1 port detected
[    7.662263] cf_axi_adc 84a10000.axi-ad9081-rx-hpc: ADI AIM (10.01.b) at 0x84A10000 mapped to 0x(____ptrval____), probed ADC AD9081 as MASTER
[    7.692526] cf_axi_dds 84b10000.axi-ad9081-tx-hpc: Analog Devices CF_AXI_DDS_DDS MASTER (9.01.b) at 0x84B10000 mapped to 0x(____ptrval____), probed DDS AD9081
[    7.706730] jesd204: /axi/spi@ff040000/ad9081@0,jesd204:0,parent=spi1.0: JESD204[2] transition initialized -> probed
[    7.717253] jesd204: /axi/spi@ff040000/ad9081@0,jesd204:0,parent=spi1.0: JESD204[0] transition initialized -> probed
[    7.727776] jesd204: /axi/spi@ff040000/ad9081@0,jesd204:0,parent=spi1.0: JESD204[2] transition probed -> idle
[    7.737682] jesd204: /axi/spi@ff040000/ad9081@0,jesd204:0,parent=spi1.0: JESD204[0] transition probed -> idle
[    7.747601] jesd204: /axi/spi@ff040000/ad9081@0,jesd204:0,parent=spi1.0: JESD204[2] transition idle -> device_init
[    7.757942] jesd204: /axi/spi@ff040000/ad9081@0,jesd204:0,parent=spi1.0: JESD204[0] transition idle -> device_init
[    7.768293] jesd204: /axi/spi@ff040000/ad9081@0,jesd204:0,parent=spi1.0: JESD204[2] transition device_init -> link_init
[    7.779069] jesd204: /axi/spi@ff040000/ad9081@0,jesd204:0,parent=spi1.0: JESD204[0] transition device_init -> link_init
[    7.789861] jesd204: /axi/spi@ff040000/ad9081@0,jesd204:0,parent=spi1.0: JESD204[2] transition link_init -> link_supported
[    7.800899] jesd204: /axi/spi@ff040000/ad9081@0,jesd204:0,parent=spi1.0: JESD204[0] transition link_init -> link_supported
[    7.812307] hmc7044 spi2.0: hmc7044_jesd204_link_pre_setup: Link2 forcing continuous SYSREF mode
[    7.821426] jesd204: /axi/spi@ff040000/ad9081@0,jesd204:0,parent=spi1.0: JESD204[2] transition link_supported -> link_pre_setup
[    7.832904] jesd204: /axi/spi@ff040000/ad9081@0,jesd204:0,parent=spi1.0: JESD204[0] transition link_supported -> link_pre_setup
[    7.856682] jesd204: /axi/spi@ff040000/ad9081@0,jesd204:0,parent=spi1.0: JESD204[2] transition link_pre_setup -> clk_sync_stage1
[    7.868240] jesd204: /axi/spi@ff040000/ad9081@0,jesd204:0,parent=spi1.0: JESD204[0] transition link_pre_setup -> clk_sync_stage1
[    7.879804] jesd204: /axi/spi@ff040000/ad9081@0,jesd204:0,parent=spi1.0: JESD204[2] transition clk_sync_stage1 -> clk_sync_stage2
[    7.891448] jesd204: /axi/spi@ff040000/ad9081@0,jesd204:0,parent=spi1.0: JESD204[0] transition clk_sync_stage1 -> clk_sync_stage2
[    7.903101] jesd204: /axi/spi@ff040000/ad9081@0,jesd204:0,parent=spi1.0: JESD204[2] transition clk_sync_stage2 -> clk_sync_stage3
[    7.914751] jesd204: /axi/spi@ff040000/ad9081@0,jesd204:0,parent=spi1.0: JESD204[0] transition clk_sync_stage2 -> clk_sync_stage3
[    7.928476] jesd204: /axi/spi@ff040000/ad9081@0,jesd204:0,parent=spi1.0: JESD204[2] transition clk_sync_stage3 -> link_setup
[    7.939696] jesd204: /axi/spi@ff040000/ad9081@0,jesd204:0,parent=spi1.0: JESD204[0] transition clk_sync_stage3 -> link_setup
[    7.955692] jesd204: /axi/spi@ff040000/ad9081@0,jesd204:0,parent=spi1.0: JESD204[2] transition link_setup -> opt_setup_stage1
[    7.966993] jesd204: /axi/spi@ff040000/ad9081@0,jesd204:0,parent=spi1.0: JESD204[0] transition link_setup -> opt_setup_stage1
[    7.983334] jesd204: /axi/spi@ff040000/ad9081@0,jesd204:0,parent=spi1.0: JESD204[2] transition opt_setup_stage1 -> opt_setup_stage2
[    7.995160] jesd204: /axi/spi@ff040000/ad9081@0,jesd204:0,parent=spi1.0: JESD204[0] transition opt_setup_stage1 -> opt_setup_stage2
[    8.007132] jesd204: /axi/spi@ff040000/ad9081@0,jesd204:0,parent=spi1.0: JESD204[2] transition opt_setup_stage2 -> opt_setup_stage3
[    8.018951] jesd204: /axi/spi@ff040000/ad9081@0,jesd204:0,parent=spi1.0: JESD204[0] transition opt_setup_stage2 -> opt_setup_stage3
[    8.030775] jesd204: /axi/spi@ff040000/ad9081@0,jesd204:0,parent=spi1.0: JESD204[2] transition opt_setup_stage3 -> opt_setup_stage4
[    8.042593] jesd204: /axi/spi@ff040000/ad9081@0,jesd204:0,parent=spi1.0: JESD204[0] transition opt_setup_stage3 -> opt_setup_stage4
[    8.054422] jesd204: /axi/spi@ff040000/ad9081@0,jesd204:0,parent=spi1.0: JESD204[2] transition opt_setup_stage4 -> opt_setup_stage5
[    8.066247] jesd204: /axi/spi@ff040000/ad9081@0,jesd204:0,parent=spi1.0: JESD204[0] transition opt_setup_stage4 -> opt_setup_stage5
[    8.101319] axi_adxcvr 84a60000.axi-adxcvr-rx: adxcvr_clk_enable: QPLL RX buffer underflow error, status: 0x61
[    8.111303] axi_adxcvr 84a60000.axi-adxcvr-rx: adxcvr_clk_enable: QPLL RX buffer overflow error, status: 0x61
[    8.125325] jesd204: /axi/spi@ff040000/ad9081@0,jesd204:0,parent=spi1.0: JESD204[2] transition opt_setup_stage5 -> clocks_enable
[    8.136886] jesd204: /axi/spi@ff040000/ad9081@0,jesd204:0,parent=spi1.0: JESD204[0] transition opt_setup_stage5 -> clocks_enable
[    8.148509] jesd204: /axi/spi@ff040000/ad9081@0,jesd204:0,parent=spi1.0: JESD204[2] transition clocks_enable -> link_enable
[    8.159637] jesd204: /axi/spi@ff040000/ad9081@0,jesd204:0,parent=spi1.0: JESD204[0] transition clocks_enable -> link_enable
[    8.299691] axi-jesd204-rx 84a90000.axi-jesd204-rx: axi_jesd204_rx_jesd204_link_running: Link2 status failed (CGS)
[    8.310036] jesd204: /fpga-axi@0/axi-jesd204-rx@84a90000,jesd204:4,parent=84a90000.axi-jesd204-rx: JESD204[2] In link_running got error from cb: -1 (ignoring!)
[    8.419924] ad9081 spi1.0: JESD RX (JTX) Link2 in CGS, SYNC asserted, PLL locked, PHASE established, MODE valid
[    8.430012] jesd204: /axi/spi@ff040000/ad9081@0,jesd204:0,parent=spi1.0: JESD204[2] In link_running got error from cb: -1 (ignoring!)
[    8.442246] ad9081 spi1.0: JESD TX (JRX) Link0 0xF lanes in DATA
[    8.448257] jesd204: /axi/spi@ff040000/ad9081@0,jesd204:0,parent=spi1.0: JESD204[2] transition link_enable -> link_running
[    8.459294] jesd204: /axi/spi@ff040000/ad9081@0,jesd204:0,parent=spi1.0: JESD204[0] transition link_enable -> link_running
[    8.470340] jesd204: /axi/spi@ff040000/ad9081@0,jesd204:0,parent=spi1.0: JESD204[2] transition link_running -> opt_post_running_stage
[    8.482332] jesd204: /axi/spi@ff040000/ad9081@0,jesd204:0,parent=spi1.0: JESD204[0] transition link_running -> opt_post_running_stage
[    8.503536] input: gpio-keys as /devices/platform/gpio-keys/input/input0
[    8.510551] of_cfs_init
[    8.513016] of_cfs_init: OK
[    8.515965] cfg80211: Loading compiled-in X.509 certificates for regulatory database
[    8.654058] cfg80211: Loaded X.509 cert 'sforshee: 00b28ddf47aef9cea7'
[    8.660587] clk: Not disabling unused clocks
[    8.665114] ALSA device list:
[    8.668077]   No soundcards found.
[    8.671738] platform regulatory.0: Direct firmware load for regulatory.db failed with error -2
[    8.680349] cfg80211: failed to load regulatory.db
[    8.695314] EXT4-fs (mmcblk0p2): mounted filesystem with ordered data mode. Opts: (null)
[    8.703428] VFS: Mounted root (ext4 filesystem) on device 179:2.
[    8.716647] devtmpfs: mounted
[    8.720462] Freeing unused kernel memory: 2560K
[    8.739740] Run /sbin/init as init process
[    8.743832]   with arguments:
[    8.743835]     /sbin/init
[    8.743837]   with environment:
[    8.743839]     HOME=/
[    8.743841]     TERM=linux
[    9.318110] systemd[1]: systemd 241 running in system mode. (+PAM +AUDIT +SELINUX +IMA +APPARMOR +SMACK +SYSVINIT +UTMP +LIBCRYPTSETUP +GCRYPT +GNUTLS +ACL +XZ +LZ4 +SECCOMP +BLKID +ELFUTILS +KMOD -IDN2 +IDN -PCRE2 default-hierarchy=hybrid)
[    9.339991] systemd[1]: Detected architecture arm64.
[    9.364409] systemd[1]: Set hostname to <analog>.
[    9.552012] systemd[1]: File /lib/systemd/system/systemd-journald.service:12 configures an IP firewall (IPAddressDeny=any), but the local system does not support BPF/cgroup based firewalling.
[    9.569084] systemd[1]: Proceeding WITHOUT firewalling in effect! (This warning is only shown for the first loaded unit using IP firewalling.)
[    9.733262] systemd[1]: /etc/systemd/system/tof-server.service:1: Assignment outside of section. Ignoring.
[    9.742960] systemd[1]: /etc/systemd/system/tof-server.service:2: Assignment outside of section. Ignoring.
[    9.926951] random: systemd: uninitialized urandom read (16 bytes read)
[    9.941758] random: systemd: uninitialized urandom read (16 bytes read)
[    9.948845] systemd[1]: Listening on Journal Socket (/dev/log).
[    9.971789] random: systemd: uninitialized urandom read (16 bytes read)
[    9.978631] systemd[1]: Listening on udev Kernel Socket.
[   10.000349] systemd[1]: Created slice system-getty.slice.
[   10.777384] EXT4-fs (mmcblk0p2): re-mounted. Opts: (null)
[   10.936455] systemd-journald[147]: Received request to flush runtime journal from PID 1
[   15.868823] random: crng init done
[   15.868834] random: 7 urandom warning(s) missed due to ratelimiting
[   16.592645] macb ff0e0000.ethernet eth0: PHY [ff0e0000.ethernet-ffffffff:0c] driver [TI DP83867] (irq=POLL)
[   16.592658] macb ff0e0000.ethernet eth0: configuring for phy/rgmii-id link mode
[   16.899727] Adding 99324k swap on /var/swap.  Priority:-2 extents:13 across:10143904k SS
[   19.465957] broken atomic modeset userspace detected, disabling atomic
[   20.673328] macb ff0e0000.ethernet eth0: Link is Up - 1Gbps/Full - flow control off
[   20.673354] IPv6: ADDRCONF(NETDEV_CHANGE): eth0: link becomes ready
[   22.149204] broken atomic modeset userspace detected, disabling atomic
[   25.000220] broken atomic modeset userspace detected, disabling atomic
[   27.633083] broken atomic modeset userspace detected, disabling atomic