[    0.000000] Booting Linux on physical CPU 0x0000000000 [0x410fd034]
[    0.000000] Linux version 5.10.0-98103-g2aa7ac113716 (jenkins@romlxbuild1.adlk.analog.com) (aarch64-xilinx-linux-gcc.real (GCC) 10.2.0, GNU ld (GNU Binutils) 2.35.0.20200730) #5577 SMP Wed Mar 23 07:28:49 GMT 2022
[    0.000000] Machine model: ZynqMP ZCU102 Rev1.0
[    0.000000] earlycon: cdns0 at MMIO 0x00000000ff000000 (options '115200n8')
[    0.000000] printk: bootconsole [cdns0] enabled
[    0.000000] efi: UEFI not found.
[    0.000000] cma: Reserved 256 MiB at 0x0000000070000000
[    0.000000] Zone ranges:
[    0.000000]   DMA      [mem 0x0000000000000000-0x000000003fffffff]
[    0.000000]   DMA32    [mem 0x0000000040000000-0x00000000ffffffff]
[    0.000000]   Normal   [mem 0x0000000100000000-0x000000087fffffff]
[    0.000000] Movable zone start for each node
[    0.000000] Early memory node ranges
[    0.000000]   node   0: [mem 0x0000000000000000-0x000000007fffffff]
[    0.000000]   node   0: [mem 0x0000000800000000-0x000000087fffffff]
[    0.000000] Initmem setup node 0 [mem 0x0000000000000000-0x000000087fffffff]
[    0.000000] On node 0 totalpages: 1048576
[    0.000000]   DMA zone: 3584 pages used for memmap
[    0.000000]   DMA zone: 0 pages reserved
[    0.000000]   DMA zone: 262144 pages, LIFO batch:63
[    0.000000]   DMA32 zone: 3584 pages used for memmap
[    0.000000]   DMA32 zone: 262144 pages, LIFO batch:63
[    0.000000]   Normal zone: 7168 pages used for memmap
[    0.000000]   Normal zone: 524288 pages, LIFO batch:63
[    0.000000] psci: probing for conduit method from DT.
[    0.000000] psci: PSCIv1.1 detected in firmware.
[    0.000000] psci: Using standard PSCI v0.2 function IDs
[    0.000000] psci: MIGRATE_INFO_TYPE not supported.
[    0.000000] psci: SMC Calling Convention v1.2
[    0.000000] percpu: Embedded 22 pages/cpu s49496 r8192 d32424 u90112
[    0.000000] pcpu-alloc: s49496 r8192 d32424 u90112 alloc=22*4096
[    0.000000] pcpu-alloc: [0] 0 [0] 1 [0] 2 [0] 3 
[    0.000000] Detected VIPT I-cache on CPU0
[    0.000000] CPU features: detected: ARM erratum 845719
[    0.000000] Built 1 zonelists, mobility grouping on.  Total pages: 1034240
[    0.000000] Kernel command line: console=ttyPS0,115200 root=/dev/mmcblk0p2 rw earlycon rootfstype=ext4 rootwait clk_ignore_unused cpuidle.off=1 root=/dev/mmcblk0p2 rw rootwait
[    0.000000] Dentry cache hash table entries: 524288 (order: 10, 4194304 bytes, linear)
[    0.000000] Inode-cache hash table entries: 262144 (order: 9, 2097152 bytes, linear)
[    0.000000] mem auto-init: stack:off, heap alloc:off, heap free:off
[    0.000000] software IO TLB: mapped [mem 0x000000003bfff000-0x000000003ffff000] (64MB)
[    0.000000] Memory: 3761904K/4194304K available (15296K kernel code, 1636K rwdata, 11876K rodata, 2560K init, 507K bss, 170256K reserved, 262144K cma-reserved)
[    0.000000] rcu: Hierarchical RCU implementation.
[    0.000000] rcu: 	RCU event tracing is enabled.
[    0.000000] rcu: 	RCU restricting CPUs from NR_CPUS=8 to nr_cpu_ids=4.
[    0.000000] rcu: RCU calculated value of scheduler-enlistment delay is 25 jiffies.
[    0.000000] rcu: Adjusting geometry for rcu_fanout_leaf=16, nr_cpu_ids=4
[    0.000000] NR_IRQS: 64, nr_irqs: 64, preallocated irqs: 0
[    0.000000] GIC: Adjusting CPU interface base to 0x00000000f902f000
[    0.000000] GIC: Using split EOI/Deactivate mode
[    0.000000] random: get_random_bytes called from start_kernel+0x31c/0x54c with crng_init=0
[    0.000000] arch_timer: cp15 timer(s) running at 100.00MHz (phys).
[    0.000000] clocksource: arch_sys_counter: mask: 0xffffffffffffff max_cycles: 0x171024e7e0, max_idle_ns: 440795205315 ns
[    0.000003] sched_clock: 56 bits at 100MHz, resolution 10ns, wraps every 4398046511100ns
[    0.008462] Console: colour dummy device 80x25
[    0.012483] Calibrating delay loop (skipped), value calculated using timer frequency.. 200.00 BogoMIPS (lpj=400000)
[    0.022841] pid_max: default: 32768 minimum: 301
[    0.027549] Mount-cache hash table entries: 8192 (order: 4, 65536 bytes, linear)
[    0.034789] Mountpoint-cache hash table entries: 8192 (order: 4, 65536 bytes, linear)
[    0.043402] rcu: Hierarchical SRCU implementation.
[    0.047560] EFI services will not be available.
[    0.051938] smp: Bringing up secondary CPUs ...
[    0.056655] Detected VIPT I-cache on CPU1
[    0.056693] CPU1: Booted secondary processor 0x0000000001 [0x410fd034]
[    0.057060] Detected VIPT I-cache on CPU2
[    0.057084] CPU2: Booted secondary processor 0x0000000002 [0x410fd034]
[    0.057424] Detected VIPT I-cache on CPU3
[    0.057447] CPU3: Booted secondary processor 0x0000000003 [0x410fd034]
[    0.057493] smp: Brought up 1 node, 4 CPUs
[    0.091780] SMP: Total of 4 processors activated.
[    0.096452] CPU features: detected: 32-bit EL0 Support
[    0.101556] CPU features: detected: CRC32 instructions
[    0.106696] CPU: All CPU(s) started at EL2
[    0.110737] alternatives: patching kernel code
[    0.116167] devtmpfs: initialized
[    0.124062] Registered cp15_barrier emulation handler
[    0.124112] Registered setend emulation handler
[    0.128092] clocksource: jiffies: mask: 0xffffffff max_cycles: 0xffffffff, max_idle_ns: 7645041785100000 ns
[    0.137670] futex hash table entries: 1024 (order: 4, 65536 bytes, linear)
[    0.151034] pinctrl core: initialized pinctrl subsystem
[    0.151674] NET: Registered protocol family 16
[    0.156104] DMA: preallocated 512 KiB GFP_KERNEL pool for atomic allocations
[    0.162116] DMA: preallocated 512 KiB GFP_KERNEL|GFP_DMA pool for atomic allocations
[    0.169844] DMA: preallocated 512 KiB GFP_KERNEL|GFP_DMA32 pool for atomic allocations
[    0.177644] audit: initializing netlink subsys (disabled)
[    0.183095] audit: type=2000 audit(0.116:1): state=initialized audit_enabled=0 res=1
[    0.183438] hw-breakpoint: found 6 breakpoint and 4 watchpoint registers.
[    0.197472] ASID allocator initialised with 65536 entries
[    0.224320] HugeTLB registered 1.00 GiB page size, pre-allocated 0 pages
[    0.225377] HugeTLB registered 32.0 MiB page size, pre-allocated 0 pages
[    0.232047] HugeTLB registered 2.00 MiB page size, pre-allocated 0 pages
[    0.238707] HugeTLB registered 64.0 KiB page size, pre-allocated 0 pages
[    1.304276] DRBG: Continuing without Jitter RNG
[    1.382107] raid6: neonx8   gen()  2146 MB/s
[    1.450151] raid6: neonx8   xor()  1599 MB/s
[    1.518216] raid6: neonx4   gen()  2196 MB/s
[    1.586258] raid6: neonx4   xor()  1565 MB/s
[    1.654330] raid6: neonx2   gen()  2075 MB/s
[    1.722375] raid6: neonx2   xor()  1436 MB/s
[    1.790448] raid6: neonx1   gen()  1772 MB/s
[    1.858487] raid6: neonx1   xor()  1220 MB/s
[    1.926557] raid6: int64x8  gen()  1438 MB/s
[    1.994602] raid6: int64x8  xor()   771 MB/s
[    2.062670] raid6: int64x4  gen()  1598 MB/s
[    2.130724] raid6: int64x4  xor()   818 MB/s
[    2.198796] raid6: int64x2  gen()  1397 MB/s
[    2.266839] raid6: int64x2  xor()   750 MB/s
[    2.334926] raid6: int64x1  gen()  1033 MB/s
[    2.402977] raid6: int64x1  xor()   517 MB/s
[    2.403015] raid6: using algorithm neonx4 gen() 2196 MB/s
[    2.406970] raid6: .... xor() 1565 MB/s, rmw enabled
[    2.411900] raid6: using neon recovery algorithm
[    2.416911] iommu: Default domain type: Translated 
[    2.421528] SCSI subsystem initialized
[    2.425069] libata version 3.00 loaded.
[    2.425191] usbcore: registered new interface driver usbfs
[    2.430526] usbcore: registered new interface driver hub
[    2.435800] usbcore: registered new device driver usb
[    2.440934] mc: Linux media interface: v0.10
[    2.445047] videodev: Linux video capture interface: v2.00
[    2.450539] EDAC MC: Ver: 3.0.0
[    2.453983] zynqmp-ipi-mbox mailbox@ff990400: Registered ZynqMP IPI mbox with TX/RX channels.
[    2.462486] jesd204: created con: id=0, topo=0, link=0, /axi/spi@ff050000/hmc7044@0 <-> /fpga-axi@0/axi-adxcvr-tx@84b60000
[    2.473069] jesd204: created con: id=1, topo=0, link=2, /axi/spi@ff050000/hmc7044@0 <-> /fpga-axi@0/axi-adxcvr-rx@84a60000
[    2.484053] jesd204: created con: id=2, topo=0, link=0, /fpga-axi@0/axi-adxcvr-tx@84b60000 <-> /fpga-axi@0/axi-jesd204-tx@84b90000
[    2.495729] jesd204: created con: id=3, topo=0, link=2, /fpga-axi@0/axi-adxcvr-rx@84a60000 <-> /fpga-axi@0/axi-jesd204-rx@84a90000
[    2.507406] jesd204: created con: id=4, topo=0, link=0, /fpga-axi@0/axi-jesd204-tx@84b90000 <-> /fpga-axi@0/axi-ad9081-tx-hpc@84b10000
[    2.519433] jesd204: created con: id=5, topo=0, link=2, /fpga-axi@0/axi-jesd204-rx@84a90000 <-> /fpga-axi@0/axi-ad9081-rx-hpc@84a10000
[    2.531456] jesd204: created con: id=6, topo=0, link=2, /fpga-axi@0/axi-ad9081-rx-hpc@84a10000 <-> /axi/spi@ff040000/ad9081@0
[    2.542697] jesd204: created con: id=7, topo=0, link=0, /fpga-axi@0/axi-ad9081-tx-hpc@84b10000 <-> /axi/spi@ff040000/ad9081@0
[    2.553947] jesd204: /axi/spi@ff040000/ad9081@0: JESD204[2] transition uninitialized -> initialized
[    2.562934] jesd204: /axi/spi@ff040000/ad9081@0: JESD204[0] transition uninitialized -> initialized
[    2.571925] jesd204: found 8 devices and 1 topologies
[    2.576969] FPGA manager framework
[    2.580449] Advanced Linux Sound Architecture Driver Initialized.
[    2.586742] Bluetooth: Core ver 2.22
[    2.589929] NET: Registered protocol family 31
[    2.594330] Bluetooth: HCI device and connection manager initialized
[    2.600647] Bluetooth: HCI socket layer initialized
[    2.605489] Bluetooth: L2CAP socket layer initialized
[    2.610512] Bluetooth: SCO socket layer initialized
[    2.615698] clocksource: Switched to clocksource arch_sys_counter
[    2.621503] VFS: Disk quotas dquot_6.6.0
[    2.625339] VFS: Dquot-cache hash table entries: 512 (order 0, 4096 bytes)
[    2.636058] NET: Registered protocol family 2
[    2.636784] tcp_listen_portaddr_hash hash table entries: 2048 (order: 3, 32768 bytes, linear)
[    2.644979] TCP established hash table entries: 32768 (order: 6, 262144 bytes, linear)
[    2.653005] TCP bind hash table entries: 32768 (order: 7, 524288 bytes, linear)
[    2.660450] TCP: Hash tables configured (established 32768 bind 32768)
[    2.666623] UDP hash table entries: 2048 (order: 4, 65536 bytes, linear)
[    2.673290] UDP-Lite hash table entries: 2048 (order: 4, 65536 bytes, linear)
[    2.680451] NET: Registered protocol family 1
[    2.684906] RPC: Registered named UNIX socket transport module.
[    2.690527] RPC: Registered udp transport module.
[    2.695192] RPC: Registered tcp transport module.
[    2.699861] RPC: Registered tcp NFSv4.1 backchannel transport module.
[    2.706852] PCI: CLS 0 bytes, default 64
[    2.710559] hw perfevents: no interrupt-affinity property for /pmu, guessing.
[    2.717412] hw perfevents: enabled with armv8_pmuv3 PMU driver, 7 counters available
[    2.725764] Initialise system trusted keyrings
[    2.729443] workingset: timestamp_bits=62 max_order=20 bucket_order=0
[    2.736343] NFS: Registering the id_resolver key type
[    2.740792] Key type id_resolver registered
[    2.744929] Key type id_legacy registered
[    2.748919] nfs4filelayout_init: NFSv4 File Layout Driver Registering...
[    2.755584] jffs2: version 2.2. (NAND) (SUMMARY)  Â© 2001-2006 Red Hat, Inc.
[    2.799353] NET: Registered protocol family 38
[    2.799395] xor: measuring software checksum speed
[    2.807084]    8regs           :  2363 MB/sec
[    2.810753]    32regs          :  2799 MB/sec
[    2.815699]    arm64_neon      :  2380 MB/sec
[    2.815886] xor: using function: 32regs (2799 MB/sec)
[    2.820911] Key type asymmetric registered
[    2.824972] Asymmetric key parser 'x509' registered
[    2.829834] Block layer SCSI generic (bsg) driver version 0.4 loaded (major 248)
[    2.837171] io scheduler mq-deadline registered
[    2.841667] io scheduler kyber registered
[    2.871068] Serial: 8250/16550 driver, 4 ports, IRQ sharing disabled
[    2.875721] cacheinfo: Unable to detect cache hierarchy for CPU 0
[    2.882039] brd: module loaded
[    2.886183] loop: module loaded
[    2.886730] Registered mathworks_ip class
[    2.890075] libphy: Fixed MDIO Bus: probed
[    2.893065] tun: Universal TUN/TAP device driver, 1.6
[    2.897114] CAN device driver interface
[    2.901648] usbcore: registered new interface driver asix
[    2.906247] usbcore: registered new interface driver ax88179_178a
[    2.912281] usbcore: registered new interface driver cdc_ether
[    2.918074] usbcore: registered new interface driver net1080
[    2.923704] usbcore: registered new interface driver cdc_subset
[    2.929580] usbcore: registered new interface driver zaurus
[    2.935123] usbcore: registered new interface driver cdc_ncm
[    2.941524] ehci_hcd: USB 2.0 'Enhanced' Host Controller (EHCI) Driver
[    2.947209] ehci-pci: EHCI PCI platform driver
[    2.952014] usbcore: registered new interface driver uas
[    2.956927] usbcore: registered new interface driver usb-storage
[    2.962914] usbcore: registered new interface driver usbserial_generic
[    2.969363] usbserial: USB Serial support registered for generic
[    2.975337] usbcore: registered new interface driver ftdi_sio
[    2.981039] usbserial: USB Serial support registered for FTDI USB Serial Device
[    2.988316] usbcore: registered new interface driver upd78f0730
[    2.994187] usbserial: USB Serial support registered for upd78f0730
[    3.001838] rtc_zynqmp ffa60000.rtc: registered as rtc0
[    3.005612] rtc_zynqmp ffa60000.rtc: setting system clock to 2022-04-12T21:26:05 UTC (1649798765)
[    3.014475] i2c /dev entries driver
[    3.019798] usbcore: registered new interface driver uvcvideo
[    3.023581] USB Video Class driver (1.1.1)
[    3.029165] Bluetooth: HCI UART driver ver 2.3
[    3.032070] Bluetooth: HCI UART protocol H4 registered
[    3.037168] Bluetooth: HCI UART protocol BCSP registered
[    3.042457] Bluetooth: HCI UART protocol LL registered
[    3.047547] Bluetooth: HCI UART protocol ATH3K registered
[    3.052921] Bluetooth: HCI UART protocol Three-wire (H5) registered
[    3.059174] Bluetooth: HCI UART protocol Intel registered
[    3.064512] Bluetooth: HCI UART protocol QCA registered
[    3.069717] usbcore: registered new interface driver bcm203x
[    3.075334] usbcore: registered new interface driver bpa10x
[    3.080870] usbcore: registered new interface driver bfusb
[    3.086323] usbcore: registered new interface driver btusb
[    3.091784] usbcore: registered new interface driver ath3k
[    3.097266] EDAC MC: ECC not enabled
[    3.100895] EDAC DEVICE0: Giving out device to module zynqmp-ocm-edac controller zynqmp_ocm: DEV ff960000.memory-controller (INTERRUPT)
[    3.113207] sdhci: Secure Digital Host Controller Interface driver
[    3.118997] sdhci: Copyright(c) Pierre Ossman
[    3.123319] sdhci-pltfm: SDHCI platform and OF driver helper
[    3.129371] ledtrig-cpu: registered to indicate activity on CPUs
[    3.134926] SMCCC: SOC_ID: ARCH_SOC_ID not implemented, skipping ....
[    3.141358] zynqmp_firmware_probe Platform Management API v1.1
[    3.147111] zynqmp_firmware_probe Trustzone version v1.0
[    3.186638] zynqmp-pinctrl firmware:zynqmp-firmware:pinctrl: zynqmp pinctrl initialized
[    3.234631] zynqmp-aes firmware:zynqmp-firmware:zynqmp-aes: will run requests pump with realtime priority
[    3.250456] alg: No test for xilinx-keccak-384 (zynqmp-keccak-384)
[    3.251167] alg: No test for xilinx-zynqmp-rsa (zynqmp-rsa)
[    3.256680] usbcore: registered new interface driver usbhid
[    3.262069] usbhid: USB HID core driver
[    3.273318] axi_sysid 85000000.axi-sysid-0: AXI System ID core version (1.01.a) found
[    3.275667] axi_sysid 85000000.axi-sysid-0: [ad9081_fmca_ebz] on [zcu102] git branch <master> git <084d44c9780640ca93fd847b1d9ec70dd65f5c67> clean [2022-03-18 04:17:50] UTC
[    3.291351] fpga_manager fpga0: Xilinx ZynqMP FPGA Manager registered
[    3.297710] usbcore: registered new interface driver snd-usb-audio
[    3.305159] pktgen: Packet Generator for packet performance testing. Version: 2.75
[    3.311345] Initializing XFRM netlink socket
[    3.315200] NET: Registered protocol family 10
[    3.319924] Segment Routing with IPv6
[    3.323286] sit: IPv6, IPv4 and MPLS over IPv4 tunneling driver
[    3.329366] NET: Registered protocol family 17
[    3.333468] NET: Registered protocol family 15
[    3.337968] can: controller area network core
[    3.342219] NET: Registered protocol family 29
[    3.346607] can: raw protocol
[    3.349546] can: broadcast manager protocol
[    3.353699] can: netlink gateway - max_hops=1
[    3.358096] Bluetooth: RFCOMM TTY layer initialized
[    3.362873] Bluetooth: RFCOMM socket layer initialized
[    3.367980] Bluetooth: RFCOMM ver 1.11
[    3.371693] Bluetooth: BNEP (Ethernet Emulation) ver 1.3
[    3.376964] Bluetooth: BNEP filters: protocol multicast
[    3.382158] Bluetooth: BNEP socket layer initialized
[    3.387085] Bluetooth: HIDP (Human Interface Emulation) ver 1.2
[    3.392968] Bluetooth: HIDP socket layer initialized
[    3.398026] 9pnet: Installing 9P2000 support
[    3.402146] NET: Registered protocol family 36
[    3.406562] Key type dns_resolver registered
[    3.410992] registered taskstats version 1
[    3.414859] Loading compiled-in X.509 certificates
[    3.419978] Btrfs loaded, crc32c=crc32c-generic
[    3.432381] ff000000.serial: ttyPS0 at MMIO 0xff000000 (irq = 49, base_baud = 6249999) is a xuartps
[    3.441402] printk: console [ttyPS0] enabled
[    3.445695] printk: bootconsole [cdns0] disabled
[    3.455323] ff010000.serial: ttyPS1 at MMIO 0xff010000 (irq = 50, base_baud = 6249999) is a xuartps
[    3.468562] of-fpga-region fpga-full: FPGA Region probed
[    3.475514] nwl-pcie fd0e0000.pcie: host bridge /axi/pcie@fd0e0000 ranges:
[    3.482408] nwl-pcie fd0e0000.pcie:      MEM 0x00e0000000..0x00efffffff -> 0x00e0000000
[    3.490410] nwl-pcie fd0e0000.pcie:      MEM 0x0600000000..0x07ffffffff -> 0x0600000000
[    3.498472] nwl-pcie fd0e0000.pcie: Link is DOWN
[    3.503228] nwl-pcie fd0e0000.pcie: PCI host bridge to bus 0000:00
[    3.509409] pci_bus 0000:00: root bus resource [bus 00-ff]
[    3.514889] pci_bus 0000:00: root bus resource [mem 0xe0000000-0xefffffff]
[    3.521754] pci_bus 0000:00: root bus resource [mem 0x600000000-0x7ffffffff pref]
[    3.529257] pci 0000:00:00.0: [10ee:d021] type 01 class 0x060400
[    3.535318] pci 0000:00:00.0: PME# supported from D0 D1 D2 D3hot
[    3.545766] pci 0000:00:00.0: PCI bridge to [bus 01-0c]
[    3.551753] xilinx-zynqmp-dma fd500000.dma: ZynqMP DMA driver Probe success
[    3.558923] xilinx-zynqmp-dma fd510000.dma: ZynqMP DMA driver Probe success
[    3.566099] xilinx-zynqmp-dma fd520000.dma: ZynqMP DMA driver Probe success
[    3.573270] xilinx-zynqmp-dma fd530000.dma: ZynqMP DMA driver Probe success
[    3.580435] xilinx-zynqmp-dma fd540000.dma: ZynqMP DMA driver Probe success
[    3.587604] xilinx-zynqmp-dma fd550000.dma: ZynqMP DMA driver Probe success
[    3.594775] xilinx-zynqmp-dma fd560000.dma: ZynqMP DMA driver Probe success
[    3.601945] xilinx-zynqmp-dma fd570000.dma: ZynqMP DMA driver Probe success
[    3.609345] xilinx-zynqmp-dpdma fd4c0000.dma-controller: Xilinx DPDMA engine is probed
[    3.617886] ahci-ceva fd0c0000.ahci: supply ahci not found, using dummy regulator
[    3.625422] ahci-ceva fd0c0000.ahci: supply phy not found, using dummy regulator
[    3.715866] hmc7044 spi2.0: PLL1: Acquisition, CLKIN0 @ 122880000 Hz, PFD: 80 kHz - PLL2: Locked @ 2808.000000 MHz
[    3.726583] jesd204: /axi/spi@ff050000/hmc7044@0,jesd204:1,parent=spi2.0: Using as SYSREF provider
[    3.736168] spi-nor spi0.0: SPI-NOR-UniqueID 100000235394732200270025081115266e
[    3.743472] spi-nor spi0.0: found n25q512a, expected m25p80
[    3.749670] spi-nor spi0.0: trying to lock already unlocked area
[    3.755674] spi-nor spi0.0: n25q512a (131072 Kbytes)
[    3.760652] 4 fixed-partitions partitions found on MTD device spi0.0
[    3.766997] Creating 4 MTD partitions on "spi0.0":
[    3.771783] 0x000000000000-0x000000100000 : "qspi-fsbl-uboot"
[    3.778268] 0x000000100000-0x000000600000 : "qspi-linux"
[    3.784232] 0x000000600000-0x000000620000 : "qspi-device-tree"
[    3.790705] 0x000000620000-0x000000c00000 : "qspi-rootfs"
[    3.799167] macb ff0e0000.ethernet: Not enabling partial store and forward
[    3.806686] libphy: MACB_mii_bus: probed
[    3.811760] macb ff0e0000.ethernet eth0: Cadence GEM rev 0x50070106 at 0xff0e0000 irq 30 (00:0a:35:04:8e:1b)
[    3.821966] xilinx-axipmon ffa00000.perf-monitor: Probed Xilinx APM
[    3.828543] xilinx-axipmon fd0b0000.perf-monitor: Probed Xilinx APM
[    3.835061] xilinx-axipmon fd490000.perf-monitor: Probed Xilinx APM
[    3.841607] xilinx-axipmon ffa10000.perf-monitor: Probed Xilinx APM
[    3.851613] pca953x 0-0020: supply vcc not found, using dummy regulator
[    3.858299] pca953x 0-0020: using no AI
[    3.862787] gpio-496 (sel0): hogged as output/low
[    3.867705] gpio-497 (sel1): hogged as output/high
[    3.872689] gpio-498 (sel2): hogged as output/high
[    3.877670] gpio-499 (sel3): hogged as output/high
[    3.882842] pca953x 0-0021: supply vcc not found, using dummy regulator
[    3.889512] pca953x 0-0021: using no AI
[    3.895274] ina2xx 2-0040: power monitor ina226 (Rshunt = 5000 uOhm)
[    3.902297] ina2xx 2-0041: power monitor ina226 (Rshunt = 5000 uOhm)
[    3.909337] ina2xx 2-0042: power monitor ina226 (Rshunt = 5000 uOhm)
[    3.916371] ina2xx 2-0043: power monitor ina226 (Rshunt = 5000 uOhm)
[    3.923394] ina2xx 2-0044: power monitor ina226 (Rshunt = 5000 uOhm)
[    3.930417] ina2xx 2-0045: power monitor ina226 (Rshunt = 5000 uOhm)
[    3.937445] ina2xx 2-0046: power monitor ina226 (Rshunt = 5000 uOhm)
[    3.944519] ina2xx 2-0047: power monitor ina226 (Rshunt = 5000 uOhm)
[    3.951546] ina2xx 2-004a: power monitor ina226 (Rshunt = 5000 uOhm)
[    3.958581] ina2xx 2-004b: power monitor ina226 (Rshunt = 5000 uOhm)
[    3.964991] i2c i2c-0: Added multiplexed i2c bus 2
[    3.970375] random: fast init done
[    3.973848] ina2xx 3-0040: power monitor ina226 (Rshunt = 2000 uOhm)
[    3.980875] ina2xx 3-0041: power monitor ina226 (Rshunt = 5000 uOhm)
[    3.987901] ina2xx 3-0042: power monitor ina226 (Rshunt = 5000 uOhm)
[    3.994933] ina2xx 3-0043: power monitor ina226 (Rshunt = 5000 uOhm)
[    4.001961] ina2xx 3-0044: power monitor ina226 (Rshunt = 5000 uOhm)
[    4.008994] ina2xx 3-0045: power monitor ina226 (Rshunt = 5000 uOhm)
[    4.016024] ina2xx 3-0046: power monitor ina226 (Rshunt = 5000 uOhm)
[    4.023057] ina2xx 3-0047: power monitor ina226 (Rshunt = 5000 uOhm)
[    4.029458] i2c i2c-0: Added multiplexed i2c bus 3
[    4.085105] i2c i2c-0: Added multiplexed i2c bus 4
[    4.090041] i2c i2c-0: Added multiplexed i2c bus 5
[    4.094830] pca954x 0-0075: registered 4 multiplexed busses for I2C mux pca9544
[    4.102180] cdns-i2c ff020000.i2c: 400 kHz mmio ff020000 irq 32
[    4.109909] at24 6-0054: supply vcc not found, using dummy regulator
[    4.116807] at24 6-0054: 1024 byte 24c08 EEPROM, writable, 1 bytes/write
[    4.123556] i2c i2c-1: Added multiplexed i2c bus 6
[    4.129986] si5341 7-0036: Chip: 5341 Grade: 1 Rev: 1
[    4.167675] i2c i2c-1: Added multiplexed i2c bus 7
[    4.175327] si570 8-005d: registered, current frequency 300000000 Hz
[    4.181732] i2c i2c-1: Added multiplexed i2c bus 8
[    4.201517] si570 9-005d: registered, current frequency 148500000 Hz
[    4.207919] i2c i2c-1: Added multiplexed i2c bus 9
[    4.212959] si5324 10-0069: si5328 probed
[    4.280057] si5324 10-0069: si5328 probe successful
[    4.284982] i2c i2c-1: Added multiplexed i2c bus 10
[    4.290010] i2c i2c-1: Added multiplexed i2c bus 11
[    4.295033] i2c i2c-1: Added multiplexed i2c bus 12
[    4.300056] i2c i2c-1: Added multiplexed i2c bus 13
[    4.304929] pca954x 1-0074: registered 8 multiplexed busses for I2C switch pca9548
[    4.313040] at24 14-0050: supply vcc not found, using dummy regulator
[    4.319826] at24 14-0050: 256 byte 24c02 EEPROM, writable, 1 bytes/write
[    4.326572] i2c i2c-1: Added multiplexed i2c bus 14
[    4.331616] i2c i2c-1: Added multiplexed i2c bus 15
[    4.336646] i2c i2c-1: Added multiplexed i2c bus 16
[    4.341682] i2c i2c-1: Added multiplexed i2c bus 17
[    4.346714] i2c i2c-1: Added multiplexed i2c bus 18
[    4.351761] i2c i2c-1: Added multiplexed i2c bus 19
[    4.356802] i2c i2c-1: Added multiplexed i2c bus 20
[    4.361839] i2c i2c-1: Added multiplexed i2c bus 21
[    4.366713] pca954x 1-0075: registered 8 multiplexed busses for I2C switch pca9548
[    4.374322] cdns-i2c ff030000.i2c: 400 kHz mmio ff030000 irq 33
[    4.384064] cdns-wdt fd4d0000.watchdog: Xilinx Watchdog Timer with timeout 60s
[    4.393123] axi_adxcvr 84a60000.axi-adxcvr-rx: adxcvr_enforce_settings: Using QPLL without access, assuming desired Lane rate will be configured by a different instance
[    4.409760] axi_adxcvr 84a60000.axi-adxcvr-rx: AXI-ADXCVR-RX (17.05.a) using QPLL on GTH4 at 0x84A60000. Number of lanes: 4.
[    4.421918] axi_adxcvr 84b60000.axi-adxcvr-tx: AXI-ADXCVR-TX (17.05.a) using QPLL on GTH4 at 0x84B60000. Number of lanes: 4.
[    4.425870] mmc0: SDHCI controller on ff170000.mmc [ff170000.mmc] using ADMA 64-bit
[    4.441069] axi-jesd204-rx 84a90000.axi-jesd204-rx: AXI-JESD204-RX (1.07.a) at 0x84A90000. Encoder 8b10b, width 4/4, lanes 4, jesd204-fsm.
[    4.453904] axi-jesd204-tx 84b90000.axi-jesd204-tx: AXI-JESD204-TX (1.06.a) at 0x84B90000. Encoder 8b10b, width 4/4, lanes 4, jesd204-fsm.
[    4.467406] zynqmp-display fd4a0000.display: vtc bridge property not present
[    4.473461] mmc0: new high speed SDHC card at address 0001
[    4.477049] xilinx-dp-snd-codec fd4a0000.display:zynqmp_dp_snd_codec0: Failed to get required clock freq
[    4.480290] mmcblk0: mmc0:0001 EB1QT 29.8 GiB 
[    4.489415] xilinx-dp-snd-codec: probe of fd4a0000.display:zynqmp_dp_snd_codec0 failed with error -22
[    4.495070]  mmcblk0: p1 p2 p3
[    4.503403] xilinx-dp-snd-pcm zynqmp_dp_snd_pcm0: Xilinx DisplayPort Sound PCM probed
[    4.514262] xilinx-dp-snd-pcm zynqmp_dp_snd_pcm1: Xilinx DisplayPort Sound PCM probed
[    4.522478] OF: graph: no port node found in /axi/display@fd4a0000
[    4.528884] xlnx-drm xlnx-drm.0: bound fd4a0000.display (ops 0xffffffc010fcbdb8)
[    5.615714] zynqmp-display fd4a0000.display: [drm] Cannot find any crtc or sizes
[    5.623330] [drm] Initialized xlnx 1.0.0 20130509 for fd4a0000.display on minor 0
[    5.630817] zynqmp-display fd4a0000.display: ZynqMP DisplayPort Subsystem driver probed
[    5.639129] ahci-ceva fd0c0000.ahci: supply ahci not found, using dummy regulator
[    5.646667] ahci-ceva fd0c0000.ahci: supply phy not found, using dummy regulator
[    5.654122] ahci-ceva fd0c0000.ahci: supply target not found, using dummy regulator
[    5.661960] ahci-ceva fd0c0000.ahci: AHCI 0001.0301 32 slots 2 ports 6 Gbps 0x3 impl platform mode
[    5.670917] ahci-ceva fd0c0000.ahci: flags: 64bit ncq sntf pm clo only pmp fbs pio slum part ccc sds apst 
[    5.681612] scsi host0: ahci-ceva
[    5.685214] scsi host1: ahci-ceva
[    5.688643] ata1: SATA max UDMA/133 mmio [mem 0xfd0c0000-0xfd0c1fff] port 0x100 irq 45
[    5.696560] ata2: SATA max UDMA/133 mmio [mem 0xfd0c0000-0xfd0c1fff] port 0x180 irq 45
[    5.705162] ad9081 spi1.0: supply vdd not found, using dummy regulator
[    6.017948] ata1: SATA link down (SStatus 0 SControl 330)
[    6.023358] ata2: SATA link down (SStatus 0 SControl 330)
[    6.699716] zynqmp-display fd4a0000.display: [drm] Cannot find any crtc or sizes
[    7.496552] ad9081 spi1.0: AD9081 Rev. 2 Grade 10 (API 1.2.2) probed
[    7.503756] xhci-hcd xhci-hcd.1.auto: xHCI Host Controller
[    7.509244] xhci-hcd xhci-hcd.1.auto: new USB bus registered, assigned bus number 1
[    7.516985] xhci-hcd xhci-hcd.1.auto: hcc params 0x0238f625 hci version 0x100 quirks 0x0000000002010810
[    7.526397] xhci-hcd xhci-hcd.1.auto: irq 59, io mem 0xfe200000
[    7.532502] usb usb1: New USB device found, idVendor=1d6b, idProduct=0002, bcdDevice= 5.10
[    7.540762] usb usb1: New USB device strings: Mfr=3, Product=2, SerialNumber=1
[    7.547980] usb usb1: Product: xHCI Host Controller
[    7.552850] usb usb1: Manufacturer: Linux 5.10.0-98103-g2aa7ac113716 xhci-hcd
[    7.559976] usb usb1: SerialNumber: xhci-hcd.1.auto
[    7.565141] hub 1-0:1.0: USB hub found
[    7.568903] hub 1-0:1.0: 1 port detected
[    7.573010] xhci-hcd xhci-hcd.1.auto: xHCI Host Controller
[    7.578498] xhci-hcd xhci-hcd.1.auto: new USB bus registered, assigned bus number 2
[    7.586151] xhci-hcd xhci-hcd.1.auto: Host supports USB 3.0 SuperSpeed
[    7.592779] usb usb2: New USB device found, idVendor=1d6b, idProduct=0003, bcdDevice= 5.10
[    7.601036] usb usb2: New USB device strings: Mfr=3, Product=2, SerialNumber=1
[    7.608260] usb usb2: Product: xHCI Host Controller
[    7.613134] usb usb2: Manufacturer: Linux 5.10.0-98103-g2aa7ac113716 xhci-hcd
[    7.620258] usb usb2: SerialNumber: xhci-hcd.1.auto
[    7.625366] hub 2-0:1.0: USB hub found
[    7.629130] hub 2-0:1.0: 1 port detected
[    7.659181] cf_axi_adc 84a10000.axi-ad9081-rx-hpc: ADI AIM (10.01.b) at 0x84A10000 mapped to 0x(____ptrval____), probed ADC AD9081 as MASTER
[    7.692535] cf_axi_dds 84b10000.axi-ad9081-tx-hpc: Analog Devices CF_AXI_DDS_DDS MASTER (9.01.b) at 0x84B10000 mapped to 0x(____ptrval____), probed DDS AD9081
[    7.706736] jesd204: /axi/spi@ff040000/ad9081@0,jesd204:0,parent=spi1.0: JESD204[2] transition initialized -> probed
[    7.717257] jesd204: /axi/spi@ff040000/ad9081@0,jesd204:0,parent=spi1.0: JESD204[0] transition initialized -> probed
[    7.727780] jesd204: /axi/spi@ff040000/ad9081@0,jesd204:0,parent=spi1.0: JESD204[2] transition probed -> idle
[    7.737690] jesd204: /axi/spi@ff040000/ad9081@0,jesd204:0,parent=spi1.0: JESD204[0] transition probed -> idle
[    7.747603] jesd204: /axi/spi@ff040000/ad9081@0,jesd204:0,parent=spi1.0: JESD204[2] transition idle -> device_init
[    7.757946] jesd204: /axi/spi@ff040000/ad9081@0,jesd204:0,parent=spi1.0: JESD204[0] transition idle -> device_init
[    7.768298] jesd204: /axi/spi@ff040000/ad9081@0,jesd204:0,parent=spi1.0: JESD204[2] transition device_init -> link_init
[    7.779073] jesd204: /axi/spi@ff040000/ad9081@0,jesd204:0,parent=spi1.0: JESD204[0] transition device_init -> link_init
[    7.789864] jesd204: /axi/spi@ff040000/ad9081@0,jesd204:0,parent=spi1.0: JESD204[2] transition link_init -> link_supported
[    7.800904] jesd204: /axi/spi@ff040000/ad9081@0,jesd204:0,parent=spi1.0: JESD204[0] transition link_init -> link_supported
[    7.812322] hmc7044 spi2.0: hmc7044_jesd204_link_pre_setup: Link2 forcing continuous SYSREF mode
[    7.821436] jesd204: /axi/spi@ff040000/ad9081@0,jesd204:0,parent=spi1.0: JESD204[2] transition link_supported -> link_pre_setup
[    7.832909] jesd204: /axi/spi@ff040000/ad9081@0,jesd204:0,parent=spi1.0: JESD204[0] transition link_supported -> link_pre_setup
[    7.856756] jesd204: /axi/spi@ff040000/ad9081@0,jesd204:0,parent=spi1.0: JESD204[2] transition link_pre_setup -> clk_sync_stage1
[    7.868314] jesd204: /axi/spi@ff040000/ad9081@0,jesd204:0,parent=spi1.0: JESD204[0] transition link_pre_setup -> clk_sync_stage1
[    7.879879] jesd204: /axi/spi@ff040000/ad9081@0,jesd204:0,parent=spi1.0: JESD204[2] transition clk_sync_stage1 -> clk_sync_stage2
[    7.891522] jesd204: /axi/spi@ff040000/ad9081@0,jesd204:0,parent=spi1.0: JESD204[0] transition clk_sync_stage1 -> clk_sync_stage2
[    7.903175] jesd204: /axi/spi@ff040000/ad9081@0,jesd204:0,parent=spi1.0: JESD204[2] transition clk_sync_stage2 -> clk_sync_stage3
[    7.914825] jesd204: /axi/spi@ff040000/ad9081@0,jesd204:0,parent=spi1.0: JESD204[0] transition clk_sync_stage2 -> clk_sync_stage3
[    7.928491] jesd204: /axi/spi@ff040000/ad9081@0,jesd204:0,parent=spi1.0: JESD204[2] transition clk_sync_stage3 -> link_setup
[    7.939709] jesd204: /axi/spi@ff040000/ad9081@0,jesd204:0,parent=spi1.0: JESD204[0] transition clk_sync_stage3 -> link_setup
[    7.955701] jesd204: /axi/spi@ff040000/ad9081@0,jesd204:0,parent=spi1.0: JESD204[2] transition link_setup -> opt_setup_stage1
[    7.967005] jesd204: /axi/spi@ff040000/ad9081@0,jesd204:0,parent=spi1.0: JESD204[0] transition link_setup -> opt_setup_stage1
[    7.983328] jesd204: /axi/spi@ff040000/ad9081@0,jesd204:0,parent=spi1.0: JESD204[2] transition opt_setup_stage1 -> opt_setup_stage2
[    7.995146] jesd204: /axi/spi@ff040000/ad9081@0,jesd204:0,parent=spi1.0: JESD204[0] transition opt_setup_stage1 -> opt_setup_stage2
[    8.007119] jesd204: /axi/spi@ff040000/ad9081@0,jesd204:0,parent=spi1.0: JESD204[2] transition opt_setup_stage2 -> opt_setup_stage3
[    8.018938] jesd204: /axi/spi@ff040000/ad9081@0,jesd204:0,parent=spi1.0: JESD204[0] transition opt_setup_stage2 -> opt_setup_stage3
[    8.030762] jesd204: /axi/spi@ff040000/ad9081@0,jesd204:0,parent=spi1.0: JESD204[2] transition opt_setup_stage3 -> opt_setup_stage4
[    8.042580] jesd204: /axi/spi@ff040000/ad9081@0,jesd204:0,parent=spi1.0: JESD204[0] transition opt_setup_stage3 -> opt_setup_stage4
[    8.054409] jesd204: /axi/spi@ff040000/ad9081@0,jesd204:0,parent=spi1.0: JESD204[2] transition opt_setup_stage4 -> opt_setup_stage5
[    8.066235] jesd204: /axi/spi@ff040000/ad9081@0,jesd204:0,parent=spi1.0: JESD204[0] transition opt_setup_stage4 -> opt_setup_stage5
[    8.084175] jesd204: /axi/spi@ff040000/ad9081@0,jesd204:0,parent=spi1.0: JESD204[2] transition opt_setup_stage5 -> clocks_enable
[    8.095738] jesd204: /axi/spi@ff040000/ad9081@0,jesd204:0,parent=spi1.0: JESD204[0] transition opt_setup_stage5 -> clocks_enable
[    8.107359] jesd204: /axi/spi@ff040000/ad9081@0,jesd204:0,parent=spi1.0: JESD204[2] transition clocks_enable -> link_enable
[    8.118487] jesd204: /axi/spi@ff040000/ad9081@0,jesd204:0,parent=spi1.0: JESD204[0] transition clocks_enable -> link_enable
[    8.151949] ad9081 spi1.0: JESD RX (JTX) Link2 in DATA, SYNC deasserted, PLL locked, PHASE established, MODE valid
[    8.162555] ad9081 spi1.0: JESD TX (JRX) Link0 0xF lanes in DATA
[    8.168564] jesd204: /axi/spi@ff040000/ad9081@0,jesd204:0,parent=spi1.0: JESD204[2] transition link_enable -> link_running
[    8.179602] jesd204: /axi/spi@ff040000/ad9081@0,jesd204:0,parent=spi1.0: JESD204[0] transition link_enable -> link_running
[    8.190651] jesd204: /axi/spi@ff040000/ad9081@0,jesd204:0,parent=spi1.0: JESD204[2] transition link_running -> opt_post_running_stage
[    8.202648] jesd204: /axi/spi@ff040000/ad9081@0,jesd204:0,parent=spi1.0: JESD204[0] transition link_running -> opt_post_running_stage
[    8.223968] input: gpio-keys as /devices/platform/gpio-keys/input/input0
[    8.230979] of_cfs_init
[    8.233447] of_cfs_init: OK
[    8.236399] cfg80211: Loading compiled-in X.509 certificates for regulatory database
[    8.374762] cfg80211: Loaded X.509 cert 'sforshee: 00b28ddf47aef9cea7'
[    8.381298] clk: Not disabling unused clocks
[    8.385833] ALSA device list:
[    8.388793]   No soundcards found.
[    8.392465] platform regulatory.0: Direct firmware load for regulatory.db failed with error -2
[    8.401074] cfg80211: failed to load regulatory.db
[    8.415649] EXT4-fs (mmcblk0p2): mounted filesystem with ordered data mode. Opts: (null)
[    8.423762] VFS: Mounted root (ext4 filesystem) on device 179:2.
[    8.436921] devtmpfs: mounted
[    8.440734] Freeing unused kernel memory: 2560K
[    8.455751] Run /sbin/init as init process
[    8.459844]   with arguments:
[    8.459847]     /sbin/init
[    8.459849]   with environment:
[    8.459851]     HOME=/
[    8.459854]     TERM=linux
[    9.025847] systemd[1]: systemd 241 running in system mode. (+PAM +AUDIT +SELINUX +IMA +APPARMOR +SMACK +SYSVINIT +UTMP +LIBCRYPTSETUP +GCRYPT +GNUTLS +ACL +XZ +LZ4 +SECCOMP +BLKID +ELFUTILS +KMOD -IDN2 +IDN -PCRE2 default-hierarchy=hybrid)
[    9.047741] systemd[1]: Detected architecture arm64.
[    9.072413] systemd[1]: Set hostname to <analog>.
[    9.255448] systemd[1]: File /lib/systemd/system/systemd-journald.service:12 configures an IP firewall (IPAddressDeny=any), but the local system does not support BPF/cgroup based firewalling.
[    9.272494] systemd[1]: Proceeding WITHOUT firewalling in effect! (This warning is only shown for the first loaded unit using IP firewalling.)
[    9.353049] random: crng init done
[    9.445179] systemd[1]: /etc/systemd/system/tof-server.service:1: Assignment outside of section. Ignoring.
[    9.454894] systemd[1]: /etc/systemd/system/tof-server.service:2: Assignment outside of section. Ignoring.
[    9.647336] systemd[1]: Started Forward Password Requests to Wall Directory Watch.
[    9.672171] systemd[1]: Listening on Journal Socket (/dev/log).
[    9.695788] systemd[1]: Condition check resulted in Arbitrary Executable File Formats File System Automount Point being skipped.
[   10.307755] ------------[ cut here ]------------
[   10.307765] Enabling unprepared \xa0\xe9Q\x88\xff\xff\xffpQ\x88\xff\xff\xff
[   10.307816] WARNING: CPU: 2 PID: 112 at drivers/clk/clk.c:1012 clk_core_enable+0xa4/0xc0
[   10.307819] Modules linked in:
[   10.307830] CPU: 2 PID: 112 Comm: kworker/2:1H Not tainted 5.10.0-98103-g2aa7ac113716 #5577
[   10.307833] Hardware name: ZynqMP ZCU102 Rev1.0 (DT)
[   10.307842] Workqueue: kblockd blk_mq_run_work_fn
[   10.307850] pstate: 80000085 (Nzcv daIf -PAN -UAO -TCO BTYPE=--)
[   10.307855] pc : clk_core_enable+0xa4/0xc0
[   10.307861] lr : clk_core_enable+0xa4/0xc0
[   10.307864] sp : ffffffc0127d32d0
[   10.307867] x29: ffffffc0127d32d0 x28: ffffff8800330c10 
[   10.307873] x27: ffffff8800330d48 x26: 0000005000000101 
[   10.307880] x25: 000000026072b868 x24: 0000000000000001 
[   10.307886] x23: ffffff88010e9380 x22: ffffff8801083220 
[   10.307893] x21: ffffff8801517000 x20: ffffff8801517008 
[   10.307900] x19: ffffff8801517008 x18: 0000000000000030 
[   10.307906] x17: 0000000000000004 x16: 0000a8aea32b3652 
[   10.307913] x15: ffffffffffff86b8 x14: ffffffc011d3b1a0 
[   10.307920] x13: ffffffc011d3b1c8 x12: 00000000000005e2 
[   10.307926] x11: 00000000000001f6 x10: ffffffc011d671c8 
[   10.307932] x9 : 00000000fffff800 x8 : ffffffc011d3b1c8 
[   10.307939] x7 : ffffffc011d671c8 x6 : 0000000000000001 
[   10.307945] x5 : ffffff887f7929e0 x4 : 0000000000000000 
[   10.307951] x3 : 0000000000000027 x2 : 0000000000000023 
[   10.307958] x1 : 9ea455f1ac695d00 x0 : 0000000000000000 
[   10.307965] Call trace:
[   10.307971]  clk_core_enable+0xa4/0xc0
[   10.307976]  clk_enable+0x2c/0x60
[   10.307983]  zynqmp_runtime_resume+0x24/0x84
[   10.307989]  pm_generic_runtime_resume+0x30/0x50
[   10.307995]  __genpd_runtime_resume+0x30/0xb0
[   10.308001]  genpd_runtime_resume+0x90/0x250
[   10.308007]  __rpm_callback+0x10c/0x1e0
[   10.308013]  rpm_callback+0x5c/0x84
[   10.308017]  rpm_resume+0x4a4/0x74c
[   10.308022]  __pm_runtime_resume+0x78/0xc4
[   10.308027]  spi_mem_access_start.isra.0+0x30/0x80
[   10.308032]  spi_mem_exec_op+0x3b0/0x424
[   10.308036]  spi_nor_read_sr+0x78/0xe0
[   10.308041]  spi_nor_wait_till_ready_with_timeout+0xb4/0x2f0
[   10.308046]  spi_nor_read+0x188/0x380
[   10.308051]  mtd_read_oob_std+0x78/0x84
[   10.308056]  mtd_read_oob+0x7c/0x134
[   10.308060]  mtd_read+0x48/0x7c
[   10.308066]  mtdblock_readsect+0x6c/0x150
[   10.308071]  mtd_queue_rq+0x2cc/0x5a0
[   10.308077]  blk_mq_dispatch_rq_list+0x110/0x790
[   10.308083]  __blk_mq_do_dispatch_sched+0x200/0x274
[   10.308089]  __blk_mq_sched_dispatch_requests+0x1a8/0x1fc
[   10.308094]  blk_mq_sched_dispatch_requests+0x3c/0x7c
[   10.308099]  __blk_mq_run_hw_queue+0x98/0x100
[   10.308104]  blk_mq_run_work_fn+0x24/0x30
[   10.308109]  process_one_work+0x1d4/0x380
[   10.308113]  worker_thread+0x78/0x4e0
[   10.308119]  kthread+0x124/0x130
[   10.308124]  ret_from_fork+0x10/0x3c
[   10.308128] ---[ end trace a37bfb821ab971e0 ]---
[   10.308136] zynqmp-qspi ff0f0000.spi: Cannot enable APB clock.
[   10.308185] spi_master spi0: Failed to power device: -108
[   10.308195] blk_update_request: I/O error, dev mtdblock0, sector 8 op 0x0:(READ) flags 0x80700 phys_seg 1 prio class 0
[   10.308263] spi_master spi0: Failed to power device: -22
[   10.308270] blk_update_request: I/O error, dev mtdblock0, sector 8 op 0x0:(READ) flags 0x0 phys_seg 8 prio class 0
[   10.308276] Buffer I/O error on dev mtdblock0, logical block 8, async page read
[   10.308285] spi_master spi0: Failed to power device: -22
[   10.308291] blk_update_request: I/O error, dev mtdblock0, sector 9 op 0x0:(READ) flags 0x0 phys_seg 7 prio class 0
[   10.308295] Buffer I/O error on dev mtdblock0, logical block 9, async page read
[   10.308302] spi_master spi0: Failed to power device: -22
[   10.308308] blk_update_request: I/O error, dev mtdblock0, sector 10 op 0x0:(READ) flags 0x0 phys_seg 6 prio class 0
[   10.308311] Buffer I/O error on dev mtdblock0, logical block 10, async page read
[   10.308318] spi_master spi0: Failed to power device: -22
[   10.308324] blk_update_request: I/O error, dev mtdblock0, sector 11 op 0x0:(READ) flags 0x0 phys_seg 5 prio class 0
[   10.308327] Buffer I/O error on dev mtdblock0, logical block 11, async page read
[   10.308334] spi_master spi0: Failed to power device: -22
[   10.308340] blk_update_request: I/O error, dev mtdblock0, sector 12 op 0x0:(READ) flags 0x0 phys_seg 4 prio class 0
[   10.308344] Buffer I/O error on dev mtdblock0, logical block 12, async page read
[   10.308350] spi_master spi0: Failed to power device: -22
[   10.308356] blk_update_request: I/O error, dev mtdblock0, sector 13 op 0x0:(READ) flags 0x0 phys_seg 3 prio class 0
[   10.308360] Buffer I/O error on dev mtdblock0, logical block 13, async page read
[   10.308366] spi_master spi0: Failed to power device: -22
[   10.308372] blk_update_request: I/O error, dev mtdblock0, sector 14 op 0x0:(READ) flags 0x0 phys_seg 2 prio class 0
[   10.308376] Buffer I/O error on dev mtdblock0, logical block 14, async page read
[   10.308382] spi_master spi0: Failed to power device: -22
[   10.308388] blk_update_request: I/O error, dev mtdblock0, sector 15 op 0x0:(READ) flags 0x0 phys_seg 1 prio class 0
[   10.308392] Buffer I/O error on dev mtdblock0, logical block 15, async page read
[   10.308715] spi_master spi0: Failed to power device: -22
[   10.308723] blk_update_request: I/O error, dev mtdblock1, sector 10112 op 0x0:(READ) flags 0x80700 phys_seg 1 prio class 0
[   10.308767] spi_master spi0: Failed to power device: -22
[   10.308773] Buffer I/O error on dev mtdblock1, logical block 10112, async page read
[   10.308781] spi_master spi0: Failed to power device: -22
[   10.308785] Buffer I/O error on dev mtdblock1, logical block 10113, async page read
[   10.308792] spi_master spi0: Failed to power device: -22
[   10.308800] spi_master spi0: Failed to power device: -22
[   10.308807] spi_master spi0: Failed to power device: -22
[   10.308815] spi_master spi0: Failed to power device: -22
[   10.308822] spi_master spi0: Failed to power device: -22
[   10.308829] spi_master spi0: Failed to power device: -22
[   10.309089] spi_master spi0: Failed to power device: -22
[   10.309133] spi_master spi0: Failed to power device: -22
[   10.309142] spi_master spi0: Failed to power device: -22
[   10.309150] spi_master spi0: Failed to power device: -22
[   10.309158] spi_master spi0: Failed to power device: -22
[   10.309165] spi_master spi0: Failed to power device: -22
[   10.309172] spi_master spi0: Failed to power device: -22
[   10.309180] spi_master spi0: Failed to power device: -22
[   10.309187] spi_master spi0: Failed to power device: -22
[   10.309451] spi_master spi0: Failed to power device: -22
[   10.309495] spi_master spi0: Failed to power device: -22
[   10.309504] spi_master spi0: Failed to power device: -22
[   10.309512] spi_master spi0: Failed to power device: -22
[   10.309520] spi_master spi0: Failed to power device: -22
[   10.309527] spi_master spi0: Failed to power device: -22
[   10.309534] spi_master spi0: Failed to power device: -22
[   10.309542] spi_master spi0: Failed to power device: -22
[   10.309549] spi_master spi0: Failed to power device: -22
[   10.434527] EXT4-fs (mmcblk0p2): re-mounted. Opts: (null)
[   10.612629] systemd-journald[151]: Received request to flush runtime journal from PID 1
[   16.618377] macb ff0e0000.ethernet eth0: PHY [ff0e0000.ethernet-ffffffff:0c] driver [TI DP83867] (irq=POLL)
[   16.618391] macb ff0e0000.ethernet eth0: configuring for phy/rgmii-id link mode
[   16.923825] Adding 102396k swap on /var/swap.  Priority:-2 extents:4 across:9953604k SS
[   19.480821] broken atomic modeset userspace detected, disabling atomic
[   20.705313] macb ff0e0000.ethernet eth0: Link is Up - 1Gbps/Full - flow control off
[   20.705339] IPv6: ADDRCONF(NETDEV_CHANGE): eth0: link becomes ready
[   22.143992] broken atomic modeset userspace detected, disabling atomic
[   25.037884] broken atomic modeset userspace detected, disabling atomic
[   27.671804] broken atomic modeset userspace detected, disabling atomic