[    0.000000] Booting Linux on physical CPU 0x0000000000 [0x410fd034]
[    0.000000] Linux version 5.10.0-98103-g2aa7ac113716 (jenkins@romlxbuild1.adlk.analog.com) (aarch64-xilinx-linux-gcc.real (GCC) 10.2.0, GNU ld (GNU Binutils) 2.35.0.20200730) #5577 SMP Wed Mar 23 07:28:49 GMT 2022
[    0.000000] Machine model: ZynqMP ZCU102 Rev1.0
[    0.000000] earlycon: cdns0 at MMIO 0x00000000ff000000 (options '115200n8')
[    0.000000] printk: bootconsole [cdns0] enabled
[    0.000000] efi: UEFI not found.
[    0.000000] cma: Reserved 256 MiB at 0x0000000070000000
[    0.000000] Zone ranges:
[    0.000000]   DMA      [mem 0x0000000000000000-0x000000003fffffff]
[    0.000000]   DMA32    [mem 0x0000000040000000-0x00000000ffffffff]
[    0.000000]   Normal   [mem 0x0000000100000000-0x000000087fffffff]
[    0.000000] Movable zone start for each node
[    0.000000] Early memory node ranges
[    0.000000]   node   0: [mem 0x0000000000000000-0x000000007fffffff]
[    0.000000]   node   0: [mem 0x0000000800000000-0x000000087fffffff]
[    0.000000] Initmem setup node 0 [mem 0x0000000000000000-0x000000087fffffff]
[    0.000000] On node 0 totalpages: 1048576
[    0.000000]   DMA zone: 3584 pages used for memmap
[    0.000000]   DMA zone: 0 pages reserved
[    0.000000]   DMA zone: 262144 pages, LIFO batch:63
[    0.000000]   DMA32 zone: 3584 pages used for memmap
[    0.000000]   DMA32 zone: 262144 pages, LIFO batch:63
[    0.000000]   Normal zone: 7168 pages used for memmap
[    0.000000]   Normal zone: 524288 pages, LIFO batch:63
[    0.000000] psci: probing for conduit method from DT.
[    0.000000] psci: PSCIv1.1 detected in firmware.
[    0.000000] psci: Using standard PSCI v0.2 function IDs
[    0.000000] psci: MIGRATE_INFO_TYPE not supported.
[    0.000000] psci: SMC Calling Convention v1.2
[    0.000000] percpu: Embedded 22 pages/cpu s49496 r8192 d32424 u90112
[    0.000000] pcpu-alloc: s49496 r8192 d32424 u90112 alloc=22*4096
[    0.000000] pcpu-alloc: [0] 0 [0] 1 [0] 2 [0] 3 
[    0.000000] Detected VIPT I-cache on CPU0
[    0.000000] CPU features: detected: ARM erratum 845719
[    0.000000] Built 1 zonelists, mobility grouping on.  Total pages: 1034240
[    0.000000] Kernel command line: console=ttyPS0,115200 root=/dev/mmcblk0p2 rw earlycon rootfstype=ext4 rootwait clk_ignore_unused cpuidle.off=1 root=/dev/mmcblk0p2 rw rootwait
[    0.000000] Dentry cache hash table entries: 524288 (order: 10, 4194304 bytes, linear)
[    0.000000] Inode-cache hash table entries: 262144 (order: 9, 2097152 bytes, linear)
[    0.000000] mem auto-init: stack:off, heap alloc:off, heap free:off
[    0.000000] software IO TLB: mapped [mem 0x000000003bfff000-0x000000003ffff000] (64MB)
[    0.000000] Memory: 3761904K/4194304K available (15296K kernel code, 1636K rwdata, 11876K rodata, 2560K init, 507K bss, 170256K reserved, 262144K cma-reserved)
[    0.000000] rcu: Hierarchical RCU implementation.
[    0.000000] rcu: 	RCU event tracing is enabled.
[    0.000000] rcu: 	RCU restricting CPUs from NR_CPUS=8 to nr_cpu_ids=4.
[    0.000000] rcu: RCU calculated value of scheduler-enlistment delay is 25 jiffies.
[    0.000000] rcu: Adjusting geometry for rcu_fanout_leaf=16, nr_cpu_ids=4
[    0.000000] NR_IRQS: 64, nr_irqs: 64, preallocated irqs: 0
[    0.000000] GIC: Adjusting CPU interface base to 0x00000000f902f000
[    0.000000] GIC: Using split EOI/Deactivate mode
[    0.000000] random: get_random_bytes called from start_kernel+0x31c/0x54c with crng_init=0
[    0.000000] arch_timer: cp15 timer(s) running at 100.00MHz (phys).
[    0.000000] clocksource: arch_sys_counter: mask: 0xffffffffffffff max_cycles: 0x171024e7e0, max_idle_ns: 440795205315 ns
[    0.000003] sched_clock: 56 bits at 100MHz, resolution 10ns, wraps every 4398046511100ns
[    0.008459] Console: colour dummy device 80x25
[    0.012483] Calibrating delay loop (skipped), value calculated using timer frequency.. 200.00 BogoMIPS (lpj=400000)
[    0.022841] pid_max: default: 32768 minimum: 301
[    0.027551] Mount-cache hash table entries: 8192 (order: 4, 65536 bytes, linear)
[    0.034789] Mountpoint-cache hash table entries: 8192 (order: 4, 65536 bytes, linear)
[    0.043397] rcu: Hierarchical SRCU implementation.
[    0.047561] EFI services will not be available.
[    0.051938] smp: Bringing up secondary CPUs ...
[    0.056658] Detected VIPT I-cache on CPU1
[    0.056697] CPU1: Booted secondary processor 0x0000000001 [0x410fd034]
[    0.057061] Detected VIPT I-cache on CPU2
[    0.057085] CPU2: Booted secondary processor 0x0000000002 [0x410fd034]
[    0.057423] Detected VIPT I-cache on CPU3
[    0.057446] CPU3: Booted secondary processor 0x0000000003 [0x410fd034]
[    0.057492] smp: Brought up 1 node, 4 CPUs
[    0.091780] SMP: Total of 4 processors activated.
[    0.096452] CPU features: detected: 32-bit EL0 Support
[    0.101556] CPU features: detected: CRC32 instructions
[    0.106695] CPU: All CPU(s) started at EL2
[    0.110737] alternatives: patching kernel code
[    0.116168] devtmpfs: initialized
[    0.124067] Registered cp15_barrier emulation handler
[    0.124118] Registered setend emulation handler
[    0.128100] clocksource: jiffies: mask: 0xffffffff max_cycles: 0xffffffff, max_idle_ns: 7645041785100000 ns
[    0.137679] futex hash table entries: 1024 (order: 4, 65536 bytes, linear)
[    0.151039] pinctrl core: initialized pinctrl subsystem
[    0.151681] NET: Registered protocol family 16
[    0.156109] DMA: preallocated 512 KiB GFP_KERNEL pool for atomic allocations
[    0.162125] DMA: preallocated 512 KiB GFP_KERNEL|GFP_DMA pool for atomic allocations
[    0.169852] DMA: preallocated 512 KiB GFP_KERNEL|GFP_DMA32 pool for atomic allocations
[    0.177653] audit: initializing netlink subsys (disabled)
[    0.183103] audit: type=2000 audit(0.116:1): state=initialized audit_enabled=0 res=1
[    0.183448] hw-breakpoint: found 6 breakpoint and 4 watchpoint registers.
[    0.197480] ASID allocator initialised with 65536 entries
[    0.224330] HugeTLB registered 1.00 GiB page size, pre-allocated 0 pages
[    0.225386] HugeTLB registered 32.0 MiB page size, pre-allocated 0 pages
[    0.232057] HugeTLB registered 2.00 MiB page size, pre-allocated 0 pages
[    0.238717] HugeTLB registered 64.0 KiB page size, pre-allocated 0 pages
[    1.304290] DRBG: Continuing without Jitter RNG
[    1.382110] raid6: neonx8   gen()  2142 MB/s
[    1.450160] raid6: neonx8   xor()  1597 MB/s
[    1.518222] raid6: neonx4   gen()  2200 MB/s
[    1.586271] raid6: neonx4   xor()  1566 MB/s
[    1.654329] raid6: neonx2   gen()  2076 MB/s
[    1.722379] raid6: neonx2   xor()  1437 MB/s
[    1.790445] raid6: neonx1   gen()  1772 MB/s
[    1.858502] raid6: neonx1   xor()  1220 MB/s
[    1.926552] raid6: int64x8  gen()  1438 MB/s
[    1.994608] raid6: int64x8  xor()   771 MB/s
[    2.062683] raid6: int64x4  gen()  1598 MB/s
[    2.130732] raid6: int64x4  xor()   818 MB/s
[    2.198804] raid6: int64x2  gen()  1397 MB/s
[    2.266844] raid6: int64x2  xor()   750 MB/s
[    2.334932] raid6: int64x1  gen()  1034 MB/s
[    2.402983] raid6: int64x1  xor()   517 MB/s
[    2.403021] raid6: using algorithm neonx4 gen() 2200 MB/s
[    2.406979] raid6: .... xor() 1566 MB/s, rmw enabled
[    2.411909] raid6: using neon recovery algorithm
[    2.416920] iommu: Default domain type: Translated 
[    2.421535] SCSI subsystem initialized
[    2.425078] libata version 3.00 loaded.
[    2.425201] usbcore: registered new interface driver usbfs
[    2.430535] usbcore: registered new interface driver hub
[    2.435809] usbcore: registered new device driver usb
[    2.440942] mc: Linux media interface: v0.10
[    2.445056] videodev: Linux video capture interface: v2.00
[    2.450548] EDAC MC: Ver: 3.0.0
[    2.453993] zynqmp-ipi-mbox mailbox@ff990400: Registered ZynqMP IPI mbox with TX/RX channels.
[    2.462487] jesd204: created con: id=0, topo=0, link=0, /axi/spi@ff050000/hmc7044@0 <-> /fpga-axi@0/axi-adxcvr-tx@84b60000
[    2.473077] jesd204: created con: id=1, topo=0, link=2, /axi/spi@ff050000/hmc7044@0 <-> /fpga-axi@0/axi-adxcvr-rx@84a60000
[    2.484062] jesd204: created con: id=2, topo=0, link=0, /fpga-axi@0/axi-adxcvr-tx@84b60000 <-> /fpga-axi@0/axi-jesd204-tx@84b90000
[    2.495737] jesd204: created con: id=3, topo=0, link=2, /fpga-axi@0/axi-adxcvr-rx@84a60000 <-> /fpga-axi@0/axi-jesd204-rx@84a90000
[    2.507415] jesd204: created con: id=4, topo=0, link=0, /fpga-axi@0/axi-jesd204-tx@84b90000 <-> /fpga-axi@0/axi-ad9081-tx-hpc@84b10000
[    2.519442] jesd204: created con: id=5, topo=0, link=2, /fpga-axi@0/axi-jesd204-rx@84a90000 <-> /fpga-axi@0/axi-ad9081-rx-hpc@84a10000
[    2.531465] jesd204: created con: id=6, topo=0, link=2, /fpga-axi@0/axi-ad9081-rx-hpc@84a10000 <-> /axi/spi@ff040000/ad9081@0
[    2.542706] jesd204: created con: id=7, topo=0, link=0, /fpga-axi@0/axi-ad9081-tx-hpc@84b10000 <-> /axi/spi@ff040000/ad9081@0
[    2.553956] jesd204: /axi/spi@ff040000/ad9081@0: JESD204[2] transition uninitialized -> initialized
[    2.562943] jesd204: /axi/spi@ff040000/ad9081@0: JESD204[0] transition uninitialized -> initialized
[    2.571934] jesd204: found 8 devices and 1 topologies
[    2.576978] FPGA manager framework
[    2.580458] Advanced Linux Sound Architecture Driver Initialized.
[    2.586751] Bluetooth: Core ver 2.22
[    2.589937] NET: Registered protocol family 31
[    2.594339] Bluetooth: HCI device and connection manager initialized
[    2.600655] Bluetooth: HCI socket layer initialized
[    2.605497] Bluetooth: L2CAP socket layer initialized
[    2.610521] Bluetooth: SCO socket layer initialized
[    2.615699] clocksource: Switched to clocksource arch_sys_counter
[    2.621514] VFS: Disk quotas dquot_6.6.0
[    2.625349] VFS: Dquot-cache hash table entries: 512 (order 0, 4096 bytes)
[    2.636068] NET: Registered protocol family 2
[    2.636794] tcp_listen_portaddr_hash hash table entries: 2048 (order: 3, 32768 bytes, linear)
[    2.644988] TCP established hash table entries: 32768 (order: 6, 262144 bytes, linear)
[    2.653014] TCP bind hash table entries: 32768 (order: 7, 524288 bytes, linear)
[    2.660458] TCP: Hash tables configured (established 32768 bind 32768)
[    2.666633] UDP hash table entries: 2048 (order: 4, 65536 bytes, linear)
[    2.673299] UDP-Lite hash table entries: 2048 (order: 4, 65536 bytes, linear)
[    2.680459] NET: Registered protocol family 1
[    2.684914] RPC: Registered named UNIX socket transport module.
[    2.690536] RPC: Registered udp transport module.
[    2.695200] RPC: Registered tcp transport module.
[    2.699870] RPC: Registered tcp NFSv4.1 backchannel transport module.
[    2.706861] PCI: CLS 0 bytes, default 64
[    2.710567] hw perfevents: no interrupt-affinity property for /pmu, guessing.
[    2.717421] hw perfevents: enabled with armv8_pmuv3 PMU driver, 7 counters available
[    2.725777] Initialise system trusted keyrings
[    2.729449] workingset: timestamp_bits=62 max_order=20 bucket_order=0
[    2.736350] NFS: Registering the id_resolver key type
[    2.740800] Key type id_resolver registered
[    2.744938] Key type id_legacy registered
[    2.748927] nfs4filelayout_init: NFSv4 File Layout Driver Registering...
[    2.755593] jffs2: version 2.2. (NAND) (SUMMARY)  Â© 2001-2006 Red Hat, Inc.
[    2.798253] NET: Registered protocol family 38
[    2.798296] xor: measuring software checksum speed
[    2.805986]    8regs           :  2363 MB/sec
[    2.809655]    32regs          :  2799 MB/sec
[    2.814597]    arm64_neon      :  2380 MB/sec
[    2.814787] xor: using function: 32regs (2799 MB/sec)
[    2.819813] Key type asymmetric registered
[    2.823874] Asymmetric key parser 'x509' registered
[    2.828735] Block layer SCSI generic (bsg) driver version 0.4 loaded (major 248)
[    2.836072] io scheduler mq-deadline registered
[    2.840568] io scheduler kyber registered
[    2.869968] Serial: 8250/16550 driver, 4 ports, IRQ sharing disabled
[    2.874610] cacheinfo: Unable to detect cache hierarchy for CPU 0
[    2.880950] brd: module loaded
[    2.885093] loop: module loaded
[    2.885637] Registered mathworks_ip class
[    2.888978] libphy: Fixed MDIO Bus: probed
[    2.891967] tun: Universal TUN/TAP device driver, 1.6
[    2.896017] CAN device driver interface
[    2.900552] usbcore: registered new interface driver asix
[    2.905147] usbcore: registered new interface driver ax88179_178a
[    2.911181] usbcore: registered new interface driver cdc_ether
[    2.916975] usbcore: registered new interface driver net1080
[    2.922602] usbcore: registered new interface driver cdc_subset
[    2.928482] usbcore: registered new interface driver zaurus
[    2.934025] usbcore: registered new interface driver cdc_ncm
[    2.940436] ehci_hcd: USB 2.0 'Enhanced' Host Controller (EHCI) Driver
[    2.946111] ehci-pci: EHCI PCI platform driver
[    2.950909] usbcore: registered new interface driver uas
[    2.955826] usbcore: registered new interface driver usb-storage
[    2.961814] usbcore: registered new interface driver usbserial_generic
[    2.968265] usbserial: USB Serial support registered for generic
[    2.974238] usbcore: registered new interface driver ftdi_sio
[    2.979941] usbserial: USB Serial support registered for FTDI USB Serial Device
[    2.987218] usbcore: registered new interface driver upd78f0730
[    2.993089] usbserial: USB Serial support registered for upd78f0730
[    3.000745] rtc_zynqmp ffa60000.rtc: registered as rtc0
[    3.004514] rtc_zynqmp ffa60000.rtc: setting system clock to 2022-04-12T21:59:10 UTC (1649800750)
[    3.013377] i2c /dev entries driver
[    3.018690] usbcore: registered new interface driver uvcvideo
[    3.022490] USB Video Class driver (1.1.1)
[    3.028071] Bluetooth: HCI UART driver ver 2.3
[    3.030961] Bluetooth: HCI UART protocol H4 registered
[    3.036070] Bluetooth: HCI UART protocol BCSP registered
[    3.041359] Bluetooth: HCI UART protocol LL registered
[    3.046448] Bluetooth: HCI UART protocol ATH3K registered
[    3.051822] Bluetooth: HCI UART protocol Three-wire (H5) registered
[    3.058077] Bluetooth: HCI UART protocol Intel registered
[    3.063414] Bluetooth: HCI UART protocol QCA registered
[    3.068616] usbcore: registered new interface driver bcm203x
[    3.074237] usbcore: registered new interface driver bpa10x
[    3.079773] usbcore: registered new interface driver bfusb
[    3.085224] usbcore: registered new interface driver btusb
[    3.090686] usbcore: registered new interface driver ath3k
[    3.096169] EDAC MC: ECC not enabled
[    3.099795] EDAC DEVICE0: Giving out device to module zynqmp-ocm-edac controller zynqmp_ocm: DEV ff960000.memory-controller (INTERRUPT)
[    3.112110] sdhci: Secure Digital Host Controller Interface driver
[    3.117897] sdhci: Copyright(c) Pierre Ossman
[    3.122222] sdhci-pltfm: SDHCI platform and OF driver helper
[    3.128271] ledtrig-cpu: registered to indicate activity on CPUs
[    3.133827] SMCCC: SOC_ID: ARCH_SOC_ID not implemented, skipping ....
[    3.140259] zynqmp_firmware_probe Platform Management API v1.1
[    3.146013] zynqmp_firmware_probe Trustzone version v1.0
[    3.185564] zynqmp-pinctrl firmware:zynqmp-firmware:pinctrl: zynqmp pinctrl initialized
[    3.233558] zynqmp-aes firmware:zynqmp-firmware:zynqmp-aes: will run requests pump with realtime priority
[    3.249386] alg: No test for xilinx-keccak-384 (zynqmp-keccak-384)
[    3.250094] alg: No test for xilinx-zynqmp-rsa (zynqmp-rsa)
[    3.255610] usbcore: registered new interface driver usbhid
[    3.260997] usbhid: USB HID core driver
[    3.272229] axi_sysid 85000000.axi-sysid-0: AXI System ID core version (1.01.a) found
[    3.274577] axi_sysid 85000000.axi-sysid-0: [ad9081_fmca_ebz] on [zcu102] git branch <master> git <084d44c9780640ca93fd847b1d9ec70dd65f5c67> clean [2022-03-18 04:17:50] UTC
[    3.290265] fpga_manager fpga0: Xilinx ZynqMP FPGA Manager registered
[    3.296631] usbcore: registered new interface driver snd-usb-audio
[    3.304064] pktgen: Packet Generator for packet performance testing. Version: 2.75
[    3.310241] Initializing XFRM netlink socket
[    3.314112] NET: Registered protocol family 10
[    3.318823] Segment Routing with IPv6
[    3.322206] sit: IPv6, IPv4 and MPLS over IPv4 tunneling driver
[    3.328274] NET: Registered protocol family 17
[    3.332377] NET: Registered protocol family 15
[    3.336874] can: controller area network core
[    3.341129] NET: Registered protocol family 29
[    3.345518] can: raw protocol
[    3.348455] can: broadcast manager protocol
[    3.352611] can: netlink gateway - max_hops=1
[    3.357005] Bluetooth: RFCOMM TTY layer initialized
[    3.361784] Bluetooth: RFCOMM socket layer initialized
[    3.366895] Bluetooth: RFCOMM ver 1.11
[    3.370603] Bluetooth: BNEP (Ethernet Emulation) ver 1.3
[    3.375874] Bluetooth: BNEP filters: protocol multicast
[    3.381068] Bluetooth: BNEP socket layer initialized
[    3.385995] Bluetooth: HIDP (Human Interface Emulation) ver 1.2
[    3.391879] Bluetooth: HIDP socket layer initialized
[    3.396930] 9pnet: Installing 9P2000 support
[    3.401055] NET: Registered protocol family 36
[    3.405473] Key type dns_resolver registered
[    3.409905] registered taskstats version 1
[    3.413769] Loading compiled-in X.509 certificates
[    3.418881] Btrfs loaded, crc32c=crc32c-generic
[    3.431270] ff000000.serial: ttyPS0 at MMIO 0xff000000 (irq = 49, base_baud = 6249999) is a xuartps
[    3.440294] printk: console [ttyPS0] enabled
[    3.444590] printk: bootconsole [cdns0] disabled
[    3.454222] ff010000.serial: ttyPS1 at MMIO 0xff010000 (irq = 50, base_baud = 6249999) is a xuartps
[    3.467449] of-fpga-region fpga-full: FPGA Region probed
[    3.474418] nwl-pcie fd0e0000.pcie: host bridge /axi/pcie@fd0e0000 ranges:
[    3.481310] nwl-pcie fd0e0000.pcie:      MEM 0x00e0000000..0x00efffffff -> 0x00e0000000
[    3.489318] nwl-pcie fd0e0000.pcie:      MEM 0x0600000000..0x07ffffffff -> 0x0600000000
[    3.497383] nwl-pcie fd0e0000.pcie: Link is DOWN
[    3.502140] nwl-pcie fd0e0000.pcie: PCI host bridge to bus 0000:00
[    3.508318] pci_bus 0000:00: root bus resource [bus 00-ff]
[    3.513799] pci_bus 0000:00: root bus resource [mem 0xe0000000-0xefffffff]
[    3.520670] pci_bus 0000:00: root bus resource [mem 0x600000000-0x7ffffffff pref]
[    3.528172] pci 0000:00:00.0: [10ee:d021] type 01 class 0x060400
[    3.534229] pci 0000:00:00.0: PME# supported from D0 D1 D2 D3hot
[    3.544670] pci 0000:00:00.0: PCI bridge to [bus 01-0c]
[    3.550647] xilinx-zynqmp-dma fd500000.dma: ZynqMP DMA driver Probe success
[    3.557826] xilinx-zynqmp-dma fd510000.dma: ZynqMP DMA driver Probe success
[    3.565005] xilinx-zynqmp-dma fd520000.dma: ZynqMP DMA driver Probe success
[    3.572178] xilinx-zynqmp-dma fd530000.dma: ZynqMP DMA driver Probe success
[    3.579345] xilinx-zynqmp-dma fd540000.dma: ZynqMP DMA driver Probe success
[    3.586515] xilinx-zynqmp-dma fd550000.dma: ZynqMP DMA driver Probe success
[    3.593685] xilinx-zynqmp-dma fd560000.dma: ZynqMP DMA driver Probe success
[    3.600854] xilinx-zynqmp-dma fd570000.dma: ZynqMP DMA driver Probe success
[    3.608254] xilinx-zynqmp-dpdma fd4c0000.dma-controller: Xilinx DPDMA engine is probed
[    3.616800] ahci-ceva fd0c0000.ahci: supply ahci not found, using dummy regulator
[    3.624341] ahci-ceva fd0c0000.ahci: supply phy not found, using dummy regulator
[    3.711880] hmc7044 spi2.0: PLL1: Acquisition, CLKIN0 @ 122880000 Hz, PFD: 80 kHz - PLL2: Locked @ 3160.000000 MHz
[    3.722597] jesd204: /axi/spi@ff050000/hmc7044@0,jesd204:1,parent=spi2.0: Using as SYSREF provider
[    3.732180] spi-nor spi0.0: SPI-NOR-UniqueID 100000235394732200270025081115266e
[    3.739483] spi-nor spi0.0: found n25q512a, expected m25p80
[    3.745676] spi-nor spi0.0: trying to lock already unlocked area
[    3.751676] spi-nor spi0.0: n25q512a (131072 Kbytes)
[    3.756654] 4 fixed-partitions partitions found on MTD device spi0.0
[    3.763000] Creating 4 MTD partitions on "spi0.0":
[    3.767786] 0x000000000000-0x000000100000 : "qspi-fsbl-uboot"
[    3.774275] 0x000000100000-0x000000600000 : "qspi-linux"
[    3.780234] 0x000000600000-0x000000620000 : "qspi-device-tree"
[    3.786712] 0x000000620000-0x000000c00000 : "qspi-rootfs"
[    3.795177] macb ff0e0000.ethernet: Not enabling partial store and forward
[    3.802693] libphy: MACB_mii_bus: probed
[    3.807765] macb ff0e0000.ethernet eth0: Cadence GEM rev 0x50070106 at 0xff0e0000 irq 30 (00:0a:35:04:8e:1b)
[    3.817973] xilinx-axipmon ffa00000.perf-monitor: Probed Xilinx APM
[    3.824546] xilinx-axipmon fd0b0000.perf-monitor: Probed Xilinx APM
[    3.831062] xilinx-axipmon fd490000.perf-monitor: Probed Xilinx APM
[    3.837596] xilinx-axipmon ffa10000.perf-monitor: Probed Xilinx APM
[    3.847598] pca953x 0-0020: supply vcc not found, using dummy regulator
[    3.854283] pca953x 0-0020: using no AI
[    3.858772] gpio-496 (sel0): hogged as output/low
[    3.863673] gpio-497 (sel1): hogged as output/high
[    3.868659] gpio-498 (sel2): hogged as output/high
[    3.873650] gpio-499 (sel3): hogged as output/high
[    3.878829] pca953x 0-0021: supply vcc not found, using dummy regulator
[    3.885495] pca953x 0-0021: using no AI
[    3.891250] ina2xx 2-0040: power monitor ina226 (Rshunt = 5000 uOhm)
[    3.898271] ina2xx 2-0041: power monitor ina226 (Rshunt = 5000 uOhm)
[    3.905307] ina2xx 2-0042: power monitor ina226 (Rshunt = 5000 uOhm)
[    3.912345] ina2xx 2-0043: power monitor ina226 (Rshunt = 5000 uOhm)
[    3.919375] ina2xx 2-0044: power monitor ina226 (Rshunt = 5000 uOhm)
[    3.926400] ina2xx 2-0045: power monitor ina226 (Rshunt = 5000 uOhm)
[    3.933428] ina2xx 2-0046: power monitor ina226 (Rshunt = 5000 uOhm)
[    3.940505] ina2xx 2-0047: power monitor ina226 (Rshunt = 5000 uOhm)
[    3.947532] ina2xx 2-004a: power monitor ina226 (Rshunt = 5000 uOhm)
[    3.954572] ina2xx 2-004b: power monitor ina226 (Rshunt = 5000 uOhm)
[    3.960986] i2c i2c-0: Added multiplexed i2c bus 2
[    3.966375] random: fast init done
[    3.969849] ina2xx 3-0040: power monitor ina226 (Rshunt = 2000 uOhm)
[    3.976876] ina2xx 3-0041: power monitor ina226 (Rshunt = 5000 uOhm)
[    3.983903] ina2xx 3-0042: power monitor ina226 (Rshunt = 5000 uOhm)
[    3.990935] ina2xx 3-0043: power monitor ina226 (Rshunt = 5000 uOhm)
[    3.997962] ina2xx 3-0044: power monitor ina226 (Rshunt = 5000 uOhm)
[    4.004987] ina2xx 3-0045: power monitor ina226 (Rshunt = 5000 uOhm)
[    4.012018] ina2xx 3-0046: power monitor ina226 (Rshunt = 5000 uOhm)
[    4.019050] ina2xx 3-0047: power monitor ina226 (Rshunt = 5000 uOhm)
[    4.025451] i2c i2c-0: Added multiplexed i2c bus 3
[    4.080956] i2c i2c-0: Added multiplexed i2c bus 4
[    4.085895] i2c i2c-0: Added multiplexed i2c bus 5
[    4.090685] pca954x 0-0075: registered 4 multiplexed busses for I2C mux pca9544
[    4.098035] cdns-i2c ff020000.i2c: 400 kHz mmio ff020000 irq 32
[    4.105770] at24 6-0054: supply vcc not found, using dummy regulator
[    4.112668] at24 6-0054: 1024 byte 24c08 EEPROM, writable, 1 bytes/write
[    4.119411] i2c i2c-1: Added multiplexed i2c bus 6
[    4.125841] si5341 7-0036: Chip: 5341 Grade: 1 Rev: 1
[    4.163548] i2c i2c-1: Added multiplexed i2c bus 7
[    4.171200] si570 8-005d: registered, current frequency 300000000 Hz
[    4.177604] i2c i2c-1: Added multiplexed i2c bus 8
[    4.197389] si570 9-005d: registered, current frequency 148500000 Hz
[    4.203792] i2c i2c-1: Added multiplexed i2c bus 9
[    4.208830] si5324 10-0069: si5328 probed
[    4.276071] si5324 10-0069: si5328 probe successful
[    4.281002] i2c i2c-1: Added multiplexed i2c bus 10
[    4.286030] i2c i2c-1: Added multiplexed i2c bus 11
[    4.291057] i2c i2c-1: Added multiplexed i2c bus 12
[    4.296078] i2c i2c-1: Added multiplexed i2c bus 13
[    4.300958] pca954x 1-0074: registered 8 multiplexed busses for I2C switch pca9548
[    4.309068] at24 14-0050: supply vcc not found, using dummy regulator
[    4.315852] at24 14-0050: 256 byte 24c02 EEPROM, writable, 1 bytes/write
[    4.322602] i2c i2c-1: Added multiplexed i2c bus 14
[    4.327640] i2c i2c-1: Added multiplexed i2c bus 15
[    4.332674] i2c i2c-1: Added multiplexed i2c bus 16
[    4.337711] i2c i2c-1: Added multiplexed i2c bus 17
[    4.342745] i2c i2c-1: Added multiplexed i2c bus 18
[    4.347793] i2c i2c-1: Added multiplexed i2c bus 19
[    4.352833] i2c i2c-1: Added multiplexed i2c bus 20
[    4.357865] i2c i2c-1: Added multiplexed i2c bus 21
[    4.362741] pca954x 1-0075: registered 8 multiplexed busses for I2C switch pca9548
[    4.370350] cdns-i2c ff030000.i2c: 400 kHz mmio ff030000 irq 33
[    4.380096] cdns-wdt fd4d0000.watchdog: Xilinx Watchdog Timer with timeout 60s
[    4.389148] axi_adxcvr 84a60000.axi-adxcvr-rx: adxcvr_enforce_settings: Using QPLL without access, assuming desired Lane rate will be configured by a different instance
[    4.405789] axi_adxcvr 84a60000.axi-adxcvr-rx: AXI-ADXCVR-RX (17.05.a) using QPLL on GTH4 at 0x84A60000. Number of lanes: 4.
[    4.417946] axi_adxcvr 84b60000.axi-adxcvr-tx: AXI-ADXCVR-TX (17.05.a) using QPLL on GTH4 at 0x84B60000. Number of lanes: 4.
[    4.421908] mmc0: SDHCI controller on ff170000.mmc [ff170000.mmc] using ADMA 64-bit
[    4.437098] axi-jesd204-rx 84a90000.axi-jesd204-rx: AXI-JESD204-RX (1.07.a) at 0x84A90000. Encoder 8b10b, width 4/4, lanes 4, jesd204-fsm.
[    4.449933] axi-jesd204-tx 84b90000.axi-jesd204-tx: AXI-JESD204-TX (1.06.a) at 0x84B90000. Encoder 8b10b, width 4/4, lanes 4, jesd204-fsm.
[    4.463444] zynqmp-display fd4a0000.display: vtc bridge property not present
[    4.469465] mmc0: new high speed SDHC card at address 0001
[    4.473091] xilinx-dp-snd-codec fd4a0000.display:zynqmp_dp_snd_codec0: Failed to get required clock freq
[    4.476322] mmcblk0: mmc0:0001 EB1QT 29.8 GiB 
[    4.485452] xilinx-dp-snd-codec: probe of fd4a0000.display:zynqmp_dp_snd_codec0 failed with error -22
[    4.491118]  mmcblk0: p1 p2 p3
[    4.499438] xilinx-dp-snd-pcm zynqmp_dp_snd_pcm0: Xilinx DisplayPort Sound PCM probed
[    4.510299] xilinx-dp-snd-pcm zynqmp_dp_snd_pcm1: Xilinx DisplayPort Sound PCM probed
[    4.518506] OF: graph: no port node found in /axi/display@fd4a0000
[    4.524914] xlnx-drm xlnx-drm.0: bound fd4a0000.display (ops 0xffffffc010fcbdb8)
[    5.611720] zynqmp-display fd4a0000.display: [drm] Cannot find any crtc or sizes
[    5.619334] [drm] Initialized xlnx 1.0.0 20130509 for fd4a0000.display on minor 0
[    5.626829] zynqmp-display fd4a0000.display: ZynqMP DisplayPort Subsystem driver probed
[    5.635143] ahci-ceva fd0c0000.ahci: supply ahci not found, using dummy regulator
[    5.642689] ahci-ceva fd0c0000.ahci: supply phy not found, using dummy regulator
[    5.650143] ahci-ceva fd0c0000.ahci: supply target not found, using dummy regulator
[    5.657979] ahci-ceva fd0c0000.ahci: AHCI 0001.0301 32 slots 2 ports 6 Gbps 0x3 impl platform mode
[    5.666936] ahci-ceva fd0c0000.ahci: flags: 64bit ncq sntf pm clo only pmp fbs pio slum part ccc sds apst 
[    5.677629] scsi host0: ahci-ceva
[    5.681227] scsi host1: ahci-ceva
[    5.684654] ata1: SATA max UDMA/133 mmio [mem 0xfd0c0000-0xfd0c1fff] port 0x100 irq 45
[    5.692567] ata2: SATA max UDMA/133 mmio [mem 0xfd0c0000-0xfd0c1fff] port 0x180 irq 45
[    5.701167] ad9081 spi1.0: supply vdd not found, using dummy regulator
[    6.013923] ata2: SATA link down (SStatus 0 SControl 330)
[    6.019331] ata1: SATA link down (SStatus 0 SControl 330)
[    6.695723] zynqmp-display fd4a0000.display: [drm] Cannot find any crtc or sizes
[    7.500038] ad9081 spi1.0: AD9081 Rev. 2 Grade 10 (API 1.2.2) probed
[    7.507242] xhci-hcd xhci-hcd.1.auto: xHCI Host Controller
[    7.512731] xhci-hcd xhci-hcd.1.auto: new USB bus registered, assigned bus number 1
[    7.520478] xhci-hcd xhci-hcd.1.auto: hcc params 0x0238f625 hci version 0x100 quirks 0x0000000002010810
[    7.529890] xhci-hcd xhci-hcd.1.auto: irq 59, io mem 0xfe200000
[    7.535996] usb usb1: New USB device found, idVendor=1d6b, idProduct=0002, bcdDevice= 5.10
[    7.544256] usb usb1: New USB device strings: Mfr=3, Product=2, SerialNumber=1
[    7.551474] usb usb1: Product: xHCI Host Controller
[    7.556344] usb usb1: Manufacturer: Linux 5.10.0-98103-g2aa7ac113716 xhci-hcd
[    7.563469] usb usb1: SerialNumber: xhci-hcd.1.auto
[    7.568636] hub 1-0:1.0: USB hub found
[    7.572395] hub 1-0:1.0: 1 port detected
[    7.576494] xhci-hcd xhci-hcd.1.auto: xHCI Host Controller
[    7.581984] xhci-hcd xhci-hcd.1.auto: new USB bus registered, assigned bus number 2
[    7.589636] xhci-hcd xhci-hcd.1.auto: Host supports USB 3.0 SuperSpeed
[    7.596262] usb usb2: New USB device found, idVendor=1d6b, idProduct=0003, bcdDevice= 5.10
[    7.604524] usb usb2: New USB device strings: Mfr=3, Product=2, SerialNumber=1
[    7.611741] usb usb2: Product: xHCI Host Controller
[    7.616608] usb usb2: Manufacturer: Linux 5.10.0-98103-g2aa7ac113716 xhci-hcd
[    7.623734] usb usb2: SerialNumber: xhci-hcd.1.auto
[    7.628843] hub 2-0:1.0: USB hub found
[    7.632606] hub 2-0:1.0: 1 port detected
[    7.662687] cf_axi_adc 84a10000.axi-ad9081-rx-hpc: ADI AIM (10.01.b) at 0x84A10000 mapped to 0x(____ptrval____), probed ADC AD9081 as MASTER
[    7.696548] cf_axi_dds 84b10000.axi-ad9081-tx-hpc: Analog Devices CF_AXI_DDS_DDS MASTER (9.01.b) at 0x84B10000 mapped to 0x(____ptrval____), probed DDS AD9081
[    7.710750] jesd204: /axi/spi@ff040000/ad9081@0,jesd204:0,parent=spi1.0: JESD204[2] transition initialized -> probed
[    7.721271] jesd204: /axi/spi@ff040000/ad9081@0,jesd204:0,parent=spi1.0: JESD204[0] transition initialized -> probed
[    7.731794] jesd204: /axi/spi@ff040000/ad9081@0,jesd204:0,parent=spi1.0: JESD204[2] transition probed -> idle
[    7.741703] jesd204: /axi/spi@ff040000/ad9081@0,jesd204:0,parent=spi1.0: JESD204[0] transition probed -> idle
[    7.751617] jesd204: /axi/spi@ff040000/ad9081@0,jesd204:0,parent=spi1.0: JESD204[2] transition idle -> device_init
[    7.761961] jesd204: /axi/spi@ff040000/ad9081@0,jesd204:0,parent=spi1.0: JESD204[0] transition idle -> device_init
[    7.772312] jesd204: /axi/spi@ff040000/ad9081@0,jesd204:0,parent=spi1.0: JESD204[2] transition device_init -> link_init
[    7.783086] jesd204: /axi/spi@ff040000/ad9081@0,jesd204:0,parent=spi1.0: JESD204[0] transition device_init -> link_init
[    7.793878] jesd204: /axi/spi@ff040000/ad9081@0,jesd204:0,parent=spi1.0: JESD204[2] transition link_init -> link_supported
[    7.804918] jesd204: /axi/spi@ff040000/ad9081@0,jesd204:0,parent=spi1.0: JESD204[0] transition link_init -> link_supported
[    7.816321] hmc7044 spi2.0: hmc7044_jesd204_link_pre_setup: Link2 forcing continuous SYSREF mode
[    7.825451] jesd204: /axi/spi@ff040000/ad9081@0,jesd204:0,parent=spi1.0: JESD204[2] transition link_supported -> link_pre_setup
[    7.836923] jesd204: /axi/spi@ff040000/ad9081@0,jesd204:0,parent=spi1.0: JESD204[0] transition link_supported -> link_pre_setup
[    7.860707] jesd204: /axi/spi@ff040000/ad9081@0,jesd204:0,parent=spi1.0: JESD204[2] transition link_pre_setup -> clk_sync_stage1
[    7.872267] jesd204: /axi/spi@ff040000/ad9081@0,jesd204:0,parent=spi1.0: JESD204[0] transition link_pre_setup -> clk_sync_stage1
[    7.883830] jesd204: /axi/spi@ff040000/ad9081@0,jesd204:0,parent=spi1.0: JESD204[2] transition clk_sync_stage1 -> clk_sync_stage2
[    7.895476] jesd204: /axi/spi@ff040000/ad9081@0,jesd204:0,parent=spi1.0: JESD204[0] transition clk_sync_stage1 -> clk_sync_stage2
[    7.907134] jesd204: /axi/spi@ff040000/ad9081@0,jesd204:0,parent=spi1.0: JESD204[2] transition clk_sync_stage2 -> clk_sync_stage3
[    7.918781] jesd204: /axi/spi@ff040000/ad9081@0,jesd204:0,parent=spi1.0: JESD204[0] transition clk_sync_stage2 -> clk_sync_stage3
[    7.932500] jesd204: /axi/spi@ff040000/ad9081@0,jesd204:0,parent=spi1.0: JESD204[2] transition clk_sync_stage3 -> link_setup
[    7.943711] jesd204: /axi/spi@ff040000/ad9081@0,jesd204:0,parent=spi1.0: JESD204[0] transition clk_sync_stage3 -> link_setup
[    7.959710] jesd204: /axi/spi@ff040000/ad9081@0,jesd204:0,parent=spi1.0: JESD204[2] transition link_setup -> opt_setup_stage1
[    7.971011] jesd204: /axi/spi@ff040000/ad9081@0,jesd204:0,parent=spi1.0: JESD204[0] transition link_setup -> opt_setup_stage1
[    7.987513] jesd204: /axi/spi@ff040000/ad9081@0,jesd204:0,parent=spi1.0: JESD204[2] transition opt_setup_stage1 -> opt_setup_stage2
[    7.999334] jesd204: /axi/spi@ff040000/ad9081@0,jesd204:0,parent=spi1.0: JESD204[0] transition opt_setup_stage1 -> opt_setup_stage2
[    8.011306] jesd204: /axi/spi@ff040000/ad9081@0,jesd204:0,parent=spi1.0: JESD204[2] transition opt_setup_stage2 -> opt_setup_stage3
[    8.023126] jesd204: /axi/spi@ff040000/ad9081@0,jesd204:0,parent=spi1.0: JESD204[0] transition opt_setup_stage2 -> opt_setup_stage3
[    8.034950] jesd204: /axi/spi@ff040000/ad9081@0,jesd204:0,parent=spi1.0: JESD204[2] transition opt_setup_stage3 -> opt_setup_stage4
[    8.046768] jesd204: /axi/spi@ff040000/ad9081@0,jesd204:0,parent=spi1.0: JESD204[0] transition opt_setup_stage3 -> opt_setup_stage4
[    8.058597] jesd204: /axi/spi@ff040000/ad9081@0,jesd204:0,parent=spi1.0: JESD204[2] transition opt_setup_stage4 -> opt_setup_stage5
[    8.070419] jesd204: /axi/spi@ff040000/ad9081@0,jesd204:0,parent=spi1.0: JESD204[0] transition opt_setup_stage4 -> opt_setup_stage5
[    8.105489] axi_adxcvr 84a60000.axi-adxcvr-rx: adxcvr_clk_enable: QPLL RX buffer underflow error, status: 0x61
[    8.115477] axi_adxcvr 84a60000.axi-adxcvr-rx: adxcvr_clk_enable: QPLL RX buffer overflow error, status: 0x61
[    8.129500] jesd204: /axi/spi@ff040000/ad9081@0,jesd204:0,parent=spi1.0: JESD204[2] transition opt_setup_stage5 -> clocks_enable
[    8.141061] jesd204: /axi/spi@ff040000/ad9081@0,jesd204:0,parent=spi1.0: JESD204[0] transition opt_setup_stage5 -> clocks_enable
[    8.152683] jesd204: /axi/spi@ff040000/ad9081@0,jesd204:0,parent=spi1.0: JESD204[2] transition clocks_enable -> link_enable
[    8.163812] jesd204: /axi/spi@ff040000/ad9081@0,jesd204:0,parent=spi1.0: JESD204[0] transition clocks_enable -> link_enable
[    8.303707] axi-jesd204-rx 84a90000.axi-jesd204-rx: axi_jesd204_rx_jesd204_link_running: Link2 status failed (CGS)
[    8.314054] jesd204: /fpga-axi@0/axi-jesd204-rx@84a90000,jesd204:4,parent=84a90000.axi-jesd204-rx: JESD204[2] In link_running got error from cb: -1 (ignoring!)
[    8.423939] ad9081 spi1.0: JESD RX (JTX) Link2 in CGS, SYNC asserted, PLL locked, PHASE established, MODE valid
[    8.434029] jesd204: /axi/spi@ff040000/ad9081@0,jesd204:0,parent=spi1.0: JESD204[2] In link_running got error from cb: -1 (ignoring!)
[    8.446265] ad9081 spi1.0: JESD TX (JRX) Link0 0xF lanes in DATA
[    8.452277] jesd204: /axi/spi@ff040000/ad9081@0,jesd204:0,parent=spi1.0: JESD204[2] transition link_enable -> link_running
[    8.463313] jesd204: /axi/spi@ff040000/ad9081@0,jesd204:0,parent=spi1.0: JESD204[0] transition link_enable -> link_running
[    8.474358] jesd204: /axi/spi@ff040000/ad9081@0,jesd204:0,parent=spi1.0: JESD204[2] transition link_running -> opt_post_running_stage
[    8.486350] jesd204: /axi/spi@ff040000/ad9081@0,jesd204:0,parent=spi1.0: JESD204[0] transition link_running -> opt_post_running_stage
[    8.507560] input: gpio-keys as /devices/platform/gpio-keys/input/input0
[    8.514585] of_cfs_init
[    8.517055] of_cfs_init: OK
[    8.519991] cfg80211: Loading compiled-in X.509 certificates for regulatory database
[    8.658078] cfg80211: Loaded X.509 cert 'sforshee: 00b28ddf47aef9cea7'
[    8.664608] clk: Not disabling unused clocks
[    8.669132] ALSA device list:
[    8.672095]   No soundcards found.
[    8.675754] platform regulatory.0: Direct firmware load for regulatory.db failed with error -2
[    8.684368] cfg80211: failed to load regulatory.db
[    8.699318] EXT4-fs (mmcblk0p2): mounted filesystem with ordered data mode. Opts: (null)
[    8.707430] VFS: Mounted root (ext4 filesystem) on device 179:2.
[    8.720617] devtmpfs: mounted
[    8.724429] Freeing unused kernel memory: 2560K
[    8.729046] Run /sbin/init as init process
[    8.733137]   with arguments:
[    8.733140]     /sbin/init
[    8.733142]   with environment:
[    8.733144]     HOME=/
[    8.733146]     TERM=linux
[    9.304895] systemd[1]: systemd 241 running in system mode. (+PAM +AUDIT +SELINUX +IMA +APPARMOR +SMACK +SYSVINIT +UTMP +LIBCRYPTSETUP +GCRYPT +GNUTLS +ACL +XZ +LZ4 +SECCOMP +BLKID +ELFUTILS +KMOD -IDN2 +IDN -PCRE2 default-hierarchy=hybrid)
[    9.326771] systemd[1]: Detected architecture arm64.
[    9.348421] systemd[1]: Set hostname to <analog>.
[    9.529317] systemd[1]: File /lib/systemd/system/systemd-journald.service:12 configures an IP firewall (IPAddressDeny=any), but the local system does not support BPF/cgroup based firewalling.
[    9.546402] systemd[1]: Proceeding WITHOUT firewalling in effect! (This warning is only shown for the first loaded unit using IP firewalling.)
[    9.709902] systemd[1]: /etc/systemd/system/tof-server.service:1: Assignment outside of section. Ignoring.
[    9.719600] systemd[1]: /etc/systemd/system/tof-server.service:2: Assignment outside of section. Ignoring.
[    9.902739] random: systemd: uninitialized urandom read (16 bytes read)
[    9.917431] random: systemd: uninitialized urandom read (16 bytes read)
[    9.924738] systemd[1]: Created slice system-getty.slice.
[    9.947781] random: systemd: uninitialized urandom read (16 bytes read)
[    9.954641] systemd[1]: Created slice system-systemd\x2dfsck.slice.
[    9.976156] systemd[1]: Listening on udev Control Socket.
[   10.797031] EXT4-fs (mmcblk0p2): re-mounted. Opts: (null)
[   10.967166] systemd-journald[157]: Received request to flush runtime journal from PID 1
[   15.949137] random: crng init done
[   15.949146] random: 7 urandom warning(s) missed due to ratelimiting
[   16.722069] macb ff0e0000.ethernet eth0: PHY [ff0e0000.ethernet-ffffffff:0c] driver [TI DP83867] (irq=POLL)
[   16.722081] macb ff0e0000.ethernet eth0: configuring for phy/rgmii-id link mode
[   16.971770] Adding 99324k swap on /var/swap.  Priority:-2 extents:13 across:10143904k SS
[   19.544370] broken atomic modeset userspace detected, disabling atomic
[   20.801332] macb ff0e0000.ethernet eth0: Link is Up - 1Gbps/Full - flow control off
[   20.801358] IPv6: ADDRCONF(NETDEV_CHANGE): eth0: link becomes ready
[   22.225469] broken atomic modeset userspace detected, disabling atomic
[   25.097593] broken atomic modeset userspace detected, disabling atomic
[   27.731378] broken atomic modeset userspace detected, disabling atomic