[    0.000000] Booting Linux on physical CPU 0x0000000000 [0x410fd034]
[    0.000000] Linux version 5.10.0-98103-g2aa7ac113716 (jenkins@romlxbuild1.adlk.analog.com) (aarch64-xilinx-linux-gcc.real (GCC) 10.2.0, GNU ld (GNU Binutils) 2.35.0.20200730) #5577 SMP Wed Mar 23 07:28:49 GMT 2022
[    0.000000] Machine model: ZynqMP ZCU102 Rev1.0
[    0.000000] earlycon: cdns0 at MMIO 0x00000000ff000000 (options '115200n8')
[    0.000000] printk: bootconsole [cdns0] enabled
[    0.000000] efi: UEFI not found.
[    0.000000] cma: Reserved 256 MiB at 0x0000000070000000
[    0.000000] Zone ranges:
[    0.000000]   DMA      [mem 0x0000000000000000-0x000000003fffffff]
[    0.000000]   DMA32    [mem 0x0000000040000000-0x00000000ffffffff]
[    0.000000]   Normal   [mem 0x0000000100000000-0x000000087fffffff]
[    0.000000] Movable zone start for each node
[    0.000000] Early memory node ranges
[    0.000000]   node   0: [mem 0x0000000000000000-0x000000007fffffff]
[    0.000000]   node   0: [mem 0x0000000800000000-0x000000087fffffff]
[    0.000000] Initmem setup node 0 [mem 0x0000000000000000-0x000000087fffffff]
[    0.000000] On node 0 totalpages: 1048576
[    0.000000]   DMA zone: 3584 pages used for memmap
[    0.000000]   DMA zone: 0 pages reserved
[    0.000000]   DMA zone: 262144 pages, LIFO batch:63
[    0.000000]   DMA32 zone: 3584 pages used for memmap
[    0.000000]   DMA32 zone: 262144 pages, LIFO batch:63
[    0.000000]   Normal zone: 7168 pages used for memmap
[    0.000000]   Normal zone: 524288 pages, LIFO batch:63
[    0.000000] psci: probing for conduit method from DT.
[    0.000000] psci: PSCIv1.1 detected in firmware.
[    0.000000] psci: Using standard PSCI v0.2 function IDs
[    0.000000] psci: MIGRATE_INFO_TYPE not supported.
[    0.000000] psci: SMC Calling Convention v1.2
[    0.000000] percpu: Embedded 22 pages/cpu s49496 r8192 d32424 u90112
[    0.000000] pcpu-alloc: s49496 r8192 d32424 u90112 alloc=22*4096
[    0.000000] pcpu-alloc: [0] 0 [0] 1 [0] 2 [0] 3 
[    0.000000] Detected VIPT I-cache on CPU0
[    0.000000] CPU features: detected: ARM erratum 845719
[    0.000000] Built 1 zonelists, mobility grouping on.  Total pages: 1034240
[    0.000000] Kernel command line: console=ttyPS0,115200 root=/dev/mmcblk0p2 rw earlycon rootfstype=ext4 rootwait clk_ignore_unused cpuidle.off=1 root=/dev/mmcblk0p2 rw rootwait
[    0.000000] Dentry cache hash table entries: 524288 (order: 10, 4194304 bytes, linear)
[    0.000000] Inode-cache hash table entries: 262144 (order: 9, 2097152 bytes, linear)
[    0.000000] mem auto-init: stack:off, heap alloc:off, heap free:off
[    0.000000] software IO TLB: mapped [mem 0x000000003bfff000-0x000000003ffff000] (64MB)
[    0.000000] Memory: 3761904K/4194304K available (15296K kernel code, 1636K rwdata, 11876K rodata, 2560K init, 507K bss, 170256K reserved, 262144K cma-reserved)
[    0.000000] rcu: Hierarchical RCU implementation.
[    0.000000] rcu: 	RCU event tracing is enabled.
[    0.000000] rcu: 	RCU restricting CPUs from NR_CPUS=8 to nr_cpu_ids=4.
[    0.000000] rcu: RCU calculated value of scheduler-enlistment delay is 25 jiffies.
[    0.000000] rcu: Adjusting geometry for rcu_fanout_leaf=16, nr_cpu_ids=4
[    0.000000] NR_IRQS: 64, nr_irqs: 64, preallocated irqs: 0
[    0.000000] GIC: Adjusting CPU interface base to 0x00000000f902f000
[    0.000000] GIC: Using split EOI/Deactivate mode
[    0.000000] random: get_random_bytes called from start_kernel+0x31c/0x54c with crng_init=0
[    0.000000] arch_timer: cp15 timer(s) running at 100.00MHz (phys).
[    0.000000] clocksource: arch_sys_counter: mask: 0xffffffffffffff max_cycles: 0x171024e7e0, max_idle_ns: 440795205315 ns
[    0.000003] sched_clock: 56 bits at 100MHz, resolution 10ns, wraps every 4398046511100ns
[    0.008462] Console: colour dummy device 80x25
[    0.012484] Calibrating delay loop (skipped), value calculated using timer frequency.. 200.00 BogoMIPS (lpj=400000)
[    0.022840] pid_max: default: 32768 minimum: 301
[    0.027549] Mount-cache hash table entries: 8192 (order: 4, 65536 bytes, linear)
[    0.034789] Mountpoint-cache hash table entries: 8192 (order: 4, 65536 bytes, linear)
[    0.043395] rcu: Hierarchical SRCU implementation.
[    0.047560] EFI services will not be available.
[    0.051938] smp: Bringing up secondary CPUs ...
[    0.056657] Detected VIPT I-cache on CPU1
[    0.056696] CPU1: Booted secondary processor 0x0000000001 [0x410fd034]
[    0.057062] Detected VIPT I-cache on CPU2
[    0.057086] CPU2: Booted secondary processor 0x0000000002 [0x410fd034]
[    0.057426] Detected VIPT I-cache on CPU3
[    0.057449] CPU3: Booted secondary processor 0x0000000003 [0x410fd034]
[    0.057495] smp: Brought up 1 node, 4 CPUs
[    0.091779] SMP: Total of 4 processors activated.
[    0.096452] CPU features: detected: 32-bit EL0 Support
[    0.101556] CPU features: detected: CRC32 instructions
[    0.106697] CPU: All CPU(s) started at EL2
[    0.110736] alternatives: patching kernel code
[    0.116169] devtmpfs: initialized
[    0.124062] Registered cp15_barrier emulation handler
[    0.124113] Registered setend emulation handler
[    0.128092] clocksource: jiffies: mask: 0xffffffff max_cycles: 0xffffffff, max_idle_ns: 7645041785100000 ns
[    0.137670] futex hash table entries: 1024 (order: 4, 65536 bytes, linear)
[    0.151030] pinctrl core: initialized pinctrl subsystem
[    0.151678] NET: Registered protocol family 16
[    0.156099] DMA: preallocated 512 KiB GFP_KERNEL pool for atomic allocations
[    0.162116] DMA: preallocated 512 KiB GFP_KERNEL|GFP_DMA pool for atomic allocations
[    0.169844] DMA: preallocated 512 KiB GFP_KERNEL|GFP_DMA32 pool for atomic allocations
[    0.177644] audit: initializing netlink subsys (disabled)
[    0.183095] audit: type=2000 audit(0.116:1): state=initialized audit_enabled=0 res=1
[    0.183439] hw-breakpoint: found 6 breakpoint and 4 watchpoint registers.
[    0.197471] ASID allocator initialised with 65536 entries
[    0.224312] HugeTLB registered 1.00 GiB page size, pre-allocated 0 pages
[    0.225368] HugeTLB registered 32.0 MiB page size, pre-allocated 0 pages
[    0.232039] HugeTLB registered 2.00 MiB page size, pre-allocated 0 pages
[    0.238700] HugeTLB registered 64.0 KiB page size, pre-allocated 0 pages
[    1.304281] DRBG: Continuing without Jitter RNG
[    1.382091] raid6: neonx8   gen()  2139 MB/s
[    1.450136] raid6: neonx8   xor()  1597 MB/s
[    1.518201] raid6: neonx4   gen()  2194 MB/s
[    1.586249] raid6: neonx4   xor()  1565 MB/s
[    1.654315] raid6: neonx2   gen()  2075 MB/s
[    1.722358] raid6: neonx2   xor()  1434 MB/s
[    1.790432] raid6: neonx1   gen()  1772 MB/s
[    1.858471] raid6: neonx1   xor()  1220 MB/s
[    1.926536] raid6: int64x8  gen()  1438 MB/s
[    1.994587] raid6: int64x8  xor()   771 MB/s
[    2.062662] raid6: int64x4  gen()  1599 MB/s
[    2.130704] raid6: int64x4  xor()   818 MB/s
[    2.198784] raid6: int64x2  gen()  1397 MB/s
[    2.266840] raid6: int64x2  xor()   750 MB/s
[    2.334914] raid6: int64x1  gen()  1034 MB/s
[    2.402964] raid6: int64x1  xor()   517 MB/s
[    2.403002] raid6: using algorithm neonx4 gen() 2194 MB/s
[    2.406961] raid6: .... xor() 1565 MB/s, rmw enabled
[    2.411891] raid6: using neon recovery algorithm
[    2.416903] iommu: Default domain type: Translated 
[    2.421516] SCSI subsystem initialized
[    2.425061] libata version 3.00 loaded.
[    2.425186] usbcore: registered new interface driver usbfs
[    2.430515] usbcore: registered new interface driver hub
[    2.435792] usbcore: registered new device driver usb
[    2.440925] mc: Linux media interface: v0.10
[    2.445038] videodev: Linux video capture interface: v2.00
[    2.450530] EDAC MC: Ver: 3.0.0
[    2.453969] zynqmp-ipi-mbox mailbox@ff990400: Registered ZynqMP IPI mbox with TX/RX channels.
[    2.462479] jesd204: created con: id=0, topo=0, link=0, /axi/spi@ff050000/hmc7044@0 <-> /fpga-axi@0/axi-adxcvr-tx@84b60000
[    2.473060] jesd204: created con: id=1, topo=0, link=2, /axi/spi@ff050000/hmc7044@0 <-> /fpga-axi@0/axi-adxcvr-rx@84a60000
[    2.484044] jesd204: created con: id=2, topo=0, link=0, /fpga-axi@0/axi-adxcvr-tx@84b60000 <-> /fpga-axi@0/axi-jesd204-tx@84b90000
[    2.495719] jesd204: created con: id=3, topo=0, link=2, /fpga-axi@0/axi-adxcvr-rx@84a60000 <-> /fpga-axi@0/axi-jesd204-rx@84a90000
[    2.507397] jesd204: created con: id=4, topo=0, link=0, /fpga-axi@0/axi-jesd204-tx@84b90000 <-> /fpga-axi@0/axi-ad9081-tx-hpc@84b10000
[    2.519425] jesd204: created con: id=5, topo=0, link=2, /fpga-axi@0/axi-jesd204-rx@84a90000 <-> /fpga-axi@0/axi-ad9081-rx-hpc@84a10000
[    2.531447] jesd204: created con: id=6, topo=0, link=2, /fpga-axi@0/axi-ad9081-rx-hpc@84a10000 <-> /axi/spi@ff040000/ad9081@0
[    2.542689] jesd204: created con: id=7, topo=0, link=0, /fpga-axi@0/axi-ad9081-tx-hpc@84b10000 <-> /axi/spi@ff040000/ad9081@0
[    2.553939] jesd204: /axi/spi@ff040000/ad9081@0: JESD204[2] transition uninitialized -> initialized
[    2.562925] jesd204: /axi/spi@ff040000/ad9081@0: JESD204[0] transition uninitialized -> initialized
[    2.571917] jesd204: found 8 devices and 1 topologies
[    2.576961] FPGA manager framework
[    2.580440] Advanced Linux Sound Architecture Driver Initialized.
[    2.586732] Bluetooth: Core ver 2.22
[    2.589920] NET: Registered protocol family 31
[    2.594321] Bluetooth: HCI device and connection manager initialized
[    2.600638] Bluetooth: HCI socket layer initialized
[    2.605479] Bluetooth: L2CAP socket layer initialized
[    2.610503] Bluetooth: SCO socket layer initialized
[    2.615692] clocksource: Switched to clocksource arch_sys_counter
[    2.621496] VFS: Disk quotas dquot_6.6.0
[    2.625331] VFS: Dquot-cache hash table entries: 512 (order 0, 4096 bytes)
[    2.636052] NET: Registered protocol family 2
[    2.636776] tcp_listen_portaddr_hash hash table entries: 2048 (order: 3, 32768 bytes, linear)
[    2.644971] TCP established hash table entries: 32768 (order: 6, 262144 bytes, linear)
[    2.652995] TCP bind hash table entries: 32768 (order: 7, 524288 bytes, linear)
[    2.660440] TCP: Hash tables configured (established 32768 bind 32768)
[    2.666616] UDP hash table entries: 2048 (order: 4, 65536 bytes, linear)
[    2.673281] UDP-Lite hash table entries: 2048 (order: 4, 65536 bytes, linear)
[    2.680443] NET: Registered protocol family 1
[    2.684900] RPC: Registered named UNIX socket transport module.
[    2.690514] RPC: Registered udp transport module.
[    2.695182] RPC: Registered tcp transport module.
[    2.699851] RPC: Registered tcp NFSv4.1 backchannel transport module.
[    2.706845] PCI: CLS 0 bytes, default 64
[    2.710534] hw perfevents: no interrupt-affinity property for /pmu, guessing.
[    2.717401] hw perfevents: enabled with armv8_pmuv3 PMU driver, 7 counters available
[    2.725753] Initialise system trusted keyrings
[    2.729429] workingset: timestamp_bits=62 max_order=20 bucket_order=0
[    2.736337] NFS: Registering the id_resolver key type
[    2.740781] Key type id_resolver registered
[    2.744919] Key type id_legacy registered
[    2.748909] nfs4filelayout_init: NFSv4 File Layout Driver Registering...
[    2.755576] jffs2: version 2.2. (NAND) (SUMMARY)  Â© 2001-2006 Red Hat, Inc.
[    2.797581] NET: Registered protocol family 38
[    2.797623] xor: measuring software checksum speed
[    2.805311]    8regs           :  2363 MB/sec
[    2.808979]    32regs          :  2799 MB/sec
[    2.813922]    arm64_neon      :  2380 MB/sec
[    2.814112] xor: using function: 32regs (2799 MB/sec)
[    2.819138] Key type asymmetric registered
[    2.823199] Asymmetric key parser 'x509' registered
[    2.828060] Block layer SCSI generic (bsg) driver version 0.4 loaded (major 248)
[    2.835397] io scheduler mq-deadline registered
[    2.839893] io scheduler kyber registered
[    2.869295] Serial: 8250/16550 driver, 4 ports, IRQ sharing disabled
[    2.873937] cacheinfo: Unable to detect cache hierarchy for CPU 0
[    2.880276] brd: module loaded
[    2.884423] loop: module loaded
[    2.884967] Registered mathworks_ip class
[    2.888303] libphy: Fixed MDIO Bus: probed
[    2.891270] tun: Universal TUN/TAP device driver, 1.6
[    2.895357] CAN device driver interface
[    2.899888] usbcore: registered new interface driver asix
[    2.904467] usbcore: registered new interface driver ax88179_178a
[    2.910507] usbcore: registered new interface driver cdc_ether
[    2.916302] usbcore: registered new interface driver net1080
[    2.921925] usbcore: registered new interface driver cdc_subset
[    2.927805] usbcore: registered new interface driver zaurus
[    2.933352] usbcore: registered new interface driver cdc_ncm
[    2.939763] ehci_hcd: USB 2.0 'Enhanced' Host Controller (EHCI) Driver
[    2.945433] ehci-pci: EHCI PCI platform driver
[    2.950236] usbcore: registered new interface driver uas
[    2.955153] usbcore: registered new interface driver usb-storage
[    2.961142] usbcore: registered new interface driver usbserial_generic
[    2.967590] usbserial: USB Serial support registered for generic
[    2.973563] usbcore: registered new interface driver ftdi_sio
[    2.979266] usbserial: USB Serial support registered for FTDI USB Serial Device
[    2.986544] usbcore: registered new interface driver upd78f0730
[    2.992414] usbserial: USB Serial support registered for upd78f0730
[    3.000073] rtc_zynqmp ffa60000.rtc: registered as rtc0
[    3.003839] rtc_zynqmp ffa60000.rtc: setting system clock to 2022-04-12T21:08:47 UTC (1649797727)
[    3.012702] i2c /dev entries driver
[    3.018016] usbcore: registered new interface driver uvcvideo
[    3.021814] USB Video Class driver (1.1.1)
[    3.027383] Bluetooth: HCI UART driver ver 2.3
[    3.030296] Bluetooth: HCI UART protocol H4 registered
[    3.035395] Bluetooth: HCI UART protocol BCSP registered
[    3.040684] Bluetooth: HCI UART protocol LL registered
[    3.045773] Bluetooth: HCI UART protocol ATH3K registered
[    3.051148] Bluetooth: HCI UART protocol Three-wire (H5) registered
[    3.057402] Bluetooth: HCI UART protocol Intel registered
[    3.062739] Bluetooth: HCI UART protocol QCA registered
[    3.067941] usbcore: registered new interface driver bcm203x
[    3.073562] usbcore: registered new interface driver bpa10x
[    3.079096] usbcore: registered new interface driver bfusb
[    3.084549] usbcore: registered new interface driver btusb
[    3.090011] usbcore: registered new interface driver ath3k
[    3.095494] EDAC MC: ECC not enabled
[    3.099121] EDAC DEVICE0: Giving out device to module zynqmp-ocm-edac controller zynqmp_ocm: DEV ff960000.memory-controller (INTERRUPT)
[    3.111430] sdhci: Secure Digital Host Controller Interface driver
[    3.117222] sdhci: Copyright(c) Pierre Ossman
[    3.121547] sdhci-pltfm: SDHCI platform and OF driver helper
[    3.127597] ledtrig-cpu: registered to indicate activity on CPUs
[    3.133156] SMCCC: SOC_ID: ARCH_SOC_ID not implemented, skipping ....
[    3.139575] zynqmp_firmware_probe Platform Management API v1.1
[    3.145342] zynqmp_firmware_probe Trustzone version v1.0
[    3.184872] zynqmp-pinctrl firmware:zynqmp-firmware:pinctrl: zynqmp pinctrl initialized
[    3.232868] zynqmp-aes firmware:zynqmp-firmware:zynqmp-aes: will run requests pump with realtime priority
[    3.248720] alg: No test for xilinx-keccak-384 (zynqmp-keccak-384)
[    3.249428] alg: No test for xilinx-zynqmp-rsa (zynqmp-rsa)
[    3.254942] usbcore: registered new interface driver usbhid
[    3.260330] usbhid: USB HID core driver
[    3.271557] axi_sysid 85000000.axi-sysid-0: AXI System ID core version (1.01.a) found
[    3.273916] axi_sysid 85000000.axi-sysid-0: [ad9081_fmca_ebz] on [zcu102] git branch <master> git <084d44c9780640ca93fd847b1d9ec70dd65f5c67> clean [2022-03-18 04:17:50] UTC
[    3.289592] fpga_manager fpga0: Xilinx ZynqMP FPGA Manager registered
[    3.295963] usbcore: registered new interface driver snd-usb-audio
[    3.303380] pktgen: Packet Generator for packet performance testing. Version: 2.75
[    3.309595] Initializing XFRM netlink socket
[    3.313430] NET: Registered protocol family 10
[    3.318148] Segment Routing with IPv6
[    3.321528] sit: IPv6, IPv4 and MPLS over IPv4 tunneling driver
[    3.327602] NET: Registered protocol family 17
[    3.331704] NET: Registered protocol family 15
[    3.336200] can: controller area network core
[    3.340456] NET: Registered protocol family 29
[    3.344843] can: raw protocol
[    3.347781] can: broadcast manager protocol
[    3.351934] can: netlink gateway - max_hops=1
[    3.356329] Bluetooth: RFCOMM TTY layer initialized
[    3.361110] Bluetooth: RFCOMM socket layer initialized
[    3.366215] Bluetooth: RFCOMM ver 1.11
[    3.369930] Bluetooth: BNEP (Ethernet Emulation) ver 1.3
[    3.375199] Bluetooth: BNEP filters: protocol multicast
[    3.380391] Bluetooth: BNEP socket layer initialized
[    3.385321] Bluetooth: HIDP (Human Interface Emulation) ver 1.2
[    3.391204] Bluetooth: HIDP socket layer initialized
[    3.396258] 9pnet: Installing 9P2000 support
[    3.400382] NET: Registered protocol family 36
[    3.404795] Key type dns_resolver registered
[    3.409232] registered taskstats version 1
[    3.413093] Loading compiled-in X.509 certificates
[    3.418207] Btrfs loaded, crc32c=crc32c-generic
[    3.430590] ff000000.serial: ttyPS0 at MMIO 0xff000000 (irq = 49, base_baud = 6249999) is a xuartps
[    3.439611] printk: console [ttyPS0] enabled
[    3.443907] printk: bootconsole [cdns0] disabled
[    3.453535] ff010000.serial: ttyPS1 at MMIO 0xff010000 (irq = 50, base_baud = 6249999) is a xuartps
[    3.466763] of-fpga-region fpga-full: FPGA Region probed
[    3.473724] nwl-pcie fd0e0000.pcie: host bridge /axi/pcie@fd0e0000 ranges:
[    3.480618] nwl-pcie fd0e0000.pcie:      MEM 0x00e0000000..0x00efffffff -> 0x00e0000000
[    3.488620] nwl-pcie fd0e0000.pcie:      MEM 0x0600000000..0x07ffffffff -> 0x0600000000
[    3.496682] nwl-pcie fd0e0000.pcie: Link is DOWN
[    3.501439] nwl-pcie fd0e0000.pcie: PCI host bridge to bus 0000:00
[    3.507617] pci_bus 0000:00: root bus resource [bus 00-ff]
[    3.513098] pci_bus 0000:00: root bus resource [mem 0xe0000000-0xefffffff]
[    3.519968] pci_bus 0000:00: root bus resource [mem 0x600000000-0x7ffffffff pref]
[    3.527472] pci 0000:00:00.0: [10ee:d021] type 01 class 0x060400
[    3.533529] pci 0000:00:00.0: PME# supported from D0 D1 D2 D3hot
[    3.543980] pci 0000:00:00.0: PCI bridge to [bus 01-0c]
[    3.549955] xilinx-zynqmp-dma fd500000.dma: ZynqMP DMA driver Probe success
[    3.557126] xilinx-zynqmp-dma fd510000.dma: ZynqMP DMA driver Probe success
[    3.564308] xilinx-zynqmp-dma fd520000.dma: ZynqMP DMA driver Probe success
[    3.571479] xilinx-zynqmp-dma fd530000.dma: ZynqMP DMA driver Probe success
[    3.578645] xilinx-zynqmp-dma fd540000.dma: ZynqMP DMA driver Probe success
[    3.585815] xilinx-zynqmp-dma fd550000.dma: ZynqMP DMA driver Probe success
[    3.592985] xilinx-zynqmp-dma fd560000.dma: ZynqMP DMA driver Probe success
[    3.600153] xilinx-zynqmp-dma fd570000.dma: ZynqMP DMA driver Probe success
[    3.607555] xilinx-zynqmp-dpdma fd4c0000.dma-controller: Xilinx DPDMA engine is probed
[    3.616106] ahci-ceva fd0c0000.ahci: supply ahci not found, using dummy regulator
[    3.623648] ahci-ceva fd0c0000.ahci: supply phy not found, using dummy regulator
[    3.711867] hmc7044 spi2.0: PLL1: Acquisition, CLKIN0 @ 122880000 Hz, PFD: 80 kHz - PLL2: Locked @ 2624.000000 MHz
[    3.722581] jesd204: /axi/spi@ff050000/hmc7044@0,jesd204:1,parent=spi2.0: Using as SYSREF provider
[    3.732167] spi-nor spi0.0: SPI-NOR-UniqueID 100000235394732200270025081115266e
[    3.739477] spi-nor spi0.0: found n25q512a, expected m25p80
[    3.745684] spi-nor spi0.0: trying to lock already unlocked area
[    3.751689] spi-nor spi0.0: n25q512a (131072 Kbytes)
[    3.756673] 4 fixed-partitions partitions found on MTD device spi0.0
[    3.763020] Creating 4 MTD partitions on "spi0.0":
[    3.767805] 0x000000000000-0x000000100000 : "qspi-fsbl-uboot"
[    3.774296] 0x000000100000-0x000000600000 : "qspi-linux"
[    3.780249] 0x000000600000-0x000000620000 : "qspi-device-tree"
[    3.786723] 0x000000620000-0x000000c00000 : "qspi-rootfs"
[    3.795190] macb ff0e0000.ethernet: Not enabling partial store and forward
[    3.802705] libphy: MACB_mii_bus: probed
[    3.807761] macb ff0e0000.ethernet eth0: Cadence GEM rev 0x50070106 at 0xff0e0000 irq 30 (00:0a:35:04:8e:1b)
[    3.817975] xilinx-axipmon ffa00000.perf-monitor: Probed Xilinx APM
[    3.824551] xilinx-axipmon fd0b0000.perf-monitor: Probed Xilinx APM
[    3.831065] xilinx-axipmon fd490000.perf-monitor: Probed Xilinx APM
[    3.837598] xilinx-axipmon ffa10000.perf-monitor: Probed Xilinx APM
[    3.847592] pca953x 0-0020: supply vcc not found, using dummy regulator
[    3.854278] pca953x 0-0020: using no AI
[    3.858766] gpio-496 (sel0): hogged as output/low
[    3.863668] gpio-497 (sel1): hogged as output/high
[    3.868661] gpio-498 (sel2): hogged as output/high
[    3.873652] gpio-499 (sel3): hogged as output/high
[    3.878831] pca953x 0-0021: supply vcc not found, using dummy regulator
[    3.885496] pca953x 0-0021: using no AI
[    3.891254] ina2xx 2-0040: power monitor ina226 (Rshunt = 5000 uOhm)
[    3.898284] ina2xx 2-0041: power monitor ina226 (Rshunt = 5000 uOhm)
[    3.905330] ina2xx 2-0042: power monitor ina226 (Rshunt = 5000 uOhm)
[    3.912361] ina2xx 2-0043: power monitor ina226 (Rshunt = 5000 uOhm)
[    3.919384] ina2xx 2-0044: power monitor ina226 (Rshunt = 5000 uOhm)
[    3.926402] ina2xx 2-0045: power monitor ina226 (Rshunt = 5000 uOhm)
[    3.933431] ina2xx 2-0046: power monitor ina226 (Rshunt = 5000 uOhm)
[    3.940508] ina2xx 2-0047: power monitor ina226 (Rshunt = 5000 uOhm)
[    3.947534] ina2xx 2-004a: power monitor ina226 (Rshunt = 5000 uOhm)
[    3.954576] ina2xx 2-004b: power monitor ina226 (Rshunt = 5000 uOhm)
[    3.960988] i2c i2c-0: Added multiplexed i2c bus 2
[    3.966379] random: fast init done
[    3.969853] ina2xx 3-0040: power monitor ina226 (Rshunt = 2000 uOhm)
[    3.976880] ina2xx 3-0041: power monitor ina226 (Rshunt = 5000 uOhm)
[    3.983907] ina2xx 3-0042: power monitor ina226 (Rshunt = 5000 uOhm)
[    3.990940] ina2xx 3-0043: power monitor ina226 (Rshunt = 5000 uOhm)
[    3.997962] ina2xx 3-0044: power monitor ina226 (Rshunt = 5000 uOhm)
[    4.004990] ina2xx 3-0045: power monitor ina226 (Rshunt = 5000 uOhm)
[    4.012021] ina2xx 3-0046: power monitor ina226 (Rshunt = 5000 uOhm)
[    4.019054] ina2xx 3-0047: power monitor ina226 (Rshunt = 5000 uOhm)
[    4.025454] i2c i2c-0: Added multiplexed i2c bus 3
[    4.080934] i2c i2c-0: Added multiplexed i2c bus 4
[    4.085871] i2c i2c-0: Added multiplexed i2c bus 5
[    4.090661] pca954x 0-0075: registered 4 multiplexed busses for I2C mux pca9544
[    4.098011] cdns-i2c ff020000.i2c: 400 kHz mmio ff020000 irq 32
[    4.105751] at24 6-0054: supply vcc not found, using dummy regulator
[    4.112650] at24 6-0054: 1024 byte 24c08 EEPROM, writable, 1 bytes/write
[    4.119396] i2c i2c-1: Added multiplexed i2c bus 6
[    4.125825] si5341 7-0036: Chip: 5341 Grade: 1 Rev: 1
[    4.163524] i2c i2c-1: Added multiplexed i2c bus 7
[    4.171179] si570 8-005d: registered, current frequency 300000000 Hz
[    4.177581] i2c i2c-1: Added multiplexed i2c bus 8
[    4.197362] si570 9-005d: registered, current frequency 148500000 Hz
[    4.203767] i2c i2c-1: Added multiplexed i2c bus 9
[    4.208798] si5324 10-0069: si5328 probed
[    4.276044] si5324 10-0069: si5328 probe successful
[    4.280970] i2c i2c-1: Added multiplexed i2c bus 10
[    4.285997] i2c i2c-1: Added multiplexed i2c bus 11
[    4.291024] i2c i2c-1: Added multiplexed i2c bus 12
[    4.296045] i2c i2c-1: Added multiplexed i2c bus 13
[    4.300925] pca954x 1-0074: registered 8 multiplexed busses for I2C switch pca9548
[    4.309033] at24 14-0050: supply vcc not found, using dummy regulator
[    4.315829] at24 14-0050: 256 byte 24c02 EEPROM, writable, 1 bytes/write
[    4.322577] i2c i2c-1: Added multiplexed i2c bus 14
[    4.327617] i2c i2c-1: Added multiplexed i2c bus 15
[    4.332650] i2c i2c-1: Added multiplexed i2c bus 16
[    4.337688] i2c i2c-1: Added multiplexed i2c bus 17
[    4.342721] i2c i2c-1: Added multiplexed i2c bus 18
[    4.347766] i2c i2c-1: Added multiplexed i2c bus 19
[    4.352806] i2c i2c-1: Added multiplexed i2c bus 20
[    4.357842] i2c i2c-1: Added multiplexed i2c bus 21
[    4.362718] pca954x 1-0075: registered 8 multiplexed busses for I2C switch pca9548
[    4.370327] cdns-i2c ff030000.i2c: 400 kHz mmio ff030000 irq 33
[    4.380067] cdns-wdt fd4d0000.watchdog: Xilinx Watchdog Timer with timeout 60s
[    4.389123] axi_adxcvr 84a60000.axi-adxcvr-rx: adxcvr_enforce_settings: Using QPLL without access, assuming desired Lane rate will be configured by a different instance
[    4.405764] axi_adxcvr 84a60000.axi-adxcvr-rx: AXI-ADXCVR-RX (17.05.a) using QPLL on GTH4 at 0x84A60000. Number of lanes: 4.
[    4.417923] axi_adxcvr 84b60000.axi-adxcvr-tx: AXI-ADXCVR-TX (17.05.a) using QPLL on GTH4 at 0x84B60000. Number of lanes: 4.
[    4.421886] mmc0: SDHCI controller on ff170000.mmc [ff170000.mmc] using ADMA 64-bit
[    4.437074] axi-jesd204-rx 84a90000.axi-jesd204-rx: AXI-JESD204-RX (1.07.a) at 0x84A90000. Encoder 8b10b, width 4/4, lanes 4, jesd204-fsm.
[    4.449909] axi-jesd204-tx 84b90000.axi-jesd204-tx: AXI-JESD204-TX (1.06.a) at 0x84B90000. Encoder 8b10b, width 4/4, lanes 4, jesd204-fsm.
[    4.463415] zynqmp-display fd4a0000.display: vtc bridge property not present
[    4.469453] mmc0: new high speed SDHC card at address 0001
[    4.473067] xilinx-dp-snd-codec fd4a0000.display:zynqmp_dp_snd_codec0: Failed to get required clock freq
[    4.476296] mmcblk0: mmc0:0001 EB1QT 29.8 GiB 
[    4.485430] xilinx-dp-snd-codec: probe of fd4a0000.display:zynqmp_dp_snd_codec0 failed with error -22
[    4.491088]  mmcblk0: p1 p2 p3
[    4.499417] xilinx-dp-snd-pcm zynqmp_dp_snd_pcm0: Xilinx DisplayPort Sound PCM probed
[    4.510274] xilinx-dp-snd-pcm zynqmp_dp_snd_pcm1: Xilinx DisplayPort Sound PCM probed
[    4.518481] OF: graph: no port node found in /axi/display@fd4a0000
[    4.524889] xlnx-drm xlnx-drm.0: bound fd4a0000.display (ops 0xffffffc010fcbdb8)
[    5.611707] zynqmp-display fd4a0000.display: [drm] Cannot find any crtc or sizes
[    5.619327] [drm] Initialized xlnx 1.0.0 20130509 for fd4a0000.display on minor 0
[    5.626814] zynqmp-display fd4a0000.display: ZynqMP DisplayPort Subsystem driver probed
[    5.635131] ahci-ceva fd0c0000.ahci: supply ahci not found, using dummy regulator
[    5.642673] ahci-ceva fd0c0000.ahci: supply phy not found, using dummy regulator
[    5.650127] ahci-ceva fd0c0000.ahci: supply target not found, using dummy regulator
[    5.657964] ahci-ceva fd0c0000.ahci: AHCI 0001.0301 32 slots 2 ports 6 Gbps 0x3 impl platform mode
[    5.666921] ahci-ceva fd0c0000.ahci: flags: 64bit ncq sntf pm clo only pmp fbs pio slum part ccc sds apst 
[    5.677613] scsi host0: ahci-ceva
[    5.681211] scsi host1: ahci-ceva
[    5.684638] ata1: SATA max UDMA/133 mmio [mem 0xfd0c0000-0xfd0c1fff] port 0x100 irq 45
[    5.692552] ata2: SATA max UDMA/133 mmio [mem 0xfd0c0000-0xfd0c1fff] port 0x180 irq 45
[    5.701150] ad9081 spi1.0: supply vdd not found, using dummy regulator
[    6.013909] ata2: SATA link down (SStatus 0 SControl 330)
[    6.019316] ata1: SATA link down (SStatus 0 SControl 330)
[    6.695710] zynqmp-display fd4a0000.display: [drm] Cannot find any crtc or sizes
[    7.488461] ad9081 spi1.0: AD9081 Rev. 2 Grade 10 (API 1.2.2) probed
[    7.495651] xhci-hcd xhci-hcd.1.auto: xHCI Host Controller
[    7.501145] xhci-hcd xhci-hcd.1.auto: new USB bus registered, assigned bus number 1
[    7.508894] xhci-hcd xhci-hcd.1.auto: hcc params 0x0238f625 hci version 0x100 quirks 0x0000000002010810
[    7.518304] xhci-hcd xhci-hcd.1.auto: irq 59, io mem 0xfe200000
[    7.524402] usb usb1: New USB device found, idVendor=1d6b, idProduct=0002, bcdDevice= 5.10
[    7.532662] usb usb1: New USB device strings: Mfr=3, Product=2, SerialNumber=1
[    7.539879] usb usb1: Product: xHCI Host Controller
[    7.544748] usb usb1: Manufacturer: Linux 5.10.0-98103-g2aa7ac113716 xhci-hcd
[    7.551874] usb usb1: SerialNumber: xhci-hcd.1.auto
[    7.557038] hub 1-0:1.0: USB hub found
[    7.560802] hub 1-0:1.0: 1 port detected
[    7.564908] xhci-hcd xhci-hcd.1.auto: xHCI Host Controller
[    7.570397] xhci-hcd xhci-hcd.1.auto: new USB bus registered, assigned bus number 2
[    7.578050] xhci-hcd xhci-hcd.1.auto: Host supports USB 3.0 SuperSpeed
[    7.584678] usb usb2: New USB device found, idVendor=1d6b, idProduct=0003, bcdDevice= 5.10
[    7.592935] usb usb2: New USB device strings: Mfr=3, Product=2, SerialNumber=1
[    7.600159] usb usb2: Product: xHCI Host Controller
[    7.605033] usb usb2: Manufacturer: Linux 5.10.0-98103-g2aa7ac113716 xhci-hcd
[    7.612157] usb usb2: SerialNumber: xhci-hcd.1.auto
[    7.617264] hub 2-0:1.0: USB hub found
[    7.621030] hub 2-0:1.0: 1 port detected
[    7.651117] cf_axi_adc 84a10000.axi-ad9081-rx-hpc: ADI AIM (10.01.b) at 0x84A10000 mapped to 0x(____ptrval____), probed ADC AD9081 as MASTER
[    7.684529] cf_axi_dds 84b10000.axi-ad9081-tx-hpc: Analog Devices CF_AXI_DDS_DDS MASTER (9.01.b) at 0x84B10000 mapped to 0x(____ptrval____), probed DDS AD9081
[    7.698729] jesd204: /axi/spi@ff040000/ad9081@0,jesd204:0,parent=spi1.0: JESD204[2] transition initialized -> probed
[    7.709252] jesd204: /axi/spi@ff040000/ad9081@0,jesd204:0,parent=spi1.0: JESD204[0] transition initialized -> probed
[    7.719775] jesd204: /axi/spi@ff040000/ad9081@0,jesd204:0,parent=spi1.0: JESD204[2] transition probed -> idle
[    7.729684] jesd204: /axi/spi@ff040000/ad9081@0,jesd204:0,parent=spi1.0: JESD204[0] transition probed -> idle
[    7.739598] jesd204: /axi/spi@ff040000/ad9081@0,jesd204:0,parent=spi1.0: JESD204[2] transition idle -> device_init
[    7.749941] jesd204: /axi/spi@ff040000/ad9081@0,jesd204:0,parent=spi1.0: JESD204[0] transition idle -> device_init
[    7.760293] jesd204: /axi/spi@ff040000/ad9081@0,jesd204:0,parent=spi1.0: JESD204[2] transition device_init -> link_init
[    7.771068] jesd204: /axi/spi@ff040000/ad9081@0,jesd204:0,parent=spi1.0: JESD204[0] transition device_init -> link_init
[    7.781858] jesd204: /axi/spi@ff040000/ad9081@0,jesd204:0,parent=spi1.0: JESD204[2] transition link_init -> link_supported
[    7.792898] jesd204: /axi/spi@ff040000/ad9081@0,jesd204:0,parent=spi1.0: JESD204[0] transition link_init -> link_supported
[    7.804314] hmc7044 spi2.0: hmc7044_jesd204_link_pre_setup: Link2 forcing continuous SYSREF mode
[    7.813432] jesd204: /axi/spi@ff040000/ad9081@0,jesd204:0,parent=spi1.0: JESD204[2] transition link_supported -> link_pre_setup
[    7.824913] jesd204: /axi/spi@ff040000/ad9081@0,jesd204:0,parent=spi1.0: JESD204[0] transition link_supported -> link_pre_setup
[    7.848757] jesd204: /axi/spi@ff040000/ad9081@0,jesd204:0,parent=spi1.0: JESD204[2] transition link_pre_setup -> clk_sync_stage1
[    7.860318] jesd204: /axi/spi@ff040000/ad9081@0,jesd204:0,parent=spi1.0: JESD204[0] transition link_pre_setup -> clk_sync_stage1
[    7.871882] jesd204: /axi/spi@ff040000/ad9081@0,jesd204:0,parent=spi1.0: JESD204[2] transition clk_sync_stage1 -> clk_sync_stage2
[    7.883526] jesd204: /axi/spi@ff040000/ad9081@0,jesd204:0,parent=spi1.0: JESD204[0] transition clk_sync_stage1 -> clk_sync_stage2
[    7.895179] jesd204: /axi/spi@ff040000/ad9081@0,jesd204:0,parent=spi1.0: JESD204[2] transition clk_sync_stage2 -> clk_sync_stage3
[    7.906828] jesd204: /axi/spi@ff040000/ad9081@0,jesd204:0,parent=spi1.0: JESD204[0] transition clk_sync_stage2 -> clk_sync_stage3
[    7.920496] jesd204: /axi/spi@ff040000/ad9081@0,jesd204:0,parent=spi1.0: JESD204[2] transition clk_sync_stage3 -> link_setup
[    7.931712] jesd204: /axi/spi@ff040000/ad9081@0,jesd204:0,parent=spi1.0: JESD204[0] transition clk_sync_stage3 -> link_setup
[    7.947817] jesd204: /axi/spi@ff040000/ad9081@0,jesd204:0,parent=spi1.0: JESD204[2] transition link_setup -> opt_setup_stage1
[    7.959122] jesd204: /axi/spi@ff040000/ad9081@0,jesd204:0,parent=spi1.0: JESD204[0] transition link_setup -> opt_setup_stage1
[    7.975458] jesd204: /axi/spi@ff040000/ad9081@0,jesd204:0,parent=spi1.0: JESD204[2] transition opt_setup_stage1 -> opt_setup_stage2
[    7.987281] jesd204: /axi/spi@ff040000/ad9081@0,jesd204:0,parent=spi1.0: JESD204[0] transition opt_setup_stage1 -> opt_setup_stage2
[    7.999253] jesd204: /axi/spi@ff040000/ad9081@0,jesd204:0,parent=spi1.0: JESD204[2] transition opt_setup_stage2 -> opt_setup_stage3
[    8.011072] jesd204: /axi/spi@ff040000/ad9081@0,jesd204:0,parent=spi1.0: JESD204[0] transition opt_setup_stage2 -> opt_setup_stage3
[    8.022895] jesd204: /axi/spi@ff040000/ad9081@0,jesd204:0,parent=spi1.0: JESD204[2] transition opt_setup_stage3 -> opt_setup_stage4
[    8.034714] jesd204: /axi/spi@ff040000/ad9081@0,jesd204:0,parent=spi1.0: JESD204[0] transition opt_setup_stage3 -> opt_setup_stage4
[    8.046542] jesd204: /axi/spi@ff040000/ad9081@0,jesd204:0,parent=spi1.0: JESD204[2] transition opt_setup_stage4 -> opt_setup_stage5
[    8.058363] jesd204: /axi/spi@ff040000/ad9081@0,jesd204:0,parent=spi1.0: JESD204[0] transition opt_setup_stage4 -> opt_setup_stage5
[    8.076304] jesd204: /axi/spi@ff040000/ad9081@0,jesd204:0,parent=spi1.0: JESD204[2] transition opt_setup_stage5 -> clocks_enable
[    8.087863] jesd204: /axi/spi@ff040000/ad9081@0,jesd204:0,parent=spi1.0: JESD204[0] transition opt_setup_stage5 -> clocks_enable
[    8.099482] jesd204: /axi/spi@ff040000/ad9081@0,jesd204:0,parent=spi1.0: JESD204[2] transition clocks_enable -> link_enable
[    8.110614] jesd204: /axi/spi@ff040000/ad9081@0,jesd204:0,parent=spi1.0: JESD204[0] transition clocks_enable -> link_enable
[    8.143932] ad9081 spi1.0: JESD RX (JTX) Link2 in DATA, SYNC deasserted, PLL locked, PHASE established, MODE valid
[    8.154539] ad9081 spi1.0: JESD TX (JRX) Link0 0xF lanes in DATA
[    8.160551] jesd204: /axi/spi@ff040000/ad9081@0,jesd204:0,parent=spi1.0: JESD204[2] transition link_enable -> link_running
[    8.171590] jesd204: /axi/spi@ff040000/ad9081@0,jesd204:0,parent=spi1.0: JESD204[0] transition link_enable -> link_running
[    8.182637] jesd204: /axi/spi@ff040000/ad9081@0,jesd204:0,parent=spi1.0: JESD204[2] transition link_running -> opt_post_running_stage
[    8.194635] jesd204: /axi/spi@ff040000/ad9081@0,jesd204:0,parent=spi1.0: JESD204[0] transition link_running -> opt_post_running_stage
[    8.215864] input: gpio-keys as /devices/platform/gpio-keys/input/input0
[    8.222876] of_cfs_init
[    8.225334] of_cfs_init: OK
[    8.228276] cfg80211: Loading compiled-in X.509 certificates for regulatory database
[    8.366415] cfg80211: Loaded X.509 cert 'sforshee: 00b28ddf47aef9cea7'
[    8.372944] clk: Not disabling unused clocks
[    8.377468] ALSA device list:
[    8.380432]   No soundcards found.
[    8.384096] platform regulatory.0: Direct firmware load for regulatory.db failed with error -2
[    8.392704] cfg80211: failed to load regulatory.db
[    8.407261] EXT4-fs (mmcblk0p2): mounted filesystem with ordered data mode. Opts: (null)
[    8.415381] VFS: Mounted root (ext4 filesystem) on device 179:2.
[    8.428629] devtmpfs: mounted
[    8.432481] Freeing unused kernel memory: 2560K
[    8.443743] Run /sbin/init as init process
[    8.447835]   with arguments:
[    8.447838]     /sbin/init
[    8.447840]   with environment:
[    8.447842]     HOME=/
[    8.447844]     TERM=linux
[    9.012408] systemd[1]: systemd 241 running in system mode. (+PAM +AUDIT +SELINUX +IMA +APPARMOR +SMACK +SYSVINIT +UTMP +LIBCRYPTSETUP +GCRYPT +GNUTLS +ACL +XZ +LZ4 +SECCOMP +BLKID +ELFUTILS +KMOD -IDN2 +IDN -PCRE2 default-hierarchy=hybrid)
[    9.034265] systemd[1]: Detected architecture arm64.
[    9.056409] systemd[1]: Set hostname to <analog>.
[    9.250670] systemd[1]: File /lib/systemd/system/systemd-journald.service:12 configures an IP firewall (IPAddressDeny=any), but the local system does not support BPF/cgroup based firewalling.
[    9.267750] systemd[1]: Proceeding WITHOUT firewalling in effect! (This warning is only shown for the first loaded unit using IP firewalling.)
[    9.430921] systemd[1]: /etc/systemd/system/tof-server.service:1: Assignment outside of section. Ignoring.
[    9.440619] systemd[1]: /etc/systemd/system/tof-server.service:2: Assignment outside of section. Ignoring.
[    9.623330] random: systemd: uninitialized urandom read (16 bytes read)
[    9.638022] random: systemd: uninitialized urandom read (16 bytes read)
[    9.645272] systemd[1]: Created slice system-systemd\x2dfsck.slice.
[    9.667771] random: systemd: uninitialized urandom read (16 bytes read)
[    9.674620] systemd[1]: Created slice system-getty.slice.
[    9.695772] systemd[1]: Reached target Swap.
[   10.482549] EXT4-fs (mmcblk0p2): re-mounted. Opts: (null)
[   10.676484] systemd-journald[168]: Received request to flush runtime journal from PID 1
[   15.798135] random: crng init done
[   15.798147] random: 7 urandom warning(s) missed due to ratelimiting
[   16.436737] macb ff0e0000.ethernet eth0: PHY [ff0e0000.ethernet-ffffffff:0c] driver [TI DP83867] (irq=POLL)
[   16.436750] macb ff0e0000.ethernet eth0: configuring for phy/rgmii-id link mode
[   16.727752] Adding 102396k swap on /var/swap.  Priority:-2 extents:4 across:9953604k SS
[   19.407960] broken atomic modeset userspace detected, disabling atomic
[   20.513327] macb ff0e0000.ethernet eth0: Link is Up - 1Gbps/Full - flow control off
[   20.513352] IPv6: ADDRCONF(NETDEV_CHANGE): eth0: link becomes ready
[   22.090844] broken atomic modeset userspace detected, disabling atomic
[   25.187136] broken atomic modeset userspace detected, disabling atomic
[   27.811906] broken atomic modeset userspace detected, disabling atomic