[    0.000000] Booting Linux on physical CPU 0x0000000000 [0x410fd034]
[    0.000000] Linux version 5.10.0-98103-g2aa7ac113716 (jenkins@romlxbuild1.adlk.analog.com) (aarch64-xilinx-linux-gcc.real (GCC) 10.2.0, GNU ld (GNU Binutils) 2.35.0.20200730) #5577 SMP Wed Mar 23 07:28:49 GMT 2022
[    0.000000] Machine model: ZynqMP ZCU102 Rev1.0
[    0.000000] earlycon: cdns0 at MMIO 0x00000000ff000000 (options '115200n8')
[    0.000000] printk: bootconsole [cdns0] enabled
[    0.000000] efi: UEFI not found.
[    0.000000] cma: Reserved 256 MiB at 0x0000000070000000
[    0.000000] Zone ranges:
[    0.000000]   DMA      [mem 0x0000000000000000-0x000000003fffffff]
[    0.000000]   DMA32    [mem 0x0000000040000000-0x00000000ffffffff]
[    0.000000]   Normal   [mem 0x0000000100000000-0x000000087fffffff]
[    0.000000] Movable zone start for each node
[    0.000000] Early memory node ranges
[    0.000000]   node   0: [mem 0x0000000000000000-0x000000007fffffff]
[    0.000000]   node   0: [mem 0x0000000800000000-0x000000087fffffff]
[    0.000000] Initmem setup node 0 [mem 0x0000000000000000-0x000000087fffffff]
[    0.000000] On node 0 totalpages: 1048576
[    0.000000]   DMA zone: 3584 pages used for memmap
[    0.000000]   DMA zone: 0 pages reserved
[    0.000000]   DMA zone: 262144 pages, LIFO batch:63
[    0.000000]   DMA32 zone: 3584 pages used for memmap
[    0.000000]   DMA32 zone: 262144 pages, LIFO batch:63
[    0.000000]   Normal zone: 7168 pages used for memmap
[    0.000000]   Normal zone: 524288 pages, LIFO batch:63
[    0.000000] psci: probing for conduit method from DT.
[    0.000000] psci: PSCIv1.1 detected in firmware.
[    0.000000] psci: Using standard PSCI v0.2 function IDs
[    0.000000] psci: MIGRATE_INFO_TYPE not supported.
[    0.000000] psci: SMC Calling Convention v1.2
[    0.000000] percpu: Embedded 22 pages/cpu s49496 r8192 d32424 u90112
[    0.000000] pcpu-alloc: s49496 r8192 d32424 u90112 alloc=22*4096
[    0.000000] pcpu-alloc: [0] 0 [0] 1 [0] 2 [0] 3 
[    0.000000] Detected VIPT I-cache on CPU0
[    0.000000] CPU features: detected: ARM erratum 845719
[    0.000000] Built 1 zonelists, mobility grouping on.  Total pages: 1034240
[    0.000000] Kernel command line: console=ttyPS0,115200 root=/dev/mmcblk0p2 rw earlycon rootfstype=ext4 rootwait clk_ignore_unused cpuidle.off=1 root=/dev/mmcblk0p2 rw rootwait
[    0.000000] Dentry cache hash table entries: 524288 (order: 10, 4194304 bytes, linear)
[    0.000000] Inode-cache hash table entries: 262144 (order: 9, 2097152 bytes, linear)
[    0.000000] mem auto-init: stack:off, heap alloc:off, heap free:off
[    0.000000] software IO TLB: mapped [mem 0x000000003bfff000-0x000000003ffff000] (64MB)
[    0.000000] Memory: 3761904K/4194304K available (15296K kernel code, 1636K rwdata, 11876K rodata, 2560K init, 507K bss, 170256K reserved, 262144K cma-reserved)
[    0.000000] rcu: Hierarchical RCU implementation.
[    0.000000] rcu: 	RCU event tracing is enabled.
[    0.000000] rcu: 	RCU restricting CPUs from NR_CPUS=8 to nr_cpu_ids=4.
[    0.000000] rcu: RCU calculated value of scheduler-enlistment delay is 25 jiffies.
[    0.000000] rcu: Adjusting geometry for rcu_fanout_leaf=16, nr_cpu_ids=4
[    0.000000] NR_IRQS: 64, nr_irqs: 64, preallocated irqs: 0
[    0.000000] GIC: Adjusting CPU interface base to 0x00000000f902f000
[    0.000000] GIC: Using split EOI/Deactivate mode
[    0.000000] random: get_random_bytes called from start_kernel+0x31c/0x54c with crng_init=0
[    0.000000] arch_timer: cp15 timer(s) running at 100.00MHz (phys).
[    0.000000] clocksource: arch_sys_counter: mask: 0xffffffffffffff max_cycles: 0x171024e7e0, max_idle_ns: 440795205315 ns
[    0.000003] sched_clock: 56 bits at 100MHz, resolution 10ns, wraps every 4398046511100ns
[    0.008464] Console: colour dummy device 80x25
[    0.012483] Calibrating delay loop (skipped), value calculated using timer frequency.. 200.00 BogoMIPS (lpj=400000)
[    0.022840] pid_max: default: 32768 minimum: 301
[    0.027550] Mount-cache hash table entries: 8192 (order: 4, 65536 bytes, linear)
[    0.034788] Mountpoint-cache hash table entries: 8192 (order: 4, 65536 bytes, linear)
[    0.043396] rcu: Hierarchical SRCU implementation.
[    0.047559] EFI services will not be available.
[    0.051937] smp: Bringing up secondary CPUs ...
[    0.056659] Detected VIPT I-cache on CPU1
[    0.056699] CPU1: Booted secondary processor 0x0000000001 [0x410fd034]
[    0.057063] Detected VIPT I-cache on CPU2
[    0.057087] CPU2: Booted secondary processor 0x0000000002 [0x410fd034]
[    0.057426] Detected VIPT I-cache on CPU3
[    0.057449] CPU3: Booted secondary processor 0x0000000003 [0x410fd034]
[    0.057495] smp: Brought up 1 node, 4 CPUs
[    0.091779] SMP: Total of 4 processors activated.
[    0.096451] CPU features: detected: 32-bit EL0 Support
[    0.101555] CPU features: detected: CRC32 instructions
[    0.106695] CPU: All CPU(s) started at EL2
[    0.110735] alternatives: patching kernel code
[    0.116169] devtmpfs: initialized
[    0.124068] Registered cp15_barrier emulation handler
[    0.124119] Registered setend emulation handler
[    0.128099] clocksource: jiffies: mask: 0xffffffff max_cycles: 0xffffffff, max_idle_ns: 7645041785100000 ns
[    0.137678] futex hash table entries: 1024 (order: 4, 65536 bytes, linear)
[    0.151034] pinctrl core: initialized pinctrl subsystem
[    0.151679] NET: Registered protocol family 16
[    0.156100] DMA: preallocated 512 KiB GFP_KERNEL pool for atomic allocations
[    0.162115] DMA: preallocated 512 KiB GFP_KERNEL|GFP_DMA pool for atomic allocations
[    0.169842] DMA: preallocated 512 KiB GFP_KERNEL|GFP_DMA32 pool for atomic allocations
[    0.177644] audit: initializing netlink subsys (disabled)
[    0.183095] audit: type=2000 audit(0.116:1): state=initialized audit_enabled=0 res=1
[    0.183439] hw-breakpoint: found 6 breakpoint and 4 watchpoint registers.
[    0.197471] ASID allocator initialised with 65536 entries
[    0.224315] HugeTLB registered 1.00 GiB page size, pre-allocated 0 pages
[    0.225368] HugeTLB registered 32.0 MiB page size, pre-allocated 0 pages
[    0.232038] HugeTLB registered 2.00 MiB page size, pre-allocated 0 pages
[    0.238699] HugeTLB registered 64.0 KiB page size, pre-allocated 0 pages
[    1.304275] DRBG: Continuing without Jitter RNG
[    1.382101] raid6: neonx8   gen()  2141 MB/s
[    1.450145] raid6: neonx8   xor()  1600 MB/s
[    1.518209] raid6: neonx4   gen()  2193 MB/s
[    1.586257] raid6: neonx4   xor()  1566 MB/s
[    1.654322] raid6: neonx2   gen()  2076 MB/s
[    1.722365] raid6: neonx2   xor()  1443 MB/s
[    1.790428] raid6: neonx1   gen()  1772 MB/s
[    1.858478] raid6: neonx1   xor()  1220 MB/s
[    1.926535] raid6: int64x8  gen()  1438 MB/s
[    1.994592] raid6: int64x8  xor()   771 MB/s
[    2.062657] raid6: int64x4  gen()  1598 MB/s
[    2.130709] raid6: int64x4  xor()   817 MB/s
[    2.198791] raid6: int64x2  gen()  1396 MB/s
[    2.266829] raid6: int64x2  xor()   750 MB/s
[    2.334911] raid6: int64x1  gen()  1034 MB/s
[    2.402968] raid6: int64x1  xor()   517 MB/s
[    2.403006] raid6: using algorithm neonx4 gen() 2193 MB/s
[    2.406961] raid6: .... xor() 1566 MB/s, rmw enabled
[    2.411891] raid6: using neon recovery algorithm
[    2.416903] iommu: Default domain type: Translated 
[    2.421515] SCSI subsystem initialized
[    2.425060] libata version 3.00 loaded.
[    2.425185] usbcore: registered new interface driver usbfs
[    2.430517] usbcore: registered new interface driver hub
[    2.435790] usbcore: registered new device driver usb
[    2.440924] mc: Linux media interface: v0.10
[    2.445038] videodev: Linux video capture interface: v2.00
[    2.450531] EDAC MC: Ver: 3.0.0
[    2.453971] zynqmp-ipi-mbox mailbox@ff990400: Registered ZynqMP IPI mbox with TX/RX channels.
[    2.462474] jesd204: created con: id=0, topo=0, link=0, /axi/spi@ff050000/hmc7044@0 <-> /fpga-axi@0/axi-adxcvr-tx@84b60000
[    2.473059] jesd204: created con: id=1, topo=0, link=2, /axi/spi@ff050000/hmc7044@0 <-> /fpga-axi@0/axi-adxcvr-rx@84a60000
[    2.484043] jesd204: created con: id=2, topo=0, link=0, /fpga-axi@0/axi-adxcvr-tx@84b60000 <-> /fpga-axi@0/axi-jesd204-tx@84b90000
[    2.495719] jesd204: created con: id=3, topo=0, link=2, /fpga-axi@0/axi-adxcvr-rx@84a60000 <-> /fpga-axi@0/axi-jesd204-rx@84a90000
[    2.507396] jesd204: created con: id=4, topo=0, link=0, /fpga-axi@0/axi-jesd204-tx@84b90000 <-> /fpga-axi@0/axi-ad9081-tx-hpc@84b10000
[    2.519424] jesd204: created con: id=5, topo=0, link=2, /fpga-axi@0/axi-jesd204-rx@84a90000 <-> /fpga-axi@0/axi-ad9081-rx-hpc@84a10000
[    2.531447] jesd204: created con: id=6, topo=0, link=2, /fpga-axi@0/axi-ad9081-rx-hpc@84a10000 <-> /axi/spi@ff040000/ad9081@0
[    2.542688] jesd204: created con: id=7, topo=0, link=0, /fpga-axi@0/axi-ad9081-tx-hpc@84b10000 <-> /axi/spi@ff040000/ad9081@0
[    2.553938] jesd204: /axi/spi@ff040000/ad9081@0: JESD204[2] transition uninitialized -> initialized
[    2.562925] jesd204: /axi/spi@ff040000/ad9081@0: JESD204[0] transition uninitialized -> initialized
[    2.571916] jesd204: found 8 devices and 1 topologies
[    2.576960] FPGA manager framework
[    2.580440] Advanced Linux Sound Architecture Driver Initialized.
[    2.586732] Bluetooth: Core ver 2.22
[    2.589919] NET: Registered protocol family 31
[    2.594320] Bluetooth: HCI device and connection manager initialized
[    2.600637] Bluetooth: HCI socket layer initialized
[    2.605479] Bluetooth: L2CAP socket layer initialized
[    2.610503] Bluetooth: SCO socket layer initialized
[    2.615685] clocksource: Switched to clocksource arch_sys_counter
[    2.621496] VFS: Disk quotas dquot_6.6.0
[    2.625330] VFS: Dquot-cache hash table entries: 512 (order 0, 4096 bytes)
[    2.636044] NET: Registered protocol family 2
[    2.636777] tcp_listen_portaddr_hash hash table entries: 2048 (order: 3, 32768 bytes, linear)
[    2.644970] TCP established hash table entries: 32768 (order: 6, 262144 bytes, linear)
[    2.652995] TCP bind hash table entries: 32768 (order: 7, 524288 bytes, linear)
[    2.660440] TCP: Hash tables configured (established 32768 bind 32768)
[    2.666614] UDP hash table entries: 2048 (order: 4, 65536 bytes, linear)
[    2.673281] UDP-Lite hash table entries: 2048 (order: 4, 65536 bytes, linear)
[    2.680442] NET: Registered protocol family 1
[    2.684898] RPC: Registered named UNIX socket transport module.
[    2.690518] RPC: Registered udp transport module.
[    2.695182] RPC: Registered tcp transport module.
[    2.699852] RPC: Registered tcp NFSv4.1 backchannel transport module.
[    2.706844] PCI: CLS 0 bytes, default 64
[    2.710548] hw perfevents: no interrupt-affinity property for /pmu, guessing.
[    2.717405] hw perfevents: enabled with armv8_pmuv3 PMU driver, 7 counters available
[    2.725757] Initialise system trusted keyrings
[    2.729434] workingset: timestamp_bits=62 max_order=20 bucket_order=0
[    2.736335] NFS: Registering the id_resolver key type
[    2.740783] Key type id_resolver registered
[    2.744920] Key type id_legacy registered
[    2.748909] nfs4filelayout_init: NFSv4 File Layout Driver Registering...
[    2.755575] jffs2: version 2.2. (NAND) (SUMMARY)  Â© 2001-2006 Red Hat, Inc.
[    2.797493] NET: Registered protocol family 38
[    2.797536] xor: measuring software checksum speed
[    2.805224]    8regs           :  2363 MB/sec
[    2.808893]    32regs          :  2799 MB/sec
[    2.813835]    arm64_neon      :  2380 MB/sec
[    2.814025] xor: using function: 32regs (2799 MB/sec)
[    2.819051] Key type asymmetric registered
[    2.823112] Asymmetric key parser 'x509' registered
[    2.827974] Block layer SCSI generic (bsg) driver version 0.4 loaded (major 248)
[    2.835310] io scheduler mq-deadline registered
[    2.839807] io scheduler kyber registered
[    2.869198] Serial: 8250/16550 driver, 4 ports, IRQ sharing disabled
[    2.873836] cacheinfo: Unable to detect cache hierarchy for CPU 0
[    2.880178] brd: module loaded
[    2.884327] loop: module loaded
[    2.884874] Registered mathworks_ip class
[    2.888206] libphy: Fixed MDIO Bus: probed
[    2.891175] tun: Universal TUN/TAP device driver, 1.6
[    2.895263] CAN device driver interface
[    2.899793] usbcore: registered new interface driver asix
[    2.904371] usbcore: registered new interface driver ax88179_178a
[    2.910412] usbcore: registered new interface driver cdc_ether
[    2.916206] usbcore: registered new interface driver net1080
[    2.921829] usbcore: registered new interface driver cdc_subset
[    2.927710] usbcore: registered new interface driver zaurus
[    2.933256] usbcore: registered new interface driver cdc_ncm
[    2.939658] ehci_hcd: USB 2.0 'Enhanced' Host Controller (EHCI) Driver
[    2.945338] ehci-pci: EHCI PCI platform driver
[    2.950143] usbcore: registered new interface driver uas
[    2.955058] usbcore: registered new interface driver usb-storage
[    2.961045] usbcore: registered new interface driver usbserial_generic
[    2.967495] usbserial: USB Serial support registered for generic
[    2.973468] usbcore: registered new interface driver ftdi_sio
[    2.979171] usbserial: USB Serial support registered for FTDI USB Serial Device
[    2.986447] usbcore: registered new interface driver upd78f0730
[    2.992318] usbserial: USB Serial support registered for upd78f0730
[    2.999978] rtc_zynqmp ffa60000.rtc: registered as rtc0
[    3.003743] rtc_zynqmp ffa60000.rtc: setting system clock to 2022-04-12T20:37:15 UTC (1649795835)
[    3.012606] i2c /dev entries driver
[    3.017921] usbcore: registered new interface driver uvcvideo
[    3.021719] USB Video Class driver (1.1.1)
[    3.027293] Bluetooth: HCI UART driver ver 2.3
[    3.030201] Bluetooth: HCI UART protocol H4 registered
[    3.035299] Bluetooth: HCI UART protocol BCSP registered
[    3.040588] Bluetooth: HCI UART protocol LL registered
[    3.045677] Bluetooth: HCI UART protocol ATH3K registered
[    3.051053] Bluetooth: HCI UART protocol Three-wire (H5) registered
[    3.057306] Bluetooth: HCI UART protocol Intel registered
[    3.062643] Bluetooth: HCI UART protocol QCA registered
[    3.067846] usbcore: registered new interface driver bcm203x
[    3.073466] usbcore: registered new interface driver bpa10x
[    3.079001] usbcore: registered new interface driver bfusb
[    3.084453] usbcore: registered new interface driver btusb
[    3.089915] usbcore: registered new interface driver ath3k
[    3.095398] EDAC MC: ECC not enabled
[    3.099027] EDAC DEVICE0: Giving out device to module zynqmp-ocm-edac controller zynqmp_ocm: DEV ff960000.memory-controller (INTERRUPT)
[    3.111336] sdhci: Secure Digital Host Controller Interface driver
[    3.117126] sdhci: Copyright(c) Pierre Ossman
[    3.121452] sdhci-pltfm: SDHCI platform and OF driver helper
[    3.127500] ledtrig-cpu: registered to indicate activity on CPUs
[    3.133061] SMCCC: SOC_ID: ARCH_SOC_ID not implemented, skipping ....
[    3.139480] zynqmp_firmware_probe Platform Management API v1.1
[    3.145246] zynqmp_firmware_probe Trustzone version v1.0
[    3.184775] zynqmp-pinctrl firmware:zynqmp-firmware:pinctrl: zynqmp pinctrl initialized
[    3.232757] zynqmp-aes firmware:zynqmp-firmware:zynqmp-aes: will run requests pump with realtime priority
[    3.248609] alg: No test for xilinx-keccak-384 (zynqmp-keccak-384)
[    3.249314] alg: No test for xilinx-zynqmp-rsa (zynqmp-rsa)
[    3.254828] usbcore: registered new interface driver usbhid
[    3.260217] usbhid: USB HID core driver
[    3.271431] axi_sysid 85000000.axi-sysid-0: AXI System ID core version (1.01.a) found
[    3.273795] axi_sysid 85000000.axi-sysid-0: [ad9081_fmca_ebz] on [zcu102] git branch <master> git <084d44c9780640ca93fd847b1d9ec70dd65f5c67> clean [2022-03-18 04:17:50] UTC
[    3.289471] fpga_manager fpga0: Xilinx ZynqMP FPGA Manager registered
[    3.295841] usbcore: registered new interface driver snd-usb-audio
[    3.303262] pktgen: Packet Generator for packet performance testing. Version: 2.75
[    3.309471] Initializing XFRM netlink socket
[    3.313309] NET: Registered protocol family 10
[    3.318028] Segment Routing with IPv6
[    3.321409] sit: IPv6, IPv4 and MPLS over IPv4 tunneling driver
[    3.327479] NET: Registered protocol family 17
[    3.331584] NET: Registered protocol family 15
[    3.336081] can: controller area network core
[    3.340334] NET: Registered protocol family 29
[    3.344723] can: raw protocol
[    3.347653] can: broadcast manager protocol
[    3.351814] can: netlink gateway - max_hops=1
[    3.356208] Bluetooth: RFCOMM TTY layer initialized
[    3.360987] Bluetooth: RFCOMM socket layer initialized
[    3.366095] Bluetooth: RFCOMM ver 1.11
[    3.369806] Bluetooth: BNEP (Ethernet Emulation) ver 1.3
[    3.375078] Bluetooth: BNEP filters: protocol multicast
[    3.380271] Bluetooth: BNEP socket layer initialized
[    3.385198] Bluetooth: HIDP (Human Interface Emulation) ver 1.2
[    3.391083] Bluetooth: HIDP socket layer initialized
[    3.396135] 9pnet: Installing 9P2000 support
[    3.400259] NET: Registered protocol family 36
[    3.404677] Key type dns_resolver registered
[    3.409110] registered taskstats version 1
[    3.412972] Loading compiled-in X.509 certificates
[    3.418086] Btrfs loaded, crc32c=crc32c-generic
[    3.430468] ff000000.serial: ttyPS0 at MMIO 0xff000000 (irq = 49, base_baud = 6249999) is a xuartps
[    3.439490] printk: console [ttyPS0] enabled
[    3.443786] printk: bootconsole [cdns0] disabled
[    3.453413] ff010000.serial: ttyPS1 at MMIO 0xff010000 (irq = 50, base_baud = 6249999) is a xuartps
[    3.466644] of-fpga-region fpga-full: FPGA Region probed
[    3.473603] nwl-pcie fd0e0000.pcie: host bridge /axi/pcie@fd0e0000 ranges:
[    3.480497] nwl-pcie fd0e0000.pcie:      MEM 0x00e0000000..0x00efffffff -> 0x00e0000000
[    3.488498] nwl-pcie fd0e0000.pcie:      MEM 0x0600000000..0x07ffffffff -> 0x0600000000
[    3.496560] nwl-pcie fd0e0000.pcie: Link is DOWN
[    3.501317] nwl-pcie fd0e0000.pcie: PCI host bridge to bus 0000:00
[    3.507496] pci_bus 0000:00: root bus resource [bus 00-ff]
[    3.512977] pci_bus 0000:00: root bus resource [mem 0xe0000000-0xefffffff]
[    3.519847] pci_bus 0000:00: root bus resource [mem 0x600000000-0x7ffffffff pref]
[    3.527351] pci 0000:00:00.0: [10ee:d021] type 01 class 0x060400
[    3.533407] pci 0000:00:00.0: PME# supported from D0 D1 D2 D3hot
[    3.543858] pci 0000:00:00.0: PCI bridge to [bus 01-0c]
[    3.549833] xilinx-zynqmp-dma fd500000.dma: ZynqMP DMA driver Probe success
[    3.557004] xilinx-zynqmp-dma fd510000.dma: ZynqMP DMA driver Probe success
[    3.564188] xilinx-zynqmp-dma fd520000.dma: ZynqMP DMA driver Probe success
[    3.571357] xilinx-zynqmp-dma fd530000.dma: ZynqMP DMA driver Probe success
[    3.578523] xilinx-zynqmp-dma fd540000.dma: ZynqMP DMA driver Probe success
[    3.585693] xilinx-zynqmp-dma fd550000.dma: ZynqMP DMA driver Probe success
[    3.592863] xilinx-zynqmp-dma fd560000.dma: ZynqMP DMA driver Probe success
[    3.600033] xilinx-zynqmp-dma fd570000.dma: ZynqMP DMA driver Probe success
[    3.607432] xilinx-zynqmp-dpdma fd4c0000.dma-controller: Xilinx DPDMA engine is probed
[    3.615985] ahci-ceva fd0c0000.ahci: supply ahci not found, using dummy regulator
[    3.623526] ahci-ceva fd0c0000.ahci: supply phy not found, using dummy regulator
[    3.711860] hmc7044 spi2.0: PLL1: Acquisition, CLKIN0 @ 122880000 Hz, PFD: 80 kHz - PLL2: Locked @ 2870.000000 MHz
[    3.722573] jesd204: /axi/spi@ff050000/hmc7044@0,jesd204:1,parent=spi2.0: Using as SYSREF provider
[    3.732153] spi-nor spi0.0: SPI-NOR-UniqueID 100000235394732200270025081115266e
[    3.739460] spi-nor spi0.0: found n25q512a, expected m25p80
[    3.745656] spi-nor spi0.0: trying to lock already unlocked area
[    3.751661] spi-nor spi0.0: n25q512a (131072 Kbytes)
[    3.756640] 4 fixed-partitions partitions found on MTD device spi0.0
[    3.762985] Creating 4 MTD partitions on "spi0.0":
[    3.767771] 0x000000000000-0x000000100000 : "qspi-fsbl-uboot"
[    3.774261] 0x000000100000-0x000000600000 : "qspi-linux"
[    3.780214] 0x000000600000-0x000000620000 : "qspi-device-tree"
[    3.786690] 0x000000620000-0x000000c00000 : "qspi-rootfs"
[    3.795154] macb ff0e0000.ethernet: Not enabling partial store and forward
[    3.802674] libphy: MACB_mii_bus: probed
[    3.807740] macb ff0e0000.ethernet eth0: Cadence GEM rev 0x50070106 at 0xff0e0000 irq 30 (00:0a:35:04:8e:1b)
[    3.817948] xilinx-axipmon ffa00000.perf-monitor: Probed Xilinx APM
[    3.824524] xilinx-axipmon fd0b0000.perf-monitor: Probed Xilinx APM
[    3.831039] xilinx-axipmon fd490000.perf-monitor: Probed Xilinx APM
[    3.837574] xilinx-axipmon ffa10000.perf-monitor: Probed Xilinx APM
[    3.847565] pca953x 0-0020: supply vcc not found, using dummy regulator
[    3.854251] pca953x 0-0020: using no AI
[    3.858740] gpio-496 (sel0): hogged as output/low
[    3.863642] gpio-497 (sel1): hogged as output/high
[    3.868628] gpio-498 (sel2): hogged as output/high
[    3.873617] gpio-499 (sel3): hogged as output/high
[    3.878797] pca953x 0-0021: supply vcc not found, using dummy regulator
[    3.885463] pca953x 0-0021: using no AI
[    3.891226] ina2xx 2-0040: power monitor ina226 (Rshunt = 5000 uOhm)
[    3.898250] ina2xx 2-0041: power monitor ina226 (Rshunt = 5000 uOhm)
[    3.905290] ina2xx 2-0042: power monitor ina226 (Rshunt = 5000 uOhm)
[    3.912329] ina2xx 2-0043: power monitor ina226 (Rshunt = 5000 uOhm)
[    3.919359] ina2xx 2-0044: power monitor ina226 (Rshunt = 5000 uOhm)
[    3.926383] ina2xx 2-0045: power monitor ina226 (Rshunt = 5000 uOhm)
[    3.933414] ina2xx 2-0046: power monitor ina226 (Rshunt = 5000 uOhm)
[    3.940491] ina2xx 2-0047: power monitor ina226 (Rshunt = 5000 uOhm)
[    3.947516] ina2xx 2-004a: power monitor ina226 (Rshunt = 5000 uOhm)
[    3.954550] ina2xx 2-004b: power monitor ina226 (Rshunt = 5000 uOhm)
[    3.960961] i2c i2c-0: Added multiplexed i2c bus 2
[    3.966344] random: fast init done
[    3.969817] ina2xx 3-0040: power monitor ina226 (Rshunt = 2000 uOhm)
[    3.976845] ina2xx 3-0041: power monitor ina226 (Rshunt = 5000 uOhm)
[    3.983876] ina2xx 3-0042: power monitor ina226 (Rshunt = 5000 uOhm)
[    3.990905] ina2xx 3-0043: power monitor ina226 (Rshunt = 5000 uOhm)
[    3.997929] ina2xx 3-0044: power monitor ina226 (Rshunt = 5000 uOhm)
[    4.004954] ina2xx 3-0045: power monitor ina226 (Rshunt = 5000 uOhm)
[    4.011986] ina2xx 3-0046: power monitor ina226 (Rshunt = 5000 uOhm)
[    4.019019] ina2xx 3-0047: power monitor ina226 (Rshunt = 5000 uOhm)
[    4.025420] i2c i2c-0: Added multiplexed i2c bus 3
[    4.081360] i2c i2c-0: Added multiplexed i2c bus 4
[    4.086296] i2c i2c-0: Added multiplexed i2c bus 5
[    4.091087] pca954x 0-0075: registered 4 multiplexed busses for I2C mux pca9544
[    4.098437] cdns-i2c ff020000.i2c: 400 kHz mmio ff020000 irq 32
[    4.106167] at24 6-0054: supply vcc not found, using dummy regulator
[    4.113063] at24 6-0054: 1024 byte 24c08 EEPROM, writable, 1 bytes/write
[    4.119815] i2c i2c-1: Added multiplexed i2c bus 6
[    4.126247] si5341 7-0036: Chip: 5341 Grade: 1 Rev: 1
[    4.163956] i2c i2c-1: Added multiplexed i2c bus 7
[    4.171611] si570 8-005d: registered, current frequency 300000000 Hz
[    4.178014] i2c i2c-1: Added multiplexed i2c bus 8
[    4.197800] si570 9-005d: registered, current frequency 148500000 Hz
[    4.204202] i2c i2c-1: Added multiplexed i2c bus 9
[    4.209242] si5324 10-0069: si5328 probed
[    4.276047] si5324 10-0069: si5328 probe successful
[    4.280979] i2c i2c-1: Added multiplexed i2c bus 10
[    4.286006] i2c i2c-1: Added multiplexed i2c bus 11
[    4.291033] i2c i2c-1: Added multiplexed i2c bus 12
[    4.296053] i2c i2c-1: Added multiplexed i2c bus 13
[    4.300926] pca954x 1-0074: registered 8 multiplexed busses for I2C switch pca9548
[    4.309033] at24 14-0050: supply vcc not found, using dummy regulator
[    4.315829] at24 14-0050: 256 byte 24c02 EEPROM, writable, 1 bytes/write
[    4.322577] i2c i2c-1: Added multiplexed i2c bus 14
[    4.327619] i2c i2c-1: Added multiplexed i2c bus 15
[    4.332651] i2c i2c-1: Added multiplexed i2c bus 16
[    4.337689] i2c i2c-1: Added multiplexed i2c bus 17
[    4.342723] i2c i2c-1: Added multiplexed i2c bus 18
[    4.347765] i2c i2c-1: Added multiplexed i2c bus 19
[    4.352806] i2c i2c-1: Added multiplexed i2c bus 20
[    4.357841] i2c i2c-1: Added multiplexed i2c bus 21
[    4.362718] pca954x 1-0075: registered 8 multiplexed busses for I2C switch pca9548
[    4.370327] cdns-i2c ff030000.i2c: 400 kHz mmio ff030000 irq 33
[    4.380067] cdns-wdt fd4d0000.watchdog: Xilinx Watchdog Timer with timeout 60s
[    4.389120] axi_adxcvr 84a60000.axi-adxcvr-rx: adxcvr_enforce_settings: Using QPLL without access, assuming desired Lane rate will be configured by a different instance
[    4.405765] axi_adxcvr 84a60000.axi-adxcvr-rx: AXI-ADXCVR-RX (17.05.a) using QPLL on GTH4 at 0x84A60000. Number of lanes: 4.
[    4.417926] axi_adxcvr 84b60000.axi-adxcvr-tx: AXI-ADXCVR-TX (17.05.a) using QPLL on GTH4 at 0x84B60000. Number of lanes: 4.
[    4.421887] mmc0: SDHCI controller on ff170000.mmc [ff170000.mmc] using ADMA 64-bit
[    4.437077] axi-jesd204-rx 84a90000.axi-jesd204-rx: AXI-JESD204-RX (1.07.a) at 0x84A90000. Encoder 8b10b, width 4/4, lanes 4, jesd204-fsm.
[    4.449920] axi-jesd204-tx 84b90000.axi-jesd204-tx: AXI-JESD204-TX (1.06.a) at 0x84B90000. Encoder 8b10b, width 4/4, lanes 4, jesd204-fsm.
[    4.463430] zynqmp-display fd4a0000.display: vtc bridge property not present
[    4.469455] mmc0: new high speed SDHC card at address 0001
[    4.473084] xilinx-dp-snd-codec fd4a0000.display:zynqmp_dp_snd_codec0: Failed to get required clock freq
[    4.476318] mmcblk0: mmc0:0001 EB1QT 29.8 GiB 
[    4.485445] xilinx-dp-snd-codec: probe of fd4a0000.display:zynqmp_dp_snd_codec0 failed with error -22
[    4.491103]  mmcblk0: p1 p2 p3
[    4.499431] xilinx-dp-snd-pcm zynqmp_dp_snd_pcm0: Xilinx DisplayPort Sound PCM probed
[    4.510291] xilinx-dp-snd-pcm zynqmp_dp_snd_pcm1: Xilinx DisplayPort Sound PCM probed
[    4.518499] OF: graph: no port node found in /axi/display@fd4a0000
[    4.524907] xlnx-drm xlnx-drm.0: bound fd4a0000.display (ops 0xffffffc010fcbdb8)
[    5.611706] zynqmp-display fd4a0000.display: [drm] Cannot find any crtc or sizes
[    5.619319] [drm] Initialized xlnx 1.0.0 20130509 for fd4a0000.display on minor 0
[    5.626807] zynqmp-display fd4a0000.display: ZynqMP DisplayPort Subsystem driver probed
[    5.635120] ahci-ceva fd0c0000.ahci: supply ahci not found, using dummy regulator
[    5.642664] ahci-ceva fd0c0000.ahci: supply phy not found, using dummy regulator
[    5.650118] ahci-ceva fd0c0000.ahci: supply target not found, using dummy regulator
[    5.657956] ahci-ceva fd0c0000.ahci: AHCI 0001.0301 32 slots 2 ports 6 Gbps 0x3 impl platform mode
[    5.666913] ahci-ceva fd0c0000.ahci: flags: 64bit ncq sntf pm clo only pmp fbs pio slum part ccc sds apst 
[    5.677606] scsi host0: ahci-ceva
[    5.681214] scsi host1: ahci-ceva
[    5.684638] ata1: SATA max UDMA/133 mmio [mem 0xfd0c0000-0xfd0c1fff] port 0x100 irq 45
[    5.692552] ata2: SATA max UDMA/133 mmio [mem 0xfd0c0000-0xfd0c1fff] port 0x180 irq 45
[    5.701150] ad9081 spi1.0: supply vdd not found, using dummy regulator
[    6.013907] ata2: SATA link down (SStatus 0 SControl 330)
[    6.019316] ata1: SATA link down (SStatus 0 SControl 330)
[    6.695708] zynqmp-display fd4a0000.display: [drm] Cannot find any crtc or sizes
[    6.853361] ad9081 spi1.0: Invalid param passed., "ref_clk_hz < 100000000ULL" in adi_ad9081_device_clk_config_set(...), line554 in drivers/iio/adc/ad9081/adi_ad9081_device.c
[    7.538381] ad9081 spi1.0: AD9081 Rev. 2 Grade 10 (API 1.2.2) probed
[    7.545578] xhci-hcd xhci-hcd.1.auto: xHCI Host Controller
[    7.551073] xhci-hcd xhci-hcd.1.auto: new USB bus registered, assigned bus number 1
[    7.558819] xhci-hcd xhci-hcd.1.auto: hcc params 0x0238f625 hci version 0x100 quirks 0x0000000002010810
[    7.568232] xhci-hcd xhci-hcd.1.auto: irq 59, io mem 0xfe200000
[    7.574338] usb usb1: New USB device found, idVendor=1d6b, idProduct=0002, bcdDevice= 5.10
[    7.582601] usb usb1: New USB device strings: Mfr=3, Product=2, SerialNumber=1
[    7.589818] usb usb1: Product: xHCI Host Controller
[    7.594685] usb usb1: Manufacturer: Linux 5.10.0-98103-g2aa7ac113716 xhci-hcd
[    7.601815] usb usb1: SerialNumber: xhci-hcd.1.auto
[    7.606988] hub 1-0:1.0: USB hub found
[    7.610756] hub 1-0:1.0: 1 port detected
[    7.614862] xhci-hcd xhci-hcd.1.auto: xHCI Host Controller
[    7.620351] xhci-hcd xhci-hcd.1.auto: new USB bus registered, assigned bus number 2
[    7.628004] xhci-hcd xhci-hcd.1.auto: Host supports USB 3.0 SuperSpeed
[    7.634625] usb usb2: New USB device found, idVendor=1d6b, idProduct=0003, bcdDevice= 5.10
[    7.642889] usb usb2: New USB device strings: Mfr=3, Product=2, SerialNumber=1
[    7.650108] usb usb2: Product: xHCI Host Controller
[    7.654976] usb usb2: Manufacturer: Linux 5.10.0-98103-g2aa7ac113716 xhci-hcd
[    7.662102] usb usb2: SerialNumber: xhci-hcd.1.auto
[    7.667210] hub 2-0:1.0: USB hub found
[    7.670975] hub 2-0:1.0: 1 port detected
[    7.701080] cf_axi_adc 84a10000.axi-ad9081-rx-hpc: ADI AIM (10.01.b) at 0x84A10000 mapped to 0x(____ptrval____), probed ADC AD9081 as MASTER
[    7.732529] cf_axi_dds 84b10000.axi-ad9081-tx-hpc: Analog Devices CF_AXI_DDS_DDS MASTER (9.01.b) at 0x84B10000 mapped to 0x(____ptrval____), probed DDS AD9081
[    7.746728] jesd204: /axi/spi@ff040000/ad9081@0,jesd204:0,parent=spi1.0: JESD204[2] transition initialized -> probed
[    7.757252] jesd204: /axi/spi@ff040000/ad9081@0,jesd204:0,parent=spi1.0: JESD204[0] transition initialized -> probed
[    7.767776] jesd204: /axi/spi@ff040000/ad9081@0,jesd204:0,parent=spi1.0: JESD204[2] transition probed -> idle
[    7.777683] jesd204: /axi/spi@ff040000/ad9081@0,jesd204:0,parent=spi1.0: JESD204[0] transition probed -> idle
[    7.787598] jesd204: /axi/spi@ff040000/ad9081@0,jesd204:0,parent=spi1.0: JESD204[2] transition idle -> device_init
[    7.797942] jesd204: /axi/spi@ff040000/ad9081@0,jesd204:0,parent=spi1.0: JESD204[0] transition idle -> device_init
[    7.808293] jesd204: /axi/spi@ff040000/ad9081@0,jesd204:0,parent=spi1.0: JESD204[2] transition device_init -> link_init
[    7.819071] jesd204: /axi/spi@ff040000/ad9081@0,jesd204:0,parent=spi1.0: JESD204[0] transition device_init -> link_init
[    7.829862] jesd204: /axi/spi@ff040000/ad9081@0,jesd204:0,parent=spi1.0: JESD204[2] transition link_init -> link_supported
[    7.840899] jesd204: /axi/spi@ff040000/ad9081@0,jesd204:0,parent=spi1.0: JESD204[0] transition link_init -> link_supported
[    7.852312] hmc7044 spi2.0: hmc7044_jesd204_link_pre_setup: Link2 forcing continuous SYSREF mode
[    7.861529] jesd204: /axi/spi@ff040000/ad9081@0,jesd204:0,parent=spi1.0: JESD204[2] transition link_supported -> link_pre_setup
[    7.873008] jesd204: /axi/spi@ff040000/ad9081@0,jesd204:0,parent=spi1.0: JESD204[0] transition link_supported -> link_pre_setup
[    7.896782] jesd204: /axi/spi@ff040000/ad9081@0,jesd204:0,parent=spi1.0: JESD204[2] transition link_pre_setup -> clk_sync_stage1
[    7.908350] jesd204: /axi/spi@ff040000/ad9081@0,jesd204:0,parent=spi1.0: JESD204[0] transition link_pre_setup -> clk_sync_stage1
[    7.919917] jesd204: /axi/spi@ff040000/ad9081@0,jesd204:0,parent=spi1.0: JESD204[2] transition clk_sync_stage1 -> clk_sync_stage2
[    7.931561] jesd204: /axi/spi@ff040000/ad9081@0,jesd204:0,parent=spi1.0: JESD204[0] transition clk_sync_stage1 -> clk_sync_stage2
[    7.943214] jesd204: /axi/spi@ff040000/ad9081@0,jesd204:0,parent=spi1.0: JESD204[2] transition clk_sync_stage2 -> clk_sync_stage3
[    7.954858] jesd204: /axi/spi@ff040000/ad9081@0,jesd204:0,parent=spi1.0: JESD204[0] transition clk_sync_stage2 -> clk_sync_stage3
[    7.968593] jesd204: /axi/spi@ff040000/ad9081@0,jesd204:0,parent=spi1.0: JESD204[2] transition clk_sync_stage3 -> link_setup
[    7.979809] jesd204: /axi/spi@ff040000/ad9081@0,jesd204:0,parent=spi1.0: JESD204[0] transition clk_sync_stage3 -> link_setup
[    7.995790] jesd204: /axi/spi@ff040000/ad9081@0,jesd204:0,parent=spi1.0: JESD204[2] transition link_setup -> opt_setup_stage1
[    8.007088] jesd204: /axi/spi@ff040000/ad9081@0,jesd204:0,parent=spi1.0: JESD204[0] transition link_setup -> opt_setup_stage1
[    8.023424] jesd204: /axi/spi@ff040000/ad9081@0,jesd204:0,parent=spi1.0: JESD204[2] transition opt_setup_stage1 -> opt_setup_stage2
[    8.035247] jesd204: /axi/spi@ff040000/ad9081@0,jesd204:0,parent=spi1.0: JESD204[0] transition opt_setup_stage1 -> opt_setup_stage2
[    8.047218] jesd204: /axi/spi@ff040000/ad9081@0,jesd204:0,parent=spi1.0: JESD204[2] transition opt_setup_stage2 -> opt_setup_stage3
[    8.059038] jesd204: /axi/spi@ff040000/ad9081@0,jesd204:0,parent=spi1.0: JESD204[0] transition opt_setup_stage2 -> opt_setup_stage3
[    8.070867] jesd204: /axi/spi@ff040000/ad9081@0,jesd204:0,parent=spi1.0: JESD204[2] transition opt_setup_stage3 -> opt_setup_stage4
[    8.082689] jesd204: /axi/spi@ff040000/ad9081@0,jesd204:0,parent=spi1.0: JESD204[0] transition opt_setup_stage3 -> opt_setup_stage4
[    8.094516] jesd204: /axi/spi@ff040000/ad9081@0,jesd204:0,parent=spi1.0: JESD204[2] transition opt_setup_stage4 -> opt_setup_stage5
[    8.106338] jesd204: /axi/spi@ff040000/ad9081@0,jesd204:0,parent=spi1.0: JESD204[0] transition opt_setup_stage4 -> opt_setup_stage5
[    8.124274] jesd204: /axi/spi@ff040000/ad9081@0,jesd204:0,parent=spi1.0: JESD204[2] transition opt_setup_stage5 -> clocks_enable
[    8.135838] jesd204: /axi/spi@ff040000/ad9081@0,jesd204:0,parent=spi1.0: JESD204[0] transition opt_setup_stage5 -> clocks_enable
[    8.147460] jesd204: /axi/spi@ff040000/ad9081@0,jesd204:0,parent=spi1.0: JESD204[2] transition clocks_enable -> link_enable
[    8.158589] jesd204: /axi/spi@ff040000/ad9081@0,jesd204:0,parent=spi1.0: JESD204[0] transition clocks_enable -> link_enable
[    8.191929] ad9081 spi1.0: JESD RX (JTX) Link2 in DATA, SYNC deasserted, PLL locked, PHASE established, MODE valid
[    8.202532] ad9081 spi1.0: JESD TX (JRX) Link0 0xF lanes in DATA
[    8.208543] jesd204: /axi/spi@ff040000/ad9081@0,jesd204:0,parent=spi1.0: JESD204[2] transition link_enable -> link_running
[    8.219581] jesd204: /axi/spi@ff040000/ad9081@0,jesd204:0,parent=spi1.0: JESD204[0] transition link_enable -> link_running
[    8.230630] jesd204: /axi/spi@ff040000/ad9081@0,jesd204:0,parent=spi1.0: JESD204[2] transition link_running -> opt_post_running_stage
[    8.242627] jesd204: /axi/spi@ff040000/ad9081@0,jesd204:0,parent=spi1.0: JESD204[0] transition link_running -> opt_post_running_stage
[    8.263858] input: gpio-keys as /devices/platform/gpio-keys/input/input0
[    8.270871] of_cfs_init
[    8.273337] of_cfs_init: OK
[    8.276280] cfg80211: Loading compiled-in X.509 certificates for regulatory database
[    8.414421] cfg80211: Loaded X.509 cert 'sforshee: 00b28ddf47aef9cea7'
[    8.420951] clk: Not disabling unused clocks
[    8.425479] ALSA device list:
[    8.428442]   No soundcards found.
[    8.432100] platform regulatory.0: Direct firmware load for regulatory.db failed with error -2
[    8.440714] cfg80211: failed to load regulatory.db
[    8.456003] EXT4-fs (mmcblk0p2): mounted filesystem with ordered data mode. Opts: (null)
[    8.464113] VFS: Mounted root (ext4 filesystem) on device 179:2.
[    8.477257] devtmpfs: mounted
[    8.481074] Freeing unused kernel memory: 2560K
[    8.491744] Run /sbin/init as init process
[    8.495838]   with arguments:
[    8.495841]     /sbin/init
[    8.495843]   with environment:
[    8.495845]     HOME=/
[    8.495847]     TERM=linux
[    9.061000] systemd[1]: systemd 241 running in system mode. (+PAM +AUDIT +SELINUX +IMA +APPARMOR +SMACK +SYSVINIT +UTMP +LIBCRYPTSETUP +GCRYPT +GNUTLS +ACL +XZ +LZ4 +SECCOMP +BLKID +ELFUTILS +KMOD -IDN2 +IDN -PCRE2 default-hierarchy=hybrid)
[    9.082854] systemd[1]: Detected architecture arm64.
[    9.104393] systemd[1]: Set hostname to <analog>.
[    9.287717] systemd[1]: File /lib/systemd/system/systemd-journald.service:12 configures an IP firewall (IPAddressDeny=any), but the local system does not support BPF/cgroup based firewalling.
[    9.304774] systemd[1]: Proceeding WITHOUT firewalling in effect! (This warning is only shown for the first loaded unit using IP firewalling.)
[    9.467664] systemd[1]: /etc/systemd/system/tof-server.service:1: Assignment outside of section. Ignoring.
[    9.477376] systemd[1]: /etc/systemd/system/tof-server.service:2: Assignment outside of section. Ignoring.
[    9.662207] random: systemd: uninitialized urandom read (16 bytes read)
[    9.676829] random: systemd: uninitialized urandom read (16 bytes read)
[    9.684037] systemd[1]: Created slice system-getty.slice.
[    9.703770] random: systemd: uninitialized urandom read (16 bytes read)
[    9.710728] systemd[1]: Listening on Journal Socket (/dev/log).
[    9.732227] systemd[1]: Listening on Journal Audit Socket.
[   10.541966] EXT4-fs (mmcblk0p2): re-mounted. Opts: (null)
[   10.724443] systemd-journald[147]: Received request to flush runtime journal from PID 1
[   15.812695] random: crng init done
[   15.812706] random: 7 urandom warning(s) missed due to ratelimiting
[   16.549198] macb ff0e0000.ethernet eth0: PHY [ff0e0000.ethernet-ffffffff:0c] driver [TI DP83867] (irq=POLL)
[   16.549212] macb ff0e0000.ethernet eth0: configuring for phy/rgmii-id link mode
[   16.839811] Adding 102396k swap on /var/swap.  Priority:-2 extents:4 across:9953604k SS
[   19.388721] broken atomic modeset userspace detected, disabling atomic
[   20.641317] macb ff0e0000.ethernet eth0: Link is Up - 1Gbps/Full - flow control off
[   20.641343] IPv6: ADDRCONF(NETDEV_CHANGE): eth0: link becomes ready
[   22.058970] broken atomic modeset userspace detected, disabling atomic
[   24.970937] broken atomic modeset userspace detected, disabling atomic
[   27.597327] broken atomic modeset userspace detected, disabling atomic