[    0.000000] Booting Linux on physical CPU 0x0000000000 [0x410fd034]
[    0.000000] Linux version 5.10.0-98103-g2aa7ac113716 (jenkins@romlxbuild1.adlk.analog.com) (aarch64-xilinx-linux-gcc.real (GCC) 10.2.0, GNU ld (GNU Binutils) 2.35.0.20200730) #5577 SMP Wed Mar 23 07:28:49 GMT 2022
[    0.000000] Machine model: ZynqMP ZCU102 Rev1.0
[    0.000000] earlycon: cdns0 at MMIO 0x00000000ff000000 (options '115200n8')
[    0.000000] printk: bootconsole [cdns0] enabled
[    0.000000] efi: UEFI not found.
[    0.000000] cma: Reserved 256 MiB at 0x0000000070000000
[    0.000000] Zone ranges:
[    0.000000]   DMA      [mem 0x0000000000000000-0x000000003fffffff]
[    0.000000]   DMA32    [mem 0x0000000040000000-0x00000000ffffffff]
[    0.000000]   Normal   [mem 0x0000000100000000-0x000000087fffffff]
[    0.000000] Movable zone start for each node
[    0.000000] Early memory node ranges
[    0.000000]   node   0: [mem 0x0000000000000000-0x000000007fffffff]
[    0.000000]   node   0: [mem 0x0000000800000000-0x000000087fffffff]
[    0.000000] Initmem setup node 0 [mem 0x0000000000000000-0x000000087fffffff]
[    0.000000] On node 0 totalpages: 1048576
[    0.000000]   DMA zone: 3584 pages used for memmap
[    0.000000]   DMA zone: 0 pages reserved
[    0.000000]   DMA zone: 262144 pages, LIFO batch:63
[    0.000000]   DMA32 zone: 3584 pages used for memmap
[    0.000000]   DMA32 zone: 262144 pages, LIFO batch:63
[    0.000000]   Normal zone: 7168 pages used for memmap
[    0.000000]   Normal zone: 524288 pages, LIFO batch:63
[    0.000000] psci: probing for conduit method from DT.
[    0.000000] psci: PSCIv1.1 detected in firmware.
[    0.000000] psci: Using standard PSCI v0.2 function IDs
[    0.000000] psci: MIGRATE_INFO_TYPE not supported.
[    0.000000] psci: SMC Calling Convention v1.2
[    0.000000] percpu: Embedded 22 pages/cpu s49496 r8192 d32424 u90112
[    0.000000] pcpu-alloc: s49496 r8192 d32424 u90112 alloc=22*4096
[    0.000000] pcpu-alloc: [0] 0 [0] 1 [0] 2 [0] 3 
[    0.000000] Detected VIPT I-cache on CPU0
[    0.000000] CPU features: detected: ARM erratum 845719
[    0.000000] Built 1 zonelists, mobility grouping on.  Total pages: 1034240
[    0.000000] Kernel command line: console=ttyPS0,115200 root=/dev/mmcblk0p2 rw earlycon rootfstype=ext4 rootwait clk_ignore_unused cpuidle.off=1 root=/dev/mmcblk0p2 rw rootwait
[    0.000000] Dentry cache hash table entries: 524288 (order: 10, 4194304 bytes, linear)
[    0.000000] Inode-cache hash table entries: 262144 (order: 9, 2097152 bytes, linear)
[    0.000000] mem auto-init: stack:off, heap alloc:off, heap free:off
[    0.000000] software IO TLB: mapped [mem 0x000000003bfff000-0x000000003ffff000] (64MB)
[    0.000000] Memory: 3761904K/4194304K available (15296K kernel code, 1636K rwdata, 11876K rodata, 2560K init, 507K bss, 170256K reserved, 262144K cma-reserved)
[    0.000000] rcu: Hierarchical RCU implementation.
[    0.000000] rcu: 	RCU event tracing is enabled.
[    0.000000] rcu: 	RCU restricting CPUs from NR_CPUS=8 to nr_cpu_ids=4.
[    0.000000] rcu: RCU calculated value of scheduler-enlistment delay is 25 jiffies.
[    0.000000] rcu: Adjusting geometry for rcu_fanout_leaf=16, nr_cpu_ids=4
[    0.000000] NR_IRQS: 64, nr_irqs: 64, preallocated irqs: 0
[    0.000000] GIC: Adjusting CPU interface base to 0x00000000f902f000
[    0.000000] GIC: Using split EOI/Deactivate mode
[    0.000000] random: get_random_bytes called from start_kernel+0x31c/0x54c with crng_init=0
[    0.000000] arch_timer: cp15 timer(s) running at 100.00MHz (phys).
[    0.000000] clocksource: arch_sys_counter: mask: 0xffffffffffffff max_cycles: 0x171024e7e0, max_idle_ns: 440795205315 ns
[    0.000004] sched_clock: 56 bits at 100MHz, resolution 10ns, wraps every 4398046511100ns
[    0.008462] Console: colour dummy device 80x25
[    0.012483] Calibrating delay loop (skipped), value calculated using timer frequency.. 200.00 BogoMIPS (lpj=400000)
[    0.022840] pid_max: default: 32768 minimum: 301
[    0.027551] Mount-cache hash table entries: 8192 (order: 4, 65536 bytes, linear)
[    0.034789] Mountpoint-cache hash table entries: 8192 (order: 4, 65536 bytes, linear)
[    0.043399] rcu: Hierarchical SRCU implementation.
[    0.047560] EFI services will not be available.
[    0.051939] smp: Bringing up secondary CPUs ...
[    0.056660] Detected VIPT I-cache on CPU1
[    0.056698] CPU1: Booted secondary processor 0x0000000001 [0x410fd034]
[    0.057063] Detected VIPT I-cache on CPU2
[    0.057087] CPU2: Booted secondary processor 0x0000000002 [0x410fd034]
[    0.057427] Detected VIPT I-cache on CPU3
[    0.057450] CPU3: Booted secondary processor 0x0000000003 [0x410fd034]
[    0.057496] smp: Brought up 1 node, 4 CPUs
[    0.091780] SMP: Total of 4 processors activated.
[    0.096452] CPU features: detected: 32-bit EL0 Support
[    0.101556] CPU features: detected: CRC32 instructions
[    0.106695] CPU: All CPU(s) started at EL2
[    0.110737] alternatives: patching kernel code
[    0.116169] devtmpfs: initialized
[    0.124066] Registered cp15_barrier emulation handler
[    0.124116] Registered setend emulation handler
[    0.128091] clocksource: jiffies: mask: 0xffffffff max_cycles: 0xffffffff, max_idle_ns: 7645041785100000 ns
[    0.137670] futex hash table entries: 1024 (order: 4, 65536 bytes, linear)
[    0.151016] pinctrl core: initialized pinctrl subsystem
[    0.151662] NET: Registered protocol family 16
[    0.156085] DMA: preallocated 512 KiB GFP_KERNEL pool for atomic allocations
[    0.162099] DMA: preallocated 512 KiB GFP_KERNEL|GFP_DMA pool for atomic allocations
[    0.169826] DMA: preallocated 512 KiB GFP_KERNEL|GFP_DMA32 pool for atomic allocations
[    0.177628] audit: initializing netlink subsys (disabled)
[    0.183078] audit: type=2000 audit(0.116:1): state=initialized audit_enabled=0 res=1
[    0.183421] hw-breakpoint: found 6 breakpoint and 4 watchpoint registers.
[    0.197455] ASID allocator initialised with 65536 entries
[    0.224329] HugeTLB registered 1.00 GiB page size, pre-allocated 0 pages
[    0.225386] HugeTLB registered 32.0 MiB page size, pre-allocated 0 pages
[    0.232056] HugeTLB registered 2.00 MiB page size, pre-allocated 0 pages
[    0.238716] HugeTLB registered 64.0 KiB page size, pre-allocated 0 pages
[    1.304315] DRBG: Continuing without Jitter RNG
[    1.382116] raid6: neonx8   gen()  2140 MB/s
[    1.450166] raid6: neonx8   xor()  1599 MB/s
[    1.518223] raid6: neonx4   gen()  2199 MB/s
[    1.586270] raid6: neonx4   xor()  1567 MB/s
[    1.654341] raid6: neonx2   gen()  2076 MB/s
[    1.722387] raid6: neonx2   xor()  1441 MB/s
[    1.790450] raid6: neonx1   gen()  1772 MB/s
[    1.858495] raid6: neonx1   xor()  1220 MB/s
[    1.926556] raid6: int64x8  gen()  1438 MB/s
[    1.994611] raid6: int64x8  xor()   771 MB/s
[    2.062684] raid6: int64x4  gen()  1599 MB/s
[    2.130730] raid6: int64x4  xor()   816 MB/s
[    2.198807] raid6: int64x2  gen()  1397 MB/s
[    2.266847] raid6: int64x2  xor()   750 MB/s
[    2.334916] raid6: int64x1  gen()  1033 MB/s
[    2.402985] raid6: int64x1  xor()   517 MB/s
[    2.403024] raid6: using algorithm neonx4 gen() 2199 MB/s
[    2.406978] raid6: .... xor() 1567 MB/s, rmw enabled
[    2.411909] raid6: using neon recovery algorithm
[    2.416920] iommu: Default domain type: Translated 
[    2.421534] SCSI subsystem initialized
[    2.425078] libata version 3.00 loaded.
[    2.425203] usbcore: registered new interface driver usbfs
[    2.430533] usbcore: registered new interface driver hub
[    2.435808] usbcore: registered new device driver usb
[    2.440943] mc: Linux media interface: v0.10
[    2.445055] videodev: Linux video capture interface: v2.00
[    2.450548] EDAC MC: Ver: 3.0.0
[    2.453987] zynqmp-ipi-mbox mailbox@ff990400: Registered ZynqMP IPI mbox with TX/RX channels.
[    2.462485] jesd204: created con: id=0, topo=0, link=0, /axi/spi@ff050000/hmc7044@0 <-> /fpga-axi@0/axi-adxcvr-tx@84b60000
[    2.473077] jesd204: created con: id=1, topo=0, link=2, /axi/spi@ff050000/hmc7044@0 <-> /fpga-axi@0/axi-adxcvr-rx@84a60000
[    2.484061] jesd204: created con: id=2, topo=0, link=0, /fpga-axi@0/axi-adxcvr-tx@84b60000 <-> /fpga-axi@0/axi-jesd204-tx@84b90000
[    2.495737] jesd204: created con: id=3, topo=0, link=2, /fpga-axi@0/axi-adxcvr-rx@84a60000 <-> /fpga-axi@0/axi-jesd204-rx@84a90000
[    2.507414] jesd204: created con: id=4, topo=0, link=0, /fpga-axi@0/axi-jesd204-tx@84b90000 <-> /fpga-axi@0/axi-ad9081-tx-hpc@84b10000
[    2.519441] jesd204: created con: id=5, topo=0, link=2, /fpga-axi@0/axi-jesd204-rx@84a90000 <-> /fpga-axi@0/axi-ad9081-rx-hpc@84a10000
[    2.531465] jesd204: created con: id=6, topo=0, link=2, /fpga-axi@0/axi-ad9081-rx-hpc@84a10000 <-> /axi/spi@ff040000/ad9081@0
[    2.542706] jesd204: created con: id=7, topo=0, link=0, /fpga-axi@0/axi-ad9081-tx-hpc@84b10000 <-> /axi/spi@ff040000/ad9081@0
[    2.553956] jesd204: /axi/spi@ff040000/ad9081@0: JESD204[2] transition uninitialized -> initialized
[    2.562942] jesd204: /axi/spi@ff040000/ad9081@0: JESD204[0] transition uninitialized -> initialized
[    2.571934] jesd204: found 8 devices and 1 topologies
[    2.576978] FPGA manager framework
[    2.580457] Advanced Linux Sound Architecture Driver Initialized.
[    2.586751] Bluetooth: Core ver 2.22
[    2.589937] NET: Registered protocol family 31
[    2.594338] Bluetooth: HCI device and connection manager initialized
[    2.600655] Bluetooth: HCI socket layer initialized
[    2.605497] Bluetooth: L2CAP socket layer initialized
[    2.610520] Bluetooth: SCO socket layer initialized
[    2.615712] clocksource: Switched to clocksource arch_sys_counter
[    2.621510] VFS: Disk quotas dquot_6.6.0
[    2.625348] VFS: Dquot-cache hash table entries: 512 (order 0, 4096 bytes)
[    2.636070] NET: Registered protocol family 2
[    2.636793] tcp_listen_portaddr_hash hash table entries: 2048 (order: 3, 32768 bytes, linear)
[    2.644988] TCP established hash table entries: 32768 (order: 6, 262144 bytes, linear)
[    2.653013] TCP bind hash table entries: 32768 (order: 7, 524288 bytes, linear)
[    2.660459] TCP: Hash tables configured (established 32768 bind 32768)
[    2.666632] UDP hash table entries: 2048 (order: 4, 65536 bytes, linear)
[    2.673299] UDP-Lite hash table entries: 2048 (order: 4, 65536 bytes, linear)
[    2.680458] NET: Registered protocol family 1
[    2.684933] RPC: Registered named UNIX socket transport module.
[    2.690534] RPC: Registered udp transport module.
[    2.695200] RPC: Registered tcp transport module.
[    2.699868] RPC: Registered tcp NFSv4.1 backchannel transport module.
[    2.706856] PCI: CLS 0 bytes, default 64
[    2.710560] hw perfevents: no interrupt-affinity property for /pmu, guessing.
[    2.717423] hw perfevents: enabled with armv8_pmuv3 PMU driver, 7 counters available
[    2.725764] Initialise system trusted keyrings
[    2.729446] workingset: timestamp_bits=62 max_order=20 bucket_order=0
[    2.736351] NFS: Registering the id_resolver key type
[    2.740799] Key type id_resolver registered
[    2.744937] Key type id_legacy registered
[    2.748928] nfs4filelayout_init: NFSv4 File Layout Driver Registering...
[    2.755593] jffs2: version 2.2. (NAND) (SUMMARY)  Â© 2001-2006 Red Hat, Inc.
[    2.798495] NET: Registered protocol family 38
[    2.798537] xor: measuring software checksum speed
[    2.806228]    8regs           :  2363 MB/sec
[    2.809896]    32regs          :  2799 MB/sec
[    2.814839]    arm64_neon      :  2380 MB/sec
[    2.815029] xor: using function: 32regs (2799 MB/sec)
[    2.820055] Key type asymmetric registered
[    2.824116] Asymmetric key parser 'x509' registered
[    2.828977] Block layer SCSI generic (bsg) driver version 0.4 loaded (major 248)
[    2.836314] io scheduler mq-deadline registered
[    2.840810] io scheduler kyber registered
[    2.870232] Serial: 8250/16550 driver, 4 ports, IRQ sharing disabled
[    2.874878] cacheinfo: Unable to detect cache hierarchy for CPU 0
[    2.881227] brd: module loaded
[    2.885377] loop: module loaded
[    2.885919] Registered mathworks_ip class
[    2.889257] libphy: Fixed MDIO Bus: probed
[    2.892218] tun: Universal TUN/TAP device driver, 1.6
[    2.896285] CAN device driver interface
[    2.900822] usbcore: registered new interface driver asix
[    2.905412] usbcore: registered new interface driver ax88179_178a
[    2.911449] usbcore: registered new interface driver cdc_ether
[    2.917245] usbcore: registered new interface driver net1080
[    2.922868] usbcore: registered new interface driver cdc_subset
[    2.928750] usbcore: registered new interface driver zaurus
[    2.934293] usbcore: registered new interface driver cdc_ncm
[    2.940699] ehci_hcd: USB 2.0 'Enhanced' Host Controller (EHCI) Driver
[    2.946379] ehci-pci: EHCI PCI platform driver
[    2.951176] usbcore: registered new interface driver uas
[    2.956097] usbcore: registered new interface driver usb-storage
[    2.962082] usbcore: registered new interface driver usbserial_generic
[    2.968535] usbserial: USB Serial support registered for generic
[    2.974505] usbcore: registered new interface driver ftdi_sio
[    2.980207] usbserial: USB Serial support registered for FTDI USB Serial Device
[    2.987482] usbcore: registered new interface driver upd78f0730
[    2.993357] usbserial: USB Serial support registered for upd78f0730
[    3.001028] rtc_zynqmp ffa60000.rtc: registered as rtc0
[    3.004788] rtc_zynqmp ffa60000.rtc: setting system clock to 2022-04-12T21:23:49 UTC (1649798629)
[    3.013646] i2c /dev entries driver
[    3.018961] usbcore: registered new interface driver uvcvideo
[    3.022758] USB Video Class driver (1.1.1)
[    3.028351] Bluetooth: HCI UART driver ver 2.3
[    3.031229] Bluetooth: HCI UART protocol H4 registered
[    3.036343] Bluetooth: HCI UART protocol BCSP registered
[    3.041629] Bluetooth: HCI UART protocol LL registered
[    3.046717] Bluetooth: HCI UART protocol ATH3K registered
[    3.052099] Bluetooth: HCI UART protocol Three-wire (H5) registered
[    3.058349] Bluetooth: HCI UART protocol Intel registered
[    3.063685] Bluetooth: HCI UART protocol QCA registered
[    3.068888] usbcore: registered new interface driver bcm203x
[    3.074505] usbcore: registered new interface driver bpa10x
[    3.080045] usbcore: registered new interface driver bfusb
[    3.085493] usbcore: registered new interface driver btusb
[    3.090953] usbcore: registered new interface driver ath3k
[    3.096438] EDAC MC: ECC not enabled
[    3.100084] EDAC DEVICE0: Giving out device to module zynqmp-ocm-edac controller zynqmp_ocm: DEV ff960000.memory-controller (INTERRUPT)
[    3.112392] sdhci: Secure Digital Host Controller Interface driver
[    3.118170] sdhci: Copyright(c) Pierre Ossman
[    3.122491] sdhci-pltfm: SDHCI platform and OF driver helper
[    3.128551] ledtrig-cpu: registered to indicate activity on CPUs
[    3.134095] SMCCC: SOC_ID: ARCH_SOC_ID not implemented, skipping ....
[    3.140523] zynqmp_firmware_probe Platform Management API v1.1
[    3.146281] zynqmp_firmware_probe Trustzone version v1.0
[    3.185841] zynqmp-pinctrl firmware:zynqmp-firmware:pinctrl: zynqmp pinctrl initialized
[    3.233673] zynqmp-aes firmware:zynqmp-firmware:zynqmp-aes: will run requests pump with realtime priority
[    3.249455] alg: No test for xilinx-keccak-384 (zynqmp-keccak-384)
[    3.250152] alg: No test for xilinx-zynqmp-rsa (zynqmp-rsa)
[    3.255676] usbcore: registered new interface driver usbhid
[    3.261068] usbhid: USB HID core driver
[    3.272287] axi_sysid 85000000.axi-sysid-0: AXI System ID core version (1.01.a) found
[    3.274637] axi_sysid 85000000.axi-sysid-0: [ad9081_fmca_ebz] on [zcu102] git branch <master> git <084d44c9780640ca93fd847b1d9ec70dd65f5c67> clean [2022-03-18 04:17:50] UTC
[    3.290324] fpga_manager fpga0: Xilinx ZynqMP FPGA Manager registered
[    3.296689] usbcore: registered new interface driver snd-usb-audio
[    3.304129] pktgen: Packet Generator for packet performance testing. Version: 2.75
[    3.310300] Initializing XFRM netlink socket
[    3.314171] NET: Registered protocol family 10
[    3.318880] Segment Routing with IPv6
[    3.322267] sit: IPv6, IPv4 and MPLS over IPv4 tunneling driver
[    3.328341] NET: Registered protocol family 17
[    3.332439] NET: Registered protocol family 15
[    3.336931] can: controller area network core
[    3.341191] NET: Registered protocol family 29
[    3.345576] can: raw protocol
[    3.348517] can: broadcast manager protocol
[    3.352671] can: netlink gateway - max_hops=1
[    3.357078] Bluetooth: RFCOMM TTY layer initialized
[    3.361844] Bluetooth: RFCOMM socket layer initialized
[    3.366952] Bluetooth: RFCOMM ver 1.11
[    3.370663] Bluetooth: BNEP (Ethernet Emulation) ver 1.3
[    3.375938] Bluetooth: BNEP filters: protocol multicast
[    3.381128] Bluetooth: BNEP socket layer initialized
[    3.386055] Bluetooth: HIDP (Human Interface Emulation) ver 1.2
[    3.391939] Bluetooth: HIDP socket layer initialized
[    3.396993] 9pnet: Installing 9P2000 support
[    3.401116] NET: Registered protocol family 36
[    3.405532] Key type dns_resolver registered
[    3.409969] registered taskstats version 1
[    3.413830] Loading compiled-in X.509 certificates
[    3.418939] Btrfs loaded, crc32c=crc32c-generic
[    3.431337] ff000000.serial: ttyPS0 at MMIO 0xff000000 (irq = 49, base_baud = 6249999) is a xuartps
[    3.440355] printk: console [ttyPS0] enabled
[    3.444650] printk: bootconsole [cdns0] disabled
[    3.454267] ff010000.serial: ttyPS1 at MMIO 0xff010000 (irq = 50, base_baud = 6249999) is a xuartps
[    3.467507] of-fpga-region fpga-full: FPGA Region probed
[    3.474447] nwl-pcie fd0e0000.pcie: host bridge /axi/pcie@fd0e0000 ranges:
[    3.481345] nwl-pcie fd0e0000.pcie:      MEM 0x00e0000000..0x00efffffff -> 0x00e0000000
[    3.489346] nwl-pcie fd0e0000.pcie:      MEM 0x0600000000..0x07ffffffff -> 0x0600000000
[    3.497417] nwl-pcie fd0e0000.pcie: Link is DOWN
[    3.502181] nwl-pcie fd0e0000.pcie: PCI host bridge to bus 0000:00
[    3.508362] pci_bus 0000:00: root bus resource [bus 00-ff]
[    3.513843] pci_bus 0000:00: root bus resource [mem 0xe0000000-0xefffffff]
[    3.520713] pci_bus 0000:00: root bus resource [mem 0x600000000-0x7ffffffff pref]
[    3.528216] pci 0000:00:00.0: [10ee:d021] type 01 class 0x060400
[    3.534272] pci 0000:00:00.0: PME# supported from D0 D1 D2 D3hot
[    3.544713] pci 0000:00:00.0: PCI bridge to [bus 01-0c]
[    3.550688] xilinx-zynqmp-dma fd500000.dma: ZynqMP DMA driver Probe success
[    3.557861] xilinx-zynqmp-dma fd510000.dma: ZynqMP DMA driver Probe success
[    3.565033] xilinx-zynqmp-dma fd520000.dma: ZynqMP DMA driver Probe success
[    3.572208] xilinx-zynqmp-dma fd530000.dma: ZynqMP DMA driver Probe success
[    3.579380] xilinx-zynqmp-dma fd540000.dma: ZynqMP DMA driver Probe success
[    3.586550] xilinx-zynqmp-dma fd550000.dma: ZynqMP DMA driver Probe success
[    3.593719] xilinx-zynqmp-dma fd560000.dma: ZynqMP DMA driver Probe success
[    3.600892] xilinx-zynqmp-dma fd570000.dma: ZynqMP DMA driver Probe success
[    3.608287] xilinx-zynqmp-dpdma fd4c0000.dma-controller: Xilinx DPDMA engine is probed
[    3.616831] ahci-ceva fd0c0000.ahci: supply ahci not found, using dummy regulator
[    3.624376] ahci-ceva fd0c0000.ahci: supply phy not found, using dummy regulator
[    3.711888] hmc7044 spi2.0: PLL1: Acquisition, CLKIN0 @ 122880000 Hz, PFD: 80 kHz - PLL2: Locked @ 2784.000000 MHz
[    3.722603] jesd204: /axi/spi@ff050000/hmc7044@0,jesd204:1,parent=spi2.0: Using as SYSREF provider
[    3.732185] spi-nor spi0.0: SPI-NOR-UniqueID 100000235394732200270025081115266e
[    3.739492] spi-nor spi0.0: found n25q512a, expected m25p80
[    3.745704] spi-nor spi0.0: trying to lock already unlocked area
[    3.751712] spi-nor spi0.0: n25q512a (131072 Kbytes)
[    3.756697] 4 fixed-partitions partitions found on MTD device spi0.0
[    3.763043] Creating 4 MTD partitions on "spi0.0":
[    3.767830] 0x000000000000-0x000000100000 : "qspi-fsbl-uboot"
[    3.774319] 0x000000100000-0x000000600000 : "qspi-linux"
[    3.780308] 0x000000600000-0x000000620000 : "qspi-device-tree"
[    3.786784] 0x000000620000-0x000000c00000 : "qspi-rootfs"
[    3.795259] macb ff0e0000.ethernet: Not enabling partial store and forward
[    3.802773] libphy: MACB_mii_bus: probed
[    3.807819] macb ff0e0000.ethernet eth0: Cadence GEM rev 0x50070106 at 0xff0e0000 irq 30 (00:0a:35:04:8e:1b)
[    3.818018] xilinx-axipmon ffa00000.perf-monitor: Probed Xilinx APM
[    3.824592] xilinx-axipmon fd0b0000.perf-monitor: Probed Xilinx APM
[    3.831107] xilinx-axipmon fd490000.perf-monitor: Probed Xilinx APM
[    3.837632] xilinx-axipmon ffa10000.perf-monitor: Probed Xilinx APM
[    3.847638] pca953x 0-0020: supply vcc not found, using dummy regulator
[    3.854321] pca953x 0-0020: using no AI
[    3.858799] gpio-496 (sel0): hogged as output/low
[    3.863711] gpio-497 (sel1): hogged as output/high
[    3.868699] gpio-498 (sel2): hogged as output/high
[    3.873680] gpio-499 (sel3): hogged as output/high
[    3.878849] pca953x 0-0021: supply vcc not found, using dummy regulator
[    3.885521] pca953x 0-0021: using no AI
[    3.891279] ina2xx 2-0040: power monitor ina226 (Rshunt = 5000 uOhm)
[    3.898312] ina2xx 2-0041: power monitor ina226 (Rshunt = 5000 uOhm)
[    3.905343] ina2xx 2-0042: power monitor ina226 (Rshunt = 5000 uOhm)
[    3.912370] ina2xx 2-0043: power monitor ina226 (Rshunt = 5000 uOhm)
[    3.919400] ina2xx 2-0044: power monitor ina226 (Rshunt = 5000 uOhm)
[    3.926430] ina2xx 2-0045: power monitor ina226 (Rshunt = 5000 uOhm)
[    3.933459] ina2xx 2-0046: power monitor ina226 (Rshunt = 5000 uOhm)
[    3.940533] ina2xx 2-0047: power monitor ina226 (Rshunt = 5000 uOhm)
[    3.947555] ina2xx 2-004a: power monitor ina226 (Rshunt = 5000 uOhm)
[    3.954582] ina2xx 2-004b: power monitor ina226 (Rshunt = 5000 uOhm)
[    3.960988] i2c i2c-0: Added multiplexed i2c bus 2
[    3.966384] random: fast init done
[    3.969858] ina2xx 3-0040: power monitor ina226 (Rshunt = 2000 uOhm)
[    3.976887] ina2xx 3-0041: power monitor ina226 (Rshunt = 5000 uOhm)
[    3.983920] ina2xx 3-0042: power monitor ina226 (Rshunt = 5000 uOhm)
[    3.990948] ina2xx 3-0043: power monitor ina226 (Rshunt = 5000 uOhm)
[    3.997971] ina2xx 3-0044: power monitor ina226 (Rshunt = 5000 uOhm)
[    4.005006] ina2xx 3-0045: power monitor ina226 (Rshunt = 5000 uOhm)
[    4.012035] ina2xx 3-0046: power monitor ina226 (Rshunt = 5000 uOhm)
[    4.019065] ina2xx 3-0047: power monitor ina226 (Rshunt = 5000 uOhm)
[    4.025468] i2c i2c-0: Added multiplexed i2c bus 3
[    4.081089] i2c i2c-0: Added multiplexed i2c bus 4
[    4.086033] i2c i2c-0: Added multiplexed i2c bus 5
[    4.090824] pca954x 0-0075: registered 4 multiplexed busses for I2C mux pca9544
[    4.098174] cdns-i2c ff020000.i2c: 400 kHz mmio ff020000 irq 32
[    4.105917] at24 6-0054: supply vcc not found, using dummy regulator
[    4.112816] at24 6-0054: 1024 byte 24c08 EEPROM, writable, 1 bytes/write
[    4.119571] i2c i2c-1: Added multiplexed i2c bus 6
[    4.126001] si5341 7-0036: Chip: 5341 Grade: 1 Rev: 1
[    4.163695] i2c i2c-1: Added multiplexed i2c bus 7
[    4.171350] si570 8-005d: registered, current frequency 300000000 Hz
[    4.177752] i2c i2c-1: Added multiplexed i2c bus 8
[    4.197539] si570 9-005d: registered, current frequency 148500000 Hz
[    4.203938] i2c i2c-1: Added multiplexed i2c bus 9
[    4.208977] si5324 10-0069: si5328 probed
[    4.276066] si5324 10-0069: si5328 probe successful
[    4.280993] i2c i2c-1: Added multiplexed i2c bus 10
[    4.286021] i2c i2c-1: Added multiplexed i2c bus 11
[    4.291044] i2c i2c-1: Added multiplexed i2c bus 12
[    4.296066] i2c i2c-1: Added multiplexed i2c bus 13
[    4.300940] pca954x 1-0074: registered 8 multiplexed busses for I2C switch pca9548
[    4.309054] at24 14-0050: supply vcc not found, using dummy regulator
[    4.315850] at24 14-0050: 256 byte 24c02 EEPROM, writable, 1 bytes/write
[    4.322601] i2c i2c-1: Added multiplexed i2c bus 14
[    4.327638] i2c i2c-1: Added multiplexed i2c bus 15
[    4.332679] i2c i2c-1: Added multiplexed i2c bus 16
[    4.337724] i2c i2c-1: Added multiplexed i2c bus 17
[    4.342765] i2c i2c-1: Added multiplexed i2c bus 18
[    4.347809] i2c i2c-1: Added multiplexed i2c bus 19
[    4.352841] i2c i2c-1: Added multiplexed i2c bus 20
[    4.357876] i2c i2c-1: Added multiplexed i2c bus 21
[    4.362750] pca954x 1-0075: registered 8 multiplexed busses for I2C switch pca9548
[    4.370360] cdns-i2c ff030000.i2c: 400 kHz mmio ff030000 irq 33
[    4.380112] cdns-wdt fd4d0000.watchdog: Xilinx Watchdog Timer with timeout 60s
[    4.391397] axi_adxcvr 84a60000.axi-adxcvr-rx: adxcvr_enforce_settings: Using QPLL without access, assuming desired Lane rate will be configured by a different instance
[    4.408054] axi_adxcvr 84a60000.axi-adxcvr-rx: AXI-ADXCVR-RX (17.05.a) using QPLL on GTH4 at 0x84A60000. Number of lanes: 4.
[    4.420190] axi_adxcvr 84b60000.axi-adxcvr-tx: AXI-ADXCVR-TX (17.05.a) using QPLL on GTH4 at 0x84B60000. Number of lanes: 4.
[    4.427145] mmc0: SDHCI controller on ff170000.mmc [ff170000.mmc] using ADMA 64-bit
[    4.439149] axi-jesd204-rx 84a90000.axi-jesd204-rx: AXI-JESD204-RX (1.07.a) at 0x84A90000. Encoder 8b10b, width 4/4, lanes 4, jesd204-fsm.
[    4.452002] axi-jesd204-tx 84b90000.axi-jesd204-tx: AXI-JESD204-TX (1.06.a) at 0x84B90000. Encoder 8b10b, width 4/4, lanes 4, jesd204-fsm.
[    4.465510] zynqmp-display fd4a0000.display: vtc bridge property not present
[    4.474517] mmc0: new high speed SDHC card at address 0001
[    4.475565] xilinx-dp-snd-codec fd4a0000.display:zynqmp_dp_snd_codec0: Failed to get required clock freq
[    4.480364] mmcblk0: mmc0:0001 EB1QT 29.8 GiB 
[    4.489496] xilinx-dp-snd-codec: probe of fd4a0000.display:zynqmp_dp_snd_codec0 failed with error -22
[    4.495156]  mmcblk0: p1 p2 p3
[    4.503479] xilinx-dp-snd-pcm zynqmp_dp_snd_pcm0: Xilinx DisplayPort Sound PCM probed
[    4.514344] xilinx-dp-snd-pcm zynqmp_dp_snd_pcm1: Xilinx DisplayPort Sound PCM probed
[    4.522555] OF: graph: no port node found in /axi/display@fd4a0000
[    4.528968] xlnx-drm xlnx-drm.0: bound fd4a0000.display (ops 0xffffffc010fcbdb8)
[    5.615727] zynqmp-display fd4a0000.display: [drm] Cannot find any crtc or sizes
[    5.623354] [drm] Initialized xlnx 1.0.0 20130509 for fd4a0000.display on minor 0
[    5.630848] zynqmp-display fd4a0000.display: ZynqMP DisplayPort Subsystem driver probed
[    5.639159] ahci-ceva fd0c0000.ahci: supply ahci not found, using dummy regulator
[    5.646707] ahci-ceva fd0c0000.ahci: supply phy not found, using dummy regulator
[    5.654158] ahci-ceva fd0c0000.ahci: supply target not found, using dummy regulator
[    5.661987] ahci-ceva fd0c0000.ahci: AHCI 0001.0301 32 slots 2 ports 6 Gbps 0x3 impl platform mode
[    5.670941] ahci-ceva fd0c0000.ahci: flags: 64bit ncq sntf pm clo only pmp fbs pio slum part ccc sds apst 
[    5.681644] scsi host0: ahci-ceva
[    5.685231] scsi host1: ahci-ceva
[    5.688655] ata1: SATA max UDMA/133 mmio [mem 0xfd0c0000-0xfd0c1fff] port 0x100 irq 45
[    5.696568] ata2: SATA max UDMA/133 mmio [mem 0xfd0c0000-0xfd0c1fff] port 0x180 irq 45
[    5.705172] ad9081 spi1.0: supply vdd not found, using dummy regulator
[    6.017963] ata1: SATA link down (SStatus 0 SControl 330)
[    6.023378] ata2: SATA link down (SStatus 0 SControl 330)
[    6.699730] zynqmp-display fd4a0000.display: [drm] Cannot find any crtc or sizes
[    7.491796] ad9081 spi1.0: AD9081 Rev. 2 Grade 10 (API 1.2.2) probed
[    7.498984] xhci-hcd xhci-hcd.1.auto: xHCI Host Controller
[    7.504476] xhci-hcd xhci-hcd.1.auto: new USB bus registered, assigned bus number 1
[    7.512224] xhci-hcd xhci-hcd.1.auto: hcc params 0x0238f625 hci version 0x100 quirks 0x0000000002010810
[    7.521637] xhci-hcd xhci-hcd.1.auto: irq 59, io mem 0xfe200000
[    7.527751] usb usb1: New USB device found, idVendor=1d6b, idProduct=0002, bcdDevice= 5.10
[    7.536007] usb usb1: New USB device strings: Mfr=3, Product=2, SerialNumber=1
[    7.543219] usb usb1: Product: xHCI Host Controller
[    7.548088] usb usb1: Manufacturer: Linux 5.10.0-98103-g2aa7ac113716 xhci-hcd
[    7.555214] usb usb1: SerialNumber: xhci-hcd.1.auto
[    7.560375] hub 1-0:1.0: USB hub found
[    7.564140] hub 1-0:1.0: 1 port detected
[    7.568240] xhci-hcd xhci-hcd.1.auto: xHCI Host Controller
[    7.573727] xhci-hcd xhci-hcd.1.auto: new USB bus registered, assigned bus number 2
[    7.581381] xhci-hcd xhci-hcd.1.auto: Host supports USB 3.0 SuperSpeed
[    7.588006] usb usb2: New USB device found, idVendor=1d6b, idProduct=0003, bcdDevice= 5.10
[    7.596266] usb usb2: New USB device strings: Mfr=3, Product=2, SerialNumber=1
[    7.603484] usb usb2: Product: xHCI Host Controller
[    7.608355] usb usb2: Manufacturer: Linux 5.10.0-98103-g2aa7ac113716 xhci-hcd
[    7.615483] usb usb2: SerialNumber: xhci-hcd.1.auto
[    7.620599] hub 2-0:1.0: USB hub found
[    7.624359] hub 2-0:1.0: 1 port detected
[    7.654394] cf_axi_adc 84a10000.axi-ad9081-rx-hpc: ADI AIM (10.01.b) at 0x84A10000 mapped to 0x(____ptrval____), probed ADC AD9081 as MASTER
[    7.684553] cf_axi_dds 84b10000.axi-ad9081-tx-hpc: Analog Devices CF_AXI_DDS_DDS MASTER (9.01.b) at 0x84B10000 mapped to 0x(____ptrval____), probed DDS AD9081
[    7.698753] jesd204: /axi/spi@ff040000/ad9081@0,jesd204:0,parent=spi1.0: JESD204[2] transition initialized -> probed
[    7.709275] jesd204: /axi/spi@ff040000/ad9081@0,jesd204:0,parent=spi1.0: JESD204[0] transition initialized -> probed
[    7.719799] jesd204: /axi/spi@ff040000/ad9081@0,jesd204:0,parent=spi1.0: JESD204[2] transition probed -> idle
[    7.729706] jesd204: /axi/spi@ff040000/ad9081@0,jesd204:0,parent=spi1.0: JESD204[0] transition probed -> idle
[    7.739623] jesd204: /axi/spi@ff040000/ad9081@0,jesd204:0,parent=spi1.0: JESD204[2] transition idle -> device_init
[    7.749965] jesd204: /axi/spi@ff040000/ad9081@0,jesd204:0,parent=spi1.0: JESD204[0] transition idle -> device_init
[    7.760316] jesd204: /axi/spi@ff040000/ad9081@0,jesd204:0,parent=spi1.0: JESD204[2] transition device_init -> link_init
[    7.771091] jesd204: /axi/spi@ff040000/ad9081@0,jesd204:0,parent=spi1.0: JESD204[0] transition device_init -> link_init
[    7.781881] jesd204: /axi/spi@ff040000/ad9081@0,jesd204:0,parent=spi1.0: JESD204[2] transition link_init -> link_supported
[    7.792922] jesd204: /axi/spi@ff040000/ad9081@0,jesd204:0,parent=spi1.0: JESD204[0] transition link_init -> link_supported
[    7.804341] hmc7044 spi2.0: hmc7044_jesd204_link_pre_setup: Link2 forcing continuous SYSREF mode
[    7.813456] jesd204: /axi/spi@ff040000/ad9081@0,jesd204:0,parent=spi1.0: JESD204[2] transition link_supported -> link_pre_setup
[    7.824935] jesd204: /axi/spi@ff040000/ad9081@0,jesd204:0,parent=spi1.0: JESD204[0] transition link_supported -> link_pre_setup
[    7.848771] jesd204: /axi/spi@ff040000/ad9081@0,jesd204:0,parent=spi1.0: JESD204[2] transition link_pre_setup -> clk_sync_stage1
[    7.860332] jesd204: /axi/spi@ff040000/ad9081@0,jesd204:0,parent=spi1.0: JESD204[0] transition link_pre_setup -> clk_sync_stage1
[    7.871897] jesd204: /axi/spi@ff040000/ad9081@0,jesd204:0,parent=spi1.0: JESD204[2] transition clk_sync_stage1 -> clk_sync_stage2
[    7.883540] jesd204: /axi/spi@ff040000/ad9081@0,jesd204:0,parent=spi1.0: JESD204[0] transition clk_sync_stage1 -> clk_sync_stage2
[    7.895193] jesd204: /axi/spi@ff040000/ad9081@0,jesd204:0,parent=spi1.0: JESD204[2] transition clk_sync_stage2 -> clk_sync_stage3
[    7.906843] jesd204: /axi/spi@ff040000/ad9081@0,jesd204:0,parent=spi1.0: JESD204[0] transition clk_sync_stage2 -> clk_sync_stage3
[    7.920509] jesd204: /axi/spi@ff040000/ad9081@0,jesd204:0,parent=spi1.0: JESD204[2] transition clk_sync_stage3 -> link_setup
[    7.931727] jesd204: /axi/spi@ff040000/ad9081@0,jesd204:0,parent=spi1.0: JESD204[0] transition clk_sync_stage3 -> link_setup
[    7.947764] jesd204: /axi/spi@ff040000/ad9081@0,jesd204:0,parent=spi1.0: JESD204[2] transition link_setup -> opt_setup_stage1
[    7.959067] jesd204: /axi/spi@ff040000/ad9081@0,jesd204:0,parent=spi1.0: JESD204[0] transition link_setup -> opt_setup_stage1
[    7.975411] jesd204: /axi/spi@ff040000/ad9081@0,jesd204:0,parent=spi1.0: JESD204[2] transition opt_setup_stage1 -> opt_setup_stage2
[    7.987235] jesd204: /axi/spi@ff040000/ad9081@0,jesd204:0,parent=spi1.0: JESD204[0] transition opt_setup_stage1 -> opt_setup_stage2
[    7.999207] jesd204: /axi/spi@ff040000/ad9081@0,jesd204:0,parent=spi1.0: JESD204[2] transition opt_setup_stage2 -> opt_setup_stage3
[    8.011026] jesd204: /axi/spi@ff040000/ad9081@0,jesd204:0,parent=spi1.0: JESD204[0] transition opt_setup_stage2 -> opt_setup_stage3
[    8.022849] jesd204: /axi/spi@ff040000/ad9081@0,jesd204:0,parent=spi1.0: JESD204[2] transition opt_setup_stage3 -> opt_setup_stage4
[    8.034673] jesd204: /axi/spi@ff040000/ad9081@0,jesd204:0,parent=spi1.0: JESD204[0] transition opt_setup_stage3 -> opt_setup_stage4
[    8.046497] jesd204: /axi/spi@ff040000/ad9081@0,jesd204:0,parent=spi1.0: JESD204[2] transition opt_setup_stage4 -> opt_setup_stage5
[    8.058326] jesd204: /axi/spi@ff040000/ad9081@0,jesd204:0,parent=spi1.0: JESD204[0] transition opt_setup_stage4 -> opt_setup_stage5
[    8.076270] jesd204: /axi/spi@ff040000/ad9081@0,jesd204:0,parent=spi1.0: JESD204[2] transition opt_setup_stage5 -> clocks_enable
[    8.087835] jesd204: /axi/spi@ff040000/ad9081@0,jesd204:0,parent=spi1.0: JESD204[0] transition opt_setup_stage5 -> clocks_enable
[    8.099455] jesd204: /axi/spi@ff040000/ad9081@0,jesd204:0,parent=spi1.0: JESD204[2] transition clocks_enable -> link_enable
[    8.110586] jesd204: /axi/spi@ff040000/ad9081@0,jesd204:0,parent=spi1.0: JESD204[0] transition clocks_enable -> link_enable
[    8.143962] ad9081 spi1.0: JESD RX (JTX) Link2 in DATA, SYNC deasserted, PLL locked, PHASE established, MODE valid
[    8.154594] ad9081 spi1.0: JESD TX (JRX) Link0 0xF lanes in DATA
[    8.160599] jesd204: /axi/spi@ff040000/ad9081@0,jesd204:0,parent=spi1.0: JESD204[2] transition link_enable -> link_running
[    8.171637] jesd204: /axi/spi@ff040000/ad9081@0,jesd204:0,parent=spi1.0: JESD204[0] transition link_enable -> link_running
[    8.182687] jesd204: /axi/spi@ff040000/ad9081@0,jesd204:0,parent=spi1.0: JESD204[2] transition link_running -> opt_post_running_stage
[    8.194684] jesd204: /axi/spi@ff040000/ad9081@0,jesd204:0,parent=spi1.0: JESD204[0] transition link_running -> opt_post_running_stage
[    8.215985] input: gpio-keys as /devices/platform/gpio-keys/input/input0
[    8.223002] of_cfs_init
[    8.225461] of_cfs_init: OK
[    8.228409] cfg80211: Loading compiled-in X.509 certificates for regulatory database
[    8.366547] cfg80211: Loaded X.509 cert 'sforshee: 00b28ddf47aef9cea7'
[    8.373078] clk: Not disabling unused clocks
[    8.377608] ALSA device list:
[    8.380569]   No soundcards found.
[    8.384224] platform regulatory.0: Direct firmware load for regulatory.db failed with error -2
[    8.392830] cfg80211: failed to load regulatory.db
[    8.407579] EXT4-fs (mmcblk0p2): mounted filesystem with ordered data mode. Opts: (null)
[    8.411940] random: crng init done
[    8.415709] VFS: Mounted root (ext4 filesystem) on device 179:2.
[    8.432356] devtmpfs: mounted
[    8.436193] Freeing unused kernel memory: 2560K
[    8.440806] Run /sbin/init as init process
[    8.444899]   with arguments:
[    8.444901]     /sbin/init
[    8.444903]   with environment:
[    8.444906]     HOME=/
[    8.444908]     TERM=linux
[    9.023334] systemd[1]: systemd 241 running in system mode. (+PAM +AUDIT +SELINUX +IMA +APPARMOR +SMACK +SYSVINIT +UTMP +LIBCRYPTSETUP +GCRYPT +GNUTLS +ACL +XZ +LZ4 +SECCOMP +BLKID +ELFUTILS +KMOD -IDN2 +IDN -PCRE2 default-hierarchy=hybrid)
[    9.045228] systemd[1]: Detected architecture arm64.
[    9.068442] systemd[1]: Set hostname to <analog>.
[    9.275840] systemd[1]: File /lib/systemd/system/systemd-journald.service:12 configures an IP firewall (IPAddressDeny=any), but the local system does not support BPF/cgroup based firewalling.
[    9.292885] systemd[1]: Proceeding WITHOUT firewalling in effect! (This warning is only shown for the first loaded unit using IP firewalling.)
[    9.458477] systemd[1]: /etc/systemd/system/tof-server.service:1: Assignment outside of section. Ignoring.
[    9.468179] systemd[1]: /etc/systemd/system/tof-server.service:2: Assignment outside of section. Ignoring.
[    9.662120] systemd[1]: Condition check resulted in Arbitrary Executable File Formats File System Automount Point being skipped.
[    9.673917] systemd[1]: Listening on initctl Compatibility Named Pipe.
[    9.696111] systemd[1]: Listening on Journal Socket (/dev/log).
[   10.302153] ------------[ cut here ]------------
[   10.302161] Enabling unprepared \xa0YG\x88\xff\xff\xff\xc0F\x88\xff\xff\xff
[   10.302205] WARNING: CPU: 3 PID: 130 at drivers/clk/clk.c:1012 clk_core_enable+0xa4/0xc0
[   10.302208] Modules linked in:
[   10.302218] CPU: 3 PID: 130 Comm: kworker/3:1H Not tainted 5.10.0-98103-g2aa7ac113716 #5577
[   10.302221] Hardware name: ZynqMP ZCU102 Rev1.0 (DT)
[   10.302230] Workqueue: kblockd blk_mq_run_work_fn
[   10.302238] pstate: 80000085 (Nzcv daIf -PAN -UAO -TCO BTYPE=--)
[   10.302243] pc : clk_core_enable+0xa4/0xc0
[   10.302248] lr : clk_core_enable+0xa4/0xc0
[   10.302251] sp : ffffffc012b0b2d0
[   10.302254] x29: ffffffc012b0b2d0 x28: ffffff8800330c10 
[   10.302261] x27: ffffff8800330d48 x26: 0000005000000101 
[   10.302268] x25: 00000002601d083c x24: 0000000000000001 
[   10.302274] x23: ffffff88010dd900 x22: ffffff8801083220 
[   10.302281] x21: ffffff880146c000 x20: ffffff880146c008 
[   10.302287] x19: ffffff880146c008 x18: 0000000000000030 
[   10.302294] x17: 0000000000000002 x16: 0000b0de5b1cd4fc 
[   10.302301] x15: ffffffffffff86b0 x14: ffffffc011d3b1a0 
[   10.302307] x13: ffffffc011d3b1c8 x12: 00000000000005e2 
[   10.302314] x11: 00000000000001f6 x10: ffffffc011d671c8 
[   10.302320] x9 : 00000000fffff800 x8 : ffffffc011d3b1c8 
[   10.302327] x7 : ffffffc011d671c8 x6 : 0000000000000001 
[   10.302333] x5 : ffffff887f7a89e0 x4 : 0000000000000000 
[   10.302339] x3 : 0000000000000027 x2 : 0000000000000023 
[   10.302346] x1 : 5482ff9a0f42c900 x0 : 0000000000000000 
[   10.302353] Call trace:
[   10.302359]  clk_core_enable+0xa4/0xc0
[   10.302364]  clk_enable+0x2c/0x60
[   10.302370]  zynqmp_runtime_resume+0x24/0x84
[   10.302377]  pm_generic_runtime_resume+0x30/0x50
[   10.302383]  __genpd_runtime_resume+0x30/0xb0
[   10.302389]  genpd_runtime_resume+0x90/0x250
[   10.302395]  __rpm_callback+0x10c/0x1e0
[   10.302401]  rpm_callback+0x5c/0x84
[   10.302405]  rpm_resume+0x4a4/0x74c
[   10.302411]  __pm_runtime_resume+0x78/0xc4
[   10.302415]  spi_mem_access_start.isra.0+0x30/0x80
[   10.302419]  spi_mem_exec_op+0x3b0/0x424
[   10.302424]  spi_nor_read_sr+0x78/0xe0
[   10.302429]  spi_nor_wait_till_ready_with_timeout+0xb4/0x2f0
[   10.302434]  spi_nor_read+0x188/0x380
[   10.302440]  mtd_read_oob_std+0x78/0x84
[   10.302444]  mtd_read_oob+0x7c/0x134
[   10.302449]  mtd_read+0x48/0x7c
[   10.302454]  mtdblock_readsect+0x6c/0x150
[   10.302459]  mtd_queue_rq+0x2cc/0x5a0
[   10.302465]  blk_mq_dispatch_rq_list+0x110/0x790
[   10.302471]  __blk_mq_do_dispatch_sched+0x200/0x274
[   10.302477]  __blk_mq_sched_dispatch_requests+0x1a8/0x1fc
[   10.302483]  blk_mq_sched_dispatch_requests+0x3c/0x7c
[   10.302487]  __blk_mq_run_hw_queue+0x98/0x100
[   10.302492]  blk_mq_run_work_fn+0x24/0x30
[   10.302498]  process_one_work+0x1d4/0x380
[   10.302501]  worker_thread+0x78/0x4e0
[   10.302507]  kthread+0x124/0x130
[   10.302512]  ret_from_fork+0x10/0x3c
[   10.302516] ---[ end trace c381597d74c5ef8f ]---
[   10.302524] zynqmp-qspi ff0f0000.spi: Cannot enable APB clock.
[   10.302573] spi_master spi0: Failed to power device: -108
[   10.302583] blk_update_request: I/O error, dev mtdblock0, sector 8 op 0x0:(READ) flags 0x80700 phys_seg 1 prio class 0
[   10.302652] spi_master spi0: Failed to power device: -22
[   10.302659] blk_update_request: I/O error, dev mtdblock0, sector 8 op 0x0:(READ) flags 0x0 phys_seg 8 prio class 0
[   10.302665] Buffer I/O error on dev mtdblock0, logical block 8, async page read
[   10.302674] spi_master spi0: Failed to power device: -22
[   10.302680] blk_update_request: I/O error, dev mtdblock0, sector 9 op 0x0:(READ) flags 0x0 phys_seg 7 prio class 0
[   10.302684] Buffer I/O error on dev mtdblock0, logical block 9, async page read
[   10.302691] spi_master spi0: Failed to power device: -22
[   10.302696] blk_update_request: I/O error, dev mtdblock0, sector 10 op 0x0:(READ) flags 0x0 phys_seg 6 prio class 0
[   10.302700] Buffer I/O error on dev mtdblock0, logical block 10, async page read
[   10.302707] spi_master spi0: Failed to power device: -22
[   10.302713] blk_update_request: I/O error, dev mtdblock0, sector 11 op 0x0:(READ) flags 0x0 phys_seg 5 prio class 0
[   10.302717] Buffer I/O error on dev mtdblock0, logical block 11, async page read
[   10.302724] spi_master spi0: Failed to power device: -22
[   10.302729] blk_update_request: I/O error, dev mtdblock0, sector 12 op 0x0:(READ) flags 0x0 phys_seg 4 prio class 0
[   10.302733] Buffer I/O error on dev mtdblock0, logical block 12, async page read
[   10.302740] spi_master spi0: Failed to power device: -22
[   10.302746] blk_update_request: I/O error, dev mtdblock0, sector 13 op 0x0:(READ) flags 0x0 phys_seg 3 prio class 0
[   10.302749] Buffer I/O error on dev mtdblock0, logical block 13, async page read
[   10.302756] spi_master spi0: Failed to power device: -22
[   10.302761] blk_update_request: I/O error, dev mtdblock0, sector 14 op 0x0:(READ) flags 0x0 phys_seg 2 prio class 0
[   10.302765] Buffer I/O error on dev mtdblock0, logical block 14, async page read
[   10.302772] spi_master spi0: Failed to power device: -22
[   10.302777] blk_update_request: I/O error, dev mtdblock0, sector 15 op 0x0:(READ) flags 0x0 phys_seg 1 prio class 0
[   10.302781] Buffer I/O error on dev mtdblock0, logical block 15, async page read
[   10.303105] spi_master spi0: Failed to power device: -22
[   10.303113] blk_update_request: I/O error, dev mtdblock1, sector 10112 op 0x0:(READ) flags 0x80700 phys_seg 1 prio class 0
[   10.303157] spi_master spi0: Failed to power device: -22
[   10.303163] Buffer I/O error on dev mtdblock1, logical block 10112, async page read
[   10.303171] spi_master spi0: Failed to power device: -22
[   10.303176] Buffer I/O error on dev mtdblock1, logical block 10113, async page read
[   10.303182] spi_master spi0: Failed to power device: -22
[   10.303190] spi_master spi0: Failed to power device: -22
[   10.303197] spi_master spi0: Failed to power device: -22
[   10.303205] spi_master spi0: Failed to power device: -22
[   10.303216] spi_master spi0: Failed to power device: -22
[   10.303223] spi_master spi0: Failed to power device: -22
[   10.303496] spi_master spi0: Failed to power device: -22
[   10.303542] spi_master spi0: Failed to power device: -22
[   10.303552] spi_master spi0: Failed to power device: -22
[   10.303560] spi_master spi0: Failed to power device: -22
[   10.303567] spi_master spi0: Failed to power device: -22
[   10.303575] spi_master spi0: Failed to power device: -22
[   10.303582] spi_master spi0: Failed to power device: -22
[   10.303589] spi_master spi0: Failed to power device: -22
[   10.303596] spi_master spi0: Failed to power device: -22
[   10.304104] spi_master spi0: Failed to power device: -22
[   10.304155] spi_master spi0: Failed to power device: -22
[   10.304164] spi_master spi0: Failed to power device: -22
[   10.304172] spi_master spi0: Failed to power device: -22
[   10.304180] spi_master spi0: Failed to power device: -22
[   10.304187] spi_master spi0: Failed to power device: -22
[   10.304194] spi_master spi0: Failed to power device: -22
[   10.304201] spi_master spi0: Failed to power device: -22
[   10.304209] spi_master spi0: Failed to power device: -22
[   10.431191] EXT4-fs (mmcblk0p2): re-mounted. Opts: (null)
[   10.568723] systemd-journald[153]: Received request to flush runtime journal from PID 1
[   16.816795] macb ff0e0000.ethernet eth0: PHY [ff0e0000.ethernet-ffffffff:0c] driver [TI DP83867] (irq=POLL)
[   16.816809] macb ff0e0000.ethernet eth0: configuring for phy/rgmii-id link mode
[   17.087749] Adding 102396k swap on /var/swap.  Priority:-2 extents:4 across:9953604k SS
[   19.681554] broken atomic modeset userspace detected, disabling atomic
[   20.897355] macb ff0e0000.ethernet eth0: Link is Up - 1Gbps/Full - flow control off
[   20.897381] IPv6: ADDRCONF(NETDEV_CHANGE): eth0: link becomes ready
[   22.348543] broken atomic modeset userspace detected, disabling atomic
[   25.232434] broken atomic modeset userspace detected, disabling atomic
[   27.852949] broken atomic modeset userspace detected, disabling atomic