[    0.000000] Booting Linux on physical CPU 0x0000000000 [0x410fd034]
[    0.000000] Linux version 5.10.0-98103-g2aa7ac113716 (jenkins@romlxbuild1.adlk.analog.com) (aarch64-xilinx-linux-gcc.real (GCC) 10.2.0, GNU ld (GNU Binutils) 2.35.0.20200730) #5577 SMP Wed Mar 23 07:28:49 GMT 2022
[    0.000000] Machine model: ZynqMP ZCU102 Rev1.0
[    0.000000] earlycon: cdns0 at MMIO 0x00000000ff000000 (options '115200n8')
[    0.000000] printk: bootconsole [cdns0] enabled
[    0.000000] efi: UEFI not found.
[    0.000000] cma: Reserved 256 MiB at 0x0000000070000000
[    0.000000] Zone ranges:
[    0.000000]   DMA      [mem 0x0000000000000000-0x000000003fffffff]
[    0.000000]   DMA32    [mem 0x0000000040000000-0x00000000ffffffff]
[    0.000000]   Normal   [mem 0x0000000100000000-0x000000087fffffff]
[    0.000000] Movable zone start for each node
[    0.000000] Early memory node ranges
[    0.000000]   node   0: [mem 0x0000000000000000-0x000000007fffffff]
[    0.000000]   node   0: [mem 0x0000000800000000-0x000000087fffffff]
[    0.000000] Initmem setup node 0 [mem 0x0000000000000000-0x000000087fffffff]
[    0.000000] On node 0 totalpages: 1048576
[    0.000000]   DMA zone: 3584 pages used for memmap
[    0.000000]   DMA zone: 0 pages reserved
[    0.000000]   DMA zone: 262144 pages, LIFO batch:63
[    0.000000]   DMA32 zone: 3584 pages used for memmap
[    0.000000]   DMA32 zone: 262144 pages, LIFO batch:63
[    0.000000]   Normal zone: 7168 pages used for memmap
[    0.000000]   Normal zone: 524288 pages, LIFO batch:63
[    0.000000] psci: probing for conduit method from DT.
[    0.000000] psci: PSCIv1.1 detected in firmware.
[    0.000000] psci: Using standard PSCI v0.2 function IDs
[    0.000000] psci: MIGRATE_INFO_TYPE not supported.
[    0.000000] psci: SMC Calling Convention v1.2
[    0.000000] percpu: Embedded 22 pages/cpu s49496 r8192 d32424 u90112
[    0.000000] pcpu-alloc: s49496 r8192 d32424 u90112 alloc=22*4096
[    0.000000] pcpu-alloc: [0] 0 [0] 1 [0] 2 [0] 3 
[    0.000000] Detected VIPT I-cache on CPU0
[    0.000000] CPU features: detected: ARM erratum 845719
[    0.000000] Built 1 zonelists, mobility grouping on.  Total pages: 1034240
[    0.000000] Kernel command line: console=ttyPS0,115200 root=/dev/mmcblk0p2 rw earlycon rootfstype=ext4 rootwait clk_ignore_unused cpuidle.off=1 root=/dev/mmcblk0p2 rw rootwait
[    0.000000] Dentry cache hash table entries: 524288 (order: 10, 4194304 bytes, linear)
[    0.000000] Inode-cache hash table entries: 262144 (order: 9, 2097152 bytes, linear)
[    0.000000] mem auto-init: stack:off, heap alloc:off, heap free:off
[    0.000000] software IO TLB: mapped [mem 0x000000003bfff000-0x000000003ffff000] (64MB)
[    0.000000] Memory: 3761904K/4194304K available (15296K kernel code, 1636K rwdata, 11876K rodata, 2560K init, 507K bss, 170256K reserved, 262144K cma-reserved)
[    0.000000] rcu: Hierarchical RCU implementation.
[    0.000000] rcu: 	RCU event tracing is enabled.
[    0.000000] rcu: 	RCU restricting CPUs from NR_CPUS=8 to nr_cpu_ids=4.
[    0.000000] rcu: RCU calculated value of scheduler-enlistment delay is 25 jiffies.
[    0.000000] rcu: Adjusting geometry for rcu_fanout_leaf=16, nr_cpu_ids=4
[    0.000000] NR_IRQS: 64, nr_irqs: 64, preallocated irqs: 0
[    0.000000] GIC: Adjusting CPU interface base to 0x00000000f902f000
[    0.000000] GIC: Using split EOI/Deactivate mode
[    0.000000] random: get_random_bytes called from start_kernel+0x31c/0x54c with crng_init=0
[    0.000000] arch_timer: cp15 timer(s) running at 100.00MHz (phys).
[    0.000000] clocksource: arch_sys_counter: mask: 0xffffffffffffff max_cycles: 0x171024e7e0, max_idle_ns: 440795205315 ns
[    0.000003] sched_clock: 56 bits at 100MHz, resolution 10ns, wraps every 4398046511100ns
[    0.008463] Console: colour dummy device 80x25
[    0.012483] Calibrating delay loop (skipped), value calculated using timer frequency.. 200.00 BogoMIPS (lpj=400000)
[    0.022841] pid_max: default: 32768 minimum: 301
[    0.027550] Mount-cache hash table entries: 8192 (order: 4, 65536 bytes, linear)
[    0.034789] Mountpoint-cache hash table entries: 8192 (order: 4, 65536 bytes, linear)
[    0.043398] rcu: Hierarchical SRCU implementation.
[    0.047561] EFI services will not be available.
[    0.051940] smp: Bringing up secondary CPUs ...
[    0.056659] Detected VIPT I-cache on CPU1
[    0.056697] CPU1: Booted secondary processor 0x0000000001 [0x410fd034]
[    0.057064] Detected VIPT I-cache on CPU2
[    0.057088] CPU2: Booted secondary processor 0x0000000002 [0x410fd034]
[    0.057429] Detected VIPT I-cache on CPU3
[    0.057452] CPU3: Booted secondary processor 0x0000000003 [0x410fd034]
[    0.057498] smp: Brought up 1 node, 4 CPUs
[    0.091780] SMP: Total of 4 processors activated.
[    0.096453] CPU features: detected: 32-bit EL0 Support
[    0.101556] CPU features: detected: CRC32 instructions
[    0.106696] CPU: All CPU(s) started at EL2
[    0.110736] alternatives: patching kernel code
[    0.116168] devtmpfs: initialized
[    0.124061] Registered cp15_barrier emulation handler
[    0.124111] Registered setend emulation handler
[    0.128090] clocksource: jiffies: mask: 0xffffffff max_cycles: 0xffffffff, max_idle_ns: 7645041785100000 ns
[    0.137670] futex hash table entries: 1024 (order: 4, 65536 bytes, linear)
[    0.151034] pinctrl core: initialized pinctrl subsystem
[    0.151681] NET: Registered protocol family 16
[    0.156102] DMA: preallocated 512 KiB GFP_KERNEL pool for atomic allocations
[    0.162115] DMA: preallocated 512 KiB GFP_KERNEL|GFP_DMA pool for atomic allocations
[    0.169844] DMA: preallocated 512 KiB GFP_KERNEL|GFP_DMA32 pool for atomic allocations
[    0.177646] audit: initializing netlink subsys (disabled)
[    0.183096] audit: type=2000 audit(0.116:1): state=initialized audit_enabled=0 res=1
[    0.183441] hw-breakpoint: found 6 breakpoint and 4 watchpoint registers.
[    0.197471] ASID allocator initialised with 65536 entries
[    0.224325] HugeTLB registered 1.00 GiB page size, pre-allocated 0 pages
[    0.225377] HugeTLB registered 32.0 MiB page size, pre-allocated 0 pages
[    0.232049] HugeTLB registered 2.00 MiB page size, pre-allocated 0 pages
[    0.238708] HugeTLB registered 64.0 KiB page size, pre-allocated 0 pages
[    1.304300] DRBG: Continuing without Jitter RNG
[    1.382102] raid6: neonx8   gen()  2141 MB/s
[    1.450156] raid6: neonx8   xor()  1597 MB/s
[    1.518213] raid6: neonx4   gen()  2192 MB/s
[    1.586262] raid6: neonx4   xor()  1565 MB/s
[    1.654330] raid6: neonx2   gen()  2076 MB/s
[    1.722379] raid6: neonx2   xor()  1439 MB/s
[    1.790452] raid6: neonx1   gen()  1772 MB/s
[    1.858500] raid6: neonx1   xor()  1220 MB/s
[    1.926557] raid6: int64x8  gen()  1438 MB/s
[    1.994606] raid6: int64x8  xor()   771 MB/s
[    2.062681] raid6: int64x4  gen()  1598 MB/s
[    2.130728] raid6: int64x4  xor()   817 MB/s
[    2.198800] raid6: int64x2  gen()  1397 MB/s
[    2.266842] raid6: int64x2  xor()   750 MB/s
[    2.334927] raid6: int64x1  gen()  1033 MB/s
[    2.402981] raid6: int64x1  xor()   517 MB/s
[    2.403019] raid6: using algorithm neonx4 gen() 2192 MB/s
[    2.406978] raid6: .... xor() 1565 MB/s, rmw enabled
[    2.411909] raid6: using neon recovery algorithm
[    2.416920] iommu: Default domain type: Translated 
[    2.421534] SCSI subsystem initialized
[    2.425078] libata version 3.00 loaded.
[    2.425203] usbcore: registered new interface driver usbfs
[    2.430535] usbcore: registered new interface driver hub
[    2.435808] usbcore: registered new device driver usb
[    2.440944] mc: Linux media interface: v0.10
[    2.445056] videodev: Linux video capture interface: v2.00
[    2.450547] EDAC MC: Ver: 3.0.0
[    2.453991] zynqmp-ipi-mbox mailbox@ff990400: Registered ZynqMP IPI mbox with TX/RX channels.
[    2.462493] jesd204: created con: id=0, topo=0, link=0, /axi/spi@ff050000/hmc7044@0 <-> /fpga-axi@0/axi-adxcvr-tx@84b60000
[    2.473077] jesd204: created con: id=1, topo=0, link=2, /axi/spi@ff050000/hmc7044@0 <-> /fpga-axi@0/axi-adxcvr-rx@84a60000
[    2.484062] jesd204: created con: id=2, topo=0, link=0, /fpga-axi@0/axi-adxcvr-tx@84b60000 <-> /fpga-axi@0/axi-jesd204-tx@84b90000
[    2.495737] jesd204: created con: id=3, topo=0, link=2, /fpga-axi@0/axi-adxcvr-rx@84a60000 <-> /fpga-axi@0/axi-jesd204-rx@84a90000
[    2.507414] jesd204: created con: id=4, topo=0, link=0, /fpga-axi@0/axi-jesd204-tx@84b90000 <-> /fpga-axi@0/axi-ad9081-tx-hpc@84b10000
[    2.519442] jesd204: created con: id=5, topo=0, link=2, /fpga-axi@0/axi-jesd204-rx@84a90000 <-> /fpga-axi@0/axi-ad9081-rx-hpc@84a10000
[    2.531464] jesd204: created con: id=6, topo=0, link=2, /fpga-axi@0/axi-ad9081-rx-hpc@84a10000 <-> /axi/spi@ff040000/ad9081@0
[    2.542706] jesd204: created con: id=7, topo=0, link=0, /fpga-axi@0/axi-ad9081-tx-hpc@84b10000 <-> /axi/spi@ff040000/ad9081@0
[    2.553956] jesd204: /axi/spi@ff040000/ad9081@0: JESD204[2] transition uninitialized -> initialized
[    2.562942] jesd204: /axi/spi@ff040000/ad9081@0: JESD204[0] transition uninitialized -> initialized
[    2.571934] jesd204: found 8 devices and 1 topologies
[    2.576979] FPGA manager framework
[    2.580457] Advanced Linux Sound Architecture Driver Initialized.
[    2.586754] Bluetooth: Core ver 2.22
[    2.589937] NET: Registered protocol family 31
[    2.594338] Bluetooth: HCI device and connection manager initialized
[    2.600655] Bluetooth: HCI socket layer initialized
[    2.605497] Bluetooth: L2CAP socket layer initialized
[    2.610521] Bluetooth: SCO socket layer initialized
[    2.615706] clocksource: Switched to clocksource arch_sys_counter
[    2.621515] VFS: Disk quotas dquot_6.6.0
[    2.625348] VFS: Dquot-cache hash table entries: 512 (order 0, 4096 bytes)
[    2.636068] NET: Registered protocol family 2
[    2.636793] tcp_listen_portaddr_hash hash table entries: 2048 (order: 3, 32768 bytes, linear)
[    2.644989] TCP established hash table entries: 32768 (order: 6, 262144 bytes, linear)
[    2.653013] TCP bind hash table entries: 32768 (order: 7, 524288 bytes, linear)
[    2.660459] TCP: Hash tables configured (established 32768 bind 32768)
[    2.666633] UDP hash table entries: 2048 (order: 4, 65536 bytes, linear)
[    2.673299] UDP-Lite hash table entries: 2048 (order: 4, 65536 bytes, linear)
[    2.680460] NET: Registered protocol family 1
[    2.684915] RPC: Registered named UNIX socket transport module.
[    2.690536] RPC: Registered udp transport module.
[    2.695201] RPC: Registered tcp transport module.
[    2.699870] RPC: Registered tcp NFSv4.1 backchannel transport module.
[    2.706861] PCI: CLS 0 bytes, default 64
[    2.710566] hw perfevents: no interrupt-affinity property for /pmu, guessing.
[    2.717421] hw perfevents: enabled with armv8_pmuv3 PMU driver, 7 counters available
[    2.725775] Initialise system trusted keyrings
[    2.729449] workingset: timestamp_bits=62 max_order=20 bucket_order=0
[    2.736351] NFS: Registering the id_resolver key type
[    2.740799] Key type id_resolver registered
[    2.744938] Key type id_legacy registered
[    2.748927] nfs4filelayout_init: NFSv4 File Layout Driver Registering...
[    2.755593] jffs2: version 2.2. (NAND) (SUMMARY)  Â© 2001-2006 Red Hat, Inc.
[    2.798650] NET: Registered protocol family 38
[    2.798692] xor: measuring software checksum speed
[    2.806384]    8regs           :  2363 MB/sec
[    2.810052]    32regs          :  2799 MB/sec
[    2.814995]    arm64_neon      :  2380 MB/sec
[    2.815185] xor: using function: 32regs (2799 MB/sec)
[    2.820211] Key type asymmetric registered
[    2.824272] Asymmetric key parser 'x509' registered
[    2.829133] Block layer SCSI generic (bsg) driver version 0.4 loaded (major 248)
[    2.836470] io scheduler mq-deadline registered
[    2.840966] io scheduler kyber registered
[    2.870379] Serial: 8250/16550 driver, 4 ports, IRQ sharing disabled
[    2.875026] cacheinfo: Unable to detect cache hierarchy for CPU 0
[    2.881369] brd: module loaded
[    2.885511] loop: module loaded
[    2.886056] Registered mathworks_ip class
[    2.889394] libphy: Fixed MDIO Bus: probed
[    2.892386] tun: Universal TUN/TAP device driver, 1.6
[    2.896431] CAN device driver interface
[    2.900969] usbcore: registered new interface driver asix
[    2.905563] usbcore: registered new interface driver ax88179_178a
[    2.911596] usbcore: registered new interface driver cdc_ether
[    2.917391] usbcore: registered new interface driver net1080
[    2.923017] usbcore: registered new interface driver cdc_subset
[    2.928896] usbcore: registered new interface driver zaurus
[    2.934440] usbcore: registered new interface driver cdc_ncm
[    2.940842] ehci_hcd: USB 2.0 'Enhanced' Host Controller (EHCI) Driver
[    2.946526] ehci-pci: EHCI PCI platform driver
[    2.951322] usbcore: registered new interface driver uas
[    2.956241] usbcore: registered new interface driver usb-storage
[    2.962229] usbcore: registered new interface driver usbserial_generic
[    2.968680] usbserial: USB Serial support registered for generic
[    2.974654] usbcore: registered new interface driver ftdi_sio
[    2.980356] usbserial: USB Serial support registered for FTDI USB Serial Device
[    2.987633] usbcore: registered new interface driver upd78f0730
[    2.993504] usbserial: USB Serial support registered for upd78f0730
[    3.001154] rtc_zynqmp ffa60000.rtc: registered as rtc0
[    3.004930] rtc_zynqmp ffa60000.rtc: setting system clock to 2022-04-12T19:10:56 UTC (1649790656)
[    3.013792] i2c /dev entries driver
[    3.019103] usbcore: registered new interface driver uvcvideo
[    3.022905] USB Video Class driver (1.1.1)
[    3.028487] Bluetooth: HCI UART driver ver 2.3
[    3.031376] Bluetooth: HCI UART protocol H4 registered
[    3.036486] Bluetooth: HCI UART protocol BCSP registered
[    3.041775] Bluetooth: HCI UART protocol LL registered
[    3.046863] Bluetooth: HCI UART protocol ATH3K registered
[    3.052237] Bluetooth: HCI UART protocol Three-wire (H5) registered
[    3.058492] Bluetooth: HCI UART protocol Intel registered
[    3.063830] Bluetooth: HCI UART protocol QCA registered
[    3.069032] usbcore: registered new interface driver bcm203x
[    3.074653] usbcore: registered new interface driver bpa10x
[    3.080188] usbcore: registered new interface driver bfusb
[    3.085638] usbcore: registered new interface driver btusb
[    3.091101] usbcore: registered new interface driver ath3k
[    3.096585] EDAC MC: ECC not enabled
[    3.100210] EDAC DEVICE0: Giving out device to module zynqmp-ocm-edac controller zynqmp_ocm: DEV ff960000.memory-controller (INTERRUPT)
[    3.112527] sdhci: Secure Digital Host Controller Interface driver
[    3.118313] sdhci: Copyright(c) Pierre Ossman
[    3.122637] sdhci-pltfm: SDHCI platform and OF driver helper
[    3.128687] ledtrig-cpu: registered to indicate activity on CPUs
[    3.134242] SMCCC: SOC_ID: ARCH_SOC_ID not implemented, skipping ....
[    3.140671] zynqmp_firmware_probe Platform Management API v1.1
[    3.146428] zynqmp_firmware_probe Trustzone version v1.0
[    3.185952] zynqmp-pinctrl firmware:zynqmp-firmware:pinctrl: zynqmp pinctrl initialized
[    3.233938] zynqmp-aes firmware:zynqmp-firmware:zynqmp-aes: will run requests pump with realtime priority
[    3.249804] alg: No test for xilinx-keccak-384 (zynqmp-keccak-384)
[    3.250517] alg: No test for xilinx-zynqmp-rsa (zynqmp-rsa)
[    3.256034] usbcore: registered new interface driver usbhid
[    3.261420] usbhid: USB HID core driver
[    3.272664] axi_sysid 85000000.axi-sysid-0: AXI System ID core version (1.01.a) found
[    3.275009] axi_sysid 85000000.axi-sysid-0: [ad9081_fmca_ebz] on [zcu102] git branch <master> git <084d44c9780640ca93fd847b1d9ec70dd65f5c67> clean [2022-03-18 04:17:50] UTC
[    3.290696] fpga_manager fpga0: Xilinx ZynqMP FPGA Manager registered
[    3.297054] usbcore: registered new interface driver snd-usb-audio
[    3.304506] pktgen: Packet Generator for packet performance testing. Version: 2.75
[    3.310683] Initializing XFRM netlink socket
[    3.314543] NET: Registered protocol family 10
[    3.319254] Segment Routing with IPv6
[    3.322641] sit: IPv6, IPv4 and MPLS over IPv4 tunneling driver
[    3.328707] NET: Registered protocol family 17
[    3.332813] NET: Registered protocol family 15
[    3.337309] can: controller area network core
[    3.341564] NET: Registered protocol family 29
[    3.345952] can: raw protocol
[    3.348888] can: broadcast manager protocol
[    3.353043] can: netlink gateway - max_hops=1
[    3.357437] Bluetooth: RFCOMM TTY layer initialized
[    3.362216] Bluetooth: RFCOMM socket layer initialized
[    3.367324] Bluetooth: RFCOMM ver 1.11
[    3.371035] Bluetooth: BNEP (Ethernet Emulation) ver 1.3
[    3.376306] Bluetooth: BNEP filters: protocol multicast
[    3.381500] Bluetooth: BNEP socket layer initialized
[    3.386427] Bluetooth: HIDP (Human Interface Emulation) ver 1.2
[    3.392311] Bluetooth: HIDP socket layer initialized
[    3.397369] 9pnet: Installing 9P2000 support
[    3.401488] NET: Registered protocol family 36
[    3.405904] Key type dns_resolver registered
[    3.410335] registered taskstats version 1
[    3.414201] Loading compiled-in X.509 certificates
[    3.419317] Btrfs loaded, crc32c=crc32c-generic
[    3.431734] ff000000.serial: ttyPS0 at MMIO 0xff000000 (irq = 49, base_baud = 6249999) is a xuartps
[    3.440753] printk: console [ttyPS0] enabled
[    3.445048] printk: bootconsole [cdns0] disabled
[    3.454684] ff010000.serial: ttyPS1 at MMIO 0xff010000 (irq = 50, base_baud = 6249999) is a xuartps
[    3.467919] of-fpga-region fpga-full: FPGA Region probed
[    3.474874] nwl-pcie fd0e0000.pcie: host bridge /axi/pcie@fd0e0000 ranges:
[    3.481768] nwl-pcie fd0e0000.pcie:      MEM 0x00e0000000..0x00efffffff -> 0x00e0000000
[    3.489771] nwl-pcie fd0e0000.pcie:      MEM 0x0600000000..0x07ffffffff -> 0x0600000000
[    3.497832] nwl-pcie fd0e0000.pcie: Link is DOWN
[    3.502590] nwl-pcie fd0e0000.pcie: PCI host bridge to bus 0000:00
[    3.508768] pci_bus 0000:00: root bus resource [bus 00-ff]
[    3.514249] pci_bus 0000:00: root bus resource [mem 0xe0000000-0xefffffff]
[    3.521119] pci_bus 0000:00: root bus resource [mem 0x600000000-0x7ffffffff pref]
[    3.528623] pci 0000:00:00.0: [10ee:d021] type 01 class 0x060400
[    3.534679] pci 0000:00:00.0: PME# supported from D0 D1 D2 D3hot
[    3.545123] pci 0000:00:00.0: PCI bridge to [bus 01-0c]
[    3.551097] xilinx-zynqmp-dma fd500000.dma: ZynqMP DMA driver Probe success
[    3.558269] xilinx-zynqmp-dma fd510000.dma: ZynqMP DMA driver Probe success
[    3.565449] xilinx-zynqmp-dma fd520000.dma: ZynqMP DMA driver Probe success
[    3.572622] xilinx-zynqmp-dma fd530000.dma: ZynqMP DMA driver Probe success
[    3.579791] xilinx-zynqmp-dma fd540000.dma: ZynqMP DMA driver Probe success
[    3.586956] xilinx-zynqmp-dma fd550000.dma: ZynqMP DMA driver Probe success
[    3.594126] xilinx-zynqmp-dma fd560000.dma: ZynqMP DMA driver Probe success
[    3.601299] xilinx-zynqmp-dma fd570000.dma: ZynqMP DMA driver Probe success
[    3.608695] xilinx-zynqmp-dpdma fd4c0000.dma-controller: Xilinx DPDMA engine is probed
[    3.617241] ahci-ceva fd0c0000.ahci: supply ahci not found, using dummy regulator
[    3.624785] ahci-ceva fd0c0000.ahci: supply phy not found, using dummy regulator
[    3.715877] hmc7044 spi2.0: PLL1: Acquisition, CLKIN0 @ 122880000 Hz, PFD: 80 kHz - PLL2: Locked @ 2700.000000 MHz
[    3.726597] jesd204: /axi/spi@ff050000/hmc7044@0,jesd204:1,parent=spi2.0: Using as SYSREF provider
[    3.736182] spi-nor spi0.0: SPI-NOR-UniqueID 100000235394732200270025081115266e
[    3.743493] spi-nor spi0.0: found n25q512a, expected m25p80
[    3.749676] spi-nor spi0.0: trying to lock already unlocked area
[    3.755676] spi-nor spi0.0: n25q512a (131072 Kbytes)
[    3.760655] 4 fixed-partitions partitions found on MTD device spi0.0
[    3.767000] Creating 4 MTD partitions on "spi0.0":
[    3.771786] 0x000000000000-0x000000100000 : "qspi-fsbl-uboot"
[    3.778272] 0x000000100000-0x000000600000 : "qspi-linux"
[    3.784236] 0x000000600000-0x000000620000 : "qspi-device-tree"
[    3.790709] 0x000000620000-0x000000c00000 : "qspi-rootfs"
[    3.799179] macb ff0e0000.ethernet: Not enabling partial store and forward
[    3.806696] libphy: MACB_mii_bus: probed
[    3.811758] macb ff0e0000.ethernet eth0: Cadence GEM rev 0x50070106 at 0xff0e0000 irq 30 (00:0a:35:04:8e:1b)
[    3.821967] xilinx-axipmon ffa00000.perf-monitor: Probed Xilinx APM
[    3.828546] xilinx-axipmon fd0b0000.perf-monitor: Probed Xilinx APM
[    3.835066] xilinx-axipmon fd490000.perf-monitor: Probed Xilinx APM
[    3.841609] xilinx-axipmon ffa10000.perf-monitor: Probed Xilinx APM
[    3.851601] pca953x 0-0020: supply vcc not found, using dummy regulator
[    3.858284] pca953x 0-0020: using no AI
[    3.862773] gpio-496 (sel0): hogged as output/low
[    3.867671] gpio-497 (sel1): hogged as output/high
[    3.872658] gpio-498 (sel2): hogged as output/high
[    3.877646] gpio-499 (sel3): hogged as output/high
[    3.882819] pca953x 0-0021: supply vcc not found, using dummy regulator
[    3.889488] pca953x 0-0021: using no AI
[    3.895255] ina2xx 2-0040: power monitor ina226 (Rshunt = 5000 uOhm)
[    3.902284] ina2xx 2-0041: power monitor ina226 (Rshunt = 5000 uOhm)
[    3.909323] ina2xx 2-0042: power monitor ina226 (Rshunt = 5000 uOhm)
[    3.916360] ina2xx 2-0043: power monitor ina226 (Rshunt = 5000 uOhm)
[    3.923379] ina2xx 2-0044: power monitor ina226 (Rshunt = 5000 uOhm)
[    3.930403] ina2xx 2-0045: power monitor ina226 (Rshunt = 5000 uOhm)
[    3.937431] ina2xx 2-0046: power monitor ina226 (Rshunt = 5000 uOhm)
[    3.944507] ina2xx 2-0047: power monitor ina226 (Rshunt = 5000 uOhm)
[    3.951534] ina2xx 2-004a: power monitor ina226 (Rshunt = 5000 uOhm)
[    3.958575] ina2xx 2-004b: power monitor ina226 (Rshunt = 5000 uOhm)
[    3.964985] i2c i2c-0: Added multiplexed i2c bus 2
[    3.970368] random: fast init done
[    3.973842] ina2xx 3-0040: power monitor ina226 (Rshunt = 2000 uOhm)
[    3.980868] ina2xx 3-0041: power monitor ina226 (Rshunt = 5000 uOhm)
[    3.987895] ina2xx 3-0042: power monitor ina226 (Rshunt = 5000 uOhm)
[    3.994930] ina2xx 3-0043: power monitor ina226 (Rshunt = 5000 uOhm)
[    4.001954] ina2xx 3-0044: power monitor ina226 (Rshunt = 5000 uOhm)
[    4.008987] ina2xx 3-0045: power monitor ina226 (Rshunt = 5000 uOhm)
[    4.016020] ina2xx 3-0046: power monitor ina226 (Rshunt = 5000 uOhm)
[    4.023050] ina2xx 3-0047: power monitor ina226 (Rshunt = 5000 uOhm)
[    4.029451] i2c i2c-0: Added multiplexed i2c bus 3
[    4.085467] i2c i2c-0: Added multiplexed i2c bus 4
[    4.090409] i2c i2c-0: Added multiplexed i2c bus 5
[    4.095198] pca954x 0-0075: registered 4 multiplexed busses for I2C mux pca9544
[    4.102547] cdns-i2c ff020000.i2c: 400 kHz mmio ff020000 irq 32
[    4.110281] at24 6-0054: supply vcc not found, using dummy regulator
[    4.117185] at24 6-0054: 1024 byte 24c08 EEPROM, writable, 1 bytes/write
[    4.123935] i2c i2c-1: Added multiplexed i2c bus 6
[    4.130367] si5341 7-0036: Chip: 5341 Grade: 1 Rev: 1
[    4.168051] i2c i2c-1: Added multiplexed i2c bus 7
[    4.175702] si570 8-005d: registered, current frequency 300000000 Hz
[    4.182107] i2c i2c-1: Added multiplexed i2c bus 8
[    4.201887] si570 9-005d: registered, current frequency 148500000 Hz
[    4.208287] i2c i2c-1: Added multiplexed i2c bus 9
[    4.213325] si5324 10-0069: si5328 probed
[    4.280061] si5324 10-0069: si5328 probe successful
[    4.284985] i2c i2c-1: Added multiplexed i2c bus 10
[    4.290012] i2c i2c-1: Added multiplexed i2c bus 11
[    4.295036] i2c i2c-1: Added multiplexed i2c bus 12
[    4.300059] i2c i2c-1: Added multiplexed i2c bus 13
[    4.304932] pca954x 1-0074: registered 8 multiplexed busses for I2C switch pca9548
[    4.313041] at24 14-0050: supply vcc not found, using dummy regulator
[    4.319831] at24 14-0050: 256 byte 24c02 EEPROM, writable, 1 bytes/write
[    4.326577] i2c i2c-1: Added multiplexed i2c bus 14
[    4.331617] i2c i2c-1: Added multiplexed i2c bus 15
[    4.336648] i2c i2c-1: Added multiplexed i2c bus 16
[    4.341685] i2c i2c-1: Added multiplexed i2c bus 17
[    4.346716] i2c i2c-1: Added multiplexed i2c bus 18
[    4.351763] i2c i2c-1: Added multiplexed i2c bus 19
[    4.356804] i2c i2c-1: Added multiplexed i2c bus 20
[    4.361842] i2c i2c-1: Added multiplexed i2c bus 21
[    4.366715] pca954x 1-0075: registered 8 multiplexed busses for I2C switch pca9548
[    4.374324] cdns-i2c ff030000.i2c: 400 kHz mmio ff030000 irq 33
[    4.384069] cdns-wdt fd4d0000.watchdog: Xilinx Watchdog Timer with timeout 60s
[    4.393128] axi_adxcvr 84a60000.axi-adxcvr-rx: adxcvr_enforce_settings: Using QPLL without access, assuming desired Lane rate will be configured by a different instance
[    4.409764] axi_adxcvr 84a60000.axi-adxcvr-rx: AXI-ADXCVR-RX (17.05.a) using QPLL on GTH4 at 0x84A60000. Number of lanes: 4.
[    4.421922] axi_adxcvr 84b60000.axi-adxcvr-tx: AXI-ADXCVR-TX (17.05.a) using QPLL on GTH4 at 0x84B60000. Number of lanes: 4.
[    4.425881] mmc0: SDHCI controller on ff170000.mmc [ff170000.mmc] using ADMA 64-bit
[    4.441072] axi-jesd204-rx 84a90000.axi-jesd204-rx: AXI-JESD204-RX (1.07.a) at 0x84A90000. Encoder 8b10b, width 4/4, lanes 4, jesd204-fsm.
[    4.453907] axi-jesd204-tx 84b90000.axi-jesd204-tx: AXI-JESD204-TX (1.06.a) at 0x84B90000. Encoder 8b10b, width 4/4, lanes 4, jesd204-fsm.
[    4.467408] zynqmp-display fd4a0000.display: vtc bridge property not present
[    4.473471] mmc0: new high speed SDHC card at address 0001
[    4.477057] xilinx-dp-snd-codec fd4a0000.display:zynqmp_dp_snd_codec0: Failed to get required clock freq
[    4.480290] mmcblk0: mmc0:0001 EB1QT 29.8 GiB 
[    4.489418] xilinx-dp-snd-codec: probe of fd4a0000.display:zynqmp_dp_snd_codec0 failed with error -22
[    4.495071]  mmcblk0: p1 p2 p3
[    4.503405] xilinx-dp-snd-pcm zynqmp_dp_snd_pcm0: Xilinx DisplayPort Sound PCM probed
[    4.514266] xilinx-dp-snd-pcm zynqmp_dp_snd_pcm1: Xilinx DisplayPort Sound PCM probed
[    4.522478] OF: graph: no port node found in /axi/display@fd4a0000
[    4.528886] xlnx-drm xlnx-drm.0: bound fd4a0000.display (ops 0xffffffc010fcbdb8)
[    5.615722] zynqmp-display fd4a0000.display: [drm] Cannot find any crtc or sizes
[    5.623344] [drm] Initialized xlnx 1.0.0 20130509 for fd4a0000.display on minor 0
[    5.630838] zynqmp-display fd4a0000.display: ZynqMP DisplayPort Subsystem driver probed
[    5.639149] ahci-ceva fd0c0000.ahci: supply ahci not found, using dummy regulator
[    5.646688] ahci-ceva fd0c0000.ahci: supply phy not found, using dummy regulator
[    5.654143] ahci-ceva fd0c0000.ahci: supply target not found, using dummy regulator
[    5.672039] ahci-ceva fd0c0000.ahci: AHCI 0001.0301 32 slots 2 ports 6 Gbps 0x3 impl platform mode
[    5.681002] ahci-ceva fd0c0000.ahci: flags: 64bit ncq sntf pm clo only pmp fbs pio slum part ccc sds apst 
[    5.691626] scsi host0: ahci-ceva
[    5.695224] scsi host1: ahci-ceva
[    5.698656] ata1: SATA max UDMA/133 mmio [mem 0xfd0c0000-0xfd0c1fff] port 0x100 irq 45
[    5.706567] ata2: SATA max UDMA/133 mmio [mem 0xfd0c0000-0xfd0c1fff] port 0x180 irq 45
[    5.715173] ad9081 spi1.0: supply vdd not found, using dummy regulator
[    6.025938] ata1: SATA link down (SStatus 0 SControl 330)
[    6.031342] ata2: SATA link down (SStatus 0 SControl 330)
[    6.699724] zynqmp-display fd4a0000.display: [drm] Cannot find any crtc or sizes
[    6.873413] ad9081 spi1.0: Invalid param passed., "ref_clk_hz < 100000000ULL" in adi_ad9081_device_clk_config_set(...), line554 in drivers/iio/adc/ad9081/adi_ad9081_device.c
[    7.578099] ad9081 spi1.0: AD9081 Rev. 2 Grade 10 (API 1.2.2) probed
[    7.585302] xhci-hcd xhci-hcd.1.auto: xHCI Host Controller
[    7.590800] xhci-hcd xhci-hcd.1.auto: new USB bus registered, assigned bus number 1
[    7.598546] xhci-hcd xhci-hcd.1.auto: hcc params 0x0238f625 hci version 0x100 quirks 0x0000000002010810
[    7.607961] xhci-hcd xhci-hcd.1.auto: irq 59, io mem 0xfe200000
[    7.614070] usb usb1: New USB device found, idVendor=1d6b, idProduct=0002, bcdDevice= 5.10
[    7.622335] usb usb1: New USB device strings: Mfr=3, Product=2, SerialNumber=1
[    7.629549] usb usb1: Product: xHCI Host Controller
[    7.634419] usb usb1: Manufacturer: Linux 5.10.0-98103-g2aa7ac113716 xhci-hcd
[    7.641544] usb usb1: SerialNumber: xhci-hcd.1.auto
[    7.646713] hub 1-0:1.0: USB hub found
[    7.650478] hub 1-0:1.0: 1 port detected
[    7.654577] xhci-hcd xhci-hcd.1.auto: xHCI Host Controller
[    7.660067] xhci-hcd xhci-hcd.1.auto: new USB bus registered, assigned bus number 2
[    7.667719] xhci-hcd xhci-hcd.1.auto: Host supports USB 3.0 SuperSpeed
[    7.674341] usb usb2: New USB device found, idVendor=1d6b, idProduct=0003, bcdDevice= 5.10
[    7.682605] usb usb2: New USB device strings: Mfr=3, Product=2, SerialNumber=1
[    7.689824] usb usb2: Product: xHCI Host Controller
[    7.694692] usb usb2: Manufacturer: Linux 5.10.0-98103-g2aa7ac113716 xhci-hcd
[    7.701818] usb usb2: SerialNumber: xhci-hcd.1.auto
[    7.706927] hub 2-0:1.0: USB hub found
[    7.710690] hub 2-0:1.0: 1 port detected
[    7.740739] cf_axi_adc 84a10000.axi-ad9081-rx-hpc: ADI AIM (10.01.b) at 0x84A10000 mapped to 0x(____ptrval____), probed ADC AD9081 as MASTER
[    7.772545] cf_axi_dds 84b10000.axi-ad9081-tx-hpc: Analog Devices CF_AXI_DDS_DDS MASTER (9.01.b) at 0x84B10000 mapped to 0x(____ptrval____), probed DDS AD9081
[    7.786738] jesd204: /axi/spi@ff040000/ad9081@0,jesd204:0,parent=spi1.0: JESD204[2] transition initialized -> probed
[    7.797261] jesd204: /axi/spi@ff040000/ad9081@0,jesd204:0,parent=spi1.0: JESD204[0] transition initialized -> probed
[    7.807787] jesd204: /axi/spi@ff040000/ad9081@0,jesd204:0,parent=spi1.0: JESD204[2] transition probed -> idle
[    7.817703] jesd204: /axi/spi@ff040000/ad9081@0,jesd204:0,parent=spi1.0: JESD204[0] transition probed -> idle
[    7.827618] jesd204: /axi/spi@ff040000/ad9081@0,jesd204:0,parent=spi1.0: JESD204[2] transition idle -> device_init
[    7.837960] jesd204: /axi/spi@ff040000/ad9081@0,jesd204:0,parent=spi1.0: JESD204[0] transition idle -> device_init
[    7.848315] jesd204: /axi/spi@ff040000/ad9081@0,jesd204:0,parent=spi1.0: JESD204[2] transition device_init -> link_init
[    7.859098] jesd204: /axi/spi@ff040000/ad9081@0,jesd204:0,parent=spi1.0: JESD204[0] transition device_init -> link_init
[    7.869889] jesd204: /axi/spi@ff040000/ad9081@0,jesd204:0,parent=spi1.0: JESD204[2] transition link_init -> link_supported
[    7.880927] jesd204: /axi/spi@ff040000/ad9081@0,jesd204:0,parent=spi1.0: JESD204[0] transition link_init -> link_supported
[    7.892336] hmc7044 spi2.0: hmc7044_jesd204_link_pre_setup: Link2 forcing continuous SYSREF mode
[    7.901536] jesd204: /axi/spi@ff040000/ad9081@0,jesd204:0,parent=spi1.0: JESD204[2] transition link_supported -> link_pre_setup
[    7.913017] jesd204: /axi/spi@ff040000/ad9081@0,jesd204:0,parent=spi1.0: JESD204[0] transition link_supported -> link_pre_setup
[    7.936895] jesd204: /axi/spi@ff040000/ad9081@0,jesd204:0,parent=spi1.0: JESD204[2] transition link_pre_setup -> clk_sync_stage1
[    7.948460] jesd204: /axi/spi@ff040000/ad9081@0,jesd204:0,parent=spi1.0: JESD204[0] transition link_pre_setup -> clk_sync_stage1
[    7.960023] jesd204: /axi/spi@ff040000/ad9081@0,jesd204:0,parent=spi1.0: JESD204[2] transition clk_sync_stage1 -> clk_sync_stage2
[    7.971668] jesd204: /axi/spi@ff040000/ad9081@0,jesd204:0,parent=spi1.0: JESD204[0] transition clk_sync_stage1 -> clk_sync_stage2
[    7.983321] jesd204: /axi/spi@ff040000/ad9081@0,jesd204:0,parent=spi1.0: JESD204[2] transition clk_sync_stage2 -> clk_sync_stage3
[    7.994965] jesd204: /axi/spi@ff040000/ad9081@0,jesd204:0,parent=spi1.0: JESD204[0] transition clk_sync_stage2 -> clk_sync_stage3
[    8.008636] jesd204: /axi/spi@ff040000/ad9081@0,jesd204:0,parent=spi1.0: JESD204[2] transition clk_sync_stage3 -> link_setup
[    8.019855] jesd204: /axi/spi@ff040000/ad9081@0,jesd204:0,parent=spi1.0: JESD204[0] transition clk_sync_stage3 -> link_setup
[    8.035842] jesd204: /axi/spi@ff040000/ad9081@0,jesd204:0,parent=spi1.0: JESD204[2] transition link_setup -> opt_setup_stage1
[    8.047142] jesd204: /axi/spi@ff040000/ad9081@0,jesd204:0,parent=spi1.0: JESD204[0] transition link_setup -> opt_setup_stage1
[    8.063466] jesd204: /axi/spi@ff040000/ad9081@0,jesd204:0,parent=spi1.0: JESD204[2] transition opt_setup_stage1 -> opt_setup_stage2
[    8.075292] jesd204: /axi/spi@ff040000/ad9081@0,jesd204:0,parent=spi1.0: JESD204[0] transition opt_setup_stage1 -> opt_setup_stage2
[    8.087264] jesd204: /axi/spi@ff040000/ad9081@0,jesd204:0,parent=spi1.0: JESD204[2] transition opt_setup_stage2 -> opt_setup_stage3
[    8.099089] jesd204: /axi/spi@ff040000/ad9081@0,jesd204:0,parent=spi1.0: JESD204[0] transition opt_setup_stage2 -> opt_setup_stage3
[    8.110917] jesd204: /axi/spi@ff040000/ad9081@0,jesd204:0,parent=spi1.0: JESD204[2] transition opt_setup_stage3 -> opt_setup_stage4
[    8.122734] jesd204: /axi/spi@ff040000/ad9081@0,jesd204:0,parent=spi1.0: JESD204[0] transition opt_setup_stage3 -> opt_setup_stage4
[    8.134563] jesd204: /axi/spi@ff040000/ad9081@0,jesd204:0,parent=spi1.0: JESD204[2] transition opt_setup_stage4 -> opt_setup_stage5
[    8.146388] jesd204: /axi/spi@ff040000/ad9081@0,jesd204:0,parent=spi1.0: JESD204[0] transition opt_setup_stage4 -> opt_setup_stage5
[    8.164375] jesd204: /axi/spi@ff040000/ad9081@0,jesd204:0,parent=spi1.0: JESD204[2] transition opt_setup_stage5 -> clocks_enable
[    8.175938] jesd204: /axi/spi@ff040000/ad9081@0,jesd204:0,parent=spi1.0: JESD204[0] transition opt_setup_stage5 -> clocks_enable
[    8.187558] jesd204: /axi/spi@ff040000/ad9081@0,jesd204:0,parent=spi1.0: JESD204[2] transition clocks_enable -> link_enable
[    8.198685] jesd204: /axi/spi@ff040000/ad9081@0,jesd204:0,parent=spi1.0: JESD204[0] transition clocks_enable -> link_enable
[    8.231946] ad9081 spi1.0: JESD RX (JTX) Link2 in DATA, SYNC deasserted, PLL locked, PHASE established, MODE valid
[    8.242551] ad9081 spi1.0: JESD TX (JRX) Link0 0xF lanes in DATA
[    8.248563] jesd204: /axi/spi@ff040000/ad9081@0,jesd204:0,parent=spi1.0: JESD204[2] transition link_enable -> link_running
[    8.259600] jesd204: /axi/spi@ff040000/ad9081@0,jesd204:0,parent=spi1.0: JESD204[0] transition link_enable -> link_running
[    8.270650] jesd204: /axi/spi@ff040000/ad9081@0,jesd204:0,parent=spi1.0: JESD204[2] transition link_running -> opt_post_running_stage
[    8.282647] jesd204: /axi/spi@ff040000/ad9081@0,jesd204:0,parent=spi1.0: JESD204[0] transition link_running -> opt_post_running_stage
[    8.303863] input: gpio-keys as /devices/platform/gpio-keys/input/input0
[    8.310865] of_cfs_init
[    8.313329] of_cfs_init: OK
[    8.316279] cfg80211: Loading compiled-in X.509 certificates for regulatory database
[    8.454572] cfg80211: Loaded X.509 cert 'sforshee: 00b28ddf47aef9cea7'
[    8.461100] clk: Not disabling unused clocks
[    8.465630] ALSA device list:
[    8.468592]   No soundcards found.
[    8.472266] platform regulatory.0: Direct firmware load for regulatory.db failed with error -2
[    8.480872] cfg80211: failed to load regulatory.db
[    8.495416] EXT4-fs (mmcblk0p2): mounted filesystem with ordered data mode. Opts: (null)
[    8.503537] VFS: Mounted root (ext4 filesystem) on device 179:2.
[    8.516698] devtmpfs: mounted
[    8.520508] Freeing unused kernel memory: 2560K
[    8.539757] Run /sbin/init as init process
[    8.543852]   with arguments:
[    8.543854]     /sbin/init
[    8.543856]   with environment:
[    8.543859]     HOME=/
[    8.543861]     TERM=linux
[    9.108880] systemd[1]: systemd 241 running in system mode. (+PAM +AUDIT +SELINUX +IMA +APPARMOR +SMACK +SYSVINIT +UTMP +LIBCRYPTSETUP +GCRYPT +GNUTLS +ACL +XZ +LZ4 +SECCOMP +BLKID +ELFUTILS +KMOD -IDN2 +IDN -PCRE2 default-hierarchy=hybrid)
[    9.130755] systemd[1]: Detected architecture arm64.
[    9.152407] systemd[1]: Set hostname to <analog>.
[    9.336156] systemd[1]: File /lib/systemd/system/systemd-journald.service:12 configures an IP firewall (IPAddressDeny=any), but the local system does not support BPF/cgroup based firewalling.
[    9.353213] systemd[1]: Proceeding WITHOUT firewalling in effect! (This warning is only shown for the first loaded unit using IP firewalling.)
[    9.516663] systemd[1]: /etc/systemd/system/tof-server.service:1: Assignment outside of section. Ignoring.
[    9.526380] systemd[1]: /etc/systemd/system/tof-server.service:2: Assignment outside of section. Ignoring.
[    9.709486] random: systemd: uninitialized urandom read (16 bytes read)
[    9.724252] random: systemd: uninitialized urandom read (16 bytes read)
[    9.731366] systemd[1]: Listening on Journal Socket.
[    9.747858] systemd[1]: Condition check resulted in Kernel Module supporting RPCSEC_GSS being skipped.
[    9.757239] systemd[1]: Condition check resulted in Arbitrary Executable File Formats File System Automount Point being skipped.
[    9.769113] random: systemd: uninitialized urandom read (16 bytes read)
[   10.361850] ------------[ cut here ]------------
[   10.361859] Enabling unprepared \xa0\xe9Q\x88\xff\xff\xffpQ\x88\xff\xff\xff
[   10.361904] WARNING: CPU: 3 PID: 132 at drivers/clk/clk.c:1012 clk_core_enable+0xa4/0xc0
[   10.361908] Modules linked in:
[   10.361918] CPU: 3 PID: 132 Comm: kworker/3:1H Not tainted 5.10.0-98103-g2aa7ac113716 #5577
[   10.361920] Hardware name: ZynqMP ZCU102 Rev1.0 (DT)
[   10.361930] Workqueue: kblockd blk_mq_run_work_fn
[   10.361937] pstate: 80000085 (Nzcv daIf -PAN -UAO -TCO BTYPE=--)
[   10.361943] pc : clk_core_enable+0xa4/0xc0
[   10.361948] lr : clk_core_enable+0xa4/0xc0
[   10.361951] sp : ffffffc0122732d0
[   10.361954] x29: ffffffc0122732d0 x28: ffffff8800330c10 
[   10.361961] x27: ffffff8800330d48 x26: 0000005000000101 
[   10.361967] x25: 0000000263ac043a x24: 0000000000000001 
[   10.361974] x23: ffffff88010e9380 x22: ffffff8801083220 
[   10.361980] x21: ffffff8801517000 x20: ffffff8801517008 
[   10.361987] x19: ffffff8801517008 x18: 0000000000000030 
[   10.361993] x17: 0000000000000002 x16: 0000b1bc85162f1c 
[   10.362000] x15: ffffffffffff8828 x14: ffffffc011d3b1a0 
[   10.362006] x13: ffffffc011d3b1c8 x12: 00000000000005eb 
[   10.362013] x11: 00000000000001f9 x10: ffffffc011d671c8 
[   10.362019] x9 : 00000000fffff800 x8 : ffffffc011d3b1c8 
[   10.362026] x7 : ffffffc011d671c8 x6 : 0000000000000001 
[   10.362032] x5 : ffffff887f7a89e0 x4 : 0000000000000000 
[   10.362038] x3 : 0000000000000027 x2 : 0000000000000023 
[   10.362045] x1 : 14c1a8ff67ea4e00 x0 : 0000000000000000 
[   10.362051] Call trace:
[   10.362057]  clk_core_enable+0xa4/0xc0
[   10.362062]  clk_enable+0x2c/0x60
[   10.362068]  zynqmp_runtime_resume+0x24/0x84
[   10.362076]  pm_generic_runtime_resume+0x30/0x50
[   10.362081]  __genpd_runtime_resume+0x30/0xb0
[   10.362088]  genpd_runtime_resume+0x90/0x250
[   10.362093]  __rpm_callback+0x10c/0x1e0
[   10.362098]  rpm_callback+0x5c/0x84
[   10.362103]  rpm_resume+0x4a4/0x74c
[   10.362108]  __pm_runtime_resume+0x78/0xc4
[   10.362113]  spi_mem_access_start.isra.0+0x30/0x80
[   10.362118]  spi_mem_exec_op+0x3b0/0x424
[   10.362123]  spi_nor_read_sr+0x78/0xe0
[   10.362127]  spi_nor_wait_till_ready_with_timeout+0xb4/0x2f0
[   10.362132]  spi_nor_read+0x188/0x380
[   10.362137]  mtd_read_oob_std+0x78/0x84
[   10.362142]  mtd_read_oob+0x7c/0x134
[   10.362146]  mtd_read+0x48/0x7c
[   10.362152]  mtdblock_readsect+0x6c/0x150
[   10.362157]  mtd_queue_rq+0x2cc/0x5a0
[   10.362162]  blk_mq_dispatch_rq_list+0x110/0x790
[   10.362169]  __blk_mq_do_dispatch_sched+0x200/0x274
[   10.362174]  __blk_mq_sched_dispatch_requests+0x1a8/0x1fc
[   10.362179]  blk_mq_sched_dispatch_requests+0x3c/0x7c
[   10.362185]  __blk_mq_run_hw_queue+0x98/0x100
[   10.362189]  blk_mq_run_work_fn+0x24/0x30
[   10.362195]  process_one_work+0x1d4/0x380
[   10.362199]  worker_thread+0x78/0x4e0
[   10.362204]  kthread+0x124/0x130
[   10.362209]  ret_from_fork+0x10/0x3c
[   10.362213] ---[ end trace 085860f1b68fea84 ]---
[   10.362221] zynqmp-qspi ff0f0000.spi: Cannot enable APB clock.
[   10.362270] spi_master spi0: Failed to power device: -108
[   10.362280] blk_update_request: I/O error, dev mtdblock0, sector 8 op 0x0:(READ) flags 0x80700 phys_seg 1 prio class 0
[   10.362347] spi_master spi0: Failed to power device: -22
[   10.362354] blk_update_request: I/O error, dev mtdblock0, sector 8 op 0x0:(READ) flags 0x0 phys_seg 8 prio class 0
[   10.362359] Buffer I/O error on dev mtdblock0, logical block 8, async page read
[   10.362369] spi_master spi0: Failed to power device: -22
[   10.362375] blk_update_request: I/O error, dev mtdblock0, sector 9 op 0x0:(READ) flags 0x0 phys_seg 7 prio class 0
[   10.362378] Buffer I/O error on dev mtdblock0, logical block 9, async page read
[   10.362385] spi_master spi0: Failed to power device: -22
[   10.362391] blk_update_request: I/O error, dev mtdblock0, sector 10 op 0x0:(READ) flags 0x0 phys_seg 6 prio class 0
[   10.362395] Buffer I/O error on dev mtdblock0, logical block 10, async page read
[   10.362402] spi_master spi0: Failed to power device: -22
[   10.362408] blk_update_request: I/O error, dev mtdblock0, sector 11 op 0x0:(READ) flags 0x0 phys_seg 5 prio class 0
[   10.362412] Buffer I/O error on dev mtdblock0, logical block 11, async page read
[   10.362418] spi_master spi0: Failed to power device: -22
[   10.362424] blk_update_request: I/O error, dev mtdblock0, sector 12 op 0x0:(READ) flags 0x0 phys_seg 4 prio class 0
[   10.362428] Buffer I/O error on dev mtdblock0, logical block 12, async page read
[   10.362434] spi_master spi0: Failed to power device: -22
[   10.362440] blk_update_request: I/O error, dev mtdblock0, sector 13 op 0x0:(READ) flags 0x0 phys_seg 3 prio class 0
[   10.362444] Buffer I/O error on dev mtdblock0, logical block 13, async page read
[   10.362450] spi_master spi0: Failed to power device: -22
[   10.362456] blk_update_request: I/O error, dev mtdblock0, sector 14 op 0x0:(READ) flags 0x0 phys_seg 2 prio class 0
[   10.362460] Buffer I/O error on dev mtdblock0, logical block 14, async page read
[   10.362466] spi_master spi0: Failed to power device: -22
[   10.362472] blk_update_request: I/O error, dev mtdblock0, sector 15 op 0x0:(READ) flags 0x0 phys_seg 1 prio class 0
[   10.362475] Buffer I/O error on dev mtdblock0, logical block 15, async page read
[   10.362779] spi_master spi0: Failed to power device: -22
[   10.362787] blk_update_request: I/O error, dev mtdblock1, sector 10112 op 0x0:(READ) flags 0x80700 phys_seg 1 prio class 0
[   10.362832] spi_master spi0: Failed to power device: -22
[   10.362838] Buffer I/O error on dev mtdblock1, logical block 10112, async page read
[   10.362846] spi_master spi0: Failed to power device: -22
[   10.362850] Buffer I/O error on dev mtdblock1, logical block 10113, async page read
[   10.362857] spi_master spi0: Failed to power device: -22
[   10.362865] spi_master spi0: Failed to power device: -22
[   10.362872] spi_master spi0: Failed to power device: -22
[   10.362880] spi_master spi0: Failed to power device: -22
[   10.362887] spi_master spi0: Failed to power device: -22
[   10.362894] spi_master spi0: Failed to power device: -22
[   10.363147] spi_master spi0: Failed to power device: -22
[   10.363190] spi_master spi0: Failed to power device: -22
[   10.363199] spi_master spi0: Failed to power device: -22
[   10.363207] spi_master spi0: Failed to power device: -22
[   10.363215] spi_master spi0: Failed to power device: -22
[   10.363222] spi_master spi0: Failed to power device: -22
[   10.363229] spi_master spi0: Failed to power device: -22
[   10.363236] spi_master spi0: Failed to power device: -22
[   10.363243] spi_master spi0: Failed to power device: -22
[   10.363502] spi_master spi0: Failed to power device: -22
[   10.363547] spi_master spi0: Failed to power device: -22
[   10.363556] spi_master spi0: Failed to power device: -22
[   10.363564] spi_master spi0: Failed to power device: -22
[   10.363571] spi_master spi0: Failed to power device: -22
[   10.363579] spi_master spi0: Failed to power device: -22
[   10.363586] spi_master spi0: Failed to power device: -22
[   10.363593] spi_master spi0: Failed to power device: -22
[   10.363600] spi_master spi0: Failed to power device: -22
[   10.487812] EXT4-fs (mmcblk0p2): re-mounted. Opts: (null)
[   10.608642] systemd-journald[151]: Received request to flush runtime journal from PID 1
[   16.454568] macb ff0e0000.ethernet eth0: PHY [ff0e0000.ethernet-ffffffff:0c] driver [TI DP83867] (irq=POLL)
[   16.454580] macb ff0e0000.ethernet eth0: configuring for phy/rgmii-id link mode
[   16.739752] Adding 102396k swap on /var/swap.  Priority:-2 extents:4 across:9953604k SS
[   18.519730] random: crng init done
[   18.519741] random: 7 urandom warning(s) missed due to ratelimiting
[   19.278513] broken atomic modeset userspace detected, disabling atomic
[   20.545337] macb ff0e0000.ethernet eth0: Link is Up - 1Gbps/Full - flow control off
[   20.545363] IPv6: ADDRCONF(NETDEV_CHANGE): eth0: link becomes ready
[   21.936747] broken atomic modeset userspace detected, disabling atomic
[   24.842866] broken atomic modeset userspace detected, disabling atomic