[    0.000000] Booting Linux on physical CPU 0x0000000000 [0x410fd034]
[    0.000000] Linux version 5.10.0-98103-g2aa7ac113716 (jenkins@romlxbuild1.adlk.analog.com) (aarch64-xilinx-linux-gcc.real (GCC) 10.2.0, GNU ld (GNU Binutils) 2.35.0.20200730) #5577 SMP Wed Mar 23 07:28:49 GMT 2022
[    0.000000] Machine model: ZynqMP ZCU102 Rev1.0
[    0.000000] earlycon: cdns0 at MMIO 0x00000000ff000000 (options '115200n8')
[    0.000000] printk: bootconsole [cdns0] enabled
[    0.000000] efi: UEFI not found.
[    0.000000] cma: Reserved 256 MiB at 0x0000000070000000
[    0.000000] Zone ranges:
[    0.000000]   DMA      [mem 0x0000000000000000-0x000000003fffffff]
[    0.000000]   DMA32    [mem 0x0000000040000000-0x00000000ffffffff]
[    0.000000]   Normal   [mem 0x0000000100000000-0x000000087fffffff]
[    0.000000] Movable zone start for each node
[    0.000000] Early memory node ranges
[    0.000000]   node   0: [mem 0x0000000000000000-0x000000007fffffff]
[    0.000000]   node   0: [mem 0x0000000800000000-0x000000087fffffff]
[    0.000000] Initmem setup node 0 [mem 0x0000000000000000-0x000000087fffffff]
[    0.000000] On node 0 totalpages: 1048576
[    0.000000]   DMA zone: 3584 pages used for memmap
[    0.000000]   DMA zone: 0 pages reserved
[    0.000000]   DMA zone: 262144 pages, LIFO batch:63
[    0.000000]   DMA32 zone: 3584 pages used for memmap
[    0.000000]   DMA32 zone: 262144 pages, LIFO batch:63
[    0.000000]   Normal zone: 7168 pages used for memmap
[    0.000000]   Normal zone: 524288 pages, LIFO batch:63
[    0.000000] psci: probing for conduit method from DT.
[    0.000000] psci: PSCIv1.1 detected in firmware.
[    0.000000] psci: Using standard PSCI v0.2 function IDs
[    0.000000] psci: MIGRATE_INFO_TYPE not supported.
[    0.000000] psci: SMC Calling Convention v1.2
[    0.000000] percpu: Embedded 22 pages/cpu s49496 r8192 d32424 u90112
[    0.000000] pcpu-alloc: s49496 r8192 d32424 u90112 alloc=22*4096
[    0.000000] pcpu-alloc: [0] 0 [0] 1 [0] 2 [0] 3 
[    0.000000] Detected VIPT I-cache on CPU0
[    0.000000] CPU features: detected: ARM erratum 845719
[    0.000000] Built 1 zonelists, mobility grouping on.  Total pages: 1034240
[    0.000000] Kernel command line: console=ttyPS0,115200 root=/dev/mmcblk0p2 rw earlycon rootfstype=ext4 rootwait clk_ignore_unused cpuidle.off=1 root=/dev/mmcblk0p2 rw rootwait
[    0.000000] Dentry cache hash table entries: 524288 (order: 10, 4194304 bytes, linear)
[    0.000000] Inode-cache hash table entries: 262144 (order: 9, 2097152 bytes, linear)
[    0.000000] mem auto-init: stack:off, heap alloc:off, heap free:off
[    0.000000] software IO TLB: mapped [mem 0x000000003bfff000-0x000000003ffff000] (64MB)
[    0.000000] Memory: 3761904K/4194304K available (15296K kernel code, 1636K rwdata, 11876K rodata, 2560K init, 507K bss, 170256K reserved, 262144K cma-reserved)
[    0.000000] rcu: Hierarchical RCU implementation.
[    0.000000] rcu: 	RCU event tracing is enabled.
[    0.000000] rcu: 	RCU restricting CPUs from NR_CPUS=8 to nr_cpu_ids=4.
[    0.000000] rcu: RCU calculated value of scheduler-enlistment delay is 25 jiffies.
[    0.000000] rcu: Adjusting geometry for rcu_fanout_leaf=16, nr_cpu_ids=4
[    0.000000] NR_IRQS: 64, nr_irqs: 64, preallocated irqs: 0
[    0.000000] GIC: Adjusting CPU interface base to 0x00000000f902f000
[    0.000000] GIC: Using split EOI/Deactivate mode
[    0.000000] random: get_random_bytes called from start_kernel+0x31c/0x54c with crng_init=0
[    0.000000] arch_timer: cp15 timer(s) running at 100.00MHz (phys).
[    0.000000] clocksource: arch_sys_counter: mask: 0xffffffffffffff max_cycles: 0x171024e7e0, max_idle_ns: 440795205315 ns
[    0.000003] sched_clock: 56 bits at 100MHz, resolution 10ns, wraps every 4398046511100ns
[    0.008463] Console: colour dummy device 80x25
[    0.012483] Calibrating delay loop (skipped), value calculated using timer frequency.. 200.00 BogoMIPS (lpj=400000)
[    0.022840] pid_max: default: 32768 minimum: 301
[    0.027550] Mount-cache hash table entries: 8192 (order: 4, 65536 bytes, linear)
[    0.034788] Mountpoint-cache hash table entries: 8192 (order: 4, 65536 bytes, linear)
[    0.043395] rcu: Hierarchical SRCU implementation.
[    0.047562] EFI services will not be available.
[    0.051939] smp: Bringing up secondary CPUs ...
[    0.056655] Detected VIPT I-cache on CPU1
[    0.056694] CPU1: Booted secondary processor 0x0000000001 [0x410fd034]
[    0.057060] Detected VIPT I-cache on CPU2
[    0.057084] CPU2: Booted secondary processor 0x0000000002 [0x410fd034]
[    0.057425] Detected VIPT I-cache on CPU3
[    0.057448] CPU3: Booted secondary processor 0x0000000003 [0x410fd034]
[    0.057494] smp: Brought up 1 node, 4 CPUs
[    0.091779] SMP: Total of 4 processors activated.
[    0.096452] CPU features: detected: 32-bit EL0 Support
[    0.101555] CPU features: detected: CRC32 instructions
[    0.106695] CPU: All CPU(s) started at EL2
[    0.110736] alternatives: patching kernel code
[    0.116168] devtmpfs: initialized
[    0.124052] Registered cp15_barrier emulation handler
[    0.124104] Registered setend emulation handler
[    0.128083] clocksource: jiffies: mask: 0xffffffff max_cycles: 0xffffffff, max_idle_ns: 7645041785100000 ns
[    0.137662] futex hash table entries: 1024 (order: 4, 65536 bytes, linear)
[    0.151021] pinctrl core: initialized pinctrl subsystem
[    0.151663] NET: Registered protocol family 16
[    0.156082] DMA: preallocated 512 KiB GFP_KERNEL pool for atomic allocations
[    0.162099] DMA: preallocated 512 KiB GFP_KERNEL|GFP_DMA pool for atomic allocations
[    0.169825] DMA: preallocated 512 KiB GFP_KERNEL|GFP_DMA32 pool for atomic allocations
[    0.177627] audit: initializing netlink subsys (disabled)
[    0.183078] audit: type=2000 audit(0.116:1): state=initialized audit_enabled=0 res=1
[    0.183427] hw-breakpoint: found 6 breakpoint and 4 watchpoint registers.
[    0.197454] ASID allocator initialised with 65536 entries
[    0.224291] HugeTLB registered 1.00 GiB page size, pre-allocated 0 pages
[    0.225342] HugeTLB registered 32.0 MiB page size, pre-allocated 0 pages
[    0.232013] HugeTLB registered 2.00 MiB page size, pre-allocated 0 pages
[    0.238674] HugeTLB registered 64.0 KiB page size, pre-allocated 0 pages
[    1.304235] DRBG: Continuing without Jitter RNG
[    1.382063] raid6: neonx8   gen()  2143 MB/s
[    1.450117] raid6: neonx8   xor()  1599 MB/s
[    1.518176] raid6: neonx4   gen()  2193 MB/s
[    1.586226] raid6: neonx4   xor()  1568 MB/s
[    1.654295] raid6: neonx2   gen()  2076 MB/s
[    1.722342] raid6: neonx2   xor()  1439 MB/s
[    1.790402] raid6: neonx1   gen()  1772 MB/s
[    1.858451] raid6: neonx1   xor()  1220 MB/s
[    1.926513] raid6: int64x8  gen()  1438 MB/s
[    1.994564] raid6: int64x8  xor()   771 MB/s
[    2.062638] raid6: int64x4  gen()  1599 MB/s
[    2.130689] raid6: int64x4  xor()   817 MB/s
[    2.198754] raid6: int64x2  gen()  1397 MB/s
[    2.266815] raid6: int64x2  xor()   750 MB/s
[    2.334873] raid6: int64x1  gen()  1033 MB/s
[    2.402939] raid6: int64x1  xor()   517 MB/s
[    2.402976] raid6: using algorithm neonx4 gen() 2193 MB/s
[    2.406935] raid6: .... xor() 1568 MB/s, rmw enabled
[    2.411865] raid6: using neon recovery algorithm
[    2.416874] iommu: Default domain type: Translated 
[    2.421491] SCSI subsystem initialized
[    2.425034] libata version 3.00 loaded.
[    2.425158] usbcore: registered new interface driver usbfs
[    2.430492] usbcore: registered new interface driver hub
[    2.435764] usbcore: registered new device driver usb
[    2.440899] mc: Linux media interface: v0.10
[    2.445012] videodev: Linux video capture interface: v2.00
[    2.450505] EDAC MC: Ver: 3.0.0
[    2.453946] zynqmp-ipi-mbox mailbox@ff990400: Registered ZynqMP IPI mbox with TX/RX channels.
[    2.462457] jesd204: created con: id=0, topo=0, link=0, /axi/spi@ff050000/hmc7044@0 <-> /fpga-axi@0/axi-adxcvr-tx@84b60000
[    2.473034] jesd204: created con: id=1, topo=0, link=2, /axi/spi@ff050000/hmc7044@0 <-> /fpga-axi@0/axi-adxcvr-rx@84a60000
[    2.484018] jesd204: created con: id=2, topo=0, link=0, /fpga-axi@0/axi-adxcvr-tx@84b60000 <-> /fpga-axi@0/axi-jesd204-tx@84b90000
[    2.495693] jesd204: created con: id=3, topo=0, link=2, /fpga-axi@0/axi-adxcvr-rx@84a60000 <-> /fpga-axi@0/axi-jesd204-rx@84a90000
[    2.507371] jesd204: created con: id=4, topo=0, link=0, /fpga-axi@0/axi-jesd204-tx@84b90000 <-> /fpga-axi@0/axi-ad9081-tx-hpc@84b10000
[    2.519398] jesd204: created con: id=5, topo=0, link=2, /fpga-axi@0/axi-jesd204-rx@84a90000 <-> /fpga-axi@0/axi-ad9081-rx-hpc@84a10000
[    2.531421] jesd204: created con: id=6, topo=0, link=2, /fpga-axi@0/axi-ad9081-rx-hpc@84a10000 <-> /axi/spi@ff040000/ad9081@0
[    2.542663] jesd204: created con: id=7, topo=0, link=0, /fpga-axi@0/axi-ad9081-tx-hpc@84b10000 <-> /axi/spi@ff040000/ad9081@0
[    2.553912] jesd204: /axi/spi@ff040000/ad9081@0: JESD204[2] transition uninitialized -> initialized
[    2.562899] jesd204: /axi/spi@ff040000/ad9081@0: JESD204[0] transition uninitialized -> initialized
[    2.571890] jesd204: found 8 devices and 1 topologies
[    2.576934] FPGA manager framework
[    2.580412] Advanced Linux Sound Architecture Driver Initialized.
[    2.586707] Bluetooth: Core ver 2.22
[    2.589893] NET: Registered protocol family 31
[    2.594295] Bluetooth: HCI device and connection manager initialized
[    2.600612] Bluetooth: HCI socket layer initialized
[    2.605454] Bluetooth: L2CAP socket layer initialized
[    2.610477] Bluetooth: SCO socket layer initialized
[    2.615664] clocksource: Switched to clocksource arch_sys_counter
[    2.621468] VFS: Disk quotas dquot_6.6.0
[    2.625305] VFS: Dquot-cache hash table entries: 512 (order 0, 4096 bytes)
[    2.636019] NET: Registered protocol family 2
[    2.636750] tcp_listen_portaddr_hash hash table entries: 2048 (order: 3, 32768 bytes, linear)
[    2.644945] TCP established hash table entries: 32768 (order: 6, 262144 bytes, linear)
[    2.652970] TCP bind hash table entries: 32768 (order: 7, 524288 bytes, linear)
[    2.660416] TCP: Hash tables configured (established 32768 bind 32768)
[    2.666589] UDP hash table entries: 2048 (order: 4, 65536 bytes, linear)
[    2.673255] UDP-Lite hash table entries: 2048 (order: 4, 65536 bytes, linear)
[    2.680416] NET: Registered protocol family 1
[    2.684874] RPC: Registered named UNIX socket transport module.
[    2.690493] RPC: Registered udp transport module.
[    2.695157] RPC: Registered tcp transport module.
[    2.699826] RPC: Registered tcp NFSv4.1 backchannel transport module.
[    2.706807] PCI: CLS 0 bytes, default 64
[    2.710523] hw perfevents: no interrupt-affinity property for /pmu, guessing.
[    2.717377] hw perfevents: enabled with armv8_pmuv3 PMU driver, 7 counters available
[    2.725733] Initialise system trusted keyrings
[    2.729414] workingset: timestamp_bits=62 max_order=20 bucket_order=0
[    2.736307] NFS: Registering the id_resolver key type
[    2.740754] Key type id_resolver registered
[    2.744894] Key type id_legacy registered
[    2.748886] nfs4filelayout_init: NFSv4 File Layout Driver Registering...
[    2.755549] jffs2: version 2.2. (NAND) (SUMMARY)  Â© 2001-2006 Red Hat, Inc.
[    2.799391] NET: Registered protocol family 38
[    2.799433] xor: measuring software checksum speed
[    2.807118]    8regs           :  2363 MB/sec
[    2.810787]    32regs          :  2799 MB/sec
[    2.815733]    arm64_neon      :  2380 MB/sec
[    2.815920] xor: using function: 32regs (2799 MB/sec)
[    2.820945] Key type asymmetric registered
[    2.825007] Asymmetric key parser 'x509' registered
[    2.829868] Block layer SCSI generic (bsg) driver version 0.4 loaded (major 248)
[    2.837205] io scheduler mq-deadline registered
[    2.841701] io scheduler kyber registered
[    2.871139] Serial: 8250/16550 driver, 4 ports, IRQ sharing disabled
[    2.875795] cacheinfo: Unable to detect cache hierarchy for CPU 0
[    2.882117] brd: module loaded
[    2.886256] loop: module loaded
[    2.886802] Registered mathworks_ip class
[    2.890160] libphy: Fixed MDIO Bus: probed
[    2.893143] tun: Universal TUN/TAP device driver, 1.6
[    2.897192] CAN device driver interface
[    2.901726] usbcore: registered new interface driver asix
[    2.906325] usbcore: registered new interface driver ax88179_178a
[    2.912359] usbcore: registered new interface driver cdc_ether
[    2.918151] usbcore: registered new interface driver net1080
[    2.923776] usbcore: registered new interface driver cdc_subset
[    2.929658] usbcore: registered new interface driver zaurus
[    2.935201] usbcore: registered new interface driver cdc_ncm
[    2.941606] ehci_hcd: USB 2.0 'Enhanced' Host Controller (EHCI) Driver
[    2.947286] ehci-pci: EHCI PCI platform driver
[    2.952089] usbcore: registered new interface driver uas
[    2.957005] usbcore: registered new interface driver usb-storage
[    2.962992] usbcore: registered new interface driver usbserial_generic
[    2.969441] usbserial: USB Serial support registered for generic
[    2.975415] usbcore: registered new interface driver ftdi_sio
[    2.981117] usbserial: USB Serial support registered for FTDI USB Serial Device
[    2.988393] usbcore: registered new interface driver upd78f0730
[    2.994264] usbserial: USB Serial support registered for upd78f0730
[    3.001914] rtc_zynqmp ffa60000.rtc: registered as rtc0
[    3.005690] rtc_zynqmp ffa60000.rtc: setting system clock to 2022-04-12T22:01:30 UTC (1649800890)
[    3.014552] i2c /dev entries driver
[    3.019878] usbcore: registered new interface driver uvcvideo
[    3.023665] USB Video Class driver (1.1.1)
[    3.029235] Bluetooth: HCI UART driver ver 2.3
[    3.032148] Bluetooth: HCI UART protocol H4 registered
[    3.037246] Bluetooth: HCI UART protocol BCSP registered
[    3.042534] Bluetooth: HCI UART protocol LL registered
[    3.047625] Bluetooth: HCI UART protocol ATH3K registered
[    3.052999] Bluetooth: HCI UART protocol Three-wire (H5) registered
[    3.059252] Bluetooth: HCI UART protocol Intel registered
[    3.064590] Bluetooth: HCI UART protocol QCA registered
[    3.069793] usbcore: registered new interface driver bcm203x
[    3.075411] usbcore: registered new interface driver bpa10x
[    3.080947] usbcore: registered new interface driver bfusb
[    3.086401] usbcore: registered new interface driver btusb
[    3.091862] usbcore: registered new interface driver ath3k
[    3.097343] EDAC MC: ECC not enabled
[    3.100983] EDAC DEVICE0: Giving out device to module zynqmp-ocm-edac controller zynqmp_ocm: DEV ff960000.memory-controller (INTERRUPT)
[    3.113282] sdhci: Secure Digital Host Controller Interface driver
[    3.119075] sdhci: Copyright(c) Pierre Ossman
[    3.123397] sdhci-pltfm: SDHCI platform and OF driver helper
[    3.129450] ledtrig-cpu: registered to indicate activity on CPUs
[    3.135003] SMCCC: SOC_ID: ARCH_SOC_ID not implemented, skipping ....
[    3.141435] zynqmp_firmware_probe Platform Management API v1.1
[    3.147189] zynqmp_firmware_probe Trustzone version v1.0
[    3.186742] zynqmp-pinctrl firmware:zynqmp-firmware:pinctrl: zynqmp pinctrl initialized
[    3.234680] zynqmp-aes firmware:zynqmp-firmware:zynqmp-aes: will run requests pump with realtime priority
[    3.250449] alg: No test for xilinx-keccak-384 (zynqmp-keccak-384)
[    3.251160] alg: No test for xilinx-zynqmp-rsa (zynqmp-rsa)
[    3.256671] usbcore: registered new interface driver usbhid
[    3.262060] usbhid: USB HID core driver
[    3.273311] axi_sysid 85000000.axi-sysid-0: AXI System ID core version (1.01.a) found
[    3.275667] axi_sysid 85000000.axi-sysid-0: [ad9081_fmca_ebz] on [zcu102] git branch <master> git <084d44c9780640ca93fd847b1d9ec70dd65f5c67> clean [2022-03-18 04:17:50] UTC
[    3.291337] fpga_manager fpga0: Xilinx ZynqMP FPGA Manager registered
[    3.297704] usbcore: registered new interface driver snd-usb-audio
[    3.305149] pktgen: Packet Generator for packet performance testing. Version: 2.75
[    3.311326] Initializing XFRM netlink socket
[    3.315183] NET: Registered protocol family 10
[    3.319911] Segment Routing with IPv6
[    3.323277] sit: IPv6, IPv4 and MPLS over IPv4 tunneling driver
[    3.329363] NET: Registered protocol family 17
[    3.333459] NET: Registered protocol family 15
[    3.337956] can: controller area network core
[    3.342213] NET: Registered protocol family 29
[    3.346600] can: raw protocol
[    3.349536] can: broadcast manager protocol
[    3.353691] can: netlink gateway - max_hops=1
[    3.358086] Bluetooth: RFCOMM TTY layer initialized
[    3.362865] Bluetooth: RFCOMM socket layer initialized
[    3.367975] Bluetooth: RFCOMM ver 1.11
[    3.371685] Bluetooth: BNEP (Ethernet Emulation) ver 1.3
[    3.376954] Bluetooth: BNEP filters: protocol multicast
[    3.382148] Bluetooth: BNEP socket layer initialized
[    3.387076] Bluetooth: HIDP (Human Interface Emulation) ver 1.2
[    3.392959] Bluetooth: HIDP socket layer initialized
[    3.398015] 9pnet: Installing 9P2000 support
[    3.402137] NET: Registered protocol family 36
[    3.406553] Key type dns_resolver registered
[    3.410984] registered taskstats version 1
[    3.414849] Loading compiled-in X.509 certificates
[    3.419974] Btrfs loaded, crc32c=crc32c-generic
[    3.432358] ff000000.serial: ttyPS0 at MMIO 0xff000000 (irq = 49, base_baud = 6249999) is a xuartps
[    3.441384] printk: console [ttyPS0] enabled
[    3.445680] printk: bootconsole [cdns0] disabled
[    3.455311] ff010000.serial: ttyPS1 at MMIO 0xff010000 (irq = 50, base_baud = 6249999) is a xuartps
[    3.468556] of-fpga-region fpga-full: FPGA Region probed
[    3.475491] nwl-pcie fd0e0000.pcie: host bridge /axi/pcie@fd0e0000 ranges:
[    3.482383] nwl-pcie fd0e0000.pcie:      MEM 0x00e0000000..0x00efffffff -> 0x00e0000000
[    3.490385] nwl-pcie fd0e0000.pcie:      MEM 0x0600000000..0x07ffffffff -> 0x0600000000
[    3.498453] nwl-pcie fd0e0000.pcie: Link is DOWN
[    3.503212] nwl-pcie fd0e0000.pcie: PCI host bridge to bus 0000:00
[    3.509391] pci_bus 0000:00: root bus resource [bus 00-ff]
[    3.514872] pci_bus 0000:00: root bus resource [mem 0xe0000000-0xefffffff]
[    3.521737] pci_bus 0000:00: root bus resource [mem 0x600000000-0x7ffffffff pref]
[    3.529240] pci 0000:00:00.0: [10ee:d021] type 01 class 0x060400
[    3.535302] pci 0000:00:00.0: PME# supported from D0 D1 D2 D3hot
[    3.545742] pci 0000:00:00.0: PCI bridge to [bus 01-0c]
[    3.551725] xilinx-zynqmp-dma fd500000.dma: ZynqMP DMA driver Probe success
[    3.558899] xilinx-zynqmp-dma fd510000.dma: ZynqMP DMA driver Probe success
[    3.566072] xilinx-zynqmp-dma fd520000.dma: ZynqMP DMA driver Probe success
[    3.573244] xilinx-zynqmp-dma fd530000.dma: ZynqMP DMA driver Probe success
[    3.580407] xilinx-zynqmp-dma fd540000.dma: ZynqMP DMA driver Probe success
[    3.587578] xilinx-zynqmp-dma fd550000.dma: ZynqMP DMA driver Probe success
[    3.594750] xilinx-zynqmp-dma fd560000.dma: ZynqMP DMA driver Probe success
[    3.601920] xilinx-zynqmp-dma fd570000.dma: ZynqMP DMA driver Probe success
[    3.609317] xilinx-zynqmp-dpdma fd4c0000.dma-controller: Xilinx DPDMA engine is probed
[    3.617862] ahci-ceva fd0c0000.ahci: supply ahci not found, using dummy regulator
[    3.625412] ahci-ceva fd0c0000.ahci: supply phy not found, using dummy regulator
[    3.715834] hmc7044 spi2.0: PLL1: Acquisition, CLKIN0 @ 122880000 Hz, PFD: 80 kHz - PLL2: Locked @ 3184.000000 MHz
[    3.726548] jesd204: /axi/spi@ff050000/hmc7044@0,jesd204:1,parent=spi2.0: Using as SYSREF provider
[    3.736134] spi-nor spi0.0: SPI-NOR-UniqueID 100000235394732200270025081115266e
[    3.743438] spi-nor spi0.0: found n25q512a, expected m25p80
[    3.749634] spi-nor spi0.0: trying to lock already unlocked area
[    3.755639] spi-nor spi0.0: n25q512a (131072 Kbytes)
[    3.760618] 4 fixed-partitions partitions found on MTD device spi0.0
[    3.766963] Creating 4 MTD partitions on "spi0.0":
[    3.771749] 0x000000000000-0x000000100000 : "qspi-fsbl-uboot"
[    3.778231] 0x000000100000-0x000000600000 : "qspi-linux"
[    3.784188] 0x000000600000-0x000000620000 : "qspi-device-tree"
[    3.790665] 0x000000620000-0x000000c00000 : "qspi-rootfs"
[    3.799137] macb ff0e0000.ethernet: Not enabling partial store and forward
[    3.806658] libphy: MACB_mii_bus: probed
[    3.811733] macb ff0e0000.ethernet eth0: Cadence GEM rev 0x50070106 at 0xff0e0000 irq 30 (00:0a:35:04:8e:1b)
[    3.821942] xilinx-axipmon ffa00000.perf-monitor: Probed Xilinx APM
[    3.828515] xilinx-axipmon fd0b0000.perf-monitor: Probed Xilinx APM
[    3.835029] xilinx-axipmon fd490000.perf-monitor: Probed Xilinx APM
[    3.841574] xilinx-axipmon ffa10000.perf-monitor: Probed Xilinx APM
[    3.851569] pca953x 0-0020: supply vcc not found, using dummy regulator
[    3.858254] pca953x 0-0020: using no AI
[    3.862741] gpio-496 (sel0): hogged as output/low
[    3.867634] gpio-497 (sel1): hogged as output/high
[    3.872621] gpio-498 (sel2): hogged as output/high
[    3.877609] gpio-499 (sel3): hogged as output/high
[    3.882785] pca953x 0-0021: supply vcc not found, using dummy regulator
[    3.889457] pca953x 0-0021: using no AI
[    3.895203] ina2xx 2-0040: power monitor ina226 (Rshunt = 5000 uOhm)
[    3.902228] ina2xx 2-0041: power monitor ina226 (Rshunt = 5000 uOhm)
[    3.909272] ina2xx 2-0042: power monitor ina226 (Rshunt = 5000 uOhm)
[    3.916306] ina2xx 2-0043: power monitor ina226 (Rshunt = 5000 uOhm)
[    3.923325] ina2xx 2-0044: power monitor ina226 (Rshunt = 5000 uOhm)
[    3.930347] ina2xx 2-0045: power monitor ina226 (Rshunt = 5000 uOhm)
[    3.937380] ina2xx 2-0046: power monitor ina226 (Rshunt = 5000 uOhm)
[    3.944449] ina2xx 2-0047: power monitor ina226 (Rshunt = 5000 uOhm)
[    3.951490] ina2xx 2-004a: power monitor ina226 (Rshunt = 5000 uOhm)
[    3.958517] ina2xx 2-004b: power monitor ina226 (Rshunt = 5000 uOhm)
[    3.964931] i2c i2c-0: Added multiplexed i2c bus 2
[    3.970316] random: fast init done
[    3.973786] ina2xx 3-0040: power monitor ina226 (Rshunt = 2000 uOhm)
[    3.980814] ina2xx 3-0041: power monitor ina226 (Rshunt = 5000 uOhm)
[    3.987843] ina2xx 3-0042: power monitor ina226 (Rshunt = 5000 uOhm)
[    3.994871] ina2xx 3-0043: power monitor ina226 (Rshunt = 5000 uOhm)
[    4.001898] ina2xx 3-0044: power monitor ina226 (Rshunt = 5000 uOhm)
[    4.008926] ina2xx 3-0045: power monitor ina226 (Rshunt = 5000 uOhm)
[    4.015954] ina2xx 3-0046: power monitor ina226 (Rshunt = 5000 uOhm)
[    4.022987] ina2xx 3-0047: power monitor ina226 (Rshunt = 5000 uOhm)
[    4.029388] i2c i2c-0: Added multiplexed i2c bus 3
[    4.085409] i2c i2c-0: Added multiplexed i2c bus 4
[    4.090345] i2c i2c-0: Added multiplexed i2c bus 5
[    4.095134] pca954x 0-0075: registered 4 multiplexed busses for I2C mux pca9544
[    4.102483] cdns-i2c ff020000.i2c: 400 kHz mmio ff020000 irq 32
[    4.110207] at24 6-0054: supply vcc not found, using dummy regulator
[    4.117102] at24 6-0054: 1024 byte 24c08 EEPROM, writable, 1 bytes/write
[    4.123855] i2c i2c-1: Added multiplexed i2c bus 6
[    4.130285] si5341 7-0036: Chip: 5341 Grade: 1 Rev: 1
[    4.167977] i2c i2c-1: Added multiplexed i2c bus 7
[    4.175633] si570 8-005d: registered, current frequency 300000000 Hz
[    4.182036] i2c i2c-1: Added multiplexed i2c bus 8
[    4.201827] si570 9-005d: registered, current frequency 148500000 Hz
[    4.208232] i2c i2c-1: Added multiplexed i2c bus 9
[    4.213270] si5324 10-0069: si5328 probed
[    4.280012] si5324 10-0069: si5328 probe successful
[    4.284939] i2c i2c-1: Added multiplexed i2c bus 10
[    4.289967] i2c i2c-1: Added multiplexed i2c bus 11
[    4.294989] i2c i2c-1: Added multiplexed i2c bus 12
[    4.300015] i2c i2c-1: Added multiplexed i2c bus 13
[    4.304895] pca954x 1-0074: registered 8 multiplexed busses for I2C switch pca9548
[    4.313003] at24 14-0050: supply vcc not found, using dummy regulator
[    4.319802] at24 14-0050: 256 byte 24c02 EEPROM, writable, 1 bytes/write
[    4.326546] i2c i2c-1: Added multiplexed i2c bus 14
[    4.331586] i2c i2c-1: Added multiplexed i2c bus 15
[    4.336620] i2c i2c-1: Added multiplexed i2c bus 16
[    4.341658] i2c i2c-1: Added multiplexed i2c bus 17
[    4.346689] i2c i2c-1: Added multiplexed i2c bus 18
[    4.351733] i2c i2c-1: Added multiplexed i2c bus 19
[    4.356774] i2c i2c-1: Added multiplexed i2c bus 20
[    4.361814] i2c i2c-1: Added multiplexed i2c bus 21
[    4.366687] pca954x 1-0075: registered 8 multiplexed busses for I2C switch pca9548
[    4.374296] cdns-i2c ff030000.i2c: 400 kHz mmio ff030000 irq 33
[    4.384038] cdns-wdt fd4d0000.watchdog: Xilinx Watchdog Timer with timeout 60s
[    4.393097] axi_adxcvr 84a60000.axi-adxcvr-rx: adxcvr_enforce_settings: Using QPLL without access, assuming desired Lane rate will be configured by a different instance
[    4.409737] axi_adxcvr 84a60000.axi-adxcvr-rx: AXI-ADXCVR-RX (17.05.a) using QPLL on GTH4 at 0x84A60000. Number of lanes: 4.
[    4.421895] axi_adxcvr 84b60000.axi-adxcvr-tx: AXI-ADXCVR-TX (17.05.a) using QPLL on GTH4 at 0x84B60000. Number of lanes: 4.
[    4.425848] mmc0: SDHCI controller on ff170000.mmc [ff170000.mmc] using ADMA 64-bit
[    4.441048] axi-jesd204-rx 84a90000.axi-jesd204-rx: AXI-JESD204-RX (1.07.a) at 0x84A90000. Encoder 8b10b, width 4/4, lanes 4, jesd204-fsm.
[    4.453889] axi-jesd204-tx 84b90000.axi-jesd204-tx: AXI-JESD204-TX (1.06.a) at 0x84B90000. Encoder 8b10b, width 4/4, lanes 4, jesd204-fsm.
[    4.467387] zynqmp-display fd4a0000.display: vtc bridge property not present
[    4.473430] mmc0: new high speed SDHC card at address 0001
[    4.477038] xilinx-dp-snd-codec fd4a0000.display:zynqmp_dp_snd_codec0: Failed to get required clock freq
[    4.480274] mmcblk0: mmc0:0001 EB1QT 29.8 GiB 
[    4.489397] xilinx-dp-snd-codec: probe of fd4a0000.display:zynqmp_dp_snd_codec0 failed with error -22
[    4.495048]  mmcblk0: p1 p2 p3
[    4.503383] xilinx-dp-snd-pcm zynqmp_dp_snd_pcm0: Xilinx DisplayPort Sound PCM probed
[    4.514240] xilinx-dp-snd-pcm zynqmp_dp_snd_pcm1: Xilinx DisplayPort Sound PCM probed
[    4.522452] OF: graph: no port node found in /axi/display@fd4a0000
[    4.528861] xlnx-drm xlnx-drm.0: bound fd4a0000.display (ops 0xffffffc010fcbdb8)
[    5.615679] zynqmp-display fd4a0000.display: [drm] Cannot find any crtc or sizes
[    5.623298] [drm] Initialized xlnx 1.0.0 20130509 for fd4a0000.display on minor 0
[    5.630792] zynqmp-display fd4a0000.display: ZynqMP DisplayPort Subsystem driver probed
[    5.639101] ahci-ceva fd0c0000.ahci: supply ahci not found, using dummy regulator
[    5.646641] ahci-ceva fd0c0000.ahci: supply phy not found, using dummy regulator
[    5.654099] ahci-ceva fd0c0000.ahci: supply target not found, using dummy regulator
[    5.661933] ahci-ceva fd0c0000.ahci: AHCI 0001.0301 32 slots 2 ports 6 Gbps 0x3 impl platform mode
[    5.670890] ahci-ceva fd0c0000.ahci: flags: 64bit ncq sntf pm clo only pmp fbs pio slum part ccc sds apst 
[    5.681587] scsi host0: ahci-ceva
[    5.685188] scsi host1: ahci-ceva
[    5.688616] ata1: SATA max UDMA/133 mmio [mem 0xfd0c0000-0xfd0c1fff] port 0x100 irq 45
[    5.696534] ata2: SATA max UDMA/133 mmio [mem 0xfd0c0000-0xfd0c1fff] port 0x180 irq 45
[    5.705140] ad9081 spi1.0: supply vdd not found, using dummy regulator
[    6.017911] ata1: SATA link down (SStatus 0 SControl 330)
[    6.023324] ata2: SATA link down (SStatus 0 SControl 330)
[    6.699681] zynqmp-display fd4a0000.display: [drm] Cannot find any crtc or sizes
[    7.507994] ad9081 spi1.0: AD9081 Rev. 2 Grade 10 (API 1.2.2) probed
[    7.515183] xhci-hcd xhci-hcd.1.auto: xHCI Host Controller
[    7.520678] xhci-hcd xhci-hcd.1.auto: new USB bus registered, assigned bus number 1
[    7.528424] xhci-hcd xhci-hcd.1.auto: hcc params 0x0238f625 hci version 0x100 quirks 0x0000000002010810
[    7.537838] xhci-hcd xhci-hcd.1.auto: irq 59, io mem 0xfe200000
[    7.543944] usb usb1: New USB device found, idVendor=1d6b, idProduct=0002, bcdDevice= 5.10
[    7.552203] usb usb1: New USB device strings: Mfr=3, Product=2, SerialNumber=1
[    7.559420] usb usb1: Product: xHCI Host Controller
[    7.564289] usb usb1: Manufacturer: Linux 5.10.0-98103-g2aa7ac113716 xhci-hcd
[    7.571415] usb usb1: SerialNumber: xhci-hcd.1.auto
[    7.576585] hub 1-0:1.0: USB hub found
[    7.580353] hub 1-0:1.0: 1 port detected
[    7.584454] xhci-hcd xhci-hcd.1.auto: xHCI Host Controller
[    7.589940] xhci-hcd xhci-hcd.1.auto: new USB bus registered, assigned bus number 2
[    7.597594] xhci-hcd xhci-hcd.1.auto: Host supports USB 3.0 SuperSpeed
[    7.604217] usb usb2: New USB device found, idVendor=1d6b, idProduct=0003, bcdDevice= 5.10
[    7.612476] usb usb2: New USB device strings: Mfr=3, Product=2, SerialNumber=1
[    7.619696] usb usb2: Product: xHCI Host Controller
[    7.624564] usb usb2: Manufacturer: Linux 5.10.0-98103-g2aa7ac113716 xhci-hcd
[    7.631694] usb usb2: SerialNumber: xhci-hcd.1.auto
[    7.636808] hub 2-0:1.0: USB hub found
[    7.640569] hub 2-0:1.0: 1 port detected
[    7.670675] cf_axi_adc 84a10000.axi-ad9081-rx-hpc: ADI AIM (10.01.b) at 0x84A10000 mapped to 0x(____ptrval____), probed ADC AD9081 as MASTER
[    7.704507] cf_axi_dds 84b10000.axi-ad9081-tx-hpc: Analog Devices CF_AXI_DDS_DDS MASTER (9.01.b) at 0x84B10000 mapped to 0x(____ptrval____), probed DDS AD9081
[    7.718704] jesd204: /axi/spi@ff040000/ad9081@0,jesd204:0,parent=spi1.0: JESD204[2] transition initialized -> probed
[    7.729227] jesd204: /axi/spi@ff040000/ad9081@0,jesd204:0,parent=spi1.0: JESD204[0] transition initialized -> probed
[    7.739750] jesd204: /axi/spi@ff040000/ad9081@0,jesd204:0,parent=spi1.0: JESD204[2] transition probed -> idle
[    7.749658] jesd204: /axi/spi@ff040000/ad9081@0,jesd204:0,parent=spi1.0: JESD204[0] transition probed -> idle
[    7.759573] jesd204: /axi/spi@ff040000/ad9081@0,jesd204:0,parent=spi1.0: JESD204[2] transition idle -> device_init
[    7.769915] jesd204: /axi/spi@ff040000/ad9081@0,jesd204:0,parent=spi1.0: JESD204[0] transition idle -> device_init
[    7.780267] jesd204: /axi/spi@ff040000/ad9081@0,jesd204:0,parent=spi1.0: JESD204[2] transition device_init -> link_init
[    7.791043] jesd204: /axi/spi@ff040000/ad9081@0,jesd204:0,parent=spi1.0: JESD204[0] transition device_init -> link_init
[    7.801834] jesd204: /axi/spi@ff040000/ad9081@0,jesd204:0,parent=spi1.0: JESD204[2] transition link_init -> link_supported
[    7.812873] jesd204: /axi/spi@ff040000/ad9081@0,jesd204:0,parent=spi1.0: JESD204[0] transition link_init -> link_supported
[    7.824276] hmc7044 spi2.0: hmc7044_jesd204_link_pre_setup: Link2 forcing continuous SYSREF mode
[    7.833400] jesd204: /axi/spi@ff040000/ad9081@0,jesd204:0,parent=spi1.0: JESD204[2] transition link_supported -> link_pre_setup
[    7.844879] jesd204: /axi/spi@ff040000/ad9081@0,jesd204:0,parent=spi1.0: JESD204[0] transition link_supported -> link_pre_setup
[    7.868685] jesd204: /axi/spi@ff040000/ad9081@0,jesd204:0,parent=spi1.0: JESD204[2] transition link_pre_setup -> clk_sync_stage1
[    7.880249] jesd204: /axi/spi@ff040000/ad9081@0,jesd204:0,parent=spi1.0: JESD204[0] transition link_pre_setup -> clk_sync_stage1
[    7.891814] jesd204: /axi/spi@ff040000/ad9081@0,jesd204:0,parent=spi1.0: JESD204[2] transition clk_sync_stage1 -> clk_sync_stage2
[    7.903457] jesd204: /axi/spi@ff040000/ad9081@0,jesd204:0,parent=spi1.0: JESD204[0] transition clk_sync_stage1 -> clk_sync_stage2
[    7.915115] jesd204: /axi/spi@ff040000/ad9081@0,jesd204:0,parent=spi1.0: JESD204[2] transition clk_sync_stage2 -> clk_sync_stage3
[    7.926763] jesd204: /axi/spi@ff040000/ad9081@0,jesd204:0,parent=spi1.0: JESD204[0] transition clk_sync_stage2 -> clk_sync_stage3
[    7.940495] jesd204: /axi/spi@ff040000/ad9081@0,jesd204:0,parent=spi1.0: JESD204[2] transition clk_sync_stage3 -> link_setup
[    7.951710] jesd204: /axi/spi@ff040000/ad9081@0,jesd204:0,parent=spi1.0: JESD204[0] transition clk_sync_stage3 -> link_setup
[    7.967714] jesd204: /axi/spi@ff040000/ad9081@0,jesd204:0,parent=spi1.0: JESD204[2] transition link_setup -> opt_setup_stage1
[    7.979019] jesd204: /axi/spi@ff040000/ad9081@0,jesd204:0,parent=spi1.0: JESD204[0] transition link_setup -> opt_setup_stage1
[    7.995361] jesd204: /axi/spi@ff040000/ad9081@0,jesd204:0,parent=spi1.0: JESD204[2] transition opt_setup_stage1 -> opt_setup_stage2
[    8.007185] jesd204: /axi/spi@ff040000/ad9081@0,jesd204:0,parent=spi1.0: JESD204[0] transition opt_setup_stage1 -> opt_setup_stage2
[    8.019158] jesd204: /axi/spi@ff040000/ad9081@0,jesd204:0,parent=spi1.0: JESD204[2] transition opt_setup_stage2 -> opt_setup_stage3
[    8.030978] jesd204: /axi/spi@ff040000/ad9081@0,jesd204:0,parent=spi1.0: JESD204[0] transition opt_setup_stage2 -> opt_setup_stage3
[    8.042801] jesd204: /axi/spi@ff040000/ad9081@0,jesd204:0,parent=spi1.0: JESD204[2] transition opt_setup_stage3 -> opt_setup_stage4
[    8.054619] jesd204: /axi/spi@ff040000/ad9081@0,jesd204:0,parent=spi1.0: JESD204[0] transition opt_setup_stage3 -> opt_setup_stage4
[    8.066453] jesd204: /axi/spi@ff040000/ad9081@0,jesd204:0,parent=spi1.0: JESD204[2] transition opt_setup_stage4 -> opt_setup_stage5
[    8.078273] jesd204: /axi/spi@ff040000/ad9081@0,jesd204:0,parent=spi1.0: JESD204[0] transition opt_setup_stage4 -> opt_setup_stage5
[    8.113356] axi_adxcvr 84a60000.axi-adxcvr-rx: adxcvr_clk_enable: QPLL RX buffer underflow error, status: 0x61
[    8.123347] axi_adxcvr 84a60000.axi-adxcvr-rx: adxcvr_clk_enable: QPLL RX buffer overflow error, status: 0x61
[    8.137367] jesd204: /axi/spi@ff040000/ad9081@0,jesd204:0,parent=spi1.0: JESD204[2] transition opt_setup_stage5 -> clocks_enable
[    8.148932] jesd204: /axi/spi@ff040000/ad9081@0,jesd204:0,parent=spi1.0: JESD204[0] transition opt_setup_stage5 -> clocks_enable
[    8.160549] jesd204: /axi/spi@ff040000/ad9081@0,jesd204:0,parent=spi1.0: JESD204[2] transition clocks_enable -> link_enable
[    8.171681] jesd204: /axi/spi@ff040000/ad9081@0,jesd204:0,parent=spi1.0: JESD204[0] transition clocks_enable -> link_enable
[    8.311666] axi-jesd204-rx 84a90000.axi-jesd204-rx: axi_jesd204_rx_jesd204_link_running: Link2 status failed (CGS)
[    8.322010] jesd204: /fpga-axi@0/axi-jesd204-rx@84a90000,jesd204:4,parent=84a90000.axi-jesd204-rx: JESD204[2] In link_running got error from cb: -1 (ignoring!)
[    8.431899] ad9081 spi1.0: JESD RX (JTX) Link2 in CGS, SYNC asserted, PLL locked, PHASE established, MODE valid
[    8.441985] jesd204: /axi/spi@ff040000/ad9081@0,jesd204:0,parent=spi1.0: JESD204[2] In link_running got error from cb: -1 (ignoring!)
[    8.454241] ad9081 spi1.0: JESD TX (JRX) Link0 0xF lanes in DATA
[    8.460248] jesd204: /axi/spi@ff040000/ad9081@0,jesd204:0,parent=spi1.0: JESD204[2] transition link_enable -> link_running
[    8.471286] jesd204: /axi/spi@ff040000/ad9081@0,jesd204:0,parent=spi1.0: JESD204[0] transition link_enable -> link_running
[    8.482331] jesd204: /axi/spi@ff040000/ad9081@0,jesd204:0,parent=spi1.0: JESD204[2] transition link_running -> opt_post_running_stage
[    8.494323] jesd204: /axi/spi@ff040000/ad9081@0,jesd204:0,parent=spi1.0: JESD204[0] transition link_running -> opt_post_running_stage
[    8.515542] input: gpio-keys as /devices/platform/gpio-keys/input/input0
[    8.522570] of_cfs_init
[    8.525028] of_cfs_init: OK
[    8.527962] cfg80211: Loading compiled-in X.509 certificates for regulatory database
[    8.666193] cfg80211: Loaded X.509 cert 'sforshee: 00b28ddf47aef9cea7'
[    8.672725] clk: Not disabling unused clocks
[    8.677252] ALSA device list:
[    8.680216]   No soundcards found.
[    8.683874] platform regulatory.0: Direct firmware load for regulatory.db failed with error -2
[    8.692488] cfg80211: failed to load regulatory.db
[    8.707335] EXT4-fs (mmcblk0p2): mounted filesystem with ordered data mode. Opts: (null)
[    8.715446] VFS: Mounted root (ext4 filesystem) on device 179:2.
[    8.728604] devtmpfs: mounted
[    8.732419] Freeing unused kernel memory: 2560K
[    8.737036] Run /sbin/init as init process
[    8.741128]   with arguments:
[    8.741130]     /sbin/init
[    8.741132]   with environment:
[    8.741135]     HOME=/
[    8.741137]     TERM=linux
[    9.305789] systemd[1]: systemd 241 running in system mode. (+PAM +AUDIT +SELINUX +IMA +APPARMOR +SMACK +SYSVINIT +UTMP +LIBCRYPTSETUP +GCRYPT +GNUTLS +ACL +XZ +LZ4 +SECCOMP +BLKID +ELFUTILS +KMOD -IDN2 +IDN -PCRE2 default-hierarchy=hybrid)
[    9.327665] systemd[1]: Detected architecture arm64.
[    9.352374] systemd[1]: Set hostname to <analog>.
[    9.537334] systemd[1]: File /lib/systemd/system/systemd-journald.service:12 configures an IP firewall (IPAddressDeny=any), but the local system does not support BPF/cgroup based firewalling.
[    9.554426] systemd[1]: Proceeding WITHOUT firewalling in effect! (This warning is only shown for the first loaded unit using IP firewalling.)
[    9.719547] systemd[1]: /etc/systemd/system/tof-server.service:1: Assignment outside of section. Ignoring.
[    9.729241] systemd[1]: /etc/systemd/system/tof-server.service:2: Assignment outside of section. Ignoring.
[    9.912363] random: systemd: uninitialized urandom read (16 bytes read)
[    9.927130] random: systemd: uninitialized urandom read (16 bytes read)
[    9.934354] systemd[1]: Created slice system-getty.slice.
[    9.955773] random: systemd: uninitialized urandom read (16 bytes read)
[    9.962600] systemd[1]: Created slice User and Session Slice.
[    9.983764] systemd[1]: Reached target Slices.
[   10.784181] EXT4-fs (mmcblk0p2): re-mounted. Opts: (null)
[   10.888426] systemd-journald[167]: Received request to flush runtime journal from PID 1
[   16.062469] random: crng init done
[   16.062480] random: 7 urandom warning(s) missed due to ratelimiting
[   16.811042] macb ff0e0000.ethernet eth0: PHY [ff0e0000.ethernet-ffffffff:0c] driver [TI DP83867] (irq=POLL)
[   16.811055] macb ff0e0000.ethernet eth0: configuring for phy/rgmii-id link mode
[   17.115725] Adding 98300k swap on /var/swap.  Priority:-2 extents:4 across:10138612k SS
[   20.897299] macb ff0e0000.ethernet eth0: Link is Up - 1Gbps/Full - flow control off
[   20.897328] IPv6: ADDRCONF(NETDEV_CHANGE): eth0: link becomes ready
[   21.027388] broken atomic modeset userspace detected, disabling atomic
[   23.713721] broken atomic modeset userspace detected, disabling atomic
[   26.712379] broken atomic modeset userspace detected, disabling atomic