[    0.000000] Booting Linux on physical CPU 0x0000000000 [0x410fd034]
[    0.000000] Linux version 5.10.0-98103-g2aa7ac113716 (jenkins@romlxbuild1.adlk.analog.com) (aarch64-xilinx-linux-gcc.real (GCC) 10.2.0, GNU ld (GNU Binutils) 2.35.0.20200730) #5577 SMP Wed Mar 23 07:28:49 GMT 2022
[    0.000000] Machine model: ZynqMP ZCU102 Rev1.0
[    0.000000] earlycon: cdns0 at MMIO 0x00000000ff000000 (options '115200n8')
[    0.000000] printk: bootconsole [cdns0] enabled
[    0.000000] efi: UEFI not found.
[    0.000000] cma: Reserved 256 MiB at 0x0000000070000000
[    0.000000] Zone ranges:
[    0.000000]   DMA      [mem 0x0000000000000000-0x000000003fffffff]
[    0.000000]   DMA32    [mem 0x0000000040000000-0x00000000ffffffff]
[    0.000000]   Normal   [mem 0x0000000100000000-0x000000087fffffff]
[    0.000000] Movable zone start for each node
[    0.000000] Early memory node ranges
[    0.000000]   node   0: [mem 0x0000000000000000-0x000000007fffffff]
[    0.000000]   node   0: [mem 0x0000000800000000-0x000000087fffffff]
[    0.000000] Initmem setup node 0 [mem 0x0000000000000000-0x000000087fffffff]
[    0.000000] On node 0 totalpages: 1048576
[    0.000000]   DMA zone: 3584 pages used for memmap
[    0.000000]   DMA zone: 0 pages reserved
[    0.000000]   DMA zone: 262144 pages, LIFO batch:63
[    0.000000]   DMA32 zone: 3584 pages used for memmap
[    0.000000]   DMA32 zone: 262144 pages, LIFO batch:63
[    0.000000]   Normal zone: 7168 pages used for memmap
[    0.000000]   Normal zone: 524288 pages, LIFO batch:63
[    0.000000] psci: probing for conduit method from DT.
[    0.000000] psci: PSCIv1.1 detected in firmware.
[    0.000000] psci: Using standard PSCI v0.2 function IDs
[    0.000000] psci: MIGRATE_INFO_TYPE not supported.
[    0.000000] psci: SMC Calling Convention v1.2
[    0.000000] percpu: Embedded 22 pages/cpu s49496 r8192 d32424 u90112
[    0.000000] pcpu-alloc: s49496 r8192 d32424 u90112 alloc=22*4096
[    0.000000] pcpu-alloc: [0] 0 [0] 1 [0] 2 [0] 3 
[    0.000000] Detected VIPT I-cache on CPU0
[    0.000000] CPU features: detected: ARM erratum 845719
[    0.000000] Built 1 zonelists, mobility grouping on.  Total pages: 1034240
[    0.000000] Kernel command line: console=ttyPS0,115200 root=/dev/mmcblk0p2 rw earlycon rootfstype=ext4 rootwait clk_ignore_unused cpuidle.off=1 root=/dev/mmcblk0p2 rw rootwait
[    0.000000] Dentry cache hash table entries: 524288 (order: 10, 4194304 bytes, linear)
[    0.000000] Inode-cache hash table entries: 262144 (order: 9, 2097152 bytes, linear)
[    0.000000] mem auto-init: stack:off, heap alloc:off, heap free:off
[    0.000000] software IO TLB: mapped [mem 0x000000003bfff000-0x000000003ffff000] (64MB)
[    0.000000] Memory: 3761904K/4194304K available (15296K kernel code, 1636K rwdata, 11876K rodata, 2560K init, 507K bss, 170256K reserved, 262144K cma-reserved)
[    0.000000] rcu: Hierarchical RCU implementation.
[    0.000000] rcu: 	RCU event tracing is enabled.
[    0.000000] rcu: 	RCU restricting CPUs from NR_CPUS=8 to nr_cpu_ids=4.
[    0.000000] rcu: RCU calculated value of scheduler-enlistment delay is 25 jiffies.
[    0.000000] rcu: Adjusting geometry for rcu_fanout_leaf=16, nr_cpu_ids=4
[    0.000000] NR_IRQS: 64, nr_irqs: 64, preallocated irqs: 0
[    0.000000] GIC: Adjusting CPU interface base to 0x00000000f902f000
[    0.000000] GIC: Using split EOI/Deactivate mode
[    0.000000] random: get_random_bytes called from start_kernel+0x31c/0x54c with crng_init=0
[    0.000000] arch_timer: cp15 timer(s) running at 100.00MHz (phys).
[    0.000000] clocksource: arch_sys_counter: mask: 0xffffffffffffff max_cycles: 0x171024e7e0, max_idle_ns: 440795205315 ns
[    0.000003] sched_clock: 56 bits at 100MHz, resolution 10ns, wraps every 4398046511100ns
[    0.008463] Console: colour dummy device 80x25
[    0.012482] Calibrating delay loop (skipped), value calculated using timer frequency.. 200.00 BogoMIPS (lpj=400000)
[    0.022841] pid_max: default: 32768 minimum: 301
[    0.027549] Mount-cache hash table entries: 8192 (order: 4, 65536 bytes, linear)
[    0.034789] Mountpoint-cache hash table entries: 8192 (order: 4, 65536 bytes, linear)
[    0.043397] rcu: Hierarchical SRCU implementation.
[    0.047559] EFI services will not be available.
[    0.051938] smp: Bringing up secondary CPUs ...
[    0.056655] Detected VIPT I-cache on CPU1
[    0.056694] CPU1: Booted secondary processor 0x0000000001 [0x410fd034]
[    0.057058] Detected VIPT I-cache on CPU2
[    0.057082] CPU2: Booted secondary processor 0x0000000002 [0x410fd034]
[    0.057420] Detected VIPT I-cache on CPU3
[    0.057443] CPU3: Booted secondary processor 0x0000000003 [0x410fd034]
[    0.057490] smp: Brought up 1 node, 4 CPUs
[    0.091779] SMP: Total of 4 processors activated.
[    0.096452] CPU features: detected: 32-bit EL0 Support
[    0.101556] CPU features: detected: CRC32 instructions
[    0.106695] CPU: All CPU(s) started at EL2
[    0.110736] alternatives: patching kernel code
[    0.116168] devtmpfs: initialized
[    0.124065] Registered cp15_barrier emulation handler
[    0.124115] Registered setend emulation handler
[    0.128092] clocksource: jiffies: mask: 0xffffffff max_cycles: 0xffffffff, max_idle_ns: 7645041785100000 ns
[    0.137671] futex hash table entries: 1024 (order: 4, 65536 bytes, linear)
[    0.151026] pinctrl core: initialized pinctrl subsystem
[    0.151673] NET: Registered protocol family 16
[    0.156091] DMA: preallocated 512 KiB GFP_KERNEL pool for atomic allocations
[    0.162107] DMA: preallocated 512 KiB GFP_KERNEL|GFP_DMA pool for atomic allocations
[    0.169836] DMA: preallocated 512 KiB GFP_KERNEL|GFP_DMA32 pool for atomic allocations
[    0.177636] audit: initializing netlink subsys (disabled)
[    0.183086] audit: type=2000 audit(0.116:1): state=initialized audit_enabled=0 res=1
[    0.183432] hw-breakpoint: found 6 breakpoint and 4 watchpoint registers.
[    0.197463] ASID allocator initialised with 65536 entries
[    0.224324] HugeTLB registered 1.00 GiB page size, pre-allocated 0 pages
[    0.225377] HugeTLB registered 32.0 MiB page size, pre-allocated 0 pages
[    0.232049] HugeTLB registered 2.00 MiB page size, pre-allocated 0 pages
[    0.238708] HugeTLB registered 64.0 KiB page size, pre-allocated 0 pages
[    1.304294] DRBG: Continuing without Jitter RNG
[    1.382099] raid6: neonx8   gen()  2144 MB/s
[    1.450153] raid6: neonx8   xor()  1600 MB/s
[    1.518206] raid6: neonx4   gen()  2193 MB/s
[    1.586263] raid6: neonx4   xor()  1567 MB/s
[    1.654328] raid6: neonx2   gen()  2075 MB/s
[    1.722371] raid6: neonx2   xor()  1440 MB/s
[    1.790439] raid6: neonx1   gen()  1772 MB/s
[    1.858486] raid6: neonx1   xor()  1220 MB/s
[    1.926551] raid6: int64x8  gen()  1438 MB/s
[    1.994601] raid6: int64x8  xor()   771 MB/s
[    2.062663] raid6: int64x4  gen()  1599 MB/s
[    2.130721] raid6: int64x4  xor()   817 MB/s
[    2.198790] raid6: int64x2  gen()  1397 MB/s
[    2.266839] raid6: int64x2  xor()   750 MB/s
[    2.334921] raid6: int64x1  gen()  1034 MB/s
[    2.402975] raid6: int64x1  xor()   517 MB/s
[    2.403013] raid6: using algorithm neonx4 gen() 2193 MB/s
[    2.406969] raid6: .... xor() 1567 MB/s, rmw enabled
[    2.411900] raid6: using neon recovery algorithm
[    2.416912] iommu: Default domain type: Translated 
[    2.421525] SCSI subsystem initialized
[    2.425069] libata version 3.00 loaded.
[    2.425193] usbcore: registered new interface driver usbfs
[    2.430525] usbcore: registered new interface driver hub
[    2.435799] usbcore: registered new device driver usb
[    2.440934] mc: Linux media interface: v0.10
[    2.445047] videodev: Linux video capture interface: v2.00
[    2.450538] EDAC MC: Ver: 3.0.0
[    2.453981] zynqmp-ipi-mbox mailbox@ff990400: Registered ZynqMP IPI mbox with TX/RX channels.
[    2.462483] jesd204: created con: id=0, topo=0, link=0, /axi/spi@ff050000/hmc7044@0 <-> /fpga-axi@0/axi-adxcvr-tx@84b60000
[    2.473068] jesd204: created con: id=1, topo=0, link=2, /axi/spi@ff050000/hmc7044@0 <-> /fpga-axi@0/axi-adxcvr-rx@84a60000
[    2.484053] jesd204: created con: id=2, topo=0, link=0, /fpga-axi@0/axi-adxcvr-tx@84b60000 <-> /fpga-axi@0/axi-jesd204-tx@84b90000
[    2.495728] jesd204: created con: id=3, topo=0, link=2, /fpga-axi@0/axi-adxcvr-rx@84a60000 <-> /fpga-axi@0/axi-jesd204-rx@84a90000
[    2.507405] jesd204: created con: id=4, topo=0, link=0, /fpga-axi@0/axi-jesd204-tx@84b90000 <-> /fpga-axi@0/axi-ad9081-tx-hpc@84b10000
[    2.519433] jesd204: created con: id=5, topo=0, link=2, /fpga-axi@0/axi-jesd204-rx@84a90000 <-> /fpga-axi@0/axi-ad9081-rx-hpc@84a10000
[    2.531456] jesd204: created con: id=6, topo=0, link=2, /fpga-axi@0/axi-ad9081-rx-hpc@84a10000 <-> /axi/spi@ff040000/ad9081@0
[    2.542697] jesd204: created con: id=7, topo=0, link=0, /fpga-axi@0/axi-ad9081-tx-hpc@84b10000 <-> /axi/spi@ff040000/ad9081@0
[    2.553947] jesd204: /axi/spi@ff040000/ad9081@0: JESD204[2] transition uninitialized -> initialized
[    2.562934] jesd204: /axi/spi@ff040000/ad9081@0: JESD204[0] transition uninitialized -> initialized
[    2.571925] jesd204: found 8 devices and 1 topologies
[    2.576969] FPGA manager framework
[    2.580449] Advanced Linux Sound Architecture Driver Initialized.
[    2.586742] Bluetooth: Core ver 2.22
[    2.589928] NET: Registered protocol family 31
[    2.594330] Bluetooth: HCI device and connection manager initialized
[    2.600646] Bluetooth: HCI socket layer initialized
[    2.605488] Bluetooth: L2CAP socket layer initialized
[    2.610511] Bluetooth: SCO socket layer initialized
[    2.615698] clocksource: Switched to clocksource arch_sys_counter
[    2.621504] VFS: Disk quotas dquot_6.6.0
[    2.625340] VFS: Dquot-cache hash table entries: 512 (order 0, 4096 bytes)
[    2.636056] NET: Registered protocol family 2
[    2.636785] tcp_listen_portaddr_hash hash table entries: 2048 (order: 3, 32768 bytes, linear)
[    2.644979] TCP established hash table entries: 32768 (order: 6, 262144 bytes, linear)
[    2.653004] TCP bind hash table entries: 32768 (order: 7, 524288 bytes, linear)
[    2.660450] TCP: Hash tables configured (established 32768 bind 32768)
[    2.666625] UDP hash table entries: 2048 (order: 4, 65536 bytes, linear)
[    2.673290] UDP-Lite hash table entries: 2048 (order: 4, 65536 bytes, linear)
[    2.680449] NET: Registered protocol family 1
[    2.684907] RPC: Registered named UNIX socket transport module.
[    2.690527] RPC: Registered udp transport module.
[    2.695191] RPC: Registered tcp transport module.
[    2.699861] RPC: Registered tcp NFSv4.1 backchannel transport module.
[    2.706852] PCI: CLS 0 bytes, default 64
[    2.710560] hw perfevents: no interrupt-affinity property for /pmu, guessing.
[    2.717411] hw perfevents: enabled with armv8_pmuv3 PMU driver, 7 counters available
[    2.725768] Initialise system trusted keyrings
[    2.729440] workingset: timestamp_bits=62 max_order=20 bucket_order=0
[    2.736344] NFS: Registering the id_resolver key type
[    2.740790] Key type id_resolver registered
[    2.744929] Key type id_legacy registered
[    2.748918] nfs4filelayout_init: NFSv4 File Layout Driver Registering...
[    2.755584] jffs2: version 2.2. (NAND) (SUMMARY)  Â© 2001-2006 Red Hat, Inc.
[    2.798991] NET: Registered protocol family 38
[    2.799033] xor: measuring software checksum speed
[    2.806720]    8regs           :  2363 MB/sec
[    2.810389]    32regs          :  2799 MB/sec
[    2.815332]    arm64_neon      :  2380 MB/sec
[    2.815522] xor: using function: 32regs (2799 MB/sec)
[    2.820548] Key type asymmetric registered
[    2.824609] Asymmetric key parser 'x509' registered
[    2.829469] Block layer SCSI generic (bsg) driver version 0.4 loaded (major 248)
[    2.836807] io scheduler mq-deadline registered
[    2.841303] io scheduler kyber registered
[    2.870700] Serial: 8250/16550 driver, 4 ports, IRQ sharing disabled
[    2.875343] cacheinfo: Unable to detect cache hierarchy for CPU 0
[    2.881689] brd: module loaded
[    2.885831] loop: module loaded
[    2.886378] Registered mathworks_ip class
[    2.889714] libphy: Fixed MDIO Bus: probed
[    2.892702] tun: Universal TUN/TAP device driver, 1.6
[    2.896751] CAN device driver interface
[    2.901287] usbcore: registered new interface driver asix
[    2.905883] usbcore: registered new interface driver ax88179_178a
[    2.911917] usbcore: registered new interface driver cdc_ether
[    2.917710] usbcore: registered new interface driver net1080
[    2.923336] usbcore: registered new interface driver cdc_subset
[    2.929216] usbcore: registered new interface driver zaurus
[    2.934760] usbcore: registered new interface driver cdc_ncm
[    2.941164] ehci_hcd: USB 2.0 'Enhanced' Host Controller (EHCI) Driver
[    2.946845] ehci-pci: EHCI PCI platform driver
[    2.951644] usbcore: registered new interface driver uas
[    2.956560] usbcore: registered new interface driver usb-storage
[    2.962549] usbcore: registered new interface driver usbserial_generic
[    2.969000] usbserial: USB Serial support registered for generic
[    2.974973] usbcore: registered new interface driver ftdi_sio
[    2.980676] usbserial: USB Serial support registered for FTDI USB Serial Device
[    2.987953] usbcore: registered new interface driver upd78f0730
[    2.993824] usbserial: USB Serial support registered for upd78f0730
[    3.001477] rtc_zynqmp ffa60000.rtc: registered as rtc0
[    3.005249] rtc_zynqmp ffa60000.rtc: setting system clock to 2022-04-12T19:39:18 UTC (1649792358)
[    3.014111] i2c /dev entries driver
[    3.019426] usbcore: registered new interface driver uvcvideo
[    3.023224] USB Video Class driver (1.1.1)
[    3.028804] Bluetooth: HCI UART driver ver 2.3
[    3.031707] Bluetooth: HCI UART protocol H4 registered
[    3.036805] Bluetooth: HCI UART protocol BCSP registered
[    3.042092] Bluetooth: HCI UART protocol LL registered
[    3.047184] Bluetooth: HCI UART protocol ATH3K registered
[    3.052558] Bluetooth: HCI UART protocol Three-wire (H5) registered
[    3.058811] Bluetooth: HCI UART protocol Intel registered
[    3.064148] Bluetooth: HCI UART protocol QCA registered
[    3.069353] usbcore: registered new interface driver bcm203x
[    3.074970] usbcore: registered new interface driver bpa10x
[    3.080506] usbcore: registered new interface driver bfusb
[    3.085960] usbcore: registered new interface driver btusb
[    3.091419] usbcore: registered new interface driver ath3k
[    3.096902] EDAC MC: ECC not enabled
[    3.100532] EDAC DEVICE0: Giving out device to module zynqmp-ocm-edac controller zynqmp_ocm: DEV ff960000.memory-controller (INTERRUPT)
[    3.112843] sdhci: Secure Digital Host Controller Interface driver
[    3.118633] sdhci: Copyright(c) Pierre Ossman
[    3.122956] sdhci-pltfm: SDHCI platform and OF driver helper
[    3.129008] ledtrig-cpu: registered to indicate activity on CPUs
[    3.134562] SMCCC: SOC_ID: ARCH_SOC_ID not implemented, skipping ....
[    3.140993] zynqmp_firmware_probe Platform Management API v1.1
[    3.146748] zynqmp_firmware_probe Trustzone version v1.0
[    3.186290] zynqmp-pinctrl firmware:zynqmp-firmware:pinctrl: zynqmp pinctrl initialized
[    3.234273] zynqmp-aes firmware:zynqmp-firmware:zynqmp-aes: will run requests pump with realtime priority
[    3.250089] alg: No test for xilinx-keccak-384 (zynqmp-keccak-384)
[    3.250793] alg: No test for xilinx-zynqmp-rsa (zynqmp-rsa)
[    3.256306] usbcore: registered new interface driver usbhid
[    3.261696] usbhid: USB HID core driver
[    3.272953] axi_sysid 85000000.axi-sysid-0: AXI System ID core version (1.01.a) found
[    3.275303] axi_sysid 85000000.axi-sysid-0: [ad9081_fmca_ebz] on [zcu102] git branch <master> git <084d44c9780640ca93fd847b1d9ec70dd65f5c67> clean [2022-03-18 04:17:50] UTC
[    3.290990] fpga_manager fpga0: Xilinx ZynqMP FPGA Manager registered
[    3.297349] usbcore: registered new interface driver snd-usb-audio
[    3.304801] pktgen: Packet Generator for packet performance testing. Version: 2.75
[    3.310977] Initializing XFRM netlink socket
[    3.314832] NET: Registered protocol family 10
[    3.319552] Segment Routing with IPv6
[    3.322934] sit: IPv6, IPv4 and MPLS over IPv4 tunneling driver
[    3.329000] NET: Registered protocol family 17
[    3.333107] NET: Registered protocol family 15
[    3.337601] can: controller area network core
[    3.341857] NET: Registered protocol family 29
[    3.346245] can: raw protocol
[    3.349181] can: broadcast manager protocol
[    3.353337] can: netlink gateway - max_hops=1
[    3.357729] Bluetooth: RFCOMM TTY layer initialized
[    3.362509] Bluetooth: RFCOMM socket layer initialized
[    3.367621] Bluetooth: RFCOMM ver 1.11
[    3.371329] Bluetooth: BNEP (Ethernet Emulation) ver 1.3
[    3.376600] Bluetooth: BNEP filters: protocol multicast
[    3.381794] Bluetooth: BNEP socket layer initialized
[    3.386721] Bluetooth: HIDP (Human Interface Emulation) ver 1.2
[    3.392605] Bluetooth: HIDP socket layer initialized
[    3.397658] 9pnet: Installing 9P2000 support
[    3.401782] NET: Registered protocol family 36
[    3.406198] Key type dns_resolver registered
[    3.410627] registered taskstats version 1
[    3.414495] Loading compiled-in X.509 certificates
[    3.419609] Btrfs loaded, crc32c=crc32c-generic
[    3.432013] ff000000.serial: ttyPS0 at MMIO 0xff000000 (irq = 49, base_baud = 6249999) is a xuartps
[    3.441038] printk: console [ttyPS0] enabled
[    3.445332] printk: bootconsole [cdns0] disabled
[    3.454963] ff010000.serial: ttyPS1 at MMIO 0xff010000 (irq = 50, base_baud = 6249999) is a xuartps
[    3.468199] of-fpga-region fpga-full: FPGA Region probed
[    3.475148] nwl-pcie fd0e0000.pcie: host bridge /axi/pcie@fd0e0000 ranges:
[    3.482045] nwl-pcie fd0e0000.pcie:      MEM 0x00e0000000..0x00efffffff -> 0x00e0000000
[    3.490053] nwl-pcie fd0e0000.pcie:      MEM 0x0600000000..0x07ffffffff -> 0x0600000000
[    3.498117] nwl-pcie fd0e0000.pcie: Link is DOWN
[    3.502874] nwl-pcie fd0e0000.pcie: PCI host bridge to bus 0000:00
[    3.509054] pci_bus 0000:00: root bus resource [bus 00-ff]
[    3.514534] pci_bus 0000:00: root bus resource [mem 0xe0000000-0xefffffff]
[    3.521404] pci_bus 0000:00: root bus resource [mem 0x600000000-0x7ffffffff pref]
[    3.528908] pci 0000:00:00.0: [10ee:d021] type 01 class 0x060400
[    3.534964] pci 0000:00:00.0: PME# supported from D0 D1 D2 D3hot
[    3.545410] pci 0000:00:00.0: PCI bridge to [bus 01-0c]
[    3.551381] xilinx-zynqmp-dma fd500000.dma: ZynqMP DMA driver Probe success
[    3.558553] xilinx-zynqmp-dma fd510000.dma: ZynqMP DMA driver Probe success
[    3.565730] xilinx-zynqmp-dma fd520000.dma: ZynqMP DMA driver Probe success
[    3.572907] xilinx-zynqmp-dma fd530000.dma: ZynqMP DMA driver Probe success
[    3.580071] xilinx-zynqmp-dma fd540000.dma: ZynqMP DMA driver Probe success
[    3.587242] xilinx-zynqmp-dma fd550000.dma: ZynqMP DMA driver Probe success
[    3.594412] xilinx-zynqmp-dma fd560000.dma: ZynqMP DMA driver Probe success
[    3.601582] xilinx-zynqmp-dma fd570000.dma: ZynqMP DMA driver Probe success
[    3.608981] xilinx-zynqmp-dpdma fd4c0000.dma-controller: Xilinx DPDMA engine is probed
[    3.617529] ahci-ceva fd0c0000.ahci: supply ahci not found, using dummy regulator
[    3.625068] ahci-ceva fd0c0000.ahci: supply phy not found, using dummy regulator
[    3.715868] hmc7044 spi2.0: PLL1: Acquisition, CLKIN0 @ 122880000 Hz, PFD: 80 kHz - PLL2: Locked @ 2720.000000 MHz
[    3.726585] jesd204: /axi/spi@ff050000/hmc7044@0,jesd204:1,parent=spi2.0: Using as SYSREF provider
[    3.736171] spi-nor spi0.0: SPI-NOR-UniqueID 100000235394732200270025081115266e
[    3.743482] spi-nor spi0.0: found n25q512a, expected m25p80
[    3.749678] spi-nor spi0.0: trying to lock already unlocked area
[    3.755684] spi-nor spi0.0: n25q512a (131072 Kbytes)
[    3.760669] 4 fixed-partitions partitions found on MTD device spi0.0
[    3.767016] Creating 4 MTD partitions on "spi0.0":
[    3.771802] 0x000000000000-0x000000100000 : "qspi-fsbl-uboot"
[    3.778285] 0x000000100000-0x000000600000 : "qspi-linux"
[    3.784244] 0x000000600000-0x000000620000 : "qspi-device-tree"
[    3.790716] 0x000000620000-0x000000c00000 : "qspi-rootfs"
[    3.799175] macb ff0e0000.ethernet: Not enabling partial store and forward
[    3.806699] libphy: MACB_mii_bus: probed
[    3.811771] macb ff0e0000.ethernet eth0: Cadence GEM rev 0x50070106 at 0xff0e0000 irq 30 (00:0a:35:04:8e:1b)
[    3.821976] xilinx-axipmon ffa00000.perf-monitor: Probed Xilinx APM
[    3.828554] xilinx-axipmon fd0b0000.perf-monitor: Probed Xilinx APM
[    3.835073] xilinx-axipmon fd490000.perf-monitor: Probed Xilinx APM
[    3.841615] xilinx-axipmon ffa10000.perf-monitor: Probed Xilinx APM
[    3.851609] pca953x 0-0020: supply vcc not found, using dummy regulator
[    3.858292] pca953x 0-0020: using no AI
[    3.862780] gpio-496 (sel0): hogged as output/low
[    3.867679] gpio-497 (sel1): hogged as output/high
[    3.872665] gpio-498 (sel2): hogged as output/high
[    3.877655] gpio-499 (sel3): hogged as output/high
[    3.882824] pca953x 0-0021: supply vcc not found, using dummy regulator
[    3.889492] pca953x 0-0021: using no AI
[    3.895256] ina2xx 2-0040: power monitor ina226 (Rshunt = 5000 uOhm)
[    3.902280] ina2xx 2-0041: power monitor ina226 (Rshunt = 5000 uOhm)
[    3.909317] ina2xx 2-0042: power monitor ina226 (Rshunt = 5000 uOhm)
[    3.916350] ina2xx 2-0043: power monitor ina226 (Rshunt = 5000 uOhm)
[    3.923381] ina2xx 2-0044: power monitor ina226 (Rshunt = 5000 uOhm)
[    3.930399] ina2xx 2-0045: power monitor ina226 (Rshunt = 5000 uOhm)
[    3.937428] ina2xx 2-0046: power monitor ina226 (Rshunt = 5000 uOhm)
[    3.944505] ina2xx 2-0047: power monitor ina226 (Rshunt = 5000 uOhm)
[    3.951532] ina2xx 2-004a: power monitor ina226 (Rshunt = 5000 uOhm)
[    3.958574] ina2xx 2-004b: power monitor ina226 (Rshunt = 5000 uOhm)
[    3.964985] i2c i2c-0: Added multiplexed i2c bus 2
[    3.970378] random: fast init done
[    3.973849] ina2xx 3-0040: power monitor ina226 (Rshunt = 2000 uOhm)
[    3.980874] ina2xx 3-0041: power monitor ina226 (Rshunt = 5000 uOhm)
[    3.987901] ina2xx 3-0042: power monitor ina226 (Rshunt = 5000 uOhm)
[    3.994934] ina2xx 3-0043: power monitor ina226 (Rshunt = 5000 uOhm)
[    4.001960] ina2xx 3-0044: power monitor ina226 (Rshunt = 5000 uOhm)
[    4.008986] ina2xx 3-0045: power monitor ina226 (Rshunt = 5000 uOhm)
[    4.016018] ina2xx 3-0046: power monitor ina226 (Rshunt = 5000 uOhm)
[    4.023050] ina2xx 3-0047: power monitor ina226 (Rshunt = 5000 uOhm)
[    4.029450] i2c i2c-0: Added multiplexed i2c bus 3
[    4.085238] i2c i2c-0: Added multiplexed i2c bus 4
[    4.090180] i2c i2c-0: Added multiplexed i2c bus 5
[    4.094970] pca954x 0-0075: registered 4 multiplexed busses for I2C mux pca9544
[    4.102320] cdns-i2c ff020000.i2c: 400 kHz mmio ff020000 irq 32
[    4.110055] at24 6-0054: supply vcc not found, using dummy regulator
[    4.116957] at24 6-0054: 1024 byte 24c08 EEPROM, writable, 1 bytes/write
[    4.123714] i2c i2c-1: Added multiplexed i2c bus 6
[    4.130135] si5341 7-0036: Chip: 5341 Grade: 1 Rev: 1
[    4.167819] i2c i2c-1: Added multiplexed i2c bus 7
[    4.175476] si570 8-005d: registered, current frequency 300000000 Hz
[    4.181880] i2c i2c-1: Added multiplexed i2c bus 8
[    4.201672] si570 9-005d: registered, current frequency 148500000 Hz
[    4.208077] i2c i2c-1: Added multiplexed i2c bus 9
[    4.213115] si5324 10-0069: si5328 probed
[    4.280060] si5324 10-0069: si5328 probe successful
[    4.284992] i2c i2c-1: Added multiplexed i2c bus 10
[    4.290019] i2c i2c-1: Added multiplexed i2c bus 11
[    4.295044] i2c i2c-1: Added multiplexed i2c bus 12
[    4.300067] i2c i2c-1: Added multiplexed i2c bus 13
[    4.304948] pca954x 1-0074: registered 8 multiplexed busses for I2C switch pca9548
[    4.313058] at24 14-0050: supply vcc not found, using dummy regulator
[    4.319844] at24 14-0050: 256 byte 24c02 EEPROM, writable, 1 bytes/write
[    4.326592] i2c i2c-1: Added multiplexed i2c bus 14
[    4.331632] i2c i2c-1: Added multiplexed i2c bus 15
[    4.336664] i2c i2c-1: Added multiplexed i2c bus 16
[    4.341702] i2c i2c-1: Added multiplexed i2c bus 17
[    4.346732] i2c i2c-1: Added multiplexed i2c bus 18
[    4.351784] i2c i2c-1: Added multiplexed i2c bus 19
[    4.356822] i2c i2c-1: Added multiplexed i2c bus 20
[    4.361858] i2c i2c-1: Added multiplexed i2c bus 21
[    4.366731] pca954x 1-0075: registered 8 multiplexed busses for I2C switch pca9548
[    4.374340] cdns-i2c ff030000.i2c: 400 kHz mmio ff030000 irq 33
[    4.384083] cdns-wdt fd4d0000.watchdog: Xilinx Watchdog Timer with timeout 60s
[    4.393137] axi_adxcvr 84a60000.axi-adxcvr-rx: adxcvr_enforce_settings: Using QPLL without access, assuming desired Lane rate will be configured by a different instance
[    4.409774] axi_adxcvr 84a60000.axi-adxcvr-rx: AXI-ADXCVR-RX (17.05.a) using QPLL on GTH4 at 0x84A60000. Number of lanes: 4.
[    4.421938] axi_adxcvr 84b60000.axi-adxcvr-tx: AXI-ADXCVR-TX (17.05.a) using QPLL on GTH4 at 0x84B60000. Number of lanes: 4.
[    4.425891] mmc0: SDHCI controller on ff170000.mmc [ff170000.mmc] using ADMA 64-bit
[    4.441091] axi-jesd204-rx 84a90000.axi-jesd204-rx: AXI-JESD204-RX (1.07.a) at 0x84A90000. Encoder 8b10b, width 4/4, lanes 4, jesd204-fsm.
[    4.453930] axi-jesd204-tx 84b90000.axi-jesd204-tx: AXI-JESD204-TX (1.06.a) at 0x84B90000. Encoder 8b10b, width 4/4, lanes 4, jesd204-fsm.
[    4.467432] zynqmp-display fd4a0000.display: vtc bridge property not present
[    4.473468] mmc0: new high speed SDHC card at address 0001
[    4.477077] xilinx-dp-snd-codec fd4a0000.display:zynqmp_dp_snd_codec0: Failed to get required clock freq
[    4.480304] mmcblk0: mmc0:0001 EB1QT 29.8 GiB 
[    4.489441] xilinx-dp-snd-codec: probe of fd4a0000.display:zynqmp_dp_snd_codec0 failed with error -22
[    4.495134]  mmcblk0: p1 p2 p3
[    4.503432] xilinx-dp-snd-pcm zynqmp_dp_snd_pcm0: Xilinx DisplayPort Sound PCM probed
[    4.514289] xilinx-dp-snd-pcm zynqmp_dp_snd_pcm1: Xilinx DisplayPort Sound PCM probed
[    4.522495] OF: graph: no port node found in /axi/display@fd4a0000
[    4.528892] xlnx-drm xlnx-drm.0: bound fd4a0000.display (ops 0xffffffc010fcbdb8)
[    5.615713] zynqmp-display fd4a0000.display: [drm] Cannot find any crtc or sizes
[    5.623337] [drm] Initialized xlnx 1.0.0 20130509 for fd4a0000.display on minor 0
[    5.630828] zynqmp-display fd4a0000.display: ZynqMP DisplayPort Subsystem driver probed
[    5.639140] ahci-ceva fd0c0000.ahci: supply ahci not found, using dummy regulator
[    5.646686] ahci-ceva fd0c0000.ahci: supply phy not found, using dummy regulator
[    5.654140] ahci-ceva fd0c0000.ahci: supply target not found, using dummy regulator
[    5.661977] ahci-ceva fd0c0000.ahci: AHCI 0001.0301 32 slots 2 ports 6 Gbps 0x3 impl platform mode
[    5.670935] ahci-ceva fd0c0000.ahci: flags: 64bit ncq sntf pm clo only pmp fbs pio slum part ccc sds apst 
[    5.681572] scsi host0: ahci-ceva
[    5.685170] scsi host1: ahci-ceva
[    5.688598] ata1: SATA max UDMA/133 mmio [mem 0xfd0c0000-0xfd0c1fff] port 0x100 irq 45
[    5.696518] ata2: SATA max UDMA/133 mmio [mem 0xfd0c0000-0xfd0c1fff] port 0x180 irq 45
[    5.705124] ad9081 spi1.0: supply vdd not found, using dummy regulator
[    6.017909] ata1: SATA link down (SStatus 0 SControl 330)
[    6.023321] ata2: SATA link down (SStatus 0 SControl 330)
[    6.699717] zynqmp-display fd4a0000.display: [drm] Cannot find any crtc or sizes
[    7.507422] ad9081 spi1.0: AD9081 Rev. 2 Grade 10 (API 1.2.2) probed
[    7.514618] xhci-hcd xhci-hcd.1.auto: xHCI Host Controller
[    7.520115] xhci-hcd xhci-hcd.1.auto: new USB bus registered, assigned bus number 1
[    7.527862] xhci-hcd xhci-hcd.1.auto: hcc params 0x0238f625 hci version 0x100 quirks 0x0000000002010810
[    7.537274] xhci-hcd xhci-hcd.1.auto: irq 59, io mem 0xfe200000
[    7.543382] usb usb1: New USB device found, idVendor=1d6b, idProduct=0002, bcdDevice= 5.10
[    7.551640] usb usb1: New USB device strings: Mfr=3, Product=2, SerialNumber=1
[    7.558857] usb usb1: Product: xHCI Host Controller
[    7.563725] usb usb1: Manufacturer: Linux 5.10.0-98103-g2aa7ac113716 xhci-hcd
[    7.570853] usb usb1: SerialNumber: xhci-hcd.1.auto
[    7.576029] hub 1-0:1.0: USB hub found
[    7.579795] hub 1-0:1.0: 1 port detected
[    7.583897] xhci-hcd xhci-hcd.1.auto: xHCI Host Controller
[    7.589381] xhci-hcd xhci-hcd.1.auto: new USB bus registered, assigned bus number 2
[    7.597037] xhci-hcd xhci-hcd.1.auto: Host supports USB 3.0 SuperSpeed
[    7.603656] usb usb2: New USB device found, idVendor=1d6b, idProduct=0003, bcdDevice= 5.10
[    7.611917] usb usb2: New USB device strings: Mfr=3, Product=2, SerialNumber=1
[    7.619131] usb usb2: Product: xHCI Host Controller
[    7.624001] usb usb2: Manufacturer: Linux 5.10.0-98103-g2aa7ac113716 xhci-hcd
[    7.631126] usb usb2: SerialNumber: xhci-hcd.1.auto
[    7.636238] hub 2-0:1.0: USB hub found
[    7.639997] hub 2-0:1.0: 1 port detected
[    7.670027] cf_axi_adc 84a10000.axi-ad9081-rx-hpc: ADI AIM (10.01.b) at 0x84A10000 mapped to 0x(____ptrval____), probed ADC AD9081 as MASTER
[    7.700547] cf_axi_dds 84b10000.axi-ad9081-tx-hpc: Analog Devices CF_AXI_DDS_DDS MASTER (9.01.b) at 0x84B10000 mapped to 0x(____ptrval____), probed DDS AD9081
[    7.714744] jesd204: /axi/spi@ff040000/ad9081@0,jesd204:0,parent=spi1.0: JESD204[2] transition initialized -> probed
[    7.725270] jesd204: /axi/spi@ff040000/ad9081@0,jesd204:0,parent=spi1.0: JESD204[0] transition initialized -> probed
[    7.735792] jesd204: /axi/spi@ff040000/ad9081@0,jesd204:0,parent=spi1.0: JESD204[2] transition probed -> idle
[    7.745699] jesd204: /axi/spi@ff040000/ad9081@0,jesd204:0,parent=spi1.0: JESD204[0] transition probed -> idle
[    7.755617] jesd204: /axi/spi@ff040000/ad9081@0,jesd204:0,parent=spi1.0: JESD204[2] transition idle -> device_init
[    7.765958] jesd204: /axi/spi@ff040000/ad9081@0,jesd204:0,parent=spi1.0: JESD204[0] transition idle -> device_init
[    7.776310] jesd204: /axi/spi@ff040000/ad9081@0,jesd204:0,parent=spi1.0: JESD204[2] transition device_init -> link_init
[    7.787086] jesd204: /axi/spi@ff040000/ad9081@0,jesd204:0,parent=spi1.0: JESD204[0] transition device_init -> link_init
[    7.797879] jesd204: /axi/spi@ff040000/ad9081@0,jesd204:0,parent=spi1.0: JESD204[2] transition link_init -> link_supported
[    7.808918] jesd204: /axi/spi@ff040000/ad9081@0,jesd204:0,parent=spi1.0: JESD204[0] transition link_init -> link_supported
[    7.820329] hmc7044 spi2.0: hmc7044_jesd204_link_pre_setup: Link2 forcing continuous SYSREF mode
[    7.829547] jesd204: /axi/spi@ff040000/ad9081@0,jesd204:0,parent=spi1.0: JESD204[2] transition link_supported -> link_pre_setup
[    7.841026] jesd204: /axi/spi@ff040000/ad9081@0,jesd204:0,parent=spi1.0: JESD204[0] transition link_supported -> link_pre_setup
[    7.864861] jesd204: /axi/spi@ff040000/ad9081@0,jesd204:0,parent=spi1.0: JESD204[2] transition link_pre_setup -> clk_sync_stage1
[    7.876422] jesd204: /axi/spi@ff040000/ad9081@0,jesd204:0,parent=spi1.0: JESD204[0] transition link_pre_setup -> clk_sync_stage1
[    7.887986] jesd204: /axi/spi@ff040000/ad9081@0,jesd204:0,parent=spi1.0: JESD204[2] transition clk_sync_stage1 -> clk_sync_stage2
[    7.899630] jesd204: /axi/spi@ff040000/ad9081@0,jesd204:0,parent=spi1.0: JESD204[0] transition clk_sync_stage1 -> clk_sync_stage2
[    7.911289] jesd204: /axi/spi@ff040000/ad9081@0,jesd204:0,parent=spi1.0: JESD204[2] transition clk_sync_stage2 -> clk_sync_stage3
[    7.922937] jesd204: /axi/spi@ff040000/ad9081@0,jesd204:0,parent=spi1.0: JESD204[0] transition clk_sync_stage2 -> clk_sync_stage3
[    7.936607] jesd204: /axi/spi@ff040000/ad9081@0,jesd204:0,parent=spi1.0: JESD204[2] transition clk_sync_stage3 -> link_setup
[    7.947827] jesd204: /axi/spi@ff040000/ad9081@0,jesd204:0,parent=spi1.0: JESD204[0] transition clk_sync_stage3 -> link_setup
[    7.963913] jesd204: /axi/spi@ff040000/ad9081@0,jesd204:0,parent=spi1.0: JESD204[2] transition link_setup -> opt_setup_stage1
[    7.975218] jesd204: /axi/spi@ff040000/ad9081@0,jesd204:0,parent=spi1.0: JESD204[0] transition link_setup -> opt_setup_stage1
[    7.991551] jesd204: /axi/spi@ff040000/ad9081@0,jesd204:0,parent=spi1.0: JESD204[2] transition opt_setup_stage1 -> opt_setup_stage2
[    8.003376] jesd204: /axi/spi@ff040000/ad9081@0,jesd204:0,parent=spi1.0: JESD204[0] transition opt_setup_stage1 -> opt_setup_stage2
[    8.015348] jesd204: /axi/spi@ff040000/ad9081@0,jesd204:0,parent=spi1.0: JESD204[2] transition opt_setup_stage2 -> opt_setup_stage3
[    8.027169] jesd204: /axi/spi@ff040000/ad9081@0,jesd204:0,parent=spi1.0: JESD204[0] transition opt_setup_stage2 -> opt_setup_stage3
[    8.038991] jesd204: /axi/spi@ff040000/ad9081@0,jesd204:0,parent=spi1.0: JESD204[2] transition opt_setup_stage3 -> opt_setup_stage4
[    8.050810] jesd204: /axi/spi@ff040000/ad9081@0,jesd204:0,parent=spi1.0: JESD204[0] transition opt_setup_stage3 -> opt_setup_stage4
[    8.062639] jesd204: /axi/spi@ff040000/ad9081@0,jesd204:0,parent=spi1.0: JESD204[2] transition opt_setup_stage4 -> opt_setup_stage5
[    8.074473] jesd204: /axi/spi@ff040000/ad9081@0,jesd204:0,parent=spi1.0: JESD204[0] transition opt_setup_stage4 -> opt_setup_stage5
[    8.092412] jesd204: /axi/spi@ff040000/ad9081@0,jesd204:0,parent=spi1.0: JESD204[2] transition opt_setup_stage5 -> clocks_enable
[    8.103977] jesd204: /axi/spi@ff040000/ad9081@0,jesd204:0,parent=spi1.0: JESD204[0] transition opt_setup_stage5 -> clocks_enable
[    8.115595] jesd204: /axi/spi@ff040000/ad9081@0,jesd204:0,parent=spi1.0: JESD204[2] transition clocks_enable -> link_enable
[    8.126727] jesd204: /axi/spi@ff040000/ad9081@0,jesd204:0,parent=spi1.0: JESD204[0] transition clocks_enable -> link_enable
[    8.327933] ad9081 spi1.0: JESD RX (JTX) Link2 in CGS, SYNC asserted, PLL locked, PHASE established, MODE valid
[    8.338016] jesd204: /axi/spi@ff040000/ad9081@0,jesd204:0,parent=spi1.0: JESD204[2] In link_running got error from cb: -1 (ignoring!)
[    8.350265] ad9081 spi1.0: JESD TX (JRX) Link0 0xF lanes in DATA
[    8.356271] jesd204: /axi/spi@ff040000/ad9081@0,jesd204:0,parent=spi1.0: JESD204[2] transition link_enable -> link_running
[    8.367310] jesd204: /axi/spi@ff040000/ad9081@0,jesd204:0,parent=spi1.0: JESD204[0] transition link_enable -> link_running
[    8.378357] jesd204: /axi/spi@ff040000/ad9081@0,jesd204:0,parent=spi1.0: JESD204[2] transition link_running -> opt_post_running_stage
[    8.390354] jesd204: /axi/spi@ff040000/ad9081@0,jesd204:0,parent=spi1.0: JESD204[0] transition link_running -> opt_post_running_stage
[    8.411588] input: gpio-keys as /devices/platform/gpio-keys/input/input0
[    8.418608] of_cfs_init
[    8.421069] of_cfs_init: OK
[    8.424003] cfg80211: Loading compiled-in X.509 certificates for regulatory database
[    8.562030] cfg80211: Loaded X.509 cert 'sforshee: 00b28ddf47aef9cea7'
[    8.568558] clk: Not disabling unused clocks
[    8.573087] ALSA device list:
[    8.576048]   No soundcards found.
[    8.579719] platform regulatory.0: Direct firmware load for regulatory.db failed with error -2
[    8.588328] cfg80211: failed to load regulatory.db
[    8.604022] EXT4-fs (mmcblk0p2): mounted filesystem with ordered data mode. Opts: (null)
[    8.612143] VFS: Mounted root (ext4 filesystem) on device 179:2.
[    8.625529] devtmpfs: mounted
[    8.629339] Freeing unused kernel memory: 2560K
[    8.643752] Run /sbin/init as init process
[    8.647847]   with arguments:
[    8.647850]     /sbin/init
[    8.647852]   with environment:
[    8.647854]     HOME=/
[    8.647856]     TERM=linux
[    9.228323] systemd[1]: systemd 241 running in system mode. (+PAM +AUDIT +SELINUX +IMA +APPARMOR +SMACK +SYSVINIT +UTMP +LIBCRYPTSETUP +GCRYPT +GNUTLS +ACL +XZ +LZ4 +SECCOMP +BLKID +ELFUTILS +KMOD -IDN2 +IDN -PCRE2 default-hierarchy=hybrid)
[    9.250192] systemd[1]: Detected architecture arm64.
[    9.272440] systemd[1]: Set hostname to <analog>.
[    9.460963] systemd[1]: File /lib/systemd/system/systemd-journald.service:12 configures an IP firewall (IPAddressDeny=any), but the local system does not support BPF/cgroup based firewalling.
[    9.478034] systemd[1]: Proceeding WITHOUT firewalling in effect! (This warning is only shown for the first loaded unit using IP firewalling.)
[    9.643546] systemd[1]: /etc/systemd/system/tof-server.service:1: Assignment outside of section. Ignoring.
[    9.653229] systemd[1]: /etc/systemd/system/tof-server.service:2: Assignment outside of section. Ignoring.
[    9.838365] random: systemd: uninitialized urandom read (16 bytes read)
[    9.853131] random: systemd: uninitialized urandom read (16 bytes read)
[    9.859793] systemd[1]: Reached target Swap.
[    9.875808] random: systemd: uninitialized urandom read (16 bytes read)
[    9.882746] systemd[1]: Listening on Syslog Socket.
[    9.904033] systemd[1]: Listening on fsck to fsckd communication Socket.
[   10.500940] ------------[ cut here ]------------
[   10.500948] Enabling unprepared \xa0\xe9Q\x88\xff\xff\xffpQ\x88\xff\xff\xff
[   10.500995] WARNING: CPU: 0 PID: 113 at drivers/clk/clk.c:1012 clk_core_enable+0xa4/0xc0
[   10.500998] Modules linked in:
[   10.501009] CPU: 0 PID: 113 Comm: kworker/0:1H Not tainted 5.10.0-98103-g2aa7ac113716 #5577
[   10.501012] Hardware name: ZynqMP ZCU102 Rev1.0 (DT)
[   10.501022] Workqueue: kblockd blk_mq_run_work_fn
[   10.501029] pstate: 80000085 (Nzcv daIf -PAN -UAO -TCO BTYPE=--)
[   10.501035] pc : clk_core_enable+0xa4/0xc0
[   10.501040] lr : clk_core_enable+0xa4/0xc0
[   10.501043] sp : ffffffc0127e32d0
[   10.501046] x29: ffffffc0127e32d0 x28: ffffff8800330c10 
[   10.501052] x27: ffffff8800330d48 x26: 0000005000000101 
[   10.501059] x25: 000000026bf67846 x24: 0000000000000001 
[   10.501066] x23: ffffff88010e9380 x22: ffffff8801083220 
[   10.501073] x21: ffffff8801517000 x20: ffffff8801517008 
[   10.501079] x19: ffffff8801517008 x18: 0000000000000030 
[   10.501086] x17: 0000000000000001 x16: 0000b3afbca5eb66 
[   10.501092] x15: ffffffffffff8788 x14: ffffffc011d3b1a0 
[   10.501099] x13: ffffffc011d3b1c8 x12: 00000000000005eb 
[   10.501105] x11: 00000000000001f9 x10: ffffffc011d671c8 
[   10.501111] x9 : 00000000fffff800 x8 : ffffffc011d3b1c8 
[   10.501118] x7 : ffffffc011d671c8 x6 : 0000000000000001 
[   10.501124] x5 : ffffff887f7669e0 x4 : 0000000000000000 
[   10.501131] x3 : 0000000000000027 x2 : 0000000000000023 
[   10.501137] x1 : 23fdab4f3b96ca00 x0 : 0000000000000000 
[   10.501144] Call trace:
[   10.501150]  clk_core_enable+0xa4/0xc0
[   10.501155]  clk_enable+0x2c/0x60
[   10.501161]  zynqmp_runtime_resume+0x24/0x84
[   10.501168]  pm_generic_runtime_resume+0x30/0x50
[   10.501174]  __genpd_runtime_resume+0x30/0xb0
[   10.501180]  genpd_runtime_resume+0x90/0x250
[   10.501186]  __rpm_callback+0x10c/0x1e0
[   10.501191]  rpm_callback+0x5c/0x84
[   10.501196]  rpm_resume+0x4a4/0x74c
[   10.501201]  __pm_runtime_resume+0x78/0xc4
[   10.501205]  spi_mem_access_start.isra.0+0x30/0x80
[   10.501210]  spi_mem_exec_op+0x3b0/0x424
[   10.501215]  spi_nor_read_sr+0x78/0xe0
[   10.501220]  spi_nor_wait_till_ready_with_timeout+0xb4/0x2f0
[   10.501224]  spi_nor_read+0x188/0x380
[   10.501229]  mtd_read_oob_std+0x78/0x84
[   10.501234]  mtd_read_oob+0x7c/0x134
[   10.501238]  mtd_read+0x48/0x7c
[   10.501244]  mtdblock_readsect+0x6c/0x150
[   10.501249]  mtd_queue_rq+0x2cc/0x5a0
[   10.501255]  blk_mq_dispatch_rq_list+0x110/0x790
[   10.501260]  __blk_mq_do_dispatch_sched+0x200/0x274
[   10.501266]  __blk_mq_sched_dispatch_requests+0x1a8/0x1fc
[   10.501271]  blk_mq_sched_dispatch_requests+0x3c/0x7c
[   10.501276]  __blk_mq_run_hw_queue+0x98/0x100
[   10.501281]  blk_mq_run_work_fn+0x24/0x30
[   10.501286]  process_one_work+0x1d4/0x380
[   10.501290]  worker_thread+0x78/0x4e0
[   10.501296]  kthread+0x124/0x130
[   10.501301]  ret_from_fork+0x10/0x3c
[   10.501305] ---[ end trace 92f216afb09f2620 ]---
[   10.501313] zynqmp-qspi ff0f0000.spi: Cannot enable APB clock.
[   10.501362] spi_master spi0: Failed to power device: -108
[   10.501372] blk_update_request: I/O error, dev mtdblock0, sector 8 op 0x0:(READ) flags 0x80700 phys_seg 1 prio class 0
[   10.501438] spi_master spi0: Failed to power device: -22
[   10.501445] blk_update_request: I/O error, dev mtdblock0, sector 8 op 0x0:(READ) flags 0x0 phys_seg 8 prio class 0
[   10.501451] Buffer I/O error on dev mtdblock0, logical block 8, async page read
[   10.501460] spi_master spi0: Failed to power device: -22
[   10.501465] blk_update_request: I/O error, dev mtdblock0, sector 9 op 0x0:(READ) flags 0x0 phys_seg 7 prio class 0
[   10.501469] Buffer I/O error on dev mtdblock0, logical block 9, async page read
[   10.501476] spi_master spi0: Failed to power device: -22
[   10.501482] blk_update_request: I/O error, dev mtdblock0, sector 10 op 0x0:(READ) flags 0x0 phys_seg 6 prio class 0
[   10.501486] Buffer I/O error on dev mtdblock0, logical block 10, async page read
[   10.501493] spi_master spi0: Failed to power device: -22
[   10.501498] blk_update_request: I/O error, dev mtdblock0, sector 11 op 0x0:(READ) flags 0x0 phys_seg 5 prio class 0
[   10.501502] Buffer I/O error on dev mtdblock0, logical block 11, async page read
[   10.501509] spi_master spi0: Failed to power device: -22
[   10.501515] blk_update_request: I/O error, dev mtdblock0, sector 12 op 0x0:(READ) flags 0x0 phys_seg 4 prio class 0
[   10.501518] Buffer I/O error on dev mtdblock0, logical block 12, async page read
[   10.501525] spi_master spi0: Failed to power device: -22
[   10.501531] blk_update_request: I/O error, dev mtdblock0, sector 13 op 0x0:(READ) flags 0x0 phys_seg 3 prio class 0
[   10.501534] Buffer I/O error on dev mtdblock0, logical block 13, async page read
[   10.501541] spi_master spi0: Failed to power device: -22
[   10.501546] blk_update_request: I/O error, dev mtdblock0, sector 14 op 0x0:(READ) flags 0x0 phys_seg 2 prio class 0
[   10.501550] Buffer I/O error on dev mtdblock0, logical block 14, async page read
[   10.501557] spi_master spi0: Failed to power device: -22
[   10.501562] blk_update_request: I/O error, dev mtdblock0, sector 15 op 0x0:(READ) flags 0x0 phys_seg 1 prio class 0
[   10.501566] Buffer I/O error on dev mtdblock0, logical block 15, async page read
[   10.501859] spi_master spi0: Failed to power device: -22
[   10.501866] blk_update_request: I/O error, dev mtdblock1, sector 10112 op 0x0:(READ) flags 0x80700 phys_seg 1 prio class 0
[   10.501910] spi_master spi0: Failed to power device: -22
[   10.501916] Buffer I/O error on dev mtdblock1, logical block 10112, async page read
[   10.501924] spi_master spi0: Failed to power device: -22
[   10.501928] Buffer I/O error on dev mtdblock1, logical block 10113, async page read
[   10.501935] spi_master spi0: Failed to power device: -22
[   10.501943] spi_master spi0: Failed to power device: -22
[   10.501950] spi_master spi0: Failed to power device: -22
[   10.501958] spi_master spi0: Failed to power device: -22
[   10.501965] spi_master spi0: Failed to power device: -22
[   10.501972] spi_master spi0: Failed to power device: -22
[   10.502211] spi_master spi0: Failed to power device: -22
[   10.502256] spi_master spi0: Failed to power device: -22
[   10.502265] spi_master spi0: Failed to power device: -22
[   10.502273] spi_master spi0: Failed to power device: -22
[   10.502280] spi_master spi0: Failed to power device: -22
[   10.502288] spi_master spi0: Failed to power device: -22
[   10.502295] spi_master spi0: Failed to power device: -22
[   10.502302] spi_master spi0: Failed to power device: -22
[   10.502309] spi_master spi0: Failed to power device: -22
[   10.502608] spi_master spi0: Failed to power device: -22
[   10.502652] spi_master spi0: Failed to power device: -22
[   10.502662] spi_master spi0: Failed to power device: -22
[   10.502670] spi_master spi0: Failed to power device: -22
[   10.502677] spi_master spi0: Failed to power device: -22
[   10.502685] spi_master spi0: Failed to power device: -22
[   10.502692] spi_master spi0: Failed to power device: -22
[   10.502699] spi_master spi0: Failed to power device: -22
[   10.502706] spi_master spi0: Failed to power device: -22
[   10.634252] EXT4-fs (mmcblk0p2): re-mounted. Opts: (null)
[   10.836480] systemd-journald[166]: Received request to flush runtime journal from PID 1
[   16.643675] macb ff0e0000.ethernet eth0: PHY [ff0e0000.ethernet-ffffffff:0c] driver [TI DP83867] (irq=POLL)
[   16.643704] macb ff0e0000.ethernet eth0: configuring for phy/rgmii-id link mode
[   16.903736] Adding 102396k swap on /var/swap.  Priority:-2 extents:4 across:9953604k SS
[   17.241945] random: crng init done
[   17.241957] random: 7 urandom warning(s) missed due to ratelimiting
[   19.518678] broken atomic modeset userspace detected, disabling atomic
[   20.737328] macb ff0e0000.ethernet eth0: Link is Up - 1Gbps/Full - flow control off
[   20.737355] IPv6: ADDRCONF(NETDEV_CHANGE): eth0: link becomes ready
[   22.190629] broken atomic modeset userspace detected, disabling atomic
[   25.279920] broken atomic modeset userspace detected, disabling atomic