[    0.000000] Booting Linux on physical CPU 0x0000000000 [0x410fd034]
[    0.000000] Linux version 5.10.0-98103-g2aa7ac113716 (jenkins@romlxbuild1.adlk.analog.com) (aarch64-xilinx-linux-gcc.real (GCC) 10.2.0, GNU ld (GNU Binutils) 2.35.0.20200730) #5577 SMP Wed Mar 23 07:28:49 GMT 2022
[    0.000000] Machine model: ZynqMP ZCU102 Rev1.0
[    0.000000] earlycon: cdns0 at MMIO 0x00000000ff000000 (options '115200n8')
[    0.000000] printk: bootconsole [cdns0] enabled
[    0.000000] efi: UEFI not found.
[    0.000000] cma: Reserved 256 MiB at 0x0000000070000000
[    0.000000] Zone ranges:
[    0.000000]   DMA      [mem 0x0000000000000000-0x000000003fffffff]
[    0.000000]   DMA32    [mem 0x0000000040000000-0x00000000ffffffff]
[    0.000000]   Normal   [mem 0x0000000100000000-0x000000087fffffff]
[    0.000000] Movable zone start for each node
[    0.000000] Early memory node ranges
[    0.000000]   node   0: [mem 0x0000000000000000-0x000000007fffffff]
[    0.000000]   node   0: [mem 0x0000000800000000-0x000000087fffffff]
[    0.000000] Initmem setup node 0 [mem 0x0000000000000000-0x000000087fffffff]
[    0.000000] On node 0 totalpages: 1048576
[    0.000000]   DMA zone: 3584 pages used for memmap
[    0.000000]   DMA zone: 0 pages reserved
[    0.000000]   DMA zone: 262144 pages, LIFO batch:63
[    0.000000]   DMA32 zone: 3584 pages used for memmap
[    0.000000]   DMA32 zone: 262144 pages, LIFO batch:63
[    0.000000]   Normal zone: 7168 pages used for memmap
[    0.000000]   Normal zone: 524288 pages, LIFO batch:63
[    0.000000] psci: probing for conduit method from DT.
[    0.000000] psci: PSCIv1.1 detected in firmware.
[    0.000000] psci: Using standard PSCI v0.2 function IDs
[    0.000000] psci: MIGRATE_INFO_TYPE not supported.
[    0.000000] psci: SMC Calling Convention v1.2
[    0.000000] percpu: Embedded 22 pages/cpu s49496 r8192 d32424 u90112
[    0.000000] pcpu-alloc: s49496 r8192 d32424 u90112 alloc=22*4096
[    0.000000] pcpu-alloc: [0] 0 [0] 1 [0] 2 [0] 3 
[    0.000000] Detected VIPT I-cache on CPU0
[    0.000000] CPU features: detected: ARM erratum 845719
[    0.000000] Built 1 zonelists, mobility grouping on.  Total pages: 1034240
[    0.000000] Kernel command line: console=ttyPS0,115200 root=/dev/mmcblk0p2 rw earlycon rootfstype=ext4 rootwait clk_ignore_unused cpuidle.off=1 root=/dev/mmcblk0p2 rw rootwait
[    0.000000] Dentry cache hash table entries: 524288 (order: 10, 4194304 bytes, linear)
[    0.000000] Inode-cache hash table entries: 262144 (order: 9, 2097152 bytes, linear)
[    0.000000] mem auto-init: stack:off, heap alloc:off, heap free:off
[    0.000000] software IO TLB: mapped [mem 0x000000003bfff000-0x000000003ffff000] (64MB)
[    0.000000] Memory: 3761904K/4194304K available (15296K kernel code, 1636K rwdata, 11876K rodata, 2560K init, 507K bss, 170256K reserved, 262144K cma-reserved)
[    0.000000] rcu: Hierarchical RCU implementation.
[    0.000000] rcu: 	RCU event tracing is enabled.
[    0.000000] rcu: 	RCU restricting CPUs from NR_CPUS=8 to nr_cpu_ids=4.
[    0.000000] rcu: RCU calculated value of scheduler-enlistment delay is 25 jiffies.
[    0.000000] rcu: Adjusting geometry for rcu_fanout_leaf=16, nr_cpu_ids=4
[    0.000000] NR_IRQS: 64, nr_irqs: 64, preallocated irqs: 0
[    0.000000] GIC: Adjusting CPU interface base to 0x00000000f902f000
[    0.000000] GIC: Using split EOI/Deactivate mode
[    0.000000] random: get_random_bytes called from start_kernel+0x31c/0x54c with crng_init=0
[    0.000000] arch_timer: cp15 timer(s) running at 100.00MHz (phys).
[    0.000000] clocksource: arch_sys_counter: mask: 0xffffffffffffff max_cycles: 0x171024e7e0, max_idle_ns: 440795205315 ns
[    0.000003] sched_clock: 56 bits at 100MHz, resolution 10ns, wraps every 4398046511100ns
[    0.008461] Console: colour dummy device 80x25
[    0.012482] Calibrating delay loop (skipped), value calculated using timer frequency.. 200.00 BogoMIPS (lpj=400000)
[    0.022841] pid_max: default: 32768 minimum: 301
[    0.027551] Mount-cache hash table entries: 8192 (order: 4, 65536 bytes, linear)
[    0.034788] Mountpoint-cache hash table entries: 8192 (order: 4, 65536 bytes, linear)
[    0.043397] rcu: Hierarchical SRCU implementation.
[    0.047559] EFI services will not be available.
[    0.051939] smp: Bringing up secondary CPUs ...
[    0.056655] Detected VIPT I-cache on CPU1
[    0.056694] CPU1: Booted secondary processor 0x0000000001 [0x410fd034]
[    0.057059] Detected VIPT I-cache on CPU2
[    0.057084] CPU2: Booted secondary processor 0x0000000002 [0x410fd034]
[    0.057424] Detected VIPT I-cache on CPU3
[    0.057447] CPU3: Booted secondary processor 0x0000000003 [0x410fd034]
[    0.057493] smp: Brought up 1 node, 4 CPUs
[    0.091779] SMP: Total of 4 processors activated.
[    0.096452] CPU features: detected: 32-bit EL0 Support
[    0.101556] CPU features: detected: CRC32 instructions
[    0.106695] CPU: All CPU(s) started at EL2
[    0.110736] alternatives: patching kernel code
[    0.116168] devtmpfs: initialized
[    0.124059] Registered cp15_barrier emulation handler
[    0.124110] Registered setend emulation handler
[    0.128092] clocksource: jiffies: mask: 0xffffffff max_cycles: 0xffffffff, max_idle_ns: 7645041785100000 ns
[    0.137670] futex hash table entries: 1024 (order: 4, 65536 bytes, linear)
[    0.151030] pinctrl core: initialized pinctrl subsystem
[    0.151671] NET: Registered protocol family 16
[    0.156091] DMA: preallocated 512 KiB GFP_KERNEL pool for atomic allocations
[    0.162108] DMA: preallocated 512 KiB GFP_KERNEL|GFP_DMA pool for atomic allocations
[    0.169835] DMA: preallocated 512 KiB GFP_KERNEL|GFP_DMA32 pool for atomic allocations
[    0.177636] audit: initializing netlink subsys (disabled)
[    0.183086] audit: type=2000 audit(0.116:1): state=initialized audit_enabled=0 res=1
[    0.183431] hw-breakpoint: found 6 breakpoint and 4 watchpoint registers.
[    0.197462] ASID allocator initialised with 65536 entries
[    0.224324] HugeTLB registered 1.00 GiB page size, pre-allocated 0 pages
[    0.225377] HugeTLB registered 32.0 MiB page size, pre-allocated 0 pages
[    0.232048] HugeTLB registered 2.00 MiB page size, pre-allocated 0 pages
[    0.238707] HugeTLB registered 64.0 KiB page size, pre-allocated 0 pages
[    1.304213] DRBG: Continuing without Jitter RNG
[    1.382106] raid6: neonx8   gen()  2144 MB/s
[    1.450153] raid6: neonx8   xor()  1599 MB/s
[    1.518204] raid6: neonx4   gen()  2197 MB/s
[    1.586260] raid6: neonx4   xor()  1567 MB/s
[    1.654320] raid6: neonx2   gen()  2075 MB/s
[    1.722369] raid6: neonx2   xor()  1435 MB/s
[    1.790437] raid6: neonx1   gen()  1772 MB/s
[    1.858482] raid6: neonx1   xor()  1220 MB/s
[    1.926539] raid6: int64x8  gen()  1438 MB/s
[    1.994597] raid6: int64x8  xor()   771 MB/s
[    2.062660] raid6: int64x4  gen()  1598 MB/s
[    2.130719] raid6: int64x4  xor()   818 MB/s
[    2.198796] raid6: int64x2  gen()  1397 MB/s
[    2.266846] raid6: int64x2  xor()   749 MB/s
[    2.334923] raid6: int64x1  gen()  1034 MB/s
[    2.402972] raid6: int64x1  xor()   517 MB/s
[    2.403010] raid6: using algorithm neonx4 gen() 2197 MB/s
[    2.406969] raid6: .... xor() 1567 MB/s, rmw enabled
[    2.411900] raid6: using neon recovery algorithm
[    2.416910] iommu: Default domain type: Translated 
[    2.421527] SCSI subsystem initialized
[    2.425070] libata version 3.00 loaded.
[    2.425194] usbcore: registered new interface driver usbfs
[    2.430526] usbcore: registered new interface driver hub
[    2.435799] usbcore: registered new device driver usb
[    2.440933] mc: Linux media interface: v0.10
[    2.445047] videodev: Linux video capture interface: v2.00
[    2.450539] EDAC MC: Ver: 3.0.0
[    2.453979] zynqmp-ipi-mbox mailbox@ff990400: Registered ZynqMP IPI mbox with TX/RX channels.
[    2.462468] jesd204: created con: id=0, topo=0, link=0, /axi/spi@ff050000/hmc7044@0 <-> /fpga-axi@0/axi-adxcvr-tx@84b60000
[    2.473069] jesd204: created con: id=1, topo=0, link=2, /axi/spi@ff050000/hmc7044@0 <-> /fpga-axi@0/axi-adxcvr-rx@84a60000
[    2.484052] jesd204: created con: id=2, topo=0, link=0, /fpga-axi@0/axi-adxcvr-tx@84b60000 <-> /fpga-axi@0/axi-jesd204-tx@84b90000
[    2.495728] jesd204: created con: id=3, topo=0, link=2, /fpga-axi@0/axi-adxcvr-rx@84a60000 <-> /fpga-axi@0/axi-jesd204-rx@84a90000
[    2.507405] jesd204: created con: id=4, topo=0, link=0, /fpga-axi@0/axi-jesd204-tx@84b90000 <-> /fpga-axi@0/axi-ad9081-tx-hpc@84b10000
[    2.519433] jesd204: created con: id=5, topo=0, link=2, /fpga-axi@0/axi-jesd204-rx@84a90000 <-> /fpga-axi@0/axi-ad9081-rx-hpc@84a10000
[    2.531456] jesd204: created con: id=6, topo=0, link=2, /fpga-axi@0/axi-ad9081-rx-hpc@84a10000 <-> /axi/spi@ff040000/ad9081@0
[    2.542697] jesd204: created con: id=7, topo=0, link=0, /fpga-axi@0/axi-ad9081-tx-hpc@84b10000 <-> /axi/spi@ff040000/ad9081@0
[    2.553947] jesd204: /axi/spi@ff040000/ad9081@0: JESD204[2] transition uninitialized -> initialized
[    2.562934] jesd204: /axi/spi@ff040000/ad9081@0: JESD204[0] transition uninitialized -> initialized
[    2.571926] jesd204: found 8 devices and 1 topologies
[    2.576969] FPGA manager framework
[    2.580447] Advanced Linux Sound Architecture Driver Initialized.
[    2.586743] Bluetooth: Core ver 2.22
[    2.589929] NET: Registered protocol family 31
[    2.594330] Bluetooth: HCI device and connection manager initialized
[    2.600646] Bluetooth: HCI socket layer initialized
[    2.605488] Bluetooth: L2CAP socket layer initialized
[    2.610512] Bluetooth: SCO socket layer initialized
[    2.615701] clocksource: Switched to clocksource arch_sys_counter
[    2.621506] VFS: Disk quotas dquot_6.6.0
[    2.625340] VFS: Dquot-cache hash table entries: 512 (order 0, 4096 bytes)
[    2.636056] NET: Registered protocol family 2
[    2.636785] tcp_listen_portaddr_hash hash table entries: 2048 (order: 3, 32768 bytes, linear)
[    2.644979] TCP established hash table entries: 32768 (order: 6, 262144 bytes, linear)
[    2.653005] TCP bind hash table entries: 32768 (order: 7, 524288 bytes, linear)
[    2.660449] TCP: Hash tables configured (established 32768 bind 32768)
[    2.666624] UDP hash table entries: 2048 (order: 4, 65536 bytes, linear)
[    2.673290] UDP-Lite hash table entries: 2048 (order: 4, 65536 bytes, linear)
[    2.680451] NET: Registered protocol family 1
[    2.684909] RPC: Registered named UNIX socket transport module.
[    2.690527] RPC: Registered udp transport module.
[    2.695191] RPC: Registered tcp transport module.
[    2.699861] RPC: Registered tcp NFSv4.1 backchannel transport module.
[    2.706854] PCI: CLS 0 bytes, default 64
[    2.710556] hw perfevents: no interrupt-affinity property for /pmu, guessing.
[    2.717414] hw perfevents: enabled with armv8_pmuv3 PMU driver, 7 counters available
[    2.725766] Initialise system trusted keyrings
[    2.729439] workingset: timestamp_bits=62 max_order=20 bucket_order=0
[    2.736346] NFS: Registering the id_resolver key type
[    2.740791] Key type id_resolver registered
[    2.744929] Key type id_legacy registered
[    2.748919] nfs4filelayout_init: NFSv4 File Layout Driver Registering...
[    2.755584] jffs2: version 2.2. (NAND) (SUMMARY)  Â© 2001-2006 Red Hat, Inc.
[    2.799242] NET: Registered protocol family 38
[    2.799285] xor: measuring software checksum speed
[    2.806972]    8regs           :  2363 MB/sec
[    2.810640]    32regs          :  2799 MB/sec
[    2.815583]    arm64_neon      :  2380 MB/sec
[    2.815777] xor: using function: 32regs (2799 MB/sec)
[    2.820799] Key type asymmetric registered
[    2.824860] Asymmetric key parser 'x509' registered
[    2.829721] Block layer SCSI generic (bsg) driver version 0.4 loaded (major 248)
[    2.837058] io scheduler mq-deadline registered
[    2.841554] io scheduler kyber registered
[    2.870955] Serial: 8250/16550 driver, 4 ports, IRQ sharing disabled
[    2.875601] cacheinfo: Unable to detect cache hierarchy for CPU 0
[    2.881940] brd: module loaded
[    2.886077] loop: module loaded
[    2.886622] Registered mathworks_ip class
[    2.889963] libphy: Fixed MDIO Bus: probed
[    2.892954] tun: Universal TUN/TAP device driver, 1.6
[    2.897002] CAN device driver interface
[    2.901538] usbcore: registered new interface driver asix
[    2.906135] usbcore: registered new interface driver ax88179_178a
[    2.912168] usbcore: registered new interface driver cdc_ether
[    2.917961] usbcore: registered new interface driver net1080
[    2.923588] usbcore: registered new interface driver cdc_subset
[    2.929468] usbcore: registered new interface driver zaurus
[    2.935011] usbcore: registered new interface driver cdc_ncm
[    2.941412] ehci_hcd: USB 2.0 'Enhanced' Host Controller (EHCI) Driver
[    2.947096] ehci-pci: EHCI PCI platform driver
[    2.951901] usbcore: registered new interface driver uas
[    2.956814] usbcore: registered new interface driver usb-storage
[    2.962802] usbcore: registered new interface driver usbserial_generic
[    2.969251] usbserial: USB Serial support registered for generic
[    2.975225] usbcore: registered new interface driver ftdi_sio
[    2.980927] usbserial: USB Serial support registered for FTDI USB Serial Device
[    2.988204] usbcore: registered new interface driver upd78f0730
[    2.994075] usbserial: USB Serial support registered for upd78f0730
[    3.001729] rtc_zynqmp ffa60000.rtc: registered as rtc0
[    3.005500] rtc_zynqmp ffa60000.rtc: setting system clock to 2022-04-12T21:41:05 UTC (1649799665)
[    3.014362] i2c /dev entries driver
[    3.019676] usbcore: registered new interface driver uvcvideo
[    3.023475] USB Video Class driver (1.1.1)
[    3.029054] Bluetooth: HCI UART driver ver 2.3
[    3.031958] Bluetooth: HCI UART protocol H4 registered
[    3.037056] Bluetooth: HCI UART protocol BCSP registered
[    3.042343] Bluetooth: HCI UART protocol LL registered
[    3.047435] Bluetooth: HCI UART protocol ATH3K registered
[    3.052809] Bluetooth: HCI UART protocol Three-wire (H5) registered
[    3.059062] Bluetooth: HCI UART protocol Intel registered
[    3.064400] Bluetooth: HCI UART protocol QCA registered
[    3.069603] usbcore: registered new interface driver bcm203x
[    3.075222] usbcore: registered new interface driver bpa10x
[    3.080757] usbcore: registered new interface driver bfusb
[    3.086211] usbcore: registered new interface driver btusb
[    3.091670] usbcore: registered new interface driver ath3k
[    3.097154] EDAC MC: ECC not enabled
[    3.100783] EDAC DEVICE0: Giving out device to module zynqmp-ocm-edac controller zynqmp_ocm: DEV ff960000.memory-controller (INTERRUPT)
[    3.113094] sdhci: Secure Digital Host Controller Interface driver
[    3.118884] sdhci: Copyright(c) Pierre Ossman
[    3.123207] sdhci-pltfm: SDHCI platform and OF driver helper
[    3.129257] ledtrig-cpu: registered to indicate activity on CPUs
[    3.134813] SMCCC: SOC_ID: ARCH_SOC_ID not implemented, skipping ....
[    3.141244] zynqmp_firmware_probe Platform Management API v1.1
[    3.146999] zynqmp_firmware_probe Trustzone version v1.0
[    3.186545] zynqmp-pinctrl firmware:zynqmp-firmware:pinctrl: zynqmp pinctrl initialized
[    3.234560] zynqmp-aes firmware:zynqmp-firmware:zynqmp-aes: will run requests pump with realtime priority
[    3.250377] alg: No test for xilinx-keccak-384 (zynqmp-keccak-384)
[    3.251088] alg: No test for xilinx-zynqmp-rsa (zynqmp-rsa)
[    3.256603] usbcore: registered new interface driver usbhid
[    3.261991] usbhid: USB HID core driver
[    3.273246] axi_sysid 85000000.axi-sysid-0: AXI System ID core version (1.01.a) found
[    3.275598] axi_sysid 85000000.axi-sysid-0: [ad9081_fmca_ebz] on [zcu102] git branch <master> git <084d44c9780640ca93fd847b1d9ec70dd65f5c67> clean [2022-03-18 04:17:50] UTC
[    3.291283] fpga_manager fpga0: Xilinx ZynqMP FPGA Manager registered
[    3.297639] usbcore: registered new interface driver snd-usb-audio
[    3.305094] pktgen: Packet Generator for packet performance testing. Version: 2.75
[    3.311269] Initializing XFRM netlink socket
[    3.315128] NET: Registered protocol family 10
[    3.319854] Segment Routing with IPv6
[    3.323215] sit: IPv6, IPv4 and MPLS over IPv4 tunneling driver
[    3.329296] NET: Registered protocol family 17
[    3.333402] NET: Registered protocol family 15
[    3.337896] can: controller area network core
[    3.342152] NET: Registered protocol family 29
[    3.346540] can: raw protocol
[    3.349475] can: broadcast manager protocol
[    3.353631] can: netlink gateway - max_hops=1
[    3.358025] Bluetooth: RFCOMM TTY layer initialized
[    3.362804] Bluetooth: RFCOMM socket layer initialized
[    3.367910] Bluetooth: RFCOMM ver 1.11
[    3.371618] Bluetooth: BNEP (Ethernet Emulation) ver 1.3
[    3.376894] Bluetooth: BNEP filters: protocol multicast
[    3.382088] Bluetooth: BNEP socket layer initialized
[    3.387015] Bluetooth: HIDP (Human Interface Emulation) ver 1.2
[    3.392899] Bluetooth: HIDP socket layer initialized
[    3.397953] 9pnet: Installing 9P2000 support
[    3.402076] NET: Registered protocol family 36
[    3.406492] Key type dns_resolver registered
[    3.410924] registered taskstats version 1
[    3.414789] Loading compiled-in X.509 certificates
[    3.419912] Btrfs loaded, crc32c=crc32c-generic
[    3.432304] ff000000.serial: ttyPS0 at MMIO 0xff000000 (irq = 49, base_baud = 6249999) is a xuartps
[    3.441324] printk: console [ttyPS0] enabled
[    3.445618] printk: bootconsole [cdns0] disabled
[    3.455248] ff010000.serial: ttyPS1 at MMIO 0xff010000 (irq = 50, base_baud = 6249999) is a xuartps
[    3.468486] of-fpga-region fpga-full: FPGA Region probed
[    3.475438] nwl-pcie fd0e0000.pcie: host bridge /axi/pcie@fd0e0000 ranges:
[    3.482331] nwl-pcie fd0e0000.pcie:      MEM 0x00e0000000..0x00efffffff -> 0x00e0000000
[    3.490333] nwl-pcie fd0e0000.pcie:      MEM 0x0600000000..0x07ffffffff -> 0x0600000000
[    3.498394] nwl-pcie fd0e0000.pcie: Link is DOWN
[    3.503150] nwl-pcie fd0e0000.pcie: PCI host bridge to bus 0000:00
[    3.509331] pci_bus 0000:00: root bus resource [bus 00-ff]
[    3.514811] pci_bus 0000:00: root bus resource [mem 0xe0000000-0xefffffff]
[    3.521677] pci_bus 0000:00: root bus resource [mem 0x600000000-0x7ffffffff pref]
[    3.529179] pci 0000:00:00.0: [10ee:d021] type 01 class 0x060400
[    3.535242] pci 0000:00:00.0: PME# supported from D0 D1 D2 D3hot
[    3.545675] pci 0000:00:00.0: PCI bridge to [bus 01-0c]
[    3.551653] xilinx-zynqmp-dma fd500000.dma: ZynqMP DMA driver Probe success
[    3.558829] xilinx-zynqmp-dma fd510000.dma: ZynqMP DMA driver Probe success
[    3.566011] xilinx-zynqmp-dma fd520000.dma: ZynqMP DMA driver Probe success
[    3.573182] xilinx-zynqmp-dma fd530000.dma: ZynqMP DMA driver Probe success
[    3.580349] xilinx-zynqmp-dma fd540000.dma: ZynqMP DMA driver Probe success
[    3.587518] xilinx-zynqmp-dma fd550000.dma: ZynqMP DMA driver Probe success
[    3.594689] xilinx-zynqmp-dma fd560000.dma: ZynqMP DMA driver Probe success
[    3.601857] xilinx-zynqmp-dma fd570000.dma: ZynqMP DMA driver Probe success
[    3.609257] xilinx-zynqmp-dpdma fd4c0000.dma-controller: Xilinx DPDMA engine is probed
[    3.617799] ahci-ceva fd0c0000.ahci: supply ahci not found, using dummy regulator
[    3.625336] ahci-ceva fd0c0000.ahci: supply phy not found, using dummy regulator
[    3.715870] hmc7044 spi2.0: PLL1: Acquisition, CLKIN0 @ 122880000 Hz, PFD: 80 kHz - PLL2: Locked @ 2968.000000 MHz
[    3.726585] jesd204: /axi/spi@ff050000/hmc7044@0,jesd204:1,parent=spi2.0: Using as SYSREF provider
[    3.736168] spi-nor spi0.0: SPI-NOR-UniqueID 100000235394732200270025081115266e
[    3.743472] spi-nor spi0.0: found n25q512a, expected m25p80
[    3.749669] spi-nor spi0.0: trying to lock already unlocked area
[    3.755674] spi-nor spi0.0: n25q512a (131072 Kbytes)
[    3.760652] 4 fixed-partitions partitions found on MTD device spi0.0
[    3.766998] Creating 4 MTD partitions on "spi0.0":
[    3.771783] 0x000000000000-0x000000100000 : "qspi-fsbl-uboot"
[    3.778270] 0x000000100000-0x000000600000 : "qspi-linux"
[    3.784232] 0x000000600000-0x000000620000 : "qspi-device-tree"
[    3.790707] 0x000000620000-0x000000c00000 : "qspi-rootfs"
[    3.799172] macb ff0e0000.ethernet: Not enabling partial store and forward
[    3.806697] libphy: MACB_mii_bus: probed
[    3.811764] macb ff0e0000.ethernet eth0: Cadence GEM rev 0x50070106 at 0xff0e0000 irq 30 (00:0a:35:04:8e:1b)
[    3.821961] xilinx-axipmon ffa00000.perf-monitor: Probed Xilinx APM
[    3.828533] xilinx-axipmon fd0b0000.perf-monitor: Probed Xilinx APM
[    3.835044] xilinx-axipmon fd490000.perf-monitor: Probed Xilinx APM
[    3.841588] xilinx-axipmon ffa10000.perf-monitor: Probed Xilinx APM
[    3.851611] pca953x 0-0020: supply vcc not found, using dummy regulator
[    3.858290] pca953x 0-0020: using no AI
[    3.862780] gpio-496 (sel0): hogged as output/low
[    3.867678] gpio-497 (sel1): hogged as output/high
[    3.872665] gpio-498 (sel2): hogged as output/high
[    3.877653] gpio-499 (sel3): hogged as output/high
[    3.882825] pca953x 0-0021: supply vcc not found, using dummy regulator
[    3.889494] pca953x 0-0021: using no AI
[    3.895254] ina2xx 2-0040: power monitor ina226 (Rshunt = 5000 uOhm)
[    3.902279] ina2xx 2-0041: power monitor ina226 (Rshunt = 5000 uOhm)
[    3.909323] ina2xx 2-0042: power monitor ina226 (Rshunt = 5000 uOhm)
[    3.916358] ina2xx 2-0043: power monitor ina226 (Rshunt = 5000 uOhm)
[    3.923388] ina2xx 2-0044: power monitor ina226 (Rshunt = 5000 uOhm)
[    3.930411] ina2xx 2-0045: power monitor ina226 (Rshunt = 5000 uOhm)
[    3.937444] ina2xx 2-0046: power monitor ina226 (Rshunt = 5000 uOhm)
[    3.944520] ina2xx 2-0047: power monitor ina226 (Rshunt = 5000 uOhm)
[    3.951548] ina2xx 2-004a: power monitor ina226 (Rshunt = 5000 uOhm)
[    3.958590] ina2xx 2-004b: power monitor ina226 (Rshunt = 5000 uOhm)
[    3.965001] i2c i2c-0: Added multiplexed i2c bus 2
[    3.970392] random: fast init done
[    3.973865] ina2xx 3-0040: power monitor ina226 (Rshunt = 2000 uOhm)
[    3.980891] ina2xx 3-0041: power monitor ina226 (Rshunt = 5000 uOhm)
[    3.987920] ina2xx 3-0042: power monitor ina226 (Rshunt = 5000 uOhm)
[    3.994952] ina2xx 3-0043: power monitor ina226 (Rshunt = 5000 uOhm)
[    4.001977] ina2xx 3-0044: power monitor ina226 (Rshunt = 5000 uOhm)
[    4.009012] ina2xx 3-0045: power monitor ina226 (Rshunt = 5000 uOhm)
[    4.016043] ina2xx 3-0046: power monitor ina226 (Rshunt = 5000 uOhm)
[    4.023074] ina2xx 3-0047: power monitor ina226 (Rshunt = 5000 uOhm)
[    4.029475] i2c i2c-0: Added multiplexed i2c bus 3
[    4.085412] i2c i2c-0: Added multiplexed i2c bus 4
[    4.090352] i2c i2c-0: Added multiplexed i2c bus 5
[    4.095143] pca954x 0-0075: registered 4 multiplexed busses for I2C mux pca9544
[    4.102492] cdns-i2c ff020000.i2c: 400 kHz mmio ff020000 irq 32
[    4.110226] at24 6-0054: supply vcc not found, using dummy regulator
[    4.117128] at24 6-0054: 1024 byte 24c08 EEPROM, writable, 1 bytes/write
[    4.123881] i2c i2c-1: Added multiplexed i2c bus 6
[    4.130308] si5341 7-0036: Chip: 5341 Grade: 1 Rev: 1
[    4.167972] i2c i2c-1: Added multiplexed i2c bus 7
[    4.175623] si570 8-005d: registered, current frequency 300000000 Hz
[    4.182027] i2c i2c-1: Added multiplexed i2c bus 8
[    4.201823] si570 9-005d: registered, current frequency 148500000 Hz
[    4.208223] i2c i2c-1: Added multiplexed i2c bus 9
[    4.213263] si5324 10-0069: si5328 probed
[    4.280055] si5324 10-0069: si5328 probe successful
[    4.284982] i2c i2c-1: Added multiplexed i2c bus 10
[    4.290010] i2c i2c-1: Added multiplexed i2c bus 11
[    4.295033] i2c i2c-1: Added multiplexed i2c bus 12
[    4.300057] i2c i2c-1: Added multiplexed i2c bus 13
[    4.304930] pca954x 1-0074: registered 8 multiplexed busses for I2C switch pca9548
[    4.313041] at24 14-0050: supply vcc not found, using dummy regulator
[    4.319826] at24 14-0050: 256 byte 24c02 EEPROM, writable, 1 bytes/write
[    4.326574] i2c i2c-1: Added multiplexed i2c bus 14
[    4.331614] i2c i2c-1: Added multiplexed i2c bus 15
[    4.336646] i2c i2c-1: Added multiplexed i2c bus 16
[    4.341684] i2c i2c-1: Added multiplexed i2c bus 17
[    4.346714] i2c i2c-1: Added multiplexed i2c bus 18
[    4.351762] i2c i2c-1: Added multiplexed i2c bus 19
[    4.356801] i2c i2c-1: Added multiplexed i2c bus 20
[    4.361839] i2c i2c-1: Added multiplexed i2c bus 21
[    4.366713] pca954x 1-0075: registered 8 multiplexed busses for I2C switch pca9548
[    4.374323] cdns-i2c ff030000.i2c: 400 kHz mmio ff030000 irq 33
[    4.384066] cdns-wdt fd4d0000.watchdog: Xilinx Watchdog Timer with timeout 60s
[    4.393122] axi_adxcvr 84a60000.axi-adxcvr-rx: adxcvr_enforce_settings: Using QPLL without access, assuming desired Lane rate will be configured by a different instance
[    4.409756] axi_adxcvr 84a60000.axi-adxcvr-rx: AXI-ADXCVR-RX (17.05.a) using QPLL on GTH4 at 0x84A60000. Number of lanes: 4.
[    4.421917] axi_adxcvr 84b60000.axi-adxcvr-tx: AXI-ADXCVR-TX (17.05.a) using QPLL on GTH4 at 0x84B60000. Number of lanes: 4.
[    4.425877] mmc0: SDHCI controller on ff170000.mmc [ff170000.mmc] using ADMA 64-bit
[    4.441068] axi-jesd204-rx 84a90000.axi-jesd204-rx: AXI-JESD204-RX (1.07.a) at 0x84A90000. Encoder 8b10b, width 4/4, lanes 4, jesd204-fsm.
[    4.453903] axi-jesd204-tx 84b90000.axi-jesd204-tx: AXI-JESD204-TX (1.06.a) at 0x84B90000. Encoder 8b10b, width 4/4, lanes 4, jesd204-fsm.
[    4.467409] zynqmp-display fd4a0000.display: vtc bridge property not present
[    4.473468] mmc0: new high speed SDHC card at address 0001
[    4.477060] xilinx-dp-snd-codec fd4a0000.display:zynqmp_dp_snd_codec0: Failed to get required clock freq
[    4.480295] mmcblk0: mmc0:0001 EB1QT 29.8 GiB 
[    4.489422] xilinx-dp-snd-codec: probe of fd4a0000.display:zynqmp_dp_snd_codec0 failed with error -22
[    4.495097]  mmcblk0: p1 p2 p3
[    4.503409] xilinx-dp-snd-pcm zynqmp_dp_snd_pcm0: Xilinx DisplayPort Sound PCM probed
[    4.514270] xilinx-dp-snd-pcm zynqmp_dp_snd_pcm1: Xilinx DisplayPort Sound PCM probed
[    4.522478] OF: graph: no port node found in /axi/display@fd4a0000
[    4.528884] xlnx-drm xlnx-drm.0: bound fd4a0000.display (ops 0xffffffc010fcbdb8)
[    5.615716] zynqmp-display fd4a0000.display: [drm] Cannot find any crtc or sizes
[    5.623332] [drm] Initialized xlnx 1.0.0 20130509 for fd4a0000.display on minor 0
[    5.630827] zynqmp-display fd4a0000.display: ZynqMP DisplayPort Subsystem driver probed
[    5.639140] ahci-ceva fd0c0000.ahci: supply ahci not found, using dummy regulator
[    5.646685] ahci-ceva fd0c0000.ahci: supply phy not found, using dummy regulator
[    5.654139] ahci-ceva fd0c0000.ahci: supply target not found, using dummy regulator
[    5.672034] ahci-ceva fd0c0000.ahci: AHCI 0001.0301 32 slots 2 ports 6 Gbps 0x3 impl platform mode
[    5.680991] ahci-ceva fd0c0000.ahci: flags: 64bit ncq sntf pm clo only pmp fbs pio slum part ccc sds apst 
[    5.691614] scsi host0: ahci-ceva
[    5.695212] scsi host1: ahci-ceva
[    5.698645] ata1: SATA max UDMA/133 mmio [mem 0xfd0c0000-0xfd0c1fff] port 0x100 irq 45
[    5.706555] ata2: SATA max UDMA/133 mmio [mem 0xfd0c0000-0xfd0c1fff] port 0x180 irq 45
[    5.715157] ad9081 spi1.0: supply vdd not found, using dummy regulator
[    6.025932] ata2: SATA link down (SStatus 0 SControl 330)
[    6.031338] ata1: SATA link down (SStatus 0 SControl 330)
[    6.699720] zynqmp-display fd4a0000.display: [drm] Cannot find any crtc or sizes
[    7.504461] ad9081 spi1.0: AD9081 Rev. 2 Grade 10 (API 1.2.2) probed
[    7.511659] xhci-hcd xhci-hcd.1.auto: xHCI Host Controller
[    7.517154] xhci-hcd xhci-hcd.1.auto: new USB bus registered, assigned bus number 1
[    7.524900] xhci-hcd xhci-hcd.1.auto: hcc params 0x0238f625 hci version 0x100 quirks 0x0000000002010810
[    7.534312] xhci-hcd xhci-hcd.1.auto: irq 59, io mem 0xfe200000
[    7.540413] usb usb1: New USB device found, idVendor=1d6b, idProduct=0002, bcdDevice= 5.10
[    7.548670] usb usb1: New USB device strings: Mfr=3, Product=2, SerialNumber=1
[    7.555888] usb usb1: Product: xHCI Host Controller
[    7.560756] usb usb1: Manufacturer: Linux 5.10.0-98103-g2aa7ac113716 xhci-hcd
[    7.567882] usb usb1: SerialNumber: xhci-hcd.1.auto
[    7.573051] hub 1-0:1.0: USB hub found
[    7.576808] hub 1-0:1.0: 1 port detected
[    7.580906] xhci-hcd xhci-hcd.1.auto: xHCI Host Controller
[    7.586395] xhci-hcd xhci-hcd.1.auto: new USB bus registered, assigned bus number 2
[    7.594050] xhci-hcd xhci-hcd.1.auto: Host supports USB 3.0 SuperSpeed
[    7.600677] usb usb2: New USB device found, idVendor=1d6b, idProduct=0003, bcdDevice= 5.10
[    7.608935] usb usb2: New USB device strings: Mfr=3, Product=2, SerialNumber=1
[    7.616159] usb usb2: Product: xHCI Host Controller
[    7.621032] usb usb2: Manufacturer: Linux 5.10.0-98103-g2aa7ac113716 xhci-hcd
[    7.628157] usb usb2: SerialNumber: xhci-hcd.1.auto
[    7.633264] hub 2-0:1.0: USB hub found
[    7.637029] hub 2-0:1.0: 1 port detected
[    7.667087] cf_axi_adc 84a10000.axi-ad9081-rx-hpc: ADI AIM (10.01.b) at 0x84A10000 mapped to 0x(____ptrval____), probed ADC AD9081 as MASTER
[    7.700538] cf_axi_dds 84b10000.axi-ad9081-tx-hpc: Analog Devices CF_AXI_DDS_DDS MASTER (9.01.b) at 0x84B10000 mapped to 0x(____ptrval____), probed DDS AD9081
[    7.714738] jesd204: /axi/spi@ff040000/ad9081@0,jesd204:0,parent=spi1.0: JESD204[2] transition initialized -> probed
[    7.725262] jesd204: /axi/spi@ff040000/ad9081@0,jesd204:0,parent=spi1.0: JESD204[0] transition initialized -> probed
[    7.735784] jesd204: /axi/spi@ff040000/ad9081@0,jesd204:0,parent=spi1.0: JESD204[2] transition probed -> idle
[    7.745693] jesd204: /axi/spi@ff040000/ad9081@0,jesd204:0,parent=spi1.0: JESD204[0] transition probed -> idle
[    7.755607] jesd204: /axi/spi@ff040000/ad9081@0,jesd204:0,parent=spi1.0: JESD204[2] transition idle -> device_init
[    7.765949] jesd204: /axi/spi@ff040000/ad9081@0,jesd204:0,parent=spi1.0: JESD204[0] transition idle -> device_init
[    7.776302] jesd204: /axi/spi@ff040000/ad9081@0,jesd204:0,parent=spi1.0: JESD204[2] transition device_init -> link_init
[    7.787076] jesd204: /axi/spi@ff040000/ad9081@0,jesd204:0,parent=spi1.0: JESD204[0] transition device_init -> link_init
[    7.797867] jesd204: /axi/spi@ff040000/ad9081@0,jesd204:0,parent=spi1.0: JESD204[2] transition link_init -> link_supported
[    7.808907] jesd204: /axi/spi@ff040000/ad9081@0,jesd204:0,parent=spi1.0: JESD204[0] transition link_init -> link_supported
[    7.820325] hmc7044 spi2.0: hmc7044_jesd204_link_pre_setup: Link2 forcing continuous SYSREF mode
[    7.829441] jesd204: /axi/spi@ff040000/ad9081@0,jesd204:0,parent=spi1.0: JESD204[2] transition link_supported -> link_pre_setup
[    7.840921] jesd204: /axi/spi@ff040000/ad9081@0,jesd204:0,parent=spi1.0: JESD204[0] transition link_supported -> link_pre_setup
[    7.864748] jesd204: /axi/spi@ff040000/ad9081@0,jesd204:0,parent=spi1.0: JESD204[2] transition link_pre_setup -> clk_sync_stage1
[    7.876309] jesd204: /axi/spi@ff040000/ad9081@0,jesd204:0,parent=spi1.0: JESD204[0] transition link_pre_setup -> clk_sync_stage1
[    7.887872] jesd204: /axi/spi@ff040000/ad9081@0,jesd204:0,parent=spi1.0: JESD204[2] transition clk_sync_stage1 -> clk_sync_stage2
[    7.899517] jesd204: /axi/spi@ff040000/ad9081@0,jesd204:0,parent=spi1.0: JESD204[0] transition clk_sync_stage1 -> clk_sync_stage2
[    7.911176] jesd204: /axi/spi@ff040000/ad9081@0,jesd204:0,parent=spi1.0: JESD204[2] transition clk_sync_stage2 -> clk_sync_stage3
[    7.922823] jesd204: /axi/spi@ff040000/ad9081@0,jesd204:0,parent=spi1.0: JESD204[0] transition clk_sync_stage2 -> clk_sync_stage3
[    7.936556] jesd204: /axi/spi@ff040000/ad9081@0,jesd204:0,parent=spi1.0: JESD204[2] transition clk_sync_stage3 -> link_setup
[    7.947774] jesd204: /axi/spi@ff040000/ad9081@0,jesd204:0,parent=spi1.0: JESD204[0] transition clk_sync_stage3 -> link_setup
[    7.963759] jesd204: /axi/spi@ff040000/ad9081@0,jesd204:0,parent=spi1.0: JESD204[2] transition link_setup -> opt_setup_stage1
[    7.975061] jesd204: /axi/spi@ff040000/ad9081@0,jesd204:0,parent=spi1.0: JESD204[0] transition link_setup -> opt_setup_stage1
[    7.991433] jesd204: /axi/spi@ff040000/ad9081@0,jesd204:0,parent=spi1.0: JESD204[2] transition opt_setup_stage1 -> opt_setup_stage2
[    8.003253] jesd204: /axi/spi@ff040000/ad9081@0,jesd204:0,parent=spi1.0: JESD204[0] transition opt_setup_stage1 -> opt_setup_stage2
[    8.015226] jesd204: /axi/spi@ff040000/ad9081@0,jesd204:0,parent=spi1.0: JESD204[2] transition opt_setup_stage2 -> opt_setup_stage3
[    8.027047] jesd204: /axi/spi@ff040000/ad9081@0,jesd204:0,parent=spi1.0: JESD204[0] transition opt_setup_stage2 -> opt_setup_stage3
[    8.038869] jesd204: /axi/spi@ff040000/ad9081@0,jesd204:0,parent=spi1.0: JESD204[2] transition opt_setup_stage3 -> opt_setup_stage4
[    8.050687] jesd204: /axi/spi@ff040000/ad9081@0,jesd204:0,parent=spi1.0: JESD204[0] transition opt_setup_stage3 -> opt_setup_stage4
[    8.062517] jesd204: /axi/spi@ff040000/ad9081@0,jesd204:0,parent=spi1.0: JESD204[2] transition opt_setup_stage4 -> opt_setup_stage5
[    8.074346] jesd204: /axi/spi@ff040000/ad9081@0,jesd204:0,parent=spi1.0: JESD204[0] transition opt_setup_stage4 -> opt_setup_stage5
[    8.109418] axi_adxcvr 84a60000.axi-adxcvr-rx: adxcvr_clk_enable: QPLL RX buffer underflow error, status: 0x61
[    8.119406] axi_adxcvr 84a60000.axi-adxcvr-rx: adxcvr_clk_enable: QPLL RX buffer overflow error, status: 0x61
[    8.133431] jesd204: /axi/spi@ff040000/ad9081@0,jesd204:0,parent=spi1.0: JESD204[2] transition opt_setup_stage5 -> clocks_enable
[    8.144989] jesd204: /axi/spi@ff040000/ad9081@0,jesd204:0,parent=spi1.0: JESD204[0] transition opt_setup_stage5 -> clocks_enable
[    8.156611] jesd204: /axi/spi@ff040000/ad9081@0,jesd204:0,parent=spi1.0: JESD204[2] transition clocks_enable -> link_enable
[    8.167738] jesd204: /axi/spi@ff040000/ad9081@0,jesd204:0,parent=spi1.0: JESD204[0] transition clocks_enable -> link_enable
[    8.307703] axi-jesd204-rx 84a90000.axi-jesd204-rx: axi_jesd204_rx_jesd204_link_running: Link2 status failed (CGS)
[    8.318052] jesd204: /fpga-axi@0/axi-jesd204-rx@84a90000,jesd204:4,parent=84a90000.axi-jesd204-rx: JESD204[2] In link_running got error from cb: -1 (ignoring!)
[    8.427936] ad9081 spi1.0: JESD RX (JTX) Link2 in CGS, SYNC asserted, PLL locked, PHASE established, MODE valid
[    8.438027] jesd204: /axi/spi@ff040000/ad9081@0,jesd204:0,parent=spi1.0: JESD204[2] In link_running got error from cb: -1 (ignoring!)
[    8.450262] ad9081 spi1.0: JESD TX (JRX) Link0 0xF lanes in DATA
[    8.456273] jesd204: /axi/spi@ff040000/ad9081@0,jesd204:0,parent=spi1.0: JESD204[2] transition link_enable -> link_running
[    8.467309] jesd204: /axi/spi@ff040000/ad9081@0,jesd204:0,parent=spi1.0: JESD204[0] transition link_enable -> link_running
[    8.478356] jesd204: /axi/spi@ff040000/ad9081@0,jesd204:0,parent=spi1.0: JESD204[2] transition link_running -> opt_post_running_stage
[    8.490347] jesd204: /axi/spi@ff040000/ad9081@0,jesd204:0,parent=spi1.0: JESD204[0] transition link_running -> opt_post_running_stage
[    8.511558] input: gpio-keys as /devices/platform/gpio-keys/input/input0
[    8.518575] of_cfs_init
[    8.521038] of_cfs_init: OK
[    8.523990] cfg80211: Loading compiled-in X.509 certificates for regulatory database
[    8.665537] cfg80211: Loaded X.509 cert 'sforshee: 00b28ddf47aef9cea7'
[    8.672066] clk: Not disabling unused clocks
[    8.676595] ALSA device list:
[    8.679551]   No soundcards found.
[    8.683209] platform regulatory.0: Direct firmware load for regulatory.db failed with error -2
[    8.691819] cfg80211: failed to load regulatory.db
[    8.706617] EXT4-fs (mmcblk0p2): mounted filesystem with ordered data mode. Opts: (null)
[    8.714733] VFS: Mounted root (ext4 filesystem) on device 179:2.
[    8.728035] devtmpfs: mounted
[    8.731890] Freeing unused kernel memory: 2560K
[    8.751749] Run /sbin/init as init process
[    8.755846]   with arguments:
[    8.755849]     /sbin/init
[    8.755851]   with environment:
[    8.755854]     HOME=/
[    8.755856]     TERM=linux
[    9.332149] systemd[1]: systemd 241 running in system mode. (+PAM +AUDIT +SELINUX +IMA +APPARMOR +SMACK +SYSVINIT +UTMP +LIBCRYPTSETUP +GCRYPT +GNUTLS +ACL +XZ +LZ4 +SECCOMP +BLKID +ELFUTILS +KMOD -IDN2 +IDN -PCRE2 default-hierarchy=hybrid)
[    9.354026] systemd[1]: Detected architecture arm64.
[    9.376436] systemd[1]: Set hostname to <analog>.
[    9.563173] systemd[1]: File /lib/systemd/system/systemd-journald.service:12 configures an IP firewall (IPAddressDeny=any), but the local system does not support BPF/cgroup based firewalling.
[    9.580233] systemd[1]: Proceeding WITHOUT firewalling in effect! (This warning is only shown for the first loaded unit using IP firewalling.)
[    9.745157] systemd[1]: /etc/systemd/system/tof-server.service:1: Assignment outside of section. Ignoring.
[    9.754854] systemd[1]: /etc/systemd/system/tof-server.service:2: Assignment outside of section. Ignoring.
[    9.939829] random: systemd: uninitialized urandom read (16 bytes read)
[    9.954568] random: systemd: uninitialized urandom read (16 bytes read)
[    9.961499] systemd[1]: Started Forward Password Requests to Wall Directory Watch.
[    9.984106] random: systemd: uninitialized urandom read (16 bytes read)
[    9.990988] systemd[1]: Listening on Journal Audit Socket.
[   10.012340] systemd[1]: Created slice system-getty.slice.
[   10.609795] ------------[ cut here ]------------
[   10.609804] Enabling unprepared \xa0\xe9Q\x88\xff\xff\xffpQ\x88\xff\xff\xff
[   10.609850] WARNING: CPU: 2 PID: 112 at drivers/clk/clk.c:1012 clk_core_enable+0xa4/0xc0
[   10.609853] Modules linked in:
[   10.609863] CPU: 2 PID: 112 Comm: kworker/2:1H Not tainted 5.10.0-98103-g2aa7ac113716 #5577
[   10.609866] Hardware name: ZynqMP ZCU102 Rev1.0 (DT)
[   10.609875] Workqueue: kblockd blk_mq_run_work_fn
[   10.609883] pstate: 80000085 (Nzcv daIf -PAN -UAO -TCO BTYPE=--)
[   10.609888] pc : clk_core_enable+0xa4/0xc0
[   10.609893] lr : clk_core_enable+0xa4/0xc0
[   10.609896] sp : ffffffc0127d32d0
[   10.609899] x29: ffffffc0127d32d0 x28: ffffff8800330c10 
[   10.609906] x27: ffffff8800330d48 x26: 0000005000000101 
[   10.609913] x25: 0000000272736f12 x24: 0000000000000001 
[   10.609919] x23: ffffff88010e9380 x22: ffffff8801083220 
[   10.609926] x21: ffffff8801517000 x20: ffffff8801517008 
[   10.609932] x19: ffffff8801517008 x18: 0000000000000030 
[   10.609939] x17: 0000000000000002 x16: 0000afe0974e5b48 
[   10.609946] x15: ffffffffffff8998 x14: ffffffc011d3b1a0 
[   10.609952] x13: ffffffc011d3b1c8 x12: 00000000000005f7 
[   10.609958] x11: 00000000000001fd x10: ffffffc011d671c8 
[   10.609965] x9 : 00000000fffff800 x8 : ffffffc011d3b1c8 
[   10.609972] x7 : ffffffc011d671c8 x6 : 0000000000000001 
[   10.609978] x5 : ffffff887f7929e0 x4 : 0000000000000000 
[   10.609984] x3 : 0000000000000027 x2 : 0000000000000023 
[   10.609991] x1 : ccc14a8b68e42b00 x0 : 0000000000000000 
[   10.609997] Call trace:
[   10.610004]  clk_core_enable+0xa4/0xc0
[   10.610009]  clk_enable+0x2c/0x60
[   10.610015]  zynqmp_runtime_resume+0x24/0x84
[   10.610022]  pm_generic_runtime_resume+0x30/0x50
[   10.610028]  __genpd_runtime_resume+0x30/0xb0
[   10.610034]  genpd_runtime_resume+0x90/0x250
[   10.610039]  __rpm_callback+0x10c/0x1e0
[   10.610045]  rpm_callback+0x5c/0x84
[   10.610050]  rpm_resume+0x4a4/0x74c
[   10.610055]  __pm_runtime_resume+0x78/0xc4
[   10.610059]  spi_mem_access_start.isra.0+0x30/0x80
[   10.610063]  spi_mem_exec_op+0x3b0/0x424
[   10.610068]  spi_nor_read_sr+0x78/0xe0
[   10.610073]  spi_nor_wait_till_ready_with_timeout+0xb4/0x2f0
[   10.610077]  spi_nor_read+0x188/0x380
[   10.610083]  mtd_read_oob_std+0x78/0x84
[   10.610087]  mtd_read_oob+0x7c/0x134
[   10.610092]  mtd_read+0x48/0x7c
[   10.610097]  mtdblock_readsect+0x6c/0x150
[   10.610102]  mtd_queue_rq+0x2cc/0x5a0
[   10.610108]  blk_mq_dispatch_rq_list+0x110/0x790
[   10.610114]  __blk_mq_do_dispatch_sched+0x200/0x274
[   10.610120]  __blk_mq_sched_dispatch_requests+0x1a8/0x1fc
[   10.610126]  blk_mq_sched_dispatch_requests+0x3c/0x7c
[   10.610130]  __blk_mq_run_hw_queue+0x98/0x100
[   10.610135]  blk_mq_run_work_fn+0x24/0x30
[   10.610141]  process_one_work+0x1d4/0x380
[   10.610144]  worker_thread+0x78/0x4e0
[   10.610150]  kthread+0x124/0x130
[   10.610155]  ret_from_fork+0x10/0x3c
[   10.610159] ---[ end trace b642cfdc78f2cb72 ]---
[   10.610167] zynqmp-qspi ff0f0000.spi: Cannot enable APB clock.
[   10.610216] spi_master spi0: Failed to power device: -108
[   10.610226] blk_update_request: I/O error, dev mtdblock0, sector 8 op 0x0:(READ) flags 0x80700 phys_seg 1 prio class 0
[   10.610293] spi_master spi0: Failed to power device: -22
[   10.610300] blk_update_request: I/O error, dev mtdblock0, sector 8 op 0x0:(READ) flags 0x0 phys_seg 8 prio class 0
[   10.610306] Buffer I/O error on dev mtdblock0, logical block 8, async page read
[   10.610315] spi_master spi0: Failed to power device: -22
[   10.610321] blk_update_request: I/O error, dev mtdblock0, sector 9 op 0x0:(READ) flags 0x0 phys_seg 7 prio class 0
[   10.610325] Buffer I/O error on dev mtdblock0, logical block 9, async page read
[   10.610332] spi_master spi0: Failed to power device: -22
[   10.610338] blk_update_request: I/O error, dev mtdblock0, sector 10 op 0x0:(READ) flags 0x0 phys_seg 6 prio class 0
[   10.610341] Buffer I/O error on dev mtdblock0, logical block 10, async page read
[   10.610349] spi_master spi0: Failed to power device: -22
[   10.610354] blk_update_request: I/O error, dev mtdblock0, sector 11 op 0x0:(READ) flags 0x0 phys_seg 5 prio class 0
[   10.610358] Buffer I/O error on dev mtdblock0, logical block 11, async page read
[   10.610365] spi_master spi0: Failed to power device: -22
[   10.610371] blk_update_request: I/O error, dev mtdblock0, sector 12 op 0x0:(READ) flags 0x0 phys_seg 4 prio class 0
[   10.610375] Buffer I/O error on dev mtdblock0, logical block 12, async page read
[   10.610381] spi_master spi0: Failed to power device: -22
[   10.610387] blk_update_request: I/O error, dev mtdblock0, sector 13 op 0x0:(READ) flags 0x0 phys_seg 3 prio class 0
[   10.610391] Buffer I/O error on dev mtdblock0, logical block 13, async page read
[   10.610397] spi_master spi0: Failed to power device: -22
[   10.610403] blk_update_request: I/O error, dev mtdblock0, sector 14 op 0x0:(READ) flags 0x0 phys_seg 2 prio class 0
[   10.610407] Buffer I/O error on dev mtdblock0, logical block 14, async page read
[   10.610413] spi_master spi0: Failed to power device: -22
[   10.610419] blk_update_request: I/O error, dev mtdblock0, sector 15 op 0x0:(READ) flags 0x0 phys_seg 1 prio class 0
[   10.610423] Buffer I/O error on dev mtdblock0, logical block 15, async page read
[   10.610723] spi_master spi0: Failed to power device: -22
[   10.610730] blk_update_request: I/O error, dev mtdblock1, sector 10112 op 0x0:(READ) flags 0x80700 phys_seg 1 prio class 0
[   10.610774] spi_master spi0: Failed to power device: -22
[   10.610779] Buffer I/O error on dev mtdblock1, logical block 10112, async page read
[   10.610787] spi_master spi0: Failed to power device: -22
[   10.610792] Buffer I/O error on dev mtdblock1, logical block 10113, async page read
[   10.610799] spi_master spi0: Failed to power device: -22
[   10.610807] spi_master spi0: Failed to power device: -22
[   10.610814] spi_master spi0: Failed to power device: -22
[   10.610821] spi_master spi0: Failed to power device: -22
[   10.610829] spi_master spi0: Failed to power device: -22
[   10.610836] spi_master spi0: Failed to power device: -22
[   10.611097] spi_master spi0: Failed to power device: -22
[   10.611141] spi_master spi0: Failed to power device: -22
[   10.611150] spi_master spi0: Failed to power device: -22
[   10.611158] spi_master spi0: Failed to power device: -22
[   10.611165] spi_master spi0: Failed to power device: -22
[   10.611173] spi_master spi0: Failed to power device: -22
[   10.611180] spi_master spi0: Failed to power device: -22
[   10.611187] spi_master spi0: Failed to power device: -22
[   10.611194] spi_master spi0: Failed to power device: -22
[   10.611458] spi_master spi0: Failed to power device: -22
[   10.611502] spi_master spi0: Failed to power device: -22
[   10.611511] spi_master spi0: Failed to power device: -22
[   10.611519] spi_master spi0: Failed to power device: -22
[   10.611526] spi_master spi0: Failed to power device: -22
[   10.611534] spi_master spi0: Failed to power device: -22
[   10.611541] spi_master spi0: Failed to power device: -22
[   10.611548] spi_master spi0: Failed to power device: -22
[   10.611555] spi_master spi0: Failed to power device: -22
[   10.745879] EXT4-fs (mmcblk0p2): re-mounted. Opts: (null)
[   10.851589] systemd-journald[168]: Received request to flush runtime journal from PID 1
[   16.837513] macb ff0e0000.ethernet eth0: PHY [ff0e0000.ethernet-ffffffff:0c] driver [TI DP83867] (irq=POLL)
[   16.837526] macb ff0e0000.ethernet eth0: configuring for phy/rgmii-id link mode
[   17.131772] Adding 102396k swap on /var/swap.  Priority:-2 extents:4 across:9953604k SS
[   18.691733] random: crng init done
[   18.691742] random: 7 urandom warning(s) missed due to ratelimiting
[   19.716613] broken atomic modeset userspace detected, disabling atomic
[   20.929340] macb ff0e0000.ethernet eth0: Link is Up - 1Gbps/Full - flow control off
[   20.929366] IPv6: ADDRCONF(NETDEV_CHANGE): eth0: link becomes ready
[   22.381653] broken atomic modeset userspace detected, disabling atomic
[   25.262834] broken atomic modeset userspace detected, disabling atomic
[   27.884075] broken atomic modeset userspace detected, disabling atomic