[    0.000000] Booting Linux on physical CPU 0x0000000000 [0x410fd034]
[    0.000000] Linux version 5.10.0-98103-g2aa7ac113716 (jenkins@romlxbuild1.adlk.analog.com) (aarch64-xilinx-linux-gcc.real (GCC) 10.2.0, GNU ld (GNU Binutils) 2.35.0.20200730) #5577 SMP Wed Mar 23 07:28:49 GMT 2022
[    0.000000] Machine model: ZynqMP ZCU102 Rev1.0
[    0.000000] earlycon: cdns0 at MMIO 0x00000000ff000000 (options '115200n8')
[    0.000000] printk: bootconsole [cdns0] enabled
[    0.000000] efi: UEFI not found.
[    0.000000] cma: Reserved 256 MiB at 0x0000000070000000
[    0.000000] Zone ranges:
[    0.000000]   DMA      [mem 0x0000000000000000-0x000000003fffffff]
[    0.000000]   DMA32    [mem 0x0000000040000000-0x00000000ffffffff]
[    0.000000]   Normal   [mem 0x0000000100000000-0x000000087fffffff]
[    0.000000] Movable zone start for each node
[    0.000000] Early memory node ranges
[    0.000000]   node   0: [mem 0x0000000000000000-0x000000007fffffff]
[    0.000000]   node   0: [mem 0x0000000800000000-0x000000087fffffff]
[    0.000000] Initmem setup node 0 [mem 0x0000000000000000-0x000000087fffffff]
[    0.000000] On node 0 totalpages: 1048576
[    0.000000]   DMA zone: 3584 pages used for memmap
[    0.000000]   DMA zone: 0 pages reserved
[    0.000000]   DMA zone: 262144 pages, LIFO batch:63
[    0.000000]   DMA32 zone: 3584 pages used for memmap
[    0.000000]   DMA32 zone: 262144 pages, LIFO batch:63
[    0.000000]   Normal zone: 7168 pages used for memmap
[    0.000000]   Normal zone: 524288 pages, LIFO batch:63
[    0.000000] psci: probing for conduit method from DT.
[    0.000000] psci: PSCIv1.1 detected in firmware.
[    0.000000] psci: Using standard PSCI v0.2 function IDs
[    0.000000] psci: MIGRATE_INFO_TYPE not supported.
[    0.000000] psci: SMC Calling Convention v1.2
[    0.000000] percpu: Embedded 22 pages/cpu s49496 r8192 d32424 u90112
[    0.000000] pcpu-alloc: s49496 r8192 d32424 u90112 alloc=22*4096
[    0.000000] pcpu-alloc: [0] 0 [0] 1 [0] 2 [0] 3 
[    0.000000] Detected VIPT I-cache on CPU0
[    0.000000] CPU features: detected: ARM erratum 845719
[    0.000000] Built 1 zonelists, mobility grouping on.  Total pages: 1034240
[    0.000000] Kernel command line: console=ttyPS0,115200 root=/dev/mmcblk0p2 rw earlycon rootfstype=ext4 rootwait clk_ignore_unused cpuidle.off=1 root=/dev/mmcblk0p2 rw rootwait
[    0.000000] Dentry cache hash table entries: 524288 (order: 10, 4194304 bytes, linear)
[    0.000000] Inode-cache hash table entries: 262144 (order: 9, 2097152 bytes, linear)
[    0.000000] mem auto-init: stack:off, heap alloc:off, heap free:off
[    0.000000] software IO TLB: mapped [mem 0x000000003bfff000-0x000000003ffff000] (64MB)
[    0.000000] Memory: 3761904K/4194304K available (15296K kernel code, 1636K rwdata, 11876K rodata, 2560K init, 507K bss, 170256K reserved, 262144K cma-reserved)
[    0.000000] rcu: Hierarchical RCU implementation.
[    0.000000] rcu: 	RCU event tracing is enabled.
[    0.000000] rcu: 	RCU restricting CPUs from NR_CPUS=8 to nr_cpu_ids=4.
[    0.000000] rcu: RCU calculated value of scheduler-enlistment delay is 25 jiffies.
[    0.000000] rcu: Adjusting geometry for rcu_fanout_leaf=16, nr_cpu_ids=4
[    0.000000] NR_IRQS: 64, nr_irqs: 64, preallocated irqs: 0
[    0.000000] GIC: Adjusting CPU interface base to 0x00000000f902f000
[    0.000000] GIC: Using split EOI/Deactivate mode
[    0.000000] random: get_random_bytes called from start_kernel+0x31c/0x54c with crng_init=0
[    0.000000] arch_timer: cp15 timer(s) running at 100.00MHz (phys).
[    0.000000] clocksource: arch_sys_counter: mask: 0xffffffffffffff max_cycles: 0x171024e7e0, max_idle_ns: 440795205315 ns
[    0.000003] sched_clock: 56 bits at 100MHz, resolution 10ns, wraps every 4398046511100ns
[    0.008464] Console: colour dummy device 80x25
[    0.012482] Calibrating delay loop (skipped), value calculated using timer frequency.. 200.00 BogoMIPS (lpj=400000)
[    0.022840] pid_max: default: 32768 minimum: 301
[    0.027551] Mount-cache hash table entries: 8192 (order: 4, 65536 bytes, linear)
[    0.034789] Mountpoint-cache hash table entries: 8192 (order: 4, 65536 bytes, linear)
[    0.043400] rcu: Hierarchical SRCU implementation.
[    0.047561] EFI services will not be available.
[    0.051939] smp: Bringing up secondary CPUs ...
[    0.056656] Detected VIPT I-cache on CPU1
[    0.056695] CPU1: Booted secondary processor 0x0000000001 [0x410fd034]
[    0.057063] Detected VIPT I-cache on CPU2
[    0.057088] CPU2: Booted secondary processor 0x0000000002 [0x410fd034]
[    0.057427] Detected VIPT I-cache on CPU3
[    0.057450] CPU3: Booted secondary processor 0x0000000003 [0x410fd034]
[    0.057496] smp: Brought up 1 node, 4 CPUs
[    0.091780] SMP: Total of 4 processors activated.
[    0.096452] CPU features: detected: 32-bit EL0 Support
[    0.101556] CPU features: detected: CRC32 instructions
[    0.106697] CPU: All CPU(s) started at EL2
[    0.110736] alternatives: patching kernel code
[    0.116169] devtmpfs: initialized
[    0.124069] Registered cp15_barrier emulation handler
[    0.124120] Registered setend emulation handler
[    0.128103] clocksource: jiffies: mask: 0xffffffff max_cycles: 0xffffffff, max_idle_ns: 7645041785100000 ns
[    0.137679] futex hash table entries: 1024 (order: 4, 65536 bytes, linear)
[    0.151031] pinctrl core: initialized pinctrl subsystem
[    0.151677] NET: Registered protocol family 16
[    0.156103] DMA: preallocated 512 KiB GFP_KERNEL pool for atomic allocations
[    0.162117] DMA: preallocated 512 KiB GFP_KERNEL|GFP_DMA pool for atomic allocations
[    0.169844] DMA: preallocated 512 KiB GFP_KERNEL|GFP_DMA32 pool for atomic allocations
[    0.177645] audit: initializing netlink subsys (disabled)
[    0.183094] audit: type=2000 audit(0.116:1): state=initialized audit_enabled=0 res=1
[    0.183440] hw-breakpoint: found 6 breakpoint and 4 watchpoint registers.
[    0.197472] ASID allocator initialised with 65536 entries
[    0.224313] HugeTLB registered 1.00 GiB page size, pre-allocated 0 pages
[    0.225368] HugeTLB registered 32.0 MiB page size, pre-allocated 0 pages
[    0.232039] HugeTLB registered 2.00 MiB page size, pre-allocated 0 pages
[    0.238699] HugeTLB registered 64.0 KiB page size, pre-allocated 0 pages
[    1.304303] DRBG: Continuing without Jitter RNG
[    1.382099] raid6: neonx8   gen()  2140 MB/s
[    1.450145] raid6: neonx8   xor()  1600 MB/s
[    1.518204] raid6: neonx4   gen()  2188 MB/s
[    1.586253] raid6: neonx4   xor()  1567 MB/s
[    1.654326] raid6: neonx2   gen()  2076 MB/s
[    1.722369] raid6: neonx2   xor()  1439 MB/s
[    1.790430] raid6: neonx1   gen()  1772 MB/s
[    1.858478] raid6: neonx1   xor()  1220 MB/s
[    1.926535] raid6: int64x8  gen()  1438 MB/s
[    1.994592] raid6: int64x8  xor()   771 MB/s
[    2.062663] raid6: int64x4  gen()  1598 MB/s
[    2.130715] raid6: int64x4  xor()   816 MB/s
[    2.198788] raid6: int64x2  gen()  1397 MB/s
[    2.266842] raid6: int64x2  xor()   749 MB/s
[    2.334903] raid6: int64x1  gen()  1033 MB/s
[    2.402966] raid6: int64x1  xor()   517 MB/s
[    2.403004] raid6: using algorithm neonx4 gen() 2188 MB/s
[    2.406961] raid6: .... xor() 1567 MB/s, rmw enabled
[    2.411892] raid6: using neon recovery algorithm
[    2.416905] iommu: Default domain type: Translated 
[    2.421518] SCSI subsystem initialized
[    2.425060] libata version 3.00 loaded.
[    2.425185] usbcore: registered new interface driver usbfs
[    2.430518] usbcore: registered new interface driver hub
[    2.435791] usbcore: registered new device driver usb
[    2.440926] mc: Linux media interface: v0.10
[    2.445038] videodev: Linux video capture interface: v2.00
[    2.450531] EDAC MC: Ver: 3.0.0
[    2.453973] zynqmp-ipi-mbox mailbox@ff990400: Registered ZynqMP IPI mbox with TX/RX channels.
[    2.462467] jesd204: created con: id=0, topo=0, link=0, /axi/spi@ff050000/hmc7044@0 <-> /fpga-axi@0/axi-adxcvr-tx@84b60000
[    2.473060] jesd204: created con: id=1, topo=0, link=2, /axi/spi@ff050000/hmc7044@0 <-> /fpga-axi@0/axi-adxcvr-rx@84a60000
[    2.484044] jesd204: created con: id=2, topo=0, link=0, /fpga-axi@0/axi-adxcvr-tx@84b60000 <-> /fpga-axi@0/axi-jesd204-tx@84b90000
[    2.495720] jesd204: created con: id=3, topo=0, link=2, /fpga-axi@0/axi-adxcvr-rx@84a60000 <-> /fpga-axi@0/axi-jesd204-rx@84a90000
[    2.507398] jesd204: created con: id=4, topo=0, link=0, /fpga-axi@0/axi-jesd204-tx@84b90000 <-> /fpga-axi@0/axi-ad9081-tx-hpc@84b10000
[    2.519425] jesd204: created con: id=5, topo=0, link=2, /fpga-axi@0/axi-jesd204-rx@84a90000 <-> /fpga-axi@0/axi-ad9081-rx-hpc@84a10000
[    2.531447] jesd204: created con: id=6, topo=0, link=2, /fpga-axi@0/axi-ad9081-rx-hpc@84a10000 <-> /axi/spi@ff040000/ad9081@0
[    2.542689] jesd204: created con: id=7, topo=0, link=0, /fpga-axi@0/axi-ad9081-tx-hpc@84b10000 <-> /axi/spi@ff040000/ad9081@0
[    2.553939] jesd204: /axi/spi@ff040000/ad9081@0: JESD204[2] transition uninitialized -> initialized
[    2.562925] jesd204: /axi/spi@ff040000/ad9081@0: JESD204[0] transition uninitialized -> initialized
[    2.571917] jesd204: found 8 devices and 1 topologies
[    2.576960] FPGA manager framework
[    2.580440] Advanced Linux Sound Architecture Driver Initialized.
[    2.586732] Bluetooth: Core ver 2.22
[    2.589920] NET: Registered protocol family 31
[    2.594321] Bluetooth: HCI device and connection manager initialized
[    2.600637] Bluetooth: HCI socket layer initialized
[    2.605479] Bluetooth: L2CAP socket layer initialized
[    2.610503] Bluetooth: SCO socket layer initialized
[    2.615690] clocksource: Switched to clocksource arch_sys_counter
[    2.621497] VFS: Disk quotas dquot_6.6.0
[    2.625330] VFS: Dquot-cache hash table entries: 512 (order 0, 4096 bytes)
[    2.636050] NET: Registered protocol family 2
[    2.636777] tcp_listen_portaddr_hash hash table entries: 2048 (order: 3, 32768 bytes, linear)
[    2.644971] TCP established hash table entries: 32768 (order: 6, 262144 bytes, linear)
[    2.652996] TCP bind hash table entries: 32768 (order: 7, 524288 bytes, linear)
[    2.660440] TCP: Hash tables configured (established 32768 bind 32768)
[    2.666617] UDP hash table entries: 2048 (order: 4, 65536 bytes, linear)
[    2.673282] UDP-Lite hash table entries: 2048 (order: 4, 65536 bytes, linear)
[    2.680442] NET: Registered protocol family 1
[    2.684897] RPC: Registered named UNIX socket transport module.
[    2.690518] RPC: Registered udp transport module.
[    2.695183] RPC: Registered tcp transport module.
[    2.699853] RPC: Registered tcp NFSv4.1 backchannel transport module.
[    2.706843] PCI: CLS 0 bytes, default 64
[    2.710549] hw perfevents: no interrupt-affinity property for /pmu, guessing.
[    2.717405] hw perfevents: enabled with armv8_pmuv3 PMU driver, 7 counters available
[    2.725755] Initialise system trusted keyrings
[    2.729431] workingset: timestamp_bits=62 max_order=20 bucket_order=0
[    2.736335] NFS: Registering the id_resolver key type
[    2.740783] Key type id_resolver registered
[    2.744920] Key type id_legacy registered
[    2.748910] nfs4filelayout_init: NFSv4 File Layout Driver Registering...
[    2.755576] jffs2: version 2.2. (NAND) (SUMMARY)  Â© 2001-2006 Red Hat, Inc.
[    2.798514] NET: Registered protocol family 38
[    2.798556] xor: measuring software checksum speed
[    2.806245]    8regs           :  2363 MB/sec
[    2.809914]    32regs          :  2799 MB/sec
[    2.814856]    arm64_neon      :  2380 MB/sec
[    2.815047] xor: using function: 32regs (2799 MB/sec)
[    2.820072] Key type asymmetric registered
[    2.824134] Asymmetric key parser 'x509' registered
[    2.828995] Block layer SCSI generic (bsg) driver version 0.4 loaded (major 248)
[    2.836331] io scheduler mq-deadline registered
[    2.840828] io scheduler kyber registered
[    2.870231] Serial: 8250/16550 driver, 4 ports, IRQ sharing disabled
[    2.874879] cacheinfo: Unable to detect cache hierarchy for CPU 0
[    2.881219] brd: module loaded
[    2.885367] loop: module loaded
[    2.885915] Registered mathworks_ip class
[    2.889240] libphy: Fixed MDIO Bus: probed
[    2.892235] tun: Universal TUN/TAP device driver, 1.6
[    2.896283] CAN device driver interface
[    2.900820] usbcore: registered new interface driver asix
[    2.905416] usbcore: registered new interface driver ax88179_178a
[    2.911449] usbcore: registered new interface driver cdc_ether
[    2.917243] usbcore: registered new interface driver net1080
[    2.922870] usbcore: registered new interface driver cdc_subset
[    2.928749] usbcore: registered new interface driver zaurus
[    2.934293] usbcore: registered new interface driver cdc_ncm
[    2.940695] ehci_hcd: USB 2.0 'Enhanced' Host Controller (EHCI) Driver
[    2.946378] ehci-pci: EHCI PCI platform driver
[    2.951178] usbcore: registered new interface driver uas
[    2.956094] usbcore: registered new interface driver usb-storage
[    2.962082] usbcore: registered new interface driver usbserial_generic
[    2.968533] usbserial: USB Serial support registered for generic
[    2.974506] usbcore: registered new interface driver ftdi_sio
[    2.980209] usbserial: USB Serial support registered for FTDI USB Serial Device
[    2.987486] usbcore: registered new interface driver upd78f0730
[    2.993357] usbserial: USB Serial support registered for upd78f0730
[    3.001017] rtc_zynqmp ffa60000.rtc: registered as rtc0
[    3.004782] rtc_zynqmp ffa60000.rtc: setting system clock to 2022-04-12T21:03:29 UTC (1649797409)
[    3.013644] i2c /dev entries driver
[    3.018956] usbcore: registered new interface driver uvcvideo
[    3.022757] USB Video Class driver (1.1.1)
[    3.028341] Bluetooth: HCI UART driver ver 2.3
[    3.031229] Bluetooth: HCI UART protocol H4 registered
[    3.036338] Bluetooth: HCI UART protocol BCSP registered
[    3.041628] Bluetooth: HCI UART protocol LL registered
[    3.046716] Bluetooth: HCI UART protocol ATH3K registered
[    3.052090] Bluetooth: HCI UART protocol Three-wire (H5) registered
[    3.058345] Bluetooth: HCI UART protocol Intel registered
[    3.063688] Bluetooth: HCI UART protocol QCA registered
[    3.068885] usbcore: registered new interface driver bcm203x
[    3.074506] usbcore: registered new interface driver bpa10x
[    3.080041] usbcore: registered new interface driver bfusb
[    3.085492] usbcore: registered new interface driver btusb
[    3.090954] usbcore: registered new interface driver ath3k
[    3.096438] EDAC MC: ECC not enabled
[    3.100063] EDAC DEVICE0: Giving out device to module zynqmp-ocm-edac controller zynqmp_ocm: DEV ff960000.memory-controller (INTERRUPT)
[    3.112377] sdhci: Secure Digital Host Controller Interface driver
[    3.118165] sdhci: Copyright(c) Pierre Ossman
[    3.122490] sdhci-pltfm: SDHCI platform and OF driver helper
[    3.128541] ledtrig-cpu: registered to indicate activity on CPUs
[    3.134095] SMCCC: SOC_ID: ARCH_SOC_ID not implemented, skipping ....
[    3.140525] zynqmp_firmware_probe Platform Management API v1.1
[    3.146281] zynqmp_firmware_probe Trustzone version v1.0
[    3.185844] zynqmp-pinctrl firmware:zynqmp-firmware:pinctrl: zynqmp pinctrl initialized
[    3.233842] zynqmp-aes firmware:zynqmp-firmware:zynqmp-aes: will run requests pump with realtime priority
[    3.249699] alg: No test for xilinx-keccak-384 (zynqmp-keccak-384)
[    3.250406] alg: No test for xilinx-zynqmp-rsa (zynqmp-rsa)
[    3.255919] usbcore: registered new interface driver usbhid
[    3.261308] usbhid: USB HID core driver
[    3.272553] axi_sysid 85000000.axi-sysid-0: AXI System ID core version (1.01.a) found
[    3.274897] axi_sysid 85000000.axi-sysid-0: [ad9081_fmca_ebz] on [zcu102] git branch <master> git <084d44c9780640ca93fd847b1d9ec70dd65f5c67> clean [2022-03-18 04:17:50] UTC
[    3.290586] fpga_manager fpga0: Xilinx ZynqMP FPGA Manager registered
[    3.296941] usbcore: registered new interface driver snd-usb-audio
[    3.304395] pktgen: Packet Generator for packet performance testing. Version: 2.75
[    3.310574] Initializing XFRM netlink socket
[    3.314429] NET: Registered protocol family 10
[    3.319145] Segment Routing with IPv6
[    3.322526] sit: IPv6, IPv4 and MPLS over IPv4 tunneling driver
[    3.328597] NET: Registered protocol family 17
[    3.332701] NET: Registered protocol family 15
[    3.337196] can: controller area network core
[    3.341451] NET: Registered protocol family 29
[    3.345839] can: raw protocol
[    3.348775] can: broadcast manager protocol
[    3.352930] can: netlink gateway - max_hops=1
[    3.357324] Bluetooth: RFCOMM TTY layer initialized
[    3.362103] Bluetooth: RFCOMM socket layer initialized
[    3.367211] Bluetooth: RFCOMM ver 1.11
[    3.370922] Bluetooth: BNEP (Ethernet Emulation) ver 1.3
[    3.376194] Bluetooth: BNEP filters: protocol multicast
[    3.381387] Bluetooth: BNEP socket layer initialized
[    3.386315] Bluetooth: HIDP (Human Interface Emulation) ver 1.2
[    3.392198] Bluetooth: HIDP socket layer initialized
[    3.397253] 9pnet: Installing 9P2000 support
[    3.401375] NET: Registered protocol family 36
[    3.405792] Key type dns_resolver registered
[    3.410223] registered taskstats version 1
[    3.414088] Loading compiled-in X.509 certificates
[    3.419202] Btrfs loaded, crc32c=crc32c-generic
[    3.431612] ff000000.serial: ttyPS0 at MMIO 0xff000000 (irq = 49, base_baud = 6249999) is a xuartps
[    3.440633] printk: console [ttyPS0] enabled
[    3.444927] printk: bootconsole [cdns0] disabled
[    3.454559] ff010000.serial: ttyPS1 at MMIO 0xff010000 (irq = 50, base_baud = 6249999) is a xuartps
[    3.467798] of-fpga-region fpga-full: FPGA Region probed
[    3.474765] nwl-pcie fd0e0000.pcie: host bridge /axi/pcie@fd0e0000 ranges:
[    3.481665] nwl-pcie fd0e0000.pcie:      MEM 0x00e0000000..0x00efffffff -> 0x00e0000000
[    3.489667] nwl-pcie fd0e0000.pcie:      MEM 0x0600000000..0x07ffffffff -> 0x0600000000
[    3.497729] nwl-pcie fd0e0000.pcie: Link is DOWN
[    3.502485] nwl-pcie fd0e0000.pcie: PCI host bridge to bus 0000:00
[    3.508664] pci_bus 0000:00: root bus resource [bus 00-ff]
[    3.514145] pci_bus 0000:00: root bus resource [mem 0xe0000000-0xefffffff]
[    3.521016] pci_bus 0000:00: root bus resource [mem 0x600000000-0x7ffffffff pref]
[    3.528519] pci 0000:00:00.0: [10ee:d021] type 01 class 0x060400
[    3.534575] pci 0000:00:00.0: PME# supported from D0 D1 D2 D3hot
[    3.545022] pci 0000:00:00.0: PCI bridge to [bus 01-0c]
[    3.551002] xilinx-zynqmp-dma fd500000.dma: ZynqMP DMA driver Probe success
[    3.558181] xilinx-zynqmp-dma fd510000.dma: ZynqMP DMA driver Probe success
[    3.565364] xilinx-zynqmp-dma fd520000.dma: ZynqMP DMA driver Probe success
[    3.572533] xilinx-zynqmp-dma fd530000.dma: ZynqMP DMA driver Probe success
[    3.579706] xilinx-zynqmp-dma fd540000.dma: ZynqMP DMA driver Probe success
[    3.586869] xilinx-zynqmp-dma fd550000.dma: ZynqMP DMA driver Probe success
[    3.594040] xilinx-zynqmp-dma fd560000.dma: ZynqMP DMA driver Probe success
[    3.601209] xilinx-zynqmp-dma fd570000.dma: ZynqMP DMA driver Probe success
[    3.608610] xilinx-zynqmp-dpdma fd4c0000.dma-controller: Xilinx DPDMA engine is probed
[    3.617148] ahci-ceva fd0c0000.ahci: supply ahci not found, using dummy regulator
[    3.624688] ahci-ceva fd0c0000.ahci: supply phy not found, using dummy regulator
[    3.715860] hmc7044 spi2.0: PLL1: Acquisition, CLKIN0 @ 122880000 Hz, PFD: 80 kHz - PLL2: Locked @ 2568.000000 MHz
[    3.726579] jesd204: /axi/spi@ff050000/hmc7044@0,jesd204:1,parent=spi2.0: Using as SYSREF provider
[    3.736165] spi-nor spi0.0: SPI-NOR-UniqueID 100000235394732200270025081115266e
[    3.743475] spi-nor spi0.0: found n25q512a, expected m25p80
[    3.749677] spi-nor spi0.0: trying to lock already unlocked area
[    3.755683] spi-nor spi0.0: n25q512a (131072 Kbytes)
[    3.760661] 4 fixed-partitions partitions found on MTD device spi0.0
[    3.767009] Creating 4 MTD partitions on "spi0.0":
[    3.771795] 0x000000000000-0x000000100000 : "qspi-fsbl-uboot"
[    3.778276] 0x000000100000-0x000000600000 : "qspi-linux"
[    3.784236] 0x000000600000-0x000000620000 : "qspi-device-tree"
[    3.790709] 0x000000620000-0x000000c00000 : "qspi-rootfs"
[    3.799184] macb ff0e0000.ethernet: Not enabling partial store and forward
[    3.806709] libphy: MACB_mii_bus: probed
[    3.811758] macb ff0e0000.ethernet eth0: Cadence GEM rev 0x50070106 at 0xff0e0000 irq 30 (00:0a:35:04:8e:1b)
[    3.821964] xilinx-axipmon ffa00000.perf-monitor: Probed Xilinx APM
[    3.828537] xilinx-axipmon fd0b0000.perf-monitor: Probed Xilinx APM
[    3.835056] xilinx-axipmon fd490000.perf-monitor: Probed Xilinx APM
[    3.841601] xilinx-axipmon ffa10000.perf-monitor: Probed Xilinx APM
[    3.851602] pca953x 0-0020: supply vcc not found, using dummy regulator
[    3.858284] pca953x 0-0020: using no AI
[    3.862772] gpio-496 (sel0): hogged as output/low
[    3.867672] gpio-497 (sel1): hogged as output/high
[    3.872659] gpio-498 (sel2): hogged as output/high
[    3.877647] gpio-499 (sel3): hogged as output/high
[    3.882818] pca953x 0-0021: supply vcc not found, using dummy regulator
[    3.889489] pca953x 0-0021: using no AI
[    3.895246] ina2xx 2-0040: power monitor ina226 (Rshunt = 5000 uOhm)
[    3.902275] ina2xx 2-0041: power monitor ina226 (Rshunt = 5000 uOhm)
[    3.909316] ina2xx 2-0042: power monitor ina226 (Rshunt = 5000 uOhm)
[    3.916351] ina2xx 2-0043: power monitor ina226 (Rshunt = 5000 uOhm)
[    3.923371] ina2xx 2-0044: power monitor ina226 (Rshunt = 5000 uOhm)
[    3.930394] ina2xx 2-0045: power monitor ina226 (Rshunt = 5000 uOhm)
[    3.937421] ina2xx 2-0046: power monitor ina226 (Rshunt = 5000 uOhm)
[    3.944496] ina2xx 2-0047: power monitor ina226 (Rshunt = 5000 uOhm)
[    3.951524] ina2xx 2-004a: power monitor ina226 (Rshunt = 5000 uOhm)
[    3.958566] ina2xx 2-004b: power monitor ina226 (Rshunt = 5000 uOhm)
[    3.964978] i2c i2c-0: Added multiplexed i2c bus 2
[    3.970366] random: fast init done
[    3.973833] ina2xx 3-0040: power monitor ina226 (Rshunt = 2000 uOhm)
[    3.980859] ina2xx 3-0041: power monitor ina226 (Rshunt = 5000 uOhm)
[    3.987886] ina2xx 3-0042: power monitor ina226 (Rshunt = 5000 uOhm)
[    3.994919] ina2xx 3-0043: power monitor ina226 (Rshunt = 5000 uOhm)
[    4.001943] ina2xx 3-0044: power monitor ina226 (Rshunt = 5000 uOhm)
[    4.008972] ina2xx 3-0045: power monitor ina226 (Rshunt = 5000 uOhm)
[    4.016003] ina2xx 3-0046: power monitor ina226 (Rshunt = 5000 uOhm)
[    4.023033] ina2xx 3-0047: power monitor ina226 (Rshunt = 5000 uOhm)
[    4.029434] i2c i2c-0: Added multiplexed i2c bus 3
[    4.084889] i2c i2c-0: Added multiplexed i2c bus 4
[    4.089826] i2c i2c-0: Added multiplexed i2c bus 5
[    4.094616] pca954x 0-0075: registered 4 multiplexed busses for I2C mux pca9544
[    4.101966] cdns-i2c ff020000.i2c: 400 kHz mmio ff020000 irq 32
[    4.109696] at24 6-0054: supply vcc not found, using dummy regulator
[    4.116592] at24 6-0054: 1024 byte 24c08 EEPROM, writable, 1 bytes/write
[    4.123342] i2c i2c-1: Added multiplexed i2c bus 6
[    4.129768] si5341 7-0036: Chip: 5341 Grade: 1 Rev: 1
[    4.167475] i2c i2c-1: Added multiplexed i2c bus 7
[    4.175131] si570 8-005d: registered, current frequency 300000000 Hz
[    4.181535] i2c i2c-1: Added multiplexed i2c bus 8
[    4.201319] si570 9-005d: registered, current frequency 148500000 Hz
[    4.207728] i2c i2c-1: Added multiplexed i2c bus 9
[    4.212761] si5324 10-0069: si5328 probed
[    4.280043] si5324 10-0069: si5328 probe successful
[    4.284968] i2c i2c-1: Added multiplexed i2c bus 10
[    4.289995] i2c i2c-1: Added multiplexed i2c bus 11
[    4.295019] i2c i2c-1: Added multiplexed i2c bus 12
[    4.300042] i2c i2c-1: Added multiplexed i2c bus 13
[    4.304915] pca954x 1-0074: registered 8 multiplexed busses for I2C switch pca9548
[    4.313024] at24 14-0050: supply vcc not found, using dummy regulator
[    4.319813] at24 14-0050: 256 byte 24c02 EEPROM, writable, 1 bytes/write
[    4.326560] i2c i2c-1: Added multiplexed i2c bus 14
[    4.331599] i2c i2c-1: Added multiplexed i2c bus 15
[    4.336632] i2c i2c-1: Added multiplexed i2c bus 16
[    4.341668] i2c i2c-1: Added multiplexed i2c bus 17
[    4.346700] i2c i2c-1: Added multiplexed i2c bus 18
[    4.351745] i2c i2c-1: Added multiplexed i2c bus 19
[    4.356786] i2c i2c-1: Added multiplexed i2c bus 20
[    4.361825] i2c i2c-1: Added multiplexed i2c bus 21
[    4.366698] pca954x 1-0075: registered 8 multiplexed busses for I2C switch pca9548
[    4.374308] cdns-i2c ff030000.i2c: 400 kHz mmio ff030000 irq 33
[    4.384048] cdns-wdt fd4d0000.watchdog: Xilinx Watchdog Timer with timeout 60s
[    4.393105] axi_adxcvr 84a60000.axi-adxcvr-rx: adxcvr_enforce_settings: Using QPLL without access, assuming desired Lane rate will be configured by a different instance
[    4.409742] axi_adxcvr 84a60000.axi-adxcvr-rx: AXI-ADXCVR-RX (17.05.a) using QPLL on GTH4 at 0x84A60000. Number of lanes: 4.
[    4.421896] axi_adxcvr 84b60000.axi-adxcvr-tx: AXI-ADXCVR-TX (17.05.a) using QPLL on GTH4 at 0x84B60000. Number of lanes: 4.
[    4.425861] mmc0: SDHCI controller on ff170000.mmc [ff170000.mmc] using ADMA 64-bit
[    4.441045] axi-jesd204-rx 84a90000.axi-jesd204-rx: AXI-JESD204-RX (1.07.a) at 0x84A90000. Encoder 8b10b, width 4/4, lanes 4, jesd204-fsm.
[    4.453881] axi-jesd204-tx 84b90000.axi-jesd204-tx: AXI-JESD204-TX (1.06.a) at 0x84B90000. Encoder 8b10b, width 4/4, lanes 4, jesd204-fsm.
[    4.467383] zynqmp-display fd4a0000.display: vtc bridge property not present
[    4.473453] mmc0: new high speed SDHC card at address 0001
[    4.477029] xilinx-dp-snd-codec fd4a0000.display:zynqmp_dp_snd_codec0: Failed to get required clock freq
[    4.480264] mmcblk0: mmc0:0001 EB1QT 29.8 GiB 
[    4.489392] xilinx-dp-snd-codec: probe of fd4a0000.display:zynqmp_dp_snd_codec0 failed with error -22
[    4.495051]  mmcblk0: p1 p2 p3
[    4.503380] xilinx-dp-snd-pcm zynqmp_dp_snd_pcm0: Xilinx DisplayPort Sound PCM probed
[    4.514237] xilinx-dp-snd-pcm zynqmp_dp_snd_pcm1: Xilinx DisplayPort Sound PCM probed
[    4.522443] OF: graph: no port node found in /axi/display@fd4a0000
[    4.528853] xlnx-drm xlnx-drm.0: bound fd4a0000.display (ops 0xffffffc010fcbdb8)
[    5.615706] zynqmp-display fd4a0000.display: [drm] Cannot find any crtc or sizes
[    5.623325] [drm] Initialized xlnx 1.0.0 20130509 for fd4a0000.display on minor 0
[    5.630812] zynqmp-display fd4a0000.display: ZynqMP DisplayPort Subsystem driver probed
[    5.639124] ahci-ceva fd0c0000.ahci: supply ahci not found, using dummy regulator
[    5.646671] ahci-ceva fd0c0000.ahci: supply phy not found, using dummy regulator
[    5.654126] ahci-ceva fd0c0000.ahci: supply target not found, using dummy regulator
[    5.661964] ahci-ceva fd0c0000.ahci: AHCI 0001.0301 32 slots 2 ports 6 Gbps 0x3 impl platform mode
[    5.670920] ahci-ceva fd0c0000.ahci: flags: 64bit ncq sntf pm clo only pmp fbs pio slum part ccc sds apst 
[    5.681613] scsi host0: ahci-ceva
[    5.685221] scsi host1: ahci-ceva
[    5.688645] ata1: SATA max UDMA/133 mmio [mem 0xfd0c0000-0xfd0c1fff] port 0x100 irq 45
[    5.696564] ata2: SATA max UDMA/133 mmio [mem 0xfd0c0000-0xfd0c1fff] port 0x180 irq 45
[    5.705167] ad9081 spi1.0: supply vdd not found, using dummy regulator
[    6.017939] ata1: SATA link down (SStatus 0 SControl 330)
[    6.023353] ata2: SATA link down (SStatus 0 SControl 330)
[    6.699708] zynqmp-display fd4a0000.display: [drm] Cannot find any crtc or sizes
[    7.496423] ad9081 spi1.0: AD9081 Rev. 2 Grade 10 (API 1.2.2) probed
[    7.503625] xhci-hcd xhci-hcd.1.auto: xHCI Host Controller
[    7.509119] xhci-hcd xhci-hcd.1.auto: new USB bus registered, assigned bus number 1
[    7.516866] xhci-hcd xhci-hcd.1.auto: hcc params 0x0238f625 hci version 0x100 quirks 0x0000000002010810
[    7.526279] xhci-hcd xhci-hcd.1.auto: irq 59, io mem 0xfe200000
[    7.532384] usb usb1: New USB device found, idVendor=1d6b, idProduct=0002, bcdDevice= 5.10
[    7.540644] usb usb1: New USB device strings: Mfr=3, Product=2, SerialNumber=1
[    7.547862] usb usb1: Product: xHCI Host Controller
[    7.552731] usb usb1: Manufacturer: Linux 5.10.0-98103-g2aa7ac113716 xhci-hcd
[    7.559858] usb usb1: SerialNumber: xhci-hcd.1.auto
[    7.565027] hub 1-0:1.0: USB hub found
[    7.568794] hub 1-0:1.0: 1 port detected
[    7.572899] xhci-hcd xhci-hcd.1.auto: xHCI Host Controller
[    7.578386] xhci-hcd xhci-hcd.1.auto: new USB bus registered, assigned bus number 2
[    7.586042] xhci-hcd xhci-hcd.1.auto: Host supports USB 3.0 SuperSpeed
[    7.592669] usb usb2: New USB device found, idVendor=1d6b, idProduct=0003, bcdDevice= 5.10
[    7.600926] usb usb2: New USB device strings: Mfr=3, Product=2, SerialNumber=1
[    7.608150] usb usb2: Product: xHCI Host Controller
[    7.613023] usb usb2: Manufacturer: Linux 5.10.0-98103-g2aa7ac113716 xhci-hcd
[    7.620149] usb usb2: SerialNumber: xhci-hcd.1.auto
[    7.625257] hub 2-0:1.0: USB hub found
[    7.629019] hub 2-0:1.0: 1 port detected
[    7.659065] cf_axi_adc 84a10000.axi-ad9081-rx-hpc: ADI AIM (10.01.b) at 0x84A10000 mapped to 0x(____ptrval____), probed ADC AD9081 as MASTER
[    7.692527] cf_axi_dds 84b10000.axi-ad9081-tx-hpc: Analog Devices CF_AXI_DDS_DDS MASTER (9.01.b) at 0x84B10000 mapped to 0x(____ptrval____), probed DDS AD9081
[    7.706729] jesd204: /axi/spi@ff040000/ad9081@0,jesd204:0,parent=spi1.0: JESD204[2] transition initialized -> probed
[    7.717252] jesd204: /axi/spi@ff040000/ad9081@0,jesd204:0,parent=spi1.0: JESD204[0] transition initialized -> probed
[    7.727775] jesd204: /axi/spi@ff040000/ad9081@0,jesd204:0,parent=spi1.0: JESD204[2] transition probed -> idle
[    7.737692] jesd204: /axi/spi@ff040000/ad9081@0,jesd204:0,parent=spi1.0: JESD204[0] transition probed -> idle
[    7.747606] jesd204: /axi/spi@ff040000/ad9081@0,jesd204:0,parent=spi1.0: JESD204[2] transition idle -> device_init
[    7.757948] jesd204: /axi/spi@ff040000/ad9081@0,jesd204:0,parent=spi1.0: JESD204[0] transition idle -> device_init
[    7.768301] jesd204: /axi/spi@ff040000/ad9081@0,jesd204:0,parent=spi1.0: JESD204[2] transition device_init -> link_init
[    7.779076] jesd204: /axi/spi@ff040000/ad9081@0,jesd204:0,parent=spi1.0: JESD204[0] transition device_init -> link_init
[    7.789868] jesd204: /axi/spi@ff040000/ad9081@0,jesd204:0,parent=spi1.0: JESD204[2] transition link_init -> link_supported
[    7.800906] jesd204: /axi/spi@ff040000/ad9081@0,jesd204:0,parent=spi1.0: JESD204[0] transition link_init -> link_supported
[    7.812308] hmc7044 spi2.0: hmc7044_jesd204_link_pre_setup: Link2 forcing continuous SYSREF mode
[    7.821424] jesd204: /axi/spi@ff040000/ad9081@0,jesd204:0,parent=spi1.0: JESD204[2] transition link_supported -> link_pre_setup
[    7.832903] jesd204: /axi/spi@ff040000/ad9081@0,jesd204:0,parent=spi1.0: JESD204[0] transition link_supported -> link_pre_setup
[    7.856692] jesd204: /axi/spi@ff040000/ad9081@0,jesd204:0,parent=spi1.0: JESD204[2] transition link_pre_setup -> clk_sync_stage1
[    7.868256] jesd204: /axi/spi@ff040000/ad9081@0,jesd204:0,parent=spi1.0: JESD204[0] transition link_pre_setup -> clk_sync_stage1
[    7.879820] jesd204: /axi/spi@ff040000/ad9081@0,jesd204:0,parent=spi1.0: JESD204[2] transition clk_sync_stage1 -> clk_sync_stage2
[    7.891465] jesd204: /axi/spi@ff040000/ad9081@0,jesd204:0,parent=spi1.0: JESD204[0] transition clk_sync_stage1 -> clk_sync_stage2
[    7.903117] jesd204: /axi/spi@ff040000/ad9081@0,jesd204:0,parent=spi1.0: JESD204[2] transition clk_sync_stage2 -> clk_sync_stage3
[    7.914768] jesd204: /axi/spi@ff040000/ad9081@0,jesd204:0,parent=spi1.0: JESD204[0] transition clk_sync_stage2 -> clk_sync_stage3
[    7.928483] jesd204: /axi/spi@ff040000/ad9081@0,jesd204:0,parent=spi1.0: JESD204[2] transition clk_sync_stage3 -> link_setup
[    7.939704] jesd204: /axi/spi@ff040000/ad9081@0,jesd204:0,parent=spi1.0: JESD204[0] transition clk_sync_stage3 -> link_setup
[    7.955698] jesd204: /axi/spi@ff040000/ad9081@0,jesd204:0,parent=spi1.0: JESD204[2] transition link_setup -> opt_setup_stage1
[    7.967000] jesd204: /axi/spi@ff040000/ad9081@0,jesd204:0,parent=spi1.0: JESD204[0] transition link_setup -> opt_setup_stage1
[    7.983336] jesd204: /axi/spi@ff040000/ad9081@0,jesd204:0,parent=spi1.0: JESD204[2] transition opt_setup_stage1 -> opt_setup_stage2
[    7.995158] jesd204: /axi/spi@ff040000/ad9081@0,jesd204:0,parent=spi1.0: JESD204[0] transition opt_setup_stage1 -> opt_setup_stage2
[    8.007132] jesd204: /axi/spi@ff040000/ad9081@0,jesd204:0,parent=spi1.0: JESD204[2] transition opt_setup_stage2 -> opt_setup_stage3
[    8.018958] jesd204: /axi/spi@ff040000/ad9081@0,jesd204:0,parent=spi1.0: JESD204[0] transition opt_setup_stage2 -> opt_setup_stage3
[    8.030782] jesd204: /axi/spi@ff040000/ad9081@0,jesd204:0,parent=spi1.0: JESD204[2] transition opt_setup_stage3 -> opt_setup_stage4
[    8.042601] jesd204: /axi/spi@ff040000/ad9081@0,jesd204:0,parent=spi1.0: JESD204[0] transition opt_setup_stage3 -> opt_setup_stage4
[    8.054429] jesd204: /axi/spi@ff040000/ad9081@0,jesd204:0,parent=spi1.0: JESD204[2] transition opt_setup_stage4 -> opt_setup_stage5
[    8.066255] jesd204: /axi/spi@ff040000/ad9081@0,jesd204:0,parent=spi1.0: JESD204[0] transition opt_setup_stage4 -> opt_setup_stage5
[    8.084193] jesd204: /axi/spi@ff040000/ad9081@0,jesd204:0,parent=spi1.0: JESD204[2] transition opt_setup_stage5 -> clocks_enable
[    8.095759] jesd204: /axi/spi@ff040000/ad9081@0,jesd204:0,parent=spi1.0: JESD204[0] transition opt_setup_stage5 -> clocks_enable
[    8.107378] jesd204: /axi/spi@ff040000/ad9081@0,jesd204:0,parent=spi1.0: JESD204[2] transition clocks_enable -> link_enable
[    8.118510] jesd204: /axi/spi@ff040000/ad9081@0,jesd204:0,parent=spi1.0: JESD204[0] transition clocks_enable -> link_enable
[    8.151931] ad9081 spi1.0: JESD RX (JTX) Link2 in DATA, SYNC deasserted, PLL locked, PHASE established, MODE valid
[    8.162531] ad9081 spi1.0: JESD TX (JRX) Link0 0xF lanes in DATA
[    8.168542] jesd204: /axi/spi@ff040000/ad9081@0,jesd204:0,parent=spi1.0: JESD204[2] transition link_enable -> link_running
[    8.179580] jesd204: /axi/spi@ff040000/ad9081@0,jesd204:0,parent=spi1.0: JESD204[0] transition link_enable -> link_running
[    8.190629] jesd204: /axi/spi@ff040000/ad9081@0,jesd204:0,parent=spi1.0: JESD204[2] transition link_running -> opt_post_running_stage
[    8.202626] jesd204: /axi/spi@ff040000/ad9081@0,jesd204:0,parent=spi1.0: JESD204[0] transition link_running -> opt_post_running_stage
[    8.223858] input: gpio-keys as /devices/platform/gpio-keys/input/input0
[    8.230867] of_cfs_init
[    8.233337] of_cfs_init: OK
[    8.236285] cfg80211: Loading compiled-in X.509 certificates for regulatory database
[    8.374513] cfg80211: Loaded X.509 cert 'sforshee: 00b28ddf47aef9cea7'
[    8.381051] clk: Not disabling unused clocks
[    8.385584] ALSA device list:
[    8.388545]   No soundcards found.
[    8.392204] platform regulatory.0: Direct firmware load for regulatory.db failed with error -2
[    8.400816] cfg80211: failed to load regulatory.db
[    8.416103] EXT4-fs (mmcblk0p2): mounted filesystem with ordered data mode. Opts: (null)
[    8.424218] VFS: Mounted root (ext4 filesystem) on device 179:2.
[    8.437370] devtmpfs: mounted
[    8.441185] Freeing unused kernel memory: 2560K
[    8.451741] Run /sbin/init as init process
[    8.455836]   with arguments:
[    8.455839]     /sbin/init
[    8.455841]   with environment:
[    8.455844]     HOME=/
[    8.455846]     TERM=linux
[    9.021630] systemd[1]: systemd 241 running in system mode. (+PAM +AUDIT +SELINUX +IMA +APPARMOR +SMACK +SYSVINIT +UTMP +LIBCRYPTSETUP +GCRYPT +GNUTLS +ACL +XZ +LZ4 +SECCOMP +BLKID +ELFUTILS +KMOD -IDN2 +IDN -PCRE2 default-hierarchy=hybrid)
[    9.043518] systemd[1]: Detected architecture arm64.
[    9.068411] systemd[1]: Set hostname to <analog>.
[    9.251163] systemd[1]: File /lib/systemd/system/systemd-journald.service:12 configures an IP firewall (IPAddressDeny=any), but the local system does not support BPF/cgroup based firewalling.
[    9.268224] systemd[1]: Proceeding WITHOUT firewalling in effect! (This warning is only shown for the first loaded unit using IP firewalling.)
[    9.431442] systemd[1]: /etc/systemd/system/tof-server.service:1: Assignment outside of section. Ignoring.
[    9.441136] systemd[1]: /etc/systemd/system/tof-server.service:2: Assignment outside of section. Ignoring.
[    9.624314] random: systemd: uninitialized urandom read (16 bytes read)
[    9.639061] systemd[1]: Condition check resulted in Arbitrary Executable File Formats File System Automount Point being skipped.
[    9.650710] random: systemd: uninitialized urandom read (16 bytes read)
[    9.657631] systemd[1]: Listening on Syslog Socket.
[    9.671784] random: systemd: uninitialized urandom read (16 bytes read)
[    9.678623] systemd[1]: Listening on udev Kernel Socket.
[   10.320213] ------------[ cut here ]------------
[   10.320223] Enabling unprepared \xa0\xd9Q\x88\xff\xff\xff`Q\x88\xff\xff\xff
[   10.320269] WARNING: CPU: 3 PID: 126 at drivers/clk/clk.c:1012 clk_core_enable+0xa4/0xc0
[   10.320272] Modules linked in:
[   10.320282] CPU: 3 PID: 126 Comm: kworker/3:1H Not tainted 5.10.0-98103-g2aa7ac113716 #5577
[   10.320285] Hardware name: ZynqMP ZCU102 Rev1.0 (DT)
[   10.320295] Workqueue: kblockd blk_mq_run_work_fn
[   10.320302] pstate: 80000085 (Nzcv daIf -PAN -UAO -TCO BTYPE=--)
[   10.320308] pc : clk_core_enable+0xa4/0xc0
[   10.320313] lr : clk_core_enable+0xa4/0xc0
[   10.320316] sp : ffffffc012b432d0
[   10.320319] x29: ffffffc012b432d0 x28: ffffff8800330c10 
[   10.320326] x27: ffffff8800330d48 x26: 0000005000000101 
[   10.320333] x25: 000000026130ed60 x24: 0000000000000001 
[   10.320339] x23: ffffff88010e9380 x22: ffffff8801083220 
[   10.320346] x21: ffffff8801516000 x20: ffffff8801516008 
[   10.320352] x19: ffffff8801516008 x18: 0000000000000030 
[   10.320359] x17: 0000000000000001 x16: 0000b5297739981a 
[   10.320365] x15: ffffffffffff8748 x14: ffffffc011d3b1a0 
[   10.320372] x13: ffffffc011d3b1c8 x12: 00000000000005e8 
[   10.320378] x11: 00000000000001f8 x10: ffffffc011d671c8 
[   10.320385] x9 : 00000000fffff800 x8 : ffffffc011d3b1c8 
[   10.320391] x7 : ffffffc011d671c8 x6 : 0000000000000001 
[   10.320398] x5 : ffffff887f7a89e0 x4 : 0000000000000000 
[   10.320404] x3 : 0000000000000027 x2 : 0000000000000023 
[   10.320410] x1 : ad4560ccd146e000 x0 : 0000000000000000 
[   10.320417] Call trace:
[   10.320423]  clk_core_enable+0xa4/0xc0
[   10.320428]  clk_enable+0x2c/0x60
[   10.320434]  zynqmp_runtime_resume+0x24/0x84
[   10.320441]  pm_generic_runtime_resume+0x30/0x50
[   10.320447]  __genpd_runtime_resume+0x30/0xb0
[   10.320453]  genpd_runtime_resume+0x90/0x250
[   10.320459]  __rpm_callback+0x10c/0x1e0
[   10.320464]  rpm_callback+0x5c/0x84
[   10.320469]  rpm_resume+0x4a4/0x74c
[   10.320474]  __pm_runtime_resume+0x78/0xc4
[   10.320479]  spi_mem_access_start.isra.0+0x30/0x80
[   10.320483]  spi_mem_exec_op+0x3b0/0x424
[   10.320488]  spi_nor_read_sr+0x78/0xe0
[   10.320493]  spi_nor_wait_till_ready_with_timeout+0xb4/0x2f0
[   10.320498]  spi_nor_read+0x188/0x380
[   10.320503]  mtd_read_oob_std+0x78/0x84
[   10.320507]  mtd_read_oob+0x7c/0x134
[   10.320512]  mtd_read+0x48/0x7c
[   10.320517]  mtdblock_readsect+0x6c/0x150
[   10.320522]  mtd_queue_rq+0x2cc/0x5a0
[   10.320528]  blk_mq_dispatch_rq_list+0x110/0x790
[   10.320534]  __blk_mq_do_dispatch_sched+0x200/0x274
[   10.320540]  __blk_mq_sched_dispatch_requests+0x1a8/0x1fc
[   10.320546]  blk_mq_sched_dispatch_requests+0x3c/0x7c
[   10.320550]  __blk_mq_run_hw_queue+0x98/0x100
[   10.320555]  blk_mq_run_work_fn+0x24/0x30
[   10.320561]  process_one_work+0x1d4/0x380
[   10.320565]  worker_thread+0x78/0x4e0
[   10.320570]  kthread+0x124/0x130
[   10.320576]  ret_from_fork+0x10/0x3c
[   10.320579] ---[ end trace d423661a34e86c99 ]---
[   10.320587] zynqmp-qspi ff0f0000.spi: Cannot enable APB clock.
[   10.320637] spi_master spi0: Failed to power device: -108
[   10.320647] blk_update_request: I/O error, dev mtdblock0, sector 8 op 0x0:(READ) flags 0x80700 phys_seg 1 prio class 0
[   10.320711] spi_master spi0: Failed to power device: -22
[   10.320717] blk_update_request: I/O error, dev mtdblock0, sector 8 op 0x0:(READ) flags 0x0 phys_seg 8 prio class 0
[   10.320723] Buffer I/O error on dev mtdblock0, logical block 8, async page read
[   10.320733] spi_master spi0: Failed to power device: -22
[   10.320738] blk_update_request: I/O error, dev mtdblock0, sector 9 op 0x0:(READ) flags 0x0 phys_seg 7 prio class 0
[   10.320742] Buffer I/O error on dev mtdblock0, logical block 9, async page read
[   10.320750] spi_master spi0: Failed to power device: -22
[   10.320755] blk_update_request: I/O error, dev mtdblock0, sector 10 op 0x0:(READ) flags 0x0 phys_seg 6 prio class 0
[   10.320759] Buffer I/O error on dev mtdblock0, logical block 10, async page read
[   10.320766] spi_master spi0: Failed to power device: -22
[   10.320772] blk_update_request: I/O error, dev mtdblock0, sector 11 op 0x0:(READ) flags 0x0 phys_seg 5 prio class 0
[   10.320776] Buffer I/O error on dev mtdblock0, logical block 11, async page read
[   10.320783] spi_master spi0: Failed to power device: -22
[   10.320788] blk_update_request: I/O error, dev mtdblock0, sector 12 op 0x0:(READ) flags 0x0 phys_seg 4 prio class 0
[   10.320792] Buffer I/O error on dev mtdblock0, logical block 12, async page read
[   10.320799] spi_master spi0: Failed to power device: -22
[   10.320804] blk_update_request: I/O error, dev mtdblock0, sector 13 op 0x0:(READ) flags 0x0 phys_seg 3 prio class 0
[   10.320808] Buffer I/O error on dev mtdblock0, logical block 13, async page read
[   10.320815] spi_master spi0: Failed to power device: -22
[   10.320821] blk_update_request: I/O error, dev mtdblock0, sector 14 op 0x0:(READ) flags 0x0 phys_seg 2 prio class 0
[   10.320824] Buffer I/O error on dev mtdblock0, logical block 14, async page read
[   10.320831] spi_master spi0: Failed to power device: -22
[   10.320837] blk_update_request: I/O error, dev mtdblock0, sector 15 op 0x0:(READ) flags 0x0 phys_seg 1 prio class 0
[   10.320840] Buffer I/O error on dev mtdblock0, logical block 15, async page read
[   10.321136] spi_master spi0: Failed to power device: -22
[   10.321143] blk_update_request: I/O error, dev mtdblock1, sector 10112 op 0x0:(READ) flags 0x80700 phys_seg 1 prio class 0
[   10.321188] spi_master spi0: Failed to power device: -22
[   10.321194] Buffer I/O error on dev mtdblock1, logical block 10112, async page read
[   10.321202] spi_master spi0: Failed to power device: -22
[   10.321207] Buffer I/O error on dev mtdblock1, logical block 10113, async page read
[   10.321214] spi_master spi0: Failed to power device: -22
[   10.321222] spi_master spi0: Failed to power device: -22
[   10.321229] spi_master spi0: Failed to power device: -22
[   10.321237] spi_master spi0: Failed to power device: -22
[   10.321244] spi_master spi0: Failed to power device: -22
[   10.321251] spi_master spi0: Failed to power device: -22
[   10.321476] spi_master spi0: Failed to power device: -22
[   10.321520] spi_master spi0: Failed to power device: -22
[   10.321530] spi_master spi0: Failed to power device: -22
[   10.321538] spi_master spi0: Failed to power device: -22
[   10.321545] spi_master spi0: Failed to power device: -22
[   10.321552] spi_master spi0: Failed to power device: -22
[   10.321559] spi_master spi0: Failed to power device: -22
[   10.321567] spi_master spi0: Failed to power device: -22
[   10.321574] spi_master spi0: Failed to power device: -22
[   10.321835] spi_master spi0: Failed to power device: -22
[   10.321879] spi_master spi0: Failed to power device: -22
[   10.321888] spi_master spi0: Failed to power device: -22
[   10.321896] spi_master spi0: Failed to power device: -22
[   10.321903] spi_master spi0: Failed to power device: -22
[   10.321911] spi_master spi0: Failed to power device: -22
[   10.321918] spi_master spi0: Failed to power device: -22
[   10.321925] spi_master spi0: Failed to power device: -22
[   10.321932] spi_master spi0: Failed to power device: -22
[   10.445692] EXT4-fs (mmcblk0p2): re-mounted. Opts: (null)
[   10.596521] systemd-journald[160]: Received request to flush runtime journal from PID 1
[   16.417951] macb ff0e0000.ethernet eth0: PHY [ff0e0000.ethernet-ffffffff:0c] driver [TI DP83867] (irq=POLL)
[   16.417964] macb ff0e0000.ethernet eth0: configuring for phy/rgmii-id link mode
[   16.735785] Adding 102396k swap on /var/swap.  Priority:-2 extents:4 across:9953604k SS
[   18.375721] random: crng init done
[   18.375731] random: 7 urandom warning(s) missed due to ratelimiting
[   19.265303] broken atomic modeset userspace detected, disabling atomic
[   19.489340] macb ff0e0000.ethernet eth0: Link is Up - 1Gbps/Full - flow control off
[   19.489364] IPv6: ADDRCONF(NETDEV_CHANGE): eth0: link becomes ready
[   21.940721] broken atomic modeset userspace detected, disabling atomic
[   24.837733] broken atomic modeset userspace detected, disabling atomic
[   27.495920] broken atomic modeset userspace detected, disabling atomic