[    0.000000] Booting Linux on physical CPU 0x0000000000 [0x410fd034]
[    0.000000] Linux version 5.10.0-98103-g2aa7ac113716 (jenkins@romlxbuild1.adlk.analog.com) (aarch64-xilinx-linux-gcc.real (GCC) 10.2.0, GNU ld (GNU Binutils) 2.35.0.20200730) #5577 SMP Wed Mar 23 07:28:49 GMT 2022
[    0.000000] Machine model: ZynqMP ZCU102 Rev1.0
[    0.000000] earlycon: cdns0 at MMIO 0x00000000ff000000 (options '115200n8')
[    0.000000] printk: bootconsole [cdns0] enabled
[    0.000000] efi: UEFI not found.
[    0.000000] cma: Reserved 256 MiB at 0x0000000070000000
[    0.000000] Zone ranges:
[    0.000000]   DMA      [mem 0x0000000000000000-0x000000003fffffff]
[    0.000000]   DMA32    [mem 0x0000000040000000-0x00000000ffffffff]
[    0.000000]   Normal   [mem 0x0000000100000000-0x000000087fffffff]
[    0.000000] Movable zone start for each node
[    0.000000] Early memory node ranges
[    0.000000]   node   0: [mem 0x0000000000000000-0x000000007fffffff]
[    0.000000]   node   0: [mem 0x0000000800000000-0x000000087fffffff]
[    0.000000] Initmem setup node 0 [mem 0x0000000000000000-0x000000087fffffff]
[    0.000000] On node 0 totalpages: 1048576
[    0.000000]   DMA zone: 3584 pages used for memmap
[    0.000000]   DMA zone: 0 pages reserved
[    0.000000]   DMA zone: 262144 pages, LIFO batch:63
[    0.000000]   DMA32 zone: 3584 pages used for memmap
[    0.000000]   DMA32 zone: 262144 pages, LIFO batch:63
[    0.000000]   Normal zone: 7168 pages used for memmap
[    0.000000]   Normal zone: 524288 pages, LIFO batch:63
[    0.000000] psci: probing for conduit method from DT.
[    0.000000] psci: PSCIv1.1 detected in firmware.
[    0.000000] psci: Using standard PSCI v0.2 function IDs
[    0.000000] psci: MIGRATE_INFO_TYPE not supported.
[    0.000000] psci: SMC Calling Convention v1.2
[    0.000000] percpu: Embedded 22 pages/cpu s49496 r8192 d32424 u90112
[    0.000000] pcpu-alloc: s49496 r8192 d32424 u90112 alloc=22*4096
[    0.000000] pcpu-alloc: [0] 0 [0] 1 [0] 2 [0] 3 
[    0.000000] Detected VIPT I-cache on CPU0
[    0.000000] CPU features: detected: ARM erratum 845719
[    0.000000] Built 1 zonelists, mobility grouping on.  Total pages: 1034240
[    0.000000] Kernel command line: console=ttyPS0,115200 root=/dev/mmcblk0p2 rw earlycon rootfstype=ext4 rootwait clk_ignore_unused cpuidle.off=1 root=/dev/mmcblk0p2 rw rootwait
[    0.000000] Dentry cache hash table entries: 524288 (order: 10, 4194304 bytes, linear)
[    0.000000] Inode-cache hash table entries: 262144 (order: 9, 2097152 bytes, linear)
[    0.000000] mem auto-init: stack:off, heap alloc:off, heap free:off
[    0.000000] software IO TLB: mapped [mem 0x000000003bfff000-0x000000003ffff000] (64MB)
[    0.000000] Memory: 3761904K/4194304K available (15296K kernel code, 1636K rwdata, 11876K rodata, 2560K init, 507K bss, 170256K reserved, 262144K cma-reserved)
[    0.000000] rcu: Hierarchical RCU implementation.
[    0.000000] rcu: 	RCU event tracing is enabled.
[    0.000000] rcu: 	RCU restricting CPUs from NR_CPUS=8 to nr_cpu_ids=4.
[    0.000000] rcu: RCU calculated value of scheduler-enlistment delay is 25 jiffies.
[    0.000000] rcu: Adjusting geometry for rcu_fanout_leaf=16, nr_cpu_ids=4
[    0.000000] NR_IRQS: 64, nr_irqs: 64, preallocated irqs: 0
[    0.000000] GIC: Adjusting CPU interface base to 0x00000000f902f000
[    0.000000] GIC: Using split EOI/Deactivate mode
[    0.000000] random: get_random_bytes called from start_kernel+0x31c/0x54c with crng_init=0
[    0.000000] arch_timer: cp15 timer(s) running at 100.00MHz (phys).
[    0.000000] clocksource: arch_sys_counter: mask: 0xffffffffffffff max_cycles: 0x171024e7e0, max_idle_ns: 440795205315 ns
[    0.000004] sched_clock: 56 bits at 100MHz, resolution 10ns, wraps every 4398046511100ns
[    0.008466] Console: colour dummy device 80x25
[    0.012483] Calibrating delay loop (skipped), value calculated using timer frequency.. 200.00 BogoMIPS (lpj=400000)
[    0.022841] pid_max: default: 32768 minimum: 301
[    0.027549] Mount-cache hash table entries: 8192 (order: 4, 65536 bytes, linear)
[    0.034789] Mountpoint-cache hash table entries: 8192 (order: 4, 65536 bytes, linear)
[    0.043398] rcu: Hierarchical SRCU implementation.
[    0.047560] EFI services will not be available.
[    0.051937] smp: Bringing up secondary CPUs ...
[    0.056659] Detected VIPT I-cache on CPU1
[    0.056697] CPU1: Booted secondary processor 0x0000000001 [0x410fd034]
[    0.057063] Detected VIPT I-cache on CPU2
[    0.057087] CPU2: Booted secondary processor 0x0000000002 [0x410fd034]
[    0.057426] Detected VIPT I-cache on CPU3
[    0.057449] CPU3: Booted secondary processor 0x0000000003 [0x410fd034]
[    0.057495] smp: Brought up 1 node, 4 CPUs
[    0.091780] SMP: Total of 4 processors activated.
[    0.096452] CPU features: detected: 32-bit EL0 Support
[    0.101556] CPU features: detected: CRC32 instructions
[    0.106697] CPU: All CPU(s) started at EL2
[    0.110736] alternatives: patching kernel code
[    0.116166] devtmpfs: initialized
[    0.124070] Registered cp15_barrier emulation handler
[    0.124119] Registered setend emulation handler
[    0.128101] clocksource: jiffies: mask: 0xffffffff max_cycles: 0xffffffff, max_idle_ns: 7645041785100000 ns
[    0.137679] futex hash table entries: 1024 (order: 4, 65536 bytes, linear)
[    0.151037] pinctrl core: initialized pinctrl subsystem
[    0.151679] NET: Registered protocol family 16
[    0.156101] DMA: preallocated 512 KiB GFP_KERNEL pool for atomic allocations
[    0.162115] DMA: preallocated 512 KiB GFP_KERNEL|GFP_DMA pool for atomic allocations
[    0.169844] DMA: preallocated 512 KiB GFP_KERNEL|GFP_DMA32 pool for atomic allocations
[    0.177645] audit: initializing netlink subsys (disabled)
[    0.183096] audit: type=2000 audit(0.116:1): state=initialized audit_enabled=0 res=1
[    0.183440] hw-breakpoint: found 6 breakpoint and 4 watchpoint registers.
[    0.197471] ASID allocator initialised with 65536 entries
[    0.224327] HugeTLB registered 1.00 GiB page size, pre-allocated 0 pages
[    0.225386] HugeTLB registered 32.0 MiB page size, pre-allocated 0 pages
[    0.232057] HugeTLB registered 2.00 MiB page size, pre-allocated 0 pages
[    0.238717] HugeTLB registered 64.0 KiB page size, pre-allocated 0 pages
[    1.304296] DRBG: Continuing without Jitter RNG
[    1.382107] raid6: neonx8   gen()  2144 MB/s
[    1.450160] raid6: neonx8   xor()  1599 MB/s
[    1.518226] raid6: neonx4   gen()  2190 MB/s
[    1.586272] raid6: neonx4   xor()  1568 MB/s
[    1.654333] raid6: neonx2   gen()  2076 MB/s
[    1.722387] raid6: neonx2   xor()  1442 MB/s
[    1.790458] raid6: neonx1   gen()  1772 MB/s
[    1.858504] raid6: neonx1   xor()  1220 MB/s
[    1.926560] raid6: int64x8  gen()  1438 MB/s
[    1.994610] raid6: int64x8  xor()   771 MB/s
[    2.062681] raid6: int64x4  gen()  1599 MB/s
[    2.130729] raid6: int64x4  xor()   819 MB/s
[    2.198801] raid6: int64x2  gen()  1397 MB/s
[    2.266846] raid6: int64x2  xor()   750 MB/s
[    2.334932] raid6: int64x1  gen()  1034 MB/s
[    2.402984] raid6: int64x1  xor()   517 MB/s
[    2.403022] raid6: using algorithm neonx4 gen() 2190 MB/s
[    2.406978] raid6: .... xor() 1568 MB/s, rmw enabled
[    2.411909] raid6: using neon recovery algorithm
[    2.416919] iommu: Default domain type: Translated 
[    2.421535] SCSI subsystem initialized
[    2.425079] libata version 3.00 loaded.
[    2.425203] usbcore: registered new interface driver usbfs
[    2.430533] usbcore: registered new interface driver hub
[    2.435808] usbcore: registered new device driver usb
[    2.440943] mc: Linux media interface: v0.10
[    2.445056] videodev: Linux video capture interface: v2.00
[    2.450548] EDAC MC: Ver: 3.0.0
[    2.453989] zynqmp-ipi-mbox mailbox@ff990400: Registered ZynqMP IPI mbox with TX/RX channels.
[    2.462496] jesd204: created con: id=0, topo=0, link=0, /axi/spi@ff050000/hmc7044@0 <-> /fpga-axi@0/axi-adxcvr-tx@84b60000
[    2.473077] jesd204: created con: id=1, topo=0, link=2, /axi/spi@ff050000/hmc7044@0 <-> /fpga-axi@0/axi-adxcvr-rx@84a60000
[    2.484061] jesd204: created con: id=2, topo=0, link=0, /fpga-axi@0/axi-adxcvr-tx@84b60000 <-> /fpga-axi@0/axi-jesd204-tx@84b90000
[    2.495737] jesd204: created con: id=3, topo=0, link=2, /fpga-axi@0/axi-adxcvr-rx@84a60000 <-> /fpga-axi@0/axi-jesd204-rx@84a90000
[    2.507414] jesd204: created con: id=4, topo=0, link=0, /fpga-axi@0/axi-jesd204-tx@84b90000 <-> /fpga-axi@0/axi-ad9081-tx-hpc@84b10000
[    2.519442] jesd204: created con: id=5, topo=0, link=2, /fpga-axi@0/axi-jesd204-rx@84a90000 <-> /fpga-axi@0/axi-ad9081-rx-hpc@84a10000
[    2.531465] jesd204: created con: id=6, topo=0, link=2, /fpga-axi@0/axi-ad9081-rx-hpc@84a10000 <-> /axi/spi@ff040000/ad9081@0
[    2.542706] jesd204: created con: id=7, topo=0, link=0, /fpga-axi@0/axi-ad9081-tx-hpc@84b10000 <-> /axi/spi@ff040000/ad9081@0
[    2.553956] jesd204: /axi/spi@ff040000/ad9081@0: JESD204[2] transition uninitialized -> initialized
[    2.562942] jesd204: /axi/spi@ff040000/ad9081@0: JESD204[0] transition uninitialized -> initialized
[    2.571934] jesd204: found 8 devices and 1 topologies
[    2.576978] FPGA manager framework
[    2.580456] Advanced Linux Sound Architecture Driver Initialized.
[    2.586750] Bluetooth: Core ver 2.22
[    2.589937] NET: Registered protocol family 31
[    2.594339] Bluetooth: HCI device and connection manager initialized
[    2.600655] Bluetooth: HCI socket layer initialized
[    2.605497] Bluetooth: L2CAP socket layer initialized
[    2.610520] Bluetooth: SCO socket layer initialized
[    2.615707] clocksource: Switched to clocksource arch_sys_counter
[    2.621514] VFS: Disk quotas dquot_6.6.0
[    2.625349] VFS: Dquot-cache hash table entries: 512 (order 0, 4096 bytes)
[    2.636067] NET: Registered protocol family 2
[    2.636794] tcp_listen_portaddr_hash hash table entries: 2048 (order: 3, 32768 bytes, linear)
[    2.644987] TCP established hash table entries: 32768 (order: 6, 262144 bytes, linear)
[    2.653014] TCP bind hash table entries: 32768 (order: 7, 524288 bytes, linear)
[    2.660459] TCP: Hash tables configured (established 32768 bind 32768)
[    2.666633] UDP hash table entries: 2048 (order: 4, 65536 bytes, linear)
[    2.673299] UDP-Lite hash table entries: 2048 (order: 4, 65536 bytes, linear)
[    2.680460] NET: Registered protocol family 1
[    2.684916] RPC: Registered named UNIX socket transport module.
[    2.690534] RPC: Registered udp transport module.
[    2.695200] RPC: Registered tcp transport module.
[    2.699868] RPC: Registered tcp NFSv4.1 backchannel transport module.
[    2.706862] PCI: CLS 0 bytes, default 64
[    2.710554] hw perfevents: no interrupt-affinity property for /pmu, guessing.
[    2.717418] hw perfevents: enabled with armv8_pmuv3 PMU driver, 7 counters available
[    2.725777] Initialise system trusted keyrings
[    2.729448] workingset: timestamp_bits=62 max_order=20 bucket_order=0
[    2.736356] NFS: Registering the id_resolver key type
[    2.740798] Key type id_resolver registered
[    2.744936] Key type id_legacy registered
[    2.748927] nfs4filelayout_init: NFSv4 File Layout Driver Registering...
[    2.755593] jffs2: version 2.2. (NAND) (SUMMARY)  Â© 2001-2006 Red Hat, Inc.
[    2.798654] NET: Registered protocol family 38
[    2.798696] xor: measuring software checksum speed
[    2.806384]    8regs           :  2363 MB/sec
[    2.810053]    32regs          :  2799 MB/sec
[    2.814995]    arm64_neon      :  2380 MB/sec
[    2.815185] xor: using function: 32regs (2799 MB/sec)
[    2.820211] Key type asymmetric registered
[    2.824272] Asymmetric key parser 'x509' registered
[    2.829133] Block layer SCSI generic (bsg) driver version 0.4 loaded (major 248)
[    2.836470] io scheduler mq-deadline registered
[    2.840966] io scheduler kyber registered
[    2.870371] Serial: 8250/16550 driver, 4 ports, IRQ sharing disabled
[    2.875016] cacheinfo: Unable to detect cache hierarchy for CPU 0
[    2.881356] brd: module loaded
[    2.885497] loop: module loaded
[    2.886040] Registered mathworks_ip class
[    2.889385] libphy: Fixed MDIO Bus: probed
[    2.892376] tun: Universal TUN/TAP device driver, 1.6
[    2.896423] CAN device driver interface
[    2.900960] usbcore: registered new interface driver asix
[    2.905554] usbcore: registered new interface driver ax88179_178a
[    2.911587] usbcore: registered new interface driver cdc_ether
[    2.917381] usbcore: registered new interface driver net1080
[    2.923008] usbcore: registered new interface driver cdc_subset
[    2.928888] usbcore: registered new interface driver zaurus
[    2.934431] usbcore: registered new interface driver cdc_ncm
[    2.940835] ehci_hcd: USB 2.0 'Enhanced' Host Controller (EHCI) Driver
[    2.946517] ehci-pci: EHCI PCI platform driver
[    2.951315] usbcore: registered new interface driver uas
[    2.956232] usbcore: registered new interface driver usb-storage
[    2.962220] usbcore: registered new interface driver usbserial_generic
[    2.968671] usbserial: USB Serial support registered for generic
[    2.974645] usbcore: registered new interface driver ftdi_sio
[    2.980348] usbserial: USB Serial support registered for FTDI USB Serial Device
[    2.987624] usbcore: registered new interface driver upd78f0730
[    2.993495] usbserial: USB Serial support registered for upd78f0730
[    3.001148] rtc_zynqmp ffa60000.rtc: registered as rtc0
[    3.004921] rtc_zynqmp ffa60000.rtc: setting system clock to 2022-04-12T19:06:36 UTC (1649790396)
[    3.013784] i2c /dev entries driver
[    3.019094] usbcore: registered new interface driver uvcvideo
[    3.022896] USB Video Class driver (1.1.1)
[    3.028477] Bluetooth: HCI UART driver ver 2.3
[    3.031367] Bluetooth: HCI UART protocol H4 registered
[    3.036477] Bluetooth: HCI UART protocol BCSP registered
[    3.041766] Bluetooth: HCI UART protocol LL registered
[    3.046854] Bluetooth: HCI UART protocol ATH3K registered
[    3.052228] Bluetooth: HCI UART protocol Three-wire (H5) registered
[    3.058484] Bluetooth: HCI UART protocol Intel registered
[    3.063822] Bluetooth: HCI UART protocol QCA registered
[    3.069023] usbcore: registered new interface driver bcm203x
[    3.074644] usbcore: registered new interface driver bpa10x
[    3.080179] usbcore: registered new interface driver bfusb
[    3.085630] usbcore: registered new interface driver btusb
[    3.091092] usbcore: registered new interface driver ath3k
[    3.096576] EDAC MC: ECC not enabled
[    3.100201] EDAC DEVICE0: Giving out device to module zynqmp-ocm-edac controller zynqmp_ocm: DEV ff960000.memory-controller (INTERRUPT)
[    3.112516] sdhci: Secure Digital Host Controller Interface driver
[    3.118304] sdhci: Copyright(c) Pierre Ossman
[    3.122629] sdhci-pltfm: SDHCI platform and OF driver helper
[    3.128679] ledtrig-cpu: registered to indicate activity on CPUs
[    3.134233] SMCCC: SOC_ID: ARCH_SOC_ID not implemented, skipping ....
[    3.140662] zynqmp_firmware_probe Platform Management API v1.1
[    3.146419] zynqmp_firmware_probe Trustzone version v1.0
[    3.185986] zynqmp-pinctrl firmware:zynqmp-firmware:pinctrl: zynqmp pinctrl initialized
[    3.233976] zynqmp-aes firmware:zynqmp-firmware:zynqmp-aes: will run requests pump with realtime priority
[    3.249827] alg: No test for xilinx-keccak-384 (zynqmp-keccak-384)
[    3.250535] alg: No test for xilinx-zynqmp-rsa (zynqmp-rsa)
[    3.256050] usbcore: registered new interface driver usbhid
[    3.261438] usbhid: USB HID core driver
[    3.272673] axi_sysid 85000000.axi-sysid-0: AXI System ID core version (1.01.a) found
[    3.275018] axi_sysid 85000000.axi-sysid-0: [ad9081_fmca_ebz] on [zcu102] git branch <master> git <084d44c9780640ca93fd847b1d9ec70dd65f5c67> clean [2022-03-18 04:17:50] UTC
[    3.290704] fpga_manager fpga0: Xilinx ZynqMP FPGA Manager registered
[    3.297060] usbcore: registered new interface driver snd-usb-audio
[    3.304515] pktgen: Packet Generator for packet performance testing. Version: 2.75
[    3.310699] Initializing XFRM netlink socket
[    3.314549] NET: Registered protocol family 10
[    3.319265] Segment Routing with IPv6
[    3.322649] sit: IPv6, IPv4 and MPLS over IPv4 tunneling driver
[    3.328717] NET: Registered protocol family 17
[    3.332822] NET: Registered protocol family 15
[    3.337316] can: controller area network core
[    3.341572] NET: Registered protocol family 29
[    3.345960] can: raw protocol
[    3.348896] can: broadcast manager protocol
[    3.353051] can: netlink gateway - max_hops=1
[    3.357444] Bluetooth: RFCOMM TTY layer initialized
[    3.362225] Bluetooth: RFCOMM socket layer initialized
[    3.367332] Bluetooth: RFCOMM ver 1.11
[    3.371043] Bluetooth: BNEP (Ethernet Emulation) ver 1.3
[    3.376315] Bluetooth: BNEP filters: protocol multicast
[    3.381509] Bluetooth: BNEP socket layer initialized
[    3.386436] Bluetooth: HIDP (Human Interface Emulation) ver 1.2
[    3.392319] Bluetooth: HIDP socket layer initialized
[    3.397375] 9pnet: Installing 9P2000 support
[    3.401496] NET: Registered protocol family 36
[    3.405916] Key type dns_resolver registered
[    3.410344] registered taskstats version 1
[    3.414210] Loading compiled-in X.509 certificates
[    3.419322] Btrfs loaded, crc32c=crc32c-generic
[    3.431742] ff000000.serial: ttyPS0 at MMIO 0xff000000 (irq = 49, base_baud = 6249999) is a xuartps
[    3.440762] printk: console [ttyPS0] enabled
[    3.445057] printk: bootconsole [cdns0] disabled
[    3.454691] ff010000.serial: ttyPS1 at MMIO 0xff010000 (irq = 50, base_baud = 6249999) is a xuartps
[    3.467928] of-fpga-region fpga-full: FPGA Region probed
[    3.474882] nwl-pcie fd0e0000.pcie: host bridge /axi/pcie@fd0e0000 ranges:
[    3.481777] nwl-pcie fd0e0000.pcie:      MEM 0x00e0000000..0x00efffffff -> 0x00e0000000
[    3.489779] nwl-pcie fd0e0000.pcie:      MEM 0x0600000000..0x07ffffffff -> 0x0600000000
[    3.497840] nwl-pcie fd0e0000.pcie: Link is DOWN
[    3.502598] nwl-pcie fd0e0000.pcie: PCI host bridge to bus 0000:00
[    3.508776] pci_bus 0000:00: root bus resource [bus 00-ff]
[    3.514258] pci_bus 0000:00: root bus resource [mem 0xe0000000-0xefffffff]
[    3.521128] pci_bus 0000:00: root bus resource [mem 0x600000000-0x7ffffffff pref]
[    3.528631] pci 0000:00:00.0: [10ee:d021] type 01 class 0x060400
[    3.534687] pci 0000:00:00.0: PME# supported from D0 D1 D2 D3hot
[    3.545139] pci 0000:00:00.0: PCI bridge to [bus 01-0c]
[    3.551114] xilinx-zynqmp-dma fd500000.dma: ZynqMP DMA driver Probe success
[    3.558294] xilinx-zynqmp-dma fd510000.dma: ZynqMP DMA driver Probe success
[    3.565476] xilinx-zynqmp-dma fd520000.dma: ZynqMP DMA driver Probe success
[    3.572647] xilinx-zynqmp-dma fd530000.dma: ZynqMP DMA driver Probe success
[    3.579817] xilinx-zynqmp-dma fd540000.dma: ZynqMP DMA driver Probe success
[    3.586983] xilinx-zynqmp-dma fd550000.dma: ZynqMP DMA driver Probe success
[    3.594151] xilinx-zynqmp-dma fd560000.dma: ZynqMP DMA driver Probe success
[    3.601323] xilinx-zynqmp-dma fd570000.dma: ZynqMP DMA driver Probe success
[    3.608720] xilinx-zynqmp-dpdma fd4c0000.dma-controller: Xilinx DPDMA engine is probed
[    3.617260] ahci-ceva fd0c0000.ahci: supply ahci not found, using dummy regulator
[    3.624801] ahci-ceva fd0c0000.ahci: supply phy not found, using dummy regulator
[    3.715876] hmc7044 spi2.0: PLL1: Acquisition, CLKIN0 @ 122880000 Hz, PFD: 80 kHz - PLL2: Locked @ 3120.000000 MHz
[    3.726593] jesd204: /axi/spi@ff050000/hmc7044@0,jesd204:1,parent=spi2.0: Using as SYSREF provider
[    3.736180] spi-nor spi0.0: SPI-NOR-UniqueID 100000235394732200270025081115266e
[    3.743483] spi-nor spi0.0: found n25q512a, expected m25p80
[    3.749687] spi-nor spi0.0: trying to lock already unlocked area
[    3.755700] spi-nor spi0.0: n25q512a (131072 Kbytes)
[    3.760678] 4 fixed-partitions partitions found on MTD device spi0.0
[    3.767026] Creating 4 MTD partitions on "spi0.0":
[    3.771812] 0x000000000000-0x000000100000 : "qspi-fsbl-uboot"
[    3.778296] 0x000000100000-0x000000600000 : "qspi-linux"
[    3.784259] 0x000000600000-0x000000620000 : "qspi-device-tree"
[    3.790727] 0x000000620000-0x000000c00000 : "qspi-rootfs"
[    3.799202] macb ff0e0000.ethernet: Not enabling partial store and forward
[    3.806724] libphy: MACB_mii_bus: probed
[    3.811781] macb ff0e0000.ethernet eth0: Cadence GEM rev 0x50070106 at 0xff0e0000 irq 30 (00:0a:35:04:8e:1b)
[    3.821984] xilinx-axipmon ffa00000.perf-monitor: Probed Xilinx APM
[    3.828562] xilinx-axipmon fd0b0000.perf-monitor: Probed Xilinx APM
[    3.835074] xilinx-axipmon fd490000.perf-monitor: Probed Xilinx APM
[    3.841617] xilinx-axipmon ffa10000.perf-monitor: Probed Xilinx APM
[    3.851626] pca953x 0-0020: supply vcc not found, using dummy regulator
[    3.858310] pca953x 0-0020: using no AI
[    3.862799] gpio-496 (sel0): hogged as output/low
[    3.867712] gpio-497 (sel1): hogged as output/high
[    3.872698] gpio-498 (sel2): hogged as output/high
[    3.877681] gpio-499 (sel3): hogged as output/high
[    3.882854] pca953x 0-0021: supply vcc not found, using dummy regulator
[    3.889522] pca953x 0-0021: using no AI
[    3.895277] ina2xx 2-0040: power monitor ina226 (Rshunt = 5000 uOhm)
[    3.902307] ina2xx 2-0041: power monitor ina226 (Rshunt = 5000 uOhm)
[    3.909350] ina2xx 2-0042: power monitor ina226 (Rshunt = 5000 uOhm)
[    3.916382] ina2xx 2-0043: power monitor ina226 (Rshunt = 5000 uOhm)
[    3.923408] ina2xx 2-0044: power monitor ina226 (Rshunt = 5000 uOhm)
[    3.930427] ina2xx 2-0045: power monitor ina226 (Rshunt = 5000 uOhm)
[    3.937456] ina2xx 2-0046: power monitor ina226 (Rshunt = 5000 uOhm)
[    3.944531] ina2xx 2-0047: power monitor ina226 (Rshunt = 5000 uOhm)
[    3.951557] ina2xx 2-004a: power monitor ina226 (Rshunt = 5000 uOhm)
[    3.958592] ina2xx 2-004b: power monitor ina226 (Rshunt = 5000 uOhm)
[    3.965003] i2c i2c-0: Added multiplexed i2c bus 2
[    3.970383] random: fast init done
[    3.973850] ina2xx 3-0040: power monitor ina226 (Rshunt = 2000 uOhm)
[    3.980876] ina2xx 3-0041: power monitor ina226 (Rshunt = 5000 uOhm)
[    3.987904] ina2xx 3-0042: power monitor ina226 (Rshunt = 5000 uOhm)
[    3.994936] ina2xx 3-0043: power monitor ina226 (Rshunt = 5000 uOhm)
[    4.001961] ina2xx 3-0044: power monitor ina226 (Rshunt = 5000 uOhm)
[    4.008988] ina2xx 3-0045: power monitor ina226 (Rshunt = 5000 uOhm)
[    4.016019] ina2xx 3-0046: power monitor ina226 (Rshunt = 5000 uOhm)
[    4.023049] ina2xx 3-0047: power monitor ina226 (Rshunt = 5000 uOhm)
[    4.029451] i2c i2c-0: Added multiplexed i2c bus 3
[    4.085514] i2c i2c-0: Added multiplexed i2c bus 4
[    4.090449] i2c i2c-0: Added multiplexed i2c bus 5
[    4.095241] pca954x 0-0075: registered 4 multiplexed busses for I2C mux pca9544
[    4.102591] cdns-i2c ff020000.i2c: 400 kHz mmio ff020000 irq 32
[    4.110321] at24 6-0054: supply vcc not found, using dummy regulator
[    4.117220] at24 6-0054: 1024 byte 24c08 EEPROM, writable, 1 bytes/write
[    4.123969] i2c i2c-1: Added multiplexed i2c bus 6
[    4.130402] si5341 7-0036: Chip: 5341 Grade: 1 Rev: 1
[    4.168074] i2c i2c-1: Added multiplexed i2c bus 7
[    4.175733] si570 8-005d: registered, current frequency 300000000 Hz
[    4.182133] i2c i2c-1: Added multiplexed i2c bus 8
[    4.201912] si570 9-005d: registered, current frequency 148500000 Hz
[    4.208312] i2c i2c-1: Added multiplexed i2c bus 9
[    4.213352] si5324 10-0069: si5328 probed
[    4.280061] si5324 10-0069: si5328 probe successful
[    4.284994] i2c i2c-1: Added multiplexed i2c bus 10
[    4.290021] i2c i2c-1: Added multiplexed i2c bus 11
[    4.295045] i2c i2c-1: Added multiplexed i2c bus 12
[    4.300068] i2c i2c-1: Added multiplexed i2c bus 13
[    4.304941] pca954x 1-0074: registered 8 multiplexed busses for I2C switch pca9548
[    4.313051] at24 14-0050: supply vcc not found, using dummy regulator
[    4.319845] at24 14-0050: 256 byte 24c02 EEPROM, writable, 1 bytes/write
[    4.326592] i2c i2c-1: Added multiplexed i2c bus 14
[    4.331634] i2c i2c-1: Added multiplexed i2c bus 15
[    4.336666] i2c i2c-1: Added multiplexed i2c bus 16
[    4.341703] i2c i2c-1: Added multiplexed i2c bus 17
[    4.346734] i2c i2c-1: Added multiplexed i2c bus 18
[    4.351779] i2c i2c-1: Added multiplexed i2c bus 19
[    4.356821] i2c i2c-1: Added multiplexed i2c bus 20
[    4.361859] i2c i2c-1: Added multiplexed i2c bus 21
[    4.366733] pca954x 1-0075: registered 8 multiplexed busses for I2C switch pca9548
[    4.374342] cdns-i2c ff030000.i2c: 400 kHz mmio ff030000 irq 33
[    4.384082] cdns-wdt fd4d0000.watchdog: Xilinx Watchdog Timer with timeout 60s
[    4.393139] axi_adxcvr 84a60000.axi-adxcvr-rx: adxcvr_enforce_settings: Using QPLL without access, assuming desired Lane rate will be configured by a different instance
[    4.409777] axi_adxcvr 84a60000.axi-adxcvr-rx: AXI-ADXCVR-RX (17.05.a) using QPLL on GTH4 at 0x84A60000. Number of lanes: 4.
[    4.421940] axi_adxcvr 84b60000.axi-adxcvr-tx: AXI-ADXCVR-TX (17.05.a) using QPLL on GTH4 at 0x84B60000. Number of lanes: 4.
[    4.425888] mmc0: SDHCI controller on ff170000.mmc [ff170000.mmc] using ADMA 64-bit
[    4.441091] axi-jesd204-rx 84a90000.axi-jesd204-rx: AXI-JESD204-RX (1.07.a) at 0x84A90000. Encoder 8b10b, width 4/4, lanes 4, jesd204-fsm.
[    4.453927] axi-jesd204-tx 84b90000.axi-jesd204-tx: AXI-JESD204-TX (1.06.a) at 0x84B90000. Encoder 8b10b, width 4/4, lanes 4, jesd204-fsm.
[    4.467428] zynqmp-display fd4a0000.display: vtc bridge property not present
[    4.473468] mmc0: new high speed SDHC card at address 0001
[    4.477080] xilinx-dp-snd-codec fd4a0000.display:zynqmp_dp_snd_codec0: Failed to get required clock freq
[    4.480316] mmcblk0: mmc0:0001 EB1QT 29.8 GiB 
[    4.489442] xilinx-dp-snd-codec: probe of fd4a0000.display:zynqmp_dp_snd_codec0 failed with error -22
[    4.495102]  mmcblk0: p1 p2 p3
[    4.503431] xilinx-dp-snd-pcm zynqmp_dp_snd_pcm0: Xilinx DisplayPort Sound PCM probed
[    4.514293] xilinx-dp-snd-pcm zynqmp_dp_snd_pcm1: Xilinx DisplayPort Sound PCM probed
[    4.522506] OF: graph: no port node found in /axi/display@fd4a0000
[    4.528914] xlnx-drm xlnx-drm.0: bound fd4a0000.display (ops 0xffffffc010fcbdb8)
[    5.615722] zynqmp-display fd4a0000.display: [drm] Cannot find any crtc or sizes
[    5.623340] [drm] Initialized xlnx 1.0.0 20130509 for fd4a0000.display on minor 0
[    5.630829] zynqmp-display fd4a0000.display: ZynqMP DisplayPort Subsystem driver probed
[    5.639140] ahci-ceva fd0c0000.ahci: supply ahci not found, using dummy regulator
[    5.646679] ahci-ceva fd0c0000.ahci: supply phy not found, using dummy regulator
[    5.654134] ahci-ceva fd0c0000.ahci: supply target not found, using dummy regulator
[    5.661972] ahci-ceva fd0c0000.ahci: AHCI 0001.0301 32 slots 2 ports 6 Gbps 0x3 impl platform mode
[    5.670928] ahci-ceva fd0c0000.ahci: flags: 64bit ncq sntf pm clo only pmp fbs pio slum part ccc sds apst 
[    5.681620] scsi host0: ahci-ceva
[    5.685219] scsi host1: ahci-ceva
[    5.688646] ata1: SATA max UDMA/133 mmio [mem 0xfd0c0000-0xfd0c1fff] port 0x100 irq 45
[    5.696563] ata2: SATA max UDMA/133 mmio [mem 0xfd0c0000-0xfd0c1fff] port 0x180 irq 45
[    5.705172] ad9081 spi1.0: supply vdd not found, using dummy regulator
[    6.017956] ata1: SATA link down (SStatus 0 SControl 330)
[    6.023369] ata2: SATA link down (SStatus 0 SControl 330)
[    6.699724] zynqmp-display fd4a0000.display: [drm] Cannot find any crtc or sizes
[    7.508112] ad9081 spi1.0: AD9081 Rev. 2 Grade 10 (API 1.2.2) probed
[    7.515317] xhci-hcd xhci-hcd.1.auto: xHCI Host Controller
[    7.520811] xhci-hcd xhci-hcd.1.auto: new USB bus registered, assigned bus number 1
[    7.528557] xhci-hcd xhci-hcd.1.auto: hcc params 0x0238f625 hci version 0x100 quirks 0x0000000002010810
[    7.537970] xhci-hcd xhci-hcd.1.auto: irq 59, io mem 0xfe200000
[    7.544077] usb usb1: New USB device found, idVendor=1d6b, idProduct=0002, bcdDevice= 5.10
[    7.552336] usb usb1: New USB device strings: Mfr=3, Product=2, SerialNumber=1
[    7.559553] usb usb1: Product: xHCI Host Controller
[    7.564422] usb usb1: Manufacturer: Linux 5.10.0-98103-g2aa7ac113716 xhci-hcd
[    7.571548] usb usb1: SerialNumber: xhci-hcd.1.auto
[    7.576716] hub 1-0:1.0: USB hub found
[    7.580485] hub 1-0:1.0: 1 port detected
[    7.584591] xhci-hcd xhci-hcd.1.auto: xHCI Host Controller
[    7.590083] xhci-hcd xhci-hcd.1.auto: new USB bus registered, assigned bus number 2
[    7.597735] xhci-hcd xhci-hcd.1.auto: Host supports USB 3.0 SuperSpeed
[    7.604358] usb usb2: New USB device found, idVendor=1d6b, idProduct=0003, bcdDevice= 5.10
[    7.612617] usb usb2: New USB device strings: Mfr=3, Product=2, SerialNumber=1
[    7.619837] usb usb2: Product: xHCI Host Controller
[    7.624705] usb usb2: Manufacturer: Linux 5.10.0-98103-g2aa7ac113716 xhci-hcd
[    7.631835] usb usb2: SerialNumber: xhci-hcd.1.auto
[    7.636949] hub 2-0:1.0: USB hub found
[    7.640710] hub 2-0:1.0: 1 port detected
[    7.670764] cf_axi_adc 84a10000.axi-ad9081-rx-hpc: ADI AIM (10.01.b) at 0x84A10000 mapped to 0x(____ptrval____), probed ADC AD9081 as MASTER
[    7.704549] cf_axi_dds 84b10000.axi-ad9081-tx-hpc: Analog Devices CF_AXI_DDS_DDS MASTER (9.01.b) at 0x84B10000 mapped to 0x(____ptrval____), probed DDS AD9081
[    7.718750] jesd204: /axi/spi@ff040000/ad9081@0,jesd204:0,parent=spi1.0: JESD204[2] transition initialized -> probed
[    7.729273] jesd204: /axi/spi@ff040000/ad9081@0,jesd204:0,parent=spi1.0: JESD204[0] transition initialized -> probed
[    7.739796] jesd204: /axi/spi@ff040000/ad9081@0,jesd204:0,parent=spi1.0: JESD204[2] transition probed -> idle
[    7.749704] jesd204: /axi/spi@ff040000/ad9081@0,jesd204:0,parent=spi1.0: JESD204[0] transition probed -> idle
[    7.759619] jesd204: /axi/spi@ff040000/ad9081@0,jesd204:0,parent=spi1.0: JESD204[2] transition idle -> device_init
[    7.769962] jesd204: /axi/spi@ff040000/ad9081@0,jesd204:0,parent=spi1.0: JESD204[0] transition idle -> device_init
[    7.780313] jesd204: /axi/spi@ff040000/ad9081@0,jesd204:0,parent=spi1.0: JESD204[2] transition device_init -> link_init
[    7.791089] jesd204: /axi/spi@ff040000/ad9081@0,jesd204:0,parent=spi1.0: JESD204[0] transition device_init -> link_init
[    7.801881] jesd204: /axi/spi@ff040000/ad9081@0,jesd204:0,parent=spi1.0: JESD204[2] transition link_init -> link_supported
[    7.812919] jesd204: /axi/spi@ff040000/ad9081@0,jesd204:0,parent=spi1.0: JESD204[0] transition link_init -> link_supported
[    7.824317] hmc7044 spi2.0: hmc7044_jesd204_link_pre_setup: Link2 forcing continuous SYSREF mode
[    7.833536] jesd204: /axi/spi@ff040000/ad9081@0,jesd204:0,parent=spi1.0: JESD204[2] transition link_supported -> link_pre_setup
[    7.845012] jesd204: /axi/spi@ff040000/ad9081@0,jesd204:0,parent=spi1.0: JESD204[0] transition link_supported -> link_pre_setup
[    7.868849] jesd204: /axi/spi@ff040000/ad9081@0,jesd204:0,parent=spi1.0: JESD204[2] transition link_pre_setup -> clk_sync_stage1
[    7.880408] jesd204: /axi/spi@ff040000/ad9081@0,jesd204:0,parent=spi1.0: JESD204[0] transition link_pre_setup -> clk_sync_stage1
[    7.891973] jesd204: /axi/spi@ff040000/ad9081@0,jesd204:0,parent=spi1.0: JESD204[2] transition clk_sync_stage1 -> clk_sync_stage2
[    7.903616] jesd204: /axi/spi@ff040000/ad9081@0,jesd204:0,parent=spi1.0: JESD204[0] transition clk_sync_stage1 -> clk_sync_stage2
[    7.915274] jesd204: /axi/spi@ff040000/ad9081@0,jesd204:0,parent=spi1.0: JESD204[2] transition clk_sync_stage2 -> clk_sync_stage3
[    7.926922] jesd204: /axi/spi@ff040000/ad9081@0,jesd204:0,parent=spi1.0: JESD204[0] transition clk_sync_stage2 -> clk_sync_stage3
[    7.940594] jesd204: /axi/spi@ff040000/ad9081@0,jesd204:0,parent=spi1.0: JESD204[2] transition clk_sync_stage3 -> link_setup
[    7.951808] jesd204: /axi/spi@ff040000/ad9081@0,jesd204:0,parent=spi1.0: JESD204[0] transition clk_sync_stage3 -> link_setup
[    7.967977] jesd204: /axi/spi@ff040000/ad9081@0,jesd204:0,parent=spi1.0: JESD204[2] transition link_setup -> opt_setup_stage1
[    7.979282] jesd204: /axi/spi@ff040000/ad9081@0,jesd204:0,parent=spi1.0: JESD204[0] transition link_setup -> opt_setup_stage1
[    7.995610] jesd204: /axi/spi@ff040000/ad9081@0,jesd204:0,parent=spi1.0: JESD204[2] transition opt_setup_stage1 -> opt_setup_stage2
[    8.007431] jesd204: /axi/spi@ff040000/ad9081@0,jesd204:0,parent=spi1.0: JESD204[0] transition opt_setup_stage1 -> opt_setup_stage2
[    8.019403] jesd204: /axi/spi@ff040000/ad9081@0,jesd204:0,parent=spi1.0: JESD204[2] transition opt_setup_stage2 -> opt_setup_stage3
[    8.031224] jesd204: /axi/spi@ff040000/ad9081@0,jesd204:0,parent=spi1.0: JESD204[0] transition opt_setup_stage2 -> opt_setup_stage3
[    8.043046] jesd204: /axi/spi@ff040000/ad9081@0,jesd204:0,parent=spi1.0: JESD204[2] transition opt_setup_stage3 -> opt_setup_stage4
[    8.054865] jesd204: /axi/spi@ff040000/ad9081@0,jesd204:0,parent=spi1.0: JESD204[0] transition opt_setup_stage3 -> opt_setup_stage4
[    8.066699] jesd204: /axi/spi@ff040000/ad9081@0,jesd204:0,parent=spi1.0: JESD204[2] transition opt_setup_stage4 -> opt_setup_stage5
[    8.078519] jesd204: /axi/spi@ff040000/ad9081@0,jesd204:0,parent=spi1.0: JESD204[0] transition opt_setup_stage4 -> opt_setup_stage5
[    8.096513] jesd204: /axi/spi@ff040000/ad9081@0,jesd204:0,parent=spi1.0: JESD204[2] transition opt_setup_stage5 -> clocks_enable
[    8.108075] jesd204: /axi/spi@ff040000/ad9081@0,jesd204:0,parent=spi1.0: JESD204[0] transition opt_setup_stage5 -> clocks_enable
[    8.119695] jesd204: /axi/spi@ff040000/ad9081@0,jesd204:0,parent=spi1.0: JESD204[2] transition clocks_enable -> link_enable
[    8.130825] jesd204: /axi/spi@ff040000/ad9081@0,jesd204:0,parent=spi1.0: JESD204[0] transition clocks_enable -> link_enable
[    8.163945] ad9081 spi1.0: JESD RX (JTX) Link2 in DATA, SYNC deasserted, PLL locked, PHASE established, MODE valid
[    8.174552] ad9081 spi1.0: JESD TX (JRX) Link0 0xF lanes in DATA
[    8.180563] jesd204: /axi/spi@ff040000/ad9081@0,jesd204:0,parent=spi1.0: JESD204[2] transition link_enable -> link_running
[    8.191601] jesd204: /axi/spi@ff040000/ad9081@0,jesd204:0,parent=spi1.0: JESD204[0] transition link_enable -> link_running
[    8.202650] jesd204: /axi/spi@ff040000/ad9081@0,jesd204:0,parent=spi1.0: JESD204[2] transition link_running -> opt_post_running_stage
[    8.214648] jesd204: /axi/spi@ff040000/ad9081@0,jesd204:0,parent=spi1.0: JESD204[0] transition link_running -> opt_post_running_stage
[    8.235881] input: gpio-keys as /devices/platform/gpio-keys/input/input0
[    8.242891] of_cfs_init
[    8.245354] of_cfs_init: OK
[    8.248295] cfg80211: Loading compiled-in X.509 certificates for regulatory database
[    8.386525] cfg80211: Loaded X.509 cert 'sforshee: 00b28ddf47aef9cea7'
[    8.393064] clk: Not disabling unused clocks
[    8.397596] ALSA device list:
[    8.400558]   No soundcards found.
[    8.404232] platform regulatory.0: Direct firmware load for regulatory.db failed with error -2
[    8.412838] cfg80211: failed to load regulatory.db
[    8.428065] EXT4-fs (mmcblk0p2): mounted filesystem with ordered data mode. Opts: (null)
[    8.436179] VFS: Mounted root (ext4 filesystem) on device 179:2.
[    8.449542] devtmpfs: mounted
[    8.453352] Freeing unused kernel memory: 2560K
[    8.463760] Run /sbin/init as init process
[    8.467854]   with arguments:
[    8.467856]     /sbin/init
[    8.467858]   with environment:
[    8.467861]     HOME=/
[    8.467863]     TERM=linux
[    9.035527] systemd[1]: systemd 241 running in system mode. (+PAM +AUDIT +SELINUX +IMA +APPARMOR +SMACK +SYSVINIT +UTMP +LIBCRYPTSETUP +GCRYPT +GNUTLS +ACL +XZ +LZ4 +SECCOMP +BLKID +ELFUTILS +KMOD -IDN2 +IDN -PCRE2 default-hierarchy=hybrid)
[    9.057393] systemd[1]: Detected architecture arm64.
[    9.080416] systemd[1]: Set hostname to <analog>.
[    9.256543] systemd[1]: File /lib/systemd/system/systemd-journald.service:12 configures an IP firewall (IPAddressDeny=any), but the local system does not support BPF/cgroup based firewalling.
[    9.273593] systemd[1]: Proceeding WITHOUT firewalling in effect! (This warning is only shown for the first loaded unit using IP firewalling.)
[    9.436723] systemd[1]: /etc/systemd/system/tof-server.service:1: Assignment outside of section. Ignoring.
[    9.446424] systemd[1]: /etc/systemd/system/tof-server.service:2: Assignment outside of section. Ignoring.
[    9.628996] random: systemd: uninitialized urandom read (16 bytes read)
[    9.643717] random: systemd: uninitialized urandom read (16 bytes read)
[    9.650533] systemd[1]: Listening on initctl Compatibility Named Pipe.
[    9.671793] random: systemd: uninitialized urandom read (16 bytes read)
[    9.678970] systemd[1]: Created slice system-getty.slice.
[    9.699952] systemd[1]: Created slice User and Session Slice.
[   10.273807] ------------[ cut here ]------------
[   10.273816] Enabling unprepared \xa0\xe9Q\x88\xff\xff\xffpQ\x88\xff\xff\xff
[   10.273862] WARNING: CPU: 3 PID: 132 at drivers/clk/clk.c:1012 clk_core_enable+0xa4/0xc0
[   10.273865] Modules linked in:
[   10.273875] CPU: 3 PID: 132 Comm: kworker/3:1H Not tainted 5.10.0-98103-g2aa7ac113716 #5577
[   10.273878] Hardware name: ZynqMP ZCU102 Rev1.0 (DT)
[   10.273888] Workqueue: kblockd blk_mq_run_work_fn
[   10.273895] pstate: 80000085 (Nzcv daIf -PAN -UAO -TCO BTYPE=--)
[   10.273901] pc : clk_core_enable+0xa4/0xc0
[   10.273906] lr : clk_core_enable+0xa4/0xc0
[   10.273909] sp : ffffffc0122732d0
[   10.273912] x29: ffffffc0122732d0 x28: ffffff8800330c10 
[   10.273918] x27: ffffff8800330d48 x26: 0000005000000101 
[   10.273925] x25: 000000025e6c955c x24: 0000000000000001 
[   10.273932] x23: ffffff88010e9380 x22: ffffff8801083220 
[   10.273938] x21: ffffff8801517000 x20: ffffff8801517008 
[   10.273945] x19: ffffff8801517008 x18: 0000000000000030 
[   10.273951] x17: 0000000000000002 x16: 0000b20920cd455c 
[   10.273958] x15: ffffffffffff8720 x14: ffffffc011d3b1a0 
[   10.273965] x13: ffffffc011d3b1c8 x12: 00000000000005e8 
[   10.273971] x11: 00000000000001f8 x10: ffffffc011d671c8 
[   10.273978] x9 : 00000000fffff800 x8 : ffffffc011d3b1c8 
[   10.273984] x7 : ffffffc011d671c8 x6 : 0000000000000001 
[   10.273991] x5 : ffffff887f7a89e0 x4 : 0000000000000000 
[   10.273997] x3 : 0000000000000027 x2 : 0000000000000023 
[   10.274003] x1 : f8608d9754b51300 x0 : 0000000000000000 
[   10.274010] Call trace:
[   10.274016]  clk_core_enable+0xa4/0xc0
[   10.274021]  clk_enable+0x2c/0x60
[   10.274028]  zynqmp_runtime_resume+0x24/0x84
[   10.274034]  pm_generic_runtime_resume+0x30/0x50
[   10.274040]  __genpd_runtime_resume+0x30/0xb0
[   10.274046]  genpd_runtime_resume+0x90/0x250
[   10.274052]  __rpm_callback+0x10c/0x1e0
[   10.274057]  rpm_callback+0x5c/0x84
[   10.274063]  rpm_resume+0x4a4/0x74c
[   10.274068]  __pm_runtime_resume+0x78/0xc4
[   10.274072]  spi_mem_access_start.isra.0+0x30/0x80
[   10.274077]  spi_mem_exec_op+0x3b0/0x424
[   10.274082]  spi_nor_read_sr+0x78/0xe0
[   10.274086]  spi_nor_wait_till_ready_with_timeout+0xb4/0x2f0
[   10.274091]  spi_nor_read+0x188/0x380
[   10.274096]  mtd_read_oob_std+0x78/0x84
[   10.274100]  mtd_read_oob+0x7c/0x134
[   10.274105]  mtd_read+0x48/0x7c
[   10.274111]  mtdblock_readsect+0x6c/0x150
[   10.274115]  mtd_queue_rq+0x2cc/0x5a0
[   10.274121]  blk_mq_dispatch_rq_list+0x110/0x790
[   10.274127]  __blk_mq_do_dispatch_sched+0x200/0x274
[   10.274133]  __blk_mq_sched_dispatch_requests+0x1a8/0x1fc
[   10.274138]  blk_mq_sched_dispatch_requests+0x3c/0x7c
[   10.274143]  __blk_mq_run_hw_queue+0x98/0x100
[   10.274148]  blk_mq_run_work_fn+0x24/0x30
[   10.274153]  process_one_work+0x1d4/0x380
[   10.274157]  worker_thread+0x78/0x4e0
[   10.274163]  kthread+0x124/0x130
[   10.274168]  ret_from_fork+0x10/0x3c
[   10.274172] ---[ end trace 84b5245c9acd626f ]---
[   10.274180] zynqmp-qspi ff0f0000.spi: Cannot enable APB clock.
[   10.274230] spi_master spi0: Failed to power device: -108
[   10.274240] blk_update_request: I/O error, dev mtdblock0, sector 8 op 0x0:(READ) flags 0x80700 phys_seg 1 prio class 0
[   10.274309] spi_master spi0: Failed to power device: -22
[   10.274315] blk_update_request: I/O error, dev mtdblock0, sector 8 op 0x0:(READ) flags 0x0 phys_seg 8 prio class 0
[   10.274321] Buffer I/O error on dev mtdblock0, logical block 8, async page read
[   10.274331] spi_master spi0: Failed to power device: -22
[   10.274336] blk_update_request: I/O error, dev mtdblock0, sector 9 op 0x0:(READ) flags 0x0 phys_seg 7 prio class 0
[   10.274340] Buffer I/O error on dev mtdblock0, logical block 9, async page read
[   10.274347] spi_master spi0: Failed to power device: -22
[   10.274353] blk_update_request: I/O error, dev mtdblock0, sector 10 op 0x0:(READ) flags 0x0 phys_seg 6 prio class 0
[   10.274357] Buffer I/O error on dev mtdblock0, logical block 10, async page read
[   10.274364] spi_master spi0: Failed to power device: -22
[   10.274370] blk_update_request: I/O error, dev mtdblock0, sector 11 op 0x0:(READ) flags 0x0 phys_seg 5 prio class 0
[   10.274373] Buffer I/O error on dev mtdblock0, logical block 11, async page read
[   10.274380] spi_master spi0: Failed to power device: -22
[   10.274386] blk_update_request: I/O error, dev mtdblock0, sector 12 op 0x0:(READ) flags 0x0 phys_seg 4 prio class 0
[   10.274390] Buffer I/O error on dev mtdblock0, logical block 12, async page read
[   10.274396] spi_master spi0: Failed to power device: -22
[   10.274402] blk_update_request: I/O error, dev mtdblock0, sector 13 op 0x0:(READ) flags 0x0 phys_seg 3 prio class 0
[   10.274406] Buffer I/O error on dev mtdblock0, logical block 13, async page read
[   10.274412] spi_master spi0: Failed to power device: -22
[   10.274418] blk_update_request: I/O error, dev mtdblock0, sector 14 op 0x0:(READ) flags 0x0 phys_seg 2 prio class 0
[   10.274422] Buffer I/O error on dev mtdblock0, logical block 14, async page read
[   10.274428] spi_master spi0: Failed to power device: -22
[   10.274434] blk_update_request: I/O error, dev mtdblock0, sector 15 op 0x0:(READ) flags 0x0 phys_seg 1 prio class 0
[   10.274438] Buffer I/O error on dev mtdblock0, logical block 15, async page read
[   10.274750] spi_master spi0: Failed to power device: -22
[   10.274758] blk_update_request: I/O error, dev mtdblock1, sector 10112 op 0x0:(READ) flags 0x80700 phys_seg 1 prio class 0
[   10.274802] spi_master spi0: Failed to power device: -22
[   10.274808] Buffer I/O error on dev mtdblock1, logical block 10112, async page read
[   10.274816] spi_master spi0: Failed to power device: -22
[   10.274821] Buffer I/O error on dev mtdblock1, logical block 10113, async page read
[   10.274828] spi_master spi0: Failed to power device: -22
[   10.274835] spi_master spi0: Failed to power device: -22
[   10.274843] spi_master spi0: Failed to power device: -22
[   10.274850] spi_master spi0: Failed to power device: -22
[   10.274857] spi_master spi0: Failed to power device: -22
[   10.274864] spi_master spi0: Failed to power device: -22
[   10.275129] spi_master spi0: Failed to power device: -22
[   10.275173] spi_master spi0: Failed to power device: -22
[   10.275183] spi_master spi0: Failed to power device: -22
[   10.275191] spi_master spi0: Failed to power device: -22
[   10.275198] spi_master spi0: Failed to power device: -22
[   10.275205] spi_master spi0: Failed to power device: -22
[   10.275213] spi_master spi0: Failed to power device: -22
[   10.275220] spi_master spi0: Failed to power device: -22
[   10.275227] spi_master spi0: Failed to power device: -22
[   10.275496] spi_master spi0: Failed to power device: -22
[   10.275540] spi_master spi0: Failed to power device: -22
[   10.275550] spi_master spi0: Failed to power device: -22
[   10.275558] spi_master spi0: Failed to power device: -22
[   10.275565] spi_master spi0: Failed to power device: -22
[   10.275573] spi_master spi0: Failed to power device: -22
[   10.275580] spi_master spi0: Failed to power device: -22
[   10.275587] spi_master spi0: Failed to power device: -22
[   10.275594] spi_master spi0: Failed to power device: -22
[   10.399695] EXT4-fs (mmcblk0p2): re-mounted. Opts: (null)
[   10.520486] systemd-journald[156]: Received request to flush runtime journal from PID 1
[   16.498564] macb ff0e0000.ethernet eth0: PHY [ff0e0000.ethernet-ffffffff:0c] driver [TI DP83867] (irq=POLL)
[   16.498576] macb ff0e0000.ethernet eth0: configuring for phy/rgmii-id link mode
[   16.775836] Adding 102396k swap on /var/swap.  Priority:-2 extents:4 across:9953604k SS
[   18.451731] random: crng init done
[   18.451742] random: 7 urandom warning(s) missed due to ratelimiting
[   20.577339] macb ff0e0000.ethernet eth0: Link is Up - 1Gbps/Full - flow control off
[   20.577365] IPv6: ADDRCONF(NETDEV_CHANGE): eth0: link becomes ready
[   27.437883] broken atomic modeset userspace detected, disabling atomic
[   30.112196] broken atomic modeset userspace detected, disabling atomic
[   33.217605] broken atomic modeset userspace detected, disabling atomic