[    0.000000] Booting Linux on physical CPU 0x0000000000 [0x410fd034]
[    0.000000] Linux version 5.10.0-98103-g2aa7ac113716 (jenkins@romlxbuild1.adlk.analog.com) (aarch64-xilinx-linux-gcc.real (GCC) 10.2.0, GNU ld (GNU Binutils) 2.35.0.20200730) #5577 SMP Wed Mar 23 07:28:49 GMT 2022
[    0.000000] Machine model: ZynqMP ZCU102 Rev1.0
[    0.000000] earlycon: cdns0 at MMIO 0x00000000ff000000 (options '115200n8')
[    0.000000] printk: bootconsole [cdns0] enabled
[    0.000000] efi: UEFI not found.
[    0.000000] cma: Reserved 256 MiB at 0x0000000070000000
[    0.000000] Zone ranges:
[    0.000000]   DMA      [mem 0x0000000000000000-0x000000003fffffff]
[    0.000000]   DMA32    [mem 0x0000000040000000-0x00000000ffffffff]
[    0.000000]   Normal   [mem 0x0000000100000000-0x000000087fffffff]
[    0.000000] Movable zone start for each node
[    0.000000] Early memory node ranges
[    0.000000]   node   0: [mem 0x0000000000000000-0x000000007fffffff]
[    0.000000]   node   0: [mem 0x0000000800000000-0x000000087fffffff]
[    0.000000] Initmem setup node 0 [mem 0x0000000000000000-0x000000087fffffff]
[    0.000000] On node 0 totalpages: 1048576
[    0.000000]   DMA zone: 3584 pages used for memmap
[    0.000000]   DMA zone: 0 pages reserved
[    0.000000]   DMA zone: 262144 pages, LIFO batch:63
[    0.000000]   DMA32 zone: 3584 pages used for memmap
[    0.000000]   DMA32 zone: 262144 pages, LIFO batch:63
[    0.000000]   Normal zone: 7168 pages used for memmap
[    0.000000]   Normal zone: 524288 pages, LIFO batch:63
[    0.000000] psci: probing for conduit method from DT.
[    0.000000] psci: PSCIv1.1 detected in firmware.
[    0.000000] psci: Using standard PSCI v0.2 function IDs
[    0.000000] psci: MIGRATE_INFO_TYPE not supported.
[    0.000000] psci: SMC Calling Convention v1.2
[    0.000000] percpu: Embedded 22 pages/cpu s49496 r8192 d32424 u90112
[    0.000000] pcpu-alloc: s49496 r8192 d32424 u90112 alloc=22*4096
[    0.000000] pcpu-alloc: [0] 0 [0] 1 [0] 2 [0] 3 
[    0.000000] Detected VIPT I-cache on CPU0
[    0.000000] CPU features: detected: ARM erratum 845719
[    0.000000] Built 1 zonelists, mobility grouping on.  Total pages: 1034240
[    0.000000] Kernel command line: console=ttyPS0,115200 root=/dev/mmcblk0p2 rw earlycon rootfstype=ext4 rootwait clk_ignore_unused cpuidle.off=1 root=/dev/mmcblk0p2 rw rootwait
[    0.000000] Dentry cache hash table entries: 524288 (order: 10, 4194304 bytes, linear)
[    0.000000] Inode-cache hash table entries: 262144 (order: 9, 2097152 bytes, linear)
[    0.000000] mem auto-init: stack:off, heap alloc:off, heap free:off
[    0.000000] software IO TLB: mapped [mem 0x000000003bfff000-0x000000003ffff000] (64MB)
[    0.000000] Memory: 3761904K/4194304K available (15296K kernel code, 1636K rwdata, 11876K rodata, 2560K init, 507K bss, 170256K reserved, 262144K cma-reserved)
[    0.000000] rcu: Hierarchical RCU implementation.
[    0.000000] rcu: 	RCU event tracing is enabled.
[    0.000000] rcu: 	RCU restricting CPUs from NR_CPUS=8 to nr_cpu_ids=4.
[    0.000000] rcu: RCU calculated value of scheduler-enlistment delay is 25 jiffies.
[    0.000000] rcu: Adjusting geometry for rcu_fanout_leaf=16, nr_cpu_ids=4
[    0.000000] NR_IRQS: 64, nr_irqs: 64, preallocated irqs: 0
[    0.000000] GIC: Adjusting CPU interface base to 0x00000000f902f000
[    0.000000] GIC: Using split EOI/Deactivate mode
[    0.000000] random: get_random_bytes called from start_kernel+0x31c/0x54c with crng_init=0
[    0.000000] arch_timer: cp15 timer(s) running at 100.00MHz (phys).
[    0.000000] clocksource: arch_sys_counter: mask: 0xffffffffffffff max_cycles: 0x171024e7e0, max_idle_ns: 440795205315 ns
[    0.000003] sched_clock: 56 bits at 100MHz, resolution 10ns, wraps every 4398046511100ns
[    0.008465] Console: colour dummy device 80x25
[    0.012482] Calibrating delay loop (skipped), value calculated using timer frequency.. 200.00 BogoMIPS (lpj=400000)
[    0.022841] pid_max: default: 32768 minimum: 301
[    0.027548] Mount-cache hash table entries: 8192 (order: 4, 65536 bytes, linear)
[    0.034788] Mountpoint-cache hash table entries: 8192 (order: 4, 65536 bytes, linear)
[    0.043396] rcu: Hierarchical SRCU implementation.
[    0.047562] EFI services will not be available.
[    0.051937] smp: Bringing up secondary CPUs ...
[    0.056655] Detected VIPT I-cache on CPU1
[    0.056693] CPU1: Booted secondary processor 0x0000000001 [0x410fd034]
[    0.057058] Detected VIPT I-cache on CPU2
[    0.057082] CPU2: Booted secondary processor 0x0000000002 [0x410fd034]
[    0.057420] Detected VIPT I-cache on CPU3
[    0.057443] CPU3: Booted secondary processor 0x0000000003 [0x410fd034]
[    0.057489] smp: Brought up 1 node, 4 CPUs
[    0.091779] SMP: Total of 4 processors activated.
[    0.096452] CPU features: detected: 32-bit EL0 Support
[    0.101555] CPU features: detected: CRC32 instructions
[    0.106695] CPU: All CPU(s) started at EL2
[    0.110736] alternatives: patching kernel code
[    0.116168] devtmpfs: initialized
[    0.124074] Registered cp15_barrier emulation handler
[    0.124125] Registered setend emulation handler
[    0.128100] clocksource: jiffies: mask: 0xffffffff max_cycles: 0xffffffff, max_idle_ns: 7645041785100000 ns
[    0.137678] futex hash table entries: 1024 (order: 4, 65536 bytes, linear)
[    0.151041] pinctrl core: initialized pinctrl subsystem
[    0.151682] NET: Registered protocol family 16
[    0.156111] DMA: preallocated 512 KiB GFP_KERNEL pool for atomic allocations
[    0.162124] DMA: preallocated 512 KiB GFP_KERNEL|GFP_DMA pool for atomic allocations
[    0.169851] DMA: preallocated 512 KiB GFP_KERNEL|GFP_DMA32 pool for atomic allocations
[    0.177654] audit: initializing netlink subsys (disabled)
[    0.183104] audit: type=2000 audit(0.116:1): state=initialized audit_enabled=0 res=1
[    0.183448] hw-breakpoint: found 6 breakpoint and 4 watchpoint registers.
[    0.197480] ASID allocator initialised with 65536 entries
[    0.224321] HugeTLB registered 1.00 GiB page size, pre-allocated 0 pages
[    0.225377] HugeTLB registered 32.0 MiB page size, pre-allocated 0 pages
[    0.232047] HugeTLB registered 2.00 MiB page size, pre-allocated 0 pages
[    0.238709] HugeTLB registered 64.0 KiB page size, pre-allocated 0 pages
[    1.304280] DRBG: Continuing without Jitter RNG
[    1.382108] raid6: neonx8   gen()  2144 MB/s
[    1.450149] raid6: neonx8   xor()  1600 MB/s
[    1.518206] raid6: neonx4   gen()  2193 MB/s
[    1.586260] raid6: neonx4   xor()  1568 MB/s
[    1.654325] raid6: neonx2   gen()  2075 MB/s
[    1.722372] raid6: neonx2   xor()  1439 MB/s
[    1.790444] raid6: neonx1   gen()  1772 MB/s
[    1.858485] raid6: neonx1   xor()  1220 MB/s
[    1.926540] raid6: int64x8  gen()  1438 MB/s
[    1.994600] raid6: int64x8  xor()   771 MB/s
[    2.062672] raid6: int64x4  gen()  1598 MB/s
[    2.130717] raid6: int64x4  xor()   818 MB/s
[    2.198785] raid6: int64x2  gen()  1397 MB/s
[    2.266837] raid6: int64x2  xor()   750 MB/s
[    2.334927] raid6: int64x1  gen()  1034 MB/s
[    2.402975] raid6: int64x1  xor()   517 MB/s
[    2.403013] raid6: using algorithm neonx4 gen() 2193 MB/s
[    2.406969] raid6: .... xor() 1568 MB/s, rmw enabled
[    2.411900] raid6: using neon recovery algorithm
[    2.416913] iommu: Default domain type: Translated 
[    2.421527] SCSI subsystem initialized
[    2.425069] libata version 3.00 loaded.
[    2.425193] usbcore: registered new interface driver usbfs
[    2.430526] usbcore: registered new interface driver hub
[    2.435799] usbcore: registered new device driver usb
[    2.440934] mc: Linux media interface: v0.10
[    2.445047] videodev: Linux video capture interface: v2.00
[    2.450540] EDAC MC: Ver: 3.0.0
[    2.453981] zynqmp-ipi-mbox mailbox@ff990400: Registered ZynqMP IPI mbox with TX/RX channels.
[    2.462486] jesd204: created con: id=0, topo=0, link=0, /axi/spi@ff050000/hmc7044@0 <-> /fpga-axi@0/axi-adxcvr-tx@84b60000
[    2.473069] jesd204: created con: id=1, topo=0, link=2, /axi/spi@ff050000/hmc7044@0 <-> /fpga-axi@0/axi-adxcvr-rx@84a60000
[    2.484052] jesd204: created con: id=2, topo=0, link=0, /fpga-axi@0/axi-adxcvr-tx@84b60000 <-> /fpga-axi@0/axi-jesd204-tx@84b90000
[    2.495728] jesd204: created con: id=3, topo=0, link=2, /fpga-axi@0/axi-adxcvr-rx@84a60000 <-> /fpga-axi@0/axi-jesd204-rx@84a90000
[    2.507405] jesd204: created con: id=4, topo=0, link=0, /fpga-axi@0/axi-jesd204-tx@84b90000 <-> /fpga-axi@0/axi-ad9081-tx-hpc@84b10000
[    2.519433] jesd204: created con: id=5, topo=0, link=2, /fpga-axi@0/axi-jesd204-rx@84a90000 <-> /fpga-axi@0/axi-ad9081-rx-hpc@84a10000
[    2.531455] jesd204: created con: id=6, topo=0, link=2, /fpga-axi@0/axi-ad9081-rx-hpc@84a10000 <-> /axi/spi@ff040000/ad9081@0
[    2.542697] jesd204: created con: id=7, topo=0, link=0, /fpga-axi@0/axi-ad9081-tx-hpc@84b10000 <-> /axi/spi@ff040000/ad9081@0
[    2.553947] jesd204: /axi/spi@ff040000/ad9081@0: JESD204[2] transition uninitialized -> initialized
[    2.562934] jesd204: /axi/spi@ff040000/ad9081@0: JESD204[0] transition uninitialized -> initialized
[    2.571925] jesd204: found 8 devices and 1 topologies
[    2.576969] FPGA manager framework
[    2.580447] Advanced Linux Sound Architecture Driver Initialized.
[    2.586743] Bluetooth: Core ver 2.22
[    2.589928] NET: Registered protocol family 31
[    2.594329] Bluetooth: HCI device and connection manager initialized
[    2.600646] Bluetooth: HCI socket layer initialized
[    2.605488] Bluetooth: L2CAP socket layer initialized
[    2.610511] Bluetooth: SCO socket layer initialized
[    2.615697] clocksource: Switched to clocksource arch_sys_counter
[    2.621503] VFS: Disk quotas dquot_6.6.0
[    2.625339] VFS: Dquot-cache hash table entries: 512 (order 0, 4096 bytes)
[    2.636058] NET: Registered protocol family 2
[    2.636784] tcp_listen_portaddr_hash hash table entries: 2048 (order: 3, 32768 bytes, linear)
[    2.644979] TCP established hash table entries: 32768 (order: 6, 262144 bytes, linear)
[    2.653004] TCP bind hash table entries: 32768 (order: 7, 524288 bytes, linear)
[    2.660451] TCP: Hash tables configured (established 32768 bind 32768)
[    2.666622] UDP hash table entries: 2048 (order: 4, 65536 bytes, linear)
[    2.673290] UDP-Lite hash table entries: 2048 (order: 4, 65536 bytes, linear)
[    2.680450] NET: Registered protocol family 1
[    2.684907] RPC: Registered named UNIX socket transport module.
[    2.690527] RPC: Registered udp transport module.
[    2.695191] RPC: Registered tcp transport module.
[    2.699861] RPC: Registered tcp NFSv4.1 backchannel transport module.
[    2.706853] PCI: CLS 0 bytes, default 64
[    2.710558] hw perfevents: no interrupt-affinity property for /pmu, guessing.
[    2.717411] hw perfevents: enabled with armv8_pmuv3 PMU driver, 7 counters available
[    2.725769] Initialise system trusted keyrings
[    2.729441] workingset: timestamp_bits=62 max_order=20 bucket_order=0
[    2.736344] NFS: Registering the id_resolver key type
[    2.740790] Key type id_resolver registered
[    2.744929] Key type id_legacy registered
[    2.748919] nfs4filelayout_init: NFSv4 File Layout Driver Registering...
[    2.755584] jffs2: version 2.2. (NAND) (SUMMARY)  Â© 2001-2006 Red Hat, Inc.
[    2.798288] NET: Registered protocol family 38
[    2.798330] xor: measuring software checksum speed
[    2.806020]    8regs           :  2363 MB/sec
[    2.809688]    32regs          :  2799 MB/sec
[    2.814631]    arm64_neon      :  2380 MB/sec
[    2.814821] xor: using function: 32regs (2799 MB/sec)
[    2.819848] Key type asymmetric registered
[    2.823909] Asymmetric key parser 'x509' registered
[    2.828769] Block layer SCSI generic (bsg) driver version 0.4 loaded (major 248)
[    2.836106] io scheduler mq-deadline registered
[    2.840603] io scheduler kyber registered
[    2.870002] Serial: 8250/16550 driver, 4 ports, IRQ sharing disabled
[    2.874639] cacheinfo: Unable to detect cache hierarchy for CPU 0
[    2.880984] brd: module loaded
[    2.885146] loop: module loaded
[    2.885694] Registered mathworks_ip class
[    2.889012] libphy: Fixed MDIO Bus: probed
[    2.891999] tun: Universal TUN/TAP device driver, 1.6
[    2.896050] CAN device driver interface
[    2.900587] usbcore: registered new interface driver asix
[    2.905182] usbcore: registered new interface driver ax88179_178a
[    2.911215] usbcore: registered new interface driver cdc_ether
[    2.917010] usbcore: registered new interface driver net1080
[    2.922636] usbcore: registered new interface driver cdc_subset
[    2.928515] usbcore: registered new interface driver zaurus
[    2.934059] usbcore: registered new interface driver cdc_ncm
[    2.940471] ehci_hcd: USB 2.0 'Enhanced' Host Controller (EHCI) Driver
[    2.946145] ehci-pci: EHCI PCI platform driver
[    2.950944] usbcore: registered new interface driver uas
[    2.955860] usbcore: registered new interface driver usb-storage
[    2.961848] usbcore: registered new interface driver usbserial_generic
[    2.968299] usbserial: USB Serial support registered for generic
[    2.974273] usbcore: registered new interface driver ftdi_sio
[    2.979975] usbserial: USB Serial support registered for FTDI USB Serial Device
[    2.987252] usbcore: registered new interface driver upd78f0730
[    2.993123] usbserial: USB Serial support registered for upd78f0730
[    3.000781] rtc_zynqmp ffa60000.rtc: registered as rtc0
[    3.004549] rtc_zynqmp ffa60000.rtc: setting system clock to 2022-04-12T20:31:09 UTC (1649795469)
[    3.013411] i2c /dev entries driver
[    3.018724] usbcore: registered new interface driver uvcvideo
[    3.022524] USB Video Class driver (1.1.1)
[    3.028108] Bluetooth: HCI UART driver ver 2.3
[    3.030995] Bluetooth: HCI UART protocol H4 registered
[    3.036104] Bluetooth: HCI UART protocol BCSP registered
[    3.041393] Bluetooth: HCI UART protocol LL registered
[    3.046482] Bluetooth: HCI UART protocol ATH3K registered
[    3.051856] Bluetooth: HCI UART protocol Three-wire (H5) registered
[    3.058111] Bluetooth: HCI UART protocol Intel registered
[    3.063448] Bluetooth: HCI UART protocol QCA registered
[    3.068651] usbcore: registered new interface driver bcm203x
[    3.074272] usbcore: registered new interface driver bpa10x
[    3.079807] usbcore: registered new interface driver bfusb
[    3.085258] usbcore: registered new interface driver btusb
[    3.090720] usbcore: registered new interface driver ath3k
[    3.096204] EDAC MC: ECC not enabled
[    3.099829] EDAC DEVICE0: Giving out device to module zynqmp-ocm-edac controller zynqmp_ocm: DEV ff960000.memory-controller (INTERRUPT)
[    3.112143] sdhci: Secure Digital Host Controller Interface driver
[    3.117931] sdhci: Copyright(c) Pierre Ossman
[    3.122257] sdhci-pltfm: SDHCI platform and OF driver helper
[    3.128308] ledtrig-cpu: registered to indicate activity on CPUs
[    3.133861] SMCCC: SOC_ID: ARCH_SOC_ID not implemented, skipping ....
[    3.140293] zynqmp_firmware_probe Platform Management API v1.1
[    3.146047] zynqmp_firmware_probe Trustzone version v1.0
[    3.185601] zynqmp-pinctrl firmware:zynqmp-firmware:pinctrl: zynqmp pinctrl initialized
[    3.233587] zynqmp-aes firmware:zynqmp-firmware:zynqmp-aes: will run requests pump with realtime priority
[    3.249411] alg: No test for xilinx-keccak-384 (zynqmp-keccak-384)
[    3.250119] alg: No test for xilinx-zynqmp-rsa (zynqmp-rsa)
[    3.255636] usbcore: registered new interface driver usbhid
[    3.261022] usbhid: USB HID core driver
[    3.272259] axi_sysid 85000000.axi-sysid-0: AXI System ID core version (1.01.a) found
[    3.274612] axi_sysid 85000000.axi-sysid-0: [ad9081_fmca_ebz] on [zcu102] git branch <master> git <084d44c9780640ca93fd847b1d9ec70dd65f5c67> clean [2022-03-18 04:17:50] UTC
[    3.290298] fpga_manager fpga0: Xilinx ZynqMP FPGA Manager registered
[    3.296664] usbcore: registered new interface driver snd-usb-audio
[    3.304100] pktgen: Packet Generator for packet performance testing. Version: 2.75
[    3.310276] Initializing XFRM netlink socket
[    3.314146] NET: Registered protocol family 10
[    3.318857] Segment Routing with IPv6
[    3.322239] sit: IPv6, IPv4 and MPLS over IPv4 tunneling driver
[    3.328308] NET: Registered protocol family 17
[    3.332411] NET: Registered protocol family 15
[    3.336908] can: controller area network core
[    3.341163] NET: Registered protocol family 29
[    3.345552] can: raw protocol
[    3.348489] can: broadcast manager protocol
[    3.352645] can: netlink gateway - max_hops=1
[    3.357037] Bluetooth: RFCOMM TTY layer initialized
[    3.361818] Bluetooth: RFCOMM socket layer initialized
[    3.366927] Bluetooth: RFCOMM ver 1.11
[    3.370636] Bluetooth: BNEP (Ethernet Emulation) ver 1.3
[    3.375912] Bluetooth: BNEP filters: protocol multicast
[    3.381102] Bluetooth: BNEP socket layer initialized
[    3.386029] Bluetooth: HIDP (Human Interface Emulation) ver 1.2
[    3.391913] Bluetooth: HIDP socket layer initialized
[    3.396966] 9pnet: Installing 9P2000 support
[    3.401091] NET: Registered protocol family 36
[    3.405506] Key type dns_resolver registered
[    3.409941] registered taskstats version 1
[    3.413803] Loading compiled-in X.509 certificates
[    3.418915] Btrfs loaded, crc32c=crc32c-generic
[    3.431312] ff000000.serial: ttyPS0 at MMIO 0xff000000 (irq = 49, base_baud = 6249999) is a xuartps
[    3.440337] printk: console [ttyPS0] enabled
[    3.444632] printk: bootconsole [cdns0] disabled
[    3.454262] ff010000.serial: ttyPS1 at MMIO 0xff010000 (irq = 50, base_baud = 6249999) is a xuartps
[    3.467492] of-fpga-region fpga-full: FPGA Region probed
[    3.474455] nwl-pcie fd0e0000.pcie: host bridge /axi/pcie@fd0e0000 ranges:
[    3.481353] nwl-pcie fd0e0000.pcie:      MEM 0x00e0000000..0x00efffffff -> 0x00e0000000
[    3.489355] nwl-pcie fd0e0000.pcie:      MEM 0x0600000000..0x07ffffffff -> 0x0600000000
[    3.497417] nwl-pcie fd0e0000.pcie: Link is DOWN
[    3.502181] nwl-pcie fd0e0000.pcie: PCI host bridge to bus 0000:00
[    3.508361] pci_bus 0000:00: root bus resource [bus 00-ff]
[    3.513842] pci_bus 0000:00: root bus resource [mem 0xe0000000-0xefffffff]
[    3.520713] pci_bus 0000:00: root bus resource [mem 0x600000000-0x7ffffffff pref]
[    3.528216] pci 0000:00:00.0: [10ee:d021] type 01 class 0x060400
[    3.534272] pci 0000:00:00.0: PME# supported from D0 D1 D2 D3hot
[    3.544720] pci 0000:00:00.0: PCI bridge to [bus 01-0c]
[    3.550699] xilinx-zynqmp-dma fd500000.dma: ZynqMP DMA driver Probe success
[    3.557870] xilinx-zynqmp-dma fd510000.dma: ZynqMP DMA driver Probe success
[    3.565047] xilinx-zynqmp-dma fd520000.dma: ZynqMP DMA driver Probe success
[    3.572220] xilinx-zynqmp-dma fd530000.dma: ZynqMP DMA driver Probe success
[    3.579390] xilinx-zynqmp-dma fd540000.dma: ZynqMP DMA driver Probe success
[    3.586557] xilinx-zynqmp-dma fd550000.dma: ZynqMP DMA driver Probe success
[    3.593729] xilinx-zynqmp-dma fd560000.dma: ZynqMP DMA driver Probe success
[    3.600898] xilinx-zynqmp-dma fd570000.dma: ZynqMP DMA driver Probe success
[    3.608297] xilinx-zynqmp-dpdma fd4c0000.dma-controller: Xilinx DPDMA engine is probed
[    3.616840] ahci-ceva fd0c0000.ahci: supply ahci not found, using dummy regulator
[    3.624381] ahci-ceva fd0c0000.ahci: supply phy not found, using dummy regulator
[    3.711872] hmc7044 spi2.0: PLL1: Acquisition, CLKIN0 @ 122880000 Hz, PFD: 80 kHz - PLL2: Locked @ 2790.000000 MHz
[    3.722588] jesd204: /axi/spi@ff050000/hmc7044@0,jesd204:1,parent=spi2.0: Using as SYSREF provider
[    3.732173] spi-nor spi0.0: SPI-NOR-UniqueID 100000235394732200270025081115266e
[    3.739483] spi-nor spi0.0: found n25q512a, expected m25p80
[    3.745681] spi-nor spi0.0: trying to lock already unlocked area
[    3.751691] spi-nor spi0.0: n25q512a (131072 Kbytes)
[    3.756669] 4 fixed-partitions partitions found on MTD device spi0.0
[    3.763017] Creating 4 MTD partitions on "spi0.0":
[    3.767802] 0x000000000000-0x000000100000 : "qspi-fsbl-uboot"
[    3.774290] 0x000000100000-0x000000600000 : "qspi-linux"
[    3.780250] 0x000000600000-0x000000620000 : "qspi-device-tree"
[    3.786721] 0x000000620000-0x000000c00000 : "qspi-rootfs"
[    3.795186] macb ff0e0000.ethernet: Not enabling partial store and forward
[    3.802702] libphy: MACB_mii_bus: probed
[    3.807771] macb ff0e0000.ethernet eth0: Cadence GEM rev 0x50070106 at 0xff0e0000 irq 30 (00:0a:35:04:8e:1b)
[    3.817981] xilinx-axipmon ffa00000.perf-monitor: Probed Xilinx APM
[    3.824556] xilinx-axipmon fd0b0000.perf-monitor: Probed Xilinx APM
[    3.831073] xilinx-axipmon fd490000.perf-monitor: Probed Xilinx APM
[    3.837612] xilinx-axipmon ffa10000.perf-monitor: Probed Xilinx APM
[    3.847613] pca953x 0-0020: supply vcc not found, using dummy regulator
[    3.854302] pca953x 0-0020: using no AI
[    3.858789] gpio-496 (sel0): hogged as output/low
[    3.863695] gpio-497 (sel1): hogged as output/high
[    3.868685] gpio-498 (sel2): hogged as output/high
[    3.873673] gpio-499 (sel3): hogged as output/high
[    3.878845] pca953x 0-0021: supply vcc not found, using dummy regulator
[    3.885512] pca953x 0-0021: using no AI
[    3.891266] ina2xx 2-0040: power monitor ina226 (Rshunt = 5000 uOhm)
[    3.898291] ina2xx 2-0041: power monitor ina226 (Rshunt = 5000 uOhm)
[    3.905331] ina2xx 2-0042: power monitor ina226 (Rshunt = 5000 uOhm)
[    3.912370] ina2xx 2-0043: power monitor ina226 (Rshunt = 5000 uOhm)
[    3.919398] ina2xx 2-0044: power monitor ina226 (Rshunt = 5000 uOhm)
[    3.926415] ina2xx 2-0045: power monitor ina226 (Rshunt = 5000 uOhm)
[    3.933446] ina2xx 2-0046: power monitor ina226 (Rshunt = 5000 uOhm)
[    3.940521] ina2xx 2-0047: power monitor ina226 (Rshunt = 5000 uOhm)
[    3.947549] ina2xx 2-004a: power monitor ina226 (Rshunt = 5000 uOhm)
[    3.954591] ina2xx 2-004b: power monitor ina226 (Rshunt = 5000 uOhm)
[    3.961001] i2c i2c-0: Added multiplexed i2c bus 2
[    3.966384] random: fast init done
[    3.969858] ina2xx 3-0040: power monitor ina226 (Rshunt = 2000 uOhm)
[    3.976886] ina2xx 3-0041: power monitor ina226 (Rshunt = 5000 uOhm)
[    3.983911] ina2xx 3-0042: power monitor ina226 (Rshunt = 5000 uOhm)
[    3.990944] ina2xx 3-0043: power monitor ina226 (Rshunt = 5000 uOhm)
[    3.997969] ina2xx 3-0044: power monitor ina226 (Rshunt = 5000 uOhm)
[    4.004996] ina2xx 3-0045: power monitor ina226 (Rshunt = 5000 uOhm)
[    4.012027] ina2xx 3-0046: power monitor ina226 (Rshunt = 5000 uOhm)
[    4.019057] ina2xx 3-0047: power monitor ina226 (Rshunt = 5000 uOhm)
[    4.025459] i2c i2c-0: Added multiplexed i2c bus 3
[    4.081625] i2c i2c-0: Added multiplexed i2c bus 4
[    4.086563] i2c i2c-0: Added multiplexed i2c bus 5
[    4.091353] pca954x 0-0075: registered 4 multiplexed busses for I2C mux pca9544
[    4.098703] cdns-i2c ff020000.i2c: 400 kHz mmio ff020000 irq 32
[    4.106440] at24 6-0054: supply vcc not found, using dummy regulator
[    4.113339] at24 6-0054: 1024 byte 24c08 EEPROM, writable, 1 bytes/write
[    4.120091] i2c i2c-1: Added multiplexed i2c bus 6
[    4.126522] si5341 7-0036: Chip: 5341 Grade: 1 Rev: 1
[    4.164222] i2c i2c-1: Added multiplexed i2c bus 7
[    4.171875] si570 8-005d: registered, current frequency 300000000 Hz
[    4.178280] i2c i2c-1: Added multiplexed i2c bus 8
[    4.198058] si570 9-005d: registered, current frequency 148500000 Hz
[    4.204459] i2c i2c-1: Added multiplexed i2c bus 9
[    4.209500] si5324 10-0069: si5328 probed
[    4.276050] si5324 10-0069: si5328 probe successful
[    4.280976] i2c i2c-1: Added multiplexed i2c bus 10
[    4.286004] i2c i2c-1: Added multiplexed i2c bus 11
[    4.291030] i2c i2c-1: Added multiplexed i2c bus 12
[    4.296051] i2c i2c-1: Added multiplexed i2c bus 13
[    4.300931] pca954x 1-0074: registered 8 multiplexed busses for I2C switch pca9548
[    4.309043] at24 14-0050: supply vcc not found, using dummy regulator
[    4.315835] at24 14-0050: 256 byte 24c02 EEPROM, writable, 1 bytes/write
[    4.322583] i2c i2c-1: Added multiplexed i2c bus 14
[    4.327623] i2c i2c-1: Added multiplexed i2c bus 15
[    4.332656] i2c i2c-1: Added multiplexed i2c bus 16
[    4.337694] i2c i2c-1: Added multiplexed i2c bus 17
[    4.342728] i2c i2c-1: Added multiplexed i2c bus 18
[    4.347771] i2c i2c-1: Added multiplexed i2c bus 19
[    4.352812] i2c i2c-1: Added multiplexed i2c bus 20
[    4.357848] i2c i2c-1: Added multiplexed i2c bus 21
[    4.362724] pca954x 1-0075: registered 8 multiplexed busses for I2C switch pca9548
[    4.370333] cdns-i2c ff030000.i2c: 400 kHz mmio ff030000 irq 33
[    4.380070] cdns-wdt fd4d0000.watchdog: Xilinx Watchdog Timer with timeout 60s
[    4.389121] axi_adxcvr 84a60000.axi-adxcvr-rx: adxcvr_enforce_settings: Using QPLL without access, assuming desired Lane rate will be configured by a different instance
[    4.405761] axi_adxcvr 84a60000.axi-adxcvr-rx: AXI-ADXCVR-RX (17.05.a) using QPLL on GTH4 at 0x84A60000. Number of lanes: 4.
[    4.417923] axi_adxcvr 84b60000.axi-adxcvr-tx: AXI-ADXCVR-TX (17.05.a) using QPLL on GTH4 at 0x84B60000. Number of lanes: 4.
[    4.421882] mmc0: SDHCI controller on ff170000.mmc [ff170000.mmc] using ADMA 64-bit
[    4.437071] axi-jesd204-rx 84a90000.axi-jesd204-rx: AXI-JESD204-RX (1.07.a) at 0x84A90000. Encoder 8b10b, width 4/4, lanes 4, jesd204-fsm.
[    4.449907] axi-jesd204-tx 84b90000.axi-jesd204-tx: AXI-JESD204-TX (1.06.a) at 0x84B90000. Encoder 8b10b, width 4/4, lanes 4, jesd204-fsm.
[    4.463417] zynqmp-display fd4a0000.display: vtc bridge property not present
[    4.469462] mmc0: new high speed SDHC card at address 0001
[    4.473061] xilinx-dp-snd-codec fd4a0000.display:zynqmp_dp_snd_codec0: Failed to get required clock freq
[    4.476302] mmcblk0: mmc0:0001 EB1QT 29.8 GiB 
[    4.485425] xilinx-dp-snd-codec: probe of fd4a0000.display:zynqmp_dp_snd_codec0 failed with error -22
[    4.491083]  mmcblk0: p1 p2 p3
[    4.499412] xilinx-dp-snd-pcm zynqmp_dp_snd_pcm0: Xilinx DisplayPort Sound PCM probed
[    4.510272] xilinx-dp-snd-pcm zynqmp_dp_snd_pcm1: Xilinx DisplayPort Sound PCM probed
[    4.518480] OF: graph: no port node found in /axi/display@fd4a0000
[    4.524884] xlnx-drm xlnx-drm.0: bound fd4a0000.display (ops 0xffffffc010fcbdb8)
[    5.611714] zynqmp-display fd4a0000.display: [drm] Cannot find any crtc or sizes
[    5.619332] [drm] Initialized xlnx 1.0.0 20130509 for fd4a0000.display on minor 0
[    5.626820] zynqmp-display fd4a0000.display: ZynqMP DisplayPort Subsystem driver probed
[    5.635134] ahci-ceva fd0c0000.ahci: supply ahci not found, using dummy regulator
[    5.642679] ahci-ceva fd0c0000.ahci: supply phy not found, using dummy regulator
[    5.650133] ahci-ceva fd0c0000.ahci: supply target not found, using dummy regulator
[    5.657970] ahci-ceva fd0c0000.ahci: AHCI 0001.0301 32 slots 2 ports 6 Gbps 0x3 impl platform mode
[    5.666927] ahci-ceva fd0c0000.ahci: flags: 64bit ncq sntf pm clo only pmp fbs pio slum part ccc sds apst 
[    5.677617] scsi host0: ahci-ceva
[    5.681216] scsi host1: ahci-ceva
[    5.684645] ata1: SATA max UDMA/133 mmio [mem 0xfd0c0000-0xfd0c1fff] port 0x100 irq 45
[    5.692558] ata2: SATA max UDMA/133 mmio [mem 0xfd0c0000-0xfd0c1fff] port 0x180 irq 45
[    5.701162] ad9081 spi1.0: supply vdd not found, using dummy regulator
[    6.013922] ata1: SATA link down (SStatus 0 SControl 330)
[    6.019328] ata2: SATA link down (SStatus 0 SControl 330)
[    6.695715] zynqmp-display fd4a0000.display: [drm] Cannot find any crtc or sizes
[    6.853375] ad9081 spi1.0: Invalid param passed., "ref_clk_hz < 100000000ULL" in adi_ad9081_device_clk_config_set(...), line554 in drivers/iio/adc/ad9081/adi_ad9081_device.c
[    7.539026] ad9081 spi1.0: AD9081 Rev. 2 Grade 10 (API 1.2.2) probed
[    7.546224] xhci-hcd xhci-hcd.1.auto: xHCI Host Controller
[    7.551712] xhci-hcd xhci-hcd.1.auto: new USB bus registered, assigned bus number 1
[    7.559459] xhci-hcd xhci-hcd.1.auto: hcc params 0x0238f625 hci version 0x100 quirks 0x0000000002010810
[    7.568872] xhci-hcd xhci-hcd.1.auto: irq 59, io mem 0xfe200000
[    7.574978] usb usb1: New USB device found, idVendor=1d6b, idProduct=0002, bcdDevice= 5.10
[    7.583240] usb usb1: New USB device strings: Mfr=3, Product=2, SerialNumber=1
[    7.590457] usb usb1: Product: xHCI Host Controller
[    7.595326] usb usb1: Manufacturer: Linux 5.10.0-98103-g2aa7ac113716 xhci-hcd
[    7.602455] usb usb1: SerialNumber: xhci-hcd.1.auto
[    7.607625] hub 1-0:1.0: USB hub found
[    7.611386] hub 1-0:1.0: 1 port detected
[    7.615494] xhci-hcd xhci-hcd.1.auto: xHCI Host Controller
[    7.620982] xhci-hcd xhci-hcd.1.auto: new USB bus registered, assigned bus number 2
[    7.628634] xhci-hcd xhci-hcd.1.auto: Host supports USB 3.0 SuperSpeed
[    7.635256] usb usb2: New USB device found, idVendor=1d6b, idProduct=0003, bcdDevice= 5.10
[    7.643520] usb usb2: New USB device strings: Mfr=3, Product=2, SerialNumber=1
[    7.650739] usb usb2: Product: xHCI Host Controller
[    7.655608] usb usb2: Manufacturer: Linux 5.10.0-98103-g2aa7ac113716 xhci-hcd
[    7.662733] usb usb2: SerialNumber: xhci-hcd.1.auto
[    7.667844] hub 2-0:1.0: USB hub found
[    7.671598] hub 2-0:1.0: 1 port detected
[    7.701659] cf_axi_adc 84a10000.axi-ad9081-rx-hpc: ADI AIM (10.01.b) at 0x84A10000 mapped to 0x(____ptrval____), probed ADC AD9081 as MASTER
[    7.732534] cf_axi_dds 84b10000.axi-ad9081-tx-hpc: Analog Devices CF_AXI_DDS_DDS MASTER (9.01.b) at 0x84B10000 mapped to 0x(____ptrval____), probed DDS AD9081
[    7.746733] jesd204: /axi/spi@ff040000/ad9081@0,jesd204:0,parent=spi1.0: JESD204[2] transition initialized -> probed
[    7.757257] jesd204: /axi/spi@ff040000/ad9081@0,jesd204:0,parent=spi1.0: JESD204[0] transition initialized -> probed
[    7.767781] jesd204: /axi/spi@ff040000/ad9081@0,jesd204:0,parent=spi1.0: JESD204[2] transition probed -> idle
[    7.777689] jesd204: /axi/spi@ff040000/ad9081@0,jesd204:0,parent=spi1.0: JESD204[0] transition probed -> idle
[    7.787604] jesd204: /axi/spi@ff040000/ad9081@0,jesd204:0,parent=spi1.0: JESD204[2] transition idle -> device_init
[    7.797947] jesd204: /axi/spi@ff040000/ad9081@0,jesd204:0,parent=spi1.0: JESD204[0] transition idle -> device_init
[    7.808299] jesd204: /axi/spi@ff040000/ad9081@0,jesd204:0,parent=spi1.0: JESD204[2] transition device_init -> link_init
[    7.819077] jesd204: /axi/spi@ff040000/ad9081@0,jesd204:0,parent=spi1.0: JESD204[0] transition device_init -> link_init
[    7.829867] jesd204: /axi/spi@ff040000/ad9081@0,jesd204:0,parent=spi1.0: JESD204[2] transition link_init -> link_supported
[    7.840905] jesd204: /axi/spi@ff040000/ad9081@0,jesd204:0,parent=spi1.0: JESD204[0] transition link_init -> link_supported
[    7.852321] hmc7044 spi2.0: hmc7044_jesd204_link_pre_setup: Link2 forcing continuous SYSREF mode
[    7.861535] jesd204: /axi/spi@ff040000/ad9081@0,jesd204:0,parent=spi1.0: JESD204[2] transition link_supported -> link_pre_setup
[    7.873014] jesd204: /axi/spi@ff040000/ad9081@0,jesd204:0,parent=spi1.0: JESD204[0] transition link_supported -> link_pre_setup
[    7.896785] jesd204: /axi/spi@ff040000/ad9081@0,jesd204:0,parent=spi1.0: JESD204[2] transition link_pre_setup -> clk_sync_stage1
[    7.908355] jesd204: /axi/spi@ff040000/ad9081@0,jesd204:0,parent=spi1.0: JESD204[0] transition link_pre_setup -> clk_sync_stage1
[    7.919923] jesd204: /axi/spi@ff040000/ad9081@0,jesd204:0,parent=spi1.0: JESD204[2] transition clk_sync_stage1 -> clk_sync_stage2
[    7.931567] jesd204: /axi/spi@ff040000/ad9081@0,jesd204:0,parent=spi1.0: JESD204[0] transition clk_sync_stage1 -> clk_sync_stage2
[    7.943219] jesd204: /axi/spi@ff040000/ad9081@0,jesd204:0,parent=spi1.0: JESD204[2] transition clk_sync_stage2 -> clk_sync_stage3
[    7.954864] jesd204: /axi/spi@ff040000/ad9081@0,jesd204:0,parent=spi1.0: JESD204[0] transition clk_sync_stage2 -> clk_sync_stage3
[    7.968597] jesd204: /axi/spi@ff040000/ad9081@0,jesd204:0,parent=spi1.0: JESD204[2] transition clk_sync_stage3 -> link_setup
[    7.979814] jesd204: /axi/spi@ff040000/ad9081@0,jesd204:0,parent=spi1.0: JESD204[0] transition clk_sync_stage3 -> link_setup
[    7.995806] jesd204: /axi/spi@ff040000/ad9081@0,jesd204:0,parent=spi1.0: JESD204[2] transition link_setup -> opt_setup_stage1
[    8.007111] jesd204: /axi/spi@ff040000/ad9081@0,jesd204:0,parent=spi1.0: JESD204[0] transition link_setup -> opt_setup_stage1
[    8.023448] jesd204: /axi/spi@ff040000/ad9081@0,jesd204:0,parent=spi1.0: JESD204[2] transition opt_setup_stage1 -> opt_setup_stage2
[    8.035270] jesd204: /axi/spi@ff040000/ad9081@0,jesd204:0,parent=spi1.0: JESD204[0] transition opt_setup_stage1 -> opt_setup_stage2
[    8.047241] jesd204: /axi/spi@ff040000/ad9081@0,jesd204:0,parent=spi1.0: JESD204[2] transition opt_setup_stage2 -> opt_setup_stage3
[    8.059061] jesd204: /axi/spi@ff040000/ad9081@0,jesd204:0,parent=spi1.0: JESD204[0] transition opt_setup_stage2 -> opt_setup_stage3
[    8.070890] jesd204: /axi/spi@ff040000/ad9081@0,jesd204:0,parent=spi1.0: JESD204[2] transition opt_setup_stage3 -> opt_setup_stage4
[    8.082711] jesd204: /axi/spi@ff040000/ad9081@0,jesd204:0,parent=spi1.0: JESD204[0] transition opt_setup_stage3 -> opt_setup_stage4
[    8.094539] jesd204: /axi/spi@ff040000/ad9081@0,jesd204:0,parent=spi1.0: JESD204[2] transition opt_setup_stage4 -> opt_setup_stage5
[    8.106357] jesd204: /axi/spi@ff040000/ad9081@0,jesd204:0,parent=spi1.0: JESD204[0] transition opt_setup_stage4 -> opt_setup_stage5
[    8.124296] jesd204: /axi/spi@ff040000/ad9081@0,jesd204:0,parent=spi1.0: JESD204[2] transition opt_setup_stage5 -> clocks_enable
[    8.135861] jesd204: /axi/spi@ff040000/ad9081@0,jesd204:0,parent=spi1.0: JESD204[0] transition opt_setup_stage5 -> clocks_enable
[    8.147487] jesd204: /axi/spi@ff040000/ad9081@0,jesd204:0,parent=spi1.0: JESD204[2] transition clocks_enable -> link_enable
[    8.158612] jesd204: /axi/spi@ff040000/ad9081@0,jesd204:0,parent=spi1.0: JESD204[0] transition clocks_enable -> link_enable
[    8.191936] ad9081 spi1.0: JESD RX (JTX) Link2 in DATA, SYNC deasserted, PLL locked, PHASE established, MODE valid
[    8.202539] ad9081 spi1.0: JESD TX (JRX) Link0 0xF lanes in DATA
[    8.208548] jesd204: /axi/spi@ff040000/ad9081@0,jesd204:0,parent=spi1.0: JESD204[2] transition link_enable -> link_running
[    8.219587] jesd204: /axi/spi@ff040000/ad9081@0,jesd204:0,parent=spi1.0: JESD204[0] transition link_enable -> link_running
[    8.230635] jesd204: /axi/spi@ff040000/ad9081@0,jesd204:0,parent=spi1.0: JESD204[2] transition link_running -> opt_post_running_stage
[    8.242633] jesd204: /axi/spi@ff040000/ad9081@0,jesd204:0,parent=spi1.0: JESD204[0] transition link_running -> opt_post_running_stage
[    8.263876] input: gpio-keys as /devices/platform/gpio-keys/input/input0
[    8.270888] of_cfs_init
[    8.273353] of_cfs_init: OK
[    8.276303] cfg80211: Loading compiled-in X.509 certificates for regulatory database
[    8.414438] cfg80211: Loaded X.509 cert 'sforshee: 00b28ddf47aef9cea7'
[    8.420965] clk: Not disabling unused clocks
[    8.425492] ALSA device list:
[    8.428456]   No soundcards found.
[    8.432118] platform regulatory.0: Direct firmware load for regulatory.db failed with error -2
[    8.440729] cfg80211: failed to load regulatory.db
[    8.456085] EXT4-fs (mmcblk0p2): mounted filesystem with ordered data mode. Opts: (null)
[    8.464199] VFS: Mounted root (ext4 filesystem) on device 179:2.
[    8.477377] devtmpfs: mounted
[    8.481192] Freeing unused kernel memory: 2560K
[    8.491752] Run /sbin/init as init process
[    8.495845]   with arguments:
[    8.495847]     /sbin/init
[    8.495849]   with environment:
[    8.495852]     HOME=/
[    8.495854]     TERM=linux
[    9.066073] systemd[1]: systemd 241 running in system mode. (+PAM +AUDIT +SELINUX +IMA +APPARMOR +SMACK +SYSVINIT +UTMP +LIBCRYPTSETUP +GCRYPT +GNUTLS +ACL +XZ +LZ4 +SECCOMP +BLKID +ELFUTILS +KMOD -IDN2 +IDN -PCRE2 default-hierarchy=hybrid)
[    9.087937] systemd[1]: Detected architecture arm64.
[    9.112413] systemd[1]: Set hostname to <analog>.
[    9.294436] systemd[1]: File /lib/systemd/system/systemd-journald.service:12 configures an IP firewall (IPAddressDeny=any), but the local system does not support BPF/cgroup based firewalling.
[    9.311488] systemd[1]: Proceeding WITHOUT firewalling in effect! (This warning is only shown for the first loaded unit using IP firewalling.)
[    9.474920] systemd[1]: /etc/systemd/system/tof-server.service:1: Assignment outside of section. Ignoring.
[    9.484616] systemd[1]: /etc/systemd/system/tof-server.service:2: Assignment outside of section. Ignoring.
[    9.668304] random: systemd: uninitialized urandom read (16 bytes read)
[    9.683074] random: systemd: uninitialized urandom read (16 bytes read)
[    9.690121] systemd[1]: Listening on fsck to fsckd communication Socket.
[    9.711798] random: systemd: uninitialized urandom read (16 bytes read)
[    9.718625] systemd[1]: Listening on udev Kernel Socket.
[    9.739901] systemd[1]: Listening on initctl Compatibility Named Pipe.
[   10.546870] EXT4-fs (mmcblk0p2): re-mounted. Opts: (null)
[   10.651310] systemd-journald[168]: Received request to flush runtime journal from PID 1
[   15.879599] random: crng init done
[   15.879609] random: 7 urandom warning(s) missed due to ratelimiting
[   16.600334] macb ff0e0000.ethernet eth0: PHY [ff0e0000.ethernet-ffffffff:0c] driver [TI DP83867] (irq=POLL)
[   16.600346] macb ff0e0000.ethernet eth0: configuring for phy/rgmii-id link mode
[   16.939792] Adding 102396k swap on /var/swap.  Priority:-2 extents:4 across:9953604k SS
[   19.681374] macb ff0e0000.ethernet eth0: Link is Up - 1Gbps/Full - flow control off
[   19.681403] IPv6: ADDRCONF(NETDEV_CHANGE): eth0: link becomes ready
[   19.691078] broken atomic modeset userspace detected, disabling atomic
[   22.373241] broken atomic modeset userspace detected, disabling atomic
[   25.484560] broken atomic modeset userspace detected, disabling atomic
[   28.118075] broken atomic modeset userspace detected, disabling atomic