[    0.000000] Booting Linux on physical CPU 0x0000000000 [0x410fd034]
[    0.000000] Linux version 5.10.0-98103-g2aa7ac113716 (jenkins@romlxbuild1.adlk.analog.com) (aarch64-xilinx-linux-gcc.real (GCC) 10.2.0, GNU ld (GNU Binutils) 2.35.0.20200730) #5577 SMP Wed Mar 23 07:28:49 GMT 2022
[    0.000000] Machine model: ZynqMP ZCU102 Rev1.0
[    0.000000] earlycon: cdns0 at MMIO 0x00000000ff000000 (options '115200n8')
[    0.000000] printk: bootconsole [cdns0] enabled
[    0.000000] efi: UEFI not found.
[    0.000000] cma: Reserved 256 MiB at 0x0000000070000000
[    0.000000] Zone ranges:
[    0.000000]   DMA      [mem 0x0000000000000000-0x000000003fffffff]
[    0.000000]   DMA32    [mem 0x0000000040000000-0x00000000ffffffff]
[    0.000000]   Normal   [mem 0x0000000100000000-0x000000087fffffff]
[    0.000000] Movable zone start for each node
[    0.000000] Early memory node ranges
[    0.000000]   node   0: [mem 0x0000000000000000-0x000000007fffffff]
[    0.000000]   node   0: [mem 0x0000000800000000-0x000000087fffffff]
[    0.000000] Initmem setup node 0 [mem 0x0000000000000000-0x000000087fffffff]
[    0.000000] On node 0 totalpages: 1048576
[    0.000000]   DMA zone: 3584 pages used for memmap
[    0.000000]   DMA zone: 0 pages reserved
[    0.000000]   DMA zone: 262144 pages, LIFO batch:63
[    0.000000]   DMA32 zone: 3584 pages used for memmap
[    0.000000]   DMA32 zone: 262144 pages, LIFO batch:63
[    0.000000]   Normal zone: 7168 pages used for memmap
[    0.000000]   Normal zone: 524288 pages, LIFO batch:63
[    0.000000] psci: probing for conduit method from DT.
[    0.000000] psci: PSCIv1.1 detected in firmware.
[    0.000000] psci: Using standard PSCI v0.2 function IDs
[    0.000000] psci: MIGRATE_INFO_TYPE not supported.
[    0.000000] psci: SMC Calling Convention v1.2
[    0.000000] percpu: Embedded 22 pages/cpu s49496 r8192 d32424 u90112
[    0.000000] pcpu-alloc: s49496 r8192 d32424 u90112 alloc=22*4096
[    0.000000] pcpu-alloc: [0] 0 [0] 1 [0] 2 [0] 3 
[    0.000000] Detected VIPT I-cache on CPU0
[    0.000000] CPU features: detected: ARM erratum 845719
[    0.000000] Built 1 zonelists, mobility grouping on.  Total pages: 1034240
[    0.000000] Kernel command line: console=ttyPS0,115200 root=/dev/mmcblk0p2 rw earlycon rootfstype=ext4 rootwait clk_ignore_unused cpuidle.off=1 root=/dev/mmcblk0p2 rw rootwait
[    0.000000] Dentry cache hash table entries: 524288 (order: 10, 4194304 bytes, linear)
[    0.000000] Inode-cache hash table entries: 262144 (order: 9, 2097152 bytes, linear)
[    0.000000] mem auto-init: stack:off, heap alloc:off, heap free:off
[    0.000000] software IO TLB: mapped [mem 0x000000003bfff000-0x000000003ffff000] (64MB)
[    0.000000] Memory: 3761904K/4194304K available (15296K kernel code, 1636K rwdata, 11876K rodata, 2560K init, 507K bss, 170256K reserved, 262144K cma-reserved)
[    0.000000] rcu: Hierarchical RCU implementation.
[    0.000000] rcu: 	RCU event tracing is enabled.
[    0.000000] rcu: 	RCU restricting CPUs from NR_CPUS=8 to nr_cpu_ids=4.
[    0.000000] rcu: RCU calculated value of scheduler-enlistment delay is 25 jiffies.
[    0.000000] rcu: Adjusting geometry for rcu_fanout_leaf=16, nr_cpu_ids=4
[    0.000000] NR_IRQS: 64, nr_irqs: 64, preallocated irqs: 0
[    0.000000] GIC: Adjusting CPU interface base to 0x00000000f902f000
[    0.000000] GIC: Using split EOI/Deactivate mode
[    0.000000] random: get_random_bytes called from start_kernel+0x31c/0x54c with crng_init=0
[    0.000000] arch_timer: cp15 timer(s) running at 100.00MHz (phys).
[    0.000000] clocksource: arch_sys_counter: mask: 0xffffffffffffff max_cycles: 0x171024e7e0, max_idle_ns: 440795205315 ns
[    0.000004] sched_clock: 56 bits at 100MHz, resolution 10ns, wraps every 4398046511100ns
[    0.008462] Console: colour dummy device 80x25
[    0.012482] Calibrating delay loop (skipped), value calculated using timer frequency.. 200.00 BogoMIPS (lpj=400000)
[    0.022841] pid_max: default: 32768 minimum: 301
[    0.027549] Mount-cache hash table entries: 8192 (order: 4, 65536 bytes, linear)
[    0.034789] Mountpoint-cache hash table entries: 8192 (order: 4, 65536 bytes, linear)
[    0.043395] rcu: Hierarchical SRCU implementation.
[    0.047560] EFI services will not be available.
[    0.051939] smp: Bringing up secondary CPUs ...
[    0.056655] Detected VIPT I-cache on CPU1
[    0.056693] CPU1: Booted secondary processor 0x0000000001 [0x410fd034]
[    0.057058] Detected VIPT I-cache on CPU2
[    0.057082] CPU2: Booted secondary processor 0x0000000002 [0x410fd034]
[    0.057423] Detected VIPT I-cache on CPU3
[    0.057446] CPU3: Booted secondary processor 0x0000000003 [0x410fd034]
[    0.057492] smp: Brought up 1 node, 4 CPUs
[    0.091780] SMP: Total of 4 processors activated.
[    0.096452] CPU features: detected: 32-bit EL0 Support
[    0.101556] CPU features: detected: CRC32 instructions
[    0.106695] CPU: All CPU(s) started at EL2
[    0.110737] alternatives: patching kernel code
[    0.116169] devtmpfs: initialized
[    0.124067] Registered cp15_barrier emulation handler
[    0.124117] Registered setend emulation handler
[    0.128100] clocksource: jiffies: mask: 0xffffffff max_cycles: 0xffffffff, max_idle_ns: 7645041785100000 ns
[    0.137679] futex hash table entries: 1024 (order: 4, 65536 bytes, linear)
[    0.151040] pinctrl core: initialized pinctrl subsystem
[    0.151687] NET: Registered protocol family 16
[    0.156109] DMA: preallocated 512 KiB GFP_KERNEL pool for atomic allocations
[    0.162124] DMA: preallocated 512 KiB GFP_KERNEL|GFP_DMA pool for atomic allocations
[    0.169851] DMA: preallocated 512 KiB GFP_KERNEL|GFP_DMA32 pool for atomic allocations
[    0.177654] audit: initializing netlink subsys (disabled)
[    0.183104] audit: type=2000 audit(0.116:1): state=initialized audit_enabled=0 res=1
[    0.183450] hw-breakpoint: found 6 breakpoint and 4 watchpoint registers.
[    0.197481] ASID allocator initialised with 65536 entries
[    0.224328] HugeTLB registered 1.00 GiB page size, pre-allocated 0 pages
[    0.225386] HugeTLB registered 32.0 MiB page size, pre-allocated 0 pages
[    0.232057] HugeTLB registered 2.00 MiB page size, pre-allocated 0 pages
[    0.238717] HugeTLB registered 64.0 KiB page size, pre-allocated 0 pages
[    1.304300] DRBG: Continuing without Jitter RNG
[    1.382118] raid6: neonx8   gen()  2145 MB/s
[    1.450165] raid6: neonx8   xor()  1598 MB/s
[    1.518224] raid6: neonx4   gen()  2200 MB/s
[    1.586270] raid6: neonx4   xor()  1568 MB/s
[    1.654332] raid6: neonx2   gen()  2076 MB/s
[    1.722381] raid6: neonx2   xor()  1438 MB/s
[    1.790446] raid6: neonx1   gen()  1772 MB/s
[    1.858494] raid6: neonx1   xor()  1220 MB/s
[    1.926551] raid6: int64x8  gen()  1438 MB/s
[    1.994607] raid6: int64x8  xor()   771 MB/s
[    2.062671] raid6: int64x4  gen()  1599 MB/s
[    2.130727] raid6: int64x4  xor()   819 MB/s
[    2.198795] raid6: int64x2  gen()  1397 MB/s
[    2.266859] raid6: int64x2  xor()   744 MB/s
[    2.334915] raid6: int64x1  gen()  1033 MB/s
[    2.402982] raid6: int64x1  xor()   517 MB/s
[    2.403020] raid6: using algorithm neonx4 gen() 2200 MB/s
[    2.406978] raid6: .... xor() 1568 MB/s, rmw enabled
[    2.411909] raid6: using neon recovery algorithm
[    2.416919] iommu: Default domain type: Translated 
[    2.421534] SCSI subsystem initialized
[    2.425077] libata version 3.00 loaded.
[    2.425202] usbcore: registered new interface driver usbfs
[    2.430535] usbcore: registered new interface driver hub
[    2.435808] usbcore: registered new device driver usb
[    2.440942] mc: Linux media interface: v0.10
[    2.445056] videodev: Linux video capture interface: v2.00
[    2.450548] EDAC MC: Ver: 3.0.0
[    2.453990] zynqmp-ipi-mbox mailbox@ff990400: Registered ZynqMP IPI mbox with TX/RX channels.
[    2.462480] jesd204: created con: id=0, topo=0, link=0, /axi/spi@ff050000/hmc7044@0 <-> /fpga-axi@0/axi-adxcvr-tx@84b60000
[    2.473078] jesd204: created con: id=1, topo=0, link=2, /axi/spi@ff050000/hmc7044@0 <-> /fpga-axi@0/axi-adxcvr-rx@84a60000
[    2.484061] jesd204: created con: id=2, topo=0, link=0, /fpga-axi@0/axi-adxcvr-tx@84b60000 <-> /fpga-axi@0/axi-jesd204-tx@84b90000
[    2.495737] jesd204: created con: id=3, topo=0, link=2, /fpga-axi@0/axi-adxcvr-rx@84a60000 <-> /fpga-axi@0/axi-jesd204-rx@84a90000
[    2.507414] jesd204: created con: id=4, topo=0, link=0, /fpga-axi@0/axi-jesd204-tx@84b90000 <-> /fpga-axi@0/axi-ad9081-tx-hpc@84b10000
[    2.519442] jesd204: created con: id=5, topo=0, link=2, /fpga-axi@0/axi-jesd204-rx@84a90000 <-> /fpga-axi@0/axi-ad9081-rx-hpc@84a10000
[    2.531465] jesd204: created con: id=6, topo=0, link=2, /fpga-axi@0/axi-ad9081-rx-hpc@84a10000 <-> /axi/spi@ff040000/ad9081@0
[    2.542706] jesd204: created con: id=7, topo=0, link=0, /fpga-axi@0/axi-ad9081-tx-hpc@84b10000 <-> /axi/spi@ff040000/ad9081@0
[    2.553956] jesd204: /axi/spi@ff040000/ad9081@0: JESD204[2] transition uninitialized -> initialized
[    2.562943] jesd204: /axi/spi@ff040000/ad9081@0: JESD204[0] transition uninitialized -> initialized
[    2.571934] jesd204: found 8 devices and 1 topologies
[    2.576978] FPGA manager framework
[    2.580457] Advanced Linux Sound Architecture Driver Initialized.
[    2.586752] Bluetooth: Core ver 2.22
[    2.589937] NET: Registered protocol family 31
[    2.594338] Bluetooth: HCI device and connection manager initialized
[    2.600655] Bluetooth: HCI socket layer initialized
[    2.605497] Bluetooth: L2CAP socket layer initialized
[    2.610520] Bluetooth: SCO socket layer initialized
[    2.615703] clocksource: Switched to clocksource arch_sys_counter
[    2.621512] VFS: Disk quotas dquot_6.6.0
[    2.625348] VFS: Dquot-cache hash table entries: 512 (order 0, 4096 bytes)
[    2.636067] NET: Registered protocol family 2
[    2.636795] tcp_listen_portaddr_hash hash table entries: 2048 (order: 3, 32768 bytes, linear)
[    2.644989] TCP established hash table entries: 32768 (order: 6, 262144 bytes, linear)
[    2.653013] TCP bind hash table entries: 32768 (order: 7, 524288 bytes, linear)
[    2.660458] TCP: Hash tables configured (established 32768 bind 32768)
[    2.666632] UDP hash table entries: 2048 (order: 4, 65536 bytes, linear)
[    2.673299] UDP-Lite hash table entries: 2048 (order: 4, 65536 bytes, linear)
[    2.680458] NET: Registered protocol family 1
[    2.684914] RPC: Registered named UNIX socket transport module.
[    2.690535] RPC: Registered udp transport module.
[    2.695200] RPC: Registered tcp transport module.
[    2.699870] RPC: Registered tcp NFSv4.1 backchannel transport module.
[    2.706860] PCI: CLS 0 bytes, default 64
[    2.710567] hw perfevents: no interrupt-affinity property for /pmu, guessing.
[    2.717421] hw perfevents: enabled with armv8_pmuv3 PMU driver, 7 counters available
[    2.725781] Initialise system trusted keyrings
[    2.729448] workingset: timestamp_bits=62 max_order=20 bucket_order=0
[    2.736351] NFS: Registering the id_resolver key type
[    2.740799] Key type id_resolver registered
[    2.744938] Key type id_legacy registered
[    2.748927] nfs4filelayout_init: NFSv4 File Layout Driver Registering...
[    2.755593] jffs2: version 2.2. (NAND) (SUMMARY)  Â© 2001-2006 Red Hat, Inc.
[    2.798298] NET: Registered protocol family 38
[    2.798340] xor: measuring software checksum speed
[    2.806029]    8regs           :  2363 MB/sec
[    2.809698]    32regs          :  2799 MB/sec
[    2.814640]    arm64_neon      :  2380 MB/sec
[    2.814830] xor: using function: 32regs (2799 MB/sec)
[    2.819856] Key type asymmetric registered
[    2.823918] Asymmetric key parser 'x509' registered
[    2.828779] Block layer SCSI generic (bsg) driver version 0.4 loaded (major 248)
[    2.836115] io scheduler mq-deadline registered
[    2.840612] io scheduler kyber registered
[    2.870028] Serial: 8250/16550 driver, 4 ports, IRQ sharing disabled
[    2.874669] cacheinfo: Unable to detect cache hierarchy for CPU 0
[    2.881007] brd: module loaded
[    2.885145] loop: module loaded
[    2.885690] Registered mathworks_ip class
[    2.889041] libphy: Fixed MDIO Bus: probed
[    2.892030] tun: Universal TUN/TAP device driver, 1.6
[    2.896075] CAN device driver interface
[    2.900612] usbcore: registered new interface driver asix
[    2.905208] usbcore: registered new interface driver ax88179_178a
[    2.911241] usbcore: registered new interface driver cdc_ether
[    2.917036] usbcore: registered new interface driver net1080
[    2.922663] usbcore: registered new interface driver cdc_subset
[    2.928542] usbcore: registered new interface driver zaurus
[    2.934086] usbcore: registered new interface driver cdc_ncm
[    2.940496] ehci_hcd: USB 2.0 'Enhanced' Host Controller (EHCI) Driver
[    2.946171] ehci-pci: EHCI PCI platform driver
[    2.950968] usbcore: registered new interface driver uas
[    2.955886] usbcore: registered new interface driver usb-storage
[    2.961874] usbcore: registered new interface driver usbserial_generic
[    2.968325] usbserial: USB Serial support registered for generic
[    2.974299] usbcore: registered new interface driver ftdi_sio
[    2.980002] usbserial: USB Serial support registered for FTDI USB Serial Device
[    2.987278] usbcore: registered new interface driver upd78f0730
[    2.993149] usbserial: USB Serial support registered for upd78f0730
[    3.000808] rtc_zynqmp ffa60000.rtc: registered as rtc0
[    3.004574] rtc_zynqmp ffa60000.rtc: setting system clock to 2022-04-12T19:46:06 UTC (1649792766)
[    3.013437] i2c /dev entries driver
[    3.018751] usbcore: registered new interface driver uvcvideo
[    3.022550] USB Video Class driver (1.1.1)
[    3.028134] Bluetooth: HCI UART driver ver 2.3
[    3.031021] Bluetooth: HCI UART protocol H4 registered
[    3.036131] Bluetooth: HCI UART protocol BCSP registered
[    3.041419] Bluetooth: HCI UART protocol LL registered
[    3.046508] Bluetooth: HCI UART protocol ATH3K registered
[    3.051882] Bluetooth: HCI UART protocol Three-wire (H5) registered
[    3.058138] Bluetooth: HCI UART protocol Intel registered
[    3.063474] Bluetooth: HCI UART protocol QCA registered
[    3.068677] usbcore: registered new interface driver bcm203x
[    3.074298] usbcore: registered new interface driver bpa10x
[    3.079833] usbcore: registered new interface driver bfusb
[    3.085283] usbcore: registered new interface driver btusb
[    3.090746] usbcore: registered new interface driver ath3k
[    3.096230] EDAC MC: ECC not enabled
[    3.099856] EDAC DEVICE0: Giving out device to module zynqmp-ocm-edac controller zynqmp_ocm: DEV ff960000.memory-controller (INTERRUPT)
[    3.112172] sdhci: Secure Digital Host Controller Interface driver
[    3.117957] sdhci: Copyright(c) Pierre Ossman
[    3.122283] sdhci-pltfm: SDHCI platform and OF driver helper
[    3.128331] ledtrig-cpu: registered to indicate activity on CPUs
[    3.133887] SMCCC: SOC_ID: ARCH_SOC_ID not implemented, skipping ....
[    3.140319] zynqmp_firmware_probe Platform Management API v1.1
[    3.146073] zynqmp_firmware_probe Trustzone version v1.0
[    3.185615] zynqmp-pinctrl firmware:zynqmp-firmware:pinctrl: zynqmp pinctrl initialized
[    3.233614] zynqmp-aes firmware:zynqmp-firmware:zynqmp-aes: will run requests pump with realtime priority
[    3.249432] alg: No test for xilinx-keccak-384 (zynqmp-keccak-384)
[    3.250136] alg: No test for xilinx-zynqmp-rsa (zynqmp-rsa)
[    3.255656] usbcore: registered new interface driver usbhid
[    3.261040] usbhid: USB HID core driver
[    3.272275] axi_sysid 85000000.axi-sysid-0: AXI System ID core version (1.01.a) found
[    3.274620] axi_sysid 85000000.axi-sysid-0: [ad9081_fmca_ebz] on [zcu102] git branch <master> git <084d44c9780640ca93fd847b1d9ec70dd65f5c67> clean [2022-03-18 04:17:50] UTC
[    3.290309] fpga_manager fpga0: Xilinx ZynqMP FPGA Manager registered
[    3.296677] usbcore: registered new interface driver snd-usb-audio
[    3.304107] pktgen: Packet Generator for packet performance testing. Version: 2.75
[    3.310289] Initializing XFRM netlink socket
[    3.314154] NET: Registered protocol family 10
[    3.318865] Segment Routing with IPv6
[    3.322253] sit: IPv6, IPv4 and MPLS over IPv4 tunneling driver
[    3.328320] NET: Registered protocol family 17
[    3.332422] NET: Registered protocol family 15
[    3.336919] can: controller area network core
[    3.341175] NET: Registered protocol family 29
[    3.345561] can: raw protocol
[    3.348499] can: broadcast manager protocol
[    3.352652] can: netlink gateway - max_hops=1
[    3.357048] Bluetooth: RFCOMM TTY layer initialized
[    3.361828] Bluetooth: RFCOMM socket layer initialized
[    3.366938] Bluetooth: RFCOMM ver 1.11
[    3.370646] Bluetooth: BNEP (Ethernet Emulation) ver 1.3
[    3.375917] Bluetooth: BNEP filters: protocol multicast
[    3.381111] Bluetooth: BNEP socket layer initialized
[    3.386038] Bluetooth: HIDP (Human Interface Emulation) ver 1.2
[    3.391922] Bluetooth: HIDP socket layer initialized
[    3.396975] 9pnet: Installing 9P2000 support
[    3.401100] NET: Registered protocol family 36
[    3.405515] Key type dns_resolver registered
[    3.409944] registered taskstats version 1
[    3.413812] Loading compiled-in X.509 certificates
[    3.418920] Btrfs loaded, crc32c=crc32c-generic
[    3.431337] ff000000.serial: ttyPS0 at MMIO 0xff000000 (irq = 49, base_baud = 6249999) is a xuartps
[    3.440363] printk: console [ttyPS0] enabled
[    3.444659] printk: bootconsole [cdns0] disabled
[    3.454291] ff010000.serial: ttyPS1 at MMIO 0xff010000 (irq = 50, base_baud = 6249999) is a xuartps
[    3.467520] of-fpga-region fpga-full: FPGA Region probed
[    3.474484] nwl-pcie fd0e0000.pcie: host bridge /axi/pcie@fd0e0000 ranges:
[    3.481380] nwl-pcie fd0e0000.pcie:      MEM 0x00e0000000..0x00efffffff -> 0x00e0000000
[    3.489387] nwl-pcie fd0e0000.pcie:      MEM 0x0600000000..0x07ffffffff -> 0x0600000000
[    3.497451] nwl-pcie fd0e0000.pcie: Link is DOWN
[    3.502208] nwl-pcie fd0e0000.pcie: PCI host bridge to bus 0000:00
[    3.508387] pci_bus 0000:00: root bus resource [bus 00-ff]
[    3.513868] pci_bus 0000:00: root bus resource [mem 0xe0000000-0xefffffff]
[    3.520739] pci_bus 0000:00: root bus resource [mem 0x600000000-0x7ffffffff pref]
[    3.528242] pci 0000:00:00.0: [10ee:d021] type 01 class 0x060400
[    3.534298] pci 0000:00:00.0: PME# supported from D0 D1 D2 D3hot
[    3.544747] pci 0000:00:00.0: PCI bridge to [bus 01-0c]
[    3.550726] xilinx-zynqmp-dma fd500000.dma: ZynqMP DMA driver Probe success
[    3.557904] xilinx-zynqmp-dma fd510000.dma: ZynqMP DMA driver Probe success
[    3.565081] xilinx-zynqmp-dma fd520000.dma: ZynqMP DMA driver Probe success
[    3.572247] xilinx-zynqmp-dma fd530000.dma: ZynqMP DMA driver Probe success
[    3.579415] xilinx-zynqmp-dma fd540000.dma: ZynqMP DMA driver Probe success
[    3.586583] xilinx-zynqmp-dma fd550000.dma: ZynqMP DMA driver Probe success
[    3.593756] xilinx-zynqmp-dma fd560000.dma: ZynqMP DMA driver Probe success
[    3.600923] xilinx-zynqmp-dma fd570000.dma: ZynqMP DMA driver Probe success
[    3.608323] xilinx-zynqmp-dpdma fd4c0000.dma-controller: Xilinx DPDMA engine is probed
[    3.616873] ahci-ceva fd0c0000.ahci: supply ahci not found, using dummy regulator
[    3.624412] ahci-ceva fd0c0000.ahci: supply phy not found, using dummy regulator
[    3.711884] hmc7044 spi2.0: PLL1: Acquisition, CLKIN0 @ 122880000 Hz, PFD: 80 kHz - PLL2: Locked @ 2864.000000 MHz
[    3.722606] jesd204: /axi/spi@ff050000/hmc7044@0,jesd204:1,parent=spi2.0: Using as SYSREF provider
[    3.732189] spi-nor spi0.0: SPI-NOR-UniqueID 100000235394732200270025081115266e
[    3.739501] spi-nor spi0.0: found n25q512a, expected m25p80
[    3.745706] spi-nor spi0.0: trying to lock already unlocked area
[    3.751712] spi-nor spi0.0: n25q512a (131072 Kbytes)
[    3.756696] 4 fixed-partitions partitions found on MTD device spi0.0
[    3.763043] Creating 4 MTD partitions on "spi0.0":
[    3.767829] 0x000000000000-0x000000100000 : "qspi-fsbl-uboot"
[    3.774313] 0x000000100000-0x000000600000 : "qspi-linux"
[    3.780278] 0x000000600000-0x000000620000 : "qspi-device-tree"
[    3.786751] 0x000000620000-0x000000c00000 : "qspi-rootfs"
[    3.795214] macb ff0e0000.ethernet: Not enabling partial store and forward
[    3.802742] libphy: MACB_mii_bus: probed
[    3.807820] macb ff0e0000.ethernet eth0: Cadence GEM rev 0x50070106 at 0xff0e0000 irq 30 (00:0a:35:04:8e:1b)
[    3.818031] xilinx-axipmon ffa00000.perf-monitor: Probed Xilinx APM
[    3.824607] xilinx-axipmon fd0b0000.perf-monitor: Probed Xilinx APM
[    3.831125] xilinx-axipmon fd490000.perf-monitor: Probed Xilinx APM
[    3.837667] xilinx-axipmon ffa10000.perf-monitor: Probed Xilinx APM
[    3.847676] pca953x 0-0020: supply vcc not found, using dummy regulator
[    3.854362] pca953x 0-0020: using no AI
[    3.858854] gpio-496 (sel0): hogged as output/low
[    3.863754] gpio-497 (sel1): hogged as output/high
[    3.868744] gpio-498 (sel2): hogged as output/high
[    3.873733] gpio-499 (sel3): hogged as output/high
[    3.878905] pca953x 0-0021: supply vcc not found, using dummy regulator
[    3.885573] pca953x 0-0021: using no AI
[    3.891323] ina2xx 2-0040: power monitor ina226 (Rshunt = 5000 uOhm)
[    3.898353] ina2xx 2-0041: power monitor ina226 (Rshunt = 5000 uOhm)
[    3.905393] ina2xx 2-0042: power monitor ina226 (Rshunt = 5000 uOhm)
[    3.912425] ina2xx 2-0043: power monitor ina226 (Rshunt = 5000 uOhm)
[    3.919450] ina2xx 2-0044: power monitor ina226 (Rshunt = 5000 uOhm)
[    3.926469] ina2xx 2-0045: power monitor ina226 (Rshunt = 5000 uOhm)
[    3.933498] ina2xx 2-0046: power monitor ina226 (Rshunt = 5000 uOhm)
[    3.940573] ina2xx 2-0047: power monitor ina226 (Rshunt = 5000 uOhm)
[    3.947601] ina2xx 2-004a: power monitor ina226 (Rshunt = 5000 uOhm)
[    3.954642] ina2xx 2-004b: power monitor ina226 (Rshunt = 5000 uOhm)
[    3.961051] i2c i2c-0: Added multiplexed i2c bus 2
[    3.966434] random: fast init done
[    3.969901] ina2xx 3-0040: power monitor ina226 (Rshunt = 2000 uOhm)
[    3.976929] ina2xx 3-0041: power monitor ina226 (Rshunt = 5000 uOhm)
[    3.983955] ina2xx 3-0042: power monitor ina226 (Rshunt = 5000 uOhm)
[    3.990990] ina2xx 3-0043: power monitor ina226 (Rshunt = 5000 uOhm)
[    3.998013] ina2xx 3-0044: power monitor ina226 (Rshunt = 5000 uOhm)
[    4.005040] ina2xx 3-0045: power monitor ina226 (Rshunt = 5000 uOhm)
[    4.012072] ina2xx 3-0046: power monitor ina226 (Rshunt = 5000 uOhm)
[    4.019102] ina2xx 3-0047: power monitor ina226 (Rshunt = 5000 uOhm)
[    4.025502] i2c i2c-0: Added multiplexed i2c bus 3
[    4.081394] i2c i2c-0: Added multiplexed i2c bus 4
[    4.086335] i2c i2c-0: Added multiplexed i2c bus 5
[    4.091127] pca954x 0-0075: registered 4 multiplexed busses for I2C mux pca9544
[    4.098477] cdns-i2c ff020000.i2c: 400 kHz mmio ff020000 irq 32
[    4.106204] at24 6-0054: supply vcc not found, using dummy regulator
[    4.113105] at24 6-0054: 1024 byte 24c08 EEPROM, writable, 1 bytes/write
[    4.119856] i2c i2c-1: Added multiplexed i2c bus 6
[    4.126290] si5341 7-0036: Chip: 5341 Grade: 1 Rev: 1
[    4.163954] i2c i2c-1: Added multiplexed i2c bus 7
[    4.171603] si570 8-005d: registered, current frequency 300000000 Hz
[    4.178002] i2c i2c-1: Added multiplexed i2c bus 8
[    4.197786] si570 9-005d: registered, current frequency 148500000 Hz
[    4.204190] i2c i2c-1: Added multiplexed i2c bus 9
[    4.209228] si5324 10-0069: si5328 probed
[    4.276071] si5324 10-0069: si5328 probe successful
[    4.281002] i2c i2c-1: Added multiplexed i2c bus 10
[    4.286030] i2c i2c-1: Added multiplexed i2c bus 11
[    4.291052] i2c i2c-1: Added multiplexed i2c bus 12
[    4.296076] i2c i2c-1: Added multiplexed i2c bus 13
[    4.300949] pca954x 1-0074: registered 8 multiplexed busses for I2C switch pca9548
[    4.309059] at24 14-0050: supply vcc not found, using dummy regulator
[    4.315846] at24 14-0050: 256 byte 24c02 EEPROM, writable, 1 bytes/write
[    4.322593] i2c i2c-1: Added multiplexed i2c bus 14
[    4.327634] i2c i2c-1: Added multiplexed i2c bus 15
[    4.332665] i2c i2c-1: Added multiplexed i2c bus 16
[    4.337701] i2c i2c-1: Added multiplexed i2c bus 17
[    4.342733] i2c i2c-1: Added multiplexed i2c bus 18
[    4.347779] i2c i2c-1: Added multiplexed i2c bus 19
[    4.352820] i2c i2c-1: Added multiplexed i2c bus 20
[    4.357859] i2c i2c-1: Added multiplexed i2c bus 21
[    4.362732] pca954x 1-0075: registered 8 multiplexed busses for I2C switch pca9548
[    4.370341] cdns-i2c ff030000.i2c: 400 kHz mmio ff030000 irq 33
[    4.380087] cdns-wdt fd4d0000.watchdog: Xilinx Watchdog Timer with timeout 60s
[    4.389135] axi_adxcvr 84a60000.axi-adxcvr-rx: adxcvr_enforce_settings: Using QPLL without access, assuming desired Lane rate will be configured by a different instance
[    4.405778] axi_adxcvr 84a60000.axi-adxcvr-rx: AXI-ADXCVR-RX (17.05.a) using QPLL on GTH4 at 0x84A60000. Number of lanes: 4.
[    4.417938] axi_adxcvr 84b60000.axi-adxcvr-tx: AXI-ADXCVR-TX (17.05.a) using QPLL on GTH4 at 0x84B60000. Number of lanes: 4.
[    4.421882] mmc0: SDHCI controller on ff170000.mmc [ff170000.mmc] using ADMA 64-bit
[    4.437090] axi-jesd204-rx 84a90000.axi-jesd204-rx: AXI-JESD204-RX (1.07.a) at 0x84A90000. Encoder 8b10b, width 4/4, lanes 4, jesd204-fsm.
[    4.449924] axi-jesd204-tx 84b90000.axi-jesd204-tx: AXI-JESD204-TX (1.06.a) at 0x84B90000. Encoder 8b10b, width 4/4, lanes 4, jesd204-fsm.
[    4.463429] zynqmp-display fd4a0000.display: vtc bridge property not present
[    4.469475] mmc0: new high speed SDHC card at address 0001
[    4.473080] xilinx-dp-snd-codec fd4a0000.display:zynqmp_dp_snd_codec0: Failed to get required clock freq
[    4.476317] mmcblk0: mmc0:0001 EB1QT 29.8 GiB 
[    4.485443] xilinx-dp-snd-codec: probe of fd4a0000.display:zynqmp_dp_snd_codec0 failed with error -22
[    4.499428] xilinx-dp-snd-pcm zynqmp_dp_snd_pcm0: Xilinx DisplayPort Sound PCM probed
[    4.499986]  mmcblk0: p1 p2 p3
[    4.507606] xilinx-dp-snd-pcm zynqmp_dp_snd_pcm1: Xilinx DisplayPort Sound PCM probed
[    4.518511] OF: graph: no port node found in /axi/display@fd4a0000
[    4.524919] xlnx-drm xlnx-drm.0: bound fd4a0000.display (ops 0xffffffc010fcbdb8)
[    5.611723] zynqmp-display fd4a0000.display: [drm] Cannot find any crtc or sizes
[    5.619340] [drm] Initialized xlnx 1.0.0 20130509 for fd4a0000.display on minor 0
[    5.626829] zynqmp-display fd4a0000.display: ZynqMP DisplayPort Subsystem driver probed
[    5.635146] ahci-ceva fd0c0000.ahci: supply ahci not found, using dummy regulator
[    5.642688] ahci-ceva fd0c0000.ahci: supply phy not found, using dummy regulator
[    5.650141] ahci-ceva fd0c0000.ahci: supply target not found, using dummy regulator
[    5.657980] ahci-ceva fd0c0000.ahci: AHCI 0001.0301 32 slots 2 ports 6 Gbps 0x3 impl platform mode
[    5.666936] ahci-ceva fd0c0000.ahci: flags: 64bit ncq sntf pm clo only pmp fbs pio slum part ccc sds apst 
[    5.677625] scsi host0: ahci-ceva
[    5.681227] scsi host1: ahci-ceva
[    5.684652] ata1: SATA max UDMA/133 mmio [mem 0xfd0c0000-0xfd0c1fff] port 0x100 irq 45
[    5.692567] ata2: SATA max UDMA/133 mmio [mem 0xfd0c0000-0xfd0c1fff] port 0x180 irq 45
[    5.701168] ad9081 spi1.0: supply vdd not found, using dummy regulator
[    6.013927] ata1: SATA link down (SStatus 0 SControl 330)
[    6.019338] ata2: SATA link down (SStatus 0 SControl 330)
[    6.695726] zynqmp-display fd4a0000.display: [drm] Cannot find any crtc or sizes
[    7.500890] ad9081 spi1.0: AD9081 Rev. 2 Grade 10 (API 1.2.2) probed
[    7.508111] xhci-hcd xhci-hcd.1.auto: xHCI Host Controller
[    7.513607] xhci-hcd xhci-hcd.1.auto: new USB bus registered, assigned bus number 1
[    7.521353] xhci-hcd xhci-hcd.1.auto: hcc params 0x0238f625 hci version 0x100 quirks 0x0000000002010810
[    7.530766] xhci-hcd xhci-hcd.1.auto: irq 59, io mem 0xfe200000
[    7.536873] usb usb1: New USB device found, idVendor=1d6b, idProduct=0002, bcdDevice= 5.10
[    7.545132] usb usb1: New USB device strings: Mfr=3, Product=2, SerialNumber=1
[    7.552350] usb usb1: Product: xHCI Host Controller
[    7.557218] usb usb1: Manufacturer: Linux 5.10.0-98103-g2aa7ac113716 xhci-hcd
[    7.564344] usb usb1: SerialNumber: xhci-hcd.1.auto
[    7.569507] hub 1-0:1.0: USB hub found
[    7.573271] hub 1-0:1.0: 1 port detected
[    7.577372] xhci-hcd xhci-hcd.1.auto: xHCI Host Controller
[    7.582860] xhci-hcd xhci-hcd.1.auto: new USB bus registered, assigned bus number 2
[    7.590514] xhci-hcd xhci-hcd.1.auto: Host supports USB 3.0 SuperSpeed
[    7.597138] usb usb2: New USB device found, idVendor=1d6b, idProduct=0003, bcdDevice= 5.10
[    7.605400] usb usb2: New USB device strings: Mfr=3, Product=2, SerialNumber=1
[    7.612617] usb usb2: Product: xHCI Host Controller
[    7.617485] usb usb2: Manufacturer: Linux 5.10.0-98103-g2aa7ac113716 xhci-hcd
[    7.624610] usb usb2: SerialNumber: xhci-hcd.1.auto
[    7.629719] hub 2-0:1.0: USB hub found
[    7.633483] hub 2-0:1.0: 1 port detected
[    7.663603] cf_axi_adc 84a10000.axi-ad9081-rx-hpc: ADI AIM (10.01.b) at 0x84A10000 mapped to 0x(____ptrval____), probed ADC AD9081 as MASTER
[    7.696546] cf_axi_dds 84b10000.axi-ad9081-tx-hpc: Analog Devices CF_AXI_DDS_DDS MASTER (9.01.b) at 0x84B10000 mapped to 0x(____ptrval____), probed DDS AD9081
[    7.710749] jesd204: /axi/spi@ff040000/ad9081@0,jesd204:0,parent=spi1.0: JESD204[2] transition initialized -> probed
[    7.721271] jesd204: /axi/spi@ff040000/ad9081@0,jesd204:0,parent=spi1.0: JESD204[0] transition initialized -> probed
[    7.731793] jesd204: /axi/spi@ff040000/ad9081@0,jesd204:0,parent=spi1.0: JESD204[2] transition probed -> idle
[    7.741702] jesd204: /axi/spi@ff040000/ad9081@0,jesd204:0,parent=spi1.0: JESD204[0] transition probed -> idle
[    7.751617] jesd204: /axi/spi@ff040000/ad9081@0,jesd204:0,parent=spi1.0: JESD204[2] transition idle -> device_init
[    7.761960] jesd204: /axi/spi@ff040000/ad9081@0,jesd204:0,parent=spi1.0: JESD204[0] transition idle -> device_init
[    7.772311] jesd204: /axi/spi@ff040000/ad9081@0,jesd204:0,parent=spi1.0: JESD204[2] transition device_init -> link_init
[    7.783085] jesd204: /axi/spi@ff040000/ad9081@0,jesd204:0,parent=spi1.0: JESD204[0] transition device_init -> link_init
[    7.793878] jesd204: /axi/spi@ff040000/ad9081@0,jesd204:0,parent=spi1.0: JESD204[2] transition link_init -> link_supported
[    7.804918] jesd204: /axi/spi@ff040000/ad9081@0,jesd204:0,parent=spi1.0: JESD204[0] transition link_init -> link_supported
[    7.816335] hmc7044 spi2.0: hmc7044_jesd204_link_pre_setup: Link2 forcing continuous SYSREF mode
[    7.825542] jesd204: /axi/spi@ff040000/ad9081@0,jesd204:0,parent=spi1.0: JESD204[2] transition link_supported -> link_pre_setup
[    7.837018] jesd204: /axi/spi@ff040000/ad9081@0,jesd204:0,parent=spi1.0: JESD204[0] transition link_supported -> link_pre_setup
[    7.860804] jesd204: /axi/spi@ff040000/ad9081@0,jesd204:0,parent=spi1.0: JESD204[2] transition link_pre_setup -> clk_sync_stage1
[    7.872362] jesd204: /axi/spi@ff040000/ad9081@0,jesd204:0,parent=spi1.0: JESD204[0] transition link_pre_setup -> clk_sync_stage1
[    7.883925] jesd204: /axi/spi@ff040000/ad9081@0,jesd204:0,parent=spi1.0: JESD204[2] transition clk_sync_stage1 -> clk_sync_stage2
[    7.895570] jesd204: /axi/spi@ff040000/ad9081@0,jesd204:0,parent=spi1.0: JESD204[0] transition clk_sync_stage1 -> clk_sync_stage2
[    7.907230] jesd204: /axi/spi@ff040000/ad9081@0,jesd204:0,parent=spi1.0: JESD204[2] transition clk_sync_stage2 -> clk_sync_stage3
[    7.918876] jesd204: /axi/spi@ff040000/ad9081@0,jesd204:0,parent=spi1.0: JESD204[0] transition clk_sync_stage2 -> clk_sync_stage3
[    7.932598] jesd204: /axi/spi@ff040000/ad9081@0,jesd204:0,parent=spi1.0: JESD204[2] transition clk_sync_stage3 -> link_setup
[    7.943818] jesd204: /axi/spi@ff040000/ad9081@0,jesd204:0,parent=spi1.0: JESD204[0] transition clk_sync_stage3 -> link_setup
[    7.959863] jesd204: /axi/spi@ff040000/ad9081@0,jesd204:0,parent=spi1.0: JESD204[2] transition link_setup -> opt_setup_stage1
[    7.971167] jesd204: /axi/spi@ff040000/ad9081@0,jesd204:0,parent=spi1.0: JESD204[0] transition link_setup -> opt_setup_stage1
[    7.987656] jesd204: /axi/spi@ff040000/ad9081@0,jesd204:0,parent=spi1.0: JESD204[2] transition opt_setup_stage1 -> opt_setup_stage2
[    7.999481] jesd204: /axi/spi@ff040000/ad9081@0,jesd204:0,parent=spi1.0: JESD204[0] transition opt_setup_stage1 -> opt_setup_stage2
[    8.011454] jesd204: /axi/spi@ff040000/ad9081@0,jesd204:0,parent=spi1.0: JESD204[2] transition opt_setup_stage2 -> opt_setup_stage3
[    8.023273] jesd204: /axi/spi@ff040000/ad9081@0,jesd204:0,parent=spi1.0: JESD204[0] transition opt_setup_stage2 -> opt_setup_stage3
[    8.035097] jesd204: /axi/spi@ff040000/ad9081@0,jesd204:0,parent=spi1.0: JESD204[2] transition opt_setup_stage3 -> opt_setup_stage4
[    8.046915] jesd204: /axi/spi@ff040000/ad9081@0,jesd204:0,parent=spi1.0: JESD204[0] transition opt_setup_stage3 -> opt_setup_stage4
[    8.058744] jesd204: /axi/spi@ff040000/ad9081@0,jesd204:0,parent=spi1.0: JESD204[2] transition opt_setup_stage4 -> opt_setup_stage5
[    8.070569] jesd204: /axi/spi@ff040000/ad9081@0,jesd204:0,parent=spi1.0: JESD204[0] transition opt_setup_stage4 -> opt_setup_stage5
[    8.098630] jesd204: /axi/spi@ff040000/ad9081@0,jesd204:0,parent=spi1.0: JESD204[2] transition opt_setup_stage5 -> clocks_enable
[    8.110194] jesd204: /axi/spi@ff040000/ad9081@0,jesd204:0,parent=spi1.0: JESD204[0] transition opt_setup_stage5 -> clocks_enable
[    8.121814] jesd204: /axi/spi@ff040000/ad9081@0,jesd204:0,parent=spi1.0: JESD204[2] transition clocks_enable -> link_enable
[    8.132945] jesd204: /axi/spi@ff040000/ad9081@0,jesd204:0,parent=spi1.0: JESD204[0] transition clocks_enable -> link_enable
[    8.275710] axi-jesd204-rx 84a90000.axi-jesd204-rx: axi_jesd204_rx_jesd204_link_running: Link2 status failed (CGS)
[    8.286060] jesd204: /fpga-axi@0/axi-jesd204-rx@84a90000,jesd204:4,parent=84a90000.axi-jesd204-rx: JESD204[2] In link_running got error from cb: -1 (ignoring!)
[    8.395943] ad9081 spi1.0: JESD RX (JTX) Link2 in CGS, SYNC asserted, PLL locked, PHASE established, MODE valid
[    8.406029] jesd204: /axi/spi@ff040000/ad9081@0,jesd204:0,parent=spi1.0: JESD204[2] In link_running got error from cb: -1 (ignoring!)
[    8.418279] ad9081 spi1.0: JESD TX (JRX) Link0 0xF lanes in DATA
[    8.424290] jesd204: /axi/spi@ff040000/ad9081@0,jesd204:0,parent=spi1.0: JESD204[2] transition link_enable -> link_running
[    8.435328] jesd204: /axi/spi@ff040000/ad9081@0,jesd204:0,parent=spi1.0: JESD204[0] transition link_enable -> link_running
[    8.446376] jesd204: /axi/spi@ff040000/ad9081@0,jesd204:0,parent=spi1.0: JESD204[2] transition link_running -> opt_post_running_stage
[    8.458373] jesd204: /axi/spi@ff040000/ad9081@0,jesd204:0,parent=spi1.0: JESD204[0] transition link_running -> opt_post_running_stage
[    8.479593] input: gpio-keys as /devices/platform/gpio-keys/input/input0
[    8.486649] of_cfs_init
[    8.489111] of_cfs_init: OK
[    8.492069] cfg80211: Loading compiled-in X.509 certificates for regulatory database
[    8.630181] cfg80211: Loaded X.509 cert 'sforshee: 00b28ddf47aef9cea7'
[    8.636707] clk: Not disabling unused clocks
[    8.641237] ALSA device list:
[    8.644197]   No soundcards found.
[    8.647862] platform regulatory.0: Direct firmware load for regulatory.db failed with error -2
[    8.656470] cfg80211: failed to load regulatory.db
[    8.671308] EXT4-fs (mmcblk0p2): mounted filesystem with ordered data mode. Opts: (null)
[    8.679424] VFS: Mounted root (ext4 filesystem) on device 179:2.
[    8.692745] devtmpfs: mounted
[    8.696561] Freeing unused kernel memory: 2560K
[    8.707759] Run /sbin/init as init process
[    8.711855]   with arguments:
[    8.711858]     /sbin/init
[    8.711860]   with environment:
[    8.711862]     HOME=/
[    8.711864]     TERM=linux
[    9.292658] systemd[1]: systemd 241 running in system mode. (+PAM +AUDIT +SELINUX +IMA +APPARMOR +SMACK +SYSVINIT +UTMP +LIBCRYPTSETUP +GCRYPT +GNUTLS +ACL +XZ +LZ4 +SECCOMP +BLKID +ELFUTILS +KMOD -IDN2 +IDN -PCRE2 default-hierarchy=hybrid)
[    9.314516] systemd[1]: Detected architecture arm64.
[    9.336440] systemd[1]: Set hostname to <analog>.
[    9.536999] systemd[1]: File /lib/systemd/system/systemd-journald.service:12 configures an IP firewall (IPAddressDeny=any), but the local system does not support BPF/cgroup based firewalling.
[    9.554298] systemd[1]: Proceeding WITHOUT firewalling in effect! (This warning is only shown for the first loaded unit using IP firewalling.)
[    9.719587] systemd[1]: /etc/systemd/system/tof-server.service:1: Assignment outside of section. Ignoring.
[    9.729276] systemd[1]: /etc/systemd/system/tof-server.service:2: Assignment outside of section. Ignoring.
[    9.914714] random: systemd: uninitialized urandom read (16 bytes read)
[    9.929973] random: systemd: uninitialized urandom read (16 bytes read)
[    9.936874] systemd[1]: Listening on Journal Audit Socket.
[    9.959813] random: systemd: uninitialized urandom read (16 bytes read)
[    9.966998] systemd[1]: Created slice system-systemd\x2dfsck.slice.
[    9.987999] systemd[1]: Created slice system-serial\x2dgetty.slice.
[   10.597046] ------------[ cut here ]------------
[   10.597055] Enabling unprepared \xa0\xd9Q\x88\xff\xff\xff`Q\x88\xff\xff\xff
[   10.597099] WARNING: CPU: 0 PID: 113 at drivers/clk/clk.c:1012 clk_core_enable+0xa4/0xc0
[   10.597102] Modules linked in:
[   10.597113] CPU: 0 PID: 113 Comm: kworker/0:1H Not tainted 5.10.0-98103-g2aa7ac113716 #5577
[   10.597116] Hardware name: ZynqMP ZCU102 Rev1.0 (DT)
[   10.597125] Workqueue: kblockd blk_mq_run_work_fn
[   10.597132] pstate: 80000085 (Nzcv daIf -PAN -UAO -TCO BTYPE=--)
[   10.597138] pc : clk_core_enable+0xa4/0xc0
[   10.597143] lr : clk_core_enable+0xa4/0xc0
[   10.597146] sp : ffffffc0125eb2d0
[   10.597149] x29: ffffffc0125eb2d0 x28: ffffff8800330c10 
[   10.597156] x27: ffffff8800330d48 x26: 0000005000000101 
[   10.597162] x25: 0000000271b0ccdc x24: 0000000000000001 
[   10.597169] x23: ffffff88010e9380 x22: ffffff8801083220 
[   10.597175] x21: ffffff8801516000 x20: ffffff8801516008 
[   10.597182] x19: ffffff8801516008 x18: 0000000000000030 
[   10.597188] x17: 0000000000000002 x16: 0000b27cff8563d0 
[   10.597195] x15: ffffffffffff88b0 x14: ffffffc011d3b1a0 
[   10.597201] x13: ffffffc011d3b1c8 x12: 00000000000005f1 
[   10.597208] x11: 00000000000001fb x10: ffffffc011d671c8 
[   10.597214] x9 : 00000000fffff800 x8 : ffffffc011d3b1c8 
[   10.597220] x7 : ffffffc011d671c8 x6 : 0000000000000001 
[   10.597227] x5 : ffffff887f7669e0 x4 : 0000000000000000 
[   10.597233] x3 : 0000000000000027 x2 : 0000000000000023 
[   10.597239] x1 : 3e7f2808ca029100 x0 : 0000000000000000 
[   10.597246] Call trace:
[   10.597252]  clk_core_enable+0xa4/0xc0
[   10.597258]  clk_enable+0x2c/0x60
[   10.597264]  zynqmp_runtime_resume+0x24/0x84
[   10.597270]  pm_generic_runtime_resume+0x30/0x50
[   10.597276]  __genpd_runtime_resume+0x30/0xb0
[   10.597282]  genpd_runtime_resume+0x90/0x250
[   10.597288]  __rpm_callback+0x10c/0x1e0
[   10.597293]  rpm_callback+0x5c/0x84
[   10.597299]  rpm_resume+0x4a4/0x74c
[   10.597304]  __pm_runtime_resume+0x78/0xc4
[   10.597308]  spi_mem_access_start.isra.0+0x30/0x80
[   10.597312]  spi_mem_exec_op+0x3b0/0x424
[   10.597317]  spi_nor_read_sr+0x78/0xe0
[   10.597322]  spi_nor_wait_till_ready_with_timeout+0xb4/0x2f0
[   10.597327]  spi_nor_read+0x188/0x380
[   10.597332]  mtd_read_oob_std+0x78/0x84
[   10.597336]  mtd_read_oob+0x7c/0x134
[   10.597341]  mtd_read+0x48/0x7c
[   10.597347]  mtdblock_readsect+0x6c/0x150
[   10.597352]  mtd_queue_rq+0x2cc/0x5a0
[   10.597357]  blk_mq_dispatch_rq_list+0x110/0x790
[   10.597364]  __blk_mq_do_dispatch_sched+0x200/0x274
[   10.597369]  __blk_mq_sched_dispatch_requests+0x1a8/0x1fc
[   10.597375]  blk_mq_sched_dispatch_requests+0x3c/0x7c
[   10.597380]  __blk_mq_run_hw_queue+0x98/0x100
[   10.597385]  blk_mq_run_work_fn+0x24/0x30
[   10.597390]  process_one_work+0x1d4/0x380
[   10.597394]  worker_thread+0x78/0x4e0
[   10.597400]  kthread+0x124/0x130
[   10.597405]  ret_from_fork+0x10/0x3c
[   10.597408] ---[ end trace dc507870854b4245 ]---
[   10.597416] zynqmp-qspi ff0f0000.spi: Cannot enable APB clock.
[   10.597465] spi_master spi0: Failed to power device: -108
[   10.597475] blk_update_request: I/O error, dev mtdblock0, sector 8 op 0x0:(READ) flags 0x80700 phys_seg 1 prio class 0
[   10.597539] spi_master spi0: Failed to power device: -22
[   10.597546] blk_update_request: I/O error, dev mtdblock0, sector 8 op 0x0:(READ) flags 0x0 phys_seg 8 prio class 0
[   10.597551] Buffer I/O error on dev mtdblock0, logical block 8, async page read
[   10.597560] spi_master spi0: Failed to power device: -22
[   10.597566] blk_update_request: I/O error, dev mtdblock0, sector 9 op 0x0:(READ) flags 0x0 phys_seg 7 prio class 0
[   10.597570] Buffer I/O error on dev mtdblock0, logical block 9, async page read
[   10.597577] spi_master spi0: Failed to power device: -22
[   10.597583] blk_update_request: I/O error, dev mtdblock0, sector 10 op 0x0:(READ) flags 0x0 phys_seg 6 prio class 0
[   10.597587] Buffer I/O error on dev mtdblock0, logical block 10, async page read
[   10.597594] spi_master spi0: Failed to power device: -22
[   10.597599] blk_update_request: I/O error, dev mtdblock0, sector 11 op 0x0:(READ) flags 0x0 phys_seg 5 prio class 0
[   10.597603] Buffer I/O error on dev mtdblock0, logical block 11, async page read
[   10.597610] spi_master spi0: Failed to power device: -22
[   10.597616] blk_update_request: I/O error, dev mtdblock0, sector 12 op 0x0:(READ) flags 0x0 phys_seg 4 prio class 0
[   10.597620] Buffer I/O error on dev mtdblock0, logical block 12, async page read
[   10.597627] spi_master spi0: Failed to power device: -22
[   10.597632] blk_update_request: I/O error, dev mtdblock0, sector 13 op 0x0:(READ) flags 0x0 phys_seg 3 prio class 0
[   10.597636] Buffer I/O error on dev mtdblock0, logical block 13, async page read
[   10.597643] spi_master spi0: Failed to power device: -22
[   10.597648] blk_update_request: I/O error, dev mtdblock0, sector 14 op 0x0:(READ) flags 0x0 phys_seg 2 prio class 0
[   10.597652] Buffer I/O error on dev mtdblock0, logical block 14, async page read
[   10.597659] spi_master spi0: Failed to power device: -22
[   10.597664] blk_update_request: I/O error, dev mtdblock0, sector 15 op 0x0:(READ) flags 0x0 phys_seg 1 prio class 0
[   10.597668] Buffer I/O error on dev mtdblock0, logical block 15, async page read
[   10.597957] spi_master spi0: Failed to power device: -22
[   10.597964] blk_update_request: I/O error, dev mtdblock1, sector 10112 op 0x0:(READ) flags 0x80700 phys_seg 1 prio class 0
[   10.598008] spi_master spi0: Failed to power device: -22
[   10.598014] Buffer I/O error on dev mtdblock1, logical block 10112, async page read
[   10.598022] spi_master spi0: Failed to power device: -22
[   10.598027] Buffer I/O error on dev mtdblock1, logical block 10113, async page read
[   10.598034] spi_master spi0: Failed to power device: -22
[   10.598042] spi_master spi0: Failed to power device: -22
[   10.598049] spi_master spi0: Failed to power device: -22
[   10.598056] spi_master spi0: Failed to power device: -22
[   10.598063] spi_master spi0: Failed to power device: -22
[   10.598070] spi_master spi0: Failed to power device: -22
[   10.598302] spi_master spi0: Failed to power device: -22
[   10.598346] spi_master spi0: Failed to power device: -22
[   10.598355] spi_master spi0: Failed to power device: -22
[   10.598363] spi_master spi0: Failed to power device: -22
[   10.598370] spi_master spi0: Failed to power device: -22
[   10.598377] spi_master spi0: Failed to power device: -22
[   10.598384] spi_master spi0: Failed to power device: -22
[   10.598392] spi_master spi0: Failed to power device: -22
[   10.598398] spi_master spi0: Failed to power device: -22
[   10.598661] spi_master spi0: Failed to power device: -22
[   10.598705] spi_master spi0: Failed to power device: -22
[   10.598714] spi_master spi0: Failed to power device: -22
[   10.598722] spi_master spi0: Failed to power device: -22
[   10.598730] spi_master spi0: Failed to power device: -22
[   10.598737] spi_master spi0: Failed to power device: -22
[   10.598744] spi_master spi0: Failed to power device: -22
[   10.598751] spi_master spi0: Failed to power device: -22
[   10.598758] spi_master spi0: Failed to power device: -22
[   10.725798] EXT4-fs (mmcblk0p2): re-mounted. Opts: (null)
[   10.824725] systemd-journald[156]: Received request to flush runtime journal from PID 1
[   16.733425] macb ff0e0000.ethernet eth0: PHY [ff0e0000.ethernet-ffffffff:0c] driver [TI DP83867] (irq=POLL)
[   16.733438] macb ff0e0000.ethernet eth0: configuring for phy/rgmii-id link mode
[   16.999742] Adding 102396k swap on /var/swap.  Priority:-2 extents:4 across:9953604k SS
[   18.727731] random: crng init done
[   18.727742] random: 7 urandom warning(s) missed due to ratelimiting
[   19.615187] broken atomic modeset userspace detected, disabling atomic
[   19.809353] macb ff0e0000.ethernet eth0: Link is Up - 1Gbps/Full - flow control off
[   19.809378] IPv6: ADDRCONF(NETDEV_CHANGE): eth0: link becomes ready
[   22.280416] broken atomic modeset userspace detected, disabling atomic
[   25.163313] broken atomic modeset userspace detected, disabling atomic
[   27.820881] broken atomic modeset userspace detected, disabling atomic