[    0.000000] Booting Linux on physical CPU 0x0000000000 [0x410fd034]
[    0.000000] Linux version 5.10.0-98103-g2aa7ac113716 (jenkins@romlxbuild1.adlk.analog.com) (aarch64-xilinx-linux-gcc.real (GCC) 10.2.0, GNU ld (GNU Binutils) 2.35.0.20200730) #5577 SMP Wed Mar 23 07:28:49 GMT 2022
[    0.000000] Machine model: ZynqMP ZCU102 Rev1.0
[    0.000000] earlycon: cdns0 at MMIO 0x00000000ff000000 (options '115200n8')
[    0.000000] printk: bootconsole [cdns0] enabled
[    0.000000] efi: UEFI not found.
[    0.000000] cma: Reserved 256 MiB at 0x0000000070000000
[    0.000000] Zone ranges:
[    0.000000]   DMA      [mem 0x0000000000000000-0x000000003fffffff]
[    0.000000]   DMA32    [mem 0x0000000040000000-0x00000000ffffffff]
[    0.000000]   Normal   [mem 0x0000000100000000-0x000000087fffffff]
[    0.000000] Movable zone start for each node
[    0.000000] Early memory node ranges
[    0.000000]   node   0: [mem 0x0000000000000000-0x000000007fffffff]
[    0.000000]   node   0: [mem 0x0000000800000000-0x000000087fffffff]
[    0.000000] Initmem setup node 0 [mem 0x0000000000000000-0x000000087fffffff]
[    0.000000] On node 0 totalpages: 1048576
[    0.000000]   DMA zone: 3584 pages used for memmap
[    0.000000]   DMA zone: 0 pages reserved
[    0.000000]   DMA zone: 262144 pages, LIFO batch:63
[    0.000000]   DMA32 zone: 3584 pages used for memmap
[    0.000000]   DMA32 zone: 262144 pages, LIFO batch:63
[    0.000000]   Normal zone: 7168 pages used for memmap
[    0.000000]   Normal zone: 524288 pages, LIFO batch:63
[    0.000000] psci: probing for conduit method from DT.
[    0.000000] psci: PSCIv1.1 detected in firmware.
[    0.000000] psci: Using standard PSCI v0.2 function IDs
[    0.000000] psci: MIGRATE_INFO_TYPE not supported.
[    0.000000] psci: SMC Calling Convention v1.2
[    0.000000] percpu: Embedded 22 pages/cpu s49496 r8192 d32424 u90112
[    0.000000] pcpu-alloc: s49496 r8192 d32424 u90112 alloc=22*4096
[    0.000000] pcpu-alloc: [0] 0 [0] 1 [0] 2 [0] 3 
[    0.000000] Detected VIPT I-cache on CPU0
[    0.000000] CPU features: detected: ARM erratum 845719
[    0.000000] Built 1 zonelists, mobility grouping on.  Total pages: 1034240
[    0.000000] Kernel command line: console=ttyPS0,115200 root=/dev/mmcblk0p2 rw earlycon rootfstype=ext4 rootwait clk_ignore_unused cpuidle.off=1 root=/dev/mmcblk0p2 rw rootwait
[    0.000000] Dentry cache hash table entries: 524288 (order: 10, 4194304 bytes, linear)
[    0.000000] Inode-cache hash table entries: 262144 (order: 9, 2097152 bytes, linear)
[    0.000000] mem auto-init: stack:off, heap alloc:off, heap free:off
[    0.000000] software IO TLB: mapped [mem 0x000000003bfff000-0x000000003ffff000] (64MB)
[    0.000000] Memory: 3761904K/4194304K available (15296K kernel code, 1636K rwdata, 11876K rodata, 2560K init, 507K bss, 170256K reserved, 262144K cma-reserved)
[    0.000000] rcu: Hierarchical RCU implementation.
[    0.000000] rcu: 	RCU event tracing is enabled.
[    0.000000] rcu: 	RCU restricting CPUs from NR_CPUS=8 to nr_cpu_ids=4.
[    0.000000] rcu: RCU calculated value of scheduler-enlistment delay is 25 jiffies.
[    0.000000] rcu: Adjusting geometry for rcu_fanout_leaf=16, nr_cpu_ids=4
[    0.000000] NR_IRQS: 64, nr_irqs: 64, preallocated irqs: 0
[    0.000000] GIC: Adjusting CPU interface base to 0x00000000f902f000
[    0.000000] GIC: Using split EOI/Deactivate mode
[    0.000000] random: get_random_bytes called from start_kernel+0x31c/0x54c with crng_init=0
[    0.000000] arch_timer: cp15 timer(s) running at 100.00MHz (phys).
[    0.000000] clocksource: arch_sys_counter: mask: 0xffffffffffffff max_cycles: 0x171024e7e0, max_idle_ns: 440795205315 ns
[    0.000003] sched_clock: 56 bits at 100MHz, resolution 10ns, wraps every 4398046511100ns
[    0.008464] Console: colour dummy device 80x25
[    0.012483] Calibrating delay loop (skipped), value calculated using timer frequency.. 200.00 BogoMIPS (lpj=400000)
[    0.022841] pid_max: default: 32768 minimum: 301
[    0.027549] Mount-cache hash table entries: 8192 (order: 4, 65536 bytes, linear)
[    0.034788] Mountpoint-cache hash table entries: 8192 (order: 4, 65536 bytes, linear)
[    0.043394] rcu: Hierarchical SRCU implementation.
[    0.047561] EFI services will not be available.
[    0.051939] smp: Bringing up secondary CPUs ...
[    0.056659] Detected VIPT I-cache on CPU1
[    0.056697] CPU1: Booted secondary processor 0x0000000001 [0x410fd034]
[    0.057062] Detected VIPT I-cache on CPU2
[    0.057086] CPU2: Booted secondary processor 0x0000000002 [0x410fd034]
[    0.057426] Detected VIPT I-cache on CPU3
[    0.057448] CPU3: Booted secondary processor 0x0000000003 [0x410fd034]
[    0.057494] smp: Brought up 1 node, 4 CPUs
[    0.091780] SMP: Total of 4 processors activated.
[    0.096452] CPU features: detected: 32-bit EL0 Support
[    0.101556] CPU features: detected: CRC32 instructions
[    0.106695] CPU: All CPU(s) started at EL2
[    0.110736] alternatives: patching kernel code
[    0.116170] devtmpfs: initialized
[    0.124066] Registered cp15_barrier emulation handler
[    0.124116] Registered setend emulation handler
[    0.128091] clocksource: jiffies: mask: 0xffffffff max_cycles: 0xffffffff, max_idle_ns: 7645041785100000 ns
[    0.137670] futex hash table entries: 1024 (order: 4, 65536 bytes, linear)
[    0.151033] pinctrl core: initialized pinctrl subsystem
[    0.151677] NET: Registered protocol family 16
[    0.156104] DMA: preallocated 512 KiB GFP_KERNEL pool for atomic allocations
[    0.162117] DMA: preallocated 512 KiB GFP_KERNEL|GFP_DMA pool for atomic allocations
[    0.169844] DMA: preallocated 512 KiB GFP_KERNEL|GFP_DMA32 pool for atomic allocations
[    0.177645] audit: initializing netlink subsys (disabled)
[    0.183095] audit: type=2000 audit(0.116:1): state=initialized audit_enabled=0 res=1
[    0.183442] hw-breakpoint: found 6 breakpoint and 4 watchpoint registers.
[    0.197472] ASID allocator initialised with 65536 entries
[    0.224343] HugeTLB registered 1.00 GiB page size, pre-allocated 0 pages
[    0.225394] HugeTLB registered 32.0 MiB page size, pre-allocated 0 pages
[    0.232065] HugeTLB registered 2.00 MiB page size, pre-allocated 0 pages
[    0.238725] HugeTLB registered 64.0 KiB page size, pre-allocated 0 pages
[    1.304324] DRBG: Continuing without Jitter RNG
[    1.382125] raid6: neonx8   gen()  2144 MB/s
[    1.450166] raid6: neonx8   xor()  1595 MB/s
[    1.518227] raid6: neonx4   gen()  2204 MB/s
[    1.586279] raid6: neonx4   xor()  1567 MB/s
[    1.654342] raid6: neonx2   gen()  2075 MB/s
[    1.722392] raid6: neonx2   xor()  1439 MB/s
[    1.790456] raid6: neonx1   gen()  1772 MB/s
[    1.858509] raid6: neonx1   xor()  1220 MB/s
[    1.926562] raid6: int64x8  gen()  1438 MB/s
[    1.994614] raid6: int64x8  xor()   771 MB/s
[    2.062693] raid6: int64x4  gen()  1599 MB/s
[    2.130733] raid6: int64x4  xor()   818 MB/s
[    2.198811] raid6: int64x2  gen()  1397 MB/s
[    2.266852] raid6: int64x2  xor()   750 MB/s
[    2.334935] raid6: int64x1  gen()  1032 MB/s
[    2.402990] raid6: int64x1  xor()   517 MB/s
[    2.403028] raid6: using algorithm neonx4 gen() 2204 MB/s
[    2.406987] raid6: .... xor() 1567 MB/s, rmw enabled
[    2.411918] raid6: using neon recovery algorithm
[    2.416928] iommu: Default domain type: Translated 
[    2.421542] SCSI subsystem initialized
[    2.425087] libata version 3.00 loaded.
[    2.425210] usbcore: registered new interface driver usbfs
[    2.430544] usbcore: registered new interface driver hub
[    2.435817] usbcore: registered new device driver usb
[    2.440951] mc: Linux media interface: v0.10
[    2.445065] videodev: Linux video capture interface: v2.00
[    2.450556] EDAC MC: Ver: 3.0.0
[    2.453999] zynqmp-ipi-mbox mailbox@ff990400: Registered ZynqMP IPI mbox with TX/RX channels.
[    2.462486] jesd204: created con: id=0, topo=0, link=0, /axi/spi@ff050000/hmc7044@0 <-> /fpga-axi@0/axi-adxcvr-tx@84b60000
[    2.473086] jesd204: created con: id=1, topo=0, link=2, /axi/spi@ff050000/hmc7044@0 <-> /fpga-axi@0/axi-adxcvr-rx@84a60000
[    2.484070] jesd204: created con: id=2, topo=0, link=0, /fpga-axi@0/axi-adxcvr-tx@84b60000 <-> /fpga-axi@0/axi-jesd204-tx@84b90000
[    2.495746] jesd204: created con: id=3, topo=0, link=2, /fpga-axi@0/axi-adxcvr-rx@84a60000 <-> /fpga-axi@0/axi-jesd204-rx@84a90000
[    2.507424] jesd204: created con: id=4, topo=0, link=0, /fpga-axi@0/axi-jesd204-tx@84b90000 <-> /fpga-axi@0/axi-ad9081-tx-hpc@84b10000
[    2.519451] jesd204: created con: id=5, topo=0, link=2, /fpga-axi@0/axi-jesd204-rx@84a90000 <-> /fpga-axi@0/axi-ad9081-rx-hpc@84a10000
[    2.531473] jesd204: created con: id=6, topo=0, link=2, /fpga-axi@0/axi-ad9081-rx-hpc@84a10000 <-> /axi/spi@ff040000/ad9081@0
[    2.542715] jesd204: created con: id=7, topo=0, link=0, /fpga-axi@0/axi-ad9081-tx-hpc@84b10000 <-> /axi/spi@ff040000/ad9081@0
[    2.553965] jesd204: /axi/spi@ff040000/ad9081@0: JESD204[2] transition uninitialized -> initialized
[    2.562951] jesd204: /axi/spi@ff040000/ad9081@0: JESD204[0] transition uninitialized -> initialized
[    2.571943] jesd204: found 8 devices and 1 topologies
[    2.576987] FPGA manager framework
[    2.580466] Advanced Linux Sound Architecture Driver Initialized.
[    2.586759] Bluetooth: Core ver 2.22
[    2.589946] NET: Registered protocol family 31
[    2.594347] Bluetooth: HCI device and connection manager initialized
[    2.600664] Bluetooth: HCI socket layer initialized
[    2.605506] Bluetooth: L2CAP socket layer initialized
[    2.610529] Bluetooth: SCO socket layer initialized
[    2.615716] clocksource: Switched to clocksource arch_sys_counter
[    2.621522] VFS: Disk quotas dquot_6.6.0
[    2.625356] VFS: Dquot-cache hash table entries: 512 (order 0, 4096 bytes)
[    2.636073] NET: Registered protocol family 2
[    2.636802] tcp_listen_portaddr_hash hash table entries: 2048 (order: 3, 32768 bytes, linear)
[    2.644997] TCP established hash table entries: 32768 (order: 6, 262144 bytes, linear)
[    2.653022] TCP bind hash table entries: 32768 (order: 7, 524288 bytes, linear)
[    2.660466] TCP: Hash tables configured (established 32768 bind 32768)
[    2.666640] UDP hash table entries: 2048 (order: 4, 65536 bytes, linear)
[    2.673308] UDP-Lite hash table entries: 2048 (order: 4, 65536 bytes, linear)
[    2.680468] NET: Registered protocol family 1
[    2.684923] RPC: Registered named UNIX socket transport module.
[    2.690545] RPC: Registered udp transport module.
[    2.695208] RPC: Registered tcp transport module.
[    2.699878] RPC: Registered tcp NFSv4.1 backchannel transport module.
[    2.706870] PCI: CLS 0 bytes, default 64
[    2.710575] hw perfevents: no interrupt-affinity property for /pmu, guessing.
[    2.717431] hw perfevents: enabled with armv8_pmuv3 PMU driver, 7 counters available
[    2.725782] Initialise system trusted keyrings
[    2.729458] workingset: timestamp_bits=62 max_order=20 bucket_order=0
[    2.736361] NFS: Registering the id_resolver key type
[    2.740807] Key type id_resolver registered
[    2.744947] Key type id_legacy registered
[    2.748936] nfs4filelayout_init: NFSv4 File Layout Driver Registering...
[    2.755603] jffs2: version 2.2. (NAND) (SUMMARY)  Â© 2001-2006 Red Hat, Inc.
[    2.798753] NET: Registered protocol family 38
[    2.798795] xor: measuring software checksum speed
[    2.806488]    8regs           :  2363 MB/sec
[    2.810156]    32regs          :  2799 MB/sec
[    2.815099]    arm64_neon      :  2380 MB/sec
[    2.815289] xor: using function: 32regs (2799 MB/sec)
[    2.820315] Key type asymmetric registered
[    2.824376] Asymmetric key parser 'x509' registered
[    2.829237] Block layer SCSI generic (bsg) driver version 0.4 loaded (major 248)
[    2.836574] io scheduler mq-deadline registered
[    2.841070] io scheduler kyber registered
[    2.870482] Serial: 8250/16550 driver, 4 ports, IRQ sharing disabled
[    2.875127] cacheinfo: Unable to detect cache hierarchy for CPU 0
[    2.881478] brd: module loaded
[    2.885614] loop: module loaded
[    2.886160] Registered mathworks_ip class
[    2.889495] libphy: Fixed MDIO Bus: probed
[    2.892486] tun: Universal TUN/TAP device driver, 1.6
[    2.896535] CAN device driver interface
[    2.901072] usbcore: registered new interface driver asix
[    2.905667] usbcore: registered new interface driver ax88179_178a
[    2.911700] usbcore: registered new interface driver cdc_ether
[    2.917494] usbcore: registered new interface driver net1080
[    2.923121] usbcore: registered new interface driver cdc_subset
[    2.929001] usbcore: registered new interface driver zaurus
[    2.934544] usbcore: registered new interface driver cdc_ncm
[    2.940946] ehci_hcd: USB 2.0 'Enhanced' Host Controller (EHCI) Driver
[    2.946629] ehci-pci: EHCI PCI platform driver
[    2.951428] usbcore: registered new interface driver uas
[    2.956345] usbcore: registered new interface driver usb-storage
[    2.962333] usbcore: registered new interface driver usbserial_generic
[    2.968784] usbserial: USB Serial support registered for generic
[    2.974757] usbcore: registered new interface driver ftdi_sio
[    2.980460] usbserial: USB Serial support registered for FTDI USB Serial Device
[    2.987737] usbcore: registered new interface driver upd78f0730
[    2.993608] usbserial: USB Serial support registered for upd78f0730
[    3.001262] rtc_zynqmp ffa60000.rtc: registered as rtc0
[    3.005032] rtc_zynqmp ffa60000.rtc: setting system clock to 2022-04-12T21:28:21 UTC (1649798901)
[    3.013895] i2c /dev entries driver
[    3.019207] usbcore: registered new interface driver uvcvideo
[    3.023008] USB Video Class driver (1.1.1)
[    3.028591] Bluetooth: HCI UART driver ver 2.3
[    3.031480] Bluetooth: HCI UART protocol H4 registered
[    3.036589] Bluetooth: HCI UART protocol BCSP registered
[    3.041878] Bluetooth: HCI UART protocol LL registered
[    3.046967] Bluetooth: HCI UART protocol ATH3K registered
[    3.052341] Bluetooth: HCI UART protocol Three-wire (H5) registered
[    3.058596] Bluetooth: HCI UART protocol Intel registered
[    3.063935] Bluetooth: HCI UART protocol QCA registered
[    3.069136] usbcore: registered new interface driver bcm203x
[    3.074756] usbcore: registered new interface driver bpa10x
[    3.080292] usbcore: registered new interface driver bfusb
[    3.085742] usbcore: registered new interface driver btusb
[    3.091206] usbcore: registered new interface driver ath3k
[    3.096688] EDAC MC: ECC not enabled
[    3.100313] EDAC DEVICE0: Giving out device to module zynqmp-ocm-edac controller zynqmp_ocm: DEV ff960000.memory-controller (INTERRUPT)
[    3.112629] sdhci: Secure Digital Host Controller Interface driver
[    3.118416] sdhci: Copyright(c) Pierre Ossman
[    3.122741] sdhci-pltfm: SDHCI platform and OF driver helper
[    3.128789] ledtrig-cpu: registered to indicate activity on CPUs
[    3.134346] SMCCC: SOC_ID: ARCH_SOC_ID not implemented, skipping ....
[    3.140773] zynqmp_firmware_probe Platform Management API v1.1
[    3.146532] zynqmp_firmware_probe Trustzone version v1.0
[    3.186066] zynqmp-pinctrl firmware:zynqmp-firmware:pinctrl: zynqmp pinctrl initialized
[    3.234071] zynqmp-aes firmware:zynqmp-firmware:zynqmp-aes: will run requests pump with realtime priority
[    3.249898] alg: No test for xilinx-keccak-384 (zynqmp-keccak-384)
[    3.250603] alg: No test for xilinx-zynqmp-rsa (zynqmp-rsa)
[    3.256116] usbcore: registered new interface driver usbhid
[    3.261507] usbhid: USB HID core driver
[    3.272762] axi_sysid 85000000.axi-sysid-0: AXI System ID core version (1.01.a) found
[    3.275113] axi_sysid 85000000.axi-sysid-0: [ad9081_fmca_ebz] on [zcu102] git branch <master> git <084d44c9780640ca93fd847b1d9ec70dd65f5c67> clean [2022-03-18 04:17:50] UTC
[    3.290799] fpga_manager fpga0: Xilinx ZynqMP FPGA Manager registered
[    3.297158] usbcore: registered new interface driver snd-usb-audio
[    3.304611] pktgen: Packet Generator for packet performance testing. Version: 2.75
[    3.310791] Initializing XFRM netlink socket
[    3.314642] NET: Registered protocol family 10
[    3.319361] Segment Routing with IPv6
[    3.322742] sit: IPv6, IPv4 and MPLS over IPv4 tunneling driver
[    3.328813] NET: Registered protocol family 17
[    3.332915] NET: Registered protocol family 15
[    3.337411] can: controller area network core
[    3.341667] NET: Registered protocol family 29
[    3.346054] can: raw protocol
[    3.348995] can: broadcast manager protocol
[    3.353145] can: netlink gateway - max_hops=1
[    3.357543] Bluetooth: RFCOMM TTY layer initialized
[    3.362320] Bluetooth: RFCOMM socket layer initialized
[    3.367428] Bluetooth: RFCOMM ver 1.11
[    3.371139] Bluetooth: BNEP (Ethernet Emulation) ver 1.3
[    3.376410] Bluetooth: BNEP filters: protocol multicast
[    3.381604] Bluetooth: BNEP socket layer initialized
[    3.386531] Bluetooth: HIDP (Human Interface Emulation) ver 1.2
[    3.392415] Bluetooth: HIDP socket layer initialized
[    3.397471] 9pnet: Installing 9P2000 support
[    3.401592] NET: Registered protocol family 36
[    3.406008] Key type dns_resolver registered
[    3.410437] registered taskstats version 1
[    3.414305] Loading compiled-in X.509 certificates
[    3.419418] Btrfs loaded, crc32c=crc32c-generic
[    3.431845] ff000000.serial: ttyPS0 at MMIO 0xff000000 (irq = 49, base_baud = 6249999) is a xuartps
[    3.440866] printk: console [ttyPS0] enabled
[    3.445161] printk: bootconsole [cdns0] disabled
[    3.454796] ff010000.serial: ttyPS1 at MMIO 0xff010000 (irq = 50, base_baud = 6249999) is a xuartps
[    3.468032] of-fpga-region fpga-full: FPGA Region probed
[    3.474985] nwl-pcie fd0e0000.pcie: host bridge /axi/pcie@fd0e0000 ranges:
[    3.481882] nwl-pcie fd0e0000.pcie:      MEM 0x00e0000000..0x00efffffff -> 0x00e0000000
[    3.489883] nwl-pcie fd0e0000.pcie:      MEM 0x0600000000..0x07ffffffff -> 0x0600000000
[    3.497945] nwl-pcie fd0e0000.pcie: Link is DOWN
[    3.502702] nwl-pcie fd0e0000.pcie: PCI host bridge to bus 0000:00
[    3.508881] pci_bus 0000:00: root bus resource [bus 00-ff]
[    3.514362] pci_bus 0000:00: root bus resource [mem 0xe0000000-0xefffffff]
[    3.521232] pci_bus 0000:00: root bus resource [mem 0x600000000-0x7ffffffff pref]
[    3.528735] pci 0000:00:00.0: [10ee:d021] type 01 class 0x060400
[    3.534792] pci 0000:00:00.0: PME# supported from D0 D1 D2 D3hot
[    3.545237] pci 0000:00:00.0: PCI bridge to [bus 01-0c]
[    3.551208] xilinx-zynqmp-dma fd500000.dma: ZynqMP DMA driver Probe success
[    3.558380] xilinx-zynqmp-dma fd510000.dma: ZynqMP DMA driver Probe success
[    3.565564] xilinx-zynqmp-dma fd520000.dma: ZynqMP DMA driver Probe success
[    3.572733] xilinx-zynqmp-dma fd530000.dma: ZynqMP DMA driver Probe success
[    3.579904] xilinx-zynqmp-dma fd540000.dma: ZynqMP DMA driver Probe success
[    3.587069] xilinx-zynqmp-dma fd550000.dma: ZynqMP DMA driver Probe success
[    3.594240] xilinx-zynqmp-dma fd560000.dma: ZynqMP DMA driver Probe success
[    3.601409] xilinx-zynqmp-dma fd570000.dma: ZynqMP DMA driver Probe success
[    3.608808] xilinx-zynqmp-dpdma fd4c0000.dma-controller: Xilinx DPDMA engine is probed
[    3.617354] ahci-ceva fd0c0000.ahci: supply ahci not found, using dummy regulator
[    3.624894] ahci-ceva fd0c0000.ahci: supply phy not found, using dummy regulator
[    3.715884] hmc7044 spi2.0: PLL1: Acquisition, CLKIN0 @ 122880000 Hz, PFD: 80 kHz - PLL2: Locked @ 2832.000000 MHz
[    3.726605] jesd204: /axi/spi@ff050000/hmc7044@0,jesd204:1,parent=spi2.0: Using as SYSREF provider
[    3.736192] spi-nor spi0.0: SPI-NOR-UniqueID 100000235394732200270025081115266e
[    3.743501] spi-nor spi0.0: found n25q512a, expected m25p80
[    3.749696] spi-nor spi0.0: trying to lock already unlocked area
[    3.755708] spi-nor spi0.0: n25q512a (131072 Kbytes)
[    3.760687] 4 fixed-partitions partitions found on MTD device spi0.0
[    3.767035] Creating 4 MTD partitions on "spi0.0":
[    3.771820] 0x000000000000-0x000000100000 : "qspi-fsbl-uboot"
[    3.778303] 0x000000100000-0x000000600000 : "qspi-linux"
[    3.784260] 0x000000600000-0x000000620000 : "qspi-device-tree"
[    3.790735] 0x000000620000-0x000000c00000 : "qspi-rootfs"
[    3.799198] macb ff0e0000.ethernet: Not enabling partial store and forward
[    3.806723] libphy: MACB_mii_bus: probed
[    3.811788] macb ff0e0000.ethernet eth0: Cadence GEM rev 0x50070106 at 0xff0e0000 irq 30 (00:0a:35:04:8e:1b)
[    3.821994] xilinx-axipmon ffa00000.perf-monitor: Probed Xilinx APM
[    3.828571] xilinx-axipmon fd0b0000.perf-monitor: Probed Xilinx APM
[    3.835090] xilinx-axipmon fd490000.perf-monitor: Probed Xilinx APM
[    3.841630] xilinx-axipmon ffa10000.perf-monitor: Probed Xilinx APM
[    3.851633] pca953x 0-0020: supply vcc not found, using dummy regulator
[    3.858319] pca953x 0-0020: using no AI
[    3.862810] gpio-496 (sel0): hogged as output/low
[    3.867722] gpio-497 (sel1): hogged as output/high
[    3.872707] gpio-498 (sel2): hogged as output/high
[    3.877690] gpio-499 (sel3): hogged as output/high
[    3.882862] pca953x 0-0021: supply vcc not found, using dummy regulator
[    3.889531] pca953x 0-0021: using no AI
[    3.895290] ina2xx 2-0040: power monitor ina226 (Rshunt = 5000 uOhm)
[    3.902318] ina2xx 2-0041: power monitor ina226 (Rshunt = 5000 uOhm)
[    3.909359] ina2xx 2-0042: power monitor ina226 (Rshunt = 5000 uOhm)
[    3.916392] ina2xx 2-0043: power monitor ina226 (Rshunt = 5000 uOhm)
[    3.923416] ina2xx 2-0044: power monitor ina226 (Rshunt = 5000 uOhm)
[    3.930437] ina2xx 2-0045: power monitor ina226 (Rshunt = 5000 uOhm)
[    3.937467] ina2xx 2-0046: power monitor ina226 (Rshunt = 5000 uOhm)
[    3.944539] ina2xx 2-0047: power monitor ina226 (Rshunt = 5000 uOhm)
[    3.951568] ina2xx 2-004a: power monitor ina226 (Rshunt = 5000 uOhm)
[    3.958609] ina2xx 2-004b: power monitor ina226 (Rshunt = 5000 uOhm)
[    3.965018] i2c i2c-0: Added multiplexed i2c bus 2
[    3.970400] random: fast init done
[    3.973867] ina2xx 3-0040: power monitor ina226 (Rshunt = 2000 uOhm)
[    3.980893] ina2xx 3-0041: power monitor ina226 (Rshunt = 5000 uOhm)
[    3.987921] ina2xx 3-0042: power monitor ina226 (Rshunt = 5000 uOhm)
[    3.994955] ina2xx 3-0043: power monitor ina226 (Rshunt = 5000 uOhm)
[    4.001978] ina2xx 3-0044: power monitor ina226 (Rshunt = 5000 uOhm)
[    4.009005] ina2xx 3-0045: power monitor ina226 (Rshunt = 5000 uOhm)
[    4.016038] ina2xx 3-0046: power monitor ina226 (Rshunt = 5000 uOhm)
[    4.023068] ina2xx 3-0047: power monitor ina226 (Rshunt = 5000 uOhm)
[    4.029468] i2c i2c-0: Added multiplexed i2c bus 3
[    4.084793] i2c i2c-0: Added multiplexed i2c bus 4
[    4.089729] i2c i2c-0: Added multiplexed i2c bus 5
[    4.094522] pca954x 0-0075: registered 4 multiplexed busses for I2C mux pca9544
[    4.101870] cdns-i2c ff020000.i2c: 400 kHz mmio ff020000 irq 32
[    4.109598] at24 6-0054: supply vcc not found, using dummy regulator
[    4.116495] at24 6-0054: 1024 byte 24c08 EEPROM, writable, 1 bytes/write
[    4.123247] i2c i2c-1: Added multiplexed i2c bus 6
[    4.129676] si5341 7-0036: Chip: 5341 Grade: 1 Rev: 1
[    4.167352] i2c i2c-1: Added multiplexed i2c bus 7
[    4.175007] si570 8-005d: registered, current frequency 300000000 Hz
[    4.181413] i2c i2c-1: Added multiplexed i2c bus 8
[    4.201209] si570 9-005d: registered, current frequency 148500000 Hz
[    4.207610] i2c i2c-1: Added multiplexed i2c bus 9
[    4.212649] si5324 10-0069: si5328 probed
[    4.280069] si5324 10-0069: si5328 probe successful
[    4.284993] i2c i2c-1: Added multiplexed i2c bus 10
[    4.290021] i2c i2c-1: Added multiplexed i2c bus 11
[    4.295044] i2c i2c-1: Added multiplexed i2c bus 12
[    4.300068] i2c i2c-1: Added multiplexed i2c bus 13
[    4.304949] pca954x 1-0074: registered 8 multiplexed busses for I2C switch pca9548
[    4.313058] at24 14-0050: supply vcc not found, using dummy regulator
[    4.319854] at24 14-0050: 256 byte 24c02 EEPROM, writable, 1 bytes/write
[    4.326600] i2c i2c-1: Added multiplexed i2c bus 14
[    4.331643] i2c i2c-1: Added multiplexed i2c bus 15
[    4.336674] i2c i2c-1: Added multiplexed i2c bus 16
[    4.341711] i2c i2c-1: Added multiplexed i2c bus 17
[    4.346742] i2c i2c-1: Added multiplexed i2c bus 18
[    4.351788] i2c i2c-1: Added multiplexed i2c bus 19
[    4.356830] i2c i2c-1: Added multiplexed i2c bus 20
[    4.361867] i2c i2c-1: Added multiplexed i2c bus 21
[    4.366741] pca954x 1-0075: registered 8 multiplexed busses for I2C switch pca9548
[    4.374350] cdns-i2c ff030000.i2c: 400 kHz mmio ff030000 irq 33
[    4.384094] cdns-wdt fd4d0000.watchdog: Xilinx Watchdog Timer with timeout 60s
[    4.393151] axi_adxcvr 84a60000.axi-adxcvr-rx: adxcvr_enforce_settings: Using QPLL without access, assuming desired Lane rate will be configured by a different instance
[    4.409796] axi_adxcvr 84a60000.axi-adxcvr-rx: AXI-ADXCVR-RX (17.05.a) using QPLL on GTH4 at 0x84A60000. Number of lanes: 4.
[    4.421955] axi_adxcvr 84b60000.axi-adxcvr-tx: AXI-ADXCVR-TX (17.05.a) using QPLL on GTH4 at 0x84B60000. Number of lanes: 4.
[    4.425907] mmc0: SDHCI controller on ff170000.mmc [ff170000.mmc] using ADMA 64-bit
[    4.441109] axi-jesd204-rx 84a90000.axi-jesd204-rx: AXI-JESD204-RX (1.07.a) at 0x84A90000. Encoder 8b10b, width 4/4, lanes 4, jesd204-fsm.
[    4.453951] axi-jesd204-tx 84b90000.axi-jesd204-tx: AXI-JESD204-TX (1.06.a) at 0x84B90000. Encoder 8b10b, width 4/4, lanes 4, jesd204-fsm.
[    4.467454] zynqmp-display fd4a0000.display: vtc bridge property not present
[    4.473480] mmc0: new high speed SDHC card at address 0001
[    4.477105] xilinx-dp-snd-codec fd4a0000.display:zynqmp_dp_snd_codec0: Failed to get required clock freq
[    4.480343] mmcblk0: mmc0:0001 EB1QT 29.8 GiB 
[    4.489469] xilinx-dp-snd-codec: probe of fd4a0000.display:zynqmp_dp_snd_codec0 failed with error -22
[    4.495123]  mmcblk0: p1 p2 p3
[    4.503456] xilinx-dp-snd-pcm zynqmp_dp_snd_pcm0: Xilinx DisplayPort Sound PCM probed
[    4.514316] xilinx-dp-snd-pcm zynqmp_dp_snd_pcm1: Xilinx DisplayPort Sound PCM probed
[    4.522523] OF: graph: no port node found in /axi/display@fd4a0000
[    4.528930] xlnx-drm xlnx-drm.0: bound fd4a0000.display (ops 0xffffffc010fcbdb8)
[    5.615731] zynqmp-display fd4a0000.display: [drm] Cannot find any crtc or sizes
[    5.623350] [drm] Initialized xlnx 1.0.0 20130509 for fd4a0000.display on minor 0
[    5.630838] zynqmp-display fd4a0000.display: ZynqMP DisplayPort Subsystem driver probed
[    5.639149] ahci-ceva fd0c0000.ahci: supply ahci not found, using dummy regulator
[    5.646696] ahci-ceva fd0c0000.ahci: supply phy not found, using dummy regulator
[    5.654151] ahci-ceva fd0c0000.ahci: supply target not found, using dummy regulator
[    5.661988] ahci-ceva fd0c0000.ahci: AHCI 0001.0301 32 slots 2 ports 6 Gbps 0x3 impl platform mode
[    5.670945] ahci-ceva fd0c0000.ahci: flags: 64bit ncq sntf pm clo only pmp fbs pio slum part ccc sds apst 
[    5.681639] scsi host0: ahci-ceva
[    5.685244] scsi host1: ahci-ceva
[    5.688671] ata1: SATA max UDMA/133 mmio [mem 0xfd0c0000-0xfd0c1fff] port 0x100 irq 45
[    5.696590] ata2: SATA max UDMA/133 mmio [mem 0xfd0c0000-0xfd0c1fff] port 0x180 irq 45
[    5.705196] ad9081 spi1.0: supply vdd not found, using dummy regulator
[    6.017965] ata1: SATA link down (SStatus 0 SControl 330)
[    6.023379] ata2: SATA link down (SStatus 0 SControl 330)
[    6.699733] zynqmp-display fd4a0000.display: [drm] Cannot find any crtc or sizes
[    7.496575] ad9081 spi1.0: AD9081 Rev. 2 Grade 10 (API 1.2.2) probed
[    7.503790] xhci-hcd xhci-hcd.1.auto: xHCI Host Controller
[    7.509282] xhci-hcd xhci-hcd.1.auto: new USB bus registered, assigned bus number 1
[    7.517029] xhci-hcd xhci-hcd.1.auto: hcc params 0x0238f625 hci version 0x100 quirks 0x0000000002010810
[    7.526443] xhci-hcd xhci-hcd.1.auto: irq 59, io mem 0xfe200000
[    7.532551] usb usb1: New USB device found, idVendor=1d6b, idProduct=0002, bcdDevice= 5.10
[    7.540808] usb usb1: New USB device strings: Mfr=3, Product=2, SerialNumber=1
[    7.548026] usb usb1: Product: xHCI Host Controller
[    7.552896] usb usb1: Manufacturer: Linux 5.10.0-98103-g2aa7ac113716 xhci-hcd
[    7.560022] usb usb1: SerialNumber: xhci-hcd.1.auto
[    7.565188] hub 1-0:1.0: USB hub found
[    7.568949] hub 1-0:1.0: 1 port detected
[    7.573054] xhci-hcd xhci-hcd.1.auto: xHCI Host Controller
[    7.578544] xhci-hcd xhci-hcd.1.auto: new USB bus registered, assigned bus number 2
[    7.586198] xhci-hcd xhci-hcd.1.auto: Host supports USB 3.0 SuperSpeed
[    7.592825] usb usb2: New USB device found, idVendor=1d6b, idProduct=0003, bcdDevice= 5.10
[    7.601082] usb usb2: New USB device strings: Mfr=3, Product=2, SerialNumber=1
[    7.608305] usb usb2: Product: xHCI Host Controller
[    7.613179] usb usb2: Manufacturer: Linux 5.10.0-98103-g2aa7ac113716 xhci-hcd
[    7.620304] usb usb2: SerialNumber: xhci-hcd.1.auto
[    7.625411] hub 2-0:1.0: USB hub found
[    7.629175] hub 2-0:1.0: 1 port detected
[    7.659247] cf_axi_adc 84a10000.axi-ad9081-rx-hpc: ADI AIM (10.01.b) at 0x84A10000 mapped to 0x(____ptrval____), probed ADC AD9081 as MASTER
[    7.692554] cf_axi_dds 84b10000.axi-ad9081-tx-hpc: Analog Devices CF_AXI_DDS_DDS MASTER (9.01.b) at 0x84B10000 mapped to 0x(____ptrval____), probed DDS AD9081
[    7.706755] jesd204: /axi/spi@ff040000/ad9081@0,jesd204:0,parent=spi1.0: JESD204[2] transition initialized -> probed
[    7.717277] jesd204: /axi/spi@ff040000/ad9081@0,jesd204:0,parent=spi1.0: JESD204[0] transition initialized -> probed
[    7.727800] jesd204: /axi/spi@ff040000/ad9081@0,jesd204:0,parent=spi1.0: JESD204[2] transition probed -> idle
[    7.737709] jesd204: /axi/spi@ff040000/ad9081@0,jesd204:0,parent=spi1.0: JESD204[0] transition probed -> idle
[    7.747623] jesd204: /axi/spi@ff040000/ad9081@0,jesd204:0,parent=spi1.0: JESD204[2] transition idle -> device_init
[    7.757965] jesd204: /axi/spi@ff040000/ad9081@0,jesd204:0,parent=spi1.0: JESD204[0] transition idle -> device_init
[    7.768318] jesd204: /axi/spi@ff040000/ad9081@0,jesd204:0,parent=spi1.0: JESD204[2] transition device_init -> link_init
[    7.779093] jesd204: /axi/spi@ff040000/ad9081@0,jesd204:0,parent=spi1.0: JESD204[0] transition device_init -> link_init
[    7.789884] jesd204: /axi/spi@ff040000/ad9081@0,jesd204:0,parent=spi1.0: JESD204[2] transition link_init -> link_supported
[    7.800923] jesd204: /axi/spi@ff040000/ad9081@0,jesd204:0,parent=spi1.0: JESD204[0] transition link_init -> link_supported
[    7.812337] hmc7044 spi2.0: hmc7044_jesd204_link_pre_setup: Link2 forcing continuous SYSREF mode
[    7.821456] jesd204: /axi/spi@ff040000/ad9081@0,jesd204:0,parent=spi1.0: JESD204[2] transition link_supported -> link_pre_setup
[    7.832928] jesd204: /axi/spi@ff040000/ad9081@0,jesd204:0,parent=spi1.0: JESD204[0] transition link_supported -> link_pre_setup
[    7.856745] jesd204: /axi/spi@ff040000/ad9081@0,jesd204:0,parent=spi1.0: JESD204[2] transition link_pre_setup -> clk_sync_stage1
[    7.868308] jesd204: /axi/spi@ff040000/ad9081@0,jesd204:0,parent=spi1.0: JESD204[0] transition link_pre_setup -> clk_sync_stage1
[    7.879873] jesd204: /axi/spi@ff040000/ad9081@0,jesd204:0,parent=spi1.0: JESD204[2] transition clk_sync_stage1 -> clk_sync_stage2
[    7.891516] jesd204: /axi/spi@ff040000/ad9081@0,jesd204:0,parent=spi1.0: JESD204[0] transition clk_sync_stage1 -> clk_sync_stage2
[    7.903169] jesd204: /axi/spi@ff040000/ad9081@0,jesd204:0,parent=spi1.0: JESD204[2] transition clk_sync_stage2 -> clk_sync_stage3
[    7.914818] jesd204: /axi/spi@ff040000/ad9081@0,jesd204:0,parent=spi1.0: JESD204[0] transition clk_sync_stage2 -> clk_sync_stage3
[    7.928484] jesd204: /axi/spi@ff040000/ad9081@0,jesd204:0,parent=spi1.0: JESD204[2] transition clk_sync_stage3 -> link_setup
[    7.939702] jesd204: /axi/spi@ff040000/ad9081@0,jesd204:0,parent=spi1.0: JESD204[0] transition clk_sync_stage3 -> link_setup
[    7.955804] jesd204: /axi/spi@ff040000/ad9081@0,jesd204:0,parent=spi1.0: JESD204[2] transition link_setup -> opt_setup_stage1
[    7.967104] jesd204: /axi/spi@ff040000/ad9081@0,jesd204:0,parent=spi1.0: JESD204[0] transition link_setup -> opt_setup_stage1
[    7.983435] jesd204: /axi/spi@ff040000/ad9081@0,jesd204:0,parent=spi1.0: JESD204[2] transition opt_setup_stage1 -> opt_setup_stage2
[    7.995262] jesd204: /axi/spi@ff040000/ad9081@0,jesd204:0,parent=spi1.0: JESD204[0] transition opt_setup_stage1 -> opt_setup_stage2
[    8.007234] jesd204: /axi/spi@ff040000/ad9081@0,jesd204:0,parent=spi1.0: JESD204[2] transition opt_setup_stage2 -> opt_setup_stage3
[    8.019053] jesd204: /axi/spi@ff040000/ad9081@0,jesd204:0,parent=spi1.0: JESD204[0] transition opt_setup_stage2 -> opt_setup_stage3
[    8.030878] jesd204: /axi/spi@ff040000/ad9081@0,jesd204:0,parent=spi1.0: JESD204[2] transition opt_setup_stage3 -> opt_setup_stage4
[    8.042695] jesd204: /axi/spi@ff040000/ad9081@0,jesd204:0,parent=spi1.0: JESD204[0] transition opt_setup_stage3 -> opt_setup_stage4
[    8.054524] jesd204: /axi/spi@ff040000/ad9081@0,jesd204:0,parent=spi1.0: JESD204[2] transition opt_setup_stage4 -> opt_setup_stage5
[    8.066350] jesd204: /axi/spi@ff040000/ad9081@0,jesd204:0,parent=spi1.0: JESD204[0] transition opt_setup_stage4 -> opt_setup_stage5
[    8.084289] jesd204: /axi/spi@ff040000/ad9081@0,jesd204:0,parent=spi1.0: JESD204[2] transition opt_setup_stage5 -> clocks_enable
[    8.095854] jesd204: /axi/spi@ff040000/ad9081@0,jesd204:0,parent=spi1.0: JESD204[0] transition opt_setup_stage5 -> clocks_enable
[    8.107473] jesd204: /axi/spi@ff040000/ad9081@0,jesd204:0,parent=spi1.0: JESD204[2] transition clocks_enable -> link_enable
[    8.118605] jesd204: /axi/spi@ff040000/ad9081@0,jesd204:0,parent=spi1.0: JESD204[0] transition clocks_enable -> link_enable
[    8.259717] axi-jesd204-rx 84a90000.axi-jesd204-rx: axi_jesd204_rx_jesd204_link_running: Link2 status failed (CGS)
[    8.270063] jesd204: /fpga-axi@0/axi-jesd204-rx@84a90000,jesd204:4,parent=84a90000.axi-jesd204-rx: JESD204[2] In link_running got error from cb: -1 (ignoring!)
[    8.351956] ad9081 spi1.0: JESD RX (JTX) Link2 in DATA, SYNC deasserted, PLL locked, PHASE established, MODE valid
[    8.362570] ad9081 spi1.0: JESD TX (JRX) Link0 0xF lanes in DATA
[    8.368580] jesd204: /axi/spi@ff040000/ad9081@0,jesd204:0,parent=spi1.0: JESD204[2] transition link_enable -> link_running
[    8.379617] jesd204: /axi/spi@ff040000/ad9081@0,jesd204:0,parent=spi1.0: JESD204[0] transition link_enable -> link_running
[    8.390664] jesd204: /axi/spi@ff040000/ad9081@0,jesd204:0,parent=spi1.0: JESD204[2] transition link_running -> opt_post_running_stage
[    8.402657] jesd204: /axi/spi@ff040000/ad9081@0,jesd204:0,parent=spi1.0: JESD204[0] transition link_running -> opt_post_running_stage
[    8.423966] input: gpio-keys as /devices/platform/gpio-keys/input/input0
[    8.430974] of_cfs_init
[    8.433435] of_cfs_init: OK
[    8.436380] cfg80211: Loading compiled-in X.509 certificates for regulatory database
[    8.597219] cfg80211: Loaded X.509 cert 'sforshee: 00b28ddf47aef9cea7'
[    8.603748] clk: Not disabling unused clocks
[    8.608279] ALSA device list:
[    8.611233]   No soundcards found.
[    8.614898] platform regulatory.0: Direct firmware load for regulatory.db failed with error -2
[    8.623511] cfg80211: failed to load regulatory.db
[    8.638044] EXT4-fs (mmcblk0p2): mounted filesystem with ordered data mode. Opts: (null)
[    8.646155] VFS: Mounted root (ext4 filesystem) on device 179:2.
[    8.659292] devtmpfs: mounted
[    8.663107] Freeing unused kernel memory: 2560K
[    8.675769] Run /sbin/init as init process
[    8.679860]   with arguments:
[    8.679863]     /sbin/init
[    8.679865]   with environment:
[    8.679867]     HOME=/
[    8.679870]     TERM=linux
[    9.244013] systemd[1]: systemd 241 running in system mode. (+PAM +AUDIT +SELINUX +IMA +APPARMOR +SMACK +SYSVINIT +UTMP +LIBCRYPTSETUP +GCRYPT +GNUTLS +ACL +XZ +LZ4 +SECCOMP +BLKID +ELFUTILS +KMOD -IDN2 +IDN -PCRE2 default-hierarchy=hybrid)
[    9.265873] systemd[1]: Detected architecture arm64.
[    9.288427] systemd[1]: Set hostname to <analog>.
[    9.494791] systemd[1]: File /lib/systemd/system/systemd-journald.service:12 configures an IP firewall (IPAddressDeny=any), but the local system does not support BPF/cgroup based firewalling.
[    9.511835] systemd[1]: Proceeding WITHOUT firewalling in effect! (This warning is only shown for the first loaded unit using IP firewalling.)
[    9.674463] systemd[1]: /etc/systemd/system/tof-server.service:1: Assignment outside of section. Ignoring.
[    9.684149] systemd[1]: /etc/systemd/system/tof-server.service:2: Assignment outside of section. Ignoring.
[    9.866364] random: systemd: uninitialized urandom read (16 bytes read)
[    9.880989] random: systemd: uninitialized urandom read (16 bytes read)
[    9.888099] systemd[1]: Listening on Journal Socket (/dev/log).
[    9.911792] random: systemd: uninitialized urandom read (16 bytes read)
[    9.918973] systemd[1]: Created slice system-systemd\x2dfsck.slice.
[    9.940065] systemd[1]: Listening on fsck to fsckd communication Socket.
[   10.438423] random: crng init done
[   10.441824] random: 7 urandom warning(s) missed due to ratelimiting
[   10.488868] ------------[ cut here ]------------
[   10.493477] Enabling unprepared \xa0\xe9Q\x88\xff\xff\xffpQ\x88\xff\xff\xff
[   10.498125] WARNING: CPU: 3 PID: 132 at drivers/clk/clk.c:1012 clk_core_enable+0xa4/0xc0
[   10.506201] Modules linked in:
[   10.509255] CPU: 3 PID: 132 Comm: kworker/3:1H Not tainted 5.10.0-98103-g2aa7ac113716 #5577
[   10.517601] Hardware name: ZynqMP ZCU102 Rev1.0 (DT)
[   10.517613] Workqueue: kblockd blk_mq_run_work_fn
[   10.517624] pstate: 80000085 (Nzcv daIf -PAN -UAO -TCO BTYPE=--)
[   10.517630] pc : clk_core_enable+0xa4/0xc0
[   10.517636] lr : clk_core_enable+0xa4/0xc0
[   10.517638] sp : ffffffc012b6b2d0
[   10.517642] x29: ffffffc012b6b2d0 x28: ffffff8800330c10 
[   10.517649] x27: ffffff8800330d48 x26: 0000005000000101 
[   10.517655] x25: 000000026b3e0392 x24: 0000000000000001 
[   10.517662] x23: ffffff88010e9380 x22: ffffff8801083220 
[   10.517669] x21: ffffff8801517000 x20: ffffff8801517008 
[   10.517675] x19: ffffff8801517008 x18: 0000000000000030 
[   10.517682] x17: 0000000000000001 x16: 0000b5ed2e1d526a 
[   10.517688] x15: ffffff8801178850 x14: ffffffffffffffff 
[   10.517695] x13: ffffffc011d3b1c8 x12: 00000000000005f4 
[   10.517702] x11: 00000000000001fc x10: ffffffc011d671c8 
[   10.517708] x9 : 00000000fffff800 x8 : ffffffc011d3b1c8 
[   10.517715] x7 : ffffffc011d671c8 x6 : 0000000000000001 
[   10.517721] x5 : ffffff887f7a89e0 x4 : 0000000000000000 
[   10.517727] x3 : 0000000000000027 x2 : 0000000000000023 
[   10.517734] x1 : aa4fd1bb48f3a000 x0 : 0000000000000000 
[   10.517740] Call trace:
[   10.517747]  clk_core_enable+0xa4/0xc0
[   10.517753]  clk_enable+0x2c/0x60
[   10.517759]  zynqmp_runtime_resume+0x24/0x84
[   10.517766]  pm_generic_runtime_resume+0x30/0x50
[   10.517772]  __genpd_runtime_resume+0x30/0xb0
[   10.517778]  genpd_runtime_resume+0x90/0x250
[   10.517784]  __rpm_callback+0x10c/0x1e0
[   10.517790]  rpm_callback+0x5c/0x84
[   10.517795]  rpm_resume+0x4a4/0x74c
[   10.517800]  __pm_runtime_resume+0x78/0xc4
[   10.517805]  spi_mem_access_start.isra.0+0x30/0x80
[   10.517809]  spi_mem_exec_op+0x3b0/0x424
[   10.517814]  spi_nor_read_sr+0x78/0xe0
[   10.517819]  spi_nor_wait_till_ready_with_timeout+0xb4/0x2f0
[   10.517824]  spi_nor_read+0x188/0x380
[   10.517829]  mtd_read_oob_std+0x78/0x84
[   10.517834]  mtd_read_oob+0x7c/0x134
[   10.517838]  mtd_read+0x48/0x7c
[   10.517844]  mtdblock_readsect+0x6c/0x150
[   10.517849]  mtd_queue_rq+0x2cc/0x5a0
[   10.517856]  blk_mq_dispatch_rq_list+0x110/0x790
[   10.517862]  __blk_mq_do_dispatch_sched+0x200/0x274
[   10.517868]  __blk_mq_sched_dispatch_requests+0x1a8/0x1fc
[   10.517873]  blk_mq_sched_dispatch_requests+0x3c/0x7c
[   10.517878]  __blk_mq_run_hw_queue+0x98/0x100
[   10.517883]  blk_mq_run_work_fn+0x24/0x30
[   10.517889]  process_one_work+0x1d4/0x380
[   10.517893]  worker_thread+0x78/0x4e0
[   10.517898]  kthread+0x124/0x130
[   10.517904]  ret_from_fork+0x10/0x3c
[   10.517908] ---[ end trace 5d80363644d704f8 ]---
[   10.517953] zynqmp-qspi ff0f0000.spi: Cannot enable APB clock.
[   10.518011] spi_master spi0: Failed to power device: -108
[   10.518024] blk_update_request: I/O error, dev mtdblock0, sector 8 op 0x0:(READ) flags 0x80700 phys_seg 1 prio class 0
[   10.518142] spi_master spi0: Failed to power device: -22
[   10.518149] blk_update_request: I/O error, dev mtdblock0, sector 8 op 0x0:(READ) flags 0x0 phys_seg 8 prio class 0
[   10.518155] Buffer I/O error on dev mtdblock0, logical block 8, async page read
[   10.518164] spi_master spi0: Failed to power device: -22
[   10.518170] blk_update_request: I/O error, dev mtdblock0, sector 9 op 0x0:(READ) flags 0x0 phys_seg 7 prio class 0
[   10.518174] Buffer I/O error on dev mtdblock0, logical block 9, async page read
[   10.518181] spi_master spi0: Failed to power device: -22
[   10.518187] blk_update_request: I/O error, dev mtdblock0, sector 10 op 0x0:(READ) flags 0x0 phys_seg 6 prio class 0
[   10.518191] Buffer I/O error on dev mtdblock0, logical block 10, async page read
[   10.518198] spi_master spi0: Failed to power device: -22
[   10.518203] blk_update_request: I/O error, dev mtdblock0, sector 11 op 0x0:(READ) flags 0x0 phys_seg 5 prio class 0
[   10.518207] Buffer I/O error on dev mtdblock0, logical block 11, async page read
[   10.518214] spi_master spi0: Failed to power device: -22
[   10.518220] blk_update_request: I/O error, dev mtdblock0, sector 12 op 0x0:(READ) flags 0x0 phys_seg 4 prio class 0
[   10.518224] Buffer I/O error on dev mtdblock0, logical block 12, async page read
[   10.518230] spi_master spi0: Failed to power device: -22
[   10.518236] blk_update_request: I/O error, dev mtdblock0, sector 13 op 0x0:(READ) flags 0x0 phys_seg 3 prio class 0
[   10.518240] Buffer I/O error on dev mtdblock0, logical block 13, async page read
[   10.518246] spi_master spi0: Failed to power device: -22
[   10.518252] blk_update_request: I/O error, dev mtdblock0, sector 14 op 0x0:(READ) flags 0x0 phys_seg 2 prio class 0
[   10.518255] Buffer I/O error on dev mtdblock0, logical block 14, async page read
[   10.518262] spi_master spi0: Failed to power device: -22
[   10.518268] blk_update_request: I/O error, dev mtdblock0, sector 15 op 0x0:(READ) flags 0x0 phys_seg 1 prio class 0
[   10.518271] Buffer I/O error on dev mtdblock0, logical block 15, async page read
[   10.518666] spi_master spi0: Failed to power device: -22
[   10.518673] blk_update_request: I/O error, dev mtdblock1, sector 10112 op 0x0:(READ) flags 0x80700 phys_seg 1 prio class 0
[   10.518719] spi_master spi0: Failed to power device: -22
[   10.518724] Buffer I/O error on dev mtdblock1, logical block 10112, async page read
[   10.518732] spi_master spi0: Failed to power device: -22
[   10.518737] Buffer I/O error on dev mtdblock1, logical block 10113, async page read
[   10.518747] spi_master spi0: Failed to power device: -22
[   10.518755] spi_master spi0: Failed to power device: -22
[   10.518762] spi_master spi0: Failed to power device: -22
[   10.518770] spi_master spi0: Failed to power device: -22
[   10.518777] spi_master spi0: Failed to power device: -22
[   10.518784] spi_master spi0: Failed to power device: -22
[   10.519049] spi_master spi0: Failed to power device: -22
[   10.519093] spi_master spi0: Failed to power device: -22
[   10.519102] spi_master spi0: Failed to power device: -22
[   10.519110] spi_master spi0: Failed to power device: -22
[   10.519117] spi_master spi0: Failed to power device: -22
[   10.519125] spi_master spi0: Failed to power device: -22
[   10.519132] spi_master spi0: Failed to power device: -22
[   10.519139] spi_master spi0: Failed to power device: -22
[   10.519147] spi_master spi0: Failed to power device: -22
[   10.519414] spi_master spi0: Failed to power device: -22
[   10.519458] spi_master spi0: Failed to power device: -22
[   10.519467] spi_master spi0: Failed to power device: -22
[   10.519475] spi_master spi0: Failed to power device: -22
[   10.519482] spi_master spi0: Failed to power device: -22
[   10.519489] spi_master spi0: Failed to power device: -22
[   10.519496] spi_master spi0: Failed to power device: -22
[   10.519503] spi_master spi0: Failed to power device: -22
[   10.519510] spi_master spi0: Failed to power device: -22
[   10.642638] EXT4-fs (mmcblk0p2): re-mounted. Opts: (null)
[   10.788496] systemd-journald[162]: Received request to flush runtime journal from PID 1
[   16.514110] macb ff0e0000.ethernet eth0: PHY [ff0e0000.ethernet-ffffffff:0c] driver [TI DP83867] (irq=POLL)
[   16.514122] macb ff0e0000.ethernet eth0: configuring for phy/rgmii-id link mode
[   16.787772] Adding 102396k swap on /var/swap.  Priority:-2 extents:4 across:9953604k SS
[   19.329964] broken atomic modeset userspace detected, disabling atomic
[   19.585328] macb ff0e0000.ethernet eth0: Link is Up - 1Gbps/Full - flow control off
[   19.585352] IPv6: ADDRCONF(NETDEV_CHANGE): eth0: link becomes ready
[   22.016169] broken atomic modeset userspace detected, disabling atomic
[   24.910554] broken atomic modeset userspace detected, disabling atomic
[   27.577375] broken atomic modeset userspace detected, disabling atomic