[    0.000000] Booting Linux on physical CPU 0x0000000000 [0x410fd034]
[    0.000000] Linux version 5.10.0-98103-g2aa7ac113716 (jenkins@romlxbuild1.adlk.analog.com) (aarch64-xilinx-linux-gcc.real (GCC) 10.2.0, GNU ld (GNU Binutils) 2.35.0.20200730) #5577 SMP Wed Mar 23 07:28:49 GMT 2022
[    0.000000] Machine model: ZynqMP ZCU102 Rev1.0
[    0.000000] earlycon: cdns0 at MMIO 0x00000000ff000000 (options '115200n8')
[    0.000000] printk: bootconsole [cdns0] enabled
[    0.000000] efi: UEFI not found.
[    0.000000] cma: Reserved 256 MiB at 0x0000000070000000
[    0.000000] Zone ranges:
[    0.000000]   DMA      [mem 0x0000000000000000-0x000000003fffffff]
[    0.000000]   DMA32    [mem 0x0000000040000000-0x00000000ffffffff]
[    0.000000]   Normal   [mem 0x0000000100000000-0x000000087fffffff]
[    0.000000] Movable zone start for each node
[    0.000000] Early memory node ranges
[    0.000000]   node   0: [mem 0x0000000000000000-0x000000007fffffff]
[    0.000000]   node   0: [mem 0x0000000800000000-0x000000087fffffff]
[    0.000000] Initmem setup node 0 [mem 0x0000000000000000-0x000000087fffffff]
[    0.000000] On node 0 totalpages: 1048576
[    0.000000]   DMA zone: 3584 pages used for memmap
[    0.000000]   DMA zone: 0 pages reserved
[    0.000000]   DMA zone: 262144 pages, LIFO batch:63
[    0.000000]   DMA32 zone: 3584 pages used for memmap
[    0.000000]   DMA32 zone: 262144 pages, LIFO batch:63
[    0.000000]   Normal zone: 7168 pages used for memmap
[    0.000000]   Normal zone: 524288 pages, LIFO batch:63
[    0.000000] psci: probing for conduit method from DT.
[    0.000000] psci: PSCIv1.1 detected in firmware.
[    0.000000] psci: Using standard PSCI v0.2 function IDs
[    0.000000] psci: MIGRATE_INFO_TYPE not supported.
[    0.000000] psci: SMC Calling Convention v1.2
[    0.000000] percpu: Embedded 22 pages/cpu s49496 r8192 d32424 u90112
[    0.000000] pcpu-alloc: s49496 r8192 d32424 u90112 alloc=22*4096
[    0.000000] pcpu-alloc: [0] 0 [0] 1 [0] 2 [0] 3 
[    0.000000] Detected VIPT I-cache on CPU0
[    0.000000] CPU features: detected: ARM erratum 845719
[    0.000000] Built 1 zonelists, mobility grouping on.  Total pages: 1034240
[    0.000000] Kernel command line: console=ttyPS0,115200 root=/dev/mmcblk0p2 rw earlycon rootfstype=ext4 rootwait clk_ignore_unused cpuidle.off=1 root=/dev/mmcblk0p2 rw rootwait
[    0.000000] Dentry cache hash table entries: 524288 (order: 10, 4194304 bytes, linear)
[    0.000000] Inode-cache hash table entries: 262144 (order: 9, 2097152 bytes, linear)
[    0.000000] mem auto-init: stack:off, heap alloc:off, heap free:off
[    0.000000] software IO TLB: mapped [mem 0x000000003bfff000-0x000000003ffff000] (64MB)
[    0.000000] Memory: 3761904K/4194304K available (15296K kernel code, 1636K rwdata, 11876K rodata, 2560K init, 507K bss, 170256K reserved, 262144K cma-reserved)
[    0.000000] rcu: Hierarchical RCU implementation.
[    0.000000] rcu: 	RCU event tracing is enabled.
[    0.000000] rcu: 	RCU restricting CPUs from NR_CPUS=8 to nr_cpu_ids=4.
[    0.000000] rcu: RCU calculated value of scheduler-enlistment delay is 25 jiffies.
[    0.000000] rcu: Adjusting geometry for rcu_fanout_leaf=16, nr_cpu_ids=4
[    0.000000] NR_IRQS: 64, nr_irqs: 64, preallocated irqs: 0
[    0.000000] GIC: Adjusting CPU interface base to 0x00000000f902f000
[    0.000000] GIC: Using split EOI/Deactivate mode
[    0.000000] random: get_random_bytes called from start_kernel+0x31c/0x54c with crng_init=0
[    0.000000] arch_timer: cp15 timer(s) running at 100.00MHz (phys).
[    0.000000] clocksource: arch_sys_counter: mask: 0xffffffffffffff max_cycles: 0x171024e7e0, max_idle_ns: 440795205315 ns
[    0.000003] sched_clock: 56 bits at 100MHz, resolution 10ns, wraps every 4398046511100ns
[    0.008461] Console: colour dummy device 80x25
[    0.012483] Calibrating delay loop (skipped), value calculated using timer frequency.. 200.00 BogoMIPS (lpj=400000)
[    0.022841] pid_max: default: 32768 minimum: 301
[    0.027549] Mount-cache hash table entries: 8192 (order: 4, 65536 bytes, linear)
[    0.034789] Mountpoint-cache hash table entries: 8192 (order: 4, 65536 bytes, linear)
[    0.043399] rcu: Hierarchical SRCU implementation.
[    0.047561] EFI services will not be available.
[    0.051938] smp: Bringing up secondary CPUs ...
[    0.056656] Detected VIPT I-cache on CPU1
[    0.056695] CPU1: Booted secondary processor 0x0000000001 [0x410fd034]
[    0.057058] Detected VIPT I-cache on CPU2
[    0.057083] CPU2: Booted secondary processor 0x0000000002 [0x410fd034]
[    0.057423] Detected VIPT I-cache on CPU3
[    0.057446] CPU3: Booted secondary processor 0x0000000003 [0x410fd034]
[    0.057492] smp: Brought up 1 node, 4 CPUs
[    0.091780] SMP: Total of 4 processors activated.
[    0.096452] CPU features: detected: 32-bit EL0 Support
[    0.101556] CPU features: detected: CRC32 instructions
[    0.106695] CPU: All CPU(s) started at EL2
[    0.110737] alternatives: patching kernel code
[    0.116167] devtmpfs: initialized
[    0.124057] Registered cp15_barrier emulation handler
[    0.124107] Registered setend emulation handler
[    0.128082] clocksource: jiffies: mask: 0xffffffff max_cycles: 0xffffffff, max_idle_ns: 7645041785100000 ns
[    0.137661] futex hash table entries: 1024 (order: 4, 65536 bytes, linear)
[    0.151016] pinctrl core: initialized pinctrl subsystem
[    0.151661] NET: Registered protocol family 16
[    0.156088] DMA: preallocated 512 KiB GFP_KERNEL pool for atomic allocations
[    0.162100] DMA: preallocated 512 KiB GFP_KERNEL|GFP_DMA pool for atomic allocations
[    0.169826] DMA: preallocated 512 KiB GFP_KERNEL|GFP_DMA32 pool for atomic allocations
[    0.177627] audit: initializing netlink subsys (disabled)
[    0.183078] audit: type=2000 audit(0.116:1): state=initialized audit_enabled=0 res=1
[    0.183421] hw-breakpoint: found 6 breakpoint and 4 watchpoint registers.
[    0.197454] ASID allocator initialised with 65536 entries
[    0.224300] HugeTLB registered 1.00 GiB page size, pre-allocated 0 pages
[    0.225351] HugeTLB registered 32.0 MiB page size, pre-allocated 0 pages
[    0.232023] HugeTLB registered 2.00 MiB page size, pre-allocated 0 pages
[    0.238682] HugeTLB registered 64.0 KiB page size, pre-allocated 0 pages
[    1.304189] DRBG: Continuing without Jitter RNG
[    1.382079] raid6: neonx8   gen()  2139 MB/s
[    1.450121] raid6: neonx8   xor()  1600 MB/s
[    1.518180] raid6: neonx4   gen()  2193 MB/s
[    1.586232] raid6: neonx4   xor()  1565 MB/s
[    1.654294] raid6: neonx2   gen()  2076 MB/s
[    1.722350] raid6: neonx2   xor()  1438 MB/s
[    1.790420] raid6: neonx1   gen()  1772 MB/s
[    1.858458] raid6: neonx1   xor()  1220 MB/s
[    1.926518] raid6: int64x8  gen()  1438 MB/s
[    1.994573] raid6: int64x8  xor()   771 MB/s
[    2.062651] raid6: int64x4  gen()  1599 MB/s
[    2.130697] raid6: int64x4  xor()   819 MB/s
[    2.198764] raid6: int64x2  gen()  1397 MB/s
[    2.266812] raid6: int64x2  xor()   745 MB/s
[    2.334887] raid6: int64x1  gen()  1034 MB/s
[    2.402948] raid6: int64x1  xor()   517 MB/s
[    2.402986] raid6: using algorithm neonx4 gen() 2193 MB/s
[    2.406944] raid6: .... xor() 1565 MB/s, rmw enabled
[    2.411875] raid6: using neon recovery algorithm
[    2.416884] iommu: Default domain type: Translated 
[    2.421500] SCSI subsystem initialized
[    2.425043] libata version 3.00 loaded.
[    2.425167] usbcore: registered new interface driver usbfs
[    2.430501] usbcore: registered new interface driver hub
[    2.435778] usbcore: registered new device driver usb
[    2.440903] mc: Linux media interface: v0.10
[    2.445021] videodev: Linux video capture interface: v2.00
[    2.450513] EDAC MC: Ver: 3.0.0
[    2.453930] zynqmp-ipi-mbox mailbox@ff990400: Registered ZynqMP IPI mbox with TX/RX channels.
[    2.462457] jesd204: created con: id=0, topo=0, link=0, /axi/spi@ff050000/hmc7044@0 <-> /fpga-axi@0/axi-adxcvr-tx@84b60000
[    2.473043] jesd204: created con: id=1, topo=0, link=2, /axi/spi@ff050000/hmc7044@0 <-> /fpga-axi@0/axi-adxcvr-rx@84a60000
[    2.484025] jesd204: created con: id=2, topo=0, link=0, /fpga-axi@0/axi-adxcvr-tx@84b60000 <-> /fpga-axi@0/axi-jesd204-tx@84b90000
[    2.495704] jesd204: created con: id=3, topo=0, link=2, /fpga-axi@0/axi-adxcvr-rx@84a60000 <-> /fpga-axi@0/axi-jesd204-rx@84a90000
[    2.507380] jesd204: created con: id=4, topo=0, link=0, /fpga-axi@0/axi-jesd204-tx@84b90000 <-> /fpga-axi@0/axi-ad9081-tx-hpc@84b10000
[    2.519407] jesd204: created con: id=5, topo=0, link=2, /fpga-axi@0/axi-jesd204-rx@84a90000 <-> /fpga-axi@0/axi-ad9081-rx-hpc@84a10000
[    2.531430] jesd204: created con: id=6, topo=0, link=2, /fpga-axi@0/axi-ad9081-rx-hpc@84a10000 <-> /axi/spi@ff040000/ad9081@0
[    2.542671] jesd204: created con: id=7, topo=0, link=0, /fpga-axi@0/axi-ad9081-tx-hpc@84b10000 <-> /axi/spi@ff040000/ad9081@0
[    2.553922] jesd204: /axi/spi@ff040000/ad9081@0: JESD204[2] transition uninitialized -> initialized
[    2.562908] jesd204: /axi/spi@ff040000/ad9081@0: JESD204[0] transition uninitialized -> initialized
[    2.571900] jesd204: found 8 devices and 1 topologies
[    2.576942] FPGA manager framework
[    2.580420] Advanced Linux Sound Architecture Driver Initialized.
[    2.586718] Bluetooth: Core ver 2.22
[    2.589902] NET: Registered protocol family 31
[    2.594304] Bluetooth: HCI device and connection manager initialized
[    2.600621] Bluetooth: HCI socket layer initialized
[    2.605463] Bluetooth: L2CAP socket layer initialized
[    2.610486] Bluetooth: SCO socket layer initialized
[    2.615682] clocksource: Switched to clocksource arch_sys_counter
[    2.621478] VFS: Disk quotas dquot_6.6.0
[    2.625314] VFS: Dquot-cache hash table entries: 512 (order 0, 4096 bytes)
[    2.636048] NET: Registered protocol family 2
[    2.636757] tcp_listen_portaddr_hash hash table entries: 2048 (order: 3, 32768 bytes, linear)
[    2.644955] TCP established hash table entries: 32768 (order: 6, 262144 bytes, linear)
[    2.652979] TCP bind hash table entries: 32768 (order: 7, 524288 bytes, linear)
[    2.660423] TCP: Hash tables configured (established 32768 bind 32768)
[    2.666602] UDP hash table entries: 2048 (order: 4, 65536 bytes, linear)
[    2.673265] UDP-Lite hash table entries: 2048 (order: 4, 65536 bytes, linear)
[    2.680427] NET: Registered protocol family 1
[    2.684892] RPC: Registered named UNIX socket transport module.
[    2.690502] RPC: Registered udp transport module.
[    2.695167] RPC: Registered tcp transport module.
[    2.699835] RPC: Registered tcp NFSv4.1 backchannel transport module.
[    2.706823] PCI: CLS 0 bytes, default 64
[    2.710544] hw perfevents: no interrupt-affinity property for /pmu, guessing.
[    2.717388] hw perfevents: enabled with armv8_pmuv3 PMU driver, 7 counters available
[    2.725739] Initialise system trusted keyrings
[    2.729409] workingset: timestamp_bits=62 max_order=20 bucket_order=0
[    2.736316] NFS: Registering the id_resolver key type
[    2.740764] Key type id_resolver registered
[    2.744902] Key type id_legacy registered
[    2.748895] nfs4filelayout_init: NFSv4 File Layout Driver Registering...
[    2.755557] jffs2: version 2.2. (NAND) (SUMMARY)  Â© 2001-2006 Red Hat, Inc.
[    2.797826] NET: Registered protocol family 38
[    2.797869] xor: measuring software checksum speed
[    2.805562]    8regs           :  2363 MB/sec
[    2.809230]    32regs          :  2799 MB/sec
[    2.814173]    arm64_neon      :  2380 MB/sec
[    2.814363] xor: using function: 32regs (2799 MB/sec)
[    2.819389] Key type asymmetric registered
[    2.823450] Asymmetric key parser 'x509' registered
[    2.828311] Block layer SCSI generic (bsg) driver version 0.4 loaded (major 248)
[    2.835648] io scheduler mq-deadline registered
[    2.840145] io scheduler kyber registered
[    2.869570] Serial: 8250/16550 driver, 4 ports, IRQ sharing disabled
[    2.874210] cacheinfo: Unable to detect cache hierarchy for CPU 0
[    2.880554] brd: module loaded
[    2.884702] loop: module loaded
[    2.885250] Registered mathworks_ip class
[    2.888587] libphy: Fixed MDIO Bus: probed
[    2.891531] tun: Universal TUN/TAP device driver, 1.6
[    2.895634] CAN device driver interface
[    2.900156] usbcore: registered new interface driver asix
[    2.904754] usbcore: registered new interface driver ax88179_178a
[    2.910783] usbcore: registered new interface driver cdc_ether
[    2.916579] usbcore: registered new interface driver net1080
[    2.922202] usbcore: registered new interface driver cdc_subset
[    2.928084] usbcore: registered new interface driver zaurus
[    2.933626] usbcore: registered new interface driver cdc_ncm
[    2.940038] ehci_hcd: USB 2.0 'Enhanced' Host Controller (EHCI) Driver
[    2.945712] ehci-pci: EHCI PCI platform driver
[    2.950515] usbcore: registered new interface driver uas
[    2.955431] usbcore: registered new interface driver usb-storage
[    2.961426] usbcore: registered new interface driver usbserial_generic
[    2.967868] usbserial: USB Serial support registered for generic
[    2.973841] usbcore: registered new interface driver ftdi_sio
[    2.979542] usbserial: USB Serial support registered for FTDI USB Serial Device
[    2.986813] usbcore: registered new interface driver upd78f0730
[    2.992689] usbserial: USB Serial support registered for upd78f0730
[    3.000349] rtc_zynqmp ffa60000.rtc: registered as rtc0
[    3.004121] rtc_zynqmp ffa60000.rtc: setting system clock to 2022-04-12T19:52:09 UTC (1649793129)
[    3.012982] i2c /dev entries driver
[    3.018293] usbcore: registered new interface driver uvcvideo
[    3.022092] USB Video Class driver (1.1.1)
[    3.027659] Bluetooth: HCI UART driver ver 2.3
[    3.030574] Bluetooth: HCI UART protocol H4 registered
[    3.035675] Bluetooth: HCI UART protocol BCSP registered
[    3.040961] Bluetooth: HCI UART protocol LL registered
[    3.046050] Bluetooth: HCI UART protocol ATH3K registered
[    3.051425] Bluetooth: HCI UART protocol Three-wire (H5) registered
[    3.057682] Bluetooth: HCI UART protocol Intel registered
[    3.063016] Bluetooth: HCI UART protocol QCA registered
[    3.068216] usbcore: registered new interface driver bcm203x
[    3.073839] usbcore: registered new interface driver bpa10x
[    3.079376] usbcore: registered new interface driver bfusb
[    3.084823] usbcore: registered new interface driver btusb
[    3.090286] usbcore: registered new interface driver ath3k
[    3.095772] EDAC MC: ECC not enabled
[    3.099391] EDAC DEVICE0: Giving out device to module zynqmp-ocm-edac controller zynqmp_ocm: DEV ff960000.memory-controller (INTERRUPT)
[    3.111719] sdhci: Secure Digital Host Controller Interface driver
[    3.117499] sdhci: Copyright(c) Pierre Ossman
[    3.121824] sdhci-pltfm: SDHCI platform and OF driver helper
[    3.127884] ledtrig-cpu: registered to indicate activity on CPUs
[    3.133429] SMCCC: SOC_ID: ARCH_SOC_ID not implemented, skipping ....
[    3.139862] zynqmp_firmware_probe Platform Management API v1.1
[    3.145615] zynqmp_firmware_probe Trustzone version v1.0
[    3.185154] zynqmp-pinctrl firmware:zynqmp-firmware:pinctrl: zynqmp pinctrl initialized
[    3.233090] zynqmp-aes firmware:zynqmp-firmware:zynqmp-aes: will run requests pump with realtime priority
[    3.248950] alg: No test for xilinx-keccak-384 (zynqmp-keccak-384)
[    3.249661] alg: No test for xilinx-zynqmp-rsa (zynqmp-rsa)
[    3.255176] usbcore: registered new interface driver usbhid
[    3.260564] usbhid: USB HID core driver
[    3.271787] axi_sysid 85000000.axi-sysid-0: AXI System ID core version (1.01.a) found
[    3.274136] axi_sysid 85000000.axi-sysid-0: [ad9081_fmca_ebz] on [zcu102] git branch <master> git <084d44c9780640ca93fd847b1d9ec70dd65f5c67> clean [2022-03-18 04:17:50] UTC
[    3.289824] fpga_manager fpga0: Xilinx ZynqMP FPGA Manager registered
[    3.296191] usbcore: registered new interface driver snd-usb-audio
[    3.303616] pktgen: Packet Generator for packet performance testing. Version: 2.75
[    3.309820] Initializing XFRM netlink socket
[    3.313662] NET: Registered protocol family 10
[    3.318390] Segment Routing with IPv6
[    3.321757] sit: IPv6, IPv4 and MPLS over IPv4 tunneling driver
[    3.327846] NET: Registered protocol family 17
[    3.331937] NET: Registered protocol family 15
[    3.336439] can: controller area network core
[    3.340691] NET: Registered protocol family 29
[    3.345076] can: raw protocol
[    3.348016] can: broadcast manager protocol
[    3.352168] can: netlink gateway - max_hops=1
[    3.356577] Bluetooth: RFCOMM TTY layer initialized
[    3.361344] Bluetooth: RFCOMM socket layer initialized
[    3.366454] Bluetooth: RFCOMM ver 1.11
[    3.370161] Bluetooth: BNEP (Ethernet Emulation) ver 1.3
[    3.375434] Bluetooth: BNEP filters: protocol multicast
[    3.380626] Bluetooth: BNEP socket layer initialized
[    3.385554] Bluetooth: HIDP (Human Interface Emulation) ver 1.2
[    3.391438] Bluetooth: HIDP socket layer initialized
[    3.396492] 9pnet: Installing 9P2000 support
[    3.400614] NET: Registered protocol family 36
[    3.405034] Key type dns_resolver registered
[    3.409463] registered taskstats version 1
[    3.413328] Loading compiled-in X.509 certificates
[    3.418436] Btrfs loaded, crc32c=crc32c-generic
[    3.430838] ff000000.serial: ttyPS0 at MMIO 0xff000000 (irq = 49, base_baud = 6249999) is a xuartps
[    3.439862] printk: console [ttyPS0] enabled
[    3.444157] printk: bootconsole [cdns0] disabled
[    3.453779] ff010000.serial: ttyPS1 at MMIO 0xff010000 (irq = 50, base_baud = 6249999) is a xuartps
[    3.467024] of-fpga-region fpga-full: FPGA Region probed
[    3.473977] nwl-pcie fd0e0000.pcie: host bridge /axi/pcie@fd0e0000 ranges:
[    3.480870] nwl-pcie fd0e0000.pcie:      MEM 0x00e0000000..0x00efffffff -> 0x00e0000000
[    3.488877] nwl-pcie fd0e0000.pcie:      MEM 0x0600000000..0x07ffffffff -> 0x0600000000
[    3.496941] nwl-pcie fd0e0000.pcie: Link is DOWN
[    3.501701] nwl-pcie fd0e0000.pcie: PCI host bridge to bus 0000:00
[    3.507877] pci_bus 0000:00: root bus resource [bus 00-ff]
[    3.513358] pci_bus 0000:00: root bus resource [mem 0xe0000000-0xefffffff]
[    3.520228] pci_bus 0000:00: root bus resource [mem 0x600000000-0x7ffffffff pref]
[    3.527732] pci 0000:00:00.0: [10ee:d021] type 01 class 0x060400
[    3.533789] pci 0000:00:00.0: PME# supported from D0 D1 D2 D3hot
[    3.544223] pci 0000:00:00.0: PCI bridge to [bus 01-0c]
[    3.550204] xilinx-zynqmp-dma fd500000.dma: ZynqMP DMA driver Probe success
[    3.557375] xilinx-zynqmp-dma fd510000.dma: ZynqMP DMA driver Probe success
[    3.564543] xilinx-zynqmp-dma fd520000.dma: ZynqMP DMA driver Probe success
[    3.571729] xilinx-zynqmp-dma fd530000.dma: ZynqMP DMA driver Probe success
[    3.578899] xilinx-zynqmp-dma fd540000.dma: ZynqMP DMA driver Probe success
[    3.586061] xilinx-zynqmp-dma fd550000.dma: ZynqMP DMA driver Probe success
[    3.593230] xilinx-zynqmp-dma fd560000.dma: ZynqMP DMA driver Probe success
[    3.600396] xilinx-zynqmp-dma fd570000.dma: ZynqMP DMA driver Probe success
[    3.607814] xilinx-zynqmp-dpdma fd4c0000.dma-controller: Xilinx DPDMA engine is probed
[    3.616353] ahci-ceva fd0c0000.ahci: supply ahci not found, using dummy regulator
[    3.623896] ahci-ceva fd0c0000.ahci: supply phy not found, using dummy regulator
[    3.711858] hmc7044 spi2.0: PLL1: Acquisition, CLKIN0 @ 122880000 Hz, PFD: 80 kHz - PLL2: Locked @ 2992.000000 MHz
[    3.722573] jesd204: /axi/spi@ff050000/hmc7044@0,jesd204:1,parent=spi2.0: Using as SYSREF provider
[    3.732150] spi-nor spi0.0: SPI-NOR-UniqueID 100000235394732200270025081115266e
[    3.739459] spi-nor spi0.0: found n25q512a, expected m25p80
[    3.745664] spi-nor spi0.0: trying to lock already unlocked area
[    3.751675] spi-nor spi0.0: n25q512a (131072 Kbytes)
[    3.756655] 4 fixed-partitions partitions found on MTD device spi0.0
[    3.763001] Creating 4 MTD partitions on "spi0.0":
[    3.767787] 0x000000000000-0x000000100000 : "qspi-fsbl-uboot"
[    3.774267] 0x000000100000-0x000000600000 : "qspi-linux"
[    3.780233] 0x000000600000-0x000000620000 : "qspi-device-tree"
[    3.786711] 0x000000620000-0x000000c00000 : "qspi-rootfs"
[    3.795181] macb ff0e0000.ethernet: Not enabling partial store and forward
[    3.802682] libphy: MACB_mii_bus: probed
[    3.807743] macb ff0e0000.ethernet eth0: Cadence GEM rev 0x50070106 at 0xff0e0000 irq 30 (00:0a:35:04:8e:1b)
[    3.817953] xilinx-axipmon ffa00000.perf-monitor: Probed Xilinx APM
[    3.824529] xilinx-axipmon fd0b0000.perf-monitor: Probed Xilinx APM
[    3.831048] xilinx-axipmon fd490000.perf-monitor: Probed Xilinx APM
[    3.837590] xilinx-axipmon ffa10000.perf-monitor: Probed Xilinx APM
[    3.847608] pca953x 0-0020: supply vcc not found, using dummy regulator
[    3.854293] pca953x 0-0020: using no AI
[    3.858784] gpio-496 (sel0): hogged as output/low
[    3.863695] gpio-497 (sel1): hogged as output/high
[    3.868689] gpio-498 (sel2): hogged as output/high
[    3.873675] gpio-499 (sel3): hogged as output/high
[    3.878844] pca953x 0-0021: supply vcc not found, using dummy regulator
[    3.885516] pca953x 0-0021: using no AI
[    3.891284] ina2xx 2-0040: power monitor ina226 (Rshunt = 5000 uOhm)
[    3.898311] ina2xx 2-0041: power monitor ina226 (Rshunt = 5000 uOhm)
[    3.905351] ina2xx 2-0042: power monitor ina226 (Rshunt = 5000 uOhm)
[    3.912381] ina2xx 2-0043: power monitor ina226 (Rshunt = 5000 uOhm)
[    3.919407] ina2xx 2-0044: power monitor ina226 (Rshunt = 5000 uOhm)
[    3.926426] ina2xx 2-0045: power monitor ina226 (Rshunt = 5000 uOhm)
[    3.933461] ina2xx 2-0046: power monitor ina226 (Rshunt = 5000 uOhm)
[    3.940530] ina2xx 2-0047: power monitor ina226 (Rshunt = 5000 uOhm)
[    3.947560] ina2xx 2-004a: power monitor ina226 (Rshunt = 5000 uOhm)
[    3.954594] ina2xx 2-004b: power monitor ina226 (Rshunt = 5000 uOhm)
[    3.960998] i2c i2c-0: Added multiplexed i2c bus 2
[    3.966387] random: fast init done
[    3.969862] ina2xx 3-0040: power monitor ina226 (Rshunt = 2000 uOhm)
[    3.976890] ina2xx 3-0041: power monitor ina226 (Rshunt = 5000 uOhm)
[    3.983920] ina2xx 3-0042: power monitor ina226 (Rshunt = 5000 uOhm)
[    3.990952] ina2xx 3-0043: power monitor ina226 (Rshunt = 5000 uOhm)
[    3.997983] ina2xx 3-0044: power monitor ina226 (Rshunt = 5000 uOhm)
[    4.005014] ina2xx 3-0045: power monitor ina226 (Rshunt = 5000 uOhm)
[    4.012053] ina2xx 3-0046: power monitor ina226 (Rshunt = 5000 uOhm)
[    4.019088] ina2xx 3-0047: power monitor ina226 (Rshunt = 5000 uOhm)
[    4.025487] i2c i2c-0: Added multiplexed i2c bus 3
[    4.081600] i2c i2c-0: Added multiplexed i2c bus 4
[    4.086541] i2c i2c-0: Added multiplexed i2c bus 5
[    4.091329] pca954x 0-0075: registered 4 multiplexed busses for I2C mux pca9544
[    4.098679] cdns-i2c ff020000.i2c: 400 kHz mmio ff020000 irq 32
[    4.106415] at24 6-0054: supply vcc not found, using dummy regulator
[    4.113306] at24 6-0054: 1024 byte 24c08 EEPROM, writable, 1 bytes/write
[    4.120059] i2c i2c-1: Added multiplexed i2c bus 6
[    4.126491] si5341 7-0036: Chip: 5341 Grade: 1 Rev: 1
[    4.164140] i2c i2c-1: Added multiplexed i2c bus 7
[    4.171794] si570 8-005d: registered, current frequency 300000000 Hz
[    4.178198] i2c i2c-1: Added multiplexed i2c bus 8
[    4.197981] si570 9-005d: registered, current frequency 148500000 Hz
[    4.204384] i2c i2c-1: Added multiplexed i2c bus 9
[    4.209431] si5324 10-0069: si5328 probed
[    4.276030] si5324 10-0069: si5328 probe successful
[    4.280960] i2c i2c-1: Added multiplexed i2c bus 10
[    4.285989] i2c i2c-1: Added multiplexed i2c bus 11
[    4.291012] i2c i2c-1: Added multiplexed i2c bus 12
[    4.296036] i2c i2c-1: Added multiplexed i2c bus 13
[    4.300916] pca954x 1-0074: registered 8 multiplexed busses for I2C switch pca9548
[    4.309027] at24 14-0050: supply vcc not found, using dummy regulator
[    4.315809] at24 14-0050: 256 byte 24c02 EEPROM, writable, 1 bytes/write
[    4.322560] i2c i2c-1: Added multiplexed i2c bus 14
[    4.327602] i2c i2c-1: Added multiplexed i2c bus 15
[    4.332635] i2c i2c-1: Added multiplexed i2c bus 16
[    4.337666] i2c i2c-1: Added multiplexed i2c bus 17
[    4.342703] i2c i2c-1: Added multiplexed i2c bus 18
[    4.347746] i2c i2c-1: Added multiplexed i2c bus 19
[    4.352787] i2c i2c-1: Added multiplexed i2c bus 20
[    4.357826] i2c i2c-1: Added multiplexed i2c bus 21
[    4.362700] pca954x 1-0075: registered 8 multiplexed busses for I2C switch pca9548
[    4.370309] cdns-i2c ff030000.i2c: 400 kHz mmio ff030000 irq 33
[    4.380050] cdns-wdt fd4d0000.watchdog: Xilinx Watchdog Timer with timeout 60s
[    4.389095] axi_adxcvr 84a60000.axi-adxcvr-rx: adxcvr_enforce_settings: Using QPLL without access, assuming desired Lane rate will be configured by a different instance
[    4.405729] axi_adxcvr 84a60000.axi-adxcvr-rx: AXI-ADXCVR-RX (17.05.a) using QPLL on GTH4 at 0x84A60000. Number of lanes: 4.
[    4.417876] axi_adxcvr 84b60000.axi-adxcvr-tx: AXI-ADXCVR-TX (17.05.a) using QPLL on GTH4 at 0x84B60000. Number of lanes: 4.
[    4.421838] mmc0: SDHCI controller on ff170000.mmc [ff170000.mmc] using ADMA 64-bit
[    4.437040] axi-jesd204-rx 84a90000.axi-jesd204-rx: AXI-JESD204-RX (1.07.a) at 0x84A90000. Encoder 8b10b, width 4/4, lanes 4, jesd204-fsm.
[    4.449865] axi-jesd204-tx 84b90000.axi-jesd204-tx: AXI-JESD204-TX (1.06.a) at 0x84B90000. Encoder 8b10b, width 4/4, lanes 4, jesd204-fsm.
[    4.463388] zynqmp-display fd4a0000.display: vtc bridge property not present
[    4.469439] mmc0: new high speed SDHC card at address 0001
[    4.473035] xilinx-dp-snd-codec fd4a0000.display:zynqmp_dp_snd_codec0: Failed to get required clock freq
[    4.476276] mmcblk0: mmc0:0001 EB1QT 29.8 GiB 
[    4.485400] xilinx-dp-snd-codec: probe of fd4a0000.display:zynqmp_dp_snd_codec0 failed with error -22
[    4.499404] xilinx-dp-snd-pcm zynqmp_dp_snd_pcm0: Xilinx DisplayPort Sound PCM probed
[    4.500582]  mmcblk0: p1 p2 p3
[    4.507583] xilinx-dp-snd-pcm zynqmp_dp_snd_pcm1: Xilinx DisplayPort Sound PCM probed
[    4.518485] OF: graph: no port node found in /axi/display@fd4a0000
[    4.524885] xlnx-drm xlnx-drm.0: bound fd4a0000.display (ops 0xffffffc010fcbdb8)
[    5.611699] zynqmp-display fd4a0000.display: [drm] Cannot find any crtc or sizes
[    5.619322] [drm] Initialized xlnx 1.0.0 20130509 for fd4a0000.display on minor 0
[    5.626813] zynqmp-display fd4a0000.display: ZynqMP DisplayPort Subsystem driver probed
[    5.635126] ahci-ceva fd0c0000.ahci: supply ahci not found, using dummy regulator
[    5.642671] ahci-ceva fd0c0000.ahci: supply phy not found, using dummy regulator
[    5.650126] ahci-ceva fd0c0000.ahci: supply target not found, using dummy regulator
[    5.657961] ahci-ceva fd0c0000.ahci: AHCI 0001.0301 32 slots 2 ports 6 Gbps 0x3 impl platform mode
[    5.666912] ahci-ceva fd0c0000.ahci: flags: 64bit ncq sntf pm clo only pmp fbs pio slum part ccc sds apst 
[    5.677613] scsi host0: ahci-ceva
[    5.681193] scsi host1: ahci-ceva
[    5.684631] ata1: SATA max UDMA/133 mmio [mem 0xfd0c0000-0xfd0c1fff] port 0x100 irq 45
[    5.692543] ata2: SATA max UDMA/133 mmio [mem 0xfd0c0000-0xfd0c1fff] port 0x180 irq 45
[    5.701150] ad9081 spi1.0: supply vdd not found, using dummy regulator
[    6.013902] ata1: SATA link down (SStatus 0 SControl 330)
[    6.019306] ata2: SATA link down (SStatus 0 SControl 330)
[    6.695702] zynqmp-display fd4a0000.display: [drm] Cannot find any crtc or sizes
[    7.500349] ad9081 spi1.0: AD9081 Rev. 2 Grade 10 (API 1.2.2) probed
[    7.507551] xhci-hcd xhci-hcd.1.auto: xHCI Host Controller
[    7.513045] xhci-hcd xhci-hcd.1.auto: new USB bus registered, assigned bus number 1
[    7.520793] xhci-hcd xhci-hcd.1.auto: hcc params 0x0238f625 hci version 0x100 quirks 0x0000000002010810
[    7.530205] xhci-hcd xhci-hcd.1.auto: irq 59, io mem 0xfe200000
[    7.536308] usb usb1: New USB device found, idVendor=1d6b, idProduct=0002, bcdDevice= 5.10
[    7.544570] usb usb1: New USB device strings: Mfr=3, Product=2, SerialNumber=1
[    7.551788] usb usb1: Product: xHCI Host Controller
[    7.556656] usb usb1: Manufacturer: Linux 5.10.0-98103-g2aa7ac113716 xhci-hcd
[    7.563782] usb usb1: SerialNumber: xhci-hcd.1.auto
[    7.568950] hub 1-0:1.0: USB hub found
[    7.572709] hub 1-0:1.0: 1 port detected
[    7.576807] xhci-hcd xhci-hcd.1.auto: xHCI Host Controller
[    7.582298] xhci-hcd xhci-hcd.1.auto: new USB bus registered, assigned bus number 2
[    7.589951] xhci-hcd xhci-hcd.1.auto: Host supports USB 3.0 SuperSpeed
[    7.596574] usb usb2: New USB device found, idVendor=1d6b, idProduct=0003, bcdDevice= 5.10
[    7.604835] usb usb2: New USB device strings: Mfr=3, Product=2, SerialNumber=1
[    7.612058] usb usb2: Product: xHCI Host Controller
[    7.616931] usb usb2: Manufacturer: Linux 5.10.0-98103-g2aa7ac113716 xhci-hcd
[    7.624057] usb usb2: SerialNumber: xhci-hcd.1.auto
[    7.629168] hub 2-0:1.0: USB hub found
[    7.632928] hub 2-0:1.0: 1 port detected
[    7.663001] cf_axi_adc 84a10000.axi-ad9081-rx-hpc: ADI AIM (10.01.b) at 0x84A10000 mapped to 0x(____ptrval____), probed ADC AD9081 as MASTER
[    7.696521] cf_axi_dds 84b10000.axi-ad9081-tx-hpc: Analog Devices CF_AXI_DDS_DDS MASTER (9.01.b) at 0x84B10000 mapped to 0x(____ptrval____), probed DDS AD9081
[    7.710725] jesd204: /axi/spi@ff040000/ad9081@0,jesd204:0,parent=spi1.0: JESD204[2] transition initialized -> probed
[    7.721247] jesd204: /axi/spi@ff040000/ad9081@0,jesd204:0,parent=spi1.0: JESD204[0] transition initialized -> probed
[    7.731770] jesd204: /axi/spi@ff040000/ad9081@0,jesd204:0,parent=spi1.0: JESD204[2] transition probed -> idle
[    7.741678] jesd204: /axi/spi@ff040000/ad9081@0,jesd204:0,parent=spi1.0: JESD204[0] transition probed -> idle
[    7.751593] jesd204: /axi/spi@ff040000/ad9081@0,jesd204:0,parent=spi1.0: JESD204[2] transition idle -> device_init
[    7.761936] jesd204: /axi/spi@ff040000/ad9081@0,jesd204:0,parent=spi1.0: JESD204[0] transition idle -> device_init
[    7.772287] jesd204: /axi/spi@ff040000/ad9081@0,jesd204:0,parent=spi1.0: JESD204[2] transition device_init -> link_init
[    7.783061] jesd204: /axi/spi@ff040000/ad9081@0,jesd204:0,parent=spi1.0: JESD204[0] transition device_init -> link_init
[    7.793854] jesd204: /axi/spi@ff040000/ad9081@0,jesd204:0,parent=spi1.0: JESD204[2] transition link_init -> link_supported
[    7.804894] jesd204: /axi/spi@ff040000/ad9081@0,jesd204:0,parent=spi1.0: JESD204[0] transition link_init -> link_supported
[    7.816306] hmc7044 spi2.0: hmc7044_jesd204_link_pre_setup: Link2 forcing continuous SYSREF mode
[    7.825525] jesd204: /axi/spi@ff040000/ad9081@0,jesd204:0,parent=spi1.0: JESD204[2] transition link_supported -> link_pre_setup
[    7.837003] jesd204: /axi/spi@ff040000/ad9081@0,jesd204:0,parent=spi1.0: JESD204[0] transition link_supported -> link_pre_setup
[    7.860831] jesd204: /axi/spi@ff040000/ad9081@0,jesd204:0,parent=spi1.0: JESD204[2] transition link_pre_setup -> clk_sync_stage1
[    7.872391] jesd204: /axi/spi@ff040000/ad9081@0,jesd204:0,parent=spi1.0: JESD204[0] transition link_pre_setup -> clk_sync_stage1
[    7.883953] jesd204: /axi/spi@ff040000/ad9081@0,jesd204:0,parent=spi1.0: JESD204[2] transition clk_sync_stage1 -> clk_sync_stage2
[    7.895599] jesd204: /axi/spi@ff040000/ad9081@0,jesd204:0,parent=spi1.0: JESD204[0] transition clk_sync_stage1 -> clk_sync_stage2
[    7.907257] jesd204: /axi/spi@ff040000/ad9081@0,jesd204:0,parent=spi1.0: JESD204[2] transition clk_sync_stage2 -> clk_sync_stage3
[    7.918905] jesd204: /axi/spi@ff040000/ad9081@0,jesd204:0,parent=spi1.0: JESD204[0] transition clk_sync_stage2 -> clk_sync_stage3
[    7.932576] jesd204: /axi/spi@ff040000/ad9081@0,jesd204:0,parent=spi1.0: JESD204[2] transition clk_sync_stage3 -> link_setup
[    7.943794] jesd204: /axi/spi@ff040000/ad9081@0,jesd204:0,parent=spi1.0: JESD204[0] transition clk_sync_stage3 -> link_setup
[    7.959883] jesd204: /axi/spi@ff040000/ad9081@0,jesd204:0,parent=spi1.0: JESD204[2] transition link_setup -> opt_setup_stage1
[    7.971187] jesd204: /axi/spi@ff040000/ad9081@0,jesd204:0,parent=spi1.0: JESD204[0] transition link_setup -> opt_setup_stage1
[    7.987686] jesd204: /axi/spi@ff040000/ad9081@0,jesd204:0,parent=spi1.0: JESD204[2] transition opt_setup_stage1 -> opt_setup_stage2
[    7.999509] jesd204: /axi/spi@ff040000/ad9081@0,jesd204:0,parent=spi1.0: JESD204[0] transition opt_setup_stage1 -> opt_setup_stage2
[    8.011482] jesd204: /axi/spi@ff040000/ad9081@0,jesd204:0,parent=spi1.0: JESD204[2] transition opt_setup_stage2 -> opt_setup_stage3
[    8.023301] jesd204: /axi/spi@ff040000/ad9081@0,jesd204:0,parent=spi1.0: JESD204[0] transition opt_setup_stage2 -> opt_setup_stage3
[    8.035124] jesd204: /axi/spi@ff040000/ad9081@0,jesd204:0,parent=spi1.0: JESD204[2] transition opt_setup_stage3 -> opt_setup_stage4
[    8.046944] jesd204: /axi/spi@ff040000/ad9081@0,jesd204:0,parent=spi1.0: JESD204[0] transition opt_setup_stage3 -> opt_setup_stage4
[    8.058772] jesd204: /axi/spi@ff040000/ad9081@0,jesd204:0,parent=spi1.0: JESD204[2] transition opt_setup_stage4 -> opt_setup_stage5
[    8.070597] jesd204: /axi/spi@ff040000/ad9081@0,jesd204:0,parent=spi1.0: JESD204[0] transition opt_setup_stage4 -> opt_setup_stage5
[    8.105666] axi_adxcvr 84a60000.axi-adxcvr-rx: adxcvr_clk_enable: QPLL RX buffer underflow error, status: 0x61
[    8.115653] axi_adxcvr 84a60000.axi-adxcvr-rx: adxcvr_clk_enable: QPLL RX buffer overflow error, status: 0x61
[    8.129674] jesd204: /axi/spi@ff040000/ad9081@0,jesd204:0,parent=spi1.0: JESD204[2] transition opt_setup_stage5 -> clocks_enable
[    8.141236] jesd204: /axi/spi@ff040000/ad9081@0,jesd204:0,parent=spi1.0: JESD204[0] transition opt_setup_stage5 -> clocks_enable
[    8.152857] jesd204: /axi/spi@ff040000/ad9081@0,jesd204:0,parent=spi1.0: JESD204[2] transition clocks_enable -> link_enable
[    8.163987] jesd204: /axi/spi@ff040000/ad9081@0,jesd204:0,parent=spi1.0: JESD204[0] transition clocks_enable -> link_enable
[    8.303685] axi-jesd204-rx 84a90000.axi-jesd204-rx: axi_jesd204_rx_jesd204_link_running: Link2 status failed (CGS)
[    8.314029] jesd204: /fpga-axi@0/axi-jesd204-rx@84a90000,jesd204:4,parent=84a90000.axi-jesd204-rx: JESD204[2] In link_running got error from cb: -1 (ignoring!)
[    8.423917] ad9081 spi1.0: JESD RX (JTX) Link2 in CGS, SYNC asserted, PLL locked, PHASE established, MODE valid
[    8.434005] jesd204: /axi/spi@ff040000/ad9081@0,jesd204:0,parent=spi1.0: JESD204[2] In link_running got error from cb: -1 (ignoring!)
[    8.446238] ad9081 spi1.0: JESD TX (JRX) Link0 0xF lanes in DATA
[    8.452243] jesd204: /axi/spi@ff040000/ad9081@0,jesd204:0,parent=spi1.0: JESD204[2] transition link_enable -> link_running
[    8.463280] jesd204: /axi/spi@ff040000/ad9081@0,jesd204:0,parent=spi1.0: JESD204[0] transition link_enable -> link_running
[    8.474325] jesd204: /axi/spi@ff040000/ad9081@0,jesd204:0,parent=spi1.0: JESD204[2] transition link_running -> opt_post_running_stage
[    8.486317] jesd204: /axi/spi@ff040000/ad9081@0,jesd204:0,parent=spi1.0: JESD204[0] transition link_running -> opt_post_running_stage
[    8.507527] input: gpio-keys as /devices/platform/gpio-keys/input/input0
[    8.514556] of_cfs_init
[    8.517022] of_cfs_init: OK
[    8.519960] cfg80211: Loading compiled-in X.509 certificates for regulatory database
[    8.658047] cfg80211: Loaded X.509 cert 'sforshee: 00b28ddf47aef9cea7'
[    8.664579] clk: Not disabling unused clocks
[    8.669112] ALSA device list:
[    8.672071]   No soundcards found.
[    8.675748] platform regulatory.0: Direct firmware load for regulatory.db failed with error -2
[    8.684355] cfg80211: failed to load regulatory.db
[    8.686260] EXT4-fs (mmcblk0p2): mounted filesystem with ordered data mode. Opts: (null)
[    8.697247] VFS: Mounted root (ext4 filesystem) on device 179:2.
[    8.710382] devtmpfs: mounted
[    8.714193] Freeing unused kernel memory: 2560K
[    8.727731] Run /sbin/init as init process
[    8.731820]   with arguments:
[    8.731823]     /sbin/init
[    8.731825]   with environment:
[    8.731827]     HOME=/
[    8.731830]     TERM=linux
[    9.300875] systemd[1]: systemd 241 running in system mode. (+PAM +AUDIT +SELINUX +IMA +APPARMOR +SMACK +SYSVINIT +UTMP +LIBCRYPTSETUP +GCRYPT +GNUTLS +ACL +XZ +LZ4 +SECCOMP +BLKID +ELFUTILS +KMOD -IDN2 +IDN -PCRE2 default-hierarchy=hybrid)
[    9.322727] systemd[1]: Detected architecture arm64.
[    9.344394] systemd[1]: Set hostname to <analog>.
[    9.559098] systemd[1]: File /lib/systemd/system/systemd-journald.service:12 configures an IP firewall (IPAddressDeny=any), but the local system does not support BPF/cgroup based firewalling.
[    9.576319] systemd[1]: Proceeding WITHOUT firewalling in effect! (This warning is only shown for the first loaded unit using IP firewalling.)
[    9.739656] systemd[1]: /etc/systemd/system/tof-server.service:1: Assignment outside of section. Ignoring.
[    9.749341] systemd[1]: /etc/systemd/system/tof-server.service:2: Assignment outside of section. Ignoring.
[    9.932154] random: systemd: uninitialized urandom read (16 bytes read)
[    9.946807] random: systemd: uninitialized urandom read (16 bytes read)
[    9.953469] systemd[1]: Reached target Swap.
[    9.967792] random: systemd: uninitialized urandom read (16 bytes read)
[    9.974815] systemd[1]: Created slice User and Session Slice.
[    9.996071] systemd[1]: Listening on fsck to fsckd communication Socket.
[   10.596258] ------------[ cut here ]------------
[   10.596267] Enabling unprepared \xa0\xc9K\x88\xff\xff\xff@K\x88\xff\xff\xff
[   10.596313] WARNING: CPU: 1 PID: 132 at drivers/clk/clk.c:1012 clk_core_enable+0xa4/0xc0
[   10.596316] Modules linked in:
[   10.596326] CPU: 1 PID: 132 Comm: kworker/1:1H Not tainted 5.10.0-98103-g2aa7ac113716 #5577
[   10.596329] Hardware name: ZynqMP ZCU102 Rev1.0 (DT)
[   10.596339] Workqueue: kblockd blk_mq_run_work_fn
[   10.596346] pstate: 80000085 (Nzcv daIf -PAN -UAO -TCO BTYPE=--)
[   10.596351] pc : clk_core_enable+0xa4/0xc0
[   10.596357] lr : clk_core_enable+0xa4/0xc0
[   10.596360] sp : ffffffc012b6b2d0
[   10.596363] x29: ffffffc012b6b2d0 x28: ffffff8800330c10 
[   10.596370] x27: ffffff8800330d48 x26: 0000005000000101 
[   10.596376] x25: 0000000271a527ba x24: 0000000000000001 
[   10.596383] x23: ffffff880110aa00 x22: ffffff8801083220 
[   10.596389] x21: ffffff88014b4000 x20: ffffff88014b4008 
[   10.596396] x19: ffffff88014b4008 x18: 0000000000000030 
[   10.596402] x17: 0000000000000001 x16: 0000b5f8ec49b4a2 
[   10.596408] x15: ffffffffffff8988 x14: ffffffc011d3b1a0 
[   10.596415] x13: ffffffc011d3b1c8 x12: 00000000000005f7 
[   10.596421] x11: 00000000000001fd x10: ffffffc011d671c8 
[   10.596428] x9 : 00000000fffff800 x8 : ffffffc011d3b1c8 
[   10.596434] x7 : ffffffc011d671c8 x6 : 0000000000000001 
[   10.596441] x5 : ffffff887f77c9e0 x4 : 0000000000000000 
[   10.596447] x3 : 0000000000000027 x2 : 0000000000000023 
[   10.596453] x1 : 928fbf4ea6a00d00 x0 : 0000000000000000 
[   10.596460] Call trace:
[   10.596466]  clk_core_enable+0xa4/0xc0
[   10.596471]  clk_enable+0x2c/0x60
[   10.596478]  zynqmp_runtime_resume+0x24/0x84
[   10.596484]  pm_generic_runtime_resume+0x30/0x50
[   10.596490]  __genpd_runtime_resume+0x30/0xb0
[   10.596496]  genpd_runtime_resume+0x90/0x250
[   10.596503]  __rpm_callback+0x10c/0x1e0
[   10.596508]  rpm_callback+0x5c/0x84
[   10.596513]  rpm_resume+0x4a4/0x74c
[   10.596518]  __pm_runtime_resume+0x78/0xc4
[   10.596523]  spi_mem_access_start.isra.0+0x30/0x80
[   10.596527]  spi_mem_exec_op+0x3b0/0x424
[   10.596532]  spi_nor_read_sr+0x78/0xe0
[   10.596537]  spi_nor_wait_till_ready_with_timeout+0xb4/0x2f0
[   10.596541]  spi_nor_read+0x188/0x380
[   10.596546]  mtd_read_oob_std+0x78/0x84
[   10.596551]  mtd_read_oob+0x7c/0x134
[   10.596555]  mtd_read+0x48/0x7c
[   10.596561]  mtdblock_readsect+0x6c/0x150
[   10.596566]  mtd_queue_rq+0x2cc/0x5a0
[   10.596572]  blk_mq_dispatch_rq_list+0x110/0x790
[   10.596578]  __blk_mq_do_dispatch_sched+0x200/0x274
[   10.596584]  __blk_mq_sched_dispatch_requests+0x1a8/0x1fc
[   10.596590]  blk_mq_sched_dispatch_requests+0x3c/0x7c
[   10.596595]  __blk_mq_run_hw_queue+0x98/0x100
[   10.596599]  blk_mq_run_work_fn+0x24/0x30
[   10.596605]  process_one_work+0x1d4/0x380
[   10.596609]  worker_thread+0x78/0x4e0
[   10.596614]  kthread+0x124/0x130
[   10.596620]  ret_from_fork+0x10/0x3c
[   10.596623] ---[ end trace ca042e42b237171e ]---
[   10.596632] zynqmp-qspi ff0f0000.spi: Cannot enable APB clock.
[   10.596681] spi_master spi0: Failed to power device: -108
[   10.596691] blk_update_request: I/O error, dev mtdblock0, sector 8 op 0x0:(READ) flags 0x80700 phys_seg 1 prio class 0
[   10.596754] spi_master spi0: Failed to power device: -22
[   10.596760] blk_update_request: I/O error, dev mtdblock0, sector 8 op 0x0:(READ) flags 0x0 phys_seg 8 prio class 0
[   10.596766] Buffer I/O error on dev mtdblock0, logical block 8, async page read
[   10.596776] spi_master spi0: Failed to power device: -22
[   10.596781] blk_update_request: I/O error, dev mtdblock0, sector 9 op 0x0:(READ) flags 0x0 phys_seg 7 prio class 0
[   10.596785] Buffer I/O error on dev mtdblock0, logical block 9, async page read
[   10.596792] spi_master spi0: Failed to power device: -22
[   10.596798] blk_update_request: I/O error, dev mtdblock0, sector 10 op 0x0:(READ) flags 0x0 phys_seg 6 prio class 0
[   10.596802] Buffer I/O error on dev mtdblock0, logical block 10, async page read
[   10.596809] spi_master spi0: Failed to power device: -22
[   10.596814] blk_update_request: I/O error, dev mtdblock0, sector 11 op 0x0:(READ) flags 0x0 phys_seg 5 prio class 0
[   10.596818] Buffer I/O error on dev mtdblock0, logical block 11, async page read
[   10.596825] spi_master spi0: Failed to power device: -22
[   10.596831] blk_update_request: I/O error, dev mtdblock0, sector 12 op 0x0:(READ) flags 0x0 phys_seg 4 prio class 0
[   10.596834] Buffer I/O error on dev mtdblock0, logical block 12, async page read
[   10.596841] spi_master spi0: Failed to power device: -22
[   10.596847] blk_update_request: I/O error, dev mtdblock0, sector 13 op 0x0:(READ) flags 0x0 phys_seg 3 prio class 0
[   10.596850] Buffer I/O error on dev mtdblock0, logical block 13, async page read
[   10.596857] spi_master spi0: Failed to power device: -22
[   10.596863] blk_update_request: I/O error, dev mtdblock0, sector 14 op 0x0:(READ) flags 0x0 phys_seg 2 prio class 0
[   10.596866] Buffer I/O error on dev mtdblock0, logical block 14, async page read
[   10.596873] spi_master spi0: Failed to power device: -22
[   10.596879] blk_update_request: I/O error, dev mtdblock0, sector 15 op 0x0:(READ) flags 0x0 phys_seg 1 prio class 0
[   10.596882] Buffer I/O error on dev mtdblock0, logical block 15, async page read
[   10.597181] spi_master spi0: Failed to power device: -22
[   10.597188] blk_update_request: I/O error, dev mtdblock1, sector 10112 op 0x0:(READ) flags 0x80700 phys_seg 1 prio class 0
[   10.597232] spi_master spi0: Failed to power device: -22
[   10.597238] Buffer I/O error on dev mtdblock1, logical block 10112, async page read
[   10.597246] spi_master spi0: Failed to power device: -22
[   10.597251] Buffer I/O error on dev mtdblock1, logical block 10113, async page read
[   10.597258] spi_master spi0: Failed to power device: -22
[   10.597265] spi_master spi0: Failed to power device: -22
[   10.597273] spi_master spi0: Failed to power device: -22
[   10.597280] spi_master spi0: Failed to power device: -22
[   10.597287] spi_master spi0: Failed to power device: -22
[   10.597294] spi_master spi0: Failed to power device: -22
[   10.597525] spi_master spi0: Failed to power device: -22
[   10.597569] spi_master spi0: Failed to power device: -22
[   10.597578] spi_master spi0: Failed to power device: -22
[   10.597586] spi_master spi0: Failed to power device: -22
[   10.597593] spi_master spi0: Failed to power device: -22
[   10.597601] spi_master spi0: Failed to power device: -22
[   10.597608] spi_master spi0: Failed to power device: -22
[   10.597615] spi_master spi0: Failed to power device: -22
[   10.597622] spi_master spi0: Failed to power device: -22
[   10.597881] spi_master spi0: Failed to power device: -22
[   10.597925] spi_master spi0: Failed to power device: -22
[   10.597934] spi_master spi0: Failed to power device: -22
[   10.597942] spi_master spi0: Failed to power device: -22
[   10.597949] spi_master spi0: Failed to power device: -22
[   10.597957] spi_master spi0: Failed to power device: -22
[   10.597964] spi_master spi0: Failed to power device: -22
[   10.597971] spi_master spi0: Failed to power device: -22
[   10.597979] spi_master spi0: Failed to power device: -22
[   10.721666] EXT4-fs (mmcblk0p2): re-mounted. Opts: (null)
[   10.835400] systemd-journald[168]: Received request to flush runtime journal from PID 1
[   16.644704] macb ff0e0000.ethernet eth0: PHY [ff0e0000.ethernet-ffffffff:0c] driver [TI DP83867] (irq=POLL)
[   16.644717] macb ff0e0000.ethernet eth0: configuring for phy/rgmii-id link mode
[   16.939739] Adding 102396k swap on /var/swap.  Priority:-2 extents:4 across:9953604k SS
[   18.611707] random: crng init done
[   18.611718] random: 7 urandom warning(s) missed due to ratelimiting
[   19.484038] broken atomic modeset userspace detected, disabling atomic
[   19.713323] macb ff0e0000.ethernet eth0: Link is Up - 1Gbps/Full - flow control off
[   19.713348] IPv6: ADDRCONF(NETDEV_CHANGE): eth0: link becomes ready
[   22.152195] broken atomic modeset userspace detected, disabling atomic
[   25.050304] broken atomic modeset userspace detected, disabling atomic