[    0.000000] Booting Linux on physical CPU 0x0000000000 [0x410fd034]
[    0.000000] Linux version 5.10.0-98103-g2aa7ac113716 (jenkins@romlxbuild1.adlk.analog.com) (aarch64-xilinx-linux-gcc.real (GCC) 10.2.0, GNU ld (GNU Binutils) 2.35.0.20200730) #5577 SMP Wed Mar 23 07:28:49 GMT 2022
[    0.000000] Machine model: ZynqMP ZCU102 Rev1.0
[    0.000000] earlycon: cdns0 at MMIO 0x00000000ff000000 (options '115200n8')
[    0.000000] printk: bootconsole [cdns0] enabled
[    0.000000] efi: UEFI not found.
[    0.000000] cma: Reserved 256 MiB at 0x0000000070000000
[    0.000000] Zone ranges:
[    0.000000]   DMA      [mem 0x0000000000000000-0x000000003fffffff]
[    0.000000]   DMA32    [mem 0x0000000040000000-0x00000000ffffffff]
[    0.000000]   Normal   [mem 0x0000000100000000-0x000000087fffffff]
[    0.000000] Movable zone start for each node
[    0.000000] Early memory node ranges
[    0.000000]   node   0: [mem 0x0000000000000000-0x000000007fffffff]
[    0.000000]   node   0: [mem 0x0000000800000000-0x000000087fffffff]
[    0.000000] Initmem setup node 0 [mem 0x0000000000000000-0x000000087fffffff]
[    0.000000] On node 0 totalpages: 1048576
[    0.000000]   DMA zone: 3584 pages used for memmap
[    0.000000]   DMA zone: 0 pages reserved
[    0.000000]   DMA zone: 262144 pages, LIFO batch:63
[    0.000000]   DMA32 zone: 3584 pages used for memmap
[    0.000000]   DMA32 zone: 262144 pages, LIFO batch:63
[    0.000000]   Normal zone: 7168 pages used for memmap
[    0.000000]   Normal zone: 524288 pages, LIFO batch:63
[    0.000000] psci: probing for conduit method from DT.
[    0.000000] psci: PSCIv1.1 detected in firmware.
[    0.000000] psci: Using standard PSCI v0.2 function IDs
[    0.000000] psci: MIGRATE_INFO_TYPE not supported.
[    0.000000] psci: SMC Calling Convention v1.2
[    0.000000] percpu: Embedded 22 pages/cpu s49496 r8192 d32424 u90112
[    0.000000] pcpu-alloc: s49496 r8192 d32424 u90112 alloc=22*4096
[    0.000000] pcpu-alloc: [0] 0 [0] 1 [0] 2 [0] 3 
[    0.000000] Detected VIPT I-cache on CPU0
[    0.000000] CPU features: detected: ARM erratum 845719
[    0.000000] Built 1 zonelists, mobility grouping on.  Total pages: 1034240
[    0.000000] Kernel command line: console=ttyPS0,115200 root=/dev/mmcblk0p2 rw earlycon rootfstype=ext4 rootwait clk_ignore_unused cpuidle.off=1 root=/dev/mmcblk0p2 rw rootwait
[    0.000000] Dentry cache hash table entries: 524288 (order: 10, 4194304 bytes, linear)
[    0.000000] Inode-cache hash table entries: 262144 (order: 9, 2097152 bytes, linear)
[    0.000000] mem auto-init: stack:off, heap alloc:off, heap free:off
[    0.000000] software IO TLB: mapped [mem 0x000000003bfff000-0x000000003ffff000] (64MB)
[    0.000000] Memory: 3761904K/4194304K available (15296K kernel code, 1636K rwdata, 11876K rodata, 2560K init, 507K bss, 170256K reserved, 262144K cma-reserved)
[    0.000000] rcu: Hierarchical RCU implementation.
[    0.000000] rcu: 	RCU event tracing is enabled.
[    0.000000] rcu: 	RCU restricting CPUs from NR_CPUS=8 to nr_cpu_ids=4.
[    0.000000] rcu: RCU calculated value of scheduler-enlistment delay is 25 jiffies.
[    0.000000] rcu: Adjusting geometry for rcu_fanout_leaf=16, nr_cpu_ids=4
[    0.000000] NR_IRQS: 64, nr_irqs: 64, preallocated irqs: 0
[    0.000000] GIC: Adjusting CPU interface base to 0x00000000f902f000
[    0.000000] GIC: Using split EOI/Deactivate mode
[    0.000000] random: get_random_bytes called from start_kernel+0x31c/0x54c with crng_init=0
[    0.000000] arch_timer: cp15 timer(s) running at 100.00MHz (phys).
[    0.000000] clocksource: arch_sys_counter: mask: 0xffffffffffffff max_cycles: 0x171024e7e0, max_idle_ns: 440795205315 ns
[    0.000003] sched_clock: 56 bits at 100MHz, resolution 10ns, wraps every 4398046511100ns
[    0.008464] Console: colour dummy device 80x25
[    0.012483] Calibrating delay loop (skipped), value calculated using timer frequency.. 200.00 BogoMIPS (lpj=400000)
[    0.022841] pid_max: default: 32768 minimum: 301
[    0.027550] Mount-cache hash table entries: 8192 (order: 4, 65536 bytes, linear)
[    0.034789] Mountpoint-cache hash table entries: 8192 (order: 4, 65536 bytes, linear)
[    0.043397] rcu: Hierarchical SRCU implementation.
[    0.047561] EFI services will not be available.
[    0.051938] smp: Bringing up secondary CPUs ...
[    0.056657] Detected VIPT I-cache on CPU1
[    0.056696] CPU1: Booted secondary processor 0x0000000001 [0x410fd034]
[    0.057058] Detected VIPT I-cache on CPU2
[    0.057082] CPU2: Booted secondary processor 0x0000000002 [0x410fd034]
[    0.057421] Detected VIPT I-cache on CPU3
[    0.057444] CPU3: Booted secondary processor 0x0000000003 [0x410fd034]
[    0.057491] smp: Brought up 1 node, 4 CPUs
[    0.091780] SMP: Total of 4 processors activated.
[    0.096452] CPU features: detected: 32-bit EL0 Support
[    0.101556] CPU features: detected: CRC32 instructions
[    0.106696] CPU: All CPU(s) started at EL2
[    0.110736] alternatives: patching kernel code
[    0.116167] devtmpfs: initialized
[    0.124064] Registered cp15_barrier emulation handler
[    0.124114] Registered setend emulation handler
[    0.128092] clocksource: jiffies: mask: 0xffffffff max_cycles: 0xffffffff, max_idle_ns: 7645041785100000 ns
[    0.137670] futex hash table entries: 1024 (order: 4, 65536 bytes, linear)
[    0.151031] pinctrl core: initialized pinctrl subsystem
[    0.151676] NET: Registered protocol family 16
[    0.156102] DMA: preallocated 512 KiB GFP_KERNEL pool for atomic allocations
[    0.162117] DMA: preallocated 512 KiB GFP_KERNEL|GFP_DMA pool for atomic allocations
[    0.169843] DMA: preallocated 512 KiB GFP_KERNEL|GFP_DMA32 pool for atomic allocations
[    0.177645] audit: initializing netlink subsys (disabled)
[    0.183094] audit: type=2000 audit(0.116:1): state=initialized audit_enabled=0 res=1
[    0.183441] hw-breakpoint: found 6 breakpoint and 4 watchpoint registers.
[    0.197471] ASID allocator initialised with 65536 entries
[    0.224328] HugeTLB registered 1.00 GiB page size, pre-allocated 0 pages
[    0.225386] HugeTLB registered 32.0 MiB page size, pre-allocated 0 pages
[    0.232056] HugeTLB registered 2.00 MiB page size, pre-allocated 0 pages
[    0.238717] HugeTLB registered 64.0 KiB page size, pre-allocated 0 pages
[    1.304309] DRBG: Continuing without Jitter RNG
[    1.382109] raid6: neonx8   gen()  2143 MB/s
[    1.450161] raid6: neonx8   xor()  1598 MB/s
[    1.518217] raid6: neonx4   gen()  2200 MB/s
[    1.586261] raid6: neonx4   xor()  1568 MB/s
[    1.654330] raid6: neonx2   gen()  2075 MB/s
[    1.722377] raid6: neonx2   xor()  1436 MB/s
[    1.790449] raid6: neonx1   gen()  1772 MB/s
[    1.858491] raid6: neonx1   xor()  1220 MB/s
[    1.926554] raid6: int64x8  gen()  1438 MB/s
[    1.994606] raid6: int64x8  xor()   771 MB/s
[    2.062679] raid6: int64x4  gen()  1599 MB/s
[    2.130735] raid6: int64x4  xor()   820 MB/s
[    2.198792] raid6: int64x2  gen()  1397 MB/s
[    2.266842] raid6: int64x2  xor()   750 MB/s
[    2.334914] raid6: int64x1  gen()  1034 MB/s
[    2.402980] raid6: int64x1  xor()   517 MB/s
[    2.403018] raid6: using algorithm neonx4 gen() 2200 MB/s
[    2.406970] raid6: .... xor() 1568 MB/s, rmw enabled
[    2.411900] raid6: using neon recovery algorithm
[    2.416914] iommu: Default domain type: Translated 
[    2.421527] SCSI subsystem initialized
[    2.425069] libata version 3.00 loaded.
[    2.425193] usbcore: registered new interface driver usbfs
[    2.430525] usbcore: registered new interface driver hub
[    2.435799] usbcore: registered new device driver usb
[    2.440934] mc: Linux media interface: v0.10
[    2.445049] videodev: Linux video capture interface: v2.00
[    2.450538] EDAC MC: Ver: 3.0.0
[    2.453976] zynqmp-ipi-mbox mailbox@ff990400: Registered ZynqMP IPI mbox with TX/RX channels.
[    2.462483] jesd204: created con: id=0, topo=0, link=0, /axi/spi@ff050000/hmc7044@0 <-> /fpga-axi@0/axi-adxcvr-tx@84b60000
[    2.473069] jesd204: created con: id=1, topo=0, link=2, /axi/spi@ff050000/hmc7044@0 <-> /fpga-axi@0/axi-adxcvr-rx@84a60000
[    2.484053] jesd204: created con: id=2, topo=0, link=0, /fpga-axi@0/axi-adxcvr-tx@84b60000 <-> /fpga-axi@0/axi-jesd204-tx@84b90000
[    2.495729] jesd204: created con: id=3, topo=0, link=2, /fpga-axi@0/axi-adxcvr-rx@84a60000 <-> /fpga-axi@0/axi-jesd204-rx@84a90000
[    2.507406] jesd204: created con: id=4, topo=0, link=0, /fpga-axi@0/axi-jesd204-tx@84b90000 <-> /fpga-axi@0/axi-ad9081-tx-hpc@84b10000
[    2.519434] jesd204: created con: id=5, topo=0, link=2, /fpga-axi@0/axi-jesd204-rx@84a90000 <-> /fpga-axi@0/axi-ad9081-rx-hpc@84a10000
[    2.531456] jesd204: created con: id=6, topo=0, link=2, /fpga-axi@0/axi-ad9081-rx-hpc@84a10000 <-> /axi/spi@ff040000/ad9081@0
[    2.542698] jesd204: created con: id=7, topo=0, link=0, /fpga-axi@0/axi-ad9081-tx-hpc@84b10000 <-> /axi/spi@ff040000/ad9081@0
[    2.553948] jesd204: /axi/spi@ff040000/ad9081@0: JESD204[2] transition uninitialized -> initialized
[    2.562934] jesd204: /axi/spi@ff040000/ad9081@0: JESD204[0] transition uninitialized -> initialized
[    2.571926] jesd204: found 8 devices and 1 topologies
[    2.576967] FPGA manager framework
[    2.580447] Advanced Linux Sound Architecture Driver Initialized.
[    2.586742] Bluetooth: Core ver 2.22
[    2.589929] NET: Registered protocol family 31
[    2.594330] Bluetooth: HCI device and connection manager initialized
[    2.600646] Bluetooth: HCI socket layer initialized
[    2.605489] Bluetooth: L2CAP socket layer initialized
[    2.610513] Bluetooth: SCO socket layer initialized
[    2.615694] clocksource: Switched to clocksource arch_sys_counter
[    2.621501] VFS: Disk quotas dquot_6.6.0
[    2.625342] VFS: Dquot-cache hash table entries: 512 (order 0, 4096 bytes)
[    2.636049] NET: Registered protocol family 2
[    2.636784] tcp_listen_portaddr_hash hash table entries: 2048 (order: 3, 32768 bytes, linear)
[    2.644980] TCP established hash table entries: 32768 (order: 6, 262144 bytes, linear)
[    2.653005] TCP bind hash table entries: 32768 (order: 7, 524288 bytes, linear)
[    2.660451] TCP: Hash tables configured (established 32768 bind 32768)
[    2.666623] UDP hash table entries: 2048 (order: 4, 65536 bytes, linear)
[    2.673290] UDP-Lite hash table entries: 2048 (order: 4, 65536 bytes, linear)
[    2.680451] NET: Registered protocol family 1
[    2.684903] RPC: Registered named UNIX socket transport module.
[    2.690527] RPC: Registered udp transport module.
[    2.695191] RPC: Registered tcp transport module.
[    2.699861] RPC: Registered tcp NFSv4.1 backchannel transport module.
[    2.706843] PCI: CLS 0 bytes, default 64
[    2.710553] hw perfevents: no interrupt-affinity property for /pmu, guessing.
[    2.717411] hw perfevents: enabled with armv8_pmuv3 PMU driver, 7 counters available
[    2.725768] Initialise system trusted keyrings
[    2.729448] workingset: timestamp_bits=62 max_order=20 bucket_order=0
[    2.736335] NFS: Registering the id_resolver key type
[    2.740789] Key type id_resolver registered
[    2.744929] Key type id_legacy registered
[    2.748919] nfs4filelayout_init: NFSv4 File Layout Driver Registering...
[    2.755585] jffs2: version 2.2. (NAND) (SUMMARY)  Â© 2001-2006 Red Hat, Inc.
[    2.798095] NET: Registered protocol family 38
[    2.798137] xor: measuring software checksum speed
[    2.805830]    8regs           :  2363 MB/sec
[    2.809499]    32regs          :  2799 MB/sec
[    2.814441]    arm64_neon      :  2380 MB/sec
[    2.814631] xor: using function: 32regs (2799 MB/sec)
[    2.819658] Key type asymmetric registered
[    2.823719] Asymmetric key parser 'x509' registered
[    2.828580] Block layer SCSI generic (bsg) driver version 0.4 loaded (major 248)
[    2.835916] io scheduler mq-deadline registered
[    2.840413] io scheduler kyber registered
[    2.869800] Serial: 8250/16550 driver, 4 ports, IRQ sharing disabled
[    2.874446] cacheinfo: Unable to detect cache hierarchy for CPU 0
[    2.880792] brd: module loaded
[    2.884929] loop: module loaded
[    2.885477] Registered mathworks_ip class
[    2.888818] libphy: Fixed MDIO Bus: probed
[    2.891799] tun: Universal TUN/TAP device driver, 1.6
[    2.895853] CAN device driver interface
[    2.900389] usbcore: registered new interface driver asix
[    2.904985] usbcore: registered new interface driver ax88179_178a
[    2.911017] usbcore: registered new interface driver cdc_ether
[    2.916811] usbcore: registered new interface driver net1080
[    2.922438] usbcore: registered new interface driver cdc_subset
[    2.928317] usbcore: registered new interface driver zaurus
[    2.933861] usbcore: registered new interface driver cdc_ncm
[    2.940273] ehci_hcd: USB 2.0 'Enhanced' Host Controller (EHCI) Driver
[    2.945946] ehci-pci: EHCI PCI platform driver
[    2.950750] usbcore: registered new interface driver uas
[    2.955665] usbcore: registered new interface driver usb-storage
[    2.961652] usbcore: registered new interface driver usbserial_generic
[    2.968101] usbserial: USB Serial support registered for generic
[    2.974076] usbcore: registered new interface driver ftdi_sio
[    2.979777] usbserial: USB Serial support registered for FTDI USB Serial Device
[    2.987053] usbcore: registered new interface driver upd78f0730
[    2.992925] usbserial: USB Serial support registered for upd78f0730
[    3.000584] rtc_zynqmp ffa60000.rtc: registered as rtc0
[    3.004350] rtc_zynqmp ffa60000.rtc: setting system clock to 2022-04-12T19:48:22 UTC (1649792902)
[    3.013213] i2c /dev entries driver
[    3.018528] usbcore: registered new interface driver uvcvideo
[    3.022325] USB Video Class driver (1.1.1)
[    3.027908] Bluetooth: HCI UART driver ver 2.3
[    3.030796] Bluetooth: HCI UART protocol H4 registered
[    3.035906] Bluetooth: HCI UART protocol BCSP registered
[    3.041195] Bluetooth: HCI UART protocol LL registered
[    3.046283] Bluetooth: HCI UART protocol ATH3K registered
[    3.051659] Bluetooth: HCI UART protocol Three-wire (H5) registered
[    3.057913] Bluetooth: HCI UART protocol Intel registered
[    3.063250] Bluetooth: HCI UART protocol QCA registered
[    3.068452] usbcore: registered new interface driver bcm203x
[    3.074073] usbcore: registered new interface driver bpa10x
[    3.079607] usbcore: registered new interface driver bfusb
[    3.085059] usbcore: registered new interface driver btusb
[    3.090521] usbcore: registered new interface driver ath3k
[    3.096003] EDAC MC: ECC not enabled
[    3.099626] EDAC DEVICE0: Giving out device to module zynqmp-ocm-edac controller zynqmp_ocm: DEV ff960000.memory-controller (INTERRUPT)
[    3.111949] sdhci: Secure Digital Host Controller Interface driver
[    3.117733] sdhci: Copyright(c) Pierre Ossman
[    3.122058] sdhci-pltfm: SDHCI platform and OF driver helper
[    3.128118] ledtrig-cpu: registered to indicate activity on CPUs
[    3.133662] SMCCC: SOC_ID: ARCH_SOC_ID not implemented, skipping ....
[    3.140095] zynqmp_firmware_probe Platform Management API v1.1
[    3.145848] zynqmp_firmware_probe Trustzone version v1.0
[    3.185388] zynqmp-pinctrl firmware:zynqmp-firmware:pinctrl: zynqmp pinctrl initialized
[    3.233336] zynqmp-aes firmware:zynqmp-firmware:zynqmp-aes: will run requests pump with realtime priority
[    3.249085] alg: No test for xilinx-keccak-384 (zynqmp-keccak-384)
[    3.249794] alg: No test for xilinx-zynqmp-rsa (zynqmp-rsa)
[    3.255303] usbcore: registered new interface driver usbhid
[    3.260694] usbhid: USB HID core driver
[    3.271929] axi_sysid 85000000.axi-sysid-0: AXI System ID core version (1.01.a) found
[    3.274275] axi_sysid 85000000.axi-sysid-0: [ad9081_fmca_ebz] on [zcu102] git branch <master> git <084d44c9780640ca93fd847b1d9ec70dd65f5c67> clean [2022-03-18 04:17:50] UTC
[    3.289966] fpga_manager fpga0: Xilinx ZynqMP FPGA Manager registered
[    3.296325] usbcore: registered new interface driver snd-usb-audio
[    3.303770] pktgen: Packet Generator for packet performance testing. Version: 2.75
[    3.309958] Initializing XFRM netlink socket
[    3.313803] NET: Registered protocol family 10
[    3.318521] Segment Routing with IPv6
[    3.321905] sit: IPv6, IPv4 and MPLS over IPv4 tunneling driver
[    3.327983] NET: Registered protocol family 17
[    3.332078] NET: Registered protocol family 15
[    3.336575] can: controller area network core
[    3.340829] NET: Registered protocol family 29
[    3.345215] can: raw protocol
[    3.348154] can: broadcast manager protocol
[    3.352306] can: netlink gateway - max_hops=1
[    3.356702] Bluetooth: RFCOMM TTY layer initialized
[    3.361482] Bluetooth: RFCOMM socket layer initialized
[    3.366588] Bluetooth: RFCOMM ver 1.11
[    3.370302] Bluetooth: BNEP (Ethernet Emulation) ver 1.3
[    3.375571] Bluetooth: BNEP filters: protocol multicast
[    3.380763] Bluetooth: BNEP socket layer initialized
[    3.385693] Bluetooth: HIDP (Human Interface Emulation) ver 1.2
[    3.391576] Bluetooth: HIDP socket layer initialized
[    3.396631] 9pnet: Installing 9P2000 support
[    3.400754] NET: Registered protocol family 36
[    3.405167] Key type dns_resolver registered
[    3.409606] registered taskstats version 1
[    3.413466] Loading compiled-in X.509 certificates
[    3.418579] Btrfs loaded, crc32c=crc32c-generic
[    3.430979] ff000000.serial: ttyPS0 at MMIO 0xff000000 (irq = 49, base_baud = 6249999) is a xuartps
[    3.440001] printk: console [ttyPS0] enabled
[    3.444296] printk: bootconsole [cdns0] disabled
[    3.453922] ff010000.serial: ttyPS1 at MMIO 0xff010000 (irq = 50, base_baud = 6249999) is a xuartps
[    3.467158] of-fpga-region fpga-full: FPGA Region probed
[    3.474123] nwl-pcie fd0e0000.pcie: host bridge /axi/pcie@fd0e0000 ranges:
[    3.481017] nwl-pcie fd0e0000.pcie:      MEM 0x00e0000000..0x00efffffff -> 0x00e0000000
[    3.489018] nwl-pcie fd0e0000.pcie:      MEM 0x0600000000..0x07ffffffff -> 0x0600000000
[    3.497080] nwl-pcie fd0e0000.pcie: Link is DOWN
[    3.501837] nwl-pcie fd0e0000.pcie: PCI host bridge to bus 0000:00
[    3.508015] pci_bus 0000:00: root bus resource [bus 00-ff]
[    3.513497] pci_bus 0000:00: root bus resource [mem 0xe0000000-0xefffffff]
[    3.520367] pci_bus 0000:00: root bus resource [mem 0x600000000-0x7ffffffff pref]
[    3.527870] pci 0000:00:00.0: [10ee:d021] type 01 class 0x060400
[    3.533927] pci 0000:00:00.0: PME# supported from D0 D1 D2 D3hot
[    3.544376] pci 0000:00:00.0: PCI bridge to [bus 01-0c]
[    3.550354] xilinx-zynqmp-dma fd500000.dma: ZynqMP DMA driver Probe success
[    3.557533] xilinx-zynqmp-dma fd510000.dma: ZynqMP DMA driver Probe success
[    3.564714] xilinx-zynqmp-dma fd520000.dma: ZynqMP DMA driver Probe success
[    3.571889] xilinx-zynqmp-dma fd530000.dma: ZynqMP DMA driver Probe success
[    3.579060] xilinx-zynqmp-dma fd540000.dma: ZynqMP DMA driver Probe success
[    3.586228] xilinx-zynqmp-dma fd550000.dma: ZynqMP DMA driver Probe success
[    3.593401] xilinx-zynqmp-dma fd560000.dma: ZynqMP DMA driver Probe success
[    3.600572] xilinx-zynqmp-dma fd570000.dma: ZynqMP DMA driver Probe success
[    3.607981] xilinx-zynqmp-dpdma fd4c0000.dma-controller: Xilinx DPDMA engine is probed
[    3.616525] ahci-ceva fd0c0000.ahci: supply ahci not found, using dummy regulator
[    3.624067] ahci-ceva fd0c0000.ahci: supply phy not found, using dummy regulator
[    3.711874] hmc7044 spi2.0: PLL1: Acquisition, CLKIN0 @ 122880000 Hz, PFD: 80 kHz - PLL2: Locked @ 2912.000000 MHz
[    3.722589] jesd204: /axi/spi@ff050000/hmc7044@0,jesd204:1,parent=spi2.0: Using as SYSREF provider
[    3.732171] spi-nor spi0.0: SPI-NOR-UniqueID 100000235394732200270025081115266e
[    3.739476] spi-nor spi0.0: found n25q512a, expected m25p80
[    3.745684] spi-nor spi0.0: trying to lock already unlocked area
[    3.751692] spi-nor spi0.0: n25q512a (131072 Kbytes)
[    3.756671] 4 fixed-partitions partitions found on MTD device spi0.0
[    3.763019] Creating 4 MTD partitions on "spi0.0":
[    3.767804] 0x000000000000-0x000000100000 : "qspi-fsbl-uboot"
[    3.774294] 0x000000100000-0x000000600000 : "qspi-linux"
[    3.780247] 0x000000600000-0x000000620000 : "qspi-device-tree"
[    3.786721] 0x000000620000-0x000000c00000 : "qspi-rootfs"
[    3.795189] macb ff0e0000.ethernet: Not enabling partial store and forward
[    3.802703] libphy: MACB_mii_bus: probed
[    3.807790] macb ff0e0000.ethernet eth0: Cadence GEM rev 0x50070106 at 0xff0e0000 irq 30 (00:0a:35:04:8e:1b)
[    3.818001] xilinx-axipmon ffa00000.perf-monitor: Probed Xilinx APM
[    3.824574] xilinx-axipmon fd0b0000.perf-monitor: Probed Xilinx APM
[    3.831092] xilinx-axipmon fd490000.perf-monitor: Probed Xilinx APM
[    3.837631] xilinx-axipmon ffa10000.perf-monitor: Probed Xilinx APM
[    3.847616] pca953x 0-0020: supply vcc not found, using dummy regulator
[    3.854304] pca953x 0-0020: using no AI
[    3.858791] gpio-496 (sel0): hogged as output/low
[    3.863711] gpio-497 (sel1): hogged as output/high
[    3.868702] gpio-498 (sel2): hogged as output/high
[    3.873692] gpio-499 (sel3): hogged as output/high
[    3.878871] pca953x 0-0021: supply vcc not found, using dummy regulator
[    3.885540] pca953x 0-0021: using no AI
[    3.891310] ina2xx 2-0040: power monitor ina226 (Rshunt = 5000 uOhm)
[    3.898337] ina2xx 2-0041: power monitor ina226 (Rshunt = 5000 uOhm)
[    3.905377] ina2xx 2-0042: power monitor ina226 (Rshunt = 5000 uOhm)
[    3.912412] ina2xx 2-0043: power monitor ina226 (Rshunt = 5000 uOhm)
[    3.919428] ina2xx 2-0044: power monitor ina226 (Rshunt = 5000 uOhm)
[    3.926454] ina2xx 2-0045: power monitor ina226 (Rshunt = 5000 uOhm)
[    3.933482] ina2xx 2-0046: power monitor ina226 (Rshunt = 5000 uOhm)
[    3.940559] ina2xx 2-0047: power monitor ina226 (Rshunt = 5000 uOhm)
[    3.947584] ina2xx 2-004a: power monitor ina226 (Rshunt = 5000 uOhm)
[    3.954619] ina2xx 2-004b: power monitor ina226 (Rshunt = 5000 uOhm)
[    3.961026] i2c i2c-0: Added multiplexed i2c bus 2
[    3.966412] random: fast init done
[    3.969886] ina2xx 3-0040: power monitor ina226 (Rshunt = 2000 uOhm)
[    3.976915] ina2xx 3-0041: power monitor ina226 (Rshunt = 5000 uOhm)
[    3.983941] ina2xx 3-0042: power monitor ina226 (Rshunt = 5000 uOhm)
[    3.990970] ina2xx 3-0043: power monitor ina226 (Rshunt = 5000 uOhm)
[    3.997996] ina2xx 3-0044: power monitor ina226 (Rshunt = 5000 uOhm)
[    4.005023] ina2xx 3-0045: power monitor ina226 (Rshunt = 5000 uOhm)
[    4.012060] ina2xx 3-0046: power monitor ina226 (Rshunt = 5000 uOhm)
[    4.019096] ina2xx 3-0047: power monitor ina226 (Rshunt = 5000 uOhm)
[    4.025495] i2c i2c-0: Added multiplexed i2c bus 3
[    4.080636] i2c i2c-0: Added multiplexed i2c bus 4
[    4.085576] i2c i2c-0: Added multiplexed i2c bus 5
[    4.090365] pca954x 0-0075: registered 4 multiplexed busses for I2C mux pca9544
[    4.097715] cdns-i2c ff020000.i2c: 400 kHz mmio ff020000 irq 32
[    4.105457] at24 6-0054: supply vcc not found, using dummy regulator
[    4.112357] at24 6-0054: 1024 byte 24c08 EEPROM, writable, 1 bytes/write
[    4.119110] i2c i2c-1: Added multiplexed i2c bus 6
[    4.125534] si5341 7-0036: Chip: 5341 Grade: 1 Rev: 1
[    4.163201] i2c i2c-1: Added multiplexed i2c bus 7
[    4.170851] si570 8-005d: registered, current frequency 300000000 Hz
[    4.177249] i2c i2c-1: Added multiplexed i2c bus 8
[    4.197029] si570 9-005d: registered, current frequency 148500000 Hz
[    4.203428] i2c i2c-1: Added multiplexed i2c bus 9
[    4.208466] si5324 10-0069: si5328 probed
[    4.276061] si5324 10-0069: si5328 probe successful
[    4.280986] i2c i2c-1: Added multiplexed i2c bus 10
[    4.286014] i2c i2c-1: Added multiplexed i2c bus 11
[    4.291044] i2c i2c-1: Added multiplexed i2c bus 12
[    4.296072] i2c i2c-1: Added multiplexed i2c bus 13
[    4.300950] pca954x 1-0074: registered 8 multiplexed busses for I2C switch pca9548
[    4.309058] at24 14-0050: supply vcc not found, using dummy regulator
[    4.315847] at24 14-0050: 256 byte 24c02 EEPROM, writable, 1 bytes/write
[    4.322595] i2c i2c-1: Added multiplexed i2c bus 14
[    4.327632] i2c i2c-1: Added multiplexed i2c bus 15
[    4.332667] i2c i2c-1: Added multiplexed i2c bus 16
[    4.337704] i2c i2c-1: Added multiplexed i2c bus 17
[    4.342738] i2c i2c-1: Added multiplexed i2c bus 18
[    4.347786] i2c i2c-1: Added multiplexed i2c bus 19
[    4.352822] i2c i2c-1: Added multiplexed i2c bus 20
[    4.357859] i2c i2c-1: Added multiplexed i2c bus 21
[    4.362734] pca954x 1-0075: registered 8 multiplexed busses for I2C switch pca9548
[    4.370343] cdns-i2c ff030000.i2c: 400 kHz mmio ff030000 irq 33
[    4.380090] cdns-wdt fd4d0000.watchdog: Xilinx Watchdog Timer with timeout 60s
[    4.389136] axi_adxcvr 84a60000.axi-adxcvr-rx: adxcvr_enforce_settings: Using QPLL without access, assuming desired Lane rate will be configured by a different instance
[    4.405779] axi_adxcvr 84a60000.axi-adxcvr-rx: AXI-ADXCVR-RX (17.05.a) using QPLL on GTH4 at 0x84A60000. Number of lanes: 4.
[    4.417938] axi_adxcvr 84b60000.axi-adxcvr-tx: AXI-ADXCVR-TX (17.05.a) using QPLL on GTH4 at 0x84B60000. Number of lanes: 4.
[    4.421884] mmc0: SDHCI controller on ff170000.mmc [ff170000.mmc] using ADMA 64-bit
[    4.437099] axi-jesd204-rx 84a90000.axi-jesd204-rx: AXI-JESD204-RX (1.07.a) at 0x84A90000. Encoder 8b10b, width 4/4, lanes 4, jesd204-fsm.
[    4.449931] axi-jesd204-tx 84b90000.axi-jesd204-tx: AXI-JESD204-TX (1.06.a) at 0x84B90000. Encoder 8b10b, width 4/4, lanes 4, jesd204-fsm.
[    4.463449] zynqmp-display fd4a0000.display: vtc bridge property not present
[    4.469464] mmc0: new high speed SDHC card at address 0001
[    4.473098] xilinx-dp-snd-codec fd4a0000.display:zynqmp_dp_snd_codec0: Failed to get required clock freq
[    4.476338] mmcblk0: mmc0:0001 EB1QT 29.8 GiB 
[    4.485461] xilinx-dp-snd-codec: probe of fd4a0000.display:zynqmp_dp_snd_codec0 failed with error -22
[    4.491111]  mmcblk0: p1 p2 p3
[    4.499447] xilinx-dp-snd-pcm zynqmp_dp_snd_pcm0: Xilinx DisplayPort Sound PCM probed
[    4.510306] xilinx-dp-snd-pcm zynqmp_dp_snd_pcm1: Xilinx DisplayPort Sound PCM probed
[    4.518514] OF: graph: no port node found in /axi/display@fd4a0000
[    4.524924] xlnx-drm xlnx-drm.0: bound fd4a0000.display (ops 0xffffffc010fcbdb8)
[    5.611714] zynqmp-display fd4a0000.display: [drm] Cannot find any crtc or sizes
[    5.619329] [drm] Initialized xlnx 1.0.0 20130509 for fd4a0000.display on minor 0
[    5.626822] zynqmp-display fd4a0000.display: ZynqMP DisplayPort Subsystem driver probed
[    5.635134] ahci-ceva fd0c0000.ahci: supply ahci not found, using dummy regulator
[    5.642679] ahci-ceva fd0c0000.ahci: supply phy not found, using dummy regulator
[    5.650138] ahci-ceva fd0c0000.ahci: supply target not found, using dummy regulator
[    5.657972] ahci-ceva fd0c0000.ahci: AHCI 0001.0301 32 slots 2 ports 6 Gbps 0x3 impl platform mode
[    5.666929] ahci-ceva fd0c0000.ahci: flags: 64bit ncq sntf pm clo only pmp fbs pio slum part ccc sds apst 
[    5.677620] scsi host0: ahci-ceva
[    5.681215] scsi host1: ahci-ceva
[    5.684637] ata1: SATA max UDMA/133 mmio [mem 0xfd0c0000-0xfd0c1fff] port 0x100 irq 45
[    5.692552] ata2: SATA max UDMA/133 mmio [mem 0xfd0c0000-0xfd0c1fff] port 0x180 irq 45
[    5.701155] ad9081 spi1.0: supply vdd not found, using dummy regulator
[    6.013919] ata2: SATA link down (SStatus 0 SControl 330)
[    6.019324] ata1: SATA link down (SStatus 0 SControl 330)
[    6.695716] zynqmp-display fd4a0000.display: [drm] Cannot find any crtc or sizes
[    7.500810] ad9081 spi1.0: AD9081 Rev. 2 Grade 10 (API 1.2.2) probed
[    7.508006] xhci-hcd xhci-hcd.1.auto: xHCI Host Controller
[    7.513494] xhci-hcd xhci-hcd.1.auto: new USB bus registered, assigned bus number 1
[    7.521242] xhci-hcd xhci-hcd.1.auto: hcc params 0x0238f625 hci version 0x100 quirks 0x0000000002010810
[    7.530655] xhci-hcd xhci-hcd.1.auto: irq 59, io mem 0xfe200000
[    7.536761] usb usb1: New USB device found, idVendor=1d6b, idProduct=0002, bcdDevice= 5.10
[    7.545021] usb usb1: New USB device strings: Mfr=3, Product=2, SerialNumber=1
[    7.552239] usb usb1: Product: xHCI Host Controller
[    7.557107] usb usb1: Manufacturer: Linux 5.10.0-98103-g2aa7ac113716 xhci-hcd
[    7.564233] usb usb1: SerialNumber: xhci-hcd.1.auto
[    7.569399] hub 1-0:1.0: USB hub found
[    7.573162] hub 1-0:1.0: 1 port detected
[    7.577266] xhci-hcd xhci-hcd.1.auto: xHCI Host Controller
[    7.582760] xhci-hcd xhci-hcd.1.auto: new USB bus registered, assigned bus number 2
[    7.590411] xhci-hcd xhci-hcd.1.auto: Host supports USB 3.0 SuperSpeed
[    7.597037] usb usb2: New USB device found, idVendor=1d6b, idProduct=0003, bcdDevice= 5.10
[    7.605298] usb usb2: New USB device strings: Mfr=3, Product=2, SerialNumber=1
[    7.612515] usb usb2: Product: xHCI Host Controller
[    7.617382] usb usb2: Manufacturer: Linux 5.10.0-98103-g2aa7ac113716 xhci-hcd
[    7.624508] usb usb2: SerialNumber: xhci-hcd.1.auto
[    7.629615] hub 2-0:1.0: USB hub found
[    7.633380] hub 2-0:1.0: 1 port detected
[    7.663489] cf_axi_adc 84a10000.axi-ad9081-rx-hpc: ADI AIM (10.01.b) at 0x84A10000 mapped to 0x(____ptrval____), probed ADC AD9081 as MASTER
[    7.696540] cf_axi_dds 84b10000.axi-ad9081-tx-hpc: Analog Devices CF_AXI_DDS_DDS MASTER (9.01.b) at 0x84B10000 mapped to 0x(____ptrval____), probed DDS AD9081
[    7.710742] jesd204: /axi/spi@ff040000/ad9081@0,jesd204:0,parent=spi1.0: JESD204[2] transition initialized -> probed
[    7.721264] jesd204: /axi/spi@ff040000/ad9081@0,jesd204:0,parent=spi1.0: JESD204[0] transition initialized -> probed
[    7.731787] jesd204: /axi/spi@ff040000/ad9081@0,jesd204:0,parent=spi1.0: JESD204[2] transition probed -> idle
[    7.741696] jesd204: /axi/spi@ff040000/ad9081@0,jesd204:0,parent=spi1.0: JESD204[0] transition probed -> idle
[    7.751610] jesd204: /axi/spi@ff040000/ad9081@0,jesd204:0,parent=spi1.0: JESD204[2] transition idle -> device_init
[    7.761953] jesd204: /axi/spi@ff040000/ad9081@0,jesd204:0,parent=spi1.0: JESD204[0] transition idle -> device_init
[    7.772305] jesd204: /axi/spi@ff040000/ad9081@0,jesd204:0,parent=spi1.0: JESD204[2] transition device_init -> link_init
[    7.783078] jesd204: /axi/spi@ff040000/ad9081@0,jesd204:0,parent=spi1.0: JESD204[0] transition device_init -> link_init
[    7.793871] jesd204: /axi/spi@ff040000/ad9081@0,jesd204:0,parent=spi1.0: JESD204[2] transition link_init -> link_supported
[    7.804911] jesd204: /axi/spi@ff040000/ad9081@0,jesd204:0,parent=spi1.0: JESD204[0] transition link_init -> link_supported
[    7.816316] hmc7044 spi2.0: hmc7044_jesd204_link_pre_setup: Link2 forcing continuous SYSREF mode
[    7.825532] jesd204: /axi/spi@ff040000/ad9081@0,jesd204:0,parent=spi1.0: JESD204[2] transition link_supported -> link_pre_setup
[    7.837011] jesd204: /axi/spi@ff040000/ad9081@0,jesd204:0,parent=spi1.0: JESD204[0] transition link_supported -> link_pre_setup
[    7.860824] jesd204: /axi/spi@ff040000/ad9081@0,jesd204:0,parent=spi1.0: JESD204[2] transition link_pre_setup -> clk_sync_stage1
[    7.872390] jesd204: /axi/spi@ff040000/ad9081@0,jesd204:0,parent=spi1.0: JESD204[0] transition link_pre_setup -> clk_sync_stage1
[    7.883953] jesd204: /axi/spi@ff040000/ad9081@0,jesd204:0,parent=spi1.0: JESD204[2] transition clk_sync_stage1 -> clk_sync_stage2
[    7.895599] jesd204: /axi/spi@ff040000/ad9081@0,jesd204:0,parent=spi1.0: JESD204[0] transition clk_sync_stage1 -> clk_sync_stage2
[    7.907257] jesd204: /axi/spi@ff040000/ad9081@0,jesd204:0,parent=spi1.0: JESD204[2] transition clk_sync_stage2 -> clk_sync_stage3
[    7.918904] jesd204: /axi/spi@ff040000/ad9081@0,jesd204:0,parent=spi1.0: JESD204[0] transition clk_sync_stage2 -> clk_sync_stage3
[    7.932635] jesd204: /axi/spi@ff040000/ad9081@0,jesd204:0,parent=spi1.0: JESD204[2] transition clk_sync_stage3 -> link_setup
[    7.943855] jesd204: /axi/spi@ff040000/ad9081@0,jesd204:0,parent=spi1.0: JESD204[0] transition clk_sync_stage3 -> link_setup
[    7.959900] jesd204: /axi/spi@ff040000/ad9081@0,jesd204:0,parent=spi1.0: JESD204[2] transition link_setup -> opt_setup_stage1
[    7.971203] jesd204: /axi/spi@ff040000/ad9081@0,jesd204:0,parent=spi1.0: JESD204[0] transition link_setup -> opt_setup_stage1
[    7.987705] jesd204: /axi/spi@ff040000/ad9081@0,jesd204:0,parent=spi1.0: JESD204[2] transition opt_setup_stage1 -> opt_setup_stage2
[    7.999525] jesd204: /axi/spi@ff040000/ad9081@0,jesd204:0,parent=spi1.0: JESD204[0] transition opt_setup_stage1 -> opt_setup_stage2
[    8.011499] jesd204: /axi/spi@ff040000/ad9081@0,jesd204:0,parent=spi1.0: JESD204[2] transition opt_setup_stage2 -> opt_setup_stage3
[    8.023318] jesd204: /axi/spi@ff040000/ad9081@0,jesd204:0,parent=spi1.0: JESD204[0] transition opt_setup_stage2 -> opt_setup_stage3
[    8.035142] jesd204: /axi/spi@ff040000/ad9081@0,jesd204:0,parent=spi1.0: JESD204[2] transition opt_setup_stage3 -> opt_setup_stage4
[    8.046960] jesd204: /axi/spi@ff040000/ad9081@0,jesd204:0,parent=spi1.0: JESD204[0] transition opt_setup_stage3 -> opt_setup_stage4
[    8.058789] jesd204: /axi/spi@ff040000/ad9081@0,jesd204:0,parent=spi1.0: JESD204[2] transition opt_setup_stage4 -> opt_setup_stage5
[    8.070615] jesd204: /axi/spi@ff040000/ad9081@0,jesd204:0,parent=spi1.0: JESD204[0] transition opt_setup_stage4 -> opt_setup_stage5
[    8.105697] axi_adxcvr 84a60000.axi-adxcvr-rx: adxcvr_clk_enable: QPLL RX buffer underflow error, status: 0x61
[    8.115687] axi_adxcvr 84a60000.axi-adxcvr-rx: adxcvr_clk_enable: QPLL RX buffer overflow error, status: 0x61
[    8.129754] jesd204: /axi/spi@ff040000/ad9081@0,jesd204:0,parent=spi1.0: JESD204[2] transition opt_setup_stage5 -> clocks_enable
[    8.141314] jesd204: /axi/spi@ff040000/ad9081@0,jesd204:0,parent=spi1.0: JESD204[0] transition opt_setup_stage5 -> clocks_enable
[    8.152936] jesd204: /axi/spi@ff040000/ad9081@0,jesd204:0,parent=spi1.0: JESD204[2] transition clocks_enable -> link_enable
[    8.164065] jesd204: /axi/spi@ff040000/ad9081@0,jesd204:0,parent=spi1.0: JESD204[0] transition clocks_enable -> link_enable
[    8.303701] axi-jesd204-rx 84a90000.axi-jesd204-rx: axi_jesd204_rx_jesd204_link_running: Link2 status failed (CGS)
[    8.314046] jesd204: /fpga-axi@0/axi-jesd204-rx@84a90000,jesd204:4,parent=84a90000.axi-jesd204-rx: JESD204[2] In link_running got error from cb: -1 (ignoring!)
[    8.423934] ad9081 spi1.0: JESD RX (JTX) Link2 in CGS, SYNC asserted, PLL locked, PHASE established, MODE valid
[    8.434022] jesd204: /axi/spi@ff040000/ad9081@0,jesd204:0,parent=spi1.0: JESD204[2] In link_running got error from cb: -1 (ignoring!)
[    8.446257] ad9081 spi1.0: JESD TX (JRX) Link0 0xF lanes in DATA
[    8.452269] jesd204: /axi/spi@ff040000/ad9081@0,jesd204:0,parent=spi1.0: JESD204[2] transition link_enable -> link_running
[    8.463305] jesd204: /axi/spi@ff040000/ad9081@0,jesd204:0,parent=spi1.0: JESD204[0] transition link_enable -> link_running
[    8.474351] jesd204: /axi/spi@ff040000/ad9081@0,jesd204:0,parent=spi1.0: JESD204[2] transition link_running -> opt_post_running_stage
[    8.486343] jesd204: /axi/spi@ff040000/ad9081@0,jesd204:0,parent=spi1.0: JESD204[0] transition link_running -> opt_post_running_stage
[    8.507544] input: gpio-keys as /devices/platform/gpio-keys/input/input0
[    8.514575] of_cfs_init
[    8.517037] of_cfs_init: OK
[    8.519976] cfg80211: Loading compiled-in X.509 certificates for regulatory database
[    8.658072] cfg80211: Loaded X.509 cert 'sforshee: 00b28ddf47aef9cea7'
[    8.664600] clk: Not disabling unused clocks
[    8.669126] ALSA device list:
[    8.672088]   No soundcards found.
[    8.675746] platform regulatory.0: Direct firmware load for regulatory.db failed with error -2
[    8.684358] cfg80211: failed to load regulatory.db
[    8.699618] EXT4-fs (mmcblk0p2): mounted filesystem with ordered data mode. Opts: (null)
[    8.707734] VFS: Mounted root (ext4 filesystem) on device 179:2.
[    8.720862] devtmpfs: mounted
[    8.724681] Freeing unused kernel memory: 2560K
[    8.743750] Run /sbin/init as init process
[    8.747845]   with arguments:
[    8.747847]     /sbin/init
[    8.747849]   with environment:
[    8.747852]     HOME=/
[    8.747854]     TERM=linux
[    9.316025] systemd[1]: systemd 241 running in system mode. (+PAM +AUDIT +SELINUX +IMA +APPARMOR +SMACK +SYSVINIT +UTMP +LIBCRYPTSETUP +GCRYPT +GNUTLS +ACL +XZ +LZ4 +SECCOMP +BLKID +ELFUTILS +KMOD -IDN2 +IDN -PCRE2 default-hierarchy=hybrid)
[    9.337888] systemd[1]: Detected architecture arm64.
[    9.360409] systemd[1]: Set hostname to <analog>.
[    9.554022] systemd[1]: File /lib/systemd/system/systemd-journald.service:12 configures an IP firewall (IPAddressDeny=any), but the local system does not support BPF/cgroup based firewalling.
[    9.571076] systemd[1]: Proceeding WITHOUT firewalling in effect! (This warning is only shown for the first loaded unit using IP firewalling.)
[    9.734382] systemd[1]: /etc/systemd/system/tof-server.service:1: Assignment outside of section. Ignoring.
[    9.744083] systemd[1]: /etc/systemd/system/tof-server.service:2: Assignment outside of section. Ignoring.
[    9.927478] random: systemd: uninitialized urandom read (16 bytes read)
[    9.942264] systemd[1]: Condition check resulted in Arbitrary Executable File Formats File System Automount Point being skipped.
[    9.953922] random: systemd: uninitialized urandom read (16 bytes read)
[    9.960854] systemd[1]: Listening on Syslog Socket.
[    9.975782] random: systemd: uninitialized urandom read (16 bytes read)
[    9.982551] systemd[1]: Started Forward Password Requests to Wall Directory Watch.
[   10.575077] ------------[ cut here ]------------
[   10.575085] Enabling unprepared \xa0\xd9Q\x88\xff\xff\xff`Q\x88\xff\xff\xff
[   10.575132] WARNING: CPU: 0 PID: 113 at drivers/clk/clk.c:1012 clk_core_enable+0xa4/0xc0
[   10.575135] Modules linked in:
[   10.575145] CPU: 0 PID: 113 Comm: kworker/0:1H Not tainted 5.10.0-98103-g2aa7ac113716 #5577
[   10.575148] Hardware name: ZynqMP ZCU102 Rev1.0 (DT)
[   10.575157] Workqueue: kblockd blk_mq_run_work_fn
[   10.575165] pstate: 80000085 (Nzcv daIf -PAN -UAO -TCO BTYPE=--)
[   10.575170] pc : clk_core_enable+0xa4/0xc0
[   10.575176] lr : clk_core_enable+0xa4/0xc0
[   10.575179] sp : ffffffc0126032d0
[   10.575182] x29: ffffffc0126032d0 x28: ffffff8800330c10 
[   10.575189] x27: ffffff8800330d48 x26: 0000005000000101 
[   10.575195] x25: 000000027061b67a x24: 0000000000000001 
[   10.575202] x23: ffffff88010ec280 x22: ffffff8801083220 
[   10.575208] x21: ffffff8801516000 x20: ffffff8801516008 
[   10.575215] x19: ffffff8801516008 x18: 0000000000000030 
[   10.575221] x17: 0000000000000003 x16: 0000ab43572cdc4e 
[   10.575228] x15: ffffffffffff89d8 x14: ffffffc011d3b1a0 
[   10.575235] x13: ffffffc011d3b1c8 x12: 00000000000005f7 
[   10.575241] x11: 00000000000001fd x10: ffffffc011d671c8 
[   10.575247] x9 : 00000000fffff800 x8 : ffffffc011d3b1c8 
[   10.575254] x7 : ffffffc011d671c8 x6 : 0000000000000001 
[   10.575260] x5 : ffffff887f7669e0 x4 : 0000000000000000 
[   10.575267] x3 : 0000000000000027 x2 : 0000000000000023 
[   10.575273] x1 : 987e05a37bef8900 x0 : 0000000000000000 
[   10.575280] Call trace:
[   10.575286]  clk_core_enable+0xa4/0xc0
[   10.575291]  clk_enable+0x2c/0x60
[   10.575298]  zynqmp_runtime_resume+0x24/0x84
[   10.575304]  pm_generic_runtime_resume+0x30/0x50
[   10.575310]  __genpd_runtime_resume+0x30/0xb0
[   10.575316]  genpd_runtime_resume+0x90/0x250
[   10.575322]  __rpm_callback+0x10c/0x1e0
[   10.575327]  rpm_callback+0x5c/0x84
[   10.575332]  rpm_resume+0x4a4/0x74c
[   10.575337]  __pm_runtime_resume+0x78/0xc4
[   10.575342]  spi_mem_access_start.isra.0+0x30/0x80
[   10.575346]  spi_mem_exec_op+0x3b0/0x424
[   10.575351]  spi_nor_read_sr+0x78/0xe0
[   10.575356]  spi_nor_wait_till_ready_with_timeout+0xb4/0x2f0
[   10.575360]  spi_nor_read+0x188/0x380
[   10.575366]  mtd_read_oob_std+0x78/0x84
[   10.575370]  mtd_read_oob+0x7c/0x134
[   10.575374]  mtd_read+0x48/0x7c
[   10.575380]  mtdblock_readsect+0x6c/0x150
[   10.575385]  mtd_queue_rq+0x2cc/0x5a0
[   10.575391]  blk_mq_dispatch_rq_list+0x110/0x790
[   10.575397]  __blk_mq_do_dispatch_sched+0x200/0x274
[   10.575402]  __blk_mq_sched_dispatch_requests+0x1a8/0x1fc
[   10.575408]  blk_mq_sched_dispatch_requests+0x3c/0x7c
[   10.575413]  __blk_mq_run_hw_queue+0x98/0x100
[   10.575417]  blk_mq_run_work_fn+0x24/0x30
[   10.575423]  process_one_work+0x1d4/0x380
[   10.575427]  worker_thread+0x78/0x4e0
[   10.575433]  kthread+0x124/0x130
[   10.575438]  ret_from_fork+0x10/0x3c
[   10.575442] ---[ end trace b9862120f83816f7 ]---
[   10.575450] zynqmp-qspi ff0f0000.spi: Cannot enable APB clock.
[   10.575500] spi_master spi0: Failed to power device: -108
[   10.575510] blk_update_request: I/O error, dev mtdblock0, sector 8 op 0x0:(READ) flags 0x80700 phys_seg 1 prio class 0
[   10.575578] spi_master spi0: Failed to power device: -22
[   10.575584] blk_update_request: I/O error, dev mtdblock0, sector 8 op 0x0:(READ) flags 0x0 phys_seg 8 prio class 0
[   10.575590] Buffer I/O error on dev mtdblock0, logical block 8, async page read
[   10.575599] spi_master spi0: Failed to power device: -22
[   10.575605] blk_update_request: I/O error, dev mtdblock0, sector 9 op 0x0:(READ) flags 0x0 phys_seg 7 prio class 0
[   10.575609] Buffer I/O error on dev mtdblock0, logical block 9, async page read
[   10.575616] spi_master spi0: Failed to power device: -22
[   10.575622] blk_update_request: I/O error, dev mtdblock0, sector 10 op 0x0:(READ) flags 0x0 phys_seg 6 prio class 0
[   10.575626] Buffer I/O error on dev mtdblock0, logical block 10, async page read
[   10.575633] spi_master spi0: Failed to power device: -22
[   10.575638] blk_update_request: I/O error, dev mtdblock0, sector 11 op 0x0:(READ) flags 0x0 phys_seg 5 prio class 0
[   10.575642] Buffer I/O error on dev mtdblock0, logical block 11, async page read
[   10.575649] spi_master spi0: Failed to power device: -22
[   10.575655] blk_update_request: I/O error, dev mtdblock0, sector 12 op 0x0:(READ) flags 0x0 phys_seg 4 prio class 0
[   10.575659] Buffer I/O error on dev mtdblock0, logical block 12, async page read
[   10.575665] spi_master spi0: Failed to power device: -22
[   10.575671] blk_update_request: I/O error, dev mtdblock0, sector 13 op 0x0:(READ) flags 0x0 phys_seg 3 prio class 0
[   10.575675] Buffer I/O error on dev mtdblock0, logical block 13, async page read
[   10.575681] spi_master spi0: Failed to power device: -22
[   10.575715] blk_update_request: I/O error, dev mtdblock0, sector 14 op 0x0:(READ) flags 0x0 phys_seg 2 prio class 0
[   10.575719] Buffer I/O error on dev mtdblock0, logical block 14, async page read
[   10.575728] spi_master spi0: Failed to power device: -22
[   10.575733] blk_update_request: I/O error, dev mtdblock0, sector 15 op 0x0:(READ) flags 0x0 phys_seg 1 prio class 0
[   10.575737] Buffer I/O error on dev mtdblock0, logical block 15, async page read
[   10.576052] spi_master spi0: Failed to power device: -22
[   10.576059] blk_update_request: I/O error, dev mtdblock1, sector 10112 op 0x0:(READ) flags 0x80700 phys_seg 1 prio class 0
[   10.576103] spi_master spi0: Failed to power device: -22
[   10.576109] Buffer I/O error on dev mtdblock1, logical block 10112, async page read
[   10.576117] spi_master spi0: Failed to power device: -22
[   10.576122] Buffer I/O error on dev mtdblock1, logical block 10113, async page read
[   10.576129] spi_master spi0: Failed to power device: -22
[   10.576137] spi_master spi0: Failed to power device: -22
[   10.576144] spi_master spi0: Failed to power device: -22
[   10.576153] spi_master spi0: Failed to power device: -22
[   10.576160] spi_master spi0: Failed to power device: -22
[   10.576167] spi_master spi0: Failed to power device: -22
[   10.576436] spi_master spi0: Failed to power device: -22
[   10.576481] spi_master spi0: Failed to power device: -22
[   10.576490] spi_master spi0: Failed to power device: -22
[   10.576498] spi_master spi0: Failed to power device: -22
[   10.576506] spi_master spi0: Failed to power device: -22
[   10.576513] spi_master spi0: Failed to power device: -22
[   10.576521] spi_master spi0: Failed to power device: -22
[   10.576528] spi_master spi0: Failed to power device: -22
[   10.576535] spi_master spi0: Failed to power device: -22
[   10.576800] spi_master spi0: Failed to power device: -22
[   10.576844] spi_master spi0: Failed to power device: -22
[   10.576854] spi_master spi0: Failed to power device: -22
[   10.576862] spi_master spi0: Failed to power device: -22
[   10.576872] spi_master spi0: Failed to power device: -22
[   10.576879] spi_master spi0: Failed to power device: -22
[   10.576887] spi_master spi0: Failed to power device: -22
[   10.576894] spi_master spi0: Failed to power device: -22
[   10.576901] spi_master spi0: Failed to power device: -22
[   10.700896] EXT4-fs (mmcblk0p2): re-mounted. Opts: (null)
[   10.776187] systemd-journald[148]: Received request to flush runtime journal from PID 1
[   16.764895] macb ff0e0000.ethernet eth0: PHY [ff0e0000.ethernet-ffffffff:0c] driver [TI DP83867] (irq=POLL)
[   16.764908] macb ff0e0000.ethernet eth0: configuring for phy/rgmii-id link mode
[   17.051737] Adding 102396k swap on /var/swap.  Priority:-2 extents:4 across:9953604k SS
[   18.870047] random: crng init done
[   18.870060] random: 7 urandom warning(s) missed due to ratelimiting
[   19.605715] broken atomic modeset userspace detected, disabling atomic
[   19.841320] macb ff0e0000.ethernet eth0: Link is Up - 1Gbps/Full - flow control off
[   19.841344] IPv6: ADDRCONF(NETDEV_CHANGE): eth0: link becomes ready
[   22.273783] broken atomic modeset userspace detected, disabling atomic
[   25.189429] broken atomic modeset userspace detected, disabling atomic
[   27.848601] broken atomic modeset userspace detected, disabling atomic