[    0.000000] Booting Linux on physical CPU 0x0000000000 [0x410fd034]
[    0.000000] Linux version 5.10.0-98103-g2aa7ac113716 (jenkins@romlxbuild1.adlk.analog.com) (aarch64-xilinx-linux-gcc.real (GCC) 10.2.0, GNU ld (GNU Binutils) 2.35.0.20200730) #5577 SMP Wed Mar 23 07:28:49 GMT 2022
[    0.000000] Machine model: ZynqMP ZCU102 Rev1.0
[    0.000000] earlycon: cdns0 at MMIO 0x00000000ff000000 (options '115200n8')
[    0.000000] printk: bootconsole [cdns0] enabled
[    0.000000] efi: UEFI not found.
[    0.000000] cma: Reserved 256 MiB at 0x0000000070000000
[    0.000000] Zone ranges:
[    0.000000]   DMA      [mem 0x0000000000000000-0x000000003fffffff]
[    0.000000]   DMA32    [mem 0x0000000040000000-0x00000000ffffffff]
[    0.000000]   Normal   [mem 0x0000000100000000-0x000000087fffffff]
[    0.000000] Movable zone start for each node
[    0.000000] Early memory node ranges
[    0.000000]   node   0: [mem 0x0000000000000000-0x000000007fffffff]
[    0.000000]   node   0: [mem 0x0000000800000000-0x000000087fffffff]
[    0.000000] Initmem setup node 0 [mem 0x0000000000000000-0x000000087fffffff]
[    0.000000] On node 0 totalpages: 1048576
[    0.000000]   DMA zone: 3584 pages used for memmap
[    0.000000]   DMA zone: 0 pages reserved
[    0.000000]   DMA zone: 262144 pages, LIFO batch:63
[    0.000000]   DMA32 zone: 3584 pages used for memmap
[    0.000000]   DMA32 zone: 262144 pages, LIFO batch:63
[    0.000000]   Normal zone: 7168 pages used for memmap
[    0.000000]   Normal zone: 524288 pages, LIFO batch:63
[    0.000000] psci: probing for conduit method from DT.
[    0.000000] psci: PSCIv1.1 detected in firmware.
[    0.000000] psci: Using standard PSCI v0.2 function IDs
[    0.000000] psci: MIGRATE_INFO_TYPE not supported.
[    0.000000] psci: SMC Calling Convention v1.2
[    0.000000] percpu: Embedded 22 pages/cpu s49496 r8192 d32424 u90112
[    0.000000] pcpu-alloc: s49496 r8192 d32424 u90112 alloc=22*4096
[    0.000000] pcpu-alloc: [0] 0 [0] 1 [0] 2 [0] 3 
[    0.000000] Detected VIPT I-cache on CPU0
[    0.000000] CPU features: detected: ARM erratum 845719
[    0.000000] Built 1 zonelists, mobility grouping on.  Total pages: 1034240
[    0.000000] Kernel command line: console=ttyPS0,115200 root=/dev/mmcblk0p2 rw earlycon rootfstype=ext4 rootwait clk_ignore_unused cpuidle.off=1 root=/dev/mmcblk0p2 rw rootwait
[    0.000000] Dentry cache hash table entries: 524288 (order: 10, 4194304 bytes, linear)
[    0.000000] Inode-cache hash table entries: 262144 (order: 9, 2097152 bytes, linear)
[    0.000000] mem auto-init: stack:off, heap alloc:off, heap free:off
[    0.000000] software IO TLB: mapped [mem 0x000000003bfff000-0x000000003ffff000] (64MB)
[    0.000000] Memory: 3761904K/4194304K available (15296K kernel code, 1636K rwdata, 11876K rodata, 2560K init, 507K bss, 170256K reserved, 262144K cma-reserved)
[    0.000000] rcu: Hierarchical RCU implementation.
[    0.000000] rcu: 	RCU event tracing is enabled.
[    0.000000] rcu: 	RCU restricting CPUs from NR_CPUS=8 to nr_cpu_ids=4.
[    0.000000] rcu: RCU calculated value of scheduler-enlistment delay is 25 jiffies.
[    0.000000] rcu: Adjusting geometry for rcu_fanout_leaf=16, nr_cpu_ids=4
[    0.000000] NR_IRQS: 64, nr_irqs: 64, preallocated irqs: 0
[    0.000000] GIC: Adjusting CPU interface base to 0x00000000f902f000
[    0.000000] GIC: Using split EOI/Deactivate mode
[    0.000000] random: get_random_bytes called from start_kernel+0x31c/0x54c with crng_init=0
[    0.000000] arch_timer: cp15 timer(s) running at 100.00MHz (phys).
[    0.000000] clocksource: arch_sys_counter: mask: 0xffffffffffffff max_cycles: 0x171024e7e0, max_idle_ns: 440795205315 ns
[    0.000004] sched_clock: 56 bits at 100MHz, resolution 10ns, wraps every 4398046511100ns
[    0.008463] Console: colour dummy device 80x25
[    0.012483] Calibrating delay loop (skipped), value calculated using timer frequency.. 200.00 BogoMIPS (lpj=400000)
[    0.022840] pid_max: default: 32768 minimum: 301
[    0.027549] Mount-cache hash table entries: 8192 (order: 4, 65536 bytes, linear)
[    0.034789] Mountpoint-cache hash table entries: 8192 (order: 4, 65536 bytes, linear)
[    0.043395] rcu: Hierarchical SRCU implementation.
[    0.047560] EFI services will not be available.
[    0.051938] smp: Bringing up secondary CPUs ...
[    0.056656] Detected VIPT I-cache on CPU1
[    0.056694] CPU1: Booted secondary processor 0x0000000001 [0x410fd034]
[    0.057060] Detected VIPT I-cache on CPU2
[    0.057084] CPU2: Booted secondary processor 0x0000000002 [0x410fd034]
[    0.057423] Detected VIPT I-cache on CPU3
[    0.057446] CPU3: Booted secondary processor 0x0000000003 [0x410fd034]
[    0.057492] smp: Brought up 1 node, 4 CPUs
[    0.091780] SMP: Total of 4 processors activated.
[    0.096452] CPU features: detected: 32-bit EL0 Support
[    0.101556] CPU features: detected: CRC32 instructions
[    0.106695] CPU: All CPU(s) started at EL2
[    0.110736] alternatives: patching kernel code
[    0.116168] devtmpfs: initialized
[    0.124056] Registered cp15_barrier emulation handler
[    0.124107] Registered setend emulation handler
[    0.128084] clocksource: jiffies: mask: 0xffffffff max_cycles: 0xffffffff, max_idle_ns: 7645041785100000 ns
[    0.137661] futex hash table entries: 1024 (order: 4, 65536 bytes, linear)
[    0.151025] pinctrl core: initialized pinctrl subsystem
[    0.151673] NET: Registered protocol family 16
[    0.156092] DMA: preallocated 512 KiB GFP_KERNEL pool for atomic allocations
[    0.162108] DMA: preallocated 512 KiB GFP_KERNEL|GFP_DMA pool for atomic allocations
[    0.169835] DMA: preallocated 512 KiB GFP_KERNEL|GFP_DMA32 pool for atomic allocations
[    0.177637] audit: initializing netlink subsys (disabled)
[    0.183087] audit: type=2000 audit(0.116:1): state=initialized audit_enabled=0 res=1
[    0.183433] hw-breakpoint: found 6 breakpoint and 4 watchpoint registers.
[    0.197464] ASID allocator initialised with 65536 entries
[    0.224308] HugeTLB registered 1.00 GiB page size, pre-allocated 0 pages
[    0.225360] HugeTLB registered 32.0 MiB page size, pre-allocated 0 pages
[    0.232030] HugeTLB registered 2.00 MiB page size, pre-allocated 0 pages
[    0.238691] HugeTLB registered 64.0 KiB page size, pre-allocated 0 pages
[    1.304292] DRBG: Continuing without Jitter RNG
[    1.382087] raid6: neonx8   gen()  2143 MB/s
[    1.450131] raid6: neonx8   xor()  1598 MB/s
[    1.518190] raid6: neonx4   gen()  2192 MB/s
[    1.586237] raid6: neonx4   xor()  1568 MB/s
[    1.654301] raid6: neonx2   gen()  2075 MB/s
[    1.722355] raid6: neonx2   xor()  1436 MB/s
[    1.790430] raid6: neonx1   gen()  1772 MB/s
[    1.858466] raid6: neonx1   xor()  1220 MB/s
[    1.926523] raid6: int64x8  gen()  1438 MB/s
[    1.994581] raid6: int64x8  xor()   771 MB/s
[    2.062658] raid6: int64x4  gen()  1600 MB/s
[    2.130710] raid6: int64x4  xor()   819 MB/s
[    2.198772] raid6: int64x2  gen()  1395 MB/s
[    2.266818] raid6: int64x2  xor()   750 MB/s
[    2.334891] raid6: int64x1  gen()  1033 MB/s
[    2.402955] raid6: int64x1  xor()   517 MB/s
[    2.402993] raid6: using algorithm neonx4 gen() 2192 MB/s
[    2.406952] raid6: .... xor() 1568 MB/s, rmw enabled
[    2.411883] raid6: using neon recovery algorithm
[    2.416896] iommu: Default domain type: Translated 
[    2.421509] SCSI subsystem initialized
[    2.425052] libata version 3.00 loaded.
[    2.425177] usbcore: registered new interface driver usbfs
[    2.430509] usbcore: registered new interface driver hub
[    2.435781] usbcore: registered new device driver usb
[    2.440918] mc: Linux media interface: v0.10
[    2.445030] videodev: Linux video capture interface: v2.00
[    2.450521] EDAC MC: Ver: 3.0.0
[    2.453961] zynqmp-ipi-mbox mailbox@ff990400: Registered ZynqMP IPI mbox with TX/RX channels.
[    2.462463] jesd204: created con: id=0, topo=0, link=0, /axi/spi@ff050000/hmc7044@0 <-> /fpga-axi@0/axi-adxcvr-tx@84b60000
[    2.473051] jesd204: created con: id=1, topo=0, link=2, /axi/spi@ff050000/hmc7044@0 <-> /fpga-axi@0/axi-adxcvr-rx@84a60000
[    2.484035] jesd204: created con: id=2, topo=0, link=0, /fpga-axi@0/axi-adxcvr-tx@84b60000 <-> /fpga-axi@0/axi-jesd204-tx@84b90000
[    2.495711] jesd204: created con: id=3, topo=0, link=2, /fpga-axi@0/axi-adxcvr-rx@84a60000 <-> /fpga-axi@0/axi-jesd204-rx@84a90000
[    2.507388] jesd204: created con: id=4, topo=0, link=0, /fpga-axi@0/axi-jesd204-tx@84b90000 <-> /fpga-axi@0/axi-ad9081-tx-hpc@84b10000
[    2.519416] jesd204: created con: id=5, topo=0, link=2, /fpga-axi@0/axi-jesd204-rx@84a90000 <-> /fpga-axi@0/axi-ad9081-rx-hpc@84a10000
[    2.531439] jesd204: created con: id=6, topo=0, link=2, /fpga-axi@0/axi-ad9081-rx-hpc@84a10000 <-> /axi/spi@ff040000/ad9081@0
[    2.542680] jesd204: created con: id=7, topo=0, link=0, /fpga-axi@0/axi-ad9081-tx-hpc@84b10000 <-> /axi/spi@ff040000/ad9081@0
[    2.553930] jesd204: /axi/spi@ff040000/ad9081@0: JESD204[2] transition uninitialized -> initialized
[    2.562917] jesd204: /axi/spi@ff040000/ad9081@0: JESD204[0] transition uninitialized -> initialized
[    2.571908] jesd204: found 8 devices and 1 topologies
[    2.576952] FPGA manager framework
[    2.580432] Advanced Linux Sound Architecture Driver Initialized.
[    2.586722] Bluetooth: Core ver 2.22
[    2.589911] NET: Registered protocol family 31
[    2.594312] Bluetooth: HCI device and connection manager initialized
[    2.600629] Bluetooth: HCI socket layer initialized
[    2.605471] Bluetooth: L2CAP socket layer initialized
[    2.610495] Bluetooth: SCO socket layer initialized
[    2.615680] clocksource: Switched to clocksource arch_sys_counter
[    2.621484] VFS: Disk quotas dquot_6.6.0
[    2.625322] VFS: Dquot-cache hash table entries: 512 (order 0, 4096 bytes)
[    2.636038] NET: Registered protocol family 2
[    2.636767] tcp_listen_portaddr_hash hash table entries: 2048 (order: 3, 32768 bytes, linear)
[    2.644963] TCP established hash table entries: 32768 (order: 6, 262144 bytes, linear)
[    2.652987] TCP bind hash table entries: 32768 (order: 7, 524288 bytes, linear)
[    2.660432] TCP: Hash tables configured (established 32768 bind 32768)
[    2.666606] UDP hash table entries: 2048 (order: 4, 65536 bytes, linear)
[    2.673272] UDP-Lite hash table entries: 2048 (order: 4, 65536 bytes, linear)
[    2.680435] NET: Registered protocol family 1
[    2.684888] RPC: Registered named UNIX socket transport module.
[    2.690510] RPC: Registered udp transport module.
[    2.695174] RPC: Registered tcp transport module.
[    2.699844] RPC: Registered tcp NFSv4.1 backchannel transport module.
[    2.706828] PCI: CLS 0 bytes, default 64
[    2.710544] hw perfevents: no interrupt-affinity property for /pmu, guessing.
[    2.717395] hw perfevents: enabled with armv8_pmuv3 PMU driver, 7 counters available
[    2.725751] Initialise system trusted keyrings
[    2.729431] workingset: timestamp_bits=62 max_order=20 bucket_order=0
[    2.736326] NFS: Registering the id_resolver key type
[    2.740773] Key type id_resolver registered
[    2.744911] Key type id_legacy registered
[    2.748903] nfs4filelayout_init: NFSv4 File Layout Driver Registering...
[    2.755567] jffs2: version 2.2. (NAND) (SUMMARY)  Â© 2001-2006 Red Hat, Inc.
[    2.799121] NET: Registered protocol family 38
[    2.799163] xor: measuring software checksum speed
[    2.806850]    8regs           :  2363 MB/sec
[    2.810519]    32regs          :  2799 MB/sec
[    2.815462]    arm64_neon      :  2380 MB/sec
[    2.815652] xor: using function: 32regs (2799 MB/sec)
[    2.820677] Key type asymmetric registered
[    2.824739] Asymmetric key parser 'x509' registered
[    2.829600] Block layer SCSI generic (bsg) driver version 0.4 loaded (major 248)
[    2.836937] io scheduler mq-deadline registered
[    2.841433] io scheduler kyber registered
[    2.870859] Serial: 8250/16550 driver, 4 ports, IRQ sharing disabled
[    2.875500] cacheinfo: Unable to detect cache hierarchy for CPU 0
[    2.881845] brd: module loaded
[    2.885984] loop: module loaded
[    2.886531] Registered mathworks_ip class
[    2.889875] libphy: Fixed MDIO Bus: probed
[    2.892858] tun: Universal TUN/TAP device driver, 1.6
[    2.896906] CAN device driver interface
[    2.901443] usbcore: registered new interface driver asix
[    2.906039] usbcore: registered new interface driver ax88179_178a
[    2.912073] usbcore: registered new interface driver cdc_ether
[    2.917866] usbcore: registered new interface driver net1080
[    2.923492] usbcore: registered new interface driver cdc_subset
[    2.929373] usbcore: registered new interface driver zaurus
[    2.934916] usbcore: registered new interface driver cdc_ncm
[    2.941321] ehci_hcd: USB 2.0 'Enhanced' Host Controller (EHCI) Driver
[    2.947001] ehci-pci: EHCI PCI platform driver
[    2.951811] usbcore: registered new interface driver uas
[    2.956720] usbcore: registered new interface driver usb-storage
[    2.962708] usbcore: registered new interface driver usbserial_generic
[    2.969156] usbserial: USB Serial support registered for generic
[    2.975130] usbcore: registered new interface driver ftdi_sio
[    2.980832] usbserial: USB Serial support registered for FTDI USB Serial Device
[    2.988107] usbcore: registered new interface driver upd78f0730
[    2.993980] usbserial: USB Serial support registered for upd78f0730
[    3.001630] rtc_zynqmp ffa60000.rtc: registered as rtc0
[    3.005405] rtc_zynqmp ffa60000.rtc: setting system clock to 2022-04-12T19:30:54 UTC (1649791854)
[    3.014267] i2c /dev entries driver
[    3.019579] usbcore: registered new interface driver uvcvideo
[    3.023380] USB Video Class driver (1.1.1)
[    3.028958] Bluetooth: HCI UART driver ver 2.3
[    3.031863] Bluetooth: HCI UART protocol H4 registered
[    3.036961] Bluetooth: HCI UART protocol BCSP registered
[    3.042248] Bluetooth: HCI UART protocol LL registered
[    3.047340] Bluetooth: HCI UART protocol ATH3K registered
[    3.052714] Bluetooth: HCI UART protocol Three-wire (H5) registered
[    3.058967] Bluetooth: HCI UART protocol Intel registered
[    3.064304] Bluetooth: HCI UART protocol QCA registered
[    3.069508] usbcore: registered new interface driver bcm203x
[    3.075127] usbcore: registered new interface driver bpa10x
[    3.080663] usbcore: registered new interface driver bfusb
[    3.086116] usbcore: registered new interface driver btusb
[    3.091575] usbcore: registered new interface driver ath3k
[    3.097059] EDAC MC: ECC not enabled
[    3.100697] EDAC DEVICE0: Giving out device to module zynqmp-ocm-edac controller zynqmp_ocm: DEV ff960000.memory-controller (INTERRUPT)
[    3.112996] sdhci: Secure Digital Host Controller Interface driver
[    3.118789] sdhci: Copyright(c) Pierre Ossman
[    3.123111] sdhci-pltfm: SDHCI platform and OF driver helper
[    3.129163] ledtrig-cpu: registered to indicate activity on CPUs
[    3.134717] SMCCC: SOC_ID: ARCH_SOC_ID not implemented, skipping ....
[    3.141150] zynqmp_firmware_probe Platform Management API v1.1
[    3.146904] zynqmp_firmware_probe Trustzone version v1.0
[    3.186446] zynqmp-pinctrl firmware:zynqmp-firmware:pinctrl: zynqmp pinctrl initialized
[    3.234375] zynqmp-aes firmware:zynqmp-firmware:zynqmp-aes: will run requests pump with realtime priority
[    3.250137] alg: No test for xilinx-keccak-384 (zynqmp-keccak-384)
[    3.250849] alg: No test for xilinx-zynqmp-rsa (zynqmp-rsa)
[    3.256355] usbcore: registered new interface driver usbhid
[    3.261749] usbhid: USB HID core driver
[    3.272994] axi_sysid 85000000.axi-sysid-0: AXI System ID core version (1.01.a) found
[    3.275347] axi_sysid 85000000.axi-sysid-0: [ad9081_fmca_ebz] on [zcu102] git branch <master> git <084d44c9780640ca93fd847b1d9ec70dd65f5c67> clean [2022-03-18 04:17:50] UTC
[    3.291034] fpga_manager fpga0: Xilinx ZynqMP FPGA Manager registered
[    3.297392] usbcore: registered new interface driver snd-usb-audio
[    3.304841] pktgen: Packet Generator for packet performance testing. Version: 2.75
[    3.311027] Initializing XFRM netlink socket
[    3.314878] NET: Registered protocol family 10
[    3.319592] Segment Routing with IPv6
[    3.322978] sit: IPv6, IPv4 and MPLS over IPv4 tunneling driver
[    3.329049] NET: Registered protocol family 17
[    3.333151] NET: Registered protocol family 15
[    3.337646] can: controller area network core
[    3.341901] NET: Registered protocol family 29
[    3.346289] can: raw protocol
[    3.349225] can: broadcast manager protocol
[    3.353380] can: netlink gateway - max_hops=1
[    3.357775] Bluetooth: RFCOMM TTY layer initialized
[    3.362553] Bluetooth: RFCOMM socket layer initialized
[    3.367664] Bluetooth: RFCOMM ver 1.11
[    3.371368] Bluetooth: BNEP (Ethernet Emulation) ver 1.3
[    3.376643] Bluetooth: BNEP filters: protocol multicast
[    3.381837] Bluetooth: BNEP socket layer initialized
[    3.386764] Bluetooth: HIDP (Human Interface Emulation) ver 1.2
[    3.392648] Bluetooth: HIDP socket layer initialized
[    3.397705] 9pnet: Installing 9P2000 support
[    3.401825] NET: Registered protocol family 36
[    3.406243] Key type dns_resolver registered
[    3.410673] registered taskstats version 1
[    3.414538] Loading compiled-in X.509 certificates
[    3.419658] Btrfs loaded, crc32c=crc32c-generic
[    3.432060] ff000000.serial: ttyPS0 at MMIO 0xff000000 (irq = 49, base_baud = 6249999) is a xuartps
[    3.441082] printk: console [ttyPS0] enabled
[    3.445376] printk: bootconsole [cdns0] disabled
[    3.455013] ff010000.serial: ttyPS1 at MMIO 0xff010000 (irq = 50, base_baud = 6249999) is a xuartps
[    3.468255] of-fpga-region fpga-full: FPGA Region probed
[    3.475203] nwl-pcie fd0e0000.pcie: host bridge /axi/pcie@fd0e0000 ranges:
[    3.482098] nwl-pcie fd0e0000.pcie:      MEM 0x00e0000000..0x00efffffff -> 0x00e0000000
[    3.490105] nwl-pcie fd0e0000.pcie:      MEM 0x0600000000..0x07ffffffff -> 0x0600000000
[    3.498170] nwl-pcie fd0e0000.pcie: Link is DOWN
[    3.502925] nwl-pcie fd0e0000.pcie: PCI host bridge to bus 0000:00
[    3.509106] pci_bus 0000:00: root bus resource [bus 00-ff]
[    3.514587] pci_bus 0000:00: root bus resource [mem 0xe0000000-0xefffffff]
[    3.521456] pci_bus 0000:00: root bus resource [mem 0x600000000-0x7ffffffff pref]
[    3.528960] pci 0000:00:00.0: [10ee:d021] type 01 class 0x060400
[    3.535017] pci 0000:00:00.0: PME# supported from D0 D1 D2 D3hot
[    3.545455] pci 0000:00:00.0: PCI bridge to [bus 01-0c]
[    3.551435] xilinx-zynqmp-dma fd500000.dma: ZynqMP DMA driver Probe success
[    3.558615] xilinx-zynqmp-dma fd510000.dma: ZynqMP DMA driver Probe success
[    3.565788] xilinx-zynqmp-dma fd520000.dma: ZynqMP DMA driver Probe success
[    3.572959] xilinx-zynqmp-dma fd530000.dma: ZynqMP DMA driver Probe success
[    3.580122] xilinx-zynqmp-dma fd540000.dma: ZynqMP DMA driver Probe success
[    3.587285] xilinx-zynqmp-dma fd550000.dma: ZynqMP DMA driver Probe success
[    3.594455] xilinx-zynqmp-dma fd560000.dma: ZynqMP DMA driver Probe success
[    3.601626] xilinx-zynqmp-dma fd570000.dma: ZynqMP DMA driver Probe success
[    3.609024] xilinx-zynqmp-dpdma fd4c0000.dma-controller: Xilinx DPDMA engine is probed
[    3.617575] ahci-ceva fd0c0000.ahci: supply ahci not found, using dummy regulator
[    3.625112] ahci-ceva fd0c0000.ahci: supply phy not found, using dummy regulator
[    3.715850] hmc7044 spi2.0: PLL1: Acquisition, CLKIN0 @ 122880000 Hz, PFD: 80 kHz - PLL2: Locked @ 2544.000000 MHz
[    3.726569] jesd204: /axi/spi@ff050000/hmc7044@0,jesd204:1,parent=spi2.0: Using as SYSREF provider
[    3.736153] spi-nor spi0.0: SPI-NOR-UniqueID 100000235394732200270025081115266e
[    3.743456] spi-nor spi0.0: found n25q512a, expected m25p80
[    3.749656] spi-nor spi0.0: trying to lock already unlocked area
[    3.755658] spi-nor spi0.0: n25q512a (131072 Kbytes)
[    3.760637] 4 fixed-partitions partitions found on MTD device spi0.0
[    3.766981] Creating 4 MTD partitions on "spi0.0":
[    3.771767] 0x000000000000-0x000000100000 : "qspi-fsbl-uboot"
[    3.778254] 0x000000100000-0x000000600000 : "qspi-linux"
[    3.784216] 0x000000600000-0x000000620000 : "qspi-device-tree"
[    3.790691] 0x000000620000-0x000000c00000 : "qspi-rootfs"
[    3.799164] macb ff0e0000.ethernet: Not enabling partial store and forward
[    3.806688] libphy: MACB_mii_bus: probed
[    3.811761] macb ff0e0000.ethernet eth0: Cadence GEM rev 0x50070106 at 0xff0e0000 irq 30 (00:0a:35:04:8e:1b)
[    3.821970] xilinx-axipmon ffa00000.perf-monitor: Probed Xilinx APM
[    3.828546] xilinx-axipmon fd0b0000.perf-monitor: Probed Xilinx APM
[    3.835064] xilinx-axipmon fd490000.perf-monitor: Probed Xilinx APM
[    3.841609] xilinx-axipmon ffa10000.perf-monitor: Probed Xilinx APM
[    3.851609] pca953x 0-0020: supply vcc not found, using dummy regulator
[    3.858289] pca953x 0-0020: using no AI
[    3.862774] gpio-496 (sel0): hogged as output/low
[    3.867688] gpio-497 (sel1): hogged as output/high
[    3.872673] gpio-498 (sel2): hogged as output/high
[    3.877663] gpio-499 (sel3): hogged as output/high
[    3.882837] pca953x 0-0021: supply vcc not found, using dummy regulator
[    3.889511] pca953x 0-0021: using no AI
[    3.895263] ina2xx 2-0040: power monitor ina226 (Rshunt = 5000 uOhm)
[    3.902291] ina2xx 2-0041: power monitor ina226 (Rshunt = 5000 uOhm)
[    3.909332] ina2xx 2-0042: power monitor ina226 (Rshunt = 5000 uOhm)
[    3.916360] ina2xx 2-0043: power monitor ina226 (Rshunt = 5000 uOhm)
[    3.923387] ina2xx 2-0044: power monitor ina226 (Rshunt = 5000 uOhm)
[    3.930411] ina2xx 2-0045: power monitor ina226 (Rshunt = 5000 uOhm)
[    3.937441] ina2xx 2-0046: power monitor ina226 (Rshunt = 5000 uOhm)
[    3.944508] ina2xx 2-0047: power monitor ina226 (Rshunt = 5000 uOhm)
[    3.951551] ina2xx 2-004a: power monitor ina226 (Rshunt = 5000 uOhm)
[    3.958580] ina2xx 2-004b: power monitor ina226 (Rshunt = 5000 uOhm)
[    3.964992] i2c i2c-0: Added multiplexed i2c bus 2
[    3.970377] random: fast init done
[    3.973848] ina2xx 3-0040: power monitor ina226 (Rshunt = 2000 uOhm)
[    3.980876] ina2xx 3-0041: power monitor ina226 (Rshunt = 5000 uOhm)
[    3.987902] ina2xx 3-0042: power monitor ina226 (Rshunt = 5000 uOhm)
[    3.994934] ina2xx 3-0043: power monitor ina226 (Rshunt = 5000 uOhm)
[    4.001959] ina2xx 3-0044: power monitor ina226 (Rshunt = 5000 uOhm)
[    4.008986] ina2xx 3-0045: power monitor ina226 (Rshunt = 5000 uOhm)
[    4.016018] ina2xx 3-0046: power monitor ina226 (Rshunt = 5000 uOhm)
[    4.023049] ina2xx 3-0047: power monitor ina226 (Rshunt = 5000 uOhm)
[    4.029449] i2c i2c-0: Added multiplexed i2c bus 3
[    4.085750] i2c i2c-0: Added multiplexed i2c bus 4
[    4.090694] i2c i2c-0: Added multiplexed i2c bus 5
[    4.095482] pca954x 0-0075: registered 4 multiplexed busses for I2C mux pca9544
[    4.102832] cdns-i2c ff020000.i2c: 400 kHz mmio ff020000 irq 32
[    4.110564] at24 6-0054: supply vcc not found, using dummy regulator
[    4.117459] at24 6-0054: 1024 byte 24c08 EEPROM, writable, 1 bytes/write
[    4.124211] i2c i2c-1: Added multiplexed i2c bus 6
[    4.130642] si5341 7-0036: Chip: 5341 Grade: 1 Rev: 1
[    4.168350] i2c i2c-1: Added multiplexed i2c bus 7
[    4.176011] si570 8-005d: registered, current frequency 300000000 Hz
[    4.182410] i2c i2c-1: Added multiplexed i2c bus 8
[    4.202199] si570 9-005d: registered, current frequency 148500000 Hz
[    4.208598] i2c i2c-1: Added multiplexed i2c bus 9
[    4.213635] si5324 10-0069: si5328 probed
[    4.280041] si5324 10-0069: si5328 probe successful
[    4.284966] i2c i2c-1: Added multiplexed i2c bus 10
[    4.289995] i2c i2c-1: Added multiplexed i2c bus 11
[    4.295017] i2c i2c-1: Added multiplexed i2c bus 12
[    4.300043] i2c i2c-1: Added multiplexed i2c bus 13
[    4.304922] pca954x 1-0074: registered 8 multiplexed busses for I2C switch pca9548
[    4.313029] at24 14-0050: supply vcc not found, using dummy regulator
[    4.319822] at24 14-0050: 256 byte 24c02 EEPROM, writable, 1 bytes/write
[    4.326566] i2c i2c-1: Added multiplexed i2c bus 14
[    4.331606] i2c i2c-1: Added multiplexed i2c bus 15
[    4.336637] i2c i2c-1: Added multiplexed i2c bus 16
[    4.341675] i2c i2c-1: Added multiplexed i2c bus 17
[    4.346707] i2c i2c-1: Added multiplexed i2c bus 18
[    4.351752] i2c i2c-1: Added multiplexed i2c bus 19
[    4.356794] i2c i2c-1: Added multiplexed i2c bus 20
[    4.361832] i2c i2c-1: Added multiplexed i2c bus 21
[    4.366706] pca954x 1-0075: registered 8 multiplexed busses for I2C switch pca9548
[    4.374314] cdns-i2c ff030000.i2c: 400 kHz mmio ff030000 irq 33
[    4.384062] cdns-wdt fd4d0000.watchdog: Xilinx Watchdog Timer with timeout 60s
[    4.393120] axi_adxcvr 84a60000.axi-adxcvr-rx: adxcvr_enforce_settings: Using QPLL without access, assuming desired Lane rate will be configured by a different instance
[    4.409760] axi_adxcvr 84a60000.axi-adxcvr-rx: AXI-ADXCVR-RX (17.05.a) using QPLL on GTH4 at 0x84A60000. Number of lanes: 4.
[    4.421913] axi_adxcvr 84b60000.axi-adxcvr-tx: AXI-ADXCVR-TX (17.05.a) using QPLL on GTH4 at 0x84B60000. Number of lanes: 4.
[    4.425861] mmc0: SDHCI controller on ff170000.mmc [ff170000.mmc] using ADMA 64-bit
[    4.441068] axi-jesd204-rx 84a90000.axi-jesd204-rx: AXI-JESD204-RX (1.07.a) at 0x84A90000. Encoder 8b10b, width 4/4, lanes 4, jesd204-fsm.
[    4.453906] axi-jesd204-tx 84b90000.axi-jesd204-tx: AXI-JESD204-TX (1.06.a) at 0x84B90000. Encoder 8b10b, width 4/4, lanes 4, jesd204-fsm.
[    4.467413] zynqmp-display fd4a0000.display: vtc bridge property not present
[    4.473445] mmc0: new high speed SDHC card at address 0001
[    4.477062] xilinx-dp-snd-codec fd4a0000.display:zynqmp_dp_snd_codec0: Failed to get required clock freq
[    4.480299] mmcblk0: mmc0:0001 EB1QT 29.8 GiB 
[    4.489425] xilinx-dp-snd-codec: probe of fd4a0000.display:zynqmp_dp_snd_codec0 failed with error -22
[    4.495084]  mmcblk0: p1 p2 p3
[    4.503412] xilinx-dp-snd-pcm zynqmp_dp_snd_pcm0: Xilinx DisplayPort Sound PCM probed
[    4.514269] xilinx-dp-snd-pcm zynqmp_dp_snd_pcm1: Xilinx DisplayPort Sound PCM probed
[    4.522478] OF: graph: no port node found in /axi/display@fd4a0000
[    4.528890] xlnx-drm xlnx-drm.0: bound fd4a0000.display (ops 0xffffffc010fcbdb8)
[    5.615695] zynqmp-display fd4a0000.display: [drm] Cannot find any crtc or sizes
[    5.623315] [drm] Initialized xlnx 1.0.0 20130509 for fd4a0000.display on minor 0
[    5.630801] zynqmp-display fd4a0000.display: ZynqMP DisplayPort Subsystem driver probed
[    5.639112] ahci-ceva fd0c0000.ahci: supply ahci not found, using dummy regulator
[    5.646651] ahci-ceva fd0c0000.ahci: supply phy not found, using dummy regulator
[    5.654108] ahci-ceva fd0c0000.ahci: supply target not found, using dummy regulator
[    5.661944] ahci-ceva fd0c0000.ahci: AHCI 0001.0301 32 slots 2 ports 6 Gbps 0x3 impl platform mode
[    5.670900] ahci-ceva fd0c0000.ahci: flags: 64bit ncq sntf pm clo only pmp fbs pio slum part ccc sds apst 
[    5.681589] scsi host0: ahci-ceva
[    5.685190] scsi host1: ahci-ceva
[    5.688618] ata1: SATA max UDMA/133 mmio [mem 0xfd0c0000-0xfd0c1fff] port 0x100 irq 45
[    5.696536] ata2: SATA max UDMA/133 mmio [mem 0xfd0c0000-0xfd0c1fff] port 0x180 irq 45
[    5.705137] ad9081 spi1.0: supply vdd not found, using dummy regulator
[    6.017928] ata1: SATA link down (SStatus 0 SControl 330)
[    6.023343] ata2: SATA link down (SStatus 0 SControl 330)
[    6.699697] zynqmp-display fd4a0000.display: [drm] Cannot find any crtc or sizes
[    7.496559] ad9081 spi1.0: AD9081 Rev. 2 Grade 10 (API 1.2.2) probed
[    7.503764] xhci-hcd xhci-hcd.1.auto: xHCI Host Controller
[    7.509255] xhci-hcd xhci-hcd.1.auto: new USB bus registered, assigned bus number 1
[    7.517003] xhci-hcd xhci-hcd.1.auto: hcc params 0x0238f625 hci version 0x100 quirks 0x0000000002010810
[    7.526416] xhci-hcd xhci-hcd.1.auto: irq 59, io mem 0xfe200000
[    7.532523] usb usb1: New USB device found, idVendor=1d6b, idProduct=0002, bcdDevice= 5.10
[    7.540782] usb usb1: New USB device strings: Mfr=3, Product=2, SerialNumber=1
[    7.547999] usb usb1: Product: xHCI Host Controller
[    7.552869] usb usb1: Manufacturer: Linux 5.10.0-98103-g2aa7ac113716 xhci-hcd
[    7.559995] usb usb1: SerialNumber: xhci-hcd.1.auto
[    7.565164] hub 1-0:1.0: USB hub found
[    7.568931] hub 1-0:1.0: 1 port detected
[    7.573032] xhci-hcd xhci-hcd.1.auto: xHCI Host Controller
[    7.578517] xhci-hcd xhci-hcd.1.auto: new USB bus registered, assigned bus number 2
[    7.586170] xhci-hcd xhci-hcd.1.auto: Host supports USB 3.0 SuperSpeed
[    7.592798] usb usb2: New USB device found, idVendor=1d6b, idProduct=0003, bcdDevice= 5.10
[    7.601054] usb usb2: New USB device strings: Mfr=3, Product=2, SerialNumber=1
[    7.608278] usb usb2: Product: xHCI Host Controller
[    7.613152] usb usb2: Manufacturer: Linux 5.10.0-98103-g2aa7ac113716 xhci-hcd
[    7.620277] usb usb2: SerialNumber: xhci-hcd.1.auto
[    7.625384] hub 2-0:1.0: USB hub found
[    7.629148] hub 2-0:1.0: 1 port detected
[    7.659186] cf_axi_adc 84a10000.axi-ad9081-rx-hpc: ADI AIM (10.01.b) at 0x84A10000 mapped to 0x(____ptrval____), probed ADC AD9081 as MASTER
[    7.692520] cf_axi_dds 84b10000.axi-ad9081-tx-hpc: Analog Devices CF_AXI_DDS_DDS MASTER (9.01.b) at 0x84B10000 mapped to 0x(____ptrval____), probed DDS AD9081
[    7.706719] jesd204: /axi/spi@ff040000/ad9081@0,jesd204:0,parent=spi1.0: JESD204[2] transition initialized -> probed
[    7.717242] jesd204: /axi/spi@ff040000/ad9081@0,jesd204:0,parent=spi1.0: JESD204[0] transition initialized -> probed
[    7.727765] jesd204: /axi/spi@ff040000/ad9081@0,jesd204:0,parent=spi1.0: JESD204[2] transition probed -> idle
[    7.737682] jesd204: /axi/spi@ff040000/ad9081@0,jesd204:0,parent=spi1.0: JESD204[0] transition probed -> idle
[    7.747596] jesd204: /axi/spi@ff040000/ad9081@0,jesd204:0,parent=spi1.0: JESD204[2] transition idle -> device_init
[    7.757938] jesd204: /axi/spi@ff040000/ad9081@0,jesd204:0,parent=spi1.0: JESD204[0] transition idle -> device_init
[    7.768290] jesd204: /axi/spi@ff040000/ad9081@0,jesd204:0,parent=spi1.0: JESD204[2] transition device_init -> link_init
[    7.779065] jesd204: /axi/spi@ff040000/ad9081@0,jesd204:0,parent=spi1.0: JESD204[0] transition device_init -> link_init
[    7.789858] jesd204: /axi/spi@ff040000/ad9081@0,jesd204:0,parent=spi1.0: JESD204[2] transition link_init -> link_supported
[    7.800896] jesd204: /axi/spi@ff040000/ad9081@0,jesd204:0,parent=spi1.0: JESD204[0] transition link_init -> link_supported
[    7.812309] hmc7044 spi2.0: hmc7044_jesd204_link_pre_setup: Link2 forcing continuous SYSREF mode
[    7.821534] jesd204: /axi/spi@ff040000/ad9081@0,jesd204:0,parent=spi1.0: JESD204[2] transition link_supported -> link_pre_setup
[    7.833015] jesd204: /axi/spi@ff040000/ad9081@0,jesd204:0,parent=spi1.0: JESD204[0] transition link_supported -> link_pre_setup
[    7.856804] jesd204: /axi/spi@ff040000/ad9081@0,jesd204:0,parent=spi1.0: JESD204[2] transition link_pre_setup -> clk_sync_stage1
[    7.868367] jesd204: /axi/spi@ff040000/ad9081@0,jesd204:0,parent=spi1.0: JESD204[0] transition link_pre_setup -> clk_sync_stage1
[    7.879931] jesd204: /axi/spi@ff040000/ad9081@0,jesd204:0,parent=spi1.0: JESD204[2] transition clk_sync_stage1 -> clk_sync_stage2
[    7.891576] jesd204: /axi/spi@ff040000/ad9081@0,jesd204:0,parent=spi1.0: JESD204[0] transition clk_sync_stage1 -> clk_sync_stage2
[    7.903228] jesd204: /axi/spi@ff040000/ad9081@0,jesd204:0,parent=spi1.0: JESD204[2] transition clk_sync_stage2 -> clk_sync_stage3
[    7.914878] jesd204: /axi/spi@ff040000/ad9081@0,jesd204:0,parent=spi1.0: JESD204[0] transition clk_sync_stage2 -> clk_sync_stage3
[    7.928544] jesd204: /axi/spi@ff040000/ad9081@0,jesd204:0,parent=spi1.0: JESD204[2] transition clk_sync_stage3 -> link_setup
[    7.939763] jesd204: /axi/spi@ff040000/ad9081@0,jesd204:0,parent=spi1.0: JESD204[0] transition clk_sync_stage3 -> link_setup
[    7.955868] jesd204: /axi/spi@ff040000/ad9081@0,jesd204:0,parent=spi1.0: JESD204[2] transition link_setup -> opt_setup_stage1
[    7.967172] jesd204: /axi/spi@ff040000/ad9081@0,jesd204:0,parent=spi1.0: JESD204[0] transition link_setup -> opt_setup_stage1
[    7.983507] jesd204: /axi/spi@ff040000/ad9081@0,jesd204:0,parent=spi1.0: JESD204[2] transition opt_setup_stage1 -> opt_setup_stage2
[    7.995330] jesd204: /axi/spi@ff040000/ad9081@0,jesd204:0,parent=spi1.0: JESD204[0] transition opt_setup_stage1 -> opt_setup_stage2
[    8.007302] jesd204: /axi/spi@ff040000/ad9081@0,jesd204:0,parent=spi1.0: JESD204[2] transition opt_setup_stage2 -> opt_setup_stage3
[    8.019122] jesd204: /axi/spi@ff040000/ad9081@0,jesd204:0,parent=spi1.0: JESD204[0] transition opt_setup_stage2 -> opt_setup_stage3
[    8.030946] jesd204: /axi/spi@ff040000/ad9081@0,jesd204:0,parent=spi1.0: JESD204[2] transition opt_setup_stage3 -> opt_setup_stage4
[    8.042764] jesd204: /axi/spi@ff040000/ad9081@0,jesd204:0,parent=spi1.0: JESD204[0] transition opt_setup_stage3 -> opt_setup_stage4
[    8.054592] jesd204: /axi/spi@ff040000/ad9081@0,jesd204:0,parent=spi1.0: JESD204[2] transition opt_setup_stage4 -> opt_setup_stage5
[    8.066418] jesd204: /axi/spi@ff040000/ad9081@0,jesd204:0,parent=spi1.0: JESD204[0] transition opt_setup_stage4 -> opt_setup_stage5
[    8.084358] jesd204: /axi/spi@ff040000/ad9081@0,jesd204:0,parent=spi1.0: JESD204[2] transition opt_setup_stage5 -> clocks_enable
[    8.095922] jesd204: /axi/spi@ff040000/ad9081@0,jesd204:0,parent=spi1.0: JESD204[0] transition opt_setup_stage5 -> clocks_enable
[    8.107542] jesd204: /axi/spi@ff040000/ad9081@0,jesd204:0,parent=spi1.0: JESD204[2] transition clocks_enable -> link_enable
[    8.118673] jesd204: /axi/spi@ff040000/ad9081@0,jesd204:0,parent=spi1.0: JESD204[0] transition clocks_enable -> link_enable
[    8.151919] ad9081 spi1.0: JESD RX (JTX) Link2 in DATA, SYNC deasserted, PLL locked, PHASE established, MODE valid
[    8.162521] ad9081 spi1.0: JESD TX (JRX) Link0 0xF lanes in DATA
[    8.168531] jesd204: /axi/spi@ff040000/ad9081@0,jesd204:0,parent=spi1.0: JESD204[2] transition link_enable -> link_running
[    8.179569] jesd204: /axi/spi@ff040000/ad9081@0,jesd204:0,parent=spi1.0: JESD204[0] transition link_enable -> link_running
[    8.190618] jesd204: /axi/spi@ff040000/ad9081@0,jesd204:0,parent=spi1.0: JESD204[2] transition link_running -> opt_post_running_stage
[    8.202615] jesd204: /axi/spi@ff040000/ad9081@0,jesd204:0,parent=spi1.0: JESD204[0] transition link_running -> opt_post_running_stage
[    8.223859] input: gpio-keys as /devices/platform/gpio-keys/input/input0
[    8.230876] of_cfs_init
[    8.233345] of_cfs_init: OK
[    8.236282] cfg80211: Loading compiled-in X.509 certificates for regulatory database
[    8.374525] cfg80211: Loaded X.509 cert 'sforshee: 00b28ddf47aef9cea7'
[    8.381058] clk: Not disabling unused clocks
[    8.385587] ALSA device list:
[    8.388543]   No soundcards found.
[    8.392202] platform regulatory.0: Direct firmware load for regulatory.db failed with error -2
[    8.400815] cfg80211: failed to load regulatory.db
[    8.416230] EXT4-fs (mmcblk0p2): mounted filesystem with ordered data mode. Opts: (null)
[    8.424344] VFS: Mounted root (ext4 filesystem) on device 179:2.
[    8.437539] devtmpfs: mounted
[    8.441359] Freeing unused kernel memory: 2560K
[    8.451732] Run /sbin/init as init process
[    8.455826]   with arguments:
[    8.455828]     /sbin/init
[    8.455831]   with environment:
[    8.455833]     HOME=/
[    8.455835]     TERM=linux
[    9.029635] systemd[1]: systemd 241 running in system mode. (+PAM +AUDIT +SELINUX +IMA +APPARMOR +SMACK +SYSVINIT +UTMP +LIBCRYPTSETUP +GCRYPT +GNUTLS +ACL +XZ +LZ4 +SECCOMP +BLKID +ELFUTILS +KMOD -IDN2 +IDN -PCRE2 default-hierarchy=hybrid)
[    9.051490] systemd[1]: Detected architecture arm64.
[    9.076399] systemd[1]: Set hostname to <analog>.
[    9.268198] systemd[1]: File /lib/systemd/system/systemd-journald.service:12 configures an IP firewall (IPAddressDeny=any), but the local system does not support BPF/cgroup based firewalling.
[    9.285247] systemd[1]: Proceeding WITHOUT firewalling in effect! (This warning is only shown for the first loaded unit using IP firewalling.)
[    9.448986] systemd[1]: /etc/systemd/system/tof-server.service:1: Assignment outside of section. Ignoring.
[    9.458710] systemd[1]: /etc/systemd/system/tof-server.service:2: Assignment outside of section. Ignoring.
[    9.642334] random: systemd: uninitialized urandom read (16 bytes read)
[    9.657096] random: systemd: uninitialized urandom read (16 bytes read)
[    9.664309] systemd[1]: Created slice system-systemd\x2dfsck.slice.
[    9.687774] random: systemd: uninitialized urandom read (16 bytes read)
[    9.694729] systemd[1]: Listening on udev Control Socket.
[    9.716094] systemd[1]: Listening on Journal Socket.
[   10.500597] EXT4-fs (mmcblk0p2): re-mounted. Opts: (null)
[   10.652615] systemd-journald[164]: Received request to flush runtime journal from PID 1
[   15.829216] random: crng init done
[   15.829225] random: 7 urandom warning(s) missed due to ratelimiting
[   16.607728] macb ff0e0000.ethernet eth0: PHY [ff0e0000.ethernet-ffffffff:0c] driver [TI DP83867] (irq=POLL)
[   16.607741] macb ff0e0000.ethernet eth0: configuring for phy/rgmii-id link mode
[   16.887781] Adding 102396k swap on /var/swap.  Priority:-2 extents:4 across:9953604k SS
[   19.456936] broken atomic modeset userspace detected, disabling atomic
[   19.681308] macb ff0e0000.ethernet eth0: Link is Up - 1Gbps/Full - flow control off
[   19.681333] IPv6: ADDRCONF(NETDEV_CHANGE): eth0: link becomes ready
[   22.118032] broken atomic modeset userspace detected, disabling atomic
[   25.007943] broken atomic modeset userspace detected, disabling atomic
[   27.660634] broken atomic modeset userspace detected, disabling atomic