[    0.000000] Booting Linux on physical CPU 0x0000000000 [0x410fd034]
[    0.000000] Linux version 5.10.0-98103-g2aa7ac113716 (jenkins@romlxbuild1.adlk.analog.com) (aarch64-xilinx-linux-gcc.real (GCC) 10.2.0, GNU ld (GNU Binutils) 2.35.0.20200730) #5577 SMP Wed Mar 23 07:28:49 GMT 2022
[    0.000000] Machine model: ZynqMP ZCU102 Rev1.0
[    0.000000] earlycon: cdns0 at MMIO 0x00000000ff000000 (options '115200n8')
[    0.000000] printk: bootconsole [cdns0] enabled
[    0.000000] efi: UEFI not found.
[    0.000000] cma: Reserved 256 MiB at 0x0000000070000000
[    0.000000] Zone ranges:
[    0.000000]   DMA      [mem 0x0000000000000000-0x000000003fffffff]
[    0.000000]   DMA32    [mem 0x0000000040000000-0x00000000ffffffff]
[    0.000000]   Normal   [mem 0x0000000100000000-0x000000087fffffff]
[    0.000000] Movable zone start for each node
[    0.000000] Early memory node ranges
[    0.000000]   node   0: [mem 0x0000000000000000-0x000000007fffffff]
[    0.000000]   node   0: [mem 0x0000000800000000-0x000000087fffffff]
[    0.000000] Initmem setup node 0 [mem 0x0000000000000000-0x000000087fffffff]
[    0.000000] On node 0 totalpages: 1048576
[    0.000000]   DMA zone: 3584 pages used for memmap
[    0.000000]   DMA zone: 0 pages reserved
[    0.000000]   DMA zone: 262144 pages, LIFO batch:63
[    0.000000]   DMA32 zone: 3584 pages used for memmap
[    0.000000]   DMA32 zone: 262144 pages, LIFO batch:63
[    0.000000]   Normal zone: 7168 pages used for memmap
[    0.000000]   Normal zone: 524288 pages, LIFO batch:63
[    0.000000] psci: probing for conduit method from DT.
[    0.000000] psci: PSCIv1.1 detected in firmware.
[    0.000000] psci: Using standard PSCI v0.2 function IDs
[    0.000000] psci: MIGRATE_INFO_TYPE not supported.
[    0.000000] psci: SMC Calling Convention v1.2
[    0.000000] percpu: Embedded 22 pages/cpu s49496 r8192 d32424 u90112
[    0.000000] pcpu-alloc: s49496 r8192 d32424 u90112 alloc=22*4096
[    0.000000] pcpu-alloc: [0] 0 [0] 1 [0] 2 [0] 3 
[    0.000000] Detected VIPT I-cache on CPU0
[    0.000000] CPU features: detected: ARM erratum 845719
[    0.000000] Built 1 zonelists, mobility grouping on.  Total pages: 1034240
[    0.000000] Kernel command line: console=ttyPS0,115200 root=/dev/mmcblk0p2 rw earlycon rootfstype=ext4 rootwait clk_ignore_unused cpuidle.off=1 root=/dev/mmcblk0p2 rw rootwait
[    0.000000] Dentry cache hash table entries: 524288 (order: 10, 4194304 bytes, linear)
[    0.000000] Inode-cache hash table entries: 262144 (order: 9, 2097152 bytes, linear)
[    0.000000] mem auto-init: stack:off, heap alloc:off, heap free:off
[    0.000000] software IO TLB: mapped [mem 0x000000003bfff000-0x000000003ffff000] (64MB)
[    0.000000] Memory: 3761904K/4194304K available (15296K kernel code, 1636K rwdata, 11876K rodata, 2560K init, 507K bss, 170256K reserved, 262144K cma-reserved)
[    0.000000] rcu: Hierarchical RCU implementation.
[    0.000000] rcu: 	RCU event tracing is enabled.
[    0.000000] rcu: 	RCU restricting CPUs from NR_CPUS=8 to nr_cpu_ids=4.
[    0.000000] rcu: RCU calculated value of scheduler-enlistment delay is 25 jiffies.
[    0.000000] rcu: Adjusting geometry for rcu_fanout_leaf=16, nr_cpu_ids=4
[    0.000000] NR_IRQS: 64, nr_irqs: 64, preallocated irqs: 0
[    0.000000] GIC: Adjusting CPU interface base to 0x00000000f902f000
[    0.000000] GIC: Using split EOI/Deactivate mode
[    0.000000] random: get_random_bytes called from start_kernel+0x31c/0x54c with crng_init=0
[    0.000000] arch_timer: cp15 timer(s) running at 100.00MHz (phys).
[    0.000000] clocksource: arch_sys_counter: mask: 0xffffffffffffff max_cycles: 0x171024e7e0, max_idle_ns: 440795205315 ns
[    0.000003] sched_clock: 56 bits at 100MHz, resolution 10ns, wraps every 4398046511100ns
[    0.008463] Console: colour dummy device 80x25
[    0.012483] Calibrating delay loop (skipped), value calculated using timer frequency.. 200.00 BogoMIPS (lpj=400000)
[    0.022841] pid_max: default: 32768 minimum: 301
[    0.027550] Mount-cache hash table entries: 8192 (order: 4, 65536 bytes, linear)
[    0.034789] Mountpoint-cache hash table entries: 8192 (order: 4, 65536 bytes, linear)
[    0.043395] rcu: Hierarchical SRCU implementation.
[    0.047560] EFI services will not be available.
[    0.051937] smp: Bringing up secondary CPUs ...
[    0.056658] Detected VIPT I-cache on CPU1
[    0.056696] CPU1: Booted secondary processor 0x0000000001 [0x410fd034]
[    0.057062] Detected VIPT I-cache on CPU2
[    0.057086] CPU2: Booted secondary processor 0x0000000002 [0x410fd034]
[    0.057426] Detected VIPT I-cache on CPU3
[    0.057449] CPU3: Booted secondary processor 0x0000000003 [0x410fd034]
[    0.057495] smp: Brought up 1 node, 4 CPUs
[    0.091780] SMP: Total of 4 processors activated.
[    0.096452] CPU features: detected: 32-bit EL0 Support
[    0.101556] CPU features: detected: CRC32 instructions
[    0.106696] CPU: All CPU(s) started at EL2
[    0.110736] alternatives: patching kernel code
[    0.116169] devtmpfs: initialized
[    0.124071] Registered cp15_barrier emulation handler
[    0.124122] Registered setend emulation handler
[    0.128100] clocksource: jiffies: mask: 0xffffffff max_cycles: 0xffffffff, max_idle_ns: 7645041785100000 ns
[    0.137678] futex hash table entries: 1024 (order: 4, 65536 bytes, linear)
[    0.151037] pinctrl core: initialized pinctrl subsystem
[    0.151680] NET: Registered protocol family 16
[    0.156106] DMA: preallocated 512 KiB GFP_KERNEL pool for atomic allocations
[    0.162116] DMA: preallocated 512 KiB GFP_KERNEL|GFP_DMA pool for atomic allocations
[    0.169843] DMA: preallocated 512 KiB GFP_KERNEL|GFP_DMA32 pool for atomic allocations
[    0.177643] audit: initializing netlink subsys (disabled)
[    0.183095] audit: type=2000 audit(0.116:1): state=initialized audit_enabled=0 res=1
[    0.183439] hw-breakpoint: found 6 breakpoint and 4 watchpoint registers.
[    0.197472] ASID allocator initialised with 65536 entries
[    0.224300] HugeTLB registered 1.00 GiB page size, pre-allocated 0 pages
[    0.225351] HugeTLB registered 32.0 MiB page size, pre-allocated 0 pages
[    0.232022] HugeTLB registered 2.00 MiB page size, pre-allocated 0 pages
[    0.238683] HugeTLB registered 64.0 KiB page size, pre-allocated 0 pages
[    1.304276] DRBG: Continuing without Jitter RNG
[    1.382082] raid6: neonx8   gen()  2143 MB/s
[    1.450127] raid6: neonx8   xor()  1599 MB/s
[    1.518182] raid6: neonx4   gen()  2190 MB/s
[    1.586230] raid6: neonx4   xor()  1566 MB/s
[    1.654304] raid6: neonx2   gen()  2076 MB/s
[    1.722348] raid6: neonx2   xor()  1442 MB/s
[    1.790416] raid6: neonx1   gen()  1772 MB/s
[    1.858469] raid6: neonx1   xor()  1220 MB/s
[    1.926520] raid6: int64x8  gen()  1438 MB/s
[    1.994575] raid6: int64x8  xor()   771 MB/s
[    2.062651] raid6: int64x4  gen()  1598 MB/s
[    2.130697] raid6: int64x4  xor()   818 MB/s
[    2.198772] raid6: int64x2  gen()  1397 MB/s
[    2.266812] raid6: int64x2  xor()   750 MB/s
[    2.334885] raid6: int64x1  gen()  1034 MB/s
[    2.402949] raid6: int64x1  xor()   517 MB/s
[    2.402987] raid6: using algorithm neonx4 gen() 2190 MB/s
[    2.406944] raid6: .... xor() 1566 MB/s, rmw enabled
[    2.411874] raid6: using neon recovery algorithm
[    2.416884] iommu: Default domain type: Translated 
[    2.421499] SCSI subsystem initialized
[    2.425043] libata version 3.00 loaded.
[    2.425168] usbcore: registered new interface driver usbfs
[    2.430500] usbcore: registered new interface driver hub
[    2.435773] usbcore: registered new device driver usb
[    2.440907] mc: Linux media interface: v0.10
[    2.445021] videodev: Linux video capture interface: v2.00
[    2.450513] EDAC MC: Ver: 3.0.0
[    2.453955] zynqmp-ipi-mbox mailbox@ff990400: Registered ZynqMP IPI mbox with TX/RX channels.
[    2.462459] jesd204: created con: id=0, topo=0, link=0, /axi/spi@ff050000/hmc7044@0 <-> /fpga-axi@0/axi-adxcvr-tx@84b60000
[    2.473043] jesd204: created con: id=1, topo=0, link=2, /axi/spi@ff050000/hmc7044@0 <-> /fpga-axi@0/axi-adxcvr-rx@84a60000
[    2.484027] jesd204: created con: id=2, topo=0, link=0, /fpga-axi@0/axi-adxcvr-tx@84b60000 <-> /fpga-axi@0/axi-jesd204-tx@84b90000
[    2.495702] jesd204: created con: id=3, topo=0, link=2, /fpga-axi@0/axi-adxcvr-rx@84a60000 <-> /fpga-axi@0/axi-jesd204-rx@84a90000
[    2.507380] jesd204: created con: id=4, topo=0, link=0, /fpga-axi@0/axi-jesd204-tx@84b90000 <-> /fpga-axi@0/axi-ad9081-tx-hpc@84b10000
[    2.519407] jesd204: created con: id=5, topo=0, link=2, /fpga-axi@0/axi-jesd204-rx@84a90000 <-> /fpga-axi@0/axi-ad9081-rx-hpc@84a10000
[    2.531430] jesd204: created con: id=6, topo=0, link=2, /fpga-axi@0/axi-ad9081-rx-hpc@84a10000 <-> /axi/spi@ff040000/ad9081@0
[    2.542671] jesd204: created con: id=7, topo=0, link=0, /fpga-axi@0/axi-ad9081-tx-hpc@84b10000 <-> /axi/spi@ff040000/ad9081@0
[    2.553922] jesd204: /axi/spi@ff040000/ad9081@0: JESD204[2] transition uninitialized -> initialized
[    2.562908] jesd204: /axi/spi@ff040000/ad9081@0: JESD204[0] transition uninitialized -> initialized
[    2.571899] jesd204: found 8 devices and 1 topologies
[    2.576943] FPGA manager framework
[    2.580423] Advanced Linux Sound Architecture Driver Initialized.
[    2.586715] Bluetooth: Core ver 2.22
[    2.589902] NET: Registered protocol family 31
[    2.594304] Bluetooth: HCI device and connection manager initialized
[    2.600620] Bluetooth: HCI socket layer initialized
[    2.605462] Bluetooth: L2CAP socket layer initialized
[    2.610486] Bluetooth: SCO socket layer initialized
[    2.615670] clocksource: Switched to clocksource arch_sys_counter
[    2.621479] VFS: Disk quotas dquot_6.6.0
[    2.625313] VFS: Dquot-cache hash table entries: 512 (order 0, 4096 bytes)
[    2.636031] NET: Registered protocol family 2
[    2.636760] tcp_listen_portaddr_hash hash table entries: 2048 (order: 3, 32768 bytes, linear)
[    2.644953] TCP established hash table entries: 32768 (order: 6, 262144 bytes, linear)
[    2.652979] TCP bind hash table entries: 32768 (order: 7, 524288 bytes, linear)
[    2.660422] TCP: Hash tables configured (established 32768 bind 32768)
[    2.666598] UDP hash table entries: 2048 (order: 4, 65536 bytes, linear)
[    2.673265] UDP-Lite hash table entries: 2048 (order: 4, 65536 bytes, linear)
[    2.680425] NET: Registered protocol family 1
[    2.684879] RPC: Registered named UNIX socket transport module.
[    2.690501] RPC: Registered udp transport module.
[    2.695165] RPC: Registered tcp transport module.
[    2.699835] RPC: Registered tcp NFSv4.1 backchannel transport module.
[    2.706828] PCI: CLS 0 bytes, default 64
[    2.710531] hw perfevents: no interrupt-affinity property for /pmu, guessing.
[    2.717388] hw perfevents: enabled with armv8_pmuv3 PMU driver, 7 counters available
[    2.725739] Initialise system trusted keyrings
[    2.729413] workingset: timestamp_bits=62 max_order=20 bucket_order=0
[    2.736316] NFS: Registering the id_resolver key type
[    2.740765] Key type id_resolver registered
[    2.744903] Key type id_legacy registered
[    2.748893] nfs4filelayout_init: NFSv4 File Layout Driver Registering...
[    2.755559] jffs2: version 2.2. (NAND) (SUMMARY)  Â© 2001-2006 Red Hat, Inc.
[    2.798433] NET: Registered protocol family 38
[    2.798475] xor: measuring software checksum speed
[    2.806167]    8regs           :  2363 MB/sec
[    2.809836]    32regs          :  2799 MB/sec
[    2.814778]    arm64_neon      :  2380 MB/sec
[    2.814968] xor: using function: 32regs (2799 MB/sec)
[    2.819994] Key type asymmetric registered
[    2.824056] Asymmetric key parser 'x509' registered
[    2.828917] Block layer SCSI generic (bsg) driver version 0.4 loaded (major 248)
[    2.836254] io scheduler mq-deadline registered
[    2.840750] io scheduler kyber registered
[    2.870148] Serial: 8250/16550 driver, 4 ports, IRQ sharing disabled
[    2.874788] cacheinfo: Unable to detect cache hierarchy for CPU 0
[    2.881134] brd: module loaded
[    2.885272] loop: module loaded
[    2.885817] Registered mathworks_ip class
[    2.889159] libphy: Fixed MDIO Bus: probed
[    2.892150] tun: Universal TUN/TAP device driver, 1.6
[    2.896198] CAN device driver interface
[    2.900734] usbcore: registered new interface driver asix
[    2.905329] usbcore: registered new interface driver ax88179_178a
[    2.911363] usbcore: registered new interface driver cdc_ether
[    2.917157] usbcore: registered new interface driver net1080
[    2.922783] usbcore: registered new interface driver cdc_subset
[    2.928663] usbcore: registered new interface driver zaurus
[    2.934206] usbcore: registered new interface driver cdc_ncm
[    2.940610] ehci_hcd: USB 2.0 'Enhanced' Host Controller (EHCI) Driver
[    2.946292] ehci-pci: EHCI PCI platform driver
[    2.951090] usbcore: registered new interface driver uas
[    2.956007] usbcore: registered new interface driver usb-storage
[    2.961996] usbcore: registered new interface driver usbserial_generic
[    2.968447] usbserial: USB Serial support registered for generic
[    2.974420] usbcore: registered new interface driver ftdi_sio
[    2.980122] usbserial: USB Serial support registered for FTDI USB Serial Device
[    2.987399] usbcore: registered new interface driver upd78f0730
[    2.993270] usbserial: USB Serial support registered for upd78f0730
[    3.000930] rtc_zynqmp ffa60000.rtc: registered as rtc0
[    3.004695] rtc_zynqmp ffa60000.rtc: setting system clock to 2022-04-12T21:27:35 UTC (1649798855)
[    3.013559] i2c /dev entries driver
[    3.018873] usbcore: registered new interface driver uvcvideo
[    3.022671] USB Video Class driver (1.1.1)
[    3.028254] Bluetooth: HCI UART driver ver 2.3
[    3.031142] Bluetooth: HCI UART protocol H4 registered
[    3.036252] Bluetooth: HCI UART protocol BCSP registered
[    3.041541] Bluetooth: HCI UART protocol LL registered
[    3.046629] Bluetooth: HCI UART protocol ATH3K registered
[    3.052003] Bluetooth: HCI UART protocol Three-wire (H5) registered
[    3.058259] Bluetooth: HCI UART protocol Intel registered
[    3.063595] Bluetooth: HCI UART protocol QCA registered
[    3.068798] usbcore: registered new interface driver bcm203x
[    3.074419] usbcore: registered new interface driver bpa10x
[    3.079954] usbcore: registered new interface driver bfusb
[    3.085405] usbcore: registered new interface driver btusb
[    3.090867] usbcore: registered new interface driver ath3k
[    3.096350] EDAC MC: ECC not enabled
[    3.099977] EDAC DEVICE0: Giving out device to module zynqmp-ocm-edac controller zynqmp_ocm: DEV ff960000.memory-controller (INTERRUPT)
[    3.112290] sdhci: Secure Digital Host Controller Interface driver
[    3.118078] sdhci: Copyright(c) Pierre Ossman
[    3.122404] sdhci-pltfm: SDHCI platform and OF driver helper
[    3.128454] ledtrig-cpu: registered to indicate activity on CPUs
[    3.134008] SMCCC: SOC_ID: ARCH_SOC_ID not implemented, skipping ....
[    3.140441] zynqmp_firmware_probe Platform Management API v1.1
[    3.146195] zynqmp_firmware_probe Trustzone version v1.0
[    3.185737] zynqmp-pinctrl firmware:zynqmp-firmware:pinctrl: zynqmp pinctrl initialized
[    3.233734] zynqmp-aes firmware:zynqmp-firmware:zynqmp-aes: will run requests pump with realtime priority
[    3.249502] alg: No test for xilinx-keccak-384 (zynqmp-keccak-384)
[    3.250214] alg: No test for xilinx-zynqmp-rsa (zynqmp-rsa)
[    3.255738] usbcore: registered new interface driver usbhid
[    3.261115] usbhid: USB HID core driver
[    3.272355] axi_sysid 85000000.axi-sysid-0: AXI System ID core version (1.01.a) found
[    3.274707] axi_sysid 85000000.axi-sysid-0: [ad9081_fmca_ebz] on [zcu102] git branch <master> git <084d44c9780640ca93fd847b1d9ec70dd65f5c67> clean [2022-03-18 04:17:50] UTC
[    3.290395] fpga_manager fpga0: Xilinx ZynqMP FPGA Manager registered
[    3.296759] usbcore: registered new interface driver snd-usb-audio
[    3.304194] pktgen: Packet Generator for packet performance testing. Version: 2.75
[    3.310374] Initializing XFRM netlink socket
[    3.314240] NET: Registered protocol family 10
[    3.318952] Segment Routing with IPv6
[    3.322337] sit: IPv6, IPv4 and MPLS over IPv4 tunneling driver
[    3.328404] NET: Registered protocol family 17
[    3.332507] NET: Registered protocol family 15
[    3.337004] can: controller area network core
[    3.341259] NET: Registered protocol family 29
[    3.345648] can: raw protocol
[    3.348585] can: broadcast manager protocol
[    3.352740] can: netlink gateway - max_hops=1
[    3.357135] Bluetooth: RFCOMM TTY layer initialized
[    3.361913] Bluetooth: RFCOMM socket layer initialized
[    3.367024] Bluetooth: RFCOMM ver 1.11
[    3.370732] Bluetooth: BNEP (Ethernet Emulation) ver 1.3
[    3.376003] Bluetooth: BNEP filters: protocol multicast
[    3.381197] Bluetooth: BNEP socket layer initialized
[    3.386124] Bluetooth: HIDP (Human Interface Emulation) ver 1.2
[    3.392008] Bluetooth: HIDP socket layer initialized
[    3.397059] 9pnet: Installing 9P2000 support
[    3.401185] NET: Registered protocol family 36
[    3.405602] Key type dns_resolver registered
[    3.410036] registered taskstats version 1
[    3.413898] Loading compiled-in X.509 certificates
[    3.419011] Btrfs loaded, crc32c=crc32c-generic
[    3.431405] ff000000.serial: ttyPS0 at MMIO 0xff000000 (irq = 49, base_baud = 6249999) is a xuartps
[    3.440425] printk: console [ttyPS0] enabled
[    3.444719] printk: bootconsole [cdns0] disabled
[    3.454352] ff010000.serial: ttyPS1 at MMIO 0xff010000 (irq = 50, base_baud = 6249999) is a xuartps
[    3.467577] of-fpga-region fpga-full: FPGA Region probed
[    3.474536] nwl-pcie fd0e0000.pcie: host bridge /axi/pcie@fd0e0000 ranges:
[    3.481431] nwl-pcie fd0e0000.pcie:      MEM 0x00e0000000..0x00efffffff -> 0x00e0000000
[    3.489440] nwl-pcie fd0e0000.pcie:      MEM 0x0600000000..0x07ffffffff -> 0x0600000000
[    3.497504] nwl-pcie fd0e0000.pcie: Link is DOWN
[    3.502262] nwl-pcie fd0e0000.pcie: PCI host bridge to bus 0000:00
[    3.508439] pci_bus 0000:00: root bus resource [bus 00-ff]
[    3.513920] pci_bus 0000:00: root bus resource [mem 0xe0000000-0xefffffff]
[    3.520791] pci_bus 0000:00: root bus resource [mem 0x600000000-0x7ffffffff pref]
[    3.528294] pci 0000:00:00.0: [10ee:d021] type 01 class 0x060400
[    3.534352] pci 0000:00:00.0: PME# supported from D0 D1 D2 D3hot
[    3.544794] pci 0000:00:00.0: PCI bridge to [bus 01-0c]
[    3.550768] xilinx-zynqmp-dma fd500000.dma: ZynqMP DMA driver Probe success
[    3.557947] xilinx-zynqmp-dma fd510000.dma: ZynqMP DMA driver Probe success
[    3.565125] xilinx-zynqmp-dma fd520000.dma: ZynqMP DMA driver Probe success
[    3.572300] xilinx-zynqmp-dma fd530000.dma: ZynqMP DMA driver Probe success
[    3.579466] xilinx-zynqmp-dma fd540000.dma: ZynqMP DMA driver Probe success
[    3.586638] xilinx-zynqmp-dma fd550000.dma: ZynqMP DMA driver Probe success
[    3.593806] xilinx-zynqmp-dma fd560000.dma: ZynqMP DMA driver Probe success
[    3.600978] xilinx-zynqmp-dma fd570000.dma: ZynqMP DMA driver Probe success
[    3.608376] xilinx-zynqmp-dpdma fd4c0000.dma-controller: Xilinx DPDMA engine is probed
[    3.616922] ahci-ceva fd0c0000.ahci: supply ahci not found, using dummy regulator
[    3.624463] ahci-ceva fd0c0000.ahci: supply phy not found, using dummy regulator
[    3.711847] hmc7044 spi2.0: PLL1: Acquisition, CLKIN0 @ 122880000 Hz, PFD: 80 kHz - PLL2: Locked @ 2824.000000 MHz
[    3.722562] jesd204: /axi/spi@ff050000/hmc7044@0,jesd204:1,parent=spi2.0: Using as SYSREF provider
[    3.732146] spi-nor spi0.0: SPI-NOR-UniqueID 100000235394732200270025081115266e
[    3.739457] spi-nor spi0.0: found n25q512a, expected m25p80
[    3.745659] spi-nor spi0.0: trying to lock already unlocked area
[    3.751665] spi-nor spi0.0: n25q512a (131072 Kbytes)
[    3.756647] 4 fixed-partitions partitions found on MTD device spi0.0
[    3.762991] Creating 4 MTD partitions on "spi0.0":
[    3.767777] 0x000000000000-0x000000100000 : "qspi-fsbl-uboot"
[    3.774276] 0x000000100000-0x000000600000 : "qspi-linux"
[    3.780229] 0x000000600000-0x000000620000 : "qspi-device-tree"
[    3.786704] 0x000000620000-0x000000c00000 : "qspi-rootfs"
[    3.795173] macb ff0e0000.ethernet: Not enabling partial store and forward
[    3.802698] libphy: MACB_mii_bus: probed
[    3.807751] macb ff0e0000.ethernet eth0: Cadence GEM rev 0x50070106 at 0xff0e0000 irq 30 (00:0a:35:04:8e:1b)
[    3.817962] xilinx-axipmon ffa00000.perf-monitor: Probed Xilinx APM
[    3.824537] xilinx-axipmon fd0b0000.perf-monitor: Probed Xilinx APM
[    3.831054] xilinx-axipmon fd490000.perf-monitor: Probed Xilinx APM
[    3.837598] xilinx-axipmon ffa10000.perf-monitor: Probed Xilinx APM
[    3.847612] pca953x 0-0020: supply vcc not found, using dummy regulator
[    3.854292] pca953x 0-0020: using no AI
[    3.858783] gpio-496 (sel0): hogged as output/low
[    3.863681] gpio-497 (sel1): hogged as output/high
[    3.868663] gpio-498 (sel2): hogged as output/high
[    3.873647] gpio-499 (sel3): hogged as output/high
[    3.878820] pca953x 0-0021: supply vcc not found, using dummy regulator
[    3.885485] pca953x 0-0021: using no AI
[    3.891240] ina2xx 2-0040: power monitor ina226 (Rshunt = 5000 uOhm)
[    3.898266] ina2xx 2-0041: power monitor ina226 (Rshunt = 5000 uOhm)
[    3.905306] ina2xx 2-0042: power monitor ina226 (Rshunt = 5000 uOhm)
[    3.912342] ina2xx 2-0043: power monitor ina226 (Rshunt = 5000 uOhm)
[    3.919361] ina2xx 2-0044: power monitor ina226 (Rshunt = 5000 uOhm)
[    3.926382] ina2xx 2-0045: power monitor ina226 (Rshunt = 5000 uOhm)
[    3.933410] ina2xx 2-0046: power monitor ina226 (Rshunt = 5000 uOhm)
[    3.940487] ina2xx 2-0047: power monitor ina226 (Rshunt = 5000 uOhm)
[    3.947513] ina2xx 2-004a: power monitor ina226 (Rshunt = 5000 uOhm)
[    3.954546] ina2xx 2-004b: power monitor ina226 (Rshunt = 5000 uOhm)
[    3.960956] i2c i2c-0: Added multiplexed i2c bus 2
[    3.966340] random: fast init done
[    3.969815] ina2xx 3-0040: power monitor ina226 (Rshunt = 2000 uOhm)
[    3.976843] ina2xx 3-0041: power monitor ina226 (Rshunt = 5000 uOhm)
[    3.983868] ina2xx 3-0042: power monitor ina226 (Rshunt = 5000 uOhm)
[    3.990904] ina2xx 3-0043: power monitor ina226 (Rshunt = 5000 uOhm)
[    3.997926] ina2xx 3-0044: power monitor ina226 (Rshunt = 5000 uOhm)
[    4.004950] ina2xx 3-0045: power monitor ina226 (Rshunt = 5000 uOhm)
[    4.011984] ina2xx 3-0046: power monitor ina226 (Rshunt = 5000 uOhm)
[    4.019016] ina2xx 3-0047: power monitor ina226 (Rshunt = 5000 uOhm)
[    4.025416] i2c i2c-0: Added multiplexed i2c bus 3
[    4.081520] i2c i2c-0: Added multiplexed i2c bus 4
[    4.086459] i2c i2c-0: Added multiplexed i2c bus 5
[    4.091249] pca954x 0-0075: registered 4 multiplexed busses for I2C mux pca9544
[    4.098599] cdns-i2c ff020000.i2c: 400 kHz mmio ff020000 irq 32
[    4.106330] at24 6-0054: supply vcc not found, using dummy regulator
[    4.113225] at24 6-0054: 1024 byte 24c08 EEPROM, writable, 1 bytes/write
[    4.119979] i2c i2c-1: Added multiplexed i2c bus 6
[    4.126410] si5341 7-0036: Chip: 5341 Grade: 1 Rev: 1
[    4.164097] i2c i2c-1: Added multiplexed i2c bus 7
[    4.171746] si570 8-005d: registered, current frequency 300000000 Hz
[    4.178150] i2c i2c-1: Added multiplexed i2c bus 8
[    4.197934] si570 9-005d: registered, current frequency 148500000 Hz
[    4.204338] i2c i2c-1: Added multiplexed i2c bus 9
[    4.209378] si5324 10-0069: si5328 probed
[    4.276028] si5324 10-0069: si5328 probe successful
[    4.280958] i2c i2c-1: Added multiplexed i2c bus 10
[    4.285987] i2c i2c-1: Added multiplexed i2c bus 11
[    4.291013] i2c i2c-1: Added multiplexed i2c bus 12
[    4.296034] i2c i2c-1: Added multiplexed i2c bus 13
[    4.300914] pca954x 1-0074: registered 8 multiplexed busses for I2C switch pca9548
[    4.309023] at24 14-0050: supply vcc not found, using dummy regulator
[    4.315811] at24 14-0050: 256 byte 24c02 EEPROM, writable, 1 bytes/write
[    4.322558] i2c i2c-1: Added multiplexed i2c bus 14
[    4.327597] i2c i2c-1: Added multiplexed i2c bus 15
[    4.332630] i2c i2c-1: Added multiplexed i2c bus 16
[    4.337667] i2c i2c-1: Added multiplexed i2c bus 17
[    4.342703] i2c i2c-1: Added multiplexed i2c bus 18
[    4.347744] i2c i2c-1: Added multiplexed i2c bus 19
[    4.352788] i2c i2c-1: Added multiplexed i2c bus 20
[    4.357821] i2c i2c-1: Added multiplexed i2c bus 21
[    4.362698] pca954x 1-0075: registered 8 multiplexed busses for I2C switch pca9548
[    4.370307] cdns-i2c ff030000.i2c: 400 kHz mmio ff030000 irq 33
[    4.380046] cdns-wdt fd4d0000.watchdog: Xilinx Watchdog Timer with timeout 60s
[    4.389094] axi_adxcvr 84a60000.axi-adxcvr-rx: adxcvr_enforce_settings: Using QPLL without access, assuming desired Lane rate will be configured by a different instance
[    4.405734] axi_adxcvr 84a60000.axi-adxcvr-rx: AXI-ADXCVR-RX (17.05.a) using QPLL on GTH4 at 0x84A60000. Number of lanes: 4.
[    4.417893] axi_adxcvr 84b60000.axi-adxcvr-tx: AXI-ADXCVR-TX (17.05.a) using QPLL on GTH4 at 0x84B60000. Number of lanes: 4.
[    4.421853] mmc0: SDHCI controller on ff170000.mmc [ff170000.mmc] using ADMA 64-bit
[    4.436857] axi-jesd204-rx 84a90000.axi-jesd204-rx: AXI-JESD204-RX (1.07.a) at 0x84A90000. Encoder 8b10b, width 4/4, lanes 4, jesd204-fsm.
[    4.449700] axi-jesd204-tx 84b90000.axi-jesd204-tx: AXI-JESD204-TX (1.06.a) at 0x84B90000. Encoder 8b10b, width 4/4, lanes 4, jesd204-fsm.
[    4.463202] zynqmp-display fd4a0000.display: vtc bridge property not present
[    4.469433] mmc0: new high speed SDHC card at address 0001
[    4.472854] xilinx-dp-snd-codec fd4a0000.display:zynqmp_dp_snd_codec0: Failed to get required clock freq
[    4.476092] mmcblk0: mmc0:0001 EB1QT 29.8 GiB 
[    4.485218] xilinx-dp-snd-codec: probe of fd4a0000.display:zynqmp_dp_snd_codec0 failed with error -22
[    4.490870]  mmcblk0: p1 p2 p3
[    4.499208] xilinx-dp-snd-pcm zynqmp_dp_snd_pcm0: Xilinx DisplayPort Sound PCM probed
[    4.510065] xilinx-dp-snd-pcm zynqmp_dp_snd_pcm1: Xilinx DisplayPort Sound PCM probed
[    4.518279] OF: graph: no port node found in /axi/display@fd4a0000
[    4.524688] xlnx-drm xlnx-drm.0: bound fd4a0000.display (ops 0xffffffc010fcbdb8)
[    5.611686] zynqmp-display fd4a0000.display: [drm] Cannot find any crtc or sizes
[    5.619299] [drm] Initialized xlnx 1.0.0 20130509 for fd4a0000.display on minor 0
[    5.626786] zynqmp-display fd4a0000.display: ZynqMP DisplayPort Subsystem driver probed
[    5.635102] ahci-ceva fd0c0000.ahci: supply ahci not found, using dummy regulator
[    5.642645] ahci-ceva fd0c0000.ahci: supply phy not found, using dummy regulator
[    5.650098] ahci-ceva fd0c0000.ahci: supply target not found, using dummy regulator
[    5.657937] ahci-ceva fd0c0000.ahci: AHCI 0001.0301 32 slots 2 ports 6 Gbps 0x3 impl platform mode
[    5.666892] ahci-ceva fd0c0000.ahci: flags: 64bit ncq sntf pm clo only pmp fbs pio slum part ccc sds apst 
[    5.677583] scsi host0: ahci-ceva
[    5.681182] scsi host1: ahci-ceva
[    5.684611] ata1: SATA max UDMA/133 mmio [mem 0xfd0c0000-0xfd0c1fff] port 0x100 irq 45
[    5.692523] ata2: SATA max UDMA/133 mmio [mem 0xfd0c0000-0xfd0c1fff] port 0x180 irq 45
[    5.701123] ad9081 spi1.0: supply vdd not found, using dummy regulator
[    6.013889] ata2: SATA link down (SStatus 0 SControl 330)
[    6.019296] ata1: SATA link down (SStatus 0 SControl 330)
[    6.695689] zynqmp-display fd4a0000.display: [drm] Cannot find any crtc or sizes
[    7.488408] ad9081 spi1.0: AD9081 Rev. 2 Grade 10 (API 1.2.2) probed
[    7.495601] xhci-hcd xhci-hcd.1.auto: xHCI Host Controller
[    7.501091] xhci-hcd xhci-hcd.1.auto: new USB bus registered, assigned bus number 1
[    7.508837] xhci-hcd xhci-hcd.1.auto: hcc params 0x0238f625 hci version 0x100 quirks 0x0000000002010810
[    7.518250] xhci-hcd xhci-hcd.1.auto: irq 59, io mem 0xfe200000
[    7.524356] usb usb1: New USB device found, idVendor=1d6b, idProduct=0002, bcdDevice= 5.10
[    7.532616] usb usb1: New USB device strings: Mfr=3, Product=2, SerialNumber=1
[    7.539834] usb usb1: Product: xHCI Host Controller
[    7.544702] usb usb1: Manufacturer: Linux 5.10.0-98103-g2aa7ac113716 xhci-hcd
[    7.551828] usb usb1: SerialNumber: xhci-hcd.1.auto
[    7.556994] hub 1-0:1.0: USB hub found
[    7.560757] hub 1-0:1.0: 1 port detected
[    7.564863] xhci-hcd xhci-hcd.1.auto: xHCI Host Controller
[    7.570351] xhci-hcd xhci-hcd.1.auto: new USB bus registered, assigned bus number 2
[    7.578004] xhci-hcd xhci-hcd.1.auto: Host supports USB 3.0 SuperSpeed
[    7.584631] usb usb2: New USB device found, idVendor=1d6b, idProduct=0003, bcdDevice= 5.10
[    7.592889] usb usb2: New USB device strings: Mfr=3, Product=2, SerialNumber=1
[    7.600113] usb usb2: Product: xHCI Host Controller
[    7.604986] usb usb2: Manufacturer: Linux 5.10.0-98103-g2aa7ac113716 xhci-hcd
[    7.612111] usb usb2: SerialNumber: xhci-hcd.1.auto
[    7.617221] hub 2-0:1.0: USB hub found
[    7.620983] hub 2-0:1.0: 1 port detected
[    7.651028] cf_axi_adc 84a10000.axi-ad9081-rx-hpc: ADI AIM (10.01.b) at 0x84A10000 mapped to 0x(____ptrval____), probed ADC AD9081 as MASTER
[    7.684506] cf_axi_dds 84b10000.axi-ad9081-tx-hpc: Analog Devices CF_AXI_DDS_DDS MASTER (9.01.b) at 0x84B10000 mapped to 0x(____ptrval____), probed DDS AD9081
[    7.698709] jesd204: /axi/spi@ff040000/ad9081@0,jesd204:0,parent=spi1.0: JESD204[2] transition initialized -> probed
[    7.709233] jesd204: /axi/spi@ff040000/ad9081@0,jesd204:0,parent=spi1.0: JESD204[0] transition initialized -> probed
[    7.719755] jesd204: /axi/spi@ff040000/ad9081@0,jesd204:0,parent=spi1.0: JESD204[2] transition probed -> idle
[    7.729664] jesd204: /axi/spi@ff040000/ad9081@0,jesd204:0,parent=spi1.0: JESD204[0] transition probed -> idle
[    7.739578] jesd204: /axi/spi@ff040000/ad9081@0,jesd204:0,parent=spi1.0: JESD204[2] transition idle -> device_init
[    7.749921] jesd204: /axi/spi@ff040000/ad9081@0,jesd204:0,parent=spi1.0: JESD204[0] transition idle -> device_init
[    7.760273] jesd204: /axi/spi@ff040000/ad9081@0,jesd204:0,parent=spi1.0: JESD204[2] transition device_init -> link_init
[    7.771048] jesd204: /axi/spi@ff040000/ad9081@0,jesd204:0,parent=spi1.0: JESD204[0] transition device_init -> link_init
[    7.781839] jesd204: /axi/spi@ff040000/ad9081@0,jesd204:0,parent=spi1.0: JESD204[2] transition link_init -> link_supported
[    7.792878] jesd204: /axi/spi@ff040000/ad9081@0,jesd204:0,parent=spi1.0: JESD204[0] transition link_init -> link_supported
[    7.804280] hmc7044 spi2.0: hmc7044_jesd204_link_pre_setup: Link2 forcing continuous SYSREF mode
[    7.813395] jesd204: /axi/spi@ff040000/ad9081@0,jesd204:0,parent=spi1.0: JESD204[2] transition link_supported -> link_pre_setup
[    7.824875] jesd204: /axi/spi@ff040000/ad9081@0,jesd204:0,parent=spi1.0: JESD204[0] transition link_supported -> link_pre_setup
[    7.848691] jesd204: /axi/spi@ff040000/ad9081@0,jesd204:0,parent=spi1.0: JESD204[2] transition link_pre_setup -> clk_sync_stage1
[    7.860254] jesd204: /axi/spi@ff040000/ad9081@0,jesd204:0,parent=spi1.0: JESD204[0] transition link_pre_setup -> clk_sync_stage1
[    7.871818] jesd204: /axi/spi@ff040000/ad9081@0,jesd204:0,parent=spi1.0: JESD204[2] transition clk_sync_stage1 -> clk_sync_stage2
[    7.883463] jesd204: /axi/spi@ff040000/ad9081@0,jesd204:0,parent=spi1.0: JESD204[0] transition clk_sync_stage1 -> clk_sync_stage2
[    7.895115] jesd204: /axi/spi@ff040000/ad9081@0,jesd204:0,parent=spi1.0: JESD204[2] transition clk_sync_stage2 -> clk_sync_stage3
[    7.906764] jesd204: /axi/spi@ff040000/ad9081@0,jesd204:0,parent=spi1.0: JESD204[0] transition clk_sync_stage2 -> clk_sync_stage3
[    7.920431] jesd204: /axi/spi@ff040000/ad9081@0,jesd204:0,parent=spi1.0: JESD204[2] transition clk_sync_stage3 -> link_setup
[    7.931649] jesd204: /axi/spi@ff040000/ad9081@0,jesd204:0,parent=spi1.0: JESD204[0] transition clk_sync_stage3 -> link_setup
[    7.947703] jesd204: /axi/spi@ff040000/ad9081@0,jesd204:0,parent=spi1.0: JESD204[2] transition link_setup -> opt_setup_stage1
[    7.959007] jesd204: /axi/spi@ff040000/ad9081@0,jesd204:0,parent=spi1.0: JESD204[0] transition link_setup -> opt_setup_stage1
[    7.975338] jesd204: /axi/spi@ff040000/ad9081@0,jesd204:0,parent=spi1.0: JESD204[2] transition opt_setup_stage1 -> opt_setup_stage2
[    7.987165] jesd204: /axi/spi@ff040000/ad9081@0,jesd204:0,parent=spi1.0: JESD204[0] transition opt_setup_stage1 -> opt_setup_stage2
[    7.999139] jesd204: /axi/spi@ff040000/ad9081@0,jesd204:0,parent=spi1.0: JESD204[2] transition opt_setup_stage2 -> opt_setup_stage3
[    8.010965] jesd204: /axi/spi@ff040000/ad9081@0,jesd204:0,parent=spi1.0: JESD204[0] transition opt_setup_stage2 -> opt_setup_stage3
[    8.022788] jesd204: /axi/spi@ff040000/ad9081@0,jesd204:0,parent=spi1.0: JESD204[2] transition opt_setup_stage3 -> opt_setup_stage4
[    8.034608] jesd204: /axi/spi@ff040000/ad9081@0,jesd204:0,parent=spi1.0: JESD204[0] transition opt_setup_stage3 -> opt_setup_stage4
[    8.046436] jesd204: /axi/spi@ff040000/ad9081@0,jesd204:0,parent=spi1.0: JESD204[2] transition opt_setup_stage4 -> opt_setup_stage5
[    8.058257] jesd204: /axi/spi@ff040000/ad9081@0,jesd204:0,parent=spi1.0: JESD204[0] transition opt_setup_stage4 -> opt_setup_stage5
[    8.076197] jesd204: /axi/spi@ff040000/ad9081@0,jesd204:0,parent=spi1.0: JESD204[2] transition opt_setup_stage5 -> clocks_enable
[    8.087757] jesd204: /axi/spi@ff040000/ad9081@0,jesd204:0,parent=spi1.0: JESD204[0] transition opt_setup_stage5 -> clocks_enable
[    8.099377] jesd204: /axi/spi@ff040000/ad9081@0,jesd204:0,parent=spi1.0: JESD204[2] transition clocks_enable -> link_enable
[    8.110506] jesd204: /axi/spi@ff040000/ad9081@0,jesd204:0,parent=spi1.0: JESD204[0] transition clocks_enable -> link_enable
[    8.143918] ad9081 spi1.0: JESD RX (JTX) Link2 in DATA, SYNC deasserted, PLL locked, PHASE established, MODE valid
[    8.154532] ad9081 spi1.0: JESD TX (JRX) Link0 0xF lanes in DATA
[    8.160540] jesd204: /axi/spi@ff040000/ad9081@0,jesd204:0,parent=spi1.0: JESD204[2] transition link_enable -> link_running
[    8.171578] jesd204: /axi/spi@ff040000/ad9081@0,jesd204:0,parent=spi1.0: JESD204[0] transition link_enable -> link_running
[    8.182626] jesd204: /axi/spi@ff040000/ad9081@0,jesd204:0,parent=spi1.0: JESD204[2] transition link_running -> opt_post_running_stage
[    8.194624] jesd204: /axi/spi@ff040000/ad9081@0,jesd204:0,parent=spi1.0: JESD204[0] transition link_running -> opt_post_running_stage
[    8.215884] input: gpio-keys as /devices/platform/gpio-keys/input/input0
[    8.222900] of_cfs_init
[    8.225359] of_cfs_init: OK
[    8.228299] cfg80211: Loading compiled-in X.509 certificates for regulatory database
[    8.366467] cfg80211: Loaded X.509 cert 'sforshee: 00b28ddf47aef9cea7'
[    8.373002] clk: Not disabling unused clocks
[    8.377530] ALSA device list:
[    8.380490]   No soundcards found.
[    8.384151] platform regulatory.0: Direct firmware load for regulatory.db failed with error -2
[    8.392762] cfg80211: failed to load regulatory.db
[    8.407379] EXT4-fs (mmcblk0p2): mounted filesystem with ordered data mode. Opts: (null)
[    8.415496] VFS: Mounted root (ext4 filesystem) on device 179:2.
[    8.428685] devtmpfs: mounted
[    8.432501] Freeing unused kernel memory: 2560K
[    8.459721] Run /sbin/init as init process
[    8.463815]   with arguments:
[    8.463817]     /sbin/init
[    8.463819]   with environment:
[    8.463822]     HOME=/
[    8.463824]     TERM=linux
[    9.033183] systemd[1]: systemd 241 running in system mode. (+PAM +AUDIT +SELINUX +IMA +APPARMOR +SMACK +SYSVINIT +UTMP +LIBCRYPTSETUP +GCRYPT +GNUTLS +ACL +XZ +LZ4 +SECCOMP +BLKID +ELFUTILS +KMOD -IDN2 +IDN -PCRE2 default-hierarchy=hybrid)
[    9.055046] systemd[1]: Detected architecture arm64.
[    9.076394] systemd[1]: Set hostname to <analog>.
[    9.251716] systemd[1]: File /lib/systemd/system/systemd-journald.service:12 configures an IP firewall (IPAddressDeny=any), but the local system does not support BPF/cgroup based firewalling.
[    9.268766] systemd[1]: Proceeding WITHOUT firewalling in effect! (This warning is only shown for the first loaded unit using IP firewalling.)
[    9.433044] systemd[1]: /etc/systemd/system/tof-server.service:1: Assignment outside of section. Ignoring.
[    9.442744] systemd[1]: /etc/systemd/system/tof-server.service:2: Assignment outside of section. Ignoring.
[    9.626748] random: systemd: uninitialized urandom read (16 bytes read)
[    9.641486] random: systemd: uninitialized urandom read (16 bytes read)
[    9.648605] systemd[1]: Listening on Journal Socket.
[    9.663788] random: systemd: uninitialized urandom read (16 bytes read)
[    9.670645] systemd[1]: Listening on Journal Socket (/dev/log).
[    9.691772] systemd[1]: Condition check resulted in Arbitrary Executable File Formats File System Automount Point being skipped.
[   10.282721] ------------[ cut here ]------------
[   10.282730] Enabling unprepared \xa0\xc9Q\x88\xff\xff\xffPQ\x88\xff\xff\xff
[   10.282777] WARNING: CPU: 3 PID: 27 at drivers/clk/clk.c:1012 clk_core_enable+0xa4/0xc0
[   10.282780] Modules linked in:
[   10.282790] CPU: 3 PID: 27 Comm: kworker/3:0H Not tainted 5.10.0-98103-g2aa7ac113716 #5577
[   10.282793] Hardware name: ZynqMP ZCU102 Rev1.0 (DT)
[   10.282803] Workqueue: kblockd blk_mq_run_work_fn
[   10.282810] pstate: 80000085 (Nzcv daIf -PAN -UAO -TCO BTYPE=--)
[   10.282816] pc : clk_core_enable+0xa4/0xc0
[   10.282821] lr : clk_core_enable+0xa4/0xc0
[   10.282824] sp : ffffffc01209b2d0
[   10.282827] x29: ffffffc01209b2d0 x28: ffffff8800330c10 
[   10.282834] x27: ffffff8800330d48 x26: 0000005000000101 
[   10.282840] x25: 000000025ef525ac x24: 0000000000000001 
[   10.282847] x23: ffffff88010e9380 x22: ffffff8801083220 
[   10.282854] x21: ffffff8801515000 x20: ffffff8801515008 
[   10.282860] x19: ffffff8801515008 x18: 0000000000000030 
[   10.282866] x17: 0000000000000003 x16: 0000acf2662a5d06 
[   10.282873] x15: ffffffffffff8750 x14: ffffffc011d3b1a0 
[   10.282879] x13: ffffffc011d3b1c8 x12: 00000000000005e8 
[   10.282886] x11: 00000000000001f8 x10: ffffffc011d671c8 
[   10.282892] x9 : 00000000fffff800 x8 : ffffffc011d3b1c8 
[   10.282899] x7 : ffffffc011d671c8 x6 : 0000000000000001 
[   10.282905] x5 : ffffff887f7a89e0 x4 : 0000000000000000 
[   10.282911] x3 : 0000000000000027 x2 : 0000000000000023 
[   10.282918] x1 : f0c8f49ce990fe00 x0 : 0000000000000000 
[   10.282924] Call trace:
[   10.282931]  clk_core_enable+0xa4/0xc0
[   10.282935]  clk_enable+0x2c/0x60
[   10.282942]  zynqmp_runtime_resume+0x24/0x84
[   10.282949]  pm_generic_runtime_resume+0x30/0x50
[   10.282955]  __genpd_runtime_resume+0x30/0xb0
[   10.282961]  genpd_runtime_resume+0x90/0x250
[   10.282967]  __rpm_callback+0x10c/0x1e0
[   10.282972]  rpm_callback+0x5c/0x84
[   10.282977]  rpm_resume+0x4a4/0x74c
[   10.282982]  __pm_runtime_resume+0x78/0xc4
[   10.282987]  spi_mem_access_start.isra.0+0x30/0x80
[   10.282991]  spi_mem_exec_op+0x3b0/0x424
[   10.282996]  spi_nor_read_sr+0x78/0xe0
[   10.283001]  spi_nor_wait_till_ready_with_timeout+0xb4/0x2f0
[   10.283006]  spi_nor_read+0x188/0x380
[   10.283011]  mtd_read_oob_std+0x78/0x84
[   10.283015]  mtd_read_oob+0x7c/0x134
[   10.283020]  mtd_read+0x48/0x7c
[   10.283025]  mtdblock_readsect+0x6c/0x150
[   10.283030]  mtd_queue_rq+0x2cc/0x5a0
[   10.283036]  blk_mq_dispatch_rq_list+0x110/0x790
[   10.283042]  __blk_mq_do_dispatch_sched+0x200/0x274
[   10.283048]  __blk_mq_sched_dispatch_requests+0x1a8/0x1fc
[   10.283053]  blk_mq_sched_dispatch_requests+0x3c/0x7c
[   10.283058]  __blk_mq_run_hw_queue+0x98/0x100
[   10.283063]  blk_mq_run_work_fn+0x24/0x30
[   10.283068]  process_one_work+0x1d4/0x380
[   10.283072]  worker_thread+0x78/0x4e0
[   10.283078]  kthread+0x124/0x130
[   10.283084]  ret_from_fork+0x10/0x3c
[   10.283087] ---[ end trace 6d5e3ec4588d23c1 ]---
[   10.283095] zynqmp-qspi ff0f0000.spi: Cannot enable APB clock.
[   10.283144] spi_master spi0: Failed to power device: -108
[   10.283154] blk_update_request: I/O error, dev mtdblock0, sector 8 op 0x0:(READ) flags 0x80700 phys_seg 1 prio class 0
[   10.283223] spi_master spi0: Failed to power device: -22
[   10.283229] blk_update_request: I/O error, dev mtdblock0, sector 8 op 0x0:(READ) flags 0x0 phys_seg 8 prio class 0
[   10.283235] Buffer I/O error on dev mtdblock0, logical block 8, async page read
[   10.283245] spi_master spi0: Failed to power device: -22
[   10.283251] blk_update_request: I/O error, dev mtdblock0, sector 9 op 0x0:(READ) flags 0x0 phys_seg 7 prio class 0
[   10.283254] Buffer I/O error on dev mtdblock0, logical block 9, async page read
[   10.283262] spi_master spi0: Failed to power device: -22
[   10.283268] blk_update_request: I/O error, dev mtdblock0, sector 10 op 0x0:(READ) flags 0x0 phys_seg 6 prio class 0
[   10.283271] Buffer I/O error on dev mtdblock0, logical block 10, async page read
[   10.283278] spi_master spi0: Failed to power device: -22
[   10.283284] blk_update_request: I/O error, dev mtdblock0, sector 11 op 0x0:(READ) flags 0x0 phys_seg 5 prio class 0
[   10.283288] Buffer I/O error on dev mtdblock0, logical block 11, async page read
[   10.283295] spi_master spi0: Failed to power device: -22
[   10.283301] blk_update_request: I/O error, dev mtdblock0, sector 12 op 0x0:(READ) flags 0x0 phys_seg 4 prio class 0
[   10.283305] Buffer I/O error on dev mtdblock0, logical block 12, async page read
[   10.283311] spi_master spi0: Failed to power device: -22
[   10.283317] blk_update_request: I/O error, dev mtdblock0, sector 13 op 0x0:(READ) flags 0x0 phys_seg 3 prio class 0
[   10.283321] Buffer I/O error on dev mtdblock0, logical block 13, async page read
[   10.283328] spi_master spi0: Failed to power device: -22
[   10.283333] blk_update_request: I/O error, dev mtdblock0, sector 14 op 0x0:(READ) flags 0x0 phys_seg 2 prio class 0
[   10.283337] Buffer I/O error on dev mtdblock0, logical block 14, async page read
[   10.283344] spi_master spi0: Failed to power device: -22
[   10.283349] blk_update_request: I/O error, dev mtdblock0, sector 15 op 0x0:(READ) flags 0x0 phys_seg 1 prio class 0
[   10.283353] Buffer I/O error on dev mtdblock0, logical block 15, async page read
[   10.283714] spi_master spi0: Failed to power device: -22
[   10.283721] blk_update_request: I/O error, dev mtdblock1, sector 10112 op 0x0:(READ) flags 0x80700 phys_seg 1 prio class 0
[   10.283768] spi_master spi0: Failed to power device: -22
[   10.283774] Buffer I/O error on dev mtdblock1, logical block 10112, async page read
[   10.283782] spi_master spi0: Failed to power device: -22
[   10.283787] Buffer I/O error on dev mtdblock1, logical block 10113, async page read
[   10.283794] spi_master spi0: Failed to power device: -22
[   10.283801] spi_master spi0: Failed to power device: -22
[   10.283809] spi_master spi0: Failed to power device: -22
[   10.283816] spi_master spi0: Failed to power device: -22
[   10.283823] spi_master spi0: Failed to power device: -22
[   10.283830] spi_master spi0: Failed to power device: -22
[   10.284064] spi_master spi0: Failed to power device: -22
[   10.284108] spi_master spi0: Failed to power device: -22
[   10.284117] spi_master spi0: Failed to power device: -22
[   10.284125] spi_master spi0: Failed to power device: -22
[   10.284133] spi_master spi0: Failed to power device: -22
[   10.284140] spi_master spi0: Failed to power device: -22
[   10.284147] spi_master spi0: Failed to power device: -22
[   10.284154] spi_master spi0: Failed to power device: -22
[   10.284161] spi_master spi0: Failed to power device: -22
[   10.284426] spi_master spi0: Failed to power device: -22
[   10.284470] spi_master spi0: Failed to power device: -22
[   10.284479] spi_master spi0: Failed to power device: -22
[   10.284487] spi_master spi0: Failed to power device: -22
[   10.284495] spi_master spi0: Failed to power device: -22
[   10.284502] spi_master spi0: Failed to power device: -22
[   10.284509] spi_master spi0: Failed to power device: -22
[   10.284518] spi_master spi0: Failed to power device: -22
[   10.284525] spi_master spi0: Failed to power device: -22
[   10.408818] EXT4-fs (mmcblk0p2): re-mounted. Opts: (null)
[   10.604488] systemd-journald[168]: Received request to flush runtime journal from PID 1
[   16.368031] macb ff0e0000.ethernet eth0: PHY [ff0e0000.ethernet-ffffffff:0c] driver [TI DP83867] (irq=POLL)
[   16.368045] macb ff0e0000.ethernet eth0: configuring for phy/rgmii-id link mode
[   16.663773] Adding 102396k swap on /var/swap.  Priority:-2 extents:4 across:9953604k SS
[   16.920303] random: crng init done
[   16.920314] random: 7 urandom warning(s) missed due to ratelimiting
[   19.266949] broken atomic modeset userspace detected, disabling atomic
[   20.449304] macb ff0e0000.ethernet eth0: Link is Up - 1Gbps/Full - flow control off
[   20.449331] IPv6: ADDRCONF(NETDEV_CHANGE): eth0: link becomes ready
[   21.935640] broken atomic modeset userspace detected, disabling atomic
[   24.796679] broken atomic modeset userspace detected, disabling atomic
[   27.419338] broken atomic modeset userspace detected, disabling atomic