[    0.000000] Booting Linux on physical CPU 0x0000000000 [0x410fd034]
[    0.000000] Linux version 5.10.0-98103-g2aa7ac113716 (jenkins@romlxbuild1.adlk.analog.com) (aarch64-xilinx-linux-gcc.real (GCC) 10.2.0, GNU ld (GNU Binutils) 2.35.0.20200730) #5577 SMP Wed Mar 23 07:28:49 GMT 2022
[    0.000000] Machine model: ZynqMP ZCU102 Rev1.0
[    0.000000] earlycon: cdns0 at MMIO 0x00000000ff000000 (options '115200n8')
[    0.000000] printk: bootconsole [cdns0] enabled
[    0.000000] efi: UEFI not found.
[    0.000000] cma: Reserved 256 MiB at 0x0000000070000000
[    0.000000] Zone ranges:
[    0.000000]   DMA      [mem 0x0000000000000000-0x000000003fffffff]
[    0.000000]   DMA32    [mem 0x0000000040000000-0x00000000ffffffff]
[    0.000000]   Normal   [mem 0x0000000100000000-0x000000087fffffff]
[    0.000000] Movable zone start for each node
[    0.000000] Early memory node ranges
[    0.000000]   node   0: [mem 0x0000000000000000-0x000000007fffffff]
[    0.000000]   node   0: [mem 0x0000000800000000-0x000000087fffffff]
[    0.000000] Initmem setup node 0 [mem 0x0000000000000000-0x000000087fffffff]
[    0.000000] On node 0 totalpages: 1048576
[    0.000000]   DMA zone: 3584 pages used for memmap
[    0.000000]   DMA zone: 0 pages reserved
[    0.000000]   DMA zone: 262144 pages, LIFO batch:63
[    0.000000]   DMA32 zone: 3584 pages used for memmap
[    0.000000]   DMA32 zone: 262144 pages, LIFO batch:63
[    0.000000]   Normal zone: 7168 pages used for memmap
[    0.000000]   Normal zone: 524288 pages, LIFO batch:63
[    0.000000] psci: probing for conduit method from DT.
[    0.000000] psci: PSCIv1.1 detected in firmware.
[    0.000000] psci: Using standard PSCI v0.2 function IDs
[    0.000000] psci: MIGRATE_INFO_TYPE not supported.
[    0.000000] psci: SMC Calling Convention v1.2
[    0.000000] percpu: Embedded 22 pages/cpu s49496 r8192 d32424 u90112
[    0.000000] pcpu-alloc: s49496 r8192 d32424 u90112 alloc=22*4096
[    0.000000] pcpu-alloc: [0] 0 [0] 1 [0] 2 [0] 3 
[    0.000000] Detected VIPT I-cache on CPU0
[    0.000000] CPU features: detected: ARM erratum 845719
[    0.000000] Built 1 zonelists, mobility grouping on.  Total pages: 1034240
[    0.000000] Kernel command line: console=ttyPS0,115200 root=/dev/mmcblk0p2 rw earlycon rootfstype=ext4 rootwait clk_ignore_unused cpuidle.off=1 root=/dev/mmcblk0p2 rw rootwait
[    0.000000] Dentry cache hash table entries: 524288 (order: 10, 4194304 bytes, linear)
[    0.000000] Inode-cache hash table entries: 262144 (order: 9, 2097152 bytes, linear)
[    0.000000] mem auto-init: stack:off, heap alloc:off, heap free:off
[    0.000000] software IO TLB: mapped [mem 0x000000003bfff000-0x000000003ffff000] (64MB)
[    0.000000] Memory: 3761904K/4194304K available (15296K kernel code, 1636K rwdata, 11876K rodata, 2560K init, 507K bss, 170256K reserved, 262144K cma-reserved)
[    0.000000] rcu: Hierarchical RCU implementation.
[    0.000000] rcu: 	RCU event tracing is enabled.
[    0.000000] rcu: 	RCU restricting CPUs from NR_CPUS=8 to nr_cpu_ids=4.
[    0.000000] rcu: RCU calculated value of scheduler-enlistment delay is 25 jiffies.
[    0.000000] rcu: Adjusting geometry for rcu_fanout_leaf=16, nr_cpu_ids=4
[    0.000000] NR_IRQS: 64, nr_irqs: 64, preallocated irqs: 0
[    0.000000] GIC: Adjusting CPU interface base to 0x00000000f902f000
[    0.000000] GIC: Using split EOI/Deactivate mode
[    0.000000] random: get_random_bytes called from start_kernel+0x31c/0x54c with crng_init=0
[    0.000000] arch_timer: cp15 timer(s) running at 100.00MHz (phys).
[    0.000000] clocksource: arch_sys_counter: mask: 0xffffffffffffff max_cycles: 0x171024e7e0, max_idle_ns: 440795205315 ns
[    0.000003] sched_clock: 56 bits at 100MHz, resolution 10ns, wraps every 4398046511100ns
[    0.008462] Console: colour dummy device 80x25
[    0.012482] Calibrating delay loop (skipped), value calculated using timer frequency.. 200.00 BogoMIPS (lpj=400000)
[    0.022840] pid_max: default: 32768 minimum: 301
[    0.027551] Mount-cache hash table entries: 8192 (order: 4, 65536 bytes, linear)
[    0.034788] Mountpoint-cache hash table entries: 8192 (order: 4, 65536 bytes, linear)
[    0.043396] rcu: Hierarchical SRCU implementation.
[    0.047558] EFI services will not be available.
[    0.051939] smp: Bringing up secondary CPUs ...
[    0.056657] Detected VIPT I-cache on CPU1
[    0.056696] CPU1: Booted secondary processor 0x0000000001 [0x410fd034]
[    0.057061] Detected VIPT I-cache on CPU2
[    0.057086] CPU2: Booted secondary processor 0x0000000002 [0x410fd034]
[    0.057425] Detected VIPT I-cache on CPU3
[    0.057449] CPU3: Booted secondary processor 0x0000000003 [0x410fd034]
[    0.057494] smp: Brought up 1 node, 4 CPUs
[    0.091779] SMP: Total of 4 processors activated.
[    0.096452] CPU features: detected: 32-bit EL0 Support
[    0.101556] CPU features: detected: CRC32 instructions
[    0.106696] CPU: All CPU(s) started at EL2
[    0.110736] alternatives: patching kernel code
[    0.116168] devtmpfs: initialized
[    0.124077] Registered cp15_barrier emulation handler
[    0.124127] Registered setend emulation handler
[    0.128108] clocksource: jiffies: mask: 0xffffffff max_cycles: 0xffffffff, max_idle_ns: 7645041785100000 ns
[    0.137687] futex hash table entries: 1024 (order: 4, 65536 bytes, linear)
[    0.151044] pinctrl core: initialized pinctrl subsystem
[    0.151691] NET: Registered protocol family 16
[    0.156109] DMA: preallocated 512 KiB GFP_KERNEL pool for atomic allocations
[    0.162125] DMA: preallocated 512 KiB GFP_KERNEL|GFP_DMA pool for atomic allocations
[    0.169852] DMA: preallocated 512 KiB GFP_KERNEL|GFP_DMA32 pool for atomic allocations
[    0.177652] audit: initializing netlink subsys (disabled)
[    0.183103] audit: type=2000 audit(0.116:1): state=initialized audit_enabled=0 res=1
[    0.183448] hw-breakpoint: found 6 breakpoint and 4 watchpoint registers.
[    0.197480] ASID allocator initialised with 65536 entries
[    0.224345] HugeTLB registered 1.00 GiB page size, pre-allocated 0 pages
[    0.225403] HugeTLB registered 32.0 MiB page size, pre-allocated 0 pages
[    0.232073] HugeTLB registered 2.00 MiB page size, pre-allocated 0 pages
[    0.238733] HugeTLB registered 64.0 KiB page size, pre-allocated 0 pages
[    1.304314] DRBG: Continuing without Jitter RNG
[    1.382125] raid6: neonx8   gen()  2142 MB/s
[    1.450174] raid6: neonx8   xor()  1599 MB/s
[    1.518239] raid6: neonx4   gen()  2195 MB/s
[    1.586289] raid6: neonx4   xor()  1567 MB/s
[    1.654354] raid6: neonx2   gen()  2076 MB/s
[    1.722403] raid6: neonx2   xor()  1437 MB/s
[    1.790464] raid6: neonx1   gen()  1772 MB/s
[    1.858520] raid6: neonx1   xor()  1220 MB/s
[    1.926568] raid6: int64x8  gen()  1438 MB/s
[    1.994626] raid6: int64x8  xor()   771 MB/s
[    2.062695] raid6: int64x4  gen()  1598 MB/s
[    2.130744] raid6: int64x4  xor()   818 MB/s
[    2.198819] raid6: int64x2  gen()  1395 MB/s
[    2.266862] raid6: int64x2  xor()   750 MB/s
[    2.334934] raid6: int64x1  gen()  1033 MB/s
[    2.403001] raid6: int64x1  xor()   517 MB/s
[    2.403038] raid6: using algorithm neonx4 gen() 2195 MB/s
[    2.406995] raid6: .... xor() 1567 MB/s, rmw enabled
[    2.411926] raid6: using neon recovery algorithm
[    2.416938] iommu: Default domain type: Translated 
[    2.421552] SCSI subsystem initialized
[    2.425095] libata version 3.00 loaded.
[    2.425219] usbcore: registered new interface driver usbfs
[    2.430552] usbcore: registered new interface driver hub
[    2.435825] usbcore: registered new device driver usb
[    2.440960] mc: Linux media interface: v0.10
[    2.445073] videodev: Linux video capture interface: v2.00
[    2.450565] EDAC MC: Ver: 3.0.0
[    2.454005] zynqmp-ipi-mbox mailbox@ff990400: Registered ZynqMP IPI mbox with TX/RX channels.
[    2.462501] jesd204: created con: id=0, topo=0, link=0, /axi/spi@ff050000/hmc7044@0 <-> /fpga-axi@0/axi-adxcvr-tx@84b60000
[    2.473095] jesd204: created con: id=1, topo=0, link=2, /axi/spi@ff050000/hmc7044@0 <-> /fpga-axi@0/axi-adxcvr-rx@84a60000
[    2.484078] jesd204: created con: id=2, topo=0, link=0, /fpga-axi@0/axi-adxcvr-tx@84b60000 <-> /fpga-axi@0/axi-jesd204-tx@84b90000
[    2.495754] jesd204: created con: id=3, topo=0, link=2, /fpga-axi@0/axi-adxcvr-rx@84a60000 <-> /fpga-axi@0/axi-jesd204-rx@84a90000
[    2.507431] jesd204: created con: id=4, topo=0, link=0, /fpga-axi@0/axi-jesd204-tx@84b90000 <-> /fpga-axi@0/axi-ad9081-tx-hpc@84b10000
[    2.519459] jesd204: created con: id=5, topo=0, link=2, /fpga-axi@0/axi-jesd204-rx@84a90000 <-> /fpga-axi@0/axi-ad9081-rx-hpc@84a10000
[    2.531482] jesd204: created con: id=6, topo=0, link=2, /fpga-axi@0/axi-ad9081-rx-hpc@84a10000 <-> /axi/spi@ff040000/ad9081@0
[    2.542723] jesd204: created con: id=7, topo=0, link=0, /fpga-axi@0/axi-ad9081-tx-hpc@84b10000 <-> /axi/spi@ff040000/ad9081@0
[    2.553972] jesd204: /axi/spi@ff040000/ad9081@0: JESD204[2] transition uninitialized -> initialized
[    2.562960] jesd204: /axi/spi@ff040000/ad9081@0: JESD204[0] transition uninitialized -> initialized
[    2.571951] jesd204: found 8 devices and 1 topologies
[    2.576995] FPGA manager framework
[    2.580474] Advanced Linux Sound Architecture Driver Initialized.
[    2.586766] Bluetooth: Core ver 2.22
[    2.589954] NET: Registered protocol family 31
[    2.594356] Bluetooth: HCI device and connection manager initialized
[    2.600672] Bluetooth: HCI socket layer initialized
[    2.605514] Bluetooth: L2CAP socket layer initialized
[    2.610538] Bluetooth: SCO socket layer initialized
[    2.615722] clocksource: Switched to clocksource arch_sys_counter
[    2.621528] VFS: Disk quotas dquot_6.6.0
[    2.625365] VFS: Dquot-cache hash table entries: 512 (order 0, 4096 bytes)
[    2.636084] NET: Registered protocol family 2
[    2.636808] tcp_listen_portaddr_hash hash table entries: 2048 (order: 3, 32768 bytes, linear)
[    2.645005] TCP established hash table entries: 32768 (order: 6, 262144 bytes, linear)
[    2.653031] TCP bind hash table entries: 32768 (order: 7, 524288 bytes, linear)
[    2.660476] TCP: Hash tables configured (established 32768 bind 32768)
[    2.666650] UDP hash table entries: 2048 (order: 4, 65536 bytes, linear)
[    2.673316] UDP-Lite hash table entries: 2048 (order: 4, 65536 bytes, linear)
[    2.680476] NET: Registered protocol family 1
[    2.684933] RPC: Registered named UNIX socket transport module.
[    2.690553] RPC: Registered udp transport module.
[    2.695217] RPC: Registered tcp transport module.
[    2.699887] RPC: Registered tcp NFSv4.1 backchannel transport module.
[    2.706876] PCI: CLS 0 bytes, default 64
[    2.710582] hw perfevents: no interrupt-affinity property for /pmu, guessing.
[    2.717437] hw perfevents: enabled with armv8_pmuv3 PMU driver, 7 counters available
[    2.725791] Initialise system trusted keyrings
[    2.729466] workingset: timestamp_bits=62 max_order=20 bucket_order=0
[    2.736370] NFS: Registering the id_resolver key type
[    2.740818] Key type id_resolver registered
[    2.744955] Key type id_legacy registered
[    2.748945] nfs4filelayout_init: NFSv4 File Layout Driver Registering...
[    2.755610] jffs2: version 2.2. (NAND) (SUMMARY)  Â© 2001-2006 Red Hat, Inc.
[    2.797883] NET: Registered protocol family 38
[    2.797926] xor: measuring software checksum speed
[    2.805613]    8regs           :  2363 MB/sec
[    2.809282]    32regs          :  2799 MB/sec
[    2.814225]    arm64_neon      :  2380 MB/sec
[    2.814415] xor: using function: 32regs (2799 MB/sec)
[    2.819441] Key type asymmetric registered
[    2.823502] Asymmetric key parser 'x509' registered
[    2.828363] Block layer SCSI generic (bsg) driver version 0.4 loaded (major 248)
[    2.835700] io scheduler mq-deadline registered
[    2.840196] io scheduler kyber registered
[    2.869621] Serial: 8250/16550 driver, 4 ports, IRQ sharing disabled
[    2.874256] cacheinfo: Unable to detect cache hierarchy for CPU 0
[    2.880607] brd: module loaded
[    2.884754] loop: module loaded
[    2.885300] Registered mathworks_ip class
[    2.888625] libphy: Fixed MDIO Bus: probed
[    2.891598] tun: Universal TUN/TAP device driver, 1.6
[    2.895688] CAN device driver interface
[    2.900217] usbcore: registered new interface driver asix
[    2.904795] usbcore: registered new interface driver ax88179_178a
[    2.910836] usbcore: registered new interface driver cdc_ether
[    2.916630] usbcore: registered new interface driver net1080
[    2.922254] usbcore: registered new interface driver cdc_subset
[    2.928134] usbcore: registered new interface driver zaurus
[    2.933680] usbcore: registered new interface driver cdc_ncm
[    2.940091] ehci_hcd: USB 2.0 'Enhanced' Host Controller (EHCI) Driver
[    2.945762] ehci-pci: EHCI PCI platform driver
[    2.950562] usbcore: registered new interface driver uas
[    2.955482] usbcore: registered new interface driver usb-storage
[    2.961470] usbcore: registered new interface driver usbserial_generic
[    2.967919] usbserial: USB Serial support registered for generic
[    2.973892] usbcore: registered new interface driver ftdi_sio
[    2.979595] usbserial: USB Serial support registered for FTDI USB Serial Device
[    2.986871] usbcore: registered new interface driver upd78f0730
[    2.992742] usbserial: USB Serial support registered for upd78f0730
[    3.000401] rtc_zynqmp ffa60000.rtc: registered as rtc0
[    3.004168] rtc_zynqmp ffa60000.rtc: setting system clock to 2022-04-12T20:35:45 UTC (1649795745)
[    3.013030] i2c /dev entries driver
[    3.018341] usbcore: registered new interface driver uvcvideo
[    3.022143] USB Video Class driver (1.1.1)
[    3.027722] Bluetooth: HCI UART driver ver 2.3
[    3.030614] Bluetooth: HCI UART protocol H4 registered
[    3.035723] Bluetooth: HCI UART protocol BCSP registered
[    3.041013] Bluetooth: HCI UART protocol LL registered
[    3.046101] Bluetooth: HCI UART protocol ATH3K registered
[    3.051477] Bluetooth: HCI UART protocol Three-wire (H5) registered
[    3.057731] Bluetooth: HCI UART protocol Intel registered
[    3.063068] Bluetooth: HCI UART protocol QCA registered
[    3.068270] usbcore: registered new interface driver bcm203x
[    3.073891] usbcore: registered new interface driver bpa10x
[    3.079425] usbcore: registered new interface driver bfusb
[    3.084877] usbcore: registered new interface driver btusb
[    3.090339] usbcore: registered new interface driver ath3k
[    3.095823] EDAC MC: ECC not enabled
[    3.099443] EDAC DEVICE0: Giving out device to module zynqmp-ocm-edac controller zynqmp_ocm: DEV ff960000.memory-controller (INTERRUPT)
[    3.111770] sdhci: Secure Digital Host Controller Interface driver
[    3.117550] sdhci: Copyright(c) Pierre Ossman
[    3.121876] sdhci-pltfm: SDHCI platform and OF driver helper
[    3.127933] ledtrig-cpu: registered to indicate activity on CPUs
[    3.133481] SMCCC: SOC_ID: ARCH_SOC_ID not implemented, skipping ....
[    3.139912] zynqmp_firmware_probe Platform Management API v1.1
[    3.145667] zynqmp_firmware_probe Trustzone version v1.0
[    3.185197] zynqmp-pinctrl firmware:zynqmp-firmware:pinctrl: zynqmp pinctrl initialized
[    3.233201] zynqmp-aes firmware:zynqmp-firmware:zynqmp-aes: will run requests pump with realtime priority
[    3.249022] alg: No test for xilinx-keccak-384 (zynqmp-keccak-384)
[    3.249729] alg: No test for xilinx-zynqmp-rsa (zynqmp-rsa)
[    3.255242] usbcore: registered new interface driver usbhid
[    3.260633] usbhid: USB HID core driver
[    3.271866] axi_sysid 85000000.axi-sysid-0: AXI System ID core version (1.01.a) found
[    3.274213] axi_sysid 85000000.axi-sysid-0: [ad9081_fmca_ebz] on [zcu102] git branch <master> git <084d44c9780640ca93fd847b1d9ec70dd65f5c67> clean [2022-03-18 04:17:50] UTC
[    3.289905] fpga_manager fpga0: Xilinx ZynqMP FPGA Manager registered
[    3.296264] usbcore: registered new interface driver snd-usb-audio
[    3.303692] pktgen: Packet Generator for packet performance testing. Version: 2.75
[    3.309908] Initializing XFRM netlink socket
[    3.313741] NET: Registered protocol family 10
[    3.318462] Segment Routing with IPv6
[    3.321843] sit: IPv6, IPv4 and MPLS over IPv4 tunneling driver
[    3.327922] NET: Registered protocol family 17
[    3.332017] NET: Registered protocol family 15
[    3.336513] can: controller area network core
[    3.340769] NET: Registered protocol family 29
[    3.345155] can: raw protocol
[    3.348093] can: broadcast manager protocol
[    3.352245] can: netlink gateway - max_hops=1
[    3.356641] Bluetooth: RFCOMM TTY layer initialized
[    3.361421] Bluetooth: RFCOMM socket layer initialized
[    3.366528] Bluetooth: RFCOMM ver 1.11
[    3.370241] Bluetooth: BNEP (Ethernet Emulation) ver 1.3
[    3.375510] Bluetooth: BNEP filters: protocol multicast
[    3.380702] Bluetooth: BNEP socket layer initialized
[    3.385632] Bluetooth: HIDP (Human Interface Emulation) ver 1.2
[    3.391515] Bluetooth: HIDP socket layer initialized
[    3.396569] 9pnet: Installing 9P2000 support
[    3.400693] NET: Registered protocol family 36
[    3.405109] Key type dns_resolver registered
[    3.409546] registered taskstats version 1
[    3.413405] Loading compiled-in X.509 certificates
[    3.418520] Btrfs loaded, crc32c=crc32c-generic
[    3.430899] ff000000.serial: ttyPS0 at MMIO 0xff000000 (irq = 49, base_baud = 6249999) is a xuartps
[    3.439923] printk: console [ttyPS0] enabled
[    3.444217] printk: bootconsole [cdns0] disabled
[    3.453850] ff010000.serial: ttyPS1 at MMIO 0xff010000 (irq = 50, base_baud = 6249999) is a xuartps
[    3.467077] of-fpga-region fpga-full: FPGA Region probed
[    3.474041] nwl-pcie fd0e0000.pcie: host bridge /axi/pcie@fd0e0000 ranges:
[    3.480938] nwl-pcie fd0e0000.pcie:      MEM 0x00e0000000..0x00efffffff -> 0x00e0000000
[    3.488940] nwl-pcie fd0e0000.pcie:      MEM 0x0600000000..0x07ffffffff -> 0x0600000000
[    3.497002] nwl-pcie fd0e0000.pcie: Link is DOWN
[    3.501759] nwl-pcie fd0e0000.pcie: PCI host bridge to bus 0000:00
[    3.507937] pci_bus 0000:00: root bus resource [bus 00-ff]
[    3.513418] pci_bus 0000:00: root bus resource [mem 0xe0000000-0xefffffff]
[    3.520289] pci_bus 0000:00: root bus resource [mem 0x600000000-0x7ffffffff pref]
[    3.527791] pci 0000:00:00.0: [10ee:d021] type 01 class 0x060400
[    3.533848] pci 0000:00:00.0: PME# supported from D0 D1 D2 D3hot
[    3.544297] pci 0000:00:00.0: PCI bridge to [bus 01-0c]
[    3.550273] xilinx-zynqmp-dma fd500000.dma: ZynqMP DMA driver Probe success
[    3.557446] xilinx-zynqmp-dma fd510000.dma: ZynqMP DMA driver Probe success
[    3.564629] xilinx-zynqmp-dma fd520000.dma: ZynqMP DMA driver Probe success
[    3.571806] xilinx-zynqmp-dma fd530000.dma: ZynqMP DMA driver Probe success
[    3.578973] xilinx-zynqmp-dma fd540000.dma: ZynqMP DMA driver Probe success
[    3.586143] xilinx-zynqmp-dma fd550000.dma: ZynqMP DMA driver Probe success
[    3.593313] xilinx-zynqmp-dma fd560000.dma: ZynqMP DMA driver Probe success
[    3.600483] xilinx-zynqmp-dma fd570000.dma: ZynqMP DMA driver Probe success
[    3.607897] xilinx-zynqmp-dpdma fd4c0000.dma-controller: Xilinx DPDMA engine is probed
[    3.616433] ahci-ceva fd0c0000.ahci: supply ahci not found, using dummy regulator
[    3.623972] ahci-ceva fd0c0000.ahci: supply phy not found, using dummy regulator
[    3.711897] hmc7044 spi2.0: PLL1: Acquisition, CLKIN0 @ 122880000 Hz, PFD: 80 kHz - PLL2: Locked @ 2850.000000 MHz
[    3.722614] jesd204: /axi/spi@ff050000/hmc7044@0,jesd204:1,parent=spi2.0: Using as SYSREF provider
[    3.732199] spi-nor spi0.0: SPI-NOR-UniqueID 100000235394732200270025081115266e
[    3.739510] spi-nor spi0.0: found n25q512a, expected m25p80
[    3.745703] spi-nor spi0.0: trying to lock already unlocked area
[    3.751703] spi-nor spi0.0: n25q512a (131072 Kbytes)
[    3.756682] 4 fixed-partitions partitions found on MTD device spi0.0
[    3.763027] Creating 4 MTD partitions on "spi0.0":
[    3.767813] 0x000000000000-0x000000100000 : "qspi-fsbl-uboot"
[    3.774301] 0x000000100000-0x000000600000 : "qspi-linux"
[    3.780258] 0x000000600000-0x000000620000 : "qspi-device-tree"
[    3.786730] 0x000000620000-0x000000c00000 : "qspi-rootfs"
[    3.795197] macb ff0e0000.ethernet: Not enabling partial store and forward
[    3.802711] libphy: MACB_mii_bus: probed
[    3.807784] macb ff0e0000.ethernet eth0: Cadence GEM rev 0x50070106 at 0xff0e0000 irq 30 (00:0a:35:04:8e:1b)
[    3.817996] xilinx-axipmon ffa00000.perf-monitor: Probed Xilinx APM
[    3.824572] xilinx-axipmon fd0b0000.perf-monitor: Probed Xilinx APM
[    3.831091] xilinx-axipmon fd490000.perf-monitor: Probed Xilinx APM
[    3.837633] xilinx-axipmon ffa10000.perf-monitor: Probed Xilinx APM
[    3.847631] pca953x 0-0020: supply vcc not found, using dummy regulator
[    3.854310] pca953x 0-0020: using no AI
[    3.858800] gpio-496 (sel0): hogged as output/low
[    3.863698] gpio-497 (sel1): hogged as output/high
[    3.868687] gpio-498 (sel2): hogged as output/high
[    3.873673] gpio-499 (sel3): hogged as output/high
[    3.878845] pca953x 0-0021: supply vcc not found, using dummy regulator
[    3.885511] pca953x 0-0021: using no AI
[    3.891270] ina2xx 2-0040: power monitor ina226 (Rshunt = 5000 uOhm)
[    3.898303] ina2xx 2-0041: power monitor ina226 (Rshunt = 5000 uOhm)
[    3.905339] ina2xx 2-0042: power monitor ina226 (Rshunt = 5000 uOhm)
[    3.912370] ina2xx 2-0043: power monitor ina226 (Rshunt = 5000 uOhm)
[    3.919399] ina2xx 2-0044: power monitor ina226 (Rshunt = 5000 uOhm)
[    3.926418] ina2xx 2-0045: power monitor ina226 (Rshunt = 5000 uOhm)
[    3.933446] ina2xx 2-0046: power monitor ina226 (Rshunt = 5000 uOhm)
[    3.940525] ina2xx 2-0047: power monitor ina226 (Rshunt = 5000 uOhm)
[    3.947551] ina2xx 2-004a: power monitor ina226 (Rshunt = 5000 uOhm)
[    3.954592] ina2xx 2-004b: power monitor ina226 (Rshunt = 5000 uOhm)
[    3.961004] i2c i2c-0: Added multiplexed i2c bus 2
[    3.966385] random: fast init done
[    3.969860] ina2xx 3-0040: power monitor ina226 (Rshunt = 2000 uOhm)
[    3.976887] ina2xx 3-0041: power monitor ina226 (Rshunt = 5000 uOhm)
[    3.983913] ina2xx 3-0042: power monitor ina226 (Rshunt = 5000 uOhm)
[    3.990947] ina2xx 3-0043: power monitor ina226 (Rshunt = 5000 uOhm)
[    3.997970] ina2xx 3-0044: power monitor ina226 (Rshunt = 5000 uOhm)
[    4.004998] ina2xx 3-0045: power monitor ina226 (Rshunt = 5000 uOhm)
[    4.012028] ina2xx 3-0046: power monitor ina226 (Rshunt = 5000 uOhm)
[    4.019061] ina2xx 3-0047: power monitor ina226 (Rshunt = 5000 uOhm)
[    4.025461] i2c i2c-0: Added multiplexed i2c bus 3
[    4.080967] i2c i2c-0: Added multiplexed i2c bus 4
[    4.085905] i2c i2c-0: Added multiplexed i2c bus 5
[    4.090695] pca954x 0-0075: registered 4 multiplexed busses for I2C mux pca9544
[    4.098044] cdns-i2c ff020000.i2c: 400 kHz mmio ff020000 irq 32
[    4.105779] at24 6-0054: supply vcc not found, using dummy regulator
[    4.112679] at24 6-0054: 1024 byte 24c08 EEPROM, writable, 1 bytes/write
[    4.119430] i2c i2c-1: Added multiplexed i2c bus 6
[    4.125859] si5341 7-0036: Chip: 5341 Grade: 1 Rev: 1
[    4.163560] i2c i2c-1: Added multiplexed i2c bus 7
[    4.171219] si570 8-005d: registered, current frequency 300000000 Hz
[    4.177622] i2c i2c-1: Added multiplexed i2c bus 8
[    4.197405] si570 9-005d: registered, current frequency 148500000 Hz
[    4.203810] i2c i2c-1: Added multiplexed i2c bus 9
[    4.208848] si5324 10-0069: si5328 probed
[    4.276076] si5324 10-0069: si5328 probe successful
[    4.281003] i2c i2c-1: Added multiplexed i2c bus 10
[    4.286031] i2c i2c-1: Added multiplexed i2c bus 11
[    4.291058] i2c i2c-1: Added multiplexed i2c bus 12
[    4.296078] i2c i2c-1: Added multiplexed i2c bus 13
[    4.300950] pca954x 1-0074: registered 8 multiplexed busses for I2C switch pca9548
[    4.309061] at24 14-0050: supply vcc not found, using dummy regulator
[    4.315848] at24 14-0050: 256 byte 24c02 EEPROM, writable, 1 bytes/write
[    4.322594] i2c i2c-1: Added multiplexed i2c bus 14
[    4.327634] i2c i2c-1: Added multiplexed i2c bus 15
[    4.332666] i2c i2c-1: Added multiplexed i2c bus 16
[    4.337703] i2c i2c-1: Added multiplexed i2c bus 17
[    4.342738] i2c i2c-1: Added multiplexed i2c bus 18
[    4.347782] i2c i2c-1: Added multiplexed i2c bus 19
[    4.352822] i2c i2c-1: Added multiplexed i2c bus 20
[    4.357857] i2c i2c-1: Added multiplexed i2c bus 21
[    4.362734] pca954x 1-0075: registered 8 multiplexed busses for I2C switch pca9548
[    4.370343] cdns-i2c ff030000.i2c: 400 kHz mmio ff030000 irq 33
[    4.380089] cdns-wdt fd4d0000.watchdog: Xilinx Watchdog Timer with timeout 60s
[    4.389139] axi_adxcvr 84a60000.axi-adxcvr-rx: adxcvr_enforce_settings: Using QPLL without access, assuming desired Lane rate will be configured by a different instance
[    4.405781] axi_adxcvr 84a60000.axi-adxcvr-rx: AXI-ADXCVR-RX (17.05.a) using QPLL on GTH4 at 0x84A60000. Number of lanes: 4.
[    4.417942] axi_adxcvr 84b60000.axi-adxcvr-tx: AXI-ADXCVR-TX (17.05.a) using QPLL on GTH4 at 0x84B60000. Number of lanes: 4.
[    4.421895] mmc0: SDHCI controller on ff170000.mmc [ff170000.mmc] using ADMA 64-bit
[    4.437091] axi-jesd204-rx 84a90000.axi-jesd204-rx: AXI-JESD204-RX (1.07.a) at 0x84A90000. Encoder 8b10b, width 4/4, lanes 4, jesd204-fsm.
[    4.449925] axi-jesd204-tx 84b90000.axi-jesd204-tx: AXI-JESD204-TX (1.06.a) at 0x84B90000. Encoder 8b10b, width 4/4, lanes 4, jesd204-fsm.
[    4.463435] zynqmp-display fd4a0000.display: vtc bridge property not present
[    4.469486] mmc0: new high speed SDHC card at address 0001
[    4.473081] xilinx-dp-snd-codec fd4a0000.display:zynqmp_dp_snd_codec0: Failed to get required clock freq
[    4.476317] mmcblk0: mmc0:0001 EB1QT 29.8 GiB 
[    4.485445] xilinx-dp-snd-codec: probe of fd4a0000.display:zynqmp_dp_snd_codec0 failed with error -22
[    4.491101]  mmcblk0: p1 p2 p3
[    4.499432] xilinx-dp-snd-pcm zynqmp_dp_snd_pcm0: Xilinx DisplayPort Sound PCM probed
[    4.510293] xilinx-dp-snd-pcm zynqmp_dp_snd_pcm1: Xilinx DisplayPort Sound PCM probed
[    4.518507] OF: graph: no port node found in /axi/display@fd4a0000
[    4.524912] xlnx-drm xlnx-drm.0: bound fd4a0000.display (ops 0xffffffc010fcbdb8)
[    5.611737] zynqmp-display fd4a0000.display: [drm] Cannot find any crtc or sizes
[    5.619353] [drm] Initialized xlnx 1.0.0 20130509 for fd4a0000.display on minor 0
[    5.626848] zynqmp-display fd4a0000.display: ZynqMP DisplayPort Subsystem driver probed
[    5.635161] ahci-ceva fd0c0000.ahci: supply ahci not found, using dummy regulator
[    5.642707] ahci-ceva fd0c0000.ahci: supply phy not found, using dummy regulator
[    5.650161] ahci-ceva fd0c0000.ahci: supply target not found, using dummy regulator
[    5.657998] ahci-ceva fd0c0000.ahci: AHCI 0001.0301 32 slots 2 ports 6 Gbps 0x3 impl platform mode
[    5.666955] ahci-ceva fd0c0000.ahci: flags: 64bit ncq sntf pm clo only pmp fbs pio slum part ccc sds apst 
[    5.677645] scsi host0: ahci-ceva
[    5.681247] scsi host1: ahci-ceva
[    5.684672] ata1: SATA max UDMA/133 mmio [mem 0xfd0c0000-0xfd0c1fff] port 0x100 irq 45
[    5.692586] ata2: SATA max UDMA/133 mmio [mem 0xfd0c0000-0xfd0c1fff] port 0x180 irq 45
[    5.701184] ad9081 spi1.0: supply vdd not found, using dummy regulator
[    6.013940] ata2: SATA link down (SStatus 0 SControl 330)
[    6.019350] ata1: SATA link down (SStatus 0 SControl 330)
[    6.695739] zynqmp-display fd4a0000.display: [drm] Cannot find any crtc or sizes
[    6.853432] ad9081 spi1.0: Invalid param passed., "ref_clk_hz < 100000000ULL" in adi_ad9081_device_clk_config_set(...), line554 in drivers/iio/adc/ad9081/adi_ad9081_device.c
[    7.539006] ad9081 spi1.0: AD9081 Rev. 2 Grade 10 (API 1.2.2) probed
[    7.546216] xhci-hcd xhci-hcd.1.auto: xHCI Host Controller
[    7.551705] xhci-hcd xhci-hcd.1.auto: new USB bus registered, assigned bus number 1
[    7.559452] xhci-hcd xhci-hcd.1.auto: hcc params 0x0238f625 hci version 0x100 quirks 0x0000000002010810
[    7.568864] xhci-hcd xhci-hcd.1.auto: irq 59, io mem 0xfe200000
[    7.574972] usb usb1: New USB device found, idVendor=1d6b, idProduct=0002, bcdDevice= 5.10
[    7.583233] usb usb1: New USB device strings: Mfr=3, Product=2, SerialNumber=1
[    7.590449] usb usb1: Product: xHCI Host Controller
[    7.595317] usb usb1: Manufacturer: Linux 5.10.0-98103-g2aa7ac113716 xhci-hcd
[    7.602447] usb usb1: SerialNumber: xhci-hcd.1.auto
[    7.607621] hub 1-0:1.0: USB hub found
[    7.611387] hub 1-0:1.0: 1 port detected
[    7.615495] xhci-hcd xhci-hcd.1.auto: xHCI Host Controller
[    7.620983] xhci-hcd xhci-hcd.1.auto: new USB bus registered, assigned bus number 2
[    7.628636] xhci-hcd xhci-hcd.1.auto: Host supports USB 3.0 SuperSpeed
[    7.635257] usb usb2: New USB device found, idVendor=1d6b, idProduct=0003, bcdDevice= 5.10
[    7.643521] usb usb2: New USB device strings: Mfr=3, Product=2, SerialNumber=1
[    7.650741] usb usb2: Product: xHCI Host Controller
[    7.655609] usb usb2: Manufacturer: Linux 5.10.0-98103-g2aa7ac113716 xhci-hcd
[    7.662734] usb usb2: SerialNumber: xhci-hcd.1.auto
[    7.667852] hub 2-0:1.0: USB hub found
[    7.671608] hub 2-0:1.0: 1 port detected
[    7.701666] cf_axi_adc 84a10000.axi-ad9081-rx-hpc: ADI AIM (10.01.b) at 0x84A10000 mapped to 0x(____ptrval____), probed ADC AD9081 as MASTER
[    7.732561] cf_axi_dds 84b10000.axi-ad9081-tx-hpc: Analog Devices CF_AXI_DDS_DDS MASTER (9.01.b) at 0x84B10000 mapped to 0x(____ptrval____), probed DDS AD9081
[    7.746761] jesd204: /axi/spi@ff040000/ad9081@0,jesd204:0,parent=spi1.0: JESD204[2] transition initialized -> probed
[    7.757285] jesd204: /axi/spi@ff040000/ad9081@0,jesd204:0,parent=spi1.0: JESD204[0] transition initialized -> probed
[    7.767809] jesd204: /axi/spi@ff040000/ad9081@0,jesd204:0,parent=spi1.0: JESD204[2] transition probed -> idle
[    7.777717] jesd204: /axi/spi@ff040000/ad9081@0,jesd204:0,parent=spi1.0: JESD204[0] transition probed -> idle
[    7.787632] jesd204: /axi/spi@ff040000/ad9081@0,jesd204:0,parent=spi1.0: JESD204[2] transition idle -> device_init
[    7.797974] jesd204: /axi/spi@ff040000/ad9081@0,jesd204:0,parent=spi1.0: JESD204[0] transition idle -> device_init
[    7.808326] jesd204: /axi/spi@ff040000/ad9081@0,jesd204:0,parent=spi1.0: JESD204[2] transition device_init -> link_init
[    7.819105] jesd204: /axi/spi@ff040000/ad9081@0,jesd204:0,parent=spi1.0: JESD204[0] transition device_init -> link_init
[    7.829895] jesd204: /axi/spi@ff040000/ad9081@0,jesd204:0,parent=spi1.0: JESD204[2] transition link_init -> link_supported
[    7.840932] jesd204: /axi/spi@ff040000/ad9081@0,jesd204:0,parent=spi1.0: JESD204[0] transition link_init -> link_supported
[    7.852347] hmc7044 spi2.0: hmc7044_jesd204_link_pre_setup: Link2 forcing continuous SYSREF mode
[    7.861560] jesd204: /axi/spi@ff040000/ad9081@0,jesd204:0,parent=spi1.0: JESD204[2] transition link_supported -> link_pre_setup
[    7.873033] jesd204: /axi/spi@ff040000/ad9081@0,jesd204:0,parent=spi1.0: JESD204[0] transition link_supported -> link_pre_setup
[    7.896825] jesd204: /axi/spi@ff040000/ad9081@0,jesd204:0,parent=spi1.0: JESD204[2] transition link_pre_setup -> clk_sync_stage1
[    7.908392] jesd204: /axi/spi@ff040000/ad9081@0,jesd204:0,parent=spi1.0: JESD204[0] transition link_pre_setup -> clk_sync_stage1
[    7.919960] jesd204: /axi/spi@ff040000/ad9081@0,jesd204:0,parent=spi1.0: JESD204[2] transition clk_sync_stage1 -> clk_sync_stage2
[    7.931603] jesd204: /axi/spi@ff040000/ad9081@0,jesd204:0,parent=spi1.0: JESD204[0] transition clk_sync_stage1 -> clk_sync_stage2
[    7.943256] jesd204: /axi/spi@ff040000/ad9081@0,jesd204:0,parent=spi1.0: JESD204[2] transition clk_sync_stage2 -> clk_sync_stage3
[    7.954900] jesd204: /axi/spi@ff040000/ad9081@0,jesd204:0,parent=spi1.0: JESD204[0] transition clk_sync_stage2 -> clk_sync_stage3
[    7.968636] jesd204: /axi/spi@ff040000/ad9081@0,jesd204:0,parent=spi1.0: JESD204[2] transition clk_sync_stage3 -> link_setup
[    7.979852] jesd204: /axi/spi@ff040000/ad9081@0,jesd204:0,parent=spi1.0: JESD204[0] transition clk_sync_stage3 -> link_setup
[    7.995840] jesd204: /axi/spi@ff040000/ad9081@0,jesd204:0,parent=spi1.0: JESD204[2] transition link_setup -> opt_setup_stage1
[    8.007139] jesd204: /axi/spi@ff040000/ad9081@0,jesd204:0,parent=spi1.0: JESD204[0] transition link_setup -> opt_setup_stage1
[    8.023468] jesd204: /axi/spi@ff040000/ad9081@0,jesd204:0,parent=spi1.0: JESD204[2] transition opt_setup_stage1 -> opt_setup_stage2
[    8.035289] jesd204: /axi/spi@ff040000/ad9081@0,jesd204:0,parent=spi1.0: JESD204[0] transition opt_setup_stage1 -> opt_setup_stage2
[    8.047259] jesd204: /axi/spi@ff040000/ad9081@0,jesd204:0,parent=spi1.0: JESD204[2] transition opt_setup_stage2 -> opt_setup_stage3
[    8.059080] jesd204: /axi/spi@ff040000/ad9081@0,jesd204:0,parent=spi1.0: JESD204[0] transition opt_setup_stage2 -> opt_setup_stage3
[    8.070908] jesd204: /axi/spi@ff040000/ad9081@0,jesd204:0,parent=spi1.0: JESD204[2] transition opt_setup_stage3 -> opt_setup_stage4
[    8.082730] jesd204: /axi/spi@ff040000/ad9081@0,jesd204:0,parent=spi1.0: JESD204[0] transition opt_setup_stage3 -> opt_setup_stage4
[    8.094558] jesd204: /axi/spi@ff040000/ad9081@0,jesd204:0,parent=spi1.0: JESD204[2] transition opt_setup_stage4 -> opt_setup_stage5
[    8.106376] jesd204: /axi/spi@ff040000/ad9081@0,jesd204:0,parent=spi1.0: JESD204[0] transition opt_setup_stage4 -> opt_setup_stage5
[    8.124316] jesd204: /axi/spi@ff040000/ad9081@0,jesd204:0,parent=spi1.0: JESD204[2] transition opt_setup_stage5 -> clocks_enable
[    8.135881] jesd204: /axi/spi@ff040000/ad9081@0,jesd204:0,parent=spi1.0: JESD204[0] transition opt_setup_stage5 -> clocks_enable
[    8.147505] jesd204: /axi/spi@ff040000/ad9081@0,jesd204:0,parent=spi1.0: JESD204[2] transition clocks_enable -> link_enable
[    8.158631] jesd204: /axi/spi@ff040000/ad9081@0,jesd204:0,parent=spi1.0: JESD204[0] transition clocks_enable -> link_enable
[    8.191959] ad9081 spi1.0: JESD RX (JTX) Link2 in DATA, SYNC deasserted, PLL locked, PHASE established, MODE valid
[    8.202565] ad9081 spi1.0: JESD TX (JRX) Link0 0xF lanes in DATA
[    8.208576] jesd204: /axi/spi@ff040000/ad9081@0,jesd204:0,parent=spi1.0: JESD204[2] transition link_enable -> link_running
[    8.219614] jesd204: /axi/spi@ff040000/ad9081@0,jesd204:0,parent=spi1.0: JESD204[0] transition link_enable -> link_running
[    8.230664] jesd204: /axi/spi@ff040000/ad9081@0,jesd204:0,parent=spi1.0: JESD204[2] transition link_running -> opt_post_running_stage
[    8.242660] jesd204: /axi/spi@ff040000/ad9081@0,jesd204:0,parent=spi1.0: JESD204[0] transition link_running -> opt_post_running_stage
[    8.263907] input: gpio-keys as /devices/platform/gpio-keys/input/input0
[    8.270926] of_cfs_init
[    8.273388] of_cfs_init: OK
[    8.276333] cfg80211: Loading compiled-in X.509 certificates for regulatory database
[    8.414480] cfg80211: Loaded X.509 cert 'sforshee: 00b28ddf47aef9cea7'
[    8.421010] clk: Not disabling unused clocks
[    8.425540] ALSA device list:
[    8.428501]   No soundcards found.
[    8.432172] platform regulatory.0: Direct firmware load for regulatory.db failed with error -2
[    8.440782] cfg80211: failed to load regulatory.db
[    8.456077] EXT4-fs (mmcblk0p2): mounted filesystem with ordered data mode. Opts: (null)
[    8.464193] VFS: Mounted root (ext4 filesystem) on device 179:2.
[    8.477349] devtmpfs: mounted
[    8.481167] Freeing unused kernel memory: 2560K
[    8.495774] Run /sbin/init as init process
[    8.499874]   with arguments:
[    8.499876]     /sbin/init
[    8.499878]   with environment:
[    8.499881]     HOME=/
[    8.499883]     TERM=linux
[    9.068269] systemd[1]: systemd 241 running in system mode. (+PAM +AUDIT +SELINUX +IMA +APPARMOR +SMACK +SYSVINIT +UTMP +LIBCRYPTSETUP +GCRYPT +GNUTLS +ACL +XZ +LZ4 +SECCOMP +BLKID +ELFUTILS +KMOD -IDN2 +IDN -PCRE2 default-hierarchy=hybrid)
[    9.090131] systemd[1]: Detected architecture arm64.
[    9.112434] systemd[1]: Set hostname to <analog>.
[    9.301134] systemd[1]: File /lib/systemd/system/systemd-journald.service:12 configures an IP firewall (IPAddressDeny=any), but the local system does not support BPF/cgroup based firewalling.
[    9.318195] systemd[1]: Proceeding WITHOUT firewalling in effect! (This warning is only shown for the first loaded unit using IP firewalling.)
[    9.482164] systemd[1]: /etc/systemd/system/tof-server.service:1: Assignment outside of section. Ignoring.
[    9.491868] systemd[1]: /etc/systemd/system/tof-server.service:2: Assignment outside of section. Ignoring.
[    9.675332] random: systemd: uninitialized urandom read (16 bytes read)
[    9.690114] random: systemd: uninitialized urandom read (16 bytes read)
[    9.697331] systemd[1]: Created slice system-systemd\x2dfsck.slice.
[    9.719792] random: systemd: uninitialized urandom read (16 bytes read)
[    9.726431] systemd[1]: Reached target Swap.
[    9.740192] systemd[1]: Listening on Journal Socket.
[   10.297558] ------------[ cut here ]------------
[   10.297568] Enabling unprepared \xa0\xc9Q\x88\xff\xff\xffPQ\x88\xff\xff\xff
[   10.297617] WARNING: CPU: 0 PID: 113 at drivers/clk/clk.c:1012 clk_core_enable+0xa4/0xc0
[   10.297620] Modules linked in:
[   10.297631] CPU: 0 PID: 113 Comm: kworker/0:1H Not tainted 5.10.0-98103-g2aa7ac113716 #5577
[   10.297634] Hardware name: ZynqMP ZCU102 Rev1.0 (DT)
[   10.297644] Workqueue: kblockd blk_mq_run_work_fn
[   10.297651] pstate: 80000085 (Nzcv daIf -PAN -UAO -TCO BTYPE=--)
[   10.297656] pc : clk_core_enable+0xa4/0xc0
[   10.297662] lr : clk_core_enable+0xa4/0xc0
[   10.297664] sp : ffffffc0125eb2d0
[   10.297667] x29: ffffffc0125eb2d0 x28: ffffff8800330c10 
[   10.297674] x27: ffffff8800330d48 x26: 0000005000000101 
[   10.297681] x25: 000000025fd6bf30 x24: 0000000000000001 
[   10.297687] x23: ffffff88010e9380 x22: ffffff8801083220 
[   10.297694] x21: ffffff8801515000 x20: ffffff8801515008 
[   10.297700] x19: ffffff8801515008 x18: 0000000000000030 
[   10.297707] x17: 0000000000000002 x16: 0000b1a86902ec78 
[   10.297713] x15: ffffffffffff87a8 x14: ffffffc011d3b1a0 
[   10.297720] x13: ffffffc011d3b1c8 x12: 00000000000005eb 
[   10.297726] x11: 00000000000001f9 x10: ffffffc011d671c8 
[   10.297733] x9 : 00000000fffff800 x8 : ffffffc011d3b1c8 
[   10.297739] x7 : ffffffc011d671c8 x6 : 0000000000000001 
[   10.297746] x5 : ffffff887f7669e0 x4 : 0000000000000000 
[   10.297752] x3 : 0000000000000027 x2 : 0000000000000023 
[   10.297758] x1 : 8c0a2babe3edd600 x0 : 0000000000000000 
[   10.297765] Call trace:
[   10.297771]  clk_core_enable+0xa4/0xc0
[   10.297775]  clk_enable+0x2c/0x60
[   10.297782]  zynqmp_runtime_resume+0x24/0x84
[   10.297789]  pm_generic_runtime_resume+0x30/0x50
[   10.297794]  __genpd_runtime_resume+0x30/0xb0
[   10.297801]  genpd_runtime_resume+0x90/0x250
[   10.297807]  __rpm_callback+0x10c/0x1e0
[   10.297812]  rpm_callback+0x5c/0x84
[   10.297817]  rpm_resume+0x4a4/0x74c
[   10.297822]  __pm_runtime_resume+0x78/0xc4
[   10.297827]  spi_mem_access_start.isra.0+0x30/0x80
[   10.297831]  spi_mem_exec_op+0x3b0/0x424
[   10.297836]  spi_nor_read_sr+0x78/0xe0
[   10.297841]  spi_nor_wait_till_ready_with_timeout+0xb4/0x2f0
[   10.297845]  spi_nor_read+0x188/0x380
[   10.297850]  mtd_read_oob_std+0x78/0x84
[   10.297854]  mtd_read_oob+0x7c/0x134
[   10.297859]  mtd_read+0x48/0x7c
[   10.297864]  mtdblock_readsect+0x6c/0x150
[   10.297870]  mtd_queue_rq+0x2cc/0x5a0
[   10.297875]  blk_mq_dispatch_rq_list+0x110/0x790
[   10.297881]  __blk_mq_do_dispatch_sched+0x200/0x274
[   10.297886]  __blk_mq_sched_dispatch_requests+0x1a8/0x1fc
[   10.297892]  blk_mq_sched_dispatch_requests+0x3c/0x7c
[   10.297897]  __blk_mq_run_hw_queue+0x98/0x100
[   10.297901]  blk_mq_run_work_fn+0x24/0x30
[   10.297907]  process_one_work+0x1d4/0x380
[   10.297911]  worker_thread+0x78/0x4e0
[   10.297916]  kthread+0x124/0x130
[   10.297922]  ret_from_fork+0x10/0x3c
[   10.297925] ---[ end trace f37d3b41d4503ad5 ]---
[   10.297933] zynqmp-qspi ff0f0000.spi: Cannot enable APB clock.
[   10.297982] spi_master spi0: Failed to power device: -108
[   10.297993] blk_update_request: I/O error, dev mtdblock0, sector 8 op 0x0:(READ) flags 0x80700 phys_seg 1 prio class 0
[   10.298060] spi_master spi0: Failed to power device: -22
[   10.298066] blk_update_request: I/O error, dev mtdblock0, sector 8 op 0x0:(READ) flags 0x0 phys_seg 8 prio class 0
[   10.298072] Buffer I/O error on dev mtdblock0, logical block 8, async page read
[   10.298081] spi_master spi0: Failed to power device: -22
[   10.298087] blk_update_request: I/O error, dev mtdblock0, sector 9 op 0x0:(READ) flags 0x0 phys_seg 7 prio class 0
[   10.298090] Buffer I/O error on dev mtdblock0, logical block 9, async page read
[   10.298098] spi_master spi0: Failed to power device: -22
[   10.298103] blk_update_request: I/O error, dev mtdblock0, sector 10 op 0x0:(READ) flags 0x0 phys_seg 6 prio class 0
[   10.298107] Buffer I/O error on dev mtdblock0, logical block 10, async page read
[   10.298114] spi_master spi0: Failed to power device: -22
[   10.298120] blk_update_request: I/O error, dev mtdblock0, sector 11 op 0x0:(READ) flags 0x0 phys_seg 5 prio class 0
[   10.298124] Buffer I/O error on dev mtdblock0, logical block 11, async page read
[   10.298130] spi_master spi0: Failed to power device: -22
[   10.298136] blk_update_request: I/O error, dev mtdblock0, sector 12 op 0x0:(READ) flags 0x0 phys_seg 4 prio class 0
[   10.298140] Buffer I/O error on dev mtdblock0, logical block 12, async page read
[   10.298147] spi_master spi0: Failed to power device: -22
[   10.298153] blk_update_request: I/O error, dev mtdblock0, sector 13 op 0x0:(READ) flags 0x0 phys_seg 3 prio class 0
[   10.298156] Buffer I/O error on dev mtdblock0, logical block 13, async page read
[   10.298163] spi_master spi0: Failed to power device: -22
[   10.298168] blk_update_request: I/O error, dev mtdblock0, sector 14 op 0x0:(READ) flags 0x0 phys_seg 2 prio class 0
[   10.298172] Buffer I/O error on dev mtdblock0, logical block 14, async page read
[   10.298178] spi_master spi0: Failed to power device: -22
[   10.298184] blk_update_request: I/O error, dev mtdblock0, sector 15 op 0x0:(READ) flags 0x0 phys_seg 1 prio class 0
[   10.298188] Buffer I/O error on dev mtdblock0, logical block 15, async page read
[   10.298498] spi_master spi0: Failed to power device: -22
[   10.298506] blk_update_request: I/O error, dev mtdblock1, sector 10112 op 0x0:(READ) flags 0x80700 phys_seg 1 prio class 0
[   10.298550] spi_master spi0: Failed to power device: -22
[   10.298556] Buffer I/O error on dev mtdblock1, logical block 10112, async page read
[   10.298563] spi_master spi0: Failed to power device: -22
[   10.298568] Buffer I/O error on dev mtdblock1, logical block 10113, async page read
[   10.298575] spi_master spi0: Failed to power device: -22
[   10.298583] spi_master spi0: Failed to power device: -22
[   10.298590] spi_master spi0: Failed to power device: -22
[   10.298598] spi_master spi0: Failed to power device: -22
[   10.298605] spi_master spi0: Failed to power device: -22
[   10.298612] spi_master spi0: Failed to power device: -22
[   10.298871] spi_master spi0: Failed to power device: -22
[   10.298915] spi_master spi0: Failed to power device: -22
[   10.298924] spi_master spi0: Failed to power device: -22
[   10.298932] spi_master spi0: Failed to power device: -22
[   10.298940] spi_master spi0: Failed to power device: -22
[   10.298947] spi_master spi0: Failed to power device: -22
[   10.298954] spi_master spi0: Failed to power device: -22
[   10.298962] spi_master spi0: Failed to power device: -22
[   10.298969] spi_master spi0: Failed to power device: -22
[   10.299233] spi_master spi0: Failed to power device: -22
[   10.299276] spi_master spi0: Failed to power device: -22
[   10.299285] spi_master spi0: Failed to power device: -22
[   10.299293] spi_master spi0: Failed to power device: -22
[   10.299301] spi_master spi0: Failed to power device: -22
[   10.299308] spi_master spi0: Failed to power device: -22
[   10.299316] spi_master spi0: Failed to power device: -22
[   10.299323] spi_master spi0: Failed to power device: -22
[   10.299329] spi_master spi0: Failed to power device: -22
[   10.423172] EXT4-fs (mmcblk0p2): re-mounted. Opts: (null)
[   10.568575] systemd-journald[162]: Received request to flush runtime journal from PID 1
[   16.458717] macb ff0e0000.ethernet eth0: PHY [ff0e0000.ethernet-ffffffff:0c] driver [TI DP83867] (irq=POLL)
[   16.458730] macb ff0e0000.ethernet eth0: configuring for phy/rgmii-id link mode
[   16.755824] Adding 102396k swap on /var/swap.  Priority:-2 extents:4 across:9953604k SS
[   18.527751] random: crng init done
[   18.527765] random: 7 urandom warning(s) missed due to ratelimiting
[   19.292315] broken atomic modeset userspace detected, disabling atomic
[   20.545368] macb ff0e0000.ethernet eth0: Link is Up - 1Gbps/Full - flow control off
[   20.545394] IPv6: ADDRCONF(NETDEV_CHANGE): eth0: link becomes ready
[   21.972224] broken atomic modeset userspace detected, disabling atomic
[   24.877758] broken atomic modeset userspace detected, disabling atomic
[   27.528032] broken atomic modeset userspace detected, disabling atomic