[    0.000000] Booting Linux on physical CPU 0x0000000000 [0x410fd034]
[    0.000000] Linux version 5.10.0-98103-g2aa7ac113716 (jenkins@romlxbuild1.adlk.analog.com) (aarch64-xilinx-linux-gcc.real (GCC) 10.2.0, GNU ld (GNU Binutils) 2.35.0.20200730) #5577 SMP Wed Mar 23 07:28:49 GMT 2022
[    0.000000] Machine model: ZynqMP ZCU102 Rev1.0
[    0.000000] earlycon: cdns0 at MMIO 0x00000000ff000000 (options '115200n8')
[    0.000000] printk: bootconsole [cdns0] enabled
[    0.000000] efi: UEFI not found.
[    0.000000] cma: Reserved 256 MiB at 0x0000000070000000
[    0.000000] Zone ranges:
[    0.000000]   DMA      [mem 0x0000000000000000-0x000000003fffffff]
[    0.000000]   DMA32    [mem 0x0000000040000000-0x00000000ffffffff]
[    0.000000]   Normal   [mem 0x0000000100000000-0x000000087fffffff]
[    0.000000] Movable zone start for each node
[    0.000000] Early memory node ranges
[    0.000000]   node   0: [mem 0x0000000000000000-0x000000007fffffff]
[    0.000000]   node   0: [mem 0x0000000800000000-0x000000087fffffff]
[    0.000000] Initmem setup node 0 [mem 0x0000000000000000-0x000000087fffffff]
[    0.000000] On node 0 totalpages: 1048576
[    0.000000]   DMA zone: 3584 pages used for memmap
[    0.000000]   DMA zone: 0 pages reserved
[    0.000000]   DMA zone: 262144 pages, LIFO batch:63
[    0.000000]   DMA32 zone: 3584 pages used for memmap
[    0.000000]   DMA32 zone: 262144 pages, LIFO batch:63
[    0.000000]   Normal zone: 7168 pages used for memmap
[    0.000000]   Normal zone: 524288 pages, LIFO batch:63
[    0.000000] psci: probing for conduit method from DT.
[    0.000000] psci: PSCIv1.1 detected in firmware.
[    0.000000] psci: Using standard PSCI v0.2 function IDs
[    0.000000] psci: MIGRATE_INFO_TYPE not supported.
[    0.000000] psci: SMC Calling Convention v1.2
[    0.000000] percpu: Embedded 22 pages/cpu s49496 r8192 d32424 u90112
[    0.000000] pcpu-alloc: s49496 r8192 d32424 u90112 alloc=22*4096
[    0.000000] pcpu-alloc: [0] 0 [0] 1 [0] 2 [0] 3 
[    0.000000] Detected VIPT I-cache on CPU0
[    0.000000] CPU features: detected: ARM erratum 845719
[    0.000000] Built 1 zonelists, mobility grouping on.  Total pages: 1034240
[    0.000000] Kernel command line: console=ttyPS0,115200 root=/dev/mmcblk0p2 rw earlycon rootfstype=ext4 rootwait clk_ignore_unused cpuidle.off=1 root=/dev/mmcblk0p2 rw rootwait
[    0.000000] Dentry cache hash table entries: 524288 (order: 10, 4194304 bytes, linear)
[    0.000000] Inode-cache hash table entries: 262144 (order: 9, 2097152 bytes, linear)
[    0.000000] mem auto-init: stack:off, heap alloc:off, heap free:off
[    0.000000] software IO TLB: mapped [mem 0x000000003bfff000-0x000000003ffff000] (64MB)
[    0.000000] Memory: 3761904K/4194304K available (15296K kernel code, 1636K rwdata, 11876K rodata, 2560K init, 507K bss, 170256K reserved, 262144K cma-reserved)
[    0.000000] rcu: Hierarchical RCU implementation.
[    0.000000] rcu: 	RCU event tracing is enabled.
[    0.000000] rcu: 	RCU restricting CPUs from NR_CPUS=8 to nr_cpu_ids=4.
[    0.000000] rcu: RCU calculated value of scheduler-enlistment delay is 25 jiffies.
[    0.000000] rcu: Adjusting geometry for rcu_fanout_leaf=16, nr_cpu_ids=4
[    0.000000] NR_IRQS: 64, nr_irqs: 64, preallocated irqs: 0
[    0.000000] GIC: Adjusting CPU interface base to 0x00000000f902f000
[    0.000000] GIC: Using split EOI/Deactivate mode
[    0.000000] random: get_random_bytes called from start_kernel+0x31c/0x54c with crng_init=0
[    0.000000] arch_timer: cp15 timer(s) running at 100.00MHz (phys).
[    0.000000] clocksource: arch_sys_counter: mask: 0xffffffffffffff max_cycles: 0x171024e7e0, max_idle_ns: 440795205315 ns
[    0.000003] sched_clock: 56 bits at 100MHz, resolution 10ns, wraps every 4398046511100ns
[    0.008463] Console: colour dummy device 80x25
[    0.012483] Calibrating delay loop (skipped), value calculated using timer frequency.. 200.00 BogoMIPS (lpj=400000)
[    0.022841] pid_max: default: 32768 minimum: 301
[    0.027550] Mount-cache hash table entries: 8192 (order: 4, 65536 bytes, linear)
[    0.034789] Mountpoint-cache hash table entries: 8192 (order: 4, 65536 bytes, linear)
[    0.043395] rcu: Hierarchical SRCU implementation.
[    0.047559] EFI services will not be available.
[    0.051938] smp: Bringing up secondary CPUs ...
[    0.056657] Detected VIPT I-cache on CPU1
[    0.056695] CPU1: Booted secondary processor 0x0000000001 [0x410fd034]
[    0.057060] Detected VIPT I-cache on CPU2
[    0.057084] CPU2: Booted secondary processor 0x0000000002 [0x410fd034]
[    0.057424] Detected VIPT I-cache on CPU3
[    0.057447] CPU3: Booted secondary processor 0x0000000003 [0x410fd034]
[    0.057493] smp: Brought up 1 node, 4 CPUs
[    0.091780] SMP: Total of 4 processors activated.
[    0.096452] CPU features: detected: 32-bit EL0 Support
[    0.101556] CPU features: detected: CRC32 instructions
[    0.106697] CPU: All CPU(s) started at EL2
[    0.110736] alternatives: patching kernel code
[    0.116170] devtmpfs: initialized
[    0.124068] Registered cp15_barrier emulation handler
[    0.124118] Registered setend emulation handler
[    0.128100] clocksource: jiffies: mask: 0xffffffff max_cycles: 0xffffffff, max_idle_ns: 7645041785100000 ns
[    0.137678] futex hash table entries: 1024 (order: 4, 65536 bytes, linear)
[    0.151043] pinctrl core: initialized pinctrl subsystem
[    0.151689] NET: Registered protocol family 16
[    0.156107] DMA: preallocated 512 KiB GFP_KERNEL pool for atomic allocations
[    0.162125] DMA: preallocated 512 KiB GFP_KERNEL|GFP_DMA pool for atomic allocations
[    0.169853] DMA: preallocated 512 KiB GFP_KERNEL|GFP_DMA32 pool for atomic allocations
[    0.177653] audit: initializing netlink subsys (disabled)
[    0.183105] audit: type=2000 audit(0.116:1): state=initialized audit_enabled=0 res=1
[    0.183450] hw-breakpoint: found 6 breakpoint and 4 watchpoint registers.
[    0.197482] ASID allocator initialised with 65536 entries
[    0.224328] HugeTLB registered 1.00 GiB page size, pre-allocated 0 pages
[    0.225386] HugeTLB registered 32.0 MiB page size, pre-allocated 0 pages
[    0.232058] HugeTLB registered 2.00 MiB page size, pre-allocated 0 pages
[    0.238717] HugeTLB registered 64.0 KiB page size, pre-allocated 0 pages
[    1.304291] DRBG: Continuing without Jitter RNG
[    1.382116] raid6: neonx8   gen()  2141 MB/s
[    1.450165] raid6: neonx8   xor()  1597 MB/s
[    1.518220] raid6: neonx4   gen()  2193 MB/s
[    1.586268] raid6: neonx4   xor()  1566 MB/s
[    1.654339] raid6: neonx2   gen()  2076 MB/s
[    1.722387] raid6: neonx2   xor()  1440 MB/s
[    1.790458] raid6: neonx1   gen()  1772 MB/s
[    1.858506] raid6: neonx1   xor()  1220 MB/s
[    1.926557] raid6: int64x8  gen()  1438 MB/s
[    1.994613] raid6: int64x8  xor()   771 MB/s
[    2.062681] raid6: int64x4  gen()  1599 MB/s
[    2.130737] raid6: int64x4  xor()   821 MB/s
[    2.198810] raid6: int64x2  gen()  1397 MB/s
[    2.266860] raid6: int64x2  xor()   749 MB/s
[    2.334934] raid6: int64x1  gen()  1033 MB/s
[    2.402988] raid6: int64x1  xor()   517 MB/s
[    2.403026] raid6: using algorithm neonx4 gen() 2193 MB/s
[    2.406978] raid6: .... xor() 1566 MB/s, rmw enabled
[    2.411909] raid6: using neon recovery algorithm
[    2.416920] iommu: Default domain type: Translated 
[    2.421535] SCSI subsystem initialized
[    2.425078] libata version 3.00 loaded.
[    2.425202] usbcore: registered new interface driver usbfs
[    2.430535] usbcore: registered new interface driver hub
[    2.435807] usbcore: registered new device driver usb
[    2.440943] mc: Linux media interface: v0.10
[    2.445056] videodev: Linux video capture interface: v2.00
[    2.450548] EDAC MC: Ver: 3.0.0
[    2.453989] zynqmp-ipi-mbox mailbox@ff990400: Registered ZynqMP IPI mbox with TX/RX channels.
[    2.462486] jesd204: created con: id=0, topo=0, link=0, /axi/spi@ff050000/hmc7044@0 <-> /fpga-axi@0/axi-adxcvr-tx@84b60000
[    2.473077] jesd204: created con: id=1, topo=0, link=2, /axi/spi@ff050000/hmc7044@0 <-> /fpga-axi@0/axi-adxcvr-rx@84a60000
[    2.484062] jesd204: created con: id=2, topo=0, link=0, /fpga-axi@0/axi-adxcvr-tx@84b60000 <-> /fpga-axi@0/axi-jesd204-tx@84b90000
[    2.495737] jesd204: created con: id=3, topo=0, link=2, /fpga-axi@0/axi-adxcvr-rx@84a60000 <-> /fpga-axi@0/axi-jesd204-rx@84a90000
[    2.507414] jesd204: created con: id=4, topo=0, link=0, /fpga-axi@0/axi-jesd204-tx@84b90000 <-> /fpga-axi@0/axi-ad9081-tx-hpc@84b10000
[    2.519442] jesd204: created con: id=5, topo=0, link=2, /fpga-axi@0/axi-jesd204-rx@84a90000 <-> /fpga-axi@0/axi-ad9081-rx-hpc@84a10000
[    2.531465] jesd204: created con: id=6, topo=0, link=2, /fpga-axi@0/axi-ad9081-rx-hpc@84a10000 <-> /axi/spi@ff040000/ad9081@0
[    2.542706] jesd204: created con: id=7, topo=0, link=0, /fpga-axi@0/axi-ad9081-tx-hpc@84b10000 <-> /axi/spi@ff040000/ad9081@0
[    2.553956] jesd204: /axi/spi@ff040000/ad9081@0: JESD204[2] transition uninitialized -> initialized
[    2.562943] jesd204: /axi/spi@ff040000/ad9081@0: JESD204[0] transition uninitialized -> initialized
[    2.571934] jesd204: found 8 devices and 1 topologies
[    2.576978] FPGA manager framework
[    2.580458] Advanced Linux Sound Architecture Driver Initialized.
[    2.586751] Bluetooth: Core ver 2.22
[    2.589937] NET: Registered protocol family 31
[    2.594338] Bluetooth: HCI device and connection manager initialized
[    2.600655] Bluetooth: HCI socket layer initialized
[    2.605497] Bluetooth: L2CAP socket layer initialized
[    2.610521] Bluetooth: SCO socket layer initialized
[    2.615707] clocksource: Switched to clocksource arch_sys_counter
[    2.621513] VFS: Disk quotas dquot_6.6.0
[    2.625348] VFS: Dquot-cache hash table entries: 512 (order 0, 4096 bytes)
[    2.636068] NET: Registered protocol family 2
[    2.636791] tcp_listen_portaddr_hash hash table entries: 2048 (order: 3, 32768 bytes, linear)
[    2.644988] TCP established hash table entries: 32768 (order: 6, 262144 bytes, linear)
[    2.653013] TCP bind hash table entries: 32768 (order: 7, 524288 bytes, linear)
[    2.660459] TCP: Hash tables configured (established 32768 bind 32768)
[    2.666634] UDP hash table entries: 2048 (order: 4, 65536 bytes, linear)
[    2.673299] UDP-Lite hash table entries: 2048 (order: 4, 65536 bytes, linear)
[    2.680459] NET: Registered protocol family 1
[    2.684914] RPC: Registered named UNIX socket transport module.
[    2.690536] RPC: Registered udp transport module.
[    2.695200] RPC: Registered tcp transport module.
[    2.699870] RPC: Registered tcp NFSv4.1 backchannel transport module.
[    2.706863] PCI: CLS 0 bytes, default 64
[    2.710568] hw perfevents: no interrupt-affinity property for /pmu, guessing.
[    2.717421] hw perfevents: enabled with armv8_pmuv3 PMU driver, 7 counters available
[    2.725774] Initialise system trusted keyrings
[    2.729449] workingset: timestamp_bits=62 max_order=20 bucket_order=0
[    2.736357] NFS: Registering the id_resolver key type
[    2.740803] Key type id_resolver registered
[    2.744938] Key type id_legacy registered
[    2.748928] nfs4filelayout_init: NFSv4 File Layout Driver Registering...
[    2.755593] jffs2: version 2.2. (NAND) (SUMMARY)  Â© 2001-2006 Red Hat, Inc.
[    2.799516] NET: Registered protocol family 38
[    2.799559] xor: measuring software checksum speed
[    2.807248]    8regs           :  2363 MB/sec
[    2.810917]    32regs          :  2799 MB/sec
[    2.815864]    arm64_neon      :  2380 MB/sec
[    2.816050] xor: using function: 32regs (2799 MB/sec)
[    2.821076] Key type asymmetric registered
[    2.825137] Asymmetric key parser 'x509' registered
[    2.829998] Block layer SCSI generic (bsg) driver version 0.4 loaded (major 248)
[    2.837335] io scheduler mq-deadline registered
[    2.841831] io scheduler kyber registered
[    2.871241] Serial: 8250/16550 driver, 4 ports, IRQ sharing disabled
[    2.875888] cacheinfo: Unable to detect cache hierarchy for CPU 0
[    2.882206] brd: module loaded
[    2.886348] loop: module loaded
[    2.886892] Registered mathworks_ip class
[    2.890252] libphy: Fixed MDIO Bus: probed
[    2.893235] tun: Universal TUN/TAP device driver, 1.6
[    2.897288] CAN device driver interface
[    2.901821] usbcore: registered new interface driver asix
[    2.906420] usbcore: registered new interface driver ax88179_178a
[    2.912454] usbcore: registered new interface driver cdc_ether
[    2.918247] usbcore: registered new interface driver net1080
[    2.923871] usbcore: registered new interface driver cdc_subset
[    2.929754] usbcore: registered new interface driver zaurus
[    2.935297] usbcore: registered new interface driver cdc_ncm
[    2.941701] ehci_hcd: USB 2.0 'Enhanced' Host Controller (EHCI) Driver
[    2.947382] ehci-pci: EHCI PCI platform driver
[    2.952182] usbcore: registered new interface driver uas
[    2.957101] usbcore: registered new interface driver usb-storage
[    2.963088] usbcore: registered new interface driver usbserial_generic
[    2.969536] usbserial: USB Serial support registered for generic
[    2.975510] usbcore: registered new interface driver ftdi_sio
[    2.981213] usbserial: USB Serial support registered for FTDI USB Serial Device
[    2.988489] usbcore: registered new interface driver upd78f0730
[    2.994360] usbserial: USB Serial support registered for upd78f0730
[    3.002010] rtc_zynqmp ffa60000.rtc: registered as rtc0
[    3.005786] rtc_zynqmp ffa60000.rtc: setting system clock to 2022-04-12T19:29:28 UTC (1649791768)
[    3.014648] i2c /dev entries driver
[    3.019967] usbcore: registered new interface driver uvcvideo
[    3.023761] USB Video Class driver (1.1.1)
[    3.029333] Bluetooth: HCI UART driver ver 2.3
[    3.032243] Bluetooth: HCI UART protocol H4 registered
[    3.037341] Bluetooth: HCI UART protocol BCSP registered
[    3.042629] Bluetooth: HCI UART protocol LL registered
[    3.047719] Bluetooth: HCI UART protocol ATH3K registered
[    3.053095] Bluetooth: HCI UART protocol Three-wire (H5) registered
[    3.059347] Bluetooth: HCI UART protocol Intel registered
[    3.064685] Bluetooth: HCI UART protocol QCA registered
[    3.069890] usbcore: registered new interface driver bcm203x
[    3.075507] usbcore: registered new interface driver bpa10x
[    3.081043] usbcore: registered new interface driver bfusb
[    3.086497] usbcore: registered new interface driver btusb
[    3.091958] usbcore: registered new interface driver ath3k
[    3.097439] EDAC MC: ECC not enabled
[    3.101067] EDAC DEVICE0: Giving out device to module zynqmp-ocm-edac controller zynqmp_ocm: DEV ff960000.memory-controller (INTERRUPT)
[    3.113381] sdhci: Secure Digital Host Controller Interface driver
[    3.119170] sdhci: Copyright(c) Pierre Ossman
[    3.123492] sdhci-pltfm: SDHCI platform and OF driver helper
[    3.129542] ledtrig-cpu: registered to indicate activity on CPUs
[    3.135098] SMCCC: SOC_ID: ARCH_SOC_ID not implemented, skipping ....
[    3.141530] zynqmp_firmware_probe Platform Management API v1.1
[    3.147284] zynqmp_firmware_probe Trustzone version v1.0
[    3.186823] zynqmp-pinctrl firmware:zynqmp-firmware:pinctrl: zynqmp pinctrl initialized
[    3.234826] zynqmp-aes firmware:zynqmp-firmware:zynqmp-aes: will run requests pump with realtime priority
[    3.250681] alg: No test for xilinx-keccak-384 (zynqmp-keccak-384)
[    3.251391] alg: No test for xilinx-zynqmp-rsa (zynqmp-rsa)
[    3.256904] usbcore: registered new interface driver usbhid
[    3.262294] usbhid: USB HID core driver
[    3.273539] axi_sysid 85000000.axi-sysid-0: AXI System ID core version (1.01.a) found
[    3.275894] axi_sysid 85000000.axi-sysid-0: [ad9081_fmca_ebz] on [zcu102] git branch <master> git <084d44c9780640ca93fd847b1d9ec70dd65f5c67> clean [2022-03-18 04:17:50] UTC
[    3.291565] fpga_manager fpga0: Xilinx ZynqMP FPGA Manager registered
[    3.297928] usbcore: registered new interface driver snd-usb-audio
[    3.305377] pktgen: Packet Generator for packet performance testing. Version: 2.75
[    3.311560] Initializing XFRM netlink socket
[    3.315411] NET: Registered protocol family 10
[    3.320132] Segment Routing with IPv6
[    3.323502] sit: IPv6, IPv4 and MPLS over IPv4 tunneling driver
[    3.329585] NET: Registered protocol family 17
[    3.333687] NET: Registered protocol family 15
[    3.338181] can: controller area network core
[    3.342435] NET: Registered protocol family 29
[    3.346826] can: raw protocol
[    3.349763] can: broadcast manager protocol
[    3.353915] can: netlink gateway - max_hops=1
[    3.358308] Bluetooth: RFCOMM TTY layer initialized
[    3.363090] Bluetooth: RFCOMM socket layer initialized
[    3.368201] Bluetooth: RFCOMM ver 1.11
[    3.371911] Bluetooth: BNEP (Ethernet Emulation) ver 1.3
[    3.377180] Bluetooth: BNEP filters: protocol multicast
[    3.382374] Bluetooth: BNEP socket layer initialized
[    3.387301] Bluetooth: HIDP (Human Interface Emulation) ver 1.2
[    3.393185] Bluetooth: HIDP socket layer initialized
[    3.398239] 9pnet: Installing 9P2000 support
[    3.402362] NET: Registered protocol family 36
[    3.406779] Key type dns_resolver registered
[    3.411207] registered taskstats version 1
[    3.415074] Loading compiled-in X.509 certificates
[    3.420190] Btrfs loaded, crc32c=crc32c-generic
[    3.432584] ff000000.serial: ttyPS0 at MMIO 0xff000000 (irq = 49, base_baud = 6249999) is a xuartps
[    3.441610] printk: console [ttyPS0] enabled
[    3.445905] printk: bootconsole [cdns0] disabled
[    3.455535] ff010000.serial: ttyPS1 at MMIO 0xff010000 (irq = 50, base_baud = 6249999) is a xuartps
[    3.468769] of-fpga-region fpga-full: FPGA Region probed
[    3.475720] nwl-pcie fd0e0000.pcie: host bridge /axi/pcie@fd0e0000 ranges:
[    3.482612] nwl-pcie fd0e0000.pcie:      MEM 0x00e0000000..0x00efffffff -> 0x00e0000000
[    3.490618] nwl-pcie fd0e0000.pcie:      MEM 0x0600000000..0x07ffffffff -> 0x0600000000
[    3.498687] nwl-pcie fd0e0000.pcie: Link is DOWN
[    3.503446] nwl-pcie fd0e0000.pcie: PCI host bridge to bus 0000:00
[    3.509626] pci_bus 0000:00: root bus resource [bus 00-ff]
[    3.515106] pci_bus 0000:00: root bus resource [mem 0xe0000000-0xefffffff]
[    3.521971] pci_bus 0000:00: root bus resource [mem 0x600000000-0x7ffffffff pref]
[    3.529474] pci 0000:00:00.0: [10ee:d021] type 01 class 0x060400
[    3.535535] pci 0000:00:00.0: PME# supported from D0 D1 D2 D3hot
[    3.545980] pci 0000:00:00.0: PCI bridge to [bus 01-0c]
[    3.551961] xilinx-zynqmp-dma fd500000.dma: ZynqMP DMA driver Probe success
[    3.559133] xilinx-zynqmp-dma fd510000.dma: ZynqMP DMA driver Probe success
[    3.566310] xilinx-zynqmp-dma fd520000.dma: ZynqMP DMA driver Probe success
[    3.573478] xilinx-zynqmp-dma fd530000.dma: ZynqMP DMA driver Probe success
[    3.580644] xilinx-zynqmp-dma fd540000.dma: ZynqMP DMA driver Probe success
[    3.587819] xilinx-zynqmp-dma fd550000.dma: ZynqMP DMA driver Probe success
[    3.594983] xilinx-zynqmp-dma fd560000.dma: ZynqMP DMA driver Probe success
[    3.602153] xilinx-zynqmp-dma fd570000.dma: ZynqMP DMA driver Probe success
[    3.609553] xilinx-zynqmp-dpdma fd4c0000.dma-controller: Xilinx DPDMA engine is probed
[    3.618091] ahci-ceva fd0c0000.ahci: supply ahci not found, using dummy regulator
[    3.625638] ahci-ceva fd0c0000.ahci: supply phy not found, using dummy regulator
[    3.715876] hmc7044 spi2.0: PLL1: Acquisition, CLKIN0 @ 122880000 Hz, PFD: 80 kHz - PLL2: Locked @ 2512.000000 MHz
[    3.726593] jesd204: /axi/spi@ff050000/hmc7044@0,jesd204:1,parent=spi2.0: Using as SYSREF provider
[    3.736175] spi-nor spi0.0: SPI-NOR-UniqueID 100000235394732200270025081115266e
[    3.743481] spi-nor spi0.0: found n25q512a, expected m25p80
[    3.749677] spi-nor spi0.0: trying to lock already unlocked area
[    3.755683] spi-nor spi0.0: n25q512a (131072 Kbytes)
[    3.760670] 4 fixed-partitions partitions found on MTD device spi0.0
[    3.767015] Creating 4 MTD partitions on "spi0.0":
[    3.771800] 0x000000000000-0x000000100000 : "qspi-fsbl-uboot"
[    3.778283] 0x000000100000-0x000000600000 : "qspi-linux"
[    3.784243] 0x000000600000-0x000000620000 : "qspi-device-tree"
[    3.790713] 0x000000620000-0x000000c00000 : "qspi-rootfs"
[    3.799176] macb ff0e0000.ethernet: Not enabling partial store and forward
[    3.806706] libphy: MACB_mii_bus: probed
[    3.811768] macb ff0e0000.ethernet eth0: Cadence GEM rev 0x50070106 at 0xff0e0000 irq 30 (00:0a:35:04:8e:1b)
[    3.821972] xilinx-axipmon ffa00000.perf-monitor: Probed Xilinx APM
[    3.828552] xilinx-axipmon fd0b0000.perf-monitor: Probed Xilinx APM
[    3.835071] xilinx-axipmon fd490000.perf-monitor: Probed Xilinx APM
[    3.841614] xilinx-axipmon ffa10000.perf-monitor: Probed Xilinx APM
[    3.851608] pca953x 0-0020: supply vcc not found, using dummy regulator
[    3.858291] pca953x 0-0020: using no AI
[    3.862780] gpio-496 (sel0): hogged as output/low
[    3.867678] gpio-497 (sel1): hogged as output/high
[    3.872663] gpio-498 (sel2): hogged as output/high
[    3.877653] gpio-499 (sel3): hogged as output/high
[    3.882824] pca953x 0-0021: supply vcc not found, using dummy regulator
[    3.889491] pca953x 0-0021: using no AI
[    3.895254] ina2xx 2-0040: power monitor ina226 (Rshunt = 5000 uOhm)
[    3.902279] ina2xx 2-0041: power monitor ina226 (Rshunt = 5000 uOhm)
[    3.909314] ina2xx 2-0042: power monitor ina226 (Rshunt = 5000 uOhm)
[    3.916350] ina2xx 2-0043: power monitor ina226 (Rshunt = 5000 uOhm)
[    3.923377] ina2xx 2-0044: power monitor ina226 (Rshunt = 5000 uOhm)
[    3.930398] ina2xx 2-0045: power monitor ina226 (Rshunt = 5000 uOhm)
[    3.937427] ina2xx 2-0046: power monitor ina226 (Rshunt = 5000 uOhm)
[    3.944505] ina2xx 2-0047: power monitor ina226 (Rshunt = 5000 uOhm)
[    3.951531] ina2xx 2-004a: power monitor ina226 (Rshunt = 5000 uOhm)
[    3.958572] ina2xx 2-004b: power monitor ina226 (Rshunt = 5000 uOhm)
[    3.964983] i2c i2c-0: Added multiplexed i2c bus 2
[    3.970375] random: fast init done
[    3.973847] ina2xx 3-0040: power monitor ina226 (Rshunt = 2000 uOhm)
[    3.980874] ina2xx 3-0041: power monitor ina226 (Rshunt = 5000 uOhm)
[    3.987900] ina2xx 3-0042: power monitor ina226 (Rshunt = 5000 uOhm)
[    3.994932] ina2xx 3-0043: power monitor ina226 (Rshunt = 5000 uOhm)
[    4.001959] ina2xx 3-0044: power monitor ina226 (Rshunt = 5000 uOhm)
[    4.008986] ina2xx 3-0045: power monitor ina226 (Rshunt = 5000 uOhm)
[    4.016016] ina2xx 3-0046: power monitor ina226 (Rshunt = 5000 uOhm)
[    4.023048] ina2xx 3-0047: power monitor ina226 (Rshunt = 5000 uOhm)
[    4.029448] i2c i2c-0: Added multiplexed i2c bus 3
[    4.084876] i2c i2c-0: Added multiplexed i2c bus 4
[    4.089817] i2c i2c-0: Added multiplexed i2c bus 5
[    4.094604] pca954x 0-0075: registered 4 multiplexed busses for I2C mux pca9544
[    4.101954] cdns-i2c ff020000.i2c: 400 kHz mmio ff020000 irq 32
[    4.109688] at24 6-0054: supply vcc not found, using dummy regulator
[    4.116591] at24 6-0054: 1024 byte 24c08 EEPROM, writable, 1 bytes/write
[    4.123339] i2c i2c-1: Added multiplexed i2c bus 6
[    4.129767] si5341 7-0036: Chip: 5341 Grade: 1 Rev: 1
[    4.167480] i2c i2c-1: Added multiplexed i2c bus 7
[    4.175137] si570 8-005d: registered, current frequency 300000000 Hz
[    4.181541] i2c i2c-1: Added multiplexed i2c bus 8
[    4.201339] si570 9-005d: registered, current frequency 148500000 Hz
[    4.207742] i2c i2c-1: Added multiplexed i2c bus 9
[    4.212779] si5324 10-0069: si5328 probed
[    4.280063] si5324 10-0069: si5328 probe successful
[    4.284991] i2c i2c-1: Added multiplexed i2c bus 10
[    4.290018] i2c i2c-1: Added multiplexed i2c bus 11
[    4.295042] i2c i2c-1: Added multiplexed i2c bus 12
[    4.300066] i2c i2c-1: Added multiplexed i2c bus 13
[    4.304938] pca954x 1-0074: registered 8 multiplexed busses for I2C switch pca9548
[    4.313047] at24 14-0050: supply vcc not found, using dummy regulator
[    4.319836] at24 14-0050: 256 byte 24c02 EEPROM, writable, 1 bytes/write
[    4.326580] i2c i2c-1: Added multiplexed i2c bus 14
[    4.331625] i2c i2c-1: Added multiplexed i2c bus 15
[    4.336654] i2c i2c-1: Added multiplexed i2c bus 16
[    4.341691] i2c i2c-1: Added multiplexed i2c bus 17
[    4.346723] i2c i2c-1: Added multiplexed i2c bus 18
[    4.351769] i2c i2c-1: Added multiplexed i2c bus 19
[    4.356809] i2c i2c-1: Added multiplexed i2c bus 20
[    4.361848] i2c i2c-1: Added multiplexed i2c bus 21
[    4.366721] pca954x 1-0075: registered 8 multiplexed busses for I2C switch pca9548
[    4.374331] cdns-i2c ff030000.i2c: 400 kHz mmio ff030000 irq 33
[    4.384080] cdns-wdt fd4d0000.watchdog: Xilinx Watchdog Timer with timeout 60s
[    4.393134] axi_adxcvr 84a60000.axi-adxcvr-rx: adxcvr_enforce_settings: Using QPLL without access, assuming desired Lane rate will be configured by a different instance
[    4.409771] axi_adxcvr 84a60000.axi-adxcvr-rx: AXI-ADXCVR-RX (17.05.a) using QPLL on GTH4 at 0x84A60000. Number of lanes: 4.
[    4.421929] axi_adxcvr 84b60000.axi-adxcvr-tx: AXI-ADXCVR-TX (17.05.a) using QPLL on GTH4 at 0x84B60000. Number of lanes: 4.
[    4.425882] mmc0: SDHCI controller on ff170000.mmc [ff170000.mmc] using ADMA 64-bit
[    4.441080] axi-jesd204-rx 84a90000.axi-jesd204-rx: AXI-JESD204-RX (1.07.a) at 0x84A90000. Encoder 8b10b, width 4/4, lanes 4, jesd204-fsm.
[    4.453915] axi-jesd204-tx 84b90000.axi-jesd204-tx: AXI-JESD204-TX (1.06.a) at 0x84B90000. Encoder 8b10b, width 4/4, lanes 4, jesd204-fsm.
[    4.467419] zynqmp-display fd4a0000.display: vtc bridge property not present
[    4.473473] mmc0: new high speed SDHC card at address 0001
[    4.477072] xilinx-dp-snd-codec fd4a0000.display:zynqmp_dp_snd_codec0: Failed to get required clock freq
[    4.480303] mmcblk0: mmc0:0001 EB1QT 29.8 GiB 
[    4.489432] xilinx-dp-snd-codec: probe of fd4a0000.display:zynqmp_dp_snd_codec0 failed with error -22
[    4.495164]  mmcblk0: p1 p2 p3
[    4.503422] xilinx-dp-snd-pcm zynqmp_dp_snd_pcm0: Xilinx DisplayPort Sound PCM probed
[    4.514279] xilinx-dp-snd-pcm zynqmp_dp_snd_pcm1: Xilinx DisplayPort Sound PCM probed
[    4.522484] OF: graph: no port node found in /axi/display@fd4a0000
[    4.528893] xlnx-drm xlnx-drm.0: bound fd4a0000.display (ops 0xffffffc010fcbdb8)
[    5.615722] zynqmp-display fd4a0000.display: [drm] Cannot find any crtc or sizes
[    5.623340] [drm] Initialized xlnx 1.0.0 20130509 for fd4a0000.display on minor 0
[    5.630826] zynqmp-display fd4a0000.display: ZynqMP DisplayPort Subsystem driver probed
[    5.639139] ahci-ceva fd0c0000.ahci: supply ahci not found, using dummy regulator
[    5.646685] ahci-ceva fd0c0000.ahci: supply phy not found, using dummy regulator
[    5.654140] ahci-ceva fd0c0000.ahci: supply target not found, using dummy regulator
[    5.661979] ahci-ceva fd0c0000.ahci: AHCI 0001.0301 32 slots 2 ports 6 Gbps 0x3 impl platform mode
[    5.670934] ahci-ceva fd0c0000.ahci: flags: 64bit ncq sntf pm clo only pmp fbs pio slum part ccc sds apst 
[    5.681628] scsi host0: ahci-ceva
[    5.685229] scsi host1: ahci-ceva
[    5.688663] ata1: SATA max UDMA/133 mmio [mem 0xfd0c0000-0xfd0c1fff] port 0x100 irq 45
[    5.696577] ata2: SATA max UDMA/133 mmio [mem 0xfd0c0000-0xfd0c1fff] port 0x180 irq 45
[    5.705177] ad9081 spi1.0: supply vdd not found, using dummy regulator
[    6.017956] ata1: SATA link down (SStatus 0 SControl 330)
[    6.023368] ata2: SATA link down (SStatus 0 SControl 330)
[    6.699725] zynqmp-display fd4a0000.display: [drm] Cannot find any crtc or sizes
[    7.496593] ad9081 spi1.0: AD9081 Rev. 2 Grade 10 (API 1.2.2) probed
[    7.503802] xhci-hcd xhci-hcd.1.auto: xHCI Host Controller
[    7.509296] xhci-hcd xhci-hcd.1.auto: new USB bus registered, assigned bus number 1
[    7.517037] xhci-hcd xhci-hcd.1.auto: hcc params 0x0238f625 hci version 0x100 quirks 0x0000000002010810
[    7.526449] xhci-hcd xhci-hcd.1.auto: irq 59, io mem 0xfe200000
[    7.532559] usb usb1: New USB device found, idVendor=1d6b, idProduct=0002, bcdDevice= 5.10
[    7.540823] usb usb1: New USB device strings: Mfr=3, Product=2, SerialNumber=1
[    7.548041] usb usb1: Product: xHCI Host Controller
[    7.552911] usb usb1: Manufacturer: Linux 5.10.0-98103-g2aa7ac113716 xhci-hcd
[    7.560037] usb usb1: SerialNumber: xhci-hcd.1.auto
[    7.565201] hub 1-0:1.0: USB hub found
[    7.568964] hub 1-0:1.0: 1 port detected
[    7.573069] xhci-hcd xhci-hcd.1.auto: xHCI Host Controller
[    7.578559] xhci-hcd xhci-hcd.1.auto: new USB bus registered, assigned bus number 2
[    7.586212] xhci-hcd xhci-hcd.1.auto: Host supports USB 3.0 SuperSpeed
[    7.592839] usb usb2: New USB device found, idVendor=1d6b, idProduct=0003, bcdDevice= 5.10
[    7.601097] usb usb2: New USB device strings: Mfr=3, Product=2, SerialNumber=1
[    7.608320] usb usb2: Product: xHCI Host Controller
[    7.613194] usb usb2: Manufacturer: Linux 5.10.0-98103-g2aa7ac113716 xhci-hcd
[    7.620319] usb usb2: SerialNumber: xhci-hcd.1.auto
[    7.625427] hub 2-0:1.0: USB hub found
[    7.629190] hub 2-0:1.0: 1 port detected
[    7.659284] cf_axi_adc 84a10000.axi-ad9081-rx-hpc: ADI AIM (10.01.b) at 0x84A10000 mapped to 0x(____ptrval____), probed ADC AD9081 as MASTER
[    7.692544] cf_axi_dds 84b10000.axi-ad9081-tx-hpc: Analog Devices CF_AXI_DDS_DDS MASTER (9.01.b) at 0x84B10000 mapped to 0x(____ptrval____), probed DDS AD9081
[    7.706744] jesd204: /axi/spi@ff040000/ad9081@0,jesd204:0,parent=spi1.0: JESD204[2] transition initialized -> probed
[    7.717266] jesd204: /axi/spi@ff040000/ad9081@0,jesd204:0,parent=spi1.0: JESD204[0] transition initialized -> probed
[    7.727789] jesd204: /axi/spi@ff040000/ad9081@0,jesd204:0,parent=spi1.0: JESD204[2] transition probed -> idle
[    7.737707] jesd204: /axi/spi@ff040000/ad9081@0,jesd204:0,parent=spi1.0: JESD204[0] transition probed -> idle
[    7.747621] jesd204: /axi/spi@ff040000/ad9081@0,jesd204:0,parent=spi1.0: JESD204[2] transition idle -> device_init
[    7.757963] jesd204: /axi/spi@ff040000/ad9081@0,jesd204:0,parent=spi1.0: JESD204[0] transition idle -> device_init
[    7.768315] jesd204: /axi/spi@ff040000/ad9081@0,jesd204:0,parent=spi1.0: JESD204[2] transition device_init -> link_init
[    7.779090] jesd204: /axi/spi@ff040000/ad9081@0,jesd204:0,parent=spi1.0: JESD204[0] transition device_init -> link_init
[    7.789881] jesd204: /axi/spi@ff040000/ad9081@0,jesd204:0,parent=spi1.0: JESD204[2] transition link_init -> link_supported
[    7.800921] jesd204: /axi/spi@ff040000/ad9081@0,jesd204:0,parent=spi1.0: JESD204[0] transition link_init -> link_supported
[    7.812341] hmc7044 spi2.0: hmc7044_jesd204_link_pre_setup: Link2 forcing continuous SYSREF mode
[    7.821561] jesd204: /axi/spi@ff040000/ad9081@0,jesd204:0,parent=spi1.0: JESD204[2] transition link_supported -> link_pre_setup
[    7.833039] jesd204: /axi/spi@ff040000/ad9081@0,jesd204:0,parent=spi1.0: JESD204[0] transition link_supported -> link_pre_setup
[    7.856819] jesd204: /axi/spi@ff040000/ad9081@0,jesd204:0,parent=spi1.0: JESD204[2] transition link_pre_setup -> clk_sync_stage1
[    7.868383] jesd204: /axi/spi@ff040000/ad9081@0,jesd204:0,parent=spi1.0: JESD204[0] transition link_pre_setup -> clk_sync_stage1
[    7.879948] jesd204: /axi/spi@ff040000/ad9081@0,jesd204:0,parent=spi1.0: JESD204[2] transition clk_sync_stage1 -> clk_sync_stage2
[    7.891592] jesd204: /axi/spi@ff040000/ad9081@0,jesd204:0,parent=spi1.0: JESD204[0] transition clk_sync_stage1 -> clk_sync_stage2
[    7.903244] jesd204: /axi/spi@ff040000/ad9081@0,jesd204:0,parent=spi1.0: JESD204[2] transition clk_sync_stage2 -> clk_sync_stage3
[    7.914894] jesd204: /axi/spi@ff040000/ad9081@0,jesd204:0,parent=spi1.0: JESD204[0] transition clk_sync_stage2 -> clk_sync_stage3
[    7.928613] jesd204: /axi/spi@ff040000/ad9081@0,jesd204:0,parent=spi1.0: JESD204[2] transition clk_sync_stage3 -> link_setup
[    7.939831] jesd204: /axi/spi@ff040000/ad9081@0,jesd204:0,parent=spi1.0: JESD204[0] transition clk_sync_stage3 -> link_setup
[    7.955877] jesd204: /axi/spi@ff040000/ad9081@0,jesd204:0,parent=spi1.0: JESD204[2] transition link_setup -> opt_setup_stage1
[    7.967179] jesd204: /axi/spi@ff040000/ad9081@0,jesd204:0,parent=spi1.0: JESD204[0] transition link_setup -> opt_setup_stage1
[    7.983525] jesd204: /axi/spi@ff040000/ad9081@0,jesd204:0,parent=spi1.0: JESD204[2] transition opt_setup_stage1 -> opt_setup_stage2
[    7.995346] jesd204: /axi/spi@ff040000/ad9081@0,jesd204:0,parent=spi1.0: JESD204[0] transition opt_setup_stage1 -> opt_setup_stage2
[    8.007319] jesd204: /axi/spi@ff040000/ad9081@0,jesd204:0,parent=spi1.0: JESD204[2] transition opt_setup_stage2 -> opt_setup_stage3
[    8.019138] jesd204: /axi/spi@ff040000/ad9081@0,jesd204:0,parent=spi1.0: JESD204[0] transition opt_setup_stage2 -> opt_setup_stage3
[    8.030962] jesd204: /axi/spi@ff040000/ad9081@0,jesd204:0,parent=spi1.0: JESD204[2] transition opt_setup_stage3 -> opt_setup_stage4
[    8.042780] jesd204: /axi/spi@ff040000/ad9081@0,jesd204:0,parent=spi1.0: JESD204[0] transition opt_setup_stage3 -> opt_setup_stage4
[    8.054608] jesd204: /axi/spi@ff040000/ad9081@0,jesd204:0,parent=spi1.0: JESD204[2] transition opt_setup_stage4 -> opt_setup_stage5
[    8.066434] jesd204: /axi/spi@ff040000/ad9081@0,jesd204:0,parent=spi1.0: JESD204[0] transition opt_setup_stage4 -> opt_setup_stage5
[    8.084433] jesd204: /axi/spi@ff040000/ad9081@0,jesd204:0,parent=spi1.0: JESD204[2] transition opt_setup_stage5 -> clocks_enable
[    8.095999] jesd204: /axi/spi@ff040000/ad9081@0,jesd204:0,parent=spi1.0: JESD204[0] transition opt_setup_stage5 -> clocks_enable
[    8.107619] jesd204: /axi/spi@ff040000/ad9081@0,jesd204:0,parent=spi1.0: JESD204[2] transition clocks_enable -> link_enable
[    8.118750] jesd204: /axi/spi@ff040000/ad9081@0,jesd204:0,parent=spi1.0: JESD204[0] transition clocks_enable -> link_enable
[    8.151947] ad9081 spi1.0: JESD RX (JTX) Link2 in DATA, SYNC deasserted, PLL locked, PHASE established, MODE valid
[    8.162554] ad9081 spi1.0: JESD TX (JRX) Link0 0xF lanes in DATA
[    8.168564] jesd204: /axi/spi@ff040000/ad9081@0,jesd204:0,parent=spi1.0: JESD204[2] transition link_enable -> link_running
[    8.179602] jesd204: /axi/spi@ff040000/ad9081@0,jesd204:0,parent=spi1.0: JESD204[0] transition link_enable -> link_running
[    8.190652] jesd204: /axi/spi@ff040000/ad9081@0,jesd204:0,parent=spi1.0: JESD204[2] transition link_running -> opt_post_running_stage
[    8.202649] jesd204: /axi/spi@ff040000/ad9081@0,jesd204:0,parent=spi1.0: JESD204[0] transition link_running -> opt_post_running_stage
[    8.223881] input: gpio-keys as /devices/platform/gpio-keys/input/input0
[    8.230900] of_cfs_init
[    8.233368] of_cfs_init: OK
[    8.236306] cfg80211: Loading compiled-in X.509 certificates for regulatory database
[    8.374547] cfg80211: Loaded X.509 cert 'sforshee: 00b28ddf47aef9cea7'
[    8.381083] clk: Not disabling unused clocks
[    8.385615] ALSA device list:
[    8.388577]   No soundcards found.
[    8.392237] platform regulatory.0: Direct firmware load for regulatory.db failed with error -2
[    8.400848] cfg80211: failed to load regulatory.db
[    8.417460] EXT4-fs (mmcblk0p2): mounted filesystem with ordered data mode. Opts: (null)
[    8.425576] VFS: Mounted root (ext4 filesystem) on device 179:2.
[    8.439279] devtmpfs: mounted
[    8.443090] Freeing unused kernel memory: 2560K
[    8.451760] Run /sbin/init as init process
[    8.455860]   with arguments:
[    8.455862]     /sbin/init
[    8.455864]   with environment:
[    8.455867]     HOME=/
[    8.455869]     TERM=linux
[    9.073045] systemd[1]: systemd 241 running in system mode. (+PAM +AUDIT +SELINUX +IMA +APPARMOR +SMACK +SYSVINIT +UTMP +LIBCRYPTSETUP +GCRYPT +GNUTLS +ACL +XZ +LZ4 +SECCOMP +BLKID +ELFUTILS +KMOD -IDN2 +IDN -PCRE2 default-hierarchy=hybrid)
[    9.094895] systemd[1]: Detected architecture arm64.
[    9.120490] systemd[1]: Set hostname to <analog>.
[    9.313775] systemd[1]: File /lib/systemd/system/systemd-journald.service:12 configures an IP firewall (IPAddressDeny=any), but the local system does not support BPF/cgroup based firewalling.
[    9.330866] systemd[1]: Proceeding WITHOUT firewalling in effect! (This warning is only shown for the first loaded unit using IP firewalling.)
[    9.501278] systemd[1]: /etc/systemd/system/tof-server.service:1: Assignment outside of section. Ignoring.
[    9.510973] systemd[1]: /etc/systemd/system/tof-server.service:2: Assignment outside of section. Ignoring.
[    9.701794] random: systemd: uninitialized urandom read (16 bytes read)
[    9.716751] random: systemd: uninitialized urandom read (16 bytes read)
[    9.723765] systemd[1]: Listening on udev Kernel Socket.
[    9.743794] random: systemd: uninitialized urandom read (16 bytes read)
[    9.750679] systemd[1]: Listening on udev Control Socket.
[    9.771792] systemd[1]: Reached target Swap.
[   10.360129] ------------[ cut here ]------------
[   10.360137] Enabling unprepared \xa0\xe9Q\x88\xff\xff\xffpQ\x88\xff\xff\xff
[   10.360184] WARNING: CPU: 0 PID: 113 at drivers/clk/clk.c:1012 clk_core_enable+0xa4/0xc0
[   10.360188] Modules linked in:
[   10.360198] CPU: 0 PID: 113 Comm: kworker/0:1H Not tainted 5.10.0-98103-g2aa7ac113716 #5577
[   10.360201] Hardware name: ZynqMP ZCU102 Rev1.0 (DT)
[   10.360210] Workqueue: kblockd blk_mq_run_work_fn
[   10.360218] pstate: 80000085 (Nzcv daIf -PAN -UAO -TCO BTYPE=--)
[   10.360224] pc : clk_core_enable+0xa4/0xc0
[   10.360229] lr : clk_core_enable+0xa4/0xc0
[   10.360232] sp : ffffffc0125db2d0
[   10.360235] x29: ffffffc0125db2d0 x28: ffffff8800330c10 
[   10.360241] x27: ffffff8800330d48 x26: 0000005000000101 
[   10.360248] x25: 000000026391bc2e x24: 0000000000000001 
[   10.360254] x23: ffffff88010e9380 x22: ffffff8801083220 
[   10.360261] x21: ffffff8801517000 x20: ffffff8801517008 
[   10.360268] x19: ffffff8801517008 x18: 0000000000000030 
[   10.360274] x17: 0000000000000001 x16: 0000b5a0d9fcd3fe 
[   10.360281] x15: ffffffffffff86f8 x14: ffffffc011d3b1a0 
[   10.360287] x13: ffffffc011d3b1c8 x12: 00000000000005e8 
[   10.360294] x11: 00000000000001f8 x10: ffffffc011d671c8 
[   10.360300] x9 : 00000000fffff800 x8 : ffffffc011d3b1c8 
[   10.360307] x7 : ffffffc011d671c8 x6 : 0000000000000001 
[   10.360313] x5 : ffffff887f7669e0 x4 : 0000000000000000 
[   10.360319] x3 : 0000000000000027 x2 : 0000000000000023 
[   10.360326] x1 : d150ee0d86f95500 x0 : 0000000000000000 
[   10.360332] Call trace:
[   10.360339]  clk_core_enable+0xa4/0xc0
[   10.360344]  clk_enable+0x2c/0x60
[   10.360350]  zynqmp_runtime_resume+0x24/0x84
[   10.360357]  pm_generic_runtime_resume+0x30/0x50
[   10.360363]  __genpd_runtime_resume+0x30/0xb0
[   10.360369]  genpd_runtime_resume+0x90/0x250
[   10.360375]  __rpm_callback+0x10c/0x1e0
[   10.360380]  rpm_callback+0x5c/0x84
[   10.360385]  rpm_resume+0x4a4/0x74c
[   10.360391]  __pm_runtime_resume+0x78/0xc4
[   10.360395]  spi_mem_access_start.isra.0+0x30/0x80
[   10.360399]  spi_mem_exec_op+0x3b0/0x424
[   10.360404]  spi_nor_read_sr+0x78/0xe0
[   10.360409]  spi_nor_wait_till_ready_with_timeout+0xb4/0x2f0
[   10.360414]  spi_nor_read+0x188/0x380
[   10.360419]  mtd_read_oob_std+0x78/0x84
[   10.360424]  mtd_read_oob+0x7c/0x134
[   10.360428]  mtd_read+0x48/0x7c
[   10.360434]  mtdblock_readsect+0x6c/0x150
[   10.360439]  mtd_queue_rq+0x2cc/0x5a0
[   10.360445]  blk_mq_dispatch_rq_list+0x110/0x790
[   10.360452]  __blk_mq_do_dispatch_sched+0x200/0x274
[   10.360457]  __blk_mq_sched_dispatch_requests+0x1a8/0x1fc
[   10.360463]  blk_mq_sched_dispatch_requests+0x3c/0x7c
[   10.360468]  __blk_mq_run_hw_queue+0x98/0x100
[   10.360472]  blk_mq_run_work_fn+0x24/0x30
[   10.360478]  process_one_work+0x1d4/0x380
[   10.360482]  worker_thread+0x78/0x4e0
[   10.360488]  kthread+0x124/0x130
[   10.360493]  ret_from_fork+0x10/0x3c
[   10.360497] ---[ end trace 519bb17f5a2b6b6e ]---
[   10.360504] zynqmp-qspi ff0f0000.spi: Cannot enable APB clock.
[   10.360552] spi_master spi0: Failed to power device: -108
[   10.360562] blk_update_request: I/O error, dev mtdblock0, sector 8 op 0x0:(READ) flags 0x80700 phys_seg 1 prio class 0
[   10.360630] spi_master spi0: Failed to power device: -22
[   10.360636] blk_update_request: I/O error, dev mtdblock0, sector 8 op 0x0:(READ) flags 0x0 phys_seg 8 prio class 0
[   10.360642] Buffer I/O error on dev mtdblock0, logical block 8, async page read
[   10.360651] spi_master spi0: Failed to power device: -22
[   10.360657] blk_update_request: I/O error, dev mtdblock0, sector 9 op 0x0:(READ) flags 0x0 phys_seg 7 prio class 0
[   10.360661] Buffer I/O error on dev mtdblock0, logical block 9, async page read
[   10.360668] spi_master spi0: Failed to power device: -22
[   10.360674] blk_update_request: I/O error, dev mtdblock0, sector 10 op 0x0:(READ) flags 0x0 phys_seg 6 prio class 0
[   10.360677] Buffer I/O error on dev mtdblock0, logical block 10, async page read
[   10.360684] spi_master spi0: Failed to power device: -22
[   10.360690] blk_update_request: I/O error, dev mtdblock0, sector 11 op 0x0:(READ) flags 0x0 phys_seg 5 prio class 0
[   10.360694] Buffer I/O error on dev mtdblock0, logical block 11, async page read
[   10.360701] spi_master spi0: Failed to power device: -22
[   10.360706] blk_update_request: I/O error, dev mtdblock0, sector 12 op 0x0:(READ) flags 0x0 phys_seg 4 prio class 0
[   10.360710] Buffer I/O error on dev mtdblock0, logical block 12, async page read
[   10.360716] spi_master spi0: Failed to power device: -22
[   10.360722] blk_update_request: I/O error, dev mtdblock0, sector 13 op 0x0:(READ) flags 0x0 phys_seg 3 prio class 0
[   10.360726] Buffer I/O error on dev mtdblock0, logical block 13, async page read
[   10.360733] spi_master spi0: Failed to power device: -22
[   10.360738] blk_update_request: I/O error, dev mtdblock0, sector 14 op 0x0:(READ) flags 0x0 phys_seg 2 prio class 0
[   10.360742] Buffer I/O error on dev mtdblock0, logical block 14, async page read
[   10.360748] spi_master spi0: Failed to power device: -22
[   10.360754] blk_update_request: I/O error, dev mtdblock0, sector 15 op 0x0:(READ) flags 0x0 phys_seg 1 prio class 0
[   10.360758] Buffer I/O error on dev mtdblock0, logical block 15, async page read
[   10.361066] spi_master spi0: Failed to power device: -22
[   10.361073] blk_update_request: I/O error, dev mtdblock1, sector 10112 op 0x0:(READ) flags 0x80700 phys_seg 1 prio class 0
[   10.361119] spi_master spi0: Failed to power device: -22
[   10.361125] Buffer I/O error on dev mtdblock1, logical block 10112, async page read
[   10.361132] spi_master spi0: Failed to power device: -22
[   10.361137] Buffer I/O error on dev mtdblock1, logical block 10113, async page read
[   10.361144] spi_master spi0: Failed to power device: -22
[   10.361152] spi_master spi0: Failed to power device: -22
[   10.361159] spi_master spi0: Failed to power device: -22
[   10.361166] spi_master spi0: Failed to power device: -22
[   10.361174] spi_master spi0: Failed to power device: -22
[   10.361181] spi_master spi0: Failed to power device: -22
[   10.361440] spi_master spi0: Failed to power device: -22
[   10.361484] spi_master spi0: Failed to power device: -22
[   10.361493] spi_master spi0: Failed to power device: -22
[   10.361501] spi_master spi0: Failed to power device: -22
[   10.361508] spi_master spi0: Failed to power device: -22
[   10.361516] spi_master spi0: Failed to power device: -22
[   10.361523] spi_master spi0: Failed to power device: -22
[   10.361530] spi_master spi0: Failed to power device: -22
[   10.361537] spi_master spi0: Failed to power device: -22
[   10.361807] spi_master spi0: Failed to power device: -22
[   10.361851] spi_master spi0: Failed to power device: -22
[   10.361860] spi_master spi0: Failed to power device: -22
[   10.361868] spi_master spi0: Failed to power device: -22
[   10.361875] spi_master spi0: Failed to power device: -22
[   10.361883] spi_master spi0: Failed to power device: -22
[   10.361890] spi_master spi0: Failed to power device: -22
[   10.361897] spi_master spi0: Failed to power device: -22
[   10.361904] spi_master spi0: Failed to power device: -22
[   10.495090] EXT4-fs (mmcblk0p2): re-mounted. Opts: (null)
[   10.628485] systemd-journald[155]: Received request to flush runtime journal from PID 1
[   16.512312] macb ff0e0000.ethernet eth0: PHY [ff0e0000.ethernet-ffffffff:0c] driver [TI DP83867] (irq=POLL)
[   16.512325] macb ff0e0000.ethernet eth0: configuring for phy/rgmii-id link mode
[   16.823980] Adding 102396k swap on /var/swap.  Priority:-2 extents:4 across:9953604k SS
[   18.635729] random: crng init done
[   18.635740] random: 7 urandom warning(s) missed due to ratelimiting
[   19.530917] broken atomic modeset userspace detected, disabling atomic
[   19.585335] macb ff0e0000.ethernet eth0: Link is Up - 1Gbps/Full - flow control off
[   19.585360] IPv6: ADDRCONF(NETDEV_CHANGE): eth0: link becomes ready
[   22.202659] broken atomic modeset userspace detected, disabling atomic
[   25.319064] broken atomic modeset userspace detected, disabling atomic