[    0.000000] Booting Linux on physical CPU 0x0000000000 [0x410fd034]
[    0.000000] Linux version 5.10.0-98103-g2aa7ac113716 (jenkins@romlxbuild1.adlk.analog.com) (aarch64-xilinx-linux-gcc.real (GCC) 10.2.0, GNU ld (GNU Binutils) 2.35.0.20200730) #5577 SMP Wed Mar 23 07:28:49 GMT 2022
[    0.000000] Machine model: ZynqMP ZCU102 Rev1.0
[    0.000000] earlycon: cdns0 at MMIO 0x00000000ff000000 (options '115200n8')
[    0.000000] printk: bootconsole [cdns0] enabled
[    0.000000] efi: UEFI not found.
[    0.000000] cma: Reserved 256 MiB at 0x0000000070000000
[    0.000000] Zone ranges:
[    0.000000]   DMA      [mem 0x0000000000000000-0x000000003fffffff]
[    0.000000]   DMA32    [mem 0x0000000040000000-0x00000000ffffffff]
[    0.000000]   Normal   [mem 0x0000000100000000-0x000000087fffffff]
[    0.000000] Movable zone start for each node
[    0.000000] Early memory node ranges
[    0.000000]   node   0: [mem 0x0000000000000000-0x000000007fffffff]
[    0.000000]   node   0: [mem 0x0000000800000000-0x000000087fffffff]
[    0.000000] Initmem setup node 0 [mem 0x0000000000000000-0x000000087fffffff]
[    0.000000] On node 0 totalpages: 1048576
[    0.000000]   DMA zone: 3584 pages used for memmap
[    0.000000]   DMA zone: 0 pages reserved
[    0.000000]   DMA zone: 262144 pages, LIFO batch:63
[    0.000000]   DMA32 zone: 3584 pages used for memmap
[    0.000000]   DMA32 zone: 262144 pages, LIFO batch:63
[    0.000000]   Normal zone: 7168 pages used for memmap
[    0.000000]   Normal zone: 524288 pages, LIFO batch:63
[    0.000000] psci: probing for conduit method from DT.
[    0.000000] psci: PSCIv1.1 detected in firmware.
[    0.000000] psci: Using standard PSCI v0.2 function IDs
[    0.000000] psci: MIGRATE_INFO_TYPE not supported.
[    0.000000] psci: SMC Calling Convention v1.2
[    0.000000] percpu: Embedded 22 pages/cpu s49496 r8192 d32424 u90112
[    0.000000] pcpu-alloc: s49496 r8192 d32424 u90112 alloc=22*4096
[    0.000000] pcpu-alloc: [0] 0 [0] 1 [0] 2 [0] 3 
[    0.000000] Detected VIPT I-cache on CPU0
[    0.000000] CPU features: detected: ARM erratum 845719
[    0.000000] Built 1 zonelists, mobility grouping on.  Total pages: 1034240
[    0.000000] Kernel command line: console=ttyPS0,115200 root=/dev/mmcblk0p2 rw earlycon rootfstype=ext4 rootwait clk_ignore_unused cpuidle.off=1 root=/dev/mmcblk0p2 rw rootwait
[    0.000000] Dentry cache hash table entries: 524288 (order: 10, 4194304 bytes, linear)
[    0.000000] Inode-cache hash table entries: 262144 (order: 9, 2097152 bytes, linear)
[    0.000000] mem auto-init: stack:off, heap alloc:off, heap free:off
[    0.000000] software IO TLB: mapped [mem 0x000000003bfff000-0x000000003ffff000] (64MB)
[    0.000000] Memory: 3761904K/4194304K available (15296K kernel code, 1636K rwdata, 11876K rodata, 2560K init, 507K bss, 170256K reserved, 262144K cma-reserved)
[    0.000000] rcu: Hierarchical RCU implementation.
[    0.000000] rcu: 	RCU event tracing is enabled.
[    0.000000] rcu: 	RCU restricting CPUs from NR_CPUS=8 to nr_cpu_ids=4.
[    0.000000] rcu: RCU calculated value of scheduler-enlistment delay is 25 jiffies.
[    0.000000] rcu: Adjusting geometry for rcu_fanout_leaf=16, nr_cpu_ids=4
[    0.000000] NR_IRQS: 64, nr_irqs: 64, preallocated irqs: 0
[    0.000000] GIC: Adjusting CPU interface base to 0x00000000f902f000
[    0.000000] GIC: Using split EOI/Deactivate mode
[    0.000000] random: get_random_bytes called from start_kernel+0x31c/0x54c with crng_init=0
[    0.000000] arch_timer: cp15 timer(s) running at 100.00MHz (phys).
[    0.000000] clocksource: arch_sys_counter: mask: 0xffffffffffffff max_cycles: 0x171024e7e0, max_idle_ns: 440795205315 ns
[    0.000004] sched_clock: 56 bits at 100MHz, resolution 10ns, wraps every 4398046511100ns
[    0.008462] Console: colour dummy device 80x25
[    0.012482] Calibrating delay loop (skipped), value calculated using timer frequency.. 200.00 BogoMIPS (lpj=400000)
[    0.022840] pid_max: default: 32768 minimum: 301
[    0.027550] Mount-cache hash table entries: 8192 (order: 4, 65536 bytes, linear)
[    0.034788] Mountpoint-cache hash table entries: 8192 (order: 4, 65536 bytes, linear)
[    0.043396] rcu: Hierarchical SRCU implementation.
[    0.047560] EFI services will not be available.
[    0.051938] smp: Bringing up secondary CPUs ...
[    0.056658] Detected VIPT I-cache on CPU1
[    0.056698] CPU1: Booted secondary processor 0x0000000001 [0x410fd034]
[    0.057063] Detected VIPT I-cache on CPU2
[    0.057087] CPU2: Booted secondary processor 0x0000000002 [0x410fd034]
[    0.057428] Detected VIPT I-cache on CPU3
[    0.057451] CPU3: Booted secondary processor 0x0000000003 [0x410fd034]
[    0.057497] smp: Brought up 1 node, 4 CPUs
[    0.091780] SMP: Total of 4 processors activated.
[    0.096452] CPU features: detected: 32-bit EL0 Support
[    0.101556] CPU features: detected: CRC32 instructions
[    0.106695] CPU: All CPU(s) started at EL2
[    0.110736] alternatives: patching kernel code
[    0.116170] devtmpfs: initialized
[    0.124057] Registered cp15_barrier emulation handler
[    0.124107] Registered setend emulation handler
[    0.128083] clocksource: jiffies: mask: 0xffffffff max_cycles: 0xffffffff, max_idle_ns: 7645041785100000 ns
[    0.137662] futex hash table entries: 1024 (order: 4, 65536 bytes, linear)
[    0.151015] pinctrl core: initialized pinctrl subsystem
[    0.151660] NET: Registered protocol family 16
[    0.156084] DMA: preallocated 512 KiB GFP_KERNEL pool for atomic allocations
[    0.162098] DMA: preallocated 512 KiB GFP_KERNEL|GFP_DMA pool for atomic allocations
[    0.169826] DMA: preallocated 512 KiB GFP_KERNEL|GFP_DMA32 pool for atomic allocations
[    0.177628] audit: initializing netlink subsys (disabled)
[    0.183078] audit: type=2000 audit(0.116:1): state=initialized audit_enabled=0 res=1
[    0.183422] hw-breakpoint: found 6 breakpoint and 4 watchpoint registers.
[    0.197454] ASID allocator initialised with 65536 entries
[    0.224302] HugeTLB registered 1.00 GiB page size, pre-allocated 0 pages
[    0.225360] HugeTLB registered 32.0 MiB page size, pre-allocated 0 pages
[    0.232030] HugeTLB registered 2.00 MiB page size, pre-allocated 0 pages
[    0.238690] HugeTLB registered 64.0 KiB page size, pre-allocated 0 pages
[    1.304336] DRBG: Continuing without Jitter RNG
[    1.382084] raid6: neonx8   gen()  2144 MB/s
[    1.450128] raid6: neonx8   xor()  1600 MB/s
[    1.518192] raid6: neonx4   gen()  2200 MB/s
[    1.586235] raid6: neonx4   xor()  1568 MB/s
[    1.654306] raid6: neonx2   gen()  2076 MB/s
[    1.722353] raid6: neonx2   xor()  1440 MB/s
[    1.790415] raid6: neonx1   gen()  1772 MB/s
[    1.858464] raid6: neonx1   xor()  1220 MB/s
[    1.926521] raid6: int64x8  gen()  1438 MB/s
[    1.994577] raid6: int64x8  xor()   771 MB/s
[    2.062650] raid6: int64x4  gen()  1598 MB/s
[    2.130694] raid6: int64x4  xor()   818 MB/s
[    2.198778] raid6: int64x2  gen()  1397 MB/s
[    2.266827] raid6: int64x2  xor()   749 MB/s
[    2.334900] raid6: int64x1  gen()  1033 MB/s
[    2.402953] raid6: int64x1  xor()   517 MB/s
[    2.402991] raid6: using algorithm neonx4 gen() 2200 MB/s
[    2.406944] raid6: .... xor() 1568 MB/s, rmw enabled
[    2.411874] raid6: using neon recovery algorithm
[    2.416887] iommu: Default domain type: Translated 
[    2.421500] SCSI subsystem initialized
[    2.425043] libata version 3.00 loaded.
[    2.425167] usbcore: registered new interface driver usbfs
[    2.430500] usbcore: registered new interface driver hub
[    2.435773] usbcore: registered new device driver usb
[    2.440908] mc: Linux media interface: v0.10
[    2.445021] videodev: Linux video capture interface: v2.00
[    2.450513] EDAC MC: Ver: 3.0.0
[    2.453955] zynqmp-ipi-mbox mailbox@ff990400: Registered ZynqMP IPI mbox with TX/RX channels.
[    2.462448] jesd204: created con: id=0, topo=0, link=0, /axi/spi@ff050000/hmc7044@0 <-> /fpga-axi@0/axi-adxcvr-tx@84b60000
[    2.473043] jesd204: created con: id=1, topo=0, link=2, /axi/spi@ff050000/hmc7044@0 <-> /fpga-axi@0/axi-adxcvr-rx@84a60000
[    2.484027] jesd204: created con: id=2, topo=0, link=0, /fpga-axi@0/axi-adxcvr-tx@84b60000 <-> /fpga-axi@0/axi-jesd204-tx@84b90000
[    2.495702] jesd204: created con: id=3, topo=0, link=2, /fpga-axi@0/axi-adxcvr-rx@84a60000 <-> /fpga-axi@0/axi-jesd204-rx@84a90000
[    2.507380] jesd204: created con: id=4, topo=0, link=0, /fpga-axi@0/axi-jesd204-tx@84b90000 <-> /fpga-axi@0/axi-ad9081-tx-hpc@84b10000
[    2.519408] jesd204: created con: id=5, topo=0, link=2, /fpga-axi@0/axi-jesd204-rx@84a90000 <-> /fpga-axi@0/axi-ad9081-rx-hpc@84a10000
[    2.531430] jesd204: created con: id=6, topo=0, link=2, /fpga-axi@0/axi-ad9081-rx-hpc@84a10000 <-> /axi/spi@ff040000/ad9081@0
[    2.542671] jesd204: created con: id=7, topo=0, link=0, /fpga-axi@0/axi-ad9081-tx-hpc@84b10000 <-> /axi/spi@ff040000/ad9081@0
[    2.553922] jesd204: /axi/spi@ff040000/ad9081@0: JESD204[2] transition uninitialized -> initialized
[    2.562908] jesd204: /axi/spi@ff040000/ad9081@0: JESD204[0] transition uninitialized -> initialized
[    2.571900] jesd204: found 8 devices and 1 topologies
[    2.576943] FPGA manager framework
[    2.580422] Advanced Linux Sound Architecture Driver Initialized.
[    2.586715] Bluetooth: Core ver 2.22
[    2.589902] NET: Registered protocol family 31
[    2.594304] Bluetooth: HCI device and connection manager initialized
[    2.600620] Bluetooth: HCI socket layer initialized
[    2.605462] Bluetooth: L2CAP socket layer initialized
[    2.610486] Bluetooth: SCO socket layer initialized
[    2.615674] clocksource: Switched to clocksource arch_sys_counter
[    2.621477] VFS: Disk quotas dquot_6.6.0
[    2.625313] VFS: Dquot-cache hash table entries: 512 (order 0, 4096 bytes)
[    2.636028] NET: Registered protocol family 2
[    2.636760] tcp_listen_portaddr_hash hash table entries: 2048 (order: 3, 32768 bytes, linear)
[    2.644953] TCP established hash table entries: 32768 (order: 6, 262144 bytes, linear)
[    2.652979] TCP bind hash table entries: 32768 (order: 7, 524288 bytes, linear)
[    2.660424] TCP: Hash tables configured (established 32768 bind 32768)
[    2.666600] UDP hash table entries: 2048 (order: 4, 65536 bytes, linear)
[    2.673266] UDP-Lite hash table entries: 2048 (order: 4, 65536 bytes, linear)
[    2.680427] NET: Registered protocol family 1
[    2.684882] RPC: Registered named UNIX socket transport module.
[    2.690501] RPC: Registered udp transport module.
[    2.695168] RPC: Registered tcp transport module.
[    2.699835] RPC: Registered tcp NFSv4.1 backchannel transport module.
[    2.706826] PCI: CLS 0 bytes, default 64
[    2.710532] hw perfevents: no interrupt-affinity property for /pmu, guessing.
[    2.717386] hw perfevents: enabled with armv8_pmuv3 PMU driver, 7 counters available
[    2.725741] Initialise system trusted keyrings
[    2.729414] workingset: timestamp_bits=62 max_order=20 bucket_order=0
[    2.736318] NFS: Registering the id_resolver key type
[    2.740765] Key type id_resolver registered
[    2.744903] Key type id_legacy registered
[    2.748893] nfs4filelayout_init: NFSv4 File Layout Driver Registering...
[    2.755559] jffs2: version 2.2. (NAND) (SUMMARY)  Â© 2001-2006 Red Hat, Inc.
[    2.798765] NET: Registered protocol family 38
[    2.798808] xor: measuring software checksum speed
[    2.806496]    8regs           :  2363 MB/sec
[    2.810164]    32regs          :  2799 MB/sec
[    2.815107]    arm64_neon      :  2380 MB/sec
[    2.815297] xor: using function: 32regs (2799 MB/sec)
[    2.820324] Key type asymmetric registered
[    2.824384] Asymmetric key parser 'x509' registered
[    2.829246] Block layer SCSI generic (bsg) driver version 0.4 loaded (major 248)
[    2.836582] io scheduler mq-deadline registered
[    2.841079] io scheduler kyber registered
[    2.870478] Serial: 8250/16550 driver, 4 ports, IRQ sharing disabled
[    2.875114] cacheinfo: Unable to detect cache hierarchy for CPU 0
[    2.881466] brd: module loaded
[    2.885612] loop: module loaded
[    2.886157] Registered mathworks_ip class
[    2.889483] libphy: Fixed MDIO Bus: probed
[    2.892479] tun: Universal TUN/TAP device driver, 1.6
[    2.896526] CAN device driver interface
[    2.901063] usbcore: registered new interface driver asix
[    2.905658] usbcore: registered new interface driver ax88179_178a
[    2.911692] usbcore: registered new interface driver cdc_ether
[    2.917486] usbcore: registered new interface driver net1080
[    2.923111] usbcore: registered new interface driver cdc_subset
[    2.928992] usbcore: registered new interface driver zaurus
[    2.934535] usbcore: registered new interface driver cdc_ncm
[    2.940939] ehci_hcd: USB 2.0 'Enhanced' Host Controller (EHCI) Driver
[    2.946621] ehci-pci: EHCI PCI platform driver
[    2.951419] usbcore: registered new interface driver uas
[    2.956336] usbcore: registered new interface driver usb-storage
[    2.962325] usbcore: registered new interface driver usbserial_generic
[    2.968775] usbserial: USB Serial support registered for generic
[    2.974748] usbcore: registered new interface driver ftdi_sio
[    2.980451] usbserial: USB Serial support registered for FTDI USB Serial Device
[    2.987728] usbcore: registered new interface driver upd78f0730
[    2.993599] usbserial: USB Serial support registered for upd78f0730
[    3.001249] rtc_zynqmp ffa60000.rtc: registered as rtc0
[    3.005024] rtc_zynqmp ffa60000.rtc: setting system clock to 2022-04-12T20:46:37 UTC (1649796397)
[    3.013887] i2c /dev entries driver
[    3.019201] usbcore: registered new interface driver uvcvideo
[    3.023000] USB Video Class driver (1.1.1)
[    3.028582] Bluetooth: HCI UART driver ver 2.3
[    3.031471] Bluetooth: HCI UART protocol H4 registered
[    3.036581] Bluetooth: HCI UART protocol BCSP registered
[    3.041869] Bluetooth: HCI UART protocol LL registered
[    3.046958] Bluetooth: HCI UART protocol ATH3K registered
[    3.052332] Bluetooth: HCI UART protocol Three-wire (H5) registered
[    3.058588] Bluetooth: HCI UART protocol Intel registered
[    3.063925] Bluetooth: HCI UART protocol QCA registered
[    3.069127] usbcore: registered new interface driver bcm203x
[    3.074748] usbcore: registered new interface driver bpa10x
[    3.080283] usbcore: registered new interface driver bfusb
[    3.085733] usbcore: registered new interface driver btusb
[    3.091196] usbcore: registered new interface driver ath3k
[    3.096680] EDAC MC: ECC not enabled
[    3.100305] EDAC DEVICE0: Giving out device to module zynqmp-ocm-edac controller zynqmp_ocm: DEV ff960000.memory-controller (INTERRUPT)
[    3.112620] sdhci: Secure Digital Host Controller Interface driver
[    3.118408] sdhci: Copyright(c) Pierre Ossman
[    3.122732] sdhci-pltfm: SDHCI platform and OF driver helper
[    3.128781] ledtrig-cpu: registered to indicate activity on CPUs
[    3.134337] SMCCC: SOC_ID: ARCH_SOC_ID not implemented, skipping ....
[    3.140764] zynqmp_firmware_probe Platform Management API v1.1
[    3.146523] zynqmp_firmware_probe Trustzone version v1.0
[    3.186057] zynqmp-pinctrl firmware:zynqmp-firmware:pinctrl: zynqmp pinctrl initialized
[    3.234049] zynqmp-aes firmware:zynqmp-firmware:zynqmp-aes: will run requests pump with realtime priority
[    3.249874] alg: No test for xilinx-keccak-384 (zynqmp-keccak-384)
[    3.250585] alg: No test for xilinx-zynqmp-rsa (zynqmp-rsa)
[    3.256099] usbcore: registered new interface driver usbhid
[    3.261489] usbhid: USB HID core driver
[    3.272733] axi_sysid 85000000.axi-sysid-0: AXI System ID core version (1.01.a) found
[    3.275079] axi_sysid 85000000.axi-sysid-0: [ad9081_fmca_ebz] on [zcu102] git branch <master> git <084d44c9780640ca93fd847b1d9ec70dd65f5c67> clean [2022-03-18 04:17:50] UTC
[    3.290764] fpga_manager fpga0: Xilinx ZynqMP FPGA Manager registered
[    3.297123] usbcore: registered new interface driver snd-usb-audio
[    3.304572] pktgen: Packet Generator for packet performance testing. Version: 2.75
[    3.310757] Initializing XFRM netlink socket
[    3.314613] NET: Registered protocol family 10
[    3.319327] Segment Routing with IPv6
[    3.322710] sit: IPv6, IPv4 and MPLS over IPv4 tunneling driver
[    3.328778] NET: Registered protocol family 17
[    3.332883] NET: Registered protocol family 15
[    3.337376] can: controller area network core
[    3.341633] NET: Registered protocol family 29
[    3.346021] can: raw protocol
[    3.348956] can: broadcast manager protocol
[    3.353111] can: netlink gateway - max_hops=1
[    3.357505] Bluetooth: RFCOMM TTY layer initialized
[    3.362285] Bluetooth: RFCOMM socket layer initialized
[    3.367396] Bluetooth: RFCOMM ver 1.11
[    3.371104] Bluetooth: BNEP (Ethernet Emulation) ver 1.3
[    3.376375] Bluetooth: BNEP filters: protocol multicast
[    3.381569] Bluetooth: BNEP socket layer initialized
[    3.386496] Bluetooth: HIDP (Human Interface Emulation) ver 1.2
[    3.392380] Bluetooth: HIDP socket layer initialized
[    3.397433] 9pnet: Installing 9P2000 support
[    3.401557] NET: Registered protocol family 36
[    3.405976] Key type dns_resolver registered
[    3.410404] registered taskstats version 1
[    3.414270] Loading compiled-in X.509 certificates
[    3.419386] Btrfs loaded, crc32c=crc32c-generic
[    3.431806] ff000000.serial: ttyPS0 at MMIO 0xff000000 (irq = 49, base_baud = 6249999) is a xuartps
[    3.440830] printk: console [ttyPS0] enabled
[    3.445125] printk: bootconsole [cdns0] disabled
[    3.454759] ff010000.serial: ttyPS1 at MMIO 0xff010000 (irq = 50, base_baud = 6249999) is a xuartps
[    3.467997] of-fpga-region fpga-full: FPGA Region probed
[    3.474941] nwl-pcie fd0e0000.pcie: host bridge /axi/pcie@fd0e0000 ranges:
[    3.481837] nwl-pcie fd0e0000.pcie:      MEM 0x00e0000000..0x00efffffff -> 0x00e0000000
[    3.489846] nwl-pcie fd0e0000.pcie:      MEM 0x0600000000..0x07ffffffff -> 0x0600000000
[    3.497910] nwl-pcie fd0e0000.pcie: Link is DOWN
[    3.502666] nwl-pcie fd0e0000.pcie: PCI host bridge to bus 0000:00
[    3.508845] pci_bus 0000:00: root bus resource [bus 00-ff]
[    3.514326] pci_bus 0000:00: root bus resource [mem 0xe0000000-0xefffffff]
[    3.521197] pci_bus 0000:00: root bus resource [mem 0x600000000-0x7ffffffff pref]
[    3.528700] pci 0000:00:00.0: [10ee:d021] type 01 class 0x060400
[    3.534756] pci 0000:00:00.0: PME# supported from D0 D1 D2 D3hot
[    3.545197] pci 0000:00:00.0: PCI bridge to [bus 01-0c]
[    3.551173] xilinx-zynqmp-dma fd500000.dma: ZynqMP DMA driver Probe success
[    3.558344] xilinx-zynqmp-dma fd510000.dma: ZynqMP DMA driver Probe success
[    3.565522] xilinx-zynqmp-dma fd520000.dma: ZynqMP DMA driver Probe success
[    3.572690] xilinx-zynqmp-dma fd530000.dma: ZynqMP DMA driver Probe success
[    3.579860] xilinx-zynqmp-dma fd540000.dma: ZynqMP DMA driver Probe success
[    3.587025] xilinx-zynqmp-dma fd550000.dma: ZynqMP DMA driver Probe success
[    3.594197] xilinx-zynqmp-dma fd560000.dma: ZynqMP DMA driver Probe success
[    3.601364] xilinx-zynqmp-dma fd570000.dma: ZynqMP DMA driver Probe success
[    3.608765] xilinx-zynqmp-dpdma fd4c0000.dma-controller: Xilinx DPDMA engine is probed
[    3.617311] ahci-ceva fd0c0000.ahci: supply ahci not found, using dummy regulator
[    3.624852] ahci-ceva fd0c0000.ahci: supply phy not found, using dummy regulator
[    3.715845] hmc7044 spi2.0: PLL1: Acquisition, CLKIN0 @ 122880000 Hz, PFD: 80 kHz - PLL2: Locked @ 2990.000000 MHz
[    3.726561] jesd204: /axi/spi@ff050000/hmc7044@0,jesd204:1,parent=spi2.0: Using as SYSREF provider
[    3.736143] spi-nor spi0.0: SPI-NOR-UniqueID 100000235394732200270025081115266e
[    3.743448] spi-nor spi0.0: found n25q512a, expected m25p80
[    3.749643] spi-nor spi0.0: trying to lock already unlocked area
[    3.755649] spi-nor spi0.0: n25q512a (131072 Kbytes)
[    3.760628] 4 fixed-partitions partitions found on MTD device spi0.0
[    3.766973] Creating 4 MTD partitions on "spi0.0":
[    3.771759] 0x000000000000-0x000000100000 : "qspi-fsbl-uboot"
[    3.778242] 0x000000100000-0x000000600000 : "qspi-linux"
[    3.784199] 0x000000600000-0x000000620000 : "qspi-device-tree"
[    3.790677] 0x000000620000-0x000000c00000 : "qspi-rootfs"
[    3.799144] macb ff0e0000.ethernet: Not enabling partial store and forward
[    3.806660] libphy: MACB_mii_bus: probed
[    3.811743] macb ff0e0000.ethernet eth0: Cadence GEM rev 0x50070106 at 0xff0e0000 irq 30 (00:0a:35:04:8e:1b)
[    3.821952] xilinx-axipmon ffa00000.perf-monitor: Probed Xilinx APM
[    3.828524] xilinx-axipmon fd0b0000.perf-monitor: Probed Xilinx APM
[    3.835039] xilinx-axipmon fd490000.perf-monitor: Probed Xilinx APM
[    3.841580] xilinx-axipmon ffa10000.perf-monitor: Probed Xilinx APM
[    3.851571] pca953x 0-0020: supply vcc not found, using dummy regulator
[    3.858256] pca953x 0-0020: using no AI
[    3.862747] gpio-496 (sel0): hogged as output/low
[    3.867645] gpio-497 (sel1): hogged as output/high
[    3.872632] gpio-498 (sel2): hogged as output/high
[    3.877620] gpio-499 (sel3): hogged as output/high
[    3.882790] pca953x 0-0021: supply vcc not found, using dummy regulator
[    3.889458] pca953x 0-0021: using no AI
[    3.895218] ina2xx 2-0040: power monitor ina226 (Rshunt = 5000 uOhm)
[    3.902248] ina2xx 2-0041: power monitor ina226 (Rshunt = 5000 uOhm)
[    3.909282] ina2xx 2-0042: power monitor ina226 (Rshunt = 5000 uOhm)
[    3.916316] ina2xx 2-0043: power monitor ina226 (Rshunt = 5000 uOhm)
[    3.923346] ina2xx 2-0044: power monitor ina226 (Rshunt = 5000 uOhm)
[    3.930367] ina2xx 2-0045: power monitor ina226 (Rshunt = 5000 uOhm)
[    3.937397] ina2xx 2-0046: power monitor ina226 (Rshunt = 5000 uOhm)
[    3.944472] ina2xx 2-0047: power monitor ina226 (Rshunt = 5000 uOhm)
[    3.951498] ina2xx 2-004a: power monitor ina226 (Rshunt = 5000 uOhm)
[    3.958538] ina2xx 2-004b: power monitor ina226 (Rshunt = 5000 uOhm)
[    3.964951] i2c i2c-0: Added multiplexed i2c bus 2
[    3.970342] random: fast init done
[    3.973815] ina2xx 3-0040: power monitor ina226 (Rshunt = 2000 uOhm)
[    3.980841] ina2xx 3-0041: power monitor ina226 (Rshunt = 5000 uOhm)
[    3.987868] ina2xx 3-0042: power monitor ina226 (Rshunt = 5000 uOhm)
[    3.994901] ina2xx 3-0043: power monitor ina226 (Rshunt = 5000 uOhm)
[    4.001925] ina2xx 3-0044: power monitor ina226 (Rshunt = 5000 uOhm)
[    4.008953] ina2xx 3-0045: power monitor ina226 (Rshunt = 5000 uOhm)
[    4.015984] ina2xx 3-0046: power monitor ina226 (Rshunt = 5000 uOhm)
[    4.023016] ina2xx 3-0047: power monitor ina226 (Rshunt = 5000 uOhm)
[    4.029416] i2c i2c-0: Added multiplexed i2c bus 3
[    4.085242] i2c i2c-0: Added multiplexed i2c bus 4
[    4.090181] i2c i2c-0: Added multiplexed i2c bus 5
[    4.094971] pca954x 0-0075: registered 4 multiplexed busses for I2C mux pca9544
[    4.102321] cdns-i2c ff020000.i2c: 400 kHz mmio ff020000 irq 32
[    4.110052] at24 6-0054: supply vcc not found, using dummy regulator
[    4.116949] at24 6-0054: 1024 byte 24c08 EEPROM, writable, 1 bytes/write
[    4.123706] i2c i2c-1: Added multiplexed i2c bus 6
[    4.130132] si5341 7-0036: Chip: 5341 Grade: 1 Rev: 1
[    4.167813] i2c i2c-1: Added multiplexed i2c bus 7
[    4.175466] si570 8-005d: registered, current frequency 300000000 Hz
[    4.181863] i2c i2c-1: Added multiplexed i2c bus 8
[    4.201641] si570 9-005d: registered, current frequency 148500000 Hz
[    4.208043] i2c i2c-1: Added multiplexed i2c bus 9
[    4.213082] si5324 10-0069: si5328 probed
[    4.280031] si5324 10-0069: si5328 probe successful
[    4.284958] i2c i2c-1: Added multiplexed i2c bus 10
[    4.289986] i2c i2c-1: Added multiplexed i2c bus 11
[    4.295009] i2c i2c-1: Added multiplexed i2c bus 12
[    4.300033] i2c i2c-1: Added multiplexed i2c bus 13
[    4.304914] pca954x 1-0074: registered 8 multiplexed busses for I2C switch pca9548
[    4.313023] at24 14-0050: supply vcc not found, using dummy regulator
[    4.319811] at24 14-0050: 256 byte 24c02 EEPROM, writable, 1 bytes/write
[    4.326558] i2c i2c-1: Added multiplexed i2c bus 14
[    4.331598] i2c i2c-1: Added multiplexed i2c bus 15
[    4.336630] i2c i2c-1: Added multiplexed i2c bus 16
[    4.341667] i2c i2c-1: Added multiplexed i2c bus 17
[    4.346698] i2c i2c-1: Added multiplexed i2c bus 18
[    4.351745] i2c i2c-1: Added multiplexed i2c bus 19
[    4.356785] i2c i2c-1: Added multiplexed i2c bus 20
[    4.361823] i2c i2c-1: Added multiplexed i2c bus 21
[    4.366697] pca954x 1-0075: registered 8 multiplexed busses for I2C switch pca9548
[    4.374307] cdns-i2c ff030000.i2c: 400 kHz mmio ff030000 irq 33
[    4.384048] cdns-wdt fd4d0000.watchdog: Xilinx Watchdog Timer with timeout 60s
[    4.393104] axi_adxcvr 84a60000.axi-adxcvr-rx: adxcvr_enforce_settings: Using QPLL without access, assuming desired Lane rate will be configured by a different instance
[    4.409739] axi_adxcvr 84a60000.axi-adxcvr-rx: AXI-ADXCVR-RX (17.05.a) using QPLL on GTH4 at 0x84A60000. Number of lanes: 4.
[    4.421903] axi_adxcvr 84b60000.axi-adxcvr-tx: AXI-ADXCVR-TX (17.05.a) using QPLL on GTH4 at 0x84B60000. Number of lanes: 4.
[    4.425857] mmc0: SDHCI controller on ff170000.mmc [ff170000.mmc] using ADMA 64-bit
[    4.441054] axi-jesd204-rx 84a90000.axi-jesd204-rx: AXI-JESD204-RX (1.07.a) at 0x84A90000. Encoder 8b10b, width 4/4, lanes 4, jesd204-fsm.
[    4.453890] axi-jesd204-tx 84b90000.axi-jesd204-tx: AXI-JESD204-TX (1.06.a) at 0x84B90000. Encoder 8b10b, width 4/4, lanes 4, jesd204-fsm.
[    4.467394] zynqmp-display fd4a0000.display: vtc bridge property not present
[    4.473439] mmc0: new high speed SDHC card at address 0001
[    4.477048] xilinx-dp-snd-codec fd4a0000.display:zynqmp_dp_snd_codec0: Failed to get required clock freq
[    4.480280] mmcblk0: mmc0:0001 EB1QT 29.8 GiB 
[    4.489409] xilinx-dp-snd-codec: probe of fd4a0000.display:zynqmp_dp_snd_codec0 failed with error -22
[    4.495056]  mmcblk0: p1 p2 p3
[    4.503396] xilinx-dp-snd-pcm zynqmp_dp_snd_pcm0: Xilinx DisplayPort Sound PCM probed
[    4.514258] xilinx-dp-snd-pcm zynqmp_dp_snd_pcm1: Xilinx DisplayPort Sound PCM probed
[    4.522471] OF: graph: no port node found in /axi/display@fd4a0000
[    4.528880] xlnx-drm xlnx-drm.0: bound fd4a0000.display (ops 0xffffffc010fcbdb8)
[    5.615690] zynqmp-display fd4a0000.display: [drm] Cannot find any crtc or sizes
[    5.623308] [drm] Initialized xlnx 1.0.0 20130509 for fd4a0000.display on minor 0
[    5.630802] zynqmp-display fd4a0000.display: ZynqMP DisplayPort Subsystem driver probed
[    5.639114] ahci-ceva fd0c0000.ahci: supply ahci not found, using dummy regulator
[    5.646660] ahci-ceva fd0c0000.ahci: supply phy not found, using dummy regulator
[    5.654115] ahci-ceva fd0c0000.ahci: supply target not found, using dummy regulator
[    5.661953] ahci-ceva fd0c0000.ahci: AHCI 0001.0301 32 slots 2 ports 6 Gbps 0x3 impl platform mode
[    5.670910] ahci-ceva fd0c0000.ahci: flags: 64bit ncq sntf pm clo only pmp fbs pio slum part ccc sds apst 
[    5.681601] scsi host0: ahci-ceva
[    5.685197] scsi host1: ahci-ceva
[    5.688631] ata1: SATA max UDMA/133 mmio [mem 0xfd0c0000-0xfd0c1fff] port 0x100 irq 45
[    5.696544] ata2: SATA max UDMA/133 mmio [mem 0xfd0c0000-0xfd0c1fff] port 0x180 irq 45
[    5.705145] ad9081 spi1.0: supply vdd not found, using dummy regulator
[    6.017923] ata1: SATA link down (SStatus 0 SControl 330)
[    6.023334] ata2: SATA link down (SStatus 0 SControl 330)
[    6.699692] zynqmp-display fd4a0000.display: [drm] Cannot find any crtc or sizes
[    6.861143] ad9081 spi1.0: Invalid param passed., "ref_clk_hz < 100000000ULL" in adi_ad9081_device_clk_config_set(...), line554 in drivers/iio/adc/ad9081/adi_ad9081_device.c
[    7.545114] ad9081 spi1.0: AD9081 Rev. 2 Grade 10 (API 1.2.2) probed
[    7.552322] xhci-hcd xhci-hcd.1.auto: xHCI Host Controller
[    7.557812] xhci-hcd xhci-hcd.1.auto: new USB bus registered, assigned bus number 1
[    7.565560] xhci-hcd xhci-hcd.1.auto: hcc params 0x0238f625 hci version 0x100 quirks 0x0000000002010810
[    7.574972] xhci-hcd xhci-hcd.1.auto: irq 59, io mem 0xfe200000
[    7.581079] usb usb1: New USB device found, idVendor=1d6b, idProduct=0002, bcdDevice= 5.10
[    7.589341] usb usb1: New USB device strings: Mfr=3, Product=2, SerialNumber=1
[    7.596557] usb usb1: Product: xHCI Host Controller
[    7.601426] usb usb1: Manufacturer: Linux 5.10.0-98103-g2aa7ac113716 xhci-hcd
[    7.608556] usb usb1: SerialNumber: xhci-hcd.1.auto
[    7.613725] hub 1-0:1.0: USB hub found
[    7.617486] hub 1-0:1.0: 1 port detected
[    7.621593] xhci-hcd xhci-hcd.1.auto: xHCI Host Controller
[    7.627082] xhci-hcd xhci-hcd.1.auto: new USB bus registered, assigned bus number 2
[    7.634736] xhci-hcd xhci-hcd.1.auto: Host supports USB 3.0 SuperSpeed
[    7.641357] usb usb2: New USB device found, idVendor=1d6b, idProduct=0003, bcdDevice= 5.10
[    7.649620] usb usb2: New USB device strings: Mfr=3, Product=2, SerialNumber=1
[    7.656839] usb usb2: Product: xHCI Host Controller
[    7.661707] usb usb2: Manufacturer: Linux 5.10.0-98103-g2aa7ac113716 xhci-hcd
[    7.668833] usb usb2: SerialNumber: xhci-hcd.1.auto
[    7.673941] hub 2-0:1.0: USB hub found
[    7.677704] hub 2-0:1.0: 1 port detected
[    7.707800] cf_axi_adc 84a10000.axi-ad9081-rx-hpc: ADI AIM (10.01.b) at 0x84A10000 mapped to 0x(____ptrval____), probed ADC AD9081 as MASTER
[    7.740516] cf_axi_dds 84b10000.axi-ad9081-tx-hpc: Analog Devices CF_AXI_DDS_DDS MASTER (9.01.b) at 0x84B10000 mapped to 0x(____ptrval____), probed DDS AD9081
[    7.754716] jesd204: /axi/spi@ff040000/ad9081@0,jesd204:0,parent=spi1.0: JESD204[2] transition initialized -> probed
[    7.765232] jesd204: /axi/spi@ff040000/ad9081@0,jesd204:0,parent=spi1.0: JESD204[0] transition initialized -> probed
[    7.775756] jesd204: /axi/spi@ff040000/ad9081@0,jesd204:0,parent=spi1.0: JESD204[2] transition probed -> idle
[    7.785664] jesd204: /axi/spi@ff040000/ad9081@0,jesd204:0,parent=spi1.0: JESD204[0] transition probed -> idle
[    7.795579] jesd204: /axi/spi@ff040000/ad9081@0,jesd204:0,parent=spi1.0: JESD204[2] transition idle -> device_init
[    7.805922] jesd204: /axi/spi@ff040000/ad9081@0,jesd204:0,parent=spi1.0: JESD204[0] transition idle -> device_init
[    7.816273] jesd204: /axi/spi@ff040000/ad9081@0,jesd204:0,parent=spi1.0: JESD204[2] transition device_init -> link_init
[    7.827052] jesd204: /axi/spi@ff040000/ad9081@0,jesd204:0,parent=spi1.0: JESD204[0] transition device_init -> link_init
[    7.837842] jesd204: /axi/spi@ff040000/ad9081@0,jesd204:0,parent=spi1.0: JESD204[2] transition link_init -> link_supported
[    7.848880] jesd204: /axi/spi@ff040000/ad9081@0,jesd204:0,parent=spi1.0: JESD204[0] transition link_init -> link_supported
[    7.860289] hmc7044 spi2.0: hmc7044_jesd204_link_pre_setup: Link2 forcing continuous SYSREF mode
[    7.869506] jesd204: /axi/spi@ff040000/ad9081@0,jesd204:0,parent=spi1.0: JESD204[2] transition link_supported -> link_pre_setup
[    7.880980] jesd204: /axi/spi@ff040000/ad9081@0,jesd204:0,parent=spi1.0: JESD204[0] transition link_supported -> link_pre_setup
[    7.904788] jesd204: /axi/spi@ff040000/ad9081@0,jesd204:0,parent=spi1.0: JESD204[2] transition link_pre_setup -> clk_sync_stage1
[    7.916351] jesd204: /axi/spi@ff040000/ad9081@0,jesd204:0,parent=spi1.0: JESD204[0] transition link_pre_setup -> clk_sync_stage1
[    7.927916] jesd204: /axi/spi@ff040000/ad9081@0,jesd204:0,parent=spi1.0: JESD204[2] transition clk_sync_stage1 -> clk_sync_stage2
[    7.939558] jesd204: /axi/spi@ff040000/ad9081@0,jesd204:0,parent=spi1.0: JESD204[0] transition clk_sync_stage1 -> clk_sync_stage2
[    7.951212] jesd204: /axi/spi@ff040000/ad9081@0,jesd204:0,parent=spi1.0: JESD204[2] transition clk_sync_stage2 -> clk_sync_stage3
[    7.962856] jesd204: /axi/spi@ff040000/ad9081@0,jesd204:0,parent=spi1.0: JESD204[0] transition clk_sync_stage2 -> clk_sync_stage3
[    7.976529] jesd204: /axi/spi@ff040000/ad9081@0,jesd204:0,parent=spi1.0: JESD204[2] transition clk_sync_stage3 -> link_setup
[    7.987741] jesd204: /axi/spi@ff040000/ad9081@0,jesd204:0,parent=spi1.0: JESD204[0] transition clk_sync_stage3 -> link_setup
[    8.003677] jesd204: /axi/spi@ff040000/ad9081@0,jesd204:0,parent=spi1.0: JESD204[2] transition link_setup -> opt_setup_stage1
[    8.014982] jesd204: /axi/spi@ff040000/ad9081@0,jesd204:0,parent=spi1.0: JESD204[0] transition link_setup -> opt_setup_stage1
[    8.031325] jesd204: /axi/spi@ff040000/ad9081@0,jesd204:0,parent=spi1.0: JESD204[2] transition opt_setup_stage1 -> opt_setup_stage2
[    8.043149] jesd204: /axi/spi@ff040000/ad9081@0,jesd204:0,parent=spi1.0: JESD204[0] transition opt_setup_stage1 -> opt_setup_stage2
[    8.055121] jesd204: /axi/spi@ff040000/ad9081@0,jesd204:0,parent=spi1.0: JESD204[2] transition opt_setup_stage2 -> opt_setup_stage3
[    8.066946] jesd204: /axi/spi@ff040000/ad9081@0,jesd204:0,parent=spi1.0: JESD204[0] transition opt_setup_stage2 -> opt_setup_stage3
[    8.078772] jesd204: /axi/spi@ff040000/ad9081@0,jesd204:0,parent=spi1.0: JESD204[2] transition opt_setup_stage3 -> opt_setup_stage4
[    8.090591] jesd204: /axi/spi@ff040000/ad9081@0,jesd204:0,parent=spi1.0: JESD204[0] transition opt_setup_stage3 -> opt_setup_stage4
[    8.102421] jesd204: /axi/spi@ff040000/ad9081@0,jesd204:0,parent=spi1.0: JESD204[2] transition opt_setup_stage4 -> opt_setup_stage5
[    8.114244] jesd204: /axi/spi@ff040000/ad9081@0,jesd204:0,parent=spi1.0: JESD204[0] transition opt_setup_stage4 -> opt_setup_stage5
[    8.132183] jesd204: /axi/spi@ff040000/ad9081@0,jesd204:0,parent=spi1.0: JESD204[2] transition opt_setup_stage5 -> clocks_enable
[    8.143752] jesd204: /axi/spi@ff040000/ad9081@0,jesd204:0,parent=spi1.0: JESD204[0] transition opt_setup_stage5 -> clocks_enable
[    8.155372] jesd204: /axi/spi@ff040000/ad9081@0,jesd204:0,parent=spi1.0: JESD204[2] transition clocks_enable -> link_enable
[    8.166501] jesd204: /axi/spi@ff040000/ad9081@0,jesd204:0,parent=spi1.0: JESD204[0] transition clocks_enable -> link_enable
[    8.199914] ad9081 spi1.0: JESD RX (JTX) Link2 in DATA, SYNC deasserted, PLL locked, PHASE established, MODE valid
[    8.210521] ad9081 spi1.0: JESD TX (JRX) Link0 0xF lanes in DATA
[    8.216532] jesd204: /axi/spi@ff040000/ad9081@0,jesd204:0,parent=spi1.0: JESD204[2] transition link_enable -> link_running
[    8.227570] jesd204: /axi/spi@ff040000/ad9081@0,jesd204:0,parent=spi1.0: JESD204[0] transition link_enable -> link_running
[    8.238620] jesd204: /axi/spi@ff040000/ad9081@0,jesd204:0,parent=spi1.0: JESD204[2] transition link_running -> opt_post_running_stage
[    8.250616] jesd204: /axi/spi@ff040000/ad9081@0,jesd204:0,parent=spi1.0: JESD204[0] transition link_running -> opt_post_running_stage
[    8.271846] input: gpio-keys as /devices/platform/gpio-keys/input/input0
[    8.278867] of_cfs_init
[    8.281332] of_cfs_init: OK
[    8.284266] cfg80211: Loading compiled-in X.509 certificates for regulatory database
[    8.422494] cfg80211: Loaded X.509 cert 'sforshee: 00b28ddf47aef9cea7'
[    8.429029] clk: Not disabling unused clocks
[    8.433555] ALSA device list:
[    8.436518]   No soundcards found.
[    8.440175] platform regulatory.0: Direct firmware load for regulatory.db failed with error -2
[    8.448779] cfg80211: failed to load regulatory.db
[    8.464076] EXT4-fs (mmcblk0p2): mounted filesystem with ordered data mode. Opts: (null)
[    8.472187] VFS: Mounted root (ext4 filesystem) on device 179:2.
[    8.485334] devtmpfs: mounted
[    8.489140] Freeing unused kernel memory: 2560K
[    8.495733] Run /sbin/init as init process
[    8.499832]   with arguments:
[    8.499835]     /sbin/init
[    8.499837]   with environment:
[    8.499839]     HOME=/
[    8.499841]     TERM=linux
[    9.065476] systemd[1]: systemd 241 running in system mode. (+PAM +AUDIT +SELINUX +IMA +APPARMOR +SMACK +SYSVINIT +UTMP +LIBCRYPTSETUP +GCRYPT +GNUTLS +ACL +XZ +LZ4 +SECCOMP +BLKID +ELFUTILS +KMOD -IDN2 +IDN -PCRE2 default-hierarchy=hybrid)
[    9.087338] systemd[1]: Detected architecture arm64.
[    9.112382] systemd[1]: Set hostname to <analog>.
[    9.298298] systemd[1]: File /lib/systemd/system/systemd-journald.service:12 configures an IP firewall (IPAddressDeny=any), but the local system does not support BPF/cgroup based firewalling.
[    9.315387] systemd[1]: Proceeding WITHOUT firewalling in effect! (This warning is only shown for the first loaded unit using IP firewalling.)
[    9.478601] systemd[1]: /etc/systemd/system/tof-server.service:1: Assignment outside of section. Ignoring.
[    9.488299] systemd[1]: /etc/systemd/system/tof-server.service:2: Assignment outside of section. Ignoring.
[    9.670923] random: systemd: uninitialized urandom read (16 bytes read)
[    9.685696] random: systemd: uninitialized urandom read (16 bytes read)
[    9.692616] systemd[1]: Started Forward Password Requests to Wall Directory Watch.
[    9.715746] random: systemd: uninitialized urandom read (16 bytes read)
[    9.722541] systemd[1]: Listening on initctl Compatibility Named Pipe.
[    9.744015] systemd[1]: Listening on Syslog Socket.
[   10.514944] EXT4-fs (mmcblk0p2): re-mounted. Opts: (null)
[   10.601333] systemd-journald[168]: Received request to flush runtime journal from PID 1
[   15.940745] random: crng init done
[   15.940755] random: 7 urandom warning(s) missed due to ratelimiting
[   16.693405] macb ff0e0000.ethernet eth0: PHY [ff0e0000.ethernet-ffffffff:0c] driver [TI DP83867] (irq=POLL)
[   16.693417] macb ff0e0000.ethernet eth0: configuring for phy/rgmii-id link mode
[   16.980649] Adding 102396k swap on /var/swap.  Priority:-2 extents:4 across:9953604k SS
[   19.556758] broken atomic modeset userspace detected, disabling atomic
[   20.769280] macb ff0e0000.ethernet eth0: Link is Up - 1Gbps/Full - flow control off
[   20.769305] IPv6: ADDRCONF(NETDEV_CHANGE): eth0: link becomes ready
[   22.238734] broken atomic modeset userspace detected, disabling atomic
[   25.104161] broken atomic modeset userspace detected, disabling atomic
[   27.751177] broken atomic modeset userspace detected, disabling atomic