[    0.000000] Booting Linux on physical CPU 0x0000000000 [0x410fd034]
[    0.000000] Linux version 5.10.0-98103-g2aa7ac113716 (jenkins@romlxbuild1.adlk.analog.com) (aarch64-xilinx-linux-gcc.real (GCC) 10.2.0, GNU ld (GNU Binutils) 2.35.0.20200730) #5577 SMP Wed Mar 23 07:28:49 GMT 2022
[    0.000000] Machine model: ZynqMP ZCU102 Rev1.0
[    0.000000] earlycon: cdns0 at MMIO 0x00000000ff000000 (options '115200n8')
[    0.000000] printk: bootconsole [cdns0] enabled
[    0.000000] efi: UEFI not found.
[    0.000000] cma: Reserved 256 MiB at 0x0000000070000000
[    0.000000] Zone ranges:
[    0.000000]   DMA      [mem 0x0000000000000000-0x000000003fffffff]
[    0.000000]   DMA32    [mem 0x0000000040000000-0x00000000ffffffff]
[    0.000000]   Normal   [mem 0x0000000100000000-0x000000087fffffff]
[    0.000000] Movable zone start for each node
[    0.000000] Early memory node ranges
[    0.000000]   node   0: [mem 0x0000000000000000-0x000000007fffffff]
[    0.000000]   node   0: [mem 0x0000000800000000-0x000000087fffffff]
[    0.000000] Initmem setup node 0 [mem 0x0000000000000000-0x000000087fffffff]
[    0.000000] On node 0 totalpages: 1048576
[    0.000000]   DMA zone: 3584 pages used for memmap
[    0.000000]   DMA zone: 0 pages reserved
[    0.000000]   DMA zone: 262144 pages, LIFO batch:63
[    0.000000]   DMA32 zone: 3584 pages used for memmap
[    0.000000]   DMA32 zone: 262144 pages, LIFO batch:63
[    0.000000]   Normal zone: 7168 pages used for memmap
[    0.000000]   Normal zone: 524288 pages, LIFO batch:63
[    0.000000] psci: probing for conduit method from DT.
[    0.000000] psci: PSCIv1.1 detected in firmware.
[    0.000000] psci: Using standard PSCI v0.2 function IDs
[    0.000000] psci: MIGRATE_INFO_TYPE not supported.
[    0.000000] psci: SMC Calling Convention v1.2
[    0.000000] percpu: Embedded 22 pages/cpu s49496 r8192 d32424 u90112
[    0.000000] pcpu-alloc: s49496 r8192 d32424 u90112 alloc=22*4096
[    0.000000] pcpu-alloc: [0] 0 [0] 1 [0] 2 [0] 3 
[    0.000000] Detected VIPT I-cache on CPU0
[    0.000000] CPU features: detected: ARM erratum 845719
[    0.000000] Built 1 zonelists, mobility grouping on.  Total pages: 1034240
[    0.000000] Kernel command line: console=ttyPS0,115200 root=/dev/mmcblk0p2 rw earlycon rootfstype=ext4 rootwait clk_ignore_unused cpuidle.off=1 root=/dev/mmcblk0p2 rw rootwait
[    0.000000] Dentry cache hash table entries: 524288 (order: 10, 4194304 bytes, linear)
[    0.000000] Inode-cache hash table entries: 262144 (order: 9, 2097152 bytes, linear)
[    0.000000] mem auto-init: stack:off, heap alloc:off, heap free:off
[    0.000000] software IO TLB: mapped [mem 0x000000003bfff000-0x000000003ffff000] (64MB)
[    0.000000] Memory: 3761904K/4194304K available (15296K kernel code, 1636K rwdata, 11876K rodata, 2560K init, 507K bss, 170256K reserved, 262144K cma-reserved)
[    0.000000] rcu: Hierarchical RCU implementation.
[    0.000000] rcu: 	RCU event tracing is enabled.
[    0.000000] rcu: 	RCU restricting CPUs from NR_CPUS=8 to nr_cpu_ids=4.
[    0.000000] rcu: RCU calculated value of scheduler-enlistment delay is 25 jiffies.
[    0.000000] rcu: Adjusting geometry for rcu_fanout_leaf=16, nr_cpu_ids=4
[    0.000000] NR_IRQS: 64, nr_irqs: 64, preallocated irqs: 0
[    0.000000] GIC: Adjusting CPU interface base to 0x00000000f902f000
[    0.000000] GIC: Using split EOI/Deactivate mode
[    0.000000] random: get_random_bytes called from start_kernel+0x31c/0x54c with crng_init=0
[    0.000000] arch_timer: cp15 timer(s) running at 100.00MHz (phys).
[    0.000000] clocksource: arch_sys_counter: mask: 0xffffffffffffff max_cycles: 0x171024e7e0, max_idle_ns: 440795205315 ns
[    0.000003] sched_clock: 56 bits at 100MHz, resolution 10ns, wraps every 4398046511100ns
[    0.008460] Console: colour dummy device 80x25
[    0.012483] Calibrating delay loop (skipped), value calculated using timer frequency.. 200.00 BogoMIPS (lpj=400000)
[    0.022840] pid_max: default: 32768 minimum: 301
[    0.027549] Mount-cache hash table entries: 8192 (order: 4, 65536 bytes, linear)
[    0.034789] Mountpoint-cache hash table entries: 8192 (order: 4, 65536 bytes, linear)
[    0.043392] rcu: Hierarchical SRCU implementation.
[    0.047560] EFI services will not be available.
[    0.051938] smp: Bringing up secondary CPUs ...
[    0.056656] Detected VIPT I-cache on CPU1
[    0.056695] CPU1: Booted secondary processor 0x0000000001 [0x410fd034]
[    0.057059] Detected VIPT I-cache on CPU2
[    0.057083] CPU2: Booted secondary processor 0x0000000002 [0x410fd034]
[    0.057421] Detected VIPT I-cache on CPU3
[    0.057444] CPU3: Booted secondary processor 0x0000000003 [0x410fd034]
[    0.057491] smp: Brought up 1 node, 4 CPUs
[    0.091779] SMP: Total of 4 processors activated.
[    0.096452] CPU features: detected: 32-bit EL0 Support
[    0.101555] CPU features: detected: CRC32 instructions
[    0.106695] CPU: All CPU(s) started at EL2
[    0.110736] alternatives: patching kernel code
[    0.116169] devtmpfs: initialized
[    0.124061] Registered cp15_barrier emulation handler
[    0.124112] Registered setend emulation handler
[    0.128092] clocksource: jiffies: mask: 0xffffffff max_cycles: 0xffffffff, max_idle_ns: 7645041785100000 ns
[    0.137670] futex hash table entries: 1024 (order: 4, 65536 bytes, linear)
[    0.151029] pinctrl core: initialized pinctrl subsystem
[    0.151669] NET: Registered protocol family 16
[    0.156096] DMA: preallocated 512 KiB GFP_KERNEL pool for atomic allocations
[    0.162107] DMA: preallocated 512 KiB GFP_KERNEL|GFP_DMA pool for atomic allocations
[    0.169835] DMA: preallocated 512 KiB GFP_KERNEL|GFP_DMA32 pool for atomic allocations
[    0.177635] audit: initializing netlink subsys (disabled)
[    0.183087] audit: type=2000 audit(0.116:1): state=initialized audit_enabled=0 res=1
[    0.183431] hw-breakpoint: found 6 breakpoint and 4 watchpoint registers.
[    0.197463] ASID allocator initialised with 65536 entries
[    0.224327] HugeTLB registered 1.00 GiB page size, pre-allocated 0 pages
[    0.225385] HugeTLB registered 32.0 MiB page size, pre-allocated 0 pages
[    0.232057] HugeTLB registered 2.00 MiB page size, pre-allocated 0 pages
[    0.238716] HugeTLB registered 64.0 KiB page size, pre-allocated 0 pages
[    1.304285] DRBG: Continuing without Jitter RNG
[    1.382109] raid6: neonx8   gen()  2143 MB/s
[    1.450158] raid6: neonx8   xor()  1600 MB/s
[    1.518215] raid6: neonx4   gen()  2192 MB/s
[    1.586270] raid6: neonx4   xor()  1562 MB/s
[    1.654335] raid6: neonx2   gen()  2075 MB/s
[    1.722380] raid6: neonx2   xor()  1436 MB/s
[    1.790444] raid6: neonx1   gen()  1772 MB/s
[    1.858492] raid6: neonx1   xor()  1220 MB/s
[    1.926554] raid6: int64x8  gen()  1438 MB/s
[    1.994607] raid6: int64x8  xor()   771 MB/s
[    2.062685] raid6: int64x4  gen()  1598 MB/s
[    2.130730] raid6: int64x4  xor()   815 MB/s
[    2.198796] raid6: int64x2  gen()  1396 MB/s
[    2.266846] raid6: int64x2  xor()   750 MB/s
[    2.334924] raid6: int64x1  gen()  1034 MB/s
[    2.402981] raid6: int64x1  xor()   517 MB/s
[    2.403020] raid6: using algorithm neonx4 gen() 2192 MB/s
[    2.406978] raid6: .... xor() 1562 MB/s, rmw enabled
[    2.411909] raid6: using neon recovery algorithm
[    2.416919] iommu: Default domain type: Translated 
[    2.421533] SCSI subsystem initialized
[    2.425077] libata version 3.00 loaded.
[    2.425201] usbcore: registered new interface driver usbfs
[    2.430535] usbcore: registered new interface driver hub
[    2.435807] usbcore: registered new device driver usb
[    2.440943] mc: Linux media interface: v0.10
[    2.445056] videodev: Linux video capture interface: v2.00
[    2.450548] EDAC MC: Ver: 3.0.0
[    2.453988] zynqmp-ipi-mbox mailbox@ff990400: Registered ZynqMP IPI mbox with TX/RX channels.
[    2.462490] jesd204: created con: id=0, topo=0, link=0, /axi/spi@ff050000/hmc7044@0 <-> /fpga-axi@0/axi-adxcvr-tx@84b60000
[    2.473077] jesd204: created con: id=1, topo=0, link=2, /axi/spi@ff050000/hmc7044@0 <-> /fpga-axi@0/axi-adxcvr-rx@84a60000
[    2.484061] jesd204: created con: id=2, topo=0, link=0, /fpga-axi@0/axi-adxcvr-tx@84b60000 <-> /fpga-axi@0/axi-jesd204-tx@84b90000
[    2.495737] jesd204: created con: id=3, topo=0, link=2, /fpga-axi@0/axi-adxcvr-rx@84a60000 <-> /fpga-axi@0/axi-jesd204-rx@84a90000
[    2.507414] jesd204: created con: id=4, topo=0, link=0, /fpga-axi@0/axi-jesd204-tx@84b90000 <-> /fpga-axi@0/axi-ad9081-tx-hpc@84b10000
[    2.519441] jesd204: created con: id=5, topo=0, link=2, /fpga-axi@0/axi-jesd204-rx@84a90000 <-> /fpga-axi@0/axi-ad9081-rx-hpc@84a10000
[    2.531464] jesd204: created con: id=6, topo=0, link=2, /fpga-axi@0/axi-ad9081-rx-hpc@84a10000 <-> /axi/spi@ff040000/ad9081@0
[    2.542706] jesd204: created con: id=7, topo=0, link=0, /fpga-axi@0/axi-ad9081-tx-hpc@84b10000 <-> /axi/spi@ff040000/ad9081@0
[    2.553956] jesd204: /axi/spi@ff040000/ad9081@0: JESD204[2] transition uninitialized -> initialized
[    2.562942] jesd204: /axi/spi@ff040000/ad9081@0: JESD204[0] transition uninitialized -> initialized
[    2.571934] jesd204: found 8 devices and 1 topologies
[    2.576978] FPGA manager framework
[    2.580457] Advanced Linux Sound Architecture Driver Initialized.
[    2.586752] Bluetooth: Core ver 2.22
[    2.589937] NET: Registered protocol family 31
[    2.594338] Bluetooth: HCI device and connection manager initialized
[    2.600654] Bluetooth: HCI socket layer initialized
[    2.605496] Bluetooth: L2CAP socket layer initialized
[    2.610521] Bluetooth: SCO socket layer initialized
[    2.615707] clocksource: Switched to clocksource arch_sys_counter
[    2.621514] VFS: Disk quotas dquot_6.6.0
[    2.625348] VFS: Dquot-cache hash table entries: 512 (order 0, 4096 bytes)
[    2.636054] NET: Registered protocol family 2
[    2.636794] tcp_listen_portaddr_hash hash table entries: 2048 (order: 3, 32768 bytes, linear)
[    2.644988] TCP established hash table entries: 32768 (order: 6, 262144 bytes, linear)
[    2.653013] TCP bind hash table entries: 32768 (order: 7, 524288 bytes, linear)
[    2.660458] TCP: Hash tables configured (established 32768 bind 32768)
[    2.666632] UDP hash table entries: 2048 (order: 4, 65536 bytes, linear)
[    2.673299] UDP-Lite hash table entries: 2048 (order: 4, 65536 bytes, linear)
[    2.680459] NET: Registered protocol family 1
[    2.684915] RPC: Registered named UNIX socket transport module.
[    2.690536] RPC: Registered udp transport module.
[    2.695200] RPC: Registered tcp transport module.
[    2.699870] RPC: Registered tcp NFSv4.1 backchannel transport module.
[    2.706861] PCI: CLS 0 bytes, default 64
[    2.710569] hw perfevents: no interrupt-affinity property for /pmu, guessing.
[    2.717421] hw perfevents: enabled with armv8_pmuv3 PMU driver, 7 counters available
[    2.725776] Initialise system trusted keyrings
[    2.729448] workingset: timestamp_bits=62 max_order=20 bucket_order=0
[    2.736352] NFS: Registering the id_resolver key type
[    2.740798] Key type id_resolver registered
[    2.744937] Key type id_legacy registered
[    2.748927] nfs4filelayout_init: NFSv4 File Layout Driver Registering...
[    2.755593] jffs2: version 2.2. (NAND) (SUMMARY)  Â© 2001-2006 Red Hat, Inc.
[    2.798448] NET: Registered protocol family 38
[    2.798491] xor: measuring software checksum speed
[    2.806176]    8regs           :  2363 MB/sec
[    2.809844]    32regs          :  2799 MB/sec
[    2.814787]    arm64_neon      :  2380 MB/sec
[    2.814977] xor: using function: 32regs (2799 MB/sec)
[    2.820003] Key type asymmetric registered
[    2.824064] Asymmetric key parser 'x509' registered
[    2.828925] Block layer SCSI generic (bsg) driver version 0.4 loaded (major 248)
[    2.836262] io scheduler mq-deadline registered
[    2.840758] io scheduler kyber registered
[    2.870147] Serial: 8250/16550 driver, 4 ports, IRQ sharing disabled
[    2.874790] cacheinfo: Unable to detect cache hierarchy for CPU 0
[    2.881129] brd: module loaded
[    2.885277] loop: module loaded
[    2.885825] Registered mathworks_ip class
[    2.889157] libphy: Fixed MDIO Bus: probed
[    2.892152] tun: Universal TUN/TAP device driver, 1.6
[    2.896198] CAN device driver interface
[    2.900734] usbcore: registered new interface driver asix
[    2.905329] usbcore: registered new interface driver ax88179_178a
[    2.911362] usbcore: registered new interface driver cdc_ether
[    2.917156] usbcore: registered new interface driver net1080
[    2.922783] usbcore: registered new interface driver cdc_subset
[    2.928663] usbcore: registered new interface driver zaurus
[    2.934206] usbcore: registered new interface driver cdc_ncm
[    2.940610] ehci_hcd: USB 2.0 'Enhanced' Host Controller (EHCI) Driver
[    2.946292] ehci-pci: EHCI PCI platform driver
[    2.951090] usbcore: registered new interface driver uas
[    2.956007] usbcore: registered new interface driver usb-storage
[    2.961996] usbcore: registered new interface driver usbserial_generic
[    2.968446] usbserial: USB Serial support registered for generic
[    2.974419] usbcore: registered new interface driver ftdi_sio
[    2.980122] usbserial: USB Serial support registered for FTDI USB Serial Device
[    2.987399] usbcore: registered new interface driver upd78f0730
[    2.993270] usbserial: USB Serial support registered for upd78f0730
[    3.000932] rtc_zynqmp ffa60000.rtc: registered as rtc0
[    3.004695] rtc_zynqmp ffa60000.rtc: setting system clock to 2022-04-12T20:33:30 UTC (1649795610)
[    3.013558] i2c /dev entries driver
[    3.018870] usbcore: registered new interface driver uvcvideo
[    3.022671] USB Video Class driver (1.1.1)
[    3.028248] Bluetooth: HCI UART driver ver 2.3
[    3.031142] Bluetooth: HCI UART protocol H4 registered
[    3.036251] Bluetooth: HCI UART protocol BCSP registered
[    3.041541] Bluetooth: HCI UART protocol LL registered
[    3.046629] Bluetooth: HCI UART protocol ATH3K registered
[    3.052003] Bluetooth: HCI UART protocol Three-wire (H5) registered
[    3.058258] Bluetooth: HCI UART protocol Intel registered
[    3.063595] Bluetooth: HCI UART protocol QCA registered
[    3.068798] usbcore: registered new interface driver bcm203x
[    3.074418] usbcore: registered new interface driver bpa10x
[    3.079954] usbcore: registered new interface driver bfusb
[    3.085405] usbcore: registered new interface driver btusb
[    3.090867] usbcore: registered new interface driver ath3k
[    3.096351] EDAC MC: ECC not enabled
[    3.099976] EDAC DEVICE0: Giving out device to module zynqmp-ocm-edac controller zynqmp_ocm: DEV ff960000.memory-controller (INTERRUPT)
[    3.112292] sdhci: Secure Digital Host Controller Interface driver
[    3.118078] sdhci: Copyright(c) Pierre Ossman
[    3.122403] sdhci-pltfm: SDHCI platform and OF driver helper
[    3.128451] ledtrig-cpu: registered to indicate activity on CPUs
[    3.134008] SMCCC: SOC_ID: ARCH_SOC_ID not implemented, skipping ....
[    3.140440] zynqmp_firmware_probe Platform Management API v1.1
[    3.146194] zynqmp_firmware_probe Trustzone version v1.0
[    3.185743] zynqmp-pinctrl firmware:zynqmp-firmware:pinctrl: zynqmp pinctrl initialized
[    3.233745] zynqmp-aes firmware:zynqmp-firmware:zynqmp-aes: will run requests pump with realtime priority
[    3.249598] alg: No test for xilinx-keccak-384 (zynqmp-keccak-384)
[    3.250308] alg: No test for xilinx-zynqmp-rsa (zynqmp-rsa)
[    3.255827] usbcore: registered new interface driver usbhid
[    3.261210] usbhid: USB HID core driver
[    3.272451] axi_sysid 85000000.axi-sysid-0: AXI System ID core version (1.01.a) found
[    3.274802] axi_sysid 85000000.axi-sysid-0: [ad9081_fmca_ebz] on [zcu102] git branch <master> git <084d44c9780640ca93fd847b1d9ec70dd65f5c67> clean [2022-03-18 04:17:50] UTC
[    3.290495] fpga_manager fpga0: Xilinx ZynqMP FPGA Manager registered
[    3.296849] usbcore: registered new interface driver snd-usb-audio
[    3.304300] pktgen: Packet Generator for packet performance testing. Version: 2.75
[    3.310485] Initializing XFRM netlink socket
[    3.314332] NET: Registered protocol family 10
[    3.319048] Segment Routing with IPv6
[    3.322429] sit: IPv6, IPv4 and MPLS over IPv4 tunneling driver
[    3.328503] NET: Registered protocol family 17
[    3.332603] NET: Registered protocol family 15
[    3.337099] can: controller area network core
[    3.341354] NET: Registered protocol family 29
[    3.345742] can: raw protocol
[    3.348682] can: broadcast manager protocol
[    3.352834] can: netlink gateway - max_hops=1
[    3.357230] Bluetooth: RFCOMM TTY layer initialized
[    3.362008] Bluetooth: RFCOMM socket layer initialized
[    3.367115] Bluetooth: RFCOMM ver 1.11
[    3.370826] Bluetooth: BNEP (Ethernet Emulation) ver 1.3
[    3.376098] Bluetooth: BNEP filters: protocol multicast
[    3.381292] Bluetooth: BNEP socket layer initialized
[    3.386219] Bluetooth: HIDP (Human Interface Emulation) ver 1.2
[    3.392103] Bluetooth: HIDP socket layer initialized
[    3.397157] 9pnet: Installing 9P2000 support
[    3.401280] NET: Registered protocol family 36
[    3.405696] Key type dns_resolver registered
[    3.410131] registered taskstats version 1
[    3.413993] Loading compiled-in X.509 certificates
[    3.419109] Btrfs loaded, crc32c=crc32c-generic
[    3.431492] ff000000.serial: ttyPS0 at MMIO 0xff000000 (irq = 49, base_baud = 6249999) is a xuartps
[    3.440510] printk: console [ttyPS0] enabled
[    3.444806] printk: bootconsole [cdns0] disabled
[    3.454436] ff010000.serial: ttyPS1 at MMIO 0xff010000 (irq = 50, base_baud = 6249999) is a xuartps
[    3.467665] of-fpga-region fpga-full: FPGA Region probed
[    3.474630] nwl-pcie fd0e0000.pcie: host bridge /axi/pcie@fd0e0000 ranges:
[    3.481527] nwl-pcie fd0e0000.pcie:      MEM 0x00e0000000..0x00efffffff -> 0x00e0000000
[    3.489528] nwl-pcie fd0e0000.pcie:      MEM 0x0600000000..0x07ffffffff -> 0x0600000000
[    3.497590] nwl-pcie fd0e0000.pcie: Link is DOWN
[    3.502347] nwl-pcie fd0e0000.pcie: PCI host bridge to bus 0000:00
[    3.508525] pci_bus 0000:00: root bus resource [bus 00-ff]
[    3.514006] pci_bus 0000:00: root bus resource [mem 0xe0000000-0xefffffff]
[    3.520877] pci_bus 0000:00: root bus resource [mem 0x600000000-0x7ffffffff pref]
[    3.528380] pci 0000:00:00.0: [10ee:d021] type 01 class 0x060400
[    3.534438] pci 0000:00:00.0: PME# supported from D0 D1 D2 D3hot
[    3.544878] pci 0000:00:00.0: PCI bridge to [bus 01-0c]
[    3.550853] xilinx-zynqmp-dma fd500000.dma: ZynqMP DMA driver Probe success
[    3.558025] xilinx-zynqmp-dma fd510000.dma: ZynqMP DMA driver Probe success
[    3.565208] xilinx-zynqmp-dma fd520000.dma: ZynqMP DMA driver Probe success
[    3.572379] xilinx-zynqmp-dma fd530000.dma: ZynqMP DMA driver Probe success
[    3.579544] xilinx-zynqmp-dma fd540000.dma: ZynqMP DMA driver Probe success
[    3.586713] xilinx-zynqmp-dma fd550000.dma: ZynqMP DMA driver Probe success
[    3.593884] xilinx-zynqmp-dma fd560000.dma: ZynqMP DMA driver Probe success
[    3.601053] xilinx-zynqmp-dma fd570000.dma: ZynqMP DMA driver Probe success
[    3.608453] xilinx-zynqmp-dpdma fd4c0000.dma-controller: Xilinx DPDMA engine is probed
[    3.616998] ahci-ceva fd0c0000.ahci: supply ahci not found, using dummy regulator
[    3.624540] ahci-ceva fd0c0000.ahci: supply phy not found, using dummy regulator
[    3.711886] hmc7044 spi2.0: PLL1: Acquisition, CLKIN0 @ 122880000 Hz, PFD: 80 kHz - PLL2: Locked @ 2820.000000 MHz
[    3.722604] jesd204: /axi/spi@ff050000/hmc7044@0,jesd204:1,parent=spi2.0: Using as SYSREF provider
[    3.732186] spi-nor spi0.0: SPI-NOR-UniqueID 100000235394732200270025081115266e
[    3.739491] spi-nor spi0.0: found n25q512a, expected m25p80
[    3.745689] spi-nor spi0.0: trying to lock already unlocked area
[    3.751699] spi-nor spi0.0: n25q512a (131072 Kbytes)
[    3.756677] 4 fixed-partitions partitions found on MTD device spi0.0
[    3.763025] Creating 4 MTD partitions on "spi0.0":
[    3.767810] 0x000000000000-0x000000100000 : "qspi-fsbl-uboot"
[    3.774296] 0x000000100000-0x000000600000 : "qspi-linux"
[    3.780257] 0x000000600000-0x000000620000 : "qspi-device-tree"
[    3.786730] 0x000000620000-0x000000c00000 : "qspi-rootfs"
[    3.795195] macb ff0e0000.ethernet: Not enabling partial store and forward
[    3.802711] libphy: MACB_mii_bus: probed
[    3.807767] macb ff0e0000.ethernet eth0: Cadence GEM rev 0x50070106 at 0xff0e0000 irq 30 (00:0a:35:04:8e:1b)
[    3.817980] xilinx-axipmon ffa00000.perf-monitor: Probed Xilinx APM
[    3.824554] xilinx-axipmon fd0b0000.perf-monitor: Probed Xilinx APM
[    3.831071] xilinx-axipmon fd490000.perf-monitor: Probed Xilinx APM
[    3.837613] xilinx-axipmon ffa10000.perf-monitor: Probed Xilinx APM
[    3.847617] pca953x 0-0020: supply vcc not found, using dummy regulator
[    3.854299] pca953x 0-0020: using no AI
[    3.858788] gpio-496 (sel0): hogged as output/low
[    3.863689] gpio-497 (sel1): hogged as output/high
[    3.868676] gpio-498 (sel2): hogged as output/high
[    3.873666] gpio-499 (sel3): hogged as output/high
[    3.878844] pca953x 0-0021: supply vcc not found, using dummy regulator
[    3.885510] pca953x 0-0021: using no AI
[    3.891259] ina2xx 2-0040: power monitor ina226 (Rshunt = 5000 uOhm)
[    3.898288] ina2xx 2-0041: power monitor ina226 (Rshunt = 5000 uOhm)
[    3.905323] ina2xx 2-0042: power monitor ina226 (Rshunt = 5000 uOhm)
[    3.912361] ina2xx 2-0043: power monitor ina226 (Rshunt = 5000 uOhm)
[    3.919392] ina2xx 2-0044: power monitor ina226 (Rshunt = 5000 uOhm)
[    3.926415] ina2xx 2-0045: power monitor ina226 (Rshunt = 5000 uOhm)
[    3.933443] ina2xx 2-0046: power monitor ina226 (Rshunt = 5000 uOhm)
[    3.940520] ina2xx 2-0047: power monitor ina226 (Rshunt = 5000 uOhm)
[    3.947549] ina2xx 2-004a: power monitor ina226 (Rshunt = 5000 uOhm)
[    3.954590] ina2xx 2-004b: power monitor ina226 (Rshunt = 5000 uOhm)
[    3.961001] i2c i2c-0: Added multiplexed i2c bus 2
[    3.966384] random: fast init done
[    3.969858] ina2xx 3-0040: power monitor ina226 (Rshunt = 2000 uOhm)
[    3.976885] ina2xx 3-0041: power monitor ina226 (Rshunt = 5000 uOhm)
[    3.983911] ina2xx 3-0042: power monitor ina226 (Rshunt = 5000 uOhm)
[    3.990945] ina2xx 3-0043: power monitor ina226 (Rshunt = 5000 uOhm)
[    3.997968] ina2xx 3-0044: power monitor ina226 (Rshunt = 5000 uOhm)
[    4.004995] ina2xx 3-0045: power monitor ina226 (Rshunt = 5000 uOhm)
[    4.012026] ina2xx 3-0046: power monitor ina226 (Rshunt = 5000 uOhm)
[    4.019058] ina2xx 3-0047: power monitor ina226 (Rshunt = 5000 uOhm)
[    4.025458] i2c i2c-0: Added multiplexed i2c bus 3
[    4.080986] i2c i2c-0: Added multiplexed i2c bus 4
[    4.085932] i2c i2c-0: Added multiplexed i2c bus 5
[    4.090719] pca954x 0-0075: registered 4 multiplexed busses for I2C mux pca9544
[    4.098069] cdns-i2c ff020000.i2c: 400 kHz mmio ff020000 irq 32
[    4.105808] at24 6-0054: supply vcc not found, using dummy regulator
[    4.112705] at24 6-0054: 1024 byte 24c08 EEPROM, writable, 1 bytes/write
[    4.119454] i2c i2c-1: Added multiplexed i2c bus 6
[    4.125882] si5341 7-0036: Chip: 5341 Grade: 1 Rev: 1
[    4.163580] i2c i2c-1: Added multiplexed i2c bus 7
[    4.171235] si570 8-005d: registered, current frequency 300000000 Hz
[    4.177638] i2c i2c-1: Added multiplexed i2c bus 8
[    4.197424] si570 9-005d: registered, current frequency 148500000 Hz
[    4.203826] i2c i2c-1: Added multiplexed i2c bus 9
[    4.208865] si5324 10-0069: si5328 probed
[    4.276074] si5324 10-0069: si5328 probe successful
[    4.281001] i2c i2c-1: Added multiplexed i2c bus 10
[    4.286029] i2c i2c-1: Added multiplexed i2c bus 11
[    4.291056] i2c i2c-1: Added multiplexed i2c bus 12
[    4.296076] i2c i2c-1: Added multiplexed i2c bus 13
[    4.300949] pca954x 1-0074: registered 8 multiplexed busses for I2C switch pca9548
[    4.309059] at24 14-0050: supply vcc not found, using dummy regulator
[    4.315844] at24 14-0050: 256 byte 24c02 EEPROM, writable, 1 bytes/write
[    4.322592] i2c i2c-1: Added multiplexed i2c bus 14
[    4.327631] i2c i2c-1: Added multiplexed i2c bus 15
[    4.332665] i2c i2c-1: Added multiplexed i2c bus 16
[    4.337702] i2c i2c-1: Added multiplexed i2c bus 17
[    4.342735] i2c i2c-1: Added multiplexed i2c bus 18
[    4.347779] i2c i2c-1: Added multiplexed i2c bus 19
[    4.352820] i2c i2c-1: Added multiplexed i2c bus 20
[    4.357854] i2c i2c-1: Added multiplexed i2c bus 21
[    4.362732] pca954x 1-0075: registered 8 multiplexed busses for I2C switch pca9548
[    4.370340] cdns-i2c ff030000.i2c: 400 kHz mmio ff030000 irq 33
[    4.380080] cdns-wdt fd4d0000.watchdog: Xilinx Watchdog Timer with timeout 60s
[    4.389128] axi_adxcvr 84a60000.axi-adxcvr-rx: adxcvr_enforce_settings: Using QPLL without access, assuming desired Lane rate will be configured by a different instance
[    4.405767] axi_adxcvr 84a60000.axi-adxcvr-rx: AXI-ADXCVR-RX (17.05.a) using QPLL on GTH4 at 0x84A60000. Number of lanes: 4.
[    4.417928] axi_adxcvr 84b60000.axi-adxcvr-tx: AXI-ADXCVR-TX (17.05.a) using QPLL on GTH4 at 0x84B60000. Number of lanes: 4.
[    4.421883] mmc0: SDHCI controller on ff170000.mmc [ff170000.mmc] using ADMA 64-bit
[    4.436893] axi-jesd204-rx 84a90000.axi-jesd204-rx: AXI-JESD204-RX (1.07.a) at 0x84A90000. Encoder 8b10b, width 4/4, lanes 4, jesd204-fsm.
[    4.449731] axi-jesd204-tx 84b90000.axi-jesd204-tx: AXI-JESD204-TX (1.06.a) at 0x84B90000. Encoder 8b10b, width 4/4, lanes 4, jesd204-fsm.
[    4.463244] zynqmp-display fd4a0000.display: vtc bridge property not present
[    4.469472] mmc0: new high speed SDHC card at address 0001
[    4.472897] xilinx-dp-snd-codec fd4a0000.display:zynqmp_dp_snd_codec0: Failed to get required clock freq
[    4.476134] mmcblk0: mmc0:0001 EB1QT 29.8 GiB 
[    4.485260] xilinx-dp-snd-codec: probe of fd4a0000.display:zynqmp_dp_snd_codec0 failed with error -22
[    4.490910]  mmcblk0: p1 p2 p3
[    4.499245] xilinx-dp-snd-pcm zynqmp_dp_snd_pcm0: Xilinx DisplayPort Sound PCM probed
[    4.510107] xilinx-dp-snd-pcm zynqmp_dp_snd_pcm1: Xilinx DisplayPort Sound PCM probed
[    4.518322] OF: graph: no port node found in /axi/display@fd4a0000
[    4.524731] xlnx-drm xlnx-drm.0: bound fd4a0000.display (ops 0xffffffc010fcbdb8)
[    5.611722] zynqmp-display fd4a0000.display: [drm] Cannot find any crtc or sizes
[    5.619338] [drm] Initialized xlnx 1.0.0 20130509 for fd4a0000.display on minor 0
[    5.626828] zynqmp-display fd4a0000.display: ZynqMP DisplayPort Subsystem driver probed
[    5.635143] ahci-ceva fd0c0000.ahci: supply ahci not found, using dummy regulator
[    5.642686] ahci-ceva fd0c0000.ahci: supply phy not found, using dummy regulator
[    5.650141] ahci-ceva fd0c0000.ahci: supply target not found, using dummy regulator
[    5.657979] ahci-ceva fd0c0000.ahci: AHCI 0001.0301 32 slots 2 ports 6 Gbps 0x3 impl platform mode
[    5.666935] ahci-ceva fd0c0000.ahci: flags: 64bit ncq sntf pm clo only pmp fbs pio slum part ccc sds apst 
[    5.677626] scsi host0: ahci-ceva
[    5.681228] scsi host1: ahci-ceva
[    5.684652] ata1: SATA max UDMA/133 mmio [mem 0xfd0c0000-0xfd0c1fff] port 0x100 irq 45
[    5.692566] ata2: SATA max UDMA/133 mmio [mem 0xfd0c0000-0xfd0c1fff] port 0x180 irq 45
[    5.701164] ad9081 spi1.0: supply vdd not found, using dummy regulator
[    6.013932] ata2: SATA link down (SStatus 0 SControl 330)
[    6.019336] ata1: SATA link down (SStatus 0 SControl 330)
[    6.695725] zynqmp-display fd4a0000.display: [drm] Cannot find any crtc or sizes
[    6.853423] ad9081 spi1.0: Invalid param passed., "ref_clk_hz < 100000000ULL" in adi_ad9081_device_clk_config_set(...), line554 in drivers/iio/adc/ad9081/adi_ad9081_device.c
[    7.539026] ad9081 spi1.0: AD9081 Rev. 2 Grade 10 (API 1.2.2) probed
[    7.546214] xhci-hcd xhci-hcd.1.auto: xHCI Host Controller
[    7.551708] xhci-hcd xhci-hcd.1.auto: new USB bus registered, assigned bus number 1
[    7.559449] xhci-hcd xhci-hcd.1.auto: hcc params 0x0238f625 hci version 0x100 quirks 0x0000000002010810
[    7.568863] xhci-hcd xhci-hcd.1.auto: irq 59, io mem 0xfe200000
[    7.574969] usb usb1: New USB device found, idVendor=1d6b, idProduct=0002, bcdDevice= 5.10
[    7.583231] usb usb1: New USB device strings: Mfr=3, Product=2, SerialNumber=1
[    7.590447] usb usb1: Product: xHCI Host Controller
[    7.595316] usb usb1: Manufacturer: Linux 5.10.0-98103-g2aa7ac113716 xhci-hcd
[    7.602447] usb usb1: SerialNumber: xhci-hcd.1.auto
[    7.607618] hub 1-0:1.0: USB hub found
[    7.611386] hub 1-0:1.0: 1 port detected
[    7.615494] xhci-hcd xhci-hcd.1.auto: xHCI Host Controller
[    7.620981] xhci-hcd xhci-hcd.1.auto: new USB bus registered, assigned bus number 2
[    7.628634] xhci-hcd xhci-hcd.1.auto: Host supports USB 3.0 SuperSpeed
[    7.635256] usb usb2: New USB device found, idVendor=1d6b, idProduct=0003, bcdDevice= 5.10
[    7.643519] usb usb2: New USB device strings: Mfr=3, Product=2, SerialNumber=1
[    7.650738] usb usb2: Product: xHCI Host Controller
[    7.655607] usb usb2: Manufacturer: Linux 5.10.0-98103-g2aa7ac113716 xhci-hcd
[    7.662732] usb usb2: SerialNumber: xhci-hcd.1.auto
[    7.667846] hub 2-0:1.0: USB hub found
[    7.671597] hub 2-0:1.0: 1 port detected
[    7.701708] cf_axi_adc 84a10000.axi-ad9081-rx-hpc: ADI AIM (10.01.b) at 0x84A10000 mapped to 0x(____ptrval____), probed ADC AD9081 as MASTER
[    7.732546] cf_axi_dds 84b10000.axi-ad9081-tx-hpc: Analog Devices CF_AXI_DDS_DDS MASTER (9.01.b) at 0x84B10000 mapped to 0x(____ptrval____), probed DDS AD9081
[    7.746741] jesd204: /axi/spi@ff040000/ad9081@0,jesd204:0,parent=spi1.0: JESD204[2] transition initialized -> probed
[    7.757265] jesd204: /axi/spi@ff040000/ad9081@0,jesd204:0,parent=spi1.0: JESD204[0] transition initialized -> probed
[    7.767789] jesd204: /axi/spi@ff040000/ad9081@0,jesd204:0,parent=spi1.0: JESD204[2] transition probed -> idle
[    7.777697] jesd204: /axi/spi@ff040000/ad9081@0,jesd204:0,parent=spi1.0: JESD204[0] transition probed -> idle
[    7.787613] jesd204: /axi/spi@ff040000/ad9081@0,jesd204:0,parent=spi1.0: JESD204[2] transition idle -> device_init
[    7.797955] jesd204: /axi/spi@ff040000/ad9081@0,jesd204:0,parent=spi1.0: JESD204[0] transition idle -> device_init
[    7.808306] jesd204: /axi/spi@ff040000/ad9081@0,jesd204:0,parent=spi1.0: JESD204[2] transition device_init -> link_init
[    7.819085] jesd204: /axi/spi@ff040000/ad9081@0,jesd204:0,parent=spi1.0: JESD204[0] transition device_init -> link_init
[    7.829875] jesd204: /axi/spi@ff040000/ad9081@0,jesd204:0,parent=spi1.0: JESD204[2] transition link_init -> link_supported
[    7.840913] jesd204: /axi/spi@ff040000/ad9081@0,jesd204:0,parent=spi1.0: JESD204[0] transition link_init -> link_supported
[    7.852319] hmc7044 spi2.0: hmc7044_jesd204_link_pre_setup: Link2 forcing continuous SYSREF mode
[    7.861534] jesd204: /axi/spi@ff040000/ad9081@0,jesd204:0,parent=spi1.0: JESD204[2] transition link_supported -> link_pre_setup
[    7.873014] jesd204: /axi/spi@ff040000/ad9081@0,jesd204:0,parent=spi1.0: JESD204[0] transition link_supported -> link_pre_setup
[    7.896788] jesd204: /axi/spi@ff040000/ad9081@0,jesd204:0,parent=spi1.0: JESD204[2] transition link_pre_setup -> clk_sync_stage1
[    7.908355] jesd204: /axi/spi@ff040000/ad9081@0,jesd204:0,parent=spi1.0: JESD204[0] transition link_pre_setup -> clk_sync_stage1
[    7.919922] jesd204: /axi/spi@ff040000/ad9081@0,jesd204:0,parent=spi1.0: JESD204[2] transition clk_sync_stage1 -> clk_sync_stage2
[    7.931566] jesd204: /axi/spi@ff040000/ad9081@0,jesd204:0,parent=spi1.0: JESD204[0] transition clk_sync_stage1 -> clk_sync_stage2
[    7.943219] jesd204: /axi/spi@ff040000/ad9081@0,jesd204:0,parent=spi1.0: JESD204[2] transition clk_sync_stage2 -> clk_sync_stage3
[    7.954863] jesd204: /axi/spi@ff040000/ad9081@0,jesd204:0,parent=spi1.0: JESD204[0] transition clk_sync_stage2 -> clk_sync_stage3
[    7.968599] jesd204: /axi/spi@ff040000/ad9081@0,jesd204:0,parent=spi1.0: JESD204[2] transition clk_sync_stage3 -> link_setup
[    7.979814] jesd204: /axi/spi@ff040000/ad9081@0,jesd204:0,parent=spi1.0: JESD204[0] transition clk_sync_stage3 -> link_setup
[    7.995854] jesd204: /axi/spi@ff040000/ad9081@0,jesd204:0,parent=spi1.0: JESD204[2] transition link_setup -> opt_setup_stage1
[    8.007154] jesd204: /axi/spi@ff040000/ad9081@0,jesd204:0,parent=spi1.0: JESD204[0] transition link_setup -> opt_setup_stage1
[    8.023490] jesd204: /axi/spi@ff040000/ad9081@0,jesd204:0,parent=spi1.0: JESD204[2] transition opt_setup_stage1 -> opt_setup_stage2
[    8.035313] jesd204: /axi/spi@ff040000/ad9081@0,jesd204:0,parent=spi1.0: JESD204[0] transition opt_setup_stage1 -> opt_setup_stage2
[    8.047284] jesd204: /axi/spi@ff040000/ad9081@0,jesd204:0,parent=spi1.0: JESD204[2] transition opt_setup_stage2 -> opt_setup_stage3
[    8.059104] jesd204: /axi/spi@ff040000/ad9081@0,jesd204:0,parent=spi1.0: JESD204[0] transition opt_setup_stage2 -> opt_setup_stage3
[    8.070933] jesd204: /axi/spi@ff040000/ad9081@0,jesd204:0,parent=spi1.0: JESD204[2] transition opt_setup_stage3 -> opt_setup_stage4
[    8.082754] jesd204: /axi/spi@ff040000/ad9081@0,jesd204:0,parent=spi1.0: JESD204[0] transition opt_setup_stage3 -> opt_setup_stage4
[    8.094582] jesd204: /axi/spi@ff040000/ad9081@0,jesd204:0,parent=spi1.0: JESD204[2] transition opt_setup_stage4 -> opt_setup_stage5
[    8.106404] jesd204: /axi/spi@ff040000/ad9081@0,jesd204:0,parent=spi1.0: JESD204[0] transition opt_setup_stage4 -> opt_setup_stage5
[    8.124413] jesd204: /axi/spi@ff040000/ad9081@0,jesd204:0,parent=spi1.0: JESD204[2] transition opt_setup_stage5 -> clocks_enable
[    8.135973] jesd204: /axi/spi@ff040000/ad9081@0,jesd204:0,parent=spi1.0: JESD204[0] transition opt_setup_stage5 -> clocks_enable
[    8.147596] jesd204: /axi/spi@ff040000/ad9081@0,jesd204:0,parent=spi1.0: JESD204[2] transition clocks_enable -> link_enable
[    8.158724] jesd204: /axi/spi@ff040000/ad9081@0,jesd204:0,parent=spi1.0: JESD204[0] transition clocks_enable -> link_enable
[    8.191945] ad9081 spi1.0: JESD RX (JTX) Link2 in DATA, SYNC deasserted, PLL locked, PHASE established, MODE valid
[    8.202546] ad9081 spi1.0: JESD TX (JRX) Link0 0xF lanes in DATA
[    8.208557] jesd204: /axi/spi@ff040000/ad9081@0,jesd204:0,parent=spi1.0: JESD204[2] transition link_enable -> link_running
[    8.219596] jesd204: /axi/spi@ff040000/ad9081@0,jesd204:0,parent=spi1.0: JESD204[0] transition link_enable -> link_running
[    8.230643] jesd204: /axi/spi@ff040000/ad9081@0,jesd204:0,parent=spi1.0: JESD204[2] transition link_running -> opt_post_running_stage
[    8.242640] jesd204: /axi/spi@ff040000/ad9081@0,jesd204:0,parent=spi1.0: JESD204[0] transition link_running -> opt_post_running_stage
[    8.263875] input: gpio-keys as /devices/platform/gpio-keys/input/input0
[    8.270892] of_cfs_init
[    8.273359] of_cfs_init: OK
[    8.276304] cfg80211: Loading compiled-in X.509 certificates for regulatory database
[    8.414432] cfg80211: Loaded X.509 cert 'sforshee: 00b28ddf47aef9cea7'
[    8.420965] clk: Not disabling unused clocks
[    8.425494] ALSA device list:
[    8.428455]   No soundcards found.
[    8.432129] platform regulatory.0: Direct firmware load for regulatory.db failed with error -2
[    8.440736] cfg80211: failed to load regulatory.db
[    8.456702] EXT4-fs (mmcblk0p2): mounted filesystem with ordered data mode. Opts: (null)
[    8.464815] VFS: Mounted root (ext4 filesystem) on device 179:2.
[    8.477954] devtmpfs: mounted
[    8.481775] Freeing unused kernel memory: 2560K
[    8.491760] Run /sbin/init as init process
[    8.495852]   with arguments:
[    8.495855]     /sbin/init
[    8.495857]   with environment:
[    8.495859]     HOME=/
[    8.495861]     TERM=linux
[    9.063099] systemd[1]: systemd 241 running in system mode. (+PAM +AUDIT +SELINUX +IMA +APPARMOR +SMACK +SYSVINIT +UTMP +LIBCRYPTSETUP +GCRYPT +GNUTLS +ACL +XZ +LZ4 +SECCOMP +BLKID +ELFUTILS +KMOD -IDN2 +IDN -PCRE2 default-hierarchy=hybrid)
[    9.084958] systemd[1]: Detected architecture arm64.
[    9.108412] systemd[1]: Set hostname to <analog>.
[    9.298043] systemd[1]: File /lib/systemd/system/systemd-journald.service:12 configures an IP firewall (IPAddressDeny=any), but the local system does not support BPF/cgroup based firewalling.
[    9.315099] systemd[1]: Proceeding WITHOUT firewalling in effect! (This warning is only shown for the first loaded unit using IP firewalling.)
[    9.478098] systemd[1]: /etc/systemd/system/tof-server.service:1: Assignment outside of section. Ignoring.
[    9.487816] systemd[1]: /etc/systemd/system/tof-server.service:2: Assignment outside of section. Ignoring.
[    9.670744] random: systemd: uninitialized urandom read (16 bytes read)
[    9.685503] random: systemd: uninitialized urandom read (16 bytes read)
[    9.692730] systemd[1]: Created slice system-systemd\x2dfsck.slice.
[    9.716112] random: systemd: uninitialized urandom read (16 bytes read)
[    9.722996] systemd[1]: Listening on Journal Audit Socket.
[    9.743978] systemd[1]: Created slice User and Session Slice.
[   10.335197] ------------[ cut here ]------------
[   10.335206] Enabling unprepared \xa0\xc9Q\x88\xff\xff\xffPQ\x88\xff\xff\xff
[   10.335252] WARNING: CPU: 2 PID: 112 at drivers/clk/clk.c:1012 clk_core_enable+0xa4/0xc0
[   10.335255] Modules linked in:
[   10.335265] CPU: 2 PID: 112 Comm: kworker/2:1H Not tainted 5.10.0-98103-g2aa7ac113716 #5577
[   10.335268] Hardware name: ZynqMP ZCU102 Rev1.0 (DT)
[   10.335278] Workqueue: kblockd blk_mq_run_work_fn
[   10.335286] pstate: 80000085 (Nzcv daIf -PAN -UAO -TCO BTYPE=--)
[   10.335291] pc : clk_core_enable+0xa4/0xc0
[   10.335296] lr : clk_core_enable+0xa4/0xc0
[   10.335299] sp : ffffffc0127cb2d0
[   10.335302] x29: ffffffc0127cb2d0 x28: ffffff8800330c10 
[   10.335309] x27: ffffff8800330d48 x26: 0000005000000101 
[   10.335315] x25: 0000000262154fdc x24: 0000000000000001 
[   10.335322] x23: ffffff88010e9380 x22: ffffff8801083220 
[   10.335328] x21: ffffff8801515000 x20: ffffff8801515008 
[   10.335335] x19: ffffff8801515008 x18: 0000000000000030 
[   10.335341] x17: 0000000000000003 x16: 0000ab4cb61c1c52 
[   10.335348] x15: ffffffffffff87c8 x14: ffffffc011d3b1a0 
[   10.335354] x13: ffffffc011d3b1c8 x12: 00000000000005eb 
[   10.335361] x11: 00000000000001f9 x10: ffffffc011d671c8 
[   10.335367] x9 : 00000000fffff800 x8 : ffffffc011d3b1c8 
[   10.335374] x7 : ffffffc011d671c8 x6 : 0000000000000001 
[   10.335380] x5 : ffffff887f7929e0 x4 : 0000000000000000 
[   10.335386] x3 : 0000000000000027 x2 : 0000000000000023 
[   10.335393] x1 : a1e8546ed7ed8800 x0 : 0000000000000000 
[   10.335399] Call trace:
[   10.335406]  clk_core_enable+0xa4/0xc0
[   10.335410]  clk_enable+0x2c/0x60
[   10.335417]  zynqmp_runtime_resume+0x24/0x84
[   10.335423]  pm_generic_runtime_resume+0x30/0x50
[   10.335429]  __genpd_runtime_resume+0x30/0xb0
[   10.335435]  genpd_runtime_resume+0x90/0x250
[   10.335441]  __rpm_callback+0x10c/0x1e0
[   10.335446]  rpm_callback+0x5c/0x84
[   10.335451]  rpm_resume+0x4a4/0x74c
[   10.335456]  __pm_runtime_resume+0x78/0xc4
[   10.335461]  spi_mem_access_start.isra.0+0x30/0x80
[   10.335466]  spi_mem_exec_op+0x3b0/0x424
[   10.335470]  spi_nor_read_sr+0x78/0xe0
[   10.335475]  spi_nor_wait_till_ready_with_timeout+0xb4/0x2f0
[   10.335480]  spi_nor_read+0x188/0x380
[   10.335485]  mtd_read_oob_std+0x78/0x84
[   10.335489]  mtd_read_oob+0x7c/0x134
[   10.335494]  mtd_read+0x48/0x7c
[   10.335499]  mtdblock_readsect+0x6c/0x150
[   10.335505]  mtd_queue_rq+0x2cc/0x5a0
[   10.335510]  blk_mq_dispatch_rq_list+0x110/0x790
[   10.335517]  __blk_mq_do_dispatch_sched+0x200/0x274
[   10.335522]  __blk_mq_sched_dispatch_requests+0x1a8/0x1fc
[   10.335527]  blk_mq_sched_dispatch_requests+0x3c/0x7c
[   10.335532]  __blk_mq_run_hw_queue+0x98/0x100
[   10.335537]  blk_mq_run_work_fn+0x24/0x30
[   10.335543]  process_one_work+0x1d4/0x380
[   10.335547]  worker_thread+0x78/0x4e0
[   10.335552]  kthread+0x124/0x130
[   10.335558]  ret_from_fork+0x10/0x3c
[   10.335561] ---[ end trace ef242d3387f1a3aa ]---
[   10.335570] zynqmp-qspi ff0f0000.spi: Cannot enable APB clock.
[   10.335619] spi_master spi0: Failed to power device: -108
[   10.335629] blk_update_request: I/O error, dev mtdblock0, sector 8 op 0x0:(READ) flags 0x80700 phys_seg 1 prio class 0
[   10.335739] spi_master spi0: Failed to power device: -22
[   10.335747] blk_update_request: I/O error, dev mtdblock0, sector 8 op 0x0:(READ) flags 0x0 phys_seg 8 prio class 0
[   10.335754] Buffer I/O error on dev mtdblock0, logical block 8, async page read
[   10.335763] spi_master spi0: Failed to power device: -22
[   10.335769] blk_update_request: I/O error, dev mtdblock0, sector 9 op 0x0:(READ) flags 0x0 phys_seg 7 prio class 0
[   10.335773] Buffer I/O error on dev mtdblock0, logical block 9, async page read
[   10.335780] spi_master spi0: Failed to power device: -22
[   10.335786] blk_update_request: I/O error, dev mtdblock0, sector 10 op 0x0:(READ) flags 0x0 phys_seg 6 prio class 0
[   10.335790] Buffer I/O error on dev mtdblock0, logical block 10, async page read
[   10.335797] spi_master spi0: Failed to power device: -22
[   10.335803] blk_update_request: I/O error, dev mtdblock0, sector 11 op 0x0:(READ) flags 0x0 phys_seg 5 prio class 0
[   10.335812] Buffer I/O error on dev mtdblock0, logical block 11, async page read
[   10.335819] spi_master spi0: Failed to power device: -22
[   10.335825] blk_update_request: I/O error, dev mtdblock0, sector 12 op 0x0:(READ) flags 0x0 phys_seg 4 prio class 0
[   10.335829] Buffer I/O error on dev mtdblock0, logical block 12, async page read
[   10.335835] spi_master spi0: Failed to power device: -22
[   10.335841] blk_update_request: I/O error, dev mtdblock0, sector 13 op 0x0:(READ) flags 0x0 phys_seg 3 prio class 0
[   10.335845] Buffer I/O error on dev mtdblock0, logical block 13, async page read
[   10.335852] spi_master spi0: Failed to power device: -22
[   10.335857] blk_update_request: I/O error, dev mtdblock0, sector 14 op 0x0:(READ) flags 0x0 phys_seg 2 prio class 0
[   10.335861] Buffer I/O error on dev mtdblock0, logical block 14, async page read
[   10.335867] spi_master spi0: Failed to power device: -22
[   10.335873] blk_update_request: I/O error, dev mtdblock0, sector 15 op 0x0:(READ) flags 0x0 phys_seg 1 prio class 0
[   10.335877] Buffer I/O error on dev mtdblock0, logical block 15, async page read
[   10.336213] spi_master spi0: Failed to power device: -22
[   10.336220] blk_update_request: I/O error, dev mtdblock1, sector 10112 op 0x0:(READ) flags 0x80700 phys_seg 1 prio class 0
[   10.336265] spi_master spi0: Failed to power device: -22
[   10.336270] Buffer I/O error on dev mtdblock1, logical block 10112, async page read
[   10.336278] spi_master spi0: Failed to power device: -22
[   10.336283] Buffer I/O error on dev mtdblock1, logical block 10113, async page read
[   10.336290] spi_master spi0: Failed to power device: -22
[   10.336298] spi_master spi0: Failed to power device: -22
[   10.336306] spi_master spi0: Failed to power device: -22
[   10.336313] spi_master spi0: Failed to power device: -22
[   10.336321] spi_master spi0: Failed to power device: -22
[   10.336328] spi_master spi0: Failed to power device: -22
[   10.336557] spi_master spi0: Failed to power device: -22
[   10.336602] spi_master spi0: Failed to power device: -22
[   10.336611] spi_master spi0: Failed to power device: -22
[   10.336623] spi_master spi0: Failed to power device: -22
[   10.336630] spi_master spi0: Failed to power device: -22
[   10.336638] spi_master spi0: Failed to power device: -22
[   10.336645] spi_master spi0: Failed to power device: -22
[   10.336652] spi_master spi0: Failed to power device: -22
[   10.336659] spi_master spi0: Failed to power device: -22
[   10.336928] spi_master spi0: Failed to power device: -22
[   10.336972] spi_master spi0: Failed to power device: -22
[   10.336981] spi_master spi0: Failed to power device: -22
[   10.336989] spi_master spi0: Failed to power device: -22
[   10.336996] spi_master spi0: Failed to power device: -22
[   10.337004] spi_master spi0: Failed to power device: -22
[   10.337011] spi_master spi0: Failed to power device: -22
[   10.337018] spi_master spi0: Failed to power device: -22
[   10.337025] spi_master spi0: Failed to power device: -22
[   10.460891] EXT4-fs (mmcblk0p2): re-mounted. Opts: (null)
[   10.588551] systemd-journald[149]: Received request to flush runtime journal from PID 1
[   16.564479] macb ff0e0000.ethernet eth0: PHY [ff0e0000.ethernet-ffffffff:0c] driver [TI DP83867] (irq=POLL)
[   16.564492] macb ff0e0000.ethernet eth0: configuring for phy/rgmii-id link mode
[   16.823837] Adding 102396k swap on /var/swap.  Priority:-2 extents:4 across:9953604k SS
[   18.495739] random: crng init done
[   18.495750] random: 7 urandom warning(s) missed due to ratelimiting
[   19.391404] broken atomic modeset userspace detected, disabling atomic
[   20.641341] macb ff0e0000.ethernet eth0: Link is Up - 1Gbps/Full - flow control off
[   20.641367] IPv6: ADDRCONF(NETDEV_CHANGE): eth0: link becomes ready
[   22.077633] broken atomic modeset userspace detected, disabling atomic
[   25.182115] broken atomic modeset userspace detected, disabling atomic
[   27.806287] broken atomic modeset userspace detected, disabling atomic