[    0.000000] Booting Linux on physical CPU 0x0000000000 [0x410fd034]
[    0.000000] Linux version 5.10.0-98103-g2aa7ac113716 (jenkins@romlxbuild1.adlk.analog.com) (aarch64-xilinx-linux-gcc.real (GCC) 10.2.0, GNU ld (GNU Binutils) 2.35.0.20200730) #5577 SMP Wed Mar 23 07:28:49 GMT 2022
[    0.000000] Machine model: ZynqMP ZCU102 Rev1.0
[    0.000000] earlycon: cdns0 at MMIO 0x00000000ff000000 (options '115200n8')
[    0.000000] printk: bootconsole [cdns0] enabled
[    0.000000] efi: UEFI not found.
[    0.000000] cma: Reserved 256 MiB at 0x0000000070000000
[    0.000000] Zone ranges:
[    0.000000]   DMA      [mem 0x0000000000000000-0x000000003fffffff]
[    0.000000]   DMA32    [mem 0x0000000040000000-0x00000000ffffffff]
[    0.000000]   Normal   [mem 0x0000000100000000-0x000000087fffffff]
[    0.000000] Movable zone start for each node
[    0.000000] Early memory node ranges
[    0.000000]   node   0: [mem 0x0000000000000000-0x000000007fffffff]
[    0.000000]   node   0: [mem 0x0000000800000000-0x000000087fffffff]
[    0.000000] Initmem setup node 0 [mem 0x0000000000000000-0x000000087fffffff]
[    0.000000] On node 0 totalpages: 1048576
[    0.000000]   DMA zone: 3584 pages used for memmap
[    0.000000]   DMA zone: 0 pages reserved
[    0.000000]   DMA zone: 262144 pages, LIFO batch:63
[    0.000000]   DMA32 zone: 3584 pages used for memmap
[    0.000000]   DMA32 zone: 262144 pages, LIFO batch:63
[    0.000000]   Normal zone: 7168 pages used for memmap
[    0.000000]   Normal zone: 524288 pages, LIFO batch:63
[    0.000000] psci: probing for conduit method from DT.
[    0.000000] psci: PSCIv1.1 detected in firmware.
[    0.000000] psci: Using standard PSCI v0.2 function IDs
[    0.000000] psci: MIGRATE_INFO_TYPE not supported.
[    0.000000] psci: SMC Calling Convention v1.2
[    0.000000] percpu: Embedded 22 pages/cpu s49496 r8192 d32424 u90112
[    0.000000] pcpu-alloc: s49496 r8192 d32424 u90112 alloc=22*4096
[    0.000000] pcpu-alloc: [0] 0 [0] 1 [0] 2 [0] 3 
[    0.000000] Detected VIPT I-cache on CPU0
[    0.000000] CPU features: detected: ARM erratum 845719
[    0.000000] Built 1 zonelists, mobility grouping on.  Total pages: 1034240
[    0.000000] Kernel command line: console=ttyPS0,115200 root=/dev/mmcblk0p2 rw earlycon rootfstype=ext4 rootwait clk_ignore_unused cpuidle.off=1 root=/dev/mmcblk0p2 rw rootwait
[    0.000000] Dentry cache hash table entries: 524288 (order: 10, 4194304 bytes, linear)
[    0.000000] Inode-cache hash table entries: 262144 (order: 9, 2097152 bytes, linear)
[    0.000000] mem auto-init: stack:off, heap alloc:off, heap free:off
[    0.000000] software IO TLB: mapped [mem 0x000000003bfff000-0x000000003ffff000] (64MB)
[    0.000000] Memory: 3761904K/4194304K available (15296K kernel code, 1636K rwdata, 11876K rodata, 2560K init, 507K bss, 170256K reserved, 262144K cma-reserved)
[    0.000000] rcu: Hierarchical RCU implementation.
[    0.000000] rcu: 	RCU event tracing is enabled.
[    0.000000] rcu: 	RCU restricting CPUs from NR_CPUS=8 to nr_cpu_ids=4.
[    0.000000] rcu: RCU calculated value of scheduler-enlistment delay is 25 jiffies.
[    0.000000] rcu: Adjusting geometry for rcu_fanout_leaf=16, nr_cpu_ids=4
[    0.000000] NR_IRQS: 64, nr_irqs: 64, preallocated irqs: 0
[    0.000000] GIC: Adjusting CPU interface base to 0x00000000f902f000
[    0.000000] GIC: Using split EOI/Deactivate mode
[    0.000000] random: get_random_bytes called from start_kernel+0x31c/0x54c with crng_init=0
[    0.000000] arch_timer: cp15 timer(s) running at 100.00MHz (phys).
[    0.000000] clocksource: arch_sys_counter: mask: 0xffffffffffffff max_cycles: 0x171024e7e0, max_idle_ns: 440795205315 ns
[    0.000003] sched_clock: 56 bits at 100MHz, resolution 10ns, wraps every 4398046511100ns
[    0.008465] Console: colour dummy device 80x25
[    0.012483] Calibrating delay loop (skipped), value calculated using timer frequency.. 200.00 BogoMIPS (lpj=400000)
[    0.022841] pid_max: default: 32768 minimum: 301
[    0.027549] Mount-cache hash table entries: 8192 (order: 4, 65536 bytes, linear)
[    0.034789] Mountpoint-cache hash table entries: 8192 (order: 4, 65536 bytes, linear)
[    0.043399] rcu: Hierarchical SRCU implementation.
[    0.047560] EFI services will not be available.
[    0.051939] smp: Bringing up secondary CPUs ...
[    0.056656] Detected VIPT I-cache on CPU1
[    0.056696] CPU1: Booted secondary processor 0x0000000001 [0x410fd034]
[    0.057061] Detected VIPT I-cache on CPU2
[    0.057085] CPU2: Booted secondary processor 0x0000000002 [0x410fd034]
[    0.057425] Detected VIPT I-cache on CPU3
[    0.057448] CPU3: Booted secondary processor 0x0000000003 [0x410fd034]
[    0.057494] smp: Brought up 1 node, 4 CPUs
[    0.091780] SMP: Total of 4 processors activated.
[    0.096452] CPU features: detected: 32-bit EL0 Support
[    0.101556] CPU features: detected: CRC32 instructions
[    0.106695] CPU: All CPU(s) started at EL2
[    0.110736] alternatives: patching kernel code
[    0.116166] devtmpfs: initialized
[    0.124065] Registered cp15_barrier emulation handler
[    0.124115] Registered setend emulation handler
[    0.128093] clocksource: jiffies: mask: 0xffffffff max_cycles: 0xffffffff, max_idle_ns: 7645041785100000 ns
[    0.137670] futex hash table entries: 1024 (order: 4, 65536 bytes, linear)
[    0.151034] pinctrl core: initialized pinctrl subsystem
[    0.151683] NET: Registered protocol family 16
[    0.156102] DMA: preallocated 512 KiB GFP_KERNEL pool for atomic allocations
[    0.162115] DMA: preallocated 512 KiB GFP_KERNEL|GFP_DMA pool for atomic allocations
[    0.169843] DMA: preallocated 512 KiB GFP_KERNEL|GFP_DMA32 pool for atomic allocations
[    0.177644] audit: initializing netlink subsys (disabled)
[    0.183094] audit: type=2000 audit(0.116:1): state=initialized audit_enabled=0 res=1
[    0.183437] hw-breakpoint: found 6 breakpoint and 4 watchpoint registers.
[    0.197471] ASID allocator initialised with 65536 entries
[    0.224314] HugeTLB registered 1.00 GiB page size, pre-allocated 0 pages
[    0.225369] HugeTLB registered 32.0 MiB page size, pre-allocated 0 pages
[    0.232039] HugeTLB registered 2.00 MiB page size, pre-allocated 0 pages
[    0.238699] HugeTLB registered 64.0 KiB page size, pre-allocated 0 pages
[    1.304280] DRBG: Continuing without Jitter RNG
[    1.382091] raid6: neonx8   gen()  2143 MB/s
[    1.450143] raid6: neonx8   xor()  1600 MB/s
[    1.518198] raid6: neonx4   gen()  2194 MB/s
[    1.586244] raid6: neonx4   xor()  1564 MB/s
[    1.654319] raid6: neonx2   gen()  2075 MB/s
[    1.722360] raid6: neonx2   xor()  1439 MB/s
[    1.790439] raid6: neonx1   gen()  1772 MB/s
[    1.858477] raid6: neonx1   xor()  1220 MB/s
[    1.926532] raid6: int64x8  gen()  1438 MB/s
[    1.994590] raid6: int64x8  xor()   771 MB/s
[    2.062653] raid6: int64x4  gen()  1598 MB/s
[    2.130712] raid6: int64x4  xor()   815 MB/s
[    2.198778] raid6: int64x2  gen()  1397 MB/s
[    2.266826] raid6: int64x2  xor()   750 MB/s
[    2.334916] raid6: int64x1  gen()  1034 MB/s
[    2.402966] raid6: int64x1  xor()   517 MB/s
[    2.403004] raid6: using algorithm neonx4 gen() 2194 MB/s
[    2.406961] raid6: .... xor() 1564 MB/s, rmw enabled
[    2.411892] raid6: using neon recovery algorithm
[    2.416902] iommu: Default domain type: Translated 
[    2.421517] SCSI subsystem initialized
[    2.425061] libata version 3.00 loaded.
[    2.425186] usbcore: registered new interface driver usbfs
[    2.430515] usbcore: registered new interface driver hub
[    2.435790] usbcore: registered new device driver usb
[    2.440925] mc: Linux media interface: v0.10
[    2.445038] videodev: Linux video capture interface: v2.00
[    2.450531] EDAC MC: Ver: 3.0.0
[    2.453964] zynqmp-ipi-mbox mailbox@ff990400: Registered ZynqMP IPI mbox with TX/RX channels.
[    2.462461] jesd204: created con: id=0, topo=0, link=0, /axi/spi@ff050000/hmc7044@0 <-> /fpga-axi@0/axi-adxcvr-tx@84b60000
[    2.473060] jesd204: created con: id=1, topo=0, link=2, /axi/spi@ff050000/hmc7044@0 <-> /fpga-axi@0/axi-adxcvr-rx@84a60000
[    2.484044] jesd204: created con: id=2, topo=0, link=0, /fpga-axi@0/axi-adxcvr-tx@84b60000 <-> /fpga-axi@0/axi-jesd204-tx@84b90000
[    2.495720] jesd204: created con: id=3, topo=0, link=2, /fpga-axi@0/axi-adxcvr-rx@84a60000 <-> /fpga-axi@0/axi-jesd204-rx@84a90000
[    2.507397] jesd204: created con: id=4, topo=0, link=0, /fpga-axi@0/axi-jesd204-tx@84b90000 <-> /fpga-axi@0/axi-ad9081-tx-hpc@84b10000
[    2.519425] jesd204: created con: id=5, topo=0, link=2, /fpga-axi@0/axi-jesd204-rx@84a90000 <-> /fpga-axi@0/axi-ad9081-rx-hpc@84a10000
[    2.531447] jesd204: created con: id=6, topo=0, link=2, /fpga-axi@0/axi-ad9081-rx-hpc@84a10000 <-> /axi/spi@ff040000/ad9081@0
[    2.542689] jesd204: created con: id=7, topo=0, link=0, /fpga-axi@0/axi-ad9081-tx-hpc@84b10000 <-> /axi/spi@ff040000/ad9081@0
[    2.553939] jesd204: /axi/spi@ff040000/ad9081@0: JESD204[2] transition uninitialized -> initialized
[    2.562925] jesd204: /axi/spi@ff040000/ad9081@0: JESD204[0] transition uninitialized -> initialized
[    2.571916] jesd204: found 8 devices and 1 topologies
[    2.576959] FPGA manager framework
[    2.580436] Advanced Linux Sound Architecture Driver Initialized.
[    2.586733] Bluetooth: Core ver 2.22
[    2.589920] NET: Registered protocol family 31
[    2.594321] Bluetooth: HCI device and connection manager initialized
[    2.600638] Bluetooth: HCI socket layer initialized
[    2.605479] Bluetooth: L2CAP socket layer initialized
[    2.610504] Bluetooth: SCO socket layer initialized
[    2.615686] clocksource: Switched to clocksource arch_sys_counter
[    2.621494] VFS: Disk quotas dquot_6.6.0
[    2.625331] VFS: Dquot-cache hash table entries: 512 (order 0, 4096 bytes)
[    2.636037] NET: Registered protocol family 2
[    2.636783] tcp_listen_portaddr_hash hash table entries: 2048 (order: 3, 32768 bytes, linear)
[    2.644974] TCP established hash table entries: 32768 (order: 6, 262144 bytes, linear)
[    2.652996] TCP bind hash table entries: 32768 (order: 7, 524288 bytes, linear)
[    2.660442] TCP: Hash tables configured (established 32768 bind 32768)
[    2.666619] UDP hash table entries: 2048 (order: 4, 65536 bytes, linear)
[    2.673283] UDP-Lite hash table entries: 2048 (order: 4, 65536 bytes, linear)
[    2.680443] NET: Registered protocol family 1
[    2.684908] RPC: Registered named UNIX socket transport module.
[    2.690518] RPC: Registered udp transport module.
[    2.695185] RPC: Registered tcp transport module.
[    2.699853] RPC: Registered tcp NFSv4.1 backchannel transport module.
[    2.706838] PCI: CLS 0 bytes, default 64
[    2.710550] hw perfevents: no interrupt-affinity property for /pmu, guessing.
[    2.717403] hw perfevents: enabled with armv8_pmuv3 PMU driver, 7 counters available
[    2.725750] Initialise system trusted keyrings
[    2.729424] workingset: timestamp_bits=62 max_order=20 bucket_order=0
[    2.736337] NFS: Registering the id_resolver key type
[    2.740783] Key type id_resolver registered
[    2.744919] Key type id_legacy registered
[    2.748913] nfs4filelayout_init: NFSv4 File Layout Driver Registering...
[    2.755576] jffs2: version 2.2. (NAND) (SUMMARY)  Â© 2001-2006 Red Hat, Inc.
[    2.799365] NET: Registered protocol family 38
[    2.799408] xor: measuring software checksum speed
[    2.807093]    8regs           :  2363 MB/sec
[    2.810761]    32regs          :  2799 MB/sec
[    2.815708]    arm64_neon      :  2380 MB/sec
[    2.815894] xor: using function: 32regs (2799 MB/sec)
[    2.820920] Key type asymmetric registered
[    2.824981] Asymmetric key parser 'x509' registered
[    2.829843] Block layer SCSI generic (bsg) driver version 0.4 loaded (major 248)
[    2.837179] io scheduler mq-deadline registered
[    2.841675] io scheduler kyber registered
[    2.871051] Serial: 8250/16550 driver, 4 ports, IRQ sharing disabled
[    2.875698] cacheinfo: Unable to detect cache hierarchy for CPU 0
[    2.882033] brd: module loaded
[    2.886179] loop: module loaded
[    2.886732] Registered mathworks_ip class
[    2.890068] libphy: Fixed MDIO Bus: probed
[    2.893036] tun: Universal TUN/TAP device driver, 1.6
[    2.897098] CAN device driver interface
[    2.901635] usbcore: registered new interface driver asix
[    2.906227] usbcore: registered new interface driver ax88179_178a
[    2.912264] usbcore: registered new interface driver cdc_ether
[    2.918057] usbcore: registered new interface driver net1080
[    2.923686] usbcore: registered new interface driver cdc_subset
[    2.929562] usbcore: registered new interface driver zaurus
[    2.935108] usbcore: registered new interface driver cdc_ncm
[    2.941509] ehci_hcd: USB 2.0 'Enhanced' Host Controller (EHCI) Driver
[    2.947192] ehci-pci: EHCI PCI platform driver
[    2.951999] usbcore: registered new interface driver uas
[    2.956911] usbcore: registered new interface driver usb-storage
[    2.962902] usbcore: registered new interface driver usbserial_generic
[    2.969346] usbserial: USB Serial support registered for generic
[    2.975318] usbcore: registered new interface driver ftdi_sio
[    2.981021] usbserial: USB Serial support registered for FTDI USB Serial Device
[    2.988292] usbcore: registered new interface driver upd78f0730
[    2.994170] usbserial: USB Serial support registered for upd78f0730
[    3.001823] rtc_zynqmp ffa60000.rtc: registered as rtc0
[    3.005597] rtc_zynqmp ffa60000.rtc: setting system clock to 2022-04-12T20:25:52 UTC (1649795152)
[    3.014460] i2c /dev entries driver
[    3.019776] usbcore: registered new interface driver uvcvideo
[    3.023563] USB Video Class driver (1.1.1)
[    3.029147] Bluetooth: HCI UART driver ver 2.3
[    3.032053] Bluetooth: HCI UART protocol H4 registered
[    3.037151] Bluetooth: HCI UART protocol BCSP registered
[    3.042439] Bluetooth: HCI UART protocol LL registered
[    3.047530] Bluetooth: HCI UART protocol ATH3K registered
[    3.052904] Bluetooth: HCI UART protocol Three-wire (H5) registered
[    3.059157] Bluetooth: HCI UART protocol Intel registered
[    3.064495] Bluetooth: HCI UART protocol QCA registered
[    3.069697] usbcore: registered new interface driver bcm203x
[    3.075320] usbcore: registered new interface driver bpa10x
[    3.080853] usbcore: registered new interface driver bfusb
[    3.086305] usbcore: registered new interface driver btusb
[    3.091769] usbcore: registered new interface driver ath3k
[    3.097249] EDAC MC: ECC not enabled
[    3.100879] EDAC DEVICE0: Giving out device to module zynqmp-ocm-edac controller zynqmp_ocm: DEV ff960000.memory-controller (INTERRUPT)
[    3.113197] sdhci: Secure Digital Host Controller Interface driver
[    3.118980] sdhci: Copyright(c) Pierre Ossman
[    3.123302] sdhci-pltfm: SDHCI platform and OF driver helper
[    3.129357] ledtrig-cpu: registered to indicate activity on CPUs
[    3.134907] SMCCC: SOC_ID: ARCH_SOC_ID not implemented, skipping ....
[    3.141338] zynqmp_firmware_probe Platform Management API v1.1
[    3.147094] zynqmp_firmware_probe Trustzone version v1.0
[    3.186623] zynqmp-pinctrl firmware:zynqmp-firmware:pinctrl: zynqmp pinctrl initialized
[    3.234550] zynqmp-aes firmware:zynqmp-firmware:zynqmp-aes: will run requests pump with realtime priority
[    3.250329] alg: No test for xilinx-keccak-384 (zynqmp-keccak-384)
[    3.251040] alg: No test for xilinx-zynqmp-rsa (zynqmp-rsa)
[    3.256546] usbcore: registered new interface driver usbhid
[    3.261939] usbhid: USB HID core driver
[    3.273187] axi_sysid 85000000.axi-sysid-0: AXI System ID core version (1.01.a) found
[    3.275537] axi_sysid 85000000.axi-sysid-0: [ad9081_fmca_ebz] on [zcu102] git branch <master> git <084d44c9780640ca93fd847b1d9ec70dd65f5c67> clean [2022-03-18 04:17:50] UTC
[    3.291220] fpga_manager fpga0: Xilinx ZynqMP FPGA Manager registered
[    3.297579] usbcore: registered new interface driver snd-usb-audio
[    3.305032] pktgen: Packet Generator for packet performance testing. Version: 2.75
[    3.311205] Initializing XFRM netlink socket
[    3.315068] NET: Registered protocol family 10
[    3.319800] Segment Routing with IPv6
[    3.323160] sit: IPv6, IPv4 and MPLS over IPv4 tunneling driver
[    3.329239] NET: Registered protocol family 17
[    3.333342] NET: Registered protocol family 15
[    3.337833] can: controller area network core
[    3.342091] NET: Registered protocol family 29
[    3.346479] can: raw protocol
[    3.349415] can: broadcast manager protocol
[    3.353570] can: netlink gateway - max_hops=1
[    3.357964] Bluetooth: RFCOMM TTY layer initialized
[    3.362744] Bluetooth: RFCOMM socket layer initialized
[    3.367850] Bluetooth: RFCOMM ver 1.11
[    3.371558] Bluetooth: BNEP (Ethernet Emulation) ver 1.3
[    3.376834] Bluetooth: BNEP filters: protocol multicast
[    3.382028] Bluetooth: BNEP socket layer initialized
[    3.386955] Bluetooth: HIDP (Human Interface Emulation) ver 1.2
[    3.392838] Bluetooth: HIDP socket layer initialized
[    3.397896] 9pnet: Installing 9P2000 support
[    3.402015] NET: Registered protocol family 36
[    3.406433] Key type dns_resolver registered
[    3.410861] registered taskstats version 1
[    3.414729] Loading compiled-in X.509 certificates
[    3.419849] Btrfs loaded, crc32c=crc32c-generic
[    3.432242] ff000000.serial: ttyPS0 at MMIO 0xff000000 (irq = 49, base_baud = 6249999) is a xuartps
[    3.441263] printk: console [ttyPS0] enabled
[    3.445557] printk: bootconsole [cdns0] disabled
[    3.455190] ff010000.serial: ttyPS1 at MMIO 0xff010000 (irq = 50, base_baud = 6249999) is a xuartps
[    3.468438] of-fpga-region fpga-full: FPGA Region probed
[    3.475377] nwl-pcie fd0e0000.pcie: host bridge /axi/pcie@fd0e0000 ranges:
[    3.482270] nwl-pcie fd0e0000.pcie:      MEM 0x00e0000000..0x00efffffff -> 0x00e0000000
[    3.490271] nwl-pcie fd0e0000.pcie:      MEM 0x0600000000..0x07ffffffff -> 0x0600000000
[    3.498333] nwl-pcie fd0e0000.pcie: Link is DOWN
[    3.503090] nwl-pcie fd0e0000.pcie: PCI host bridge to bus 0000:00
[    3.509270] pci_bus 0000:00: root bus resource [bus 00-ff]
[    3.514750] pci_bus 0000:00: root bus resource [mem 0xe0000000-0xefffffff]
[    3.521616] pci_bus 0000:00: root bus resource [mem 0x600000000-0x7ffffffff pref]
[    3.529118] pci 0000:00:00.0: [10ee:d021] type 01 class 0x060400
[    3.535180] pci 0000:00:00.0: PME# supported from D0 D1 D2 D3hot
[    3.545623] pci 0000:00:00.0: PCI bridge to [bus 01-0c]
[    3.551598] xilinx-zynqmp-dma fd500000.dma: ZynqMP DMA driver Probe success
[    3.558776] xilinx-zynqmp-dma fd510000.dma: ZynqMP DMA driver Probe success
[    3.565949] xilinx-zynqmp-dma fd520000.dma: ZynqMP DMA driver Probe success
[    3.573125] xilinx-zynqmp-dma fd530000.dma: ZynqMP DMA driver Probe success
[    3.580295] xilinx-zynqmp-dma fd540000.dma: ZynqMP DMA driver Probe success
[    3.587467] xilinx-zynqmp-dma fd550000.dma: ZynqMP DMA driver Probe success
[    3.594635] xilinx-zynqmp-dma fd560000.dma: ZynqMP DMA driver Probe success
[    3.601807] xilinx-zynqmp-dma fd570000.dma: ZynqMP DMA driver Probe success
[    3.609206] xilinx-zynqmp-dpdma fd4c0000.dma-controller: Xilinx DPDMA engine is probed
[    3.617753] ahci-ceva fd0c0000.ahci: supply ahci not found, using dummy regulator
[    3.625295] ahci-ceva fd0c0000.ahci: supply phy not found, using dummy regulator
[    3.715861] hmc7044 spi2.0: PLL1: Acquisition, CLKIN0 @ 122880000 Hz, PFD: 80 kHz - PLL2: Locked @ 2720.000000 MHz
[    3.726572] jesd204: /axi/spi@ff050000/hmc7044@0,jesd204:1,parent=spi2.0: Using as SYSREF provider
[    3.736155] spi-nor spi0.0: SPI-NOR-UniqueID 100000235394732200270025081115266e
[    3.743464] spi-nor spi0.0: found n25q512a, expected m25p80
[    3.749668] spi-nor spi0.0: trying to lock already unlocked area
[    3.755674] spi-nor spi0.0: n25q512a (131072 Kbytes)
[    3.760652] 4 fixed-partitions partitions found on MTD device spi0.0
[    3.766998] Creating 4 MTD partitions on "spi0.0":
[    3.771783] 0x000000000000-0x000000100000 : "qspi-fsbl-uboot"
[    3.778265] 0x000000100000-0x000000600000 : "qspi-linux"
[    3.784223] 0x000000600000-0x000000620000 : "qspi-device-tree"
[    3.790703] 0x000000620000-0x000000c00000 : "qspi-rootfs"
[    3.799168] macb ff0e0000.ethernet: Not enabling partial store and forward
[    3.806673] libphy: MACB_mii_bus: probed
[    3.811728] macb ff0e0000.ethernet eth0: Cadence GEM rev 0x50070106 at 0xff0e0000 irq 30 (00:0a:35:04:8e:1b)
[    3.821932] xilinx-axipmon ffa00000.perf-monitor: Probed Xilinx APM
[    3.828509] xilinx-axipmon fd0b0000.perf-monitor: Probed Xilinx APM
[    3.835027] xilinx-axipmon fd490000.perf-monitor: Probed Xilinx APM
[    3.841573] xilinx-axipmon ffa10000.perf-monitor: Probed Xilinx APM
[    3.851563] pca953x 0-0020: supply vcc not found, using dummy regulator
[    3.858248] pca953x 0-0020: using no AI
[    3.862737] gpio-496 (sel0): hogged as output/low
[    3.867638] gpio-497 (sel1): hogged as output/high
[    3.872629] gpio-498 (sel2): hogged as output/high
[    3.877621] gpio-499 (sel3): hogged as output/high
[    3.882797] pca953x 0-0021: supply vcc not found, using dummy regulator
[    3.889469] pca953x 0-0021: using no AI
[    3.895217] ina2xx 2-0040: power monitor ina226 (Rshunt = 5000 uOhm)
[    3.902247] ina2xx 2-0041: power monitor ina226 (Rshunt = 5000 uOhm)
[    3.909282] ina2xx 2-0042: power monitor ina226 (Rshunt = 5000 uOhm)
[    3.916319] ina2xx 2-0043: power monitor ina226 (Rshunt = 5000 uOhm)
[    3.923342] ina2xx 2-0044: power monitor ina226 (Rshunt = 5000 uOhm)
[    3.930361] ina2xx 2-0045: power monitor ina226 (Rshunt = 5000 uOhm)
[    3.937398] ina2xx 2-0046: power monitor ina226 (Rshunt = 5000 uOhm)
[    3.944467] ina2xx 2-0047: power monitor ina226 (Rshunt = 5000 uOhm)
[    3.951495] ina2xx 2-004a: power monitor ina226 (Rshunt = 5000 uOhm)
[    3.958535] ina2xx 2-004b: power monitor ina226 (Rshunt = 5000 uOhm)
[    3.964946] i2c i2c-0: Added multiplexed i2c bus 2
[    3.970333] random: fast init done
[    3.973803] ina2xx 3-0040: power monitor ina226 (Rshunt = 2000 uOhm)
[    3.980835] ina2xx 3-0041: power monitor ina226 (Rshunt = 5000 uOhm)
[    3.987862] ina2xx 3-0042: power monitor ina226 (Rshunt = 5000 uOhm)
[    3.994893] ina2xx 3-0043: power monitor ina226 (Rshunt = 5000 uOhm)
[    4.001915] ina2xx 3-0044: power monitor ina226 (Rshunt = 5000 uOhm)
[    4.008941] ina2xx 3-0045: power monitor ina226 (Rshunt = 5000 uOhm)
[    4.015974] ina2xx 3-0046: power monitor ina226 (Rshunt = 5000 uOhm)
[    4.023003] ina2xx 3-0047: power monitor ina226 (Rshunt = 5000 uOhm)
[    4.029405] i2c i2c-0: Added multiplexed i2c bus 3
[    4.085416] i2c i2c-0: Added multiplexed i2c bus 4
[    4.090353] i2c i2c-0: Added multiplexed i2c bus 5
[    4.095143] pca954x 0-0075: registered 4 multiplexed busses for I2C mux pca9544
[    4.102492] cdns-i2c ff020000.i2c: 400 kHz mmio ff020000 irq 32
[    4.110233] at24 6-0054: supply vcc not found, using dummy regulator
[    4.117127] at24 6-0054: 1024 byte 24c08 EEPROM, writable, 1 bytes/write
[    4.123881] i2c i2c-1: Added multiplexed i2c bus 6
[    4.130311] si5341 7-0036: Chip: 5341 Grade: 1 Rev: 1
[    4.167994] i2c i2c-1: Added multiplexed i2c bus 7
[    4.175647] si570 8-005d: registered, current frequency 300000000 Hz
[    4.182053] i2c i2c-1: Added multiplexed i2c bus 8
[    4.201834] si570 9-005d: registered, current frequency 148500000 Hz
[    4.208232] i2c i2c-1: Added multiplexed i2c bus 9
[    4.213268] si5324 10-0069: si5328 probed
[    4.280044] si5324 10-0069: si5328 probe successful
[    4.284976] i2c i2c-1: Added multiplexed i2c bus 10
[    4.290000] i2c i2c-1: Added multiplexed i2c bus 11
[    4.295026] i2c i2c-1: Added multiplexed i2c bus 12
[    4.300049] i2c i2c-1: Added multiplexed i2c bus 13
[    4.304930] pca954x 1-0074: registered 8 multiplexed busses for I2C switch pca9548
[    4.313041] at24 14-0050: supply vcc not found, using dummy regulator
[    4.319832] at24 14-0050: 256 byte 24c02 EEPROM, writable, 1 bytes/write
[    4.326581] i2c i2c-1: Added multiplexed i2c bus 14
[    4.331623] i2c i2c-1: Added multiplexed i2c bus 15
[    4.336655] i2c i2c-1: Added multiplexed i2c bus 16
[    4.341690] i2c i2c-1: Added multiplexed i2c bus 17
[    4.346724] i2c i2c-1: Added multiplexed i2c bus 18
[    4.351768] i2c i2c-1: Added multiplexed i2c bus 19
[    4.356811] i2c i2c-1: Added multiplexed i2c bus 20
[    4.361849] i2c i2c-1: Added multiplexed i2c bus 21
[    4.366722] pca954x 1-0075: registered 8 multiplexed busses for I2C switch pca9548
[    4.374331] cdns-i2c ff030000.i2c: 400 kHz mmio ff030000 irq 33
[    4.384075] cdns-wdt fd4d0000.watchdog: Xilinx Watchdog Timer with timeout 60s
[    4.393130] axi_adxcvr 84a60000.axi-adxcvr-rx: adxcvr_enforce_settings: Using QPLL without access, assuming desired Lane rate will be configured by a different instance
[    4.409773] axi_adxcvr 84a60000.axi-adxcvr-rx: AXI-ADXCVR-RX (17.05.a) using QPLL on GTH4 at 0x84A60000. Number of lanes: 4.
[    4.421925] axi_adxcvr 84b60000.axi-adxcvr-tx: AXI-ADXCVR-TX (17.05.a) using QPLL on GTH4 at 0x84B60000. Number of lanes: 4.
[    4.425865] mmc0: SDHCI controller on ff170000.mmc [ff170000.mmc] using ADMA 64-bit
[    4.433571] axi-jesd204-rx 84a90000.axi-jesd204-rx: AXI-JESD204-RX (1.07.a) at 0x84A90000. Encoder 8b10b, width 4/4, lanes 4, jesd204-fsm.
[    4.453610] axi-jesd204-tx 84b90000.axi-jesd204-tx: AXI-JESD204-TX (1.06.a) at 0x84B90000. Encoder 8b10b, width 4/4, lanes 4, jesd204-fsm.
[    4.467123] zynqmp-display fd4a0000.display: vtc bridge property not present
[    4.473445] mmc0: new high speed SDHC card at address 0001
[    4.476778] xilinx-dp-snd-codec fd4a0000.display:zynqmp_dp_snd_codec0: Failed to get required clock freq
[    4.480015] mmcblk0: mmc0:0001 EB1QT 29.8 GiB 
[    4.489127] xilinx-dp-snd-codec: probe of fd4a0000.display:zynqmp_dp_snd_codec0 failed with error -22
[    4.494730]  mmcblk0: p1 p2 p3
[    4.503111] xilinx-dp-snd-pcm zynqmp_dp_snd_pcm0: Xilinx DisplayPort Sound PCM probed
[    4.513974] xilinx-dp-snd-pcm zynqmp_dp_snd_pcm1: Xilinx DisplayPort Sound PCM probed
[    4.522186] OF: graph: no port node found in /axi/display@fd4a0000
[    4.528596] xlnx-drm xlnx-drm.0: bound fd4a0000.display (ops 0xffffffc010fcbdb8)
[    5.615707] zynqmp-display fd4a0000.display: [drm] Cannot find any crtc or sizes
[    5.623332] [drm] Initialized xlnx 1.0.0 20130509 for fd4a0000.display on minor 0
[    5.630819] zynqmp-display fd4a0000.display: ZynqMP DisplayPort Subsystem driver probed
[    5.639126] ahci-ceva fd0c0000.ahci: supply ahci not found, using dummy regulator
[    5.646666] ahci-ceva fd0c0000.ahci: supply phy not found, using dummy regulator
[    5.654123] ahci-ceva fd0c0000.ahci: supply target not found, using dummy regulator
[    5.661959] ahci-ceva fd0c0000.ahci: AHCI 0001.0301 32 slots 2 ports 6 Gbps 0x3 impl platform mode
[    5.670917] ahci-ceva fd0c0000.ahci: flags: 64bit ncq sntf pm clo only pmp fbs pio slum part ccc sds apst 
[    5.681610] scsi host0: ahci-ceva
[    5.685202] scsi host1: ahci-ceva
[    5.688627] ata1: SATA max UDMA/133 mmio [mem 0xfd0c0000-0xfd0c1fff] port 0x100 irq 45
[    5.696543] ata2: SATA max UDMA/133 mmio [mem 0xfd0c0000-0xfd0c1fff] port 0x180 irq 45
[    5.705147] ad9081 spi1.0: supply vdd not found, using dummy regulator
[    6.017938] ata1: SATA link down (SStatus 0 SControl 330)
[    6.023349] ata2: SATA link down (SStatus 0 SControl 330)
[    6.699710] zynqmp-display fd4a0000.display: [drm] Cannot find any crtc or sizes
[    6.861189] ad9081 spi1.0: Invalid param passed., "ref_clk_hz < 100000000ULL" in adi_ad9081_device_clk_config_set(...), line554 in drivers/iio/adc/ad9081/adi_ad9081_device.c
[    7.547732] ad9081 spi1.0: AD9081 Rev. 2 Grade 10 (API 1.2.2) probed
[    7.554920] xhci-hcd xhci-hcd.1.auto: xHCI Host Controller
[    7.560415] xhci-hcd xhci-hcd.1.auto: new USB bus registered, assigned bus number 1
[    7.568162] xhci-hcd xhci-hcd.1.auto: hcc params 0x0238f625 hci version 0x100 quirks 0x0000000002010810
[    7.577575] xhci-hcd xhci-hcd.1.auto: irq 59, io mem 0xfe200000
[    7.583691] usb usb1: New USB device found, idVendor=1d6b, idProduct=0002, bcdDevice= 5.10
[    7.591949] usb usb1: New USB device strings: Mfr=3, Product=2, SerialNumber=1
[    7.599167] usb usb1: Product: xHCI Host Controller
[    7.604036] usb usb1: Manufacturer: Linux 5.10.0-98103-g2aa7ac113716 xhci-hcd
[    7.611161] usb usb1: SerialNumber: xhci-hcd.1.auto
[    7.616324] hub 1-0:1.0: USB hub found
[    7.620089] hub 1-0:1.0: 1 port detected
[    7.624191] xhci-hcd xhci-hcd.1.auto: xHCI Host Controller
[    7.629675] xhci-hcd xhci-hcd.1.auto: new USB bus registered, assigned bus number 2
[    7.637328] xhci-hcd xhci-hcd.1.auto: Host supports USB 3.0 SuperSpeed
[    7.643951] usb usb2: New USB device found, idVendor=1d6b, idProduct=0003, bcdDevice= 5.10
[    7.652214] usb usb2: New USB device strings: Mfr=3, Product=2, SerialNumber=1
[    7.659431] usb usb2: Product: xHCI Host Controller
[    7.664301] usb usb2: Manufacturer: Linux 5.10.0-98103-g2aa7ac113716 xhci-hcd
[    7.671431] usb usb2: SerialNumber: xhci-hcd.1.auto
[    7.676549] hub 2-0:1.0: USB hub found
[    7.680306] hub 2-0:1.0: 1 port detected
[    7.710377] cf_axi_adc 84a10000.axi-ad9081-rx-hpc: ADI AIM (10.01.b) at 0x84A10000 mapped to 0x(____ptrval____), probed ADC AD9081 as MASTER
[    7.740537] cf_axi_dds 84b10000.axi-ad9081-tx-hpc: Analog Devices CF_AXI_DDS_DDS MASTER (9.01.b) at 0x84B10000 mapped to 0x(____ptrval____), probed DDS AD9081
[    7.754731] jesd204: /axi/spi@ff040000/ad9081@0,jesd204:0,parent=spi1.0: JESD204[2] transition initialized -> probed
[    7.765248] jesd204: /axi/spi@ff040000/ad9081@0,jesd204:0,parent=spi1.0: JESD204[0] transition initialized -> probed
[    7.775772] jesd204: /axi/spi@ff040000/ad9081@0,jesd204:0,parent=spi1.0: JESD204[2] transition probed -> idle
[    7.785679] jesd204: /axi/spi@ff040000/ad9081@0,jesd204:0,parent=spi1.0: JESD204[0] transition probed -> idle
[    7.795597] jesd204: /axi/spi@ff040000/ad9081@0,jesd204:0,parent=spi1.0: JESD204[2] transition idle -> device_init
[    7.805939] jesd204: /axi/spi@ff040000/ad9081@0,jesd204:0,parent=spi1.0: JESD204[0] transition idle -> device_init
[    7.816289] jesd204: /axi/spi@ff040000/ad9081@0,jesd204:0,parent=spi1.0: JESD204[2] transition device_init -> link_init
[    7.827067] jesd204: /axi/spi@ff040000/ad9081@0,jesd204:0,parent=spi1.0: JESD204[0] transition device_init -> link_init
[    7.837858] jesd204: /axi/spi@ff040000/ad9081@0,jesd204:0,parent=spi1.0: JESD204[2] transition link_init -> link_supported
[    7.848895] jesd204: /axi/spi@ff040000/ad9081@0,jesd204:0,parent=spi1.0: JESD204[0] transition link_init -> link_supported
[    7.860306] hmc7044 spi2.0: hmc7044_jesd204_link_pre_setup: Link2 forcing continuous SYSREF mode
[    7.869517] jesd204: /axi/spi@ff040000/ad9081@0,jesd204:0,parent=spi1.0: JESD204[2] transition link_supported -> link_pre_setup
[    7.880996] jesd204: /axi/spi@ff040000/ad9081@0,jesd204:0,parent=spi1.0: JESD204[0] transition link_supported -> link_pre_setup
[    7.904777] jesd204: /axi/spi@ff040000/ad9081@0,jesd204:0,parent=spi1.0: JESD204[2] transition link_pre_setup -> clk_sync_stage1
[    7.916341] jesd204: /axi/spi@ff040000/ad9081@0,jesd204:0,parent=spi1.0: JESD204[0] transition link_pre_setup -> clk_sync_stage1
[    7.927906] jesd204: /axi/spi@ff040000/ad9081@0,jesd204:0,parent=spi1.0: JESD204[2] transition clk_sync_stage1 -> clk_sync_stage2
[    7.939548] jesd204: /axi/spi@ff040000/ad9081@0,jesd204:0,parent=spi1.0: JESD204[0] transition clk_sync_stage1 -> clk_sync_stage2
[    7.951201] jesd204: /axi/spi@ff040000/ad9081@0,jesd204:0,parent=spi1.0: JESD204[2] transition clk_sync_stage2 -> clk_sync_stage3
[    7.962846] jesd204: /axi/spi@ff040000/ad9081@0,jesd204:0,parent=spi1.0: JESD204[0] transition clk_sync_stage2 -> clk_sync_stage3
[    7.976574] jesd204: /axi/spi@ff040000/ad9081@0,jesd204:0,parent=spi1.0: JESD204[2] transition clk_sync_stage3 -> link_setup
[    7.987783] jesd204: /axi/spi@ff040000/ad9081@0,jesd204:0,parent=spi1.0: JESD204[0] transition clk_sync_stage3 -> link_setup
[    8.003881] jesd204: /axi/spi@ff040000/ad9081@0,jesd204:0,parent=spi1.0: JESD204[2] transition link_setup -> opt_setup_stage1
[    8.015180] jesd204: /axi/spi@ff040000/ad9081@0,jesd204:0,parent=spi1.0: JESD204[0] transition link_setup -> opt_setup_stage1
[    8.031522] jesd204: /axi/spi@ff040000/ad9081@0,jesd204:0,parent=spi1.0: JESD204[2] transition opt_setup_stage1 -> opt_setup_stage2
[    8.043347] jesd204: /axi/spi@ff040000/ad9081@0,jesd204:0,parent=spi1.0: JESD204[0] transition opt_setup_stage1 -> opt_setup_stage2
[    8.055319] jesd204: /axi/spi@ff040000/ad9081@0,jesd204:0,parent=spi1.0: JESD204[2] transition opt_setup_stage2 -> opt_setup_stage3
[    8.067144] jesd204: /axi/spi@ff040000/ad9081@0,jesd204:0,parent=spi1.0: JESD204[0] transition opt_setup_stage2 -> opt_setup_stage3
[    8.078971] jesd204: /axi/spi@ff040000/ad9081@0,jesd204:0,parent=spi1.0: JESD204[2] transition opt_setup_stage3 -> opt_setup_stage4
[    8.090789] jesd204: /axi/spi@ff040000/ad9081@0,jesd204:0,parent=spi1.0: JESD204[0] transition opt_setup_stage3 -> opt_setup_stage4
[    8.102619] jesd204: /axi/spi@ff040000/ad9081@0,jesd204:0,parent=spi1.0: JESD204[2] transition opt_setup_stage4 -> opt_setup_stage5
[    8.114444] jesd204: /axi/spi@ff040000/ad9081@0,jesd204:0,parent=spi1.0: JESD204[0] transition opt_setup_stage4 -> opt_setup_stage5
[    8.132410] jesd204: /axi/spi@ff040000/ad9081@0,jesd204:0,parent=spi1.0: JESD204[2] transition opt_setup_stage5 -> clocks_enable
[    8.143976] jesd204: /axi/spi@ff040000/ad9081@0,jesd204:0,parent=spi1.0: JESD204[0] transition opt_setup_stage5 -> clocks_enable
[    8.155597] jesd204: /axi/spi@ff040000/ad9081@0,jesd204:0,parent=spi1.0: JESD204[2] transition clocks_enable -> link_enable
[    8.166724] jesd204: /axi/spi@ff040000/ad9081@0,jesd204:0,parent=spi1.0: JESD204[0] transition clocks_enable -> link_enable
[    8.199932] ad9081 spi1.0: JESD RX (JTX) Link2 in DATA, SYNC deasserted, PLL locked, PHASE established, MODE valid
[    8.210537] ad9081 spi1.0: JESD TX (JRX) Link0 0xF lanes in DATA
[    8.216548] jesd204: /axi/spi@ff040000/ad9081@0,jesd204:0,parent=spi1.0: JESD204[2] transition link_enable -> link_running
[    8.227587] jesd204: /axi/spi@ff040000/ad9081@0,jesd204:0,parent=spi1.0: JESD204[0] transition link_enable -> link_running
[    8.238635] jesd204: /axi/spi@ff040000/ad9081@0,jesd204:0,parent=spi1.0: JESD204[2] transition link_running -> opt_post_running_stage
[    8.250633] jesd204: /axi/spi@ff040000/ad9081@0,jesd204:0,parent=spi1.0: JESD204[0] transition link_running -> opt_post_running_stage
[    8.271864] input: gpio-keys as /devices/platform/gpio-keys/input/input0
[    8.278871] of_cfs_init
[    8.281329] of_cfs_init: OK
[    8.284267] cfg80211: Loading compiled-in X.509 certificates for regulatory database
[    8.422365] cfg80211: Loaded X.509 cert 'sforshee: 00b28ddf47aef9cea7'
[    8.428897] clk: Not disabling unused clocks
[    8.433428] ALSA device list:
[    8.436388]   No soundcards found.
[    8.440075] platform regulatory.0: Direct firmware load for regulatory.db failed with error -2
[    8.448698] cfg80211: failed to load regulatory.db
[    8.462684] EXT4-fs (mmcblk0p2): mounted filesystem with ordered data mode. Opts: (null)
[    8.470801] VFS: Mounted root (ext4 filesystem) on device 179:2.
[    8.483941] devtmpfs: mounted
[    8.487783] Freeing unused kernel memory: 2560K
[    8.499742] Run /sbin/init as init process
[    8.503833]   with arguments:
[    8.503836]     /sbin/init
[    8.503838]   with environment:
[    8.503840]     HOME=/
[    8.503843]     TERM=linux
[    9.068636] systemd[1]: systemd 241 running in system mode. (+PAM +AUDIT +SELINUX +IMA +APPARMOR +SMACK +SYSVINIT +UTMP +LIBCRYPTSETUP +GCRYPT +GNUTLS +ACL +XZ +LZ4 +SECCOMP +BLKID +ELFUTILS +KMOD -IDN2 +IDN -PCRE2 default-hierarchy=hybrid)
[    9.090495] systemd[1]: Detected architecture arm64.
[    9.112395] systemd[1]: Set hostname to <analog>.
[    9.300517] systemd[1]: File /lib/systemd/system/systemd-journald.service:12 configures an IP firewall (IPAddressDeny=any), but the local system does not support BPF/cgroup based firewalling.
[    9.317589] systemd[1]: Proceeding WITHOUT firewalling in effect! (This warning is only shown for the first loaded unit using IP firewalling.)
[    9.480346] systemd[1]: /etc/systemd/system/tof-server.service:1: Assignment outside of section. Ignoring.
[    9.490033] systemd[1]: /etc/systemd/system/tof-server.service:2: Assignment outside of section. Ignoring.
[    9.672119] random: systemd: uninitialized urandom read (16 bytes read)
[    9.686785] random: systemd: uninitialized urandom read (16 bytes read)
[    9.693921] systemd[1]: Listening on Journal Socket.
[    9.708119] random: systemd: uninitialized urandom read (16 bytes read)
[    9.714936] systemd[1]: Listening on Journal Audit Socket.
[    9.737401] systemd[1]: Mounting RPC Pipe File System...
[   10.304468] ------------[ cut here ]------------
[   10.304476] Enabling unprepared \xa0P\x88\xff\xff\xff\x90G\x88\xff\xff\xff
[   10.304523] WARNING: CPU: 3 PID: 125 at drivers/clk/clk.c:1012 clk_core_enable+0xa4/0xc0
[   10.304526] Modules linked in:
[   10.304536] CPU: 3 PID: 125 Comm: kworker/3:1H Not tainted 5.10.0-98103-g2aa7ac113716 #5577
[   10.304539] Hardware name: ZynqMP ZCU102 Rev1.0 (DT)
[   10.304548] Workqueue: kblockd blk_mq_run_work_fn
[   10.304555] pstate: 80000085 (Nzcv daIf -PAN -UAO -TCO BTYPE=--)
[   10.304561] pc : clk_core_enable+0xa4/0xc0
[   10.304566] lr : clk_core_enable+0xa4/0xc0
[   10.304569] sp : ffffffc012afb2d0
[   10.304571] x29: ffffffc012afb2d0 x28: ffffff8800330c10 
[   10.304579] x27: ffffff8800330d48 x26: 0000005000000101 
[   10.304585] x25: 000000026040a526 x24: 0000000000000001 
[   10.304592] x23: ffffff8801120480 x22: ffffff8801083220 
[   10.304598] x21: ffffff8801479000 x20: ffffff8801479008 
[   10.304605] x19: ffffff8801479008 x18: 0000000000000030 
[   10.304611] x17: 0000000000000001 x16: 0000b3e9790023a4 
[   10.304618] x15: ffffffffffff87b0 x14: ffffffc011d3b1a0 
[   10.304624] x13: ffffffc011d3b1c8 x12: 00000000000005eb 
[   10.304630] x11: 00000000000001f9 x10: ffffffc011d671c8 
[   10.304637] x9 : 00000000fffff800 x8 : ffffffc011d3b1c8 
[   10.304643] x7 : ffffffc011d671c8 x6 : 0000000000000001 
[   10.304650] x5 : ffffff887f7a89e0 x4 : 0000000000000000 
[   10.304656] x3 : 0000000000000027 x2 : 0000000000000023 
[   10.304662] x1 : 3b32c941011bf000 x0 : 0000000000000000 
[   10.304669] Call trace:
[   10.304675]  clk_core_enable+0xa4/0xc0
[   10.304680]  clk_enable+0x2c/0x60
[   10.304687]  zynqmp_runtime_resume+0x24/0x84
[   10.304694]  pm_generic_runtime_resume+0x30/0x50
[   10.304700]  __genpd_runtime_resume+0x30/0xb0
[   10.304706]  genpd_runtime_resume+0x90/0x250
[   10.304712]  __rpm_callback+0x10c/0x1e0
[   10.304717]  rpm_callback+0x5c/0x84
[   10.304722]  rpm_resume+0x4a4/0x74c
[   10.304727]  __pm_runtime_resume+0x78/0xc4
[   10.304732]  spi_mem_access_start.isra.0+0x30/0x80
[   10.304736]  spi_mem_exec_op+0x3b0/0x424
[   10.304741]  spi_nor_read_sr+0x78/0xe0
[   10.304746]  spi_nor_wait_till_ready_with_timeout+0xb4/0x2f0
[   10.304750]  spi_nor_read+0x188/0x380
[   10.304756]  mtd_read_oob_std+0x78/0x84
[   10.304760]  mtd_read_oob+0x7c/0x134
[   10.304764]  mtd_read+0x48/0x7c
[   10.304770]  mtdblock_readsect+0x6c/0x150
[   10.304775]  mtd_queue_rq+0x2cc/0x5a0
[   10.304781]  blk_mq_dispatch_rq_list+0x110/0x790
[   10.304787]  __blk_mq_do_dispatch_sched+0x200/0x274
[   10.304793]  __blk_mq_sched_dispatch_requests+0x1a8/0x1fc
[   10.304798]  blk_mq_sched_dispatch_requests+0x3c/0x7c
[   10.304803]  __blk_mq_run_hw_queue+0x98/0x100
[   10.304808]  blk_mq_run_work_fn+0x24/0x30
[   10.304813]  process_one_work+0x1d4/0x380
[   10.304817]  worker_thread+0x78/0x4e0
[   10.304823]  kthread+0x124/0x130
[   10.304828]  ret_from_fork+0x10/0x3c
[   10.304831] ---[ end trace 4cf254977915e41b ]---
[   10.304839] zynqmp-qspi ff0f0000.spi: Cannot enable APB clock.
[   10.304888] spi_master spi0: Failed to power device: -108
[   10.304898] blk_update_request: I/O error, dev mtdblock0, sector 8 op 0x0:(READ) flags 0x80700 phys_seg 1 prio class 0
[   10.304977] spi_master spi0: Failed to power device: -22
[   10.304984] blk_update_request: I/O error, dev mtdblock0, sector 8 op 0x0:(READ) flags 0x0 phys_seg 8 prio class 0
[   10.304990] Buffer I/O error on dev mtdblock0, logical block 8, async page read
[   10.304999] spi_master spi0: Failed to power device: -22
[   10.305005] blk_update_request: I/O error, dev mtdblock0, sector 9 op 0x0:(READ) flags 0x0 phys_seg 7 prio class 0
[   10.305009] Buffer I/O error on dev mtdblock0, logical block 9, async page read
[   10.305016] spi_master spi0: Failed to power device: -22
[   10.305022] blk_update_request: I/O error, dev mtdblock0, sector 10 op 0x0:(READ) flags 0x0 phys_seg 6 prio class 0
[   10.305025] Buffer I/O error on dev mtdblock0, logical block 10, async page read
[   10.305033] spi_master spi0: Failed to power device: -22
[   10.305038] blk_update_request: I/O error, dev mtdblock0, sector 11 op 0x0:(READ) flags 0x0 phys_seg 5 prio class 0
[   10.305042] Buffer I/O error on dev mtdblock0, logical block 11, async page read
[   10.305049] spi_master spi0: Failed to power device: -22
[   10.305055] blk_update_request: I/O error, dev mtdblock0, sector 12 op 0x0:(READ) flags 0x0 phys_seg 4 prio class 0
[   10.305058] Buffer I/O error on dev mtdblock0, logical block 12, async page read
[   10.305065] spi_master spi0: Failed to power device: -22
[   10.305071] blk_update_request: I/O error, dev mtdblock0, sector 13 op 0x0:(READ) flags 0x0 phys_seg 3 prio class 0
[   10.305075] Buffer I/O error on dev mtdblock0, logical block 13, async page read
[   10.305081] spi_master spi0: Failed to power device: -22
[   10.305087] blk_update_request: I/O error, dev mtdblock0, sector 14 op 0x0:(READ) flags 0x0 phys_seg 2 prio class 0
[   10.305091] Buffer I/O error on dev mtdblock0, logical block 14, async page read
[   10.305097] spi_master spi0: Failed to power device: -22
[   10.305103] blk_update_request: I/O error, dev mtdblock0, sector 15 op 0x0:(READ) flags 0x0 phys_seg 1 prio class 0
[   10.305107] Buffer I/O error on dev mtdblock0, logical block 15, async page read
[   10.305447] spi_master spi0: Failed to power device: -22
[   10.305454] blk_update_request: I/O error, dev mtdblock1, sector 10112 op 0x0:(READ) flags 0x80700 phys_seg 1 prio class 0
[   10.305498] spi_master spi0: Failed to power device: -22
[   10.305503] Buffer I/O error on dev mtdblock1, logical block 10112, async page read
[   10.305511] spi_master spi0: Failed to power device: -22
[   10.305516] Buffer I/O error on dev mtdblock1, logical block 10113, async page read
[   10.305523] spi_master spi0: Failed to power device: -22
[   10.305531] spi_master spi0: Failed to power device: -22
[   10.305538] spi_master spi0: Failed to power device: -22
[   10.305546] spi_master spi0: Failed to power device: -22
[   10.305553] spi_master spi0: Failed to power device: -22
[   10.305560] spi_master spi0: Failed to power device: -22
[   10.305792] spi_master spi0: Failed to power device: -22
[   10.305837] spi_master spi0: Failed to power device: -22
[   10.305846] spi_master spi0: Failed to power device: -22
[   10.305854] spi_master spi0: Failed to power device: -22
[   10.305861] spi_master spi0: Failed to power device: -22
[   10.305869] spi_master spi0: Failed to power device: -22
[   10.305877] spi_master spi0: Failed to power device: -22
[   10.305884] spi_master spi0: Failed to power device: -22
[   10.305891] spi_master spi0: Failed to power device: -22
[   10.306160] spi_master spi0: Failed to power device: -22
[   10.306204] spi_master spi0: Failed to power device: -22
[   10.306213] spi_master spi0: Failed to power device: -22
[   10.306221] spi_master spi0: Failed to power device: -22
[   10.306229] spi_master spi0: Failed to power device: -22
[   10.306237] spi_master spi0: Failed to power device: -22
[   10.306244] spi_master spi0: Failed to power device: -22
[   10.306251] spi_master spi0: Failed to power device: -22
[   10.306258] spi_master spi0: Failed to power device: -22
[   10.430221] EXT4-fs (mmcblk0p2): re-mounted. Opts: (null)
[   10.548450] systemd-journald[157]: Received request to flush runtime journal from PID 1
[   16.318330] macb ff0e0000.ethernet eth0: PHY [ff0e0000.ethernet-ffffffff:0c] driver [TI DP83867] (irq=POLL)
[   16.318343] macb ff0e0000.ethernet eth0: configuring for phy/rgmii-id link mode
[   16.643738] Adding 102396k swap on /var/swap.  Priority:-2 extents:4 across:9953604k SS
[   18.307719] random: crng init done
[   18.307728] random: 7 urandom warning(s) missed due to ratelimiting
[   19.201322] broken atomic modeset userspace detected, disabling atomic
[   19.393335] macb ff0e0000.ethernet eth0: Link is Up - 1Gbps/Full - flow control off
[   19.393360] IPv6: ADDRCONF(NETDEV_CHANGE): eth0: link becomes ready
[   21.879909] broken atomic modeset userspace detected, disabling atomic
[   24.752110] broken atomic modeset userspace detected, disabling atomic
[   27.388459] broken atomic modeset userspace detected, disabling atomic