[    0.000000] Booting Linux on physical CPU 0x0000000000 [0x410fd034]
[    0.000000] Linux version 5.10.0-98103-g2aa7ac113716 (jenkins@romlxbuild1.adlk.analog.com) (aarch64-xilinx-linux-gcc.real (GCC) 10.2.0, GNU ld (GNU Binutils) 2.35.0.20200730) #5577 SMP Wed Mar 23 07:28:49 GMT 2022
[    0.000000] Machine model: ZynqMP ZCU102 Rev1.0
[    0.000000] earlycon: cdns0 at MMIO 0x00000000ff000000 (options '115200n8')
[    0.000000] printk: bootconsole [cdns0] enabled
[    0.000000] efi: UEFI not found.
[    0.000000] cma: Reserved 256 MiB at 0x0000000070000000
[    0.000000] Zone ranges:
[    0.000000]   DMA      [mem 0x0000000000000000-0x000000003fffffff]
[    0.000000]   DMA32    [mem 0x0000000040000000-0x00000000ffffffff]
[    0.000000]   Normal   [mem 0x0000000100000000-0x000000087fffffff]
[    0.000000] Movable zone start for each node
[    0.000000] Early memory node ranges
[    0.000000]   node   0: [mem 0x0000000000000000-0x000000007fffffff]
[    0.000000]   node   0: [mem 0x0000000800000000-0x000000087fffffff]
[    0.000000] Initmem setup node 0 [mem 0x0000000000000000-0x000000087fffffff]
[    0.000000] On node 0 totalpages: 1048576
[    0.000000]   DMA zone: 3584 pages used for memmap
[    0.000000]   DMA zone: 0 pages reserved
[    0.000000]   DMA zone: 262144 pages, LIFO batch:63
[    0.000000]   DMA32 zone: 3584 pages used for memmap
[    0.000000]   DMA32 zone: 262144 pages, LIFO batch:63
[    0.000000]   Normal zone: 7168 pages used for memmap
[    0.000000]   Normal zone: 524288 pages, LIFO batch:63
[    0.000000] psci: probing for conduit method from DT.
[    0.000000] psci: PSCIv1.1 detected in firmware.
[    0.000000] psci: Using standard PSCI v0.2 function IDs
[    0.000000] psci: MIGRATE_INFO_TYPE not supported.
[    0.000000] psci: SMC Calling Convention v1.2
[    0.000000] percpu: Embedded 22 pages/cpu s49496 r8192 d32424 u90112
[    0.000000] pcpu-alloc: s49496 r8192 d32424 u90112 alloc=22*4096
[    0.000000] pcpu-alloc: [0] 0 [0] 1 [0] 2 [0] 3 
[    0.000000] Detected VIPT I-cache on CPU0
[    0.000000] CPU features: detected: ARM erratum 845719
[    0.000000] Built 1 zonelists, mobility grouping on.  Total pages: 1034240
[    0.000000] Kernel command line: console=ttyPS0,115200 root=/dev/mmcblk0p2 rw earlycon rootfstype=ext4 rootwait clk_ignore_unused cpuidle.off=1 root=/dev/mmcblk0p2 rw rootwait
[    0.000000] Dentry cache hash table entries: 524288 (order: 10, 4194304 bytes, linear)
[    0.000000] Inode-cache hash table entries: 262144 (order: 9, 2097152 bytes, linear)
[    0.000000] mem auto-init: stack:off, heap alloc:off, heap free:off
[    0.000000] software IO TLB: mapped [mem 0x000000003bfff000-0x000000003ffff000] (64MB)
[    0.000000] Memory: 3761904K/4194304K available (15296K kernel code, 1636K rwdata, 11876K rodata, 2560K init, 507K bss, 170256K reserved, 262144K cma-reserved)
[    0.000000] rcu: Hierarchical RCU implementation.
[    0.000000] rcu: 	RCU event tracing is enabled.
[    0.000000] rcu: 	RCU restricting CPUs from NR_CPUS=8 to nr_cpu_ids=4.
[    0.000000] rcu: RCU calculated value of scheduler-enlistment delay is 25 jiffies.
[    0.000000] rcu: Adjusting geometry for rcu_fanout_leaf=16, nr_cpu_ids=4
[    0.000000] NR_IRQS: 64, nr_irqs: 64, preallocated irqs: 0
[    0.000000] GIC: Adjusting CPU interface base to 0x00000000f902f000
[    0.000000] GIC: Using split EOI/Deactivate mode
[    0.000000] random: get_random_bytes called from start_kernel+0x31c/0x54c with crng_init=0
[    0.000000] arch_timer: cp15 timer(s) running at 100.00MHz (phys).
[    0.000000] clocksource: arch_sys_counter: mask: 0xffffffffffffff max_cycles: 0x171024e7e0, max_idle_ns: 440795205315 ns
[    0.000003] sched_clock: 56 bits at 100MHz, resolution 10ns, wraps every 4398046511100ns
[    0.008463] Console: colour dummy device 80x25
[    0.012483] Calibrating delay loop (skipped), value calculated using timer frequency.. 200.00 BogoMIPS (lpj=400000)
[    0.022841] pid_max: default: 32768 minimum: 301
[    0.027550] Mount-cache hash table entries: 8192 (order: 4, 65536 bytes, linear)
[    0.034788] Mountpoint-cache hash table entries: 8192 (order: 4, 65536 bytes, linear)
[    0.043394] rcu: Hierarchical SRCU implementation.
[    0.047560] EFI services will not be available.
[    0.051938] smp: Bringing up secondary CPUs ...
[    0.056655] Detected VIPT I-cache on CPU1
[    0.056694] CPU1: Booted secondary processor 0x0000000001 [0x410fd034]
[    0.057059] Detected VIPT I-cache on CPU2
[    0.057083] CPU2: Booted secondary processor 0x0000000002 [0x410fd034]
[    0.057422] Detected VIPT I-cache on CPU3
[    0.057445] CPU3: Booted secondary processor 0x0000000003 [0x410fd034]
[    0.057491] smp: Brought up 1 node, 4 CPUs
[    0.091779] SMP: Total of 4 processors activated.
[    0.096452] CPU features: detected: 32-bit EL0 Support
[    0.101556] CPU features: detected: CRC32 instructions
[    0.106693] CPU: All CPU(s) started at EL2
[    0.110736] alternatives: patching kernel code
[    0.116169] devtmpfs: initialized
[    0.124070] Registered cp15_barrier emulation handler
[    0.124120] Registered setend emulation handler
[    0.128100] clocksource: jiffies: mask: 0xffffffff max_cycles: 0xffffffff, max_idle_ns: 7645041785100000 ns
[    0.137678] futex hash table entries: 1024 (order: 4, 65536 bytes, linear)
[    0.151038] pinctrl core: initialized pinctrl subsystem
[    0.151684] NET: Registered protocol family 16
[    0.156101] DMA: preallocated 512 KiB GFP_KERNEL pool for atomic allocations
[    0.162116] DMA: preallocated 512 KiB GFP_KERNEL|GFP_DMA pool for atomic allocations
[    0.169843] DMA: preallocated 512 KiB GFP_KERNEL|GFP_DMA32 pool for atomic allocations
[    0.177644] audit: initializing netlink subsys (disabled)
[    0.183094] audit: type=2000 audit(0.116:1): state=initialized audit_enabled=0 res=1
[    0.183441] hw-breakpoint: found 6 breakpoint and 4 watchpoint registers.
[    0.197473] ASID allocator initialised with 65536 entries
[    0.224343] HugeTLB registered 1.00 GiB page size, pre-allocated 0 pages
[    0.225394] HugeTLB registered 32.0 MiB page size, pre-allocated 0 pages
[    0.232066] HugeTLB registered 2.00 MiB page size, pre-allocated 0 pages
[    0.238725] HugeTLB registered 64.0 KiB page size, pre-allocated 0 pages
[    1.304306] DRBG: Continuing without Jitter RNG
[    1.382127] raid6: neonx8   gen()  2138 MB/s
[    1.450171] raid6: neonx8   xor()  1597 MB/s
[    1.518233] raid6: neonx4   gen()  2199 MB/s
[    1.586286] raid6: neonx4   xor()  1568 MB/s
[    1.654350] raid6: neonx2   gen()  2076 MB/s
[    1.722396] raid6: neonx2   xor()  1439 MB/s
[    1.790469] raid6: neonx1   gen()  1772 MB/s
[    1.858509] raid6: neonx1   xor()  1220 MB/s
[    1.926565] raid6: int64x8  gen()  1438 MB/s
[    1.994623] raid6: int64x8  xor()   771 MB/s
[    2.062687] raid6: int64x4  gen()  1598 MB/s
[    2.130741] raid6: int64x4  xor()   817 MB/s
[    2.198816] raid6: int64x2  gen()  1397 MB/s
[    2.266859] raid6: int64x2  xor()   750 MB/s
[    2.334933] raid6: int64x1  gen()  1033 MB/s
[    2.402997] raid6: int64x1  xor()   517 MB/s
[    2.403035] raid6: using algorithm neonx4 gen() 2199 MB/s
[    2.406987] raid6: .... xor() 1568 MB/s, rmw enabled
[    2.411917] raid6: using neon recovery algorithm
[    2.416929] iommu: Default domain type: Translated 
[    2.421543] SCSI subsystem initialized
[    2.425087] libata version 3.00 loaded.
[    2.425211] usbcore: registered new interface driver usbfs
[    2.430544] usbcore: registered new interface driver hub
[    2.435816] usbcore: registered new device driver usb
[    2.440951] mc: Linux media interface: v0.10
[    2.445064] videodev: Linux video capture interface: v2.00
[    2.450557] EDAC MC: Ver: 3.0.0
[    2.453996] zynqmp-ipi-mbox mailbox@ff990400: Registered ZynqMP IPI mbox with TX/RX channels.
[    2.462507] jesd204: created con: id=0, topo=0, link=0, /axi/spi@ff050000/hmc7044@0 <-> /fpga-axi@0/axi-adxcvr-tx@84b60000
[    2.473086] jesd204: created con: id=1, topo=0, link=2, /axi/spi@ff050000/hmc7044@0 <-> /fpga-axi@0/axi-adxcvr-rx@84a60000
[    2.484070] jesd204: created con: id=2, topo=0, link=0, /fpga-axi@0/axi-adxcvr-tx@84b60000 <-> /fpga-axi@0/axi-jesd204-tx@84b90000
[    2.495746] jesd204: created con: id=3, topo=0, link=2, /fpga-axi@0/axi-adxcvr-rx@84a60000 <-> /fpga-axi@0/axi-jesd204-rx@84a90000
[    2.507423] jesd204: created con: id=4, topo=0, link=0, /fpga-axi@0/axi-jesd204-tx@84b90000 <-> /fpga-axi@0/axi-ad9081-tx-hpc@84b10000
[    2.519451] jesd204: created con: id=5, topo=0, link=2, /fpga-axi@0/axi-jesd204-rx@84a90000 <-> /fpga-axi@0/axi-ad9081-rx-hpc@84a10000
[    2.531473] jesd204: created con: id=6, topo=0, link=2, /fpga-axi@0/axi-ad9081-rx-hpc@84a10000 <-> /axi/spi@ff040000/ad9081@0
[    2.542715] jesd204: created con: id=7, topo=0, link=0, /fpga-axi@0/axi-ad9081-tx-hpc@84b10000 <-> /axi/spi@ff040000/ad9081@0
[    2.553965] jesd204: /axi/spi@ff040000/ad9081@0: JESD204[2] transition uninitialized -> initialized
[    2.562951] jesd204: /axi/spi@ff040000/ad9081@0: JESD204[0] transition uninitialized -> initialized
[    2.571943] jesd204: found 8 devices and 1 topologies
[    2.576987] FPGA manager framework
[    2.580467] Advanced Linux Sound Architecture Driver Initialized.
[    2.586759] Bluetooth: Core ver 2.22
[    2.589947] NET: Registered protocol family 31
[    2.594347] Bluetooth: HCI device and connection manager initialized
[    2.600664] Bluetooth: HCI socket layer initialized
[    2.605506] Bluetooth: L2CAP socket layer initialized
[    2.610529] Bluetooth: SCO socket layer initialized
[    2.615709] clocksource: Switched to clocksource arch_sys_counter
[    2.621522] VFS: Disk quotas dquot_6.6.0
[    2.625356] VFS: Dquot-cache hash table entries: 512 (order 0, 4096 bytes)
[    2.636071] NET: Registered protocol family 2
[    2.636801] tcp_listen_portaddr_hash hash table entries: 2048 (order: 3, 32768 bytes, linear)
[    2.644997] TCP established hash table entries: 32768 (order: 6, 262144 bytes, linear)
[    2.653022] TCP bind hash table entries: 32768 (order: 7, 524288 bytes, linear)
[    2.660467] TCP: Hash tables configured (established 32768 bind 32768)
[    2.666642] UDP hash table entries: 2048 (order: 4, 65536 bytes, linear)
[    2.673308] UDP-Lite hash table entries: 2048 (order: 4, 65536 bytes, linear)
[    2.680468] NET: Registered protocol family 1
[    2.684924] RPC: Registered named UNIX socket transport module.
[    2.690545] RPC: Registered udp transport module.
[    2.695209] RPC: Registered tcp transport module.
[    2.699878] RPC: Registered tcp NFSv4.1 backchannel transport module.
[    2.706870] PCI: CLS 0 bytes, default 64
[    2.710576] hw perfevents: no interrupt-affinity property for /pmu, guessing.
[    2.717429] hw perfevents: enabled with armv8_pmuv3 PMU driver, 7 counters available
[    2.725783] Initialise system trusted keyrings
[    2.729461] workingset: timestamp_bits=62 max_order=20 bucket_order=0
[    2.736359] NFS: Registering the id_resolver key type
[    2.740808] Key type id_resolver registered
[    2.744946] Key type id_legacy registered
[    2.748936] nfs4filelayout_init: NFSv4 File Layout Driver Registering...
[    2.755601] jffs2: version 2.2. (NAND) (SUMMARY)  Â© 2001-2006 Red Hat, Inc.
[    2.797301] NET: Registered protocol family 38
[    2.797343] xor: measuring software checksum speed
[    2.805034]    8regs           :  2363 MB/sec
[    2.808703]    32regs          :  2799 MB/sec
[    2.813645]    arm64_neon      :  2380 MB/sec
[    2.813836] xor: using function: 32regs (2799 MB/sec)
[    2.818861] Key type asymmetric registered
[    2.822922] Asymmetric key parser 'x509' registered
[    2.827783] Block layer SCSI generic (bsg) driver version 0.4 loaded (major 248)
[    2.835120] io scheduler mq-deadline registered
[    2.839617] io scheduler kyber registered
[    2.869022] Serial: 8250/16550 driver, 4 ports, IRQ sharing disabled
[    2.873668] cacheinfo: Unable to detect cache hierarchy for CPU 0
[    2.880011] brd: module loaded
[    2.884159] loop: module loaded
[    2.884705] Registered mathworks_ip class
[    2.888032] libphy: Fixed MDIO Bus: probed
[    2.891001] tun: Universal TUN/TAP device driver, 1.6
[    2.895091] CAN device driver interface
[    2.899607] usbcore: registered new interface driver asix
[    2.904201] usbcore: registered new interface driver ax88179_178a
[    2.910240] usbcore: registered new interface driver cdc_ether
[    2.916034] usbcore: registered new interface driver net1080
[    2.921658] usbcore: registered new interface driver cdc_subset
[    2.927539] usbcore: registered new interface driver zaurus
[    2.933084] usbcore: registered new interface driver cdc_ncm
[    2.939485] ehci_hcd: USB 2.0 'Enhanced' Host Controller (EHCI) Driver
[    2.945166] ehci-pci: EHCI PCI platform driver
[    2.949965] usbcore: registered new interface driver uas
[    2.954886] usbcore: registered new interface driver usb-storage
[    2.960874] usbcore: registered new interface driver usbserial_generic
[    2.967323] usbserial: USB Serial support registered for generic
[    2.973296] usbcore: registered new interface driver ftdi_sio
[    2.978998] usbserial: USB Serial support registered for FTDI USB Serial Device
[    2.986275] usbcore: registered new interface driver upd78f0730
[    2.992146] usbserial: USB Serial support registered for upd78f0730
[    2.999807] rtc_zynqmp ffa60000.rtc: registered as rtc0
[    3.003563] rtc_zynqmp ffa60000.rtc: setting system clock to 2022-04-12T19:00:11 UTC (1649790011)
[    3.012435] i2c /dev entries driver
[    3.017747] usbcore: registered new interface driver uvcvideo
[    3.021547] USB Video Class driver (1.1.1)
[    3.027116] Bluetooth: HCI UART driver ver 2.3
[    3.030029] Bluetooth: HCI UART protocol H4 registered
[    3.035127] Bluetooth: HCI UART protocol BCSP registered
[    3.040416] Bluetooth: HCI UART protocol LL registered
[    3.045505] Bluetooth: HCI UART protocol ATH3K registered
[    3.050880] Bluetooth: HCI UART protocol Three-wire (H5) registered
[    3.057134] Bluetooth: HCI UART protocol Intel registered
[    3.062471] Bluetooth: HCI UART protocol QCA registered
[    3.067675] usbcore: registered new interface driver bcm203x
[    3.073294] usbcore: registered new interface driver bpa10x
[    3.078828] usbcore: registered new interface driver bfusb
[    3.084280] usbcore: registered new interface driver btusb
[    3.089743] usbcore: registered new interface driver ath3k
[    3.095224] EDAC MC: ECC not enabled
[    3.098854] EDAC DEVICE0: Giving out device to module zynqmp-ocm-edac controller zynqmp_ocm: DEV ff960000.memory-controller (INTERRUPT)
[    3.111165] sdhci: Secure Digital Host Controller Interface driver
[    3.116954] sdhci: Copyright(c) Pierre Ossman
[    3.121279] sdhci-pltfm: SDHCI platform and OF driver helper
[    3.127329] ledtrig-cpu: registered to indicate activity on CPUs
[    3.132889] SMCCC: SOC_ID: ARCH_SOC_ID not implemented, skipping ....
[    3.139308] zynqmp_firmware_probe Platform Management API v1.1
[    3.145074] zynqmp_firmware_probe Trustzone version v1.0
[    3.184624] zynqmp-pinctrl firmware:zynqmp-firmware:pinctrl: zynqmp pinctrl initialized
[    3.232624] zynqmp-aes firmware:zynqmp-firmware:zynqmp-aes: will run requests pump with realtime priority
[    3.248378] alg: No test for xilinx-keccak-384 (zynqmp-keccak-384)
[    3.249091] alg: No test for xilinx-zynqmp-rsa (zynqmp-rsa)
[    3.254607] usbcore: registered new interface driver usbhid
[    3.259993] usbhid: USB HID core driver
[    3.271215] axi_sysid 85000000.axi-sysid-0: AXI System ID core version (1.01.a) found
[    3.273580] axi_sysid 85000000.axi-sysid-0: [ad9081_fmca_ebz] on [zcu102] git branch <master> git <084d44c9780640ca93fd847b1d9ec70dd65f5c67> clean [2022-03-18 04:17:50] UTC
[    3.289257] fpga_manager fpga0: Xilinx ZynqMP FPGA Manager registered
[    3.295613] usbcore: registered new interface driver snd-usb-audio
[    3.303044] pktgen: Packet Generator for packet performance testing. Version: 2.75
[    3.309236] Initializing XFRM netlink socket
[    3.313094] NET: Registered protocol family 10
[    3.317816] Segment Routing with IPv6
[    3.321191] sit: IPv6, IPv4 and MPLS over IPv4 tunneling driver
[    3.327265] NET: Registered protocol family 17
[    3.331365] NET: Registered protocol family 15
[    3.335851] can: controller area network core
[    3.340117] NET: Registered protocol family 29
[    3.344506] can: raw protocol
[    3.347437] can: broadcast manager protocol
[    3.351597] can: netlink gateway - max_hops=1
[    3.355992] Bluetooth: RFCOMM TTY layer initialized
[    3.360773] Bluetooth: RFCOMM socket layer initialized
[    3.365881] Bluetooth: RFCOMM ver 1.11
[    3.369592] Bluetooth: BNEP (Ethernet Emulation) ver 1.3
[    3.374862] Bluetooth: BNEP filters: protocol multicast
[    3.380054] Bluetooth: BNEP socket layer initialized
[    3.384984] Bluetooth: HIDP (Human Interface Emulation) ver 1.2
[    3.390867] Bluetooth: HIDP socket layer initialized
[    3.395920] 9pnet: Installing 9P2000 support
[    3.400045] NET: Registered protocol family 36
[    3.404458] Key type dns_resolver registered
[    3.408895] registered taskstats version 1
[    3.412758] Loading compiled-in X.509 certificates
[    3.417871] Btrfs loaded, crc32c=crc32c-generic
[    3.430271] ff000000.serial: ttyPS0 at MMIO 0xff000000 (irq = 49, base_baud = 6249999) is a xuartps
[    3.439291] printk: console [ttyPS0] enabled
[    3.443586] printk: bootconsole [cdns0] disabled
[    3.453199] ff010000.serial: ttyPS1 at MMIO 0xff010000 (irq = 50, base_baud = 6249999) is a xuartps
[    3.466440] of-fpga-region fpga-full: FPGA Region probed
[    3.473393] nwl-pcie fd0e0000.pcie: host bridge /axi/pcie@fd0e0000 ranges:
[    3.480289] nwl-pcie fd0e0000.pcie:      MEM 0x00e0000000..0x00efffffff -> 0x00e0000000
[    3.488295] nwl-pcie fd0e0000.pcie:      MEM 0x0600000000..0x07ffffffff -> 0x0600000000
[    3.496362] nwl-pcie fd0e0000.pcie: Link is DOWN
[    3.501118] nwl-pcie fd0e0000.pcie: PCI host bridge to bus 0000:00
[    3.507297] pci_bus 0000:00: root bus resource [bus 00-ff]
[    3.512779] pci_bus 0000:00: root bus resource [mem 0xe0000000-0xefffffff]
[    3.519643] pci_bus 0000:00: root bus resource [mem 0x600000000-0x7ffffffff pref]
[    3.527147] pci 0000:00:00.0: [10ee:d021] type 01 class 0x060400
[    3.533209] pci 0000:00:00.0: PME# supported from D0 D1 D2 D3hot
[    3.543656] pci 0000:00:00.0: PCI bridge to [bus 01-0c]
[    3.549631] xilinx-zynqmp-dma fd500000.dma: ZynqMP DMA driver Probe success
[    3.556805] xilinx-zynqmp-dma fd510000.dma: ZynqMP DMA driver Probe success
[    3.563982] xilinx-zynqmp-dma fd520000.dma: ZynqMP DMA driver Probe success
[    3.571149] xilinx-zynqmp-dma fd530000.dma: ZynqMP DMA driver Probe success
[    3.578317] xilinx-zynqmp-dma fd540000.dma: ZynqMP DMA driver Probe success
[    3.585486] xilinx-zynqmp-dma fd550000.dma: ZynqMP DMA driver Probe success
[    3.592656] xilinx-zynqmp-dma fd560000.dma: ZynqMP DMA driver Probe success
[    3.599832] xilinx-zynqmp-dma fd570000.dma: ZynqMP DMA driver Probe success
[    3.607233] xilinx-zynqmp-dpdma fd4c0000.dma-controller: Xilinx DPDMA engine is probed
[    3.615788] ahci-ceva fd0c0000.ahci: supply ahci not found, using dummy regulator
[    3.623326] ahci-ceva fd0c0000.ahci: supply phy not found, using dummy regulator
[    3.711883] hmc7044 spi2.0: PLL1: Acquisition, CLKIN0 @ 122880000 Hz, PFD: 80 kHz - PLL2: Locked @ 2448.000000 MHz
[    3.722598] jesd204: /axi/spi@ff050000/hmc7044@0,jesd204:1,parent=spi2.0: Using as SYSREF provider
[    3.732185] spi-nor spi0.0: SPI-NOR-UniqueID 100000235394732200270025081115266e
[    3.739495] spi-nor spi0.0: found n25q512a, expected m25p80
[    3.745705] spi-nor spi0.0: trying to lock already unlocked area
[    3.751710] spi-nor spi0.0: n25q512a (131072 Kbytes)
[    3.756691] 4 fixed-partitions partitions found on MTD device spi0.0
[    3.763038] Creating 4 MTD partitions on "spi0.0":
[    3.767825] 0x000000000000-0x000000100000 : "qspi-fsbl-uboot"
[    3.774320] 0x000000100000-0x000000600000 : "qspi-linux"
[    3.780286] 0x000000600000-0x000000620000 : "qspi-device-tree"
[    3.786771] 0x000000620000-0x000000c00000 : "qspi-rootfs"
[    3.795249] macb ff0e0000.ethernet: Not enabling partial store and forward
[    3.802765] libphy: MACB_mii_bus: probed
[    3.807846] macb ff0e0000.ethernet eth0: Cadence GEM rev 0x50070106 at 0xff0e0000 irq 30 (00:0a:35:04:8e:1b)
[    3.818040] xilinx-axipmon ffa00000.perf-monitor: Probed Xilinx APM
[    3.824605] xilinx-axipmon fd0b0000.perf-monitor: Probed Xilinx APM
[    3.831119] xilinx-axipmon fd490000.perf-monitor: Probed Xilinx APM
[    3.837649] xilinx-axipmon ffa10000.perf-monitor: Probed Xilinx APM
[    3.847655] pca953x 0-0020: supply vcc not found, using dummy regulator
[    3.854342] pca953x 0-0020: using no AI
[    3.858829] gpio-496 (sel0): hogged as output/low
[    3.863732] gpio-497 (sel1): hogged as output/high
[    3.868719] gpio-498 (sel2): hogged as output/high
[    3.873701] gpio-499 (sel3): hogged as output/high
[    3.878874] pca953x 0-0021: supply vcc not found, using dummy regulator
[    3.885540] pca953x 0-0021: using no AI
[    3.891299] ina2xx 2-0040: power monitor ina226 (Rshunt = 5000 uOhm)
[    3.898332] ina2xx 2-0041: power monitor ina226 (Rshunt = 5000 uOhm)
[    3.905371] ina2xx 2-0042: power monitor ina226 (Rshunt = 5000 uOhm)
[    3.912400] ina2xx 2-0043: power monitor ina226 (Rshunt = 5000 uOhm)
[    3.919426] ina2xx 2-0044: power monitor ina226 (Rshunt = 5000 uOhm)
[    3.926445] ina2xx 2-0045: power monitor ina226 (Rshunt = 5000 uOhm)
[    3.933473] ina2xx 2-0046: power monitor ina226 (Rshunt = 5000 uOhm)
[    3.940550] ina2xx 2-0047: power monitor ina226 (Rshunt = 5000 uOhm)
[    3.947578] ina2xx 2-004a: power monitor ina226 (Rshunt = 5000 uOhm)
[    3.954604] ina2xx 2-004b: power monitor ina226 (Rshunt = 5000 uOhm)
[    3.961011] i2c i2c-0: Added multiplexed i2c bus 2
[    3.966397] random: fast init done
[    3.969882] ina2xx 3-0040: power monitor ina226 (Rshunt = 2000 uOhm)
[    3.976907] ina2xx 3-0041: power monitor ina226 (Rshunt = 5000 uOhm)
[    3.983932] ina2xx 3-0042: power monitor ina226 (Rshunt = 5000 uOhm)
[    3.990971] ina2xx 3-0043: power monitor ina226 (Rshunt = 5000 uOhm)
[    3.997997] ina2xx 3-0044: power monitor ina226 (Rshunt = 5000 uOhm)
[    4.005024] ina2xx 3-0045: power monitor ina226 (Rshunt = 5000 uOhm)
[    4.012058] ina2xx 3-0046: power monitor ina226 (Rshunt = 5000 uOhm)
[    4.019089] ina2xx 3-0047: power monitor ina226 (Rshunt = 5000 uOhm)
[    4.025489] i2c i2c-0: Added multiplexed i2c bus 3
[    4.081932] i2c i2c-0: Added multiplexed i2c bus 4
[    4.086877] i2c i2c-0: Added multiplexed i2c bus 5
[    4.091669] pca954x 0-0075: registered 4 multiplexed busses for I2C mux pca9544
[    4.099019] cdns-i2c ff020000.i2c: 400 kHz mmio ff020000 irq 32
[    4.106755] at24 6-0054: supply vcc not found, using dummy regulator
[    4.113642] at24 6-0054: 1024 byte 24c08 EEPROM, writable, 1 bytes/write
[    4.120390] i2c i2c-1: Added multiplexed i2c bus 6
[    4.126822] si5341 7-0036: Chip: 5341 Grade: 1 Rev: 1
[    4.164529] i2c i2c-1: Added multiplexed i2c bus 7
[    4.172180] si570 8-005d: registered, current frequency 300000000 Hz
[    4.178580] i2c i2c-1: Added multiplexed i2c bus 8
[    4.198364] si570 9-005d: registered, current frequency 148500000 Hz
[    4.204767] i2c i2c-1: Added multiplexed i2c bus 9
[    4.209810] si5324 10-0069: si5328 probed
[    4.276067] si5324 10-0069: si5328 probe successful
[    4.280997] i2c i2c-1: Added multiplexed i2c bus 10
[    4.286022] i2c i2c-1: Added multiplexed i2c bus 11
[    4.291049] i2c i2c-1: Added multiplexed i2c bus 12
[    4.296071] i2c i2c-1: Added multiplexed i2c bus 13
[    4.300944] pca954x 1-0074: registered 8 multiplexed busses for I2C switch pca9548
[    4.309053] at24 14-0050: supply vcc not found, using dummy regulator
[    4.315841] at24 14-0050: 256 byte 24c02 EEPROM, writable, 1 bytes/write
[    4.322587] i2c i2c-1: Added multiplexed i2c bus 14
[    4.327624] i2c i2c-1: Added multiplexed i2c bus 15
[    4.332666] i2c i2c-1: Added multiplexed i2c bus 16
[    4.337696] i2c i2c-1: Added multiplexed i2c bus 17
[    4.342730] i2c i2c-1: Added multiplexed i2c bus 18
[    4.347774] i2c i2c-1: Added multiplexed i2c bus 19
[    4.352817] i2c i2c-1: Added multiplexed i2c bus 20
[    4.357850] i2c i2c-1: Added multiplexed i2c bus 21
[    4.362727] pca954x 1-0075: registered 8 multiplexed busses for I2C switch pca9548
[    4.370337] cdns-i2c ff030000.i2c: 400 kHz mmio ff030000 irq 33
[    4.380081] cdns-wdt fd4d0000.watchdog: Xilinx Watchdog Timer with timeout 60s
[    4.389135] axi_adxcvr 84a60000.axi-adxcvr-rx: adxcvr_enforce_settings: Using QPLL without access, assuming desired Lane rate will be configured by a different instance
[    4.405772] axi_adxcvr 84a60000.axi-adxcvr-rx: AXI-ADXCVR-RX (17.05.a) using QPLL on GTH4 at 0x84A60000. Number of lanes: 4.
[    4.417925] axi_adxcvr 84b60000.axi-adxcvr-tx: AXI-ADXCVR-TX (17.05.a) using QPLL on GTH4 at 0x84B60000. Number of lanes: 4.
[    4.421855] mmc0: SDHCI controller on ff170000.mmc [ff170000.mmc] using ADMA 64-bit
[    4.429575] axi-jesd204-rx 84a90000.axi-jesd204-rx: AXI-JESD204-RX (1.07.a) at 0x84A90000. Encoder 8b10b, width 4/4, lanes 4, jesd204-fsm.
[    4.449614] axi-jesd204-tx 84b90000.axi-jesd204-tx: AXI-JESD204-TX (1.06.a) at 0x84B90000. Encoder 8b10b, width 4/4, lanes 4, jesd204-fsm.
[    4.463122] zynqmp-display fd4a0000.display: vtc bridge property not present
[    4.469472] mmc0: new high speed SDHC card at address 0001
[    4.472775] xilinx-dp-snd-codec fd4a0000.display:zynqmp_dp_snd_codec0: Failed to get required clock freq
[    4.476011] mmcblk0: mmc0:0001 EB1QT 29.8 GiB 
[    4.485123] xilinx-dp-snd-codec: probe of fd4a0000.display:zynqmp_dp_snd_codec0 failed with error -22
[    4.490800]  mmcblk0: p1 p2 p3
[    4.499114] xilinx-dp-snd-pcm zynqmp_dp_snd_pcm0: Xilinx DisplayPort Sound PCM probed
[    4.509975] xilinx-dp-snd-pcm zynqmp_dp_snd_pcm1: Xilinx DisplayPort Sound PCM probed
[    4.518188] OF: graph: no port node found in /axi/display@fd4a0000
[    4.524601] xlnx-drm xlnx-drm.0: bound fd4a0000.display (ops 0xffffffc010fcbdb8)
[    5.611729] zynqmp-display fd4a0000.display: [drm] Cannot find any crtc or sizes
[    5.619346] [drm] Initialized xlnx 1.0.0 20130509 for fd4a0000.display on minor 0
[    5.626841] zynqmp-display fd4a0000.display: ZynqMP DisplayPort Subsystem driver probed
[    5.635152] ahci-ceva fd0c0000.ahci: supply ahci not found, using dummy regulator
[    5.642700] ahci-ceva fd0c0000.ahci: supply phy not found, using dummy regulator
[    5.650154] ahci-ceva fd0c0000.ahci: supply target not found, using dummy regulator
[    5.657990] ahci-ceva fd0c0000.ahci: AHCI 0001.0301 32 slots 2 ports 6 Gbps 0x3 impl platform mode
[    5.666948] ahci-ceva fd0c0000.ahci: flags: 64bit ncq sntf pm clo only pmp fbs pio slum part ccc sds apst 
[    5.677634] scsi host0: ahci-ceva
[    5.681239] scsi host1: ahci-ceva
[    5.684665] ata1: SATA max UDMA/133 mmio [mem 0xfd0c0000-0xfd0c1fff] port 0x100 irq 45
[    5.692579] ata2: SATA max UDMA/133 mmio [mem 0xfd0c0000-0xfd0c1fff] port 0x180 irq 45
[    5.701182] ad9081 spi1.0: supply vdd not found, using dummy regulator
[    6.013935] ata2: SATA link down (SStatus 0 SControl 330)
[    6.019343] ata1: SATA link down (SStatus 0 SControl 330)
[    6.695732] zynqmp-display fd4a0000.display: [drm] Cannot find any crtc or sizes
[    6.853422] ad9081 spi1.0: Invalid param passed., "ref_clk_hz < 100000000ULL" in adi_ad9081_device_clk_config_set(...), line554 in drivers/iio/adc/ad9081/adi_ad9081_device.c
[    7.555502] ad9081 spi1.0: AD9081 Rev. 2 Grade 10 (API 1.2.2) probed
[    7.562697] xhci-hcd xhci-hcd.1.auto: xHCI Host Controller
[    7.568191] xhci-hcd xhci-hcd.1.auto: new USB bus registered, assigned bus number 1
[    7.575939] xhci-hcd xhci-hcd.1.auto: hcc params 0x0238f625 hci version 0x100 quirks 0x0000000002010810
[    7.585354] xhci-hcd xhci-hcd.1.auto: irq 59, io mem 0xfe200000
[    7.591462] usb usb1: New USB device found, idVendor=1d6b, idProduct=0002, bcdDevice= 5.10
[    7.599728] usb usb1: New USB device strings: Mfr=3, Product=2, SerialNumber=1
[    7.606942] usb usb1: Product: xHCI Host Controller
[    7.611812] usb usb1: Manufacturer: Linux 5.10.0-98103-g2aa7ac113716 xhci-hcd
[    7.618938] usb usb1: SerialNumber: xhci-hcd.1.auto
[    7.624108] hub 1-0:1.0: USB hub found
[    7.627871] hub 1-0:1.0: 1 port detected
[    7.631968] xhci-hcd xhci-hcd.1.auto: xHCI Host Controller
[    7.637449] xhci-hcd xhci-hcd.1.auto: new USB bus registered, assigned bus number 2
[    7.645103] xhci-hcd xhci-hcd.1.auto: Host supports USB 3.0 SuperSpeed
[    7.651735] usb usb2: New USB device found, idVendor=1d6b, idProduct=0003, bcdDevice= 5.10
[    7.659997] usb usb2: New USB device strings: Mfr=3, Product=2, SerialNumber=1
[    7.667207] usb usb2: Product: xHCI Host Controller
[    7.672076] usb usb2: Manufacturer: Linux 5.10.0-98103-g2aa7ac113716 xhci-hcd
[    7.679201] usb usb2: SerialNumber: xhci-hcd.1.auto
[    7.684312] hub 2-0:1.0: USB hub found
[    7.688074] hub 2-0:1.0: 1 port detected
[    7.718195] cf_axi_adc 84a10000.axi-ad9081-rx-hpc: ADI AIM (10.01.b) at 0x84A10000 mapped to 0x(____ptrval____), probed ADC AD9081 as MASTER
[    7.748555] cf_axi_dds 84b10000.axi-ad9081-tx-hpc: Analog Devices CF_AXI_DDS_DDS MASTER (9.01.b) at 0x84B10000 mapped to 0x(____ptrval____), probed DDS AD9081
[    7.762751] jesd204: /axi/spi@ff040000/ad9081@0,jesd204:0,parent=spi1.0: JESD204[2] transition initialized -> probed
[    7.773276] jesd204: /axi/spi@ff040000/ad9081@0,jesd204:0,parent=spi1.0: JESD204[0] transition initialized -> probed
[    7.783799] jesd204: /axi/spi@ff040000/ad9081@0,jesd204:0,parent=spi1.0: JESD204[2] transition probed -> idle
[    7.793706] jesd204: /axi/spi@ff040000/ad9081@0,jesd204:0,parent=spi1.0: JESD204[0] transition probed -> idle
[    7.803626] jesd204: /axi/spi@ff040000/ad9081@0,jesd204:0,parent=spi1.0: JESD204[2] transition idle -> device_init
[    7.813975] jesd204: /axi/spi@ff040000/ad9081@0,jesd204:0,parent=spi1.0: JESD204[0] transition idle -> device_init
[    7.824326] jesd204: /axi/spi@ff040000/ad9081@0,jesd204:0,parent=spi1.0: JESD204[2] transition device_init -> link_init
[    7.835101] jesd204: /axi/spi@ff040000/ad9081@0,jesd204:0,parent=spi1.0: JESD204[0] transition device_init -> link_init
[    7.845893] jesd204: /axi/spi@ff040000/ad9081@0,jesd204:0,parent=spi1.0: JESD204[2] transition link_init -> link_supported
[    7.856931] jesd204: /axi/spi@ff040000/ad9081@0,jesd204:0,parent=spi1.0: JESD204[0] transition link_init -> link_supported
[    7.868336] hmc7044 spi2.0: hmc7044_jesd204_link_pre_setup: Link2 forcing continuous SYSREF mode
[    7.877557] jesd204: /axi/spi@ff040000/ad9081@0,jesd204:0,parent=spi1.0: JESD204[2] transition link_supported -> link_pre_setup
[    7.889032] jesd204: /axi/spi@ff040000/ad9081@0,jesd204:0,parent=spi1.0: JESD204[0] transition link_supported -> link_pre_setup
[    7.912969] jesd204: /axi/spi@ff040000/ad9081@0,jesd204:0,parent=spi1.0: JESD204[2] transition link_pre_setup -> clk_sync_stage1
[    7.924533] jesd204: /axi/spi@ff040000/ad9081@0,jesd204:0,parent=spi1.0: JESD204[0] transition link_pre_setup -> clk_sync_stage1
[    7.936096] jesd204: /axi/spi@ff040000/ad9081@0,jesd204:0,parent=spi1.0: JESD204[2] transition clk_sync_stage1 -> clk_sync_stage2
[    7.947742] jesd204: /axi/spi@ff040000/ad9081@0,jesd204:0,parent=spi1.0: JESD204[0] transition clk_sync_stage1 -> clk_sync_stage2
[    7.959394] jesd204: /axi/spi@ff040000/ad9081@0,jesd204:0,parent=spi1.0: JESD204[2] transition clk_sync_stage2 -> clk_sync_stage3
[    7.971038] jesd204: /axi/spi@ff040000/ad9081@0,jesd204:0,parent=spi1.0: JESD204[0] transition clk_sync_stage2 -> clk_sync_stage3
[    7.984753] jesd204: /axi/spi@ff040000/ad9081@0,jesd204:0,parent=spi1.0: JESD204[2] transition clk_sync_stage3 -> link_setup
[    7.995972] jesd204: /axi/spi@ff040000/ad9081@0,jesd204:0,parent=spi1.0: JESD204[0] transition clk_sync_stage3 -> link_setup
[    8.011987] jesd204: /axi/spi@ff040000/ad9081@0,jesd204:0,parent=spi1.0: JESD204[2] transition link_setup -> opt_setup_stage1
[    8.023285] jesd204: /axi/spi@ff040000/ad9081@0,jesd204:0,parent=spi1.0: JESD204[0] transition link_setup -> opt_setup_stage1
[    8.039605] jesd204: /axi/spi@ff040000/ad9081@0,jesd204:0,parent=spi1.0: JESD204[2] transition opt_setup_stage1 -> opt_setup_stage2
[    8.051427] jesd204: /axi/spi@ff040000/ad9081@0,jesd204:0,parent=spi1.0: JESD204[0] transition opt_setup_stage1 -> opt_setup_stage2
[    8.063392] jesd204: /axi/spi@ff040000/ad9081@0,jesd204:0,parent=spi1.0: JESD204[2] transition opt_setup_stage2 -> opt_setup_stage3
[    8.075223] jesd204: /axi/spi@ff040000/ad9081@0,jesd204:0,parent=spi1.0: JESD204[0] transition opt_setup_stage2 -> opt_setup_stage3
[    8.087051] jesd204: /axi/spi@ff040000/ad9081@0,jesd204:0,parent=spi1.0: JESD204[2] transition opt_setup_stage3 -> opt_setup_stage4
[    8.098869] jesd204: /axi/spi@ff040000/ad9081@0,jesd204:0,parent=spi1.0: JESD204[0] transition opt_setup_stage3 -> opt_setup_stage4
[    8.110697] jesd204: /axi/spi@ff040000/ad9081@0,jesd204:0,parent=spi1.0: JESD204[2] transition opt_setup_stage4 -> opt_setup_stage5
[    8.122526] jesd204: /axi/spi@ff040000/ad9081@0,jesd204:0,parent=spi1.0: JESD204[0] transition opt_setup_stage4 -> opt_setup_stage5
[    8.169718] axi_adxcvr 84a60000.axi-adxcvr-rx: adxcvr_clk_enable: QPLL RX buffer underflow error, status: 0x61
[    8.179704] axi_adxcvr 84a60000.axi-adxcvr-rx: adxcvr_clk_enable: QPLL RX buffer overflow error, status: 0x61
[    8.193728] jesd204: /axi/spi@ff040000/ad9081@0,jesd204:0,parent=spi1.0: JESD204[2] transition opt_setup_stage5 -> clocks_enable
[    8.205288] jesd204: /axi/spi@ff040000/ad9081@0,jesd204:0,parent=spi1.0: JESD204[0] transition opt_setup_stage5 -> clocks_enable
[    8.216906] jesd204: /axi/spi@ff040000/ad9081@0,jesd204:0,parent=spi1.0: JESD204[2] transition clocks_enable -> link_enable
[    8.228038] jesd204: /axi/spi@ff040000/ad9081@0,jesd204:0,parent=spi1.0: JESD204[0] transition clocks_enable -> link_enable
[    8.367716] axi-jesd204-rx 84a90000.axi-jesd204-rx: axi_jesd204_rx_jesd204_link_running: Link2 status failed (CGS)
[    8.378064] jesd204: /fpga-axi@0/axi-jesd204-rx@84a90000,jesd204:4,parent=84a90000.axi-jesd204-rx: JESD204[2] In link_running got error from cb: -1 (ignoring!)
[    8.487946] ad9081 spi1.0: JESD RX (JTX) Link2 in CGS, SYNC asserted, PLL locked, PHASE established, MODE valid
[    8.498031] jesd204: /axi/spi@ff040000/ad9081@0,jesd204:0,parent=spi1.0: JESD204[2] In link_running got error from cb: -1 (ignoring!)
[    8.510284] ad9081 spi1.0: JESD TX (JRX) Link0 0xF lanes in DATA
[    8.516293] jesd204: /axi/spi@ff040000/ad9081@0,jesd204:0,parent=spi1.0: JESD204[2] transition link_enable -> link_running
[    8.527331] jesd204: /axi/spi@ff040000/ad9081@0,jesd204:0,parent=spi1.0: JESD204[0] transition link_enable -> link_running
[    8.538376] jesd204: /axi/spi@ff040000/ad9081@0,jesd204:0,parent=spi1.0: JESD204[2] transition link_running -> opt_post_running_stage
[    8.550368] jesd204: /axi/spi@ff040000/ad9081@0,jesd204:0,parent=spi1.0: JESD204[0] transition link_running -> opt_post_running_stage
[    8.571578] input: gpio-keys as /devices/platform/gpio-keys/input/input0
[    8.578602] of_cfs_init
[    8.581070] of_cfs_init: OK
[    8.584007] cfg80211: Loading compiled-in X.509 certificates for regulatory database
[    8.722105] cfg80211: Loaded X.509 cert 'sforshee: 00b28ddf47aef9cea7'
[    8.728631] clk: Not disabling unused clocks
[    8.733162] ALSA device list:
[    8.736122]   No soundcards found.
[    8.739791] platform regulatory.0: Direct firmware load for regulatory.db failed with error -2
[    8.748401] cfg80211: failed to load regulatory.db
[    8.763051] EXT4-fs (mmcblk0p2): mounted filesystem with ordered data mode. Opts: (null)
[    8.771162] VFS: Mounted root (ext4 filesystem) on device 179:2.
[    8.784369] devtmpfs: mounted
[    8.788201] Freeing unused kernel memory: 2560K
[    8.803761] Run /sbin/init as init process
[    8.807850]   with arguments:
[    8.807853]     /sbin/init
[    8.807855]   with environment:
[    8.807857]     HOME=/
[    8.807859]     TERM=linux
[    9.379261] systemd[1]: systemd 241 running in system mode. (+PAM +AUDIT +SELINUX +IMA +APPARMOR +SMACK +SYSVINIT +UTMP +LIBCRYPTSETUP +GCRYPT +GNUTLS +ACL +XZ +LZ4 +SECCOMP +BLKID +ELFUTILS +KMOD -IDN2 +IDN -PCRE2 default-hierarchy=hybrid)
[    9.401135] systemd[1]: Detected architecture arm64.
[    9.424437] systemd[1]: Set hostname to <analog>.
[    9.608971] systemd[1]: File /lib/systemd/system/systemd-journald.service:12 configures an IP firewall (IPAddressDeny=any), but the local system does not support BPF/cgroup based firewalling.
[    9.626023] systemd[1]: Proceeding WITHOUT firewalling in effect! (This warning is only shown for the first loaded unit using IP firewalling.)
[    9.789829] systemd[1]: /etc/systemd/system/tof-server.service:1: Assignment outside of section. Ignoring.
[    9.799511] systemd[1]: /etc/systemd/system/tof-server.service:2: Assignment outside of section. Ignoring.
[    9.982966] random: systemd: uninitialized urandom read (16 bytes read)
[    9.997662] random: systemd: uninitialized urandom read (16 bytes read)
[   10.004888] systemd[1]: Created slice system-getty.slice.
[   10.027883] random: systemd: uninitialized urandom read (16 bytes read)
[   10.034769] systemd[1]: Listening on udev Kernel Socket.
[   10.055978] systemd[1]: Created slice User and Session Slice.
[   10.632002] ------------[ cut here ]------------
[   10.632011] Enabling unprepared \xa0\x99Q\x88\xff\xff\xff Q\x88\xff\xff\xff
[   10.632058] WARNING: CPU: 2 PID: 112 at drivers/clk/clk.c:1012 clk_core_enable+0xa4/0xc0
[   10.632061] Modules linked in:
[   10.632071] CPU: 2 PID: 112 Comm: kworker/2:1H Not tainted 5.10.0-98103-g2aa7ac113716 #5577
[   10.632074] Hardware name: ZynqMP ZCU102 Rev1.0 (DT)
[   10.632084] Workqueue: kblockd blk_mq_run_work_fn
[   10.632091] pstate: 80000085 (Nzcv daIf -PAN -UAO -TCO BTYPE=--)
[   10.632097] pc : clk_core_enable+0xa4/0xc0
[   10.632102] lr : clk_core_enable+0xa4/0xc0
[   10.632105] sp : ffffffc0127bb2d0
[   10.632108] x29: ffffffc0127bb2d0 x28: ffffff8800330c10 
[   10.632115] x27: ffffff8800330d48 x26: 0000005000000101 
[   10.632122] x25: 0000000273c614a0 x24: 0000000000000001 
[   10.632128] x23: ffffff88010e9380 x22: ffffff8801083220 
[   10.632135] x21: ffffff8801512000 x20: ffffff8801512008 
[   10.632141] x19: ffffff8801512008 x18: 0000000000000030 
[   10.632148] x17: 00003de82db0e94e x16: 0000000000000005 
[   10.632154] x15: ffffffffffff8a38 x14: ffffffc011d3b1a0 
[   10.632161] x13: ffffffc011d3b1c8 x12: 00000000000005fa 
[   10.632167] x11: 00000000000001fe x10: ffffffc011d671c8 
[   10.632174] x9 : 00000000fffff800 x8 : ffffffc011d3b1c8 
[   10.632180] x7 : ffffffc011d671c8 x6 : 0000000000000001 
[   10.632187] x5 : ffffff887f7929e0 x4 : 0000000000000000 
[   10.632193] x3 : 0000000000000027 x2 : 0000000000000023 
[   10.632199] x1 : e96c9dc291c60f00 x0 : 0000000000000000 
[   10.632206] Call trace:
[   10.632213]  clk_core_enable+0xa4/0xc0
[   10.632218]  clk_enable+0x2c/0x60
[   10.632224]  zynqmp_runtime_resume+0x24/0x84
[   10.632231]  pm_generic_runtime_resume+0x30/0x50
[   10.632237]  __genpd_runtime_resume+0x30/0xb0
[   10.632243]  genpd_runtime_resume+0x90/0x250
[   10.632249]  __rpm_callback+0x10c/0x1e0
[   10.632254]  rpm_callback+0x5c/0x84
[   10.632259]  rpm_resume+0x4a4/0x74c
[   10.632264]  __pm_runtime_resume+0x78/0xc4
[   10.632269]  spi_mem_access_start.isra.0+0x30/0x80
[   10.632273]  spi_mem_exec_op+0x3b0/0x424
[   10.632278]  spi_nor_read_sr+0x78/0xe0
[   10.632283]  spi_nor_wait_till_ready_with_timeout+0xb4/0x2f0
[   10.632288]  spi_nor_read+0x188/0x380
[   10.632293]  mtd_read_oob_std+0x78/0x84
[   10.632297]  mtd_read_oob+0x7c/0x134
[   10.632302]  mtd_read+0x48/0x7c
[   10.632308]  mtdblock_readsect+0x6c/0x150
[   10.632313]  mtd_queue_rq+0x2cc/0x5a0
[   10.632318]  blk_mq_dispatch_rq_list+0x110/0x790
[   10.632325]  __blk_mq_do_dispatch_sched+0x200/0x274
[   10.632331]  __blk_mq_sched_dispatch_requests+0x1a8/0x1fc
[   10.632337]  blk_mq_sched_dispatch_requests+0x3c/0x7c
[   10.632342]  __blk_mq_run_hw_queue+0x98/0x100
[   10.632346]  blk_mq_run_work_fn+0x24/0x30
[   10.632352]  process_one_work+0x1d4/0x380
[   10.632356]  worker_thread+0x78/0x4e0
[   10.632361]  kthread+0x124/0x130
[   10.632367]  ret_from_fork+0x10/0x3c
[   10.632371] ---[ end trace f049bfe94ecb5895 ]---
[   10.632379] zynqmp-qspi ff0f0000.spi: Cannot enable APB clock.
[   10.632427] spi_master spi0: Failed to power device: -108
[   10.632437] blk_update_request: I/O error, dev mtdblock0, sector 8 op 0x0:(READ) flags 0x80700 phys_seg 1 prio class 0
[   10.632504] spi_master spi0: Failed to power device: -22
[   10.632510] blk_update_request: I/O error, dev mtdblock0, sector 8 op 0x0:(READ) flags 0x0 phys_seg 8 prio class 0
[   10.632516] Buffer I/O error on dev mtdblock0, logical block 8, async page read
[   10.632525] spi_master spi0: Failed to power device: -22
[   10.632531] blk_update_request: I/O error, dev mtdblock0, sector 9 op 0x0:(READ) flags 0x0 phys_seg 7 prio class 0
[   10.632535] Buffer I/O error on dev mtdblock0, logical block 9, async page read
[   10.632542] spi_master spi0: Failed to power device: -22
[   10.632548] blk_update_request: I/O error, dev mtdblock0, sector 10 op 0x0:(READ) flags 0x0 phys_seg 6 prio class 0
[   10.632551] Buffer I/O error on dev mtdblock0, logical block 10, async page read
[   10.632558] spi_master spi0: Failed to power device: -22
[   10.632564] blk_update_request: I/O error, dev mtdblock0, sector 11 op 0x0:(READ) flags 0x0 phys_seg 5 prio class 0
[   10.632568] Buffer I/O error on dev mtdblock0, logical block 11, async page read
[   10.632575] spi_master spi0: Failed to power device: -22
[   10.632580] blk_update_request: I/O error, dev mtdblock0, sector 12 op 0x0:(READ) flags 0x0 phys_seg 4 prio class 0
[   10.632584] Buffer I/O error on dev mtdblock0, logical block 12, async page read
[   10.632591] spi_master spi0: Failed to power device: -22
[   10.632596] blk_update_request: I/O error, dev mtdblock0, sector 13 op 0x0:(READ) flags 0x0 phys_seg 3 prio class 0
[   10.632600] Buffer I/O error on dev mtdblock0, logical block 13, async page read
[   10.632606] spi_master spi0: Failed to power device: -22
[   10.632612] blk_update_request: I/O error, dev mtdblock0, sector 14 op 0x0:(READ) flags 0x0 phys_seg 2 prio class 0
[   10.632616] Buffer I/O error on dev mtdblock0, logical block 14, async page read
[   10.632623] spi_master spi0: Failed to power device: -22
[   10.632628] blk_update_request: I/O error, dev mtdblock0, sector 15 op 0x0:(READ) flags 0x0 phys_seg 1 prio class 0
[   10.632632] Buffer I/O error on dev mtdblock0, logical block 15, async page read
[   10.632922] spi_master spi0: Failed to power device: -22
[   10.632929] blk_update_request: I/O error, dev mtdblock1, sector 10112 op 0x0:(READ) flags 0x80700 phys_seg 1 prio class 0
[   10.632979] spi_master spi0: Failed to power device: -22
[   10.632984] Buffer I/O error on dev mtdblock1, logical block 10112, async page read
[   10.632992] spi_master spi0: Failed to power device: -22
[   10.632997] Buffer I/O error on dev mtdblock1, logical block 10113, async page read
[   10.633004] spi_master spi0: Failed to power device: -22
[   10.633012] spi_master spi0: Failed to power device: -22
[   10.633019] spi_master spi0: Failed to power device: -22
[   10.633027] spi_master spi0: Failed to power device: -22
[   10.633034] spi_master spi0: Failed to power device: -22
[   10.633041] spi_master spi0: Failed to power device: -22
[   10.633269] spi_master spi0: Failed to power device: -22
[   10.633313] spi_master spi0: Failed to power device: -22
[   10.633322] spi_master spi0: Failed to power device: -22
[   10.633330] spi_master spi0: Failed to power device: -22
[   10.633337] spi_master spi0: Failed to power device: -22
[   10.633344] spi_master spi0: Failed to power device: -22
[   10.633352] spi_master spi0: Failed to power device: -22
[   10.633359] spi_master spi0: Failed to power device: -22
[   10.633366] spi_master spi0: Failed to power device: -22
[   10.633639] spi_master spi0: Failed to power device: -22
[   10.633683] spi_master spi0: Failed to power device: -22
[   10.633692] spi_master spi0: Failed to power device: -22
[   10.633700] spi_master spi0: Failed to power device: -22
[   10.633707] spi_master spi0: Failed to power device: -22
[   10.633715] spi_master spi0: Failed to power device: -22
[   10.633722] spi_master spi0: Failed to power device: -22
[   10.633729] spi_master spi0: Failed to power device: -22
[   10.633736] spi_master spi0: Failed to power device: -22
[   10.759314] EXT4-fs (mmcblk0p2): re-mounted. Opts: (null)
[   10.896493] systemd-journald[154]: Received request to flush runtime journal from PID 1
[   16.772787] macb ff0e0000.ethernet eth0: PHY [ff0e0000.ethernet-ffffffff:0c] driver [TI DP83867] (irq=POLL)
[   16.772799] macb ff0e0000.ethernet eth0: configuring for phy/rgmii-id link mode
[   17.091774] Adding 102396k swap on /var/swap.  Priority:-2 extents:4 across:9953604k SS
[   18.899741] random: crng init done
[   18.899753] random: 7 urandom warning(s) missed due to ratelimiting
[   19.668194] broken atomic modeset userspace detected, disabling atomic
[   19.841348] macb ff0e0000.ethernet eth0: Link is Up - 1Gbps/Full - flow control off
[   19.841372] IPv6: ADDRCONF(NETDEV_CHANGE): eth0: link becomes ready
[   22.337861] broken atomic modeset userspace detected, disabling atomic
[   25.197949] broken atomic modeset userspace detected, disabling atomic