[    0.000000] Booting Linux on physical CPU 0x0000000000 [0x410fd034]
[    0.000000] Linux version 5.10.0-98103-g2aa7ac113716 (jenkins@romlxbuild1.adlk.analog.com) (aarch64-xilinx-linux-gcc.real (GCC) 10.2.0, GNU ld (GNU Binutils) 2.35.0.20200730) #5577 SMP Wed Mar 23 07:28:49 GMT 2022
[    0.000000] Machine model: ZynqMP ZCU102 Rev1.0
[    0.000000] earlycon: cdns0 at MMIO 0x00000000ff000000 (options '115200n8')
[    0.000000] printk: bootconsole [cdns0] enabled
[    0.000000] efi: UEFI not found.
[    0.000000] cma: Reserved 256 MiB at 0x0000000070000000
[    0.000000] Zone ranges:
[    0.000000]   DMA      [mem 0x0000000000000000-0x000000003fffffff]
[    0.000000]   DMA32    [mem 0x0000000040000000-0x00000000ffffffff]
[    0.000000]   Normal   [mem 0x0000000100000000-0x000000087fffffff]
[    0.000000] Movable zone start for each node
[    0.000000] Early memory node ranges
[    0.000000]   node   0: [mem 0x0000000000000000-0x000000007fffffff]
[    0.000000]   node   0: [mem 0x0000000800000000-0x000000087fffffff]
[    0.000000] Initmem setup node 0 [mem 0x0000000000000000-0x000000087fffffff]
[    0.000000] On node 0 totalpages: 1048576
[    0.000000]   DMA zone: 3584 pages used for memmap
[    0.000000]   DMA zone: 0 pages reserved
[    0.000000]   DMA zone: 262144 pages, LIFO batch:63
[    0.000000]   DMA32 zone: 3584 pages used for memmap
[    0.000000]   DMA32 zone: 262144 pages, LIFO batch:63
[    0.000000]   Normal zone: 7168 pages used for memmap
[    0.000000]   Normal zone: 524288 pages, LIFO batch:63
[    0.000000] psci: probing for conduit method from DT.
[    0.000000] psci: PSCIv1.1 detected in firmware.
[    0.000000] psci: Using standard PSCI v0.2 function IDs
[    0.000000] psci: MIGRATE_INFO_TYPE not supported.
[    0.000000] psci: SMC Calling Convention v1.2
[    0.000000] percpu: Embedded 22 pages/cpu s49496 r8192 d32424 u90112
[    0.000000] pcpu-alloc: s49496 r8192 d32424 u90112 alloc=22*4096
[    0.000000] pcpu-alloc: [0] 0 [0] 1 [0] 2 [0] 3 
[    0.000000] Detected VIPT I-cache on CPU0
[    0.000000] CPU features: detected: ARM erratum 845719
[    0.000000] Built 1 zonelists, mobility grouping on.  Total pages: 1034240
[    0.000000] Kernel command line: console=ttyPS0,115200 root=/dev/mmcblk0p2 rw earlycon rootfstype=ext4 rootwait clk_ignore_unused cpuidle.off=1 root=/dev/mmcblk0p2 rw rootwait
[    0.000000] Dentry cache hash table entries: 524288 (order: 10, 4194304 bytes, linear)
[    0.000000] Inode-cache hash table entries: 262144 (order: 9, 2097152 bytes, linear)
[    0.000000] mem auto-init: stack:off, heap alloc:off, heap free:off
[    0.000000] software IO TLB: mapped [mem 0x000000003bfff000-0x000000003ffff000] (64MB)
[    0.000000] Memory: 3761904K/4194304K available (15296K kernel code, 1636K rwdata, 11876K rodata, 2560K init, 507K bss, 170256K reserved, 262144K cma-reserved)
[    0.000000] rcu: Hierarchical RCU implementation.
[    0.000000] rcu: 	RCU event tracing is enabled.
[    0.000000] rcu: 	RCU restricting CPUs from NR_CPUS=8 to nr_cpu_ids=4.
[    0.000000] rcu: RCU calculated value of scheduler-enlistment delay is 25 jiffies.
[    0.000000] rcu: Adjusting geometry for rcu_fanout_leaf=16, nr_cpu_ids=4
[    0.000000] NR_IRQS: 64, nr_irqs: 64, preallocated irqs: 0
[    0.000000] GIC: Adjusting CPU interface base to 0x00000000f902f000
[    0.000000] GIC: Using split EOI/Deactivate mode
[    0.000000] random: get_random_bytes called from start_kernel+0x31c/0x54c with crng_init=0
[    0.000000] arch_timer: cp15 timer(s) running at 100.00MHz (phys).
[    0.000000] clocksource: arch_sys_counter: mask: 0xffffffffffffff max_cycles: 0x171024e7e0, max_idle_ns: 440795205315 ns
[    0.000004] sched_clock: 56 bits at 100MHz, resolution 10ns, wraps every 4398046511100ns
[    0.008463] Console: colour dummy device 80x25
[    0.012482] Calibrating delay loop (skipped), value calculated using timer frequency.. 200.00 BogoMIPS (lpj=400000)
[    0.022841] pid_max: default: 32768 minimum: 301
[    0.027549] Mount-cache hash table entries: 8192 (order: 4, 65536 bytes, linear)
[    0.034789] Mountpoint-cache hash table entries: 8192 (order: 4, 65536 bytes, linear)
[    0.043397] rcu: Hierarchical SRCU implementation.
[    0.047559] EFI services will not be available.
[    0.051939] smp: Bringing up secondary CPUs ...
[    0.056656] Detected VIPT I-cache on CPU1
[    0.056694] CPU1: Booted secondary processor 0x0000000001 [0x410fd034]
[    0.057061] Detected VIPT I-cache on CPU2
[    0.057085] CPU2: Booted secondary processor 0x0000000002 [0x410fd034]
[    0.057425] Detected VIPT I-cache on CPU3
[    0.057448] CPU3: Booted secondary processor 0x0000000003 [0x410fd034]
[    0.057495] smp: Brought up 1 node, 4 CPUs
[    0.091780] SMP: Total of 4 processors activated.
[    0.096452] CPU features: detected: 32-bit EL0 Support
[    0.101556] CPU features: detected: CRC32 instructions
[    0.106695] CPU: All CPU(s) started at EL2
[    0.110736] alternatives: patching kernel code
[    0.116167] devtmpfs: initialized
[    0.124063] Registered cp15_barrier emulation handler
[    0.124114] Registered setend emulation handler
[    0.128091] clocksource: jiffies: mask: 0xffffffff max_cycles: 0xffffffff, max_idle_ns: 7645041785100000 ns
[    0.137670] futex hash table entries: 1024 (order: 4, 65536 bytes, linear)
[    0.151029] pinctrl core: initialized pinctrl subsystem
[    0.151677] NET: Registered protocol family 16
[    0.156094] DMA: preallocated 512 KiB GFP_KERNEL pool for atomic allocations
[    0.162107] DMA: preallocated 512 KiB GFP_KERNEL|GFP_DMA pool for atomic allocations
[    0.169836] DMA: preallocated 512 KiB GFP_KERNEL|GFP_DMA32 pool for atomic allocations
[    0.177637] audit: initializing netlink subsys (disabled)
[    0.183086] audit: type=2000 audit(0.116:1): state=initialized audit_enabled=0 res=1
[    0.183430] hw-breakpoint: found 6 breakpoint and 4 watchpoint registers.
[    0.197463] ASID allocator initialised with 65536 entries
[    0.224323] HugeTLB registered 1.00 GiB page size, pre-allocated 0 pages
[    0.225377] HugeTLB registered 32.0 MiB page size, pre-allocated 0 pages
[    0.232048] HugeTLB registered 2.00 MiB page size, pre-allocated 0 pages
[    0.238708] HugeTLB registered 64.0 KiB page size, pre-allocated 0 pages
[    1.304286] DRBG: Continuing without Jitter RNG
[    1.382103] raid6: neonx8   gen()  2142 MB/s
[    1.450154] raid6: neonx8   xor()  1599 MB/s
[    1.518212] raid6: neonx4   gen()  2195 MB/s
[    1.586260] raid6: neonx4   xor()  1565 MB/s
[    1.654322] raid6: neonx2   gen()  2076 MB/s
[    1.722376] raid6: neonx2   xor()  1438 MB/s
[    1.790439] raid6: neonx1   gen()  1772 MB/s
[    1.858486] raid6: neonx1   xor()  1220 MB/s
[    1.926547] raid6: int64x8  gen()  1438 MB/s
[    1.994601] raid6: int64x8  xor()   771 MB/s
[    2.062669] raid6: int64x4  gen()  1598 MB/s
[    2.130721] raid6: int64x4  xor()   817 MB/s
[    2.198790] raid6: int64x2  gen()  1397 MB/s
[    2.266837] raid6: int64x2  xor()   750 MB/s
[    2.334916] raid6: int64x1  gen()  1033 MB/s
[    2.402976] raid6: int64x1  xor()   517 MB/s
[    2.403014] raid6: using algorithm neonx4 gen() 2195 MB/s
[    2.406970] raid6: .... xor() 1565 MB/s, rmw enabled
[    2.411900] raid6: using neon recovery algorithm
[    2.416910] iommu: Default domain type: Translated 
[    2.421525] SCSI subsystem initialized
[    2.425068] libata version 3.00 loaded.
[    2.425193] usbcore: registered new interface driver usbfs
[    2.430526] usbcore: registered new interface driver hub
[    2.435799] usbcore: registered new device driver usb
[    2.440933] mc: Linux media interface: v0.10
[    2.445047] videodev: Linux video capture interface: v2.00
[    2.450539] EDAC MC: Ver: 3.0.0
[    2.453981] zynqmp-ipi-mbox mailbox@ff990400: Registered ZynqMP IPI mbox with TX/RX channels.
[    2.462491] jesd204: created con: id=0, topo=0, link=0, /axi/spi@ff050000/hmc7044@0 <-> /fpga-axi@0/axi-adxcvr-tx@84b60000
[    2.473069] jesd204: created con: id=1, topo=0, link=2, /axi/spi@ff050000/hmc7044@0 <-> /fpga-axi@0/axi-adxcvr-rx@84a60000
[    2.484053] jesd204: created con: id=2, topo=0, link=0, /fpga-axi@0/axi-adxcvr-tx@84b60000 <-> /fpga-axi@0/axi-jesd204-tx@84b90000
[    2.495729] jesd204: created con: id=3, topo=0, link=2, /fpga-axi@0/axi-adxcvr-rx@84a60000 <-> /fpga-axi@0/axi-jesd204-rx@84a90000
[    2.507405] jesd204: created con: id=4, topo=0, link=0, /fpga-axi@0/axi-jesd204-tx@84b90000 <-> /fpga-axi@0/axi-ad9081-tx-hpc@84b10000
[    2.519434] jesd204: created con: id=5, topo=0, link=2, /fpga-axi@0/axi-jesd204-rx@84a90000 <-> /fpga-axi@0/axi-ad9081-rx-hpc@84a10000
[    2.531456] jesd204: created con: id=6, topo=0, link=2, /fpga-axi@0/axi-ad9081-rx-hpc@84a10000 <-> /axi/spi@ff040000/ad9081@0
[    2.542697] jesd204: created con: id=7, topo=0, link=0, /fpga-axi@0/axi-ad9081-tx-hpc@84b10000 <-> /axi/spi@ff040000/ad9081@0
[    2.553947] jesd204: /axi/spi@ff040000/ad9081@0: JESD204[2] transition uninitialized -> initialized
[    2.562934] jesd204: /axi/spi@ff040000/ad9081@0: JESD204[0] transition uninitialized -> initialized
[    2.571925] jesd204: found 8 devices and 1 topologies
[    2.576969] FPGA manager framework
[    2.580447] Advanced Linux Sound Architecture Driver Initialized.
[    2.586740] Bluetooth: Core ver 2.22
[    2.589928] NET: Registered protocol family 31
[    2.594330] Bluetooth: HCI device and connection manager initialized
[    2.600646] Bluetooth: HCI socket layer initialized
[    2.605488] Bluetooth: L2CAP socket layer initialized
[    2.610512] Bluetooth: SCO socket layer initialized
[    2.615698] clocksource: Switched to clocksource arch_sys_counter
[    2.621504] VFS: Disk quotas dquot_6.6.0
[    2.625340] VFS: Dquot-cache hash table entries: 512 (order 0, 4096 bytes)
[    2.636057] NET: Registered protocol family 2
[    2.636784] tcp_listen_portaddr_hash hash table entries: 2048 (order: 3, 32768 bytes, linear)
[    2.644980] TCP established hash table entries: 32768 (order: 6, 262144 bytes, linear)
[    2.653005] TCP bind hash table entries: 32768 (order: 7, 524288 bytes, linear)
[    2.660450] TCP: Hash tables configured (established 32768 bind 32768)
[    2.666624] UDP hash table entries: 2048 (order: 4, 65536 bytes, linear)
[    2.673290] UDP-Lite hash table entries: 2048 (order: 4, 65536 bytes, linear)
[    2.680451] NET: Registered protocol family 1
[    2.684907] RPC: Registered named UNIX socket transport module.
[    2.690527] RPC: Registered udp transport module.
[    2.695192] RPC: Registered tcp transport module.
[    2.699861] RPC: Registered tcp NFSv4.1 backchannel transport module.
[    2.706853] PCI: CLS 0 bytes, default 64
[    2.710558] hw perfevents: no interrupt-affinity property for /pmu, guessing.
[    2.717413] hw perfevents: enabled with armv8_pmuv3 PMU driver, 7 counters available
[    2.725768] Initialise system trusted keyrings
[    2.729439] workingset: timestamp_bits=62 max_order=20 bucket_order=0
[    2.736344] NFS: Registering the id_resolver key type
[    2.740790] Key type id_resolver registered
[    2.744929] Key type id_legacy registered
[    2.748919] nfs4filelayout_init: NFSv4 File Layout Driver Registering...
[    2.755585] jffs2: version 2.2. (NAND) (SUMMARY)  Â© 2001-2006 Red Hat, Inc.
[    2.798808] NET: Registered protocol family 38
[    2.798851] xor: measuring software checksum speed
[    2.806539]    8regs           :  2363 MB/sec
[    2.810208]    32regs          :  2799 MB/sec
[    2.815151]    arm64_neon      :  2380 MB/sec
[    2.815340] xor: using function: 32regs (2799 MB/sec)
[    2.820366] Key type asymmetric registered
[    2.824428] Asymmetric key parser 'x509' registered
[    2.829288] Block layer SCSI generic (bsg) driver version 0.4 loaded (major 248)
[    2.836625] io scheduler mq-deadline registered
[    2.841122] io scheduler kyber registered
[    2.870513] Serial: 8250/16550 driver, 4 ports, IRQ sharing disabled
[    2.875157] cacheinfo: Unable to detect cache hierarchy for CPU 0
[    2.881492] brd: module loaded
[    2.885652] loop: module loaded
[    2.886199] Registered mathworks_ip class
[    2.889523] libphy: Fixed MDIO Bus: probed
[    2.892514] tun: Universal TUN/TAP device driver, 1.6
[    2.896561] CAN device driver interface
[    2.901097] usbcore: registered new interface driver asix
[    2.905692] usbcore: registered new interface driver ax88179_178a
[    2.911727] usbcore: registered new interface driver cdc_ether
[    2.917520] usbcore: registered new interface driver net1080
[    2.923147] usbcore: registered new interface driver cdc_subset
[    2.929026] usbcore: registered new interface driver zaurus
[    2.934570] usbcore: registered new interface driver cdc_ncm
[    2.940973] ehci_hcd: USB 2.0 'Enhanced' Host Controller (EHCI) Driver
[    2.946655] ehci-pci: EHCI PCI platform driver
[    2.951453] usbcore: registered new interface driver uas
[    2.956371] usbcore: registered new interface driver usb-storage
[    2.962359] usbcore: registered new interface driver usbserial_generic
[    2.968810] usbserial: USB Serial support registered for generic
[    2.974783] usbcore: registered new interface driver ftdi_sio
[    2.980486] usbserial: USB Serial support registered for FTDI USB Serial Device
[    2.987763] usbcore: registered new interface driver upd78f0730
[    2.993633] usbserial: USB Serial support registered for upd78f0730
[    3.001285] rtc_zynqmp ffa60000.rtc: registered as rtc0
[    3.005059] rtc_zynqmp ffa60000.rtc: setting system clock to 2022-04-12T19:50:40 UTC (1649793040)
[    3.013921] i2c /dev entries driver
[    3.019235] usbcore: registered new interface driver uvcvideo
[    3.023034] USB Video Class driver (1.1.1)
[    3.028616] Bluetooth: HCI UART driver ver 2.3
[    3.031505] Bluetooth: HCI UART protocol H4 registered
[    3.036615] Bluetooth: HCI UART protocol BCSP registered
[    3.041904] Bluetooth: HCI UART protocol LL registered
[    3.046992] Bluetooth: HCI UART protocol ATH3K registered
[    3.052366] Bluetooth: HCI UART protocol Three-wire (H5) registered
[    3.058622] Bluetooth: HCI UART protocol Intel registered
[    3.063960] Bluetooth: HCI UART protocol QCA registered
[    3.069161] usbcore: registered new interface driver bcm203x
[    3.074783] usbcore: registered new interface driver bpa10x
[    3.080317] usbcore: registered new interface driver bfusb
[    3.085768] usbcore: registered new interface driver btusb
[    3.091231] usbcore: registered new interface driver ath3k
[    3.096714] EDAC MC: ECC not enabled
[    3.100340] EDAC DEVICE0: Giving out device to module zynqmp-ocm-edac controller zynqmp_ocm: DEV ff960000.memory-controller (INTERRUPT)
[    3.112654] sdhci: Secure Digital Host Controller Interface driver
[    3.118442] sdhci: Copyright(c) Pierre Ossman
[    3.122767] sdhci-pltfm: SDHCI platform and OF driver helper
[    3.128816] ledtrig-cpu: registered to indicate activity on CPUs
[    3.134371] SMCCC: SOC_ID: ARCH_SOC_ID not implemented, skipping ....
[    3.140799] zynqmp_firmware_probe Platform Management API v1.1
[    3.146557] zynqmp_firmware_probe Trustzone version v1.0
[    3.186100] zynqmp-pinctrl firmware:zynqmp-firmware:pinctrl: zynqmp pinctrl initialized
[    3.234087] zynqmp-aes firmware:zynqmp-firmware:zynqmp-aes: will run requests pump with realtime priority
[    3.249911] alg: No test for xilinx-keccak-384 (zynqmp-keccak-384)
[    3.250622] alg: No test for xilinx-zynqmp-rsa (zynqmp-rsa)
[    3.256133] usbcore: registered new interface driver usbhid
[    3.261524] usbhid: USB HID core driver
[    3.272765] axi_sysid 85000000.axi-sysid-0: AXI System ID core version (1.01.a) found
[    3.275113] axi_sysid 85000000.axi-sysid-0: [ad9081_fmca_ebz] on [zcu102] git branch <master> git <084d44c9780640ca93fd847b1d9ec70dd65f5c67> clean [2022-03-18 04:17:50] UTC
[    3.290801] fpga_manager fpga0: Xilinx ZynqMP FPGA Manager registered
[    3.297157] usbcore: registered new interface driver snd-usb-audio
[    3.304611] pktgen: Packet Generator for packet performance testing. Version: 2.75
[    3.310788] Initializing XFRM netlink socket
[    3.314644] NET: Registered protocol family 10
[    3.319360] Segment Routing with IPv6
[    3.322742] sit: IPv6, IPv4 and MPLS over IPv4 tunneling driver
[    3.328815] NET: Registered protocol family 17
[    3.332917] NET: Registered protocol family 15
[    3.337412] can: controller area network core
[    3.341667] NET: Registered protocol family 29
[    3.346055] can: raw protocol
[    3.348991] can: broadcast manager protocol
[    3.353146] can: netlink gateway - max_hops=1
[    3.357540] Bluetooth: RFCOMM TTY layer initialized
[    3.362320] Bluetooth: RFCOMM socket layer initialized
[    3.367430] Bluetooth: RFCOMM ver 1.11
[    3.371138] Bluetooth: BNEP (Ethernet Emulation) ver 1.3
[    3.376410] Bluetooth: BNEP filters: protocol multicast
[    3.381604] Bluetooth: BNEP socket layer initialized
[    3.386531] Bluetooth: HIDP (Human Interface Emulation) ver 1.2
[    3.392414] Bluetooth: HIDP socket layer initialized
[    3.397470] 9pnet: Installing 9P2000 support
[    3.401592] NET: Registered protocol family 36
[    3.406008] Key type dns_resolver registered
[    3.410439] registered taskstats version 1
[    3.414305] Loading compiled-in X.509 certificates
[    3.419422] Btrfs loaded, crc32c=crc32c-generic
[    3.431836] ff000000.serial: ttyPS0 at MMIO 0xff000000 (irq = 49, base_baud = 6249999) is a xuartps
[    3.440856] printk: console [ttyPS0] enabled
[    3.445152] printk: bootconsole [cdns0] disabled
[    3.454788] ff010000.serial: ttyPS1 at MMIO 0xff010000 (irq = 50, base_baud = 6249999) is a xuartps
[    3.468021] of-fpga-region fpga-full: FPGA Region probed
[    3.474975] nwl-pcie fd0e0000.pcie: host bridge /axi/pcie@fd0e0000 ranges:
[    3.481872] nwl-pcie fd0e0000.pcie:      MEM 0x00e0000000..0x00efffffff -> 0x00e0000000
[    3.489881] nwl-pcie fd0e0000.pcie:      MEM 0x0600000000..0x07ffffffff -> 0x0600000000
[    3.497944] nwl-pcie fd0e0000.pcie: Link is DOWN
[    3.502702] nwl-pcie fd0e0000.pcie: PCI host bridge to bus 0000:00
[    3.508880] pci_bus 0000:00: root bus resource [bus 00-ff]
[    3.514362] pci_bus 0000:00: root bus resource [mem 0xe0000000-0xefffffff]
[    3.521232] pci_bus 0000:00: root bus resource [mem 0x600000000-0x7ffffffff pref]
[    3.528735] pci 0000:00:00.0: [10ee:d021] type 01 class 0x060400
[    3.534791] pci 0000:00:00.0: PME# supported from D0 D1 D2 D3hot
[    3.545240] pci 0000:00:00.0: PCI bridge to [bus 01-0c]
[    3.551217] xilinx-zynqmp-dma fd500000.dma: ZynqMP DMA driver Probe success
[    3.558389] xilinx-zynqmp-dma fd510000.dma: ZynqMP DMA driver Probe success
[    3.565566] xilinx-zynqmp-dma fd520000.dma: ZynqMP DMA driver Probe success
[    3.572742] xilinx-zynqmp-dma fd530000.dma: ZynqMP DMA driver Probe success
[    3.579907] xilinx-zynqmp-dma fd540000.dma: ZynqMP DMA driver Probe success
[    3.587076] xilinx-zynqmp-dma fd550000.dma: ZynqMP DMA driver Probe success
[    3.594247] xilinx-zynqmp-dma fd560000.dma: ZynqMP DMA driver Probe success
[    3.601417] xilinx-zynqmp-dma fd570000.dma: ZynqMP DMA driver Probe success
[    3.608816] xilinx-zynqmp-dpdma fd4c0000.dma-controller: Xilinx DPDMA engine is probed
[    3.617366] ahci-ceva fd0c0000.ahci: supply ahci not found, using dummy regulator
[    3.624904] ahci-ceva fd0c0000.ahci: supply phy not found, using dummy regulator
[    3.715868] hmc7044 spi2.0: PLL1: Acquisition, CLKIN0 @ 122880000 Hz, PFD: 80 kHz - PLL2: Locked @ 2960.000000 MHz
[    3.726586] jesd204: /axi/spi@ff050000/hmc7044@0,jesd204:1,parent=spi2.0: Using as SYSREF provider
[    3.736170] spi-nor spi0.0: SPI-NOR-UniqueID 100000235394732200270025081115266e
[    3.743474] spi-nor spi0.0: found n25q512a, expected m25p80
[    3.749680] spi-nor spi0.0: trying to lock already unlocked area
[    3.755691] spi-nor spi0.0: n25q512a (131072 Kbytes)
[    3.760670] 4 fixed-partitions partitions found on MTD device spi0.0
[    3.767016] Creating 4 MTD partitions on "spi0.0":
[    3.771802] 0x000000000000-0x000000100000 : "qspi-fsbl-uboot"
[    3.778291] 0x000000100000-0x000000600000 : "qspi-linux"
[    3.784253] 0x000000600000-0x000000620000 : "qspi-device-tree"
[    3.790727] 0x000000620000-0x000000c00000 : "qspi-rootfs"
[    3.799196] macb ff0e0000.ethernet: Not enabling partial store and forward
[    3.806712] libphy: MACB_mii_bus: probed
[    3.811772] macb ff0e0000.ethernet eth0: Cadence GEM rev 0x50070106 at 0xff0e0000 irq 30 (00:0a:35:04:8e:1b)
[    3.821981] xilinx-axipmon ffa00000.perf-monitor: Probed Xilinx APM
[    3.828551] xilinx-axipmon fd0b0000.perf-monitor: Probed Xilinx APM
[    3.835064] xilinx-axipmon fd490000.perf-monitor: Probed Xilinx APM
[    3.841607] xilinx-axipmon ffa10000.perf-monitor: Probed Xilinx APM
[    3.851600] pca953x 0-0020: supply vcc not found, using dummy regulator
[    3.858282] pca953x 0-0020: using no AI
[    3.862772] gpio-496 (sel0): hogged as output/low
[    3.867671] gpio-497 (sel1): hogged as output/high
[    3.872657] gpio-498 (sel2): hogged as output/high
[    3.877646] gpio-499 (sel3): hogged as output/high
[    3.882816] pca953x 0-0021: supply vcc not found, using dummy regulator
[    3.889485] pca953x 0-0021: using no AI
[    3.895244] ina2xx 2-0040: power monitor ina226 (Rshunt = 5000 uOhm)
[    3.902272] ina2xx 2-0041: power monitor ina226 (Rshunt = 5000 uOhm)
[    3.909300] ina2xx 2-0042: power monitor ina226 (Rshunt = 5000 uOhm)
[    3.916336] ina2xx 2-0043: power monitor ina226 (Rshunt = 5000 uOhm)
[    3.923363] ina2xx 2-0044: power monitor ina226 (Rshunt = 5000 uOhm)
[    3.930381] ina2xx 2-0045: power monitor ina226 (Rshunt = 5000 uOhm)
[    3.937411] ina2xx 2-0046: power monitor ina226 (Rshunt = 5000 uOhm)
[    3.944487] ina2xx 2-0047: power monitor ina226 (Rshunt = 5000 uOhm)
[    3.951516] ina2xx 2-004a: power monitor ina226 (Rshunt = 5000 uOhm)
[    3.958555] ina2xx 2-004b: power monitor ina226 (Rshunt = 5000 uOhm)
[    3.964969] i2c i2c-0: Added multiplexed i2c bus 2
[    3.970360] random: fast init done
[    3.973833] ina2xx 3-0040: power monitor ina226 (Rshunt = 2000 uOhm)
[    3.980858] ina2xx 3-0041: power monitor ina226 (Rshunt = 5000 uOhm)
[    3.987886] ina2xx 3-0042: power monitor ina226 (Rshunt = 5000 uOhm)
[    3.994916] ina2xx 3-0043: power monitor ina226 (Rshunt = 5000 uOhm)
[    4.001943] ina2xx 3-0044: power monitor ina226 (Rshunt = 5000 uOhm)
[    4.008969] ina2xx 3-0045: power monitor ina226 (Rshunt = 5000 uOhm)
[    4.016001] ina2xx 3-0046: power monitor ina226 (Rshunt = 5000 uOhm)
[    4.023031] ina2xx 3-0047: power monitor ina226 (Rshunt = 5000 uOhm)
[    4.029433] i2c i2c-0: Added multiplexed i2c bus 3
[    4.085659] i2c i2c-0: Added multiplexed i2c bus 4
[    4.090598] i2c i2c-0: Added multiplexed i2c bus 5
[    4.095387] pca954x 0-0075: registered 4 multiplexed busses for I2C mux pca9544
[    4.102737] cdns-i2c ff020000.i2c: 400 kHz mmio ff020000 irq 32
[    4.110466] at24 6-0054: supply vcc not found, using dummy regulator
[    4.117366] at24 6-0054: 1024 byte 24c08 EEPROM, writable, 1 bytes/write
[    4.124117] i2c i2c-1: Added multiplexed i2c bus 6
[    4.130547] si5341 7-0036: Chip: 5341 Grade: 1 Rev: 1
[    4.168212] i2c i2c-1: Added multiplexed i2c bus 7
[    4.175869] si570 8-005d: registered, current frequency 300000000 Hz
[    4.182271] i2c i2c-1: Added multiplexed i2c bus 8
[    4.202049] si570 9-005d: registered, current frequency 148500000 Hz
[    4.208451] i2c i2c-1: Added multiplexed i2c bus 9
[    4.213489] si5324 10-0069: si5328 probed
[    4.280061] si5324 10-0069: si5328 probe successful
[    4.284993] i2c i2c-1: Added multiplexed i2c bus 10
[    4.290020] i2c i2c-1: Added multiplexed i2c bus 11
[    4.295043] i2c i2c-1: Added multiplexed i2c bus 12
[    4.300068] i2c i2c-1: Added multiplexed i2c bus 13
[    4.304949] pca954x 1-0074: registered 8 multiplexed busses for I2C switch pca9548
[    4.313061] at24 14-0050: supply vcc not found, using dummy regulator
[    4.319855] at24 14-0050: 256 byte 24c02 EEPROM, writable, 1 bytes/write
[    4.326601] i2c i2c-1: Added multiplexed i2c bus 14
[    4.331642] i2c i2c-1: Added multiplexed i2c bus 15
[    4.336674] i2c i2c-1: Added multiplexed i2c bus 16
[    4.341710] i2c i2c-1: Added multiplexed i2c bus 17
[    4.346742] i2c i2c-1: Added multiplexed i2c bus 18
[    4.351792] i2c i2c-1: Added multiplexed i2c bus 19
[    4.356824] i2c i2c-1: Added multiplexed i2c bus 20
[    4.361860] i2c i2c-1: Added multiplexed i2c bus 21
[    4.366732] pca954x 1-0075: registered 8 multiplexed busses for I2C switch pca9548
[    4.374342] cdns-i2c ff030000.i2c: 400 kHz mmio ff030000 irq 33
[    4.384089] cdns-wdt fd4d0000.watchdog: Xilinx Watchdog Timer with timeout 60s
[    4.393139] axi_adxcvr 84a60000.axi-adxcvr-rx: adxcvr_enforce_settings: Using QPLL without access, assuming desired Lane rate will be configured by a different instance
[    4.409776] axi_adxcvr 84a60000.axi-adxcvr-rx: AXI-ADXCVR-RX (17.05.a) using QPLL on GTH4 at 0x84A60000. Number of lanes: 4.
[    4.421938] axi_adxcvr 84b60000.axi-adxcvr-tx: AXI-ADXCVR-TX (17.05.a) using QPLL on GTH4 at 0x84B60000. Number of lanes: 4.
[    4.425887] mmc0: SDHCI controller on ff170000.mmc [ff170000.mmc] using ADMA 64-bit
[    4.441092] axi-jesd204-rx 84a90000.axi-jesd204-rx: AXI-JESD204-RX (1.07.a) at 0x84A90000. Encoder 8b10b, width 4/4, lanes 4, jesd204-fsm.
[    4.453932] axi-jesd204-tx 84b90000.axi-jesd204-tx: AXI-JESD204-TX (1.06.a) at 0x84B90000. Encoder 8b10b, width 4/4, lanes 4, jesd204-fsm.
[    4.467434] zynqmp-display fd4a0000.display: vtc bridge property not present
[    4.473461] mmc0: new high speed SDHC card at address 0001
[    4.477083] xilinx-dp-snd-codec fd4a0000.display:zynqmp_dp_snd_codec0: Failed to get required clock freq
[    4.480317] mmcblk0: mmc0:0001 EB1QT 29.8 GiB 
[    4.489443] xilinx-dp-snd-codec: probe of fd4a0000.display:zynqmp_dp_snd_codec0 failed with error -22
[    4.495216]  mmcblk0: p1 p2 p3
[    4.503431] xilinx-dp-snd-pcm zynqmp_dp_snd_pcm0: Xilinx DisplayPort Sound PCM probed
[    4.514289] xilinx-dp-snd-pcm zynqmp_dp_snd_pcm1: Xilinx DisplayPort Sound PCM probed
[    4.522496] OF: graph: no port node found in /axi/display@fd4a0000
[    4.528904] xlnx-drm xlnx-drm.0: bound fd4a0000.display (ops 0xffffffc010fcbdb8)
[    5.615713] zynqmp-display fd4a0000.display: [drm] Cannot find any crtc or sizes
[    5.623335] [drm] Initialized xlnx 1.0.0 20130509 for fd4a0000.display on minor 0
[    5.630829] zynqmp-display fd4a0000.display: ZynqMP DisplayPort Subsystem driver probed
[    5.639139] ahci-ceva fd0c0000.ahci: supply ahci not found, using dummy regulator
[    5.646678] ahci-ceva fd0c0000.ahci: supply phy not found, using dummy regulator
[    5.654133] ahci-ceva fd0c0000.ahci: supply target not found, using dummy regulator
[    5.661972] ahci-ceva fd0c0000.ahci: AHCI 0001.0301 32 slots 2 ports 6 Gbps 0x3 impl platform mode
[    5.670927] ahci-ceva fd0c0000.ahci: flags: 64bit ncq sntf pm clo only pmp fbs pio slum part ccc sds apst 
[    5.681620] scsi host0: ahci-ceva
[    5.685223] scsi host1: ahci-ceva
[    5.688658] ata1: SATA max UDMA/133 mmio [mem 0xfd0c0000-0xfd0c1fff] port 0x100 irq 45
[    5.696571] ata2: SATA max UDMA/133 mmio [mem 0xfd0c0000-0xfd0c1fff] port 0x180 irq 45
[    5.705169] ad9081 spi1.0: supply vdd not found, using dummy regulator
[    6.017946] ata1: SATA link down (SStatus 0 SControl 330)
[    6.023360] ata2: SATA link down (SStatus 0 SControl 330)
[    6.699716] zynqmp-display fd4a0000.display: [drm] Cannot find any crtc or sizes
[    7.509243] ad9081 spi1.0: AD9081 Rev. 2 Grade 10 (API 1.2.2) probed
[    7.516443] xhci-hcd xhci-hcd.1.auto: xHCI Host Controller
[    7.521939] xhci-hcd xhci-hcd.1.auto: new USB bus registered, assigned bus number 1
[    7.529686] xhci-hcd xhci-hcd.1.auto: hcc params 0x0238f625 hci version 0x100 quirks 0x0000000002010810
[    7.539098] xhci-hcd xhci-hcd.1.auto: irq 59, io mem 0xfe200000
[    7.545206] usb usb1: New USB device found, idVendor=1d6b, idProduct=0002, bcdDevice= 5.10
[    7.553463] usb usb1: New USB device strings: Mfr=3, Product=2, SerialNumber=1
[    7.560681] usb usb1: Product: xHCI Host Controller
[    7.565549] usb usb1: Manufacturer: Linux 5.10.0-98103-g2aa7ac113716 xhci-hcd
[    7.572675] usb usb1: SerialNumber: xhci-hcd.1.auto
[    7.577842] hub 1-0:1.0: USB hub found
[    7.581604] hub 1-0:1.0: 1 port detected
[    7.585710] xhci-hcd xhci-hcd.1.auto: xHCI Host Controller
[    7.591202] xhci-hcd xhci-hcd.1.auto: new USB bus registered, assigned bus number 2
[    7.598854] xhci-hcd xhci-hcd.1.auto: Host supports USB 3.0 SuperSpeed
[    7.605478] usb usb2: New USB device found, idVendor=1d6b, idProduct=0003, bcdDevice= 5.10
[    7.613740] usb usb2: New USB device strings: Mfr=3, Product=2, SerialNumber=1
[    7.620957] usb usb2: Product: xHCI Host Controller
[    7.625824] usb usb2: Manufacturer: Linux 5.10.0-98103-g2aa7ac113716 xhci-hcd
[    7.632951] usb usb2: SerialNumber: xhci-hcd.1.auto
[    7.638059] hub 2-0:1.0: USB hub found
[    7.641821] hub 2-0:1.0: 1 port detected
[    7.671878] cf_axi_adc 84a10000.axi-ad9081-rx-hpc: ADI AIM (10.01.b) at 0x84A10000 mapped to 0x(____ptrval____), probed ADC AD9081 as MASTER
[    7.704535] cf_axi_dds 84b10000.axi-ad9081-tx-hpc: Analog Devices CF_AXI_DDS_DDS MASTER (9.01.b) at 0x84B10000 mapped to 0x(____ptrval____), probed DDS AD9081
[    7.718732] jesd204: /axi/spi@ff040000/ad9081@0,jesd204:0,parent=spi1.0: JESD204[2] transition initialized -> probed
[    7.729255] jesd204: /axi/spi@ff040000/ad9081@0,jesd204:0,parent=spi1.0: JESD204[0] transition initialized -> probed
[    7.739778] jesd204: /axi/spi@ff040000/ad9081@0,jesd204:0,parent=spi1.0: JESD204[2] transition probed -> idle
[    7.749686] jesd204: /axi/spi@ff040000/ad9081@0,jesd204:0,parent=spi1.0: JESD204[0] transition probed -> idle
[    7.759601] jesd204: /axi/spi@ff040000/ad9081@0,jesd204:0,parent=spi1.0: JESD204[2] transition idle -> device_init
[    7.769944] jesd204: /axi/spi@ff040000/ad9081@0,jesd204:0,parent=spi1.0: JESD204[0] transition idle -> device_init
[    7.780294] jesd204: /axi/spi@ff040000/ad9081@0,jesd204:0,parent=spi1.0: JESD204[2] transition device_init -> link_init
[    7.791071] jesd204: /axi/spi@ff040000/ad9081@0,jesd204:0,parent=spi1.0: JESD204[0] transition device_init -> link_init
[    7.801862] jesd204: /axi/spi@ff040000/ad9081@0,jesd204:0,parent=spi1.0: JESD204[2] transition link_init -> link_supported
[    7.812902] jesd204: /axi/spi@ff040000/ad9081@0,jesd204:0,parent=spi1.0: JESD204[0] transition link_init -> link_supported
[    7.824319] hmc7044 spi2.0: hmc7044_jesd204_link_pre_setup: Link2 forcing continuous SYSREF mode
[    7.833527] jesd204: /axi/spi@ff040000/ad9081@0,jesd204:0,parent=spi1.0: JESD204[2] transition link_supported -> link_pre_setup
[    7.845002] jesd204: /axi/spi@ff040000/ad9081@0,jesd204:0,parent=spi1.0: JESD204[0] transition link_supported -> link_pre_setup
[    7.868842] jesd204: /axi/spi@ff040000/ad9081@0,jesd204:0,parent=spi1.0: JESD204[2] transition link_pre_setup -> clk_sync_stage1
[    7.880407] jesd204: /axi/spi@ff040000/ad9081@0,jesd204:0,parent=spi1.0: JESD204[0] transition link_pre_setup -> clk_sync_stage1
[    7.891972] jesd204: /axi/spi@ff040000/ad9081@0,jesd204:0,parent=spi1.0: JESD204[2] transition clk_sync_stage1 -> clk_sync_stage2
[    7.903615] jesd204: /axi/spi@ff040000/ad9081@0,jesd204:0,parent=spi1.0: JESD204[0] transition clk_sync_stage1 -> clk_sync_stage2
[    7.915273] jesd204: /axi/spi@ff040000/ad9081@0,jesd204:0,parent=spi1.0: JESD204[2] transition clk_sync_stage2 -> clk_sync_stage3
[    7.926921] jesd204: /axi/spi@ff040000/ad9081@0,jesd204:0,parent=spi1.0: JESD204[0] transition clk_sync_stage2 -> clk_sync_stage3
[    7.940652] jesd204: /axi/spi@ff040000/ad9081@0,jesd204:0,parent=spi1.0: JESD204[2] transition clk_sync_stage3 -> link_setup
[    7.951872] jesd204: /axi/spi@ff040000/ad9081@0,jesd204:0,parent=spi1.0: JESD204[0] transition clk_sync_stage3 -> link_setup
[    7.967915] jesd204: /axi/spi@ff040000/ad9081@0,jesd204:0,parent=spi1.0: JESD204[2] transition link_setup -> opt_setup_stage1
[    7.979221] jesd204: /axi/spi@ff040000/ad9081@0,jesd204:0,parent=spi1.0: JESD204[0] transition link_setup -> opt_setup_stage1
[    7.995552] jesd204: /axi/spi@ff040000/ad9081@0,jesd204:0,parent=spi1.0: JESD204[2] transition opt_setup_stage1 -> opt_setup_stage2
[    8.007378] jesd204: /axi/spi@ff040000/ad9081@0,jesd204:0,parent=spi1.0: JESD204[0] transition opt_setup_stage1 -> opt_setup_stage2
[    8.019350] jesd204: /axi/spi@ff040000/ad9081@0,jesd204:0,parent=spi1.0: JESD204[2] transition opt_setup_stage2 -> opt_setup_stage3
[    8.031171] jesd204: /axi/spi@ff040000/ad9081@0,jesd204:0,parent=spi1.0: JESD204[0] transition opt_setup_stage2 -> opt_setup_stage3
[    8.042994] jesd204: /axi/spi@ff040000/ad9081@0,jesd204:0,parent=spi1.0: JESD204[2] transition opt_setup_stage3 -> opt_setup_stage4
[    8.054812] jesd204: /axi/spi@ff040000/ad9081@0,jesd204:0,parent=spi1.0: JESD204[0] transition opt_setup_stage3 -> opt_setup_stage4
[    8.066646] jesd204: /axi/spi@ff040000/ad9081@0,jesd204:0,parent=spi1.0: JESD204[2] transition opt_setup_stage4 -> opt_setup_stage5
[    8.078470] jesd204: /axi/spi@ff040000/ad9081@0,jesd204:0,parent=spi1.0: JESD204[0] transition opt_setup_stage4 -> opt_setup_stage5
[    8.113530] axi_adxcvr 84a60000.axi-adxcvr-rx: adxcvr_clk_enable: QPLL RX buffer underflow error, status: 0x61
[    8.123513] axi_adxcvr 84a60000.axi-adxcvr-rx: adxcvr_clk_enable: QPLL RX buffer overflow error, status: 0x61
[    8.137532] jesd204: /axi/spi@ff040000/ad9081@0,jesd204:0,parent=spi1.0: JESD204[2] transition opt_setup_stage5 -> clocks_enable
[    8.149098] jesd204: /axi/spi@ff040000/ad9081@0,jesd204:0,parent=spi1.0: JESD204[0] transition opt_setup_stage5 -> clocks_enable
[    8.160716] jesd204: /axi/spi@ff040000/ad9081@0,jesd204:0,parent=spi1.0: JESD204[2] transition clocks_enable -> link_enable
[    8.171848] jesd204: /axi/spi@ff040000/ad9081@0,jesd204:0,parent=spi1.0: JESD204[0] transition clocks_enable -> link_enable
[    8.311700] axi-jesd204-rx 84a90000.axi-jesd204-rx: axi_jesd204_rx_jesd204_link_running: Link2 status failed (CGS)
[    8.322047] jesd204: /fpga-axi@0/axi-jesd204-rx@84a90000,jesd204:4,parent=84a90000.axi-jesd204-rx: JESD204[2] In link_running got error from cb: -1 (ignoring!)
[    8.431933] ad9081 spi1.0: JESD RX (JTX) Link2 in CGS, SYNC asserted, PLL locked, PHASE established, MODE valid
[    8.442022] jesd204: /axi/spi@ff040000/ad9081@0,jesd204:0,parent=spi1.0: JESD204[2] In link_running got error from cb: -1 (ignoring!)
[    8.454279] ad9081 spi1.0: JESD TX (JRX) Link0 0xF lanes in DATA
[    8.460284] jesd204: /axi/spi@ff040000/ad9081@0,jesd204:0,parent=spi1.0: JESD204[2] transition link_enable -> link_running
[    8.471322] jesd204: /axi/spi@ff040000/ad9081@0,jesd204:0,parent=spi1.0: JESD204[0] transition link_enable -> link_running
[    8.482367] jesd204: /axi/spi@ff040000/ad9081@0,jesd204:0,parent=spi1.0: JESD204[2] transition link_running -> opt_post_running_stage
[    8.494360] jesd204: /axi/spi@ff040000/ad9081@0,jesd204:0,parent=spi1.0: JESD204[0] transition link_running -> opt_post_running_stage
[    8.515575] input: gpio-keys as /devices/platform/gpio-keys/input/input0
[    8.522594] of_cfs_init
[    8.525055] of_cfs_init: OK
[    8.528002] cfg80211: Loading compiled-in X.509 certificates for regulatory database
[    8.666204] cfg80211: Loaded X.509 cert 'sforshee: 00b28ddf47aef9cea7'
[    8.672735] clk: Not disabling unused clocks
[    8.677264] ALSA device list:
[    8.680226]   No soundcards found.
[    8.683885] platform regulatory.0: Direct firmware load for regulatory.db failed with error -2
[    8.692497] cfg80211: failed to load regulatory.db
[    8.709801] EXT4-fs (mmcblk0p2): mounted filesystem with ordered data mode. Opts: (null)
[    8.717918] VFS: Mounted root (ext4 filesystem) on device 179:2.
[    8.731923] devtmpfs: mounted
[    8.735753] Freeing unused kernel memory: 2560K
[    8.751750] Run /sbin/init as init process
[    8.755844]   with arguments:
[    8.755847]     /sbin/init
[    8.755849]   with environment:
[    8.755851]     HOME=/
[    8.755853]     TERM=linux
[    9.396238] systemd[1]: systemd 241 running in system mode. (+PAM +AUDIT +SELINUX +IMA +APPARMOR +SMACK +SYSVINIT +UTMP +LIBCRYPTSETUP +GCRYPT +GNUTLS +ACL +XZ +LZ4 +SECCOMP +BLKID +ELFUTILS +KMOD -IDN2 +IDN -PCRE2 default-hierarchy=hybrid)
[    9.418089] systemd[1]: Detected architecture arm64.
[    9.440534] systemd[1]: Set hostname to <analog>.
[    9.638420] systemd[1]: File /lib/systemd/system/systemd-journald.service:12 configures an IP firewall (IPAddressDeny=any), but the local system does not support BPF/cgroup based firewalling.
[    9.655501] systemd[1]: Proceeding WITHOUT firewalling in effect! (This warning is only shown for the first loaded unit using IP firewalling.)
[    9.829576] systemd[1]: /etc/systemd/system/tof-server.service:1: Assignment outside of section. Ignoring.
[    9.839295] systemd[1]: /etc/systemd/system/tof-server.service:2: Assignment outside of section. Ignoring.
[   10.034716] random: systemd: uninitialized urandom read (16 bytes read)
[   10.049758] random: systemd: uninitialized urandom read (16 bytes read)
[   10.056586] systemd[1]: Listening on initctl Compatibility Named Pipe.
[   10.079779] random: systemd: uninitialized urandom read (16 bytes read)
[   10.086707] systemd[1]: Listening on fsck to fsckd communication Socket.
[   10.108329] systemd[1]: Created slice system-getty.slice.
[   10.702710] ------------[ cut here ]------------
[   10.702720] Enabling unprepared \xa0\xe9Q\x88\xff\xff\xffpQ\x88\xff\xff\xff
[   10.702766] WARNING: CPU: 1 PID: 145 at drivers/clk/clk.c:1012 clk_core_enable+0xa4/0xc0
[   10.702769] Modules linked in:
[   10.702779] CPU: 1 PID: 145 Comm: kworker/1:2H Not tainted 5.10.0-98103-g2aa7ac113716 #5577
[   10.702782] Hardware name: ZynqMP ZCU102 Rev1.0 (DT)
[   10.702792] Workqueue: kblockd blk_mq_run_work_fn
[   10.702799] pstate: 80000085 (Nzcv daIf -PAN -UAO -TCO BTYPE=--)
[   10.702804] pc : clk_core_enable+0xa4/0xc0
[   10.702810] lr : clk_core_enable+0xa4/0xc0
[   10.702813] sp : ffffffc012bd32d0
[   10.702816] x29: ffffffc012bd32d0 x28: ffffff8800330c10 
[   10.702822] x27: ffffff8800330d48 x26: 0000005000000101 
[   10.702829] x25: 0000000277fd4192 x24: 0000000000000001 
[   10.702836] x23: ffffff88010e9380 x22: ffffff8801083220 
[   10.702842] x21: ffffff8801517000 x20: ffffff8801517008 
[   10.702849] x19: ffffff8801517008 x18: 0000000000000030 
[   10.702855] x17: 0000000000000002 x16: 0000aed381281054 
[   10.702862] x15: ffffffffffff89a0 x14: ffffffc011d3b1a0 
[   10.702868] x13: ffffffc011d3b1c8 x12: 00000000000005f7 
[   10.702874] x11: 00000000000001fd x10: ffffffc011d671c8 
[   10.702881] x9 : 00000000fffff800 x8 : ffffffc011d3b1c8 
[   10.702888] x7 : ffffffc011d671c8 x6 : 0000000000000001 
[   10.702894] x5 : ffffff887f77c9e0 x4 : 0000000000000000 
[   10.702900] x3 : 0000000000000027 x2 : 0000000000000023 
[   10.702907] x1 : 461ccc32bc4cf800 x0 : 0000000000000000 
[   10.702913] Call trace:
[   10.702920]  clk_core_enable+0xa4/0xc0
[   10.702924]  clk_enable+0x2c/0x60
[   10.702931]  zynqmp_runtime_resume+0x24/0x84
[   10.702937]  pm_generic_runtime_resume+0x30/0x50
[   10.702943]  __genpd_runtime_resume+0x30/0xb0
[   10.702949]  genpd_runtime_resume+0x90/0x250
[   10.702955]  __rpm_callback+0x10c/0x1e0
[   10.702960]  rpm_callback+0x5c/0x84
[   10.702965]  rpm_resume+0x4a4/0x74c
[   10.702970]  __pm_runtime_resume+0x78/0xc4
[   10.702974]  spi_mem_access_start.isra.0+0x30/0x80
[   10.702978]  spi_mem_exec_op+0x3b0/0x424
[   10.702983]  spi_nor_read_sr+0x78/0xe0
[   10.702988]  spi_nor_wait_till_ready_with_timeout+0xb4/0x2f0
[   10.702992]  spi_nor_read+0x188/0x380
[   10.702998]  mtd_read_oob_std+0x78/0x84
[   10.703002]  mtd_read_oob+0x7c/0x134
[   10.703006]  mtd_read+0x48/0x7c
[   10.703012]  mtdblock_readsect+0x6c/0x150
[   10.703017]  mtd_queue_rq+0x2cc/0x5a0
[   10.703023]  blk_mq_dispatch_rq_list+0x110/0x790
[   10.703029]  __blk_mq_do_dispatch_sched+0x200/0x274
[   10.703034]  __blk_mq_sched_dispatch_requests+0x1a8/0x1fc
[   10.703040]  blk_mq_sched_dispatch_requests+0x3c/0x7c
[   10.703045]  __blk_mq_run_hw_queue+0x98/0x100
[   10.703050]  blk_mq_run_work_fn+0x24/0x30
[   10.703055]  process_one_work+0x1d4/0x380
[   10.703059]  worker_thread+0x78/0x4e0
[   10.703064]  kthread+0x124/0x130
[   10.703070]  ret_from_fork+0x10/0x3c
[   10.703073] ---[ end trace 845d72b17c192c97 ]---
[   10.703081] zynqmp-qspi ff0f0000.spi: Cannot enable APB clock.
[   10.703129] spi_master spi0: Failed to power device: -108
[   10.703139] blk_update_request: I/O error, dev mtdblock0, sector 8 op 0x0:(READ) flags 0x80700 phys_seg 1 prio class 0
[   10.703207] spi_master spi0: Failed to power device: -22
[   10.703214] blk_update_request: I/O error, dev mtdblock0, sector 8 op 0x0:(READ) flags 0x0 phys_seg 8 prio class 0
[   10.703219] Buffer I/O error on dev mtdblock0, logical block 8, async page read
[   10.703228] spi_master spi0: Failed to power device: -22
[   10.703234] blk_update_request: I/O error, dev mtdblock0, sector 9 op 0x0:(READ) flags 0x0 phys_seg 7 prio class 0
[   10.703238] Buffer I/O error on dev mtdblock0, logical block 9, async page read
[   10.703245] spi_master spi0: Failed to power device: -22
[   10.703250] blk_update_request: I/O error, dev mtdblock0, sector 10 op 0x0:(READ) flags 0x0 phys_seg 6 prio class 0
[   10.703254] Buffer I/O error on dev mtdblock0, logical block 10, async page read
[   10.703261] spi_master spi0: Failed to power device: -22
[   10.703267] blk_update_request: I/O error, dev mtdblock0, sector 11 op 0x0:(READ) flags 0x0 phys_seg 5 prio class 0
[   10.703271] Buffer I/O error on dev mtdblock0, logical block 11, async page read
[   10.703278] spi_master spi0: Failed to power device: -22
[   10.703284] blk_update_request: I/O error, dev mtdblock0, sector 12 op 0x0:(READ) flags 0x0 phys_seg 4 prio class 0
[   10.703288] Buffer I/O error on dev mtdblock0, logical block 12, async page read
[   10.703294] spi_master spi0: Failed to power device: -22
[   10.703300] blk_update_request: I/O error, dev mtdblock0, sector 13 op 0x0:(READ) flags 0x0 phys_seg 3 prio class 0
[   10.703304] Buffer I/O error on dev mtdblock0, logical block 13, async page read
[   10.703311] spi_master spi0: Failed to power device: -22
[   10.703316] blk_update_request: I/O error, dev mtdblock0, sector 14 op 0x0:(READ) flags 0x0 phys_seg 2 prio class 0
[   10.703320] Buffer I/O error on dev mtdblock0, logical block 14, async page read
[   10.703327] spi_master spi0: Failed to power device: -22
[   10.703332] blk_update_request: I/O error, dev mtdblock0, sector 15 op 0x0:(READ) flags 0x0 phys_seg 1 prio class 0
[   10.703336] Buffer I/O error on dev mtdblock0, logical block 15, async page read
[   10.703639] spi_master spi0: Failed to power device: -22
[   10.703646] blk_update_request: I/O error, dev mtdblock1, sector 10112 op 0x0:(READ) flags 0x80700 phys_seg 1 prio class 0
[   10.703712] spi_master spi0: Failed to power device: -22
[   10.703719] Buffer I/O error on dev mtdblock1, logical block 10112, async page read
[   10.703726] spi_master spi0: Failed to power device: -22
[   10.703732] Buffer I/O error on dev mtdblock1, logical block 10113, async page read
[   10.703739] spi_master spi0: Failed to power device: -22
[   10.703747] spi_master spi0: Failed to power device: -22
[   10.703754] spi_master spi0: Failed to power device: -22
[   10.703767] spi_master spi0: Failed to power device: -22
[   10.703774] spi_master spi0: Failed to power device: -22
[   10.703781] spi_master spi0: Failed to power device: -22
[   10.704055] spi_master spi0: Failed to power device: -22
[   10.704100] spi_master spi0: Failed to power device: -22
[   10.704109] spi_master spi0: Failed to power device: -22
[   10.704117] spi_master spi0: Failed to power device: -22
[   10.704125] spi_master spi0: Failed to power device: -22
[   10.704132] spi_master spi0: Failed to power device: -22
[   10.704141] spi_master spi0: Failed to power device: -22
[   10.704148] spi_master spi0: Failed to power device: -22
[   10.704155] spi_master spi0: Failed to power device: -22
[   10.704418] spi_master spi0: Failed to power device: -22
[   10.704466] spi_master spi0: Failed to power device: -22
[   10.704475] spi_master spi0: Failed to power device: -22
[   10.704483] spi_master spi0: Failed to power device: -22
[   10.704490] spi_master spi0: Failed to power device: -22
[   10.704497] spi_master spi0: Failed to power device: -22
[   10.704505] spi_master spi0: Failed to power device: -22
[   10.704512] spi_master spi0: Failed to power device: -22
[   10.704519] spi_master spi0: Failed to power device: -22
[   10.842862] EXT4-fs (mmcblk0p2): re-mounted. Opts: (null)
[   10.972528] systemd-journald[148]: Received request to flush runtime journal from PID 1
[   16.989035] macb ff0e0000.ethernet eth0: PHY [ff0e0000.ethernet-ffffffff:0c] driver [TI DP83867] (irq=POLL)
[   16.989048] macb ff0e0000.ethernet eth0: configuring for phy/rgmii-id link mode
[   17.328275] Adding 102396k swap on /var/swap.  Priority:-2 extents:4 across:9953604k SS
[   19.179723] random: crng init done
[   19.179734] random: 7 urandom warning(s) missed due to ratelimiting
[   20.065359] macb ff0e0000.ethernet eth0: Link is Up - 1Gbps/Full - flow control off
[   20.065387] IPv6: ADDRCONF(NETDEV_CHANGE): eth0: link becomes ready
[   20.134041] broken atomic modeset userspace detected, disabling atomic
[   22.829213] broken atomic modeset userspace detected, disabling atomic
[   25.929066] broken atomic modeset userspace detected, disabling atomic