[    0.000000] Booting Linux on physical CPU 0x0000000000 [0x410fd034]
[    0.000000] Linux version 5.10.0-98103-g2aa7ac113716 (jenkins@romlxbuild1.adlk.analog.com) (aarch64-xilinx-linux-gcc.real (GCC) 10.2.0, GNU ld (GNU Binutils) 2.35.0.20200730) #5577 SMP Wed Mar 23 07:28:49 GMT 2022
[    0.000000] Machine model: ZynqMP ZCU102 Rev1.0
[    0.000000] earlycon: cdns0 at MMIO 0x00000000ff000000 (options '115200n8')
[    0.000000] printk: bootconsole [cdns0] enabled
[    0.000000] efi: UEFI not found.
[    0.000000] cma: Reserved 256 MiB at 0x0000000070000000
[    0.000000] Zone ranges:
[    0.000000]   DMA      [mem 0x0000000000000000-0x000000003fffffff]
[    0.000000]   DMA32    [mem 0x0000000040000000-0x00000000ffffffff]
[    0.000000]   Normal   [mem 0x0000000100000000-0x000000087fffffff]
[    0.000000] Movable zone start for each node
[    0.000000] Early memory node ranges
[    0.000000]   node   0: [mem 0x0000000000000000-0x000000007fffffff]
[    0.000000]   node   0: [mem 0x0000000800000000-0x000000087fffffff]
[    0.000000] Initmem setup node 0 [mem 0x0000000000000000-0x000000087fffffff]
[    0.000000] On node 0 totalpages: 1048576
[    0.000000]   DMA zone: 3584 pages used for memmap
[    0.000000]   DMA zone: 0 pages reserved
[    0.000000]   DMA zone: 262144 pages, LIFO batch:63
[    0.000000]   DMA32 zone: 3584 pages used for memmap
[    0.000000]   DMA32 zone: 262144 pages, LIFO batch:63
[    0.000000]   Normal zone: 7168 pages used for memmap
[    0.000000]   Normal zone: 524288 pages, LIFO batch:63
[    0.000000] psci: probing for conduit method from DT.
[    0.000000] psci: PSCIv1.1 detected in firmware.
[    0.000000] psci: Using standard PSCI v0.2 function IDs
[    0.000000] psci: MIGRATE_INFO_TYPE not supported.
[    0.000000] psci: SMC Calling Convention v1.2
[    0.000000] percpu: Embedded 22 pages/cpu s49496 r8192 d32424 u90112
[    0.000000] pcpu-alloc: s49496 r8192 d32424 u90112 alloc=22*4096
[    0.000000] pcpu-alloc: [0] 0 [0] 1 [0] 2 [0] 3 
[    0.000000] Detected VIPT I-cache on CPU0
[    0.000000] CPU features: detected: ARM erratum 845719
[    0.000000] Built 1 zonelists, mobility grouping on.  Total pages: 1034240
[    0.000000] Kernel command line: console=ttyPS0,115200 root=/dev/mmcblk0p2 rw earlycon rootfstype=ext4 rootwait clk_ignore_unused cpuidle.off=1 root=/dev/mmcblk0p2 rw rootwait
[    0.000000] Dentry cache hash table entries: 524288 (order: 10, 4194304 bytes, linear)
[    0.000000] Inode-cache hash table entries: 262144 (order: 9, 2097152 bytes, linear)
[    0.000000] mem auto-init: stack:off, heap alloc:off, heap free:off
[    0.000000] software IO TLB: mapped [mem 0x000000003bfff000-0x000000003ffff000] (64MB)
[    0.000000] Memory: 3761904K/4194304K available (15296K kernel code, 1636K rwdata, 11876K rodata, 2560K init, 507K bss, 170256K reserved, 262144K cma-reserved)
[    0.000000] rcu: Hierarchical RCU implementation.
[    0.000000] rcu: 	RCU event tracing is enabled.
[    0.000000] rcu: 	RCU restricting CPUs from NR_CPUS=8 to nr_cpu_ids=4.
[    0.000000] rcu: RCU calculated value of scheduler-enlistment delay is 25 jiffies.
[    0.000000] rcu: Adjusting geometry for rcu_fanout_leaf=16, nr_cpu_ids=4
[    0.000000] NR_IRQS: 64, nr_irqs: 64, preallocated irqs: 0
[    0.000000] GIC: Adjusting CPU interface base to 0x00000000f902f000
[    0.000000] GIC: Using split EOI/Deactivate mode
[    0.000000] random: get_random_bytes called from start_kernel+0x31c/0x54c with crng_init=0
[    0.000000] arch_timer: cp15 timer(s) running at 100.00MHz (phys).
[    0.000000] clocksource: arch_sys_counter: mask: 0xffffffffffffff max_cycles: 0x171024e7e0, max_idle_ns: 440795205315 ns
[    0.000003] sched_clock: 56 bits at 100MHz, resolution 10ns, wraps every 4398046511100ns
[    0.008462] Console: colour dummy device 80x25
[    0.012483] Calibrating delay loop (skipped), value calculated using timer frequency.. 200.00 BogoMIPS (lpj=400000)
[    0.022840] pid_max: default: 32768 minimum: 301
[    0.027550] Mount-cache hash table entries: 8192 (order: 4, 65536 bytes, linear)
[    0.034788] Mountpoint-cache hash table entries: 8192 (order: 4, 65536 bytes, linear)
[    0.043394] rcu: Hierarchical SRCU implementation.
[    0.047560] EFI services will not be available.
[    0.051938] smp: Bringing up secondary CPUs ...
[    0.056657] Detected VIPT I-cache on CPU1
[    0.056696] CPU1: Booted secondary processor 0x0000000001 [0x410fd034]
[    0.057061] Detected VIPT I-cache on CPU2
[    0.057085] CPU2: Booted secondary processor 0x0000000002 [0x410fd034]
[    0.057425] Detected VIPT I-cache on CPU3
[    0.057448] CPU3: Booted secondary processor 0x0000000003 [0x410fd034]
[    0.057494] smp: Brought up 1 node, 4 CPUs
[    0.091780] SMP: Total of 4 processors activated.
[    0.096452] CPU features: detected: 32-bit EL0 Support
[    0.101556] CPU features: detected: CRC32 instructions
[    0.106696] CPU: All CPU(s) started at EL2
[    0.110736] alternatives: patching kernel code
[    0.116169] devtmpfs: initialized
[    0.124059] Registered cp15_barrier emulation handler
[    0.124109] Registered setend emulation handler
[    0.128091] clocksource: jiffies: mask: 0xffffffff max_cycles: 0xffffffff, max_idle_ns: 7645041785100000 ns
[    0.137670] futex hash table entries: 1024 (order: 4, 65536 bytes, linear)
[    0.151024] pinctrl core: initialized pinctrl subsystem
[    0.151668] NET: Registered protocol family 16
[    0.156092] DMA: preallocated 512 KiB GFP_KERNEL pool for atomic allocations
[    0.162107] DMA: preallocated 512 KiB GFP_KERNEL|GFP_DMA pool for atomic allocations
[    0.169834] DMA: preallocated 512 KiB GFP_KERNEL|GFP_DMA32 pool for atomic allocations
[    0.177635] audit: initializing netlink subsys (disabled)
[    0.183087] audit: type=2000 audit(0.116:1): state=initialized audit_enabled=0 res=1
[    0.183431] hw-breakpoint: found 6 breakpoint and 4 watchpoint registers.
[    0.197463] ASID allocator initialised with 65536 entries
[    0.224315] HugeTLB registered 1.00 GiB page size, pre-allocated 0 pages
[    0.225368] HugeTLB registered 32.0 MiB page size, pre-allocated 0 pages
[    0.232039] HugeTLB registered 2.00 MiB page size, pre-allocated 0 pages
[    0.238699] HugeTLB registered 64.0 KiB page size, pre-allocated 0 pages
[    1.304264] DRBG: Continuing without Jitter RNG
[    1.382094] raid6: neonx8   gen()  2143 MB/s
[    1.450142] raid6: neonx8   xor()  1599 MB/s
[    1.518199] raid6: neonx4   gen()  2193 MB/s
[    1.586248] raid6: neonx4   xor()  1566 MB/s
[    1.654319] raid6: neonx2   gen()  2076 MB/s
[    1.722367] raid6: neonx2   xor()  1435 MB/s
[    1.790428] raid6: neonx1   gen()  1772 MB/s
[    1.858478] raid6: neonx1   xor()  1220 MB/s
[    1.926535] raid6: int64x8  gen()  1438 MB/s
[    1.994593] raid6: int64x8  xor()   771 MB/s
[    2.062667] raid6: int64x4  gen()  1599 MB/s
[    2.130715] raid6: int64x4  xor()   817 MB/s
[    2.198782] raid6: int64x2  gen()  1397 MB/s
[    2.266840] raid6: int64x2  xor()   749 MB/s
[    2.334907] raid6: int64x1  gen()  1033 MB/s
[    2.402967] raid6: int64x1  xor()   517 MB/s
[    2.403005] raid6: using algorithm neonx4 gen() 2193 MB/s
[    2.406961] raid6: .... xor() 1566 MB/s, rmw enabled
[    2.411891] raid6: using neon recovery algorithm
[    2.416903] iommu: Default domain type: Translated 
[    2.421517] SCSI subsystem initialized
[    2.425060] libata version 3.00 loaded.
[    2.425183] usbcore: registered new interface driver usbfs
[    2.430517] usbcore: registered new interface driver hub
[    2.435790] usbcore: registered new device driver usb
[    2.440924] mc: Linux media interface: v0.10
[    2.445039] videodev: Linux video capture interface: v2.00
[    2.450531] EDAC MC: Ver: 3.0.0
[    2.453972] zynqmp-ipi-mbox mailbox@ff990400: Registered ZynqMP IPI mbox with TX/RX channels.
[    2.462468] jesd204: created con: id=0, topo=0, link=0, /axi/spi@ff050000/hmc7044@0 <-> /fpga-axi@0/axi-adxcvr-tx@84b60000
[    2.473060] jesd204: created con: id=1, topo=0, link=2, /axi/spi@ff050000/hmc7044@0 <-> /fpga-axi@0/axi-adxcvr-rx@84a60000
[    2.484044] jesd204: created con: id=2, topo=0, link=0, /fpga-axi@0/axi-adxcvr-tx@84b60000 <-> /fpga-axi@0/axi-jesd204-tx@84b90000
[    2.495720] jesd204: created con: id=3, topo=0, link=2, /fpga-axi@0/axi-adxcvr-rx@84a60000 <-> /fpga-axi@0/axi-jesd204-rx@84a90000
[    2.507397] jesd204: created con: id=4, topo=0, link=0, /fpga-axi@0/axi-jesd204-tx@84b90000 <-> /fpga-axi@0/axi-ad9081-tx-hpc@84b10000
[    2.519424] jesd204: created con: id=5, topo=0, link=2, /fpga-axi@0/axi-jesd204-rx@84a90000 <-> /fpga-axi@0/axi-ad9081-rx-hpc@84a10000
[    2.531447] jesd204: created con: id=6, topo=0, link=2, /fpga-axi@0/axi-ad9081-rx-hpc@84a10000 <-> /axi/spi@ff040000/ad9081@0
[    2.542689] jesd204: created con: id=7, topo=0, link=0, /fpga-axi@0/axi-ad9081-tx-hpc@84b10000 <-> /axi/spi@ff040000/ad9081@0
[    2.553939] jesd204: /axi/spi@ff040000/ad9081@0: JESD204[2] transition uninitialized -> initialized
[    2.562925] jesd204: /axi/spi@ff040000/ad9081@0: JESD204[0] transition uninitialized -> initialized
[    2.571917] jesd204: found 8 devices and 1 topologies
[    2.576960] FPGA manager framework
[    2.580439] Advanced Linux Sound Architecture Driver Initialized.
[    2.586734] Bluetooth: Core ver 2.22
[    2.589920] NET: Registered protocol family 31
[    2.594321] Bluetooth: HCI device and connection manager initialized
[    2.600638] Bluetooth: HCI socket layer initialized
[    2.605480] Bluetooth: L2CAP socket layer initialized
[    2.610503] Bluetooth: SCO socket layer initialized
[    2.615688] clocksource: Switched to clocksource arch_sys_counter
[    2.621495] VFS: Disk quotas dquot_6.6.0
[    2.625331] VFS: Dquot-cache hash table entries: 512 (order 0, 4096 bytes)
[    2.636040] NET: Registered protocol family 2
[    2.636777] tcp_listen_portaddr_hash hash table entries: 2048 (order: 3, 32768 bytes, linear)
[    2.644971] TCP established hash table entries: 32768 (order: 6, 262144 bytes, linear)
[    2.652996] TCP bind hash table entries: 32768 (order: 7, 524288 bytes, linear)
[    2.660440] TCP: Hash tables configured (established 32768 bind 32768)
[    2.666615] UDP hash table entries: 2048 (order: 4, 65536 bytes, linear)
[    2.673281] UDP-Lite hash table entries: 2048 (order: 4, 65536 bytes, linear)
[    2.680443] NET: Registered protocol family 1
[    2.684899] RPC: Registered named UNIX socket transport module.
[    2.690519] RPC: Registered udp transport module.
[    2.695183] RPC: Registered tcp transport module.
[    2.699853] RPC: Registered tcp NFSv4.1 backchannel transport module.
[    2.706842] PCI: CLS 0 bytes, default 64
[    2.710548] hw perfevents: no interrupt-affinity property for /pmu, guessing.
[    2.717403] hw perfevents: enabled with armv8_pmuv3 PMU driver, 7 counters available
[    2.725757] Initialise system trusted keyrings
[    2.729431] workingset: timestamp_bits=62 max_order=20 bucket_order=0
[    2.736331] NFS: Registering the id_resolver key type
[    2.740781] Key type id_resolver registered
[    2.744920] Key type id_legacy registered
[    2.748911] nfs4filelayout_init: NFSv4 File Layout Driver Registering...
[    2.755577] jffs2: version 2.2. (NAND) (SUMMARY)  Â© 2001-2006 Red Hat, Inc.
[    2.799219] NET: Registered protocol family 38
[    2.799262] xor: measuring software checksum speed
[    2.806954]    8regs           :  2363 MB/sec
[    2.810623]    32regs          :  2799 MB/sec
[    2.815565]    arm64_neon      :  2380 MB/sec
[    2.815760] xor: using function: 32regs (2799 MB/sec)
[    2.820781] Key type asymmetric registered
[    2.824843] Asymmetric key parser 'x509' registered
[    2.829704] Block layer SCSI generic (bsg) driver version 0.4 loaded (major 248)
[    2.837041] io scheduler mq-deadline registered
[    2.841537] io scheduler kyber registered
[    2.870957] Serial: 8250/16550 driver, 4 ports, IRQ sharing disabled
[    2.875603] cacheinfo: Unable to detect cache hierarchy for CPU 0
[    2.881951] brd: module loaded
[    2.886080] loop: module loaded
[    2.886628] Registered mathworks_ip class
[    2.889975] libphy: Fixed MDIO Bus: probed
[    2.892957] tun: Universal TUN/TAP device driver, 1.6
[    2.897012] CAN device driver interface
[    2.901546] usbcore: registered new interface driver asix
[    2.906143] usbcore: registered new interface driver ax88179_178a
[    2.912177] usbcore: registered new interface driver cdc_ether
[    2.917970] usbcore: registered new interface driver net1080
[    2.923596] usbcore: registered new interface driver cdc_subset
[    2.929476] usbcore: registered new interface driver zaurus
[    2.935020] usbcore: registered new interface driver cdc_ncm
[    2.941425] ehci_hcd: USB 2.0 'Enhanced' Host Controller (EHCI) Driver
[    2.947105] ehci-pci: EHCI PCI platform driver
[    2.951911] usbcore: registered new interface driver uas
[    2.956823] usbcore: registered new interface driver usb-storage
[    2.962812] usbcore: registered new interface driver usbserial_generic
[    2.969260] usbserial: USB Serial support registered for generic
[    2.975232] usbcore: registered new interface driver ftdi_sio
[    2.980936] usbserial: USB Serial support registered for FTDI USB Serial Device
[    2.988211] usbcore: registered new interface driver upd78f0730
[    2.994083] usbserial: USB Serial support registered for upd78f0730
[    3.001735] rtc_zynqmp ffa60000.rtc: registered as rtc0
[    3.005508] rtc_zynqmp ffa60000.rtc: setting system clock to 2022-04-12T21:55:23 UTC (1649800523)
[    3.014371] i2c /dev entries driver
[    3.019693] usbcore: registered new interface driver uvcvideo
[    3.023477] USB Video Class driver (1.1.1)
[    3.029061] Bluetooth: HCI UART driver ver 2.3
[    3.031966] Bluetooth: HCI UART protocol H4 registered
[    3.037064] Bluetooth: HCI UART protocol BCSP registered
[    3.042352] Bluetooth: HCI UART protocol LL registered
[    3.047443] Bluetooth: HCI UART protocol ATH3K registered
[    3.052818] Bluetooth: HCI UART protocol Three-wire (H5) registered
[    3.059071] Bluetooth: HCI UART protocol Intel registered
[    3.064408] Bluetooth: HCI UART protocol QCA registered
[    3.069612] usbcore: registered new interface driver bcm203x
[    3.075230] usbcore: registered new interface driver bpa10x
[    3.080766] usbcore: registered new interface driver bfusb
[    3.086220] usbcore: registered new interface driver btusb
[    3.091685] usbcore: registered new interface driver ath3k
[    3.097163] EDAC MC: ECC not enabled
[    3.100792] EDAC DEVICE0: Giving out device to module zynqmp-ocm-edac controller zynqmp_ocm: DEV ff960000.memory-controller (INTERRUPT)
[    3.113101] sdhci: Secure Digital Host Controller Interface driver
[    3.118893] sdhci: Copyright(c) Pierre Ossman
[    3.123215] sdhci-pltfm: SDHCI platform and OF driver helper
[    3.129267] ledtrig-cpu: registered to indicate activity on CPUs
[    3.134821] SMCCC: SOC_ID: ARCH_SOC_ID not implemented, skipping ....
[    3.141253] zynqmp_firmware_probe Platform Management API v1.1
[    3.147008] zynqmp_firmware_probe Trustzone version v1.0
[    3.186545] zynqmp-pinctrl firmware:zynqmp-firmware:pinctrl: zynqmp pinctrl initialized
[    3.234531] zynqmp-aes firmware:zynqmp-firmware:zynqmp-aes: will run requests pump with realtime priority
[    3.250280] alg: No test for xilinx-keccak-384 (zynqmp-keccak-384)
[    3.250995] alg: No test for xilinx-zynqmp-rsa (zynqmp-rsa)
[    3.256502] usbcore: registered new interface driver usbhid
[    3.261896] usbhid: USB HID core driver
[    3.273157] axi_sysid 85000000.axi-sysid-0: AXI System ID core version (1.01.a) found
[    3.275503] axi_sysid 85000000.axi-sysid-0: [ad9081_fmca_ebz] on [zcu102] git branch <master> git <084d44c9780640ca93fd847b1d9ec70dd65f5c67> clean [2022-03-18 04:17:50] UTC
[    3.291188] fpga_manager fpga0: Xilinx ZynqMP FPGA Manager registered
[    3.297544] usbcore: registered new interface driver snd-usb-audio
[    3.304993] pktgen: Packet Generator for packet performance testing. Version: 2.75
[    3.311180] Initializing XFRM netlink socket
[    3.315031] NET: Registered protocol family 10
[    3.319753] Segment Routing with IPv6
[    3.323124] sit: IPv6, IPv4 and MPLS over IPv4 tunneling driver
[    3.329200] NET: Registered protocol family 17
[    3.333304] NET: Registered protocol family 15
[    3.337801] can: controller area network core
[    3.342054] NET: Registered protocol family 29
[    3.346445] can: raw protocol
[    3.349381] can: broadcast manager protocol
[    3.353536] can: netlink gateway - max_hops=1
[    3.357928] Bluetooth: RFCOMM TTY layer initialized
[    3.362711] Bluetooth: RFCOMM socket layer initialized
[    3.367817] Bluetooth: RFCOMM ver 1.11
[    3.371523] Bluetooth: BNEP (Ethernet Emulation) ver 1.3
[    3.376801] Bluetooth: BNEP filters: protocol multicast
[    3.381992] Bluetooth: BNEP socket layer initialized
[    3.386921] Bluetooth: HIDP (Human Interface Emulation) ver 1.2
[    3.392805] Bluetooth: HIDP socket layer initialized
[    3.397858] 9pnet: Installing 9P2000 support
[    3.401983] NET: Registered protocol family 36
[    3.406396] Key type dns_resolver registered
[    3.410829] registered taskstats version 1
[    3.414695] Loading compiled-in X.509 certificates
[    3.419810] Btrfs loaded, crc32c=crc32c-generic
[    3.432232] ff000000.serial: ttyPS0 at MMIO 0xff000000 (irq = 49, base_baud = 6249999) is a xuartps
[    3.441255] printk: console [ttyPS0] enabled
[    3.445550] printk: bootconsole [cdns0] disabled
[    3.455177] ff010000.serial: ttyPS1 at MMIO 0xff010000 (irq = 50, base_baud = 6249999) is a xuartps
[    3.468417] of-fpga-region fpga-full: FPGA Region probed
[    3.475363] nwl-pcie fd0e0000.pcie: host bridge /axi/pcie@fd0e0000 ranges:
[    3.482262] nwl-pcie fd0e0000.pcie:      MEM 0x00e0000000..0x00efffffff -> 0x00e0000000
[    3.490264] nwl-pcie fd0e0000.pcie:      MEM 0x0600000000..0x07ffffffff -> 0x0600000000
[    3.498324] nwl-pcie fd0e0000.pcie: Link is DOWN
[    3.503081] nwl-pcie fd0e0000.pcie: PCI host bridge to bus 0000:00
[    3.509262] pci_bus 0000:00: root bus resource [bus 00-ff]
[    3.514742] pci_bus 0000:00: root bus resource [mem 0xe0000000-0xefffffff]
[    3.521607] pci_bus 0000:00: root bus resource [mem 0x600000000-0x7ffffffff pref]
[    3.529110] pci 0000:00:00.0: [10ee:d021] type 01 class 0x060400
[    3.535172] pci 0000:00:00.0: PME# supported from D0 D1 D2 D3hot
[    3.545623] pci 0000:00:00.0: PCI bridge to [bus 01-0c]
[    3.551598] xilinx-zynqmp-dma fd500000.dma: ZynqMP DMA driver Probe success
[    3.558769] xilinx-zynqmp-dma fd510000.dma: ZynqMP DMA driver Probe success
[    3.565950] xilinx-zynqmp-dma fd520000.dma: ZynqMP DMA driver Probe success
[    3.573123] xilinx-zynqmp-dma fd530000.dma: ZynqMP DMA driver Probe success
[    3.580287] xilinx-zynqmp-dma fd540000.dma: ZynqMP DMA driver Probe success
[    3.587458] xilinx-zynqmp-dma fd550000.dma: ZynqMP DMA driver Probe success
[    3.594627] xilinx-zynqmp-dma fd560000.dma: ZynqMP DMA driver Probe success
[    3.601799] xilinx-zynqmp-dma fd570000.dma: ZynqMP DMA driver Probe success
[    3.609194] xilinx-zynqmp-dpdma fd4c0000.dma-controller: Xilinx DPDMA engine is probed
[    3.617745] ahci-ceva fd0c0000.ahci: supply ahci not found, using dummy regulator
[    3.625285] ahci-ceva fd0c0000.ahci: supply phy not found, using dummy regulator
[    3.715857] hmc7044 spi2.0: PLL1: Acquisition, CLKIN0 @ 122880000 Hz, PFD: 80 kHz - PLL2: Locked @ 3120.000000 MHz
[    3.726576] jesd204: /axi/spi@ff050000/hmc7044@0,jesd204:1,parent=spi2.0: Using as SYSREF provider
[    3.736158] spi-nor spi0.0: SPI-NOR-UniqueID 100000235394732200270025081115266e
[    3.743464] spi-nor spi0.0: found n25q512a, expected m25p80
[    3.749668] spi-nor spi0.0: trying to lock already unlocked area
[    3.755680] spi-nor spi0.0: n25q512a (131072 Kbytes)
[    3.760659] 4 fixed-partitions partitions found on MTD device spi0.0
[    3.767007] Creating 4 MTD partitions on "spi0.0":
[    3.771792] 0x000000000000-0x000000100000 : "qspi-fsbl-uboot"
[    3.778278] 0x000000100000-0x000000600000 : "qspi-linux"
[    3.784239] 0x000000600000-0x000000620000 : "qspi-device-tree"
[    3.790711] 0x000000620000-0x000000c00000 : "qspi-rootfs"
[    3.799176] macb ff0e0000.ethernet: Not enabling partial store and forward
[    3.806693] libphy: MACB_mii_bus: probed
[    3.811761] macb ff0e0000.ethernet eth0: Cadence GEM rev 0x50070106 at 0xff0e0000 irq 30 (00:0a:35:04:8e:1b)
[    3.821966] xilinx-axipmon ffa00000.perf-monitor: Probed Xilinx APM
[    3.828543] xilinx-axipmon fd0b0000.perf-monitor: Probed Xilinx APM
[    3.835061] xilinx-axipmon fd490000.perf-monitor: Probed Xilinx APM
[    3.841599] xilinx-axipmon ffa10000.perf-monitor: Probed Xilinx APM
[    3.851607] pca953x 0-0020: supply vcc not found, using dummy regulator
[    3.858289] pca953x 0-0020: using no AI
[    3.862783] gpio-496 (sel0): hogged as output/low
[    3.867696] gpio-497 (sel1): hogged as output/high
[    3.872680] gpio-498 (sel2): hogged as output/high
[    3.877663] gpio-499 (sel3): hogged as output/high
[    3.882833] pca953x 0-0021: supply vcc not found, using dummy regulator
[    3.889503] pca953x 0-0021: using no AI
[    3.895255] ina2xx 2-0040: power monitor ina226 (Rshunt = 5000 uOhm)
[    3.902282] ina2xx 2-0041: power monitor ina226 (Rshunt = 5000 uOhm)
[    3.909322] ina2xx 2-0042: power monitor ina226 (Rshunt = 5000 uOhm)
[    3.916355] ina2xx 2-0043: power monitor ina226 (Rshunt = 5000 uOhm)
[    3.923379] ina2xx 2-0044: power monitor ina226 (Rshunt = 5000 uOhm)
[    3.930400] ina2xx 2-0045: power monitor ina226 (Rshunt = 5000 uOhm)
[    3.937431] ina2xx 2-0046: power monitor ina226 (Rshunt = 5000 uOhm)
[    3.944502] ina2xx 2-0047: power monitor ina226 (Rshunt = 5000 uOhm)
[    3.951531] ina2xx 2-004a: power monitor ina226 (Rshunt = 5000 uOhm)
[    3.958570] ina2xx 2-004b: power monitor ina226 (Rshunt = 5000 uOhm)
[    3.964982] i2c i2c-0: Added multiplexed i2c bus 2
[    3.970366] random: fast init done
[    3.973839] ina2xx 3-0040: power monitor ina226 (Rshunt = 2000 uOhm)
[    3.980865] ina2xx 3-0041: power monitor ina226 (Rshunt = 5000 uOhm)
[    3.987890] ina2xx 3-0042: power monitor ina226 (Rshunt = 5000 uOhm)
[    3.994925] ina2xx 3-0043: power monitor ina226 (Rshunt = 5000 uOhm)
[    4.001949] ina2xx 3-0044: power monitor ina226 (Rshunt = 5000 uOhm)
[    4.008978] ina2xx 3-0045: power monitor ina226 (Rshunt = 5000 uOhm)
[    4.016008] ina2xx 3-0046: power monitor ina226 (Rshunt = 5000 uOhm)
[    4.023040] ina2xx 3-0047: power monitor ina226 (Rshunt = 5000 uOhm)
[    4.029440] i2c i2c-0: Added multiplexed i2c bus 3
[    4.084982] i2c i2c-0: Added multiplexed i2c bus 4
[    4.089921] i2c i2c-0: Added multiplexed i2c bus 5
[    4.094709] pca954x 0-0075: registered 4 multiplexed busses for I2C mux pca9544
[    4.102059] cdns-i2c ff020000.i2c: 400 kHz mmio ff020000 irq 32
[    4.109792] at24 6-0054: supply vcc not found, using dummy regulator
[    4.116698] at24 6-0054: 1024 byte 24c08 EEPROM, writable, 1 bytes/write
[    4.123445] i2c i2c-1: Added multiplexed i2c bus 6
[    4.129875] si5341 7-0036: Chip: 5341 Grade: 1 Rev: 1
[    4.167558] i2c i2c-1: Added multiplexed i2c bus 7
[    4.175222] si570 8-005d: registered, current frequency 300000000 Hz
[    4.181628] i2c i2c-1: Added multiplexed i2c bus 8
[    4.201417] si570 9-005d: registered, current frequency 148500000 Hz
[    4.207816] i2c i2c-1: Added multiplexed i2c bus 9
[    4.212854] si5324 10-0069: si5328 probed
[    4.280038] si5324 10-0069: si5328 probe successful
[    4.284965] i2c i2c-1: Added multiplexed i2c bus 10
[    4.289994] i2c i2c-1: Added multiplexed i2c bus 11
[    4.295017] i2c i2c-1: Added multiplexed i2c bus 12
[    4.300041] i2c i2c-1: Added multiplexed i2c bus 13
[    4.304921] pca954x 1-0074: registered 8 multiplexed busses for I2C switch pca9548
[    4.313033] at24 14-0050: supply vcc not found, using dummy regulator
[    4.319827] at24 14-0050: 256 byte 24c02 EEPROM, writable, 1 bytes/write
[    4.326572] i2c i2c-1: Added multiplexed i2c bus 14
[    4.331612] i2c i2c-1: Added multiplexed i2c bus 15
[    4.336645] i2c i2c-1: Added multiplexed i2c bus 16
[    4.341683] i2c i2c-1: Added multiplexed i2c bus 17
[    4.346716] i2c i2c-1: Added multiplexed i2c bus 18
[    4.351760] i2c i2c-1: Added multiplexed i2c bus 19
[    4.356802] i2c i2c-1: Added multiplexed i2c bus 20
[    4.361840] i2c i2c-1: Added multiplexed i2c bus 21
[    4.366713] pca954x 1-0075: registered 8 multiplexed busses for I2C switch pca9548
[    4.374323] cdns-i2c ff030000.i2c: 400 kHz mmio ff030000 irq 33
[    4.384061] cdns-wdt fd4d0000.watchdog: Xilinx Watchdog Timer with timeout 60s
[    4.393107] axi_adxcvr 84a60000.axi-adxcvr-rx: adxcvr_enforce_settings: Using QPLL without access, assuming desired Lane rate will be configured by a different instance
[    4.409750] axi_adxcvr 84a60000.axi-adxcvr-rx: AXI-ADXCVR-RX (17.05.a) using QPLL on GTH4 at 0x84A60000. Number of lanes: 4.
[    4.421908] axi_adxcvr 84b60000.axi-adxcvr-tx: AXI-ADXCVR-TX (17.05.a) using QPLL on GTH4 at 0x84B60000. Number of lanes: 4.
[    4.425864] mmc0: SDHCI controller on ff170000.mmc [ff170000.mmc] using ADMA 64-bit
[    4.441058] axi-jesd204-rx 84a90000.axi-jesd204-rx: AXI-JESD204-RX (1.07.a) at 0x84A90000. Encoder 8b10b, width 4/4, lanes 4, jesd204-fsm.
[    4.453892] axi-jesd204-tx 84b90000.axi-jesd204-tx: AXI-JESD204-TX (1.06.a) at 0x84B90000. Encoder 8b10b, width 4/4, lanes 4, jesd204-fsm.
[    4.467396] zynqmp-display fd4a0000.display: vtc bridge property not present
[    4.473451] mmc0: new high speed SDHC card at address 0001
[    4.477041] xilinx-dp-snd-codec fd4a0000.display:zynqmp_dp_snd_codec0: Failed to get required clock freq
[    4.480280] mmcblk0: mmc0:0001 EB1QT 29.8 GiB 
[    4.489406] xilinx-dp-snd-codec: probe of fd4a0000.display:zynqmp_dp_snd_codec0 failed with error -22
[    4.495074]  mmcblk0: p1 p2 p3
[    4.503391] xilinx-dp-snd-pcm zynqmp_dp_snd_pcm0: Xilinx DisplayPort Sound PCM probed
[    4.514251] xilinx-dp-snd-pcm zynqmp_dp_snd_pcm1: Xilinx DisplayPort Sound PCM probed
[    4.522459] OF: graph: no port node found in /axi/display@fd4a0000
[    4.528869] xlnx-drm xlnx-drm.0: bound fd4a0000.display (ops 0xffffffc010fcbdb8)
[    5.615703] zynqmp-display fd4a0000.display: [drm] Cannot find any crtc or sizes
[    5.623326] [drm] Initialized xlnx 1.0.0 20130509 for fd4a0000.display on minor 0
[    5.630818] zynqmp-display fd4a0000.display: ZynqMP DisplayPort Subsystem driver probed
[    5.639132] ahci-ceva fd0c0000.ahci: supply ahci not found, using dummy regulator
[    5.646676] ahci-ceva fd0c0000.ahci: supply phy not found, using dummy regulator
[    5.654132] ahci-ceva fd0c0000.ahci: supply target not found, using dummy regulator
[    5.661969] ahci-ceva fd0c0000.ahci: AHCI 0001.0301 32 slots 2 ports 6 Gbps 0x3 impl platform mode
[    5.670926] ahci-ceva fd0c0000.ahci: flags: 64bit ncq sntf pm clo only pmp fbs pio slum part ccc sds apst 
[    5.681618] scsi host0: ahci-ceva
[    5.685216] scsi host1: ahci-ceva
[    5.688644] ata1: SATA max UDMA/133 mmio [mem 0xfd0c0000-0xfd0c1fff] port 0x100 irq 45
[    5.696561] ata2: SATA max UDMA/133 mmio [mem 0xfd0c0000-0xfd0c1fff] port 0x180 irq 45
[    5.705169] ad9081 spi1.0: supply vdd not found, using dummy regulator
[    6.017937] ata1: SATA link down (SStatus 0 SControl 330)
[    6.023351] ata2: SATA link down (SStatus 0 SControl 330)
[    6.699704] zynqmp-display fd4a0000.display: [drm] Cannot find any crtc or sizes
[    7.507996] ad9081 spi1.0: AD9081 Rev. 2 Grade 10 (API 1.2.2) probed
[    7.515201] xhci-hcd xhci-hcd.1.auto: xHCI Host Controller
[    7.520696] xhci-hcd xhci-hcd.1.auto: new USB bus registered, assigned bus number 1
[    7.528442] xhci-hcd xhci-hcd.1.auto: hcc params 0x0238f625 hci version 0x100 quirks 0x0000000002010810
[    7.537855] xhci-hcd xhci-hcd.1.auto: irq 59, io mem 0xfe200000
[    7.543963] usb usb1: New USB device found, idVendor=1d6b, idProduct=0002, bcdDevice= 5.10
[    7.552221] usb usb1: New USB device strings: Mfr=3, Product=2, SerialNumber=1
[    7.559439] usb usb1: Product: xHCI Host Controller
[    7.564308] usb usb1: Manufacturer: Linux 5.10.0-98103-g2aa7ac113716 xhci-hcd
[    7.571434] usb usb1: SerialNumber: xhci-hcd.1.auto
[    7.576603] hub 1-0:1.0: USB hub found
[    7.580368] hub 1-0:1.0: 1 port detected
[    7.584466] xhci-hcd xhci-hcd.1.auto: xHCI Host Controller
[    7.589957] xhci-hcd xhci-hcd.1.auto: new USB bus registered, assigned bus number 2
[    7.597611] xhci-hcd xhci-hcd.1.auto: Host supports USB 3.0 SuperSpeed
[    7.604235] usb usb2: New USB device found, idVendor=1d6b, idProduct=0003, bcdDevice= 5.10
[    7.612498] usb usb2: New USB device strings: Mfr=3, Product=2, SerialNumber=1
[    7.619714] usb usb2: Product: xHCI Host Controller
[    7.624582] usb usb2: Manufacturer: Linux 5.10.0-98103-g2aa7ac113716 xhci-hcd
[    7.631708] usb usb2: SerialNumber: xhci-hcd.1.auto
[    7.636816] hub 2-0:1.0: USB hub found
[    7.640578] hub 2-0:1.0: 1 port detected
[    7.670623] cf_axi_adc 84a10000.axi-ad9081-rx-hpc: ADI AIM (10.01.b) at 0x84A10000 mapped to 0x(____ptrval____), probed ADC AD9081 as MASTER
[    7.700529] cf_axi_dds 84b10000.axi-ad9081-tx-hpc: Analog Devices CF_AXI_DDS_DDS MASTER (9.01.b) at 0x84B10000 mapped to 0x(____ptrval____), probed DDS AD9081
[    7.714730] jesd204: /axi/spi@ff040000/ad9081@0,jesd204:0,parent=spi1.0: JESD204[2] transition initialized -> probed
[    7.725253] jesd204: /axi/spi@ff040000/ad9081@0,jesd204:0,parent=spi1.0: JESD204[0] transition initialized -> probed
[    7.735775] jesd204: /axi/spi@ff040000/ad9081@0,jesd204:0,parent=spi1.0: JESD204[2] transition probed -> idle
[    7.745682] jesd204: /axi/spi@ff040000/ad9081@0,jesd204:0,parent=spi1.0: JESD204[0] transition probed -> idle
[    7.755600] jesd204: /axi/spi@ff040000/ad9081@0,jesd204:0,parent=spi1.0: JESD204[2] transition idle -> device_init
[    7.765942] jesd204: /axi/spi@ff040000/ad9081@0,jesd204:0,parent=spi1.0: JESD204[0] transition idle -> device_init
[    7.776293] jesd204: /axi/spi@ff040000/ad9081@0,jesd204:0,parent=spi1.0: JESD204[2] transition device_init -> link_init
[    7.787068] jesd204: /axi/spi@ff040000/ad9081@0,jesd204:0,parent=spi1.0: JESD204[0] transition device_init -> link_init
[    7.797860] jesd204: /axi/spi@ff040000/ad9081@0,jesd204:0,parent=spi1.0: JESD204[2] transition link_init -> link_supported
[    7.808899] jesd204: /axi/spi@ff040000/ad9081@0,jesd204:0,parent=spi1.0: JESD204[0] transition link_init -> link_supported
[    7.820314] hmc7044 spi2.0: hmc7044_jesd204_link_pre_setup: Link2 forcing continuous SYSREF mode
[    7.829431] jesd204: /axi/spi@ff040000/ad9081@0,jesd204:0,parent=spi1.0: JESD204[2] transition link_supported -> link_pre_setup
[    7.840904] jesd204: /axi/spi@ff040000/ad9081@0,jesd204:0,parent=spi1.0: JESD204[0] transition link_supported -> link_pre_setup
[    7.864744] jesd204: /axi/spi@ff040000/ad9081@0,jesd204:0,parent=spi1.0: JESD204[2] transition link_pre_setup -> clk_sync_stage1
[    7.876309] jesd204: /axi/spi@ff040000/ad9081@0,jesd204:0,parent=spi1.0: JESD204[0] transition link_pre_setup -> clk_sync_stage1
[    7.887873] jesd204: /axi/spi@ff040000/ad9081@0,jesd204:0,parent=spi1.0: JESD204[2] transition clk_sync_stage1 -> clk_sync_stage2
[    7.899517] jesd204: /axi/spi@ff040000/ad9081@0,jesd204:0,parent=spi1.0: JESD204[0] transition clk_sync_stage1 -> clk_sync_stage2
[    7.911176] jesd204: /axi/spi@ff040000/ad9081@0,jesd204:0,parent=spi1.0: JESD204[2] transition clk_sync_stage2 -> clk_sync_stage3
[    7.922824] jesd204: /axi/spi@ff040000/ad9081@0,jesd204:0,parent=spi1.0: JESD204[0] transition clk_sync_stage2 -> clk_sync_stage3
[    7.936493] jesd204: /axi/spi@ff040000/ad9081@0,jesd204:0,parent=spi1.0: JESD204[2] transition clk_sync_stage3 -> link_setup
[    7.947713] jesd204: /axi/spi@ff040000/ad9081@0,jesd204:0,parent=spi1.0: JESD204[0] transition clk_sync_stage3 -> link_setup
[    7.963709] jesd204: /axi/spi@ff040000/ad9081@0,jesd204:0,parent=spi1.0: JESD204[2] transition link_setup -> opt_setup_stage1
[    7.975009] jesd204: /axi/spi@ff040000/ad9081@0,jesd204:0,parent=spi1.0: JESD204[0] transition link_setup -> opt_setup_stage1
[    7.991376] jesd204: /axi/spi@ff040000/ad9081@0,jesd204:0,parent=spi1.0: JESD204[2] transition opt_setup_stage1 -> opt_setup_stage2
[    8.003202] jesd204: /axi/spi@ff040000/ad9081@0,jesd204:0,parent=spi1.0: JESD204[0] transition opt_setup_stage1 -> opt_setup_stage2
[    8.015174] jesd204: /axi/spi@ff040000/ad9081@0,jesd204:0,parent=spi1.0: JESD204[2] transition opt_setup_stage2 -> opt_setup_stage3
[    8.026995] jesd204: /axi/spi@ff040000/ad9081@0,jesd204:0,parent=spi1.0: JESD204[0] transition opt_setup_stage2 -> opt_setup_stage3
[    8.038817] jesd204: /axi/spi@ff040000/ad9081@0,jesd204:0,parent=spi1.0: JESD204[2] transition opt_setup_stage3 -> opt_setup_stage4
[    8.050636] jesd204: /axi/spi@ff040000/ad9081@0,jesd204:0,parent=spi1.0: JESD204[0] transition opt_setup_stage3 -> opt_setup_stage4
[    8.062465] jesd204: /axi/spi@ff040000/ad9081@0,jesd204:0,parent=spi1.0: JESD204[2] transition opt_setup_stage4 -> opt_setup_stage5
[    8.074298] jesd204: /axi/spi@ff040000/ad9081@0,jesd204:0,parent=spi1.0: JESD204[0] transition opt_setup_stage4 -> opt_setup_stage5
[    8.109341] axi_adxcvr 84a60000.axi-adxcvr-rx: adxcvr_clk_enable: QPLL RX buffer underflow error, status: 0x61
[    8.119328] axi_adxcvr 84a60000.axi-adxcvr-rx: adxcvr_clk_enable: QPLL RX buffer overflow error, status: 0x61
[    8.133381] jesd204: /axi/spi@ff040000/ad9081@0,jesd204:0,parent=spi1.0: JESD204[2] transition opt_setup_stage5 -> clocks_enable
[    8.144946] jesd204: /axi/spi@ff040000/ad9081@0,jesd204:0,parent=spi1.0: JESD204[0] transition opt_setup_stage5 -> clocks_enable
[    8.156568] jesd204: /axi/spi@ff040000/ad9081@0,jesd204:0,parent=spi1.0: JESD204[2] transition clocks_enable -> link_enable
[    8.167697] jesd204: /axi/spi@ff040000/ad9081@0,jesd204:0,parent=spi1.0: JESD204[0] transition clocks_enable -> link_enable
[    8.307690] axi-jesd204-rx 84a90000.axi-jesd204-rx: axi_jesd204_rx_jesd204_link_running: Link2 status failed (CGS)
[    8.318035] jesd204: /fpga-axi@0/axi-jesd204-rx@84a90000,jesd204:4,parent=84a90000.axi-jesd204-rx: JESD204[2] In link_running got error from cb: -1 (ignoring!)
[    8.427924] ad9081 spi1.0: JESD RX (JTX) Link2 in CGS, SYNC asserted, PLL locked, PHASE established, MODE valid
[    8.438010] jesd204: /axi/spi@ff040000/ad9081@0,jesd204:0,parent=spi1.0: JESD204[2] In link_running got error from cb: -1 (ignoring!)
[    8.450244] ad9081 spi1.0: JESD TX (JRX) Link0 0xF lanes in DATA
[    8.456257] jesd204: /axi/spi@ff040000/ad9081@0,jesd204:0,parent=spi1.0: JESD204[2] transition link_enable -> link_running
[    8.467294] jesd204: /axi/spi@ff040000/ad9081@0,jesd204:0,parent=spi1.0: JESD204[0] transition link_enable -> link_running
[    8.478339] jesd204: /axi/spi@ff040000/ad9081@0,jesd204:0,parent=spi1.0: JESD204[2] transition link_running -> opt_post_running_stage
[    8.490331] jesd204: /axi/spi@ff040000/ad9081@0,jesd204:0,parent=spi1.0: JESD204[0] transition link_running -> opt_post_running_stage
[    8.511545] input: gpio-keys as /devices/platform/gpio-keys/input/input0
[    8.518560] of_cfs_init
[    8.521018] of_cfs_init: OK
[    8.523956] cfg80211: Loading compiled-in X.509 certificates for regulatory database
[    8.662206] cfg80211: Loaded X.509 cert 'sforshee: 00b28ddf47aef9cea7'
[    8.668734] clk: Not disabling unused clocks
[    8.673262] ALSA device list:
[    8.676223]   No soundcards found.
[    8.679888] platform regulatory.0: Direct firmware load for regulatory.db failed with error -2
[    8.688495] cfg80211: failed to load regulatory.db
[    8.703472] EXT4-fs (mmcblk0p2): mounted filesystem with ordered data mode. Opts: (null)
[    8.711586] VFS: Mounted root (ext4 filesystem) on device 179:2.
[    8.724912] devtmpfs: mounted
[    8.728756] Freeing unused kernel memory: 2560K
[    8.747738] Run /sbin/init as init process
[    8.751831]   with arguments:
[    8.751834]     /sbin/init
[    8.751836]   with environment:
[    8.751838]     HOME=/
[    8.751840]     TERM=linux
[    9.322642] systemd[1]: systemd 241 running in system mode. (+PAM +AUDIT +SELINUX +IMA +APPARMOR +SMACK +SYSVINIT +UTMP +LIBCRYPTSETUP +GCRYPT +GNUTLS +ACL +XZ +LZ4 +SECCOMP +BLKID +ELFUTILS +KMOD -IDN2 +IDN -PCRE2 default-hierarchy=hybrid)
[    9.344504] systemd[1]: Detected architecture arm64.
[    9.368407] systemd[1]: Set hostname to <analog>.
[    9.548641] systemd[1]: File /lib/systemd/system/systemd-journald.service:12 configures an IP firewall (IPAddressDeny=any), but the local system does not support BPF/cgroup based firewalling.
[    9.565695] systemd[1]: Proceeding WITHOUT firewalling in effect! (This warning is only shown for the first loaded unit using IP firewalling.)
[    9.729528] systemd[1]: /etc/systemd/system/tof-server.service:1: Assignment outside of section. Ignoring.
[    9.739247] systemd[1]: /etc/systemd/system/tof-server.service:2: Assignment outside of section. Ignoring.
[    9.923157] random: systemd: uninitialized urandom read (16 bytes read)
[    9.937892] systemd[1]: Condition check resulted in Arbitrary Executable File Formats File System Automount Point being skipped.
[    9.949526] random: systemd: uninitialized urandom read (16 bytes read)
[    9.956665] systemd[1]: Listening on Journal Socket.
[    9.972077] random: systemd: uninitialized urandom read (16 bytes read)
[    9.980282] systemd[1]: Mounting Kernel Debug File System...
[   10.585329] ------------[ cut here ]------------
[   10.585338] Enabling unprepared \xa0\xf9Q\x88\xff\xff\xff\x80Q\x88\xff\xff\xff
[   10.585384] WARNING: CPU: 2 PID: 112 at drivers/clk/clk.c:1012 clk_core_enable+0xa4/0xc0
[   10.585387] Modules linked in:
[   10.585397] CPU: 2 PID: 112 Comm: kworker/2:1H Not tainted 5.10.0-98103-g2aa7ac113716 #5577
[   10.585400] Hardware name: ZynqMP ZCU102 Rev1.0 (DT)
[   10.585409] Workqueue: kblockd blk_mq_run_work_fn
[   10.585416] pstate: 80000085 (Nzcv daIf -PAN -UAO -TCO BTYPE=--)
[   10.585422] pc : clk_core_enable+0xa4/0xc0
[   10.585427] lr : clk_core_enable+0xa4/0xc0
[   10.585430] sp : ffffffc0127d32d0
[   10.585433] x29: ffffffc0127d32d0 x28: ffffff8800330c10 
[   10.585440] x27: ffffff8800330d48 x26: 0000005000000101 
[   10.585447] x25: 0000000270fe5138 x24: 0000000000000001 
[   10.585453] x23: ffffff88010e7380 x22: ffffff8801083220 
[   10.585460] x21: ffffff8801518000 x20: ffffff8801518008 
[   10.585466] x19: ffffff8801518008 x18: 0000000000000030 
[   10.585473] x17: 0000000000000001 x16: 0000b4167caa46d0 
[   10.585479] x15: ffffffffffff89c0 x14: ffffffc011d3b1a0 
[   10.585486] x13: ffffffc011d3b1c8 x12: 00000000000005f7 
[   10.585493] x11: 00000000000001fd x10: ffffffc011d671c8 
[   10.585499] x9 : 00000000fffff800 x8 : ffffffc011d3b1c8 
[   10.585505] x7 : ffffffc011d671c8 x6 : 0000000000000001 
[   10.585512] x5 : ffffff887f7929e0 x4 : 0000000000000000 
[   10.585518] x3 : 0000000000000027 x2 : 0000000000000023 
[   10.585524] x1 : 1ed6d958f0742c00 x0 : 0000000000000000 
[   10.585531] Call trace:
[   10.585538]  clk_core_enable+0xa4/0xc0
[   10.585542]  clk_enable+0x2c/0x60
[   10.585549]  zynqmp_runtime_resume+0x24/0x84
[   10.585556]  pm_generic_runtime_resume+0x30/0x50
[   10.585562]  __genpd_runtime_resume+0x30/0xb0
[   10.585568]  genpd_runtime_resume+0x90/0x250
[   10.585574]  __rpm_callback+0x10c/0x1e0
[   10.585579]  rpm_callback+0x5c/0x84
[   10.585584]  rpm_resume+0x4a4/0x74c
[   10.585589]  __pm_runtime_resume+0x78/0xc4
[   10.585594]  spi_mem_access_start.isra.0+0x30/0x80
[   10.585598]  spi_mem_exec_op+0x3b0/0x424
[   10.585602]  spi_nor_read_sr+0x78/0xe0
[   10.585607]  spi_nor_wait_till_ready_with_timeout+0xb4/0x2f0
[   10.585612]  spi_nor_read+0x188/0x380
[   10.585617]  mtd_read_oob_std+0x78/0x84
[   10.585622]  mtd_read_oob+0x7c/0x134
[   10.585626]  mtd_read+0x48/0x7c
[   10.585632]  mtdblock_readsect+0x6c/0x150
[   10.585637]  mtd_queue_rq+0x2cc/0x5a0
[   10.585642]  blk_mq_dispatch_rq_list+0x110/0x790
[   10.585648]  __blk_mq_do_dispatch_sched+0x200/0x274
[   10.585654]  __blk_mq_sched_dispatch_requests+0x1a8/0x1fc
[   10.585660]  blk_mq_sched_dispatch_requests+0x3c/0x7c
[   10.585665]  __blk_mq_run_hw_queue+0x98/0x100
[   10.585669]  blk_mq_run_work_fn+0x24/0x30
[   10.585675]  process_one_work+0x1d4/0x380
[   10.585679]  worker_thread+0x78/0x4e0
[   10.585685]  kthread+0x124/0x130
[   10.585691]  ret_from_fork+0x10/0x3c
[   10.585694] ---[ end trace df29f16e957fba61 ]---
[   10.585703] zynqmp-qspi ff0f0000.spi: Cannot enable APB clock.
[   10.585751] spi_master spi0: Failed to power device: -108
[   10.585761] blk_update_request: I/O error, dev mtdblock0, sector 8 op 0x0:(READ) flags 0x80700 phys_seg 1 prio class 0
[   10.585829] spi_master spi0: Failed to power device: -22
[   10.585835] blk_update_request: I/O error, dev mtdblock0, sector 8 op 0x0:(READ) flags 0x0 phys_seg 8 prio class 0
[   10.585841] Buffer I/O error on dev mtdblock0, logical block 8, async page read
[   10.585850] spi_master spi0: Failed to power device: -22
[   10.585856] blk_update_request: I/O error, dev mtdblock0, sector 9 op 0x0:(READ) flags 0x0 phys_seg 7 prio class 0
[   10.585860] Buffer I/O error on dev mtdblock0, logical block 9, async page read
[   10.585868] spi_master spi0: Failed to power device: -22
[   10.585874] blk_update_request: I/O error, dev mtdblock0, sector 10 op 0x0:(READ) flags 0x0 phys_seg 6 prio class 0
[   10.585878] Buffer I/O error on dev mtdblock0, logical block 10, async page read
[   10.585885] spi_master spi0: Failed to power device: -22
[   10.585890] blk_update_request: I/O error, dev mtdblock0, sector 11 op 0x0:(READ) flags 0x0 phys_seg 5 prio class 0
[   10.585894] Buffer I/O error on dev mtdblock0, logical block 11, async page read
[   10.585901] spi_master spi0: Failed to power device: -22
[   10.585907] blk_update_request: I/O error, dev mtdblock0, sector 12 op 0x0:(READ) flags 0x0 phys_seg 4 prio class 0
[   10.585910] Buffer I/O error on dev mtdblock0, logical block 12, async page read
[   10.585917] spi_master spi0: Failed to power device: -22
[   10.585923] blk_update_request: I/O error, dev mtdblock0, sector 13 op 0x0:(READ) flags 0x0 phys_seg 3 prio class 0
[   10.585926] Buffer I/O error on dev mtdblock0, logical block 13, async page read
[   10.585933] spi_master spi0: Failed to power device: -22
[   10.585939] blk_update_request: I/O error, dev mtdblock0, sector 14 op 0x0:(READ) flags 0x0 phys_seg 2 prio class 0
[   10.585942] Buffer I/O error on dev mtdblock0, logical block 14, async page read
[   10.585949] spi_master spi0: Failed to power device: -22
[   10.585955] blk_update_request: I/O error, dev mtdblock0, sector 15 op 0x0:(READ) flags 0x0 phys_seg 1 prio class 0
[   10.585958] Buffer I/O error on dev mtdblock0, logical block 15, async page read
[   10.586263] spi_master spi0: Failed to power device: -22
[   10.586270] blk_update_request: I/O error, dev mtdblock1, sector 10112 op 0x0:(READ) flags 0x80700 phys_seg 1 prio class 0
[   10.586313] spi_master spi0: Failed to power device: -22
[   10.586319] Buffer I/O error on dev mtdblock1, logical block 10112, async page read
[   10.586327] spi_master spi0: Failed to power device: -22
[   10.586332] Buffer I/O error on dev mtdblock1, logical block 10113, async page read
[   10.586338] spi_master spi0: Failed to power device: -22
[   10.586346] spi_master spi0: Failed to power device: -22
[   10.586353] spi_master spi0: Failed to power device: -22
[   10.586360] spi_master spi0: Failed to power device: -22
[   10.586368] spi_master spi0: Failed to power device: -22
[   10.586374] spi_master spi0: Failed to power device: -22
[   10.586637] spi_master spi0: Failed to power device: -22
[   10.586681] spi_master spi0: Failed to power device: -22
[   10.586691] spi_master spi0: Failed to power device: -22
[   10.586698] spi_master spi0: Failed to power device: -22
[   10.586706] spi_master spi0: Failed to power device: -22
[   10.586713] spi_master spi0: Failed to power device: -22
[   10.586721] spi_master spi0: Failed to power device: -22
[   10.586728] spi_master spi0: Failed to power device: -22
[   10.586735] spi_master spi0: Failed to power device: -22
[   10.586999] spi_master spi0: Failed to power device: -22
[   10.587043] spi_master spi0: Failed to power device: -22
[   10.587052] spi_master spi0: Failed to power device: -22
[   10.587060] spi_master spi0: Failed to power device: -22
[   10.587067] spi_master spi0: Failed to power device: -22
[   10.587074] spi_master spi0: Failed to power device: -22
[   10.587082] spi_master spi0: Failed to power device: -22
[   10.587089] spi_master spi0: Failed to power device: -22
[   10.587096] spi_master spi0: Failed to power device: -22
[   10.711812] EXT4-fs (mmcblk0p2): re-mounted. Opts: (null)
[   10.908498] systemd-journald[168]: Received request to flush runtime journal from PID 1
[   16.680051] macb ff0e0000.ethernet eth0: PHY [ff0e0000.ethernet-ffffffff:0c] driver [TI DP83867] (irq=POLL)
[   16.680063] macb ff0e0000.ethernet eth0: configuring for phy/rgmii-id link mode
[   17.919840] Adding 99324k swap on /var/swap.  Priority:-2 extents:13 across:10143904k SS
[   18.703720] random: crng init done
[   18.703729] random: 7 urandom warning(s) missed due to ratelimiting
[   19.724217] broken atomic modeset userspace detected, disabling atomic
[   19.745324] macb ff0e0000.ethernet eth0: Link is Up - 1Gbps/Full - flow control off
[   19.745348] IPv6: ADDRCONF(NETDEV_CHANGE): eth0: link becomes ready
[   22.400284] broken atomic modeset userspace detected, disabling atomic
[   25.499544] broken atomic modeset userspace detected, disabling atomic