[    0.000000] Booting Linux on physical CPU 0x0000000000 [0x410fd034]
[    0.000000] Linux version 5.10.0-98103-g2aa7ac113716 (jenkins@romlxbuild1.adlk.analog.com) (aarch64-xilinx-linux-gcc.real (GCC) 10.2.0, GNU ld (GNU Binutils) 2.35.0.20200730) #5577 SMP Wed Mar 23 07:28:49 GMT 2022
[    0.000000] Machine model: ZynqMP ZCU102 Rev1.0
[    0.000000] earlycon: cdns0 at MMIO 0x00000000ff000000 (options '115200n8')
[    0.000000] printk: bootconsole [cdns0] enabled
[    0.000000] efi: UEFI not found.
[    0.000000] cma: Reserved 256 MiB at 0x0000000070000000
[    0.000000] Zone ranges:
[    0.000000]   DMA      [mem 0x0000000000000000-0x000000003fffffff]
[    0.000000]   DMA32    [mem 0x0000000040000000-0x00000000ffffffff]
[    0.000000]   Normal   [mem 0x0000000100000000-0x000000087fffffff]
[    0.000000] Movable zone start for each node
[    0.000000] Early memory node ranges
[    0.000000]   node   0: [mem 0x0000000000000000-0x000000007fffffff]
[    0.000000]   node   0: [mem 0x0000000800000000-0x000000087fffffff]
[    0.000000] Initmem setup node 0 [mem 0x0000000000000000-0x000000087fffffff]
[    0.000000] On node 0 totalpages: 1048576
[    0.000000]   DMA zone: 3584 pages used for memmap
[    0.000000]   DMA zone: 0 pages reserved
[    0.000000]   DMA zone: 262144 pages, LIFO batch:63
[    0.000000]   DMA32 zone: 3584 pages used for memmap
[    0.000000]   DMA32 zone: 262144 pages, LIFO batch:63
[    0.000000]   Normal zone: 7168 pages used for memmap
[    0.000000]   Normal zone: 524288 pages, LIFO batch:63
[    0.000000] psci: probing for conduit method from DT.
[    0.000000] psci: PSCIv1.1 detected in firmware.
[    0.000000] psci: Using standard PSCI v0.2 function IDs
[    0.000000] psci: MIGRATE_INFO_TYPE not supported.
[    0.000000] psci: SMC Calling Convention v1.2
[    0.000000] percpu: Embedded 22 pages/cpu s49496 r8192 d32424 u90112
[    0.000000] pcpu-alloc: s49496 r8192 d32424 u90112 alloc=22*4096
[    0.000000] pcpu-alloc: [0] 0 [0] 1 [0] 2 [0] 3 
[    0.000000] Detected VIPT I-cache on CPU0
[    0.000000] CPU features: detected: ARM erratum 845719
[    0.000000] Built 1 zonelists, mobility grouping on.  Total pages: 1034240
[    0.000000] Kernel command line: console=ttyPS0,115200 root=/dev/mmcblk0p2 rw earlycon rootfstype=ext4 rootwait clk_ignore_unused cpuidle.off=1 root=/dev/mmcblk0p2 rw rootwait
[    0.000000] Dentry cache hash table entries: 524288 (order: 10, 4194304 bytes, linear)
[    0.000000] Inode-cache hash table entries: 262144 (order: 9, 2097152 bytes, linear)
[    0.000000] mem auto-init: stack:off, heap alloc:off, heap free:off
[    0.000000] software IO TLB: mapped [mem 0x000000003bfff000-0x000000003ffff000] (64MB)
[    0.000000] Memory: 3761904K/4194304K available (15296K kernel code, 1636K rwdata, 11876K rodata, 2560K init, 507K bss, 170256K reserved, 262144K cma-reserved)
[    0.000000] rcu: Hierarchical RCU implementation.
[    0.000000] rcu: 	RCU event tracing is enabled.
[    0.000000] rcu: 	RCU restricting CPUs from NR_CPUS=8 to nr_cpu_ids=4.
[    0.000000] rcu: RCU calculated value of scheduler-enlistment delay is 25 jiffies.
[    0.000000] rcu: Adjusting geometry for rcu_fanout_leaf=16, nr_cpu_ids=4
[    0.000000] NR_IRQS: 64, nr_irqs: 64, preallocated irqs: 0
[    0.000000] GIC: Adjusting CPU interface base to 0x00000000f902f000
[    0.000000] GIC: Using split EOI/Deactivate mode
[    0.000000] random: get_random_bytes called from start_kernel+0x31c/0x54c with crng_init=0
[    0.000000] arch_timer: cp15 timer(s) running at 100.00MHz (phys).
[    0.000000] clocksource: arch_sys_counter: mask: 0xffffffffffffff max_cycles: 0x171024e7e0, max_idle_ns: 440795205315 ns
[    0.000003] sched_clock: 56 bits at 100MHz, resolution 10ns, wraps every 4398046511100ns
[    0.008464] Console: colour dummy device 80x25
[    0.012482] Calibrating delay loop (skipped), value calculated using timer frequency.. 200.00 BogoMIPS (lpj=400000)
[    0.022840] pid_max: default: 32768 minimum: 301
[    0.027549] Mount-cache hash table entries: 8192 (order: 4, 65536 bytes, linear)
[    0.034789] Mountpoint-cache hash table entries: 8192 (order: 4, 65536 bytes, linear)
[    0.043396] rcu: Hierarchical SRCU implementation.
[    0.047562] EFI services will not be available.
[    0.051938] smp: Bringing up secondary CPUs ...
[    0.056658] Detected VIPT I-cache on CPU1
[    0.056696] CPU1: Booted secondary processor 0x0000000001 [0x410fd034]
[    0.057060] Detected VIPT I-cache on CPU2
[    0.057085] CPU2: Booted secondary processor 0x0000000002 [0x410fd034]
[    0.057425] Detected VIPT I-cache on CPU3
[    0.057448] CPU3: Booted secondary processor 0x0000000003 [0x410fd034]
[    0.057494] smp: Brought up 1 node, 4 CPUs
[    0.091779] SMP: Total of 4 processors activated.
[    0.096452] CPU features: detected: 32-bit EL0 Support
[    0.101556] CPU features: detected: CRC32 instructions
[    0.106696] CPU: All CPU(s) started at EL2
[    0.110736] alternatives: patching kernel code
[    0.116167] devtmpfs: initialized
[    0.124057] Registered cp15_barrier emulation handler
[    0.124107] Registered setend emulation handler
[    0.128084] clocksource: jiffies: mask: 0xffffffff max_cycles: 0xffffffff, max_idle_ns: 7645041785100000 ns
[    0.137662] futex hash table entries: 1024 (order: 4, 65536 bytes, linear)
[    0.151027] pinctrl core: initialized pinctrl subsystem
[    0.151672] NET: Registered protocol family 16
[    0.156094] DMA: preallocated 512 KiB GFP_KERNEL pool for atomic allocations
[    0.162106] DMA: preallocated 512 KiB GFP_KERNEL|GFP_DMA pool for atomic allocations
[    0.169835] DMA: preallocated 512 KiB GFP_KERNEL|GFP_DMA32 pool for atomic allocations
[    0.177636] audit: initializing netlink subsys (disabled)
[    0.183085] audit: type=2000 audit(0.116:1): state=initialized audit_enabled=0 res=1
[    0.183430] hw-breakpoint: found 6 breakpoint and 4 watchpoint registers.
[    0.197463] ASID allocator initialised with 65536 entries
[    0.224324] HugeTLB registered 1.00 GiB page size, pre-allocated 0 pages
[    0.225377] HugeTLB registered 32.0 MiB page size, pre-allocated 0 pages
[    0.232048] HugeTLB registered 2.00 MiB page size, pre-allocated 0 pages
[    0.238708] HugeTLB registered 64.0 KiB page size, pre-allocated 0 pages
[    1.304325] DRBG: Continuing without Jitter RNG
[    1.382099] raid6: neonx8   gen()  2143 MB/s
[    1.450149] raid6: neonx8   xor()  1599 MB/s
[    1.518211] raid6: neonx4   gen()  2196 MB/s
[    1.586261] raid6: neonx4   xor()  1567 MB/s
[    1.654327] raid6: neonx2   gen()  2075 MB/s
[    1.722369] raid6: neonx2   xor()  1438 MB/s
[    1.790435] raid6: neonx1   gen()  1772 MB/s
[    1.858485] raid6: neonx1   xor()  1220 MB/s
[    1.926538] raid6: int64x8  gen()  1438 MB/s
[    1.994598] raid6: int64x8  xor()   771 MB/s
[    2.062671] raid6: int64x4  gen()  1598 MB/s
[    2.130726] raid6: int64x4  xor()   817 MB/s
[    2.198787] raid6: int64x2  gen()  1396 MB/s
[    2.266846] raid6: int64x2  xor()   749 MB/s
[    2.334917] raid6: int64x1  gen()  1034 MB/s
[    2.402972] raid6: int64x1  xor()   517 MB/s
[    2.403010] raid6: using algorithm neonx4 gen() 2196 MB/s
[    2.406969] raid6: .... xor() 1567 MB/s, rmw enabled
[    2.411900] raid6: using neon recovery algorithm
[    2.416914] iommu: Default domain type: Translated 
[    2.421525] SCSI subsystem initialized
[    2.425069] libata version 3.00 loaded.
[    2.425192] usbcore: registered new interface driver usbfs
[    2.430526] usbcore: registered new interface driver hub
[    2.435799] usbcore: registered new device driver usb
[    2.440934] mc: Linux media interface: v0.10
[    2.445047] videodev: Linux video capture interface: v2.00
[    2.450539] EDAC MC: Ver: 3.0.0
[    2.453982] zynqmp-ipi-mbox mailbox@ff990400: Registered ZynqMP IPI mbox with TX/RX channels.
[    2.462488] jesd204: created con: id=0, topo=0, link=0, /axi/spi@ff050000/hmc7044@0 <-> /fpga-axi@0/axi-adxcvr-tx@84b60000
[    2.473068] jesd204: created con: id=1, topo=0, link=2, /axi/spi@ff050000/hmc7044@0 <-> /fpga-axi@0/axi-adxcvr-rx@84a60000
[    2.484053] jesd204: created con: id=2, topo=0, link=0, /fpga-axi@0/axi-adxcvr-tx@84b60000 <-> /fpga-axi@0/axi-jesd204-tx@84b90000
[    2.495728] jesd204: created con: id=3, topo=0, link=2, /fpga-axi@0/axi-adxcvr-rx@84a60000 <-> /fpga-axi@0/axi-jesd204-rx@84a90000
[    2.507405] jesd204: created con: id=4, topo=0, link=0, /fpga-axi@0/axi-jesd204-tx@84b90000 <-> /fpga-axi@0/axi-ad9081-tx-hpc@84b10000
[    2.519433] jesd204: created con: id=5, topo=0, link=2, /fpga-axi@0/axi-jesd204-rx@84a90000 <-> /fpga-axi@0/axi-ad9081-rx-hpc@84a10000
[    2.531456] jesd204: created con: id=6, topo=0, link=2, /fpga-axi@0/axi-ad9081-rx-hpc@84a10000 <-> /axi/spi@ff040000/ad9081@0
[    2.542697] jesd204: created con: id=7, topo=0, link=0, /fpga-axi@0/axi-ad9081-tx-hpc@84b10000 <-> /axi/spi@ff040000/ad9081@0
[    2.553947] jesd204: /axi/spi@ff040000/ad9081@0: JESD204[2] transition uninitialized -> initialized
[    2.562934] jesd204: /axi/spi@ff040000/ad9081@0: JESD204[0] transition uninitialized -> initialized
[    2.571925] jesd204: found 8 devices and 1 topologies
[    2.576970] FPGA manager framework
[    2.580449] Advanced Linux Sound Architecture Driver Initialized.
[    2.586741] Bluetooth: Core ver 2.22
[    2.589929] NET: Registered protocol family 31
[    2.594330] Bluetooth: HCI device and connection manager initialized
[    2.600646] Bluetooth: HCI socket layer initialized
[    2.605488] Bluetooth: L2CAP socket layer initialized
[    2.610512] Bluetooth: SCO socket layer initialized
[    2.615692] clocksource: Switched to clocksource arch_sys_counter
[    2.621507] VFS: Disk quotas dquot_6.6.0
[    2.625340] VFS: Dquot-cache hash table entries: 512 (order 0, 4096 bytes)
[    2.636059] NET: Registered protocol family 2
[    2.636783] tcp_listen_portaddr_hash hash table entries: 2048 (order: 3, 32768 bytes, linear)
[    2.644979] TCP established hash table entries: 32768 (order: 6, 262144 bytes, linear)
[    2.653004] TCP bind hash table entries: 32768 (order: 7, 524288 bytes, linear)
[    2.660449] TCP: Hash tables configured (established 32768 bind 32768)
[    2.666624] UDP hash table entries: 2048 (order: 4, 65536 bytes, linear)
[    2.673290] UDP-Lite hash table entries: 2048 (order: 4, 65536 bytes, linear)
[    2.680450] NET: Registered protocol family 1
[    2.684906] RPC: Registered named UNIX socket transport module.
[    2.690527] RPC: Registered udp transport module.
[    2.695191] RPC: Registered tcp transport module.
[    2.699861] RPC: Registered tcp NFSv4.1 backchannel transport module.
[    2.706852] PCI: CLS 0 bytes, default 64
[    2.710560] hw perfevents: no interrupt-affinity property for /pmu, guessing.
[    2.717413] hw perfevents: enabled with armv8_pmuv3 PMU driver, 7 counters available
[    2.725764] Initialise system trusted keyrings
[    2.729440] workingset: timestamp_bits=62 max_order=20 bucket_order=0
[    2.736345] NFS: Registering the id_resolver key type
[    2.740793] Key type id_resolver registered
[    2.744929] Key type id_legacy registered
[    2.748919] nfs4filelayout_init: NFSv4 File Layout Driver Registering...
[    2.755585] jffs2: version 2.2. (NAND) (SUMMARY)  Â© 2001-2006 Red Hat, Inc.
[    2.799034] NET: Registered protocol family 38
[    2.799077] xor: measuring software checksum speed
[    2.806764]    8regs           :  2363 MB/sec
[    2.810432]    32regs          :  2799 MB/sec
[    2.815375]    arm64_neon      :  2380 MB/sec
[    2.815565] xor: using function: 32regs (2799 MB/sec)
[    2.820591] Key type asymmetric registered
[    2.824653] Asymmetric key parser 'x509' registered
[    2.829514] Block layer SCSI generic (bsg) driver version 0.4 loaded (major 248)
[    2.836850] io scheduler mq-deadline registered
[    2.841347] io scheduler kyber registered
[    2.870768] Serial: 8250/16550 driver, 4 ports, IRQ sharing disabled
[    2.875412] cacheinfo: Unable to detect cache hierarchy for CPU 0
[    2.881758] brd: module loaded
[    2.885902] loop: module loaded
[    2.886449] Registered mathworks_ip class
[    2.889780] libphy: Fixed MDIO Bus: probed
[    2.892772] tun: Universal TUN/TAP device driver, 1.6
[    2.896820] CAN device driver interface
[    2.901358] usbcore: registered new interface driver asix
[    2.905953] usbcore: registered new interface driver ax88179_178a
[    2.911987] usbcore: registered new interface driver cdc_ether
[    2.917779] usbcore: registered new interface driver net1080
[    2.923406] usbcore: registered new interface driver cdc_subset
[    2.929286] usbcore: registered new interface driver zaurus
[    2.934829] usbcore: registered new interface driver cdc_ncm
[    2.941235] ehci_hcd: USB 2.0 'Enhanced' Host Controller (EHCI) Driver
[    2.946915] ehci-pci: EHCI PCI platform driver
[    2.951723] usbcore: registered new interface driver uas
[    2.956629] usbcore: registered new interface driver usb-storage
[    2.962618] usbcore: registered new interface driver usbserial_generic
[    2.969069] usbserial: USB Serial support registered for generic
[    2.975042] usbcore: registered new interface driver ftdi_sio
[    2.980745] usbserial: USB Serial support registered for FTDI USB Serial Device
[    2.988022] usbcore: registered new interface driver upd78f0730
[    2.993893] usbserial: USB Serial support registered for upd78f0730
[    3.001544] rtc_zynqmp ffa60000.rtc: registered as rtc0
[    3.005318] rtc_zynqmp ffa60000.rtc: setting system clock to 2022-04-12T21:30:34 UTC (1649799034)
[    3.014181] i2c /dev entries driver
[    3.019492] usbcore: registered new interface driver uvcvideo
[    3.023294] USB Video Class driver (1.1.1)
[    3.028871] Bluetooth: HCI UART driver ver 2.3
[    3.031776] Bluetooth: HCI UART protocol H4 registered
[    3.036874] Bluetooth: HCI UART protocol BCSP registered
[    3.042161] Bluetooth: HCI UART protocol LL registered
[    3.047253] Bluetooth: HCI UART protocol ATH3K registered
[    3.052627] Bluetooth: HCI UART protocol Three-wire (H5) registered
[    3.058880] Bluetooth: HCI UART protocol Intel registered
[    3.064218] Bluetooth: HCI UART protocol QCA registered
[    3.069422] usbcore: registered new interface driver bcm203x
[    3.075040] usbcore: registered new interface driver bpa10x
[    3.080575] usbcore: registered new interface driver bfusb
[    3.086029] usbcore: registered new interface driver btusb
[    3.091488] usbcore: registered new interface driver ath3k
[    3.096971] EDAC MC: ECC not enabled
[    3.100600] EDAC DEVICE0: Giving out device to module zynqmp-ocm-edac controller zynqmp_ocm: DEV ff960000.memory-controller (INTERRUPT)
[    3.112912] sdhci: Secure Digital Host Controller Interface driver
[    3.118703] sdhci: Copyright(c) Pierre Ossman
[    3.123025] sdhci-pltfm: SDHCI platform and OF driver helper
[    3.129076] ledtrig-cpu: registered to indicate activity on CPUs
[    3.134631] SMCCC: SOC_ID: ARCH_SOC_ID not implemented, skipping ....
[    3.141063] zynqmp_firmware_probe Platform Management API v1.1
[    3.146817] zynqmp_firmware_probe Trustzone version v1.0
[    3.186343] zynqmp-pinctrl firmware:zynqmp-firmware:pinctrl: zynqmp pinctrl initialized
[    3.234338] zynqmp-aes firmware:zynqmp-firmware:zynqmp-aes: will run requests pump with realtime priority
[    3.250160] alg: No test for xilinx-keccak-384 (zynqmp-keccak-384)
[    3.250873] alg: No test for xilinx-zynqmp-rsa (zynqmp-rsa)
[    3.256381] usbcore: registered new interface driver usbhid
[    3.261775] usbhid: USB HID core driver
[    3.273029] axi_sysid 85000000.axi-sysid-0: AXI System ID core version (1.01.a) found
[    3.275381] axi_sysid 85000000.axi-sysid-0: [ad9081_fmca_ebz] on [zcu102] git branch <master> git <084d44c9780640ca93fd847b1d9ec70dd65f5c67> clean [2022-03-18 04:17:50] UTC
[    3.291067] fpga_manager fpga0: Xilinx ZynqMP FPGA Manager registered
[    3.297424] usbcore: registered new interface driver snd-usb-audio
[    3.304876] pktgen: Packet Generator for packet performance testing. Version: 2.75
[    3.311061] Initializing XFRM netlink socket
[    3.314912] NET: Registered protocol family 10
[    3.319629] Segment Routing with IPv6
[    3.323012] sit: IPv6, IPv4 and MPLS over IPv4 tunneling driver
[    3.329080] NET: Registered protocol family 17
[    3.333186] NET: Registered protocol family 15
[    3.337679] can: controller area network core
[    3.341935] NET: Registered protocol family 29
[    3.346323] can: raw protocol
[    3.349259] can: broadcast manager protocol
[    3.353414] can: netlink gateway - max_hops=1
[    3.357807] Bluetooth: RFCOMM TTY layer initialized
[    3.362587] Bluetooth: RFCOMM socket layer initialized
[    3.367704] Bluetooth: RFCOMM ver 1.11
[    3.371402] Bluetooth: BNEP (Ethernet Emulation) ver 1.3
[    3.376680] Bluetooth: BNEP filters: protocol multicast
[    3.381873] Bluetooth: BNEP socket layer initialized
[    3.386801] Bluetooth: HIDP (Human Interface Emulation) ver 1.2
[    3.392684] Bluetooth: HIDP socket layer initialized
[    3.397741] 9pnet: Installing 9P2000 support
[    3.401861] NET: Registered protocol family 36
[    3.406277] Key type dns_resolver registered
[    3.410721] registered taskstats version 1
[    3.414574] Loading compiled-in X.509 certificates
[    3.419690] Btrfs loaded, crc32c=crc32c-generic
[    3.432099] ff000000.serial: ttyPS0 at MMIO 0xff000000 (irq = 49, base_baud = 6249999) is a xuartps
[    3.441124] printk: console [ttyPS0] enabled
[    3.445419] printk: bootconsole [cdns0] disabled
[    3.455045] ff010000.serial: ttyPS1 at MMIO 0xff010000 (irq = 50, base_baud = 6249999) is a xuartps
[    3.468284] of-fpga-region fpga-full: FPGA Region probed
[    3.475237] nwl-pcie fd0e0000.pcie: host bridge /axi/pcie@fd0e0000 ranges:
[    3.482131] nwl-pcie fd0e0000.pcie:      MEM 0x00e0000000..0x00efffffff -> 0x00e0000000
[    3.490133] nwl-pcie fd0e0000.pcie:      MEM 0x0600000000..0x07ffffffff -> 0x0600000000
[    3.498200] nwl-pcie fd0e0000.pcie: Link is DOWN
[    3.502960] nwl-pcie fd0e0000.pcie: PCI host bridge to bus 0000:00
[    3.509140] pci_bus 0000:00: root bus resource [bus 00-ff]
[    3.514621] pci_bus 0000:00: root bus resource [mem 0xe0000000-0xefffffff]
[    3.521491] pci_bus 0000:00: root bus resource [mem 0x600000000-0x7ffffffff pref]
[    3.528994] pci 0000:00:00.0: [10ee:d021] type 01 class 0x060400
[    3.535052] pci 0000:00:00.0: PME# supported from D0 D1 D2 D3hot
[    3.545489] pci 0000:00:00.0: PCI bridge to [bus 01-0c]
[    3.551470] xilinx-zynqmp-dma fd500000.dma: ZynqMP DMA driver Probe success
[    3.558648] xilinx-zynqmp-dma fd510000.dma: ZynqMP DMA driver Probe success
[    3.565824] xilinx-zynqmp-dma fd520000.dma: ZynqMP DMA driver Probe success
[    3.572993] xilinx-zynqmp-dma fd530000.dma: ZynqMP DMA driver Probe success
[    3.580157] xilinx-zynqmp-dma fd540000.dma: ZynqMP DMA driver Probe success
[    3.587327] xilinx-zynqmp-dma fd550000.dma: ZynqMP DMA driver Probe success
[    3.594498] xilinx-zynqmp-dma fd560000.dma: ZynqMP DMA driver Probe success
[    3.601667] xilinx-zynqmp-dma fd570000.dma: ZynqMP DMA driver Probe success
[    3.609065] xilinx-zynqmp-dpdma fd4c0000.dma-controller: Xilinx DPDMA engine is probed
[    3.617609] ahci-ceva fd0c0000.ahci: supply ahci not found, using dummy regulator
[    3.625152] ahci-ceva fd0c0000.ahci: supply phy not found, using dummy regulator
[    3.715866] hmc7044 spi2.0: PLL1: Acquisition, CLKIN0 @ 122880000 Hz, PFD: 80 kHz - PLL2: Locked @ 2856.000000 MHz
[    3.726582] jesd204: /axi/spi@ff050000/hmc7044@0,jesd204:1,parent=spi2.0: Using as SYSREF provider
[    3.736168] spi-nor spi0.0: SPI-NOR-UniqueID 100000235394732200270025081115266e
[    3.743473] spi-nor spi0.0: found n25q512a, expected m25p80
[    3.749671] spi-nor spi0.0: trying to lock already unlocked area
[    3.755674] spi-nor spi0.0: n25q512a (131072 Kbytes)
[    3.760652] 4 fixed-partitions partitions found on MTD device spi0.0
[    3.766998] Creating 4 MTD partitions on "spi0.0":
[    3.771784] 0x000000000000-0x000000100000 : "qspi-fsbl-uboot"
[    3.778268] 0x000000100000-0x000000600000 : "qspi-linux"
[    3.784224] 0x000000600000-0x000000620000 : "qspi-device-tree"
[    3.790699] 0x000000620000-0x000000c00000 : "qspi-rootfs"
[    3.799165] macb ff0e0000.ethernet: Not enabling partial store and forward
[    3.806689] libphy: MACB_mii_bus: probed
[    3.811765] macb ff0e0000.ethernet eth0: Cadence GEM rev 0x50070106 at 0xff0e0000 irq 30 (00:0a:35:04:8e:1b)
[    3.821971] xilinx-axipmon ffa00000.perf-monitor: Probed Xilinx APM
[    3.828545] xilinx-axipmon fd0b0000.perf-monitor: Probed Xilinx APM
[    3.835063] xilinx-axipmon fd490000.perf-monitor: Probed Xilinx APM
[    3.841602] xilinx-axipmon ffa10000.perf-monitor: Probed Xilinx APM
[    3.851603] pca953x 0-0020: supply vcc not found, using dummy regulator
[    3.858290] pca953x 0-0020: using no AI
[    3.862780] gpio-496 (sel0): hogged as output/low
[    3.867679] gpio-497 (sel1): hogged as output/high
[    3.872666] gpio-498 (sel2): hogged as output/high
[    3.877654] gpio-499 (sel3): hogged as output/high
[    3.882825] pca953x 0-0021: supply vcc not found, using dummy regulator
[    3.889493] pca953x 0-0021: using no AI
[    3.895242] ina2xx 2-0040: power monitor ina226 (Rshunt = 5000 uOhm)
[    3.902272] ina2xx 2-0041: power monitor ina226 (Rshunt = 5000 uOhm)
[    3.909308] ina2xx 2-0042: power monitor ina226 (Rshunt = 5000 uOhm)
[    3.916344] ina2xx 2-0043: power monitor ina226 (Rshunt = 5000 uOhm)
[    3.923372] ina2xx 2-0044: power monitor ina226 (Rshunt = 5000 uOhm)
[    3.930398] ina2xx 2-0045: power monitor ina226 (Rshunt = 5000 uOhm)
[    3.937429] ina2xx 2-0046: power monitor ina226 (Rshunt = 5000 uOhm)
[    3.944504] ina2xx 2-0047: power monitor ina226 (Rshunt = 5000 uOhm)
[    3.951530] ina2xx 2-004a: power monitor ina226 (Rshunt = 5000 uOhm)
[    3.958572] ina2xx 2-004b: power monitor ina226 (Rshunt = 5000 uOhm)
[    3.964984] i2c i2c-0: Added multiplexed i2c bus 2
[    3.970375] random: fast init done
[    3.973849] ina2xx 3-0040: power monitor ina226 (Rshunt = 2000 uOhm)
[    3.980874] ina2xx 3-0041: power monitor ina226 (Rshunt = 5000 uOhm)
[    3.987900] ina2xx 3-0042: power monitor ina226 (Rshunt = 5000 uOhm)
[    3.994933] ina2xx 3-0043: power monitor ina226 (Rshunt = 5000 uOhm)
[    4.001958] ina2xx 3-0044: power monitor ina226 (Rshunt = 5000 uOhm)
[    4.008986] ina2xx 3-0045: power monitor ina226 (Rshunt = 5000 uOhm)
[    4.016017] ina2xx 3-0046: power monitor ina226 (Rshunt = 5000 uOhm)
[    4.023047] ina2xx 3-0047: power monitor ina226 (Rshunt = 5000 uOhm)
[    4.029450] i2c i2c-0: Added multiplexed i2c bus 3
[    4.085390] i2c i2c-0: Added multiplexed i2c bus 4
[    4.090330] i2c i2c-0: Added multiplexed i2c bus 5
[    4.095117] pca954x 0-0075: registered 4 multiplexed busses for I2C mux pca9544
[    4.102467] cdns-i2c ff020000.i2c: 400 kHz mmio ff020000 irq 32
[    4.110195] at24 6-0054: supply vcc not found, using dummy regulator
[    4.117094] at24 6-0054: 1024 byte 24c08 EEPROM, writable, 1 bytes/write
[    4.123847] i2c i2c-1: Added multiplexed i2c bus 6
[    4.130275] si5341 7-0036: Chip: 5341 Grade: 1 Rev: 1
[    4.167946] i2c i2c-1: Added multiplexed i2c bus 7
[    4.175597] si570 8-005d: registered, current frequency 300000000 Hz
[    4.182001] i2c i2c-1: Added multiplexed i2c bus 8
[    4.201788] si570 9-005d: registered, current frequency 148500000 Hz
[    4.208189] i2c i2c-1: Added multiplexed i2c bus 9
[    4.213232] si5324 10-0069: si5328 probed
[    4.280049] si5324 10-0069: si5328 probe successful
[    4.284974] i2c i2c-1: Added multiplexed i2c bus 10
[    4.290002] i2c i2c-1: Added multiplexed i2c bus 11
[    4.295026] i2c i2c-1: Added multiplexed i2c bus 12
[    4.300048] i2c i2c-1: Added multiplexed i2c bus 13
[    4.304922] pca954x 1-0074: registered 8 multiplexed busses for I2C switch pca9548
[    4.313032] at24 14-0050: supply vcc not found, using dummy regulator
[    4.319818] at24 14-0050: 256 byte 24c02 EEPROM, writable, 1 bytes/write
[    4.326566] i2c i2c-1: Added multiplexed i2c bus 14
[    4.331603] i2c i2c-1: Added multiplexed i2c bus 15
[    4.336641] i2c i2c-1: Added multiplexed i2c bus 16
[    4.341675] i2c i2c-1: Added multiplexed i2c bus 17
[    4.346705] i2c i2c-1: Added multiplexed i2c bus 18
[    4.351752] i2c i2c-1: Added multiplexed i2c bus 19
[    4.356793] i2c i2c-1: Added multiplexed i2c bus 20
[    4.361828] i2c i2c-1: Added multiplexed i2c bus 21
[    4.366705] pca954x 1-0075: registered 8 multiplexed busses for I2C switch pca9548
[    4.374314] cdns-i2c ff030000.i2c: 400 kHz mmio ff030000 irq 33
[    4.384063] cdns-wdt fd4d0000.watchdog: Xilinx Watchdog Timer with timeout 60s
[    4.393124] axi_adxcvr 84a60000.axi-adxcvr-rx: adxcvr_enforce_settings: Using QPLL without access, assuming desired Lane rate will be configured by a different instance
[    4.409770] axi_adxcvr 84a60000.axi-adxcvr-rx: AXI-ADXCVR-RX (17.05.a) using QPLL on GTH4 at 0x84A60000. Number of lanes: 4.
[    4.421928] axi_adxcvr 84b60000.axi-adxcvr-tx: AXI-ADXCVR-TX (17.05.a) using QPLL on GTH4 at 0x84B60000. Number of lanes: 4.
[    4.425869] mmc0: SDHCI controller on ff170000.mmc [ff170000.mmc] using ADMA 64-bit
[    4.441080] axi-jesd204-rx 84a90000.axi-jesd204-rx: AXI-JESD204-RX (1.07.a) at 0x84A90000. Encoder 8b10b, width 4/4, lanes 4, jesd204-fsm.
[    4.453913] axi-jesd204-tx 84b90000.axi-jesd204-tx: AXI-JESD204-TX (1.06.a) at 0x84B90000. Encoder 8b10b, width 4/4, lanes 4, jesd204-fsm.
[    4.467416] zynqmp-display fd4a0000.display: vtc bridge property not present
[    4.473462] mmc0: new high speed SDHC card at address 0001
[    4.477060] xilinx-dp-snd-codec fd4a0000.display:zynqmp_dp_snd_codec0: Failed to get required clock freq
[    4.480295] mmcblk0: mmc0:0001 EB1QT 29.8 GiB 
[    4.489425] xilinx-dp-snd-codec: probe of fd4a0000.display:zynqmp_dp_snd_codec0 failed with error -22
[    4.495070]  mmcblk0: p1 p2 p3
[    4.503413] xilinx-dp-snd-pcm zynqmp_dp_snd_pcm0: Xilinx DisplayPort Sound PCM probed
[    4.514269] xilinx-dp-snd-pcm zynqmp_dp_snd_pcm1: Xilinx DisplayPort Sound PCM probed
[    4.522477] OF: graph: no port node found in /axi/display@fd4a0000
[    4.528884] xlnx-drm xlnx-drm.0: bound fd4a0000.display (ops 0xffffffc010fcbdb8)
[    5.615712] zynqmp-display fd4a0000.display: [drm] Cannot find any crtc or sizes
[    5.623332] [drm] Initialized xlnx 1.0.0 20130509 for fd4a0000.display on minor 0
[    5.630819] zynqmp-display fd4a0000.display: ZynqMP DisplayPort Subsystem driver probed
[    5.639130] ahci-ceva fd0c0000.ahci: supply ahci not found, using dummy regulator
[    5.646677] ahci-ceva fd0c0000.ahci: supply phy not found, using dummy regulator
[    5.654131] ahci-ceva fd0c0000.ahci: supply target not found, using dummy regulator
[    5.661972] ahci-ceva fd0c0000.ahci: AHCI 0001.0301 32 slots 2 ports 6 Gbps 0x3 impl platform mode
[    5.670926] ahci-ceva fd0c0000.ahci: flags: 64bit ncq sntf pm clo only pmp fbs pio slum part ccc sds apst 
[    5.681618] scsi host0: ahci-ceva
[    5.685213] scsi host1: ahci-ceva
[    5.688646] ata1: SATA max UDMA/133 mmio [mem 0xfd0c0000-0xfd0c1fff] port 0x100 irq 45
[    5.696561] ata2: SATA max UDMA/133 mmio [mem 0xfd0c0000-0xfd0c1fff] port 0x180 irq 45
[    5.705167] ad9081 spi1.0: supply vdd not found, using dummy regulator
[    6.017946] ata1: SATA link down (SStatus 0 SControl 330)
[    6.023360] ata2: SATA link down (SStatus 0 SControl 330)
[    6.699715] zynqmp-display fd4a0000.display: [drm] Cannot find any crtc or sizes
[    7.496558] ad9081 spi1.0: AD9081 Rev. 2 Grade 10 (API 1.2.2) probed
[    7.503760] xhci-hcd xhci-hcd.1.auto: xHCI Host Controller
[    7.509253] xhci-hcd xhci-hcd.1.auto: new USB bus registered, assigned bus number 1
[    7.516994] xhci-hcd xhci-hcd.1.auto: hcc params 0x0238f625 hci version 0x100 quirks 0x0000000002010810
[    7.526406] xhci-hcd xhci-hcd.1.auto: irq 59, io mem 0xfe200000
[    7.532516] usb usb1: New USB device found, idVendor=1d6b, idProduct=0002, bcdDevice= 5.10
[    7.540781] usb usb1: New USB device strings: Mfr=3, Product=2, SerialNumber=1
[    7.547999] usb usb1: Product: xHCI Host Controller
[    7.552868] usb usb1: Manufacturer: Linux 5.10.0-98103-g2aa7ac113716 xhci-hcd
[    7.559994] usb usb1: SerialNumber: xhci-hcd.1.auto
[    7.565157] hub 1-0:1.0: USB hub found
[    7.568922] hub 1-0:1.0: 1 port detected
[    7.573027] xhci-hcd xhci-hcd.1.auto: xHCI Host Controller
[    7.578516] xhci-hcd xhci-hcd.1.auto: new USB bus registered, assigned bus number 2
[    7.586169] xhci-hcd xhci-hcd.1.auto: Host supports USB 3.0 SuperSpeed
[    7.592797] usb usb2: New USB device found, idVendor=1d6b, idProduct=0003, bcdDevice= 5.10
[    7.601054] usb usb2: New USB device strings: Mfr=3, Product=2, SerialNumber=1
[    7.608278] usb usb2: Product: xHCI Host Controller
[    7.613152] usb usb2: Manufacturer: Linux 5.10.0-98103-g2aa7ac113716 xhci-hcd
[    7.620276] usb usb2: SerialNumber: xhci-hcd.1.auto
[    7.625388] hub 2-0:1.0: USB hub found
[    7.629147] hub 2-0:1.0: 1 port detected
[    7.659195] cf_axi_adc 84a10000.axi-ad9081-rx-hpc: ADI AIM (10.01.b) at 0x84A10000 mapped to 0x(____ptrval____), probed ADC AD9081 as MASTER
[    7.692536] cf_axi_dds 84b10000.axi-ad9081-tx-hpc: Analog Devices CF_AXI_DDS_DDS MASTER (9.01.b) at 0x84B10000 mapped to 0x(____ptrval____), probed DDS AD9081
[    7.706736] jesd204: /axi/spi@ff040000/ad9081@0,jesd204:0,parent=spi1.0: JESD204[2] transition initialized -> probed
[    7.717258] jesd204: /axi/spi@ff040000/ad9081@0,jesd204:0,parent=spi1.0: JESD204[0] transition initialized -> probed
[    7.727782] jesd204: /axi/spi@ff040000/ad9081@0,jesd204:0,parent=spi1.0: JESD204[2] transition probed -> idle
[    7.737698] jesd204: /axi/spi@ff040000/ad9081@0,jesd204:0,parent=spi1.0: JESD204[0] transition probed -> idle
[    7.747612] jesd204: /axi/spi@ff040000/ad9081@0,jesd204:0,parent=spi1.0: JESD204[2] transition idle -> device_init
[    7.757955] jesd204: /axi/spi@ff040000/ad9081@0,jesd204:0,parent=spi1.0: JESD204[0] transition idle -> device_init
[    7.768307] jesd204: /axi/spi@ff040000/ad9081@0,jesd204:0,parent=spi1.0: JESD204[2] transition device_init -> link_init
[    7.779082] jesd204: /axi/spi@ff040000/ad9081@0,jesd204:0,parent=spi1.0: JESD204[0] transition device_init -> link_init
[    7.789873] jesd204: /axi/spi@ff040000/ad9081@0,jesd204:0,parent=spi1.0: JESD204[2] transition link_init -> link_supported
[    7.800913] jesd204: /axi/spi@ff040000/ad9081@0,jesd204:0,parent=spi1.0: JESD204[0] transition link_init -> link_supported
[    7.812329] hmc7044 spi2.0: hmc7044_jesd204_link_pre_setup: Link2 forcing continuous SYSREF mode
[    7.821446] jesd204: /axi/spi@ff040000/ad9081@0,jesd204:0,parent=spi1.0: JESD204[2] transition link_supported -> link_pre_setup
[    7.832918] jesd204: /axi/spi@ff040000/ad9081@0,jesd204:0,parent=spi1.0: JESD204[0] transition link_supported -> link_pre_setup
[    7.856696] jesd204: /axi/spi@ff040000/ad9081@0,jesd204:0,parent=spi1.0: JESD204[2] transition link_pre_setup -> clk_sync_stage1
[    7.868254] jesd204: /axi/spi@ff040000/ad9081@0,jesd204:0,parent=spi1.0: JESD204[0] transition link_pre_setup -> clk_sync_stage1
[    7.879818] jesd204: /axi/spi@ff040000/ad9081@0,jesd204:0,parent=spi1.0: JESD204[2] transition clk_sync_stage1 -> clk_sync_stage2
[    7.891462] jesd204: /axi/spi@ff040000/ad9081@0,jesd204:0,parent=spi1.0: JESD204[0] transition clk_sync_stage1 -> clk_sync_stage2
[    7.903115] jesd204: /axi/spi@ff040000/ad9081@0,jesd204:0,parent=spi1.0: JESD204[2] transition clk_sync_stage2 -> clk_sync_stage3
[    7.914765] jesd204: /axi/spi@ff040000/ad9081@0,jesd204:0,parent=spi1.0: JESD204[0] transition clk_sync_stage2 -> clk_sync_stage3
[    7.928488] jesd204: /axi/spi@ff040000/ad9081@0,jesd204:0,parent=spi1.0: JESD204[2] transition clk_sync_stage3 -> link_setup
[    7.939701] jesd204: /axi/spi@ff040000/ad9081@0,jesd204:0,parent=spi1.0: JESD204[0] transition clk_sync_stage3 -> link_setup
[    7.955698] jesd204: /axi/spi@ff040000/ad9081@0,jesd204:0,parent=spi1.0: JESD204[2] transition link_setup -> opt_setup_stage1
[    7.966996] jesd204: /axi/spi@ff040000/ad9081@0,jesd204:0,parent=spi1.0: JESD204[0] transition link_setup -> opt_setup_stage1
[    7.983325] jesd204: /axi/spi@ff040000/ad9081@0,jesd204:0,parent=spi1.0: JESD204[2] transition opt_setup_stage1 -> opt_setup_stage2
[    7.995147] jesd204: /axi/spi@ff040000/ad9081@0,jesd204:0,parent=spi1.0: JESD204[0] transition opt_setup_stage1 -> opt_setup_stage2
[    8.007119] jesd204: /axi/spi@ff040000/ad9081@0,jesd204:0,parent=spi1.0: JESD204[2] transition opt_setup_stage2 -> opt_setup_stage3
[    8.018939] jesd204: /axi/spi@ff040000/ad9081@0,jesd204:0,parent=spi1.0: JESD204[0] transition opt_setup_stage2 -> opt_setup_stage3
[    8.030763] jesd204: /axi/spi@ff040000/ad9081@0,jesd204:0,parent=spi1.0: JESD204[2] transition opt_setup_stage3 -> opt_setup_stage4
[    8.042581] jesd204: /axi/spi@ff040000/ad9081@0,jesd204:0,parent=spi1.0: JESD204[0] transition opt_setup_stage3 -> opt_setup_stage4
[    8.054409] jesd204: /axi/spi@ff040000/ad9081@0,jesd204:0,parent=spi1.0: JESD204[2] transition opt_setup_stage4 -> opt_setup_stage5
[    8.066235] jesd204: /axi/spi@ff040000/ad9081@0,jesd204:0,parent=spi1.0: JESD204[0] transition opt_setup_stage4 -> opt_setup_stage5
[    8.101261] axi_adxcvr 84a60000.axi-adxcvr-rx: adxcvr_clk_enable: QPLL RX buffer underflow error, status: 0x61
[    8.111247] axi_adxcvr 84a60000.axi-adxcvr-rx: adxcvr_clk_enable: QPLL RX buffer overflow error, status: 0x61
[    8.125281] jesd204: /axi/spi@ff040000/ad9081@0,jesd204:0,parent=spi1.0: JESD204[2] transition opt_setup_stage5 -> clocks_enable
[    8.136839] jesd204: /axi/spi@ff040000/ad9081@0,jesd204:0,parent=spi1.0: JESD204[0] transition opt_setup_stage5 -> clocks_enable
[    8.148471] jesd204: /axi/spi@ff040000/ad9081@0,jesd204:0,parent=spi1.0: JESD204[2] transition clocks_enable -> link_enable
[    8.159597] jesd204: /axi/spi@ff040000/ad9081@0,jesd204:0,parent=spi1.0: JESD204[0] transition clocks_enable -> link_enable
[    8.191942] ad9081 spi1.0: JESD RX (JTX) Link2 in DATA, SYNC deasserted, PLL locked, PHASE established, MODE valid
[    8.202546] ad9081 spi1.0: JESD TX (JRX) Link0 0xF lanes in DATA
[    8.208553] jesd204: /axi/spi@ff040000/ad9081@0,jesd204:0,parent=spi1.0: JESD204[2] transition link_enable -> link_running
[    8.219591] jesd204: /axi/spi@ff040000/ad9081@0,jesd204:0,parent=spi1.0: JESD204[0] transition link_enable -> link_running
[    8.230641] jesd204: /axi/spi@ff040000/ad9081@0,jesd204:0,parent=spi1.0: JESD204[2] transition link_running -> opt_post_running_stage
[    8.242637] jesd204: /axi/spi@ff040000/ad9081@0,jesd204:0,parent=spi1.0: JESD204[0] transition link_running -> opt_post_running_stage
[    8.263959] input: gpio-keys as /devices/platform/gpio-keys/input/input0
[    8.270972] of_cfs_init
[    8.273431] of_cfs_init: OK
[    8.276369] cfg80211: Loading compiled-in X.509 certificates for regulatory database
[    8.416393] cfg80211: Loaded X.509 cert 'sforshee: 00b28ddf47aef9cea7'
[    8.422928] clk: Not disabling unused clocks
[    8.427462] ALSA device list:
[    8.430423]   No soundcards found.
[    8.434087] platform regulatory.0: Direct firmware load for regulatory.db failed with error -2
[    8.442697] cfg80211: failed to load regulatory.db
[    8.457268] EXT4-fs (mmcblk0p2): mounted filesystem with ordered data mode. Opts: (null)
[    8.465385] VFS: Mounted root (ext4 filesystem) on device 179:2.
[    8.478524] devtmpfs: mounted
[    8.482334] Freeing unused kernel memory: 2560K
[    8.486959] Run /sbin/init as init process
[    8.491047]   with arguments:
[    8.491049]     /sbin/init
[    8.491051]   with environment:
[    8.491054]     HOME=/
[    8.491056]     TERM=linux
[    8.605351] random: crng init done
[    9.054936] systemd[1]: systemd 241 running in system mode. (+PAM +AUDIT +SELINUX +IMA +APPARMOR +SMACK +SYSVINIT +UTMP +LIBCRYPTSETUP +GCRYPT +GNUTLS +ACL +XZ +LZ4 +SECCOMP +BLKID +ELFUTILS +KMOD -IDN2 +IDN -PCRE2 default-hierarchy=hybrid)
[    9.076792] systemd[1]: Detected architecture arm64.
[    9.100411] systemd[1]: Set hostname to <analog>.
[    9.293954] systemd[1]: File /lib/systemd/system/systemd-journald.service:12 configures an IP firewall (IPAddressDeny=any), but the local system does not support BPF/cgroup based firewalling.
[    9.311007] systemd[1]: Proceeding WITHOUT firewalling in effect! (This warning is only shown for the first loaded unit using IP firewalling.)
[    9.473099] systemd[1]: /etc/systemd/system/tof-server.service:1: Assignment outside of section. Ignoring.
[    9.482798] systemd[1]: /etc/systemd/system/tof-server.service:2: Assignment outside of section. Ignoring.
[    9.672676] systemd[1]: Listening on initctl Compatibility Named Pipe.
[    9.696125] systemd[1]: Listening on udev Kernel Socket.
[    9.716091] systemd[1]: Listening on Journal Socket (/dev/log).
[   10.309908] ------------[ cut here ]------------
[   10.309917] Enabling unprepared \xa0\xe9Q\x88\xff\xff\xffpQ\x88\xff\xff\xff
[   10.309962] WARNING: CPU: 3 PID: 126 at drivers/clk/clk.c:1012 clk_core_enable+0xa4/0xc0
[   10.309965] Modules linked in:
[   10.309976] CPU: 3 PID: 126 Comm: kworker/3:1H Not tainted 5.10.0-98103-g2aa7ac113716 #5577
[   10.309978] Hardware name: ZynqMP ZCU102 Rev1.0 (DT)
[   10.309988] Workqueue: kblockd blk_mq_run_work_fn
[   10.309995] pstate: 80000085 (Nzcv daIf -PAN -UAO -TCO BTYPE=--)
[   10.310001] pc : clk_core_enable+0xa4/0xc0
[   10.310006] lr : clk_core_enable+0xa4/0xc0
[   10.310009] sp : ffffffc012b432d0
[   10.310012] x29: ffffffc012b432d0 x28: ffffff8800330c10 
[   10.310019] x27: ffffff8800330d48 x26: 0000005000000101 
[   10.310025] x25: 0000000260939420 x24: 0000000000000001 
[   10.310032] x23: ffffff88010e9380 x22: ffffff8801083220 
[   10.310039] x21: ffffff8801517000 x20: ffffff8801517008 
[   10.310045] x19: ffffff8801517008 x18: 0000000000000030 
[   10.310051] x17: 0000000000000002 x16: 0000afedff5b3260 
[   10.310058] x15: ffffffffffff8748 x14: ffffffc011d3b1a0 
[   10.310065] x13: ffffffc011d3b1c8 x12: 00000000000005e8 
[   10.310071] x11: 00000000000001f8 x10: ffffffc011d671c8 
[   10.310078] x9 : 00000000fffff800 x8 : ffffffc011d3b1c8 
[   10.310084] x7 : ffffffc011d671c8 x6 : 0000000000000001 
[   10.310091] x5 : ffffff887f7a89e0 x4 : 0000000000000000 
[   10.310097] x3 : 0000000000000027 x2 : 0000000000000023 
[   10.310103] x1 : 2aee7becde625e00 x0 : 0000000000000000 
[   10.310110] Call trace:
[   10.310116]  clk_core_enable+0xa4/0xc0
[   10.310121]  clk_enable+0x2c/0x60
[   10.310127]  zynqmp_runtime_resume+0x24/0x84
[   10.310134]  pm_generic_runtime_resume+0x30/0x50
[   10.310140]  __genpd_runtime_resume+0x30/0xb0
[   10.310146]  genpd_runtime_resume+0x90/0x250
[   10.310152]  __rpm_callback+0x10c/0x1e0
[   10.310157]  rpm_callback+0x5c/0x84
[   10.310162]  rpm_resume+0x4a4/0x74c
[   10.310167]  __pm_runtime_resume+0x78/0xc4
[   10.310172]  spi_mem_access_start.isra.0+0x30/0x80
[   10.310176]  spi_mem_exec_op+0x3b0/0x424
[   10.310181]  spi_nor_read_sr+0x78/0xe0
[   10.310186]  spi_nor_wait_till_ready_with_timeout+0xb4/0x2f0
[   10.310191]  spi_nor_read+0x188/0x380
[   10.310196]  mtd_read_oob_std+0x78/0x84
[   10.310200]  mtd_read_oob+0x7c/0x134
[   10.310205]  mtd_read+0x48/0x7c
[   10.310211]  mtdblock_readsect+0x6c/0x150
[   10.310216]  mtd_queue_rq+0x2cc/0x5a0
[   10.310222]  blk_mq_dispatch_rq_list+0x110/0x790
[   10.310228]  __blk_mq_do_dispatch_sched+0x200/0x274
[   10.310234]  __blk_mq_sched_dispatch_requests+0x1a8/0x1fc
[   10.310239]  blk_mq_sched_dispatch_requests+0x3c/0x7c
[   10.310244]  __blk_mq_run_hw_queue+0x98/0x100
[   10.310249]  blk_mq_run_work_fn+0x24/0x30
[   10.310254]  process_one_work+0x1d4/0x380
[   10.310258]  worker_thread+0x78/0x4e0
[   10.310264]  kthread+0x124/0x130
[   10.310269]  ret_from_fork+0x10/0x3c
[   10.310272] ---[ end trace b7874a907c18446e ]---
[   10.310281] zynqmp-qspi ff0f0000.spi: Cannot enable APB clock.
[   10.310330] spi_master spi0: Failed to power device: -108
[   10.310340] blk_update_request: I/O error, dev mtdblock0, sector 8 op 0x0:(READ) flags 0x80700 phys_seg 1 prio class 0
[   10.310408] spi_master spi0: Failed to power device: -22
[   10.310415] blk_update_request: I/O error, dev mtdblock0, sector 8 op 0x0:(READ) flags 0x0 phys_seg 8 prio class 0
[   10.310421] Buffer I/O error on dev mtdblock0, logical block 8, async page read
[   10.310429] spi_master spi0: Failed to power device: -22
[   10.310435] blk_update_request: I/O error, dev mtdblock0, sector 9 op 0x0:(READ) flags 0x0 phys_seg 7 prio class 0
[   10.310439] Buffer I/O error on dev mtdblock0, logical block 9, async page read
[   10.310446] spi_master spi0: Failed to power device: -22
[   10.310452] blk_update_request: I/O error, dev mtdblock0, sector 10 op 0x0:(READ) flags 0x0 phys_seg 6 prio class 0
[   10.310455] Buffer I/O error on dev mtdblock0, logical block 10, async page read
[   10.310462] spi_master spi0: Failed to power device: -22
[   10.310468] blk_update_request: I/O error, dev mtdblock0, sector 11 op 0x0:(READ) flags 0x0 phys_seg 5 prio class 0
[   10.310472] Buffer I/O error on dev mtdblock0, logical block 11, async page read
[   10.310479] spi_master spi0: Failed to power device: -22
[   10.310485] blk_update_request: I/O error, dev mtdblock0, sector 12 op 0x0:(READ) flags 0x0 phys_seg 4 prio class 0
[   10.310488] Buffer I/O error on dev mtdblock0, logical block 12, async page read
[   10.310495] spi_master spi0: Failed to power device: -22
[   10.310501] blk_update_request: I/O error, dev mtdblock0, sector 13 op 0x0:(READ) flags 0x0 phys_seg 3 prio class 0
[   10.310504] Buffer I/O error on dev mtdblock0, logical block 13, async page read
[   10.310511] spi_master spi0: Failed to power device: -22
[   10.310517] blk_update_request: I/O error, dev mtdblock0, sector 14 op 0x0:(READ) flags 0x0 phys_seg 2 prio class 0
[   10.310520] Buffer I/O error on dev mtdblock0, logical block 14, async page read
[   10.310527] spi_master spi0: Failed to power device: -22
[   10.310533] blk_update_request: I/O error, dev mtdblock0, sector 15 op 0x0:(READ) flags 0x0 phys_seg 1 prio class 0
[   10.310536] Buffer I/O error on dev mtdblock0, logical block 15, async page read
[   10.310823] spi_master spi0: Failed to power device: -22
[   10.310831] blk_update_request: I/O error, dev mtdblock1, sector 10112 op 0x0:(READ) flags 0x80700 phys_seg 1 prio class 0
[   10.310874] spi_master spi0: Failed to power device: -22
[   10.310880] Buffer I/O error on dev mtdblock1, logical block 10112, async page read
[   10.310887] spi_master spi0: Failed to power device: -22
[   10.310892] Buffer I/O error on dev mtdblock1, logical block 10113, async page read
[   10.310899] spi_master spi0: Failed to power device: -22
[   10.310906] spi_master spi0: Failed to power device: -22
[   10.310914] spi_master spi0: Failed to power device: -22
[   10.310921] spi_master spi0: Failed to power device: -22
[   10.310928] spi_master spi0: Failed to power device: -22
[   10.310935] spi_master spi0: Failed to power device: -22
[   10.311179] spi_master spi0: Failed to power device: -22
[   10.311223] spi_master spi0: Failed to power device: -22
[   10.311232] spi_master spi0: Failed to power device: -22
[   10.311240] spi_master spi0: Failed to power device: -22
[   10.311248] spi_master spi0: Failed to power device: -22
[   10.311255] spi_master spi0: Failed to power device: -22
[   10.311262] spi_master spi0: Failed to power device: -22
[   10.311269] spi_master spi0: Failed to power device: -22
[   10.311276] spi_master spi0: Failed to power device: -22
[   10.311570] spi_master spi0: Failed to power device: -22
[   10.311614] spi_master spi0: Failed to power device: -22
[   10.311623] spi_master spi0: Failed to power device: -22
[   10.311631] spi_master spi0: Failed to power device: -22
[   10.311638] spi_master spi0: Failed to power device: -22
[   10.311646] spi_master spi0: Failed to power device: -22
[   10.311653] spi_master spi0: Failed to power device: -22
[   10.311660] spi_master spi0: Failed to power device: -22
[   10.311667] spi_master spi0: Failed to power device: -22
[   10.435093] EXT4-fs (mmcblk0p2): re-mounted. Opts: (null)
[   10.531322] systemd-journald[169]: Received request to flush runtime journal from PID 1
[   16.420301] macb ff0e0000.ethernet eth0: PHY [ff0e0000.ethernet-ffffffff:0c] driver [TI DP83867] (irq=POLL)
[   16.420315] macb ff0e0000.ethernet eth0: configuring for phy/rgmii-id link mode
[   16.739739] Adding 102396k swap on /var/swap.  Priority:-2 extents:4 across:9953604k SS
[   19.273659] broken atomic modeset userspace detected, disabling atomic
[   20.513314] macb ff0e0000.ethernet eth0: Link is Up - 1Gbps/Full - flow control off
[   20.513339] IPv6: ADDRCONF(NETDEV_CHANGE): eth0: link becomes ready
[   21.950441] broken atomic modeset userspace detected, disabling atomic
[   24.857543] broken atomic modeset userspace detected, disabling atomic
[   27.477337] broken atomic modeset userspace detected, disabling atomic