[    0.000000] Booting Linux on physical CPU 0x0000000000 [0x410fd034]
[    0.000000] Linux version 5.10.0-98103-g2aa7ac113716 (jenkins@romlxbuild1.adlk.analog.com) (aarch64-xilinx-linux-gcc.real (GCC) 10.2.0, GNU ld (GNU Binutils) 2.35.0.20200730) #5577 SMP Wed Mar 23 07:28:49 GMT 2022
[    0.000000] Machine model: ZynqMP ZCU102 Rev1.0
[    0.000000] earlycon: cdns0 at MMIO 0x00000000ff000000 (options '115200n8')
[    0.000000] printk: bootconsole [cdns0] enabled
[    0.000000] efi: UEFI not found.
[    0.000000] cma: Reserved 256 MiB at 0x0000000070000000
[    0.000000] Zone ranges:
[    0.000000]   DMA      [mem 0x0000000000000000-0x000000003fffffff]
[    0.000000]   DMA32    [mem 0x0000000040000000-0x00000000ffffffff]
[    0.000000]   Normal   [mem 0x0000000100000000-0x000000087fffffff]
[    0.000000] Movable zone start for each node
[    0.000000] Early memory node ranges
[    0.000000]   node   0: [mem 0x0000000000000000-0x000000007fffffff]
[    0.000000]   node   0: [mem 0x0000000800000000-0x000000087fffffff]
[    0.000000] Initmem setup node 0 [mem 0x0000000000000000-0x000000087fffffff]
[    0.000000] On node 0 totalpages: 1048576
[    0.000000]   DMA zone: 3584 pages used for memmap
[    0.000000]   DMA zone: 0 pages reserved
[    0.000000]   DMA zone: 262144 pages, LIFO batch:63
[    0.000000]   DMA32 zone: 3584 pages used for memmap
[    0.000000]   DMA32 zone: 262144 pages, LIFO batch:63
[    0.000000]   Normal zone: 7168 pages used for memmap
[    0.000000]   Normal zone: 524288 pages, LIFO batch:63
[    0.000000] psci: probing for conduit method from DT.
[    0.000000] psci: PSCIv1.1 detected in firmware.
[    0.000000] psci: Using standard PSCI v0.2 function IDs
[    0.000000] psci: MIGRATE_INFO_TYPE not supported.
[    0.000000] psci: SMC Calling Convention v1.2
[    0.000000] percpu: Embedded 22 pages/cpu s49496 r8192 d32424 u90112
[    0.000000] pcpu-alloc: s49496 r8192 d32424 u90112 alloc=22*4096
[    0.000000] pcpu-alloc: [0] 0 [0] 1 [0] 2 [0] 3 
[    0.000000] Detected VIPT I-cache on CPU0
[    0.000000] CPU features: detected: ARM erratum 845719
[    0.000000] Built 1 zonelists, mobility grouping on.  Total pages: 1034240
[    0.000000] Kernel command line: console=ttyPS0,115200 root=/dev/mmcblk0p2 rw earlycon rootfstype=ext4 rootwait clk_ignore_unused cpuidle.off=1 root=/dev/mmcblk0p2 rw rootwait
[    0.000000] Dentry cache hash table entries: 524288 (order: 10, 4194304 bytes, linear)
[    0.000000] Inode-cache hash table entries: 262144 (order: 9, 2097152 bytes, linear)
[    0.000000] mem auto-init: stack:off, heap alloc:off, heap free:off
[    0.000000] software IO TLB: mapped [mem 0x000000003bfff000-0x000000003ffff000] (64MB)
[    0.000000] Memory: 3761904K/4194304K available (15296K kernel code, 1636K rwdata, 11876K rodata, 2560K init, 507K bss, 170256K reserved, 262144K cma-reserved)
[    0.000000] rcu: Hierarchical RCU implementation.
[    0.000000] rcu: 	RCU event tracing is enabled.
[    0.000000] rcu: 	RCU restricting CPUs from NR_CPUS=8 to nr_cpu_ids=4.
[    0.000000] rcu: RCU calculated value of scheduler-enlistment delay is 25 jiffies.
[    0.000000] rcu: Adjusting geometry for rcu_fanout_leaf=16, nr_cpu_ids=4
[    0.000000] NR_IRQS: 64, nr_irqs: 64, preallocated irqs: 0
[    0.000000] GIC: Adjusting CPU interface base to 0x00000000f902f000
[    0.000000] GIC: Using split EOI/Deactivate mode
[    0.000000] random: get_random_bytes called from start_kernel+0x31c/0x54c with crng_init=0
[    0.000000] arch_timer: cp15 timer(s) running at 100.00MHz (phys).
[    0.000000] clocksource: arch_sys_counter: mask: 0xffffffffffffff max_cycles: 0x171024e7e0, max_idle_ns: 440795205315 ns
[    0.000003] sched_clock: 56 bits at 100MHz, resolution 10ns, wraps every 4398046511100ns
[    0.008464] Console: colour dummy device 80x25
[    0.012483] Calibrating delay loop (skipped), value calculated using timer frequency.. 200.00 BogoMIPS (lpj=400000)
[    0.022841] pid_max: default: 32768 minimum: 301
[    0.027548] Mount-cache hash table entries: 8192 (order: 4, 65536 bytes, linear)
[    0.034788] Mountpoint-cache hash table entries: 8192 (order: 4, 65536 bytes, linear)
[    0.043397] rcu: Hierarchical SRCU implementation.
[    0.047562] EFI services will not be available.
[    0.051939] smp: Bringing up secondary CPUs ...
[    0.056656] Detected VIPT I-cache on CPU1
[    0.056696] CPU1: Booted secondary processor 0x0000000001 [0x410fd034]
[    0.057060] Detected VIPT I-cache on CPU2
[    0.057085] CPU2: Booted secondary processor 0x0000000002 [0x410fd034]
[    0.057424] Detected VIPT I-cache on CPU3
[    0.057447] CPU3: Booted secondary processor 0x0000000003 [0x410fd034]
[    0.057493] smp: Brought up 1 node, 4 CPUs
[    0.091780] SMP: Total of 4 processors activated.
[    0.096452] CPU features: detected: 32-bit EL0 Support
[    0.101556] CPU features: detected: CRC32 instructions
[    0.106696] CPU: All CPU(s) started at EL2
[    0.110736] alternatives: patching kernel code
[    0.116169] devtmpfs: initialized
[    0.124060] Registered cp15_barrier emulation handler
[    0.124110] Registered setend emulation handler
[    0.128094] clocksource: jiffies: mask: 0xffffffff max_cycles: 0xffffffff, max_idle_ns: 7645041785100000 ns
[    0.137670] futex hash table entries: 1024 (order: 4, 65536 bytes, linear)
[    0.151027] pinctrl core: initialized pinctrl subsystem
[    0.151675] NET: Registered protocol family 16
[    0.156092] DMA: preallocated 512 KiB GFP_KERNEL pool for atomic allocations
[    0.162107] DMA: preallocated 512 KiB GFP_KERNEL|GFP_DMA pool for atomic allocations
[    0.169835] DMA: preallocated 512 KiB GFP_KERNEL|GFP_DMA32 pool for atomic allocations
[    0.177636] audit: initializing netlink subsys (disabled)
[    0.183087] audit: type=2000 audit(0.116:1): state=initialized audit_enabled=0 res=1
[    0.183432] hw-breakpoint: found 6 breakpoint and 4 watchpoint registers.
[    0.197463] ASID allocator initialised with 65536 entries
[    0.224309] HugeTLB registered 1.00 GiB page size, pre-allocated 0 pages
[    0.225369] HugeTLB registered 32.0 MiB page size, pre-allocated 0 pages
[    0.232039] HugeTLB registered 2.00 MiB page size, pre-allocated 0 pages
[    0.238699] HugeTLB registered 64.0 KiB page size, pre-allocated 0 pages
[    1.304270] DRBG: Continuing without Jitter RNG
[    1.382102] raid6: neonx8   gen()  2140 MB/s
[    1.450142] raid6: neonx8   xor()  1596 MB/s
[    1.518203] raid6: neonx4   gen()  2194 MB/s
[    1.586253] raid6: neonx4   xor()  1569 MB/s
[    1.654318] raid6: neonx2   gen()  2076 MB/s
[    1.722371] raid6: neonx2   xor()  1439 MB/s
[    1.790432] raid6: neonx1   gen()  1772 MB/s
[    1.858487] raid6: neonx1   xor()  1220 MB/s
[    1.926540] raid6: int64x8  gen()  1438 MB/s
[    1.994594] raid6: int64x8  xor()   771 MB/s
[    2.062660] raid6: int64x4  gen()  1597 MB/s
[    2.130710] raid6: int64x4  xor()   821 MB/s
[    2.198783] raid6: int64x2  gen()  1397 MB/s
[    2.266830] raid6: int64x2  xor()   750 MB/s
[    2.334915] raid6: int64x1  gen()  1034 MB/s
[    2.402969] raid6: int64x1  xor()   517 MB/s
[    2.403007] raid6: using algorithm neonx4 gen() 2194 MB/s
[    2.406961] raid6: .... xor() 1569 MB/s, rmw enabled
[    2.411892] raid6: using neon recovery algorithm
[    2.416903] iommu: Default domain type: Translated 
[    2.421518] SCSI subsystem initialized
[    2.425061] libata version 3.00 loaded.
[    2.425184] usbcore: registered new interface driver usbfs
[    2.430518] usbcore: registered new interface driver hub
[    2.435790] usbcore: registered new device driver usb
[    2.440926] mc: Linux media interface: v0.10
[    2.445039] videodev: Linux video capture interface: v2.00
[    2.450530] EDAC MC: Ver: 3.0.0
[    2.453973] zynqmp-ipi-mbox mailbox@ff990400: Registered ZynqMP IPI mbox with TX/RX channels.
[    2.462478] jesd204: created con: id=0, topo=0, link=0, /axi/spi@ff050000/hmc7044@0 <-> /fpga-axi@0/axi-adxcvr-tx@84b60000
[    2.473060] jesd204: created con: id=1, topo=0, link=2, /axi/spi@ff050000/hmc7044@0 <-> /fpga-axi@0/axi-adxcvr-rx@84a60000
[    2.484044] jesd204: created con: id=2, topo=0, link=0, /fpga-axi@0/axi-adxcvr-tx@84b60000 <-> /fpga-axi@0/axi-jesd204-tx@84b90000
[    2.495720] jesd204: created con: id=3, topo=0, link=2, /fpga-axi@0/axi-adxcvr-rx@84a60000 <-> /fpga-axi@0/axi-jesd204-rx@84a90000
[    2.507397] jesd204: created con: id=4, topo=0, link=0, /fpga-axi@0/axi-jesd204-tx@84b90000 <-> /fpga-axi@0/axi-ad9081-tx-hpc@84b10000
[    2.519425] jesd204: created con: id=5, topo=0, link=2, /fpga-axi@0/axi-jesd204-rx@84a90000 <-> /fpga-axi@0/axi-ad9081-rx-hpc@84a10000
[    2.531448] jesd204: created con: id=6, topo=0, link=2, /fpga-axi@0/axi-ad9081-rx-hpc@84a10000 <-> /axi/spi@ff040000/ad9081@0
[    2.542689] jesd204: created con: id=7, topo=0, link=0, /fpga-axi@0/axi-ad9081-tx-hpc@84b10000 <-> /axi/spi@ff040000/ad9081@0
[    2.553939] jesd204: /axi/spi@ff040000/ad9081@0: JESD204[2] transition uninitialized -> initialized
[    2.562925] jesd204: /axi/spi@ff040000/ad9081@0: JESD204[0] transition uninitialized -> initialized
[    2.571917] jesd204: found 8 devices and 1 topologies
[    2.576960] FPGA manager framework
[    2.580440] Advanced Linux Sound Architecture Driver Initialized.
[    2.586734] Bluetooth: Core ver 2.22
[    2.589920] NET: Registered protocol family 31
[    2.594321] Bluetooth: HCI device and connection manager initialized
[    2.600637] Bluetooth: HCI socket layer initialized
[    2.605480] Bluetooth: L2CAP socket layer initialized
[    2.610503] Bluetooth: SCO socket layer initialized
[    2.615691] clocksource: Switched to clocksource arch_sys_counter
[    2.621497] VFS: Disk quotas dquot_6.6.0
[    2.625331] VFS: Dquot-cache hash table entries: 512 (order 0, 4096 bytes)
[    2.636054] NET: Registered protocol family 2
[    2.636778] tcp_listen_portaddr_hash hash table entries: 2048 (order: 3, 32768 bytes, linear)
[    2.644971] TCP established hash table entries: 32768 (order: 6, 262144 bytes, linear)
[    2.652996] TCP bind hash table entries: 32768 (order: 7, 524288 bytes, linear)
[    2.660442] TCP: Hash tables configured (established 32768 bind 32768)
[    2.666614] UDP hash table entries: 2048 (order: 4, 65536 bytes, linear)
[    2.673281] UDP-Lite hash table entries: 2048 (order: 4, 65536 bytes, linear)
[    2.680442] NET: Registered protocol family 1
[    2.684899] RPC: Registered named UNIX socket transport module.
[    2.690519] RPC: Registered udp transport module.
[    2.695183] RPC: Registered tcp transport module.
[    2.699853] RPC: Registered tcp NFSv4.1 backchannel transport module.
[    2.706845] PCI: CLS 0 bytes, default 64
[    2.710551] hw perfevents: no interrupt-affinity property for /pmu, guessing.
[    2.717404] hw perfevents: enabled with armv8_pmuv3 PMU driver, 7 counters available
[    2.725757] Initialise system trusted keyrings
[    2.729431] workingset: timestamp_bits=62 max_order=20 bucket_order=0
[    2.736335] NFS: Registering the id_resolver key type
[    2.740781] Key type id_resolver registered
[    2.744921] Key type id_legacy registered
[    2.748911] nfs4filelayout_init: NFSv4 File Layout Driver Registering...
[    2.755576] jffs2: version 2.2. (NAND) (SUMMARY)  Â© 2001-2006 Red Hat, Inc.
[    2.798307] NET: Registered protocol family 38
[    2.798349] xor: measuring software checksum speed
[    2.806038]    8regs           :  2363 MB/sec
[    2.809706]    32regs          :  2799 MB/sec
[    2.814649]    arm64_neon      :  2380 MB/sec
[    2.814839] xor: using function: 32regs (2799 MB/sec)
[    2.819865] Key type asymmetric registered
[    2.823926] Asymmetric key parser 'x509' registered
[    2.828787] Block layer SCSI generic (bsg) driver version 0.4 loaded (major 248)
[    2.836124] io scheduler mq-deadline registered
[    2.840620] io scheduler kyber registered
[    2.870039] Serial: 8250/16550 driver, 4 ports, IRQ sharing disabled
[    2.874685] cacheinfo: Unable to detect cache hierarchy for CPU 0
[    2.881030] brd: module loaded
[    2.885164] loop: module loaded
[    2.885710] Registered mathworks_ip class
[    2.889055] libphy: Fixed MDIO Bus: probed
[    2.892047] tun: Universal TUN/TAP device driver, 1.6
[    2.896095] CAN device driver interface
[    2.900630] usbcore: registered new interface driver asix
[    2.905225] usbcore: registered new interface driver ax88179_178a
[    2.911259] usbcore: registered new interface driver cdc_ether
[    2.917053] usbcore: registered new interface driver net1080
[    2.922679] usbcore: registered new interface driver cdc_subset
[    2.928560] usbcore: registered new interface driver zaurus
[    2.934103] usbcore: registered new interface driver cdc_ncm
[    2.940507] ehci_hcd: USB 2.0 'Enhanced' Host Controller (EHCI) Driver
[    2.946189] ehci-pci: EHCI PCI platform driver
[    2.950986] usbcore: registered new interface driver uas
[    2.955904] usbcore: registered new interface driver usb-storage
[    2.961892] usbcore: registered new interface driver usbserial_generic
[    2.968343] usbserial: USB Serial support registered for generic
[    2.974316] usbcore: registered new interface driver ftdi_sio
[    2.980019] usbserial: USB Serial support registered for FTDI USB Serial Device
[    2.987296] usbcore: registered new interface driver upd78f0730
[    2.993166] usbserial: USB Serial support registered for upd78f0730
[    3.000826] rtc_zynqmp ffa60000.rtc: registered as rtc0
[    3.004592] rtc_zynqmp ffa60000.rtc: setting system clock to 2022-04-12T19:57:28 UTC (1649793448)
[    3.013454] i2c /dev entries driver
[    3.018768] usbcore: registered new interface driver uvcvideo
[    3.022567] USB Video Class driver (1.1.1)
[    3.028151] Bluetooth: HCI UART driver ver 2.3
[    3.031039] Bluetooth: HCI UART protocol H4 registered
[    3.036148] Bluetooth: HCI UART protocol BCSP registered
[    3.041437] Bluetooth: HCI UART protocol LL registered
[    3.046526] Bluetooth: HCI UART protocol ATH3K registered
[    3.051899] Bluetooth: HCI UART protocol Three-wire (H5) registered
[    3.058155] Bluetooth: HCI UART protocol Intel registered
[    3.063492] Bluetooth: HCI UART protocol QCA registered
[    3.068694] usbcore: registered new interface driver bcm203x
[    3.074315] usbcore: registered new interface driver bpa10x
[    3.079851] usbcore: registered new interface driver bfusb
[    3.085301] usbcore: registered new interface driver btusb
[    3.090763] usbcore: registered new interface driver ath3k
[    3.096246] EDAC MC: ECC not enabled
[    3.099874] EDAC DEVICE0: Giving out device to module zynqmp-ocm-edac controller zynqmp_ocm: DEV ff960000.memory-controller (INTERRUPT)
[    3.112188] sdhci: Secure Digital Host Controller Interface driver
[    3.117975] sdhci: Copyright(c) Pierre Ossman
[    3.122300] sdhci-pltfm: SDHCI platform and OF driver helper
[    3.128347] ledtrig-cpu: registered to indicate activity on CPUs
[    3.133905] SMCCC: SOC_ID: ARCH_SOC_ID not implemented, skipping ....
[    3.140337] zynqmp_firmware_probe Platform Management API v1.1
[    3.146091] zynqmp_firmware_probe Trustzone version v1.0
[    3.185651] zynqmp-pinctrl firmware:zynqmp-firmware:pinctrl: zynqmp pinctrl initialized
[    3.233647] zynqmp-aes firmware:zynqmp-firmware:zynqmp-aes: will run requests pump with realtime priority
[    3.249402] alg: No test for xilinx-keccak-384 (zynqmp-keccak-384)
[    3.250112] alg: No test for xilinx-zynqmp-rsa (zynqmp-rsa)
[    3.255626] usbcore: registered new interface driver usbhid
[    3.261014] usbhid: USB HID core driver
[    3.272251] axi_sysid 85000000.axi-sysid-0: AXI System ID core version (1.01.a) found
[    3.274603] axi_sysid 85000000.axi-sysid-0: [ad9081_fmca_ebz] on [zcu102] git branch <master> git <084d44c9780640ca93fd847b1d9ec70dd65f5c67> clean [2022-03-18 04:17:50] UTC
[    3.290289] fpga_manager fpga0: Xilinx ZynqMP FPGA Manager registered
[    3.296658] usbcore: registered new interface driver snd-usb-audio
[    3.304094] pktgen: Packet Generator for packet performance testing. Version: 2.75
[    3.310268] Initializing XFRM netlink socket
[    3.314135] NET: Registered protocol family 10
[    3.318848] Segment Routing with IPv6
[    3.322232] sit: IPv6, IPv4 and MPLS over IPv4 tunneling driver
[    3.328301] NET: Registered protocol family 17
[    3.332403] NET: Registered protocol family 15
[    3.336900] can: controller area network core
[    3.341155] NET: Registered protocol family 29
[    3.345544] can: raw protocol
[    3.348481] can: broadcast manager protocol
[    3.352637] can: netlink gateway - max_hops=1
[    3.357030] Bluetooth: RFCOMM TTY layer initialized
[    3.361810] Bluetooth: RFCOMM socket layer initialized
[    3.366920] Bluetooth: RFCOMM ver 1.11
[    3.370628] Bluetooth: BNEP (Ethernet Emulation) ver 1.3
[    3.375900] Bluetooth: BNEP filters: protocol multicast
[    3.381093] Bluetooth: BNEP socket layer initialized
[    3.386020] Bluetooth: HIDP (Human Interface Emulation) ver 1.2
[    3.391904] Bluetooth: HIDP socket layer initialized
[    3.396958] 9pnet: Installing 9P2000 support
[    3.401081] NET: Registered protocol family 36
[    3.405498] Key type dns_resolver registered
[    3.409934] registered taskstats version 1
[    3.413794] Loading compiled-in X.509 certificates
[    3.418910] Btrfs loaded, crc32c=crc32c-generic
[    3.431288] ff000000.serial: ttyPS0 at MMIO 0xff000000 (irq = 49, base_baud = 6249999) is a xuartps
[    3.440312] printk: console [ttyPS0] enabled
[    3.444608] printk: bootconsole [cdns0] disabled
[    3.454238] ff010000.serial: ttyPS1 at MMIO 0xff010000 (irq = 50, base_baud = 6249999) is a xuartps
[    3.467468] of-fpga-region fpga-full: FPGA Region probed
[    3.474431] nwl-pcie fd0e0000.pcie: host bridge /axi/pcie@fd0e0000 ranges:
[    3.481327] nwl-pcie fd0e0000.pcie:      MEM 0x00e0000000..0x00efffffff -> 0x00e0000000
[    3.489337] nwl-pcie fd0e0000.pcie:      MEM 0x0600000000..0x07ffffffff -> 0x0600000000
[    3.497400] nwl-pcie fd0e0000.pcie: Link is DOWN
[    3.502158] nwl-pcie fd0e0000.pcie: PCI host bridge to bus 0000:00
[    3.508336] pci_bus 0000:00: root bus resource [bus 00-ff]
[    3.513817] pci_bus 0000:00: root bus resource [mem 0xe0000000-0xefffffff]
[    3.520687] pci_bus 0000:00: root bus resource [mem 0x600000000-0x7ffffffff pref]
[    3.528190] pci 0000:00:00.0: [10ee:d021] type 01 class 0x060400
[    3.534248] pci 0000:00:00.0: PME# supported from D0 D1 D2 D3hot
[    3.544688] pci 0000:00:00.0: PCI bridge to [bus 01-0c]
[    3.550667] xilinx-zynqmp-dma fd500000.dma: ZynqMP DMA driver Probe success
[    3.557845] xilinx-zynqmp-dma fd510000.dma: ZynqMP DMA driver Probe success
[    3.565022] xilinx-zynqmp-dma fd520000.dma: ZynqMP DMA driver Probe success
[    3.572196] xilinx-zynqmp-dma fd530000.dma: ZynqMP DMA driver Probe success
[    3.579362] xilinx-zynqmp-dma fd540000.dma: ZynqMP DMA driver Probe success
[    3.586532] xilinx-zynqmp-dma fd550000.dma: ZynqMP DMA driver Probe success
[    3.593704] xilinx-zynqmp-dma fd560000.dma: ZynqMP DMA driver Probe success
[    3.600873] xilinx-zynqmp-dma fd570000.dma: ZynqMP DMA driver Probe success
[    3.608273] xilinx-zynqmp-dpdma fd4c0000.dma-controller: Xilinx DPDMA engine is probed
[    3.616825] ahci-ceva fd0c0000.ahci: supply ahci not found, using dummy regulator
[    3.624368] ahci-ceva fd0c0000.ahci: supply phy not found, using dummy regulator
[    3.711867] hmc7044 spi2.0: PLL1: Acquisition, CLKIN0 @ 122880000 Hz, PFD: 80 kHz - PLL2: Locked @ 3104.000000 MHz
[    3.722590] jesd204: /axi/spi@ff050000/hmc7044@0,jesd204:1,parent=spi2.0: Using as SYSREF provider
[    3.732180] spi-nor spi0.0: SPI-NOR-UniqueID 100000235394732200270025081115266e
[    3.739484] spi-nor spi0.0: found n25q512a, expected m25p80
[    3.745690] spi-nor spi0.0: trying to lock already unlocked area
[    3.751696] spi-nor spi0.0: n25q512a (131072 Kbytes)
[    3.756680] 4 fixed-partitions partitions found on MTD device spi0.0
[    3.763027] Creating 4 MTD partitions on "spi0.0":
[    3.767812] 0x000000000000-0x000000100000 : "qspi-fsbl-uboot"
[    3.774301] 0x000000100000-0x000000600000 : "qspi-linux"
[    3.780255] 0x000000600000-0x000000620000 : "qspi-device-tree"
[    3.786730] 0x000000620000-0x000000c00000 : "qspi-rootfs"
[    3.795195] macb ff0e0000.ethernet: Not enabling partial store and forward
[    3.802712] libphy: MACB_mii_bus: probed
[    3.807786] macb ff0e0000.ethernet eth0: Cadence GEM rev 0x50070106 at 0xff0e0000 irq 30 (00:0a:35:04:8e:1b)
[    3.817999] xilinx-axipmon ffa00000.perf-monitor: Probed Xilinx APM
[    3.824571] xilinx-axipmon fd0b0000.perf-monitor: Probed Xilinx APM
[    3.831081] xilinx-axipmon fd490000.perf-monitor: Probed Xilinx APM
[    3.837623] xilinx-axipmon ffa10000.perf-monitor: Probed Xilinx APM
[    3.847624] pca953x 0-0020: supply vcc not found, using dummy regulator
[    3.854311] pca953x 0-0020: using no AI
[    3.858799] gpio-496 (sel0): hogged as output/low
[    3.863702] gpio-497 (sel1): hogged as output/high
[    3.868689] gpio-498 (sel2): hogged as output/high
[    3.873674] gpio-499 (sel3): hogged as output/high
[    3.878845] pca953x 0-0021: supply vcc not found, using dummy regulator
[    3.885511] pca953x 0-0021: using no AI
[    3.891263] ina2xx 2-0040: power monitor ina226 (Rshunt = 5000 uOhm)
[    3.898290] ina2xx 2-0041: power monitor ina226 (Rshunt = 5000 uOhm)
[    3.905331] ina2xx 2-0042: power monitor ina226 (Rshunt = 5000 uOhm)
[    3.912365] ina2xx 2-0043: power monitor ina226 (Rshunt = 5000 uOhm)
[    3.919392] ina2xx 2-0044: power monitor ina226 (Rshunt = 5000 uOhm)
[    3.926419] ina2xx 2-0045: power monitor ina226 (Rshunt = 5000 uOhm)
[    3.933447] ina2xx 2-0046: power monitor ina226 (Rshunt = 5000 uOhm)
[    3.940524] ina2xx 2-0047: power monitor ina226 (Rshunt = 5000 uOhm)
[    3.947551] ina2xx 2-004a: power monitor ina226 (Rshunt = 5000 uOhm)
[    3.954594] ina2xx 2-004b: power monitor ina226 (Rshunt = 5000 uOhm)
[    3.961001] i2c i2c-0: Added multiplexed i2c bus 2
[    3.966382] random: fast init done
[    3.969851] ina2xx 3-0040: power monitor ina226 (Rshunt = 2000 uOhm)
[    3.976879] ina2xx 3-0041: power monitor ina226 (Rshunt = 5000 uOhm)
[    3.983903] ina2xx 3-0042: power monitor ina226 (Rshunt = 5000 uOhm)
[    3.990940] ina2xx 3-0043: power monitor ina226 (Rshunt = 5000 uOhm)
[    3.997962] ina2xx 3-0044: power monitor ina226 (Rshunt = 5000 uOhm)
[    4.004987] ina2xx 3-0045: power monitor ina226 (Rshunt = 5000 uOhm)
[    4.012018] ina2xx 3-0046: power monitor ina226 (Rshunt = 5000 uOhm)
[    4.019051] ina2xx 3-0047: power monitor ina226 (Rshunt = 5000 uOhm)
[    4.025452] i2c i2c-0: Added multiplexed i2c bus 3
[    4.081281] i2c i2c-0: Added multiplexed i2c bus 4
[    4.086214] i2c i2c-0: Added multiplexed i2c bus 5
[    4.091007] pca954x 0-0075: registered 4 multiplexed busses for I2C mux pca9544
[    4.098356] cdns-i2c ff020000.i2c: 400 kHz mmio ff020000 irq 32
[    4.106088] at24 6-0054: supply vcc not found, using dummy regulator
[    4.112985] at24 6-0054: 1024 byte 24c08 EEPROM, writable, 1 bytes/write
[    4.119738] i2c i2c-1: Added multiplexed i2c bus 6
[    4.126169] si5341 7-0036: Chip: 5341 Grade: 1 Rev: 1
[    4.163874] i2c i2c-1: Added multiplexed i2c bus 7
[    4.171526] si570 8-005d: registered, current frequency 300000000 Hz
[    4.177927] i2c i2c-1: Added multiplexed i2c bus 8
[    4.197711] si570 9-005d: registered, current frequency 148500000 Hz
[    4.204113] i2c i2c-1: Added multiplexed i2c bus 9
[    4.209143] si5324 10-0069: si5328 probed
[    4.276051] si5324 10-0069: si5328 probe successful
[    4.280977] i2c i2c-1: Added multiplexed i2c bus 10
[    4.286004] i2c i2c-1: Added multiplexed i2c bus 11
[    4.291031] i2c i2c-1: Added multiplexed i2c bus 12
[    4.296052] i2c i2c-1: Added multiplexed i2c bus 13
[    4.300932] pca954x 1-0074: registered 8 multiplexed busses for I2C switch pca9548
[    4.309040] at24 14-0050: supply vcc not found, using dummy regulator
[    4.315828] at24 14-0050: 256 byte 24c02 EEPROM, writable, 1 bytes/write
[    4.322577] i2c i2c-1: Added multiplexed i2c bus 14
[    4.327615] i2c i2c-1: Added multiplexed i2c bus 15
[    4.332649] i2c i2c-1: Added multiplexed i2c bus 16
[    4.337686] i2c i2c-1: Added multiplexed i2c bus 17
[    4.342720] i2c i2c-1: Added multiplexed i2c bus 18
[    4.347764] i2c i2c-1: Added multiplexed i2c bus 19
[    4.352804] i2c i2c-1: Added multiplexed i2c bus 20
[    4.357838] i2c i2c-1: Added multiplexed i2c bus 21
[    4.362716] pca954x 1-0075: registered 8 multiplexed busses for I2C switch pca9548
[    4.370325] cdns-i2c ff030000.i2c: 400 kHz mmio ff030000 irq 33
[    4.380068] cdns-wdt fd4d0000.watchdog: Xilinx Watchdog Timer with timeout 60s
[    4.389128] axi_adxcvr 84a60000.axi-adxcvr-rx: adxcvr_enforce_settings: Using QPLL without access, assuming desired Lane rate will be configured by a different instance
[    4.405771] axi_adxcvr 84a60000.axi-adxcvr-rx: AXI-ADXCVR-RX (17.05.a) using QPLL on GTH4 at 0x84A60000. Number of lanes: 4.
[    4.417933] axi_adxcvr 84b60000.axi-adxcvr-tx: AXI-ADXCVR-TX (17.05.a) using QPLL on GTH4 at 0x84B60000. Number of lanes: 4.
[    4.421876] mmc0: SDHCI controller on ff170000.mmc [ff170000.mmc] using ADMA 64-bit
[    4.437082] axi-jesd204-rx 84a90000.axi-jesd204-rx: AXI-JESD204-RX (1.07.a) at 0x84A90000. Encoder 8b10b, width 4/4, lanes 4, jesd204-fsm.
[    4.449918] axi-jesd204-tx 84b90000.axi-jesd204-tx: AXI-JESD204-TX (1.06.a) at 0x84B90000. Encoder 8b10b, width 4/4, lanes 4, jesd204-fsm.
[    4.463424] zynqmp-display fd4a0000.display: vtc bridge property not present
[    4.469455] mmc0: new high speed SDHC card at address 0001
[    4.473073] xilinx-dp-snd-codec fd4a0000.display:zynqmp_dp_snd_codec0: Failed to get required clock freq
[    4.476306] mmcblk0: mmc0:0001 EB1QT 29.8 GiB 
[    4.485434] xilinx-dp-snd-codec: probe of fd4a0000.display:zynqmp_dp_snd_codec0 failed with error -22
[    4.491089]  mmcblk0: p1 p2 p3
[    4.499421] xilinx-dp-snd-pcm zynqmp_dp_snd_pcm0: Xilinx DisplayPort Sound PCM probed
[    4.510282] xilinx-dp-snd-pcm zynqmp_dp_snd_pcm1: Xilinx DisplayPort Sound PCM probed
[    4.518489] OF: graph: no port node found in /axi/display@fd4a0000
[    4.524895] xlnx-drm xlnx-drm.0: bound fd4a0000.display (ops 0xffffffc010fcbdb8)
[    5.611706] zynqmp-display fd4a0000.display: [drm] Cannot find any crtc or sizes
[    5.619324] [drm] Initialized xlnx 1.0.0 20130509 for fd4a0000.display on minor 0
[    5.626812] zynqmp-display fd4a0000.display: ZynqMP DisplayPort Subsystem driver probed
[    5.635125] ahci-ceva fd0c0000.ahci: supply ahci not found, using dummy regulator
[    5.642671] ahci-ceva fd0c0000.ahci: supply phy not found, using dummy regulator
[    5.650125] ahci-ceva fd0c0000.ahci: supply target not found, using dummy regulator
[    5.657963] ahci-ceva fd0c0000.ahci: AHCI 0001.0301 32 slots 2 ports 6 Gbps 0x3 impl platform mode
[    5.666920] ahci-ceva fd0c0000.ahci: flags: 64bit ncq sntf pm clo only pmp fbs pio slum part ccc sds apst 
[    5.677612] scsi host0: ahci-ceva
[    5.681210] scsi host1: ahci-ceva
[    5.684637] ata1: SATA max UDMA/133 mmio [mem 0xfd0c0000-0xfd0c1fff] port 0x100 irq 45
[    5.692550] ata2: SATA max UDMA/133 mmio [mem 0xfd0c0000-0xfd0c1fff] port 0x180 irq 45
[    5.701150] ad9081 spi1.0: supply vdd not found, using dummy regulator
[    6.013909] ata2: SATA link down (SStatus 0 SControl 330)
[    6.019315] ata1: SATA link down (SStatus 0 SControl 330)
[    6.695709] zynqmp-display fd4a0000.display: [drm] Cannot find any crtc or sizes
[    7.499972] ad9081 spi1.0: AD9081 Rev. 2 Grade 10 (API 1.2.2) probed
[    7.507178] xhci-hcd xhci-hcd.1.auto: xHCI Host Controller
[    7.512671] xhci-hcd xhci-hcd.1.auto: new USB bus registered, assigned bus number 1
[    7.520417] xhci-hcd xhci-hcd.1.auto: hcc params 0x0238f625 hci version 0x100 quirks 0x0000000002010810
[    7.529830] xhci-hcd xhci-hcd.1.auto: irq 59, io mem 0xfe200000
[    7.535937] usb usb1: New USB device found, idVendor=1d6b, idProduct=0002, bcdDevice= 5.10
[    7.544196] usb usb1: New USB device strings: Mfr=3, Product=2, SerialNumber=1
[    7.551413] usb usb1: Product: xHCI Host Controller
[    7.556283] usb usb1: Manufacturer: Linux 5.10.0-98103-g2aa7ac113716 xhci-hcd
[    7.563409] usb usb1: SerialNumber: xhci-hcd.1.auto
[    7.568576] hub 1-0:1.0: USB hub found
[    7.572334] hub 1-0:1.0: 1 port detected
[    7.576437] xhci-hcd xhci-hcd.1.auto: xHCI Host Controller
[    7.581925] xhci-hcd xhci-hcd.1.auto: new USB bus registered, assigned bus number 2
[    7.589579] xhci-hcd xhci-hcd.1.auto: Host supports USB 3.0 SuperSpeed
[    7.596202] usb usb2: New USB device found, idVendor=1d6b, idProduct=0003, bcdDevice= 5.10
[    7.604462] usb usb2: New USB device strings: Mfr=3, Product=2, SerialNumber=1
[    7.611683] usb usb2: Product: xHCI Host Controller
[    7.616560] usb usb2: Manufacturer: Linux 5.10.0-98103-g2aa7ac113716 xhci-hcd
[    7.623691] usb usb2: SerialNumber: xhci-hcd.1.auto
[    7.628801] hub 2-0:1.0: USB hub found
[    7.632563] hub 2-0:1.0: 1 port detected
[    7.662669] cf_axi_adc 84a10000.axi-ad9081-rx-hpc: ADI AIM (10.01.b) at 0x84A10000 mapped to 0x(____ptrval____), probed ADC AD9081 as MASTER
[    7.696535] cf_axi_dds 84b10000.axi-ad9081-tx-hpc: Analog Devices CF_AXI_DDS_DDS MASTER (9.01.b) at 0x84B10000 mapped to 0x(____ptrval____), probed DDS AD9081
[    7.710732] jesd204: /axi/spi@ff040000/ad9081@0,jesd204:0,parent=spi1.0: JESD204[2] transition initialized -> probed
[    7.721254] jesd204: /axi/spi@ff040000/ad9081@0,jesd204:0,parent=spi1.0: JESD204[0] transition initialized -> probed
[    7.731778] jesd204: /axi/spi@ff040000/ad9081@0,jesd204:0,parent=spi1.0: JESD204[2] transition probed -> idle
[    7.741695] jesd204: /axi/spi@ff040000/ad9081@0,jesd204:0,parent=spi1.0: JESD204[0] transition probed -> idle
[    7.751609] jesd204: /axi/spi@ff040000/ad9081@0,jesd204:0,parent=spi1.0: JESD204[2] transition idle -> device_init
[    7.761953] jesd204: /axi/spi@ff040000/ad9081@0,jesd204:0,parent=spi1.0: JESD204[0] transition idle -> device_init
[    7.772304] jesd204: /axi/spi@ff040000/ad9081@0,jesd204:0,parent=spi1.0: JESD204[2] transition device_init -> link_init
[    7.783078] jesd204: /axi/spi@ff040000/ad9081@0,jesd204:0,parent=spi1.0: JESD204[0] transition device_init -> link_init
[    7.793871] jesd204: /axi/spi@ff040000/ad9081@0,jesd204:0,parent=spi1.0: JESD204[2] transition link_init -> link_supported
[    7.804910] jesd204: /axi/spi@ff040000/ad9081@0,jesd204:0,parent=spi1.0: JESD204[0] transition link_init -> link_supported
[    7.816313] hmc7044 spi2.0: hmc7044_jesd204_link_pre_setup: Link2 forcing continuous SYSREF mode
[    7.825536] jesd204: /axi/spi@ff040000/ad9081@0,jesd204:0,parent=spi1.0: JESD204[2] transition link_supported -> link_pre_setup
[    7.837010] jesd204: /axi/spi@ff040000/ad9081@0,jesd204:0,parent=spi1.0: JESD204[0] transition link_supported -> link_pre_setup
[    7.860819] jesd204: /axi/spi@ff040000/ad9081@0,jesd204:0,parent=spi1.0: JESD204[2] transition link_pre_setup -> clk_sync_stage1
[    7.872381] jesd204: /axi/spi@ff040000/ad9081@0,jesd204:0,parent=spi1.0: JESD204[0] transition link_pre_setup -> clk_sync_stage1
[    7.883943] jesd204: /axi/spi@ff040000/ad9081@0,jesd204:0,parent=spi1.0: JESD204[2] transition clk_sync_stage1 -> clk_sync_stage2
[    7.895589] jesd204: /axi/spi@ff040000/ad9081@0,jesd204:0,parent=spi1.0: JESD204[0] transition clk_sync_stage1 -> clk_sync_stage2
[    7.907248] jesd204: /axi/spi@ff040000/ad9081@0,jesd204:0,parent=spi1.0: JESD204[2] transition clk_sync_stage2 -> clk_sync_stage3
[    7.918895] jesd204: /axi/spi@ff040000/ad9081@0,jesd204:0,parent=spi1.0: JESD204[0] transition clk_sync_stage2 -> clk_sync_stage3
[    7.932630] jesd204: /axi/spi@ff040000/ad9081@0,jesd204:0,parent=spi1.0: JESD204[2] transition clk_sync_stage3 -> link_setup
[    7.943841] jesd204: /axi/spi@ff040000/ad9081@0,jesd204:0,parent=spi1.0: JESD204[0] transition clk_sync_stage3 -> link_setup
[    7.959893] jesd204: /axi/spi@ff040000/ad9081@0,jesd204:0,parent=spi1.0: JESD204[2] transition link_setup -> opt_setup_stage1
[    7.971194] jesd204: /axi/spi@ff040000/ad9081@0,jesd204:0,parent=spi1.0: JESD204[0] transition link_setup -> opt_setup_stage1
[    7.987689] jesd204: /axi/spi@ff040000/ad9081@0,jesd204:0,parent=spi1.0: JESD204[2] transition opt_setup_stage1 -> opt_setup_stage2
[    7.999507] jesd204: /axi/spi@ff040000/ad9081@0,jesd204:0,parent=spi1.0: JESD204[0] transition opt_setup_stage1 -> opt_setup_stage2
[    8.011481] jesd204: /axi/spi@ff040000/ad9081@0,jesd204:0,parent=spi1.0: JESD204[2] transition opt_setup_stage2 -> opt_setup_stage3
[    8.023300] jesd204: /axi/spi@ff040000/ad9081@0,jesd204:0,parent=spi1.0: JESD204[0] transition opt_setup_stage2 -> opt_setup_stage3
[    8.035124] jesd204: /axi/spi@ff040000/ad9081@0,jesd204:0,parent=spi1.0: JESD204[2] transition opt_setup_stage3 -> opt_setup_stage4
[    8.046942] jesd204: /axi/spi@ff040000/ad9081@0,jesd204:0,parent=spi1.0: JESD204[0] transition opt_setup_stage3 -> opt_setup_stage4
[    8.058770] jesd204: /axi/spi@ff040000/ad9081@0,jesd204:0,parent=spi1.0: JESD204[2] transition opt_setup_stage4 -> opt_setup_stage5
[    8.070593] jesd204: /axi/spi@ff040000/ad9081@0,jesd204:0,parent=spi1.0: JESD204[0] transition opt_setup_stage4 -> opt_setup_stage5
[    8.105672] axi_adxcvr 84a60000.axi-adxcvr-rx: adxcvr_clk_enable: QPLL RX buffer underflow error, status: 0x61
[    8.115660] axi_adxcvr 84a60000.axi-adxcvr-rx: adxcvr_clk_enable: QPLL RX buffer overflow error, status: 0x61
[    8.129682] jesd204: /axi/spi@ff040000/ad9081@0,jesd204:0,parent=spi1.0: JESD204[2] transition opt_setup_stage5 -> clocks_enable
[    8.141244] jesd204: /axi/spi@ff040000/ad9081@0,jesd204:0,parent=spi1.0: JESD204[0] transition opt_setup_stage5 -> clocks_enable
[    8.152865] jesd204: /axi/spi@ff040000/ad9081@0,jesd204:0,parent=spi1.0: JESD204[2] transition clocks_enable -> link_enable
[    8.163995] jesd204: /axi/spi@ff040000/ad9081@0,jesd204:0,parent=spi1.0: JESD204[0] transition clocks_enable -> link_enable
[    8.303693] axi-jesd204-rx 84a90000.axi-jesd204-rx: axi_jesd204_rx_jesd204_link_running: Link2 status failed (CGS)
[    8.314036] jesd204: /fpga-axi@0/axi-jesd204-rx@84a90000,jesd204:4,parent=84a90000.axi-jesd204-rx: JESD204[2] In link_running got error from cb: -1 (ignoring!)
[    8.423926] ad9081 spi1.0: JESD RX (JTX) Link2 in CGS, SYNC asserted, PLL locked, PHASE established, MODE valid
[    8.434013] jesd204: /axi/spi@ff040000/ad9081@0,jesd204:0,parent=spi1.0: JESD204[2] In link_running got error from cb: -1 (ignoring!)
[    8.446249] ad9081 spi1.0: JESD TX (JRX) Link0 0xF lanes in DATA
[    8.452260] jesd204: /axi/spi@ff040000/ad9081@0,jesd204:0,parent=spi1.0: JESD204[2] transition link_enable -> link_running
[    8.463296] jesd204: /axi/spi@ff040000/ad9081@0,jesd204:0,parent=spi1.0: JESD204[0] transition link_enable -> link_running
[    8.474342] jesd204: /axi/spi@ff040000/ad9081@0,jesd204:0,parent=spi1.0: JESD204[2] transition link_running -> opt_post_running_stage
[    8.486334] jesd204: /axi/spi@ff040000/ad9081@0,jesd204:0,parent=spi1.0: JESD204[0] transition link_running -> opt_post_running_stage
[    8.507548] input: gpio-keys as /devices/platform/gpio-keys/input/input0
[    8.514567] of_cfs_init
[    8.517039] of_cfs_init: OK
[    8.519974] cfg80211: Loading compiled-in X.509 certificates for regulatory database
[    8.658047] cfg80211: Loaded X.509 cert 'sforshee: 00b28ddf47aef9cea7'
[    8.664582] clk: Not disabling unused clocks
[    8.669106] ALSA device list:
[    8.672070]   No soundcards found.
[    8.675744] platform regulatory.0: Direct firmware load for regulatory.db failed with error -2
[    8.684361] cfg80211: failed to load regulatory.db
[    8.686401] EXT4-fs (mmcblk0p2): mounted filesystem with ordered data mode. Opts: (null)
[    8.697258] VFS: Mounted root (ext4 filesystem) on device 179:2.
[    8.710397] devtmpfs: mounted
[    8.714215] Freeing unused kernel memory: 2560K
[    8.727740] Run /sbin/init as init process
[    8.731833]   with arguments:
[    8.731836]     /sbin/init
[    8.731838]   with environment:
[    8.731840]     HOME=/
[    8.731843]     TERM=linux
[    9.297030] systemd[1]: systemd 241 running in system mode. (+PAM +AUDIT +SELINUX +IMA +APPARMOR +SMACK +SYSVINIT +UTMP +LIBCRYPTSETUP +GCRYPT +GNUTLS +ACL +XZ +LZ4 +SECCOMP +BLKID +ELFUTILS +KMOD -IDN2 +IDN -PCRE2 default-hierarchy=hybrid)
[    9.318941] systemd[1]: Detected architecture arm64.
[    9.340401] systemd[1]: Set hostname to <analog>.
[    9.517403] systemd[1]: File /lib/systemd/system/systemd-journald.service:12 configures an IP firewall (IPAddressDeny=any), but the local system does not support BPF/cgroup based firewalling.
[    9.534452] systemd[1]: Proceeding WITHOUT firewalling in effect! (This warning is only shown for the first loaded unit using IP firewalling.)
[    9.697378] systemd[1]: /etc/systemd/system/tof-server.service:1: Assignment outside of section. Ignoring.
[    9.707073] systemd[1]: /etc/systemd/system/tof-server.service:2: Assignment outside of section. Ignoring.
[    9.889362] random: systemd: uninitialized urandom read (16 bytes read)
[    9.904026] random: systemd: uninitialized urandom read (16 bytes read)
[    9.911227] systemd[1]: Created slice system-getty.slice.
[    9.931806] systemd[1]: Condition check resulted in Arbitrary Executable File Formats File System Automount Point being skipped.
[    9.943414] random: systemd: uninitialized urandom read (16 bytes read)
[    9.950347] systemd[1]: Listening on Syslog Socket.
[   10.724735] EXT4-fs (mmcblk0p2): re-mounted. Opts: (null)
[   10.932433] systemd-journald[147]: Received request to flush runtime journal from PID 1
[   15.982870] random: crng init done
[   15.982880] random: 7 urandom warning(s) missed due to ratelimiting
[   16.772396] macb ff0e0000.ethernet eth0: PHY [ff0e0000.ethernet-ffffffff:0c] driver [TI DP83867] (irq=POLL)
[   16.772409] macb ff0e0000.ethernet eth0: configuring for phy/rgmii-id link mode
[   17.087709] Adding 102396k swap on /var/swap.  Priority:-2 extents:4 across:9953604k SS
[   19.638336] broken atomic modeset userspace detected, disabling atomic
[   19.841333] macb ff0e0000.ethernet eth0: Link is Up - 1Gbps/Full - flow control off
[   19.841357] IPv6: ADDRCONF(NETDEV_CHANGE): eth0: link becomes ready
[   22.302316] broken atomic modeset userspace detected, disabling atomic
[   25.212139] broken atomic modeset userspace detected, disabling atomic
[   27.851923] broken atomic modeset userspace detected, disabling atomic