[    0.000000] Booting Linux on physical CPU 0x0000000000 [0x410fd034]
[    0.000000] Linux version 5.10.0-98103-g2aa7ac113716 (jenkins@romlxbuild1.adlk.analog.com) (aarch64-xilinx-linux-gcc.real (GCC) 10.2.0, GNU ld (GNU Binutils) 2.35.0.20200730) #5577 SMP Wed Mar 23 07:28:49 GMT 2022
[    0.000000] Machine model: ZynqMP ZCU102 Rev1.0
[    0.000000] earlycon: cdns0 at MMIO 0x00000000ff000000 (options '115200n8')
[    0.000000] printk: bootconsole [cdns0] enabled
[    0.000000] efi: UEFI not found.
[    0.000000] cma: Reserved 256 MiB at 0x0000000070000000
[    0.000000] Zone ranges:
[    0.000000]   DMA      [mem 0x0000000000000000-0x000000003fffffff]
[    0.000000]   DMA32    [mem 0x0000000040000000-0x00000000ffffffff]
[    0.000000]   Normal   [mem 0x0000000100000000-0x000000087fffffff]
[    0.000000] Movable zone start for each node
[    0.000000] Early memory node ranges
[    0.000000]   node   0: [mem 0x0000000000000000-0x000000007fffffff]
[    0.000000]   node   0: [mem 0x0000000800000000-0x000000087fffffff]
[    0.000000] Initmem setup node 0 [mem 0x0000000000000000-0x000000087fffffff]
[    0.000000] On node 0 totalpages: 1048576
[    0.000000]   DMA zone: 3584 pages used for memmap
[    0.000000]   DMA zone: 0 pages reserved
[    0.000000]   DMA zone: 262144 pages, LIFO batch:63
[    0.000000]   DMA32 zone: 3584 pages used for memmap
[    0.000000]   DMA32 zone: 262144 pages, LIFO batch:63
[    0.000000]   Normal zone: 7168 pages used for memmap
[    0.000000]   Normal zone: 524288 pages, LIFO batch:63
[    0.000000] psci: probing for conduit method from DT.
[    0.000000] psci: PSCIv1.1 detected in firmware.
[    0.000000] psci: Using standard PSCI v0.2 function IDs
[    0.000000] psci: MIGRATE_INFO_TYPE not supported.
[    0.000000] psci: SMC Calling Convention v1.2
[    0.000000] percpu: Embedded 22 pages/cpu s49496 r8192 d32424 u90112
[    0.000000] pcpu-alloc: s49496 r8192 d32424 u90112 alloc=22*4096
[    0.000000] pcpu-alloc: [0] 0 [0] 1 [0] 2 [0] 3 
[    0.000000] Detected VIPT I-cache on CPU0
[    0.000000] CPU features: detected: ARM erratum 845719
[    0.000000] Built 1 zonelists, mobility grouping on.  Total pages: 1034240
[    0.000000] Kernel command line: console=ttyPS0,115200 root=/dev/mmcblk0p2 rw earlycon rootfstype=ext4 rootwait clk_ignore_unused cpuidle.off=1 root=/dev/mmcblk0p2 rw rootwait
[    0.000000] Dentry cache hash table entries: 524288 (order: 10, 4194304 bytes, linear)
[    0.000000] Inode-cache hash table entries: 262144 (order: 9, 2097152 bytes, linear)
[    0.000000] mem auto-init: stack:off, heap alloc:off, heap free:off
[    0.000000] software IO TLB: mapped [mem 0x000000003bfff000-0x000000003ffff000] (64MB)
[    0.000000] Memory: 3761904K/4194304K available (15296K kernel code, 1636K rwdata, 11876K rodata, 2560K init, 507K bss, 170256K reserved, 262144K cma-reserved)
[    0.000000] rcu: Hierarchical RCU implementation.
[    0.000000] rcu: 	RCU event tracing is enabled.
[    0.000000] rcu: 	RCU restricting CPUs from NR_CPUS=8 to nr_cpu_ids=4.
[    0.000000] rcu: RCU calculated value of scheduler-enlistment delay is 25 jiffies.
[    0.000000] rcu: Adjusting geometry for rcu_fanout_leaf=16, nr_cpu_ids=4
[    0.000000] NR_IRQS: 64, nr_irqs: 64, preallocated irqs: 0
[    0.000000] GIC: Adjusting CPU interface base to 0x00000000f902f000
[    0.000000] GIC: Using split EOI/Deactivate mode
[    0.000000] random: get_random_bytes called from start_kernel+0x31c/0x54c with crng_init=0
[    0.000000] arch_timer: cp15 timer(s) running at 100.00MHz (phys).
[    0.000000] clocksource: arch_sys_counter: mask: 0xffffffffffffff max_cycles: 0x171024e7e0, max_idle_ns: 440795205315 ns
[    0.000003] sched_clock: 56 bits at 100MHz, resolution 10ns, wraps every 4398046511100ns
[    0.008465] Console: colour dummy device 80x25
[    0.012483] Calibrating delay loop (skipped), value calculated using timer frequency.. 200.00 BogoMIPS (lpj=400000)
[    0.022840] pid_max: default: 32768 minimum: 301
[    0.027549] Mount-cache hash table entries: 8192 (order: 4, 65536 bytes, linear)
[    0.034789] Mountpoint-cache hash table entries: 8192 (order: 4, 65536 bytes, linear)
[    0.043398] rcu: Hierarchical SRCU implementation.
[    0.047561] EFI services will not be available.
[    0.051938] smp: Bringing up secondary CPUs ...
[    0.056660] Detected VIPT I-cache on CPU1
[    0.056697] CPU1: Booted secondary processor 0x0000000001 [0x410fd034]
[    0.057063] Detected VIPT I-cache on CPU2
[    0.057087] CPU2: Booted secondary processor 0x0000000002 [0x410fd034]
[    0.057430] Detected VIPT I-cache on CPU3
[    0.057453] CPU3: Booted secondary processor 0x0000000003 [0x410fd034]
[    0.057499] smp: Brought up 1 node, 4 CPUs
[    0.091780] SMP: Total of 4 processors activated.
[    0.096452] CPU features: detected: 32-bit EL0 Support
[    0.101555] CPU features: detected: CRC32 instructions
[    0.106695] CPU: All CPU(s) started at EL2
[    0.110736] alternatives: patching kernel code
[    0.116170] devtmpfs: initialized
[    0.124065] Registered cp15_barrier emulation handler
[    0.124117] Registered setend emulation handler
[    0.128092] clocksource: jiffies: mask: 0xffffffff max_cycles: 0xffffffff, max_idle_ns: 7645041785100000 ns
[    0.137670] futex hash table entries: 1024 (order: 4, 65536 bytes, linear)
[    0.151034] pinctrl core: initialized pinctrl subsystem
[    0.151679] NET: Registered protocol family 16
[    0.156105] DMA: preallocated 512 KiB GFP_KERNEL pool for atomic allocations
[    0.162117] DMA: preallocated 512 KiB GFP_KERNEL|GFP_DMA pool for atomic allocations
[    0.169845] DMA: preallocated 512 KiB GFP_KERNEL|GFP_DMA32 pool for atomic allocations
[    0.177645] audit: initializing netlink subsys (disabled)
[    0.183095] audit: type=2000 audit(0.116:1): state=initialized audit_enabled=0 res=1
[    0.183440] hw-breakpoint: found 6 breakpoint and 4 watchpoint registers.
[    0.197471] ASID allocator initialised with 65536 entries
[    0.224335] HugeTLB registered 1.00 GiB page size, pre-allocated 0 pages
[    0.225395] HugeTLB registered 32.0 MiB page size, pre-allocated 0 pages
[    0.232065] HugeTLB registered 2.00 MiB page size, pre-allocated 0 pages
[    0.238725] HugeTLB registered 64.0 KiB page size, pre-allocated 0 pages
[    1.304325] DRBG: Continuing without Jitter RNG
[    1.382123] raid6: neonx8   gen()  2140 MB/s
[    1.450171] raid6: neonx8   xor()  1599 MB/s
[    1.518232] raid6: neonx4   gen()  2200 MB/s
[    1.586277] raid6: neonx4   xor()  1567 MB/s
[    1.654350] raid6: neonx2   gen()  2076 MB/s
[    1.722395] raid6: neonx2   xor()  1443 MB/s
[    1.790457] raid6: neonx1   gen()  1772 MB/s
[    1.858503] raid6: neonx1   xor()  1220 MB/s
[    1.926562] raid6: int64x8  gen()  1438 MB/s
[    1.994618] raid6: int64x8  xor()   771 MB/s
[    2.062696] raid6: int64x4  gen()  1599 MB/s
[    2.130735] raid6: int64x4  xor()   818 MB/s
[    2.198810] raid6: int64x2  gen()  1396 MB/s
[    2.266856] raid6: int64x2  xor()   750 MB/s
[    2.334944] raid6: int64x1  gen()  1034 MB/s
[    2.402993] raid6: int64x1  xor()   517 MB/s
[    2.403032] raid6: using algorithm neonx4 gen() 2200 MB/s
[    2.406987] raid6: .... xor() 1567 MB/s, rmw enabled
[    2.411917] raid6: using neon recovery algorithm
[    2.416927] iommu: Default domain type: Translated 
[    2.421543] SCSI subsystem initialized
[    2.425087] libata version 3.00 loaded.
[    2.425210] usbcore: registered new interface driver usbfs
[    2.430543] usbcore: registered new interface driver hub
[    2.435817] usbcore: registered new device driver usb
[    2.440951] mc: Linux media interface: v0.10
[    2.445065] videodev: Linux video capture interface: v2.00
[    2.450557] EDAC MC: Ver: 3.0.0
[    2.454000] zynqmp-ipi-mbox mailbox@ff990400: Registered ZynqMP IPI mbox with TX/RX channels.
[    2.462516] jesd204: created con: id=0, topo=0, link=0, /axi/spi@ff050000/hmc7044@0 <-> /fpga-axi@0/axi-adxcvr-tx@84b60000
[    2.473086] jesd204: created con: id=1, topo=0, link=2, /axi/spi@ff050000/hmc7044@0 <-> /fpga-axi@0/axi-adxcvr-rx@84a60000
[    2.484070] jesd204: created con: id=2, topo=0, link=0, /fpga-axi@0/axi-adxcvr-tx@84b60000 <-> /fpga-axi@0/axi-jesd204-tx@84b90000
[    2.495746] jesd204: created con: id=3, topo=0, link=2, /fpga-axi@0/axi-adxcvr-rx@84a60000 <-> /fpga-axi@0/axi-jesd204-rx@84a90000
[    2.507423] jesd204: created con: id=4, topo=0, link=0, /fpga-axi@0/axi-jesd204-tx@84b90000 <-> /fpga-axi@0/axi-ad9081-tx-hpc@84b10000
[    2.519451] jesd204: created con: id=5, topo=0, link=2, /fpga-axi@0/axi-jesd204-rx@84a90000 <-> /fpga-axi@0/axi-ad9081-rx-hpc@84a10000
[    2.531473] jesd204: created con: id=6, topo=0, link=2, /fpga-axi@0/axi-ad9081-rx-hpc@84a10000 <-> /axi/spi@ff040000/ad9081@0
[    2.542715] jesd204: created con: id=7, topo=0, link=0, /fpga-axi@0/axi-ad9081-tx-hpc@84b10000 <-> /axi/spi@ff040000/ad9081@0
[    2.553964] jesd204: /axi/spi@ff040000/ad9081@0: JESD204[2] transition uninitialized -> initialized
[    2.562951] jesd204: /axi/spi@ff040000/ad9081@0: JESD204[0] transition uninitialized -> initialized
[    2.571943] jesd204: found 8 devices and 1 topologies
[    2.576986] FPGA manager framework
[    2.580464] Advanced Linux Sound Architecture Driver Initialized.
[    2.586760] Bluetooth: Core ver 2.22
[    2.589946] NET: Registered protocol family 31
[    2.594347] Bluetooth: HCI device and connection manager initialized
[    2.600664] Bluetooth: HCI socket layer initialized
[    2.605505] Bluetooth: L2CAP socket layer initialized
[    2.610530] Bluetooth: SCO socket layer initialized
[    2.615714] clocksource: Switched to clocksource arch_sys_counter
[    2.621522] VFS: Disk quotas dquot_6.6.0
[    2.625356] VFS: Dquot-cache hash table entries: 512 (order 0, 4096 bytes)
[    2.636074] NET: Registered protocol family 2
[    2.636800] tcp_listen_portaddr_hash hash table entries: 2048 (order: 3, 32768 bytes, linear)
[    2.644997] TCP established hash table entries: 32768 (order: 6, 262144 bytes, linear)
[    2.653022] TCP bind hash table entries: 32768 (order: 7, 524288 bytes, linear)
[    2.660467] TCP: Hash tables configured (established 32768 bind 32768)
[    2.666640] UDP hash table entries: 2048 (order: 4, 65536 bytes, linear)
[    2.673307] UDP-Lite hash table entries: 2048 (order: 4, 65536 bytes, linear)
[    2.680468] NET: Registered protocol family 1
[    2.684922] RPC: Registered named UNIX socket transport module.
[    2.690545] RPC: Registered udp transport module.
[    2.695209] RPC: Registered tcp transport module.
[    2.699878] RPC: Registered tcp NFSv4.1 backchannel transport module.
[    2.706871] PCI: CLS 0 bytes, default 64
[    2.710573] hw perfevents: no interrupt-affinity property for /pmu, guessing.
[    2.717432] hw perfevents: enabled with armv8_pmuv3 PMU driver, 7 counters available
[    2.725785] Initialise system trusted keyrings
[    2.729458] workingset: timestamp_bits=62 max_order=20 bucket_order=0
[    2.736362] NFS: Registering the id_resolver key type
[    2.740811] Key type id_resolver registered
[    2.744946] Key type id_legacy registered
[    2.748936] nfs4filelayout_init: NFSv4 File Layout Driver Registering...
[    2.755602] jffs2: version 2.2. (NAND) (SUMMARY)  Â© 2001-2006 Red Hat, Inc.
[    2.798684] NET: Registered protocol family 38
[    2.798727] xor: measuring software checksum speed
[    2.806418]    8regs           :  2363 MB/sec
[    2.810087]    32regs          :  2799 MB/sec
[    2.815029]    arm64_neon      :  2380 MB/sec
[    2.815219] xor: using function: 32regs (2799 MB/sec)
[    2.820246] Key type asymmetric registered
[    2.824307] Asymmetric key parser 'x509' registered
[    2.829168] Block layer SCSI generic (bsg) driver version 0.4 loaded (major 248)
[    2.836505] io scheduler mq-deadline registered
[    2.841001] io scheduler kyber registered
[    2.870403] Serial: 8250/16550 driver, 4 ports, IRQ sharing disabled
[    2.875052] cacheinfo: Unable to detect cache hierarchy for CPU 0
[    2.881395] brd: module loaded
[    2.885535] loop: module loaded
[    2.886080] Registered mathworks_ip class
[    2.889421] libphy: Fixed MDIO Bus: probed
[    2.892410] tun: Universal TUN/TAP device driver, 1.6
[    2.896457] CAN device driver interface
[    2.900994] usbcore: registered new interface driver asix
[    2.905589] usbcore: registered new interface driver ax88179_178a
[    2.911622] usbcore: registered new interface driver cdc_ether
[    2.917416] usbcore: registered new interface driver net1080
[    2.923043] usbcore: registered new interface driver cdc_subset
[    2.928923] usbcore: registered new interface driver zaurus
[    2.934466] usbcore: registered new interface driver cdc_ncm
[    2.940870] ehci_hcd: USB 2.0 'Enhanced' Host Controller (EHCI) Driver
[    2.946551] ehci-pci: EHCI PCI platform driver
[    2.951348] usbcore: registered new interface driver uas
[    2.956266] usbcore: registered new interface driver usb-storage
[    2.962255] usbcore: registered new interface driver usbserial_generic
[    2.968706] usbserial: USB Serial support registered for generic
[    2.974679] usbcore: registered new interface driver ftdi_sio
[    2.980382] usbserial: USB Serial support registered for FTDI USB Serial Device
[    2.987659] usbcore: registered new interface driver upd78f0730
[    2.993530] usbserial: USB Serial support registered for upd78f0730
[    3.001183] rtc_zynqmp ffa60000.rtc: registered as rtc0
[    3.004955] rtc_zynqmp ffa60000.rtc: setting system clock to 2022-04-12T20:38:47 UTC (1649795927)
[    3.013818] i2c /dev entries driver
[    3.019132] usbcore: registered new interface driver uvcvideo
[    3.022931] USB Video Class driver (1.1.1)
[    3.028515] Bluetooth: HCI UART driver ver 2.3
[    3.031402] Bluetooth: HCI UART protocol H4 registered
[    3.036511] Bluetooth: HCI UART protocol BCSP registered
[    3.041801] Bluetooth: HCI UART protocol LL registered
[    3.046889] Bluetooth: HCI UART protocol ATH3K registered
[    3.052263] Bluetooth: HCI UART protocol Three-wire (H5) registered
[    3.058518] Bluetooth: HCI UART protocol Intel registered
[    3.063856] Bluetooth: HCI UART protocol QCA registered
[    3.069058] usbcore: registered new interface driver bcm203x
[    3.074678] usbcore: registered new interface driver bpa10x
[    3.080214] usbcore: registered new interface driver bfusb
[    3.085665] usbcore: registered new interface driver btusb
[    3.091126] usbcore: registered new interface driver ath3k
[    3.096611] EDAC MC: ECC not enabled
[    3.100235] EDAC DEVICE0: Giving out device to module zynqmp-ocm-edac controller zynqmp_ocm: DEV ff960000.memory-controller (INTERRUPT)
[    3.112551] sdhci: Secure Digital Host Controller Interface driver
[    3.118338] sdhci: Copyright(c) Pierre Ossman
[    3.122663] sdhci-pltfm: SDHCI platform and OF driver helper
[    3.128710] ledtrig-cpu: registered to indicate activity on CPUs
[    3.134268] SMCCC: SOC_ID: ARCH_SOC_ID not implemented, skipping ....
[    3.140696] zynqmp_firmware_probe Platform Management API v1.1
[    3.146454] zynqmp_firmware_probe Trustzone version v1.0
[    3.185986] zynqmp-pinctrl firmware:zynqmp-firmware:pinctrl: zynqmp pinctrl initialized
[    3.234008] zynqmp-aes firmware:zynqmp-firmware:zynqmp-aes: will run requests pump with realtime priority
[    3.249834] alg: No test for xilinx-keccak-384 (zynqmp-keccak-384)
[    3.250542] alg: No test for xilinx-zynqmp-rsa (zynqmp-rsa)
[    3.256056] usbcore: registered new interface driver usbhid
[    3.261446] usbhid: USB HID core driver
[    3.272686] axi_sysid 85000000.axi-sysid-0: AXI System ID core version (1.01.a) found
[    3.275036] axi_sysid 85000000.axi-sysid-0: [ad9081_fmca_ebz] on [zcu102] git branch <master> git <084d44c9780640ca93fd847b1d9ec70dd65f5c67> clean [2022-03-18 04:17:50] UTC
[    3.290722] fpga_manager fpga0: Xilinx ZynqMP FPGA Manager registered
[    3.297078] usbcore: registered new interface driver snd-usb-audio
[    3.304533] pktgen: Packet Generator for packet performance testing. Version: 2.75
[    3.310711] Initializing XFRM netlink socket
[    3.314567] NET: Registered protocol family 10
[    3.319281] Segment Routing with IPv6
[    3.322665] sit: IPv6, IPv4 and MPLS over IPv4 tunneling driver
[    3.328736] NET: Registered protocol family 17
[    3.332840] NET: Registered protocol family 15
[    3.337334] can: controller area network core
[    3.341589] NET: Registered protocol family 29
[    3.345977] can: raw protocol
[    3.348913] can: broadcast manager protocol
[    3.353068] can: netlink gateway - max_hops=1
[    3.357462] Bluetooth: RFCOMM TTY layer initialized
[    3.362242] Bluetooth: RFCOMM socket layer initialized
[    3.367353] Bluetooth: RFCOMM ver 1.11
[    3.371061] Bluetooth: BNEP (Ethernet Emulation) ver 1.3
[    3.376332] Bluetooth: BNEP filters: protocol multicast
[    3.381526] Bluetooth: BNEP socket layer initialized
[    3.386453] Bluetooth: HIDP (Human Interface Emulation) ver 1.2
[    3.392336] Bluetooth: HIDP socket layer initialized
[    3.397391] 9pnet: Installing 9P2000 support
[    3.401514] NET: Registered protocol family 36
[    3.405931] Key type dns_resolver registered
[    3.410362] registered taskstats version 1
[    3.414227] Loading compiled-in X.509 certificates
[    3.419342] Btrfs loaded, crc32c=crc32c-generic
[    3.431762] ff000000.serial: ttyPS0 at MMIO 0xff000000 (irq = 49, base_baud = 6249999) is a xuartps
[    3.440788] printk: console [ttyPS0] enabled
[    3.445083] printk: bootconsole [cdns0] disabled
[    3.454716] ff010000.serial: ttyPS1 at MMIO 0xff010000 (irq = 50, base_baud = 6249999) is a xuartps
[    3.467954] of-fpga-region fpga-full: FPGA Region probed
[    3.474906] nwl-pcie fd0e0000.pcie: host bridge /axi/pcie@fd0e0000 ranges:
[    3.481804] nwl-pcie fd0e0000.pcie:      MEM 0x00e0000000..0x00efffffff -> 0x00e0000000
[    3.489813] nwl-pcie fd0e0000.pcie:      MEM 0x0600000000..0x07ffffffff -> 0x0600000000
[    3.497876] nwl-pcie fd0e0000.pcie: Link is DOWN
[    3.502633] nwl-pcie fd0e0000.pcie: PCI host bridge to bus 0000:00
[    3.508811] pci_bus 0000:00: root bus resource [bus 00-ff]
[    3.514292] pci_bus 0000:00: root bus resource [mem 0xe0000000-0xefffffff]
[    3.521163] pci_bus 0000:00: root bus resource [mem 0x600000000-0x7ffffffff pref]
[    3.528666] pci 0000:00:00.0: [10ee:d021] type 01 class 0x060400
[    3.534724] pci 0000:00:00.0: PME# supported from D0 D1 D2 D3hot
[    3.545172] pci 0000:00:00.0: PCI bridge to [bus 01-0c]
[    3.551150] xilinx-zynqmp-dma fd500000.dma: ZynqMP DMA driver Probe success
[    3.558328] xilinx-zynqmp-dma fd510000.dma: ZynqMP DMA driver Probe success
[    3.565506] xilinx-zynqmp-dma fd520000.dma: ZynqMP DMA driver Probe success
[    3.572681] xilinx-zynqmp-dma fd530000.dma: ZynqMP DMA driver Probe success
[    3.579854] xilinx-zynqmp-dma fd540000.dma: ZynqMP DMA driver Probe success
[    3.587026] xilinx-zynqmp-dma fd550000.dma: ZynqMP DMA driver Probe success
[    3.594198] xilinx-zynqmp-dma fd560000.dma: ZynqMP DMA driver Probe success
[    3.601366] xilinx-zynqmp-dma fd570000.dma: ZynqMP DMA driver Probe success
[    3.608766] xilinx-zynqmp-dpdma fd4c0000.dma-controller: Xilinx DPDMA engine is probed
[    3.617312] ahci-ceva fd0c0000.ahci: supply ahci not found, using dummy regulator
[    3.624853] ahci-ceva fd0c0000.ahci: supply phy not found, using dummy regulator
[    3.715882] hmc7044 spi2.0: PLL1: Acquisition, CLKIN0 @ 122880000 Hz, PFD: 80 kHz - PLL2: Locked @ 2890.000000 MHz
[    3.726596] jesd204: /axi/spi@ff050000/hmc7044@0,jesd204:1,parent=spi2.0: Using as SYSREF provider
[    3.736180] spi-nor spi0.0: SPI-NOR-UniqueID 100000235394732200270025081115266e
[    3.743483] spi-nor spi0.0: found n25q512a, expected m25p80
[    3.749686] spi-nor spi0.0: trying to lock already unlocked area
[    3.755685] spi-nor spi0.0: n25q512a (131072 Kbytes)
[    3.760664] 4 fixed-partitions partitions found on MTD device spi0.0
[    3.767009] Creating 4 MTD partitions on "spi0.0":
[    3.771794] 0x000000000000-0x000000100000 : "qspi-fsbl-uboot"
[    3.778279] 0x000000100000-0x000000600000 : "qspi-linux"
[    3.784243] 0x000000600000-0x000000620000 : "qspi-device-tree"
[    3.790719] 0x000000620000-0x000000c00000 : "qspi-rootfs"
[    3.799188] macb ff0e0000.ethernet: Not enabling partial store and forward
[    3.806706] libphy: MACB_mii_bus: probed
[    3.811775] macb ff0e0000.ethernet eth0: Cadence GEM rev 0x50070106 at 0xff0e0000 irq 30 (00:0a:35:04:8e:1b)
[    3.821985] xilinx-axipmon ffa00000.perf-monitor: Probed Xilinx APM
[    3.828564] xilinx-axipmon fd0b0000.perf-monitor: Probed Xilinx APM
[    3.835083] xilinx-axipmon fd490000.perf-monitor: Probed Xilinx APM
[    3.841625] xilinx-axipmon ffa10000.perf-monitor: Probed Xilinx APM
[    3.851636] pca953x 0-0020: supply vcc not found, using dummy regulator
[    3.858322] pca953x 0-0020: using no AI
[    3.862808] gpio-496 (sel0): hogged as output/low
[    3.867725] gpio-497 (sel1): hogged as output/high
[    3.872710] gpio-498 (sel2): hogged as output/high
[    3.877700] gpio-499 (sel3): hogged as output/high
[    3.882871] pca953x 0-0021: supply vcc not found, using dummy regulator
[    3.889539] pca953x 0-0021: using no AI
[    3.895300] ina2xx 2-0040: power monitor ina226 (Rshunt = 5000 uOhm)
[    3.902325] ina2xx 2-0041: power monitor ina226 (Rshunt = 5000 uOhm)
[    3.909367] ina2xx 2-0042: power monitor ina226 (Rshunt = 5000 uOhm)
[    3.916400] ina2xx 2-0043: power monitor ina226 (Rshunt = 5000 uOhm)
[    3.923425] ina2xx 2-0044: power monitor ina226 (Rshunt = 5000 uOhm)
[    3.930444] ina2xx 2-0045: power monitor ina226 (Rshunt = 5000 uOhm)
[    3.937473] ina2xx 2-0046: power monitor ina226 (Rshunt = 5000 uOhm)
[    3.944550] ina2xx 2-0047: power monitor ina226 (Rshunt = 5000 uOhm)
[    3.951576] ina2xx 2-004a: power monitor ina226 (Rshunt = 5000 uOhm)
[    3.958618] ina2xx 2-004b: power monitor ina226 (Rshunt = 5000 uOhm)
[    3.965026] i2c i2c-0: Added multiplexed i2c bus 2
[    3.970411] random: fast init done
[    3.973885] ina2xx 3-0040: power monitor ina226 (Rshunt = 2000 uOhm)
[    3.980911] ina2xx 3-0041: power monitor ina226 (Rshunt = 5000 uOhm)
[    3.987936] ina2xx 3-0042: power monitor ina226 (Rshunt = 5000 uOhm)
[    3.994973] ina2xx 3-0043: power monitor ina226 (Rshunt = 5000 uOhm)
[    4.001995] ina2xx 3-0044: power monitor ina226 (Rshunt = 5000 uOhm)
[    4.009023] ina2xx 3-0045: power monitor ina226 (Rshunt = 5000 uOhm)
[    4.016054] ina2xx 3-0046: power monitor ina226 (Rshunt = 5000 uOhm)
[    4.023085] ina2xx 3-0047: power monitor ina226 (Rshunt = 5000 uOhm)
[    4.029487] i2c i2c-0: Added multiplexed i2c bus 3
[    4.085480] i2c i2c-0: Added multiplexed i2c bus 4
[    4.090415] i2c i2c-0: Added multiplexed i2c bus 5
[    4.095206] pca954x 0-0075: registered 4 multiplexed busses for I2C mux pca9544
[    4.102556] cdns-i2c ff020000.i2c: 400 kHz mmio ff020000 irq 32
[    4.110290] at24 6-0054: supply vcc not found, using dummy regulator
[    4.117195] at24 6-0054: 1024 byte 24c08 EEPROM, writable, 1 bytes/write
[    4.123943] i2c i2c-1: Added multiplexed i2c bus 6
[    4.130374] si5341 7-0036: Chip: 5341 Grade: 1 Rev: 1
[    4.168045] i2c i2c-1: Added multiplexed i2c bus 7
[    4.175688] si570 8-005d: registered, current frequency 300000000 Hz
[    4.182090] i2c i2c-1: Added multiplexed i2c bus 8
[    4.201878] si570 9-005d: registered, current frequency 148500000 Hz
[    4.208278] i2c i2c-1: Added multiplexed i2c bus 9
[    4.213318] si5324 10-0069: si5328 probed
[    4.280073] si5324 10-0069: si5328 probe successful
[    4.285002] i2c i2c-1: Added multiplexed i2c bus 10
[    4.290028] i2c i2c-1: Added multiplexed i2c bus 11
[    4.295053] i2c i2c-1: Added multiplexed i2c bus 12
[    4.300076] i2c i2c-1: Added multiplexed i2c bus 13
[    4.304949] pca954x 1-0074: registered 8 multiplexed busses for I2C switch pca9548
[    4.313060] at24 14-0050: supply vcc not found, using dummy regulator
[    4.319854] at24 14-0050: 256 byte 24c02 EEPROM, writable, 1 bytes/write
[    4.326601] i2c i2c-1: Added multiplexed i2c bus 14
[    4.331642] i2c i2c-1: Added multiplexed i2c bus 15
[    4.336675] i2c i2c-1: Added multiplexed i2c bus 16
[    4.341711] i2c i2c-1: Added multiplexed i2c bus 17
[    4.346743] i2c i2c-1: Added multiplexed i2c bus 18
[    4.351788] i2c i2c-1: Added multiplexed i2c bus 19
[    4.356830] i2c i2c-1: Added multiplexed i2c bus 20
[    4.361867] i2c i2c-1: Added multiplexed i2c bus 21
[    4.366741] pca954x 1-0075: registered 8 multiplexed busses for I2C switch pca9548
[    4.374350] cdns-i2c ff030000.i2c: 400 kHz mmio ff030000 irq 33
[    4.384092] cdns-wdt fd4d0000.watchdog: Xilinx Watchdog Timer with timeout 60s
[    4.393147] axi_adxcvr 84a60000.axi-adxcvr-rx: adxcvr_enforce_settings: Using QPLL without access, assuming desired Lane rate will be configured by a different instance
[    4.409787] axi_adxcvr 84a60000.axi-adxcvr-rx: AXI-ADXCVR-RX (17.05.a) using QPLL on GTH4 at 0x84A60000. Number of lanes: 4.
[    4.421949] axi_adxcvr 84b60000.axi-adxcvr-tx: AXI-ADXCVR-TX (17.05.a) using QPLL on GTH4 at 0x84B60000. Number of lanes: 4.
[    4.425902] mmc0: SDHCI controller on ff170000.mmc [ff170000.mmc] using ADMA 64-bit
[    4.441095] axi-jesd204-rx 84a90000.axi-jesd204-rx: AXI-JESD204-RX (1.07.a) at 0x84A90000. Encoder 8b10b, width 4/4, lanes 4, jesd204-fsm.
[    4.453933] axi-jesd204-tx 84b90000.axi-jesd204-tx: AXI-JESD204-TX (1.06.a) at 0x84B90000. Encoder 8b10b, width 4/4, lanes 4, jesd204-fsm.
[    4.467440] zynqmp-display fd4a0000.display: vtc bridge property not present
[    4.473477] mmc0: new high speed SDHC card at address 0001
[    4.477095] xilinx-dp-snd-codec fd4a0000.display:zynqmp_dp_snd_codec0: Failed to get required clock freq
[    4.480325] mmcblk0: mmc0:0001 EB1QT 29.8 GiB 
[    4.489452] xilinx-dp-snd-codec: probe of fd4a0000.display:zynqmp_dp_snd_codec0 failed with error -22
[    4.495104]  mmcblk0: p1 p2 p3
[    4.503439] xilinx-dp-snd-pcm zynqmp_dp_snd_pcm0: Xilinx DisplayPort Sound PCM probed
[    4.514295] xilinx-dp-snd-pcm zynqmp_dp_snd_pcm1: Xilinx DisplayPort Sound PCM probed
[    4.522505] OF: graph: no port node found in /axi/display@fd4a0000
[    4.528914] xlnx-drm xlnx-drm.0: bound fd4a0000.display (ops 0xffffffc010fcbdb8)
[    5.615729] zynqmp-display fd4a0000.display: [drm] Cannot find any crtc or sizes
[    5.623341] [drm] Initialized xlnx 1.0.0 20130509 for fd4a0000.display on minor 0
[    5.630829] zynqmp-display fd4a0000.display: ZynqMP DisplayPort Subsystem driver probed
[    5.639143] ahci-ceva fd0c0000.ahci: supply ahci not found, using dummy regulator
[    5.646687] ahci-ceva fd0c0000.ahci: supply phy not found, using dummy regulator
[    5.654143] ahci-ceva fd0c0000.ahci: supply target not found, using dummy regulator
[    5.672037] ahci-ceva fd0c0000.ahci: AHCI 0001.0301 32 slots 2 ports 6 Gbps 0x3 impl platform mode
[    5.680993] ahci-ceva fd0c0000.ahci: flags: 64bit ncq sntf pm clo only pmp fbs pio slum part ccc sds apst 
[    5.691612] scsi host0: ahci-ceva
[    5.695216] scsi host1: ahci-ceva
[    5.698649] ata1: SATA max UDMA/133 mmio [mem 0xfd0c0000-0xfd0c1fff] port 0x100 irq 45
[    5.706558] ata2: SATA max UDMA/133 mmio [mem 0xfd0c0000-0xfd0c1fff] port 0x180 irq 45
[    5.715165] ad9081 spi1.0: supply vdd not found, using dummy regulator
[    6.025946] ata2: SATA link down (SStatus 0 SControl 330)
[    6.031352] ata1: SATA link down (SStatus 0 SControl 330)
[    6.699732] zynqmp-display fd4a0000.display: [drm] Cannot find any crtc or sizes
[    6.873434] ad9081 spi1.0: Invalid param passed., "ref_clk_hz < 100000000ULL" in adi_ad9081_device_clk_config_set(...), line554 in drivers/iio/adc/ad9081/adi_ad9081_device.c
[    7.557389] ad9081 spi1.0: AD9081 Rev. 2 Grade 10 (API 1.2.2) probed
[    7.564599] xhci-hcd xhci-hcd.1.auto: xHCI Host Controller
[    7.570096] xhci-hcd xhci-hcd.1.auto: new USB bus registered, assigned bus number 1
[    7.577842] xhci-hcd xhci-hcd.1.auto: hcc params 0x0238f625 hci version 0x100 quirks 0x0000000002010810
[    7.587255] xhci-hcd xhci-hcd.1.auto: irq 59, io mem 0xfe200000
[    7.593363] usb usb1: New USB device found, idVendor=1d6b, idProduct=0002, bcdDevice= 5.10
[    7.601624] usb usb1: New USB device strings: Mfr=3, Product=2, SerialNumber=1
[    7.608840] usb usb1: Product: xHCI Host Controller
[    7.613707] usb usb1: Manufacturer: Linux 5.10.0-98103-g2aa7ac113716 xhci-hcd
[    7.620838] usb usb1: SerialNumber: xhci-hcd.1.auto
[    7.626010] hub 1-0:1.0: USB hub found
[    7.629779] hub 1-0:1.0: 1 port detected
[    7.633889] xhci-hcd xhci-hcd.1.auto: xHCI Host Controller
[    7.639374] xhci-hcd xhci-hcd.1.auto: new USB bus registered, assigned bus number 2
[    7.647028] xhci-hcd xhci-hcd.1.auto: Host supports USB 3.0 SuperSpeed
[    7.653649] usb usb2: New USB device found, idVendor=1d6b, idProduct=0003, bcdDevice= 5.10
[    7.661911] usb usb2: New USB device strings: Mfr=3, Product=2, SerialNumber=1
[    7.669132] usb usb2: Product: xHCI Host Controller
[    7.673999] usb usb2: Manufacturer: Linux 5.10.0-98103-g2aa7ac113716 xhci-hcd
[    7.681125] usb usb2: SerialNumber: xhci-hcd.1.auto
[    7.686235] hub 2-0:1.0: USB hub found
[    7.689995] hub 2-0:1.0: 1 port detected
[    7.720055] cf_axi_adc 84a10000.axi-ad9081-rx-hpc: ADI AIM (10.01.b) at 0x84A10000 mapped to 0x(____ptrval____), probed ADC AD9081 as MASTER
[    7.752553] cf_axi_dds 84b10000.axi-ad9081-tx-hpc: Analog Devices CF_AXI_DDS_DDS MASTER (9.01.b) at 0x84B10000 mapped to 0x(____ptrval____), probed DDS AD9081
[    7.766747] jesd204: /axi/spi@ff040000/ad9081@0,jesd204:0,parent=spi1.0: JESD204[2] transition initialized -> probed
[    7.777264] jesd204: /axi/spi@ff040000/ad9081@0,jesd204:0,parent=spi1.0: JESD204[0] transition initialized -> probed
[    7.787788] jesd204: /axi/spi@ff040000/ad9081@0,jesd204:0,parent=spi1.0: JESD204[2] transition probed -> idle
[    7.797695] jesd204: /axi/spi@ff040000/ad9081@0,jesd204:0,parent=spi1.0: JESD204[0] transition probed -> idle
[    7.807610] jesd204: /axi/spi@ff040000/ad9081@0,jesd204:0,parent=spi1.0: JESD204[2] transition idle -> device_init
[    7.817954] jesd204: /axi/spi@ff040000/ad9081@0,jesd204:0,parent=spi1.0: JESD204[0] transition idle -> device_init
[    7.828305] jesd204: /axi/spi@ff040000/ad9081@0,jesd204:0,parent=spi1.0: JESD204[2] transition device_init -> link_init
[    7.839083] jesd204: /axi/spi@ff040000/ad9081@0,jesd204:0,parent=spi1.0: JESD204[0] transition device_init -> link_init
[    7.849874] jesd204: /axi/spi@ff040000/ad9081@0,jesd204:0,parent=spi1.0: JESD204[2] transition link_init -> link_supported
[    7.860911] jesd204: /axi/spi@ff040000/ad9081@0,jesd204:0,parent=spi1.0: JESD204[0] transition link_init -> link_supported
[    7.872321] hmc7044 spi2.0: hmc7044_jesd204_link_pre_setup: Link2 forcing continuous SYSREF mode
[    7.881531] jesd204: /axi/spi@ff040000/ad9081@0,jesd204:0,parent=spi1.0: JESD204[2] transition link_supported -> link_pre_setup
[    7.893003] jesd204: /axi/spi@ff040000/ad9081@0,jesd204:0,parent=spi1.0: JESD204[0] transition link_supported -> link_pre_setup
[    7.916891] jesd204: /axi/spi@ff040000/ad9081@0,jesd204:0,parent=spi1.0: JESD204[2] transition link_pre_setup -> clk_sync_stage1
[    7.928452] jesd204: /axi/spi@ff040000/ad9081@0,jesd204:0,parent=spi1.0: JESD204[0] transition link_pre_setup -> clk_sync_stage1
[    7.940016] jesd204: /axi/spi@ff040000/ad9081@0,jesd204:0,parent=spi1.0: JESD204[2] transition clk_sync_stage1 -> clk_sync_stage2
[    7.951661] jesd204: /axi/spi@ff040000/ad9081@0,jesd204:0,parent=spi1.0: JESD204[0] transition clk_sync_stage1 -> clk_sync_stage2
[    7.963312] jesd204: /axi/spi@ff040000/ad9081@0,jesd204:0,parent=spi1.0: JESD204[2] transition clk_sync_stage2 -> clk_sync_stage3
[    7.974956] jesd204: /axi/spi@ff040000/ad9081@0,jesd204:0,parent=spi1.0: JESD204[0] transition clk_sync_stage2 -> clk_sync_stage3
[    7.988629] jesd204: /axi/spi@ff040000/ad9081@0,jesd204:0,parent=spi1.0: JESD204[2] transition clk_sync_stage3 -> link_setup
[    7.999847] jesd204: /axi/spi@ff040000/ad9081@0,jesd204:0,parent=spi1.0: JESD204[0] transition clk_sync_stage3 -> link_setup
[    8.015783] jesd204: /axi/spi@ff040000/ad9081@0,jesd204:0,parent=spi1.0: JESD204[2] transition link_setup -> opt_setup_stage1
[    8.027083] jesd204: /axi/spi@ff040000/ad9081@0,jesd204:0,parent=spi1.0: JESD204[0] transition link_setup -> opt_setup_stage1
[    8.043409] jesd204: /axi/spi@ff040000/ad9081@0,jesd204:0,parent=spi1.0: JESD204[2] transition opt_setup_stage1 -> opt_setup_stage2
[    8.055233] jesd204: /axi/spi@ff040000/ad9081@0,jesd204:0,parent=spi1.0: JESD204[0] transition opt_setup_stage1 -> opt_setup_stage2
[    8.067203] jesd204: /axi/spi@ff040000/ad9081@0,jesd204:0,parent=spi1.0: JESD204[2] transition opt_setup_stage2 -> opt_setup_stage3
[    8.079024] jesd204: /axi/spi@ff040000/ad9081@0,jesd204:0,parent=spi1.0: JESD204[0] transition opt_setup_stage2 -> opt_setup_stage3
[    8.090848] jesd204: /axi/spi@ff040000/ad9081@0,jesd204:0,parent=spi1.0: JESD204[2] transition opt_setup_stage3 -> opt_setup_stage4
[    8.102671] jesd204: /axi/spi@ff040000/ad9081@0,jesd204:0,parent=spi1.0: JESD204[0] transition opt_setup_stage3 -> opt_setup_stage4
[    8.114495] jesd204: /axi/spi@ff040000/ad9081@0,jesd204:0,parent=spi1.0: JESD204[2] transition opt_setup_stage4 -> opt_setup_stage5
[    8.126324] jesd204: /axi/spi@ff040000/ad9081@0,jesd204:0,parent=spi1.0: JESD204[0] transition opt_setup_stage4 -> opt_setup_stage5
[    8.144259] jesd204: /axi/spi@ff040000/ad9081@0,jesd204:0,parent=spi1.0: JESD204[2] transition opt_setup_stage5 -> clocks_enable
[    8.155824] jesd204: /axi/spi@ff040000/ad9081@0,jesd204:0,parent=spi1.0: JESD204[0] transition opt_setup_stage5 -> clocks_enable
[    8.167444] jesd204: /axi/spi@ff040000/ad9081@0,jesd204:0,parent=spi1.0: JESD204[2] transition clocks_enable -> link_enable
[    8.178577] jesd204: /axi/spi@ff040000/ad9081@0,jesd204:0,parent=spi1.0: JESD204[0] transition clocks_enable -> link_enable
[    8.211953] ad9081 spi1.0: JESD RX (JTX) Link2 in DATA, SYNC deasserted, PLL locked, PHASE established, MODE valid
[    8.222561] ad9081 spi1.0: JESD TX (JRX) Link0 0xF lanes in DATA
[    8.228572] jesd204: /axi/spi@ff040000/ad9081@0,jesd204:0,parent=spi1.0: JESD204[2] transition link_enable -> link_running
[    8.239610] jesd204: /axi/spi@ff040000/ad9081@0,jesd204:0,parent=spi1.0: JESD204[0] transition link_enable -> link_running
[    8.250660] jesd204: /axi/spi@ff040000/ad9081@0,jesd204:0,parent=spi1.0: JESD204[2] transition link_running -> opt_post_running_stage
[    8.262657] jesd204: /axi/spi@ff040000/ad9081@0,jesd204:0,parent=spi1.0: JESD204[0] transition link_running -> opt_post_running_stage
[    8.283881] input: gpio-keys as /devices/platform/gpio-keys/input/input0
[    8.290891] of_cfs_init
[    8.293354] of_cfs_init: OK
[    8.296291] cfg80211: Loading compiled-in X.509 certificates for regulatory database
[    8.434370] cfg80211: Loaded X.509 cert 'sforshee: 00b28ddf47aef9cea7'
[    8.440902] clk: Not disabling unused clocks
[    8.445432] ALSA device list:
[    8.448394]   No soundcards found.
[    8.452062] platform regulatory.0: Direct firmware load for regulatory.db failed with error -2
[    8.460674] cfg80211: failed to load regulatory.db
[    8.480133] EXT4-fs (mmcblk0p2): mounted filesystem with ordered data mode. Opts: (null)
[    8.488244] VFS: Mounted root (ext4 filesystem) on device 179:2.
[    8.501393] devtmpfs: mounted
[    8.505213] Freeing unused kernel memory: 2560K
[    8.509838] Run /sbin/init as init process
[    8.513930]   with arguments:
[    8.513933]     /sbin/init
[    8.513935]   with environment:
[    8.513938]     HOME=/
[    8.513940]     TERM=linux
[    9.079614] systemd[1]: systemd 241 running in system mode. (+PAM +AUDIT +SELINUX +IMA +APPARMOR +SMACK +SYSVINIT +UTMP +LIBCRYPTSETUP +GCRYPT +GNUTLS +ACL +XZ +LZ4 +SECCOMP +BLKID +ELFUTILS +KMOD -IDN2 +IDN -PCRE2 default-hierarchy=hybrid)
[    9.101489] systemd[1]: Detected architecture arm64.
[    9.124421] systemd[1]: Set hostname to <analog>.
[    9.323745] systemd[1]: File /lib/systemd/system/systemd-journald.service:12 configures an IP firewall (IPAddressDeny=any), but the local system does not support BPF/cgroup based firewalling.
[    9.340829] systemd[1]: Proceeding WITHOUT firewalling in effect! (This warning is only shown for the first loaded unit using IP firewalling.)
[    9.504516] systemd[1]: /etc/systemd/system/tof-server.service:1: Assignment outside of section. Ignoring.
[    9.514237] systemd[1]: /etc/systemd/system/tof-server.service:2: Assignment outside of section. Ignoring.
[    9.697449] random: systemd: uninitialized urandom read (16 bytes read)
[    9.712141] random: systemd: uninitialized urandom read (16 bytes read)
[    9.718945] systemd[1]: Listening on initctl Compatibility Named Pipe.
[    9.739793] random: systemd: uninitialized urandom read (16 bytes read)
[    9.746984] systemd[1]: Created slice system-serial\x2dgetty.slice.
[    9.767810] systemd[1]: Condition check resulted in Arbitrary Executable File Formats File System Automount Point being skipped.
[   10.357779] ------------[ cut here ]------------
[   10.357788] Enabling unprepared \xa0\xe9Q\x88\xff\xff\xffpQ\x88\xff\xff\xff
[   10.357839] WARNING: CPU: 3 PID: 132 at drivers/clk/clk.c:1012 clk_core_enable+0xa4/0xc0
[   10.357842] Modules linked in:
[   10.357852] CPU: 3 PID: 132 Comm: kworker/3:1H Not tainted 5.10.0-98103-g2aa7ac113716 #5577
[   10.357855] Hardware name: ZynqMP ZCU102 Rev1.0 (DT)
[   10.357864] Workqueue: kblockd blk_mq_run_work_fn
[   10.357872] pstate: 80000085 (Nzcv daIf -PAN -UAO -TCO BTYPE=--)
[   10.357877] pc : clk_core_enable+0xa4/0xc0
[   10.357883] lr : clk_core_enable+0xa4/0xc0
[   10.357886] sp : ffffffc012b6b2d0
[   10.357888] x29: ffffffc012b6b2d0 x28: ffffff8800330c10 
[   10.357895] x27: ffffff8800330d48 x26: 0000005000000101 
[   10.357902] x25: 00000002636dc530 x24: 0000000000000001 
[   10.357909] x23: ffffff88010e9380 x22: ffffff8801083220 
[   10.357916] x21: ffffff8801517000 x20: ffffff8801517008 
[   10.357922] x19: ffffff8801517008 x18: 0000000000000030 
[   10.357929] x17: 00000f702c2e3c92 x16: 000000000000001b 
[   10.357935] x15: ffffffffffff8818 x14: ffffffc011d3b1a0 
[   10.357942] x13: ffffffc011d3b1c8 x12: 00000000000005eb 
[   10.357948] x11: 00000000000001f9 x10: ffffffc011d671c8 
[   10.357955] x9 : 00000000fffff800 x8 : ffffffc011d3b1c8 
[   10.357962] x7 : ffffffc011d671c8 x6 : 0000000000000001 
[   10.357968] x5 : ffffff887f7a89e0 x4 : 0000000000000000 
[   10.357975] x3 : 0000000000000027 x2 : 0000000000000023 
[   10.357981] x1 : 19a9bc6c55e66c00 x0 : 0000000000000000 
[   10.357987] Call trace:
[   10.357994]  clk_core_enable+0xa4/0xc0
[   10.357999]  clk_enable+0x2c/0x60
[   10.358005]  zynqmp_runtime_resume+0x24/0x84
[   10.358012]  pm_generic_runtime_resume+0x30/0x50
[   10.358019]  __genpd_runtime_resume+0x30/0xb0
[   10.358025]  genpd_runtime_resume+0x90/0x250
[   10.358030]  __rpm_callback+0x10c/0x1e0
[   10.358036]  rpm_callback+0x5c/0x84
[   10.358041]  rpm_resume+0x4a4/0x74c
[   10.358046]  __pm_runtime_resume+0x78/0xc4
[   10.358050]  spi_mem_access_start.isra.0+0x30/0x80
[   10.358055]  spi_mem_exec_op+0x3b0/0x424
[   10.358060]  spi_nor_read_sr+0x78/0xe0
[   10.358065]  spi_nor_wait_till_ready_with_timeout+0xb4/0x2f0
[   10.358069]  spi_nor_read+0x188/0x380
[   10.358074]  mtd_read_oob_std+0x78/0x84
[   10.358079]  mtd_read_oob+0x7c/0x134
[   10.358083]  mtd_read+0x48/0x7c
[   10.358089]  mtdblock_readsect+0x6c/0x150
[   10.358094]  mtd_queue_rq+0x2cc/0x5a0
[   10.358101]  blk_mq_dispatch_rq_list+0x110/0x790
[   10.358107]  __blk_mq_do_dispatch_sched+0x200/0x274
[   10.358112]  __blk_mq_sched_dispatch_requests+0x1a8/0x1fc
[   10.358117]  blk_mq_sched_dispatch_requests+0x3c/0x7c
[   10.358122]  __blk_mq_run_hw_queue+0x98/0x100
[   10.358127]  blk_mq_run_work_fn+0x24/0x30
[   10.358133]  process_one_work+0x1d4/0x380
[   10.358137]  worker_thread+0x78/0x4e0
[   10.358143]  kthread+0x124/0x130
[   10.358148]  ret_from_fork+0x10/0x3c
[   10.358152] ---[ end trace d8400f08ec44f235 ]---
[   10.358166] zynqmp-qspi ff0f0000.spi: Cannot enable APB clock.
[   10.358219] spi_master spi0: Failed to power device: -108
[   10.358229] blk_update_request: I/O error, dev mtdblock0, sector 8 op 0x0:(READ) flags 0x80700 phys_seg 1 prio class 0
[   10.358305] spi_master spi0: Failed to power device: -22
[   10.358312] blk_update_request: I/O error, dev mtdblock0, sector 8 op 0x0:(READ) flags 0x0 phys_seg 8 prio class 0
[   10.358318] Buffer I/O error on dev mtdblock0, logical block 8, async page read
[   10.358327] spi_master spi0: Failed to power device: -22
[   10.358333] blk_update_request: I/O error, dev mtdblock0, sector 9 op 0x0:(READ) flags 0x0 phys_seg 7 prio class 0
[   10.358337] Buffer I/O error on dev mtdblock0, logical block 9, async page read
[   10.358344] spi_master spi0: Failed to power device: -22
[   10.358350] blk_update_request: I/O error, dev mtdblock0, sector 10 op 0x0:(READ) flags 0x0 phys_seg 6 prio class 0
[   10.358354] Buffer I/O error on dev mtdblock0, logical block 10, async page read
[   10.358361] spi_master spi0: Failed to power device: -22
[   10.358366] blk_update_request: I/O error, dev mtdblock0, sector 11 op 0x0:(READ) flags 0x0 phys_seg 5 prio class 0
[   10.358370] Buffer I/O error on dev mtdblock0, logical block 11, async page read
[   10.358377] spi_master spi0: Failed to power device: -22
[   10.358383] blk_update_request: I/O error, dev mtdblock0, sector 12 op 0x0:(READ) flags 0x0 phys_seg 4 prio class 0
[   10.358386] Buffer I/O error on dev mtdblock0, logical block 12, async page read
[   10.358393] spi_master spi0: Failed to power device: -22
[   10.358399] blk_update_request: I/O error, dev mtdblock0, sector 13 op 0x0:(READ) flags 0x0 phys_seg 3 prio class 0
[   10.358403] Buffer I/O error on dev mtdblock0, logical block 13, async page read
[   10.358409] spi_master spi0: Failed to power device: -22
[   10.358415] blk_update_request: I/O error, dev mtdblock0, sector 14 op 0x0:(READ) flags 0x0 phys_seg 2 prio class 0
[   10.358419] Buffer I/O error on dev mtdblock0, logical block 14, async page read
[   10.358425] spi_master spi0: Failed to power device: -22
[   10.358431] blk_update_request: I/O error, dev mtdblock0, sector 15 op 0x0:(READ) flags 0x0 phys_seg 1 prio class 0
[   10.358434] Buffer I/O error on dev mtdblock0, logical block 15, async page read
[   10.358777] spi_master spi0: Failed to power device: -22
[   10.358784] blk_update_request: I/O error, dev mtdblock1, sector 10112 op 0x0:(READ) flags 0x80700 phys_seg 1 prio class 0
[   10.358828] spi_master spi0: Failed to power device: -22
[   10.358834] Buffer I/O error on dev mtdblock1, logical block 10112, async page read
[   10.358842] spi_master spi0: Failed to power device: -22
[   10.358847] Buffer I/O error on dev mtdblock1, logical block 10113, async page read
[   10.358854] spi_master spi0: Failed to power device: -22
[   10.358861] spi_master spi0: Failed to power device: -22
[   10.358869] spi_master spi0: Failed to power device: -22
[   10.358876] spi_master spi0: Failed to power device: -22
[   10.358883] spi_master spi0: Failed to power device: -22
[   10.358890] spi_master spi0: Failed to power device: -22
[   10.359125] spi_master spi0: Failed to power device: -22
[   10.359169] spi_master spi0: Failed to power device: -22
[   10.359178] spi_master spi0: Failed to power device: -22
[   10.359186] spi_master spi0: Failed to power device: -22
[   10.359194] spi_master spi0: Failed to power device: -22
[   10.359201] spi_master spi0: Failed to power device: -22
[   10.359208] spi_master spi0: Failed to power device: -22
[   10.359216] spi_master spi0: Failed to power device: -22
[   10.359222] spi_master spi0: Failed to power device: -22
[   10.359497] spi_master spi0: Failed to power device: -22
[   10.359540] spi_master spi0: Failed to power device: -22
[   10.359549] spi_master spi0: Failed to power device: -22
[   10.359557] spi_master spi0: Failed to power device: -22
[   10.359565] spi_master spi0: Failed to power device: -22
[   10.359573] spi_master spi0: Failed to power device: -22
[   10.359580] spi_master spi0: Failed to power device: -22
[   10.359587] spi_master spi0: Failed to power device: -22
[   10.359594] spi_master spi0: Failed to power device: -22
[   10.483217] EXT4-fs (mmcblk0p2): re-mounted. Opts: (null)
[   10.571737] systemd-journald[158]: Received request to flush runtime journal from PID 1
[   16.589610] macb ff0e0000.ethernet eth0: PHY [ff0e0000.ethernet-ffffffff:0c] driver [TI DP83867] (irq=POLL)
[   16.589623] macb ff0e0000.ethernet eth0: configuring for phy/rgmii-id link mode
[   16.875764] Adding 102396k swap on /var/swap.  Priority:-2 extents:4 across:9953604k SS
[   18.563739] random: crng init done
[   18.563750] random: 7 urandom warning(s) missed due to ratelimiting
[   19.418055] broken atomic modeset userspace detected, disabling atomic
[   20.673349] macb ff0e0000.ethernet eth0: Link is Up - 1Gbps/Full - flow control off
[   20.673375] IPv6: ADDRCONF(NETDEV_CHANGE): eth0: link becomes ready
[   22.079958] broken atomic modeset userspace detected, disabling atomic
[   24.994484] broken atomic modeset userspace detected, disabling atomic
[   27.621629] broken atomic modeset userspace detected, disabling atomic